W/NetworkManagementSocketTagger(  492): setKernelCountSet(10087, 1) failed with errno -13
I/dalvikvm( 6995): ignoring registerObject request in thread=1
I/dalvikvm( 6995): ignoring registerObject request in thread=1
I/dalvikvm( 6995): Could not find method android.content.res.Resources.getDrawable, referenced from method co.vero.app.App.d
W/dalvikvm( 6995): VFY: unable to resolve virtual method 608: Landroid/content/res/Resources;.getDrawable (ILandroid/content/res/Resources$Theme;)Landroid/graphics/drawable/Drawable;
D/dalvikvm( 6995): VFY: replacing opcode 0x6e at 0x000f
I/dalvikvm( 6995): Could not find method timber.log.Timber.b, referenced from method co.vero.app.App.onActivityCreated
W/dalvikvm( 6995): VFY: unable to resolve static method 64957: Ltimber/log/Timber;.b (Ljava/lang/String;[Ljava/lang/Object;)V
D/dalvikvm( 6995): VFY: replacing opcode 0x71 at 0x0005
W/dalvikvm( 6995): Unable to resolve superclass of Lco/vero/app/VTSUtils/ReleaseTree; (9615)
W/dalvikvm( 6995): Link of class 'Lco/vero/app/VTSUtils/ReleaseTree;' failed
E/dalvikvm( 6995): Could not find class 'co.vero.app.VTSUtils.ReleaseTree', referenced from method co.vero.app.App.onCreate
W/dalvikvm( 6995): VFY: unable to resolve new-instance 2731 (Lco/vero/app/VTSUtils/ReleaseTree;) in Lco/vero/app/App;
D/dalvikvm( 6995): VFY: replacing opcode 0x22 at 0x0007
I/dalvikvm( 6995): Could not find method timber.log.Timber.c, referenced from method co.vero.app.App.onLowMemory
W/dalvikvm( 6995): VFY: unable to resolve static method 64958: Ltimber/log/Timber;.c (Ljava/lang/String;[Ljava/lang/Object;)V
D/dalvikvm( 6995): VFY: replacing opcode 0x71 at 0x0008
I/dalvikvm( 6995): Could not find method timber.log.Timber.c, referenced from method co.vero.app.App.onTerminate
W/dalvikvm( 6995): VFY: unable to resolve static method 64958: Ltimber/log/Timber;.c (Ljava/lang/String;[Ljava/lang/Object;)V
D/dalvikvm( 6995): VFY: replacing opcode 0x71 at 0x0008
W/dalvikvm( 6995): Unable to resolve superclass of Lco/vero/app/VTSUtils/ReleaseTree; (9615)
W/dalvikvm( 6995): Link of class 'Lco/vero/app/VTSUtils/ReleaseTree;' failed
D/dalvikvm( 6995): DexOpt: unable to opt direct call 0x5712 at 0x09 in Lco/vero/app/App;.onCreate
D/dalvikvm( 6995): DexOpt: unable to opt direct call 0xf554 at 0x2c in Lco/vero/app/App;.onCreate
W/dalvikvm( 6995): Unable to resolve superclass of Lcom/crashlytics/android/Crashlytics; (9049)
W/dalvikvm( 6995): Link of class 'Lcom/crashlytics/android/Crashlytics;' failed
D/dalvikvm( 6995): DexOpt: unable to opt direct call 0xb656 at 0x3c in Lco/vero/app/App;.onCreate
D/dalvikvm( 6995): DexOpt: unable to opt direct call 0xf556 at 0x44 in Lco/vero/app/App;.onCreate
D/dalvikvm( 6995): DexOpt: unable to opt direct call 0xf57b at 0x4c in Lco/vero/app/App;.onCreate
I/dalvikvm( 6995): DexOpt: unable to optimize static field ref 0xa9aa at 0xa2 in Lco/vero/app/App;.onCreate
I/dalvikvm( 6995): DexOpt: unable to optimize static field ref 0xa938 at 0xca in Lco/vero/app/App;.onCreate
D/AndroidRuntime( 6995): Shutting down VM
W/dalvikvm( 6995): threadid=1: thread exiting with uncaught exception (group=0x94c77b20)
E/AndroidRuntime( 6995): FATAL EXCEPTION: main
E/AndroidRuntime( 6995): Process: co.vero.app, PID: 6995
E/AndroidRuntime( 6995): java.lang.RuntimeException: Unable to get provider com.google.firebase.provider.FirebaseInitProvider: java.lang.ClassNotFoundException: Didn't find class "com.google.firebase.provider.FirebaseInitProvider" on path: DexPathList[[zip file "/system/framework/com.google.android.maps.jar", zip file "/data/app/co.vero.app-2.apk"],nativeLibraryDirectories=[/data/app-lib/co.vero.app-2, /system/lib]]
E/AndroidRuntime( 6995): 	at android.app.ActivityThread.installProvider(ActivityThread.java:4795)
E/AndroidRuntime( 6995): 	at android.app.ActivityThread.installContentProviders(ActivityThread.java:4387)
E/AndroidRuntime( 6995): 	at android.app.ActivityThread.handleBindApplication(ActivityThread.java:4327)
E/AndroidRuntime( 6995): 	at android.app.ActivityThread.access$1500(ActivityThread.java:135)
E/AndroidRuntime( 6995): 	at android.app.ActivityThread$H.handleMessage(ActivityThread.java:1256)
E/AndroidRuntime( 6995): 	at android.os.Handler.dispatchMessage(Handler.java:102)
E/AndroidRuntime( 6995): 	at android.os.Looper.loop(Looper.java:136)
E/AndroidRuntime( 6995): 	at android.app.ActivityThread.main(ActivityThread.java:5019)
E/AndroidRuntime( 6995): 	at java.lang.reflect.Method.invokeNative(Native Method)
E/AndroidRuntime( 6995): 	at java.lang.reflect.Method.invoke(Method.java:515)
E/AndroidRuntime( 6995): 	at com.android.internal.os.ZygoteInit$MethodAndArgsCaller.run(ZygoteInit.java:779)
E/AndroidRuntime( 6995): 	at com.android.internal.os.ZygoteInit.main(ZygoteInit.java:595)
E/AndroidRuntime( 6995): 	at dalvik.system.NativeStart.main(Native Method)
E/AndroidRuntime( 6995): Caused by: java.lang.ClassNotFoundException: Didn't find class "com.google.firebase.provider.FirebaseInitProvider" on path: DexPathList[[zip file "/system/framework/com.google.android.maps.jar", zip file "/data/app/co.vero.app-2.apk"],nativeLibraryDirectories=[/data/app-lib/co.vero.app-2, /system/lib]]
E/AndroidRuntime( 6995): 	at dalvik.system.BaseDexClassLoader.findClass(BaseDexClassLoader.java:56)
E/AndroidRuntime( 6995): 	at java.lang.ClassLoader.loadClass(ClassLoader.java:497)
E/AndroidRuntime( 6995): 	at java.lang.ClassLoader.loadClass(ClassLoader.java:457)
E/AndroidRuntime( 6995): 	at android.app.ActivityThread.installProvider(ActivityThread.java:4780)
E/AndroidRuntime( 6995): 	... 12 more
I/Process (  492): Sending signal. PID: 6995 SIG: 9
W/ActivityManager(  492): Force-killing crashed app co.vero.app at watcher's request
W/ContextImpl(  492): Calling a method in the system process without a qualified user: android.app.ContextImpl.sendBroadcast:1123 com.android.server.am.ActivityManagerService.handleApplicationCrashInner:9642 com.android.server.am.ActivityManagerService.handleApplicationCrash:9616 android.app.ActivityManagerNative.onTransact:1311 com.android.server.am.ActivityManagerService.onTransact:2071 
W/NetworkManagementSocketTagger(  492): setKernelCountSet(10087, 0) failed with errno -13
I/ActivityManager(  492): Process co.vero.app (pid 6995) has died.
I/ActivityManager(  492): Start proc co.vero.app for activity co.vero.app/.ui.activities.SplashActivity: pid=7007 uid=10087 gids={50087, 3003, 1028, 1015, 1023}
W/NetworkManagementSocketTagger(  492): setKernelCountSet(10087, 1) failed with errno -13
I/dalvikvm( 7007): ignoring registerObject request in thread=1
I/dalvikvm( 7007): ignoring registerObject request in thread=1
I/dalvikvm( 7007): Could not find method android.content.res.Resources.getDrawable, referenced from method co.vero.app.App.d
W/dalvikvm( 7007): VFY: unable to resolve virtual method 608: Landroid/content/res/Resources;.getDrawable (ILandroid/content/res/Resources$Theme;)Landroid/graphics/drawable/Drawable;
D/dalvikvm( 7007): VFY: replacing opcode 0x6e at 0x000f
I/dalvikvm( 7007): Could not find method timber.log.Timber.b, referenced from method co.vero.app.App.onActivityCreated
W/dalvikvm( 7007): VFY: unable to resolve static method 64957: Ltimber/log/Timber;.b (Ljava/lang/String;[Ljava/lang/Object;)V
D/dalvikvm( 7007): VFY: replacing opcode 0x71 at 0x0005
W/dalvikvm( 7007): Unable to resolve superclass of Lco/vero/app/VTSUtils/ReleaseTree; (9615)
W/dalvikvm( 7007): Link of class 'Lco/vero/app/VTSUtils/ReleaseTree;' failed
E/dalvikvm( 7007): Could not find class 'co.vero.app.VTSUtils.ReleaseTree', referenced from method co.vero.app.App.onCreate
W/dalvikvm( 7007): VFY: unable to resolve new-instance 2731 (Lco/vero/app/VTSUtils/ReleaseTree;) in Lco/vero/app/App;
D/dalvikvm( 7007): VFY: replacing opcode 0x22 at 0x0007
I/dalvikvm( 7007): Could not find method timber.log.Timber.c, referenced from method co.vero.app.App.onLowMemory
W/dalvikvm( 7007): VFY: unable to resolve static method 64958: Ltimber/log/Timber;.c (Ljava/lang/String;[Ljava/lang/Object;)V
D/dalvikvm( 7007): VFY: replacing opcode 0x71 at 0x0008
I/dalvikvm( 7007): Could not find method timber.log.Timber.c, referenced from method co.vero.app.App.onTerminate
W/dalvikvm( 7007): VFY: unable to resolve static method 64958: Ltimber/log/Timber;.c (Ljava/lang/String;[Ljava/lang/Object;)V
D/dalvikvm( 7007): VFY: replacing opcode 0x71 at 0x0008
W/dalvikvm( 7007): Unable to resolve superclass of Lco/vero/app/VTSUtils/ReleaseTree; (9615)
W/dalvikvm( 7007): Link of class 'Lco/vero/app/VTSUtils/ReleaseTree;' failed
D/dalvikvm( 7007): DexOpt: unable to opt direct call 0x5712 at 0x09 in Lco/vero/app/App;.onCreate
D/dalvikvm( 7007): DexOpt: unable to opt direct call 0xf554 at 0x2c in Lco/vero/app/App;.onCreate
W/dalvikvm( 7007): Unable to resolve superclass of Lcom/crashlytics/android/Crashlytics; (9049)
W/dalvikvm( 7007): Link of class 'Lcom/crashlytics/android/Crashlytics;' failed
D/dalvikvm( 7007): DexOpt: unable to opt direct call 0xb656 at 0x3c in Lco/vero/app/App;.onCreate
D/dalvikvm( 7007): DexOpt: unable to opt direct call 0xf556 at 0x44 in Lco/vero/app/App;.onCreate
D/dalvikvm( 7007): DexOpt: unable to opt direct call 0xf57b at 0x4c in Lco/vero/app/App;.onCreate
I/dalvikvm( 7007): DexOpt: unable to optimize static field ref 0xa9aa at 0xa2 in Lco/vero/app/App;.onCreate
I/dalvikvm( 7007): DexOpt: unable to optimize static field ref 0xa938 at 0xca in Lco/vero/app/App;.onCreate
D/AndroidRuntime( 7007): Shutting down VM
W/dalvikvm( 7007): threadid=1: thread exiting with uncaught exception (group=0x94c77b20)
E/AndroidRuntime( 7007): FATAL EXCEPTION: main
E/AndroidRuntime( 7007): Process: co.vero.app, PID: 7007
E/AndroidRuntime( 7007): java.lang.RuntimeException: Unable to get provider com.google.firebase.provider.FirebaseInitProvider: java.lang.ClassNotFoundException: Didn't find class "com.google.firebase.provider.FirebaseInitProvider" on path: DexPathList[[zip file "/system/framework/com.google.android.maps.jar", zip file "/data/app/co.vero.app-2.apk"],nativeLibraryDirectories=[/data/app-lib/co.vero.app-2, /system/lib]]
E/AndroidRuntime( 7007): 	at android.app.ActivityThread.installProvider(ActivityThread.java:4795)
E/AndroidRuntime( 7007): 	at android.app.ActivityThread.installContentProviders(ActivityThread.java:4387)
E/AndroidRuntime( 7007): 	at android.app.ActivityThread.handleBindApplication(ActivityThread.java:4327)
E/AndroidRuntime( 7007): 	at android.app.ActivityThread.access$1500(ActivityThread.java:135)
E/AndroidRuntime( 7007): 	at android.app.ActivityThread$H.handleMessage(ActivityThread.java:1256)
E/AndroidRuntime( 7007): 	at android.os.Handler.dispatchMessage(Handler.java:102)
E/AndroidRuntime( 7007): 	at android.os.Looper.loop(Looper.java:136)
E/AndroidRuntime( 7007): 	at android.app.ActivityThread.main(ActivityThread.java:5019)
E/AndroidRuntime( 7007): 	at java.lang.reflect.Method.invokeNative(Native Method)
E/AndroidRuntime( 7007): 	at java.lang.reflect.Method.invoke(Method.java:515)
E/AndroidRuntime( 7007): 	at com.android.internal.os.ZygoteInit$MethodAndArgsCaller.run(ZygoteInit.java:779)
E/AndroidRuntime( 7007): 	at com.android.internal.os.ZygoteInit.main(ZygoteInit.java:595)
E/AndroidRuntime( 7007): 	at dalvik.system.NativeStart.main(Native Method)
E/AndroidRuntime( 7007): Caused by: java.lang.ClassNotFoundException: Didn't find class "com.google.firebase.provider.FirebaseInitProvider" on path: DexPathList[[zip file "/system/framework/com.google.android.maps.jar", zip file "/data/app/co.vero.app-2.apk"],nativeLibraryDirectories=[/data/app-lib/co.vero.app-2, /system/lib]]
E/AndroidRuntime( 7007): 	at dalvik.system.BaseDexClassLoader.findClass(BaseDexClassLoader.java:56)
E/AndroidRuntime( 7007): 	at java.lang.ClassLoader.loadClass(ClassLoader.java:497)
E/AndroidRuntime( 7007): 	at java.lang.ClassLoader.loadClass(ClassLoader.java:457)
E/AndroidRuntime( 7007): 	at android.app.ActivityThread.installProvider(ActivityThread.java:4780)
E/AndroidRuntime( 7007): 	... 12 more
I/Process (  492): Sending signal. PID: 7007 SIG: 9
W/ActivityManager(  492): Force-killing crashed app co.vero.app at watcher's request
W/ContextImpl(  492): Calling a method in the system process without a qualified user: android.app.ContextImpl.sendBroadcast:1123 com.android.server.am.ActivityManagerService.handleApplicationCrashInner:9642 com.android.server.am.ActivityManagerService.handleApplicationCrash:9616 android.app.ActivityManagerNative.onTransact:1311 com.android.server.am.ActivityManagerService.onTransact:2071 
I/InputDispatcher(  492): Dropping event because there is no focused window or focused application.
W/NetworkManagementSocketTagger(  492): setKernelCountSet(10087, 0) failed with errno -13
I/InputDispatcher(  492): Dropping event because there is no focused window or focused application.
I/InputDispatcher(  492): Dropping event because there is no focused window or focused application.
I/ActivityManager(  492): Process co.vero.app (pid 7007) has died.
W/ActivityManager(  492): Force removing ActivityRecord{4a920dac u0 co.vero.app/.ui.activities.SplashActivity t11}: app died, no saved state
W/InputManager(  492): Input event injection from pid 6750 failed.
W/InputManager(  492): Input event injection from pid 6750 failed.
I/InputDispatcher(  492): Dropping event because there is no focused window or focused application.
I/InputDispatcher(  492): Dropping event because there is no focused window or focused application.
I/InputDispatcher(  492): Dropping event because there is no focused window or focused application.
W/InputManager(  492): Input event injection from pid 6750 failed.
W/InputManager(  492): Input event injection from pid 6750 failed.
W/InputManager(  492): Input event injection from pid 6750 failed.
W/InputManager(  492): Input event injection from pid 6750 failed.
I/InputDispatcher(  492): Dropping event because there is no focused window or focused application.
W/InputManager(  492): Input event injection from pid 6750 failed.
I/InputDispatcher(  492): Dropping event because there is no focused window or focused application.
I/InputDispatcher(  492): Dropping event because there is no focused window or focused application.
I/InputDispatcher(  492): Dropping event because there is no focused window or focused application.
I/InputDispatcher(  492): Dropping event because there is no focused window or focused application.
I/InputDispatcher(  492): Dropping event because there is no focused window or focused application.
W/InputManager(  492): Input event injection from pid 6750 failed.
W/InputManager(  492): Input event injection from pid 6750 failed.
W/InputManager(  492): Input event injection from pid 6750 failed.
W/InputManager(  492): Input event injection from pid 6750 failed.
W/InputManager(  492): Input event injection from pid 6750 failed.
W/EGL_emulation( 5740): eglSurfaceAttrib not implemented 3093 12436
I/BaseActionBarActivity( 5740): SignupActivity onResume [main]
W/ViewRootImpl( 5740): Dropping event due to no window focus: KeyEvent { action=ACTION_DOWN, keyCode=KEYCODE_V, scanCode=0, metaState=0, flags=0x8, repeatCount=0, eventTime=986279, downTime=986279, deviceId=-1, source=0x101 }
W/InputMethodManagerService(  492): Window already focused, ignoring focus gain of: com.android.internal.view.IInputMethodClient$Stub$Proxy@4abc89e8 attribute=null, token = android.os.BinderProxy@4af1d9b0
V/InputMethodService(  692): onEvaluateInputViewShown: config.hardKeyboardHidden = 1
W/ContextImpl(  492): Calling a method in the system process without a qualified user: android.app.ContextImpl.sendBroadcast:1123 com.android.server.InputMethodManagerService.showCurrentInputLocked:1791 com.android.server.InputMethodManagerService.attachNewInputLocked:1095 com.android.server.InputMethodManagerService.startInputUncheckedLocked:1166 com.android.server.InputMethodManagerService.startInputLocked:1128 
V/InputMethodService(  692): onEvaluateInputViewShown: config.hardKeyboardHidden = 1
W/ContextImpl(  492): Calling a method in the system process without a qualified user: android.app.ContextImpl.sendBroadcast:1123 com.android.server.InputMethodManagerService.showCurrentInputLocked:1791 com.android.server.InputMethodManagerService.attachNewInputLocked:1095 com.android.server.InputMethodManagerService.startInputUncheckedLocked:1166 com.android.server.InputMethodManagerService.startInputLocked:1128 
V/InputMethodService(  692): onEvaluateInputViewShown: config.hardKeyboardHidden = 1
W/ContextImpl(  492): Calling a method in the system process without a qualified user: android.app.ContextImpl.sendBroadcast:1123 com.android.server.InputMethodManagerService.showCurrentInputLocked:1791 com.android.server.InputMethodManagerService.attachNewInputLocked:1095 com.android.server.InputMethodManagerService.startInputUncheckedLocked:1166 com.android.server.InputMethodManagerService.startInputLocked:1128 
V/InputMethodService(  692): onEvaluateInputViewShown: config.hardKeyboardHidden = 1
W/ContextImpl(  492): Calling a method in the system process without a qualified user: android.app.ContextImpl.sendBroadcast:1123 com.android.server.InputMethodManagerService.showCurrentInputLocked:1791 com.android.server.InputMethodManagerService.attachNewInputLocked:1095 com.android.server.InputMethodManagerService.startInputUncheckedLocked:1166 com.android.server.InputMethodManagerService.startInputLocked:1128 
V/InputMethodService(  692): onEvaluateInputViewShown: config.hardKeyboardHidden = 1
W/ContextImpl(  492): Calling a method in the system process without a qualified user: android.app.ContextImpl.sendBroadcast:1123 com.android.server.InputMethodManagerService.showCurrentInputLocked:1791 com.android.server.InputMethodManagerService.attachNewInputLocked:1095 com.android.server.InputMethodManagerService.startInputUncheckedLocked:1166 com.android.server.InputMethodManagerService.startInputLocked:1128 
V/InputMethodService(  692): onEvaluateInputViewShown: config.hardKeyboardHidden = 1
W/ContextImpl(  492): Calling a method in the system process without a qualified user: android.app.ContextImpl.sendBroadcast:1123 com.android.server.InputMethodManagerService.showCurrentInputLocked:1791 com.android.server.InputMethodManagerService.attachNewInputLocked:1095 com.android.server.InputMethodManagerService.startInputUncheckedLocked:1166 com.android.server.InputMethodManagerService.startInputLocked:1128 
V/InputMethodService(  692): onEvaluateInputViewShown: config.hardKeyboardHidden = 1
V/InputMethodService(  692): onEvaluateInputViewShown: config.hardKeyboardHidden = 1
W/ContextImpl(  492): Calling a method in the system process without a qualified user: android.app.ContextImpl.sendBroadcast:1123 com.android.server.InputMethodManagerService.showCurrentInputLocked:1791 com.android.server.InputMethodManagerService.attachNewInputLocked:1095 com.android.server.InputMethodManagerService.startInputUncheckedLocked:1166 com.android.server.InputMethodManagerService.startInputLocked:1128 
W/ContextImpl(  492): Calling a method in the system process without a qualified user: android.app.ContextImpl.sendBroadcast:1123 com.android.server.InputMethodManagerService.showCurrentInputLocked:1791 com.android.server.InputMethodManagerService.showSoftInput:1753 com.android.internal.view.IInputMethodManager$Stub.onTransact:175 com.android.server.InputMethodManagerService.onTransact:818 
I/ActivityManager(  492): START u0 {act=android.intent.action.VIEW dat=http://www.getjoya.com/privacy.html cmp=android/com.android.internal.app.ResolverActivity} from pid 5740
V/InputMethodService(  692): onEvaluateInputViewShown: config.hardKeyboardHidden = 1
W/ContextImpl(  492): Calling a method in the system process without a qualified user: android.app.ContextImpl.sendBroadcast:1123 com.android.server.InputMethodManagerService.showCurrentInputLocked:1791 com.android.server.InputMethodManagerService.attachNewInputLocked:1095 com.android.server.InputMethodManagerService.startInputUncheckedLocked:1166 com.android.server.InputMethodManagerService.startInputLocked:1128 
V/InputMethodService(  692): onEvaluateInputViewShown: config.hardKeyboardHidden = 1
V/InputMethodService(  692): onEvaluateInputViewShown: config.hardKeyboardHidden = 1
W/ContextImpl(  492): Calling a method in the system process without a qualified user: android.app.ContextImpl.sendBroadcast:1123 com.android.server.InputMethodManagerService.showCurrentInputLocked:1791 com.android.server.InputMethodManagerService.attachNewInputLocked:1095 com.android.server.InputMethodManagerService.startInputUncheckedLocked:1166 com.android.server.InputMethodManagerService.startInputLocked:1128 
W/ContextImpl(  492): Calling a method in the system process without a qualified user: android.app.ContextImpl.sendBroadcast:1123 com.android.server.InputMethodManagerService.showCurrentInputLocked:1791 com.android.server.InputMethodManagerService.attachNewInputLocked:1095 com.android.server.InputMethodManagerService.startInputUncheckedLocked:1166 com.android.server.InputMethodManagerService.startInputLocked:1128 
V/InputMethodService(  692): onEvaluateInputViewShown: config.hardKeyboardHidden = 1
W/ContextImpl(  492): Calling a method in the system process without a qualified user: android.app.ContextImpl.sendBroadcast:1123 com.android.server.InputMethodManagerService.showCurrentInputLocked:1791 com.android.server.InputMethodManagerService.showSoftInput:1753 com.android.internal.view.IInputMethodManager$Stub.onTransact:175 com.android.server.InputMethodManagerService.onTransact:818 
W/EGL_emulation( 5740): eglSurfaceAttrib not implemented 3093 12436
V/InputMethodService(  692): onEvaluateInputViewShown: config.hardKeyboardHidden = 1
W/ContextImpl(  492): Calling a method in the system process without a qualified user: android.app.ContextImpl.sendBroadcast:1123 com.android.server.InputMethodManagerService.showCurrentInputLocked:1791 com.android.server.InputMethodManagerService.attachNewInputLocked:1095 com.android.server.InputMethodManagerService.startInputUncheckedLocked:1166 com.android.server.InputMethodManagerService.startInputLocked:1128 
V/InputMethodService(  692): onEvaluateInputViewShown: config.hardKeyboardHidden = 1
W/ContextImpl(  492): Calling a method in the system process without a qualified user: android.app.ContextImpl.sendBroadcast:1123 com.android.server.InputMethodManagerService.showCurrentInputLocked:1791 com.android.server.InputMethodManagerService.attachNewInputLocked:1095 com.android.server.InputMethodManagerService.startInputUncheckedLocked:1166 com.android.server.InputMethodManagerService.startInputLocked:1128 
W/ViewRootImpl( 5740): Dropping event due to no window focus: KeyEvent { action=ACTION_DOWN, keyCode=KEYCODE_DPAD_RIGHT, scanCode=0, metaState=0, flags=0x8, repeatCount=0, eventTime=987257, downTime=987257, deviceId=-1, source=0x101 }
W/EGL_emulation( 5740): eglSurfaceAttrib not implemented 3093 12436
W/ViewRootImpl( 5740): Dropping event due to no window focus: KeyEvent { action=ACTION_DOWN, keyCode=KEYCODE_BUTTON_14, scanCode=0, metaState=0, flags=0x8, repeatCount=0, eventTime=987277, downTime=987277, deviceId=-1, source=0x101 }
V/InputMethodService(  692): onEvaluateInputViewShown: config.hardKeyboardHidden = 1
W/ContextImpl(  492): Calling a method in the system process without a qualified user: android.app.ContextImpl.sendBroadcast:1123 com.android.server.InputMethodManagerService.showCurrentInputLocked:1791 com.android.server.InputMethodManagerService.attachNewInputLocked:1095 com.android.server.InputMethodManagerService.startInputUncheckedLocked:1166 com.android.server.InputMethodManagerService.startInputLocked:1128 
W/ViewRootImpl( 5740): Dropping event due to no window focus: KeyEvent { action=ACTION_DOWN, keyCode=KEYCODE_DPAD_CENTER, scanCode=0, metaState=0, flags=0x8, repeatCount=0, eventTime=987277, downTime=987277, deviceId=-1, source=0x101 }
V/FlingTracker(  576): computeCurrentVelocity warning: totalweight=0
V/FlingTracker(  576): java.lang.Throwable
V/FlingTracker(  576): 	at com.android.systemui.statusbar.phone.PanelView$FlingTracker.computeCurrentVelocity(PanelView.java:162)
V/FlingTracker(  576): 	at com.android.systemui.statusbar.phone.PanelView$3.onTouch(PanelView.java:462)
V/FlingTracker(  576): 	at android.view.View.dispatchTouchEvent(View.java:7701)
V/FlingTracker(  576): 	at com.android.systemui.statusbar.phone.NotificationPanelView.onTouchEvent(NotificationPanelView.java:138)
V/FlingTracker(  576): 	at com.android.systemui.statusbar.phone.PanelBar.onTouchEvent(PanelBar.java:130)
V/FlingTracker(  576): 	at com.android.systemui.statusbar.phone.PhoneStatusBarView.onTouchEvent(PhoneStatusBarView.java:201)
V/FlingTracker(  576): 	at android.view.View.dispatchTouchEvent(View.java:7706)
V/FlingTracker(  576): 	at android.view.ViewGroup.dispatchTransformedTouchEvent(ViewGroup.java:2210)
V/FlingTracker(  576): 	at android.view.ViewGroup.dispatchTouchEvent(ViewGroup.java:1945)
V/FlingTracker(  576): 	at android.view.ViewGroup.dispatchTransformedTouchEvent(ViewGroup.java:2216)
V/FlingTracker(  576): 	at android.view.ViewGroup.dispatchTouchEvent(ViewGroup.java:1959)
V/FlingTracker(  576): 	at android.view.View.dispatchPointerEvent(View.java:7886)
V/FlingTracker(  576): 	at android.view.ViewRootImpl$ViewPostImeInputStage.processPointerEvent(ViewRootImpl.java:3978)
V/FlingTracker(  576): 	at android.view.ViewRootImpl$ViewPostImeInputStage.onProcess(ViewRootImpl.java:3857)
V/FlingTracker(  576): 	at android.view.ViewRootImpl$InputStage.deliver(ViewRootImpl.java:3423)
V/FlingTracker(  576): 	at android.view.ViewRootImpl$InputStage.onDeliverToNext(ViewRootImpl.java:3473)
V/FlingTracker(  576): 	at android.view.ViewRootImpl$InputStage.forward(ViewRootImpl.java:3442)
V/FlingTracker(  576): 	at android.view.ViewRootImpl$AsyncInputStage.forward(ViewRootImpl.java:3549)
V/FlingTracker(  576): 	at android.view.ViewRootImpl$InputStage.apply(ViewRootImpl.java:3450)
V/FlingTracker(  576): 	at android.view.ViewRootImpl$AsyncInputStage.apply(ViewRootImpl.java:3606)
V/FlingTracker(  576): 	at android.view.ViewRootImpl$InputStage.deliver(ViewRootImpl.java:3423)
V/FlingTracker(  576): 	at android.view.ViewRootImpl$InputStage.onDeliverToNext(ViewRootImpl.java:3473)
V/FlingTracker(  576): 	at android.view.ViewRootImpl$InputStage.forward(ViewRootImpl.java:3442)
V/FlingTracker(  576): 	at android.view.ViewRootImpl$InputStage.apply(ViewRootImpl.java:3450)
V/FlingTracker(  576): 	at android.view.ViewRootImpl$InputStage.deliver(ViewRootImpl.java:3423)
V/FlingTracker(  576): 	at android.view.ViewRootImpl.deliverInputEvent(ViewRootImpl.java:5626)
V/FlingTracker(  576): 	at android.view.ViewRootImpl.doProcessInputEvents(ViewRootImpl.java:5606)
V/FlingTracker(  576): 	at android.view.ViewRootImpl.enqueueInputEvent(ViewRootImpl.java:5577)
V/FlingTracker(  576): 	at android.view.ViewRootImpl$WindowInputEventReceiver.onInputEvent(ViewRootImpl.java:5706)
V/FlingTracker(  576): 	at android.view.InputEventReceiver.dispatchInputEvent(InputEventReceiver.java:185)
V/FlingTracker(  576): 	at android.os.MessageQueue.nativePollOnce(Native Method)
V/FlingTracker(  576): 	at android.os.MessageQueue.next(MessageQueue.java:138)
V/FlingTracker(  576): 	at android.os.Looper.loop(Looper.java:123)
V/FlingTracker(  576): 	at android.app.ActivityThread.main(ActivityThread.java:5019)
V/FlingTracker(  576): 	at java.lang.reflect.Method.invokeNative(Native Method)
V/FlingTracker(  576): 	at java.lang.reflect.Method.invoke(Method.java:515)
V/FlingTracker(  576): 	at com.android.internal.os.ZygoteInit$MethodAndArgsCaller.run(ZygoteInit.java:779)
V/FlingTracker(  576): 	at com.android.internal.os.ZygoteInit.main(ZygoteInit.java:595)
V/FlingTracker(  576): 	at dalvik.system.NativeStart.main(Native Method)
V/PanelView(  576): animationTick called with dtms=0; nothing to do (h=0.0 v=0.0)
W/InputEventReceiver( 5740): Attempted to finish an input event but the input event receiver has already been disposed.
W/InputEventReceiver( 5740): Attempted to finish an input event but the input event receiver has already been disposed.
W/InputEventReceiver( 5740): Attempted to finish an input event but the input event receiver has already been disposed.
W/InputEventReceiver( 5740): Attempted to finish an input event but the input event receiver has already been disposed.
W/ViewRootImpl( 5740): Dropping event due to root view being removed: MotionEvent { action=ACTION_DOWN, id[0]=0, x[0]=477.0, y[0]=825.0, toolType[0]=TOOL_TYPE_UNKNOWN, buttonState=0, metaState=0, flags=0x0, edgeFlags=0x0, pointerCount=1, historySize=0, eventTime=987629, downTime=987629, deviceId=0, source=0x1002 }
W/ViewRootImpl( 5740): Dropping event due to root view being removed: MotionEvent { action=ACTION_MOVE, id[0]=0, x[0]=479.04443, y[0]=824.7832, toolType[0]=TOOL_TYPE_UNKNOWN, buttonState=0, metaState=0, flags=0x0, edgeFlags=0x0, pointerCount=1, historySize=0, eventTime=987630, downTime=987629, deviceId=0, source=0x1002 }
W/ViewRootImpl( 5740): Dropping event due to root view being removed: MotionEvent { action=ACTION_UP, id[0]=0, x[0]=482.11993, y[0]=824.7776, toolType[0]=TOOL_TYPE_UNKNOWN, buttonState=0, metaState=0, flags=0x0, edgeFlags=0x0, pointerCount=1, historySize=0, eventTime=987630, downTime=987629, deviceId=0, source=0x1002 }
W/InputMethodManagerService(  492): Window already focused, ignoring focus gain of: com.android.internal.view.IInputMethodClient$Stub$Proxy@4acc59d4 attribute=null, token = android.os.BinderProxy@4af1d9b0
I/ActivityManager(  492): START u0 {act=android.intent.action.MAIN cat=[android.intent.category.LAUNCHER] flg=0x10200000 cmp=co.vero.app/.ui.activities.SplashActivity} from pid 6750
I/BaseActionBarActivity( 5740): SignupActivity onPause [main]
I/ActivityManager(  492): Start proc co.vero.app for activity co.vero.app/.ui.activities.SplashActivity: pid=7047 uid=10087 gids={50087, 3003, 1028, 1015, 1023}
W/NetworkManagementSocketTagger(  492): setKernelCountSet(10087, 1) failed with errno -13
I/dalvikvm( 7047): ignoring registerObject request in thread=1
I/dalvikvm( 7047): ignoring registerObject request in thread=1
I/dalvikvm( 7047): Could not find method android.content.res.Resources.getDrawable, referenced from method co.vero.app.App.d
W/dalvikvm( 7047): VFY: unable to resolve virtual method 608: Landroid/content/res/Resources;.getDrawable (ILandroid/content/res/Resources$Theme;)Landroid/graphics/drawable/Drawable;
D/dalvikvm( 7047): VFY: replacing opcode 0x6e at 0x000f
I/dalvikvm( 7047): Could not find method timber.log.Timber.b, referenced from method co.vero.app.App.onActivityCreated
W/dalvikvm( 7047): VFY: unable to resolve static method 64957: Ltimber/log/Timber;.b (Ljava/lang/String;[Ljava/lang/Object;)V
D/dalvikvm( 7047): VFY: replacing opcode 0x71 at 0x0005
W/dalvikvm( 7047): Unable to resolve superclass of Lco/vero/app/VTSUtils/ReleaseTree; (9615)
W/dalvikvm( 7047): Link of class 'Lco/vero/app/VTSUtils/ReleaseTree;' failed
E/dalvikvm( 7047): Could not find class 'co.vero.app.VTSUtils.ReleaseTree', referenced from method co.vero.app.App.onCreate
W/dalvikvm( 7047): VFY: unable to resolve new-instance 2731 (Lco/vero/app/VTSUtils/ReleaseTree;) in Lco/vero/app/App;
D/dalvikvm( 7047): VFY: replacing opcode 0x22 at 0x0007
I/dalvikvm( 7047): Could not find method timber.log.Timber.c, referenced from method co.vero.app.App.onLowMemory
W/dalvikvm( 7047): VFY: unable to resolve static method 64958: Ltimber/log/Timber;.c (Ljava/lang/String;[Ljava/lang/Object;)V
D/dalvikvm( 7047): VFY: replacing opcode 0x71 at 0x0008
I/dalvikvm( 7047): Could not find method timber.log.Timber.c, referenced from method co.vero.app.App.onTerminate
W/dalvikvm( 7047): VFY: unable to resolve static method 64958: Ltimber/log/Timber;.c (Ljava/lang/String;[Ljava/lang/Object;)V
D/dalvikvm( 7047): VFY: replacing opcode 0x71 at 0x0008
W/dalvikvm( 7047): Unable to resolve superclass of Lco/vero/app/VTSUtils/ReleaseTree; (9615)
W/dalvikvm( 7047): Link of class 'Lco/vero/app/VTSUtils/ReleaseTree;' failed
D/dalvikvm( 7047): DexOpt: unable to opt direct call 0x5712 at 0x09 in Lco/vero/app/App;.onCreate
D/dalvikvm( 7047): DexOpt: unable to opt direct call 0xf554 at 0x2c in Lco/vero/app/App;.onCreate
W/dalvikvm( 7047): Unable to resolve superclass of Lcom/crashlytics/android/Crashlytics; (9049)
W/dalvikvm( 7047): Link of class 'Lcom/crashlytics/android/Crashlytics;' failed
D/dalvikvm( 7047): DexOpt: unable to opt direct call 0xb656 at 0x3c in Lco/vero/app/App;.onCreate
D/dalvikvm( 7047): DexOpt: unable to opt direct call 0xf556 at 0x44 in Lco/vero/app/App;.onCreate
D/dalvikvm( 7047): DexOpt: unable to opt direct call 0xf57b at 0x4c in Lco/vero/app/App;.onCreate
I/dalvikvm( 7047): DexOpt: unable to optimize static field ref 0xa9aa at 0xa2 in Lco/vero/app/App;.onCreate
I/dalvikvm( 7047): DexOpt: unable to optimize static field ref 0xa938 at 0xca in Lco/vero/app/App;.onCreate
D/AndroidRuntime( 7047): Shutting down VM
W/dalvikvm( 7047): threadid=1: thread exiting with uncaught exception (group=0x94c77b20)
E/AndroidRuntime( 7047): FATAL EXCEPTION: main
E/AndroidRuntime( 7047): Process: co.vero.app, PID: 7047
E/AndroidRuntime( 7047): java.lang.RuntimeException: Unable to get provider com.google.firebase.provider.FirebaseInitProvider: java.lang.ClassNotFoundException: Didn't find class "com.google.firebase.provider.FirebaseInitProvider" on path: DexPathList[[zip file "/system/framework/com.google.android.maps.jar", zip file "/data/app/co.vero.app-2.apk"],nativeLibraryDirectories=[/data/app-lib/co.vero.app-2, /system/lib]]
E/AndroidRuntime( 7047): 	at android.app.ActivityThread.installProvider(ActivityThread.java:4795)
E/AndroidRuntime( 7047): 	at android.app.ActivityThread.installContentProviders(ActivityThread.java:4387)
E/AndroidRuntime( 7047): 	at android.app.ActivityThread.handleBindApplication(ActivityThread.java:4327)
E/AndroidRuntime( 7047): 	at android.app.ActivityThread.access$1500(ActivityThread.java:135)
E/AndroidRuntime( 7047): 	at android.app.ActivityThread$H.handleMessage(ActivityThread.java:1256)
E/AndroidRuntime( 7047): 	at android.os.Handler.dispatchMessage(Handler.java:102)
E/AndroidRuntime( 7047): 	at android.os.Looper.loop(Looper.java:136)
E/AndroidRuntime( 7047): 	at android.app.ActivityThread.main(ActivityThread.java:5019)
E/AndroidRuntime( 7047): 	at java.lang.reflect.Method.invokeNative(Native Method)
E/AndroidRuntime( 7047): 	at java.lang.reflect.Method.invoke(Method.java:515)
E/AndroidRuntime( 7047): 	at com.android.internal.os.ZygoteInit$MethodAndArgsCaller.run(ZygoteInit.java:779)
E/AndroidRuntime( 7047): 	at com.android.internal.os.ZygoteInit.main(ZygoteInit.java:595)
E/AndroidRuntime( 7047): 	at dalvik.system.NativeStart.main(Native Method)
E/AndroidRuntime( 7047): Caused by: java.lang.ClassNotFoundException: Didn't find class "com.google.firebase.provider.FirebaseInitProvider" on path: DexPathList[[zip file "/system/framework/com.google.android.maps.jar", zip file "/data/app/co.vero.app-2.apk"],nativeLibraryDirectories=[/data/app-lib/co.vero.app-2, /system/lib]]
E/AndroidRuntime( 7047): 	at dalvik.system.BaseDexClassLoader.findClass(BaseDexClassLoader.java:56)
E/AndroidRuntime( 7047): 	at java.lang.ClassLoader.loadClass(ClassLoader.java:497)
E/AndroidRuntime( 7047): 	at java.lang.ClassLoader.loadClass(ClassLoader.java:457)
E/AndroidRuntime( 7047): 	at android.app.ActivityThread.installProvider(ActivityThread.java:4780)
E/AndroidRuntime( 7047): 	... 12 more
I/Process (  492): Sending signal. PID: 7047 SIG: 9
W/ActivityManager(  492): Force-killing crashed app co.vero.app at watcher's request
I/ActivityManager(  492): Process co.vero.app (pid 7047) has died.
W/NetworkManagementSocketTagger(  492): setKernelCountSet(10087, 0) failed with errno -13
D/        (  492): HostConnection::get() New Host Connection established 0xb99336c0, tid 884
W/ContextImpl(  492): Calling a method in the system process without a qualified user: android.app.ContextImpl.sendBroadcast:1123 com.android.server.am.ActivityManagerService.handleApplicationCrashInner:9642 com.android.server.am.ActivityManagerService.handleApplicationCrash:9616 android.app.ActivityManagerNative.onTransact:1311 com.android.server.am.ActivityManagerService.onTransact:2071 
I/ActivityManager(  492): Start proc co.vero.app for activity co.vero.app/.ui.activities.SplashActivity: pid=7059 uid=10087 gids={50087, 3003, 1028, 1015, 1023}
W/NetworkManagementSocketTagger(  492): setKernelCountSet(10087, 1) failed with errno -13
I/dalvikvm( 7059): ignoring registerObject request in thread=1
I/dalvikvm( 7059): ignoring registerObject request in thread=1
I/dalvikvm( 7059): Could not find method android.content.res.Resources.getDrawable, referenced from method co.vero.app.App.d
W/dalvikvm( 7059): VFY: unable to resolve virtual method 608: Landroid/content/res/Resources;.getDrawable (ILandroid/content/res/Resources$Theme;)Landroid/graphics/drawable/Drawable;
D/dalvikvm( 7059): VFY: replacing opcode 0x6e at 0x000f
I/dalvikvm( 7059): Could not find method timber.log.Timber.b, referenced from method co.vero.app.App.onActivityCreated
W/dalvikvm( 7059): VFY: unable to resolve static method 64957: Ltimber/log/Timber;.b (Ljava/lang/String;[Ljava/lang/Object;)V
D/dalvikvm( 7059): VFY: replacing opcode 0x71 at 0x0005
W/dalvikvm( 7059): Unable to resolve superclass of Lco/vero/app/VTSUtils/ReleaseTree; (9615)
W/dalvikvm( 7059): Link of class 'Lco/vero/app/VTSUtils/ReleaseTree;' failed
E/dalvikvm( 7059): Could not find class 'co.vero.app.VTSUtils.ReleaseTree', referenced from method co.vero.app.App.onCreate
W/dalvikvm( 7059): VFY: unable to resolve new-instance 2731 (Lco/vero/app/VTSUtils/ReleaseTree;) in Lco/vero/app/App;
D/dalvikvm( 7059): VFY: replacing opcode 0x22 at 0x0007
I/dalvikvm( 7059): Could not find method timber.log.Timber.c, referenced from method co.vero.app.App.onLowMemory
W/dalvikvm( 7059): VFY: unable to resolve static method 64958: Ltimber/log/Timber;.c (Ljava/lang/String;[Ljava/lang/Object;)V
D/dalvikvm( 7059): VFY: replacing opcode 0x71 at 0x0008
I/dalvikvm( 7059): Could not find method timber.log.Timber.c, referenced from method co.vero.app.App.onTerminate
W/dalvikvm( 7059): VFY: unable to resolve static method 64958: Ltimber/log/Timber;.c (Ljava/lang/String;[Ljava/lang/Object;)V
D/dalvikvm( 7059): VFY: replacing opcode 0x71 at 0x0008
W/dalvikvm( 7059): Unable to resolve superclass of Lco/vero/app/VTSUtils/ReleaseTree; (9615)
W/dalvikvm( 7059): Link of class 'Lco/vero/app/VTSUtils/ReleaseTree;' failed
D/dalvikvm( 7059): DexOpt: unable to opt direct call 0x5712 at 0x09 in Lco/vero/app/App;.onCreate
D/dalvikvm( 7059): DexOpt: unable to opt direct call 0xf554 at 0x2c in Lco/vero/app/App;.onCreate
W/dalvikvm( 7059): Unable to resolve superclass of Lcom/crashlytics/android/Crashlytics; (9049)
W/dalvikvm( 7059): Link of class 'Lcom/crashlytics/android/Crashlytics;' failed
D/dalvikvm( 7059): DexOpt: unable to opt direct call 0xb656 at 0x3c in Lco/vero/app/App;.onCreate
D/dalvikvm( 7059): DexOpt: unable to opt direct call 0xf556 at 0x44 in Lco/vero/app/App;.onCreate
D/dalvikvm( 7059): DexOpt: unable to opt direct call 0xf57b at 0x4c in Lco/vero/app/App;.onCreate
I/dalvikvm( 7059): DexOpt: unable to optimize static field ref 0xa9aa at 0xa2 in Lco/vero/app/App;.onCreate
I/dalvikvm( 7059): DexOpt: unable to optimize static field ref 0xa938 at 0xca in Lco/vero/app/App;.onCreate
D/AndroidRuntime( 7059): Shutting down VM
W/dalvikvm( 7059): threadid=1: thread exiting with uncaught exception (group=0x94c77b20)
E/AndroidRuntime( 7059): FATAL EXCEPTION: main
E/AndroidRuntime( 7059): Process: co.vero.app, PID: 7059
E/AndroidRuntime( 7059): java.lang.RuntimeException: Unable to get provider com.google.firebase.provider.FirebaseInitProvider: java.lang.ClassNotFoundException: Didn't find class "com.google.firebase.provider.FirebaseInitProvider" on path: DexPathList[[zip file "/system/framework/com.google.android.maps.jar", zip file "/data/app/co.vero.app-2.apk"],nativeLibraryDirectories=[/data/app-lib/co.vero.app-2, /system/lib]]
E/AndroidRuntime( 7059): 	at android.app.ActivityThread.installProvider(ActivityThread.java:4795)
E/AndroidRuntime( 7059): 	at android.app.ActivityThread.installContentProviders(ActivityThread.java:4387)
E/AndroidRuntime( 7059): 	at android.app.ActivityThread.handleBindApplication(ActivityThread.java:4327)
E/AndroidRuntime( 7059): 	at android.app.ActivityThread.access$1500(ActivityThread.java:135)
E/AndroidRuntime( 7059): 	at android.app.ActivityThread$H.handleMessage(ActivityThread.java:1256)
E/AndroidRuntime( 7059): 	at android.os.Handler.dispatchMessage(Handler.java:102)
E/AndroidRuntime( 7059): 	at android.os.Looper.loop(Looper.java:136)
E/AndroidRuntime( 7059): 	at android.app.ActivityThread.main(ActivityThread.java:5019)
E/AndroidRuntime( 7059): 	at java.lang.reflect.Method.invokeNative(Native Method)
E/AndroidRuntime( 7059): 	at java.lang.reflect.Method.invoke(Method.java:515)
E/AndroidRuntime( 7059): 	at com.android.internal.os.ZygoteInit$MethodAndArgsCaller.run(ZygoteInit.java:779)
E/AndroidRuntime( 7059): 	at com.android.internal.os.ZygoteInit.main(ZygoteInit.java:595)
E/AndroidRuntime( 7059): 	at dalvik.system.NativeStart.main(Native Method)
E/AndroidRuntime( 7059): Caused by: java.lang.ClassNotFoundException: Didn't find class "com.google.firebase.provider.FirebaseInitProvider" on path: DexPathList[[zip file "/system/framework/com.google.android.maps.jar", zip file "/data/app/co.vero.app-2.apk"],nativeLibraryDirectories=[/data/app-lib/co.vero.app-2, /system/lib]]
E/AndroidRuntime( 7059): 	at dalvik.system.BaseDexClassLoader.findClass(BaseDexClassLoader.java:56)
E/AndroidRuntime( 7059): 	at java.lang.ClassLoader.loadClass(ClassLoader.java:497)
E/AndroidRuntime( 7059): 	at java.lang.ClassLoader.loadClass(ClassLoader.java:457)
E/AndroidRuntime( 7059): 	at android.app.ActivityThread.installProvider(ActivityThread.java:4780)
E/AndroidRuntime( 7059): 	... 12 more
I/Process (  492): Sending signal. PID: 7059 SIG: 9
W/NetworkManagementSocketTagger(  492): setKernelCountSet(10087, 0) failed with errno -13
W/ActivityManager(  492): Force-killing crashed app co.vero.app at watcher's request
W/ContextImpl(  492): Calling a method in the system process without a qualified user: android.app.ContextImpl.sendBroadcast:1123 com.android.server.am.ActivityManagerService.handleApplicationCrashInner:9642 com.android.server.am.ActivityManagerService.handleApplicationCrash:9616 android.app.ActivityManagerNative.onTransact:1311 com.android.server.am.ActivityManagerService.onTransact:2071 
I/ActivityManager(  492): Process co.vero.app (pid 7059) has died.
I/ActivityManager(  492): Start proc co.vero.app for activity co.vero.app/.ui.activities.SplashActivity: pid=7071 uid=10087 gids={50087, 3003, 1028, 1015, 1023}
W/NetworkManagementSocketTagger(  492): setKernelCountSet(10087, 1) failed with errno -13
I/dalvikvm( 7071): ignoring registerObject request in thread=1
I/dalvikvm( 7071): ignoring registerObject request in thread=1
D/dalvikvm( 7071): WAIT_FOR_CONCURRENT_GC blocked 1ms
I/dalvikvm( 7071): Could not find method android.content.res.Resources.getDrawable, referenced from method co.vero.app.App.d
W/dalvikvm( 7071): VFY: unable to resolve virtual method 608: Landroid/content/res/Resources;.getDrawable (ILandroid/content/res/Resources$Theme;)Landroid/graphics/drawable/Drawable;
D/dalvikvm( 7071): VFY: replacing opcode 0x6e at 0x000f
I/dalvikvm( 7071): Could not find method timber.log.Timber.b, referenced from method co.vero.app.App.onActivityCreated
W/dalvikvm( 7071): VFY: unable to resolve static method 64957: Ltimber/log/Timber;.b (Ljava/lang/String;[Ljava/lang/Object;)V
D/dalvikvm( 7071): VFY: replacing opcode 0x71 at 0x0005
W/dalvikvm( 7071): Unable to resolve superclass of Lco/vero/app/VTSUtils/ReleaseTree; (9615)
W/dalvikvm( 7071): Link of class 'Lco/vero/app/VTSUtils/ReleaseTree;' failed
E/dalvikvm( 7071): Could not find class 'co.vero.app.VTSUtils.ReleaseTree', referenced from method co.vero.app.App.onCreate
W/dalvikvm( 7071): VFY: unable to resolve new-instance 2731 (Lco/vero/app/VTSUtils/ReleaseTree;) in Lco/vero/app/App;
D/dalvikvm( 7071): VFY: replacing opcode 0x22 at 0x0007
I/dalvikvm( 7071): Could not find method timber.log.Timber.c, referenced from method co.vero.app.App.onLowMemory
W/dalvikvm( 7071): VFY: unable to resolve static method 64958: Ltimber/log/Timber;.c (Ljava/lang/String;[Ljava/lang/Object;)V
D/dalvikvm( 7071): VFY: replacing opcode 0x71 at 0x0008
I/dalvikvm( 7071): Could not find method timber.log.Timber.c, referenced from method co.vero.app.App.onTerminate
W/dalvikvm( 7071): VFY: unable to resolve static method 64958: Ltimber/log/Timber;.c (Ljava/lang/String;[Ljava/lang/Object;)V
D/dalvikvm( 7071): VFY: replacing opcode 0x71 at 0x0008
W/dalvikvm( 7071): Unable to resolve superclass of Lco/vero/app/VTSUtils/ReleaseTree; (9615)
W/dalvikvm( 7071): Link of class 'Lco/vero/app/VTSUtils/ReleaseTree;' failed
D/dalvikvm( 7071): DexOpt: unable to opt direct call 0x5712 at 0x09 in Lco/vero/app/App;.onCreate
D/dalvikvm( 7071): DexOpt: unable to opt direct call 0xf554 at 0x2c in Lco/vero/app/App;.onCreate
W/dalvikvm( 7071): Unable to resolve superclass of Lcom/crashlytics/android/Crashlytics; (9049)
W/dalvikvm( 7071): Link of class 'Lcom/crashlytics/android/Crashlytics;' failed
D/dalvikvm( 7071): DexOpt: unable to opt direct call 0xb656 at 0x3c in Lco/vero/app/App;.onCreate
D/dalvikvm( 7071): DexOpt: unable to opt direct call 0xf556 at 0x44 in Lco/vero/app/App;.onCreate
D/dalvikvm( 7071): DexOpt: unable to opt direct call 0xf57b at 0x4c in Lco/vero/app/App;.onCreate
I/dalvikvm( 7071): DexOpt: unable to optimize static field ref 0xa9aa at 0xa2 in Lco/vero/app/App;.onCreate
I/dalvikvm( 7071): DexOpt: unable to optimize static field ref 0xa938 at 0xca in Lco/vero/app/App;.onCreate
D/AndroidRuntime( 7071): Shutting down VM
W/dalvikvm( 7071): threadid=1: thread exiting with uncaught exception (group=0x94c77b20)
I/Process (  492): Sending signal. PID: 7071 SIG: 9
E/AndroidRuntime( 7071): FATAL EXCEPTION: main
E/AndroidRuntime( 7071): Process: co.vero.app, PID: 7071
E/AndroidRuntime( 7071): java.lang.RuntimeException: Unable to get provider com.google.firebase.provider.FirebaseInitProvider: java.lang.ClassNotFoundException: Didn't find class "com.google.firebase.provider.FirebaseInitProvider" on path: DexPathList[[zip file "/system/framework/com.google.android.maps.jar", zip file "/data/app/co.vero.app-2.apk"],nativeLibraryDirectories=[/data/app-lib/co.vero.app-2, /system/lib]]
E/AndroidRuntime( 7071): 	at android.app.ActivityThread.installProvider(ActivityThread.java:4795)
E/AndroidRuntime( 7071): 	at android.app.ActivityThread.installContentProviders(ActivityThread.java:4387)
E/AndroidRuntime( 7071): 	at android.app.ActivityThread.handleBindApplication(ActivityThread.java:4327)
E/AndroidRuntime( 7071): 	at android.app.ActivityThread.access$1500(ActivityThread.java:135)
E/AndroidRuntime( 7071): 	at android.app.ActivityThread$H.handleMessage(ActivityThread.java:1256)
E/AndroidRuntime( 7071): 	at android.os.Handler.dispatchMessage(Handler.java:102)
E/AndroidRuntime( 7071): 	at android.os.Looper.loop(Looper.java:136)
E/AndroidRuntime( 7071): 	at android.app.ActivityThread.main(ActivityThread.java:5019)
E/AndroidRuntime( 7071): 	at java.lang.reflect.Method.invokeNative(Native Method)
E/AndroidRuntime( 7071): 	at java.lang.reflect.Method.invoke(Method.java:515)
E/AndroidRuntime( 7071): 	at com.android.internal.os.ZygoteInit$MethodAndArgsCaller.run(ZygoteInit.java:779)
E/AndroidRuntime( 7071): 	at com.android.internal.os.ZygoteInit.main(ZygoteInit.java:595)
E/AndroidRuntime( 7071): 	at dalvik.system.NativeStart.main(Native Method)
E/AndroidRuntime( 7071): Caused by: java.lang.ClassNotFoundException: Didn't find class "com.google.firebase.provider.FirebaseInitProvider" on path: DexPathList[[zip file "/system/framework/com.google.android.maps.jar", zip file "/data/app/co.vero.app-2.apk"],nativeLibraryDirectories=[/data/app-lib/co.vero.app-2, /system/lib]]
E/AndroidRuntime( 7071): 	at dalvik.system.BaseDexClassLoader.findClass(BaseDexClassLoader.java:56)
E/AndroidRuntime( 7071): 	at java.lang.ClassLoader.loadClass(ClassLoader.java:497)
E/AndroidRuntime( 7071): 	at java.lang.ClassLoader.loadClass(ClassLoader.java:457)
E/AndroidRuntime( 7071): 	at android.app.ActivityThread.installProvider(ActivityThread.java:4780)
E/AndroidRuntime( 7071): 	... 12 more
W/ActivityManager(  492): Force-killing crashed app co.vero.app at watcher's request
W/ContextImpl(  492): Calling a method in the system process without a qualified user: android.app.ContextImpl.sendBroadcast:1123 com.android.server.am.ActivityManagerService.handleApplicationCrashInner:9642 com.android.server.am.ActivityManagerService.handleApplicationCrash:9616 android.app.ActivityManagerNative.onTransact:1311 com.android.server.am.ActivityManagerService.onTransact:2071 
W/NetworkManagementSocketTagger(  492): setKernelCountSet(10087, 0) failed with errno -13
I/InputDispatcher(  492): Dropping event because there is no focused window or focused application.
I/InputDispatcher(  492): Dropping event because there is no focused window or focused application.
I/InputDispatcher(  492): Dropping event because there is no focused window or focused application.
I/InputDispatcher(  492): Dropping event because there is no focused window or focused application.
I/InputDispatcher(  492): Dropping event because there is no focused window or focused application.
I/ActivityManager(  492): Process co.vero.app (pid 7071) has died.
