W/ContextImpl(  480): Calling a method in the system process without a qualified user: android.app.ContextImpl.sendBroadcast:1123 com.android.server.InputMethodManagerService.showCurrentInputLocked:1791 com.android.server.InputMethodManagerService.attachNewInputLocked:1095 com.android.server.InputMethodManagerService.startInputUncheckedLocked:1166 com.android.server.InputMethodManagerService.startInputLocked:1128 
V/InputMethodService(  618): onEvaluateInputViewShown: config.hardKeyboardHidden = 2
V/InputMethodService(  618): onEvaluateInputViewShown: config.hardKeyboardHidden = 2
W/ContextImpl(  480): Calling a method in the system process without a qualified user: android.app.ContextImpl.sendBroadcast:1123 com.android.server.InputMethodManagerService.showCurrentInputLocked:1791 com.android.server.InputMethodManagerService.attachNewInputLocked:1095 com.android.server.InputMethodManagerService.startInputUncheckedLocked:1166 com.android.server.InputMethodManagerService.startInputLocked:1128 
V/InputMethodService(  618): onEvaluateInputViewShown: config.hardKeyboardHidden = 2
V/InputMethodService(  618): onEvaluateInputViewShown: config.hardKeyboardHidden = 2
W/System.err(21757): java.lang.NullPointerException
W/System.err(21757): 	at bbd$78.run(SourceFile:3878)
W/System.err(21757): 	at java.util.concurrent.Executors$RunnableAdapter.call(Executors.java:422)
W/System.err(21757): 	at java.util.concurrent.FutureTask.run(FutureTask.java:237)
W/System.err(21757): 	at java.util.concurrent.ThreadPoolExecutor.runWorker(ThreadPoolExecutor.java:1112)
W/System.err(21757): 	at java.util.concurrent.ThreadPoolExecutor$Worker.run(ThreadPoolExecutor.java:587)
W/System.err(21757): 	at java.lang.Thread.run(Thread.java:841)
W/DebugConnManager(21757): getNetworkInfo() on networkType 0
W/DebugConnManager(21757): getNetworkInfo() on networkType 1
W/ContextImpl(  480): Calling a method in the system process without a qualified user: android.app.ContextImpl.sendBroadcast:1123 com.android.server.InputMethodManagerService.showCurrentInputLocked:1791 com.android.server.InputMethodManagerService.attachNewInputLocked:1095 com.android.server.InputMethodManagerService.startInputUncheckedLocked:1166 com.android.server.InputMethodManagerService.startInputLocked:1128 
W/ContextImpl(  480): Calling a method in the system process without a qualified user: android.app.ContextImpl.sendBroadcast:1123 com.android.server.InputMethodManagerService.showCurrentInputLocked:1791 com.android.server.InputMethodManagerService.attachNewInputLocked:1095 com.android.server.InputMethodManagerService.startInputUncheckedLocked:1166 com.android.server.InputMethodManagerService.startInputLocked:1128 
I/ActivityManager(  480): START u0 {act=android.intent.action.MAIN cat=[android.intent.category.LAUNCHER] flg=0x10200000 cmp=com.paltalk.chat.android/com.paltalk.chat.base.activity.StartupActivity} from pid 21747
W/ContextImpl(  480): Calling a method in the system process without a qualified user: android.app.ContextImpl.sendBroadcast:1123 com.android.server.InputMethodManagerService.showCurrentInputLocked:1791 com.android.server.InputMethodManagerService.attachNewInputLocked:1095 com.android.server.InputMethodManagerService.startInputUncheckedLocked:1166 com.android.server.InputMethodManagerService.startInputLocked:1128 
W/IInputConnectionWrapper(21757): getCursorCapsMode on inactive InputConnection
V/InputMethodService(  618): onEvaluateInputViewShown: config.hardKeyboardHidden = 2
V/InputMethodService(  618): onEvaluateInputViewShown: config.hardKeyboardHidden = 2
W/ContextImpl(  480): Calling a method in the system process without a qualified user: android.app.ContextImpl.sendBroadcast:1123 com.android.server.InputMethodManagerService.showCurrentInputLocked:1791 com.android.server.InputMethodManagerService.attachNewInputLocked:1095 com.android.server.InputMethodManagerService.startInputUncheckedLocked:1166 com.android.server.InputMethodManagerService.startInputLocked:1128 
W/IInputConnectionWrapper(21757): getCursorCapsMode on inactive InputConnection
V/InputMethodService(  618): onEvaluateInputViewShown: config.hardKeyboardHidden = 2
V/InputMethodService(  618): onEvaluateInputViewShown: config.hardKeyboardHidden = 2
V/InputMethodService(  618): onEvaluateInputViewShown: config.hardKeyboardHidden = 2
V/InputMethodService(  618): onEvaluateInputViewShown: config.hardKeyboardHidden = 2
V/InputMethodService(  618): onEvaluateInputViewShown: config.hardKeyboardHidden = 2
V/InputMethodService(  618): onEvaluateInputViewShown: config.hardKeyboardHidden = 2
V/InputMethodService(  618): onEvaluateInputViewShown: config.hardKeyboardHidden = 2
W/ContextImpl(  480): Calling a method in the system process without a qualified user: android.app.ContextImpl.sendBroadcast:1123 com.android.server.InputMethodManagerService.showCurrentInputLocked:1791 com.android.server.InputMethodManagerService.showSoftInput:1753 com.android.internal.view.IInputMethodManager$Stub.onTransact:175 com.android.server.InputMethodManagerService.onTransact:818 
V/InputMethodService(  618): onEvaluateInputViewShown: config.hardKeyboardHidden = 2
V/InputMethodService(  618): onEvaluateInputViewShown: config.hardKeyboardHidden = 2
V/InputMethodService(  618): onEvaluateInputViewShown: config.hardKeyboardHidden = 2
V/InputMethodService(  618): onEvaluateInputViewShown: config.hardKeyboardHidden = 2
V/InputMethodService(  618): onEvaluateInputViewShown: config.hardKeyboardHidden = 2
W/ContextImpl(  480): Calling a method in the system process without a qualified user: android.app.ContextImpl.sendBroadcast:1123 com.android.server.InputMethodManagerService.showCurrentInputLocked:1791 com.android.server.InputMethodManagerService.showSoftInput:1753 com.android.internal.view.IInputMethodManager$Stub.onTransact:175 com.android.server.InputMethodManagerService.onTransact:818 
W/ContextImpl(  480): Calling a method in the system process without a qualified user: android.app.ContextImpl.sendBroadcast:1123 com.android.server.InputMethodManagerService.showCurrentInputLocked:1791 com.android.server.InputMethodManagerService.showSoftInput:1753 com.android.internal.view.IInputMethodManager$Stub.onTransact:175 com.android.server.InputMethodManagerService.onTransact:818 
W/System.err(21757): java.lang.NullPointerException
W/System.err(21757): 	at bbd$78.run(SourceFile:3878)
W/System.err(21757): 	at java.util.concurrent.Executors$RunnableAdapter.call(Executors.java:422)
W/System.err(21757): 	at java.util.concurrent.FutureTask.run(FutureTask.java:237)
W/System.err(21757): 	at java.util.concurrent.ThreadPoolExecutor.runWorker(ThreadPoolExecutor.java:1112)
W/System.err(21757): 	at java.util.concurrent.ThreadPoolExecutor$Worker.run(ThreadPoolExecutor.java:587)
W/System.err(21757): 	at java.lang.Thread.run(Thread.java:841)
W/DebugConnManager(21757): getNetworkInfo() on networkType 0
W/DebugConnManager(21757): getNetworkInfo() on networkType 1
W/ContextImpl(  480): Calling a method in the system process without a qualified user: android.app.ContextImpl.sendBroadcast:1123 com.android.server.InputMethodManagerService.showCurrentInputLocked:1791 com.android.server.InputMethodManagerService.attachNewInputLocked:1095 com.android.server.InputMethodManagerService.startInputUncheckedLocked:1166 com.android.server.InputMethodManagerService.startInputLocked:1128 
W/IInputConnectionWrapper(21757): getCursorCapsMode on inactive InputConnection
V/InputMethodService(  618): onEvaluateInputViewShown: config.hardKeyboardHidden = 2
V/InputMethodService(  618): onEvaluateInputViewShown: config.hardKeyboardHidden = 2
W/System.err(21757): java.lang.NullPointerException
W/System.err(21757): 	at bbd$78.run(SourceFile:3878)
W/System.err(21757): 	at java.util.concurrent.Executors$RunnableAdapter.call(Executors.java:422)
W/System.err(21757): 	at java.util.concurrent.FutureTask.run(FutureTask.java:237)
W/System.err(21757): 	at java.util.concurrent.ThreadPoolExecutor.runWorker(ThreadPoolExecutor.java:1112)
W/System.err(21757): 	at java.util.concurrent.ThreadPoolExecutor$Worker.run(ThreadPoolExecutor.java:587)
W/System.err(21757): 	at java.lang.Thread.run(Thread.java:841)
W/DebugConnManager(21757): getNetworkInfo() on networkType 0
W/DebugConnManager(21757): getNetworkInfo() on networkType 1
W/ContextImpl(  480): Calling a method in the system process without a qualified user: android.app.ContextImpl.sendBroadcast:1123 com.android.server.InputMethodManagerService.showCurrentInputLocked:1791 com.android.server.InputMethodManagerService.attachNewInputLocked:1095 com.android.server.InputMethodManagerService.startInputUncheckedLocked:1166 com.android.server.InputMethodManagerService.startInputLocked:1128 
W/ContextImpl(  480): Calling a method in the system process without a qualified user: android.app.ContextImpl.sendBroadcast:1123 com.android.server.InputMethodManagerService.showCurrentInputLocked:1791 com.android.server.InputMethodManagerService.attachNewInputLocked:1095 com.android.server.InputMethodManagerService.startInputUncheckedLocked:1166 com.android.server.InputMethodManagerService.startInputLocked:1128 
W/IInputConnectionWrapper(21757): getCursorCapsMode on inactive InputConnection
V/InputMethodService(  618): onEvaluateInputViewShown: config.hardKeyboardHidden = 2
V/InputMethodService(  618): onEvaluateInputViewShown: config.hardKeyboardHidden = 2
W/ContextImpl(  480): Calling a method in the system process without a qualified user: android.app.ContextImpl.sendBroadcast:1123 com.android.server.InputMethodManagerService.showCurrentInputLocked:1791 com.android.server.InputMethodManagerService.attachNewInputLocked:1095 com.android.server.InputMethodManagerService.startInputUncheckedLocked:1166 com.android.server.InputMethodManagerService.startInputLocked:1128 
W/IInputConnectionWrapper(21757): getCursorCapsMode on inactive InputConnection
V/InputMethodService(  618): onEvaluateInputViewShown: config.hardKeyboardHidden = 2
V/InputMethodService(  618): onEvaluateInputViewShown: config.hardKeyboardHidden = 2
V/InputMethodService(  618): onEvaluateInputViewShown: config.hardKeyboardHidden = 2
V/InputMethodService(  618): onEvaluateInputViewShown: config.hardKeyboardHidden = 2
V/InputMethodService(  618): onEvaluateInputViewShown: config.hardKeyboardHidden = 2
V/InputMethodService(  618): onEvaluateInputViewShown: config.hardKeyboardHidden = 2
W/ContextImpl(  480): Calling a method in the system process without a qualified user: android.app.ContextImpl.sendBroadcast:1123 com.android.server.InputMethodManagerService.showCurrentInputLocked:1791 com.android.server.InputMethodManagerService.showSoftInput:1753 com.android.internal.view.IInputMethodManager$Stub.onTransact:175 com.android.server.InputMethodManagerService.onTransact:818 
I/System.out(21757): body:<agc: java.io.InputStream a(java.net.URL,int,java.net.URL,java.util.Map)>	sig:$i1 = virtualinvoke $r4.<java.net.HttpURLConnection: int getResponseCode()>()	timediff:141
I/System.out(21757): body:<agc: java.io.InputStream a(java.net.URL,int,java.net.URL,java.util.Map)>	sig:$r15 = virtualinvoke $r4.<java.net.HttpURLConnection: java.lang.String getContentEncoding()>()	timediff:0
I/System.out(21757): body:<agc: java.io.InputStream a(java.net.URL,int,java.net.URL,java.util.Map)>	sig:$i2 = virtualinvoke $r4.<java.net.HttpURLConnection: int getContentLength()>()	timediff:0
I/System.out(21757): body:<agc: java.io.InputStream a(java.net.URL,int,java.net.URL,java.util.Map)>	sig:$r16 = virtualinvoke $r4.<java.net.HttpURLConnection: java.io.InputStream getInputStream()>()	timediff:0
I/System.out(21757): body:<empirical.HelperClass: void printURLInfo(java.lang.String,java.lang.String,java.net.URLConnection)>	sig:$r0 = virtualinvoke urlConnection.<java.net.URLConnection: java.net.URL getURL()>()	timediff:0
I/System.out(21757): body:<empirical.HelperClass: void printURLInfo(java.lang.String,java.lang.String,java.net.URLConnection)>	sig:urlString = virtualinvoke $r0.<java.net.URL: java.lang.String toString()>()	timediff:0
I/System.out(21757): body:<empirical.HelperClass: void printURLInfo(java.lang.String,java.lang.String,java.net.URLConnection)>	sig:isDoOutput = virtualinvoke urlConnection.<java.net.URLConnection: boolean getDoOutput()>()	timediff:0
I/System.out(21757): body:<empirical.HelperClass: java.lang.String getHeaderField(java.net.URLConnection,java.lang.String)>	sig:data = virtualinvoke conn.<java.net.URLConnection: java.lang.String getHeaderField(java.lang.String)>(field)	timediff:0
I/System.out(21757): body:<empirical.HelperClass: java.lang.String getHeaderField(java.net.URLConnection,java.lang.String)>	sig:data = virtualinvoke conn.<java.net.URLConnection: java.lang.String getHeaderField(java.lang.String)>(field)	timediff:0
I/System.out(21757): body:<empirical.HelperClass: java.lang.String getHeaderField(java.net.URLConnection,java.lang.String)>	sig:data = virtualinvoke conn.<java.net.URLConnection: java.lang.String getHeaderField(java.lang.String)>(field)	timediff:0
I/System.out(21757): body:<empirical.HelperClass: java.lang.String getHeaderField(java.net.URLConnection,java.lang.String)>	sig:data = virtualinvoke conn.<java.net.URLConnection: java.lang.String getHeaderField(java.lang.String)>(field)	timediff:0
I/System.out(21757): body:<empirical.HelperClass: java.lang.String getHeaderField(java.net.URLConnection,java.lang.String)>	sig:data = virtualinvoke conn.<java.net.URLConnection: java.lang.String getHeaderField(java.lang.String)>(field)	timediff:0
I/System.out(21757): URLConn;%;47;%;<agc: java.io.InputStream a(java.net.URL,int,java.net.URL,java.util.Map)>;%;$r16 = virtualinvoke $r4.<java.net.HttpURLConnection: java.io.InputStream getInputStream()>();%;http://www.paltalk.com/f/styles/mobile_sticker/public/sticker/peanutschristmas_1/3e39461f-b0f2-4a7a-9c51-47ac324739b5.png;%;false;%;12238;%;max-age=600;%;Wed, 18 Apr 2018 18:32:26 GMT;%;Not found;%;Not found
I/System.out(21757): body:<agc: void a()>	sig:virtualinvoke $r2.<java.net.HttpURLConnection: void disconnect()>()	timediff:0
I/System.out(21757): body:<agc: java.lang.Object a(int)>	sig:specialinvoke $r1.<java.net.URL: void <init>(java.lang.String)>($r3)	timediff:0
I/System.out(21757): <agc: java.lang.Object a(int)>###specialinvoke $r1.<java.net.URL: void <init>(java.lang.String)>($r3)###http://www.paltalk.com/f/styles/mobile_sticker/public/sticker/peanutschristmas_3/fa53678b-2e27-452b-948d-f4c2d1f4be9f.png
I/ActivityManager(  480): START u0 {act=SSO_WITH_FALLBACK cmp=com.paltalk.chat.android/com.facebook.FacebookActivity (has extras)} from pid 21757
I/System.out(21757): body:<agd: java.net.HttpURLConnection a(java.net.URL)>	sig:$r2 = virtualinvoke $r1.<java.net.URL: java.net.URLConnection openConnection()>()	timediff:0
I/System.out(21757): body:<agc: java.io.InputStream a(java.net.URL,int,java.net.URL,java.util.Map)>	sig:virtualinvoke $r4.<java.net.HttpURLConnection: void addRequestProperty(java.lang.String,java.lang.String)>($r14, $r15)	timediff:0
I/System.out(21757): body:<agc: java.io.InputStream a(java.net.URL,int,java.net.URL,java.util.Map)>	sig:virtualinvoke $r4.<java.net.HttpURLConnection: void addRequestProperty(java.lang.String,java.lang.String)>($r14, $r15)	timediff:0
I/System.out(21757): body:<agc: java.io.InputStream a(java.net.URL,int,java.net.URL,java.util.Map)>	sig:virtualinvoke $r4.<java.net.HttpURLConnection: void setConnectTimeout(int)>(2500)	timediff:0
I/System.out(21757): body:<agc: java.io.InputStream a(java.net.URL,int,java.net.URL,java.util.Map)>	sig:virtualinvoke $r4.<java.net.HttpURLConnection: void setReadTimeout(int)>(2500)	timediff:0
I/System.out(21757): body:<agc: java.io.InputStream a(java.net.URL,int,java.net.URL,java.util.Map)>	sig:virtualinvoke $r4.<java.net.HttpURLConnection: void setUseCaches(boolean)>(0)	timediff:0
I/System.out(21757): body:<agc: java.io.InputStream a(java.net.URL,int,java.net.URL,java.util.Map)>	sig:virtualinvoke $r4.<java.net.HttpURLConnection: void setDoInput(boolean)>(1)	timediff:0
I/System.out(21757): body:<agc: java.io.InputStream a(java.net.URL,int,java.net.URL,java.util.Map)>	sig:virtualinvoke $r4.<java.net.HttpURLConnection: void connect()>()	timediff:0
I/System.out(21757): body:<agc: java.io.InputStream a(java.net.URL,int,java.net.URL,java.util.Map)>	sig:$i1 = virtualinvoke $r4.<java.net.HttpURLConnection: int getResponseCode()>()	timediff:195
I/System.out(21757): body:<agc: java.io.InputStream a(java.net.URL,int,java.net.URL,java.util.Map)>	sig:$r15 = virtualinvoke $r4.<java.net.HttpURLConnection: java.lang.String getContentEncoding()>()	timediff:0
I/System.out(21757): body:<agc: java.io.InputStream a(java.net.URL,int,java.net.URL,java.util.Map)>	sig:$i2 = virtualinvoke $r4.<java.net.HttpURLConnection: int getContentLength()>()	timediff:0
I/System.out(21757): body:<agc: java.io.InputStream a(java.net.URL,int,java.net.URL,java.util.Map)>	sig:$r16 = virtualinvoke $r4.<java.net.HttpURLConnection: java.io.InputStream getInputStream()>()	timediff:0
I/System.out(21757): body:<empirical.HelperClass: void printURLInfo(java.lang.String,java.lang.String,java.net.URLConnection)>	sig:$r0 = virtualinvoke urlConnection.<java.net.URLConnection: java.net.URL getURL()>()	timediff:0
I/System.out(21757): body:<empirical.HelperClass: void printURLInfo(java.lang.String,java.lang.String,java.net.URLConnection)>	sig:urlString = virtualinvoke $r0.<java.net.URL: java.lang.String toString()>()	timediff:0
I/System.out(21757): body:<empirical.HelperClass: void printURLInfo(java.lang.String,java.lang.String,java.net.URLConnection)>	sig:isDoOutput = virtualinvoke urlConnection.<java.net.URLConnection: boolean getDoOutput()>()	timediff:0
I/System.out(21757): body:<empirical.HelperClass: java.lang.String getHeaderField(java.net.URLConnection,java.lang.String)>	sig:data = virtualinvoke conn.<java.net.URLConnection: java.lang.String getHeaderField(java.lang.String)>(field)	timediff:0
I/System.out(21757): body:<empirical.HelperClass: java.lang.String getHeaderField(java.net.URLConnection,java.lang.String)>	sig:data = virtualinvoke conn.<java.net.URLConnection: java.lang.String getHeaderField(java.lang.String)>(field)	timediff:0
I/System.out(21757): body:<empirical.HelperClass: java.lang.String getHeaderField(java.net.URLConnection,java.lang.String)>	sig:data = virtualinvoke conn.<java.net.URLConnection: java.lang.String getHeaderField(java.lang.String)>(field)	timediff:0
I/System.out(21757): body:<empirical.HelperClass: java.lang.String getHeaderField(java.net.URLConnection,java.lang.String)>	sig:data = virtualinvoke conn.<java.net.URLConnection: java.lang.String getHeaderField(java.lang.String)>(field)	timediff:0
I/System.out(21757): body:<empirical.HelperClass: java.lang.String getHeaderField(java.net.URLConnection,java.lang.String)>	sig:data = virtualinvoke conn.<java.net.URLConnection: java.lang.String getHeaderField(java.lang.String)>(field)	timediff:0
I/System.out(21757): URLConn;%;48;%;<agc: java.io.InputStream a(java.net.URL,int,java.net.URL,java.util.Map)>;%;$r16 = virtualinvoke $r4.<java.net.HttpURLConnection: java.io.InputStream getInputStream()>();%;http://www.paltalk.com/f/stickerpack/peanutschristmas/a140f028-168a-49dc-8524-8541183fd91d.png;%;false;%;24896;%;max-age=600;%;Wed, 18 Apr 2018 18:32:26 GMT;%;Not found;%;AWSELB=CD634DB110FC66988D1988CEA3F039086F3932688578911B2355AADC381DDBD66BB2328FDCC03CCA6A54DBFE364292D5AF67BEC13CB4429F67122A53A7636741A05DAB86DB;PATH=/;MAX-AGE=60
I/System.out(21757): body:<agc: void a()>	sig:virtualinvoke $r2.<java.net.HttpURLConnection: void disconnect()>()	timediff:0
I/System.out(21757): body:<agc: java.lang.Object a(int)>	sig:specialinvoke $r1.<java.net.URL: void <init>(java.lang.String)>($r3)	timediff:0
I/System.out(21757): <agc: java.lang.Object a(int)>###specialinvoke $r1.<java.net.URL: void <init>(java.lang.String)>($r3)###http://www.paltalk.com/f/styles/mobile_sticker/public/sticker/peanutschristmas_2/4d890fc5-4e4f-40d0-9192-94d2efe8afdb.png
I/System.out(21757): body:<agd: java.net.HttpURLConnection a(java.net.URL)>	sig:$r2 = virtualinvoke $r1.<java.net.URL: java.net.URLConnection openConnection()>()	timediff:0
I/System.out(21757): body:<agc: java.io.InputStream a(java.net.URL,int,java.net.URL,java.util.Map)>	sig:virtualinvoke $r4.<java.net.HttpURLConnection: void addRequestProperty(java.lang.String,java.lang.String)>($r14, $r15)	timediff:0
I/System.out(21757): body:<agc: java.io.InputStream a(java.net.URL,int,java.net.URL,java.util.Map)>	sig:virtualinvoke $r4.<java.net.HttpURLConnection: void addRequestProperty(java.lang.String,java.lang.String)>($r14, $r15)	timediff:0
I/System.out(21757): body:<agc: java.io.InputStream a(java.net.URL,int,java.net.URL,java.util.Map)>	sig:virtualinvoke $r4.<java.net.HttpURLConnection: void setConnectTimeout(int)>(2500)	timediff:0
I/System.out(21757): body:<agc: java.io.InputStream a(java.net.URL,int,java.net.URL,java.util.Map)>	sig:virtualinvoke $r4.<java.net.HttpURLConnection: void setReadTimeout(int)>(2500)	timediff:0
I/System.out(21757): body:<agc: java.io.InputStream a(java.net.URL,int,java.net.URL,java.util.Map)>	sig:virtualinvoke $r4.<java.net.HttpURLConnection: void setUseCaches(boolean)>(0)	timediff:0
I/System.out(21757): body:<agc: java.io.InputStream a(java.net.URL,int,java.net.URL,java.util.Map)>	sig:virtualinvoke $r4.<java.net.HttpURLConnection: void setDoInput(boolean)>(1)	timediff:0
I/System.out(21757): body:<agc: java.io.InputStream a(java.net.URL,int,java.net.URL,java.util.Map)>	sig:virtualinvoke $r4.<java.net.HttpURLConnection: void connect()>()	timediff:0
W/FlurryAgent(21757): Flurry session resumed for context:com.facebook.FacebookActivity@4ae20c24
E/ActivityThread(21757): Failed to find provider info for com.facebook.katana.provider.PlatformProvider
E/ActivityThread(21757): Failed to find provider info for com.facebook.wakizashi.provider.PlatformProvider
D/dalvikvm(21757): GC_CONCURRENT freed 6039K, 22% free 13415K/16984K, paused 1ms+1ms, total 24ms
W/ViewRootImpl(21757): Dropping event due to no window focus: KeyEvent { action=ACTION_DOWN, keyCode=KEYCODE_MENU, scanCode=0, metaState=0, flags=0x8, repeatCount=0, eventTime=1535360, downTime=1535360, deviceId=-1, source=0x101 }
W/EGL_emulation(21757): eglSurfaceAttrib not implemented 3093 12436
W/EGL_emulation(21757): eglSurfaceAttrib not implemented 3093 12436
W/ContextImpl(  480): Calling a method in the system process without a qualified user: android.app.ContextImpl.sendBroadcast:1123 com.android.server.InputMethodManagerService.hideCurrentInputLocked:1880 com.android.server.InputMethodManagerService.windowGainedFocus:1968 com.android.internal.view.IInputMethodManager$Stub.onTransact:221 com.android.server.InputMethodManagerService.onTransact:818 
I/System.out(21757): body:<agc: java.io.InputStream a(java.net.URL,int,java.net.URL,java.util.Map)>	sig:$i1 = virtualinvoke $r4.<java.net.HttpURLConnection: int getResponseCode()>()	timediff:145
I/System.out(21757): body:<agc: java.io.InputStream a(java.net.URL,int,java.net.URL,java.util.Map)>	sig:$r15 = virtualinvoke $r4.<java.net.HttpURLConnection: java.lang.String getContentEncoding()>()	timediff:0
I/System.out(21757): body:<agc: java.io.InputStream a(java.net.URL,int,java.net.URL,java.util.Map)>	sig:$i2 = virtualinvoke $r4.<java.net.HttpURLConnection: int getContentLength()>()	timediff:0
I/System.out(21757): body:<agc: java.io.InputStream a(java.net.URL,int,java.net.URL,java.util.Map)>	sig:$r16 = virtualinvoke $r4.<java.net.HttpURLConnection: java.io.InputStream getInputStream()>()	timediff:0
I/System.out(21757): body:<empirical.HelperClass: void printURLInfo(java.lang.String,java.lang.String,java.net.URLConnection)>	sig:$r0 = virtualinvoke urlConnection.<java.net.URLConnection: java.net.URL getURL()>()	timediff:0
I/System.out(21757): body:<empirical.HelperClass: void printURLInfo(java.lang.String,java.lang.String,java.net.URLConnection)>	sig:urlString = virtualinvoke $r0.<java.net.URL: java.lang.String toString()>()	timediff:0
I/System.out(21757): body:<empirical.HelperClass: void printURLInfo(java.lang.String,java.lang.String,java.net.URLConnection)>	sig:isDoOutput = virtualinvoke urlConnection.<java.net.URLConnection: boolean getDoOutput()>()	timediff:0
I/System.out(21757): body:<empirical.HelperClass: java.lang.String getHeaderField(java.net.URLConnection,java.lang.String)>	sig:data = virtualinvoke conn.<java.net.URLConnection: java.lang.String getHeaderField(java.lang.String)>(field)	timediff:0
I/System.out(21757): body:<empirical.HelperClass: java.lang.String getHeaderField(java.net.URLConnection,java.lang.String)>	sig:data = virtualinvoke conn.<java.net.URLConnection: java.lang.String getHeaderField(java.lang.String)>(field)	timediff:0
I/System.out(21757): body:<empirical.HelperClass: java.lang.String getHeaderField(java.net.URLConnection,java.lang.String)>	sig:data = virtualinvoke conn.<java.net.URLConnection: java.lang.String getHeaderField(java.lang.String)>(field)	timediff:0
I/System.out(21757): body:<empirical.HelperClass: java.lang.String getHeaderField(java.net.URLConnection,java.lang.String)>	sig:data = virtualinvoke conn.<java.net.URLConnection: java.lang.String getHeaderField(java.lang.String)>(field)	timediff:0
I/System.out(21757): body:<empirical.HelperClass: java.lang.String getHeaderField(java.net.URLConnection,java.lang.String)>	sig:data = virtualinvoke conn.<java.net.URLConnection: java.lang.String getHeaderField(java.lang.String)>(field)	timediff:0
I/System.out(21757): URLConn;%;49;%;<agc: java.io.InputStream a(java.net.URL,int,java.net.URL,java.util.Map)>;%;$r16 = virtualinvoke $r4.<java.net.HttpURLConnection: java.io.InputStream getInputStream()>();%;http://www.paltalk.com/f/styles/mobile_sticker/public/sticker/peanutschristmas_3/fa53678b-2e27-452b-948d-f4c2d1f4be9f.png;%;false;%;15777;%;max-age=600;%;Wed, 18 Apr 2018 18:32:26 GMT;%;Not found;%;Not found
I/InputDispatcher(  480): Dropped event because of pending overdue app switch.
I/System.out(21757): body:<agc: void a()>	sig:virtualinvoke $r2.<java.net.HttpURLConnection: void disconnect()>()	timediff:0
I/System.out(21757): body:<agc: java.lang.Object a(int)>	sig:specialinvoke $r1.<java.net.URL: void <init>(java.lang.String)>($r3)	timediff:0
I/System.out(21757): <agc: java.lang.Object a(int)>###specialinvoke $r1.<java.net.URL: void <init>(java.lang.String)>($r3)###http://www.paltalk.com/f/styles/mobile_sticker/public/sticker/peanutschristmas_4/6a9ceb89-0640-4a18-a03d-3866feb28204.png
I/System.out(21757): body:<agd: java.net.HttpURLConnection a(java.net.URL)>	sig:$r2 = virtualinvoke $r1.<java.net.URL: java.net.URLConnection openConnection()>()	timediff:0
I/System.out(21757): body:<agc: java.io.InputStream a(java.net.URL,int,java.net.URL,java.util.Map)>	sig:virtualinvoke $r4.<java.net.HttpURLConnection: void addRequestProperty(java.lang.String,java.lang.String)>($r14, $r15)	timediff:0
I/System.out(21757): body:<agc: java.io.InputStream a(java.net.URL,int,java.net.URL,java.util.Map)>	sig:virtualinvoke $r4.<java.net.HttpURLConnection: void addRequestProperty(java.lang.String,java.lang.String)>($r14, $r15)	timediff:0
I/System.out(21757): body:<agc: java.io.InputStream a(java.net.URL,int,java.net.URL,java.util.Map)>	sig:virtualinvoke $r4.<java.net.HttpURLConnection: void setConnectTimeout(int)>(2500)	timediff:0
I/System.out(21757): body:<agc: java.io.InputStream a(java.net.URL,int,java.net.URL,java.util.Map)>	sig:virtualinvoke $r4.<java.net.HttpURLConnection: void setReadTimeout(int)>(2500)	timediff:0
I/System.out(21757): body:<agc: java.io.InputStream a(java.net.URL,int,java.net.URL,java.util.Map)>	sig:virtualinvoke $r4.<java.net.HttpURLConnection: void setUseCaches(boolean)>(0)	timediff:0
I/System.out(21757): body:<agc: java.io.InputStream a(java.net.URL,int,java.net.URL,java.util.Map)>	sig:virtualinvoke $r4.<java.net.HttpURLConnection: void setDoInput(boolean)>(1)	timediff:0
I/System.out(21757): body:<agc: java.io.InputStream a(java.net.URL,int,java.net.URL,java.util.Map)>	sig:virtualinvoke $r4.<java.net.HttpURLConnection: void connect()>()	timediff:1
W/InputManager(  480): Input event injection from pid 21747 failed.
I/ActivityManager(  480): Displayed com.paltalk.chat.android/com.facebook.FacebookActivity: +140ms
I/chromium(21757): [INFO:simple_index_file.cc(397)] Simple Cache Index is being restored from disk.
I/System.out(21757): body:<agc: java.io.InputStream a(java.net.URL,int,java.net.URL,java.util.Map)>	sig:$i1 = virtualinvoke $r4.<java.net.HttpURLConnection: int getResponseCode()>()	timediff:157
I/System.out(21757): body:<agc: java.io.InputStream a(java.net.URL,int,java.net.URL,java.util.Map)>	sig:$r15 = virtualinvoke $r4.<java.net.HttpURLConnection: java.lang.String getContentEncoding()>()	timediff:0
I/System.out(21757): body:<agc: java.io.InputStream a(java.net.URL,int,java.net.URL,java.util.Map)>	sig:$i2 = virtualinvoke $r4.<java.net.HttpURLConnection: int getContentLength()>()	timediff:0
I/System.out(21757): body:<agc: java.io.InputStream a(java.net.URL,int,java.net.URL,java.util.Map)>	sig:$r16 = virtualinvoke $r4.<java.net.HttpURLConnection: java.io.InputStream getInputStream()>()	timediff:0
I/System.out(21757): body:<empirical.HelperClass: void printURLInfo(java.lang.String,java.lang.String,java.net.URLConnection)>	sig:$r0 = virtualinvoke urlConnection.<java.net.URLConnection: java.net.URL getURL()>()	timediff:0
I/System.out(21757): body:<empirical.HelperClass: void printURLInfo(java.lang.String,java.lang.String,java.net.URLConnection)>	sig:urlString = virtualinvoke $r0.<java.net.URL: java.lang.String toString()>()	timediff:0
I/System.out(21757): body:<empirical.HelperClass: void printURLInfo(java.lang.String,java.lang.String,java.net.URLConnection)>	sig:isDoOutput = virtualinvoke urlConnection.<java.net.URLConnection: boolean getDoOutput()>()	timediff:0
I/System.out(21757): body:<empirical.HelperClass: java.lang.String getHeaderField(java.net.URLConnection,java.lang.String)>	sig:data = virtualinvoke conn.<java.net.URLConnection: java.lang.String getHeaderField(java.lang.String)>(field)	timediff:0
I/System.out(21757): body:<empirical.HelperClass: java.lang.String getHeaderField(java.net.URLConnection,java.lang.String)>	sig:data = virtualinvoke conn.<java.net.URLConnection: java.lang.String getHeaderField(java.lang.String)>(field)	timediff:0
I/System.out(21757): body:<empirical.HelperClass: java.lang.String getHeaderField(java.net.URLConnection,java.lang.String)>	sig:data = virtualinvoke conn.<java.net.URLConnection: java.lang.String getHeaderField(java.lang.String)>(field)	timediff:0
I/System.out(21757): body:<empirical.HelperClass: java.lang.String getHeaderField(java.net.URLConnection,java.lang.String)>	sig:data = virtualinvoke conn.<java.net.URLConnection: java.lang.String getHeaderField(java.lang.String)>(field)	timediff:0
I/System.out(21757): body:<empirical.HelperClass: java.lang.String getHeaderField(java.net.URLConnection,java.lang.String)>	sig:data = virtualinvoke conn.<java.net.URLConnection: java.lang.String getHeaderField(java.lang.String)>(field)	timediff:0
I/System.out(21757): URLConn;%;50;%;<agc: java.io.InputStream a(java.net.URL,int,java.net.URL,java.util.Map)>;%;$r16 = virtualinvoke $r4.<java.net.HttpURLConnection: java.io.InputStream getInputStream()>();%;http://www.paltalk.com/f/styles/mobile_sticker/public/sticker/peanutschristmas_2/4d890fc5-4e4f-40d0-9192-94d2efe8afdb.png;%;false;%;13528;%;max-age=600;%;Wed, 18 Apr 2018 18:32:26 GMT;%;Not found;%;AWSELB=CD634DB110FC66988D1988CEA3F039086F3932688578911B2355AADC381DDBD66BB2328FDCBBCA23AB5945E13009C26D841A070EDC187134BD8DC37F63E24AED7C01982C12;PATH=/;MAX-AGE=60
I/System.out(21757): body:<agc: void a()>	sig:virtualinvoke $r2.<java.net.HttpURLConnection: void disconnect()>()	timediff:0
I/System.out(21757): body:<agc: java.lang.Object a(int)>	sig:specialinvoke $r1.<java.net.URL: void <init>(java.lang.String)>($r3)	timediff:0
I/System.out(21757): <agc: java.lang.Object a(int)>###specialinvoke $r1.<java.net.URL: void <init>(java.lang.String)>($r3)###http://www.paltalk.com/f/styles/mobile_sticker/public/sticker/peanutschristmas_5/03eb8fcf-3727-4bf4-97bd-c4deedca4ad2.png
I/System.out(21757): body:<agd: java.net.HttpURLConnection a(java.net.URL)>	sig:$r2 = virtualinvoke $r1.<java.net.URL: java.net.URLConnection openConnection()>()	timediff:0
I/System.out(21757): body:<agc: java.io.InputStream a(java.net.URL,int,java.net.URL,java.util.Map)>	sig:virtualinvoke $r4.<java.net.HttpURLConnection: void addRequestProperty(java.lang.String,java.lang.String)>($r14, $r15)	timediff:0
I/System.out(21757): body:<agc: java.io.InputStream a(java.net.URL,int,java.net.URL,java.util.Map)>	sig:virtualinvoke $r4.<java.net.HttpURLConnection: void addRequestProperty(java.lang.String,java.lang.String)>($r14, $r15)	timediff:0
I/System.out(21757): body:<agc: java.io.InputStream a(java.net.URL,int,java.net.URL,java.util.Map)>	sig:virtualinvoke $r4.<java.net.HttpURLConnection: void setConnectTimeout(int)>(2500)	timediff:0
I/System.out(21757): body:<agc: java.io.InputStream a(java.net.URL,int,java.net.URL,java.util.Map)>	sig:virtualinvoke $r4.<java.net.HttpURLConnection: void setReadTimeout(int)>(2500)	timediff:0
I/System.out(21757): body:<agc: java.io.InputStream a(java.net.URL,int,java.net.URL,java.util.Map)>	sig:virtualinvoke $r4.<java.net.HttpURLConnection: void setUseCaches(boolean)>(0)	timediff:0
I/System.out(21757): body:<agc: java.io.InputStream a(java.net.URL,int,java.net.URL,java.util.Map)>	sig:virtualinvoke $r4.<java.net.HttpURLConnection: void setDoInput(boolean)>(1)	timediff:0
I/System.out(21757): body:<agc: java.io.InputStream a(java.net.URL,int,java.net.URL,java.util.Map)>	sig:virtualinvoke $r4.<java.net.HttpURLConnection: void connect()>()	timediff:0
W/ViewRootImpl(21757): Dropping event due to no window focus: KeyEvent { action=ACTION_DOWN, keyCode=KEYCODE_DPAD_DOWN, scanCode=0, metaState=0, flags=0x8, repeatCount=0, eventTime=1535536, downTime=1535536, deviceId=-1, source=0x101 }
W/EGL_emulation(21757): eglSurfaceAttrib not implemented 3093 12436
I/System.out(21757): body:<agc: java.io.InputStream a(java.net.URL,int,java.net.URL,java.util.Map)>	sig:$i1 = virtualinvoke $r4.<java.net.HttpURLConnection: int getResponseCode()>()	timediff:160
I/System.out(21757): body:<agc: java.io.InputStream a(java.net.URL,int,java.net.URL,java.util.Map)>	sig:$r15 = virtualinvoke $r4.<java.net.HttpURLConnection: java.lang.String getContentEncoding()>()	timediff:0
I/System.out(21757): body:<agc: java.io.InputStream a(java.net.URL,int,java.net.URL,java.util.Map)>	sig:$i2 = virtualinvoke $r4.<java.net.HttpURLConnection: int getContentLength()>()	timediff:0
I/System.out(21757): body:<agc: java.io.InputStream a(java.net.URL,int,java.net.URL,java.util.Map)>	sig:$r16 = virtualinvoke $r4.<java.net.HttpURLConnection: java.io.InputStream getInputStream()>()	timediff:0
I/System.out(21757): body:<empirical.HelperClass: void printURLInfo(java.lang.String,java.lang.String,java.net.URLConnection)>	sig:$r0 = virtualinvoke urlConnection.<java.net.URLConnection: java.net.URL getURL()>()	timediff:0
I/System.out(21757): body:<empirical.HelperClass: void printURLInfo(java.lang.String,java.lang.String,java.net.URLConnection)>	sig:urlString = virtualinvoke $r0.<java.net.URL: java.lang.String toString()>()	timediff:0
I/System.out(21757): body:<empirical.HelperClass: void printURLInfo(java.lang.String,java.lang.String,java.net.URLConnection)>	sig:isDoOutput = virtualinvoke urlConnection.<java.net.URLConnection: boolean getDoOutput()>()	timediff:0
I/System.out(21757): body:<empirical.HelperClass: java.lang.String getHeaderField(java.net.URLConnection,java.lang.String)>	sig:data = virtualinvoke conn.<java.net.URLConnection: java.lang.String getHeaderField(java.lang.String)>(field)	timediff:0
I/System.out(21757): body:<empirical.HelperClass: java.lang.String getHeaderField(java.net.URLConnection,java.lang.String)>	sig:data = virtualinvoke conn.<java.net.URLConnection: java.lang.String getHeaderField(java.lang.String)>(field)	timediff:0
I/System.out(21757): body:<empirical.HelperClass: java.lang.String getHeaderField(java.net.URLConnection,java.lang.String)>	sig:data = virtualinvoke conn.<java.net.URLConnection: java.lang.String getHeaderField(java.lang.String)>(field)	timediff:0
I/System.out(21757): body:<empirical.HelperClass: java.lang.String getHeaderField(java.net.URLConnection,java.lang.String)>	sig:data = virtualinvoke conn.<java.net.URLConnection: java.lang.String getHeaderField(java.lang.String)>(field)	timediff:0
I/System.out(21757): body:<empirical.HelperClass: java.lang.String getHeaderField(java.net.URLConnection,java.lang.String)>	sig:data = virtualinvoke conn.<java.net.URLConnection: java.lang.String getHeaderField(java.lang.String)>(field)	timediff:0
I/System.out(21757): URLConn;%;51;%;<agc: java.io.InputStream a(java.net.URL,int,java.net.URL,java.util.Map)>;%;$r16 = virtualinvoke $r4.<java.net.HttpURLConnection: java.io.InputStream getInputStream()>();%;http://www.paltalk.com/f/styles/mobile_sticker/public/sticker/peanutschristmas_4/6a9ceb89-0640-4a18-a03d-3866feb28204.png;%;false;%;12641;%;max-age=600;%;Wed, 18 Apr 2018 18:32:26 GMT;%;Not found;%;AWSELB=CD634DB110FC66988D1988CEA3F039086F3932688578911B2355AADC381DDBD66BB2328FDCBBCA23AB5945E13009C26D841A070EDC187134BD8DC37F63E24AED7C01982C12;PATH=/;MAX-AGE=60
I/System.out(21757): body:<agc: void a()>	sig:virtualinvoke $r2.<java.net.HttpURLConnection: void disconnect()>()	timediff:0
I/System.out(21757): body:<agc: java.lang.Object a(int)>	sig:specialinvoke $r1.<java.net.URL: void <init>(java.lang.String)>($r3)	timediff:0
I/System.out(21757): <agc: java.lang.Object a(int)>###specialinvoke $r1.<java.net.URL: void <init>(java.lang.String)>($r3)###http://www.paltalk.com/f/styles/mobile_sticker/public/sticker/peanutschristmas_6/fbe0abe9-6309-4108-9967-9ab0d215086e.png
I/System.out(21757): body:<agd: java.net.HttpURLConnection a(java.net.URL)>	sig:$r2 = virtualinvoke $r1.<java.net.URL: java.net.URLConnection openConnection()>()	timediff:0
I/System.out(21757): body:<agc: java.io.InputStream a(java.net.URL,int,java.net.URL,java.util.Map)>	sig:virtualinvoke $r4.<java.net.HttpURLConnection: void addRequestProperty(java.lang.String,java.lang.String)>($r14, $r15)	timediff:0
I/System.out(21757): body:<agc: java.io.InputStream a(java.net.URL,int,java.net.URL,java.util.Map)>	sig:virtualinvoke $r4.<java.net.HttpURLConnection: void addRequestProperty(java.lang.String,java.lang.String)>($r14, $r15)	timediff:0
I/System.out(21757): body:<agc: java.io.InputStream a(java.net.URL,int,java.net.URL,java.util.Map)>	sig:virtualinvoke $r4.<java.net.HttpURLConnection: void setConnectTimeout(int)>(2500)	timediff:0
I/System.out(21757): body:<agc: java.io.InputStream a(java.net.URL,int,java.net.URL,java.util.Map)>	sig:virtualinvoke $r4.<java.net.HttpURLConnection: void setReadTimeout(int)>(2500)	timediff:0
I/System.out(21757): body:<agc: java.io.InputStream a(java.net.URL,int,java.net.URL,java.util.Map)>	sig:virtualinvoke $r4.<java.net.HttpURLConnection: void setUseCaches(boolean)>(0)	timediff:0
I/System.out(21757): body:<agc: java.io.InputStream a(java.net.URL,int,java.net.URL,java.util.Map)>	sig:virtualinvoke $r4.<java.net.HttpURLConnection: void setDoInput(boolean)>(1)	timediff:0
I/System.out(21757): body:<agc: java.io.InputStream a(java.net.URL,int,java.net.URL,java.util.Map)>	sig:virtualinvoke $r4.<java.net.HttpURLConnection: void connect()>()	timediff:0
I/System.out(21757): body:<agc: java.io.InputStream a(java.net.URL,int,java.net.URL,java.util.Map)>	sig:$i1 = virtualinvoke $r4.<java.net.HttpURLConnection: int getResponseCode()>()	timediff:155
I/System.out(21757): body:<agc: java.io.InputStream a(java.net.URL,int,java.net.URL,java.util.Map)>	sig:$r15 = virtualinvoke $r4.<java.net.HttpURLConnection: java.lang.String getContentEncoding()>()	timediff:0
I/System.out(21757): body:<agc: java.io.InputStream a(java.net.URL,int,java.net.URL,java.util.Map)>	sig:$i2 = virtualinvoke $r4.<java.net.HttpURLConnection: int getContentLength()>()	timediff:0
I/System.out(21757): body:<agc: java.io.InputStream a(java.net.URL,int,java.net.URL,java.util.Map)>	sig:$r16 = virtualinvoke $r4.<java.net.HttpURLConnection: java.io.InputStream getInputStream()>()	timediff:0
I/System.out(21757): body:<empirical.HelperClass: void printURLInfo(java.lang.String,java.lang.String,java.net.URLConnection)>	sig:$r0 = virtualinvoke urlConnection.<java.net.URLConnection: java.net.URL getURL()>()	timediff:0
I/System.out(21757): body:<empirical.HelperClass: void printURLInfo(java.lang.String,java.lang.String,java.net.URLConnection)>	sig:urlString = virtualinvoke $r0.<java.net.URL: java.lang.String toString()>()	timediff:0
I/System.out(21757): body:<empirical.HelperClass: void printURLInfo(java.lang.String,java.lang.String,java.net.URLConnection)>	sig:isDoOutput = virtualinvoke urlConnection.<java.net.URLConnection: boolean getDoOutput()>()	timediff:0
I/System.out(21757): body:<empirical.HelperClass: java.lang.String getHeaderField(java.net.URLConnection,java.lang.String)>	sig:data = virtualinvoke conn.<java.net.URLConnection: java.lang.String getHeaderField(java.lang.String)>(field)	timediff:0
I/System.out(21757): body:<empirical.HelperClass: java.lang.String getHeaderField(java.net.URLConnection,java.lang.String)>	sig:data = virtualinvoke conn.<java.net.URLConnection: java.lang.String getHeaderField(java.lang.String)>(field)	timediff:0
I/System.out(21757): body:<empirical.HelperClass: java.lang.String getHeaderField(java.net.URLConnection,java.lang.String)>	sig:data = virtualinvoke conn.<java.net.URLConnection: java.lang.String getHeaderField(java.lang.String)>(field)	timediff:0
I/System.out(21757): body:<empirical.HelperClass: java.lang.String getHeaderField(java.net.URLConnection,java.lang.String)>	sig:data = virtualinvoke conn.<java.net.URLConnection: java.lang.String getHeaderField(java.lang.String)>(field)	timediff:0
I/System.out(21757): body:<empirical.HelperClass: java.lang.String getHeaderField(java.net.URLConnection,java.lang.String)>	sig:data = virtualinvoke conn.<java.net.URLConnection: java.lang.String getHeaderField(java.lang.String)>(field)	timediff:0
I/System.out(21757): URLConn;%;52;%;<agc: java.io.InputStream a(java.net.URL,int,java.net.URL,java.util.Map)>;%;$r16 = virtualinvoke $r4.<java.net.HttpURLConnection: java.io.InputStream getInputStream()>();%;http://www.paltalk.com/f/styles/mobile_sticker/public/sticker/peanutschristmas_5/03eb8fcf-3727-4bf4-97bd-c4deedca4ad2.png;%;false;%;11725;%;max-age=600;%;Wed, 18 Apr 2018 18:32:26 GMT;%;Not found;%;AWSELB=CD634DB110FC66988D1988CEA3F039086F3932688578911B2355AADC381DDBD66BB2328FDCC03CCA6A54DBFE364292D5AF67BEC13CB4429F67122A53A7636741A05DAB86DB;PATH=/;MAX-AGE=60
I/System.out(21757): body:<agc: void a()>	sig:virtualinvoke $r2.<java.net.HttpURLConnection: void disconnect()>()	timediff:0
I/System.out(21757): body:<agc: java.lang.Object a(int)>	sig:specialinvoke $r1.<java.net.URL: void <init>(java.lang.String)>($r3)	timediff:0
I/System.out(21757): <agc: java.lang.Object a(int)>###specialinvoke $r1.<java.net.URL: void <init>(java.lang.String)>($r3)###http://www.paltalk.com/f/styles/mobile_sticker/public/sticker/peanutschristmas_7/b25c76fb-b2ed-4e05-a010-9ea847ce90e0.png
I/System.out(21757): body:<agd: java.net.HttpURLConnection a(java.net.URL)>	sig:$r2 = virtualinvoke $r1.<java.net.URL: java.net.URLConnection openConnection()>()	timediff:0
I/System.out(21757): body:<agc: java.io.InputStream a(java.net.URL,int,java.net.URL,java.util.Map)>	sig:virtualinvoke $r4.<java.net.HttpURLConnection: void addRequestProperty(java.lang.String,java.lang.String)>($r14, $r15)	timediff:1
I/System.out(21757): body:<agc: java.io.InputStream a(java.net.URL,int,java.net.URL,java.util.Map)>	sig:virtualinvoke $r4.<java.net.HttpURLConnection: void addRequestProperty(java.lang.String,java.lang.String)>($r14, $r15)	timediff:0
W/InputEventReceiver(21757): Attempted to finish an input event but the input event receiver has already been disposed.
W/InputEventReceiver(21757): Attempted to finish an input event but the input event receiver has already been disposed.
I/System.out(21757): body:<agc: java.io.InputStream a(java.net.URL,int,java.net.URL,java.util.Map)>	sig:virtualinvoke $r4.<java.net.HttpURLConnection: void setConnectTimeout(int)>(2500)	timediff:0
I/System.out(21757): body:<agc: java.io.InputStream a(java.net.URL,int,java.net.URL,java.util.Map)>	sig:virtualinvoke $r4.<java.net.HttpURLConnection: void setReadTimeout(int)>(2500)	timediff:0
I/System.out(21757): body:<agc: java.io.InputStream a(java.net.URL,int,java.net.URL,java.util.Map)>	sig:virtualinvoke $r4.<java.net.HttpURLConnection: void setUseCaches(boolean)>(0)	timediff:0
I/System.out(21757): body:<agc: java.io.InputStream a(java.net.URL,int,java.net.URL,java.util.Map)>	sig:virtualinvoke $r4.<java.net.HttpURLConnection: void setDoInput(boolean)>(1)	timediff:0
I/System.out(21757): body:<agc: java.io.InputStream a(java.net.URL,int,java.net.URL,java.util.Map)>	sig:virtualinvoke $r4.<java.net.HttpURLConnection: void connect()>()	timediff:1
W/ViewRootImpl(21757): Dropping event due to root view being removed: MotionEvent { action=ACTION_MOVE, id[0]=0, x[0]=66.752106, y[0]=534.6647, toolType[0]=TOOL_TYPE_UNKNOWN, buttonState=0, metaState=0, flags=0x0, edgeFlags=0x0, pointerCount=1, historySize=2, eventTime=1535698, downTime=1535697, deviceId=0, source=0x1002 }
W/ViewRootImpl(21757): Dropping event due to no window focus: KeyEvent { action=ACTION_DOWN, keyCode=KEYCODE_DPAD_LEFT, scanCode=0, metaState=0, flags=0x8, repeatCount=0, eventTime=1535699, downTime=1535699, deviceId=-1, source=0x101 }
W/InputEventReceiver(21757): Attempted to finish an input event but the input event receiver has already been disposed.
W/ViewRootImpl(21757): Dropping event due to root view being removed: KeyEvent { action=ACTION_UP, keyCode=KEYCODE_DPAD_LEFT, scanCode=0, metaState=0, flags=0x8, repeatCount=0, eventTime=1535700, downTime=1535700, deviceId=-1, source=0x101 }
W/ViewRootImpl(21757): Dropping event due to no window focus: KeyEvent { action=ACTION_DOWN, keyCode=KEYCODE_DPAD_LEFT, scanCode=0, metaState=0, flags=0x8, repeatCount=0, eventTime=1535702, downTime=1535702, deviceId=-1, source=0x101 }
W/ViewRootImpl(21757): Dropping event due to no window focus: KeyEvent { action=ACTION_DOWN, keyCode=KEYCODE_DPAD_DOWN, scanCode=0, metaState=0, flags=0x8, repeatCount=0, eventTime=1535731, downTime=1535731, deviceId=-1, source=0x101 }
I/System.out(21757): body:<agc: java.io.InputStream a(java.net.URL,int,java.net.URL,java.util.Map)>	sig:$i1 = virtualinvoke $r4.<java.net.HttpURLConnection: int getResponseCode()>()	timediff:72
I/System.out(21757): body:<agc: java.io.InputStream a(java.net.URL,int,java.net.URL,java.util.Map)>	sig:$r15 = virtualinvoke $r4.<java.net.HttpURLConnection: java.lang.String getContentEncoding()>()	timediff:0
I/System.out(21757): body:<agc: java.io.InputStream a(java.net.URL,int,java.net.URL,java.util.Map)>	sig:$i2 = virtualinvoke $r4.<java.net.HttpURLConnection: int getContentLength()>()	timediff:0
I/System.out(21757): body:<agc: java.io.InputStream a(java.net.URL,int,java.net.URL,java.util.Map)>	sig:$r16 = virtualinvoke $r4.<java.net.HttpURLConnection: java.io.InputStream getInputStream()>()	timediff:0
I/System.out(21757): body:<empirical.HelperClass: void printURLInfo(java.lang.String,java.lang.String,java.net.URLConnection)>	sig:$r0 = virtualinvoke urlConnection.<java.net.URLConnection: java.net.URL getURL()>()	timediff:0
I/System.out(21757): body:<empirical.HelperClass: void printURLInfo(java.lang.String,java.lang.String,java.net.URLConnection)>	sig:urlString = virtualinvoke $r0.<java.net.URL: java.lang.String toString()>()	timediff:0
I/System.out(21757): body:<empirical.HelperClass: void printURLInfo(java.lang.String,java.lang.String,java.net.URLConnection)>	sig:isDoOutput = virtualinvoke urlConnection.<java.net.URLConnection: boolean getDoOutput()>()	timediff:0
I/System.out(21757): body:<empirical.HelperClass: java.lang.String getHeaderField(java.net.URLConnection,java.lang.String)>	sig:data = virtualinvoke conn.<java.net.URLConnection: java.lang.String getHeaderField(java.lang.String)>(field)	timediff:0
I/System.out(21757): body:<empirical.HelperClass: java.lang.String getHeaderField(java.net.URLConnection,java.lang.String)>	sig:data = virtualinvoke conn.<java.net.URLConnection: java.lang.String getHeaderField(java.lang.String)>(field)	timediff:0
I/System.out(21757): body:<empirical.HelperClass: java.lang.String getHeaderField(java.net.URLConnection,java.lang.String)>	sig:data = virtualinvoke conn.<java.net.URLConnection: java.lang.String getHeaderField(java.lang.String)>(field)	timediff:0
I/System.out(21757): body:<empirical.HelperClass: java.lang.String getHeaderField(java.net.URLConnection,java.lang.String)>	sig:data = virtualinvoke conn.<java.net.URLConnection: java.lang.String getHeaderField(java.lang.String)>(field)	timediff:0
I/System.out(21757): body:<empirical.HelperClass: java.lang.String getHeaderField(java.net.URLConnection,java.lang.String)>	sig:data = virtualinvoke conn.<java.net.URLConnection: java.lang.String getHeaderField(java.lang.String)>(field)	timediff:0
I/System.out(21757): URLConn;%;53;%;<agc: java.io.InputStream a(java.net.URL,int,java.net.URL,java.util.Map)>;%;$r16 = virtualinvoke $r4.<java.net.HttpURLConnection: java.io.InputStream getInputStream()>();%;http://www.paltalk.com/f/styles/mobile_sticker/public/sticker/peanutschristmas_7/b25c76fb-b2ed-4e05-a010-9ea847ce90e0.png;%;false;%;17486;%;max-age=600;%;Wed, 18 Apr 2018 18:32:26 GMT;%;Not found;%;Not found
I/System.out(21757): body:<agc: void a()>	sig:virtualinvoke $r2.<java.net.HttpURLConnection: void disconnect()>()	timediff:0
