V/GAV3    (17483): Thread[GAThread,5,main]: Sending hit to service   PATH: https:  PARAMS: ul=en-us,  ht=1524075525715,  sr=720x1280,  aid=com.bringsgame.love,  ea=,  cid=0f56c0d4-17af-401f-a8b3-1eefdf25af2a,  ec=send2,  av=ver.1.1.0,  v=1,  t=event,  el=smile03_36,  an=Love Sticker,  tid=UA-49982522-14,  _u=.r3yAAAAAL,  cd=com.bringsgame.love.MainActivity,  
I/ActivityManager(  480): START u0 {act=android.intent.action.CHOOSER flg=0x1 cmp=android/com.android.internal.app.ChooserActivity (has clip) (has extras)} from pid 17483
V/GAV3    (17483): Thread[GAThread,5,main]: putHit called
V/GAV3    (17483): Thread[GAThread,5,main]: Sending hit to service   PATH: https:  PARAMS: ul=en-us,  ht=1524075525828,  sr=720x1280,  aid=com.bringsgame.love,  ea=,  cid=0f56c0d4-17af-401f-a8b3-1eefdf25af2a,  ec=send2,  av=ver.1.1.0,  v=1,  t=event,  el=smile03_37,  an=Love Sticker,  tid=UA-49982522-14,  _u=.r3yAAAAAL,  cd=com.bringsgame.love.MainActivity,  
I/ActivityManager(  480): START u0 {act=android.intent.action.CHOOSER flg=0x1 cmp=android/com.android.internal.app.ChooserActivity (has clip) (has extras)} from pid 17483
I/ActivityManager(  480): START u0 {act=android.intent.action.MAIN cat=[android.intent.category.HOME] flg=0x10200000 cmp=com.vphone.launcher/.Launcher} from pid 480
W/ViewRootImpl(17483): Dropping event due to no window focus: KeyEvent { action=ACTION_DOWN, keyCode=KEYCODE_DPAD_LEFT, scanCode=0, metaState=0, flags=0x8, repeatCount=0, eventTime=1314923, downTime=1314923, deviceId=-1, source=0x101 }
W/ViewRootImpl(17483): Dropping event due to no window focus: KeyEvent { action=ACTION_DOWN, keyCode=KEYCODE_DPAD_CENTER, scanCode=0, metaState=0, flags=0x8, repeatCount=0, eventTime=1314945, downTime=1314945, deviceId=-1, source=0x101 }
W/ViewRootImpl(17483): Dropping event due to no window focus: KeyEvent { action=ACTION_DOWN, keyCode=KEYCODE_DPAD_RIGHT, scanCode=0, metaState=0, flags=0x8, repeatCount=0, eventTime=1314946, downTime=1314946, deviceId=-1, source=0x101 }
W/EGL_emulation(17483): eglSurfaceAttrib not implemented 3093 12436
W/ViewRootImpl(17483): Dropping event due to no window focus: KeyEvent { action=ACTION_DOWN, keyCode=KEYCODE_DPAD_UP, scanCode=0, metaState=0, flags=0x8, repeatCount=0, eventTime=1314948, downTime=1314948, deviceId=-1, source=0x101 }
W/ViewRootImpl(17483): Dropping event due to no window focus: KeyEvent { action=ACTION_DOWN, keyCode=KEYCODE_PAGE_UP, scanCode=0, metaState=0, flags=0x8, repeatCount=0, eventTime=1314977, downTime=1314977, deviceId=-1, source=0x101 }
I/ActivityManager(  480): START u0 {act=android.intent.action.MAIN cat=[android.intent.category.LAUNCHER] flg=0x10200000 cmp=com.bringsgame.love/.MainActivity} from pid 17473
I/ActivityManager(  480): START u0 {act=android.intent.action.MAIN cat=[android.intent.category.LAUNCHER] flg=0x10200000 cmp=com.bringsgame.love/.MainActivity} from pid 17473
V/GAV3    (17483): Thread[GAThread,5,main]: putHit called
V/GAV3    (17483): Thread[GAThread,5,main]: Sending hit to service   PATH: https:  PARAMS: ul=en-us,  ht=1524075526152,  sr=720x1280,  aid=com.bringsgame.love,  ea=,  cid=0f56c0d4-17af-401f-a8b3-1eefdf25af2a,  ec=send2,  av=ver.1.1.0,  v=1,  t=event,  el=smile03_16,  an=Love Sticker,  tid=UA-49982522-14,  _u=.r3yAAAAAL,  cd=com.bringsgame.love.MainActivity,  
I/ActivityManager(  480): START u0 {act=android.intent.action.CHOOSER flg=0x1 cmp=android/com.android.internal.app.ChooserActivity (has clip) (has extras)} from pid 17483
I/ActivityManager(  480): START u0 {act=android.intent.action.VIEW dat=market://details?id=com.bringsgame.love cmp=com.android.vending/com.google.android.finsky.activities.LaunchUrlHandlerActivity} from pid 17483
I/ActivityManager(  480): START u0 {act=android.intent.action.VIEW dat=market://details?id=com.bringsgame.love cmp=com.android.vending/com.google.android.finsky.activities.LaunchUrlHandlerActivity} from pid 17483
W/ViewRootImpl(17483): Dropping event due to no window focus: KeyEvent { action=ACTION_DOWN, keyCode=KEYCODE_MENU, scanCode=0, metaState=0, flags=0x8, repeatCount=0, eventTime=1315058, downTime=1315058, deviceId=-1, source=0x101 }
W/ViewRootImpl(17483): Dropping event due to no window focus: KeyEvent { action=ACTION_DOWN, keyCode=KEYCODE_DPAD_CENTER, scanCode=0, metaState=0, flags=0x8, repeatCount=0, eventTime=1315060, downTime=1315060, deviceId=-1, source=0x101 }
W/InputMethodManagerService(  480): Window already focused, ignoring focus gain of: com.android.internal.view.IInputMethodClient$Stub$Proxy@4aafbafc attribute=null, token = android.os.BinderProxy@4a8f4da4
W/UnimplementedWebViewApi(17483): Unimplemented WebView method onKeyMultiple called from: android.webkit.WebView.onKeyMultiple(WebView.java:2179)
W/UnimplementedWebViewApi(17483): Unimplemented WebView method onKeyDown called from: android.webkit.WebView.onKeyDown(WebView.java:2169)
W/ViewRootImpl(17483): Dropping event due to no window focus: KeyEvent { action=ACTION_DOWN, keyCode=KEYCODE_DPAD_CENTER, scanCode=0, metaState=0, flags=0x8, repeatCount=0, eventTime=1315130, downTime=1315130, deviceId=-1, source=0x101 }
W/ViewRootImpl(17483): Dropping event due to no window focus: KeyEvent { action=ACTION_DOWN, keyCode=KEYCODE_DPAD_DOWN, scanCode=0, metaState=0, flags=0x8, repeatCount=0, eventTime=1315133, downTime=1315133, deviceId=-1, source=0x101 }
W/EGL_emulation(17483): eglSurfaceAttrib not implemented 3093 12436
W/ViewRootImpl(17483): Dropping event due to no window focus: KeyEvent { action=ACTION_DOWN, keyCode=KEYCODE_P, scanCode=0, metaState=0, flags=0x8, repeatCount=0, eventTime=1315133, downTime=1315133, deviceId=-1, source=0x101 }
W/ViewRootImpl(17483): Dropping event due to no window focus: KeyEvent { action=ACTION_DOWN, keyCode=KEYCODE_HENKAN, scanCode=0, metaState=0, flags=0x8, repeatCount=0, eventTime=1315159, downTime=1315159, deviceId=-1, source=0x101 }
I/ActivityManager(  480): START u0 {flg=0x10080000 cmp=com.bringsgame.love/com.google.android.gms.ads.AdActivity (has extras)} from pid 17483
W/InputMethodManagerService(  480): Window already focused, ignoring focus gain of: com.android.internal.view.IInputMethodClient$Stub$Proxy@4ab59ee4 attribute=null, token = android.os.BinderProxy@4a8f4da4
W/ViewRootImpl(17483): Dropping event due to no window focus: KeyEvent { action=ACTION_DOWN, keyCode=KEYCODE_DPAD_CENTER, scanCode=0, metaState=0, flags=0x408, repeatCount=0, eventTime=1315106, downTime=1315106, deviceId=-1, source=0x101 }
D/DynamitePackage(17483): Instantiating com.google.android.gms.ads.ChimeraAdOverlayCreatorImpl
I/Ads     (17483): Ad opening.
I/Ads     (17483): Ad leaving application.
I/ActivityManager(  480): START u0 {act=android.intent.action.VIEW dat=market://details?id=com.meetmindful.app&gclid=EAIaIQobChMIyNzf37fE2gIVEMfACh1gRgOREAEYASAAEgKGF_D_BwE&referrer=campaigntype=a&network=d&campaignid=1045375818&loc_physical_ms=&adsplayload=CAEYFCAB&ai=CGw2-_4vXWojhMJCOgwbgjI2ICbyp2oBRnvauht0GqLrvl8kIEAEglOf-JWDJ3uiGyKOQGaAB7vmEzQOoAwGqBMQBT9DovPdl0cJEPX7la19oCM4fVNa4dXhXNnFEwCK1rl3ln3XjXU4fkZeE-GMEb3ORxqxR1v1SBNpbRc7tRml6LSPkSjnX-PUkQ5FYu34qFhnisAxZusY2i1v2cIZFDf9sqet7Bqy9nvW9-mR3V00-VVNkQcpAmrIMPT6jPAWYXnqgN1ZX-cIMHhq57SUTrcSvahJ8ZBI-vIIWj9EOsRjBm_Iwy6iKQmb8uzS1tyz8uB4cBNTzLTOeUw5BJO2IwmVsERxAU8AE25zx0skBiAXK1rzyA5AGAaAGGrAGAYAH-oX7MpgHAagHpr4bqAfVyRuoB6EBuAfU7bv836qRqDrAB5PVA9gHAfoHE2NvbS5tZWV0bWluZGZ1bC5hcHCYCAGgCLKapwSwCAK4CAHSCAcIgGEQARgCsQka24n3QoP897gT4QKCFCIaIG1vYmlsZWFwcDo6Mi1jb20uYnJpbmdzZ2FtZS5sb3Zl&gclid=EAIaIQobChMIyNzf37fE2gIVEMfACh1gRgOREAEYASAAEgKGF_D_BwE&conv=966868206&network=d cmp=com.android.vending/com.google.android.finsky.activities.LaunchUrlHandlerActivity (has extras)} from pid 17483
W/EGL_emulation(17483): eglSurfaceAttrib not implemented 3093 12436
I/InputDispatcher(  480): Dropped event because of pending overdue app switch.
W/InputManager(  480): Input event injection from pid 17473 failed.
I/ActivityManager(  480): Displayed com.bringsgame.love/com.google.android.gms.ads.AdActivity: +100ms
W/ViewRootImpl(17483): Dropping event due to no window focus: KeyEvent { action=ACTION_DOWN, keyCode=KEYCODE_DPAD_UP, scanCode=0, metaState=0, flags=0x8, repeatCount=0, eventTime=1315342, downTime=1315342, deviceId=-1, source=0x101 }
W/ContextImpl(  480): Calling a method in the system process without a qualified user: android.app.ContextImpl.sendBroadcast:1123 com.android.server.InputMethodManagerService.hideCurrentInputLocked:1880 com.android.server.InputMethodManagerService.windowGainedFocus:1968 com.android.internal.view.IInputMethodManager$Stub.onTransact:221 com.android.server.InputMethodManagerService.onTransact:818 
I/Ads     (17483): Ad closing.
W/InputManager(  480): Input event injection from pid 17473 failed.
W/InputManager(  480): Input event injection from pid 17473 failed.
W/InputManager(  480): Input event injection from pid 17473 failed.
W/InputManager(  480): Input event injection from pid 17473 failed.
W/EGL_emulation(17483): eglSurfaceAttrib not implemented 3093 12436
W/ViewRootImpl(17483): Dropping event due to no window focus: KeyEvent { action=ACTION_DOWN, keyCode=KEYCODE_VOLUME_UP, scanCode=0, metaState=0, flags=0x8, repeatCount=0, eventTime=1315386, downTime=1315386, deviceId=-1, source=0x101 }
W/ContextImpl(  480): Calling a method in the system process without a qualified user: android.app.ContextImpl.sendBroadcast:1123 com.android.server.InputMethodManagerService.hideCurrentInputLocked:1880 com.android.server.InputMethodManagerService.windowGainedFocus:1968 com.android.internal.view.IInputMethodManager$Stub.onTransact:221 com.android.server.InputMethodManagerService.onTransact:818 
W/ViewRootImpl(17483): Dropping event due to no window focus: MotionEvent { action=ACTION_MOVE, id[0]=0, x[0]=4.0, y[0]=2.0, toolType[0]=TOOL_TYPE_UNKNOWN, buttonState=0, metaState=0, flags=0x0, edgeFlags=0x0, pointerCount=1, historySize=9, eventTime=1315384, downTime=-1, deviceId=0, source=0x10004 }
V/GAV3    (17483): Thread[GAThread,5,main]: putHit called
V/GAV3    (17483): Thread[GAThread,5,main]: Sending hit to service   PATH: https:  PARAMS: ul=en-us,  ht=1524075526606,  sr=720x1280,  aid=com.bringsgame.love,  ea=,  cid=0f56c0d4-17af-401f-a8b3-1eefdf25af2a,  ec=send2,  av=ver.1.1.0,  v=1,  t=event,  el=smile03_4,  an=Love Sticker,  tid=UA-49982522-14,  _u=.r3yAAAAAL,  cd=com.bringsgame.love.MainActivity,  
I/ActivityManager(  480): START u0 {act=android.intent.action.CHOOSER flg=0x1 cmp=android/com.android.internal.app.ChooserActivity (has clip) (has extras)} from pid 17483
I/ActivityManager(  480): START u0 {act=android.intent.action.MAIN cat=[android.intent.category.HOME] flg=0x10200000 cmp=com.vphone.launcher/.Launcher} from pid 480
D/dalvikvm(  480): GC_CONCURRENT freed 2730K, 48% free 12638K/24156K, paused 0ms+1ms, total 17ms
D/dalvikvm(  480): WAIT_FOR_CONCURRENT_GC blocked 16ms
I/ActivityManager(  480): START u0 {act=android.intent.action.MAIN cat=[android.intent.category.LAUNCHER] flg=0x10200000 cmp=com.bringsgame.love/.MainActivity} from pid 17473
V/GAV3    (17483): Thread[GAThread,5,main]: putHit called
V/GAV3    (17483): Thread[GAThread,5,main]: Sending hit to service   PATH: https:  PARAMS: ul=en-us,  ht=1524075526781,  sr=720x1280,  aid=com.bringsgame.love,  ea=,  cid=0f56c0d4-17af-401f-a8b3-1eefdf25af2a,  ec=send2,  av=ver.1.1.0,  v=1,  t=event,  el=smile03_14,  an=Love Sticker,  tid=UA-49982522-14,  _u=.r3yAAAAAL,  cd=com.bringsgame.love.MainActivity,  
I/ActivityManager(  480): START u0 {act=android.intent.action.CHOOSER flg=0x1 cmp=android/com.android.internal.app.ChooserActivity (has clip) (has extras)} from pid 17483
W/ViewRootImpl(17483): Dropping event due to no window focus: KeyEvent { action=ACTION_DOWN, keyCode=KEYCODE_DPAD_CENTER, scanCode=0, metaState=0, flags=0x8, repeatCount=0, eventTime=1315849, downTime=1315849, deviceId=-1, source=0x101 }
W/EGL_emulation(17483): eglSurfaceAttrib not implemented 3093 12436
W/ViewRootImpl(17483): Dropping event due to no window focus: KeyEvent { action=ACTION_DOWN, keyCode=KEYCODE_DPAD_UP, scanCode=0, metaState=0, flags=0x8, repeatCount=0, eventTime=1315864, downTime=1315864, deviceId=-1, source=0x101 }
W/ViewRootImpl(17483): Dropping event due to no window focus: KeyEvent { action=ACTION_DOWN, keyCode=KEYCODE_DPAD_DOWN, scanCode=0, metaState=0, flags=0x8, repeatCount=0, eventTime=1315950, downTime=1315950, deviceId=-1, source=0x101 }
W/InputMethodManagerService(  480): Window already focused, ignoring focus gain of: com.android.internal.view.IInputMethodClient$Stub$Proxy@4a947254 attribute=null, token = android.os.BinderProxy@4a8f4da4
W/ViewRootImpl(17483): Dropping event due to no window focus: KeyEvent { action=ACTION_DOWN, keyCode=KEYCODE_DPAD_UP, scanCode=0, metaState=0, flags=0x8, repeatCount=0, eventTime=1315956, downTime=1315956, deviceId=-1, source=0x101 }
W/EGL_emulation(17483): eglSurfaceAttrib not implemented 3093 12436
W/ViewRootImpl(17483): Dropping event due to no window focus: KeyEvent { action=ACTION_DOWN, keyCode=KEYCODE_DPAD_UP, scanCode=0, metaState=0, flags=0x8, repeatCount=0, eventTime=1315959, downTime=1315959, deviceId=-1, source=0x101 }
W/ViewRootImpl(17483): Dropping event due to no window focus: KeyEvent { action=ACTION_DOWN, keyCode=KEYCODE_DPAD_RIGHT, scanCode=0, metaState=0, flags=0x8, repeatCount=0, eventTime=1315994, downTime=1315994, deviceId=-1, source=0x101 }
I/InputDispatcher(  480): Dropped event because of pending overdue app switch.
W/InputManager(  480): Input event injection from pid 17473 failed.
W/ViewRootImpl(17483): Dropping event due to no window focus: KeyEvent { action=ACTION_DOWN, keyCode=KEYCODE_PROG_BLUE, scanCode=0, metaState=0, flags=0x8, repeatCount=0, eventTime=1316027, downTime=1316027, deviceId=-1, source=0x101 }
W/InputMethodManagerService(  480): Window already focused, ignoring focus gain of: com.android.internal.view.IInputMethodClient$Stub$Proxy@4aa15344 attribute=null, token = android.os.BinderProxy@4a8f4da4
I/ActivityManager(  480): START u0 {act=android.intent.action.MAIN cat=[android.intent.category.LAUNCHER] flg=0x10200000 cmp=com.bringsgame.love/.MainActivity} from pid 17473
I/ActivityManager(  480): START u0 {act=android.intent.action.MAIN cat=[android.intent.category.LAUNCHER] flg=0x10200000 cmp=com.bringsgame.love/.MainActivity} from pid 17473
V/GAV3    (17483): Thread[GAThread,5,main]: putHit called
V/GAV3    (17483): Thread[GAThread,5,main]: Sending hit to service   PATH: https:  PARAMS: ul=en-us,  ht=1524075527715,  sr=720x1280,  aid=com.bringsgame.love,  ea=,  cid=0f56c0d4-17af-401f-a8b3-1eefdf25af2a,  ec=send2,  av=ver.1.1.0,  v=1,  t=event,  el=smile03_11,  an=Love Sticker,  tid=UA-49982522-14,  _u=.r3yAAAAAL,  cd=com.bringsgame.love.MainActivity,  
I/ActivityManager(  480): START u0 {act=android.intent.action.CHOOSER flg=0x1 cmp=android/com.android.internal.app.ChooserActivity (has clip) (has extras)} from pid 17483
W/ViewRootImpl(17483): Dropping event due to no window focus: KeyEvent { action=ACTION_DOWN, keyCode=KEYCODE_DPAD_CENTER, scanCode=0, metaState=0, flags=0x8, repeatCount=0, eventTime=1316622, downTime=1316622, deviceId=-1, source=0x101 }
W/EGL_emulation(17483): eglSurfaceAttrib not implemented 3093 12436
W/ViewRootImpl(17483): Dropping event due to no window focus: KeyEvent { action=ACTION_DOWN, keyCode=KEYCODE_DPAD_LEFT, scanCode=0, metaState=0, flags=0x8, repeatCount=0, eventTime=1316626, downTime=1316626, deviceId=-1, source=0x101 }
W/ViewRootImpl(17483): Dropping event due to no window focus: KeyEvent { action=ACTION_DOWN, keyCode=KEYCODE_BUTTON_R2, scanCode=0, metaState=0, flags=0x8, repeatCount=0, eventTime=1316661, downTime=1316661, deviceId=-1, source=0x101 }
I/ActivityManager(  480): START u0 {act=android.intent.action.MAIN cat=[android.intent.category.LAUNCHER] flg=0x10200000 cmp=com.bringsgame.love/.MainActivity} from pid 17473
W/InputEventReceiver(17483): Attempted to finish an input event but the input event receiver has already been disposed.
W/InputEventReceiver(17483): Attempted to finish an input event but the input event receiver has already been disposed.
W/InputEventReceiver(17483): Attempted to finish an input event but the input event receiver has already been disposed.
I/ActivityManager(  480): START u0 {act=android.intent.action.CHOOSER flg=0x1 cmp=android/com.android.internal.app.ChooserActivity (has clip) (has extras)} from pid 17483
W/ViewRootImpl(17483): Dropping event due to root view being removed: MotionEvent { action=ACTION_DOWN, id[0]=0, x[0]=-104.0, y[0]=-838.0, toolType[0]=TOOL_TYPE_UNKNOWN, buttonState=0, metaState=0, flags=0x0, edgeFlags=0x0, pointerCount=1, historySize=0, eventTime=1316712, downTime=1316712, deviceId=0, source=0x1002 }
I/ActivityManager(  480): START u0 {act=android.intent.action.MAIN cat=[android.intent.category.LAUNCHER] flg=0x10200000 cmp=com.bringsgame.love/.MainActivity} from pid 17473
W/ViewRootImpl(17483): Dropping event due to root view being removed: MotionEvent { action=ACTION_UP, id[0]=0, x[0]=-102.31648, y[0]=-842.941, toolType[0]=TOOL_TYPE_UNKNOWN, buttonState=0, metaState=0, flags=0x0, edgeFlags=0x0, pointerCount=1, historySize=0, eventTime=1316712, downTime=1316712, deviceId=0, source=0x1002 }
W/ViewRootImpl(17483): Dropping event due to no window focus: MotionEvent { action=ACTION_MOVE, id[0]=0, x[0]=3.0, y[0]=4.0, toolType[0]=TOOL_TYPE_UNKNOWN, buttonState=0, metaState=0, flags=0x0, edgeFlags=0x0, pointerCount=1, historySize=0, eventTime=1316714, downTime=-1, deviceId=0, source=0x10004 }
W/ViewRootImpl(17483): Dropping event due to no window focus: MotionEvent { action=ACTION_DOWN, id[0]=0, x[0]=0.0, y[0]=0.0, toolType[0]=TOOL_TYPE_UNKNOWN, buttonState=0, metaState=0, flags=0x0, edgeFlags=0x0, pointerCount=1, historySize=0, eventTime=1316715, downTime=1316712, deviceId=0, source=0x10004 }
W/EGL_emulation(17483): eglSurfaceAttrib not implemented 3093 12436
W/InputMethodManagerService(  480): Window already focused, ignoring focus gain of: com.android.internal.view.IInputMethodClient$Stub$Proxy@4a8c78b0 attribute=android.view.inputmethod.EditorInfo@4ab072a0, token = android.os.BinderProxy@4a8f4da4
V/GAV3    (17483): Thread[GAThread,5,main]: putHit called
V/GAV3    (17483): Thread[GAThread,5,main]: Sending hit to service   PATH: https:  PARAMS: ul=en-us,  ht=1524075527874,  sr=720x1280,  aid=com.bringsgame.love,  ea=,  cid=0f56c0d4-17af-401f-a8b3-1eefdf25af2a,  ec=send2,  av=ver.1.1.0,  v=1,  t=event,  el=smile03_5,  an=Love Sticker,  tid=UA-49982522-14,  _u=.r3yAAAAAL,  cd=com.bringsgame.love.MainActivity,  
I/ActivityManager(  480): START u0 {act=android.intent.action.CHOOSER flg=0x1 cmp=android/com.android.internal.app.ChooserActivity (has clip) (has extras)} from pid 17483
I/ActivityManager(  480): START u0 {act=android.intent.action.CHOOSER flg=0x1 cmp=android/com.android.internal.app.ChooserActivity (has clip) (has extras)} from pid 17483
I/ActivityManager(  480): START u0 {act=android.intent.action.VIEW dat=market://details?id=com.bringsgame.love cmp=com.android.vending/com.google.android.finsky.activities.LaunchUrlHandlerActivity} from pid 17483
I/ActivityManager(  480): START u0 {act=android.intent.action.VIEW dat=market://details?id=com.bringsgame.love cmp=com.android.vending/com.google.android.finsky.activities.LaunchUrlHandlerActivity} from pid 17483
W/InputMethodManagerService(  480): Window already focused, ignoring focus gain of: com.android.internal.view.IInputMethodClient$Stub$Proxy@4ab605d0 attribute=null, token = android.os.BinderProxy@4a8f4da4
W/ViewRootImpl(17483): Dropping event due to no window focus: KeyEvent { action=ACTION_DOWN, keyCode=KEYCODE_DPAD_RIGHT, scanCode=0, metaState=0, flags=0x8, repeatCount=0, eventTime=1316813, downTime=1316813, deviceId=-1, source=0x101 }
W/EGL_emulation(17483): eglSurfaceAttrib not implemented 3093 12436
W/InputMethodManagerService(  480): Window already focused, ignoring focus gain of: com.android.internal.view.IInputMethodClient$Stub$Proxy@4a94f288 attribute=android.view.inputmethod.EditorInfo@4a93ac18, token = android.os.BinderProxy@4a8f4da4
I/ActivityManager(  480): START u0 {act=android.intent.action.MAIN cat=[android.intent.category.LAUNCHER] flg=0x10200000 cmp=com.bringsgame.love/.MainActivity} from pid 17473
W/WindowManager(  480): updateFocusedWindowLocked, focusedAppToken is null.
W/ViewRootImpl(  480): Dropping event due to no window focus: KeyEvent { action=ACTION_DOWN, keyCode=KEYCODE_DPAD_LEFT, scanCode=0, metaState=0, flags=0x8, repeatCount=0, eventTime=1316941, downTime=1316941, deviceId=-1, source=0x101 }
W/ViewRootImpl(  480): Dropping event due to no window focus: KeyEvent { action=ACTION_DOWN, keyCode=KEYCODE_MENU, scanCode=0, metaState=0, flags=0x8, repeatCount=0, eventTime=1316948, downTime=1316948, deviceId=-1, source=0x101 }
W/ViewRootImpl(  480): Dropping event due to no window focus: KeyEvent { action=ACTION_DOWN, keyCode=KEYCODE_MENU, scanCode=0, metaState=0, flags=0x8, repeatCount=0, eventTime=1316948, downTime=1316948, deviceId=-1, source=0x101 }
W/ViewRootImpl(  480): Dropping event due to no window focus: KeyEvent { action=ACTION_DOWN, keyCode=KEYCODE_DPAD_CENTER, scanCode=0, metaState=0, flags=0x8, repeatCount=0, eventTime=1316951, downTime=1316951, deviceId=-1, source=0x101 }
W/InputEventReceiver(  480): Attempted to finish an input event but the input event receiver has already been disposed.
W/InputEventReceiver(  480): Attempted to finish an input event but the input event receiver has already been disposed.
W/ViewRootImpl(  480): Dropping event due to root view being removed: MotionEvent { action=ACTION_UP, id[0]=0, x[0]=255.3176, y[0]=-50.65695, toolType[0]=TOOL_TYPE_UNKNOWN, buttonState=0, metaState=0, flags=0x0, edgeFlags=0x0, pointerCount=1, historySize=0, eventTime=1316982, downTime=1316982, deviceId=0, source=0x1002 }
I/ActivityManager(  480): START u0 {act=android.intent.action.MAIN cat=[android.intent.category.HOME] flg=0x10200000 cmp=com.vphone.launcher/.Launcher} from pid 480
W/InputMethodManagerService(  480): Window already focused, ignoring focus gain of: com.android.internal.view.IInputMethodClient$Stub$Proxy@4aa8fac4 attribute=null, token = android.os.BinderProxy@4a8f4da4
W/ViewRootImpl(17483): Dropping event due to no window focus: KeyEvent { action=ACTION_DOWN, keyCode=KEYCODE_RO, scanCode=0, metaState=0, flags=0x8, repeatCount=0, eventTime=1317063, downTime=1317063, deviceId=-1, source=0x101 }
W/EGL_emulation(17483): eglSurfaceAttrib not implemented 3093 12436
W/ViewRootImpl(17483): Dropping event due to no window focus: KeyEvent { action=ACTION_DOWN, keyCode=KEYCODE_SWITCH_CHARSET, scanCode=0, metaState=0, flags=0x8, repeatCount=0, eventTime=1317067, downTime=1317067, deviceId=-1, source=0x101 }
W/InputManager(  480): Input event injection from pid 17473 failed.
W/ViewRootImpl(17483): Dropping event due to no window focus: KeyEvent { action=ACTION_DOWN, keyCode=KEYCODE_DPAD_DOWN, scanCode=0, metaState=0, flags=0x8, repeatCount=0, eventTime=1317113, downTime=1317113, deviceId=-1, source=0x101 }
W/InputMethodManagerService(  480): Window already focused, ignoring focus gain of: com.android.internal.view.IInputMethodClient$Stub$Proxy@4aa0f170 attribute=android.view.inputmethod.EditorInfo@4a817928, token = android.os.BinderProxy@4a8f4da4
I/AndroidRuntime(17473): VM exiting with result code 0.
W/EGL_emulation(17483): eglSurfaceAttrib not implemented 3093 12436
