I/System.out(18813): <com.mopub.volley.toolbox.HurlStack: org.apache.http.HttpResponse performRequest(com.mopub.volley.Request,java.util.Map)>###specialinvoke $r11.<java.net.URL: void <init>(java.lang.String)>($r8)###http://ads.mopub.com/m/ad?android_perms_ext_storage=1&av=1.5&bundle=com.emojifamily.emoji.keyboard.sticker.MiddleFingerGif&cn=T-Mobile&cppck=638B6&ct=2&dn=samsung%2CSM-G955N%2CSM-G955N&dnt=0&exclude=38fc61a06b7f46088446750577bc4813%2C3cd331dc67db40068ba016f110c88ade%2C3d833ae5c00c479c9dad7daed505ec92&h=1280&id=442ad8a45d56435c87655ef8ad6d6f9c&iso=US&ll=33.985805%2C-118.25411166666666&lla=1&llf=-50175131&llsdk=1&mcc=310&mnc=16&mr=1&nv=4.7.1&o=p&request_id=bebf4625c31d41f7bbc2a482d09fbdd4&rtc=3&sc_a=1.5&udid=sha%3A2933c258ec002fc201e2d50663c3c5719581d213&v=6&w=720&z=-0700
I/System.out(18813): body:<com.mopub.volley.toolbox.HurlStack: java.net.HttpURLConnection createConnection(java.net.URL)>	sig:$r2 = virtualinvoke $r1.<java.net.URL: java.net.URLConnection openConnection()>()	timediff:0
I/System.out(18813): body:<com.mopub.volley.toolbox.HurlStack: java.net.HttpURLConnection openConnection(java.net.URL,com.mopub.volley.Request)>	sig:virtualinvoke $r3.<java.net.HttpURLConnection: void setConnectTimeout(int)>($i0)	timediff:0
I/System.out(18813): body:<com.mopub.volley.toolbox.HurlStack: java.net.HttpURLConnection openConnection(java.net.URL,com.mopub.volley.Request)>	sig:virtualinvoke $r3.<java.net.HttpURLConnection: void setReadTimeout(int)>($i0)	timediff:0
I/System.out(18813): body:<com.mopub.volley.toolbox.HurlStack: java.net.HttpURLConnection openConnection(java.net.URL,com.mopub.volley.Request)>	sig:virtualinvoke $r3.<java.net.HttpURLConnection: void setUseCaches(boolean)>(0)	timediff:0
I/System.out(18813): body:<com.mopub.volley.toolbox.HurlStack: java.net.HttpURLConnection openConnection(java.net.URL,com.mopub.volley.Request)>	sig:virtualinvoke $r3.<java.net.HttpURLConnection: void setDoInput(boolean)>(1)	timediff:0
I/System.out(18813): body:<com.mopub.volley.toolbox.HurlStack: java.net.HttpURLConnection openConnection(java.net.URL,com.mopub.volley.Request)>	sig:$r5 = virtualinvoke $r1.<java.net.URL: java.lang.String getProtocol()>()	timediff:0
I/System.out(18813): body:<com.mopub.volley.toolbox.HurlStack: org.apache.http.HttpResponse performRequest(com.mopub.volley.Request,java.util.Map)>	sig:virtualinvoke $r12.<java.net.HttpURLConnection: void addRequestProperty(java.lang.String,java.lang.String)>($r8, $r7)	timediff:0
D/Util    (18813): isNetworkAvailable -  I 1
D/Util    (18813): isNetworkAvailabletrue
D/Util    (18813): isNetworkAvailable - no 3G network
D/Util    (18813): isNetworkAvailable - wifi available
I/System.out(18813): body:<com.mopub.volley.toolbox.HurlStack: org.apache.http.HttpResponse performRequest(com.mopub.volley.Request,java.util.Map)>	sig:virtualinvoke $r12.<java.net.HttpURLConnection: void addRequestProperty(java.lang.String,java.lang.String)>($r8, $r7)	timediff:1
I/System.out(18813): body:<com.mopub.volley.toolbox.HurlStack: void setConnectionParametersForRequest(java.net.HttpURLConnection,com.mopub.volley.Request)>	sig:virtualinvoke $r0.<java.net.HttpURLConnection: void setRequestMethod(java.lang.String)>("GET")	timediff:0
I/ActivityManager(  480): START u0 {act=android.intent.action.MAIN cat=[android.intent.category.LAUNCHER] flg=0x10200000 cmp=com.emojifamily.emoji.keyboard.sticker.MiddleFingerGif/com.emojifamily.emoji.keyboard.sticker.poogif.MainActivity} from pid 18803
W/InputMethodManagerService(  480): Window already focused, ignoring focus gain of: com.android.internal.view.IInputMethodClient$Stub$Proxy@4a939850 attribute=null, token = android.os.BinderProxy@4ab076dc
I/qtaguid (18813): Tagging socket 76 with tag 469abf7000000000(1184546672) for uid -1 failed errno=-13
I/NetworkManagementSocketTagger(18813): tagSocketFd(76, 1184546672, -1) failed with errno-13
I/ActivityManager(  480): START u0 {act=android.intent.action.MAIN cat=[android.intent.category.LAUNCHER] flg=0x10000000 cmp=com.android.browser/.BrowserActivity sel={act=android.intent.action.MAIN cat=[android.intent.category.APP_BROWSER]}} from pid 480
V/PanelView(  535): animationTick called with dtms=0; nothing to do (h=0.0 v=0.0)
I/ActivityManager(  480): START u0 {act=android.intent.action.CHOOSER flg=0x1 cmp=android/com.android.internal.app.ChooserActivity (has clip) (has extras)} from pid 18813
I/System.out(18813): body:<com.mopub.volley.toolbox.HurlStack: org.apache.http.HttpResponse performRequest(com.mopub.volley.Request,java.util.Map)>	sig:$i0 = virtualinvoke $r12.<java.net.HttpURLConnection: int getResponseCode()>()	timediff:90
I/System.out(18813): body:<com.mopub.volley.toolbox.HurlStack: org.apache.http.HttpResponse performRequest(com.mopub.volley.Request,java.util.Map)>	sig:$i0 = virtualinvoke $r12.<java.net.HttpURLConnection: int getResponseCode()>()	timediff:0
I/System.out(18813): body:<com.mopub.volley.toolbox.HurlStack: org.apache.http.HttpResponse performRequest(com.mopub.volley.Request,java.util.Map)>	sig:$r8 = virtualinvoke $r12.<java.net.HttpURLConnection: java.lang.String getResponseMessage()>()	timediff:0
I/System.out(18813): body:<com.mopub.volley.toolbox.HurlStack: org.apache.http.HttpEntity entityFromConnection(java.net.HttpURLConnection)>	sig:$r1 = virtualinvoke $r0.<java.net.HttpURLConnection: java.io.InputStream getInputStream()>()	timediff:0
I/System.out(18813): body:<empirical.HelperClass: void printURLInfo(java.lang.String,java.lang.String,java.net.URLConnection)>	sig:$r0 = virtualinvoke urlConnection.<java.net.URLConnection: java.net.URL getURL()>()	timediff:0
I/System.out(18813): body:<empirical.HelperClass: void printURLInfo(java.lang.String,java.lang.String,java.net.URLConnection)>	sig:urlString = virtualinvoke $r0.<java.net.URL: java.lang.String toString()>()	timediff:0
I/System.out(18813): body:<empirical.HelperClass: void printURLInfo(java.lang.String,java.lang.String,java.net.URLConnection)>	sig:isDoOutput = virtualinvoke urlConnection.<java.net.URLConnection: boolean getDoOutput()>()	timediff:0
I/System.out(18813): body:<empirical.HelperClass: java.lang.String getHeaderField(java.net.URLConnection,java.lang.String)>	sig:data = virtualinvoke conn.<java.net.URLConnection: java.lang.String getHeaderField(java.lang.String)>(field)	timediff:1
I/System.out(18813): body:<empirical.HelperClass: java.lang.String getHeaderField(java.net.URLConnection,java.lang.String)>	sig:data = virtualinvoke conn.<java.net.URLConnection: java.lang.String getHeaderField(java.lang.String)>(field)	timediff:0
I/System.out(18813): body:<empirical.HelperClass: java.lang.String getHeaderField(java.net.URLConnection,java.lang.String)>	sig:data = virtualinvoke conn.<java.net.URLConnection: java.lang.String getHeaderField(java.lang.String)>(field)	timediff:0
I/System.out(18813): body:<empirical.HelperClass: java.lang.String getHeaderField(java.net.URLConnection,java.lang.String)>	sig:data = virtualinvoke conn.<java.net.URLConnection: java.lang.String getHeaderField(java.lang.String)>(field)	timediff:0
I/System.out(18813): body:<empirical.HelperClass: java.lang.String getHeaderField(java.net.URLConnection,java.lang.String)>	sig:data = virtualinvoke conn.<java.net.URLConnection: java.lang.String getHeaderField(java.lang.String)>(field)	timediff:0
I/System.out(18813): URLConn;%;22;%;<com.mopub.volley.toolbox.HurlStack: org.apache.http.HttpEntity entityFromConnection(java.net.HttpURLConnection)>;%;$r1 = virtualinvoke $r0.<java.net.HttpURLConnection: java.io.InputStream getInputStream()>();%;http://ads.mopub.com/m/ad?android_perms_ext_storage=1&av=1.5&bundle=com.emojifamily.emoji.keyboard.sticker.MiddleFingerGif&cn=T-Mobile&cppck=638B6&ct=2&dn=samsung%2CSM-G955N%2CSM-G955N&dnt=0&exclude=38fc61a06b7f46088446750577bc4813%2C3cd331dc67db40068ba016f110c88ade%2C3d833ae5c00c479c9dad7daed505ec92&h=1280&id=442ad8a45d56435c87655ef8ad6d6f9c&iso=US&ll=33.985805%2C-118.25411166666666&lla=1&llf=-50175131&llsdk=1&mcc=310&mnc=16&mr=1&nv=4.7.1&o=p&request_id=bebf4625c31d41f7bbc2a482d09fbdd4&rtc=3&sc_a=1.5&udid=sha%3A2933c258ec002fc201e2d50663c3c5719581d213&v=6&w=720&z=-0700;%;false;%;Not found;%;Not found;%;Not found;%;Not found;%;Not found
I/System.out(18813): body:<com.mopub.volley.toolbox.HurlStack: org.apache.http.HttpEntity entityFromConnection(java.net.HttpURLConnection)>	sig:$i1 = virtualinvoke $r0.<java.net.HttpURLConnection: int getContentLength()>()	timediff:0
I/System.out(18813): body:<com.mopub.volley.toolbox.HurlStack: org.apache.http.HttpEntity entityFromConnection(java.net.HttpURLConnection)>	sig:$r3 = virtualinvoke $r0.<java.net.HttpURLConnection: java.lang.String getContentEncoding()>()	timediff:0
I/System.out(18813): body:<com.mopub.volley.toolbox.HurlStack: org.apache.http.HttpEntity entityFromConnection(java.net.HttpURLConnection)>	sig:$r3 = virtualinvoke $r0.<java.net.HttpURLConnection: java.lang.String getContentType()>()	timediff:0
I/System.out(18813): body:<com.mopub.volley.toolbox.HurlStack: org.apache.http.HttpResponse performRequest(com.mopub.volley.Request,java.util.Map)>	sig:$r5 = virtualinvoke $r12.<java.net.HttpURLConnection: java.util.Map getHeaderFields()>()	timediff:1
I/qtaguid (18813): Untagging socket 76 failed errno=-13
W/NetworkManagementSocketTagger(18813): untagSocket(76) failed with errno -13
D/MoPub   (18813): Loading custom event adapter.
D/MoPub   (18813): Attempting to invoke custom event: com.mopub.mobileads.HtmlBanner
D/dalvikvm(18813): GC_FOR_ALLOC freed 5587K, 22% free 22273K/28488K, paused 11ms, total 11ms
I/ActivityManager(  480): START u0 {act=android.intent.action.CHOOSER flg=0x1 cmp=android/com.android.internal.app.ChooserActivity (has clip) (has extras)} from pid 18813
W/ViewRootImpl(18813): Dropping event due to no window focus: KeyEvent { action=ACTION_DOWN, keyCode=KEYCODE_DPAD_UP, scanCode=0, metaState=0, flags=0x8, repeatCount=0, eventTime=1380825, downTime=1380825, deviceId=-1, source=0x101 }
W/ViewRootImpl(18813): Dropping event due to no window focus: KeyEvent { action=ACTION_DOWN, keyCode=KEYCODE_BUTTON_A, scanCode=0, metaState=0, flags=0x8, repeatCount=0, eventTime=1380828, downTime=1380828, deviceId=-1, source=0x101 }
W/ViewRootImpl(18813): Dropping event due to no window focus: KeyEvent { action=ACTION_DOWN, keyCode=KEYCODE_DPAD_CENTER, scanCode=0, metaState=0, flags=0x8, repeatCount=0, eventTime=1380828, downTime=1380828, deviceId=-1, source=0x101 }
W/ViewRootImpl(18813): Dropping event due to no window focus: KeyEvent { action=ACTION_DOWN, keyCode=KEYCODE_DPAD_LEFT, scanCode=0, metaState=0, flags=0x8, repeatCount=0, eventTime=1380830, downTime=1380830, deviceId=-1, source=0x101 }
W/EGL_emulation(18813): eglSurfaceAttrib not implemented 3093 12436
I/ActivityManager(  480): START u0 {act=android.intent.action.CHOOSER flg=0x1 cmp=android/com.android.internal.app.ChooserActivity (has clip) (has extras)} from pid 18813
I/System.out(18813): body:<com.mopub.volley.toolbox.HurlStack: org.apache.http.HttpResponse performRequest(com.mopub.volley.Request,java.util.Map)>	sig:$i0 = virtualinvoke $r12.<java.net.HttpURLConnection: int getResponseCode()>()	timediff:410
I/System.out(18813): body:<com.mopub.volley.toolbox.HurlStack: org.apache.http.HttpResponse performRequest(com.mopub.volley.Request,java.util.Map)>	sig:$i0 = virtualinvoke $r12.<java.net.HttpURLConnection: int getResponseCode()>()	timediff:0
I/System.out(18813): body:<com.mopub.volley.toolbox.HurlStack: org.apache.http.HttpResponse performRequest(com.mopub.volley.Request,java.util.Map)>	sig:$r8 = virtualinvoke $r12.<java.net.HttpURLConnection: java.lang.String getResponseMessage()>()	timediff:0
I/System.out(18813): body:<com.mopub.volley.toolbox.HurlStack: org.apache.http.HttpEntity entityFromConnection(java.net.HttpURLConnection)>	sig:$r1 = virtualinvoke $r0.<java.net.HttpURLConnection: java.io.InputStream getInputStream()>()	timediff:0
I/System.out(18813): body:<empirical.HelperClass: void printURLInfo(java.lang.String,java.lang.String,java.net.URLConnection)>	sig:$r0 = virtualinvoke urlConnection.<java.net.URLConnection: java.net.URL getURL()>()	timediff:0
I/System.out(18813): body:<empirical.HelperClass: void printURLInfo(java.lang.String,java.lang.String,java.net.URLConnection)>	sig:urlString = virtualinvoke $r0.<java.net.URL: java.lang.String toString()>()	timediff:0
I/System.out(18813): body:<empirical.HelperClass: void printURLInfo(java.lang.String,java.lang.String,java.net.URLConnection)>	sig:isDoOutput = virtualinvoke urlConnection.<java.net.URLConnection: boolean getDoOutput()>()	timediff:0
I/System.out(18813): body:<empirical.HelperClass: java.lang.String getHeaderField(java.net.URLConnection,java.lang.String)>	sig:data = virtualinvoke conn.<java.net.URLConnection: java.lang.String getHeaderField(java.lang.String)>(field)	timediff:0
I/System.out(18813): body:<empirical.HelperClass: java.lang.String getHeaderField(java.net.URLConnection,java.lang.String)>	sig:data = virtualinvoke conn.<java.net.URLConnection: java.lang.String getHeaderField(java.lang.String)>(field)	timediff:0
I/System.out(18813): body:<empirical.HelperClass: java.lang.String getHeaderField(java.net.URLConnection,java.lang.String)>	sig:data = virtualinvoke conn.<java.net.URLConnection: java.lang.String getHeaderField(java.lang.String)>(field)	timediff:0
I/System.out(18813): body:<empirical.HelperClass: java.lang.String getHeaderField(java.net.URLConnection,java.lang.String)>	sig:data = virtualinvoke conn.<java.net.URLConnection: java.lang.String getHeaderField(java.lang.String)>(field)	timediff:0
I/System.out(18813): body:<empirical.HelperClass: java.lang.String getHeaderField(java.net.URLConnection,java.lang.String)>	sig:data = virtualinvoke conn.<java.net.URLConnection: java.lang.String getHeaderField(java.lang.String)>(field)	timediff:3
I/System.out(18813): URLConn;%;23;%;<com.mopub.volley.toolbox.HurlStack: org.apache.http.HttpEntity entityFromConnection(java.net.HttpURLConnection)>;%;$r1 = virtualinvoke $r0.<java.net.HttpURLConnection: java.io.InputStream getInputStream()>();%;http://ads.mopub.com/m/ad?android_perms_ext_storage=1&av=1.5&bundle=com.emojifamily.emoji.keyboard.sticker.MiddleFingerGif&cn=T-Mobile&cppck=45738&ct=2&dn=samsung%2CSM-G955N%2CSM-G955N&dnt=0&exclude=38fc61a06b7f46088446750577bc4813%2C3cd331dc67db40068ba016f110c88ade%2C3d833ae5c00c479c9dad7daed505ec92%2C48c1f97957a14472b25f32928ac38f43%2C9d9712e8f203416a954998dcea80dc41%2Cd9a0185b9acc49f38b567f128cbe787f&h=1280&id=442ad8a45d56435c87655ef8ad6d6f9c&iso=US&ll=33.985805%2C-118.25411166666666&lla=1&llf=-50179388&llsdk=1&mcc=310&mnc=16&mr=1&nv=4.7.1&o=p&request_id=24bf1790969547afaa5f7ff0709b6354&rtc=6&sc_a=1.5&udid=sha%3A2933c258ec002fc201e2d50663c3c5719581d213&v=6&w=720&z=-0700;%;false;%;Not found;%;Not found;%;Not found;%;Not found;%;Not found
I/System.out(18813): body:<com.mopub.volley.toolbox.HurlStack: org.apache.http.HttpEntity entityFromConnection(java.net.HttpURLConnection)>	sig:$i1 = virtualinvoke $r0.<java.net.HttpURLConnection: int getContentLength()>()	timediff:0
I/System.out(18813): body:<com.mopub.volley.toolbox.HurlStack: org.apache.http.HttpEntity entityFromConnection(java.net.HttpURLConnection)>	sig:$r3 = virtualinvoke $r0.<java.net.HttpURLConnection: java.lang.String getContentEncoding()>()	timediff:0
I/System.out(18813): body:<com.mopub.volley.toolbox.HurlStack: org.apache.http.HttpEntity entityFromConnection(java.net.HttpURLConnection)>	sig:$r3 = virtualinvoke $r0.<java.net.HttpURLConnection: java.lang.String getContentType()>()	timediff:0
I/System.out(18813): body:<com.mopub.volley.toolbox.HurlStack: org.apache.http.HttpResponse performRequest(com.mopub.volley.Request,java.util.Map)>	sig:$r5 = virtualinvoke $r12.<java.net.HttpURLConnection: java.util.Map getHeaderFields()>()	timediff:0
I/qtaguid (18813): Untagging socket 79 failed errno=-13
W/NetworkManagementSocketTagger(18813): untagSocket(79) failed with errno -13
W/ViewRootImpl(18813): Dropping event due to no window focus: KeyEvent { action=ACTION_DOWN, keyCode=KEYCODE_DPAD_UP, scanCode=0, metaState=0, flags=0x8, repeatCount=0, eventTime=1380871, downTime=1380871, deviceId=-1, source=0x101 }
W/InputMethodManagerService(  480): Window already focused, ignoring focus gain of: com.android.internal.view.IInputMethodClient$Stub$Proxy@4a90219c attribute=null, token = android.os.BinderProxy@4ab076dc
W/ViewRootImpl(18813): Dropping event due to no window focus: KeyEvent { action=ACTION_DOWN, keyCode=KEYCODE_DPAD_LEFT, scanCode=0, metaState=0, flags=0x8, repeatCount=0, eventTime=1380883, downTime=1380883, deviceId=-1, source=0x101 }
W/EGL_emulation(18813): eglSurfaceAttrib not implemented 3093 12436
W/ViewRootImpl(18813): Dropping event due to no window focus: KeyEvent { action=ACTION_DOWN, keyCode=KEYCODE_BUTTON_Z, scanCode=0, metaState=0, flags=0x8, repeatCount=0, eventTime=1380889, downTime=1380889, deviceId=-1, source=0x101 }
D/MoPub   (18813): Loading custom event adapter.
D/MoPub   (18813): Attempting to invoke custom event: com.mopub.mobileads.FacebookBanner
D/MoPub   (18813): Facebook banner ad failed to load.
V/MoPub   (18813): MoPubErrorCode: Unspecified error.
D/MoPub   (18813): Loading failover url: http://ads.mopub.com/m/ad?android_perms_ext_storage=1&av=1.5&bundle=com.emojifamily.emoji.keyboard.sticker.MiddleFingerGif&cn=T-Mobile&cppck=45738&ct=2&dn=samsung%2CSM-G955N%2CSM-G955N&dnt=0&exclude=38fc61a06b7f46088446750577bc4813%2C3cd331dc67db40068ba016f110c88ade%2C3d833ae5c00c479c9dad7daed505ec92%2C48c1f97957a14472b25f32928ac38f43%2C497e749a881e11e5a7cf002590f2bb78%2C9d9712e8f203416a954998dcea80dc41%2Cd9a0185b9acc49f38b567f128cbe787f&h=1280&id=442ad8a45d56435c87655ef8ad6d6f9c&iso=US&ll=33.985805%2C-118.25411166666666&lla=1&llf=-50179388&llsdk=1&mcc=310&mnc=16&mr=1&nv=4.7.1&o=p&request_id=24bf1790969547afaa5f7ff0709b6354&rtc=7&sc_a=1.5&udid=sha%3A2933c258ec002fc201e2d50663c3c5719581d213&v=6&w=720&z=-0700
D/MoPub   (18813): Loading url: http://ads.mopub.com/m/ad?android_perms_ext_storage=1&av=1.5&bundle=com.emojifamily.emoji.keyboard.sticker.MiddleFingerGif&cn=T-Mobile&cppck=45738&ct=2&dn=samsung%2CSM-G955N%2CSM-G955N&dnt=0&exclude=38fc61a06b7f46088446750577bc4813%2C3cd331dc67db40068ba016f110c88ade%2C3d833ae5c00c479c9dad7daed505ec92%2C48c1f97957a14472b25f32928ac38f43%2C497e749a881e11e5a7cf002590f2bb78%2C9d9712e8f203416a954998dcea80dc41%2Cd9a0185b9acc49f38b567f128cbe787f&h=1280&id=442ad8a45d56435c87655ef8ad6d6f9c&iso=US&ll=33.985805%2C-118.25411166666666&lla=1&llf=-50179388&llsdk=1&mcc=310&mnc=16&mr=1&nv=4.7.1&o=p&request_id=24bf1790969547afaa5f7ff0709b6354&rtc=7&sc_a=1.5&udid=sha%3A2933c258ec002fc201e2d50663c3c5719581d213&v=6&w=720&z=-0700
I/System.out(18813): body:<com.mopub.volley.toolbox.HurlStack: org.apache.http.HttpResponse performRequest(com.mopub.volley.Request,java.util.Map)>	sig:specialinvoke $r11.<java.net.URL: void <init>(java.lang.String)>($r8)	timediff:0
I/System.out(18813): <com.mopub.volley.toolbox.HurlStack: org.apache.http.HttpResponse performRequest(com.mopub.volley.Request,java.util.Map)>###specialinvoke $r11.<java.net.URL: void <init>(java.lang.String)>($r8)###http://ads.mopub.com/m/ad?android_perms_ext_storage=1&av=1.5&bundle=com.emojifamily.emoji.keyboard.sticker.MiddleFingerGif&cn=T-Mobile&cppck=45738&ct=2&dn=samsung%2CSM-G955N%2CSM-G955N&dnt=0&exclude=38fc61a06b7f46088446750577bc4813%2C3cd331dc67db40068ba016f110c88ade%2C3d833ae5c00c479c9dad7daed505ec92%2C48c1f97957a14472b25f32928ac38f43%2C497e749a881e11e5a7cf002590f2bb78%2C9d9712e8f203416a954998dcea80dc41%2Cd9a0185b9acc49f38b567f128cbe787f&h=1280&id=442ad8a45d56435c87655ef8ad6d6f9c&iso=US&ll=33.985805%2C-118.25411166666666&lla=1&llf=-50179388&llsdk=1&mcc=310&mnc=16&mr=1&nv=4.7.1&o=p&request_id=24bf1790969547afaa5f7ff0709b6354&rtc=7&sc_a=1.5&udid=sha%3A2933c258ec002fc201e2d50663c3c5719581d213&v=6&w=720&z=-0700
I/System.out(18813): body:<com.mopub.volley.toolbox.HurlStack: java.net.HttpURLConnection createConnection(java.net.URL)>	sig:$r2 = virtualinvoke $r1.<java.net.URL: java.net.URLConnection openConnection()>()	timediff:1
I/System.out(18813): body:<com.mopub.volley.toolbox.HurlStack: java.net.HttpURLConnection openConnection(java.net.URL,com.mopub.volley.Request)>	sig:virtualinvoke $r3.<java.net.HttpURLConnection: void setConnectTimeout(int)>($i0)	timediff:0
I/System.out(18813): body:<com.mopub.volley.toolbox.HurlStack: java.net.HttpURLConnection openConnection(java.net.URL,com.mopub.volley.Request)>	sig:virtualinvoke $r3.<java.net.HttpURLConnection: void setReadTimeout(int)>($i0)	timediff:0
I/System.out(18813): body:<com.mopub.volley.toolbox.HurlStack: java.net.HttpURLConnection openConnection(java.net.URL,com.mopub.volley.Request)>	sig:virtualinvoke $r3.<java.net.HttpURLConnection: void setUseCaches(boolean)>(0)	timediff:0
I/System.out(18813): body:<com.mopub.volley.toolbox.HurlStack: java.net.HttpURLConnection openConnection(java.net.URL,com.mopub.volley.Request)>	sig:virtualinvoke $r3.<java.net.HttpURLConnection: void setDoInput(boolean)>(1)	timediff:0
I/System.out(18813): body:<com.mopub.volley.toolbox.HurlStack: java.net.HttpURLConnection openConnection(java.net.URL,com.mopub.volley.Request)>	sig:$r5 = virtualinvoke $r1.<java.net.URL: java.lang.String getProtocol()>()	timediff:0
I/System.out(18813): body:<com.mopub.volley.toolbox.HurlStack: org.apache.http.HttpResponse performRequest(com.mopub.volley.Request,java.util.Map)>	sig:virtualinvoke $r12.<java.net.HttpURLConnection: void addRequestProperty(java.lang.String,java.lang.String)>($r8, $r7)	timediff:0
I/System.out(18813): body:<com.mopub.volley.toolbox.HurlStack: org.apache.http.HttpResponse performRequest(com.mopub.volley.Request,java.util.Map)>	sig:virtualinvoke $r12.<java.net.HttpURLConnection: void addRequestProperty(java.lang.String,java.lang.String)>($r8, $r7)	timediff:0
I/System.out(18813): body:<com.mopub.volley.toolbox.HurlStack: void setConnectionParametersForRequest(java.net.HttpURLConnection,com.mopub.volley.Request)>	sig:virtualinvoke $r0.<java.net.HttpURLConnection: void setRequestMethod(java.lang.String)>("GET")	timediff:0
I/qtaguid (18813): Tagging socket 76 with tag 469abf7000000000(1184546672) for uid -1 failed errno=-13
I/NetworkManagementSocketTagger(18813): tagSocketFd(76, 1184546672, -1) failed with errno-13
W/InputMethodManagerService(  480): Window already focused, ignoring focus gain of: com.android.internal.view.IInputMethodClient$Stub$Proxy@4a7e2818 attribute=null, token = android.os.BinderProxy@4ab076dc
I/System.out(18813): body:<com.mopub.volley.toolbox.HurlStack: org.apache.http.HttpResponse performRequest(com.mopub.volley.Request,java.util.Map)>	sig:$i0 = virtualinvoke $r12.<java.net.HttpURLConnection: int getResponseCode()>()	timediff:88
I/System.out(18813): body:<com.mopub.volley.toolbox.HurlStack: org.apache.http.HttpResponse performRequest(com.mopub.volley.Request,java.util.Map)>	sig:$i0 = virtualinvoke $r12.<java.net.HttpURLConnection: int getResponseCode()>()	timediff:0
I/System.out(18813): body:<com.mopub.volley.toolbox.HurlStack: org.apache.http.HttpResponse performRequest(com.mopub.volley.Request,java.util.Map)>	sig:$r8 = virtualinvoke $r12.<java.net.HttpURLConnection: java.lang.String getResponseMessage()>()	timediff:0
I/System.out(18813): body:<com.mopub.volley.toolbox.HurlStack: org.apache.http.HttpEntity entityFromConnection(java.net.HttpURLConnection)>	sig:$r1 = virtualinvoke $r0.<java.net.HttpURLConnection: java.io.InputStream getInputStream()>()	timediff:0
I/System.out(18813): body:<empirical.HelperClass: void printURLInfo(java.lang.String,java.lang.String,java.net.URLConnection)>	sig:$r0 = virtualinvoke urlConnection.<java.net.URLConnection: java.net.URL getURL()>()	timediff:0
I/System.out(18813): body:<empirical.HelperClass: void printURLInfo(java.lang.String,java.lang.String,java.net.URLConnection)>	sig:urlString = virtualinvoke $r0.<java.net.URL: java.lang.String toString()>()	timediff:0
I/System.out(18813): body:<empirical.HelperClass: void printURLInfo(java.lang.String,java.lang.String,java.net.URLConnection)>	sig:isDoOutput = virtualinvoke urlConnection.<java.net.URLConnection: boolean getDoOutput()>()	timediff:0
I/System.out(18813): body:<empirical.HelperClass: java.lang.String getHeaderField(java.net.URLConnection,java.lang.String)>	sig:data = virtualinvoke conn.<java.net.URLConnection: java.lang.String getHeaderField(java.lang.String)>(field)	timediff:0
I/System.out(18813): body:<empirical.HelperClass: java.lang.String getHeaderField(java.net.URLConnection,java.lang.String)>	sig:data = virtualinvoke conn.<java.net.URLConnection: java.lang.String getHeaderField(java.lang.String)>(field)	timediff:0
I/System.out(18813): body:<empirical.HelperClass: java.lang.String getHeaderField(java.net.URLConnection,java.lang.String)>	sig:data = virtualinvoke conn.<java.net.URLConnection: java.lang.String getHeaderField(java.lang.String)>(field)	timediff:0
I/System.out(18813): body:<empirical.HelperClass: java.lang.String getHeaderField(java.net.URLConnection,java.lang.String)>	sig:data = virtualinvoke conn.<java.net.URLConnection: java.lang.String getHeaderField(java.lang.String)>(field)	timediff:0
I/System.out(18813): body:<empirical.HelperClass: java.lang.String getHeaderField(java.net.URLConnection,java.lang.String)>	sig:data = virtualinvoke conn.<java.net.URLConnection: java.lang.String getHeaderField(java.lang.String)>(field)	timediff:0
I/System.out(18813): URLConn;%;24;%;<com.mopub.volley.toolbox.HurlStack: org.apache.http.HttpEntity entityFromConnection(java.net.HttpURLConnection)>;%;$r1 = virtualinvoke $r0.<java.net.HttpURLConnection: java.io.InputStream getInputStream()>();%;http://ads.mopub.com/m/ad?android_perms_ext_storage=1&av=1.5&bundle=com.emojifamily.emoji.keyboard.sticker.MiddleFingerGif&cn=T-Mobile&cppck=45738&ct=2&dn=samsung%2CSM-G955N%2CSM-G955N&dnt=0&exclude=38fc61a06b7f46088446750577bc4813%2C3cd331dc67db40068ba016f110c88ade%2C3d833ae5c00c479c9dad7daed505ec92%2C48c1f97957a14472b25f32928ac38f43%2C497e749a881e11e5a7cf002590f2bb78%2C9d9712e8f203416a954998dcea80dc41%2Cd9a0185b9acc49f38b567f128cbe787f&h=1280&id=442ad8a45d56435c87655ef8ad6d6f9c&iso=US&ll=33.985805%2C-118.25411166666666&lla=1&llf=-50179388&llsdk=1&mcc=310&mnc=16&mr=1&nv=4.7.1&o=p&request_id=24bf1790969547afaa5f7ff0709b6354&rtc=7&sc_a=1.5&udid=sha%3A2933c258ec002fc201e2d50663c3c5719581d213&v=6&w=720&z=-0700;%;false;%;Not found;%;Not found;%;Not found;%;Not found;%;Not found
I/System.out(18813): body:<com.mopub.volley.toolbox.HurlStack: org.apache.http.HttpEntity entityFromConnection(java.net.HttpURLConnection)>	sig:$i1 = virtualinvoke $r0.<java.net.HttpURLConnection: int getContentLength()>()	timediff:0
I/System.out(18813): body:<com.mopub.volley.toolbox.HurlStack: org.apache.http.HttpEntity entityFromConnection(java.net.HttpURLConnection)>	sig:$r3 = virtualinvoke $r0.<java.net.HttpURLConnection: java.lang.String getContentEncoding()>()	timediff:0
I/System.out(18813): body:<com.mopub.volley.toolbox.HurlStack: org.apache.http.HttpEntity entityFromConnection(java.net.HttpURLConnection)>	sig:$r3 = virtualinvoke $r0.<java.net.HttpURLConnection: java.lang.String getContentType()>()	timediff:0
I/System.out(18813): body:<com.mopub.volley.toolbox.HurlStack: org.apache.http.HttpResponse performRequest(com.mopub.volley.Request,java.util.Map)>	sig:$r5 = virtualinvoke $r12.<java.net.HttpURLConnection: java.util.Map getHeaderFields()>()	timediff:0
I/qtaguid (18813): Untagging socket 76 failed errno=-13
W/NetworkManagementSocketTagger(18813): untagSocket(76) failed with errno -13
D/MoPub   (18813): Loading custom event adapter.
D/MoPub   (18813): Attempting to invoke custom event: com.mopub.mobileads.GooglePlayServicesBanner
D/DynamitePackage(18813): Instantiating com.google.android.gms.ads.ChimeraAdManagerCreatorImpl
I/Ads     (18813): Starting ad request.
I/Ads     (18813): Use AdRequest.Builder.addTestDevice("DADDEACD506FD4BD02989AD39CCF21B7") to get test ads on this device.
W/Ads     (18813): Not retrying to fetch app settings
W/Herrevad(  711): [920] sjl.a: On wifi, but couldn't get security type
W/DebugConnManager(  711): getNetworkInfo() on networkType 0
E/Herrevad(  711): [965] RemoteReportsRefreshChimeraService.a: want to send authenticated request, but no Google account on device
W/ViewRootImpl(18813): Dropping event due to no window focus: KeyEvent { action=ACTION_DOWN, keyCode=KEYCODE_MENU, scanCode=0, metaState=0, flags=0x8, repeatCount=0, eventTime=1381085, downTime=1381085, deviceId=-1, source=0x101 }
I/qtaguid (  711): Tagging socket 68 with tag 3000130100000000(805311233) for uid -1 failed errno=-13
I/NetworkManagementSocketTagger(  711): tagSocketFd(68, 805311233, -1) failed with errno-13
W/ViewRootImpl(18813): Dropping event due to no window focus: KeyEvent { action=ACTION_DOWN, keyCode=KEYCODE_DPAD_LEFT, scanCode=0, metaState=0, flags=0x8, repeatCount=0, eventTime=1381113, downTime=1381113, deviceId=-1, source=0x101 }
W/ViewRootImpl(18813): Dropping event due to no window focus: KeyEvent { action=ACTION_DOWN, keyCode=KEYCODE_DPAD_DOWN, scanCode=0, metaState=0, flags=0x8, repeatCount=0, eventTime=1381115, downTime=1381115, deviceId=-1, source=0x101 }
I/qtaguid (  711): Tagging socket 236 with tag 3000010500000000(805306629) for uid -1 failed errno=-13
I/NetworkManagementSocketTagger(  711): tagSocketFd(236, 805306629, -1) failed with errno-13
W/EGL_emulation(18813): eglSurfaceAttrib not implemented 3093 12436
W/ViewRootImpl(18813): Dropping event due to no window focus: KeyEvent { action=ACTION_DOWN, keyCode=KEYCODE_SHIFT_RIGHT, scanCode=0, metaState=0, flags=0x8, repeatCount=0, eventTime=1381120, downTime=1381120, deviceId=-1, source=0x101 }
I/ActivityManager(  480): START u0 {act=android.intent.action.CHOOSER flg=0x1 cmp=android/com.android.internal.app.ChooserActivity (has clip) (has extras)} from pid 18813
I/qtaguid (  711): Untagging socket 68 failed errno=-13
W/NetworkManagementSocketTagger(  711): untagSocket(68) failed with errno -13
E/Volley  (  711): [74] BasicNetwork.performRequest: Unexpected response code 307 for https://android.googleapis.com/nova/herrevad/network_quality_info
W/Herrevad(  711): [965] RemoteReportsRefreshChimeraService.a: java.util.concurrent.ExecutionException: com.android.volley.ServerError
W/Herrevad(  711): java.util.concurrent.ExecutionException: com.android.volley.ServerError
W/Herrevad(  711): 	at com.android.volley.toolbox.RequestFuture.a(com.google.android.gms@12221070@12.2.21 (070-188803320):4)
W/Herrevad(  711): 	at com.android.volley.toolbox.RequestFuture.get(com.google.android.gms@12221070@12.2.21 (070-188803320):2)
W/Herrevad(  711): 	at com.google.android.gms.herrevad.services.RemoteReportsRefreshChimeraService.a(com.google.android.gms@12221070@12.2.21 (070-188803320):25)
W/Herrevad(  711): 	at com.google.android.gms.herrevad.services.ImmediateRemoteReportsRefreshChimeraService.onHandleIntent(com.google.android.gms@12221070@12.2.21 (070-188803320))
W/Herrevad(  711): 	at csq.handleMessage(com.google.android.gms@12221070@12.2.21 (070-188803320))
W/Herrevad(  711): 	at android.os.Handler.dispatchMessage(Handler.java:102)
W/Herrevad(  711): 	at android.os.Looper.loop(Looper.java:136)
W/Herrevad(  711): 	at android.os.HandlerThread.run(HandlerThread.java:61)
W/Herrevad(  711): Caused by: com.android.volley.ServerError
W/Herrevad(  711): 	at com.android.volley.toolbox.BasicNetwork.performRequest(com.google.android.gms@12221070@12.2.21 (070-188803320):36)
W/Herrevad(  711): 	at kiq.performRequest(com.google.android.gms@12221070@12.2.21 (070-188803320):8)
W/Herrevad(  711): 	at com.android.volley.NetworkDispatcher.a(com.google.android.gms@12221070@12.2.21 (070-188803320):7)
W/Herrevad(  711): 	at com.android.volley.NetworkDispatcher.run(com.google.android.gms@12221070@12.2.21 (070-188803320):2)
W/ViewRootImpl(18813): Dropping event due to no window focus: KeyEvent { action=ACTION_DOWN, keyCode=KEYCODE_MENU, scanCode=0, metaState=0, flags=0x8, repeatCount=0, eventTime=1381178, downTime=1381178, deviceId=-1, source=0x101 }
W/InputMethodManagerService(  480): Window already focused, ignoring focus gain of: com.android.internal.view.IInputMethodClient$Stub$Proxy@4b115694 attribute=null, token = android.os.BinderProxy@4ab076dc
I/ActivityManager(  480): START u0 {act=android.intent.action.CHOOSER flg=0x1 cmp=android/com.android.internal.app.ChooserActivity (has clip) (has extras)} from pid 18813
W/ViewRootImpl(18813): Dropping event due to no window focus: KeyEvent { action=ACTION_DOWN, keyCode=KEYCODE_DPAD_UP, scanCode=0, metaState=0, flags=0x8, repeatCount=0, eventTime=1381307, downTime=1381307, deviceId=-1, source=0x101 }
I/qtaguid (  711): Untagging socket 236 failed errno=-13
W/NetworkManagementSocketTagger(  711): untagSocket(236) failed with errno -13
I/Ads     (18813): Trying mediation network: 
W/EGL_emulation(18813): eglSurfaceAttrib not implemented 3093 12436
W/ViewRootImpl(18813): Dropping event due to no window focus: KeyEvent { action=ACTION_DOWN, keyCode=KEYCODE_DPAD_CENTER, scanCode=0, metaState=0, flags=0x8, repeatCount=0, eventTime=1381340, downTime=1381340, deviceId=-1, source=0x101 }
I/Ads     (18813): Instantiating mediation adapter: com.google.DummyAdapter
I/Ads     (18813): No fill from any mediation ad networks.
I/Ads     (18813): Scheduling ad refresh 60000 milliseconds from now.
W/Ads     (18813): Failed to load ad: 3
D/MoPub   (18813): Google Play Services banner ad failed to load.
V/MoPub   (18813): MoPubErrorCode: Third-party network failed to provide an ad.
D/MoPub   (18813): Loading failover url: http://ads.mopub.com/m/ad?android_perms_ext_storage=1&av=1.5&bundle=com.emojifamily.emoji.keyboard.sticker.MiddleFingerGif&cn=T-Mobile&cppck=45738&ct=2&dn=samsung%2CSM-G955N%2CSM-G955N&dnt=0&exclude=38fc61a06b7f46088446750577bc4813%2C3cd331dc67db40068ba016f110c88ade%2C3d833ae5c00c479c9dad7daed505ec92%2C48c1f97957a14472b25f32928ac38f43%2C497c5052881e11e5a7cf002590f2bb78%2C497e749a881e11e5a7cf002590f2bb78%2C9d9712e8f203416a954998dcea80dc41%2Cd9a0185b9acc49f38b567f128cbe787f&h=1280&id=442ad8a45d56435c87655ef8ad6d6f9c&iso=US&ll=33.985805%2C-118.25411166666666&lla=1&llf=-50179388&llsdk=1&mcc=310&mnc=16&mr=1&nv=4.7.1&o=p&request_id=24bf1790969547afaa5f7ff0709b6354&rtc=8&sc_a=1.5&udid=sha%3A2933c258ec002fc201e2d50663c3c5719581d213&v=6&w=720&z=-0700
D/MoPub   (18813): Loading url: http://ads.mopub.com/m/ad?android_perms_ext_storage=1&av=1.5&bundle=com.emojifamily.emoji.keyboard.sticker.MiddleFingerGif&cn=T-Mobile&cppck=45738&ct=2&dn=samsung%2CSM-G955N%2CSM-G955N&dnt=0&exclude=38fc61a06b7f46088446750577bc4813%2C3cd331dc67db40068ba016f110c88ade%2C3d833ae5c00c479c9dad7daed505ec92%2C48c1f97957a14472b25f32928ac38f43%2C497c5052881e11e5a7cf002590f2bb78%2C497e749a881e11e5a7cf002590f2bb78%2C9d9712e8f203416a954998dcea80dc41%2Cd9a0185b9acc49f38b567f128cbe787f&h=1280&id=442ad8a45d56435c87655ef8ad6d6f9c&iso=US&ll=33.985805%2C-118.25411166666666&lla=1&llf=-50179388&llsdk=1&mcc=310&mnc=16&mr=1&nv=4.7.1&o=p&request_id=24bf1790969547afaa5f7ff0709b6354&rtc=8&sc_a=1.5&udid=sha%3A2933c258ec002fc201e2d50663c3c5719581d213&v=6&w=720&z=-0700
I/System.out(18813): body:<com.mopub.volley.toolbox.HurlStack: org.apache.http.HttpResponse performRequest(com.mopub.volley.Request,java.util.Map)>	sig:specialinvoke $r11.<java.net.URL: void <init>(java.lang.String)>($r8)	timediff:0
I/System.out(18813): <com.mopub.volley.toolbox.HurlStack: org.apache.http.HttpResponse performRequest(com.mopub.volley.Request,java.util.Map)>###specialinvoke $r11.<java.net.URL: void <init>(java.lang.String)>($r8)###http://ads.mopub.com/m/ad?android_perms_ext_storage=1&av=1.5&bundle=com.emojifamily.emoji.keyboard.sticker.MiddleFingerGif&cn=T-Mobile&cppck=45738&ct=2&dn=samsung%2CSM-G955N%2CSM-G955N&dnt=0&exclude=38fc61a06b7f46088446750577bc4813%2C3cd331dc67db40068ba016f110c88ade%2C3d833ae5c00c479c9dad7daed505ec92%2C48c1f97957a14472b25f32928ac38f43%2C497c5052881e11e5a7cf002590f2bb78%2C497e749a881e11e5a7cf002590f2bb78%2C9d9712e8f203416a954998dcea80dc41%2Cd9a0185b9acc49f38b567f128cbe787f&h=1280&id=442ad8a45d56435c87655ef8ad6d6f9c&iso=US&ll=33.985805%2C-118.25411166666666&lla=1&llf=-50179388&llsdk=1&mcc=310&mnc=16&mr=1&nv=4.7.1&o=p&request_id=24bf1790969547afaa5f7ff0709b6354&rtc=8&sc_a=1.5&udid=sha%3A2933c258ec002fc201e2d50663c3c5719581d213&v=6&w=720&z=-0700
I/System.out(18813): body:<com.mopub.volley.toolbox.HurlStack: java.net.HttpURLConnection createConnection(java.net.URL)>	sig:$r2 = virtualinvoke $r1.<java.net.URL: java.net.URLConnection openConnection()>()	timediff:0
I/System.out(18813): body:<com.mopub.volley.toolbox.HurlStack: java.net.HttpURLConnection openConnection(java.net.URL,com.mopub.volley.Request)>	sig:virtualinvoke $r3.<java.net.HttpURLConnection: void setConnectTimeout(int)>($i0)	timediff:0
I/System.out(18813): body:<com.mopub.volley.toolbox.HurlStack: java.net.HttpURLConnection openConnection(java.net.URL,com.mopub.volley.Request)>	sig:virtualinvoke $r3.<java.net.HttpURLConnection: void setReadTimeout(int)>($i0)	timediff:0
I/System.out(18813): body:<com.mopub.volley.toolbox.HurlStack: java.net.HttpURLConnection openConnection(java.net.URL,com.mopub.volley.Request)>	sig:virtualinvoke $r3.<java.net.HttpURLConnection: void setUseCaches(boolean)>(0)	timediff:0
I/System.out(18813): body:<com.mopub.volley.toolbox.HurlStack: java.net.HttpURLConnection openConnection(java.net.URL,com.mopub.volley.Request)>	sig:virtualinvoke $r3.<java.net.HttpURLConnection: void setDoInput(boolean)>(1)	timediff:0
I/System.out(18813): body:<com.mopub.volley.toolbox.HurlStack: java.net.HttpURLConnection openConnection(java.net.URL,com.mopub.volley.Request)>	sig:$r5 = virtualinvoke $r1.<java.net.URL: java.lang.String getProtocol()>()	timediff:0
I/System.out(18813): body:<com.mopub.volley.toolbox.HurlStack: org.apache.http.HttpResponse performRequest(com.mopub.volley.Request,java.util.Map)>	sig:virtualinvoke $r12.<java.net.HttpURLConnection: void addRequestProperty(java.lang.String,java.lang.String)>($r8, $r7)	timediff:0
I/System.out(18813): body:<com.mopub.volley.toolbox.HurlStack: org.apache.http.HttpResponse performRequest(com.mopub.volley.Request,java.util.Map)>	sig:virtualinvoke $r12.<java.net.HttpURLConnection: void addRequestProperty(java.lang.String,java.lang.String)>($r8, $r7)	timediff:0
I/System.out(18813): body:<com.mopub.volley.toolbox.HurlStack: void setConnectionParametersForRequest(java.net.HttpURLConnection,com.mopub.volley.Request)>	sig:virtualinvoke $r0.<java.net.HttpURLConnection: void setRequestMethod(java.lang.String)>("GET")	timediff:0
I/qtaguid (18813): Tagging socket 79 with tag 469abf7000000000(1184546672) for uid -1 failed errno=-13
I/NetworkManagementSocketTagger(18813): tagSocketFd(79, 1184546672, -1) failed with errno-13
W/InputMethodManagerService(  480): Window already focused, ignoring focus gain of: com.android.internal.view.IInputMethodClient$Stub$Proxy@4aa29690 attribute=null, token = android.os.BinderProxy@4ab076dc
I/ActivityManager(  480): START u0 {act=android.intent.action.MAIN cat=[android.intent.category.LAUNCHER] flg=0x10200000 cmp=com.emojifamily.emoji.keyboard.sticker.MiddleFingerGif/com.emojifamily.emoji.keyboard.sticker.poogif.MainActivity} from pid 18803
W/ViewRootImpl(18813): Dropping event due to no window focus: KeyEvent { action=ACTION_DOWN, keyCode=KEYCODE_DPAD_DOWN, scanCode=0, metaState=0, flags=0x8, repeatCount=0, eventTime=1381475, downTime=1381475, deviceId=-1, source=0x101 }
I/ActivityManager(  480): START u0 {act=android.intent.action.MAIN cat=[android.intent.category.LAUNCHER] flg=0x10200000 cmp=com.emojifamily.emoji.keyboard.sticker.MiddleFingerGif/com.emojifamily.emoji.keyboard.sticker.poogif.MainActivity} from pid 18803
W/ViewRootImpl(18813): Dropping event due to no window focus: KeyEvent { action=ACTION_DOWN, keyCode=KEYCODE_DPAD_DOWN, scanCode=0, metaState=0, flags=0x8, repeatCount=0, eventTime=1381480, downTime=1381480, deviceId=-1, source=0x101 }
W/ViewRootImpl(18813): Dropping event due to no window focus: KeyEvent { action=ACTION_DOWN, keyCode=KEYCODE_DPAD_RIGHT, scanCode=0, metaState=0, flags=0x8, repeatCount=0, eventTime=1381481, downTime=1381481, deviceId=-1, source=0x101 }
W/ViewRootImpl(18813): Dropping event due to no window focus: KeyEvent { action=ACTION_DOWN, keyCode=KEYCODE_F12, scanCode=0, metaState=0, flags=0x8, repeatCount=0, eventTime=1381482, downTime=1381482, deviceId=-1, source=0x101 }
W/EGL_emulation(18813): eglSurfaceAttrib not implemented 3093 12436
W/ViewRootImpl(18813): Dropping event due to no window focus: KeyEvent { action=ACTION_DOWN, keyCode=KEYCODE_DPAD_CENTER, scanCode=0, metaState=0, flags=0x8, repeatCount=0, eventTime=1381492, downTime=1381492, deviceId=-1, source=0x101 }
D/Util    (18813): isNetworkAvailable -  I 1
D/Util    (18813): isNetworkAvailabletrue
D/Util    (18813): isNetworkAvailable - no 3G network
D/Util    (18813): isNetworkAvailable - wifi available
I/ActivityManager(  480): START u0 {act=android.intent.action.MAIN cat=[android.intent.category.LAUNCHER] flg=0x10200000 cmp=com.emojifamily.emoji.keyboard.sticker.MiddleFingerGif/com.emojifamily.emoji.keyboard.sticker.poogif.MainActivity} from pid 18803
W/ViewRootImpl(18813): Dropping event due to no window focus: KeyEvent { action=ACTION_DOWN, keyCode=KEYCODE_MENU, scanCode=0, metaState=0, flags=0x8, repeatCount=0, eventTime=1381502, downTime=1381502, deviceId=-1, source=0x101 }
W/ViewRootImpl(18813): Dropping event due to no window focus: KeyEvent { action=ACTION_DOWN, keyCode=KEYCODE_DPAD_LEFT, scanCode=0, metaState=0, flags=0x8, repeatCount=0, eventTime=1381504, downTime=1381504, deviceId=-1, source=0x101 }
I/ActivityManager(  480): START u0 {act=android.intent.action.CHOOSER flg=0x1 cmp=android/com.android.internal.app.ChooserActivity (has clip) (has extras)} from pid 18813
D/Util    (18813): isNetworkAvailable -  I 1
D/Util    (18813): isNetworkAvailabletrue
D/Util    (18813): isNetworkAvailable - no 3G network
D/Util    (18813): isNetworkAvailable - wifi available
I/ActivityManager(  480): START u0 {act=android.intent.action.MAIN cat=[android.intent.category.LAUNCHER] flg=0x10000000 cmp=com.android.contacts/.activities.PeopleActivity sel={act=android.intent.action.MAIN cat=[android.intent.category.APP_CONTACTS]}} from pid 480
D/Util    (18813): isNetworkAvailable -  I 1
D/Util    (18813): isNetworkAvailabletrue
D/Util    (18813): isNetworkAvailable - no 3G network
D/Util    (18813): isNetworkAvailable - wifi available
D/MoPub   (18813): Ad event URL: mopub://failLoad
V/MoPub   (18813): MoPubErrorCode: Unspecified error.
D/MoPub   (18813): Loading failover url: http://ads.mopub.com/m/ad?android_perms_ext_storage=1&av=1.5&bundle=com.emojifamily.emoji.keyboard.sticker.MiddleFingerGif&cn=T-Mobile&cppck=638B6&ct=2&dn=samsung%2CSM-G955N%2CSM-G955N&dnt=0&exclude=38fc61a06b7f46088446750577bc4813%2C3cd331dc67db40068ba016f110c88ade%2C3d833ae5c00c479c9dad7daed505ec92%2Cd9a0185b9acc49f38b567f128cbe787f&h=1280&id=442ad8a45d56435c87655ef8ad6d6f9c&iso=US&ll=33.985805%2C-118.25411166666666&lla=1&llf=-50175131&llsdk=1&mcc=310&mnc=16&mr=1&nv=4.7.1&o=p&request_id=bebf4625c31d41f7bbc2a482d09fbdd4&rtc=4&sc_a=1.5&udid=sha%3A2933c258ec002fc201e2d50663c3c5719581d213&v=6&w=720&z=-0700
D/MoPub   (18813): Loading url: http://ads.mopub.com/m/ad?android_perms_ext_storage=1&av=1.5&bundle=com.emojifamily.emoji.keyboard.sticker.MiddleFingerGif&cn=T-Mobile&cppck=638B6&ct=2&dn=samsung%2CSM-G955N%2CSM-G955N&dnt=0&exclude=38fc61a06b7f46088446750577bc4813%2C3cd331dc67db40068ba016f110c88ade%2C3d833ae5c00c479c9dad7daed505ec92%2Cd9a0185b9acc49f38b567f128cbe787f&h=1280&id=442ad8a45d56435c87655ef8ad6d6f9c&iso=US&ll=33.985805%2C-118.25411166666666&lla=1&llf=-50175131&llsdk=1&mcc=310&mnc=16&mr=1&nv=4.7.1&o=p&request_id=bebf4625c31d41f7bbc2a482d09fbdd4&rtc=4&sc_a=1.5&udid=sha%3A2933c258ec002fc201e2d50663c3c5719581d213&v=6&w=720&z=-0700
I/System.out(18813): body:<com.mopub.volley.toolbox.HurlStack: org.apache.http.HttpResponse performRequest(com.mopub.volley.Request,java.util.Map)>	sig:specialinvoke $r11.<java.net.URL: void <init>(java.lang.String)>($r8)	timediff:1
I/System.out(18813): <com.mopub.volley.toolbox.HurlStack: org.apache.http.HttpResponse performRequest(com.mopub.volley.Request,java.util.Map)>###specialinvoke $r11.<java.net.URL: void <init>(java.lang.String)>($r8)###http://ads.mopub.com/m/ad?android_perms_ext_storage=1&av=1.5&bundle=com.emojifamily.emoji.keyboard.sticker.MiddleFingerGif&cn=T-Mobile&cppck=638B6&ct=2&dn=samsung%2CSM-G955N%2CSM-G955N&dnt=0&exclude=38fc61a06b7f46088446750577bc4813%2C3cd331dc67db40068ba016f110c88ade%2C3d833ae5c00c479c9dad7daed505ec92%2Cd9a0185b9acc49f38b567f128cbe787f&h=1280&id=442ad8a45d56435c87655ef8ad6d6f9c&iso=US&ll=33.985805%2C-118.25411166666666&lla=1&llf=-50175131&llsdk=1&mcc=310&mnc=16&mr=1&nv=4.7.1&o=p&request_id=bebf4625c31d41f7bbc2a482d09fbdd4&rtc=4&sc_a=1.5&udid=sha%3A2933c258ec002fc201e2d50663c3c5719581d213&v=6&w=720&z=-0700
I/System.out(18813): body:<com.mopub.volley.toolbox.HurlStack: java.net.HttpURLConnection createConnection(java.net.URL)>	sig:$r2 = virtualinvoke $r1.<java.net.URL: java.net.URLConnection openConnection()>()	timediff:0
I/System.out(18813): body:<com.mopub.volley.toolbox.HurlStack: java.net.HttpURLConnection openConnection(java.net.URL,com.mopub.volley.Request)>	sig:virtualinvoke $r3.<java.net.HttpURLConnection: void setConnectTimeout(int)>($i0)	timediff:0
I/System.out(18813): body:<com.mopub.volley.toolbox.HurlStack: java.net.HttpURLConnection openConnection(java.net.URL,com.mopub.volley.Request)>	sig:virtualinvoke $r3.<java.net.HttpURLConnection: void setReadTimeout(int)>($i0)	timediff:0
I/System.out(18813): body:<com.mopub.volley.toolbox.HurlStack: java.net.HttpURLConnection openConnection(java.net.URL,com.mopub.volley.Request)>	sig:virtualinvoke $r3.<java.net.HttpURLConnection: void setUseCaches(boolean)>(0)	timediff:0
I/System.out(18813): body:<com.mopub.volley.toolbox.HurlStack: java.net.HttpURLConnection openConnection(java.net.URL,com.mopub.volley.Request)>	sig:virtualinvoke $r3.<java.net.HttpURLConnection: void setDoInput(boolean)>(1)	timediff:0
I/System.out(18813): body:<com.mopub.volley.toolbox.HurlStack: java.net.HttpURLConnection openConnection(java.net.URL,com.mopub.volley.Request)>	sig:$r5 = virtualinvoke $r1.<java.net.URL: java.lang.String getProtocol()>()	timediff:0
I/System.out(18813): body:<com.mopub.volley.toolbox.HurlStack: org.apache.http.HttpResponse performRequest(com.mopub.volley.Request,java.util.Map)>	sig:virtualinvoke $r12.<java.net.HttpURLConnection: void addRequestProperty(java.lang.String,java.lang.String)>($r8, $r7)	timediff:0
I/System.out(18813): body:<com.mopub.volley.toolbox.HurlStack: org.apache.http.HttpResponse performRequest(com.mopub.volley.Request,java.util.Map)>	sig:virtualinvoke $r12.<java.net.HttpURLConnection: void addRequestProperty(java.lang.String,java.lang.String)>($r8, $r7)	timediff:0
I/System.out(18813): body:<com.mopub.volley.toolbox.HurlStack: void setConnectionParametersForRequest(java.net.HttpURLConnection,com.mopub.volley.Request)>	sig:virtualinvoke $r0.<java.net.HttpURLConnection: void setRequestMethod(java.lang.String)>("GET")	timediff:0
I/qtaguid (18813): Tagging socket 76 with tag 469abf7000000000(1184546672) for uid -1 failed errno=-13
I/NetworkManagementSocketTagger(18813): tagSocketFd(76, 1184546672, -1) failed with errno-13
W/ViewRootImpl(18813): Dropping event due to no window focus: KeyEvent { action=ACTION_DOWN, keyCode=KEYCODE_V, scanCode=0, metaState=0, flags=0x8, repeatCount=0, eventTime=1381544, downTime=1381544, deviceId=-1, source=0x101 }
W/InputMethodManagerService(  480): Window already focused, ignoring focus gain of: com.android.internal.view.IInputMethodClient$Stub$Proxy@4ab1b830 attribute=null, token = android.os.BinderProxy@4ab076dc
I/System.out(18813): body:<com.mopub.volley.toolbox.HurlStack: org.apache.http.HttpResponse performRequest(com.mopub.volley.Request,java.util.Map)>	sig:$i0 = virtualinvoke $r12.<java.net.HttpURLConnection: int getResponseCode()>()	timediff:149
I/System.out(18813): body:<com.mopub.volley.toolbox.HurlStack: org.apache.http.HttpResponse performRequest(com.mopub.volley.Request,java.util.Map)>	sig:$i0 = virtualinvoke $r12.<java.net.HttpURLConnection: int getResponseCode()>()	timediff:0
I/System.out(18813): body:<com.mopub.volley.toolbox.HurlStack: org.apache.http.HttpResponse performRequest(com.mopub.volley.Request,java.util.Map)>	sig:$r8 = virtualinvoke $r12.<java.net.HttpURLConnection: java.lang.String getResponseMessage()>()	timediff:0
I/System.out(18813): body:<com.mopub.volley.toolbox.HurlStack: org.apache.http.HttpEntity entityFromConnection(java.net.HttpURLConnection)>	sig:$r1 = virtualinvoke $r0.<java.net.HttpURLConnection: java.io.InputStream getInputStream()>()	timediff:1
I/System.out(18813): body:<empirical.HelperClass: void printURLInfo(java.lang.String,java.lang.String,java.net.URLConnection)>	sig:$r0 = virtualinvoke urlConnection.<java.net.URLConnection: java.net.URL getURL()>()	timediff:0
I/System.out(18813): body:<empirical.HelperClass: void printURLInfo(java.lang.String,java.lang.String,java.net.URLConnection)>	sig:urlString = virtualinvoke $r0.<java.net.URL: java.lang.String toString()>()	timediff:0
I/System.out(18813): body:<empirical.HelperClass: void printURLInfo(java.lang.String,java.lang.String,java.net.URLConnection)>	sig:isDoOutput = virtualinvoke urlConnection.<java.net.URLConnection: boolean getDoOutput()>()	timediff:0
I/System.out(18813): body:<empirical.HelperClass: java.lang.String getHeaderField(java.net.URLConnection,java.lang.String)>	sig:data = virtualinvoke conn.<java.net.URLConnection: java.lang.String getHeaderField(java.lang.String)>(field)	timediff:0
