I/System.out(20262): body:<cz.msebera.android.httpclient.impl.client.cache.CacheKeyGenerator: java.lang.String canonicalizeUri(java.lang.String)>	sig:$r7 = virtualinvoke $r4.<java.net.URL: java.lang.String getHost()>()	timediff:0
I/System.out(20262): body:<cz.msebera.android.httpclient.impl.client.cache.CacheKeyGenerator: java.lang.String canonicalizeUri(java.lang.String)>	sig:$i0 = virtualinvoke $r4.<java.net.URL: int getPort()>()	timediff:0
I/System.out(20262): body:<cz.msebera.android.httpclient.impl.client.cache.CacheKeyGenerator: java.lang.String canonicalizeUri(java.lang.String)>	sig:$r3 = virtualinvoke $r4.<java.net.URL: java.lang.String getPath()>()	timediff:0
I/System.out(20262): body:<cz.msebera.android.httpclient.impl.client.cache.CacheKeyGenerator: java.lang.String canonicalizeUri(java.lang.String)>	sig:$r8 = virtualinvoke $r4.<java.net.URL: java.lang.String getQuery()>()	timediff:0
I/System.out(20262): body:<cz.msebera.android.httpclient.impl.client.cache.CacheKeyGenerator: java.lang.String canonicalizeUri(java.lang.String)>	sig:specialinvoke $r4.<java.net.URL: void <init>(java.lang.String,java.lang.String,int,java.lang.String)>($r6, $r7, $i0, $r3)	timediff:0
I/System.out(20262): body:<cz.msebera.android.httpclient.impl.client.cache.CacheKeyGenerator: java.lang.String canonicalizeUri(java.lang.String)>	sig:$r8 = virtualinvoke $r4.<java.net.URL: java.lang.String toString()>()	timediff:0
I/System.out(20262): body:<cz.msebera.android.httpclient.client.methods.HttpRequestWrapper: cz.msebera.android.httpclient.RequestLine getRequestLine()>	sig:$r1 = virtualinvoke $r2.<java.net.URI: java.lang.String toASCIIString()>()	timediff:0
I/System.out(20262): body:<cz.msebera.android.httpclient.client.methods.HttpRequestWrapper: cz.msebera.android.httpclient.RequestLine getRequestLine()>	sig:$r1 = virtualinvoke $r2.<java.net.URI: java.lang.String toASCIIString()>()	timediff:0
I/System.out(20262): body:<cz.msebera.android.httpclient.client.utils.URIUtils: java.net.URI resolve(java.net.URI,java.lang.String)>	sig:$r2 = staticinvoke <java.net.URI: java.net.URI create(java.lang.String)>($r1)	timediff:0
I/System.out(20262): body:<cz.msebera.android.httpclient.client.utils.URIUtils: java.net.URI resolve(java.net.URI,java.net.URI)>	sig:$r3 = virtualinvoke $r1.<java.net.URI: java.lang.String toString()>()	timediff:0
I/System.out(20262): body:<cz.msebera.android.httpclient.client.utils.URIUtils: java.net.URI resolve(java.net.URI,java.net.URI)>	sig:$r1 = virtualinvoke $r0.<java.net.URI: java.net.URI resolve(java.net.URI)>($r2)	timediff:0
I/System.out(20262): body:<cz.msebera.android.httpclient.client.utils.URIUtils: java.net.URI normalizeSyntax(java.net.URI)>	sig:$z0 = virtualinvoke $r0.<java.net.URI: boolean isOpaque()>()	timediff:0
I/System.out(20262): body:<cz.msebera.android.httpclient.client.utils.URIUtils: java.net.URI normalizeSyntax(java.net.URI)>	sig:$r5 = virtualinvoke $r0.<java.net.URI: java.lang.String getAuthority()>()	timediff:0
I/System.out(20262): body:<cz.msebera.android.httpclient.client.utils.URIUtils: java.net.URI normalizeSyntax(java.net.URI)>	sig:$z0 = virtualinvoke $r0.<java.net.URI: boolean isAbsolute()>()	timediff:0
I/System.out(20262): body:<cz.msebera.android.httpclient.client.utils.URIUtils: java.net.URI normalizeSyntax(java.net.URI)>	sig:$r5 = virtualinvoke $r0.<java.net.URI: java.lang.String getPath()>()	timediff:0
I/System.out(20262): body:<cz.msebera.android.httpclient.client.utils.URIUtils: java.net.URI normalizeSyntax(java.net.URI)>	sig:$r5 = virtualinvoke $r0.<java.net.URI: java.lang.String getPath()>()	timediff:0
I/System.out(20262): body:<cz.msebera.android.httpclient.client.utils.URIUtils: java.net.URI normalizeSyntax(java.net.URI)>	sig:$r7 = virtualinvoke $r0.<java.net.URI: java.lang.String getScheme()>()	timediff:0
I/System.out(20262): body:<cz.msebera.android.httpclient.client.utils.URIUtils: java.net.URI normalizeSyntax(java.net.URI)>	sig:$r5 = virtualinvoke $r0.<java.net.URI: java.lang.String getAuthority()>()	timediff:0
I/System.out(20262): body:<cz.msebera.android.httpclient.client.utils.URIUtils: java.net.URI normalizeSyntax(java.net.URI)>	sig:specialinvoke $r12.<java.net.URI: void <init>(java.lang.String,java.lang.String,java.lang.String,java.lang.String,java.lang.String)>($r7, $r5, $r2, null, null)	timediff:0
I/System.out(20262): body:<cz.msebera.android.httpclient.client.utils.URIUtils: java.net.URI normalizeSyntax(java.net.URI)>	sig:$r7 = virtualinvoke $r0.<java.net.URI: java.lang.String getQuery()>()	timediff:0
I/System.out(20262): body:<cz.msebera.android.httpclient.client.utils.URIUtils: java.net.URI normalizeSyntax(java.net.URI)>	sig:$r7 = virtualinvoke $r0.<java.net.URI: java.lang.String getFragment()>()	timediff:0
I/System.out(20262): body:<cz.msebera.android.httpclient.impl.client.cache.CacheKeyGenerator: java.lang.String canonicalizeUri(java.lang.String)>	sig:$r3 = virtualinvoke $r5.<java.net.URI: java.lang.String toASCIIString()>()	timediff:0
I/System.out(20262): body:<cz.msebera.android.httpclient.impl.client.cache.CacheKeyGenerator: java.lang.String canonicalizeUri(java.lang.String)>	sig:specialinvoke $r4.<java.net.URL: void <init>(java.lang.String)>($r3)	timediff:0
I/System.out(20262): <cz.msebera.android.httpclient.impl.client.cache.CacheKeyGenerator: java.lang.String canonicalizeUri(java.lang.String)>###specialinvoke $r4.<java.net.URL: void <init>(java.lang.String)>($r3)###http://m.anastasiadate.com/config/public/mobile-system-emails.xml
I/System.out(20262): body:<cz.msebera.android.httpclient.impl.client.cache.CacheKeyGenerator: java.lang.String canonicalizeUri(java.lang.String)>	sig:$r6 = virtualinvoke $r4.<java.net.URL: java.lang.String getProtocol()>()	timediff:0
I/System.out(20262): body:<cz.msebera.android.httpclient.impl.client.cache.CacheKeyGenerator: java.lang.String canonicalizeUri(java.lang.String)>	sig:$r7 = virtualinvoke $r4.<java.net.URL: java.lang.String getHost()>()	timediff:0
I/System.out(20262): body:<cz.msebera.android.httpclient.impl.client.cache.CacheKeyGenerator: java.lang.String canonicalizeUri(java.lang.String)>	sig:$i0 = virtualinvoke $r4.<java.net.URL: int getPort()>()	timediff:0
I/System.out(20262): body:<cz.msebera.android.httpclient.impl.client.cache.CacheKeyGenerator: java.lang.String canonicalizeUri(java.lang.String)>	sig:$r3 = virtualinvoke $r4.<java.net.URL: java.lang.String getPath()>()	timediff:0
I/System.out(20262): body:<cz.msebera.android.httpclient.impl.client.cache.CacheKeyGenerator: java.lang.String canonicalizeUri(java.lang.String)>	sig:$r8 = virtualinvoke $r4.<java.net.URL: java.lang.String getQuery()>()	timediff:0
I/System.out(20262): body:<cz.msebera.android.httpclient.impl.client.cache.CacheKeyGenerator: java.lang.String canonicalizeUri(java.lang.String)>	sig:specialinvoke $r4.<java.net.URL: void <init>(java.lang.String,java.lang.String,int,java.lang.String)>($r6, $r7, $i0, $r3)	timediff:0
I/System.out(20262): body:<cz.msebera.android.httpclient.impl.client.cache.CacheKeyGenerator: java.lang.String canonicalizeUri(java.lang.String)>	sig:$r8 = virtualinvoke $r4.<java.net.URL: java.lang.String toString()>()	timediff:0
I/ActivityManager(  480): START u0 {act=android.intent.action.CALL_BUTTON flg=0x10000000} from pid 20262
W/PhoneFallbackEventHandler(20262): No activity found for android.intent.action.CALL_BUTTON.
I/System.out(20262): body:<cz.msebera.android.httpclient.impl.conn.SystemDefaultDnsResolver: java.net.InetAddress[] resolve(java.lang.String)>	sig:$r2 = staticinvoke <java.net.InetAddress: java.net.InetAddress[] getAllByName(java.lang.String)>($r1)	timediff:0
I/System.out(20262): body:<cz.msebera.android.httpclient.conn.socket.PlainConnectionSocketFactory: java.net.Socket createSocket(cz.msebera.android.httpclient.protocol.HttpContext)>	sig:specialinvoke $r2.<java.net.Socket: void <init>()>()	timediff:0
I/System.out(20262): body:<cz.msebera.android.httpclient.impl.conn.DefaultHttpClientConnectionOperator: void connect(cz.msebera.android.httpclient.conn.ManagedHttpClientConnection,cz.msebera.android.httpclient.HttpHost,java.net.InetSocketAddress,int,cz.msebera.android.httpclient.config.SocketConfig,cz.msebera.android.httpclient.protocol.HttpContext)>	sig:virtualinvoke $r17.<java.net.Socket: void setSoTimeout(int)>($i3)	timediff:2
I/System.out(20262): body:<cz.msebera.android.httpclient.impl.conn.DefaultHttpClientConnectionOperator: void connect(cz.msebera.android.httpclient.conn.ManagedHttpClientConnection,cz.msebera.android.httpclient.HttpHost,java.net.InetSocketAddress,int,cz.msebera.android.httpclient.config.SocketConfig,cz.msebera.android.httpclient.protocol.HttpContext)>	sig:virtualinvoke $r17.<java.net.Socket: void setReuseAddress(boolean)>($z1)	timediff:0
I/System.out(20262): body:<cz.msebera.android.httpclient.impl.conn.DefaultHttpClientConnectionOperator: void connect(cz.msebera.android.httpclient.conn.ManagedHttpClientConnection,cz.msebera.android.httpclient.HttpHost,java.net.InetSocketAddress,int,cz.msebera.android.httpclient.config.SocketConfig,cz.msebera.android.httpclient.protocol.HttpContext)>	sig:virtualinvoke $r17.<java.net.Socket: void setTcpNoDelay(boolean)>($z1)	timediff:0
I/System.out(20262): body:<cz.msebera.android.httpclient.impl.conn.DefaultHttpClientConnectionOperator: void connect(cz.msebera.android.httpclient.conn.ManagedHttpClientConnection,cz.msebera.android.httpclient.HttpHost,java.net.InetSocketAddress,int,cz.msebera.android.httpclient.config.SocketConfig,cz.msebera.android.httpclient.protocol.HttpContext)>	sig:virtualinvoke $r17.<java.net.Socket: void setKeepAlive(boolean)>($z1)	timediff:0
I/System.out(20262): body:<cz.msebera.android.httpclient.impl.conn.DefaultHttpClientConnectionOperator: void connect(cz.msebera.android.httpclient.conn.ManagedHttpClientConnection,cz.msebera.android.httpclient.HttpHost,java.net.InetSocketAddress,int,cz.msebera.android.httpclient.config.SocketConfig,cz.msebera.android.httpclient.protocol.HttpContext)>	sig:specialinvoke $r7.<java.net.InetSocketAddress: void <init>(java.net.InetAddress,int)>($r8, $i2)	timediff:0
I/System.out(20262): body:<cz.msebera.android.httpclient.conn.socket.PlainConnectionSocketFactory: java.net.Socket connectSocket(int,java.net.Socket,cz.msebera.android.httpclient.HttpHost,java.net.InetSocketAddress,java.net.InetSocketAddress,cz.msebera.android.httpclient.protocol.HttpContext)>	sig:virtualinvoke $r1.<java.net.Socket: void connect(java.net.SocketAddress,int)>($r3, $i0)	timediff:5
I/System.out(20262): body:<cz.msebera.android.httpclient.impl.BHttpConnectionBase: void setSocketTimeout(int)>	sig:virtualinvoke $r3.<java.net.Socket: void setSoTimeout(int)>($i0)	timediff:0
I/System.out(20262): body:<cz.msebera.android.httpclient.impl.BHttpConnectionBase: java.io.InputStream getSocketInputStream(java.net.Socket)>	sig:$r2 = virtualinvoke $r1.<java.net.Socket: java.io.InputStream getInputStream()>()	timediff:0
I/System.out(20262): body:<cz.msebera.android.httpclient.impl.BHttpConnectionBase: java.io.OutputStream getSocketOutputStream(java.net.Socket)>	sig:$r2 = virtualinvoke $r1.<java.net.Socket: java.io.OutputStream getOutputStream()>()	timediff:0
I/System.out(20262): body:<cz.msebera.android.httpclient.client.methods.HttpRequestWrapper: cz.msebera.android.httpclient.RequestLine getRequestLine()>	sig:$r1 = virtualinvoke $r2.<java.net.URI: java.lang.String toASCIIString()>()	timediff:0
D/dalvikvm(20262): GC_CONCURRENT freed 1983K, 22% free 7374K/9412K, paused 2ms+5ms, total 12ms
I/ActivityManager(  480): START u0 {act=android.intent.action.MAIN cat=[android.intent.category.LAUNCHER] flg=0x10200000 cmp=com.itonline.anastasiadate/.activities.AnastasiaDateLaunchActivity} from pid 20252
I/ActivityManager(  480): Displayed com.itonline.anastasiadate/.activities.AnastasiaDateLaunchActivity: +939ms (total +9s769ms)
W/NetworkManagementSocketTagger(  480): setKernelCountSet(10007, 0) failed with errno -13
I/GoogleConversionReporter(20262): Receive response code 200
I/GoogleConversionReporter(20262): Pinging: https://www.googleadservices.com/pagead/conversion/969888119/?bundleid=com.itonline.anastasiadate&appversion=3.19.2&osversion=4.4.2&sdkversion=ct-sdk-a-v2.2.1&gms=1&lat=0&timestamp=1524075651.880&remarketing_only=1&usage_tracking_enabled=1&rdid=3ae8f2f4-1b58-4ed6-816b-3ee6c7e3745e&data.action_type=anastasiadate_android_enter
I/System.out(20262): body:<cz.msebera.android.httpclient.client.methods.HttpRequestWrapper: cz.msebera.android.httpclient.RequestLine getRequestLine()>	sig:$r1 = virtualinvoke $r2.<java.net.URI: java.lang.String toASCIIString()>()	timediff:0
I/System.out(20262): body:<cz.msebera.android.httpclient.client.methods.HttpRequestWrapper: cz.msebera.android.httpclient.RequestLine getRequestLine()>	sig:$r1 = virtualinvoke $r2.<java.net.URI: java.lang.String toASCIIString()>()	timediff:0
I/System.out(20262): body:<cz.msebera.android.httpclient.client.methods.HttpRequestWrapper: cz.msebera.android.httpclient.RequestLine getRequestLine()>	sig:$r1 = virtualinvoke $r2.<java.net.URI: java.lang.String toASCIIString()>()	timediff:0
I/System.out(20262): body:<cz.msebera.android.httpclient.client.methods.HttpRequestWrapper: cz.msebera.android.httpclient.RequestLine getRequestLine()>	sig:$r1 = virtualinvoke $r2.<java.net.URI: java.lang.String toASCIIString()>()	timediff:0
I/System.out(20262): body:<cz.msebera.android.httpclient.client.methods.HttpRequestWrapper: cz.msebera.android.httpclient.RequestLine getRequestLine()>	sig:$r1 = virtualinvoke $r2.<java.net.URI: java.lang.String toASCIIString()>()	timediff:0
I/System.out(20262): body:<cz.msebera.android.httpclient.client.methods.HttpRequestWrapper: cz.msebera.android.httpclient.RequestLine getRequestLine()>	sig:$r1 = virtualinvoke $r2.<java.net.URI: java.lang.String toASCIIString()>()	timediff:0
I/System.out(20262): body:<cz.msebera.android.httpclient.client.methods.HttpRequestWrapper: cz.msebera.android.httpclient.RequestLine getRequestLine()>	sig:$r1 = virtualinvoke $r2.<java.net.URI: java.lang.String toASCIIString()>()	timediff:0
I/System.out(20262): body:<cz.msebera.android.httpclient.client.methods.HttpRequestWrapper: cz.msebera.android.httpclient.RequestLine getRequestLine()>	sig:$r1 = virtualinvoke $r2.<java.net.URI: java.lang.String toASCIIString()>()	timediff:0
D/TimeLogger:ServerTime(20262): 11:20:000
D/dalvikvm(20262): GC_FOR_ALLOC freed 410K, 20% free 7607K/9412K, paused 8ms, total 8ms
I/dalvikvm-heap(20262): Grow heap (frag case) to 7.739MB for 270030-byte allocation
D/dalvikvm(20262): GC_FOR_ALLOC freed <1K, 19% free 7870K/9676K, paused 5ms, total 5ms
I/System.out(20262): body:<cz.msebera.android.httpclient.impl.BHttpConnectionBase: void close()>	sig:virtualinvoke $r3.<java.net.Socket: void shutdownOutput()>()	timediff:0
I/System.out(20262): body:<cz.msebera.android.httpclient.impl.BHttpConnectionBase: void close()>	sig:virtualinvoke $r3.<java.net.Socket: void shutdownInput()>()	timediff:0
I/System.out(20262): body:<cz.msebera.android.httpclient.impl.BHttpConnectionBase: void close()>	sig:virtualinvoke $r3.<java.net.Socket: void close()>()	timediff:0
I/System.out(20262): body:<cz.msebera.android.httpclient.client.methods.HttpRequestWrapper: cz.msebera.android.httpclient.RequestLine getRequestLine()>	sig:$r1 = virtualinvoke $r2.<java.net.URI: java.lang.String toASCIIString()>()	timediff:0
I/System.out(20262): body:<cz.msebera.android.httpclient.client.methods.HttpRequestWrapper: cz.msebera.android.httpclient.RequestLine getRequestLine()>	sig:$r1 = virtualinvoke $r2.<java.net.URI: java.lang.String toASCIIString()>()	timediff:0
I/System.out(20262): body:<cz.msebera.android.httpclient.client.methods.HttpRequestWrapper: cz.msebera.android.httpclient.RequestLine getRequestLine()>	sig:$r1 = virtualinvoke $r2.<java.net.URI: java.lang.String toASCIIString()>()	timediff:0
I/System.out(20262): body:<cz.msebera.android.httpclient.client.methods.HttpRequestWrapper: cz.msebera.android.httpclient.RequestLine getRequestLine()>	sig:$r1 = virtualinvoke $r2.<java.net.URI: java.lang.String toASCIIString()>()	timediff:0
I/System.out(20262): body:<cz.msebera.android.httpclient.client.methods.HttpRequestWrapper: cz.msebera.android.httpclient.RequestLine getRequestLine()>	sig:$r1 = virtualinvoke $r2.<java.net.URI: java.lang.String toASCIIString()>()	timediff:0
I/System.out(20262): body:<cz.msebera.android.httpclient.client.methods.HttpRequestWrapper: cz.msebera.android.httpclient.RequestLine getRequestLine()>	sig:$r1 = virtualinvoke $r2.<java.net.URI: java.lang.String toASCIIString()>()	timediff:0
I/System.out(20262): body:<cz.msebera.android.httpclient.client.methods.HttpRequestWrapper: cz.msebera.android.httpclient.RequestLine getRequestLine()>	sig:$r1 = virtualinvoke $r2.<java.net.URI: java.lang.String toASCIIString()>()	timediff:0
I/System.out(20262): body:<cz.msebera.android.httpclient.client.methods.HttpRequestWrapper: cz.msebera.android.httpclient.RequestLine getRequestLine()>	sig:$r1 = virtualinvoke $r2.<java.net.URI: java.lang.String toASCIIString()>()	timediff:0
I/System.out(20262): body:<cz.msebera.android.httpclient.client.utils.URIUtils: java.net.URI resolve(java.net.URI,java.lang.String)>	sig:$r2 = staticinvoke <java.net.URI: java.net.URI create(java.lang.String)>($r1)	timediff:0
I/System.out(20262): body:<cz.msebera.android.httpclient.client.utils.URIUtils: java.net.URI resolve(java.net.URI,java.net.URI)>	sig:$r3 = virtualinvoke $r1.<java.net.URI: java.lang.String toString()>()	timediff:0
I/System.out(20262): body:<cz.msebera.android.httpclient.client.utils.URIUtils: java.net.URI resolve(java.net.URI,java.net.URI)>	sig:$r1 = virtualinvoke $r0.<java.net.URI: java.net.URI resolve(java.net.URI)>($r2)	timediff:0
I/System.out(20262): body:<cz.msebera.android.httpclient.client.utils.URIUtils: java.net.URI normalizeSyntax(java.net.URI)>	sig:$z0 = virtualinvoke $r0.<java.net.URI: boolean isOpaque()>()	timediff:0
I/System.out(20262): body:<cz.msebera.android.httpclient.client.utils.URIUtils: java.net.URI normalizeSyntax(java.net.URI)>	sig:$r5 = virtualinvoke $r0.<java.net.URI: java.lang.String getAuthority()>()	timediff:0
I/System.out(20262): body:<cz.msebera.android.httpclient.client.utils.URIUtils: java.net.URI normalizeSyntax(java.net.URI)>	sig:$z0 = virtualinvoke $r0.<java.net.URI: boolean isAbsolute()>()	timediff:0
I/System.out(20262): body:<cz.msebera.android.httpclient.client.utils.URIUtils: java.net.URI normalizeSyntax(java.net.URI)>	sig:$r5 = virtualinvoke $r0.<java.net.URI: java.lang.String getPath()>()	timediff:0
I/System.out(20262): body:<cz.msebera.android.httpclient.client.utils.URIUtils: java.net.URI normalizeSyntax(java.net.URI)>	sig:$r5 = virtualinvoke $r0.<java.net.URI: java.lang.String getPath()>()	timediff:0
I/System.out(20262): body:<cz.msebera.android.httpclient.client.utils.URIUtils: java.net.URI normalizeSyntax(java.net.URI)>	sig:$r7 = virtualinvoke $r0.<java.net.URI: java.lang.String getScheme()>()	timediff:0
I/System.out(20262): body:<cz.msebera.android.httpclient.client.utils.URIUtils: java.net.URI normalizeSyntax(java.net.URI)>	sig:$r5 = virtualinvoke $r0.<java.net.URI: java.lang.String getAuthority()>()	timediff:0
I/System.out(20262): body:<cz.msebera.android.httpclient.client.utils.URIUtils: java.net.URI normalizeSyntax(java.net.URI)>	sig:specialinvoke $r12.<java.net.URI: void <init>(java.lang.String,java.lang.String,java.lang.String,java.lang.String,java.lang.String)>($r7, $r5, $r2, null, null)	timediff:0
I/System.out(20262): body:<cz.msebera.android.httpclient.client.utils.URIUtils: java.net.URI normalizeSyntax(java.net.URI)>	sig:$r7 = virtualinvoke $r0.<java.net.URI: java.lang.String getQuery()>()	timediff:0
I/System.out(20262): body:<cz.msebera.android.httpclient.client.utils.URIUtils: java.net.URI normalizeSyntax(java.net.URI)>	sig:$r7 = virtualinvoke $r0.<java.net.URI: java.lang.String getFragment()>()	timediff:0
I/System.out(20262): body:<cz.msebera.android.httpclient.impl.client.cache.CacheKeyGenerator: java.lang.String canonicalizeUri(java.lang.String)>	sig:$r3 = virtualinvoke $r5.<java.net.URI: java.lang.String toASCIIString()>()	timediff:0
I/System.out(20262): body:<cz.msebera.android.httpclient.impl.client.cache.CacheKeyGenerator: java.lang.String canonicalizeUri(java.lang.String)>	sig:specialinvoke $r4.<java.net.URL: void <init>(java.lang.String)>($r3)	timediff:0
I/System.out(20262): <cz.msebera.android.httpclient.impl.client.cache.CacheKeyGenerator: java.lang.String canonicalizeUri(java.lang.String)>###specialinvoke $r4.<java.net.URL: void <init>(java.lang.String)>($r3)###http://m.anastasiadate.com/config/public/mobile-system-emails.xml
I/System.out(20262): body:<cz.msebera.android.httpclient.impl.client.cache.CacheKeyGenerator: java.lang.String canonicalizeUri(java.lang.String)>	sig:$r6 = virtualinvoke $r4.<java.net.URL: java.lang.String getProtocol()>()	timediff:0
I/System.out(20262): body:<cz.msebera.android.httpclient.impl.client.cache.CacheKeyGenerator: java.lang.String canonicalizeUri(java.lang.String)>	sig:$r7 = virtualinvoke $r4.<java.net.URL: java.lang.String getHost()>()	timediff:0
I/System.out(20262): body:<cz.msebera.android.httpclient.impl.client.cache.CacheKeyGenerator: java.lang.String canonicalizeUri(java.lang.String)>	sig:$i0 = virtualinvoke $r4.<java.net.URL: int getPort()>()	timediff:0
I/System.out(20262): body:<cz.msebera.android.httpclient.impl.client.cache.CacheKeyGenerator: java.lang.String canonicalizeUri(java.lang.String)>	sig:$r3 = virtualinvoke $r4.<java.net.URL: java.lang.String getPath()>()	timediff:0
I/System.out(20262): body:<cz.msebera.android.httpclient.impl.client.cache.CacheKeyGenerator: java.lang.String canonicalizeUri(java.lang.String)>	sig:$r8 = virtualinvoke $r4.<java.net.URL: java.lang.String getQuery()>()	timediff:0
I/System.out(20262): body:<cz.msebera.android.httpclient.impl.client.cache.CacheKeyGenerator: java.lang.String canonicalizeUri(java.lang.String)>	sig:specialinvoke $r4.<java.net.URL: void <init>(java.lang.String,java.lang.String,int,java.lang.String)>($r6, $r7, $i0, $r3)	timediff:0
I/System.out(20262): body:<cz.msebera.android.httpclient.impl.client.cache.CacheKeyGenerator: java.lang.String canonicalizeUri(java.lang.String)>	sig:$r8 = virtualinvoke $r4.<java.net.URL: java.lang.String toString()>()	timediff:0
I/System.out(20262): body:<cz.msebera.android.httpclient.client.methods.HttpRequestWrapper: cz.msebera.android.httpclient.RequestLine getRequestLine()>	sig:$r1 = virtualinvoke $r2.<java.net.URI: java.lang.String toASCIIString()>()	timediff:0
I/System.out(20262): body:<cz.msebera.android.httpclient.client.methods.HttpRequestWrapper: cz.msebera.android.httpclient.RequestLine getRequestLine()>	sig:$r1 = virtualinvoke $r2.<java.net.URI: java.lang.String toASCIIString()>()	timediff:0
I/System.out(20262): body:<cz.msebera.android.httpclient.client.methods.HttpRequestWrapper: cz.msebera.android.httpclient.RequestLine getRequestLine()>	sig:$r1 = virtualinvoke $r2.<java.net.URI: java.lang.String toASCIIString()>()	timediff:0
I/System.out(20262): body:<cz.msebera.android.httpclient.client.methods.HttpRequestWrapper: cz.msebera.android.httpclient.RequestLine getRequestLine()>	sig:$r1 = virtualinvoke $r2.<java.net.URI: java.lang.String toASCIIString()>()	timediff:0
I/System.out(20262): body:<cz.msebera.android.httpclient.client.utils.URIUtils: java.net.URI resolve(java.net.URI,java.lang.String)>	sig:$r2 = staticinvoke <java.net.URI: java.net.URI create(java.lang.String)>($r1)	timediff:0
I/System.out(20262): body:<cz.msebera.android.httpclient.client.utils.URIUtils: java.net.URI resolve(java.net.URI,java.net.URI)>	sig:$r3 = virtualinvoke $r1.<java.net.URI: java.lang.String toString()>()	timediff:0
I/System.out(20262): body:<cz.msebera.android.httpclient.client.utils.URIUtils: java.net.URI resolve(java.net.URI,java.net.URI)>	sig:$r1 = virtualinvoke $r0.<java.net.URI: java.net.URI resolve(java.net.URI)>($r2)	timediff:0
I/System.out(20262): body:<cz.msebera.android.httpclient.client.utils.URIUtils: java.net.URI normalizeSyntax(java.net.URI)>	sig:$z0 = virtualinvoke $r0.<java.net.URI: boolean isOpaque()>()	timediff:0
I/System.out(20262): body:<cz.msebera.android.httpclient.client.utils.URIUtils: java.net.URI normalizeSyntax(java.net.URI)>	sig:$r5 = virtualinvoke $r0.<java.net.URI: java.lang.String getAuthority()>()	timediff:0
I/System.out(20262): body:<cz.msebera.android.httpclient.client.utils.URIUtils: java.net.URI normalizeSyntax(java.net.URI)>	sig:$z0 = virtualinvoke $r0.<java.net.URI: boolean isAbsolute()>()	timediff:0
I/System.out(20262): body:<cz.msebera.android.httpclient.client.utils.URIUtils: java.net.URI normalizeSyntax(java.net.URI)>	sig:$r5 = virtualinvoke $r0.<java.net.URI: java.lang.String getPath()>()	timediff:0
I/System.out(20262): body:<cz.msebera.android.httpclient.client.utils.URIUtils: java.net.URI normalizeSyntax(java.net.URI)>	sig:$r5 = virtualinvoke $r0.<java.net.URI: java.lang.String getPath()>()	timediff:0
I/System.out(20262): body:<cz.msebera.android.httpclient.client.utils.URIUtils: java.net.URI normalizeSyntax(java.net.URI)>	sig:$r7 = virtualinvoke $r0.<java.net.URI: java.lang.String getScheme()>()	timediff:0
I/System.out(20262): body:<cz.msebera.android.httpclient.client.utils.URIUtils: java.net.URI normalizeSyntax(java.net.URI)>	sig:$r5 = virtualinvoke $r0.<java.net.URI: java.lang.String getAuthority()>()	timediff:0
I/System.out(20262): body:<cz.msebera.android.httpclient.client.utils.URIUtils: java.net.URI normalizeSyntax(java.net.URI)>	sig:specialinvoke $r12.<java.net.URI: void <init>(java.lang.String,java.lang.String,java.lang.String,java.lang.String,java.lang.String)>($r7, $r5, $r2, null, null)	timediff:0
I/System.out(20262): body:<cz.msebera.android.httpclient.client.utils.URIUtils: java.net.URI normalizeSyntax(java.net.URI)>	sig:$r7 = virtualinvoke $r0.<java.net.URI: java.lang.String getQuery()>()	timediff:0
I/System.out(20262): body:<cz.msebera.android.httpclient.client.utils.URIUtils: java.net.URI normalizeSyntax(java.net.URI)>	sig:$r7 = virtualinvoke $r0.<java.net.URI: java.lang.String getFragment()>()	timediff:0
I/System.out(20262): body:<cz.msebera.android.httpclient.impl.client.cache.CacheKeyGenerator: java.lang.String canonicalizeUri(java.lang.String)>	sig:$r3 = virtualinvoke $r5.<java.net.URI: java.lang.String toASCIIString()>()	timediff:0
I/System.out(20262): body:<cz.msebera.android.httpclient.impl.client.cache.CacheKeyGenerator: java.lang.String canonicalizeUri(java.lang.String)>	sig:specialinvoke $r4.<java.net.URL: void <init>(java.lang.String)>($r3)	timediff:0
I/System.out(20262): <cz.msebera.android.httpclient.impl.client.cache.CacheKeyGenerator: java.lang.String canonicalizeUri(java.lang.String)>###specialinvoke $r4.<java.net.URL: void <init>(java.lang.String)>($r3)###http://m.anastasiadate.com/config/public/mobile-system-emails.xml
I/System.out(20262): body:<cz.msebera.android.httpclient.impl.client.cache.CacheKeyGenerator: java.lang.String canonicalizeUri(java.lang.String)>	sig:$r6 = virtualinvoke $r4.<java.net.URL: java.lang.String getProtocol()>()	timediff:0
I/System.out(20262): body:<cz.msebera.android.httpclient.impl.client.cache.CacheKeyGenerator: java.lang.String canonicalizeUri(java.lang.String)>	sig:$r7 = virtualinvoke $r4.<java.net.URL: java.lang.String getHost()>()	timediff:0
I/System.out(20262): body:<cz.msebera.android.httpclient.impl.client.cache.CacheKeyGenerator: java.lang.String canonicalizeUri(java.lang.String)>	sig:$i0 = virtualinvoke $r4.<java.net.URL: int getPort()>()	timediff:0
I/System.out(20262): body:<cz.msebera.android.httpclient.impl.client.cache.CacheKeyGenerator: java.lang.String canonicalizeUri(java.lang.String)>	sig:$r3 = virtualinvoke $r4.<java.net.URL: java.lang.String getPath()>()	timediff:0
I/System.out(20262): body:<cz.msebera.android.httpclient.impl.client.cache.CacheKeyGenerator: java.lang.String canonicalizeUri(java.lang.String)>	sig:$r8 = virtualinvoke $r4.<java.net.URL: java.lang.String getQuery()>()	timediff:0
I/System.out(20262): body:<cz.msebera.android.httpclient.impl.client.cache.CacheKeyGenerator: java.lang.String canonicalizeUri(java.lang.String)>	sig:specialinvoke $r4.<java.net.URL: void <init>(java.lang.String,java.lang.String,int,java.lang.String)>($r6, $r7, $i0, $r3)	timediff:0
I/System.out(20262): body:<cz.msebera.android.httpclient.impl.client.cache.CacheKeyGenerator: java.lang.String canonicalizeUri(java.lang.String)>	sig:$r8 = virtualinvoke $r4.<java.net.URL: java.lang.String toString()>()	timediff:0
I/System.out(20262): body:<cz.msebera.android.httpclient.impl.client.cache.CacheKeyGenerator: java.lang.String getVariantKey(cz.msebera.android.httpclient.HttpRequest,cz.msebera.android.httpclient.client.cache.HttpCacheEntry)>	sig:$r14 = staticinvoke <java.net.URLEncoder: java.lang.String encode(java.lang.String,java.lang.String)>($r10, $r14)	timediff:0
I/System.out(20262): body:<cz.msebera.android.httpclient.impl.client.cache.CacheKeyGenerator: java.lang.String getVariantKey(cz.msebera.android.httpclient.HttpRequest,cz.msebera.android.httpclient.client.cache.HttpCacheEntry)>	sig:$r14 = staticinvoke <java.net.URLEncoder: java.lang.String encode(java.lang.String,java.lang.String)>($r14, $r10)	timediff:0
I/System.out(20262): body:<cz.msebera.android.httpclient.client.methods.HttpRequestWrapper: cz.msebera.android.httpclient.RequestLine getRequestLine()>	sig:$r1 = virtualinvoke $r2.<java.net.URI: java.lang.String toASCIIString()>()	timediff:0
I/System.out(20262): body:<cz.msebera.android.httpclient.client.methods.HttpRequestWrapper: cz.msebera.android.httpclient.RequestLine getRequestLine()>	sig:$r1 = virtualinvoke $r2.<java.net.URI: java.lang.String toASCIIString()>()	timediff:0
I/System.out(20262): body:<cz.msebera.android.httpclient.client.utils.URIUtils: java.net.URI resolve(java.net.URI,java.lang.String)>	sig:$r2 = staticinvoke <java.net.URI: java.net.URI create(java.lang.String)>($r1)	timediff:0
I/System.out(20262): body:<cz.msebera.android.httpclient.client.utils.URIUtils: java.net.URI resolve(java.net.URI,java.net.URI)>	sig:$r3 = virtualinvoke $r1.<java.net.URI: java.lang.String toString()>()	timediff:0
I/System.out(20262): body:<cz.msebera.android.httpclient.client.utils.URIUtils: java.net.URI resolve(java.net.URI,java.net.URI)>	sig:$r1 = virtualinvoke $r0.<java.net.URI: java.net.URI resolve(java.net.URI)>($r2)	timediff:0
I/System.out(20262): body:<cz.msebera.android.httpclient.client.utils.URIUtils: java.net.URI normalizeSyntax(java.net.URI)>	sig:$z0 = virtualinvoke $r0.<java.net.URI: boolean isOpaque()>()	timediff:0
I/System.out(20262): body:<cz.msebera.android.httpclient.client.utils.URIUtils: java.net.URI normalizeSyntax(java.net.URI)>	sig:$r5 = virtualinvoke $r0.<java.net.URI: java.lang.String getAuthority()>()	timediff:0
I/System.out(20262): body:<cz.msebera.android.httpclient.client.utils.URIUtils: java.net.URI normalizeSyntax(java.net.URI)>	sig:$z0 = virtualinvoke $r0.<java.net.URI: boolean isAbsolute()>()	timediff:0
I/System.out(20262): body:<cz.msebera.android.httpclient.client.utils.URIUtils: java.net.URI normalizeSyntax(java.net.URI)>	sig:$r5 = virtualinvoke $r0.<java.net.URI: java.lang.String getPath()>()	timediff:0
I/System.out(20262): body:<cz.msebera.android.httpclient.client.utils.URIUtils: java.net.URI normalizeSyntax(java.net.URI)>	sig:$r5 = virtualinvoke $r0.<java.net.URI: java.lang.String getPath()>()	timediff:0
I/System.out(20262): body:<cz.msebera.android.httpclient.client.utils.URIUtils: java.net.URI normalizeSyntax(java.net.URI)>	sig:$r7 = virtualinvoke $r0.<java.net.URI: java.lang.String getScheme()>()	timediff:0
I/System.out(20262): body:<cz.msebera.android.httpclient.client.utils.URIUtils: java.net.URI normalizeSyntax(java.net.URI)>	sig:$r5 = virtualinvoke $r0.<java.net.URI: java.lang.String getAuthority()>()	timediff:0
I/System.out(20262): body:<cz.msebera.android.httpclient.client.utils.URIUtils: java.net.URI normalizeSyntax(java.net.URI)>	sig:specialinvoke $r12.<java.net.URI: void <init>(java.lang.String,java.lang.String,java.lang.String,java.lang.String,java.lang.String)>($r7, $r5, $r2, null, null)	timediff:0
I/System.out(20262): body:<cz.msebera.android.httpclient.client.utils.URIUtils: java.net.URI normalizeSyntax(java.net.URI)>	sig:$r7 = virtualinvoke $r0.<java.net.URI: java.lang.String getQuery()>()	timediff:0
I/System.out(20262): body:<cz.msebera.android.httpclient.client.utils.URIUtils: java.net.URI normalizeSyntax(java.net.URI)>	sig:$r7 = virtualinvoke $r0.<java.net.URI: java.lang.String getFragment()>()	timediff:0
I/System.out(20262): body:<cz.msebera.android.httpclient.impl.client.cache.CacheKeyGenerator: java.lang.String canonicalizeUri(java.lang.String)>	sig:$r3 = virtualinvoke $r5.<java.net.URI: java.lang.String toASCIIString()>()	timediff:0
I/System.out(20262): body:<cz.msebera.android.httpclient.impl.client.cache.CacheKeyGenerator: java.lang.String canonicalizeUri(java.lang.String)>	sig:specialinvoke $r4.<java.net.URL: void <init>(java.lang.String)>($r3)	timediff:0
I/System.out(20262): <cz.msebera.android.httpclient.impl.client.cache.CacheKeyGenerator: java.lang.String canonicalizeUri(java.lang.String)>###specialinvoke $r4.<java.net.URL: void <init>(java.lang.String)>($r3)###http://m.anastasiadate.com/config/public/mobile-system-emails.xml
I/System.out(20262): body:<cz.msebera.android.httpclient.impl.client.cache.CacheKeyGenerator: java.lang.String canonicalizeUri(java.lang.String)>	sig:$r6 = virtualinvoke $r4.<java.net.URL: java.lang.String getProtocol()>()	timediff:0
I/System.out(20262): body:<cz.msebera.android.httpclient.impl.client.cache.CacheKeyGenerator: java.lang.String canonicalizeUri(java.lang.String)>	sig:$r7 = virtualinvoke $r4.<java.net.URL: java.lang.String getHost()>()	timediff:0
I/System.out(20262): body:<cz.msebera.android.httpclient.impl.client.cache.CacheKeyGenerator: java.lang.String canonicalizeUri(java.lang.String)>	sig:$i0 = virtualinvoke $r4.<java.net.URL: int getPort()>()	timediff:0
I/System.out(20262): body:<cz.msebera.android.httpclient.impl.client.cache.CacheKeyGenerator: java.lang.String canonicalizeUri(java.lang.String)>	sig:$r3 = virtualinvoke $r4.<java.net.URL: java.lang.String getPath()>()	timediff:0
I/System.out(20262): body:<cz.msebera.android.httpclient.impl.client.cache.CacheKeyGenerator: java.lang.String canonicalizeUri(java.lang.String)>	sig:$r8 = virtualinvoke $r4.<java.net.URL: java.lang.String getQuery()>()	timediff:0
I/System.out(20262): body:<cz.msebera.android.httpclient.impl.client.cache.CacheKeyGenerator: java.lang.String canonicalizeUri(java.lang.String)>	sig:specialinvoke $r4.<java.net.URL: void <init>(java.lang.String,java.lang.String,int,java.lang.String)>($r6, $r7, $i0, $r3)	timediff:0
I/System.out(20262): body:<cz.msebera.android.httpclient.impl.client.cache.CacheKeyGenerator: java.lang.String canonicalizeUri(java.lang.String)>	sig:$r8 = virtualinvoke $r4.<java.net.URL: java.lang.String toString()>()	timediff:0
I/GoogleConversionReporter(20262): Receive response code 200
I/System.out(20262): body:<cz.msebera.android.httpclient.client.methods.HttpRequestWrapper: cz.msebera.android.httpclient.RequestLine getRequestLine()>	sig:$r1 = virtualinvoke $r2.<java.net.URI: java.lang.String toASCIIString()>()	timediff:0
I/System.out(20262): body:<cz.msebera.android.httpclient.impl.client.cache.CacheKeyGenerator: java.lang.String getVariantKey(cz.msebera.android.httpclient.HttpRequest,cz.msebera.android.httpclient.client.cache.HttpCacheEntry)>	sig:$r14 = staticinvoke <java.net.URLEncoder: java.lang.String encode(java.lang.String,java.lang.String)>($r10, $r14)	timediff:0
I/System.out(20262): body:<cz.msebera.android.httpclient.impl.client.cache.CacheKeyGenerator: java.lang.String getVariantKey(cz.msebera.android.httpclient.HttpRequest,cz.msebera.android.httpclient.client.cache.HttpCacheEntry)>	sig:$r14 = staticinvoke <java.net.URLEncoder: java.lang.String encode(java.lang.String,java.lang.String)>($r14, $r10)	timediff:0
I/System.out(20262): body:<cz.msebera.android.httpclient.client.methods.HttpRequestWrapper: cz.msebera.android.httpclient.RequestLine getRequestLine()>	sig:$r1 = virtualinvoke $r2.<java.net.URI: java.lang.String toASCIIString()>()	timediff:0
I/System.out(20262): body:<cz.msebera.android.httpclient.client.methods.HttpRequestWrapper: cz.msebera.android.httpclient.RequestLine getRequestLine()>	sig:$r1 = virtualinvoke $r2.<java.net.URI: java.lang.String toASCIIString()>()	timediff:1
I/System.out(20262): body:<cz.msebera.android.httpclient.client.methods.HttpRequestWrapper: cz.msebera.android.httpclient.RequestLine getRequestLine()>	sig:$r1 = virtualinvoke $r2.<java.net.URI: java.lang.String toASCIIString()>()	timediff:0
I/System.out(20262): body:<cz.msebera.android.httpclient.client.methods.HttpRequestWrapper: cz.msebera.android.httpclient.RequestLine getRequestLine()>	sig:$r1 = virtualinvoke $r2.<java.net.URI: java.lang.String toASCIIString()>()	timediff:0
D/TimeMeasure(20262): 1524075652125: Action parsing response, SAX run 1 (size: 5952) started
I/ActivityManager(  480): START u0 {act=android.intent.action.MAIN cat=[android.intent.category.HOME] flg=0x10200000 cmp=com.vphone.launcher/.Launcher} from pid 480
I/GoogleConversionReporter(20262): Pinging: https://www.googleadservices.com/pagead/conversion/969888119/?bundleid=com.itonline.anastasiadate&appversion=3.19.2&osversion=4.4.2&sdkversion=ct-sdk-a-v2.2.1&gms=1&lat=0&timestamp=1524075651.842&remarketing_only=1&usage_tracking_enabled=1&rdid=3ae8f2f4-1b58-4ed6-816b-3ee6c7e3745e&data.action_type=anastasiadate_android_install
I/System.out(20262): body:<cz.msebera.android.httpclient.impl.BHttpConnectionBase: void close()>	sig:virtualinvoke $r3.<java.net.Socket: void shutdownOutput()>()	timediff:0
I/System.out(20262): body:<cz.msebera.android.httpclient.impl.BHttpConnectionBase: void close()>	sig:virtualinvoke $r3.<java.net.Socket: void shutdownInput()>()	timediff:0
I/System.out(20262): body:<cz.msebera.android.httpclient.impl.BHttpConnectionBase: void close()>	sig:virtualinvoke $r3.<java.net.Socket: void close()>()	timediff:0
D/dalvikvm(20262): GC_CONCURRENT freed 2218K, 26% free 7234K/9676K, paused 1ms+0ms, total 7ms
D/TimeMeasure(20262): 1524075652136: Action parsing response, SAX run 1 took 11 ms
I/System.out(20262): body:<io.fabric.sdk.android.services.network.HttpRequest: java.lang.String encode(java.lang.CharSequence)>	sig:specialinvoke $r3.<java.net.URL: void <init>(java.lang.String)>($r1)	timediff:1
I/System.out(20262): <io.fabric.sdk.android.services.network.HttpRequest: java.lang.String encode(java.lang.CharSequence)>###specialinvoke $r3.<java.net.URL: void <init>(java.lang.String)>($r1)###https://settings.crashlytics.com/spi/v2/platforms/android/apps/com.itonline.anastasiadate/settings?instance=64a0832c61cd2f4a358b2a09856e3e8f4ba0166e&source=1&build_version=53&icon_hash=b2c88323ce68045e08de17f24c74a5611cdaad5c&display_version=3.19.2
I/System.out(20262): body:<io.fabric.sdk.android.services.network.HttpRequest: java.lang.String encode(java.lang.CharSequence)>	sig:$r4 = virtualinvoke $r3.<java.net.URL: java.lang.String getHost()>()	timediff:0
I/System.out(20262): body:<io.fabric.sdk.android.services.network.HttpRequest: java.lang.String encode(java.lang.CharSequence)>	sig:$i0 = virtualinvoke $r3.<java.net.URL: int getPort()>()	timediff:0
I/System.out(20262): body:<io.fabric.sdk.android.services.network.HttpRequest: java.lang.String encode(java.lang.CharSequence)>	sig:$r4 = virtualinvoke $r3.<java.net.URL: java.lang.String getProtocol()>()	timediff:0
I/GoogleConversionReporter(20262): Receive response code 200
I/System.out(20262): body:<io.fabric.sdk.android.services.network.HttpRequest: java.lang.String encode(java.lang.CharSequence)>	sig:$r7 = virtualinvoke $r3.<java.net.URL: java.lang.String getPath()>()	timediff:1
I/System.out(20262): body:<io.fabric.sdk.android.services.network.HttpRequest: java.lang.String encode(java.lang.CharSequence)>	sig:$r8 = virtualinvoke $r3.<java.net.URL: java.lang.String getQuery()>()	timediff:0
I/System.out(20262): body:<io.fabric.sdk.android.services.network.HttpRequest: java.lang.String encode(java.lang.CharSequence)>	sig:specialinvoke $r6.<java.net.URI: void <init>(java.lang.String,java.lang.String,java.lang.String,java.lang.String,java.lang.String)>($r4, $r1, $r7, $r8, null)	timediff:0
I/System.out(20262): body:<io.fabric.sdk.android.services.network.HttpRequest: java.lang.String encode(java.lang.CharSequence)>	sig:$r8 = virtualinvoke $r6.<java.net.URI: java.lang.String toASCIIString()>()	timediff:0
I/System.out(20262): body:<io.fabric.sdk.android.services.network.HttpRequest: void <init>(java.lang.CharSequence,java.lang.String)>	sig:specialinvoke $r5.<java.net.URL: void <init>(java.lang.String)>($r4)	timediff:0
I/System.out(20262): <io.fabric.sdk.android.services.network.HttpRequest: void <init>(java.lang.CharSequence,java.lang.String)>###specialinvoke $r5.<java.net.URL: void <init>(java.lang.String)>($r4)###https://settings.crashlytics.com/spi/v2/platforms/android/apps/com.itonline.anastasiadate/settings?instance=64a0832c61cd2f4a358b2a09856e3e8f4ba0166e&source=1&build_version=53&icon_hash=b2c88323ce68045e08de17f24c74a5611cdaad5c&display_version=3.19.2
I/System.out(20262): body:<io.fabric.sdk.android.services.network.HttpRequest$ConnectionFactory$1: java.net.HttpURLConnection create(java.net.URL)>	sig:$r2 = virtualinvoke $r1.<java.net.URL: java.net.URLConnection openConnection()>()	timediff:0
I/System.out(20262): body:<io.fabric.sdk.android.services.network.HttpRequest: java.net.HttpURLConnection createConnection()>	sig:virtualinvoke $r1.<java.net.HttpURLConnection: void setRequestMethod(java.lang.String)>($r3)	timediff:0
I/System.out(20262): body:<io.fabric.sdk.android.services.network.HttpRequest: io.fabric.sdk.android.services.network.HttpRequest useCaches(boolean)>	sig:virtualinvoke $r1.<java.net.HttpURLConnection: void setUseCaches(boolean)>($z0)	timediff:0
I/System.out(20262): body:<io.fabric.sdk.android.services.network.HttpRequest: io.fabric.sdk.android.services.network.HttpRequest connectTimeout(int)>	sig:virtualinvoke $r1.<java.net.HttpURLConnection: void setConnectTimeout(int)>($i0)	timediff:0
I/System.out(20262): body:<io.fabric.sdk.android.services.network.HttpRequest: io.fabric.sdk.android.services.network.HttpRequest header(java.lang.String,java.lang.String)>	sig:virtualinvoke $r3.<java.net.HttpURLConnection: void setRequestProperty(java.lang.String,java.lang.String)>($r1, $r2)	timediff:0
I/System.out(20262): body:<io.fabric.sdk.android.services.network.HttpRequest: io.fabric.sdk.android.services.network.HttpRequest header(java.lang.String,java.lang.String)>	sig:virtualinvoke $r3.<java.net.HttpURLConnection: void setRequestProperty(java.lang.String,java.lang.String)>($r1, $r2)	timediff:0
I/System.out(20262): body:<io.fabric.sdk.android.services.network.HttpRequest: io.fabric.sdk.android.services.network.HttpRequest header(java.lang.String,java.lang.String)>	sig:virtualinvoke $r3.<java.net.HttpURLConnection: void setRequestProperty(java.lang.String,java.lang.String)>($r1, $r2)	timediff:0
I/System.out(20262): body:<io.fabric.sdk.android.services.network.HttpRequest: io.fabric.sdk.android.services.network.HttpRequest header(java.lang.String,java.lang.String)>	sig:virtualinvoke $r3.<java.net.HttpURLConnection: void setRequestProperty(java.lang.String,java.lang.String)>($r1, $r2)	timediff:0
I/System.out(20262): body:<io.fabric.sdk.android.services.network.HttpRequest: io.fabric.sdk.android.services.network.HttpRequest header(java.lang.String,java.lang.String)>	sig:virtualinvoke $r3.<java.net.HttpURLConnection: void setRequestProperty(java.lang.String,java.lang.String)>($r1, $r2)	timediff:0
I/System.out(20262): body:<io.fabric.sdk.android.services.network.HttpRequest: io.fabric.sdk.android.services.network.HttpRequest header(java.lang.String,java.lang.String)>	sig:virtualinvoke $r3.<java.net.HttpURLConnection: void setRequestProperty(java.lang.String,java.lang.String)>($r1, $r2)	timediff:0
I/System.out(20262): body:<io.fabric.sdk.android.services.network.HttpRequest: io.fabric.sdk.android.services.network.HttpRequest header(java.lang.String,java.lang.String)>	sig:virtualinvoke $r3.<java.net.HttpURLConnection: void setRequestProperty(java.lang.String,java.lang.String)>($r1, $r2)	timediff:0
I/System.out(20262): body:<com.appsflyer.AppsFlyerLib: void callServer(java.net.URL,java.lang.String,java.lang.String,java.lang.ref.WeakReference,java.lang.String,java.lang.String,boolean)>	sig:$r16 = virtualinvoke $r13.<java.net.HttpURLConnection: java.io.OutputStream getOutputStream()>()	timediff:423
W/WindowManager(  480): updateFocusedWindowLocked, focusedAppToken is null.
W/ViewRootImpl(  535): Dropping event due to no window focus: MotionEvent { action=ACTION_MOVE, id[0]=0, x[0]=2.0, y[0]=-5.0, toolType[0]=TOOL_TYPE_UNKNOWN, buttonState=0, metaState=0, flags=0x0, edgeFlags=0x0, pointerCount=1, historySize=9, eventTime=1441243, downTime=-1, deviceId=0, source=0x10004 }
W/ViewRootImpl(  535): Dropping event due to no window focus: KeyEvent { action=ACTION_DOWN, keyCode=KEYCODE_MEDIA_EJECT, scanCode=0, metaState=0, flags=0x8, repeatCount=0, eventTime=1441244, downTime=1441244, deviceId=-1, source=0x101 }
W/ViewRootImpl(  535): Dropping event due to no window focus: KeyEvent { action=ACTION_DOWN, keyCode=KEYCODE_DPAD_DOWN, scanCode=0, metaState=0, flags=0x8, repeatCount=0, eventTime=1441253, downTime=1441253, deviceId=-1, source=0x101 }
W/ContextImpl(  480): Calling a method in the system process without a qualified user: android.app.ContextImpl.sendBroadcast:1123 com.android.server.InputMethodManagerService.hideCurrentInputLocked:1880 com.android.server.InputMethodManagerService.windowGainedFocus:1968 com.android.internal.view.IInputMethodManager$Stub.onTransact:221 com.android.server.InputMethodManagerService.onTransact:818 
D/dalvikvm(20262): GC_CONCURRENT freed 1330K, 25% free 7259K/9676K, paused 2ms+1ms, total 14ms
W/InputMethodManagerService(  480): Starting input on non-focused client com.android.internal.view.IInputMethodClient$Stub$Proxy@4b386298 (uid=10155 pid=20262)
W/BackupManagerService(  480): dataChanged but no participant pkg='com.android.providers.settings' uid=10010
W/ContextImpl(  480): Calling a method in the system process without a qualified user: android.app.ContextImpl.sendBroadcast:1123 com.android.server.InputMethodManagerService.hideCurrentInputLocked:1880 com.android.server.InputMethodManagerService.windowGainedFocus:2000 com.android.internal.view.IInputMethodManager$Stub.onTransact:221 com.android.server.InputMethodManagerService.onTransact:818 
W/InputEventReceiver(  535): Attempted to finish an input event but the input event receiver has already been disposed.
W/InputEventReceiver(  535): Attempted to finish an input event but the input event receiver has already been disposed.
W/InputEventReceiver(  535): Attempted to finish an input event but the input event receiver has already been disposed.
W/InputEventReceiver(  535): Attempted to finish an input event but the input event receiver has already been disposed.
W/InputEventReceiver(  535): Attempted to finish an input event but the input event receiver has already been disposed.
W/InputEventReceiver(  535): Attempted to finish an input event but the input event receiver has already been disposed.
W/ViewRootImpl(  535): Dropping event due to root view being removed: MotionEvent { action=ACTION_POINTER_DOWN(1), id[0]=0, x[0]=580.0766, y[0]=-521.412, toolType[0]=TOOL_TYPE_UNKNOWN, id[1]=1, x[1]=179.0, y[1]=75.0, toolType[1]=TOOL_TYPE_UNKNOWN, buttonState=0, metaState=0, flags=0x0, edgeFlags=0x0, pointerCount=2, historySize=0, eventTime=1441312, downTime=1441312, deviceId=0, source=0x1002 }
W/ViewRootImpl(  535): Dropping event due to root view being removed: MotionEvent { action=ACTION_MOVE, id[0]=0, x[0]=591.6781, y[0]=-438.23248, toolType[0]=TOOL_TYPE_UNKNOWN, id[1]=1, x[1]=198.69408, y[1]=78.9516, toolType[1]=TOOL_TYPE_UNKNOWN, buttonState=0, metaState=0, flags=0x0, edgeFlags=0x0, pointerCount=2, historySize=5, eventTime=1441313, downTime=1441312, deviceId=0, source=0x1002 }
W/ViewRootImpl(  535): Dropping event due to root view being removed: MotionEvent { action=ACTION_POINTER_UP(1), id[0]=0, x[0]=593.2753, y[0]=-421.09607, toolType[0]=TOOL_TYPE_UNKNOWN, id[1]=1, x[1]=203.3772, y[1]=78.9845, toolType[1]=TOOL_TYPE_UNKNOWN, buttonState=0, metaState=0, flags=0x0, edgeFlags=0x0, pointerCount=2, historySize=0, eventTime=1441314, downTime=1441312, deviceId=0, source=0x1002 }
W/ViewRootImpl(  535): Dropping event due to root view being removed: MotionEvent { action=ACTION_UP, id[0]=0, x[0]=593.3319, y[0]=-417.7848, toolType[0]=TOOL_TYPE_UNKNOWN, buttonState=0, metaState=0, flags=0x0, edgeFlags=0x0, pointerCount=1, historySize=0, eventTime=1441314, downTime=1441312, deviceId=0, source=0x1002 }
W/ViewRootImpl(  535): Dropping event due to root view being removed: KeyEvent { action=ACTION_UP, keyCode=KEYCODE_WINDOW, scanCode=0, metaState=0, flags=0x8, repeatCount=0, eventTime=1441302, downTime=1441302, deviceId=-1, source=0x101 }
W/BackupManagerService(  480): dataChanged but no participant pkg='com.android.providers.settings' uid=10010
I/System.out(20262): body:<com.appsflyer.AppsFlyerLib: void callServer(java.net.URL,java.lang.String,java.lang.String,java.lang.ref.WeakReference,java.lang.String,java.lang.String,boolean)>	sig:$i0 = virtualinvoke $r13.<java.net.HttpURLConnection: int getResponseCode()>()	timediff:136
I/AppsFlyer_1.18-075651266(20262): response code: 200
I/System.out(20262): body:<com.appsflyer.AppsFlyerLib: void callServer(java.net.URL,java.lang.String,java.lang.String,java.lang.ref.WeakReference,java.lang.String,java.lang.String,boolean)>	sig:virtualinvoke $r13.<java.net.HttpURLConnection: void disconnect()>()	timediff:0
