I/System.out( 6599): body:<io.fabric.sdk.android.services.network.HttpRequest: io.fabric.sdk.android.services.network.HttpRequest openOutput()>	sig:$r4 = virtualinvoke $r2.<java.net.HttpURLConnection: java.io.OutputStream getOutputStream()>()	timediff:262
W/EGL_emulation( 6599): eglSurfaceAttrib not implemented 3093 12436
D/dalvikvm( 6599): GC_CONCURRENT freed 3233K, 38% free 5724K/9132K, paused 1ms+2ms, total 11ms
D/dalvikvm( 6599): WAIT_FOR_CONCURRENT_GC blocked 7ms
I/ActivityManager(  645): START u0 {act=android.intent.action.MAIN cat=[android.intent.category.LAUNCHER] flg=0x10200000 cmp=com.sgiggle.production/.SplashScreen} from pid 6589
W/ViewRootImpl( 6599): Dropping event due to no window focus: KeyEvent { action=ACTION_DOWN, keyCode=KEYCODE_DPAD_LEFT, scanCode=0, metaState=0, flags=0x8, repeatCount=0, eventTime=530078, downTime=530078, deviceId=-1, source=0x101 }
W/InputMethodManagerService(  645): Window already focused, ignoring focus gain of: com.android.internal.view.IInputMethodClient$Stub$Proxy@4b16e76c attribute=null, token = android.os.BinderProxy@4b2b57b8
I/System.out( 6599): body:<com.adjust.sdk.am: org.json.JSONObject a(javax.net.ssl.HttpsURLConnection)>	sig:$i0 = virtualinvoke $r0.<javax.net.ssl.HttpsURLConnection: int getResponseCode()>()	timediff:160
I/System.out( 6599): body:<com.adjust.sdk.am: org.json.JSONObject a(javax.net.ssl.HttpsURLConnection)>	sig:$r5 = virtualinvoke $r0.<javax.net.ssl.HttpsURLConnection: java.io.InputStream getInputStream()>()	timediff:0
I/System.out( 6599): body:<empirical.HelperClass: void printURLInfo(java.lang.String,java.lang.String,java.net.URLConnection)>	sig:$r0 = virtualinvoke urlConnection.<java.net.URLConnection: java.net.URL getURL()>()	timediff:0
I/System.out( 6599): body:<empirical.HelperClass: void printURLInfo(java.lang.String,java.lang.String,java.net.URLConnection)>	sig:urlString = virtualinvoke $r0.<java.net.URL: java.lang.String toString()>()	timediff:0
I/System.out( 6599): body:<empirical.HelperClass: void printURLInfo(java.lang.String,java.lang.String,java.net.URLConnection)>	sig:isDoOutput = virtualinvoke urlConnection.<java.net.URLConnection: boolean getDoOutput()>()	timediff:0
I/System.out( 6599): body:<empirical.HelperClass: java.lang.String getHeaderField(java.net.URLConnection,java.lang.String)>	sig:data = virtualinvoke conn.<java.net.URLConnection: java.lang.String getHeaderField(java.lang.String)>(field)	timediff:0
I/System.out( 6599): body:<empirical.HelperClass: java.lang.String getHeaderField(java.net.URLConnection,java.lang.String)>	sig:data = virtualinvoke conn.<java.net.URLConnection: java.lang.String getHeaderField(java.lang.String)>(field)	timediff:0
I/System.out( 6599): body:<empirical.HelperClass: java.lang.String getHeaderField(java.net.URLConnection,java.lang.String)>	sig:data = virtualinvoke conn.<java.net.URLConnection: java.lang.String getHeaderField(java.lang.String)>(field)	timediff:0
I/System.out( 6599): body:<empirical.HelperClass: java.lang.String getHeaderField(java.net.URLConnection,java.lang.String)>	sig:data = virtualinvoke conn.<java.net.URLConnection: java.lang.String getHeaderField(java.lang.String)>(field)	timediff:0
I/System.out( 6599): body:<empirical.HelperClass: java.lang.String getHeaderField(java.net.URLConnection,java.lang.String)>	sig:data = virtualinvoke conn.<java.net.URLConnection: java.lang.String getHeaderField(java.lang.String)>(field)	timediff:0
I/System.out( 6599): URLConn;%;1;%;<com.adjust.sdk.am: org.json.JSONObject a(javax.net.ssl.HttpsURLConnection)>;%;$r5 = virtualinvoke $r0.<javax.net.ssl.HttpsURLConnection: java.io.InputStream getInputStream()>();%;https://app.adjust.com/session;%;true;%;84;%;Not found;%;Not found;%;Not found;%;Not found
I/System.out( 6599): body:<com.adjust.sdk.am: org.json.JSONObject a(javax.net.ssl.HttpsURLConnection)>	sig:virtualinvoke $r0.<javax.net.ssl.HttpsURLConnection: void disconnect()>()	timediff:0
V/InputMethodService(  825): onEvaluateInputViewShown: config.hardKeyboardHidden = 1
W/ContextImpl(  645): Calling a method in the system process without a qualified user: android.app.ContextImpl.sendBroadcast:1123 com.android.server.InputMethodManagerService.showCurrentInputLocked:1791 com.android.server.InputMethodManagerService.attachNewInputLocked:1095 com.android.server.InputMethodManagerService.startInputUncheckedLocked:1166 com.android.server.InputMethodManagerService.startInputLocked:1128 
I/System.out( 6599): body:<io.fabric.sdk.android.services.network.HttpRequest: int code()>	sig:$i0 = virtualinvoke $r2.<java.net.HttpURLConnection: int getResponseCode()>()	timediff:78
I/System.out( 6599): body:<io.fabric.sdk.android.services.network.HttpRequest: java.lang.String encode(java.lang.CharSequence)>	sig:specialinvoke $r2.<java.net.URL: void <init>(java.lang.String)>($r1)	timediff:0
I/System.out( 6599): <io.fabric.sdk.android.services.network.HttpRequest: java.lang.String encode(java.lang.CharSequence)>###specialinvoke $r2.<java.net.URL: void <init>(java.lang.String)>($r1)###https://e.crashlytics.com/spi/v2/events
I/System.out( 6599): body:<io.fabric.sdk.android.services.network.HttpRequest: java.lang.String encode(java.lang.CharSequence)>	sig:$r3 = virtualinvoke $r2.<java.net.URL: java.lang.String getHost()>()	timediff:0
I/System.out( 6599): body:<io.fabric.sdk.android.services.network.HttpRequest: java.lang.String encode(java.lang.CharSequence)>	sig:$i0 = virtualinvoke $r2.<java.net.URL: int getPort()>()	timediff:0
I/System.out( 6599): body:<io.fabric.sdk.android.services.network.HttpRequest: java.lang.String encode(java.lang.CharSequence)>	sig:$r3 = virtualinvoke $r2.<java.net.URL: java.lang.String getProtocol()>()	timediff:0
D/dalvikvm( 6599): GC_CONCURRENT freed 673K, 35% free 5949K/9132K, paused 1ms+0ms, total 11ms
I/System.out( 6599): body:<io.fabric.sdk.android.services.network.HttpRequest: java.lang.String encode(java.lang.CharSequence)>	sig:$r6 = virtualinvoke $r2.<java.net.URL: java.lang.String getPath()>()	timediff:0
I/System.out( 6599): body:<io.fabric.sdk.android.services.network.HttpRequest: java.lang.String encode(java.lang.CharSequence)>	sig:$r7 = virtualinvoke $r2.<java.net.URL: java.lang.String getQuery()>()	timediff:0
I/System.out( 6599): body:<io.fabric.sdk.android.services.network.HttpRequest: java.lang.String encode(java.lang.CharSequence)>	sig:specialinvoke $r5.<java.net.URI: void <init>(java.lang.String,java.lang.String,java.lang.String,java.lang.String,java.lang.String)>($r3, $r1, $r6, $r7, null)	timediff:0
I/System.out( 6599): body:<io.fabric.sdk.android.services.network.HttpRequest: java.lang.String encode(java.lang.CharSequence)>	sig:$r7 = virtualinvoke $r5.<java.net.URI: java.lang.String toASCIIString()>()	timediff:0
I/System.out( 6599): body:<io.fabric.sdk.android.services.network.HttpRequest: void <init>(java.lang.CharSequence,java.lang.String)>	sig:specialinvoke $r4.<java.net.URL: void <init>(java.lang.String)>($r3)	timediff:0
I/System.out( 6599): <io.fabric.sdk.android.services.network.HttpRequest: void <init>(java.lang.CharSequence,java.lang.String)>###specialinvoke $r4.<java.net.URL: void <init>(java.lang.String)>($r3)###https://e.crashlytics.com/spi/v2/events
I/System.out( 6599): body:<io.fabric.sdk.android.services.network.HttpRequest$ConnectionFactory$1: java.net.HttpURLConnection create(java.net.URL)>	sig:$r2 = virtualinvoke $r1.<java.net.URL: java.net.URLConnection openConnection()>()	timediff:0
I/System.out( 6599): body:<io.fabric.sdk.android.services.network.HttpRequest: java.net.HttpURLConnection createConnection()>	sig:virtualinvoke $r5.<java.net.HttpURLConnection: void setRequestMethod(java.lang.String)>($r1)	timediff:0
I/System.out( 6599): body:<io.fabric.sdk.android.services.network.HttpRequest: io.fabric.sdk.android.services.network.HttpRequest useCaches(boolean)>	sig:virtualinvoke $r1.<java.net.HttpURLConnection: void setUseCaches(boolean)>($z0)	timediff:0
I/System.out( 6599): body:<io.fabric.sdk.android.services.network.HttpRequest: io.fabric.sdk.android.services.network.HttpRequest connectTimeout(int)>	sig:virtualinvoke $r1.<java.net.HttpURLConnection: void setConnectTimeout(int)>($i0)	timediff:0
I/System.out( 6599): body:<io.fabric.sdk.android.services.network.HttpRequest: io.fabric.sdk.android.services.network.HttpRequest header(java.lang.String,java.lang.String)>	sig:virtualinvoke $r3.<java.net.HttpURLConnection: void setRequestProperty(java.lang.String,java.lang.String)>($r1, $r2)	timediff:0
I/System.out( 6599): body:<io.fabric.sdk.android.services.network.HttpRequest: io.fabric.sdk.android.services.network.HttpRequest header(java.lang.String,java.lang.String)>	sig:virtualinvoke $r3.<java.net.HttpURLConnection: void setRequestProperty(java.lang.String,java.lang.String)>($r1, $r2)	timediff:0
I/System.out( 6599): body:<io.fabric.sdk.android.services.network.HttpRequest: io.fabric.sdk.android.services.network.HttpRequest header(java.lang.String,java.lang.String)>	sig:virtualinvoke $r3.<java.net.HttpURLConnection: void setRequestProperty(java.lang.String,java.lang.String)>($r1, $r2)	timediff:0
I/System.out( 6599): body:<io.fabric.sdk.android.services.network.HttpRequest: io.fabric.sdk.android.services.network.HttpRequest header(java.lang.String,java.lang.String)>	sig:virtualinvoke $r3.<java.net.HttpURLConnection: void setRequestProperty(java.lang.String,java.lang.String)>($r1, $r2)	timediff:0
I/System.out( 6599): body:<io.fabric.sdk.android.services.network.HttpRequest: io.fabric.sdk.android.services.network.HttpRequest header(java.lang.String,java.lang.String)>	sig:virtualinvoke $r3.<java.net.HttpURLConnection: void setRequestProperty(java.lang.String,java.lang.String)>($r1, $r2)	timediff:0
I/System.out( 6599): body:<io.fabric.sdk.android.services.network.HttpRequest: io.fabric.sdk.android.services.network.HttpRequest header(java.lang.String,java.lang.String)>	sig:virtualinvoke $r3.<java.net.HttpURLConnection: void setRequestProperty(java.lang.String,java.lang.String)>($r1, $r2)	timediff:0
I/System.out( 6599): body:<io.fabric.sdk.android.services.network.HttpRequest: io.fabric.sdk.android.services.network.HttpRequest openOutput()>	sig:virtualinvoke $r2.<java.net.HttpURLConnection: void setDoOutput(boolean)>(1)	timediff:0
I/System.out( 6599): body:<io.fabric.sdk.android.services.network.HttpRequest: io.fabric.sdk.android.services.network.HttpRequest openOutput()>	sig:$r3 = virtualinvoke $r2.<java.net.HttpURLConnection: java.lang.String getRequestProperty(java.lang.String)>("Content-Type")	timediff:0
W/ViewRootImpl( 6599): Dropping event due to no window focus: MotionEvent { action=ACTION_MOVE, id[0]=0, x[0]=0.0, y[0]=-4.0, toolType[0]=TOOL_TYPE_UNKNOWN, buttonState=0, metaState=0, flags=0x0, edgeFlags=0x0, pointerCount=1, historySize=8, eventTime=530122, downTime=-1, deviceId=0, source=0x10004 }
I/System.out( 6599): body:<io.fabric.sdk.android.services.network.HttpRequest: io.fabric.sdk.android.services.network.HttpRequest openOutput()>	sig:$r4 = virtualinvoke $r2.<java.net.HttpURLConnection: java.io.OutputStream getOutputStream()>()	timediff:13
W/EGL_emulation( 6599): eglSurfaceAttrib not implemented 3093 12436
W/ViewRootImpl( 6599): Dropping event due to no window focus: KeyEvent { action=ACTION_DOWN, keyCode=KEYCODE_DPAD_LEFT, scanCode=0, metaState=0, flags=0x8, repeatCount=0, eventTime=530122, downTime=530122, deviceId=-1, source=0x101 }
W/InputMethodManagerService(  645): Window already focused, ignoring focus gain of: com.android.internal.view.IInputMethodClient$Stub$Proxy@4b1730f8 attribute=null, token = android.os.BinderProxy@4b2b57b8
D/dalvikvm( 6599): GC_CONCURRENT freed 888K, 33% free 6139K/9132K, paused 0ms+0ms, total 8ms
D/dalvikvm( 6599): WAIT_FOR_CONCURRENT_GC blocked 6ms
D/dalvikvm( 6599): WAIT_FOR_CONCURRENT_GC blocked 6ms
D/dalvikvm( 6599): GC_CONCURRENT freed 821K, 30% free 6459K/9132K, paused 1ms+1ms, total 11ms
D/dalvikvm( 6599): WAIT_FOR_CONCURRENT_GC blocked 5ms
I/System.out( 6599): body:<io.fabric.sdk.android.services.network.HttpRequest: int code()>	sig:$i0 = virtualinvoke $r2.<java.net.HttpURLConnection: int getResponseCode()>()	timediff:80
I/ActivityManager(  645): START u0 {act=android.intent.action.CALL_BUTTON flg=0x10000000} from pid 6599
W/PhoneFallbackEventHandler( 6599): No activity found for android.intent.action.CALL_BUTTON.
V/InputMethodService(  825): onEvaluateInputViewShown: config.hardKeyboardHidden = 1
W/ContextImpl(  645): Calling a method in the system process without a qualified user: android.app.ContextImpl.sendBroadcast:1123 com.android.server.InputMethodManagerService.showCurrentInputLocked:1791 com.android.server.InputMethodManagerService.showSoftInput:1753 com.android.internal.view.IInputMethodManager$Stub.onTransact:175 com.android.server.InputMethodManagerService.onTransact:818 
I/ActivityManager(  645): START u0 {act=android.intent.action.MAIN cat=[android.intent.category.LAUNCHER] flg=0x10200000 cmp=com.sgiggle.production/.SplashScreen} from pid 6589
W/ViewRootImpl( 6599): Dropping event due to no window focus: KeyEvent { action=ACTION_DOWN, keyCode=KEYCODE_DPAD_UP, scanCode=0, metaState=0, flags=0x8, repeatCount=0, eventTime=530456, downTime=530456, deviceId=-1, source=0x101 }
W/ViewRootImpl( 6599): Dropping event due to no window focus: KeyEvent { action=ACTION_DOWN, keyCode=KEYCODE_DPAD_UP, scanCode=0, metaState=0, flags=0x8, repeatCount=0, eventTime=530458, downTime=530458, deviceId=-1, source=0x101 }
W/ViewRootImpl( 6599): Dropping event due to no window focus: MotionEvent { action=ACTION_MOVE, id[0]=0, x[0]=3.0, y[0]=-4.0, toolType[0]=TOOL_TYPE_UNKNOWN, buttonState=0, metaState=0, flags=0x0, edgeFlags=0x0, pointerCount=1, historySize=5, eventTime=530461, downTime=-1, deviceId=0, source=0x10004 }
W/EGL_emulation( 6599): eglSurfaceAttrib not implemented 3093 12436
V/FlingTracker(  754): computeCurrentVelocity warning: totalweight=0
V/FlingTracker(  754): java.lang.Throwable
V/FlingTracker(  754): 	at com.android.systemui.statusbar.phone.PanelView$FlingTracker.computeCurrentVelocity(PanelView.java:162)
V/FlingTracker(  754): 	at com.android.systemui.statusbar.phone.PanelView$3.onTouch(PanelView.java:462)
V/FlingTracker(  754): 	at android.view.View.dispatchTouchEvent(View.java:7701)
V/FlingTracker(  754): 	at com.android.systemui.statusbar.phone.NotificationPanelView.onTouchEvent(NotificationPanelView.java:138)
V/FlingTracker(  754): 	at com.android.systemui.statusbar.phone.PanelBar.onTouchEvent(PanelBar.java:130)
V/FlingTracker(  754): 	at com.android.systemui.statusbar.phone.PhoneStatusBarView.onTouchEvent(PhoneStatusBarView.java:201)
V/FlingTracker(  754): 	at android.view.View.dispatchTouchEvent(View.java:7706)
V/FlingTracker(  754): 	at android.view.ViewGroup.dispatchTransformedTouchEvent(ViewGroup.java:2210)
V/FlingTracker(  754): 	at android.view.ViewGroup.dispatchTouchEvent(ViewGroup.java:1945)
V/FlingTracker(  754): 	at android.view.ViewGroup.dispatchTransformedTouchEvent(ViewGroup.java:2216)
V/FlingTracker(  754): 	at android.view.ViewGroup.dispatchTouchEvent(ViewGroup.java:1959)
V/FlingTracker(  754): 	at android.view.View.dispatchPointerEvent(View.java:7886)
V/FlingTracker(  754): 	at android.view.ViewRootImpl$ViewPostImeInputStage.processPointerEvent(ViewRootImpl.java:3978)
V/FlingTracker(  754): 	at android.view.ViewRootImpl$ViewPostImeInputStage.onProcess(ViewRootImpl.java:3857)
V/FlingTracker(  754): 	at android.view.ViewRootImpl$InputStage.deliver(ViewRootImpl.java:3423)
V/FlingTracker(  754): 	at android.view.ViewRootImpl$InputStage.onDeliverToNext(ViewRootImpl.java:3473)
V/FlingTracker(  754): 	at android.view.ViewRootImpl$InputStage.forward(ViewRootImpl.java:3442)
V/FlingTracker(  754): 	at android.view.ViewRootImpl$AsyncInputStage.forward(ViewRootImpl.java:3549)
V/FlingTracker(  754): 	at android.view.ViewRootImpl$InputStage.apply(ViewRootImpl.java:3450)
V/FlingTracker(  754): 	at android.view.ViewRootImpl$AsyncInputStage.apply(ViewRootImpl.java:3606)
V/FlingTracker(  754): 	at android.view.ViewRootImpl$InputStage.deliver(ViewRootImpl.java:3423)
V/FlingTracker(  754): 	at android.view.ViewRootImpl$InputStage.onDeliverToNext(ViewRootImpl.java:3473)
V/FlingTracker(  754): 	at android.view.ViewRootImpl$InputStage.forward(ViewRootImpl.java:3442)
V/FlingTracker(  754): 	at android.view.ViewRootImpl$InputStage.apply(ViewRootImpl.java:3450)
V/FlingTracker(  754): 	at android.view.ViewRootImpl$InputStage.deliver(ViewRootImpl.java:3423)
V/FlingTracker(  754): 	at android.view.ViewRootImpl.deliverInputEvent(ViewRootImpl.java:5626)
V/FlingTracker(  754): 	at android.view.ViewRootImpl.doProcessInputEvents(ViewRootImpl.java:5606)
V/FlingTracker(  754): 	at android.view.ViewRootImpl.enqueueInputEvent(ViewRootImpl.java:5577)
V/FlingTracker(  754): 	at android.view.ViewRootImpl$WindowInputEventReceiver.onInputEvent(ViewRootImpl.java:5706)
V/FlingTracker(  754): 	at android.view.InputEventReceiver.dispatchInputEvent(InputEventReceiver.java:185)
V/FlingTracker(  754): 	at android.os.MessageQueue.nativePollOnce(Native Method)
V/FlingTracker(  754): 	at android.os.MessageQueue.next(MessageQueue.java:138)
V/FlingTracker(  754): 	at android.os.Looper.loop(Looper.java:123)
V/FlingTracker(  754): 	at android.app.ActivityThread.main(ActivityThread.java:5019)
V/FlingTracker(  754): 	at java.lang.reflect.Method.invokeNative(Native Method)
V/FlingTracker(  754): 	at java.lang.reflect.Method.invoke(Method.java:515)
V/FlingTracker(  754): 	at com.android.internal.os.ZygoteInit$MethodAndArgsCaller.run(ZygoteInit.java:779)
V/FlingTracker(  754): 	at com.android.internal.os.ZygoteInit.main(ZygoteInit.java:595)
V/FlingTracker(  754): 	at dalvik.system.NativeStart.main(Native Method)
V/PanelView(  754): animationTick called with dtms=0; nothing to do (h=0.0 v=0.0)
W/InputMethodManagerService(  645): Window already focused, ignoring focus gain of: com.android.internal.view.IInputMethodClient$Stub$Proxy@4ad35e1c attribute=null, token = android.os.BinderProxy@4b2b57b8
W/ViewRootImpl( 6599): Dropping event due to no window focus: KeyEvent { action=ACTION_DOWN, keyCode=KEYCODE_DPAD_UP, scanCode=0, metaState=0, flags=0x8, repeatCount=0, eventTime=530566, downTime=530566, deviceId=-1, source=0x101 }
W/EGL_emulation( 6599): eglSurfaceAttrib not implemented 3093 12436
W/InputMethodManagerService(  645): Window already focused, ignoring focus gain of: com.android.internal.view.IInputMethodClient$Stub$Proxy@4ad3b0ac attribute=null, token = android.os.BinderProxy@4b2b57b8
W/ViewRootImpl( 6599): Dropping event due to no window focus: KeyEvent { action=ACTION_DOWN, keyCode=KEYCODE_BUTTON_14, scanCode=0, metaState=0, flags=0x8, repeatCount=0, eventTime=530744, downTime=530744, deviceId=-1, source=0x101 }
W/ViewRootImpl( 6599): Dropping event due to no window focus: KeyEvent { action=ACTION_DOWN, keyCode=KEYCODE_DPAD_CENTER, scanCode=0, metaState=0, flags=0x8, repeatCount=0, eventTime=530744, downTime=530744, deviceId=-1, source=0x101 }
W/ViewRootImpl( 6599): Dropping event due to no window focus: KeyEvent { action=ACTION_DOWN, keyCode=KEYCODE_MENU, scanCode=0, metaState=0, flags=0x8, repeatCount=0, eventTime=530746, downTime=530746, deviceId=-1, source=0x101 }
W/EGL_emulation( 6599): eglSurfaceAttrib not implemented 3093 12436
W/ViewRootImpl( 6599): Dropping event due to no window focus: MotionEvent { action=ACTION_MOVE, id[0]=0, x[0]=4.0, y[0]=0.0, toolType[0]=TOOL_TYPE_UNKNOWN, buttonState=0, metaState=0, flags=0x0, edgeFlags=0x0, pointerCount=1, historySize=3, eventTime=530778, downTime=-1, deviceId=0, source=0x10004 }
W/InputMethodManagerService(  645): Window already focused, ignoring focus gain of: com.android.internal.view.IInputMethodClient$Stub$Proxy@4adae388 attribute=null, token = android.os.BinderProxy@4b2b57b8
V/PanelView(  754): animationTick called with dtms=0; nothing to do (h=0.0 v=0.0)
W/ViewRootImpl( 6599): Dropping event due to no window focus: MotionEvent { action=ACTION_MOVE, id[0]=0, x[0]=-1.0, y[0]=2.0, toolType[0]=TOOL_TYPE_UNKNOWN, buttonState=0, metaState=0, flags=0x0, edgeFlags=0x0, pointerCount=1, historySize=7, eventTime=530824, downTime=-1, deviceId=0, source=0x10004 }
W/EGL_emulation( 6599): eglSurfaceAttrib not implemented 3093 12436
W/ViewRootImpl( 6599): Dropping event due to no window focus: KeyEvent { action=ACTION_DOWN, keyCode=KEYCODE_DPAD_UP, scanCode=0, metaState=0, flags=0x8, repeatCount=0, eventTime=530830, downTime=530830, deviceId=-1, source=0x101 }
W/InputMethodManagerService(  645): Window already focused, ignoring focus gain of: com.android.internal.view.IInputMethodClient$Stub$Proxy@4adb3ad4 attribute=null, token = android.os.BinderProxy@4b2b57b8
I/ActivityManager(  645): START u0 {act=android.intent.action.CALL_BUTTON flg=0x10000000} from pid 6599
W/PhoneFallbackEventHandler( 6599): No activity found for android.intent.action.CALL_BUTTON.
I/ActivityManager(  645): START u0 {act=android.intent.action.MAIN cat=[android.intent.category.HOME] flg=0x10200000 cmp=com.vphone.launcher/.Launcher} from pid 645
V/InputMethodService(  825): onEvaluateInputViewShown: config.hardKeyboardHidden = 1
W/ContextImpl(  645): Calling a method in the system process without a qualified user: android.app.ContextImpl.sendBroadcast:1123 com.android.server.InputMethodManagerService.showCurrentInputLocked:1791 com.android.server.InputMethodManagerService.showSoftInput:1753 com.android.internal.view.IInputMethodManager$Stub.onTransact:175 com.android.server.InputMethodManagerService.onTransact:818 
D/dalvikvm(  645): GC_CONCURRENT freed 5972K, 52% free 17855K/36772K, paused 2ms+2ms, total 52ms
V/InputMethodService(  825): onEvaluateInputViewShown: config.hardKeyboardHidden = 1
W/ContextImpl(  645): Calling a method in the system process without a qualified user: android.app.ContextImpl.sendBroadcast:1123 com.android.server.InputMethodManagerService.showCurrentInputLocked:1791 com.android.server.InputMethodManagerService.showSoftInput:1753 com.android.internal.view.IInputMethodManager$Stub.onTransact:175 com.android.server.InputMethodManagerService.onTransact:818 
V/InputMethodService(  825): onEvaluateInputViewShown: config.hardKeyboardHidden = 1
W/ContextImpl(  645): Calling a method in the system process without a qualified user: android.app.ContextImpl.sendBroadcast:1123 com.android.server.InputMethodManagerService.showCurrentInputLocked:1791 com.android.server.InputMethodManagerService.showSoftInput:1753 com.android.internal.view.IInputMethodManager$Stub.onTransact:175 com.android.server.InputMethodManagerService.onTransact:818 
I/ActivityManager(  645): START u0 {act=android.intent.action.CALL_BUTTON flg=0x10000000} from pid 6599
W/PhoneFallbackEventHandler( 6599): No activity found for android.intent.action.CALL_BUTTON.
W/ViewRootImpl( 6599): Dropping event due to no window focus: KeyEvent { action=ACTION_DOWN, keyCode=KEYCODE_BUTTON_R2, scanCode=0, metaState=0, flags=0x8, repeatCount=0, eventTime=531071, downTime=531071, deviceId=-1, source=0x101 }
W/ViewRootImpl( 6599): Dropping event due to no window focus: MotionEvent { action=ACTION_MOVE, id[0]=0, x[0]=-5.0, y[0]=-4.0, toolType[0]=TOOL_TYPE_UNKNOWN, buttonState=0, metaState=0, flags=0x0, edgeFlags=0x0, pointerCount=1, historySize=9, eventTime=531077, downTime=-1, deviceId=0, source=0x10004 }
W/EGL_emulation( 6599): eglSurfaceAttrib not implemented 3093 12436
W/ViewRootImpl( 6599): Dropping event due to no window focus: KeyEvent { action=ACTION_DOWN, keyCode=KEYCODE_DPAD_CENTER, scanCode=0, metaState=0, flags=0x8, repeatCount=0, eventTime=531079, downTime=531079, deviceId=-1, source=0x101 }
I/ActivityManager(  645): START u0 {act=android.intent.action.MAIN cat=[android.intent.category.LAUNCHER] flg=0x10200000 cmp=com.sgiggle.production/.SplashScreen} from pid 6589
W/InputMethodManagerService(  645): Window already focused, ignoring focus gain of: com.android.internal.view.IInputMethodClient$Stub$Proxy@4b1d1308 attribute=null, token = android.os.BinderProxy@4b2b57b8
V/InputMethodService(  825): onEvaluateInputViewShown: config.hardKeyboardHidden = 1
W/ContextImpl(  645): Calling a method in the system process without a qualified user: android.app.ContextImpl.sendBroadcast:1123 com.android.server.InputMethodManagerService.showCurrentInputLocked:1791 com.android.server.InputMethodManagerService.showSoftInput:1753 com.android.internal.view.IInputMethodManager$Stub.onTransact:175 com.android.server.InputMethodManagerService.onTransact:818 
V/InputMethodService(  825): onEvaluateInputViewShown: config.hardKeyboardHidden = 1
W/ContextImpl(  645): Calling a method in the system process without a qualified user: android.app.ContextImpl.sendBroadcast:1123 com.android.server.InputMethodManagerService.showCurrentInputLocked:1791 com.android.server.InputMethodManagerService.showSoftInput:1753 com.android.internal.view.IInputMethodManager$Stub.onTransact:175 com.android.server.InputMethodManagerService.onTransact:818 
W/dalvikvm( 6599): VFY: unable to find class referenced in signature (Landroid/view/SearchEvent;)
I/dalvikvm( 6599): Could not find method android.view.Window$Callback.onSearchRequested, referenced from method android.support.v7.view.WindowCallbackWrapper.onSearchRequested
W/dalvikvm( 6599): VFY: unable to resolve interface method 14072: Landroid/view/Window$Callback;.onSearchRequested (Landroid/view/SearchEvent;)Z
D/dalvikvm( 6599): VFY: replacing opcode 0x72 at 0x0002
I/dalvikvm( 6599): Could not find method android.view.Window$Callback.onWindowStartingActionMode, referenced from method android.support.v7.view.WindowCallbackWrapper.onWindowStartingActionMode
W/dalvikvm( 6599): VFY: unable to resolve interface method 14076: Landroid/view/Window$Callback;.onWindowStartingActionMode (Landroid/view/ActionMode$Callback;I)Landroid/view/ActionMode;
D/dalvikvm( 6599): VFY: replacing opcode 0x72 at 0x0002
I/dalvikvm( 6599): Could not find method android.content.res.TypedArray.getChangingConfigurations, referenced from method android.support.v7.widget.TintTypedArray.getChangingConfigurations
W/dalvikvm( 6599): VFY: unable to resolve virtual method 733: Landroid/content/res/TypedArray;.getChangingConfigurations ()I
D/dalvikvm( 6599): VFY: replacing opcode 0x6e at 0x0002
I/dalvikvm( 6599): Could not find method android.content.res.TypedArray.getType, referenced from method android.support.v7.widget.TintTypedArray.getType
W/dalvikvm( 6599): VFY: unable to resolve virtual method 755: Landroid/content/res/TypedArray;.getType (I)I
D/dalvikvm( 6599): VFY: replacing opcode 0x6e at 0x0002
W/ViewRootImpl( 6599): Dropping event due to no window focus: KeyEvent { action=ACTION_DOWN, keyCode=KEYCODE_DPAD_UP, scanCode=0, metaState=0, flags=0x8, repeatCount=0, eventTime=531137, downTime=531137, deviceId=-1, source=0x101 }
W/ViewRootImpl( 6599): Dropping event due to no window focus: KeyEvent { action=ACTION_DOWN, keyCode=KEYCODE_DPAD_DOWN, scanCode=0, metaState=0, flags=0x8, repeatCount=0, eventTime=531256, downTime=531256, deviceId=-1, source=0x101 }
W/ViewRootImpl( 6599): Dropping event due to no window focus: KeyEvent { action=ACTION_DOWN, keyCode=KEYCODE_BACKSLASH, scanCode=0, metaState=0, flags=0x8, repeatCount=0, eventTime=531260, downTime=531260, deviceId=-1, source=0x101 }
W/ViewRootImpl( 6599): Dropping event due to no window focus: KeyEvent { action=ACTION_DOWN, keyCode=KEYCODE_DPAD_UP, scanCode=0, metaState=0, flags=0x8, repeatCount=0, eventTime=531261, downTime=531261, deviceId=-1, source=0x101 }
W/ViewRootImpl( 6599): Dropping event due to no window focus: KeyEvent { action=ACTION_DOWN, keyCode=KEYCODE_DPAD_LEFT, scanCode=0, metaState=0, flags=0x8, repeatCount=0, eventTime=531262, downTime=531262, deviceId=-1, source=0x101 }
W/ViewRootImpl( 6599): Dropping event due to no window focus: KeyEvent { action=ACTION_DOWN, keyCode=KEYCODE_DPAD_UP, scanCode=0, metaState=0, flags=0x8, repeatCount=0, eventTime=531264, downTime=531264, deviceId=-1, source=0x101 }
W/EGL_emulation( 6599): eglSurfaceAttrib not implemented 3093 12436
I/InputDispatcher(  645): Dropped event because of pending overdue app switch.
W/InputManager(  645): Input event injection from pid 6589 failed.
W/EGL_emulation( 6599): eglSurfaceAttrib not implemented 3093 12436
W/InputManager(  645): Input event injection from pid 6589 failed.
W/InputManager(  645): Input event injection from pid 6589 failed.
W/InputManager(  645): Input event injection from pid 6589 failed.
W/InputManager(  645): Input event injection from pid 6589 failed.
W/InputMethodManagerService(  645): Window already focused, ignoring focus gain of: com.android.internal.view.IInputMethodClient$Stub$Proxy@4ad3f4ec attribute=null, token = android.os.BinderProxy@4b2b57b8
W/InputManager(  645): Input event injection from pid 6589 failed.
W/InputManager(  645): Input event injection from pid 6589 failed.
I/ActivityManager(  645): START u0 {act=android.intent.action.MAIN cat=[android.intent.category.HOME] flg=0x10200000 cmp=com.vphone.launcher/.Launcher} from pid 645
V/InputMethodService(  825): onEvaluateInputViewShown: config.hardKeyboardHidden = 1
W/ContextImpl(  645): Calling a method in the system process without a qualified user: android.app.ContextImpl.sendBroadcast:1123 com.android.server.InputMethodManagerService.showCurrentInputLocked:1791 com.android.server.InputMethodManagerService.attachNewInputLocked:1095 com.android.server.InputMethodManagerService.startInputUncheckedLocked:1166 com.android.server.InputMethodManagerService.startInputLocked:1128 
I/ActivityManager(  645): START u0 {act=android.intent.action.MAIN cat=[android.intent.category.LAUNCHER] flg=0x10000000 sel={act=android.intent.action.MAIN cat=[android.intent.category.APP_CALCULATOR]}} from pid 645
I/ActivityManager(  645): START u0 {act=android.intent.action.MAIN cat=[android.intent.category.LAUNCHER] flg=0x10200000 cmp=com.sgiggle.production/.SplashScreen} from pid 6589
W/EGL_emulation( 6599): eglSurfaceAttrib not implemented 3093 12436
W/ViewRootImpl( 6599): Dropping event due to no window focus: KeyEvent { action=ACTION_MULTIPLE, keyCode=KEYCODE_DPAD_UP, scanCode=0, metaState=0, flags=0x400, repeatCount=77, eventTime=531592, downTime=531592, deviceId=-1, source=0x101 }
W/ViewRootImpl( 6599): Dropping event due to no window focus: KeyEvent { action=ACTION_DOWN, keyCode=KEYCODE_DPAD_UP, scanCode=0, metaState=0, flags=0x400, repeatCount=0, eventTime=531592, downTime=531592, deviceId=-1, source=0x101 }
W/ViewRootImpl( 6599): Dropping event due to no window focus: KeyEvent { action=ACTION_DOWN, keyCode=KEYCODE_DPAD_UP, scanCode=0, metaState=0, flags=0x400, repeatCount=0, eventTime=531592, downTime=531592, deviceId=-1, source=0x101 }
V/InputMethodService(  825): onEvaluateInputViewShown: config.hardKeyboardHidden = 1
V/InputMethodService(  825): onEvaluateInputViewShown: config.hardKeyboardHidden = 1
W/ViewRootImpl( 6599): Dropping event due to no window focus: KeyEvent { action=ACTION_DOWN, keyCode=KEYCODE_DPAD_UP, scanCode=0, metaState=0, flags=0x400, repeatCount=0, eventTime=531592, downTime=531592, deviceId=-1, source=0x101 }
W/ContextImpl(  645): Calling a method in the system process without a qualified user: android.app.ContextImpl.sendBroadcast:1123 com.android.server.InputMethodManagerService.showCurrentInputLocked:1791 com.android.server.InputMethodManagerService.showSoftInput:1753 com.android.internal.view.IInputMethodManager$Stub.onTransact:175 com.android.server.InputMethodManagerService.onTransact:818 
W/ViewRootImpl( 6599): Dropping event due to no window focus: KeyEvent { action=ACTION_DOWN, keyCode=KEYCODE_DPAD_CENTER, scanCode=0, metaState=0, flags=0x8, repeatCount=0, eventTime=531593, downTime=531593, deviceId=-1, source=0x101 }
W/ContextImpl(  645): Calling a method in the system process without a qualified user: android.app.ContextImpl.sendBroadcast:1123 com.android.server.InputMethodManagerService.showCurrentInputLocked:1791 com.android.server.InputMethodManagerService.showSoftInput:1753 com.android.internal.view.IInputMethodManager$Stub.onTransact:175 com.android.server.InputMethodManagerService.onTransact:818 
W/ViewRootImpl( 6599): Dropping event due to no window focus: KeyEvent { action=ACTION_DOWN, keyCode=KEYCODE_DPAD_DOWN, scanCode=0, metaState=0, flags=0x8, repeatCount=0, eventTime=531595, downTime=531595, deviceId=-1, source=0x101 }
W/ViewRootImpl( 6599): Dropping event due to no window focus: KeyEvent { action=ACTION_DOWN, keyCode=KEYCODE_HENKAN, scanCode=0, metaState=0, flags=0x8, repeatCount=0, eventTime=531597, downTime=531597, deviceId=-1, source=0x101 }
W/ViewRootImpl( 6599): Dropping event due to no window focus: KeyEvent { action=ACTION_DOWN, keyCode=KEYCODE_DPAD_LEFT, scanCode=0, metaState=0, flags=0x8, repeatCount=0, eventTime=531598, downTime=531598, deviceId=-1, source=0x101 }
W/ViewRootImpl( 6599): Dropping event due to no window focus: KeyEvent { action=ACTION_DOWN, keyCode=KEYCODE_DPAD_LEFT, scanCode=0, metaState=0, flags=0x8, repeatCount=0, eventTime=531599, downTime=531599, deviceId=-1, source=0x101 }
V/InputMethodService(  825): onEvaluateInputViewShown: config.hardKeyboardHidden = 1
W/InputMethodManagerService(  645): Window already focused, ignoring focus gain of: com.android.internal.view.IInputMethodClient$Stub$Proxy@4a9e0664 attribute=null, token = android.os.BinderProxy@4b2b57b8
W/ContextImpl(  645): Calling a method in the system process without a qualified user: android.app.ContextImpl.sendBroadcast:1123 com.android.server.InputMethodManagerService.showCurrentInputLocked:1791 com.android.server.InputMethodManagerService.attachNewInputLocked:1095 com.android.server.InputMethodManagerService.startInputUncheckedLocked:1166 com.android.server.InputMethodManagerService.startInputLocked:1128 
V/InputMethodService(  825): onEvaluateInputViewShown: config.hardKeyboardHidden = 1
W/ContextImpl(  645): Calling a method in the system process without a qualified user: android.app.ContextImpl.sendBroadcast:1123 com.android.server.InputMethodManagerService.showCurrentInputLocked:1791 com.android.server.InputMethodManagerService.showSoftInput:1753 com.android.internal.view.IInputMethodManager$Stub.onTransact:175 com.android.server.InputMethodManagerService.onTransact:818 
V/InputMethodService(  825): onEvaluateInputViewShown: config.hardKeyboardHidden = 1
W/ContextImpl(  645): Calling a method in the system process without a qualified user: android.app.ContextImpl.sendBroadcast:1123 com.android.server.InputMethodManagerService.showCurrentInputLocked:1791 com.android.server.InputMethodManagerService.showSoftInput:1753 com.android.internal.view.IInputMethodManager$Stub.onTransact:175 com.android.server.InputMethodManagerService.onTransact:818 
V/InputMethodService(  825): onEvaluateInputViewShown: config.hardKeyboardHidden = 1
W/ContextImpl(  645): Calling a method in the system process without a qualified user: android.app.ContextImpl.sendBroadcast:1123 com.android.server.InputMethodManagerService.showCurrentInputLocked:1791 com.android.server.InputMethodManagerService.showSoftInput:1753 com.android.internal.view.IInputMethodManager$Stub.onTransact:175 com.android.server.InputMethodManagerService.onTransact:818 
V/PanelView(  754): animationTick called with dtms=0; nothing to do (h=0.0 v=-0.0)
I/ActivityManager(  645): moveTaskToBack: 35
W/ViewRootImpl( 6599): Dropping event due to no window focus: KeyEvent { action=ACTION_DOWN, keyCode=KEYCODE_DPAD_DOWN, scanCode=0, metaState=0, flags=0x8, repeatCount=0, eventTime=531762, downTime=531762, deviceId=-1, source=0x101 }
W/ViewRootImpl( 6599): Dropping event due to no window focus: KeyEvent { action=ACTION_DOWN, keyCode=KEYCODE_DPAD_RIGHT, scanCode=0, metaState=0, flags=0x8, repeatCount=0, eventTime=531764, downTime=531764, deviceId=-1, source=0x101 }
W/EGL_emulation( 6599): eglSurfaceAttrib not implemented 3093 12436
W/ViewRootImpl( 6599): Dropping event due to no window focus: KeyEvent { action=ACTION_DOWN, keyCode=KEYCODE_MENU, scanCode=0, metaState=0, flags=0x8, repeatCount=0, eventTime=531766, downTime=531766, deviceId=-1, source=0x101 }
W/InputMethodManagerService(  645): Window already focused, ignoring focus gain of: com.android.internal.view.IInputMethodClient$Stub$Proxy@4a9c1ed0 attribute=null, token = android.os.BinderProxy@4b2b57b8
V/InputMethodService(  825): onEvaluateInputViewShown: config.hardKeyboardHidden = 1
W/ContextImpl(  645): Calling a method in the system process without a qualified user: android.app.ContextImpl.sendBroadcast:1123 com.android.server.InputMethodManagerService.showCurrentInputLocked:1791 com.android.server.InputMethodManagerService.attachNewInputLocked:1095 com.android.server.InputMethodManagerService.startInputUncheckedLocked:1166 com.android.server.InputMethodManagerService.startInputLocked:1128 
V/InputMethodService(  825): onEvaluateInputViewShown: config.hardKeyboardHidden = 1
W/ContextImpl(  645): Calling a method in the system process without a qualified user: android.app.ContextImpl.sendBroadcast:1123 com.android.server.InputMethodManagerService.showCurrentInputLocked:1791 com.android.server.InputMethodManagerService.attachNewInputLocked:1095 com.android.server.InputMethodManagerService.startInputUncheckedLocked:1166 com.android.server.InputMethodManagerService.startInputLocked:1128 
V/InputMethodService(  825): onEvaluateInputViewShown: config.hardKeyboardHidden = 1
W/ContextImpl(  645): Calling a method in the system process without a qualified user: android.app.ContextImpl.sendBroadcast:1123 com.android.server.InputMethodManagerService.showCurrentInputLocked:1791 com.android.server.InputMethodManagerService.attachNewInputLocked:1095 com.android.server.InputMethodManagerService.startInputUncheckedLocked:1166 com.android.server.InputMethodManagerService.startInputLocked:1128 
V/InputMethodService(  825): onEvaluateInputViewShown: config.hardKeyboardHidden = 1
W/ContextImpl(  645): Calling a method in the system process without a qualified user: android.app.ContextImpl.sendBroadcast:1123 com.android.server.InputMethodManagerService.showCurrentInputLocked:1791 com.android.server.InputMethodManagerService.showSoftInput:1753 com.android.internal.view.IInputMethodManager$Stub.onTransact:175 com.android.server.InputMethodManagerService.onTransact:818 
I/InputDispatcher(  645): Dropped event because of pending overdue app switch.
W/InputManager(  645): Input event injection from pid 6589 failed.
W/EGL_emulation( 6599): eglSurfaceAttrib not implemented 3093 12436
W/ViewRootImpl( 6599): Dropping event due to no window focus: KeyEvent { action=ACTION_DOWN, keyCode=KEYCODE_DPAD_UP, scanCode=0, metaState=0, flags=0x8, repeatCount=0, eventTime=532084, downTime=532084, deviceId=-1, source=0x101 }
W/EGL_emulation( 6599): eglSurfaceAttrib not implemented 3093 12436
W/ViewRootImpl( 6599): Dropping event due to no window focus: KeyEvent { action=ACTION_DOWN, keyCode=KEYCODE_INSERT, scanCode=0, metaState=0, flags=0x8, repeatCount=0, eventTime=532306, downTime=532306, deviceId=-1, source=0x101 }
W/InputManager(  645): Input event injection from pid 6589 failed.
W/InputManager(  645): Input event injection from pid 6589 failed.
W/InputManager(  645): Input event injection from pid 6589 failed.
W/InputManager(  645): Input event injection from pid 6589 failed.
W/ViewRootImpl( 6599): Dropping event due to no window focus: KeyEvent { action=ACTION_DOWN, keyCode=KEYCODE_DPAD_DOWN, scanCode=0, metaState=0, flags=0x8, repeatCount=0, eventTime=532315, downTime=532315, deviceId=-1, source=0x101 }
V/InputMethodService(  825): onEvaluateInputViewShown: config.hardKeyboardHidden = 1
W/InputMethodManagerService(  645): Window already focused, ignoring focus gain of: com.android.internal.view.IInputMethodClient$Stub$Proxy@4b0d40f0 attribute=null, token = android.os.BinderProxy@4b2b57b8
W/ContextImpl(  645): Calling a method in the system process without a qualified user: android.app.ContextImpl.sendBroadcast:1123 com.android.server.InputMethodManagerService.showCurrentInputLocked:1791 com.android.server.InputMethodManagerService.showSoftInput:1753 com.android.internal.view.IInputMethodManager$Stub.onTransact:175 com.android.server.InputMethodManagerService.onTransact:818 
W/ViewRootImpl( 6599): Dropping event due to no window focus: KeyEvent { action=ACTION_DOWN, keyCode=KEYCODE_DPAD_DOWN, scanCode=0, metaState=0, flags=0x8, repeatCount=0, eventTime=532331, downTime=532331, deviceId=-1, source=0x101 }
W/ViewRootImpl( 6599): Dropping event due to no window focus: KeyEvent { action=ACTION_DOWN, keyCode=KEYCODE_DPAD_CENTER, scanCode=0, metaState=0, flags=0x8, repeatCount=0, eventTime=532333, downTime=532333, deviceId=-1, source=0x101 }
W/EGL_emulation( 6599): eglSurfaceAttrib not implemented 3093 12436
W/InputMethodManagerService(  645): Window already focused, ignoring focus gain of: com.android.internal.view.IInputMethodClient$Stub$Proxy@4aedf554 attribute=null, token = android.os.BinderProxy@4b2b57b8
V/InputMethodService(  825): onEvaluateInputViewShown: config.hardKeyboardHidden = 1
W/ContextImpl(  645): Calling a method in the system process without a qualified user: android.app.ContextImpl.sendBroadcast:1123 com.android.server.InputMethodManagerService.showCurrentInputLocked:1791 com.android.server.InputMethodManagerService.showSoftInput:1753 com.android.internal.view.IInputMethodManager$Stub.onTransact:175 com.android.server.InputMethodManagerService.onTransact:818 
V/InputMethodService(  825): onEvaluateInputViewShown: config.hardKeyboardHidden = 1
V/InputMethodService(  825): onEvaluateInputViewShown: config.hardKeyboardHidden = 1
I/ActivityManager(  645): START u0 {act=android.intent.action.MAIN cat=[android.intent.category.LAUNCHER] flg=0x10200000 cmp=com.sgiggle.production/.SplashScreen} from pid 6589
W/ContextImpl(  645): Calling a method in the system process without a qualified user: android.app.ContextImpl.sendBroadcast:1123 com.android.server.InputMethodManagerService.showCurrentInputLocked:1791 com.android.server.InputMethodManagerService.showSoftInput:1753 com.android.internal.view.IInputMethodManager$Stub.onTransact:175 com.android.server.InputMethodManagerService.onTransact:818 
W/ContextImpl(  645): Calling a method in the system process without a qualified user: android.app.ContextImpl.sendBroadcast:1123 com.android.server.InputMethodManagerService.showCurrentInputLocked:1791 com.android.server.InputMethodManagerService.showSoftInput:1753 com.android.internal.view.IInputMethodManager$Stub.onTransact:175 com.android.server.InputMethodManagerService.onTransact:818 
W/ContextImpl(  645): Calling a method in the system process without a qualified user: android.app.ContextImpl.sendBroadcast:1123 com.android.server.InputMethodManagerService.showCurrentInputLocked:1791 com.android.server.InputMethodManagerService.showSoftInput:1753 com.android.internal.view.IInputMethodManager$Stub.onTransact:175 com.android.server.InputMethodManagerService.onTransact:818 
V/InputMethodService(  825): onEvaluateInputViewShown: config.hardKeyboardHidden = 1
V/InputMethodService(  825): onEvaluateInputViewShown: config.hardKeyboardHidden = 1
W/ContextImpl(  645): Calling a method in the system process without a qualified user: android.app.ContextImpl.sendBroadcast:1123 com.android.server.InputMethodManagerService.showCurrentInputLocked:1791 com.android.server.InputMethodManagerService.showSoftInput:1753 com.android.internal.view.IInputMethodManager$Stub.onTransact:175 com.android.server.InputMethodManagerService.onTransact:818 
I/ActivityManager(  645): START u0 {act=android.intent.action.MAIN cat=[android.intent.category.HOME] flg=0x10200000 cmp=com.vphone.launcher/.Launcher} from pid 645
D/dalvikvm( 6599): GC_CONCURRENT freed 797K, 26% free 6785K/9132K, paused 3ms+3ms, total 22ms
I/ActivityManager(  645): START u0 {act=android.intent.action.CALL_BUTTON flg=0x10000000} from pid 6599
W/PhoneFallbackEventHandler( 6599): No activity found for android.intent.action.CALL_BUTTON.
V/InputMethodService(  825): onEvaluateInputViewShown: config.hardKeyboardHidden = 1
V/InputMethodService(  825): onEvaluateInputViewShown: config.hardKeyboardHidden = 1
W/ContextImpl(  645): Calling a method in the system process without a qualified user: android.app.ContextImpl.sendBroadcast:1123 com.android.server.InputMethodManagerService.showCurrentInputLocked:1791 com.android.server.InputMethodManagerService.showSoftInput:1753 com.android.internal.view.IInputMethodManager$Stub.onTransact:175 com.android.server.InputMethodManagerService.onTransact:818 
W/ContextImpl(  645): Calling a method in the system process without a qualified user: android.app.ContextImpl.sendBroadcast:1123 com.android.server.InputMethodManagerService.showCurrentInputLocked:1791 com.android.server.InputMethodManagerService.showSoftInput:1753 com.android.internal.view.IInputMethodManager$Stub.onTransact:175 com.android.server.InputMethodManagerService.onTransact:818 
V/FlingTracker(  754): computeCurrentVelocity warning: totalweight=0
V/FlingTracker(  754): java.lang.Throwable
V/FlingTracker(  754): 	at com.android.systemui.statusbar.phone.PanelView$FlingTracker.computeCurrentVelocity(PanelView.java:162)
V/FlingTracker(  754): 	at com.android.systemui.statusbar.phone.PanelView$3.onTouch(PanelView.java:462)
V/FlingTracker(  754): 	at android.view.View.dispatchTouchEvent(View.java:7701)
V/FlingTracker(  754): 	at com.android.systemui.statusbar.phone.NotificationPanelView.onTouchEvent(NotificationPanelView.java:138)
V/FlingTracker(  754): 	at com.android.systemui.statusbar.phone.PanelBar.onTouchEvent(PanelBar.java:130)
V/FlingTracker(  754): 	at com.android.systemui.statusbar.phone.PhoneStatusBarView.onTouchEvent(PhoneStatusBarView.java:201)
V/FlingTracker(  754): 	at android.view.View.dispatchTouchEvent(View.java:7706)
V/FlingTracker(  754): 	at android.view.ViewGroup.dispatchTransformedTouchEvent(ViewGroup.java:2210)
V/FlingTracker(  754): 	at android.view.ViewGroup.dispatchTouchEvent(ViewGroup.java:1945)
V/FlingTracker(  754): 	at android.view.ViewGroup.dispatchTransformedTouchEvent(ViewGroup.java:2216)
V/FlingTracker(  754): 	at android.view.ViewGroup.dispatchTouchEvent(ViewGroup.java:1959)
V/FlingTracker(  754): 	at android.view.View.dispatchPointerEvent(View.java:7886)
V/FlingTracker(  754): 	at android.view.ViewRootImpl$ViewPostImeInputStage.processPointerEvent(ViewRootImpl.java:3978)
V/FlingTracker(  754): 	at android.view.ViewRootImpl$ViewPostImeInputStage.onProcess(ViewRootImpl.java:3857)
V/FlingTracker(  754): 	at android.view.ViewRootImpl$InputStage.deliver(ViewRootImpl.java:3423)
V/FlingTracker(  754): 	at android.view.ViewRootImpl$InputStage.onDeliverToNext(ViewRootImpl.java:3473)
V/FlingTracker(  754): 	at android.view.ViewRootImpl$InputStage.forward(ViewRootImpl.java:3442)
V/FlingTracker(  754): 	at android.view.ViewRootImpl$AsyncInputStage.forward(ViewRootImpl.java:3549)
V/FlingTracker(  754): 	at android.view.ViewRootImpl$InputStage.apply(ViewRootImpl.java:3450)
V/FlingTracker(  754): 	at android.view.ViewRootImpl$AsyncInputStage.apply(ViewRootImpl.java:3606)
V/FlingTracker(  754): 	at android.view.ViewRootImpl$InputStage.deliver(ViewRootImpl.java:3423)
V/FlingTracker(  754): 	at android.view.ViewRootImpl$InputStage.onDeliverToNext(ViewRootImpl.java:3473)
V/FlingTracker(  754): 	at android.view.ViewRootImpl$InputStage.forward(ViewRootImpl.java:3442)
V/FlingTracker(  754): 	at android.view.ViewRootImpl$InputStage.apply(ViewRootImpl.java:3450)
V/FlingTracker(  754): 	at android.view.ViewRootImpl$InputStage.deliver(ViewRootImpl.java:3423)
V/FlingTracker(  754): 	at android.view.ViewRootImpl.deliverInputEvent(ViewRootImpl.java:5626)
V/FlingTracker(  754): 	at android.view.ViewRootImpl.doProcessInputEvents(ViewRootImpl.java:5606)
V/FlingTracker(  754): 	at android.view.ViewRootImpl.enqueueInputEvent(ViewRootImpl.java:5577)
V/FlingTracker(  754): 	at android.view.ViewRootImpl$WindowInputEventReceiver.onInputEvent(ViewRootImpl.java:5706)
V/FlingTracker(  754): 	at android.view.InputEventReceiver.dispatchInputEvent(InputEventReceiver.java:185)
V/FlingTracker(  754): 	at android.os.MessageQueue.nativePollOnce(Native Method)
V/FlingTracker(  754): 	at android.os.MessageQueue.next(MessageQueue.java:138)
V/FlingTracker(  754): 	at android.os.Looper.loop(Looper.java:123)
V/FlingTracker(  754): 	at android.app.ActivityThread.main(ActivityThread.java:5019)
V/FlingTracker(  754): 	at java.lang.reflect.Method.invokeNative(Native Method)
V/FlingTracker(  754): 	at java.lang.reflect.Method.invoke(Method.java:515)
V/FlingTracker(  754): 	at com.android.internal.os.ZygoteInit$MethodAndArgsCaller.run(ZygoteInit.java:779)
V/FlingTracker(  754): 	at com.android.internal.os.ZygoteInit.main(ZygoteInit.java:595)
V/FlingTracker(  754): 	at dalvik.system.NativeStart.main(Native Method)
V/PanelView(  754): animationTick called with dtms=0; nothing to do (h=0.0 v=0.0)
I/ActivityManager(  645): START u0 {act=android.intent.action.MAIN cat=[android.intent.category.HOME] flg=0x10200000 cmp=com.vphone.launcher/.Launcher} from pid 645
V/InputMethodService(  825): onEvaluateInputViewShown: config.hardKeyboardHidden = 1
W/ContextImpl(  645): Calling a method in the system process without a qualified user: android.app.ContextImpl.sendBroadcast:1123 com.android.server.InputMethodManagerService.showCurrentInputLocked:1791 com.android.server.InputMethodManagerService.attachNewInputLocked:1095 com.android.server.InputMethodManagerService.startInputUncheckedLocked:1166 com.android.server.InputMethodManagerService.startInputLocked:1128 
D/dalvikvm(  754): GC_FOR_ALLOC freed 2715K, 28% free 9506K/13116K, paused 3ms, total 3ms
