I/System.out(18468): body:<ch.boye.httpclientandroidlib.client.utils.URIUtils: java.net.URI rewriteURI(java.net.URI,ch.boye.httpclientandroidlib.HttpHost,boolean)>	sig:$z1 = virtualinvoke $r0.<java.net.URI: boolean isOpaque()>()	timediff:0
I/System.out(18468): body:<ch.boye.httpclientandroidlib.client.utils.URIBuilder: void digestURI(java.net.URI)>	sig:$r3 = virtualinvoke $r1.<java.net.URI: java.lang.String getScheme()>()	timediff:0
I/System.out(18468): body:<ch.boye.httpclientandroidlib.client.utils.URIBuilder: void digestURI(java.net.URI)>	sig:$r3 = virtualinvoke $r1.<java.net.URI: java.lang.String getRawSchemeSpecificPart()>()	timediff:0
I/System.out(18468): body:<ch.boye.httpclientandroidlib.client.utils.URIBuilder: void digestURI(java.net.URI)>	sig:$r3 = virtualinvoke $r1.<java.net.URI: java.lang.String getRawAuthority()>()	timediff:0
I/System.out(18468): body:<ch.boye.httpclientandroidlib.client.utils.URIBuilder: void digestURI(java.net.URI)>	sig:$r3 = virtualinvoke $r1.<java.net.URI: java.lang.String getHost()>()	timediff:0
I/System.out(18468): body:<ch.boye.httpclientandroidlib.client.utils.URIBuilder: void digestURI(java.net.URI)>	sig:$i0 = virtualinvoke $r1.<java.net.URI: int getPort()>()	timediff:0
I/System.out(18468): body:<ch.boye.httpclientandroidlib.client.utils.URIBuilder: void digestURI(java.net.URI)>	sig:$r3 = virtualinvoke $r1.<java.net.URI: java.lang.String getRawUserInfo()>()	timediff:0
I/System.out(18468): body:<ch.boye.httpclientandroidlib.client.utils.URIBuilder: void digestURI(java.net.URI)>	sig:$r3 = virtualinvoke $r1.<java.net.URI: java.lang.String getUserInfo()>()	timediff:0
I/System.out(18468): body:<ch.boye.httpclientandroidlib.client.utils.URIBuilder: void digestURI(java.net.URI)>	sig:$r3 = virtualinvoke $r1.<java.net.URI: java.lang.String getRawPath()>()	timediff:0
I/System.out(18468): body:<ch.boye.httpclientandroidlib.client.utils.URIBuilder: void digestURI(java.net.URI)>	sig:$r3 = virtualinvoke $r1.<java.net.URI: java.lang.String getPath()>()	timediff:0
I/System.out(18468): body:<ch.boye.httpclientandroidlib.client.utils.URIBuilder: void digestURI(java.net.URI)>	sig:$r3 = virtualinvoke $r1.<java.net.URI: java.lang.String getRawQuery()>()	timediff:0
I/System.out(18468): body:<ch.boye.httpclientandroidlib.client.utils.URIBuilder: void digestURI(java.net.URI)>	sig:$r3 = virtualinvoke $r1.<java.net.URI: java.lang.String getRawQuery()>()	timediff:0
I/System.out(18468): body:<ch.boye.httpclientandroidlib.client.utils.URIBuilder: void digestURI(java.net.URI)>	sig:$r3 = virtualinvoke $r1.<java.net.URI: java.lang.String getRawFragment()>()	timediff:0
I/System.out(18468): body:<ch.boye.httpclientandroidlib.client.utils.URIBuilder: void digestURI(java.net.URI)>	sig:$r3 = virtualinvoke $r1.<java.net.URI: java.lang.String getFragment()>()	timediff:0
I/System.out(18468): body:<ch.boye.httpclientandroidlib.client.utils.URIBuilder: java.net.URI build()>	sig:specialinvoke $r1.<java.net.URI: void <init>(java.lang.String)>($r2)	timediff:0
I/System.out(18468): body:<ch.boye.httpclientandroidlib.impl.client.RequestWrapper: ch.boye.httpclientandroidlib.RequestLine getRequestLine()>	sig:$r1 = virtualinvoke $r2.<java.net.URI: java.lang.String toASCIIString()>()	timediff:0
I/System.out(18468): body:<ch.boye.httpclientandroidlib.impl.client.RequestWrapper: ch.boye.httpclientandroidlib.RequestLine getRequestLine()>	sig:$r1 = virtualinvoke $r2.<java.net.URI: java.lang.String toASCIIString()>()	timediff:0
I/System.out(18468): body:<ch.boye.httpclientandroidlib.impl.client.RequestWrapper: ch.boye.httpclientandroidlib.RequestLine getRequestLine()>	sig:$r1 = virtualinvoke $r2.<java.net.URI: java.lang.String toASCIIString()>()	timediff:0
I/System.out(18468): body:<ch.boye.httpclientandroidlib.impl.client.RequestWrapper: ch.boye.httpclientandroidlib.RequestLine getRequestLine()>	sig:$r1 = virtualinvoke $r2.<java.net.URI: java.lang.String toASCIIString()>()	timediff:0
I/System.out(18468): body:<ch.boye.httpclientandroidlib.impl.client.RequestWrapper: ch.boye.httpclientandroidlib.RequestLine getRequestLine()>	sig:$r1 = virtualinvoke $r2.<java.net.URI: java.lang.String toASCIIString()>()	timediff:0
I/System.out(18468): body:<ch.boye.httpclientandroidlib.impl.client.RequestWrapper: ch.boye.httpclientandroidlib.RequestLine getRequestLine()>	sig:$r1 = virtualinvoke $r2.<java.net.URI: java.lang.String toASCIIString()>()	timediff:0
I/System.out(18468): body:<ch.boye.httpclientandroidlib.impl.client.RequestWrapper: ch.boye.httpclientandroidlib.RequestLine getRequestLine()>	sig:$r1 = virtualinvoke $r2.<java.net.URI: java.lang.String toASCIIString()>()	timediff:0
I/System.out(18468): body:<ch.boye.httpclientandroidlib.client.protocol.RequestAddCookies: void process(ch.boye.httpclientandroidlib.HttpRequest,ch.boye.httpclientandroidlib.protocol.HttpContext)>	sig:$r7 = virtualinvoke $r9.<java.net.URI: java.lang.String getPath()>()	timediff:0
I/System.out(18468): body:<ch.boye.httpclientandroidlib.impl.client.RequestWrapper: ch.boye.httpclientandroidlib.RequestLine getRequestLine()>	sig:$r1 = virtualinvoke $r2.<java.net.URI: java.lang.String toASCIIString()>()	timediff:0
I/System.out(18468): body:<ch.boye.httpclientandroidlib.impl.client.RequestWrapper: ch.boye.httpclientandroidlib.RequestLine getRequestLine()>	sig:$r1 = virtualinvoke $r2.<java.net.URI: java.lang.String toASCIIString()>()	timediff:0
I/System.out(18468): body:<ch.boye.httpclientandroidlib.impl.client.RequestWrapper: ch.boye.httpclientandroidlib.RequestLine getRequestLine()>	sig:$r1 = virtualinvoke $r2.<java.net.URI: java.lang.String toASCIIString()>()	timediff:0
W/EGL_emulation(18468): eglSurfaceAttrib not implemented 3093 12436
W/ViewRootImpl(18468): Dropping event due to no window focus: KeyEvent { action=ACTION_DOWN, keyCode=KEYCODE_VOLUME_UP, scanCode=0, metaState=0, flags=0x8, repeatCount=0, eventTime=1345168, downTime=1345168, deviceId=-1, source=0x101 }
I/ActivityManager(  480): Displayed com.chatous.chatous/.onboarding.CondensedOnboardingActivity: +136ms
I/System.out(18468): body:<ch.boye.httpclientandroidlib.impl.client.RequestWrapper: ch.boye.httpclientandroidlib.RequestLine getRequestLine()>	sig:$r1 = virtualinvoke $r2.<java.net.URI: java.lang.String toASCIIString()>()	timediff:0
I/System.out(18468): body:<ch.boye.httpclientandroidlib.impl.client.RequestWrapper: ch.boye.httpclientandroidlib.RequestLine getRequestLine()>	sig:$r1 = virtualinvoke $r2.<java.net.URI: java.lang.String toASCIIString()>()	timediff:0
I/System.out(18468): body:<ch.boye.httpclientandroidlib.impl.SocketHttpClientConnection: void shutdown()>	sig:virtualinvoke $r1.<java.net.Socket: void close()>()	timediff:1
I/System.out(18468): body:<ch.boye.httpclientandroidlib.impl.conn.DefaultClientConnection: void shutdown()>	sig:virtualinvoke $r2.<java.net.Socket: void close()>()	timediff:0
I/ActivityManager(  480): START u0 {act=SSO_WITH_FALLBACK cmp=com.chatous.chatous/com.facebook.FacebookActivity (has extras)} from pid 18468
W/ViewRootImpl(18468): Dropping event due to no window focus: KeyEvent { action=ACTION_DOWN, keyCode=KEYCODE_DPAD_RIGHT, scanCode=0, metaState=0, flags=0x400, repeatCount=0, eventTime=1345262, downTime=1345262, deviceId=-1, source=0x101 }
W/ViewRootImpl(18468): Dropping event due to no window focus: KeyEvent { action=ACTION_DOWN, keyCode=KEYCODE_SLASH, scanCode=0, metaState=0, flags=0x8, repeatCount=0, eventTime=1345199, downTime=1345199, deviceId=-1, source=0x101 }
W/ViewRootImpl(18468): Dropping event due to no window focus: KeyEvent { action=ACTION_DOWN, keyCode=KEYCODE_DPAD_RIGHT, scanCode=0, metaState=0, flags=0x8, repeatCount=0, eventTime=1345280, downTime=1345280, deviceId=-1, source=0x101 }
W/ViewRootImpl(18468): Dropping event due to no window focus: KeyEvent { action=ACTION_DOWN, keyCode=KEYCODE_DPAD_UP, scanCode=0, metaState=0, flags=0x8, repeatCount=0, eventTime=1345286, downTime=1345286, deviceId=-1, source=0x101 }
W/EGL_emulation(18468): eglSurfaceAttrib not implemented 3093 12436
W/EGL_emulation(18468): eglSurfaceAttrib not implemented 3093 12436
W/ViewRootImpl(18468): Dropping event due to no window focus: KeyEvent { action=ACTION_DOWN, keyCode=KEYCODE_J, scanCode=0, metaState=0, flags=0x8, repeatCount=0, eventTime=1345295, downTime=1345295, deviceId=-1, source=0x101 }
W/ContextImpl(  480): Calling a method in the system process without a qualified user: android.app.ContextImpl.sendBroadcast:1123 com.android.server.InputMethodManagerService.hideCurrentInputLocked:1880 com.android.server.InputMethodManagerService.windowGainedFocus:1968 com.android.internal.view.IInputMethodManager$Stub.onTransact:221 com.android.server.InputMethodManagerService.onTransact:818 
I/ActivityManager(  480): Displayed com.chatous.chatous/com.facebook.FacebookActivity: +113ms
W/ViewRootImpl(18468): Dropping event due to no window focus: KeyEvent { action=ACTION_DOWN, keyCode=KEYCODE_DPAD_DOWN, scanCode=0, metaState=0, flags=0x8, repeatCount=0, eventTime=1345387, downTime=1345387, deviceId=-1, source=0x101 }
W/ViewRootImpl(18468): Dropping event due to no window focus: MotionEvent { action=ACTION_MOVE, id[0]=0, x[0]=-5.0, y[0]=-2.0, toolType[0]=TOOL_TYPE_UNKNOWN, buttonState=0, metaState=0, flags=0x0, edgeFlags=0x0, pointerCount=1, historySize=9, eventTime=1345394, downTime=-1, deviceId=0, source=0x10004 }
W/EGL_emulation(18468): eglSurfaceAttrib not implemented 3093 12436
W/ViewRootImpl(18468): Dropping event due to no window focus: KeyEvent { action=ACTION_DOWN, keyCode=KEYCODE_PLUS, scanCode=0, metaState=0, flags=0x8, repeatCount=0, eventTime=1345394, downTime=1345394, deviceId=-1, source=0x101 }
W/InputEventReceiver(18468): Attempted to finish an input event but the input event receiver has already been disposed.
W/InputEventReceiver(18468): Attempted to finish an input event but the input event receiver has already been disposed.
W/InputEventReceiver(18468): Attempted to finish an input event but the input event receiver has already been disposed.
W/ViewRootImpl(18468): Dropping event due to root view being removed: MotionEvent { action=ACTION_UP, id[0]=0, x[0]=430.20215, y[0]=-188.84302, toolType[0]=TOOL_TYPE_UNKNOWN, buttonState=0, metaState=0, flags=0x0, edgeFlags=0x0, pointerCount=1, historySize=0, eventTime=1345429, downTime=1345429, deviceId=0, source=0x1002 }
W/ViewRootImpl(18468): Dropping event due to root view being removed: MotionEvent { action=ACTION_MOVE, id[0]=0, x[0]=2.0, y[0]=-3.0, toolType[0]=TOOL_TYPE_UNKNOWN, buttonState=0, metaState=0, flags=0x0, edgeFlags=0x0, pointerCount=1, historySize=7, eventTime=1345430, downTime=-1, deviceId=0, source=0x10004 }
W/ViewRootImpl(18468): Dropping event due to no window focus: KeyEvent { action=ACTION_DOWN, keyCode=KEYCODE_DPAD_RIGHT, scanCode=0, metaState=0, flags=0x8, repeatCount=0, eventTime=1345498, downTime=1345498, deviceId=-1, source=0x101 }
W/EGL_emulation(18468): eglSurfaceAttrib not implemented 3093 12436
W/ViewRootImpl(18468): Dropping event due to no window focus: KeyEvent { action=ACTION_DOWN, keyCode=KEYCODE_DPAD_UP, scanCode=0, metaState=0, flags=0x8, repeatCount=0, eventTime=1345503, downTime=1345503, deviceId=-1, source=0x101 }
W/InputEventReceiver(18468): Attempted to finish an input event but the input event receiver has already been disposed.
W/InputEventReceiver(18468): Attempted to finish an input event but the input event receiver has already been disposed.
W/InputEventReceiver(18468): Attempted to finish an input event but the input event receiver has already been disposed.
W/ViewRootImpl(18468): Dropping event due to root view being removed: MotionEvent { action=ACTION_MOVE, id[0]=0, x[0]=436.33896, y[0]=232.95544, toolType[0]=TOOL_TYPE_UNKNOWN, buttonState=0, metaState=0, flags=0x0, edgeFlags=0x0, pointerCount=1, historySize=0, eventTime=1345532, downTime=1345532, deviceId=0, source=0x1002 }
W/ViewRootImpl(18468): Dropping event due to root view being removed: MotionEvent { action=ACTION_UP, id[0]=0, x[0]=458.22424, y[0]=231.05585, toolType[0]=TOOL_TYPE_UNKNOWN, buttonState=0, metaState=0, flags=0x0, edgeFlags=0x0, pointerCount=1, historySize=0, eventTime=1345532, downTime=1345532, deviceId=0, source=0x1002 }
W/InputMethodManagerService(  480): Window already focused, ignoring focus gain of: com.android.internal.view.IInputMethodClient$Stub$Proxy@4ac213d4 attribute=null, token = android.os.BinderProxy@4ad1945c
I/ActivityManager(  480): START u0 {act=android.intent.action.MAIN cat=[android.intent.category.LAUNCHER] flg=0x10200000 cmp=com.chatous.chatous/.splash.SplashActivity} from pid 18458
W/ViewRootImpl(18468): Dropping event due to no window focus: KeyEvent { action=ACTION_DOWN, keyCode=KEYCODE_DPAD_RIGHT, scanCode=0, metaState=0, flags=0x8, repeatCount=0, eventTime=1345670, downTime=1345670, deviceId=-1, source=0x101 }
W/ViewRootImpl(18468): Dropping event due to no window focus: KeyEvent { action=ACTION_DOWN, keyCode=KEYCODE_ZOOM_OUT, scanCode=0, metaState=0, flags=0x8, repeatCount=0, eventTime=1345681, downTime=1345681, deviceId=-1, source=0x101 }
I/ActivityManager(  480): START u0 {act=android.intent.action.MAIN cat=[android.intent.category.LAUNCHER] flg=0x10000000 cmp=com.android.browser/.BrowserActivity sel={act=android.intent.action.MAIN cat=[android.intent.category.APP_BROWSER]}} from pid 480
W/WindowManager(  480): Rebuild removed 9 windows but added 6
W/WindowManager(  480): java.lang.RuntimeException: here
W/WindowManager(  480): 	at com.android.server.wm.WindowManagerService.rebuildAppWindowListLocked(WindowManagerService.java:8184)
W/WindowManager(  480): 	at com.android.server.wm.WindowManagerService.rebuildAppWindowListLocked(WindowManagerService.java:8120)
W/WindowManager(  480): 	at com.android.server.wm.WindowManagerService.handleAnimatingStoppedAndTransitionLocked(WindowManagerService.java:8864)
W/WindowManager(  480): 	at com.android.server.wm.WindowManagerService.performLayoutAndPlaceSurfacesLockedInner(WindowManagerService.java:9378)
W/WindowManager(  480): 	at com.android.server.wm.WindowManagerService.performLayoutAndPlaceSurfacesLockedLoop(WindowManagerService.java:8336)
W/WindowManager(  480): 	at com.android.server.wm.WindowManagerService.performLayoutAndPlaceSurfacesLocked(WindowManagerService.java:8278)
W/WindowManager(  480): 	at com.android.server.wm.WindowManagerService.access$400(WindowManagerService.java:165)
W/WindowManager(  480): 	at com.android.server.wm.WindowManagerService$H.handleMessage(WindowManagerService.java:7312)
W/WindowManager(  480): 	at android.os.Handler.dispatchMessage(Handler.java:102)
W/WindowManager(  480): 	at android.os.Looper.loop(Looper.java:136)
W/WindowManager(  480): 	at android.os.HandlerThread.run(HandlerThread.java:61)
W/WindowManager(  480): This window was lost: Window{4b05eabc u0 com.chatous.chatous/com.facebook.FacebookActivity}
W/WindowManager(  480): mDisplayId=0 mSession=Session{4ad6a990 18468:u0a10151} mClient=android.os.BinderProxy@4b05e9a8
W/WindowManager(  480): mOwnerUid=10151 mShowToOwnerOnly=true package=com.chatous.chatous appop=NONE
W/WindowManager(  480): mAttrs=WM.LayoutParams{(0,0)(fillxfill) sim=#120 ty=1 fl=#1810100 pfl=0x8 fmt=-2 wanim=0x1030000}
W/WindowManager(  480): Requested w=720 h=1280 mLayoutSeq=7884
W/WindowManager(  480): mBaseLayer=21000 mSubLayer=0 mAnimLayer=21035+1000=21035 mLastLayer=22035
W/WindowManager(  480): mToken=AppWindowToken{4b05be58 token=Token{4b05bd20 ActivityRecord{4b05bc70 u0 com.chatous.chatous/com.facebook.FacebookActivity t131}}}
W/WindowManager(  480): mRootToken=AppWindowToken{4b05be58 token=Token{4b05bd20 ActivityRecord{4b05bc70 u0 com.chatous.chatous/com.facebook.FacebookActivity t131}}}
W/WindowManager(  480): mAppToken=AppWindowToken{4b05be58 token=Token{4b05bd20 ActivityRecord{4b05bc70 u0 com.chatous.chatous/com.facebook.FacebookActivity t131}}}
W/WindowManager(  480): mViewVisibility=0x8 mHaveFrame=true mObscured=false
W/WindowManager(  480): mSeq=0 mSystemUiVisibility=0x0
W/WindowManager(  480): mGivenContentInsets=[0,0][0,0] mGivenVisibleInsets=[0,0][0,0]
W/WindowManager(  480): mConfiguration={1.0 310mcc16mnc en_US ldltr sw480dp w480dp h828dp 240dpi lrg long port finger qwerty/v/v dpad/v s.49}
W/WindowManager(  480): mHasSurface=true mShownFrame=[71.19797,126.57416][791.198,1406.5742] isReadyForDisplay()=false
W/WindowManager(  480): mFrame=[0,0][720,1280] last=[0,0][720,1280]
W/WindowManager(  480): mSystemDecorRect=[0,38][720,1280] last=[0,38][720,1280]
W/WindowManager(  480): Frames: containing=[0,0][720,1280] parent=[0,0][720,1280]
W/WindowManager(  480):     display=[0,0][720,1280] overscan=[0,0][720,1280]
W/WindowManager(  480):     content=[0,38][720,1280] visible=[0,38][720,1280]
W/WindowManager(  480):     decor=[0,38][720,1280]
W/WindowManager(  480): Cur insets: overscan=[0,0][0,0] content=[0,38][0,0] visible=[0,38][0,0]
W/WindowManager(  480): Lst insets: overscan=[0,0][0,0] content=[0,38][0,0] visible=[0,38][0,0]
W/WindowManager(  480): WindowStateAnimator{4b05ed9c com.chatous.chatous/com.facebook.FacebookActivity}:
W/WindowManager(  480):   mSurface=Surface(name=com.chatous.chatous/com.facebook.FacebookActivity)
W/WindowManager(  480):   mDrawState=HAS_DRAWN mLastHidden=true
W/WindowManager(  480):   Surface: shown=false layer=22035 alpha=0.011139393 rect=(71.19797,126.57416) 720.0 x 1280.0
W/WindowManager(  480):   mShownAlpha=0.011139393 mAlpha=1.0 mLastAlpha=0.011139393
W/WindowManager(  480):   mGlobalScale=1.0 mDsDx=0.80222785 mDtDx=0.0 mDsDy=0.0 mDtDy=0.80222785
W/WindowManager(  480): mExiting=false mRemoveOnExit=false mDestroying=true mRemoved=false
W/WindowManager(  480): This window was lost: Window{4b05e14c u0 com.chatous.chatous/com.facebook.FacebookActivity}
W/WindowManager(  480): mDisplayId=0 mSession=Session{4ad6a990 18468:u0a10151} mClient=android.os.BinderProxy@4b05e038
W/WindowManager(  480): mOwnerUid=10151 mShowToOwnerOnly=true package=com.chatous.chatous appop=NONE
W/WindowManager(  480): mAttrs=WM.LayoutParams{(0,0)(720x1209) gr=#11 sim=#110 ty=2 fl=#1810100 pfl=0x8 fmt=-2 wanim=0x1030000}
W/WindowManager(  480): Requested w=720 h=1209 mLayoutSeq=7884
W/WindowManager(  480): mBaseLayer=21000 mSubLayer=0 mAnimLayer=21040+1000=21040 mLastLayer=22040
W/WindowManager(  480): mToken=AppWindowToken{4b05be58 token=Token{4b05bd20 ActivityRecord{4b05bc70 u0 com.chatous.chatous/com.facebook.FacebookActivity t131}}}
W/WindowManager(  480): mRootToken=AppWindowToken{4b05be58 token=Token{4b05bd20 ActivityRecord{4b05bc70 u0 com.chatous.chatous/com.facebook.FacebookActivity t131}}}
W/WindowManager(  480): mAppToken=AppWindowToken{4b05be58 token=Token{4b05bd20 ActivityRecord{4b05bc70 u0 com.chatous.chatous/com.facebook.FacebookActivity t131}}}
W/WindowManager(  480): mViewVisibility=0x0 mHaveFrame=true mObscured=false
W/WindowManager(  480): mSeq=0 mSystemUiVisibility=0x0
W/WindowManager(  480): mGivenContentInsets=[0,0][0,0] mGivenVisibleInsets=[0,0][0,0]
W/WindowManager(  480): mConfiguration={1.0 310mcc16mnc en_US ldltr sw480dp w480dp h828dp 240dpi lrg long port finger qwerty/v/v dpad/v s.49}
W/WindowManager(  480): mHasSurface=true mShownFrame=[71.19797,154.65213][791.198,1363.6521] isReadyForDisplay()=false
W/WindowManager(  480): mFrame=[0,35][720,1244] last=[0,35][720,1244]
W/WindowManager(  480): mSystemDecorRect=[0,3][720,1209] last=[0,3][720,1209]
W/WindowManager(  480): Frames: containing=[0,0][720,1280] parent=[0,0][720,1280]
W/WindowManager(  480):     display=[0,0][720,1280] overscan=[0,0][720,1280]
W/WindowManager(  480):     content=[0,38][720,1244] visible=[0,38][720,1244]
W/WindowManager(  480):     decor=[0,38][720,1280]
W/WindowManager(  480): Cur insets: overscan=[0,0][0,0] content=[0,3][0,0] visible=[0,3][0,0]
W/WindowManager(  480): Lst insets: overscan=[0,0][0,0] content=[0,3][0,0] visible=[0,3][0,0]
W/WindowManager(  480): WindowStateAnimator{4b05e42c com.chatous.chatous/com.facebook.FacebookActivity}:
W/WindowManager(  480):   mSurface=Surface(name=com.chatous.chatous/com.facebook.FacebookActivity)
W/WindowManager(  480):   mDrawState=HAS_DRAWN mLastHidden=true
W/WindowManager(  480):   Surface: shown=false layer=22040 alpha=0.011139393 rect=(71.19797,154.65213) 720.0 x 1209.0
W/WindowManager(  480):   mShownAlpha=0.011139393 mAlpha=1.0 mLastAlpha=0.011139393
W/WindowManager(  480):   mGlobalScale=1.0 mDsDx=0.80222785 mDtDx=0.0 mDsDy=0.0 mDtDy=0.80222785
W/WindowManager(  480): mExiting=false mRemoveOnExit=false mDestroying=true mRemoved=false
W/WindowManager(  480): This window was lost: Window{4ac1cd44 u0 com.chatous.chatous/com.facebook.FacebookActivity}
W/WindowManager(  480): mDisplayId=0 mSession=Session{4ad6a990 18468:u0a10151} mClient=android.os.BinderProxy@4ac1cc30
W/WindowManager(  480): mOwnerUid=10151 mShowToOwnerOnly=true package=com.chatous.chatous appop=NONE
W/WindowManager(  480): mAttrs=WM.LayoutParams{(0,0)(wrapxwrap) gr=#11 sim=#120 ty=2 fl=#1820002 pfl=0x8 fmt=-2 wanim=0x1030002}
W/WindowManager(  480): Requested w=253 h=175 mLayoutSeq=7884
W/WindowManager(  480): mBaseLayer=21000 mSubLayer=0 mAnimLayer=21045+1000=21045 mLastLayer=22045
W/WindowManager(  480): mToken=AppWindowToken{4b05be58 token=Token{4b05bd20 ActivityRecord{4b05bc70 u0 com.chatous.chatous/com.facebook.FacebookActivity t131}}}
W/WindowManager(  480): mRootToken=AppWindowToken{4b05be58 token=Token{4b05bd20 ActivityRecord{4b05bc70 u0 com.chatous.chatous/com.facebook.FacebookActivity t131}}}
W/WindowManager(  480): mAppToken=AppWindowToken{4b05be58 token=Token{4b05bd20 ActivityRecord{4b05bc70 u0 com.chatous.chatous/com.facebook.FacebookActivity t131}}}
W/WindowManager(  480): mViewVisibility=0x0 mHaveFrame=true mObscured=false
W/WindowManager(  480): mSeq=0 mSystemUiVisibility=0x0
W/WindowManager(  480): mGivenContentInsets=[0,0][0,0] mGivenVisibleInsets=[0,0][0,0]
W/WindowManager(  480): mConfiguration={1.0 310mcc16mnc en_US ldltr sw480dp w480dp h828dp 240dpi lrg long port finger qwerty/v/v dpad/v s.49}
W/WindowManager(  480): mHasSurface=true mShownFrame=[258.11707,584.64624][511.11707,759.64624] isReadyForDisplay()=false
W/WindowManager(  480): mFrame=[233,571][486,746] last=[233,571][486,746]
W/WindowManager(  480): mSystemDecorRect=[0,0][253,175] last=[0,0][253,175]
W/WindowManager(  480): Frames: containing=[0,38][720,1280] parent=[0,38][720,1280]
W/WindowManager(  480):     display=[0,38][720,1280] overscan=[0,38][720,1280]
W/WindowManager(  480):     content=[233,571][486,746] visible=[233,571][486,746]
W/WindowManager(  480):     decor=[0,38][720,1280]
W/WindowManager(  480): Cur insets: overscan=[0,0][0,0] content=[0,0][0,0] visible=[0,0][0,0]
W/WindowManager(  480): Lst insets: overscan=[0,0][0,0] content=[0,0][0,0] visible=[0,0][0,0]
W/WindowManager(  480): WindowStateAnimator{4ac1d024 com.chatous.chatous/com.facebook.FacebookActivity}:
W/WindowManager(  480):   mSurface=Surface(name=com.chatous.chatous/com.facebook.FacebookActivity)
W/WindowManager(  480):   mDrawState=DRAW_PENDING mLastHidden=true
W/WindowManager(  480):   Surface: shown=false layer=22045 alpha=0.011139393 rect=(258.11707,584.64624) 253.0 x 175.0
W/WindowManager(  480):   mShownAlpha=0.011139393 mAlpha=1.0 mLastAlpha=0.011139393
W/WindowManager(  480):   mGlobalScale=1.0 mDsDx=0.80222785 mDtDx=0.0 mDsDy=0.0 mDtDy=0.80222785
W/WindowManager(  480): mExiting=false mRemoveOnExit=false mDestroying=true mRemoved=false
W/WindowManager(  480): Current app token list:
V/WindowManager(  480):   Display 0
V/WindowManager(  480):   #5: Token{4aec8e00 ActivityRecord{4aec8d50 u0 com.chatous.chatous/.onboarding.CondensedOnboardingActivity t131}}
V/WindowManager(  480):   #4: Token{4b1edd84 ActivityRecord{4ad6a31c u0 com.chatous.chatous/.splash.SplashActivity t131}}
V/WindowManager(  480):   #3: Token{4a99a4d8 ActivityRecord{4a99a39c u0 com.vphone.launcher/.Launcher t1}}
V/WindowManager(  480):   #2: Token{4aa04610 ActivityRecord{4a9ac568 u0 com.google.android.gsf.login/.AccountIntroUIActivity t125}}
V/WindowManager(  480):   #1: Token{4aacc4e0 ActivityRecord{4a978b98 u0 com.google.android.gsf.login/.AccountIntroActivity t125}}
V/WindowManager(  480):   #0: Token{4ad4184c ActivityRecord{4aa5d974 u0 com.android.vending/com.google.android.finsky.activities.MainActivity t125}}
W/WindowManager(  480): Final window list:
V/WindowManager(  480):   #0: Window{4a92f818 u0 StatusBar}
V/WindowManager(  480):   #1: Window{4a91b164 u0 KeyguardScrim}
V/WindowManager(  480):   #2: Window{4b0c54e0 u0 Toast}
V/WindowManager(  480):   #3: Window{4ad85cc8 u0 com.chatous.chatous/com.chatous.chatous.onboarding.CondensedOnboardingActivity}
V/WindowManager(  480):   #4: Window{4ad1958c u0 com.chatous.chatous/com.chatous.chatous.onboarding.CondensedOnboardingActivity}
V/WindowManager(  480):   #5: Window{4af2eecc u0 com.chatous.chatous/com.chatous.chatous.splash.SplashActivity}
V/WindowManager(  480):   #6: Window{4a8fff20 u0 com.vphone.launcher/com.vphone.launcher.Launcher}
V/WindowManager(  480):   #7: Window{4aa6d148 u0 com.google.android.gsf.login/com.google.android.gsf.login.AccountIntroUIActivity}
V/WindowManager(  480):   #8: Window{4ab63d04 u0 com.android.vending/com.google.android.finsky.activities.MainActivity}
V/WindowManager(  480):   #9: Window{4a9b4224 u0 com.android.systemui.ImageWallpaper}
W/EGL_emulation(18468): eglSurfaceAttrib not implemented 3093 12436
W/ViewRootImpl(18468): Dropping event due to no window focus: KeyEvent { action=ACTION_DOWN, keyCode=KEYCODE_CTRL_LEFT, scanCode=0, metaState=0, flags=0x8, repeatCount=0, eventTime=1345685, downTime=1345685, deviceId=-1, source=0x101 }
W/ViewRootImpl(18468): Dropping event due to no window focus: KeyEvent { action=ACTION_DOWN, keyCode=KEYCODE_DPAD_UP, scanCode=0, metaState=0, flags=0x8, repeatCount=0, eventTime=1345713, downTime=1345713, deviceId=-1, source=0x101 }
W/InputEventReceiver(18468): Attempted to finish an input event but the input event receiver has already been disposed.
W/InputEventReceiver(18468): Attempted to finish an input event but the input event receiver has already been disposed.
W/ViewRootImpl(18468): Dropping event due to root view being removed: MotionEvent { action=ACTION_UP, id[0]=0, x[0]=472.56616, y[0]=374.9001, toolType[0]=TOOL_TYPE_UNKNOWN, buttonState=0, metaState=0, flags=0x0, edgeFlags=0x0, pointerCount=1, historySize=0, eventTime=1345714, downTime=1345714, deviceId=0, source=0x1002 }
W/InputMethodManagerService(  480): Window already focused, ignoring focus gain of: com.android.internal.view.IInputMethodClient$Stub$Proxy@4ad59b7c attribute=null, token = android.os.BinderProxy@4ad1945c
V/FlingTracker(  535): computeCurrentVelocity warning: totalweight=0
V/FlingTracker(  535): java.lang.Throwable
V/FlingTracker(  535): 	at com.android.systemui.statusbar.phone.PanelView$FlingTracker.computeCurrentVelocity(PanelView.java:162)
V/FlingTracker(  535): 	at com.android.systemui.statusbar.phone.PanelView$3.onTouch(PanelView.java:462)
V/FlingTracker(  535): 	at android.view.View.dispatchTouchEvent(View.java:7701)
V/FlingTracker(  535): 	at com.android.systemui.statusbar.phone.NotificationPanelView.onTouchEvent(NotificationPanelView.java:138)
V/FlingTracker(  535): 	at com.android.systemui.statusbar.phone.PanelBar.onTouchEvent(PanelBar.java:130)
V/FlingTracker(  535): 	at com.android.systemui.statusbar.phone.PhoneStatusBarView.onTouchEvent(PhoneStatusBarView.java:201)
V/FlingTracker(  535): 	at android.view.View.dispatchTouchEvent(View.java:7706)
V/FlingTracker(  535): 	at android.view.ViewGroup.dispatchTransformedTouchEvent(ViewGroup.java:2210)
V/FlingTracker(  535): 	at android.view.ViewGroup.dispatchTouchEvent(ViewGroup.java:1945)
V/FlingTracker(  535): 	at android.view.ViewGroup.dispatchTransformedTouchEvent(ViewGroup.java:2216)
V/FlingTracker(  535): 	at android.view.ViewGroup.dispatchTouchEvent(ViewGroup.java:1959)
V/FlingTracker(  535): 	at android.view.View.dispatchPointerEvent(View.java:7886)
V/FlingTracker(  535): 	at android.view.ViewRootImpl$ViewPostImeInputStage.processPointerEvent(ViewRootImpl.java:3978)
V/FlingTracker(  535): 	at android.view.ViewRootImpl$ViewPostImeInputStage.onProcess(ViewRootImpl.java:3857)
V/FlingTracker(  535): 	at android.view.ViewRootImpl$InputStage.deliver(ViewRootImpl.java:3423)
V/FlingTracker(  535): 	at android.view.ViewRootImpl$InputStage.onDeliverToNext(ViewRootImpl.java:3473)
V/FlingTracker(  535): 	at android.view.ViewRootImpl$InputStage.forward(ViewRootImpl.java:3442)
V/FlingTracker(  535): 	at android.view.ViewRootImpl$AsyncInputStage.forward(ViewRootImpl.java:3549)
V/FlingTracker(  535): 	at android.view.ViewRootImpl$InputStage.apply(ViewRootImpl.java:3450)
V/FlingTracker(  535): 	at android.view.ViewRootImpl$AsyncInputStage.apply(ViewRootImpl.java:3606)
V/FlingTracker(  535): 	at android.view.ViewRootImpl$InputStage.deliver(ViewRootImpl.java:3423)
V/FlingTracker(  535): 	at android.view.ViewRootImpl$InputStage.onDeliverToNext(ViewRootImpl.java:3473)
V/FlingTracker(  535): 	at android.view.ViewRootImpl$InputStage.forward(ViewRootImpl.java:3442)
V/FlingTracker(  535): 	at android.view.ViewRootImpl$InputStage.apply(ViewRootImpl.java:3450)
V/FlingTracker(  535): 	at android.view.ViewRootImpl$InputStage.deliver(ViewRootImpl.java:3423)
V/FlingTracker(  535): 	at android.view.ViewRootImpl.deliverInputEvent(ViewRootImpl.java:5626)
V/FlingTracker(  535): 	at android.view.ViewRootImpl.doProcessInputEvents(ViewRootImpl.java:5606)
V/FlingTracker(  535): 	at android.view.ViewRootImpl.enqueueInputEvent(ViewRootImpl.java:5577)
V/FlingTracker(  535): 	at android.view.ViewRootImpl$WindowInputEventReceiver.onInputEvent(ViewRootImpl.java:5706)
V/FlingTracker(  535): 	at android.view.InputEventReceiver.dispatchInputEvent(InputEventReceiver.java:185)
V/FlingTracker(  535): 	at android.os.MessageQueue.nativePollOnce(Native Method)
V/FlingTracker(  535): 	at android.os.MessageQueue.next(MessageQueue.java:138)
V/FlingTracker(  535): 	at android.os.Looper.loop(Looper.java:123)
V/FlingTracker(  535): 	at android.app.ActivityThread.main(ActivityThread.java:5019)
V/FlingTracker(  535): 	at java.lang.reflect.Method.invokeNative(Native Method)
V/FlingTracker(  535): 	at java.lang.reflect.Method.invoke(Method.java:515)
V/FlingTracker(  535): 	at com.android.internal.os.ZygoteInit$MethodAndArgsCaller.run(ZygoteInit.java:779)
V/FlingTracker(  535): 	at com.android.internal.os.ZygoteInit.main(ZygoteInit.java:595)
V/FlingTracker(  535): 	at dalvik.system.NativeStart.main(Native Method)
V/PanelView(  535): animationTick called with dtms=0; nothing to do (h=0.0 v=0.0)
I/ActivityManager(  480): START u0 {act=android.intent.action.MAIN cat=[android.intent.category.LAUNCHER] flg=0x10200000 cmp=com.chatous.chatous/.splash.SplashActivity} from pid 18458
I/System.out(18468): body:<ch.boye.httpclientandroidlib.impl.client.RequestWrapper: ch.boye.httpclientandroidlib.RequestLine getRequestLine()>	sig:$r1 = virtualinvoke $r2.<java.net.URI: java.lang.String toASCIIString()>()	timediff:0
I/System.out(18468): body:<ch.boye.httpclientandroidlib.impl.client.RequestWrapper: ch.boye.httpclientandroidlib.RequestLine getRequestLine()>	sig:$r1 = virtualinvoke $r2.<java.net.URI: java.lang.String toASCIIString()>()	timediff:0
I/System.out(18468): body:<ch.boye.httpclientandroidlib.impl.SocketHttpClientConnection: void shutdown()>	sig:virtualinvoke $r1.<java.net.Socket: void close()>()	timediff:0
I/System.out(18468): body:<ch.boye.httpclientandroidlib.impl.conn.DefaultClientConnection: void shutdown()>	sig:virtualinvoke $r2.<java.net.Socket: void close()>()	timediff:0
W/ContextImpl(  480): Calling a method in the system process without a qualified user: android.app.ContextImpl.sendBroadcast:1123 com.android.server.InputMethodManagerService.hideCurrentInputLocked:1880 com.android.server.InputMethodManagerService.hideSoftInput:1843 com.android.internal.view.IInputMethodManager$Stub.onTransact:194 com.android.server.InputMethodManagerService.onTransact:818 
W/ViewRootImpl(18468): Dropping event due to no window focus: KeyEvent { action=ACTION_DOWN, keyCode=KEYCODE_DPAD_DOWN, scanCode=0, metaState=0, flags=0x8, repeatCount=0, eventTime=1345778, downTime=1345778, deviceId=-1, source=0x101 }
W/EGL_emulation(18468): eglSurfaceAttrib not implemented 3093 12436
W/ContextImpl(  480): Calling a method in the system process without a qualified user: android.app.ContextImpl.sendBroadcast:1123 com.android.server.InputMethodManagerService.hideCurrentInputLocked:1880 com.android.server.InputMethodManagerService.windowGainedFocus:1968 com.android.internal.view.IInputMethodManager$Stub.onTransact:221 com.android.server.InputMethodManagerService.onTransact:818 
I/ActivityManager(  480): START u0 {act=android.intent.action.MAIN cat=[android.intent.category.LAUNCHER] flg=0x10200000 cmp=com.chatous.chatous/.splash.SplashActivity} from pid 18458
W/InputEventReceiver(18468): Attempted to finish an input event but the input event receiver has already been disposed.
W/InputEventReceiver(18468): Attempted to finish an input event but the input event receiver has already been disposed.
W/InputEventReceiver(18468): Attempted to finish an input event but the input event receiver has already been disposed.
W/InputEventReceiver(18468): Attempted to finish an input event but the input event receiver has already been disposed.
W/ViewRootImpl(18468): Dropping event due to root view being removed: MotionEvent { action=ACTION_UP, id[0]=0, x[0]=484.2359, y[0]=-201.46928, toolType[0]=TOOL_TYPE_UNKNOWN, buttonState=0, metaState=0, flags=0x0, edgeFlags=0x0, pointerCount=1, historySize=0, eventTime=1345832, downTime=1345832, deviceId=0, source=0x1002 }
W/ViewRootImpl(18468): Dropping event due to root view being removed: MotionEvent { action=ACTION_DOWN, id[0]=0, x[0]=417.0, y[0]=-276.0, toolType[0]=TOOL_TYPE_UNKNOWN, buttonState=0, metaState=0, flags=0x0, edgeFlags=0x0, pointerCount=1, historySize=0, eventTime=1345832, downTime=1345832, deviceId=0, source=0x1002 }
W/ViewRootImpl(18468): Dropping event due to root view being removed: MotionEvent { action=ACTION_UP, id[0]=0, x[0]=417.88318, y[0]=-252.22136, toolType[0]=TOOL_TYPE_UNKNOWN, buttonState=0, metaState=0, flags=0x0, edgeFlags=0x0, pointerCount=1, historySize=0, eventTime=1345833, downTime=1345832, deviceId=0, source=0x1002 }
D/dalvikvm(  480): GC_CONCURRENT freed 8039K, 48% free 12697K/24156K, paused 1ms+1ms, total 17ms
D/dalvikvm(  480): WAIT_FOR_CONCURRENT_GC blocked 10ms
I/ActivityManager(  480): START u0 {act=android.intent.action.MAIN cat=[android.intent.category.LAUNCHER] flg=0x10200000 cmp=com.chatous.chatous/.splash.SplashActivity} from pid 18458
I/ActivityManager(  480): START u0 {act=com.android.systemui.recent.action.TOGGLE_RECENTS flg=0x10800000 cmp=com.android.systemui/.recent.RecentsActivity (has extras)} from pid 535
D/dalvikvm(18468): GC_CONCURRENT freed 1281K, 15% free 7660K/9000K, paused 0ms+1ms, total 10ms
I/System.out(18468): body:<ch.boye.httpclientandroidlib.client.methods.HttpPost: void <init>(java.lang.String)>	sig:$r2 = staticinvoke <java.net.URI: java.net.URI create(java.lang.String)>($r1)	timediff:1
I/System.out(18468): body:<ch.boye.httpclientandroidlib.impl.client.CloseableHttpClient: ch.boye.httpclientandroidlib.HttpHost determineTarget(ch.boye.httpclientandroidlib.client.methods.HttpUriRequest)>	sig:$z0 = virtualinvoke $r3.<java.net.URI: boolean isAbsolute()>()	timediff:0
I/System.out(18468): body:<ch.boye.httpclientandroidlib.client.utils.URIUtils: ch.boye.httpclientandroidlib.HttpHost extractHost(java.net.URI)>	sig:$z0 = virtualinvoke $r0.<java.net.URI: boolean isAbsolute()>()	timediff:0
I/System.out(18468): body:<ch.boye.httpclientandroidlib.client.utils.URIUtils: ch.boye.httpclientandroidlib.HttpHost extractHost(java.net.URI)>	sig:$i2 = virtualinvoke $r0.<java.net.URI: int getPort()>()	timediff:0
I/System.out(18468): body:<ch.boye.httpclientandroidlib.client.utils.URIUtils: ch.boye.httpclientandroidlib.HttpHost extractHost(java.net.URI)>	sig:$r2 = virtualinvoke $r0.<java.net.URI: java.lang.String getHost()>()	timediff:0
I/System.out(18468): body:<ch.boye.httpclientandroidlib.client.utils.URIUtils: ch.boye.httpclientandroidlib.HttpHost extractHost(java.net.URI)>	sig:$r2 = virtualinvoke $r0.<java.net.URI: java.lang.String getScheme()>()	timediff:0
I/System.out(18468): body:<ch.boye.httpclientandroidlib.impl.conn.SystemDefaultDnsResolver: java.net.InetAddress[] resolve(java.lang.String)>	sig:$r2 = staticinvoke <java.net.InetAddress: java.net.InetAddress[] getAllByName(java.lang.String)>($r1)	timediff:0
I/System.out(18468): body:<ch.boye.httpclientandroidlib.conn.HttpInetSocketAddress: void <init>(ch.boye.httpclientandroidlib.HttpHost,java.net.InetAddress,int)>	sig:specialinvoke $r0.<java.net.InetSocketAddress: void <init>(java.net.InetAddress,int)>($r2, $i0)	timediff:0
I/System.out(18468): body:<ch.boye.httpclientandroidlib.conn.scheme.SchemeSocketFactoryAdaptor: java.net.Socket connectSocket(java.net.Socket,java.net.InetSocketAddress,java.net.InetSocketAddress,ch.boye.httpclientandroidlib.params.HttpParams)>	sig:$r7 = virtualinvoke $r2.<java.net.InetSocketAddress: java.lang.String getHostName()>()	timediff:0
I/System.out(18468): body:<ch.boye.httpclientandroidlib.conn.scheme.SchemeSocketFactoryAdaptor: java.net.Socket connectSocket(java.net.Socket,java.net.InetSocketAddress,java.net.InetSocketAddress,ch.boye.httpclientandroidlib.params.HttpParams)>	sig:$i1 = virtualinvoke $r2.<java.net.InetSocketAddress: int getPort()>()	timediff:0
I/System.out(18468): body:<ch.boye.httpclientandroidlib.conn.ssl.SSLSocketFactory: java.net.Socket connectSocket(java.net.Socket,java.lang.String,int,java.net.InetAddress,int,ch.boye.httpclientandroidlib.params.HttpParams)>	sig:$r6 = staticinvoke <java.net.InetAddress: java.net.InetAddress getByName(java.lang.String)>($r2)	timediff:0
I/System.out(18468): body:<ch.boye.httpclientandroidlib.conn.HttpInetSocketAddress: void <init>(ch.boye.httpclientandroidlib.HttpHost,java.net.InetAddress,int)>	sig:specialinvoke $r0.<java.net.InetSocketAddress: void <init>(java.net.InetAddress,int)>($r2, $i0)	timediff:0
W/System.err(18468): org.json.JSONException: End of input at character 0 of 
W/System.err(18468): 	at org.json.JSONTokener.syntaxError(JSONTokener.java:450)
W/System.err(18468): 	at org.json.JSONTokener.nextValue(JSONTokener.java:97)
W/System.err(18468): 	at org.json.JSONArray.<init>(JSONArray.java:92)
W/System.err(18468): 	at org.json.JSONArray.<init>(JSONArray.java:108)
W/System.err(18468): 	at com.chatous.chatous.util.Prefs.getSavedQueues(SourceFile:2145)
W/System.err(18468): 	at com.chatous.chatous.managers.TagCardManager.getRelevantQueuesForSignUp(SourceFile:133)
W/System.err(18468): 	at com.chatous.chatous.onboarding.CondensedOnboardingActivity.sendProfileData(SourceFile:395)
W/System.err(18468): 	at com.chatous.chatous.onboarding.CondensedOnboardingActivity.access$300(SourceFile:62)
W/System.err(18468): 	at com.chatous.chatous.onboarding.CondensedOnboardingActivity$7.onClick(SourceFile:187)
W/System.err(18468): 	at android.view.View.performClick(View.java:4438)
W/System.err(18468): 	at android.view.View$PerformClick.run(View.java:18422)
W/System.err(18468): 	at android.os.Handler.handleCallback(Handler.java:733)
W/System.err(18468): 	at android.os.Handler.dispatchMessage(Handler.java:95)
W/System.err(18468): 	at android.os.Looper.loop(Looper.java:136)
W/System.err(18468): 	at android.app.ActivityThread.main(ActivityThread.java:5019)
W/System.err(18468): 	at java.lang.reflect.Method.invokeNative(Native Method)
W/System.err(18468): 	at java.lang.reflect.Method.invoke(Method.java:515)
W/System.err(18468): 	at com.android.internal.os.ZygoteInit$MethodAndArgsCaller.run(ZygoteInit.java:779)
W/System.err(18468): 	at com.android.internal.os.ZygoteInit.main(ZygoteInit.java:595)
W/System.err(18468): 	at dalvik.system.NativeStart.main(Native Method)
I/System.out(18468): body:<ch.boye.httpclientandroidlib.client.methods.HttpPost: void <init>(java.lang.String)>	sig:$r2 = staticinvoke <java.net.URI: java.net.URI create(java.lang.String)>($r1)	timediff:0
I/System.out(18468): body:<ch.boye.httpclientandroidlib.impl.client.CloseableHttpClient: ch.boye.httpclientandroidlib.HttpHost determineTarget(ch.boye.httpclientandroidlib.client.methods.HttpUriRequest)>	sig:$z0 = virtualinvoke $r3.<java.net.URI: boolean isAbsolute()>()	timediff:0
I/System.out(18468): body:<ch.boye.httpclientandroidlib.client.utils.URIUtils: ch.boye.httpclientandroidlib.HttpHost extractHost(java.net.URI)>	sig:$z0 = virtualinvoke $r0.<java.net.URI: boolean isAbsolute()>()	timediff:0
I/System.out(18468): body:<ch.boye.httpclientandroidlib.client.utils.URIUtils: ch.boye.httpclientandroidlib.HttpHost extractHost(java.net.URI)>	sig:$i2 = virtualinvoke $r0.<java.net.URI: int getPort()>()	timediff:0
I/System.out(18468): body:<ch.boye.httpclientandroidlib.client.utils.URIUtils: ch.boye.httpclientandroidlib.HttpHost extractHost(java.net.URI)>	sig:$r2 = virtualinvoke $r0.<java.net.URI: java.lang.String getHost()>()	timediff:0
I/System.out(18468): body:<ch.boye.httpclientandroidlib.client.utils.URIUtils: ch.boye.httpclientandroidlib.HttpHost extractHost(java.net.URI)>	sig:$r2 = virtualinvoke $r0.<java.net.URI: java.lang.String getScheme()>()	timediff:0
I/System.out(18468): body:<ch.boye.httpclientandroidlib.impl.conn.SystemDefaultDnsResolver: java.net.InetAddress[] resolve(java.lang.String)>	sig:$r2 = staticinvoke <java.net.InetAddress: java.net.InetAddress[] getAllByName(java.lang.String)>($r1)	timediff:0
I/System.out(18468): body:<ch.boye.httpclientandroidlib.conn.HttpInetSocketAddress: void <init>(ch.boye.httpclientandroidlib.HttpHost,java.net.InetAddress,int)>	sig:specialinvoke $r0.<java.net.InetSocketAddress: void <init>(java.net.InetAddress,int)>($r2, $i0)	timediff:0
I/System.out(18468): body:<ch.boye.httpclientandroidlib.conn.scheme.SchemeSocketFactoryAdaptor: java.net.Socket connectSocket(java.net.Socket,java.net.InetSocketAddress,java.net.InetSocketAddress,ch.boye.httpclientandroidlib.params.HttpParams)>	sig:$r7 = virtualinvoke $r2.<java.net.InetSocketAddress: java.lang.String getHostName()>()	timediff:0
I/System.out(18468): body:<ch.boye.httpclientandroidlib.conn.scheme.SchemeSocketFactoryAdaptor: java.net.Socket connectSocket(java.net.Socket,java.net.InetSocketAddress,java.net.InetSocketAddress,ch.boye.httpclientandroidlib.params.HttpParams)>	sig:$i1 = virtualinvoke $r2.<java.net.InetSocketAddress: int getPort()>()	timediff:0
I/System.out(18468): body:<ch.boye.httpclientandroidlib.conn.ssl.SSLSocketFactory: java.net.Socket connectSocket(java.net.Socket,java.lang.String,int,java.net.InetAddress,int,ch.boye.httpclientandroidlib.params.HttpParams)>	sig:$r6 = staticinvoke <java.net.InetAddress: java.net.InetAddress getByName(java.lang.String)>($r2)	timediff:0
I/System.out(18468): body:<ch.boye.httpclientandroidlib.conn.HttpInetSocketAddress: void <init>(ch.boye.httpclientandroidlib.HttpHost,java.net.InetAddress,int)>	sig:specialinvoke $r0.<java.net.InetSocketAddress: void <init>(java.net.InetAddress,int)>($r2, $i0)	timediff:0
W/ViewRootImpl(18468): Dropping event due to no window focus: KeyEvent { action=ACTION_DOWN, keyCode=KEYCODE_BACK, scanCode=0, metaState=0, flags=0x8, repeatCount=0, eventTime=1345938, downTime=1345938, deviceId=-1, source=0x101 }
I/System.out(18468): body:<ch.boye.httpclientandroidlib.conn.ssl.SSLSocketFactory: java.net.Socket connectSocket(int,java.net.Socket,ch.boye.httpclientandroidlib.HttpHost,java.net.InetSocketAddress,java.net.InetSocketAddress,ch.boye.httpclientandroidlib.protocol.HttpContext)>	sig:virtualinvoke $r1.<java.net.Socket: void connect(java.net.SocketAddress,int)>($r3, $i0)	timediff:15
I/System.out(18468): body:<ch.boye.httpclientandroidlib.conn.ssl.SSLSocketFactory: java.net.Socket connectSocket(int,java.net.Socket,ch.boye.httpclientandroidlib.HttpHost,java.net.InetSocketAddress,java.net.InetSocketAddress,ch.boye.httpclientandroidlib.protocol.HttpContext)>	sig:virtualinvoke $r1.<java.net.Socket: void connect(java.net.SocketAddress,int)>($r3, $i0)	timediff:13
I/ActivityManager(  480): START u0 {act=android.intent.action.MAIN cat=[android.intent.category.LAUNCHER] flg=0x10200000 cmp=com.chatous.chatous/.splash.SplashActivity} from pid 18458
W/ViewRootImpl(18468): Dropping event due to no window focus: MotionEvent { action=ACTION_MOVE, id[0]=0, x[0]=1.0, y[0]=3.0, toolType[0]=TOOL_TYPE_UNKNOWN, buttonState=0, metaState=0, flags=0x0, edgeFlags=0x0, pointerCount=1, historySize=9, eventTime=1345961, downTime=-1, deviceId=0, source=0x10004 }
V/PanelView(  535): animationTick called with dtms=0; nothing to do (h=0.0 v=4500.0)
I/System.out(18468): body:<ch.boye.httpclientandroidlib.impl.conn.DefaultClientConnectionOperator: void prepareSocket(java.net.Socket,ch.boye.httpclientandroidlib.protocol.HttpContext,ch.boye.httpclientandroidlib.params.HttpParams)>	sig:virtualinvoke $r1.<java.net.Socket: void setTcpNoDelay(boolean)>($z0)	timediff:0
I/System.out(18468): body:<ch.boye.httpclientandroidlib.impl.conn.DefaultClientConnectionOperator: void prepareSocket(java.net.Socket,ch.boye.httpclientandroidlib.protocol.HttpContext,ch.boye.httpclientandroidlib.params.HttpParams)>	sig:virtualinvoke $r1.<java.net.Socket: void setSoTimeout(int)>($i0)	timediff:0
I/System.out(18468): body:<ch.boye.httpclientandroidlib.conn.ssl.SSLSocketFactory: boolean isSecure(java.net.Socket)>	sig:$z0 = virtualinvoke $r1.<java.net.Socket: boolean isClosed()>()	timediff:0
I/System.out(18468): body:<ch.boye.httpclientandroidlib.impl.io.SocketInputBuffer: void <init>(java.net.Socket,int,ch.boye.httpclientandroidlib.params.HttpParams)>	sig:$r3 = virtualinvoke $r1.<java.net.Socket: java.io.InputStream getInputStream()>()	timediff:0
I/System.out(18468): body:<ch.boye.httpclientandroidlib.impl.io.SocketOutputBuffer: void <init>(java.net.Socket,int,ch.boye.httpclientandroidlib.params.HttpParams)>	sig:$r3 = virtualinvoke $r1.<java.net.Socket: java.io.OutputStream getOutputStream()>()	timediff:0
I/System.out(18468): body:<ch.boye.httpclientandroidlib.impl.client.DefaultRequestDirector: ch.boye.httpclientandroidlib.HttpResponse execute(ch.boye.httpclientandroidlib.HttpHost,ch.boye.httpclientandroidlib.HttpRequest,ch.boye.httpclientandroidlib.protocol.HttpContext)>	sig:$r18 = virtualinvoke $r26.<java.net.URI: java.lang.String getUserInfo()>()	timediff:0
I/System.out(18468): body:<ch.boye.httpclientandroidlib.impl.client.DefaultRequestDirector: ch.boye.httpclientandroidlib.HttpResponse execute(ch.boye.httpclientandroidlib.HttpHost,ch.boye.httpclientandroidlib.HttpRequest,ch.boye.httpclientandroidlib.protocol.HttpContext)>	sig:$z3 = virtualinvoke $r26.<java.net.URI: boolean isAbsolute()>()	timediff:0
I/System.out(18468): body:<ch.boye.httpclientandroidlib.client.utils.URIUtils: ch.boye.httpclientandroidlib.HttpHost extractHost(java.net.URI)>	sig:$z0 = virtualinvoke $r0.<java.net.URI: boolean isAbsolute()>()	timediff:0
I/System.out(18468): body:<ch.boye.httpclientandroidlib.client.utils.URIUtils: ch.boye.httpclientandroidlib.HttpHost extractHost(java.net.URI)>	sig:$i2 = virtualinvoke $r0.<java.net.URI: int getPort()>()	timediff:0
I/System.out(18468): body:<ch.boye.httpclientandroidlib.client.utils.URIUtils: ch.boye.httpclientandroidlib.HttpHost extractHost(java.net.URI)>	sig:$r2 = virtualinvoke $r0.<java.net.URI: java.lang.String getHost()>()	timediff:0
I/System.out(18468): body:<ch.boye.httpclientandroidlib.client.utils.URIUtils: ch.boye.httpclientandroidlib.HttpHost extractHost(java.net.URI)>	sig:$r2 = virtualinvoke $r0.<java.net.URI: java.lang.String getScheme()>()	timediff:0
I/System.out(18468): body:<ch.boye.httpclientandroidlib.impl.client.DefaultRequestDirector: void rewriteRequestURI(ch.boye.httpclientandroidlib.impl.client.RequestWrapper,ch.boye.httpclientandroidlib.conn.routing.HttpRoute)>	sig:$z0 = virtualinvoke $r4.<java.net.URI: boolean isAbsolute()>()	timediff:0
I/System.out(18468): body:<ch.boye.httpclientandroidlib.client.utils.URIUtils: java.net.URI rewriteURI(java.net.URI,ch.boye.httpclientandroidlib.HttpHost,boolean)>	sig:$z1 = virtualinvoke $r0.<java.net.URI: boolean isOpaque()>()	timediff:0
I/System.out(18468): body:<ch.boye.httpclientandroidlib.client.utils.URIBuilder: void digestURI(java.net.URI)>	sig:$r3 = virtualinvoke $r1.<java.net.URI: java.lang.String getScheme()>()	timediff:0
I/System.out(18468): body:<ch.boye.httpclientandroidlib.client.utils.URIBuilder: void digestURI(java.net.URI)>	sig:$r3 = virtualinvoke $r1.<java.net.URI: java.lang.String getRawSchemeSpecificPart()>()	timediff:0
I/System.out(18468): body:<ch.boye.httpclientandroidlib.client.utils.URIBuilder: void digestURI(java.net.URI)>	sig:$r3 = virtualinvoke $r1.<java.net.URI: java.lang.String getRawAuthority()>()	timediff:0
I/System.out(18468): body:<ch.boye.httpclientandroidlib.client.utils.URIBuilder: void digestURI(java.net.URI)>	sig:$r3 = virtualinvoke $r1.<java.net.URI: java.lang.String getHost()>()	timediff:0
I/System.out(18468): body:<ch.boye.httpclientandroidlib.client.utils.URIBuilder: void digestURI(java.net.URI)>	sig:$i0 = virtualinvoke $r1.<java.net.URI: int getPort()>()	timediff:0
I/System.out(18468): body:<ch.boye.httpclientandroidlib.client.utils.URIBuilder: void digestURI(java.net.URI)>	sig:$r3 = virtualinvoke $r1.<java.net.URI: java.lang.String getRawUserInfo()>()	timediff:0
I/System.out(18468): body:<ch.boye.httpclientandroidlib.client.utils.URIBuilder: void digestURI(java.net.URI)>	sig:$r3 = virtualinvoke $r1.<java.net.URI: java.lang.String getUserInfo()>()	timediff:0
I/System.out(18468): body:<ch.boye.httpclientandroidlib.client.utils.URIBuilder: void digestURI(java.net.URI)>	sig:$r3 = virtualinvoke $r1.<java.net.URI: java.lang.String getRawPath()>()	timediff:0
