I/System.out(22093): body:<com.facebook.Request: void serializeToUrlConnection(com.facebook.RequestBatch,java.net.HttpURLConnection)>	sig:virtualinvoke $r1.<java.net.HttpURLConnection: void setReadTimeout(int)>($i2)	timediff:0
D/SAMApplication(22093): = = In foreground = =
W/ViewRootImpl(22093): Dropping event due to no window focus: KeyEvent { action=ACTION_DOWN, keyCode=KEYCODE_DPAD_RIGHT, scanCode=0, metaState=0, flags=0x8, repeatCount=0, eventTime=1549285, downTime=1549285, deviceId=-1, source=0x101 }
D/SAMProvider(22093): Query for content://com.singlesaroundme.android.data.provider.SamProvider/maplocs matched 10 and returned null? false
D/SAMProvider(22093): Query for content://com.singlesaroundme.android.data.provider.SamProvider/query_results matched 23 and returned null? false
W/ViewRootImpl(22093): Dropping event due to no window focus: KeyEvent { action=ACTION_DOWN, keyCode=KEYCODE_DPAD_RIGHT, scanCode=0, metaState=0, flags=0x8, repeatCount=0, eventTime=1549699, downTime=1549699, deviceId=-1, source=0x101 }
D/dalvikvm(22093): GC_EXPLICIT freed 730K, 10% free 7920K/8708K, paused 0ms+4ms, total 20ms
W/ViewRootImpl(22093): Dropping event due to no window focus: KeyEvent { action=ACTION_DOWN, keyCode=KEYCODE_DPAD_LEFT, scanCode=0, metaState=0, flags=0x8, repeatCount=0, eventTime=1549703, downTime=1549703, deviceId=-1, source=0x101 }
W/Finsky  ( 1023): [48] com.google.android.finsky.billing.iab.ab.b(48): com.singlesaroundme.android: No account found.
W/SAMLoginActivity(22093): Couldn't set up IAP check: Error checking for billing v3 support. (response: 3:Billing Unavailable)
W/ViewRootImpl(22093): Dropping event due to no window focus: KeyEvent { action=ACTION_DOWN, keyCode=KEYCODE_MENU, scanCode=0, metaState=0, flags=0x8, repeatCount=0, eventTime=1549769, downTime=1549769, deviceId=-1, source=0x101 }
W/ViewRootImpl(22093): Dropping event due to no window focus: KeyEvent { action=ACTION_DOWN, keyCode=KEYCODE_FORWARD, scanCode=0, metaState=0, flags=0x8, repeatCount=0, eventTime=1549772, downTime=1549772, deviceId=-1, source=0x101 }
I/qtaguid (  711): Tagging socket 148 with tag 3000110100000000(805310721) for uid -1 failed errno=-13
I/NetworkManagementSocketTagger(  711): tagSocketFd(148, 805310721, -1) failed with errno-13
W/EGL_emulation(22093): eglSurfaceAttrib not implemented 3093 12436
I/System.out(22093): body:<com.facebook.Response: java.util.List fromHttpConnection(java.net.HttpURLConnection,com.facebook.RequestBatch)>	sig:$i0 = virtualinvoke $r0.<java.net.HttpURLConnection: int getResponseCode()>()	timediff:137
I/System.out(22093): body:<com.facebook.Response: java.util.List fromHttpConnection(java.net.HttpURLConnection,com.facebook.RequestBatch)>	sig:$r8 = virtualinvoke $r0.<java.net.HttpURLConnection: java.io.InputStream getInputStream()>()	timediff:0
I/System.out(22093): body:<empirical.HelperClass: void printURLInfo(java.lang.String,java.lang.String,java.net.URLConnection)>	sig:$r0 = virtualinvoke urlConnection.<java.net.URLConnection: java.net.URL getURL()>()	timediff:0
I/System.out(22093): body:<empirical.HelperClass: void printURLInfo(java.lang.String,java.lang.String,java.net.URLConnection)>	sig:urlString = virtualinvoke $r0.<java.net.URL: java.lang.String toString()>()	timediff:0
I/System.out(22093): body:<empirical.HelperClass: void printURLInfo(java.lang.String,java.lang.String,java.net.URLConnection)>	sig:isDoOutput = virtualinvoke urlConnection.<java.net.URLConnection: boolean getDoOutput()>()	timediff:0
I/System.out(22093): body:<empirical.HelperClass: java.lang.String getHeaderField(java.net.URLConnection,java.lang.String)>	sig:data = virtualinvoke conn.<java.net.URLConnection: java.lang.String getHeaderField(java.lang.String)>(field)	timediff:0
I/System.out(22093): body:<empirical.HelperClass: java.lang.String getHeaderField(java.net.URLConnection,java.lang.String)>	sig:data = virtualinvoke conn.<java.net.URLConnection: java.lang.String getHeaderField(java.lang.String)>(field)	timediff:0
I/System.out(22093): body:<empirical.HelperClass: java.lang.String getHeaderField(java.net.URLConnection,java.lang.String)>	sig:data = virtualinvoke conn.<java.net.URLConnection: java.lang.String getHeaderField(java.lang.String)>(field)	timediff:0
I/System.out(22093): body:<empirical.HelperClass: java.lang.String getHeaderField(java.net.URLConnection,java.lang.String)>	sig:data = virtualinvoke conn.<java.net.URLConnection: java.lang.String getHeaderField(java.lang.String)>(field)	timediff:0
I/System.out(22093): body:<empirical.HelperClass: java.lang.String getHeaderField(java.net.URLConnection,java.lang.String)>	sig:data = virtualinvoke conn.<java.net.URLConnection: java.lang.String getHeaderField(java.lang.String)>(field)	timediff:0
I/System.out(22093): URLConn;%;1;%;<com.facebook.Response: java.util.List fromHttpConnection(java.net.HttpURLConnection,com.facebook.RequestBatch)>;%;$r8 = virtualinvoke $r0.<java.net.HttpURLConnection: java.io.InputStream getInputStream()>();%;https://graph.facebook.com/v2.2/572371932835566?fields=supports_implicit_sdk_logging%2Cgdpv4_nux_content%2Cgdpv4_nux_enabled%2Candroid_dialog_configs&format=json&sdk=android;%;false;%;Not found;%;private, no-cache, no-store, must-revalidate;%;Sat, 01 Jan 2000 00:00:00 GMT;%;Not found;%;Not found
I/System.out(22093): body:<com.facebook.Response: java.util.List createResponsesFromObject(java.net.HttpURLConnection,java.util.List,java.lang.Object,boolean)>	sig:$i2 = virtualinvoke $r0.<java.net.HttpURLConnection: int getResponseCode()>()	timediff:0
I/System.out(22093): body:<com.facebook.internal.Utility: void disconnectQuietly(java.net.URLConnection)>	sig:virtualinvoke $r1.<java.net.HttpURLConnection: void disconnect()>()	timediff:0
W/EGL_emulation(22093): eglSurfaceAttrib not implemented 3093 12436
W/ViewRootImpl(22093): Dropping event due to no window focus: KeyEvent { action=ACTION_DOWN, keyCode=KEYCODE_BACK, scanCode=0, metaState=0, flags=0x8, repeatCount=0, eventTime=1549774, downTime=1549774, deviceId=-1, source=0x101 }
D/dalvikvm(  711): GC_CONCURRENT freed 2102K, 41% free 9317K/15556K, paused 2ms+3ms, total 19ms
I/System.out(22093): body:<com.facebook.Request: java.net.HttpURLConnection toHttpConnection(com.facebook.RequestBatch)>	sig:specialinvoke $r2.<java.net.URL: void <init>(java.lang.String)>($r3)	timediff:0
I/System.out(22093): <com.facebook.Request: java.net.HttpURLConnection toHttpConnection(com.facebook.RequestBatch)>###specialinvoke $r2.<java.net.URL: void <init>(java.lang.String)>($r3)###https://graph.facebook.com/v2.2/572371932835566?fields=supports_implicit_sdk_logging%2Cgdpv4_nux_content%2Cgdpv4_nux_enabled%2Candroid_dialog_configs&format=json&sdk=android
I/System.out(22093): body:<com.facebook.Request: java.net.HttpURLConnection createConnection(java.net.URL)>	sig:$r1 = virtualinvoke $r0.<java.net.URL: java.net.URLConnection openConnection()>()	timediff:0
I/System.out(22093): body:<com.facebook.Request: java.net.HttpURLConnection createConnection(java.net.URL)>	sig:virtualinvoke $r2.<java.net.HttpURLConnection: void setRequestProperty(java.lang.String,java.lang.String)>("User-Agent", $r3)	timediff:0
I/System.out(22093): body:<com.facebook.Request: java.net.HttpURLConnection createConnection(java.net.URL)>	sig:virtualinvoke $r2.<java.net.HttpURLConnection: void setRequestProperty(java.lang.String,java.lang.String)>("Accept-Language", $r3)	timediff:0
I/System.out(22093): body:<com.facebook.Request: java.net.HttpURLConnection createConnection(java.net.URL)>	sig:virtualinvoke $r2.<java.net.HttpURLConnection: void setChunkedStreamingMode(int)>(0)	timediff:0
I/System.out(22093): body:<com.facebook.Request: void serializeToUrlConnection(com.facebook.RequestBatch,java.net.HttpURLConnection)>	sig:virtualinvoke $r1.<java.net.HttpURLConnection: void setRequestMethod(java.lang.String)>($r6)	timediff:0
I/System.out(22093): body:<com.facebook.Request: void setConnectionContentType(java.net.HttpURLConnection,boolean)>	sig:virtualinvoke $r0.<java.net.HttpURLConnection: void setRequestProperty(java.lang.String,java.lang.String)>("Content-Type", "application/x-www-form-urlencoded")	timediff:0
I/System.out(22093): body:<com.facebook.Request: void setConnectionContentType(java.net.HttpURLConnection,boolean)>	sig:virtualinvoke $r0.<java.net.HttpURLConnection: void setRequestProperty(java.lang.String,java.lang.String)>("Content-Encoding", "gzip")	timediff:0
I/System.out(22093): body:<com.facebook.Request: void serializeToUrlConnection(com.facebook.RequestBatch,java.net.HttpURLConnection)>	sig:$r7 = virtualinvoke $r1.<java.net.HttpURLConnection: java.net.URL getURL()>()	timediff:0
I/System.out(22093): body:<com.facebook.Request: void serializeToUrlConnection(com.facebook.RequestBatch,java.net.HttpURLConnection)>	sig:$r6 = virtualinvoke $r1.<java.net.HttpURLConnection: java.lang.String getRequestMethod()>()	timediff:0
I/System.out(22093): body:<com.facebook.Request: void serializeToUrlConnection(com.facebook.RequestBatch,java.net.HttpURLConnection)>	sig:$r6 = virtualinvoke $r1.<java.net.HttpURLConnection: java.lang.String getRequestProperty(java.lang.String)>("User-Agent")	timediff:0
I/System.out(22093): body:<com.facebook.Request: void serializeToUrlConnection(com.facebook.RequestBatch,java.net.HttpURLConnection)>	sig:$r6 = virtualinvoke $r1.<java.net.HttpURLConnection: java.lang.String getRequestProperty(java.lang.String)>("Content-Type")	timediff:0
I/System.out(22093): body:<com.facebook.Request: void serializeToUrlConnection(com.facebook.RequestBatch,java.net.HttpURLConnection)>	sig:virtualinvoke $r1.<java.net.HttpURLConnection: void setConnectTimeout(int)>($i2)	timediff:0
I/System.out(22093): body:<com.facebook.Request: void serializeToUrlConnection(com.facebook.RequestBatch,java.net.HttpURLConnection)>	sig:virtualinvoke $r1.<java.net.HttpURLConnection: void setReadTimeout(int)>($i2)	timediff:0
I/qtaguid (  711): Tagging socket 146 with tag 3000110100000000(805310721) for uid -1 failed errno=-13
I/NetworkManagementSocketTagger(  711): tagSocketFd(146, 805310721, -1) failed with errno-13
I/qtaguid (  711): Untagging socket 146 failed errno=-13
W/NetworkManagementSocketTagger(  711): untagSocket(146) failed with errno -13
I/qtaguid (  711): Tagging socket 146 with tag 3000110100000000(805310721) for uid -1 failed errno=-13
I/NetworkManagementSocketTagger(  711): tagSocketFd(146, 805310721, -1) failed with errno-13
I/qtaguid (  711): Untagging socket 146 failed errno=-13
W/NetworkManagementSocketTagger(  711): untagSocket(146) failed with errno -13
I/qtaguid (  711): Tagging socket 146 with tag 3000110100000000(805310721) for uid -1 failed errno=-13
I/NetworkManagementSocketTagger(  711): tagSocketFd(146, 805310721, -1) failed with errno-13
I/qtaguid (  711): Untagging socket 146 failed errno=-13
W/NetworkManagementSocketTagger(  711): untagSocket(146) failed with errno -13
I/qtaguid (  711): Tagging socket 146 with tag 3000110100000000(805310721) for uid -1 failed errno=-13
I/NetworkManagementSocketTagger(  711): tagSocketFd(146, 805310721, -1) failed with errno-13
I/qtaguid (  711): Untagging socket 146 failed errno=-13
W/NetworkManagementSocketTagger(  711): untagSocket(146) failed with errno -13
I/qtaguid (  711): Tagging socket 146 with tag 3000110100000000(805310721) for uid -1 failed errno=-13
I/NetworkManagementSocketTagger(  711): tagSocketFd(146, 805310721, -1) failed with errno-13
I/qtaguid (  711): Untagging socket 146 failed errno=-13
W/NetworkManagementSocketTagger(  711): untagSocket(146) failed with errno -13
I/qtaguid (  711): Tagging socket 146 with tag 3000110100000000(805310721) for uid -1 failed errno=-13
I/NetworkManagementSocketTagger(  711): tagSocketFd(146, 805310721, -1) failed with errno-13
I/qtaguid (  711): Untagging socket 146 failed errno=-13
W/NetworkManagementSocketTagger(  711): untagSocket(146) failed with errno -13
I/ActivityManager(  480): Displayed com.singlesaroundme.android/.activity.LoginActivity: +481ms (total +728ms)
I/System.out(22093): body:<com.facebook.Response: java.util.List fromHttpConnection(java.net.HttpURLConnection,com.facebook.RequestBatch)>	sig:$i0 = virtualinvoke $r0.<java.net.HttpURLConnection: int getResponseCode()>()	timediff:50
I/System.out(22093): body:<com.facebook.Response: java.util.List fromHttpConnection(java.net.HttpURLConnection,com.facebook.RequestBatch)>	sig:$r8 = virtualinvoke $r0.<java.net.HttpURLConnection: java.io.InputStream getInputStream()>()	timediff:0
I/System.out(22093): body:<empirical.HelperClass: void printURLInfo(java.lang.String,java.lang.String,java.net.URLConnection)>	sig:$r0 = virtualinvoke urlConnection.<java.net.URLConnection: java.net.URL getURL()>()	timediff:0
I/System.out(22093): body:<empirical.HelperClass: void printURLInfo(java.lang.String,java.lang.String,java.net.URLConnection)>	sig:urlString = virtualinvoke $r0.<java.net.URL: java.lang.String toString()>()	timediff:0
I/System.out(22093): body:<empirical.HelperClass: void printURLInfo(java.lang.String,java.lang.String,java.net.URLConnection)>	sig:isDoOutput = virtualinvoke urlConnection.<java.net.URLConnection: boolean getDoOutput()>()	timediff:0
I/System.out(22093): body:<empirical.HelperClass: java.lang.String getHeaderField(java.net.URLConnection,java.lang.String)>	sig:data = virtualinvoke conn.<java.net.URLConnection: java.lang.String getHeaderField(java.lang.String)>(field)	timediff:0
I/System.out(22093): body:<empirical.HelperClass: java.lang.String getHeaderField(java.net.URLConnection,java.lang.String)>	sig:data = virtualinvoke conn.<java.net.URLConnection: java.lang.String getHeaderField(java.lang.String)>(field)	timediff:0
I/System.out(22093): body:<empirical.HelperClass: java.lang.String getHeaderField(java.net.URLConnection,java.lang.String)>	sig:data = virtualinvoke conn.<java.net.URLConnection: java.lang.String getHeaderField(java.lang.String)>(field)	timediff:0
I/System.out(22093): body:<empirical.HelperClass: java.lang.String getHeaderField(java.net.URLConnection,java.lang.String)>	sig:data = virtualinvoke conn.<java.net.URLConnection: java.lang.String getHeaderField(java.lang.String)>(field)	timediff:0
I/System.out(22093): body:<empirical.HelperClass: java.lang.String getHeaderField(java.net.URLConnection,java.lang.String)>	sig:data = virtualinvoke conn.<java.net.URLConnection: java.lang.String getHeaderField(java.lang.String)>(field)	timediff:0
I/System.out(22093): URLConn;%;2;%;<com.facebook.Response: java.util.List fromHttpConnection(java.net.HttpURLConnection,com.facebook.RequestBatch)>;%;$r8 = virtualinvoke $r0.<java.net.HttpURLConnection: java.io.InputStream getInputStream()>();%;https://graph.facebook.com/v2.2/572371932835566?fields=supports_implicit_sdk_logging%2Cgdpv4_nux_content%2Cgdpv4_nux_enabled%2Candroid_dialog_configs&format=json&sdk=android;%;false;%;Not found;%;private, no-cache, no-store, must-revalidate;%;Sat, 01 Jan 2000 00:00:00 GMT;%;Not found;%;Not found
I/System.out(22093): body:<com.facebook.Response: java.util.List createResponsesFromObject(java.net.HttpURLConnection,java.util.List,java.lang.Object,boolean)>	sig:$i2 = virtualinvoke $r0.<java.net.HttpURLConnection: int getResponseCode()>()	timediff:0
I/System.out(22093): body:<com.facebook.internal.Utility: void disconnectQuietly(java.net.URLConnection)>	sig:virtualinvoke $r1.<java.net.HttpURLConnection: void disconnect()>()	timediff:0
I/qtaguid (  711): Untagging socket 148 failed errno=-13
W/NetworkManagementSocketTagger(  711): untagSocket(148) failed with errno -13
E/Google Maps Android API(22093): Authorization failure.  Please see https://developers.google.com/maps/documentation/android-api/start for how to correctly set up the map.
E/Google Maps Android API(22093): In the Google Developer Console (https://console.developers.google.com)
E/Google Maps Android API(22093): Ensure that the "Google Maps Android API v2" is enabled.
E/Google Maps Android API(22093): Ensure that the following Android Key exists:
E/Google Maps Android API(22093): 	API Key: AIzaSyATDmclrO7_CQniDE2xNUzZzleTfFBPC_w
E/Google Maps Android API(22093): 	Android Application (<cert_fingerprint>;<package_name>): 09:AD:96:09:E4:DC:4F:BF:D2:9A:ED:05:94:1F:71:91:82:2B:42:AE;com.singlesaroundme.android
W/ContextImpl(  480): Calling a method in the system process without a qualified user: android.app.ContextImpl.sendBroadcast:1123 com.android.server.InputMethodManagerService.hideCurrentInputLocked:1880 com.android.server.InputMethodManagerService.windowGainedFocus:1968 com.android.internal.view.IInputMethodManager$Stub.onTransact:221 com.android.server.InputMethodManagerService.onTransact:818 
V/InputMethodService(  618): onEvaluateInputViewShown: config.hardKeyboardHidden = 2
V/InputMethodService(  618): onEvaluateInputViewShown: config.hardKeyboardHidden = 2
W/ContextImpl(  480): Calling a method in the system process without a qualified user: android.app.ContextImpl.sendBroadcast:1123 com.android.server.InputMethodManagerService.showCurrentInputLocked:1791 com.android.server.InputMethodManagerService.showSoftInput:1753 com.android.internal.view.IInputMethodManager$Stub.onTransact:175 com.android.server.InputMethodManagerService.onTransact:818 
D/dalvikvm(  480): GC_FOR_ALLOC freed 6305K, 61% free 15889K/40360K, paused 11ms, total 11ms
D/dalvikvm(  480): GC_FOR_ALLOC freed 49K, 56% free 17871K/40360K, paused 14ms, total 14ms
V/InputMethodService(  618): onEvaluateInputViewShown: config.hardKeyboardHidden = 2
V/InputMethodService(  618): onEvaluateInputViewShown: config.hardKeyboardHidden = 2
D/dalvikvm(  535): GC_CONCURRENT freed 358K, 23% free 11342K/14628K, paused 0ms+0ms, total 5ms
D/dalvikvm(  535): WAIT_FOR_CONCURRENT_GC blocked 4ms
I/dalvikvm-heap(  535): Grow heap (frag case) to 13.109MB for 2073612-byte allocation
W/ContextImpl(  480): Calling a method in the system process without a qualified user: android.app.ContextImpl.sendBroadcast:1123 com.android.server.InputMethodManagerService.showCurrentInputLocked:1791 com.android.server.InputMethodManagerService.attachNewInputLocked:1095 com.android.server.InputMethodManagerService.startInputUncheckedLocked:1166 com.android.server.InputMethodManagerService.startInputLocked:1128 
D/dalvikvm(  535): GC_FOR_ALLOC freed 2K, 20% free 13365K/16656K, paused 2ms, total 2ms
D/dalvikvm(  480): GC_FOR_ALLOC freed 31K, 51% free 20009K/40360K, paused 15ms, total 15ms
W/ContextImpl(  480): Calling a method in the system process without a qualified user: android.app.ContextImpl.sendBroadcast:1123 com.android.server.InputMethodManagerService.showCurrentInputLocked:1791 com.android.server.InputMethodManagerService.attachNewInputLocked:1095 com.android.server.InputMethodManagerService.startInputUncheckedLocked:1166 com.android.server.InputMethodManagerService.startInputLocked:1128 
V/InputMethodService(  618): onEvaluateInputViewShown: config.hardKeyboardHidden = 2
V/InputMethodService(  618): onEvaluateInputViewShown: config.hardKeyboardHidden = 2
V/InputMethodService(  618): onEvaluateInputViewShown: config.hardKeyboardHidden = 2
V/InputMethodService(  618): onEvaluateInputViewShown: config.hardKeyboardHidden = 2
W/ContextImpl(  480): Calling a method in the system process without a qualified user: android.app.ContextImpl.sendBroadcast:1123 com.android.server.InputMethodManagerService.showCurrentInputLocked:1791 com.android.server.InputMethodManagerService.showSoftInput:1753 com.android.internal.view.IInputMethodManager$Stub.onTransact:175 com.android.server.InputMethodManagerService.onTransact:818 
W/ContextImpl(  480): Calling a method in the system process without a qualified user: android.app.ContextImpl.sendBroadcast:1123 com.android.server.InputMethodManagerService.showCurrentInputLocked:1791 com.android.server.InputMethodManagerService.showSoftInput:1753 com.android.internal.view.IInputMethodManager$Stub.onTransact:175 com.android.server.InputMethodManagerService.onTransact:818 
V/InputMethodService(  618): onEvaluateInputViewShown: config.hardKeyboardHidden = 2
V/InputMethodService(  618): onEvaluateInputViewShown: config.hardKeyboardHidden = 2
W/ContextImpl(  480): Calling a method in the system process without a qualified user: android.app.ContextImpl.sendBroadcast:1123 com.android.server.InputMethodManagerService.showCurrentInputLocked:1791 com.android.server.InputMethodManagerService.attachNewInputLocked:1095 com.android.server.InputMethodManagerService.startInputUncheckedLocked:1166 com.android.server.InputMethodManagerService.startInputLocked:1128 
W/ContextImpl(  480): Calling a method in the system process without a qualified user: android.app.ContextImpl.sendBroadcast:1123 com.android.server.InputMethodManagerService.showCurrentInputLocked:1791 com.android.server.InputMethodManagerService.showSoftInput:1753 com.android.internal.view.IInputMethodManager$Stub.onTransact:175 com.android.server.InputMethodManagerService.onTransact:818 
V/InputMethodService(  618): onEvaluateInputViewShown: config.hardKeyboardHidden = 2
V/InputMethodService(  618): onEvaluateInputViewShown: config.hardKeyboardHidden = 2
V/InputMethodService(  618): onEvaluateInputViewShown: config.hardKeyboardHidden = 2
V/InputMethodService(  618): onEvaluateInputViewShown: config.hardKeyboardHidden = 2
W/ContextImpl(  480): Calling a method in the system process without a qualified user: android.app.ContextImpl.sendBroadcast:1123 com.android.server.InputMethodManagerService.showCurrentInputLocked:1791 com.android.server.InputMethodManagerService.attachNewInputLocked:1095 com.android.server.InputMethodManagerService.startInputUncheckedLocked:1166 com.android.server.InputMethodManagerService.startInputLocked:1128 
V/InputMethodService(  618): onEvaluateInputViewShown: config.hardKeyboardHidden = 2
V/InputMethodService(  618): onEvaluateInputViewShown: config.hardKeyboardHidden = 2
V/InputMethodService(  618): onEvaluateInputViewShown: config.hardKeyboardHidden = 2
V/InputMethodService(  618): onEvaluateInputViewShown: config.hardKeyboardHidden = 2
W/ContextImpl(  480): Calling a method in the system process without a qualified user: android.app.ContextImpl.sendBroadcast:1123 com.android.server.InputMethodManagerService.showCurrentInputLocked:1791 com.android.server.InputMethodManagerService.showSoftInput:1753 com.android.internal.view.IInputMethodManager$Stub.onTransact:175 com.android.server.InputMethodManagerService.onTransact:818 
I/ActivityManager(  480): START u0 {act=android.intent.action.CALL_BUTTON flg=0x10000000} from pid 22093
W/PhoneFallbackEventHandler(22093): No activity found for android.intent.action.CALL_BUTTON.
E/ActivityThread(22093): Failed to find provider info for com.facebook.katana.provider.AttributionIdProvider
I/ActivityManager(  480): START u0 {act=SSO_WITH_FALLBACK cmp=com.singlesaroundme.android/com.facebook.LoginActivity (has extras)} from pid 22093
V/InputMethodService(  618): onEvaluateInputViewShown: config.hardKeyboardHidden = 2
V/InputMethodService(  618): onEvaluateInputViewShown: config.hardKeyboardHidden = 2
W/ContextImpl(  480): Calling a method in the system process without a qualified user: android.app.ContextImpl.sendBroadcast:1123 com.android.server.InputMethodManagerService.showCurrentInputLocked:1791 com.android.server.InputMethodManagerService.attachNewInputLocked:1095 com.android.server.InputMethodManagerService.startInputUncheckedLocked:1166 com.android.server.InputMethodManagerService.startInputLocked:1128 
W/ViewRootImpl(22093): Dropping event due to no window focus: KeyEvent { action=ACTION_DOWN, keyCode=KEYCODE_MENU, scanCode=0, metaState=0, flags=0x8, repeatCount=0, eventTime=1550213, downTime=1550213, deviceId=-1, source=0x101 }
E/ActivityThread(22093): Failed to find provider info for com.facebook.katana.provider.PlatformProvider
E/ActivityThread(22093): Failed to find provider info for com.facebook.wakizashi.provider.PlatformProvider
V/WebViewChromium(22093): Binding Chromium to the background looper Looper (main, tid 1) {4a79518c}
I/chromium(22093): [INFO:library_loader_hooks.cc(112)] Chromium logging enabled: level = 0, default verbosity = 0
I/BrowserProcessMain(22093): Initializing chromium process, renderers=0
W/chromium(22093): [WARNING:proxy_service.cc(888)] PAC support disabled because there is no system implementation
W/ViewRootImpl(22093): Dropping event due to no window focus: KeyEvent { action=ACTION_DOWN, keyCode=KEYCODE_MENU, scanCode=0, metaState=0, flags=0x8, repeatCount=0, eventTime=1550317, downTime=1550317, deviceId=-1, source=0x101 }
W/InputManager(  480): Input event injection from pid 22083 failed.
W/InputManager(  480): Input event injection from pid 22083 failed.
W/EGL_emulation(22093): eglSurfaceAttrib not implemented 3093 12436
W/EGL_emulation(22093): eglSurfaceAttrib not implemented 3093 12436
W/ViewRootImpl(22093): Dropping event due to no window focus: KeyEvent { action=ACTION_DOWN, keyCode=KEYCODE_DPAD_DOWN, scanCode=0, metaState=0, flags=0x8, repeatCount=0, eventTime=1550325, downTime=1550325, deviceId=-1, source=0x101 }
W/ViewRootImpl(22093): Dropping event due to no window focus: KeyEvent { action=ACTION_DOWN, keyCode=KEYCODE_DPAD_DOWN, scanCode=0, metaState=0, flags=0x8, repeatCount=0, eventTime=1550364, downTime=1550364, deviceId=-1, source=0x101 }
W/ViewRootImpl(22093): Dropping event due to no window focus: KeyEvent { action=ACTION_DOWN, keyCode=KEYCODE_DPAD_DOWN, scanCode=0, metaState=0, flags=0x8, repeatCount=0, eventTime=1550365, downTime=1550365, deviceId=-1, source=0x101 }
W/ContextImpl(  480): Calling a method in the system process without a qualified user: android.app.ContextImpl.sendBroadcast:1123 com.android.server.InputMethodManagerService.hideCurrentInputLocked:1880 com.android.server.InputMethodManagerService.windowGainedFocus:1968 com.android.internal.view.IInputMethodManager$Stub.onTransact:221 com.android.server.InputMethodManagerService.onTransact:818 
I/chromium(22093): [INFO:simple_index_file.cc(397)] Simple Cache Index is being restored from disk.
I/ActivityManager(  480): Displayed com.singlesaroundme.android/com.facebook.LoginActivity: +196ms
I/ActivityManager(  480): START u0 {act=android.intent.action.MAIN cat=[android.intent.category.LAUNCHER] flg=0x10200000 cmp=com.singlesaroundme.android/.activity.LoadingActivity} from pid 22083
D/dalvikvm(22093): GC_CONCURRENT freed 978K, 12% free 8678K/9776K, paused 2ms+1ms, total 7ms
D/dalvikvm(22093): WAIT_FOR_CONCURRENT_GC blocked 2ms
D/dalvikvm(22093): WAIT_FOR_CONCURRENT_GC blocked 2ms
W/ViewRootImpl(22093): Dropping event due to no window focus: KeyEvent { action=ACTION_DOWN, keyCode=KEYCODE_DPAD_CENTER, scanCode=0, metaState=0, flags=0x8, repeatCount=0, eventTime=1550432, downTime=1550432, deviceId=-1, source=0x101 }
W/EGL_emulation(22093): eglSurfaceAttrib not implemented 3093 12436
W/ViewRootImpl(22093): Dropping event due to no window focus: KeyEvent { action=ACTION_DOWN, keyCode=KEYCODE_4, scanCode=0, metaState=0, flags=0x8, repeatCount=0, eventTime=1550469, downTime=1550469, deviceId=-1, source=0x101 }
I/ActivityManager(  480): START u0 {act=android.intent.action.MAIN cat=[android.intent.category.LAUNCHER] flg=0x10200000 cmp=com.singlesaroundme.android/.activity.LoadingActivity} from pid 22083
W/InputEventReceiver(22093): Attempted to finish an input event but the input event receiver has already been disposed.
W/InputEventReceiver(22093): Attempted to finish an input event but the input event receiver has already been disposed.
W/InputEventReceiver(22093): Attempted to finish an input event but the input event receiver has already been disposed.
W/ViewRootImpl(22093): Dropping event due to root view being removed: MotionEvent { action=ACTION_MOVE, id[0]=0, x[0]=321.11707, y[0]=459.16113, toolType[0]=TOOL_TYPE_UNKNOWN, buttonState=0, metaState=0, flags=0x0, edgeFlags=0x0, pointerCount=1, historySize=4, eventTime=1550536, downTime=1550535, deviceId=0, source=0x1002 }
W/ViewRootImpl(22093): Dropping event due to root view being removed: MotionEvent { action=ACTION_UP, id[0]=0, x[0]=326.48663, y[0]=455.51892, toolType[0]=TOOL_TYPE_UNKNOWN, buttonState=0, metaState=0, flags=0x0, edgeFlags=0x0, pointerCount=1, historySize=0, eventTime=1550536, downTime=1550535, deviceId=0, source=0x1002 }
W/EGL_emulation(22093): eglSurfaceAttrib not implemented 3093 12436
W/ViewRootImpl(22093): Dropping event due to no window focus: KeyEvent { action=ACTION_DOWN, keyCode=KEYCODE_DPAD_CENTER, scanCode=0, metaState=0, flags=0x8, repeatCount=0, eventTime=1550562, downTime=1550562, deviceId=-1, source=0x101 }
W/ViewRootImpl(22093): Dropping event due to no window focus: KeyEvent { action=ACTION_DOWN, keyCode=KEYCODE_DPAD_RIGHT, scanCode=0, metaState=0, flags=0x8, repeatCount=0, eventTime=1550589, downTime=1550589, deviceId=-1, source=0x101 }
W/ViewRootImpl(22093): Dropping event due to no window focus: KeyEvent { action=ACTION_DOWN, keyCode=KEYCODE_MENU, scanCode=0, metaState=0, flags=0x8, repeatCount=0, eventTime=1550590, downTime=1550590, deviceId=-1, source=0x101 }
W/ContextImpl(  480): Calling a method in the system process without a qualified user: android.app.ContextImpl.sendBroadcast:1123 com.android.server.InputMethodManagerService.hideCurrentInputLocked:1880 com.android.server.InputMethodManagerService.windowGainedFocus:1968 com.android.internal.view.IInputMethodManager$Stub.onTransact:221 com.android.server.InputMethodManagerService.onTransact:818 
W/EGL_emulation(22093): eglSurfaceAttrib not implemented 3093 12436
V/InputMethodService(  618): onEvaluateInputViewShown: config.hardKeyboardHidden = 2
V/InputMethodService(  618): onEvaluateInputViewShown: config.hardKeyboardHidden = 2
W/ContextImpl(  480): Calling a method in the system process without a qualified user: android.app.ContextImpl.sendBroadcast:1123 com.android.server.InputMethodManagerService.showCurrentInputLocked:1791 com.android.server.InputMethodManagerService.showSoftInput:1753 com.android.internal.view.IInputMethodManager$Stub.onTransact:175 com.android.server.InputMethodManagerService.onTransact:818 
V/InputMethodService(  618): onEvaluateInputViewShown: config.hardKeyboardHidden = 2
V/InputMethodService(  618): onEvaluateInputViewShown: config.hardKeyboardHidden = 2
W/ContextImpl(  480): Calling a method in the system process without a qualified user: android.app.ContextImpl.sendBroadcast:1123 com.android.server.InputMethodManagerService.showCurrentInputLocked:1791 com.android.server.InputMethodManagerService.attachNewInputLocked:1095 com.android.server.InputMethodManagerService.startInputUncheckedLocked:1166 com.android.server.InputMethodManagerService.startInputLocked:1128 
V/FlingTracker(  535): computeCurrentVelocity warning: totalweight=0
V/FlingTracker(  535): java.lang.Throwable
V/FlingTracker(  535): 	at com.android.systemui.statusbar.phone.PanelView$FlingTracker.computeCurrentVelocity(PanelView.java:162)
V/FlingTracker(  535): 	at com.android.systemui.statusbar.phone.PanelView$3.onTouch(PanelView.java:462)
V/FlingTracker(  535): 	at android.view.View.dispatchTouchEvent(View.java:7701)
V/FlingTracker(  535): 	at com.android.systemui.statusbar.phone.NotificationPanelView.onTouchEvent(NotificationPanelView.java:138)
V/FlingTracker(  535): 	at com.android.systemui.statusbar.phone.PanelBar.onTouchEvent(PanelBar.java:130)
V/FlingTracker(  535): 	at com.android.systemui.statusbar.phone.PhoneStatusBarView.onTouchEvent(PhoneStatusBarView.java:201)
V/FlingTracker(  535): 	at android.view.View.dispatchTouchEvent(View.java:7706)
V/FlingTracker(  535): 	at android.view.ViewGroup.dispatchTransformedTouchEvent(ViewGroup.java:2210)
V/FlingTracker(  535): 	at android.view.ViewGroup.dispatchTouchEvent(ViewGroup.java:1945)
V/FlingTracker(  535): 	at android.view.ViewGroup.dispatchTransformedTouchEvent(ViewGroup.java:2216)
V/FlingTracker(  535): 	at android.view.ViewGroup.dispatchTouchEvent(ViewGroup.java:1959)
V/FlingTracker(  535): 	at android.view.View.dispatchPointerEvent(View.java:7886)
V/FlingTracker(  535): 	at android.view.ViewRootImpl$ViewPostImeInputStage.processPointerEvent(ViewRootImpl.java:3978)
V/FlingTracker(  535): 	at android.view.ViewRootImpl$ViewPostImeInputStage.onProcess(ViewRootImpl.java:3857)
V/FlingTracker(  535): 	at android.view.ViewRootImpl$InputStage.deliver(ViewRootImpl.java:3423)
V/FlingTracker(  535): 	at android.view.ViewRootImpl$InputStage.onDeliverToNext(ViewRootImpl.java:3473)
V/FlingTracker(  535): 	at android.view.ViewRootImpl$InputStage.forward(ViewRootImpl.java:3442)
V/FlingTracker(  535): 	at android.view.ViewRootImpl$AsyncInputStage.forward(ViewRootImpl.java:3549)
V/FlingTracker(  535): 	at android.view.ViewRootImpl$InputStage.apply(ViewRootImpl.java:3450)
V/FlingTracker(  535): 	at android.view.ViewRootImpl$AsyncInputStage.apply(ViewRootImpl.java:3606)
V/FlingTracker(  535): 	at android.view.ViewRootImpl$InputStage.deliver(ViewRootImpl.java:3423)
V/FlingTracker(  535): 	at android.view.ViewRootImpl$InputStage.onDeliverToNext(ViewRootImpl.java:3473)
V/FlingTracker(  535): 	at android.view.ViewRootImpl$InputStage.forward(ViewRootImpl.java:3442)
V/FlingTracker(  535): 	at android.view.ViewRootImpl$InputStage.apply(ViewRootImpl.java:3450)
V/FlingTracker(  535): 	at android.view.ViewRootImpl$InputStage.deliver(ViewRootImpl.java:3423)
V/FlingTracker(  535): 	at android.view.ViewRootImpl.deliverInputEvent(ViewRootImpl.java:5626)
V/FlingTracker(  535): 	at android.view.ViewRootImpl.doProcessInputEvents(ViewRootImpl.java:5606)
V/FlingTracker(  535): 	at android.view.ViewRootImpl.enqueueInputEvent(ViewRootImpl.java:5577)
V/FlingTracker(  535): 	at android.view.ViewRootImpl$WindowInputEventReceiver.onInputEvent(ViewRootImpl.java:5706)
V/FlingTracker(  535): 	at android.view.InputEventReceiver.dispatchInputEvent(InputEventReceiver.java:185)
V/FlingTracker(  535): 	at android.os.MessageQueue.nativePollOnce(Native Method)
V/FlingTracker(  535): 	at android.os.MessageQueue.next(MessageQueue.java:138)
V/FlingTracker(  535): 	at android.os.Looper.loop(Looper.java:123)
V/FlingTracker(  535): 	at android.app.ActivityThread.main(ActivityThread.java:5019)
V/FlingTracker(  535): 	at java.lang.reflect.Method.invokeNative(Native Method)
V/FlingTracker(  535): 	at java.lang.reflect.Method.invoke(Method.java:515)
V/FlingTracker(  535): 	at com.android.internal.os.ZygoteInit$MethodAndArgsCaller.run(ZygoteInit.java:779)
V/FlingTracker(  535): 	at com.android.internal.os.ZygoteInit.main(ZygoteInit.java:595)
V/FlingTracker(  535): 	at dalvik.system.NativeStart.main(Native Method)
V/PanelView(  535): animationTick called with dtms=0; nothing to do (h=0.0 v=0.0)
V/PanelView(  535): animationTick called with dtms=0; nothing to do (h=0.0 v=0.0)
W/ContextImpl(  480): Calling a method in the system process without a qualified user: android.app.ContextImpl.sendBroadcast:1123 com.android.server.InputMethodManagerService.showCurrentInputLocked:1791 com.android.server.InputMethodManagerService.attachNewInputLocked:1095 com.android.server.InputMethodManagerService.startInputUncheckedLocked:1166 com.android.server.InputMethodManagerService.startInputLocked:1128 
W/ContextImpl(  480): Calling a method in the system process without a qualified user: android.app.ContextImpl.sendBroadcast:1123 com.android.server.InputMethodManagerService.showCurrentInputLocked:1791 com.android.server.InputMethodManagerService.attachNewInputLocked:1095 com.android.server.InputMethodManagerService.startInputUncheckedLocked:1166 com.android.server.InputMethodManagerService.startInputLocked:1128 
W/ContextImpl(  480): Calling a method in the system process without a qualified user: android.app.ContextImpl.sendBroadcast:1123 com.android.server.InputMethodManagerService.showCurrentInputLocked:1791 com.android.server.InputMethodManagerService.attachNewInputLocked:1095 com.android.server.InputMethodManagerService.startInputUncheckedLocked:1166 com.android.server.InputMethodManagerService.startInputLocked:1128 
W/IInputConnectionWrapper(22093): getCursorCapsMode on inactive InputConnection
V/InputMethodService(  618): onEvaluateInputViewShown: config.hardKeyboardHidden = 2
V/InputMethodService(  618): onEvaluateInputViewShown: config.hardKeyboardHidden = 2
W/IInputConnectionWrapper(22093): getCursorCapsMode on inactive InputConnection
V/InputMethodService(  618): onEvaluateInputViewShown: config.hardKeyboardHidden = 2
V/InputMethodService(  618): onEvaluateInputViewShown: config.hardKeyboardHidden = 2
V/InputMethodService(  618): onEvaluateInputViewShown: config.hardKeyboardHidden = 2
V/InputMethodService(  618): onEvaluateInputViewShown: config.hardKeyboardHidden = 2
W/ContextImpl(  480): Calling a method in the system process without a qualified user: android.app.ContextImpl.sendBroadcast:1123 com.android.server.InputMethodManagerService.showCurrentInputLocked:1791 com.android.server.InputMethodManagerService.attachNewInputLocked:1095 com.android.server.InputMethodManagerService.startInputUncheckedLocked:1166 com.android.server.InputMethodManagerService.startInputLocked:1128 
W/EGL_emulation(22093): eglSurfaceAttrib not implemented 3093 12436
V/InputMethodService(  618): onEvaluateInputViewShown: config.hardKeyboardHidden = 2
V/InputMethodService(  618): onEvaluateInputViewShown: config.hardKeyboardHidden = 2
I/ActivityManager(  480): START u0 {act=android.intent.action.MAIN cat=[android.intent.category.HOME] flg=0x10200000 cmp=com.vphone.launcher/.Launcher} from pid 480
V/InputMethodService(  618): onEvaluateInputViewShown: config.hardKeyboardHidden = 2
V/InputMethodService(  618): onEvaluateInputViewShown: config.hardKeyboardHidden = 2
W/ContextImpl(  480): Calling a method in the system process without a qualified user: android.app.ContextImpl.sendBroadcast:1123 com.android.server.InputMethodManagerService.showCurrentInputLocked:1791 com.android.server.InputMethodManagerService.attachNewInputLocked:1095 com.android.server.InputMethodManagerService.startInputUncheckedLocked:1166 com.android.server.InputMethodManagerService.startInputLocked:1128 
W/ViewRootImpl(22093): Dropping event due to no window focus: KeyEvent { action=ACTION_DOWN, keyCode=KEYCODE_DPAD_UP, scanCode=0, metaState=0, flags=0x8, repeatCount=0, eventTime=1551029, downTime=1551029, deviceId=-1, source=0x101 }
W/EGL_emulation(22093): eglSurfaceAttrib not implemented 3093 12436
W/ViewRootImpl(22093): Dropping event due to no window focus: KeyEvent { action=ACTION_DOWN, keyCode=KEYCODE_DPAD_CENTER, scanCode=0, metaState=0, flags=0x8, repeatCount=0, eventTime=1551051, downTime=1551051, deviceId=-1, source=0x101 }
W/ContextImpl(  480): Calling a method in the system process without a qualified user: android.app.ContextImpl.sendBroadcast:1123 com.android.server.InputMethodManagerService.hideCurrentInputLocked:1880 com.android.server.InputMethodManagerService.windowGainedFocus:1968 com.android.internal.view.IInputMethodManager$Stub.onTransact:221 com.android.server.InputMethodManagerService.onTransact:818 
W/InputEventReceiver(22093): Attempted to finish an input event but the input event receiver has already been disposed.
W/ViewRootImpl(22093): Dropping event due to no window focus: KeyEvent { action=ACTION_DOWN, keyCode=KEYCODE_DPAD_UP, scanCode=0, metaState=0, flags=0x8, repeatCount=0, eventTime=1551128, downTime=1551128, deviceId=-1, source=0x101 }
W/ContextImpl(  480): Calling a method in the system process without a qualified user: android.app.ContextImpl.sendBroadcast:1123 com.android.server.InputMethodManagerService.hideCurrentInputLocked:1880 com.android.server.InputMethodManagerService.windowGainedFocus:1968 com.android.internal.view.IInputMethodManager$Stub.onTransact:221 com.android.server.InputMethodManagerService.onTransact:818 
I/ActivityManager(  480): START u0 {act=SSO_WITH_FALLBACK cmp=com.singlesaroundme.android/com.facebook.LoginActivity (has extras)} from pid 22093
E/ActivityThread(22093): Failed to find provider info for com.facebook.katana.provider.PlatformProvider
E/ActivityThread(22093): Failed to find provider info for com.facebook.wakizashi.provider.PlatformProvider
W/ViewRootImpl(22093): Dropping event due to no window focus: KeyEvent { action=ACTION_DOWN, keyCode=KEYCODE_BUTTON_15, scanCode=0, metaState=0, flags=0x8, repeatCount=0, eventTime=1551168, downTime=1551168, deviceId=-1, source=0x101 }
W/EGL_emulation(22093): eglSurfaceAttrib not implemented 3093 12436
W/EGL_emulation(22093): eglSurfaceAttrib not implemented 3093 12436
W/ViewRootImpl(22093): Dropping event due to no window focus: KeyEvent { action=ACTION_DOWN, keyCode=KEYCODE_DPAD_CENTER, scanCode=0, metaState=0, flags=0x8, repeatCount=0, eventTime=1551168, downTime=1551168, deviceId=-1, source=0x101 }
W/ContextImpl(  480): Calling a method in the system process without a qualified user: android.app.ContextImpl.sendBroadcast:1123 com.android.server.InputMethodManagerService.hideCurrentInputLocked:1880 com.android.server.InputMethodManagerService.windowGainedFocus:1968 com.android.internal.view.IInputMethodManager$Stub.onTransact:221 com.android.server.InputMethodManagerService.onTransact:818 
I/ActivityManager(  480): Displayed com.singlesaroundme.android/com.facebook.LoginActivity: +115ms
W/ViewRootImpl(22093): Dropping event due to no window focus: KeyEvent { action=ACTION_DOWN, keyCode=KEYCODE_DPAD_DOWN, scanCode=0, metaState=0, flags=0x8, repeatCount=0, eventTime=1551434, downTime=1551434, deviceId=-1, source=0x101 }
W/EGL_emulation(22093): eglSurfaceAttrib not implemented 3093 12436
W/ViewRootImpl(22093): Dropping event due to no window focus: KeyEvent { action=ACTION_DOWN, keyCode=KEYCODE_DPAD_DOWN, scanCode=0, metaState=0, flags=0x8, repeatCount=0, eventTime=1551439, downTime=1551439, deviceId=-1, source=0x101 }
W/ViewRootImpl(22093): Dropping event due to no window focus: KeyEvent { action=ACTION_DOWN, keyCode=KEYCODE_DPAD_DOWN, scanCode=0, metaState=0, flags=0x8, repeatCount=0, eventTime=1551462, downTime=1551462, deviceId=-1, source=0x101 }
W/ViewRootImpl(22093): Dropping event due to no window focus: KeyEvent { action=ACTION_DOWN, keyCode=KEYCODE_DPAD_DOWN, scanCode=0, metaState=0, flags=0x8, repeatCount=0, eventTime=1551463, downTime=1551463, deviceId=-1, source=0x101 }
I/InputDispatcher(  480): Dropped event because of pending overdue app switch.
W/InputManager(  480): Input event injection from pid 22083 failed.
W/InputEventReceiver(22093): Attempted to finish an input event but the input event receiver has already been disposed.
W/InputEventReceiver(22093): Attempted to finish an input event but the input event receiver has already been disposed.
W/InputEventReceiver(22093): Attempted to finish an input event but the input event receiver has already been disposed.
W/ViewRootImpl(22093): Dropping event due to root view being removed: MotionEvent { action=ACTION_DOWN, id[0]=0, x[0]=-232.0, y[0]=10.0, toolType[0]=TOOL_TYPE_UNKNOWN, buttonState=0, metaState=0, flags=0x0, edgeFlags=0x0, pointerCount=1, historySize=0, eventTime=1551485, downTime=1551485, deviceId=0, source=0x1002 }
W/ViewRootImpl(22093): Dropping event due to root view being removed: MotionEvent { action=ACTION_UP, id[0]=0, x[0]=-228.98175, y[0]=22.051514, toolType[0]=TOOL_TYPE_UNKNOWN, buttonState=0, metaState=0, flags=0x0, edgeFlags=0x0, pointerCount=1, historySize=0, eventTime=1551485, downTime=1551485, deviceId=0, source=0x1002 }
W/EGL_emulation(22093): eglSurfaceAttrib not implemented 3093 12436
W/ContextImpl(  480): Calling a method in the system process without a qualified user: android.app.ContextImpl.sendBroadcast:1123 com.android.server.InputMethodManagerService.hideCurrentInputLocked:1880 com.android.server.InputMethodManagerService.windowGainedFocus:1968 com.android.internal.view.IInputMethodManager$Stub.onTransact:221 com.android.server.InputMethodManagerService.onTransact:818 
W/DynamiteModule(22093): Local module descriptor class for com.google.android.gms.googlecertificates not found.
W/IInputConnectionWrapper(22093): getCursorCapsMode on inactive InputConnection
I/DynamiteModule(22093): Considering local module com.google.android.gms.googlecertificates:0 and remote module com.google.android.gms.googlecertificates:4
I/DynamiteModule(22093): Selected remote version of com.google.android.gms.googlecertificates, version >= 4
I/dalvikvm(22093): Could not find method android.content.ContextWrapper.createCredentialProtectedStorageContext, referenced from method ar.createCredentialProtectedStorageContext
W/dalvikvm(22093): VFY: unable to resolve virtual method 102: Landroid/content/ContextWrapper;.createCredentialProtectedStorageContext ()Landroid/content/Context;
D/dalvikvm(22093): VFY: replacing opcode 0x6f at 0x0002
I/dalvikvm(22093): Could not find method android.content.ContextWrapper.createDeviceProtectedStorageContext, referenced from method ar.createDeviceProtectedStorageContext
W/dalvikvm(22093): VFY: unable to resolve virtual method 103: Landroid/content/ContextWrapper;.createDeviceProtectedStorageContext ()Landroid/content/Context;
D/dalvikvm(22093): VFY: replacing opcode 0x6f at 0x0002
I/dalvikvm(22093): Could not find method o.createCredentialProtectedStorageContext, referenced from method p.createCredentialProtectedStorageContext
W/dalvikvm(22093): VFY: unable to resolve virtual method 725: Lo;.createCredentialProtectedStorageContext ()Landroid/content/Context;
D/dalvikvm(22093): VFY: replacing opcode 0x6f at 0x0002
I/dalvikvm(22093): Could not find method o.createDeviceProtectedStorageContext, referenced from method p.createDeviceProtectedStorageContext
W/dalvikvm(22093): VFY: unable to resolve virtual method 726: Lo;.createDeviceProtectedStorageContext ()Landroid/content/Context;
D/dalvikvm(22093): VFY: replacing opcode 0x6f at 0x0002
D/dalvikvm(22093): DexOpt: couldn't find static field Landroid/os/Build;.SUPPORTED_64_BIT_ABIS
W/dalvikvm(22093): VFY: unable to resolve static field 58 (SUPPORTED_64_BIT_ABIS) in Landroid/os/Build;
D/dalvikvm(22093): VFY: replacing opcode 0x62 at 0x0012
D/dalvikvm(22093): DexOpt: couldn't find static field Landroid/os/Build;.SUPPORTED_32_BIT_ABIS
W/dalvikvm(22093): VFY: unable to resolve static field 57 (SUPPORTED_32_BIT_ABIS) in Landroid/os/Build;
D/dalvikvm(22093): VFY: replacing opcode 0x62 at 0x0021
D/dalvikvm(22093): DexOpt: couldn't find static field Landroid/os/Build;.SUPPORTED_64_BIT_ABIS
W/dalvikvm(22093): VFY: unable to resolve static field 58 (SUPPORTED_64_BIT_ABIS) in Landroid/os/Build;
D/dalvikvm(22093): VFY: replacing opcode 0x62 at 0x0008
D/dalvikvm(22093): DexOpt: couldn't find static field Landroid/os/Build;.SUPPORTED_64_BIT_ABIS
I/dalvikvm(22093): DexOpt: unable to optimize static field ref 0x003a at 0x17 in Lak;.a
D/dalvikvm(22093): DexOpt: couldn't find static field Landroid/os/Build;.SUPPORTED_32_BIT_ABIS
I/dalvikvm(22093): DexOpt: unable to optimize static field ref 0x0039 at 0x26 in Lak;.a
D/dalvikvm(22093): DexOpt: couldn't find static field Landroid/os/Build;.SUPPORTED_64_BIT_ABIS
I/dalvikvm(22093): DexOpt: unable to optimize static field ref 0x003a at 0x0d in Lak;.b
W/IInputConnectionWrapper(22093): getCursorCapsMode on inactive InputConnection
W/ViewRootImpl(22093): Dropping event due to no window focus: KeyEvent { action=ACTION_DOWN, keyCode=KEYCODE_DPAD_LEFT, scanCode=0, metaState=0, flags=0x8, repeatCount=0, eventTime=1551715, downTime=1551715, deviceId=-1, source=0x101 }
W/ViewRootImpl(22093): Dropping event due to no window focus: MotionEvent { action=ACTION_MOVE, id[0]=0, x[0]=-2.0, y[0]=-3.0, toolType[0]=TOOL_TYPE_UNKNOWN, buttonState=0, metaState=0, flags=0x0, edgeFlags=0x0, pointerCount=1, historySize=9, eventTime=1551731, downTime=-1, deviceId=0, source=0x10004 }
W/ViewRootImpl(22093): Dropping event due to no window focus: MotionEvent { action=ACTION_DOWN, id[0]=0, x[0]=0.0, y[0]=0.0, toolType[0]=TOOL_TYPE_UNKNOWN, buttonState=0, metaState=0, flags=0x0, edgeFlags=0x0, pointerCount=1, historySize=0, eventTime=1551731, downTime=1551730, deviceId=0, source=0x10004 }
W/ViewRootImpl(22093): Dropping event due to no window focus: KeyEvent { action=ACTION_DOWN, keyCode=KEYCODE_F2, scanCode=0, metaState=0, flags=0x8, repeatCount=0, eventTime=1551732, downTime=1551732, deviceId=-1, source=0x101 }
W/EGL_emulation(22093): eglSurfaceAttrib not implemented 3093 12436
W/ViewRootImpl(22093): Dropping event due to no window focus: KeyEvent { action=ACTION_DOWN, keyCode=KEYCODE_DPAD_LEFT, scanCode=0, metaState=0, flags=0x8, repeatCount=0, eventTime=1551733, downTime=1551733, deviceId=-1, source=0x101 }
W/ContextImpl(  480): Calling a method in the system process without a qualified user: android.app.ContextImpl.sendBroadcast:1123 com.android.server.InputMethodManagerService.hideCurrentInputLocked:1880 com.android.server.InputMethodManagerService.windowGainedFocus:1968 com.android.internal.view.IInputMethodManager$Stub.onTransact:221 com.android.server.InputMethodManagerService.onTransact:818 
W/EGL_emulation(22093): eglSurfaceAttrib not implemented 3093 12436
W/ViewRootImpl(22093): Dropping event due to no window focus: KeyEvent { action=ACTION_DOWN, keyCode=KEYCODE_DPAD_UP, scanCode=0, metaState=0, flags=0x8, repeatCount=0, eventTime=1551776, downTime=1551776, deviceId=-1, source=0x101 }
W/ContextImpl(  480): Calling a method in the system process without a qualified user: android.app.ContextImpl.sendBroadcast:1123 com.android.server.InputMethodManagerService.hideCurrentInputLocked:1880 com.android.server.InputMethodManagerService.windowGainedFocus:1968 com.android.internal.view.IInputMethodManager$Stub.onTransact:221 com.android.server.InputMethodManagerService.onTransact:818 
W/InputEventReceiver(22093): Attempted to finish an input event but the input event receiver has already been disposed.
