D/dalvikvm(20026): Trying to load lib /data/data/sg.bigo.live/app_lib_ext/libautotoucher.so 0x94f92af0
D/dalvikvm(20026): Added shared lib /data/data/sg.bigo.live/app_lib_ext/libautotoucher.so 0x94f92af0
D/dalvikvm(20026): No JNI_OnLoad found in /data/data/sg.bigo.live/app_lib_ext/libautotoucher.so 0x94f92af0, skipping init
D/dalvikvm(20026): Trying to load lib /data/data/sg.bigo.live/app_lib_ext/libyycommonlib.so 0x94f92af0
D/dalvikvm(20026): Shared lib '/data/data/sg.bigo.live/app_lib_ext/libyycommonlib.so' already loaded in same CL 0x94f92af0
D/dalvikvm(20026): Trying to load lib /data/data/sg.bigo.live/app_lib_ext/libRecorderSdk.so 0x94f92af0
D/dalvikvm(20026): Shared lib '/data/data/sg.bigo.live/app_lib_ext/libRecorderSdk.so' already loaded in same CL 0x94f92af0
D/dalvikvm(20026): Trying to load lib /data/data/sg.bigo.live/app_lib_ext/libvideosdk.so 0x94f92af0
D/dalvikvm(20026): Added shared lib /data/data/sg.bigo.live/app_lib_ext/libvideosdk.so 0x94f92af0
D/dalvikvm(20026): No JNI_OnLoad found in /data/data/sg.bigo.live/app_lib_ext/libvideosdk.so 0x94f92af0, skipping init
D/dalvikvm(20026): Trying to load lib /data/data/sg.bigo.live/app_lib_ext/libnewvideo.so 0x94f92af0
D/dalvikvm(20026): Added shared lib /data/data/sg.bigo.live/app_lib_ext/libnewvideo.so 0x94f92af0
I/System.out(20026): body:<com.appsflyer.u: void z(java.net.URL,java.lang.String,java.lang.String,java.lang.ref.WeakReference,java.lang.String,boolean)>	sig:$r14 = virtualinvoke $r10.<java.net.HttpURLConnection: java.io.OutputStream getOutputStream()>()	timediff:427
W/NetworkManagementSocketTagger(  469): setKernelCountSet(10007, 0) failed with errno -13
D/dalvikvm(20026): GC_FOR_ALLOC freed 793K, 11% free 8648K/9708K, paused 5ms, total 5ms
I/System.out(20026): body:<com.appsflyer.u: void z(java.net.URL,java.lang.String,java.lang.String,java.lang.ref.WeakReference,java.lang.String,boolean)>	sig:$i0 = virtualinvoke $r10.<java.net.HttpURLConnection: int getResponseCode()>()	timediff:136
D/AppsFlyer_4.4.0(20026): response code: 200
I/System.out(20026): body:<com.appsflyer.u: void z(java.net.URL,java.lang.String,java.lang.String,java.lang.ref.WeakReference,java.lang.String,boolean)>	sig:virtualinvoke $r10.<java.net.HttpURLConnection: void disconnect()>()	timediff:0
D/dalvikvm(20026): GC_CONCURRENT freed 936K, 10% free 9653K/10688K, paused 2ms+1ms, total 6ms
W/DebugConnManager(20119): getNetworkInfo() on networkType 0
W/DebugConnManager(20119): getNetworkInfo() on networkType 1
W/DebugConnManager(20119): getNetworkInfo() on networkType 0
W/DebugConnManager(20119): getNetworkInfo() on networkType 1
I/ActivityManager(  469): START u0 {act=android.intent.action.MAIN cat=[android.intent.category.LAUNCHER] flg=0x10200000 cmp=sg.bigo.live/com.yy.iheima.startup.SplashActivity} from pid 20016
I/ActivityManager(  469): START u0 {act=android.intent.action.MAIN cat=[android.intent.category.LAUNCHER] flg=0x10200000 cmp=sg.bigo.live/com.yy.iheima.startup.SplashActivity} from pid 20016
W/ViewRootImpl(20026): Dropping event due to no window focus: KeyEvent { action=ACTION_DOWN, keyCode=KEYCODE_MANNER_MODE, scanCode=0, metaState=0, flags=0x8, repeatCount=0, eventTime=1301807, downTime=1301807, deviceId=-1, source=0x101 }
W/ViewRootImpl(20026): Dropping event due to no window focus: KeyEvent { action=ACTION_DOWN, keyCode=KEYCODE_BUTTON_L2, scanCode=0, metaState=0, flags=0x8, repeatCount=0, eventTime=1301809, downTime=1301809, deviceId=-1, source=0x101 }
I/ActivityManager(  469): START u0 {act=android.intent.action.MAIN cat=[android.intent.category.LAUNCHER] flg=0x10200000 cmp=sg.bigo.live/com.yy.iheima.startup.SplashActivity} from pid 20016
W/ViewRootImpl(20026): Dropping event due to no window focus: KeyEvent { action=ACTION_DOWN, keyCode=KEYCODE_MENU, scanCode=0, metaState=0, flags=0x8, repeatCount=0, eventTime=1301810, downTime=1301810, deviceId=-1, source=0x101 }
W/ViewRootImpl(20026): Dropping event due to no window focus: MotionEvent { action=ACTION_MOVE, id[0]=0, x[0]=-5.0, y[0]=1.0, toolType[0]=TOOL_TYPE_UNKNOWN, buttonState=0, metaState=0, flags=0x0, edgeFlags=0x0, pointerCount=1, historySize=19, eventTime=1301818, downTime=-1, deviceId=0, source=0x10004 }
W/ViewRootImpl(20026): Dropping event due to no window focus: MotionEvent { action=ACTION_DOWN, id[0]=0, x[0]=0.0, y[0]=0.0, toolType[0]=TOOL_TYPE_UNKNOWN, buttonState=0, metaState=0, flags=0x0, edgeFlags=0x0, pointerCount=1, historySize=0, eventTime=1301818, downTime=1301815, deviceId=0, source=0x10004 }
W/InputMethodManagerService(  469): Window already focused, ignoring focus gain of: com.android.internal.view.IInputMethodClient$Stub$Proxy@4a979e3c attribute=null, token = android.os.BinderProxy@4af6c184
I/ActivityManager(  469): START u0 {act=android.intent.action.MAIN cat=[android.intent.category.LAUNCHER] flg=0x10200000 cmp=sg.bigo.live/com.yy.iheima.startup.SplashActivity} from pid 20016
I/ActivityManager(  469): START u0 {act=android.intent.action.CALL_BUTTON flg=0x10000000} from pid 20026
W/PhoneFallbackEventHandler(20026): No activity found for android.intent.action.CALL_BUTTON.
I/ActivityManager(  469): START u0 {act=android.intent.action.MAIN cat=[android.intent.category.LAUNCHER] flg=0x10200000 cmp=sg.bigo.live/com.yy.iheima.startup.SplashActivity} from pid 20016
D/dalvikvm(20026): GC_CONCURRENT freed 1639K, 15% free 10178K/11920K, paused 3ms+2ms, total 10ms
I/dalvikvm(20050): Could not find method android.app.Activity.checkSelfPermission, referenced from method sg.bigo.live.d.w.z
W/dalvikvm(20050): VFY: unable to resolve virtual method 77: Landroid/app/Activity;.checkSelfPermission (Ljava/lang/String;)I
D/dalvikvm(20050): VFY: replacing opcode 0x6e at 0x000b
W/GCoreFlp(  620): No location to return for getLastLocation()
W/GCoreFlp(  620): No location to return for getLastLocation()
I/ActivityManager(  469): START u0 {act=android.intent.action.MAIN cat=[android.intent.category.LAUNCHER] flg=0x10200000 cmp=sg.bigo.live/com.yy.iheima.startup.SplashActivity} from pid 20016
W/ResourceType(20026): Failure getting entry for 0x7f050000 (t=4 e=0) in package 0 (error -75)
W/PackageManager(20026): Failure retrieving text 0x7f050000 in package com.android.keyguard
W/PackageManager(20026): android.content.res.Resources$NotFoundException: String resource ID #0x7f050000
W/PackageManager(20026): 	at android.content.res.Resources.getText(Resources.java:244)
W/PackageManager(20026): 	at android.app.ApplicationPackageManager.getText(ApplicationPackageManager.java:1008)
W/PackageManager(20026): 	at android.content.pm.PackageItemInfo.loadLabel(PackageItemInfo.java:115)
W/PackageManager(20026): 	at android.app.ApplicationPackageManager.getApplicationLabel(ApplicationPackageManager.java:1052)
W/PackageManager(20026): 	at com.yy.hiidostatis.defs.z.z.z(AppAnalyzeController.java:303)
W/PackageManager(20026): 	at com.yy.hiidostatis.defs.z.y.run(AppAnalyzeController.java:101)
W/PackageManager(20026): 	at java.util.concurrent.ThreadPoolExecutor.runWorker(ThreadPoolExecutor.java:1112)
W/PackageManager(20026): 	at java.util.concurrent.ThreadPoolExecutor$Worker.run(ThreadPoolExecutor.java:587)
W/PackageManager(20026): 	at java.lang.Thread.run(Thread.java:841)
I/ActivityManager(  469): START u0 {act=android.intent.action.MAIN cat=[android.intent.category.LAUNCHER] flg=0x10200000 cmp=sg.bigo.live/com.yy.iheima.startup.SplashActivity} from pid 20016
D/dalvikvm(  608): GC_CONCURRENT freed 350K, 15% free 3073K/3588K, paused 0ms+0ms, total 2ms
D/dalvikvm(20026): GC_CONCURRENT freed 1893K, 16% free 10678K/12672K, paused 2ms+3ms, total 20ms
I/dalvikvm(20119): Could not find method android.app.Activity.checkSelfPermission, referenced from method sg.bigo.live.d.w.z
W/dalvikvm(20119): VFY: unable to resolve virtual method 77: Landroid/app/Activity;.checkSelfPermission (Ljava/lang/String;)I
D/dalvikvm(20119): VFY: replacing opcode 0x6e at 0x000b
W/GCoreFlp(  620): No location to return for getLastLocation()
W/GCoreFlp(  620): No location to return for getLastLocation()
I/WearableService(  620): Wearable Services stopping
I/ActivityManager(  469): START u0 {act=android.intent.action.MAIN cat=[android.intent.category.LAUNCHER] flg=0x10200000 cmp=sg.bigo.live/com.yy.iheima.startup.SplashActivity} from pid 20016
I/ActivityManager(  469): START u0 {cmp=sg.bigo.live/.login.LoginActivity} from pid 20026
W/InputManager(  469): Input event injection from pid 20016 failed.
W/InputManager(  469): Input event injection from pid 20016 failed.
W/InputManager(  469): Input event injection from pid 20016 failed.
W/InputManager(  469): Input event injection from pid 20016 failed.
I/System.out(20026): body:<sg.bigo.live.i.z: java.lang.String z(java.lang.String)>	sig:specialinvoke $r3.<java.net.URI: void <init>(java.lang.String)>($r0)	timediff:0
I/System.out(20026): body:<sg.bigo.live.i.z: java.lang.String z(java.lang.String)>	sig:$r2 = virtualinvoke $r3.<java.net.URI: java.lang.String getHost()>()	timediff:0
I/System.out(20026): body:<sg.bigo.live.protocol.u: int x(okhttp3.ah)>	sig:$r4 = virtualinvoke $r1.<okhttp3.ah: java.lang.Object v()>()	timediff:0
W/DebugConnManager(20026): getNetworkInfo() on networkType 0
W/DebugConnManager(20026): getNetworkInfo() on networkType 1
E/yyaudio (20026): [E][owrapper/yyaudio.cpp(718)]:#### yyaudio::getAudioParams() is NULL!
E/yyaudio (20026): [E][ave_file_builder.cpp(057)]:wave file size 147500
E/yyaudio (20026): [E][owrapper/yyaudio.cpp(718)]:#### yyaudio::getAudioParams() is NULL!
E/yyaudio (20026): [E][ave_file_builder.cpp(057)]:wave file size 135212
E/yyaudio (20026): [E][owrapper/yyaudio.cpp(718)]:#### yyaudio::getAudioParams() is NULL!
E/yyaudio (20026): [E][ave_file_builder.cpp(057)]:wave file size 90156
D/dalvikvm(20026): GC_FOR_ALLOC freed 613K, 16% free 10654K/12672K, paused 5ms, total 5ms
I/dalvikvm-heap(20026): Grow heap (frag case) to 11.818MB for 1382412-byte allocation
D/dalvikvm(20026): GC_FOR_ALLOC freed <1K, 15% free 12004K/14024K, paused 7ms, total 7ms
W/EGL_emulation(20026): eglSurfaceAttrib not implemented 3093 12436
W/ViewRootImpl(20026): Dropping event due to no window focus: MotionEvent { action=ACTION_MOVE, id[0]=0, x[0]=-4.0, y[0]=0.0, toolType[0]=TOOL_TYPE_UNKNOWN, buttonState=0, metaState=0, flags=0x0, edgeFlags=0x0, pointerCount=1, historySize=9, eventTime=1302419, downTime=-1, deviceId=0, source=0x10004 }
W/ViewRootImpl(20026): Dropping event due to no window focus: MotionEvent { action=ACTION_DOWN, id[0]=0, x[0]=0.0, y[0]=0.0, toolType[0]=TOOL_TYPE_UNKNOWN, buttonState=0, metaState=0, flags=0x0, edgeFlags=0x0, pointerCount=1, historySize=0, eventTime=1302419, downTime=1302290, deviceId=0, source=0x10004 }
W/ViewRootImpl(20026): Dropping event due to no window focus: KeyEvent { action=ACTION_DOWN, keyCode=KEYCODE_DPAD_RIGHT, scanCode=0, metaState=0, flags=0x8, repeatCount=0, eventTime=1302419, downTime=1302419, deviceId=-1, source=0x101 }
W/ContextImpl(  469): Calling a method in the system process without a qualified user: android.app.ContextImpl.sendBroadcast:1123 com.android.server.InputMethodManagerService.hideCurrentInputLocked:1880 com.android.server.InputMethodManagerService.windowGainedFocus:1968 com.android.internal.view.IInputMethodManager$Stub.onTransact:221 com.android.server.InputMethodManagerService.onTransact:818 
I/ActivityManager(  469): START u0 {act=android.intent.action.MAIN cat=[android.intent.category.LAUNCHER] flg=0x10200000 cmp=sg.bigo.live/com.yy.iheima.startup.SplashActivity} from pid 20016
I/ActivityManager(  469): Displayed sg.bigo.live/.login.LoginActivity: +183ms
W/DebugConnManager(20026): getNetworkInfo() on networkType 0
W/DebugConnManager(20026): getNetworkInfo() on networkType 1
I/ActivityManager(  469): START u0 {act=NATIVE_WITH_FALLBACK cmp=sg.bigo.live/com.facebook.FacebookActivity (has extras)} from pid 20026
V/WebViewChromium(20026): Binding Chromium to the background looper Looper (main, tid 1) {4a7c4f64}
I/chromium(20026): [INFO:library_loader_hooks.cc(112)] Chromium logging enabled: level = 0, default verbosity = 0
I/BrowserProcessMain(20026): Initializing chromium process, renderers=0
W/chromium(20026): [WARNING:proxy_service.cc(888)] PAC support disabled because there is no system implementation
W/ViewRootImpl(20026): Dropping event due to no window focus: KeyEvent { action=ACTION_DOWN, keyCode=KEYCODE_DPAD_UP, scanCode=0, metaState=0, flags=0x8, repeatCount=0, eventTime=1302476, downTime=1302476, deviceId=-1, source=0x101 }
W/ViewRootImpl(20026): Dropping event due to no window focus: KeyEvent { action=ACTION_DOWN, keyCode=KEYCODE_DPAD_LEFT, scanCode=0, metaState=0, flags=0x8, repeatCount=0, eventTime=1302558, downTime=1302558, deviceId=-1, source=0x101 }
W/ViewRootImpl(20026): Dropping event due to no window focus: MotionEvent { action=ACTION_MOVE, id[0]=0, x[0]=4.0, y[0]=-5.0, toolType[0]=TOOL_TYPE_UNKNOWN, buttonState=0, metaState=0, flags=0x0, edgeFlags=0x0, pointerCount=1, historySize=1, eventTime=1302561, downTime=-1, deviceId=0, source=0x10004 }
W/EGL_emulation(20026): eglSurfaceAttrib not implemented 3093 12436
W/EGL_emulation(20026): eglSurfaceAttrib not implemented 3093 12436
W/ContextImpl(  469): Calling a method in the system process without a qualified user: android.app.ContextImpl.sendBroadcast:1123 com.android.server.InputMethodManagerService.hideCurrentInputLocked:1880 com.android.server.InputMethodManagerService.windowGainedFocus:1968 com.android.internal.view.IInputMethodManager$Stub.onTransact:221 com.android.server.InputMethodManagerService.onTransact:818 
I/chromium(20026): [INFO:simple_index_file.cc(397)] Simple Cache Index is being restored from disk.
I/ActivityManager(  469): Displayed sg.bigo.live/com.facebook.FacebookActivity: +180ms
W/ViewRootImpl(20026): Dropping event due to no window focus: KeyEvent { action=ACTION_DOWN, keyCode=KEYCODE_DPAD_RIGHT, scanCode=0, metaState=0, flags=0x8, repeatCount=0, eventTime=1302679, downTime=1302679, deviceId=-1, source=0x101 }
W/ViewRootImpl(20026): Dropping event due to no window focus: KeyEvent { action=ACTION_DOWN, keyCode=KEYCODE_DPAD_CENTER, scanCode=0, metaState=0, flags=0x8, repeatCount=0, eventTime=1302689, downTime=1302689, deviceId=-1, source=0x101 }
W/ViewRootImpl(20026): Dropping event due to no window focus: KeyEvent { action=ACTION_DOWN, keyCode=KEYCODE_MENU, scanCode=0, metaState=0, flags=0x8, repeatCount=0, eventTime=1302690, downTime=1302690, deviceId=-1, source=0x101 }
W/ViewRootImpl(20026): Dropping event due to no window focus: KeyEvent { action=ACTION_DOWN, keyCode=KEYCODE_EISU, scanCode=0, metaState=0, flags=0x8, repeatCount=0, eventTime=1302697, downTime=1302697, deviceId=-1, source=0x101 }
W/EGL_emulation(20026): eglSurfaceAttrib not implemented 3093 12436
D/dalvikvm(20026): GC_CONCURRENT freed 1660K, 12% free 13342K/15104K, paused 2ms+1ms, total 13ms
I/ActivityManager(  469): START u0 {act=android.intent.action.MAIN cat=[android.intent.category.LAUNCHER] flg=0x10200000 cmp=sg.bigo.live/com.yy.iheima.startup.SplashActivity} from pid 20016
I/ActivityManager(  469): START u0 {act=android.intent.action.MAIN cat=[android.intent.category.HOME] flg=0x10200000 cmp=com.vphone.launcher/.Launcher} from pid 469
V/FlingTracker(  529): computeCurrentVelocity warning: totalweight=0
V/FlingTracker(  529): java.lang.Throwable
V/FlingTracker(  529): 	at com.android.systemui.statusbar.phone.PanelView$FlingTracker.computeCurrentVelocity(PanelView.java:162)
V/FlingTracker(  529): 	at com.android.systemui.statusbar.phone.PanelView$3.onTouch(PanelView.java:462)
V/FlingTracker(  529): 	at android.view.View.dispatchTouchEvent(View.java:7701)
V/FlingTracker(  529): 	at com.android.systemui.statusbar.phone.NotificationPanelView.onTouchEvent(NotificationPanelView.java:138)
V/FlingTracker(  529): 	at com.android.systemui.statusbar.phone.PanelBar.onTouchEvent(PanelBar.java:130)
V/FlingTracker(  529): 	at com.android.systemui.statusbar.phone.PhoneStatusBarView.onTouchEvent(PhoneStatusBarView.java:201)
V/FlingTracker(  529): 	at android.view.View.dispatchTouchEvent(View.java:7706)
V/FlingTracker(  529): 	at android.view.ViewGroup.dispatchTransformedTouchEvent(ViewGroup.java:2210)
V/FlingTracker(  529): 	at android.view.ViewGroup.dispatchTouchEvent(ViewGroup.java:1945)
V/FlingTracker(  529): 	at android.view.ViewGroup.dispatchTransformedTouchEvent(ViewGroup.java:2216)
V/FlingTracker(  529): 	at android.view.ViewGroup.dispatchTouchEvent(ViewGroup.java:1959)
V/FlingTracker(  529): 	at android.view.View.dispatchPointerEvent(View.java:7886)
V/FlingTracker(  529): 	at android.view.ViewRootImpl$ViewPostImeInputStage.processPointerEvent(ViewRootImpl.java:3978)
V/FlingTracker(  529): 	at android.view.ViewRootImpl$ViewPostImeInputStage.onProcess(ViewRootImpl.java:3857)
V/FlingTracker(  529): 	at android.view.ViewRootImpl$InputStage.deliver(ViewRootImpl.java:3423)
V/FlingTracker(  529): 	at android.view.ViewRootImpl$InputStage.onDeliverToNext(ViewRootImpl.java:3473)
V/FlingTracker(  529): 	at android.view.ViewRootImpl$InputStage.forward(ViewRootImpl.java:3442)
V/FlingTracker(  529): 	at android.view.ViewRootImpl$AsyncInputStage.forward(ViewRootImpl.java:3549)
V/FlingTracker(  529): 	at android.view.ViewRootImpl$InputStage.apply(ViewRootImpl.java:3450)
V/FlingTracker(  529): 	at android.view.ViewRootImpl$AsyncInputStage.apply(ViewRootImpl.java:3606)
V/FlingTracker(  529): 	at android.view.ViewRootImpl$InputStage.deliver(ViewRootImpl.java:3423)
V/FlingTracker(  529): 	at android.view.ViewRootImpl$InputStage.onDeliverToNext(ViewRootImpl.java:3473)
V/FlingTracker(  529): 	at android.view.ViewRootImpl$InputStage.forward(ViewRootImpl.java:3442)
V/FlingTracker(  529): 	at android.view.ViewRootImpl$InputStage.apply(ViewRootImpl.java:3450)
V/FlingTracker(  529): 	at android.view.ViewRootImpl$InputStage.deliver(ViewRootImpl.java:3423)
V/FlingTracker(  529): 	at android.view.ViewRootImpl.deliverInputEvent(ViewRootImpl.java:5626)
V/FlingTracker(  529): 	at android.view.ViewRootImpl.doProcessInputEvents(ViewRootImpl.java:5606)
V/FlingTracker(  529): 	at android.view.ViewRootImpl.enqueueInputEvent(ViewRootImpl.java:5577)
V/FlingTracker(  529): 	at android.view.ViewRootImpl$WindowInputEventReceiver.onInputEvent(ViewRootImpl.java:5706)
V/FlingTracker(  529): 	at android.view.InputEventReceiver.dispatchInputEvent(InputEventReceiver.java:185)
V/FlingTracker(  529): 	at android.os.MessageQueue.nativePollOnce(Native Method)
V/FlingTracker(  529): 	at android.os.MessageQueue.next(MessageQueue.java:138)
V/FlingTracker(  529): 	at android.os.Looper.loop(Looper.java:123)
V/FlingTracker(  529): 	at android.app.ActivityThread.main(ActivityThread.java:5019)
V/FlingTracker(  529): 	at java.lang.reflect.Method.invokeNative(Native Method)
V/FlingTracker(  529): 	at java.lang.reflect.Method.invoke(Method.java:515)
V/FlingTracker(  529): 	at com.android.internal.os.ZygoteInit$MethodAndArgsCaller.run(ZygoteInit.java:779)
V/FlingTracker(  529): 	at com.android.internal.os.ZygoteInit.main(ZygoteInit.java:595)
V/FlingTracker(  529): 	at dalvik.system.NativeStart.main(Native Method)
V/PanelView(  529): animationTick called with dtms=0; nothing to do (h=0.0 v=0.0)
I/ActivityManager(  469): START u0 {act=android.intent.action.MAIN cat=[android.intent.category.LAUNCHER] flg=0x10200000 cmp=sg.bigo.live/com.yy.iheima.startup.SplashActivity} from pid 20016
I/ActivityManager(  469): START u0 {act=android.intent.action.CALL_BUTTON flg=0x10000000} from pid 20026
W/PhoneFallbackEventHandler(20026): No activity found for android.intent.action.CALL_BUTTON.
I/ActivityManager(  469): START u0 {act=android.intent.action.CALL_BUTTON flg=0x10000000} from pid 20026
W/PhoneFallbackEventHandler(20026): No activity found for android.intent.action.CALL_BUTTON.
I/ActivityManager(  469): START u0 {act=android.intent.action.MAIN cat=[android.intent.category.LAUNCHER] flg=0x10200000 cmp=sg.bigo.live/com.yy.iheima.startup.SplashActivity} from pid 20016
W/DebugConnManager(20119): getNetworkInfo() on networkType 0
W/DebugConnManager(20119): getNetworkInfo() on networkType 1
I/InputDispatcher(  469): Dropped event because of pending overdue app switch.
W/DebugConnManager(20119): getNetworkInfo() on networkType 0
W/DebugConnManager(20119): getNetworkInfo() on networkType 1
W/InputManager(  469): Input event injection from pid 20016 failed.
I/ActivityManager(  469): START u0 {act=android.intent.action.MAIN cat=[android.intent.category.HOME] flg=0x10200000 cmp=com.vphone.launcher/.Launcher} from pid 469
D/dalvikvm(  469): GC_FOR_ALLOC freed 2100K, 51% free 15807K/31768K, paused 14ms, total 14ms
I/ActivityManager(  469): START u0 {act=android.intent.action.MAIN cat=[android.intent.category.LAUNCHER] flg=0x10200000 cmp=sg.bigo.live/com.yy.iheima.startup.SplashActivity} from pid 20016
I/SnapScrollController(20026): setSnapScrollingMode case-default no-op
I/SnapScrollController(20026): setSnapScrollingMode case-default no-op
W/InputMethodManagerService(  469): Window already focused, ignoring focus gain of: com.android.internal.view.IInputMethodClient$Stub$Proxy@4a9fb55c attribute=android.view.inputmethod.EditorInfo@4b05bf64, token = android.os.BinderProxy@4ac98f90
I/chromium(20026): [INFO:async_pixel_transfer_manager_android.cc(56)] Async pixel transfers not supported
I/chromium(20026): [INFO:async_pixel_transfer_manager_android.cc(56)] Async pixel transfers not supported
W/UnimplementedWebViewApi(20026): Unimplemented WebView method onKeyDown called from: android.webkit.WebView.onKeyDown(WebView.java:2169)
W/InputEventReceiver(20026): Attempted to finish an input event but the input event receiver has already been disposed.
W/ContextImpl(  469): Calling a method in the system process without a qualified user: android.app.ContextImpl.sendBroadcast:1123 com.android.server.InputMethodManagerService.hideCurrentInputLocked:1880 com.android.server.InputMethodManagerService.windowGainedFocus:1968 com.android.internal.view.IInputMethodManager$Stub.onTransact:221 com.android.server.InputMethodManagerService.onTransact:818 
E/a       (20026): facebook auth canceled
I/InputDispatcher(  469): Dropped event because of pending overdue app switch.
W/InputManager(  469): Input event injection from pid 20016 failed.
W/DebugConnManager(20026): getNetworkInfo() on networkType 0
W/DebugConnManager(20026): getNetworkInfo() on networkType 1
I/ActivityManager(  469): START u0 {act=NATIVE_WITH_FALLBACK cmp=sg.bigo.live/com.facebook.FacebookActivity (has extras)} from pid 20026
W/ViewRootImpl(20026): Dropping event due to no window focus: KeyEvent { action=ACTION_DOWN, keyCode=KEYCODE_DPAD_CENTER, scanCode=0, metaState=0, flags=0x408, repeatCount=0, eventTime=1303832, downTime=1303832, deviceId=-1, source=0x101 }
I/dalvikvm(20026): Could not find method android.content.Context.getNoBackupFilesDir, referenced from method com.google.android.gms.common.util.zzx.getNoBackupFilesDir
W/dalvikvm(20026): VFY: unable to resolve virtual method 477: Landroid/content/Context;.getNoBackupFilesDir ()Ljava/io/File;
D/dalvikvm(20026): VFY: replacing opcode 0x6e at 0x0006
D/dalvikvm(20050): GC_CONCURRENT freed 376K, 14% free 3162K/3640K, paused 1ms+0ms, total 3ms
W/ViewRootImpl(20026): Dropping event due to no window focus: KeyEvent { action=ACTION_DOWN, keyCode=KEYCODE_DPAD_RIGHT, scanCode=0, metaState=0, flags=0x8, repeatCount=0, eventTime=1303858, downTime=1303858, deviceId=-1, source=0x101 }
W/EGL_emulation(20026): eglSurfaceAttrib not implemented 3093 12436
W/EGL_emulation(20026): eglSurfaceAttrib not implemented 3093 12436
W/ContextImpl(  469): Calling a method in the system process without a qualified user: android.app.ContextImpl.sendBroadcast:1123 com.android.server.InputMethodManagerService.hideCurrentInputLocked:1880 com.android.server.InputMethodManagerService.windowGainedFocus:1968 com.android.internal.view.IInputMethodManager$Stub.onTransact:221 com.android.server.InputMethodManagerService.onTransact:818 
D/dalvikvm(20050): GC_CONCURRENT freed 189K, 11% free 3377K/3760K, paused 3ms+0ms, total 6ms
I/qtaguid (20050): Tagging socket 53 with tag a00400000000(40964) for uid -1 failed errno=-13
I/NetworkManagementSocketTagger(20050): tagSocketFd(53, 40964, -1) failed with errno-13
I/qtaguid (20050): Tagging socket 52 with tag a00400000000(40964) for uid -1 failed errno=-13
I/NetworkManagementSocketTagger(20050): tagSocketFd(52, 40964, -1) failed with errno-13
I/qtaguid (20050): Untagging socket 52 failed errno=-13
W/NetworkManagementSocketTagger(20050): untagSocket(52) failed with errno -13
I/qtaguid (20050): Tagging socket 52 with tag a00400000000(40964) for uid -1 failed errno=-13
I/NetworkManagementSocketTagger(20050): tagSocketFd(52, 40964, -1) failed with errno-13
I/qtaguid (20050): Untagging socket 52 failed errno=-13
W/NetworkManagementSocketTagger(20050): untagSocket(52) failed with errno -13
I/qtaguid (20050): Tagging socket 52 with tag a00400000000(40964) for uid -1 failed errno=-13
I/NetworkManagementSocketTagger(20050): tagSocketFd(52, 40964, -1) failed with errno-13
I/qtaguid (20050): Untagging socket 52 failed errno=-13
W/NetworkManagementSocketTagger(20050): untagSocket(52) failed with errno -13
I/qtaguid (20050): Tagging socket 52 with tag a00400000000(40964) for uid -1 failed errno=-13
I/NetworkManagementSocketTagger(20050): tagSocketFd(52, 40964, -1) failed with errno-13
I/qtaguid (20050): Untagging socket 52 failed errno=-13
W/NetworkManagementSocketTagger(20050): untagSocket(52) failed with errno -13
I/qtaguid (20050): Tagging socket 52 with tag a00400000000(40964) for uid -1 failed errno=-13
I/NetworkManagementSocketTagger(20050): tagSocketFd(52, 40964, -1) failed with errno-13
I/qtaguid (20050): Untagging socket 52 failed errno=-13
W/NetworkManagementSocketTagger(20050): untagSocket(52) failed with errno -13
I/qtaguid (20050): Tagging socket 52 with tag a00400000000(40964) for uid -1 failed errno=-13
I/NetworkManagementSocketTagger(20050): tagSocketFd(52, 40964, -1) failed with errno-13
I/qtaguid (20050): Untagging socket 52 failed errno=-13
W/NetworkManagementSocketTagger(20050): untagSocket(52) failed with errno -13
D/dalvikvm(20050): GC_CONCURRENT freed 419K, 14% free 3395K/3916K, paused 0ms+0ms, total 4ms
I/ActivityManager(  469): Displayed sg.bigo.live/com.facebook.FacebookActivity: +146ms
W/ViewRootImpl(20026): Dropping event due to no window focus: MotionEvent { action=ACTION_MOVE, id[0]=0, x[0]=-5.0, y[0]=-4.0, toolType[0]=TOOL_TYPE_UNKNOWN, buttonState=0, metaState=0, flags=0x0, edgeFlags=0x0, pointerCount=1, historySize=3, eventTime=1304007, downTime=-1, deviceId=0, source=0x10004 }
W/InstanceID/Rpc(20026): Found 10007
I/qtaguid (20026): Tagging socket 162 with tag a00400000000(40964) for uid -1 failed errno=-13
I/NetworkManagementSocketTagger(20026): tagSocketFd(162, 40964, -1) failed with errno-13
W/EGL_emulation(20026): eglSurfaceAttrib not implemented 3093 12436
I/qtaguid (20026): Tagging socket 157 with tag a00400000000(40964) for uid -1 failed errno=-13
I/NetworkManagementSocketTagger(20026): tagSocketFd(157, 40964, -1) failed with errno-13
I/qtaguid (20026): Untagging socket 157 failed errno=-13
W/NetworkManagementSocketTagger(20026): untagSocket(157) failed with errno -13
I/qtaguid (20026): Tagging socket 157 with tag a00400000000(40964) for uid -1 failed errno=-13
I/NetworkManagementSocketTagger(20026): tagSocketFd(157, 40964, -1) failed with errno-13
I/qtaguid (20026): Untagging socket 157 failed errno=-13
W/NetworkManagementSocketTagger(20026): untagSocket(157) failed with errno -13
I/qtaguid (20026): Tagging socket 157 with tag a00400000000(40964) for uid -1 failed errno=-13
I/NetworkManagementSocketTagger(20026): tagSocketFd(157, 40964, -1) failed with errno-13
I/qtaguid (20026): Untagging socket 157 failed errno=-13
W/NetworkManagementSocketTagger(20026): untagSocket(157) failed with errno -13
I/qtaguid (20026): Tagging socket 157 with tag a00400000000(40964) for uid -1 failed errno=-13
I/NetworkManagementSocketTagger(20026): tagSocketFd(157, 40964, -1) failed with errno-13
I/qtaguid (20026): Untagging socket 157 failed errno=-13
W/NetworkManagementSocketTagger(20026): untagSocket(157) failed with errno -13
I/qtaguid (20026): Tagging socket 157 with tag a00400000000(40964) for uid -1 failed errno=-13
I/NetworkManagementSocketTagger(20026): tagSocketFd(157, 40964, -1) failed with errno-13
I/qtaguid (20026): Untagging socket 157 failed errno=-13
W/NetworkManagementSocketTagger(20026): untagSocket(157) failed with errno -13
I/qtaguid (20026): Tagging socket 157 with tag a00400000000(40964) for uid -1 failed errno=-13
I/NetworkManagementSocketTagger(20026): tagSocketFd(157, 40964, -1) failed with errno-13
I/qtaguid (20026): Untagging socket 157 failed errno=-13
W/NetworkManagementSocketTagger(20026): untagSocket(157) failed with errno -13
D/dalvikvm(20026): DexOpt: couldn't find field Landroid/os/Message;.sendingUid
W/dalvikvm(20026): VFY: unable to resolve instance field 283
D/dalvikvm(20026): VFY: replacing opcode 0x52 at 0x0000
W/ViewRootImpl(20026): Dropping event due to no window focus: KeyEvent { action=ACTION_DOWN, keyCode=KEYCODE_CAPS_LOCK, scanCode=0, metaState=0, flags=0x8, repeatCount=0, eventTime=1304007, downTime=1304007, deviceId=-1, source=0x101 }
I/qtaguid (20050): Untagging socket 53 failed errno=-13
W/NetworkManagementSocketTagger(20050): untagSocket(53) failed with errno -13
I/System.out(20026): body:<sg.bigo.live.i.z: java.lang.String z(java.lang.String)>	sig:specialinvoke $r3.<java.net.URI: void <init>(java.lang.String)>($r0)	timediff:0
I/System.out(20026): body:<sg.bigo.live.i.z: java.lang.String z(java.lang.String)>	sig:$r2 = virtualinvoke $r3.<java.net.URI: java.lang.String getHost()>()	timediff:0
I/System.out(20026): body:<sg.bigo.live.protocol.u: int x(okhttp3.ah)>	sig:$r4 = virtualinvoke $r1.<okhttp3.ah: java.lang.Object v()>()	timediff:0
I/qtaguid (20026): Untagging socket 162 failed errno=-13
W/NetworkManagementSocketTagger(20026): untagSocket(162) failed with errno -13
I/qtaguid (20050): Tagging socket 53 with tag a00400000000(40964) for uid -1 failed errno=-13
I/NetworkManagementSocketTagger(20050): tagSocketFd(53, 40964, -1) failed with errno-13
I/qtaguid (20026): Tagging socket 154 with tag a00400000000(40964) for uid -1 failed errno=-13
I/NetworkManagementSocketTagger(20026): tagSocketFd(154, 40964, -1) failed with errno-13
I/qtaguid (20050): Tagging socket 58 with tag a00400000000(40964) for uid -1 failed errno=-13
I/NetworkManagementSocketTagger(20050): tagSocketFd(58, 40964, -1) failed with errno-13
I/qtaguid (20050): Untagging socket 58 failed errno=-13
W/NetworkManagementSocketTagger(20050): untagSocket(58) failed with errno -13
I/qtaguid (20050): Tagging socket 58 with tag a00400000000(40964) for uid -1 failed errno=-13
I/NetworkManagementSocketTagger(20050): tagSocketFd(58, 40964, -1) failed with errno-13
I/qtaguid (20050): Untagging socket 58 failed errno=-13
W/NetworkManagementSocketTagger(20050): untagSocket(58) failed with errno -13
I/qtaguid (20050): Tagging socket 58 with tag a00400000000(40964) for uid -1 failed errno=-13
I/NetworkManagementSocketTagger(20050): tagSocketFd(58, 40964, -1) failed with errno-13
I/qtaguid (20050): Untagging socket 58 failed errno=-13
W/NetworkManagementSocketTagger(20050): untagSocket(58) failed with errno -13
I/qtaguid (20050): Tagging socket 58 with tag a00400000000(40964) for uid -1 failed errno=-13
I/NetworkManagementSocketTagger(20050): tagSocketFd(58, 40964, -1) failed with errno-13
I/qtaguid (20050): Untagging socket 58 failed errno=-13
W/NetworkManagementSocketTagger(20050): untagSocket(58) failed with errno -13
I/qtaguid (20050): Tagging socket 58 with tag a00400000000(40964) for uid -1 failed errno=-13
I/NetworkManagementSocketTagger(20050): tagSocketFd(58, 40964, -1) failed with errno-13
I/qtaguid (20050): Untagging socket 58 failed errno=-13
I/qtaguid (20026): Tagging socket 156 with tag a00400000000(40964) for uid -1 failed errno=-13
I/NetworkManagementSocketTagger(20026): tagSocketFd(156, 40964, -1) failed with errno-13
I/qtaguid (20026): Untagging socket 156 failed errno=-13
W/NetworkManagementSocketTagger(20026): untagSocket(156) failed with errno -13
I/qtaguid (20026): Tagging socket 156 with tag a00400000000(40964) for uid -1 failed errno=-13
I/NetworkManagementSocketTagger(20026): tagSocketFd(156, 40964, -1) failed with errno-13
I/qtaguid (20026): Untagging socket 156 failed errno=-13
W/NetworkManagementSocketTagger(20026): untagSocket(156) failed with errno -13
W/NetworkManagementSocketTagger(20050): untagSocket(58) failed with errno -13
I/qtaguid (20026): Tagging socket 156 with tag a00400000000(40964) for uid -1 failed errno=-13
I/NetworkManagementSocketTagger(20026): tagSocketFd(156, 40964, -1) failed with errno-13
I/qtaguid (20026): Untagging socket 156 failed errno=-13
W/NetworkManagementSocketTagger(20026): untagSocket(156) failed with errno -13
I/qtaguid (20050): Tagging socket 58 with tag a00400000000(40964) for uid -1 failed errno=-13
I/NetworkManagementSocketTagger(20050): tagSocketFd(58, 40964, -1) failed with errno-13
I/qtaguid (20026): Tagging socket 156 with tag a00400000000(40964) for uid -1 failed errno=-13
I/NetworkManagementSocketTagger(20026): tagSocketFd(156, 40964, -1) failed with errno-13
I/qtaguid (20050): Untagging socket 58 failed errno=-13
W/NetworkManagementSocketTagger(20050): untagSocket(58) failed with errno -13
I/qtaguid (20026): Untagging socket 156 failed errno=-13
W/NetworkManagementSocketTagger(20026): untagSocket(156) failed with errno -13
I/qtaguid (20026): Tagging socket 156 with tag a00400000000(40964) for uid -1 failed errno=-13
I/NetworkManagementSocketTagger(20026): tagSocketFd(156, 40964, -1) failed with errno-13
I/qtaguid (20026): Untagging socket 156 failed errno=-13
W/NetworkManagementSocketTagger(20026): untagSocket(156) failed with errno -13
I/qtaguid (20026): Tagging socket 156 with tag a00400000000(40964) for uid -1 failed errno=-13
I/NetworkManagementSocketTagger(20026): tagSocketFd(156, 40964, -1) failed with errno-13
I/qtaguid (20026): Untagging socket 156 failed errno=-13
W/NetworkManagementSocketTagger(20026): untagSocket(156) failed with errno -13
I/qtaguid (  620): Tagging socket 61 with tag 3000040700000000(805307399) for uid -1 failed errno=-13
I/NetworkManagementSocketTagger(  620): tagSocketFd(61, 805307399, -1) failed with errno-13
D/dalvikvm(20119): GC_CONCURRENT freed 254K, 10% free 3527K/3892K, paused 1ms+1ms, total 5ms
D/dalvikvm(20050): GC_CONCURRENT freed 299K, 11% free 3502K/3916K, paused 1ms+0ms, total 4ms
D/dalvikvm(20026): GC_CONCURRENT freed 6613K, 40% free 10244K/16856K, paused 3ms+2ms, total 35ms
I/qtaguid (20050): Untagging socket 53 failed errno=-13
W/NetworkManagementSocketTagger(20050): untagSocket(53) failed with errno -13
I/qtaguid (20026): Untagging socket 154 failed errno=-13
W/NetworkManagementSocketTagger(20026): untagSocket(154) failed with errno -13
V/PanelView(  529): animationTick called with dtms=0; nothing to do (h=0.0 v=-0.0)
I/ActivityManager(  469): START u0 {act=android.intent.action.MAIN cat=[android.intent.category.LAUNCHER] flg=0x10200000 cmp=sg.bigo.live/com.yy.iheima.startup.SplashActivity} from pid 20016
I/ActivityManager(  469): START u0 {act=android.intent.action.MAIN cat=[android.intent.category.LAUNCHER] flg=0x10200000 cmp=sg.bigo.live/com.yy.iheima.startup.SplashActivity} from pid 20016
I/qtaguid (20026): Tagging socket 137 with tag a00400000000(40964) for uid -1 failed errno=-13
I/NetworkManagementSocketTagger(20026): tagSocketFd(137, 40964, -1) failed with errno-13
D/dalvikvm(20119): GC_CONCURRENT freed 260K, 9% free 3680K/4044K, paused 1ms+2ms, total 6ms
I/qtaguid (20119): Tagging socket 58 with tag a00400000000(40964) for uid -1 failed errno=-13
I/NetworkManagementSocketTagger(20119): tagSocketFd(58, 40964, -1) failed with errno-13
I/qtaguid (20119): Tagging socket 60 with tag a00400000000(40964) for uid -1 failed errno=-13
I/NetworkManagementSocketTagger(20119): tagSocketFd(60, 40964, -1) failed with errno-13
I/qtaguid (20119): Untagging socket 60 failed errno=-13
W/NetworkManagementSocketTagger(20119): untagSocket(60) failed with errno -13
I/qtaguid (20119): Tagging socket 60 with tag a00400000000(40964) for uid -1 failed errno=-13
I/NetworkManagementSocketTagger(20119): tagSocketFd(60, 40964, -1) failed with errno-13
I/qtaguid (20119): Untagging socket 60 failed errno=-13
W/NetworkManagementSocketTagger(20119): untagSocket(60) failed with errno -13
I/qtaguid (20119): Tagging socket 60 with tag a00400000000(40964) for uid -1 failed errno=-13
I/NetworkManagementSocketTagger(20119): tagSocketFd(60, 40964, -1) failed with errno-13
I/qtaguid (20119): Untagging socket 60 failed errno=-13
W/NetworkManagementSocketTagger(20119): untagSocket(60) failed with errno -13
I/qtaguid (20119): Tagging socket 60 with tag a00400000000(40964) for uid -1 failed errno=-13
I/NetworkManagementSocketTagger(20119): tagSocketFd(60, 40964, -1) failed with errno-13
I/qtaguid (20119): Untagging socket 60 failed errno=-13
W/NetworkManagementSocketTagger(20119): untagSocket(60) failed with errno -13
I/qtaguid (20119): Tagging socket 60 with tag a00400000000(40964) for uid -1 failed errno=-13
I/NetworkManagementSocketTagger(20119): tagSocketFd(60, 40964, -1) failed with errno-13
I/qtaguid (20119): Untagging socket 60 failed errno=-13
W/NetworkManagementSocketTagger(20119): untagSocket(60) failed with errno -13
I/qtaguid (20119): Tagging socket 60 with tag a00400000000(40964) for uid -1 failed errno=-13
I/NetworkManagementSocketTagger(20119): tagSocketFd(60, 40964, -1) failed with errno-13
I/qtaguid (20119): Untagging socket 60 failed errno=-13
W/NetworkManagementSocketTagger(20119): untagSocket(60) failed with errno -13
V/FlingTracker(  529): computeCurrentVelocity warning: totalweight=0
V/FlingTracker(  529): java.lang.Throwable
V/FlingTracker(  529): 	at com.android.systemui.statusbar.phone.PanelView$FlingTracker.computeCurrentVelocity(PanelView.java:162)
V/FlingTracker(  529): 	at com.android.systemui.statusbar.phone.PanelView$3.onTouch(PanelView.java:462)
V/FlingTracker(  529): 	at android.view.View.dispatchTouchEvent(View.java:7701)
V/FlingTracker(  529): 	at com.android.systemui.statusbar.phone.NotificationPanelView.onTouchEvent(NotificationPanelView.java:138)
V/FlingTracker(  529): 	at com.android.systemui.statusbar.phone.PanelBar.onTouchEvent(PanelBar.java:130)
V/FlingTracker(  529): 	at com.android.systemui.statusbar.phone.PhoneStatusBarView.onTouchEvent(PhoneStatusBarView.java:201)
V/FlingTracker(  529): 	at android.view.View.dispatchTouchEvent(View.java:7706)
V/FlingTracker(  529): 	at android.view.ViewGroup.dispatchTransformedTouchEvent(ViewGroup.java:2210)
V/FlingTracker(  529): 	at android.view.ViewGroup.dispatchTouchEvent(ViewGroup.java:1945)
V/FlingTracker(  529): 	at android.view.ViewGroup.dispatchTransformedTouchEvent(ViewGroup.java:2216)
V/FlingTracker(  529): 	at android.view.ViewGroup.dispatchTouchEvent(ViewGroup.java:1959)
V/FlingTracker(  529): 	at android.view.View.dispatchPointerEvent(View.java:7886)
V/FlingTracker(  529): 	at android.view.ViewRootImpl$ViewPostImeInputStage.processPointerEvent(ViewRootImpl.java:3978)
V/FlingTracker(  529): 	at android.view.ViewRootImpl$ViewPostImeInputStage.onProcess(ViewRootImpl.java:3857)
V/FlingTracker(  529): 	at android.view.ViewRootImpl$InputStage.deliver(ViewRootImpl.java:3423)
V/FlingTracker(  529): 	at android.view.ViewRootImpl$InputStage.onDeliverToNext(ViewRootImpl.java:3473)
V/FlingTracker(  529): 	at android.view.ViewRootImpl$InputStage.forward(ViewRootImpl.java:3442)
V/FlingTracker(  529): 	at android.view.ViewRootImpl$AsyncInputStage.forward(ViewRootImpl.java:3549)
V/FlingTracker(  529): 	at android.view.ViewRootImpl$InputStage.apply(ViewRootImpl.java:3450)
V/FlingTracker(  529): 	at android.view.ViewRootImpl$AsyncInputStage.apply(ViewRootImpl.java:3606)
V/FlingTracker(  529): 	at android.view.ViewRootImpl$InputStage.deliver(ViewRootImpl.java:3423)
V/FlingTracker(  529): 	at android.view.ViewRootImpl$InputStage.onDeliverToNext(ViewRootImpl.java:3473)
V/FlingTracker(  529): 	at android.view.ViewRootImpl$InputStage.forward(ViewRootImpl.java:3442)
V/FlingTracker(  529): 	at android.view.ViewRootImpl$InputStage.apply(ViewRootImpl.java:3450)
V/FlingTracker(  529): 	at android.view.ViewRootImpl$InputStage.deliver(ViewRootImpl.java:3423)
V/FlingTracker(  529): 	at android.view.ViewRootImpl.deliverInputEvent(ViewRootImpl.java:5626)
V/FlingTracker(  529): 	at android.view.ViewRootImpl.doProcessInputEvents(ViewRootImpl.java:5606)
V/FlingTracker(  529): 	at android.view.ViewRootImpl.enqueueInputEvent(ViewRootImpl.java:5577)
V/FlingTracker(  529): 	at android.view.ViewRootImpl$WindowInputEventReceiver.onInputEvent(ViewRootImpl.java:5706)
V/FlingTracker(  529): 	at android.view.InputEventReceiver.dispatchInputEvent(InputEventReceiver.java:185)
V/FlingTracker(  529): 	at android.os.MessageQueue.nativePollOnce(Native Method)
V/FlingTracker(  529): 	at android.os.MessageQueue.next(MessageQueue.java:138)
V/FlingTracker(  529): 	at android.os.Looper.loop(Looper.java:123)
V/FlingTracker(  529): 	at android.app.ActivityThread.main(ActivityThread.java:5019)
V/FlingTracker(  529): 	at java.lang.reflect.Method.invokeNative(Native Method)
V/FlingTracker(  529): 	at java.lang.reflect.Method.invoke(Method.java:515)
V/FlingTracker(  529): 	at com.android.internal.os.ZygoteInit$MethodAndArgsCaller.run(ZygoteInit.java:779)
V/FlingTracker(  529): 	at com.android.internal.os.ZygoteInit.main(ZygoteInit.java:595)
V/FlingTracker(  529): 	at dalvik.system.NativeStart.main(Native Method)
V/PanelView(  529): animationTick called with dtms=0; nothing to do (h=0.0 v=0.0)
I/qtaguid (  620): Untagging socket 61 failed errno=-13
W/NetworkManagementSocketTagger(  620): untagSocket(61) failed with errno -13
I/qtaguid (20119): Untagging socket 58 failed errno=-13
W/NetworkManagementSocketTagger(20119): untagSocket(58) failed with errno -13
D/dalvikvm(20119): GC_CONCURRENT freed 388K, 12% free 3730K/4220K, paused 2ms+1ms, total 4ms
W/DebugConnManager(20119): getNetworkInfo() on networkType 0
W/DebugConnManager(20119): getNetworkInfo() on networkType 1
W/DebugConnManager(20119): getNetworkInfo() on networkType 0
W/DebugConnManager(20119): getNetworkInfo() on networkType 1
I/qtaguid (20119): Tagging socket 62 with tag a00400000000(40964) for uid -1 failed errno=-13
I/NetworkManagementSocketTagger(20119): tagSocketFd(62, 40964, -1) failed with errno-13
W/DebugConnManager(20119): getNetworkInfo() on networkType 0
W/DebugConnManager(20119): getNetworkInfo() on networkType 1
W/DebugConnManager(20119): getNetworkInfo() on networkType 0
W/DebugConnManager(20119): getNetworkInfo() on networkType 1
I/qtaguid (20119): Tagging socket 63 with tag a00400000000(40964) for uid -1 failed errno=-13
I/NetworkManagementSocketTagger(20119): tagSocketFd(63, 40964, -1) failed with errno-13
I/qtaguid (20119): Untagging socket 63 failed errno=-13
W/NetworkManagementSocketTagger(20119): untagSocket(63) failed with errno -13
I/qtaguid (20119): Tagging socket 63 with tag a00400000000(40964) for uid -1 failed errno=-13
I/NetworkManagementSocketTagger(20119): tagSocketFd(63, 40964, -1) failed with errno-13
I/qtaguid (20119): Untagging socket 63 failed errno=-13
W/NetworkManagementSocketTagger(20119): untagSocket(63) failed with errno -13
I/qtaguid (20119): Tagging socket 63 with tag a00400000000(40964) for uid -1 failed errno=-13
I/NetworkManagementSocketTagger(20119): tagSocketFd(63, 40964, -1) failed with errno-13
I/qtaguid (20119): Untagging socket 63 failed errno=-13
W/NetworkManagementSocketTagger(20119): untagSocket(63) failed with errno -13
I/qtaguid (20119): Tagging socket 63 with tag a00400000000(40964) for uid -1 failed errno=-13
I/NetworkManagementSocketTagger(20119): tagSocketFd(63, 40964, -1) failed with errno-13
I/qtaguid (20119): Untagging socket 63 failed errno=-13
W/NetworkManagementSocketTagger(20119): untagSocket(63) failed with errno -13
I/qtaguid (20119): Tagging socket 63 with tag a00400000000(40964) for uid -1 failed errno=-13
I/NetworkManagementSocketTagger(20119): tagSocketFd(63, 40964, -1) failed with errno-13
I/qtaguid (20119): Untagging socket 63 failed errno=-13
W/NetworkManagementSocketTagger(20119): untagSocket(63) failed with errno -13
I/qtaguid (20119): Tagging socket 63 with tag a00400000000(40964) for uid -1 failed errno=-13
I/NetworkManagementSocketTagger(20119): tagSocketFd(63, 40964, -1) failed with errno-13
I/qtaguid (20119): Untagging socket 63 failed errno=-13
W/NetworkManagementSocketTagger(20119): untagSocket(63) failed with errno -13
D/dalvikvm(20119): GC_CONCURRENT freed 321K, 12% free 3803K/4276K, paused 2ms+3ms, total 8ms
I/ActivityManager(  469): START u0 {act=android.intent.action.MAIN cat=[android.intent.category.LAUNCHER] flg=0x10200000 cmp=sg.bigo.live/com.yy.iheima.startup.SplashActivity} from pid 20016
I/ActivityManager(  469): START u0 {act=android.intent.action.MAIN cat=[android.intent.category.LAUNCHER] flg=0x10200000 cmp=sg.bigo.live/com.yy.iheima.startup.SplashActivity} from pid 20016
V/FlingTracker(  529): computeCurrentVelocity warning: totalweight=0
V/FlingTracker(  529): java.lang.Throwable
V/FlingTracker(  529): 	at com.android.systemui.statusbar.phone.PanelView$FlingTracker.computeCurrentVelocity(PanelView.java:162)
V/FlingTracker(  529): 	at com.android.systemui.statusbar.phone.PanelView$3.onTouch(PanelView.java:462)
V/FlingTracker(  529): 	at android.view.View.dispatchTouchEvent(View.java:7701)
V/FlingTracker(  529): 	at com.android.systemui.statusbar.phone.NotificationPanelView.onTouchEvent(NotificationPanelView.java:138)
V/FlingTracker(  529): 	at com.android.systemui.statusbar.phone.PanelBar.onTouchEvent(PanelBar.java:130)
V/FlingTracker(  529): 	at com.android.systemui.statusbar.phone.PhoneStatusBarView.onTouchEvent(PhoneStatusBarView.java:201)
V/FlingTracker(  529): 	at android.view.View.dispatchTouchEvent(View.java:7706)
V/FlingTracker(  529): 	at android.view.ViewGroup.dispatchTransformedTouchEvent(ViewGroup.java:2210)
V/FlingTracker(  529): 	at android.view.ViewGroup.dispatchTouchEvent(ViewGroup.java:1945)
V/FlingTracker(  529): 	at android.view.ViewGroup.dispatchTransformedTouchEvent(ViewGroup.java:2216)
V/FlingTracker(  529): 	at android.view.ViewGroup.dispatchTouchEvent(ViewGroup.java:1959)
V/FlingTracker(  529): 	at android.view.View.dispatchPointerEvent(View.java:7886)
V/FlingTracker(  529): 	at android.view.ViewRootImpl$ViewPostImeInputStage.processPointerEvent(ViewRootImpl.java:3978)
V/FlingTracker(  529): 	at android.view.ViewRootImpl$ViewPostImeInputStage.onProcess(ViewRootImpl.java:3857)
V/FlingTracker(  529): 	at android.view.ViewRootImpl$InputStage.deliver(ViewRootImpl.java:3423)
V/FlingTracker(  529): 	at android.view.ViewRootImpl$InputStage.onDeliverToNext(ViewRootImpl.java:3473)
V/FlingTracker(  529): 	at android.view.ViewRootImpl$InputStage.forward(ViewRootImpl.java:3442)
V/FlingTracker(  529): 	at android.view.ViewRootImpl$AsyncInputStage.forward(ViewRootImpl.java:3549)
V/FlingTracker(  529): 	at android.view.ViewRootImpl$InputStage.apply(ViewRootImpl.java:3450)
V/FlingTracker(  529): 	at android.view.ViewRootImpl$AsyncInputStage.apply(ViewRootImpl.java:3606)
V/FlingTracker(  529): 	at android.view.ViewRootImpl$InputStage.deliver(ViewRootImpl.java:3423)
V/FlingTracker(  529): 	at android.view.ViewRootImpl$InputStage.onDeliverToNext(ViewRootImpl.java:3473)
V/FlingTracker(  529): 	at android.view.ViewRootImpl$InputStage.forward(ViewRootImpl.java:3442)
V/FlingTracker(  529): 	at android.view.ViewRootImpl$InputStage.apply(ViewRootImpl.java:3450)
V/FlingTracker(  529): 	at android.view.ViewRootImpl$InputStage.deliver(ViewRootImpl.java:3423)
V/FlingTracker(  529): 	at android.view.ViewRootImpl.deliverInputEvent(ViewRootImpl.java:5626)
V/FlingTracker(  529): 	at android.view.ViewRootImpl.doProcessInputEvents(ViewRootImpl.java:5606)
V/FlingTracker(  529): 	at android.view.ViewRootImpl.enqueueInputEvent(ViewRootImpl.java:5577)
V/FlingTracker(  529): 	at android.view.ViewRootImpl$WindowInputEventReceiver.onInputEvent(ViewRootImpl.java:5706)
V/FlingTracker(  529): 	at android.view.InputEventReceiver.dispatchInputEvent(InputEventReceiver.java:185)
V/FlingTracker(  529): 	at android.os.MessageQueue.nativePollOnce(Native Method)
V/FlingTracker(  529): 	at android.os.MessageQueue.next(MessageQueue.java:138)
V/FlingTracker(  529): 	at android.os.Looper.loop(Looper.java:123)
V/FlingTracker(  529): 	at android.app.ActivityThread.main(ActivityThread.java:5019)
V/FlingTracker(  529): 	at java.lang.reflect.Method.invokeNative(Native Method)
V/FlingTracker(  529): 	at java.lang.reflect.Method.invoke(Method.java:515)
V/FlingTracker(  529): 	at com.android.internal.os.ZygoteInit$MethodAndArgsCaller.run(ZygoteInit.java:779)
V/FlingTracker(  529): 	at com.android.internal.os.ZygoteInit.main(ZygoteInit.java:595)
V/FlingTracker(  529): 	at dalvik.system.NativeStart.main(Native Method)
V/PanelView(  529): animationTick called with dtms=0; nothing to do (h=0.0 v=0.0)
I/qtaguid (20119): Untagging socket 62 failed errno=-13
W/NetworkManagementSocketTagger(20119): untagSocket(62) failed with errno -13
I/ActivityManager(  469): START u0 {act=android.intent.action.MAIN cat=[android.intent.category.LAUNCHER] flg=0x10000000 sel={act=android.intent.action.MAIN cat=[android.intent.category.APP_CALENDAR]}} from pid 469
W/DebugConnManager(20119): getNetworkInfo() on networkType 0
W/DebugConnManager(20119): getNetworkInfo() on networkType 1
