W/ContextImpl(  470): Calling a method in the system process without a qualified user: android.app.ContextImpl.sendBroadcast:1123 com.android.server.InputMethodManagerService.showCurrentInputLocked:1791 com.android.server.InputMethodManagerService.attachNewInputLocked:1095 com.android.server.InputMethodManagerService.startInputUncheckedLocked:1166 com.android.server.InputMethodManagerService.windowGainedFocus:2026 
D/dalvikvm(12576): GC_CONCURRENT freed 777K, 9% free 9206K/10036K, paused 3ms+0ms, total 10ms
W/IInputConnectionWrapper(12576): finishComposingText on inactive InputConnection
I/ActivityManager(  470): START u0 {act=android.intent.action.MAIN cat=[android.intent.category.LAUNCHER] flg=0x10200000 cmp=com.eat24.app/.activities.SplashActivity} from pid 12566
I/System.out(12576): body:<com.kahuna.sdk.s: void a(android.content.Context,java.lang.String,com.kahuna.sdk.k[],com.kahuna.sdk.ai,java.lang.String,com.kahuna.sdk.t)>	sig:$r13 = virtualinvoke $r11.<java.net.HttpURLConnection: java.io.OutputStream getOutputStream()>()	timediff:182
I/ActivityManager(  470): START u0 {act=android.intent.action.MAIN cat=[android.intent.category.LAUNCHER] flg=0x10200000 cmp=com.eat24.app/.activities.SplashActivity} from pid 12566
W/ViewRootImpl(12576): Dropping event due to no window focus: KeyEvent { action=ACTION_DOWN, keyCode=KEYCODE_DPAD_CENTER, scanCode=0, metaState=0, flags=0x8, repeatCount=0, eventTime=1873076, downTime=1873076, deviceId=-1, source=0x101 }
W/EGL_emulation(12576): eglSurfaceAttrib not implemented 3093 12436
W/ContextImpl(  470): Calling a method in the system process without a qualified user: android.app.ContextImpl.sendBroadcast:1123 com.android.server.InputMethodManagerService.showCurrentInputLocked:1791 com.android.server.InputMethodManagerService.attachNewInputLocked:1095 com.android.server.InputMethodManagerService.startInputUncheckedLocked:1166 com.android.server.InputMethodManagerService.windowGainedFocus:2026 
V/InputMethodService(  656): onEvaluateInputViewShown: config.hardKeyboardHidden = 1
W/ContextImpl(  470): Calling a method in the system process without a qualified user: android.app.ContextImpl.sendBroadcast:1123 com.android.server.InputMethodManagerService.showCurrentInputLocked:1791 com.android.server.InputMethodManagerService.showSoftInput:1753 com.android.internal.view.IInputMethodManager$Stub.onTransact:175 com.android.server.InputMethodManagerService.onTransact:818 
V/InputMethodService(  656): onEvaluateInputViewShown: config.hardKeyboardHidden = 1
V/InputMethodService(  656): onEvaluateInputViewShown: config.hardKeyboardHidden = 1
V/InputMethodService(  656): onEvaluateInputViewShown: config.hardKeyboardHidden = 1
W/ContextImpl(  470): Calling a method in the system process without a qualified user: android.app.ContextImpl.sendBroadcast:1123 com.android.server.InputMethodManagerService.showCurrentInputLocked:1791 com.android.server.InputMethodManagerService.showSoftInput:1753 com.android.internal.view.IInputMethodManager$Stub.onTransact:175 com.android.server.InputMethodManagerService.onTransact:818 
W/ContextImpl(  470): Calling a method in the system process without a qualified user: android.app.ContextImpl.sendBroadcast:1123 com.android.server.InputMethodManagerService.showCurrentInputLocked:1791 com.android.server.InputMethodManagerService.showSoftInput:1753 com.android.internal.view.IInputMethodManager$Stub.onTransact:175 com.android.server.InputMethodManagerService.onTransact:818 
V/InputMethodService(  656): onEvaluateInputViewShown: config.hardKeyboardHidden = 1
W/ContextImpl(  470): Calling a method in the system process without a qualified user: android.app.ContextImpl.sendBroadcast:1123 com.android.server.InputMethodManagerService.showCurrentInputLocked:1791 com.android.server.InputMethodManagerService.showSoftInput:1753 com.android.internal.view.IInputMethodManager$Stub.onTransact:175 com.android.server.InputMethodManagerService.onTransact:818 
I/ActivityManager(  470): START u0 {act=android.intent.action.MAIN cat=[android.intent.category.HOME] flg=0x10200000 cmp=com.vphone.launcher/.Launcher} from pid 470
V/InputMethodService(  656): onEvaluateInputViewShown: config.hardKeyboardHidden = 1
V/InputMethodService(  656): onEvaluateInputViewShown: config.hardKeyboardHidden = 1
W/ContextImpl(  470): Calling a method in the system process without a qualified user: android.app.ContextImpl.sendBroadcast:1123 com.android.server.InputMethodManagerService.showCurrentInputLocked:1791 com.android.server.InputMethodManagerService.showSoftInput:1753 com.android.internal.view.IInputMethodManager$Stub.onTransact:175 com.android.server.InputMethodManagerService.onTransact:818 
W/ContextImpl(  470): Calling a method in the system process without a qualified user: android.app.ContextImpl.sendBroadcast:1123 com.android.server.InputMethodManagerService.showCurrentInputLocked:1791 com.android.server.InputMethodManagerService.showSoftInput:1753 com.android.internal.view.IInputMethodManager$Stub.onTransact:175 com.android.server.InputMethodManagerService.onTransact:818 
W/InputEventReceiver(12576): Attempted to finish an input event but the input event receiver has already been disposed.
W/InputEventReceiver(12576): Attempted to finish an input event but the input event receiver has already been disposed.
W/InputEventReceiver(12576): Attempted to finish an input event but the input event receiver has already been disposed.
W/InputEventReceiver(12576): Attempted to finish an input event but the input event receiver has already been disposed.
W/InputEventReceiver(12576): Attempted to finish an input event but the input event receiver has already been disposed.
W/InputEventReceiver(12576): Attempted to finish an input event but the input event receiver has already been disposed.
W/InputEventReceiver(12576): Attempted to finish an input event but the input event receiver has already been disposed.
W/InputEventReceiver(12576): Attempted to finish an input event but the input event receiver has already been disposed.
W/InputEventReceiver(12576): Attempted to finish an input event but the input event receiver has already been disposed.
W/ViewRootImpl(12576): Dropping event due to root view being removed: MotionEvent { action=ACTION_UP, id[0]=0, x[0]=-208.6816, y[0]=409.26068, toolType[0]=TOOL_TYPE_UNKNOWN, buttonState=0, metaState=0, flags=0x0, edgeFlags=0x0, pointerCount=1, historySize=0, eventTime=1873165, downTime=1873165, deviceId=0, source=0x1002 }
W/ViewRootImpl(12576): Dropping event due to root view being removed: MotionEvent { action=ACTION_DOWN, id[0]=0, x[0]=372.0, y[0]=417.0, toolType[0]=TOOL_TYPE_UNKNOWN, buttonState=0, metaState=0, flags=0x0, edgeFlags=0x0, pointerCount=1, historySize=0, eventTime=1873165, downTime=1873165, deviceId=0, source=0x1002 }
W/ViewRootImpl(12576): Dropping event due to root view being removed: MotionEvent { action=ACTION_UP, id[0]=0, x[0]=366.0227, y[0]=416.9348, toolType[0]=TOOL_TYPE_UNKNOWN, buttonState=0, metaState=0, flags=0x0, edgeFlags=0x0, pointerCount=1, historySize=0, eventTime=1873165, downTime=1873165, deviceId=0, source=0x1002 }
W/ViewRootImpl(12576): Dropping event due to root view being removed: MotionEvent { action=ACTION_DOWN, id[0]=0, x[0]=-58.0, y[0]=-85.0, toolType[0]=TOOL_TYPE_UNKNOWN, buttonState=0, metaState=0, flags=0x0, edgeFlags=0x0, pointerCount=1, historySize=0, eventTime=1873167, downTime=1873167, deviceId=0, source=0x1002 }
W/ViewRootImpl(12576): Dropping event due to root view being removed: MotionEvent { action=ACTION_POINTER_DOWN(1), id[0]=0, x[0]=-46.69806, y[0]=-76.17619, toolType[0]=TOOL_TYPE_UNKNOWN, id[1]=1, x[1]=564.0, y[1]=-108.0, toolType[1]=TOOL_TYPE_UNKNOWN, buttonState=0, metaState=0, flags=0x0, edgeFlags=0x0, pointerCount=2, historySize=0, eventTime=1873168, downTime=1873167, deviceId=0, source=0x1002 }
W/ViewRootImpl(12576): Dropping event due to root view being removed: MotionEvent { action=ACTION_MOVE, id[0]=0, x[0]=22.484589, y[0]=-40.06212, toolType[0]=TOOL_TYPE_UNKNOWN, id[1]=1, x[1]=549.27893, y[1]=-161.6145, toolType[1]=TOOL_TYPE_UNKNOWN, buttonState=0, metaState=0, flags=0x0, edgeFlags=0x0, pointerCount=2, historySize=6, eventTime=1873173, downTime=1873167, deviceId=0, source=0x1002 }
W/ViewRootImpl(12576): Dropping event due to root view being removed: MotionEvent { action=ACTION_POINTER_UP(1), id[0]=0, x[0]=37.160248, y[0]=-32.49788, toolType[0]=TOOL_TYPE_UNKNOWN, id[1]=1, x[1]=546.7241, y[1]=-162.3175, toolType[1]=TOOL_TYPE_UNKNOWN, buttonState=0, metaState=0, flags=0x0, edgeFlags=0x0, pointerCount=2, historySize=0, eventTime=1873174, downTime=1873167, deviceId=0, source=0x1002 }
W/ViewRootImpl(12576): Dropping event due to root view being removed: MotionEvent { action=ACTION_UP, id[0]=0, x[0]=39.402008, y[0]=-32.339752, toolType[0]=TOOL_TYPE_UNKNOWN, buttonState=0, metaState=0, flags=0x0, edgeFlags=0x0, pointerCount=1, historySize=0, eventTime=1873174, downTime=1873167, deviceId=0, source=0x1002 }
W/ViewRootImpl(12576): Dropping event due to root view being removed: MotionEvent { action=ACTION_MOVE, id[0]=0, x[0]=-3.0, y[0]=4.0, toolType[0]=TOOL_TYPE_UNKNOWN, buttonState=0, metaState=0, flags=0x0, edgeFlags=0x0, pointerCount=1, historySize=9, eventTime=1873167, downTime=-1, deviceId=0, source=0x10004 }
W/InputEventReceiver(12576): Attempted to finish an input event but the input event receiver has already been disposed.
W/InputEventReceiver(12576): Attempted to finish an input event but the input event receiver has already been disposed.
I/System.out(12576): body:<com.kahuna.sdk.s: void a(android.content.Context,java.lang.String,com.kahuna.sdk.k[],com.kahuna.sdk.ai,java.lang.String,com.kahuna.sdk.t)>	sig:$r16 = virtualinvoke $r11.<java.net.HttpURLConnection: java.io.InputStream getInputStream()>()	timediff:139
I/System.out(12576): body:<empirical.HelperClass: void printURLInfo(java.lang.String,java.lang.String,java.net.URLConnection)>	sig:$r0 = virtualinvoke urlConnection.<java.net.URLConnection: java.net.URL getURL()>()	timediff:0
I/System.out(12576): body:<empirical.HelperClass: void printURLInfo(java.lang.String,java.lang.String,java.net.URLConnection)>	sig:urlString = virtualinvoke $r0.<java.net.URL: java.lang.String toString()>()	timediff:0
I/System.out(12576): body:<empirical.HelperClass: void printURLInfo(java.lang.String,java.lang.String,java.net.URLConnection)>	sig:isDoOutput = virtualinvoke urlConnection.<java.net.URLConnection: boolean getDoOutput()>()	timediff:0
I/System.out(12576): body:<empirical.HelperClass: java.lang.String getHeaderField(java.net.URLConnection,java.lang.String)>	sig:data = virtualinvoke conn.<java.net.URLConnection: java.lang.String getHeaderField(java.lang.String)>(field)	timediff:0
I/System.out(12576): body:<empirical.HelperClass: java.lang.String getHeaderField(java.net.URLConnection,java.lang.String)>	sig:data = virtualinvoke conn.<java.net.URLConnection: java.lang.String getHeaderField(java.lang.String)>(field)	timediff:0
I/System.out(12576): body:<empirical.HelperClass: java.lang.String getHeaderField(java.net.URLConnection,java.lang.String)>	sig:data = virtualinvoke conn.<java.net.URLConnection: java.lang.String getHeaderField(java.lang.String)>(field)	timediff:0
I/System.out(12576): body:<empirical.HelperClass: java.lang.String getHeaderField(java.net.URLConnection,java.lang.String)>	sig:data = virtualinvoke conn.<java.net.URLConnection: java.lang.String getHeaderField(java.lang.String)>(field)	timediff:0
I/System.out(12576): body:<empirical.HelperClass: java.lang.String getHeaderField(java.net.URLConnection,java.lang.String)>	sig:data = virtualinvoke conn.<java.net.URLConnection: java.lang.String getHeaderField(java.lang.String)>(field)	timediff:0
I/System.out(12576): URLConn;%;3;%;<com.kahuna.sdk.s: void a(android.content.Context,java.lang.String,com.kahuna.sdk.k[],com.kahuna.sdk.ai,java.lang.String,com.kahuna.sdk.t)>;%;$r16 = virtualinvoke $r11.<java.net.HttpURLConnection: java.io.InputStream getInputStream()>();%;https://tap-nexus.appspot.com/log;%;true;%;76;%;Not found;%;Not found;%;Not found;%;Not found
W/ViewRootImpl(12576): Dropping event due to root view being removed: KeyEvent { action=ACTION_UP, keyCode=KEYCODE_DPAD_UP, scanCode=0, metaState=0, flags=0x8, repeatCount=0, eventTime=1873163, downTime=1873163, deviceId=-1, source=0x101 }
W/ViewRootImpl(12576): Dropping event due to no window focus: KeyEvent { action=ACTION_DOWN, keyCode=KEYCODE_DPAD_DOWN, scanCode=0, metaState=0, flags=0x8, repeatCount=0, eventTime=1873182, downTime=1873182, deviceId=-1, source=0x101 }
I/System.out(12576): body:<com.kahuna.sdk.s: void a(android.content.Context,java.lang.String,com.kahuna.sdk.k[],com.kahuna.sdk.ai,java.lang.String,com.kahuna.sdk.t)>	sig:virtualinvoke $r11.<java.net.HttpURLConnection: void disconnect()>()	timediff:0
V/InputMethodService(  656): onEvaluateInputViewShown: config.hardKeyboardHidden = 1
W/ContextImpl(  470): Calling a method in the system process without a qualified user: android.app.ContextImpl.sendBroadcast:1123 com.android.server.InputMethodManagerService.showCurrentInputLocked:1791 com.android.server.InputMethodManagerService.attachNewInputLocked:1095 com.android.server.InputMethodManagerService.startInputUncheckedLocked:1166 com.android.server.InputMethodManagerService.windowGainedFocus:2026 
I/qtaguid (  746): Tagging socket 79 with tag 3000020000000000(805306880) for uid 10007 failed errno=-13
I/NetworkManagementSocketTagger(  746): tagSocketFd(79, 805306880, 10007) failed with errno-13
W/ViewRootImpl(12576): Dropping event due to no window focus: KeyEvent { action=ACTION_DOWN, keyCode=KEYCODE_DPAD_RIGHT, scanCode=0, metaState=0, flags=0x8, repeatCount=0, eventTime=1873261, downTime=1873261, deviceId=-1, source=0x101 }
W/ViewRootImpl(12576): Dropping event due to no window focus: KeyEvent { action=ACTION_DOWN, keyCode=KEYCODE_DPAD_CENTER, scanCode=0, metaState=0, flags=0x8, repeatCount=0, eventTime=1873263, downTime=1873263, deviceId=-1, source=0x101 }
W/ViewRootImpl(12576): Dropping event due to no window focus: KeyEvent { action=ACTION_DOWN, keyCode=KEYCODE_DPAD_UP, scanCode=0, metaState=0, flags=0x8, repeatCount=0, eventTime=1873263, downTime=1873263, deviceId=-1, source=0x101 }
I/qtaguid (  746): Untagging socket 79 failed errno=-13
W/NetworkManagementSocketTagger(  746): untagSocket(79) failed with errno -13
W/EGL_emulation(12576): eglSurfaceAttrib not implemented 3093 12436
V/InputMethodService(  656): onEvaluateInputViewShown: config.hardKeyboardHidden = 1
W/ContextImpl(  470): Calling a method in the system process without a qualified user: android.app.ContextImpl.sendBroadcast:1123 com.android.server.InputMethodManagerService.showCurrentInputLocked:1791 com.android.server.InputMethodManagerService.attachNewInputLocked:1095 com.android.server.InputMethodManagerService.startInputUncheckedLocked:1166 com.android.server.InputMethodManagerService.windowGainedFocus:2026 
V/InputMethodService(  656): onEvaluateInputViewShown: config.hardKeyboardHidden = 1
W/ContextImpl(  470): Calling a method in the system process without a qualified user: android.app.ContextImpl.sendBroadcast:1123 com.android.server.InputMethodManagerService.showCurrentInputLocked:1791 com.android.server.InputMethodManagerService.attachNewInputLocked:1095 com.android.server.InputMethodManagerService.startInputUncheckedLocked:1166 com.android.server.InputMethodManagerService.startInputLocked:1128 
V/InputMethodService(  656): onEvaluateInputViewShown: config.hardKeyboardHidden = 1
W/ContextImpl(  470): Calling a method in the system process without a qualified user: android.app.ContextImpl.sendBroadcast:1123 com.android.server.InputMethodManagerService.showCurrentInputLocked:1791 com.android.server.InputMethodManagerService.attachNewInputLocked:1095 com.android.server.InputMethodManagerService.startInputUncheckedLocked:1166 com.android.server.InputMethodManagerService.startInputLocked:1128 
V/InputMethodService(  656): onEvaluateInputViewShown: config.hardKeyboardHidden = 1
W/ContextImpl(  470): Calling a method in the system process without a qualified user: android.app.ContextImpl.sendBroadcast:1123 com.android.server.InputMethodManagerService.showCurrentInputLocked:1791 com.android.server.InputMethodManagerService.attachNewInputLocked:1095 com.android.server.InputMethodManagerService.startInputUncheckedLocked:1166 com.android.server.InputMethodManagerService.startInputLocked:1128 
W/InputEventReceiver(12576): Attempted to finish an input event but the input event receiver has already been disposed.
W/InputEventReceiver(12576): Attempted to finish an input event but the input event receiver has already been disposed.
W/ViewRootImpl(12576): Dropping event due to root view being removed: MotionEvent { action=ACTION_UP, id[0]=0, x[0]=-244.6824, y[0]=361.0741, toolType[0]=TOOL_TYPE_UNKNOWN, buttonState=0, metaState=0, flags=0x0, edgeFlags=0x0, pointerCount=1, historySize=0, eventTime=1873460, downTime=1873460, deviceId=0, source=0x1002 }
W/InputEventReceiver(12576): Attempted to finish an input event but the input event receiver has already been disposed.
W/ViewRootImpl(12576): Dropping event due to root view being removed: KeyEvent { action=ACTION_UP, keyCode=KEYCODE_DPAD_UP, scanCode=0, metaState=0, flags=0x8, repeatCount=0, eventTime=1873443, downTime=1873443, deviceId=-1, source=0x101 }
W/ContextImpl(  470): Calling a method in the system process without a qualified user: android.app.ContextImpl.sendBroadcast:1123 com.android.server.InputMethodManagerService.showCurrentInputLocked:1791 com.android.server.InputMethodManagerService.attachNewInputLocked:1095 com.android.server.InputMethodManagerService.startInputUncheckedLocked:1166 com.android.server.InputMethodManagerService.windowGainedFocus:2026 
V/InputMethodService(  656): onEvaluateInputViewShown: config.hardKeyboardHidden = 1
W/ContextImpl(  470): Calling a method in the system process without a qualified user: android.app.ContextImpl.sendBroadcast:1123 com.android.server.InputMethodManagerService.hideCurrentInputLocked:1880 com.android.server.InputMethodManagerService.hideSoftInput:1843 com.android.internal.view.IInputMethodManager$Stub.onTransact:194 com.android.server.InputMethodManagerService.onTransact:818 
I/ActivityManager(  470): START u0 {cmp=com.eat24.app/.activities.HomeActivity} from pid 12576
W/ActivityManager(  470): startActivity called from non-Activity context; forcing Intent.FLAG_ACTIVITY_NEW_TASK for: Intent { cmp=com.eat24.app/.activities.HomeActivity }
W/ViewRootImpl(12576): Dropping event due to no window focus: KeyEvent { action=ACTION_DOWN, keyCode=KEYCODE_MENU, scanCode=0, metaState=0, flags=0x8, repeatCount=0, eventTime=1873513, downTime=1873513, deviceId=-1, source=0x101 }
W/ViewRootImpl(12576): Dropping event due to no window focus: KeyEvent { action=ACTION_DOWN, keyCode=KEYCODE_DPAD_RIGHT, scanCode=0, metaState=0, flags=0x8, repeatCount=0, eventTime=1873517, downTime=1873517, deviceId=-1, source=0x101 }
W/ViewRootImpl(12576): Dropping event due to no window focus: KeyEvent { action=ACTION_DOWN, keyCode=KEYCODE_DPAD_CENTER, scanCode=0, metaState=0, flags=0x8, repeatCount=0, eventTime=1873526, downTime=1873526, deviceId=-1, source=0x101 }
W/ViewRootImpl(12576): Dropping event due to no window focus: KeyEvent { action=ACTION_DOWN, keyCode=KEYCODE_DPAD_RIGHT, scanCode=0, metaState=0, flags=0x8, repeatCount=0, eventTime=1873528, downTime=1873528, deviceId=-1, source=0x101 }
W/ViewRootImpl(12576): Dropping event due to no window focus: KeyEvent { action=ACTION_DOWN, keyCode=KEYCODE_DPAD_DOWN, scanCode=0, metaState=0, flags=0x8, repeatCount=0, eventTime=1873531, downTime=1873531, deviceId=-1, source=0x101 }
W/ContextImpl(  470): Calling a method in the system process without a qualified user: android.app.ContextImpl.sendBroadcast:1123 com.android.server.InputMethodManagerService.hideCurrentInputLocked:1880 com.android.server.InputMethodManagerService.hideSoftInput:1843 com.android.internal.view.IInputMethodManager$Stub.onTransact:194 com.android.server.InputMethodManagerService.onTransact:818 
W/ViewRootImpl(12576): Dropping event due to no window focus: MotionEvent { action=ACTION_MOVE, id[0]=0, x[0]=2.0, y[0]=-2.0, toolType[0]=TOOL_TYPE_UNKNOWN, buttonState=0, metaState=0, flags=0x0, edgeFlags=0x0, pointerCount=1, historySize=9, eventTime=1873561, downTime=-1, deviceId=0, source=0x10004 }
W/ViewRootImpl(12576): Dropping event due to no window focus: MotionEvent { action=ACTION_DOWN, id[0]=0, x[0]=0.0, y[0]=0.0, toolType[0]=TOOL_TYPE_UNKNOWN, buttonState=0, metaState=0, flags=0x0, edgeFlags=0x0, pointerCount=1, historySize=0, eventTime=1873562, downTime=1873560, deviceId=0, source=0x10004 }
W/ViewRootImpl(12576): Dropping event due to no window focus: KeyEvent { action=ACTION_DOWN, keyCode=KEYCODE_DPAD_LEFT, scanCode=0, metaState=0, flags=0x8, repeatCount=0, eventTime=1873562, downTime=1873562, deviceId=-1, source=0x101 }
W/ViewRootImpl(12576): Dropping event due to no window focus: KeyEvent { action=ACTION_DOWN, keyCode=KEYCODE_NUMPAD_DIVIDE, scanCode=0, metaState=0, flags=0x8, repeatCount=0, eventTime=1873564, downTime=1873564, deviceId=-1, source=0x101 }
W/ViewRootImpl(12576): Dropping event due to no window focus: KeyEvent { action=ACTION_DOWN, keyCode=KEYCODE_DPAD_RIGHT, scanCode=0, metaState=0, flags=0x8, repeatCount=0, eventTime=1873565, downTime=1873565, deviceId=-1, source=0x101 }
I/ActivityManager(  470): START u0 {cmp=com.eat24.app/.activities.LoginActivity} from pid 12576
W/EGL_emulation(12576): eglSurfaceAttrib not implemented 3093 12436
I/AppCompatViewInflater(12576): app:theme is now deprecated. Please move to using android:theme instead.
I/dalvikvm(12576): Could not find method android.content.res.Resources.getDrawable, referenced from method android.support.v7.widget.ResourcesWrapper.getDrawable
W/dalvikvm(12576): VFY: unable to resolve virtual method 774: Landroid/content/res/Resources;.getDrawable (ILandroid/content/res/Resources$Theme;)Landroid/graphics/drawable/Drawable;
D/dalvikvm(12576): VFY: replacing opcode 0x6e at 0x0002
I/dalvikvm(12576): Could not find method android.content.res.Resources.getDrawableForDensity, referenced from method android.support.v7.widget.ResourcesWrapper.getDrawableForDensity
W/dalvikvm(12576): VFY: unable to resolve virtual method 776: Landroid/content/res/Resources;.getDrawableForDensity (IILandroid/content/res/Resources$Theme;)Landroid/graphics/drawable/Drawable;
D/dalvikvm(12576): VFY: replacing opcode 0x6e at 0x0002
I/InputDispatcher(  470): Dropped event because of pending overdue app switch.
W/InputManager(  470): Input event injection from pid 12566 failed.
D/dalvikvm(12576): Trying to load lib /data/app-lib/com.eat24.app-1/libconceal.so 0x94f666d8
D/dalvikvm(12576): Shared lib '/data/app-lib/com.eat24.app-1/libconceal.so' already loaded in same CL 0x94f666d8
D/dalvikvm(12576): Trying to load lib /data/app-lib/com.eat24.app-1/libconceal.so 0x94f666d8
D/dalvikvm(12576): Shared lib '/data/app-lib/com.eat24.app-1/libconceal.so' already loaded in same CL 0x94f666d8
W/FlurryAgent(12576): Flurry session resumed for context:com.eat24.app.activities.LoginActivity@4ab35ac0
W/EGL_emulation(12576): eglSurfaceAttrib not implemented 3093 12436
W/ViewRootImpl(12576): Dropping event due to no window focus: KeyEvent { action=ACTION_DOWN, keyCode=KEYCODE_BOOKMARK, scanCode=0, metaState=0, flags=0x8, repeatCount=0, eventTime=1873728, downTime=1873728, deviceId=-1, source=0x101 }
W/ViewRootImpl(12576): Dropping event due to no window focus: KeyEvent { action=ACTION_DOWN, keyCode=KEYCODE_DPAD_LEFT, scanCode=0, metaState=0, flags=0x8, repeatCount=0, eventTime=1873748, downTime=1873748, deviceId=-1, source=0x101 }
W/ViewRootImpl(12576): Dropping event due to no window focus: KeyEvent { action=ACTION_DOWN, keyCode=KEYCODE_CALL, scanCode=0, metaState=0, flags=0x8, repeatCount=0, eventTime=1873751, downTime=1873751, deviceId=-1, source=0x101 }
W/ViewRootImpl(12576): Dropping event due to no window focus: KeyEvent { action=ACTION_DOWN, keyCode=KEYCODE_MENU, scanCode=0, metaState=0, flags=0x8, repeatCount=0, eventTime=1873755, downTime=1873755, deviceId=-1, source=0x101 }
W/ViewRootImpl(12576): Dropping event due to no window focus: KeyEvent { action=ACTION_DOWN, keyCode=KEYCODE_DPAD_RIGHT, scanCode=0, metaState=0, flags=0x8, repeatCount=0, eventTime=1873756, downTime=1873756, deviceId=-1, source=0x101 }
W/ViewRootImpl(12576): Dropping event due to no window focus: KeyEvent { action=ACTION_DOWN, keyCode=KEYCODE_BUTTON_11, scanCode=0, metaState=0, flags=0x8, repeatCount=0, eventTime=1873758, downTime=1873758, deviceId=-1, source=0x101 }
W/ViewRootImpl(12576): Dropping event due to no window focus: KeyEvent { action=ACTION_DOWN, keyCode=KEYCODE_DPAD_CENTER, scanCode=0, metaState=0, flags=0x8, repeatCount=0, eventTime=1873758, downTime=1873758, deviceId=-1, source=0x101 }
W/ViewRootImpl(12576): Dropping event due to no window focus: KeyEvent { action=ACTION_DOWN, keyCode=KEYCODE_DPAD_UP, scanCode=0, metaState=0, flags=0x8, repeatCount=0, eventTime=1873760, downTime=1873760, deviceId=-1, source=0x101 }
I/ActivityManager(  470): START u0 {act=android.intent.action.MAIN cat=[android.intent.category.LAUNCHER] flg=0x10200000 cmp=com.eat24.app/.activities.SplashActivity} from pid 12566
W/ViewRootImpl(12576): Dropping event due to no window focus: KeyEvent { action=ACTION_DOWN, keyCode=KEYCODE_NUMPAD_RIGHT_PAREN, scanCode=0, metaState=0, flags=0x8, repeatCount=0, eventTime=1873762, downTime=1873762, deviceId=-1, source=0x101 }
I/ActivityManager(  470): Displayed com.eat24.app/.activities.LoginActivity: +267ms
W/ContextImpl(  470): Calling a method in the system process without a qualified user: android.app.ContextImpl.sendBroadcast:1123 com.android.server.InputMethodManagerService.hideCurrentInputLocked:1880 com.android.server.InputMethodManagerService.windowGainedFocus:1995 com.android.internal.view.IInputMethodManager$Stub.onTransact:221 com.android.server.InputMethodManagerService.onTransact:818 
D/dalvikvm(  746): GC_FOR_ALLOC freed 1461K, 20% free 9308K/11552K, paused 31ms, total 32ms
W/ContextImpl(  470): Calling a method in the system process without a qualified user: android.app.ContextImpl.sendBroadcast:1123 com.android.server.InputMethodManagerService.hideCurrentInputLocked:1880 com.android.server.InputMethodManagerService.hideSoftInput:1843 com.android.internal.view.IInputMethodManager$Stub.onTransact:194 com.android.server.InputMethodManagerService.onTransact:818 
V/PanelView(  556): animationTick called with dtms=0; nothing to do (h=0.0 v=0.0)
W/FlurryAgent(12576): Flurry session paused for context:com.eat24.app.activities.LoginActivity@4ab35ac0
V/InputMethodService(  656): onEvaluateInputViewShown: config.hardKeyboardHidden = 1
W/InputEventReceiver(12576): Attempted to finish an input event but the input event receiver has already been disposed.
W/InputEventReceiver(12576): Attempted to finish an input event but the input event receiver has already been disposed.
W/InputEventReceiver(12576): Attempted to finish an input event but the input event receiver has already been disposed.
W/InputEventReceiver(12576): Attempted to finish an input event but the input event receiver has already been disposed.
W/InputEventReceiver(12576): Attempted to finish an input event but the input event receiver has already been disposed.
W/ContextImpl(  470): Calling a method in the system process without a qualified user: android.app.ContextImpl.sendBroadcast:1123 com.android.server.InputMethodManagerService.showCurrentInputLocked:1791 com.android.server.InputMethodManagerService.showSoftInput:1753 com.android.internal.view.IInputMethodManager$Stub.onTransact:175 com.android.server.InputMethodManagerService.onTransact:818 
W/InputManager(  470): Input event injection from pid 12566 failed.
W/ViewRootImpl(12576): Dropping event due to root view being removed: MotionEvent { action=ACTION_MOVE, id[0]=0, x[0]=-326.29117, y[0]=-135.84502, toolType[0]=TOOL_TYPE_UNKNOWN, buttonState=0, metaState=0, flags=0x0, edgeFlags=0x0, pointerCount=1, historySize=2, eventTime=1874292, downTime=1874291, deviceId=0, source=0x1002 }
W/ViewRootImpl(12576): Dropping event due to root view being removed: MotionEvent { action=ACTION_UP, id[0]=0, x[0]=-330.24945, y[0]=-137.77846, toolType[0]=TOOL_TYPE_UNKNOWN, buttonState=0, metaState=0, flags=0x0, edgeFlags=0x0, pointerCount=1, historySize=0, eventTime=1874292, downTime=1874291, deviceId=0, source=0x1002 }
W/ViewRootImpl(12576): Dropping event due to root view being removed: MotionEvent { action=ACTION_MOVE, id[0]=0, x[0]=3.0, y[0]=3.0, toolType[0]=TOOL_TYPE_UNKNOWN, buttonState=0, metaState=0, flags=0x0, edgeFlags=0x0, pointerCount=1, historySize=19, eventTime=1874291, downTime=-1, deviceId=0, source=0x10004 }
W/ViewRootImpl(12576): Dropping event due to root view being removed: KeyEvent { action=ACTION_UP, keyCode=KEYCODE_DPAD_CENTER, scanCode=0, metaState=0, flags=0x8, repeatCount=0, eventTime=1874288, downTime=1874288, deviceId=-1, source=0x101 }
W/ViewRootImpl(12576): Dropping event due to no window focus: KeyEvent { action=ACTION_DOWN, keyCode=KEYCODE_DPAD_RIGHT, scanCode=0, metaState=0, flags=0x8, repeatCount=0, eventTime=1874298, downTime=1874298, deviceId=-1, source=0x101 }
W/ContextImpl(  470): Calling a method in the system process without a qualified user: android.app.ContextImpl.sendBroadcast:1123 com.android.server.InputMethodManagerService.showCurrentInputLocked:1791 com.android.server.InputMethodManagerService.attachNewInputLocked:1095 com.android.server.InputMethodManagerService.startInputUncheckedLocked:1166 com.android.server.InputMethodManagerService.windowGainedFocus:2026 
V/InputMethodService(  656): onEvaluateInputViewShown: config.hardKeyboardHidden = 1
I/ActivityManager(  470): START u0 {act=android.intent.action.MAIN cat=[android.intent.category.LAUNCHER] flg=0x10000000 sel={act=android.intent.action.MAIN cat=[android.intent.category.APP_EMAIL]}} from pid 470
V/InputMethodService(  656): onEvaluateInputViewShown: config.hardKeyboardHidden = 1
V/InputMethodService(  656): onEvaluateInputViewShown: config.hardKeyboardHidden = 1
W/ContextImpl(  470): Calling a method in the system process without a qualified user: android.app.ContextImpl.sendBroadcast:1123 com.android.server.InputMethodManagerService.showCurrentInputLocked:1791 com.android.server.InputMethodManagerService.attachNewInputLocked:1095 com.android.server.InputMethodManagerService.startInputUncheckedLocked:1166 com.android.server.InputMethodManagerService.startInputLocked:1128 
W/ContextImpl(  470): Calling a method in the system process without a qualified user: android.app.ContextImpl.sendBroadcast:1123 com.android.server.InputMethodManagerService.showCurrentInputLocked:1791 com.android.server.InputMethodManagerService.attachNewInputLocked:1095 com.android.server.InputMethodManagerService.startInputUncheckedLocked:1166 com.android.server.InputMethodManagerService.startInputLocked:1128 
W/ContextImpl(  470): Calling a method in the system process without a qualified user: android.app.ContextImpl.sendBroadcast:1123 com.android.server.InputMethodManagerService.hideCurrentInputLocked:1880 com.android.server.InputMethodManagerService.hideSoftInput:1843 com.android.internal.view.IInputMethodManager$Stub.onTransact:194 com.android.server.InputMethodManagerService.onTransact:818 
W/ContextImpl(  470): Calling a method in the system process without a qualified user: android.app.ContextImpl.sendBroadcast:1123 com.android.server.InputMethodManagerService.hideCurrentInputLocked:1880 com.android.server.InputMethodManagerService.hideSoftInput:1843 com.android.internal.view.IInputMethodManager$Stub.onTransact:194 com.android.server.InputMethodManagerService.onTransact:818 
I/ActivityManager(  470): START u0 {act=android.intent.action.MAIN cat=[android.intent.category.HOME] flg=0x10200000 cmp=com.vphone.launcher/.Launcher} from pid 470
D/dalvikvm(  470): GC_FOR_ALLOC freed 5143K, 47% free 17380K/32384K, paused 17ms, total 19ms
I/ActivityManager(  470): START u0 {act=android.intent.action.CALL_BUTTON flg=0x10000000} from pid 12576
W/PhoneFallbackEventHandler(12576): No activity found for android.intent.action.CALL_BUTTON.
I/ActivityManager(  470): START u0 {cmp=com.eat24.app/.activities.LoginActivity} from pid 12576
I/ActivityManager(  470): START u0 {cmp=com.eat24.app/.activities.LoginActivity} from pid 12576
W/ActivityManager(  470): Activity start request from 10060 stopped
I/ActivityManager(  470): START u0 {cmp=com.eat24.app/.activities.LoginActivity} from pid 12576
W/ActivityManager(  470): Activity start request from 10060 stopped
I/AppCompatViewInflater(12576): app:theme is now deprecated. Please move to using android:theme instead.
D/dalvikvm(12576): Trying to load lib /data/app-lib/com.eat24.app-1/libconceal.so 0x94f666d8
D/dalvikvm(12576): Shared lib '/data/app-lib/com.eat24.app-1/libconceal.so' already loaded in same CL 0x94f666d8
D/dalvikvm(12576): Trying to load lib /data/app-lib/com.eat24.app-1/libconceal.so 0x94f666d8
D/dalvikvm(12576): Shared lib '/data/app-lib/com.eat24.app-1/libconceal.so' already loaded in same CL 0x94f666d8
W/FlurryAgent(12576): Flurry session resumed for context:com.eat24.app.activities.LoginActivity@4ab9f750
W/EGL_emulation(12576): eglSurfaceAttrib not implemented 3093 12436
V/FlingTracker(  556): computeCurrentVelocity warning: totalweight=0
V/FlingTracker(  556): java.lang.Throwable
V/FlingTracker(  556): 	at com.android.systemui.statusbar.phone.PanelView$FlingTracker.computeCurrentVelocity(PanelView.java:162)
V/FlingTracker(  556): 	at com.android.systemui.statusbar.phone.PanelView$3.onTouch(PanelView.java:462)
V/FlingTracker(  556): 	at android.view.View.dispatchTouchEvent(View.java:7701)
V/FlingTracker(  556): 	at com.android.systemui.statusbar.phone.NotificationPanelView.onTouchEvent(NotificationPanelView.java:138)
V/FlingTracker(  556): 	at com.android.systemui.statusbar.phone.PanelBar.onTouchEvent(PanelBar.java:130)
V/FlingTracker(  556): 	at com.android.systemui.statusbar.phone.PhoneStatusBarView.onTouchEvent(PhoneStatusBarView.java:201)
V/FlingTracker(  556): 	at android.view.View.dispatchTouchEvent(View.java:7706)
V/FlingTracker(  556): 	at android.view.ViewGroup.dispatchTransformedTouchEvent(ViewGroup.java:2210)
V/FlingTracker(  556): 	at android.view.ViewGroup.dispatchTouchEvent(ViewGroup.java:1945)
V/FlingTracker(  556): 	at android.view.ViewGroup.dispatchTransformedTouchEvent(ViewGroup.java:2216)
V/FlingTracker(  556): 	at android.view.ViewGroup.dispatchTouchEvent(ViewGroup.java:1959)
V/FlingTracker(  556): 	at android.view.View.dispatchPointerEvent(View.java:7886)
V/FlingTracker(  556): 	at android.view.ViewRootImpl$ViewPostImeInputStage.processPointerEvent(ViewRootImpl.java:3978)
V/FlingTracker(  556): 	at android.view.ViewRootImpl$ViewPostImeInputStage.onProcess(ViewRootImpl.java:3857)
V/FlingTracker(  556): 	at android.view.ViewRootImpl$InputStage.deliver(ViewRootImpl.java:3423)
V/FlingTracker(  556): 	at android.view.ViewRootImpl$InputStage.onDeliverToNext(ViewRootImpl.java:3473)
V/FlingTracker(  556): 	at android.view.ViewRootImpl$InputStage.forward(ViewRootImpl.java:3442)
V/FlingTracker(  556): 	at android.view.ViewRootImpl$AsyncInputStage.forward(ViewRootImpl.java:3549)
V/FlingTracker(  556): 	at android.view.ViewRootImpl$InputStage.apply(ViewRootImpl.java:3450)
V/FlingTracker(  556): 	at android.view.ViewRootImpl$AsyncInputStage.apply(ViewRootImpl.java:3606)
V/FlingTracker(  556): 	at android.view.ViewRootImpl$InputStage.deliver(ViewRootImpl.java:3423)
V/FlingTracker(  556): 	at android.view.ViewRootImpl$InputStage.onDeliverToNext(ViewRootImpl.java:3473)
V/FlingTracker(  556): 	at android.view.ViewRootImpl$InputStage.forward(ViewRootImpl.java:3442)
V/FlingTracker(  556): 	at android.view.ViewRootImpl$InputStage.apply(ViewRootImpl.java:3450)
V/FlingTracker(  556): 	at android.view.ViewRootImpl$InputStage.deliver(ViewRootImpl.java:3423)
V/FlingTracker(  556): 	at android.view.ViewRootImpl.deliverInputEvent(ViewRootImpl.java:5626)
V/FlingTracker(  556): 	at android.view.ViewRootImpl.doProcessInputEvents(ViewRootImpl.java:5606)
V/FlingTracker(  556): 	at android.view.ViewRootImpl.enqueueInputEvent(ViewRootImpl.java:5577)
V/FlingTracker(  556): 	at android.view.ViewRootImpl$WindowInputEventReceiver.onInputEvent(ViewRootImpl.java:5706)
V/FlingTracker(  556): 	at android.view.InputEventReceiver.dispatchInputEvent(InputEventReceiver.java:185)
V/FlingTracker(  556): 	at android.os.MessageQueue.nativePollOnce(Native Method)
V/FlingTracker(  556): 	at android.os.MessageQueue.next(MessageQueue.java:138)
V/FlingTracker(  556): 	at android.os.Looper.loop(Looper.java:123)
V/FlingTracker(  556): 	at android.app.ActivityThread.main(ActivityThread.java:5019)
V/FlingTracker(  556): 	at java.lang.reflect.Method.invokeNative(Native Method)
V/FlingTracker(  556): 	at java.lang.reflect.Method.invoke(Method.java:515)
V/FlingTracker(  556): 	at com.android.internal.os.ZygoteInit$MethodAndArgsCaller.run(ZygoteInit.java:779)
V/FlingTracker(  556): 	at com.android.internal.os.ZygoteInit.main(ZygoteInit.java:595)
V/FlingTracker(  556): 	at dalvik.system.NativeStart.main(Native Method)
V/PanelView(  556): animationTick called with dtms=0; nothing to do (h=0.0 v=0.0)
W/ViewRootImpl(12576): Dropping event due to no window focus: MotionEvent { action=ACTION_MOVE, id[0]=0, x[0]=-3.0, y[0]=0.0, toolType[0]=TOOL_TYPE_UNKNOWN, buttonState=0, metaState=0, flags=0x0, edgeFlags=0x0, pointerCount=1, historySize=9, eventTime=1875035, downTime=-1, deviceId=0, source=0x10004 }
W/ViewRootImpl(12576): Dropping event due to no window focus: KeyEvent { action=ACTION_DOWN, keyCode=KEYCODE_A, scanCode=0, metaState=0, flags=0x8, repeatCount=0, eventTime=1875035, downTime=1875035, deviceId=-1, source=0x101 }
W/ViewRootImpl(12576): Dropping event due to no window focus: MotionEvent { action=ACTION_MOVE, id[0]=0, x[0]=-1.0, y[0]=2.0, toolType[0]=TOOL_TYPE_UNKNOWN, buttonState=0, metaState=0, flags=0x0, edgeFlags=0x0, pointerCount=1, historySize=19, eventTime=1875055, downTime=-1, deviceId=0, source=0x10004 }
W/ViewRootImpl(12576): Dropping event due to no window focus: MotionEvent { action=ACTION_DOWN, id[0]=0, x[0]=0.0, y[0]=0.0, toolType[0]=TOOL_TYPE_UNKNOWN, buttonState=0, metaState=0, flags=0x0, edgeFlags=0x0, pointerCount=1, historySize=0, eventTime=1875056, downTime=1875054, deviceId=0, source=0x10004 }
W/ViewRootImpl(12576): Dropping event due to no window focus: KeyEvent { action=ACTION_DOWN, keyCode=KEYCODE_DPAD_RIGHT, scanCode=0, metaState=0, flags=0x8, repeatCount=0, eventTime=1875056, downTime=1875056, deviceId=-1, source=0x101 }
W/ViewRootImpl(12576): Dropping event due to no window focus: KeyEvent { action=ACTION_DOWN, keyCode=KEYCODE_DPAD_UP, scanCode=0, metaState=0, flags=0x8, repeatCount=0, eventTime=1875057, downTime=1875057, deviceId=-1, source=0x101 }
W/ViewRootImpl(12576): Dropping event due to no window focus: KeyEvent { action=ACTION_DOWN, keyCode=KEYCODE_DPAD_DOWN, scanCode=0, metaState=0, flags=0x8, repeatCount=0, eventTime=1875057, downTime=1875057, deviceId=-1, source=0x101 }
W/ViewRootImpl(12576): Dropping event due to no window focus: KeyEvent { action=ACTION_DOWN, keyCode=KEYCODE_DPAD_RIGHT, scanCode=0, metaState=0, flags=0x8, repeatCount=0, eventTime=1875058, downTime=1875058, deviceId=-1, source=0x101 }
W/ViewRootImpl(12576): Dropping event due to no window focus: KeyEvent { action=ACTION_DOWN, keyCode=KEYCODE_DPAD_DOWN, scanCode=0, metaState=0, flags=0x8, repeatCount=0, eventTime=1875058, downTime=1875058, deviceId=-1, source=0x101 }
I/ActivityManager(  470): Displayed com.eat24.app/.activities.LoginActivity: +122ms
W/ContextImpl(  470): Calling a method in the system process without a qualified user: android.app.ContextImpl.sendBroadcast:1123 com.android.server.InputMethodManagerService.hideCurrentInputLocked:1880 com.android.server.InputMethodManagerService.windowGainedFocus:1995 com.android.internal.view.IInputMethodManager$Stub.onTransact:221 com.android.server.InputMethodManagerService.onTransact:818 
I/InputDispatcher(  470): Dropped event because of pending overdue app switch.
W/InputManager(  470): Input event injection from pid 12566 failed.
D/dalvikvm(  656): GC_CONCURRENT freed 389K, 15% free 3012K/3512K, paused 0ms+4ms, total 6ms
W/ContextImpl(  470): Calling a method in the system process without a qualified user: android.app.ContextImpl.sendBroadcast:1123 com.android.server.InputMethodManagerService.hideCurrentInputLocked:1880 com.android.server.InputMethodManagerService.hideSoftInput:1843 com.android.internal.view.IInputMethodManager$Stub.onTransact:194 com.android.server.InputMethodManagerService.onTransact:818 
D/dalvikvm(12576): GC_CONCURRENT freed 1537K, 15% free 9675K/11276K, paused 3ms+3ms, total 17ms
W/EGL_emulation(12576): eglSurfaceAttrib not implemented 3093 12436
I/ActivityManager(  470): START u0 {act=com.google.android.gms.signin.action.SIGN_IN cmp=com.google.android.gms/.signin.activity.SignInActivity (has extras)} from pid -1
W/ViewRootImpl(12576): Dropping event due to no window focus: KeyEvent { action=ACTION_DOWN, keyCode=KEYCODE_DPAD_DOWN, scanCode=0, metaState=0, flags=0x8, repeatCount=0, eventTime=1875429, downTime=1875429, deviceId=-1, source=0x101 }
W/EGL_emulation(12576): eglSurfaceAttrib not implemented 3093 12436
W/InputMethodManagerService(  470): Window already focused, ignoring focus gain of: com.android.internal.view.IInputMethodClient$Stub$Proxy@4a9f08fc attribute=null, token = android.os.BinderProxy@4ab07918
I/ActivityManager(  470): START u0 {act=com.google.android.gms.signin.action.SIGN_IN cmp=com.google.android.gms/.signin.activity.SignInActivity (has extras)} from pid -1
W/ViewRootImpl(12576): Dropping event due to no window focus: KeyEvent { action=ACTION_DOWN, keyCode=KEYCODE_BACK, scanCode=0, metaState=0, flags=0x8, repeatCount=0, eventTime=1875693, downTime=1875693, deviceId=-1, source=0x101 }
W/ViewRootImpl(12576): Dropping event due to no window focus: KeyEvent { action=ACTION_DOWN, keyCode=KEYCODE_BUTTON_9, scanCode=0, metaState=0, flags=0x8, repeatCount=0, eventTime=1875695, downTime=1875695, deviceId=-1, source=0x101 }
W/ViewRootImpl(12576): Dropping event due to no window focus: KeyEvent { action=ACTION_DOWN, keyCode=KEYCODE_DPAD_CENTER, scanCode=0, metaState=0, flags=0x8, repeatCount=0, eventTime=1875695, downTime=1875695, deviceId=-1, source=0x101 }
W/ViewRootImpl(12576): Dropping event due to no window focus: KeyEvent { action=ACTION_DOWN, keyCode=KEYCODE_DPAD_CENTER, scanCode=0, metaState=0, flags=0x8, repeatCount=0, eventTime=1875696, downTime=1875696, deviceId=-1, source=0x101 }
W/ViewRootImpl(12576): Dropping event due to no window focus: KeyEvent { action=ACTION_DOWN, keyCode=KEYCODE_DPAD_DOWN, scanCode=0, metaState=0, flags=0x8, repeatCount=0, eventTime=1875697, downTime=1875697, deviceId=-1, source=0x101 }
W/ViewRootImpl(12576): Dropping event due to no window focus: KeyEvent { action=ACTION_DOWN, keyCode=KEYCODE_DPAD_UP, scanCode=0, metaState=0, flags=0x8, repeatCount=0, eventTime=1875698, downTime=1875698, deviceId=-1, source=0x101 }
W/EGL_emulation(12576): eglSurfaceAttrib not implemented 3093 12436
I/ActivityManager(  470): START u0 {act=android.intent.action.MAIN cat=[android.intent.category.LAUNCHER] flg=0x10200000 cmp=com.eat24.app/.activities.SplashActivity} from pid 12566
W/InputMethodManagerService(  470): Window already focused, ignoring focus gain of: com.android.internal.view.IInputMethodClient$Stub$Proxy@4aa92db0 attribute=null, token = android.os.BinderProxy@4ab07918
I/AppCompatViewInflater(12576): app:theme is now deprecated. Please move to using android:theme instead.
D/dalvikvm(12576): Trying to load lib /data/app-lib/com.eat24.app-1/libconceal.so 0x94f666d8
D/dalvikvm(12576): Shared lib '/data/app-lib/com.eat24.app-1/libconceal.so' already loaded in same CL 0x94f666d8
D/dalvikvm(12576): Trying to load lib /data/app-lib/com.eat24.app-1/libconceal.so 0x94f666d8
D/dalvikvm(12576): Shared lib '/data/app-lib/com.eat24.app-1/libconceal.so' already loaded in same CL 0x94f666d8
W/FlurryAgent(12576): Flurry session resumed for context:com.eat24.app.activities.LoginActivity@4a82eac4
I/AppCompatViewInflater(12576): app:theme is now deprecated. Please move to using android:theme instead.
D/dalvikvm(12576): Trying to load lib /data/app-lib/com.eat24.app-1/libconceal.so 0x94f666d8
D/dalvikvm(12576): Shared lib '/data/app-lib/com.eat24.app-1/libconceal.so' already loaded in same CL 0x94f666d8
D/dalvikvm(12576): Trying to load lib /data/app-lib/com.eat24.app-1/libconceal.so 0x94f666d8
D/dalvikvm(12576): Shared lib '/data/app-lib/com.eat24.app-1/libconceal.so' already loaded in same CL 0x94f666d8
W/FlurryAgent(12576): Flurry session resumed for context:com.eat24.app.activities.LoginActivity@4ab51994
W/EGL_emulation(12576): eglSurfaceAttrib not implemented 3093 12436
D/dalvikvm(  746): GC_FOR_ALLOC freed 1125K, 21% free 9255K/11612K, paused 20ms, total 20ms
W/EGL_emulation(12576): eglSurfaceAttrib not implemented 3093 12436
W/ViewRootImpl(12576): Dropping event due to no window focus: KeyEvent { action=ACTION_DOWN, keyCode=KEYCODE_NUMPAD_DIVIDE, scanCode=0, metaState=0, flags=0x8, repeatCount=0, eventTime=1875745, downTime=1875745, deviceId=-1, source=0x101 }
W/ViewRootImpl(12576): Dropping event due to no window focus: KeyEvent { action=ACTION_DOWN, keyCode=KEYCODE_DPAD_LEFT, scanCode=0, metaState=0, flags=0x8, repeatCount=0, eventTime=1875858, downTime=1875858, deviceId=-1, source=0x101 }
W/ViewRootImpl(12576): Dropping event due to no window focus: KeyEvent { action=ACTION_DOWN, keyCode=KEYCODE_DPAD_CENTER, scanCode=0, metaState=0, flags=0x8, repeatCount=0, eventTime=1875860, downTime=1875860, deviceId=-1, source=0x101 }
W/ViewRootImpl(12576): Dropping event due to no window focus: KeyEvent { action=ACTION_DOWN, keyCode=KEYCODE_MENU, scanCode=0, metaState=0, flags=0x8, repeatCount=0, eventTime=1875861, downTime=1875861, deviceId=-1, source=0x101 }
W/ViewRootImpl(12576): Dropping event due to no window focus: KeyEvent { action=ACTION_DOWN, keyCode=KEYCODE_DPAD_UP, scanCode=0, metaState=0, flags=0x8, repeatCount=0, eventTime=1875862, downTime=1875862, deviceId=-1, source=0x101 }
I/ActivityManager(  470): START u0 {act=android.intent.action.MAIN cat=[android.intent.category.LAUNCHER] flg=0x10200000 cmp=com.eat24.app/.activities.SplashActivity} from pid 12566
I/ActivityManager(  470): START u0 {act=android.intent.action.MAIN cat=[android.intent.category.LAUNCHER] flg=0x10000000 cmp=com.android.contacts/.activities.PeopleActivity sel={act=android.intent.action.MAIN cat=[android.intent.category.APP_CONTACTS]}} from pid 470
I/ActivityManager(  470): Displayed com.eat24.app/.activities.LoginActivity: +182ms
I/ActivityManager(  470): Displayed com.eat24.app/.activities.LoginActivity: +181ms
W/ContextImpl(  470): Calling a method in the system process without a qualified user: android.app.ContextImpl.sendBroadcast:1123 com.android.server.InputMethodManagerService.hideCurrentInputLocked:1880 com.android.server.InputMethodManagerService.windowGainedFocus:1995 com.android.internal.view.IInputMethodManager$Stub.onTransact:221 com.android.server.InputMethodManagerService.onTransact:818 
I/WearableService(  668): Wearable Services stopping
W/ViewRootImpl(12576): Dropping event due to no window focus: KeyEvent { action=ACTION_DOWN, keyCode=KEYCODE_DPAD_LEFT, scanCode=0, metaState=0, flags=0x8, repeatCount=0, eventTime=1875988, downTime=1875988, deviceId=-1, source=0x101 }
W/EGL_emulation(12576): eglSurfaceAttrib not implemented 3093 12436
W/InputEventReceiver(12576): Attempted to finish an input event but the input event receiver has already been disposed.
W/InputEventReceiver(12576): Attempted to finish an input event but the input event receiver has already been disposed.
W/InputEventReceiver(12576): Attempted to finish an input event but the input event receiver has already been disposed.
V/PanelView(  556): animationTick called with dtms=0; nothing to do (h=0.0 v=-0.0)
W/ViewRootImpl(12576): Dropping event due to root view being removed: MotionEvent { action=ACTION_UP, id[0]=0, x[0]=818.4762, y[0]=431.6684, toolType[0]=TOOL_TYPE_UNKNOWN, buttonState=0, metaState=0, flags=0x0, edgeFlags=0x0, pointerCount=1, historySize=0, eventTime=1876097, downTime=1876097, deviceId=0, source=0x1002 }
W/ViewRootImpl(12576): Dropping event due to root view being removed: KeyEvent { action=ACTION_UP, keyCode=KEYCODE_DPAD_DOWN, scanCode=0, metaState=0, flags=0x8, repeatCount=0, eventTime=1876096, downTime=1876096, deviceId=-1, source=0x101 }
I/ActivityManager(  470): START u0 {act=android.intent.action.MAIN cat=[android.intent.category.LAUNCHER] flg=0x10200000 cmp=com.eat24.app/.activities.SplashActivity} from pid 12566
W/ViewRootImpl(12576): Dropping event due to no window focus: MotionEvent { action=ACTION_MOVE, id[0]=0, x[0]=-3.0, y[0]=-5.0, toolType[0]=TOOL_TYPE_UNKNOWN, buttonState=0, metaState=0, flags=0x0, edgeFlags=0x0, pointerCount=1, historySize=9, eventTime=1876109, downTime=-1, deviceId=0, source=0x10004 }
W/ViewRootImpl(12576): Dropping event due to no window focus: MotionEvent { action=ACTION_DOWN, id[0]=0, x[0]=0.0, y[0]=0.0, toolType[0]=TOOL_TYPE_UNKNOWN, buttonState=0, metaState=0, flags=0x0, edgeFlags=0x0, pointerCount=1, historySize=0, eventTime=1876109, downTime=1876106, deviceId=0, source=0x10004 }
