I/System.out(30456): body:<com.scvngr.levelup.core.net.o: com.scvngr.levelup.core.net.q a(android.content.Context,com.scvngr.levelup.core.net.AbstractRequest,boolean)>	sig:virtualinvoke $r6.<java.net.HttpURLConnection: void setRequestProperty(java.lang.String,java.lang.String)>($r7, $r12)	timediff:0
I/System.out(30456): body:<com.scvngr.levelup.core.net.o: com.scvngr.levelup.core.net.q a(android.content.Context,com.scvngr.levelup.core.net.AbstractRequest,boolean)>	sig:virtualinvoke $r6.<java.net.HttpURLConnection: void setRequestProperty(java.lang.String,java.lang.String)>($r7, $r12)	timediff:0
I/System.out(30456): body:<com.scvngr.levelup.core.net.o: com.scvngr.levelup.core.net.q a(android.content.Context,com.scvngr.levelup.core.net.AbstractRequest,boolean)>	sig:virtualinvoke $r6.<java.net.HttpURLConnection: void setRequestProperty(java.lang.String,java.lang.String)>($r7, $r12)	timediff:0
I/System.out(30456): body:<com.scvngr.levelup.core.net.o: com.scvngr.levelup.core.net.q a(android.content.Context,com.scvngr.levelup.core.net.AbstractRequest,boolean)>	sig:$z1 = virtualinvoke $r6.<java.net.HttpURLConnection: boolean getDoOutput()>()	timediff:0
W/ViewRootImpl(30456): Dropping event due to no window focus: KeyEvent { action=ACTION_DOWN, keyCode=KEYCODE_DPAD_RIGHT, scanCode=0, metaState=0, flags=0x8, repeatCount=0, eventTime=12862970, downTime=12862970, deviceId=-1, source=0x101 }
W/EGL_emulation(30456): eglSurfaceAttrib not implemented 3093 12436
W/ViewRootImpl(30456): Dropping event due to no window focus: KeyEvent { action=ACTION_DOWN, keyCode=KEYCODE_STB_INPUT, scanCode=0, metaState=0, flags=0x8, repeatCount=0, eventTime=12862986, downTime=12862986, deviceId=-1, source=0x101 }
W/SurfaceFlinger(  163): couldn't log to binary event log: overflow.
I/System.out(30456): body:<com.scvngr.levelup.core.net.q: void <init>(java.net.HttpURLConnection)>	sig:$i0 = virtualinvoke $r1.<java.net.HttpURLConnection: int getResponseCode()>()	timediff:88
I/System.out(30456): body:<com.scvngr.levelup.core.net.q: void <init>(java.net.HttpURLConnection)>	sig:$r2 = virtualinvoke $r1.<java.net.HttpURLConnection: java.util.Map getHeaderFields()>()	timediff:0
I/System.out(30456): body:<com.scvngr.levelup.core.net.q: void <init>(java.net.HttpURLConnection)>	sig:$r5 = virtualinvoke $r1.<java.net.HttpURLConnection: java.io.InputStream getErrorStream()>()	timediff:0
I/System.out(30456): body:<com.scvngr.levelup.core.net.BufferedResponse: void <init>(com.scvngr.levelup.core.net.q)>	sig:virtualinvoke $r7.<java.net.HttpURLConnection: void disconnect()>()	timediff:0
W/InputMethodManagerService(  483): Window already focused, ignoring focus gain of: com.android.internal.view.IInputMethodClient$Stub$Proxy@4ad1625c attribute=null, token = android.os.BinderProxy@4abaf194
W/EGL_emulation(30456): eglSurfaceAttrib not implemented 3093 12436
W/InputEventReceiver(30456): Attempted to finish an input event but the input event receiver has already been disposed.
W/InputEventReceiver(30456): Attempted to finish an input event but the input event receiver has already been disposed.
W/InputEventReceiver(30456): Attempted to finish an input event but the input event receiver has already been disposed.
W/InputEventReceiver(30456): Attempted to finish an input event but the input event receiver has already been disposed.
W/InputEventReceiver(30456): Attempted to finish an input event but the input event receiver has already been disposed.
W/InputEventReceiver(30456): Attempted to finish an input event but the input event receiver has already been disposed.
W/ViewRootImpl(30456): Dropping event due to root view being removed: MotionEvent { action=ACTION_MOVE, id[0]=0, x[0]=179.07108, y[0]=420.99097, toolType[0]=TOOL_TYPE_UNKNOWN, buttonState=0, metaState=0, flags=0x0, edgeFlags=0x0, pointerCount=1, historySize=4, eventTime=12863145, downTime=12863144, deviceId=0, source=0x1002 }
W/ViewRootImpl(30456): Dropping event due to root view being removed: MotionEvent { action=ACTION_UP, id[0]=0, x[0]=179.77734, y[0]=410.25085, toolType[0]=TOOL_TYPE_UNKNOWN, buttonState=0, metaState=0, flags=0x0, edgeFlags=0x0, pointerCount=1, historySize=0, eventTime=12863145, downTime=12863144, deviceId=0, source=0x1002 }
W/ViewRootImpl(30456): Dropping event due to root view being removed: MotionEvent { action=ACTION_DOWN, id[0]=0, x[0]=291.0, y[0]=-63.0, toolType[0]=TOOL_TYPE_UNKNOWN, buttonState=0, metaState=0, flags=0x0, edgeFlags=0x0, pointerCount=1, historySize=0, eventTime=12863146, downTime=12863146, deviceId=0, source=0x1002 }
W/ViewRootImpl(30456): Dropping event due to root view being removed: MotionEvent { action=ACTION_MOVE, id[0]=0, x[0]=330.71124, y[0]=-124.568825, toolType[0]=TOOL_TYPE_UNKNOWN, buttonState=0, metaState=0, flags=0x0, edgeFlags=0x0, pointerCount=1, historySize=8, eventTime=12863148, downTime=12863146, deviceId=0, source=0x1002 }
W/ViewRootImpl(30456): Dropping event due to root view being removed: MotionEvent { action=ACTION_UP, id[0]=0, x[0]=336.338, y[0]=-136.26115, toolType[0]=TOOL_TYPE_UNKNOWN, buttonState=0, metaState=0, flags=0x0, edgeFlags=0x0, pointerCount=1, historySize=0, eventTime=12863148, downTime=12863146, deviceId=0, source=0x1002 }
W/ViewRootImpl(30456): Dropping event due to no window focus: KeyEvent { action=ACTION_DOWN, keyCode=KEYCODE_DPAD_UP, scanCode=0, metaState=0, flags=0x8, repeatCount=0, eventTime=12863157, downTime=12863157, deviceId=-1, source=0x101 }
W/InputMethodManagerService(  483): Window already focused, ignoring focus gain of: com.android.internal.view.IInputMethodClient$Stub$Proxy@4ac91d3c attribute=android.view.inputmethod.EditorInfo@4ac2406c, token = android.os.BinderProxy@4abaf194
I/System.out(30456): body:<com.scvngr.levelup.core.net.AbstractRequest: java.net.URL a()>	sig:specialinvoke $r10.<java.net.URL: void <init>(java.lang.String)>($r9)	timediff:0
I/System.out(30456): <com.scvngr.levelup.core.net.AbstractRequest: java.net.URL a()>###specialinvoke $r10.<java.net.URL: void <init>(java.lang.String)>($r9)###https://api.thelevelup.com/v15/registration?api_key=c89cd850474bf3719130aa921e61e0101563774a37398873166aaa5e881b6eed&email=.
I/System.out(30456): body:<com.scvngr.levelup.ui.fragment.LevelUpWorkerFragment: void r()>	sig:$r7 = virtualinvoke $r11.<java.net.URL: java.lang.String toString()>()	timediff:0
I/System.out(30456): body:<com.scvngr.levelup.core.net.AbstractRequest: java.net.URL a()>	sig:specialinvoke $r10.<java.net.URL: void <init>(java.lang.String)>($r9)	timediff:0
I/System.out(30456): <com.scvngr.levelup.core.net.AbstractRequest: java.net.URL a()>###specialinvoke $r10.<java.net.URL: void <init>(java.lang.String)>($r9)###https://api.thelevelup.com/v15/registration?api_key=c89cd850474bf3719130aa921e61e0101563774a37398873166aaa5e881b6eed&email=.
I/System.out(30456): body:<com.scvngr.levelup.core.net.o: com.scvngr.levelup.core.net.q a(android.content.Context,com.scvngr.levelup.core.net.AbstractRequest,boolean)>	sig:$r5 = virtualinvoke $r4.<java.net.URL: java.net.URLConnection openConnection()>()	timediff:0
I/System.out(30456): body:<com.scvngr.levelup.core.net.o: com.scvngr.levelup.core.net.q a(android.content.Context,com.scvngr.levelup.core.net.AbstractRequest,boolean)>	sig:virtualinvoke $r6.<java.net.HttpURLConnection: void setRequestMethod(java.lang.String)>($r7)	timediff:0
I/System.out(30456): body:<com.scvngr.levelup.core.net.o: com.scvngr.levelup.core.net.q a(android.content.Context,com.scvngr.levelup.core.net.AbstractRequest,boolean)>	sig:virtualinvoke $r6.<java.net.HttpURLConnection: void setRequestProperty(java.lang.String,java.lang.String)>($r7, $r12)	timediff:0
I/System.out(30456): body:<com.scvngr.levelup.core.net.o: com.scvngr.levelup.core.net.q a(android.content.Context,com.scvngr.levelup.core.net.AbstractRequest,boolean)>	sig:virtualinvoke $r6.<java.net.HttpURLConnection: void setRequestProperty(java.lang.String,java.lang.String)>($r7, $r12)	timediff:0
I/System.out(30456): body:<com.scvngr.levelup.core.net.o: com.scvngr.levelup.core.net.q a(android.content.Context,com.scvngr.levelup.core.net.AbstractRequest,boolean)>	sig:virtualinvoke $r6.<java.net.HttpURLConnection: void setRequestProperty(java.lang.String,java.lang.String)>($r7, $r12)	timediff:0
I/System.out(30456): body:<com.scvngr.levelup.core.net.o: com.scvngr.levelup.core.net.q a(android.content.Context,com.scvngr.levelup.core.net.AbstractRequest,boolean)>	sig:virtualinvoke $r6.<java.net.HttpURLConnection: void setRequestProperty(java.lang.String,java.lang.String)>($r7, $r12)	timediff:0
I/System.out(30456): body:<com.scvngr.levelup.core.net.o: com.scvngr.levelup.core.net.q a(android.content.Context,com.scvngr.levelup.core.net.AbstractRequest,boolean)>	sig:virtualinvoke $r6.<java.net.HttpURLConnection: void setRequestProperty(java.lang.String,java.lang.String)>($r7, $r12)	timediff:0
I/System.out(30456): body:<com.scvngr.levelup.core.net.o: com.scvngr.levelup.core.net.q a(android.content.Context,com.scvngr.levelup.core.net.AbstractRequest,boolean)>	sig:$z1 = virtualinvoke $r6.<java.net.HttpURLConnection: boolean getDoOutput()>()	timediff:0
W/ContextImpl(  483): Calling a method in the system process without a qualified user: android.app.ContextImpl.sendBroadcast:1123 com.android.server.InputMethodManagerService.hideCurrentInputLocked:1880 com.android.server.InputMethodManagerService.hideSoftInput:1843 com.android.internal.view.IInputMethodManager$Stub.onTransact:194 com.android.server.InputMethodManagerService.onTransact:818 
W/ViewRootImpl(30456): Dropping event due to no window focus: KeyEvent { action=ACTION_DOWN, keyCode=KEYCODE_PROG_BLUE, scanCode=0, metaState=0, flags=0x8, repeatCount=0, eventTime=12863195, downTime=12863195, deviceId=-1, source=0x101 }
W/EGL_emulation(30456): eglSurfaceAttrib not implemented 3093 12436
W/EGL_emulation(30456): eglSurfaceAttrib not implemented 3093 12436
I/System.out(30456): body:<com.scvngr.levelup.core.net.q: void <init>(java.net.HttpURLConnection)>	sig:$i0 = virtualinvoke $r1.<java.net.HttpURLConnection: int getResponseCode()>()	timediff:92
I/System.out(30456): body:<com.scvngr.levelup.core.net.q: void <init>(java.net.HttpURLConnection)>	sig:$r2 = virtualinvoke $r1.<java.net.HttpURLConnection: java.util.Map getHeaderFields()>()	timediff:0
I/System.out(30456): body:<com.scvngr.levelup.core.net.q: void <init>(java.net.HttpURLConnection)>	sig:$r5 = virtualinvoke $r1.<java.net.HttpURLConnection: java.io.InputStream getErrorStream()>()	timediff:0
I/System.out(30456): body:<com.scvngr.levelup.core.net.BufferedResponse: void <init>(com.scvngr.levelup.core.net.q)>	sig:virtualinvoke $r7.<java.net.HttpURLConnection: void disconnect()>()	timediff:0
W/ViewRootImpl(30456): Dropping event due to no window focus: KeyEvent { action=ACTION_DOWN, keyCode=KEYCODE_8, scanCode=0, metaState=0, flags=0x8, repeatCount=0, eventTime=12863264, downTime=12863264, deviceId=-1, source=0x101 }
W/ContextImpl(  483): Calling a method in the system process without a qualified user: android.app.ContextImpl.sendBroadcast:1123 com.android.server.InputMethodManagerService.hideCurrentInputLocked:1880 com.android.server.InputMethodManagerService.windowGainedFocus:1968 com.android.internal.view.IInputMethodManager$Stub.onTransact:221 com.android.server.InputMethodManagerService.onTransact:818 
I/ActivityManager(  483): START u0 {cmp=com.lamadeleine.lamadeleine.android.app/com.example.levelup.whitelabel.app.ui.activity.LaMadRegistrationFlowActivity} from pid 30456
W/SurfaceFlinger(  163): couldn't log to binary event log: overflow.
W/EGL_emulation(30456): eglSurfaceAttrib not implemented 3093 12436
W/ContextImpl(  483): Calling a method in the system process without a qualified user: android.app.ContextImpl.sendBroadcast:1123 com.android.server.InputMethodManagerService.showCurrentInputLocked:1791 com.android.server.InputMethodManagerService.windowGainedFocus:1985 com.android.internal.view.IInputMethodManager$Stub.onTransact:221 com.android.server.InputMethodManagerService.onTransact:818 
V/InputMethodService(  621): onEvaluateInputViewShown: config.hardKeyboardHidden = 2
V/InputMethodService(  621): onEvaluateInputViewShown: config.hardKeyboardHidden = 2
I/ActivityManager(  483): Displayed com.lamadeleine.lamadeleine.android.app/com.example.levelup.whitelabel.app.ui.activity.LaMadRegistrationFlowActivity: +90ms
W/SurfaceFlinger(  163): couldn't log to binary event log: overflow.
V/InputMethodService(  621): onEvaluateInputViewShown: config.hardKeyboardHidden = 2
V/InputMethodService(  621): onEvaluateInputViewShown: config.hardKeyboardHidden = 2
W/ContextImpl(  483): Calling a method in the system process without a qualified user: android.app.ContextImpl.sendBroadcast:1123 com.android.server.InputMethodManagerService.showCurrentInputLocked:1791 com.android.server.InputMethodManagerService.attachNewInputLocked:1095 com.android.server.InputMethodManagerService.startInputUncheckedLocked:1166 com.android.server.InputMethodManagerService.startInputLocked:1128 
W/ContextImpl(  483): Calling a method in the system process without a qualified user: android.app.ContextImpl.sendBroadcast:1123 com.android.server.InputMethodManagerService.showCurrentInputLocked:1791 com.android.server.InputMethodManagerService.attachNewInputLocked:1095 com.android.server.InputMethodManagerService.startInputUncheckedLocked:1166 com.android.server.InputMethodManagerService.startInputLocked:1128 
W/WindowManager(  483): Rebuild removed 10 windows but added 9
W/WindowManager(  483): java.lang.RuntimeException: here
W/WindowManager(  483): 	at com.android.server.wm.WindowManagerService.rebuildAppWindowListLocked(WindowManagerService.java:8184)
W/WindowManager(  483): 	at com.android.server.wm.WindowManagerService.rebuildAppWindowListLocked(WindowManagerService.java:8120)
W/WindowManager(  483): 	at com.android.server.wm.WindowManagerService.handleAppTransitionReadyLocked(WindowManagerService.java:8603)
W/WindowManager(  483): 	at com.android.server.wm.WindowManagerService.performLayoutAndPlaceSurfacesLockedInner(WindowManagerService.java:9366)
W/WindowManager(  483): 	at com.android.server.wm.WindowManagerService.performLayoutAndPlaceSurfacesLockedLoop(WindowManagerService.java:8336)
W/WindowManager(  483): 	at com.android.server.wm.WindowManagerService.performLayoutAndPlaceSurfacesLocked(WindowManagerService.java:8278)
W/WindowManager(  483): 	at com.android.server.wm.WindowManagerService.relayoutWindow(WindowManagerService.java:3179)
W/WindowManager(  483): 	at com.android.server.wm.Session.relayout(Session.java:190)
W/WindowManager(  483): 	at android.view.IWindowSession$Stub.onTransact(IWindowSession.java:235)
W/WindowManager(  483): 	at com.android.server.wm.Session.onTransact(Session.java:125)
W/WindowManager(  483): 	at android.os.Binder.execTransact(Binder.java:404)
W/WindowManager(  483): 	at dalvik.system.NativeStart.run(Native Method)
W/WindowManager(  483): This window was lost: Window{4ae43054 u0 com.lamadeleine.lamadeleine.android.app/com.example.levelup.whitelabel.app.ui.activity.LaMadRegistrationFlowActivity EXITING}
W/WindowManager(  483): mDisplayId=0 mSession=Session{4acb5554 30456:u0a10104} mClient=android.os.BinderProxy@4a92af8c
W/WindowManager(  483): mOwnerUid=10104 mShowToOwnerOnly=true package=com.lamadeleine.lamadeleine.android.app appop=NONE
W/WindowManager(  483): mAttrs=WM.LayoutParams{(0,0)(wrapxwrap) gr=#11 sim=#120 ty=2 fl=#1820082 pfl=0x8 fmt=-2 wanim=0x10302a2}
W/WindowManager(  483): Requested w=832 h=144 mLayoutSeq=19565
W/WindowManager(  483): mBaseLayer=21000 mSubLayer=0 mAnimLayer=21005+1000=22005 mLastLayer=22005
W/WindowManager(  483): mToken=AppWindowToken{4b161df0 token=Token{4ae3cab0 ActivityRecord{4a8e1878 u0 com.lamadeleine.lamadeleine.android.app/com.example.levelup.whitelabel.app.ui.activity.LaMadRegistrationFlowActivity t287}}}
W/WindowManager(  483): mRootToken=AppWindowToken{4b161df0 token=Token{4ae3cab0 ActivityRecord{4a8e1878 u0 com.lamadeleine.lamadeleine.android.app/com.example.levelup.whitelabel.app.ui.activity.LaMadRegistrationFlowActivity t287}}}
W/WindowManager(  483): mAppToken=AppWindowToken{4b161df0 token=Token{4ae3cab0 ActivityRecord{4a8e1878 u0 com.lamadeleine.lamadeleine.android.app/com.example.levelup.whitelabel.app.ui.activity.LaMadRegistrationFlowActivity t287}}}
W/WindowManager(  483): mViewVisibility=0x8 mHaveFrame=true mObscured=false
W/WindowManager(  483): mSeq=0 mSystemUiVisibility=0x0
W/WindowManager(  483): mGivenContentInsets=[0,0][0,0] mGivenVisibleInsets=[0,0][0,0]
W/WindowManager(  483): mConfiguration={1.0 310mcc16mnc en_US ldltr sw480dp w853dp h454dp 240dpi lrg long land finger -keyb/v/h dpad/v s.87}
W/WindowManager(  483): mHasSurface=true mShownFrame=[317.95886,320.605][1149.9589,464.605] isReadyForDisplay()=true
W/WindowManager(  483): mFrame=[224,307][1056,451] last=[224,307][1056,451]
W/WindowManager(  483): mSystemDecorRect=[0,0][832,144] last=[0,0][832,144]
W/WindowManager(  483): Frames: containing=[0,38][1280,720] parent=[0,38][1280,720]
W/WindowManager(  483):     display=[0,38][1280,720] overscan=[0,38][1280,720]
W/WindowManager(  483):     content=[224,307][1056,451] visible=[224,307][1056,451]
W/WindowManager(  483):     decor=[0,38][1280,720]
W/WindowManager(  483): Cur insets: overscan=[0,0][0,0] content=[0,0][0,0] visible=[0,0][0,0]
W/WindowManager(  483): Lst insets: overscan=[0,0][0,0] content=[0,0][0,0] visible=[0,0][0,0]
W/WindowManager(  483): WindowStateAnimator{4aefb7c0 com.lamadeleine.lamadeleine.android.app/com.example.levelup.whitelabel.app.ui.activity.LaMadRegistrationFlowActivity}:
W/WindowManager(  483):   mAnimating=true mLocalAnimating=true mAnimationIsEntrance=false mAnimation=android.view.animation.AnimationSet@4abb0114
W/WindowManager(  483):   XForm: has=true hasLocal=true {alpha=0.0 matrix=[0.9, 0.0, 41.600006][0.0, 0.9, 7.2000046][0.0, 0.0, 1.0]}
W/WindowManager(  483):   mSurface=Surface(name=com.lamadeleine.lamadeleine.android.app/com.example.levelup.whitelabel.app.ui.activity.LaMadRegistrationFlowActivity)
W/WindowManager(  483):   mDrawState=HAS_DRAWN mLastHidden=false
W/WindowManager(  483):   Surface: shown=true layer=22005 alpha=0.0 rect=(317.95886,320.605) 832.0 x 144.0
W/WindowManager(  483):   mShownAlpha=0.0 mAlpha=1.0 mLastAlpha=0.0
W/WindowManager(  483):   mGlobalScale=1.0 mDsDx=0.7741373 mDtDx=0.0 mDsDy=0.0 mDtDy=0.7741373
W/WindowManager(  483): mExiting=true mRemoveOnExit=true mDestroying=false mRemoved=false
W/WindowManager(  483): Current app token list:
V/WindowManager(  483):   Display 0
V/WindowManager(  483):   #9: Token{4ad79770 ActivityRecord{4a8e3af8 u0 com.lamadeleine.lamadeleine.android.app/com.example.levelup.whitelabel.app.ui.activity.LaMadRegistrationFlowActivity t287 f}}
V/WindowManager(  483):   #8: Token{4ad6892c ActivityRecord{4aa8194c u0 com.lamadeleine.lamadeleine.android.app/com.example.levelup.whitelabel.app.ui.activity.LaMadRegistrationFlowActivity t287 f}}
V/WindowManager(  483):   #7: Token{4a9d0a10 ActivityRecord{4a9a0ee8 u0 com.lamadeleine.lamadeleine.android.app/com.scvngr.levelup.ui.activity.LoggedOutLandingActivity t287}}
V/WindowManager(  483):   #6: Token{4a9d17b0 ActivityRecord{4a9724f0 u0 com.lamadeleine.lamadeleine.android.app/com.scvngr.levelup.ui.activity.LevelUpCodeActivity t287}}
V/WindowManager(  483):   #5: Token{4ae33084 ActivityRecord{4a97d984 u0 com.google.android.gsf.login/.AccountIntroUIActivity t257}}
V/WindowManager(  483):   #4: Token{4acbb1c4 ActivityRecord{4aceea54 u0 com.google.android.gsf.login/.AccountIntroActivity t257}}
V/WindowManager(  483):   #3: Token{4a9d69ec ActivityRecord{4a9ad12c u0 com.android.vending/com.google.android.finsky.activities.MainActivity t257}}
V/WindowManager(  483):   #2: Token{4abb4a2c ActivityRecord{4ac16944 u0 com.google.android.gsf.login/.AccountIntroActivity t257}}
V/WindowManager(  483):   #1: Token{4a935bbc ActivityRecord{4a935a80 u0 com.vphone.launcher/.Launcher t1}}
V/WindowManager(  483):   #0: Token{4a986b88 ActivityRecord{4abf995c u0 com.android.settings/.Settings$DateTimeSettingsActivity t250}}
W/WindowManager(  483): Final window list:
V/WindowManager(  483):   #0: Window{4a943848 u0 StatusBar}
V/WindowManager(  483):   #1: Window{4a921228 u0 KeyguardScrim}
V/WindowManager(  483):   #2: Window{4acdec50 u0 InputMethod}
V/WindowManager(  483):   #3: Window{4ae46278 u0 com.lamadeleine.lamadeleine.android.app/com.example.levelup.whitelabel.app.ui.activity.LaMadRegistrationFlowActivity}
V/WindowManager(  483):   #4: Window{4ac5c9a4 u0 com.lamadeleine.lamadeleine.android.app/com.example.levelup.whitelabel.app.ui.activity.LaMadRegistrationFlowActivity}
V/WindowManager(  483):   #5: Window{4a9b5a2c u0 com.lamadeleine.lamadeleine.android.app/com.scvngr.levelup.ui.activity.LoggedOutLandingActivity}
V/WindowManager(  483):   #6: Window{4a9b3b58 u0 com.lamadeleine.lamadeleine.android.app/com.scvngr.levelup.ui.activity.LevelUpCodeActivity}
V/WindowManager(  483):   #7: Window{4abb950c u0 com.google.android.gsf.login/com.google.android.gsf.login.AccountIntroUIActivity}
V/WindowManager(  483):   #8: Window{4aa10374 u0 com.android.vending/com.google.android.finsky.activities.MainActivity}
V/WindowManager(  483):   #9: Window{4ad803c0 u0 com.google.android.gsf.login/com.google.android.gsf.login.AccountIntroActivity}
V/WindowManager(  483):   #10: Window{4a8f3564 u0 com.vphone.launcher/com.vphone.launcher.Launcher}
V/WindowManager(  483):   #11: Window{4ae2d2fc u0 com.android.settings/com.android.settings.Settings$DateTimeSettingsActivity}
W/SurfaceFlinger(  163): couldn't log to binary event log: overflow.
V/WindowManager(  483):   #12: Window{4a95ea4c u0 com.android.systemui.ImageWallpaper}
W/EGL_emulation(30456): eglSurfaceAttrib not implemented 3093 12436
V/InputMethodService(  621): onEvaluateInputViewShown: config.hardKeyboardHidden = 2
V/InputMethodService(  621): onEvaluateInputViewShown: config.hardKeyboardHidden = 2
W/ViewRootImpl(30456): Dropping event due to no window focus: KeyEvent { action=ACTION_DOWN, keyCode=KEYCODE_MENU, scanCode=0, metaState=0, flags=0x8, repeatCount=0, eventTime=12863579, downTime=12863579, deviceId=-1, source=0x101 }
W/ContextImpl(  483): Calling a method in the system process without a qualified user: android.app.ContextImpl.sendBroadcast:1123 com.android.server.InputMethodManagerService.hideCurrentInputLocked:1880 com.android.server.InputMethodManagerService.windowGainedFocus:1968 com.android.internal.view.IInputMethodManager$Stub.onTransact:221 com.android.server.InputMethodManagerService.onTransact:818 
V/PanelView(  538): animationTick called with dtms=0; nothing to do (h=0.0 v=-0.0)
I/ActivityManager(  483): START u0 {cmp=com.lamadeleine.lamadeleine.android.app/com.example.levelup.whitelabel.app.ui.activity.LaMadRegistrationFlowActivity} from pid 30456
W/SurfaceFlinger(  163): couldn't log to binary event log: overflow.
W/EGL_emulation(30456): eglSurfaceAttrib not implemented 3093 12436
W/ViewRootImpl(30456): Dropping event due to no window focus: KeyEvent { action=ACTION_DOWN, keyCode=KEYCODE_F4, scanCode=0, metaState=0, flags=0x8, repeatCount=0, eventTime=12863711, downTime=12863711, deviceId=-1, source=0x101 }
W/ViewRootImpl(30456): Dropping event due to no window focus: KeyEvent { action=ACTION_DOWN, keyCode=KEYCODE_DPAD_LEFT, scanCode=0, metaState=0, flags=0x8, repeatCount=0, eventTime=12863780, downTime=12863780, deviceId=-1, source=0x101 }
W/ViewRootImpl(30456): Dropping event due to no window focus: KeyEvent { action=ACTION_DOWN, keyCode=KEYCODE_DPAD_DOWN, scanCode=0, metaState=0, flags=0x8, repeatCount=0, eventTime=12863784, downTime=12863784, deviceId=-1, source=0x101 }
I/ActivityManager(  483): Displayed com.lamadeleine.lamadeleine.android.app/com.example.levelup.whitelabel.app.ui.activity.LaMadRegistrationFlowActivity: +84ms
W/ContextImpl(  483): Calling a method in the system process without a qualified user: android.app.ContextImpl.sendBroadcast:1123 com.android.server.InputMethodManagerService.showCurrentInputLocked:1791 com.android.server.InputMethodManagerService.windowGainedFocus:1985 com.android.internal.view.IInputMethodManager$Stub.onTransact:221 com.android.server.InputMethodManagerService.onTransact:818 
V/InputMethodService(  621): onEvaluateInputViewShown: config.hardKeyboardHidden = 2
V/InputMethodService(  621): onEvaluateInputViewShown: config.hardKeyboardHidden = 2
V/InputMethodService(  621): onEvaluateInputViewShown: config.hardKeyboardHidden = 2
V/InputMethodService(  621): onEvaluateInputViewShown: config.hardKeyboardHidden = 2
W/ContextImpl(  483): Calling a method in the system process without a qualified user: android.app.ContextImpl.sendBroadcast:1123 com.android.server.InputMethodManagerService.showCurrentInputLocked:1791 com.android.server.InputMethodManagerService.showSoftInput:1753 com.android.internal.view.IInputMethodManager$Stub.onTransact:175 com.android.server.InputMethodManagerService.onTransact:818 
V/InputMethodService(  621): onEvaluateInputViewShown: config.hardKeyboardHidden = 2
V/InputMethodService(  621): onEvaluateInputViewShown: config.hardKeyboardHidden = 2
W/ContextImpl(  483): Calling a method in the system process without a qualified user: android.app.ContextImpl.sendBroadcast:1123 com.android.server.InputMethodManagerService.showCurrentInputLocked:1791 com.android.server.InputMethodManagerService.attachNewInputLocked:1095 com.android.server.InputMethodManagerService.startInputUncheckedLocked:1166 com.android.server.InputMethodManagerService.startInputLocked:1128 
W/ContextImpl(  483): Calling a method in the system process without a qualified user: android.app.ContextImpl.sendBroadcast:1123 com.android.server.InputMethodManagerService.showCurrentInputLocked:1791 com.android.server.InputMethodManagerService.attachNewInputLocked:1095 com.android.server.InputMethodManagerService.startInputUncheckedLocked:1166 com.android.server.InputMethodManagerService.startInputLocked:1128 
W/ContextImpl(  483): Calling a method in the system process without a qualified user: android.app.ContextImpl.sendBroadcast:1123 com.android.server.InputMethodManagerService.showCurrentInputLocked:1791 com.android.server.InputMethodManagerService.attachNewInputLocked:1095 com.android.server.InputMethodManagerService.startInputUncheckedLocked:1166 com.android.server.InputMethodManagerService.startInputLocked:1128 
W/IInputConnectionWrapper(30456): getCursorCapsMode on inactive InputConnection
V/InputMethodService(  621): onEvaluateInputViewShown: config.hardKeyboardHidden = 2
V/InputMethodService(  621): onEvaluateInputViewShown: config.hardKeyboardHidden = 2
V/InputMethodService(  621): onEvaluateInputViewShown: config.hardKeyboardHidden = 2
V/InputMethodService(  621): onEvaluateInputViewShown: config.hardKeyboardHidden = 2
W/ContextImpl(  483): Calling a method in the system process without a qualified user: android.app.ContextImpl.sendBroadcast:1123 com.android.server.InputMethodManagerService.hideCurrentInputLocked:1880 com.android.server.InputMethodManagerService.hideSoftInput:1843 com.android.internal.view.IInputMethodManager$Stub.onTransact:194 com.android.server.InputMethodManagerService.onTransact:818 
W/EGL_emulation(30456): eglSurfaceAttrib not implemented 3093 12436
W/InputManager(  483): Input event injection from pid 30446 failed.
W/InputManager(  483): Input event injection from pid 30446 failed.
W/EGL_emulation(30456): eglSurfaceAttrib not implemented 3093 12436
W/IInputConnectionWrapper(30456): getCursorCapsMode on inactive InputConnection
W/ViewRootImpl(30456): Dropping event due to no window focus: KeyEvent { action=ACTION_DOWN, keyCode=KEYCODE_U, scanCode=0, metaState=0, flags=0x8, repeatCount=0, eventTime=12864047, downTime=12864047, deviceId=-1, source=0x101 }
W/ViewRootImpl(30456): Dropping event due to no window focus: KeyEvent { action=ACTION_DOWN, keyCode=KEYCODE_MENU, scanCode=0, metaState=0, flags=0x8, repeatCount=0, eventTime=12864095, downTime=12864095, deviceId=-1, source=0x101 }
W/ContextImpl(  483): Calling a method in the system process without a qualified user: android.app.ContextImpl.sendBroadcast:1123 com.android.server.InputMethodManagerService.hideCurrentInputLocked:1880 com.android.server.InputMethodManagerService.windowGainedFocus:1968 com.android.internal.view.IInputMethodManager$Stub.onTransact:221 com.android.server.InputMethodManagerService.onTransact:818 
I/ActivityManager(  483): START u0 {act=android.intent.action.MAIN cat=[android.intent.category.LAUNCHER] flg=0x10000000 sel={act=android.intent.action.MAIN cat=[android.intent.category.APP_CALENDAR]}} from pid 483
I/ActivityManager(  483): START u0 {cmp=com.lamadeleine.lamadeleine.android.app/com.example.levelup.whitelabel.app.ui.activity.LaMadRegistrationFlowActivity} from pid 30456
W/WindowManager(  483): Force-removing child win Window{4af0519c u0 PopupWindow:4b09d870 EXITING} from container Window{4ae6d5b8 u0 com.lamadeleine.lamadeleine.android.app/com.example.levelup.whitelabel.app.ui.activity.LaMadRegistrationFlowActivity}
W/SurfaceFlinger(  163): couldn't log to binary event log: overflow.
W/EGL_emulation(30456): eglSurfaceAttrib not implemented 3093 12436
W/ViewRootImpl(30456): Dropping event due to no window focus: KeyEvent { action=ACTION_DOWN, keyCode=KEYCODE_DPAD_CENTER, scanCode=0, metaState=0, flags=0x8, repeatCount=0, eventTime=12864161, downTime=12864161, deviceId=-1, source=0x101 }
W/ContextImpl(  483): Calling a method in the system process without a qualified user: android.app.ContextImpl.sendBroadcast:1123 com.android.server.InputMethodManagerService.showCurrentInputLocked:1791 com.android.server.InputMethodManagerService.windowGainedFocus:1985 com.android.internal.view.IInputMethodManager$Stub.onTransact:221 com.android.server.InputMethodManagerService.onTransact:818 
V/InputMethodService(  621): onEvaluateInputViewShown: config.hardKeyboardHidden = 2
V/InputMethodService(  621): onEvaluateInputViewShown: config.hardKeyboardHidden = 2
I/ActivityManager(  483): Displayed com.lamadeleine.lamadeleine.android.app/com.example.levelup.whitelabel.app.ui.activity.LaMadRegistrationFlowActivity: +56ms
V/InputMethodService(  621): onEvaluateInputViewShown: config.hardKeyboardHidden = 2
V/InputMethodService(  621): onEvaluateInputViewShown: config.hardKeyboardHidden = 2
W/ContextImpl(  483): Calling a method in the system process without a qualified user: android.app.ContextImpl.sendBroadcast:1123 com.android.server.InputMethodManagerService.showCurrentInputLocked:1791 com.android.server.InputMethodManagerService.attachNewInputLocked:1095 com.android.server.InputMethodManagerService.startInputUncheckedLocked:1166 com.android.server.InputMethodManagerService.startInputLocked:1128 
V/InputMethodService(  621): onEvaluateInputViewShown: config.hardKeyboardHidden = 2
V/InputMethodService(  621): onEvaluateInputViewShown: config.hardKeyboardHidden = 2
W/ContextImpl(  483): Calling a method in the system process without a qualified user: android.app.ContextImpl.sendBroadcast:1123 com.android.server.InputMethodManagerService.showCurrentInputLocked:1791 com.android.server.InputMethodManagerService.attachNewInputLocked:1095 com.android.server.InputMethodManagerService.startInputUncheckedLocked:1166 com.android.server.InputMethodManagerService.startInputLocked:1128 
W/ContextImpl(  483): Calling a method in the system process without a qualified user: android.app.ContextImpl.sendBroadcast:1123 com.android.server.InputMethodManagerService.showCurrentInputLocked:1791 com.android.server.InputMethodManagerService.attachNewInputLocked:1095 com.android.server.InputMethodManagerService.startInputUncheckedLocked:1166 com.android.server.InputMethodManagerService.startInputLocked:1128 
W/ContextImpl(  483): Calling a method in the system process without a qualified user: android.app.ContextImpl.sendBroadcast:1123 com.android.server.InputMethodManagerService.showCurrentInputLocked:1791 com.android.server.InputMethodManagerService.showSoftInput:1753 com.android.internal.view.IInputMethodManager$Stub.onTransact:175 com.android.server.InputMethodManagerService.onTransact:818 
V/InputMethodService(  621): onEvaluateInputViewShown: config.hardKeyboardHidden = 2
V/InputMethodService(  621): onEvaluateInputViewShown: config.hardKeyboardHidden = 2
V/InputMethodService(  621): onEvaluateInputViewShown: config.hardKeyboardHidden = 2
V/InputMethodService(  621): onEvaluateInputViewShown: config.hardKeyboardHidden = 2
V/InputMethodService(  621): onEvaluateInputViewShown: config.hardKeyboardHidden = 2
V/InputMethodService(  621): onEvaluateInputViewShown: config.hardKeyboardHidden = 2
W/ContextImpl(  483): Calling a method in the system process without a qualified user: android.app.ContextImpl.sendBroadcast:1123 com.android.server.InputMethodManagerService.showCurrentInputLocked:1791 com.android.server.InputMethodManagerService.attachNewInputLocked:1095 com.android.server.InputMethodManagerService.startInputUncheckedLocked:1166 com.android.server.InputMethodManagerService.startInputLocked:1128 
V/InputMethodService(  621): onEvaluateInputViewShown: config.hardKeyboardHidden = 2
V/InputMethodService(  621): onEvaluateInputViewShown: config.hardKeyboardHidden = 2
W/ContextImpl(  483): Calling a method in the system process without a qualified user: android.app.ContextImpl.sendBroadcast:1123 com.android.server.InputMethodManagerService.showCurrentInputLocked:1791 com.android.server.InputMethodManagerService.attachNewInputLocked:1095 com.android.server.InputMethodManagerService.startInputUncheckedLocked:1166 com.android.server.InputMethodManagerService.startInputLocked:1128 
V/InputMethodService(  621): onEvaluateInputViewShown: config.hardKeyboardHidden = 2
V/InputMethodService(  621): onEvaluateInputViewShown: config.hardKeyboardHidden = 2
W/ContextImpl(  483): Calling a method in the system process without a qualified user: android.app.ContextImpl.sendBroadcast:1123 com.android.server.InputMethodManagerService.showCurrentInputLocked:1791 com.android.server.InputMethodManagerService.attachNewInputLocked:1095 com.android.server.InputMethodManagerService.startInputUncheckedLocked:1166 com.android.server.InputMethodManagerService.startInputLocked:1128 
W/InputManager(  483): Input event injection from pid 30446 failed.
W/InputManager(  483): Input event injection from pid 30446 failed.
W/EGL_emulation(30456): eglSurfaceAttrib not implemented 3093 12436
W/ViewRootImpl(30456): Dropping event due to no window focus: KeyEvent { action=ACTION_DOWN, keyCode=KEYCODE_DPAD_RIGHT, scanCode=0, metaState=0, flags=0x8, repeatCount=0, eventTime=12864360, downTime=12864360, deviceId=-1, source=0x101 }
W/ContextImpl(  483): Calling a method in the system process without a qualified user: android.app.ContextImpl.sendBroadcast:1123 com.android.server.InputMethodManagerService.hideCurrentInputLocked:1880 com.android.server.InputMethodManagerService.windowGainedFocus:1968 com.android.internal.view.IInputMethodManager$Stub.onTransact:221 com.android.server.InputMethodManagerService.onTransact:818 
I/ActivityManager(  483): START u0 {cmp=com.lamadeleine.lamadeleine.android.app/com.example.levelup.whitelabel.app.ui.activity.LaMadRegistrationFlowActivity} from pid 30456
W/EGL_emulation(30456): eglSurfaceAttrib not implemented 3093 12436
W/ViewRootImpl(30456): Dropping event due to no window focus: KeyEvent { action=ACTION_DOWN, keyCode=KEYCODE_DPAD_RIGHT, scanCode=0, metaState=0, flags=0x8, repeatCount=0, eventTime=12864409, downTime=12864409, deviceId=-1, source=0x101 }
I/ActivityManager(  483): START u0 {act=android.intent.action.MAIN cat=[android.intent.category.LAUNCHER] flg=0x10200000 cmp=com.lamadeleine.lamadeleine.android.app/com.scvngr.levelup.ui.activity.LauncherActivity} from pid 30446
W/ContextImpl(  483): Calling a method in the system process without a qualified user: android.app.ContextImpl.sendBroadcast:1123 com.android.server.InputMethodManagerService.showCurrentInputLocked:1791 com.android.server.InputMethodManagerService.windowGainedFocus:1985 com.android.internal.view.IInputMethodManager$Stub.onTransact:221 com.android.server.InputMethodManagerService.onTransact:818 
I/ActivityManager(  483): Displayed com.lamadeleine.lamadeleine.android.app/com.example.levelup.whitelabel.app.ui.activity.LaMadRegistrationFlowActivity: +67ms
V/InputMethodService(  621): onEvaluateInputViewShown: config.hardKeyboardHidden = 2
V/InputMethodService(  621): onEvaluateInputViewShown: config.hardKeyboardHidden = 2
W/ContextImpl(  483): Calling a method in the system process without a qualified user: android.app.ContextImpl.sendBroadcast:1123 com.android.server.InputMethodManagerService.hideCurrentInputLocked:1880 com.android.server.InputMethodManagerService.hideSoftInput:1843 com.android.internal.view.IInputMethodManager$Stub.onTransact:194 com.android.server.InputMethodManagerService.onTransact:818 
W/SurfaceFlinger(  163): couldn't log to binary event log: overflow.
W/EGL_emulation(30456): eglSurfaceAttrib not implemented 3093 12436
V/InputMethodService(  621): onEvaluateInputViewShown: config.hardKeyboardHidden = 2
V/InputMethodService(  621): onEvaluateInputViewShown: config.hardKeyboardHidden = 2
W/ContextImpl(  483): Calling a method in the system process without a qualified user: android.app.ContextImpl.sendBroadcast:1123 com.android.server.InputMethodManagerService.showCurrentInputLocked:1791 com.android.server.InputMethodManagerService.showSoftInput:1753 com.android.internal.view.IInputMethodManager$Stub.onTransact:175 com.android.server.InputMethodManagerService.onTransact:818 
W/ContextImpl(  483): Calling a method in the system process without a qualified user: android.app.ContextImpl.sendBroadcast:1123 com.android.server.InputMethodManagerService.showCurrentInputLocked:1791 com.android.server.InputMethodManagerService.attachNewInputLocked:1095 com.android.server.InputMethodManagerService.startInputUncheckedLocked:1166 com.android.server.InputMethodManagerService.startInputLocked:1128 
I/ActivityManager(  483): START u0 {act=android.intent.action.MAIN cat=[android.intent.category.LAUNCHER] flg=0x10200000 cmp=com.lamadeleine.lamadeleine.android.app/com.scvngr.levelup.ui.activity.LauncherActivity} from pid 30446
V/InputMethodService(  621): onEvaluateInputViewShown: config.hardKeyboardHidden = 2
V/InputMethodService(  621): onEvaluateInputViewShown: config.hardKeyboardHidden = 2
V/InputMethodService(  621): onEvaluateInputViewShown: config.hardKeyboardHidden = 2
V/InputMethodService(  621): onEvaluateInputViewShown: config.hardKeyboardHidden = 2
W/ContextImpl(  483): Calling a method in the system process without a qualified user: android.app.ContextImpl.sendBroadcast:1123 com.android.server.InputMethodManagerService.showCurrentInputLocked:1791 com.android.server.InputMethodManagerService.attachNewInputLocked:1095 com.android.server.InputMethodManagerService.startInputUncheckedLocked:1166 com.android.server.InputMethodManagerService.startInputLocked:1128 
W/ActivityManager(  483): Duplicate finish request for ActivityRecord{4acbd7c0 u0 com.lamadeleine.lamadeleine.android.app/com.example.levelup.whitelabel.app.ui.activity.LaMadRegistrationFlowActivity t287 f}
I/ActivityManager(  483): START u0 {act=android.intent.action.MAIN cat=[android.intent.category.LAUNCHER] flg=0x10200000 cmp=com.lamadeleine.lamadeleine.android.app/com.scvngr.levelup.ui.activity.LauncherActivity} from pid 30446
W/ContextImpl(  483): Calling a method in the system process without a qualified user: android.app.ContextImpl.sendBroadcast:1123 com.android.server.InputMethodManagerService.hideCurrentInputLocked:1880 com.android.server.InputMethodManagerService.hideMySoftInput:2299 com.android.internal.view.IInputMethodManager$Stub.onTransact:288 com.android.server.InputMethodManagerService.onTransact:818 
W/EGL_emulation(30456): eglSurfaceAttrib not implemented 3093 12436
W/ViewRootImpl(30456): Dropping event due to no window focus: KeyEvent { action=ACTION_DOWN, keyCode=KEYCODE_DPAD_RIGHT, scanCode=0, metaState=0, flags=0x8, repeatCount=0, eventTime=12864697, downTime=12864697, deviceId=-1, source=0x101 }
W/ViewRootImpl(30456): Dropping event due to no window focus: KeyEvent { action=ACTION_DOWN, keyCode=KEYCODE_SETTINGS, scanCode=0, metaState=0, flags=0x8, repeatCount=0, eventTime=12864724, downTime=12864724, deviceId=-1, source=0x101 }
W/ContextImpl(  483): Calling a method in the system process without a qualified user: android.app.ContextImpl.sendBroadcast:1123 com.android.server.InputMethodManagerService.hideCurrentInputLocked:1880 com.android.server.InputMethodManagerService.windowGainedFocus:1968 com.android.internal.view.IInputMethodManager$Stub.onTransact:221 com.android.server.InputMethodManagerService.onTransact:818 
W/ViewRootImpl(30456): Dropping event due to no window focus: KeyEvent { action=ACTION_MULTIPLE, keyCode=KEYCODE_DPAD_LEFT, scanCode=0, metaState=0, flags=0x400, repeatCount=77, eventTime=12864745, downTime=12864745, deviceId=-1, source=0x101 }
W/ViewRootImpl(30456): Dropping event due to no window focus: KeyEvent { action=ACTION_DOWN, keyCode=KEYCODE_DPAD_LEFT, scanCode=0, metaState=0, flags=0x400, repeatCount=0, eventTime=12864745, downTime=12864745, deviceId=-1, source=0x101 }
W/ViewRootImpl(30456): Dropping event due to no window focus: KeyEvent { action=ACTION_DOWN, keyCode=KEYCODE_DPAD_LEFT, scanCode=0, metaState=0, flags=0x400, repeatCount=0, eventTime=12864745, downTime=12864745, deviceId=-1, source=0x101 }
W/ViewRootImpl(30456): Dropping event due to no window focus: KeyEvent { action=ACTION_DOWN, keyCode=KEYCODE_DPAD_LEFT, scanCode=0, metaState=0, flags=0x400, repeatCount=0, eventTime=12864745, downTime=12864745, deviceId=-1, source=0x101 }
I/ActivityManager(  483): START u0 {cmp=com.lamadeleine.lamadeleine.android.app/com.example.levelup.whitelabel.app.ui.activity.LaMadRegistrationFlowActivity} from pid 30456
I/System.out(30456): body:<io.a.a.a.a.e.e: java.lang.String c(java.lang.CharSequence)>	sig:specialinvoke $r2.<java.net.URL: void <init>(java.lang.String)>($r1)	timediff:0
I/System.out(30456): <io.a.a.a.a.e.e: java.lang.String c(java.lang.CharSequence)>###specialinvoke $r2.<java.net.URL: void <init>(java.lang.String)>($r1)###https://e.crashlytics.com/spi/v2/events
I/System.out(30456): body:<io.a.a.a.a.e.e: java.lang.String c(java.lang.CharSequence)>	sig:$r3 = virtualinvoke $r2.<java.net.URL: java.lang.String getHost()>()	timediff:0
I/System.out(30456): body:<io.a.a.a.a.e.e: java.lang.String c(java.lang.CharSequence)>	sig:$i0 = virtualinvoke $r2.<java.net.URL: int getPort()>()	timediff:0
I/System.out(30456): body:<io.a.a.a.a.e.e: java.lang.String c(java.lang.CharSequence)>	sig:$r3 = virtualinvoke $r2.<java.net.URL: java.lang.String getProtocol()>()	timediff:0
I/System.out(30456): body:<io.a.a.a.a.e.e: java.lang.String c(java.lang.CharSequence)>	sig:$r6 = virtualinvoke $r2.<java.net.URL: java.lang.String getPath()>()	timediff:0
I/System.out(30456): body:<io.a.a.a.a.e.e: java.lang.String c(java.lang.CharSequence)>	sig:$r7 = virtualinvoke $r2.<java.net.URL: java.lang.String getQuery()>()	timediff:0
I/System.out(30456): body:<io.a.a.a.a.e.e: java.lang.String c(java.lang.CharSequence)>	sig:specialinvoke $r5.<java.net.URI: void <init>(java.lang.String,java.lang.String,java.lang.String,java.lang.String,java.lang.String)>($r3, $r1, $r6, $r7, null)	timediff:0
I/System.out(30456): body:<io.a.a.a.a.e.e: java.lang.String c(java.lang.CharSequence)>	sig:$r7 = virtualinvoke $r5.<java.net.URI: java.lang.String toASCIIString()>()	timediff:0
I/System.out(30456): body:<io.a.a.a.a.e.e: void <init>(java.lang.CharSequence,java.lang.String)>	sig:specialinvoke $r4.<java.net.URL: void <init>(java.lang.String)>($r3)	timediff:0
I/System.out(30456): <io.a.a.a.a.e.e: void <init>(java.lang.CharSequence,java.lang.String)>###specialinvoke $r4.<java.net.URL: void <init>(java.lang.String)>($r3)###https://e.crashlytics.com/spi/v2/events
I/System.out(30456): body:<io.a.a.a.a.e.i: java.net.HttpURLConnection a(java.net.URL)>	sig:$r2 = virtualinvoke $r1.<java.net.URL: java.net.URLConnection openConnection()>()	timediff:0
I/System.out(30456): body:<io.a.a.a.a.e.e: java.net.HttpURLConnection d()>	sig:virtualinvoke $r6.<java.net.HttpURLConnection: void setRequestMethod(java.lang.String)>($r1)	timediff:0
I/System.out(30456): body:<io.a.a.a.a.b.a: io.a.a.a.a.e.e a(java.util.Map)>	sig:virtualinvoke $r5.<java.net.HttpURLConnection: void setUseCaches(boolean)>(0)	timediff:0
I/System.out(30456): body:<io.a.a.a.a.b.a: io.a.a.a.a.e.e a(java.util.Map)>	sig:virtualinvoke $r5.<java.net.HttpURLConnection: void setConnectTimeout(int)>(10000)	timediff:0
I/System.out(30456): body:<io.a.a.a.a.e.e: io.a.a.a.a.e.e a(java.lang.String,java.lang.String)>	sig:virtualinvoke $r3.<java.net.HttpURLConnection: void setRequestProperty(java.lang.String,java.lang.String)>($r1, $r2)	timediff:0
I/System.out(30456): body:<io.a.a.a.a.e.e: io.a.a.a.a.e.e a(java.lang.String,java.lang.String)>	sig:virtualinvoke $r3.<java.net.HttpURLConnection: void setRequestProperty(java.lang.String,java.lang.String)>($r1, $r2)	timediff:0
I/System.out(30456): body:<io.a.a.a.a.e.e: io.a.a.a.a.e.e a(java.lang.String,java.lang.String)>	sig:virtualinvoke $r3.<java.net.HttpURLConnection: void setRequestProperty(java.lang.String,java.lang.String)>($r1, $r2)	timediff:0
I/System.out(30456): body:<io.a.a.a.a.e.e: io.a.a.a.a.e.e a(java.lang.String,java.lang.String)>	sig:virtualinvoke $r3.<java.net.HttpURLConnection: void setRequestProperty(java.lang.String,java.lang.String)>($r1, $r2)	timediff:0
I/System.out(30456): body:<io.a.a.a.a.e.e: io.a.a.a.a.e.e a(java.lang.String,java.lang.String)>	sig:virtualinvoke $r3.<java.net.HttpURLConnection: void setRequestProperty(java.lang.String,java.lang.String)>($r1, $r2)	timediff:0
I/System.out(30456): body:<io.a.a.a.a.e.e: io.a.a.a.a.e.e a(java.lang.String,java.lang.String)>	sig:virtualinvoke $r3.<java.net.HttpURLConnection: void setRequestProperty(java.lang.String,java.lang.String)>($r1, $r2)	timediff:0
I/System.out(30456): body:<io.a.a.a.a.e.e: io.a.a.a.a.e.e h()>	sig:virtualinvoke $r2.<java.net.HttpURLConnection: void setDoOutput(boolean)>(1)	timediff:0
I/System.out(30456): body:<io.a.a.a.a.e.e: io.a.a.a.a.e.e h()>	sig:$r3 = virtualinvoke $r2.<java.net.HttpURLConnection: java.lang.String getRequestProperty(java.lang.String)>("Content-Type")	timediff:0
I/System.out(30456): body:<io.a.a.a.a.e.e: io.a.a.a.a.e.e h()>	sig:$r4 = virtualinvoke $r2.<java.net.HttpURLConnection: java.io.OutputStream getOutputStream()>()	timediff:11
W/EGL_emulation(30456): eglSurfaceAttrib not implemented 3093 12436
W/ViewRootImpl(30456): Dropping event due to no window focus: KeyEvent { action=ACTION_DOWN, keyCode=KEYCODE_DPAD_LEFT, scanCode=0, metaState=0, flags=0x8, repeatCount=0, eventTime=12864751, downTime=12864751, deviceId=-1, source=0x101 }
W/ContextImpl(  483): Calling a method in the system process without a qualified user: android.app.ContextImpl.sendBroadcast:1123 com.android.server.InputMethodManagerService.showCurrentInputLocked:1791 com.android.server.InputMethodManagerService.windowGainedFocus:1985 com.android.internal.view.IInputMethodManager$Stub.onTransact:221 com.android.server.InputMethodManagerService.onTransact:818 
V/InputMethodService(  621): onEvaluateInputViewShown: config.hardKeyboardHidden = 2
V/InputMethodService(  621): onEvaluateInputViewShown: config.hardKeyboardHidden = 2
I/ActivityManager(  483): Displayed com.lamadeleine.lamadeleine.android.app/com.example.levelup.whitelabel.app.ui.activity.LaMadRegistrationFlowActivity: +63ms
W/SurfaceFlinger(  163): couldn't log to binary event log: overflow.
W/ViewRootImpl(30456): Dropping event due to no window focus: KeyEvent { action=ACTION_DOWN, keyCode=KEYCODE_DPAD_RIGHT, scanCode=0, metaState=0, flags=0x400, repeatCount=0, eventTime=12864893, downTime=12864893, deviceId=-1, source=0x101 }
W/ViewRootImpl(30456): Dropping event due to no window focus: KeyEvent { action=ACTION_DOWN, keyCode=KEYCODE_DPAD_RIGHT, scanCode=0, metaState=0, flags=0x400, repeatCount=0, eventTime=12864893, downTime=12864893, deviceId=-1, source=0x101 }
W/ViewRootImpl(30456): Dropping event due to no window focus: KeyEvent { action=ACTION_DOWN, keyCode=KEYCODE_DPAD_RIGHT, scanCode=0, metaState=0, flags=0x400, repeatCount=0, eventTime=12864893, downTime=12864893, deviceId=-1, source=0x101 }
W/EGL_emulation(30456): eglSurfaceAttrib not implemented 3093 12436
W/ViewRootImpl(30456): Dropping event due to no window focus: MotionEvent { action=ACTION_MOVE, id[0]=0, x[0]=-3.0, y[0]=4.0, toolType[0]=TOOL_TYPE_UNKNOWN, buttonState=0, metaState=0, flags=0x0, edgeFlags=0x0, pointerCount=1, historySize=14, eventTime=12864911, downTime=-1, deviceId=0, source=0x10004 }
W/ContextImpl(  483): Calling a method in the system process without a qualified user: android.app.ContextImpl.sendBroadcast:1123 com.android.server.InputMethodManagerService.hideCurrentInputLocked:1880 com.android.server.InputMethodManagerService.windowGainedFocus:1968 com.android.internal.view.IInputMethodManager$Stub.onTransact:221 com.android.server.InputMethodManagerService.onTransact:818 
I/ActivityManager(  483): START u0 {cmp=com.lamadeleine.lamadeleine.android.app/com.example.levelup.whitelabel.app.ui.activity.LaMadRegistrationFlowActivity} from pid 30456
I/System.out(30456): body:<io.a.a.a.a.e.e: int b()>	sig:$i0 = virtualinvoke $r2.<java.net.HttpURLConnection: int getResponseCode()>()	timediff:142
W/EGL_emulation(30456): eglSurfaceAttrib not implemented 3093 12436
