I/System.out( 1607): body:<com.cbs.app.androiddata.PersistentCookieStore$SerializableHttpCookie: void writeObject(java.io.ObjectOutputStream)>	sig:$r3 = virtualinvoke $r2.<java.net.HttpCookie: java.lang.String getComment()>()	timediff:0
I/System.out( 1607): body:<com.cbs.app.androiddata.PersistentCookieStore$SerializableHttpCookie: void writeObject(java.io.ObjectOutputStream)>	sig:$r3 = virtualinvoke $r2.<java.net.HttpCookie: java.lang.String getCommentURL()>()	timediff:0
I/System.out( 1607): body:<com.cbs.app.androiddata.PersistentCookieStore$SerializableHttpCookie: void writeObject(java.io.ObjectOutputStream)>	sig:$r3 = virtualinvoke $r2.<java.net.HttpCookie: java.lang.String getDomain()>()	timediff:0
I/System.out( 1607): body:<com.cbs.app.androiddata.PersistentCookieStore$SerializableHttpCookie: void writeObject(java.io.ObjectOutputStream)>	sig:$l0 = virtualinvoke $r2.<java.net.HttpCookie: long getMaxAge()>()	timediff:0
I/System.out( 1607): body:<com.cbs.app.androiddata.PersistentCookieStore$SerializableHttpCookie: void writeObject(java.io.ObjectOutputStream)>	sig:$r3 = virtualinvoke $r2.<java.net.HttpCookie: java.lang.String getPath()>()	timediff:0
I/System.out( 1607): body:<com.cbs.app.androiddata.PersistentCookieStore$SerializableHttpCookie: void writeObject(java.io.ObjectOutputStream)>	sig:$r3 = virtualinvoke $r2.<java.net.HttpCookie: java.lang.String getPortlist()>()	timediff:0
I/System.out( 1607): body:<com.cbs.app.androiddata.PersistentCookieStore$SerializableHttpCookie: void writeObject(java.io.ObjectOutputStream)>	sig:$i1 = virtualinvoke $r2.<java.net.HttpCookie: int getVersion()>()	timediff:0
I/System.out( 1607): body:<com.cbs.app.androiddata.PersistentCookieStore$SerializableHttpCookie: void writeObject(java.io.ObjectOutputStream)>	sig:$z0 = virtualinvoke $r2.<java.net.HttpCookie: boolean getSecure()>()	timediff:0
I/System.out( 1607): body:<com.cbs.app.androiddata.PersistentCookieStore$SerializableHttpCookie: void writeObject(java.io.ObjectOutputStream)>	sig:$z0 = virtualinvoke $r2.<java.net.HttpCookie: boolean getDiscard()>()	timediff:0
I/System.out( 1607): body:<com.adobe.mobile.ak: byte[] a(java.lang.String,int,java.lang.String,java.util.concurrent.Callable)>	sig:$i1 = virtualinvoke $r14.<java.net.HttpURLConnection: int getResponseCode()>()	timediff:123
I/System.out( 1607): body:<com.adobe.mobile.ak: byte[] a(java.lang.String,int,java.lang.String,java.util.concurrent.Callable)>	sig:$r8 = virtualinvoke $r4.<java.net.HttpURLConnection: java.io.InputStream getInputStream()>()	timediff:0
I/System.out( 1607): body:<empirical.HelperClass: void printURLInfo(java.lang.String,java.lang.String,java.net.URLConnection)>	sig:$r0 = virtualinvoke urlConnection.<java.net.URLConnection: java.net.URL getURL()>()	timediff:0
I/System.out( 1607): body:<empirical.HelperClass: void printURLInfo(java.lang.String,java.lang.String,java.net.URLConnection)>	sig:urlString = virtualinvoke $r0.<java.net.URL: java.lang.String toString()>()	timediff:0
I/System.out( 1607): body:<empirical.HelperClass: void printURLInfo(java.lang.String,java.lang.String,java.net.URLConnection)>	sig:isDoOutput = virtualinvoke urlConnection.<java.net.URLConnection: boolean getDoOutput()>()	timediff:0
I/System.out( 1607): body:<empirical.HelperClass: java.lang.String getHeaderField(java.net.URLConnection,java.lang.String)>	sig:data = virtualinvoke conn.<java.net.URLConnection: java.lang.String getHeaderField(java.lang.String)>(field)	timediff:0
I/System.out( 1607): body:<empirical.HelperClass: java.lang.String getHeaderField(java.net.URLConnection,java.lang.String)>	sig:data = virtualinvoke conn.<java.net.URLConnection: java.lang.String getHeaderField(java.lang.String)>(field)	timediff:0
I/System.out( 1607): body:<empirical.HelperClass: java.lang.String getHeaderField(java.net.URLConnection,java.lang.String)>	sig:data = virtualinvoke conn.<java.net.URLConnection: java.lang.String getHeaderField(java.lang.String)>(field)	timediff:0
I/System.out( 1607): body:<empirical.HelperClass: java.lang.String getHeaderField(java.net.URLConnection,java.lang.String)>	sig:data = virtualinvoke conn.<java.net.URLConnection: java.lang.String getHeaderField(java.lang.String)>(field)	timediff:0
I/System.out( 1607): body:<empirical.HelperClass: java.lang.String getHeaderField(java.net.URLConnection,java.lang.String)>	sig:data = virtualinvoke conn.<java.net.URLConnection: java.lang.String getHeaderField(java.lang.String)>(field)	timediff:0
I/System.out( 1607): URLConn;%;1;%;<com.adobe.mobile.ak: byte[] a(java.lang.String,int,java.lang.String,java.util.concurrent.Callable)>;%;$r8 = virtualinvoke $r4.<java.net.HttpURLConnection: java.io.InputStream getInputStream()>();%;http://om.cbsi.com/id?mid=61297995345107714823621087796549574322&mcorgid=10D31225525FF5790A490D4D@AdobeOrg;%;false;%;90;%;Not found;%;Not found;%;Not found;%;s_vi=[CS]v1|2D68C57E05031787-6000118EA00046FD[CE]; Expires=Mon, 13 Apr 2020 05:00:44 GMT; Domain=cbsi.com; Path=/
I/System.out( 1607): body:<com.adobe.mobile.ak: byte[] a(java.lang.String,int,java.lang.String,java.util.concurrent.Callable)>	sig:virtualinvoke $r4.<java.net.HttpURLConnection: void disconnect()>()	timediff:0
I/System.out( 1607): body:<com.adobe.mobile.ak: byte[] a(java.lang.String,int,java.lang.String,java.util.concurrent.Callable)>	sig:specialinvoke $r12.<java.net.URL: void <init>(java.lang.String)>($r5)	timediff:0
I/System.out( 1607): <com.adobe.mobile.ak: byte[] a(java.lang.String,int,java.lang.String,java.util.concurrent.Callable)>###specialinvoke $r12.<java.net.URL: void <init>(java.lang.String)>($r5)###http://dpm.demdex.net/id?d_ver=2&d_orgid=10D31225525FF5790A490D4D@AdobeOrg&d_mid=61297995345107714823621087796549574322&d_blob=6G1ynYcLPuiQxYZrsz_pkqfLG9yMXBpb2zX5dvJdYQJzPXImdj0y&dcs_region=9&d_cid_ic=AVID%012D68C57E05031787-6000118EA00046FD%010
I/System.out( 1607): body:<com.adobe.mobile.ak: byte[] a(java.lang.String,int,java.lang.String,java.util.concurrent.Callable)>	sig:$r13 = virtualinvoke $r12.<java.net.URL: java.net.URLConnection openConnection()>()	timediff:0
I/System.out( 1607): body:<com.adobe.mobile.ak: byte[] a(java.lang.String,int,java.lang.String,java.util.concurrent.Callable)>	sig:virtualinvoke $r14.<java.net.HttpURLConnection: void setConnectTimeout(int)>(2000)	timediff:0
I/System.out( 1607): body:<com.adobe.mobile.ak: byte[] a(java.lang.String,int,java.lang.String,java.util.concurrent.Callable)>	sig:virtualinvoke $r14.<java.net.HttpURLConnection: void setReadTimeout(int)>($i0)	timediff:0
I/System.out( 1607): body:<com.adobe.mobile.ak: byte[] a(java.lang.String,int,java.lang.String,java.util.concurrent.Callable)>	sig:virtualinvoke $r14.<java.net.HttpURLConnection: void setInstanceFollowRedirects(boolean)>(0)	timediff:0
I/System.out( 1607): body:<com.adobe.mobile.ak: byte[] a(java.lang.String,int,java.lang.String,java.util.concurrent.Callable)>	sig:virtualinvoke $r14.<java.net.HttpURLConnection: void setRequestProperty(java.lang.String,java.lang.String)>("Accept-Language", $r15)	timediff:0
I/System.out( 1607): body:<com.adobe.mobile.ak: byte[] a(java.lang.String,int,java.lang.String,java.util.concurrent.Callable)>	sig:virtualinvoke $r14.<java.net.HttpURLConnection: void setRequestProperty(java.lang.String,java.lang.String)>("User-Agent", $r15)	timediff:0
I/System.out( 1607): body:<com.cbs.app.androiddata.PersistentCookieStore: java.util.List a(java.net.URI)>	sig:$r9 = virtualinvoke $r8.<java.net.URI: java.lang.String getHost()>()	timediff:0
I/System.out( 1607): body:<com.cbs.app.androiddata.PersistentCookieStore: java.util.List a(java.net.URI)>	sig:$r10 = virtualinvoke $r1.<java.net.URI: java.lang.String getHost()>()	timediff:0
I/System.out( 1607): body:<com.cbs.app.androiddata.PersistentCookieStore: java.util.List a(java.net.URI)>	sig:$r9 = virtualinvoke $r8.<java.net.URI: java.lang.String getHost()>()	timediff:0
I/System.out( 1607): body:<com.cbs.app.androiddata.PersistentCookieStore: java.util.List a(java.net.URI)>	sig:$r10 = virtualinvoke $r1.<java.net.URI: java.lang.String getHost()>()	timediff:0
I/System.out( 1607): body:<com.cbs.app.androiddata.PersistentCookieStore: java.util.List a(java.net.URI)>	sig:$r10 = virtualinvoke $r8.<java.net.URI: java.lang.String getPath()>()	timediff:0
I/System.out( 1607): body:<com.cbs.app.androiddata.PersistentCookieStore: java.util.List a(java.net.URI)>	sig:$r9 = virtualinvoke $r1.<java.net.URI: java.lang.String getPath()>()	timediff:0
I/System.out( 1607): body:<com.cbs.app.androiddata.PersistentCookieStore: java.util.List a(java.net.URI)>	sig:$z0 = virtualinvoke $r14.<java.net.HttpCookie: boolean hasExpired()>()	timediff:0
I/System.out( 1607): body:<com.cbs.app.androiddata.PersistentCookieStore: java.net.URI a(java.net.URI,java.net.HttpCookie)>	sig:$r2 = virtualinvoke $r1.<java.net.HttpCookie: java.lang.String getDomain()>()	timediff:0
I/System.out( 1607): body:<com.cbs.app.androiddata.PersistentCookieStore: java.net.URI a(java.net.URI,java.net.HttpCookie)>	sig:$r2 = virtualinvoke $r1.<java.net.HttpCookie: java.lang.String getDomain()>()	timediff:0
I/System.out( 1607): body:<com.cbs.app.androiddata.PersistentCookieStore: java.net.URI a(java.net.URI,java.net.HttpCookie)>	sig:$r4 = virtualinvoke $r0.<java.net.URI: java.lang.String getScheme()>()	timediff:0
I/System.out( 1607): body:<com.cbs.app.androiddata.PersistentCookieStore: java.net.URI a(java.net.URI,java.net.HttpCookie)>	sig:$r5 = virtualinvoke $r0.<java.net.URI: java.lang.String getScheme()>()	timediff:0
I/System.out( 1607): body:<com.cbs.app.androiddata.PersistentCookieStore: java.net.URI a(java.net.URI,java.net.HttpCookie)>	sig:$r5 = virtualinvoke $r1.<java.net.HttpCookie: java.lang.String getPath()>()	timediff:0
I/System.out( 1607): body:<com.cbs.app.androiddata.PersistentCookieStore: java.net.URI a(java.net.URI,java.net.HttpCookie)>	sig:$r5 = virtualinvoke $r1.<java.net.HttpCookie: java.lang.String getPath()>()	timediff:0
I/System.out( 1607): body:<com.cbs.app.androiddata.PersistentCookieStore: java.net.URI a(java.net.URI,java.net.HttpCookie)>	sig:specialinvoke $r3.<java.net.URI: void <init>(java.lang.String,java.lang.String,java.lang.String,java.lang.String)>($r4, $r2, $r5, null)	timediff:0
I/System.out( 1607): body:<com.cbs.app.androiddata.PersistentCookieStore: void add(java.net.URI,java.net.HttpCookie)>	sig:$r9 = virtualinvoke $r1.<java.net.URI: java.lang.String toString()>()	timediff:0
I/System.out( 1607): body:<com.cbs.app.androiddata.PersistentCookieStore: void add(java.net.URI,java.net.HttpCookie)>	sig:$r9 = virtualinvoke $r2.<java.net.HttpCookie: java.lang.String getName()>()	timediff:0
I/System.out( 1607): body:<com.cbs.app.androiddata.PersistentCookieStore$SerializableHttpCookie: void writeObject(java.io.ObjectOutputStream)>	sig:$r3 = virtualinvoke $r2.<java.net.HttpCookie: java.lang.String getName()>()	timediff:0
I/System.out( 1607): body:<com.cbs.app.androiddata.PersistentCookieStore$SerializableHttpCookie: void writeObject(java.io.ObjectOutputStream)>	sig:$r3 = virtualinvoke $r2.<java.net.HttpCookie: java.lang.String getValue()>()	timediff:0
I/System.out( 1607): body:<com.cbs.app.androiddata.PersistentCookieStore$SerializableHttpCookie: void writeObject(java.io.ObjectOutputStream)>	sig:$r3 = virtualinvoke $r2.<java.net.HttpCookie: java.lang.String getComment()>()	timediff:0
I/System.out( 1607): body:<com.cbs.app.androiddata.PersistentCookieStore$SerializableHttpCookie: void writeObject(java.io.ObjectOutputStream)>	sig:$r3 = virtualinvoke $r2.<java.net.HttpCookie: java.lang.String getCommentURL()>()	timediff:0
I/System.out( 1607): body:<com.cbs.app.androiddata.PersistentCookieStore$SerializableHttpCookie: void writeObject(java.io.ObjectOutputStream)>	sig:$r3 = virtualinvoke $r2.<java.net.HttpCookie: java.lang.String getDomain()>()	timediff:0
I/System.out( 1607): body:<com.cbs.app.androiddata.PersistentCookieStore$SerializableHttpCookie: void writeObject(java.io.ObjectOutputStream)>	sig:$l0 = virtualinvoke $r2.<java.net.HttpCookie: long getMaxAge()>()	timediff:0
I/System.out( 1607): body:<com.cbs.app.androiddata.PersistentCookieStore$SerializableHttpCookie: void writeObject(java.io.ObjectOutputStream)>	sig:$r3 = virtualinvoke $r2.<java.net.HttpCookie: java.lang.String getPath()>()	timediff:0
I/System.out( 1607): body:<com.cbs.app.androiddata.PersistentCookieStore$SerializableHttpCookie: void writeObject(java.io.ObjectOutputStream)>	sig:$r3 = virtualinvoke $r2.<java.net.HttpCookie: java.lang.String getPortlist()>()	timediff:0
I/System.out( 1607): body:<com.cbs.app.androiddata.PersistentCookieStore$SerializableHttpCookie: void writeObject(java.io.ObjectOutputStream)>	sig:$i1 = virtualinvoke $r2.<java.net.HttpCookie: int getVersion()>()	timediff:0
I/System.out( 1607): body:<com.cbs.app.androiddata.PersistentCookieStore$SerializableHttpCookie: void writeObject(java.io.ObjectOutputStream)>	sig:$z0 = virtualinvoke $r2.<java.net.HttpCookie: boolean getSecure()>()	timediff:0
I/System.out( 1607): body:<com.cbs.app.androiddata.PersistentCookieStore$SerializableHttpCookie: void writeObject(java.io.ObjectOutputStream)>	sig:$z0 = virtualinvoke $r2.<java.net.HttpCookie: boolean getDiscard()>()	timediff:0
I/System.out( 1607): body:<com.adobe.mobile.ak: byte[] a(java.lang.String,int,java.lang.String,java.util.concurrent.Callable)>	sig:$i1 = virtualinvoke $r14.<java.net.HttpURLConnection: int getResponseCode()>()	timediff:59
I/System.out( 1607): body:<com.adobe.mobile.ak: byte[] a(java.lang.String,int,java.lang.String,java.util.concurrent.Callable)>	sig:$r8 = virtualinvoke $r4.<java.net.HttpURLConnection: java.io.InputStream getInputStream()>()	timediff:0
I/System.out( 1607): body:<empirical.HelperClass: void printURLInfo(java.lang.String,java.lang.String,java.net.URLConnection)>	sig:$r0 = virtualinvoke urlConnection.<java.net.URLConnection: java.net.URL getURL()>()	timediff:0
I/System.out( 1607): body:<empirical.HelperClass: void printURLInfo(java.lang.String,java.lang.String,java.net.URLConnection)>	sig:urlString = virtualinvoke $r0.<java.net.URL: java.lang.String toString()>()	timediff:0
I/System.out( 1607): body:<empirical.HelperClass: void printURLInfo(java.lang.String,java.lang.String,java.net.URLConnection)>	sig:isDoOutput = virtualinvoke urlConnection.<java.net.URLConnection: boolean getDoOutput()>()	timediff:0
I/System.out( 1607): body:<empirical.HelperClass: java.lang.String getHeaderField(java.net.URLConnection,java.lang.String)>	sig:data = virtualinvoke conn.<java.net.URLConnection: java.lang.String getHeaderField(java.lang.String)>(field)	timediff:0
I/System.out( 1607): body:<empirical.HelperClass: java.lang.String getHeaderField(java.net.URLConnection,java.lang.String)>	sig:data = virtualinvoke conn.<java.net.URLConnection: java.lang.String getHeaderField(java.lang.String)>(field)	timediff:0
I/System.out( 1607): body:<empirical.HelperClass: java.lang.String getHeaderField(java.net.URLConnection,java.lang.String)>	sig:data = virtualinvoke conn.<java.net.URLConnection: java.lang.String getHeaderField(java.lang.String)>(field)	timediff:0
I/System.out( 1607): body:<empirical.HelperClass: java.lang.String getHeaderField(java.net.URLConnection,java.lang.String)>	sig:data = virtualinvoke conn.<java.net.URLConnection: java.lang.String getHeaderField(java.lang.String)>(field)	timediff:0
I/System.out( 1607): body:<empirical.HelperClass: java.lang.String getHeaderField(java.net.URLConnection,java.lang.String)>	sig:data = virtualinvoke conn.<java.net.URLConnection: java.lang.String getHeaderField(java.lang.String)>(field)	timediff:0
I/System.out( 1607): URLConn;%;2;%;<com.adobe.mobile.ak: byte[] a(java.lang.String,int,java.lang.String,java.util.concurrent.Callable)>;%;$r8 = virtualinvoke $r4.<java.net.HttpURLConnection: java.io.InputStream getInputStream()>();%;http://dpm.demdex.net/id?d_ver=2&d_orgid=10D31225525FF5790A490D4D@AdobeOrg&d_mid=61297995345107714823621087796549574322&d_blob=6G1ynYcLPuiQxYZrsz_pkqfLG9yMXBpb2zX5dvJdYQJzPXImdj0y&dcs_region=9&d_cid_ic=AVID%012D68C57E05031787-6000118EA00046FD%010;%;false;%;Not found;%;no-cache,no-store,must-revalidate,max-age=0,proxy-revalidate,no-transform,private;%;Thu, 01 Jan 2009 00:00:00 GMT;%;Not found;%;demdex=61448524637156987863609418339639434186;Path=/;Domain=.demdex.net;Expires=Thu, 11-Oct-2018 05:00:44 GMT
I/System.out( 1607): body:<com.adobe.mobile.ak: byte[] a(java.lang.String,int,java.lang.String,java.util.concurrent.Callable)>	sig:virtualinvoke $r4.<java.net.HttpURLConnection: void disconnect()>()	timediff:0
D/dalvikvm( 1607): GC_CONCURRENT freed 483K, 11% free 4805K/5360K, paused 1ms+1ms, total 4ms
I/System.out( 1607): body:<com.adobe.mobile.ak: byte[] a(java.lang.String,int,java.lang.String,java.util.concurrent.Callable)>	sig:specialinvoke $r12.<java.net.URL: void <init>(java.lang.String)>($r5)	timediff:0
I/System.out( 1607): <com.adobe.mobile.ak: byte[] a(java.lang.String,int,java.lang.String,java.util.concurrent.Callable)>###specialinvoke $r12.<java.net.URL: void <init>(java.lang.String)>($r5)###http://cbsi.demdex.net/event?c_a_Resolution=1280x720&c_a_MonthlyEngUserEvent=MonthlyEngUserEvent&c_a_AppID=CBS%203.6.5%20%281537006%29&c_a_CarrierName=T-Mobile&c_a_InstallEvent=InstallEvent&c_a_DailyEngUserEvent=DailyEngUserEvent&c_a_locale=ja-US&c_a_LaunchEvent=LaunchEvent&c_a_OSVersion=Android%204.4.2&c_a_DayOfWeek=6&c_a_RunMode=Application&c_a_Launches=1&c_a_DeviceName=SM-G9350&c_a_HourOfDay=22&c_a_InstallDate=4%2F13%2F2018&d_mid=61297995345107714823621087796549574322&d_blob=6G1ynYcLPuiQxYZrsz_pkqfLG9yMXBpb2zX5dvJdYQJzPXImdj0y&dcs_region=9&d_cid_ic=AVID%012D68C57E05031787-6000118EA00046FD%010&d_ptfm=android&d_dst=1&d_rtbd=json
I/System.out( 1607): body:<com.adobe.mobile.ak: byte[] a(java.lang.String,int,java.lang.String,java.util.concurrent.Callable)>	sig:$r13 = virtualinvoke $r12.<java.net.URL: java.net.URLConnection openConnection()>()	timediff:0
I/System.out( 1607): body:<com.adobe.mobile.ak: byte[] a(java.lang.String,int,java.lang.String,java.util.concurrent.Callable)>	sig:virtualinvoke $r14.<java.net.HttpURLConnection: void setConnectTimeout(int)>(2000)	timediff:0
I/System.out( 1607): body:<com.adobe.mobile.ak: byte[] a(java.lang.String,int,java.lang.String,java.util.concurrent.Callable)>	sig:virtualinvoke $r14.<java.net.HttpURLConnection: void setReadTimeout(int)>($i0)	timediff:0
I/System.out( 1607): body:<com.adobe.mobile.ak: byte[] a(java.lang.String,int,java.lang.String,java.util.concurrent.Callable)>	sig:virtualinvoke $r14.<java.net.HttpURLConnection: void setInstanceFollowRedirects(boolean)>(0)	timediff:0
I/System.out( 1607): body:<com.adobe.mobile.ak: byte[] a(java.lang.String,int,java.lang.String,java.util.concurrent.Callable)>	sig:virtualinvoke $r14.<java.net.HttpURLConnection: void setRequestProperty(java.lang.String,java.lang.String)>("Accept-Language", $r15)	timediff:0
I/System.out( 1607): body:<com.adobe.mobile.ak: byte[] a(java.lang.String,int,java.lang.String,java.util.concurrent.Callable)>	sig:virtualinvoke $r14.<java.net.HttpURLConnection: void setRequestProperty(java.lang.String,java.lang.String)>("User-Agent", $r15)	timediff:0
I/System.out( 1607): body:<com.cbs.app.androiddata.PersistentCookieStore: java.util.List a(java.net.URI)>	sig:$r9 = virtualinvoke $r8.<java.net.URI: java.lang.String getHost()>()	timediff:0
I/System.out( 1607): body:<com.cbs.app.androiddata.PersistentCookieStore: java.util.List a(java.net.URI)>	sig:$r10 = virtualinvoke $r1.<java.net.URI: java.lang.String getHost()>()	timediff:0
I/System.out( 1607): body:<com.cbs.app.androiddata.PersistentCookieStore: java.util.List a(java.net.URI)>	sig:$r9 = virtualinvoke $r8.<java.net.URI: java.lang.String getHost()>()	timediff:0
I/System.out( 1607): body:<com.cbs.app.androiddata.PersistentCookieStore: java.util.List a(java.net.URI)>	sig:$r10 = virtualinvoke $r1.<java.net.URI: java.lang.String getHost()>()	timediff:0
I/System.out( 1607): body:<com.cbs.app.androiddata.PersistentCookieStore: java.util.List a(java.net.URI)>	sig:$r10 = virtualinvoke $r8.<java.net.URI: java.lang.String getPath()>()	timediff:0
I/System.out( 1607): body:<com.cbs.app.androiddata.PersistentCookieStore: java.util.List a(java.net.URI)>	sig:$r9 = virtualinvoke $r1.<java.net.URI: java.lang.String getPath()>()	timediff:0
I/System.out( 1607): body:<com.cbs.app.androiddata.PersistentCookieStore: java.util.List a(java.net.URI)>	sig:$z0 = virtualinvoke $r14.<java.net.HttpCookie: boolean hasExpired()>()	timediff:0
D/dalvikvm( 1607): GC_FOR_ALLOC freed 412K, 12% free 4873K/5496K, paused 2ms, total 2ms
D/dalvikvm( 1607): GC_FOR_ALLOC freed 74K, 13% free 4892K/5564K, paused 2ms, total 2ms
I/dalvikvm-heap( 1607): Grow heap (frag case) to 4.931MB for 99232-byte allocation
D/dalvikvm( 1607): GC_FOR_ALLOC freed <1K, 12% free 4989K/5664K, paused 4ms, total 4ms
D/dalvikvm( 1607): GC_CONCURRENT freed 573K, 13% free 5033K/5732K, paused 2ms+0ms, total 5ms
D/dalvikvm( 1607): GC_CONCURRENT freed 478K, 10% free 5172K/5732K, paused 0ms+1ms, total 3ms
I/System.out( 1607): body:<com.cbs.app.androiddata.PersistentCookieStore: java.net.URI a(java.net.URI,java.net.HttpCookie)>	sig:$r2 = virtualinvoke $r1.<java.net.HttpCookie: java.lang.String getDomain()>()	timediff:0
I/System.out( 1607): body:<com.cbs.app.androiddata.PersistentCookieStore: java.net.URI a(java.net.URI,java.net.HttpCookie)>	sig:$r2 = virtualinvoke $r1.<java.net.HttpCookie: java.lang.String getDomain()>()	timediff:0
I/System.out( 1607): body:<com.cbs.app.androiddata.PersistentCookieStore: java.net.URI a(java.net.URI,java.net.HttpCookie)>	sig:$r4 = virtualinvoke $r0.<java.net.URI: java.lang.String getScheme()>()	timediff:0
I/System.out( 1607): body:<com.cbs.app.androiddata.PersistentCookieStore: java.net.URI a(java.net.URI,java.net.HttpCookie)>	sig:$r5 = virtualinvoke $r0.<java.net.URI: java.lang.String getScheme()>()	timediff:0
I/System.out( 1607): body:<com.cbs.app.androiddata.PersistentCookieStore: java.net.URI a(java.net.URI,java.net.HttpCookie)>	sig:$r5 = virtualinvoke $r1.<java.net.HttpCookie: java.lang.String getPath()>()	timediff:0
I/System.out( 1607): body:<com.cbs.app.androiddata.PersistentCookieStore: java.net.URI a(java.net.URI,java.net.HttpCookie)>	sig:$r5 = virtualinvoke $r1.<java.net.HttpCookie: java.lang.String getPath()>()	timediff:0
I/System.out( 1607): body:<com.cbs.app.androiddata.PersistentCookieStore: java.net.URI a(java.net.URI,java.net.HttpCookie)>	sig:specialinvoke $r3.<java.net.URI: void <init>(java.lang.String,java.lang.String,java.lang.String,java.lang.String)>($r4, $r2, $r5, null)	timediff:0
I/System.out( 1607): body:<com.cbs.app.androiddata.PersistentCookieStore: void add(java.net.URI,java.net.HttpCookie)>	sig:$r9 = virtualinvoke $r1.<java.net.URI: java.lang.String toString()>()	timediff:0
I/System.out( 1607): body:<com.cbs.app.androiddata.PersistentCookieStore: void add(java.net.URI,java.net.HttpCookie)>	sig:$r9 = virtualinvoke $r2.<java.net.HttpCookie: java.lang.String getName()>()	timediff:0
I/System.out( 1607): body:<com.cbs.app.androiddata.PersistentCookieStore$SerializableHttpCookie: void writeObject(java.io.ObjectOutputStream)>	sig:$r3 = virtualinvoke $r2.<java.net.HttpCookie: java.lang.String getName()>()	timediff:0
I/System.out( 1607): body:<com.cbs.app.androiddata.PersistentCookieStore$SerializableHttpCookie: void writeObject(java.io.ObjectOutputStream)>	sig:$r3 = virtualinvoke $r2.<java.net.HttpCookie: java.lang.String getValue()>()	timediff:0
I/System.out( 1607): body:<com.cbs.app.androiddata.PersistentCookieStore$SerializableHttpCookie: void writeObject(java.io.ObjectOutputStream)>	sig:$r3 = virtualinvoke $r2.<java.net.HttpCookie: java.lang.String getComment()>()	timediff:0
I/System.out( 1607): body:<com.cbs.app.androiddata.PersistentCookieStore$SerializableHttpCookie: void writeObject(java.io.ObjectOutputStream)>	sig:$r3 = virtualinvoke $r2.<java.net.HttpCookie: java.lang.String getCommentURL()>()	timediff:0
I/System.out( 1607): body:<com.cbs.app.androiddata.PersistentCookieStore$SerializableHttpCookie: void writeObject(java.io.ObjectOutputStream)>	sig:$r3 = virtualinvoke $r2.<java.net.HttpCookie: java.lang.String getDomain()>()	timediff:0
I/System.out( 1607): body:<com.cbs.app.androiddata.PersistentCookieStore$SerializableHttpCookie: void writeObject(java.io.ObjectOutputStream)>	sig:$l0 = virtualinvoke $r2.<java.net.HttpCookie: long getMaxAge()>()	timediff:0
I/System.out( 1607): body:<com.cbs.app.androiddata.PersistentCookieStore$SerializableHttpCookie: void writeObject(java.io.ObjectOutputStream)>	sig:$r3 = virtualinvoke $r2.<java.net.HttpCookie: java.lang.String getPath()>()	timediff:0
I/System.out( 1607): body:<com.cbs.app.androiddata.PersistentCookieStore$SerializableHttpCookie: void writeObject(java.io.ObjectOutputStream)>	sig:$r3 = virtualinvoke $r2.<java.net.HttpCookie: java.lang.String getPortlist()>()	timediff:0
I/System.out( 1607): body:<com.cbs.app.androiddata.PersistentCookieStore$SerializableHttpCookie: void writeObject(java.io.ObjectOutputStream)>	sig:$i1 = virtualinvoke $r2.<java.net.HttpCookie: int getVersion()>()	timediff:0
I/System.out( 1607): body:<com.cbs.app.androiddata.PersistentCookieStore$SerializableHttpCookie: void writeObject(java.io.ObjectOutputStream)>	sig:$z0 = virtualinvoke $r2.<java.net.HttpCookie: boolean getSecure()>()	timediff:0
I/System.out( 1607): body:<com.cbs.app.androiddata.PersistentCookieStore$SerializableHttpCookie: void writeObject(java.io.ObjectOutputStream)>	sig:$z0 = virtualinvoke $r2.<java.net.HttpCookie: boolean getDiscard()>()	timediff:0
I/System.out( 1607): body:<com.adobe.mobile.ak: byte[] a(java.lang.String,int,java.lang.String,java.util.concurrent.Callable)>	sig:$i1 = virtualinvoke $r14.<java.net.HttpURLConnection: int getResponseCode()>()	timediff:162
I/System.out( 1607): body:<com.adobe.mobile.ak: byte[] a(java.lang.String,int,java.lang.String,java.util.concurrent.Callable)>	sig:$r8 = virtualinvoke $r4.<java.net.HttpURLConnection: java.io.InputStream getInputStream()>()	timediff:0
I/System.out( 1607): body:<empirical.HelperClass: void printURLInfo(java.lang.String,java.lang.String,java.net.URLConnection)>	sig:$r0 = virtualinvoke urlConnection.<java.net.URLConnection: java.net.URL getURL()>()	timediff:0
I/System.out( 1607): body:<empirical.HelperClass: void printURLInfo(java.lang.String,java.lang.String,java.net.URLConnection)>	sig:urlString = virtualinvoke $r0.<java.net.URL: java.lang.String toString()>()	timediff:0
I/System.out( 1607): body:<empirical.HelperClass: void printURLInfo(java.lang.String,java.lang.String,java.net.URLConnection)>	sig:isDoOutput = virtualinvoke urlConnection.<java.net.URLConnection: boolean getDoOutput()>()	timediff:0
I/System.out( 1607): body:<empirical.HelperClass: java.lang.String getHeaderField(java.net.URLConnection,java.lang.String)>	sig:data = virtualinvoke conn.<java.net.URLConnection: java.lang.String getHeaderField(java.lang.String)>(field)	timediff:0
I/System.out( 1607): body:<empirical.HelperClass: java.lang.String getHeaderField(java.net.URLConnection,java.lang.String)>	sig:data = virtualinvoke conn.<java.net.URLConnection: java.lang.String getHeaderField(java.lang.String)>(field)	timediff:0
I/System.out( 1607): body:<empirical.HelperClass: java.lang.String getHeaderField(java.net.URLConnection,java.lang.String)>	sig:data = virtualinvoke conn.<java.net.URLConnection: java.lang.String getHeaderField(java.lang.String)>(field)	timediff:0
I/System.out( 1607): body:<empirical.HelperClass: java.lang.String getHeaderField(java.net.URLConnection,java.lang.String)>	sig:data = virtualinvoke conn.<java.net.URLConnection: java.lang.String getHeaderField(java.lang.String)>(field)	timediff:0
I/System.out( 1607): body:<empirical.HelperClass: java.lang.String getHeaderField(java.net.URLConnection,java.lang.String)>	sig:data = virtualinvoke conn.<java.net.URLConnection: java.lang.String getHeaderField(java.lang.String)>(field)	timediff:0
I/System.out( 1607): URLConn;%;3;%;<com.adobe.mobile.ak: byte[] a(java.lang.String,int,java.lang.String,java.util.concurrent.Callable)>;%;$r8 = virtualinvoke $r4.<java.net.HttpURLConnection: java.io.InputStream getInputStream()>();%;http://cbsi.demdex.net/event?c_a_Resolution=1280x720&c_a_MonthlyEngUserEvent=MonthlyEngUserEvent&c_a_AppID=CBS%203.6.5%20%281537006%29&c_a_CarrierName=T-Mobile&c_a_InstallEvent=InstallEvent&c_a_DailyEngUserEvent=DailyEngUserEvent&c_a_locale=ja-US&c_a_LaunchEvent=LaunchEvent&c_a_OSVersion=Android%204.4.2&c_a_DayOfWeek=6&c_a_RunMode=Application&c_a_Launches=1&c_a_DeviceName=SM-G9350&c_a_HourOfDay=22&c_a_InstallDate=4%2F13%2F2018&d_mid=61297995345107714823621087796549574322&d_blob=6G1ynYcLPuiQxYZrsz_pkqfLG9yMXBpb2zX5dvJdYQJzPXImdj0y&dcs_region=9&d_cid_ic=AVID%012D68C57E05031787-6000118EA00046FD%010&d_ptfm=android&d_dst=1&d_rtbd=json;%;false;%;Not found;%;no-cache,no-store,must-revalidate,max-age=0,proxy-revalidate,no-transform,private;%;Thu, 01 Jan 2009 00:00:00 GMT;%;Not found;%;demdex=61448524637156987863609418339639434186;Path=/;Domain=.demdex.net;Expires=Thu, 11-Oct-2018 05:00:44 GMT
I/System.out( 1607): body:<com.cbs.app.androiddata.PersistentCookieStore: java.net.URI a(java.net.URI,java.net.HttpCookie)>	sig:$r2 = virtualinvoke $r1.<java.net.HttpCookie: java.lang.String getDomain()>()	timediff:0
I/System.out( 1607): body:<com.cbs.app.androiddata.PersistentCookieStore: java.net.URI a(java.net.URI,java.net.HttpCookie)>	sig:$r2 = virtualinvoke $r1.<java.net.HttpCookie: java.lang.String getDomain()>()	timediff:0
I/System.out( 1607): body:<com.cbs.app.androiddata.PersistentCookieStore: java.net.URI a(java.net.URI,java.net.HttpCookie)>	sig:$r4 = virtualinvoke $r0.<java.net.URI: java.lang.String getScheme()>()	timediff:0
I/System.out( 1607): body:<com.cbs.app.androiddata.PersistentCookieStore: java.net.URI a(java.net.URI,java.net.HttpCookie)>	sig:$r5 = virtualinvoke $r0.<java.net.URI: java.lang.String getScheme()>()	timediff:0
I/System.out( 1607): body:<com.cbs.app.androiddata.PersistentCookieStore: java.net.URI a(java.net.URI,java.net.HttpCookie)>	sig:$r5 = virtualinvoke $r1.<java.net.HttpCookie: java.lang.String getPath()>()	timediff:0
I/System.out( 1607): body:<com.cbs.app.androiddata.PersistentCookieStore: java.net.URI a(java.net.URI,java.net.HttpCookie)>	sig:$r5 = virtualinvoke $r1.<java.net.HttpCookie: java.lang.String getPath()>()	timediff:0
I/System.out( 1607): body:<com.cbs.app.androiddata.PersistentCookieStore: java.net.URI a(java.net.URI,java.net.HttpCookie)>	sig:specialinvoke $r3.<java.net.URI: void <init>(java.lang.String,java.lang.String,java.lang.String,java.lang.String)>($r4, $r2, $r5, null)	timediff:0
I/System.out( 1607): body:<com.cbs.app.androiddata.PersistentCookieStore: void add(java.net.URI,java.net.HttpCookie)>	sig:$r9 = virtualinvoke $r1.<java.net.URI: java.lang.String toString()>()	timediff:0
I/System.out( 1607): body:<com.cbs.app.androiddata.PersistentCookieStore: void add(java.net.URI,java.net.HttpCookie)>	sig:$r9 = virtualinvoke $r2.<java.net.HttpCookie: java.lang.String getName()>()	timediff:0
I/System.out( 1607): body:<com.cbs.app.androiddata.PersistentCookieStore$SerializableHttpCookie: void writeObject(java.io.ObjectOutputStream)>	sig:$r3 = virtualinvoke $r2.<java.net.HttpCookie: java.lang.String getName()>()	timediff:0
I/System.out( 1607): body:<com.cbs.app.androiddata.PersistentCookieStore$SerializableHttpCookie: void writeObject(java.io.ObjectOutputStream)>	sig:$r3 = virtualinvoke $r2.<java.net.HttpCookie: java.lang.String getValue()>()	timediff:0
I/System.out( 1607): body:<com.cbs.app.androiddata.PersistentCookieStore$SerializableHttpCookie: void writeObject(java.io.ObjectOutputStream)>	sig:$r3 = virtualinvoke $r2.<java.net.HttpCookie: java.lang.String getComment()>()	timediff:0
I/System.out( 1607): body:<com.cbs.app.androiddata.PersistentCookieStore$SerializableHttpCookie: void writeObject(java.io.ObjectOutputStream)>	sig:$r3 = virtualinvoke $r2.<java.net.HttpCookie: java.lang.String getCommentURL()>()	timediff:0
I/System.out( 1607): body:<com.cbs.app.androiddata.PersistentCookieStore$SerializableHttpCookie: void writeObject(java.io.ObjectOutputStream)>	sig:$r3 = virtualinvoke $r2.<java.net.HttpCookie: java.lang.String getDomain()>()	timediff:0
I/System.out( 1607): body:<com.cbs.app.androiddata.PersistentCookieStore$SerializableHttpCookie: void writeObject(java.io.ObjectOutputStream)>	sig:$l0 = virtualinvoke $r2.<java.net.HttpCookie: long getMaxAge()>()	timediff:0
I/System.out( 1607): body:<com.cbs.app.androiddata.PersistentCookieStore$SerializableHttpCookie: void writeObject(java.io.ObjectOutputStream)>	sig:$r3 = virtualinvoke $r2.<java.net.HttpCookie: java.lang.String getPath()>()	timediff:0
I/System.out( 1607): body:<com.cbs.app.androiddata.PersistentCookieStore$SerializableHttpCookie: void writeObject(java.io.ObjectOutputStream)>	sig:$r3 = virtualinvoke $r2.<java.net.HttpCookie: java.lang.String getPortlist()>()	timediff:0
I/System.out( 1607): body:<com.cbs.app.androiddata.PersistentCookieStore$SerializableHttpCookie: void writeObject(java.io.ObjectOutputStream)>	sig:$i1 = virtualinvoke $r2.<java.net.HttpCookie: int getVersion()>()	timediff:0
I/System.out( 1607): body:<com.cbs.app.androiddata.PersistentCookieStore$SerializableHttpCookie: void writeObject(java.io.ObjectOutputStream)>	sig:$z0 = virtualinvoke $r2.<java.net.HttpCookie: boolean getSecure()>()	timediff:0
I/System.out( 1607): body:<com.cbs.app.androiddata.PersistentCookieStore$SerializableHttpCookie: void writeObject(java.io.ObjectOutputStream)>	sig:$z0 = virtualinvoke $r2.<java.net.HttpCookie: boolean getDiscard()>()	timediff:0
I/System.out( 1607): body:<com.adobe.mobile.ak: byte[] a(java.lang.String,int,java.lang.String,java.util.concurrent.Callable)>	sig:virtualinvoke $r4.<java.net.HttpURLConnection: void disconnect()>()	timediff:0
D/SettingsProvider(  470): User 0 external modification to /data/data/com.android.providers.settings/databases/settings.db; event=8
D/SettingsProvider(  470): User 0 updating our caches for /data/data/com.android.providers.settings/databases/settings.db
D/dalvikvm( 1607): GC_CONCURRENT freed 503K, 10% free 5322K/5892K, paused 1ms+1ms, total 4ms
I/Choreographer(  470): Skipped 302 frames!  The application may be doing too much work on its main thread.
W/WindowManager(  470): Window freeze timeout expired.
W/WindowManager(  470): Force clearing orientation change: Window{4a9639a4 u0 StatusBar}
W/WindowManager(  470): Force clearing orientation change: Window{4a997784 u0 com.android.systemui.ImageWallpaper}
W/WindowManager(  470): App freeze timeout expired.
I/WearableService(  668): Wearable Services stopping
I/Choreographer(  556): Skipped 310 frames!  The application may be doing too much work on its main thread.
I/WindowManager(  470): Screen frozen for +5s269ms due to Window{4a9639a4 u0 StatusBar}
D/dalvikvm( 1607): GC_CONCURRENT freed 624K, 12% free 5466K/6156K, paused 1ms+1ms, total 8ms
D/dalvikvm( 1607): WAIT_FOR_CONCURRENT_GC blocked 4ms
D/dalvikvm( 1607): GC_FOR_ALLOC freed 1K, 11% free 5637K/6332K, paused 3ms, total 3ms
D/dalvikvm( 1607): GC_FOR_ALLOC freed 34K, 12% free 5862K/6596K, paused 6ms, total 6ms
W/ActivityManager(  470): Launch timeout has expired, giving up wake lock!
D/ConnectivityService(  470): Sampling interval elapsed, updating statistics ..
D/ConnectivityService(  470): Done.
I/Finsky  (  920): [1] com.google.android.finsky.hygiene.DailyHygiene$DailyHygieneService.onStartCommand(50): Beginning daily hygiene, foreground = false, reason = 6
W/Finsky  (  920): [1] com.google.android.finsky.application.impl.a.b(1078): For unauth, use getDfeApiNonAuthenticated() instead!
I/dalvikvm(  920): Could not find method android.content.res.Configuration.getLocales, referenced from method com.google.android.finsky.userlanguages.a.a
W/dalvikvm(  920): VFY: unable to resolve virtual method 1092: Landroid/content/res/Configuration;.getLocales ()Landroid/os/LocaleList;
D/dalvikvm(  920): VFY: replacing opcode 0x6e at 0x001b
D/ConnectivityService(  470): Setting timer for 720seconds
I/Finsky  (  920): [1] com.google.android.finsky.hygiene.o.a(66): Probe unauthenticated for hygiene pass
D/dalvikvm(  920): GC_CONCURRENT freed 450K, 10% free 4859K/5372K, paused 10ms+0ms, total 14ms
I/qtaguid (  920): Tagging socket 71 with tag e8d195d100000000(-388917807) for uid -1 failed errno=-13
I/NetworkManagementSocketTagger(  920): tagSocketFd(71, -388917807, -1) failed with errno-13
I/qtaguid (  920): Tagging socket 75 with tag e8d195d100000000(-388917807) for uid -1 failed errno=-13
I/NetworkManagementSocketTagger(  920): tagSocketFd(75, -388917807, -1) failed with errno-13
I/Finsky  (  920): [1] com.google.android.finsky.dl.c.a(73): Skipping DFE self-update. Local Version [80941800] >= Server Version [-1]
W/Finsky  (  920): [1] com.google.android.finsky.application.impl.a.b(1078): For unauth, use getDfeApiNonAuthenticated() instead!
D/dalvikvm(  920): GC_CONCURRENT freed 484K, 11% free 4926K/5492K, paused 1ms+1ms, total 5ms
I/Finsky  (  920): [93] com.google.android.finsky.heterodyne.HeterodyneSyncService.onHandleIntent(6): Triggered Heterodyne Sync.
I/Finsky  (  920): [1] com.google.android.finsky.hygiene.DailyHygiene.b(147): Logging device features
I/dalvikvm(  920): Could not find method android.content.Context.startForegroundService, referenced from method com.google.android.finsky.setup.VpaService.a
W/dalvikvm(  920): VFY: unable to resolve virtual method 819: Landroid/content/Context;.startForegroundService (Landroid/content/Intent;)Landroid/content/ComponentName;
D/dalvikvm(  920): VFY: replacing opcode 0x6e at 0x0014
I/Finsky  (  920): [94] com.google.android.finsky.datasync.x.a(14): [Cache and Sync] mode not available for any accounts.
W/Settings(  920): Setting download_manager_max_bytes_over_mobile has moved from android.provider.Settings.Secure to android.provider.Settings.Global.
I/dalvikvm(  920): Could not find method android.app.NotificationManager.areNotificationsEnabled, referenced from method android.support.v4.app.cq.a
W/dalvikvm(  920): VFY: unable to resolve virtual method 596: Landroid/app/NotificationManager;.areNotificationsEnabled ()Z
D/dalvikvm(  920): VFY: replacing opcode 0x6e at 0x000a
I/dalvikvm(  920): Could not find method android.content.pm.PackageManager.getPackageInstaller, referenced from method com.google.android.finsky.splitinstallservice.bh.<init>
D/Volley  (  920): [94] d.b: Cache cleared.
W/dalvikvm(  920): VFY: unable to resolve virtual method 1042: Landroid/content/pm/PackageManager;.getPackageInstaller ()Landroid/content/pm/PackageInstaller;
D/dalvikvm(  920): VFY: replacing opcode 0x6e at 0x0011
I/dalvikvm(  920): Could not find method android.content.pm.PackageInstaller$Session.close, referenced from method com.google.android.finsky.splitinstallservice.bh.a
W/dalvikvm(  920): VFY: unable to resolve virtual method 986: Landroid/content/pm/PackageInstaller$Session;.close ()V
D/dalvikvm(  920): VFY: replacing opcode 0x6e at 0x0000
I/dalvikvm(  920): Could not find method android.content.pm.PackageInstaller$Session.abandon, referenced from method com.google.android.finsky.splitinstallservice.bh.a
W/dalvikvm(  920): VFY: unable to resolve virtual method 985: Landroid/content/pm/PackageInstaller$Session;.abandon ()V
D/dalvikvm(  920): VFY: replacing opcode 0x6e at 0x0003
E/dalvikvm(  920): Could not find class 'android.content.pm.PackageInstaller$SessionParams', referenced from method com.google.android.finsky.splitinstallservice.bh.a
W/dalvikvm(  920): VFY: unable to resolve new-instance 207 (Landroid/content/pm/PackageInstaller$SessionParams;) in Lcom/google/android/finsky/splitinstallservice/bh;
D/dalvikvm(  920): VFY: replacing opcode 0x22 at 0x0000
I/dalvikvm(  920): Could not find method android.content.pm.PackageInstaller$SessionInfo.getSessionId, referenced from method com.google.android.finsky.splitinstallservice.bh.a
W/dalvikvm(  920): VFY: unable to resolve virtual method 995: Landroid/content/pm/PackageInstaller$SessionInfo;.getSessionId ()I
D/dalvikvm(  920): VFY: replacing opcode 0x6e at 0x000c
D/dalvikvm(  920): DexOpt: unable to opt direct call 0x03e4 at 0x02 in Lcom/google/android/finsky/splitinstallservice/bh;.a
I/dalvikvm(  920): Could not find method android.content.pm.PackageInstaller$SessionInfo.getSessionId, referenced from method com.google.android.finsky.splitinstallservice.al.a
W/dalvikvm(  920): VFY: unable to resolve virtual method 995: Landroid/content/pm/PackageInstaller$SessionInfo;.getSessionId ()I
D/dalvikvm(  920): VFY: replacing opcode 0x6e at 0x03d9
D/dalvikvm(  920): DexOpt: couldn't find field Landroid/content/pm/PackageInfo;.splitNames
W/dalvikvm(  920): VFY: unable to resolve instance field 184
D/dalvikvm(  920): VFY: replacing opcode 0x54 at 0x04c8
D/dalvikvm(  920): DexOpt: couldn't find field Landroid/content/pm/ApplicationInfo;.splitSourceDirs
I/dalvikvm(  920): DexOpt: unable to optimize instance field ref 0x009a at 0x4cc in Lcom/google/android/finsky/splitinstallservice/al;.a
D/dalvikvm(  920): DexOpt: couldn't find field Landroid/content/pm/ApplicationInfo;.splitPublicSourceDirs
I/dalvikvm(  920): DexOpt: unable to optimize instance field ref 0x0099 at 0x4d0 in Lcom/google/android/finsky/splitinstallservice/al;.a
D/dalvikvm(  920): DexOpt: couldn't find field Landroid/content/pm/PackageInfo;.splitNames
I/dalvikvm(  920): DexOpt: unable to optimize instance field ref 0x00b8 at 0x4d7 in Lcom/google/android/finsky/splitinstallservice/al;.a
D/dalvikvm(  920): DexOpt: couldn't find field Landroid/content/pm/ApplicationInfo;.splitSourceDirs
I/dalvikvm(  920): DexOpt: unable to optimize instance field ref 0x009a at 0x4da in Lcom/google/android/finsky/splitinstallservice/al;.a
D/dalvikvm(  920): DexOpt: couldn't find field Landroid/content/pm/PackageInfo;.splitNames
I/dalvikvm(  920): DexOpt: unable to optimize instance field ref 0x00b8 at 0x4df in Lcom/google/android/finsky/splitinstallservice/al;.a
D/dalvikvm(  920): DexOpt: couldn't find field Landroid/content/pm/ApplicationInfo;.splitPublicSourceDirs
I/dalvikvm(  920): DexOpt: unable to optimize instance field ref 0x0099 at 0x4e2 in Lcom/google/android/finsky/splitinstallservice/al;.a
D/dalvikvm(  920): DexOpt: couldn't find field Landroid/content/pm/PackageInfo;.splitNames
I/dalvikvm(  920): DexOpt: unable to optimize instance field ref 0x00b8 at 0x4f1 in Lcom/google/android/finsky/splitinstallservice/al;.a
D/dalvikvm(  920): DexOpt: couldn't find field Landroid/content/pm/ApplicationInfo;.splitSourceDirs
I/dalvikvm(  920): DexOpt: unable to optimize instance field ref 0x009a at 0x4f6 in Lcom/google/android/finsky/splitinstallservice/al;.a
D/dalvikvm(  920): DexOpt: couldn't find field Landroid/content/pm/ApplicationInfo;.splitPublicSourceDirs
I/dalvikvm(  920): DexOpt: unable to optimize instance field ref 0x0099 at 0x4fa in Lcom/google/android/finsky/splitinstallservice/al;.a
D/dalvikvm(  920): DexOpt: couldn't find field Landroid/content/pm/PackageInfo;.splitNames
I/dalvikvm(  920): DexOpt: unable to optimize instance field ref 0x00b8 at 0x537 in Lcom/google/android/finsky/splitinstallservice/al;.a
D/dalvikvm(  920): DexOpt: couldn't find field Landroid/content/pm/PackageInfo;.splitNames
I/dalvikvm(  920): DexOpt: unable to optimize instance field ref 0x00b8 at 0x549 in Lcom/google/android/finsky/splitinstallservice/al;.a
D/dalvikvm(  920): GC_CONCURRENT freed 491K, 11% free 5006K/5584K, paused 2ms+0ms, total 6ms
I/Finsky  (  920): [1] com.google.android.finsky.wear.WearSupportService.onStartCommand(21): Starting WearSupportService for hygiene
I/Finsky  (  920): [1] com.google.android.finsky.wear.ar.a(80): Connecting to wearable; initiated by: com.google.android.finsky.wear.WearSupportService
I/WearableService(  668): Wearable Services not starting - Wear is not available on this device.
I/ActivityManager(  470): Delay finish: com.android.vending/com.google.android.finsky.flushlogs.FlushLogsReceiver
D/WearableService(  668): onGetService - Wear is not available on this device.
E/Finsky  (  920): [1] com.google.android.finsky.wear.au.a(3): onConnectionFailed: ConnectionResult{statusCode=API_UNAVAILABLE, resolution=null, message=null}
W/Finsky  (  920): [1] com.google.android.finsky.wear.cd.run(12): Dropping command=hygiene due to Gms not connected
I/Finsky  (  920): [1] com.google.android.finsky.wear.WearSupportService.b(67): Stopping WearSupportService
I/PlayCommon(  920): [54] com.google.android.play.b.h.e(263): Preparing logs for uploading
I/PlayCommon(  920): [54] com.google.android.play.b.y.a(18): Connecting to server for timestamp: https://play.googleapis.com/play/log/timestamp
D/dalvikvm(  746): Trying to load lib /data/data/com.google.android.gms/app_extracted_libs/x86/libleveldbjni.so 0x94f72fb8
D/dalvikvm(  746): Added shared lib /data/data/com.google.android.gms/app_extracted_libs/x86/libleveldbjni.so 0x94f72fb8
D/dalvikvm(  920): GC_CONCURRENT freed 538K, 11% free 5110K/5712K, paused 1ms+0ms, total 5ms
I/Finsky  (  920): [1] com.google.android.finsky.hygiene.f.a(2): Account synced successfully.
I/Finsky  (  920): [75] com.google.android.finsky.cy.a.a.a.b(28): Triggered update for experiment package com.google.android.finsky.stable.
I/ActivityManager(  470): Resuming delayed broadcast
I/Finsky  (  920): [1] com.google.android.finsky.verifier.impl.VerifyInstalledPackagesReceiver.onReceive(28): Verify installed apps requested
D/dalvikvm(  746): GC_CONCURRENT freed 1165K, 23% free 6848K/8788K, paused 4ms+1ms, total 24ms
I/Finsky  (  920): [75] com.google.android.finsky.cy.a.a.a.b(73): Already at the latest configurations for experiment package com.google.android.finsky.stable.
I/Finsky  (  920): [75] com.google.android.finsky.cy.a.a.a.b(28): Triggered update for experiment package com.google.android.finsky.regular.
W/ProxyAndroidLoggerBackend(  920): Too many Flogger logs received before configuration. Dropping old logs.
I/Finsky  (  920): [75] com.google.android.finsky.cy.a.a.a.b(73): Already at the latest configurations for experiment package com.google.android.finsky.regular.
I/Finsky  (  920): [75] com.google.android.finsky.verifier.impl.dy.a(17): Verifying installed packages
D/dalvikvm(  920): GC_CONCURRENT freed 577K, 11% free 5265K/5904K, paused 4ms+3ms, total 11ms
W/PlayCommon(  920): [54] com.google.android.play.b.h.a(675): No account for auth token provided
I/PlayCommon(  920): [54] com.google.android.play.b.h.a(522): Connecting to server: https://play.googleapis.com/play/log?format=raw&proto_v2=true
D/dalvikvm(  920): GC_CONCURRENT freed 477K, 10% free 5475K/6020K, paused 0ms+1ms, total 5ms
I/PlayCommon(  920): [54] com.google.android.play.b.h.a(579): Successfully uploaded logs.
I/PlayCommon(  920): [54] com.google.android.play.b.h.e(263): Preparing logs for uploading
I/PlayCommon(  920): [54] com.google.android.play.b.h.e(267): No file ready to send
I/Finsky  (  920): [83] com.google.android.finsky.verifier.impl.ee.call(8): Cleaning the verify apps datastore
I/Finsky  (  920): [83] com.google.android.finsky.verifier.impl.ee.call(136): Finished cleaning the verify apps datastore
I/Finsky  (  920): [1] com.google.android.finsky.verifier.impl.dy.c(450): Done verifying installed packages
I/WearableService(  668): Wearable Services stopping
D/SettingsProvider(  470): User 0 external modification to /data/data/com.android.providers.settings/databases/settings.db; event=8
D/SettingsProvider(  470): User 0 updating our caches for /data/data/com.android.providers.settings/databases/settings.db
I/Process (  470): Sending signal. PID: 1607 SIG: 3
I/dalvikvm( 1607): threadid=3: reacting to signal 3
W/ActivityManager(  470): Timeout executing service: ServiceRecord{4a9dc618 u0 com.cbs.app/.ui.AppStatusService}
I/dalvikvm( 1607): Wrote stack traces to '/data/anr/traces.txt'
I/Process (  470): Sending signal. PID: 470 SIG: 3
I/dalvikvm(  470): threadid=3: reacting to signal 3
I/InputDispatcher(  470): Dropped event because it is stale.
I/InputDispatcher(  470): Dropped event because it is stale.
I/InputDispatcher(  470): Dropped event because it is stale.
W/InputManager(  470): Input event injection from pid 1597 failed.
I/dalvikvm(  470): Wrote stack traces to '/data/anr/traces.txt'
I/Process (  470): Sending signal. PID: 680 SIG: 3
I/dalvikvm(  680): threadid=3: reacting to signal 3
I/System.out( 1607): body:<com.adobe.mobile.ak: java.net.HttpURLConnection a(java.lang.String)>	sig:specialinvoke $r1.<java.net.URL: void <init>(java.lang.String)>($r0)	timediff:0
I/dalvikvm(  680): Wrote stack traces to '/data/anr/traces.txt'
I/Process (  470): Sending signal. PID: 556 SIG: 3
I/dalvikvm(  556): threadid=3: reacting to signal 3
D/dalvikvm( 1607): DexOpt: couldn't find field Landroid/os/Message;.sendingUid
W/dalvikvm( 1607): VFY: unable to resolve instance field 193
D/dalvikvm( 1607): VFY: replacing opcode 0x52 at 0x0006
I/Choreographer( 1607): Skipped 1511 frames!  The application may be doing too much work on its main thread.
I/dalvikvm(  556): Wrote stack traces to '/data/anr/traces.txt'
I/System.out( 1607): <com.adobe.mobile.ak: java.net.HttpURLConnection a(java.lang.String)>###specialinvoke $r1.<java.net.URL: void <init>(java.lang.String)>($r0)###http://om.cbsi.com/b/ss/cbsicbsapp%2Ccbsicbsiall/0/JAVA-4.8.2-AN/s63861496
I/System.out( 1607): body:<com.adobe.mobile.ak: java.net.HttpURLConnection a(java.lang.String)>	sig:$r2 = virtualinvoke $r1.<java.net.URL: java.net.URLConnection openConnection()>()	timediff:0
I/System.out( 1607): body:<com.adobe.mobile.ak: byte[] a(java.lang.String,java.lang.String,java.util.Map,java.lang.String)>	sig:virtualinvoke $r5.<java.net.HttpURLConnection: void setConnectTimeout(int)>(5000)	timediff:0
