I/System.out( 1607): body:<com.cbs.app.androiddata.RequestHelper: com.cbs.app.androiddata.ResponseModel a(java.lang.String[])>	sig:specialinvoke $r3.<java.net.URL: void <init>(java.lang.String)>($r4)	timediff:0
I/System.out( 1607): <com.cbs.app.androiddata.RequestHelper: com.cbs.app.androiddata.ResponseModel a(java.lang.String[])>###specialinvoke $r3.<java.net.URL: void <init>(java.lang.String)>($r4)###https://www.cbs.com/apps-api/v2.0/androidphone/shows/groups.json?includeAllShowGroups=true
I/System.out( 1607): body:<com.cbs.app.androiddata.RequestHelper: com.cbs.app.androiddata.ResponseModel a(java.lang.String[])>	sig:$r4 = virtualinvoke $r3.<java.net.URL: java.lang.String getProtocol()>()	timediff:0
I/System.out( 1607): body:<com.cbs.app.androiddata.RequestHelper: com.cbs.app.androiddata.ResponseModel a(java.lang.String[])>	sig:$r5 = virtualinvoke $r3.<java.net.URL: java.lang.String getHost()>()	timediff:0
I/System.out( 1607): body:<com.cbs.app.androiddata.RequestHelper: com.cbs.app.androiddata.ResponseModel a(java.lang.String[])>	sig:specialinvoke $r8.<java.net.URL: void <init>(java.lang.String)>($r5)	timediff:0
I/System.out( 1607): <com.cbs.app.androiddata.RequestHelper: com.cbs.app.androiddata.ResponseModel a(java.lang.String[])>###specialinvoke $r8.<java.net.URL: void <init>(java.lang.String)>($r5)###https://www.cbs.com/
I/System.out( 1607): body:<com.cbs.app.androiddata.RequestHelper: com.cbs.app.androiddata.ResponseModel a(java.lang.String[])>	sig:$r9 = virtualinvoke $r8.<java.net.URL: java.net.URLConnection openConnection()>()	timediff:0
I/System.out( 1607): body:<com.cbs.app.androiddata.RequestHelper: com.cbs.app.androiddata.ResponseModel a(java.lang.String[])>	sig:virtualinvoke $r10.<java.net.HttpURLConnection: void setRequestMethod(java.lang.String)>("HEAD")	timediff:0
I/System.out( 1607): body:<com.cbs.app.androiddata.RequestHelper: com.cbs.app.androiddata.ResponseModel a(java.lang.String[])>	sig:virtualinvoke $r10.<java.net.HttpURLConnection: void setConnectTimeout(int)>(1000)	timediff:0
I/System.out( 1607): body:<com.cbs.app.androiddata.RequestHelper: com.cbs.app.androiddata.ResponseModel a(java.lang.String[])>	sig:virtualinvoke $r10.<java.net.HttpURLConnection: void setReadTimeout(int)>(1000)	timediff:1
I/System.out( 1607): body:<com.cbs.app.androiddata.PersistentCookieStore: java.util.List a(java.net.URI)>	sig:$r9 = virtualinvoke $r8.<java.net.URI: java.lang.String getHost()>()	timediff:0
I/System.out( 1607): body:<com.cbs.app.androiddata.PersistentCookieStore: java.util.List a(java.net.URI)>	sig:$r10 = virtualinvoke $r1.<java.net.URI: java.lang.String getHost()>()	timediff:0
I/System.out( 1607): body:<com.cbs.app.androiddata.PersistentCookieStore: java.util.List a(java.net.URI)>	sig:$r9 = virtualinvoke $r8.<java.net.URI: java.lang.String getHost()>()	timediff:0
I/System.out( 1607): body:<com.cbs.app.androiddata.PersistentCookieStore: java.util.List a(java.net.URI)>	sig:$r10 = virtualinvoke $r1.<java.net.URI: java.lang.String getHost()>()	timediff:0
I/System.out( 1607): body:<com.cbs.app.androiddata.PersistentCookieStore: java.util.List a(java.net.URI)>	sig:$r10 = virtualinvoke $r8.<java.net.URI: java.lang.String getPath()>()	timediff:0
I/System.out( 1607): body:<com.cbs.app.androiddata.PersistentCookieStore: java.util.List a(java.net.URI)>	sig:$r9 = virtualinvoke $r1.<java.net.URI: java.lang.String getPath()>()	timediff:0
I/System.out( 1607): body:<com.cbs.app.androiddata.PersistentCookieStore: java.util.List a(java.net.URI)>	sig:$r9 = virtualinvoke $r8.<java.net.URI: java.lang.String getHost()>()	timediff:0
I/System.out( 1607): body:<com.cbs.app.androiddata.PersistentCookieStore: java.util.List a(java.net.URI)>	sig:$r10 = virtualinvoke $r1.<java.net.URI: java.lang.String getHost()>()	timediff:0
I/System.out( 1607): body:<com.cbs.app.androiddata.PersistentCookieStore: java.util.List a(java.net.URI)>	sig:$z0 = virtualinvoke $r14.<java.net.HttpCookie: boolean hasExpired()>()	timediff:0
I/System.out( 1607): body:<com.cbs.app.androiddata.PersistentCookieStore: java.util.List a(java.net.URI)>	sig:$z0 = virtualinvoke $r14.<java.net.HttpCookie: boolean hasExpired()>()	timediff:0
I/System.out( 1607): body:<com.cbs.app.androiddata.RequestHelper: java.lang.String b(java.net.URL,long,java.lang.String[])>	sig:virtualinvoke $r5.<java.net.HttpURLConnection: void connect()>()	timediff:146
I/System.out( 1607): body:<com.cbs.app.androiddata.RequestHelper: java.lang.String b(java.net.URL,long,java.lang.String[])>	sig:$r11 = virtualinvoke $r5.<java.net.HttpURLConnection: java.io.OutputStream getOutputStream()>()	timediff:0
I/qtaguid (  668): Untagging socket 98 failed errno=-13
I/System.out( 1607): body:<com.cbs.app.androiddata.PersistentCookieStore: java.net.URI a(java.net.URI,java.net.HttpCookie)>	sig:$r2 = virtualinvoke $r1.<java.net.HttpCookie: java.lang.String getDomain()>()	timediff:0
I/System.out( 1607): body:<com.cbs.app.androiddata.PersistentCookieStore: java.net.URI a(java.net.URI,java.net.HttpCookie)>	sig:$r2 = virtualinvoke $r1.<java.net.HttpCookie: java.lang.String getDomain()>()	timediff:0
I/System.out( 1607): body:<com.cbs.app.androiddata.PersistentCookieStore: java.net.URI a(java.net.URI,java.net.HttpCookie)>	sig:$r4 = virtualinvoke $r0.<java.net.URI: java.lang.String getScheme()>()	timediff:0
I/System.out( 1607): body:<com.cbs.app.androiddata.PersistentCookieStore: java.net.URI a(java.net.URI,java.net.HttpCookie)>	sig:$r5 = virtualinvoke $r0.<java.net.URI: java.lang.String getScheme()>()	timediff:0
I/System.out( 1607): body:<com.cbs.app.androiddata.PersistentCookieStore: java.net.URI a(java.net.URI,java.net.HttpCookie)>	sig:$r5 = virtualinvoke $r1.<java.net.HttpCookie: java.lang.String getPath()>()	timediff:0
I/System.out( 1607): body:<com.cbs.app.androiddata.PersistentCookieStore: java.net.URI a(java.net.URI,java.net.HttpCookie)>	sig:$r5 = virtualinvoke $r1.<java.net.HttpCookie: java.lang.String getPath()>()	timediff:0
I/System.out( 1607): body:<com.cbs.app.androiddata.PersistentCookieStore: java.net.URI a(java.net.URI,java.net.HttpCookie)>	sig:specialinvoke $r3.<java.net.URI: void <init>(java.lang.String,java.lang.String,java.lang.String,java.lang.String)>($r4, $r2, $r5, null)	timediff:0
I/System.out( 1607): body:<com.cbs.app.androiddata.PersistentCookieStore: void add(java.net.URI,java.net.HttpCookie)>	sig:$r9 = virtualinvoke $r1.<java.net.URI: java.lang.String toString()>()	timediff:0
I/System.out( 1607): body:<com.cbs.app.androiddata.PersistentCookieStore: void add(java.net.URI,java.net.HttpCookie)>	sig:$r9 = virtualinvoke $r2.<java.net.HttpCookie: java.lang.String getName()>()	timediff:0
I/System.out( 1607): body:<com.cbs.app.androiddata.PersistentCookieStore$SerializableHttpCookie: void writeObject(java.io.ObjectOutputStream)>	sig:$r3 = virtualinvoke $r2.<java.net.HttpCookie: java.lang.String getName()>()	timediff:0
I/System.out( 1607): body:<com.cbs.app.androiddata.PersistentCookieStore$SerializableHttpCookie: void writeObject(java.io.ObjectOutputStream)>	sig:$r3 = virtualinvoke $r2.<java.net.HttpCookie: java.lang.String getValue()>()	timediff:0
I/System.out( 1607): body:<com.cbs.app.androiddata.PersistentCookieStore$SerializableHttpCookie: void writeObject(java.io.ObjectOutputStream)>	sig:$r3 = virtualinvoke $r2.<java.net.HttpCookie: java.lang.String getComment()>()	timediff:0
I/System.out( 1607): body:<com.cbs.app.androiddata.PersistentCookieStore$SerializableHttpCookie: void writeObject(java.io.ObjectOutputStream)>	sig:$r3 = virtualinvoke $r2.<java.net.HttpCookie: java.lang.String getCommentURL()>()	timediff:0
I/System.out( 1607): body:<com.cbs.app.androiddata.PersistentCookieStore$SerializableHttpCookie: void writeObject(java.io.ObjectOutputStream)>	sig:$r3 = virtualinvoke $r2.<java.net.HttpCookie: java.lang.String getDomain()>()	timediff:0
I/System.out( 1607): body:<com.cbs.app.androiddata.PersistentCookieStore$SerializableHttpCookie: void writeObject(java.io.ObjectOutputStream)>	sig:$l0 = virtualinvoke $r2.<java.net.HttpCookie: long getMaxAge()>()	timediff:0
I/System.out( 1607): body:<com.cbs.app.androiddata.PersistentCookieStore$SerializableHttpCookie: void writeObject(java.io.ObjectOutputStream)>	sig:$r3 = virtualinvoke $r2.<java.net.HttpCookie: java.lang.String getPath()>()	timediff:0
I/System.out( 1607): body:<com.cbs.app.androiddata.PersistentCookieStore$SerializableHttpCookie: void writeObject(java.io.ObjectOutputStream)>	sig:$r3 = virtualinvoke $r2.<java.net.HttpCookie: java.lang.String getPortlist()>()	timediff:0
I/System.out( 1607): body:<com.cbs.app.androiddata.PersistentCookieStore$SerializableHttpCookie: void writeObject(java.io.ObjectOutputStream)>	sig:$i1 = virtualinvoke $r2.<java.net.HttpCookie: int getVersion()>()	timediff:0
I/System.out( 1607): body:<com.cbs.app.androiddata.PersistentCookieStore$SerializableHttpCookie: void writeObject(java.io.ObjectOutputStream)>	sig:$z0 = virtualinvoke $r2.<java.net.HttpCookie: boolean getSecure()>()	timediff:0
I/System.out( 1607): body:<com.cbs.app.androiddata.PersistentCookieStore$SerializableHttpCookie: void writeObject(java.io.ObjectOutputStream)>	sig:$z0 = virtualinvoke $r2.<java.net.HttpCookie: boolean getDiscard()>()	timediff:0
W/NetworkManagementSocketTagger(  668): untagSocket(98) failed with errno -13
D/dalvikvm( 1607): GC_CONCURRENT freed 1272K, 16% free 7103K/8444K, paused 2ms+2ms, total 20ms
I/System.out( 1607): body:<com.cbs.app.androiddata.RequestHelper: java.lang.String b(java.net.URL,long,java.lang.String[])>	sig:$i2 = virtualinvoke $r5.<java.net.HttpURLConnection: int getResponseCode()>()	timediff:100
I/System.out( 1607): body:<com.cbs.app.androiddata.RequestHelper: void b(java.net.HttpURLConnection)>	sig:$r2 = virtualinvoke $r0.<java.net.HttpURLConnection: java.util.Map getHeaderFields()>()	timediff:0
D/dalvikvm(  668): GC_CONCURRENT freed 844K, 14% free 6504K/7516K, paused 3ms+2ms, total 13ms
I/System.out( 1607): body:<com.cbs.app.androiddata.RequestHelper: java.lang.String b(java.net.URL,long,java.lang.String[])>	sig:$r14 = virtualinvoke $r5.<java.net.HttpURLConnection: java.io.InputStream getInputStream()>()	timediff:0
I/System.out( 1607): body:<empirical.HelperClass: void printURLInfo(java.lang.String,java.lang.String,java.net.URLConnection)>	sig:$r0 = virtualinvoke urlConnection.<java.net.URLConnection: java.net.URL getURL()>()	timediff:0
I/System.out( 1607): body:<empirical.HelperClass: void printURLInfo(java.lang.String,java.lang.String,java.net.URLConnection)>	sig:urlString = virtualinvoke $r0.<java.net.URL: java.lang.String toString()>()	timediff:0
I/System.out( 1607): body:<empirical.HelperClass: void printURLInfo(java.lang.String,java.lang.String,java.net.URLConnection)>	sig:isDoOutput = virtualinvoke urlConnection.<java.net.URLConnection: boolean getDoOutput()>()	timediff:0
I/System.out( 1607): body:<empirical.HelperClass: java.lang.String getHeaderField(java.net.URLConnection,java.lang.String)>	sig:data = virtualinvoke conn.<java.net.URLConnection: java.lang.String getHeaderField(java.lang.String)>(field)	timediff:0
I/System.out( 1607): body:<empirical.HelperClass: java.lang.String getHeaderField(java.net.URLConnection,java.lang.String)>	sig:data = virtualinvoke conn.<java.net.URLConnection: java.lang.String getHeaderField(java.lang.String)>(field)	timediff:0
I/System.out( 1607): body:<empirical.HelperClass: java.lang.String getHeaderField(java.net.URLConnection,java.lang.String)>	sig:data = virtualinvoke conn.<java.net.URLConnection: java.lang.String getHeaderField(java.lang.String)>(field)	timediff:0
I/System.out( 1607): body:<empirical.HelperClass: java.lang.String getHeaderField(java.net.URLConnection,java.lang.String)>	sig:data = virtualinvoke conn.<java.net.URLConnection: java.lang.String getHeaderField(java.lang.String)>(field)	timediff:0
I/System.out( 1607): body:<empirical.HelperClass: java.lang.String getHeaderField(java.net.URLConnection,java.lang.String)>	sig:data = virtualinvoke conn.<java.net.URLConnection: java.lang.String getHeaderField(java.lang.String)>(field)	timediff:0
I/System.out( 1607): URLConn;%;9;%;<com.cbs.app.androiddata.RequestHelper: java.lang.String b(java.net.URL,long,java.lang.String[])>;%;$r14 = virtualinvoke $r5.<java.net.HttpURLConnection: java.io.InputStream getInputStream()>();%;https://www.cbs.com/apps-api/v3.0/androidphone/video/signature/individualize.json?at=ABCCkKdPzqjWbCK%2FEV8o7hD%2Fcylr0k4L6Aa%2BbvHb%2BbxV6yYJ6b3n5cHu0SDoKYP8Vb0%3D;%;true;%;Not found;%;no-cache;%;Sat, 26 Jul 1997 05:00:00 GMT;%;0;%;Not found
I/System.out( 1607): body:<com.cbs.app.androiddata.PersistentCookieStore: java.util.List a(java.net.URI)>	sig:$r9 = virtualinvoke $r8.<java.net.URI: java.lang.String getHost()>()	timediff:0
I/System.out( 1607): body:<com.cbs.app.androiddata.PersistentCookieStore: java.util.List a(java.net.URI)>	sig:$r10 = virtualinvoke $r1.<java.net.URI: java.lang.String getHost()>()	timediff:0
I/System.out( 1607): body:<com.cbs.app.androiddata.PersistentCookieStore: java.util.List a(java.net.URI)>	sig:$r9 = virtualinvoke $r8.<java.net.URI: java.lang.String getHost()>()	timediff:0
I/System.out( 1607): body:<com.cbs.app.androiddata.PersistentCookieStore: java.util.List a(java.net.URI)>	sig:$r10 = virtualinvoke $r1.<java.net.URI: java.lang.String getHost()>()	timediff:0
I/System.out( 1607): body:<com.cbs.app.androiddata.PersistentCookieStore: java.util.List a(java.net.URI)>	sig:$r10 = virtualinvoke $r8.<java.net.URI: java.lang.String getPath()>()	timediff:0
I/System.out( 1607): body:<com.cbs.app.androiddata.PersistentCookieStore: java.util.List a(java.net.URI)>	sig:$r9 = virtualinvoke $r1.<java.net.URI: java.lang.String getPath()>()	timediff:0
I/System.out( 1607): body:<com.cbs.app.androiddata.PersistentCookieStore: java.util.List a(java.net.URI)>	sig:$r9 = virtualinvoke $r8.<java.net.URI: java.lang.String getHost()>()	timediff:0
I/System.out( 1607): body:<com.cbs.app.androiddata.PersistentCookieStore: java.util.List a(java.net.URI)>	sig:$r10 = virtualinvoke $r1.<java.net.URI: java.lang.String getHost()>()	timediff:0
I/System.out( 1607): body:<com.cbs.app.androiddata.PersistentCookieStore: java.util.List a(java.net.URI)>	sig:$z0 = virtualinvoke $r14.<java.net.HttpCookie: boolean hasExpired()>()	timediff:0
I/System.out( 1607): body:<com.cbs.app.androiddata.PersistentCookieStore: java.util.List a(java.net.URI)>	sig:$z0 = virtualinvoke $r14.<java.net.HttpCookie: boolean hasExpired()>()	timediff:0
I/System.out( 1607): body:<com.cbs.app.androiddata.DataManager: java.lang.String a(java.lang.String)>	sig:specialinvoke $r2.<java.net.URL: void <init>(java.lang.String)>($r0)	timediff:0
I/System.out( 1607): <com.cbs.app.androiddata.DataManager: java.lang.String a(java.lang.String)>###specialinvoke $r2.<java.net.URL: void <init>(java.lang.String)>($r0)###https://www.cbs.com/apps-api/v2.0/androidphone/shows/groups.json?includeAllShowGroups=true
I/System.out( 1607): body:<com.cbs.app.androiddata.DataManager: java.lang.String a(java.lang.String)>	sig:$r3 = virtualinvoke $r2.<java.net.URL: java.lang.String getProtocol()>()	timediff:0
I/System.out( 1607): body:<com.cbs.app.androiddata.DataManager: java.lang.String a(java.lang.String)>	sig:$r4 = virtualinvoke $r2.<java.net.URL: java.lang.String getUserInfo()>()	timediff:0
I/System.out( 1607): body:<com.cbs.app.androiddata.DataManager: java.lang.String a(java.lang.String)>	sig:$r5 = virtualinvoke $r2.<java.net.URL: java.lang.String getHost()>()	timediff:0
I/System.out( 1607): body:<com.cbs.app.androiddata.DataManager: java.lang.String a(java.lang.String)>	sig:$i0 = virtualinvoke $r2.<java.net.URL: int getPort()>()	timediff:0
I/System.out( 1607): body:<com.cbs.app.androiddata.DataManager: java.lang.String a(java.lang.String)>	sig:$r6 = virtualinvoke $r2.<java.net.URL: java.lang.String getPath()>()	timediff:0
I/System.out( 1607): body:<com.cbs.app.androiddata.DataManager: java.lang.String a(java.lang.String)>	sig:$r7 = virtualinvoke $r2.<java.net.URL: java.lang.String getQuery()>()	timediff:0
I/System.out( 1607): body:<com.cbs.app.androiddata.DataManager: java.lang.String a(java.lang.String)>	sig:$r8 = virtualinvoke $r2.<java.net.URL: java.lang.String getRef()>()	timediff:0
I/System.out( 1607): body:<com.cbs.app.androiddata.DataManager: java.lang.String a(java.lang.String)>	sig:specialinvoke $r1.<java.net.URI: void <init>(java.lang.String,java.lang.String,java.lang.String,int,java.lang.String,java.lang.String,java.lang.String)>($r3, $r4, $r5, $i0, $r6, $r7, $r8)	timediff:0
I/System.out( 1607): body:<com.cbs.app.androiddata.DataManager: java.lang.String a(java.lang.String)>	sig:$r2 = virtualinvoke $r1.<java.net.URI: java.net.URL toURL()>()	timediff:0
I/System.out( 1607): body:<com.cbs.app.androiddata.DataManager: java.lang.String a(java.lang.String)>	sig:$r8 = virtualinvoke $r2.<java.net.URL: java.lang.String toString()>()	timediff:0
I/System.out( 1607): body:<com.cbs.app.androiddata.RequestHelper: com.cbs.app.androiddata.ResponseModel a(java.lang.String[])>	sig:specialinvoke $r3.<java.net.URL: void <init>(java.lang.String)>($r4)	timediff:0
I/System.out( 1607): <com.cbs.app.androiddata.RequestHelper: com.cbs.app.androiddata.ResponseModel a(java.lang.String[])>###specialinvoke $r3.<java.net.URL: void <init>(java.lang.String)>($r4)###https://www.cbs.com/apps-api/v2.0/androidphone/shows/groups.json?includeAllShowGroups=true
I/System.out( 1607): body:<com.cbs.app.androiddata.RequestHelper: com.cbs.app.androiddata.ResponseModel a(java.lang.String[])>	sig:$r4 = virtualinvoke $r3.<java.net.URL: java.lang.String getProtocol()>()	timediff:0
I/System.out( 1607): body:<com.cbs.app.androiddata.RequestHelper: com.cbs.app.androiddata.ResponseModel a(java.lang.String[])>	sig:$r5 = virtualinvoke $r3.<java.net.URL: java.lang.String getHost()>()	timediff:0
I/System.out( 1607): body:<com.cbs.app.androiddata.RequestHelper: com.cbs.app.androiddata.ResponseModel a(java.lang.String[])>	sig:specialinvoke $r8.<java.net.URL: void <init>(java.lang.String)>($r5)	timediff:0
I/System.out( 1607): <com.cbs.app.androiddata.RequestHelper: com.cbs.app.androiddata.ResponseModel a(java.lang.String[])>###specialinvoke $r8.<java.net.URL: void <init>(java.lang.String)>($r5)###https://www.cbs.com/
I/System.out( 1607): body:<com.cbs.app.androiddata.RequestHelper: com.cbs.app.androiddata.ResponseModel a(java.lang.String[])>	sig:$r9 = virtualinvoke $r8.<java.net.URL: java.net.URLConnection openConnection()>()	timediff:0
I/System.out( 1607): body:<com.cbs.app.androiddata.RequestHelper: com.cbs.app.androiddata.ResponseModel a(java.lang.String[])>	sig:virtualinvoke $r10.<java.net.HttpURLConnection: void setRequestMethod(java.lang.String)>("HEAD")	timediff:0
I/System.out( 1607): body:<com.cbs.app.androiddata.RequestHelper: com.cbs.app.androiddata.ResponseModel a(java.lang.String[])>	sig:virtualinvoke $r10.<java.net.HttpURLConnection: void setConnectTimeout(int)>(1000)	timediff:0
I/System.out( 1607): body:<com.cbs.app.androiddata.RequestHelper: com.cbs.app.androiddata.ResponseModel a(java.lang.String[])>	sig:virtualinvoke $r10.<java.net.HttpURLConnection: void setReadTimeout(int)>(1000)	timediff:0
I/System.out( 1607): body:<com.cbs.app.androiddata.PersistentCookieStore: java.util.List a(java.net.URI)>	sig:$r9 = virtualinvoke $r8.<java.net.URI: java.lang.String getHost()>()	timediff:0
I/System.out( 1607): body:<com.cbs.app.androiddata.PersistentCookieStore: java.util.List a(java.net.URI)>	sig:$r10 = virtualinvoke $r1.<java.net.URI: java.lang.String getHost()>()	timediff:0
I/System.out( 1607): body:<com.cbs.app.androiddata.PersistentCookieStore: java.util.List a(java.net.URI)>	sig:$r9 = virtualinvoke $r8.<java.net.URI: java.lang.String getHost()>()	timediff:0
I/System.out( 1607): body:<com.cbs.app.androiddata.PersistentCookieStore: java.util.List a(java.net.URI)>	sig:$r10 = virtualinvoke $r1.<java.net.URI: java.lang.String getHost()>()	timediff:0
I/System.out( 1607): body:<com.cbs.app.androiddata.PersistentCookieStore: java.util.List a(java.net.URI)>	sig:$r10 = virtualinvoke $r8.<java.net.URI: java.lang.String getPath()>()	timediff:0
I/System.out( 1607): body:<com.cbs.app.androiddata.PersistentCookieStore: java.util.List a(java.net.URI)>	sig:$r9 = virtualinvoke $r1.<java.net.URI: java.lang.String getPath()>()	timediff:0
I/System.out( 1607): body:<com.cbs.app.androiddata.PersistentCookieStore: java.util.List a(java.net.URI)>	sig:$r9 = virtualinvoke $r8.<java.net.URI: java.lang.String getHost()>()	timediff:0
I/System.out( 1607): body:<com.cbs.app.androiddata.PersistentCookieStore: java.util.List a(java.net.URI)>	sig:$r10 = virtualinvoke $r1.<java.net.URI: java.lang.String getHost()>()	timediff:0
I/System.out( 1607): body:<com.cbs.app.androiddata.PersistentCookieStore: java.util.List a(java.net.URI)>	sig:$z0 = virtualinvoke $r14.<java.net.HttpCookie: boolean hasExpired()>()	timediff:0
I/System.out( 1607): body:<com.cbs.app.androiddata.PersistentCookieStore: java.util.List a(java.net.URI)>	sig:$z0 = virtualinvoke $r14.<java.net.HttpCookie: boolean hasExpired()>()	timediff:0
I/qtaguid (  962): Tagging socket 68 with tag 3000180300000000(805312515) for uid -1 failed errno=-13
I/NetworkManagementSocketTagger(  962): tagSocketFd(68, 805312515, -1) failed with errno-13
I/System.out( 1607): body:<com.cbs.app.androiddata.RequestHelper: java.lang.String a(java.net.URL)>	sig:$r4 = virtualinvoke $r1.<java.net.URL: java.lang.String getProtocol()>()	timediff:0
I/System.out( 1607): body:<com.cbs.app.androiddata.RequestHelper: java.lang.String a(java.net.URL)>	sig:$r5 = virtualinvoke $r1.<java.net.URL: java.lang.String getHost()>()	timediff:0
I/System.out( 1607): body:<com.cbs.app.androiddata.RequestHelper: java.lang.String a(java.net.URL)>	sig:$r4 = staticinvoke <java.net.URLEncoder: java.lang.String encode(java.lang.String,java.lang.String)>($r4, "UTF-8")	timediff:0
I/System.out( 1607): body:<com.cbs.app.androiddata.RequestHelper: java.net.HttpURLConnection a(java.net.URL,java.lang.String[])>	sig:specialinvoke $r9.<java.net.URL: void <init>(java.lang.String)>($r5)	timediff:0
I/System.out( 1607): <com.cbs.app.androiddata.RequestHelper: java.net.HttpURLConnection a(java.net.URL,java.lang.String[])>###specialinvoke $r9.<java.net.URL: void <init>(java.lang.String)>($r5)###https://www.cbs.com/apps-api/v2.0/androidphone/shows/groups.json?includeAllShowGroups=true&at=ABDUr%2BBu6LxnmGqotb5bJZIn0cGIVvTnWCG0I8hVXUcWbeKIhH3rp77qouLCwrbrH%2Fw%3D
I/System.out( 1607): body:<com.cbs.app.androiddata.RequestHelper: java.net.HttpURLConnection a(java.net.URL,java.lang.String[])>	sig:$r10 = virtualinvoke $r9.<java.net.URL: java.net.URLConnection openConnection()>()	timediff:0
I/System.out( 1607): body:<com.cbs.app.androiddata.RequestHelper: java.net.HttpURLConnection a(java.net.URL,java.lang.String[])>	sig:$r12 = virtualinvoke $r1.<java.net.URL: java.lang.String getProtocol()>()	timediff:0
I/System.out( 1607): body:<com.cbs.app.androiddata.RequestHelper: java.net.HttpURLConnection a(java.net.URL,java.lang.String[])>	sig:$r13 = virtualinvoke $r1.<java.net.URL: java.lang.String getHost()>()	timediff:0
I/System.out( 1607): body:<com.cbs.app.androiddata.RequestHelper: java.net.HttpURLConnection a(java.net.URL,java.lang.String[])>	sig:virtualinvoke $r11.<java.net.HttpURLConnection: void setRequestMethod(java.lang.String)>($r4)	timediff:0
I/System.out( 1607): body:<com.cbs.app.androiddata.RequestHelper: java.net.HttpURLConnection a(java.net.URL,java.lang.String[])>	sig:virtualinvoke $r11.<java.net.HttpURLConnection: void setRequestProperty(java.lang.String,java.lang.String)>("User-Agent", "CBSAndroid")	timediff:0
I/System.out( 1607): body:<com.cbs.app.androiddata.RequestHelper: java.net.HttpURLConnection a(java.net.URL,java.lang.String[])>	sig:virtualinvoke $r11.<java.net.HttpURLConnection: void setReadTimeout(int)>(3000)	timediff:0
I/System.out( 1607): body:<com.cbs.app.androiddata.RequestHelper: java.net.HttpURLConnection a(java.net.URL,java.lang.String[])>	sig:virtualinvoke $r11.<java.net.HttpURLConnection: void setConnectTimeout(int)>(1000)	timediff:0
I/System.out( 1607): body:<com.cbs.app.androiddata.RequestHelper: java.net.HttpURLConnection a(java.net.URL,java.lang.String[])>	sig:virtualinvoke $r11.<java.net.HttpURLConnection: void setInstanceFollowRedirects(boolean)>(1)	timediff:0
I/System.out( 1607): body:<com.cbs.app.androiddata.RequestHelper: java.net.HttpURLConnection a(java.net.URL,java.lang.String[])>	sig:virtualinvoke $r11.<java.net.HttpURLConnection: void setDoInput(boolean)>(1)	timediff:0
I/System.out( 1607): body:<com.cbs.app.androiddata.PersistentCookieStore: java.util.List a(java.net.URI)>	sig:$r9 = virtualinvoke $r8.<java.net.URI: java.lang.String getHost()>()	timediff:0
I/System.out( 1607): body:<com.cbs.app.androiddata.PersistentCookieStore: java.util.List a(java.net.URI)>	sig:$r10 = virtualinvoke $r1.<java.net.URI: java.lang.String getHost()>()	timediff:0
I/System.out( 1607): body:<com.cbs.app.androiddata.PersistentCookieStore: java.util.List a(java.net.URI)>	sig:$r9 = virtualinvoke $r8.<java.net.URI: java.lang.String getHost()>()	timediff:0
I/System.out( 1607): body:<com.cbs.app.androiddata.PersistentCookieStore: java.util.List a(java.net.URI)>	sig:$r10 = virtualinvoke $r1.<java.net.URI: java.lang.String getHost()>()	timediff:0
I/System.out( 1607): body:<com.cbs.app.androiddata.PersistentCookieStore: java.util.List a(java.net.URI)>	sig:$r10 = virtualinvoke $r8.<java.net.URI: java.lang.String getPath()>()	timediff:0
I/System.out( 1607): body:<com.cbs.app.androiddata.PersistentCookieStore: java.util.List a(java.net.URI)>	sig:$r9 = virtualinvoke $r1.<java.net.URI: java.lang.String getPath()>()	timediff:0
I/System.out( 1607): body:<com.cbs.app.androiddata.PersistentCookieStore: java.util.List a(java.net.URI)>	sig:$r9 = virtualinvoke $r8.<java.net.URI: java.lang.String getHost()>()	timediff:0
I/System.out( 1607): body:<com.cbs.app.androiddata.PersistentCookieStore: java.util.List a(java.net.URI)>	sig:$r10 = virtualinvoke $r1.<java.net.URI: java.lang.String getHost()>()	timediff:0
I/System.out( 1607): body:<com.cbs.app.androiddata.PersistentCookieStore: java.util.List a(java.net.URI)>	sig:$z0 = virtualinvoke $r14.<java.net.HttpCookie: boolean hasExpired()>()	timediff:0
I/System.out( 1607): body:<com.cbs.app.androiddata.PersistentCookieStore: java.util.List a(java.net.URI)>	sig:$z0 = virtualinvoke $r14.<java.net.HttpCookie: boolean hasExpired()>()	timediff:0
D/dalvikvm(  962): GC_FOR_ALLOC freed 655K, 20% free 5361K/6648K, paused 4ms, total 4ms
I/qtaguid (  962): Untagging socket 68 failed errno=-13
W/NetworkManagementSocketTagger(  962): untagSocket(68) failed with errno -13
D/dalvikvm(  962): GC_FOR_ALLOC freed 203K, 20% free 5345K/6648K, paused 7ms, total 7ms
D/        (  962): HostConnection::get() New Host Connection established 0xb924acb0, tid 972
I/System.out( 1607): body:<com.cbs.app.androiddata.PersistentCookieStore: java.net.URI a(java.net.URI,java.net.HttpCookie)>	sig:$r2 = virtualinvoke $r1.<java.net.HttpCookie: java.lang.String getDomain()>()	timediff:0
I/System.out( 1607): body:<com.cbs.app.androiddata.PersistentCookieStore: java.net.URI a(java.net.URI,java.net.HttpCookie)>	sig:$r2 = virtualinvoke $r1.<java.net.HttpCookie: java.lang.String getDomain()>()	timediff:0
I/System.out( 1607): body:<com.cbs.app.androiddata.PersistentCookieStore: java.net.URI a(java.net.URI,java.net.HttpCookie)>	sig:$r4 = virtualinvoke $r0.<java.net.URI: java.lang.String getScheme()>()	timediff:0
I/System.out( 1607): body:<com.cbs.app.androiddata.PersistentCookieStore: java.net.URI a(java.net.URI,java.net.HttpCookie)>	sig:$r5 = virtualinvoke $r0.<java.net.URI: java.lang.String getScheme()>()	timediff:0
I/System.out( 1607): body:<com.cbs.app.androiddata.PersistentCookieStore: java.net.URI a(java.net.URI,java.net.HttpCookie)>	sig:$r5 = virtualinvoke $r1.<java.net.HttpCookie: java.lang.String getPath()>()	timediff:0
I/System.out( 1607): body:<com.cbs.app.androiddata.PersistentCookieStore: java.net.URI a(java.net.URI,java.net.HttpCookie)>	sig:$r5 = virtualinvoke $r1.<java.net.HttpCookie: java.lang.String getPath()>()	timediff:0
I/System.out( 1607): body:<com.cbs.app.androiddata.PersistentCookieStore: java.net.URI a(java.net.URI,java.net.HttpCookie)>	sig:specialinvoke $r3.<java.net.URI: void <init>(java.lang.String,java.lang.String,java.lang.String,java.lang.String)>($r4, $r2, $r5, null)	timediff:0
I/System.out( 1607): body:<com.cbs.app.androiddata.PersistentCookieStore: void add(java.net.URI,java.net.HttpCookie)>	sig:$r9 = virtualinvoke $r1.<java.net.URI: java.lang.String toString()>()	timediff:0
I/System.out( 1607): body:<com.cbs.app.androiddata.PersistentCookieStore: void add(java.net.URI,java.net.HttpCookie)>	sig:$r9 = virtualinvoke $r2.<java.net.HttpCookie: java.lang.String getName()>()	timediff:0
I/System.out( 1607): body:<com.cbs.app.androiddata.PersistentCookieStore$SerializableHttpCookie: void writeObject(java.io.ObjectOutputStream)>	sig:$r3 = virtualinvoke $r2.<java.net.HttpCookie: java.lang.String getName()>()	timediff:0
I/System.out( 1607): body:<com.cbs.app.androiddata.PersistentCookieStore$SerializableHttpCookie: void writeObject(java.io.ObjectOutputStream)>	sig:$r3 = virtualinvoke $r2.<java.net.HttpCookie: java.lang.String getValue()>()	timediff:0
I/System.out( 1607): body:<com.cbs.app.androiddata.PersistentCookieStore$SerializableHttpCookie: void writeObject(java.io.ObjectOutputStream)>	sig:$r3 = virtualinvoke $r2.<java.net.HttpCookie: java.lang.String getComment()>()	timediff:0
I/System.out( 1607): body:<com.cbs.app.androiddata.PersistentCookieStore$SerializableHttpCookie: void writeObject(java.io.ObjectOutputStream)>	sig:$r3 = virtualinvoke $r2.<java.net.HttpCookie: java.lang.String getCommentURL()>()	timediff:0
I/System.out( 1607): body:<com.cbs.app.androiddata.PersistentCookieStore$SerializableHttpCookie: void writeObject(java.io.ObjectOutputStream)>	sig:$r3 = virtualinvoke $r2.<java.net.HttpCookie: java.lang.String getDomain()>()	timediff:0
I/System.out( 1607): body:<com.cbs.app.androiddata.PersistentCookieStore$SerializableHttpCookie: void writeObject(java.io.ObjectOutputStream)>	sig:$l0 = virtualinvoke $r2.<java.net.HttpCookie: long getMaxAge()>()	timediff:0
I/System.out( 1607): body:<com.cbs.app.androiddata.PersistentCookieStore$SerializableHttpCookie: void writeObject(java.io.ObjectOutputStream)>	sig:$r3 = virtualinvoke $r2.<java.net.HttpCookie: java.lang.String getPath()>()	timediff:0
I/System.out( 1607): body:<com.cbs.app.androiddata.PersistentCookieStore$SerializableHttpCookie: void writeObject(java.io.ObjectOutputStream)>	sig:$r3 = virtualinvoke $r2.<java.net.HttpCookie: java.lang.String getPortlist()>()	timediff:0
I/System.out( 1607): body:<com.cbs.app.androiddata.PersistentCookieStore$SerializableHttpCookie: void writeObject(java.io.ObjectOutputStream)>	sig:$i1 = virtualinvoke $r2.<java.net.HttpCookie: int getVersion()>()	timediff:0
I/System.out( 1607): body:<com.cbs.app.androiddata.PersistentCookieStore$SerializableHttpCookie: void writeObject(java.io.ObjectOutputStream)>	sig:$z0 = virtualinvoke $r2.<java.net.HttpCookie: boolean getSecure()>()	timediff:0
I/System.out( 1607): body:<com.cbs.app.androiddata.PersistentCookieStore$SerializableHttpCookie: void writeObject(java.io.ObjectOutputStream)>	sig:$z0 = virtualinvoke $r2.<java.net.HttpCookie: boolean getDiscard()>()	timediff:0
I/System.out( 1607): body:<com.cbs.app.androiddata.PersistentCookieStore: java.util.List a(java.net.URI)>	sig:$r9 = virtualinvoke $r8.<java.net.URI: java.lang.String getHost()>()	timediff:0
I/System.out( 1607): body:<com.cbs.app.androiddata.PersistentCookieStore: java.util.List a(java.net.URI)>	sig:$r10 = virtualinvoke $r1.<java.net.URI: java.lang.String getHost()>()	timediff:0
I/System.out( 1607): body:<com.cbs.app.androiddata.PersistentCookieStore: java.util.List a(java.net.URI)>	sig:$r9 = virtualinvoke $r8.<java.net.URI: java.lang.String getHost()>()	timediff:0
I/System.out( 1607): body:<com.cbs.app.androiddata.PersistentCookieStore: java.util.List a(java.net.URI)>	sig:$r10 = virtualinvoke $r1.<java.net.URI: java.lang.String getHost()>()	timediff:0
I/System.out( 1607): body:<com.cbs.app.androiddata.PersistentCookieStore: java.util.List a(java.net.URI)>	sig:$r10 = virtualinvoke $r8.<java.net.URI: java.lang.String getPath()>()	timediff:0
I/System.out( 1607): body:<com.cbs.app.androiddata.PersistentCookieStore: java.util.List a(java.net.URI)>	sig:$r9 = virtualinvoke $r1.<java.net.URI: java.lang.String getPath()>()	timediff:0
I/System.out( 1607): body:<com.cbs.app.androiddata.PersistentCookieStore: java.util.List a(java.net.URI)>	sig:$r9 = virtualinvoke $r8.<java.net.URI: java.lang.String getHost()>()	timediff:0
I/System.out( 1607): body:<com.cbs.app.androiddata.PersistentCookieStore: java.util.List a(java.net.URI)>	sig:$r10 = virtualinvoke $r1.<java.net.URI: java.lang.String getHost()>()	timediff:0
I/System.out( 1607): body:<com.cbs.app.androiddata.PersistentCookieStore: java.util.List a(java.net.URI)>	sig:$z0 = virtualinvoke $r14.<java.net.HttpCookie: boolean hasExpired()>()	timediff:0
I/System.out( 1607): body:<com.cbs.app.androiddata.PersistentCookieStore: java.util.List a(java.net.URI)>	sig:$z0 = virtualinvoke $r14.<java.net.HttpCookie: boolean hasExpired()>()	timediff:0
I/System.out( 1607): body:<com.cbs.app.androiddata.RequestHelper: java.lang.String a(java.net.URL)>	sig:$r4 = virtualinvoke $r1.<java.net.URL: java.lang.String getProtocol()>()	timediff:0
I/System.out( 1607): body:<com.cbs.app.androiddata.RequestHelper: java.lang.String a(java.net.URL)>	sig:$r5 = virtualinvoke $r1.<java.net.URL: java.lang.String getHost()>()	timediff:0
I/System.out( 1607): body:<com.cbs.app.androiddata.RequestHelper: java.lang.String a(java.net.URL)>	sig:$r4 = staticinvoke <java.net.URLEncoder: java.lang.String encode(java.lang.String,java.lang.String)>($r4, "UTF-8")	timediff:0
I/System.out( 1607): body:<com.cbs.app.androiddata.RequestHelper: java.net.HttpURLConnection a(java.net.URL,java.lang.String[])>	sig:specialinvoke $r9.<java.net.URL: void <init>(java.lang.String)>($r5)	timediff:0
I/System.out( 1607): <com.cbs.app.androiddata.RequestHelper: java.net.HttpURLConnection a(java.net.URL,java.lang.String[])>###specialinvoke $r9.<java.net.URL: void <init>(java.lang.String)>($r5)###https://www.cbs.com/apps-api/v2.0/androidphone/shows/groups.json?includeAllShowGroups=true&at=ABAaq4nghaOm4IusI%2FQ04OxmezcXEekn2gigtF9i%2BD7NYNzuCpw6YMVbH%2BZhOG%2FsOCs%3D
I/System.out( 1607): body:<com.cbs.app.androiddata.RequestHelper: java.net.HttpURLConnection a(java.net.URL,java.lang.String[])>	sig:$r10 = virtualinvoke $r9.<java.net.URL: java.net.URLConnection openConnection()>()	timediff:4
I/System.out( 1607): body:<com.cbs.app.androiddata.RequestHelper: java.net.HttpURLConnection a(java.net.URL,java.lang.String[])>	sig:$r12 = virtualinvoke $r1.<java.net.URL: java.lang.String getProtocol()>()	timediff:0
I/System.out( 1607): body:<com.cbs.app.androiddata.RequestHelper: java.net.HttpURLConnection a(java.net.URL,java.lang.String[])>	sig:$r13 = virtualinvoke $r1.<java.net.URL: java.lang.String getHost()>()	timediff:0
I/System.out( 1607): body:<com.cbs.app.androiddata.RequestHelper: java.net.HttpURLConnection a(java.net.URL,java.lang.String[])>	sig:virtualinvoke $r11.<java.net.HttpURLConnection: void setRequestMethod(java.lang.String)>($r4)	timediff:0
I/System.out( 1607): body:<com.cbs.app.androiddata.RequestHelper: java.net.HttpURLConnection a(java.net.URL,java.lang.String[])>	sig:virtualinvoke $r11.<java.net.HttpURLConnection: void setRequestProperty(java.lang.String,java.lang.String)>("User-Agent", "CBSAndroid")	timediff:0
I/System.out( 1607): body:<com.cbs.app.androiddata.RequestHelper: java.net.HttpURLConnection a(java.net.URL,java.lang.String[])>	sig:virtualinvoke $r11.<java.net.HttpURLConnection: void setReadTimeout(int)>(3000)	timediff:0
I/System.out( 1607): body:<com.cbs.app.androiddata.RequestHelper: java.net.HttpURLConnection a(java.net.URL,java.lang.String[])>	sig:virtualinvoke $r11.<java.net.HttpURLConnection: void setConnectTimeout(int)>(1000)	timediff:0
I/System.out( 1607): body:<com.cbs.app.androiddata.RequestHelper: java.net.HttpURLConnection a(java.net.URL,java.lang.String[])>	sig:virtualinvoke $r11.<java.net.HttpURLConnection: void setInstanceFollowRedirects(boolean)>(1)	timediff:0
I/System.out( 1607): body:<com.cbs.app.androiddata.RequestHelper: java.net.HttpURLConnection a(java.net.URL,java.lang.String[])>	sig:virtualinvoke $r11.<java.net.HttpURLConnection: void setDoInput(boolean)>(1)	timediff:0
I/System.out( 1607): body:<com.cbs.app.androiddata.PersistentCookieStore: java.util.List a(java.net.URI)>	sig:$r9 = virtualinvoke $r8.<java.net.URI: java.lang.String getHost()>()	timediff:0
I/System.out( 1607): body:<com.cbs.app.androiddata.PersistentCookieStore: java.util.List a(java.net.URI)>	sig:$r10 = virtualinvoke $r1.<java.net.URI: java.lang.String getHost()>()	timediff:0
I/System.out( 1607): body:<com.cbs.app.androiddata.PersistentCookieStore: java.util.List a(java.net.URI)>	sig:$r9 = virtualinvoke $r8.<java.net.URI: java.lang.String getHost()>()	timediff:0
I/System.out( 1607): body:<com.cbs.app.androiddata.PersistentCookieStore: java.util.List a(java.net.URI)>	sig:$r10 = virtualinvoke $r1.<java.net.URI: java.lang.String getHost()>()	timediff:0
I/System.out( 1607): body:<com.cbs.app.androiddata.PersistentCookieStore: java.util.List a(java.net.URI)>	sig:$r10 = virtualinvoke $r8.<java.net.URI: java.lang.String getPath()>()	timediff:0
I/System.out( 1607): body:<com.cbs.app.androiddata.PersistentCookieStore: java.util.List a(java.net.URI)>	sig:$r9 = virtualinvoke $r1.<java.net.URI: java.lang.String getPath()>()	timediff:0
I/System.out( 1607): body:<com.cbs.app.androiddata.PersistentCookieStore: java.util.List a(java.net.URI)>	sig:$r9 = virtualinvoke $r8.<java.net.URI: java.lang.String getHost()>()	timediff:0
I/System.out( 1607): body:<com.cbs.app.androiddata.PersistentCookieStore: java.util.List a(java.net.URI)>	sig:$r10 = virtualinvoke $r1.<java.net.URI: java.lang.String getHost()>()	timediff:0
I/System.out( 1607): body:<com.cbs.app.androiddata.PersistentCookieStore: java.util.List a(java.net.URI)>	sig:$z0 = virtualinvoke $r14.<java.net.HttpCookie: boolean hasExpired()>()	timediff:0
I/System.out( 1607): body:<com.cbs.app.androiddata.PersistentCookieStore: java.util.List a(java.net.URI)>	sig:$z0 = virtualinvoke $r14.<java.net.HttpCookie: boolean hasExpired()>()	timediff:0
I/System.out( 1607): body:<com.cbs.app.androiddata.RequestHelper: java.lang.String b(java.net.URL,long,java.lang.String[])>	sig:$i2 = virtualinvoke $r5.<java.net.HttpURLConnection: int getResponseCode()>()	timediff:282
I/System.out( 1607): body:<com.cbs.app.androiddata.RequestHelper: java.lang.String b(java.net.URL,long,java.lang.String[])>	sig:$r14 = virtualinvoke $r5.<java.net.HttpURLConnection: java.io.InputStream getInputStream()>()	timediff:0
I/System.out( 1607): body:<empirical.HelperClass: void printURLInfo(java.lang.String,java.lang.String,java.net.URLConnection)>	sig:$r0 = virtualinvoke urlConnection.<java.net.URLConnection: java.net.URL getURL()>()	timediff:0
I/System.out( 1607): body:<empirical.HelperClass: void printURLInfo(java.lang.String,java.lang.String,java.net.URLConnection)>	sig:urlString = virtualinvoke $r0.<java.net.URL: java.lang.String toString()>()	timediff:0
I/System.out( 1607): body:<empirical.HelperClass: void printURLInfo(java.lang.String,java.lang.String,java.net.URLConnection)>	sig:isDoOutput = virtualinvoke urlConnection.<java.net.URLConnection: boolean getDoOutput()>()	timediff:0
I/System.out( 1607): body:<empirical.HelperClass: java.lang.String getHeaderField(java.net.URLConnection,java.lang.String)>	sig:data = virtualinvoke conn.<java.net.URLConnection: java.lang.String getHeaderField(java.lang.String)>(field)	timediff:0
I/System.out( 1607): body:<empirical.HelperClass: java.lang.String getHeaderField(java.net.URLConnection,java.lang.String)>	sig:data = virtualinvoke conn.<java.net.URLConnection: java.lang.String getHeaderField(java.lang.String)>(field)	timediff:0
I/System.out( 1607): body:<empirical.HelperClass: java.lang.String getHeaderField(java.net.URLConnection,java.lang.String)>	sig:data = virtualinvoke conn.<java.net.URLConnection: java.lang.String getHeaderField(java.lang.String)>(field)	timediff:0
I/System.out( 1607): body:<empirical.HelperClass: java.lang.String getHeaderField(java.net.URLConnection,java.lang.String)>	sig:data = virtualinvoke conn.<java.net.URLConnection: java.lang.String getHeaderField(java.lang.String)>(field)	timediff:0
I/System.out( 1607): body:<empirical.HelperClass: java.lang.String getHeaderField(java.net.URLConnection,java.lang.String)>	sig:data = virtualinvoke conn.<java.net.URLConnection: java.lang.String getHeaderField(java.lang.String)>(field)	timediff:0
I/System.out( 1607): URLConn;%;10;%;<com.cbs.app.androiddata.RequestHelper: java.lang.String b(java.net.URL,long,java.lang.String[])>;%;$r14 = virtualinvoke $r5.<java.net.HttpURLConnection: java.io.InputStream getInputStream()>();%;https://www.cbs.com/apps-api/v2.0/androidphone/shows/groups.json?includeAllShowGroups=true&at=ABDUr%2BBu6LxnmGqotb5bJZIn0cGIVvTnWCG0I8hVXUcWbeKIhH3rp77qouLCwrbrH%2Fw%3D;%;false;%;Not found;%;no-cache;%;Sat, 26 Jul 1997 05:00:00 GMT;%;0;%;Not found
D/dalvikvm( 1607): GC_FOR_ALLOC freed 847K, 16% free 7163K/8516K, paused 8ms, total 8ms
D/dalvikvm( 1607): GC_FOR_ALLOC freed 82K, 17% free 7186K/8620K, paused 10ms, total 10ms
I/dalvikvm-heap( 1607): Grow heap (frag case) to 7.227MB for 157750-byte allocation
W/Settings(  962): Setting install_non_market_apps has moved from android.provider.Settings.Secure to android.provider.Settings.Global.
D/dalvikvm( 1607): GC_FOR_ALLOC freed <1K, 17% free 7340K/8776K, paused 12ms, total 12ms
D/dalvikvm( 1607): GC_FOR_ALLOC freed 220K, 18% free 7241K/8776K, paused 4ms, total 5ms
I/dalvikvm-heap( 1607): Grow heap (frag case) to 7.356MB for 236622-byte allocation
D/dalvikvm( 1607): GC_FOR_ALLOC freed 155K, 19% free 7317K/9008K, paused 13ms, total 13ms
D/dalvikvm( 1607): GC_FOR_ALLOC freed 2K, 19% free 7317K/9008K, paused 6ms, total 6ms
I/dalvikvm-heap( 1607): Grow heap (frag case) to 7.542MB for 354930-byte allocation
D/dalvikvm( 1607): GC_FOR_ALLOC freed 231K, 21% free 7432K/9356K, paused 6ms, total 6ms
D/dalvikvm(  962): GC_CONCURRENT freed 490K, 16% free 5595K/6648K, paused 0ms+1ms, total 4ms
I/System.out( 1607): body:<com.cbs.app.androiddata.RequestHelper: java.lang.String b(java.net.URL,long,java.lang.String[])>	sig:$i2 = virtualinvoke $r5.<java.net.HttpURLConnection: int getResponseCode()>()	timediff:233
I/System.out( 1607): body:<com.cbs.app.androiddata.RequestHelper: java.lang.String b(java.net.URL,long,java.lang.String[])>	sig:$r14 = virtualinvoke $r5.<java.net.HttpURLConnection: java.io.InputStream getInputStream()>()	timediff:0
I/System.out( 1607): body:<empirical.HelperClass: void printURLInfo(java.lang.String,java.lang.String,java.net.URLConnection)>	sig:$r0 = virtualinvoke urlConnection.<java.net.URLConnection: java.net.URL getURL()>()	timediff:0
I/System.out( 1607): body:<empirical.HelperClass: void printURLInfo(java.lang.String,java.lang.String,java.net.URLConnection)>	sig:urlString = virtualinvoke $r0.<java.net.URL: java.lang.String toString()>()	timediff:0
I/System.out( 1607): body:<empirical.HelperClass: void printURLInfo(java.lang.String,java.lang.String,java.net.URLConnection)>	sig:isDoOutput = virtualinvoke urlConnection.<java.net.URLConnection: boolean getDoOutput()>()	timediff:0
I/System.out( 1607): body:<empirical.HelperClass: java.lang.String getHeaderField(java.net.URLConnection,java.lang.String)>	sig:data = virtualinvoke conn.<java.net.URLConnection: java.lang.String getHeaderField(java.lang.String)>(field)	timediff:0
I/System.out( 1607): body:<empirical.HelperClass: java.lang.String getHeaderField(java.net.URLConnection,java.lang.String)>	sig:data = virtualinvoke conn.<java.net.URLConnection: java.lang.String getHeaderField(java.lang.String)>(field)	timediff:0
I/System.out( 1607): body:<empirical.HelperClass: java.lang.String getHeaderField(java.net.URLConnection,java.lang.String)>	sig:data = virtualinvoke conn.<java.net.URLConnection: java.lang.String getHeaderField(java.lang.String)>(field)	timediff:0
I/System.out( 1607): body:<empirical.HelperClass: java.lang.String getHeaderField(java.net.URLConnection,java.lang.String)>	sig:data = virtualinvoke conn.<java.net.URLConnection: java.lang.String getHeaderField(java.lang.String)>(field)	timediff:0
I/System.out( 1607): body:<empirical.HelperClass: java.lang.String getHeaderField(java.net.URLConnection,java.lang.String)>	sig:data = virtualinvoke conn.<java.net.URLConnection: java.lang.String getHeaderField(java.lang.String)>(field)	timediff:0
I/System.out( 1607): URLConn;%;11;%;<com.cbs.app.androiddata.RequestHelper: java.lang.String b(java.net.URL,long,java.lang.String[])>;%;$r14 = virtualinvoke $r5.<java.net.HttpURLConnection: java.io.InputStream getInputStream()>();%;https://www.cbs.com/apps-api/v2.0/androidphone/shows/groups.json?includeAllShowGroups=true&at=ABAaq4nghaOm4IusI%2FQ04OxmezcXEekn2gigtF9i%2BD7NYNzuCpw6YMVbH%2BZhOG%2FsOCs%3D;%;false;%;Not found;%;no-cache;%;Sat, 26 Jul 1997 05:00:00 GMT;%;0;%;Not found
D/dalvikvm( 1607): GC_CONCURRENT freed 1023K, 16% free 7877K/9356K, paused 17ms+17ms, total 41ms
D/dalvikvm( 1607): WAIT_FOR_CONCURRENT_GC blocked 24ms
D/dalvikvm( 1607): GC_FOR_ALLOC freed 533K, 19% free 7618K/9356K, paused 46ms, total 46ms
I/dalvikvm(  729): Could not find method android.content.Context.getNoBackupFilesDir, referenced from method sxy.<init>
W/dalvikvm(  729): VFY: unable to resolve virtual method 15699: Landroid/content/Context;.getNoBackupFilesDir ()Ljava/io/File;
D/dalvikvm(  729): VFY: replacing opcode 0x6e at 0x0028
D/dalvikvm(  729): GC_CONCURRENT freed 278K, 29% free 4172K/5872K, paused 5ms+0ms, total 9ms
W/ConfigurationChimeraPro(  668): Got null configs for com.google.android.gms.common_auth
W/dalvikvm(  729): VFY: unable to find class referenced in signature (Landroid/net/Network;)
I/dalvikvm(  729): Could not find method android.net.Network.openConnection, referenced from method rsp.a
W/dalvikvm(  729): VFY: unable to resolve virtual method 16338: Landroid/net/Network;.openConnection (Ljava/net/URL;)Ljava/net/URLConnection;
D/dalvikvm(  729): VFY: replacing opcode 0x6e at 0x00ab
I/Auth    (  729): [ReflectiveChannelBinder] Successfully bound channel!
I/dalvikvm(  729): Could not find method android.os.PowerManager.isInteractive, referenced from method kfq.a
W/dalvikvm(  729): VFY: unable to resolve virtual method 4964: Landroid/os/PowerManager;.isInteractive ()Z
D/dalvikvm(  729): VFY: replacing opcode 0x6e at 0x0006
I/qtaguid (  729): Tagging socket 61 with tag 3000040100000000(805307393) for uid 10007 failed errno=-13
I/NetworkManagementSocketTagger(  729): tagSocketFd(61, 805307393, 10007) failed with errno-13
W/Conscrypt(  729): Could not set socket write timeout:
W/Conscrypt(  729):    java.lang.reflect.Method.invokeNative(Native Method)
W/Conscrypt(  729):    java.lang.reflect.Method.invoke(Method.java:515)
D/dalvikvm(  729): GC_FOR_ALLOC freed 523K, 30% free 4161K/5872K, paused 3ms, total 3ms
D/dalvikvm(  729): GC_CONCURRENT freed 44K, 30% free 4137K/5872K, paused 0ms+1ms, total 4ms
W/Conscrypt(  729): Could not set socket write timeout:
W/Conscrypt(  729):    java.lang.reflect.Method.invokeNative(Native Method)
W/Conscrypt(  729):    java.lang.reflect.Method.invoke(Method.java:515)
I/qtaguid (  729): Tagging socket 68 with tag 3000040100000000(805307393) for uid 10007 failed errno=-13
I/NetworkManagementSocketTagger(  729): tagSocketFd(68, 805307393, 10007) failed with errno-13
I/qtaguid (  729): Untagging socket 68 failed errno=-13
W/NetworkManagementSocketTagger(  729): untagSocket(68) failed with errno -13
I/qtaguid (  729): Tagging socket 68 with tag 3000040100000000(805307393) for uid 10007 failed errno=-13
I/NetworkManagementSocketTagger(  729): tagSocketFd(68, 805307393, 10007) failed with errno-13
I/qtaguid (  729): Untagging socket 68 failed errno=-13
W/NetworkManagementSocketTagger(  729): untagSocket(68) failed with errno -13
I/qtaguid (  729): Tagging socket 68 with tag 3000040100000000(805307393) for uid 10007 failed errno=-13
I/NetworkManagementSocketTagger(  729): tagSocketFd(68, 805307393, 10007) failed with errno-13
I/qtaguid (  729): Untagging socket 68 failed errno=-13
W/NetworkManagementSocketTagger(  729): untagSocket(68) failed with errno -13
I/qtaguid (  729): Tagging socket 68 with tag 3000040100000000(805307393) for uid 10007 failed errno=-13
I/NetworkManagementSocketTagger(  729): tagSocketFd(68, 805307393, 10007) failed with errno-13
I/qtaguid (  729): Untagging socket 68 failed errno=-13
W/NetworkManagementSocketTagger(  729): untagSocket(68) failed with errno -13
I/qtaguid (  729): Tagging socket 68 with tag 3000040100000000(805307393) for uid 10007 failed errno=-13
I/NetworkManagementSocketTagger(  729): tagSocketFd(68, 805307393, 10007) failed with errno-13
I/qtaguid (  729): Untagging socket 68 failed errno=-13
W/NetworkManagementSocketTagger(  729): untagSocket(68) failed with errno -13
I/qtaguid (  729): Tagging socket 68 with tag 3000040100000000(805307393) for uid 10007 failed errno=-13
I/NetworkManagementSocketTagger(  729): tagSocketFd(68, 805307393, 10007) failed with errno-13
I/qtaguid (  729): Untagging socket 68 failed errno=-13
W/NetworkManagementSocketTagger(  729): untagSocket(68) failed with errno -13
W/GLSUser (  729): [AppCertManager] IOException while requesting key: 
W/GLSUser (  729): java.io.IOException: Invalid device key response.
W/GLSUser (  729): 	at fum.a(:com.google.android.gms@11951070:12)
W/GLSUser (  729): 	at fum.a(:com.google.android.gms@11951070:64)
