I/System.out(11653): body:<com.android.volley.toolbox.HurlStack: org.apache.http.HttpEntity entityFromConnection(java.net.HttpURLConnection)>	sig:$i1 = virtualinvoke $r0.<java.net.HttpURLConnection: int getContentLength()>()	timediff:1
I/System.out(11653): body:<com.newrelic.agent.android.instrumentation.HttpURLConnectionExtension: java.lang.String getContentEncoding()>	sig:$r2 = virtualinvoke $r1.<java.net.HttpURLConnection: java.lang.String getContentEncoding()>()	timediff:0
I/System.out(11653): body:<com.newrelic.agent.android.instrumentation.TransactionStateUtil: void inspectAndInstrumentResponse(com.newrelic.agent.android.instrumentation.TransactionState,java.net.HttpURLConnection)>	sig:$r5 = virtualinvoke $r1.<java.net.HttpURLConnection: java.lang.String getHeaderField(java.lang.String)>("X-NewRelic-App-Data")	timediff:0
I/System.out(11653): body:<com.newrelic.agent.android.instrumentation.TransactionStateUtil: void inspectAndInstrumentResponse(com.newrelic.agent.android.instrumentation.TransactionState,java.net.HttpURLConnection)>	sig:$i0 = virtualinvoke $r1.<java.net.HttpURLConnection: int getContentLength()>()	timediff:0
I/System.out(11653): body:<com.newrelic.agent.android.instrumentation.TransactionStateUtil: void inspectAndInstrumentResponse(com.newrelic.agent.android.instrumentation.TransactionState,java.net.HttpURLConnection)>	sig:$i2 = virtualinvoke $r1.<java.net.HttpURLConnection: int getResponseCode()>()	timediff:0
I/System.out(11653): body:<com.android.volley.toolbox.HurlStack: org.apache.http.HttpEntity entityFromConnection(java.net.HttpURLConnection)>	sig:$r3 = virtualinvoke $r0.<java.net.HttpURLConnection: java.lang.String getContentEncoding()>()	timediff:0
I/System.out(11653): body:<com.newrelic.agent.android.instrumentation.HttpURLConnectionExtension: java.lang.String getContentType()>	sig:$r2 = virtualinvoke $r1.<java.net.HttpURLConnection: java.lang.String getContentType()>()	timediff:0
I/System.out(11653): body:<com.newrelic.agent.android.instrumentation.TransactionStateUtil: void inspectAndInstrumentResponse(com.newrelic.agent.android.instrumentation.TransactionState,java.net.HttpURLConnection)>	sig:$r5 = virtualinvoke $r1.<java.net.HttpURLConnection: java.lang.String getHeaderField(java.lang.String)>("X-NewRelic-App-Data")	timediff:0
I/System.out(11653): body:<com.newrelic.agent.android.instrumentation.TransactionStateUtil: void inspectAndInstrumentResponse(com.newrelic.agent.android.instrumentation.TransactionState,java.net.HttpURLConnection)>	sig:$i0 = virtualinvoke $r1.<java.net.HttpURLConnection: int getContentLength()>()	timediff:0
I/System.out(11653): body:<com.newrelic.agent.android.instrumentation.TransactionStateUtil: void inspectAndInstrumentResponse(com.newrelic.agent.android.instrumentation.TransactionState,java.net.HttpURLConnection)>	sig:$i2 = virtualinvoke $r1.<java.net.HttpURLConnection: int getResponseCode()>()	timediff:0
I/System.out(11653): body:<com.android.volley.toolbox.HurlStack: org.apache.http.HttpEntity entityFromConnection(java.net.HttpURLConnection)>	sig:$r3 = virtualinvoke $r0.<java.net.HttpURLConnection: java.lang.String getContentType()>()	timediff:0
I/System.out(11653): body:<com.newrelic.agent.android.instrumentation.HttpURLConnectionExtension: java.util.Map getHeaderFields()>	sig:$r2 = virtualinvoke $r1.<java.net.HttpURLConnection: java.util.Map getHeaderFields()>()	timediff:0
I/System.out(11653): body:<com.newrelic.agent.android.instrumentation.TransactionStateUtil: void inspectAndInstrumentResponse(com.newrelic.agent.android.instrumentation.TransactionState,java.net.HttpURLConnection)>	sig:$r5 = virtualinvoke $r1.<java.net.HttpURLConnection: java.lang.String getHeaderField(java.lang.String)>("X-NewRelic-App-Data")	timediff:0
I/System.out(11653): body:<com.newrelic.agent.android.instrumentation.TransactionStateUtil: void inspectAndInstrumentResponse(com.newrelic.agent.android.instrumentation.TransactionState,java.net.HttpURLConnection)>	sig:$i0 = virtualinvoke $r1.<java.net.HttpURLConnection: int getContentLength()>()	timediff:0
I/System.out(11653): body:<com.newrelic.agent.android.instrumentation.TransactionStateUtil: void inspectAndInstrumentResponse(com.newrelic.agent.android.instrumentation.TransactionState,java.net.HttpURLConnection)>	sig:$i2 = virtualinvoke $r1.<java.net.HttpURLConnection: int getResponseCode()>()	timediff:0
I/System.out(11653): body:<com.android.volley.toolbox.HurlStack: org.apache.http.HttpResponse performRequest(com.android.volley.Request,java.util.Map)>	sig:$r6 = virtualinvoke $r11.<java.net.HttpURLConnection: java.util.Map getHeaderFields()>()	timediff:1
I/qtaguid (11653): Untagging socket 51 failed errno=-13
W/NetworkManagementSocketTagger(11653): untagSocket(51) failed with errno -13
I/System.out(11653): body:<com.newrelic.agent.android.instrumentation.a: void streamComplete(com.newrelic.agent.android.instrumentation.io.StreamCompleteEvent)>	sig:$i0 = virtualinvoke $r4.<java.net.HttpURLConnection: int getContentLength()>()	timediff:0
I/System.out(11653): body:<com.newrelic.agent.android.util.Util: java.lang.String sanitizeUrl(java.lang.String)>	sig:specialinvoke $r1.<java.net.URL: void <init>(java.lang.String)>($r0)	timediff:0
I/System.out(11653): <com.newrelic.agent.android.util.Util: java.lang.String sanitizeUrl(java.lang.String)>###specialinvoke $r1.<java.net.URL: void <init>(java.lang.String)>($r0)###http://api.config.watchabc.go.com/vp2/ws/s/config/2021/001/009_26/SM-G955N
I/System.out(11653): body:<com.newrelic.agent.android.util.Util: java.lang.String sanitizeUrl(java.lang.String)>	sig:$r0 = virtualinvoke $r1.<java.net.URL: java.lang.String getProtocol()>()	timediff:0
I/System.out(11653): body:<com.newrelic.agent.android.util.Util: java.lang.String sanitizeUrl(java.lang.String)>	sig:$r0 = virtualinvoke $r1.<java.net.URL: java.lang.String getHost()>()	timediff:0
I/System.out(11653): body:<com.newrelic.agent.android.util.Util: java.lang.String sanitizeUrl(java.lang.String)>	sig:$i0 = virtualinvoke $r1.<java.net.URL: int getPort()>()	timediff:0
I/System.out(11653): body:<com.newrelic.agent.android.util.Util: java.lang.String sanitizeUrl(java.lang.String)>	sig:$r0 = virtualinvoke $r1.<java.net.URL: java.lang.String getPath()>()	timediff:0
I/qtaguid (26586): Tagging socket 68 with tag 3000090000000000(805308672) for uid -1 failed errno=-13
I/NetworkManagementSocketTagger(26586): tagSocketFd(68, 805308672, -1) failed with errno-13
D/SimpleXMLRequest(11653): [Volley Request -- <?xml version="1.0" encoding="UTF-8" standalone="yes"?><config brand="001" build="1310" device="009_26" ver="2021" xmlns="http://abc.go.com/vp2/ws/xmlns"><application><author>ABC</author><copyright>&amp;#169;ABC</copyright><email>support@abc.com</email><link>http://abc.go.com/</link><version><latest>3.1.15</latest><required>3.1.15</required></version></application><features><feature id="0009FEAT0015" name="analytics"><param value="112">dc</param><param value="wdgwatchappsroll,wdgabcappsnew,wdgabcrollup,wdgwabcapps,wdgwabcsecondary,wdgasec">account</param><param value="w88.go.com">trackingServer</param><param value="sw88.go.com">trackingServerSecure</param><param value="fep">prop1</param><param value="true">comScoreEnabled</param><param value="true">omnitureEnabled</param><param value="true">nielsenEnabled</param><param value="true">sloggerEnabled</param><param value="false">tealiumEnabled</param><param value="abc-android-app">tealiumProfile</param><param value="disney">tealiumSharedInstance</param><param value="prod">tealiumTarget</param></feature><feature id="0009FEAT0013" name="auth"><param value="ABC">requestorId</param><param value="http://getwatchabc.com/">distributorCheck</param><param value="%ERRORTYPE%. Please contact us if you need further assistance. Error code: %ERRORCODE%.">authZErrorMsg</param><param value="sp.auth.adobe.com/adobe-services">AuthUrl</param></feature><feature id="0009FEAT0001" name="featured"><param value="TC5515989">tabbedCarouselId</param><param value="/playlists/playlist/videos/video/thumbnails/thumbnail[@type='main']">tabbedCarouselThumbXpath</param></feature><feature id="0009FEAT0008" name="info"><param value="Terms of Use">globalTosLabel</param><param value="http://disneytermsofuse.com">globalTosLink</param><param value="Privacy Policy">privacyPolicyLabel</param><param value="http://disneyprivacycenter.com/">privacyPolicyLink</param><param value="https://disneyprivacycenter.com/twdc-privacy-controls/online-tracking-and-advertising/">adChoices</param></feature><feature id="0009FEAT0000" name="init"><param value="ABC Player Survey">foreseeTitle</param><param value="Help us improve our player!">foreseeMsg</param><param value="O2nlU1Ct9piX4Qg+W872fw==">foreseeCustomerID</param><param value="ipad_app2">foreseeSurveyID</param><param value="false">isForeseeEnabled</param><param value="false">isMaintenanceState</param><param value="The ABC app is currently unavailable while we perform maintenance. Please try again later.">maintenanceMainMsg</param><param value="true">isExitBumperEnabled</param><param value="The website you are about to link to is not controlled by ABC and a different terms of use and privacy policy will apply. The website you are linking to may contain content that is not appropriate for all audiences. Are you sure you want to continue?">exitBumperMsg</param><param value="true">isFacebookTrackingEnabled</param><param value="true">isFacebookPostInstallEnabled</param><param value="abcplayer">facebookAppNamespace</param><param value="299025806866284">facebookAppID</param><param value="false">isMatEnabled</param><param value="A new version of the ABC app is available in the Google Play Store. The current version you have installed is no longer supported. Please update to the latest version.">forceUpdateMsg</param><param value="A new version of the ABC app is available in the Google Play Store. Please update now to take advantage of new features and bug fixes.">updateMsg</param><param value="http://watchabc.go.com/update/force/android">forceUpdateLink</param><param value="http://watchabc.go.com/update/noforce/android">optionalUpdateLink</param><param value="market://details?id=%PACKAGE%">storeLink</param><param value="false">isWhatsNewEnabled</param><param value="shows">defaultLayoutType</param><param value="true">isCastingEnabled</param><param value="7">daysForNewVideo</param><param value="true">isSocialLensFacebookEnabled</param><param value="true">isSocialLensTwitterEnabled</param></feature><feature id="0009FEAT0004" name="
D/SimpleXMLRequest(11653): [Volley Request -- ignore cache header]
I/dalvikvm(11653): Could not find method javax.xml.stream.XMLInputFactory.newInstance, referenced from method org.simpleframework.xml.stream.StreamProvider.<init>
W/dalvikvm(11653): VFY: unable to resolve static method 58743: Ljavax/xml/stream/XMLInputFactory;.newInstance ()Ljavax/xml/stream/XMLInputFactory;
D/dalvikvm(11653): VFY: replacing opcode 0x71 at 0x0003
I/qtaguid (26586): Tagging socket 127 with tag 3000090000000000(805308672) for uid -1 failed errno=-13
I/NetworkManagementSocketTagger(26586): tagSocketFd(127, 805308672, -1) failed with errno-13
I/qtaguid (26586): Untagging socket 127 failed errno=-13
W/NetworkManagementSocketTagger(26586): untagSocket(127) failed with errno -13
I/qtaguid (26586): Tagging socket 127 with tag 3000090000000000(805308672) for uid -1 failed errno=-13
I/NetworkManagementSocketTagger(26586): tagSocketFd(127, 805308672, -1) failed with errno-13
I/qtaguid (26586): Untagging socket 127 failed errno=-13
W/NetworkManagementSocketTagger(26586): untagSocket(127) failed with errno -13
I/qtaguid (26586): Tagging socket 127 with tag 3000090000000000(805308672) for uid -1 failed errno=-13
I/NetworkManagementSocketTagger(26586): tagSocketFd(127, 805308672, -1) failed with errno-13
W/dalvikvm(11653): VFY: unable to find class referenced in signature (Ljavax/xml/stream/XMLEventReader;)
I/qtaguid (26586): Untagging socket 127 failed errno=-13
W/NetworkManagementSocketTagger(26586): untagSocket(127) failed with errno -13
I/qtaguid (26586): Tagging socket 127 with tag 3000090000000000(805308672) for uid -1 failed errno=-13
W/dalvikvm(11653): VFY: unable to find class referenced in signature (Ljavax/xml/stream/XMLEventReader;)
I/NetworkManagementSocketTagger(26586): tagSocketFd(127, 805308672, -1) failed with errno-13
I/qtaguid (26586): Untagging socket 127 failed errno=-13
W/NetworkManagementSocketTagger(26586): untagSocket(127) failed with errno -13
I/qtaguid (26586): Tagging socket 127 with tag 3000090000000000(805308672) for uid -1 failed errno=-13
I/dalvikvm(11653): Could not find method javax.xml.stream.XMLInputFactory.createXMLEventReader, referenced from method org.simpleframework.xml.stream.StreamProvider.provide
I/NetworkManagementSocketTagger(26586): tagSocketFd(127, 805308672, -1) failed with errno-13
I/qtaguid (26586): Untagging socket 127 failed errno=-13
W/dalvikvm(11653): VFY: unable to resolve virtual method 58741: Ljavax/xml/stream/XMLInputFactory;.createXMLEventReader (Ljava/io/InputStream;)Ljavax/xml/stream/XMLEventReader;
D/dalvikvm(11653): VFY: replacing opcode 0x6e at 0x0002
W/NetworkManagementSocketTagger(26586): untagSocket(127) failed with errno -13
I/dalvikvm(11653): Could not find method javax.xml.stream.XMLInputFactory.createXMLEventReader, referenced from method org.simpleframework.xml.stream.StreamProvider.provide
W/dalvikvm(11653): VFY: unable to resolve virtual method 58742: Ljavax/xml/stream/XMLInputFactory;.createXMLEventReader (Ljava/io/Reader;)Ljavax/xml/stream/XMLEventReader;
D/dalvikvm(11653): VFY: replacing opcode 0x6e at 0x0002
I/qtaguid (26586): Tagging socket 127 with tag 3000090000000000(805308672) for uid -1 failed errno=-13
D/yeshen  (11448): launcher onstop
W/DebugConnManager(11448): getNetworkInfo() on networkType 1
I/NetworkManagementSocketTagger(26586): tagSocketFd(127, 805308672, -1) failed with errno-13
I/qtaguid (26586): Untagging socket 127 failed errno=-13
W/NetworkManagementSocketTagger(26586): untagSocket(127) failed with errno -13
D/dalvikvm(11448): GC_CONCURRENT freed 1392K, 21% free 7435K/9360K, paused 1ms+1ms, total 5ms
D/FirebaseApp(11448): Notifying background state change listeners.
D/Tinker.DefaultAppLike(11448): onTrimMemory level:20
W/ViewRootImpl(11653): Dropping event due to no window focus: KeyEvent { action=ACTION_DOWN, keyCode=KEYCODE_DPAD_LEFT, scanCode=0, metaState=0, flags=0x8, repeatCount=0, eventTime=14196562, downTime=14196562, deviceId=-1, source=0x101 }
D/dalvikvm(11653): GC_CONCURRENT freed 446K, 9% free 5235K/5744K, paused 2ms+1ms, total 5ms
D/dalvikvm(11653): processAnnotationValue failed on default for 'type'
W/EGL_emulation(11653): eglSurfaceAttrib not implemented 3093 12436
W/ContextImpl(11448): Calling a method in the system process without a qualified user: android.app.ContextImpl.bindService:1556 android.content.ContextWrapper.bindService:517 com.google.android.gms.common.stats.zzb.zza:-1 com.google.android.gms.common.stats.zzb.zza:-1 com.google.android.gms.ads.identifier.AdvertisingIdClient.zzh:-1 
V/PanelView(  531): animationTick called with dtms=0; nothing to do (h=0.0 v=-0.0)
E/[BaseActivity](11653): SDK Init fail: com.disney.datg.videoplatforms.sdk.error.AndroidSDKException: Service has encounted an error and has to quit : Service has encounted an error and has to quit
E/com.newrelic.agent.android(11653): Attribute name timestamp is reserved for internal use and will be ignored.
E/com.newrelic.agent.android(11653): Attribute name appName is reserved for internal use and will be ignored.
E/com.newrelic.agent.android(11653): Attribute name category is reserved for internal use and will be ignored.
E/com.newrelic.agent.android(11653): Attribute name appId is reserved for internal use and will be ignored.
D/[DialogManager](11653): Global.isActive :: true
D/[DIALOG](11653): Attempting to add 'Unable to connect to the server. Please check your connection or restart the application. ' to queue
E/[DIALOG](11653): Adding 'Unable to connect to the server. Please check your connection or restart the application. ' to queue
E/[CUSTOM DIALOG](11653): Showing dialog 'Unable to connect to the server. Please check your connection or restart the application. '
I/ActivityManager(  346): START u0 {act=android.intent.action.MAIN cat=[android.intent.category.HOME] flg=0x10200000 cmp=com.vphone.launcher/.Launcher} from pid 346
W/Launcher(11448): setApplicationContext called twice! old=com.vphone.launcher.LauncherApplicationEx@4a7e86e8 new=com.vphone.launcher.LauncherApplicationEx@4a7e86e8
D/dalvikvm(11653): GC_FOR_ALLOC freed 149K, 8% free 5302K/5744K, paused 4ms, total 4ms
I/dalvikvm-heap(11653): Grow heap (frag case) to 5.840MB for 635808-byte allocation
D/Launcher.Model(11448): 11683562 - loadWorkspaceScreensDb()
D/Launcher.Model(11448): 11683562 -   screens: { 0: 1 }
D/dalvikvm(11653): GC_FOR_ALLOC freed <1K, 7% free 5923K/6368K, paused 4ms, total 4ms
E/com.disney.datg.videoplatforms.sdk.media.VPSDKManager(11653): Removing VPPlayerManager and shutting down resources
W/DebugConnManager(11448): getNetworkInfo() on networkType 1
D/Launcher.Model(11448): 11683562 - updateWorkspaceScreenOrder()
D/Launcher.Model(11448): 11683562 -   screens: 1
I/Launcher(11448): Deferring update until onResume
I/        (11448): {"errNum":0,"message":"SUCCESS"}
W/ViewRootImpl(11653): Dropping event due to no window focus: KeyEvent { action=ACTION_DOWN, keyCode=KEYCODE_B, scanCode=0, metaState=0, flags=0x8, repeatCount=0, eventTime=14196651, downTime=14196651, deviceId=-1, source=0x101 }
W/ViewRootImpl(11653): Dropping event due to no window focus: KeyEvent { action=ACTION_DOWN, keyCode=KEYCODE_MEDIA_RECORD, scanCode=0, metaState=0, flags=0x8, repeatCount=0, eventTime=14196671, downTime=14196671, deviceId=-1, source=0x101 }
W/ViewRootImpl(11653): Dropping event due to no window focus: KeyEvent { action=ACTION_DOWN, keyCode=KEYCODE_DPAD_CENTER, scanCode=0, metaState=0, flags=0x8, repeatCount=0, eventTime=14196673, downTime=14196673, deviceId=-1, source=0x101 }
I/Launcher(11448): Deferring update until onResume
W/EGL_emulation(11653): eglSurfaceAttrib not implemented 3093 12436
E/ChromecastCastReceiver(11653): notification RECEIVED INTENT
E/ChromecastCastReceiver(11653): notification action : android.intent.action.MEDIA_BUTTON
D/ChromecastCastReceiver(11653): notification Toggling playback via CastManager
D/ChromecastManager(11653): ChromecastManager.togglePlayback
W/ContextImpl(  346): Calling a method in the system process without a qualified user: android.app.ContextImpl.sendBroadcast:1123 com.android.server.InputMethodManagerService.hideCurrentInputLocked:1880 com.android.server.InputMethodManagerService.windowGainedFocus:1968 com.android.internal.view.IInputMethodManager$Stub.onTransact:221 com.android.server.InputMethodManagerService.onTransact:818 
I/ActivityManager(  346): START u0 {act=android.intent.action.MAIN cat=[android.intent.category.LAUNCHER] flg=0x10000000 sel={act=android.intent.action.MAIN cat=[android.intent.category.APP_CALENDAR]}} from pid 346
I/ActivityManager(  346): START u0 {act=android.intent.action.MAIN cat=[android.intent.category.HOME] flg=0x10200000 cmp=com.vphone.launcher/.Launcher} from pid 346
D/dalvikvm(  346): GC_CONCURRENT freed 2123K, 61% free 13826K/35136K, paused 3ms+2ms, total 22ms
D/dalvikvm(11448): GC_CONCURRENT freed 1513K, 21% free 7402K/9360K, paused 0ms+0ms, total 6ms
I/ActivityManager(  346): START u0 {act=android.intent.action.MAIN cat=[android.intent.category.LAUNCHER] flg=0x10200000 cmp=com.disney.datg.videoplatforms.android.abc/com.disney.abc.MainActivity} from pid 11312
E/[BASE FRAGMENT](11653): on Pause -> Backstack count: 0
D/[CUSTOM DIALOG](11653): Dismiss all dialogs
D/[MAIN_ACTIVITY](11653): RESUME: UNDEFINE
D/[MAIN_ACTIVITY](11653): RESUME: true
I/KochavaTracker(11653): Tracking Activity Resumed
D/[MAIN_ACTIVITY](11653): First run init app
E/[BASE FRAGMENT](11653): Main Activity onConfiguration Changed
D/[MAIN ACTIVITY](11653): Need to measure
E/[SECOND MONITOR](11653): Number of screens: 1
D/[NETWORK MANAGER](11653): add ConnectionStateChangedListener Connection 
D/[APP_CONFIG](11653): WatchSDKAppConfig
D/[APP_CONFIG](11653): WatchSDKAppConfig
D/[MAIN_ACTIVITY](11653): Checking for update...
D/[Main_Activity](11653): setUpUpdateHomeAlarm
D/[API_PROXY](11653): initSDK
D/http://api.config.watchabc.go.com/vp2/ws/s/config/2021/001/009_26/SM-G955N(11653): Accessor doInBackground - starting work - http://api.config.watchabc.go.com/vp2/ws/s/config/2021/001/009_26/SM-G955N
D/SimpleXMLRequest(11653): headers: {Accept=application/xml}
D/VolleyRequestHelper(11653): Request: [ ] http://api.config.watchabc.go.com/vp2/ws/s/config/2021/001/009_26/SM-G955N 0x65535c3e LOW null
D/VolleyRequestHelper(11653): VolleyRequestHelper URL: http://api.config.watchabc.go.com/vp2/ws/s/config/2021/001/009_26/SM-G955N
I/System.out(11653): body:<com.android.volley.toolbox.HurlStack: org.apache.http.HttpResponse performRequest(com.android.volley.Request,java.util.Map)>	sig:specialinvoke $r10.<java.net.URL: void <init>(java.lang.String)>($r8)	timediff:0
I/System.out(11653): <com.android.volley.toolbox.HurlStack: org.apache.http.HttpResponse performRequest(com.android.volley.Request,java.util.Map)>###specialinvoke $r10.<java.net.URL: void <init>(java.lang.String)>($r8)###http://api.config.watchabc.go.com/vp2/ws/s/config/2021/001/009_26/SM-G955N
I/System.out(11653): body:<com.android.volley.toolbox.HurlStack: java.net.HttpURLConnection createConnection(java.net.URL)>	sig:$r2 = virtualinvoke $r1.<java.net.URL: java.net.URLConnection openConnection()>()	timediff:0
I/System.out(11653): body:<com.newrelic.agent.android.instrumentation.HttpURLConnectionExtension: void <init>(java.net.HttpURLConnection)>	sig:$r2 = virtualinvoke $r1.<java.net.HttpURLConnection: java.net.URL getURL()>()	timediff:0
I/System.out(11653): body:<com.newrelic.agent.android.instrumentation.HttpURLConnectionExtension: void <init>(java.net.HttpURLConnection)>	sig:specialinvoke $r0.<java.net.HttpURLConnection: void <init>(java.net.URL)>($r2)	timediff:0
I/System.out(11653): body:<com.newrelic.agent.android.instrumentation.TransactionStateUtil: void setCrossProcessHeader(java.net.HttpURLConnection)>	sig:virtualinvoke $r0.<java.net.HttpURLConnection: void setRequestProperty(java.lang.String,java.lang.String)>("X-NewRelic-ID", $r1)	timediff:0
I/System.out(11653): body:<com.android.volley.toolbox.HurlStack: java.net.HttpURLConnection createConnection(java.net.URL)>	sig:$z0 = staticinvoke <java.net.HttpURLConnection: boolean getFollowRedirects()>()	timediff:0
I/System.out(11653): body:<com.newrelic.agent.android.instrumentation.HttpURLConnectionExtension: void setInstanceFollowRedirects(boolean)>	sig:virtualinvoke $r1.<java.net.HttpURLConnection: void setInstanceFollowRedirects(boolean)>($z0)	timediff:0
I/System.out(11653): body:<com.android.volley.toolbox.HurlStack: java.net.HttpURLConnection createConnection(java.net.URL)>	sig:virtualinvoke $r3.<java.net.HttpURLConnection: void setInstanceFollowRedirects(boolean)>($z0)	timediff:0
I/System.out(11653): body:<com.newrelic.agent.android.instrumentation.HttpURLConnectionExtension: void setConnectTimeout(int)>	sig:virtualinvoke $r1.<java.net.HttpURLConnection: void setConnectTimeout(int)>($i0)	timediff:0
I/System.out(11653): body:<com.android.volley.toolbox.HurlStack: java.net.HttpURLConnection openConnection(java.net.URL,com.android.volley.Request)>	sig:virtualinvoke $r3.<java.net.HttpURLConnection: void setConnectTimeout(int)>($i0)	timediff:0
I/System.out(11653): body:<com.newrelic.agent.android.instrumentation.HttpURLConnectionExtension: void setReadTimeout(int)>	sig:virtualinvoke $r1.<java.net.HttpURLConnection: void setReadTimeout(int)>($i0)	timediff:0
I/System.out(11653): body:<com.android.volley.toolbox.HurlStack: java.net.HttpURLConnection openConnection(java.net.URL,com.android.volley.Request)>	sig:virtualinvoke $r3.<java.net.HttpURLConnection: void setReadTimeout(int)>($i0)	timediff:0
I/System.out(11653): body:<com.newrelic.agent.android.instrumentation.HttpURLConnectionExtension: void setUseCaches(boolean)>	sig:virtualinvoke $r1.<java.net.HttpURLConnection: void setUseCaches(boolean)>($z0)	timediff:0
I/System.out(11653): body:<com.android.volley.toolbox.HurlStack: java.net.HttpURLConnection openConnection(java.net.URL,com.android.volley.Request)>	sig:virtualinvoke $r3.<java.net.HttpURLConnection: void setUseCaches(boolean)>(0)	timediff:0
I/System.out(11653): body:<com.newrelic.agent.android.instrumentation.HttpURLConnectionExtension: void setDoInput(boolean)>	sig:virtualinvoke $r1.<java.net.HttpURLConnection: void setDoInput(boolean)>($z0)	timediff:0
I/System.out(11653): body:<com.android.volley.toolbox.HurlStack: java.net.HttpURLConnection openConnection(java.net.URL,com.android.volley.Request)>	sig:virtualinvoke $r3.<java.net.HttpURLConnection: void setDoInput(boolean)>(1)	timediff:0
I/System.out(11653): body:<com.android.volley.toolbox.HurlStack: java.net.HttpURLConnection openConnection(java.net.URL,com.android.volley.Request)>	sig:$r5 = virtualinvoke $r1.<java.net.URL: java.lang.String getProtocol()>()	timediff:0
I/System.out(11653): body:<com.newrelic.agent.android.instrumentation.HttpURLConnectionExtension: void addRequestProperty(java.lang.String,java.lang.String)>	sig:virtualinvoke $r3.<java.net.HttpURLConnection: void addRequestProperty(java.lang.String,java.lang.String)>($r1, $r2)	timediff:0
I/System.out(11653): body:<com.android.volley.toolbox.HurlStack: org.apache.http.HttpResponse performRequest(com.android.volley.Request,java.util.Map)>	sig:virtualinvoke $r11.<java.net.HttpURLConnection: void addRequestProperty(java.lang.String,java.lang.String)>($r8, $r5)	timediff:0
I/System.out(11653): body:<com.newrelic.agent.android.instrumentation.TransactionStateUtil: void inspectAndInstrument(com.newrelic.agent.android.instrumentation.TransactionState,java.net.HttpURLConnection)>	sig:$r2 = virtualinvoke $r1.<java.net.HttpURLConnection: java.net.URL getURL()>()	timediff:0
I/System.out(11653): body:<com.newrelic.agent.android.instrumentation.TransactionStateUtil: void inspectAndInstrument(com.newrelic.agent.android.instrumentation.TransactionState,java.net.HttpURLConnection)>	sig:$r3 = virtualinvoke $r2.<java.net.URL: java.lang.String toString()>()	timediff:0
I/System.out(11653): body:<com.newrelic.agent.android.instrumentation.TransactionStateUtil: void inspectAndInstrument(com.newrelic.agent.android.instrumentation.TransactionState,java.net.HttpURLConnection)>	sig:$r4 = virtualinvoke $r1.<java.net.HttpURLConnection: java.lang.String getRequestMethod()>()	timediff:0
I/System.out(11653): body:<com.newrelic.agent.android.util.Util: java.lang.String sanitizeUrl(java.lang.String)>	sig:specialinvoke $r1.<java.net.URL: void <init>(java.lang.String)>($r0)	timediff:0
I/System.out(11653): <com.newrelic.agent.android.util.Util: java.lang.String sanitizeUrl(java.lang.String)>###specialinvoke $r1.<java.net.URL: void <init>(java.lang.String)>($r0)###http://api.config.watchabc.go.com/vp2/ws/s/config/2021/001/009_26/SM-G955N
I/System.out(11653): body:<com.newrelic.agent.android.util.Util: java.lang.String sanitizeUrl(java.lang.String)>	sig:$r0 = virtualinvoke $r1.<java.net.URL: java.lang.String getProtocol()>()	timediff:0
I/System.out(11653): body:<com.newrelic.agent.android.util.Util: java.lang.String sanitizeUrl(java.lang.String)>	sig:$r0 = virtualinvoke $r1.<java.net.URL: java.lang.String getHost()>()	timediff:0
I/System.out(11653): body:<com.newrelic.agent.android.util.Util: java.lang.String sanitizeUrl(java.lang.String)>	sig:$i0 = virtualinvoke $r1.<java.net.URL: int getPort()>()	timediff:0
I/System.out(11653): body:<com.newrelic.agent.android.util.Util: java.lang.String sanitizeUrl(java.lang.String)>	sig:$r0 = virtualinvoke $r1.<java.net.URL: java.lang.String getPath()>()	timediff:0
I/System.out(11653): body:<com.newrelic.agent.android.instrumentation.TransactionState: void setUrl(java.lang.String)>	sig:specialinvoke $r3.<java.net.URL: void <init>(java.lang.String)>($r1)	timediff:0
I/System.out(11653): <com.newrelic.agent.android.instrumentation.TransactionState: void setUrl(java.lang.String)>###specialinvoke $r3.<java.net.URL: void <init>(java.lang.String)>($r1)###http://api.config.watchabc.go.com/vp2/ws/s/config/2021/001/009_26/SM-G955N
I/System.out(11653): body:<com.newrelic.agent.android.instrumentation.TransactionState: void setUrl(java.lang.String)>	sig:$r4 = virtualinvoke $r3.<java.net.URL: java.lang.String getHost()>()	timediff:0
I/System.out(11653): body:<com.newrelic.agent.android.instrumentation.HttpURLConnectionExtension: void setRequestMethod(java.lang.String)>	sig:virtualinvoke $r2.<java.net.HttpURLConnection: void setRequestMethod(java.lang.String)>($r1)	timediff:0
I/System.out(11653): body:<com.android.volley.toolbox.HurlStack: void setConnectionParametersForRequest(java.net.HttpURLConnection,com.android.volley.Request)>	sig:virtualinvoke $r0.<java.net.HttpURLConnection: void setRequestMethod(java.lang.String)>("GET")	timediff:2
I/qtaguid (11653): Tagging socket 51 with tag 65535c3e00000000(1699961918) for uid -1 failed errno=-13
I/NetworkManagementSocketTagger(11653): tagSocketFd(51, 1699961918, -1) failed with errno-13
I/ActivityManager(  346): START u0 {act=android.intent.action.MAIN cat=[android.intent.category.HOME] flg=0x10200000 cmp=com.vphone.launcher/.Launcher} from pid 346
I/System.out(11653): body:<com.newrelic.agent.android.instrumentation.HttpURLConnectionExtension: int getResponseCode()>	sig:$i0 = virtualinvoke $r1.<java.net.HttpURLConnection: int getResponseCode()>()	timediff:72
I/System.out(11653): body:<com.newrelic.agent.android.instrumentation.TransactionStateUtil: void inspectAndInstrumentResponse(com.newrelic.agent.android.instrumentation.TransactionState,java.net.HttpURLConnection)>	sig:$r5 = virtualinvoke $r1.<java.net.HttpURLConnection: java.lang.String getHeaderField(java.lang.String)>("X-NewRelic-App-Data")	timediff:0
I/System.out(11653): body:<com.newrelic.agent.android.instrumentation.TransactionStateUtil: void inspectAndInstrumentResponse(com.newrelic.agent.android.instrumentation.TransactionState,java.net.HttpURLConnection)>	sig:$i0 = virtualinvoke $r1.<java.net.HttpURLConnection: int getContentLength()>()	timediff:0
I/System.out(11653): body:<com.newrelic.agent.android.instrumentation.TransactionStateUtil: void inspectAndInstrumentResponse(com.newrelic.agent.android.instrumentation.TransactionState,java.net.HttpURLConnection)>	sig:$i2 = virtualinvoke $r1.<java.net.HttpURLConnection: int getResponseCode()>()	timediff:0
I/System.out(11653): body:<com.android.volley.toolbox.HurlStack: org.apache.http.HttpResponse performRequest(com.android.volley.Request,java.util.Map)>	sig:$i0 = virtualinvoke $r11.<java.net.HttpURLConnection: int getResponseCode()>()	timediff:72
I/System.out(11653): body:<com.newrelic.agent.android.instrumentation.HttpURLConnectionExtension: int getResponseCode()>	sig:$i0 = virtualinvoke $r1.<java.net.HttpURLConnection: int getResponseCode()>()	timediff:0
I/System.out(11653): body:<com.newrelic.agent.android.instrumentation.TransactionStateUtil: void inspectAndInstrumentResponse(com.newrelic.agent.android.instrumentation.TransactionState,java.net.HttpURLConnection)>	sig:$r5 = virtualinvoke $r1.<java.net.HttpURLConnection: java.lang.String getHeaderField(java.lang.String)>("X-NewRelic-App-Data")	timediff:0
I/System.out(11653): body:<com.newrelic.agent.android.instrumentation.TransactionStateUtil: void inspectAndInstrumentResponse(com.newrelic.agent.android.instrumentation.TransactionState,java.net.HttpURLConnection)>	sig:$i0 = virtualinvoke $r1.<java.net.HttpURLConnection: int getContentLength()>()	timediff:0
I/System.out(11653): body:<com.newrelic.agent.android.instrumentation.TransactionStateUtil: void inspectAndInstrumentResponse(com.newrelic.agent.android.instrumentation.TransactionState,java.net.HttpURLConnection)>	sig:$i2 = virtualinvoke $r1.<java.net.HttpURLConnection: int getResponseCode()>()	timediff:0
I/System.out(11653): body:<com.android.volley.toolbox.HurlStack: org.apache.http.HttpResponse performRequest(com.android.volley.Request,java.util.Map)>	sig:$i0 = virtualinvoke $r11.<java.net.HttpURLConnection: int getResponseCode()>()	timediff:1
I/System.out(11653): body:<com.newrelic.agent.android.instrumentation.HttpURLConnectionExtension: java.lang.String getResponseMessage()>	sig:$r2 = virtualinvoke $r1.<java.net.HttpURLConnection: java.lang.String getResponseMessage()>()	timediff:0
I/System.out(11653): body:<com.newrelic.agent.android.instrumentation.TransactionStateUtil: void inspectAndInstrumentResponse(com.newrelic.agent.android.instrumentation.TransactionState,java.net.HttpURLConnection)>	sig:$r5 = virtualinvoke $r1.<java.net.HttpURLConnection: java.lang.String getHeaderField(java.lang.String)>("X-NewRelic-App-Data")	timediff:0
I/System.out(11653): body:<com.newrelic.agent.android.instrumentation.TransactionStateUtil: void inspectAndInstrumentResponse(com.newrelic.agent.android.instrumentation.TransactionState,java.net.HttpURLConnection)>	sig:$i0 = virtualinvoke $r1.<java.net.HttpURLConnection: int getContentLength()>()	timediff:0
I/System.out(11653): body:<com.newrelic.agent.android.instrumentation.TransactionStateUtil: void inspectAndInstrumentResponse(com.newrelic.agent.android.instrumentation.TransactionState,java.net.HttpURLConnection)>	sig:$i2 = virtualinvoke $r1.<java.net.HttpURLConnection: int getResponseCode()>()	timediff:0
I/System.out(11653): body:<com.android.volley.toolbox.HurlStack: org.apache.http.HttpResponse performRequest(com.android.volley.Request,java.util.Map)>	sig:$r8 = virtualinvoke $r11.<java.net.HttpURLConnection: java.lang.String getResponseMessage()>()	timediff:1
I/System.out(11653): body:<com.newrelic.agent.android.instrumentation.HttpURLConnectionExtension: java.io.InputStream getInputStream()>	sig:$r4 = virtualinvoke $r2.<java.net.HttpURLConnection: java.io.InputStream getInputStream()>()	timediff:0
I/System.out(11653): body:<empirical.HelperClass: void printURLInfo(java.lang.String,java.lang.String,java.net.URLConnection)>	sig:$r0 = virtualinvoke urlConnection.<java.net.URLConnection: java.net.URL getURL()>()	timediff:0
I/System.out(11653): body:<empirical.HelperClass: void printURLInfo(java.lang.String,java.lang.String,java.net.URLConnection)>	sig:urlString = virtualinvoke $r0.<java.net.URL: java.lang.String toString()>()	timediff:0
I/System.out(11653): body:<empirical.HelperClass: void printURLInfo(java.lang.String,java.lang.String,java.net.URLConnection)>	sig:isDoOutput = virtualinvoke urlConnection.<java.net.URLConnection: boolean getDoOutput()>()	timediff:0
I/System.out(11653): body:<empirical.HelperClass: java.lang.String getHeaderField(java.net.URLConnection,java.lang.String)>	sig:data = virtualinvoke conn.<java.net.URLConnection: java.lang.String getHeaderField(java.lang.String)>(field)	timediff:0
I/System.out(11653): body:<empirical.HelperClass: java.lang.String getHeaderField(java.net.URLConnection,java.lang.String)>	sig:data = virtualinvoke conn.<java.net.URLConnection: java.lang.String getHeaderField(java.lang.String)>(field)	timediff:0
I/System.out(11653): body:<empirical.HelperClass: java.lang.String getHeaderField(java.net.URLConnection,java.lang.String)>	sig:data = virtualinvoke conn.<java.net.URLConnection: java.lang.String getHeaderField(java.lang.String)>(field)	timediff:0
I/ContentMaintenance(26586): Pruning caches...
I/System.out(11653): body:<empirical.HelperClass: java.lang.String getHeaderField(java.net.URLConnection,java.lang.String)>	sig:data = virtualinvoke conn.<java.net.URLConnection: java.lang.String getHeaderField(java.lang.String)>(field)	timediff:0
I/System.out(11653): body:<empirical.HelperClass: java.lang.String getHeaderField(java.net.URLConnection,java.lang.String)>	sig:data = virtualinvoke conn.<java.net.URLConnection: java.lang.String getHeaderField(java.lang.String)>(field)	timediff:0
I/System.out(11653): URLConn;%;4;%;<com.newrelic.agent.android.instrumentation.HttpURLConnectionExtension: java.io.InputStream getInputStream()>;%;$r4 = virtualinvoke $r2.<java.net.HttpURLConnection: java.io.InputStream getInputStream()>();%;http://api.config.watchabc.go.com/vp2/ws/s/config/2021/001/009_26/SM-G955N;%;false;%;Not found;%;max-age=600;%;Not found;%;3;%;Not found
I/System.out(11653): body:<com.newrelic.agent.android.instrumentation.TransactionStateUtil: void inspectAndInstrumentResponse(com.newrelic.agent.android.instrumentation.TransactionState,java.net.HttpURLConnection)>	sig:$r5 = virtualinvoke $r1.<java.net.HttpURLConnection: java.lang.String getHeaderField(java.lang.String)>("X-NewRelic-App-Data")	timediff:0
I/System.out(11653): body:<com.newrelic.agent.android.instrumentation.TransactionStateUtil: void inspectAndInstrumentResponse(com.newrelic.agent.android.instrumentation.TransactionState,java.net.HttpURLConnection)>	sig:$i0 = virtualinvoke $r1.<java.net.HttpURLConnection: int getContentLength()>()	timediff:0
I/System.out(11653): body:<com.newrelic.agent.android.instrumentation.TransactionStateUtil: void inspectAndInstrumentResponse(com.newrelic.agent.android.instrumentation.TransactionState,java.net.HttpURLConnection)>	sig:$i2 = virtualinvoke $r1.<java.net.HttpURLConnection: int getResponseCode()>()	timediff:0
I/System.out(11653): body:<com.android.volley.toolbox.HurlStack: org.apache.http.HttpEntity entityFromConnection(java.net.HttpURLConnection)>	sig:$r1 = virtualinvoke $r0.<java.net.HttpURLConnection: java.io.InputStream getInputStream()>()	timediff:2
I/System.out(11653): body:<com.newrelic.agent.android.instrumentation.HttpURLConnectionExtension: java.net.URL getURL()>	sig:$r2 = virtualinvoke $r1.<java.net.HttpURLConnection: java.net.URL getURL()>()	timediff:0
I/System.out(11653): body:<empirical.HelperClass: void printURLInfo(java.lang.String,java.lang.String,java.net.URLConnection)>	sig:$r0 = virtualinvoke urlConnection.<java.net.URLConnection: java.net.URL getURL()>()	timediff:0
I/System.out(11653): body:<empirical.HelperClass: void printURLInfo(java.lang.String,java.lang.String,java.net.URLConnection)>	sig:urlString = virtualinvoke $r0.<java.net.URL: java.lang.String toString()>()	timediff:0
I/System.out(11653): body:<com.newrelic.agent.android.instrumentation.HttpURLConnectionExtension: boolean getDoOutput()>	sig:$z0 = virtualinvoke $r1.<java.net.HttpURLConnection: boolean getDoOutput()>()	timediff:0
I/System.out(11653): body:<empirical.HelperClass: void printURLInfo(java.lang.String,java.lang.String,java.net.URLConnection)>	sig:isDoOutput = virtualinvoke urlConnection.<java.net.URLConnection: boolean getDoOutput()>()	timediff:0
I/System.out(11653): body:<com.newrelic.agent.android.instrumentation.HttpURLConnectionExtension: java.lang.String getHeaderField(java.lang.String)>	sig:$r1 = virtualinvoke $r2.<java.net.HttpURLConnection: java.lang.String getHeaderField(java.lang.String)>($r1)	timediff:0
I/System.out(11653): body:<com.newrelic.agent.android.instrumentation.TransactionStateUtil: void inspectAndInstrumentResponse(com.newrelic.agent.android.instrumentation.TransactionState,java.net.HttpURLConnection)>	sig:$r5 = virtualinvoke $r1.<java.net.HttpURLConnection: java.lang.String getHeaderField(java.lang.String)>("X-NewRelic-App-Data")	timediff:0
I/System.out(11653): body:<com.newrelic.agent.android.instrumentation.TransactionStateUtil: void inspectAndInstrumentResponse(com.newrelic.agent.android.instrumentation.TransactionState,java.net.HttpURLConnection)>	sig:$i0 = virtualinvoke $r1.<java.net.HttpURLConnection: int getContentLength()>()	timediff:0
I/System.out(11653): body:<com.newrelic.agent.android.instrumentation.TransactionStateUtil: void inspectAndInstrumentResponse(com.newrelic.agent.android.instrumentation.TransactionState,java.net.HttpURLConnection)>	sig:$i2 = virtualinvoke $r1.<java.net.HttpURLConnection: int getResponseCode()>()	timediff:0
I/System.out(11653): body:<empirical.HelperClass: java.lang.String getHeaderField(java.net.URLConnection,java.lang.String)>	sig:data = virtualinvoke conn.<java.net.URLConnection: java.lang.String getHeaderField(java.lang.String)>(field)	timediff:0
I/System.out(11653): body:<com.newrelic.agent.android.instrumentation.HttpURLConnectionExtension: java.lang.String getHeaderField(java.lang.String)>	sig:$r1 = virtualinvoke $r2.<java.net.HttpURLConnection: java.lang.String getHeaderField(java.lang.String)>($r1)	timediff:0
I/System.out(11653): body:<com.newrelic.agent.android.instrumentation.TransactionStateUtil: void inspectAndInstrumentResponse(com.newrelic.agent.android.instrumentation.TransactionState,java.net.HttpURLConnection)>	sig:$r5 = virtualinvoke $r1.<java.net.HttpURLConnection: java.lang.String getHeaderField(java.lang.String)>("X-NewRelic-App-Data")	timediff:0
I/System.out(11653): body:<com.newrelic.agent.android.instrumentation.TransactionStateUtil: void inspectAndInstrumentResponse(com.newrelic.agent.android.instrumentation.TransactionState,java.net.HttpURLConnection)>	sig:$i0 = virtualinvoke $r1.<java.net.HttpURLConnection: int getContentLength()>()	timediff:0
I/System.out(11653): body:<com.newrelic.agent.android.instrumentation.TransactionStateUtil: void inspectAndInstrumentResponse(com.newrelic.agent.android.instrumentation.TransactionState,java.net.HttpURLConnection)>	sig:$i2 = virtualinvoke $r1.<java.net.HttpURLConnection: int getResponseCode()>()	timediff:0
I/System.out(11653): body:<empirical.HelperClass: java.lang.String getHeaderField(java.net.URLConnection,java.lang.String)>	sig:data = virtualinvoke conn.<java.net.URLConnection: java.lang.String getHeaderField(java.lang.String)>(field)	timediff:0
I/System.out(11653): body:<com.newrelic.agent.android.instrumentation.HttpURLConnectionExtension: java.lang.String getHeaderField(java.lang.String)>	sig:$r1 = virtualinvoke $r2.<java.net.HttpURLConnection: java.lang.String getHeaderField(java.lang.String)>($r1)	timediff:0
I/System.out(11653): body:<com.newrelic.agent.android.instrumentation.TransactionStateUtil: void inspectAndInstrumentResponse(com.newrelic.agent.android.instrumentation.TransactionState,java.net.HttpURLConnection)>	sig:$r5 = virtualinvoke $r1.<java.net.HttpURLConnection: java.lang.String getHeaderField(java.lang.String)>("X-NewRelic-App-Data")	timediff:0
I/System.out(11653): body:<com.newrelic.agent.android.instrumentation.TransactionStateUtil: void inspectAndInstrumentResponse(com.newrelic.agent.android.instrumentation.TransactionState,java.net.HttpURLConnection)>	sig:$i0 = virtualinvoke $r1.<java.net.HttpURLConnection: int getContentLength()>()	timediff:0
I/System.out(11653): body:<com.newrelic.agent.android.instrumentation.TransactionStateUtil: void inspectAndInstrumentResponse(com.newrelic.agent.android.instrumentation.TransactionState,java.net.HttpURLConnection)>	sig:$i2 = virtualinvoke $r1.<java.net.HttpURLConnection: int getResponseCode()>()	timediff:0
I/System.out(11653): body:<empirical.HelperClass: java.lang.String getHeaderField(java.net.URLConnection,java.lang.String)>	sig:data = virtualinvoke conn.<java.net.URLConnection: java.lang.String getHeaderField(java.lang.String)>(field)	timediff:0
I/System.out(11653): body:<com.newrelic.agent.android.instrumentation.HttpURLConnectionExtension: java.lang.String getHeaderField(java.lang.String)>	sig:$r1 = virtualinvoke $r2.<java.net.HttpURLConnection: java.lang.String getHeaderField(java.lang.String)>($r1)	timediff:0
I/System.out(11653): body:<com.newrelic.agent.android.instrumentation.TransactionStateUtil: void inspectAndInstrumentResponse(com.newrelic.agent.android.instrumentation.TransactionState,java.net.HttpURLConnection)>	sig:$r5 = virtualinvoke $r1.<java.net.HttpURLConnection: java.lang.String getHeaderField(java.lang.String)>("X-NewRelic-App-Data")	timediff:0
I/System.out(11653): body:<com.newrelic.agent.android.instrumentation.TransactionStateUtil: void inspectAndInstrumentResponse(com.newrelic.agent.android.instrumentation.TransactionState,java.net.HttpURLConnection)>	sig:$i0 = virtualinvoke $r1.<java.net.HttpURLConnection: int getContentLength()>()	timediff:0
I/System.out(11653): body:<com.newrelic.agent.android.instrumentation.TransactionStateUtil: void inspectAndInstrumentResponse(com.newrelic.agent.android.instrumentation.TransactionState,java.net.HttpURLConnection)>	sig:$i2 = virtualinvoke $r1.<java.net.HttpURLConnection: int getResponseCode()>()	timediff:0
I/System.out(11653): body:<empirical.HelperClass: java.lang.String getHeaderField(java.net.URLConnection,java.lang.String)>	sig:data = virtualinvoke conn.<java.net.URLConnection: java.lang.String getHeaderField(java.lang.String)>(field)	timediff:0
I/System.out(11653): body:<com.newrelic.agent.android.instrumentation.HttpURLConnectionExtension: java.lang.String getHeaderField(java.lang.String)>	sig:$r1 = virtualinvoke $r2.<java.net.HttpURLConnection: java.lang.String getHeaderField(java.lang.String)>($r1)	timediff:1
I/System.out(11653): body:<com.newrelic.agent.android.instrumentation.TransactionStateUtil: void inspectAndInstrumentResponse(com.newrelic.agent.android.instrumentation.TransactionState,java.net.HttpURLConnection)>	sig:$r5 = virtualinvoke $r1.<java.net.HttpURLConnection: java.lang.String getHeaderField(java.lang.String)>("X-NewRelic-App-Data")	timediff:0
I/System.out(11653): body:<com.newrelic.agent.android.instrumentation.TransactionStateUtil: void inspectAndInstrumentResponse(com.newrelic.agent.android.instrumentation.TransactionState,java.net.HttpURLConnection)>	sig:$i0 = virtualinvoke $r1.<java.net.HttpURLConnection: int getContentLength()>()	timediff:0
I/System.out(11653): body:<com.newrelic.agent.android.instrumentation.TransactionStateUtil: void inspectAndInstrumentResponse(com.newrelic.agent.android.instrumentation.TransactionState,java.net.HttpURLConnection)>	sig:$i2 = virtualinvoke $r1.<java.net.HttpURLConnection: int getResponseCode()>()	timediff:0
I/System.out(11653): body:<empirical.HelperClass: java.lang.String getHeaderField(java.net.URLConnection,java.lang.String)>	sig:data = virtualinvoke conn.<java.net.URLConnection: java.lang.String getHeaderField(java.lang.String)>(field)	timediff:1
I/System.out(11653): URLConn;%;5;%;<com.android.volley.toolbox.HurlStack: org.apache.http.HttpEntity entityFromConnection(java.net.HttpURLConnection)>;%;$r1 = virtualinvoke $r0.<java.net.HttpURLConnection: java.io.InputStream getInputStream()>();%;http://api.config.watchabc.go.com/vp2/ws/s/config/2021/001/009_26/SM-G955N;%;false;%;Not found;%;max-age=600;%;Not found;%;3;%;Not found
I/System.out(11653): body:<com.newrelic.agent.android.instrumentation.HttpURLConnectionExtension: int getContentLength()>	sig:$i0 = virtualinvoke $r1.<java.net.HttpURLConnection: int getContentLength()>()	timediff:0
I/System.out(11653): body:<com.newrelic.agent.android.instrumentation.TransactionStateUtil: void inspectAndInstrumentResponse(com.newrelic.agent.android.instrumentation.TransactionState,java.net.HttpURLConnection)>	sig:$r5 = virtualinvoke $r1.<java.net.HttpURLConnection: java.lang.String getHeaderField(java.lang.String)>("X-NewRelic-App-Data")	timediff:0
I/System.out(11653): body:<com.newrelic.agent.android.instrumentation.TransactionStateUtil: void inspectAndInstrumentResponse(com.newrelic.agent.android.instrumentation.TransactionState,java.net.HttpURLConnection)>	sig:$i0 = virtualinvoke $r1.<java.net.HttpURLConnection: int getContentLength()>()	timediff:0
I/System.out(11653): body:<com.newrelic.agent.android.instrumentation.TransactionStateUtil: void inspectAndInstrumentResponse(com.newrelic.agent.android.instrumentation.TransactionState,java.net.HttpURLConnection)>	sig:$i2 = virtualinvoke $r1.<java.net.HttpURLConnection: int getResponseCode()>()	timediff:0
I/System.out(11653): body:<com.android.volley.toolbox.HurlStack: org.apache.http.HttpEntity entityFromConnection(java.net.HttpURLConnection)>	sig:$i1 = virtualinvoke $r0.<java.net.HttpURLConnection: int getContentLength()>()	timediff:0
I/System.out(11653): body:<com.newrelic.agent.android.instrumentation.HttpURLConnectionExtension: java.lang.String getContentEncoding()>	sig:$r2 = virtualinvoke $r1.<java.net.HttpURLConnection: java.lang.String getContentEncoding()>()	timediff:0
I/System.out(11653): body:<com.newrelic.agent.android.instrumentation.TransactionStateUtil: void inspectAndInstrumentResponse(com.newrelic.agent.android.instrumentation.TransactionState,java.net.HttpURLConnection)>	sig:$r5 = virtualinvoke $r1.<java.net.HttpURLConnection: java.lang.String getHeaderField(java.lang.String)>("X-NewRelic-App-Data")	timediff:0
I/System.out(11653): body:<com.newrelic.agent.android.instrumentation.TransactionStateUtil: void inspectAndInstrumentResponse(com.newrelic.agent.android.instrumentation.TransactionState,java.net.HttpURLConnection)>	sig:$i0 = virtualinvoke $r1.<java.net.HttpURLConnection: int getContentLength()>()	timediff:0
I/System.out(11653): body:<com.newrelic.agent.android.instrumentation.TransactionStateUtil: void inspectAndInstrumentResponse(com.newrelic.agent.android.instrumentation.TransactionState,java.net.HttpURLConnection)>	sig:$i2 = virtualinvoke $r1.<java.net.HttpURLConnection: int getResponseCode()>()	timediff:0
I/System.out(11653): body:<com.android.volley.toolbox.HurlStack: org.apache.http.HttpEntity entityFromConnection(java.net.HttpURLConnection)>	sig:$r3 = virtualinvoke $r0.<java.net.HttpURLConnection: java.lang.String getContentEncoding()>()	timediff:0
I/System.out(11653): body:<com.newrelic.agent.android.instrumentation.HttpURLConnectionExtension: java.lang.String getContentType()>	sig:$r2 = virtualinvoke $r1.<java.net.HttpURLConnection: java.lang.String getContentType()>()	timediff:0
