I/InputReader(  478): Device reconfigured: id=3, name='Android Input', size 1280x720, orientation 0, mode 1, display id 0
I/InputReader(  478): Device reconfigured: id=8, name='VirtualBox USB Tablet', size 1280x720, orientation 0, mode 1, display id 0
I/lg      (13669): onCreate in LGBaseActivity: com.lge.tv.remoteapps.DeviceScans.DeviceScanPadActivity
I/lg      (13669): registerReceiver
E/TAG     (13669): TOTAL MEMORY : 10133504
E/TAG     (13669): MAX MEMORY : 536870912
E/TAG     (13669): FREE MEMORY : 203288
E/TAG     (13669): ALLOCATION MEMORY : 9930360
I/lg      (13669): startDeviceScan : 
W/lg      (13669): wifi mac addr : 2C:56:DC:4E:22:14
I/System.out(13669): body:<com.lge.tv.remoteapps.networks.UDPHelper: java.lang.String getLocalIPAddress()>	sig:$r0 = staticinvoke <java.net.NetworkInterface: java.util.Enumeration getNetworkInterfaces()>()	timediff:1
I/System.out(13669): body:<com.lge.tv.remoteapps.networks.UDPHelper: java.lang.String getLocalIPAddress()>	sig:$r3 = virtualinvoke $r2.<java.net.NetworkInterface: java.util.Enumeration getInetAddresses()>()	timediff:0
I/System.out(13669): body:<com.lge.tv.remoteapps.networks.UDPHelper: java.lang.String getLocalIPAddress()>	sig:$r3 = virtualinvoke $r2.<java.net.NetworkInterface: java.util.Enumeration getInetAddresses()>()	timediff:0
I/System.out(13669): body:<com.lge.tv.remoteapps.networks.UDPHelper: java.lang.String getLocalIPAddress()>	sig:$z0 = virtualinvoke $r4.<java.net.InetAddress: boolean isLoopbackAddress()>()	timediff:0
I/System.out(13669): body:<com.lge.tv.remoteapps.networks.UDPHelper: java.lang.String getLocalIPAddress()>	sig:$z0 = virtualinvoke $r4.<java.net.InetAddress: boolean isLoopbackAddress()>()	timediff:0
I/System.out(13669): body:<com.lge.tv.remoteapps.networks.UDPHelper: java.lang.String getLocalIPAddress()>	sig:$r3 = virtualinvoke $r2.<java.net.NetworkInterface: java.util.Enumeration getInetAddresses()>()	timediff:0
I/System.out(13669): body:<com.lge.tv.remoteapps.networks.UDPHelper: java.lang.String getLocalIPAddress()>	sig:$z0 = virtualinvoke $r4.<java.net.InetAddress: boolean isLoopbackAddress()>()	timediff:0
I/System.out(13669): body:<com.lge.tv.remoteapps.networks.UDPHelper: java.lang.String getLocalIPAddress()>	sig:$r5 = virtualinvoke $r2.<java.net.NetworkInterface: java.lang.String getName()>()	timediff:0
I/System.out(13669): body:<com.lge.tv.remoteapps.networks.UDPHelper: java.lang.String getLocalIPAddress()>	sig:$r5 = virtualinvoke $r4.<java.net.InetAddress: java.lang.String getHostAddress()>()	timediff:0
I/System.out(13669): body:<com.lge.tv.remoteapps.networks.UDPHelper: java.util.ArrayList getLocalIPAddressList()>	sig:$r1 = staticinvoke <java.net.NetworkInterface: java.util.Enumeration getNetworkInterfaces()>()	timediff:1
I/System.out(13669): body:<com.lge.tv.remoteapps.networks.UDPHelper: java.util.ArrayList getLocalIPAddressList()>	sig:$r4 = virtualinvoke $r3.<java.net.NetworkInterface: java.util.Enumeration getInetAddresses()>()	timediff:0
I/System.out(13669): body:<com.lge.tv.remoteapps.networks.UDPHelper: java.util.ArrayList getLocalIPAddressList()>	sig:$r4 = virtualinvoke $r3.<java.net.NetworkInterface: java.util.Enumeration getInetAddresses()>()	timediff:0
I/System.out(13669): body:<com.lge.tv.remoteapps.networks.UDPHelper: java.util.ArrayList getLocalIPAddressList()>	sig:$z0 = virtualinvoke $r5.<java.net.InetAddress: boolean isLoopbackAddress()>()	timediff:0
I/System.out(13669): body:<com.lge.tv.remoteapps.networks.UDPHelper: java.util.ArrayList getLocalIPAddressList()>	sig:$z0 = virtualinvoke $r5.<java.net.InetAddress: boolean isLoopbackAddress()>()	timediff:0
I/System.out(13669): body:<com.lge.tv.remoteapps.networks.UDPHelper: java.util.ArrayList getLocalIPAddressList()>	sig:$r4 = virtualinvoke $r3.<java.net.NetworkInterface: java.util.Enumeration getInetAddresses()>()	timediff:0
I/System.out(13669): body:<com.lge.tv.remoteapps.networks.UDPHelper: java.util.ArrayList getLocalIPAddressList()>	sig:$z0 = virtualinvoke $r5.<java.net.InetAddress: boolean isLoopbackAddress()>()	timediff:0
I/System.out(13669): body:<com.lge.tv.remoteapps.networks.UDPHelper: java.util.ArrayList getLocalIPAddressList()>	sig:$z0 = virtualinvoke $r5.<java.net.InetAddress: boolean isLoopbackAddress()>()	timediff:4
I/System.out(13669): body:<com.lge.tv.remoteapps.networks.UDPHelper: java.util.ArrayList getLocalIPAddressList()>	sig:$r6 = virtualinvoke $r5.<java.net.InetAddress: java.lang.String getHostAddress()>()	timediff:0
I/System.out(13669): body:<com.lge.tv.remoteapps.networks.UDPHelper: java.util.ArrayList getLocalIPAddressList()>	sig:$r4 = virtualinvoke $r3.<java.net.NetworkInterface: java.util.Enumeration getInetAddresses()>()	timediff:0
I/System.out(13669): body:<com.lge.tv.remoteapps.networks.UDPHelper: java.util.ArrayList getLocalIPAddressList()>	sig:$r4 = virtualinvoke $r3.<java.net.NetworkInterface: java.util.Enumeration getInetAddresses()>()	timediff:0
I/System.out(13669): body:<com.lge.tv.remoteapps.networks.UDPHelper: java.util.ArrayList getLocalIPAddressList()>	sig:$z0 = virtualinvoke $r5.<java.net.InetAddress: boolean isLoopbackAddress()>()	timediff:0
I/System.out(13669): body:<com.lge.tv.remoteapps.networks.UDPHelper: java.util.ArrayList getLocalIPAddressList()>	sig:$z0 = virtualinvoke $r5.<java.net.InetAddress: boolean isLoopbackAddress()>()	timediff:0
I/System.out(13669): body:<com.lge.tv.remoteapps.networks.UDPHelper: java.util.ArrayList getLocalIPAddressList()>	sig:$r6 = virtualinvoke $r5.<java.net.InetAddress: java.lang.String getHostAddress()>()	timediff:0
I/System.out(13669): body:<com.lge.tv.remoteapps.networks.UDPHelper: java.util.ArrayList getLocalIPAddressList()>	sig:$r4 = virtualinvoke $r3.<java.net.NetworkInterface: java.util.Enumeration getInetAddresses()>()	timediff:0
E/lg      (13669): ipaddress: 172.17.100.15
E/lg      (13669): ipaddress: 172.17.99.15
I/System.out(13669): body:<com.lge.tv.remoteapps.networks.UDPHelper: java.net.InetAddress getBroadcastAddress(android.net.wifi.WifiManager)>	sig:$r3 = staticinvoke <java.net.InetAddress: java.net.InetAddress getByAddress(byte[])>($r1)	timediff:0
I/System.out(13669): body:<com.lge.tv.remoteapps.DeviceScans.DeviceScanner: void setUp()>	sig:$r11 = virtualinvoke $r10.<java.net.InetAddress: java.lang.String getHostAddress()>()	timediff:0
W/lg      (13669): local ip : fe80::a00:27ff:fea7:953%eth1  broadcast ip : 172.17.100.255
I/lg      (13669): onStart in LGBaseActivity: com.lge.tv.remoteapps.DeviceScans.DeviceScanPadActivity
D/lg      (13669): [sendPacket] _broadcastAddr: 172.17.100.255
I/System.out(13669): body:<com.lge.tv.remoteapps.DeviceScans.DeviceScanner: int sendPacket()>	sig:$r7 = staticinvoke <java.net.InetAddress: java.net.InetAddress getByName(java.lang.String)>($r4)	timediff:0
I/System.out(13669): body:<com.lge.tv.remoteapps.DeviceScans.DeviceScanner: int sendPacket()>	sig:specialinvoke $r2.<java.net.DatagramPacket: void <init>(byte[],int,java.net.InetAddress,int)>($r6, $i0, $r7, 9740)	timediff:0
I/System.out(13669): body:<com.lge.tv.remoteapps.DeviceScans.DeviceScanner: int sendPacket()>	sig:specialinvoke $r8.<java.net.DatagramSocket: void <init>()>()	timediff:0
I/System.out(13669): body:<com.lge.tv.remoteapps.DeviceScans.DeviceScanner: int sendPacket()>	sig:virtualinvoke $r8.<java.net.DatagramSocket: void send(java.net.DatagramPacket)>($r2)	timediff:1
E/lg      (13669): [sendPacketForWifiDirect]
D/lg      (13669): _broadcastAddrList.size(): 2
E/lg      (13669): ipAddress: 172.17.100.15, index : 10
D/lg      (13669): [sendPacket] targetAddress: 172.17.100.255
I/System.out(13669): body:<com.lge.tv.remoteapps.DeviceScans.DeviceScanner: int sendPacket(java.lang.String)>	sig:$r8 = staticinvoke <java.net.InetAddress: java.net.InetAddress getByName(java.lang.String)>($r1)	timediff:0
I/System.out(13669): body:<com.lge.tv.remoteapps.DeviceScans.DeviceScanner: int sendPacket(java.lang.String)>	sig:specialinvoke $r3.<java.net.DatagramPacket: void <init>(byte[],int,java.net.InetAddress,int)>($r7, $i0, $r8, 9740)	timediff:0
I/System.out(13669): body:<com.lge.tv.remoteapps.DeviceScans.DeviceScanner: int sendPacket(java.lang.String)>	sig:virtualinvoke $r9.<java.net.DatagramSocket: void send(java.net.DatagramPacket)>($r3)	timediff:0
E/lg      (13669): ipAddress: 172.17.99.15, index : 9
D/lg      (13669): [sendPacket] targetAddress: 172.17.99.255
I/System.out(13669): body:<com.lge.tv.remoteapps.DeviceScans.DeviceScanner: int sendPacket(java.lang.String)>	sig:$r8 = staticinvoke <java.net.InetAddress: java.net.InetAddress getByName(java.lang.String)>($r1)	timediff:0
I/System.out(13669): body:<com.lge.tv.remoteapps.DeviceScans.DeviceScanner: int sendPacket(java.lang.String)>	sig:specialinvoke $r3.<java.net.DatagramPacket: void <init>(byte[],int,java.net.InetAddress,int)>($r7, $i0, $r8, 9740)	timediff:0
I/System.out(13669): body:<com.lge.tv.remoteapps.DeviceScans.DeviceScanner: int sendPacket(java.lang.String)>	sig:virtualinvoke $r9.<java.net.DatagramSocket: void send(java.net.DatagramPacket)>($r3)	timediff:0
I/lg      (13669): ###discovering packet is sent. #0
W/lg      (13669): InnerRunnable kResult1 : 0 | RESULT_SEND_DONE : 0
I/System.out(13669): body:<com.lge.tv.remoteapps.DeviceScans.DeviceScanner: int receivePacket(byte[])>	sig:specialinvoke $r3.<java.net.DatagramPacket: void <init>(byte[],int)>($r1, $i1)	timediff:0
I/System.out(13669): body:<com.lge.tv.remoteapps.DeviceScans.DeviceScanner: int receivePacket(byte[])>	sig:virtualinvoke $r5.<java.net.DatagramSocket: void setSoTimeout(int)>(3000)	timediff:0
I/lg      (13669): onResume : com.lge.tv.remoteapps.DeviceScans.DeviceScanPadActivity
I/lg      (13669): onResume in LGBaseActivity: com.lge.tv.remoteapps.DeviceScans.DeviceScanPadActivity
W/lg      (13669): _isValidAppStatus :true
W/EGL_emulation(  534): eglSurfaceAttrib not implemented 3093 12436
V/PhoneStatusBar(  534): setLightsOn(true)
W/ContextImpl(  478): Calling a method in the system process without a qualified user: android.app.ContextImpl.sendBroadcast:1123 com.android.server.InputMethodManagerService.hideCurrentInputLocked:1880 com.android.server.InputMethodManagerService.windowGainedFocus:1968 com.android.internal.view.IInputMethodManager$Stub.onTransact:221 com.android.server.InputMethodManagerService.onTransact:818 
I/ActivityManager(  478): Displayed com.lge.tv.remoteapps/.DeviceScans.DeviceScanPadActivity: +397ms
I/WindowManager(  478): Screen frozen for +398ms due to Window{4af379cc u0 com.lge.tv.remoteapps/com.lge.tv.remoteapps.DeviceScans.DeviceScanPadActivity}
I/ActivityManager(  478): START u0 {act=android.intent.action.MAIN cat=[android.intent.category.LAUNCHER] flg=0x10200000 cmp=com.lge.tv.remoteapps/.MainActivity} from pid 13659
D/lg      (13669): UDP receive socket timeout!
W/lg      (13669): InnerRunnable receivePacket : 0 | RESULT_RECEIVE_DONE : 0
D/lg      (13669): [sendPacket] _broadcastAddr: 172.17.100.255
I/System.out(13669): body:<com.lge.tv.remoteapps.DeviceScans.DeviceScanner: int sendPacket()>	sig:$r7 = staticinvoke <java.net.InetAddress: java.net.InetAddress getByName(java.lang.String)>($r4)	timediff:0
I/System.out(13669): body:<com.lge.tv.remoteapps.DeviceScans.DeviceScanner: int sendPacket()>	sig:specialinvoke $r2.<java.net.DatagramPacket: void <init>(byte[],int,java.net.InetAddress,int)>($r6, $i0, $r7, 9740)	timediff:0
I/System.out(13669): body:<com.lge.tv.remoteapps.DeviceScans.DeviceScanner: int sendPacket()>	sig:virtualinvoke $r8.<java.net.DatagramSocket: void send(java.net.DatagramPacket)>($r2)	timediff:0
E/lg      (13669): [sendPacketForWifiDirect]
D/lg      (13669): _broadcastAddrList.size(): 2
E/lg      (13669): ipAddress: 172.17.100.15, index : 10
D/lg      (13669): [sendPacket] targetAddress: 172.17.100.255
I/System.out(13669): body:<com.lge.tv.remoteapps.DeviceScans.DeviceScanner: int sendPacket(java.lang.String)>	sig:$r8 = staticinvoke <java.net.InetAddress: java.net.InetAddress getByName(java.lang.String)>($r1)	timediff:0
I/System.out(13669): body:<com.lge.tv.remoteapps.DeviceScans.DeviceScanner: int sendPacket(java.lang.String)>	sig:specialinvoke $r3.<java.net.DatagramPacket: void <init>(byte[],int,java.net.InetAddress,int)>($r7, $i0, $r8, 9740)	timediff:0
I/System.out(13669): body:<com.lge.tv.remoteapps.DeviceScans.DeviceScanner: int sendPacket(java.lang.String)>	sig:virtualinvoke $r9.<java.net.DatagramSocket: void send(java.net.DatagramPacket)>($r3)	timediff:1
E/lg      (13669): ipAddress: 172.17.99.15, index : 9
D/lg      (13669): [sendPacket] targetAddress: 172.17.99.255
I/System.out(13669): body:<com.lge.tv.remoteapps.DeviceScans.DeviceScanner: int sendPacket(java.lang.String)>	sig:$r8 = staticinvoke <java.net.InetAddress: java.net.InetAddress getByName(java.lang.String)>($r1)	timediff:0
I/System.out(13669): body:<com.lge.tv.remoteapps.DeviceScans.DeviceScanner: int sendPacket(java.lang.String)>	sig:specialinvoke $r3.<java.net.DatagramPacket: void <init>(byte[],int,java.net.InetAddress,int)>($r7, $i0, $r8, 9740)	timediff:0
I/System.out(13669): body:<com.lge.tv.remoteapps.DeviceScans.DeviceScanner: int sendPacket(java.lang.String)>	sig:virtualinvoke $r9.<java.net.DatagramSocket: void send(java.net.DatagramPacket)>($r3)	timediff:1
I/lg      (13669): ###discovering packet is sent. #1
W/lg      (13669): InnerHandler RESULT_TIMEOUT : 3
W/lg      (13669): onNotFindDevice
I/lg      (13669): onCreateOptionsMenu
W/ViewRootImpl(13669): Dropping event due to no window focus: KeyEvent { action=ACTION_DOWN, keyCode=KEYCODE_DPAD_LEFT, scanCode=0, metaState=0, flags=0x8, repeatCount=0, eventTime=1474219, downTime=1474219, deviceId=-1, source=0x101 }
W/ViewRootImpl(13669): Dropping event due to no window focus: KeyEvent { action=ACTION_DOWN, keyCode=KEYCODE_DPAD_LEFT, scanCode=0, metaState=0, flags=0x8, repeatCount=0, eventTime=1474275, downTime=1474275, deviceId=-1, source=0x101 }
D/lg      (13669): [sendPacket] _broadcastAddr: 172.17.100.255
I/System.out(13669): body:<com.lge.tv.remoteapps.DeviceScans.DeviceScanner: int sendPacket()>	sig:$r7 = staticinvoke <java.net.InetAddress: java.net.InetAddress getByName(java.lang.String)>($r4)	timediff:0
I/System.out(13669): body:<com.lge.tv.remoteapps.DeviceScans.DeviceScanner: int sendPacket()>	sig:specialinvoke $r2.<java.net.DatagramPacket: void <init>(byte[],int,java.net.InetAddress,int)>($r6, $i0, $r7, 9740)	timediff:0
I/System.out(13669): body:<com.lge.tv.remoteapps.DeviceScans.DeviceScanner: int sendPacket()>	sig:virtualinvoke $r8.<java.net.DatagramSocket: void send(java.net.DatagramPacket)>($r2)	timediff:1
E/lg      (13669): [sendPacketForWifiDirect]
D/lg      (13669): _broadcastAddrList.size(): 2
E/lg      (13669): ipAddress: 172.17.100.15, index : 10
D/lg      (13669): [sendPacket] targetAddress: 172.17.100.255
I/System.out(13669): body:<com.lge.tv.remoteapps.DeviceScans.DeviceScanner: int sendPacket(java.lang.String)>	sig:$r8 = staticinvoke <java.net.InetAddress: java.net.InetAddress getByName(java.lang.String)>($r1)	timediff:0
I/System.out(13669): body:<com.lge.tv.remoteapps.DeviceScans.DeviceScanner: int sendPacket(java.lang.String)>	sig:specialinvoke $r3.<java.net.DatagramPacket: void <init>(byte[],int,java.net.InetAddress,int)>($r7, $i0, $r8, 9740)	timediff:0
I/System.out(13669): body:<com.lge.tv.remoteapps.DeviceScans.DeviceScanner: int sendPacket(java.lang.String)>	sig:virtualinvoke $r9.<java.net.DatagramSocket: void send(java.net.DatagramPacket)>($r3)	timediff:0
E/lg      (13669): ipAddress: 172.17.99.15, index : 9
D/lg      (13669): [sendPacket] targetAddress: 172.17.99.255
I/System.out(13669): body:<com.lge.tv.remoteapps.DeviceScans.DeviceScanner: int sendPacket(java.lang.String)>	sig:$r8 = staticinvoke <java.net.InetAddress: java.net.InetAddress getByName(java.lang.String)>($r1)	timediff:0
I/System.out(13669): body:<com.lge.tv.remoteapps.DeviceScans.DeviceScanner: int sendPacket(java.lang.String)>	sig:specialinvoke $r3.<java.net.DatagramPacket: void <init>(byte[],int,java.net.InetAddress,int)>($r7, $i0, $r8, 9740)	timediff:0
I/System.out(13669): body:<com.lge.tv.remoteapps.DeviceScans.DeviceScanner: int sendPacket(java.lang.String)>	sig:virtualinvoke $r9.<java.net.DatagramSocket: void send(java.net.DatagramPacket)>($r3)	timediff:0
I/lg      (13669): ###discovering packet is sent. #2
D/dalvikvm(  478): GC_CONCURRENT freed 2234K, 35% free 12822K/19616K, paused 2ms+2ms, total 36ms
W/ViewRootImpl(13669): Dropping event due to no window focus: KeyEvent { action=ACTION_DOWN, keyCode=KEYCODE_BUTTON_9, scanCode=0, metaState=0, flags=0x8, repeatCount=0, eventTime=1474381, downTime=1474381, deviceId=-1, source=0x101 }
W/ViewRootImpl(13669): Dropping event due to no window focus: KeyEvent { action=ACTION_DOWN, keyCode=KEYCODE_DPAD_CENTER, scanCode=0, metaState=0, flags=0x8, repeatCount=0, eventTime=1474381, downTime=1474381, deviceId=-1, source=0x101 }
W/InputMethodManagerService(  478): Window already focused, ignoring focus gain of: com.android.internal.view.IInputMethodClient$Stub$Proxy@4ad11268 attribute=android.view.inputmethod.EditorInfo@4af14c28, token = android.os.BinderProxy@4acb2a98
W/ViewRootImpl(13669): Dropping event due to no window focus: KeyEvent { action=ACTION_DOWN, keyCode=KEYCODE_DPAD_CENTER, scanCode=0, metaState=0, flags=0x8, repeatCount=0, eventTime=1475521, downTime=1475521, deviceId=-1, source=0x101 }
D/dalvikvm(  478): WAIT_FOR_CONCURRENT_GC blocked 1ms
W/ViewRootImpl(13669): Dropping event due to no window focus: KeyEvent { action=ACTION_DOWN, keyCode=KEYCODE_DPAD_DOWN, scanCode=0, metaState=0, flags=0x8, repeatCount=0, eventTime=1475569, downTime=1475569, deviceId=-1, source=0x101 }
D/dalvikvm(  478): GC_EXPLICIT freed 341K, 37% free 12518K/19616K, paused 1ms+2ms, total 28ms
W/ViewRootImpl(13669): Dropping event due to no window focus: KeyEvent { action=ACTION_DOWN, keyCode=KEYCODE_DPAD_CENTER, scanCode=0, metaState=0, flags=0x8, repeatCount=0, eventTime=1475641, downTime=1475641, deviceId=-1, source=0x101 }
W/InputMethodManagerService(  478): Window already focused, ignoring focus gain of: com.android.internal.view.IInputMethodClient$Stub$Proxy@4ac73974 attribute=android.view.inputmethod.EditorInfo@4af12f3c, token = android.os.BinderProxy@4acb2a98
I/ActivityManager(  478): START u0 {act=android.intent.action.MAIN cat=[android.intent.category.HOME] flg=0x10200000 cmp=com.vphone.launcher/.Launcher} from pid 478
I/ActivityManager(  478): START u0 {act=android.intent.action.MAIN cat=[android.intent.category.LAUNCHER] flg=0x10200000 cmp=com.lge.tv.remoteapps/.MainActivity} from pid 13659
I/ActivityManager(  478): START u0 {act=android.intent.action.MAIN cat=[android.intent.category.HOME] flg=0x10200000 cmp=com.vphone.launcher/.Launcher} from pid 478
D/lg      (13669): UDP receive socket timeout!
W/lg      (13669): InnerRunnable receivePacket : 0 | RESULT_RECEIVE_DONE : 0
W/lg      (13669): InnerHandler RESULT_TIMEOUT : 3
W/lg      (13669): onNotFindDevice
I/lg      (13669): onStop in LGBaseActivitycom.lge.tv.remoteapps.DeviceScans.DeviceScanActivity , toString: com.lge.tv.remoteapps.DeviceScans.DeviceScanActivity@4ab14c20
I/lg      (13669): onStop in LGBaseActivitycom.lge.tv.remoteapps.DeviceScans.DeviceScanActivity , toString: com.lge.tv.remoteapps.DeviceScans.DeviceScanActivity@4a80b80c
I/lg      (13669): onStop in LGBaseActivitycom.lge.tv.remoteapps.Welcomes.WelcomeActivity , toString: com.lge.tv.remoteapps.Welcomes.WelcomeActivity@4ab3c530
I/lg      (13669): startDeviceScan : 
W/lg      (13669): wifi mac addr : 2C:56:DC:4E:22:14
I/System.out(13669): body:<com.lge.tv.remoteapps.networks.UDPHelper: java.lang.String getLocalIPAddress()>	sig:$r0 = staticinvoke <java.net.NetworkInterface: java.util.Enumeration getNetworkInterfaces()>()	timediff:2
I/System.out(13669): body:<com.lge.tv.remoteapps.networks.UDPHelper: java.lang.String getLocalIPAddress()>	sig:$r3 = virtualinvoke $r2.<java.net.NetworkInterface: java.util.Enumeration getInetAddresses()>()	timediff:0
I/System.out(13669): body:<com.lge.tv.remoteapps.networks.UDPHelper: java.lang.String getLocalIPAddress()>	sig:$r3 = virtualinvoke $r2.<java.net.NetworkInterface: java.util.Enumeration getInetAddresses()>()	timediff:0
I/System.out(13669): body:<com.lge.tv.remoteapps.networks.UDPHelper: java.lang.String getLocalIPAddress()>	sig:$z0 = virtualinvoke $r4.<java.net.InetAddress: boolean isLoopbackAddress()>()	timediff:1
I/System.out(13669): body:<com.lge.tv.remoteapps.networks.UDPHelper: java.lang.String getLocalIPAddress()>	sig:$z0 = virtualinvoke $r4.<java.net.InetAddress: boolean isLoopbackAddress()>()	timediff:0
I/System.out(13669): body:<com.lge.tv.remoteapps.networks.UDPHelper: java.lang.String getLocalIPAddress()>	sig:$r3 = virtualinvoke $r2.<java.net.NetworkInterface: java.util.Enumeration getInetAddresses()>()	timediff:1
I/System.out(13669): body:<com.lge.tv.remoteapps.networks.UDPHelper: java.lang.String getLocalIPAddress()>	sig:$z0 = virtualinvoke $r4.<java.net.InetAddress: boolean isLoopbackAddress()>()	timediff:0
I/System.out(13669): body:<com.lge.tv.remoteapps.networks.UDPHelper: java.lang.String getLocalIPAddress()>	sig:$r5 = virtualinvoke $r2.<java.net.NetworkInterface: java.lang.String getName()>()	timediff:0
I/System.out(13669): body:<com.lge.tv.remoteapps.networks.UDPHelper: java.lang.String getLocalIPAddress()>	sig:$r5 = virtualinvoke $r4.<java.net.InetAddress: java.lang.String getHostAddress()>()	timediff:0
I/System.out(13669): body:<com.lge.tv.remoteapps.networks.UDPHelper: java.util.ArrayList getLocalIPAddressList()>	sig:$r1 = staticinvoke <java.net.NetworkInterface: java.util.Enumeration getNetworkInterfaces()>()	timediff:2
I/System.out(13669): body:<com.lge.tv.remoteapps.networks.UDPHelper: java.util.ArrayList getLocalIPAddressList()>	sig:$r4 = virtualinvoke $r3.<java.net.NetworkInterface: java.util.Enumeration getInetAddresses()>()	timediff:0
I/System.out(13669): body:<com.lge.tv.remoteapps.networks.UDPHelper: java.util.ArrayList getLocalIPAddressList()>	sig:$r4 = virtualinvoke $r3.<java.net.NetworkInterface: java.util.Enumeration getInetAddresses()>()	timediff:0
I/System.out(13669): body:<com.lge.tv.remoteapps.networks.UDPHelper: java.util.ArrayList getLocalIPAddressList()>	sig:$z0 = virtualinvoke $r5.<java.net.InetAddress: boolean isLoopbackAddress()>()	timediff:0
I/System.out(13669): body:<com.lge.tv.remoteapps.networks.UDPHelper: java.util.ArrayList getLocalIPAddressList()>	sig:$z0 = virtualinvoke $r5.<java.net.InetAddress: boolean isLoopbackAddress()>()	timediff:0
I/System.out(13669): body:<com.lge.tv.remoteapps.networks.UDPHelper: java.util.ArrayList getLocalIPAddressList()>	sig:$r4 = virtualinvoke $r3.<java.net.NetworkInterface: java.util.Enumeration getInetAddresses()>()	timediff:0
I/System.out(13669): body:<com.lge.tv.remoteapps.networks.UDPHelper: java.util.ArrayList getLocalIPAddressList()>	sig:$z0 = virtualinvoke $r5.<java.net.InetAddress: boolean isLoopbackAddress()>()	timediff:0
I/System.out(13669): body:<com.lge.tv.remoteapps.networks.UDPHelper: java.util.ArrayList getLocalIPAddressList()>	sig:$z0 = virtualinvoke $r5.<java.net.InetAddress: boolean isLoopbackAddress()>()	timediff:0
I/System.out(13669): body:<com.lge.tv.remoteapps.networks.UDPHelper: java.util.ArrayList getLocalIPAddressList()>	sig:$r6 = virtualinvoke $r5.<java.net.InetAddress: java.lang.String getHostAddress()>()	timediff:0
I/System.out(13669): body:<com.lge.tv.remoteapps.networks.UDPHelper: java.util.ArrayList getLocalIPAddressList()>	sig:$r4 = virtualinvoke $r3.<java.net.NetworkInterface: java.util.Enumeration getInetAddresses()>()	timediff:0
I/System.out(13669): body:<com.lge.tv.remoteapps.networks.UDPHelper: java.util.ArrayList getLocalIPAddressList()>	sig:$r4 = virtualinvoke $r3.<java.net.NetworkInterface: java.util.Enumeration getInetAddresses()>()	timediff:0
I/System.out(13669): body:<com.lge.tv.remoteapps.networks.UDPHelper: java.util.ArrayList getLocalIPAddressList()>	sig:$z0 = virtualinvoke $r5.<java.net.InetAddress: boolean isLoopbackAddress()>()	timediff:0
I/System.out(13669): body:<com.lge.tv.remoteapps.networks.UDPHelper: java.util.ArrayList getLocalIPAddressList()>	sig:$z0 = virtualinvoke $r5.<java.net.InetAddress: boolean isLoopbackAddress()>()	timediff:0
I/System.out(13669): body:<com.lge.tv.remoteapps.networks.UDPHelper: java.util.ArrayList getLocalIPAddressList()>	sig:$r6 = virtualinvoke $r5.<java.net.InetAddress: java.lang.String getHostAddress()>()	timediff:0
I/System.out(13669): body:<com.lge.tv.remoteapps.networks.UDPHelper: java.util.ArrayList getLocalIPAddressList()>	sig:$r4 = virtualinvoke $r3.<java.net.NetworkInterface: java.util.Enumeration getInetAddresses()>()	timediff:0
E/lg      (13669): ipaddress: 172.17.100.15
E/lg      (13669): ipaddress: 172.17.99.15
I/System.out(13669): body:<com.lge.tv.remoteapps.networks.UDPHelper: java.net.InetAddress getBroadcastAddress(android.net.wifi.WifiManager)>	sig:$r3 = staticinvoke <java.net.InetAddress: java.net.InetAddress getByAddress(byte[])>($r1)	timediff:1
I/System.out(13669): body:<com.lge.tv.remoteapps.DeviceScans.DeviceScanner: void setUp()>	sig:$r11 = virtualinvoke $r10.<java.net.InetAddress: java.lang.String getHostAddress()>()	timediff:0
W/lg      (13669): local ip : fe80::a00:27ff:fea7:953%eth1  broadcast ip : 172.17.100.255
D/lg      (13669): [sendPacket] _broadcastAddr: 172.17.100.255
I/System.out(13669): body:<com.lge.tv.remoteapps.DeviceScans.DeviceScanner: int sendPacket()>	sig:$r7 = staticinvoke <java.net.InetAddress: java.net.InetAddress getByName(java.lang.String)>($r4)	timediff:0
I/System.out(13669): body:<com.lge.tv.remoteapps.DeviceScans.DeviceScanner: int sendPacket()>	sig:specialinvoke $r2.<java.net.DatagramPacket: void <init>(byte[],int,java.net.InetAddress,int)>($r6, $i0, $r7, 9740)	timediff:0
I/System.out(13669): body:<com.lge.tv.remoteapps.DeviceScans.DeviceScanner: int sendPacket()>	sig:specialinvoke $r8.<java.net.DatagramSocket: void <init>()>()	timediff:0
I/System.out(13669): body:<com.lge.tv.remoteapps.DeviceScans.DeviceScanner: int sendPacket()>	sig:virtualinvoke $r8.<java.net.DatagramSocket: void send(java.net.DatagramPacket)>($r2)	timediff:2
E/lg      (13669): [sendPacketForWifiDirect]
D/lg      (13669): _broadcastAddrList.size(): 2
E/lg      (13669): ipAddress: 172.17.100.15, index : 10
D/lg      (13669): [sendPacket] targetAddress: 172.17.100.255
I/System.out(13669): body:<com.lge.tv.remoteapps.DeviceScans.DeviceScanner: int sendPacket(java.lang.String)>	sig:$r8 = staticinvoke <java.net.InetAddress: java.net.InetAddress getByName(java.lang.String)>($r1)	timediff:0
I/System.out(13669): body:<com.lge.tv.remoteapps.DeviceScans.DeviceScanner: int sendPacket(java.lang.String)>	sig:specialinvoke $r3.<java.net.DatagramPacket: void <init>(byte[],int,java.net.InetAddress,int)>($r7, $i0, $r8, 9740)	timediff:0
I/System.out(13669): body:<com.lge.tv.remoteapps.DeviceScans.DeviceScanner: int sendPacket(java.lang.String)>	sig:virtualinvoke $r9.<java.net.DatagramSocket: void send(java.net.DatagramPacket)>($r3)	timediff:1
E/lg      (13669): ipAddress: 172.17.99.15, index : 9
D/lg      (13669): [sendPacket] targetAddress: 172.17.99.255
I/System.out(13669): body:<com.lge.tv.remoteapps.DeviceScans.DeviceScanner: int sendPacket(java.lang.String)>	sig:$r8 = staticinvoke <java.net.InetAddress: java.net.InetAddress getByName(java.lang.String)>($r1)	timediff:1
I/System.out(13669): body:<com.lge.tv.remoteapps.DeviceScans.DeviceScanner: int sendPacket(java.lang.String)>	sig:specialinvoke $r3.<java.net.DatagramPacket: void <init>(byte[],int,java.net.InetAddress,int)>($r7, $i0, $r8, 9740)	timediff:0
I/System.out(13669): body:<com.lge.tv.remoteapps.DeviceScans.DeviceScanner: int sendPacket(java.lang.String)>	sig:virtualinvoke $r9.<java.net.DatagramSocket: void send(java.net.DatagramPacket)>($r3)	timediff:0
I/lg      (13669): ###discovering packet is sent. #0
W/lg      (13669): InnerRunnable kResult1 : 0 | RESULT_SEND_DONE : 0
I/System.out(13669): body:<com.lge.tv.remoteapps.DeviceScans.DeviceScanner: int receivePacket(byte[])>	sig:specialinvoke $r3.<java.net.DatagramPacket: void <init>(byte[],int)>($r1, $i1)	timediff:0
I/System.out(13669): body:<com.lge.tv.remoteapps.DeviceScans.DeviceScanner: int receivePacket(byte[])>	sig:virtualinvoke $r5.<java.net.DatagramSocket: void setSoTimeout(int)>(3000)	timediff:0
D/lg      (13669): finish called! com.lge.tv.remoteapps.DeviceScans.DeviceScanPadActivity
I/ActivityManager(  478): START u0 {flg=0x10000000 cmp=com.lge.tv.remoteapps/.DeviceScans.SupportModelViewPadActivity} from pid 13669
D/lg      (13669): onPause in LGBaseActivity : com.lge.tv.remoteapps.DeviceScans.DeviceScanPadActivity , toString: com.lge.tv.remoteapps.DeviceScans.DeviceScanPadActivity@4a8391d8
I/lg      (13669): isScreenOn: true
I/lg      (13669): onCreate in LGBaseActivity: com.lge.tv.remoteapps.DeviceScans.SupportModelViewPadActivity
I/lg      (13669): registerReceiver
E/TAG     (13669): TOTAL MEMORY : 10510336
E/TAG     (13669): MAX MEMORY : 536870912
E/TAG     (13669): FREE MEMORY : 62400
E/TAG     (13669): ALLOCATION MEMORY : 10448080
I/lg      (13669): onStart in LGBaseActivity: com.lge.tv.remoteapps.DeviceScans.SupportModelViewPadActivity
I/lg      (13669): onResume in LGBaseActivity: com.lge.tv.remoteapps.DeviceScans.SupportModelViewPadActivity
W/lg      (13669): _isValidAppStatus :true
V/PhoneStatusBar(  534): setLightsOn(true)
D/lg      (13669): [sendPacket] _broadcastAddr: 172.17.100.255
I/System.out(13669): body:<com.lge.tv.remoteapps.DeviceScans.DeviceScanner: int sendPacket()>	sig:$r7 = staticinvoke <java.net.InetAddress: java.net.InetAddress getByName(java.lang.String)>($r4)	timediff:0
I/System.out(13669): body:<com.lge.tv.remoteapps.DeviceScans.DeviceScanner: int sendPacket()>	sig:specialinvoke $r2.<java.net.DatagramPacket: void <init>(byte[],int,java.net.InetAddress,int)>($r6, $i0, $r7, 9740)	timediff:0
I/System.out(13669): body:<com.lge.tv.remoteapps.DeviceScans.DeviceScanner: int sendPacket()>	sig:virtualinvoke $r8.<java.net.DatagramSocket: void send(java.net.DatagramPacket)>($r2)	timediff:0
E/lg      (13669): [sendPacketForWifiDirect]
D/lg      (13669): _broadcastAddrList.size(): 2
E/lg      (13669): ipAddress: 172.17.100.15, index : 10
D/lg      (13669): [sendPacket] targetAddress: 172.17.100.255
I/System.out(13669): body:<com.lge.tv.remoteapps.DeviceScans.DeviceScanner: int sendPacket(java.lang.String)>	sig:$r8 = staticinvoke <java.net.InetAddress: java.net.InetAddress getByName(java.lang.String)>($r1)	timediff:0
I/System.out(13669): body:<com.lge.tv.remoteapps.DeviceScans.DeviceScanner: int sendPacket(java.lang.String)>	sig:specialinvoke $r3.<java.net.DatagramPacket: void <init>(byte[],int,java.net.InetAddress,int)>($r7, $i0, $r8, 9740)	timediff:0
I/System.out(13669): body:<com.lge.tv.remoteapps.DeviceScans.DeviceScanner: int sendPacket(java.lang.String)>	sig:virtualinvoke $r9.<java.net.DatagramSocket: void send(java.net.DatagramPacket)>($r3)	timediff:0
E/lg      (13669): ipAddress: 172.17.99.15, index : 9
D/lg      (13669): [sendPacket] targetAddress: 172.17.99.255
I/System.out(13669): body:<com.lge.tv.remoteapps.DeviceScans.DeviceScanner: int sendPacket(java.lang.String)>	sig:$r8 = staticinvoke <java.net.InetAddress: java.net.InetAddress getByName(java.lang.String)>($r1)	timediff:0
I/System.out(13669): body:<com.lge.tv.remoteapps.DeviceScans.DeviceScanner: int sendPacket(java.lang.String)>	sig:specialinvoke $r3.<java.net.DatagramPacket: void <init>(byte[],int,java.net.InetAddress,int)>($r7, $i0, $r8, 9740)	timediff:0
I/System.out(13669): body:<com.lge.tv.remoteapps.DeviceScans.DeviceScanner: int sendPacket(java.lang.String)>	sig:virtualinvoke $r9.<java.net.DatagramSocket: void send(java.net.DatagramPacket)>($r3)	timediff:0
I/lg      (13669): ###discovering packet is sent. #1
I/ActivityManager(  478): Displayed com.lge.tv.remoteapps/.DeviceScans.SupportModelViewPadActivity: +189ms
W/ContextImpl(  478): Calling a method in the system process without a qualified user: android.app.ContextImpl.sendBroadcast:1123 com.android.server.InputMethodManagerService.hideCurrentInputLocked:1880 com.android.server.InputMethodManagerService.windowGainedFocus:1968 com.android.internal.view.IInputMethodManager$Stub.onTransact:221 com.android.server.InputMethodManagerService.onTransact:818 
I/lg      (13669): onStop in LGBaseActivitycom.lge.tv.remoteapps.DeviceScans.DeviceScanPadActivity , toString: com.lge.tv.remoteapps.DeviceScans.DeviceScanPadActivity@4a8391d8
W/lg      (13669): scan thread is stopped. so do not send discovery packet!!
I/ActivityManager(  478): START u0 {act=android.intent.action.VIEW dat=market://details?id=com.clipcomm.WiFiRemocon cmp=com.android.vending/com.google.android.finsky.activities.LaunchUrlHandlerActivity} from pid 13669
I/lg      (13669): onCreateOptionsMenu
W/ViewRootImpl(13669): Dropping event due to no window focus: MotionEvent { action=ACTION_MOVE, id[0]=0, x[0]=1.0, y[0]=-1.0, toolType[0]=TOOL_TYPE_UNKNOWN, buttonState=0, metaState=0, flags=0x0, edgeFlags=0x0, pointerCount=1, historySize=7, eventTime=1477947, downTime=-1, deviceId=0, source=0x10004 }
W/ViewRootImpl(13669): Dropping event due to no window focus: MotionEvent { action=ACTION_DOWN, id[0]=0, x[0]=0.0, y[0]=0.0, toolType[0]=TOOL_TYPE_UNKNOWN, buttonState=0, metaState=0, flags=0x0, edgeFlags=0x0, pointerCount=1, historySize=0, eventTime=1477949, downTime=1477931, deviceId=0, source=0x10004 }
I/lg      (13669): onOptionsItemSelected : 1
E/lg      (13669): send finishAll
I/ActivityManager(  478): START u0 {flg=0x10000000 cmp=com.lge.tv.remoteapps/.DeviceScans.DeviceScanActivity} from pid 13669
D/lg      (13669): finish called! com.lge.tv.remoteapps.DeviceScans.SupportModelViewPadActivity
D/lg      (13669): onPause in LGBaseActivity : com.lge.tv.remoteapps.DeviceScans.SupportModelViewPadActivity , toString: com.lge.tv.remoteapps.DeviceScans.SupportModelViewPadActivity@4ab6e6b0
I/lg      (13669): isScreenOn: true
E/SurfaceFlinger(  166): glCheckFramebufferStatusOES error 36054
E/SurfaceFlinger(  166): got GL_FRAMEBUFFER_COMPLETE_OES error while taking screenshot
D/SurfaceFlinger(  166): setOrientation, mFbdev=0xb885b050, mFbDev->setOrientation=0xb69fdce0, orientation=3
I/gralloc_nox(  166): setOrientation: orientation=3
I/ActivityManager(  478): Config changes=480 {1.0 310mcc16mnc en_US ldltr sw480dp w480dp h828dp 240dpi lrg long port finger -keyb/v/h dpad/v s.58}
D/Tinker.DefaultAppLike(  682): onConfigurationChanged:{1.0 310mcc16mnc en_US ldltr sw480dp w480dp h828dp 240dpi lrg long port finger -keyb/v/h dpad/v s.58}
D/Sensors (  478): Client connection accepted (181)
D/PhoneStatusBar(  534): mSettingsPanelGravity = 55
I/InputReader(  478): Reconfiguring input devices.  changes=0x00000004
I/InputReader(  478): Device reconfigured: id=1, name='seamless mouse', size 1280x720, orientation 3, mode 1, display id 0
I/InputReader(  478): Device reconfigured: id=3, name='Android Input', size 1280x720, orientation 3, mode 1, display id 0
I/InputReader(  478): Device reconfigured: id=8, name='VirtualBox USB Tablet', size 1280x720, orientation 3, mode 1, display id 0
W/SurfaceFlinger(  166): couldn't log to binary event log: overflow.
I/lg      (13669): onCreate in LGBaseActivity: com.lge.tv.remoteapps.DeviceScans.DeviceScanActivity
I/lg      (13669): registerReceiver
E/TAG     (13669): TOTAL MEMORY : 11300864
E/TAG     (13669): MAX MEMORY : 536870912
E/TAG     (13669): FREE MEMORY : 60576
E/TAG     (13669): ALLOCATION MEMORY : 11240432
I/lg      (13669): startDeviceScan : 
W/lg      (13669): wifi mac addr : 2C:56:DC:4E:22:14
I/System.out(13669): body:<com.lge.tv.remoteapps.networks.UDPHelper: java.lang.String getLocalIPAddress()>	sig:$r0 = staticinvoke <java.net.NetworkInterface: java.util.Enumeration getNetworkInterfaces()>()	timediff:0
I/System.out(13669): body:<com.lge.tv.remoteapps.networks.UDPHelper: java.lang.String getLocalIPAddress()>	sig:$r3 = virtualinvoke $r2.<java.net.NetworkInterface: java.util.Enumeration getInetAddresses()>()	timediff:0
I/System.out(13669): body:<com.lge.tv.remoteapps.networks.UDPHelper: java.lang.String getLocalIPAddress()>	sig:$r3 = virtualinvoke $r2.<java.net.NetworkInterface: java.util.Enumeration getInetAddresses()>()	timediff:0
I/System.out(13669): body:<com.lge.tv.remoteapps.networks.UDPHelper: java.lang.String getLocalIPAddress()>	sig:$z0 = virtualinvoke $r4.<java.net.InetAddress: boolean isLoopbackAddress()>()	timediff:0
I/System.out(13669): body:<com.lge.tv.remoteapps.networks.UDPHelper: java.lang.String getLocalIPAddress()>	sig:$z0 = virtualinvoke $r4.<java.net.InetAddress: boolean isLoopbackAddress()>()	timediff:0
I/System.out(13669): body:<com.lge.tv.remoteapps.networks.UDPHelper: java.lang.String getLocalIPAddress()>	sig:$r3 = virtualinvoke $r2.<java.net.NetworkInterface: java.util.Enumeration getInetAddresses()>()	timediff:0
I/System.out(13669): body:<com.lge.tv.remoteapps.networks.UDPHelper: java.lang.String getLocalIPAddress()>	sig:$z0 = virtualinvoke $r4.<java.net.InetAddress: boolean isLoopbackAddress()>()	timediff:0
W/EGL_emulation(  534): eglSurfaceAttrib not implemented 3093 12436
I/System.out(13669): body:<com.lge.tv.remoteapps.networks.UDPHelper: java.lang.String getLocalIPAddress()>	sig:$r5 = virtualinvoke $r2.<java.net.NetworkInterface: java.lang.String getName()>()	timediff:0
I/System.out(13669): body:<com.lge.tv.remoteapps.networks.UDPHelper: java.lang.String getLocalIPAddress()>	sig:$r5 = virtualinvoke $r4.<java.net.InetAddress: java.lang.String getHostAddress()>()	timediff:0
I/System.out(13669): body:<com.lge.tv.remoteapps.networks.UDPHelper: java.util.ArrayList getLocalIPAddressList()>	sig:$r1 = staticinvoke <java.net.NetworkInterface: java.util.Enumeration getNetworkInterfaces()>()	timediff:1
I/System.out(13669): body:<com.lge.tv.remoteapps.networks.UDPHelper: java.util.ArrayList getLocalIPAddressList()>	sig:$r4 = virtualinvoke $r3.<java.net.NetworkInterface: java.util.Enumeration getInetAddresses()>()	timediff:0
I/System.out(13669): body:<com.lge.tv.remoteapps.networks.UDPHelper: java.util.ArrayList getLocalIPAddressList()>	sig:$r4 = virtualinvoke $r3.<java.net.NetworkInterface: java.util.Enumeration getInetAddresses()>()	timediff:0
I/System.out(13669): body:<com.lge.tv.remoteapps.networks.UDPHelper: java.util.ArrayList getLocalIPAddressList()>	sig:$z0 = virtualinvoke $r5.<java.net.InetAddress: boolean isLoopbackAddress()>()	timediff:0
I/System.out(13669): body:<com.lge.tv.remoteapps.networks.UDPHelper: java.util.ArrayList getLocalIPAddressList()>	sig:$z0 = virtualinvoke $r5.<java.net.InetAddress: boolean isLoopbackAddress()>()	timediff:0
I/System.out(13669): body:<com.lge.tv.remoteapps.networks.UDPHelper: java.util.ArrayList getLocalIPAddressList()>	sig:$r4 = virtualinvoke $r3.<java.net.NetworkInterface: java.util.Enumeration getInetAddresses()>()	timediff:0
I/System.out(13669): body:<com.lge.tv.remoteapps.networks.UDPHelper: java.util.ArrayList getLocalIPAddressList()>	sig:$z0 = virtualinvoke $r5.<java.net.InetAddress: boolean isLoopbackAddress()>()	timediff:0
I/System.out(13669): body:<com.lge.tv.remoteapps.networks.UDPHelper: java.util.ArrayList getLocalIPAddressList()>	sig:$z0 = virtualinvoke $r5.<java.net.InetAddress: boolean isLoopbackAddress()>()	timediff:0
I/System.out(13669): body:<com.lge.tv.remoteapps.networks.UDPHelper: java.util.ArrayList getLocalIPAddressList()>	sig:$r6 = virtualinvoke $r5.<java.net.InetAddress: java.lang.String getHostAddress()>()	timediff:0
I/System.out(13669): body:<com.lge.tv.remoteapps.networks.UDPHelper: java.util.ArrayList getLocalIPAddressList()>	sig:$r4 = virtualinvoke $r3.<java.net.NetworkInterface: java.util.Enumeration getInetAddresses()>()	timediff:0
I/System.out(13669): body:<com.lge.tv.remoteapps.networks.UDPHelper: java.util.ArrayList getLocalIPAddressList()>	sig:$r4 = virtualinvoke $r3.<java.net.NetworkInterface: java.util.Enumeration getInetAddresses()>()	timediff:0
I/System.out(13669): body:<com.lge.tv.remoteapps.networks.UDPHelper: java.util.ArrayList getLocalIPAddressList()>	sig:$z0 = virtualinvoke $r5.<java.net.InetAddress: boolean isLoopbackAddress()>()	timediff:0
I/System.out(13669): body:<com.lge.tv.remoteapps.networks.UDPHelper: java.util.ArrayList getLocalIPAddressList()>	sig:$z0 = virtualinvoke $r5.<java.net.InetAddress: boolean isLoopbackAddress()>()	timediff:0
I/System.out(13669): body:<com.lge.tv.remoteapps.networks.UDPHelper: java.util.ArrayList getLocalIPAddressList()>	sig:$r6 = virtualinvoke $r5.<java.net.InetAddress: java.lang.String getHostAddress()>()	timediff:0
I/System.out(13669): body:<com.lge.tv.remoteapps.networks.UDPHelper: java.util.ArrayList getLocalIPAddressList()>	sig:$r4 = virtualinvoke $r3.<java.net.NetworkInterface: java.util.Enumeration getInetAddresses()>()	timediff:1
E/lg      (13669): ipaddress: 172.17.100.15
E/lg      (13669): ipaddress: 172.17.99.15
I/System.out(13669): body:<com.lge.tv.remoteapps.networks.UDPHelper: java.net.InetAddress getBroadcastAddress(android.net.wifi.WifiManager)>	sig:$r3 = staticinvoke <java.net.InetAddress: java.net.InetAddress getByAddress(byte[])>($r1)	timediff:0
I/System.out(13669): body:<com.lge.tv.remoteapps.DeviceScans.DeviceScanner: void setUp()>	sig:$r11 = virtualinvoke $r10.<java.net.InetAddress: java.lang.String getHostAddress()>()	timediff:0
W/lg      (13669): local ip : fe80::a00:27ff:fea7:953%eth1  broadcast ip : 172.17.100.255
I/lg      (13669): onStart in LGBaseActivity: com.lge.tv.remoteapps.DeviceScans.DeviceScanActivity
D/lg      (13669): [sendPacket] _broadcastAddr: 172.17.100.255
I/lg      (13669): onResume : com.lge.tv.remoteapps.DeviceScans.DeviceScanActivity
I/lg      (13669): onResume in LGBaseActivity: com.lge.tv.remoteapps.DeviceScans.DeviceScanActivity
W/lg      (13669): _isValidAppStatus :true
I/System.out(13669): body:<com.lge.tv.remoteapps.DeviceScans.DeviceScanner: int sendPacket()>	sig:$r7 = staticinvoke <java.net.InetAddress: java.net.InetAddress getByName(java.lang.String)>($r4)	timediff:0
I/System.out(13669): body:<com.lge.tv.remoteapps.DeviceScans.DeviceScanner: int sendPacket()>	sig:specialinvoke $r2.<java.net.DatagramPacket: void <init>(byte[],int,java.net.InetAddress,int)>($r6, $i0, $r7, 9740)	timediff:0
I/System.out(13669): body:<com.lge.tv.remoteapps.DeviceScans.DeviceScanner: int sendPacket()>	sig:specialinvoke $r8.<java.net.DatagramSocket: void <init>()>()	timediff:1
I/System.out(13669): body:<com.lge.tv.remoteapps.DeviceScans.DeviceScanner: int sendPacket()>	sig:virtualinvoke $r8.<java.net.DatagramSocket: void send(java.net.DatagramPacket)>($r2)	timediff:0
E/lg      (13669): [sendPacketForWifiDirect]
D/lg      (13669): _broadcastAddrList.size(): 2
E/lg      (13669): ipAddress: 172.17.100.15, index : 10
D/lg      (13669): [sendPacket] targetAddress: 172.17.100.255
I/System.out(13669): body:<com.lge.tv.remoteapps.DeviceScans.DeviceScanner: int sendPacket(java.lang.String)>	sig:$r8 = staticinvoke <java.net.InetAddress: java.net.InetAddress getByName(java.lang.String)>($r1)	timediff:0
I/System.out(13669): body:<com.lge.tv.remoteapps.DeviceScans.DeviceScanner: int sendPacket(java.lang.String)>	sig:specialinvoke $r3.<java.net.DatagramPacket: void <init>(byte[],int,java.net.InetAddress,int)>($r7, $i0, $r8, 9740)	timediff:0
I/System.out(13669): body:<com.lge.tv.remoteapps.DeviceScans.DeviceScanner: int sendPacket(java.lang.String)>	sig:virtualinvoke $r9.<java.net.DatagramSocket: void send(java.net.DatagramPacket)>($r3)	timediff:0
E/lg      (13669): ipAddress: 172.17.99.15, index : 9
D/lg      (13669): [sendPacket] targetAddress: 172.17.99.255
I/System.out(13669): body:<com.lge.tv.remoteapps.DeviceScans.DeviceScanner: int sendPacket(java.lang.String)>	sig:$r8 = staticinvoke <java.net.InetAddress: java.net.InetAddress getByName(java.lang.String)>($r1)	timediff:0
I/System.out(13669): body:<com.lge.tv.remoteapps.DeviceScans.DeviceScanner: int sendPacket(java.lang.String)>	sig:specialinvoke $r3.<java.net.DatagramPacket: void <init>(byte[],int,java.net.InetAddress,int)>($r7, $i0, $r8, 9740)	timediff:0
I/System.out(13669): body:<com.lge.tv.remoteapps.DeviceScans.DeviceScanner: int sendPacket(java.lang.String)>	sig:virtualinvoke $r9.<java.net.DatagramSocket: void send(java.net.DatagramPacket)>($r3)	timediff:0
I/lg      (13669): ###discovering packet is sent. #0
W/lg      (13669): InnerRunnable kResult1 : 0 | RESULT_SEND_DONE : 0
I/System.out(13669): body:<com.lge.tv.remoteapps.DeviceScans.DeviceScanner: int receivePacket(byte[])>	sig:specialinvoke $r3.<java.net.DatagramPacket: void <init>(byte[],int)>($r1, $i1)	timediff:0
I/System.out(13669): body:<com.lge.tv.remoteapps.DeviceScans.DeviceScanner: int receivePacket(byte[])>	sig:virtualinvoke $r5.<java.net.DatagramSocket: void setSoTimeout(int)>(3000)	timediff:0
V/PhoneStatusBar(  534): setLightsOn(true)
W/ContextImpl(  478): Calling a method in the system process without a qualified user: android.app.ContextImpl.sendBroadcast:1123 com.android.server.InputMethodManagerService.hideCurrentInputLocked:1880 com.android.server.InputMethodManagerService.windowGainedFocus:1968 com.android.internal.view.IInputMethodManager$Stub.onTransact:221 com.android.server.InputMethodManagerService.onTransact:818 
I/ActivityManager(  478): Displayed com.lge.tv.remoteapps/.DeviceScans.DeviceScanActivity: +416ms
I/WindowManager(  478): Screen frozen for +417ms due to Window{4aac6a98 u0 com.lge.tv.remoteapps/com.lge.tv.remoteapps.DeviceScans.DeviceScanActivity}
I/lg      (13669): onCreateOptionsMenu
W/ViewRootImpl(13669): Dropping event due to no window focus: KeyEvent { action=ACTION_DOWN, keyCode=KEYCODE_DPAD_LEFT, scanCode=0, metaState=0, flags=0x8, repeatCount=0, eventTime=1478685, downTime=1478685, deviceId=-1, source=0x101 }
D/lg      (13669): [sendPacket] _broadcastAddr: 172.17.100.255
I/System.out(13669): body:<com.lge.tv.remoteapps.DeviceScans.DeviceScanner: int sendPacket()>	sig:$r7 = staticinvoke <java.net.InetAddress: java.net.InetAddress getByName(java.lang.String)>($r4)	timediff:0
I/System.out(13669): body:<com.lge.tv.remoteapps.DeviceScans.DeviceScanner: int sendPacket()>	sig:specialinvoke $r2.<java.net.DatagramPacket: void <init>(byte[],int,java.net.InetAddress,int)>($r6, $i0, $r7, 9740)	timediff:0
I/System.out(13669): body:<com.lge.tv.remoteapps.DeviceScans.DeviceScanner: int sendPacket()>	sig:virtualinvoke $r8.<java.net.DatagramSocket: void send(java.net.DatagramPacket)>($r2)	timediff:0
E/lg      (13669): [sendPacketForWifiDirect]
D/lg      (13669): _broadcastAddrList.size(): 2
E/lg      (13669): ipAddress: 172.17.100.15, index : 10
D/lg      (13669): [sendPacket] targetAddress: 172.17.100.255
I/System.out(13669): body:<com.lge.tv.remoteapps.DeviceScans.DeviceScanner: int sendPacket(java.lang.String)>	sig:$r8 = staticinvoke <java.net.InetAddress: java.net.InetAddress getByName(java.lang.String)>($r1)	timediff:0
I/System.out(13669): body:<com.lge.tv.remoteapps.DeviceScans.DeviceScanner: int sendPacket(java.lang.String)>	sig:specialinvoke $r3.<java.net.DatagramPacket: void <init>(byte[],int,java.net.InetAddress,int)>($r7, $i0, $r8, 9740)	timediff:0
I/System.out(13669): body:<com.lge.tv.remoteapps.DeviceScans.DeviceScanner: int sendPacket(java.lang.String)>	sig:virtualinvoke $r9.<java.net.DatagramSocket: void send(java.net.DatagramPacket)>($r3)	timediff:1
E/lg      (13669): ipAddress: 172.17.99.15, index : 9
D/lg      (13669): [sendPacket] targetAddress: 172.17.99.255
I/System.out(13669): body:<com.lge.tv.remoteapps.DeviceScans.DeviceScanner: int sendPacket(java.lang.String)>	sig:$r8 = staticinvoke <java.net.InetAddress: java.net.InetAddress getByName(java.lang.String)>($r1)	timediff:0
I/System.out(13669): body:<com.lge.tv.remoteapps.DeviceScans.DeviceScanner: int sendPacket(java.lang.String)>	sig:specialinvoke $r3.<java.net.DatagramPacket: void <init>(byte[],int,java.net.InetAddress,int)>($r7, $i0, $r8, 9740)	timediff:0
I/System.out(13669): body:<com.lge.tv.remoteapps.DeviceScans.DeviceScanner: int sendPacket(java.lang.String)>	sig:virtualinvoke $r9.<java.net.DatagramSocket: void send(java.net.DatagramPacket)>($r3)	timediff:0
I/lg      (13669): ###discovering packet is sent. #1
D/dalvikvm(13669): GC_CONCURRENT freed 1073K, 10% free 10213K/11348K, paused 0ms+1ms, total 5ms
I/lg      (13669): onOptionsItemSelected : 1
I/lg      (13669): same type select! BasePie.isPad: false , isPadSelect: false
W/InputMethodManagerService(  478): Window already focused, ignoring focus gain of: com.android.internal.view.IInputMethodClient$Stub$Proxy@4a91945c attribute=android.view.inputmethod.EditorInfo@4aecd3ec, token = android.os.BinderProxy@4a961e7c
D/lg      (13669): [sendPacket] _broadcastAddr: 172.17.100.255
I/System.out(13669): body:<com.lge.tv.remoteapps.DeviceScans.DeviceScanner: int sendPacket()>	sig:$r7 = staticinvoke <java.net.InetAddress: java.net.InetAddress getByName(java.lang.String)>($r4)	timediff:1
I/System.out(13669): body:<com.lge.tv.remoteapps.DeviceScans.DeviceScanner: int sendPacket()>	sig:specialinvoke $r2.<java.net.DatagramPacket: void <init>(byte[],int,java.net.InetAddress,int)>($r6, $i0, $r7, 9740)	timediff:0
I/System.out(13669): body:<com.lge.tv.remoteapps.DeviceScans.DeviceScanner: int sendPacket()>	sig:virtualinvoke $r8.<java.net.DatagramSocket: void send(java.net.DatagramPacket)>($r2)	timediff:0
E/lg      (13669): [sendPacketForWifiDirect]
D/lg      (13669): _broadcastAddrList.size(): 2
E/lg      (13669): ipAddress: 172.17.100.15, index : 10
D/lg      (13669): [sendPacket] targetAddress: 172.17.100.255
I/System.out(13669): body:<com.lge.tv.remoteapps.DeviceScans.DeviceScanner: int sendPacket(java.lang.String)>	sig:$r8 = staticinvoke <java.net.InetAddress: java.net.InetAddress getByName(java.lang.String)>($r1)	timediff:9
