I/InputDispatcher(  473): Dropping event because there is no focused window or focused application.
W/InputManager(  473): Input event injection from pid 10218 failed.
W/InputManager(  473): Input event injection from pid 10218 failed.
I/InputDispatcher(  473): Dropping event because there is no focused window or focused application.
I/InputDispatcher(  473): Dropping event because there is no focused window or focused application.
I/InputDispatcher(  473): Dropping event because there is no focused window or focused application.
W/InputManager(  473): Input event injection from pid 10218 failed.
W/InputManager(  473): Input event injection from pid 10218 failed.
W/InputManager(  473): Input event injection from pid 10218 failed.
W/InputManager(  473): Input event injection from pid 10218 failed.
W/InputManager(  473): Input event injection from pid 10218 failed.
I/InputDispatcher(  473): Dropping event because there is no focused window or focused application.
I/InputDispatcher(  473): Dropping event because there is no focused window or focused application.
I/InputDispatcher(  473): Dropping event because there is no focused window or focused application.
I/InputDispatcher(  473): Dropping event because there is no focused window or focused application.
I/InputDispatcher(  473): Dropping event because there is no focused window or focused application.
I/InputDispatcher(  473): Dropping event because there is no focused window or focused application.
I/InputDispatcher(  473): Dropping event because there is no focused window or focused application.
I/InputDispatcher(  473): Dropping event because there is no focused window or focused application.
D/FirebaseApp( 9319): Notifying background state change listeners.
I/InputDispatcher(  473): Dropping event because there is no focused window or focused application.
I/InputDispatcher(  473): Dropping event because there is no focused window or focused application.
I/InputDispatcher(  473): Dropping event because there is no focused window or focused application.
I/InputDispatcher(  473): Dropping event because there is no focused window or focused application.
W/InputManager(  473): Input event injection from pid 10218 failed.
W/InputManager(  473): Input event injection from pid 10218 failed.
W/InputManager(  473): Input event injection from pid 10218 failed.
W/InputManager(  473): Input event injection from pid 10218 failed.
W/InputManager(  473): Input event injection from pid 10218 failed.
W/InputManager(  473): Input event injection from pid 10218 failed.
W/InputManager(  473): Input event injection from pid 10218 failed.
W/InputManager(  473): Input event injection from pid 10218 failed.
W/InputManager(  473): Input event injection from pid 10218 failed.
W/InputManager(  473): Input event injection from pid 10218 failed.
W/InputManager(  473): Input event injection from pid 10218 failed.
W/InputManager(  473): Input event injection from pid 10218 failed.
W/InputManager(  473): Input event injection from pid 10218 failed.
I/InputDispatcher(  473): Dropping event because there is no focused window or focused application.
I/InputDispatcher(  473): Dropping event because there is no focused window or focused application.
I/InputDispatcher(  473): Dropping event because there is no focused window or focused application.
I/InputDispatcher(  473): Dropping event because there is no focused window or focused application.
I/InputDispatcher(  473): Dropping event because there is no focused window or focused application.
I/InputDispatcher(  473): Dropping event because there is no focused window or focused application.
I/InputDispatcher(  473): Dropping event because there is no focused window or focused application.
I/InputDispatcher(  473): Dropping event because there is no focused window or focused application.
I/InputDispatcher(  473): Dropping event because there is no focused window or focused application.
I/InputDispatcher(  473): Dropping event because there is no focused window or focused application.
I/InputDispatcher(  473): Dropping event because there is no focused window or focused application.
I/InputDispatcher(  473): Dropping event because there is no focused window or focused application.
I/InputDispatcher(  473): Dropping event because there is no focused window or focused application.
I/InputDispatcher(  473): Dropping event because there is no focused window or focused application.
W/InputManager(  473): Input event injection from pid 10218 failed.
W/InputManager(  473): Input event injection from pid 10218 failed.
W/InputManager(  473): Input event injection from pid 10218 failed.
W/InputManager(  473): Input event injection from pid 10218 failed.
W/InputManager(  473): Input event injection from pid 10218 failed.
W/InputManager(  473): Input event injection from pid 10218 failed.
W/InputManager(  473): Input event injection from pid 10218 failed.
W/InputManager(  473): Input event injection from pid 10218 failed.
W/InputManager(  473): Input event injection from pid 10218 failed.
W/InputManager(  473): Input event injection from pid 10218 failed.
W/InputManager(  473): Input event injection from pid 10218 failed.
W/InputManager(  473): Input event injection from pid 10218 failed.
W/InputManager(  473): Input event injection from pid 10218 failed.
W/InputManager(  473): Input event injection from pid 10218 failed.
W/InputManager(  473): Input event injection from pid 10218 failed.
I/InputDispatcher(  473): Dropping event because there is no focused window or focused application.
I/InputDispatcher(  473): Dropping event because there is no focused window or focused application.
I/InputDispatcher(  473): Dropping event because there is no focused window or focused application.
I/InputDispatcher(  473): Dropping event because there is no focused window or focused application.
I/InputDispatcher(  473): Dropping event because there is no focused window or focused application.
I/InputDispatcher(  473): Dropping event because there is no focused window or focused application.
I/InputDispatcher(  473): Dropping event because there is no focused window or focused application.
I/InputDispatcher(  473): Dropping event because there is no focused window or focused application.
I/InputDispatcher(  473): Dropping event because there is no focused window or focused application.
I/InputDispatcher(  473): Dropping event because there is no focused window or focused application.
W/InputManager(  473): Input event injection from pid 10218 failed.
W/InputManager(  473): Input event injection from pid 10218 failed.
W/InputManager(  473): Input event injection from pid 10218 failed.
W/InputManager(  473): Input event injection from pid 10218 failed.
W/InputManager(  473): Input event injection from pid 10218 failed.
W/InputManager(  473): Input event injection from pid 10218 failed.
W/InputManager(  473): Input event injection from pid 10218 failed.
W/InputManager(  473): Input event injection from pid 10218 failed.
W/InputManager(  473): Input event injection from pid 10218 failed.
W/InputManager(  473): Input event injection from pid 10218 failed.
W/InputManager(  473): Input event injection from pid 10218 failed.
W/InputManager(  473): Input event injection from pid 10218 failed.
W/InputManager(  473): Input event injection from pid 10218 failed.
W/InputManager(  473): Input event injection from pid 10218 failed.
I/InputDispatcher(  473): Dropping event because there is no focused window or focused application.
I/InputDispatcher(  473): Dropping event because there is no focused window or focused application.
I/InputDispatcher(  473): Dropping event because there is no focused window or focused application.
I/InputDispatcher(  473): Dropping event because there is no focused window or focused application.
I/InputDispatcher(  473): Dropping event because there is no focused window or focused application.
I/InputDispatcher(  473): Dropping event because there is no focused window or focused application.
W/InputManager(  473): Input event injection from pid 10218 failed.
W/InputManager(  473): Input event injection from pid 10218 failed.
W/InputManager(  473): Input event injection from pid 10218 failed.
W/InputManager(  473): Input event injection from pid 10218 failed.
W/InputManager(  473): Input event injection from pid 10218 failed.
W/InputManager(  473): Input event injection from pid 10218 failed.
I/InputDispatcher(  473): Dropping event because there is no focused window or focused application.
I/InputDispatcher(  473): Dropping event because there is no focused window or focused application.
I/InputDispatcher(  473): Dropping event because there is no focused window or focused application.
I/InputDispatcher(  473): Dropping event because there is no focused window or focused application.
W/InputManager(  473): Input event injection from pid 10218 failed.
W/InputManager(  473): Input event injection from pid 10218 failed.
W/InputManager(  473): Input event injection from pid 10218 failed.
W/InputManager(  473): Input event injection from pid 10218 failed.
W/InputManager(  473): Input event injection from pid 10218 failed.
W/InputManager(  473): Input event injection from pid 10218 failed.
W/InputManager(  473): Input event injection from pid 10218 failed.
W/InputManager(  473): Input event injection from pid 10218 failed.
W/InputManager(  473): Input event injection from pid 10218 failed.
W/InputManager(  473): Input event injection from pid 10218 failed.
I/ActivityManager(  473): START u0 {act=android.intent.action.MAIN cat=[android.intent.category.LAUNCHER] flg=0x10200000 cmp=com.google.android.apps.youtube.kids/.activities.SplashScreenActivity} from pid 10218
D/dalvikvm(  473): GC_CONCURRENT freed 2888K, 38% free 16351K/26008K, paused 0ms+15ms, total 60ms
W/EGL_emulation( 9319): eglSurfaceAttrib not implemented 3093 12436
D/yeshen  ( 9319): launcher onpause
I/ActivityManager(  473): Start proc com.google.android.apps.youtube.kids for activity com.google.android.apps.youtube.kids/.activities.SplashScreenActivity: pid=10922 uid=10040 gids={50040, 3003, 1028, 1015, 1023}
W/NetworkManagementSocketTagger(  473): setKernelCountSet(10040, 1) failed with errno -13
I/dalvikvm(10922): ignoring registerObject request in thread=1
I/dalvikvm(10922): ignoring registerObject request in thread=1
D/yeshen  ( 9319): launcher onstop
D/FirebaseApp( 9319): Notifying background state change listeners.
D/Tinker.DefaultAppLike( 9319): onTrimMemory level:20
W/DebugConnManager( 9319): getNetworkInfo() on networkType 1
W/dalvikvm(10922): VFY: check-cast on non-reference in v0
W/dalvikvm(10922): VFY:  rejecting opcode 0x1f at 0x1dcf
W/dalvikvm(10922): VFY:  rejected Lcom/google/android/apps/youtube/kids/application/KidsApplication;.onCreate ()V
W/dalvikvm(10922): Verifier rejected class Lcom/google/android/apps/youtube/kids/application/KidsApplication;
W/dalvikvm(10922): Class init failed in newInstance call (Lcom/google/android/apps/youtube/kids/application/KidsApplication;)
D/AndroidRuntime(10922): Shutting down VM
W/dalvikvm(10922): threadid=1: thread exiting with uncaught exception (group=0x94c5fb20)
E/AndroidRuntime(10922): FATAL EXCEPTION: main
E/AndroidRuntime(10922): Process: com.google.android.apps.youtube.kids, PID: 10922
E/AndroidRuntime(10922): java.lang.VerifyError: com/google/android/apps/youtube/kids/application/KidsApplication
E/AndroidRuntime(10922): 	at java.lang.Class.newInstanceImpl(Native Method)
E/AndroidRuntime(10922): 	at java.lang.Class.newInstance(Class.java:1208)
E/AndroidRuntime(10922): 	at android.app.Instrumentation.newApplication(Instrumentation.java:1007)
E/AndroidRuntime(10922): 	at android.app.Instrumentation.newApplication(Instrumentation.java:992)
E/AndroidRuntime(10922): 	at android.app.LoadedApk.makeApplication(LoadedApk.java:511)
E/AndroidRuntime(10922): 	at android.app.ActivityThread.handleBindApplication(ActivityThread.java:4319)
E/AndroidRuntime(10922): 	at android.app.ActivityThread.access$1500(ActivityThread.java:135)
E/AndroidRuntime(10922): 	at android.app.ActivityThread$H.handleMessage(ActivityThread.java:1256)
E/AndroidRuntime(10922): 	at android.os.Handler.dispatchMessage(Handler.java:102)
E/AndroidRuntime(10922): 	at android.os.Looper.loop(Looper.java:136)
E/AndroidRuntime(10922): 	at android.app.ActivityThread.main(ActivityThread.java:5019)
E/AndroidRuntime(10922): 	at java.lang.reflect.Method.invokeNative(Native Method)
E/AndroidRuntime(10922): 	at java.lang.reflect.Method.invoke(Method.java:515)
E/AndroidRuntime(10922): 	at com.android.internal.os.ZygoteInit$MethodAndArgsCaller.run(ZygoteInit.java:779)
E/AndroidRuntime(10922): 	at com.android.internal.os.ZygoteInit.main(ZygoteInit.java:595)
E/AndroidRuntime(10922): 	at dalvik.system.NativeStart.main(Native Method)
I/Process (  473): Sending signal. PID: 10922 SIG: 9
W/NetworkManagementSocketTagger(  473): setKernelCountSet(10040, 0) failed with errno -13
W/ActivityManager(  473): Force-killing crashed app com.google.android.apps.youtube.kids at watcher's request
W/ContextImpl(  473): Calling a method in the system process without a qualified user: android.app.ContextImpl.sendBroadcast:1123 com.android.server.am.ActivityManagerService.handleApplicationCrashInner:9642 com.android.server.am.ActivityManagerService.handleApplicationCrash:9616 android.app.ActivityManagerNative.onTransact:1311 com.android.server.am.ActivityManagerService.onTransact:2071 
I/ActivityManager(  473): Process com.google.android.apps.youtube.kids (pid 10922) has died.
I/ActivityManager(  473): Start proc com.google.android.apps.youtube.kids for activity com.google.android.apps.youtube.kids/.activities.SplashScreenActivity: pid=10934 uid=10040 gids={50040, 3003, 1028, 1015, 1023}
W/NetworkManagementSocketTagger(  473): setKernelCountSet(10040, 1) failed with errno -13
I/dalvikvm(10934): ignoring registerObject request in thread=1
I/dalvikvm(10934): ignoring registerObject request in thread=1
W/dalvikvm(10934): VFY: check-cast on non-reference in v0
W/dalvikvm(10934): VFY:  rejecting opcode 0x1f at 0x1dcf
W/dalvikvm(10934): VFY:  rejected Lcom/google/android/apps/youtube/kids/application/KidsApplication;.onCreate ()V
W/dalvikvm(10934): Verifier rejected class Lcom/google/android/apps/youtube/kids/application/KidsApplication;
W/dalvikvm(10934): Class init failed in newInstance call (Lcom/google/android/apps/youtube/kids/application/KidsApplication;)
D/AndroidRuntime(10934): Shutting down VM
W/dalvikvm(10934): threadid=1: thread exiting with uncaught exception (group=0x94c5fb20)
E/AndroidRuntime(10934): FATAL EXCEPTION: main
E/AndroidRuntime(10934): Process: com.google.android.apps.youtube.kids, PID: 10934
E/AndroidRuntime(10934): java.lang.VerifyError: com/google/android/apps/youtube/kids/application/KidsApplication
E/AndroidRuntime(10934): 	at java.lang.Class.newInstanceImpl(Native Method)
E/AndroidRuntime(10934): 	at java.lang.Class.newInstance(Class.java:1208)
E/AndroidRuntime(10934): 	at android.app.Instrumentation.newApplication(Instrumentation.java:1007)
E/AndroidRuntime(10934): 	at android.app.Instrumentation.newApplication(Instrumentation.java:992)
E/AndroidRuntime(10934): 	at android.app.LoadedApk.makeApplication(LoadedApk.java:511)
E/AndroidRuntime(10934): 	at android.app.ActivityThread.handleBindApplication(ActivityThread.java:4319)
E/AndroidRuntime(10934): 	at android.app.ActivityThread.access$1500(ActivityThread.java:135)
E/AndroidRuntime(10934): 	at android.app.ActivityThread$H.handleMessage(ActivityThread.java:1256)
E/AndroidRuntime(10934): 	at android.os.Handler.dispatchMessage(Handler.java:102)
E/AndroidRuntime(10934): 	at android.os.Looper.loop(Looper.java:136)
E/AndroidRuntime(10934): 	at android.app.ActivityThread.main(ActivityThread.java:5019)
E/AndroidRuntime(10934): 	at java.lang.reflect.Method.invokeNative(Native Method)
E/AndroidRuntime(10934): 	at java.lang.reflect.Method.invoke(Method.java:515)
E/AndroidRuntime(10934): 	at com.android.internal.os.ZygoteInit$MethodAndArgsCaller.run(ZygoteInit.java:779)
E/AndroidRuntime(10934): 	at com.android.internal.os.ZygoteInit.main(ZygoteInit.java:595)
E/AndroidRuntime(10934): 	at dalvik.system.NativeStart.main(Native Method)
I/Process (  473): Sending signal. PID: 10934 SIG: 9
W/NetworkManagementSocketTagger(  473): setKernelCountSet(10040, 0) failed with errno -13
W/ActivityManager(  473): Force-killing crashed app com.google.android.apps.youtube.kids at watcher's request
W/ContextImpl(  473): Calling a method in the system process without a qualified user: android.app.ContextImpl.sendBroadcast:1123 com.android.server.am.ActivityManagerService.handleApplicationCrashInner:9642 com.android.server.am.ActivityManagerService.handleApplicationCrash:9616 android.app.ActivityManagerNative.onTransact:1311 com.android.server.am.ActivityManagerService.onTransact:2071 
I/ActivityManager(  473): Process com.google.android.apps.youtube.kids (pid 10934) has died.
I/ActivityManager(  473): Start proc com.google.android.apps.youtube.kids for activity com.google.android.apps.youtube.kids/.activities.SplashScreenActivity: pid=10946 uid=10040 gids={50040, 3003, 1028, 1015, 1023}
W/NetworkManagementSocketTagger(  473): setKernelCountSet(10040, 1) failed with errno -13
I/dalvikvm(10946): ignoring registerObject request in thread=1
I/dalvikvm(10946): ignoring registerObject request in thread=1
W/dalvikvm(10946): VFY: check-cast on non-reference in v0
W/dalvikvm(10946): VFY:  rejecting opcode 0x1f at 0x1dcf
W/dalvikvm(10946): VFY:  rejected Lcom/google/android/apps/youtube/kids/application/KidsApplication;.onCreate ()V
W/dalvikvm(10946): Verifier rejected class Lcom/google/android/apps/youtube/kids/application/KidsApplication;
W/dalvikvm(10946): Class init failed in newInstance call (Lcom/google/android/apps/youtube/kids/application/KidsApplication;)
D/AndroidRuntime(10946): Shutting down VM
W/dalvikvm(10946): threadid=1: thread exiting with uncaught exception (group=0x94c5fb20)
I/Process (  473): Sending signal. PID: 10946 SIG: 9
E/AndroidRuntime(10946): FATAL EXCEPTION: main
E/AndroidRuntime(10946): Process: com.google.android.apps.youtube.kids, PID: 10946
E/AndroidRuntime(10946): java.lang.VerifyError: com/google/android/apps/youtube/kids/application/KidsApplication
E/AndroidRuntime(10946): 	at java.lang.Class.newInstanceImpl(Native Method)
E/AndroidRuntime(10946): 	at java.lang.Class.newInstance(Class.java:1208)
E/AndroidRuntime(10946): 	at android.app.Instrumentation.newApplication(Instrumentation.java:1007)
E/AndroidRuntime(10946): 	at android.app.Instrumentation.newApplication(Instrumentation.java:992)
E/AndroidRuntime(10946): 	at android.app.LoadedApk.makeApplication(LoadedApk.java:511)
E/AndroidRuntime(10946): 	at android.app.ActivityThread.handleBindApplication(ActivityThread.java:4319)
E/AndroidRuntime(10946): 	at android.app.ActivityThread.access$1500(ActivityThread.java:135)
E/AndroidRuntime(10946): 	at android.app.ActivityThread$H.handleMessage(ActivityThread.java:1256)
E/AndroidRuntime(10946): 	at android.os.Handler.dispatchMessage(Handler.java:102)
E/AndroidRuntime(10946): 	at android.os.Looper.loop(Looper.java:136)
E/AndroidRuntime(10946): 	at android.app.ActivityThread.main(ActivityThread.java:5019)
E/AndroidRuntime(10946): 	at java.lang.reflect.Method.invokeNative(Native Method)
E/AndroidRuntime(10946): 	at java.lang.reflect.Method.invoke(Method.java:515)
E/AndroidRuntime(10946): 	at com.android.internal.os.ZygoteInit$MethodAndArgsCaller.run(ZygoteInit.java:779)
E/AndroidRuntime(10946): 	at com.android.internal.os.ZygoteInit.main(ZygoteInit.java:595)
E/AndroidRuntime(10946): 	at dalvik.system.NativeStart.main(Native Method)
W/ActivityManager(  473): Force-killing crashed app com.google.android.apps.youtube.kids at watcher's request
W/ContextImpl(  473): Calling a method in the system process without a qualified user: android.app.ContextImpl.sendBroadcast:1123 com.android.server.am.ActivityManagerService.handleApplicationCrashInner:9642 com.android.server.am.ActivityManagerService.handleApplicationCrash:9616 android.app.ActivityManagerNative.onTransact:1311 com.android.server.am.ActivityManagerService.onTransact:2071 
I/ActivityManager(  473): Process com.google.android.apps.youtube.kids (pid 10946) has died.
W/NetworkManagementSocketTagger(  473): setKernelCountSet(10040, 0) failed with errno -13
D/ClClient( 2481): Not sending keepalive.  Current connection state=STOPPED
I/InputDispatcher(  473): Dropping event because there is no focused window or focused application.
W/ActivityManager(  473): Force removing ActivityRecord{4ade69dc u0 com.google.android.apps.youtube.kids/.activities.SplashScreenActivity t58}: app died, no saved state
W/InputManager(  473): Input event injection from pid 10218 failed.
I/InputDispatcher(  473): Dropping event because there is no focused window or focused application.
I/InputDispatcher(  473): Dropping event because there is no focused window or focused application.
W/InputManager(  473): Input event injection from pid 10218 failed.
W/InputManager(  473): Input event injection from pid 10218 failed.
I/InputDispatcher(  473): Dropping event because there is no focused window or focused application.
I/InputDispatcher(  473): Dropping event because there is no focused window or focused application.
I/InputDispatcher(  473): Dropping event because there is no focused window or focused application.
D/FirebaseApp( 9319): Notifying background state change listeners.
W/InputManager(  473): Input event injection from pid 10218 failed.
W/InputManager(  473): Input event injection from pid 10218 failed.
W/InputManager(  473): Input event injection from pid 10218 failed.
W/InputManager(  473): Input event injection from pid 10218 failed.
W/InputManager(  473): Input event injection from pid 10218 failed.
I/InputDispatcher(  473): Dropping event because there is no focused window or focused application.
W/InputManager(  473): Input event injection from pid 10218 failed.
I/InputDispatcher(  473): Dropping event because there is no focused window or focused application.
W/InputManager(  473): Input event injection from pid 10218 failed.
I/ActivityManager(  473): START u0 {act=android.intent.action.MAIN cat=[android.intent.category.LAUNCHER] flg=0x10200000 cmp=com.google.android.apps.youtube.kids/.activities.SplashScreenActivity} from pid 10218
W/EGL_emulation( 9319): eglSurfaceAttrib not implemented 3093 12436
D/yeshen  ( 9319): launcher onpause
I/ActivityManager(  473): Start proc com.google.android.apps.youtube.kids for activity com.google.android.apps.youtube.kids/.activities.SplashScreenActivity: pid=10959 uid=10040 gids={50040, 3003, 1028, 1015, 1023}
W/NetworkManagementSocketTagger(  473): setKernelCountSet(10040, 1) failed with errno -13
I/dalvikvm(10959): ignoring registerObject request in thread=1
I/dalvikvm(10959): ignoring registerObject request in thread=1
D/dalvikvm(  170): GC_EXPLICIT freed 42K, 4% free 2788K/2884K, paused 0ms+5ms, total 18ms
D/dalvikvm(  170): GC_EXPLICIT freed <1K, 4% free 2788K/2884K, paused 1ms+0ms, total 4ms
D/dalvikvm(  170): GC_EXPLICIT freed <1K, 4% free 2788K/2884K, paused 0ms+0ms, total 7ms
D/yeshen  ( 9319): launcher onstop
D/FirebaseApp( 9319): Notifying background state change listeners.
D/Tinker.DefaultAppLike( 9319): onTrimMemory level:20
W/DebugConnManager( 9319): getNetworkInfo() on networkType 1
W/dalvikvm(10959): VFY: check-cast on non-reference in v0
W/dalvikvm(10959): VFY:  rejecting opcode 0x1f at 0x1dcf
W/dalvikvm(10959): VFY:  rejected Lcom/google/android/apps/youtube/kids/application/KidsApplication;.onCreate ()V
W/dalvikvm(10959): Verifier rejected class Lcom/google/android/apps/youtube/kids/application/KidsApplication;
W/dalvikvm(10959): Class init failed in newInstance call (Lcom/google/android/apps/youtube/kids/application/KidsApplication;)
D/AndroidRuntime(10959): Shutting down VM
W/dalvikvm(10959): threadid=1: thread exiting with uncaught exception (group=0x94c5fb20)
E/AndroidRuntime(10959): FATAL EXCEPTION: main
E/AndroidRuntime(10959): Process: com.google.android.apps.youtube.kids, PID: 10959
E/AndroidRuntime(10959): java.lang.VerifyError: com/google/android/apps/youtube/kids/application/KidsApplication
E/AndroidRuntime(10959): 	at java.lang.Class.newInstanceImpl(Native Method)
E/AndroidRuntime(10959): 	at java.lang.Class.newInstance(Class.java:1208)
E/AndroidRuntime(10959): 	at android.app.Instrumentation.newApplication(Instrumentation.java:1007)
E/AndroidRuntime(10959): 	at android.app.Instrumentation.newApplication(Instrumentation.java:992)
E/AndroidRuntime(10959): 	at android.app.LoadedApk.makeApplication(LoadedApk.java:511)
E/AndroidRuntime(10959): 	at android.app.ActivityThread.handleBindApplication(ActivityThread.java:4319)
E/AndroidRuntime(10959): 	at android.app.ActivityThread.access$1500(ActivityThread.java:135)
E/AndroidRuntime(10959): 	at android.app.ActivityThread$H.handleMessage(ActivityThread.java:1256)
E/AndroidRuntime(10959): 	at android.os.Handler.dispatchMessage(Handler.java:102)
E/AndroidRuntime(10959): 	at android.os.Looper.loop(Looper.java:136)
E/AndroidRuntime(10959): 	at android.app.ActivityThread.main(ActivityThread.java:5019)
E/AndroidRuntime(10959): 	at java.lang.reflect.Method.invokeNative(Native Method)
E/AndroidRuntime(10959): 	at java.lang.reflect.Method.invoke(Method.java:515)
E/AndroidRuntime(10959): 	at com.android.internal.os.ZygoteInit$MethodAndArgsCaller.run(ZygoteInit.java:779)
E/AndroidRuntime(10959): 	at com.android.internal.os.ZygoteInit.main(ZygoteInit.java:595)
E/AndroidRuntime(10959): 	at dalvik.system.NativeStart.main(Native Method)
I/Process (  473): Sending signal. PID: 10959 SIG: 9
W/ActivityManager(  473): Force-killing crashed app com.google.android.apps.youtube.kids at watcher's request
W/ContextImpl(  473): Calling a method in the system process without a qualified user: android.app.ContextImpl.sendBroadcast:1123 com.android.server.am.ActivityManagerService.handleApplicationCrashInner:9642 com.android.server.am.ActivityManagerService.handleApplicationCrash:9616 android.app.ActivityManagerNative.onTransact:1311 com.android.server.am.ActivityManagerService.onTransact:2071 
W/NetworkManagementSocketTagger(  473): setKernelCountSet(10040, 0) failed with errno -13
I/ActivityManager(  473): Process com.google.android.apps.youtube.kids (pid 10959) has died.
I/ActivityManager(  473): Start proc com.google.android.apps.youtube.kids for activity com.google.android.apps.youtube.kids/.activities.SplashScreenActivity: pid=10971 uid=10040 gids={50040, 3003, 1028, 1015, 1023}
W/NetworkManagementSocketTagger(  473): setKernelCountSet(10040, 1) failed with errno -13
I/dalvikvm(10971): ignoring registerObject request in thread=1
I/dalvikvm(10971): ignoring registerObject request in thread=1
W/dalvikvm(10971): VFY: check-cast on non-reference in v0
W/dalvikvm(10971): VFY:  rejecting opcode 0x1f at 0x1dcf
W/dalvikvm(10971): VFY:  rejected Lcom/google/android/apps/youtube/kids/application/KidsApplication;.onCreate ()V
W/dalvikvm(10971): Verifier rejected class Lcom/google/android/apps/youtube/kids/application/KidsApplication;
W/dalvikvm(10971): Class init failed in newInstance call (Lcom/google/android/apps/youtube/kids/application/KidsApplication;)
D/AndroidRuntime(10971): Shutting down VM
W/dalvikvm(10971): threadid=1: thread exiting with uncaught exception (group=0x94c5fb20)
I/Process (  473): Sending signal. PID: 10971 SIG: 9
W/NetworkManagementSocketTagger(  473): setKernelCountSet(10040, 0) failed with errno -13
E/AndroidRuntime(10971): FATAL EXCEPTION: main
E/AndroidRuntime(10971): Process: com.google.android.apps.youtube.kids, PID: 10971
E/AndroidRuntime(10971): java.lang.VerifyError: com/google/android/apps/youtube/kids/application/KidsApplication
E/AndroidRuntime(10971): 	at java.lang.Class.newInstanceImpl(Native Method)
E/AndroidRuntime(10971): 	at java.lang.Class.newInstance(Class.java:1208)
E/AndroidRuntime(10971): 	at android.app.Instrumentation.newApplication(Instrumentation.java:1007)
E/AndroidRuntime(10971): 	at android.app.Instrumentation.newApplication(Instrumentation.java:992)
E/AndroidRuntime(10971): 	at android.app.LoadedApk.makeApplication(LoadedApk.java:511)
E/AndroidRuntime(10971): 	at android.app.ActivityThread.handleBindApplication(ActivityThread.java:4319)
E/AndroidRuntime(10971): 	at android.app.ActivityThread.access$1500(ActivityThread.java:135)
E/AndroidRuntime(10971): 	at android.app.ActivityThread$H.handleMessage(ActivityThread.java:1256)
E/AndroidRuntime(10971): 	at android.os.Handler.dispatchMessage(Handler.java:102)
E/AndroidRuntime(10971): 	at android.os.Looper.loop(Looper.java:136)
E/AndroidRuntime(10971): 	at android.app.ActivityThread.main(ActivityThread.java:5019)
E/AndroidRuntime(10971): 	at java.lang.reflect.Method.invokeNative(Native Method)
E/AndroidRuntime(10971): 	at java.lang.reflect.Method.invoke(Method.java:515)
E/AndroidRuntime(10971): 	at com.android.internal.os.ZygoteInit$MethodAndArgsCaller.run(ZygoteInit.java:779)
E/AndroidRuntime(10971): 	at com.android.internal.os.ZygoteInit.main(ZygoteInit.java:595)
E/AndroidRuntime(10971): 	at dalvik.system.NativeStart.main(Native Method)
W/ActivityManager(  473): Force-killing crashed app com.google.android.apps.youtube.kids at watcher's request
W/ContextImpl(  473): Calling a method in the system process without a qualified user: android.app.ContextImpl.sendBroadcast:1123 com.android.server.am.ActivityManagerService.handleApplicationCrashInner:9642 com.android.server.am.ActivityManagerService.handleApplicationCrash:9616 android.app.ActivityManagerNative.onTransact:1311 com.android.server.am.ActivityManagerService.onTransact:2071 
I/ActivityManager(  473): Process com.google.android.apps.youtube.kids (pid 10971) has died.
I/ActivityManager(  473): Start proc com.google.android.apps.youtube.kids for activity com.google.android.apps.youtube.kids/.activities.SplashScreenActivity: pid=10983 uid=10040 gids={50040, 3003, 1028, 1015, 1023}
W/NetworkManagementSocketTagger(  473): setKernelCountSet(10040, 1) failed with errno -13
I/dalvikvm(10983): ignoring registerObject request in thread=1
I/dalvikvm(10983): ignoring registerObject request in thread=1
W/dalvikvm(10983): VFY: check-cast on non-reference in v0
W/dalvikvm(10983): VFY:  rejecting opcode 0x1f at 0x1dcf
W/dalvikvm(10983): VFY:  rejected Lcom/google/android/apps/youtube/kids/application/KidsApplication;.onCreate ()V
W/dalvikvm(10983): Verifier rejected class Lcom/google/android/apps/youtube/kids/application/KidsApplication;
W/dalvikvm(10983): Class init failed in newInstance call (Lcom/google/android/apps/youtube/kids/application/KidsApplication;)
D/AndroidRuntime(10983): Shutting down VM
W/dalvikvm(10983): threadid=1: thread exiting with uncaught exception (group=0x94c5fb20)
I/Process (  473): Sending signal. PID: 10983 SIG: 9
W/NetworkManagementSocketTagger(  473): setKernelCountSet(10040, 0) failed with errno -13
I/InputDispatcher(  473): Dropping event because there is no focused window or focused application.
E/AndroidRuntime(10983): FATAL EXCEPTION: main
E/AndroidRuntime(10983): Process: com.google.android.apps.youtube.kids, PID: 10983
E/AndroidRuntime(10983): java.lang.VerifyError: com/google/android/apps/youtube/kids/application/KidsApplication
E/AndroidRuntime(10983): 	at java.lang.Class.newInstanceImpl(Native Method)
E/AndroidRuntime(10983): 	at java.lang.Class.newInstance(Class.java:1208)
E/AndroidRuntime(10983): 	at android.app.Instrumentation.newApplication(Instrumentation.java:1007)
E/AndroidRuntime(10983): 	at android.app.Instrumentation.newApplication(Instrumentation.java:992)
E/AndroidRuntime(10983): 	at android.app.LoadedApk.makeApplication(LoadedApk.java:511)
E/AndroidRuntime(10983): 	at android.app.ActivityThread.handleBindApplication(ActivityThread.java:4319)
E/AndroidRuntime(10983): 	at android.app.ActivityThread.access$1500(ActivityThread.java:135)
E/AndroidRuntime(10983): 	at android.app.ActivityThread$H.handleMessage(ActivityThread.java:1256)
E/AndroidRuntime(10983): 	at android.os.Handler.dispatchMessage(Handler.java:102)
E/AndroidRuntime(10983): 	at android.os.Looper.loop(Looper.java:136)
E/AndroidRuntime(10983): 	at android.app.ActivityThread.main(ActivityThread.java:5019)
E/AndroidRuntime(10983): 	at java.lang.reflect.Method.invokeNative(Native Method)
E/AndroidRuntime(10983): 	at java.lang.reflect.Method.invoke(Method.java:515)
E/AndroidRuntime(10983): 	at com.android.internal.os.ZygoteInit$MethodAndArgsCaller.run(ZygoteInit.java:779)
E/AndroidRuntime(10983): 	at com.android.internal.os.ZygoteInit.main(ZygoteInit.java:595)
E/AndroidRuntime(10983): 	at dalvik.system.NativeStart.main(Native Method)
W/ActivityManager(  473): Force-killing crashed app com.google.android.apps.youtube.kids at watcher's request
W/ContextImpl(  473): Calling a method in the system process without a qualified user: android.app.ContextImpl.sendBroadcast:1123 com.android.server.am.ActivityManagerService.handleApplicationCrashInner:9642 com.android.server.am.ActivityManagerService.handleApplicationCrash:9616 android.app.ActivityManagerNative.onTransact:1311 com.android.server.am.ActivityManagerService.onTransact:2071 
I/ActivityManager(  473): Process com.google.android.apps.youtube.kids (pid 10983) has died.
W/ActivityManager(  473): Force removing ActivityRecord{4abb8e30 u0 com.google.android.apps.youtube.kids/.activities.SplashScreenActivity t59}: app died, no saved state
W/InputManager(  473): Input event injection from pid 10218 failed.
I/InputDispatcher(  473): Dropping event because there is no focused window or focused application.
I/InputDispatcher(  473): Dropping event because there is no focused window or focused application.
I/InputDispatcher(  473): Dropping event because there is no focused window or focused application.
I/InputDispatcher(  473): Dropping event because there is no focused window or focused application.
W/InputManager(  473): Input event injection from pid 10218 failed.
W/InputManager(  473): Input event injection from pid 10218 failed.
W/InputManager(  473): Input event injection from pid 10218 failed.
W/InputManager(  473): Input event injection from pid 10218 failed.
I/InputDispatcher(  473): Dropping event because there is no focused window or focused application.
I/InputDispatcher(  473): Dropping event because there is no focused window or focused application.
I/InputDispatcher(  473): Dropping event because there is no focused window or focused application.
D/FirebaseApp( 9319): Notifying background state change listeners.
W/InputManager(  473): Input event injection from pid 10218 failed.
W/InputManager(  473): Input event injection from pid 10218 failed.
W/InputManager(  473): Input event injection from pid 10218 failed.
I/InputDispatcher(  473): Dropping event because there is no focused window or focused application.
I/InputDispatcher(  473): Dropping event because there is no focused window or focused application.
I/InputDispatcher(  473): Dropping event because there is no focused window or focused application.
I/InputDispatcher(  473): Dropping event because there is no focused window or focused application.
I/InputDispatcher(  473): Dropping event because there is no focused window or focused application.
I/InputDispatcher(  473): Dropping event because there is no focused window or focused application.
I/InputDispatcher(  473): Dropping event because there is no focused window or focused application.
I/InputDispatcher(  473): Dropping event because there is no focused window or focused application.
I/InputDispatcher(  473): Dropping event because there is no focused window or focused application.
I/InputDispatcher(  473): Dropping event because there is no focused window or focused application.
I/InputDispatcher(  473): Dropping event because there is no focused window or focused application.
I/InputDispatcher(  473): Dropping event because there is no focused window or focused application.
W/InputManager(  473): Input event injection from pid 10218 failed.
W/InputManager(  473): Input event injection from pid 10218 failed.
W/InputManager(  473): Input event injection from pid 10218 failed.
W/InputManager(  473): Input event injection from pid 10218 failed.
W/InputManager(  473): Input event injection from pid 10218 failed.
W/InputManager(  473): Input event injection from pid 10218 failed.
W/InputManager(  473): Input event injection from pid 10218 failed.
W/InputManager(  473): Input event injection from pid 10218 failed.
W/InputManager(  473): Input event injection from pid 10218 failed.
W/InputManager(  473): Input event injection from pid 10218 failed.
W/InputManager(  473): Input event injection from pid 10218 failed.
W/InputManager(  473): Input event injection from pid 10218 failed.
I/InputDispatcher(  473): Dropping event because there is no focused window or focused application.
I/InputDispatcher(  473): Dropping event because there is no focused window or focused application.
I/InputDispatcher(  473): Dropping event because there is no focused window or focused application.
I/InputDispatcher(  473): Dropping event because there is no focused window or focused application.
I/InputDispatcher(  473): Dropping event because there is no focused window or focused application.
I/InputDispatcher(  473): Dropping event because there is no focused window or focused application.
I/InputDispatcher(  473): Dropping event because there is no focused window or focused application.
I/InputDispatcher(  473): Dropping event because there is no focused window or focused application.
I/InputDispatcher(  473): Dropping event because there is no focused window or focused application.
I/InputDispatcher(  473): Dropping event because there is no focused window or focused application.
I/InputDispatcher(  473): Dropping event because there is no focused window or focused application.
I/InputDispatcher(  473): Dropping event because there is no focused window or focused application.
W/InputManager(  473): Input event injection from pid 10218 failed.
W/InputManager(  473): Input event injection from pid 10218 failed.
W/InputManager(  473): Input event injection from pid 10218 failed.
W/InputManager(  473): Input event injection from pid 10218 failed.
W/InputManager(  473): Input event injection from pid 10218 failed.
W/InputManager(  473): Input event injection from pid 10218 failed.
W/InputManager(  473): Input event injection from pid 10218 failed.
W/InputManager(  473): Input event injection from pid 10218 failed.
W/InputManager(  473): Input event injection from pid 10218 failed.
W/InputManager(  473): Input event injection from pid 10218 failed.
W/InputManager(  473): Input event injection from pid 10218 failed.
W/InputManager(  473): Input event injection from pid 10218 failed.
I/InputDispatcher(  473): Dropping event because there is no focused window or focused application.
I/InputDispatcher(  473): Dropping event because there is no focused window or focused application.
I/InputDispatcher(  473): Dropping event because there is no focused window or focused application.
I/InputDispatcher(  473): Dropping event because there is no focused window or focused application.
I/InputDispatcher(  473): Dropping event because there is no focused window or focused application.
I/InputDispatcher(  473): Dropping event because there is no focused window or focused application.
W/InputManager(  473): Input event injection from pid 10218 failed.
W/InputManager(  473): Input event injection from pid 10218 failed.
W/InputManager(  473): Input event injection from pid 10218 failed.
W/InputManager(  473): Input event injection from pid 10218 failed.
W/InputManager(  473): Input event injection from pid 10218 failed.
W/InputManager(  473): Input event injection from pid 10218 failed.
W/Ads     ( 1771): The interstitial is already showing.
W/EGL_emulation( 9319): eglSurfaceAttrib not implemented 3093 12436
W/InputMethodManagerService(  473): Window already focused, ignoring focus gain of: com.android.internal.view.IInputMethodClient$Stub$Proxy@4ad14c4c attribute=android.view.inputmethod.EditorInfo@4ad4288c, token = android.os.BinderProxy@4abb8b24
W/PropertyValuesHolder( 9319): Method setBrightness() with type int not found on target class class ml
W/PropertyValuesHolder( 9319): Method getBrightness() with type int not found on target class class ml
I/ActivityManager(  473): START u0 {act=android.intent.action.MAIN cat=[android.intent.category.LAUNCHER] flg=0x10200000 cmp=com.ea.gp.nbamobile/com.ea.game.nba.NBAMainActivity bnds=[-224,47][-20,174] (has extras)} from pid 9319
W/ContextImpl( 9319): Calling a method in the system process without a qualified user: android.app.ContextImpl.sendBroadcast:1137 android.content.ContextWrapper.sendBroadcast:370 com.vphone.launcher.Stats.recordLaunch:129 com.vphone.launcher.Launcher.c:3163 com.vphone.launcher.Launcher.onClickAppShortcut:3115 
W/ContextImpl( 9319): Calling a method in the system process without a qualified user: android.app.ContextImpl.bindService:1556 android.content.ContextWrapper.bindService:517 com.google.android.gms.common.stats.zzb.zza:-1 com.google.android.gms.common.stats.zzb.zza:-1 com.google.android.gms.ads.identifier.AdvertisingIdClient.zzh:-1 
V/PanelView(  535): animationTick called with dtms=0; nothing to do (h=0.0 v=-0.0)
D/dalvikvm( 9319): GC_CONCURRENT freed 7620K, 19% free 34186K/41992K, paused 2ms+4ms, total 44ms
W/Launcher( 9319): No global search activity found.
W/PropertyValuesHolder( 9319): Method setBrightness() with type int not found on target class class ml
W/PropertyValuesHolder( 9319): Method getBrightness() with type int not found on target class class ml
I/ActivityManager(  473): START u0 {act=android.intent.action.MAIN cat=[android.intent.category.LAUNCHER] flg=0x10200000 cmp=com.peacock.flashlight/.pages.flashlight.PeacockFlashLightActivity bnds=[946,301][1150,428] (has extras)} from pid 9319
W/ContextImpl( 9319): Calling a method in the system process without a qualified user: android.app.ContextImpl.sendBroadcast:1137 android.content.ContextWrapper.sendBroadcast:370 com.vphone.launcher.Stats.recordLaunch:129 com.vphone.launcher.Launcher.c:3163 com.vphone.launcher.Launcher.onClickAppShortcut:3115 
W/ContextImpl( 9319): Calling a method in the system process without a qualified user: android.app.ContextImpl.bindService:1556 android.content.ContextWrapper.bindService:517 com.google.android.gms.common.stats.zzb.zza:-1 com.google.android.gms.common.stats.zzb.zza:-1 com.google.android.gms.ads.identifier.AdvertisingIdClient.zzh:-1 
W/PropertyValuesHolder( 9319): Method setBrightness() with type int not found on target class class ml
W/PropertyValuesHolder( 9319): Method getBrightness() with type int not found on target class class ml
I/ActivityManager(  473): START u0 {act=android.intent.action.MAIN cat=[android.intent.category.LAUNCHER] flg=0x10200000 cmp=com.hermes.superb.booster/org.staturn.usersdk.UserActivity bnds=[334,174][538,301] (has extras)} from pid 9319
W/ContextImpl( 9319): Calling a method in the system process without a qualified user: android.app.ContextImpl.sendBroadcast:1137 android.content.ContextWrapper.sendBroadcast:370 com.vphone.launcher.Stats.recordLaunch:129 com.vphone.launcher.Launcher.c:3163 com.vphone.launcher.Launcher.onClickAppShortcut:3115 
W/ContextImpl( 9319): Calling a method in the system process without a qualified user: android.app.ContextImpl.bindService:1556 android.content.ContextWrapper.bindService:517 com.google.android.gms.common.stats.zzb.zza:-1 com.google.android.gms.common.stats.zzb.zza:-1 com.google.android.gms.ads.identifier.AdvertisingIdClient.zzh:-1 
W/DebugConnManager( 9319): getNetworkInfo() on networkType 1
I/ActivityManager(  473): START u0 {cmp=com.vphone.launcher/.game.GpLoadingActivity (has extras)} from pid 9319
W/ContextImpl( 9319): Calling a method in the system process without a qualified user: android.app.ContextImpl.bindService:1556 android.content.ContextWrapper.bindService:517 com.google.android.gms.common.stats.zzb.zza:-1 com.google.android.gms.common.stats.zzb.zza:-1 com.google.android.gms.ads.identifier.AdvertisingIdClient.zzh:-1 
D/dalvikvm(  473): GC_EXPLICIT freed 1132K, 39% free 15974K/26008K, paused 2ms+2ms, total 43ms
W/DebugConnManager( 9319): getNetworkInfo() on networkType 1
I/ActivityManager(  473): START u0 {act=android.intent.action.MAIN cat=[android.intent.category.LAUNCHER] flg=0x10200000 cmp=com.google.android.apps.youtube.kids/.activities.SplashScreenActivity} from pid 10218
D/yeshen  ( 9319): launcher onpause
I/ActivityManager(  473): Start proc com.google.android.apps.youtube.kids for activity com.google.android.apps.youtube.kids/.activities.SplashScreenActivity: pid=11020 uid=10040 gids={50040, 3003, 1028, 1015, 1023}
W/DebugConnManager( 9319): getNetworkInfo() on networkType 1
W/NetworkManagementSocketTagger(  473): setKernelCountSet(10040, 1) failed with errno -13
I/dalvikvm(11020): ignoring registerObject request in thread=1
I/dalvikvm(11020): ignoring registerObject request in thread=1
I/ActivityManager(  473): START u0 {cmp=com.vphone.launcher/.game.GpLoadingActivity (has extras)} from pid 9319
D/yeshen  ( 9319): launcher onstop
D/FirebaseApp( 9319): Notifying background state change listeners.
D/Tinker.DefaultAppLike( 9319): onTrimMemory level:20
W/DebugConnManager( 9319): getNetworkInfo() on networkType 1
W/dalvikvm(11020): VFY: check-cast on non-reference in v0
W/dalvikvm(11020): VFY:  rejecting opcode 0x1f at 0x1dcf
W/dalvikvm(11020): VFY:  rejected Lcom/google/android/apps/youtube/kids/application/KidsApplication;.onCreate ()V
W/dalvikvm(11020): Verifier rejected class Lcom/google/android/apps/youtube/kids/application/KidsApplication;
W/dalvikvm(11020): Class init failed in newInstance call (Lcom/google/android/apps/youtube/kids/application/KidsApplication;)
D/AndroidRuntime(11020): Shutting down VM
W/dalvikvm(11020): threadid=1: thread exiting with uncaught exception (group=0x94c5fb20)
I/Process (  473): Sending signal. PID: 11020 SIG: 9
E/AndroidRuntime(11020): FATAL EXCEPTION: main
E/AndroidRuntime(11020): Process: com.google.android.apps.youtube.kids, PID: 11020
E/AndroidRuntime(11020): java.lang.VerifyError: com/google/android/apps/youtube/kids/application/KidsApplication
E/AndroidRuntime(11020): 	at java.lang.Class.newInstanceImpl(Native Method)
E/AndroidRuntime(11020): 	at java.lang.Class.newInstance(Class.java:1208)
E/AndroidRuntime(11020): 	at android.app.Instrumentation.newApplication(Instrumentation.java:1007)
E/AndroidRuntime(11020): 	at android.app.Instrumentation.newApplication(Instrumentation.java:992)
E/AndroidRuntime(11020): 	at android.app.LoadedApk.makeApplication(LoadedApk.java:511)
E/AndroidRuntime(11020): 	at android.app.ActivityThread.handleBindApplication(ActivityThread.java:4319)
E/AndroidRuntime(11020): 	at android.app.ActivityThread.access$1500(ActivityThread.java:135)
E/AndroidRuntime(11020): 	at android.app.ActivityThread$H.handleMessage(ActivityThread.java:1256)
E/AndroidRuntime(11020): 	at android.os.Handler.dispatchMessage(Handler.java:102)
E/AndroidRuntime(11020): 	at android.os.Looper.loop(Looper.java:136)
E/AndroidRuntime(11020): 	at android.app.ActivityThread.main(ActivityThread.java:5019)
E/AndroidRuntime(11020): 	at java.lang.reflect.Method.invokeNative(Native Method)
E/AndroidRuntime(11020): 	at java.lang.reflect.Method.invoke(Method.java:515)
E/AndroidRuntime(11020): 	at com.android.internal.os.ZygoteInit$MethodAndArgsCaller.run(ZygoteInit.java:779)
E/AndroidRuntime(11020): 	at com.android.internal.os.ZygoteInit.main(ZygoteInit.java:595)
E/AndroidRuntime(11020): 	at dalvik.system.NativeStart.main(Native Method)
W/ActivityManager(  473): Force-killing crashed app com.google.android.apps.youtube.kids at watcher's request
W/ContextImpl(  473): Calling a method in the system process without a qualified user: android.app.ContextImpl.sendBroadcast:1123 com.android.server.am.ActivityManagerService.handleApplicationCrashInner:9642 com.android.server.am.ActivityManagerService.handleApplicationCrash:9616 android.app.ActivityManagerNative.onTransact:1311 com.android.server.am.ActivityManagerService.onTransact:2071 
W/NetworkManagementSocketTagger(  473): setKernelCountSet(10040, 0) failed with errno -13
I/ActivityManager(  473): Process com.google.android.apps.youtube.kids (pid 11020) has died.
W/NetworkManagementSocketTagger(  473): setKernelCountSet(10040, 1) failed with errno -13
I/ActivityManager(  473): Start proc com.google.android.apps.youtube.kids for activity com.google.android.apps.youtube.kids/.activities.SplashScreenActivity: pid=11034 uid=10040 gids={50040, 3003, 1028, 1015, 1023}
I/dalvikvm(11034): ignoring registerObject request in thread=1
I/dalvikvm(11034): ignoring registerObject request in thread=1
W/dalvikvm(11034): VFY: check-cast on non-reference in v0
W/dalvikvm(11034): VFY:  rejecting opcode 0x1f at 0x1dcf
W/dalvikvm(11034): VFY:  rejected Lcom/google/android/apps/youtube/kids/application/KidsApplication;.onCreate ()V
W/dalvikvm(11034): Verifier rejected class Lcom/google/android/apps/youtube/kids/application/KidsApplication;
W/dalvikvm(11034): Class init failed in newInstance call (Lcom/google/android/apps/youtube/kids/application/KidsApplication;)
D/AndroidRuntime(11034): Shutting down VM
W/dalvikvm(11034): threadid=1: thread exiting with uncaught exception (group=0x94c5fb20)
I/Process (  473): Sending signal. PID: 11034 SIG: 9
