D/MoPub   (20053): Loading url: http://ads.mopub.com/m/ad?v=6&id=3f9b2a0a689348d191f21798a1076648&nv=4.11.0&dn=samsung%2CSM-G9350%2CSM-G9350&bundle=com.bigduckgames.flow&q=appName%3AFF_a%2CappVersion%3A3.6%2CappStore%3Agp&z=-0700&o=p&w=720&h=1280&sc_a=1.5&mcc=310&mnc=16&iso=US&cn=T-Mobile&ct=2&av=3.6&udid=mp_tmpl_advertising_id&dnt=mp_tmpl_do_not_track&mr=1&android_perms_ext_storage=1
W/InputMethodManagerService(  492): Window already focused, ignoring focus gain of: com.android.internal.view.IInputMethodClient$Stub$Proxy@4abc4014 attribute=null, token = android.os.BinderProxy@4a8edb9c
D/dalvikvm(20053): GC_CONCURRENT freed 383K, 13% free 4412K/5064K, paused 2ms+1ms, total 24ms
W/ViewRootImpl(20053): Dropping event due to no window focus: KeyEvent { action=ACTION_DOWN, keyCode=KEYCODE_DPAD_CENTER, scanCode=0, metaState=0, flags=0x8, repeatCount=0, eventTime=3294114, downTime=3294114, deviceId=-1, source=0x101 }
I/System.out(20053): body:<com.mopub.volley.toolbox.HurlStack: org.apache.http.HttpResponse performRequest(com.mopub.volley.Request,java.util.Map)>	sig:specialinvoke $r5.<java.net.URL: void <init>(java.lang.String)>($r9)	timediff:0
I/System.out(20053): <com.mopub.volley.toolbox.HurlStack: org.apache.http.HttpResponse performRequest(com.mopub.volley.Request,java.util.Map)>###specialinvoke $r5.<java.net.URL: void <init>(java.lang.String)>($r9)###http://ads.mopub.com/m/ad?v=6&id=3f9b2a0a689348d191f21798a1076648&nv=4.11.0&dn=samsung%2CSM-G9350%2CSM-G9350&bundle=com.bigduckgames.flow&q=appName%3AFF_a%2CappVersion%3A3.6%2CappStore%3Agp&z=-0700&o=p&w=720&h=1280&sc_a=1.5&mcc=310&mnc=16&iso=US&cn=T-Mobile&ct=2&av=3.6&udid=ifa%3Ab2a4bb24-96c2-4808-8092-94b035a16c16&dnt=0&mr=1&android_perms_ext_storage=1
I/System.out(20053): body:<com.mopub.volley.toolbox.HurlStack: java.net.HttpURLConnection createConnection(java.net.URL)>	sig:$r2 = virtualinvoke $r1.<java.net.URL: java.net.URLConnection openConnection()>()	timediff:1
I/System.out(20053): body:<com.mopub.volley.toolbox.HurlStack: java.net.HttpURLConnection openConnection(java.net.URL,com.mopub.volley.Request)>	sig:virtualinvoke $r3.<java.net.HttpURLConnection: void setConnectTimeout(int)>($i0)	timediff:4
W/EGL_emulation(20053): eglSurfaceAttrib not implemented 3093 12436
D/UIKit   (20053): onResumeReally -- NOTIFYING APP WILL ENTER FOREGROUND/DID BECOME ACTIVE
D/UIApplication(20053): notifyAppWillEnterForeground
D/UIApplication(20053): notifyAppDidBecomeActive
I/System.out(20053): body:<com.mopub.volley.toolbox.HurlStack: java.net.HttpURLConnection openConnection(java.net.URL,com.mopub.volley.Request)>	sig:virtualinvoke $r3.<java.net.HttpURLConnection: void setReadTimeout(int)>($i0)	timediff:1
I/System.out(20053): body:<com.mopub.volley.toolbox.HurlStack: java.net.HttpURLConnection openConnection(java.net.URL,com.mopub.volley.Request)>	sig:virtualinvoke $r3.<java.net.HttpURLConnection: void setUseCaches(boolean)>(0)	timediff:6
I/System.out(20053): body:<com.mopub.volley.toolbox.HurlStack: java.net.HttpURLConnection openConnection(java.net.URL,com.mopub.volley.Request)>	sig:virtualinvoke $r3.<java.net.HttpURLConnection: void setDoInput(boolean)>(1)	timediff:0
I/System.out(20053): body:<com.mopub.volley.toolbox.HurlStack: java.net.HttpURLConnection openConnection(java.net.URL,com.mopub.volley.Request)>	sig:$r5 = virtualinvoke $r1.<java.net.URL: java.lang.String getProtocol()>()	timediff:0
W/InputMethodManagerService(  492): Window already focused, ignoring focus gain of: com.android.internal.view.IInputMethodClient$Stub$Proxy@4ab74ef4 attribute=null, token = android.os.BinderProxy@4a8edb9c
D/dalvikvm(20053): GC_FOR_ALLOC freed 285K, 13% free 4433K/5064K, paused 5ms, total 11ms
I/System.out(20053): body:<com.mopub.volley.toolbox.HurlStack: org.apache.http.HttpResponse performRequest(com.mopub.volley.Request,java.util.Map)>	sig:virtualinvoke $r15.<java.net.HttpURLConnection: void addRequestProperty(java.lang.String,java.lang.String)>($r11, $r9)	timediff:0
I/System.out(20053): body:<com.mopub.volley.toolbox.HurlStack: org.apache.http.HttpResponse performRequest(com.mopub.volley.Request,java.util.Map)>	sig:virtualinvoke $r15.<java.net.HttpURLConnection: void addRequestProperty(java.lang.String,java.lang.String)>($r11, $r9)	timediff:0
I/System.out(20053): body:<com.mopub.volley.toolbox.HurlStack: void setConnectionParametersForRequest(java.net.HttpURLConnection,com.mopub.volley.Request)>	sig:virtualinvoke $r0.<java.net.HttpURLConnection: void setRequestMethod(java.lang.String)>("GET")	timediff:0
D/org.cocos2dx.lib.Cocos2dxGLSurfaceView(20053): Cocos2dxGLSurfaceView onKeyDown
I/System.out(20053): body:<com.mopub.volley.toolbox.HurlStack: org.apache.http.HttpResponse performRequest(com.mopub.volley.Request,java.util.Map)>	sig:specialinvoke $r5.<java.net.URL: void <init>(java.lang.String)>($r9)	timediff:0
I/System.out(20053): <com.mopub.volley.toolbox.HurlStack: org.apache.http.HttpResponse performRequest(com.mopub.volley.Request,java.util.Map)>###specialinvoke $r5.<java.net.URL: void <init>(java.lang.String)>($r9)###http://ads.mopub.com/m/ad?v=6&id=cfbb1c329a8911e295fa123138070049&nv=4.11.0&dn=samsung%2CSM-G9350%2CSM-G9350&bundle=com.bigduckgames.flow&q=appName%3AFF_a%2CappVersion%3A3.6%2CappStore%3Agp&z=-0700&o=p&w=720&h=1280&sc_a=1.5&mcc=310&mnc=16&iso=US&cn=T-Mobile&ct=2&av=3.6&udid=ifa%3Ab2a4bb24-96c2-4808-8092-94b035a16c16&dnt=0&mr=1&android_perms_ext_storage=1
D/org.cocos2dx.lib.Cocos2dxGLSurfaceView(20053): Cocos2dxGLSurfaceView onKeyDown
D/org.cocos2dx.lib.Cocos2dxGLSurfaceView(20053): Cocos2dxGLSurfaceView onKeyDown
D/org.cocos2dx.lib.Cocos2dxGLSurfaceView(20053): Cocos2dxGLSurfaceView onKeyDown
D/org.cocos2dx.lib.Cocos2dxGLSurfaceView(20053): Cocos2dxGLSurfaceView onKeyDown
W/WindowManager(  492): updateFocusedWindowLocked, focusedAppToken is null.
W/ViewRootImpl(  576): Dropping event due to no window focus: KeyEvent { action=ACTION_DOWN, keyCode=KEYCODE_DPAD_CENTER, scanCode=0, metaState=0, flags=0x8, repeatCount=0, eventTime=3294277, downTime=3294277, deviceId=-1, source=0x101 }
D/org.cocos2dx.lib.Cocos2dxGLSurfaceView(20053): Cocos2dxGLSurfaceView onKeyDown
D/org.cocos2dx.lib.Cocos2dxGLSurfaceView(20053): Cocos2dxGLSurfaceView onKeyDown
D/org.cocos2dx.lib.Cocos2dxGLSurfaceView(20053): Cocos2dxGLSurfaceView onKeyDown
D/org.cocos2dx.lib.Cocos2dxGLSurfaceView(20053): Cocos2dxGLSurfaceView onKeyDown
D/org.cocos2dx.lib.Cocos2dxGLSurfaceView(20053): Cocos2dxGLSurfaceView onKeyDown
W/InputMethodManagerService(  492): Starting input on non-focused client com.android.internal.view.IInputMethodClient$Stub$Proxy@4ae76028 (uid=10097 pid=20053)
W/ViewRootImpl(  576): Dropping event due to no window focus: KeyEvent { action=ACTION_DOWN, keyCode=KEYCODE_PLUS, scanCode=0, metaState=0, flags=0x8, repeatCount=0, eventTime=3294289, downTime=3294289, deviceId=-1, source=0x101 }
W/ContextImpl(  492): Calling a method in the system process without a qualified user: android.app.ContextImpl.sendBroadcast:1123 com.android.server.InputMethodManagerService.hideCurrentInputLocked:1880 com.android.server.InputMethodManagerService.windowGainedFocus:1968 com.android.internal.view.IInputMethodManager$Stub.onTransact:221 com.android.server.InputMethodManagerService.onTransact:818 
I/System.out(20053): body:<com.mopub.volley.toolbox.HurlStack: java.net.HttpURLConnection createConnection(java.net.URL)>	sig:$r2 = virtualinvoke $r1.<java.net.URL: java.net.URLConnection openConnection()>()	timediff:98
W/InputMethodManagerService(  492): Starting input on non-focused client com.android.internal.view.IInputMethodClient$Stub$Proxy@4ae76028 (uid=10097 pid=20053)
I/System.out(20053): body:<com.mopub.volley.toolbox.HurlStack: java.net.HttpURLConnection openConnection(java.net.URL,com.mopub.volley.Request)>	sig:virtualinvoke $r3.<java.net.HttpURLConnection: void setConnectTimeout(int)>($i0)	timediff:0
I/qtaguid (20053): Tagging socket 88 with tag 469abf7000000000(1184546672) for uid -1 failed errno=-13
I/NetworkManagementSocketTagger(20053): tagSocketFd(88, 1184546672, -1) failed with errno-13
I/System.out(20053): body:<com.mopub.volley.toolbox.HurlStack: java.net.HttpURLConnection openConnection(java.net.URL,com.mopub.volley.Request)>	sig:virtualinvoke $r3.<java.net.HttpURLConnection: void setReadTimeout(int)>($i0)	timediff:0
I/System.out(20053): body:<com.mopub.volley.toolbox.HurlStack: java.net.HttpURLConnection openConnection(java.net.URL,com.mopub.volley.Request)>	sig:virtualinvoke $r3.<java.net.HttpURLConnection: void setUseCaches(boolean)>(0)	timediff:0
I/System.out(20053): body:<com.mopub.volley.toolbox.HurlStack: java.net.HttpURLConnection openConnection(java.net.URL,com.mopub.volley.Request)>	sig:virtualinvoke $r3.<java.net.HttpURLConnection: void setDoInput(boolean)>(1)	timediff:0
W/InputEventReceiver(  576): Attempted to finish an input event but the input event receiver has already been disposed.
W/InputEventReceiver(  576): Attempted to finish an input event but the input event receiver has already been disposed.
W/InputEventReceiver(  576): Attempted to finish an input event but the input event receiver has already been disposed.
W/InputEventReceiver(  576): Attempted to finish an input event but the input event receiver has already been disposed.
W/InputEventReceiver(  576): Attempted to finish an input event but the input event receiver has already been disposed.
W/InputEventReceiver(  576): Attempted to finish an input event but the input event receiver has already been disposed.
W/InputEventReceiver(  576): Attempted to finish an input event but the input event receiver has already been disposed.
W/InputEventReceiver(  576): Attempted to finish an input event but the input event receiver has already been disposed.
W/ContextImpl(  492): Calling a method in the system process without a qualified user: android.app.ContextImpl.sendBroadcast:1123 com.android.server.InputMethodManagerService.hideCurrentInputLocked:1880 com.android.server.InputMethodManagerService.windowGainedFocus:1968 com.android.internal.view.IInputMethodManager$Stub.onTransact:221 com.android.server.InputMethodManagerService.onTransact:818 
W/ViewRootImpl(  576): Dropping event due to root view being removed: MotionEvent { action=ACTION_UP, id[0]=0, x[0]=678.27576, y[0]=399.20685, toolType[0]=TOOL_TYPE_UNKNOWN, buttonState=0, metaState=0, flags=0x0, edgeFlags=0x0, pointerCount=1, historySize=0, eventTime=3294339, downTime=3294338, deviceId=0, source=0x1002 }
W/ViewRootImpl(  576): Dropping event due to root view being removed: MotionEvent { action=ACTION_DOWN, id[0]=0, x[0]=217.0, y[0]=-356.0, toolType[0]=TOOL_TYPE_UNKNOWN, buttonState=0, metaState=0, flags=0x0, edgeFlags=0x0, pointerCount=1, historySize=0, eventTime=3294350, downTime=3294350, deviceId=0, source=0x1002 }
W/ViewRootImpl(  576): Dropping event due to root view being removed: MotionEvent { action=ACTION_UP, id[0]=0, x[0]=217.00511, y[0]=-356.27087, toolType[0]=TOOL_TYPE_UNKNOWN, buttonState=0, metaState=0, flags=0x0, edgeFlags=0x0, pointerCount=1, historySize=0, eventTime=3294351, downTime=3294350, deviceId=0, source=0x1002 }
W/ViewRootImpl(  576): Dropping event due to root view being removed: MotionEvent { action=ACTION_DOWN, id[0]=0, x[0]=353.0, y[0]=-510.0, toolType[0]=TOOL_TYPE_UNKNOWN, buttonState=0, metaState=0, flags=0x0, edgeFlags=0x0, pointerCount=1, historySize=0, eventTime=3294355, downTime=3294355, deviceId=0, source=0x1002 }
W/ViewRootImpl(  576): Dropping event due to root view being removed: MotionEvent { action=ACTION_UP, id[0]=0, x[0]=352.22577, y[0]=-510.01465, toolType[0]=TOOL_TYPE_UNKNOWN, buttonState=0, metaState=0, flags=0x0, edgeFlags=0x0, pointerCount=1, historySize=0, eventTime=3294357, downTime=3294355, deviceId=0, source=0x1002 }
W/ViewRootImpl(  576): Dropping event due to root view being removed: MotionEvent { action=ACTION_MOVE, id[0]=0, x[0]=-5.0, y[0]=3.0, toolType[0]=TOOL_TYPE_UNKNOWN, buttonState=0, metaState=0, flags=0x0, edgeFlags=0x0, pointerCount=1, historySize=9, eventTime=3294348, downTime=-1, deviceId=0, source=0x10004 }
W/ViewRootImpl(  576): Dropping event due to root view being removed: KeyEvent { action=ACTION_UP, keyCode=KEYCODE_DPAD_DOWN, scanCode=0, metaState=0, flags=0x8, repeatCount=0, eventTime=3294332, downTime=3294332, deviceId=-1, source=0x101 }
I/System.out(20053): body:<com.mopub.volley.toolbox.HurlStack: java.net.HttpURLConnection openConnection(java.net.URL,com.mopub.volley.Request)>	sig:$r5 = virtualinvoke $r1.<java.net.URL: java.lang.String getProtocol()>()	timediff:0
D/org.cocos2dx.lib.Cocos2dxGLSurfaceView(20053): Cocos2dxGLSurfaceView onKeyDown
D/org.cocos2dx.lib.Cocos2dxGLSurfaceView(20053): Cocos2dxGLSurfaceView onKeyDown
D/org.cocos2dx.lib.Cocos2dxGLSurfaceView(20053): Cocos2dxGLSurfaceView onKeyDown
D/org.cocos2dx.lib.Cocos2dxGLSurfaceView(20053): Cocos2dxGLSurfaceView onKeyDown
D/org.cocos2dx.lib.Cocos2dxGLSurfaceView(20053): Cocos2dxGLSurfaceView onKeyDown
D/dalvikvm(20053): GC_FOR_ALLOC freed 317K, 14% free 4393K/5064K, paused 7ms, total 8ms
D/org.cocos2dx.lib.Cocos2dxGLSurfaceView(20053): Cocos2dxGLSurfaceView onKeyDown
D/org.cocos2dx.lib.Cocos2dxGLSurfaceView(20053): Cocos2dxGLSurfaceView onKeyDown
D/org.cocos2dx.lib.Cocos2dxGLSurfaceView(20053): Cocos2dxGLSurfaceView onKeyDown
D/org.cocos2dx.lib.Cocos2dxGLSurfaceView(20053): Cocos2dxGLSurfaceView onKeyDown
I/System.out(20053): body:<com.mopub.volley.toolbox.HurlStack: org.apache.http.HttpResponse performRequest(com.mopub.volley.Request,java.util.Map)>	sig:virtualinvoke $r15.<java.net.HttpURLConnection: void addRequestProperty(java.lang.String,java.lang.String)>($r11, $r9)	timediff:0
I/ActivityManager(  492): START u0 {act=android.intent.action.MAIN cat=[android.intent.category.LAUNCHER] flg=0x10200000 cmp=com.bigduckgames.flow/.flow} from pid 20043
I/System.out(20053): body:<com.mopub.volley.toolbox.HurlStack: org.apache.http.HttpResponse performRequest(com.mopub.volley.Request,java.util.Map)>	sig:virtualinvoke $r15.<java.net.HttpURLConnection: void addRequestProperty(java.lang.String,java.lang.String)>($r11, $r9)	timediff:0
D/UIKit   (20053): UIKit Pause
D/UIKit   (20053): onPauseReally -- NOTIFYING APP WILL RESIGN ACTIVE/DID ENTER BACKGROUND
D/UIKit   (20053): onPause - currentAppState = STATE_BACKGROUND_FOCUSED
I/qtaguid (20053): Tagging socket 83 with tag 469abf7000000000(1184546672) for uid -1 failed errno=-13
I/NetworkManagementSocketTagger(20053): tagSocketFd(83, 1184546672, -1) failed with errno-13
I/qtaguid (20053): Untagging socket 83 failed errno=-13
W/NetworkManagementSocketTagger(20053): untagSocket(83) failed with errno -13
I/qtaguid (20053): Tagging socket 83 with tag 469abf7000000000(1184546672) for uid -1 failed errno=-13
I/NetworkManagementSocketTagger(20053): tagSocketFd(83, 1184546672, -1) failed with errno-13
I/qtaguid (20053): Untagging socket 83 failed errno=-13
W/NetworkManagementSocketTagger(20053): untagSocket(83) failed with errno -13
I/System.out(20053): body:<com.mopub.volley.toolbox.HurlStack: void setConnectionParametersForRequest(java.net.HttpURLConnection,com.mopub.volley.Request)>	sig:virtualinvoke $r0.<java.net.HttpURLConnection: void setRequestMethod(java.lang.String)>("GET")	timediff:0
I/qtaguid (20053): Tagging socket 95 with tag 469abf7000000000(1184546672) for uid -1 failed errno=-13
I/NetworkManagementSocketTagger(20053): tagSocketFd(95, 1184546672, -1) failed with errno-13
I/qtaguid (20053): Tagging socket 83 with tag 469abf7000000000(1184546672) for uid -1 failed errno=-13
I/NetworkManagementSocketTagger(20053): tagSocketFd(83, 1184546672, -1) failed with errno-13
I/qtaguid (20053): Untagging socket 83 failed errno=-13
W/NetworkManagementSocketTagger(20053): untagSocket(83) failed with errno -13
I/qtaguid (20053): Tagging socket 83 with tag 469abf7000000000(1184546672) for uid -1 failed errno=-13
I/NetworkManagementSocketTagger(20053): tagSocketFd(83, 1184546672, -1) failed with errno-13
I/qtaguid (20053): Untagging socket 83 failed errno=-13
W/NetworkManagementSocketTagger(20053): untagSocket(83) failed with errno -13
I/qtaguid (20053): Tagging socket 83 with tag 469abf7000000000(1184546672) for uid -1 failed errno=-13
I/NetworkManagementSocketTagger(20053): tagSocketFd(83, 1184546672, -1) failed with errno-13
I/qtaguid (20053): Untagging socket 83 failed errno=-13
D/dalvikvm(20053): GC_FOR_ALLOC freed 334K, 14% free 4403K/5064K, paused 10ms, total 10ms
W/NetworkManagementSocketTagger(20053): untagSocket(83) failed with errno -13
I/qtaguid (20053): Tagging socket 83 with tag 469abf7000000000(1184546672) for uid -1 failed errno=-13
I/NetworkManagementSocketTagger(20053): tagSocketFd(83, 1184546672, -1) failed with errno-13
I/qtaguid (20053): Untagging socket 83 failed errno=-13
I/qtaguid (20053): Tagging socket 93 with tag 469abf7000000000(1184546672) for uid -1 failed errno=-13
I/NetworkManagementSocketTagger(20053): tagSocketFd(93, 1184546672, -1) failed with errno-13
I/qtaguid (20053): Untagging socket 93 failed errno=-13
W/NetworkManagementSocketTagger(20053): untagSocket(93) failed with errno -13
I/qtaguid (20053): Tagging socket 93 with tag 469abf7000000000(1184546672) for uid -1 failed errno=-13
I/NetworkManagementSocketTagger(20053): tagSocketFd(93, 1184546672, -1) failed with errno-13
I/qtaguid (20053): Untagging socket 93 failed errno=-13
W/NetworkManagementSocketTagger(20053): untagSocket(83) failed with errno -13
D/UIKit   (20053): Focus change: LOST FOCUS
D/UIKit   (20053): onWindowFocusChanged - currentAppState = STATE_BACKGROUND_NOT_FOCUSED
D/UIKit   (20053): Focus change: HAS FOCUS
D/UIKit   (20053): onWindowFocusChanged - currentAppState = STATE_BACKGROUND_FOCUSED
W/NetworkManagementSocketTagger(20053): untagSocket(93) failed with errno -13
I/qtaguid (20053): Tagging socket 83 with tag 469abf7000000000(1184546672) for uid -1 failed errno=-13
I/NetworkManagementSocketTagger(20053): tagSocketFd(83, 1184546672, -1) failed with errno-13
I/qtaguid (20053): Untagging socket 83 failed errno=-13
W/NetworkManagementSocketTagger(20053): untagSocket(83) failed with errno -13
I/qtaguid (20053): Tagging socket 83 with tag 469abf7000000000(1184546672) for uid -1 failed errno=-13
I/NetworkManagementSocketTagger(20053): tagSocketFd(83, 1184546672, -1) failed with errno-13
I/qtaguid (20053): Untagging socket 83 failed errno=-13
W/NetworkManagementSocketTagger(20053): untagSocket(83) failed with errno -13
I/qtaguid (20053): Tagging socket 83 with tag 469abf7000000000(1184546672) for uid -1 failed errno=-13
I/NetworkManagementSocketTagger(20053): tagSocketFd(83, 1184546672, -1) failed with errno-13
I/qtaguid (20053): Untagging socket 83 failed errno=-13
W/NetworkManagementSocketTagger(20053): untagSocket(83) failed with errno -13
I/qtaguid (20053): Tagging socket 83 with tag 469abf7000000000(1184546672) for uid -1 failed errno=-13
I/NetworkManagementSocketTagger(20053): tagSocketFd(83, 1184546672, -1) failed with errno-13
I/qtaguid (20053): Untagging socket 83 failed errno=-13
W/NetworkManagementSocketTagger(20053): untagSocket(83) failed with errno -13
I/System.out(20053): body:<com.mopub.volley.toolbox.HurlStack: org.apache.http.HttpResponse performRequest(com.mopub.volley.Request,java.util.Map)>	sig:$i0 = virtualinvoke $r15.<java.net.HttpURLConnection: int getResponseCode()>()	timediff:376
I/System.out(20053): body:<com.mopub.volley.toolbox.HurlStack: org.apache.http.HttpResponse performRequest(com.mopub.volley.Request,java.util.Map)>	sig:$i0 = virtualinvoke $r15.<java.net.HttpURLConnection: int getResponseCode()>()	timediff:0
I/System.out(20053): body:<com.mopub.volley.toolbox.HurlStack: org.apache.http.HttpResponse performRequest(com.mopub.volley.Request,java.util.Map)>	sig:$r11 = virtualinvoke $r15.<java.net.HttpURLConnection: java.lang.String getResponseMessage()>()	timediff:0
I/System.out(20053): body:<com.mopub.volley.toolbox.HurlStack: org.apache.http.HttpEntity entityFromConnection(java.net.HttpURLConnection)>	sig:$r2 = virtualinvoke $r0.<java.net.HttpURLConnection: java.io.InputStream getInputStream()>()	timediff:0
I/System.out(20053): body:<empirical.HelperClass: void printURLInfo(java.lang.String,java.lang.String,java.net.URLConnection)>	sig:$r0 = virtualinvoke urlConnection.<java.net.URLConnection: java.net.URL getURL()>()	timediff:0
I/System.out(20053): body:<empirical.HelperClass: void printURLInfo(java.lang.String,java.lang.String,java.net.URLConnection)>	sig:urlString = virtualinvoke $r0.<java.net.URL: java.lang.String toString()>()	timediff:0
I/System.out(20053): body:<empirical.HelperClass: void printURLInfo(java.lang.String,java.lang.String,java.net.URLConnection)>	sig:isDoOutput = virtualinvoke urlConnection.<java.net.URLConnection: boolean getDoOutput()>()	timediff:0
I/System.out(20053): body:<empirical.HelperClass: java.lang.String getHeaderField(java.net.URLConnection,java.lang.String)>	sig:data = virtualinvoke conn.<java.net.URLConnection: java.lang.String getHeaderField(java.lang.String)>(field)	timediff:0
I/System.out(20053): body:<empirical.HelperClass: java.lang.String getHeaderField(java.net.URLConnection,java.lang.String)>	sig:data = virtualinvoke conn.<java.net.URLConnection: java.lang.String getHeaderField(java.lang.String)>(field)	timediff:0
I/System.out(20053): body:<empirical.HelperClass: java.lang.String getHeaderField(java.net.URLConnection,java.lang.String)>	sig:data = virtualinvoke conn.<java.net.URLConnection: java.lang.String getHeaderField(java.lang.String)>(field)	timediff:2
I/System.out(20053): body:<empirical.HelperClass: java.lang.String getHeaderField(java.net.URLConnection,java.lang.String)>	sig:data = virtualinvoke conn.<java.net.URLConnection: java.lang.String getHeaderField(java.lang.String)>(field)	timediff:0
I/System.out(20053): body:<empirical.HelperClass: java.lang.String getHeaderField(java.net.URLConnection,java.lang.String)>	sig:data = virtualinvoke conn.<java.net.URLConnection: java.lang.String getHeaderField(java.lang.String)>(field)	timediff:0
I/System.out(20053): URLConn;%;2;%;<com.mopub.volley.toolbox.HurlStack: org.apache.http.HttpEntity entityFromConnection(java.net.HttpURLConnection)>;%;$r2 = virtualinvoke $r0.<java.net.HttpURLConnection: java.io.InputStream getInputStream()>();%;http://ads.mopub.com/m/ad?v=6&id=cfbb1c329a8911e295fa123138070049&nv=4.11.0&dn=samsung%2CSM-G9350%2CSM-G9350&bundle=com.bigduckgames.flow&q=appName%3AFF_a%2CappVersion%3A3.6%2CappStore%3Agp&z=-0700&o=p&w=720&h=1280&sc_a=1.5&mcc=310&mnc=16&iso=US&cn=T-Mobile&ct=2&av=3.6&udid=ifa%3Ab2a4bb24-96c2-4808-8092-94b035a16c16&dnt=0&mr=1&android_perms_ext_storage=1;%;false;%;Not found;%;Not found;%;Not found;%;Not found;%;Not found
I/System.out(20053): body:<com.mopub.volley.toolbox.HurlStack: org.apache.http.HttpEntity entityFromConnection(java.net.HttpURLConnection)>	sig:$i1 = virtualinvoke $r0.<java.net.HttpURLConnection: int getContentLength()>()	timediff:1
I/System.out(20053): body:<com.mopub.volley.toolbox.HurlStack: org.apache.http.HttpEntity entityFromConnection(java.net.HttpURLConnection)>	sig:$r4 = virtualinvoke $r0.<java.net.HttpURLConnection: java.lang.String getContentEncoding()>()	timediff:0
I/System.out(20053): body:<com.mopub.volley.toolbox.HurlStack: org.apache.http.HttpEntity entityFromConnection(java.net.HttpURLConnection)>	sig:$r4 = virtualinvoke $r0.<java.net.HttpURLConnection: java.lang.String getContentType()>()	timediff:0
I/System.out(20053): body:<com.mopub.volley.toolbox.HurlStack: org.apache.http.HttpResponse performRequest(com.mopub.volley.Request,java.util.Map)>	sig:$r12 = virtualinvoke $r15.<java.net.HttpURLConnection: java.util.Map getHeaderFields()>()	timediff:0
I/qtaguid (20053): Untagging socket 95 failed errno=-13
W/NetworkManagementSocketTagger(20053): untagSocket(95) failed with errno -13
I/System.out(20053): body:<com.mopub.volley.toolbox.HurlStack: org.apache.http.HttpResponse performRequest(com.mopub.volley.Request,java.util.Map)>	sig:$i0 = virtualinvoke $r15.<java.net.HttpURLConnection: int getResponseCode()>()	timediff:709
I/System.out(20053): body:<com.mopub.volley.toolbox.HurlStack: org.apache.http.HttpResponse performRequest(com.mopub.volley.Request,java.util.Map)>	sig:$i0 = virtualinvoke $r15.<java.net.HttpURLConnection: int getResponseCode()>()	timediff:0
I/System.out(20053): body:<com.mopub.volley.toolbox.HurlStack: org.apache.http.HttpResponse performRequest(com.mopub.volley.Request,java.util.Map)>	sig:$r11 = virtualinvoke $r15.<java.net.HttpURLConnection: java.lang.String getResponseMessage()>()	timediff:0
I/System.out(20053): body:<com.mopub.volley.toolbox.HurlStack: org.apache.http.HttpEntity entityFromConnection(java.net.HttpURLConnection)>	sig:$r2 = virtualinvoke $r0.<java.net.HttpURLConnection: java.io.InputStream getInputStream()>()	timediff:0
I/System.out(20053): body:<empirical.HelperClass: void printURLInfo(java.lang.String,java.lang.String,java.net.URLConnection)>	sig:$r0 = virtualinvoke urlConnection.<java.net.URLConnection: java.net.URL getURL()>()	timediff:0
I/System.out(20053): body:<empirical.HelperClass: void printURLInfo(java.lang.String,java.lang.String,java.net.URLConnection)>	sig:urlString = virtualinvoke $r0.<java.net.URL: java.lang.String toString()>()	timediff:0
I/System.out(20053): body:<empirical.HelperClass: void printURLInfo(java.lang.String,java.lang.String,java.net.URLConnection)>	sig:isDoOutput = virtualinvoke urlConnection.<java.net.URLConnection: boolean getDoOutput()>()	timediff:0
I/System.out(20053): body:<empirical.HelperClass: java.lang.String getHeaderField(java.net.URLConnection,java.lang.String)>	sig:data = virtualinvoke conn.<java.net.URLConnection: java.lang.String getHeaderField(java.lang.String)>(field)	timediff:0
I/System.out(20053): body:<empirical.HelperClass: java.lang.String getHeaderField(java.net.URLConnection,java.lang.String)>	sig:data = virtualinvoke conn.<java.net.URLConnection: java.lang.String getHeaderField(java.lang.String)>(field)	timediff:0
I/System.out(20053): body:<empirical.HelperClass: java.lang.String getHeaderField(java.net.URLConnection,java.lang.String)>	sig:data = virtualinvoke conn.<java.net.URLConnection: java.lang.String getHeaderField(java.lang.String)>(field)	timediff:0
I/System.out(20053): body:<empirical.HelperClass: java.lang.String getHeaderField(java.net.URLConnection,java.lang.String)>	sig:data = virtualinvoke conn.<java.net.URLConnection: java.lang.String getHeaderField(java.lang.String)>(field)	timediff:0
I/System.out(20053): body:<empirical.HelperClass: java.lang.String getHeaderField(java.net.URLConnection,java.lang.String)>	sig:data = virtualinvoke conn.<java.net.URLConnection: java.lang.String getHeaderField(java.lang.String)>(field)	timediff:0
I/System.out(20053): URLConn;%;3;%;<com.mopub.volley.toolbox.HurlStack: org.apache.http.HttpEntity entityFromConnection(java.net.HttpURLConnection)>;%;$r2 = virtualinvoke $r0.<java.net.HttpURLConnection: java.io.InputStream getInputStream()>();%;http://ads.mopub.com/m/ad?v=6&id=3f9b2a0a689348d191f21798a1076648&nv=4.11.0&dn=samsung%2CSM-G9350%2CSM-G9350&bundle=com.bigduckgames.flow&q=appName%3AFF_a%2CappVersion%3A3.6%2CappStore%3Agp&z=-0700&o=p&w=720&h=1280&sc_a=1.5&mcc=310&mnc=16&iso=US&cn=T-Mobile&ct=2&av=3.6&udid=ifa%3Ab2a4bb24-96c2-4808-8092-94b035a16c16&dnt=0&mr=1&android_perms_ext_storage=1;%;false;%;Not found;%;Not found;%;Not found;%;Not found;%;Not found
I/System.out(20053): body:<com.mopub.volley.toolbox.HurlStack: org.apache.http.HttpEntity entityFromConnection(java.net.HttpURLConnection)>	sig:$i1 = virtualinvoke $r0.<java.net.HttpURLConnection: int getContentLength()>()	timediff:0
I/System.out(20053): body:<com.mopub.volley.toolbox.HurlStack: org.apache.http.HttpEntity entityFromConnection(java.net.HttpURLConnection)>	sig:$r4 = virtualinvoke $r0.<java.net.HttpURLConnection: java.lang.String getContentEncoding()>()	timediff:1
I/System.out(20053): body:<com.mopub.volley.toolbox.HurlStack: org.apache.http.HttpEntity entityFromConnection(java.net.HttpURLConnection)>	sig:$r4 = virtualinvoke $r0.<java.net.HttpURLConnection: java.lang.String getContentType()>()	timediff:0
I/System.out(20053): body:<com.mopub.volley.toolbox.HurlStack: org.apache.http.HttpResponse performRequest(com.mopub.volley.Request,java.util.Map)>	sig:$r12 = virtualinvoke $r15.<java.net.HttpURLConnection: java.util.Map getHeaderFields()>()	timediff:0
I/qtaguid (20053): Untagging socket 88 failed errno=-13
W/NetworkManagementSocketTagger(20053): untagSocket(88) failed with errno -13
D/dalvikvm(20053): GC_CONCURRENT freed 393K, 13% free 4440K/5064K, paused 2ms+0ms, total 5ms
D/dalvikvm(20053): GC_FOR_ALLOC freed 270K, 13% free 4437K/5084K, paused 3ms, total 4ms
D/dalvikvm(20053): GC_FOR_ALLOC freed 262K, 13% free 4441K/5084K, paused 8ms, total 8ms
D/UIKit   (20053): Focus change: LOST FOCUS
D/UIKit   (20053): onWindowFocusChanged - currentAppState = STATE_BACKGROUND_NOT_FOCUSED
D/UIKit   (20053): Focus change: HAS FOCUS
D/UIKit   (20053): onWindowFocusChanged - currentAppState = STATE_BACKGROUND_FOCUSED
D/UIKit   (20053): Focus change: LOST FOCUS
D/UIKit   (20053): onWindowFocusChanged - currentAppState = STATE_BACKGROUND_NOT_FOCUSED
D/UIKit   (20053): Focus change: HAS FOCUS
D/UIKit   (20053): onWindowFocusChanged - currentAppState = STATE_BACKGROUND_FOCUSED
D/UIKit   (20053): UIKit Pause
D/UIKit   (20053): onPause - currentAppState = STATE_BACKGROUND_FOCUSED
V/flow    (20053): onPause
D/NewAdsSurface(20053): onPause
D/MoPub   (20053): Refresh disabled for ad unit (cfbb1c329a8911e295fa123138070049).
D/UIKit   (20053): UIKit Resume
D/UIKit   (20053): onResume - currentAppState = STATE_FOREGROUND_FOCUSED
I/PurchaseWrapperV3(20053): onResume
I/PurchaseWrapperV3(20053): restoreCompletedTransactions
I/PurchaseWrapperV3(20053): IabHelper not ready, processing current inventory for restore.
I/PurchaseWrapperV3(20053): processInventory
I/PurchaseWrapperV3(20053): Inventory not ready to be processed.
V/flow    (20053): onResume
D/NewAdsSurface(20053): onResume
D/MoPub   (20053): Refresh enabled for ad unit (cfbb1c329a8911e295fa123138070049).
D/MoPub   (20053): Loading url: http://ads.mopub.com/m/ad?v=6&id=cfbb1c329a8911e295fa123138070049&nv=4.11.0&dn=samsung%2CSM-G9350%2CSM-G9350&bundle=com.bigduckgames.flow&q=appName%3AFF_a%2CappVersion%3A3.6%2CappStore%3Agp&z=-0700&o=p&w=720&h=1280&sc_a=1.5&mcc=310&mnc=16&iso=US&cn=T-Mobile&ct=2&av=3.6&udid=mp_tmpl_advertising_id&dnt=mp_tmpl_do_not_track&mr=1&android_perms_ext_storage=1
D/UIApplication(20053): sendAppWillResignActive
D/UIApplication(20053): sendAppDidEnterBackground
I/Choreographer(20053): Skipped 56 frames!  The application may be doing too much work on its main thread.
D/MoPub   (20053): Loading custom event interstitial adapter.
D/MoPub   (20053): Attempting to invoke custom event: com.mopub.mraid.MraidInterstitial
V/noodle  (20053): onSurfaceChanged: 720:1280
D/UIApplication(20053): sendAppWillEnterForeground
D/UIApplication(20053): sendAppDidBecomeActive
D/org.cocos2dx.lib.Cocos2dxGLSurfaceView(20053): Cocos2dxGLSurfaceView onKeyDown
I/Popup   (20053): http://news.noodlecake.net/popups/?bundle_id=com.bigduckgames.flow&platform=android&version=3.6
I/System.out(20053): body:<com.noodlecake.noodlenews.Popup$2: void run()>	sig:specialinvoke $r3.<java.net.URI: void <init>(java.lang.String)>($r9)	timediff:0
W/EGL_emulation(20053): eglSurfaceAttrib not implemented 3093 12436
W/AwContents(20053): nativeOnDraw failed; clearing to background color.
I/System.out(20053): body:<com.mopub.volley.toolbox.HurlStack: org.apache.http.HttpResponse performRequest(com.mopub.volley.Request,java.util.Map)>	sig:specialinvoke $r5.<java.net.URL: void <init>(java.lang.String)>($r9)	timediff:30
I/System.out(20053): <com.mopub.volley.toolbox.HurlStack: org.apache.http.HttpResponse performRequest(com.mopub.volley.Request,java.util.Map)>###specialinvoke $r5.<java.net.URL: void <init>(java.lang.String)>($r9)###http://ads.mopub.com/m/ad?v=6&id=cfbb1c329a8911e295fa123138070049&nv=4.11.0&dn=samsung%2CSM-G9350%2CSM-G9350&bundle=com.bigduckgames.flow&q=appName%3AFF_a%2CappVersion%3A3.6%2CappStore%3Agp&z=-0700&o=p&w=720&h=1280&sc_a=1.5&mcc=310&mnc=16&iso=US&cn=T-Mobile&ct=2&av=3.6&udid=ifa%3Ab2a4bb24-96c2-4808-8092-94b035a16c16&dnt=0&mr=1&android_perms_ext_storage=1
D/org.cocos2dx.lib.Cocos2dxGLSurfaceView(20053): Cocos2dxGLSurfaceView onKeyDown
D/org.cocos2dx.lib.Cocos2dxGLSurfaceView(20053): Cocos2dxGLSurfaceView swallowed onKeyDown
D/org.cocos2dx.lib.Cocos2dxGLSurfaceView(20053): Cocos2dxGLSurfaceView onKeyDown
D/org.cocos2dx.lib.Cocos2dxGLSurfaceView(20053): Cocos2dxGLSurfaceView onKeyDown
I/System.out(20053): body:<com.mopub.volley.toolbox.HurlStack: java.net.HttpURLConnection createConnection(java.net.URL)>	sig:$r2 = virtualinvoke $r1.<java.net.URL: java.net.URLConnection openConnection()>()	timediff:19
D/org.cocos2dx.lib.Cocos2dxGLSurfaceView(20053): Cocos2dxGLSurfaceView onKeyDown
I/System.out(20053): body:<com.mopub.volley.toolbox.HurlStack: java.net.HttpURLConnection openConnection(java.net.URL,com.mopub.volley.Request)>	sig:virtualinvoke $r3.<java.net.HttpURLConnection: void setConnectTimeout(int)>($i0)	timediff:0
I/System.out(20053): body:<com.mopub.volley.toolbox.HurlStack: java.net.HttpURLConnection openConnection(java.net.URL,com.mopub.volley.Request)>	sig:virtualinvoke $r3.<java.net.HttpURLConnection: void setReadTimeout(int)>($i0)	timediff:0
D/org.cocos2dx.lib.Cocos2dxGLSurfaceView(20053): Cocos2dxGLSurfaceView onKeyDown
I/System.out(20053): body:<com.mopub.volley.toolbox.HurlStack: java.net.HttpURLConnection openConnection(java.net.URL,com.mopub.volley.Request)>	sig:virtualinvoke $r3.<java.net.HttpURLConnection: void setUseCaches(boolean)>(0)	timediff:0
D/org.cocos2dx.lib.Cocos2dxGLSurfaceView(20053): Cocos2dxGLSurfaceView onKeyDown
D/org.cocos2dx.lib.Cocos2dxGLSurfaceView(20053): Cocos2dxGLSurfaceView onKeyDown
D/org.cocos2dx.lib.Cocos2dxGLSurfaceView(20053): Cocos2dxGLSurfaceView onKeyDown
I/System.out(20053): body:<com.mopub.volley.toolbox.HurlStack: java.net.HttpURLConnection openConnection(java.net.URL,com.mopub.volley.Request)>	sig:virtualinvoke $r3.<java.net.HttpURLConnection: void setDoInput(boolean)>(1)	timediff:0
D/org.cocos2dx.lib.Cocos2dxGLSurfaceView(20053): Cocos2dxGLSurfaceView onKeyDown
D/org.cocos2dx.lib.Cocos2dxGLSurfaceView(20053): Cocos2dxGLSurfaceView onKeyDown
I/System.out(20053): body:<com.mopub.volley.toolbox.HurlStack: java.net.HttpURLConnection openConnection(java.net.URL,com.mopub.volley.Request)>	sig:$r5 = virtualinvoke $r1.<java.net.URL: java.lang.String getProtocol()>()	timediff:0
I/System.out(20053): body:<com.mopub.volley.toolbox.HurlStack: org.apache.http.HttpResponse performRequest(com.mopub.volley.Request,java.util.Map)>	sig:virtualinvoke $r15.<java.net.HttpURLConnection: void addRequestProperty(java.lang.String,java.lang.String)>($r11, $r9)	timediff:0
I/System.out(20053): body:<com.mopub.volley.toolbox.HurlStack: org.apache.http.HttpResponse performRequest(com.mopub.volley.Request,java.util.Map)>	sig:virtualinvoke $r15.<java.net.HttpURLConnection: void addRequestProperty(java.lang.String,java.lang.String)>($r11, $r9)	timediff:0
I/System.out(20053): body:<com.mopub.volley.toolbox.HurlStack: void setConnectionParametersForRequest(java.net.HttpURLConnection,com.mopub.volley.Request)>	sig:virtualinvoke $r0.<java.net.HttpURLConnection: void setRequestMethod(java.lang.String)>("GET")	timediff:0
I/qtaguid (20053): Tagging socket 95 with tag 469abf7000000000(1184546672) for uid -1 failed errno=-13
I/NetworkManagementSocketTagger(20053): tagSocketFd(95, 1184546672, -1) failed with errno-13
D/org.cocos2dx.lib.Cocos2dxGLSurfaceView(20053): Cocos2dxGLSurfaceView onKeyDown
D/org.cocos2dx.lib.Cocos2dxGLSurfaceView(20053): Cocos2dxGLSurfaceView onKeyDown
D/UIKit   (20053): onResumeReally -- NOTIFYING APP WILL ENTER FOREGROUND/DID BECOME ACTIVE
D/UIApplication(20053): notifyAppWillEnterForeground
D/UIApplication(20053): notifyAppDidBecomeActive
D/org.cocos2dx.lib.Cocos2dxGLSurfaceView(20053): Cocos2dxGLSurfaceView onKeyDown
D/org.cocos2dx.lib.Cocos2dxGLSurfaceView(20053): Cocos2dxGLSurfaceView onKeyDown
D/org.cocos2dx.lib.Cocos2dxGLSurfaceView(20053): Cocos2dxGLSurfaceView onKeyDown
I/ActivityManager(  492): START u0 {act=android.intent.action.MAIN cat=[android.intent.category.LAUNCHER] flg=0x10000000 sel={act=android.intent.action.MAIN cat=[android.intent.category.APP_CALCULATOR]}} from pid 492
D/org.cocos2dx.lib.Cocos2dxGLSurfaceView(20053): Cocos2dxGLSurfaceView onKeyDown
D/org.cocos2dx.lib.Cocos2dxGLSurfaceView(20053): Cocos2dxGLSurfaceView onKeyDown
D/org.cocos2dx.lib.Cocos2dxGLSurfaceView(20053): Cocos2dxGLSurfaceView onKeyDown
D/org.cocos2dx.lib.Cocos2dxGLSurfaceView(20053): Cocos2dxGLSurfaceView onKeyDown
D/org.cocos2dx.lib.Cocos2dxGLSurfaceView(20053): Cocos2dxGLSurfaceView onKeyDown
D/org.cocos2dx.lib.Cocos2dxGLSurfaceView(20053): Cocos2dxGLSurfaceView onKeyDown
D/org.cocos2dx.lib.Cocos2dxGLSurfaceView(20053): Cocos2dxGLSurfaceView onKeyDown
D/org.cocos2dx.lib.Cocos2dxGLSurfaceView(20053): Cocos2dxGLSurfaceView onKeyDown
W/ViewRootImpl(20053): Dropping event due to no window focus: KeyEvent { action=ACTION_DOWN, keyCode=KEYCODE_MENU, scanCode=0, metaState=0, flags=0x8, repeatCount=0, eventTime=3295659, downTime=3295659, deviceId=-1, source=0x101 }
W/ViewRootImpl(20053): Dropping event due to no window focus: KeyEvent { action=ACTION_DOWN, keyCode=KEYCODE_BACKSLASH, scanCode=0, metaState=0, flags=0x8, repeatCount=0, eventTime=3295663, downTime=3295663, deviceId=-1, source=0x101 }
W/EGL_emulation(20053): eglSurfaceAttrib not implemented 3093 12436
W/InputMethodManagerService(  492): Window already focused, ignoring focus gain of: com.android.internal.view.IInputMethodClient$Stub$Proxy@4aa498f8 attribute=null, token = android.os.BinderProxy@4a8edb9c
I/System.out(20053): body:<com.mopub.volley.toolbox.HurlStack: org.apache.http.HttpResponse performRequest(com.mopub.volley.Request,java.util.Map)>	sig:$i0 = virtualinvoke $r15.<java.net.HttpURLConnection: int getResponseCode()>()	timediff:166
I/System.out(20053): body:<com.mopub.volley.toolbox.HurlStack: org.apache.http.HttpResponse performRequest(com.mopub.volley.Request,java.util.Map)>	sig:$i0 = virtualinvoke $r15.<java.net.HttpURLConnection: int getResponseCode()>()	timediff:0
I/System.out(20053): body:<com.mopub.volley.toolbox.HurlStack: org.apache.http.HttpResponse performRequest(com.mopub.volley.Request,java.util.Map)>	sig:$r11 = virtualinvoke $r15.<java.net.HttpURLConnection: java.lang.String getResponseMessage()>()	timediff:0
I/System.out(20053): body:<com.mopub.volley.toolbox.HurlStack: org.apache.http.HttpEntity entityFromConnection(java.net.HttpURLConnection)>	sig:$r2 = virtualinvoke $r0.<java.net.HttpURLConnection: java.io.InputStream getInputStream()>()	timediff:0
I/System.out(20053): body:<empirical.HelperClass: void printURLInfo(java.lang.String,java.lang.String,java.net.URLConnection)>	sig:$r0 = virtualinvoke urlConnection.<java.net.URLConnection: java.net.URL getURL()>()	timediff:0
I/System.out(20053): body:<empirical.HelperClass: void printURLInfo(java.lang.String,java.lang.String,java.net.URLConnection)>	sig:urlString = virtualinvoke $r0.<java.net.URL: java.lang.String toString()>()	timediff:0
I/System.out(20053): body:<empirical.HelperClass: void printURLInfo(java.lang.String,java.lang.String,java.net.URLConnection)>	sig:isDoOutput = virtualinvoke urlConnection.<java.net.URLConnection: boolean getDoOutput()>()	timediff:0
I/System.out(20053): body:<empirical.HelperClass: java.lang.String getHeaderField(java.net.URLConnection,java.lang.String)>	sig:data = virtualinvoke conn.<java.net.URLConnection: java.lang.String getHeaderField(java.lang.String)>(field)	timediff:0
I/System.out(20053): body:<empirical.HelperClass: java.lang.String getHeaderField(java.net.URLConnection,java.lang.String)>	sig:data = virtualinvoke conn.<java.net.URLConnection: java.lang.String getHeaderField(java.lang.String)>(field)	timediff:0
I/System.out(20053): body:<empirical.HelperClass: java.lang.String getHeaderField(java.net.URLConnection,java.lang.String)>	sig:data = virtualinvoke conn.<java.net.URLConnection: java.lang.String getHeaderField(java.lang.String)>(field)	timediff:0
I/System.out(20053): body:<empirical.HelperClass: java.lang.String getHeaderField(java.net.URLConnection,java.lang.String)>	sig:data = virtualinvoke conn.<java.net.URLConnection: java.lang.String getHeaderField(java.lang.String)>(field)	timediff:0
I/System.out(20053): body:<empirical.HelperClass: java.lang.String getHeaderField(java.net.URLConnection,java.lang.String)>	sig:data = virtualinvoke conn.<java.net.URLConnection: java.lang.String getHeaderField(java.lang.String)>(field)	timediff:0
I/System.out(20053): URLConn;%;4;%;<com.mopub.volley.toolbox.HurlStack: org.apache.http.HttpEntity entityFromConnection(java.net.HttpURLConnection)>;%;$r2 = virtualinvoke $r0.<java.net.HttpURLConnection: java.io.InputStream getInputStream()>();%;http://ads.mopub.com/m/ad?v=6&id=cfbb1c329a8911e295fa123138070049&nv=4.11.0&dn=samsung%2CSM-G9350%2CSM-G9350&bundle=com.bigduckgames.flow&q=appName%3AFF_a%2CappVersion%3A3.6%2CappStore%3Agp&z=-0700&o=p&w=720&h=1280&sc_a=1.5&mcc=310&mnc=16&iso=US&cn=T-Mobile&ct=2&av=3.6&udid=ifa%3Ab2a4bb24-96c2-4808-8092-94b035a16c16&dnt=0&mr=1&android_perms_ext_storage=1;%;false;%;Not found;%;Not found;%;Not found;%;Not found;%;Not found
I/System.out(20053): body:<com.mopub.volley.toolbox.HurlStack: org.apache.http.HttpEntity entityFromConnection(java.net.HttpURLConnection)>	sig:$i1 = virtualinvoke $r0.<java.net.HttpURLConnection: int getContentLength()>()	timediff:0
I/System.out(20053): body:<com.mopub.volley.toolbox.HurlStack: org.apache.http.HttpEntity entityFromConnection(java.net.HttpURLConnection)>	sig:$r4 = virtualinvoke $r0.<java.net.HttpURLConnection: java.lang.String getContentEncoding()>()	timediff:0
I/System.out(20053): body:<com.mopub.volley.toolbox.HurlStack: org.apache.http.HttpEntity entityFromConnection(java.net.HttpURLConnection)>	sig:$r4 = virtualinvoke $r0.<java.net.HttpURLConnection: java.lang.String getContentType()>()	timediff:0
I/System.out(20053): body:<com.mopub.volley.toolbox.HurlStack: org.apache.http.HttpResponse performRequest(com.mopub.volley.Request,java.util.Map)>	sig:$r12 = virtualinvoke $r15.<java.net.HttpURLConnection: java.util.Map getHeaderFields()>()	timediff:1
I/qtaguid (20053): Untagging socket 95 failed errno=-13
W/NetworkManagementSocketTagger(20053): untagSocket(95) failed with errno -13
W/WindowManager(  492): updateFocusedWindowLocked, focusedAppToken is null.
W/EGL_emulation(20053): eglSurfaceAttrib not implemented 3093 12436
W/ContextImpl(  492): Calling a method in the system process without a qualified user: android.app.ContextImpl.sendBroadcast:1123 com.android.server.InputMethodManagerService.hideCurrentInputLocked:1880 com.android.server.InputMethodManagerService.windowGainedFocus:1968 com.android.internal.view.IInputMethodManager$Stub.onTransact:221 com.android.server.InputMethodManagerService.onTransact:818 
W/InputMethodManagerService(  492): Starting input on non-focused client com.android.internal.view.IInputMethodClient$Stub$Proxy@4ae76028 (uid=10097 pid=20053)
D/LockerService(19498): close reason:null
I/ActivityManager(  492): START u0 {act=android.intent.action.CALL_BUTTON flg=0x10000000} from pid 576
W/PhoneFallbackEventHandler(  576): No activity found for android.intent.action.CALL_BUTTON.
W/InputEventReceiver(  576): Attempted to finish an input event but the input event receiver has already been disposed.
W/InputEventReceiver(  576): Attempted to finish an input event but the input event receiver has already been disposed.
W/InputEventReceiver(  576): Attempted to finish an input event but the input event receiver has already been disposed.
W/InputEventReceiver(  576): Attempted to finish an input event but the input event receiver has already been disposed.
W/ViewRootImpl(  576): Dropping event due to root view being removed: MotionEvent { action=ACTION_UP, id[0]=0, x[0]=239.28317, y[0]=-150.41525, toolType[0]=TOOL_TYPE_UNKNOWN, buttonState=0, metaState=0, flags=0x0, edgeFlags=0x0, pointerCount=1, historySize=0, eventTime=3295831, downTime=3295830, deviceId=0, source=0x1002 }
W/ViewRootImpl(  576): Dropping event due to root view being removed: MotionEvent { action=ACTION_DOWN, id[0]=0, x[0]=39.0, y[0]=403.0, toolType[0]=TOOL_TYPE_UNKNOWN, buttonState=0, metaState=0, flags=0x0, edgeFlags=0x0, pointerCount=1, historySize=0, eventTime=3295831, downTime=3295831, deviceId=0, source=0x1002 }
W/ViewRootImpl(  576): Dropping event due to root view being removed: MotionEvent { action=ACTION_UP, id[0]=0, x[0]=44.65061, y[0]=406.153, toolType[0]=TOOL_TYPE_UNKNOWN, buttonState=0, metaState=0, flags=0x0, edgeFlags=0x0, pointerCount=1, historySize=0, eventTime=3295832, downTime=3295831, deviceId=0, source=0x1002 }
D/dalvikvm(20053): GC_CONCURRENT freed 378K, 10% free 4618K/5088K, paused 21ms+6ms, total 47ms
D/dalvikvm(20053): WAIT_FOR_CONCURRENT_GC blocked 10ms
W/InputEventReceiver(  576): Attempted to finish an input event but the input event receiver has already been disposed.
D/dalvikvm(20053): WAIT_FOR_CONCURRENT_GC blocked 13ms
W/ViewRootImpl(  576): Dropping event due to root view being removed: KeyEvent { action=ACTION_UP, keyCode=KEYCODE_NUMPAD_MULTIPLY, scanCode=0, metaState=0, flags=0x8, repeatCount=0, eventTime=3295829, downTime=3295829, deviceId=-1, source=0x101 }
W/EGL_emulation(20053): eglSurfaceAttrib not implemented 3093 12436
W/InputEventReceiver(20053): Attempted to finish an input event but the input event receiver has already been disposed.
W/InputEventReceiver(20053): Attempted to finish an input event but the input event receiver has already been disposed.
W/ViewRootImpl(20053): Dropping event due to root view being removed: MotionEvent { action=ACTION_MOVE, id[0]=0, x[0]=78.678474, y[0]=-308.5359, toolType[0]=TOOL_TYPE_UNKNOWN, buttonState=0, metaState=0, flags=0x0, edgeFlags=0x0, pointerCount=1, historySize=3, eventTime=3295897, downTime=3295892, deviceId=0, source=0x1002 }
W/ContextImpl(  492): Calling a method in the system process without a qualified user: android.app.ContextImpl.sendBroadcast:1123 com.android.server.InputMethodManagerService.hideCurrentInputLocked:1880 com.android.server.InputMethodManagerService.windowGainedFocus:1968 com.android.internal.view.IInputMethodManager$Stub.onTransact:221 com.android.server.InputMethodManagerService.onTransact:818 
D/MoPub   (20053): Loading custom event adapter.
D/MoPub   (20053): Attempting to invoke custom event: com.mopub.mobileads.GooglePlayServicesBanner
W/InputManager(  492): Input event injection from pid 20043 failed.
I/dalvikvm(20053): Could not find method android.content.pm.PackageManager.getPackageInstaller, referenced from method izp.a
W/dalvikvm(20053): VFY: unable to resolve virtual method 1801: Landroid/content/pm/PackageManager;.getPackageInstaller ()Landroid/content/pm/PackageInstaller;
D/dalvikvm(20053): VFY: replacing opcode 0x6e at 0x001c
I/dalvikvm(20053): Could not find method android.content.ContextWrapper.createCredentialProtectedStorageContext, referenced from method imo.createCredentialProtectedStorageContext
W/dalvikvm(20053): VFY: unable to resolve virtual method 1708: Landroid/content/ContextWrapper;.createCredentialProtectedStorageContext ()Landroid/content/Context;
D/dalvikvm(20053): VFY: replacing opcode 0x6f at 0x0002
I/dalvikvm(20053): Could not find method android.content.ContextWrapper.createDeviceProtectedStorageContext, referenced from method imo.createDeviceProtectedStorageContext
W/dalvikvm(20053): VFY: unable to resolve virtual method 1709: Landroid/content/ContextWrapper;.createDeviceProtectedStorageContext ()Landroid/content/Context;
D/dalvikvm(20053): VFY: replacing opcode 0x6f at 0x0002
I/dalvikvm(20053): Could not find method android.content.ContextWrapper.createCredentialProtectedStorageContext, referenced from method com.google.android.chimera.ModuleContext.createCredentialProtectedStorageContext
W/dalvikvm(20053): VFY: unable to resolve virtual method 1708: Landroid/content/ContextWrapper;.createCredentialProtectedStorageContext ()Landroid/content/Context;
D/dalvikvm(20053): VFY: replacing opcode 0x6f at 0x0002
I/dalvikvm(20053): Could not find method android.content.ContextWrapper.createDeviceProtectedStorageContext, referenced from method com.google.android.chimera.ModuleContext.createDeviceProtectedStorageContext
W/dalvikvm(20053): VFY: unable to resolve virtual method 1709: Landroid/content/ContextWrapper;.createDeviceProtectedStorageContext ()Landroid/content/Context;
D/dalvikvm(20053): VFY: replacing opcode 0x6f at 0x0002
I/dalvikvm(20053): Could not find method android.content.Context.isCredentialProtectedStorage, referenced from method cqq.a
W/dalvikvm(20053): VFY: unable to resolve virtual method 1688: Landroid/content/Context;.isCredentialProtectedStorage ()Z
D/dalvikvm(20053): VFY: replacing opcode 0x6e at 0x0000
I/dalvikvm(20053): Could not find method android.os.UserManager.isUserUnlocked, referenced from method cqq.a
W/dalvikvm(20053): VFY: unable to resolve virtual method 2311: Landroid/os/UserManager;.isUserUnlocked ()Z
D/dalvikvm(20053): VFY: replacing opcode 0x6e at 0x001a
I/dalvikvm(20053): Could not find method android.content.Context.isDeviceProtectedStorage, referenced from method cqq.b
W/dalvikvm(20053): VFY: unable to resolve virtual method 1689: Landroid/content/Context;.isDeviceProtectedStorage ()Z
D/dalvikvm(20053): VFY: replacing opcode 0x6e at 0x0000
I/dalvikvm(20053): Could not find method android.content.Context.isDeviceProtectedStorage, referenced from method cqq.c
