W/WindowManager(  476): 	at com.android.server.wm.WindowManagerService.windowForClientLocked(WindowManagerService.java:8096)
W/WindowManager(  476): 	at com.android.server.wm.WindowManagerService.windowForClientLocked(WindowManagerService.java:8087)
W/WindowManager(  476): 	at com.android.server.wm.WindowState$DeathRecipient.binderDied(WindowState.java:1051)
W/WindowManager(  476): 	at android.os.BinderProxy.sendDeathNotice(Binder.java:493)
W/WindowManager(  476): 	at dalvik.system.NativeStart.run(Native Method)
I/WindowState(  476): WIN DEATH: null
D/Zygote  (  166): Process 564 terminated by signal (6)
D/dalvikvm(31254): GC_CONCURRENT freed 401K, 12% free 4522K/5084K, paused 1ms+10ms, total 13ms
E/SurfaceFlinger(  165): glCheckFramebufferStatusOES error 36054
E/SurfaceFlinger(  165): got GL_FRAMEBUFFER_COMPLETE_OES error while taking screenshot
D/SurfaceFlinger(  165): setOrientation, mFbdev=0xb8259d80, mFbDev->setOrientation=0xb6993ce0, orientation=1
I/gralloc_nox(  165): setOrientation: orientation=1
I/InputReader(  476): Reconfiguring input devices.  changes=0x00000004
I/InputReader(  476): Device reconfigured: id=1, name='seamless mouse', size 720x1280, orientation 1, mode 1, display id 0
I/InputReader(  476): Device reconfigured: id=3, name='Android Input', size 720x1280, orientation 1, mode 1, display id 0
I/InputReader(  476): Reconfiguring input devices.  changes=0x00000004
I/InputReader(  476): Device reconfigured: id=8, name='VirtualBox USB Tablet', size 720x1280, orientation 1, mode 1, display id 0
I/ActivityManager(  476): START u0 {act=android.intent.action.MAIN cat=[android.intent.category.LAUNCHER] flg=0x10200000 cmp=com.supercell.clashroyale/.GameApp} from pid 32663
W/NetworkManagementSocketTagger(  476): setKernelCountSet(10073, 1) failed with errno -13
W/ActivityManager(  476): Force-killing crashed app com.supercell.clashroyale at watcher's request
W/ContextImpl(  476): Calling a method in the system process without a qualified user: android.app.ContextImpl.sendBroadcast:1123 com.android.server.am.ActivityManagerService.handleApplicationCrashInner:9642 com.android.server.am.NativeCrashListener$NativeCrashReporter.run:86 <bottom of call stack> <bottom of call stack> 
I/ActivityManager(  476): Config changes=480 {1.0 310mcc16mnc en_US ldltr sw480dp w853dp h454dp 240dpi lrg long land finger -keyb/v/h dpad/v s.64}
D/Tinker.DefaultAppLike(  675): onConfigurationChanged:{1.0 310mcc16mnc en_US ldltr sw480dp w853dp h454dp 240dpi lrg long land finger -keyb/v/h dpad/v s.64}
W/EGL_emulation(31254): eglSurfaceAttrib not implemented 3093 12436
D/PhoneStatusBar(  528): mSettingsPanelGravity = 55
W/EGL_emulation(  528): eglSurfaceAttrib not implemented 3093 12436
I/WindowManager(  476): Screen frozen for +154ms due to Window{4af759c0 u0 Starting com.supercell.clashroyale}
W/ActivityManager(  476): Activity pause timeout for ActivityRecord{4ad3d1c4 u0 com.supercell.clashofclans/.GameApp t209}
I/ActivityManager(  476): Start proc com.supercell.clashroyale for activity com.supercell.clashroyale/.GameApp: pid=620 uid=10074 gids={50074, 3003, 1028, 1015, 1023}
E/SurfaceFlinger(  165): glCheckFramebufferStatusOES error 36054
E/SurfaceFlinger(  165): got GL_FRAMEBUFFER_COMPLETE_OES error while taking screenshot
D/SurfaceFlinger(  165): setOrientation, mFbdev=0xb8259d80, mFbDev->setOrientation=0xb6993ce0, orientation=0
I/gralloc_nox(  165): setOrientation: orientation=0
I/InputReader(  476): Reconfiguring input devices.  changes=0x00000004
I/InputReader(  476): Device reconfigured: id=1, name='seamless mouse', size 720x1280, orientation 0, mode 1, display id 0
I/InputReader(  476): Device reconfigured: id=3, name='Android Input', size 720x1280, orientation 0, mode 1, display id 0
I/InputReader(  476): Device reconfigured: id=8, name='VirtualBox USB Tablet', size 720x1280, orientation 0, mode 1, display id 0
I/ActivityManager(  476): Config changes=480 {1.0 310mcc16mnc en_US ldltr sw480dp w480dp h828dp 240dpi lrg long port finger -keyb/v/h dpad/v s.65}
D/Tinker.DefaultAppLike(  675): onConfigurationChanged:{1.0 310mcc16mnc en_US ldltr sw480dp w480dp h828dp 240dpi lrg long port finger -keyb/v/h dpad/v s.65}
D/Sensors (  476): Client connection accepted (81)
D/PhoneStatusBar(  528): mSettingsPanelGravity = 55
W/EGL_emulation(  528): eglSurfaceAttrib not implemented 3093 12436
W/NetworkManagementSocketTagger(  476): setKernelCountSet(10074, 1) failed with errno -13
I/dalvikvm(  620): ignoring registerObject request in thread=1
I/dalvikvm(  620): ignoring registerObject request in thread=1
I/dalvikvm(  620): Could not find method android.app.Activity.onRequestPermissionsResult, referenced from method com.supercell.titan.GameApp.onRequestPermissionsResult
W/dalvikvm(  620): VFY: unable to resolve virtual method 91: Landroid/app/Activity;.onRequestPermissionsResult (I[Ljava/lang/String;[I)V
D/dalvikvm(  620): VFY: replacing opcode 0x6f at 0x0000
D/dalvikvm(  620): Trying to load lib /data/app-lib/com.supercell.clashroyale-1/libfmod.so 0x94fccdc8
D/dalvikvm(  620): Added shared lib /data/app-lib/com.supercell.clashroyale-1/libfmod.so 0x94fccdc8
D/dalvikvm(  620): Trying to load lib /data/app-lib/com.supercell.clashroyale-1/libg.so 0x94fccdc8
D/dalvikvm(  620): Added shared lib /data/app-lib/com.supercell.clashroyale-1/libg.so 0x94fccdc8
D/dalvikvm(  620): JIT code cache reset in 0 ms (0 bytes 1/0)
D/dalvikvm(  620): GC_CONCURRENT freed 235K, 10% free 2990K/3288K, paused 1ms+1ms, total 5ms
W/dalvikvm(  620): VFY: unable to find class referenced in signature (Lokhttp3/Request;)
W/dalvikvm(  620): VFY: unable to find class referenced in signature (Lokhttp3/Response;)
I/dalvikvm(  620): Could not find method okhttp3.Response.headers, referenced from method empirical.HelperClass.printOkHttpInfo
W/dalvikvm(  620): VFY: unable to resolve virtual method 43440: Lokhttp3/Response;.headers ()Lokhttp3/Headers;
D/dalvikvm(  620): VFY: replacing opcode 0x6e at 0x0006
W/dalvikvm(  620): VFY: unable to find class referenced in signature (Lokhttp3/Call;)
W/dalvikvm(  620): VFY: unable to find class referenced in signature (Lokhttp3/Response;)
I/dalvikvm(  620): Could not find method okhttp3.Call.request, referenced from method empirical.HelperClass.printOkHttpInfoFromCall
W/dalvikvm(  620): VFY: unable to resolve interface method 43434: Lokhttp3/Call;.request ()Lokhttp3/Request;
D/dalvikvm(  620): VFY: replacing opcode 0x72 at 0x0006
I/System.out(  620): body:<com.facebook.GraphRequest: java.net.HttpURLConnection toHttpConnection(com.facebook.GraphRequestBatch)>	sig:specialinvoke $r2.<java.net.URL: void <init>(java.lang.String)>($r3)	timediff:1
I/System.out(  620): <com.facebook.GraphRequest: java.net.HttpURLConnection toHttpConnection(com.facebook.GraphRequestBatch)>###specialinvoke $r2.<java.net.URL: void <init>(java.lang.String)>($r3)###https://graph.facebook.com/v2.5/1475268786112433?fields=supports_implicit_sdk_logging%2Cgdpv4_nux_content%2Cgdpv4_nux_enabled%2Candroid_dialog_configs%2Candroid_sdk_error_categories&format=json&sdk=android
I/System.out(  620): body:<com.facebook.GraphRequest: java.net.HttpURLConnection createConnection(java.net.URL)>	sig:$r1 = virtualinvoke $r0.<java.net.URL: java.net.URLConnection openConnection()>()	timediff:23
D/dalvikvm(  620): GC_CONCURRENT freed 240K, 10% free 3135K/3448K, paused 1ms+0ms, total 5ms
W/dalvikvm(  620): Unable to resolve superclass of Lcom/supercell/titan/x; (187)
W/dalvikvm(  620): Link of class 'Lcom/supercell/titan/x;' failed
E/dalvikvm(  620): Could not find class 'com.supercell.titan.x', referenced from method com.supercell.titan.GoogleServiceClient.showVideoRecordingControls
W/dalvikvm(  620): VFY: unable to resolve new-instance 6415 (Lcom/supercell/titan/x;) in Lcom/supercell/titan/GoogleServiceClient;
D/dalvikvm(  620): VFY: replacing opcode 0x22 at 0x0038
W/dalvikvm(  620): Unable to resolve superclass of Lcom/supercell/titan/x; (187)
W/dalvikvm(  620): Link of class 'Lcom/supercell/titan/x;' failed
D/dalvikvm(  620): DexOpt: unable to opt direct call 0xa53e at 0x3a in Lcom/supercell/titan/GoogleServiceClient;.showVideoRecordingControls
I/dalvikvm(  620): Could not find method android.content.pm.PackageManager.getPackageInstaller, referenced from method com.google.android.gms.common.r.a
W/dalvikvm(  620): VFY: unable to resolve virtual method 563: Landroid/content/pm/PackageManager;.getPackageInstaller ()Landroid/content/pm/PackageInstaller;
D/dalvikvm(  620): VFY: replacing opcode 0x6e at 0x000f
I/System.out(  620): body:<com.facebook.GraphRequest: java.net.HttpURLConnection createConnection(java.net.URL)>	sig:virtualinvoke $r2.<java.net.HttpURLConnection: void setRequestProperty(java.lang.String,java.lang.String)>("User-Agent", $r3)	timediff:0
I/System.out(  620): body:<com.facebook.GraphRequest: java.net.HttpURLConnection createConnection(java.net.URL)>	sig:virtualinvoke $r2.<java.net.HttpURLConnection: void setRequestProperty(java.lang.String,java.lang.String)>("Accept-Language", $r3)	timediff:0
I/System.out(  620): body:<com.facebook.GraphRequest: java.net.HttpURLConnection createConnection(java.net.URL)>	sig:virtualinvoke $r2.<java.net.HttpURLConnection: void setChunkedStreamingMode(int)>(0)	timediff:0
I/System.out(  620): body:<com.facebook.GraphRequest: void serializeToUrlConnection(com.facebook.GraphRequestBatch,java.net.HttpURLConnection)>	sig:virtualinvoke $r1.<java.net.HttpURLConnection: void setRequestMethod(java.lang.String)>($r6)	timediff:0
I/System.out(  620): body:<com.facebook.GraphRequest: void setConnectionContentType(java.net.HttpURLConnection,boolean)>	sig:virtualinvoke $r0.<java.net.HttpURLConnection: void setRequestProperty(java.lang.String,java.lang.String)>("Content-Type", "application/x-www-form-urlencoded")	timediff:0
I/System.out(  620): body:<com.facebook.GraphRequest: void setConnectionContentType(java.net.HttpURLConnection,boolean)>	sig:virtualinvoke $r0.<java.net.HttpURLConnection: void setRequestProperty(java.lang.String,java.lang.String)>("Content-Encoding", "gzip")	timediff:0
I/System.out(  620): body:<com.facebook.GraphRequest: void serializeToUrlConnection(com.facebook.GraphRequestBatch,java.net.HttpURLConnection)>	sig:$r7 = virtualinvoke $r1.<java.net.HttpURLConnection: java.net.URL getURL()>()	timediff:0
I/System.out(  620): body:<com.facebook.GraphRequest: void serializeToUrlConnection(com.facebook.GraphRequestBatch,java.net.HttpURLConnection)>	sig:$r6 = virtualinvoke $r1.<java.net.HttpURLConnection: java.lang.String getRequestMethod()>()	timediff:0
I/System.out(  620): body:<com.facebook.GraphRequest: void serializeToUrlConnection(com.facebook.GraphRequestBatch,java.net.HttpURLConnection)>	sig:$r6 = virtualinvoke $r1.<java.net.HttpURLConnection: java.lang.String getRequestProperty(java.lang.String)>("User-Agent")	timediff:0
I/System.out(  620): body:<com.facebook.GraphRequest: void serializeToUrlConnection(com.facebook.GraphRequestBatch,java.net.HttpURLConnection)>	sig:$r6 = virtualinvoke $r1.<java.net.HttpURLConnection: java.lang.String getRequestProperty(java.lang.String)>("Content-Type")	timediff:0
I/System.out(  620): body:<com.facebook.GraphRequest: void serializeToUrlConnection(com.facebook.GraphRequestBatch,java.net.HttpURLConnection)>	sig:virtualinvoke $r1.<java.net.HttpURLConnection: void setConnectTimeout(int)>($i2)	timediff:0
I/System.out(  620): body:<com.facebook.GraphRequest: void serializeToUrlConnection(com.facebook.GraphRequestBatch,java.net.HttpURLConnection)>	sig:virtualinvoke $r1.<java.net.HttpURLConnection: void setReadTimeout(int)>($i2)	timediff:0
W/Finsky  (29005): [18158] com.google.android.finsky.application.impl.a.dw(1487): No account configured on this device.
W/Finsky  (29005): [18158] com.google.android.finsky.billing.iab.ab.b(48): com.supercell.clashroyale: No account found.
W/Finsky  (29005): [18198] com.google.android.finsky.application.impl.a.dw(1487): No account configured on this device.
W/Finsky  (29005): [18198] com.google.android.finsky.billing.iab.ab.b(48): com.supercell.clashroyale: No account found.
D/dalvikvm(  620): GC_CONCURRENT freed 238K, 9% free 3281K/3584K, paused 4ms+1ms, total 10ms
D/libEGL  (  620): loaded /system/lib/egl/libEGL_adreno.so
D/        (  620): HostConnection::get() New Host Connection established 0xb8cd00b0, tid 620
D/libEGL  (  620): loaded /system/lib/egl/libGLESv1_CM_adreno.so
D/libEGL  (  620): loaded /system/lib/egl/libGLESv2_adreno.so
I/System.out(  620): body:<com.facebook.GraphResponse: java.util.List fromHttpConnection(java.net.HttpURLConnection,com.facebook.GraphRequestBatch)>	sig:$i0 = virtualinvoke $r0.<java.net.HttpURLConnection: int getResponseCode()>()	timediff:227
I/System.out(  620): body:<com.facebook.GraphResponse: java.util.List fromHttpConnection(java.net.HttpURLConnection,com.facebook.GraphRequestBatch)>	sig:$r3 = virtualinvoke $r0.<java.net.HttpURLConnection: java.io.InputStream getInputStream()>()	timediff:0
I/System.out(  620): body:<empirical.HelperClass: void printURLInfo(java.lang.String,java.lang.String,java.net.URLConnection)>	sig:$r0 = virtualinvoke urlConnection.<java.net.URLConnection: java.net.URL getURL()>()	timediff:0
I/System.out(  620): body:<empirical.HelperClass: void printURLInfo(java.lang.String,java.lang.String,java.net.URLConnection)>	sig:urlString = virtualinvoke $r0.<java.net.URL: java.lang.String toString()>()	timediff:0
I/System.out(  620): body:<empirical.HelperClass: void printURLInfo(java.lang.String,java.lang.String,java.net.URLConnection)>	sig:isDoOutput = virtualinvoke urlConnection.<java.net.URLConnection: boolean getDoOutput()>()	timediff:0
I/System.out(  620): body:<empirical.HelperClass: java.lang.String getHeaderField(java.net.URLConnection,java.lang.String)>	sig:data = virtualinvoke conn.<java.net.URLConnection: java.lang.String getHeaderField(java.lang.String)>(field)	timediff:0
I/System.out(  620): body:<empirical.HelperClass: java.lang.String getHeaderField(java.net.URLConnection,java.lang.String)>	sig:data = virtualinvoke conn.<java.net.URLConnection: java.lang.String getHeaderField(java.lang.String)>(field)	timediff:0
I/System.out(  620): body:<empirical.HelperClass: java.lang.String getHeaderField(java.net.URLConnection,java.lang.String)>	sig:data = virtualinvoke conn.<java.net.URLConnection: java.lang.String getHeaderField(java.lang.String)>(field)	timediff:0
I/System.out(  620): body:<empirical.HelperClass: java.lang.String getHeaderField(java.net.URLConnection,java.lang.String)>	sig:data = virtualinvoke conn.<java.net.URLConnection: java.lang.String getHeaderField(java.lang.String)>(field)	timediff:0
I/System.out(  620): body:<empirical.HelperClass: java.lang.String getHeaderField(java.net.URLConnection,java.lang.String)>	sig:data = virtualinvoke conn.<java.net.URLConnection: java.lang.String getHeaderField(java.lang.String)>(field)	timediff:1
I/System.out(  620): URLConn;%;0;%;<com.facebook.GraphResponse: java.util.List fromHttpConnection(java.net.HttpURLConnection,com.facebook.GraphRequestBatch)>;%;$r3 = virtualinvoke $r0.<java.net.HttpURLConnection: java.io.InputStream getInputStream()>();%;https://graph.facebook.com/v2.5/1475268786112433?fields=supports_implicit_sdk_logging%2Cgdpv4_nux_content%2Cgdpv4_nux_enabled%2Candroid_dialog_configs%2Candroid_sdk_error_categories&format=json&sdk=android;%;false;%;Not found;%;private, no-cache, no-store, must-revalidate;%;Sat, 01 Jan 2000 00:00:00 GMT;%;Not found;%;Not found
I/System.out(  620): body:<com.facebook.GraphResponse: java.util.List createResponsesFromObject(java.net.HttpURLConnection,java.util.List,java.lang.Object)>	sig:$i2 = virtualinvoke $r0.<java.net.HttpURLConnection: int getResponseCode()>()	timediff:0
I/System.out(  620): body:<com.facebook.internal.Utility: void disconnectQuietly(java.net.URLConnection)>	sig:virtualinvoke $r1.<java.net.HttpURLConnection: void disconnect()>()	timediff:1
I/System.out(  620): body:<com.facebook.internal.Utility: void disconnectQuietly(java.net.URLConnection)>	sig:virtualinvoke $r1.<java.net.HttpURLConnection: void disconnect()>()	timediff:0
W/EGL_emulation(  620): eglSurfaceAttrib not implemented 3093 12436
D/OpenGLRenderer(  620): Enabling debug mode 0
D/        (  620): HostConnection::get() New Host Connection established 0xb8cf53e0, tid 666
W/InputMethodManagerService(  476): Got RemoteException sending setActive(false) notification to pid 564 uid 10074
W/Binder  (  635): Caught a RuntimeException from the binder stub implementation.
W/Binder  (  635): java.lang.NullPointerException
W/Binder  (  635): 	at android.inputmethodservice.IInputMethodWrapper.setSessionEnabled(IInputMethodWrapper.java:280)
W/Binder  (  635): 	at com.android.internal.view.IInputMethod$Stub.onTransact(IInputMethod.java:129)
W/Binder  (  635): 	at android.os.Binder.execTransact(Binder.java:404)
W/Binder  (  635): 	at dalvik.system.NativeStart.run(Native Method)
I/ActivityManager(  476): Displayed com.supercell.clashroyale/.GameApp: +981ms
I/WindowManager(  476): Screen frozen for +954ms due to Window{4b5ace6c u0 com.supercell.clashroyale/com.supercell.clashroyale.GameApp}
W/GamesServiceBroker(  709): Client connected with SDK 8487000, Services 11951070, and Games 54390070
E/BoundService(  709): No such BoundService for action: com.google.android.gms.games.service.START
E/BoundService(  709): No such BoundService for action: com.google.android.gms.games.service.START
W/GamesServiceBroker(  709): Client connected with SDK 12171000, Services 11951070, and Games 54390070
D/dalvikvm(  709): GC_EXPLICIT freed 1621K, 21% free 9732K/12176K, paused 2ms+2ms, total 62ms
E/BoundService(  709): No such BoundService for action: com.google.android.gms.games.service.START
W/GamesServiceBroker(  709): Client connected with SDK 12171000, Services 11951070, and Games 54390070
E/BoundService(  709): No such BoundService for action: com.google.android.gms.games.service.START
W/GamesServiceBroker(  709): Client connected with SDK 12171000, Services 11951070, and Games 54390070
I/ActivityManager(  476): START u0 {act=android.intent.action.MAIN cat=[android.intent.category.LAUNCHER] flg=0x10200000 cmp=com.supercell.clashroyale/.GameApp} from pid 32663
D/dalvikvm(  620): GC_CONCURRENT freed 353K, 12% free 3320K/3736K, paused 2ms+0ms, total 14ms
I/System.out(31254): body:<com.supercell.titan.cw: java.net.HttpURLConnection a(java.lang.String)>	sig:specialinvoke $r1.<java.net.URL: void <init>(java.lang.String)>($r0)	timediff:0
I/System.out(31254): <com.supercell.titan.cw: java.net.HttpURLConnection a(java.lang.String)>###specialinvoke $r1.<java.net.URL: void <init>(java.lang.String)>($r0)###https://inbox.clashofclans.com/manifest.json
I/System.out(31254): body:<com.supercell.titan.cw: java.net.HttpURLConnection a(java.lang.String)>	sig:$r2 = virtualinvoke $r1.<java.net.URL: java.net.URLConnection openConnection()>()	timediff:0
I/System.out(31254): body:<com.supercell.titan.cw: java.net.HttpURLConnection a(java.lang.String)>	sig:virtualinvoke $r3.<java.net.HttpURLConnection: void setConnectTimeout(int)>(15000)	timediff:0
I/System.out(31254): body:<com.supercell.titan.cw: java.net.HttpURLConnection a(java.lang.String)>	sig:virtualinvoke $r3.<java.net.HttpURLConnection: void setRequestProperty(java.lang.String,java.lang.String)>("charset", "utf-8")	timediff:0
I/System.out(31254): body:<com.supercell.titan.cw: java.net.HttpURLConnection a(java.lang.String)>	sig:virtualinvoke $r3.<java.net.HttpURLConnection: void setRequestProperty(java.lang.String,java.lang.String)>("Connection", "close")	timediff:0
I/System.out(31254): body:<com.supercell.titan.cw: boolean b()>	sig:virtualinvoke $r2.<java.net.HttpURLConnection: void setRequestMethod(java.lang.String)>("GET")	timediff:0
I/System.out(31254): body:<com.supercell.titan.cw: boolean b()>	sig:virtualinvoke $r2.<java.net.HttpURLConnection: void setDoInput(boolean)>(1)	timediff:0
E/ActivityThread(  620): Failed to find provider info for com.facebook.katana.provider.AttributionIdProvider
I/System.out(  620): body:<com.supercell.titan.cw: java.net.HttpURLConnection a(java.lang.String)>	sig:specialinvoke $r1.<java.net.URL: void <init>(java.lang.String)>($r0)	timediff:7
I/System.out(  620): <com.supercell.titan.cw: java.net.HttpURLConnection a(java.lang.String)>###specialinvoke $r1.<java.net.URL: void <init>(java.lang.String)>($r0)###https://service.supercell.net/tracking/login
I/System.out(  620): body:<com.supercell.titan.cw: java.net.HttpURLConnection a(java.lang.String)>	sig:$r2 = virtualinvoke $r1.<java.net.URL: java.net.URLConnection openConnection()>()	timediff:0
I/System.out(  620): body:<com.supercell.titan.cw: java.net.HttpURLConnection a(java.lang.String)>	sig:virtualinvoke $r3.<java.net.HttpURLConnection: void setConnectTimeout(int)>(15000)	timediff:0
I/System.out(  620): body:<com.supercell.titan.cw: java.net.HttpURLConnection a(java.lang.String)>	sig:virtualinvoke $r3.<java.net.HttpURLConnection: void setRequestProperty(java.lang.String,java.lang.String)>("charset", "utf-8")	timediff:0
I/System.out(  620): body:<com.supercell.titan.cw: java.net.HttpURLConnection a(java.lang.String)>	sig:virtualinvoke $r3.<java.net.HttpURLConnection: void setRequestProperty(java.lang.String,java.lang.String)>("Connection", "close")	timediff:0
I/System.out(  620): body:<com.supercell.titan.cw: boolean a()>	sig:virtualinvoke $r2.<java.net.HttpURLConnection: void setDoOutput(boolean)>(1)	timediff:0
I/System.out(  620): body:<com.supercell.titan.cw: boolean a()>	sig:virtualinvoke $r2.<java.net.HttpURLConnection: void setDoInput(boolean)>(1)	timediff:0
I/System.out(  620): body:<com.supercell.titan.cw: boolean a()>	sig:virtualinvoke $r2.<java.net.HttpURLConnection: void setRequestMethod(java.lang.String)>("POST")	timediff:0
I/System.out(  620): body:<com.supercell.titan.cw: boolean a()>	sig:virtualinvoke $r2.<java.net.HttpURLConnection: void setRequestProperty(java.lang.String,java.lang.String)>("Content-Type", "application/x-www-form-urlencoded")	timediff:0
I/System.out(  620): body:<com.supercell.titan.cw: boolean a()>	sig:virtualinvoke $r2.<java.net.HttpURLConnection: void setRequestProperty(java.lang.String,java.lang.String)>("X-timestamp", $r1)	timediff:0
I/System.out(  620): body:<com.supercell.titan.cw: boolean a()>	sig:virtualinvoke $r2.<java.net.HttpURLConnection: void setFixedLengthStreamingMode(int)>($i0)	timediff:0
I/System.out(31254): body:<com.supercell.titan.cw: boolean b()>	sig:$r4 = virtualinvoke $r2.<java.net.HttpURLConnection: java.io.InputStream getInputStream()>()	timediff:101
I/System.out(31254): body:<empirical.HelperClass: void printURLInfo(java.lang.String,java.lang.String,java.net.URLConnection)>	sig:$r0 = virtualinvoke urlConnection.<java.net.URLConnection: java.net.URL getURL()>()	timediff:0
I/System.out(31254): body:<empirical.HelperClass: void printURLInfo(java.lang.String,java.lang.String,java.net.URLConnection)>	sig:urlString = virtualinvoke $r0.<java.net.URL: java.lang.String toString()>()	timediff:0
I/System.out(31254): body:<empirical.HelperClass: void printURLInfo(java.lang.String,java.lang.String,java.net.URLConnection)>	sig:isDoOutput = virtualinvoke urlConnection.<java.net.URLConnection: boolean getDoOutput()>()	timediff:0
I/System.out(31254): body:<empirical.HelperClass: java.lang.String getHeaderField(java.net.URLConnection,java.lang.String)>	sig:data = virtualinvoke conn.<java.net.URLConnection: java.lang.String getHeaderField(java.lang.String)>(field)	timediff:0
I/System.out(31254): body:<empirical.HelperClass: java.lang.String getHeaderField(java.net.URLConnection,java.lang.String)>	sig:data = virtualinvoke conn.<java.net.URLConnection: java.lang.String getHeaderField(java.lang.String)>(field)	timediff:0
I/System.out(31254): body:<empirical.HelperClass: java.lang.String getHeaderField(java.net.URLConnection,java.lang.String)>	sig:data = virtualinvoke conn.<java.net.URLConnection: java.lang.String getHeaderField(java.lang.String)>(field)	timediff:0
I/System.out(31254): body:<empirical.HelperClass: java.lang.String getHeaderField(java.net.URLConnection,java.lang.String)>	sig:data = virtualinvoke conn.<java.net.URLConnection: java.lang.String getHeaderField(java.lang.String)>(field)	timediff:0
I/System.out(31254): body:<empirical.HelperClass: java.lang.String getHeaderField(java.net.URLConnection,java.lang.String)>	sig:data = virtualinvoke conn.<java.net.URLConnection: java.lang.String getHeaderField(java.lang.String)>(field)	timediff:0
I/System.out(31254): URLConn;%;10;%;<com.supercell.titan.cw: boolean b()>;%;$r4 = virtualinvoke $r2.<java.net.HttpURLConnection: java.io.InputStream getInputStream()>();%;https://inbox.clashofclans.com/manifest.json;%;false;%;Not found;%;max-age=30;%;Not found;%;21;%;Not found
I/System.out(31254): body:<com.supercell.titan.cw: boolean b()>	sig:$i0 = virtualinvoke $r2.<java.net.HttpURLConnection: int getResponseCode()>()	timediff:0
I/System.out(31254): body:<com.supercell.titan.cw: boolean b()>	sig:virtualinvoke $r2.<java.net.HttpURLConnection: void disconnect()>()	timediff:0
W/GamesServiceBroker(  709): Client connected with SDK 8487000, Services 11951070, and Games 54390070
I/Choreographer(31254): Skipped 123 frames!  The application may be doing too much work on its main thread.
E/BoundService(  709): No such BoundService for action: com.google.android.gms.games.service.START
W/GamesServiceBroker(  709): Client connected with SDK 12171000, Services 11951070, and Games 54390070
E/BoundService(  709): No such BoundService for action: com.google.android.gms.games.service.START
E/BoundService(  709): No such BoundService for action: com.google.android.gms.games.service.START
W/GamesServiceBroker(  709): Client connected with SDK 12171000, Services 11951070, and Games 54390070
W/GamesServiceBroker(  709): Client connected with SDK 12171000, Services 11951070, and Games 54390070
E/ActivityThread(31254): Performing stop of activity that is not resumed: {com.supercell.clashofclans/com.supercell.clashofclans.GameApp}
E/ActivityThread(31254): java.lang.RuntimeException: Performing stop of activity that is not resumed: {com.supercell.clashofclans/com.supercell.clashofclans.GameApp}
E/ActivityThread(31254): 	at android.app.ActivityThread.performStopActivityInner(ActivityThread.java:3145)
E/ActivityThread(31254): 	at android.app.ActivityThread.handleStopActivity(ActivityThread.java:3232)
E/ActivityThread(31254): 	at android.app.ActivityThread.access$1100(ActivityThread.java:135)
E/ActivityThread(31254): 	at android.app.ActivityThread$H.handleMessage(ActivityThread.java:1223)
E/ActivityThread(31254): 	at android.os.Handler.dispatchMessage(Handler.java:102)
E/ActivityThread(31254): 	at android.os.Looper.loop(Looper.java:136)
E/ActivityThread(31254): 	at android.app.ActivityThread.main(ActivityThread.java:5019)
E/ActivityThread(31254): 	at java.lang.reflect.Method.invokeNative(Native Method)
E/ActivityThread(31254): 	at java.lang.reflect.Method.invoke(Method.java:515)
E/ActivityThread(31254): 	at com.android.internal.os.ZygoteInit$MethodAndArgsCaller.run(ZygoteInit.java:779)
E/ActivityThread(31254): 	at com.android.internal.os.ZygoteInit.main(ZygoteInit.java:595)
E/ActivityThread(31254): 	at dalvik.system.NativeStart.main(Native Method)
W/ManagedEGLContext(31254): doTerminate failed: EGL count is 3 but managed count is 1
I/ActivityManager(  476): Activity reported stop, but no longer stopping: ActivityRecord{4ad3d1c4 u0 com.supercell.clashofclans/.GameApp t209}
W/NetworkManagementSocketTagger(  476): setKernelCountSet(10073, 0) failed with errno -13
W/ContextImpl(  476): Calling a method in the system process without a qualified user: android.app.ContextImpl.sendBroadcast:1123 com.android.server.InputMethodManagerService.hideCurrentInputLocked:1880 com.android.server.InputMethodManagerService.hideSoftInput:1843 com.android.internal.view.IInputMethodManager$Stub.onTransact:194 com.android.server.InputMethodManagerService.onTransact:818 
I/ActivityManager(  476): START u0 {act=android.intent.action.MAIN cat=[android.intent.category.LAUNCHER] flg=0x10200000 cmp=com.supercell.clashroyale/.GameApp} from pid 32663
I/System.out(  620): body:<com.supercell.titan.cw: boolean a()>	sig:$r5 = virtualinvoke $r2.<java.net.HttpURLConnection: java.io.OutputStream getOutputStream()>()	timediff:300
E/dalvikvm(  620): Bogus static initialization: value type 23 in field type Ljava/lang/CharSequence; for Lcom/helpshift/support/dx; at index 0
E/dalvikvm(  620): VM aborting
F/libc    (  620): Fatal signal 6 (SIGABRT) at 0x0000026c (code=-6), thread 730 (hift.api.runner)
I/DEBUG   (14140): *** *** *** *** *** *** *** *** *** *** *** *** *** *** *** ***
I/DEBUG   (14140): Build fingerprint: 'samsung/SM-G9350/SM-G9350:4.4.2/JLS36C/381180120:user/release-keys'
I/DEBUG   (14140): Revision: '0'
I/DEBUG   (14140): pid: 620, tid: 730, name: hift.api.runner  >>> com.supercell.clashroyale <<<
I/DEBUG   (14140): signal 6 (SIGABRT), code -6 (SI_TKILL), fault addr --------
I/DEBUG   (14140):     eax 00000000  ebx 0000026c  ecx 000002da  edx 00000006
I/DEBUG   (14140):     esi 000002da  edi 00000002
I/DEBUG   (14140):     xcs 00000073  xds 0000007b  xes 0000007b  xfs 00000000  xss 0000007b
I/DEBUG   (14140):     eip b771f0d6  ebp b7788ce0  esp 7bea76a0  flags 00200203
I/DEBUG   (14140): 
I/DEBUG   (14140): backtrace:
I/DEBUG   (14140):     #00  pc 0003c0d6  /system/lib/libc.so (tgkill+22)
I/DEBUG   (14140):     #01  pc 00000005  <unknown>
I/DEBUG   (14140): 
I/DEBUG   (14140): stack:
I/DEBUG   (14140):          7bea7660  00000000  
I/DEBUG   (14140):          7bea7664  b77923f4  
I/DEBUG   (14140):          7bea7668  b8e1586a  [heap]
I/DEBUG   (14140):          7bea766c  b76f0f39  /system/lib/libc.so (pthread_mutex_unlock+25)
I/DEBUG   (14140):          7bea7670  b779295c  
I/DEBUG   (14140):          7bea7674  b8e14960  [heap]
I/DEBUG   (14140):          7bea7678  00000f0a  
I/DEBUG   (14140):          7bea767c  b4f05c40  /system/lib/libdvm.so (deleted)
I/DEBUG   (14140):          7bea7680  00000000  
I/DEBUG   (14140):          7bea7684  b773d926  /system/lib/libc.so (funlockfile+6)
I/DEBUG   (14140):          7bea7688  b7783fcc  /system/lib/libc.so
I/DEBUG   (14140):          7bea768c  b7729006  /system/lib/libc.so (__sflush_locked+150)
I/DEBUG   (14140):          7bea7690  00000000  
I/DEBUG   (14140):          7bea7694  0000000f  
I/DEBUG   (14140):          7bea7698  b76f0d69  /system/lib/libc.so (pthread_mutex_lock+9)
I/DEBUG   (14140):          7bea769c  b7783fcc  /system/lib/libc.so
I/DEBUG   (14140):     #00  7bea76a0  00000006  
I/DEBUG   (14140):          7bea76a4  000002da  
I/DEBUG   (14140):          7bea76a8  b7783fcc  /system/lib/libc.so
I/DEBUG   (14140):          7bea76ac  b76fb4a6  /system/lib/libc.so (pthread_kill+102)
I/DEBUG   (14140):          7bea76b0  0000026c  
I/DEBUG   (14140):          7bea76b4  000002da  
I/DEBUG   (14140):          7bea76b8  00000006  
I/DEBUG   (14140):          7bea76bc  00000000  
I/DEBUG   (14140):          7bea76c0  b77923f4  
I/DEBUG   (14140):          7bea76c4  94fccdc8  /dev/ashmem/dalvik-heap (deleted)
I/DEBUG   (14140):          7bea76c8  b76fb449  /system/lib/libc.so (pthread_kill+9)
I/DEBUG   (14140):          7bea76cc  b7783fcc  /system/lib/libc.so
I/DEBUG   (14140):          7bea76d0  7bea771c  [stack:730]
I/DEBUG   (14140):          7bea76d4  7bea7950  [stack:730]
I/DEBUG   (14140):          7bea76d8  00000000  
I/DEBUG   (14140):          7bea76dc  b76fb82c  /system/lib/libc.so (raise+44)
I/ActivityManager(  476): Process com.supercell.clashroyale (pid 620) has died.
W/NetworkManagementSocketTagger(  476): setKernelCountSet(10074, 0) failed with errno -13
I/InputDispatcher(  476): Dropping event because there is no focused window or focused application.
I/InputDispatcher(  476): Dropping event because there is no focused window or focused application.
I/InputDispatcher(  476): Dropping event because there is no focused window or focused application.
I/InputDispatcher(  476): Dropping event because there is no focused window or focused application.
I/InputDispatcher(  476): Dropping event because there is no focused window or focused application.
I/InputDispatcher(  476): Dropping event because there is no focused window or focused application.
I/InputDispatcher(  476): Dropping event because there is no focused window or focused application.
I/InputDispatcher(  476): Dropping event because there is no focused window or focused application.
I/InputDispatcher(  476): Dropping event because there is no focused window or focused application.
I/InputDispatcher(  476): Dropping event because there is no focused window or focused application.
I/InputDispatcher(  476): Dropping event because there is no focused window or focused application.
W/ActivityManager(  476): Force removing ActivityRecord{4afeeac8 u0 com.supercell.clashroyale/.GameApp t215}: app died, no saved state
W/InputManager(  476): Input event injection from pid 32663 failed.
W/InputManager(  476): Input event injection from pid 32663 failed.
W/InputManager(  476): Input event injection from pid 32663 failed.
W/InputManager(  476): Input event injection from pid 32663 failed.
W/InputManager(  476): Input event injection from pid 32663 failed.
W/InputManager(  476): Input event injection from pid 32663 failed.
W/InputManager(  476): Input event injection from pid 32663 failed.
W/InputManager(  476): Input event injection from pid 32663 failed.
W/InputManager(  476): Input event injection from pid 32663 failed.
W/InputManager(  476): Input event injection from pid 32663 failed.
W/InputManager(  476): Input event injection from pid 32663 failed.
I/InputDispatcher(  476): Dropping event because there is no focused window or focused application.
I/InputDispatcher(  476): Dropping event because there is no focused window or focused application.
I/InputDispatcher(  476): Dropping event because there is no focused window or focused application.
W/InputManager(  476): Input event injection from pid 32663 failed.
W/InputManager(  476): Input event injection from pid 32663 failed.
W/InputManager(  476): Input event injection from pid 32663 failed.
I/WindowState(  476): WIN DEATH: Window{4b5ace6c u0 com.supercell.clashroyale/com.supercell.clashroyale.GameApp}
W/WindowManager(  476): Force-removing child win Window{4b856178 u0 SurfaceView} from container Window{4b5ace6c u0 com.supercell.clashroyale/com.supercell.clashroyale.GameApp}
W/WindowManager(  476): Failed looking up window
W/WindowManager(  476): java.lang.IllegalArgumentException: Requested window android.os.BinderProxy@4b9a8c20 does not exist
W/WindowManager(  476): 	at com.android.server.wm.WindowManagerService.windowForClientLocked(WindowManagerService.java:8096)
W/WindowManager(  476): 	at com.android.server.wm.WindowManagerService.windowForClientLocked(WindowManagerService.java:8087)
W/WindowManager(  476): 	at com.android.server.wm.WindowState$DeathRecipient.binderDied(WindowState.java:1051)
W/WindowManager(  476): 	at android.os.BinderProxy.sendDeathNotice(Binder.java:493)
W/WindowManager(  476): 	at dalvik.system.NativeStart.run(Native Method)
I/WindowState(  476): WIN DEATH: null
W/InputManager(  476): Input event injection from pid 32663 failed.
W/InputManager(  476): Input event injection from pid 32663 failed.
W/InputManager(  476): Input event injection from pid 32663 failed.
W/InputManager(  476): Input event injection from pid 32663 failed.
W/InputManager(  476): Input event injection from pid 32663 failed.
W/InputManager(  476): Input event injection from pid 32663 failed.
W/InputManager(  476): Input event injection from pid 32663 failed.
W/InputManager(  476): Input event injection from pid 32663 failed.
W/InputManager(  476): Input event injection from pid 32663 failed.
W/InputManager(  476): Input event injection from pid 32663 failed.
I/InputDispatcher(  476): Dropping event because there is no focused window or focused application.
I/InputDispatcher(  476): Dropping event because there is no focused window or focused application.
I/InputDispatcher(  476): Dropping event because there is no focused window or focused application.
W/InputManager(  476): Input event injection from pid 32663 failed.
W/InputManager(  476): Input event injection from pid 32663 failed.
W/InputManager(  476): Input event injection from pid 32663 failed.
W/InputManager(  476): Input event injection from pid 32663 failed.
I/InputDispatcher(  476): Dropping event because there is no focused window or focused application.
I/InputDispatcher(  476): Dropping event because there is no focused window or focused application.
I/InputDispatcher(  476): Dropping event because there is no focused window or focused application.
I/InputDispatcher(  476): Dropping event because there is no focused window or focused application.
W/InputManager(  476): Input event injection from pid 32663 failed.
W/InputManager(  476): Input event injection from pid 32663 failed.
W/InputManager(  476): Input event injection from pid 32663 failed.
W/InputManager(  476): Input event injection from pid 32663 failed.
D/Zygote  (  166): Process 620 terminated by signal (6)
E/SurfaceFlinger(  165): glCheckFramebufferStatusOES error 36054
E/SurfaceFlinger(  165): got GL_FRAMEBUFFER_COMPLETE_OES error while taking screenshot
D/SurfaceFlinger(  165): setOrientation, mFbdev=0xb8259d80, mFbDev->setOrientation=0xb6993ce0, orientation=1
I/gralloc_nox(  165): setOrientation: orientation=1
D/Tinker.DefaultAppLike(  675): onConfigurationChanged:{1.0 310mcc16mnc en_US ldltr sw480dp w853dp h454dp 240dpi lrg long land finger -keyb/v/h dpad/v s.66}
I/ActivityManager(  476): Config changes=480 {1.0 310mcc16mnc en_US ldltr sw480dp w853dp h454dp 240dpi lrg long land finger -keyb/v/h dpad/v s.66}
D/PhoneStatusBar(  528): mSettingsPanelGravity = 55
I/InputReader(  476): Reconfiguring input devices.  changes=0x00000004
I/InputReader(  476): Device reconfigured: id=1, name='seamless mouse', size 720x1280, orientation 1, mode 1, display id 0
I/InputReader(  476): Device reconfigured: id=3, name='Android Input', size 720x1280, orientation 1, mode 1, display id 0
I/InputReader(  476): Device reconfigured: id=8, name='VirtualBox USB Tablet', size 720x1280, orientation 1, mode 1, display id 0
I/InputDispatcher(  476): Dropping event because there is no focused window or focused application.
I/InputDispatcher(  476): Dropping event because there is no focused window or focused application.
I/InputDispatcher(  476): Dropping event because there is no focused window or focused application.
I/WindowManager(  476): Screen frozen for +109ms due to Window{4b5ace6c u0 com.supercell.clashroyale/com.supercell.clashroyale.GameApp}
W/InputManager(  476): Input event injection from pid 32663 failed.
W/InputManager(  476): Input event injection from pid 32663 failed.
W/InputManager(  476): Input event injection from pid 32663 failed.
I/InputDispatcher(  476): Dropping event because there is no focused window or focused application.
I/InputDispatcher(  476): Dropping event because there is no focused window or focused application.
I/InputDispatcher(  476): Dropping event because there is no focused window or focused application.
I/InputDispatcher(  476): Dropping event because there is no focused window or focused application.
W/InputManager(  476): Input event injection from pid 32663 failed.
W/InputManager(  476): Input event injection from pid 32663 failed.
W/InputManager(  476): Input event injection from pid 32663 failed.
W/InputManager(  476): Input event injection from pid 32663 failed.
I/InputDispatcher(  476): Dropping event because there is no focused window or focused application.
I/InputDispatcher(  476): Dropping event because there is no focused window or focused application.
I/InputDispatcher(  476): Dropping event because there is no focused window or focused application.
I/InputDispatcher(  476): Dropping event because there is no focused window or focused application.
I/InputDispatcher(  476): Dropping event because there is no focused window or focused application.
W/InputManager(  476): Input event injection from pid 32663 failed.
W/InputManager(  476): Input event injection from pid 32663 failed.
W/InputManager(  476): Input event injection from pid 32663 failed.
W/InputManager(  476): Input event injection from pid 32663 failed.
W/InputManager(  476): Input event injection from pid 32663 failed.
W/InputManager(  476): Input event injection from pid 32663 failed.
W/InputManager(  476): Input event injection from pid 32663 failed.
I/InputDispatcher(  476): Dropping event because there is no focused window or focused application.
I/InputDispatcher(  476): Dropping event because there is no focused window or focused application.
I/InputDispatcher(  476): Dropping event because there is no focused window or focused application.
I/InputDispatcher(  476): Dropping event because there is no focused window or focused application.
I/InputDispatcher(  476): Dropping event because there is no focused window or focused application.
I/InputDispatcher(  476): Dropping event because there is no focused window or focused application.
I/InputDispatcher(  476): Dropping event because there is no focused window or focused application.
W/EGL_emulation(  528): eglSurfaceAttrib not implemented 3093 12436
W/InputManager(  476): Input event injection from pid 32663 failed.
W/InputManager(  476): Input event injection from pid 32663 failed.
W/InputManager(  476): Input event injection from pid 32663 failed.
W/InputManager(  476): Input event injection from pid 32663 failed.
W/InputManager(  476): Input event injection from pid 32663 failed.
W/InputManager(  476): Input event injection from pid 32663 failed.
W/InputManager(  476): Input event injection from pid 32663 failed.
W/InputManager(  476): Input event injection from pid 32663 failed.
I/InputDispatcher(  476): Dropping event because there is no focused window or focused application.
W/InputManager(  476): Input event injection from pid 32663 failed.
W/InputManager(  476): Input event injection from pid 32663 failed.
I/InputDispatcher(  476): Dropping event because there is no focused window or focused application.
I/InputDispatcher(  476): Dropping event because there is no focused window or focused application.
I/InputDispatcher(  476): Dropping event because there is no focused window or focused application.
W/InputManager(  476): Input event injection from pid 32663 failed.
W/InputManager(  476): Input event injection from pid 32663 failed.
W/InputManager(  476): Input event injection from pid 32663 failed.
W/NetworkManagementSocketTagger(  476): setKernelCountSet(10073, 1) failed with errno -13
W/InputManager(  476): Input event injection from pid 32663 failed.
W/InputManager(  476): Input event injection from pid 32663 failed.
W/InputManager(  476): Input event injection from pid 32663 failed.
W/InputManager(  476): Input event injection from pid 32663 failed.
W/ActivityManager(  476): Force-killing crashed app com.supercell.clashroyale at watcher's request
W/ContextImpl(  476): Calling a method in the system process without a qualified user: android.app.ContextImpl.sendBroadcast:1123 com.android.server.am.ActivityManagerService.handleApplicationCrashInner:9642 com.android.server.am.NativeCrashListener$NativeCrashReporter.run:86 <bottom of call stack> <bottom of call stack> 
W/InputManager(  476): Input event injection from pid 32663 failed.
W/InputManager(  476): Input event injection from pid 32663 failed.
W/InputManager(  476): Input event injection from pid 32663 failed.
W/InputManager(  476): Input event injection from pid 32663 failed.
W/InputManager(  476): Input event injection from pid 32663 failed.
W/InputManager(  476): Input event injection from pid 32663 failed.
W/InputManager(  476): Input event injection from pid 32663 failed.
W/InputManager(  476): Input event injection from pid 32663 failed.
W/InputManager(  476): Input event injection from pid 32663 failed.
W/InputManager(  476): Input event injection from pid 32663 failed.
W/InputManager(  476): Input event injection from pid 32663 failed.
W/InputManager(  476): Input event injection from pid 32663 failed.
I/InputDispatcher(  476): Dropping event because there is no focused window or focused application.
I/InputDispatcher(  476): Dropping event because there is no focused window or focused application.
W/InputManager(  476): Input event injection from pid 32663 failed.
W/InputManager(  476): Input event injection from pid 32663 failed.
W/InputManager(  476): Input event injection from pid 32663 failed.
W/InputManager(  476): Input event injection from pid 32663 failed.
W/InputManager(  476): Input event injection from pid 32663 failed.
W/InputManager(  476): Input event injection from pid 32663 failed.
W/InputManager(  476): Input event injection from pid 32663 failed.
W/InputManager(  476): Input event injection from pid 32663 failed.
W/InputManager(  476): Input event injection from pid 32663 failed.
W/InputManager(  476): Input event injection from pid 32663 failed.
W/InputManager(  476): Input event injection from pid 32663 failed.
I/InputDispatcher(  476): Dropping event because there is no focused window or focused application.
I/InputDispatcher(  476): Dropping event because there is no focused window or focused application.
I/InputDispatcher(  476): Dropping event because there is no focused window or focused application.
I/InputDispatcher(  476): Dropping event because there is no focused window or focused application.
I/InputDispatcher(  476): Dropping event because there is no focused window or focused application.
I/InputDispatcher(  476): Dropping event because there is no focused window or focused application.
I/InputDispatcher(  476): Dropping event because there is no focused window or focused application.
W/InputManager(  476): Input event injection from pid 32663 failed.
W/InputManager(  476): Input event injection from pid 32663 failed.
W/InputManager(  476): Input event injection from pid 32663 failed.
W/InputManager(  476): Input event injection from pid 32663 failed.
W/InputManager(  476): Input event injection from pid 32663 failed.
W/InputManager(  476): Input event injection from pid 32663 failed.
W/InputManager(  476): Input event injection from pid 32663 failed.
W/InputManager(  476): Input event injection from pid 32663 failed.
W/InputManager(  476): Input event injection from pid 32663 failed.
I/InputDispatcher(  476): Dropping event because there is no focused window or focused application.
I/InputDispatcher(  476): Dropping event because there is no focused window or focused application.
W/InputManager(  476): Input event injection from pid 32663 failed.
W/InputManager(  476): Input event injection from pid 32663 failed.
I/InputDispatcher(  476): Dropping event because there is no focused window or focused application.
I/InputDispatcher(  476): Dropping event because there is no focused window or focused application.
I/InputDispatcher(  476): Dropping event because there is no focused window or focused application.
I/InputDispatcher(  476): Dropping event because there is no focused window or focused application.
I/InputDispatcher(  476): Dropping event because there is no focused window or focused application.
W/InputManager(  476): Input event injection from pid 32663 failed.
W/InputManager(  476): Input event injection from pid 32663 failed.
W/InputManager(  476): Input event injection from pid 32663 failed.
W/InputManager(  476): Input event injection from pid 32663 failed.
W/InputManager(  476): Input event injection from pid 32663 failed.
I/InputDispatcher(  476): Dropping event because there is no focused window or focused application.
I/InputDispatcher(  476): Dropping event because there is no focused window or focused application.
I/InputDispatcher(  476): Dropping event because there is no focused window or focused application.
I/InputDispatcher(  476): Dropping event because there is no focused window or focused application.
I/InputDispatcher(  476): Dropping event because there is no focused window or focused application.
I/InputDispatcher(  476): Dropping event because there is no focused window or focused application.
I/InputDispatcher(  476): Dropping event because there is no focused window or focused application.
W/InputManager(  476): Input event injection from pid 32663 failed.
W/InputManager(  476): Input event injection from pid 32663 failed.
W/InputManager(  476): Input event injection from pid 32663 failed.
W/InputManager(  476): Input event injection from pid 32663 failed.
W/InputManager(  476): Input event injection from pid 32663 failed.
W/InputManager(  476): Input event injection from pid 32663 failed.
W/InputManager(  476): Input event injection from pid 32663 failed.
I/InputDispatcher(  476): Dropping event because there is no focused window or focused application.
W/InputManager(  476): Input event injection from pid 32663 failed.
W/InputManager(  476): Input event injection from pid 32663 failed.
W/InputManager(  476): Input event injection from pid 32663 failed.
I/InputDispatcher(  476): Dropping event because there is no focused window or focused application.
I/InputDispatcher(  476): Dropping event because there is no focused window or focused application.
I/InputDispatcher(  476): Dropping event because there is no focused window or focused application.
I/InputDispatcher(  476): Dropping event because there is no focused window or focused application.
