--------- beginning of /dev/log/main
I/qtaguid (  709): Untagging socket 110 failed errno=-13
W/NetworkManagementSocketTagger(  709): untagSocket(110) failed with errno -13
I/        (20294): -----model:launcher_sec_det_result,length:2
I/        (20294): ---keyclass, value:0
I/        (20294): -----model:launcher_sec_det_error,length:2
I/        (20294): ---keyreason, value:3
E/InfocLog(20294):  read imei in getinstance, again 
W/KInfoc  (20294): The data section count is not equal! table:launcher_sec_det_result, count in format:1, count in data:3.
--------- beginning of /dev/log/system
D/BackupManagerService(  476): Received broadcast Intent { act=android.intent.action.PACKAGE_ADDED dat=package:com.robtopx.geometryjumplite flg=0x4000010 (has extras) }
W/KInfoc  (20294): The data section count is not equal! table:launcher_sec_det_error, count in format:1, count in data:3.
V/BackupManagerService(  476): addPackageParticipantsLocked: #1
E/Herrevad(  709): [1095] RemoteReportsRefreshChimeraService.a: want to send authenticated request, but no Google account on device
I/qtaguid (  709): Tagging socket 96 with tag 3000130100000000(805311233) for uid -1 failed errno=-13
I/NetworkManagementSocketTagger(  709): tagSocketFd(96, 805311233, -1) failed with errno-13
I/qtaguid (  709): Untagging socket 96 failed errno=-13
W/NetworkManagementSocketTagger(  709): untagSocket(96) failed with errno -13
E/Volley  (  709): [61] BasicNetwork.performRequest: Unexpected response code 307 for https://android.googleapis.com/nova/herrevad/network_quality_info
W/Herrevad(  709): [1095] RemoteReportsRefreshChimeraService.a: java.util.concurrent.ExecutionException: com.android.volley.ServerError
W/Herrevad(  709): java.util.concurrent.ExecutionException: com.android.volley.ServerError
W/Herrevad(  709): 	at com.android.volley.toolbox.RequestFuture.a(:com.google.android.gms@11951070:4)
W/Herrevad(  709): 	at com.android.volley.toolbox.RequestFuture.get(:com.google.android.gms@11951070:2)
W/Herrevad(  709): 	at com.google.android.gms.herrevad.services.RemoteReportsRefreshChimeraService.a(:com.google.android.gms@11951070:25)
W/Herrevad(  709): 	at com.google.android.gms.herrevad.services.RemoteReportsRefreshChimeraService.a(:com.google.android.gms@11951070:33)
W/Herrevad(  709): 	at qor.run(:com.google.android.gms@11951070:1)
W/Herrevad(  709): 	at java.util.concurrent.ThreadPoolExecutor.runWorker(ThreadPoolExecutor.java:1112)
W/Herrevad(  709): 	at java.util.concurrent.ThreadPoolExecutor$Worker.run(ThreadPoolExecutor.java:587)
W/Herrevad(  709): 	at java.lang.Thread.run(Thread.java:841)
W/Herrevad(  709): Caused by: com.android.volley.ServerError
W/Herrevad(  709): 	at com.android.volley.toolbox.BasicNetwork.performRequest(:com.google.android.gms@11951070:36)
W/Herrevad(  709): 	at jxn.performRequest(:com.google.android.gms@11951070:8)
W/Herrevad(  709): 	at com.android.volley.NetworkDispatcher.run(:com.google.android.gms@11951070:12)
W/Searchables(  476): No global search activity found
W/RecognitionManagerService(  476): no available voice recognition services found for user 0
I/Icing   (  709): Indexing 0FE4E2D1EF9BEC94C9A9BA1E84A86FBAF7133BFF from com.google.android.gms
I/Icing   (  709): Indexing done 0FE4E2D1EF9BEC94C9A9BA1E84A86FBAF7133BFF
D/AndroidRuntime(23969): 
D/AndroidRuntime(23969): >>>>>> AndroidRuntime START com.android.internal.os.RuntimeInit <<<<<<
D/AndroidRuntime(23969): CheckJNI is OFF
D/dalvikvm(23969): Using executionMode 2
D/dalvikvm(23969): Trying to load lib libjavacore.so 0x0
D/dalvikvm(23969): Added shared lib libjavacore.so 0x0
D/dalvikvm(23969): Trying to load lib libnativehelper.so 0x0
D/dalvikvm(23969): Added shared lib libnativehelper.so 0x0
D/dalvikvm(23969): No JNI_OnLoad found in libnativehelper.so 0x0, skipping init
D/dalvikvm(23969): Note: class Landroid/app/ActivityManagerNative; has 179 unimplemented (abstract) methods
I/ActivityManager(  476): Process com.ksmobile.launcher (pid 20294) has died.
I/ActivityManager(  476): Process com.microsoft.office.excel (pid 23886) has died.
I/ActivityManager(  476): Process org.crashguard (pid 21254) has died.
I/ActivityManager(  476): Process com.microsoft.office.word (pid 23907) has died.
D/Tinker.DefaultAppLike(  675): onTrimMemory level:5
I/Finsky  ( 2521): [1] com.google.android.finsky.ci.a.onTrimMemory(5): Memory trim requested to level 80
W/ManagedEGLContext(19797): doTerminate failed: EGL count is 2 but managed count is 1
W/ManagedEGLContext(20085): doTerminate failed: EGL count is 3 but managed count is 1
E/memtrack(23969): Couldn't load memtrack module (No such file or directory)
E/android.os.Debug(23969): failed to load memtrack module: -2
D/AndroidRuntime(23969): Calling main entry com.android.commands.monkey.Monkey
W/BroadcastQueue(  476): Skipping deliver [background] BroadcastRecord{4b619f9c u-1 android.net.conn.CONNECTIVITY_CHANGE} to ReceiverList{4ab71d1c 23969 (unknown name)/0/u-1 remote:4aaf0140}: process crashing
I/ActivityManager(  476): START u0 {act=android.intent.action.MAIN cat=[android.intent.category.LAUNCHER] flg=0x10200000 cmp=com.robtopx.geometryjumplite/.GeometryDashLite} from pid 23969
D/dalvikvm(  166): GC_EXPLICIT freed 41K, 4% free 2786K/2892K, paused 0ms+1ms, total 3ms
D/dalvikvm(  166): GC_EXPLICIT freed <1K, 4% free 2786K/2892K, paused 0ms+1ms, total 3ms
I/ActivityManager(  476): Start proc com.robtopx.geometryjumplite for activity com.robtopx.geometryjumplite/.GeometryDashLite: pid=23983 uid=10066 gids={50066, 3003, 1028, 1015, 1023}
W/InputEventReceiver(20939): Attempted to finish an input event but the input event receiver has already been disposed.
W/InputEventReceiver(20939): Attempted to finish an input event but the input event receiver has already been disposed.
W/InputEventReceiver(20939): Attempted to finish an input event but the input event receiver has already been disposed.
W/ViewRootImpl(20939): Dropping event due to root view being removed: MotionEvent { action=ACTION_MOVE, id[0]=0, x[0]=176.0204, y[0]=-335.0455, toolType[0]=TOOL_TYPE_UNKNOWN, buttonState=0, metaState=0, flags=0x0, edgeFlags=0x0, pointerCount=1, historySize=0, eventTime=4545455, downTime=4545419, deviceId=0, source=0x1002 }
W/ViewRootImpl(20939): Dropping event due to root view being removed: MotionEvent { action=ACTION_UP, id[0]=0, x[0]=162.86694, y[0]=-334.05457, toolType[0]=TOOL_TYPE_UNKNOWN, buttonState=0, metaState=0, flags=0x0, edgeFlags=0x0, pointerCount=1, historySize=0, eventTime=4545455, downTime=4545419, deviceId=0, source=0x1002 }
D/dalvikvm(  166): GC_EXPLICIT freed <1K, 4% free 2786K/2892K, paused 0ms+0ms, total 45ms
E/SurfaceFlinger(  165): glCheckFramebufferStatusOES error 36054
E/SurfaceFlinger(  165): got GL_FRAMEBUFFER_COMPLETE_OES error while taking screenshot
D/SurfaceFlinger(  165): setOrientation, mFbdev=0xb8259d80, mFbDev->setOrientation=0xb6993ce0, orientation=1
I/gralloc_nox(  165): setOrientation: orientation=1
I/ActivityManager(  476): Config changes=480 {1.0 310mcc16mnc en_US ldltr sw480dp w853dp h454dp 240dpi lrg long land finger qwerty/v/v dpad/v s.51}
D/Tinker.DefaultAppLike(  675): onConfigurationChanged:{1.0 310mcc16mnc en_US ldltr sw480dp w853dp h454dp 240dpi lrg long land finger qwerty/v/v dpad/v s.51}
W/EGL_emulation(  528): eglSurfaceAttrib not implemented 3093 12436
D/PhoneStatusBar(  528): mSettingsPanelGravity = 55
I/InputReader(  476): Reconfiguring input devices.  changes=0x00000004
I/InputReader(  476): Device reconfigured: id=1, name='seamless mouse', size 720x1280, orientation 1, mode 1, display id 0
I/InputReader(  476): Device reconfigured: id=3, name='Android Input', size 720x1280, orientation 1, mode 1, display id 0
I/InputReader(  476): Device reconfigured: id=8, name='VirtualBox USB Tablet', size 720x1280, orientation 1, mode 1, display id 0
D/Sensors (  476): Client connection accepted (203)
W/NetworkManagementSocketTagger(  476): setKernelCountSet(10066, 1) failed with errno -13
W/EGL_emulation(  528): eglSurfaceAttrib not implemented 3093 12436
I/dalvikvm(23983): ignoring registerObject request in thread=1
I/dalvikvm(23983): ignoring registerObject request in thread=1
D/dalvikvm(23983): Trying to load lib /data/app-lib/com.robtopx.geometryjumplite-1/libfmod.so 0x94fd2940
D/dalvikvm(23983): Added shared lib /data/app-lib/com.robtopx.geometryjumplite-1/libfmod.so 0x94fd2940
D/dalvikvm(23983): Trying to load lib /data/app-lib/com.robtopx.geometryjumplite-1/libcocos2dcpp.so 0x94fd2940
D/dalvikvm(23983): Added shared lib /data/app-lib/com.robtopx.geometryjumplite-1/libcocos2dcpp.so 0x94fd2940
E/chromium(20939): [ERROR:immediate_input_router.cc(504)] Got a KeyEvent back from the renderer but we don't seem to have sent it to the renderer!
D/Cocos2dxActivity(23983): model=SM-G9350
D/Cocos2dxActivity(23983): product=SM-G9350
D/Cocos2dxActivity(23983): isEmulator=false
I/AppLovinSdkImpl(23983): SDK has been updated since last run. Continuing...
D/dalvikvm(23983): JIT code cache reset in 0 ms (0 bytes 1/0)
D/dalvikvm(23983): GC_CONCURRENT freed 291K, 11% free 2953K/3312K, paused 1ms+0ms, total 3ms
D/UnityAds(23983): com.unity3d.ads.UnityAds.initialize() (line:106) :: ENTERED METHOD
I/UnityAds(23983): com.unity3d.ads.UnityAds.initialize() (line:133) :: Initializing Unity Ads 2.0.7 (2007) with game id 131624163 in production mode
I/UnityAds(23983): com.unity3d.ads.UnityAds.initialize() (line:144) :: Unity Ads environment check OK
W/dalvikvm(23983): Unable to resolve superclass of Lcom/unity3d/ads/connectivity/ConnectivityNetworkCallback; (225)
W/dalvikvm(23983): Link of class 'Lcom/unity3d/ads/connectivity/ConnectivityNetworkCallback;' failed
I/dalvikvm(23983): Could not find method com.unity3d.ads.connectivity.ConnectivityNetworkCallback.register, referenced from method com.unity3d.ads.connectivity.ConnectivityMonitor.startListening
W/dalvikvm(23983): VFY: unable to resolve static method 39757: Lcom/unity3d/ads/connectivity/ConnectivityNetworkCallback;.register ()V
D/dalvikvm(23983): VFY: replacing opcode 0x71 at 0x0015
W/dalvikvm(23983): Unable to resolve superclass of Lcom/unity3d/ads/connectivity/ConnectivityNetworkCallback; (225)
W/dalvikvm(23983): Link of class 'Lcom/unity3d/ads/connectivity/ConnectivityNetworkCallback;' failed
I/dalvikvm(23983): Could not find method com.unity3d.ads.connectivity.ConnectivityNetworkCallback.unregister, referenced from method com.unity3d.ads.connectivity.ConnectivityMonitor.stopListening
W/dalvikvm(23983): VFY: unable to resolve static method 39758: Lcom/unity3d/ads/connectivity/ConnectivityNetworkCallback;.unregister ()V
D/dalvikvm(23983): VFY: replacing opcode 0x71 at 0x0012
E/UnityAds(23983): com.unity3d.ads.misc.Utilities.readFile() (line:150) :: File did not exist or couldn't be read
E/UnityAds(23983): com.unity3d.ads.misc.Utilities.readFile() (line:150) :: File did not exist or couldn't be read
D/dalvikvm(23983): GC_CONCURRENT freed 287K, 11% free 3052K/3404K, paused 3ms+0ms, total 5ms
I/AppsFlyer_4.5.0(20939): onBecameBackground
I/AppsFlyer_4.5.0(20939): callStatsBackground background call
I/AppsFlyer_4.5.0(20939): app went to background
I/System.out(20939): body:<com.appsflyer.BackgroundHttpTask: java.lang.String a(java.lang.String[])>	sig:specialinvoke $r2.<java.net.URL: void <init>(java.lang.String)>($r5)	timediff:0
I/System.out(20939): <com.appsflyer.BackgroundHttpTask: java.lang.String a(java.lang.String[])>###specialinvoke $r2.<java.net.URL: void <init>(java.lang.String)>($r5)###https://stats.appsflyer.com/stats
I/AppsFlyer_4.5.0(20939): call = https://stats.appsflyer.com/stats parameters = {uid=1521958641022-4746141916134078269, devkey=XkJdrCAFbLCxnQ4SH7xon6, platform=Android, gcd_conversion_data_timing=0, statType=user_closed_app, deviceFingerPrintId=ffffffff-fe60-e0b1-ffff-ffffc7c725a4, time_in_app=31, app_id=com.pof.android, channel=null, launch_counter=17}
I/System.out(20939): body:<com.appsflyer.BackgroundHttpTask: java.lang.String a(java.lang.String[])>	sig:$r7 = virtualinvoke $r2.<java.net.URL: java.net.URLConnection openConnection()>()	timediff:0
I/dalvikvm(23983): Could not find method android.content.pm.PackageManager.getPackageInstaller, referenced from method izp.a
W/dalvikvm(23983): VFY: unable to resolve virtual method 1801: Landroid/content/pm/PackageManager;.getPackageInstaller ()Landroid/content/pm/PackageInstaller;
I/System.out(20939): body:<com.appsflyer.BackgroundHttpTask: java.lang.String a(java.lang.String[])>	sig:virtualinvoke $r8.<javax.net.ssl.HttpsURLConnection: void setReadTimeout(int)>(30000)	timediff:0
D/dalvikvm(23983): VFY: replacing opcode 0x6e at 0x001c
I/System.out(20939): body:<com.appsflyer.BackgroundHttpTask: java.lang.String a(java.lang.String[])>	sig:virtualinvoke $r8.<javax.net.ssl.HttpsURLConnection: void setConnectTimeout(int)>(30000)	timediff:0
I/System.out(20939): body:<com.appsflyer.BackgroundHttpTask: java.lang.String a(java.lang.String[])>	sig:virtualinvoke $r8.<javax.net.ssl.HttpsURLConnection: void setRequestMethod(java.lang.String)>("POST")	timediff:0
I/System.out(20939): body:<com.appsflyer.BackgroundHttpTask: java.lang.String a(java.lang.String[])>	sig:virtualinvoke $r8.<javax.net.ssl.HttpsURLConnection: void setDoInput(boolean)>(1)	timediff:0
I/System.out(20939): body:<com.appsflyer.BackgroundHttpTask: java.lang.String a(java.lang.String[])>	sig:virtualinvoke $r8.<javax.net.ssl.HttpsURLConnection: void setDoOutput(boolean)>(1)	timediff:0
I/System.out(20939): body:<com.appsflyer.BackgroundHttpTask: java.lang.String a(java.lang.String[])>	sig:virtualinvoke $r8.<javax.net.ssl.HttpsURLConnection: void setRequestProperty(java.lang.String,java.lang.String)>("Content-Type", "application/json")	timediff:0
D/dalvikvm(23983): GC_CONCURRENT freed 135K, 6% free 3304K/3504K, paused 2ms+0ms, total 7ms
I/System.out(20939): body:<com.appsflyer.BackgroundHttpTask: java.lang.String a(java.lang.String[])>	sig:$r9 = virtualinvoke $r8.<javax.net.ssl.HttpsURLConnection: java.io.OutputStream getOutputStream()>()	timediff:14
I/System.out(20939): body:<com.appsflyer.BackgroundHttpTask: java.lang.String a(java.lang.String[])>	sig:virtualinvoke $r8.<javax.net.ssl.HttpsURLConnection: void connect()>()	timediff:0
I/dalvikvm(23983): Could not find method android.content.ContextWrapper.createCredentialProtectedStorageContext, referenced from method imo.createCredentialProtectedStorageContext
W/dalvikvm(23983): VFY: unable to resolve virtual method 1708: Landroid/content/ContextWrapper;.createCredentialProtectedStorageContext ()Landroid/content/Context;
D/dalvikvm(23983): VFY: replacing opcode 0x6f at 0x0002
I/dalvikvm(23983): Could not find method android.content.ContextWrapper.createDeviceProtectedStorageContext, referenced from method imo.createDeviceProtectedStorageContext
W/dalvikvm(23983): VFY: unable to resolve virtual method 1709: Landroid/content/ContextWrapper;.createDeviceProtectedStorageContext ()Landroid/content/Context;
D/dalvikvm(23983): VFY: replacing opcode 0x6f at 0x0002
I/dalvikvm(23983): Could not find method android.content.ContextWrapper.createCredentialProtectedStorageContext, referenced from method com.google.android.chimera.ModuleContext.createCredentialProtectedStorageContext
W/dalvikvm(23983): VFY: unable to resolve virtual method 1708: Landroid/content/ContextWrapper;.createCredentialProtectedStorageContext ()Landroid/content/Context;
D/dalvikvm(23983): VFY: replacing opcode 0x6f at 0x0002
I/dalvikvm(23983): Could not find method android.content.ContextWrapper.createDeviceProtectedStorageContext, referenced from method com.google.android.chimera.ModuleContext.createDeviceProtectedStorageContext
W/dalvikvm(23983): VFY: unable to resolve virtual method 1709: Landroid/content/ContextWrapper;.createDeviceProtectedStorageContext ()Landroid/content/Context;
D/dalvikvm(23983): VFY: replacing opcode 0x6f at 0x0002
I/dalvikvm(23983): Could not find method android.content.Context.isCredentialProtectedStorage, referenced from method cqq.a
W/dalvikvm(23983): VFY: unable to resolve virtual method 1688: Landroid/content/Context;.isCredentialProtectedStorage ()Z
D/dalvikvm(23983): VFY: replacing opcode 0x6e at 0x0000
I/dalvikvm(23983): Could not find method android.os.UserManager.isUserUnlocked, referenced from method cqq.a
W/dalvikvm(23983): VFY: unable to resolve virtual method 2311: Landroid/os/UserManager;.isUserUnlocked ()Z
D/dalvikvm(23983): VFY: replacing opcode 0x6e at 0x001a
I/dalvikvm(23983): Could not find method android.content.Context.isDeviceProtectedStorage, referenced from method cqq.b
W/dalvikvm(23983): VFY: unable to resolve virtual method 1689: Landroid/content/Context;.isDeviceProtectedStorage ()Z
D/dalvikvm(23983): VFY: replacing opcode 0x6e at 0x0000
I/dalvikvm(23983): Could not find method android.content.Context.isDeviceProtectedStorage, referenced from method cqq.c
W/dalvikvm(23983): VFY: unable to resolve virtual method 1689: Landroid/content/Context;.isDeviceProtectedStorage ()Z
D/dalvikvm(23983): VFY: replacing opcode 0x6e at 0x0000
I/dalvikvm(23983): Could not find method android.content.Context.createDeviceProtectedStorageContext, referenced from method jkx.a
W/dalvikvm(23983): VFY: unable to resolve virtual method 1659: Landroid/content/Context;.createDeviceProtectedStorageContext ()Landroid/content/Context;
D/dalvikvm(23983): VFY: replacing opcode 0x6e at 0x0029
I/dalvikvm(23983): Could not find method android.content.Context.getSystemService, referenced from method jkx.b
W/dalvikvm(23983): VFY: unable to resolve virtual method 1684: Landroid/content/Context;.getSystemService (Ljava/lang/Class;)Ljava/lang/Object;
D/dalvikvm(23983): VFY: replacing opcode 0x6e at 0x000b
D/dalvikvm(23983): DexOpt: couldn't find static field Landroid/os/Build;.SUPPORTED_64_BIT_ABIS
W/dalvikvm(23983): VFY: unable to resolve static field 917 (SUPPORTED_64_BIT_ABIS) in Landroid/os/Build;
D/dalvikvm(23983): VFY: replacing opcode 0x62 at 0x0012
D/dalvikvm(23983): DexOpt: couldn't find static field Landroid/os/Build;.SUPPORTED_32_BIT_ABIS
W/dalvikvm(23983): VFY: unable to resolve static field 916 (SUPPORTED_32_BIT_ABIS) in Landroid/os/Build;
D/dalvikvm(23983): VFY: replacing opcode 0x62 at 0x0021
D/dalvikvm(23983): DexOpt: couldn't find static field Landroid/os/Build;.SUPPORTED_ABIS
W/dalvikvm(23983): VFY: unable to resolve static field 918 (SUPPORTED_ABIS) in Landroid/os/Build;
D/dalvikvm(23983): VFY: replacing opcode 0x62 at 0x0008
D/dalvikvm(23983): DexOpt: couldn't find static field Landroid/os/Build;.SUPPORTED_64_BIT_ABIS
W/dalvikvm(23983): VFY: unable to resolve static field 917 (SUPPORTED_64_BIT_ABIS) in Landroid/os/Build;
D/dalvikvm(23983): VFY: replacing opcode 0x62 at 0x0008
D/dalvikvm(23983): DexOpt: couldn't find static field Landroid/os/Build;.SUPPORTED_64_BIT_ABIS
I/dalvikvm(23983): DexOpt: unable to optimize static field ref 0x0395 at 0x17 in Lcsq;.a
D/dalvikvm(23983): DexOpt: couldn't find static field Landroid/os/Build;.SUPPORTED_32_BIT_ABIS
I/dalvikvm(23983): DexOpt: unable to optimize static field ref 0x0394 at 0x26 in Lcsq;.a
D/dalvikvm(23983): DexOpt: couldn't find static field Landroid/os/Build;.SUPPORTED_64_BIT_ABIS
I/dalvikvm(23983): DexOpt: unable to optimize static field ref 0x0395 at 0x0d in Lcsq;.b
D/DynamitePackage(23983): Instantiated singleton DynamitePackage.
D/DynamitePackage(23983): Instantiating com.google.android.gms.ads.ChimeraAdManagerCreatorImpl
I/dalvikvm(23983): Could not find method android.content.pm.PackageManager.getPackageInstaller, referenced from method iy.a
W/dalvikvm(23983): VFY: unable to resolve virtual method 1587: Landroid/content/pm/PackageManager;.getPackageInstaller ()Landroid/content/pm/PackageInstaller;
D/dalvikvm(23983): VFY: replacing opcode 0x6e at 0x0017
I/dalvikvm(23983): Could not find method android.security.NetworkSecurityPolicy.getInstance, referenced from method com.google.android.gms.ads.internal.util.ae.a
W/dalvikvm(23983): VFY: unable to resolve static method 2118: Landroid/security/NetworkSecurityPolicy;.getInstance ()Landroid/security/NetworkSecurityPolicy;
D/dalvikvm(23983): VFY: replacing opcode 0x71 at 0x00d3
D/dalvikvm(23983): GC_CONCURRENT freed 318K, 11% free 3373K/3756K, paused 1ms+0ms, total 8ms
I/dalvikvm(23983): Could not find method android.content.pm.PackageManager.isInstantApp, referenced from method pv.a
W/dalvikvm(23983): VFY: unable to resolve virtual method 1592: Landroid/content/pm/PackageManager;.isInstantApp (Ljava/lang/String;)Z
D/dalvikvm(23983): VFY: replacing opcode 0x6e at 0x002d
I/dalvikvm(23983): Could not find method android.content.pm.PackageManager.isInstantApp, referenced from method pu.a
W/dalvikvm(23983): VFY: unable to resolve virtual method 1591: Landroid/content/pm/PackageManager;.isInstantApp ()Z
D/dalvikvm(23983): VFY: replacing opcode 0x6e at 0x0028
D/dalvikvm(23983): DexOpt: --- BEGIN '1505450608132.jar' (bootstrap=0) ---
I/System.out(20939): body:<com.appsflyer.BackgroundHttpTask: java.lang.String a(java.lang.String[])>	sig:$i0 = virtualinvoke $r8.<javax.net.ssl.HttpsURLConnection: int getResponseCode()>()	timediff:168
I/System.out(20939): body:<com.appsflyer.BackgroundHttpTask: java.lang.String a(java.lang.String[])>	sig:$r13 = virtualinvoke $r8.<javax.net.ssl.HttpsURLConnection: java.io.InputStream getInputStream()>()	timediff:0
I/System.out(20939): body:<empirical.HelperClass: void printURLInfo(java.lang.String,java.lang.String,java.net.URLConnection)>	sig:$r0 = virtualinvoke urlConnection.<java.net.URLConnection: java.net.URL getURL()>()	timediff:0
I/System.out(20939): body:<empirical.HelperClass: void printURLInfo(java.lang.String,java.lang.String,java.net.URLConnection)>	sig:urlString = virtualinvoke $r0.<java.net.URL: java.lang.String toString()>()	timediff:0
I/System.out(20939): body:<empirical.HelperClass: void printURLInfo(java.lang.String,java.lang.String,java.net.URLConnection)>	sig:isDoOutput = virtualinvoke urlConnection.<java.net.URLConnection: boolean getDoOutput()>()	timediff:0
I/System.out(20939): body:<empirical.HelperClass: java.lang.String getHeaderField(java.net.URLConnection,java.lang.String)>	sig:data = virtualinvoke conn.<java.net.URLConnection: java.lang.String getHeaderField(java.lang.String)>(field)	timediff:0
I/System.out(20939): body:<empirical.HelperClass: java.lang.String getHeaderField(java.net.URLConnection,java.lang.String)>	sig:data = virtualinvoke conn.<java.net.URLConnection: java.lang.String getHeaderField(java.lang.String)>(field)	timediff:0
I/System.out(20939): body:<empirical.HelperClass: java.lang.String getHeaderField(java.net.URLConnection,java.lang.String)>	sig:data = virtualinvoke conn.<java.net.URLConnection: java.lang.String getHeaderField(java.lang.String)>(field)	timediff:0
I/System.out(20939): body:<empirical.HelperClass: java.lang.String getHeaderField(java.net.URLConnection,java.lang.String)>	sig:data = virtualinvoke conn.<java.net.URLConnection: java.lang.String getHeaderField(java.lang.String)>(field)	timediff:0
I/System.out(20939): body:<empirical.HelperClass: java.lang.String getHeaderField(java.net.URLConnection,java.lang.String)>	sig:data = virtualinvoke conn.<java.net.URLConnection: java.lang.String getHeaderField(java.lang.String)>(field)	timediff:0
I/System.out(20939): URLConn;%;17;%;<com.appsflyer.BackgroundHttpTask: java.lang.String a(java.lang.String[])>;%;$r13 = virtualinvoke $r8.<javax.net.ssl.HttpsURLConnection: java.io.InputStream getInputStream()>();%;https://stats.appsflyer.com/stats;%;true;%;0;%;Not found;%;Not found;%;Not found;%;Not found
I/AppsFlyer_4.5.0(20939): Status 200 ok
I/AppsFlyer_4.5.0(20939): Connection call succeeded
D/dalvikvm(23983): GC_CONCURRENT freed 286K, 10% free 3473K/3824K, paused 1ms+1ms, total 15ms
I/Ads     (23983): Starting ad request.
I/Ads     (23983): Use AdRequest.Builder.addTestDevice("B5E08C77D701DCE6C9F01D221E2B9E2F") to get test ads on this device.
I/Ads     (23983): Please set theme of AdActivity to @android:style/Theme.Translucent to enable transparent background interstitial ad.
D/Cocos2dxActivity(23983): ACTIVITY ON RESUME
W/dalvikvm(23983): VFY: unable to find class referenced in signature (Lokhttp3/Request;)
W/dalvikvm(23983): VFY: unable to find class referenced in signature (Lokhttp3/Response;)
I/dalvikvm(23983): Could not find method okhttp3.Response.headers, referenced from method empirical.HelperClass.printOkHttpInfo
W/dalvikvm(23983): VFY: unable to resolve virtual method 41339: Lokhttp3/Response;.headers ()Lokhttp3/Headers;
D/dalvikvm(23983): VFY: replacing opcode 0x6e at 0x0006
W/dalvikvm(23983): VFY: unable to find class referenced in signature (Lokhttp3/Call;)
W/dalvikvm(23983): VFY: unable to find class referenced in signature (Lokhttp3/Response;)
I/dalvikvm(23983): Could not find method okhttp3.Call.request, referenced from method empirical.HelperClass.printOkHttpInfoFromCall
W/dalvikvm(23983): VFY: unable to resolve interface method 41333: Lokhttp3/Call;.request ()Lokhttp3/Request;
D/dalvikvm(23983): VFY: replacing opcode 0x72 at 0x0006
I/System.out(23983): body:<com.applovin.impl.sdk.r: com.applovin.impl.sdk.w a()>	sig:$r8 = staticinvoke <java.net.URLEncoder: java.lang.String encode(java.lang.String,java.lang.String)>($r5, "UTF-8")	timediff:0
I/System.out(23983): body:<com.unity3d.ads.configuration.InitializeThread$InitializeStateAdBlockerCheck: com.unity3d.ads.configuration.InitializeThread$InitializeState execute()>	sig:specialinvoke $r5.<java.net.URL: void <init>(java.lang.String)>($r4)	timediff:8
I/System.out(23983): <com.unity3d.ads.configuration.InitializeThread$InitializeStateAdBlockerCheck: com.unity3d.ads.configuration.InitializeThread$InitializeState execute()>###specialinvoke $r5.<java.net.URL: void <init>(java.lang.String)>($r4)###https://config.unityads.unity3d.com/webview/2.0.7/release/config.json
I/System.out(23983): body:<com.unity3d.ads.configuration.InitializeThread$InitializeStateAdBlockerCheck: com.unity3d.ads.configuration.InitializeThread$InitializeState execute()>	sig:$r4 = virtualinvoke $r5.<java.net.URL: java.lang.String getHost()>()	timediff:0
W/Ads     (23983): Invoke Firebase method getInstance error.
W/Ads     (23983): The Google Mobile Ads SDK will not integrate with Firebase. Admob/Firebase integration requires the latest Firebase SDK jar, but Firebase SDK is either missing or out of date
I/System.out(23983): body:<com.applovin.impl.sdk.o: java.net.HttpURLConnection a(java.lang.String,java.lang.String,int)>	sig:specialinvoke $r3.<java.net.URL: void <init>(java.lang.String)>($r1)	timediff:0
I/System.out(23983): <com.applovin.impl.sdk.o: java.net.HttpURLConnection a(java.lang.String,java.lang.String,int)>###specialinvoke $r3.<java.net.URL: void <init>(java.lang.String)>($r1)###http://rt.applovin.com/pix?event=landing&ts=1521958774473&platform=Android&model=SM-G9350&package_name=com.robtopx.geometryjumplite&sdk_key=18ku3wT2XWSr-ywqCxayi7ELWP9IadDcnxVqszsNTIDSE7GR3sNmzb6U0Gnbu-CewhTmfK88dLbsTtIXigHgHO&idfa=ae6730db-609e-4b26-9ae6-e5aa257eed6f&dnt=false&ia=1521958770000&api_did=&brand=samsung&model=SM-G9350&revision=SM-G9350&sdk_version=6.4.0&os=4.4.2&orientation_lock=landscape&app_version=2.11&country_code=US&carrier=T-Mobile&tz_offset=-7.0&adr=0&volume=0&postback_ts=1521958774731
D/dalvikvm(23983): GC_CONCURRENT freed 359K, 11% free 3628K/4048K, paused 2ms+0ms, total 33ms
D/dalvikvm(23983): WAIT_FOR_CONCURRENT_GC blocked 14ms
I/System.out(23983): body:<com.unity3d.ads.configuration.InitializeThread$InitializeStateAdBlockerCheck$1: void run()>	sig:$r4 = staticinvoke <java.net.InetAddress: java.net.InetAddress getByName(java.lang.String)>($r3)	timediff:98
I/System.out(23983): body:<com.unity3d.ads.configuration.InitializeThread$InitializeStateAdBlockerCheck: com.unity3d.ads.configuration.InitializeThread$InitializeState execute()>	sig:$z0 = virtualinvoke $r7.<java.net.InetAddress: boolean isLoopbackAddress()>()	timediff:0
I/UnityAds(23983): com.unity3d.ads.configuration.InitializeThread$InitializeStateConfig.execute() (line:187) :: Unity Ads init: load configuration from https://config.unityads.unity3d.com/webview/2.0.7/release/config.json
I/System.out(23983): body:<com.unity3d.ads.request.WebRequest: void <init>(java.lang.String,java.lang.String,java.util.Map,int,int)>	sig:specialinvoke $r6.<java.net.URL: void <init>(java.lang.String)>($r1)	timediff:0
I/System.out(23983): <com.unity3d.ads.request.WebRequest: void <init>(java.lang.String,java.lang.String,java.util.Map,int,int)>###specialinvoke $r6.<java.net.URL: void <init>(java.lang.String)>($r1)###https://config.unityads.unity3d.com/webview/2.0.7/release/config.json?ts=1521958774839&sdkVersion=2007&sdkVersionName=2.0.7
I/System.out(23983): body:<com.unity3d.ads.request.WebRequest: java.net.HttpURLConnection getHttpUrlConnectionWithHeaders()>	sig:$r2 = virtualinvoke $r1.<java.net.URL: java.lang.String toString()>()	timediff:0
I/System.out(23983): body:<com.unity3d.ads.request.WebRequest: java.net.HttpURLConnection getHttpUrlConnectionWithHeaders()>	sig:$r3 = virtualinvoke $r1.<java.net.URL: java.net.URLConnection openConnection()>()	timediff:8
I/System.out(23983): body:<com.unity3d.ads.request.WebRequest: java.net.HttpURLConnection getHttpUrlConnectionWithHeaders()>	sig:virtualinvoke $r4.<java.net.HttpURLConnection: void setInstanceFollowRedirects(boolean)>(0)	timediff:0
I/System.out(23983): body:<com.unity3d.ads.request.WebRequest: java.net.HttpURLConnection getHttpUrlConnectionWithHeaders()>	sig:virtualinvoke $r4.<java.net.HttpURLConnection: void setConnectTimeout(int)>($i0)	timediff:0
I/System.out(23983): body:<com.unity3d.ads.request.WebRequest: java.net.HttpURLConnection getHttpUrlConnectionWithHeaders()>	sig:virtualinvoke $r4.<java.net.HttpURLConnection: void setReadTimeout(int)>($i0)	timediff:0
I/System.out(23983): body:<com.unity3d.ads.request.WebRequest: java.net.HttpURLConnection getHttpUrlConnectionWithHeaders()>	sig:virtualinvoke $r4.<java.net.HttpURLConnection: void setRequestMethod(java.lang.String)>($r2)	timediff:0
I/System.out(23983): body:<com.unity3d.ads.request.WebRequest: long makeStreamRequest(java.io.OutputStream)>	sig:virtualinvoke $r10.<java.net.HttpURLConnection: void setDoInput(boolean)>(1)	timediff:0
I/System.out(23983): body:<com.applovin.impl.sdk.o: java.net.HttpURLConnection a(java.lang.String,java.lang.String,int)>	sig:$r6 = virtualinvoke $r3.<java.net.URL: java.net.URLConnection openConnection()>()	timediff:84
I/System.out(23983): body:<com.applovin.impl.sdk.o: java.net.HttpURLConnection a(java.lang.String,java.lang.String,int)>	sig:virtualinvoke $r7.<java.net.HttpURLConnection: void setRequestMethod(java.lang.String)>($r2)	timediff:0
I/System.out(23983): body:<com.applovin.impl.sdk.o: java.net.HttpURLConnection a(java.lang.String,java.lang.String,int)>	sig:virtualinvoke $r7.<java.net.HttpURLConnection: void setConnectTimeout(int)>($i1)	timediff:0
I/System.out(23983): body:<com.applovin.impl.sdk.o: java.net.HttpURLConnection a(java.lang.String,java.lang.String,int)>	sig:virtualinvoke $r7.<java.net.HttpURLConnection: void setReadTimeout(int)>($i0)	timediff:0
I/System.out(23983): body:<com.applovin.impl.sdk.o: java.net.HttpURLConnection a(java.lang.String,java.lang.String,int)>	sig:virtualinvoke $r7.<java.net.HttpURLConnection: void setDefaultUseCaches(boolean)>(0)	timediff:0
I/System.out(23983): body:<com.applovin.impl.sdk.o: java.net.HttpURLConnection a(java.lang.String,java.lang.String,int)>	sig:virtualinvoke $r7.<java.net.HttpURLConnection: void setAllowUserInteraction(boolean)>(0)	timediff:0
I/System.out(23983): body:<com.applovin.impl.sdk.o: java.net.HttpURLConnection a(java.lang.String,java.lang.String,int)>	sig:virtualinvoke $r7.<java.net.HttpURLConnection: void setUseCaches(boolean)>(0)	timediff:0
I/System.out(23983): body:<com.applovin.impl.sdk.o: java.net.HttpURLConnection a(java.lang.String,java.lang.String,int)>	sig:virtualinvoke $r7.<java.net.HttpURLConnection: void setInstanceFollowRedirects(boolean)>(1)	timediff:0
I/System.out(23983): body:<com.applovin.impl.sdk.o: java.net.HttpURLConnection a(java.lang.String,java.lang.String,int)>	sig:virtualinvoke $r7.<java.net.HttpURLConnection: void setDoInput(boolean)>(1)	timediff:0
I/System.out(23983): body:<com.applovin.impl.sdk.o: void a(java.lang.String,java.lang.String,int,org.json.JSONObject,boolean,com.applovin.impl.sdk.p)>	sig:virtualinvoke $r14.<java.net.HttpURLConnection: void setRequestProperty(java.lang.String,java.lang.String)>("Content-Type", "application/json; charset=utf-8")	timediff:0
I/System.out(23983): body:<com.applovin.impl.sdk.o: void a(java.lang.String,java.lang.String,int,org.json.JSONObject,boolean,com.applovin.impl.sdk.p)>	sig:virtualinvoke $r14.<java.net.HttpURLConnection: void setDoOutput(boolean)>(1)	timediff:0
I/System.out(23983): body:<com.applovin.impl.sdk.o: void a(java.lang.String,java.lang.String,int,org.json.JSONObject,boolean,com.applovin.impl.sdk.p)>	sig:virtualinvoke $r14.<java.net.HttpURLConnection: void setFixedLengthStreamingMode(int)>($i0)	timediff:0
D/dalvikvm(23983): GC_CONCURRENT freed 322K, 10% free 3725K/4112K, paused 1ms+1ms, total 4ms
I/System.out(23983): body:<com.unity3d.ads.request.WebRequest: long makeStreamRequest(java.io.OutputStream)>	sig:$i1 = virtualinvoke $r10.<java.net.HttpURLConnection: int getResponseCode()>()	timediff:104
I/System.out(23983): body:<com.unity3d.ads.request.WebRequest: long makeStreamRequest(java.io.OutputStream)>	sig:$i1 = virtualinvoke $r10.<java.net.HttpURLConnection: int getContentLength()>()	timediff:0
I/System.out(23983): body:<com.unity3d.ads.request.WebRequest: long makeStreamRequest(java.io.OutputStream)>	sig:$r3 = virtualinvoke $r10.<java.net.HttpURLConnection: java.util.Map getHeaderFields()>()	timediff:0
I/System.out(23983): body:<com.unity3d.ads.request.WebRequest: long makeStreamRequest(java.io.OutputStream)>	sig:$r3 = virtualinvoke $r10.<java.net.HttpURLConnection: java.util.Map getHeaderFields()>()	timediff:0
I/System.out(23983): body:<com.unity3d.ads.request.WebRequest: long makeStreamRequest(java.io.OutputStream)>	sig:$r6 = virtualinvoke $r10.<java.net.HttpURLConnection: java.io.InputStream getInputStream()>()	timediff:0
I/System.out(23983): body:<empirical.HelperClass: void printURLInfo(java.lang.String,java.lang.String,java.net.URLConnection)>	sig:$r0 = virtualinvoke urlConnection.<java.net.URLConnection: java.net.URL getURL()>()	timediff:0
I/System.out(23983): body:<empirical.HelperClass: void printURLInfo(java.lang.String,java.lang.String,java.net.URLConnection)>	sig:urlString = virtualinvoke $r0.<java.net.URL: java.lang.String toString()>()	timediff:0
I/System.out(23983): body:<empirical.HelperClass: void printURLInfo(java.lang.String,java.lang.String,java.net.URLConnection)>	sig:isDoOutput = virtualinvoke urlConnection.<java.net.URLConnection: boolean getDoOutput()>()	timediff:0
I/System.out(23983): body:<empirical.HelperClass: java.lang.String getHeaderField(java.net.URLConnection,java.lang.String)>	sig:data = virtualinvoke conn.<java.net.URLConnection: java.lang.String getHeaderField(java.lang.String)>(field)	timediff:0
I/System.out(23983): body:<empirical.HelperClass: java.lang.String getHeaderField(java.net.URLConnection,java.lang.String)>	sig:data = virtualinvoke conn.<java.net.URLConnection: java.lang.String getHeaderField(java.lang.String)>(field)	timediff:0
I/System.out(23983): body:<empirical.HelperClass: java.lang.String getHeaderField(java.net.URLConnection,java.lang.String)>	sig:data = virtualinvoke conn.<java.net.URLConnection: java.lang.String getHeaderField(java.lang.String)>(field)	timediff:0
I/System.out(23983): body:<empirical.HelperClass: java.lang.String getHeaderField(java.net.URLConnection,java.lang.String)>	sig:data = virtualinvoke conn.<java.net.URLConnection: java.lang.String getHeaderField(java.lang.String)>(field)	timediff:0
I/System.out(23983): body:<empirical.HelperClass: java.lang.String getHeaderField(java.net.URLConnection,java.lang.String)>	sig:data = virtualinvoke conn.<java.net.URLConnection: java.lang.String getHeaderField(java.lang.String)>(field)	timediff:0
I/System.out(23983): URLConn;%;0;%;<com.unity3d.ads.request.WebRequest: long makeStreamRequest(java.io.OutputStream)>;%;$r6 = virtualinvoke $r10.<java.net.HttpURLConnection: java.io.InputStream getInputStream()>();%;https://config.unityads.unity3d.com/webview/2.0.7/release/config.json?ts=1521958774839&sdkVersion=2007&sdkVersionName=2.0.7;%;false;%;247;%;Not found;%;Not found;%;Not found;%;Not found
I/System.out(23983): body:<com.unity3d.ads.request.WebRequest: long makeStreamRequest(java.io.OutputStream)>	sig:virtualinvoke $r10.<java.net.HttpURLConnection: void disconnect()>()	timediff:0
I/UnityAds(23983): com.unity3d.ads.configuration.InitializeThread$InitializeStateLoadWeb.execute() (line:264) :: Unity Ads init: loading webapp from https://webview.unityads.unity3d.com/webview/2.0.7/b9ca0d2983c3c88f6c7c74bb5043c4ed5b385dcb/release/index.html
I/System.out(23983): body:<com.unity3d.ads.request.WebRequest: void <init>(java.lang.String,java.lang.String,java.util.Map,int,int)>	sig:specialinvoke $r6.<java.net.URL: void <init>(java.lang.String)>($r1)	timediff:0
I/System.out(23983): <com.unity3d.ads.request.WebRequest: void <init>(java.lang.String,java.lang.String,java.util.Map,int,int)>###specialinvoke $r6.<java.net.URL: void <init>(java.lang.String)>($r1)###https://webview.unityads.unity3d.com/webview/2.0.7/b9ca0d2983c3c88f6c7c74bb5043c4ed5b385dcb/release/index.html
I/System.out(23983): body:<com.unity3d.ads.request.WebRequest: java.net.HttpURLConnection getHttpUrlConnectionWithHeaders()>	sig:$r2 = virtualinvoke $r1.<java.net.URL: java.lang.String toString()>()	timediff:0
I/System.out(23983): body:<com.unity3d.ads.request.WebRequest: java.net.HttpURLConnection getHttpUrlConnectionWithHeaders()>	sig:$r3 = virtualinvoke $r1.<java.net.URL: java.net.URLConnection openConnection()>()	timediff:1
I/System.out(23983): body:<com.unity3d.ads.request.WebRequest: java.net.HttpURLConnection getHttpUrlConnectionWithHeaders()>	sig:virtualinvoke $r4.<java.net.HttpURLConnection: void setInstanceFollowRedirects(boolean)>(0)	timediff:0
I/System.out(23983): body:<com.unity3d.ads.request.WebRequest: java.net.HttpURLConnection getHttpUrlConnectionWithHeaders()>	sig:virtualinvoke $r4.<java.net.HttpURLConnection: void setConnectTimeout(int)>($i0)	timediff:0
I/System.out(23983): body:<com.unity3d.ads.request.WebRequest: java.net.HttpURLConnection getHttpUrlConnectionWithHeaders()>	sig:virtualinvoke $r4.<java.net.HttpURLConnection: void setReadTimeout(int)>($i0)	timediff:0
I/System.out(23983): body:<com.unity3d.ads.request.WebRequest: java.net.HttpURLConnection getHttpUrlConnectionWithHeaders()>	sig:virtualinvoke $r4.<java.net.HttpURLConnection: void setRequestMethod(java.lang.String)>($r2)	timediff:0
I/System.out(23983): body:<com.unity3d.ads.request.WebRequest: long makeStreamRequest(java.io.OutputStream)>	sig:virtualinvoke $r10.<java.net.HttpURLConnection: void setDoInput(boolean)>(1)	timediff:0
I/System.out(23983): body:<com.applovin.impl.sdk.o: void a(java.lang.String,java.lang.String,int,org.json.JSONObject,boolean,com.applovin.impl.sdk.p)>	sig:$r21 = virtualinvoke $r14.<java.net.HttpURLConnection: java.io.OutputStream getOutputStream()>()	timediff:110
I/System.out(23983): body:<com.applovin.impl.sdk.dp: java.lang.String c(java.lang.String)>	sig:$r0 = staticinvoke <java.net.URLEncoder: java.lang.String encode(java.lang.String,java.lang.String)>($r0, "UTF-8")	timediff:0
I/System.out(23983): body:<com.applovin.impl.sdk.dp: java.lang.String c(java.lang.String)>	sig:$r0 = staticinvoke <java.net.URLEncoder: java.lang.String encode(java.lang.String,java.lang.String)>($r0, "UTF-8")	timediff:0
I/System.out(23983): body:<com.applovin.impl.sdk.dp: java.lang.String c(java.lang.String)>	sig:$r0 = staticinvoke <java.net.URLEncoder: java.lang.String encode(java.lang.String,java.lang.String)>($r0, "UTF-8")	timediff:0
I/System.out(23983): body:<com.applovin.impl.sdk.dp: java.lang.String c(java.lang.String)>	sig:$r0 = staticinvoke <java.net.URLEncoder: java.lang.String encode(java.lang.String,java.lang.String)>($r0, "UTF-8")	timediff:0
I/System.out(23983): body:<com.applovin.impl.sdk.dp: java.lang.String c(java.lang.String)>	sig:$r0 = staticinvoke <java.net.URLEncoder: java.lang.String encode(java.lang.String,java.lang.String)>($r0, "UTF-8")	timediff:0
I/System.out(23983): body:<com.applovin.impl.sdk.dp: java.lang.String c(java.lang.String)>	sig:$r0 = staticinvoke <java.net.URLEncoder: java.lang.String encode(java.lang.String,java.lang.String)>($r0, "UTF-8")	timediff:0
D/libEGL  (23983): loaded /system/lib/egl/libEGL_adreno.so
I/System.out(23983): body:<com.applovin.impl.sdk.o: void a(java.lang.String,java.lang.String,int,org.json.JSONObject,boolean,com.applovin.impl.sdk.p)>	sig:$i0 = virtualinvoke $r14.<java.net.HttpURLConnection: int getResponseCode()>()	timediff:73
I/System.out(23983): body:<com.applovin.impl.sdk.o: void a(java.net.HttpURLConnection)>	sig:virtualinvoke $r0.<java.net.HttpURLConnection: void disconnect()>()	timediff:0
D/dalvikvm(23983): GC_CONCURRENT freed 410K, 12% free 3718K/4200K, paused 0ms+1ms, total 3ms
D/        (23983): HostConnection::get() New Host Connection established 0xb8cf3a90, tid 23983
D/libEGL  (23983): loaded /system/lib/egl/libGLESv1_CM_adreno.so
D/libEGL  (23983): loaded /system/lib/egl/libGLESv2_adreno.so
W/EGL_emulation(23983): eglSurfaceAttrib not implemented 3093 12436
D/OpenGLRenderer(23983): Enabling debug mode 0
D/        (23983): HostConnection::get() New Host Connection established 0xb8ce2bc0, tid 23997
I/System.out(23983): body:<com.unity3d.ads.request.WebRequest: long makeStreamRequest(java.io.OutputStream)>	sig:$i1 = virtualinvoke $r10.<java.net.HttpURLConnection: int getResponseCode()>()	timediff:270
I/System.out(23983): body:<com.unity3d.ads.request.WebRequest: long makeStreamRequest(java.io.OutputStream)>	sig:$i1 = virtualinvoke $r10.<java.net.HttpURLConnection: int getContentLength()>()	timediff:0
I/System.out(23983): body:<com.unity3d.ads.request.WebRequest: long makeStreamRequest(java.io.OutputStream)>	sig:$r3 = virtualinvoke $r10.<java.net.HttpURLConnection: java.util.Map getHeaderFields()>()	timediff:0
I/System.out(23983): body:<com.unity3d.ads.request.WebRequest: long makeStreamRequest(java.io.OutputStream)>	sig:$r3 = virtualinvoke $r10.<java.net.HttpURLConnection: java.util.Map getHeaderFields()>()	timediff:1
I/System.out(23983): body:<com.unity3d.ads.request.WebRequest: long makeStreamRequest(java.io.OutputStream)>	sig:$r6 = virtualinvoke $r10.<java.net.HttpURLConnection: java.io.InputStream getInputStream()>()	timediff:0
I/System.out(23983): body:<empirical.HelperClass: void printURLInfo(java.lang.String,java.lang.String,java.net.URLConnection)>	sig:$r0 = virtualinvoke urlConnection.<java.net.URLConnection: java.net.URL getURL()>()	timediff:0
I/System.out(23983): body:<empirical.HelperClass: void printURLInfo(java.lang.String,java.lang.String,java.net.URLConnection)>	sig:urlString = virtualinvoke $r0.<java.net.URL: java.lang.String toString()>()	timediff:0
I/System.out(23983): body:<empirical.HelperClass: void printURLInfo(java.lang.String,java.lang.String,java.net.URLConnection)>	sig:isDoOutput = virtualinvoke urlConnection.<java.net.URLConnection: boolean getDoOutput()>()	timediff:0
I/System.out(23983): body:<empirical.HelperClass: java.lang.String getHeaderField(java.net.URLConnection,java.lang.String)>	sig:data = virtualinvoke conn.<java.net.URLConnection: java.lang.String getHeaderField(java.lang.String)>(field)	timediff:0
I/System.out(23983): body:<empirical.HelperClass: java.lang.String getHeaderField(java.net.URLConnection,java.lang.String)>	sig:data = virtualinvoke conn.<java.net.URLConnection: java.lang.String getHeaderField(java.lang.String)>(field)	timediff:0
I/System.out(23983): body:<empirical.HelperClass: java.lang.String getHeaderField(java.net.URLConnection,java.lang.String)>	sig:data = virtualinvoke conn.<java.net.URLConnection: java.lang.String getHeaderField(java.lang.String)>(field)	timediff:0
I/System.out(23983): body:<empirical.HelperClass: java.lang.String getHeaderField(java.net.URLConnection,java.lang.String)>	sig:data = virtualinvoke conn.<java.net.URLConnection: java.lang.String getHeaderField(java.lang.String)>(field)	timediff:0
I/System.out(23983): body:<empirical.HelperClass: java.lang.String getHeaderField(java.net.URLConnection,java.lang.String)>	sig:data = virtualinvoke conn.<java.net.URLConnection: java.lang.String getHeaderField(java.lang.String)>(field)	timediff:0
I/System.out(23983): URLConn;%;1;%;<com.unity3d.ads.request.WebRequest: long makeStreamRequest(java.io.OutputStream)>;%;$r6 = virtualinvoke $r10.<java.net.HttpURLConnection: java.io.InputStream getInputStream()>();%;https://webview.unityads.unity3d.com/webview/2.0.7/b9ca0d2983c3c88f6c7c74bb5043c4ed5b385dcb/release/index.html;%;false;%;Not found;%;Not found;%;Not found;%;Not found;%;Not found
D/dalvikvm(23983): GC_FOR_ALLOC freed 222K, 11% free 3801K/4260K, paused 3ms, total 4ms
I/dalvikvm-heap(23983): Grow heap (frag case) to 3.887MB for 122892-byte allocation
D/dalvikvm(23983): GC_FOR_ALLOC freed <1K, 11% free 3920K/4384K, paused 5ms, total 5ms
D/dalvikvm(23983): GC_FOR_ALLOC freed 56K, 12% free 3864K/4384K, paused 4ms, total 4ms
I/dalvikvm-heap(23983): Grow heap (frag case) to 4.075MB for 253964-byte allocation
D/dalvikvm(23983): GC_FOR_ALLOC freed 0K, 12% free 4112K/4636K, paused 3ms, total 3ms
D/dalvikvm(23983): GC_FOR_ALLOC freed 121K, 14% free 3992K/4636K, paused 9ms, total 9ms
I/dalvikvm-heap(23983): Grow heap (frag case) to 4.450MB for 516108-byte allocation
D/dalvikvm(23983): GC_FOR_ALLOC freed 0K, 13% free 4496K/5144K, paused 4ms, total 4ms
D/dalvikvm(23983): GC_CONCURRENT freed 248K, 18% free 4248K/5144K, paused 2ms+1ms, total 5ms
D/dalvikvm(23983): GC_FOR_ALLOC freed 4K, 18% free 4247K/5144K, paused 11ms, total 11ms
I/dalvikvm-heap(23983): Grow heap (frag case) to 5.198MB for 1040396-byte allocation
D/dalvikvm(23983): GC_FOR_ALLOC freed <1K, 15% free 5263K/6164K, paused 14ms, total 14ms
I/fmod    (23983): AudioDevice::init : Min buffer size: 6896 bytes
I/fmod    (23983): AudioDevice::init : Actual buffer size: 8192 bytes
I/System.out(23983): body:<com.unity3d.ads.request.WebRequest: long makeStreamRequest(java.io.OutputStream)>	sig:virtualinvoke $r10.<java.net.HttpURLConnection: void disconnect()>()	timediff:0
D/dalvikvm(23983): GC_CONCURRENT freed 512K, 23% free 4762K/6164K, paused 2ms+7ms, total 38ms
D/dalvikvm(23983): WAIT_FOR_CONCURRENT_GC blocked 10ms
D/dalvikvm(23983): GC_FOR_ALLOC freed 4K, 13% free 5382K/6164K, paused 21ms, total 21ms
I/dalvikvm-heap(23983): Grow heap (frag case) to 6.533MB for 1278134-byte allocation
D/dalvikvm(23983): GC_FOR_ALLOC freed 0K, 11% free 6630K/7416K, paused 4ms, total 4ms
D/dalvikvm(23983): GC_CONCURRENT freed 0K, 11% free 6630K/7416K, paused 2ms+1ms, total 5ms
D/Cocos2dxActivity(23983): ACTIVITY ON WINDOW FOCUS CHANGED true
D/Cocos2dxActivity(23983): RESUME COCOS2D
W/ContextImpl(  476): Calling a method in the system process without a qualified user: android.app.ContextImpl.sendBroadcast:1123 com.android.server.InputMethodManagerService.hideCurrentInputLocked:1880 com.android.server.InputMethodManagerService.windowGainedFocus:2000 com.android.internal.view.IInputMethodManager$Stub.onTransact:221 com.android.server.InputMethodManagerService.onTransact:818 
W/IInputConnectionWrapper(20939): showStatusIcon on inactive InputConnection
I/System.out(23983): body:<com.applovin.impl.sdk.dp: java.lang.String c(java.lang.String)>	sig:$r0 = staticinvoke <java.net.URLEncoder: java.lang.String encode(java.lang.String,java.lang.String)>($r0, "UTF-8")	timediff:0
I/System.out(23983): body:<com.applovin.impl.sdk.o: java.net.HttpURLConnection a(java.lang.String,java.lang.String,int)>	sig:specialinvoke $r3.<java.net.URL: void <init>(java.lang.String)>($r1)	timediff:0
I/ActivityManager(  476): Displayed com.robtopx.geometryjumplite/.GeometryDashLite: +1s439ms (total +1m3s657ms)
I/System.out(23983): <com.applovin.impl.sdk.o: java.net.HttpURLConnection a(java.lang.String,java.lang.String,int)>###specialinvoke $r3.<java.net.URL: void <init>(java.lang.String)>($r1)###http://a.applovin.com/2.0/ad?v1=true&model=SM-G9350&adr=0&dx=1280&v4=true&dy=720&v3=true&accept=custom_size,launch_app,video&v2=true&api_did=&locale=en_US&app_version=2.11&network=wifi&revision=SM-G9350&preloading=true&ia=1521958770000&carrier=T-Mobile&wvvc=0&os=4.4.2&platform=android&tz_offset=-7.0&sdk_version=6.4.0&format=json&dnt=false&country_code=US&sdk_key=18ku3wT2XWSr-ywqCxayi7ELWP9IadDcnxVqszsNTIDSE7GR3sNmzb6U0Gnbu-CewhTmfK88dLbsTtIXigHgHO&size=INTER&si=0&li=0&vz=154c38965c0c0515&volume=73&brand=samsung&require=REGULAR&orientation_lock=landscape&idfa=ae6730db-609e-4b26-9ae6-e5aa257eed6f
I/System.out(23983): body:<com.applovin.impl.sdk.o: java.net.HttpURLConnection a(java.lang.String,java.lang.String,int)>	sig:$r6 = virtualinvoke $r3.<java.net.URL: java.net.URLConnection openConnection()>()	timediff:0
I/System.out(23983): body:<com.applovin.impl.sdk.o: java.net.HttpURLConnection a(java.lang.String,java.lang.String,int)>	sig:virtualinvoke $r7.<java.net.HttpURLConnection: void setRequestMethod(java.lang.String)>($r2)	timediff:0
I/System.out(23983): body:<com.applovin.impl.sdk.o: java.net.HttpURLConnection a(java.lang.String,java.lang.String,int)>	sig:virtualinvoke $r7.<java.net.HttpURLConnection: void setConnectTimeout(int)>($i1)	timediff:0
I/System.out(23983): body:<com.applovin.impl.sdk.o: java.net.HttpURLConnection a(java.lang.String,java.lang.String,int)>	sig:virtualinvoke $r7.<java.net.HttpURLConnection: void setReadTimeout(int)>($i0)	timediff:0
