I/System.out(31031): body:<com.amazonaws.http.UrlHttpClient: java.net.HttpURLConnection applyHeadersAndMethod(com.amazonaws.http.HttpRequest,java.net.HttpURLConnection)>	sig:virtualinvoke $r2.<java.net.HttpURLConnection: void setRequestProperty(java.lang.String,java.lang.String)>($r8, $r9)	timediff:0
I/System.out(31031): body:<com.amazonaws.http.UrlHttpClient: java.net.HttpURLConnection applyHeadersAndMethod(com.amazonaws.http.HttpRequest,java.net.HttpURLConnection)>	sig:virtualinvoke $r2.<java.net.HttpURLConnection: void setRequestProperty(java.lang.String,java.lang.String)>($r8, $r9)	timediff:0
I/System.out(31031): body:<com.amazonaws.http.UrlHttpClient: java.net.HttpURLConnection applyHeadersAndMethod(com.amazonaws.http.HttpRequest,java.net.HttpURLConnection)>	sig:virtualinvoke $r2.<java.net.HttpURLConnection: void setRequestMethod(java.lang.String)>($r9)	timediff:0
I/System.out(31031): body:<com.amazonaws.http.UrlHttpClient: void writeContentToConnection(com.amazonaws.http.HttpRequest,java.net.HttpURLConnection)>	sig:virtualinvoke $r2.<java.net.HttpURLConnection: void setDoOutput(boolean)>(1)	timediff:0
I/System.out(31031): body:<com.amazonaws.http.UrlHttpClient: void writeContentToConnection(com.amazonaws.http.HttpRequest,java.net.HttpURLConnection)>	sig:virtualinvoke $r2.<java.net.HttpURLConnection: void setFixedLengthStreamingMode(int)>($i2)	timediff:0
I/InputDispatcher(  492): Dropped event because of pending overdue app switch.
W/InputManager(  492): Input event injection from pid 31018 failed.
D/dalvikvm(  492): GC_CONCURRENT freed 6485K, 47% free 23372K/43776K, paused 1ms+26ms, total 130ms
I/Unity   (31031): PIXLOG: https://pixtestcs-a.akamaihd.net/0s.gif?game=design_home&action=Exit&os=Android&session_id=017a4586-c298-482c-8a73-507c5ca418df&session_age=8&device_timestamp=24&platform=samsung+SM-G9350&version=1.02.58&device_version=4.4.2&unity_id=8ffe1724-6999-44d8-8413-da2ef31e3640&covet_id=&debug=0&locale=en&language=en&device_region=US&google_ad_id=b2a4bb24-96c2-4808-8092-94b035a16c16&sent_time=1521945071
I/Unity   (31031):  
I/Unity   (31031): (Filename: ./artifacts/generated/common/runtime/UnityEngineDebugBindings.gen.cpp Line: 37)
I/Unity   (31031): 
I/ActivityManager(  492): START u0 {act=android.intent.action.MAIN cat=[android.intent.category.LAUNCHER] flg=0x10200000 cmp=com.crowdstar.covetHome/com.crowdstar.home.AndroidInterface.NanigansWrapper} from pid 31018
E/libEGL  (31031): call to OpenGL ES API with no current context (logged once per thread)
D/Crashlytics(31031): Recording exception: NullReferenceException
D/Crashlytics(31031): Exception stack trace: UnityEngine.RectTransform.get_sizeDelta ()
D/Crashlytics(31031): UnityEngine.RectTransform.SetSizeWithCurrentAnchors (Axis axis, Single size)
D/Crashlytics(31031): com.crowdstar.space.VoteScreen.OnRectTransformDimensionsChange ()
D/Crashlytics(31031): UnityEngine.UI.CanvasScaler:OnDisable()
I/System.out(31031): body:<com.amazonaws.http.UrlHttpClient: void writeContentToConnection(com.amazonaws.http.HttpRequest,java.net.HttpURLConnection)>	sig:$r4 = virtualinvoke $r2.<java.net.HttpURLConnection: java.io.OutputStream getOutputStream()>()	timediff:336
D/dalvikvm(31031): GC_CONCURRENT freed 394K, 12% free 4128K/4664K, paused 0ms+0ms, total 5ms
I/Unity   (31031): NullReferenceException
I/Unity   (31031):   at (wrapper managed-to-native) UnityEngine.RectTransform:INTERNAL_get_sizeDelta (UnityEngine.Vector2&)
I/Unity   (31031):   at UnityEngine.RectTransform.get_sizeDelta () [0x00000] in <filename unknown>:0 
I/Unity   (31031):   at UnityEngine.RectTransform.SetSizeWithCurrentAnchors (Axis axis, Single size) [0x00000] in <filename unknown>:0 
I/Unity   (31031):   at com.crowdstar.space.VoteScreen.OnRectTransformDimensionsChange () [0x00000] in <filename unknown>:0 
I/Unity   (31031): UnityEngine.Canvas:set_scaleFactor(Single)
I/Unity   (31031): UnityEngine.UI.CanvasScaler:SetScaleFactor(Single)
I/Unity   (31031): UnityEngine.UI.CanvasScaler:OnDisable()
I/Unity   (31031):  
I/Unity   (31031): (Filename:  Line: -1)
I/Unity   (31031): 
D/Crashlytics(31031): Recording exception: NullReferenceException
D/Crashlytics(31031): Exception stack trace: UnityEngine.RectTransform.get_sizeDelta ()
D/Crashlytics(31031): UnityEngine.RectTransform.SetSizeWithCurrentAnchors (Axis axis, Single size)
D/Crashlytics(31031): com.crowdstar.space.VoteScreen.OnRectTransformDimensionsChange ()
D/Crashlytics(31031): UnityEngine.UI.CanvasScaler:OnDisable()
I/Unity   (31031): NullReferenceException
I/Unity   (31031):   at (wrapper managed-to-native) UnityEngine.RectTransform:INTERNAL_get_sizeDelta (UnityEngine.Vector2&)
I/Unity   (31031):   at UnityEngine.RectTransform.get_sizeDelta () [0x00000] in <filename unknown>:0 
I/Unity   (31031):   at UnityEngine.RectTransform.SetSizeWithCurrentAnchors (Axis axis, Single size) [0x00000] in <filename unknown>:0 
I/Unity   (31031):   at com.crowdstar.space.VoteScreen.OnRectTransformDimensionsChange () [0x00000] in <filename unknown>:0 
I/Unity   (31031): UnityEngine.Canvas:set_scaleFactor(Single)
I/Unity   (31031): UnityEngine.UI.CanvasScaler:SetScaleFactor(Single)
I/Unity   (31031): UnityEngine.UI.CanvasScaler:OnDisable()
I/Unity   (31031):  
I/Unity   (31031): (Filename:  Line: -1)
I/Unity   (31031): 
D/dalvikvm( 3899): GC_FOR_ALLOC freed 403K, 23% free 3847K/4964K, paused 3ms, total 3ms
D/dalvikvm( 3899): GC_CONCURRENT freed 385K, 22% free 3889K/4964K, paused 13ms+1ms, total 17ms
D/dalvikvm( 3899): GC_FOR_ALLOC freed 235K, 21% free 3926K/4964K, paused 2ms, total 2ms
I/System.out(31031): body:<com.amazonaws.http.UrlHttpClient: com.amazonaws.http.HttpResponse createHttpResponse(com.amazonaws.http.HttpRequest,java.net.HttpURLConnection)>	sig:$r4 = virtualinvoke $r2.<java.net.HttpURLConnection: java.lang.String getResponseMessage()>()	timediff:215
I/System.out(31031): body:<com.amazonaws.http.UrlHttpClient: com.amazonaws.http.HttpResponse createHttpResponse(com.amazonaws.http.HttpRequest,java.net.HttpURLConnection)>	sig:$i0 = virtualinvoke $r2.<java.net.HttpURLConnection: int getResponseCode()>()	timediff:0
I/System.out(31031): body:<com.amazonaws.http.UrlHttpClient: com.amazonaws.http.HttpResponse createHttpResponse(com.amazonaws.http.HttpRequest,java.net.HttpURLConnection)>	sig:$r5 = virtualinvoke $r2.<java.net.HttpURLConnection: java.io.InputStream getErrorStream()>()	timediff:0
I/System.out(31031): body:<com.amazonaws.http.UrlHttpClient: com.amazonaws.http.HttpResponse createHttpResponse(com.amazonaws.http.HttpRequest,java.net.HttpURLConnection)>	sig:$r5 = virtualinvoke $r2.<java.net.HttpURLConnection: java.io.InputStream getInputStream()>()	timediff:0
I/System.out(31031): body:<empirical.HelperClass: void printURLInfo(java.lang.String,java.lang.String,java.net.URLConnection)>	sig:$r0 = virtualinvoke urlConnection.<java.net.URLConnection: java.net.URL getURL()>()	timediff:0
I/System.out(31031): body:<empirical.HelperClass: void printURLInfo(java.lang.String,java.lang.String,java.net.URLConnection)>	sig:urlString = virtualinvoke $r0.<java.net.URL: java.lang.String toString()>()	timediff:0
I/System.out(31031): body:<empirical.HelperClass: void printURLInfo(java.lang.String,java.lang.String,java.net.URLConnection)>	sig:isDoOutput = virtualinvoke urlConnection.<java.net.URLConnection: boolean getDoOutput()>()	timediff:0
I/System.out(31031): body:<empirical.HelperClass: java.lang.String getHeaderField(java.net.URLConnection,java.lang.String)>	sig:data = virtualinvoke conn.<java.net.URLConnection: java.lang.String getHeaderField(java.lang.String)>(field)	timediff:0
I/System.out(31031): body:<empirical.HelperClass: java.lang.String getHeaderField(java.net.URLConnection,java.lang.String)>	sig:data = virtualinvoke conn.<java.net.URLConnection: java.lang.String getHeaderField(java.lang.String)>(field)	timediff:0
I/System.out(31031): body:<empirical.HelperClass: java.lang.String getHeaderField(java.net.URLConnection,java.lang.String)>	sig:data = virtualinvoke conn.<java.net.URLConnection: java.lang.String getHeaderField(java.lang.String)>(field)	timediff:0
I/System.out(31031): body:<empirical.HelperClass: java.lang.String getHeaderField(java.net.URLConnection,java.lang.String)>	sig:data = virtualinvoke conn.<java.net.URLConnection: java.lang.String getHeaderField(java.lang.String)>(field)	timediff:0
I/System.out(31031): body:<empirical.HelperClass: java.lang.String getHeaderField(java.net.URLConnection,java.lang.String)>	sig:data = virtualinvoke conn.<java.net.URLConnection: java.lang.String getHeaderField(java.lang.String)>(field)	timediff:0
I/System.out(31031): URLConn;%;4;%;<com.amazonaws.http.UrlHttpClient: com.amazonaws.http.HttpResponse createHttpResponse(com.amazonaws.http.HttpRequest,java.net.HttpURLConnection)>;%;$r5 = virtualinvoke $r2.<java.net.HttpURLConnection: java.io.InputStream getInputStream()>();%;https://kinesis.us-east-1.amazonaws.com/;%;true;%;701;%;Not found;%;Not found;%;Not found;%;Not found
I/System.out(31031): body:<com.amazonaws.http.UrlHttpClient: com.amazonaws.http.HttpResponse createHttpResponse(com.amazonaws.http.HttpRequest,java.net.HttpURLConnection)>	sig:$r8 = virtualinvoke $r2.<java.net.HttpURLConnection: java.util.Map getHeaderFields()>()	timediff:0
D/AbstractKinesisRecorder(31031): submitAllRecords sent 6 records
D/dalvikvm(31031): GC_CONCURRENT freed 393K, 13% free 4123K/4724K, paused 2ms+0ms, total 5ms
I/System.out(31031): body:<com.amazonaws.AmazonWebServiceClient: com.amazonaws.auth.Signer computeSignerByURI(java.net.URI,java.lang.String,boolean)>	sig:$r5 = virtualinvoke $r1.<java.net.URI: java.lang.String getHost()>()	timediff:0
I/System.out(31031): body:<com.amazonaws.auth.AWS4Signer: void addHostHeader(com.amazonaws.Request)>	sig:$r4 = virtualinvoke $r3.<java.net.URI: java.lang.String getHost()>()	timediff:0
I/System.out(31031): body:<com.amazonaws.util.HttpUtils: boolean isUsingNonDefaultPort(java.net.URI)>	sig:$r1 = virtualinvoke $r0.<java.net.URI: java.lang.String getScheme()>()	timediff:0
I/System.out(31031): body:<com.amazonaws.util.HttpUtils: boolean isUsingNonDefaultPort(java.net.URI)>	sig:$i0 = virtualinvoke $r0.<java.net.URI: int getPort()>()	timediff:0
I/System.out(31031): body:<com.amazonaws.auth.AWS4Signer: java.lang.String getCanonicalRequest(com.amazonaws.Request,java.lang.String)>	sig:$r4 = virtualinvoke $r3.<java.net.URI: java.lang.String getPath()>()	timediff:0
I/System.out(31031): body:<com.amazonaws.util.HttpUtils: java.lang.String urlEncode(java.lang.String,boolean)>	sig:$r0 = staticinvoke <java.net.URLEncoder: java.lang.String encode(java.lang.String,java.lang.String)>($r0, "UTF-8")	timediff:0
I/System.out(31031): body:<com.amazonaws.util.HttpUtils: java.lang.String urlEncode(java.lang.String,boolean)>	sig:$r0 = staticinvoke <java.net.URLEncoder: java.lang.String encode(java.lang.String,java.lang.String)>($r0, "UTF-8")	timediff:0
I/System.out(31031): body:<com.amazonaws.http.HttpRequestFactory: com.amazonaws.http.HttpRequest createHttpRequest(com.amazonaws.Request,com.amazonaws.ClientConfiguration,com.amazonaws.http.ExecutionContext)>	sig:$r7 = virtualinvoke $r8.<java.net.URI: java.lang.String toString()>()	timediff:1
I/System.out(31031): body:<com.amazonaws.util.HttpUtils: java.lang.String urlEncode(java.lang.String,boolean)>	sig:$r0 = staticinvoke <java.net.URLEncoder: java.lang.String encode(java.lang.String,java.lang.String)>($r0, "UTF-8")	timediff:0
I/System.out(31031): body:<com.amazonaws.http.HttpRequestFactory: void configureHeaders(java.util.Map,com.amazonaws.Request,com.amazonaws.http.ExecutionContext,com.amazonaws.ClientConfiguration)>	sig:$r7 = virtualinvoke $r6.<java.net.URI: java.lang.String getHost()>()	timediff:0
I/System.out(31031): body:<com.amazonaws.util.HttpUtils: boolean isUsingNonDefaultPort(java.net.URI)>	sig:$r1 = virtualinvoke $r0.<java.net.URI: java.lang.String getScheme()>()	timediff:0
I/System.out(31031): body:<com.amazonaws.util.HttpUtils: boolean isUsingNonDefaultPort(java.net.URI)>	sig:$i0 = virtualinvoke $r0.<java.net.URI: int getPort()>()	timediff:0
I/System.out(31031): body:<com.amazonaws.http.HttpRequestFactory: com.amazonaws.http.HttpRequest createHttpRequest(com.amazonaws.Request,com.amazonaws.ClientConfiguration,com.amazonaws.http.ExecutionContext)>	sig:$r8 = staticinvoke <java.net.URI: java.net.URI create(java.lang.String)>($r7)	timediff:0
I/System.out(31031): body:<com.amazonaws.http.UrlHttpClient: com.amazonaws.http.HttpResponse execute(com.amazonaws.http.HttpRequest)>	sig:$r3 = virtualinvoke $r2.<java.net.URI: java.net.URL toURL()>()	timediff:0
I/System.out(31031): body:<com.amazonaws.http.UrlHttpClient: com.amazonaws.http.HttpResponse execute(com.amazonaws.http.HttpRequest)>	sig:$r4 = virtualinvoke $r3.<java.net.URL: java.net.URLConnection openConnection()>()	timediff:0
I/System.out(31031): body:<com.amazonaws.http.UrlHttpClient: void configureConnection(java.net.HttpURLConnection)>	sig:virtualinvoke $r1.<java.net.HttpURLConnection: void setConnectTimeout(int)>($i0)	timediff:0
I/System.out(31031): body:<com.amazonaws.http.UrlHttpClient: void configureConnection(java.net.HttpURLConnection)>	sig:virtualinvoke $r1.<java.net.HttpURLConnection: void setReadTimeout(int)>($i0)	timediff:0
I/System.out(31031): body:<com.amazonaws.http.UrlHttpClient: void configureConnection(java.net.HttpURLConnection)>	sig:virtualinvoke $r1.<java.net.HttpURLConnection: void setInstanceFollowRedirects(boolean)>(0)	timediff:0
I/System.out(31031): body:<com.amazonaws.http.UrlHttpClient: void configureConnection(java.net.HttpURLConnection)>	sig:virtualinvoke $r1.<java.net.HttpURLConnection: void setUseCaches(boolean)>(0)	timediff:0
I/System.out(31031): body:<com.amazonaws.http.UrlHttpClient: java.net.HttpURLConnection applyHeadersAndMethod(com.amazonaws.http.HttpRequest,java.net.HttpURLConnection)>	sig:virtualinvoke $r2.<java.net.HttpURLConnection: void setRequestProperty(java.lang.String,java.lang.String)>($r8, $r9)	timediff:0
I/System.out(31031): body:<com.amazonaws.http.UrlHttpClient: java.net.HttpURLConnection applyHeadersAndMethod(com.amazonaws.http.HttpRequest,java.net.HttpURLConnection)>	sig:virtualinvoke $r2.<java.net.HttpURLConnection: void setRequestProperty(java.lang.String,java.lang.String)>($r8, $r9)	timediff:0
I/System.out(31031): body:<com.amazonaws.http.UrlHttpClient: java.net.HttpURLConnection applyHeadersAndMethod(com.amazonaws.http.HttpRequest,java.net.HttpURLConnection)>	sig:virtualinvoke $r2.<java.net.HttpURLConnection: void setRequestProperty(java.lang.String,java.lang.String)>($r8, $r9)	timediff:0
I/System.out(31031): body:<com.amazonaws.http.UrlHttpClient: java.net.HttpURLConnection applyHeadersAndMethod(com.amazonaws.http.HttpRequest,java.net.HttpURLConnection)>	sig:virtualinvoke $r2.<java.net.HttpURLConnection: void setRequestProperty(java.lang.String,java.lang.String)>($r8, $r9)	timediff:0
I/System.out(31031): body:<com.amazonaws.http.UrlHttpClient: java.net.HttpURLConnection applyHeadersAndMethod(com.amazonaws.http.HttpRequest,java.net.HttpURLConnection)>	sig:virtualinvoke $r2.<java.net.HttpURLConnection: void setRequestProperty(java.lang.String,java.lang.String)>($r8, $r9)	timediff:0
I/System.out(31031): body:<com.amazonaws.http.UrlHttpClient: java.net.HttpURLConnection applyHeadersAndMethod(com.amazonaws.http.HttpRequest,java.net.HttpURLConnection)>	sig:virtualinvoke $r2.<java.net.HttpURLConnection: void setRequestProperty(java.lang.String,java.lang.String)>($r8, $r9)	timediff:0
I/System.out(31031): body:<com.amazonaws.http.UrlHttpClient: java.net.HttpURLConnection applyHeadersAndMethod(com.amazonaws.http.HttpRequest,java.net.HttpURLConnection)>	sig:virtualinvoke $r2.<java.net.HttpURLConnection: void setRequestProperty(java.lang.String,java.lang.String)>($r8, $r9)	timediff:1
I/System.out(31031): body:<com.amazonaws.http.UrlHttpClient: java.net.HttpURLConnection applyHeadersAndMethod(com.amazonaws.http.HttpRequest,java.net.HttpURLConnection)>	sig:virtualinvoke $r2.<java.net.HttpURLConnection: void setRequestProperty(java.lang.String,java.lang.String)>($r8, $r9)	timediff:0
I/System.out(31031): body:<com.amazonaws.http.UrlHttpClient: java.net.HttpURLConnection applyHeadersAndMethod(com.amazonaws.http.HttpRequest,java.net.HttpURLConnection)>	sig:virtualinvoke $r2.<java.net.HttpURLConnection: void setRequestProperty(java.lang.String,java.lang.String)>($r8, $r9)	timediff:0
I/System.out(31031): body:<com.amazonaws.http.UrlHttpClient: java.net.HttpURLConnection applyHeadersAndMethod(com.amazonaws.http.HttpRequest,java.net.HttpURLConnection)>	sig:virtualinvoke $r2.<java.net.HttpURLConnection: void setRequestProperty(java.lang.String,java.lang.String)>($r8, $r9)	timediff:0
I/System.out(31031): body:<com.amazonaws.http.UrlHttpClient: java.net.HttpURLConnection applyHeadersAndMethod(com.amazonaws.http.HttpRequest,java.net.HttpURLConnection)>	sig:virtualinvoke $r2.<java.net.HttpURLConnection: void setRequestMethod(java.lang.String)>($r9)	timediff:0
I/System.out(31031): body:<com.amazonaws.http.UrlHttpClient: void writeContentToConnection(com.amazonaws.http.HttpRequest,java.net.HttpURLConnection)>	sig:virtualinvoke $r2.<java.net.HttpURLConnection: void setDoOutput(boolean)>(1)	timediff:0
I/System.out(31031): body:<com.amazonaws.http.UrlHttpClient: void writeContentToConnection(com.amazonaws.http.HttpRequest,java.net.HttpURLConnection)>	sig:virtualinvoke $r2.<java.net.HttpURLConnection: void setFixedLengthStreamingMode(int)>($i2)	timediff:0
I/System.out(31031): body:<com.amazonaws.http.UrlHttpClient: void writeContentToConnection(com.amazonaws.http.HttpRequest,java.net.HttpURLConnection)>	sig:$r4 = virtualinvoke $r2.<java.net.HttpURLConnection: java.io.OutputStream getOutputStream()>()	timediff:23
I/Process (31031): Sending signal. PID: 31031 SIG: 9
I/ActivityManager(  492): Process com.crowdstar.covetHome (pid 31031) has died.
I/WindowState(  492): WIN DEATH: Window{4b238c18 u0 com.crowdstar.covetHome/com.crowdstar.home.AndroidInterface.NanigansWrapper}
W/NetworkManagementSocketTagger(  492): setKernelCountSet(10104, 0) failed with errno -13
W/ActivityManager(  492): Force removing ActivityRecord{4af72b10 u0 com.crowdstar.covetHome/com.crowdstar.home.AndroidInterface.NanigansWrapper t84}: app died, no saved state
I/InputDispatcher(  492): Dropping event because there is no focused window or focused application.
I/InputDispatcher(  492): Dropping event because there is no focused window or focused application.
I/InputDispatcher(  492): Dropping event because there is no focused window or focused application.
I/InputDispatcher(  492): Dropping event because there is no focused window or focused application.
I/InputDispatcher(  492): Dropping event because there is no focused window or focused application.
I/InputDispatcher(  492): Dropping event because there is no focused window or focused application.
I/InputDispatcher(  492): Dropping event because there is no focused window or focused application.
I/InputDispatcher(  492): Dropping event because there is no focused window or focused application.
W/NetworkManagementSocketTagger(  492): setKernelCountSet(10103, 1) failed with errno -13
I/InputDispatcher(  492): Dropping event because there is no focused window or focused application.
I/InputDispatcher(  492): Dropping event because there is no focused window or focused application.
W/InputManager(  492): Input event injection from pid 31018 failed.
W/InputManager(  492): Input event injection from pid 31018 failed.
W/InputManager(  492): Input event injection from pid 31018 failed.
W/InputManager(  492): Input event injection from pid 31018 failed.
W/InputManager(  492): Input event injection from pid 31018 failed.
W/InputManager(  492): Input event injection from pid 31018 failed.
W/InputManager(  492): Input event injection from pid 31018 failed.
W/InputManager(  492): Input event injection from pid 31018 failed.
W/InputManager(  492): Input event injection from pid 31018 failed.
W/InputManager(  492): Input event injection from pid 31018 failed.
W/InputManager(  492): Input event injection from pid 31018 failed.
W/InputManager(  492): Input event injection from pid 31018 failed.
W/InputManager(  492): Input event injection from pid 31018 failed.
W/InputManager(  492): Input event injection from pid 31018 failed.
W/InputManager(  492): Input event injection from pid 31018 failed.
W/InputManager(  492): Input event injection from pid 31018 failed.
I/InputDispatcher(  492): Dropping event because there is no focused window or focused application.
I/InputDispatcher(  492): Dropping event because there is no focused window or focused application.
I/InputDispatcher(  492): Dropping event because there is no focused window or focused application.
I/AppsFlyer_3.0(29144): onActivityResume called
I/InputDispatcher(  492): Dropping event because there is no focused window or focused application.
I/InputDispatcher(  492): Dropping event because there is no focused window or focused application.
I/InputDispatcher(  492): Dropping event because there is no focused window or focused application.
I/InputDispatcher(  492): Dropping event because there is no focused window or focused application.
I/InputDispatcher(  492): Dropping event because there is no focused window or focused application.
W/InputManager(  492): Input event injection from pid 31018 failed.
W/InputManager(  492): Input event injection from pid 31018 failed.
W/InputManager(  492): Input event injection from pid 31018 failed.
W/InputManager(  492): Input event injection from pid 31018 failed.
W/InputManager(  492): Input event injection from pid 31018 failed.
W/InputManager(  492): Input event injection from pid 31018 failed.
W/InputManager(  492): Input event injection from pid 31018 failed.
W/InputManager(  492): Input event injection from pid 31018 failed.
W/InputManager(  492): Input event injection from pid 31018 failed.
W/InputManager(  492): Input event injection from pid 31018 failed.
I/InputDispatcher(  492): Dropping event because there is no focused window or focused application.
I/InputDispatcher(  492): Dropping event because there is no focused window or focused application.
I/InputDispatcher(  492): Dropping event because there is no focused window or focused application.
I/InputDispatcher(  492): Dropping event because there is no focused window or focused application.
I/InputDispatcher(  492): Dropping event because there is no focused window or focused application.
I/InputDispatcher(  492): Dropping event because there is no focused window or focused application.
I/InputDispatcher(  492): Dropping event because there is no focused window or focused application.
I/InputDispatcher(  492): Dropping event because there is no focused window or focused application.
I/InputDispatcher(  492): Dropping event because there is no focused window or focused application.
I/InputDispatcher(  492): Dropping event because there is no focused window or focused application.
W/InputManager(  492): Input event injection from pid 31018 failed.
W/InputManager(  492): Input event injection from pid 31018 failed.
W/InputManager(  492): Input event injection from pid 31018 failed.
W/InputManager(  492): Input event injection from pid 31018 failed.
W/InputManager(  492): Input event injection from pid 31018 failed.
W/InputManager(  492): Input event injection from pid 31018 failed.
W/InputManager(  492): Input event injection from pid 31018 failed.
W/InputManager(  492): Input event injection from pid 31018 failed.
W/InputManager(  492): Input event injection from pid 31018 failed.
W/InputManager(  492): Input event injection from pid 31018 failed.
W/InputManager(  492): Input event injection from pid 31018 failed.
W/InputManager(  492): Input event injection from pid 31018 failed.
I/InputDispatcher(  492): Dropping event because there is no focused window or focused application.
I/InputDispatcher(  492): Dropping event because there is no focused window or focused application.
I/InputDispatcher(  492): Dropping event because there is no focused window or focused application.
D/xushengmingaaaa(29144): shengming----6 time = 1521945071351
W/InputManager(  492): Input event injection from pid 31018 failed.
W/InputManager(  492): Input event injection from pid 31018 failed.
W/InputManager(  492): Input event injection from pid 31018 failed.
W/InputManager(  492): Input event injection from pid 31018 failed.
W/InputManager(  492): Input event injection from pid 31018 failed.
I/InputDispatcher(  492): Dropping event because there is no focused window or focused application.
I/InputDispatcher(  492): Dropping event because there is no focused window or focused application.
I/InputDispatcher(  492): Dropping event because there is no focused window or focused application.
I/InputDispatcher(  492): Dropping event because there is no focused window or focused application.
I/InputDispatcher(  492): Dropping event because there is no focused window or focused application.
I/InputDispatcher(  492): Dropping event because there is no focused window or focused application.
I/InputDispatcher(  492): Dropping event because there is no focused window or focused application.
I/InputDispatcher(  492): Dropping event because there is no focused window or focused application.
I/InputDispatcher(  492): Dropping event because there is no focused window or focused application.
I/InputDispatcher(  492): Dropping event because there is no focused window or focused application.
I/InputDispatcher(  492): Dropping event because there is no focused window or focused application.
I/InputDispatcher(  492): Dropping event because there is no focused window or focused application.
I/InputDispatcher(  492): Dropping event because there is no focused window or focused application.
W/InputManager(  492): Input event injection from pid 31018 failed.
W/InputManager(  492): Input event injection from pid 31018 failed.
W/InputManager(  492): Input event injection from pid 31018 failed.
W/InputManager(  492): Input event injection from pid 31018 failed.
W/InputManager(  492): Input event injection from pid 31018 failed.
W/InputManager(  492): Input event injection from pid 31018 failed.
W/InputManager(  492): Input event injection from pid 31018 failed.
W/InputManager(  492): Input event injection from pid 31018 failed.
W/InputManager(  492): Input event injection from pid 31018 failed.
W/InputManager(  492): Input event injection from pid 31018 failed.
W/InputManager(  492): Input event injection from pid 31018 failed.
W/InputManager(  492): Input event injection from pid 31018 failed.
W/InputManager(  492): Input event injection from pid 31018 failed.
I/System.out(29144): body:<com.vungle.publisher.wi: com.vungle.publisher.vy a(com.vungle.publisher.vs)>	sig:specialinvoke $r8.<java.net.URL: void <init>(java.lang.String)>($r2)	timediff:0
I/System.out(29144): <com.vungle.publisher.wi: com.vungle.publisher.vy a(com.vungle.publisher.vs)>###specialinvoke $r8.<java.net.URL: void <init>(java.lang.String)>($r2)###https://api.vungle.com/api/v4/sessionStart
I/InputDispatcher(  492): Dropping event because there is no focused window or focused application.
I/System.out(29144): body:<com.vungle.publisher.wi: com.vungle.publisher.vy a(com.vungle.publisher.vs)>	sig:$r9 = virtualinvoke $r8.<java.net.URL: java.net.URLConnection openConnection()>()	timediff:0
I/System.out(29144): body:<com.vungle.publisher.wi: com.vungle.publisher.vy a(com.vungle.publisher.vs)>	sig:virtualinvoke $r10.<java.net.HttpURLConnection: void setConnectTimeout(int)>(10000)	timediff:0
I/System.out(29144): body:<com.vungle.publisher.wi: com.vungle.publisher.vy a(com.vungle.publisher.vs)>	sig:virtualinvoke $r10.<java.net.HttpURLConnection: void setInstanceFollowRedirects(boolean)>(0)	timediff:0
I/System.out(29144): body:<com.vungle.publisher.wi: com.vungle.publisher.vy a(com.vungle.publisher.vs)>	sig:virtualinvoke $r10.<java.net.HttpURLConnection: void setReadTimeout(int)>(10000)	timediff:0
I/System.out(29144): body:<com.vungle.publisher.wi: com.vungle.publisher.vy a(com.vungle.publisher.vs)>	sig:virtualinvoke $r10.<java.net.HttpURLConnection: void setUseCaches(boolean)>(0)	timediff:0
I/System.out(29144): body:<com.vungle.publisher.wi: com.vungle.publisher.vy a(com.vungle.publisher.vs)>	sig:virtualinvoke $r10.<java.net.HttpURLConnection: void setRequestMethod(java.lang.String)>($r7)	timediff:0
I/System.out(29144): body:<com.vungle.publisher.wi: void a(java.net.HttpURLConnection,com.vungle.publisher.vs)>	sig:virtualinvoke $r0.<java.net.HttpURLConnection: void addRequestProperty(java.lang.String,java.lang.String)>($r8, $r10)	timediff:0
I/System.out(29144): body:<com.vungle.publisher.wi: void a(java.net.HttpURLConnection,com.vungle.publisher.vs)>	sig:virtualinvoke $r0.<java.net.HttpURLConnection: void addRequestProperty(java.lang.String,java.lang.String)>($r8, $r10)	timediff:0
I/System.out(29144): body:<com.vungle.publisher.wi: void a(java.net.HttpURLConnection,com.vungle.publisher.vs)>	sig:virtualinvoke $r0.<java.net.HttpURLConnection: void addRequestProperty(java.lang.String,java.lang.String)>($r8, $r10)	timediff:0
I/System.out(29144): body:<com.vungle.publisher.wi: void a(java.net.HttpURLConnection,com.vungle.publisher.vs)>	sig:virtualinvoke $r0.<java.net.HttpURLConnection: void addRequestProperty(java.lang.String,java.lang.String)>($r8, $r10)	timediff:0
I/System.out(29144): body:<com.vungle.publisher.wi: void a(java.net.HttpURLConnection,com.vungle.publisher.vs)>	sig:virtualinvoke $r0.<java.net.HttpURLConnection: void addRequestProperty(java.lang.String,java.lang.String)>($r8, $r10)	timediff:0
I/System.out(29144): body:<com.vungle.publisher.wi: com.vungle.publisher.vy a(com.vungle.publisher.vs)>	sig:virtualinvoke $r10.<java.net.HttpURLConnection: void setDoOutput(boolean)>(1)	timediff:0
I/System.out(29144): body:<com.vungle.publisher.wi: com.vungle.publisher.vy a(com.vungle.publisher.vs)>	sig:virtualinvoke $r10.<java.net.HttpURLConnection: void setFixedLengthStreamingMode(int)>($i1)	timediff:0
I/InputDispatcher(  492): Dropping event because there is no focused window or focused application.
I/InputDispatcher(  492): Dropping event because there is no focused window or focused application.
I/InputDispatcher(  492): Dropping event because there is no focused window or focused application.
I/InputDispatcher(  492): Dropping event because there is no focused window or focused application.
I/InputDispatcher(  492): Dropping event because there is no focused window or focused application.
I/InputDispatcher(  492): Dropping event because there is no focused window or focused application.
I/InputDispatcher(  492): Dropping event because there is no focused window or focused application.
I/InputDispatcher(  492): Dropping event because there is no focused window or focused application.
I/InputDispatcher(  492): Dropping event because there is no focused window or focused application.
I/ActivityManager(  492): START u0 {act=android.intent.action.MAIN cat=[android.intent.category.HOME] flg=0x10200000 cmp=com.vphone.launcher/.Launcher} from pid 492
W/InputManager(  492): Input event injection from pid 31018 failed.
W/InputManager(  492): Input event injection from pid 31018 failed.
W/InputManager(  492): Input event injection from pid 31018 failed.
W/InputManager(  492): Input event injection from pid 31018 failed.
W/InputManager(  492): Input event injection from pid 31018 failed.
W/InputManager(  492): Input event injection from pid 31018 failed.
W/InputManager(  492): Input event injection from pid 31018 failed.
W/InputManager(  492): Input event injection from pid 31018 failed.
W/InputManager(  492): Input event injection from pid 31018 failed.
W/InputManager(  492): Input event injection from pid 31018 failed.
W/InputManager(  492): Input event injection from pid 31018 failed.
W/InputManager(  492): Input event injection from pid 31018 failed.
I/InputDispatcher(  492): Dropping event because there is no focused window or focused application.
I/InputDispatcher(  492): Dropping event because there is no focused window or focused application.
W/InputManager(  492): Input event injection from pid 31018 failed.
W/InputManager(  492): Input event injection from pid 31018 failed.
W/InputManager(  492): Input event injection from pid 31018 failed.
W/InputManager(  492): Input event injection from pid 31018 failed.
W/InputManager(  492): Input event injection from pid 31018 failed.
W/InputManager(  492): Input event injection from pid 31018 failed.
W/InputManager(  492): Input event injection from pid 31018 failed.
W/InputManager(  492): Input event injection from pid 31018 failed.
I/InputDispatcher(  492): Dropping event because there is no focused window or focused application.
I/InputDispatcher(  492): Dropping event because there is no focused window or focused application.
I/InputDispatcher(  492): Dropping event because there is no focused window or focused application.
I/InputDispatcher(  492): Dropping event because there is no focused window or focused application.
I/System.out(29144): body:<com.vungle.publisher.wi: com.vungle.publisher.vy a(com.vungle.publisher.vs)>	sig:$r17 = virtualinvoke $r10.<java.net.HttpURLConnection: java.io.OutputStream getOutputStream()>()	timediff:32
W/InputManager(  492): Input event injection from pid 31018 failed.
W/InputManager(  492): Input event injection from pid 31018 failed.
W/InputManager(  492): Input event injection from pid 31018 failed.
W/InputManager(  492): Input event injection from pid 31018 failed.
W/InputManager(  492): Input event injection from pid 31018 failed.
I/InputDispatcher(  492): Dropping event because there is no focused window or focused application.
I/InputDispatcher(  492): Dropping event because there is no focused window or focused application.
I/InputDispatcher(  492): Dropping event because there is no focused window or focused application.
I/InputDispatcher(  492): Dropping event because there is no focused window or focused application.
I/InputDispatcher(  492): Dropping event because there is no focused window or focused application.
W/InputManager(  492): Input event injection from pid 31018 failed.
W/InputManager(  492): Input event injection from pid 31018 failed.
W/InputManager(  492): Input event injection from pid 31018 failed.
W/InputManager(  492): Input event injection from pid 31018 failed.
I/InputDispatcher(  492): Dropping event because there is no focused window or focused application.
I/InputDispatcher(  492): Dropping event because there is no focused window or focused application.
I/InputDispatcher(  492): Dropping event because there is no focused window or focused application.
I/InputDispatcher(  492): Dropping event because there is no focused window or focused application.
I/InputDispatcher(  492): Dropping event because there is no focused window or focused application.
I/InputDispatcher(  492): Dropping event because there is no focused window or focused application.
I/InputDispatcher(  492): Dropping event because there is no focused window or focused application.
I/InputDispatcher(  492): Dropping event because there is no focused window or focused application.
I/InputDispatcher(  492): Dropping event because there is no focused window or focused application.
I/InputDispatcher(  492): Dropping event because there is no focused window or focused application.
W/InputManager(  492): Input event injection from pid 31018 failed.
W/InputManager(  492): Input event injection from pid 31018 failed.
W/InputManager(  492): Input event injection from pid 31018 failed.
W/InputManager(  492): Input event injection from pid 31018 failed.
W/InputManager(  492): Input event injection from pid 31018 failed.
W/InputManager(  492): Input event injection from pid 31018 failed.
W/InputManager(  492): Input event injection from pid 31018 failed.
W/InputManager(  492): Input event injection from pid 31018 failed.
W/InputManager(  492): Input event injection from pid 31018 failed.
W/InputManager(  492): Input event injection from pid 31018 failed.
W/InputManager(  492): Input event injection from pid 31018 failed.
I/InputDispatcher(  492): Dropping event because there is no focused window or focused application.
I/InputDispatcher(  492): Dropping event because there is no focused window or focused application.
W/InputManager(  492): Input event injection from pid 31018 failed.
W/InputManager(  492): Input event injection from pid 31018 failed.
I/InputDispatcher(  492): Dropping event because there is no focused window or focused application.
I/InputDispatcher(  492): Dropping event because there is no focused window or focused application.
I/InputDispatcher(  492): Dropping event because there is no focused window or focused application.
W/InputManager(  492): Input event injection from pid 31018 failed.
W/InputManager(  492): Input event injection from pid 31018 failed.
W/InputManager(  492): Input event injection from pid 31018 failed.
W/InputManager(  492): Input event injection from pid 31018 failed.
I/InputDispatcher(  492): Dropping event because there is no focused window or focused application.
I/InputDispatcher(  492): Dropping event because there is no focused window or focused application.
I/InputDispatcher(  492): Dropping event because there is no focused window or focused application.
I/InputDispatcher(  492): Dropping event because there is no focused window or focused application.
W/InputManager(  492): Input event injection from pid 31018 failed.
W/InputManager(  492): Input event injection from pid 31018 failed.
W/InputManager(  492): Input event injection from pid 31018 failed.
W/InputManager(  492): Input event injection from pid 31018 failed.
W/InputManager(  492): Input event injection from pid 31018 failed.
W/InputManager(  492): Input event injection from pid 31018 failed.
W/InputManager(  492): Input event injection from pid 31018 failed.
W/InputManager(  492): Input event injection from pid 31018 failed.
W/InputManager(  492): Input event injection from pid 31018 failed.
W/InputManager(  492): Input event injection from pid 31018 failed.
W/InputManager(  492): Input event injection from pid 31018 failed.
I/InputDispatcher(  492): Dropping event because there is no focused window or focused application.
W/InputManager(  492): Input event injection from pid 31018 failed.
W/InputManager(  492): Input event injection from pid 31018 failed.
I/InputDispatcher(  492): Dropping event because there is no focused window or focused application.
W/InputManager(  492): Input event injection from pid 31018 failed.
I/InputDispatcher(  492): Dropping event because there is no focused window or focused application.
I/InputDispatcher(  492): Dropping event because there is no focused window or focused application.
W/InputManager(  492): Input event injection from pid 31018 failed.
W/InputManager(  492): Input event injection from pid 31018 failed.
W/InputManager(  492): Input event injection from pid 31018 failed.
W/InputManager(  492): Input event injection from pid 31018 failed.
W/InputManager(  492): Input event injection from pid 31018 failed.
W/InputManager(  492): Input event injection from pid 31018 failed.
W/InputManager(  492): Input event injection from pid 31018 failed.
W/InputManager(  492): Input event injection from pid 31018 failed.
W/InputManager(  492): Input event injection from pid 31018 failed.
W/InputManager(  492): Input event injection from pid 31018 failed.
W/InputManager(  492): Input event injection from pid 31018 failed.
W/InputManager(  492): Input event injection from pid 31018 failed.
W/InputManager(  492): Input event injection from pid 31018 failed.
W/InputManager(  492): Input event injection from pid 31018 failed.
I/InputDispatcher(  492): Dropping event because there is no focused window or focused application.
I/InputDispatcher(  492): Dropping event because there is no focused window or focused application.
W/InputManager(  492): Input event injection from pid 31018 failed.
W/InputManager(  492): Input event injection from pid 31018 failed.
W/EGL_emulation(29144): eglSurfaceAttrib not implemented 3093 12436
D/kinfoc  (29157): tableName  whitetile2_neitui_popup
D/kinfoc  (29157): tableData: player_time=2018-03-24 19:31:11&style=3&popup=0&action=0&uptime=1521945071&ab=4&pkgname=all&network=3
D/kinfoc  (29157): infoc cache dir: /data/user/0/com.cmplay.tiles2/files/kinfoc
W/ContextImpl(  492): Calling a method in the system process without a qualified user: android.app.ContextImpl.sendBroadcast:1123 com.android.server.InputMethodManagerService.hideCurrentInputLocked:1880 com.android.server.InputMethodManagerService.windowGainedFocus:1968 com.android.internal.view.IInputMethodManager$Stub.onTransact:221 com.android.server.InputMethodManagerService.onTransact:818 
W/InputMethodManagerService(  492): Got RemoteException sending setActive(false) notification to pid 31031 uid 10104
W/Binder  (  692): Caught a RuntimeException from the binder stub implementation.
W/Binder  (  692): java.lang.NullPointerException
W/Binder  (  692): 	at android.inputmethodservice.IInputMethodWrapper.setSessionEnabled(IInputMethodWrapper.java:280)
W/Binder  (  692): 	at com.android.internal.view.IInputMethod$Stub.onTransact(IInputMethod.java:129)
W/Binder  (  692): 	at android.os.Binder.execTransact(Binder.java:404)
W/Binder  (  692): 	at dalvik.system.NativeStart.run(Native Method)
D/kinfoc  (29157): write file: /data/user/0/com.cmplay.tiles2/files/kinfoc/228-5e0429f5-5ab709ef-a.ich success
I/ActivityManager(  492): START u0 {act=android.intent.action.CALL_BUTTON flg=0x10000000} from pid 29144
W/PhoneFallbackEventHandler(29144): No activity found for android.intent.action.CALL_BUTTON.
I/InputDispatcher(  492): Dropped event because of pending overdue app switch.
W/InputManager(  492): Input event injection from pid 31018 failed.
I/System.out(29144): body:<com.vungle.publisher.wi: com.vungle.publisher.vy a(com.vungle.publisher.vs)>	sig:$i2 = virtualinvoke $r10.<java.net.HttpURLConnection: int getResponseCode()>()	timediff:558
I/System.out(29144): body:<com.vungle.publisher.wi: com.vungle.publisher.vy a(com.vungle.publisher.vs)>	sig:$r25 = virtualinvoke $r10.<java.net.HttpURLConnection: java.lang.String getContentType()>()	timediff:0
I/System.out(29144): body:<com.vungle.publisher.wi: com.vungle.publisher.vy a(com.vungle.publisher.vs)>	sig:$r8 = virtualinvoke $r3.<java.net.HttpURLConnection: java.net.URL getURL()>()	timediff:0
E/AudioSink(  172): received unknown event type: 1 inside CallbackWrapper !
I/ActivityManager(  492): START u0 {act=android.intent.action.MAIN cat=[android.intent.category.LAUNCHER] flg=0x10000000 cmp=android/com.android.internal.app.ResolverActivity sel={act=android.intent.action.MAIN cat=[android.intent.category.APP_BROWSER]}} from pid 492
I/ActivityManager(  492): START u0 {act=android.intent.action.MAIN cat=[android.intent.category.LAUNCHER] flg=0x10000000 sel={act=android.intent.action.MAIN cat=[android.intent.category.APP_EMAIL]}} from pid 492
I/ActivityManager(  492): START u0 {act=android.intent.action.MAIN cat=[android.intent.category.LAUNCHER] flg=0x10200000 cmp=com.crowdstar.covetHome/com.crowdstar.home.AndroidInterface.NanigansWrapper} from pid 31018
I/AppsFlyer_3.0(29144): onActivityPause called
D/dalvikvm(  752): GC_CONCURRENT freed 3973K, 24% free 14624K/19020K, paused 2ms+2ms, total 178ms
D/dalvikvm(  752): WAIT_FOR_CONCURRENT_GC blocked 163ms
I/ActivityManager(  492): Start proc com.crowdstar.covetHome for activity com.crowdstar.covetHome/com.crowdstar.home.AndroidInterface.NanigansWrapper: pid=31151 uid=10104 gids={50104, 3003, 1028, 1015, 1023}
W/NetworkManagementSocketTagger(  492): setKernelCountSet(10104, 1) failed with errno -13
I/dalvikvm(31151): ignoring registerObject request in thread=1
I/dalvikvm(31151): ignoring registerObject request in thread=1
I/MultiDex(31151): VM with version 1.6.0 does not have multidex support
I/MultiDex(31151): install
I/MultiDex(31151): MultiDexExtractor.load(/data/app/com.crowdstar.covetHome-2.apk, false)
I/MultiDex(31151): loading existing secondary dex files
I/MultiDex(31151): load found 1 secondary dex files
I/MultiDex(31151): install done
D/appsFlyer_zzb___index:0(29144): appsFlyer eventValue={af_level=1, af_score=0}
I/AppsFlyer_3.0(29144): AsendTrackingWithEvent from activity: com.cmplay.tile2.GameApp
I/AppsFlyer_3.0-945072927(29144): ******* sendTrackingWithEvent: af_level_achieved
W/DebugConnManager(29144): getNetworkInfo() on networkType 1
E/ActivityThread(29144): Failed to find provider info for com.facebook.katana.provider.AttributionIdProvider
I/dalvikvm(31151): Could not find method com.unity3d.player.UnityPlayerActivity.onRequestPermissionsResult, referenced from method com.crowdstar.home.AndroidInterface.NanigansWrapper.onRequestPermissionsResult
W/dalvikvm(31151): VFY: unable to resolve virtual method 60370: Lcom/unity3d/player/UnityPlayerActivity;.onRequestPermissionsResult (I[Ljava/lang/String;[I)V
D/dalvikvm(31151): VFY: replacing opcode 0x6f at 0x0000
D/dalvikvm(31151): Trying to load lib /data/app-lib/com.crowdstar.covetHome-2/libmain.so 0x94f43980
D/dalvikvm(31151): Added shared lib /data/app-lib/com.crowdstar.covetHome-2/libmain.so 0x94f43980
I/AppsFlyer_3.0(29144): AppsFlyer: first launch date: 2018-03-20_1000-0700
I/System.out(29144): AppsFlyerLib.sendTrackingWithEvent
I/System.out(29144): body:<com.appsflyer.AppsFlyerLib: java.lang.String a(java.util.Map)>	sig:$r6 = staticinvoke <java.net.URLEncoder: java.lang.String encode(java.lang.String,java.lang.String)>($r6, "UTF-8")	timediff:0
I/System.out(29144): body:<com.appsflyer.AppsFlyerLib: java.lang.String a(java.util.Map)>	sig:$r6 = staticinvoke <java.net.URLEncoder: java.lang.String encode(java.lang.String,java.lang.String)>($r6, "UTF-8")	timediff:0
I/System.out(29144): body:<com.appsflyer.AppsFlyerLib: java.lang.String a(java.util.Map)>	sig:$r6 = staticinvoke <java.net.URLEncoder: java.lang.String encode(java.lang.String,java.lang.String)>($r6, "UTF-8")	timediff:0
I/System.out(29144): body:<com.appsflyer.AppsFlyerLib: java.lang.String a(java.util.Map)>	sig:$r6 = staticinvoke <java.net.URLEncoder: java.lang.String encode(java.lang.String,java.lang.String)>($r6, "UTF-8")	timediff:0
I/System.out(29144): body:<com.appsflyer.AppsFlyerLib: java.lang.String a(java.util.Map)>	sig:$r6 = staticinvoke <java.net.URLEncoder: java.lang.String encode(java.lang.String,java.lang.String)>($r6, "UTF-8")	timediff:0
I/System.out(29144): body:<com.appsflyer.AppsFlyerLib: java.lang.String a(java.util.Map)>	sig:$r6 = staticinvoke <java.net.URLEncoder: java.lang.String encode(java.lang.String,java.lang.String)>($r6, "UTF-8")	timediff:0
I/System.out(29144): body:<com.appsflyer.AppsFlyerLib: java.lang.String a(java.util.Map)>	sig:$r6 = staticinvoke <java.net.URLEncoder: java.lang.String encode(java.lang.String,java.lang.String)>($r6, "UTF-8")	timediff:0
I/System.out(29144): body:<com.appsflyer.AppsFlyerLib: java.lang.String a(java.util.Map)>	sig:$r6 = staticinvoke <java.net.URLEncoder: java.lang.String encode(java.lang.String,java.lang.String)>($r6, "UTF-8")	timediff:0
I/System.out(29144): body:<com.appsflyer.AppsFlyerLib: java.lang.String a(java.util.Map)>	sig:$r6 = staticinvoke <java.net.URLEncoder: java.lang.String encode(java.lang.String,java.lang.String)>($r6, "UTF-8")	timediff:0
I/System.out(29144): body:<com.appsflyer.AppsFlyerLib: java.lang.String a(java.util.Map)>	sig:$r6 = staticinvoke <java.net.URLEncoder: java.lang.String encode(java.lang.String,java.lang.String)>($r6, "UTF-8")	timediff:0
I/System.out(29144): body:<com.appsflyer.AppsFlyerLib: java.lang.String a(java.util.Map)>	sig:$r6 = staticinvoke <java.net.URLEncoder: java.lang.String encode(java.lang.String,java.lang.String)>($r6, "UTF-8")	timediff:0
I/System.out(29144): body:<com.appsflyer.AppsFlyerLib: java.lang.String a(java.util.Map)>	sig:$r6 = staticinvoke <java.net.URLEncoder: java.lang.String encode(java.lang.String,java.lang.String)>($r6, "UTF-8")	timediff:0
I/System.out(29144): body:<com.appsflyer.AppsFlyerLib: java.lang.String a(java.util.Map)>	sig:$r6 = staticinvoke <java.net.URLEncoder: java.lang.String encode(java.lang.String,java.lang.String)>($r6, "UTF-8")	timediff:0
I/System.out(29144): body:<com.appsflyer.AppsFlyerLib: java.lang.String a(java.util.Map)>	sig:$r6 = staticinvoke <java.net.URLEncoder: java.lang.String encode(java.lang.String,java.lang.String)>($r6, "UTF-8")	timediff:0
I/System.out(29144): body:<com.appsflyer.AppsFlyerLib: java.lang.String a(java.util.Map)>	sig:$r6 = staticinvoke <java.net.URLEncoder: java.lang.String encode(java.lang.String,java.lang.String)>($r6, "UTF-8")	timediff:0
I/System.out(29144): body:<com.appsflyer.AppsFlyerLib: java.lang.String a(java.util.Map)>	sig:$r6 = staticinvoke <java.net.URLEncoder: java.lang.String encode(java.lang.String,java.lang.String)>($r6, "UTF-8")	timediff:0
I/System.out(29144): body:<com.appsflyer.AppsFlyerLib: java.lang.String a(java.util.Map)>	sig:$r6 = staticinvoke <java.net.URLEncoder: java.lang.String encode(java.lang.String,java.lang.String)>($r6, "UTF-8")	timediff:0
I/System.out(29144): body:<com.appsflyer.AppsFlyerLib: java.lang.String a(java.util.Map)>	sig:$r6 = staticinvoke <java.net.URLEncoder: java.lang.String encode(java.lang.String,java.lang.String)>($r6, "UTF-8")	timediff:0
I/System.out(29144): body:<com.appsflyer.AppsFlyerLib: java.lang.String a(java.util.Map)>	sig:$r6 = staticinvoke <java.net.URLEncoder: java.lang.String encode(java.lang.String,java.lang.String)>($r6, "UTF-8")	timediff:0
