I/InputDispatcher(  476): Window 'Window{4b1ec5a8 u0 com.spaceapegames.fastlane/com.unity3d.player.UnityPlayerActivity}' spent 2854.8ms processing the last input event: MotionEvent(deviceId=0, source=0x00001002, action=1, flags=0x00000000, metaState=0x00000000, buttonState=0x00000000, edgeFlags=0x00000000, xPrecision=1.0, yPrecision=1.0, displayId=0, pointers=[0: (257.8, 16.2)]), policyFlags=0x4b000000
I/InputDispatcher(  476): Window 'Window{4b1ec5a8 u0 com.spaceapegames.fastlane/com.unity3d.player.UnityPlayerActivity}' spent 2855.2ms processing the last input event: MotionEvent(deviceId=0, source=0x00001002, action=0, flags=0x00000000, metaState=0x00000000, buttonState=0x00000000, edgeFlags=0x00000000, xPrecision=1.0, yPrecision=1.0, displayId=0, pointers=[0: (30.0, 248.0)]), policyFlags=0x4b000000
I/InputDispatcher(  476): Window 'Window{4b1ec5a8 u0 com.spaceapegames.fastlane/com.unity3d.player.UnityPlayerActivity}' spent 2855.5ms processing the last input event: MotionEvent(deviceId=0, source=0x00001002, action=1, flags=0x00000000, metaState=0x00000000, buttonState=0x00000000, edgeFlags=0x00000000, xPrecision=1.0, yPrecision=1.0, displayId=0, pointers=[0: (32.2, 249.5)]), policyFlags=0x4b000000
I/Choreographer(28828): Skipped 170 frames!  The application may be doing too much work on its main thread.
I/InputDispatcher(  476): Window 'Window{4b1ec5a8 u0 com.spaceapegames.fastlane/com.unity3d.player.UnityPlayerActivity}' spent 2856.9ms processing the last input event: KeyEvent(deviceId=-1, source=0x00000101, action=1, flags=0x00000008, keyCode=41, scanCode=0, metaState=0x00000000, repeatCount=0), policyFlags=0x4b000000
I/MediaFocusControl(  476):  AudioFocus  requestAudioFocus() from android.media.AudioManager@4a7f7bec<native proxy object>
I/System.out(28828): body:<com.unity3d.player.WWW: void runSafe()>	sig:specialinvoke $r2.<java.net.URL: void <init>(java.lang.String)>($r4)	timediff:0
I/System.out(28828): <com.unity3d.player.WWW: void runSafe()>###specialinvoke $r2.<java.net.URL: void <init>(java.lang.String)>($r4)###https://stats.unity3d.com/HWStatsUpdate.cgi
I/System.out(28828): body:<com.unity3d.player.WWW: void runSafe()>	sig:$r3 = virtualinvoke $r2.<java.net.URL: java.net.URLConnection openConnection()>()	timediff:0
I/System.out(28828): body:<com.unity3d.player.WWW: void runSafe()>	sig:$r4 = virtualinvoke $r2.<java.net.URL: java.lang.String getProtocol()>()	timediff:0
I/System.out(28828): body:<com.unity3d.player.WWW: void runSafe()>	sig:virtualinvoke $r3.<java.net.URLConnection: void addRequestProperty(java.lang.String,java.lang.String)>($r4, $r13)	timediff:0
I/System.out(28828): body:<com.unity3d.player.WWW: void runSafe()>	sig:virtualinvoke $r3.<java.net.URLConnection: void addRequestProperty(java.lang.String,java.lang.String)>($r4, $r13)	timediff:0
I/System.out(28828): body:<com.unity3d.player.WWW: void runSafe()>	sig:virtualinvoke $r3.<java.net.URLConnection: void setDoOutput(boolean)>(1)	timediff:0
I/System.out(28828): body:<com.unity3d.player.WWW: void runSafe()>	sig:specialinvoke $r2.<java.net.URL: void <init>(java.lang.String)>($r4)	timediff:0
I/System.out(28828): <com.unity3d.player.WWW: void runSafe()>###specialinvoke $r2.<java.net.URL: void <init>(java.lang.String)>($r4)###https://api.uca.cloud.unity3d.com/v1/events
I/ActivityManager(  476): Process com.google.process.gapps (pid 28919) has died.
I/System.out(28828): body:<com.unity3d.player.WWW: void runSafe()>	sig:$r3 = virtualinvoke $r2.<java.net.URL: java.net.URLConnection openConnection()>()	timediff:0
I/System.out(28828): body:<com.unity3d.player.WWW: void runSafe()>	sig:$r4 = virtualinvoke $r2.<java.net.URL: java.lang.String getProtocol()>()	timediff:0
I/System.out(28828): body:<com.unity3d.player.WWW: void runSafe()>	sig:virtualinvoke $r3.<java.net.URLConnection: void addRequestProperty(java.lang.String,java.lang.String)>($r4, $r13)	timediff:0
I/System.out(28828): body:<com.unity3d.player.WWW: void runSafe()>	sig:virtualinvoke $r3.<java.net.URLConnection: void addRequestProperty(java.lang.String,java.lang.String)>($r4, $r13)	timediff:0
I/System.out(28828): body:<com.unity3d.player.WWW: void runSafe()>	sig:virtualinvoke $r3.<java.net.URLConnection: void addRequestProperty(java.lang.String,java.lang.String)>($r4, $r13)	timediff:0
I/System.out(28828): body:<com.unity3d.player.WWW: void runSafe()>	sig:virtualinvoke $r3.<java.net.URLConnection: void addRequestProperty(java.lang.String,java.lang.String)>($r4, $r13)	timediff:0
I/System.out(28828): body:<com.unity3d.player.WWW: void runSafe()>	sig:virtualinvoke $r3.<java.net.URLConnection: void addRequestProperty(java.lang.String,java.lang.String)>($r4, $r13)	timediff:0
I/System.out(28828): body:<com.unity3d.player.WWW: void runSafe()>	sig:virtualinvoke $r3.<java.net.URLConnection: void addRequestProperty(java.lang.String,java.lang.String)>($r4, $r13)	timediff:0
I/System.out(28828): body:<com.unity3d.player.WWW: void runSafe()>	sig:virtualinvoke $r3.<java.net.URLConnection: void addRequestProperty(java.lang.String,java.lang.String)>($r4, $r13)	timediff:0
I/System.out(28828): body:<com.unity3d.player.WWW: void runSafe()>	sig:virtualinvoke $r3.<java.net.URLConnection: void addRequestProperty(java.lang.String,java.lang.String)>($r4, $r13)	timediff:0
I/System.out(28828): body:<com.unity3d.player.WWW: void runSafe()>	sig:virtualinvoke $r3.<java.net.URLConnection: void setDoOutput(boolean)>(1)	timediff:0
I/System.out(28828): body:<com.unity3d.player.WWW: void runSafe()>	sig:$r14 = virtualinvoke $r3.<java.net.URLConnection: java.io.OutputStream getOutputStream()>()	timediff:17
I/Unity   (28828): AF.cs start tracking
I/Unity   (28828):  
I/Unity   (28828): (Filename: ./artifacts/generated/common/runtime/UnityEngineDebugBindings.gen.cpp Line: 42)
I/Unity   (28828): 
I/Unity   (28828): AF.cs trackAppLaunch
I/Unity   (28828):  
I/Unity   (28828): (Filename: ./artifacts/generated/common/runtime/UnityEngineDebugBindings.gen.cpp Line: 42)
I/Unity   (28828): 
I/System.out(28828): body:<com.unity3d.player.WWW: void runSafe()>	sig:$i1 = virtualinvoke $r16.<java.net.HttpURLConnection: int getResponseCode()>()	timediff:17
I/System.out(28828): body:<com.unity3d.player.WWW: void runSafe()>	sig:$r8 = virtualinvoke $r16.<java.net.HttpURLConnection: java.util.Map getHeaderFields()>()	timediff:0
I/System.out(28828): body:<com.unity3d.player.WWW: void runSafe()>	sig:$r8 = virtualinvoke $r3.<java.net.URLConnection: java.util.Map getHeaderFields()>()	timediff:0
I/System.out(28828): body:<com.unity3d.player.WWW: void runSafe()>	sig:$r13 = virtualinvoke $r3.<java.net.URLConnection: java.lang.String getContentType()>()	timediff:0
I/System.out(28828): body:<com.unity3d.player.WWW: void runSafe()>	sig:$i1 = virtualinvoke $r3.<java.net.URLConnection: int getContentLength()>()	timediff:0
I/System.out(28828): body:<com.unity3d.player.WWW: void runSafe()>	sig:$r13 = virtualinvoke $r2.<java.net.URL: java.lang.String getProtocol()>()	timediff:0
I/System.out(28828): body:<com.unity3d.player.WWW: void runSafe()>	sig:$r13 = virtualinvoke $r2.<java.net.URL: java.lang.String getProtocol()>()	timediff:0
I/System.out(28828): body:<com.unity3d.player.WWW: void runSafe()>	sig:$r19 = virtualinvoke $r16.<java.net.HttpURLConnection: java.io.InputStream getErrorStream()>()	timediff:0
I/System.out(28828): body:<com.unity3d.player.WWW: void runSafe()>	sig:$i0 = virtualinvoke $r16.<java.net.HttpURLConnection: int getResponseCode()>()	timediff:0
I/System.out(28828): body:<com.unity3d.player.WWW: void runSafe()>	sig:$r13 = virtualinvoke $r16.<java.net.HttpURLConnection: java.lang.String getResponseMessage()>()	timediff:0
I/System.out(28828): body:<com.unity3d.player.WWW: void runSafe()>	sig:$r19 = virtualinvoke $r3.<java.net.URLConnection: java.io.InputStream getInputStream()>()	timediff:0
I/System.out(28828): body:<empirical.HelperClass: void printURLInfo(java.lang.String,java.lang.String,java.net.URLConnection)>	sig:$r0 = virtualinvoke urlConnection.<java.net.URLConnection: java.net.URL getURL()>()	timediff:0
I/System.out(28828): body:<empirical.HelperClass: void printURLInfo(java.lang.String,java.lang.String,java.net.URLConnection)>	sig:urlString = virtualinvoke $r0.<java.net.URL: java.lang.String toString()>()	timediff:0
I/System.out(28828): body:<empirical.HelperClass: void printURLInfo(java.lang.String,java.lang.String,java.net.URLConnection)>	sig:isDoOutput = virtualinvoke urlConnection.<java.net.URLConnection: boolean getDoOutput()>()	timediff:0
I/System.out(28828): body:<empirical.HelperClass: java.lang.String getHeaderField(java.net.URLConnection,java.lang.String)>	sig:data = virtualinvoke conn.<java.net.URLConnection: java.lang.String getHeaderField(java.lang.String)>(field)	timediff:0
I/System.out(28828): body:<empirical.HelperClass: java.lang.String getHeaderField(java.net.URLConnection,java.lang.String)>	sig:data = virtualinvoke conn.<java.net.URLConnection: java.lang.String getHeaderField(java.lang.String)>(field)	timediff:0
I/System.out(28828): body:<empirical.HelperClass: java.lang.String getHeaderField(java.net.URLConnection,java.lang.String)>	sig:data = virtualinvoke conn.<java.net.URLConnection: java.lang.String getHeaderField(java.lang.String)>(field)	timediff:0
I/System.out(28828): body:<empirical.HelperClass: java.lang.String getHeaderField(java.net.URLConnection,java.lang.String)>	sig:data = virtualinvoke conn.<java.net.URLConnection: java.lang.String getHeaderField(java.lang.String)>(field)	timediff:0
I/System.out(28828): body:<empirical.HelperClass: java.lang.String getHeaderField(java.net.URLConnection,java.lang.String)>	sig:data = virtualinvoke conn.<java.net.URLConnection: java.lang.String getHeaderField(java.lang.String)>(field)	timediff:0
I/System.out(28828): URLConn;%;2;%;<com.unity3d.player.WWW: void runSafe()>;%;$r19 = virtualinvoke $r3.<java.net.URLConnection: java.io.InputStream getInputStream()>();%;https://stats.unity3d.com/HWStatsUpdate.cgi;%;true;%;0;%;Not found;%;Not found;%;Not found;%;Not found
D/AppsFlyer_4.6.2(28828): Build Number: 287
D/dalvikvm(28828): GC_CONCURRENT freed 389K, 13% free 3166K/3620K, paused 1ms+0ms, total 4ms
W/dalvikvm(28828): VFY: unable to resolve static field 5266 (common_google_play_services_unknown_issue) in Lcom/google/android/gms/R$string;
D/dalvikvm(28828): VFY: replacing opcode 0x60 at 0x0012
I/dalvikvm(28828): Could not find method android.content.pm.PackageManager.getPackageInstaller, referenced from method com.google.android.gms.common.zze.zzi
W/dalvikvm(28828): VFY: unable to resolve virtual method 558: Landroid/content/pm/PackageManager;.getPackageInstaller ()Landroid/content/pm/PackageInstaller;
D/dalvikvm(28828): VFY: replacing opcode 0x6e at 0x000a
E/GooglePlayServicesUtil(28828): The Google Play services resources were not found. Check your project configuration to ensure that the resources are included.
E/dalvikvm(28828): Could not find class 'android.security.keystore.KeyGenParameterSpec$Builder', referenced from method com.appsflyer.AFKeystoreWrapper.createKey
W/dalvikvm(28828): VFY: unable to resolve new-instance 320 (Landroid/security/keystore/KeyGenParameterSpec$Builder;) in Lcom/appsflyer/AFKeystoreWrapper;
D/dalvikvm(28828): VFY: replacing opcode 0x22 at 0x003d
D/dalvikvm(28828): DexOpt: unable to opt direct call 0x066a at 0x42 in Lcom/appsflyer/AFKeystoreWrapper;.createKey
I/ActivityManager(  476): Process com.android.defcontainer (pid 19980) has died.
I/Unity   (28828): AppsFlyerTrackerCallbacks on Start
I/Unity   (28828):  
I/Unity   (28828): (Filename: ./artifacts/generated/common/runtime/UnityEngineDebugBindings.gen.cpp Line: 42)
I/Unity   (28828): 
I/ActivityManager(  476): Process com.scopely.wheeloffortune (pid 25354) has died.
I/WindowState(  476): WIN DEATH: Window{4abb46a4 u0 SurfaceView}
I/WindowState(  476): WIN DEATH: Window{4aa12fa4 u0 com.scopely.wheeloffortune/com.scopely.WofUnityActivity}
I/System.out(28828): body:<com.unity3d.player.WWW: void runSafe()>	sig:$r14 = virtualinvoke $r3.<java.net.URLConnection: java.io.OutputStream getOutputStream()>()	timediff:241
I/ActivityManager(  476): START u0 {act=android.intent.action.MAIN cat=[android.intent.category.LAUNCHER] flg=0x10200000 cmp=com.spaceapegames.fastlane/com.unity3d.player.UnityPlayerActivity} from pid 28818
I/System.out(28828): body:<com.unity3d.player.WWW: void runSafe()>	sig:$i1 = virtualinvoke $r16.<java.net.HttpURLConnection: int getResponseCode()>()	timediff:123
I/System.out(28828): body:<com.unity3d.player.WWW: void runSafe()>	sig:$r8 = virtualinvoke $r16.<java.net.HttpURLConnection: java.util.Map getHeaderFields()>()	timediff:0
I/System.out(28828): body:<com.unity3d.player.WWW: void runSafe()>	sig:$r8 = virtualinvoke $r3.<java.net.URLConnection: java.util.Map getHeaderFields()>()	timediff:0
I/System.out(28828): body:<com.unity3d.player.WWW: void runSafe()>	sig:$r13 = virtualinvoke $r3.<java.net.URLConnection: java.lang.String getContentType()>()	timediff:0
I/System.out(28828): body:<com.unity3d.player.WWW: void runSafe()>	sig:$i1 = virtualinvoke $r3.<java.net.URLConnection: int getContentLength()>()	timediff:0
I/System.out(28828): body:<com.unity3d.player.WWW: void runSafe()>	sig:$r13 = virtualinvoke $r2.<java.net.URL: java.lang.String getProtocol()>()	timediff:0
I/System.out(28828): body:<com.unity3d.player.WWW: void runSafe()>	sig:$r13 = virtualinvoke $r2.<java.net.URL: java.lang.String getProtocol()>()	timediff:0
I/System.out(28828): body:<com.unity3d.player.WWW: void runSafe()>	sig:$r19 = virtualinvoke $r16.<java.net.HttpURLConnection: java.io.InputStream getErrorStream()>()	timediff:0
I/System.out(28828): body:<com.unity3d.player.WWW: void runSafe()>	sig:$i0 = virtualinvoke $r16.<java.net.HttpURLConnection: int getResponseCode()>()	timediff:0
I/System.out(28828): body:<com.unity3d.player.WWW: void runSafe()>	sig:$r13 = virtualinvoke $r16.<java.net.HttpURLConnection: java.lang.String getResponseMessage()>()	timediff:0
I/System.out(28828): body:<com.unity3d.player.WWW: void runSafe()>	sig:$r19 = virtualinvoke $r3.<java.net.URLConnection: java.io.InputStream getInputStream()>()	timediff:0
I/System.out(28828): body:<empirical.HelperClass: void printURLInfo(java.lang.String,java.lang.String,java.net.URLConnection)>	sig:$r0 = virtualinvoke urlConnection.<java.net.URLConnection: java.net.URL getURL()>()	timediff:0
I/System.out(28828): body:<empirical.HelperClass: void printURLInfo(java.lang.String,java.lang.String,java.net.URLConnection)>	sig:urlString = virtualinvoke $r0.<java.net.URL: java.lang.String toString()>()	timediff:0
I/System.out(28828): body:<empirical.HelperClass: void printURLInfo(java.lang.String,java.lang.String,java.net.URLConnection)>	sig:isDoOutput = virtualinvoke urlConnection.<java.net.URLConnection: boolean getDoOutput()>()	timediff:0
I/System.out(28828): body:<empirical.HelperClass: java.lang.String getHeaderField(java.net.URLConnection,java.lang.String)>	sig:data = virtualinvoke conn.<java.net.URLConnection: java.lang.String getHeaderField(java.lang.String)>(field)	timediff:0
I/System.out(28828): body:<empirical.HelperClass: java.lang.String getHeaderField(java.net.URLConnection,java.lang.String)>	sig:data = virtualinvoke conn.<java.net.URLConnection: java.lang.String getHeaderField(java.lang.String)>(field)	timediff:0
I/System.out(28828): body:<empirical.HelperClass: java.lang.String getHeaderField(java.net.URLConnection,java.lang.String)>	sig:data = virtualinvoke conn.<java.net.URLConnection: java.lang.String getHeaderField(java.lang.String)>(field)	timediff:0
I/System.out(28828): body:<empirical.HelperClass: java.lang.String getHeaderField(java.net.URLConnection,java.lang.String)>	sig:data = virtualinvoke conn.<java.net.URLConnection: java.lang.String getHeaderField(java.lang.String)>(field)	timediff:0
I/System.out(28828): body:<empirical.HelperClass: java.lang.String getHeaderField(java.net.URLConnection,java.lang.String)>	sig:data = virtualinvoke conn.<java.net.URLConnection: java.lang.String getHeaderField(java.lang.String)>(field)	timediff:0
I/System.out(28828): URLConn;%;3;%;<com.unity3d.player.WWW: void runSafe()>;%;$r19 = virtualinvoke $r3.<java.net.URLConnection: java.io.InputStream getInputStream()>();%;https://api.uca.cloud.unity3d.com/v1/events;%;true;%;0;%;Not found;%;Not found;%;Not found;%;Not found
D/dalvikvm(28828): GC_CONCURRENT freed 341K, 12% free 3211K/3620K, paused 0ms+1ms, total 26ms
I/MediaFocusControl(  476):  AudioFocus  abandonAudioFocus() from android.media.AudioManager@4a7f7bec<native proxy object>
I/MediaFocusControl(  476):  AudioFocus  requestAudioFocus() from android.media.AudioManager@4a7f7bec<native proxy object>
E/GooglePlayServicesUtil(28828): The Google Play services resources were not found. Check your project configuration to ensure that the resources are included.
I/System.out(28828): body:<com.unity3d.player.WWW: void runSafe()>	sig:specialinvoke $r2.<java.net.URL: void <init>(java.lang.String)>($r4)	timediff:0
I/System.out(28828): <com.unity3d.player.WWW: void runSafe()>###specialinvoke $r2.<java.net.URL: void <init>(java.lang.String)>($r4)###https://api.uca.cloud.unity3d.com/v1/events
I/System.out(28828): body:<com.unity3d.player.WWW: void runSafe()>	sig:$r3 = virtualinvoke $r2.<java.net.URL: java.net.URLConnection openConnection()>()	timediff:8
I/System.out(28828): body:<com.unity3d.player.WWW: void runSafe()>	sig:$r4 = virtualinvoke $r2.<java.net.URL: java.lang.String getProtocol()>()	timediff:0
I/System.out(28828): body:<com.unity3d.player.WWW: void runSafe()>	sig:virtualinvoke $r3.<java.net.URLConnection: void addRequestProperty(java.lang.String,java.lang.String)>($r4, $r13)	timediff:0
I/System.out(28828): body:<com.unity3d.player.WWW: void runSafe()>	sig:virtualinvoke $r3.<java.net.URLConnection: void addRequestProperty(java.lang.String,java.lang.String)>($r4, $r13)	timediff:0
I/System.out(28828): body:<com.unity3d.player.WWW: void runSafe()>	sig:virtualinvoke $r3.<java.net.URLConnection: void addRequestProperty(java.lang.String,java.lang.String)>($r4, $r13)	timediff:0
I/System.out(28828): body:<com.unity3d.player.WWW: void runSafe()>	sig:virtualinvoke $r3.<java.net.URLConnection: void addRequestProperty(java.lang.String,java.lang.String)>($r4, $r13)	timediff:0
I/System.out(28828): body:<com.unity3d.player.WWW: void runSafe()>	sig:virtualinvoke $r3.<java.net.URLConnection: void addRequestProperty(java.lang.String,java.lang.String)>($r4, $r13)	timediff:0
I/System.out(28828): body:<com.unity3d.player.WWW: void runSafe()>	sig:virtualinvoke $r3.<java.net.URLConnection: void addRequestProperty(java.lang.String,java.lang.String)>($r4, $r13)	timediff:0
I/System.out(28828): body:<com.unity3d.player.WWW: void runSafe()>	sig:virtualinvoke $r3.<java.net.URLConnection: void addRequestProperty(java.lang.String,java.lang.String)>($r4, $r13)	timediff:0
I/System.out(28828): body:<com.unity3d.player.WWW: void runSafe()>	sig:virtualinvoke $r3.<java.net.URLConnection: void addRequestProperty(java.lang.String,java.lang.String)>($r4, $r13)	timediff:0
I/System.out(28828): body:<com.unity3d.player.WWW: void runSafe()>	sig:virtualinvoke $r3.<java.net.URLConnection: void setDoOutput(boolean)>(1)	timediff:0
I/System.out(28828): body:<com.unity3d.player.WWW: void runSafe()>	sig:$r14 = virtualinvoke $r3.<java.net.URLConnection: java.io.OutputStream getOutputStream()>()	timediff:19
I/System.out(28828): body:<com.unity3d.player.WWW: void runSafe()>	sig:$i1 = virtualinvoke $r16.<java.net.HttpURLConnection: int getResponseCode()>()	timediff:53
I/System.out(28828): body:<com.unity3d.player.WWW: void runSafe()>	sig:$r8 = virtualinvoke $r16.<java.net.HttpURLConnection: java.util.Map getHeaderFields()>()	timediff:0
I/System.out(28828): body:<com.unity3d.player.WWW: void runSafe()>	sig:$r8 = virtualinvoke $r3.<java.net.URLConnection: java.util.Map getHeaderFields()>()	timediff:0
I/System.out(28828): body:<com.unity3d.player.WWW: void runSafe()>	sig:$r13 = virtualinvoke $r3.<java.net.URLConnection: java.lang.String getContentType()>()	timediff:0
I/System.out(28828): body:<com.unity3d.player.WWW: void runSafe()>	sig:$i1 = virtualinvoke $r3.<java.net.URLConnection: int getContentLength()>()	timediff:0
I/System.out(28828): body:<com.unity3d.player.WWW: void runSafe()>	sig:$r13 = virtualinvoke $r2.<java.net.URL: java.lang.String getProtocol()>()	timediff:0
I/System.out(28828): body:<com.unity3d.player.WWW: void runSafe()>	sig:$r13 = virtualinvoke $r2.<java.net.URL: java.lang.String getProtocol()>()	timediff:0
I/System.out(28828): body:<com.unity3d.player.WWW: void runSafe()>	sig:$r19 = virtualinvoke $r16.<java.net.HttpURLConnection: java.io.InputStream getErrorStream()>()	timediff:0
I/System.out(28828): body:<com.unity3d.player.WWW: void runSafe()>	sig:$i0 = virtualinvoke $r16.<java.net.HttpURLConnection: int getResponseCode()>()	timediff:0
I/System.out(28828): body:<com.unity3d.player.WWW: void runSafe()>	sig:$r13 = virtualinvoke $r16.<java.net.HttpURLConnection: java.lang.String getResponseMessage()>()	timediff:0
I/System.out(28828): body:<com.unity3d.player.WWW: void runSafe()>	sig:$r19 = virtualinvoke $r3.<java.net.URLConnection: java.io.InputStream getInputStream()>()	timediff:0
I/System.out(28828): body:<empirical.HelperClass: void printURLInfo(java.lang.String,java.lang.String,java.net.URLConnection)>	sig:$r0 = virtualinvoke urlConnection.<java.net.URLConnection: java.net.URL getURL()>()	timediff:0
I/System.out(28828): body:<empirical.HelperClass: void printURLInfo(java.lang.String,java.lang.String,java.net.URLConnection)>	sig:urlString = virtualinvoke $r0.<java.net.URL: java.lang.String toString()>()	timediff:0
I/System.out(28828): body:<empirical.HelperClass: void printURLInfo(java.lang.String,java.lang.String,java.net.URLConnection)>	sig:isDoOutput = virtualinvoke urlConnection.<java.net.URLConnection: boolean getDoOutput()>()	timediff:0
I/System.out(28828): body:<empirical.HelperClass: java.lang.String getHeaderField(java.net.URLConnection,java.lang.String)>	sig:data = virtualinvoke conn.<java.net.URLConnection: java.lang.String getHeaderField(java.lang.String)>(field)	timediff:0
I/System.out(28828): body:<empirical.HelperClass: java.lang.String getHeaderField(java.net.URLConnection,java.lang.String)>	sig:data = virtualinvoke conn.<java.net.URLConnection: java.lang.String getHeaderField(java.lang.String)>(field)	timediff:0
I/System.out(28828): body:<empirical.HelperClass: java.lang.String getHeaderField(java.net.URLConnection,java.lang.String)>	sig:data = virtualinvoke conn.<java.net.URLConnection: java.lang.String getHeaderField(java.lang.String)>(field)	timediff:0
I/System.out(28828): body:<empirical.HelperClass: java.lang.String getHeaderField(java.net.URLConnection,java.lang.String)>	sig:data = virtualinvoke conn.<java.net.URLConnection: java.lang.String getHeaderField(java.lang.String)>(field)	timediff:0
I/System.out(28828): body:<empirical.HelperClass: java.lang.String getHeaderField(java.net.URLConnection,java.lang.String)>	sig:data = virtualinvoke conn.<java.net.URLConnection: java.lang.String getHeaderField(java.lang.String)>(field)	timediff:0
I/System.out(28828): URLConn;%;4;%;<com.unity3d.player.WWW: void runSafe()>;%;$r19 = virtualinvoke $r3.<java.net.URLConnection: java.io.InputStream getInputStream()>();%;https://api.uca.cloud.unity3d.com/v1/events;%;true;%;0;%;Not found;%;Not found;%;Not found;%;Not found
I/ActivityManager(  476): START u0 {act=android.intent.action.MAIN cat=[android.intent.category.LAUNCHER] flg=0x10000000 sel={act=android.intent.action.MAIN cat=[android.intent.category.APP_EMAIL]}} from pid 476
I/System.out(28828): body:<com.unity3d.player.WWW: void runSafe()>	sig:specialinvoke $r2.<java.net.URL: void <init>(java.lang.String)>($r4)	timediff:0
I/System.out(28828): <com.unity3d.player.WWW: void runSafe()>###specialinvoke $r2.<java.net.URL: void <init>(java.lang.String)>($r4)###https://api.uca.cloud.unity3d.com/v1/events
I/System.out(28828): body:<com.unity3d.player.WWW: void runSafe()>	sig:$r3 = virtualinvoke $r2.<java.net.URL: java.net.URLConnection openConnection()>()	timediff:1
I/System.out(28828): body:<com.unity3d.player.WWW: void runSafe()>	sig:$r4 = virtualinvoke $r2.<java.net.URL: java.lang.String getProtocol()>()	timediff:0
I/System.out(28828): body:<com.unity3d.player.WWW: void runSafe()>	sig:virtualinvoke $r3.<java.net.URLConnection: void addRequestProperty(java.lang.String,java.lang.String)>($r4, $r13)	timediff:0
I/System.out(28828): body:<com.unity3d.player.WWW: void runSafe()>	sig:virtualinvoke $r3.<java.net.URLConnection: void addRequestProperty(java.lang.String,java.lang.String)>($r4, $r13)	timediff:0
I/System.out(28828): body:<com.unity3d.player.WWW: void runSafe()>	sig:virtualinvoke $r3.<java.net.URLConnection: void addRequestProperty(java.lang.String,java.lang.String)>($r4, $r13)	timediff:0
I/System.out(28828): body:<com.unity3d.player.WWW: void runSafe()>	sig:virtualinvoke $r3.<java.net.URLConnection: void addRequestProperty(java.lang.String,java.lang.String)>($r4, $r13)	timediff:0
I/System.out(28828): body:<com.unity3d.player.WWW: void runSafe()>	sig:virtualinvoke $r3.<java.net.URLConnection: void addRequestProperty(java.lang.String,java.lang.String)>($r4, $r13)	timediff:0
I/System.out(28828): body:<com.unity3d.player.WWW: void runSafe()>	sig:virtualinvoke $r3.<java.net.URLConnection: void addRequestProperty(java.lang.String,java.lang.String)>($r4, $r13)	timediff:0
I/System.out(28828): body:<com.unity3d.player.WWW: void runSafe()>	sig:virtualinvoke $r3.<java.net.URLConnection: void setDoOutput(boolean)>(1)	timediff:0
I/System.out(28828): body:<com.unity3d.player.WWW: void runSafe()>	sig:$r14 = virtualinvoke $r3.<java.net.URLConnection: java.io.OutputStream getOutputStream()>()	timediff:13
W/OpenSSL-keystore(28828): Cannot convert pubkey
W/dalvikvm(28828): VFY: unable to resolve static field 5272 (common_google_play_services_updating_text) in Lcom/google/android/gms/R$string;
D/dalvikvm(28828): VFY: replacing opcode 0x60 at 0x0021
I/dalvikvm(28828): DexOpt: unable to optimize static field ref 0x1499 at 0x30 in Lcom/google/android/gms/common/GoogleApiAvailability;.zza
E/GooglePlayServicesUtil(28828): The Google Play services resources were not found. Check your project configuration to ensure that the resources are included.
E/GooglePlayServicesUtil(28828): The Google Play services resources were not found. Check your project configuration to ensure that the resources are included.
E/ActivityThread(28828): Failed to find provider info for com.facebook.katana.provider.AttributionIdProvider
D/dalvikvm(28828): GC_CONCURRENT freed 365K, 13% free 3231K/3680K, paused 1ms+0ms, total 4ms
I/System.out(28828): body:<com.unity3d.player.WWW: void runSafe()>	sig:$i1 = virtualinvoke $r16.<java.net.HttpURLConnection: int getResponseCode()>()	timediff:156
I/System.out(28828): body:<com.unity3d.player.WWW: void runSafe()>	sig:$r8 = virtualinvoke $r16.<java.net.HttpURLConnection: java.util.Map getHeaderFields()>()	timediff:1
I/System.out(28828): body:<com.unity3d.player.WWW: void runSafe()>	sig:$r8 = virtualinvoke $r3.<java.net.URLConnection: java.util.Map getHeaderFields()>()	timediff:0
I/System.out(28828): body:<com.unity3d.player.WWW: void runSafe()>	sig:$r13 = virtualinvoke $r3.<java.net.URLConnection: java.lang.String getContentType()>()	timediff:0
I/System.out(28828): body:<com.unity3d.player.WWW: void runSafe()>	sig:$i1 = virtualinvoke $r3.<java.net.URLConnection: int getContentLength()>()	timediff:0
I/System.out(28828): body:<com.unity3d.player.WWW: void runSafe()>	sig:$r13 = virtualinvoke $r2.<java.net.URL: java.lang.String getProtocol()>()	timediff:0
I/System.out(28828): body:<com.unity3d.player.WWW: void runSafe()>	sig:$r13 = virtualinvoke $r2.<java.net.URL: java.lang.String getProtocol()>()	timediff:0
I/System.out(28828): body:<com.unity3d.player.WWW: void runSafe()>	sig:$r19 = virtualinvoke $r16.<java.net.HttpURLConnection: java.io.InputStream getErrorStream()>()	timediff:0
I/System.out(28828): body:<com.unity3d.player.WWW: void runSafe()>	sig:$i0 = virtualinvoke $r16.<java.net.HttpURLConnection: int getResponseCode()>()	timediff:0
I/System.out(28828): body:<com.unity3d.player.WWW: void runSafe()>	sig:$r13 = virtualinvoke $r16.<java.net.HttpURLConnection: java.lang.String getResponseMessage()>()	timediff:0
I/System.out(28828): body:<com.unity3d.player.WWW: void runSafe()>	sig:$r19 = virtualinvoke $r3.<java.net.URLConnection: java.io.InputStream getInputStream()>()	timediff:0
I/System.out(28828): body:<empirical.HelperClass: void printURLInfo(java.lang.String,java.lang.String,java.net.URLConnection)>	sig:$r0 = virtualinvoke urlConnection.<java.net.URLConnection: java.net.URL getURL()>()	timediff:0
I/System.out(28828): body:<empirical.HelperClass: void printURLInfo(java.lang.String,java.lang.String,java.net.URLConnection)>	sig:urlString = virtualinvoke $r0.<java.net.URL: java.lang.String toString()>()	timediff:0
I/System.out(28828): body:<empirical.HelperClass: void printURLInfo(java.lang.String,java.lang.String,java.net.URLConnection)>	sig:isDoOutput = virtualinvoke urlConnection.<java.net.URLConnection: boolean getDoOutput()>()	timediff:0
I/System.out(28828): body:<empirical.HelperClass: java.lang.String getHeaderField(java.net.URLConnection,java.lang.String)>	sig:data = virtualinvoke conn.<java.net.URLConnection: java.lang.String getHeaderField(java.lang.String)>(field)	timediff:0
I/System.out(28828): body:<empirical.HelperClass: java.lang.String getHeaderField(java.net.URLConnection,java.lang.String)>	sig:data = virtualinvoke conn.<java.net.URLConnection: java.lang.String getHeaderField(java.lang.String)>(field)	timediff:0
I/System.out(28828): body:<empirical.HelperClass: java.lang.String getHeaderField(java.net.URLConnection,java.lang.String)>	sig:data = virtualinvoke conn.<java.net.URLConnection: java.lang.String getHeaderField(java.lang.String)>(field)	timediff:0
I/System.out(28828): body:<empirical.HelperClass: java.lang.String getHeaderField(java.net.URLConnection,java.lang.String)>	sig:data = virtualinvoke conn.<java.net.URLConnection: java.lang.String getHeaderField(java.lang.String)>(field)	timediff:0
I/System.out(28828): body:<empirical.HelperClass: java.lang.String getHeaderField(java.net.URLConnection,java.lang.String)>	sig:data = virtualinvoke conn.<java.net.URLConnection: java.lang.String getHeaderField(java.lang.String)>(field)	timediff:0
I/System.out(28828): URLConn;%;5;%;<com.unity3d.player.WWW: void runSafe()>;%;$r19 = virtualinvoke $r3.<java.net.URLConnection: java.io.InputStream getInputStream()>();%;https://api.uca.cloud.unity3d.com/v1/events;%;true;%;0;%;Not found;%;Not found;%;Not found;%;Not found
I/System.out(28828): body:<com.appsflyer.AppsFlyerLib: void sendRequestToServer(java.lang.String,java.lang.String,java.lang.String,java.lang.ref.WeakReference,java.lang.String,boolean)>	sig:specialinvoke $r7.<java.net.URL: void <init>(java.lang.String)>($r1)	timediff:0
I/System.out(28828): <com.appsflyer.AppsFlyerLib: void sendRequestToServer(java.lang.String,java.lang.String,java.lang.String,java.lang.ref.WeakReference,java.lang.String,boolean)>###specialinvoke $r7.<java.net.URL: void <init>(java.lang.String)>($r1)###https://t.appsflyer.com/api/v4/androidevent?buildnumber=6.2&app_id=com.spaceapegames.fastlane
I/System.out(28828): body:<com.appsflyer.AppsFlyerLib: void sendRequestToServer(java.lang.String,java.lang.String,java.lang.String,java.lang.ref.WeakReference,java.lang.String,boolean)>	sig:$r8 = virtualinvoke $r7.<java.net.URL: java.lang.String toString()>()	timediff:0
I/System.out(28828): body:<com.appsflyer.AppsFlyerLib: void sendRequestToServer(java.lang.String,java.lang.String,java.lang.String,java.lang.ref.WeakReference,java.lang.String,boolean)>	sig:$r8 = virtualinvoke $r7.<java.net.URL: java.lang.String toString()>()	timediff:0
I/System.out(28828): body:<com.appsflyer.AppsFlyerLib: void callServer(java.net.URL,java.lang.String,java.lang.String,java.lang.ref.WeakReference,java.lang.String,boolean)>	sig:$r9 = virtualinvoke $r1.<java.net.URL: java.net.URLConnection openConnection()>()	timediff:0
I/System.out(28828): body:<com.appsflyer.AppsFlyerLib: void callServer(java.net.URL,java.lang.String,java.lang.String,java.lang.ref.WeakReference,java.lang.String,boolean)>	sig:virtualinvoke $r10.<java.net.HttpURLConnection: void setRequestMethod(java.lang.String)>("POST")	timediff:0
I/System.out(28828): body:<com.appsflyer.AppsFlyerLib: void callServer(java.net.URL,java.lang.String,java.lang.String,java.lang.ref.WeakReference,java.lang.String,boolean)>	sig:virtualinvoke $r10.<java.net.HttpURLConnection: void setRequestProperty(java.lang.String,java.lang.String)>("Content-Length", $r12)	timediff:0
I/System.out(28828): body:<com.appsflyer.AppsFlyerLib: void callServer(java.net.URL,java.lang.String,java.lang.String,java.lang.ref.WeakReference,java.lang.String,boolean)>	sig:virtualinvoke $r10.<java.net.HttpURLConnection: void setRequestProperty(java.lang.String,java.lang.String)>("Content-Type", "application/json")	timediff:0
I/System.out(28828): body:<com.appsflyer.AppsFlyerLib: void callServer(java.net.URL,java.lang.String,java.lang.String,java.lang.ref.WeakReference,java.lang.String,boolean)>	sig:virtualinvoke $r10.<java.net.HttpURLConnection: void setConnectTimeout(int)>(10000)	timediff:0
I/System.out(28828): body:<com.appsflyer.AppsFlyerLib: void callServer(java.net.URL,java.lang.String,java.lang.String,java.lang.ref.WeakReference,java.lang.String,boolean)>	sig:virtualinvoke $r10.<java.net.HttpURLConnection: void setDoOutput(boolean)>(1)	timediff:0
I/ActivityManager(  476): START u0 {act=android.intent.action.MAIN cat=[android.intent.category.LAUNCHER] flg=0x10200000 cmp=com.spaceapegames.fastlane/com.unity3d.player.UnityPlayerActivity} from pid 28818
I/ActivityManager(  476): START u0 {act=android.intent.action.MAIN cat=[android.intent.category.LAUNCHER] flg=0x10200000 cmp=com.spaceapegames.fastlane/com.unity3d.player.UnityPlayerActivity} from pid 28818
I/MediaFocusControl(  476):  AudioFocus  abandonAudioFocus() from android.media.AudioManager@4a7f7bec<native proxy object>
I/MediaFocusControl(  476):  AudioFocus  abandonAudioFocus() from android.media.AudioManager@4a7f7bec<native proxy object>
I/MediaFocusControl(  476):  AudioFocus  requestAudioFocus() from android.media.AudioManager@4a7f7bec<native proxy object>
I/System.out(28828): body:<com.unity3d.player.WWW: void runSafe()>	sig:specialinvoke $r2.<java.net.URL: void <init>(java.lang.String)>($r4)	timediff:0
I/System.out(28828): <com.unity3d.player.WWW: void runSafe()>###specialinvoke $r2.<java.net.URL: void <init>(java.lang.String)>($r4)###https://api.uca.cloud.unity3d.com/v1/events
I/System.out(28828): body:<com.unity3d.player.WWW: void runSafe()>	sig:$r3 = virtualinvoke $r2.<java.net.URL: java.net.URLConnection openConnection()>()	timediff:0
I/System.out(28828): body:<com.unity3d.player.WWW: void runSafe()>	sig:$r4 = virtualinvoke $r2.<java.net.URL: java.lang.String getProtocol()>()	timediff:0
I/System.out(28828): body:<com.unity3d.player.WWW: void runSafe()>	sig:virtualinvoke $r3.<java.net.URLConnection: void addRequestProperty(java.lang.String,java.lang.String)>($r4, $r13)	timediff:0
I/System.out(28828): body:<com.unity3d.player.WWW: void runSafe()>	sig:virtualinvoke $r3.<java.net.URLConnection: void addRequestProperty(java.lang.String,java.lang.String)>($r4, $r13)	timediff:0
I/System.out(28828): body:<com.unity3d.player.WWW: void runSafe()>	sig:virtualinvoke $r3.<java.net.URLConnection: void addRequestProperty(java.lang.String,java.lang.String)>($r4, $r13)	timediff:0
I/System.out(28828): body:<com.unity3d.player.WWW: void runSafe()>	sig:virtualinvoke $r3.<java.net.URLConnection: void addRequestProperty(java.lang.String,java.lang.String)>($r4, $r13)	timediff:0
I/System.out(28828): body:<com.unity3d.player.WWW: void runSafe()>	sig:virtualinvoke $r3.<java.net.URLConnection: void addRequestProperty(java.lang.String,java.lang.String)>($r4, $r13)	timediff:0
I/System.out(28828): body:<com.unity3d.player.WWW: void runSafe()>	sig:virtualinvoke $r3.<java.net.URLConnection: void addRequestProperty(java.lang.String,java.lang.String)>($r4, $r13)	timediff:0
I/System.out(28828): body:<com.unity3d.player.WWW: void runSafe()>	sig:virtualinvoke $r3.<java.net.URLConnection: void setDoOutput(boolean)>(1)	timediff:0
I/System.out(28828): body:<com.unity3d.player.WWW: void runSafe()>	sig:$r14 = virtualinvoke $r3.<java.net.URLConnection: java.io.OutputStream getOutputStream()>()	timediff:10
I/ActivityManager(  476): START u0 {act=android.intent.action.MAIN cat=[android.intent.category.LAUNCHER] flg=0x10200000 cmp=com.spaceapegames.fastlane/com.unity3d.player.UnityPlayerActivity} from pid 28818
I/MediaFocusControl(  476):  AudioFocus  abandonAudioFocus() from android.media.AudioManager@4a7f7bec<native proxy object>
I/ActivityManager(  476): START u0 {act=android.intent.action.MAIN cat=[android.intent.category.LAUNCHER] flg=0x10200000 cmp=com.spaceapegames.fastlane/com.unity3d.player.UnityPlayerActivity} from pid 28818
I/MediaFocusControl(  476):  AudioFocus  abandonAudioFocus() from android.media.AudioManager@4a7f7bec<native proxy object>
I/System.out(28828): body:<com.unity3d.player.WWW: void runSafe()>	sig:$i1 = virtualinvoke $r16.<java.net.HttpURLConnection: int getResponseCode()>()	timediff:84
I/System.out(28828): body:<com.unity3d.player.WWW: void runSafe()>	sig:$r8 = virtualinvoke $r16.<java.net.HttpURLConnection: java.util.Map getHeaderFields()>()	timediff:0
I/System.out(28828): body:<com.unity3d.player.WWW: void runSafe()>	sig:$r8 = virtualinvoke $r3.<java.net.URLConnection: java.util.Map getHeaderFields()>()	timediff:0
I/System.out(28828): body:<com.unity3d.player.WWW: void runSafe()>	sig:$r13 = virtualinvoke $r3.<java.net.URLConnection: java.lang.String getContentType()>()	timediff:0
I/System.out(28828): body:<com.unity3d.player.WWW: void runSafe()>	sig:$i1 = virtualinvoke $r3.<java.net.URLConnection: int getContentLength()>()	timediff:0
I/System.out(28828): body:<com.unity3d.player.WWW: void runSafe()>	sig:$r13 = virtualinvoke $r2.<java.net.URL: java.lang.String getProtocol()>()	timediff:0
I/System.out(28828): body:<com.unity3d.player.WWW: void runSafe()>	sig:$r13 = virtualinvoke $r2.<java.net.URL: java.lang.String getProtocol()>()	timediff:0
I/System.out(28828): body:<com.unity3d.player.WWW: void runSafe()>	sig:$r19 = virtualinvoke $r16.<java.net.HttpURLConnection: java.io.InputStream getErrorStream()>()	timediff:0
I/System.out(28828): body:<com.unity3d.player.WWW: void runSafe()>	sig:$i0 = virtualinvoke $r16.<java.net.HttpURLConnection: int getResponseCode()>()	timediff:0
I/System.out(28828): body:<com.unity3d.player.WWW: void runSafe()>	sig:$r13 = virtualinvoke $r16.<java.net.HttpURLConnection: java.lang.String getResponseMessage()>()	timediff:0
I/System.out(28828): body:<com.unity3d.player.WWW: void runSafe()>	sig:$r19 = virtualinvoke $r3.<java.net.URLConnection: java.io.InputStream getInputStream()>()	timediff:0
I/System.out(28828): body:<empirical.HelperClass: void printURLInfo(java.lang.String,java.lang.String,java.net.URLConnection)>	sig:$r0 = virtualinvoke urlConnection.<java.net.URLConnection: java.net.URL getURL()>()	timediff:0
I/System.out(28828): body:<empirical.HelperClass: void printURLInfo(java.lang.String,java.lang.String,java.net.URLConnection)>	sig:urlString = virtualinvoke $r0.<java.net.URL: java.lang.String toString()>()	timediff:0
I/System.out(28828): body:<empirical.HelperClass: void printURLInfo(java.lang.String,java.lang.String,java.net.URLConnection)>	sig:isDoOutput = virtualinvoke urlConnection.<java.net.URLConnection: boolean getDoOutput()>()	timediff:0
I/System.out(28828): body:<empirical.HelperClass: java.lang.String getHeaderField(java.net.URLConnection,java.lang.String)>	sig:data = virtualinvoke conn.<java.net.URLConnection: java.lang.String getHeaderField(java.lang.String)>(field)	timediff:0
I/System.out(28828): body:<empirical.HelperClass: java.lang.String getHeaderField(java.net.URLConnection,java.lang.String)>	sig:data = virtualinvoke conn.<java.net.URLConnection: java.lang.String getHeaderField(java.lang.String)>(field)	timediff:0
I/System.out(28828): body:<empirical.HelperClass: java.lang.String getHeaderField(java.net.URLConnection,java.lang.String)>	sig:data = virtualinvoke conn.<java.net.URLConnection: java.lang.String getHeaderField(java.lang.String)>(field)	timediff:0
I/System.out(28828): body:<empirical.HelperClass: java.lang.String getHeaderField(java.net.URLConnection,java.lang.String)>	sig:data = virtualinvoke conn.<java.net.URLConnection: java.lang.String getHeaderField(java.lang.String)>(field)	timediff:0
I/System.out(28828): body:<empirical.HelperClass: java.lang.String getHeaderField(java.net.URLConnection,java.lang.String)>	sig:data = virtualinvoke conn.<java.net.URLConnection: java.lang.String getHeaderField(java.lang.String)>(field)	timediff:0
I/System.out(28828): URLConn;%;6;%;<com.unity3d.player.WWW: void runSafe()>;%;$r19 = virtualinvoke $r3.<java.net.URLConnection: java.io.InputStream getInputStream()>();%;https://api.uca.cloud.unity3d.com/v1/events;%;true;%;0;%;Not found;%;Not found;%;Not found;%;Not found
I/MediaFocusControl(  476):  AudioFocus  requestAudioFocus() from android.media.AudioManager@4a7f7bec<native proxy object>
D/dalvikvm(28828): GC_CONCURRENT freed 373K, 13% free 3242K/3700K, paused 2ms+0ms, total 4ms
I/System.out(28828): body:<com.unity3d.player.WWW: void runSafe()>	sig:specialinvoke $r2.<java.net.URL: void <init>(java.lang.String)>($r4)	timediff:0
I/System.out(28828): <com.unity3d.player.WWW: void runSafe()>###specialinvoke $r2.<java.net.URL: void <init>(java.lang.String)>($r4)###https://api.uca.cloud.unity3d.com/v1/events
I/System.out(28828): body:<com.unity3d.player.WWW: void runSafe()>	sig:$r3 = virtualinvoke $r2.<java.net.URL: java.net.URLConnection openConnection()>()	timediff:1
I/System.out(28828): body:<com.unity3d.player.WWW: void runSafe()>	sig:$r4 = virtualinvoke $r2.<java.net.URL: java.lang.String getProtocol()>()	timediff:0
I/System.out(28828): body:<com.unity3d.player.WWW: void runSafe()>	sig:virtualinvoke $r3.<java.net.URLConnection: void addRequestProperty(java.lang.String,java.lang.String)>($r4, $r13)	timediff:0
I/System.out(28828): body:<com.unity3d.player.WWW: void runSafe()>	sig:virtualinvoke $r3.<java.net.URLConnection: void addRequestProperty(java.lang.String,java.lang.String)>($r4, $r13)	timediff:0
I/System.out(28828): body:<com.unity3d.player.WWW: void runSafe()>	sig:virtualinvoke $r3.<java.net.URLConnection: void addRequestProperty(java.lang.String,java.lang.String)>($r4, $r13)	timediff:0
I/System.out(28828): body:<com.unity3d.player.WWW: void runSafe()>	sig:virtualinvoke $r3.<java.net.URLConnection: void addRequestProperty(java.lang.String,java.lang.String)>($r4, $r13)	timediff:0
I/System.out(28828): body:<com.unity3d.player.WWW: void runSafe()>	sig:virtualinvoke $r3.<java.net.URLConnection: void addRequestProperty(java.lang.String,java.lang.String)>($r4, $r13)	timediff:1
I/System.out(28828): body:<com.unity3d.player.WWW: void runSafe()>	sig:virtualinvoke $r3.<java.net.URLConnection: void addRequestProperty(java.lang.String,java.lang.String)>($r4, $r13)	timediff:0
I/System.out(28828): body:<com.unity3d.player.WWW: void runSafe()>	sig:virtualinvoke $r3.<java.net.URLConnection: void setDoOutput(boolean)>(1)	timediff:0
I/System.out(28828): body:<com.unity3d.player.WWW: void runSafe()>	sig:$r14 = virtualinvoke $r3.<java.net.URLConnection: java.io.OutputStream getOutputStream()>()	timediff:21
I/System.out(28828): body:<com.unity3d.player.WWW: void runSafe()>	sig:$i1 = virtualinvoke $r16.<java.net.HttpURLConnection: int getResponseCode()>()	timediff:89
I/System.out(28828): body:<com.unity3d.player.WWW: void runSafe()>	sig:$r8 = virtualinvoke $r16.<java.net.HttpURLConnection: java.util.Map getHeaderFields()>()	timediff:0
I/System.out(28828): body:<com.unity3d.player.WWW: void runSafe()>	sig:$r8 = virtualinvoke $r3.<java.net.URLConnection: java.util.Map getHeaderFields()>()	timediff:0
I/System.out(28828): body:<com.unity3d.player.WWW: void runSafe()>	sig:$r13 = virtualinvoke $r3.<java.net.URLConnection: java.lang.String getContentType()>()	timediff:0
I/System.out(28828): body:<com.unity3d.player.WWW: void runSafe()>	sig:$i1 = virtualinvoke $r3.<java.net.URLConnection: int getContentLength()>()	timediff:0
I/System.out(28828): body:<com.unity3d.player.WWW: void runSafe()>	sig:$r13 = virtualinvoke $r2.<java.net.URL: java.lang.String getProtocol()>()	timediff:0
I/System.out(28828): body:<com.unity3d.player.WWW: void runSafe()>	sig:$r13 = virtualinvoke $r2.<java.net.URL: java.lang.String getProtocol()>()	timediff:0
I/System.out(28828): body:<com.unity3d.player.WWW: void runSafe()>	sig:$r19 = virtualinvoke $r16.<java.net.HttpURLConnection: java.io.InputStream getErrorStream()>()	timediff:0
I/System.out(28828): body:<com.unity3d.player.WWW: void runSafe()>	sig:$i0 = virtualinvoke $r16.<java.net.HttpURLConnection: int getResponseCode()>()	timediff:0
I/System.out(28828): body:<com.unity3d.player.WWW: void runSafe()>	sig:$r13 = virtualinvoke $r16.<java.net.HttpURLConnection: java.lang.String getResponseMessage()>()	timediff:0
I/System.out(28828): body:<com.unity3d.player.WWW: void runSafe()>	sig:$r19 = virtualinvoke $r3.<java.net.URLConnection: java.io.InputStream getInputStream()>()	timediff:0
I/System.out(28828): body:<empirical.HelperClass: void printURLInfo(java.lang.String,java.lang.String,java.net.URLConnection)>	sig:$r0 = virtualinvoke urlConnection.<java.net.URLConnection: java.net.URL getURL()>()	timediff:0
I/System.out(28828): body:<empirical.HelperClass: void printURLInfo(java.lang.String,java.lang.String,java.net.URLConnection)>	sig:urlString = virtualinvoke $r0.<java.net.URL: java.lang.String toString()>()	timediff:0
I/System.out(28828): body:<empirical.HelperClass: void printURLInfo(java.lang.String,java.lang.String,java.net.URLConnection)>	sig:isDoOutput = virtualinvoke urlConnection.<java.net.URLConnection: boolean getDoOutput()>()	timediff:0
I/System.out(28828): body:<empirical.HelperClass: java.lang.String getHeaderField(java.net.URLConnection,java.lang.String)>	sig:data = virtualinvoke conn.<java.net.URLConnection: java.lang.String getHeaderField(java.lang.String)>(field)	timediff:0
I/System.out(28828): body:<empirical.HelperClass: java.lang.String getHeaderField(java.net.URLConnection,java.lang.String)>	sig:data = virtualinvoke conn.<java.net.URLConnection: java.lang.String getHeaderField(java.lang.String)>(field)	timediff:0
I/System.out(28828): body:<empirical.HelperClass: java.lang.String getHeaderField(java.net.URLConnection,java.lang.String)>	sig:data = virtualinvoke conn.<java.net.URLConnection: java.lang.String getHeaderField(java.lang.String)>(field)	timediff:0
I/System.out(28828): body:<empirical.HelperClass: java.lang.String getHeaderField(java.net.URLConnection,java.lang.String)>	sig:data = virtualinvoke conn.<java.net.URLConnection: java.lang.String getHeaderField(java.lang.String)>(field)	timediff:0
I/System.out(28828): body:<empirical.HelperClass: java.lang.String getHeaderField(java.net.URLConnection,java.lang.String)>	sig:data = virtualinvoke conn.<java.net.URLConnection: java.lang.String getHeaderField(java.lang.String)>(field)	timediff:0
I/System.out(28828): URLConn;%;7;%;<com.unity3d.player.WWW: void runSafe()>;%;$r19 = virtualinvoke $r3.<java.net.URLConnection: java.io.InputStream getInputStream()>();%;https://api.uca.cloud.unity3d.com/v1/events;%;true;%;0;%;Not found;%;Not found;%;Not found;%;Not found
I/ActivityManager(  476): START u0 {act=android.intent.action.MAIN cat=[android.intent.category.LAUNCHER] flg=0x10000000 cmp=com.android.contacts/.activities.PeopleActivity sel={act=android.intent.action.MAIN cat=[android.intent.category.APP_CONTACTS]}} from pid 476
D/LockerService(28432): close reason:homekey
I/ActivityManager(  476): START u0 {act=android.intent.action.MAIN cat=[android.intent.category.HOME] flg=0x10200000 cmp=android/com.android.internal.app.ResolverActivity} from pid 476
I/System.out(28828): body:<com.appsflyer.AppsFlyerLib: void callServer(java.net.URL,java.lang.String,java.lang.String,java.lang.ref.WeakReference,java.lang.String,boolean)>	sig:$r14 = virtualinvoke $r10.<java.net.HttpURLConnection: java.io.OutputStream getOutputStream()>()	timediff:642
D/dalvikvm(  528): GC_FOR_ALLOC freed 608K, 65% free 5993K/16776K, paused 3ms, total 17ms
I/System.out(28828): body:<com.appsflyer.AppsFlyerLib: void callServer(java.net.URL,java.lang.String,java.lang.String,java.lang.ref.WeakReference,java.lang.String,boolean)>	sig:$i0 = virtualinvoke $r10.<java.net.HttpURLConnection: int getResponseCode()>()	timediff:165
D/AppsFlyer_4.6.2(28828): response code: 200
I/System.out(28828): body:<com.appsflyer.AppsFlyerLib: void callServer(java.net.URL,java.lang.String,java.lang.String,java.lang.ref.WeakReference,java.lang.String,boolean)>	sig:virtualinvoke $r10.<java.net.HttpURLConnection: void disconnect()>()	timediff:0
D/dalvikvm(28828): GC_CONCURRENT freed 399K, 13% free 3228K/3700K, paused 1ms+1ms, total 18ms
I/System.out(28828): body:<com.appsflyer.AppsFlyerLib$b: void run()>	sig:specialinvoke r29.<java.net.URL: void <init>(java.lang.String)>($r10)	timediff:0
I/System.out(28828): <com.appsflyer.AppsFlyerLib$b: void run()>###specialinvoke r29.<java.net.URL: void <init>(java.lang.String)>($r10)###https://api.appsflyer.com/install_data/v3/com.spaceapegames.fastlane?devkey=6mwwujwwdZ3vAT52QhEjgG&device_id=1521959129823-665820659569537793
I/System.out(28828): body:<com.appsflyer.AppsFlyerLib$b: void run()>	sig:$r13 = virtualinvoke r29.<java.net.URL: java.net.URLConnection openConnection()>()	timediff:0
