--------- beginning of /dev/log/main
I/dalvikvm(31283): ignoring registerObject request in thread=1
I/dalvikvm(31283): ignoring registerObject request in thread=1
--------- beginning of /dev/log/system
W/RecognitionManagerService(  476): no available voice recognition services found for user 0
D/dalvikvm(31283): JIT code cache reset in 0 ms (0 bytes 1/0)
D/dalvikvm(31283): GC_CONCURRENT freed 202K, 9% free 3007K/3272K, paused 1ms+1ms, total 3ms
D/dalvikvm(  476): GC_EXPLICIT freed 4225K, 32% free 36757K/53400K, paused 1ms+21ms, total 157ms
D/Walgreens Channel ID(31222): 3f734bfb-6321-4ab3-8a7b-2d94ef35ba4a
I/ActivityManager(  476): Start proc com.google.android.partnersetup for broadcast com.google.android.partnersetup/.RlzPingBroadcastReceiver: pid=31304 uid=10009 gids={50009, 3003}
W/ActivityManager(  476): Unable to start service Intent { act=com.urbanairship.richpush.USER_UPDATE cmp=com.usablenet.mobile.walgreen/com.urbanairship.richpush.g (has extras) } U=0: not found
I/dalvikvm(31304): ignoring registerObject request in thread=1
I/dalvikvm(31304): ignoring registerObject request in thread=1
D/ConnectivityService(  476): handleInetConditionHoldEnd: net=1, condition=100, published condition=100
I/ActivityManager(  476): Delay finish: com.google.android.partnersetup/.RlzPingBroadcastReceiver
I/ActivityManager(  476): Resuming delayed broadcast
I/ActivityManager(  476): Delay finish: com.google.android.partnersetup/.AppInstalledReceiver
I/ActivityManager(  476): Resuming delayed broadcast
I/ActivityManager(  476): Delay finish: com.android.gallery3d/.app.PackagesMonitor
I/PeopleContactsSync(  709): triggerPendingContactsCleanup: no accounts
D/Wear_Controller(  709): Received broadcast action=android.intent.action.PACKAGE_ADDED and uri=me.pou.app
I/ChromeSync(  709): [Persistence,AffiliationManager] No affiliation data for android://XYgW9K9FYS4_COmP1zkevNDfwDyGkL5pEC5SZFhyk4Qqo7mbtIvzwj-kEMMIK8c3jhLdoBdDsszbPeK91H-U-Q==@me.pou.app. Marking affiliation data as stale...
I/ActivityManager(  476): Resuming delayed broadcast
I/ActivityManager(  476): Start proc com.svox.pico for broadcast com.svox.pico/.VoiceDataInstallerReceiver: pid=31337 uid=10028 gids={50028, 1028, 1015, 1023}
I/dalvikvm(31337): ignoring registerObject request in thread=1
I/dalvikvm(31337): ignoring registerObject request in thread=1
D/dalvikvm(31222): GC_FOR_ALLOC freed 1116K, 12% free 10150K/11448K, paused 260ms, total 260ms
I/Icing   (  709): IndexChimeraService.getServiceInterface callingPackage=com.google.android.gms componentName=AppsCorpus serviceId=32
I/Icing   (  709): IndexChimeraService.getServiceInterface callingPackage=com.google.android.gms componentName=AppsCorpus serviceId=36
I/ChromeSync(  709): [Persistence,AffiliationManager] Fetching affiliations from the server.
W/Finsky  (26310): [1] com.google.android.finsky.application.impl.a.dw(1487): No account configured on this device.
W/Finsky  (26310): [1] com.google.android.finsky.application.impl.a.dw(1487): No account configured on this device.
W/Finsky  (26310): [1] com.google.android.finsky.application.impl.a.dw(1487): No account configured on this device.
W/Finsky  (26310): [1] com.google.android.finsky.application.impl.a.dw(1487): No account configured on this device.
W/Finsky  (26310): [1] com.google.android.finsky.application.impl.a.dw(1487): No account configured on this device.
I/Icing   (  709): Usage reports ok 0, Failed Usage reports 0, indexed 0, rejected 0, imm upload false
W/Finsky  (26310): [1] com.google.android.finsky.application.impl.a.dw(1487): No account configured on this device.
W/Finsky  (26310): [1] com.google.android.finsky.application.impl.a.dw(1487): No account configured on this device.
W/Finsky  (26310): [1] com.google.android.finsky.application.impl.a.dw(1487): No account configured on this device.
W/Finsky  (26310): [1] com.google.android.finsky.application.impl.a.dw(1487): No account configured on this device.
I/Finsky  (26310): [1] com.google.android.finsky.wear.WearSupportService.onStartCommand(21): Starting WearSupportService for auto_install
I/Finsky  (26310): [1] com.google.android.finsky.wear.ar.a(80): Connecting to wearable; initiated by: com.google.android.finsky.wear.WearSupportService
D/dalvikvm(31222): GC_CONCURRENT freed 80K, 9% free 10444K/11448K, paused 18ms+41ms, total 90ms
I/Finsky  (26310): [1] com.google.android.finsky.wear.WearSupportService.onStartCommand(21): Starting WearSupportService for send_installed_apps
I/Finsky  (26310): [1] com.google.android.finsky.externalreferrer.e.a(52): Package state data is missing for me.pou.app
W/Finsky  (26310): [1] com.google.android.finsky.application.impl.a.dw(1487): No account configured on this device.
W/Finsky  (26310): [1] com.google.android.finsky.application.impl.a.dw(1487): No account configured on this device.
I/WearableService(  645): Wearable Services not starting - Wear is not available on this device.
I/CrashlyticsCore(31222): Initializing Crashlytics 2.3.11.142
I/Icing   (  709): Usage reports ok 0, Failed Usage reports 0, indexed 0, rejected 0, imm upload false
W/Finsky  (26310): [1] com.google.android.finsky.application.impl.a.dw(1487): No account configured on this device.
D/WearableService(  645): onGetService - Wear is not available on this device.
E/Finsky  (26310): [1] com.google.android.finsky.wear.au.a(3): onConnectionFailed: ConnectionResult{statusCode=API_UNAVAILABLE, resolution=null, message=null}
W/Finsky  (26310): [1] com.google.android.finsky.wear.cd.run(12): Dropping command=auto_install due to Gms not connected
I/Finsky  (26310): [1] com.google.android.finsky.wear.WearSupportService.b(67): Stopping WearSupportService
W/Finsky  (26310): [1] com.google.android.finsky.wear.cd.run(12): Dropping command=send_installed_apps due to Gms not connected
I/Finsky  (26310): [1] com.google.android.finsky.wear.WearSupportService.b(67): Stopping WearSupportService
W/Finsky  (26310): [20191] com.google.android.finsky.application.impl.a.dw(1487): No account configured on this device.
W/Finsky  (26310): [1] com.google.android.finsky.application.impl.a.dw(1487): No account configured on this device.
W/Finsky  (26310): [1] com.google.android.finsky.application.impl.a.dw(1487): No account configured on this device.
W/Finsky  (26310): [1] com.google.android.finsky.application.impl.a.dw(1487): No account configured on this device.
W/Finsky  (26310): [1] com.google.android.finsky.application.impl.a.dw(1487): No account configured on this device.
W/Finsky  (26310): [1] com.google.android.finsky.application.impl.a.dw(1487): No account configured on this device.
W/Finsky  (26310): [1] com.google.android.finsky.application.impl.a.dw(1487): No account configured on this device.
W/Finsky  (26310): [1] com.google.android.finsky.application.impl.a.dw(1487): No account configured on this device.
W/Finsky  (26310): [1] com.google.android.finsky.application.impl.a.dw(1487): No account configured on this device.
W/Finsky  (26310): [1] com.google.android.finsky.application.impl.a.dw(1487): No account configured on this device.
E/dalvikvm(31222): Could not find class 'com.amazon.device.messaging.ADM', referenced from method com.urbanairship.push.PushService.QE
W/dalvikvm(31222): VFY: unable to resolve new-instance 635 (Lcom/amazon/device/messaging/ADM;) in Lcom/urbanairship/push/PushService;
I/Finsky  (26310): [1] com.google.android.finsky.scheduler.a.a(50): Scheduling wakeup in 2588314 (absolute: 18032555)
D/dalvikvm(31222): VFY: replacing opcode 0x22 at 0x015d
D/dalvikvm(31222): DexOpt: unable to opt direct call 0x0c35 at 0x15f in Lcom/urbanairship/push/PushService;.QE
I/dalvikvm(31222): Could not find method android.app.Notification$Builder.setLocalOnly, referenced from method com.google.android.gms.common.GooglePlayServicesUtil.zza
W/dalvikvm(31222): VFY: unable to resolve virtual method 303: Landroid/app/Notification$Builder;.setLocalOnly (Z)Landroid/app/Notification$Builder;
D/dalvikvm(31222): VFY: replacing opcode 0x6e at 0x0101
W/dalvikvm(31222): VFY: unable to find class referenced in signature (Lokhttp3/Request;)
W/dalvikvm(31222): VFY: unable to find class referenced in signature (Lokhttp3/Response;)
I/dalvikvm(31222): Could not find method okhttp3.Response.headers, referenced from method empirical.HelperClass.printOkHttpInfo
I/qtaguid (  709): Tagging socket 124 with tag 3000100300000000(805310467) for uid -1 failed errno=-13
I/NetworkManagementSocketTagger(  709): tagSocketFd(124, 805310467, -1) failed with errno-13
W/dalvikvm(31222): VFY: unable to resolve virtual method 61353: Lokhttp3/Response;.headers ()Lokhttp3/Headers;
D/dalvikvm(31222): VFY: replacing opcode 0x6e at 0x0006
W/dalvikvm(31222): VFY: unable to find class referenced in signature (Lokhttp3/Call;)
W/dalvikvm(31222): VFY: unable to find class referenced in signature (Lokhttp3/Response;)
I/dalvikvm(31222): Could not find method okhttp3.Call.request, referenced from method empirical.HelperClass.printOkHttpInfoFromCall
W/dalvikvm(31222): VFY: unable to resolve interface method 61347: Lokhttp3/Call;.request ()Lokhttp3/Request;
D/dalvikvm(12306): GC_EXPLICIT freed 2916K, 26% free 21919K/29280K, paused 1ms+30ms, total 145ms
D/dalvikvm(31222): VFY: replacing opcode 0x72 at 0x0006
I/System.out(31222): body:<com.adobe.mobile.ax: java.net.HttpURLConnection P(java.lang.String)>	sig:specialinvoke $r1.<java.net.URL: void <init>(java.lang.String)>($r0)	timediff:0
I/System.out(31222): <com.adobe.mobile.ax: java.net.HttpURLConnection P(java.lang.String)>###specialinvoke $r1.<java.net.URL: void <init>(java.lang.String)>($r0)###http://walgreens.sc.omtrdc.net/b/ss/walgrnsandroidwalgreensapp/0/JAVA-4.13.2-AN/s27773524
W/Conscrypt(  709): Could not set socket write timeout:
W/Conscrypt(  709):    java.lang.reflect.Method.invokeNative(Native Method)
W/Conscrypt(  709):    java.lang.reflect.Method.invoke(Method.java:515)
D/dalvikvm(27752): GC_FOR_ALLOC freed 391K, 16% free 3665K/4324K, paused 3ms, total 3ms
I/dalvikvm-heap(27752): Grow heap (frag case) to 3.684MB for 48908-byte allocation
D/dalvikvm(27752): GC_FOR_ALLOC freed 60K, 17% free 3653K/4372K, paused 7ms, total 7ms
D/dalvikvm(27752): GC_CONCURRENT freed 74K, 18% free 3605K/4372K, paused 0ms+0ms, total 3ms
D/dalvikvm(  709): GC_CONCURRENT freed 2212K, 22% free 10027K/12708K, paused 3ms+10ms, total 41ms
I/System.out(31222): body:<com.adobe.mobile.ax: java.net.HttpURLConnection P(java.lang.String)>	sig:$r2 = virtualinvoke $r1.<java.net.URL: java.net.URLConnection openConnection()>()	timediff:229
I/System.out(31222): body:<com.adobe.mobile.ax: byte[] a(java.lang.String,java.lang.String,java.util.Map,int,java.lang.String)>	sig:virtualinvoke $r5.<java.net.HttpURLConnection: void setConnectTimeout(int)>(5000)	timediff:0
I/System.out(31222): body:<com.adobe.mobile.ax: byte[] a(java.lang.String,java.lang.String,java.util.Map,int,java.lang.String)>	sig:virtualinvoke $r5.<java.net.HttpURLConnection: void setReadTimeout(int)>(5000)	timediff:0
I/System.out(31222): body:<com.adobe.mobile.ax: byte[] a(java.lang.String,java.lang.String,java.util.Map,int,java.lang.String)>	sig:virtualinvoke $r5.<java.net.HttpURLConnection: void setRequestMethod(java.lang.String)>("POST")	timediff:0
I/System.out(31222): body:<com.adobe.mobile.ax: byte[] a(java.lang.String,java.lang.String,java.util.Map,int,java.lang.String)>	sig:virtualinvoke $r5.<java.net.HttpURLConnection: void setRequestProperty(java.lang.String,java.lang.String)>("connection", "close")	timediff:0
I/System.out(31222): body:<com.adobe.mobile.ax: byte[] a(java.lang.String,java.lang.String,java.util.Map,int,java.lang.String)>	sig:virtualinvoke $r5.<java.net.HttpURLConnection: void setFixedLengthStreamingMode(int)>($i0)	timediff:0
I/System.out(31222): body:<com.adobe.mobile.ax: byte[] a(java.lang.String,java.lang.String,java.util.Map,int,java.lang.String)>	sig:virtualinvoke $r5.<java.net.HttpURLConnection: void setRequestProperty(java.lang.String,java.lang.String)>("Content-Type", "application/x-www-form-urlencoded")	timediff:0
I/System.out(31222): body:<com.adobe.mobile.ax: byte[] a(java.lang.String,java.lang.String,java.util.Map,int,java.lang.String)>	sig:virtualinvoke $r5.<java.net.HttpURLConnection: void setRequestProperty(java.lang.String,java.lang.String)>($r0, $r11)	timediff:0
I/System.out(31222): body:<com.adobe.mobile.ax: byte[] a(java.lang.String,java.lang.String,java.util.Map,int,java.lang.String)>	sig:virtualinvoke $r5.<java.net.HttpURLConnection: void setRequestProperty(java.lang.String,java.lang.String)>($r0, $r11)	timediff:0
I/ContactLocale(31283): AddressBook Labels [en_US]: [, A, B, C, D, E, F, G, H, I, J, K, L, M, N, O, P, Q, R, S, T, U, V, W, X, Y, Z, Α, Β, Γ, Δ, Ε, Ζ, Η, Θ, Ι, Κ, Λ, Μ, Ν, Ξ, Ο, Π, Ρ, Σ, Τ, Υ, Φ, Χ, Ψ, Ω, , А, Б, В, Г, Д, Е, Є, Ж, З, И, І, Ї, Й, К, Л, М, Н, О, П, Р, С, Т, У, Ф, Х, Ц, Ч, Ш, Щ, Ю, Я, , א, ב, ג, ד, ה, ו, ז, ח, ט, י, כ, ל, מ, נ, ס, ע, פ, צ, ק, ר, ש, ת, , ا, ب, ت, ث, ج, ح, خ, د, ذ, ر, ز, س, ش, ص, ض, ط, ظ, ع, غ, ف, ق, ك, ل, م, ن, ه, و, ي, , ก, ข, ฃ, ค, ฅ, ฆ, ง, จ, ฉ, ช, ซ, ฌ, ญ, ฎ, ฏ, ฐ, ฑ, ฒ, ณ, ด, ต, ถ, ท, ธ, น, บ, ป, ผ, ฝ, พ, ฟ, ภ, ม, ย, ร, ฤ, ล, ฦ, ว, ศ, ษ, ส, ห, ฬ, อ, ฮ, , ㄱ, ㄴ, ㄷ, ㄹ, ㅁ, ㅂ, ㅅ, ㅇ, ㅈ, ㅊ, ㅋ, ㅌ, ㅍ, ㅎ, , あ, か, さ, た, な, は, ま, や, ら, わ, #, ]
W/Conscrypt(  709): Could not set socket write timeout:
W/Conscrypt(  709):    java.lang.reflect.Method.invokeNative(Native Method)
W/Conscrypt(  709):    java.lang.reflect.Method.invoke(Method.java:515)
I/qtaguid (  709): Tagging socket 149 with tag 3000100300000000(805310467) for uid -1 failed errno=-13
I/NetworkManagementSocketTagger(  709): tagSocketFd(149, 805310467, -1) failed with errno-13
I/qtaguid (  709): Untagging socket 149 failed errno=-13
W/NetworkManagementSocketTagger(  709): untagSocket(149) failed with errno -13
I/qtaguid (  709): Tagging socket 149 with tag 3000100300000000(805310467) for uid -1 failed errno=-13
I/NetworkManagementSocketTagger(  709): tagSocketFd(149, 805310467, -1) failed with errno-13
I/qtaguid (  709): Untagging socket 149 failed errno=-13
W/NetworkManagementSocketTagger(  709): untagSocket(149) failed with errno -13
I/qtaguid (  709): Tagging socket 149 with tag 3000100300000000(805310467) for uid -1 failed errno=-13
I/NetworkManagementSocketTagger(  709): tagSocketFd(149, 805310467, -1) failed with errno-13
I/qtaguid (  709): Untagging socket 149 failed errno=-13
W/NetworkManagementSocketTagger(  709): untagSocket(149) failed with errno -13
I/qtaguid (  709): Tagging socket 149 with tag 3000100300000000(805310467) for uid -1 failed errno=-13
I/NetworkManagementSocketTagger(  709): tagSocketFd(149, 805310467, -1) failed with errno-13
I/qtaguid (  709): Untagging socket 149 failed errno=-13
W/NetworkManagementSocketTagger(  709): untagSocket(149) failed with errno -13
W/ActivityManager(  476): Unable to start service Intent { act=com.urbanairship.location.ACTION_STOP_UPDATES cmp=com.usablenet.mobile.walgreen/com.urbanairship.location.h } U=0: not found
I/qtaguid (  709): Tagging socket 149 with tag 3000100300000000(805310467) for uid -1 failed errno=-13
I/NetworkManagementSocketTagger(  709): tagSocketFd(149, 805310467, -1) failed with errno-13
I/qtaguid (  709): Untagging socket 149 failed errno=-13
W/NetworkManagementSocketTagger(  709): untagSocket(149) failed with errno -13
I/qtaguid (  709): Tagging socket 149 with tag 3000100300000000(805310467) for uid -1 failed errno=-13
I/NetworkManagementSocketTagger(  709): tagSocketFd(149, 805310467, -1) failed with errno-13
I/System.out(31222): body:<com.adobe.mobile.ax: byte[] a(java.lang.String,java.lang.String,java.util.Map,int,java.lang.String)>	sig:$r15 = virtualinvoke $r5.<java.net.HttpURLConnection: java.io.OutputStream getOutputStream()>()	timediff:48
I/qtaguid (  709): Untagging socket 149 failed errno=-13
W/NetworkManagementSocketTagger(  709): untagSocket(149) failed with errno -13
I/qtaguid (  709): Untagging socket 124 failed errno=-13
W/NetworkManagementSocketTagger(  709): untagSocket(124) failed with errno -13
I/System.out(31222): body:<com.adobe.mobile.ax: byte[] a(java.lang.String,java.lang.String,java.util.Map,int,java.lang.String)>	sig:$r16 = virtualinvoke $r5.<java.net.HttpURLConnection: java.io.InputStream getInputStream()>()	timediff:61
I/System.out(31222): body:<empirical.HelperClass: void printURLInfo(java.lang.String,java.lang.String,java.net.URLConnection)>	sig:$r0 = virtualinvoke urlConnection.<java.net.URLConnection: java.net.URL getURL()>()	timediff:0
I/System.out(31222): body:<empirical.HelperClass: void printURLInfo(java.lang.String,java.lang.String,java.net.URLConnection)>	sig:urlString = virtualinvoke $r0.<java.net.URL: java.lang.String toString()>()	timediff:0
I/System.out(31222): body:<empirical.HelperClass: void printURLInfo(java.lang.String,java.lang.String,java.net.URLConnection)>	sig:isDoOutput = virtualinvoke urlConnection.<java.net.URLConnection: boolean getDoOutput()>()	timediff:0
I/System.out(31222): body:<empirical.HelperClass: java.lang.String getHeaderField(java.net.URLConnection,java.lang.String)>	sig:data = virtualinvoke conn.<java.net.URLConnection: java.lang.String getHeaderField(java.lang.String)>(field)	timediff:1
I/System.out(31222): body:<empirical.HelperClass: java.lang.String getHeaderField(java.net.URLConnection,java.lang.String)>	sig:data = virtualinvoke conn.<java.net.URLConnection: java.lang.String getHeaderField(java.lang.String)>(field)	timediff:0
I/System.out(31222): body:<empirical.HelperClass: java.lang.String getHeaderField(java.net.URLConnection,java.lang.String)>	sig:data = virtualinvoke conn.<java.net.URLConnection: java.lang.String getHeaderField(java.lang.String)>(field)	timediff:0
I/System.out(31222): body:<empirical.HelperClass: java.lang.String getHeaderField(java.net.URLConnection,java.lang.String)>	sig:data = virtualinvoke conn.<java.net.URLConnection: java.lang.String getHeaderField(java.lang.String)>(field)	timediff:0
I/System.out(31222): body:<empirical.HelperClass: java.lang.String getHeaderField(java.net.URLConnection,java.lang.String)>	sig:data = virtualinvoke conn.<java.net.URLConnection: java.lang.String getHeaderField(java.lang.String)>(field)	timediff:0
I/System.out(31222): URLConn;%;0;%;<com.adobe.mobile.ax: byte[] a(java.lang.String,java.lang.String,java.util.Map,int,java.lang.String)>;%;$r16 = virtualinvoke $r5.<java.net.HttpURLConnection: java.io.InputStream getInputStream()>();%;http://walgreens.sc.omtrdc.net/b/ss/walgrnsandroidwalgreensapp/0/JAVA-4.13.2-AN/s27773524;%;false;%;1;%;no-cache, no-store, max-age=0, no-transform, private;%;Sat, 24 Mar 2018 09:21:13 GMT;%;Not found;%;Not found
I/System.out(31222): body:<com.adobe.mobile.ax: byte[] a(java.lang.String,java.lang.String,java.util.Map,int,java.lang.String)>	sig:$i0 = virtualinvoke $r5.<java.net.HttpURLConnection: int getResponseCode()>()	timediff:0
I/System.out(31222): body:<com.adobe.mobile.ax: byte[] a(java.lang.String,java.lang.String,java.util.Map,int,java.lang.String)>	sig:virtualinvoke $r5.<java.net.HttpURLConnection: void disconnect()>()	timediff:0
I/MigrationProvider(31222): [ Legacy-DB Un-Available : URI -> content://com.walgreens.provider.legacy.pill/reminder/migrate][]
D/dalvikvm(31222): GC_CONCURRENT freed 1672K, 14% free 11208K/12952K, paused 4ms+2ms, total 15ms
D/AndroidRuntime(31368): 
D/AndroidRuntime(31368): >>>>>> AndroidRuntime START com.android.internal.os.RuntimeInit <<<<<<
I/Icing   (  709): Indexing 0FE4E2D1EF9BEC94C9A9BA1E84A86FBAF7133BFF from com.google.android.gms
I/Icing   (  709): Indexing done 0FE4E2D1EF9BEC94C9A9BA1E84A86FBAF7133BFF
D/AndroidRuntime(31368): CheckJNI is OFF
D/dalvikvm(31368): Using executionMode 2
D/dalvikvm(31368): Trying to load lib libjavacore.so 0x0
D/dalvikvm(31368): Added shared lib libjavacore.so 0x0
D/dalvikvm(31368): Trying to load lib libnativehelper.so 0x0
D/dalvikvm(31368): Added shared lib libnativehelper.so 0x0
D/dalvikvm(31368): No JNI_OnLoad found in libnativehelper.so 0x0, skipping init
D/dalvikvm(31368): Note: class Landroid/app/ActivityManagerNative; has 179 unimplemented (abstract) methods
E/memtrack(31368): Couldn't load memtrack module (No such file or directory)
E/android.os.Debug(31368): failed to load memtrack module: -2
D/AndroidRuntime(31368): Calling main entry com.android.commands.monkey.Monkey
W/BroadcastQueue(  476): Skipping deliver [background] BroadcastRecord{4ba2491c u-1 android.net.conn.CONNECTIVITY_CHANGE} to ReceiverList{4af0cb84 31368 (unknown name)/0/u-1 remote:4aaf153c}: process crashing
I/ActivityManager(  476): START u0 {act=android.intent.action.MAIN cat=[android.intent.category.LAUNCHER] flg=0x10200000 cmp=me.pou.app/.App} from pid 31368
I/ActivityManager(  476): Start proc me.pou.app for activity me.pou.app/.App: pid=31378 uid=10095 gids={50095, 3003, 1028, 1015, 1023, 3002, 3001}
I/dalvikvm(31378): Enabling JNI app bug workarounds for target SDK version 9...
W/NetworkManagementSocketTagger(  476): setKernelCountSet(10095, 1) failed with errno -13
V/PhoneStatusBar(  528): setLightsOn(true)
I/dalvikvm(31378): ignoring registerObject request in thread=1
I/dalvikvm(31378): ignoring registerObject request in thread=1
I/FirebaseInitProvider(31378): FirebaseApp initialization unsuccessful
D/dalvikvm(31378): JIT code cache reset in 0 ms (0 bytes 1/0)
D/dalvikvm(31378): GC_CONCURRENT freed 116K, 6% free 3182K/3360K, paused 1ms+5ms, total 19ms
D/dalvikvm(31378): WAIT_FOR_CONCURRENT_GC blocked 8ms
W/SoundPool(31378): App requested 50 channels
I/MigrationProvider(31222): [ Legacy-DB Un-Available : URI -> content://com.walgreens.provider.legacy.pill/reminder/migrate][]
W/FFmpegExtractor(  168): sniff through BetterSniffFFMPEG failed, try LegacySniffFFMPEG
E/FFmpegExtractor(  168): /data/app/me.pou.app-1.apk: avformat_open_input failed, err:Invalid data found when processing input
W/FFmpegExtractor(  168): sniff through BetterSniffFFMPEG failed, try LegacySniffFFMPEG
D/ClClient(25801): Not sending keepalive.  Current connection state=STOPPED
E/FFmpegExtractor(  168): /data/app/me.pou.app-1.apk: avformat_open_input failed, err:Invalid data found when processing input
W/FFmpegExtractor(  168): sniff through BetterSniffFFMPEG failed, try LegacySniffFFMPEG
E/FFmpegExtractor(  168): /data/app/me.pou.app-1.apk: avformat_open_input failed, err:Invalid data found when processing input
W/FFmpegExtractor(  168): sniff through BetterSniffFFMPEG failed, try LegacySniffFFMPEG
E/FFmpegExtractor(  168): /data/app/me.pou.app-1.apk: avformat_open_input failed, err:Invalid data found when processing input
W/FFmpegExtractor(  168): sniff through BetterSniffFFMPEG failed, try LegacySniffFFMPEG
E/FFmpegExtractor(  168): /data/app/me.pou.app-1.apk: avformat_open_input failed, err:Invalid data found when processing input
W/FFmpegExtractor(  168): sniff through BetterSniffFFMPEG failed, try LegacySniffFFMPEG
E/FFmpegExtractor(  168): /data/app/me.pou.app-1.apk: avformat_open_input failed, err:Invalid data found when processing input
W/FFmpegExtractor(  168): sniff through BetterSniffFFMPEG failed, try LegacySniffFFMPEG
E/FFmpegExtractor(  168): /data/app/me.pou.app-1.apk: avformat_open_input failed, err:Invalid data found when processing input
W/FFmpegExtractor(  168): sniff through BetterSniffFFMPEG failed, try LegacySniffFFMPEG
E/FFmpegExtractor(  168): /data/app/me.pou.app-1.apk: avformat_open_input failed, err:Invalid data found when processing input
W/FFmpegExtractor(  168): sniff through BetterSniffFFMPEG failed, try LegacySniffFFMPEG
E/FFmpegExtractor(  168): /data/app/me.pou.app-1.apk: avformat_open_input failed, err:Invalid data found when processing input
W/FFmpegExtractor(  168): sniff through BetterSniffFFMPEG failed, try LegacySniffFFMPEG
I/WearableService(  645): Wearable Services stopping
E/FFmpegExtractor(  168): /data/app/me.pou.app-1.apk: avformat_open_input failed, err:Invalid data found when processing input
W/FFmpegExtractor(  168): sniff through BetterSniffFFMPEG failed, try LegacySniffFFMPEG
E/FFmpegExtractor(  168): /data/app/me.pou.app-1.apk: avformat_open_input failed, err:Invalid data found when processing input
D/BluetoothManagerService(  476): Message: 20
D/BluetoothManagerService(  476): Added callback: android.bluetooth.IBluetoothManagerCallback$Stub$Proxy@4aa20238:true
D/dalvikvm(31378): GC_CONCURRENT freed 150K, 6% free 3479K/3700K, paused 0ms+0ms, total 3ms
D/dalvikvm(31378): GC_FOR_ALLOC freed 10K, 6% free 3776K/4000K, paused 12ms, total 12ms
D/dalvikvm(31378): GC_FOR_ALLOC freed 1K, 5% free 4097K/4300K, paused 4ms, total 4ms
D/dalvikvm(31378): GC_CONCURRENT freed 130K, 7% free 4364K/4652K, paused 2ms+0ms, total 6ms
D/dalvikvm(31378): WAIT_FOR_CONCURRENT_GC blocked 3ms
D/dalvikvm(31378): GC_CONCURRENT freed 265K, 7% free 4578K/4916K, paused 1ms+0ms, total 3ms
D/dalvikvm(31378): GC_FOR_ALLOC freed 339K, 10% free 4678K/5152K, paused 2ms, total 3ms
I/dalvikvm-heap(31378): Grow heap (frag case) to 5.347MB for 755172-byte allocation
D/dalvikvm(31378): GC_FOR_ALLOC freed <1K, 9% free 5415K/5892K, paused 6ms, total 6ms
D/dalvikvm(31378): GC_CONCURRENT freed 2K, 9% free 5413K/5892K, paused 2ms+1ms, total 5ms
D/dalvikvm(31378): GC_FOR_ALLOC freed 17K, 9% free 5405K/5892K, paused 7ms, total 7ms
I/dalvikvm-heap(31378): Grow heap (frag case) to 6.057MB for 755172-byte allocation
D/dalvikvm(31378): GC_FOR_ALLOC freed <1K, 8% free 6142K/6632K, paused 5ms, total 5ms
D/dalvikvm(31378): GC_FOR_ALLOC freed <1K, 8% free 6142K/6632K, paused 2ms, total 3ms
I/dalvikvm-heap(31378): Grow heap (frag case) to 6.776MB for 755172-byte allocation
D/dalvikvm(31378): GC_FOR_ALLOC freed <1K, 7% free 6879K/7372K, paused 4ms, total 4ms
D/dalvikvm(31378): GC_FOR_ALLOC freed 1478K, 25% free 6143K/8112K, paused 2ms, total 2ms
D/dalvikvm(31378): GC_FOR_ALLOC freed <1K, 16% free 6885K/8112K, paused 2ms, total 11ms
D/dalvikvm(31378): GC_FOR_ALLOC freed <1K, 7% free 7622K/8112K, paused 2ms, total 2ms
D/dalvikvm(31378): GC_FOR_ALLOC freed 1537K, 23% free 6886K/8852K, paused 2ms, total 2ms
D/dalvikvm(31378): GC_FOR_ALLOC freed 1K, 14% free 7622K/8852K, paused 2ms, total 2ms
D/dalvikvm(31378): GC_FOR_ALLOC freed <1K, 6% free 8360K/8852K, paused 3ms, total 5ms
D/dalvikvm(31378): GC_FOR_ALLOC freed 3585K, 37% free 6442K/10208K, paused 4ms, total 4ms
I/dalvikvm(31378): Could not find method android.content.pm.PackageManager.getPackageInstaller, referenced from method com.google.android.gms.common.zze.a
W/dalvikvm(31378): VFY: unable to resolve virtual method 1210: Landroid/content/pm/PackageManager;.getPackageInstaller ()Landroid/content/pm/PackageInstaller;
D/dalvikvm(31378): VFY: replacing opcode 0x6e at 0x000a
V/GoogleSignatureVerifier(31378): com.google.android.gms signature not valid.  Found: 
V/GoogleSignatureVerifier(31378): MIIEQzCCAyugAwIBAgIJAMLgh0ZkSjCNMA0GCSqGSIb3DQEBBAUAMHQxCzAJBgNVBAYTAlVTMRMw
V/GoogleSignatureVerifier(31378): EQYDVQQIEwpDYWxpZm9ybmlhMRYwFAYDVQQHEw1Nb3VudGFpbiBWaWV3MRQwEgYDVQQKEwtHb29n
V/GoogleSignatureVerifier(31378): bGUgSW5jLjEQMA4GA1UECxMHQW5kcm9pZDEQMA4GA1UEAxMHQW5kcm9pZDAeFw0wODA4MjEyMzEz
V/GoogleSignatureVerifier(31378): MzRaFw0zNjAxMDcyMzEzMzRaMHQxCzAJBgNVBAYTAlVTMRMwEQYDVQQIEwpDYWxpZm9ybmlhMRYw
V/GoogleSignatureVerifier(31378): FAYDVQQHEw1Nb3VudGFpbiBWaWV3MRQwEgYDVQQKEwtHb29nbGUgSW5jLjEQMA4GA1UECxMHQW5k
V/GoogleSignatureVerifier(31378): cm9pZDEQMA4GA1UEAxMHQW5kcm9pZDCCASAwDQYJKoZIhvcNAQEBBQADggENADCCAQgCggEBAKtW
V/GoogleSignatureVerifier(31378): LgDYO6IIrgqWbxJOKdoR8qtW0I9Y4sypEwPpt1TTcvZApxsdyxMJZ2JORland2qSGT2y5b+3JKke
V/GoogleSignatureVerifier(31378): dxiLDmpHpDsz2WCbdxgxRczfey5YZnTJ4VZbH0xqWVW/8lGmPav5xVwnIiJS6HXk+BVKZF+JcWjA
V/GoogleSignatureVerifier(31378): sb/GEuq/eFdpuzSqeYTcfi6idkyugwfYwXFU1+5fZKUaRKYCwkkFQVfcAs1fXA5V+++FGfvjJ/Cx
V/GoogleSignatureVerifier(31378): URaSxaBvGdGDhfXE28LWuT9ozCl5xw4Yq5OGazvV24mZVSoOO0yZ31j7kYvtwYK6NeADwbSxDdJE
V/GoogleSignatureVerifier(31378): qO4k//0zOHKrUiGYXtqw/A0LFFtqoZKFjnkCAQOjgdkwgdYwHQYDVR0OBBYEFMd9jMIhF1Ylmn/T
V/GoogleSignatureVerifier(31378): gt9r45jk14alMIGmBgNVHSMEgZ4wgZuAFMd9jMIhF1Ylmn/Tgt9r45jk14aloXikdjB0MQswCQYD
V/GoogleSignatureVerifier(31378): VQQGEwJVUzETMBEGA1UECBMKQ2FsaWZvcm5pYTEWMBQGA1UEBxMNTW91bnRhaW4gVmlldzEUMBIG
V/GoogleSignatureVerifier(31378): A1UEChMLR29vZ2xlIEluYy4xEDAOBgNVBAsTB0FuZHJvaWQxEDAOBgNVBAMTB0FuZHJvaWSCCQDC
V/GoogleSignatureVerifier(31378): 4IdGZEowjTAMBgNVHRMEBTADAQH/MA0GCSqGSIb3DQEBBAUAA4IBAQBt0lLO74UwLDYKqs6Tm8/y
V/GoogleSignatureVerifier(31378): zKkEu116FmH4rkaymUIE0P9KaMftGlMexFlaYjzmB2OxZyl6euNXEsQH8gjwyxCUKRJNexBiGcCE
V/GoogleSignatureVerifier(31378): yj6z+a1fuHHvkiaai+KL8W1EyNmgjmyy8AW7P+LLlkR+ho5zEHatRbM/YAnqGcFh5iZBqpknHf1S
V/GoogleSignatureVerifier(31378): KMXFh4dd239FJ1jWYfbMDMy3NS5CTMQ2XFI1MvcyUTdZPErjQfTbQe3aDQsQcafEQPD+nqActifK
V/GoogleSignatureVerifier(31378): Z0Np0IS9L9kR/wbNvyz6ENwPiTrjV2KRkEjH78ZMcUQXg0L3BYHJ3lc69Vs5Ddf9uUGGMYldX3Wf
V/GoogleSignatureVerifier(31378): MBEmh/9iFBDAaTCK
I/dalvikvm(31378): Could not find method android.content.pm.PackageManager.getPackageInstaller, referenced from method izp.a
W/dalvikvm(31378): VFY: unable to resolve virtual method 1801: Landroid/content/pm/PackageManager;.getPackageInstaller ()Landroid/content/pm/PackageInstaller;
D/dalvikvm(31378): VFY: replacing opcode 0x6e at 0x001c
D/dalvikvm(31378): GC_CONCURRENT freed 1529K, 42% free 6007K/10208K, paused 2ms+1ms, total 5ms
I/dalvikvm(31378): Could not find method android.content.ContextWrapper.createCredentialProtectedStorageContext, referenced from method imo.createCredentialProtectedStorageContext
W/dalvikvm(31378): VFY: unable to resolve virtual method 1708: Landroid/content/ContextWrapper;.createCredentialProtectedStorageContext ()Landroid/content/Context;
D/dalvikvm(31378): VFY: replacing opcode 0x6f at 0x0002
I/dalvikvm(31378): Could not find method android.content.ContextWrapper.createDeviceProtectedStorageContext, referenced from method imo.createDeviceProtectedStorageContext
W/dalvikvm(31378): VFY: unable to resolve virtual method 1709: Landroid/content/ContextWrapper;.createDeviceProtectedStorageContext ()Landroid/content/Context;
D/dalvikvm(31378): VFY: replacing opcode 0x6f at 0x0002
I/dalvikvm(31378): Could not find method android.content.ContextWrapper.createCredentialProtectedStorageContext, referenced from method com.google.android.chimera.ModuleContext.createCredentialProtectedStorageContext
W/dalvikvm(31378): VFY: unable to resolve virtual method 1708: Landroid/content/ContextWrapper;.createCredentialProtectedStorageContext ()Landroid/content/Context;
D/dalvikvm(31378): VFY: replacing opcode 0x6f at 0x0002
I/dalvikvm(31378): Could not find method android.content.ContextWrapper.createDeviceProtectedStorageContext, referenced from method com.google.android.chimera.ModuleContext.createDeviceProtectedStorageContext
W/dalvikvm(31378): VFY: unable to resolve virtual method 1709: Landroid/content/ContextWrapper;.createDeviceProtectedStorageContext ()Landroid/content/Context;
D/dalvikvm(31378): VFY: replacing opcode 0x6f at 0x0002
I/dalvikvm(31378): Could not find method android.content.Context.isCredentialProtectedStorage, referenced from method cqq.a
W/dalvikvm(31378): VFY: unable to resolve virtual method 1688: Landroid/content/Context;.isCredentialProtectedStorage ()Z
D/dalvikvm(31378): VFY: replacing opcode 0x6e at 0x0000
I/dalvikvm(31378): Could not find method android.os.UserManager.isUserUnlocked, referenced from method cqq.a
W/dalvikvm(31378): VFY: unable to resolve virtual method 2311: Landroid/os/UserManager;.isUserUnlocked ()Z
D/dalvikvm(31378): VFY: replacing opcode 0x6e at 0x001a
I/dalvikvm(31378): Could not find method android.content.Context.isDeviceProtectedStorage, referenced from method cqq.b
W/dalvikvm(31378): VFY: unable to resolve virtual method 1689: Landroid/content/Context;.isDeviceProtectedStorage ()Z
D/dalvikvm(31378): VFY: replacing opcode 0x6e at 0x0000
I/dalvikvm(31378): Could not find method android.content.Context.isDeviceProtectedStorage, referenced from method cqq.c
W/dalvikvm(31378): VFY: unable to resolve virtual method 1689: Landroid/content/Context;.isDeviceProtectedStorage ()Z
D/dalvikvm(31378): VFY: replacing opcode 0x6e at 0x0000
I/dalvikvm(31378): Could not find method android.content.Context.createDeviceProtectedStorageContext, referenced from method jkx.a
W/dalvikvm(31378): VFY: unable to resolve virtual method 1659: Landroid/content/Context;.createDeviceProtectedStorageContext ()Landroid/content/Context;
D/dalvikvm(31378): VFY: replacing opcode 0x6e at 0x0029
I/dalvikvm(31378): Could not find method android.content.Context.getSystemService, referenced from method jkx.b
W/dalvikvm(31378): VFY: unable to resolve virtual method 1684: Landroid/content/Context;.getSystemService (Ljava/lang/Class;)Ljava/lang/Object;
D/dalvikvm(31378): VFY: replacing opcode 0x6e at 0x000b
D/dalvikvm(31378): DexOpt: couldn't find static field Landroid/os/Build;.SUPPORTED_64_BIT_ABIS
W/dalvikvm(31378): VFY: unable to resolve static field 917 (SUPPORTED_64_BIT_ABIS) in Landroid/os/Build;
D/dalvikvm(31378): VFY: replacing opcode 0x62 at 0x0012
D/dalvikvm(31378): DexOpt: couldn't find static field Landroid/os/Build;.SUPPORTED_32_BIT_ABIS
W/dalvikvm(31378): VFY: unable to resolve static field 916 (SUPPORTED_32_BIT_ABIS) in Landroid/os/Build;
D/dalvikvm(31378): VFY: replacing opcode 0x62 at 0x0021
D/dalvikvm(31378): DexOpt: couldn't find static field Landroid/os/Build;.SUPPORTED_ABIS
W/dalvikvm(31378): VFY: unable to resolve static field 918 (SUPPORTED_ABIS) in Landroid/os/Build;
D/dalvikvm(31378): VFY: replacing opcode 0x62 at 0x0008
D/dalvikvm(31378): DexOpt: couldn't find static field Landroid/os/Build;.SUPPORTED_64_BIT_ABIS
W/dalvikvm(31378): VFY: unable to resolve static field 917 (SUPPORTED_64_BIT_ABIS) in Landroid/os/Build;
D/dalvikvm(31378): VFY: replacing opcode 0x62 at 0x0008
D/dalvikvm(31378): DexOpt: couldn't find static field Landroid/os/Build;.SUPPORTED_64_BIT_ABIS
I/dalvikvm(31378): DexOpt: unable to optimize static field ref 0x0395 at 0x17 in Lcsq;.a
D/dalvikvm(31378): DexOpt: couldn't find static field Landroid/os/Build;.SUPPORTED_32_BIT_ABIS
I/dalvikvm(31378): DexOpt: unable to optimize static field ref 0x0394 at 0x26 in Lcsq;.a
D/dalvikvm(31378): DexOpt: couldn't find static field Landroid/os/Build;.SUPPORTED_64_BIT_ABIS
I/dalvikvm(31378): DexOpt: unable to optimize static field ref 0x0395 at 0x0d in Lcsq;.b
D/DynamitePackage(31378): Instantiated singleton DynamitePackage.
D/DynamitePackage(31378): Instantiating com.google.android.gms.ads.reward.ChimeraRewardedVideoAdCreatorImpl
I/dalvikvm(31378): Could not find method android.content.pm.PackageManager.getPackageInstaller, referenced from method iy.a
W/dalvikvm(31378): VFY: unable to resolve virtual method 1587: Landroid/content/pm/PackageManager;.getPackageInstaller ()Landroid/content/pm/PackageInstaller;
D/dalvikvm(31378): VFY: replacing opcode 0x6e at 0x0017
I/dalvikvm(31378): Could not find method android.security.NetworkSecurityPolicy.getInstance, referenced from method com.google.android.gms.ads.internal.util.ae.a
W/dalvikvm(31378): VFY: unable to resolve static method 2118: Landroid/security/NetworkSecurityPolicy;.getInstance ()Landroid/security/NetworkSecurityPolicy;
D/dalvikvm(31378): VFY: replacing opcode 0x71 at 0x00d3
I/dalvikvm(31378): Could not find method android.content.pm.PackageManager.isInstantApp, referenced from method pv.a
W/dalvikvm(31378): VFY: unable to resolve virtual method 1592: Landroid/content/pm/PackageManager;.isInstantApp (Ljava/lang/String;)Z
D/dalvikvm(31378): VFY: replacing opcode 0x6e at 0x002d
I/dalvikvm(31378): Could not find method android.content.pm.PackageManager.isInstantApp, referenced from method pu.a
W/dalvikvm(31378): VFY: unable to resolve virtual method 1591: Landroid/content/pm/PackageManager;.isInstantApp ()Z
D/dalvikvm(31378): VFY: replacing opcode 0x6e at 0x0028
D/dalvikvm(31378): DexOpt: --- BEGIN '1505450608132.jar' (bootstrap=0) ---
I/Ads     (31378): Starting ad request.
I/Ads     (31378): Use AdRequest.Builder.addTestDevice("B5E08C77D701DCE6C9F01D221E2B9E2F") to get test ads on this device.
I/dalvikvm(31378): Could not find method android.net.ConnectivityManager.getAllNetworks, referenced from method com.a.a.j.i
W/dalvikvm(31378): VFY: unable to resolve virtual method 1881: Landroid/net/ConnectivityManager;.getAllNetworks ()[Landroid/net/Network;
D/dalvikvm(31378): VFY: replacing opcode 0x6e at 0x000c
I/GameAnalytics(31378): Info/GameAnalytics: Info logging enabled
I/GameAnalytics(31378): Info/GameAnalytics: Verbose logging enabled
I/GameAnalytics(31378): Info/GameAnalytics: Set build version: 218
W/GameAnalytics(31378): Warning/GameAnalytics: Datastore not initialized
W/GameAnalytics(31378): Warning/GameAnalytics: Datastore not initialized
W/Ads     (31378): Invoke Firebase method getInstance error.
W/Ads     (31378): The Google Mobile Ads SDK will not integrate with Firebase. Admob/Firebase integration requires the latest Firebase SDK jar, but Firebase SDK is either missing or out of date
W/DebugConnManager(31378): getNetworkInfo() on networkType 1
W/DebugConnManager(31378): getNetworkInfo() on networkType 0
I/GameAnalytics(31378): Info/GameAnalytics: Getting Google AID.
W/Settings(31378): Setting airplane_mode_on has moved from android.provider.Settings.System to android.provider.Settings.Global, returning read-only value.
I/dalvikvm(31378): Could not find method android.app.Notification$Builder.setLocalOnly, referenced from method com.google.android.gms.common.GooglePlayServicesUtil.a
W/dalvikvm(31378): VFY: unable to resolve virtual method 936: Landroid/app/Notification$Builder;.setLocalOnly (Z)Landroid/app/Notification$Builder;
D/dalvikvm(31378): VFY: replacing opcode 0x6e at 0x00fb
D/dalvikvm(31378): GC_CONCURRENT freed 722K, 39% free 6234K/10208K, paused 2ms+0ms, total 5ms
I/GameAnalytics(31378): Info/GameAnalytics: Database opened: /storage/emulated/0/Android/data/me.pou.app/cache/ga.sqlite3
W/Finsky  (26310): [20166] com.google.android.finsky.application.impl.a.dw(1487): No account configured on this device.
W/Finsky  (26310): [20166] com.google.android.finsky.billing.iab.ab.b(48): me.pou.app: No account found.
W/ViewRootImpl(31378): Dropping event due to no window focus: KeyEvent { action=ACTION_DOWN, keyCode=KEYCODE_BUTTON_B, scanCode=0, metaState=0, flags=0x8, repeatCount=0, eventTime=15445907, downTime=15445907, deviceId=-1, source=0x101 }
W/ViewRootImpl(31378): Dropping event due to no window focus: KeyEvent { action=ACTION_DOWN, keyCode=KEYCODE_BACK, scanCode=0, metaState=0, flags=0x8, repeatCount=0, eventTime=15445907, downTime=15445907, deviceId=-1, source=0x101 }
W/ViewRootImpl(31378): Dropping event due to no window focus: KeyEvent { action=ACTION_DOWN, keyCode=KEYCODE_DPAD_CENTER, scanCode=0, metaState=0, flags=0x8, repeatCount=0, eventTime=15450637, downTime=15450637, deviceId=-1, source=0x101 }
I/GameAnalytics(31378): Info/GameAnalytics: SDK initialization delayed: waiting for a valid user id.
W/DebugConnManager(31378): getNetworkInfo() on networkType 1
W/DebugConnManager(31378): getNetworkInfo() on networkType 0
I/ActivityManager(  476): START u0 {act=android.intent.action.MAIN cat=[android.intent.category.LAUNCHER] flg=0x10000000 cmp=com.android.browser/.BrowserActivity sel={act=android.intent.action.MAIN cat=[android.intent.category.APP_BROWSER]}} from pid 476
D/dalvikvm(31378): GC_CONCURRENT freed 59K, 29% free 7256K/10208K, paused 1ms+8ms, total 30ms
D/libEGL  (31378): loaded /system/lib/egl/libEGL_adreno.so
D/        (31378): HostConnection::get() New Host Connection established 0xb8caac00, tid 31378
D/libEGL  (31378): loaded /system/lib/egl/libGLESv1_CM_adreno.so
D/libEGL  (31378): loaded /system/lib/egl/libGLESv2_adreno.so
W/EGL_emulation(31378): eglSurfaceAttrib not implemented 3093 12436
D/OpenGLRenderer(31378): Enabling debug mode 0
D/        (31378): HostConnection::get() New Host Connection established 0xb8d535e0, tid 31657
D/dalvikvm(31641): DexOpt: load 12ms, verify+opt 36ms, 291956 bytes
W/EGL_emulation(31378): eglSurfaceAttrib not implemented 3093 12436
W/ViewRootImpl(31378): Dropping event due to no window focus: KeyEvent { action=ACTION_DOWN, keyCode=KEYCODE_CALL, scanCode=0, metaState=0, flags=0x8, repeatCount=0, eventTime=15450646, downTime=15450646, deviceId=-1, source=0x101 }
W/ViewRootImpl(31378): Dropping event due to no window focus: KeyEvent { action=ACTION_DOWN, keyCode=KEYCODE_DPAD_RIGHT, scanCode=0, metaState=0, flags=0x8, repeatCount=0, eventTime=15450998, downTime=15450998, deviceId=-1, source=0x101 }
W/ContextImpl(31378): Implicit intents with startService are not safe: Intent { act=com.android.vending.billing.MarketBillingService.BIND } android.content.ContextWrapper.bindService:517 me.pou.app.billing.google.v1.BillingService.onCreate:-1 android.app.ActivityThread.handleCreateService:2570 
W/ActivityManager(  476): Unable to start service Intent { act=com.android.vending.billing.MarketBillingService.BIND } U=0: not found
D/dalvikvm(31378): DexOpt: --- END '1505450608132.jar' (success) ---
D/dalvikvm(31378): DEX prep '/data/data/me.pou.app/cache/1505450608132.jar': unzip in 0ms, rewrite 524ms
D/dalvikvm(  476): GC_EXPLICIT freed 1340K, 32% free 36755K/53400K, paused 0ms+57ms, total 275ms
V/PhoneStatusBar(  528): setLightsOn(true)
W/InputEventReceiver(31378): Attempted to finish an input event but the input event receiver has already been disposed.
W/InputEventReceiver(31378): Attempted to finish an input event but the input event receiver has already been disposed.
W/InputEventReceiver(31378): Attempted to finish an input event but the input event receiver has already been disposed.
I/GameAnalytics(31378): Info/GameAnalytics: Google AID is available.
I/ActivityManager(  476): Displayed me.pou.app/.App: +5s601ms
W/ViewRootImpl(31378): Dropping event due to root view being removed: MotionEvent { action=ACTION_UP, id[0]=0, x[0]=572.8431, y[0]=-218.1685, toolType[0]=TOOL_TYPE_UNKNOWN, buttonState=0, metaState=0, flags=0x1, edgeFlags=0x0, pointerCount=1, historySize=0, eventTime=15451287, downTime=15451286, deviceId=0, source=0x1002 }
W/ViewRootImpl(31378): Dropping event due to root view being removed: MotionEvent { action=ACTION_MOVE, id[0]=0, x[0]=0.0, y[0]=-4.0, toolType[0]=TOOL_TYPE_UNKNOWN, buttonState=0, metaState=0, flags=0x0, edgeFlags=0x0, pointerCount=1, historySize=9, eventTime=15451006, downTime=-1, deviceId=0, source=0x10004 }
W/ViewRootImpl(31378): Dropping event due to no window focus: MotionEvent { action=ACTION_MOVE, id[0]=0, x[0]=3.0, y[0]=-2.0, toolType[0]=TOOL_TYPE_UNKNOWN, buttonState=0, metaState=0, flags=0x0, edgeFlags=0x0, pointerCount=1, historySize=7, eventTime=15451502, downTime=-1, deviceId=0, source=0x10004 }
W/ViewRootImpl(31378): Dropping event due to no window focus: KeyEvent { action=ACTION_DOWN, keyCode=KEYCODE_BUTTON_14, scanCode=0, metaState=0, flags=0x8, repeatCount=0, eventTime=15451502, downTime=15451502, deviceId=-1, source=0x101 }
W/ViewRootImpl(31378): Dropping event due to no window focus: KeyEvent { action=ACTION_DOWN, keyCode=KEYCODE_DPAD_CENTER, scanCode=0, metaState=0, flags=0x8, repeatCount=0, eventTime=15451502, downTime=15451502, deviceId=-1, source=0x101 }
I/ActivityManager(  476): Start proc com.powerful.cleaner.monitor for content provider com.powerful.cleaner/org.homeplanet.coreservice.ServiceProvider: pid=31666 uid=10065 gids={50065, 3003, 1028, 1015, 1023, 3001, 3002}
I/ActivityManager(  476): START u0 {act=android.intent.action.MAIN cat=[android.intent.category.HOME] flg=0x10200000 cmp=android/com.android.internal.app.ResolverActivity} from pid 476
W/ViewRootImpl(31378): Dropping event due to no window focus: KeyEvent { action=ACTION_DOWN, keyCode=KEYCODE_DPAD_CENTER, scanCode=0, metaState=0, flags=0x8, repeatCount=0, eventTime=15451535, downTime=15451535, deviceId=-1, source=0x101 }
W/ContextImpl(  476): Calling a method in the system process without a qualified user: android.app.ContextImpl.sendBroadcast:1123 com.android.server.InputMethodManagerService.hideCurrentInputLocked:1880 com.android.server.InputMethodManagerService.windowGainedFocus:1968 com.android.internal.view.IInputMethodManager$Stub.onTransact:221 com.android.server.InputMethodManagerService.onTransact:818 
I/ActivityManager(  476): START u0 {act=android.intent.action.MAIN cat=[android.intent.category.LAUNCHER] flg=0x10000000 cmp=com.google.android.apps.youtube.music/.activities.MusicActivity sel={act=android.intent.action.MAIN cat=[android.intent.category.APP_MUSIC]}} from pid 476
W/IInputConnectionWrapper(29830): showStatusIcon on inactive InputConnection
I/dalvikvm(31666): ignoring registerObject request in thread=1
I/dalvikvm(31666): ignoring registerObject request in thread=1
I/GameAnalytics(31378): Info/GameAnalytics: Starting a new session.
W/dalvikvm(31378): VFY: unable to find class referenced in signature (Lokhttp3/Request;)
W/dalvikvm(31378): VFY: unable to find class referenced in signature (Lokhttp3/Response;)
I/dalvikvm(31378): Could not find method okhttp3.Response.headers, referenced from method empirical.HelperClass.printOkHttpInfo
W/dalvikvm(31378): VFY: unable to resolve virtual method 41759: Lokhttp3/Response;.headers ()Lokhttp3/Headers;
D/dalvikvm(31378): VFY: replacing opcode 0x6e at 0x0006
W/dalvikvm(31378): VFY: unable to find class referenced in signature (Lokhttp3/Call;)
W/dalvikvm(31378): VFY: unable to find class referenced in signature (Lokhttp3/Response;)
I/dalvikvm(31378): Could not find method okhttp3.Call.request, referenced from method empirical.HelperClass.printOkHttpInfoFromCall
W/dalvikvm(31378): VFY: unable to resolve interface method 41753: Lokhttp3/Call;.request ()Lokhttp3/Request;
D/dalvikvm(31378): VFY: replacing opcode 0x72 at 0x0006
I/System.out(31378): body:<com.a.a.d: java.net.HttpURLConnection a(java.lang.String,byte[],boolean)>	sig:specialinvoke $r3.<java.net.URL: void <init>(java.lang.String)>($r1)	timediff:0
I/System.out(31378): <com.a.a.d: java.net.HttpURLConnection a(java.lang.String,byte[],boolean)>###specialinvoke $r3.<java.net.URL: void <init>(java.lang.String)>($r1)###http://api.gameanalytics.com/v2/ca52980443ddf32c644d3dd2717a1ea7/init
W/ActivityThread(31378): ClassLoader.loadClass: The class loader returned by Thread.getContextClassLoader() may fail for processes that host multiple applications. You should explicitly specify a context class loader. For example: Thread.setContextClassLoader(getClass().getClassLoader());
D/ScreenSaverConflic(30305): queryguide
D/ScreenSaverConflic(30305): onShouldGuideRuleChangedtrue   false
D/ScreenSaverConflic(30305): onShouldGuideRuleChanged endtrue   false
D/ScreenSaverConflic(30305): queryshow
D/ScreenSaverConflic(30305): getSwitchOnList : mPackage:com.ksmobile.launcher;  mPackageLifeState:1;  mSaverSwitchState:false;  mScreenActualState:true;  mGuideAcutalState:false;  mLockerActualState:false;  mLockerSwitchState:false
D/ScreenSaverConflic(30305): shouldShowScreenSaver pkgName:com.ksmobile.launcher  ids:com.cmcm.locker
D/ScreenSaverConflic(30305): shouldShowScreenSaver pkgName:com.ksmobile.launcher  ids:com.ijinshan.kbatterydoctor_en
D/ScreenSaverConflic(30305): shouldShowScreenSaver pkgName:com.ksmobile.launcher  ids:com.ijinshan.kbatterydoctor
D/ScreenSaverConflic(30305): shouldShowScreenSaver pkgName:com.ksmobile.launcher  ids:com.cleanmaster.mguard_cn
D/ScreenSaverConflic(30305): shouldShowScreenSaver pkgName:com.ksmobile.launcher  ids:com.cleanmaster.mguard
D/ScreenSaverConflic(30305): shouldShowScreenSaver pkgName:com.ksmobile.launcher  ids:com.cleanmaster.security
D/ScreenSaverConflic(30305): shouldShowScreenSaver pkgName:com.ksmobile.launcher  ids:com.cleanmaster.security_cn
D/ScreenSaverConflic(30305): shouldShowScreenSaver pkgName:com.ksmobile.launcher  ids:com.ksmobile.launcher
D/ScreenSaverConflic(30305): onShouldShowRuleChanged true   false
D/ScreenSaverConflic(30305): onShouldShowRuleChanged endtrue   false
D/ScreenSaverConflic(30305): getLockerSwitchOnList : mPackage:com.ksmobile.launcher;  mPackageLifeState:1;  mSaverSwitchState:false;  mScreenActualState:true;  mGuideAcutalState:false;  mLockerActualState:false;  mLockerSwitchState:false
D/ScreenSaverConflic(30305): onShouldShowLockerRuleChanged false   false
D/ScreenSaverConflic(30305): onShouldShowLockerRuleChanged endfalse   false
D/ScreenSaverConflic(30305): query.end
I/System.out(31378): body:<com.a.a.d: java.net.HttpURLConnection a(java.lang.String,byte[],boolean)>	sig:$r4 = virtualinvoke $r3.<java.net.URL: java.net.URLConnection openConnection()>()	timediff:110
I/System.out(31378): body:<com.a.a.d: java.net.HttpURLConnection a(java.lang.String,byte[],boolean)>	sig:virtualinvoke $r5.<java.net.HttpURLConnection: void setDoOutput(boolean)>(1)	timediff:0
I/System.out(31378): body:<com.a.a.d: java.net.HttpURLConnection a(java.lang.String,byte[],boolean)>	sig:virtualinvoke $r5.<java.net.HttpURLConnection: void setDoInput(boolean)>(1)	timediff:0
I/System.out(31378): body:<com.a.a.d: java.net.HttpURLConnection a(java.lang.String,byte[],boolean)>	sig:virtualinvoke $r5.<java.net.HttpURLConnection: void setRequestMethod(java.lang.String)>("POST")	timediff:0
I/System.out(31378): body:<com.a.a.d: java.net.HttpURLConnection a(java.lang.String,byte[],boolean)>	sig:virtualinvoke $r5.<java.net.HttpURLConnection: void setRequestProperty(java.lang.String,java.lang.String)>("User-Agent", "GameAnalytics C++ SDK")	timediff:1
I/System.out(31378): body:<com.a.a.d: java.net.HttpURLConnection a(java.lang.String,byte[],boolean)>	sig:virtualinvoke $r5.<java.net.HttpURLConnection: void setRequestProperty(java.lang.String,java.lang.String)>("Content-Length", $r1)	timediff:0
