I/InputReader(  481): Device reconfigured: id=1, name='seamless mouse', size 1280x720, orientation 0, mode 1, display id 0
I/InputReader(  481): Device reconfigured: id=3, name='Android Input', size 1280x720, orientation 0, mode 1, display id 0
I/InputReader(  481): Device reconfigured: id=8, name='VirtualBox USB Tablet', size 1280x720, orientation 0, mode 1, display id 0
I/InputReader(  481): Reconfiguring input devices.  changes=0x00000004
D/dalvikvm(14541): GC_FOR_ALLOC freed 313K, 31% free 5310K/7588K, paused 3ms, total 3ms
I/dalvikvm-heap(14541): Grow heap (frag case) to 8.761MB for 3686412-byte allocation
D/dalvikvm(14541): GC_CONCURRENT freed 56K, 21% free 8853K/11192K, paused 1ms+0ms, total 7ms
D/dalvikvm(14541): WAIT_FOR_CONCURRENT_GC blocked 5ms
D/dalvikvm(14541): WAIT_FOR_CONCURRENT_GC blocked 6ms
D/dalvikvm(14541): GC_FOR_ALLOC freed 14K, 22% free 8839K/11192K, paused 6ms, total 6ms
I/dalvikvm-heap(14541): Grow heap (frag case) to 12.208MB for 3686412-byte allocation
D/dalvikvm(14541): GC_FOR_ALLOC freed <1K, 16% free 12438K/14796K, paused 7ms, total 7ms
D/dalvikvm(14541): GC_CONCURRENT freed <1K, 16% free 12438K/14796K, paused 2ms+1ms, total 7ms
W/EGL_emulation(  534): eglSurfaceAttrib not implemented 3093 12436
W/ActivityManager(  481): Unable to start service Intent { act=biz.binarysolutions.EXPORT_LICENSE_KEY_ACTION pkg=biz.binarysolutions.fasp } U=0: not found
W/ActivityManager(  481): Unbind failed: could not find connection for android.os.BinderProxy@4b0ce23c
W/FlurryAgent(14541): Flurry session resumed for context:biz.binarysolutions.signature.Capture@4a886fd4
I/WearableService(  624): Wearable Services stopping
W/EGL_emulation(14541): eglSurfaceAttrib not implemented 3093 12436
D/dalvikvm(14541): GC_FOR_ALLOC freed 3658K, 20% free 8875K/11020K, paused 6ms, total 6ms
I/dalvikvm-heap(14541): Grow heap (frag case) to 12.243MB for 3686412-byte allocation
D/dalvikvm(14541): GC_FOR_ALLOC freed 4K, 15% free 12470K/14624K, paused 3ms, total 4ms
D/dalvikvm(14541): GC_FOR_ALLOC freed <1K, 15% free 12470K/14624K, paused 3ms, total 3ms
I/dalvikvm-heap(14541): Grow heap (frag case) to 15.753MB for 3686412-byte allocation
D/dalvikvm(14541): GC_FOR_ALLOC freed 0K, 12% free 16070K/18228K, paused 5ms, total 5ms
D/dalvikvm(14541): GC_CONCURRENT freed <1K, 12% free 16070K/18228K, paused 4ms+1ms, total 9ms
W/ContextImpl(  481): Calling a method in the system process without a qualified user: android.app.ContextImpl.sendBroadcast:1123 com.android.server.InputMethodManagerService.hideCurrentInputLocked:1880 com.android.server.InputMethodManagerService.windowGainedFocus:1968 com.android.internal.view.IInputMethodManager$Stub.onTransact:221 com.android.server.InputMethodManagerService.onTransact:818 
D/dalvikvm(14541): GC_FOR_ALLOC freed 7233K, 39% free 8953K/14620K, paused 5ms, total 6ms
I/dalvikvm-heap(14541): Grow heap (frag case) to 11.840MB for 3184652-byte allocation
D/dalvikvm(14541): GC_FOR_ALLOC freed 54K, 18% free 12008K/14620K, paused 5ms, total 6ms
D/dalvikvm(14541): GC_CONCURRENT freed <1K, 18% free 12009K/14620K, paused 2ms+0ms, total 5ms
D/dalvikvm(14541): WAIT_FOR_CONCURRENT_GC blocked 3ms
I/dalvikvm-heap(14541): Grow heap (frag case) to 14.825MB for 3184652-byte allocation
D/dalvikvm(14541): GC_FOR_ALLOC freed <1K, 15% free 15119K/17732K, paused 4ms, total 4ms
D/dalvikvm(14541): GC_CONCURRENT freed 0K, 15% free 15119K/17732K, paused 2ms+1ms, total 7ms
I/ActivityManager(  481): Displayed biz.binarysolutions.signature/.Capture: +287ms
W/FlurryAgent(14541): Flurry session paused for context:biz.binarysolutions.signature.Settings@4a96e358
I/WindowManager(  481): Screen frozen for +287ms due to Window{4a8de744 u0 biz.binarysolutions.signature/biz.binarysolutions.signature.Capture}
W/FlurryAgent(14541): Flurry session paused for context:biz.binarysolutions.signature.Intro@4a778be0
V/FlingTracker(  534): computeCurrentVelocity warning: totalweight=0
V/FlingTracker(  534): java.lang.Throwable
V/FlingTracker(  534): 	at com.android.systemui.statusbar.phone.PanelView$FlingTracker.computeCurrentVelocity(PanelView.java:162)
V/FlingTracker(  534): 	at com.android.systemui.statusbar.phone.PanelView$3.onTouch(PanelView.java:462)
V/FlingTracker(  534): 	at android.view.View.dispatchTouchEvent(View.java:7701)
V/FlingTracker(  534): 	at com.android.systemui.statusbar.phone.NotificationPanelView.onTouchEvent(NotificationPanelView.java:138)
V/FlingTracker(  534): 	at com.android.systemui.statusbar.phone.PanelBar.onTouchEvent(PanelBar.java:130)
V/FlingTracker(  534): 	at com.android.systemui.statusbar.phone.PhoneStatusBarView.onTouchEvent(PhoneStatusBarView.java:201)
V/FlingTracker(  534): 	at android.view.View.dispatchTouchEvent(View.java:7706)
V/FlingTracker(  534): 	at android.view.ViewGroup.dispatchTransformedTouchEvent(ViewGroup.java:2210)
V/FlingTracker(  534): 	at android.view.ViewGroup.dispatchTouchEvent(ViewGroup.java:1945)
V/FlingTracker(  534): 	at android.view.ViewGroup.dispatchTransformedTouchEvent(ViewGroup.java:2216)
V/FlingTracker(  534): 	at android.view.ViewGroup.dispatchTouchEvent(ViewGroup.java:1959)
V/FlingTracker(  534): 	at android.view.View.dispatchPointerEvent(View.java:7886)
V/FlingTracker(  534): 	at android.view.ViewRootImpl$ViewPostImeInputStage.processPointerEvent(ViewRootImpl.java:3978)
V/FlingTracker(  534): 	at android.view.ViewRootImpl$ViewPostImeInputStage.onProcess(ViewRootImpl.java:3857)
V/FlingTracker(  534): 	at android.view.ViewRootImpl$InputStage.deliver(ViewRootImpl.java:3423)
V/FlingTracker(  534): 	at android.view.ViewRootImpl$InputStage.onDeliverToNext(ViewRootImpl.java:3473)
V/FlingTracker(  534): 	at android.view.ViewRootImpl$InputStage.forward(ViewRootImpl.java:3442)
V/FlingTracker(  534): 	at android.view.ViewRootImpl$AsyncInputStage.forward(ViewRootImpl.java:3549)
V/FlingTracker(  534): 	at android.view.ViewRootImpl$InputStage.apply(ViewRootImpl.java:3450)
V/FlingTracker(  534): 	at android.view.ViewRootImpl$AsyncInputStage.apply(ViewRootImpl.java:3606)
V/FlingTracker(  534): 	at android.view.ViewRootImpl$InputStage.deliver(ViewRootImpl.java:3423)
V/FlingTracker(  534): 	at android.view.ViewRootImpl$InputStage.onDeliverToNext(ViewRootImpl.java:3473)
V/FlingTracker(  534): 	at android.view.ViewRootImpl$InputStage.forward(ViewRootImpl.java:3442)
V/FlingTracker(  534): 	at android.view.ViewRootImpl$InputStage.apply(ViewRootImpl.java:3450)
V/FlingTracker(  534): 	at android.view.ViewRootImpl$InputStage.deliver(ViewRootImpl.java:3423)
V/FlingTracker(  534): 	at android.view.ViewRootImpl.deliverInputEvent(ViewRootImpl.java:5626)
V/FlingTracker(  534): 	at android.view.ViewRootImpl.doProcessInputEvents(ViewRootImpl.java:5606)
V/FlingTracker(  534): 	at android.view.ViewRootImpl.enqueueInputEvent(ViewRootImpl.java:5577)
V/FlingTracker(  534): 	at android.view.ViewRootImpl$WindowInputEventReceiver.onInputEvent(ViewRootImpl.java:5706)
V/FlingTracker(  534): 	at android.view.InputEventReceiver.dispatchInputEvent(InputEventReceiver.java:185)
V/FlingTracker(  534): 	at android.os.MessageQueue.nativePollOnce(Native Method)
V/FlingTracker(  534): 	at android.os.MessageQueue.next(MessageQueue.java:138)
V/FlingTracker(  534): 	at android.os.Looper.loop(Looper.java:123)
V/FlingTracker(  534): 	at android.app.ActivityThread.main(ActivityThread.java:5019)
V/FlingTracker(  534): 	at java.lang.reflect.Method.invokeNative(Native Method)
V/FlingTracker(  534): 	at java.lang.reflect.Method.invoke(Method.java:515)
V/FlingTracker(  534): 	at com.android.internal.os.ZygoteInit$MethodAndArgsCaller.run(ZygoteInit.java:779)
V/FlingTracker(  534): 	at com.android.internal.os.ZygoteInit.main(ZygoteInit.java:595)
V/FlingTracker(  534): 	at dalvik.system.NativeStart.main(Native Method)
V/PanelView(  534): animationTick called with dtms=0; nothing to do (h=0.0 v=0.0)
W/ViewRootImpl(14541): Dropping event due to no window focus: KeyEvent { action=ACTION_DOWN, keyCode=KEYCODE_NUMPAD_9, scanCode=0, metaState=0, flags=0x8, repeatCount=0, eventTime=731446, downTime=731446, deviceId=-1, source=0x101 }
W/ViewRootImpl(14541): Dropping event due to no window focus: KeyEvent { action=ACTION_DOWN, keyCode=KEYCODE_PAGE_UP, scanCode=0, metaState=0, flags=0x8, repeatCount=0, eventTime=731446, downTime=731446, deviceId=-1, source=0x101 }
W/EGL_emulation(14541): eglSurfaceAttrib not implemented 3093 12436
W/InputEventReceiver(14541): Attempted to finish an input event but the input event receiver has already been disposed.
W/InputEventReceiver(14541): Attempted to finish an input event but the input event receiver has already been disposed.
W/InputEventReceiver(14541): Attempted to finish an input event but the input event receiver has already been disposed.
W/ViewRootImpl(14541): Dropping event due to root view being removed: MotionEvent { action=ACTION_UP, id[0]=0, x[0]=315.62634, y[0]=-11.890976, toolType[0]=TOOL_TYPE_UNKNOWN, buttonState=0, metaState=0, flags=0x0, edgeFlags=0x0, pointerCount=1, historySize=0, eventTime=731543, downTime=731543, deviceId=0, source=0x1002 }
W/ViewRootImpl(14541): Dropping event due to root view being removed: MotionEvent { action=ACTION_MOVE, id[0]=0, x[0]=3.0, y[0]=2.0, toolType[0]=TOOL_TYPE_UNKNOWN, buttonState=0, metaState=0, flags=0x0, edgeFlags=0x0, pointerCount=1, historySize=12, eventTime=731543, downTime=-1, deviceId=0, source=0x10004 }
W/InputMethodManagerService(  481): Window already focused, ignoring focus gain of: com.android.internal.view.IInputMethodClient$Stub$Proxy@4a945fe4 attribute=android.view.inputmethod.EditorInfo@4ae2d214, token = android.os.BinderProxy@4aa3099c
D/dalvikvm(14541): GC_FOR_ALLOC freed 7084K, 20% free 8480K/10556K, paused 4ms, total 4ms
I/dalvikvm-heap(14541): Grow heap (frag case) to 11.378MB for 3184652-byte allocation
D/dalvikvm(14541): GC_FOR_ALLOC freed 31K, 16% free 11558K/13668K, paused 3ms, total 3ms
D/dalvikvm(14541): GC_FOR_ALLOC freed 0K, 16% free 11558K/13668K, paused 3ms, total 3ms
I/dalvikvm-heap(14541): Grow heap (frag case) to 14.384MB for 3184652-byte allocation
D/dalvikvm(14541): GC_CONCURRENT freed <1K, 13% free 14668K/16780K, paused 2ms+2ms, total 6ms
D/dalvikvm(14541): WAIT_FOR_CONCURRENT_GC blocked 2ms
W/ViewRootImpl(14541): Dropping event due to no window focus: KeyEvent { action=ACTION_DOWN, keyCode=KEYCODE_F6, scanCode=0, metaState=0, flags=0x8, repeatCount=0, eventTime=731648, downTime=731648, deviceId=-1, source=0x101 }
W/EGL_emulation(14541): eglSurfaceAttrib not implemented 3093 12436
V/PanelView(  534): animationTick called with dtms=0; nothing to do (h=0.0 v=0.0)
W/ViewRootImpl(14541): Dropping event due to no window focus: KeyEvent { action=ACTION_DOWN, keyCode=KEYCODE_DPAD_UP, scanCode=0, metaState=0, flags=0x8, repeatCount=0, eventTime=731678, downTime=731678, deviceId=-1, source=0x101 }
V/PanelView(  534): animationTick called with dtms=0; nothing to do (h=0.0 v=0.0)
I/ActivityManager(  481): START u0 {cmp=biz.binarysolutions.signature/biz.binarysolutions.android.lib.about.AboutActivity (has extras)} from pid 14541
W/InputEventReceiver(14541): Attempted to finish an input event but the input event receiver has already been disposed.
W/InputEventReceiver(14541): Attempted to finish an input event but the input event receiver has already been disposed.
W/InputEventReceiver(14541): Attempted to finish an input event but the input event receiver has already been disposed.
W/InputEventReceiver(14541): Attempted to finish an input event but the input event receiver has already been disposed.
W/InputEventReceiver(14541): Attempted to finish an input event but the input event receiver has already been disposed.
W/InputEventReceiver(14541): Attempted to finish an input event but the input event receiver has already been disposed.
W/InputEventReceiver(14541): Attempted to finish an input event but the input event receiver has already been disposed.
W/ViewRootImpl(14541): Dropping event due to root view being removed: MotionEvent { action=ACTION_DOWN, id[0]=0, x[0]=277.0, y[0]=81.0, toolType[0]=TOOL_TYPE_UNKNOWN, buttonState=0, metaState=0, flags=0x0, edgeFlags=0x0, pointerCount=1, historySize=0, eventTime=731728, downTime=731728, deviceId=0, source=0x1002 }
W/ViewRootImpl(14541): Dropping event due to root view being removed: MotionEvent { action=ACTION_MOVE, id[0]=0, x[0]=269.94446, y[0]=78.446976, toolType[0]=TOOL_TYPE_UNKNOWN, buttonState=0, metaState=0, flags=0x0, edgeFlags=0x0, pointerCount=1, historySize=0, eventTime=731728, downTime=731728, deviceId=0, source=0x1002 }
W/ViewRootImpl(14541): Dropping event due to root view being removed: MotionEvent { action=ACTION_UP, id[0]=0, x[0]=265.4525, y[0]=77.57573, toolType[0]=TOOL_TYPE_UNKNOWN, buttonState=0, metaState=0, flags=0x0, edgeFlags=0x0, pointerCount=1, historySize=0, eventTime=731729, downTime=731728, deviceId=0, source=0x1002 }
W/ViewRootImpl(14541): Dropping event due to root view being removed: MotionEvent { action=ACTION_DOWN, id[0]=0, x[0]=-272.0, y[0]=15.0, toolType[0]=TOOL_TYPE_UNKNOWN, buttonState=0, metaState=0, flags=0x0, edgeFlags=0x0, pointerCount=1, historySize=0, eventTime=731729, downTime=731729, deviceId=0, source=0x1002 }
W/ViewRootImpl(14541): Dropping event due to root view being removed: MotionEvent { action=ACTION_MOVE, id[0]=0, x[0]=-300.08936, y[0]=2.3532944, toolType[0]=TOOL_TYPE_UNKNOWN, buttonState=0, metaState=0, flags=0x0, edgeFlags=0x0, pointerCount=1, historySize=2, eventTime=731730, downTime=731729, deviceId=0, source=0x1002 }
W/ViewRootImpl(14541): Dropping event due to root view being removed: MotionEvent { action=ACTION_UP, id[0]=0, x[0]=-315.31024, y[0]=-7.0731735, toolType[0]=TOOL_TYPE_UNKNOWN, buttonState=0, metaState=0, flags=0x0, edgeFlags=0x0, pointerCount=1, historySize=0, eventTime=731730, downTime=731729, deviceId=0, source=0x1002 }
W/FlurryAgent(14541): Flurry session resumed for context:biz.binarysolutions.android.lib.about.AboutActivity@4a8af8b0
W/ContextImpl(  481): Calling a method in the system process without a qualified user: android.app.ContextImpl.sendBroadcast:1123 com.android.server.NotificationManagerService$6.run:1838 android.os.Handler.handleCallback:733 android.os.Handler.dispatchMessage:95 android.os.Looper.loop:136 
W/EGL_emulation(14541): eglSurfaceAttrib not implemented 3093 12436
W/ViewRootImpl(14541): Dropping event due to no window focus: KeyEvent { action=ACTION_DOWN, keyCode=KEYCODE_DPAD_RIGHT, scanCode=0, metaState=0, flags=0x8, repeatCount=0, eventTime=731730, downTime=731730, deviceId=-1, source=0x101 }
I/ActivityManager(  481): Displayed biz.binarysolutions.signature/biz.binarysolutions.android.lib.about.AboutActivity: +203ms
W/ViewRootImpl(14541): Dropping event due to no window focus: KeyEvent { action=ACTION_DOWN, keyCode=KEYCODE_MENU, scanCode=0, metaState=0, flags=0x8, repeatCount=0, eventTime=731908, downTime=731908, deviceId=-1, source=0x101 }
W/ContextImpl(  481): Calling a method in the system process without a qualified user: android.app.ContextImpl.sendBroadcast:1123 com.android.server.InputMethodManagerService.hideCurrentInputLocked:1880 com.android.server.InputMethodManagerService.windowGainedFocus:1968 com.android.internal.view.IInputMethodManager$Stub.onTransact:221 com.android.server.InputMethodManagerService.onTransact:818 
I/ActivityManager(  481): START u0 {act=android.intent.action.MAIN cat=[android.intent.category.HOME] flg=0x10200000 cmp=com.vphone.launcher/.Launcher} from pid 481
I/ActivityManager(  481): START u0 {act=android.intent.action.CALL_BUTTON flg=0x10000000} from pid 14541
W/PhoneFallbackEventHandler(14541): No activity found for android.intent.action.CALL_BUTTON.
I/InputDispatcher(  481): Dropped event because of pending overdue app switch.
W/InputManager(  481): Input event injection from pid 14531 failed.
I/ActivityManager(  481): START u0 {act=android.intent.action.VIEW dat=http://binarysolutions.biz/signature-capture-for-android cmp=com.android.browser/.BrowserActivity} from pid 14541
I/ActivityManager(  481): START u0 {act=android.intent.action.MAIN cat=[android.intent.category.LAUNCHER] flg=0x10200000 cmp=biz.binarysolutions.signature/.Intro} from pid 14531
I/ActivityManager(  481): START u0 {act=android.intent.action.VIEW dat=http://binarysolutions.biz cmp=com.android.browser/.BrowserActivity (has extras)} from pid 14541
W/InputManager(  481): Input event injection from pid 14531 failed.
W/InputManager(  481): Input event injection from pid 14531 failed.
W/InputManager(  481): Input event injection from pid 14531 failed.
W/EGL_emulation(14541): eglSurfaceAttrib not implemented 3093 12436
W/ContextImpl(  481): Calling a method in the system process without a qualified user: android.app.ContextImpl.sendBroadcast:1123 com.android.server.InputMethodManagerService.hideCurrentInputLocked:1880 com.android.server.InputMethodManagerService.windowGainedFocus:1968 com.android.internal.view.IInputMethodManager$Stub.onTransact:221 com.android.server.InputMethodManagerService.onTransact:818 
V/FlingTracker(  534): computeCurrentVelocity warning: totalweight=0
V/FlingTracker(  534): java.lang.Throwable
V/FlingTracker(  534): 	at com.android.systemui.statusbar.phone.PanelView$FlingTracker.computeCurrentVelocity(PanelView.java:162)
V/FlingTracker(  534): 	at com.android.systemui.statusbar.phone.PanelView$3.onTouch(PanelView.java:462)
V/FlingTracker(  534): 	at android.view.View.dispatchTouchEvent(View.java:7701)
V/FlingTracker(  534): 	at com.android.systemui.statusbar.phone.NotificationPanelView.onTouchEvent(NotificationPanelView.java:138)
V/FlingTracker(  534): 	at com.android.systemui.statusbar.phone.PanelBar.onTouchEvent(PanelBar.java:130)
V/FlingTracker(  534): 	at com.android.systemui.statusbar.phone.PhoneStatusBarView.onTouchEvent(PhoneStatusBarView.java:201)
V/FlingTracker(  534): 	at android.view.View.dispatchTouchEvent(View.java:7706)
V/FlingTracker(  534): 	at android.view.ViewGroup.dispatchTransformedTouchEvent(ViewGroup.java:2210)
V/FlingTracker(  534): 	at android.view.ViewGroup.dispatchTouchEvent(ViewGroup.java:1945)
V/FlingTracker(  534): 	at android.view.ViewGroup.dispatchTransformedTouchEvent(ViewGroup.java:2216)
V/FlingTracker(  534): 	at android.view.ViewGroup.dispatchTouchEvent(ViewGroup.java:1959)
V/FlingTracker(  534): 	at android.view.View.dispatchPointerEvent(View.java:7886)
V/FlingTracker(  534): 	at android.view.ViewRootImpl$ViewPostImeInputStage.processPointerEvent(ViewRootImpl.java:3978)
V/FlingTracker(  534): 	at android.view.ViewRootImpl$ViewPostImeInputStage.onProcess(ViewRootImpl.java:3857)
V/FlingTracker(  534): 	at android.view.ViewRootImpl$InputStage.deliver(ViewRootImpl.java:3423)
V/FlingTracker(  534): 	at android.view.ViewRootImpl$InputStage.onDeliverToNext(ViewRootImpl.java:3473)
V/FlingTracker(  534): 	at android.view.ViewRootImpl$InputStage.forward(ViewRootImpl.java:3442)
V/FlingTracker(  534): 	at android.view.ViewRootImpl$AsyncInputStage.forward(ViewRootImpl.java:3549)
V/FlingTracker(  534): 	at android.view.ViewRootImpl$InputStage.apply(ViewRootImpl.java:3450)
V/FlingTracker(  534): 	at android.view.ViewRootImpl$AsyncInputStage.apply(ViewRootImpl.java:3606)
V/FlingTracker(  534): 	at android.view.ViewRootImpl$InputStage.deliver(ViewRootImpl.java:3423)
V/FlingTracker(  534): 	at android.view.ViewRootImpl$InputStage.onDeliverToNext(ViewRootImpl.java:3473)
V/FlingTracker(  534): 	at android.view.ViewRootImpl$InputStage.forward(ViewRootImpl.java:3442)
V/FlingTracker(  534): 	at android.view.ViewRootImpl$InputStage.apply(ViewRootImpl.java:3450)
V/FlingTracker(  534): 	at android.view.ViewRootImpl$InputStage.deliver(ViewRootImpl.java:3423)
V/FlingTracker(  534): 	at android.view.ViewRootImpl.deliverInputEvent(ViewRootImpl.java:5626)
V/FlingTracker(  534): 	at android.view.ViewRootImpl.doProcessInputEvents(ViewRootImpl.java:5606)
V/FlingTracker(  534): 	at android.view.ViewRootImpl.enqueueInputEvent(ViewRootImpl.java:5577)
V/FlingTracker(  534): 	at android.view.ViewRootImpl$WindowInputEventReceiver.onInputEvent(ViewRootImpl.java:5706)
V/FlingTracker(  534): 	at android.view.InputEventReceiver.dispatchInputEvent(InputEventReceiver.java:185)
V/FlingTracker(  534): 	at android.os.MessageQueue.nativePollOnce(Native Method)
V/FlingTracker(  534): 	at android.os.MessageQueue.next(MessageQueue.java:138)
V/FlingTracker(  534): 	at android.os.Looper.loop(Looper.java:123)
V/FlingTracker(  534): 	at android.app.ActivityThread.main(ActivityThread.java:5019)
V/FlingTracker(  534): 	at java.lang.reflect.Method.invokeNative(Native Method)
V/FlingTracker(  534): 	at java.lang.reflect.Method.invoke(Method.java:515)
V/FlingTracker(  534): 	at com.android.internal.os.ZygoteInit$MethodAndArgsCaller.run(ZygoteInit.java:779)
V/FlingTracker(  534): 	at com.android.internal.os.ZygoteInit.main(ZygoteInit.java:595)
V/FlingTracker(  534): 	at dalvik.system.NativeStart.main(Native Method)
V/PanelView(  534): animationTick called with dtms=0; nothing to do (h=0.0 v=0.0)
W/ViewRootImpl(14541): Dropping event due to no window focus: KeyEvent { action=ACTION_DOWN, keyCode=KEYCODE_I, scanCode=0, metaState=0, flags=0x8, repeatCount=0, eventTime=733346, downTime=733346, deviceId=-1, source=0x101 }
W/ViewRootImpl(14541): Dropping event due to no window focus: KeyEvent { action=ACTION_DOWN, keyCode=KEYCODE_DPAD_RIGHT, scanCode=0, metaState=0, flags=0x8, repeatCount=0, eventTime=733347, downTime=733347, deviceId=-1, source=0x101 }
V/PanelView(  534): animationTick called with dtms=0; nothing to do (h=0.0 v=0.0)
W/EGL_emulation(14541): eglSurfaceAttrib not implemented 3093 12436
W/ViewRootImpl(14541): Dropping event due to no window focus: KeyEvent { action=ACTION_DOWN, keyCode=KEYCODE_CALL, scanCode=0, metaState=0, flags=0x8, repeatCount=0, eventTime=733353, downTime=733353, deviceId=-1, source=0x101 }
W/InputEventReceiver(14541): Attempted to finish an input event but the input event receiver has already been disposed.
W/InputEventReceiver(14541): Attempted to finish an input event but the input event receiver has already been disposed.
W/InputEventReceiver(14541): Attempted to finish an input event but the input event receiver has already been disposed.
W/InputEventReceiver(14541): Attempted to finish an input event but the input event receiver has already been disposed.
W/InputEventReceiver(14541): Attempted to finish an input event but the input event receiver has already been disposed.
W/ViewRootImpl(14541): Dropping event due to root view being removed: MotionEvent { action=ACTION_POINTER_DOWN(1), id[0]=0, x[0]=-175.87018, y[0]=43.62726, toolType[0]=TOOL_TYPE_UNKNOWN, id[1]=1, x[1]=-608.0, y[1]=244.0, toolType[1]=TOOL_TYPE_UNKNOWN, buttonState=0, metaState=0, flags=0x0, edgeFlags=0x0, pointerCount=2, historySize=0, eventTime=733415, downTime=733415, deviceId=0, source=0x1002 }
W/ViewRootImpl(14541): Dropping event due to root view being removed: MotionEvent { action=ACTION_MOVE, id[0]=0, x[0]=-220.03876, y[0]=54.09787, toolType[0]=TOOL_TYPE_UNKNOWN, id[1]=1, x[1]=-660.08044, y[1]=225.85913, toolType[1]=TOOL_TYPE_UNKNOWN, buttonState=0, metaState=0, flags=0x0, edgeFlags=0x0, pointerCount=2, historySize=8, eventTime=733418, downTime=733415, deviceId=0, source=0x1002 }
W/ViewRootImpl(14541): Dropping event due to root view being removed: MotionEvent { action=ACTION_POINTER_UP(1), id[0]=0, x[0]=-220.92712, y[0]=54.467896, toolType[0]=TOOL_TYPE_UNKNOWN, id[1]=1, x[1]=-665.21216, y[1]=222.4065, toolType[1]=TOOL_TYPE_UNKNOWN, buttonState=0, metaState=0, flags=0x0, edgeFlags=0x0, pointerCount=2, historySize=0, eventTime=733419, downTime=733415, deviceId=0, source=0x1002 }
W/ViewRootImpl(14541): Dropping event due to root view being removed: MotionEvent { action=ACTION_UP, id[0]=0, x[0]=-228.72333, y[0]=56.09079, toolType[0]=TOOL_TYPE_UNKNOWN, buttonState=0, metaState=0, flags=0x0, edgeFlags=0x0, pointerCount=1, historySize=0, eventTime=733419, downTime=733415, deviceId=0, source=0x1002 }
W/InputMethodManagerService(  481): Window already focused, ignoring focus gain of: com.android.internal.view.IInputMethodClient$Stub$Proxy@4a8a2160 attribute=android.view.inputmethod.EditorInfo@4ae097ac, token = android.os.BinderProxy@4aa3099c
D/dalvikvm(14541): GC_FOR_ALLOC freed 7099K, 42% free 8019K/13664K, paused 4ms, total 4ms
I/dalvikvm-heap(14541): Grow heap (frag case) to 10.929MB for 3184652-byte allocation
D/dalvikvm(14541): GC_FOR_ALLOC freed 40K, 19% free 11089K/13664K, paused 6ms, total 6ms
D/dalvikvm(14541): GC_CONCURRENT freed 27K, 20% free 11062K/13664K, paused 2ms+0ms, total 6ms
D/dalvikvm(14541): WAIT_FOR_CONCURRENT_GC blocked 4ms
I/dalvikvm-heap(14541): Grow heap (frag case) to 13.900MB for 3184652-byte allocation
D/dalvikvm(14541): GC_CONCURRENT freed 27K, 16% free 14144K/16776K, paused 2ms+2ms, total 9ms
V/PanelView(  534): animationTick called with dtms=0; nothing to do (h=0.0 v=-0.0)
I/System.out(14541): body:<biz.binarysolutions.android.a.i: java.lang.String a(java.lang.String,java.util.List,int,int)>	sig:specialinvoke $r2.<java.net.URL: void <init>(java.lang.String)>($r0)	timediff:0
I/System.out(14541): <biz.binarysolutions.android.a.i: java.lang.String a(java.lang.String,java.util.List,int,int)>###specialinvoke $r2.<java.net.URL: void <init>(java.lang.String)>($r0)###http://signature.x.binarysolutions.biz/credit/get
I/System.out(14541): body:<biz.binarysolutions.android.a.i: java.lang.String a(java.lang.String,java.util.List,int,int)>	sig:$r8 = virtualinvoke $r2.<java.net.URL: java.net.URLConnection openConnection()>()	timediff:0
I/System.out(14541): body:<biz.binarysolutions.android.a.i: java.lang.String a(java.lang.String,java.util.List,int,int)>	sig:virtualinvoke $r9.<java.net.HttpURLConnection: void setRequestMethod(java.lang.String)>("POST")	timediff:0
I/System.out(14541): body:<biz.binarysolutions.android.a.i: java.lang.String a(java.lang.String,java.util.List,int,int)>	sig:virtualinvoke $r9.<java.net.HttpURLConnection: void setDoOutput(boolean)>(1)	timediff:0
I/System.out(14541): body:<biz.binarysolutions.android.a.i: java.lang.String a(java.lang.String,java.util.List,int,int)>	sig:virtualinvoke $r9.<java.net.HttpURLConnection: void setDoInput(boolean)>(1)	timediff:0
I/System.out(14541): body:<biz.binarysolutions.android.a.i: java.lang.String a(java.lang.String,java.util.List,int,int)>	sig:virtualinvoke $r9.<java.net.HttpURLConnection: void setFixedLengthStreamingMode(int)>($i2)	timediff:0
I/System.out(14541): body:<biz.binarysolutions.android.a.i: java.lang.String a(java.lang.String,java.util.List,int,int)>	sig:virtualinvoke $r9.<java.net.HttpURLConnection: void setReadTimeout(int)>($i0)	timediff:0
I/System.out(14541): body:<biz.binarysolutions.android.a.i: java.lang.String a(java.lang.String,java.util.List,int,int)>	sig:virtualinvoke $r9.<java.net.HttpURLConnection: void setConnectTimeout(int)>($i1)	timediff:0
W/ViewRootImpl(14541): Dropping event due to no window focus: KeyEvent { action=ACTION_DOWN, keyCode=KEYCODE_D, scanCode=0, metaState=0, flags=0x8, repeatCount=0, eventTime=733611, downTime=733611, deviceId=-1, source=0x101 }
V/PanelView(  534): animationTick called with dtms=0; nothing to do (h=0.0 v=0.0)
W/EGL_emulation(14541): eglSurfaceAttrib not implemented 3093 12436
I/System.out(14541): body:<biz.binarysolutions.android.a.i: java.lang.String a(java.lang.String,java.util.List,int,int)>	sig:$r11 = virtualinvoke $r9.<java.net.HttpURLConnection: java.io.OutputStream getOutputStream()>()	timediff:174
I/ActivityManager(  481): START u0 {act=android.intent.action.MAIN cat=[android.intent.category.HOME] flg=0x10200000 cmp=com.vphone.launcher/.Launcher} from pid 481
W/FlurryAgent(14541): Flurry session paused for context:biz.binarysolutions.android.lib.about.AboutActivity@4a8af8b0
I/ActivityManager(  481): START u0 {act=android.intent.action.MAIN cat=[android.intent.category.LAUNCHER] flg=0x10200000 cmp=biz.binarysolutions.signature/.Intro} from pid 14531
I/System.out(14541): body:<biz.binarysolutions.android.a.i: java.lang.String a(java.lang.String,java.util.List,int,int)>	sig:$i2 = virtualinvoke $r9.<java.net.HttpURLConnection: int getResponseCode()>()	timediff:274
I/System.out(14541): body:<biz.binarysolutions.android.a.i: java.lang.String a(java.lang.String,java.util.List,int,int)>	sig:$r12 = virtualinvoke $r9.<java.net.HttpURLConnection: java.io.InputStream getInputStream()>()	timediff:0
I/System.out(14541): body:<empirical.HelperClass: void printURLInfo(java.lang.String,java.lang.String,java.net.URLConnection)>	sig:$r0 = virtualinvoke urlConnection.<java.net.URLConnection: java.net.URL getURL()>()	timediff:0
I/System.out(14541): body:<empirical.HelperClass: void printURLInfo(java.lang.String,java.lang.String,java.net.URLConnection)>	sig:urlString = virtualinvoke $r0.<java.net.URL: java.lang.String toString()>()	timediff:0
I/System.out(14541): body:<empirical.HelperClass: void printURLInfo(java.lang.String,java.lang.String,java.net.URLConnection)>	sig:isDoOutput = virtualinvoke urlConnection.<java.net.URLConnection: boolean getDoOutput()>()	timediff:0
I/System.out(14541): body:<empirical.HelperClass: java.lang.String getHeaderField(java.net.URLConnection,java.lang.String)>	sig:data = virtualinvoke conn.<java.net.URLConnection: java.lang.String getHeaderField(java.lang.String)>(field)	timediff:0
I/System.out(14541): body:<empirical.HelperClass: java.lang.String getHeaderField(java.net.URLConnection,java.lang.String)>	sig:data = virtualinvoke conn.<java.net.URLConnection: java.lang.String getHeaderField(java.lang.String)>(field)	timediff:0
I/System.out(14541): body:<empirical.HelperClass: java.lang.String getHeaderField(java.net.URLConnection,java.lang.String)>	sig:data = virtualinvoke conn.<java.net.URLConnection: java.lang.String getHeaderField(java.lang.String)>(field)	timediff:0
I/System.out(14541): body:<empirical.HelperClass: java.lang.String getHeaderField(java.net.URLConnection,java.lang.String)>	sig:data = virtualinvoke conn.<java.net.URLConnection: java.lang.String getHeaderField(java.lang.String)>(field)	timediff:0
I/System.out(14541): body:<empirical.HelperClass: java.lang.String getHeaderField(java.net.URLConnection,java.lang.String)>	sig:data = virtualinvoke conn.<java.net.URLConnection: java.lang.String getHeaderField(java.lang.String)>(field)	timediff:0
I/System.out(14541): URLConn;%;1;%;<biz.binarysolutions.android.a.i: java.lang.String a(java.lang.String,java.util.List,int,int)>;%;$r12 = virtualinvoke $r9.<java.net.HttpURLConnection: java.io.InputStream getInputStream()>();%;http://signature.x.binarysolutions.biz/credit/get;%;true;%;1;%;Not found;%;Not found;%;Not found;%;Not found
I/System.out(14541): body:<biz.binarysolutions.android.a.i: java.lang.String a(java.lang.String,java.util.List,int,int)>	sig:virtualinvoke $r9.<java.net.HttpURLConnection: void disconnect()>()	timediff:0
I/ActivityManager(  481): START u0 {act=android.intent.action.MAIN cat=[android.intent.category.LAUNCHER] flg=0x10000000 sel={act=android.intent.action.MAIN cat=[android.intent.category.APP_CALENDAR]}} from pid 481
I/ActivityManager(  481): START u0 {act=android.intent.action.MAIN cat=[android.intent.category.LAUNCHER] flg=0x10200000 cmp=biz.binarysolutions.signature/.Intro} from pid 14531
I/InputDispatcher(  481): Dropped event because of pending overdue app switch.
W/InputManager(  481): Input event injection from pid 14531 failed.
I/ActivityManager(  481): START u0 {act=android.intent.action.MAIN cat=[android.intent.category.HOME] flg=0x10200000 cmp=com.vphone.launcher/.Launcher} from pid 481
D/dalvikvm(  481): GC_CONCURRENT freed 7365K, 47% free 13297K/25016K, paused 1ms+4ms, total 26ms
D/dalvikvm(  481): WAIT_FOR_CONCURRENT_GC blocked 25ms
I/ActivityManager(  481): START u0 {act=android.intent.action.MAIN cat=[android.intent.category.HOME] flg=0x10200000 cmp=com.vphone.launcher/.Launcher} from pid 481
D/dalvikvm(  534): GC_FOR_ALLOC freed 8302K, 62% free 6049K/15612K, paused 3ms, total 3ms
I/ActivityManager(  481): START u0 {act=android.intent.action.MAIN cat=[android.intent.category.LAUNCHER] flg=0x10200000 cmp=biz.binarysolutions.signature/.Intro} from pid 14531
V/PanelView(  534): animationTick called with dtms=0; nothing to do (h=0.0 v=-0.0)
I/ActivityManager(  481): START u0 {act=android.intent.action.MAIN cat=[android.intent.category.LAUNCHER] flg=0x10200000 cmp=biz.binarysolutions.signature/.Intro} from pid 14531
I/System.out(14541): body:<biz.binarysolutions.android.a.i: java.lang.String a(java.lang.String,java.util.List,int,int)>	sig:specialinvoke $r2.<java.net.URL: void <init>(java.lang.String)>($r0)	timediff:0
I/System.out(14541): <biz.binarysolutions.android.a.i: java.lang.String a(java.lang.String,java.util.List,int,int)>###specialinvoke $r2.<java.net.URL: void <init>(java.lang.String)>($r0)###http://signature.x.binarysolutions.biz/credit/decrement
I/System.out(14541): body:<biz.binarysolutions.android.a.i: java.lang.String a(java.lang.String,java.util.List,int,int)>	sig:$r8 = virtualinvoke $r2.<java.net.URL: java.net.URLConnection openConnection()>()	timediff:0
I/System.out(14541): body:<biz.binarysolutions.android.a.i: java.lang.String a(java.lang.String,java.util.List,int,int)>	sig:virtualinvoke $r9.<java.net.HttpURLConnection: void setRequestMethod(java.lang.String)>("POST")	timediff:0
I/System.out(14541): body:<biz.binarysolutions.android.a.i: java.lang.String a(java.lang.String,java.util.List,int,int)>	sig:virtualinvoke $r9.<java.net.HttpURLConnection: void setDoOutput(boolean)>(1)	timediff:0
I/System.out(14541): body:<biz.binarysolutions.android.a.i: java.lang.String a(java.lang.String,java.util.List,int,int)>	sig:virtualinvoke $r9.<java.net.HttpURLConnection: void setDoInput(boolean)>(1)	timediff:0
I/System.out(14541): body:<biz.binarysolutions.android.a.i: java.lang.String a(java.lang.String,java.util.List,int,int)>	sig:virtualinvoke $r9.<java.net.HttpURLConnection: void setFixedLengthStreamingMode(int)>($i2)	timediff:0
I/System.out(14541): body:<biz.binarysolutions.android.a.i: java.lang.String a(java.lang.String,java.util.List,int,int)>	sig:virtualinvoke $r9.<java.net.HttpURLConnection: void setReadTimeout(int)>($i0)	timediff:0
I/System.out(14541): body:<biz.binarysolutions.android.a.i: java.lang.String a(java.lang.String,java.util.List,int,int)>	sig:virtualinvoke $r9.<java.net.HttpURLConnection: void setConnectTimeout(int)>($i1)	timediff:0
I/System.out(14541): body:<biz.binarysolutions.android.a.i: java.lang.String a(java.lang.String,java.util.List,int,int)>	sig:$r11 = virtualinvoke $r9.<java.net.HttpURLConnection: java.io.OutputStream getOutputStream()>()	timediff:4
I/System.out(14541): body:<biz.binarysolutions.android.a.i: java.lang.String a(java.lang.String,java.util.List,int,int)>	sig:$i2 = virtualinvoke $r9.<java.net.HttpURLConnection: int getResponseCode()>()	timediff:184
I/System.out(14541): body:<biz.binarysolutions.android.a.i: java.lang.String a(java.lang.String,java.util.List,int,int)>	sig:$r12 = virtualinvoke $r9.<java.net.HttpURLConnection: java.io.InputStream getInputStream()>()	timediff:0
I/System.out(14541): body:<empirical.HelperClass: void printURLInfo(java.lang.String,java.lang.String,java.net.URLConnection)>	sig:$r0 = virtualinvoke urlConnection.<java.net.URLConnection: java.net.URL getURL()>()	timediff:0
I/System.out(14541): body:<empirical.HelperClass: void printURLInfo(java.lang.String,java.lang.String,java.net.URLConnection)>	sig:urlString = virtualinvoke $r0.<java.net.URL: java.lang.String toString()>()	timediff:0
I/System.out(14541): body:<empirical.HelperClass: void printURLInfo(java.lang.String,java.lang.String,java.net.URLConnection)>	sig:isDoOutput = virtualinvoke urlConnection.<java.net.URLConnection: boolean getDoOutput()>()	timediff:0
I/System.out(14541): body:<empirical.HelperClass: java.lang.String getHeaderField(java.net.URLConnection,java.lang.String)>	sig:data = virtualinvoke conn.<java.net.URLConnection: java.lang.String getHeaderField(java.lang.String)>(field)	timediff:0
I/System.out(14541): body:<empirical.HelperClass: java.lang.String getHeaderField(java.net.URLConnection,java.lang.String)>	sig:data = virtualinvoke conn.<java.net.URLConnection: java.lang.String getHeaderField(java.lang.String)>(field)	timediff:0
I/System.out(14541): body:<empirical.HelperClass: java.lang.String getHeaderField(java.net.URLConnection,java.lang.String)>	sig:data = virtualinvoke conn.<java.net.URLConnection: java.lang.String getHeaderField(java.lang.String)>(field)	timediff:0
I/System.out(14541): body:<empirical.HelperClass: java.lang.String getHeaderField(java.net.URLConnection,java.lang.String)>	sig:data = virtualinvoke conn.<java.net.URLConnection: java.lang.String getHeaderField(java.lang.String)>(field)	timediff:0
I/System.out(14541): body:<empirical.HelperClass: java.lang.String getHeaderField(java.net.URLConnection,java.lang.String)>	sig:data = virtualinvoke conn.<java.net.URLConnection: java.lang.String getHeaderField(java.lang.String)>(field)	timediff:0
I/System.out(14541): URLConn;%;2;%;<biz.binarysolutions.android.a.i: java.lang.String a(java.lang.String,java.util.List,int,int)>;%;$r12 = virtualinvoke $r9.<java.net.HttpURLConnection: java.io.InputStream getInputStream()>();%;http://signature.x.binarysolutions.biz/credit/decrement;%;true;%;0;%;Not found;%;Not found;%;Not found;%;Not found
I/System.out(14541): body:<biz.binarysolutions.android.a.i: java.lang.String a(java.lang.String,java.util.List,int,int)>	sig:virtualinvoke $r9.<java.net.HttpURLConnection: void disconnect()>()	timediff:0
W/InputMethodManagerService(  481): Window already focused, ignoring focus gain of: com.android.internal.view.IInputMethodClient$Stub$Proxy@4ae5efe4 attribute=null, token = android.os.BinderProxy@4aa3099c
W/FlurryAgent(14541): Flurry session resumed for context:biz.binarysolutions.signature.Intro@4a8874dc
W/EGL_emulation(14541): eglSurfaceAttrib not implemented 3093 12436
W/ViewRootImpl(14541): Dropping event due to no window focus: KeyEvent { action=ACTION_DOWN, keyCode=KEYCODE_VOLUME_DOWN, scanCode=0, metaState=0, flags=0x8, repeatCount=0, eventTime=734712, downTime=734712, deviceId=-1, source=0x101 }
W/ContextImpl(  481): Calling a method in the system process without a qualified user: android.app.ContextImpl.sendBroadcast:1123 com.android.server.InputMethodManagerService.hideCurrentInputLocked:1880 com.android.server.InputMethodManagerService.windowGainedFocus:1968 com.android.internal.view.IInputMethodManager$Stub.onTransact:221 com.android.server.InputMethodManagerService.onTransact:818 
W/ViewRootImpl(14541): Dropping event due to no window focus: KeyEvent { action=ACTION_DOWN, keyCode=KEYCODE_CALL, scanCode=0, metaState=0, flags=0x8, repeatCount=0, eventTime=734896, downTime=734896, deviceId=-1, source=0x101 }
W/EGL_emulation(14541): eglSurfaceAttrib not implemented 3093 12436
W/ViewRootImpl(14541): Dropping event due to no window focus: KeyEvent { action=ACTION_DOWN, keyCode=KEYCODE_DPAD_CENTER, scanCode=0, metaState=0, flags=0x8, repeatCount=0, eventTime=734937, downTime=734937, deviceId=-1, source=0x101 }
W/ViewRootImpl(14541): Dropping event due to no window focus: KeyEvent { action=ACTION_DOWN, keyCode=KEYCODE_DPAD_LEFT, scanCode=0, metaState=0, flags=0x8, repeatCount=0, eventTime=734982, downTime=734982, deviceId=-1, source=0x101 }
V/PanelView(  534): animationTick called with dtms=0; nothing to do (h=0.0 v=-0.0)
V/PanelView(  534): animationTick called with dtms=-10; nothing to do (h=0.0 v=-0.0)
I/InputDispatcher(  481): Dropped event because of pending overdue app switch.
W/InputEventReceiver(14541): Attempted to finish an input event but the input event receiver has already been disposed.
W/InputEventReceiver(14541): Attempted to finish an input event but the input event receiver has already been disposed.
W/InputEventReceiver(14541): Attempted to finish an input event but the input event receiver has already been disposed.
W/InputManager(  481): Input event injection from pid 14531 failed.
W/ViewRootImpl(14541): Dropping event due to root view being removed: MotionEvent { action=ACTION_MOVE, id[0]=1, x[0]=-959.0, y[0]=474.17938, toolType[0]=TOOL_TYPE_UNKNOWN, buttonState=0, metaState=0, flags=0x0, edgeFlags=0x0, pointerCount=1, historySize=7, eventTime=734992, downTime=734990, deviceId=0, source=0x1002 }
W/ViewRootImpl(14541): Dropping event due to root view being removed: MotionEvent { action=ACTION_UP, id[0]=1, x[0]=-959.0, y[0]=463.59033, toolType[0]=TOOL_TYPE_UNKNOWN, buttonState=0, metaState=0, flags=0x0, edgeFlags=0x0, pointerCount=1, historySize=0, eventTime=734993, downTime=734990, deviceId=0, source=0x1002 }
W/ViewRootImpl(14541): Dropping event due to no window focus: KeyEvent { action=ACTION_DOWN, keyCode=KEYCODE_DPAD_CENTER, scanCode=0, metaState=0, flags=0x8, repeatCount=0, eventTime=735015, downTime=735015, deviceId=-1, source=0x101 }
W/InputMethodManagerService(  481): Window already focused, ignoring focus gain of: com.android.internal.view.IInputMethodClient$Stub$Proxy@4ac573f4 attribute=null, token = android.os.BinderProxy@4acf44ac
I/ActivityManager(  481): START u0 {cmp=biz.binarysolutions.signature/.Capture (has extras)} from pid 14541
W/ViewRootImpl(14541): Dropping event due to no window focus: MotionEvent { action=ACTION_MOVE, id[0]=0, x[0]=-5.0, y[0]=-1.0, toolType[0]=TOOL_TYPE_UNKNOWN, buttonState=0, metaState=0, flags=0x0, edgeFlags=0x0, pointerCount=1, historySize=9, eventTime=735033, downTime=-1, deviceId=0, source=0x10004 }
D/dalvikvm(14541): GC_FOR_ALLOC freed 6757K, 23% free 8180K/10528K, paused 4ms, total 4ms
I/dalvikvm-heap(14541): Grow heap (frag case) to 11.564MB for 3686412-byte allocation
D/dalvikvm(14541): GC_FOR_ALLOC freed 239K, 19% free 11540K/14132K, paused 5ms, total 5ms
D/dalvikvm(14541): GC_CONCURRENT freed 11K, 19% free 11528K/14132K, paused 2ms+0ms, total 5ms
D/dalvikvm(14541): WAIT_FOR_CONCURRENT_GC blocked 3ms
I/dalvikvm-heap(14541): Grow heap (frag case) to 14.833MB for 3686412-byte allocation
D/dalvikvm(14541): GC_FOR_ALLOC freed <1K, 15% free 15127K/17736K, paused 7ms, total 7ms
D/dalvikvm(14541): GC_CONCURRENT freed <1K, 15% free 15128K/17736K, paused 1ms+3ms, total 7ms
W/ActivityManager(  481): Unable to start service Intent { act=biz.binarysolutions.EXPORT_LICENSE_KEY_ACTION pkg=biz.binarysolutions.fasp } U=0: not found
W/FlurryAgent(14541): Flurry session resumed for context:biz.binarysolutions.signature.Capture@4a851c48
W/ActivityManager(  481): Unbind failed: could not find connection for android.os.BinderProxy@4a9bdd64
W/EGL_emulation(14541): eglSurfaceAttrib not implemented 3093 12436
D/dalvikvm(14541): GC_FOR_ALLOC freed 3638K, 19% free 11564K/14128K, paused 5ms, total 5ms
I/dalvikvm-heap(14541): Grow heap (frag case) to 14.869MB for 3686412-byte allocation
D/dalvikvm(14541): GC_CONCURRENT freed 2K, 15% free 15162K/17732K, paused 2ms+0ms, total 4ms
D/dalvikvm(14541): GC_FOR_ALLOC freed <1K, 15% free 15162K/17732K, paused 2ms, total 2ms
I/dalvikvm-heap(14541): Grow heap (frag case) to 18.382MB for 3686412-byte allocation
D/dalvikvm(14541): GC_FOR_ALLOC freed 0K, 13% free 18762K/21336K, paused 5ms, total 5ms
W/ViewRootImpl(14541): Dropping event due to no window focus: KeyEvent { action=ACTION_DOWN, keyCode=KEYCODE_DPAD_CENTER, scanCode=0, metaState=0, flags=0x8, repeatCount=0, eventTime=735033, downTime=735033, deviceId=-1, source=0x101 }
W/ContextImpl(  481): Calling a method in the system process without a qualified user: android.app.ContextImpl.sendBroadcast:1123 com.android.server.InputMethodManagerService.hideCurrentInputLocked:1880 com.android.server.InputMethodManagerService.windowGainedFocus:1968 com.android.internal.view.IInputMethodManager$Stub.onTransact:221 com.android.server.InputMethodManagerService.onTransact:818 
D/dalvikvm(14541): GC_FOR_ALLOC freed 7230K, 35% free 11608K/17728K, paused 6ms, total 6ms
I/dalvikvm-heap(14541): Grow heap (frag case) to 14.433MB for 3184652-byte allocation
D/dalvikvm(14541): GC_CONCURRENT freed 2K, 17% free 14715K/17728K, paused 1ms+0ms, total 4ms
D/dalvikvm(14541): GC_FOR_ALLOC freed <1K, 17% free 14715K/17728K, paused 3ms, total 3ms
I/dalvikvm-heap(14541): Grow heap (frag case) to 17.468MB for 3184652-byte allocation
D/dalvikvm(14541): GC_FOR_ALLOC freed <1K, 15% free 17825K/20840K, paused 8ms, total 8ms
I/ActivityManager(  481): Displayed biz.binarysolutions.signature/.Capture: +217ms
I/ActivityManager(  481): START u0 {act=android.intent.action.CALL_BUTTON flg=0x10000000} from pid 14541
W/PhoneFallbackEventHandler(14541): No activity found for android.intent.action.CALL_BUTTON.
I/ActivityManager(  481): START u0 {act=android.intent.action.MAIN cat=[android.intent.category.LAUNCHER] flg=0x10200000 cmp=biz.binarysolutions.signature/.Intro} from pid 14531
W/ViewRootImpl(14541): Dropping event due to no window focus: KeyEvent { action=ACTION_DOWN, keyCode=KEYCODE_DPAD_LEFT, scanCode=0, metaState=0, flags=0x8, repeatCount=0, eventTime=735334, downTime=735334, deviceId=-1, source=0x101 }
W/EGL_emulation(14541): eglSurfaceAttrib not implemented 3093 12436
W/ViewRootImpl(14541): Dropping event due to no window focus: KeyEvent { action=ACTION_DOWN, keyCode=KEYCODE_DPAD_RIGHT, scanCode=0, metaState=0, flags=0x8, repeatCount=0, eventTime=735337, downTime=735337, deviceId=-1, source=0x101 }
W/InputEventReceiver(14541): Attempted to finish an input event but the input event receiver has already been disposed.
W/InputEventReceiver(14541): Attempted to finish an input event but the input event receiver has already been disposed.
W/InputEventReceiver(14541): Attempted to finish an input event but the input event receiver has already been disposed.
W/InputEventReceiver(14541): Attempted to finish an input event but the input event receiver has already been disposed.
W/ViewRootImpl(14541): Dropping event due to root view being removed: MotionEvent { action=ACTION_UP, id[0]=0, x[0]=-548.9586, y[0]=316.6858, toolType[0]=TOOL_TYPE_UNKNOWN, buttonState=0, metaState=0, flags=0x0, edgeFlags=0x0, pointerCount=1, historySize=0, eventTime=735401, downTime=735400, deviceId=0, source=0x1002 }
W/ViewRootImpl(14541): Dropping event due to root view being removed: MotionEvent { action=ACTION_DOWN, id[0]=0, x[0]=-655.0, y[0]=520.0, toolType[0]=TOOL_TYPE_UNKNOWN, buttonState=0, metaState=0, flags=0x0, edgeFlags=0x0, pointerCount=1, historySize=0, eventTime=735402, downTime=735401, deviceId=0, source=0x1002 }
W/ViewRootImpl(14541): Dropping event due to root view being removed: MotionEvent { action=ACTION_UP, id[0]=0, x[0]=-677.1797, y[0]=510.60974, toolType[0]=TOOL_TYPE_UNKNOWN, buttonState=0, metaState=0, flags=0x0, edgeFlags=0x0, pointerCount=1, historySize=0, eventTime=735402, downTime=735401, deviceId=0, source=0x1002 }
I/ActivityManager(  481): START u0 {act=android.intent.action.MAIN cat=[android.intent.category.LAUNCHER] flg=0x10200000 cmp=biz.binarysolutions.signature/.Intro} from pid 14531
W/InputMethodManagerService(  481): Window already focused, ignoring focus gain of: com.android.internal.view.IInputMethodClient$Stub$Proxy@4a94f830 attribute=android.view.inputmethod.EditorInfo@4add4cc8, token = android.os.BinderProxy@4a9b6424
W/ViewRootImpl(14541): Dropping event due to no window focus: KeyEvent { action=ACTION_DOWN, keyCode=KEYCODE_MENU, scanCode=0, metaState=0, flags=0x8, repeatCount=0, eventTime=735438, downTime=735438, deviceId=-1, source=0x101 }
W/ViewRootImpl(14541): Dropping event due to no window focus: KeyEvent { action=ACTION_DOWN, keyCode=KEYCODE_DPAD_DOWN, scanCode=0, metaState=0, flags=0x8, repeatCount=0, eventTime=735447, downTime=735447, deviceId=-1, source=0x101 }
V/FlingTracker(  534): computeCurrentVelocity warning: totalweight=0
V/FlingTracker(  534): java.lang.Throwable
V/FlingTracker(  534): 	at com.android.systemui.statusbar.phone.PanelView$FlingTracker.computeCurrentVelocity(PanelView.java:162)
V/FlingTracker(  534): 	at com.android.systemui.statusbar.phone.PanelView$3.onTouch(PanelView.java:462)
V/FlingTracker(  534): 	at android.view.View.dispatchTouchEvent(View.java:7701)
V/FlingTracker(  534): 	at com.android.systemui.statusbar.phone.NotificationPanelView.onTouchEvent(NotificationPanelView.java:138)
V/FlingTracker(  534): 	at com.android.systemui.statusbar.phone.PanelBar.onTouchEvent(PanelBar.java:130)
V/FlingTracker(  534): 	at com.android.systemui.statusbar.phone.PhoneStatusBarView.onTouchEvent(PhoneStatusBarView.java:201)
V/FlingTracker(  534): 	at android.view.View.dispatchTouchEvent(View.java:7706)
V/FlingTracker(  534): 	at android.view.ViewGroup.dispatchTransformedTouchEvent(ViewGroup.java:2210)
V/FlingTracker(  534): 	at android.view.ViewGroup.dispatchTouchEvent(ViewGroup.java:1945)
V/FlingTracker(  534): 	at android.view.ViewGroup.dispatchTransformedTouchEvent(ViewGroup.java:2216)
V/FlingTracker(  534): 	at android.view.ViewGroup.dispatchTouchEvent(ViewGroup.java:1959)
V/FlingTracker(  534): 	at android.view.View.dispatchPointerEvent(View.java:7886)
V/FlingTracker(  534): 	at android.view.ViewRootImpl$ViewPostImeInputStage.processPointerEvent(ViewRootImpl.java:3978)
V/FlingTracker(  534): 	at android.view.ViewRootImpl$ViewPostImeInputStage.onProcess(ViewRootImpl.java:3857)
V/FlingTracker(  534): 	at android.view.ViewRootImpl$InputStage.deliver(ViewRootImpl.java:3423)
V/FlingTracker(  534): 	at android.view.ViewRootImpl$InputStage.onDeliverToNext(ViewRootImpl.java:3473)
V/FlingTracker(  534): 	at android.view.ViewRootImpl$InputStage.forward(ViewRootImpl.java:3442)
V/FlingTracker(  534): 	at android.view.ViewRootImpl$AsyncInputStage.forward(ViewRootImpl.java:3549)
V/FlingTracker(  534): 	at android.view.ViewRootImpl$InputStage.apply(ViewRootImpl.java:3450)
