V/FlingTracker(  531): 	at com.android.internal.os.ZygoteInit$MethodAndArgsCaller.run(ZygoteInit.java:779)
V/FlingTracker(  531): 	at com.android.internal.os.ZygoteInit.main(ZygoteInit.java:595)
V/FlingTracker(  531): 	at dalvik.system.NativeStart.main(Native Method)
V/PanelView(  531): animationTick called with dtms=0; nothing to do (h=0.0 v=0.0)
V/PanelView(  531): animationTick called with dtms=-1; nothing to do (h=0.0 v=0.0)
W/PropertyValuesHolder(11448): Method setBrightness() with type int not found on target class class ph
W/PropertyValuesHolder(11448): Method getBrightness() with type int not found on target class class ph
I/ActivityManager(  346): START u0 {act=android.intent.action.MAIN cat=[android.intent.category.LAUNCHER] flg=0x10200000 cmp=com.android.contacts/.activities.PeopleActivity bnds=[290,388][431,618] (has extras)} from pid 11448
W/ContextImpl(11448): Calling a method in the system process without a qualified user: android.app.ContextImpl.sendBroadcast:1137 android.content.ContextWrapper.sendBroadcast:370 com.vphone.launcher.Stats.recordLaunch:129 com.vphone.launcher.Launcher.c:3192 com.vphone.launcher.Launcher.onClickAppShortcut:3144 
I/ActivityManager(  346): START u0 {act=android.intent.action.MAIN cat=[android.intent.category.LAUNCHER] flg=0x10200000 cmp=com.android.contacts/.activities.PeopleActivity bnds=[290,388][431,618] (has extras)} from pid 11448
W/ContextImpl(11448): Calling a method in the system process without a qualified user: android.app.ContextImpl.sendBroadcast:1137 android.content.ContextWrapper.sendBroadcast:370 com.vphone.launcher.Stats.recordLaunch:129 com.vphone.launcher.Launcher.c:3192 com.vphone.launcher.Launcher.onClickAppShortcut:3144 
W/PropertyValuesHolder(11448): Method setBrightness() with type int not found on target class class ph
W/PropertyValuesHolder(11448): Method getBrightness() with type int not found on target class class ph
W/PropertyValuesHolder(11448): Method setBrightness() with type int not found on target class class ph
W/PropertyValuesHolder(11448): Method getBrightness() with type int not found on target class class ph
I/ActivityManager(  346): START u0 {act=android.intent.action.MAIN cat=[android.intent.category.LAUNCHER] flg=0x10200000 cmp=com.android.camera/.Camera bnds=[431,388][572,618] (has extras)} from pid 11448
W/ContextImpl(11448): Calling a method in the system process without a qualified user: android.app.ContextImpl.sendBroadcast:1137 android.content.ContextWrapper.sendBroadcast:370 com.vphone.launcher.Stats.recordLaunch:129 com.vphone.launcher.Launcher.c:3192 com.vphone.launcher.Launcher.onClickAppShortcut:3144 
W/ContextImpl(11448): Calling a method in the system process without a qualified user: android.app.ContextImpl.bindService:1556 android.content.ContextWrapper.bindService:517 com.google.android.gms.common.stats.zzb.zza:-1 com.google.android.gms.common.stats.zzb.zza:-1 com.google.android.gms.ads.identifier.AdvertisingIdClient.zzh:-1 
W/Launcher(11448): No global search activity found.
I/qtaguid (11448): Untagging socket 81 failed errno=-13
W/NetworkManagementSocketTagger(11448): untagSocket(81) failed with errno -13
I/qtaguid (11448): Tagging socket 81 with tag 49e2824000000000(1239581248) for uid -1 failed errno=-13
I/NetworkManagementSocketTagger(11448): tagSocketFd(81, 1239581248, -1) failed with errno-13
W/DebugConnManager(11448): getNetworkInfo() on networkType 1
I/ActivityManager(  346): START u0 {cmp=com.vphone.launcher/.game.GpLoadingActivity (has extras)} from pid 11448
I/ActivityManager(  346): START u0 {act=android.intent.action.MAIN cat=[android.intent.category.LAUNCHER] flg=0x10200000 cmp=com.android.browser/.BrowserActivity bnds=[8,388][149,618] (has extras)} from pid 11448
I/qtaguid (11448): Tagging socket 103 with tag 49e2824000000000(1239581248) for uid -1 failed errno=-13
I/NetworkManagementSocketTagger(11448): tagSocketFd(103, 1239581248, -1) failed with errno-13
W/ContextImpl(11448): Calling a method in the system process without a qualified user: android.app.ContextImpl.sendBroadcast:1137 android.content.ContextWrapper.sendBroadcast:370 com.vphone.launcher.Stats.recordLaunch:129 com.vphone.launcher.Launcher.c:3192 com.vphone.launcher.Launcher.onClickAppShortcut:3144 
W/Launcher(11448): No global search activity found.
I/ActivityManager(  346): START u0 {act=android.intent.action.MAIN cat=[android.intent.category.LAUNCHER] flg=0x10200000 cmp=com.android.camera/.Camera bnds=[431,388][572,618] (has extras)} from pid 11448
W/ContextImpl(11448): Calling a method in the system process without a qualified user: android.app.ContextImpl.sendBroadcast:1137 android.content.ContextWrapper.sendBroadcast:370 com.vphone.launcher.Stats.recordLaunch:129 com.vphone.launcher.Launcher.c:3192 com.vphone.launcher.Launcher.onClickAppShortcut:3144 
W/ContextImpl(11448): Calling a method in the system process without a qualified user: android.app.ContextImpl.bindService:1556 android.content.ContextWrapper.bindService:517 com.google.android.gms.common.stats.zzb.zza:-1 com.google.android.gms.common.stats.zzb.zza:-1 com.google.android.gms.ads.identifier.AdvertisingIdClient.zzh:-1 
I/qtaguid (11448): Tagging socket 89 with tag 49e2824000000000(1239581248) for uid -1 failed errno=-13
I/NetworkManagementSocketTagger(11448): tagSocketFd(89, 1239581248, -1) failed with errno-13
I/qtaguid (11448): Tagging socket 109 with tag 49e2824000000000(1239581248) for uid -1 failed errno=-13
I/NetworkManagementSocketTagger(11448): tagSocketFd(109, 1239581248, -1) failed with errno-13
W/PropertyValuesHolder(11448): Method setBrightness() with type int not found on target class class ph
W/PropertyValuesHolder(11448): Method getBrightness() with type int not found on target class class ph
I/ActivityManager(  346): START u0 {act=android.intent.action.MAIN cat=[android.intent.category.LAUNCHER] flg=0x10200000 cmp=com.cyanogenmod.filemanager/.activities.NavigationActivity bnds=[149,388][290,618] (has extras)} from pid 11448
W/ContextImpl(11448): Calling a method in the system process without a qualified user: android.app.ContextImpl.sendBroadcast:1137 android.content.ContextWrapper.sendBroadcast:370 com.vphone.launcher.Stats.recordLaunch:129 com.vphone.launcher.Launcher.c:3192 com.vphone.launcher.Launcher.onClickAppShortcut:3144 
W/ContextImpl(11448): Calling a method in the system process without a qualified user: android.app.ContextImpl.startActivity:1020 android.content.ContextWrapper.startActivity:311 android.content.ContextWrapper.startActivity:311 com.vphone.launcher.utils.AppUtil.a:1507 com.vphone.launcher.utils.AppUtil.onQsbClicked:1486 
W/ContextImpl(11448): Calling a method in the system process without a qualified user: android.app.ContextImpl.startActivity:1032 android.app.ContextImpl.startActivity:1021 android.content.ContextWrapper.startActivity:311 android.content.ContextWrapper.startActivity:311 com.vphone.launcher.utils.AppUtil.a:1507 
W/DebugConnManager(11448): getNetworkInfo() on networkType 1
I/ActivityManager(  346): START u0 {flg=0x10000000 cmp=com.vphone.launcher/.game.SearchActivity} from pid 11448
W/DebugConnManager(11448): getNetworkInfo() on networkType 1
I/ActivityManager(  346): START u0 {cmp=com.vphone.launcher/.game.GpLoadingActivity (has extras)} from pid 11448
D/Sensors (  346): Client connection accepted (204)
W/ContextImpl(11448): Calling a method in the system process without a qualified user: android.app.ContextImpl.bindService:1556 android.content.ContextWrapper.bindService:517 com.google.android.gms.common.stats.zzb.zza:-1 com.google.android.gms.common.stats.zzb.zza:-1 com.google.android.gms.ads.identifier.AdvertisingIdClient.zzh:-1 
I/InputDispatcher(  346): Dropped event because of pending overdue app switch.
I/InputDispatcher(  346): Dropped event because of pending overdue app switch.
W/InputManager(  346): Input event injection from pid 17960 failed.
W/InputManager(  346): Input event injection from pid 17960 failed.
I/InputDispatcher(  346): Dropped event because of pending overdue app switch.
I/InputDispatcher(  346): Dropped event because of pending overdue app switch.
I/InputDispatcher(  346): Dropped event because of pending overdue app switch.
I/InputDispatcher(  346): Dropped event because of pending overdue app switch.
I/InputDispatcher(  346): Dropped event because of pending overdue app switch.
W/InputManager(  346): Input event injection from pid 17960 failed.
W/InputManager(  346): Input event injection from pid 17960 failed.
W/InputManager(  346): Input event injection from pid 17960 failed.
W/InputManager(  346): Input event injection from pid 17960 failed.
I/ActivityManager(  346): START u0 {act=android.intent.action.MAIN cat=[android.intent.category.LAUNCHER] flg=0x10200000 cmp=com.huntington.m/.huntington} from pid 17960
W/InputManager(  346): Input event injection from pid 17960 failed.
D/yeshen  (11448): launcher onpause
I/ActivityManager(  346): Start proc com.huntington.m for activity com.huntington.m/.huntington: pid=18194 uid=10130 gids={50130, 3003}
W/NetworkManagementSocketTagger(  346): setKernelCountSet(10130, 1) failed with errno -13
I/dalvikvm(18194): ignoring registerObject request in thread=1
I/dalvikvm(18194): ignoring registerObject request in thread=1
D/caa-aCallback(18194): #1.Initializing from application onCreate
I/uemLcCallbacks(18194): #1.Huntington startup begins
D/uemCore (18194): #1.CompuwareUEM version 6.1.0.7880
W/dalvikvm(18194): VFY: unable to find class referenced in signature (Lokhttp3/Request;)
W/dalvikvm(18194): VFY: unable to find class referenced in signature (Lokhttp3/Response;)
I/dalvikvm(18194): Could not find method okhttp3.Response.headers, referenced from method empirical.HelperClass.printOkHttpInfo
W/dalvikvm(18194): VFY: unable to resolve virtual method 53991: Lokhttp3/Response;.headers ()Lokhttp3/Headers;
D/dalvikvm(18194): VFY: replacing opcode 0x6e at 0x0006
W/dalvikvm(18194): VFY: unable to find class referenced in signature (Lokhttp3/Call;)
W/dalvikvm(18194): VFY: unable to find class referenced in signature (Lokhttp3/Response;)
I/dalvikvm(18194): Could not find method okhttp3.Call.request, referenced from method empirical.HelperClass.printOkHttpInfoFromCall
W/dalvikvm(18194): VFY: unable to resolve interface method 53985: Lokhttp3/Call;.request ()Lokhttp3/Request;
D/dalvikvm(18194): VFY: replacing opcode 0x72 at 0x0006
I/System.out(18194): body:<com.compuware.apm.uem.mobile.android.CookieCreator: java.lang.String utf8Encode(java.lang.String)>	sig:$r3 = staticinvoke <java.net.URLEncoder: java.lang.String encode(java.lang.String,java.lang.String)>($r0, "UTF-8")	timediff:0
D/dalvikvm(18194): JIT code cache reset in 0 ms (0 bytes 1/0)
D/dalvikvm(18194): GC_CONCURRENT freed 308K, 12% free 2883K/3252K, paused 2ms+1ms, total 6ms
I/System.out(18194): body:<com.compuware.apm.uem.mobile.android.CookieCreator: java.lang.String utf8Encode(java.lang.String)>	sig:$r3 = staticinvoke <java.net.URLEncoder: java.lang.String encode(java.lang.String,java.lang.String)>($r0, "UTF-8")	timediff:0
I/dalvikvm(18194): Could not find method android.view.Window.getStatusBarColor, referenced from method com.konylabs.android.KonyMain.onCreate
W/dalvikvm(18194): VFY: unable to resolve virtual method 8674: Landroid/view/Window;.getStatusBarColor ()I
D/dalvikvm(18194): VFY: replacing opcode 0x6e at 0x0172
D/dalvikvm(18194): GC_CONCURRENT freed 204K, 9% free 3081K/3372K, paused 2ms+0ms, total 5ms
I/System.out(18194): body:<com.compuware.apm.uem.mobile.android.comm.AbsCommHandlerActions: java.lang.String encode(java.lang.String)>	sig:$r1 = staticinvoke <java.net.URLEncoder: java.lang.String encode(java.lang.String)>($r1)	timediff:0
I/dalvikvm(18194): Could not find method com.konylabs.api.net.KonyAllowAllTrustManager.getInstance, referenced from method ny0k.ax.c
W/dalvikvm(18194): VFY: unable to resolve static method 41616: Lcom/konylabs/api/net/KonyAllowAllTrustManager;.getInstance ()Ljavax/net/ssl/X509TrustManager;
D/dalvikvm(18194): VFY: replacing opcode 0x71 at 0x00aa
W/DebugConnManager(18194): getNetworkInfo() on networkType 0
W/DebugConnManager(18194): getNetworkInfo() on networkType 1
D/dalvikvm(18194): GC_CONCURRENT freed 215K, 8% free 3271K/3548K, paused 2ms+1ms, total 6ms
D/dalvikvm(18194): GC_CONCURRENT freed 451K, 14% free 3265K/3772K, paused 0ms+0ms, total 3ms
D/dalvikvm(18194): GC_CONCURRENT freed 438K, 14% free 3258K/3784K, paused 0ms+0ms, total 3ms
D/dalvikvm(18194): GC_CONCURRENT freed 455K, 14% free 3263K/3784K, paused 0ms+1ms, total 2ms
D/dalvikvm(18194): GC_CONCURRENT freed 434K, 14% free 3276K/3784K, paused 0ms+2ms, total 3ms
D/dalvikvm(18194): GC_CONCURRENT freed 439K, 14% free 3273K/3784K, paused 0ms+0ms, total 2ms
D/dalvikvm(18194): GC_CONCURRENT freed 440K, 14% free 3269K/3784K, paused 0ms+2ms, total 4ms
D/dalvikvm(18194): GC_CONCURRENT freed 433K, 14% free 3270K/3784K, paused 0ms+0ms, total 2ms
D/dalvikvm(18194): GC_FOR_ALLOC freed 172K, 14% free 3272K/3784K, paused 4ms, total 4ms
I/dalvikvm-heap(18194): Grow heap (frag case) to 7.872MB for 4844172-byte allocation
D/dalvikvm(18194): GC_FOR_ALLOC freed <1K, 7% free 8003K/8516K, paused 3ms, total 3ms
D/dalvikvm(18194): GC_CONCURRENT freed 79K, 7% free 8003K/8516K, paused 2ms+1ms, total 4ms
D/dalvikvm(18194): Trying to load lib /data/app-lib/com.huntington.m-1/libkonyjsvm.so 0x94fd4708
D/Sensors (  346): Client connection accepted (209)
D/dalvikvm(18194): GC_CONCURRENT freed 1504K, 17% free 8117K/9688K, paused 2ms+0ms, total 5ms
I/uemLcCallbacks(18194): #1.Huntington startup ends
D/libEGL  (18194): loaded /system/lib/egl/libEGL_adreno.so
D/        (18194): HostConnection::get() New Host Connection established 0xb79b4dc0, tid 18194
D/dalvikvm(18194): Added shared lib /data/app-lib/com.huntington.m-1/libkonyjsvm.so 0x94fd4708
D/libEGL  (18194): loaded /system/lib/egl/libGLESv1_CM_adreno.so
D/libEGL  (18194): loaded /system/lib/egl/libGLESv2_adreno.so
W/EGL_emulation(18194): eglSurfaceAttrib not implemented 3093 12436
D/OpenGLRenderer(18194): Enabling debug mode 0
W/ContextImpl(  346): Calling a method in the system process without a qualified user: android.app.ContextImpl.sendBroadcast:1123 com.android.server.InputMethodManagerService.hideCurrentInputLocked:1880 com.android.server.InputMethodManagerService.windowGainedFocus:1968 com.android.internal.view.IInputMethodManager$Stub.onTransact:221 com.android.server.InputMethodManagerService.onTransact:818 
I/ActivityManager(  346): Displayed com.huntington.m/.huntington: +540ms
D/yeshen  (11448): launcher onstop
W/DebugConnManager(11448): getNetworkInfo() on networkType 1
D/FirebaseApp(11448): Notifying background state change listeners.
D/Tinker.DefaultAppLike(11448): onTrimMemory level:20
D/dalvikvm(11448): GC_FOR_ALLOC freed 5046K, 4% free 167333K/172520K, paused 31ms, total 31ms
I/ActivityManager(  346): START u0 {act=android.intent.action.MAIN cat=[android.intent.category.LAUNCHER] flg=0x10200000 cmp=com.huntington.m/.huntington} from pid 17960
D/dalvikvm(11448): GC_FOR_ALLOC freed 495K, 4% free 170001K/175328K, paused 23ms, total 23ms
D/dalvikvm(  346): GC_FOR_ALLOC freed 2333K, 63% free 13212K/35136K, paused 15ms, total 16ms
D/dalvikvm(18194): GC_FOR_ALLOC freed 905K, 17% free 8309K/9904K, paused 2ms, total 2ms
I/ActivityManager(  346): START u0 {act=com.android.systemui.recent.action.TOGGLE_RECENTS flg=0x10800000 cmp=com.android.systemui/.recent.RecentsActivity (has extras)} from pid 531
D/dalvikvm(18194): GC_FOR_ALLOC freed 326K, 18% free 8353K/10156K, paused 3ms, total 4ms
D/dalvikvm(18194): GC_FOR_ALLOC freed 259K, 18% free 8422K/10156K, paused 2ms, total 2ms
I/dalvikvm-heap(18194): Grow heap (frag case) to 8.609MB for 343510-byte allocation
D/dalvikvm(18194): GC_FOR_ALLOC freed 223K, 19% free 8534K/10492K, paused 2ms, total 2ms
D/dalvikvm(18194): GC_FOR_ALLOC freed 278K, 20% free 8415K/10492K, paused 4ms, total 4ms
I/dalvikvm-heap(18194): Grow heap (frag case) to 8.766MB for 515262-byte allocation
D/dalvikvm(18194): GC_FOR_ALLOC freed 0K, 19% free 8919K/10996K, paused 3ms, total 3ms
D/dalvikvm(18194): GC_FOR_ALLOC freed 573K, 22% free 8583K/10996K, paused 2ms, total 2ms
I/dalvikvm-heap(18194): Grow heap (frag case) to 9.175MB for 772890-byte allocation
D/dalvikvm(18194): GC_FOR_ALLOC freed <1K, 21% free 9338K/11752K, paused 3ms, total 3ms
D/Sensors (  346): Client connection accepted (187)
I/ActivityManager(  346): START u0 {act=android.intent.action.MAIN cat=[android.intent.category.LAUNCHER] flg=0x10200000 cmp=com.huntington.m/.huntington} from pid 17960
D/dalvikvm(18194): GC_FOR_ALLOC freed 864K, 25% free 8819K/11752K, paused 2ms, total 2ms
D/dalvikvm(26586): GC_CONCURRENT freed 1959K, 48% free 8545K/16284K, paused 0ms+2ms, total 15ms
D/dalvikvm(18194): GC_CONCURRENT freed 376K, 12% free 10428K/11752K, paused 2ms+1ms, total 7ms
I/ActivityManager(  346): START u0 {act=android.intent.action.MAIN cat=[android.intent.category.LAUNCHER] flg=0x10200000 cmp=com.huntington.m/.huntington} from pid 17960
I/ActivityManager(  346): START u0 {act=android.intent.action.MAIN cat=[android.intent.category.HOME] flg=0x10200000 cmp=com.vphone.launcher/.Launcher} from pid 346
I/ActivityManager(  346): START u0 {act=android.intent.action.CALL_BUTTON flg=0x10000000} from pid 18194
W/PhoneFallbackEventHandler(18194): No activity found for android.intent.action.CALL_BUTTON.
D/dalvikvm(18194): GC_FOR_ALLOC freed 3823K, 32% free 8784K/12872K, paused 3ms, total 3ms
I/ActivityManager(  346): START u0 {act=android.intent.action.MAIN cat=[android.intent.category.LAUNCHER] flg=0x10200000 cmp=com.huntington.m/.huntington} from pid 17960
D/dalvikvm(18194): GC_FOR_ALLOC freed 515K, 24% free 9811K/12872K, paused 3ms, total 3ms
D/dalvikvm(18194): GC_FOR_ALLOC freed 920K, 18% free 10576K/12872K, paused 4ms, total 4ms
D/dalvikvm(18194): GC_FOR_ALLOC freed 1186K, 20% free 10597K/13120K, paused 3ms, total 4ms
I/ActivityManager(  346): START u0 {act=android.intent.action.MAIN cat=[android.intent.category.LAUNCHER] flg=0x10200000 cmp=com.huntington.m/.huntington} from pid 17960
D/dalvikvm(18194): GC_FOR_ALLOC freed 1330K, 21% free 10562K/13260K, paused 3ms, total 3ms
D/dalvikvm(18194): GC_FOR_ALLOC freed 1295K, 20% free 10616K/13260K, paused 2ms, total 2ms
D/dalvikvm(18194): GC_FOR_ALLOC freed 1249K, 21% free 10594K/13260K, paused 3ms, total 3ms
I/ActivityManager(  346): START u0 {act=android.intent.action.MAIN cat=[android.intent.category.LAUNCHER] flg=0x10000000 sel={act=android.intent.action.MAIN cat=[android.intent.category.APP_CALENDAR]}} from pid 346
D/dalvikvm(18194): GC_FOR_ALLOC freed 1425K, 21% free 10532K/13260K, paused 4ms, total 4ms
D/dalvikvm(18194): GC_FOR_ALLOC freed 699K, 16% free 11151K/13260K, paused 3ms, total 3ms
V/PanelView(  531): animationTick called with dtms=0; nothing to do (h=0.0 v=-0.0)
I/InputDispatcher(  346): Dropped event because of pending overdue app switch.
W/InputManager(  346): Input event injection from pid 17960 failed.
D/dalvikvm(18194): GC_FOR_ALLOC freed 2173K, 25% free 10561K/13988K, paused 3ms, total 3ms
I/ActivityManager(  346): START u0 {act=android.intent.action.MAIN cat=[android.intent.category.HOME] flg=0x10200000 cmp=com.vphone.launcher/.Launcher} from pid 346
D/dalvikvm(18194): GC_FOR_ALLOC freed 2190K, 25% free 10553K/13988K, paused 3ms, total 3ms
I/ActivityManager(  346): START u0 {act=android.intent.action.MAIN cat=[android.intent.category.LAUNCHER] flg=0x10000000 sel={act=android.intent.action.MAIN cat=[android.intent.category.APP_EMAIL]}} from pid 346
D/dalvikvm(18194): GC_FOR_ALLOC freed 2241K, 25% free 10538K/13988K, paused 3ms, total 3ms
I/AndroidRuntime(17960): VM exiting with result code 0.
W/EGL_emulation(18194): eglSurfaceAttrib not implemented 3093 12436
