D/dalvikvm(21115): GC_CONCURRENT freed 3220K, 32% free 12553K/18280K, paused 0ms+0ms, total 9ms
D/dalvikvm(21115): WAIT_FOR_CONCURRENT_GC blocked 8ms
D/dalvikvm(21115): GC_FOR_ALLOC freed 2176K, 32% free 12526K/18280K, paused 10ms, total 10ms
D/dalvikvm(21115): GC_CONCURRENT freed 2407K, 27% free 13367K/18280K, paused 1ms+1ms, total 13ms
D/dalvikvm(21115): WAIT_FOR_CONCURRENT_GC blocked 8ms
I/ActivityManager(  483): START u0 {cmp=com.fiservcardvalet.mobile.android/com.ondotsystems.mcs.views.UserRegistrationActivity} from pid 21115
D/yeshen  (  674): launcher onstop
W/DebugConnManager(  674): getNetworkInfo() on networkType 1
D/FirebaseApp(  674): Notifying background state change listeners.
D/Tinker.DefaultAppLike(  674): onTrimMemory level:20
D/dalvikvm(21115): GC_FOR_ALLOC freed 2101K, 36% free 11734K/18280K, paused 8ms, total 8ms
I/dalvikvm-heap(21115): Grow heap (frag case) to 12.146MB for 635808-byte allocation
D/dalvikvm(21115): GC_FOR_ALLOC freed 1K, 35% free 12354K/18904K, paused 8ms, total 8ms
W/CursorWrapperInner(21115): Cursor finalized without prior close()
D/dalvikvm(21115): GC_FOR_ALLOC freed 9K, 35% free 12362K/18904K, paused 6ms, total 6ms
I/dalvikvm-heap(21115): Grow heap (frag case) to 12.616MB for 486012-byte allocation
D/dalvikvm(21115): GC_FOR_ALLOC freed 1K, 34% free 12836K/19380K, paused 6ms, total 6ms
W/dalvikvm(21115): method Lcom/ondotsystems/mcs/views/CustomEditText;.canPaste incorrectly overrides package-private method with same name in Landroid/widget/TextView;
I/System.out(21115): body:<com.fiservcardvalet.mobile.android.bf: java.util.List r(android.content.Context)>	sig:$r3 = virtualinvoke $r2.<java.net.CookieManager: java.net.CookieStore getCookieStore()>()	timediff:0
I/System.out(21115): body:<com.fiservcardvalet.mobile.android.bf: java.util.List r(android.content.Context)>	sig:$r4 = interfaceinvoke $r3.<java.net.CookieStore: java.util.List getCookies()>()	timediff:0
I/System.out(21115): body:<com.fiservcardvalet.mobile.android.bf: java.util.List r(android.content.Context)>	sig:$r3 = virtualinvoke $r2.<java.net.CookieManager: java.net.CookieStore getCookieStore()>()	timediff:0
I/System.out(21115): body:<com.fiservcardvalet.mobile.android.bf: java.util.List r(android.content.Context)>	sig:$r4 = interfaceinvoke $r3.<java.net.CookieStore: java.util.List getCookies()>()	timediff:0
I/System.out(21115): body:<com.fiservcardvalet.mobile.android.o7: java.util.Map getHeaders()>	sig:$r9 = virtualinvoke $r8.<java.net.HttpCookie: java.lang.String toString()>()	timediff:0
I/qtaguid (21115): Tagging socket 45 with tag 81f9edac00000000(-2114327124) for uid -1 failed errno=-13
I/NetworkManagementSocketTagger(21115): tagSocketFd(45, -2114327124, -1) failed with errno-13
W/EGL_emulation(21115): eglSurfaceAttrib not implemented 3093 12436
W/ViewRootImpl(21115): Dropping event due to no window focus: KeyEvent { action=ACTION_DOWN, keyCode=KEYCODE_DPAD_UP, scanCode=0, metaState=0, flags=0x8, repeatCount=0, eventTime=12235801, downTime=12235801, deviceId=-1, source=0x101 }
W/ResourceType(  483): Skipping entry 0x7f040000 in package table 0 because it is not complex!
W/ResourceType(  483): Skipping entry 0x7f040001 in package table 0 because it is not complex!
I/ActivityManager(  483): Displayed com.fiservcardvalet.mobile.android/com.ondotsystems.mcs.views.UserRegistrationActivity: +122ms
W/ViewRootImpl(21115): Dropping event due to no window focus: KeyEvent { action=ACTION_DOWN, keyCode=KEYCODE_D, scanCode=0, metaState=0, flags=0x8, repeatCount=0, eventTime=12235815, downTime=12235815, deviceId=-1, source=0x101 }
I/qtaguid (21115): Untagging socket 45 failed errno=-13
W/NetworkManagementSocketTagger(21115): untagSocket(45) failed with errno -13
W/ContextImpl(  483): Calling a method in the system process without a qualified user: android.app.ContextImpl.sendBroadcast:1123 com.android.server.InputMethodManagerService.hideCurrentInputLocked:1880 com.android.server.InputMethodManagerService.windowGainedFocus:1995 com.android.internal.view.IInputMethodManager$Stub.onTransact:221 com.android.server.InputMethodManagerService.onTransact:818 
W/dalvikvm(21115): method Lcom/ondotsystems/mcs/views/InstantAutoComplete;.canPaste incorrectly overrides package-private method with same name in Landroid/widget/TextView;
W/dalvikvm(21115): method Lcom/ondotsystems/mcs/views/PasswordEditText;.canPaste incorrectly overrides package-private method with same name in Landroid/widget/TextView;
D/dalvikvm(21115): GC_FOR_ALLOC freed 275K, 31% free 13531K/19380K, paused 7ms, total 7ms
I/dalvikvm-heap(21115): Grow heap (frag case) to 13.783MB for 513012-byte allocation
D/dalvikvm(21115): GC_FOR_ALLOC freed 4K, 30% free 14027K/19884K, paused 9ms, total 9ms
V/InputMethodService(  621): onEvaluateInputViewShown: config.hardKeyboardHidden = 1
W/ContextImpl(  483): Calling a method in the system process without a qualified user: android.app.ContextImpl.sendBroadcast:1123 com.android.server.InputMethodManagerService.showCurrentInputLocked:1791 com.android.server.InputMethodManagerService.showSoftInput:1753 com.android.internal.view.IInputMethodManager$Stub.onTransact:175 com.android.server.InputMethodManagerService.onTransact:818 
V/InputMethodService(  621): onEvaluateInputViewShown: config.hardKeyboardHidden = 1
W/ContextImpl(  483): Calling a method in the system process without a qualified user: android.app.ContextImpl.sendBroadcast:1123 com.android.server.InputMethodManagerService.showCurrentInputLocked:1791 com.android.server.InputMethodManagerService.showSoftInput:1753 com.android.internal.view.IInputMethodManager$Stub.onTransact:175 com.android.server.InputMethodManagerService.onTransact:818 
V/InputMethodService(  621): onEvaluateInputViewShown: config.hardKeyboardHidden = 1
V/InputMethodService(  621): onEvaluateInputViewShown: config.hardKeyboardHidden = 1
W/ContextImpl(  483): Calling a method in the system process without a qualified user: android.app.ContextImpl.sendBroadcast:1123 com.android.server.InputMethodManagerService.showCurrentInputLocked:1791 com.android.server.InputMethodManagerService.showSoftInput:1753 com.android.internal.view.IInputMethodManager$Stub.onTransact:175 com.android.server.InputMethodManagerService.onTransact:818 
W/ContextImpl(  483): Calling a method in the system process without a qualified user: android.app.ContextImpl.sendBroadcast:1123 com.android.server.InputMethodManagerService.showCurrentInputLocked:1791 com.android.server.InputMethodManagerService.showSoftInput:1753 com.android.internal.view.IInputMethodManager$Stub.onTransact:175 com.android.server.InputMethodManagerService.onTransact:818 
V/InputMethodService(  621): onEvaluateInputViewShown: config.hardKeyboardHidden = 1
W/ContextImpl(  483): Calling a method in the system process without a qualified user: android.app.ContextImpl.sendBroadcast:1123 com.android.server.InputMethodManagerService.showCurrentInputLocked:1791 com.android.server.InputMethodManagerService.showSoftInput:1753 com.android.internal.view.IInputMethodManager$Stub.onTransact:175 com.android.server.InputMethodManagerService.onTransact:818 
V/InputMethodService(  621): onEvaluateInputViewShown: config.hardKeyboardHidden = 1
W/ContextImpl(  483): Calling a method in the system process without a qualified user: android.app.ContextImpl.sendBroadcast:1123 com.android.server.InputMethodManagerService.showCurrentInputLocked:1791 com.android.server.InputMethodManagerService.showSoftInput:1753 com.android.internal.view.IInputMethodManager$Stub.onTransact:175 com.android.server.InputMethodManagerService.onTransact:818 
V/InputMethodService(  621): onEvaluateInputViewShown: config.hardKeyboardHidden = 1
W/ContextImpl(  483): Calling a method in the system process without a qualified user: android.app.ContextImpl.sendBroadcast:1123 com.android.server.InputMethodManagerService.showCurrentInputLocked:1791 com.android.server.InputMethodManagerService.showSoftInput:1753 com.android.internal.view.IInputMethodManager$Stub.onTransact:175 com.android.server.InputMethodManagerService.onTransact:818 
V/InputMethodService(  621): onEvaluateInputViewShown: config.hardKeyboardHidden = 1
W/ContextImpl(  483): Calling a method in the system process without a qualified user: android.app.ContextImpl.sendBroadcast:1123 com.android.server.InputMethodManagerService.showCurrentInputLocked:1791 com.android.server.InputMethodManagerService.showSoftInput:1753 com.android.internal.view.IInputMethodManager$Stub.onTransact:175 com.android.server.InputMethodManagerService.onTransact:818 
W/EGL_emulation(21115): eglSurfaceAttrib not implemented 3093 12436
W/ViewRootImpl(21115): Dropping event due to no window focus: KeyEvent { action=ACTION_DOWN, keyCode=KEYCODE_DPAD_RIGHT, scanCode=0, metaState=0, flags=0x8, repeatCount=0, eventTime=12236546, downTime=12236546, deviceId=-1, source=0x101 }
W/ContextImpl(  483): Calling a method in the system process without a qualified user: android.app.ContextImpl.sendBroadcast:1123 com.android.server.InputMethodManagerService.hideCurrentInputLocked:1880 com.android.server.InputMethodManagerService.windowGainedFocus:1968 com.android.internal.view.IInputMethodManager$Stub.onTransact:221 com.android.server.InputMethodManagerService.onTransact:818 
I/ActivityManager(  483): START u0 {act=android.intent.action.MAIN cat=[android.intent.category.LAUNCHER] flg=0x10200000 cmp=com.fiservcardvalet.mobile.android/com.ondotsystems.mcs.views.LandingPageActivity} from pid 21105
I/ActivityManager(  483): START u0 {cmp=com.fiservcardvalet.mobile.android/com.ondotsystems.mcs.views.LoginActivity} from pid 21115
W/SurfaceFlinger(  163): couldn't log to binary event log: overflow.
W/EGL_emulation(21115): eglSurfaceAttrib not implemented 3093 12436
W/ViewRootImpl(21115): Dropping event due to no window focus: KeyEvent { action=ACTION_DOWN, keyCode=KEYCODE_DPAD_LEFT, scanCode=0, metaState=0, flags=0x8, repeatCount=0, eventTime=12236589, downTime=12236589, deviceId=-1, source=0x101 }
I/ActivityManager(  483): Displayed com.fiservcardvalet.mobile.android/com.ondotsystems.mcs.views.LoginActivity: +58ms
W/ViewRootImpl(21115): Dropping event due to no window focus: KeyEvent { action=ACTION_DOWN, keyCode=KEYCODE_DPAD_CENTER, scanCode=0, metaState=0, flags=0x8, repeatCount=0, eventTime=12236646, downTime=12236646, deviceId=-1, source=0x101 }
W/ContextImpl(  483): Calling a method in the system process without a qualified user: android.app.ContextImpl.sendBroadcast:1123 com.android.server.InputMethodManagerService.hideCurrentInputLocked:1880 com.android.server.InputMethodManagerService.windowGainedFocus:1995 com.android.internal.view.IInputMethodManager$Stub.onTransact:221 com.android.server.InputMethodManagerService.onTransact:818 
V/InputMethodService(  621): onEvaluateInputViewShown: config.hardKeyboardHidden = 1
W/ContextImpl(  483): Calling a method in the system process without a qualified user: android.app.ContextImpl.sendBroadcast:1123 com.android.server.InputMethodManagerService.showCurrentInputLocked:1791 com.android.server.InputMethodManagerService.showSoftInput:1753 com.android.internal.view.IInputMethodManager$Stub.onTransact:175 com.android.server.InputMethodManagerService.onTransact:818 
V/InputMethodService(  621): onEvaluateInputViewShown: config.hardKeyboardHidden = 1
V/InputMethodService(  621): onEvaluateInputViewShown: config.hardKeyboardHidden = 1
W/ContextImpl(  483): Calling a method in the system process without a qualified user: android.app.ContextImpl.sendBroadcast:1123 com.android.server.InputMethodManagerService.showCurrentInputLocked:1791 com.android.server.InputMethodManagerService.showSoftInput:1753 com.android.internal.view.IInputMethodManager$Stub.onTransact:175 com.android.server.InputMethodManagerService.onTransact:818 
W/ContextImpl(  483): Calling a method in the system process without a qualified user: android.app.ContextImpl.sendBroadcast:1123 com.android.server.InputMethodManagerService.showCurrentInputLocked:1791 com.android.server.InputMethodManagerService.showSoftInput:1753 com.android.internal.view.IInputMethodManager$Stub.onTransact:175 com.android.server.InputMethodManagerService.onTransact:818 
V/InputMethodService(  621): onEvaluateInputViewShown: config.hardKeyboardHidden = 1
W/ContextImpl(  483): Calling a method in the system process without a qualified user: android.app.ContextImpl.sendBroadcast:1123 com.android.server.InputMethodManagerService.showCurrentInputLocked:1791 com.android.server.InputMethodManagerService.attachNewInputLocked:1095 com.android.server.InputMethodManagerService.startInputUncheckedLocked:1166 com.android.server.InputMethodManagerService.startInputLocked:1128 
V/InputMethodService(  621): onEvaluateInputViewShown: config.hardKeyboardHidden = 1
W/ContextImpl(  483): Calling a method in the system process without a qualified user: android.app.ContextImpl.sendBroadcast:1123 com.android.server.InputMethodManagerService.showCurrentInputLocked:1791 com.android.server.InputMethodManagerService.attachNewInputLocked:1095 com.android.server.InputMethodManagerService.startInputUncheckedLocked:1166 com.android.server.InputMethodManagerService.startInputLocked:1128 
V/InputMethodService(  621): onEvaluateInputViewShown: config.hardKeyboardHidden = 1
W/ContextImpl(  483): Calling a method in the system process without a qualified user: android.app.ContextImpl.sendBroadcast:1123 com.android.server.InputMethodManagerService.showCurrentInputLocked:1791 com.android.server.InputMethodManagerService.showSoftInput:1753 com.android.internal.view.IInputMethodManager$Stub.onTransact:175 com.android.server.InputMethodManagerService.onTransact:818 
V/PanelView(  538): animationTick called with dtms=0; nothing to do (h=0.0 v=0.0)
V/InputMethodService(  621): onEvaluateInputViewShown: config.hardKeyboardHidden = 1
V/InputMethodService(  621): onEvaluateInputViewShown: config.hardKeyboardHidden = 1
W/ContextImpl(  483): Calling a method in the system process without a qualified user: android.app.ContextImpl.sendBroadcast:1123 com.android.server.InputMethodManagerService.showCurrentInputLocked:1791 com.android.server.InputMethodManagerService.attachNewInputLocked:1095 com.android.server.InputMethodManagerService.startInputUncheckedLocked:1166 com.android.server.InputMethodManagerService.startInputLocked:1128 
W/ContextImpl(  483): Calling a method in the system process without a qualified user: android.app.ContextImpl.sendBroadcast:1123 com.android.server.InputMethodManagerService.showCurrentInputLocked:1791 com.android.server.InputMethodManagerService.showSoftInput:1753 com.android.internal.view.IInputMethodManager$Stub.onTransact:175 com.android.server.InputMethodManagerService.onTransact:818 
V/InputMethodService(  621): onEvaluateInputViewShown: config.hardKeyboardHidden = 1
W/ContextImpl(  483): Calling a method in the system process without a qualified user: android.app.ContextImpl.sendBroadcast:1123 com.android.server.InputMethodManagerService.showCurrentInputLocked:1791 com.android.server.InputMethodManagerService.attachNewInputLocked:1095 com.android.server.InputMethodManagerService.startInputUncheckedLocked:1166 com.android.server.InputMethodManagerService.startInputLocked:1128 
V/InputMethodService(  621): onEvaluateInputViewShown: config.hardKeyboardHidden = 1
W/ContextImpl(  483): Calling a method in the system process without a qualified user: android.app.ContextImpl.sendBroadcast:1123 com.android.server.InputMethodManagerService.showCurrentInputLocked:1791 com.android.server.InputMethodManagerService.attachNewInputLocked:1095 com.android.server.InputMethodManagerService.startInputUncheckedLocked:1166 com.android.server.InputMethodManagerService.startInputLocked:1128 
V/InputMethodService(  621): onEvaluateInputViewShown: config.hardKeyboardHidden = 1
W/ContextImpl(  483): Calling a method in the system process without a qualified user: android.app.ContextImpl.sendBroadcast:1123 com.android.server.InputMethodManagerService.showCurrentInputLocked:1791 com.android.server.InputMethodManagerService.showSoftInput:1753 com.android.internal.view.IInputMethodManager$Stub.onTransact:175 com.android.server.InputMethodManagerService.onTransact:818 
V/InputMethodService(  621): onEvaluateInputViewShown: config.hardKeyboardHidden = 1
W/ContextImpl(  483): Calling a method in the system process without a qualified user: android.app.ContextImpl.sendBroadcast:1123 com.android.server.InputMethodManagerService.showCurrentInputLocked:1791 com.android.server.InputMethodManagerService.attachNewInputLocked:1095 com.android.server.InputMethodManagerService.startInputUncheckedLocked:1166 com.android.server.InputMethodManagerService.startInputLocked:1128 
V/InputMethodService(  621): onEvaluateInputViewShown: config.hardKeyboardHidden = 1
W/ContextImpl(  483): Calling a method in the system process without a qualified user: android.app.ContextImpl.sendBroadcast:1123 com.android.server.InputMethodManagerService.showCurrentInputLocked:1791 com.android.server.InputMethodManagerService.attachNewInputLocked:1095 com.android.server.InputMethodManagerService.startInputUncheckedLocked:1166 com.android.server.InputMethodManagerService.startInputLocked:1128 
V/InputMethodService(  621): onEvaluateInputViewShown: config.hardKeyboardHidden = 1
V/InputMethodService(  621): onEvaluateInputViewShown: config.hardKeyboardHidden = 1
V/InputMethodService(  621): onEvaluateInputViewShown: config.hardKeyboardHidden = 1
W/ContextImpl(  483): Calling a method in the system process without a qualified user: android.app.ContextImpl.sendBroadcast:1123 com.android.server.InputMethodManagerService.showCurrentInputLocked:1791 com.android.server.InputMethodManagerService.attachNewInputLocked:1095 com.android.server.InputMethodManagerService.startInputUncheckedLocked:1166 com.android.server.InputMethodManagerService.startInputLocked:1128 
W/ContextImpl(  483): Calling a method in the system process without a qualified user: android.app.ContextImpl.sendBroadcast:1123 com.android.server.InputMethodManagerService.showCurrentInputLocked:1791 com.android.server.InputMethodManagerService.showSoftInput:1753 com.android.internal.view.IInputMethodManager$Stub.onTransact:175 com.android.server.InputMethodManagerService.onTransact:818 
W/ContextImpl(  483): Calling a method in the system process without a qualified user: android.app.ContextImpl.sendBroadcast:1123 com.android.server.InputMethodManagerService.showCurrentInputLocked:1791 com.android.server.InputMethodManagerService.attachNewInputLocked:1095 com.android.server.InputMethodManagerService.startInputUncheckedLocked:1166 com.android.server.InputMethodManagerService.startInputLocked:1128 
V/InputMethodService(  621): onEvaluateInputViewShown: config.hardKeyboardHidden = 1
W/ContextImpl(  483): Calling a method in the system process without a qualified user: android.app.ContextImpl.sendBroadcast:1123 com.android.server.InputMethodManagerService.showCurrentInputLocked:1791 com.android.server.InputMethodManagerService.attachNewInputLocked:1095 com.android.server.InputMethodManagerService.startInputUncheckedLocked:1166 com.android.server.InputMethodManagerService.startInputLocked:1128 
V/InputMethodService(  621): onEvaluateInputViewShown: config.hardKeyboardHidden = 1
W/ContextImpl(  483): Calling a method in the system process without a qualified user: android.app.ContextImpl.sendBroadcast:1123 com.android.server.InputMethodManagerService.showCurrentInputLocked:1791 com.android.server.InputMethodManagerService.attachNewInputLocked:1095 com.android.server.InputMethodManagerService.startInputUncheckedLocked:1166 com.android.server.InputMethodManagerService.startInputLocked:1128 
V/InputMethodService(  621): onEvaluateInputViewShown: config.hardKeyboardHidden = 1
W/ContextImpl(  483): Calling a method in the system process without a qualified user: android.app.ContextImpl.sendBroadcast:1123 com.android.server.InputMethodManagerService.showCurrentInputLocked:1791 com.android.server.InputMethodManagerService.attachNewInputLocked:1095 com.android.server.InputMethodManagerService.startInputUncheckedLocked:1166 com.android.server.InputMethodManagerService.startInputLocked:1128 
V/InputMethodService(  621): onEvaluateInputViewShown: config.hardKeyboardHidden = 1
W/ContextImpl(  483): Calling a method in the system process without a qualified user: android.app.ContextImpl.sendBroadcast:1123 com.android.server.InputMethodManagerService.showCurrentInputLocked:1791 com.android.server.InputMethodManagerService.attachNewInputLocked:1095 com.android.server.InputMethodManagerService.startInputUncheckedLocked:1166 com.android.server.InputMethodManagerService.startInputLocked:1128 
V/InputMethodService(  621): onEvaluateInputViewShown: config.hardKeyboardHidden = 1
W/ContextImpl(  483): Calling a method in the system process without a qualified user: android.app.ContextImpl.sendBroadcast:1123 com.android.server.InputMethodManagerService.showCurrentInputLocked:1791 com.android.server.InputMethodManagerService.attachNewInputLocked:1095 com.android.server.InputMethodManagerService.startInputUncheckedLocked:1166 com.android.server.InputMethodManagerService.startInputLocked:1128 
I/ActivityManager(  483): START u0 {act=android.intent.action.MAIN cat=[android.intent.category.LAUNCHER] flg=0x10200000 cmp=com.fiservcardvalet.mobile.android/com.ondotsystems.mcs.views.LandingPageActivity} from pid 21105
V/FlingTracker(  538): computeCurrentVelocity warning: totalweight=0
V/FlingTracker(  538): java.lang.Throwable
V/FlingTracker(  538): 	at com.android.systemui.statusbar.phone.PanelView$FlingTracker.computeCurrentVelocity(PanelView.java:162)
V/FlingTracker(  538): 	at com.android.systemui.statusbar.phone.PanelView$3.onTouch(PanelView.java:462)
V/FlingTracker(  538): 	at android.view.View.dispatchTouchEvent(View.java:7701)
V/FlingTracker(  538): 	at com.android.systemui.statusbar.phone.NotificationPanelView.onTouchEvent(NotificationPanelView.java:138)
V/FlingTracker(  538): 	at com.android.systemui.statusbar.phone.PanelBar.onTouchEvent(PanelBar.java:130)
V/FlingTracker(  538): 	at com.android.systemui.statusbar.phone.PhoneStatusBarView.onTouchEvent(PhoneStatusBarView.java:201)
V/FlingTracker(  538): 	at android.view.View.dispatchTouchEvent(View.java:7706)
V/FlingTracker(  538): 	at android.view.ViewGroup.dispatchTransformedTouchEvent(ViewGroup.java:2210)
V/FlingTracker(  538): 	at android.view.ViewGroup.dispatchTouchEvent(ViewGroup.java:1945)
V/FlingTracker(  538): 	at android.view.ViewGroup.dispatchTransformedTouchEvent(ViewGroup.java:2216)
V/FlingTracker(  538): 	at android.view.ViewGroup.dispatchTouchEvent(ViewGroup.java:1959)
V/FlingTracker(  538): 	at android.view.View.dispatchPointerEvent(View.java:7886)
V/FlingTracker(  538): 	at android.view.ViewRootImpl$ViewPostImeInputStage.processPointerEvent(ViewRootImpl.java:3978)
V/FlingTracker(  538): 	at android.view.ViewRootImpl$ViewPostImeInputStage.onProcess(ViewRootImpl.java:3857)
V/FlingTracker(  538): 	at android.view.ViewRootImpl$InputStage.deliver(ViewRootImpl.java:3423)
V/FlingTracker(  538): 	at android.view.ViewRootImpl$InputStage.onDeliverToNext(ViewRootImpl.java:3473)
V/FlingTracker(  538): 	at android.view.ViewRootImpl$InputStage.forward(ViewRootImpl.java:3442)
V/FlingTracker(  538): 	at android.view.ViewRootImpl$AsyncInputStage.forward(ViewRootImpl.java:3549)
V/FlingTracker(  538): 	at android.view.ViewRootImpl$InputStage.apply(ViewRootImpl.java:3450)
V/FlingTracker(  538): 	at android.view.ViewRootImpl$AsyncInputStage.apply(ViewRootImpl.java:3606)
V/FlingTracker(  538): 	at android.view.ViewRootImpl$InputStage.deliver(ViewRootImpl.java:3423)
V/FlingTracker(  538): 	at android.view.ViewRootImpl$InputStage.onDeliverToNext(ViewRootImpl.java:3473)
V/FlingTracker(  538): 	at android.view.ViewRootImpl$InputStage.forward(ViewRootImpl.java:3442)
V/FlingTracker(  538): 	at android.view.ViewRootImpl$InputStage.apply(ViewRootImpl.java:3450)
V/FlingTracker(  538): 	at android.view.ViewRootImpl$InputStage.deliver(ViewRootImpl.java:3423)
V/FlingTracker(  538): 	at android.view.ViewRootImpl.deliverInputEvent(ViewRootImpl.java:5626)
V/FlingTracker(  538): 	at android.view.ViewRootImpl.doProcessInputEvents(ViewRootImpl.java:5606)
V/FlingTracker(  538): 	at android.view.ViewRootImpl.enqueueInputEvent(ViewRootImpl.java:5577)
V/FlingTracker(  538): 	at android.view.ViewRootImpl$WindowInputEventReceiver.onInputEvent(ViewRootImpl.java:5706)
V/FlingTracker(  538): 	at android.view.InputEventReceiver.dispatchInputEvent(InputEventReceiver.java:185)
V/FlingTracker(  538): 	at android.os.MessageQueue.nativePollOnce(Native Method)
V/FlingTracker(  538): 	at android.os.MessageQueue.next(MessageQueue.java:138)
V/FlingTracker(  538): 	at android.os.Looper.loop(Looper.java:123)
V/FlingTracker(  538): 	at android.app.ActivityThread.main(ActivityThread.java:5019)
V/FlingTracker(  538): 	at java.lang.reflect.Method.invokeNative(Native Method)
V/FlingTracker(  538): 	at java.lang.reflect.Method.invoke(Method.java:515)
V/FlingTracker(  538): 	at com.android.internal.os.ZygoteInit$MethodAndArgsCaller.run(ZygoteInit.java:779)
V/FlingTracker(  538): 	at com.android.internal.os.ZygoteInit.main(ZygoteInit.java:595)
V/FlingTracker(  538): 	at dalvik.system.NativeStart.main(Native Method)
V/PanelView(  538): animationTick called with dtms=0; nothing to do (h=0.0 v=0.0)
V/InputMethodService(  621): onEvaluateInputViewShown: config.hardKeyboardHidden = 1
W/ContextImpl(  483): Calling a method in the system process without a qualified user: android.app.ContextImpl.sendBroadcast:1123 com.android.server.InputMethodManagerService.showCurrentInputLocked:1791 com.android.server.InputMethodManagerService.showSoftInput:1753 com.android.internal.view.IInputMethodManager$Stub.onTransact:175 com.android.server.InputMethodManagerService.onTransact:818 
V/InputMethodService(  621): onEvaluateInputViewShown: config.hardKeyboardHidden = 1
V/InputMethodService(  621): onEvaluateInputViewShown: config.hardKeyboardHidden = 1
W/ContextImpl(  483): Calling a method in the system process without a qualified user: android.app.ContextImpl.sendBroadcast:1123 com.android.server.InputMethodManagerService.showCurrentInputLocked:1791 com.android.server.InputMethodManagerService.attachNewInputLocked:1095 com.android.server.InputMethodManagerService.startInputUncheckedLocked:1166 com.android.server.InputMethodManagerService.startInputLocked:1128 
W/ContextImpl(  483): Calling a method in the system process without a qualified user: android.app.ContextImpl.sendBroadcast:1123 com.android.server.InputMethodManagerService.showCurrentInputLocked:1791 com.android.server.InputMethodManagerService.showSoftInput:1753 com.android.internal.view.IInputMethodManager$Stub.onTransact:175 com.android.server.InputMethodManagerService.onTransact:818 
I/ActivityManager(  483): START u0 {act=android.intent.action.MAIN cat=[android.intent.category.LAUNCHER] flg=0x10200000 cmp=com.fiservcardvalet.mobile.android/com.ondotsystems.mcs.views.LandingPageActivity} from pid 21105
I/ActivityManager(  483): START u0 {act=android.intent.action.MAIN cat=[android.intent.category.LAUNCHER] flg=0x10200000 cmp=com.fiservcardvalet.mobile.android/com.ondotsystems.mcs.views.LandingPageActivity} from pid 21105
V/InputMethodService(  621): onEvaluateInputViewShown: config.hardKeyboardHidden = 1
W/ContextImpl(  483): Calling a method in the system process without a qualified user: android.app.ContextImpl.sendBroadcast:1123 com.android.server.InputMethodManagerService.showCurrentInputLocked:1791 com.android.server.InputMethodManagerService.attachNewInputLocked:1095 com.android.server.InputMethodManagerService.startInputUncheckedLocked:1166 com.android.server.InputMethodManagerService.startInputLocked:1128 
V/InputMethodService(  621): onEvaluateInputViewShown: config.hardKeyboardHidden = 1
W/ContextImpl(  483): Calling a method in the system process without a qualified user: android.app.ContextImpl.sendBroadcast:1123 com.android.server.InputMethodManagerService.showCurrentInputLocked:1791 com.android.server.InputMethodManagerService.attachNewInputLocked:1095 com.android.server.InputMethodManagerService.startInputUncheckedLocked:1166 com.android.server.InputMethodManagerService.startInputLocked:1128 
V/InputMethodService(  621): onEvaluateInputViewShown: config.hardKeyboardHidden = 1
V/InputMethodService(  621): onEvaluateInputViewShown: config.hardKeyboardHidden = 1
W/ContextImpl(  483): Calling a method in the system process without a qualified user: android.app.ContextImpl.sendBroadcast:1123 com.android.server.InputMethodManagerService.showCurrentInputLocked:1791 com.android.server.InputMethodManagerService.attachNewInputLocked:1095 com.android.server.InputMethodManagerService.startInputUncheckedLocked:1166 com.android.server.InputMethodManagerService.startInputLocked:1128 
W/ContextImpl(  483): Calling a method in the system process without a qualified user: android.app.ContextImpl.sendBroadcast:1123 com.android.server.InputMethodManagerService.showCurrentInputLocked:1791 com.android.server.InputMethodManagerService.showSoftInput:1753 com.android.internal.view.IInputMethodManager$Stub.onTransact:175 com.android.server.InputMethodManagerService.onTransact:818 
V/InputMethodService(  621): onEvaluateInputViewShown: config.hardKeyboardHidden = 1
W/ContextImpl(  483): Calling a method in the system process without a qualified user: android.app.ContextImpl.sendBroadcast:1123 com.android.server.InputMethodManagerService.showCurrentInputLocked:1791 com.android.server.InputMethodManagerService.showSoftInput:1753 com.android.internal.view.IInputMethodManager$Stub.onTransact:175 com.android.server.InputMethodManagerService.onTransact:818 
I/ActivityManager(  483): START u0 {act=android.intent.action.MAIN cat=[android.intent.category.LAUNCHER] flg=0x10200000 cmp=com.fiservcardvalet.mobile.android/com.ondotsystems.mcs.views.LandingPageActivity} from pid 21105
V/InputMethodService(  621): onEvaluateInputViewShown: config.hardKeyboardHidden = 1
W/ContextImpl(  483): Calling a method in the system process without a qualified user: android.app.ContextImpl.sendBroadcast:1123 com.android.server.InputMethodManagerService.showCurrentInputLocked:1791 com.android.server.InputMethodManagerService.showSoftInput:1753 com.android.internal.view.IInputMethodManager$Stub.onTransact:175 com.android.server.InputMethodManagerService.onTransact:818 
I/ActivityManager(  483): START u0 {act=android.intent.action.CALL_BUTTON flg=0x10000000} from pid 21115
W/PhoneFallbackEventHandler(21115): No activity found for android.intent.action.CALL_BUTTON.
I/ActivityManager(  483): START u0 {act=android.intent.action.MAIN cat=[android.intent.category.LAUNCHER] flg=0x10200000 cmp=com.fiservcardvalet.mobile.android/com.ondotsystems.mcs.views.LandingPageActivity} from pid 21105
I/ActivityManager(  483): START u0 {act=android.intent.action.MAIN cat=[android.intent.category.LAUNCHER] flg=0x10200000 cmp=com.fiservcardvalet.mobile.android/com.ondotsystems.mcs.views.LandingPageActivity} from pid 21105
V/InputMethodService(  621): onEvaluateInputViewShown: config.hardKeyboardHidden = 1
V/InputMethodService(  621): onEvaluateInputViewShown: config.hardKeyboardHidden = 1
V/InputMethodService(  621): onEvaluateInputViewShown: config.hardKeyboardHidden = 1
W/ContextImpl(  483): Calling a method in the system process without a qualified user: android.app.ContextImpl.sendBroadcast:1123 com.android.server.InputMethodManagerService.showCurrentInputLocked:1791 com.android.server.InputMethodManagerService.attachNewInputLocked:1095 com.android.server.InputMethodManagerService.startInputUncheckedLocked:1166 com.android.server.InputMethodManagerService.startInputLocked:1128 
W/ContextImpl(  483): Calling a method in the system process without a qualified user: android.app.ContextImpl.sendBroadcast:1123 com.android.server.InputMethodManagerService.showCurrentInputLocked:1791 com.android.server.InputMethodManagerService.showSoftInput:1753 com.android.internal.view.IInputMethodManager$Stub.onTransact:175 com.android.server.InputMethodManagerService.onTransact:818 
W/ContextImpl(  483): Calling a method in the system process without a qualified user: android.app.ContextImpl.sendBroadcast:1123 com.android.server.InputMethodManagerService.showCurrentInputLocked:1791 com.android.server.InputMethodManagerService.attachNewInputLocked:1095 com.android.server.InputMethodManagerService.startInputUncheckedLocked:1166 com.android.server.InputMethodManagerService.startInputLocked:1128 
W/ActivityManager(  483): Duplicate finish request for ActivityRecord{4a9677c8 u0 com.fiservcardvalet.mobile.android/com.ondotsystems.mcs.views.LoginActivity t215 f}
W/EGL_emulation(21115): eglSurfaceAttrib not implemented 3093 12436
W/ViewRootImpl(21115): Dropping event due to no window focus: KeyEvent { action=ACTION_DOWN, keyCode=KEYCODE_DPAD_DOWN, scanCode=0, metaState=0, flags=0x8, repeatCount=0, eventTime=12237336, downTime=12237336, deviceId=-1, source=0x101 }
W/ContextImpl(  483): Calling a method in the system process without a qualified user: android.app.ContextImpl.sendBroadcast:1123 com.android.server.InputMethodManagerService.hideCurrentInputLocked:1880 com.android.server.InputMethodManagerService.windowGainedFocus:1968 com.android.internal.view.IInputMethodManager$Stub.onTransact:221 com.android.server.InputMethodManagerService.onTransact:818 
I/ActivityManager(  483): START u0 {act=android.intent.action.MAIN cat=[android.intent.category.LAUNCHER] flg=0x10200000 cmp=com.fiservcardvalet.mobile.android/com.ondotsystems.mcs.views.LandingPageActivity} from pid 21105
I/dalvikvm(21115): Could not find method android.app.Notification$Builder.setLocalOnly, referenced from method com.google.android.gms.common.GooglePlayServicesUtil.zza
W/dalvikvm(21115): VFY: unable to resolve virtual method 266: Landroid/app/Notification$Builder;.setLocalOnly (Z)Landroid/app/Notification$Builder;
D/dalvikvm(21115): VFY: replacing opcode 0x6e at 0x0100
I/dalvikvm(21115): Could not find method android.content.pm.PackageManager.getPackageInstaller, referenced from method com.google.android.gms.common.zze.zzi
W/dalvikvm(21115): VFY: unable to resolve virtual method 554: Landroid/content/pm/PackageManager;.getPackageInstaller ()Landroid/content/pm/PackageInstaller;
D/dalvikvm(21115): VFY: replacing opcode 0x6e at 0x000a
I/ActivityManager(  483): START u0 {cmp=com.fiservcardvalet.mobile.android/com.ondotsystems.mcs.views.FindUsActivity} from pid 21115
I/zzad    (21115): Making Creator dynamically
W/InputMethodManagerService(  483): Starting input on non-focused client com.android.internal.view.IInputMethodClient$Stub$Proxy@4a962070 (uid=10074 pid=21115)
I/dalvikvm(21115): Could not find method android.content.ContextWrapper.createCredentialProtectedStorageContext, referenced from method iwr.createCredentialProtectedStorageContext
W/dalvikvm(21115): VFY: unable to resolve virtual method 2411: Landroid/content/ContextWrapper;.createCredentialProtectedStorageContext ()Landroid/content/Context;
D/dalvikvm(21115): VFY: replacing opcode 0x6f at 0x0002
I/dalvikvm(21115): Could not find method android.content.ContextWrapper.createDeviceProtectedStorageContext, referenced from method iwr.createDeviceProtectedStorageContext
W/dalvikvm(21115): VFY: unable to resolve virtual method 2412: Landroid/content/ContextWrapper;.createDeviceProtectedStorageContext ()Landroid/content/Context;
D/dalvikvm(21115): VFY: replacing opcode 0x6f at 0x0002
I/dalvikvm(21115): Could not find method android.content.ContextWrapper.createCredentialProtectedStorageContext, referenced from method com.google.android.chimera.ModuleContext.createCredentialProtectedStorageContext
W/dalvikvm(21115): VFY: unable to resolve virtual method 2411: Landroid/content/ContextWrapper;.createCredentialProtectedStorageContext ()Landroid/content/Context;
D/dalvikvm(21115): VFY: replacing opcode 0x6f at 0x0002
I/dalvikvm(21115): Could not find method android.content.ContextWrapper.createDeviceProtectedStorageContext, referenced from method com.google.android.chimera.ModuleContext.createDeviceProtectedStorageContext
W/dalvikvm(21115): VFY: unable to resolve virtual method 2412: Landroid/content/ContextWrapper;.createDeviceProtectedStorageContext ()Landroid/content/Context;
D/dalvikvm(21115): VFY: replacing opcode 0x6f at 0x0002
I/dalvikvm(21115): Could not find method android.content.Context.isCredentialProtectedStorage, referenced from method cub.a
W/dalvikvm(21115): VFY: unable to resolve virtual method 2391: Landroid/content/Context;.isCredentialProtectedStorage ()Z
D/dalvikvm(21115): VFY: replacing opcode 0x6e at 0x0000
I/dalvikvm(21115): Could not find method android.os.UserManager.isUserUnlocked, referenced from method cub.a
W/dalvikvm(21115): VFY: unable to resolve virtual method 3028: Landroid/os/UserManager;.isUserUnlocked ()Z
D/dalvikvm(21115): VFY: replacing opcode 0x6e at 0x001a
I/dalvikvm(21115): Could not find method android.content.Context.isDeviceProtectedStorage, referenced from method cub.b
W/dalvikvm(21115): VFY: unable to resolve virtual method 2392: Landroid/content/Context;.isDeviceProtectedStorage ()Z
D/dalvikvm(21115): VFY: replacing opcode 0x6e at 0x0000
I/dalvikvm(21115): Could not find method android.content.Context.isDeviceProtectedStorage, referenced from method cub.c
W/dalvikvm(21115): VFY: unable to resolve virtual method 2392: Landroid/content/Context;.isDeviceProtectedStorage ()Z
D/dalvikvm(21115): VFY: replacing opcode 0x6e at 0x0000
I/dalvikvm(21115): Could not find method android.system.Os.readlink, referenced from method cuq.a
W/dalvikvm(21115): VFY: unable to resolve static method 3047: Landroid/system/Os;.readlink (Ljava/lang/String;)Ljava/lang/String;
D/dalvikvm(21115): VFY: replacing opcode 0x71 at 0x0000
I/dalvikvm(21115): Could not find method android.system.Os.stat, referenced from method cuq.a
W/dalvikvm(21115): VFY: unable to resolve static method 3048: Landroid/system/Os;.stat (Ljava/lang/String;)Landroid/system/StructStat;
D/dalvikvm(21115): VFY: replacing opcode 0x71 at 0x0042
I/dalvikvm(21115): Could not find method android.system.Os.symlink, referenced from method cuq.a
W/dalvikvm(21115): VFY: unable to resolve static method 3049: Landroid/system/Os;.symlink (Ljava/lang/String;Ljava/lang/String;)V
D/dalvikvm(21115): VFY: replacing opcode 0x71 at 0x013b
I/dalvikvm(21115): DexOpt: unable to optimize instance field ref 0x04a1 at 0x46 in Lcuq;.a
I/dalvikvm(21115): DexOpt: unable to optimize static field ref 0x049c at 0x48 in Lcuq;.a
I/dalvikvm(21115): DexOpt: unable to optimize static field ref 0x049a at 0x4a in Lcuq;.a
I/dalvikvm(21115): DexOpt: unable to optimize static field ref 0x049b at 0x4d in Lcuq;.a
I/dalvikvm(21115): DexOpt: unable to optimize static field ref 0x049d at 0x57 in Lcuq;.a
I/dalvikvm(21115): DexOpt: unable to optimize static field ref 0x04a0 at 0x5f in Lcuq;.a
I/dalvikvm(21115): DexOpt: unable to optimize static field ref 0x049e at 0x61 in Lcuq;.a
I/dalvikvm(21115): DexOpt: unable to optimize static field ref 0x049f at 0x64 in Lcuq;.a
I/dalvikvm(21115): DexOpt: unable to optimize static field ref 0x049c at 0x7f in Lcuq;.a
I/dalvikvm(21115): DexOpt: unable to optimize static field ref 0x04a0 at 0x90 in Lcuq;.a
I/dalvikvm(21115): Could not find method android.content.Context.createDeviceProtectedStorageContext, referenced from method jvu.a
W/dalvikvm(21115): VFY: unable to resolve virtual method 2362: Landroid/content/Context;.createDeviceProtectedStorageContext ()Landroid/content/Context;
D/dalvikvm(21115): VFY: replacing opcode 0x6e at 0x0029
I/dalvikvm(21115): Could not find method android.content.Context.getSystemService, referenced from method jvu.b
W/dalvikvm(21115): VFY: unable to resolve virtual method 2387: Landroid/content/Context;.getSystemService (Ljava/lang/Class;)Ljava/lang/Object;
D/dalvikvm(21115): VFY: replacing opcode 0x6e at 0x000b
D/dalvikvm(21115): DexOpt: couldn't find static field Landroid/os/Build;.SUPPORTED_64_BIT_ABIS
W/dalvikvm(21115): VFY: unable to resolve static field 1157 (SUPPORTED_64_BIT_ABIS) in Landroid/os/Build;
D/dalvikvm(21115): VFY: replacing opcode 0x62 at 0x0012
D/dalvikvm(21115): DexOpt: couldn't find static field Landroid/os/Build;.SUPPORTED_32_BIT_ABIS
W/dalvikvm(21115): VFY: unable to resolve static field 1156 (SUPPORTED_32_BIT_ABIS) in Landroid/os/Build;
D/dalvikvm(21115): VFY: replacing opcode 0x62 at 0x0021
D/dalvikvm(21115): DexOpt: couldn't find static field Landroid/os/Build;.SUPPORTED_ABIS
W/dalvikvm(21115): VFY: unable to resolve static field 1158 (SUPPORTED_ABIS) in Landroid/os/Build;
D/dalvikvm(21115): VFY: replacing opcode 0x62 at 0x0008
D/dalvikvm(21115): DexOpt: couldn't find static field Landroid/os/Build;.SUPPORTED_64_BIT_ABIS
W/dalvikvm(21115): VFY: unable to resolve static field 1157 (SUPPORTED_64_BIT_ABIS) in Landroid/os/Build;
D/dalvikvm(21115): VFY: replacing opcode 0x62 at 0x0008
D/dalvikvm(21115): DexOpt: couldn't find static field Landroid/os/Build;.SUPPORTED_64_BIT_ABIS
I/dalvikvm(21115): DexOpt: unable to optimize static field ref 0x0485 at 0x17 in Lcwd;.a
D/dalvikvm(21115): DexOpt: couldn't find static field Landroid/os/Build;.SUPPORTED_32_BIT_ABIS
I/dalvikvm(21115): DexOpt: unable to optimize static field ref 0x0484 at 0x26 in Lcwd;.a
D/dalvikvm(21115): DexOpt: couldn't find static field Landroid/os/Build;.SUPPORTED_64_BIT_ABIS
I/dalvikvm(21115): DexOpt: unable to optimize static field ref 0x0485 at 0x0d in Lcwd;.b
I/Google Maps Android API(21115): Google Play services client version: 8487000
I/Google Maps Android API(21115): Google Play services package version: 12221070
I/dalvikvm(21115): Could not find method android.content.pm.PackageManager.isInstantApp, referenced from method com.google.maps.api.android.lib6.drd.an.a
W/dalvikvm(21115): VFY: unable to resolve virtual method 741: Landroid/content/pm/PackageManager;.isInstantApp (Ljava/lang/String;)Z
D/dalvikvm(21115): VFY: replacing opcode 0x6e at 0x0056
I/dalvikvm(21115): Could not find method android.content.pm.PackageManager.getPackageInstaller, referenced from method ht.a
W/dalvikvm(21115): VFY: unable to resolve virtual method 734: Landroid/content/pm/PackageManager;.getPackageInstaller ()Landroid/content/pm/PackageInstaller;
D/dalvikvm(21115): VFY: replacing opcode 0x6e at 0x0017
D/dalvikvm(  734): GC_CONCURRENT freed 447K, 29% free 4548K/6328K, paused 1ms+0ms, total 5ms
I/dalvikvm(21115): Could not find method android.content.pm.PackageManager.isInstantApp, referenced from method ow.a
W/dalvikvm(21115): VFY: unable to resolve virtual method 740: Landroid/content/pm/PackageManager;.isInstantApp ()Z
D/dalvikvm(21115): VFY: replacing opcode 0x6e at 0x0028
I/dalvikvm(21115): Could not find method android.app.NotificationManager.getNotificationChannel, referenced from method he.a
W/dalvikvm(21115): VFY: unable to resolve virtual method 651: Landroid/app/NotificationManager;.getNotificationChannel (Ljava/lang/String;)Landroid/app/NotificationChannel;
D/dalvikvm(21115): VFY: replacing opcode 0x6e at 0x000c
I/dalvikvm(21115): Could not find method android.app.Notification$Builder.setChannelId, referenced from method he.a
W/dalvikvm(21115): VFY: unable to resolve virtual method 607: Landroid/app/Notification$Builder;.setChannelId (Ljava/lang/String;)Landroid/app/Notification$Builder;
D/dalvikvm(21115): VFY: replacing opcode 0x6e at 0x0086
D/dalvikvm(21115): DexOpt: unable to opt direct call 0x0286 at 0x19 in Lhe;.a
I/dalvikvm(21115): Could not find method android.content.Context.isDeviceProtectedStorage, referenced from method rw.a
W/dalvikvm(21115): VFY: unable to resolve virtual method 683: Landroid/content/Context;.isDeviceProtectedStorage ()Z
D/dalvikvm(21115): VFY: replacing opcode 0x6e at 0x0017
I/dalvikvm(21115): Could not find method android.app.AppOpsManager.permissionToOp, referenced from method rw.c
W/dalvikvm(21115): VFY: unable to resolve static method 563: Landroid/app/AppOpsManager;.permissionToOp (Ljava/lang/String;)Ljava/lang/String;
D/dalvikvm(21115): VFY: replacing opcode 0x71 at 0x0045
I/dalvikvm(21115): Could not find method android.content.Context.getSystemService, referenced from method rw.c
W/dalvikvm(21115): VFY: unable to resolve virtual method 680: Landroid/content/Context;.getSystemService (Ljava/lang/Class;)Ljava/lang/Object;
D/dalvikvm(21115): VFY: replacing opcode 0x6e at 0x0068
I/dalvikvm(21115): Could not find method android.content.Context.isDeviceProtectedStorage, referenced from method rw.a
W/dalvikvm(21115): VFY: unable to resolve virtual method 683: Landroid/content/Context;.isDeviceProtectedStorage ()Z
D/dalvikvm(21115): VFY: replacing opcode 0x6e at 0x005d
I/dalvikvm(21115): Could not find method android.content.Context.isDeviceProtectedStorage, referenced from method tm.a
W/dalvikvm(21115): VFY: unable to resolve virtual method 683: Landroid/content/Context;.isDeviceProtectedStorage ()Z
D/dalvikvm(21115): VFY: replacing opcode 0x6e at 0x0009
W/ActivityThread(21115): ClassLoader.loadClass: The class loader returned by Thread.getContextClassLoader() may fail for processes that host multiple applications. You should explicitly specify a context class loader. For example: Thread.setContextClassLoader(getClass().getClassLoader());
D/dalvikvm(21115): GC_CONCURRENT freed 3574K, 29% free 14145K/19884K, paused 1ms+2ms, total 17ms
W/ViewRootImpl(21115): Dropping event due to no window focus: KeyEvent { action=ACTION_DOWN, keyCode=KEYCODE_DPAD_RIGHT, scanCode=0, metaState=0, flags=0x8, repeatCount=0, eventTime=12237647, downTime=12237647, deviceId=-1, source=0x101 }
W/ViewRootImpl(21115): Dropping event due to no window focus: KeyEvent { action=ACTION_DOWN, keyCode=KEYCODE_ALT_RIGHT, scanCode=0, metaState=0, flags=0x8, repeatCount=0, eventTime=12237648, downTime=12237648, deviceId=-1, source=0x101 }
W/ViewRootImpl(21115): Dropping event due to no window focus: KeyEvent { action=ACTION_DOWN, keyCode=KEYCODE_F4, scanCode=0, metaState=0, flags=0x8, repeatCount=0, eventTime=12237648, downTime=12237648, deviceId=-1, source=0x101 }
W/InputManager(  483): Input event injection from pid 21105 failed.
W/InputManager(  483): Input event injection from pid 21105 failed.
W/EGL_emulation(21115): eglSurfaceAttrib not implemented 3093 12436
I/qtaguid (  714): Tagging socket 251 with tag 3000110100000000(805310721) for uid -1 failed errno=-13
I/NetworkManagementSocketTagger(  714): tagSocketFd(251, 805310721, -1) failed with errno-13
W/EGL_emulation(21115): eglSurfaceAttrib not implemented 3093 12436
D/        (21115): HostConnection::get() New Host Connection established 0xb8ef8600, tid 21252
I/qtaguid (  714): Tagging socket 261 with tag 3000110100000000(805310721) for uid -1 failed errno=-13
I/NetworkManagementSocketTagger(  714): tagSocketFd(261, 805310721, -1) failed with errno-13
I/qtaguid (  714): Untagging socket 261 failed errno=-13
W/NetworkManagementSocketTagger(  714): untagSocket(261) failed with errno -13
I/qtaguid (  714): Tagging socket 261 with tag 3000110100000000(805310721) for uid -1 failed errno=-13
I/NetworkManagementSocketTagger(  714): tagSocketFd(261, 805310721, -1) failed with errno-13
I/qtaguid (  714): Untagging socket 261 failed errno=-13
W/NetworkManagementSocketTagger(  714): untagSocket(261) failed with errno -13
I/qtaguid (  714): Tagging socket 261 with tag 3000110100000000(805310721) for uid -1 failed errno=-13
I/NetworkManagementSocketTagger(  714): tagSocketFd(261, 805310721, -1) failed with errno-13
I/qtaguid (  714): Untagging socket 261 failed errno=-13
W/NetworkManagementSocketTagger(  714): untagSocket(261) failed with errno -13
I/qtaguid (  714): Tagging socket 261 with tag 3000110100000000(805310721) for uid -1 failed errno=-13
I/NetworkManagementSocketTagger(  714): tagSocketFd(261, 805310721, -1) failed with errno-13
I/qtaguid (  714): Untagging socket 261 failed errno=-13
W/NetworkManagementSocketTagger(  714): untagSocket(261) failed with errno -13
I/qtaguid (  714): Tagging socket 261 with tag 3000110100000000(805310721) for uid -1 failed errno=-13
I/NetworkManagementSocketTagger(  714): tagSocketFd(261, 805310721, -1) failed with errno-13
I/qtaguid (  714): Untagging socket 261 failed errno=-13
W/NetworkManagementSocketTagger(  714): untagSocket(261) failed with errno -13
I/qtaguid (  714): Tagging socket 261 with tag 3000110100000000(805310721) for uid -1 failed errno=-13
I/NetworkManagementSocketTagger(  714): tagSocketFd(261, 805310721, -1) failed with errno-13
I/qtaguid (  714): Untagging socket 261 failed errno=-13
W/NetworkManagementSocketTagger(  714): untagSocket(261) failed with errno -13
I/ActivityManager(  483): Displayed com.fiservcardvalet.mobile.android/com.ondotsystems.mcs.views.FindUsActivity: +304ms
D/dalvikvm(  645): GC_CONCURRENT freed 1501K, 20% free 7270K/9080K, paused 1ms+2ms, total 13ms
I/qtaguid (  714): Untagging socket 251 failed errno=-13
W/NetworkManagementSocketTagger(  714): untagSocket(251) failed with errno -13
E/Google Maps Android API(21115): Authorization failure.  Please see https://developers.google.com/maps/documentation/android-api/start for how to correctly set up the map.
E/Google Maps Android API(21115): In the Google Developer Console (https://console.developers.google.com)
E/Google Maps Android API(21115): Ensure that the "Google Maps Android API v2" is enabled.
E/Google Maps Android API(21115): Ensure that the following Android Key exists:
E/Google Maps Android API(21115): 	API Key: AIzaSyBqXWwbMKLlCGAfI4QrQ-QW3z8wq1nRDmw
