--------- beginning of /dev/log/main
I/Icing   (  714): Indexing F4FAA6262FE39DDD50BAE6B7AF5CDB8D73BA0DB0 from com.google.android.gms
I/Icing   (  714): Indexing done F4FAA6262FE39DDD50BAE6B7AF5CDB8D73BA0DB0
D/AndroidRuntime(20084): 
D/AndroidRuntime(20084): >>>>>> AndroidRuntime START com.android.internal.os.RuntimeInit <<<<<<
D/AndroidRuntime(20084): CheckJNI is OFF
D/dalvikvm(20084): Using executionMode 2
D/dalvikvm(20084): Trying to load lib libjavacore.so 0x0
D/dalvikvm(20084): Added shared lib libjavacore.so 0x0
D/dalvikvm(20084): Trying to load lib libnativehelper.so 0x0
D/dalvikvm(20084): Added shared lib libnativehelper.so 0x0
D/dalvikvm(20084): No JNI_OnLoad found in libnativehelper.so 0x0, skipping init
D/dalvikvm(20084): Note: class Landroid/app/ActivityManagerNative; has 179 unimplemented (abstract) methods
E/memtrack(20084): Couldn't load memtrack module (No such file or directory)
E/android.os.Debug(20084): failed to load memtrack module: -2
D/AndroidRuntime(20084): Calling main entry com.android.commands.monkey.Monkey
--------- beginning of /dev/log/system
W/BroadcastQueue(  483): Skipping deliver [background] BroadcastRecord{4ab38098 u-1 android.net.conn.CONNECTIVITY_CHANGE} to ReceiverList{4abfc7fc 20084 (unknown name)/0/u-1 remote:4a9c6140}: process crashing
D/yeshen  (  674): launcher onpause
I/ActivityManager(  483): START u0 {act=android.intent.action.MAIN cat=[android.intent.category.LAUNCHER] flg=0x10200000 cmp=com.bluebird.mobile/com.serve.platform.wrapper.tLauncher} from pid 20084
I/ActivityManager(  483): Start proc com.bluebird.mobile for activity com.bluebird.mobile/com.serve.platform.wrapper.tLauncher: pid=20094 uid=10072 gids={50072, 3003, 1028, 1015, 1023}
W/NetworkManagementSocketTagger(  483): setKernelCountSet(10072, 1) failed with errno -13
I/dalvikvm(20094): ignoring registerObject request in thread=1
I/dalvikvm(20094): ignoring registerObject request in thread=1
V/PanelView(  538): animationTick called with dtms=0; nothing to do (h=120.0 v=-0.0)
V/PanelView(  538): animationTick called with dtms=0; nothing to do (h=120.0 v=-3000.0)
V/PanelView(  538): animationTick called with dtms=0; nothing to do (h=120.0 v=-3000.0)
V/PanelView(  538): animationTick called with dtms=0; nothing to do (h=120.0 v=-3000.0)
V/PanelView(  538): animationTick called with dtms=0; nothing to do (h=120.0 v=-3000.0)
I/ActivityManager(  483): START u0 {flg=0x30008000 cmp=com.bluebird.mobile/com.serve.platform.wrapper.tLoginActivityQuickBalance} from pid 20094
W/ViewRootImpl(  674): Dropping event due to no window focus: KeyEvent { action=ACTION_DOWN, keyCode=KEYCODE_DPAD_UP, scanCode=0, metaState=0, flags=0x8, repeatCount=0, eventTime=12189347, downTime=12189347, deviceId=-1, source=0x101 }
D/dalvikvm(20094): JIT code cache reset in 0 ms (0 bytes 1/0)
D/dalvikvm(20094): GC_CONCURRENT freed 175K, 9% free 3030K/3296K, paused 1ms+1ms, total 5ms
W/Binder  (  621): Caught a RuntimeException from the binder stub implementation.
W/Binder  (  621): java.lang.NullPointerException
W/Binder  (  621): 	at android.inputmethodservice.IInputMethodWrapper.setSessionEnabled(IInputMethodWrapper.java:280)
W/Binder  (  621): 	at com.android.internal.view.IInputMethod$Stub.onTransact(IInputMethod.java:129)
W/Binder  (  621): 	at android.os.Binder.execTransact(Binder.java:404)
W/Binder  (  621): 	at dalvik.system.NativeStart.run(Native Method)
W/ContextImpl(  483): Calling a method in the system process without a qualified user: android.app.ContextImpl.sendBroadcast:1123 com.android.server.InputMethodManagerService.hideCurrentInputLocked:1880 com.android.server.InputMethodManagerService.windowGainedFocus:1968 com.android.internal.view.IInputMethodManager$Stub.onTransact:221 com.android.server.InputMethodManagerService.onTransact:818 
W/InputMethodManagerService(  483): Got RemoteException sending setActive(false) notification to pid 19666 uid 10071
W/ActivityManager(  483): Duplicate finish request for ActivityRecord{4ae22d88 u0 com.bluebird.mobile/com.serve.platform.wrapper.tLauncher t204 f}
W/dalvikvm(20094): VFY: unable to find class referenced in signature (Landroid/view/SearchEvent;)
I/dalvikvm(20094): Could not find method android.view.Window$Callback.onSearchRequested, referenced from method android.support.v7.view.WindowCallbackWrapper.onSearchRequested
W/dalvikvm(20094): VFY: unable to resolve interface method 19458: Landroid/view/Window$Callback;.onSearchRequested (Landroid/view/SearchEvent;)Z
D/dalvikvm(20094): VFY: replacing opcode 0x72 at 0x0002
I/dalvikvm(20094): Could not find method android.view.Window$Callback.onWindowStartingActionMode, referenced from method android.support.v7.view.WindowCallbackWrapper.onWindowStartingActionMode
W/dalvikvm(20094): VFY: unable to resolve interface method 19462: Landroid/view/Window$Callback;.onWindowStartingActionMode (Landroid/view/ActionMode$Callback;I)Landroid/view/ActionMode;
D/dalvikvm(20094): VFY: replacing opcode 0x72 at 0x0002
D/yeshen  (  674): launcher onstop
D/FirebaseApp(  674): Notifying background state change listeners.
D/Tinker.DefaultAppLike(  674): onTrimMemory level:20
W/DebugConnManager(  674): getNetworkInfo() on networkType 1
W/ViewRootImpl(  674): Dropping event due to no window focus: KeyEvent { action=ACTION_DOWN, keyCode=KEYCODE_DPAD_RIGHT, scanCode=0, metaState=0, flags=0x400, repeatCount=0, eventTime=12189398, downTime=12189398, deviceId=-1, source=0x101 }
W/ViewRootImpl(  674): Dropping event due to no window focus: KeyEvent { action=ACTION_DOWN, keyCode=KEYCODE_DPAD_RIGHT, scanCode=0, metaState=0, flags=0x400, repeatCount=0, eventTime=12189398, downTime=12189398, deviceId=-1, source=0x101 }
W/ViewRootImpl(  674): Dropping event due to no window focus: KeyEvent { action=ACTION_DOWN, keyCode=KEYCODE_DPAD_RIGHT, scanCode=0, metaState=0, flags=0x400, repeatCount=0, eventTime=12189398, downTime=12189398, deviceId=-1, source=0x101 }
D/Sensors (  483): Client connection accepted (199)
D/dalvikvm(20094): GC_FOR_ALLOC freed 134K, 7% free 3097K/3316K, paused 2ms, total 2ms
I/dalvikvm-heap(20094): Grow heap (frag case) to 4.665MB for 1635852-byte allocation
D/dalvikvm(20094): GC_FOR_ALLOC freed <1K, 5% free 4694K/4916K, paused 3ms, total 3ms
D/dalvikvm(20094): GC_CONCURRENT freed 0K, 5% free 4694K/4916K, paused 1ms+1ms, total 4ms
D/dalvikvm(20094): GC_FOR_ALLOC freed 55K, 5% free 4868K/5076K, paused 2ms, total 2ms
I/dalvikvm-heap(20094): Grow heap (frag case) to 5.440MB for 635808-byte allocation
D/dalvikvm(20094): GC_FOR_ALLOC freed 1K, 4% free 5488K/5700K, paused 3ms, total 3ms
D/dalvikvm(20094): GC_CONCURRENT freed 21K, 4% free 5518K/5700K, paused 2ms+6ms, total 11ms
I/dalvikvm(20094): Could not find method android.content.res.Resources.getDrawable, referenced from method android.support.v7.widget.ResourcesWrapper.getDrawable
W/dalvikvm(20094): VFY: unable to resolve virtual method 605: Landroid/content/res/Resources;.getDrawable (ILandroid/content/res/Resources$Theme;)Landroid/graphics/drawable/Drawable;
D/dalvikvm(20094): VFY: replacing opcode 0x6e at 0x0002
I/dalvikvm(20094): Could not find method android.content.res.Resources.getDrawableForDensity, referenced from method android.support.v7.widget.ResourcesWrapper.getDrawableForDensity
W/dalvikvm(20094): VFY: unable to resolve virtual method 607: Landroid/content/res/Resources;.getDrawableForDensity (IILandroid/content/res/Resources$Theme;)Landroid/graphics/drawable/Drawable;
D/dalvikvm(20094): VFY: replacing opcode 0x6e at 0x0002
I/dalvikvm(20094): Could not find method android.content.res.TypedArray.getChangingConfigurations, referenced from method android.support.v7.widget.TintTypedArray.getChangingConfigurations
W/dalvikvm(20094): VFY: unable to resolve virtual method 642: Landroid/content/res/TypedArray;.getChangingConfigurations ()I
D/dalvikvm(20094): VFY: replacing opcode 0x6e at 0x0002
I/dalvikvm(20094): Could not find method android.content.res.TypedArray.getType, referenced from method android.support.v7.widget.TintTypedArray.getType
W/dalvikvm(20094): VFY: unable to resolve virtual method 664: Landroid/content/res/TypedArray;.getType (I)I
D/dalvikvm(20094): VFY: replacing opcode 0x6e at 0x0002
W/ResourceType(  483): Skipping entry 0x10a0000 in package table 0 because it is not complex!
W/ResourceType(  483): Skipping entry 0x10a0001 in package table 0 because it is not complex!
D/dalvikvm(20094): GC_CONCURRENT freed 981K, 17% free 5324K/6392K, paused 2ms+1ms, total 4ms
W/EGL_emulation(  538): eglSurfaceAttrib not implemented 3093 12436
D/dalvikvm(20094): GC_CONCURRENT freed 888K, 19% free 5202K/6392K, paused 1ms+1ms, total 6ms
V/WebViewChromium(20094): Binding Chromium to the background looper Looper (main, tid 1) {4a783970}
I/chromium(20094): [INFO:library_loader_hooks.cc(112)] Chromium logging enabled: level = 0, default verbosity = 0
I/BrowserProcessMain(20094): Initializing chromium process, renderers=0
W/chromium(20094): [WARNING:proxy_service.cc(888)] PAC support disabled because there is no system implementation
D/libEGL  (20094): loaded /system/lib/egl/libEGL_adreno.so
D/        (20094): HostConnection::get() New Host Connection established 0xb8d9bca0, tid 20094
D/libEGL  (20094): loaded /system/lib/egl/libGLESv1_CM_adreno.so
D/libEGL  (20094): loaded /system/lib/egl/libGLESv2_adreno.so
D/dalvikvm(20094): GC_FOR_ALLOC freed 300K, 18% free 5289K/6392K, paused 4ms, total 4ms
I/dalvikvm-heap(20094): Grow heap (frag case) to 5.851MB for 635808-byte allocation
D/dalvikvm(20094): GC_FOR_ALLOC freed 2K, 16% free 5908K/7016K, paused 3ms, total 3ms
W/dalvikvm(20094): VFY: unable to find class referenced in signature (Lokhttp3/Request;)
W/dalvikvm(20094): VFY: unable to find class referenced in signature (Lokhttp3/Response;)
I/dalvikvm(20094): Could not find method okhttp3.Response.headers, referenced from method empirical.HelperClass.printOkHttpInfo
W/dalvikvm(20094): VFY: unable to resolve virtual method 48854: Lokhttp3/Response;.headers ()Lokhttp3/Headers;
D/dalvikvm(20094): VFY: replacing opcode 0x6e at 0x0006
W/dalvikvm(20094): VFY: unable to find class referenced in signature (Lokhttp3/Call;)
W/dalvikvm(20094): VFY: unable to find class referenced in signature (Lokhttp3/Response;)
I/dalvikvm(20094): Could not find method okhttp3.Call.request, referenced from method empirical.HelperClass.printOkHttpInfoFromCall
W/dalvikvm(20094): VFY: unable to resolve interface method 48848: Lokhttp3/Call;.request ()Lokhttp3/Request;
D/dalvikvm(20094): VFY: replacing opcode 0x72 at 0x0006
I/System.out(20094): body:<com.serve.platform.BaseApplication$2: void run()>	sig:virtualinvoke $r3.<javax.net.ssl.SSLSocket: void close()>()	timediff:0
W/EGL_emulation(20094): eglSurfaceAttrib not implemented 3093 12436
D/OpenGLRenderer(20094): Enabling debug mode 0
D/dalvikvm(20094): GC_CONCURRENT freed 682K, 13% free 6151K/7016K, paused 1ms+0ms, total 6ms
W/ViewRootImpl(20094): Dropping event due to no window focus: KeyEvent { action=ACTION_DOWN, keyCode=KEYCODE_DPAD_RIGHT, scanCode=0, metaState=0, flags=0x8, repeatCount=0, eventTime=12189373, downTime=12189373, deviceId=-1, source=0x101 }
W/ViewRootImpl(20094): Dropping event due to no window focus: KeyEvent { action=ACTION_DOWN, keyCode=KEYCODE_DPAD_LEFT, scanCode=0, metaState=0, flags=0x8, repeatCount=0, eventTime=12189714, downTime=12189714, deviceId=-1, source=0x101 }
W/ViewRootImpl(20094): Dropping event due to no window focus: KeyEvent { action=ACTION_DOWN, keyCode=KEYCODE_F, scanCode=0, metaState=0, flags=0x8, repeatCount=0, eventTime=12189715, downTime=12189715, deviceId=-1, source=0x101 }
W/ContextImpl(  483): Calling a method in the system process without a qualified user: android.app.ContextImpl.sendBroadcast:1123 com.android.server.InputMethodManagerService.hideCurrentInputLocked:1880 com.android.server.InputMethodManagerService.windowGainedFocus:2000 com.android.internal.view.IInputMethodManager$Stub.onTransact:221 com.android.server.InputMethodManagerService.onTransact:818 
I/System.out(20094): body:<bw: java.net.HttpURLConnection a(java.lang.String)>	sig:specialinvoke $r1.<java.net.URL: void <init>(java.lang.String)>($r0)	timediff:0
I/System.out(20094): <bw: java.net.HttpURLConnection a(java.lang.String)>###specialinvoke $r1.<java.net.URL: void <init>(java.lang.String)>($r0)###https://omns.americanexpress.com/b/ss/amexbluebirdmobappprod/0/JAVA-4.1.1-AN/s64190990?AQB=1&ndh=1&pageName=Page%20View&t=00%2F00%2F0000%2000%3A00%3A00%200%20420&aid=2D6B609D05031E1E-40001186600011B4&ce=UTF-8&c.&omn.&pageName=EnterDetailsUserName&hierarchy=US%7CAMEX%7CBlueBirdApp%3AAndroid%7CLogin&.omn&a.&AppID=My%20Bluebird%203.100.0.1%20%28346%29&DeviceName=SM-G955N&Resolution=720x1280&OSVersion=Android%204.4.2&CarrierName=T-Mobile&.a&.c&AQE=1
I/System.out(20094): body:<bw: java.net.HttpURLConnection a(java.lang.String)>	sig:$r0 = virtualinvoke $r1.<java.net.URL: java.lang.String getProtocol()>()	timediff:0
I/System.out(20094): body:<bw: java.net.HttpURLConnection a(java.lang.String)>	sig:$r2 = virtualinvoke $r1.<java.net.URL: java.net.URLConnection openConnection()>()	timediff:1
I/System.out(20094): body:<bw: boolean a(java.lang.String,java.util.Map)>	sig:virtualinvoke $r3.<java.net.HttpURLConnection: void setConnectTimeout(int)>(5000)	timediff:0
I/System.out(20094): body:<bw: boolean a(java.lang.String,java.util.Map)>	sig:virtualinvoke $r3.<java.net.HttpURLConnection: void setReadTimeout(int)>(5000)	timediff:0
I/System.out(20094): body:<bw: boolean a(java.lang.String,java.util.Map)>	sig:virtualinvoke $r3.<java.net.HttpURLConnection: void setRequestProperty(java.lang.String,java.lang.String)>($r9, $r8)	timediff:0
I/System.out(20094): body:<bw: boolean a(java.lang.String,java.util.Map)>	sig:virtualinvoke $r3.<java.net.HttpURLConnection: void setRequestProperty(java.lang.String,java.lang.String)>($r9, $r8)	timediff:0
I/ActivityManager(  483): Displayed com.bluebird.mobile/com.serve.platform.wrapper.tLoginActivityQuickBalance: +413ms (total +484ms)
I/ActivityManager(  483): START u0 {act=android.intent.action.CALL_BUTTON flg=0x10000000} from pid 20094
W/PhoneFallbackEventHandler(20094): No activity found for android.intent.action.CALL_BUTTON.
V/InputMethodService(  621): onEvaluateInputViewShown: config.hardKeyboardHidden = 1
W/ContextImpl(  483): Calling a method in the system process without a qualified user: android.app.ContextImpl.sendBroadcast:1123 com.android.server.InputMethodManagerService.showCurrentInputLocked:1791 com.android.server.InputMethodManagerService.showSoftInput:1753 com.android.internal.view.IInputMethodManager$Stub.onTransact:175 com.android.server.InputMethodManagerService.onTransact:818 
I/ActivityManager(  483): START u0 {act=android.intent.action.CALL_BUTTON flg=0x10000000} from pid 20094
D/dalvikvm(20094): GC_CONCURRENT freed 815K, 12% free 6433K/7296K, paused 2ms+1ms, total 9ms
I/System.out(20094): body:<bw: boolean a(java.lang.String,java.util.Map)>	sig:$r12 = virtualinvoke $r3.<java.net.HttpURLConnection: java.io.InputStream getInputStream()>()	timediff:163
I/System.out(20094): body:<empirical.HelperClass: void printURLInfo(java.lang.String,java.lang.String,java.net.URLConnection)>	sig:$r0 = virtualinvoke urlConnection.<java.net.URLConnection: java.net.URL getURL()>()	timediff:0
I/System.out(20094): body:<empirical.HelperClass: void printURLInfo(java.lang.String,java.lang.String,java.net.URLConnection)>	sig:urlString = virtualinvoke $r0.<java.net.URL: java.lang.String toString()>()	timediff:0
I/System.out(20094): body:<empirical.HelperClass: void printURLInfo(java.lang.String,java.lang.String,java.net.URLConnection)>	sig:isDoOutput = virtualinvoke urlConnection.<java.net.URLConnection: boolean getDoOutput()>()	timediff:0
I/System.out(20094): body:<empirical.HelperClass: java.lang.String getHeaderField(java.net.URLConnection,java.lang.String)>	sig:data = virtualinvoke conn.<java.net.URLConnection: java.lang.String getHeaderField(java.lang.String)>(field)	timediff:0
I/System.out(20094): body:<empirical.HelperClass: java.lang.String getHeaderField(java.net.URLConnection,java.lang.String)>	sig:data = virtualinvoke conn.<java.net.URLConnection: java.lang.String getHeaderField(java.lang.String)>(field)	timediff:0
I/System.out(20094): body:<empirical.HelperClass: java.lang.String getHeaderField(java.net.URLConnection,java.lang.String)>	sig:data = virtualinvoke conn.<java.net.URLConnection: java.lang.String getHeaderField(java.lang.String)>(field)	timediff:0
W/PhoneFallbackEventHandler(20094): No activity found for android.intent.action.CALL_BUTTON.
I/System.out(20094): body:<empirical.HelperClass: java.lang.String getHeaderField(java.net.URLConnection,java.lang.String)>	sig:data = virtualinvoke conn.<java.net.URLConnection: java.lang.String getHeaderField(java.lang.String)>(field)	timediff:0
I/System.out(20094): body:<empirical.HelperClass: java.lang.String getHeaderField(java.net.URLConnection,java.lang.String)>	sig:data = virtualinvoke conn.<java.net.URLConnection: java.lang.String getHeaderField(java.lang.String)>(field)	timediff:0
I/System.out(20094): URLConn;%;0;%;<bw: boolean a(java.lang.String,java.util.Map)>;%;$r12 = virtualinvoke $r3.<java.net.HttpURLConnection: java.io.InputStream getInputStream()>();%;https://omns.americanexpress.com/b/ss/amexbluebirdmobappprod/0/JAVA-4.1.1-AN/s64190990?AQB=1&ndh=1&pageName=Page%20View&t=00%2F00%2F0000%2000%3A00%3A00%200%20420&aid=2D6B609D05031E1E-40001186600011B4&ce=UTF-8&c.&omn.&pageName=EnterDetailsUserName&hierarchy=US%7CAMEX%7CBlueBirdApp%3AAndroid%7CLogin&.omn&a.&AppID=My%20Bluebird%203.100.0.1%20%28346%29&DeviceName=SM-G955N&Resolution=720x1280&OSVersion=Android%204.4.2&CarrierName=T-Mobile&.a&.c&AQE=1;%;false;%;1;%;no-cache, no-store, max-age=0, no-transform, private;%;Tue, 17 Apr 2018 03:53:30 GMT;%;Not found;%;Not found
I/System.out(20094): body:<bw: boolean a(java.lang.String,java.util.Map)>	sig:virtualinvoke $r3.<java.net.HttpURLConnection: int getResponseCode()>()	timediff:0
I/System.out(20094): body:<bw: boolean a(java.lang.String,java.util.Map)>	sig:virtualinvoke $r3.<java.net.HttpURLConnection: void disconnect()>()	timediff:0
I/System.out(20094): body:<bw: java.net.HttpURLConnection a(java.lang.String)>	sig:specialinvoke $r1.<java.net.URL: void <init>(java.lang.String)>($r0)	timediff:0
I/System.out(20094): <bw: java.net.HttpURLConnection a(java.lang.String)>###specialinvoke $r1.<java.net.URL: void <init>(java.lang.String)>($r0)###https://omns.americanexpress.com/b/ss/amexbluebirdmobappprod/0/JAVA-4.1.1-AN/s93572585?AQB=1&ndh=1&pe=lnk_o&pev2=ADBINTERNAL%3ALifecycle&pageName=My%20Bluebird%203.100.0.1%20%28346%29&t=00%2F00%2F0000%2000%3A00%3A00%200%20420&aid=2D6B609D05031E1E-40001186600011B4&ce=UTF-8&c.&a.&DeviceName=SM-G955N&Resolution=720x1280&OSVersion=Android%204.4.2&CarrierName=T-Mobile&internalaction=Lifecycle&AppID=My%20Bluebird%203.100.0.1%20%28346%29&Launches=1&InstallEvent=InstallEvent&DayOfWeek=3&InstallDate=4%2F17%2F2018&LaunchEvent=LaunchEvent&DailyEngUserEvent=DailyEngUserEvent&HourOfDay=20&MonthlyEngUserEvent=MonthlyEngUserEvent&.a&.c&AQE=1
I/System.out(20094): body:<bw: java.net.HttpURLConnection a(java.lang.String)>	sig:$r0 = virtualinvoke $r1.<java.net.URL: java.lang.String getProtocol()>()	timediff:0
I/System.out(20094): body:<bw: java.net.HttpURLConnection a(java.lang.String)>	sig:$r2 = virtualinvoke $r1.<java.net.URL: java.net.URLConnection openConnection()>()	timediff:0
I/System.out(20094): body:<bw: boolean a(java.lang.String,java.util.Map)>	sig:virtualinvoke $r3.<java.net.HttpURLConnection: void setConnectTimeout(int)>(5000)	timediff:0
I/System.out(20094): body:<bw: boolean a(java.lang.String,java.util.Map)>	sig:virtualinvoke $r3.<java.net.HttpURLConnection: void setReadTimeout(int)>(5000)	timediff:0
I/System.out(20094): body:<bw: boolean a(java.lang.String,java.util.Map)>	sig:virtualinvoke $r3.<java.net.HttpURLConnection: void setRequestProperty(java.lang.String,java.lang.String)>($r9, $r8)	timediff:0
I/System.out(20094): body:<bw: boolean a(java.lang.String,java.util.Map)>	sig:virtualinvoke $r3.<java.net.HttpURLConnection: void setRequestProperty(java.lang.String,java.lang.String)>($r9, $r8)	timediff:0
V/InputMethodService(  621): onEvaluateInputViewShown: config.hardKeyboardHidden = 1
W/ContextImpl(  483): Calling a method in the system process without a qualified user: android.app.ContextImpl.sendBroadcast:1123 com.android.server.InputMethodManagerService.showCurrentInputLocked:1791 com.android.server.InputMethodManagerService.showSoftInput:1753 com.android.internal.view.IInputMethodManager$Stub.onTransact:175 com.android.server.InputMethodManagerService.onTransact:818 
V/InputMethodService(  621): onEvaluateInputViewShown: config.hardKeyboardHidden = 1
W/ContextImpl(  483): Calling a method in the system process without a qualified user: android.app.ContextImpl.sendBroadcast:1123 com.android.server.InputMethodManagerService.showCurrentInputLocked:1791 com.android.server.InputMethodManagerService.attachNewInputLocked:1095 com.android.server.InputMethodManagerService.startInputUncheckedLocked:1166 com.android.server.InputMethodManagerService.startInputLocked:1128 
V/InputMethodService(  621): onEvaluateInputViewShown: config.hardKeyboardHidden = 1
V/InputMethodService(  621): onEvaluateInputViewShown: config.hardKeyboardHidden = 1
W/ContextImpl(  483): Calling a method in the system process without a qualified user: android.app.ContextImpl.sendBroadcast:1123 com.android.server.InputMethodManagerService.showCurrentInputLocked:1791 com.android.server.InputMethodManagerService.attachNewInputLocked:1095 com.android.server.InputMethodManagerService.startInputUncheckedLocked:1166 com.android.server.InputMethodManagerService.startInputLocked:1128 
W/ContextImpl(  483): Calling a method in the system process without a qualified user: android.app.ContextImpl.sendBroadcast:1123 com.android.server.InputMethodManagerService.showCurrentInputLocked:1791 com.android.server.InputMethodManagerService.showSoftInput:1753 com.android.internal.view.IInputMethodManager$Stub.onTransact:175 com.android.server.InputMethodManagerService.onTransact:818 
V/InputMethodService(  621): onEvaluateInputViewShown: config.hardKeyboardHidden = 1
W/ContextImpl(  483): Calling a method in the system process without a qualified user: android.app.ContextImpl.sendBroadcast:1123 com.android.server.InputMethodManagerService.showCurrentInputLocked:1791 com.android.server.InputMethodManagerService.attachNewInputLocked:1095 com.android.server.InputMethodManagerService.startInputUncheckedLocked:1166 com.android.server.InputMethodManagerService.startInputLocked:1128 
V/InputMethodService(  621): onEvaluateInputViewShown: config.hardKeyboardHidden = 1
V/InputMethodService(  621): onEvaluateInputViewShown: config.hardKeyboardHidden = 1
W/ContextImpl(  483): Calling a method in the system process without a qualified user: android.app.ContextImpl.sendBroadcast:1123 com.android.server.InputMethodManagerService.showCurrentInputLocked:1791 com.android.server.InputMethodManagerService.showSoftInput:1753 com.android.internal.view.IInputMethodManager$Stub.onTransact:175 com.android.server.InputMethodManagerService.onTransact:818 
W/ContextImpl(  483): Calling a method in the system process without a qualified user: android.app.ContextImpl.sendBroadcast:1123 com.android.server.InputMethodManagerService.showCurrentInputLocked:1791 com.android.server.InputMethodManagerService.showSoftInput:1753 com.android.internal.view.IInputMethodManager$Stub.onTransact:175 com.android.server.InputMethodManagerService.onTransact:818 
V/InputMethodService(  621): onEvaluateInputViewShown: config.hardKeyboardHidden = 1
V/InputMethodService(  621): onEvaluateInputViewShown: config.hardKeyboardHidden = 1
W/ContextImpl(  483): Calling a method in the system process without a qualified user: android.app.ContextImpl.sendBroadcast:1123 com.android.server.InputMethodManagerService.showCurrentInputLocked:1791 com.android.server.InputMethodManagerService.showSoftInput:1753 com.android.internal.view.IInputMethodManager$Stub.onTransact:175 com.android.server.InputMethodManagerService.onTransact:818 
W/ContextImpl(  483): Calling a method in the system process without a qualified user: android.app.ContextImpl.sendBroadcast:1123 com.android.server.InputMethodManagerService.showCurrentInputLocked:1791 com.android.server.InputMethodManagerService.attachNewInputLocked:1095 com.android.server.InputMethodManagerService.startInputUncheckedLocked:1166 com.android.server.InputMethodManagerService.startInputLocked:1128 
V/InputMethodService(  621): onEvaluateInputViewShown: config.hardKeyboardHidden = 1
V/InputMethodService(  621): onEvaluateInputViewShown: config.hardKeyboardHidden = 1
W/ContextImpl(  483): Calling a method in the system process without a qualified user: android.app.ContextImpl.sendBroadcast:1123 com.android.server.InputMethodManagerService.showCurrentInputLocked:1791 com.android.server.InputMethodManagerService.showSoftInput:1753 com.android.internal.view.IInputMethodManager$Stub.onTransact:175 com.android.server.InputMethodManagerService.onTransact:818 
W/ContextImpl(  483): Calling a method in the system process without a qualified user: android.app.ContextImpl.sendBroadcast:1123 com.android.server.InputMethodManagerService.showCurrentInputLocked:1791 com.android.server.InputMethodManagerService.showSoftInput:1753 com.android.internal.view.IInputMethodManager$Stub.onTransact:175 com.android.server.InputMethodManagerService.onTransact:818 
V/InputMethodService(  621): onEvaluateInputViewShown: config.hardKeyboardHidden = 1
W/ContextImpl(  483): Calling a method in the system process without a qualified user: android.app.ContextImpl.sendBroadcast:1123 com.android.server.InputMethodManagerService.showCurrentInputLocked:1791 com.android.server.InputMethodManagerService.attachNewInputLocked:1095 com.android.server.InputMethodManagerService.startInputUncheckedLocked:1166 com.android.server.InputMethodManagerService.startInputLocked:1128 
V/InputMethodService(  621): onEvaluateInputViewShown: config.hardKeyboardHidden = 1
W/ContextImpl(  483): Calling a method in the system process without a qualified user: android.app.ContextImpl.sendBroadcast:1123 com.android.server.InputMethodManagerService.showCurrentInputLocked:1791 com.android.server.InputMethodManagerService.attachNewInputLocked:1095 com.android.server.InputMethodManagerService.startInputUncheckedLocked:1166 com.android.server.InputMethodManagerService.startInputLocked:1128 
V/InputMethodService(  621): onEvaluateInputViewShown: config.hardKeyboardHidden = 1
W/ContextImpl(  483): Calling a method in the system process without a qualified user: android.app.ContextImpl.sendBroadcast:1123 com.android.server.InputMethodManagerService.showCurrentInputLocked:1791 com.android.server.InputMethodManagerService.attachNewInputLocked:1095 com.android.server.InputMethodManagerService.startInputUncheckedLocked:1166 com.android.server.InputMethodManagerService.startInputLocked:1128 
I/System.out(20094): body:<bw: boolean a(java.lang.String,java.util.Map)>	sig:$r12 = virtualinvoke $r3.<java.net.HttpURLConnection: java.io.InputStream getInputStream()>()	timediff:127
I/System.out(20094): body:<empirical.HelperClass: void printURLInfo(java.lang.String,java.lang.String,java.net.URLConnection)>	sig:$r0 = virtualinvoke urlConnection.<java.net.URLConnection: java.net.URL getURL()>()	timediff:0
I/System.out(20094): body:<empirical.HelperClass: void printURLInfo(java.lang.String,java.lang.String,java.net.URLConnection)>	sig:urlString = virtualinvoke $r0.<java.net.URL: java.lang.String toString()>()	timediff:0
I/System.out(20094): body:<empirical.HelperClass: void printURLInfo(java.lang.String,java.lang.String,java.net.URLConnection)>	sig:isDoOutput = virtualinvoke urlConnection.<java.net.URLConnection: boolean getDoOutput()>()	timediff:0
I/System.out(20094): body:<empirical.HelperClass: java.lang.String getHeaderField(java.net.URLConnection,java.lang.String)>	sig:data = virtualinvoke conn.<java.net.URLConnection: java.lang.String getHeaderField(java.lang.String)>(field)	timediff:0
I/System.out(20094): body:<empirical.HelperClass: java.lang.String getHeaderField(java.net.URLConnection,java.lang.String)>	sig:data = virtualinvoke conn.<java.net.URLConnection: java.lang.String getHeaderField(java.lang.String)>(field)	timediff:0
I/System.out(20094): body:<empirical.HelperClass: java.lang.String getHeaderField(java.net.URLConnection,java.lang.String)>	sig:data = virtualinvoke conn.<java.net.URLConnection: java.lang.String getHeaderField(java.lang.String)>(field)	timediff:0
I/System.out(20094): body:<empirical.HelperClass: java.lang.String getHeaderField(java.net.URLConnection,java.lang.String)>	sig:data = virtualinvoke conn.<java.net.URLConnection: java.lang.String getHeaderField(java.lang.String)>(field)	timediff:0
I/System.out(20094): body:<empirical.HelperClass: java.lang.String getHeaderField(java.net.URLConnection,java.lang.String)>	sig:data = virtualinvoke conn.<java.net.URLConnection: java.lang.String getHeaderField(java.lang.String)>(field)	timediff:0
I/System.out(20094): URLConn;%;1;%;<bw: boolean a(java.lang.String,java.util.Map)>;%;$r12 = virtualinvoke $r3.<java.net.HttpURLConnection: java.io.InputStream getInputStream()>();%;https://omns.americanexpress.com/b/ss/amexbluebirdmobappprod/0/JAVA-4.1.1-AN/s93572585?AQB=1&ndh=1&pe=lnk_o&pev2=ADBINTERNAL%3ALifecycle&pageName=My%20Bluebird%203.100.0.1%20%28346%29&t=00%2F00%2F0000%2000%3A00%3A00%200%20420&aid=2D6B609D05031E1E-40001186600011B4&ce=UTF-8&c.&a.&DeviceName=SM-G955N&Resolution=720x1280&OSVersion=Android%204.4.2&CarrierName=T-Mobile&internalaction=Lifecycle&AppID=My%20Bluebird%203.100.0.1%20%28346%29&Launches=1&InstallEvent=InstallEvent&DayOfWeek=3&InstallDate=4%2F17%2F2018&LaunchEvent=LaunchEvent&DailyEngUserEvent=DailyEngUserEvent&HourOfDay=20&MonthlyEngUserEvent=MonthlyEngUserEvent&.a&.c&AQE=1;%;false;%;1;%;no-cache, no-store, max-age=0, no-transform, private;%;Tue, 17 Apr 2018 03:53:30 GMT;%;Not found;%;Not found
I/System.out(20094): body:<bw: boolean a(java.lang.String,java.util.Map)>	sig:virtualinvoke $r3.<java.net.HttpURLConnection: int getResponseCode()>()	timediff:0
I/System.out(20094): body:<bw: boolean a(java.lang.String,java.util.Map)>	sig:virtualinvoke $r3.<java.net.HttpURLConnection: void disconnect()>()	timediff:0
I/System.out(20094): body:<bw: java.net.HttpURLConnection a(java.lang.String)>	sig:specialinvoke $r1.<java.net.URL: void <init>(java.lang.String)>($r0)	timediff:0
I/System.out(20094): <bw: java.net.HttpURLConnection a(java.lang.String)>###specialinvoke $r1.<java.net.URL: void <init>(java.lang.String)>($r0)###https://omns.americanexpress.com/b/ss/amexbluebirdmobappprod/0/JAVA-4.1.1-AN/s58676004?AQB=1&ndh=1&pe=lnk_o&pev2=AMACTION%3AClick%20Action&pageName=My%20Bluebird%203.100.0.1%20%28346%29&t=00%2F00%2F0000%2000%3A00%3A00%200%20420&aid=2D6B609D05031E1E-40001186600011B4&ce=UTF-8&c.&omn.&tlsversion=TLSv1.2&.omn&a.&action=Click%20Action&AppID=My%20Bluebird%203.100.0.1%20%28346%29&DeviceName=SM-G955N&Resolution=720x1280&OSVersion=Android%204.4.2&CarrierName=T-Mobile&.a&.c&AQE=1
I/System.out(20094): body:<bw: java.net.HttpURLConnection a(java.lang.String)>	sig:$r0 = virtualinvoke $r1.<java.net.URL: java.lang.String getProtocol()>()	timediff:0
I/System.out(20094): body:<bw: java.net.HttpURLConnection a(java.lang.String)>	sig:$r2 = virtualinvoke $r1.<java.net.URL: java.net.URLConnection openConnection()>()	timediff:0
I/System.out(20094): body:<bw: boolean a(java.lang.String,java.util.Map)>	sig:virtualinvoke $r3.<java.net.HttpURLConnection: void setConnectTimeout(int)>(5000)	timediff:0
I/System.out(20094): body:<bw: boolean a(java.lang.String,java.util.Map)>	sig:virtualinvoke $r3.<java.net.HttpURLConnection: void setReadTimeout(int)>(5000)	timediff:0
I/System.out(20094): body:<bw: boolean a(java.lang.String,java.util.Map)>	sig:virtualinvoke $r3.<java.net.HttpURLConnection: void setRequestProperty(java.lang.String,java.lang.String)>($r9, $r8)	timediff:0
I/System.out(20094): body:<bw: boolean a(java.lang.String,java.util.Map)>	sig:virtualinvoke $r3.<java.net.HttpURLConnection: void setRequestProperty(java.lang.String,java.lang.String)>($r9, $r8)	timediff:0
V/InputMethodService(  621): onEvaluateInputViewShown: config.hardKeyboardHidden = 1
W/ContextImpl(  483): Calling a method in the system process without a qualified user: android.app.ContextImpl.sendBroadcast:1123 com.android.server.InputMethodManagerService.showCurrentInputLocked:1791 com.android.server.InputMethodManagerService.attachNewInputLocked:1095 com.android.server.InputMethodManagerService.startInputUncheckedLocked:1166 com.android.server.InputMethodManagerService.startInputLocked:1128 
W/ViewRootImpl(20094): Dropping event due to no window focus: KeyEvent { action=ACTION_DOWN, keyCode=KEYCODE_DPAD_UP, scanCode=0, metaState=0, flags=0x8, repeatCount=0, eventTime=12190042, downTime=12190042, deviceId=-1, source=0x101 }
W/ViewRootImpl(20094): Dropping event due to no window focus: KeyEvent { action=ACTION_DOWN, keyCode=KEYCODE_DPAD_UP, scanCode=0, metaState=0, flags=0x8, repeatCount=0, eventTime=12190046, downTime=12190046, deviceId=-1, source=0x101 }
W/ViewRootImpl(20094): Dropping event due to no window focus: KeyEvent { action=ACTION_DOWN, keyCode=KEYCODE_MENU, scanCode=0, metaState=0, flags=0x8, repeatCount=0, eventTime=12190046, downTime=12190046, deviceId=-1, source=0x101 }
W/ViewRootImpl(20094): Dropping event due to no window focus: KeyEvent { action=ACTION_DOWN, keyCode=KEYCODE_MENU, scanCode=0, metaState=0, flags=0x8, repeatCount=0, eventTime=12190047, downTime=12190047, deviceId=-1, source=0x101 }
V/InputMethodService(  621): onEvaluateInputViewShown: config.hardKeyboardHidden = 1
V/InputMethodService(  621): onEvaluateInputViewShown: config.hardKeyboardHidden = 1
W/InputMethodManagerService(  483): Window already focused, ignoring focus gain of: com.android.internal.view.IInputMethodClient$Stub$Proxy@4ae30268 attribute=android.view.inputmethod.EditorInfo@4ae6b5d4, token = android.os.BinderProxy@4a98bc4c
W/ContextImpl(  483): Calling a method in the system process without a qualified user: android.app.ContextImpl.sendBroadcast:1123 com.android.server.InputMethodManagerService.showCurrentInputLocked:1791 com.android.server.InputMethodManagerService.attachNewInputLocked:1095 com.android.server.InputMethodManagerService.startInputUncheckedLocked:1166 com.android.server.InputMethodManagerService.windowGainedFocus:1932 
W/ContextImpl(  483): Calling a method in the system process without a qualified user: android.app.ContextImpl.sendBroadcast:1123 com.android.server.InputMethodManagerService.showCurrentInputLocked:1791 com.android.server.InputMethodManagerService.attachNewInputLocked:1095 com.android.server.InputMethodManagerService.startInputUncheckedLocked:1166 com.android.server.InputMethodManagerService.startInputLocked:1128 
I/ActivityManager(  483): START u0 {act=android.intent.action.MAIN cat=[android.intent.category.LAUNCHER] flg=0x10200000 cmp=com.bluebird.mobile/com.serve.platform.wrapper.tLauncher} from pid 20084
V/InputMethodService(  621): onEvaluateInputViewShown: config.hardKeyboardHidden = 1
W/ContextImpl(  483): Calling a method in the system process without a qualified user: android.app.ContextImpl.sendBroadcast:1123 com.android.server.InputMethodManagerService.showCurrentInputLocked:1791 com.android.server.InputMethodManagerService.showSoftInput:1753 com.android.internal.view.IInputMethodManager$Stub.onTransact:175 com.android.server.InputMethodManagerService.onTransact:818 
V/InputMethodService(  621): onEvaluateInputViewShown: config.hardKeyboardHidden = 1
W/ContextImpl(  483): Calling a method in the system process without a qualified user: android.app.ContextImpl.sendBroadcast:1123 com.android.server.InputMethodManagerService.showCurrentInputLocked:1791 com.android.server.InputMethodManagerService.showSoftInput:1753 com.android.internal.view.IInputMethodManager$Stub.onTransact:175 com.android.server.InputMethodManagerService.onTransact:818 
I/ActivityManager(  483): START u0 {act=android.intent.action.MAIN cat=[android.intent.category.LAUNCHER] flg=0x10200000 cmp=com.bluebird.mobile/com.serve.platform.wrapper.tLauncher} from pid 20084
I/System.out(20094): body:<bw: boolean a(java.lang.String,java.util.Map)>	sig:$r12 = virtualinvoke $r3.<java.net.HttpURLConnection: java.io.InputStream getInputStream()>()	timediff:126
I/System.out(20094): body:<empirical.HelperClass: void printURLInfo(java.lang.String,java.lang.String,java.net.URLConnection)>	sig:$r0 = virtualinvoke urlConnection.<java.net.URLConnection: java.net.URL getURL()>()	timediff:0
I/System.out(20094): body:<empirical.HelperClass: void printURLInfo(java.lang.String,java.lang.String,java.net.URLConnection)>	sig:urlString = virtualinvoke $r0.<java.net.URL: java.lang.String toString()>()	timediff:0
I/System.out(20094): body:<empirical.HelperClass: void printURLInfo(java.lang.String,java.lang.String,java.net.URLConnection)>	sig:isDoOutput = virtualinvoke urlConnection.<java.net.URLConnection: boolean getDoOutput()>()	timediff:0
I/System.out(20094): body:<empirical.HelperClass: java.lang.String getHeaderField(java.net.URLConnection,java.lang.String)>	sig:data = virtualinvoke conn.<java.net.URLConnection: java.lang.String getHeaderField(java.lang.String)>(field)	timediff:0
I/System.out(20094): body:<empirical.HelperClass: java.lang.String getHeaderField(java.net.URLConnection,java.lang.String)>	sig:data = virtualinvoke conn.<java.net.URLConnection: java.lang.String getHeaderField(java.lang.String)>(field)	timediff:0
I/System.out(20094): body:<empirical.HelperClass: java.lang.String getHeaderField(java.net.URLConnection,java.lang.String)>	sig:data = virtualinvoke conn.<java.net.URLConnection: java.lang.String getHeaderField(java.lang.String)>(field)	timediff:0
I/System.out(20094): body:<empirical.HelperClass: java.lang.String getHeaderField(java.net.URLConnection,java.lang.String)>	sig:data = virtualinvoke conn.<java.net.URLConnection: java.lang.String getHeaderField(java.lang.String)>(field)	timediff:0
I/System.out(20094): body:<empirical.HelperClass: java.lang.String getHeaderField(java.net.URLConnection,java.lang.String)>	sig:data = virtualinvoke conn.<java.net.URLConnection: java.lang.String getHeaderField(java.lang.String)>(field)	timediff:0
I/System.out(20094): URLConn;%;2;%;<bw: boolean a(java.lang.String,java.util.Map)>;%;$r12 = virtualinvoke $r3.<java.net.HttpURLConnection: java.io.InputStream getInputStream()>();%;https://omns.americanexpress.com/b/ss/amexbluebirdmobappprod/0/JAVA-4.1.1-AN/s58676004?AQB=1&ndh=1&pe=lnk_o&pev2=AMACTION%3AClick%20Action&pageName=My%20Bluebird%203.100.0.1%20%28346%29&t=00%2F00%2F0000%2000%3A00%3A00%200%20420&aid=2D6B609D05031E1E-40001186600011B4&ce=UTF-8&c.&omn.&tlsversion=TLSv1.2&.omn&a.&action=Click%20Action&AppID=My%20Bluebird%203.100.0.1%20%28346%29&DeviceName=SM-G955N&Resolution=720x1280&OSVersion=Android%204.4.2&CarrierName=T-Mobile&.a&.c&AQE=1;%;false;%;1;%;no-cache, no-store, max-age=0, no-transform, private;%;Tue, 17 Apr 2018 03:53:31 GMT;%;Not found;%;Not found
I/System.out(20094): body:<bw: boolean a(java.lang.String,java.util.Map)>	sig:virtualinvoke $r3.<java.net.HttpURLConnection: int getResponseCode()>()	timediff:0
I/System.out(20094): body:<bw: boolean a(java.lang.String,java.util.Map)>	sig:virtualinvoke $r3.<java.net.HttpURLConnection: void disconnect()>()	timediff:0
V/InputMethodService(  621): onEvaluateInputViewShown: config.hardKeyboardHidden = 1
W/ContextImpl(  483): Calling a method in the system process without a qualified user: android.app.ContextImpl.sendBroadcast:1123 com.android.server.InputMethodManagerService.showCurrentInputLocked:1791 com.android.server.InputMethodManagerService.attachNewInputLocked:1095 com.android.server.InputMethodManagerService.startInputUncheckedLocked:1166 com.android.server.InputMethodManagerService.startInputLocked:1128 
V/InputMethodService(  621): onEvaluateInputViewShown: config.hardKeyboardHidden = 1
W/ContextImpl(  483): Calling a method in the system process without a qualified user: android.app.ContextImpl.sendBroadcast:1123 com.android.server.InputMethodManagerService.showCurrentInputLocked:1791 com.android.server.InputMethodManagerService.attachNewInputLocked:1095 com.android.server.InputMethodManagerService.startInputUncheckedLocked:1166 com.android.server.InputMethodManagerService.startInputLocked:1128 
V/InputMethodService(  621): onEvaluateInputViewShown: config.hardKeyboardHidden = 1
V/InputMethodService(  621): onEvaluateInputViewShown: config.hardKeyboardHidden = 1
W/ContextImpl(  483): Calling a method in the system process without a qualified user: android.app.ContextImpl.sendBroadcast:1123 com.android.server.InputMethodManagerService.showCurrentInputLocked:1791 com.android.server.InputMethodManagerService.attachNewInputLocked:1095 com.android.server.InputMethodManagerService.startInputUncheckedLocked:1166 com.android.server.InputMethodManagerService.startInputLocked:1128 
W/ContextImpl(  483): Calling a method in the system process without a qualified user: android.app.ContextImpl.sendBroadcast:1123 com.android.server.InputMethodManagerService.showCurrentInputLocked:1791 com.android.server.InputMethodManagerService.attachNewInputLocked:1095 com.android.server.InputMethodManagerService.startInputUncheckedLocked:1166 com.android.server.InputMethodManagerService.startInputLocked:1128 
I/ActivityManager(  483): START u0 {act=android.intent.action.MAIN cat=[android.intent.category.LAUNCHER] flg=0x10200000 cmp=com.bluebird.mobile/com.serve.platform.wrapper.tLauncher} from pid 20084
V/InputMethodService(  621): onEvaluateInputViewShown: config.hardKeyboardHidden = 1
V/PanelView(  538): animationTick called with dtms=0; nothing to do (h=0.0 v=-0.0)
W/ContextImpl(  483): Calling a method in the system process without a qualified user: android.app.ContextImpl.sendBroadcast:1123 com.android.server.InputMethodManagerService.showCurrentInputLocked:1791 com.android.server.InputMethodManagerService.showSoftInput:1753 com.android.internal.view.IInputMethodManager$Stub.onTransact:175 com.android.server.InputMethodManagerService.onTransact:818 
V/InputMethodService(  621): onEvaluateInputViewShown: config.hardKeyboardHidden = 1
W/ContextImpl(  483): Calling a method in the system process without a qualified user: android.app.ContextImpl.sendBroadcast:1123 com.android.server.InputMethodManagerService.showCurrentInputLocked:1791 com.android.server.InputMethodManagerService.attachNewInputLocked:1095 com.android.server.InputMethodManagerService.startInputUncheckedLocked:1166 com.android.server.InputMethodManagerService.startInputLocked:1128 
V/InputMethodService(  621): onEvaluateInputViewShown: config.hardKeyboardHidden = 1
W/ContextImpl(  483): Calling a method in the system process without a qualified user: android.app.ContextImpl.sendBroadcast:1123 com.android.server.InputMethodManagerService.showCurrentInputLocked:1791 com.android.server.InputMethodManagerService.attachNewInputLocked:1095 com.android.server.InputMethodManagerService.startInputUncheckedLocked:1166 com.android.server.InputMethodManagerService.startInputLocked:1128 
I/ActivityManager(  483): START u0 {act=android.intent.action.CALL_BUTTON flg=0x10000000} from pid 20094
W/PhoneFallbackEventHandler(20094): No activity found for android.intent.action.CALL_BUTTON.
V/InputMethodService(  621): onEvaluateInputViewShown: config.hardKeyboardHidden = 1
W/ContextImpl(  483): Calling a method in the system process without a qualified user: android.app.ContextImpl.sendBroadcast:1123 com.android.server.InputMethodManagerService.showCurrentInputLocked:1791 com.android.server.InputMethodManagerService.attachNewInputLocked:1095 com.android.server.InputMethodManagerService.startInputUncheckedLocked:1166 com.android.server.InputMethodManagerService.startInputLocked:1128 
V/InputMethodService(  621): onEvaluateInputViewShown: config.hardKeyboardHidden = 1
W/ContextImpl(  483): Calling a method in the system process without a qualified user: android.app.ContextImpl.sendBroadcast:1123 com.android.server.InputMethodManagerService.showCurrentInputLocked:1791 com.android.server.InputMethodManagerService.attachNewInputLocked:1095 com.android.server.InputMethodManagerService.startInputUncheckedLocked:1166 com.android.server.InputMethodManagerService.startInputLocked:1128 
V/InputMethodService(  621): onEvaluateInputViewShown: config.hardKeyboardHidden = 1
D/dalvikvm(  621): GC_CONCURRENT freed 419K, 15% free 3052K/3560K, paused 1ms+0ms, total 2ms
V/InputMethodService(  621): onEvaluateInputViewShown: config.hardKeyboardHidden = 1
W/ContextImpl(  483): Calling a method in the system process without a qualified user: android.app.ContextImpl.sendBroadcast:1123 com.android.server.InputMethodManagerService.showCurrentInputLocked:1791 com.android.server.InputMethodManagerService.attachNewInputLocked:1095 com.android.server.InputMethodManagerService.startInputUncheckedLocked:1166 com.android.server.InputMethodManagerService.startInputLocked:1128 
W/ContextImpl(  483): Calling a method in the system process without a qualified user: android.app.ContextImpl.sendBroadcast:1123 com.android.server.InputMethodManagerService.showCurrentInputLocked:1791 com.android.server.InputMethodManagerService.showSoftInput:1753 com.android.internal.view.IInputMethodManager$Stub.onTransact:175 com.android.server.InputMethodManagerService.onTransact:818 
V/InputMethodService(  621): onEvaluateInputViewShown: config.hardKeyboardHidden = 1
W/ContextImpl(  483): Calling a method in the system process without a qualified user: android.app.ContextImpl.sendBroadcast:1123 com.android.server.InputMethodManagerService.showCurrentInputLocked:1791 com.android.server.InputMethodManagerService.showSoftInput:1753 com.android.internal.view.IInputMethodManager$Stub.onTransact:175 com.android.server.InputMethodManagerService.onTransact:818 
V/InputMethodService(  621): onEvaluateInputViewShown: config.hardKeyboardHidden = 1
W/ContextImpl(  483): Calling a method in the system process without a qualified user: android.app.ContextImpl.sendBroadcast:1123 com.android.server.InputMethodManagerService.showCurrentInputLocked:1791 com.android.server.InputMethodManagerService.attachNewInputLocked:1095 com.android.server.InputMethodManagerService.startInputUncheckedLocked:1166 com.android.server.InputMethodManagerService.startInputLocked:1128 
V/InputMethodService(  621): onEvaluateInputViewShown: config.hardKeyboardHidden = 1
W/ContextImpl(  483): Calling a method in the system process without a qualified user: android.app.ContextImpl.sendBroadcast:1123 com.android.server.InputMethodManagerService.showCurrentInputLocked:1791 com.android.server.InputMethodManagerService.attachNewInputLocked:1095 com.android.server.InputMethodManagerService.startInputUncheckedLocked:1166 com.android.server.InputMethodManagerService.startInputLocked:1128 
W/dalvikvm(20094): VFY: branch offset of zero not allowed at 0
W/dalvikvm(20094): VFY:  rejected Lcom/serve/sdk/wire/subclasses/Feature;.getWireErrors ()Ljava/util/List;
W/dalvikvm(20094): VFY:  rejecting opcode 0x28 at 0x0000
W/dalvikvm(20094): VFY:  rejected Lcom/serve/sdk/wire/subclasses/Feature;.getWireErrors ()Ljava/util/List;
W/dalvikvm(20094): Verifier rejected class Lcom/serve/sdk/wire/subclasses/Feature;
W/dalvikvm(20094): threadid=16: thread exiting with uncaught exception (group=0x94c45b20)
W/System.err(20094): java.lang.VerifyError: com/serve/sdk/wire/subclasses/Feature
W/System.err(20094): 	at com.serve.sdk.wire.subclasses.Feature$Builder.build(SourceFile:174)
W/System.err(20094): 	at com.serve.sdk.wire.subclasses.Feature$Builder.build(SourceFile:133)
W/System.err(20094): 	at com.squareup.wire.MessageAdapter.read(SourceFile:562)
W/System.err(20094): 	at com.squareup.wire.MessageAdapter.readMessage(SourceFile:663)
W/System.err(20094): 	at com.squareup.wire.MessageAdapter.readValue(SourceFile:646)
W/System.err(20094): 	at com.squareup.wire.MessageAdapter.read(SourceFile:602)
W/System.err(20094): 	at com.squareup.wire.Wire.parseFrom(SourceFile:167)
W/System.err(20094): 	at com.squareup.wire.Wire.parseFrom(SourceFile:124)
W/System.err(20094): 	at com.serve.sdk.SimpleAPIExecutor.getResponseObject(SourceFile:56)
W/System.err(20094): 	at com.serve.sdk.SimpleAPIExecutor.access$200(SourceFile:32)
W/System.err(20094): 	at com.serve.sdk.SimpleAPIExecutor$Execute.run(SourceFile:226)
W/System.err(20094): 	at java.util.concurrent.ThreadPoolExecutor.runWorker(ThreadPoolExecutor.java:1112)
W/System.err(20094): 	at java.util.concurrent.ThreadPoolExecutor$Worker.run(ThreadPoolExecutor.java:587)
W/System.err(20094): 	at java.lang.Thread.run(Thread.java:841)
I/ActivityManager(  483): START u0 {act=com.bluebird.mobile.SEND_EXCEPTION_TO_SERVER flg=0x14008000 cmp=com.bluebird.mobile/com.serve.platform.ExceptionReceiver (has extras)} from pid 20094
I/AndroidRuntime(20094): VM exiting with result code 0, cleanup skipped.
W/NetworkManagementSocketTagger(  483): setKernelCountSet(10072, 0) failed with errno -13
I/WindowState(  483): WIN DEATH: Window{4ae70abc u0 com.bluebird.mobile/com.serve.platform.wrapper.tLoginActivityQuickBalance}
I/ActivityManager(  483): Process com.bluebird.mobile (pid 20094) has died.
W/NetworkManagementSocketTagger(  483): setKernelCountSet(10072, 1) failed with errno -13
I/dalvikvm(20169): ignoring registerObject request in thread=1
I/dalvikvm(20169): ignoring registerObject request in thread=1
