--------- beginning of /dev/log/main
I/Icing   (  714): Indexing F4FAA6262FE39DDD50BAE6B7AF5CDB8D73BA0DB0 from com.google.android.gms
I/Icing   (  714): Indexing done F4FAA6262FE39DDD50BAE6B7AF5CDB8D73BA0DB0
I/WearableService(  645): Wearable Services stopping
I/ContentMaintenance(  714): Pruning caches...
I/ContentMaintenance(  714): Internal cache bytes used: 0; limit: 100000000; download size: 0
I/ContentMaintenance(  714): Cache pruning complete.
I/ContentMaintenance(  714): Beginning garbage collection.
I/RealtimeCacheCleanup(  714): Beginning Realtime garbage collection.
I/RealtimeCacheCleanup(  714): Finished Realtime garbage collection.
I/ContentMaintenance(  714): Finished garbage collection.
D/AndroidRuntime(23596): 
D/AndroidRuntime(23596): >>>>>> AndroidRuntime START com.android.internal.os.RuntimeInit <<<<<<
D/AndroidRuntime(23596): CheckJNI is OFF
D/dalvikvm(23596): Using executionMode 2
D/dalvikvm(23596): Trying to load lib libjavacore.so 0x0
D/dalvikvm(23596): Added shared lib libjavacore.so 0x0
D/dalvikvm(23596): Trying to load lib libnativehelper.so 0x0
D/dalvikvm(23596): Added shared lib libnativehelper.so 0x0
D/dalvikvm(23596): No JNI_OnLoad found in libnativehelper.so 0x0, skipping init
D/dalvikvm(23596): Note: class Landroid/app/ActivityManagerNative; has 179 unimplemented (abstract) methods
E/memtrack(23596): Couldn't load memtrack module (No such file or directory)
E/android.os.Debug(23596): failed to load memtrack module: -2
D/AndroidRuntime(23596): Calling main entry com.android.commands.monkey.Monkey
--------- beginning of /dev/log/system
W/BroadcastQueue(  483): Skipping deliver [background] BroadcastRecord{4af49a28 u-1 android.net.conn.CONNECTIVITY_CHANGE} to ReceiverList{4af0468c 23596 (unknown name)/0/u-1 remote:4ae1d624}: process crashing
I/ActivityManager(  483): START u0 {act=android.intent.action.MAIN cat=[android.intent.category.LAUNCHER] flg=0x10200000 cmp=com.mobileapp.android.rapid/com.mobile.activity.LoginActivity} from pid 23596
I/ActivityManager(  483): Start proc com.mobileapp.android.rapid for activity com.mobileapp.android.rapid/com.mobile.activity.LoginActivity: pid=23606 uid=10082 gids={50082, 3003}
E/SurfaceFlinger(  163): glCheckFramebufferStatusOES error 36054
E/SurfaceFlinger(  163): got GL_FRAMEBUFFER_COMPLETE_OES error while taking screenshot
D/SurfaceFlinger(  163): setOrientation, mFbdev=0xb7da6050, mFbDev->setOrientation=0xb696ace0, orientation=3
I/gralloc_nox(  163): setOrientation: orientation=3
I/ActivityManager(  483): Config changes=480 {1.0 310mcc16mnc en_US ldltr sw480dp w480dp h828dp 240dpi lrg long port finger -keyb/v/h dpad/v s.74}
D/Tinker.DefaultAppLike(  674): onConfigurationChanged:{1.0 310mcc16mnc en_US ldltr sw480dp w480dp h828dp 240dpi lrg long port finger -keyb/v/h dpad/v s.74}
D/PhoneStatusBar(  538): mSettingsPanelGravity = 55
D/Sensors (  483): Client connection accepted (202)
W/NetworkManagementSocketTagger(  483): setKernelCountSet(10082, 1) failed with errno -13
I/InputReader(  483): Reconfiguring input devices.  changes=0x00000004
I/InputReader(  483): Device reconfigured: id=1, name='seamless mouse', size 1280x720, orientation 3, mode 1, display id 0
I/InputReader(  483): Device reconfigured: id=3, name='Android Input', size 1280x720, orientation 3, mode 1, display id 0
I/InputReader(  483): Device reconfigured: id=8, name='VirtualBox USB Tablet', size 1280x720, orientation 3, mode 1, display id 0
I/dalvikvm(23606): ignoring registerObject request in thread=1
I/dalvikvm(23606): ignoring registerObject request in thread=1
I/FirebaseInitProvider(23606): FirebaseApp initialization unsuccessful
W/Settings(23606): Setting http_proxy has moved from android.provider.Settings.System to android.provider.Settings.Secure, value is unchanged.
D/dalvikvm(23606): JIT code cache reset in 0 ms (0 bytes 1/0)
D/dalvikvm(23606): GC_CONCURRENT freed 198K, 9% free 3019K/3304K, paused 1ms+2ms, total 5ms
D/dalvikvm(23606): WAIT_FOR_CONCURRENT_GC blocked 4ms
I/dalvikvm-heap(23606): Grow heap (frag case) to 3.634MB for 635808-byte allocation
D/dalvikvm(23606): GC_CONCURRENT freed <1K, 8% free 3640K/3928K, paused 1ms+0ms, total 4ms
D/dalvikvm(23606): WAIT_FOR_CONCURRENT_GC blocked 3ms
D/dalvikvm(23606): GC_FOR_ALLOC freed <1K, 8% free 3640K/3928K, paused 2ms, total 2ms
I/dalvikvm-heap(23606): Grow heap (frag case) to 4.221MB for 614412-byte allocation
D/dalvikvm(23606): GC_FOR_ALLOC freed <1K, 7% free 4240K/4532K, paused 2ms, total 2ms
I/Finsky  ( 1039): [1] com.google.android.finsky.ch.a.onTrimMemory(5): Memory trim requested to level 20
I/Finsky  ( 1039): [1] com.google.android.finsky.ch.a.onTrimMemory(11): Flushing in-memory image cache
D/dalvikvm(23606): GC_CONCURRENT freed 21K, 7% free 4247K/4532K, paused 0ms+0ms, total 2ms
V/WebViewChromium(23606): Binding Chromium to the background looper Looper (main, tid 1) {4a786e38}
I/chromium(23606): [INFO:library_loader_hooks.cc(112)] Chromium logging enabled: level = 0, default verbosity = 0
I/BrowserProcessMain(23606): Initializing chromium process, renderers=0
W/NetworkManagementSocketTagger(  483): setKernelCountSet(10012, 0) failed with errno -13
W/chromium(23606): [WARNING:proxy_service.cc(888)] PAC support disabled because there is no system implementation
W/EGL_emulation(  538): eglSurfaceAttrib not implemented 3093 12436
D/libEGL  (23606): loaded /system/lib/egl/libEGL_adreno.so
D/        (23606): HostConnection::get() New Host Connection established 0xb8d28000, tid 23606
D/libEGL  (23606): loaded /system/lib/egl/libGLESv1_CM_adreno.so
D/libEGL  (23606): loaded /system/lib/egl/libGLESv2_adreno.so
D/dalvikvm(23606): GC_FOR_ALLOC freed 26K, 6% free 4299K/4532K, paused 2ms, total 2ms
I/dalvikvm-heap(23606): Grow heap (frag case) to 6.859MB for 2706828-byte allocation
D/dalvikvm(23606): GC_CONCURRENT freed <1K, 4% free 6942K/7176K, paused 1ms+0ms, total 3ms
D/dalvikvm(23606): GC_FOR_ALLOC freed <1K, 4% free 6944K/7176K, paused 2ms, total 2ms
I/dalvikvm-heap(23606): Grow heap (frag case) to 8.331MB for 1541292-byte allocation
D/dalvikvm(23606): GC_CONCURRENT freed <1K, 3% free 8449K/8684K, paused 1ms+0ms, total 3ms
D/dalvikvm(23606): GC_FOR_ALLOC freed 12K, 2% free 8538K/8684K, paused 2ms, total 2ms
I/dalvikvm-heap(23606): Grow heap (frag case) to 10.961MB for 2668012-byte allocation
D/dalvikvm(23606): GC_CONCURRENT freed 1K, 2% free 11142K/11292K, paused 0ms+0ms, total 2ms
W/EGL_emulation(23606): eglSurfaceAttrib not implemented 3093 12436
D/OpenGLRenderer(23606): Enabling debug mode 0
W/IInputConnectionWrapper(22282): showStatusIcon on inactive InputConnection
I/ActivityManager(  483): Displayed com.mobileapp.android.rapid/com.mobile.activity.LoginActivity: +417ms (total +16s360ms)
I/chromium(23606): [INFO:simple_index_file.cc(397)] Simple Cache Index is being restored from disk.
I/WindowManager(  483): Screen frozen for +423ms due to Window{4abccff0 u0 Starting com.mobileapp.android.rapid}
W/ContextImpl(  483): Calling a method in the system process without a qualified user: android.app.ContextImpl.sendBroadcast:1123 com.android.server.InputMethodManagerService.showCurrentInputLocked:1791 com.android.server.InputMethodManagerService.showSoftInput:1753 com.android.internal.view.IInputMethodManager$Stub.onTransact:175 com.android.server.InputMethodManagerService.onTransact:818 
V/InputMethodService(  621): onEvaluateInputViewShown: config.hardKeyboardHidden = 2
V/InputMethodService(  621): onEvaluateInputViewShown: config.hardKeyboardHidden = 2
W/NetworkManagementSocketTagger(  483): setKernelCountSet(10007, 0) failed with errno -13
W/System.err(23606): java.lang.NullPointerException
W/System.err(23606): 	at com.fsv.portal.util.NetworkCall.isUserEligible(NetworkCall.java:290)
W/System.err(23606): 	at com.mobile.activity.LoginActivity$isEligible.doInBackground(LoginActivity.java:994)
W/System.err(23606): 	at com.mobile.activity.LoginActivity$isEligible.doInBackground(LoginActivity.java:987)
W/System.err(23606): 	at android.os.AsyncTask$2.call(AsyncTask.java:288)
W/System.err(23606): 	at java.util.concurrent.FutureTask.run(FutureTask.java:237)
W/System.err(23606): 	at android.os.AsyncTask$SerialExecutor$1.run(AsyncTask.java:231)
W/System.err(23606): 	at java.util.concurrent.ThreadPoolExecutor.runWorker(ThreadPoolExecutor.java:1112)
W/System.err(23606): 	at java.util.concurrent.ThreadPoolExecutor$Worker.run(ThreadPoolExecutor.java:587)
W/System.err(23606): 	at java.lang.Thread.run(Thread.java:841)
W/ViewRootImpl(23606): Dropping event due to no window focus: KeyEvent { action=ACTION_DOWN, keyCode=KEYCODE_DPAD_LEFT, scanCode=0, metaState=0, flags=0x8, repeatCount=0, eventTime=12358832, downTime=12358832, deviceId=-1, source=0x101 }
W/EGL_emulation(23606): eglSurfaceAttrib not implemented 3093 12436
W/ContextImpl(  483): Calling a method in the system process without a qualified user: android.app.ContextImpl.sendBroadcast:1123 com.android.server.InputMethodManagerService.hideCurrentInputLocked:1880 com.android.server.InputMethodManagerService.windowGainedFocus:1968 com.android.internal.view.IInputMethodManager$Stub.onTransact:221 com.android.server.InputMethodManagerService.onTransact:818 
I/ActivityManager(  483): START u0 {act=android.intent.action.MAIN cat=[android.intent.category.HOME] flg=0x10200000 cmp=com.vphone.launcher/.Launcher} from pid 483
W/SurfaceFlinger(  163): FB is protected: PERMISSION_DENIED
W/SurfaceFlinger(  163): FB is protected: PERMISSION_DENIED
W/WindowManager(  483): Screenshot failure taking screenshot for (437x246) to layer 21030
W/WindowManager(  483): Screenshot failure taking screenshot for (437x246) to layer 21030
W/InputEventReceiver(23606): Attempted to finish an input event but the input event receiver has already been disposed.
W/ContextImpl(  483): Calling a method in the system process without a qualified user: android.app.ContextImpl.sendBroadcast:1123 com.android.server.InputMethodManagerService.hideCurrentInputLocked:1880 com.android.server.InputMethodManagerService.windowGainedFocus:1968 com.android.internal.view.IInputMethodManager$Stub.onTransact:221 com.android.server.InputMethodManagerService.onTransact:818 
I/ActivityManager(  483): START u0 {act=android.intent.action.MAIN cat=[android.intent.category.LAUNCHER] flg=0x10200000 cmp=com.mobileapp.android.rapid/com.mobile.activity.LoginActivity} from pid 23596
W/UnimplementedWebViewApi(23606): Unimplemented WebView method onKeyMultiple called from: android.webkit.WebView.onKeyMultiple(WebView.java:2179)
W/UnimplementedWebViewApi(23606): Unimplemented WebView method onKeyDown called from: android.webkit.WebView.onKeyDown(WebView.java:2169)
W/UnimplementedWebViewApi(23606): Unimplemented WebView method onKeyDown called from: android.webkit.WebView.onKeyDown(WebView.java:2169)
W/UnimplementedWebViewApi(23606): Unimplemented WebView method onKeyDown called from: android.webkit.WebView.onKeyDown(WebView.java:2169)
W/UnimplementedWebViewApi(23606): Unimplemented WebView method onKeyMultiple called from: android.webkit.WebView.onKeyMultiple(WebView.java:2179)
W/UnimplementedWebViewApi(23606): Unimplemented WebView method onKeyDown called from: android.webkit.WebView.onKeyDown(WebView.java:2169)
W/ContextImpl(  483): Calling a method in the system process without a qualified user: android.app.ContextImpl.sendBroadcast:1123 com.android.server.InputMethodManagerService.showCurrentInputLocked:1791 com.android.server.InputMethodManagerService.showSoftInput:1753 com.android.internal.view.IInputMethodManager$Stub.onTransact:175 com.android.server.InputMethodManagerService.onTransact:818 
V/InputMethodService(  621): onEvaluateInputViewShown: config.hardKeyboardHidden = 2
V/InputMethodService(  621): onEvaluateInputViewShown: config.hardKeyboardHidden = 2
V/InputMethodService(  621): onEvaluateInputViewShown: config.hardKeyboardHidden = 2
V/InputMethodService(  621): onEvaluateInputViewShown: config.hardKeyboardHidden = 2
W/ContextImpl(  483): Calling a method in the system process without a qualified user: android.app.ContextImpl.sendBroadcast:1123 com.android.server.InputMethodManagerService.showCurrentInputLocked:1791 com.android.server.InputMethodManagerService.attachNewInputLocked:1095 com.android.server.InputMethodManagerService.startInputUncheckedLocked:1166 com.android.server.InputMethodManagerService.startInputLocked:1128 
W/ContextImpl(  483): Calling a method in the system process without a qualified user: android.app.ContextImpl.sendBroadcast:1123 com.android.server.InputMethodManagerService.showCurrentInputLocked:1791 com.android.server.InputMethodManagerService.attachNewInputLocked:1095 com.android.server.InputMethodManagerService.startInputUncheckedLocked:1166 com.android.server.InputMethodManagerService.startInputLocked:1128 
W/ContextImpl(  483): Calling a method in the system process without a qualified user: android.app.ContextImpl.sendBroadcast:1123 com.android.server.InputMethodManagerService.showCurrentInputLocked:1791 com.android.server.InputMethodManagerService.showSoftInput:1753 com.android.internal.view.IInputMethodManager$Stub.onTransact:175 com.android.server.InputMethodManagerService.onTransact:818 
V/InputMethodService(  621): onEvaluateInputViewShown: config.hardKeyboardHidden = 2
V/InputMethodService(  621): onEvaluateInputViewShown: config.hardKeyboardHidden = 2
V/InputMethodService(  621): onEvaluateInputViewShown: config.hardKeyboardHidden = 2
V/InputMethodService(  621): onEvaluateInputViewShown: config.hardKeyboardHidden = 2
W/ViewRootImpl(23606): Dropping event due to no window focus: KeyEvent { action=ACTION_DOWN, keyCode=KEYCODE_DEL, scanCode=0, metaState=0, flags=0x8, repeatCount=0, eventTime=12359198, downTime=12359198, deviceId=-1, source=0x101 }
V/InputMethodService(  621): onEvaluateInputViewShown: config.hardKeyboardHidden = 2
V/InputMethodService(  621): onEvaluateInputViewShown: config.hardKeyboardHidden = 2
W/ContextImpl(  483): Calling a method in the system process without a qualified user: android.app.ContextImpl.sendBroadcast:1123 com.android.server.InputMethodManagerService.showCurrentInputLocked:1791 com.android.server.InputMethodManagerService.attachNewInputLocked:1095 com.android.server.InputMethodManagerService.startInputUncheckedLocked:1166 com.android.server.InputMethodManagerService.startInputLocked:1128 
W/EGL_emulation(23606): eglSurfaceAttrib not implemented 3093 12436
W/ViewRootImpl(23606): Dropping event due to no window focus: KeyEvent { action=ACTION_DOWN, keyCode=KEYCODE_DPAD_RIGHT, scanCode=0, metaState=0, flags=0x8, repeatCount=0, eventTime=12359204, downTime=12359204, deviceId=-1, source=0x101 }
W/ViewRootImpl(23606): Dropping event due to no window focus: KeyEvent { action=ACTION_DOWN, keyCode=KEYCODE_COMMA, scanCode=0, metaState=0, flags=0x8, repeatCount=0, eventTime=12359243, downTime=12359243, deviceId=-1, source=0x101 }
W/InputEventReceiver(23606): Attempted to finish an input event but the input event receiver has already been disposed.
W/InputEventReceiver(23606): Attempted to finish an input event but the input event receiver has already been disposed.
W/InputEventReceiver(23606): Attempted to finish an input event but the input event receiver has already been disposed.
V/InputMethodService(  621): onEvaluateInputViewShown: config.hardKeyboardHidden = 2
V/InputMethodService(  621): onEvaluateInputViewShown: config.hardKeyboardHidden = 2
W/ViewRootImpl(23606): Dropping event due to root view being removed: MotionEvent { action=ACTION_UP, id[0]=0, x[0]=-28.543022, y[0]=-137.92987, toolType[0]=TOOL_TYPE_UNKNOWN, buttonState=0, metaState=0, flags=0x0, edgeFlags=0x0, pointerCount=1, historySize=0, eventTime=12359246, downTime=12359245, deviceId=0, source=0x1002 }
W/ViewRootImpl(23606): Dropping event due to root view being removed: MotionEvent { action=ACTION_DOWN, id[0]=0, x[0]=32.0, y[0]=338.0, toolType[0]=TOOL_TYPE_UNKNOWN, buttonState=0, metaState=0, flags=0x0, edgeFlags=0x0, pointerCount=1, historySize=0, eventTime=12359247, downTime=12359247, deviceId=0, source=0x1002 }
W/InputMethodManagerService(  483): Window already focused, ignoring focus gain of: com.android.internal.view.IInputMethodClient$Stub$Proxy@4acc7944 attribute=android.view.inputmethod.EditorInfo@4acbdadc, token = android.os.BinderProxy@4aa7e7b0
W/ContextImpl(  483): Calling a method in the system process without a qualified user: android.app.ContextImpl.sendBroadcast:1123 com.android.server.InputMethodManagerService.showCurrentInputLocked:1791 com.android.server.InputMethodManagerService.attachNewInputLocked:1095 com.android.server.InputMethodManagerService.startInputUncheckedLocked:1166 com.android.server.InputMethodManagerService.windowGainedFocus:1932 
W/ContextImpl(  483): Calling a method in the system process without a qualified user: android.app.ContextImpl.sendBroadcast:1123 com.android.server.InputMethodManagerService.showCurrentInputLocked:1791 com.android.server.InputMethodManagerService.attachNewInputLocked:1095 com.android.server.InputMethodManagerService.startInputUncheckedLocked:1166 com.android.server.InputMethodManagerService.startInputLocked:1128 
W/ContextImpl(  483): Calling a method in the system process without a qualified user: android.app.ContextImpl.sendBroadcast:1123 com.android.server.InputMethodManagerService.showCurrentInputLocked:1791 com.android.server.InputMethodManagerService.showSoftInput:1753 com.android.internal.view.IInputMethodManager$Stub.onTransact:175 com.android.server.InputMethodManagerService.onTransact:818 
V/InputMethodService(  621): onEvaluateInputViewShown: config.hardKeyboardHidden = 2
V/InputMethodService(  621): onEvaluateInputViewShown: config.hardKeyboardHidden = 2
V/InputMethodService(  621): onEvaluateInputViewShown: config.hardKeyboardHidden = 2
V/InputMethodService(  621): onEvaluateInputViewShown: config.hardKeyboardHidden = 2
V/InputMethodService(  621): onEvaluateInputViewShown: config.hardKeyboardHidden = 2
V/InputMethodService(  621): onEvaluateInputViewShown: config.hardKeyboardHidden = 2
W/ContextImpl(  483): Calling a method in the system process without a qualified user: android.app.ContextImpl.sendBroadcast:1123 com.android.server.InputMethodManagerService.showCurrentInputLocked:1791 com.android.server.InputMethodManagerService.showSoftInput:1753 com.android.internal.view.IInputMethodManager$Stub.onTransact:175 com.android.server.InputMethodManagerService.onTransact:818 
I/InputDispatcher(  483): Dropped event because of pending overdue app switch.
W/InputManager(  483): Input event injection from pid 23596 failed.
W/ViewRootImpl(23606): Dropping event due to no window focus: KeyEvent { action=ACTION_DOWN, keyCode=KEYCODE_MENU, scanCode=0, metaState=0, flags=0x8, repeatCount=0, eventTime=12359449, downTime=12359449, deviceId=-1, source=0x101 }
W/EGL_emulation(23606): eglSurfaceAttrib not implemented 3093 12436
W/InputMethodManagerService(  483): Window already focused, ignoring focus gain of: com.android.internal.view.IInputMethodClient$Stub$Proxy@4abeb91c attribute=null, token = android.os.BinderProxy@4aa7e7b0
V/InputMethodService(  621): onEvaluateInputViewShown: config.hardKeyboardHidden = 2
V/InputMethodService(  621): onEvaluateInputViewShown: config.hardKeyboardHidden = 2
W/ContextImpl(  483): Calling a method in the system process without a qualified user: android.app.ContextImpl.sendBroadcast:1123 com.android.server.InputMethodManagerService.showCurrentInputLocked:1791 com.android.server.InputMethodManagerService.showSoftInput:1753 com.android.internal.view.IInputMethodManager$Stub.onTransact:175 com.android.server.InputMethodManagerService.onTransact:818 
W/ContextImpl(  483): Calling a method in the system process without a qualified user: android.app.ContextImpl.sendBroadcast:1123 com.android.server.InputMethodManagerService.hideCurrentInputLocked:1880 com.android.server.InputMethodManagerService.hideMySoftInput:2299 com.android.internal.view.IInputMethodManager$Stub.onTransact:288 com.android.server.InputMethodManagerService.onTransact:818 
W/UnimplementedWebViewApi(23606): Unimplemented WebView method onKeyMultiple called from: android.webkit.WebView.onKeyMultiple(WebView.java:2179)
W/UnimplementedWebViewApi(23606): Unimplemented WebView method onKeyDown called from: android.webkit.WebView.onKeyDown(WebView.java:2169)
F/libc    (23665): Fatal signal 13 (SIGPIPE) at 0x00005c71 (code=0), thread 23665 (busybox)
W/ContextImpl(  483): Calling a method in the system process without a qualified user: android.app.ContextImpl.sendBroadcast:1123 com.android.server.InputMethodManagerService.showCurrentInputLocked:1791 com.android.server.InputMethodManagerService.showSoftInput:1753 com.android.internal.view.IInputMethodManager$Stub.onTransact:175 com.android.server.InputMethodManagerService.onTransact:818 
V/InputMethodService(  621): onEvaluateInputViewShown: config.hardKeyboardHidden = 2
V/InputMethodService(  621): onEvaluateInputViewShown: config.hardKeyboardHidden = 2
I/ActivityManager(  483): START u0 {act=android.intent.action.MAIN cat=[android.intent.category.HOME] flg=0x10200000 cmp=com.vphone.launcher/.Launcher} from pid 483
W/SurfaceFlinger(  163): FB is protected: PERMISSION_DENIED
V/InputMethodService(  621): onEvaluateInputViewShown: config.hardKeyboardHidden = 2
V/InputMethodService(  621): onEvaluateInputViewShown: config.hardKeyboardHidden = 2
W/WindowManager(  483): Screenshot failure taking screenshot for (437x246) to layer 21030
W/ContextImpl(  483): Calling a method in the system process without a qualified user: android.app.ContextImpl.sendBroadcast:1123 com.android.server.InputMethodManagerService.showCurrentInputLocked:1791 com.android.server.InputMethodManagerService.showSoftInput:1753 com.android.internal.view.IInputMethodManager$Stub.onTransact:175 com.android.server.InputMethodManagerService.onTransact:818 
W/SurfaceFlinger(  163): FB is protected: PERMISSION_DENIED
V/InputMethodService(  621): onEvaluateInputViewShown: config.hardKeyboardHidden = 2
V/InputMethodService(  621): onEvaluateInputViewShown: config.hardKeyboardHidden = 2
W/ContextImpl(  483): Calling a method in the system process without a qualified user: android.app.ContextImpl.sendBroadcast:1123 com.android.server.InputMethodManagerService.showCurrentInputLocked:1791 com.android.server.InputMethodManagerService.attachNewInputLocked:1095 com.android.server.InputMethodManagerService.startInputUncheckedLocked:1166 com.android.server.InputMethodManagerService.startInputLocked:1128 
W/WindowManager(  483): Screenshot failure taking screenshot for (437x246) to layer 21030
I/DEBUG   ( 7236): *** *** *** *** *** *** *** *** *** *** *** *** *** *** *** ***
I/DEBUG   ( 7236): Build fingerprint: 'samsung/SM-G955N/dream2lteks:4.4.2/NRD90M/381180401:user/release-keys'
I/DEBUG   ( 7236): Revision: '0'
I/DEBUG   ( 7236): pid: 23665, tid: 23665, name: busybox  >>> busybox <<<
I/DEBUG   ( 7236): signal 13 (SIGPIPE), code -6 (SI_TKILL), fault addr --------
I/DEBUG   ( 7236):     eax ffffffe0  ebx 00000001  ecx b7b92fd0  edx 00000002
I/DEBUG   ( 7236):     esi b75f4214  edi b7b92fd0
I/DEBUG   ( 7236):     xcs 00000073  xds 0000007b  xes 0000007b  xfs 00000000  xss 0000007b
I/DEBUG   ( 7236):     eip b758f456  ebp b75f4214  esp bfc52d00  flags 00000202
I/DEBUG   ( 7236): 
I/DEBUG   ( 7236): backtrace:
I/DEBUG   ( 7236):     #00  pc 0003c456  /system/lib/libc.so (write+22)
I/DEBUG   ( 7236):     #01  pc 0000bab7  <unknown>
I/DEBUG   ( 7236): 
I/DEBUG   ( 7236): stack:
I/DEBUG   ( 7236):          bfc52cc0  b7571fd7  /system/lib/libc.so (__swsetup+7)
I/DEBUG   ( 7236):          bfc52cc4  b75f4214  /system/lib/libc.so
I/DEBUG   ( 7236):          bfc52cc8  00000888  
I/DEBUG   ( 7236):          bfc52ccc  b759a6e7  /system/lib/libc.so
I/DEBUG   ( 7236):          bfc52cd0  b7b92fd1  [heap]
I/DEBUG   ( 7236):          bfc52cd4  b7b91920  [heap]
I/DEBUG   ( 7236):          bfc52cd8  00000001  
I/DEBUG   ( 7236):          bfc52cdc  b7565d4f  /system/lib/libc.so (dlmalloc+351)
I/DEBUG   ( 7236):          bfc52ce0  00000000  
I/DEBUG   ( 7236):          bfc52ce4  00000000  
I/DEBUG   ( 7236):          bfc52ce8  b7747b90  /system/bin/busybox
I/DEBUG   ( 7236):          bfc52cec  b7670cc7  /system/bin/busybox (next_token+359)
I/DEBUG   ( 7236):          bfc52cf0  b7b91921  [heap]
I/DEBUG   ( 7236):          bfc52cf4  00000001  
I/DEBUG   ( 7236):          bfc52cf8  bfc52d54  [stack]
I/DEBUG   ( 7236):          bfc52cfc  b75f3fcc  /system/lib/libc.so
I/DEBUG   ( 7236):     #00  bfc52d00  b7602ab8  
I/DEBUG   ( 7236):          bfc52d04  00001000  
I/DEBUG   ( 7236):          bfc52d08  b75f3fcc  /system/lib/libc.so
I/DEBUG   ( 7236):          bfc52d0c  b759af17  /system/lib/libc.so (__swrite+103)
I/DEBUG   ( 7236):          bfc52d10  00000001  
I/DEBUG   ( 7236):          bfc52d14  b7b92fd0  [heap]
I/DEBUG   ( 7236):          bfc52d18  00000002  
I/DEBUG   ( 7236):          bfc52d1c  b7570b33  /system/lib/libc.so (fputs+99)
I/DEBUG   ( 7236):          bfc52d20  b75f4214  /system/lib/libc.so
I/DEBUG   ( 7236):          bfc52d24  b75f3fcc  /system/lib/libc.so
I/DEBUG   ( 7236):          bfc52d28  00000002  
I/DEBUG   ( 7236):          bfc52d2c  b75990e9  /system/lib/libc.so (fflush+185)
I/DEBUG   ( 7236):          bfc52d30  b75f4214  /system/lib/libc.so
I/DEBUG   ( 7236):          bfc52d34  b7b92fd0  [heap]
I/DEBUG   ( 7236):          bfc52d38  00000002  
I/DEBUG   ( 7236):          bfc52d3c  b7b92980  [heap]
W/ViewRootImpl(23606): Dropping event due to no window focus: KeyEvent { action=ACTION_DOWN, keyCode=KEYCODE_CALL, scanCode=0, metaState=0, flags=0x8, repeatCount=0, eventTime=12359691, downTime=12359691, deviceId=-1, source=0x101 }
W/NativeCrashListener(  483): Couldn't find ProcessRecord for pid 23665
W/ViewRootImpl(23606): Dropping event due to no window focus: KeyEvent { action=ACTION_DOWN, keyCode=KEYCODE_DPAD_RIGHT, scanCode=0, metaState=0, flags=0x8, repeatCount=0, eventTime=12359694, downTime=12359694, deviceId=-1, source=0x101 }
I/BootReceiver(  483): Copying /data/tombstones/tombstone_03 to DropBox (SYSTEM_TOMBSTONE)
W/EGL_emulation(23606): eglSurfaceAttrib not implemented 3093 12436
V/InputMethodService(  621): onEvaluateInputViewShown: config.hardKeyboardHidden = 2
V/InputMethodService(  621): onEvaluateInputViewShown: config.hardKeyboardHidden = 2
W/ViewRootImpl(23606): Dropping event due to no window focus: KeyEvent { action=ACTION_DOWN, keyCode=KEYCODE_DPAD_UP, scanCode=0, metaState=0, flags=0x8, repeatCount=0, eventTime=12359700, downTime=12359700, deviceId=-1, source=0x101 }
W/ContextImpl(  483): Calling a method in the system process without a qualified user: android.app.ContextImpl.sendBroadcast:1123 com.android.server.InputMethodManagerService.showCurrentInputLocked:1791 com.android.server.InputMethodManagerService.attachNewInputLocked:1095 com.android.server.InputMethodManagerService.startInputUncheckedLocked:1166 com.android.server.InputMethodManagerService.startInputLocked:1128 
W/ViewRootImpl(23606): Dropping event due to no window focus: KeyEvent { action=ACTION_DOWN, keyCode=KEYCODE_FOCUS, scanCode=0, metaState=0, flags=0x8, repeatCount=0, eventTime=12359736, downTime=12359736, deviceId=-1, source=0x101 }
W/InputMethodManagerService(  483): Window already focused, ignoring focus gain of: com.android.internal.view.IInputMethodClient$Stub$Proxy@4a9d3c38 attribute=android.view.inputmethod.EditorInfo@4acd6574, token = android.os.BinderProxy@4aa7e7b0
V/InputMethodService(  621): onEvaluateInputViewShown: config.hardKeyboardHidden = 2
V/InputMethodService(  621): onEvaluateInputViewShown: config.hardKeyboardHidden = 2
W/ContextImpl(  483): Calling a method in the system process without a qualified user: android.app.ContextImpl.sendBroadcast:1123 com.android.server.InputMethodManagerService.showCurrentInputLocked:1791 com.android.server.InputMethodManagerService.attachNewInputLocked:1095 com.android.server.InputMethodManagerService.startInputUncheckedLocked:1166 com.android.server.InputMethodManagerService.windowGainedFocus:1932 
W/ContextImpl(  483): Calling a method in the system process without a qualified user: android.app.ContextImpl.sendBroadcast:1123 com.android.server.InputMethodManagerService.showCurrentInputLocked:1791 com.android.server.InputMethodManagerService.attachNewInputLocked:1095 com.android.server.InputMethodManagerService.startInputUncheckedLocked:1166 com.android.server.InputMethodManagerService.startInputLocked:1128 
W/ContextImpl(  483): Calling a method in the system process without a qualified user: android.app.ContextImpl.sendBroadcast:1123 com.android.server.InputMethodManagerService.showCurrentInputLocked:1791 com.android.server.InputMethodManagerService.attachNewInputLocked:1095 com.android.server.InputMethodManagerService.startInputUncheckedLocked:1166 com.android.server.InputMethodManagerService.startInputLocked:1128 
W/IInputConnectionWrapper(23606): getCursorCapsMode on inactive InputConnection
V/InputMethodService(  621): onEvaluateInputViewShown: config.hardKeyboardHidden = 2
V/InputMethodService(  621): onEvaluateInputViewShown: config.hardKeyboardHidden = 2
W/ContextImpl(  483): Calling a method in the system process without a qualified user: android.app.ContextImpl.sendBroadcast:1123 com.android.server.InputMethodManagerService.showCurrentInputLocked:1791 com.android.server.InputMethodManagerService.attachNewInputLocked:1095 com.android.server.InputMethodManagerService.startInputUncheckedLocked:1166 com.android.server.InputMethodManagerService.startInputLocked:1128 
W/ContextImpl(  483): Calling a method in the system process without a qualified user: android.app.ContextImpl.sendBroadcast:1123 com.android.server.InputMethodManagerService.showCurrentInputLocked:1791 com.android.server.InputMethodManagerService.showSoftInput:1753 com.android.internal.view.IInputMethodManager$Stub.onTransact:175 com.android.server.InputMethodManagerService.onTransact:818 
W/IInputConnectionWrapper(23606): getCursorCapsMode on inactive InputConnection
V/InputMethodService(  621): onEvaluateInputViewShown: config.hardKeyboardHidden = 2
V/InputMethodService(  621): onEvaluateInputViewShown: config.hardKeyboardHidden = 2
V/InputMethodService(  621): onEvaluateInputViewShown: config.hardKeyboardHidden = 2
V/InputMethodService(  621): onEvaluateInputViewShown: config.hardKeyboardHidden = 2
V/InputMethodService(  621): onEvaluateInputViewShown: config.hardKeyboardHidden = 2
V/InputMethodService(  621): onEvaluateInputViewShown: config.hardKeyboardHidden = 2
W/ViewRootImpl(23606): Dropping event due to no window focus: KeyEvent { action=ACTION_DOWN, keyCode=KEYCODE_DPAD_DOWN, scanCode=0, metaState=0, flags=0x8, repeatCount=0, eventTime=12359829, downTime=12359829, deviceId=-1, source=0x101 }
I/ActivityManager(  483): START u0 {act=android.intent.action.MAIN cat=[android.intent.category.LAUNCHER] flg=0x10200000 cmp=com.mobileapp.android.rapid/com.mobile.activity.LoginActivity} from pid 23596
W/EGL_emulation(23606): eglSurfaceAttrib not implemented 3093 12436
W/InputMethodManagerService(  483): Window already focused, ignoring focus gain of: com.android.internal.view.IInputMethodClient$Stub$Proxy@4af309b8 attribute=null, token = android.os.BinderProxy@4aa7e7b0
V/FlingTracker(  538): computeCurrentVelocity warning: totalweight=0
V/FlingTracker(  538): java.lang.Throwable
V/FlingTracker(  538): 	at com.android.systemui.statusbar.phone.PanelView$FlingTracker.computeCurrentVelocity(PanelView.java:162)
V/FlingTracker(  538): 	at com.android.systemui.statusbar.phone.PanelView$3.onTouch(PanelView.java:462)
V/FlingTracker(  538): 	at android.view.View.dispatchTouchEvent(View.java:7701)
V/FlingTracker(  538): 	at com.android.systemui.statusbar.phone.NotificationPanelView.onTouchEvent(NotificationPanelView.java:138)
V/FlingTracker(  538): 	at com.android.systemui.statusbar.phone.PanelBar.onTouchEvent(PanelBar.java:130)
V/FlingTracker(  538): 	at com.android.systemui.statusbar.phone.PhoneStatusBarView.onTouchEvent(PhoneStatusBarView.java:201)
V/FlingTracker(  538): 	at android.view.View.dispatchTouchEvent(View.java:7706)
V/FlingTracker(  538): 	at android.view.ViewGroup.dispatchTransformedTouchEvent(ViewGroup.java:2210)
V/FlingTracker(  538): 	at android.view.ViewGroup.dispatchTouchEvent(ViewGroup.java:1945)
V/FlingTracker(  538): 	at android.view.ViewGroup.dispatchTransformedTouchEvent(ViewGroup.java:2216)
V/FlingTracker(  538): 	at android.view.ViewGroup.dispatchTouchEvent(ViewGroup.java:1959)
V/FlingTracker(  538): 	at android.view.View.dispatchPointerEvent(View.java:7886)
V/FlingTracker(  538): 	at android.view.ViewRootImpl$ViewPostImeInputStage.processPointerEvent(ViewRootImpl.java:3978)
V/FlingTracker(  538): 	at android.view.ViewRootImpl$ViewPostImeInputStage.onProcess(ViewRootImpl.java:3857)
V/FlingTracker(  538): 	at android.view.ViewRootImpl$InputStage.deliver(ViewRootImpl.java:3423)
V/FlingTracker(  538): 	at android.view.ViewRootImpl$InputStage.onDeliverToNext(ViewRootImpl.java:3473)
V/FlingTracker(  538): 	at android.view.ViewRootImpl$InputStage.forward(ViewRootImpl.java:3442)
V/FlingTracker(  538): 	at android.view.ViewRootImpl$AsyncInputStage.forward(ViewRootImpl.java:3549)
V/FlingTracker(  538): 	at android.view.ViewRootImpl$InputStage.apply(ViewRootImpl.java:3450)
V/FlingTracker(  538): 	at android.view.ViewRootImpl$AsyncInputStage.apply(ViewRootImpl.java:3606)
V/FlingTracker(  538): 	at android.view.ViewRootImpl$InputStage.deliver(ViewRootImpl.java:3423)
V/FlingTracker(  538): 	at android.view.ViewRootImpl$InputStage.onDeliverToNext(ViewRootImpl.java:3473)
V/FlingTracker(  538): 	at android.view.ViewRootImpl$InputStage.forward(ViewRootImpl.java:3442)
V/FlingTracker(  538): 	at android.view.ViewRootImpl$InputStage.apply(ViewRootImpl.java:3450)
V/FlingTracker(  538): 	at android.view.ViewRootImpl$InputStage.deliver(ViewRootImpl.java:3423)
V/FlingTracker(  538): 	at android.view.ViewRootImpl.deliverInputEvent(ViewRootImpl.java:5626)
V/FlingTracker(  538): 	at android.view.ViewRootImpl.doProcessInputEvents(ViewRootImpl.java:5606)
V/FlingTracker(  538): 	at android.view.ViewRootImpl.enqueueInputEvent(ViewRootImpl.java:5577)
V/FlingTracker(  538): 	at android.view.ViewRootImpl$WindowInputEventReceiver.onInputEvent(ViewRootImpl.java:5706)
V/FlingTracker(  538): 	at android.view.InputEventReceiver.dispatchInputEvent(InputEventReceiver.java:185)
V/FlingTracker(  538): 	at android.os.MessageQueue.nativePollOnce(Native Method)
V/FlingTracker(  538): 	at android.os.MessageQueue.next(MessageQueue.java:138)
V/FlingTracker(  538): 	at android.os.Looper.loop(Looper.java:123)
V/FlingTracker(  538): 	at android.app.ActivityThread.main(ActivityThread.java:5019)
V/FlingTracker(  538): 	at java.lang.reflect.Method.invokeNative(Native Method)
V/FlingTracker(  538): 	at java.lang.reflect.Method.invoke(Method.java:515)
V/FlingTracker(  538): 	at com.android.internal.os.ZygoteInit$MethodAndArgsCaller.run(ZygoteInit.java:779)
V/FlingTracker(  538): 	at com.android.internal.os.ZygoteInit.main(ZygoteInit.java:595)
V/FlingTracker(  538): 	at dalvik.system.NativeStart.main(Native Method)
V/PanelView(  538): animationTick called with dtms=0; nothing to do (h=0.0 v=0.0)
V/InputMethodService(  621): onEvaluateInputViewShown: config.hardKeyboardHidden = 2
V/InputMethodService(  621): onEvaluateInputViewShown: config.hardKeyboardHidden = 2
W/ContextImpl(  483): Calling a method in the system process without a qualified user: android.app.ContextImpl.sendBroadcast:1123 com.android.server.InputMethodManagerService.showCurrentInputLocked:1791 com.android.server.InputMethodManagerService.attachNewInputLocked:1095 com.android.server.InputMethodManagerService.startInputUncheckedLocked:1166 com.android.server.InputMethodManagerService.startInputLocked:1128 
W/ContextImpl(  483): Calling a method in the system process without a qualified user: android.app.ContextImpl.sendBroadcast:1123 com.android.server.InputMethodManagerService.showCurrentInputLocked:1791 com.android.server.InputMethodManagerService.attachNewInputLocked:1095 com.android.server.InputMethodManagerService.startInputUncheckedLocked:1166 com.android.server.InputMethodManagerService.startInputLocked:1128 
W/ContextImpl(  483): Calling a method in the system process without a qualified user: android.app.ContextImpl.sendBroadcast:1123 com.android.server.InputMethodManagerService.showCurrentInputLocked:1791 com.android.server.InputMethodManagerService.attachNewInputLocked:1095 com.android.server.InputMethodManagerService.startInputUncheckedLocked:1166 com.android.server.InputMethodManagerService.startInputLocked:1128 
W/ContextImpl(  483): Calling a method in the system process without a qualified user: android.app.ContextImpl.sendBroadcast:1123 com.android.server.InputMethodManagerService.showCurrentInputLocked:1791 com.android.server.InputMethodManagerService.attachNewInputLocked:1095 com.android.server.InputMethodManagerService.startInputUncheckedLocked:1166 com.android.server.InputMethodManagerService.startInputLocked:1128 
W/IInputConnectionWrapper(23606): getCursorCapsMode on inactive InputConnection
V/InputMethodService(  621): onEvaluateInputViewShown: config.hardKeyboardHidden = 2
V/InputMethodService(  621): onEvaluateInputViewShown: config.hardKeyboardHidden = 2
W/UnimplementedWebViewApi(23606): Unimplemented WebView method onKeyDown called from: android.webkit.WebView.onKeyDown(WebView.java:2169)
W/IInputConnectionWrapper(23606): getCursorCapsMode on inactive InputConnection
V/InputMethodService(  621): onEvaluateInputViewShown: config.hardKeyboardHidden = 2
V/InputMethodService(  621): onEvaluateInputViewShown: config.hardKeyboardHidden = 2
V/InputMethodService(  621): onEvaluateInputViewShown: config.hardKeyboardHidden = 2
V/InputMethodService(  621): onEvaluateInputViewShown: config.hardKeyboardHidden = 2
I/ActivityManager(  483): START u0 {act=android.intent.action.CALL_BUTTON flg=0x10000000} from pid 23606
W/PhoneFallbackEventHandler(23606): No activity found for android.intent.action.CALL_BUTTON.
W/ContextImpl(  483): Calling a method in the system process without a qualified user: android.app.ContextImpl.sendBroadcast:1123 com.android.server.InputMethodManagerService.showCurrentInputLocked:1791 com.android.server.InputMethodManagerService.attachNewInputLocked:1095 com.android.server.InputMethodManagerService.startInputUncheckedLocked:1166 com.android.server.InputMethodManagerService.startInputLocked:1128 
W/ContextImpl(  483): Calling a method in the system process without a qualified user: android.app.ContextImpl.sendBroadcast:1123 com.android.server.InputMethodManagerService.showCurrentInputLocked:1791 com.android.server.InputMethodManagerService.showSoftInput:1753 com.android.internal.view.IInputMethodManager$Stub.onTransact:175 com.android.server.InputMethodManagerService.onTransact:818 
V/InputMethodService(  621): onEvaluateInputViewShown: config.hardKeyboardHidden = 2
V/InputMethodService(  621): onEvaluateInputViewShown: config.hardKeyboardHidden = 2
V/InputMethodService(  621): onEvaluateInputViewShown: config.hardKeyboardHidden = 2
V/InputMethodService(  621): onEvaluateInputViewShown: config.hardKeyboardHidden = 2
W/ContextImpl(  483): Calling a method in the system process without a qualified user: android.app.ContextImpl.sendBroadcast:1123 com.android.server.InputMethodManagerService.showCurrentInputLocked:1791 com.android.server.InputMethodManagerService.attachNewInputLocked:1095 com.android.server.InputMethodManagerService.startInputUncheckedLocked:1166 com.android.server.InputMethodManagerService.startInputLocked:1128 
W/ContextImpl(  483): Calling a method in the system process without a qualified user: android.app.ContextImpl.sendBroadcast:1123 com.android.server.InputMethodManagerService.showCurrentInputLocked:1791 com.android.server.InputMethodManagerService.attachNewInputLocked:1095 com.android.server.InputMethodManagerService.startInputUncheckedLocked:1166 com.android.server.InputMethodManagerService.startInputLocked:1128 
W/IInputConnectionWrapper(23606): getCursorCapsMode on inactive InputConnection
V/InputMethodService(  621): onEvaluateInputViewShown: config.hardKeyboardHidden = 2
V/InputMethodService(  621): onEvaluateInputViewShown: config.hardKeyboardHidden = 2
W/UnimplementedWebViewApi(23606): Unimplemented WebView method onKeyMultiple called from: android.webkit.WebView.onKeyMultiple(WebView.java:2179)
W/UnimplementedWebViewApi(23606): Unimplemented WebView method onKeyDown called from: android.webkit.WebView.onKeyDown(WebView.java:2169)
V/InputMethodService(  621): onEvaluateInputViewShown: config.hardKeyboardHidden = 2
V/InputMethodService(  621): onEvaluateInputViewShown: config.hardKeyboardHidden = 2
W/UnimplementedWebViewApi(23606): Unimplemented WebView method onKeyMultiple called from: android.webkit.WebView.onKeyMultiple(WebView.java:2179)
W/UnimplementedWebViewApi(23606): Unimplemented WebView method onKeyDown called from: android.webkit.WebView.onKeyDown(WebView.java:2169)
W/UnimplementedWebViewApi(23606): Unimplemented WebView method onKeyDown called from: android.webkit.WebView.onKeyDown(WebView.java:2169)
W/ViewRootImpl(23606): Dropping event due to no window focus: KeyEvent { action=ACTION_DOWN, keyCode=KEYCODE_PAGE_DOWN, scanCode=0, metaState=0, flags=0x8, repeatCount=0, eventTime=12360020, downTime=12360020, deviceId=-1, source=0x101 }
W/ViewRootImpl(23606): Dropping event due to no window focus: KeyEvent { action=ACTION_DOWN, keyCode=KEYCODE_DPAD_RIGHT, scanCode=0, metaState=0, flags=0x8, repeatCount=0, eventTime=12360024, downTime=12360024, deviceId=-1, source=0x101 }
W/ViewRootImpl(23606): Dropping event due to no window focus: KeyEvent { action=ACTION_DOWN, keyCode=KEYCODE_DPAD_UP, scanCode=0, metaState=0, flags=0x8, repeatCount=0, eventTime=12360025, downTime=12360025, deviceId=-1, source=0x101 }
W/ViewRootImpl(23606): Dropping event due to no window focus: KeyEvent { action=ACTION_DOWN, keyCode=KEYCODE_DPAD_LEFT, scanCode=0, metaState=0, flags=0x8, repeatCount=0, eventTime=12360026, downTime=12360026, deviceId=-1, source=0x101 }
W/ViewRootImpl(23606): Dropping event due to no window focus: KeyEvent { action=ACTION_DOWN, keyCode=KEYCODE_F9, scanCode=0, metaState=0, flags=0x8, repeatCount=0, eventTime=12360028, downTime=12360028, deviceId=-1, source=0x101 }
W/ViewRootImpl(23606): Dropping event due to no window focus: KeyEvent { action=ACTION_DOWN, keyCode=KEYCODE_MENU, scanCode=0, metaState=0, flags=0x8, repeatCount=0, eventTime=12360029, downTime=12360029, deviceId=-1, source=0x101 }
W/ViewRootImpl(23606): Dropping event due to no window focus: KeyEvent { action=ACTION_DOWN, keyCode=KEYCODE_DPAD_DOWN, scanCode=0, metaState=0, flags=0x8, repeatCount=0, eventTime=12360030, downTime=12360030, deviceId=-1, source=0x101 }
W/ViewRootImpl(23606): Dropping event due to no window focus: KeyEvent { action=ACTION_DOWN, keyCode=KEYCODE_MENU, scanCode=0, metaState=0, flags=0x8, repeatCount=0, eventTime=12360032, downTime=12360032, deviceId=-1, source=0x101 }
W/EGL_emulation(23606): eglSurfaceAttrib not implemented 3093 12436
W/ViewRootImpl(23606): Dropping event due to no window focus: KeyEvent { action=ACTION_DOWN, keyCode=KEYCODE_DPAD_LEFT, scanCode=0, metaState=0, flags=0x8, repeatCount=0, eventTime=12360034, downTime=12360034, deviceId=-1, source=0x101 }
I/ActivityManager(  483): START u0 {act=android.intent.action.MAIN cat=[android.intent.category.HOME] flg=0x10200000 cmp=com.vphone.launcher/.Launcher} from pid 483
W/InputMethodManagerService(  483): Window already focused, ignoring focus gain of: com.android.internal.view.IInputMethodClient$Stub$Proxy@4ae2f60c attribute=null, token = android.os.BinderProxy@4aa7e7b0
W/SurfaceFlinger(  163): FB is protected: PERMISSION_DENIED
I/ActivityManager(  483): START u0 {act=android.intent.action.MAIN cat=[android.intent.category.LAUNCHER] flg=0x10200000 cmp=com.mobileapp.android.rapid/com.mobile.activity.LoginActivity} from pid 23596
W/WindowManager(  483): Screenshot failure taking screenshot for (437x246) to layer 21035
W/SurfaceFlinger(  163): FB is protected: PERMISSION_DENIED
W/WindowManager(  483): Screenshot failure taking screenshot for (437x246) to layer 21035
D/dalvikvm(  538): GC_FOR_ALLOC freed 2666K, 61% free 10474K/26488K, paused 5ms, total 5ms
W/UnimplementedWebViewApi(23606): Unimplemented WebView method onKeyMultiple called from: android.webkit.WebView.onKeyMultiple(WebView.java:2179)
W/UnimplementedWebViewApi(23606): Unimplemented WebView method onKeyDown called from: android.webkit.WebView.onKeyDown(WebView.java:2169)
I/ActivityManager(  483): START u0 {cmp=com.mobileapp.android.rapid/com.mobile.activity.FirstTimeLogin (has extras)} from pid 23606
D/dalvikvm(23606): GC_CONCURRENT freed 1534K, 12% free 12275K/13892K, paused 2ms+2ms, total 12ms
W/ViewRootImpl(23606): Dropping event due to no window focus: KeyEvent { action=ACTION_DOWN, keyCode=KEYCODE_DPAD_DOWN, scanCode=0, metaState=0, flags=0x8, repeatCount=0, eventTime=12360111, downTime=12360111, deviceId=-1, source=0x101 }
W/ViewRootImpl(23606): Dropping event due to no window focus: MotionEvent { action=ACTION_MOVE, id[0]=0, x[0]=-2.0, y[0]=1.0, toolType[0]=TOOL_TYPE_UNKNOWN, buttonState=0, metaState=0, flags=0x0, edgeFlags=0x0, pointerCount=1, historySize=29, eventTime=12360108, downTime=-1, deviceId=0, source=0x10004 }
W/InputManager(  483): Input event injection from pid 23596 failed.
W/InputManager(  483): Input event injection from pid 23596 failed.
W/InputManager(  483): Input event injection from pid 23596 failed.
W/InputManager(  483): Input event injection from pid 23596 failed.
W/InputManager(  483): Input event injection from pid 23596 failed.
W/InputManager(  483): Input event injection from pid 23596 failed.
W/InputManager(  483): Input event injection from pid 23596 failed.
W/InputManager(  483): Input event injection from pid 23596 failed.
W/InputManager(  483): Input event injection from pid 23596 failed.
W/InputManager(  483): Input event injection from pid 23596 failed.
W/InputManager(  483): Input event injection from pid 23596 failed.
W/InputManager(  483): Input event injection from pid 23596 failed.
W/InputManager(  483): Input event injection from pid 23596 failed.
W/InputManager(  483): Input event injection from pid 23596 failed.
W/EGL_emulation(23606): eglSurfaceAttrib not implemented 3093 12436
W/EGL_emulation(23606): eglSurfaceAttrib not implemented 3093 12436
I/chromium(23606): [INFO:CONSOLE(1)] "Uncaught TypeError: Cannot read property '_ATTR_CFG' of undefined", source: https://portal.paychekplus.com:9443/html/js/barebone.jsp?browserId=other&themeId=rapidmobile31_WAR_rapidmobile31theme&colorSchemeId=01&minifierType=js&minifierBundleId=javascript.barebone.files&languageId=en_US&b=6210&t=1498579464000 (1)
W/ViewRootImpl(23606): Dropping event due to no window focus: KeyEvent { action=ACTION_DOWN, keyCode=KEYCODE_DPAD_UP, scanCode=0, metaState=0, flags=0x8, repeatCount=0, eventTime=12360150, downTime=12360150, deviceId=-1, source=0x101 }
W/ViewRootImpl(23606): Dropping event due to no window focus: KeyEvent { action=ACTION_DOWN, keyCode=KEYCODE_MENU, scanCode=0, metaState=0, flags=0x8, repeatCount=0, eventTime=12360186, downTime=12360186, deviceId=-1, source=0x101 }
W/ViewRootImpl(23606): Dropping event due to no window focus: KeyEvent { action=ACTION_DOWN, keyCode=KEYCODE_DPAD_LEFT, scanCode=0, metaState=0, flags=0x8, repeatCount=0, eventTime=12360187, downTime=12360187, deviceId=-1, source=0x101 }
W/ViewRootImpl(23606): Dropping event due to no window focus: KeyEvent { action=ACTION_DOWN, keyCode=KEYCODE_MENU, scanCode=0, metaState=0, flags=0x8, repeatCount=0, eventTime=12360188, downTime=12360188, deviceId=-1, source=0x101 }
W/ViewRootImpl(23606): Dropping event due to no window focus: KeyEvent { action=ACTION_DOWN, keyCode=KEYCODE_DPAD_CENTER, scanCode=0, metaState=0, flags=0x8, repeatCount=0, eventTime=12360189, downTime=12360189, deviceId=-1, source=0x101 }
W/ViewRootImpl(23606): Dropping event due to no window focus: KeyEvent { action=ACTION_DOWN, keyCode=KEYCODE_RIGHT_BRACKET, scanCode=0, metaState=0, flags=0x8, repeatCount=0, eventTime=12360190, downTime=12360190, deviceId=-1, source=0x101 }
W/AwContents(23606): nativeOnDraw failed; clearing to background color.
I/ActivityManager(  483): Displayed com.mobileapp.android.rapid/com.mobile.activity.FirstTimeLogin: +104ms
W/AwContents(23606): nativeOnDraw failed; clearing to background color.
W/ViewRootImpl(23606): Dropping event due to no window focus: KeyEvent { action=ACTION_DOWN, keyCode=KEYCODE_SPACE, scanCode=0, metaState=0, flags=0x8, repeatCount=0, eventTime=12360335, downTime=12360335, deviceId=-1, source=0x101 }
W/EGL_emulation(23606): eglSurfaceAttrib not implemented 3093 12436
I/chromium(23606): [INFO:CONSOLE(19)] "Uncaught ReferenceError: fnHideLangConversion is not defined", source: https://portal.paychekplus.com:9443/web/rapid-mobile-4.1/mobile-login?p_p_id=hybridmobilelogin_WAR_able_INSTANCE_DeKcYx8O4Lw9&p_p_lifecycle=1&p_p_state=normal&p_p_mode=view&p_p_col_id=column-1&p_p_col_count=1&_hybridmobilelogin_WAR_able_INSTANCE_DeKcYx8O4Lw9_action=hybrid-mobile-login (19)
I/ActivityManager(  483): START u0 {act=android.intent.action.MAIN cat=[android.intent.category.LAUNCHER] flg=0x10000000 sel={act=android.intent.action.MAIN cat=[android.intent.category.APP_CALENDAR]}} from pid 483
W/WindowManager(  483): updateFocusedWindowLocked, focusedAppToken is null.
