D/libEGL  (20291): loaded /system/lib/egl/libEGL_adreno.so
W/dalvikvm(20291): VFY: unable to find class referenced in signature (Lokhttp3/Request;)
W/dalvikvm(20291): VFY: unable to find class referenced in signature (Lokhttp3/Response;)
I/dalvikvm(20291): Could not find method okhttp3.Response.headers, referenced from method empirical.HelperClass.printOkHttpInfo
W/dalvikvm(20291): VFY: unable to resolve virtual method 48854: Lokhttp3/Response;.headers ()Lokhttp3/Headers;
D/dalvikvm(20291): VFY: replacing opcode 0x6e at 0x0006
W/dalvikvm(20291): VFY: unable to find class referenced in signature (Lokhttp3/Call;)
W/dalvikvm(20291): VFY: unable to find class referenced in signature (Lokhttp3/Response;)
I/dalvikvm(20291): Could not find method okhttp3.Call.request, referenced from method empirical.HelperClass.printOkHttpInfoFromCall
W/dalvikvm(20291): VFY: unable to resolve interface method 48848: Lokhttp3/Call;.request ()Lokhttp3/Request;
D/dalvikvm(20291): VFY: replacing opcode 0x72 at 0x0006
I/System.out(20291): body:<com.serve.platform.BaseApplication$2: void run()>	sig:virtualinvoke $r3.<javax.net.ssl.SSLSocket: void close()>()	timediff:0
I/        (  674): {"errNum":0,"message":"SUCCESS"}
D/        (20291): HostConnection::get() New Host Connection established 0xb8ddcea0, tid 20291
I/        (  674): {"errNum":0,"message":"SUCCESS"}
I/        (  674): {"errNum":0,"message":"SUCCESS"}
D/libEGL  (20291): loaded /system/lib/egl/libGLESv1_CM_adreno.so
D/libEGL  (20291): loaded /system/lib/egl/libGLESv2_adreno.so
I/        (  674): {"errNum":0,"message":"SUCCESS"}
I/        (  674): {"errNum":0,"message":"SUCCESS"}
D/dalvikvm(20291): GC_FOR_ALLOC freed 328K, 19% free 5274K/6460K, paused 4ms, total 4ms
I/dalvikvm-heap(20291): Grow heap (frag case) to 5.836MB for 635808-byte allocation
D/dalvikvm(20291): GC_FOR_ALLOC freed <1K, 17% free 5894K/7084K, paused 3ms, total 3ms
I/System.out(20291): body:<bw: java.net.HttpURLConnection a(java.lang.String)>	sig:specialinvoke $r1.<java.net.URL: void <init>(java.lang.String)>($r0)	timediff:0
I/System.out(20291): <bw: java.net.HttpURLConnection a(java.lang.String)>###specialinvoke $r1.<java.net.URL: void <init>(java.lang.String)>($r0)###https://omns.americanexpress.com/b/ss/amexbluebirdmobappprod/0/JAVA-4.1.1-AN/s69965535?AQB=1&ndh=1&pageName=Page%20View&t=00%2F00%2F0000%2000%3A00%3A00%200%20420&aid=2D6B609D05031E1E-40001186600011B4&ce=UTF-8&c.&omn.&pageName=EnterDetailsUserName&hierarchy=US%7CAMEX%7CBlueBirdApp%3AAndroid%7CLogin&.omn&a.&AppID=My%20Bluebird%203.100.0.1%20%28346%29&DeviceName=SM-G955N&Resolution=1280x720&OSVersion=Android%204.4.2&CarrierName=T-Mobile&.a&.c&AQE=1
I/System.out(20291): body:<bw: java.net.HttpURLConnection a(java.lang.String)>	sig:$r0 = virtualinvoke $r1.<java.net.URL: java.lang.String getProtocol()>()	timediff:0
I/System.out(20291): body:<bw: java.net.HttpURLConnection a(java.lang.String)>	sig:$r2 = virtualinvoke $r1.<java.net.URL: java.net.URLConnection openConnection()>()	timediff:2
I/System.out(20291): body:<bw: boolean a(java.lang.String,java.util.Map)>	sig:virtualinvoke $r3.<java.net.HttpURLConnection: void setConnectTimeout(int)>(5000)	timediff:0
I/System.out(20291): body:<bw: boolean a(java.lang.String,java.util.Map)>	sig:virtualinvoke $r3.<java.net.HttpURLConnection: void setReadTimeout(int)>(5000)	timediff:0
I/System.out(20291): body:<bw: boolean a(java.lang.String,java.util.Map)>	sig:virtualinvoke $r3.<java.net.HttpURLConnection: void setRequestProperty(java.lang.String,java.lang.String)>($r9, $r8)	timediff:0
I/System.out(20291): body:<bw: boolean a(java.lang.String,java.util.Map)>	sig:virtualinvoke $r3.<java.net.HttpURLConnection: void setRequestProperty(java.lang.String,java.lang.String)>($r9, $r8)	timediff:0
W/EGL_emulation(20291): eglSurfaceAttrib not implemented 3093 12436
D/OpenGLRenderer(20291): Enabling debug mode 0
W/ViewRootImpl(20291): Dropping event due to no window focus: KeyEvent { action=ACTION_DOWN, keyCode=KEYCODE_DPAD_CENTER, scanCode=0, metaState=0, flags=0x8, repeatCount=0, eventTime=12194709, downTime=12194709, deviceId=-1, source=0x101 }
W/ContextImpl(  483): Calling a method in the system process without a qualified user: android.app.ContextImpl.sendBroadcast:1123 com.android.server.InputMethodManagerService.hideCurrentInputLocked:1880 com.android.server.InputMethodManagerService.windowGainedFocus:2000 com.android.internal.view.IInputMethodManager$Stub.onTransact:221 com.android.server.InputMethodManagerService.onTransact:818 
I/ActivityManager(  483): Displayed com.bluebird.mobile/com.serve.platform.wrapper.tLoginActivityQuickBalance: +505ms (total +2s777ms)
I/System.out(20291): body:<bw: boolean a(java.lang.String,java.util.Map)>	sig:$r12 = virtualinvoke $r3.<java.net.HttpURLConnection: java.io.InputStream getInputStream()>()	timediff:154
I/System.out(20291): body:<empirical.HelperClass: void printURLInfo(java.lang.String,java.lang.String,java.net.URLConnection)>	sig:$r0 = virtualinvoke urlConnection.<java.net.URLConnection: java.net.URL getURL()>()	timediff:0
I/System.out(20291): body:<empirical.HelperClass: void printURLInfo(java.lang.String,java.lang.String,java.net.URLConnection)>	sig:urlString = virtualinvoke $r0.<java.net.URL: java.lang.String toString()>()	timediff:0
I/System.out(20291): body:<empirical.HelperClass: void printURLInfo(java.lang.String,java.lang.String,java.net.URLConnection)>	sig:isDoOutput = virtualinvoke urlConnection.<java.net.URLConnection: boolean getDoOutput()>()	timediff:0
I/System.out(20291): body:<empirical.HelperClass: java.lang.String getHeaderField(java.net.URLConnection,java.lang.String)>	sig:data = virtualinvoke conn.<java.net.URLConnection: java.lang.String getHeaderField(java.lang.String)>(field)	timediff:0
I/System.out(20291): body:<empirical.HelperClass: java.lang.String getHeaderField(java.net.URLConnection,java.lang.String)>	sig:data = virtualinvoke conn.<java.net.URLConnection: java.lang.String getHeaderField(java.lang.String)>(field)	timediff:0
I/System.out(20291): body:<empirical.HelperClass: java.lang.String getHeaderField(java.net.URLConnection,java.lang.String)>	sig:data = virtualinvoke conn.<java.net.URLConnection: java.lang.String getHeaderField(java.lang.String)>(field)	timediff:0
I/System.out(20291): body:<empirical.HelperClass: java.lang.String getHeaderField(java.net.URLConnection,java.lang.String)>	sig:data = virtualinvoke conn.<java.net.URLConnection: java.lang.String getHeaderField(java.lang.String)>(field)	timediff:0
I/System.out(20291): body:<empirical.HelperClass: java.lang.String getHeaderField(java.net.URLConnection,java.lang.String)>	sig:data = virtualinvoke conn.<java.net.URLConnection: java.lang.String getHeaderField(java.lang.String)>(field)	timediff:0
I/System.out(20291): URLConn;%;0;%;<bw: boolean a(java.lang.String,java.util.Map)>;%;$r12 = virtualinvoke $r3.<java.net.HttpURLConnection: java.io.InputStream getInputStream()>();%;https://omns.americanexpress.com/b/ss/amexbluebirdmobappprod/0/JAVA-4.1.1-AN/s69965535?AQB=1&ndh=1&pageName=Page%20View&t=00%2F00%2F0000%2000%3A00%3A00%200%20420&aid=2D6B609D05031E1E-40001186600011B4&ce=UTF-8&c.&omn.&pageName=EnterDetailsUserName&hierarchy=US%7CAMEX%7CBlueBirdApp%3AAndroid%7CLogin&.omn&a.&AppID=My%20Bluebird%203.100.0.1%20%28346%29&DeviceName=SM-G955N&Resolution=1280x720&OSVersion=Android%204.4.2&CarrierName=T-Mobile&.a&.c&AQE=1;%;false;%;1;%;no-cache, no-store, max-age=0, no-transform, private;%;Tue, 17 Apr 2018 03:53:35 GMT;%;Not found;%;Not found
I/System.out(20291): body:<bw: boolean a(java.lang.String,java.util.Map)>	sig:virtualinvoke $r3.<java.net.HttpURLConnection: int getResponseCode()>()	timediff:0
I/System.out(20291): body:<bw: boolean a(java.lang.String,java.util.Map)>	sig:virtualinvoke $r3.<java.net.HttpURLConnection: void disconnect()>()	timediff:0
I/System.out(20291): body:<bw: java.net.HttpURLConnection a(java.lang.String)>	sig:specialinvoke $r1.<java.net.URL: void <init>(java.lang.String)>($r0)	timediff:5
I/System.out(20291): <bw: java.net.HttpURLConnection a(java.lang.String)>###specialinvoke $r1.<java.net.URL: void <init>(java.lang.String)>($r0)###https://omns.americanexpress.com/b/ss/amexbluebirdmobappprod/0/JAVA-4.1.1-AN/s33083088?AQB=1&ndh=1&pe=lnk_o&pev2=AMACTION%3AClick%20Action&pageName=My%20Bluebird%203.100.0.1%20%28346%29&t=00%2F00%2F0000%2000%3A00%3A00%200%20420&aid=2D6B609D05031E1E-40001186600011B4&ce=UTF-8&c.&omn.&tlsversion=TLSv1.2&.omn&a.&action=Click%20Action&TimeSinceLaunch=1&DeviceName=SM-G955N&AppID=My%20Bluebird%203.100.0.1%20%28346%29&Resolution=1280x720&OSVersion=Android%204.4.2&CarrierName=T-Mobile&.a&.c&AQE=1
I/System.out(20291): body:<bw: java.net.HttpURLConnection a(java.lang.String)>	sig:$r0 = virtualinvoke $r1.<java.net.URL: java.lang.String getProtocol()>()	timediff:0
I/System.out(20291): body:<bw: java.net.HttpURLConnection a(java.lang.String)>	sig:$r2 = virtualinvoke $r1.<java.net.URL: java.net.URLConnection openConnection()>()	timediff:0
I/System.out(20291): body:<bw: boolean a(java.lang.String,java.util.Map)>	sig:virtualinvoke $r3.<java.net.HttpURLConnection: void setConnectTimeout(int)>(5000)	timediff:0
I/System.out(20291): body:<bw: boolean a(java.lang.String,java.util.Map)>	sig:virtualinvoke $r3.<java.net.HttpURLConnection: void setReadTimeout(int)>(5000)	timediff:0
I/System.out(20291): body:<bw: boolean a(java.lang.String,java.util.Map)>	sig:virtualinvoke $r3.<java.net.HttpURLConnection: void setRequestProperty(java.lang.String,java.lang.String)>($r9, $r8)	timediff:0
D/dalvikvm(20291): GC_CONCURRENT freed 1285K, 22% free 5531K/7084K, paused 2ms+1ms, total 7ms
I/System.out(20291): body:<bw: boolean a(java.lang.String,java.util.Map)>	sig:virtualinvoke $r3.<java.net.HttpURLConnection: void setRequestProperty(java.lang.String,java.lang.String)>($r9, $r8)	timediff:0
V/InputMethodService(  621): onEvaluateInputViewShown: config.hardKeyboardHidden = 1
W/ContextImpl(  483): Calling a method in the system process without a qualified user: android.app.ContextImpl.sendBroadcast:1123 com.android.server.InputMethodManagerService.showCurrentInputLocked:1791 com.android.server.InputMethodManagerService.showSoftInput:1753 com.android.internal.view.IInputMethodManager$Stub.onTransact:175 com.android.server.InputMethodManagerService.onTransact:818 
I/ActivityManager(  483): START u0 {act=android.intent.action.MAIN cat=[android.intent.category.LAUNCHER] flg=0x10200000 cmp=com.bluebird.mobile/com.serve.platform.wrapper.tLauncher} from pid 20084
V/InputMethodService(  621): onEvaluateInputViewShown: config.hardKeyboardHidden = 1
W/ContextImpl(  483): Calling a method in the system process without a qualified user: android.app.ContextImpl.sendBroadcast:1123 com.android.server.InputMethodManagerService.showCurrentInputLocked:1791 com.android.server.InputMethodManagerService.attachNewInputLocked:1095 com.android.server.InputMethodManagerService.startInputUncheckedLocked:1166 com.android.server.InputMethodManagerService.startInputLocked:1128 
D/dalvikvm(20291): GC_FOR_ALLOC freed 444K, 20% free 5680K/7084K, paused 4ms, total 4ms
V/InputMethodService(  621): onEvaluateInputViewShown: config.hardKeyboardHidden = 1
W/ContextImpl(  483): Calling a method in the system process without a qualified user: android.app.ContextImpl.sendBroadcast:1123 com.android.server.InputMethodManagerService.showCurrentInputLocked:1791 com.android.server.InputMethodManagerService.attachNewInputLocked:1095 com.android.server.InputMethodManagerService.startInputUncheckedLocked:1166 com.android.server.InputMethodManagerService.startInputLocked:1128 
V/InputMethodService(  621): onEvaluateInputViewShown: config.hardKeyboardHidden = 1
W/ContextImpl(  483): Calling a method in the system process without a qualified user: android.app.ContextImpl.sendBroadcast:1123 com.android.server.InputMethodManagerService.showCurrentInputLocked:1791 com.android.server.InputMethodManagerService.showSoftInput:1753 com.android.internal.view.IInputMethodManager$Stub.onTransact:175 com.android.server.InputMethodManagerService.onTransact:818 
I/ActivityManager(  483): START u0 {act=android.intent.action.MAIN cat=[android.intent.category.LAUNCHER] flg=0x10200000 cmp=com.bluebird.mobile/com.serve.platform.wrapper.tLauncher} from pid 20084
V/InputMethodService(  621): onEvaluateInputViewShown: config.hardKeyboardHidden = 1
W/ContextImpl(  483): Calling a method in the system process without a qualified user: android.app.ContextImpl.sendBroadcast:1123 com.android.server.InputMethodManagerService.showCurrentInputLocked:1791 com.android.server.InputMethodManagerService.attachNewInputLocked:1095 com.android.server.InputMethodManagerService.startInputUncheckedLocked:1166 com.android.server.InputMethodManagerService.startInputLocked:1128 
I/System.out(20291): body:<bw: boolean a(java.lang.String,java.util.Map)>	sig:$r12 = virtualinvoke $r3.<java.net.HttpURLConnection: java.io.InputStream getInputStream()>()	timediff:135
I/System.out(20291): body:<empirical.HelperClass: void printURLInfo(java.lang.String,java.lang.String,java.net.URLConnection)>	sig:$r0 = virtualinvoke urlConnection.<java.net.URLConnection: java.net.URL getURL()>()	timediff:0
I/System.out(20291): body:<empirical.HelperClass: void printURLInfo(java.lang.String,java.lang.String,java.net.URLConnection)>	sig:urlString = virtualinvoke $r0.<java.net.URL: java.lang.String toString()>()	timediff:0
I/System.out(20291): body:<empirical.HelperClass: void printURLInfo(java.lang.String,java.lang.String,java.net.URLConnection)>	sig:isDoOutput = virtualinvoke urlConnection.<java.net.URLConnection: boolean getDoOutput()>()	timediff:0
I/System.out(20291): body:<empirical.HelperClass: java.lang.String getHeaderField(java.net.URLConnection,java.lang.String)>	sig:data = virtualinvoke conn.<java.net.URLConnection: java.lang.String getHeaderField(java.lang.String)>(field)	timediff:0
I/System.out(20291): body:<empirical.HelperClass: java.lang.String getHeaderField(java.net.URLConnection,java.lang.String)>	sig:data = virtualinvoke conn.<java.net.URLConnection: java.lang.String getHeaderField(java.lang.String)>(field)	timediff:0
I/System.out(20291): body:<empirical.HelperClass: java.lang.String getHeaderField(java.net.URLConnection,java.lang.String)>	sig:data = virtualinvoke conn.<java.net.URLConnection: java.lang.String getHeaderField(java.lang.String)>(field)	timediff:0
I/System.out(20291): body:<empirical.HelperClass: java.lang.String getHeaderField(java.net.URLConnection,java.lang.String)>	sig:data = virtualinvoke conn.<java.net.URLConnection: java.lang.String getHeaderField(java.lang.String)>(field)	timediff:0
I/System.out(20291): body:<empirical.HelperClass: java.lang.String getHeaderField(java.net.URLConnection,java.lang.String)>	sig:data = virtualinvoke conn.<java.net.URLConnection: java.lang.String getHeaderField(java.lang.String)>(field)	timediff:0
I/System.out(20291): URLConn;%;1;%;<bw: boolean a(java.lang.String,java.util.Map)>;%;$r12 = virtualinvoke $r3.<java.net.HttpURLConnection: java.io.InputStream getInputStream()>();%;https://omns.americanexpress.com/b/ss/amexbluebirdmobappprod/0/JAVA-4.1.1-AN/s33083088?AQB=1&ndh=1&pe=lnk_o&pev2=AMACTION%3AClick%20Action&pageName=My%20Bluebird%203.100.0.1%20%28346%29&t=00%2F00%2F0000%2000%3A00%3A00%200%20420&aid=2D6B609D05031E1E-40001186600011B4&ce=UTF-8&c.&omn.&tlsversion=TLSv1.2&.omn&a.&action=Click%20Action&TimeSinceLaunch=1&DeviceName=SM-G955N&AppID=My%20Bluebird%203.100.0.1%20%28346%29&Resolution=1280x720&OSVersion=Android%204.4.2&CarrierName=T-Mobile&.a&.c&AQE=1;%;false;%;1;%;no-cache, no-store, max-age=0, no-transform, private;%;Tue, 17 Apr 2018 03:53:35 GMT;%;Not found;%;Not found
I/System.out(20291): body:<bw: boolean a(java.lang.String,java.util.Map)>	sig:virtualinvoke $r3.<java.net.HttpURLConnection: int getResponseCode()>()	timediff:0
I/System.out(20291): body:<bw: boolean a(java.lang.String,java.util.Map)>	sig:virtualinvoke $r3.<java.net.HttpURLConnection: void disconnect()>()	timediff:0
W/EGL_emulation(20291): eglSurfaceAttrib not implemented 3093 12436
W/ViewRootImpl(20291): Dropping event due to no window focus: KeyEvent { action=ACTION_DOWN, keyCode=KEYCODE_DPAD_CENTER, scanCode=0, metaState=0, flags=0x8, repeatCount=0, eventTime=12195182, downTime=12195182, deviceId=-1, source=0x101 }
W/ViewRootImpl(20291): Dropping event due to no window focus: KeyEvent { action=ACTION_DOWN, keyCode=KEYCODE_DPAD_CENTER, scanCode=0, metaState=0, flags=0x8, repeatCount=0, eventTime=12195211, downTime=12195211, deviceId=-1, source=0x101 }
W/ViewRootImpl(20291): Dropping event due to no window focus: KeyEvent { action=ACTION_DOWN, keyCode=KEYCODE_MENU, scanCode=0, metaState=0, flags=0x8, repeatCount=0, eventTime=12195213, downTime=12195213, deviceId=-1, source=0x101 }
V/PanelView(  538): animationTick called with dtms=0; nothing to do (h=0.0 v=-0.0)
W/ViewRootImpl(20291): Dropping event due to no window focus: KeyEvent { action=ACTION_DOWN, keyCode=KEYCODE_DPAD_RIGHT, scanCode=0, metaState=0, flags=0x8, repeatCount=0, eventTime=12195214, downTime=12195214, deviceId=-1, source=0x101 }
V/InputMethodService(  621): onEvaluateInputViewShown: config.hardKeyboardHidden = 1
W/InputMethodManagerService(  483): Window already focused, ignoring focus gain of: com.android.internal.view.IInputMethodClient$Stub$Proxy@4a9a2db4 attribute=android.view.inputmethod.EditorInfo@4a997d80, token = android.os.BinderProxy@4abdf810
W/ContextImpl(  483): Calling a method in the system process without a qualified user: android.app.ContextImpl.sendBroadcast:1123 com.android.server.InputMethodManagerService.showCurrentInputLocked:1791 com.android.server.InputMethodManagerService.attachNewInputLocked:1095 com.android.server.InputMethodManagerService.startInputUncheckedLocked:1166 com.android.server.InputMethodManagerService.windowGainedFocus:1932 
V/InputMethodService(  621): onEvaluateInputViewShown: config.hardKeyboardHidden = 1
W/ContextImpl(  483): Calling a method in the system process without a qualified user: android.app.ContextImpl.sendBroadcast:1123 com.android.server.InputMethodManagerService.showCurrentInputLocked:1791 com.android.server.InputMethodManagerService.attachNewInputLocked:1095 com.android.server.InputMethodManagerService.startInputUncheckedLocked:1166 com.android.server.InputMethodManagerService.startInputLocked:1128 
V/InputMethodService(  621): onEvaluateInputViewShown: config.hardKeyboardHidden = 1
V/InputMethodService(  621): onEvaluateInputViewShown: config.hardKeyboardHidden = 1
W/ContextImpl(  483): Calling a method in the system process without a qualified user: android.app.ContextImpl.sendBroadcast:1123 com.android.server.InputMethodManagerService.showCurrentInputLocked:1791 com.android.server.InputMethodManagerService.showSoftInput:1753 com.android.internal.view.IInputMethodManager$Stub.onTransact:175 com.android.server.InputMethodManagerService.onTransact:818 
W/ContextImpl(  483): Calling a method in the system process without a qualified user: android.app.ContextImpl.sendBroadcast:1123 com.android.server.InputMethodManagerService.showCurrentInputLocked:1791 com.android.server.InputMethodManagerService.showSoftInput:1753 com.android.internal.view.IInputMethodManager$Stub.onTransact:175 com.android.server.InputMethodManagerService.onTransact:818 
I/ActivityManager(  483): START u0 {act=android.intent.action.MAIN cat=[android.intent.category.LAUNCHER] flg=0x10200000 cmp=com.bluebird.mobile/com.serve.platform.wrapper.tLauncher} from pid 20084
W/dalvikvm(20291): VFY: branch offset of zero not allowed at 0
W/dalvikvm(20291): VFY:  rejected Lcom/serve/sdk/wire/subclasses/Feature;.getWireErrors ()Ljava/util/List;
W/dalvikvm(20291): VFY:  rejecting opcode 0x28 at 0x0000
W/dalvikvm(20291): VFY:  rejected Lcom/serve/sdk/wire/subclasses/Feature;.getWireErrors ()Ljava/util/List;
W/dalvikvm(20291): Verifier rejected class Lcom/serve/sdk/wire/subclasses/Feature;
D/dalvikvm(20291): GC_CONCURRENT freed 288K, 12% free 6256K/7084K, paused 1ms+1ms, total 5ms
W/dalvikvm(20291): threadid=18: thread exiting with uncaught exception (group=0x94c45b20)
W/System.err(20291): java.lang.VerifyError: com/serve/sdk/wire/subclasses/Feature
W/System.err(20291): 	at com.serve.sdk.wire.subclasses.Feature$Builder.build(SourceFile:174)
W/System.err(20291): 	at com.serve.sdk.wire.subclasses.Feature$Builder.build(SourceFile:133)
W/System.err(20291): 	at com.squareup.wire.MessageAdapter.read(SourceFile:562)
W/System.err(20291): 	at com.squareup.wire.MessageAdapter.readMessage(SourceFile:663)
W/System.err(20291): 	at com.squareup.wire.MessageAdapter.readValue(SourceFile:646)
W/System.err(20291): 	at com.squareup.wire.MessageAdapter.read(SourceFile:602)
W/System.err(20291): 	at com.squareup.wire.Wire.parseFrom(SourceFile:167)
W/System.err(20291): 	at com.squareup.wire.Wire.parseFrom(SourceFile:124)
W/System.err(20291): 	at com.serve.sdk.SimpleAPIExecutor.getResponseObject(SourceFile:56)
W/System.err(20291): 	at com.serve.sdk.SimpleAPIExecutor.access$200(SourceFile:32)
W/System.err(20291): 	at com.serve.sdk.SimpleAPIExecutor$Execute.run(SourceFile:226)
W/System.err(20291): 	at java.util.concurrent.ThreadPoolExecutor.runWorker(ThreadPoolExecutor.java:1112)
W/System.err(20291): 	at java.util.concurrent.ThreadPoolExecutor$Worker.run(ThreadPoolExecutor.java:587)
W/System.err(20291): 	at java.lang.Thread.run(Thread.java:841)
I/ActivityManager(  483): START u0 {act=com.bluebird.mobile.SEND_EXCEPTION_TO_SERVER flg=0x14008000 cmp=com.bluebird.mobile/com.serve.platform.ExceptionReceiver (has extras)} from pid 20291
I/AndroidRuntime(20291): VM exiting with result code 0, cleanup skipped.
W/NetworkManagementSocketTagger(  483): setKernelCountSet(10072, 0) failed with errno -13
I/ActivityManager(  483): Process com.bluebird.mobile (pid 20291) has died.
I/WindowState(  483): WIN DEATH: Window{4a99b92c u0 com.bluebird.mobile/com.serve.platform.wrapper.tLoginActivityQuickBalance}
W/InputManager(  483): Input event injection from pid 20084 failed.
I/WindowState(  483): WIN DEATH: Window{4aa015ac u0 SubPanel:com.bluebird.mobile/com.serve.platform.wrapper.tLoginActivityQuickBalance EXITING}
W/InputManager(  483): Input event injection from pid 20084 failed.
W/InputManager(  483): Input event injection from pid 20084 failed.
W/InputManager(  483): Input event injection from pid 20084 failed.
W/InputManager(  483): Input event injection from pid 20084 failed.
W/InputManager(  483): Input event injection from pid 20084 failed.
W/InputManager(  483): Input event injection from pid 20084 failed.
W/InputManager(  483): Input event injection from pid 20084 failed.
W/NetworkManagementSocketTagger(  483): setKernelCountSet(10072, 1) failed with errno -13
D/dalvikvm(20169): GC_FOR_ALLOC freed 124K, 34% free 3343K/5012K, paused 2ms, total 2ms
I/dalvikvm-heap(20169): Grow heap (frag case) to 3.951MB for 635808-byte allocation
D/dalvikvm(20169): GC_FOR_ALLOC freed <1K, 21% free 3963K/5012K, paused 2ms, total 2ms
D/dalvikvm(20169): GC_CONCURRENT freed <1K, 21% free 3963K/5012K, paused 0ms+1ms, total 2ms
W/EGL_emulation(  674): eglSurfaceAttrib not implemented 3093 12436
W/Binder  (  621): Caught a RuntimeException from the binder stub implementation.
W/Binder  (  621): java.lang.NullPointerException
W/Binder  (  621): 	at android.inputmethodservice.IInputMethodWrapper.setSessionEnabled(IInputMethodWrapper.java:280)
W/Binder  (  621): 	at com.android.internal.view.IInputMethod$Stub.onTransact(IInputMethod.java:129)
W/Binder  (  621): 	at android.os.Binder.execTransact(Binder.java:404)
W/Binder  (  621): 	at dalvik.system.NativeStart.run(Native Method)
W/ViewRootImpl(  674): Dropping event due to no window focus: KeyEvent { action=ACTION_DOWN, keyCode=KEYCODE_DPAD_CENTER, scanCode=0, metaState=0, flags=0x8, repeatCount=0, eventTime=12195309, downTime=12195309, deviceId=-1, source=0x101 }
W/ContextImpl(  483): Calling a method in the system process without a qualified user: android.app.ContextImpl.sendBroadcast:1123 com.android.server.InputMethodManagerService.hideCurrentInputLocked:1880 com.android.server.InputMethodManagerService.windowGainedFocus:1968 com.android.internal.view.IInputMethodManager$Stub.onTransact:221 com.android.server.InputMethodManagerService.onTransact:818 
W/InputMethodManagerService(  483): Got RemoteException sending setActive(false) notification to pid 20291 uid 10072
D/FirebaseApp(  674): Notifying background state change listeners.
W/WindowManager(  483): Force-removing child win Window{4aa015ac u0 SubPanel:com.bluebird.mobile/com.serve.platform.wrapper.tLoginActivityQuickBalance EXITING} from container Window{4a99b92c u0 com.bluebird.mobile/com.serve.platform.wrapper.tLoginActivityQuickBalance}
W/NetworkManagementSocketTagger(  483): setKernelCountSet(10072, 0) failed with errno -13
W/Launcher(  674): No global search activity found.
W/PropertyValuesHolder(  674): Method setBrightness() with type int not found on target class class ph
W/PropertyValuesHolder(  674): Method getBrightness() with type int not found on target class class ph
W/PropertyValuesHolder(  674): Method setBrightness() with type int not found on target class class ph
W/PropertyValuesHolder(  674): Method getBrightness() with type int not found on target class class ph
I/ActivityManager(  483): START u0 {act=android.intent.action.MAIN cat=[android.intent.category.LAUNCHER] flg=0x10200000 cmp=com.android.browser/.BrowserActivity bnds=[130,174][334,301] (has extras)} from pid 674
W/ContextImpl(  674): Calling a method in the system process without a qualified user: android.app.ContextImpl.sendBroadcast:1137 android.content.ContextWrapper.sendBroadcast:370 com.vphone.launcher.Stats.recordLaunch:129 com.vphone.launcher.Launcher.c:3192 com.vphone.launcher.Launcher.onClickAppShortcut:3144 
V/FlingTracker(  538): computeCurrentVelocity warning: totalweight=0
V/FlingTracker(  538): java.lang.Throwable
V/FlingTracker(  538): 	at com.android.systemui.statusbar.phone.PanelView$FlingTracker.computeCurrentVelocity(PanelView.java:162)
V/FlingTracker(  538): 	at com.android.systemui.statusbar.phone.PanelView$3.onTouch(PanelView.java:462)
V/FlingTracker(  538): 	at android.view.View.dispatchTouchEvent(View.java:7701)
V/FlingTracker(  538): 	at com.android.systemui.statusbar.phone.NotificationPanelView.onTouchEvent(NotificationPanelView.java:138)
V/FlingTracker(  538): 	at com.android.systemui.statusbar.phone.PanelBar.onTouchEvent(PanelBar.java:130)
V/FlingTracker(  538): 	at com.android.systemui.statusbar.phone.PhoneStatusBarView.onTouchEvent(PhoneStatusBarView.java:201)
V/FlingTracker(  538): 	at android.view.View.dispatchTouchEvent(View.java:7706)
V/FlingTracker(  538): 	at android.view.ViewGroup.dispatchTransformedTouchEvent(ViewGroup.java:2210)
V/FlingTracker(  538): 	at android.view.ViewGroup.dispatchTouchEvent(ViewGroup.java:1945)
V/FlingTracker(  538): 	at android.view.ViewGroup.dispatchTransformedTouchEvent(ViewGroup.java:2216)
V/FlingTracker(  538): 	at android.view.ViewGroup.dispatchTouchEvent(ViewGroup.java:1959)
V/FlingTracker(  538): 	at android.view.View.dispatchPointerEvent(View.java:7886)
V/FlingTracker(  538): 	at android.view.ViewRootImpl$ViewPostImeInputStage.processPointerEvent(ViewRootImpl.java:3978)
V/FlingTracker(  538): 	at android.view.ViewRootImpl$ViewPostImeInputStage.onProcess(ViewRootImpl.java:3857)
V/FlingTracker(  538): 	at android.view.ViewRootImpl$InputStage.deliver(ViewRootImpl.java:3423)
V/FlingTracker(  538): 	at android.view.ViewRootImpl$InputStage.onDeliverToNext(ViewRootImpl.java:3473)
V/FlingTracker(  538): 	at android.view.ViewRootImpl$InputStage.forward(ViewRootImpl.java:3442)
V/FlingTracker(  538): 	at android.view.ViewRootImpl$AsyncInputStage.forward(ViewRootImpl.java:3549)
V/FlingTracker(  538): 	at android.view.ViewRootImpl$InputStage.apply(ViewRootImpl.java:3450)
V/FlingTracker(  538): 	at android.view.ViewRootImpl$AsyncInputStage.apply(ViewRootImpl.java:3606)
V/FlingTracker(  538): 	at android.view.ViewRootImpl$InputStage.deliver(ViewRootImpl.java:3423)
V/FlingTracker(  538): 	at android.view.ViewRootImpl$InputStage.onDeliverToNext(ViewRootImpl.java:3473)
V/FlingTracker(  538): 	at android.view.ViewRootImpl$InputStage.forward(ViewRootImpl.java:3442)
V/FlingTracker(  538): 	at android.view.ViewRootImpl$InputStage.apply(ViewRootImpl.java:3450)
V/FlingTracker(  538): 	at android.view.ViewRootImpl$InputStage.deliver(ViewRootImpl.java:3423)
V/FlingTracker(  538): 	at android.view.ViewRootImpl.deliverInputEvent(ViewRootImpl.java:5626)
V/FlingTracker(  538): 	at android.view.ViewRootImpl.doProcessInputEvents(ViewRootImpl.java:5606)
V/FlingTracker(  538): 	at android.view.ViewRootImpl.enqueueInputEvent(ViewRootImpl.java:5577)
V/FlingTracker(  538): 	at android.view.ViewRootImpl$WindowInputEventReceiver.onInputEvent(ViewRootImpl.java:5706)
V/FlingTracker(  538): 	at android.view.InputEventReceiver.dispatchInputEvent(InputEventReceiver.java:185)
V/FlingTracker(  538): 	at android.os.MessageQueue.nativePollOnce(Native Method)
V/FlingTracker(  538): 	at android.os.MessageQueue.next(MessageQueue.java:138)
V/FlingTracker(  538): 	at android.os.Looper.loop(Looper.java:123)
V/FlingTracker(  538): 	at android.app.ActivityThread.main(ActivityThread.java:5019)
V/FlingTracker(  538): 	at java.lang.reflect.Method.invokeNative(Native Method)
V/FlingTracker(  538): 	at java.lang.reflect.Method.invoke(Method.java:515)
V/FlingTracker(  538): 	at com.android.internal.os.ZygoteInit$MethodAndArgsCaller.run(ZygoteInit.java:779)
V/FlingTracker(  538): 	at com.android.internal.os.ZygoteInit.main(ZygoteInit.java:595)
V/FlingTracker(  538): 	at dalvik.system.NativeStart.main(Native Method)
V/PanelView(  538): animationTick called with dtms=0; nothing to do (h=0.0 v=0.0)
V/PanelView(  538): animationTick called with dtms=-1; nothing to do (h=0.0 v=0.0)
D/dalvikvm(20169): GC_CONCURRENT freed 873K, 30% free 3549K/5012K, paused 1ms+1ms, total 8ms
W/PropertyValuesHolder(  674): Method setBrightness() with type int not found on target class class ph
W/PropertyValuesHolder(  674): Method getBrightness() with type int not found on target class class ph
V/FlingTracker(  538): computeCurrentVelocity warning: totalweight=0
V/FlingTracker(  538): java.lang.Throwable
V/FlingTracker(  538): 	at com.android.systemui.statusbar.phone.PanelView$FlingTracker.computeCurrentVelocity(PanelView.java:162)
V/FlingTracker(  538): 	at com.android.systemui.statusbar.phone.PanelView$3.onTouch(PanelView.java:462)
V/FlingTracker(  538): 	at android.view.View.dispatchTouchEvent(View.java:7701)
V/FlingTracker(  538): 	at com.android.systemui.statusbar.phone.NotificationPanelView.onTouchEvent(NotificationPanelView.java:138)
V/FlingTracker(  538): 	at com.android.systemui.statusbar.phone.PanelBar.onTouchEvent(PanelBar.java:130)
V/FlingTracker(  538): 	at com.android.systemui.statusbar.phone.PhoneStatusBarView.onTouchEvent(PhoneStatusBarView.java:201)
V/FlingTracker(  538): 	at android.view.View.dispatchTouchEvent(View.java:7706)
V/FlingTracker(  538): 	at android.view.ViewGroup.dispatchTransformedTouchEvent(ViewGroup.java:2210)
V/FlingTracker(  538): 	at android.view.ViewGroup.dispatchTouchEvent(ViewGroup.java:1945)
V/FlingTracker(  538): 	at android.view.ViewGroup.dispatchTransformedTouchEvent(ViewGroup.java:2216)
V/FlingTracker(  538): 	at android.view.ViewGroup.dispatchTouchEvent(ViewGroup.java:1959)
V/FlingTracker(  538): 	at android.view.View.dispatchPointerEvent(View.java:7886)
V/FlingTracker(  538): 	at android.view.ViewRootImpl$ViewPostImeInputStage.processPointerEvent(ViewRootImpl.java:3978)
V/FlingTracker(  538): 	at android.view.ViewRootImpl$ViewPostImeInputStage.onProcess(ViewRootImpl.java:3857)
V/FlingTracker(  538): 	at android.view.ViewRootImpl$InputStage.deliver(ViewRootImpl.java:3423)
V/FlingTracker(  538): 	at android.view.ViewRootImpl$InputStage.onDeliverToNext(ViewRootImpl.java:3473)
V/FlingTracker(  538): 	at android.view.ViewRootImpl$InputStage.forward(ViewRootImpl.java:3442)
V/FlingTracker(  538): 	at android.view.ViewRootImpl$AsyncInputStage.forward(ViewRootImpl.java:3549)
V/FlingTracker(  538): 	at android.view.ViewRootImpl$InputStage.apply(ViewRootImpl.java:3450)
V/FlingTracker(  538): 	at android.view.ViewRootImpl$AsyncInputStage.apply(ViewRootImpl.java:3606)
V/FlingTracker(  538): 	at android.view.ViewRootImpl$InputStage.deliver(ViewRootImpl.java:3423)
V/FlingTracker(  538): 	at android.view.ViewRootImpl$InputStage.onDeliverToNext(ViewRootImpl.java:3473)
V/FlingTracker(  538): 	at android.view.ViewRootImpl$InputStage.forward(ViewRootImpl.java:3442)
V/FlingTracker(  538): 	at android.view.ViewRootImpl$InputStage.apply(ViewRootImpl.java:3450)
V/FlingTracker(  538): 	at android.view.ViewRootImpl$InputStage.deliver(ViewRootImpl.java:3423)
V/FlingTracker(  538): 	at android.view.ViewRootImpl.deliverInputEvent(ViewRootImpl.java:5626)
V/FlingTracker(  538): 	at android.view.ViewRootImpl.doProcessInputEvents(ViewRootImpl.java:5606)
V/FlingTracker(  538): 	at android.view.ViewRootImpl.enqueueInputEvent(ViewRootImpl.java:5577)
V/FlingTracker(  538): 	at android.view.ViewRootImpl$WindowInputEventReceiver.onInputEvent(ViewRootImpl.java:5706)
V/FlingTracker(  538): 	at android.view.InputEventReceiver.dispatchInputEvent(InputEventReceiver.java:185)
V/FlingTracker(  538): 	at android.os.MessageQueue.nativePollOnce(Native Method)
V/FlingTracker(  538): 	at android.os.MessageQueue.next(MessageQueue.java:138)
V/FlingTracker(  538): 	at android.os.Looper.loop(Looper.java:123)
V/FlingTracker(  538): 	at android.app.ActivityThread.main(ActivityThread.java:5019)
V/FlingTracker(  538): 	at java.lang.reflect.Method.invokeNative(Native Method)
V/FlingTracker(  538): 	at java.lang.reflect.Method.invoke(Method.java:515)
V/FlingTracker(  538): 	at com.android.internal.os.ZygoteInit$MethodAndArgsCaller.run(ZygoteInit.java:779)
V/FlingTracker(  538): 	at com.android.internal.os.ZygoteInit.main(ZygoteInit.java:595)
V/FlingTracker(  538): 	at dalvik.system.NativeStart.main(Native Method)
V/PanelView(  538): animationTick called with dtms=0; nothing to do (h=0.0 v=0.0)
V/PanelView(  538): animationTick called with dtms=-8; nothing to do (h=0.0 v=0.0)
W/WindowManager(  483): updateFocusedWindowLocked, focusedAppToken is null.
W/ViewRootImpl(  538): Dropping event due to no window focus: KeyEvent { action=ACTION_DOWN, keyCode=KEYCODE_MENU, scanCode=0, metaState=0, flags=0x8, repeatCount=0, eventTime=12195654, downTime=12195654, deviceId=-1, source=0x101 }
W/InputMethodManagerService(  483): Starting input on non-focused client com.android.internal.view.IInputMethodClient$Stub$Proxy@4a96ab34 (uid=1000 pid=674)
W/EGL_emulation(16184): eglSurfaceAttrib not implemented 3093 12436
I/ActivityManager(  483): START u0 {act=android.intent.action.MAIN cat=[android.intent.category.LAUNCHER] flg=0x10200000 cmp=com.android.browser/.BrowserActivity bnds=[130,174][334,301] (has extras)} from pid 674
W/ContextImpl(  674): Calling a method in the system process without a qualified user: android.app.ContextImpl.sendBroadcast:1137 android.content.ContextWrapper.sendBroadcast:370 com.vphone.launcher.Stats.recordLaunch:129 com.vphone.launcher.Launcher.c:3192 com.vphone.launcher.Launcher.onClickAppShortcut:3144 
W/ContextImpl(  483): Calling a method in the system process without a qualified user: android.app.ContextImpl.sendBroadcast:1123 com.android.server.InputMethodManagerService.hideCurrentInputLocked:1880 com.android.server.InputMethodManagerService.windowGainedFocus:1968 com.android.internal.view.IInputMethodManager$Stub.onTransact:221 com.android.server.InputMethodManagerService.onTransact:818 
W/InputEventReceiver(  538): Attempted to finish an input event but the input event receiver has already been disposed.
W/PropertyValuesHolder(  674): Method setBrightness() with type int not found on target class class ph
W/PropertyValuesHolder(  674): Method getBrightness() with type int not found on target class class ph
W/ContextImpl(  483): Calling a method in the system process without a qualified user: android.app.ContextImpl.sendBroadcast:1123 com.android.server.InputMethodManagerService.hideCurrentInputLocked:1880 com.android.server.InputMethodManagerService.windowGainedFocus:1968 com.android.internal.view.IInputMethodManager$Stub.onTransact:221 com.android.server.InputMethodManagerService.onTransact:818 
I/ActivityManager(  483): START u0 {act=android.intent.action.MAIN cat=[android.intent.category.LAUNCHER] flg=0x10200000 cmp=com.cyanogenmod.filemanager/.activities.NavigationActivity bnds=[334,174][538,301] (has extras)} from pid 674
W/ContextImpl(  674): Calling a method in the system process without a qualified user: android.app.ContextImpl.sendBroadcast:1137 android.content.ContextWrapper.sendBroadcast:370 com.vphone.launcher.Stats.recordLaunch:129 com.vphone.launcher.Launcher.c:3192 com.vphone.launcher.Launcher.onClickAppShortcut:3144 
D/dalvikvm(20169): GC_CONCURRENT freed 612K, 33% free 3371K/5012K, paused 2ms+1ms, total 4ms
I/ActivityManager(  483): START u0 {act=android.intent.action.MAIN cat=[android.intent.category.HOME] flg=0x10200000 cmp=com.vphone.launcher/.Launcher} from pid 483
V/PanelView(  538): animationTick called with dtms=0; nothing to do (h=0.0 v=-0.0)
V/PanelView(  538): animationTick called with dtms=-14; nothing to do (h=0.0 v=-0.0)
I/ActivityManager(  483): START u0 {act=android.intent.action.MAIN cat=[android.intent.category.LAUNCHER] flg=0x10200000 cmp=com.android.browser/.BrowserActivity bnds=[130,174][334,301] (has extras)} from pid 674
W/ContextImpl(  674): Calling a method in the system process without a qualified user: android.app.ContextImpl.sendBroadcast:1137 android.content.ContextWrapper.sendBroadcast:370 com.vphone.launcher.Stats.recordLaunch:129 com.vphone.launcher.Launcher.c:3192 com.vphone.launcher.Launcher.onClickAppShortcut:3144 
I/ActivityManager(  483): START u0 {act=android.intent.action.MAIN cat=[android.intent.category.LAUNCHER] flg=0x10200000 cmp=com.bluebird.mobile/com.serve.platform.wrapper.tLauncher} from pid 20084
D/yeshen  (  674): launcher onpause
I/ActivityManager(  483): Start proc com.bluebird.mobile for activity com.bluebird.mobile/com.serve.platform.wrapper.tLauncher: pid=20377 uid=10072 gids={50072, 3003, 1028, 1015, 1023}
W/PropertyValuesHolder(  674): Method setBrightness() with type int not found on target class class ph
W/PropertyValuesHolder(  674): Method getBrightness() with type int not found on target class class ph
W/NetworkManagementSocketTagger(  483): setKernelCountSet(10072, 1) failed with errno -13
I/dalvikvm(20377): ignoring registerObject request in thread=1
I/dalvikvm(20377): ignoring registerObject request in thread=1
I/ActivityManager(  483): START u0 {act=android.intent.action.MAIN cat=[android.intent.category.LAUNCHER] flg=0x10200000 cmp=com.bluebird.mobile/com.serve.platform.wrapper.tLauncher} from pid 20084
I/ActivityManager(  483): START u0 {flg=0x30008000 cmp=com.bluebird.mobile/com.serve.platform.wrapper.tLoginActivityQuickBalance} from pid 20377
W/ViewRootImpl(  674): Dropping event due to no window focus: KeyEvent { action=ACTION_DOWN, keyCode=KEYCODE_SEARCH, scanCode=0, metaState=0, flags=0x8, repeatCount=0, eventTime=12196114, downTime=12196114, deviceId=-1, source=0x101 }
W/ActivityManager(  483): Duplicate finish request for ActivityRecord{4a9ae698 u0 com.bluebird.mobile/com.serve.platform.wrapper.tLauncher t207 f}
I/ActivityManager(  483): START u0 {act=android.intent.action.MAIN cat=[android.intent.category.LAUNCHER] flg=0x10200000 cmp=com.facebook.lite/.MainActivity bnds=[538,301][742,428] (has extras)} from pid 674
W/ContextImpl(  674): Calling a method in the system process without a qualified user: android.app.ContextImpl.sendBroadcast:1137 android.content.ContextWrapper.sendBroadcast:370 com.vphone.launcher.Stats.recordLaunch:129 com.vphone.launcher.Launcher.c:3192 com.vphone.launcher.Launcher.onClickAppShortcut:3144 
W/dalvikvm(20377): VFY: unable to find class referenced in signature (Landroid/view/SearchEvent;)
I/dalvikvm(20377): Could not find method android.view.Window$Callback.onSearchRequested, referenced from method android.support.v7.view.WindowCallbackWrapper.onSearchRequested
W/dalvikvm(20377): VFY: unable to resolve interface method 19458: Landroid/view/Window$Callback;.onSearchRequested (Landroid/view/SearchEvent;)Z
D/dalvikvm(20377): VFY: replacing opcode 0x72 at 0x0002
I/dalvikvm(20377): Could not find method android.view.Window$Callback.onWindowStartingActionMode, referenced from method android.support.v7.view.WindowCallbackWrapper.onWindowStartingActionMode
W/dalvikvm(20377): VFY: unable to resolve interface method 19462: Landroid/view/Window$Callback;.onWindowStartingActionMode (Landroid/view/ActionMode$Callback;I)Landroid/view/ActionMode;
D/dalvikvm(20377): VFY: replacing opcode 0x72 at 0x0002
D/dalvikvm(20377): JIT code cache reset in 0 ms (0 bytes 1/0)
D/dalvikvm(20377): GC_CONCURRENT freed 241K, 11% free 2933K/3260K, paused 1ms+0ms, total 4ms
D/dalvikvm(20377): GC_FOR_ALLOC freed 99K, 9% free 3098K/3380K, paused 3ms, total 3ms
I/dalvikvm-heap(20377): Grow heap (frag case) to 4.665MB for 1635852-byte allocation
W/InputMethodManagerService(  483): Focus gain on non-focused client com.android.internal.view.IInputMethodClient$Stub$Proxy@4a96ab34 (uid=1000 pid=674)
D/yeshen  (  674): launcher onstop
W/DebugConnManager(  674): getNetworkInfo() on networkType 1
D/dalvikvm(20377): GC_FOR_ALLOC freed <1K, 6% free 4695K/4980K, paused 10ms, total 10ms
D/dalvikvm(20377): GC_CONCURRENT freed 0K, 6% free 4695K/4980K, paused 16ms+0ms, total 18ms
D/dalvikvm(20377): GC_FOR_ALLOC freed 54K, 6% free 4869K/5140K, paused 1ms, total 2ms
I/dalvikvm-heap(20377): Grow heap (frag case) to 5.441MB for 635808-byte allocation
D/dalvikvm(20377): GC_FOR_ALLOC freed <1K, 5% free 5490K/5764K, paused 6ms, total 6ms
D/dalvikvm(20377): GC_CONCURRENT freed 1K, 5% free 5490K/5764K, paused 1ms+0ms, total 3ms
D/dalvikvm(  674): GC_FOR_ALLOC freed 7252K, 3% free 330862K/338264K, paused 64ms, total 64ms
D/FirebaseApp(  674): Notifying background state change listeners.
D/Tinker.DefaultAppLike(  674): onTrimMemory level:20
I/dalvikvm(20377): Could not find method android.content.res.Resources.getDrawable, referenced from method android.support.v7.widget.ResourcesWrapper.getDrawable
W/dalvikvm(20377): VFY: unable to resolve virtual method 605: Landroid/content/res/Resources;.getDrawable (ILandroid/content/res/Resources$Theme;)Landroid/graphics/drawable/Drawable;
D/dalvikvm(20377): VFY: replacing opcode 0x6e at 0x0002
I/dalvikvm(20377): Could not find method android.content.res.Resources.getDrawableForDensity, referenced from method android.support.v7.widget.ResourcesWrapper.getDrawableForDensity
W/dalvikvm(20377): VFY: unable to resolve virtual method 607: Landroid/content/res/Resources;.getDrawableForDensity (IILandroid/content/res/Resources$Theme;)Landroid/graphics/drawable/Drawable;
D/dalvikvm(20377): VFY: replacing opcode 0x6e at 0x0002
I/dalvikvm(20377): Could not find method android.content.res.TypedArray.getChangingConfigurations, referenced from method android.support.v7.widget.TintTypedArray.getChangingConfigurations
W/dalvikvm(20377): VFY: unable to resolve virtual method 642: Landroid/content/res/TypedArray;.getChangingConfigurations ()I
D/dalvikvm(20377): VFY: replacing opcode 0x6e at 0x0002
I/dalvikvm(20377): Could not find method android.content.res.TypedArray.getType, referenced from method android.support.v7.widget.TintTypedArray.getType
W/dalvikvm(20377): VFY: unable to resolve virtual method 664: Landroid/content/res/TypedArray;.getType (I)I
D/dalvikvm(20377): VFY: replacing opcode 0x6e at 0x0002
D/dalvikvm(20377): GC_CONCURRENT freed 1023K, 14% free 5522K/6376K, paused 1ms+1ms, total 12ms
D/dalvikvm(  674): GC_CONCURRENT freed 107K, 3% free 330785K/338264K, paused 1ms+18ms, total 84ms
D/dalvikvm(20377): GC_CONCURRENT freed 1139K, 19% free 5240K/6452K, paused 2ms+0ms, total 7ms
V/WebViewChromium(20377): Binding Chromium to the background looper Looper (main, tid 1) {4a7857c4}
I/chromium(20377): [INFO:library_loader_hooks.cc(112)] Chromium logging enabled: level = 0, default verbosity = 0
I/BrowserProcessMain(20377): Initializing chromium process, renderers=0
W/chromium(20377): [WARNING:proxy_service.cc(888)] PAC support disabled because there is no system implementation
W/dalvikvm(20377): VFY: unable to find class referenced in signature (Lokhttp3/Request;)
W/dalvikvm(20377): VFY: unable to find class referenced in signature (Lokhttp3/Response;)
I/dalvikvm(20377): Could not find method okhttp3.Response.headers, referenced from method empirical.HelperClass.printOkHttpInfo
W/dalvikvm(20377): VFY: unable to resolve virtual method 48854: Lokhttp3/Response;.headers ()Lokhttp3/Headers;
D/dalvikvm(20377): VFY: replacing opcode 0x6e at 0x0006
W/dalvikvm(20377): VFY: unable to find class referenced in signature (Lokhttp3/Call;)
W/dalvikvm(20377): VFY: unable to find class referenced in signature (Lokhttp3/Response;)
I/dalvikvm(20377): Could not find method okhttp3.Call.request, referenced from method empirical.HelperClass.printOkHttpInfoFromCall
W/dalvikvm(20377): VFY: unable to resolve interface method 48848: Lokhttp3/Call;.request ()Lokhttp3/Request;
D/dalvikvm(20377): VFY: replacing opcode 0x72 at 0x0006
I/System.out(20377): body:<com.serve.platform.BaseApplication$2: void run()>	sig:virtualinvoke $r3.<javax.net.ssl.SSLSocket: void close()>()	timediff:1
D/libEGL  (20377): loaded /system/lib/egl/libEGL_adreno.so
D/        (20377): HostConnection::get() New Host Connection established 0xb8dcc250, tid 20377
D/libEGL  (20377): loaded /system/lib/egl/libGLESv1_CM_adreno.so
D/libEGL  (20377): loaded /system/lib/egl/libGLESv2_adreno.so
I/InputDispatcher(  483): Dropped event because of pending overdue app switch.
W/InputManager(  483): Input event injection from pid 20084 failed.
D/dalvikvm(20377): GC_FOR_ALLOC freed 190K, 19% free 5273K/6452K, paused 3ms, total 3ms
I/dalvikvm-heap(20377): Grow heap (frag case) to 5.835MB for 635808-byte allocation
D/dalvikvm(20377): GC_FOR_ALLOC freed <1K, 17% free 5893K/7076K, paused 4ms, total 4ms
I/System.out(20377): body:<bw: java.net.HttpURLConnection a(java.lang.String)>	sig:specialinvoke $r1.<java.net.URL: void <init>(java.lang.String)>($r0)	timediff:0
I/System.out(20377): <bw: java.net.HttpURLConnection a(java.lang.String)>###specialinvoke $r1.<java.net.URL: void <init>(java.lang.String)>($r0)###https://omns.americanexpress.com/b/ss/amexbluebirdmobappprod/0/JAVA-4.1.1-AN/s64050247?AQB=1&ndh=1&pageName=Page%20View&t=00%2F00%2F0000%2000%3A00%3A00%200%20420&aid=2D6B609D05031E1E-40001186600011B4&ce=UTF-8&c.&omn.&pageName=EnterDetailsUserName&hierarchy=US%7CAMEX%7CBlueBirdApp%3AAndroid%7CLogin&.omn&a.&AppID=My%20Bluebird%203.100.0.1%20%28346%29&DeviceName=SM-G955N&Resolution=1280x720&OSVersion=Android%204.4.2&CarrierName=T-Mobile&.a&.c&AQE=1
I/System.out(20377): body:<bw: java.net.HttpURLConnection a(java.lang.String)>	sig:$r0 = virtualinvoke $r1.<java.net.URL: java.lang.String getProtocol()>()	timediff:0
I/System.out(20377): body:<bw: java.net.HttpURLConnection a(java.lang.String)>	sig:$r2 = virtualinvoke $r1.<java.net.URL: java.net.URLConnection openConnection()>()	timediff:2
I/System.out(20377): body:<bw: boolean a(java.lang.String,java.util.Map)>	sig:virtualinvoke $r3.<java.net.HttpURLConnection: void setConnectTimeout(int)>(5000)	timediff:0
I/System.out(20377): body:<bw: boolean a(java.lang.String,java.util.Map)>	sig:virtualinvoke $r3.<java.net.HttpURLConnection: void setReadTimeout(int)>(5000)	timediff:0
I/System.out(20377): body:<bw: boolean a(java.lang.String,java.util.Map)>	sig:virtualinvoke $r3.<java.net.HttpURLConnection: void setRequestProperty(java.lang.String,java.lang.String)>($r9, $r8)	timediff:0
I/System.out(20377): body:<bw: boolean a(java.lang.String,java.util.Map)>	sig:virtualinvoke $r3.<java.net.HttpURLConnection: void setRequestProperty(java.lang.String,java.lang.String)>($r9, $r8)	timediff:0
W/EGL_emulation(20377): eglSurfaceAttrib not implemented 3093 12436
D/OpenGLRenderer(20377): Enabling debug mode 0
W/ViewRootImpl(20377): Dropping event due to no window focus: KeyEvent { action=ACTION_DOWN, keyCode=KEYCODE_DPAD_RIGHT, scanCode=0, metaState=0, flags=0x8, repeatCount=0, eventTime=12196436, downTime=12196436, deviceId=-1, source=0x101 }
W/ViewRootImpl(20377): Dropping event due to no window focus: KeyEvent { action=ACTION_DOWN, keyCode=KEYCODE_DPAD_RIGHT, scanCode=0, metaState=0, flags=0x8, repeatCount=0, eventTime=12196550, downTime=12196550, deviceId=-1, source=0x101 }
W/ContextImpl(  483): Calling a method in the system process without a qualified user: android.app.ContextImpl.sendBroadcast:1123 com.android.server.InputMethodManagerService.hideCurrentInputLocked:1880 com.android.server.InputMethodManagerService.windowGainedFocus:2000 com.android.internal.view.IInputMethodManager$Stub.onTransact:221 com.android.server.InputMethodManagerService.onTransact:818 
I/ActivityManager(  483): Displayed com.bluebird.mobile/com.serve.platform.wrapper.tLoginActivityQuickBalance: +476ms (total +519ms)
D/dalvikvm(20377): GC_CONCURRENT freed 1270K, 22% free 5536K/7076K, paused 0ms+1ms, total 3ms
I/System.out(20377): body:<bw: boolean a(java.lang.String,java.util.Map)>	sig:$r12 = virtualinvoke $r3.<java.net.HttpURLConnection: java.io.InputStream getInputStream()>()	timediff:174
I/System.out(20377): body:<empirical.HelperClass: void printURLInfo(java.lang.String,java.lang.String,java.net.URLConnection)>	sig:$r0 = virtualinvoke urlConnection.<java.net.URLConnection: java.net.URL getURL()>()	timediff:1
