--------- beginning of /dev/log/system
I/ActivityManager(  473): Resuming delayed broadcast
I/ActivityManager(  473): Killing 2618:com.google.android.partnersetup/u0a9 (adj 15): empty #17
--------- beginning of /dev/log/main
I/IcingInternalCorpora(  773): Received calendar change notification.
I/dalvikvm(  773): Could not find method android.os.UserHandle.isOwner, referenced from method advi.a
W/dalvikvm(  773): VFY: unable to resolve virtual method 16805: Landroid/os/UserHandle;.isOwner ()Z
D/dalvikvm(  773): VFY: replacing opcode 0x6e at 0x000a
I/dalvikvm(  773): Could not find method android.os.UserManager.getUserProfiles, referenced from method adtt.a
W/dalvikvm(  773): VFY: unable to resolve virtual method 16810: Landroid/os/UserManager;.getUserProfiles ()Ljava/util/List;
D/dalvikvm(  773): VFY: replacing opcode 0x6e at 0x003f
W/ResourceType(  661): Failure getting entry for 0x7f050000 (t=4 e=0) in package 0 (error -75)
W/PackageManager(  661): Failure retrieving text 0x7f050000 in package com.android.keyguard
W/PackageManager(  661): android.content.res.Resources$NotFoundException: String resource ID #0x7f050000
W/PackageManager(  661): 	at android.content.res.Resources.getText(Resources.java:244)
W/PackageManager(  661): 	at android.app.ApplicationPackageManager.getText(ApplicationPackageManager.java:1008)
W/PackageManager(  661): 	at android.content.pm.PackageItemInfo.loadLabel(PackageItemInfo.java:115)
W/PackageManager(  661): 	at com.lionmobi.util.i.getInstalledAppMap(dalvik_source_com.lionmobi.powerclean.apk)
W/PackageManager(  661): 	at com.lionmobi.powerclean.e.b.a(dalvik_source_com.lionmobi.powerclean.apk)
W/PackageManager(  661): 	at com.lionmobi.powerclean.e.b.onEventAsync(dalvik_source_com.lionmobi.powerclean.apk)
W/PackageManager(  661): 	at java.lang.reflect.Method.invokeNative(Native Method)
W/PackageManager(  661): 	at java.lang.reflect.Method.invoke(Method.java:515)
W/PackageManager(  661): 	at de.greenrobot.event.c.a(dalvik_source_com.lionmobi.powerclean.apk)
W/PackageManager(  661): 	at de.greenrobot.event.c.a(dalvik_source_com.lionmobi.powerclean.apk)
W/PackageManager(  661): 	at de.greenrobot.event.a.run(dalvik_source_com.lionmobi.powerclean.apk)
W/PackageManager(  661): 	at java.util.concurrent.ThreadPoolExecutor.runWorker(ThreadPoolExecutor.java:1112)
W/PackageManager(  661): 	at java.util.concurrent.ThreadPoolExecutor$Worker.run(ThreadPoolExecutor.java:587)
W/PackageManager(  661): 	at java.lang.Thread.run(Thread.java:841)
I/System.out( 3075): body:<com.amazon.clouddrive.library.service.http.Endpoint: void <init>()>	sig:$r1 = staticinvoke <java.net.URI: java.net.URI create(java.lang.String)>($r2)	timediff:0
I/System.out( 3075): body:<com.amazon.clouddrive.library.service.http.Endpoint: void <init>()>	sig:$r2 = virtualinvoke $r1.<java.net.URI: java.lang.String getHost()>()	timediff:0
I/System.out( 3075): body:<com.amazon.clouddrive.library.service.http.Endpoint: void <init>()>	sig:$r1 = staticinvoke <java.net.URI: java.net.URI create(java.lang.String)>($r2)	timediff:0
I/System.out( 3075): body:<com.amazon.clouddrive.library.service.http.Endpoint: void <init>()>	sig:$r2 = virtualinvoke $r1.<java.net.URI: java.lang.String getPath()>()	timediff:0
I/...stributedDataStorage( 3075): Distributed data store is already initialized. Simply returning from initialize workflow.
E/...ultipleAccountsLogic( 3075): No account mapping found for any account, returning null
D/CF      ( 2423): ALARM_SERVICE_START_TIME = 1521953115905
I/CastDatabase(  773): Saving the database
I/dalvikvm( 2423): Could not find method android.app.AlarmManager.setExactAndAllowWhileIdle, referenced from method com.cmplay.cloud.c.d
W/dalvikvm( 2423): VFY: unable to resolve virtual method 156: Landroid/app/AlarmManager;.setExactAndAllowWhileIdle (IJLandroid/app/PendingIntent;)V
D/dalvikvm( 2423): VFY: replacing opcode 0x6e at 0x0039
D/cfg     ( 2423): service update cloud config interval is too short
I/SQLiteCastStore(  773): [CastNetworkInfo] saved: 0, skipped: 0, [CastDeviceInfo]: saved 0, skipped 0, Paired Guest Mode DeviceInfo] saved: 0, skipped: 0.
I/ActivityManager(  473): Killing 2698:com.android.onetimeinitializer/u0a11 (adj 15): empty #17
I/ActivityManager(  473): Start proc com.android.providers.calendar for broadcast com.android.providers.calendar/.CalendarProviderBroadcastReceiver: pid=3427 uid=10001 gids={50001, 3003, 1028, 1015, 1023}
I/dalvikvm( 3427): ignoring registerObject request in thread=1
I/dalvikvm( 3427): ignoring registerObject request in thread=1
D/dalvikvm(  688): GC_CONCURRENT freed 1064K, 18% free 6220K/7496K, paused 2ms+1ms, total 18ms
I/CalendarProvider2( 3427): Created com.android.providers.calendar.CalendarAlarmManager@4a79a1c4(com.android.providers.calendar.CalendarProvider2@4a7960ac)
I/ActivityManager(  473): Killing 2639:android.process.acore/u0a3 (adj 15): empty #17
W/Searchables(  473): No global search activity found
W/Searchables(  473): No global search activity found
W/RecognitionManagerService(  473): no available voice recognition services found for user 0
I/System.out( 2924): body:<com.amazon.mp3.net.HttpRequestBuilder: com.amazon.mp3.net.HttpRequestBuilder fromUri(android.net.Uri)>	sig:$r4 = staticinvoke <java.net.URLDecoder: java.lang.String decode(java.lang.String,java.lang.String)>($r4, "UTF-8")	timediff:1
I/System.out( 2924): body:<com.amazon.mp3.net.HttpRequestBuilder: com.amazon.mp3.net.HttpRequestBuilder fromUri(android.net.Uri)>	sig:$r4 = staticinvoke <java.net.URLDecoder: java.lang.String decode(java.lang.String,java.lang.String)>($r4, "UTF-8")	timediff:0
I/System.out( 2924): body:<com.amazon.mp3.net.HttpRequestBuilder: com.amazon.mp3.net.HttpRequestBuilder fromUri(android.net.Uri)>	sig:$r4 = staticinvoke <java.net.URLDecoder: java.lang.String decode(java.lang.String,java.lang.String)>($r4, "UTF-8")	timediff:0
I/System.out( 2924): body:<com.amazon.mp3.net.HttpRequestBuilder: com.amazon.mp3.net.HttpRequestBuilder fromUri(android.net.Uri)>	sig:$r4 = staticinvoke <java.net.URLDecoder: java.lang.String decode(java.lang.String,java.lang.String)>($r4, "UTF-8")	timediff:0
I/System.out( 2924): body:<com.amazon.mp3.net.HttpRequestBuilder: com.amazon.mp3.net.HttpRequestBuilder fromUri(android.net.Uri)>	sig:$r4 = staticinvoke <java.net.URLDecoder: java.lang.String decode(java.lang.String,java.lang.String)>($r4, "UTF-8")	timediff:0
I/System.out( 2924): body:<com.amazon.mp3.net.HttpRequestBuilder: com.amazon.mp3.net.HttpRequestBuilder fromUri(android.net.Uri)>	sig:$r4 = staticinvoke <java.net.URLDecoder: java.lang.String decode(java.lang.String,java.lang.String)>($r4, "UTF-8")	timediff:0
I/System.out( 2924): body:<com.amazon.mp3.net.HttpRequestBuilder: com.amazon.mp3.net.HttpRequestBuilder fromUri(android.net.Uri)>	sig:$r4 = staticinvoke <java.net.URLDecoder: java.lang.String decode(java.lang.String,java.lang.String)>($r4, "UTF-8")	timediff:0
I/System.out( 2924): body:<com.amazon.mp3.net.HttpRequestBuilder: com.amazon.mp3.net.HttpRequestBuilder fromUri(android.net.Uri)>	sig:$r4 = staticinvoke <java.net.URLDecoder: java.lang.String decode(java.lang.String,java.lang.String)>($r4, "UTF-8")	timediff:0
I/System.out( 2924): body:<com.amazon.mp3.net.HttpRequestBuilder: com.amazon.mp3.net.HttpRequestBuilder fromUri(android.net.Uri)>	sig:$r4 = staticinvoke <java.net.URLDecoder: java.lang.String decode(java.lang.String,java.lang.String)>($r4, "UTF-8")	timediff:0
I/System.out( 2924): body:<com.amazon.mp3.net.HttpRequestBuilder: com.amazon.mp3.net.HttpRequestBuilder fromUri(android.net.Uri)>	sig:$r4 = staticinvoke <java.net.URLDecoder: java.lang.String decode(java.lang.String,java.lang.String)>($r4, "UTF-8")	timediff:0
I/System.out( 2924): body:<com.amazon.mp3.net.HttpRequestBuilder: com.amazon.mp3.net.HttpRequestBuilder fromUri(android.net.Uri)>	sig:$r4 = staticinvoke <java.net.URLDecoder: java.lang.String decode(java.lang.String,java.lang.String)>($r4, "UTF-8")	timediff:0
I/System.out( 2924): body:<com.amazon.mp3.net.HttpRequestBuilder: java.lang.String mapToQueryArguments(java.util.Map)>	sig:$r7 = staticinvoke <java.net.URLEncoder: java.lang.String encode(java.lang.String,java.lang.String)>($r7, "UTF-8")	timediff:0
I/System.out( 2924): body:<com.amazon.mp3.net.HttpRequestBuilder: java.lang.String mapToQueryArguments(java.util.Map)>	sig:$r7 = staticinvoke <java.net.URLEncoder: java.lang.String encode(java.lang.String,java.lang.String)>($r7, "UTF-8")	timediff:0
I/System.out( 2924): body:<com.amazon.mp3.net.HttpRequestBuilder: java.lang.String mapToQueryArguments(java.util.Map)>	sig:$r7 = staticinvoke <java.net.URLEncoder: java.lang.String encode(java.lang.String,java.lang.String)>($r7, "UTF-8")	timediff:0
I/System.out( 2924): body:<com.amazon.mp3.net.HttpRequestBuilder: java.lang.String mapToQueryArguments(java.util.Map)>	sig:$r7 = staticinvoke <java.net.URLEncoder: java.lang.String encode(java.lang.String,java.lang.String)>($r7, "UTF-8")	timediff:0
I/System.out( 2924): body:<com.amazon.mp3.net.HttpRequestBuilder: java.lang.String mapToQueryArguments(java.util.Map)>	sig:$r7 = staticinvoke <java.net.URLEncoder: java.lang.String encode(java.lang.String,java.lang.String)>($r7, "UTF-8")	timediff:0
I/System.out( 2924): body:<com.amazon.mp3.net.HttpRequestBuilder: java.lang.String mapToQueryArguments(java.util.Map)>	sig:$r7 = staticinvoke <java.net.URLEncoder: java.lang.String encode(java.lang.String,java.lang.String)>($r7, "UTF-8")	timediff:0
I/System.out( 2924): body:<com.amazon.mp3.net.HttpRequestBuilder: java.lang.String mapToQueryArguments(java.util.Map)>	sig:$r7 = staticinvoke <java.net.URLEncoder: java.lang.String encode(java.lang.String,java.lang.String)>($r7, "UTF-8")	timediff:0
I/System.out( 2924): body:<com.amazon.mp3.net.HttpRequestBuilder: java.lang.String mapToQueryArguments(java.util.Map)>	sig:$r7 = staticinvoke <java.net.URLEncoder: java.lang.String encode(java.lang.String,java.lang.String)>($r7, "UTF-8")	timediff:0
I/System.out( 2924): body:<com.amazon.mp3.net.HttpRequestBuilder: java.lang.String mapToQueryArguments(java.util.Map)>	sig:$r7 = staticinvoke <java.net.URLEncoder: java.lang.String encode(java.lang.String,java.lang.String)>($r7, "UTF-8")	timediff:0
I/System.out( 2924): body:<com.amazon.mp3.net.HttpRequestBuilder: java.lang.String mapToQueryArguments(java.util.Map)>	sig:$r7 = staticinvoke <java.net.URLEncoder: java.lang.String encode(java.lang.String,java.lang.String)>($r7, "UTF-8")	timediff:0
I/System.out( 2924): body:<com.amazon.mp3.net.HttpRequestBuilder: java.lang.String mapToQueryArguments(java.util.Map)>	sig:$r7 = staticinvoke <java.net.URLEncoder: java.lang.String encode(java.lang.String,java.lang.String)>($r7, "UTF-8")	timediff:0
I/System.out( 2924): body:<com.amazon.mp3.net.AbstractHttpClient: com.amazon.mp3.net.AbstractHttpClient execute(com.amazon.mp3.net.HttpRequestBuilder)>	sig:specialinvoke $r6.<java.net.URL: void <init>(java.lang.String)>($r7)	timediff:0
I/System.out( 2924): <com.amazon.mp3.net.AbstractHttpClient: com.amazon.mp3.net.AbstractHttpClient execute(com.amazon.mp3.net.HttpRequestBuilder)>###specialinvoke $r6.<java.net.URL: void <init>(java.lang.String)>($r7)###https://www.amazon.com/gp/dmusic/client-config.html//?androidVersionCode=381180120&clientVersionName=6.4&androidVersionName=4.4.2&androidVersionSdkName=19&deviceManufacturer=samsung&locale=en_US&androidVersionSdkCode=19&clientVersionCode=6040410&deviceModel=SM-G9350&carrier=T-Mobile&clientVersionFull=6.4.4
D/dalvikvm( 2924): GC_FOR_ALLOC freed 457K, 10% free 4945K/5456K, paused 13ms, total 13ms
D/dalvikvm( 2924): GC_CONCURRENT freed 55K, 10% free 5018K/5536K, paused 0ms+4ms, total 7ms
I/System.out( 2924): body:<com.amazon.mp3.net.AbstractHttpClient: com.amazon.mp3.net.AbstractHttpClient execute(com.amazon.mp3.net.HttpRequestBuilder)>	sig:$r8 = virtualinvoke $r6.<java.net.URL: java.net.URLConnection openConnection()>()	timediff:37
I/System.out( 2924): body:<com.amazon.mp3.net.AbstractHttpClient: void setConnectionOptions(java.net.HttpURLConnection,com.amazon.mp3.net.HttpRequestBuilder)>	sig:virtualinvoke $r1.<java.net.HttpURLConnection: void setConnectTimeout(int)>($i0)	timediff:0
I/System.out( 2924): body:<com.amazon.mp3.net.AbstractHttpClient: void setConnectionOptions(java.net.HttpURLConnection,com.amazon.mp3.net.HttpRequestBuilder)>	sig:virtualinvoke $r1.<java.net.HttpURLConnection: void setReadTimeout(int)>($i0)	timediff:0
I/System.out( 2924): body:<com.amazon.mp3.net.AbstractHttpClient: void setConnectionOptions(java.net.HttpURLConnection,com.amazon.mp3.net.HttpRequestBuilder)>	sig:virtualinvoke $r1.<java.net.HttpURLConnection: void setUseCaches(boolean)>(0)	timediff:0
I/System.out( 2924): body:<com.amazon.mp3.net.AbstractHttpClient: com.amazon.mp3.net.AbstractHttpClient execute(com.amazon.mp3.net.HttpRequestBuilder)>	sig:virtualinvoke $r9.<java.net.HttpURLConnection: void setRequestProperty(java.lang.String,java.lang.String)>("User-Agent", $r7)	timediff:0
I/ActivityManager(  473): Delaying start of: ServiceRecord{4ad65c2c u0 com.life360.android.safetymapd/com.life360.android.metrics.MetricsService}
D/dalvikvm( 1420): GC_CONCURRENT freed 296K, 19% free 3592K/4384K, paused 1ms+1ms, total 5ms
I/ActivityManager(  473): Delay finish: com.life360.android.safetymapd/com.life360.android.location.LocationDispatch
I/System.out( 1420): body:<b.w$a: void <init>()>	sig:$r4 = staticinvoke <java.net.ProxySelector: java.net.ProxySelector getDefault()>()	timediff:0
I/System.out( 1420): body:<b.a.c: java.lang.String b(java.lang.String)>	sig:$r0 = staticinvoke <java.net.IDN: java.lang.String toASCII(java.lang.String)>($r0)	timediff:0
W/dalvikvm( 3187): Found non-abstract interface method Lcom/c/a/a/v;.c ()Z
I/IcingInternalCorpora(  773): EventIndexer: starting incremental update
I/dalvikvm( 3187): Could not find method com.c.a.a.v.c, referenced from method com.c.a.a.e$6.run
W/dalvikvm( 3187): VFY: unable to resolve interface method 35960: Lcom/c/a/a/v;.c ()Z
D/dalvikvm( 3187): VFY: replacing opcode 0x72 at 0x0011
I/IcingInternalCorpora(  773): EventIndexer: 0 added, 0 removed, 0 changed, 0 unchanged, 0 errors.
I/IcingInternalCorpora(  773): EventIndexer: finished after 6 ms.
D/AndroidRuntime( 3443): 
D/AndroidRuntime( 3443): >>>>>> AndroidRuntime START com.android.internal.os.RuntimeInit <<<<<<
D/AndroidRuntime( 3443): CheckJNI is OFF
D/dalvikvm( 3443): Using executionMode 2
D/dalvikvm( 3443): Trying to load lib libjavacore.so 0x0
D/dalvikvm( 3443): Added shared lib libjavacore.so 0x0
D/dalvikvm( 3443): Trying to load lib libnativehelper.so 0x0
D/dalvikvm( 3443): Added shared lib libnativehelper.so 0x0
D/dalvikvm( 3443): No JNI_OnLoad found in libnativehelper.so 0x0, skipping init
D/dalvikvm( 3443): Note: class Landroid/app/ActivityManagerNative; has 179 unimplemented (abstract) methods
E/memtrack( 3443): Couldn't load memtrack module (No such file or directory)
E/android.os.Debug( 3443): failed to load memtrack module: -2
D/AndroidRuntime( 3443): Calling main entry com.android.commands.monkey.Monkey
W/BroadcastQueue(  473): Skipping deliver [background] BroadcastRecord{4ad6aaec u-1 android.net.conn.CONNECTIVITY_CHANGE} to ReceiverList{4ad2a810 3443 (unknown name)/0/u-1 remote:4ad68848}: process crashing
I/ActivityManager(  473): START u0 {act=android.intent.action.MAIN cat=[android.intent.category.LAUNCHER] flg=0x10200000 cmp=com.geico.mobile/.android.ace.geicoAppPresentation.splash.AceSplashActivity} from pid 3443
I/ActivityManager(  473): Start proc com.geico.mobile for activity com.geico.mobile/.android.ace.geicoAppPresentation.splash.AceSplashActivity: pid=3467 uid=10036 gids={50036, 3003, 1028, 1015, 1023}
W/NetworkManagementSocketTagger(  473): setKernelCountSet(10036, 1) failed with errno -13
W/NetworkManagementSocketTagger(  473): setKernelCountSet(10072, 0) failed with errno -13
I/ActivityManager(  473): Start proc com.powerful.cleaner.monitor for content provider com.powerful.cleaner/org.homeplanet.coreservice.ServiceProvider: pid=3478 uid=10072 gids={50072, 3003, 1028, 1015, 1023, 3001, 3002}
I/dalvikvm( 3467): ignoring registerObject request in thread=1
I/dalvikvm( 3467): ignoring registerObject request in thread=1
I/MultiDex( 3467): VM with version 1.6.0 does not have multidex support
I/MultiDex( 3467): install
I/MultiDex( 3467): MultiDexExtractor.load(/data/app/com.geico.mobile-2.apk, false)
I/dalvikvm( 3478): ignoring registerObject request in thread=1
I/dalvikvm( 3478): ignoring registerObject request in thread=1
D/dalvikvm( 3478): Trying to load lib /data/user/0/com.powerful.cleaner/files/so_libs/librx.so 0x94f24320
I/MultiDex( 3467): Detected that extraction must be performed.
I/MultiDex( 3467): Trying to delete old file /data/data/com.geico.mobile/code_cache/secondary-dexes/com.geico.mobile-1.apk.classes2.dex of size 7131456
D/dalvikvm( 3478): Added shared lib /data/user/0/com.powerful.cleaner/files/so_libs/librx.so 0x94f24320
V/ClClient( 2481): SEND(2)	KeepAliveRequest_4{}	UID:637ab8a5-ca27-47d8-a7e6-68659e81f40e
D/dalvikvm( 3478): Trying to load lib /data/user/0/com.powerful.cleaner/files/so_libs/librx.so 0x94f24320
D/dalvikvm( 3478): Shared lib '/data/user/0/com.powerful.cleaner/files/so_libs/librx.so' already loaded in same CL 0x94f24320
I/MultiDex( 3467): Deleted old file /data/data/com.geico.mobile/code_cache/secondary-dexes/com.geico.mobile-1.apk.classes2.dex
I/MultiDex( 3467): Trying to delete old file /data/data/com.geico.mobile/code_cache/secondary-dexes/com.geico.mobile-1.apk.classes2.zip of size 2271950
I/MultiDex( 3467): Deleted old file /data/data/com.geico.mobile/code_cache/secondary-dexes/com.geico.mobile-1.apk.classes2.zip
W/DebugConnManager( 3478): getNetworkInfo() on networkType 1
W/DebugConnManager( 3478): getNetworkInfo() on networkType 1
D/dalvikvm( 3467): JIT code cache reset in 0 ms (0 bytes 1/0)
D/dalvikvm( 3467): GC_CONCURRENT freed 235K, 9% free 3036K/3324K, paused 2ms+6ms, total 20ms
D/dalvikvm( 3478): JIT code cache reset in 0 ms (0 bytes 1/0)
D/dalvikvm( 3478): GC_CONCURRENT freed 299K, 11% free 2915K/3268K, paused 1ms+0ms, total 3ms
I/ActivityManager(  473): Delaying start of: ServiceRecord{4ad3a448 u0 com.powerful.cleaner/com.doit.aar.applock.service.AppLockService}
D/dalvikvm( 3478): Trying to load lib /data/user/0/com.powerful.cleaner/files/so_libs/librx.so 0x94f24320
D/dalvikvm( 3478): Shared lib '/data/user/0/com.powerful.cleaner/files/so_libs/librx.so' already loaded in same CL 0x94f24320
W/DebugConnManager( 3478): getNetworkInfo() on networkType 1
I/ActivityManager(  473): Delaying start of: ServiceRecord{4ac8d3e4 u0 com.powerful.cleaner/.service.CoreService}
D/dalvikvm( 3467): GC_CONCURRENT freed 176K, 7% free 3353K/3568K, paused 2ms+1ms, total 7ms
D/dalvikvm( 3478): DexOpt: couldn't find static field Landroid/os/Build;.SUPPORTED_ABIS
W/dalvikvm( 3478): VFY: unable to resolve static field 330 (SUPPORTED_ABIS) in Landroid/os/Build;
D/dalvikvm( 3478): VFY: replacing opcode 0x62 at 0x001d
I/Lausanne( 3478): Trying to load liblausanne-2.0.0.so
I/Lausanne( 3478): Found /data/app-lib/com.powerful.cleaner-1/liblausanne-2.0.0.so by dalvik.system.PathClassLoader
I/Lausanne( 3478): ClassLoader.findLibrary() result = /data/app-lib/com.powerful.cleaner-1/liblausanne-2.0.0.so
D/dalvikvm( 3478): Trying to load lib /data/app-lib/com.powerful.cleaner-1/liblausanne-2.0.0.so 0x94f24320
I/MultiDex( 3467): Extraction is needed for file /data/data/com.geico.mobile/code_cache/secondary-dexes/com.geico.mobile-2.apk.classes2.zip
I/MultiDex( 3467): Extracting /data/data/com.geico.mobile/code_cache/secondary-dexes/com.geico.mobile-2.apk.classes-780641699.zip
V/ClClient( 2481): RECV(2)  +0.2s	KeepAliveResponse_5{hasEstablishedSession=true}
I/CalendarProvider2( 3427): Sending notification intent: Intent { act=android.intent.action.PROVIDER_CHANGED dat=content://com.android.calendar }
W/ContentResolver( 3427): Failed to get type for: content://com.android.calendar (Unknown URL content://com.android.calendar)
D/dalvikvm( 3478): Added shared lib /data/app-lib/com.powerful.cleaner-1/liblausanne-2.0.0.so 0x94f24320
E/LausanneJni( 3478): JNI_OnLoad 0x7e5a3c24
D/BatteryTimePredictManager( 3478): mIsScreenOn = true
W/System.err( 3478): java.io.FileNotFoundException: cl_notification_white.prop
W/System.err( 3478): 	at android.content.res.AssetManager.openAsset(Native Method)
W/System.err( 3478): 	at android.content.res.AssetManager.open(AssetManager.java:316)
W/System.err( 3478): 	at android.content.res.AssetManager.open(AssetManager.java:290)
W/System.err( 3478): 	at org.saturn.sdk.utils.p.a(charging:133)
W/System.err( 3478): 	at org.saturn.sdk.notification.a$1.call(charging:3136)
W/System.err( 3478): 	at bolts.Task$10.run(charging:357)
W/System.err( 3478): 	at java.util.concurrent.ThreadPoolExecutor.runWorker(ThreadPoolExecutor.java:1112)
W/System.err( 3478): 	at java.util.concurrent.ThreadPoolExecutor$Worker.run(ThreadPoolExecutor.java:587)
W/System.err( 3478): 	at java.lang.Thread.run(Thread.java:841)
D/dalvikvm( 3478): GC_CONCURRENT freed 359K, 13% free 2990K/3404K, paused 0ms+0ms, total 10ms
D/dalvikvm( 2481): GC_CONCURRENT freed 750K, 12% free 6396K/7200K, paused 0ms+1ms, total 6ms
D/dalvikvm( 3478): GC_CONCURRENT freed 387K, 13% free 3055K/3500K, paused 1ms+11ms, total 13ms
W/DebugConnManager( 3478): getNetworkInfo() on networkType 1
D/dalvikvm( 3478): GC_FOR_ALLOC freed 210K, 8% free 3358K/3620K, paused 19ms, total 19ms
D/BatteryChangeWatcher( 3478): onReceive action: android.intent.action.BATTERY_CHANGED
D/BatteryTimePredictManager( 3478): handleBatteryChange, batteryStatus = 5, chargingType = 2, batteryLevel = 90
D/dalvikvm( 3478): GC_CONCURRENT freed 2K, 8% free 3358K/3620K, paused 1ms+4ms, total 13ms
D/dalvikvm( 3478): GC_CONCURRENT freed 276K, 9% free 3487K/3816K, paused 1ms+0ms, total 3ms
I/dalvikvm( 3478): Could not find method android.net.ConnectivityManager.getActiveNetwork, referenced from method org.e.b.a.i
W/dalvikvm( 3478): VFY: unable to resolve virtual method 1820: Landroid/net/ConnectivityManager;.getActiveNetwork ()Landroid/net/Network;
D/dalvikvm( 3478): VFY: replacing opcode 0x6e at 0x0013
I/dalvikvm( 3478): Could not find method android.net.ConnectivityManager.getAllNetworks, referenced from method org.e.b.a.i
W/dalvikvm( 3478): VFY: unable to resolve virtual method 1822: Landroid/net/ConnectivityManager;.getAllNetworks ()[Landroid/net/Network;
D/dalvikvm( 3478): VFY: replacing opcode 0x6e at 0x002b
W/dalvikvm( 3478): VFY: unable to find class referenced in signature (Lokhttp3/Request;)
W/dalvikvm( 3478): VFY: unable to find class referenced in signature (Lokhttp3/Response;)
I/dalvikvm( 3478): Could not find method okhttp3.Request.url, referenced from method empirical.HelperClass.printOkHttpInfo
W/dalvikvm( 3478): VFY: unable to resolve virtual method 48851: Lokhttp3/Request;.url ()Lokhttp3/HttpUrl;
D/dalvikvm( 3478): VFY: replacing opcode 0x6e at 0x0037
W/dalvikvm( 3478): VFY: unable to find class referenced in signature (Lokhttp3/Call;)
W/dalvikvm( 3478): VFY: unable to find class referenced in signature (Lokhttp3/Response;)
I/dalvikvm( 3478): Could not find method okhttp3.Call.request, referenced from method empirical.HelperClass.printOkHttpInfoFromCall
W/dalvikvm( 3478): VFY: unable to resolve interface method 48844: Lokhttp3/Call;.request ()Lokhttp3/Request;
D/dalvikvm( 3478): VFY: replacing opcode 0x72 at 0x0006
I/System.out( 3478): body:<b.u$a: void <init>()>	sig:$r4 = staticinvoke <java.net.ProxySelector: java.net.ProxySelector getDefault()>()	timediff:0
I/AudioMixer(  172): found effect "Multichannel Downmix To Stereo" from The Android Open Source Project
I/Process ( 3231): Sending signal. PID: 3231 SIG: 9
W/ContextImpl(  473): Calling a method in the system process without a qualified user: android.app.ContextImpl.sendBroadcast:1123 com.android.server.am.ActivityManagerService.handleApplicationCrashInner:9642 com.android.server.am.ActivityManagerService.handleApplicationCrash:9616 android.app.ActivityManagerNative.onTransact:1311 com.android.server.am.ActivityManagerService.onTransact:2071 
I/ActivityManager(  473): Process co.vero.app (pid 3231) has died.
D/JobRescheduleService( 2481): Reschedule 0 jobs of 0 jobs
W/dalvikvm( 3478): threadid=13: thread exiting with uncaught exception (group=0x94c5fb20)
D/dalvikvm( 3478): GC_FOR_ALLOC freed 405K, 12% free 3595K/4052K, paused 59ms, total 59ms
D/dalvikvm( 3478): GC_CONCURRENT freed 52K, 12% free 3566K/4052K, paused 1ms+0ms, total 4ms
W/InputManager(  473): Input event injection from pid 3443 failed.
W/InputManager(  473): Input event injection from pid 3443 failed.
W/InputManager(  473): Input event injection from pid 3443 failed.
W/InputManager(  473): Input event injection from pid 3443 failed.
W/InputManager(  473): Input event injection from pid 3443 failed.
W/InputManager(  473): Input event injection from pid 3443 failed.
W/InputManager(  473): Input event injection from pid 3443 failed.
W/InputManager(  473): Input event injection from pid 3443 failed.
I/System.out( 3478): body:<org.crashguard.c$1: void run()>	sig:$r8 = staticinvoke <java.net.URLEncoder: java.lang.String encode(java.lang.String,java.lang.String)>($r8, "UTF-8")	timediff:0
D/dalvikvm( 2924): GC_FOR_ALLOC freed 706K, 14% free 5059K/5816K, paused 8ms, total 8ms
D/dalvikvm( 2924): GC_CONCURRENT freed 33K, 14% free 5055K/5816K, paused 0ms+1ms, total 5ms
D/dalvikvm( 3478): GC_CONCURRENT freed 241K, 8% free 3756K/4052K, paused 0ms+0ms, total 3ms
E/CrashHandler( 3478): CRASH LOG START...
E/CrashHandler( 3478): java.lang.IllegalArgumentException: keepAliveDuration <= 0: 5
E/CrashHandler( 3478): 	at b.j.<init>(charging:94)
E/CrashHandler( 3478): 	at b.j.<init>(charging:85)
E/CrashHandler( 3478): 	at b.u$a.<init>(charging:432)
E/CrashHandler( 3478): 	at org.e.b.<init>(charging:73)
E/CrashHandler( 3478): 	at org.e.b.<init>(charging:60)
E/CrashHandler( 3478): 	at alex.l.a$1.run(charging:81)
E/CrashHandler( 3478): 	at java.util.concurrent.ThreadPoolExecutor.runWorker(ThreadPoolExecutor.java:1112)
E/CrashHandler( 3478): 	at java.util.concurrent.ThreadPoolExecutor$Worker.run(ThreadPoolExecutor.java:587)
E/CrashHandler( 3478): 	at java.lang.Thread.run(Thread.java:841)
I/CrashHandler( 3478): AlwaysFinishActivity = false
I/CrashHandler( 3478): Activity: 
I/CrashHandler( 3478): CRASH LOG END
I/System.out( 2924): body:<com.amazon.mp3.net.AbstractHttpClient: com.amazon.mp3.net.AbstractHttpClient execute(java.net.HttpURLConnection)>	sig:$r6 = virtualinvoke $r1.<java.net.HttpURLConnection: java.io.InputStream getInputStream()>()	timediff:1633
I/System.out( 2924): body:<empirical.HelperClass: void printURLInfo(java.lang.String,java.lang.String,java.net.URLConnection)>	sig:$r0 = virtualinvoke urlConnection.<java.net.URLConnection: java.net.URL getURL()>()	timediff:0
I/System.out( 2924): body:<empirical.HelperClass: void printURLInfo(java.lang.String,java.lang.String,java.net.URLConnection)>	sig:urlString = virtualinvoke $r0.<java.net.URL: java.lang.String toString()>()	timediff:0
I/System.out( 2924): body:<empirical.HelperClass: void printURLInfo(java.lang.String,java.lang.String,java.net.URLConnection)>	sig:isDoOutput = virtualinvoke urlConnection.<java.net.URLConnection: boolean getDoOutput()>()	timediff:0
I/System.out( 2924): body:<empirical.HelperClass: java.lang.String getHeaderField(java.net.URLConnection,java.lang.String)>	sig:data = virtualinvoke conn.<java.net.URLConnection: java.lang.String getHeaderField(java.lang.String)>(field)	timediff:0
I/System.out( 2924): body:<empirical.HelperClass: java.lang.String getHeaderField(java.net.URLConnection,java.lang.String)>	sig:data = virtualinvoke conn.<java.net.URLConnection: java.lang.String getHeaderField(java.lang.String)>(field)	timediff:0
I/System.out( 2924): body:<empirical.HelperClass: java.lang.String getHeaderField(java.net.URLConnection,java.lang.String)>	sig:data = virtualinvoke conn.<java.net.URLConnection: java.lang.String getHeaderField(java.lang.String)>(field)	timediff:0
I/System.out( 2924): body:<empirical.HelperClass: java.lang.String getHeaderField(java.net.URLConnection,java.lang.String)>	sig:data = virtualinvoke conn.<java.net.URLConnection: java.lang.String getHeaderField(java.lang.String)>(field)	timediff:0
I/System.out( 2924): body:<empirical.HelperClass: java.lang.String getHeaderField(java.net.URLConnection,java.lang.String)>	sig:data = virtualinvoke conn.<java.net.URLConnection: java.lang.String getHeaderField(java.lang.String)>(field)	timediff:0
I/System.out( 2924): URLConn;%;0;%;<com.amazon.mp3.net.AbstractHttpClient: com.amazon.mp3.net.AbstractHttpClient execute(java.net.HttpURLConnection)>;%;$r6 = virtualinvoke $r1.<java.net.HttpURLConnection: java.io.InputStream getInputStream()>();%;https://cz15y20kg2.execute-api.us-east-1.amazonaws.com/prod/132-0952042-4676959?_encoding=UTF8&androidVersionCode=381180120&androidVersionName=4.4.2&androidVersionSdkCode=19&androidVersionSdkName=19&carrier=T-Mobile&clientVersionCode=6040410&clientVersionFull=6.4.4&clientVersionName=6.4&deviceManufacturer=samsung&deviceModel=SM-G9350&locale=en_US;%;false;%;17775;%;Not found;%;Not found;%;Not found;%;Not found
I/System.out( 2924): body:<com.amazon.mp3.net.AbstractHttpClient: com.amazon.mp3.net.AbstractHttpClient execute(java.net.HttpURLConnection)>	sig:$i0 = virtualinvoke $r1.<java.net.HttpURLConnection: int getResponseCode()>()	timediff:0
I/System.out( 2924): body:<com.amazon.mp3.net.JsonHttpClient: boolean onProcessRawResponse(java.net.HttpURLConnection,java.io.InputStream)>	sig:$i1 = virtualinvoke $r1.<java.net.HttpURLConnection: int getContentLength()>()	timediff:0
I/System.out( 2924): body:<com.amazon.mp3.net.AbstractHttpClient: com.amazon.mp3.net.AbstractHttpClient execute(java.net.HttpURLConnection)>	sig:virtualinvoke $r1.<java.net.HttpURLConnection: void disconnect()>()	timediff:0
D/dalvikvm( 2924): GC_FOR_ALLOC freed 275K, 13% free 5143K/5856K, paused 10ms, total 10ms
I/ActivityManager(  473): START u0 {flg=0x10000000 cmp=com.powerful.cleaner/org.crashguard.UploadActivity (has extras)} from pid 3478
I/AndroidRuntime( 3478): VM exiting with result code 1, cleanup skipped.
I/ActivityManager(  473): Process com.powerful.cleaner.monitor (pid 3478) has died.
D/Zygote  (  170): Process 3478 exited cleanly (1)
I/MultiDex( 3467): Renaming to /data/data/com.geico.mobile/code_cache/secondary-dexes/com.geico.mobile-2.apk.classes2.zip
I/MultiDex( 3467): Extraction success - length /data/data/com.geico.mobile/code_cache/secondary-dexes/com.geico.mobile-2.apk.classes2.zip: 2271950
I/MultiDex( 3467): load found 1 secondary dex files
D/dalvikvm( 3467): DexOpt: --- BEGIN 'com.geico.mobile-2.apk.classes2.zip' (bootstrap=0) ---
I/PackageManager(  473):   Action: "android.intent.action.SENDTO"
I/PackageManager(  473):   Category: "android.intent.category.DEFAULT"
I/PackageManager(  473):   Scheme: "sms"
I/PackageManager(  473): Adding preferred activity ComponentInfo{com.enflick.android.TextNow/com.enflick.android.TextNow.activities.MainActivity} for user 0 :
I/InputReader(  473): Reconfiguring input devices.  changes=0x00000010
I/PackageManager(  473):   Action: "android.intent.action.SENDTO"
I/PackageManager(  473):   Category: "android.intent.category.DEFAULT"
I/PackageManager(  473):   Scheme: "smsto"
I/PackageManager(  473):   Action: "android.intent.action.SENDTO"
I/PackageManager(  473):   Category: "android.intent.category.DEFAULT"
I/PackageManager(  473):   Scheme: "mms"
I/PackageManager(  473): Adding preferred activity ComponentInfo{com.enflick.android.TextNow/com.enflick.android.TextNow.activities.MainActivity} for user 0 :
I/PackageManager(  473): Adding preferred activity ComponentInfo{com.enflick.android.TextNow/com.enflick.android.TextNow.activities.MainActivity} for user 0 :
I/Launcher(  717): Deferring update until onResume
I/WearableService(  688): Wearable Services stopping
I/PackageManager(  473):   Action: "android.intent.action.SENDTO"
I/PackageManager(  473):   Category: "android.intent.category.DEFAULT"
I/PackageManager(  473):   Scheme: "mmsto"
I/PackageManager(  473):   Action: "android.intent.action.SENDTO"
I/PackageManager(  473):   Category: "android.intent.category.DEFAULT"
I/PackageManager(  473):   Scheme: "sms"
I/PackageManager(  473): Adding preferred activity ComponentInfo{com.enflick.android.TextNow/com.enflick.android.TextNow.activities.MainActivity} for user 0 :
I/PackageManager(  473): Adding preferred activity ComponentInfo{com.enflick.android.TextNow/com.enflick.android.TextNow.activities.MainActivity} for user 0 :
I/InputReader(  473): Reconfiguring input devices.  changes=0x00000010
I/PackageManager(  473):   Action: "android.intent.action.SENDTO"
I/PackageManager(  473):   Category: "android.intent.category.DEFAULT"
I/PackageManager(  473):   Scheme: "smsto"
I/PackageManager(  473): Adding preferred activity ComponentInfo{com.enflick.android.TextNow/com.enflick.android.TextNow.activities.MainActivity} for user 0 :
I/PackageManager(  473):   Action: "android.intent.action.SENDTO"
I/PackageManager(  473):   Category: "android.intent.category.DEFAULT"
I/PackageManager(  473):   Scheme: "mms"
I/PackageManager(  473):   Action: "android.intent.action.SENDTO"
I/PackageManager(  473):   Category: "android.intent.category.DEFAULT"
I/PackageManager(  473):   Scheme: "mmsto"
I/PackageManager(  473): Adding preferred activity ComponentInfo{com.enflick.android.TextNow/com.enflick.android.TextNow.activities.MainActivity} for user 0 :
I/PackageManager(  473): Adding preferred activity ComponentInfo{com.enflick.android.TextNow/com.enflick.android.TextNow.activities.MainActivity} for user 0 :
I/PackageManager(  473):   Action: "android.intent.action.SENDTO"
I/PackageManager(  473):   Category: "android.intent.category.DEFAULT"
I/PackageManager(  473):   Scheme: "sms"
I/PackageManager(  473): Adding preferred activity ComponentInfo{com.enflick.android.TextNow/com.enflick.android.TextNow.activities.MainActivity} for user 0 :
I/PackageManager(  473):   Action: "android.intent.action.SENDTO"
I/PackageManager(  473):   Category: "android.intent.category.DEFAULT"
I/PackageManager(  473):   Scheme: "smsto"
I/PackageManager(  473): Adding preferred activity ComponentInfo{com.enflick.android.TextNow/com.enflick.android.TextNow.activities.MainActivity} for user 0 :
I/Launcher(  717): Deferring update until onResume
I/PackageManager(  473):   Action: "android.intent.action.SENDTO"
I/PackageManager(  473):   Category: "android.intent.category.DEFAULT"
I/PackageManager(  473):   Scheme: "mms"
I/PackageManager(  473): Adding preferred activity ComponentInfo{com.enflick.android.TextNow/com.enflick.android.TextNow.activities.MainActivity} for user 0 :
I/PackageManager(  473):   Action: "android.intent.action.SENDTO"
I/PackageManager(  473):   Category: "android.intent.category.DEFAULT"
I/PackageManager(  473):   Scheme: "mmsto"
I/Launcher(  717): Deferring update until onResume
I/PackageManager(  473): Adding preferred activity ComponentInfo{com.enflick.android.TextNow/com.enflick.android.TextNow.activities.MainActivity} for user 0 :
I/PackageManager(  473):   Action: "android.intent.action.SENDTO"
I/PackageManager(  473):   Category: "android.intent.category.DEFAULT"
I/PackageManager(  473):   Scheme: "sms"
I/PackageManager(  473): Adding preferred activity ComponentInfo{com.enflick.android.TextNow/com.enflick.android.TextNow.activities.MainActivity} for user 0 :
I/PackageManager(  473):   Action: "android.intent.action.SENDTO"
I/PackageManager(  473):   Category: "android.intent.category.DEFAULT"
I/PackageManager(  473):   Scheme: "smsto"
I/PackageManager(  473): Adding preferred activity ComponentInfo{com.enflick.android.TextNow/com.enflick.android.TextNow.activities.MainActivity} for user 0 :
I/PackageManager(  473):   Action: "android.intent.action.SENDTO"
I/PackageManager(  473):   Category: "android.intent.category.DEFAULT"
I/PackageManager(  473):   Scheme: "mms"
I/PackageManager(  473): Adding preferred activity ComponentInfo{com.enflick.android.TextNow/com.enflick.android.TextNow.activities.MainActivity} for user 0 :
I/Launcher(  717): Deferring update until onResume
I/PackageManager(  473):   Action: "android.intent.action.SENDTO"
I/PackageManager(  473):   Category: "android.intent.category.DEFAULT"
I/PackageManager(  473):   Scheme: "mmsto"
I/PackageManager(  473): Adding preferred activity ComponentInfo{com.enflick.android.TextNow/com.enflick.android.TextNow.activities.MainActivity} for user 0 :
W/Searchables(  473): No global search activity found
I/GCoreNlp(  688): shouldConfirmNlp, NLP off. Ensuring opt-in disabled
I/Launcher(  717): Deferring update until onResume
W/Searchables(  473): No global search activity found
I/Launcher(  717): Deferring update until onResume
I/GeofencerStateMachine(  688): sendQueryLocationOptIn
D/dalvikvm(  473): GC_CONCURRENT freed 2976K, 29% free 15714K/21976K, paused 3ms+4ms, total 51ms
E/cutils-trace( 3533): Error opening trace file: No such file or directory (2)
D/dalvikvm( 3533): GC_FOR_ALLOC freed 1150K, 57% free 897K/2048K, paused 4ms, total 4ms
D/dalvikvm( 3533): DexOpt: couldn't find field Landroid/os/Message;.sendingUid
D/dalvikvm( 3533): DexOpt: load 190ms, verify+opt 292ms, 7723740 bytes
D/dalvikvm( 3467): DexOpt: --- END 'com.geico.mobile-2.apk.classes2.zip' (success) ---
D/dalvikvm( 3467): DEX prep '/data/data/com.geico.mobile/code_cache/secondary-dexes/com.geico.mobile-2.apk.classes2.zip': unzip in 49ms, rewrite 755ms
I/MultiDex( 3467): install done
I/MultiDex( 3467): install
D/FirebaseApp( 3467): com.google.firebase.auth.FirebaseAuth is not linked. Skipping initialization.
I/dalvikvm( 3467): Could not find method android.content.Context.getNoBackupFilesDir, referenced from method com.google.android.gms.common.util.zzw.getNoBackupFilesDir
W/dalvikvm( 3467): VFY: unable to resolve virtual method 215: Landroid/content/Context;.getNoBackupFilesDir ()Ljava/io/File;
D/dalvikvm( 3467): VFY: replacing opcode 0x6e at 0x0006
W/InstanceID/Rpc( 3467): Found 10007
D/FirebaseApp( 3467): com.google.firebase.crash.FirebaseCrash is not linked. Skipping initialization.
D/dalvikvm( 3467): GC_CONCURRENT freed 274K, 10% free 3469K/3832K, paused 2ms+2ms, total 8ms
I/dalvikvm( 3467): Could not find method android.content.pm.PackageManager.getPackageInstaller, referenced from method com.google.android.gms.common.zze.zzs
W/dalvikvm( 3467): VFY: unable to resolve virtual method 323: Landroid/content/pm/PackageManager;.getPackageInstaller ()Landroid/content/pm/PackageInstaller;
D/dalvikvm( 3467): VFY: replacing opcode 0x6e at 0x0010
I/FA      ( 3467): App measurement is starting up, version: 10084
I/FA      ( 3467): To enable debug logging run: adb shell setprop log.tag.FA VERBOSE
I/FA      ( 3467): To enable faster debug mode event logging run:
I/FA      ( 3467):   adb shell setprop debug.firebase.analytics.app com.geico.mobile
I/FirebaseInitProvider( 3467): FirebaseApp initialization successful
D/dalvikvm( 3467): GC_CONCURRENT freed 860K, 24% free 3010K/3928K, paused 0ms+3ms, total 6ms
D/dalvikvm( 3467): GC_CONCURRENT freed 218K, 17% free 3280K/3928K, paused 0ms+1ms, total 2ms
D/dalvikvm( 3467): GC_CONCURRENT freed 173K, 8% free 3624K/3928K, paused 2ms+2ms, total 7ms
I/CrashlyticsCore( 3467): Initializing Crashlytics 2.3.15.167
D/dalvikvm( 3467): GC_CONCURRENT freed 295K, 11% free 3727K/4184K, paused 1ms+2ms, total 6ms
D/dalvikvm( 3467): DexOpt: couldn't find static field Landroid/os/Build;.SUPPORTED_ABIS
W/dalvikvm( 3467): VFY: unable to resolve static field 126 (SUPPORTED_ABIS) in Landroid/os/Build;
D/dalvikvm( 3467): VFY: replacing opcode 0x62 at 0x0002
D/dalvikvm( 3467): GC_CONCURRENT freed 933K, 26% free 3188K/4256K, paused 3ms+2ms, total 8ms
D/dalvikvm( 3467): GC_CONCURRENT freed 297K, 23% free 3299K/4256K, paused 1ms+1ms, total 5ms
D/dalvikvm( 3467): GC_CONCURRENT freed 251K, 20% free 3443K/4256K, paused 3ms+1ms, total 7ms
D/dalvikvm( 3467): GC_CONCURRENT freed 251K, 15% free 3639K/4256K, paused 1ms+0ms, total 4ms
D/dalvikvm( 3467): GC_CONCURRENT freed 291K, 12% free 3771K/4256K, paused 0ms+3ms, total 6ms
D/dalvikvm( 3467): GC_CONCURRENT freed 295K, 9% free 3910K/4264K, paused 0ms+2ms, total 4ms
D/dalvikvm( 3467): GC_CONCURRENT freed 288K, 8% free 4015K/4364K, paused 0ms+2ms, total 6ms
E/dalvikvm( 3467): Could not find class 'org.altbeacon.beacon.Beacon$Builder', referenced from method com.exacttarget.etpushsdk.ETPush.b
W/dalvikvm( 3467): VFY: unable to resolve new-instance 9772 (Lorg/altbeacon/beacon/Beacon$Builder;) in Lcom/exacttarget/etpushsdk/ETPush;
D/dalvikvm( 3467): VFY: replacing opcode 0x22 at 0x00a0
D/dalvikvm( 3467): DexOpt: unable to opt direct call 0xfe7b at 0xa4 in Lcom/exacttarget/etpushsdk/ETPush;.b
D/dalvikvm( 3467): GC_CONCURRENT freed 260K, 8% free 4152K/4476K, paused 1ms+2ms, total 7ms
E/dalvikvm( 3467): Could not find class 'javax.naming.InitialContext', referenced from method com.ibm.watson.developer_cloud.util.CredentialUtils.getKeyUsingJNDI
W/dalvikvm( 3467): VFY: unable to resolve new-instance 6412 (Ljavax/naming/InitialContext;) in Lcom/ibm/watson/developer_cloud/util/CredentialUtils;
D/dalvikvm( 3467): VFY: replacing opcode 0x22 at 0x0032
D/dalvikvm( 3467): DexOpt: unable to opt direct call 0xa44c at 0x34 in Lcom/ibm/watson/developer_cloud/util/CredentialUtils;.getKeyUsingJNDI
I/CredentialUtils( 3467): JNDI string lookups is not available.
D/dalvikvm( 3467): GC_CONCURRENT freed 274K, 8% free 4307K/4644K, paused 3ms+1ms, total 8ms
D/dalvikvm( 3467): WAIT_FOR_CONCURRENT_GC blocked 2ms
I/CredentialUtils( 3467): JNDI string lookups is not available.
D/dalvikvm( 3467): GC_CONCURRENT freed 194K, 7% free 4537K/4844K, paused 0ms+3ms, total 7ms
D/~!ETPush( 3467): Logging set to :3
D/~!ETPush( 3467): Logging set to :6
I/dalvikvm( 3467): Could not find method android.view.Window$Callback.onProvideKeyboardShortcuts, referenced from method android.support.v7.view.WindowCallbackWrapper.onProvideKeyboardShortcuts
W/dalvikvm( 3467): VFY: unable to resolve interface method 19181: Landroid/view/Window$Callback;.onProvideKeyboardShortcuts (Ljava/util/List;Landroid/view/Menu;I)V
D/dalvikvm( 3467): VFY: replacing opcode 0x72 at 0x0002
W/dalvikvm( 3467): VFY: unable to find class referenced in signature (Landroid/view/SearchEvent;)
I/dalvikvm( 3467): Could not find method android.view.Window$Callback.onSearchRequested, referenced from method android.support.v7.view.WindowCallbackWrapper.onSearchRequested
W/dalvikvm( 3467): VFY: unable to resolve interface method 19183: Landroid/view/Window$Callback;.onSearchRequested (Landroid/view/SearchEvent;)Z
D/dalvikvm( 3467): VFY: replacing opcode 0x72 at 0x0002
I/dalvikvm( 3467): Could not find method android.view.Window$Callback.onWindowStartingActionMode, referenced from method android.support.v7.view.WindowCallbackWrapper.onWindowStartingActionMode
W/dalvikvm( 3467): VFY: unable to resolve interface method 19187: Landroid/view/Window$Callback;.onWindowStartingActionMode (Landroid/view/ActionMode$Callback;I)Landroid/view/ActionMode;
D/dalvikvm( 3467): VFY: replacing opcode 0x72 at 0x0002
I/dalvikvm( 3467): Could not find method android.content.res.TypedArray.getChangingConfigurations, referenced from method android.support.v7.widget.TintTypedArray.getChangingConfigurations
W/dalvikvm( 3467): VFY: unable to resolve virtual method 608: Landroid/content/res/TypedArray;.getChangingConfigurations ()I
D/dalvikvm( 3467): VFY: replacing opcode 0x6e at 0x0002
I/dalvikvm( 3467): Could not find method android.content.res.TypedArray.getType, referenced from method android.support.v7.widget.TintTypedArray.getType
W/dalvikvm( 3467): VFY: unable to resolve virtual method 630: Landroid/content/res/TypedArray;.getType (I)I
D/dalvikvm( 3467): VFY: replacing opcode 0x6e at 0x0008
D/dalvikvm( 3467): GC_CONCURRENT freed 373K, 9% free 4624K/5060K, paused 2ms+1ms, total 7ms
D/dalvikvm(  661): GC_CONCURRENT freed 3356K, 29% free 14218K/19904K, paused 2ms+2ms, total 43ms
D/dalvikvm(  661): WAIT_FOR_CONCURRENT_GC blocked 29ms
I/dalvikvm( 3467): Could not find method android.content.res.Resources.getDrawable, referenced from method android.support.v7.widget.ResourcesWrapper.getDrawable
W/dalvikvm( 3467): VFY: unable to resolve virtual method 571: Landroid/content/res/Resources;.getDrawable (ILandroid/content/res/Resources$Theme;)Landroid/graphics/drawable/Drawable;
D/dalvikvm( 3467): VFY: replacing opcode 0x6e at 0x0002
I/dalvikvm( 3467): Could not find method android.content.res.Resources.getDrawableForDensity, referenced from method android.support.v7.widget.ResourcesWrapper.getDrawableForDensity
W/dalvikvm( 3467): VFY: unable to resolve virtual method 573: Landroid/content/res/Resources;.getDrawableForDensity (IILandroid/content/res/Resources$Theme;)Landroid/graphics/drawable/Drawable;
D/dalvikvm( 3467): VFY: replacing opcode 0x6e at 0x0002
E/dalvikvm( 3467): Could not find class 'android.graphics.drawable.RippleDrawable', referenced from method android.support.v7.widget.AppCompatImageHelper.hasOverlappingRendering
W/dalvikvm( 3467): VFY: unable to resolve instanceof 167 (Landroid/graphics/drawable/RippleDrawable;) in Landroid/support/v7/widget/AppCompatImageHelper;
D/dalvikvm( 3467): VFY: replacing opcode 0x20 at 0x000c
D/dalvikvm( 3467): GC_FOR_ALLOC freed 101K, 8% free 4687K/5060K, paused 11ms, total 11ms
I/dalvikvm-heap( 3467): Grow heap (frag case) to 5.268MB for 673356-byte allocation
D/dalvikvm( 3467): GC_FOR_ALLOC freed 1K, 7% free 5343K/5720K, paused 7ms, total 7ms
D/dalvikvm( 3467): GC_CONCURRENT freed <1K, 7% free 5343K/5720K, paused 1ms+4ms, total 11ms
D/dalvikvm( 3467): DexOpt: --- BEGIN '.   ​     ' (bootstrap=0) ---
D/dalvikvm( 3467): GC_CONCURRENT freed 654K, 12% free 5440K/6156K, paused 2ms+1ms, total 8ms
W/InstanceID/Rpc( 3467): Found 10007
D/dalvikvm( 3557): DexOpt: load 0ms, verify+opt 0ms, 86428 bytes
D/dalvikvm( 3467): DexOpt: --- END '.   ​     ' (success) ---
D/dalvikvm( 3467): DEX prep '/data/data/com.geico.mobile/.   ​     ': unzip in 0ms, rewrite 208ms
D/dalvikvm( 3467): DexOpt: --- BEGIN '.   ​     ' (bootstrap=0) ---
D/dalvikvm( 2340): GC_FOR_ALLOC freed 297K, 19% free 3032K/3716K, paused 3ms, total 3ms
I/iu.UploadsManager(  773): End new media; added: 0, uploading: 0, time: 35 ms
D/dalvikvm( 3575): DexOpt: load 1ms, verify+opt 0ms, 83684 bytes
D/dalvikvm( 3467): DexOpt: --- END '.   ​     ' (success) ---
D/dalvikvm( 3467): DEX prep '/data/data/com.geico.mobile/.   ​     ': unzip in 0ms, rewrite 162ms
W/dalvikvm( 3467): Found non-abstract interface method Lcom/crashlytics/android/answers/SessionAnalyticsManagerStrategy;.rollFileOver ()Z
I/dalvikvm( 3467): Could not find method com.crashlytics.android.answers.SessionAnalyticsManagerStrategy.rollFileOver, referenced from method com.crashlytics.android.answers.AnswersEventsHandler$6.run
W/dalvikvm( 3467): VFY: unable to resolve interface method 24043: Lcom/crashlytics/android/answers/SessionAnalyticsManagerStrategy;.rollFileOver ()Z
D/dalvikvm( 3467): VFY: replacing opcode 0x72 at 0x0011
D/dalvikvm( 3467): DexOpt: couldn't find field Landroid/os/Message;.sendingUid
W/dalvikvm( 3467): VFY: unable to resolve instance field 86
D/dalvikvm( 3467): VFY: replacing opcode 0x52 at 0x0000
E/dalvikvm( 3467): Bogus static initialization: value type 23 in field type Ljava/lang/Object; for Lcom/geico/mobile/android/ace/coreFramework/eventHandling/AceCoreEventConstants; at index 5
E/dalvikvm( 3467): VM aborting
F/libc    ( 3467): Fatal signal 6 (SIGABRT) at 0x00000d8b (code=-6), thread 3467 (om.geico.mobile)
I/DEBUG   (  166): *** *** *** *** *** *** *** *** *** *** *** *** *** *** *** ***
I/DEBUG   (  166): Build fingerprint: 'samsung/SM-G9350/SM-G9350:4.4.2/JLS36C/381180120:user/release-keys'
I/DEBUG   (  166): Revision: '0'
I/DEBUG   (  166): pid: 3467, tid: 3467, name: om.geico.mobile  >>> com.geico.mobile <<<
I/DEBUG   (  166): signal 6 (SIGABRT), code -6 (SI_TKILL), fault addr --------
I/DEBUG   (  166):     eax 00000000  ebx 00000d8b  ecx 00000d8b  edx 00000006
I/DEBUG   (  166):     esi 00000d8b  edi 0000000b
I/DEBUG   (  166):     xcs 00000073  xds 0000007b  xes 0000007b  xfs 00000000  xss 0000007b
I/DEBUG   (  166):     eip b768b0d6  ebp b76f4ce0  esp bfd11c10  flags 00200203
I/DEBUG   (  166): 
I/DEBUG   (  166): backtrace:
I/DEBUG   (  166):     #00  pc 0003c0d6  /system/lib/libc.so (tgkill+22)
I/DEBUG   (  166):     #01  pc 00000005  <unknown>
I/DEBUG   (  166): 
I/DEBUG   (  166): stack:
I/DEBUG   (  166):          bfd11bd0  00000000  
I/DEBUG   (  166):          bfd11bd4  b76f0268  /system/lib/libc.so
I/DEBUG   (  166):          bfd11bd8  00000000  
I/DEBUG   (  166):          bfd11bdc  b765cf39  /system/lib/libc.so (pthread_mutex_unlock+25)
I/DEBUG   (  166):          bfd11be0  b76f018c  /system/lib/libc.so
I/DEBUG   (  166):          bfd11be4  b807a0c0  [heap]
I/DEBUG   (  166):          bfd11be8  00000015  
I/DEBUG   (  166):          bfd11bec  94f21048  /dev/ashmem/dalvik-heap (deleted)
I/DEBUG   (  166):          bfd11bf0  00000000  
I/DEBUG   (  166):          bfd11bf4  b76a9926  /system/lib/libc.so (funlockfile+6)
I/DEBUG   (  166):          bfd11bf8  b76effcc  /system/lib/libc.so
I/DEBUG   (  166):          bfd11bfc  b7695006  /system/lib/libc.so (__sflush_locked+150)
I/DEBUG   (  166):          bfd11c00  00000000  
I/DEBUG   (  166):          bfd11c04  00000000  
I/DEBUG   (  166):          bfd11c08  b765cd69  /system/lib/libc.so (pthread_mutex_lock+9)
I/DEBUG   (  166):          bfd11c0c  b76effcc  /system/lib/libc.so
I/DEBUG   (  166):     #00  bfd11c10  00000006  
