I/System.out(18343): body:<empirical.HelperClass: java.lang.String getHeaderField(java.net.URLConnection,java.lang.String)>	sig:data = virtualinvoke conn.<java.net.URLConnection: java.lang.String getHeaderField(java.lang.String)>(field)	timediff:0
I/System.out(18343): body:<empirical.HelperClass: java.lang.String getHeaderField(java.net.URLConnection,java.lang.String)>	sig:data = virtualinvoke conn.<java.net.URLConnection: java.lang.String getHeaderField(java.lang.String)>(field)	timediff:0
I/System.out(18343): body:<empirical.HelperClass: java.lang.String getHeaderField(java.net.URLConnection,java.lang.String)>	sig:data = virtualinvoke conn.<java.net.URLConnection: java.lang.String getHeaderField(java.lang.String)>(field)	timediff:0
I/System.out(18343): URLConn;%;21;%;<com.csam.a.a.a.b: byte[] a(java.net.HttpURLConnection)>;%;$r3 = virtualinvoke $r1.<java.net.HttpURLConnection: java.io.InputStream getInputStream()>();%;https://directexpress.mastercard.com/mobile/clientapi/walletapi/plain/public/v2/jwkpublickey;%;true;%;Not found;%;Not found;%;Not found;%;Not found;%;ILBSESSION=!ntLtBO1DpDcbJSHzfC6h4QvNcNbmo/3450WwKv+sS/q7ECQMt/NfXw7YvMBuqpt9XeUGQhHQOSJjdnY=; expires=Fri, 13-Apr-2018 23:50:22 GMT; path=/; Httponly; Secure
I/System.out(18343): body:<com.csam.directexpress.common.a.a.c: int getSoTimeout()>	sig:$i0 = virtualinvoke $r1.<javax.net.ssl.SSLSocket: int getSoTimeout()>()	timediff:0
I/System.out(18343): body:<com.csam.directexpress.common.a.a.c: void setSoTimeout(int)>	sig:virtualinvoke $r1.<javax.net.ssl.SSLSocket: void setSoTimeout(int)>($i0)	timediff:0
I/System.out(18343): body:<com.csam.directexpress.common.a.a.c: void setSoTimeout(int)>	sig:virtualinvoke $r1.<javax.net.ssl.SSLSocket: void setSoTimeout(int)>($i0)	timediff:0
I/System.out(18343): body:<com.csam.directexpress.common.a.a.c: boolean isClosed()>	sig:$z0 = virtualinvoke $r1.<javax.net.ssl.SSLSocket: boolean isClosed()>()	timediff:0
I/System.out(18343): body:<com.csam.directexpress.common.a.a.c: boolean isInputShutdown()>	sig:$z0 = virtualinvoke $r1.<javax.net.ssl.SSLSocket: boolean isInputShutdown()>()	timediff:0
I/System.out(18343): body:<com.csam.directexpress.common.a.a.c: boolean isOutputShutdown()>	sig:$z0 = virtualinvoke $r1.<javax.net.ssl.SSLSocket: boolean isOutputShutdown()>()	timediff:0
I/System.out(18343): body:<com.csam.directexpress.common.a.a.c: boolean isClosed()>	sig:$z0 = virtualinvoke $r1.<javax.net.ssl.SSLSocket: boolean isClosed()>()	timediff:0
I/System.out(18343): body:<com.csam.a.a.a.b: java.util.HashMap b(java.net.HttpURLConnection)>	sig:$r3 = virtualinvoke $r1.<java.net.HttpURLConnection: java.util.Map getHeaderFields()>()	timediff:0
I/System.out(18343): body:<com.csam.directexpress.common.a.a.a: com.csam.a.a.a.i b(com.csam.a.a.a.h,java.lang.String)>	sig:$i0 = virtualinvoke $r14.<java.net.HttpURLConnection: int getResponseCode()>()	timediff:0
I/System.out(18343): body:<com.csam.directexpress.common.a.a.a: com.csam.a.a.a.i b(com.csam.a.a.a.h,java.lang.String)>	sig:$r5 = virtualinvoke $r14.<java.net.HttpURLConnection: java.lang.String getResponseMessage()>()	timediff:0
I/System.out(18343): body:<com.csam.a.a.a.b: void c(java.net.HttpURLConnection)>	sig:virtualinvoke $r1.<java.net.HttpURLConnection: void disconnect()>()	timediff:0
I/System.out(18343): body:<com.csam.directexpress.common.a.a.c: boolean isClosed()>	sig:$z0 = virtualinvoke $r1.<javax.net.ssl.SSLSocket: boolean isClosed()>()	timediff:0
I/System.out(18343): body:<com.csam.directexpress.common.a.a.c: boolean isInputShutdown()>	sig:$z0 = virtualinvoke $r1.<javax.net.ssl.SSLSocket: boolean isInputShutdown()>()	timediff:0
I/System.out(18343): body:<com.csam.directexpress.common.a.a.c: boolean isOutputShutdown()>	sig:$z0 = virtualinvoke $r1.<javax.net.ssl.SSLSocket: boolean isOutputShutdown()>()	timediff:0
I/System.out(18343): body:<com.csam.directexpress.common.a.a.c: boolean isClosed()>	sig:$z0 = virtualinvoke $r1.<javax.net.ssl.SSLSocket: boolean isClosed()>()	timediff:0
I/System.out(18343): body:<com.csam.directexpress.common.a.a.c: boolean isInputShutdown()>	sig:$z0 = virtualinvoke $r1.<javax.net.ssl.SSLSocket: boolean isInputShutdown()>()	timediff:0
I/System.out(18343): body:<com.csam.directexpress.common.a.a.c: boolean isOutputShutdown()>	sig:$z0 = virtualinvoke $r1.<javax.net.ssl.SSLSocket: boolean isOutputShutdown()>()	timediff:0
I/System.out(18343): body:<com.csam.directexpress.common.a.a.c: boolean isClosed()>	sig:$z0 = virtualinvoke $r1.<javax.net.ssl.SSLSocket: boolean isClosed()>()	timediff:0
I/System.out(18343): body:<com.csam.directexpress.common.a.a.c: boolean isInputShutdown()>	sig:$z0 = virtualinvoke $r1.<javax.net.ssl.SSLSocket: boolean isInputShutdown()>()	timediff:0
I/System.out(18343): body:<com.csam.directexpress.common.a.a.c: boolean isOutputShutdown()>	sig:$z0 = virtualinvoke $r1.<javax.net.ssl.SSLSocket: boolean isOutputShutdown()>()	timediff:0
I/System.out(18343): body:<com.csam.directexpress.common.a.a.c: boolean isClosed()>	sig:$z0 = virtualinvoke $r1.<javax.net.ssl.SSLSocket: boolean isClosed()>()	timediff:0
I/System.out(18343): body:<com.csam.directexpress.common.a.a.c: boolean isInputShutdown()>	sig:$z0 = virtualinvoke $r1.<javax.net.ssl.SSLSocket: boolean isInputShutdown()>()	timediff:0
I/System.out(18343): body:<com.csam.directexpress.common.a.a.c: boolean isOutputShutdown()>	sig:$z0 = virtualinvoke $r1.<javax.net.ssl.SSLSocket: boolean isOutputShutdown()>()	timediff:0
I/System.out(18343): body:<com.csam.directexpress.common.a.a.c: boolean isClosed()>	sig:$z0 = virtualinvoke $r1.<javax.net.ssl.SSLSocket: boolean isClosed()>()	timediff:0
I/System.out(18343): body:<com.csam.directexpress.common.a.a.c: boolean isInputShutdown()>	sig:$z0 = virtualinvoke $r1.<javax.net.ssl.SSLSocket: boolean isInputShutdown()>()	timediff:0
I/System.out(18343): body:<com.csam.directexpress.common.a.a.c: boolean isOutputShutdown()>	sig:$z0 = virtualinvoke $r1.<javax.net.ssl.SSLSocket: boolean isOutputShutdown()>()	timediff:0
I/System.out(18343): body:<com.csam.directexpress.common.a.a.c: void close()>	sig:virtualinvoke $r1.<javax.net.ssl.SSLSocket: void close()>()	timediff:0
W/InputEventReceiver(18343): Attempted to finish an input event but the input event receiver has already been disposed.
W/ViewRootImpl(18343): Dropping event due to root view being removed: KeyEvent { action=ACTION_DOWN, keyCode=KEYCODE_DPAD_LEFT, scanCode=0, metaState=0, flags=0x8, repeatCount=0, eventTime=14844191, downTime=14844191, deviceId=-1, source=0x101 }
W/ViewRootImpl(18343): Dropping event due to no window focus: KeyEvent { action=ACTION_DOWN, keyCode=KEYCODE_BUTTON_B, scanCode=0, metaState=0, flags=0x8, repeatCount=0, eventTime=14844207, downTime=14844207, deviceId=-1, source=0x101 }
W/ViewRootImpl(18343): Dropping event due to no window focus: KeyEvent { action=ACTION_DOWN, keyCode=KEYCODE_BACK, scanCode=0, metaState=0, flags=0x8, repeatCount=0, eventTime=14844207, downTime=14844207, deviceId=-1, source=0x101 }
W/ContextImpl(  346): Calling a method in the system process without a qualified user: android.app.ContextImpl.sendBroadcast:1123 com.android.server.InputMethodManagerService.hideCurrentInputLocked:1880 com.android.server.InputMethodManagerService.hideSoftInput:1843 com.android.internal.view.IInputMethodManager$Stub.onTransact:194 com.android.server.InputMethodManagerService.onTransact:818 
W/ContextImpl(  346): Calling a method in the system process without a qualified user: android.app.ContextImpl.sendBroadcast:1123 com.android.server.InputMethodManagerService.showCurrentInputLocked:1791 com.android.server.InputMethodManagerService.showSoftInput:1753 com.android.internal.view.IInputMethodManager$Stub.onTransact:175 com.android.server.InputMethodManagerService.onTransact:818 
W/ContextImpl(  346): Calling a method in the system process without a qualified user: android.app.ContextImpl.sendBroadcast:1123 com.android.server.InputMethodManagerService.showCurrentInputLocked:1791 com.android.server.InputMethodManagerService.attachNewInputLocked:1095 com.android.server.InputMethodManagerService.startInputUncheckedLocked:1166 com.android.server.InputMethodManagerService.startInputLocked:1128 
W/ContextImpl(  346): Calling a method in the system process without a qualified user: android.app.ContextImpl.sendBroadcast:1123 com.android.server.InputMethodManagerService.showCurrentInputLocked:1791 com.android.server.InputMethodManagerService.showSoftInput:1753 com.android.internal.view.IInputMethodManager$Stub.onTransact:175 com.android.server.InputMethodManagerService.onTransact:818 
W/IInputConnectionWrapper(18343): getCursorCapsMode on inactive InputConnection
V/InputMethodService(  631): onEvaluateInputViewShown: config.hardKeyboardHidden = 2
V/InputMethodService(  631): onEvaluateInputViewShown: config.hardKeyboardHidden = 2
V/InputMethodService(  631): onEvaluateInputViewShown: config.hardKeyboardHidden = 2
V/InputMethodService(  631): onEvaluateInputViewShown: config.hardKeyboardHidden = 2
V/InputMethodService(  631): onEvaluateInputViewShown: config.hardKeyboardHidden = 2
V/InputMethodService(  631): onEvaluateInputViewShown: config.hardKeyboardHidden = 2
V/InputMethodService(  631): onEvaluateInputViewShown: config.hardKeyboardHidden = 2
V/InputMethodService(  631): onEvaluateInputViewShown: config.hardKeyboardHidden = 2
V/InputMethodService(  631): onEvaluateInputViewShown: config.hardKeyboardHidden = 2
V/InputMethodService(  631): onEvaluateInputViewShown: config.hardKeyboardHidden = 2
W/ContextImpl(  346): Calling a method in the system process without a qualified user: android.app.ContextImpl.sendBroadcast:1123 com.android.server.InputMethodManagerService.showCurrentInputLocked:1791 com.android.server.InputMethodManagerService.attachNewInputLocked:1095 com.android.server.InputMethodManagerService.startInputUncheckedLocked:1166 com.android.server.InputMethodManagerService.startInputLocked:1128 
W/ContextImpl(  346): Calling a method in the system process without a qualified user: android.app.ContextImpl.sendBroadcast:1123 com.android.server.InputMethodManagerService.showCurrentInputLocked:1791 com.android.server.InputMethodManagerService.attachNewInputLocked:1095 com.android.server.InputMethodManagerService.startInputUncheckedLocked:1166 com.android.server.InputMethodManagerService.startInputLocked:1128 
V/InputMethodService(  631): onEvaluateInputViewShown: config.hardKeyboardHidden = 2
V/InputMethodService(  631): onEvaluateInputViewShown: config.hardKeyboardHidden = 2
V/InputMethodService(  631): onEvaluateInputViewShown: config.hardKeyboardHidden = 2
V/InputMethodService(  631): onEvaluateInputViewShown: config.hardKeyboardHidden = 2
W/ContextImpl(  346): Calling a method in the system process without a qualified user: android.app.ContextImpl.sendBroadcast:1123 com.android.server.InputMethodManagerService.showCurrentInputLocked:1791 com.android.server.InputMethodManagerService.attachNewInputLocked:1095 com.android.server.InputMethodManagerService.startInputUncheckedLocked:1166 com.android.server.InputMethodManagerService.startInputLocked:1128 
W/ContextImpl(  346): Calling a method in the system process without a qualified user: android.app.ContextImpl.sendBroadcast:1123 com.android.server.InputMethodManagerService.showCurrentInputLocked:1791 com.android.server.InputMethodManagerService.attachNewInputLocked:1095 com.android.server.InputMethodManagerService.startInputUncheckedLocked:1166 com.android.server.InputMethodManagerService.startInputLocked:1128 
W/ContextImpl(  346): Calling a method in the system process without a qualified user: android.app.ContextImpl.sendBroadcast:1123 com.android.server.InputMethodManagerService.showCurrentInputLocked:1791 com.android.server.InputMethodManagerService.attachNewInputLocked:1095 com.android.server.InputMethodManagerService.startInputUncheckedLocked:1166 com.android.server.InputMethodManagerService.startInputLocked:1128 
V/InputMethodService(  631): onEvaluateInputViewShown: config.hardKeyboardHidden = 2
V/InputMethodService(  631): onEvaluateInputViewShown: config.hardKeyboardHidden = 2
W/ContextImpl(  346): Calling a method in the system process without a qualified user: android.app.ContextImpl.sendBroadcast:1123 com.android.server.InputMethodManagerService.showCurrentInputLocked:1791 com.android.server.InputMethodManagerService.attachNewInputLocked:1095 com.android.server.InputMethodManagerService.startInputUncheckedLocked:1166 com.android.server.InputMethodManagerService.startInputLocked:1128 
V/InputMethodService(  631): onEvaluateInputViewShown: config.hardKeyboardHidden = 2
V/InputMethodService(  631): onEvaluateInputViewShown: config.hardKeyboardHidden = 2
W/ContextImpl(  346): Calling a method in the system process without a qualified user: android.app.ContextImpl.sendBroadcast:1123 com.android.server.InputMethodManagerService.showCurrentInputLocked:1791 com.android.server.InputMethodManagerService.showSoftInput:1753 com.android.internal.view.IInputMethodManager$Stub.onTransact:175 com.android.server.InputMethodManagerService.onTransact:818 
V/InputMethodService(  631): onEvaluateInputViewShown: config.hardKeyboardHidden = 2
V/InputMethodService(  631): onEvaluateInputViewShown: config.hardKeyboardHidden = 2
D/dalvikvm(  631): GC_CONCURRENT freed 233K, 10% free 3046K/3372K, paused 0ms+0ms, total 3ms
D/dalvikvm(18343): GC_CONCURRENT freed 1032K, 25% free 6341K/8428K, paused 0ms+6ms, total 10ms
V/InputMethodService(  631): onEvaluateInputViewShown: config.hardKeyboardHidden = 2
V/InputMethodService(  631): onEvaluateInputViewShown: config.hardKeyboardHidden = 2
W/ContextImpl(  346): Calling a method in the system process without a qualified user: android.app.ContextImpl.sendBroadcast:1123 com.android.server.InputMethodManagerService.showCurrentInputLocked:1791 com.android.server.InputMethodManagerService.attachNewInputLocked:1095 com.android.server.InputMethodManagerService.startInputUncheckedLocked:1166 com.android.server.InputMethodManagerService.startInputLocked:1128 
V/InputMethodService(  631): onEvaluateInputViewShown: config.hardKeyboardHidden = 2
V/InputMethodService(  631): onEvaluateInputViewShown: config.hardKeyboardHidden = 2
W/ContextImpl(  346): Calling a method in the system process without a qualified user: android.app.ContextImpl.sendBroadcast:1123 com.android.server.InputMethodManagerService.showCurrentInputLocked:1791 com.android.server.InputMethodManagerService.attachNewInputLocked:1095 com.android.server.InputMethodManagerService.startInputUncheckedLocked:1166 com.android.server.InputMethodManagerService.startInputLocked:1128 
V/InputMethodService(  631): onEvaluateInputViewShown: config.hardKeyboardHidden = 2
V/InputMethodService(  631): onEvaluateInputViewShown: config.hardKeyboardHidden = 2
W/ContextImpl(  346): Calling a method in the system process without a qualified user: android.app.ContextImpl.sendBroadcast:1123 com.android.server.InputMethodManagerService.showCurrentInputLocked:1791 com.android.server.InputMethodManagerService.attachNewInputLocked:1095 com.android.server.InputMethodManagerService.startInputUncheckedLocked:1166 com.android.server.InputMethodManagerService.startInputLocked:1128 
W/WindowManager(  346): updateFocusedWindowLocked, focusedAppToken is null.
W/ViewRootImpl(  531): Dropping event due to no window focus: KeyEvent { action=ACTION_DOWN, keyCode=KEYCODE_ZENKAKU_HANKAKU, scanCode=0, metaState=0, flags=0x8, repeatCount=0, eventTime=14844442, downTime=14844442, deviceId=-1, source=0x101 }
W/InputMethodManagerService(  346): Starting input on non-focused client com.android.internal.view.IInputMethodClient$Stub$Proxy@4ab5ab0c (uid=10131 pid=18343)
W/InputMethodManagerService(  346): Starting input on non-focused client com.android.internal.view.IInputMethodClient$Stub$Proxy@4ab5ab0c (uid=10131 pid=18343)
W/InputMethodManagerService(  346): Starting input on non-focused client com.android.internal.view.IInputMethodClient$Stub$Proxy@4ab5ab0c (uid=10131 pid=18343)
W/InputMethodManagerService(  346): Starting input on non-focused client com.android.internal.view.IInputMethodClient$Stub$Proxy@4ab5ab0c (uid=10131 pid=18343)
W/ViewRootImpl(  531): Dropping event due to no window focus: KeyEvent { action=ACTION_DOWN, keyCode=KEYCODE_MENU, scanCode=0, metaState=0, flags=0x8, repeatCount=0, eventTime=14844453, downTime=14844453, deviceId=-1, source=0x101 }
W/ContextImpl(  346): Calling a method in the system process without a qualified user: android.app.ContextImpl.sendBroadcast:1123 com.android.server.InputMethodManagerService.hideCurrentInputLocked:1880 com.android.server.InputMethodManagerService.windowGainedFocus:1968 com.android.internal.view.IInputMethodManager$Stub.onTransact:221 com.android.server.InputMethodManagerService.onTransact:818 
W/InputEventReceiver(  531): Attempted to finish an input event but the input event receiver has already been disposed.
W/InputEventReceiver(  531): Attempted to finish an input event but the input event receiver has already been disposed.
W/ViewRootImpl(  531): Dropping event due to root view being removed: MotionEvent { action=ACTION_UP, id[0]=0, x[0]=22.918333, y[0]=-68.71576, toolType[0]=TOOL_TYPE_UNKNOWN, buttonState=0, metaState=0, flags=0x0, edgeFlags=0x0, pointerCount=1, historySize=0, eventTime=14844468, downTime=14844468, deviceId=0, source=0x1002 }
W/IInputConnectionWrapper(18343): showStatusIcon on inactive InputConnection
V/InputMethodService(  631): onEvaluateInputViewShown: config.hardKeyboardHidden = 2
V/InputMethodService(  631): onEvaluateInputViewShown: config.hardKeyboardHidden = 2
W/ContextImpl(  346): Calling a method in the system process without a qualified user: android.app.ContextImpl.sendBroadcast:1123 com.android.server.InputMethodManagerService.showCurrentInputLocked:1791 com.android.server.InputMethodManagerService.showSoftInput:1753 com.android.internal.view.IInputMethodManager$Stub.onTransact:175 com.android.server.InputMethodManagerService.onTransact:818 
I/ActivityManager(  346): START u0 {act=android.intent.action.MAIN cat=[android.intent.category.LAUNCHER] flg=0x10200000 cmp=com.mastercard.directexpress/com.csam.directexpress.activity.LauncherActivity} from pid 18333
V/InputMethodService(  631): onEvaluateInputViewShown: config.hardKeyboardHidden = 2
V/InputMethodService(  631): onEvaluateInputViewShown: config.hardKeyboardHidden = 2
V/InputMethodService(  631): onEvaluateInputViewShown: config.hardKeyboardHidden = 2
V/InputMethodService(  631): onEvaluateInputViewShown: config.hardKeyboardHidden = 2
V/InputMethodService(  631): onEvaluateInputViewShown: config.hardKeyboardHidden = 2
V/InputMethodService(  631): onEvaluateInputViewShown: config.hardKeyboardHidden = 2
V/InputMethodService(  631): onEvaluateInputViewShown: config.hardKeyboardHidden = 2
V/InputMethodService(  631): onEvaluateInputViewShown: config.hardKeyboardHidden = 2
W/ContextImpl(  346): Calling a method in the system process without a qualified user: android.app.ContextImpl.sendBroadcast:1123 com.android.server.InputMethodManagerService.showCurrentInputLocked:1791 com.android.server.InputMethodManagerService.attachNewInputLocked:1095 com.android.server.InputMethodManagerService.startInputUncheckedLocked:1166 com.android.server.InputMethodManagerService.startInputLocked:1128 
W/ContextImpl(  346): Calling a method in the system process without a qualified user: android.app.ContextImpl.sendBroadcast:1123 com.android.server.InputMethodManagerService.showCurrentInputLocked:1791 com.android.server.InputMethodManagerService.attachNewInputLocked:1095 com.android.server.InputMethodManagerService.startInputUncheckedLocked:1166 com.android.server.InputMethodManagerService.startInputLocked:1128 
W/ContextImpl(  346): Calling a method in the system process without a qualified user: android.app.ContextImpl.sendBroadcast:1123 com.android.server.InputMethodManagerService.showCurrentInputLocked:1791 com.android.server.InputMethodManagerService.attachNewInputLocked:1095 com.android.server.InputMethodManagerService.startInputUncheckedLocked:1166 com.android.server.InputMethodManagerService.startInputLocked:1128 
W/ContextImpl(  346): Calling a method in the system process without a qualified user: android.app.ContextImpl.sendBroadcast:1123 com.android.server.InputMethodManagerService.showCurrentInputLocked:1791 com.android.server.InputMethodManagerService.attachNewInputLocked:1095 com.android.server.InputMethodManagerService.startInputUncheckedLocked:1166 com.android.server.InputMethodManagerService.startInputLocked:1128 
V/InputMethodService(  631): onEvaluateInputViewShown: config.hardKeyboardHidden = 2
V/InputMethodService(  631): onEvaluateInputViewShown: config.hardKeyboardHidden = 2
V/InputMethodService(  631): onEvaluateInputViewShown: config.hardKeyboardHidden = 2
V/InputMethodService(  631): onEvaluateInputViewShown: config.hardKeyboardHidden = 2
V/InputMethodService(  631): onEvaluateInputViewShown: config.hardKeyboardHidden = 2
V/InputMethodService(  631): onEvaluateInputViewShown: config.hardKeyboardHidden = 2
W/ContextImpl(  346): Calling a method in the system process without a qualified user: android.app.ContextImpl.sendBroadcast:1123 com.android.server.InputMethodManagerService.showCurrentInputLocked:1791 com.android.server.InputMethodManagerService.attachNewInputLocked:1095 com.android.server.InputMethodManagerService.startInputUncheckedLocked:1166 com.android.server.InputMethodManagerService.startInputLocked:1128 
W/ContextImpl(  346): Calling a method in the system process without a qualified user: android.app.ContextImpl.sendBroadcast:1123 com.android.server.InputMethodManagerService.showCurrentInputLocked:1791 com.android.server.InputMethodManagerService.attachNewInputLocked:1095 com.android.server.InputMethodManagerService.startInputUncheckedLocked:1166 com.android.server.InputMethodManagerService.startInputLocked:1128 
W/ContextImpl(  346): Calling a method in the system process without a qualified user: android.app.ContextImpl.sendBroadcast:1123 com.android.server.InputMethodManagerService.showCurrentInputLocked:1791 com.android.server.InputMethodManagerService.attachNewInputLocked:1095 com.android.server.InputMethodManagerService.startInputUncheckedLocked:1166 com.android.server.InputMethodManagerService.startInputLocked:1128 
V/InputMethodService(  631): onEvaluateInputViewShown: config.hardKeyboardHidden = 2
V/InputMethodService(  631): onEvaluateInputViewShown: config.hardKeyboardHidden = 2
W/ContextImpl(  346): Calling a method in the system process without a qualified user: android.app.ContextImpl.sendBroadcast:1123 com.android.server.InputMethodManagerService.showCurrentInputLocked:1791 com.android.server.InputMethodManagerService.attachNewInputLocked:1095 com.android.server.InputMethodManagerService.startInputUncheckedLocked:1166 com.android.server.InputMethodManagerService.startInputLocked:1128 
V/InputMethodService(  631): onEvaluateInputViewShown: config.hardKeyboardHidden = 2
V/InputMethodService(  631): onEvaluateInputViewShown: config.hardKeyboardHidden = 2
W/ContextImpl(  346): Calling a method in the system process without a qualified user: android.app.ContextImpl.sendBroadcast:1123 com.android.server.InputMethodManagerService.showCurrentInputLocked:1791 com.android.server.InputMethodManagerService.attachNewInputLocked:1095 com.android.server.InputMethodManagerService.startInputUncheckedLocked:1166 com.android.server.InputMethodManagerService.startInputLocked:1128 
V/InputMethodService(  631): onEvaluateInputViewShown: config.hardKeyboardHidden = 2
V/InputMethodService(  631): onEvaluateInputViewShown: config.hardKeyboardHidden = 2
V/InputMethodService(  631): onEvaluateInputViewShown: config.hardKeyboardHidden = 2
V/InputMethodService(  631): onEvaluateInputViewShown: config.hardKeyboardHidden = 2
V/InputMethodService(  631): onEvaluateInputViewShown: config.hardKeyboardHidden = 2
V/InputMethodService(  631): onEvaluateInputViewShown: config.hardKeyboardHidden = 2
V/InputMethodService(  631): onEvaluateInputViewShown: config.hardKeyboardHidden = 2
V/InputMethodService(  631): onEvaluateInputViewShown: config.hardKeyboardHidden = 2
W/ContextImpl(  346): Calling a method in the system process without a qualified user: android.app.ContextImpl.sendBroadcast:1123 com.android.server.InputMethodManagerService.showCurrentInputLocked:1791 com.android.server.InputMethodManagerService.attachNewInputLocked:1095 com.android.server.InputMethodManagerService.startInputUncheckedLocked:1166 com.android.server.InputMethodManagerService.startInputLocked:1128 
W/ContextImpl(  346): Calling a method in the system process without a qualified user: android.app.ContextImpl.sendBroadcast:1123 com.android.server.InputMethodManagerService.showCurrentInputLocked:1791 com.android.server.InputMethodManagerService.attachNewInputLocked:1095 com.android.server.InputMethodManagerService.startInputUncheckedLocked:1166 com.android.server.InputMethodManagerService.startInputLocked:1128 
W/ContextImpl(  346): Calling a method in the system process without a qualified user: android.app.ContextImpl.sendBroadcast:1123 com.android.server.InputMethodManagerService.showCurrentInputLocked:1791 com.android.server.InputMethodManagerService.attachNewInputLocked:1095 com.android.server.InputMethodManagerService.startInputUncheckedLocked:1166 com.android.server.InputMethodManagerService.startInputLocked:1128 
W/ContextImpl(  346): Calling a method in the system process without a qualified user: android.app.ContextImpl.sendBroadcast:1123 com.android.server.InputMethodManagerService.showCurrentInputLocked:1791 com.android.server.InputMethodManagerService.attachNewInputLocked:1095 com.android.server.InputMethodManagerService.startInputUncheckedLocked:1166 com.android.server.InputMethodManagerService.startInputLocked:1128 
W/ContextImpl(  346): Calling a method in the system process without a qualified user: android.app.ContextImpl.sendBroadcast:1123 com.android.server.InputMethodManagerService.showCurrentInputLocked:1791 com.android.server.InputMethodManagerService.attachNewInputLocked:1095 com.android.server.InputMethodManagerService.startInputUncheckedLocked:1166 com.android.server.InputMethodManagerService.startInputLocked:1128 
W/ContextImpl(  346): Calling a method in the system process without a qualified user: android.app.ContextImpl.sendBroadcast:1123 com.android.server.InputMethodManagerService.showCurrentInputLocked:1791 com.android.server.InputMethodManagerService.showSoftInput:1753 com.android.internal.view.IInputMethodManager$Stub.onTransact:175 com.android.server.InputMethodManagerService.onTransact:818 
V/InputMethodService(  631): onEvaluateInputViewShown: config.hardKeyboardHidden = 2
V/InputMethodService(  631): onEvaluateInputViewShown: config.hardKeyboardHidden = 2
V/InputMethodService(  631): onEvaluateInputViewShown: config.hardKeyboardHidden = 2
V/InputMethodService(  631): onEvaluateInputViewShown: config.hardKeyboardHidden = 2
W/ContextImpl(  346): Calling a method in the system process without a qualified user: android.app.ContextImpl.sendBroadcast:1123 com.android.server.InputMethodManagerService.showCurrentInputLocked:1791 com.android.server.InputMethodManagerService.attachNewInputLocked:1095 com.android.server.InputMethodManagerService.startInputUncheckedLocked:1166 com.android.server.InputMethodManagerService.startInputLocked:1128 
V/InputMethodService(  631): onEvaluateInputViewShown: config.hardKeyboardHidden = 2
V/InputMethodService(  631): onEvaluateInputViewShown: config.hardKeyboardHidden = 2
V/InputMethodService(  631): onEvaluateInputViewShown: config.hardKeyboardHidden = 2
V/InputMethodService(  631): onEvaluateInputViewShown: config.hardKeyboardHidden = 2
W/ContextImpl(  346): Calling a method in the system process without a qualified user: android.app.ContextImpl.sendBroadcast:1123 com.android.server.InputMethodManagerService.showCurrentInputLocked:1791 com.android.server.InputMethodManagerService.showSoftInput:1753 com.android.internal.view.IInputMethodManager$Stub.onTransact:175 com.android.server.InputMethodManagerService.onTransact:818 
V/InputMethodService(  631): onEvaluateInputViewShown: config.hardKeyboardHidden = 2
V/InputMethodService(  631): onEvaluateInputViewShown: config.hardKeyboardHidden = 2
W/ContextImpl(  346): Calling a method in the system process without a qualified user: android.app.ContextImpl.sendBroadcast:1123 com.android.server.InputMethodManagerService.showCurrentInputLocked:1791 com.android.server.InputMethodManagerService.attachNewInputLocked:1095 com.android.server.InputMethodManagerService.startInputUncheckedLocked:1166 com.android.server.InputMethodManagerService.startInputLocked:1128 
W/ContextImpl(  346): Calling a method in the system process without a qualified user: android.app.ContextImpl.sendBroadcast:1123 com.android.server.InputMethodManagerService.showCurrentInputLocked:1791 com.android.server.InputMethodManagerService.attachNewInputLocked:1095 com.android.server.InputMethodManagerService.startInputUncheckedLocked:1166 com.android.server.InputMethodManagerService.startInputLocked:1128 
V/InputMethodService(  631): onEvaluateInputViewShown: config.hardKeyboardHidden = 2
V/InputMethodService(  631): onEvaluateInputViewShown: config.hardKeyboardHidden = 2
V/InputMethodService(  631): onEvaluateInputViewShown: config.hardKeyboardHidden = 2
V/InputMethodService(  631): onEvaluateInputViewShown: config.hardKeyboardHidden = 2
V/InputMethodService(  631): onEvaluateInputViewShown: config.hardKeyboardHidden = 2
V/InputMethodService(  631): onEvaluateInputViewShown: config.hardKeyboardHidden = 2
V/InputMethodService(  631): onEvaluateInputViewShown: config.hardKeyboardHidden = 2
V/InputMethodService(  631): onEvaluateInputViewShown: config.hardKeyboardHidden = 2
W/ContextImpl(  346): Calling a method in the system process without a qualified user: android.app.ContextImpl.sendBroadcast:1123 com.android.server.InputMethodManagerService.showCurrentInputLocked:1791 com.android.server.InputMethodManagerService.attachNewInputLocked:1095 com.android.server.InputMethodManagerService.startInputUncheckedLocked:1166 com.android.server.InputMethodManagerService.startInputLocked:1128 
W/ContextImpl(  346): Calling a method in the system process without a qualified user: android.app.ContextImpl.sendBroadcast:1123 com.android.server.InputMethodManagerService.showCurrentInputLocked:1791 com.android.server.InputMethodManagerService.attachNewInputLocked:1095 com.android.server.InputMethodManagerService.startInputUncheckedLocked:1166 com.android.server.InputMethodManagerService.startInputLocked:1128 
W/ContextImpl(  346): Calling a method in the system process without a qualified user: android.app.ContextImpl.sendBroadcast:1123 com.android.server.InputMethodManagerService.showCurrentInputLocked:1791 com.android.server.InputMethodManagerService.attachNewInputLocked:1095 com.android.server.InputMethodManagerService.startInputUncheckedLocked:1166 com.android.server.InputMethodManagerService.startInputLocked:1128 
V/InputMethodService(  631): onEvaluateInputViewShown: config.hardKeyboardHidden = 2
V/InputMethodService(  631): onEvaluateInputViewShown: config.hardKeyboardHidden = 2
V/InputMethodService(  631): onEvaluateInputViewShown: config.hardKeyboardHidden = 2
V/InputMethodService(  631): onEvaluateInputViewShown: config.hardKeyboardHidden = 2
W/ContextImpl(  346): Calling a method in the system process without a qualified user: android.app.ContextImpl.sendBroadcast:1123 com.android.server.InputMethodManagerService.showCurrentInputLocked:1791 com.android.server.InputMethodManagerService.attachNewInputLocked:1095 com.android.server.InputMethodManagerService.startInputUncheckedLocked:1166 com.android.server.InputMethodManagerService.startInputLocked:1128 
W/ContextImpl(  346): Calling a method in the system process without a qualified user: android.app.ContextImpl.sendBroadcast:1123 com.android.server.InputMethodManagerService.showCurrentInputLocked:1791 com.android.server.InputMethodManagerService.attachNewInputLocked:1095 com.android.server.InputMethodManagerService.startInputUncheckedLocked:1166 com.android.server.InputMethodManagerService.startInputLocked:1128 
V/InputMethodService(  631): onEvaluateInputViewShown: config.hardKeyboardHidden = 2
V/InputMethodService(  631): onEvaluateInputViewShown: config.hardKeyboardHidden = 2
W/ContextImpl(  346): Calling a method in the system process without a qualified user: android.app.ContextImpl.sendBroadcast:1123 com.android.server.InputMethodManagerService.showCurrentInputLocked:1791 com.android.server.InputMethodManagerService.showSoftInput:1753 com.android.internal.view.IInputMethodManager$Stub.onTransact:175 com.android.server.InputMethodManagerService.onTransact:818 
V/InputMethodService(  631): onEvaluateInputViewShown: config.hardKeyboardHidden = 2
V/InputMethodService(  631): onEvaluateInputViewShown: config.hardKeyboardHidden = 2
V/InputMethodService(  631): onEvaluateInputViewShown: config.hardKeyboardHidden = 2
V/InputMethodService(  631): onEvaluateInputViewShown: config.hardKeyboardHidden = 2
W/ContextImpl(  346): Calling a method in the system process without a qualified user: android.app.ContextImpl.sendBroadcast:1123 com.android.server.InputMethodManagerService.showCurrentInputLocked:1791 com.android.server.InputMethodManagerService.attachNewInputLocked:1095 com.android.server.InputMethodManagerService.startInputUncheckedLocked:1166 com.android.server.InputMethodManagerService.startInputLocked:1128 
W/ContextImpl(  346): Calling a method in the system process without a qualified user: android.app.ContextImpl.sendBroadcast:1123 com.android.server.InputMethodManagerService.showCurrentInputLocked:1791 com.android.server.InputMethodManagerService.attachNewInputLocked:1095 com.android.server.InputMethodManagerService.startInputUncheckedLocked:1166 com.android.server.InputMethodManagerService.startInputLocked:1128 
W/ContextImpl(  346): Calling a method in the system process without a qualified user: android.app.ContextImpl.sendBroadcast:1123 com.android.server.InputMethodManagerService.showCurrentInputLocked:1791 com.android.server.InputMethodManagerService.attachNewInputLocked:1095 com.android.server.InputMethodManagerService.startInputUncheckedLocked:1166 com.android.server.InputMethodManagerService.startInputLocked:1128 
V/InputMethodService(  631): onEvaluateInputViewShown: config.hardKeyboardHidden = 2
V/InputMethodService(  631): onEvaluateInputViewShown: config.hardKeyboardHidden = 2
V/InputMethodService(  631): onEvaluateInputViewShown: config.hardKeyboardHidden = 2
V/InputMethodService(  631): onEvaluateInputViewShown: config.hardKeyboardHidden = 2
W/ContextImpl(  346): Calling a method in the system process without a qualified user: android.app.ContextImpl.sendBroadcast:1123 com.android.server.InputMethodManagerService.showCurrentInputLocked:1791 com.android.server.InputMethodManagerService.attachNewInputLocked:1095 com.android.server.InputMethodManagerService.startInputUncheckedLocked:1166 com.android.server.InputMethodManagerService.startInputLocked:1128 
I/ActivityManager(  346): START u0 {act=android.intent.action.MAIN cat=[android.intent.category.HOME] flg=0x10200000 cmp=com.vphone.launcher/.Launcher} from pid 346
W/SurfaceFlinger(  172): FB is protected: PERMISSION_DENIED
W/WindowManager(  346): Screenshot failure taking screenshot for (437x246) to layer 21030
V/InputMethodService(  631): onEvaluateInputViewShown: config.hardKeyboardHidden = 2
V/InputMethodService(  631): onEvaluateInputViewShown: config.hardKeyboardHidden = 2
W/ContextImpl(  346): Calling a method in the system process without a qualified user: android.app.ContextImpl.sendBroadcast:1123 com.android.server.InputMethodManagerService.showCurrentInputLocked:1791 com.android.server.InputMethodManagerService.attachNewInputLocked:1095 com.android.server.InputMethodManagerService.startInputUncheckedLocked:1166 com.android.server.InputMethodManagerService.startInputLocked:1128 
V/InputMethodService(  631): onEvaluateInputViewShown: config.hardKeyboardHidden = 2
V/InputMethodService(  631): onEvaluateInputViewShown: config.hardKeyboardHidden = 2
V/InputMethodService(  631): onEvaluateInputViewShown: config.hardKeyboardHidden = 2
V/InputMethodService(  631): onEvaluateInputViewShown: config.hardKeyboardHidden = 2
W/ContextImpl(  346): Calling a method in the system process without a qualified user: android.app.ContextImpl.sendBroadcast:1123 com.android.server.InputMethodManagerService.showCurrentInputLocked:1791 com.android.server.InputMethodManagerService.attachNewInputLocked:1095 com.android.server.InputMethodManagerService.startInputUncheckedLocked:1166 com.android.server.InputMethodManagerService.startInputLocked:1128 
W/ContextImpl(  346): Calling a method in the system process without a qualified user: android.app.ContextImpl.sendBroadcast:1123 com.android.server.InputMethodManagerService.showCurrentInputLocked:1791 com.android.server.InputMethodManagerService.attachNewInputLocked:1095 com.android.server.InputMethodManagerService.startInputUncheckedLocked:1166 com.android.server.InputMethodManagerService.startInputLocked:1128 
I/ActivityManager(  346): START u0 {act=android.intent.action.MAIN cat=[android.intent.category.LAUNCHER] flg=0x10200000 cmp=com.mastercard.directexpress/com.csam.directexpress.activity.LauncherActivity} from pid 18333
W/ContextImpl(  346): Calling a method in the system process without a qualified user: android.app.ContextImpl.sendBroadcast:1123 com.android.server.InputMethodManagerService.showCurrentInputLocked:1791 com.android.server.InputMethodManagerService.attachNewInputLocked:1095 com.android.server.InputMethodManagerService.startInputUncheckedLocked:1166 com.android.server.InputMethodManagerService.startInputLocked:1128 
V/InputMethodService(  631): onEvaluateInputViewShown: config.hardKeyboardHidden = 2
V/InputMethodService(  631): onEvaluateInputViewShown: config.hardKeyboardHidden = 2
V/InputMethodService(  631): onEvaluateInputViewShown: config.hardKeyboardHidden = 2
V/InputMethodService(  631): onEvaluateInputViewShown: config.hardKeyboardHidden = 2
W/ContextImpl(  346): Calling a method in the system process without a qualified user: android.app.ContextImpl.sendBroadcast:1123 com.android.server.InputMethodManagerService.showCurrentInputLocked:1791 com.android.server.InputMethodManagerService.showSoftInput:1753 com.android.internal.view.IInputMethodManager$Stub.onTransact:175 com.android.server.InputMethodManagerService.onTransact:818 
V/InputMethodService(  631): onEvaluateInputViewShown: config.hardKeyboardHidden = 2
V/InputMethodService(  631): onEvaluateInputViewShown: config.hardKeyboardHidden = 2
W/ContextImpl(  346): Calling a method in the system process without a qualified user: android.app.ContextImpl.sendBroadcast:1123 com.android.server.InputMethodManagerService.showCurrentInputLocked:1791 com.android.server.InputMethodManagerService.showSoftInput:1753 com.android.internal.view.IInputMethodManager$Stub.onTransact:175 com.android.server.InputMethodManagerService.onTransact:818 
V/InputMethodService(  631): onEvaluateInputViewShown: config.hardKeyboardHidden = 2
V/InputMethodService(  631): onEvaluateInputViewShown: config.hardKeyboardHidden = 2
W/ContextImpl(  346): Calling a method in the system process without a qualified user: android.app.ContextImpl.sendBroadcast:1123 com.android.server.InputMethodManagerService.showCurrentInputLocked:1791 com.android.server.InputMethodManagerService.attachNewInputLocked:1095 com.android.server.InputMethodManagerService.startInputUncheckedLocked:1166 com.android.server.InputMethodManagerService.startInputLocked:1128 
I/ActivityManager(  346): START u0 {cmp=com.mastercard.directexpress/com.csam.directexpress.activity.LauncherActivity} from pid 18343
E/DirectExpress(18343): com.csam.directexpress.application.a | In memory data clean up is started 
E/DirectExpress(18343): com.csam.directexpress.h.a.f | In memory user information clean up is started 
E/DirectExpress(18343): com.csam.directexpress.h.a.f | In memory user information clean up completed 
D/ADBMobile(18343): ADBMobile Debug : Analytics - Attempting to send request parameters(ndh=1&pageName=LandingPage&t=00%2F00%2F0000%2000%3A00%3A00%200%20420&aid=2D689D9805033B6F-600011982000EEC7&ce=UTF-8&c.&a.&TimeSinceLaunch=6&AppID=Direct%20Express%201.0.6%20%287%29&DeviceName=SM-G955N&Resolution=720x1280&OSVersion=Android%204.4.2&CarrierName=T-Mobile&RunMode=Application&.a&.c)
E/DirectExpress(18343): com.csam.directexpress.b.b.c | In memory Alerts information clean up is started 
E/DirectExpress(18343): com.csam.directexpress.b.b.c | In memory Alerts information clean up is completed 
E/DirectExpress(18343): com.csam.directexpress.atmlocator.b.c | In memory ATM information clean up is started 
E/DirectExpress(18343): com.csam.directexpress.atmlocator.b.c | In memory ATM information clean up is completed 
E/DirectExpress(18343): com.csam.directexpress.application.a | In memory data clean up is completed 
I/System.out(18343): body:<com.adobe.mobile.bv: java.net.HttpURLConnection a(java.lang.String)>	sig:specialinvoke $r1.<java.net.URL: void <init>(java.lang.String)>($r0)	timediff:0
I/System.out(18343): <com.adobe.mobile.bv: java.net.HttpURLConnection a(java.lang.String)>###specialinvoke $r1.<java.net.URL: void <init>(java.lang.String)>($r0)###http://metrics.mastercard.com/b/ss/masterc620/0/JAVA-4.5.2-AN/s37813598
I/System.out(18343): body:<com.adobe.mobile.bv: java.net.HttpURLConnection a(java.lang.String)>	sig:$r0 = virtualinvoke $r1.<java.net.URL: java.lang.String getProtocol()>()	timediff:0
I/System.out(18343): body:<com.adobe.mobile.bv: java.net.HttpURLConnection a(java.lang.String)>	sig:$r4 = virtualinvoke $r1.<java.net.URL: java.net.URLConnection openConnection()>()	timediff:0
I/System.out(18343): body:<com.adobe.mobile.bv: boolean a(java.lang.String,java.lang.String,java.util.Map,int)>	sig:virtualinvoke $r3.<java.net.HttpURLConnection: void setConnectTimeout(int)>($i0)	timediff:0
I/System.out(18343): body:<com.adobe.mobile.bv: boolean a(java.lang.String,java.lang.String,java.util.Map,int)>	sig:virtualinvoke $r3.<java.net.HttpURLConnection: void setReadTimeout(int)>($i0)	timediff:0
I/System.out(18343): body:<com.adobe.mobile.bv: boolean a(java.lang.String,java.lang.String,java.util.Map,int)>	sig:virtualinvoke $r3.<java.net.HttpURLConnection: void setRequestMethod(java.lang.String)>("POST")	timediff:0
I/System.out(18343): body:<com.adobe.mobile.bv: boolean a(java.lang.String,java.lang.String,java.util.Map,int)>	sig:virtualinvoke $r3.<java.net.HttpURLConnection: void setFixedLengthStreamingMode(int)>($i0)	timediff:0
I/System.out(18343): body:<com.adobe.mobile.bv: boolean a(java.lang.String,java.lang.String,java.util.Map,int)>	sig:virtualinvoke $r3.<java.net.HttpURLConnection: void setRequestProperty(java.lang.String,java.lang.String)>("Content-Type", "application/x-www-form-urlencoded")	timediff:0
I/System.out(18343): body:<com.adobe.mobile.bv: boolean a(java.lang.String,java.lang.String,java.util.Map,int)>	sig:virtualinvoke $r3.<java.net.HttpURLConnection: void setRequestProperty(java.lang.String,java.lang.String)>($r0, $r9)	timediff:0
I/System.out(18343): body:<com.adobe.mobile.bv: boolean a(java.lang.String,java.lang.String,java.util.Map,int)>	sig:virtualinvoke $r3.<java.net.HttpURLConnection: void setRequestProperty(java.lang.String,java.lang.String)>($r0, $r9)	timediff:0
I/System.out(18343): body:<com.csam.directexpress.common.a.a.c: boolean isClosed()>	sig:$z0 = virtualinvoke $r1.<javax.net.ssl.SSLSocket: boolean isClosed()>()	timediff:0
I/System.out(18343): body:<com.csam.directexpress.common.a.a.c: boolean isInputShutdown()>	sig:$z0 = virtualinvoke $r1.<javax.net.ssl.SSLSocket: boolean isInputShutdown()>()	timediff:0
I/System.out(18343): body:<com.csam.directexpress.common.a.a.c: boolean isOutputShutdown()>	sig:$z0 = virtualinvoke $r1.<javax.net.ssl.SSLSocket: boolean isOutputShutdown()>()	timediff:0
I/System.out(18343): body:<com.csam.directexpress.common.a.a.c: boolean isClosed()>	sig:$z0 = virtualinvoke $r1.<javax.net.ssl.SSLSocket: boolean isClosed()>()	timediff:0
I/System.out(18343): body:<com.csam.directexpress.common.a.a.c: boolean isInputShutdown()>	sig:$z0 = virtualinvoke $r1.<javax.net.ssl.SSLSocket: boolean isInputShutdown()>()	timediff:0
D/dalvikvm(18343): GC_FOR_ALLOC freed 1471K, 37% free 5390K/8428K, paused 7ms, total 7ms
I/System.out(18343): body:<com.csam.directexpress.common.a.a.c: boolean isOutputShutdown()>	sig:$z0 = virtualinvoke $r1.<javax.net.ssl.SSLSocket: boolean isOutputShutdown()>()	timediff:7
I/System.out(18343): body:<com.csam.directexpress.common.a.a.c: boolean isClosed()>	sig:$z0 = virtualinvoke $r1.<javax.net.ssl.SSLSocket: boolean isClosed()>()	timediff:0
I/System.out(18343): body:<com.csam.directexpress.common.a.a.c: boolean isInputShutdown()>	sig:$z0 = virtualinvoke $r1.<javax.net.ssl.SSLSocket: boolean isInputShutdown()>()	timediff:0
I/System.out(18343): body:<com.csam.directexpress.common.a.a.c: boolean isOutputShutdown()>	sig:$z0 = virtualinvoke $r1.<javax.net.ssl.SSLSocket: boolean isOutputShutdown()>()	timediff:0
I/System.out(18343): body:<com.csam.directexpress.common.a.a.c: boolean isClosed()>	sig:$z0 = virtualinvoke $r1.<javax.net.ssl.SSLSocket: boolean isClosed()>()	timediff:0
I/System.out(18343): body:<com.csam.directexpress.common.a.a.c: boolean isInputShutdown()>	sig:$z0 = virtualinvoke $r1.<javax.net.ssl.SSLSocket: boolean isInputShutdown()>()	timediff:0
I/System.out(18343): body:<com.csam.directexpress.common.a.a.c: boolean isOutputShutdown()>	sig:$z0 = virtualinvoke $r1.<javax.net.ssl.SSLSocket: boolean isOutputShutdown()>()	timediff:0
I/System.out(18343): body:<com.adobe.mobile.bv: boolean a(java.lang.String,java.lang.String,java.util.Map,int)>	sig:$r13 = virtualinvoke $r3.<java.net.HttpURLConnection: java.io.OutputStream getOutputStream()>()	timediff:10
D/dalvikvm(18343): GC_CONCURRENT freed 743K, 36% free 5422K/8428K, paused 1ms+1ms, total 5ms
D/dalvikvm(18343): WAIT_FOR_CONCURRENT_GC blocked 1ms
W/ResourceType(18343): Too many attribute references, stopped at: 0x010102c5
W/ResourceType(18343): Too many attribute references, stopped at: 0x010102c6
W/ResourceType(18343): Too many attribute references, stopped at: 0x010102c7
W/ResourceType(18343): Too many attribute references, stopped at: 0x01010314
W/ResourceType(18343): Too many attribute references, stopped at: 0x01010315
W/ResourceType(18343): Too many attribute references, stopped at: 0x0101035e
W/ResourceType(18343): Too many attribute references, stopped at: 0x0101035f
W/ResourceType(18343): Too many attribute references, stopped at: 0x01010362
W/ResourceType(18343): Too many attribute references, stopped at: 0x01010374
W/ResourceType(18343): Too many attribute references, stopped at: 0x010102c5
W/ResourceType(18343): Too many attribute references, stopped at: 0x010102c6
W/ResourceType(18343): Too many attribute references, stopped at: 0x010102c7
W/ResourceType(18343): Too many attribute references, stopped at: 0x01010314
W/ResourceType(18343): Too many attribute references, stopped at: 0x01010315
W/ResourceType(18343): Too many attribute references, stopped at: 0x0101035e
W/ResourceType(18343): Too many attribute references, stopped at: 0x0101035f
W/ResourceType(18343): Too many attribute references, stopped at: 0x01010362
W/ResourceType(18343): Too many attribute references, stopped at: 0x01010374
I/System.out(18343): body:<com.adobe.mobile.bv: boolean a(java.lang.String,java.lang.String,java.util.Map,int)>	sig:$r14 = virtualinvoke $r3.<java.net.HttpURLConnection: java.io.InputStream getInputStream()>()	timediff:33
I/System.out(18343): body:<empirical.HelperClass: void printURLInfo(java.lang.String,java.lang.String,java.net.URLConnection)>	sig:$r0 = virtualinvoke urlConnection.<java.net.URLConnection: java.net.URL getURL()>()	timediff:0
I/System.out(18343): body:<empirical.HelperClass: void printURLInfo(java.lang.String,java.lang.String,java.net.URLConnection)>	sig:urlString = virtualinvoke $r0.<java.net.URL: java.lang.String toString()>()	timediff:0
I/System.out(18343): body:<empirical.HelperClass: void printURLInfo(java.lang.String,java.lang.String,java.net.URLConnection)>	sig:isDoOutput = virtualinvoke urlConnection.<java.net.URLConnection: boolean getDoOutput()>()	timediff:0
I/System.out(18343): body:<empirical.HelperClass: java.lang.String getHeaderField(java.net.URLConnection,java.lang.String)>	sig:data = virtualinvoke conn.<java.net.URLConnection: java.lang.String getHeaderField(java.lang.String)>(field)	timediff:0
I/System.out(18343): body:<empirical.HelperClass: java.lang.String getHeaderField(java.net.URLConnection,java.lang.String)>	sig:data = virtualinvoke conn.<java.net.URLConnection: java.lang.String getHeaderField(java.lang.String)>(field)	timediff:0
I/System.out(18343): body:<empirical.HelperClass: java.lang.String getHeaderField(java.net.URLConnection,java.lang.String)>	sig:data = virtualinvoke conn.<java.net.URLConnection: java.lang.String getHeaderField(java.lang.String)>(field)	timediff:0
I/System.out(18343): body:<empirical.HelperClass: java.lang.String getHeaderField(java.net.URLConnection,java.lang.String)>	sig:data = virtualinvoke conn.<java.net.URLConnection: java.lang.String getHeaderField(java.lang.String)>(field)	timediff:0
