E/WindowManager(23833): 	at android.view.WindowManagerGlobal.addView(WindowManagerGlobal.java:248)
E/WindowManager(23833): 	at android.view.WindowManagerImpl.addView(WindowManagerImpl.java:69)
E/WindowManager(23833): 	at android.app.Dialog.show(Dialog.java:286)
E/WindowManager(23833): 	at com.monefy.heplers.l.b(UnblockFeatureDialog.java:47)
E/WindowManager(23833): 	at com.monefy.activities.category.c$1.onItemClick(EditCategoryActivity.java:164)
E/WindowManager(23833): 	at android.widget.AdapterView.performItemClick(AdapterView.java:299)
E/WindowManager(23833): 	at android.widget.AbsListView.performItemClick(AbsListView.java:1113)
E/WindowManager(23833): 	at android.widget.AbsListView$PerformClick.run(AbsListView.java:2904)
E/WindowManager(23833): 	at android.widget.AbsListView$3.run(AbsListView.java:3638)
E/WindowManager(23833): 	at android.os.Handler.handleCallback(Handler.java:733)
E/WindowManager(23833): 	at android.os.Handler.dispatchMessage(Handler.java:95)
E/WindowManager(23833): 	at android.os.Looper.loop(Looper.java:136)
E/WindowManager(23833): 	at android.app.ActivityThread.main(ActivityThread.java:5019)
E/WindowManager(23833): 	at java.lang.reflect.Method.invokeNative(Native Method)
E/WindowManager(23833): 	at java.lang.reflect.Method.invoke(Method.java:515)
E/WindowManager(23833): 	at com.android.internal.os.ZygoteInit$MethodAndArgsCaller.run(ZygoteInit.java:779)
E/WindowManager(23833): 	at com.android.internal.os.ZygoteInit.main(ZygoteInit.java:595)
E/WindowManager(23833): 	at dalvik.system.NativeStart.main(Native Method)
W/GAV3    (23833): Thread[main,5,main]: Excessive tracking detected.  Tracking call ignored.
W/GAV3    (23833): Thread[main,5,main]: Too many hits sent too quickly, rate limiting invoked.
W/GAV3    (23833): Thread[main,5,main]: Excessive tracking detected.  Tracking call ignored.
W/GAV3    (23833): Thread[main,5,main]: Too many hits sent too quickly, rate limiting invoked.
W/GAV3    (23833): Thread[main,5,main]: Excessive tracking detected.  Tracking call ignored.
W/GAV3    (23833): Thread[main,5,main]: Too many hits sent too quickly, rate limiting invoked.
W/GAV3    (23833): Thread[main,5,main]: Excessive tracking detected.  Tracking call ignored.
W/GAV3    (23833): Thread[main,5,main]: Too many hits sent too quickly, rate limiting invoked.
W/GAV3    (23833): Thread[main,5,main]: Excessive tracking detected.  Tracking call ignored.
W/GAV3    (23833): Thread[main,5,main]: Too many hits sent too quickly, rate limiting invoked.
W/GAV3    (23833): Thread[main,5,main]: Excessive tracking detected.  Tracking call ignored.
W/GAV3    (23833): Thread[main,5,main]: Too many hits sent too quickly, rate limiting invoked.
W/GAV3    (23833): Thread[main,5,main]: Excessive tracking detected.  Tracking call ignored.
W/GAV3    (23833): Thread[main,5,main]: Too many hits sent too quickly, rate limiting invoked.
W/GAV3    (23833): Thread[main,5,main]: Excessive tracking detected.  Tracking call ignored.
W/GAV3    (23833): Thread[main,5,main]: Too many hits sent too quickly, rate limiting invoked.
V/PanelView(  538): animationTick called with dtms=0; nothing to do (h=0.0 v=-0.0)
I/ActivityManager(  483): START u0 {act=android.intent.action.MAIN cat=[android.intent.category.LAUNCHER] flg=0x10200000 cmp=com.monefy.app.lite/com.monefy.activities.main.MainActivity_} from pid 23823
W/GAV3    (23833): Thread[main,5,main]: Excessive tracking detected.  Tracking call ignored.
W/GAV3    (23833): Thread[main,5,main]: Too many hits sent too quickly, rate limiting invoked.
W/GAV3    (23833): Thread[main,5,main]: Excessive tracking detected.  Tracking call ignored.
W/GAV3    (23833): Thread[main,5,main]: Too many hits sent too quickly, rate limiting invoked.
W/GAV3    (23833): Thread[main,5,main]: Excessive tracking detected.  Tracking call ignored.
W/GAV3    (23833): Thread[main,5,main]: Too many hits sent too quickly, rate limiting invoked.
W/GAV3    (23833): Thread[main,5,main]: Excessive tracking detected.  Tracking call ignored.
W/GAV3    (23833): Thread[main,5,main]: Too many hits sent too quickly, rate limiting invoked.
W/GAV3    (23833): Thread[main,5,main]: Excessive tracking detected.  Tracking call ignored.
W/GAV3    (23833): Thread[main,5,main]: Too many hits sent too quickly, rate limiting invoked.
W/GAV3    (23833): Thread[main,5,main]: Excessive tracking detected.  Tracking call ignored.
W/GAV3    (23833): Thread[main,5,main]: Too many hits sent too quickly, rate limiting invoked.
W/GAV3    (23833): Thread[main,5,main]: Excessive tracking detected.  Tracking call ignored.
W/GAV3    (23833): Thread[main,5,main]: Too many hits sent too quickly, rate limiting invoked.
W/GAV3    (23833): Thread[main,5,main]: Excessive tracking detected.  Tracking call ignored.
W/GAV3    (23833): Thread[main,5,main]: Too many hits sent too quickly, rate limiting invoked.
W/GAV3    (23833): Thread[main,5,main]: Excessive tracking detected.  Tracking call ignored.
W/GAV3    (23833): Thread[main,5,main]: Too many hits sent too quickly, rate limiting invoked.
W/GAV3    (23833): Thread[main,5,main]: Excessive tracking detected.  Tracking call ignored.
W/GAV3    (23833): Thread[main,5,main]: Too many hits sent too quickly, rate limiting invoked.
W/GAV3    (23833): Thread[main,5,main]: Excessive tracking detected.  Tracking call ignored.
W/GAV3    (23833): Thread[main,5,main]: Too many hits sent too quickly, rate limiting invoked.
W/GAV3    (23833): Thread[main,5,main]: Excessive tracking detected.  Tracking call ignored.
W/GAV3    (23833): Thread[main,5,main]: Too many hits sent too quickly, rate limiting invoked.
W/GAV3    (23833): Thread[main,5,main]: Excessive tracking detected.  Tracking call ignored.
W/GAV3    (23833): Thread[main,5,main]: Too many hits sent too quickly, rate limiting invoked.
W/GAV3    (23833): Thread[main,5,main]: Excessive tracking detected.  Tracking call ignored.
W/GAV3    (23833): Thread[main,5,main]: Too many hits sent too quickly, rate limiting invoked.
W/GAV3    (23833): Thread[main,5,main]: Excessive tracking detected.  Tracking call ignored.
W/GAV3    (23833): Thread[main,5,main]: Too many hits sent too quickly, rate limiting invoked.
W/GAV3    (23833): Thread[main,5,main]: Excessive tracking detected.  Tracking call ignored.
W/GAV3    (23833): Thread[main,5,main]: Too many hits sent too quickly, rate limiting invoked.
W/GAV3    (23833): Thread[main,5,main]: Excessive tracking detected.  Tracking call ignored.
W/GAV3    (23833): Thread[main,5,main]: Too many hits sent too quickly, rate limiting invoked.
W/GAV3    (23833): Thread[main,5,main]: Excessive tracking detected.  Tracking call ignored.
W/GAV3    (23833): Thread[main,5,main]: Too many hits sent too quickly, rate limiting invoked.
I/ActivityManager(  483): START u0 {act=android.intent.action.MAIN cat=[android.intent.category.LAUNCHER] flg=0x10200000 cmp=com.monefy.app.lite/com.monefy.activities.main.MainActivity_} from pid 23823
W/GAV3    (23833): Thread[main,5,main]: Excessive tracking detected.  Tracking call ignored.
W/GAV3    (23833): Thread[main,5,main]: Too many hits sent too quickly, rate limiting invoked.
W/GAV3    (23833): Thread[main,5,main]: Excessive tracking detected.  Tracking call ignored.
W/GAV3    (23833): Thread[main,5,main]: Too many hits sent too quickly, rate limiting invoked.
I/ActivityManager(  483): START u0 {cmp=com.monefy.app.lite/com.monefy.activities.category.EditCategoryActivity_ (has extras)} from pid 23833
D/dalvikvm(23833): GC_FOR_ALLOC freed 990K, 18% free 13820K/16724K, paused 9ms, total 10ms
W/GAV3    (23833): Thread[main,5,main]: Excessive tracking detected.  Tracking call ignored.
W/GAV3    (23833): Thread[main,5,main]: Too many hits sent too quickly, rate limiting invoked.
W/EGL_emulation(23833): eglSurfaceAttrib not implemented 3093 12436
D/dalvikvm(23833): GC_FOR_ALLOC freed 3170K, 32% free 12094K/17548K, paused 6ms, total 6ms
W/ViewRootImpl(23833): Dropping event due to no window focus: KeyEvent { action=ACTION_DOWN, keyCode=KEYCODE_DPAD_DOWN, scanCode=0, metaState=0, flags=0x8, repeatCount=0, eventTime=12382047, downTime=12382047, deviceId=-1, source=0x101 }
I/ActivityManager(  483): Displayed com.monefy.app.lite/com.monefy.activities.category.EditCategoryActivity_: +132ms
W/ContextImpl(  483): Calling a method in the system process without a qualified user: android.app.ContextImpl.sendBroadcast:1123 com.android.server.InputMethodManagerService.hideCurrentInputLocked:1880 com.android.server.InputMethodManagerService.windowGainedFocus:1995 com.android.internal.view.IInputMethodManager$Stub.onTransact:221 com.android.server.InputMethodManagerService.onTransact:818 
W/GAV3    (23833): Thread[main,5,main]: Excessive tracking detected.  Tracking call ignored.
W/GAV3    (23833): Thread[main,5,main]: Too many hits sent too quickly, rate limiting invoked.
W/EGL_emulation(23833): eglSurfaceAttrib not implemented 3093 12436
W/ViewRootImpl(23833): Dropping event due to no window focus: KeyEvent { action=ACTION_DOWN, keyCode=KEYCODE_DPAD_RIGHT, scanCode=0, metaState=0, flags=0x8, repeatCount=0, eventTime=12382240, downTime=12382240, deviceId=-1, source=0x101 }
W/GAV3    (23833): Thread[main,5,main]: Excessive tracking detected.  Tracking call ignored.
W/GAV3    (23833): Thread[main,5,main]: Too many hits sent too quickly, rate limiting invoked.
W/Finsky  ( 1039): [106] com.google.android.finsky.billing.iab.ab.b(48): com.monefy.app.lite: No account found.
W/GAV3    (23833): Thread[main,5,main]: Excessive tracking detected.  Tracking call ignored.
W/GAV3    (23833): Thread[main,5,main]: Too many hits sent too quickly, rate limiting invoked.
W/GAV3    (23833): Thread[main,5,main]: Excessive tracking detected.  Tracking call ignored.
W/GAV3    (23833): Thread[main,5,main]: Too many hits sent too quickly, rate limiting invoked.
W/ViewRootImpl(23833): Dropping event due to no window focus: KeyEvent { action=ACTION_DOWN, keyCode=KEYCODE_DPAD_LEFT, scanCode=0, metaState=0, flags=0x8, repeatCount=0, eventTime=12382317, downTime=12382317, deviceId=-1, source=0x101 }
W/ViewRootImpl(23833): Dropping event due to no window focus: KeyEvent { action=ACTION_DOWN, keyCode=KEYCODE_DPAD_CENTER, scanCode=0, metaState=0, flags=0x8, repeatCount=0, eventTime=12382358, downTime=12382358, deviceId=-1, source=0x101 }
W/EGL_emulation(23833): eglSurfaceAttrib not implemented 3093 12436
W/ViewRootImpl(23833): Dropping event due to no window focus: KeyEvent { action=ACTION_DOWN, keyCode=KEYCODE_DPAD_RIGHT, scanCode=0, metaState=0, flags=0x8, repeatCount=0, eventTime=12382360, downTime=12382360, deviceId=-1, source=0x101 }
W/ViewRootImpl(23833): Dropping event due to no window focus: KeyEvent { action=ACTION_DOWN, keyCode=KEYCODE_MENU, scanCode=0, metaState=0, flags=0x8, repeatCount=0, eventTime=12382402, downTime=12382402, deviceId=-1, source=0x101 }
W/InputManager(  483): Input event injection from pid 23823 failed.
I/ActivityManager(  483): START u0 {act=android.intent.action.MAIN cat=[android.intent.category.LAUNCHER] flg=0x10200000 cmp=com.monefy.app.lite/com.monefy.activities.main.MainActivity_} from pid 23823
W/ViewRootImpl(23833): Dropping event due to no window focus: KeyEvent { action=ACTION_DOWN, keyCode=KEYCODE_MENU, scanCode=0, metaState=0, flags=0x8, repeatCount=0, eventTime=12382485, downTime=12382485, deviceId=-1, source=0x101 }
W/GAV3    (23833): Thread[main,5,main]: Excessive tracking detected.  Tracking call ignored.
W/GAV3    (23833): Thread[main,5,main]: Too many hits sent too quickly, rate limiting invoked.
W/Finsky  ( 1039): [50] com.google.android.finsky.billing.iab.ab.b(48): com.monefy.app.lite: No account found.
W/GAV3    (23833): Thread[main,5,main]: Excessive tracking detected.  Tracking call ignored.
W/GAV3    (23833): Thread[main,5,main]: Too many hits sent too quickly, rate limiting invoked.
W/InputEventReceiver(23833): Attempted to finish an input event but the input event receiver has already been disposed.
W/InputEventReceiver(23833): Attempted to finish an input event but the input event receiver has already been disposed.
W/ViewRootImpl(23833): Dropping event due to root view being removed: MotionEvent { action=ACTION_UP, id[0]=0, x[0]=264.28995, y[0]=1014.0, toolType[0]=TOOL_TYPE_UNKNOWN, buttonState=0, metaState=0, flags=0x0, edgeFlags=0x0, pointerCount=1, historySize=0, eventTime=12382492, downTime=12382492, deviceId=0, source=0x1002 }
W/InputMethodManagerService(  483): Window already focused, ignoring focus gain of: com.android.internal.view.IInputMethodClient$Stub$Proxy@4a9daa98 attribute=null, token = android.os.BinderProxy@4acc2c04
I/ActivityManager(  483): START u0 {act=android.intent.action.MAIN cat=[android.intent.category.LAUNCHER] flg=0x10200000 cmp=com.monefy.app.lite/com.monefy.activities.main.MainActivity_} from pid 23823
I/ActivityManager(  483): START u0 {act=android.intent.action.MAIN cat=[android.intent.category.LAUNCHER] flg=0x10200000 cmp=com.monefy.app.lite/com.monefy.activities.main.MainActivity_} from pid 23823
W/ViewRootImpl(23833): Dropping event due to no window focus: KeyEvent { action=ACTION_DOWN, keyCode=KEYCODE_DPAD_LEFT, scanCode=0, metaState=0, flags=0x8, repeatCount=0, eventTime=12382564, downTime=12382564, deviceId=-1, source=0x101 }
W/EGL_emulation(23833): eglSurfaceAttrib not implemented 3093 12436
W/ViewRootImpl(23833): Dropping event due to no window focus: KeyEvent { action=ACTION_DOWN, keyCode=KEYCODE_DPAD_CENTER, scanCode=0, metaState=0, flags=0x8, repeatCount=0, eventTime=12382567, downTime=12382567, deviceId=-1, source=0x101 }
W/GAV3    (23833): Thread[main,5,main]: Excessive tracking detected.  Tracking call ignored.
W/GAV3    (23833): Thread[main,5,main]: Too many hits sent too quickly, rate limiting invoked.
W/ViewRootImpl(23833): Dropping event due to no window focus: KeyEvent { action=ACTION_DOWN, keyCode=KEYCODE_LEFT_BRACKET, scanCode=0, metaState=0, flags=0x8, repeatCount=0, eventTime=12382620, downTime=12382620, deviceId=-1, source=0x101 }
W/EGL_emulation(23833): eglSurfaceAttrib not implemented 3093 12436
W/ViewRootImpl(23833): Dropping event due to no window focus: KeyEvent { action=ACTION_DOWN, keyCode=KEYCODE_NUMPAD_8, scanCode=0, metaState=0, flags=0x8, repeatCount=0, eventTime=12382639, downTime=12382639, deviceId=-1, source=0x101 }
W/ViewRootImpl(23833): Dropping event due to no window focus: KeyEvent { action=ACTION_DOWN, keyCode=KEYCODE_DPAD_UP, scanCode=0, metaState=0, flags=0x8, repeatCount=0, eventTime=12382639, downTime=12382639, deviceId=-1, source=0x101 }
W/Finsky  ( 1039): [51] com.google.android.finsky.billing.iab.ab.b(48): com.monefy.app.lite: No account found.
W/GAV3    (23833): Thread[main,5,main]: Excessive tracking detected.  Tracking call ignored.
W/GAV3    (23833): Thread[main,5,main]: Too many hits sent too quickly, rate limiting invoked.
W/GAV3    (23833): Thread[main,5,main]: Excessive tracking detected.  Tracking call ignored.
W/GAV3    (23833): Thread[main,5,main]: Too many hits sent too quickly, rate limiting invoked.
W/Finsky  ( 1039): [106] com.google.android.finsky.billing.iab.ab.b(48): com.monefy.app.lite: No account found.
W/GAV3    (23833): Thread[main,5,main]: Excessive tracking detected.  Tracking call ignored.
W/GAV3    (23833): Thread[main,5,main]: Too many hits sent too quickly, rate limiting invoked.
W/GAV3    (23833): Thread[main,5,main]: Excessive tracking detected.  Tracking call ignored.
W/GAV3    (23833): Thread[main,5,main]: Too many hits sent too quickly, rate limiting invoked.
W/Finsky  ( 1039): [50] com.google.android.finsky.billing.iab.ab.b(48): com.monefy.app.lite: No account found.
W/GAV3    (23833): Thread[main,5,main]: Excessive tracking detected.  Tracking call ignored.
W/GAV3    (23833): Thread[main,5,main]: Too many hits sent too quickly, rate limiting invoked.
W/InputEventReceiver(23833): Attempted to finish an input event but the input event receiver has already been disposed.
W/InputEventReceiver(23833): Attempted to finish an input event but the input event receiver has already been disposed.
W/InputEventReceiver(23833): Attempted to finish an input event but the input event receiver has already been disposed.
W/InputEventReceiver(23833): Attempted to finish an input event but the input event receiver has already been disposed.
W/InputEventReceiver(23833): Attempted to finish an input event but the input event receiver has already been disposed.
W/InputManager(  483): Input event injection from pid 23823 failed.
W/ViewRootImpl(23833): Dropping event due to root view being removed: MotionEvent { action=ACTION_POINTER_DOWN(1), id[0]=0, x[0]=167.38783, y[0]=989.1566, toolType[0]=TOOL_TYPE_UNKNOWN, id[1]=1, x[1]=370.0, y[1]=-158.0, toolType[1]=TOOL_TYPE_UNKNOWN, buttonState=0, metaState=0, flags=0x0, edgeFlags=0x0, pointerCount=2, historySize=0, eventTime=12382741, downTime=12382740, deviceId=0, source=0x1002 }
W/InputManager(  483): Input event injection from pid 23823 failed.
W/InputManager(  483): Input event injection from pid 23823 failed.
W/ViewRootImpl(23833): Dropping event due to root view being removed: MotionEvent { action=ACTION_MOVE, id[0]=0, x[0]=180.24527, y[0]=972.2361, toolType[0]=TOOL_TYPE_UNKNOWN, id[1]=1, x[1]=371.93805, y[1]=-160.55255, toolType[1]=TOOL_TYPE_UNKNOWN, buttonState=0, metaState=0, flags=0x0, edgeFlags=0x0, pointerCount=2, historySize=0, eventTime=12382741, downTime=12382740, deviceId=0, source=0x1002 }
W/InputManager(  483): Input event injection from pid 23823 failed.
W/InputManager(  483): Input event injection from pid 23823 failed.
W/ViewRootImpl(23833): Dropping event due to root view being removed: MotionEvent { action=ACTION_POINTER_UP(1), id[0]=0, x[0]=193.91566, y[0]=957.8895, toolType[0]=TOOL_TYPE_UNKNOWN, id[1]=1, x[1]=374.0277, y[1]=-163.79626, toolType[1]=TOOL_TYPE_UNKNOWN, buttonState=0, metaState=0, flags=0x0, edgeFlags=0x0, pointerCount=2, historySize=0, eventTime=12382741, downTime=12382740, deviceId=0, source=0x1002 }
W/InputManager(  483): Input event injection from pid 23823 failed.
W/InputManager(  483): Input event injection from pid 23823 failed.
W/ViewRootImpl(23833): Dropping event due to root view being removed: MotionEvent { action=ACTION_UP, id[0]=0, x[0]=202.29991, y[0]=950.8999, toolType[0]=TOOL_TYPE_UNKNOWN, buttonState=0, metaState=0, flags=0x0, edgeFlags=0x0, pointerCount=1, historySize=0, eventTime=12382741, downTime=12382740, deviceId=0, source=0x1002 }
W/InputMethodManagerService(  483): Window already focused, ignoring focus gain of: com.android.internal.view.IInputMethodClient$Stub$Proxy@4a978f74 attribute=android.view.inputmethod.EditorInfo@4aa19084, token = android.os.BinderProxy@4acc2c04
I/ActivityManager(  483): START u0 {act=android.intent.action.CALL_BUTTON flg=0x10000000} from pid 23833
W/PhoneFallbackEventHandler(23833): No activity found for android.intent.action.CALL_BUTTON.
I/ActivityManager(  483): START u0 {act=android.intent.action.MAIN cat=[android.intent.category.LAUNCHER] flg=0x10200000 cmp=com.monefy.app.lite/com.monefy.activities.main.MainActivity_} from pid 23823
I/ActivityManager(  483): START u0 {act=android.intent.action.MAIN cat=[android.intent.category.LAUNCHER] flg=0x10200000 cmp=com.monefy.app.lite/com.monefy.activities.main.MainActivity_} from pid 23823
W/WindowManager(  483): updateFocusedWindowLocked, focusedAppToken is null.
W/ViewRootImpl(  538): Dropping event due to no window focus: KeyEvent { action=ACTION_DOWN, keyCode=KEYCODE_DPAD_LEFT, scanCode=0, metaState=0, flags=0x8, repeatCount=0, eventTime=12383082, downTime=12383082, deviceId=-1, source=0x101 }
W/ViewRootImpl(  538): Dropping event due to no window focus: KeyEvent { action=ACTION_DOWN, keyCode=KEYCODE_DPAD_UP, scanCode=0, metaState=0, flags=0x8, repeatCount=0, eventTime=12383104, downTime=12383104, deviceId=-1, source=0x101 }
W/ContextImpl(  483): Calling a method in the system process without a qualified user: android.app.ContextImpl.sendBroadcast:1123 com.android.server.InputMethodManagerService.hideCurrentInputLocked:1880 com.android.server.InputMethodManagerService.windowGainedFocus:1968 com.android.internal.view.IInputMethodManager$Stub.onTransact:221 com.android.server.InputMethodManagerService.onTransact:818 
W/InputEventReceiver(  538): Attempted to finish an input event but the input event receiver has already been disposed.
W/GAV3    (23833): Thread[main,5,main]: Excessive tracking detected.  Tracking call ignored.
W/GAV3    (23833): Thread[main,5,main]: Too many hits sent too quickly, rate limiting invoked.
W/ViewRootImpl(23833): Dropping event due to no window focus: KeyEvent { action=ACTION_DOWN, keyCode=KEYCODE_MEDIA_EJECT, scanCode=0, metaState=0, flags=0x8, repeatCount=0, eventTime=12383155, downTime=12383155, deviceId=-1, source=0x101 }
W/EGL_emulation(23833): eglSurfaceAttrib not implemented 3093 12436
W/ViewRootImpl(23833): Dropping event due to no window focus: KeyEvent { action=ACTION_DOWN, keyCode=KEYCODE_DPAD_RIGHT, scanCode=0, metaState=0, flags=0x8, repeatCount=0, eventTime=12383170, downTime=12383170, deviceId=-1, source=0x101 }
I/ActivityManager(  483): START u0 {act=android.intent.action.MAIN cat=[android.intent.category.LAUNCHER] flg=0x10200000 cmp=com.monefy.app.lite/com.monefy.activities.main.MainActivity_} from pid 23823
W/InputEventReceiver(23833): Attempted to finish an input event but the input event receiver has already been disposed.
W/InputEventReceiver(23833): Attempted to finish an input event but the input event receiver has already been disposed.
W/InputEventReceiver(23833): Attempted to finish an input event but the input event receiver has already been disposed.
W/ViewRootImpl(23833): Dropping event due to root view being removed: MotionEvent { action=ACTION_UP, id[0]=0, x[0]=257.89557, y[0]=1003.18994, toolType[0]=TOOL_TYPE_UNKNOWN, buttonState=0, metaState=0, flags=0x0, edgeFlags=0x0, pointerCount=1, historySize=0, eventTime=12383270, downTime=12383269, deviceId=0, source=0x1002 }
W/ViewRootImpl(23833): Dropping event due to root view being removed: MotionEvent { action=ACTION_MOVE, id[0]=0, x[0]=-3.0, y[0]=2.0, toolType[0]=TOOL_TYPE_UNKNOWN, buttonState=0, metaState=0, flags=0x0, edgeFlags=0x0, pointerCount=1, historySize=9, eventTime=12383267, downTime=-1, deviceId=0, source=0x10004 }
I/ActivityManager(  483): START u0 {act=android.intent.action.MAIN cat=[android.intent.category.LAUNCHER] flg=0x10200000 cmp=com.monefy.app.lite/com.monefy.activities.main.MainActivity_} from pid 23823
W/InputMethodManagerService(  483): Window already focused, ignoring focus gain of: com.android.internal.view.IInputMethodClient$Stub$Proxy@4ac2405c attribute=android.view.inputmethod.EditorInfo@4abca5bc, token = android.os.BinderProxy@4acc2c04
I/ActivityManager(  483): START u0 {act=android.intent.action.CALL_BUTTON flg=0x10000000} from pid 23833
W/PhoneFallbackEventHandler(23833): No activity found for android.intent.action.CALL_BUTTON.
V/PanelView(  538): animationTick called with dtms=0; nothing to do (h=0.0 v=-0.0)
W/ContextImpl(  483): Calling a method in the system process without a qualified user: android.app.ContextImpl.sendBroadcast:1123 com.android.server.InputMethodManagerService.showCurrentInputLocked:1791 com.android.server.InputMethodManagerService.showSoftInput:1753 com.android.internal.view.IInputMethodManager$Stub.onTransact:175 com.android.server.InputMethodManagerService.onTransact:818 
W/GAV3    (23833): Thread[main,5,main]: Excessive tracking detected.  Tracking call ignored.
W/GAV3    (23833): Thread[main,5,main]: Too many hits sent too quickly, rate limiting invoked.
V/InputMethodService(  621): onEvaluateInputViewShown: config.hardKeyboardHidden = 2
V/InputMethodService(  621): onEvaluateInputViewShown: config.hardKeyboardHidden = 2
W/ViewRootImpl(23833): Dropping event due to no window focus: KeyEvent { action=ACTION_DOWN, keyCode=KEYCODE_DPAD_CENTER, scanCode=0, metaState=0, flags=0x8, repeatCount=0, eventTime=12383420, downTime=12383420, deviceId=-1, source=0x101 }
W/EGL_emulation(23833): eglSurfaceAttrib not implemented 3093 12436
W/EGL_emulation(23833): eglSurfaceAttrib not implemented 3093 12436
W/ViewRootImpl(23833): Dropping event due to no window focus: MotionEvent { action=ACTION_MOVE, id[0]=0, x[0]=-1.0, y[0]=1.0, toolType[0]=TOOL_TYPE_UNKNOWN, buttonState=0, metaState=0, flags=0x0, edgeFlags=0x0, pointerCount=1, historySize=9, eventTime=12383444, downTime=-1, deviceId=0, source=0x10004 }
W/ViewRootImpl(23833): Dropping event due to no window focus: MotionEvent { action=ACTION_DOWN, id[0]=0, x[0]=0.0, y[0]=0.0, toolType[0]=TOOL_TYPE_UNKNOWN, buttonState=0, metaState=0, flags=0x0, edgeFlags=0x0, pointerCount=1, historySize=0, eventTime=12383444, downTime=12383440, deviceId=0, source=0x10004 }
W/ViewRootImpl(23833): Dropping event due to no window focus: KeyEvent { action=ACTION_DOWN, keyCode=KEYCODE_WINDOW, scanCode=0, metaState=0, flags=0x8, repeatCount=0, eventTime=12383444, downTime=12383444, deviceId=-1, source=0x101 }
V/InputMethodService(  621): onEvaluateInputViewShown: config.hardKeyboardHidden = 2
V/InputMethodService(  621): onEvaluateInputViewShown: config.hardKeyboardHidden = 2
W/ContextImpl(  483): Calling a method in the system process without a qualified user: android.app.ContextImpl.sendBroadcast:1123 com.android.server.InputMethodManagerService.showCurrentInputLocked:1791 com.android.server.InputMethodManagerService.attachNewInputLocked:1095 com.android.server.InputMethodManagerService.startInputUncheckedLocked:1166 com.android.server.InputMethodManagerService.startInputLocked:1128 
W/GAV3    (23833): Thread[main,5,main]: Excessive tracking detected.  Tracking call ignored.
W/GAV3    (23833): Thread[main,5,main]: Too many hits sent too quickly, rate limiting invoked.
W/Finsky  ( 1039): [51] com.google.android.finsky.billing.iab.ab.b(48): com.monefy.app.lite: No account found.
W/GAV3    (23833): Thread[main,5,main]: Excessive tracking detected.  Tracking call ignored.
W/GAV3    (23833): Thread[main,5,main]: Too many hits sent too quickly, rate limiting invoked.
W/InputEventReceiver(23833): Attempted to finish an input event but the input event receiver has already been disposed.
W/InputEventReceiver(23833): Attempted to finish an input event but the input event receiver has already been disposed.
W/InputEventReceiver(23833): Attempted to finish an input event but the input event receiver has already been disposed.
W/InputEventReceiver(23833): Attempted to finish an input event but the input event receiver has already been disposed.
W/InputEventReceiver(23833): Attempted to finish an input event but the input event receiver has already been disposed.
W/ViewRootImpl(23833): Dropping event due to root view being removed: MotionEvent { action=ACTION_UP, id[0]=0, x[0]=327.7175, y[0]=-47.991898, toolType[0]=TOOL_TYPE_UNKNOWN, buttonState=0, metaState=0, flags=0x0, edgeFlags=0x0, pointerCount=1, historySize=0, eventTime=12383633, downTime=12383633, deviceId=0, source=0x1002 }
W/ViewRootImpl(23833): Dropping event due to root view being removed: MotionEvent { action=ACTION_DOWN, id[0]=0, x[0]=634.0, y[0]=128.0, toolType[0]=TOOL_TYPE_UNKNOWN, buttonState=0, metaState=0, flags=0x0, edgeFlags=0x0, pointerCount=1, historySize=0, eventTime=12383634, downTime=12383634, deviceId=0, source=0x1002 }
W/ViewRootImpl(23833): Dropping event due to root view being removed: MotionEvent { action=ACTION_UP, id[0]=0, x[0]=632.547, y[0]=130.34183, toolType[0]=TOOL_TYPE_UNKNOWN, buttonState=0, metaState=0, flags=0x0, edgeFlags=0x0, pointerCount=1, historySize=0, eventTime=12383634, downTime=12383634, deviceId=0, source=0x1002 }
W/ViewRootImpl(23833): Dropping event due to root view being removed: MotionEvent { action=ACTION_MOVE, id[0]=0, x[0]=3.0, y[0]=-1.0, toolType[0]=TOOL_TYPE_UNKNOWN, buttonState=0, metaState=0, flags=0x0, edgeFlags=0x0, pointerCount=1, historySize=9, eventTime=12383636, downTime=-1, deviceId=0, source=0x10004 }
W/InputMethodManagerService(  483): Window already focused, ignoring focus gain of: com.android.internal.view.IInputMethodClient$Stub$Proxy@4a991724 attribute=android.view.inputmethod.EditorInfo@4a9a6100, token = android.os.BinderProxy@4acc2c04
V/InputMethodService(  621): onEvaluateInputViewShown: config.hardKeyboardHidden = 2
V/InputMethodService(  621): onEvaluateInputViewShown: config.hardKeyboardHidden = 2
W/ContextImpl(  483): Calling a method in the system process without a qualified user: android.app.ContextImpl.sendBroadcast:1123 com.android.server.InputMethodManagerService.showCurrentInputLocked:1791 com.android.server.InputMethodManagerService.attachNewInputLocked:1095 com.android.server.InputMethodManagerService.startInputUncheckedLocked:1166 com.android.server.InputMethodManagerService.windowGainedFocus:1932 
V/InputMethodService(  621): onEvaluateInputViewShown: config.hardKeyboardHidden = 2
V/InputMethodService(  621): onEvaluateInputViewShown: config.hardKeyboardHidden = 2
W/ContextImpl(  483): Calling a method in the system process without a qualified user: android.app.ContextImpl.sendBroadcast:1123 com.android.server.InputMethodManagerService.showCurrentInputLocked:1791 com.android.server.InputMethodManagerService.attachNewInputLocked:1095 com.android.server.InputMethodManagerService.startInputUncheckedLocked:1166 com.android.server.InputMethodManagerService.startInputLocked:1128 
W/InputManager(  483): Input event injection from pid 23823 failed.
W/InputManager(  483): Input event injection from pid 23823 failed.
W/ContextImpl(  483): Calling a method in the system process without a qualified user: android.app.ContextImpl.sendBroadcast:1123 com.android.server.InputMethodManagerService.showCurrentInputLocked:1791 com.android.server.InputMethodManagerService.attachNewInputLocked:1095 com.android.server.InputMethodManagerService.startInputUncheckedLocked:1166 com.android.server.InputMethodManagerService.startInputLocked:1128 
W/GAV3    (23833): Thread[main,5,main]: Excessive tracking detected.  Tracking call ignored.
W/GAV3    (23833): Thread[main,5,main]: Too many hits sent too quickly, rate limiting invoked.
V/InputMethodService(  621): onEvaluateInputViewShown: config.hardKeyboardHidden = 2
V/InputMethodService(  621): onEvaluateInputViewShown: config.hardKeyboardHidden = 2
V/InputMethodService(  621): onEvaluateInputViewShown: config.hardKeyboardHidden = 2
V/InputMethodService(  621): onEvaluateInputViewShown: config.hardKeyboardHidden = 2
V/InputMethodService(  621): onEvaluateInputViewShown: config.hardKeyboardHidden = 2
V/InputMethodService(  621): onEvaluateInputViewShown: config.hardKeyboardHidden = 2
W/ContextImpl(  483): Calling a method in the system process without a qualified user: android.app.ContextImpl.sendBroadcast:1123 com.android.server.InputMethodManagerService.showCurrentInputLocked:1791 com.android.server.InputMethodManagerService.showSoftInput:1753 com.android.internal.view.IInputMethodManager$Stub.onTransact:175 com.android.server.InputMethodManagerService.onTransact:818 
W/ContextImpl(  483): Calling a method in the system process without a qualified user: android.app.ContextImpl.sendBroadcast:1123 com.android.server.InputMethodManagerService.showCurrentInputLocked:1791 com.android.server.InputMethodManagerService.showSoftInput:1753 com.android.internal.view.IInputMethodManager$Stub.onTransact:175 com.android.server.InputMethodManagerService.onTransact:818 
W/EGL_emulation(23833): eglSurfaceAttrib not implemented 3093 12436
W/ViewRootImpl(23833): Dropping event due to no window focus: KeyEvent { action=ACTION_DOWN, keyCode=KEYCODE_NUMPAD_MULTIPLY, scanCode=0, metaState=0, flags=0x8, repeatCount=0, eventTime=12383750, downTime=12383750, deviceId=-1, source=0x101 }
I/AndroidRuntime(23823): VM exiting with result code 0.
W/ContextImpl(  483): Calling a method in the system process without a qualified user: android.app.ContextImpl.sendBroadcast:1123 com.android.server.InputMethodManagerService.hideCurrentInputLocked:1880 com.android.server.InputMethodManagerService.windowGainedFocus:2000 com.android.internal.view.IInputMethodManager$Stub.onTransact:221 com.android.server.InputMethodManagerService.onTransact:818 
