W/ContextImpl(  483): Calling a method in the system process without a qualified user: android.app.ContextImpl.sendBroadcast:1123 com.android.server.InputMethodManagerService.showCurrentInputLocked:1791 com.android.server.InputMethodManagerService.showSoftInput:1753 com.android.internal.view.IInputMethodManager$Stub.onTransact:175 com.android.server.InputMethodManagerService.onTransact:818 
V/InputMethodService(  621): onEvaluateInputViewShown: config.hardKeyboardHidden = 2
V/InputMethodService(  621): onEvaluateInputViewShown: config.hardKeyboardHidden = 2
I/qtaguid (25722): Untagging socket 42 failed errno=-13
W/NetworkManagementSocketTagger(25722): untagSocket(42) failed with errno -13
V/InputMethodService(  621): onEvaluateInputViewShown: config.hardKeyboardHidden = 2
V/InputMethodService(  621): onEvaluateInputViewShown: config.hardKeyboardHidden = 2
W/ContextImpl(  483): Calling a method in the system process without a qualified user: android.app.ContextImpl.sendBroadcast:1123 com.android.server.InputMethodManagerService.showCurrentInputLocked:1791 com.android.server.InputMethodManagerService.showSoftInput:1753 com.android.internal.view.IInputMethodManager$Stub.onTransact:175 com.android.server.InputMethodManagerService.onTransact:818 
I/ActivityManager(  483): START u0 {act=android.intent.action.MAIN cat=[android.intent.category.LAUNCHER] flg=0x10200000 cmp=com.smi.m360.cardholder/com.khumbu.m360.SplashScreenActivity} from pid 25712
W/ContextImpl(  483): Calling a method in the system process without a qualified user: android.app.ContextImpl.sendBroadcast:1123 com.android.server.InputMethodManagerService.showCurrentInputLocked:1791 com.android.server.InputMethodManagerService.attachNewInputLocked:1095 com.android.server.InputMethodManagerService.startInputUncheckedLocked:1166 com.android.server.InputMethodManagerService.startInputLocked:1128 
W/EGL_emulation(25722): eglSurfaceAttrib not implemented 3093 12436
V/InputMethodService(  621): onEvaluateInputViewShown: config.hardKeyboardHidden = 2
V/InputMethodService(  621): onEvaluateInputViewShown: config.hardKeyboardHidden = 2
W/ContextImpl(  483): Calling a method in the system process without a qualified user: android.app.ContextImpl.sendBroadcast:1123 com.android.server.InputMethodManagerService.showCurrentInputLocked:1791 com.android.server.InputMethodManagerService.attachNewInputLocked:1095 com.android.server.InputMethodManagerService.startInputUncheckedLocked:1166 com.android.server.InputMethodManagerService.startInputLocked:1128 
I/ActivityManager(  483): START u0 {act=android.intent.action.MAIN cat=[android.intent.category.LAUNCHER] flg=0x10200000 cmp=com.smi.m360.cardholder/com.khumbu.m360.SplashScreenActivity} from pid 25712
V/InputMethodService(  621): onEvaluateInputViewShown: config.hardKeyboardHidden = 2
V/InputMethodService(  621): onEvaluateInputViewShown: config.hardKeyboardHidden = 2
I/ActivityManager(  483): START u0 {cmp=com.smi.m360.cardholder/com.khumbu.m360.post_login.RegisterActivity} from pid 25722
W/ViewRootImpl(25722): Dropping event due to no window focus: KeyEvent { action=ACTION_DOWN, keyCode=KEYCODE_DPAD_DOWN, scanCode=0, metaState=0, flags=0x400, repeatCount=0, eventTime=12499216, downTime=12499216, deviceId=-1, source=0x101 }
W/ViewRootImpl(25722): Dropping event due to no window focus: KeyEvent { action=ACTION_DOWN, keyCode=KEYCODE_DPAD_DOWN, scanCode=0, metaState=0, flags=0x400, repeatCount=0, eventTime=12499217, downTime=12499217, deviceId=-1, source=0x101 }
W/ViewRootImpl(25722): Dropping event due to no window focus: KeyEvent { action=ACTION_DOWN, keyCode=KEYCODE_DPAD_DOWN, scanCode=0, metaState=0, flags=0x400, repeatCount=0, eventTime=12499217, downTime=12499217, deviceId=-1, source=0x101 }
D/dalvikvm(25722): GC_CONCURRENT freed 378K, 8% free 5451K/5916K, paused 2ms+0ms, total 5ms
I/System.out(25722): body:<com.khumbu.m360.post_login.cd: java.lang.Void a(java.lang.Void[])>	sig:specialinvoke $r7.<java.net.URL: void <init>(java.lang.String)>($r6)	timediff:0
I/System.out(25722): <com.khumbu.m360.post_login.cd: java.lang.Void a(java.lang.Void[])>###specialinvoke $r7.<java.net.URL: void <init>(java.lang.String)>($r6)###https://m360-idm-dsp.smionecard.com/api/masters/security-questions?sourceApplicationID=money360_cardholder_android@prod
I/System.out(25722): body:<com.khumbu.m360.post_login.cd: java.lang.Void a(java.lang.Void[])>	sig:$r8 = virtualinvoke $r7.<java.net.URL: java.net.URLConnection openConnection()>()	timediff:1
I/System.out(25722): body:<com.khumbu.m360.post_login.cd: java.lang.Void a(java.lang.Void[])>	sig:virtualinvoke $r9.<java.net.HttpURLConnection: void setRequestMethod(java.lang.String)>("GET")	timediff:0
I/System.out(25722): body:<com.khumbu.m360.post_login.cd: java.lang.Void a(java.lang.Void[])>	sig:virtualinvoke $r9.<java.net.HttpURLConnection: void setRequestProperty(java.lang.String,java.lang.String)>("Content-length", "0")	timediff:0
I/System.out(25722): body:<com.khumbu.m360.post_login.cd: java.lang.Void a(java.lang.Void[])>	sig:virtualinvoke $r9.<java.net.HttpURLConnection: void setUseCaches(boolean)>(0)	timediff:0
I/System.out(25722): body:<com.khumbu.m360.post_login.cd: java.lang.Void a(java.lang.Void[])>	sig:virtualinvoke $r9.<java.net.HttpURLConnection: void setAllowUserInteraction(boolean)>(0)	timediff:0
I/System.out(25722): body:<com.khumbu.m360.post_login.cd: java.lang.Void a(java.lang.Void[])>	sig:virtualinvoke $r9.<java.net.HttpURLConnection: void setConnectTimeout(int)>(15000)	timediff:0
I/System.out(25722): body:<com.khumbu.m360.post_login.cd: java.lang.Void a(java.lang.Void[])>	sig:virtualinvoke $r9.<java.net.HttpURLConnection: void setReadTimeout(int)>(10000)	timediff:0
I/System.out(25722): body:<com.a.a.a.l: org.apache.http.HttpResponse a(com.a.a.q,java.util.Map)>	sig:specialinvoke $r11.<java.net.URL: void <init>(java.lang.String)>($r8)	timediff:0
I/System.out(25722): <com.a.a.a.l: org.apache.http.HttpResponse a(com.a.a.q,java.util.Map)>###specialinvoke $r11.<java.net.URL: void <init>(java.lang.String)>($r8)###https://m360-idm-dsp.smionecard.com/api/application/password-policy?applicationID=money360_cardholder_android@prod&language=en&isnew=true
I/System.out(25722): body:<com.a.a.a.l: java.net.HttpURLConnection a(java.net.URL)>	sig:$r2 = virtualinvoke $r1.<java.net.URL: java.net.URLConnection openConnection()>()	timediff:1
I/System.out(25722): body:<com.a.a.a.l: java.net.HttpURLConnection a(java.net.URL,com.a.a.q)>	sig:virtualinvoke $r3.<java.net.HttpURLConnection: void setConnectTimeout(int)>($i0)	timediff:0
I/System.out(25722): body:<com.a.a.a.l: java.net.HttpURLConnection a(java.net.URL,com.a.a.q)>	sig:virtualinvoke $r3.<java.net.HttpURLConnection: void setReadTimeout(int)>($i0)	timediff:0
I/System.out(25722): body:<com.a.a.a.l: java.net.HttpURLConnection a(java.net.URL,com.a.a.q)>	sig:virtualinvoke $r3.<java.net.HttpURLConnection: void setUseCaches(boolean)>(0)	timediff:0
I/System.out(25722): body:<com.a.a.a.l: java.net.HttpURLConnection a(java.net.URL,com.a.a.q)>	sig:virtualinvoke $r3.<java.net.HttpURLConnection: void setDoInput(boolean)>(1)	timediff:0
I/System.out(25722): body:<com.a.a.a.l: java.net.HttpURLConnection a(java.net.URL,com.a.a.q)>	sig:$r5 = virtualinvoke $r1.<java.net.URL: java.lang.String getProtocol()>()	timediff:0
I/System.out(25722): body:<com.a.a.a.l: org.apache.http.HttpResponse a(com.a.a.q,java.util.Map)>	sig:virtualinvoke $r12.<java.net.HttpURLConnection: void addRequestProperty(java.lang.String,java.lang.String)>($r8, $r7)	timediff:0
I/System.out(25722): body:<com.a.a.a.l: void a(java.net.HttpURLConnection,com.a.a.q)>	sig:virtualinvoke $r0.<java.net.HttpURLConnection: void setRequestMethod(java.lang.String)>("GET")	timediff:0
I/qtaguid (25722): Tagging socket 52 with tag de71b9ef00000000(-562972177) for uid -1 failed errno=-13
I/NetworkManagementSocketTagger(25722): tagSocketFd(52, -562972177, -1) failed with errno-13
W/EGL_emulation(25722): eglSurfaceAttrib not implemented 3093 12436
W/EGL_emulation(25722): eglSurfaceAttrib not implemented 3093 12436
I/ActivityManager(  483): Displayed com.smi.m360.cardholder/com.khumbu.m360.post_login.RegisterActivity: +156ms (total +886ms)
I/ActivityManager(  483): START u0 {act=android.intent.action.MAIN cat=[android.intent.category.LAUNCHER] flg=0x10200000 cmp=com.smi.m360.cardholder/com.khumbu.m360.SplashScreenActivity} from pid 25712
W/Icing   (  645): isOptedInForAppHistory: empty Account Name encountered
I/qtaguid (25722): Untagging socket 52 failed errno=-13
W/NetworkManagementSocketTagger(25722): untagSocket(52) failed with errno -13
I/qtaguid (25722): Tagging socket 52 with tag de71b9ef00000000(-562972177) for uid -1 failed errno=-13
I/NetworkManagementSocketTagger(25722): tagSocketFd(52, -562972177, -1) failed with errno-13
W/System.err(25722): javax.net.ssl.SSLException: SSL handshake aborted: ssl=0xb8dc90b0: I/O error during system call, Connection reset by peer
W/System.err(25722): 	at com.android.org.conscrypt.NativeCrypto.SSL_do_handshake(Native Method)
W/System.err(25722): 	at com.android.org.conscrypt.OpenSSLSocketImpl.startHandshake(OpenSSLSocketImpl.java:405)
W/System.err(25722): 	at com.android.okhttp.Connection.upgradeToTls(Connection.java:146)
W/System.err(25722): 	at com.android.okhttp.Connection.connect(Connection.java:107)
W/System.err(25722): 	at com.android.okhttp.internal.http.HttpEngine.connect(HttpEngine.java:294)
W/System.err(25722): 	at com.android.okhttp.internal.http.HttpEngine.sendSocketRequest(HttpEngine.java:255)
W/System.err(25722): 	at com.android.okhttp.internal.http.HttpEngine.sendRequest(HttpEngine.java:206)
W/System.err(25722): 	at com.android.okhttp.internal.http.HttpURLConnectionImpl.execute(HttpURLConnectionImpl.java:345)
W/System.err(25722): 	at com.android.okhttp.internal.http.HttpURLConnectionImpl.connect(HttpURLConnectionImpl.java:89)
W/System.err(25722): 	at com.android.okhttp.internal.http.HttpsURLConnectionImpl.connect(HttpsURLConnectionImpl.java:161)
W/System.err(25722): 	at com.khumbu.m360.post_login.cd.a(dalvik_source_com.smi.m360.cardholder.apk)
W/System.err(25722): 	at com.khumbu.m360.post_login.cd.doInBackground(dalvik_source_com.smi.m360.cardholder.apk)
W/System.err(25722): 	at android.os.AsyncTask$2.call(AsyncTask.java:288)
W/System.err(25722): 	at java.util.concurrent.FutureTask.run(FutureTask.java:237)
W/System.err(25722): 	at android.os.AsyncTask$SerialExecutor$1.run(AsyncTask.java:231)
W/System.err(25722): 	at java.util.concurrent.ThreadPoolExecutor.runWorker(ThreadPoolExecutor.java:1112)
W/System.err(25722): 	at java.util.concurrent.ThreadPoolExecutor$Worker.run(ThreadPoolExecutor.java:587)
W/System.err(25722): 	at java.lang.Thread.run(Thread.java:841)
I/System.out(25722): body:<com.khumbu.m360.post_login.cd: java.lang.Void a(java.lang.Void[])>	sig:virtualinvoke $r9.<java.net.HttpURLConnection: void disconnect()>()	timediff:0
I/qtaguid (25722): Untagging socket 52 failed errno=-13
W/NetworkManagementSocketTagger(25722): untagSocket(52) failed with errno -13
I/System.out(25722): body:<com.a.a.a.l: org.apache.http.HttpResponse a(com.a.a.q,java.util.Map)>	sig:specialinvoke $r11.<java.net.URL: void <init>(java.lang.String)>($r8)	timediff:0
I/System.out(25722): <com.a.a.a.l: org.apache.http.HttpResponse a(com.a.a.q,java.util.Map)>###specialinvoke $r11.<java.net.URL: void <init>(java.lang.String)>($r8)###https://cardholderapi.smionecard.com/api/masters/mobile-carriers?countryCode=USA
I/System.out(25722): body:<com.a.a.a.l: java.net.HttpURLConnection a(java.net.URL)>	sig:$r2 = virtualinvoke $r1.<java.net.URL: java.net.URLConnection openConnection()>()	timediff:0
I/System.out(25722): body:<com.a.a.a.l: java.net.HttpURLConnection a(java.net.URL,com.a.a.q)>	sig:virtualinvoke $r3.<java.net.HttpURLConnection: void setConnectTimeout(int)>($i0)	timediff:0
I/System.out(25722): body:<com.a.a.a.l: java.net.HttpURLConnection a(java.net.URL,com.a.a.q)>	sig:virtualinvoke $r3.<java.net.HttpURLConnection: void setReadTimeout(int)>($i0)	timediff:0
I/System.out(25722): body:<com.a.a.a.l: java.net.HttpURLConnection a(java.net.URL,com.a.a.q)>	sig:virtualinvoke $r3.<java.net.HttpURLConnection: void setUseCaches(boolean)>(0)	timediff:0
I/System.out(25722): body:<com.a.a.a.l: java.net.HttpURLConnection a(java.net.URL,com.a.a.q)>	sig:virtualinvoke $r3.<java.net.HttpURLConnection: void setDoInput(boolean)>(1)	timediff:0
I/System.out(25722): body:<com.a.a.a.l: java.net.HttpURLConnection a(java.net.URL,com.a.a.q)>	sig:$r5 = virtualinvoke $r1.<java.net.URL: java.lang.String getProtocol()>()	timediff:0
I/System.out(25722): body:<com.a.a.a.l: org.apache.http.HttpResponse a(com.a.a.q,java.util.Map)>	sig:virtualinvoke $r12.<java.net.HttpURLConnection: void addRequestProperty(java.lang.String,java.lang.String)>($r8, $r7)	timediff:0
I/System.out(25722): body:<com.a.a.a.l: void a(java.net.HttpURLConnection,com.a.a.q)>	sig:virtualinvoke $r0.<java.net.HttpURLConnection: void setRequestMethod(java.lang.String)>("GET")	timediff:0
I/qtaguid (25722): Tagging socket 47 with tag 20835d6a00000000(545480042) for uid -1 failed errno=-13
I/NetworkManagementSocketTagger(25722): tagSocketFd(47, 545480042, -1) failed with errno-13
W/ViewRootImpl(25722): Dropping event due to no window focus: KeyEvent { action=ACTION_DOWN, keyCode=KEYCODE_BACK, scanCode=0, metaState=0, flags=0x8, repeatCount=0, eventTime=12499532, downTime=12499532, deviceId=-1, source=0x101 }
W/ContextImpl(  483): Calling a method in the system process without a qualified user: android.app.ContextImpl.sendBroadcast:1123 com.android.server.InputMethodManagerService.showCurrentInputLocked:1791 com.android.server.InputMethodManagerService.attachNewInputLocked:1095 com.android.server.InputMethodManagerService.startInputUncheckedLocked:1166 com.android.server.InputMethodManagerService.windowGainedFocus:1981 
W/ContextImpl(  483): Calling a method in the system process without a qualified user: android.app.ContextImpl.sendBroadcast:1123 com.android.server.InputMethodManagerService.showCurrentInputLocked:1791 com.android.server.InputMethodManagerService.windowGainedFocus:1985 com.android.internal.view.IInputMethodManager$Stub.onTransact:221 com.android.server.InputMethodManagerService.onTransact:818 
W/InputMethodManagerService(  483): Window already focused, ignoring focus gain of: com.android.internal.view.IInputMethodClient$Stub$Proxy@4abc2568 attribute=null, token = android.os.BinderProxy@4ac993ec
V/InputMethodService(  621): onEvaluateInputViewShown: config.hardKeyboardHidden = 2
V/InputMethodService(  621): onEvaluateInputViewShown: config.hardKeyboardHidden = 2
V/InputMethodService(  621): onEvaluateInputViewShown: config.hardKeyboardHidden = 2
V/InputMethodService(  621): onEvaluateInputViewShown: config.hardKeyboardHidden = 2
V/InputMethodService(  621): onEvaluateInputViewShown: config.hardKeyboardHidden = 2
V/InputMethodService(  621): onEvaluateInputViewShown: config.hardKeyboardHidden = 2
W/ContextImpl(  483): Calling a method in the system process without a qualified user: android.app.ContextImpl.sendBroadcast:1123 com.android.server.InputMethodManagerService.showCurrentInputLocked:1791 com.android.server.InputMethodManagerService.attachNewInputLocked:1095 com.android.server.InputMethodManagerService.startInputUncheckedLocked:1166 com.android.server.InputMethodManagerService.startInputLocked:1128 
W/ActivityManager(  483): Duplicate finish request for ActivityRecord{4a96d04c u0 com.smi.m360.cardholder/com.khumbu.m360.post_login.RegisterActivity t253 f}
I/qtaguid (25722): Untagging socket 47 failed errno=-13
W/NetworkManagementSocketTagger(25722): untagSocket(47) failed with errno -13
I/qtaguid (25722): Tagging socket 43 with tag 20835d6a00000000(545480042) for uid -1 failed errno=-13
I/NetworkManagementSocketTagger(25722): tagSocketFd(43, 545480042, -1) failed with errno-13
I/System.out(25722): body:<com.a.a.a.l: org.apache.http.HttpResponse a(com.a.a.q,java.util.Map)>	sig:specialinvoke $r11.<java.net.URL: void <init>(java.lang.String)>($r8)	timediff:1
I/System.out(25722): <com.a.a.a.l: org.apache.http.HttpResponse a(com.a.a.q,java.util.Map)>###specialinvoke $r11.<java.net.URL: void <init>(java.lang.String)>($r8)###https://m360-idm-dsp.smionecard.com/api/application/password-policy?applicationID=money360_cardholder_android@prod&language=en&isnew=false
I/System.out(25722): body:<com.a.a.a.l: java.net.HttpURLConnection a(java.net.URL)>	sig:$r2 = virtualinvoke $r1.<java.net.URL: java.net.URLConnection openConnection()>()	timediff:0
I/System.out(25722): body:<com.a.a.a.l: java.net.HttpURLConnection a(java.net.URL,com.a.a.q)>	sig:virtualinvoke $r3.<java.net.HttpURLConnection: void setConnectTimeout(int)>($i0)	timediff:0
I/System.out(25722): body:<com.a.a.a.l: java.net.HttpURLConnection a(java.net.URL,com.a.a.q)>	sig:virtualinvoke $r3.<java.net.HttpURLConnection: void setReadTimeout(int)>($i0)	timediff:0
I/System.out(25722): body:<com.a.a.a.l: java.net.HttpURLConnection a(java.net.URL,com.a.a.q)>	sig:virtualinvoke $r3.<java.net.HttpURLConnection: void setUseCaches(boolean)>(0)	timediff:0
I/System.out(25722): body:<com.a.a.a.l: java.net.HttpURLConnection a(java.net.URL,com.a.a.q)>	sig:virtualinvoke $r3.<java.net.HttpURLConnection: void setDoInput(boolean)>(1)	timediff:0
I/System.out(25722): body:<com.a.a.a.l: java.net.HttpURLConnection a(java.net.URL,com.a.a.q)>	sig:$r5 = virtualinvoke $r1.<java.net.URL: java.lang.String getProtocol()>()	timediff:0
I/System.out(25722): body:<com.a.a.a.l: org.apache.http.HttpResponse a(com.a.a.q,java.util.Map)>	sig:virtualinvoke $r12.<java.net.HttpURLConnection: void addRequestProperty(java.lang.String,java.lang.String)>($r8, $r7)	timediff:0
I/System.out(25722): body:<com.a.a.a.l: void a(java.net.HttpURLConnection,com.a.a.q)>	sig:virtualinvoke $r0.<java.net.HttpURLConnection: void setRequestMethod(java.lang.String)>("GET")	timediff:0
I/qtaguid (25722): Tagging socket 47 with tag de71b9ef00000000(-562972177) for uid -1 failed errno=-13
I/NetworkManagementSocketTagger(25722): tagSocketFd(47, -562972177, -1) failed with errno-13
W/EGL_emulation(25722): eglSurfaceAttrib not implemented 3093 12436
W/EGL_emulation(25722): eglSurfaceAttrib not implemented 3093 12436
W/ViewRootImpl(25722): Dropping event due to no window focus: KeyEvent { action=ACTION_DOWN, keyCode=KEYCODE_DPAD_UP, scanCode=0, metaState=0, flags=0x8, repeatCount=0, eventTime=12499674, downTime=12499674, deviceId=-1, source=0x101 }
W/ActivityManager(  483): Duplicate finish request for ActivityRecord{4a96d04c u0 com.smi.m360.cardholder/com.khumbu.m360.post_login.RegisterActivity t253 f}
W/ActivityManager(  483): Duplicate finish request for ActivityRecord{4a96d04c u0 com.smi.m360.cardholder/com.khumbu.m360.post_login.RegisterActivity t253 f}
V/InputMethodService(  621): onEvaluateInputViewShown: config.hardKeyboardHidden = 2
V/InputMethodService(  621): onEvaluateInputViewShown: config.hardKeyboardHidden = 2
W/ContextImpl(  483): Calling a method in the system process without a qualified user: android.app.ContextImpl.sendBroadcast:1123 com.android.server.InputMethodManagerService.showCurrentInputLocked:1791 com.android.server.InputMethodManagerService.attachNewInputLocked:1095 com.android.server.InputMethodManagerService.startInputUncheckedLocked:1166 com.android.server.InputMethodManagerService.startInputLocked:1128 
I/qtaguid (25722): Untagging socket 43 failed errno=-13
W/NetworkManagementSocketTagger(25722): untagSocket(43) failed with errno -13
I/ActivityManager(  483): START u0 {act=android.intent.action.MAIN cat=[android.intent.category.LAUNCHER] flg=0x10200000 cmp=com.smi.m360.cardholder/com.khumbu.m360.SplashScreenActivity} from pid 25712
I/qtaguid (25722): Untagging socket 47 failed errno=-13
W/NetworkManagementSocketTagger(25722): untagSocket(47) failed with errno -13
I/qtaguid (25722): Tagging socket 43 with tag de71b9ef00000000(-562972177) for uid -1 failed errno=-13
I/NetworkManagementSocketTagger(25722): tagSocketFd(43, -562972177, -1) failed with errno-13
W/Icing   (  645): isOptedInForAppHistory: empty Account Name encountered
I/qtaguid (25722): Untagging socket 43 failed errno=-13
W/NetworkManagementSocketTagger(25722): untagSocket(43) failed with errno -13
V/InputMethodService(  621): onEvaluateInputViewShown: config.hardKeyboardHidden = 2
V/InputMethodService(  621): onEvaluateInputViewShown: config.hardKeyboardHidden = 2
W/ContextImpl(  483): Calling a method in the system process without a qualified user: android.app.ContextImpl.sendBroadcast:1123 com.android.server.InputMethodManagerService.showCurrentInputLocked:1791 com.android.server.InputMethodManagerService.attachNewInputLocked:1095 com.android.server.InputMethodManagerService.startInputUncheckedLocked:1166 com.android.server.InputMethodManagerService.windowGainedFocus:2026 
V/InputMethodService(  621): onEvaluateInputViewShown: config.hardKeyboardHidden = 2
V/InputMethodService(  621): onEvaluateInputViewShown: config.hardKeyboardHidden = 2
V/InputMethodService(  621): onEvaluateInputViewShown: config.hardKeyboardHidden = 2
V/InputMethodService(  621): onEvaluateInputViewShown: config.hardKeyboardHidden = 2
W/ContextImpl(  483): Calling a method in the system process without a qualified user: android.app.ContextImpl.sendBroadcast:1123 com.android.server.InputMethodManagerService.showCurrentInputLocked:1791 com.android.server.InputMethodManagerService.showSoftInput:1753 com.android.internal.view.IInputMethodManager$Stub.onTransact:175 com.android.server.InputMethodManagerService.onTransact:818 
I/ActivityManager(  483): START u0 {act=android.intent.action.MAIN cat=[android.intent.category.HOME] flg=0x10200000 cmp=com.vphone.launcher/.Launcher} from pid 483
W/ContextImpl(  483): Calling a method in the system process without a qualified user: android.app.ContextImpl.sendBroadcast:1123 com.android.server.InputMethodManagerService.showCurrentInputLocked:1791 com.android.server.InputMethodManagerService.showSoftInput:1753 com.android.internal.view.IInputMethodManager$Stub.onTransact:175 com.android.server.InputMethodManagerService.onTransact:818 
I/ActivityManager(  483): START u0 {act=android.intent.action.MAIN cat=[android.intent.category.LAUNCHER] flg=0x10200000 cmp=com.smi.m360.cardholder/com.khumbu.m360.SplashScreenActivity} from pid 25712
I/ActivityManager(  483): START u0 {act=android.intent.action.CALL_BUTTON flg=0x10000000} from pid 25722
W/PhoneFallbackEventHandler(25722): No activity found for android.intent.action.CALL_BUTTON.
V/InputMethodService(  621): onEvaluateInputViewShown: config.hardKeyboardHidden = 2
V/InputMethodService(  621): onEvaluateInputViewShown: config.hardKeyboardHidden = 2
W/ContextImpl(  483): Calling a method in the system process without a qualified user: android.app.ContextImpl.sendBroadcast:1123 com.android.server.InputMethodManagerService.showCurrentInputLocked:1791 com.android.server.InputMethodManagerService.showSoftInput:1753 com.android.internal.view.IInputMethodManager$Stub.onTransact:175 com.android.server.InputMethodManagerService.onTransact:818 
I/ActivityManager(  483): START u0 {act=android.intent.action.MAIN cat=[android.intent.category.LAUNCHER] flg=0x10200000 cmp=com.smi.m360.cardholder/com.khumbu.m360.SplashScreenActivity} from pid 25712
W/ContextImpl(  483): Calling a method in the system process without a qualified user: android.app.ContextImpl.sendBroadcast:1123 com.android.server.InputMethodManagerService.showCurrentInputLocked:1791 com.android.server.InputMethodManagerService.attachNewInputLocked:1095 com.android.server.InputMethodManagerService.startInputUncheckedLocked:1166 com.android.server.InputMethodManagerService.startInputLocked:1128 
W/ContextImpl(  483): Calling a method in the system process without a qualified user: android.app.ContextImpl.sendBroadcast:1123 com.android.server.InputMethodManagerService.showCurrentInputLocked:1791 com.android.server.InputMethodManagerService.attachNewInputLocked:1095 com.android.server.InputMethodManagerService.startInputUncheckedLocked:1166 com.android.server.InputMethodManagerService.startInputLocked:1128 
W/ContextImpl(  483): Calling a method in the system process without a qualified user: android.app.ContextImpl.sendBroadcast:1123 com.android.server.InputMethodManagerService.showCurrentInputLocked:1791 com.android.server.InputMethodManagerService.showSoftInput:1753 com.android.internal.view.IInputMethodManager$Stub.onTransact:175 com.android.server.InputMethodManagerService.onTransact:818 
W/ContextImpl(  483): Calling a method in the system process without a qualified user: android.app.ContextImpl.sendBroadcast:1123 com.android.server.InputMethodManagerService.showCurrentInputLocked:1791 com.android.server.InputMethodManagerService.showSoftInput:1753 com.android.internal.view.IInputMethodManager$Stub.onTransact:175 com.android.server.InputMethodManagerService.onTransact:818 
W/IInputConnectionWrapper(25722): getCursorCapsMode on inactive InputConnection
V/InputMethodService(  621): onEvaluateInputViewShown: config.hardKeyboardHidden = 2
V/InputMethodService(  621): onEvaluateInputViewShown: config.hardKeyboardHidden = 2
I/ActivityManager(  483): START u0 {cmp=com.smi.m360.cardholder/com.khumbu.m360.post_login.RegisterActivity} from pid 25722
W/ContextImpl(  483): Calling a method in the system process without a qualified user: android.app.ContextImpl.sendBroadcast:1123 com.android.server.InputMethodManagerService.showCurrentInputLocked:1791 com.android.server.InputMethodManagerService.showSoftInput:1753 com.android.internal.view.IInputMethodManager$Stub.onTransact:175 com.android.server.InputMethodManagerService.onTransact:818 
V/InputMethodService(  621): onEvaluateInputViewShown: config.hardKeyboardHidden = 2
V/InputMethodService(  621): onEvaluateInputViewShown: config.hardKeyboardHidden = 2
V/InputMethodService(  621): onEvaluateInputViewShown: config.hardKeyboardHidden = 2
V/InputMethodService(  621): onEvaluateInputViewShown: config.hardKeyboardHidden = 2
V/InputMethodService(  621): onEvaluateInputViewShown: config.hardKeyboardHidden = 2
V/InputMethodService(  621): onEvaluateInputViewShown: config.hardKeyboardHidden = 2
V/InputMethodService(  621): onEvaluateInputViewShown: config.hardKeyboardHidden = 2
V/InputMethodService(  621): onEvaluateInputViewShown: config.hardKeyboardHidden = 2
D/dalvikvm(25722): GC_CONCURRENT freed 519K, 10% free 5694K/6300K, paused 0ms+1ms, total 4ms
W/InputManager(  483): Input event injection from pid 25712 failed.
W/InputManager(  483): Input event injection from pid 25712 failed.
W/InputManager(  483): Input event injection from pid 25712 failed.
W/InputManager(  483): Input event injection from pid 25712 failed.
I/System.out(25722): body:<com.a.a.a.l: org.apache.http.HttpResponse a(com.a.a.q,java.util.Map)>	sig:specialinvoke $r11.<java.net.URL: void <init>(java.lang.String)>($r8)	timediff:0
I/System.out(25722): <com.a.a.a.l: org.apache.http.HttpResponse a(com.a.a.q,java.util.Map)>###specialinvoke $r11.<java.net.URL: void <init>(java.lang.String)>($r8)###https://m360-idm-dsp.smionecard.com/api/application/password-policy?applicationID=money360_cardholder_android@prod&language=en&isnew=true
I/System.out(25722): body:<com.a.a.a.l: java.net.HttpURLConnection a(java.net.URL)>	sig:$r2 = virtualinvoke $r1.<java.net.URL: java.net.URLConnection openConnection()>()	timediff:0
I/System.out(25722): body:<com.a.a.a.l: java.net.HttpURLConnection a(java.net.URL,com.a.a.q)>	sig:virtualinvoke $r3.<java.net.HttpURLConnection: void setConnectTimeout(int)>($i0)	timediff:0
I/System.out(25722): body:<com.a.a.a.l: java.net.HttpURLConnection a(java.net.URL,com.a.a.q)>	sig:virtualinvoke $r3.<java.net.HttpURLConnection: void setReadTimeout(int)>($i0)	timediff:0
I/System.out(25722): body:<com.a.a.a.l: java.net.HttpURLConnection a(java.net.URL,com.a.a.q)>	sig:virtualinvoke $r3.<java.net.HttpURLConnection: void setUseCaches(boolean)>(0)	timediff:0
I/System.out(25722): body:<com.a.a.a.l: java.net.HttpURLConnection a(java.net.URL,com.a.a.q)>	sig:virtualinvoke $r3.<java.net.HttpURLConnection: void setDoInput(boolean)>(1)	timediff:0
I/System.out(25722): body:<com.a.a.a.l: java.net.HttpURLConnection a(java.net.URL,com.a.a.q)>	sig:$r5 = virtualinvoke $r1.<java.net.URL: java.lang.String getProtocol()>()	timediff:0
I/System.out(25722): body:<com.a.a.a.l: org.apache.http.HttpResponse a(com.a.a.q,java.util.Map)>	sig:virtualinvoke $r12.<java.net.HttpURLConnection: void addRequestProperty(java.lang.String,java.lang.String)>($r8, $r7)	timediff:0
I/System.out(25722): body:<com.a.a.a.l: void a(java.net.HttpURLConnection,com.a.a.q)>	sig:virtualinvoke $r0.<java.net.HttpURLConnection: void setRequestMethod(java.lang.String)>("GET")	timediff:0
W/InputManager(  483): Input event injection from pid 25712 failed.
W/InputManager(  483): Input event injection from pid 25712 failed.
W/InputManager(  483): Input event injection from pid 25712 failed.
I/qtaguid (25722): Tagging socket 49 with tag de71b9ef00000000(-562972177) for uid -1 failed errno=-13
I/NetworkManagementSocketTagger(25722): tagSocketFd(49, -562972177, -1) failed with errno-13
I/System.out(25722): body:<com.khumbu.m360.post_login.cd: java.lang.Void a(java.lang.Void[])>	sig:specialinvoke $r7.<java.net.URL: void <init>(java.lang.String)>($r6)	timediff:0
I/System.out(25722): <com.khumbu.m360.post_login.cd: java.lang.Void a(java.lang.Void[])>###specialinvoke $r7.<java.net.URL: void <init>(java.lang.String)>($r6)###https://m360-idm-dsp.smionecard.com/api/masters/security-questions?sourceApplicationID=money360_cardholder_android@prod
I/System.out(25722): body:<com.khumbu.m360.post_login.cd: java.lang.Void a(java.lang.Void[])>	sig:$r8 = virtualinvoke $r7.<java.net.URL: java.net.URLConnection openConnection()>()	timediff:0
I/System.out(25722): body:<com.khumbu.m360.post_login.cd: java.lang.Void a(java.lang.Void[])>	sig:virtualinvoke $r9.<java.net.HttpURLConnection: void setRequestMethod(java.lang.String)>("GET")	timediff:0
I/System.out(25722): body:<com.khumbu.m360.post_login.cd: java.lang.Void a(java.lang.Void[])>	sig:virtualinvoke $r9.<java.net.HttpURLConnection: void setRequestProperty(java.lang.String,java.lang.String)>("Content-length", "0")	timediff:0
I/System.out(25722): body:<com.khumbu.m360.post_login.cd: java.lang.Void a(java.lang.Void[])>	sig:virtualinvoke $r9.<java.net.HttpURLConnection: void setUseCaches(boolean)>(0)	timediff:0
I/System.out(25722): body:<com.khumbu.m360.post_login.cd: java.lang.Void a(java.lang.Void[])>	sig:virtualinvoke $r9.<java.net.HttpURLConnection: void setAllowUserInteraction(boolean)>(0)	timediff:0
I/System.out(25722): body:<com.khumbu.m360.post_login.cd: java.lang.Void a(java.lang.Void[])>	sig:virtualinvoke $r9.<java.net.HttpURLConnection: void setConnectTimeout(int)>(15000)	timediff:0
I/System.out(25722): body:<com.khumbu.m360.post_login.cd: java.lang.Void a(java.lang.Void[])>	sig:virtualinvoke $r9.<java.net.HttpURLConnection: void setReadTimeout(int)>(10000)	timediff:0
W/InputManager(  483): Input event injection from pid 25712 failed.
W/InputManager(  483): Input event injection from pid 25712 failed.
W/InputManager(  483): Input event injection from pid 25712 failed.
W/InputManager(  483): Input event injection from pid 25712 failed.
W/ViewRootImpl(25722): Dropping event due to no window focus: KeyEvent { action=ACTION_DOWN, keyCode=KEYCODE_DPAD_UP, scanCode=0, metaState=0, flags=0x8, repeatCount=0, eventTime=12500130, downTime=12500130, deviceId=-1, source=0x101 }
W/EGL_emulation(25722): eglSurfaceAttrib not implemented 3093 12436
W/EGL_emulation(25722): eglSurfaceAttrib not implemented 3093 12436
I/ActivityManager(  483): Displayed com.smi.m360.cardholder/com.khumbu.m360.post_login.RegisterActivity: +141ms
W/Icing   (  645): isOptedInForAppHistory: empty Account Name encountered
I/qtaguid (25722): Untagging socket 49 failed errno=-13
W/NetworkManagementSocketTagger(25722): untagSocket(49) failed with errno -13
I/qtaguid (25722): Tagging socket 49 with tag de71b9ef00000000(-562972177) for uid -1 failed errno=-13
I/NetworkManagementSocketTagger(25722): tagSocketFd(49, -562972177, -1) failed with errno-13
W/System.err(25722): javax.net.ssl.SSLException: SSL handshake aborted: ssl=0xb8f4aed0: I/O error during system call, Connection reset by peer
W/System.err(25722): 	at com.android.org.conscrypt.NativeCrypto.SSL_do_handshake(Native Method)
W/System.err(25722): 	at com.android.org.conscrypt.OpenSSLSocketImpl.startHandshake(OpenSSLSocketImpl.java:405)
W/System.err(25722): 	at com.android.okhttp.Connection.upgradeToTls(Connection.java:146)
W/System.err(25722): 	at com.android.okhttp.Connection.connect(Connection.java:107)
W/System.err(25722): 	at com.android.okhttp.internal.http.HttpEngine.connect(HttpEngine.java:294)
W/System.err(25722): 	at com.android.okhttp.internal.http.HttpEngine.sendSocketRequest(HttpEngine.java:255)
W/System.err(25722): 	at com.android.okhttp.internal.http.HttpEngine.sendRequest(HttpEngine.java:206)
W/System.err(25722): 	at com.android.okhttp.internal.http.HttpURLConnectionImpl.execute(HttpURLConnectionImpl.java:345)
W/System.err(25722): 	at com.android.okhttp.internal.http.HttpURLConnectionImpl.connect(HttpURLConnectionImpl.java:89)
W/System.err(25722): 	at com.android.okhttp.internal.http.HttpsURLConnectionImpl.connect(HttpsURLConnectionImpl.java:161)
W/System.err(25722): 	at com.khumbu.m360.post_login.cd.a(dalvik_source_com.smi.m360.cardholder.apk)
W/System.err(25722): 	at com.khumbu.m360.post_login.cd.doInBackground(dalvik_source_com.smi.m360.cardholder.apk)
W/System.err(25722): 	at android.os.AsyncTask$2.call(AsyncTask.java:288)
W/System.err(25722): 	at java.util.concurrent.FutureTask.run(FutureTask.java:237)
W/System.err(25722): 	at android.os.AsyncTask$SerialExecutor$1.run(AsyncTask.java:231)
W/System.err(25722): 	at java.util.concurrent.ThreadPoolExecutor.runWorker(ThreadPoolExecutor.java:1112)
W/System.err(25722): 	at java.util.concurrent.ThreadPoolExecutor$Worker.run(ThreadPoolExecutor.java:587)
W/System.err(25722): 	at java.lang.Thread.run(Thread.java:841)
I/System.out(25722): body:<com.khumbu.m360.post_login.cd: java.lang.Void a(java.lang.Void[])>	sig:virtualinvoke $r9.<java.net.HttpURLConnection: void disconnect()>()	timediff:0
I/qtaguid (25722): Untagging socket 49 failed errno=-13
W/NetworkManagementSocketTagger(25722): untagSocket(49) failed with errno -13
I/System.out(25722): body:<com.a.a.a.l: org.apache.http.HttpResponse a(com.a.a.q,java.util.Map)>	sig:specialinvoke $r11.<java.net.URL: void <init>(java.lang.String)>($r8)	timediff:0
I/System.out(25722): <com.a.a.a.l: org.apache.http.HttpResponse a(com.a.a.q,java.util.Map)>###specialinvoke $r11.<java.net.URL: void <init>(java.lang.String)>($r8)###https://cardholderapi.smionecard.com/api/masters/mobile-carriers?countryCode=USA
I/System.out(25722): body:<com.a.a.a.l: java.net.HttpURLConnection a(java.net.URL)>	sig:$r2 = virtualinvoke $r1.<java.net.URL: java.net.URLConnection openConnection()>()	timediff:1
I/System.out(25722): body:<com.a.a.a.l: java.net.HttpURLConnection a(java.net.URL,com.a.a.q)>	sig:virtualinvoke $r3.<java.net.HttpURLConnection: void setConnectTimeout(int)>($i0)	timediff:0
I/System.out(25722): body:<com.a.a.a.l: java.net.HttpURLConnection a(java.net.URL,com.a.a.q)>	sig:virtualinvoke $r3.<java.net.HttpURLConnection: void setReadTimeout(int)>($i0)	timediff:0
I/System.out(25722): body:<com.a.a.a.l: java.net.HttpURLConnection a(java.net.URL,com.a.a.q)>	sig:virtualinvoke $r3.<java.net.HttpURLConnection: void setUseCaches(boolean)>(0)	timediff:0
I/System.out(25722): body:<com.a.a.a.l: java.net.HttpURLConnection a(java.net.URL,com.a.a.q)>	sig:virtualinvoke $r3.<java.net.HttpURLConnection: void setDoInput(boolean)>(1)	timediff:0
I/System.out(25722): body:<com.a.a.a.l: java.net.HttpURLConnection a(java.net.URL,com.a.a.q)>	sig:$r5 = virtualinvoke $r1.<java.net.URL: java.lang.String getProtocol()>()	timediff:0
I/System.out(25722): body:<com.a.a.a.l: org.apache.http.HttpResponse a(com.a.a.q,java.util.Map)>	sig:virtualinvoke $r12.<java.net.HttpURLConnection: void addRequestProperty(java.lang.String,java.lang.String)>($r8, $r7)	timediff:0
I/System.out(25722): body:<com.a.a.a.l: void a(java.net.HttpURLConnection,com.a.a.q)>	sig:virtualinvoke $r0.<java.net.HttpURLConnection: void setRequestMethod(java.lang.String)>("GET")	timediff:0
I/qtaguid (25722): Tagging socket 49 with tag 20835d6a00000000(545480042) for uid -1 failed errno=-13
I/NetworkManagementSocketTagger(25722): tagSocketFd(49, 545480042, -1) failed with errno-13
W/ContextImpl(  483): Calling a method in the system process without a qualified user: android.app.ContextImpl.sendBroadcast:1123 com.android.server.InputMethodManagerService.showCurrentInputLocked:1791 com.android.server.InputMethodManagerService.attachNewInputLocked:1095 com.android.server.InputMethodManagerService.startInputUncheckedLocked:1166 com.android.server.InputMethodManagerService.windowGainedFocus:1981 
W/ContextImpl(  483): Calling a method in the system process without a qualified user: android.app.ContextImpl.sendBroadcast:1123 com.android.server.InputMethodManagerService.showCurrentInputLocked:1791 com.android.server.InputMethodManagerService.windowGainedFocus:1985 com.android.internal.view.IInputMethodManager$Stub.onTransact:221 com.android.server.InputMethodManagerService.onTransact:818 
W/InputMethodManagerService(  483): Window already focused, ignoring focus gain of: com.android.internal.view.IInputMethodClient$Stub$Proxy@4ae3dad4 attribute=null, token = android.os.BinderProxy@4ab1d79c
V/InputMethodService(  621): onEvaluateInputViewShown: config.hardKeyboardHidden = 2
V/InputMethodService(  621): onEvaluateInputViewShown: config.hardKeyboardHidden = 2
V/InputMethodService(  621): onEvaluateInputViewShown: config.hardKeyboardHidden = 2
V/InputMethodService(  621): onEvaluateInputViewShown: config.hardKeyboardHidden = 2
V/InputMethodService(  621): onEvaluateInputViewShown: config.hardKeyboardHidden = 2
V/InputMethodService(  621): onEvaluateInputViewShown: config.hardKeyboardHidden = 2
W/ContextImpl(  483): Calling a method in the system process without a qualified user: android.app.ContextImpl.sendBroadcast:1123 com.android.server.InputMethodManagerService.showCurrentInputLocked:1791 com.android.server.InputMethodManagerService.showSoftInput:1753 com.android.internal.view.IInputMethodManager$Stub.onTransact:175 com.android.server.InputMethodManagerService.onTransact:818 
I/InputDispatcher(  483): Dropped event because of pending overdue app switch.
W/InputManager(  483): Input event injection from pid 25712 failed.
I/qtaguid (25722): Untagging socket 49 failed errno=-13
W/NetworkManagementSocketTagger(25722): untagSocket(49) failed with errno -13
I/qtaguid (25722): Tagging socket 47 with tag 20835d6a00000000(545480042) for uid -1 failed errno=-13
I/NetworkManagementSocketTagger(25722): tagSocketFd(47, 545480042, -1) failed with errno-13
W/ContextImpl(  483): Calling a method in the system process without a qualified user: android.app.ContextImpl.sendBroadcast:1123 com.android.server.InputMethodManagerService.showCurrentInputLocked:1791 com.android.server.InputMethodManagerService.attachNewInputLocked:1095 com.android.server.InputMethodManagerService.startInputUncheckedLocked:1166 com.android.server.InputMethodManagerService.startInputLocked:1128 
V/InputMethodService(  621): onEvaluateInputViewShown: config.hardKeyboardHidden = 2
V/InputMethodService(  621): onEvaluateInputViewShown: config.hardKeyboardHidden = 2
V/InputMethodService(  621): onEvaluateInputViewShown: config.hardKeyboardHidden = 2
V/InputMethodService(  621): onEvaluateInputViewShown: config.hardKeyboardHidden = 2
W/ContextImpl(  483): Calling a method in the system process without a qualified user: android.app.ContextImpl.sendBroadcast:1123 com.android.server.InputMethodManagerService.showCurrentInputLocked:1791 com.android.server.InputMethodManagerService.showSoftInput:1753 com.android.internal.view.IInputMethodManager$Stub.onTransact:175 com.android.server.InputMethodManagerService.onTransact:818 
V/InputMethodService(  621): onEvaluateInputViewShown: config.hardKeyboardHidden = 2
V/InputMethodService(  621): onEvaluateInputViewShown: config.hardKeyboardHidden = 2
V/InputMethodService(  621): onEvaluateInputViewShown: config.hardKeyboardHidden = 2
V/InputMethodService(  621): onEvaluateInputViewShown: config.hardKeyboardHidden = 2
V/InputMethodService(  621): onEvaluateInputViewShown: config.hardKeyboardHidden = 2
V/InputMethodService(  621): onEvaluateInputViewShown: config.hardKeyboardHidden = 2
W/ContextImpl(  483): Calling a method in the system process without a qualified user: android.app.ContextImpl.sendBroadcast:1123 com.android.server.InputMethodManagerService.showCurrentInputLocked:1791 com.android.server.InputMethodManagerService.attachNewInputLocked:1095 com.android.server.InputMethodManagerService.startInputUncheckedLocked:1166 com.android.server.InputMethodManagerService.startInputLocked:1128 
W/ContextImpl(  483): Calling a method in the system process without a qualified user: android.app.ContextImpl.sendBroadcast:1123 com.android.server.InputMethodManagerService.showCurrentInputLocked:1791 com.android.server.InputMethodManagerService.showSoftInput:1753 com.android.internal.view.IInputMethodManager$Stub.onTransact:175 com.android.server.InputMethodManagerService.onTransact:818 
W/ContextImpl(  483): Calling a method in the system process without a qualified user: android.app.ContextImpl.sendBroadcast:1123 com.android.server.InputMethodManagerService.showCurrentInputLocked:1791 com.android.server.InputMethodManagerService.showSoftInput:1753 com.android.internal.view.IInputMethodManager$Stub.onTransact:175 com.android.server.InputMethodManagerService.onTransact:818 
W/Icing   (  645): isOptedInForAppHistory: empty Account Name encountered
I/qtaguid (25722): Untagging socket 47 failed errno=-13
W/NetworkManagementSocketTagger(25722): untagSocket(47) failed with errno -13
W/ContextImpl(  483): Calling a method in the system process without a qualified user: android.app.ContextImpl.sendBroadcast:1123 com.android.server.InputMethodManagerService.hideCurrentInputLocked:1880 com.android.server.InputMethodManagerService.hideMySoftInput:2299 com.android.internal.view.IInputMethodManager$Stub.onTransact:288 com.android.server.InputMethodManagerService.onTransact:818 
I/dalvikvm(25722): Could not find method android.view.View.drawableHotspotChanged, referenced from method android.support.v7.widget.dc.a
W/dalvikvm(25722): VFY: unable to resolve virtual method 10240: Landroid/view/View;.drawableHotspotChanged (FF)V
D/dalvikvm(25722): VFY: replacing opcode 0x6e at 0x004e
W/ViewRootImpl(25722): Dropping event due to no window focus: KeyEvent { action=ACTION_DOWN, keyCode=KEYCODE_DPAD_RIGHT, scanCode=0, metaState=0, flags=0x8, repeatCount=0, eventTime=12500600, downTime=12500600, deviceId=-1, source=0x101 }
W/ViewRootImpl(25722): Dropping event due to no window focus: KeyEvent { action=ACTION_DOWN, keyCode=KEYCODE_N, scanCode=0, metaState=0, flags=0x8, repeatCount=0, eventTime=12500638, downTime=12500638, deviceId=-1, source=0x101 }
W/InputMethodManagerService(  483): Window already focused, ignoring focus gain of: com.android.internal.view.IInputMethodClient$Stub$Proxy@4ae7d9b8 attribute=android.view.inputmethod.EditorInfo@4af02e80, token = android.os.BinderProxy@4ab1d79c
V/InputMethodService(  621): onEvaluateInputViewShown: config.hardKeyboardHidden = 2
V/InputMethodService(  621): onEvaluateInputViewShown: config.hardKeyboardHidden = 2
W/ContextImpl(  483): Calling a method in the system process without a qualified user: android.app.ContextImpl.sendBroadcast:1123 com.android.server.InputMethodManagerService.showCurrentInputLocked:1791 com.android.server.InputMethodManagerService.showSoftInput:1753 com.android.internal.view.IInputMethodManager$Stub.onTransact:175 com.android.server.InputMethodManagerService.onTransact:818 
W/ContextImpl(  483): Calling a method in the system process without a qualified user: android.app.ContextImpl.sendBroadcast:1123 com.android.server.InputMethodManagerService.showCurrentInputLocked:1791 com.android.server.InputMethodManagerService.attachNewInputLocked:1095 com.android.server.InputMethodManagerService.startInputUncheckedLocked:1166 com.android.server.InputMethodManagerService.startInputLocked:1128 
W/ContextImpl(  483): Calling a method in the system process without a qualified user: android.app.ContextImpl.sendBroadcast:1123 com.android.server.InputMethodManagerService.showCurrentInputLocked:1791 com.android.server.InputMethodManagerService.showSoftInput:1753 com.android.internal.view.IInputMethodManager$Stub.onTransact:175 com.android.server.InputMethodManagerService.onTransact:818 
W/ActivityManager(  483): Duplicate finish request for ActivityRecord{4a9a5f00 u0 com.smi.m360.cardholder/com.khumbu.m360.post_login.RegisterActivity t253 f}
V/InputMethodService(  621): onEvaluateInputViewShown: config.hardKeyboardHidden = 2
V/InputMethodService(  621): onEvaluateInputViewShown: config.hardKeyboardHidden = 2
V/InputMethodService(  621): onEvaluateInputViewShown: config.hardKeyboardHidden = 2
V/InputMethodService(  621): onEvaluateInputViewShown: config.hardKeyboardHidden = 2
E/InputEventSender(25722): Exception dispatching finished signal.
E/MessageQueue-JNI(25722): Exception in MessageQueue callback: handleReceiveCallback
E/MessageQueue-JNI(25722): java.lang.ArrayIndexOutOfBoundsException: length=0; index=-1
E/MessageQueue-JNI(25722): 	at java.util.ArrayList.get(ArrayList.java:310)
E/MessageQueue-JNI(25722): 	at com.khumbu.m360.post_login.RegisterActivity.q(dalvik_source_com.smi.m360.cardholder.apk)
E/MessageQueue-JNI(25722): 	at com.khumbu.m360.post_login.RegisterActivity.o(dalvik_source_com.smi.m360.cardholder.apk)
E/MessageQueue-JNI(25722): 	at com.khumbu.m360.post_login.ca.onClick(dalvik_source_com.smi.m360.cardholder.apk)
E/MessageQueue-JNI(25722): 	at android.view.View.performClick(View.java:4438)
E/MessageQueue-JNI(25722): 	at android.view.View.onKeyUp(View.java:8241)
E/MessageQueue-JNI(25722): 	at android.widget.TextView.onKeyUp(TextView.java:5628)
E/MessageQueue-JNI(25722): 	at android.view.KeyEvent.dispatch(KeyEvent.java:2664)
E/MessageQueue-JNI(25722): 	at android.view.View.dispatchKeyEvent(View.java:7665)
E/MessageQueue-JNI(25722): 	at android.view.ViewGroup.dispatchKeyEvent(ViewGroup.java:1408)
E/MessageQueue-JNI(25722): 	at android.view.ViewGroup.dispatchKeyEvent(ViewGroup.java:1408)
E/MessageQueue-JNI(25722): 	at android.view.ViewGroup.dispatchKeyEvent(ViewGroup.java:1408)
E/MessageQueue-JNI(25722): 	at android.widget.ScrollView.dispatchKeyEvent(ScrollView.java:358)
E/MessageQueue-JNI(25722): 	at android.view.ViewGroup.dispatchKeyEvent(ViewGroup.java:1408)
E/MessageQueue-JNI(25722): 	at android.view.ViewGroup.dispatchKeyEvent(ViewGroup.java:1408)
E/MessageQueue-JNI(25722): 	at android.view.ViewGroup.dispatchKeyEvent(ViewGroup.java:1408)
E/MessageQueue-JNI(25722): 	at android.view.ViewGroup.dispatchKeyEvent(ViewGroup.java:1408)
E/MessageQueue-JNI(25722): 	at android.view.ViewGroup.dispatchKeyEvent(ViewGroup.java:1408)
E/MessageQueue-JNI(25722): 	at com.android.internal.policy.impl.PhoneWindow$DecorView.superDispatchKeyEvent(PhoneWindow.java:2035)
E/MessageQueue-JNI(25722): 	at com.android.internal.policy.impl.PhoneWindow.superDispatchKeyEvent(PhoneWindow.java:1505)
E/MessageQueue-JNI(25722): 	at android.app.Activity.dispatchKeyEvent(Activity.java:2418)
E/MessageQueue-JNI(25722): 	at android.support.v7.a.u.dispatchKeyEvent(dalvik_source_com.smi.m360.cardholder.apk)
E/MessageQueue-JNI(25722): 	at android.support.v7.view.n.dispatchKeyEvent(dalvik_source_com.smi.m360.cardholder.apk)
E/MessageQueue-JNI(25722): 	at android.support.v7.a.y.dispatchKeyEvent(dalvik_source_com.smi.m360.cardholder.apk)
E/MessageQueue-JNI(25722): 	at com.android.internal.policy.impl.PhoneWindow$DecorView.dispatchKeyEvent(PhoneWindow.java:1962)
E/MessageQueue-JNI(25722): 	at android.view.ViewRootImpl$ViewPostImeInputStage.processKeyEvent(ViewRootImpl.java:3876)
E/MessageQueue-JNI(25722): 	at android.view.ViewRootImpl$ViewPostImeInputStage.onProcess(ViewRootImpl.java:3850)
E/MessageQueue-JNI(25722): 	at android.view.ViewRootImpl$InputStage.deliver(ViewRootImpl.java:3423)
E/MessageQueue-JNI(25722): 	at android.view.ViewRootImpl$InputStage.onDeliverToNext(ViewRootImpl.java:3473)
E/MessageQueue-JNI(25722): 	at android.view.ViewRootImpl$InputStage.forward(ViewRootImpl.java:3442)
E/MessageQueue-JNI(25722): 	at android.view.ViewRootImpl$AsyncInputStage.forward(ViewRootImpl.java:3549)
E/MessageQueue-JNI(25722): 	at android.view.ViewRootImpl$InputStage.apply(ViewRootImpl.java:3450)
E/MessageQueue-JNI(25722): 	at android.view.ViewRootImpl$AsyncInputStage.apply(ViewRootImpl.java:3606)
E/MessageQueue-JNI(25722): 	at android.view.ViewRootImpl$InputStage.deliver(ViewRootImpl.java:3423)
E/MessageQueue-JNI(25722): 	at android.view.ViewRootImpl$InputStage.onDeliverToNext(ViewRootImpl.java:3473)
E/MessageQueue-JNI(25722): 	at android.view.ViewRootImpl$InputStage.forward(ViewRootImpl.java:3442)
E/MessageQueue-JNI(25722): 	at android.view.ViewRootImpl$InputStage.apply(ViewRootImpl.java:3450)
E/MessageQueue-JNI(25722): 	at android.view.ViewRootImpl$InputStage.deliver(ViewRootImpl.java:3423)
E/MessageQueue-JNI(25722): 	at android.view.ViewRootImpl$InputStage.onDeliverToNext(ViewRootImpl.java:3473)
E/MessageQueue-JNI(25722): 	at android.view.ViewRootImpl$InputStage.forward(ViewRootImpl.java:3442)
