I/NetworkManagementSocketTagger(20788): tagSocketFd(58, -232240548, -1) failed with errno-13
I/System.out(20788): body:<io.fabric.sdk.android.services.network.HttpRequest: io.fabric.sdk.android.services.network.HttpRequest header(java.lang.String,java.lang.String)>	sig:virtualinvoke $r3.<java.net.HttpURLConnection: void setRequestProperty(java.lang.String,java.lang.String)>($r1, $r2)	timediff:0
I/qtaguid (20788): Untagging socket 58 failed errno=-13
I/System.out(20788): body:<io.fabric.sdk.android.services.network.HttpRequest: io.fabric.sdk.android.services.network.HttpRequest header(java.lang.String,java.lang.String)>	sig:virtualinvoke $r3.<java.net.HttpURLConnection: void setRequestProperty(java.lang.String,java.lang.String)>($r1, $r2)	timediff:0
W/NetworkManagementSocketTagger(20788): untagSocket(58) failed with errno -13
I/System.out(20788): body:<io.fabric.sdk.android.services.network.HttpRequest: io.fabric.sdk.android.services.network.HttpRequest header(java.lang.String,java.lang.String)>	sig:virtualinvoke $r3.<java.net.HttpURLConnection: void setRequestProperty(java.lang.String,java.lang.String)>($r1, $r2)	timediff:0
I/qtaguid (20788): Tagging socket 58 with tag f2284a5c00000000(-232240548) for uid -1 failed errno=-13
I/System.out(20788): body:<io.fabric.sdk.android.services.network.HttpRequest: io.fabric.sdk.android.services.network.HttpRequest header(java.lang.String,java.lang.String)>	sig:virtualinvoke $r3.<java.net.HttpURLConnection: void setRequestProperty(java.lang.String,java.lang.String)>($r1, $r2)	timediff:0
I/System.out(20788): body:<io.fabric.sdk.android.services.network.HttpRequest: io.fabric.sdk.android.services.network.HttpRequest header(java.lang.String,java.lang.String)>	sig:virtualinvoke $r3.<java.net.HttpURLConnection: void setRequestProperty(java.lang.String,java.lang.String)>($r1, $r2)	timediff:0
I/NetworkManagementSocketTagger(20788): tagSocketFd(58, -232240548, -1) failed with errno-13
I/qtaguid (20788): Untagging socket 58 failed errno=-13
I/System.out(20788): body:<io.fabric.sdk.android.services.network.HttpRequest: io.fabric.sdk.android.services.network.HttpRequest openOutput()>	sig:virtualinvoke $r2.<java.net.HttpURLConnection: void setDoOutput(boolean)>(1)	timediff:0
I/System.out(20788): body:<io.fabric.sdk.android.services.network.HttpRequest: io.fabric.sdk.android.services.network.HttpRequest openOutput()>	sig:$r3 = virtualinvoke $r2.<java.net.HttpURLConnection: java.lang.String getRequestProperty(java.lang.String)>("Content-Type")	timediff:0
W/NetworkManagementSocketTagger(20788): untagSocket(58) failed with errno -13
I/qtaguid (20788): Tagging socket 58 with tag f2284a5c00000000(-232240548) for uid -1 failed errno=-13
I/NetworkManagementSocketTagger(20788): tagSocketFd(58, -232240548, -1) failed with errno-13
I/qtaguid (20788): Untagging socket 58 failed errno=-13
W/NetworkManagementSocketTagger(20788): untagSocket(58) failed with errno -13
I/qtaguid (20788): Tagging socket 58 with tag f2284a5c00000000(-232240548) for uid -1 failed errno=-13
I/NetworkManagementSocketTagger(20788): tagSocketFd(58, -232240548, -1) failed with errno-13
I/qtaguid (20788): Untagging socket 58 failed errno=-13
W/NetworkManagementSocketTagger(20788): untagSocket(58) failed with errno -13
I/System.out(20788): body:<com.android.volley.toolbox.HurlStack: void addBodyIfExists(java.net.HttpURLConnection,com.android.volley.Request)>	sig:$r5 = virtualinvoke $r0.<java.net.HttpURLConnection: java.io.OutputStream getOutputStream()>()	timediff:76
I/System.out(20788): body:<io.fabric.sdk.android.services.network.HttpRequest: io.fabric.sdk.android.services.network.HttpRequest openOutput()>	sig:$r4 = virtualinvoke $r2.<java.net.HttpURLConnection: java.io.OutputStream getOutputStream()>()	timediff:10
I/System.out(20788): body:<com.android.volley.toolbox.HurlStack: org.apache.http.HttpResponse performRequest(com.android.volley.Request,java.util.Map)>	sig:$i0 = virtualinvoke $r15.<java.net.HttpURLConnection: int getResponseCode()>()	timediff:47
I/System.out(20788): body:<com.android.volley.toolbox.HurlStack: org.apache.http.HttpResponse performRequest(com.android.volley.Request,java.util.Map)>	sig:$i0 = virtualinvoke $r15.<java.net.HttpURLConnection: int getResponseCode()>()	timediff:0
I/System.out(20788): body:<com.android.volley.toolbox.HurlStack: org.apache.http.HttpResponse performRequest(com.android.volley.Request,java.util.Map)>	sig:$r11 = virtualinvoke $r15.<java.net.HttpURLConnection: java.lang.String getResponseMessage()>()	timediff:0
I/System.out(20788): body:<com.android.volley.toolbox.HurlStack: org.apache.http.HttpEntity entityFromConnection(java.net.HttpURLConnection)>	sig:$r2 = virtualinvoke $r0.<java.net.HttpURLConnection: java.io.InputStream getInputStream()>()	timediff:0
I/System.out(20788): body:<empirical.HelperClass: void printURLInfo(java.lang.String,java.lang.String,java.net.URLConnection)>	sig:$r0 = virtualinvoke urlConnection.<java.net.URLConnection: java.net.URL getURL()>()	timediff:0
I/System.out(20788): body:<empirical.HelperClass: void printURLInfo(java.lang.String,java.lang.String,java.net.URLConnection)>	sig:urlString = virtualinvoke $r0.<java.net.URL: java.lang.String toString()>()	timediff:0
I/System.out(20788): body:<empirical.HelperClass: void printURLInfo(java.lang.String,java.lang.String,java.net.URLConnection)>	sig:isDoOutput = virtualinvoke urlConnection.<java.net.URLConnection: boolean getDoOutput()>()	timediff:0
I/System.out(20788): body:<empirical.HelperClass: java.lang.String getHeaderField(java.net.URLConnection,java.lang.String)>	sig:data = virtualinvoke conn.<java.net.URLConnection: java.lang.String getHeaderField(java.lang.String)>(field)	timediff:0
I/System.out(20788): body:<empirical.HelperClass: java.lang.String getHeaderField(java.net.URLConnection,java.lang.String)>	sig:data = virtualinvoke conn.<java.net.URLConnection: java.lang.String getHeaderField(java.lang.String)>(field)	timediff:0
I/System.out(20788): body:<empirical.HelperClass: java.lang.String getHeaderField(java.net.URLConnection,java.lang.String)>	sig:data = virtualinvoke conn.<java.net.URLConnection: java.lang.String getHeaderField(java.lang.String)>(field)	timediff:0
I/System.out(20788): body:<empirical.HelperClass: java.lang.String getHeaderField(java.net.URLConnection,java.lang.String)>	sig:data = virtualinvoke conn.<java.net.URLConnection: java.lang.String getHeaderField(java.lang.String)>(field)	timediff:0
I/System.out(20788): body:<empirical.HelperClass: java.lang.String getHeaderField(java.net.URLConnection,java.lang.String)>	sig:data = virtualinvoke conn.<java.net.URLConnection: java.lang.String getHeaderField(java.lang.String)>(field)	timediff:0
I/System.out(20788): URLConn;%;1;%;<com.android.volley.toolbox.HurlStack: org.apache.http.HttpEntity entityFromConnection(java.net.HttpURLConnection)>;%;$r2 = virtualinvoke $r0.<java.net.HttpURLConnection: java.io.InputStream getInputStream()>();%;https://mapps.esurance.com/Esurance.mobile.services/Tracking/SaveSessionWithVersion/PROD/7/2.2.4;%;true;%;291;%;no-cache,no-cache, no-store, must-revalidate;%;-1,0;%;Not found;%;Not found
I/System.out(20788): body:<com.android.volley.toolbox.HurlStack: org.apache.http.HttpEntity entityFromConnection(java.net.HttpURLConnection)>	sig:$i1 = virtualinvoke $r0.<java.net.HttpURLConnection: int getContentLength()>()	timediff:0
I/System.out(20788): body:<com.android.volley.toolbox.HurlStack: org.apache.http.HttpEntity entityFromConnection(java.net.HttpURLConnection)>	sig:$r4 = virtualinvoke $r0.<java.net.HttpURLConnection: java.lang.String getContentEncoding()>()	timediff:0
I/System.out(20788): body:<com.android.volley.toolbox.HurlStack: org.apache.http.HttpEntity entityFromConnection(java.net.HttpURLConnection)>	sig:$r4 = virtualinvoke $r0.<java.net.HttpURLConnection: java.lang.String getContentType()>()	timediff:0
I/System.out(20788): body:<com.android.volley.toolbox.HurlStack: org.apache.http.HttpResponse performRequest(com.android.volley.Request,java.util.Map)>	sig:$r12 = virtualinvoke $r15.<java.net.HttpURLConnection: java.util.Map getHeaderFields()>()	timediff:0
I/qtaguid (20788): Tagging socket 58 with tag f2284a5c00000000(-232240548) for uid -1 failed errno=-13
I/NetworkManagementSocketTagger(20788): tagSocketFd(58, -232240548, -1) failed with errno-13
I/qtaguid (20788): Untagging socket 46 failed errno=-13
W/NetworkManagementSocketTagger(20788): untagSocket(46) failed with errno -13
I/qtaguid (20788): Untagging socket 49 failed errno=-13
W/NetworkManagementSocketTagger(20788): untagSocket(49) failed with errno -13
I/System.out(20788): body:<com.android.volley.toolbox.HurlStack: org.apache.http.HttpResponse performRequest(com.android.volley.Request,java.util.Map)>	sig:$i0 = virtualinvoke $r15.<java.net.HttpURLConnection: int getResponseCode()>()	timediff:25
I/System.out(20788): body:<com.android.volley.toolbox.HurlStack: org.apache.http.HttpResponse performRequest(com.android.volley.Request,java.util.Map)>	sig:$i0 = virtualinvoke $r15.<java.net.HttpURLConnection: int getResponseCode()>()	timediff:0
I/System.out(20788): body:<com.android.volley.toolbox.HurlStack: org.apache.http.HttpResponse performRequest(com.android.volley.Request,java.util.Map)>	sig:$r11 = virtualinvoke $r15.<java.net.HttpURLConnection: java.lang.String getResponseMessage()>()	timediff:0
I/System.out(20788): body:<com.android.volley.toolbox.HurlStack: org.apache.http.HttpEntity entityFromConnection(java.net.HttpURLConnection)>	sig:$r2 = virtualinvoke $r0.<java.net.HttpURLConnection: java.io.InputStream getInputStream()>()	timediff:0
I/System.out(20788): body:<empirical.HelperClass: void printURLInfo(java.lang.String,java.lang.String,java.net.URLConnection)>	sig:$r0 = virtualinvoke urlConnection.<java.net.URLConnection: java.net.URL getURL()>()	timediff:0
I/System.out(20788): body:<empirical.HelperClass: void printURLInfo(java.lang.String,java.lang.String,java.net.URLConnection)>	sig:urlString = virtualinvoke $r0.<java.net.URL: java.lang.String toString()>()	timediff:0
I/System.out(20788): body:<empirical.HelperClass: void printURLInfo(java.lang.String,java.lang.String,java.net.URLConnection)>	sig:isDoOutput = virtualinvoke urlConnection.<java.net.URLConnection: boolean getDoOutput()>()	timediff:0
I/System.out(20788): body:<empirical.HelperClass: java.lang.String getHeaderField(java.net.URLConnection,java.lang.String)>	sig:data = virtualinvoke conn.<java.net.URLConnection: java.lang.String getHeaderField(java.lang.String)>(field)	timediff:0
I/System.out(20788): body:<empirical.HelperClass: java.lang.String getHeaderField(java.net.URLConnection,java.lang.String)>	sig:data = virtualinvoke conn.<java.net.URLConnection: java.lang.String getHeaderField(java.lang.String)>(field)	timediff:0
I/System.out(20788): body:<empirical.HelperClass: java.lang.String getHeaderField(java.net.URLConnection,java.lang.String)>	sig:data = virtualinvoke conn.<java.net.URLConnection: java.lang.String getHeaderField(java.lang.String)>(field)	timediff:0
I/System.out(20788): body:<empirical.HelperClass: java.lang.String getHeaderField(java.net.URLConnection,java.lang.String)>	sig:data = virtualinvoke conn.<java.net.URLConnection: java.lang.String getHeaderField(java.lang.String)>(field)	timediff:0
I/System.out(20788): body:<empirical.HelperClass: java.lang.String getHeaderField(java.net.URLConnection,java.lang.String)>	sig:data = virtualinvoke conn.<java.net.URLConnection: java.lang.String getHeaderField(java.lang.String)>(field)	timediff:0
I/System.out(20788): URLConn;%;2;%;<com.android.volley.toolbox.HurlStack: org.apache.http.HttpEntity entityFromConnection(java.net.HttpURLConnection)>;%;$r2 = virtualinvoke $r0.<java.net.HttpURLConnection: java.io.InputStream getInputStream()>();%;https://mapps.esurance.com/Esurance.mobile.services/Tracking/SaveMobileTracking;%;true;%;0;%;no-cache,no-cache, no-store, must-revalidate;%;-1,0;%;Not found;%;Not found
I/System.out(20788): body:<com.android.volley.toolbox.HurlStack: org.apache.http.HttpEntity entityFromConnection(java.net.HttpURLConnection)>	sig:$i1 = virtualinvoke $r0.<java.net.HttpURLConnection: int getContentLength()>()	timediff:0
I/System.out(20788): body:<com.android.volley.toolbox.HurlStack: org.apache.http.HttpEntity entityFromConnection(java.net.HttpURLConnection)>	sig:$r4 = virtualinvoke $r0.<java.net.HttpURLConnection: java.lang.String getContentEncoding()>()	timediff:0
I/System.out(20788): body:<com.android.volley.toolbox.HurlStack: org.apache.http.HttpEntity entityFromConnection(java.net.HttpURLConnection)>	sig:$r4 = virtualinvoke $r0.<java.net.HttpURLConnection: java.lang.String getContentType()>()	timediff:0
I/System.out(20788): body:<com.android.volley.toolbox.HurlStack: org.apache.http.HttpResponse performRequest(com.android.volley.Request,java.util.Map)>	sig:$r12 = virtualinvoke $r15.<java.net.HttpURLConnection: java.util.Map getHeaderFields()>()	timediff:0
I/System.out(20788): body:<io.fabric.sdk.android.services.network.HttpRequest: int code()>	sig:$i0 = virtualinvoke $r2.<java.net.HttpURLConnection: int getResponseCode()>()	timediff:72
I/ActivityManager(  483): START u0 {act=android.intent.action.MAIN cat=[android.intent.category.LAUNCHER] flg=0x10200000 cmp=com.esurance.app/.SplashScreen} from pid 20778
W/WindowManager(  483): updateFocusedWindowLocked, focusedAppToken is null.
W/ViewRootImpl(  538): Dropping event due to no window focus: KeyEvent { action=ACTION_DOWN, keyCode=KEYCODE_DPAD_CENTER, scanCode=0, metaState=0, flags=0x8, repeatCount=0, eventTime=12212761, downTime=12212761, deviceId=-1, source=0x101 }
W/ViewRootImpl(  538): Dropping event due to no window focus: KeyEvent { action=ACTION_DOWN, keyCode=KEYCODE_DPAD_CENTER, scanCode=0, metaState=0, flags=0x8, repeatCount=0, eventTime=12212762, downTime=12212762, deviceId=-1, source=0x101 }
W/ViewRootImpl(  538): Dropping event due to no window focus: KeyEvent { action=ACTION_DOWN, keyCode=KEYCODE_DPAD_UP, scanCode=0, metaState=0, flags=0x8, repeatCount=0, eventTime=12212763, downTime=12212763, deviceId=-1, source=0x101 }
W/ViewRootImpl(  538): Dropping event due to no window focus: KeyEvent { action=ACTION_DOWN, keyCode=KEYCODE_MENU, scanCode=0, metaState=0, flags=0x8, repeatCount=0, eventTime=12212763, downTime=12212763, deviceId=-1, source=0x101 }
W/ViewRootImpl(  538): Dropping event due to no window focus: KeyEvent { action=ACTION_DOWN, keyCode=KEYCODE_DPAD_DOWN, scanCode=0, metaState=0, flags=0x8, repeatCount=0, eventTime=12212764, downTime=12212764, deviceId=-1, source=0x101 }
W/ViewRootImpl(  538): Dropping event due to no window focus: KeyEvent { action=ACTION_DOWN, keyCode=KEYCODE_DPAD_LEFT, scanCode=0, metaState=0, flags=0x8, repeatCount=0, eventTime=12212765, downTime=12212765, deviceId=-1, source=0x101 }
W/ViewRootImpl(  538): Dropping event due to no window focus: KeyEvent { action=ACTION_DOWN, keyCode=KEYCODE_INSERT, scanCode=0, metaState=0, flags=0x8, repeatCount=0, eventTime=12212765, downTime=12212765, deviceId=-1, source=0x101 }
W/ContextImpl(  483): Calling a method in the system process without a qualified user: android.app.ContextImpl.sendBroadcast:1123 com.android.server.InputMethodManagerService.hideCurrentInputLocked:1880 com.android.server.InputMethodManagerService.windowGainedFocus:1968 com.android.internal.view.IInputMethodManager$Stub.onTransact:221 com.android.server.InputMethodManagerService.onTransact:818 
W/InputManager(  483): Input event injection from pid 20778 failed.
W/InputEventReceiver(  538): Attempted to finish an input event but the input event receiver has already been disposed.
W/InputEventReceiver(  538): Attempted to finish an input event but the input event receiver has already been disposed.
W/InputManager(  483): Input event injection from pid 20778 failed.
W/InputManager(  483): Input event injection from pid 20778 failed.
W/InputManager(  483): Input event injection from pid 20778 failed.
W/ViewRootImpl(  538): Dropping event due to root view being removed: MotionEvent { action=ACTION_MOVE, id[0]=0, x[0]=875.0729, y[0]=13.586548, toolType[0]=TOOL_TYPE_UNKNOWN, buttonState=0, metaState=0, flags=0x0, edgeFlags=0x0, pointerCount=1, historySize=2, eventTime=12212789, downTime=12212788, deviceId=0, source=0x1002 }
W/ContextImpl(  483): Calling a method in the system process without a qualified user: android.app.ContextImpl.sendBroadcast:1123 com.android.server.InputMethodManagerService.hideCurrentInputLocked:1880 com.android.server.InputMethodManagerService.windowGainedFocus:1968 com.android.internal.view.IInputMethodManager$Stub.onTransact:221 com.android.server.InputMethodManagerService.onTransact:818 
I/ActivityManager(  483): START u0 {act=android.intent.action.MAIN cat=[android.intent.category.LAUNCHER] flg=0x10200000 cmp=com.esurance.app/.SplashScreen} from pid 20778
W/ViewRootImpl(20788): Dropping event due to no window focus: KeyEvent { action=ACTION_DOWN, keyCode=KEYCODE_BUTTON_MODE, scanCode=0, metaState=0, flags=0x8, repeatCount=0, eventTime=12213003, downTime=12213003, deviceId=-1, source=0x101 }
W/EGL_emulation(20788): eglSurfaceAttrib not implemented 3093 12436
W/ViewRootImpl(20788): Dropping event due to no window focus: KeyEvent { action=ACTION_DOWN, keyCode=KEYCODE_MENU, scanCode=0, metaState=0, flags=0x8, repeatCount=0, eventTime=12213003, downTime=12213003, deviceId=-1, source=0x101 }
W/InputMethodManagerService(  483): Window already focused, ignoring focus gain of: com.android.internal.view.IInputMethodClient$Stub$Proxy@4ae6a984 attribute=null, token = android.os.BinderProxy@4aafbf78
I/ActivityManager(  483): START u0 {cmp=com.esurance.app/.HomeActivity} from pid 20788
W/ActivityManager(  483): startActivity called from finishing ActivityRecord{4af63f34 u0 com.esurance.app/.SplashScreen t211 f}; forcing Intent.FLAG_ACTIVITY_NEW_TASK for: Intent { cmp=com.esurance.app/.HomeActivity }
W/ActivityManager(  483): Duplicate finish request for ActivityRecord{4af63f34 u0 com.esurance.app/.SplashScreen t211 f}
E/SurfaceFlinger(  163): glCheckFramebufferStatusOES error 36054
E/SurfaceFlinger(  163): got GL_FRAMEBUFFER_COMPLETE_OES error while taking screenshot
D/SurfaceFlinger(  163): setOrientation, mFbdev=0xb7da6050, mFbDev->setOrientation=0xb696ace0, orientation=3
I/gralloc_nox(  163): setOrientation: orientation=3
I/InputReader(  483): Reconfiguring input devices.  changes=0x00000004
I/InputReader(  483): Device reconfigured: id=1, name='seamless mouse', size 1280x720, orientation 3, mode 1, display id 0
I/InputReader(  483): Device reconfigured: id=3, name='Android Input', size 1280x720, orientation 3, mode 1, display id 0
I/InputReader(  483): Device reconfigured: id=8, name='VirtualBox USB Tablet', size 1280x720, orientation 3, mode 1, display id 0
D/Tinker.DefaultAppLike(  674): onConfigurationChanged:{1.0 310mcc16mnc en_US ldltr sw480dp w480dp h828dp 240dpi lrg long port finger qwerty/v/v dpad/v s.61}
I/ActivityManager(  483): Config changes=480 {1.0 310mcc16mnc en_US ldltr sw480dp w480dp h828dp 240dpi lrg long port finger qwerty/v/v dpad/v s.61}
D/PhoneStatusBar(  538): mSettingsPanelGravity = 55
D/Sensors (  483): Client connection accepted (190)
I/dalvikvm(20788): Could not find method com.esurance.common.BaseActivity.requestPermissions, referenced from method com.esurance.common.BaseActivity.doPermissionCheck
W/dalvikvm(20788): VFY: unable to resolve virtual method 27381: Lcom/esurance/common/BaseActivity;.requestPermissions ([Ljava/lang/String;I)V
D/dalvikvm(20788): VFY: replacing opcode 0x6e at 0x002c
I/dalvikvm(20788): Could not find method com.esurance.common.BaseActivity.requestPermissions, referenced from method com.esurance.common.BaseActivity.onPermissionExplanationRetry
W/dalvikvm(20788): VFY: unable to resolve virtual method 27381: Lcom/esurance/common/BaseActivity;.requestPermissions ([Ljava/lang/String;I)V
D/dalvikvm(20788): VFY: replacing opcode 0x6e at 0x0007
I/dalvikvm(20788): Could not find method com.esurance.common.BaseActivity.shouldShowRequestPermissionRationale, referenced from method com.esurance.common.BaseActivity.onRequestPermissionsResult
W/dalvikvm(20788): VFY: unable to resolve virtual method 27384: Lcom/esurance/common/BaseActivity;.shouldShowRequestPermissionRationale (Ljava/lang/String;)Z
D/dalvikvm(20788): VFY: replacing opcode 0x6e at 0x005b
D/dalvikvm(20788): GC_CONCURRENT freed 355K, 12% free 4250K/4776K, paused 1ms+1ms, total 4ms
W/dalvikvm(20788): VFY: unable to find class referenced in signature (Landroid/view/SearchEvent;)
I/dalvikvm(20788): Could not find method android.view.Window$Callback.onSearchRequested, referenced from method android.support.v7.view.WindowCallbackWrapper.onSearchRequested
W/dalvikvm(20788): VFY: unable to resolve interface method 20725: Landroid/view/Window$Callback;.onSearchRequested (Landroid/view/SearchEvent;)Z
D/dalvikvm(20788): VFY: replacing opcode 0x72 at 0x0002
I/dalvikvm(20788): Could not find method android.view.Window$Callback.onWindowStartingActionMode, referenced from method android.support.v7.view.WindowCallbackWrapper.onWindowStartingActionMode
W/dalvikvm(20788): VFY: unable to resolve interface method 20729: Landroid/view/Window$Callback;.onWindowStartingActionMode (Landroid/view/ActionMode$Callback;I)Landroid/view/ActionMode;
D/dalvikvm(20788): VFY: replacing opcode 0x72 at 0x0002
I/AppCompatViewInflater(20788): app:theme is now deprecated. Please move to using android:theme instead.
D/yeshen  (  674): launcher onstop
W/DebugConnManager(  674): getNetworkInfo() on networkType 1
I/dalvikvm(20788): Could not find method android.content.res.TypedArray.getChangingConfigurations, referenced from method android.support.v7.widget.TintTypedArray.getChangingConfigurations
W/dalvikvm(20788): VFY: unable to resolve virtual method 717: Landroid/content/res/TypedArray;.getChangingConfigurations ()I
D/dalvikvm(20788): VFY: replacing opcode 0x6e at 0x0002
I/dalvikvm(20788): Could not find method android.content.res.TypedArray.getType, referenced from method android.support.v7.widget.TintTypedArray.getType
W/dalvikvm(20788): VFY: unable to resolve virtual method 739: Landroid/content/res/TypedArray;.getType (I)I
D/dalvikvm(20788): VFY: replacing opcode 0x6e at 0x0002
I/dalvikvm(20788): Could not find method android.content.res.Resources.getDrawable, referenced from method android.support.v7.widget.ResourcesWrapper.getDrawable
W/dalvikvm(20788): VFY: unable to resolve virtual method 680: Landroid/content/res/Resources;.getDrawable (ILandroid/content/res/Resources$Theme;)Landroid/graphics/drawable/Drawable;
D/dalvikvm(20788): VFY: replacing opcode 0x6e at 0x0002
I/dalvikvm(20788): Could not find method android.content.res.Resources.getDrawableForDensity, referenced from method android.support.v7.widget.ResourcesWrapper.getDrawableForDensity
W/dalvikvm(20788): VFY: unable to resolve virtual method 682: Landroid/content/res/Resources;.getDrawableForDensity (IILandroid/content/res/Resources$Theme;)Landroid/graphics/drawable/Drawable;
D/dalvikvm(20788): VFY: replacing opcode 0x6e at 0x0002
D/FirebaseApp(  674): Notifying background state change listeners.
D/Tinker.DefaultAppLike(  674): onTrimMemory level:20
D/dalvikvm(20788): GC_CONCURRENT freed 138K, 7% free 4514K/4844K, paused 1ms+1ms, total 4ms
D/dalvikvm(20788): WAIT_FOR_CONCURRENT_GC blocked 2ms
I/AppCompatViewInflater(20788): app:theme is now deprecated. Please move to using android:theme instead.
W/EGL_emulation(  538): eglSurfaceAttrib not implemented 3093 12436
I/System.out(20788): body:<com.android.volley.toolbox.HurlStack: org.apache.http.HttpResponse performRequest(com.android.volley.Request,java.util.Map)>	sig:specialinvoke $r5.<java.net.URL: void <init>(java.lang.String)>($r9)	timediff:0
I/System.out(20788): <com.android.volley.toolbox.HurlStack: org.apache.http.HttpResponse performRequest(com.android.volley.Request,java.util.Map)>###specialinvoke $r5.<java.net.URL: void <init>(java.lang.String)>($r9)###https://mapps.esurance.com/Esurance.mobile.services/VoiceNavigation/GetStatus
I/System.out(20788): body:<com.android.volley.toolbox.HurlStack: java.net.HttpURLConnection createConnection(java.net.URL)>	sig:$r2 = virtualinvoke $r1.<java.net.URL: java.net.URLConnection openConnection()>()	timediff:0
I/System.out(20788): body:<com.android.volley.toolbox.HurlStack: java.net.HttpURLConnection openConnection(java.net.URL,com.android.volley.Request)>	sig:virtualinvoke $r3.<java.net.HttpURLConnection: void setConnectTimeout(int)>($i0)	timediff:0
I/System.out(20788): body:<com.android.volley.toolbox.HurlStack: java.net.HttpURLConnection openConnection(java.net.URL,com.android.volley.Request)>	sig:virtualinvoke $r3.<java.net.HttpURLConnection: void setReadTimeout(int)>($i0)	timediff:0
I/System.out(20788): body:<com.android.volley.toolbox.HurlStack: java.net.HttpURLConnection openConnection(java.net.URL,com.android.volley.Request)>	sig:virtualinvoke $r3.<java.net.HttpURLConnection: void setUseCaches(boolean)>(0)	timediff:0
I/System.out(20788): body:<com.android.volley.toolbox.HurlStack: java.net.HttpURLConnection openConnection(java.net.URL,com.android.volley.Request)>	sig:virtualinvoke $r3.<java.net.HttpURLConnection: void setDoInput(boolean)>(1)	timediff:0
I/System.out(20788): body:<com.android.volley.toolbox.HurlStack: java.net.HttpURLConnection openConnection(java.net.URL,com.android.volley.Request)>	sig:$r5 = virtualinvoke $r1.<java.net.URL: java.lang.String getProtocol()>()	timediff:0
I/System.out(20788): body:<com.android.volley.toolbox.HurlStack: org.apache.http.HttpResponse performRequest(com.android.volley.Request,java.util.Map)>	sig:virtualinvoke $r15.<java.net.HttpURLConnection: void addRequestProperty(java.lang.String,java.lang.String)>($r11, $r9)	timediff:0
I/System.out(20788): body:<com.android.volley.toolbox.HurlStack: org.apache.http.HttpResponse performRequest(com.android.volley.Request,java.util.Map)>	sig:virtualinvoke $r15.<java.net.HttpURLConnection: void addRequestProperty(java.lang.String,java.lang.String)>($r11, $r9)	timediff:0
I/System.out(20788): body:<com.android.volley.toolbox.HurlStack: void setConnectionParametersForRequest(java.net.HttpURLConnection,com.android.volley.Request)>	sig:virtualinvoke $r0.<java.net.HttpURLConnection: void setRequestMethod(java.lang.String)>("GET")	timediff:0
I/qtaguid (20788): Tagging socket 46 with tag f2284a5c00000000(-232240548) for uid -1 failed errno=-13
I/NetworkManagementSocketTagger(20788): tagSocketFd(46, -232240548, -1) failed with errno-13
I/DaoManager(20788): Loaded configuration for class com.esurance.models.Driver
I/DaoManager(20788): Loaded configuration for class com.esurance.models.SavedAccident
I/DaoManager(20788): Loaded configuration for class com.esurance.models.SavedAccident$SelectedPhoto
I/DaoManager(20788): Loaded configuration for class com.esurance.models.StoreIDCard
I/DaoManager(20788): Loaded configuration for class com.esurance.models.VehicleIdCard
I/DaoManager(20788): Loaded configuration for class com.esurance.voicenavigation.VoiceNavigationModels$VoiceKeywordTierType2
I/DaoManager(20788): Loaded configuration for class com.esurance.voicenavigation.VoiceNavigationModels$VoiceKeywordTierType1
I/DaoManager(20788): Loaded configuration for class com.esurance.voicenavigation.VoiceNavigationModels$VoiceKeywordNavigationMapping
I/DaoManager(20788): Loaded configuration for class com.esurance.voicenavigation.VoiceNavigationModels$VoiceKeywordNavigationType
D/dalvikvm(20788): GC_CONCURRENT freed 289K, 8% free 4716K/5092K, paused 0ms+3ms, total 7ms
I/System.out(20788): body:<com.android.volley.toolbox.HurlStack: org.apache.http.HttpResponse performRequest(com.android.volley.Request,java.util.Map)>	sig:specialinvoke $r5.<java.net.URL: void <init>(java.lang.String)>($r9)	timediff:0
I/System.out(20788): <com.android.volley.toolbox.HurlStack: org.apache.http.HttpResponse performRequest(com.android.volley.Request,java.util.Map)>###specialinvoke $r5.<java.net.URL: void <init>(java.lang.String)>($r9)###https://mapps.esurance.com/Esurance.mobile.services/Notification/GetMobileNotificationInfo/APA91bHHMEhBcUxb-mS0zi9N5f18pwYdz1havbZrxMlldqFNmQZn5Vhb-WlVh0usefgX77NwRuOcnoSarjk_8kOysFwLw7nbZ1bSk1phZs6lqBULA5_xKyoAR3g_gafyj2rr_mqMUZ_D
I/System.out(20788): body:<com.android.volley.toolbox.HurlStack: java.net.HttpURLConnection createConnection(java.net.URL)>	sig:$r2 = virtualinvoke $r1.<java.net.URL: java.net.URLConnection openConnection()>()	timediff:0
I/System.out(20788): body:<com.android.volley.toolbox.HurlStack: java.net.HttpURLConnection openConnection(java.net.URL,com.android.volley.Request)>	sig:virtualinvoke $r3.<java.net.HttpURLConnection: void setConnectTimeout(int)>($i0)	timediff:0
I/System.out(20788): body:<com.android.volley.toolbox.HurlStack: java.net.HttpURLConnection openConnection(java.net.URL,com.android.volley.Request)>	sig:virtualinvoke $r3.<java.net.HttpURLConnection: void setReadTimeout(int)>($i0)	timediff:0
I/System.out(20788): body:<com.android.volley.toolbox.HurlStack: java.net.HttpURLConnection openConnection(java.net.URL,com.android.volley.Request)>	sig:virtualinvoke $r3.<java.net.HttpURLConnection: void setUseCaches(boolean)>(0)	timediff:0
I/System.out(20788): body:<com.android.volley.toolbox.HurlStack: java.net.HttpURLConnection openConnection(java.net.URL,com.android.volley.Request)>	sig:virtualinvoke $r3.<java.net.HttpURLConnection: void setDoInput(boolean)>(1)	timediff:0
I/System.out(20788): body:<com.android.volley.toolbox.HurlStack: java.net.HttpURLConnection openConnection(java.net.URL,com.android.volley.Request)>	sig:$r5 = virtualinvoke $r1.<java.net.URL: java.lang.String getProtocol()>()	timediff:0
I/System.out(20788): body:<com.android.volley.toolbox.HurlStack: org.apache.http.HttpResponse performRequest(com.android.volley.Request,java.util.Map)>	sig:virtualinvoke $r15.<java.net.HttpURLConnection: void addRequestProperty(java.lang.String,java.lang.String)>($r11, $r9)	timediff:0
I/System.out(20788): body:<com.android.volley.toolbox.HurlStack: org.apache.http.HttpResponse performRequest(com.android.volley.Request,java.util.Map)>	sig:virtualinvoke $r15.<java.net.HttpURLConnection: void addRequestProperty(java.lang.String,java.lang.String)>($r11, $r9)	timediff:0
I/System.out(20788): body:<com.android.volley.toolbox.HurlStack: void setConnectionParametersForRequest(java.net.HttpURLConnection,com.android.volley.Request)>	sig:virtualinvoke $r0.<java.net.HttpURLConnection: void setRequestMethod(java.lang.String)>("GET")	timediff:0
I/qtaguid (20788): Tagging socket 49 with tag f2284a5c00000000(-232240548) for uid -1 failed errno=-13
I/NetworkManagementSocketTagger(20788): tagSocketFd(49, -232240548, -1) failed with errno-13
I/qtaguid (20788): Tagging socket 59 with tag f2284a5c00000000(-232240548) for uid -1 failed errno=-13
I/NetworkManagementSocketTagger(20788): tagSocketFd(59, -232240548, -1) failed with errno-13
I/System.out(20788): body:<com.android.volley.toolbox.HurlStack: org.apache.http.HttpResponse performRequest(com.android.volley.Request,java.util.Map)>	sig:$i0 = virtualinvoke $r15.<java.net.HttpURLConnection: int getResponseCode()>()	timediff:33
I/System.out(20788): body:<com.android.volley.toolbox.HurlStack: org.apache.http.HttpResponse performRequest(com.android.volley.Request,java.util.Map)>	sig:$i0 = virtualinvoke $r15.<java.net.HttpURLConnection: int getResponseCode()>()	timediff:0
I/System.out(20788): body:<com.android.volley.toolbox.HurlStack: org.apache.http.HttpResponse performRequest(com.android.volley.Request,java.util.Map)>	sig:$r11 = virtualinvoke $r15.<java.net.HttpURLConnection: java.lang.String getResponseMessage()>()	timediff:0
I/System.out(20788): body:<com.android.volley.toolbox.HurlStack: org.apache.http.HttpEntity entityFromConnection(java.net.HttpURLConnection)>	sig:$r2 = virtualinvoke $r0.<java.net.HttpURLConnection: java.io.InputStream getInputStream()>()	timediff:0
I/System.out(20788): body:<empirical.HelperClass: void printURLInfo(java.lang.String,java.lang.String,java.net.URLConnection)>	sig:$r0 = virtualinvoke urlConnection.<java.net.URLConnection: java.net.URL getURL()>()	timediff:0
I/System.out(20788): body:<empirical.HelperClass: void printURLInfo(java.lang.String,java.lang.String,java.net.URLConnection)>	sig:urlString = virtualinvoke $r0.<java.net.URL: java.lang.String toString()>()	timediff:0
I/System.out(20788): body:<empirical.HelperClass: void printURLInfo(java.lang.String,java.lang.String,java.net.URLConnection)>	sig:isDoOutput = virtualinvoke urlConnection.<java.net.URLConnection: boolean getDoOutput()>()	timediff:0
I/System.out(20788): body:<empirical.HelperClass: java.lang.String getHeaderField(java.net.URLConnection,java.lang.String)>	sig:data = virtualinvoke conn.<java.net.URLConnection: java.lang.String getHeaderField(java.lang.String)>(field)	timediff:0
I/System.out(20788): body:<empirical.HelperClass: java.lang.String getHeaderField(java.net.URLConnection,java.lang.String)>	sig:data = virtualinvoke conn.<java.net.URLConnection: java.lang.String getHeaderField(java.lang.String)>(field)	timediff:0
I/System.out(20788): body:<empirical.HelperClass: java.lang.String getHeaderField(java.net.URLConnection,java.lang.String)>	sig:data = virtualinvoke conn.<java.net.URLConnection: java.lang.String getHeaderField(java.lang.String)>(field)	timediff:0
I/System.out(20788): body:<empirical.HelperClass: java.lang.String getHeaderField(java.net.URLConnection,java.lang.String)>	sig:data = virtualinvoke conn.<java.net.URLConnection: java.lang.String getHeaderField(java.lang.String)>(field)	timediff:0
I/System.out(20788): body:<empirical.HelperClass: java.lang.String getHeaderField(java.net.URLConnection,java.lang.String)>	sig:data = virtualinvoke conn.<java.net.URLConnection: java.lang.String getHeaderField(java.lang.String)>(field)	timediff:0
I/System.out(20788): URLConn;%;3;%;<com.android.volley.toolbox.HurlStack: org.apache.http.HttpEntity entityFromConnection(java.net.HttpURLConnection)>;%;$r2 = virtualinvoke $r0.<java.net.HttpURLConnection: java.io.InputStream getInputStream()>();%;https://mapps.esurance.com/Esurance.mobile.services/VoiceNavigation/GetStatus;%;false;%;80;%;no-cache,no-cache, no-store, must-revalidate;%;-1,0;%;Not found;%;Not found
I/System.out(20788): body:<com.android.volley.toolbox.HurlStack: org.apache.http.HttpEntity entityFromConnection(java.net.HttpURLConnection)>	sig:$i1 = virtualinvoke $r0.<java.net.HttpURLConnection: int getContentLength()>()	timediff:0
I/System.out(20788): body:<com.android.volley.toolbox.HurlStack: org.apache.http.HttpEntity entityFromConnection(java.net.HttpURLConnection)>	sig:$r4 = virtualinvoke $r0.<java.net.HttpURLConnection: java.lang.String getContentEncoding()>()	timediff:0
I/System.out(20788): body:<com.android.volley.toolbox.HurlStack: org.apache.http.HttpEntity entityFromConnection(java.net.HttpURLConnection)>	sig:$r4 = virtualinvoke $r0.<java.net.HttpURLConnection: java.lang.String getContentType()>()	timediff:0
I/System.out(20788): body:<com.android.volley.toolbox.HurlStack: org.apache.http.HttpResponse performRequest(com.android.volley.Request,java.util.Map)>	sig:$r12 = virtualinvoke $r15.<java.net.HttpURLConnection: java.util.Map getHeaderFields()>()	timediff:0
I/qtaguid (20788): Untagging socket 46 failed errno=-13
W/NetworkManagementSocketTagger(20788): untagSocket(46) failed with errno -13
I/dalvikvm(20788): Could not find method android.widget.CompoundButton.drawableHotspotChanged, referenced from method android.support.v7.widget.SwitchCompat.drawableHotspotChanged
W/dalvikvm(20788): VFY: unable to resolve virtual method 21146: Landroid/widget/CompoundButton;.drawableHotspotChanged (FF)V
D/dalvikvm(20788): VFY: replacing opcode 0x6f at 0x0006
D/dalvikvm(20788): GC_CONCURRENT freed 307K, 8% free 4940K/5340K, paused 2ms+0ms, total 4ms
I/com.esurance.common.DatabaseHelper(20788): onCreate
I/TableUtils(20788): creating table 'storeidcards'
I/TableUtils(20788): executed create table statement changed 1 rows: CREATE TABLE `storeidcards` (`id` INTEGER PRIMARY KEY AUTOINCREMENT , `PolicyId` VARCHAR , `EffectiveDate` VARCHAR , `ExpirationDate` VARCHAR , `PolicyState` VARCHAR , `HolderFirstName` VARCHAR , `HolderLastName` VARCHAR , `Street` VARCHAR , `HolderCity` VARCHAR , `HolderState` VARCHAR , `HolderZip` VARCHAR , `HolderGender` VARCHAR , `HolderBirthDate` VARCHAR , `AccountId` VARCHAR , `PolicyNumber` VARCHAR , `Disclaimer` VARCHAR , `NonOfficialDisclaimer` VARCHAR , `LOB` INTEGER , `PolicyStatusId` VARCHAR , `PolicyStatus` VARCHAR , `StateCd` VARCHAR ) 
I/TableUtils(20788): creating table 'vehicles'
I/TableUtils(20788): executed create table statement changed 1 rows: CREATE TABLE `vehicles` (`id` INTEGER PRIMARY KEY AUTOINCREMENT , `PolicyId` INTEGER , `VehicleId` INTEGER , `ModelYear` INTEGER , `SequenceNumber` INTEGER , `VIN` VARCHAR , `MakeDesc` VARCHAR , `ModelDesc` VARCHAR , `BodyStyleDesc` VARCHAR , `ValidBit` VARCHAR , `storeidcard_id` INTEGER ) 
I/TableUtils(20788): creating table 'drivers'
I/TableUtils(20788): executed create table statement changed 1 rows: CREATE TABLE `drivers` (`id` INTEGER PRIMARY KEY AUTOINCREMENT , `PartyId` INTEGER , `SequenceNumber` INTEGER , `FirstName` VARCHAR , `MiddleInitial` VARCHAR , `LastName` VARCHAR , `storeidcard_id` INTEGER ) 
I/TableUtils(20788): creating table 'savedaccidents'
I/TableUtils(20788): executed create table statement changed 1 rows: CREATE TABLE `savedaccidents` (`id` INTEGER PRIMARY KEY AUTOINCREMENT , `userLoggedIn` SMALLINT , `policy_id` VARCHAR , `incidentDate` VARCHAR , `incidentLocationStreet` VARCHAR , `incidentLocationCity` VARCHAR , `incidentLocationState` VARCHAR , `incidentLocationZIP` VARCHAR , `whatHappened` VARCHAR , `involvedVehicle` VARCHAR , `involvedDriver` VARCHAR , `additionalComments` VARCHAR , `additionalDriverFirstName` VARCHAR , `additionalDriverLastName` VARCHAR , `additionalDriverPhonNumber` VARCHAR , `additionalVehicleYear` VARCHAR , `additionalVehicleState` VARCHAR , `additionalVehicleMake` VARCHAR , `additionalVehicleModel` VARCHAR , `additionalVehicleLPN` VARCHAR , `additionalSelectedEmail` VARCHAR , `lastModifiedDate` VARCHAR ) 
I/TableUtils(20788): creating table 'selectedphotos'
I/TableUtils(20788): executed create table statement changed 1 rows: CREATE TABLE `selectedphotos` (`id` INTEGER PRIMARY KEY AUTOINCREMENT , `photoName` VARCHAR , `photoBase64` VARCHAR , `savedaccident_id` INTEGER ) 
I/TableUtils(20788): creating table 'tier1'
I/TableUtils(20788): executed create table statement changed 1 rows: CREATE TABLE `tier1` (`id` INTEGER PRIMARY KEY AUTOINCREMENT , `keyword_tier_type_id` VARCHAR , `tier_id` VARCHAR , `keyword_desc` VARCHAR , `valid_bit` VARCHAR ) 
I/TableUtils(20788): creating table 'tier2'
I/TableUtils(20788): executed create table statement changed 1 rows: CREATE TABLE `tier2` (`id` INTEGER PRIMARY KEY AUTOINCREMENT , `keyword_tier_type_id` VARCHAR , `tier_id` VARCHAR , `keyword_desc` VARCHAR , `valid_bit` VARCHAR ) 
I/TableUtils(20788): creating table 'type'
I/TableUtils(20788): executed create table statement changed 1 rows: CREATE TABLE `type` (`id` INTEGER PRIMARY KEY AUTOINCREMENT , `keyword_navigation_type_id` VARCHAR , `navigation_desc` VARCHAR , `valid_bit` VARCHAR ) 
I/TableUtils(20788): creating table 'mapping'
I/TableUtils(20788): executed create table statement changed 1 rows: CREATE TABLE `mapping` (`id` INTEGER PRIMARY KEY AUTOINCREMENT , `keyword_navigation_mapping_id` VARCHAR , `keyword_navigation_type_id` VARCHAR , `keyword_tier_type_id` VARCHAR , `keyword_tier_type_id_2` VARCHAR , `valid_bit` VARCHAR ) 
W/DebugConnManager(20788): getNetworkInfo() on networkType 1
W/DebugConnManager(20788): getNetworkInfo() on networkType 0
D/dalvikvm(20788): GC_CONCURRENT freed 575K, 12% free 4968K/5628K, paused 2ms+2ms, total 9ms
W/ActionBarDrawerToggle(20788): DrawerToggle may not show up because NavigationIcon is not visible. You may need to call actionbar.setDisplayHomeAsUpEnabled(true);
I/System.out(20788): body:<com.android.volley.toolbox.HurlStack: org.apache.http.HttpResponse performRequest(com.android.volley.Request,java.util.Map)>	sig:$i0 = virtualinvoke $r15.<java.net.HttpURLConnection: int getResponseCode()>()	timediff:77
I/System.out(20788): body:<com.android.volley.toolbox.HurlStack: org.apache.http.HttpResponse performRequest(com.android.volley.Request,java.util.Map)>	sig:$i0 = virtualinvoke $r15.<java.net.HttpURLConnection: int getResponseCode()>()	timediff:0
I/System.out(20788): body:<com.android.volley.toolbox.HurlStack: org.apache.http.HttpResponse performRequest(com.android.volley.Request,java.util.Map)>	sig:$r11 = virtualinvoke $r15.<java.net.HttpURLConnection: java.lang.String getResponseMessage()>()	timediff:0
I/System.out(20788): body:<com.android.volley.toolbox.HurlStack: org.apache.http.HttpEntity entityFromConnection(java.net.HttpURLConnection)>	sig:$r2 = virtualinvoke $r0.<java.net.HttpURLConnection: java.io.InputStream getInputStream()>()	timediff:0
I/System.out(20788): body:<empirical.HelperClass: void printURLInfo(java.lang.String,java.lang.String,java.net.URLConnection)>	sig:$r0 = virtualinvoke urlConnection.<java.net.URLConnection: java.net.URL getURL()>()	timediff:0
I/System.out(20788): body:<empirical.HelperClass: void printURLInfo(java.lang.String,java.lang.String,java.net.URLConnection)>	sig:urlString = virtualinvoke $r0.<java.net.URL: java.lang.String toString()>()	timediff:0
I/System.out(20788): body:<empirical.HelperClass: void printURLInfo(java.lang.String,java.lang.String,java.net.URLConnection)>	sig:isDoOutput = virtualinvoke urlConnection.<java.net.URLConnection: boolean getDoOutput()>()	timediff:0
I/System.out(20788): body:<empirical.HelperClass: java.lang.String getHeaderField(java.net.URLConnection,java.lang.String)>	sig:data = virtualinvoke conn.<java.net.URLConnection: java.lang.String getHeaderField(java.lang.String)>(field)	timediff:0
I/System.out(20788): body:<empirical.HelperClass: java.lang.String getHeaderField(java.net.URLConnection,java.lang.String)>	sig:data = virtualinvoke conn.<java.net.URLConnection: java.lang.String getHeaderField(java.lang.String)>(field)	timediff:0
I/System.out(20788): body:<empirical.HelperClass: java.lang.String getHeaderField(java.net.URLConnection,java.lang.String)>	sig:data = virtualinvoke conn.<java.net.URLConnection: java.lang.String getHeaderField(java.lang.String)>(field)	timediff:0
I/System.out(20788): body:<empirical.HelperClass: java.lang.String getHeaderField(java.net.URLConnection,java.lang.String)>	sig:data = virtualinvoke conn.<java.net.URLConnection: java.lang.String getHeaderField(java.lang.String)>(field)	timediff:0
I/System.out(20788): body:<empirical.HelperClass: java.lang.String getHeaderField(java.net.URLConnection,java.lang.String)>	sig:data = virtualinvoke conn.<java.net.URLConnection: java.lang.String getHeaderField(java.lang.String)>(field)	timediff:0
I/System.out(20788): URLConn;%;4;%;<com.android.volley.toolbox.HurlStack: org.apache.http.HttpEntity entityFromConnection(java.net.HttpURLConnection)>;%;$r2 = virtualinvoke $r0.<java.net.HttpURLConnection: java.io.InputStream getInputStream()>();%;https://mapps.esurance.com/Esurance.mobile.services/Notification/GetMobileNotificationInfo/APA91bHHMEhBcUxb-mS0zi9N5f18pwYdz1havbZrxMlldqFNmQZn5Vhb-WlVh0usefgX77NwRuOcnoSarjk_8kOysFwLw7nbZ1bSk1phZs6lqBULA5_xKyoAR3g_gafyj2rr_mqMUZ_D;%;false;%;2;%;no-cache,no-cache, no-store, must-revalidate;%;-1,0;%;Not found;%;Not found
I/System.out(20788): body:<com.android.volley.toolbox.HurlStack: org.apache.http.HttpEntity entityFromConnection(java.net.HttpURLConnection)>	sig:$i1 = virtualinvoke $r0.<java.net.HttpURLConnection: int getContentLength()>()	timediff:0
I/System.out(20788): body:<com.android.volley.toolbox.HurlStack: org.apache.http.HttpEntity entityFromConnection(java.net.HttpURLConnection)>	sig:$r4 = virtualinvoke $r0.<java.net.HttpURLConnection: java.lang.String getContentEncoding()>()	timediff:0
I/System.out(20788): body:<com.android.volley.toolbox.HurlStack: org.apache.http.HttpEntity entityFromConnection(java.net.HttpURLConnection)>	sig:$r4 = virtualinvoke $r0.<java.net.HttpURLConnection: java.lang.String getContentType()>()	timediff:0
I/System.out(20788): body:<com.android.volley.toolbox.HurlStack: org.apache.http.HttpResponse performRequest(com.android.volley.Request,java.util.Map)>	sig:$r12 = virtualinvoke $r15.<java.net.HttpURLConnection: java.util.Map getHeaderFields()>()	timediff:0
I/qtaguid (20788): Untagging socket 49 failed errno=-13
W/NetworkManagementSocketTagger(20788): untagSocket(49) failed with errno -13
I/System.out(20788): body:<com.android.volley.toolbox.HurlStack: org.apache.http.HttpResponse performRequest(com.android.volley.Request,java.util.Map)>	sig:specialinvoke $r5.<java.net.URL: void <init>(java.lang.String)>($r9)	timediff:0
I/System.out(20788): <com.android.volley.toolbox.HurlStack: org.apache.http.HttpResponse performRequest(com.android.volley.Request,java.util.Map)>###specialinvoke $r5.<java.net.URL: void <init>(java.lang.String)>($r9)###https://mapps.esurance.com/Esurance.mobile.services/Tracking/SaveSessionWithVersion
I/System.out(20788): body:<com.android.volley.toolbox.HurlStack: java.net.HttpURLConnection createConnection(java.net.URL)>	sig:$r2 = virtualinvoke $r1.<java.net.URL: java.net.URLConnection openConnection()>()	timediff:0
I/System.out(20788): body:<com.android.volley.toolbox.HurlStack: java.net.HttpURLConnection openConnection(java.net.URL,com.android.volley.Request)>	sig:virtualinvoke $r3.<java.net.HttpURLConnection: void setConnectTimeout(int)>($i0)	timediff:0
I/System.out(20788): body:<com.android.volley.toolbox.HurlStack: java.net.HttpURLConnection openConnection(java.net.URL,com.android.volley.Request)>	sig:virtualinvoke $r3.<java.net.HttpURLConnection: void setReadTimeout(int)>($i0)	timediff:0
I/System.out(20788): body:<com.android.volley.toolbox.HurlStack: java.net.HttpURLConnection openConnection(java.net.URL,com.android.volley.Request)>	sig:virtualinvoke $r3.<java.net.HttpURLConnection: void setUseCaches(boolean)>(0)	timediff:0
I/System.out(20788): body:<com.android.volley.toolbox.HurlStack: java.net.HttpURLConnection openConnection(java.net.URL,com.android.volley.Request)>	sig:virtualinvoke $r3.<java.net.HttpURLConnection: void setDoInput(boolean)>(1)	timediff:0
I/System.out(20788): body:<com.android.volley.toolbox.HurlStack: java.net.HttpURLConnection openConnection(java.net.URL,com.android.volley.Request)>	sig:$r5 = virtualinvoke $r1.<java.net.URL: java.lang.String getProtocol()>()	timediff:0
I/System.out(20788): body:<com.android.volley.toolbox.HurlStack: org.apache.http.HttpResponse performRequest(com.android.volley.Request,java.util.Map)>	sig:virtualinvoke $r15.<java.net.HttpURLConnection: void addRequestProperty(java.lang.String,java.lang.String)>($r11, $r9)	timediff:0
I/System.out(20788): body:<com.android.volley.toolbox.HurlStack: org.apache.http.HttpResponse performRequest(com.android.volley.Request,java.util.Map)>	sig:virtualinvoke $r15.<java.net.HttpURLConnection: void addRequestProperty(java.lang.String,java.lang.String)>($r11, $r9)	timediff:0
I/System.out(20788): body:<com.android.volley.toolbox.HurlStack: void setConnectionParametersForRequest(java.net.HttpURLConnection,com.android.volley.Request)>	sig:virtualinvoke $r0.<java.net.HttpURLConnection: void setRequestMethod(java.lang.String)>("POST")	timediff:0
I/System.out(20788): body:<com.android.volley.toolbox.HurlStack: void addBodyIfExists(java.net.HttpURLConnection,com.android.volley.Request)>	sig:virtualinvoke $r0.<java.net.HttpURLConnection: void setDoOutput(boolean)>(1)	timediff:0
I/System.out(20788): body:<com.android.volley.toolbox.HurlStack: void addBodyIfExists(java.net.HttpURLConnection,com.android.volley.Request)>	sig:virtualinvoke $r0.<java.net.HttpURLConnection: void addRequestProperty(java.lang.String,java.lang.String)>("Content-Type", $r4)	timediff:0
I/qtaguid (20788): Tagging socket 46 with tag f2284a5c00000000(-232240548) for uid -1 failed errno=-13
I/NetworkManagementSocketTagger(20788): tagSocketFd(46, -232240548, -1) failed with errno-13
I/System.out(20788): body:<com.android.volley.toolbox.HurlStack: org.apache.http.HttpResponse performRequest(com.android.volley.Request,java.util.Map)>	sig:specialinvoke $r5.<java.net.URL: void <init>(java.lang.String)>($r9)	timediff:0
I/System.out(20788): <com.android.volley.toolbox.HurlStack: org.apache.http.HttpResponse performRequest(com.android.volley.Request,java.util.Map)>###specialinvoke $r5.<java.net.URL: void <init>(java.lang.String)>($r9)###https://mapps.esurance.com/Esurance.mobile.services/Login/Version
I/System.out(20788): body:<com.android.volley.toolbox.HurlStack: java.net.HttpURLConnection createConnection(java.net.URL)>	sig:$r2 = virtualinvoke $r1.<java.net.URL: java.net.URLConnection openConnection()>()	timediff:0
I/System.out(20788): body:<com.android.volley.toolbox.HurlStack: java.net.HttpURLConnection openConnection(java.net.URL,com.android.volley.Request)>	sig:virtualinvoke $r3.<java.net.HttpURLConnection: void setConnectTimeout(int)>($i0)	timediff:0
I/System.out(20788): body:<com.android.volley.toolbox.HurlStack: java.net.HttpURLConnection openConnection(java.net.URL,com.android.volley.Request)>	sig:virtualinvoke $r3.<java.net.HttpURLConnection: void setReadTimeout(int)>($i0)	timediff:0
I/System.out(20788): body:<com.android.volley.toolbox.HurlStack: java.net.HttpURLConnection openConnection(java.net.URL,com.android.volley.Request)>	sig:virtualinvoke $r3.<java.net.HttpURLConnection: void setUseCaches(boolean)>(0)	timediff:0
