--------- beginning of /dev/log/main
I/Icing   (  714): Indexing F4FAA6262FE39DDD50BAE6B7AF5CDB8D73BA0DB0 from com.google.android.gms
I/Icing   (  714): Indexing done F4FAA6262FE39DDD50BAE6B7AF5CDB8D73BA0DB0
D/AndroidRuntime(24214): 
D/AndroidRuntime(24214): >>>>>> AndroidRuntime START com.android.internal.os.RuntimeInit <<<<<<
D/AndroidRuntime(24214): CheckJNI is OFF
D/dalvikvm(24214): Using executionMode 2
D/dalvikvm(24214): Trying to load lib libjavacore.so 0x0
D/dalvikvm(24214): Added shared lib libjavacore.so 0x0
D/dalvikvm(24214): Trying to load lib libnativehelper.so 0x0
D/dalvikvm(24214): Added shared lib libnativehelper.so 0x0
D/dalvikvm(24214): No JNI_OnLoad found in libnativehelper.so 0x0, skipping init
D/dalvikvm(24214): Note: class Landroid/app/ActivityManagerNative; has 179 unimplemented (abstract) methods
E/memtrack(24214): Couldn't load memtrack module (No such file or directory)
E/android.os.Debug(24214): failed to load memtrack module: -2
D/AndroidRuntime(24214): Calling main entry com.android.commands.monkey.Monkey
--------- beginning of /dev/log/system
W/BroadcastQueue(  483): Skipping deliver [background] BroadcastRecord{4ae66c54 u-1 android.net.conn.CONNECTIVITY_CHANGE} to ReceiverList{4af0468c 24214 (unknown name)/0/u-1 remote:4a9902f4}: process crashing
I/ActivityManager(  483): START u0 {act=android.intent.action.MAIN cat=[android.intent.category.LAUNCHER] flg=0x10200000 cmp=com.mtb.mbanking.sc.retail.prod/com.mnt.mobilebanking.controllers.activities.SplashActivity} from pid 24214
I/ActivityManager(  483): Start proc com.mtb.mbanking.sc.retail.prod for activity com.mtb.mbanking.sc.retail.prod/com.mnt.mobilebanking.controllers.activities.SplashActivity: pid=24224 uid=10084 gids={50084, 3003, 3002, 1028, 1015, 1023}
W/NetworkManagementSocketTagger(  483): setKernelCountSet(10084, 1) failed with errno -13
W/NetworkManagementSocketTagger(  483): setKernelCountSet(10012, 0) failed with errno -13
I/dalvikvm(24224): ignoring registerObject request in thread=1
I/dalvikvm(24224): ignoring registerObject request in thread=1
I/MultiDex(24224): VM with version 1.6.0 does not have multidex support
I/MultiDex(24224): install
I/MultiDex(24224): MultiDexExtractor.load(/data/app/com.mtb.mbanking.sc.retail.prod-1.apk, false)
I/MultiDex(24224): Detected that extraction must be performed.
I/Finsky  ( 1039): [1] com.google.android.finsky.ch.a.onTrimMemory(5): Memory trim requested to level 20
I/Finsky  ( 1039): [1] com.google.android.finsky.ch.a.onTrimMemory(11): Flushing in-memory image cache
D/dalvikvm(24224): JIT code cache reset in 0 ms (0 bytes 1/0)
D/dalvikvm(24224): GC_CONCURRENT freed 140K, 7% free 3033K/3260K, paused 1ms+1ms, total 4ms
I/MultiDex(24224): load found 0 secondary dex files
I/MultiDex(24224): install done
I/MultiDex(24224): install
W/com.worklight.common.a(24224): com.worklight.common.a.setContext(Context) must be called to fully enable debug log capture.  Currently, the 'capture' flag is set but the 'context' field is not.  This warning will only be printed once.
D/dalvikvm( 1039): GC_CONCURRENT freed 2029K, 24% free 6927K/9044K, paused 0ms+7ms, total 23ms
D/dalvikvm(24224): GC_CONCURRENT freed 216K, 9% free 3216K/3528K, paused 2ms+0ms, total 4ms
I/dalvikvm(24224): Could not find method android.content.Context.getNoBackupFilesDir, referenced from method com.worklight.b.a.a.b
W/dalvikvm(24224): VFY: unable to resolve virtual method 306: Landroid/content/Context;.getNoBackupFilesDir ()Ljava/io/File;
D/dalvikvm(24224): VFY: replacing opcode 0x6e at 0x000b
W/dalvikvm(24224): VFY: unable to find class referenced in signature (Lokhttp3/Request;)
W/dalvikvm(24224): VFY: unable to find class referenced in signature (Lokhttp3/Response;)
I/dalvikvm(24224): Could not find method okhttp3.Response.headers, referenced from method empirical.HelperClass.printOkHttpInfo
W/dalvikvm(24224): VFY: unable to resolve virtual method 37422: Lokhttp3/Response;.headers ()Lokhttp3/Headers;
D/dalvikvm(24224): VFY: replacing opcode 0x6e at 0x0006
W/dalvikvm(24224): VFY: unable to find class referenced in signature (Lokhttp3/Call;)
W/dalvikvm(24224): VFY: unable to find class referenced in signature (Lokhttp3/Response;)
I/dalvikvm(24224): Could not find method okhttp3.Call.request, referenced from method empirical.HelperClass.printOkHttpInfoFromCall
W/dalvikvm(24224): VFY: unable to resolve interface method 37416: Lokhttp3/Call;.request ()Lokhttp3/Request;
D/dalvikvm(24224): VFY: replacing opcode 0x72 at 0x0006
I/System.out(24224): body:<com.worklight.common.l: java.lang.String j()>	sig:specialinvoke $r1.<java.net.URL: void <init>(java.lang.String)>($r2)	timediff:0
I/System.out(24224): <com.worklight.common.l: java.lang.String j()>###specialinvoke $r1.<java.net.URL: void <init>(java.lang.String)>($r2)###https://mfp.mtb.com/MFPNativeApps
I/System.out(24224): body:<com.worklight.common.l: java.lang.String j()>	sig:$r2 = virtualinvoke $r1.<java.net.URL: java.lang.String getProtocol()>()	timediff:0
I/System.out(24224): body:<com.worklight.common.l: java.lang.String l()>	sig:specialinvoke $r1.<java.net.URL: void <init>(java.lang.String)>($r2)	timediff:0
I/System.out(24224): <com.worklight.common.l: java.lang.String l()>###specialinvoke $r1.<java.net.URL: void <init>(java.lang.String)>($r2)###https://mfp.mtb.com/MFPNativeApps
I/System.out(24224): body:<com.worklight.common.l: java.lang.String l()>	sig:$i0 = virtualinvoke $r1.<java.net.URL: int getPort()>()	timediff:0
W/dalvikvm(24224): VFY: unable to find class referenced in signature (Landroid/view/SearchEvent;)
I/dalvikvm(24224): Could not find method android.view.Window$Callback.onSearchRequested, referenced from method android.support.v7.view.m.onSearchRequested
W/dalvikvm(24224): VFY: unable to resolve interface method 12658: Landroid/view/Window$Callback;.onSearchRequested (Landroid/view/SearchEvent;)Z
D/dalvikvm(24224): VFY: replacing opcode 0x72 at 0x0002
I/dalvikvm(24224): Could not find method android.view.Window$Callback.onWindowStartingActionMode, referenced from method android.support.v7.view.m.onWindowStartingActionMode
W/dalvikvm(24224): VFY: unable to resolve interface method 12662: Landroid/view/Window$Callback;.onWindowStartingActionMode (Landroid/view/ActionMode$Callback;I)Landroid/view/ActionMode;
D/dalvikvm(24224): VFY: replacing opcode 0x72 at 0x0002
D/dalvikvm(24224): GC_CONCURRENT freed 643K, 20% free 2990K/3720K, paused 1ms+1ms, total 3ms
D/dalvikvm(24224): GC_FOR_ALLOC freed 5K, 20% free 2991K/3720K, paused 2ms, total 2ms
I/dalvikvm-heap(24224): Grow heap (frag case) to 4.972MB for 2067616-byte allocation
D/dalvikvm(24224): GC_FOR_ALLOC freed <1K, 13% free 5010K/5740K, paused 3ms, total 3ms
D/dalvikvm(24224): GC_CONCURRENT freed <1K, 13% free 5010K/5740K, paused 0ms+1ms, total 2ms
D/dalvikvm(24224): GC_FOR_ALLOC freed 5K, 13% free 5016K/5740K, paused 2ms, total 2ms
I/dalvikvm-heap(24224): Grow heap (frag case) to 5.151MB for 180952-byte allocation
D/dalvikvm(24224): GC_FOR_ALLOC freed <1K, 13% free 5192K/5920K, paused 2ms, total 2ms
W/Fonts   (24224): Can't create asset from res/drawable-hdpi/btn_plus_pressed.png. Make sure you have passed in the correct path and file name.
W/Fonts   (24224): java.lang.RuntimeException: native typeface cannot be made
W/Fonts   (24224): 	at android.graphics.Typeface.<init>(Typeface.java:175)
W/Fonts   (24224): 	at android.graphics.Typeface.createFromAsset(Typeface.java:149)
W/Fonts   (24224): 	at com.mnt.mobilebanking.l.a.o.a(dalvik_source_com.mtb.mbanking.sc.retail.prod.apk)
W/Fonts   (24224): 	at com.mnt.mobilebanking.l.a.j.a(dalvik_source_com.mtb.mbanking.sc.retail.prod.apk)
W/Fonts   (24224): 	at com.mnt.mobilebanking.l.a.j.a(dalvik_source_com.mtb.mbanking.sc.retail.prod.apk)
W/Fonts   (24224): 	at com.mnt.mobilebanking.l.a.a.b(dalvik_source_com.mtb.mbanking.sc.retail.prod.apk)
W/Fonts   (24224): 	at com.mnt.mobilebanking.l.a.a.a(dalvik_source_com.mtb.mbanking.sc.retail.prod.apk)
W/Fonts   (24224): 	at com.mnt.mobilebanking.l.a.i.onCreateView(dalvik_source_com.mtb.mbanking.sc.retail.prod.apk)
W/Fonts   (24224): 	at android.view.LayoutInflater.createViewFromTag(LayoutInflater.java:684)
W/Fonts   (24224): 	at android.view.LayoutInflater.rInflate(LayoutInflater.java:755)
W/Fonts   (24224): 	at android.view.LayoutInflater.inflate(LayoutInflater.java:492)
W/Fonts   (24224): 	at com.mnt.mobilebanking.l.a.f.inflate(dalvik_source_com.mtb.mbanking.sc.retail.prod.apk)
W/Fonts   (24224): 	at android.view.LayoutInflater.inflate(LayoutInflater.java:397)
W/Fonts   (24224): 	at android.view.LayoutInflater.inflate(LayoutInflater.java:353)
W/Fonts   (24224): 	at android.support.v7.app.af.a(dalvik_source_com.mtb.mbanking.sc.retail.prod.apk)
W/Fonts   (24224): 	at android.support.v7.app.AppCompatActivity.setContentView(dalvik_source_com.mtb.mbanking.sc.retail.prod.apk)
W/Fonts   (24224): 	at com.mnt.mobilebanking.controllers.activities.SplashActivity.onCreate(dalvik_source_com.mtb.mbanking.sc.retail.prod.apk)
W/Fonts   (24224): 	at android.app.Activity.performCreate(Activity.java:5231)
W/Fonts   (24224): 	at android.app.Instrumentation.callActivityOnCreate(Instrumentation.java:1104)
W/Fonts   (24224): 	at android.app.ActivityThread.performLaunchActivity(ActivityThread.java:2157)
W/Fonts   (24224): 	at android.app.ActivityThread.handleLaunchActivity(ActivityThread.java:2243)
W/Fonts   (24224): 	at android.app.ActivityThread.access$800(ActivityThread.java:135)
W/Fonts   (24224): 	at android.app.ActivityThread$H.handleMessage(ActivityThread.java:1196)
W/Fonts   (24224): 	at android.os.Handler.dispatchMessage(Handler.java:102)
W/Fonts   (24224): 	at android.os.Looper.loop(Looper.java:136)
W/Fonts   (24224): 	at android.app.ActivityThread.main(ActivityThread.java:5019)
W/Fonts   (24224): 	at java.lang.reflect.Method.invokeNative(Native Method)
W/Fonts   (24224): 	at java.lang.reflect.Method.invoke(Method.java:515)
W/Fonts   (24224): 	at com.android.internal.os.ZygoteInit$MethodAndArgsCaller.run(ZygoteInit.java:779)
W/Fonts   (24224): 	at com.android.internal.os.ZygoteInit.main(ZygoteInit.java:595)
W/Fonts   (24224): 	at dalvik.system.NativeStart.main(Native Method)
I/System.out(24224): body:<com.mnt.mobilebanking.i.b: void a(java.lang.String)>	sig:specialinvoke $r2.<java.net.URI: void <init>(java.lang.String)>($r1)	timediff:0
I/System.out(24224): body:<com.worklight.wlclient.api.WLResourceRequest: java.net.URI a(java.net.URI)>	sig:$r8 = virtualinvoke $r1.<java.net.URI: java.lang.String toString()>()	timediff:0
I/System.out(24224): body:<com.worklight.wlclient.api.WLResourceRequest: void b(java.net.URI)>	sig:$r2 = virtualinvoke $r1.<java.net.URI: java.lang.String getScheme()>()	timediff:0
I/System.out(24224): body:<com.worklight.wlclient.api.WLResourceRequest: void b(java.net.URI)>	sig:$r5 = virtualinvoke $r1.<java.net.URI: java.lang.String toString()>()	timediff:0
I/System.out(24224): body:<com.worklight.wlclient.api.WLResourceRequest: void b(java.net.URI)>	sig:$r5 = virtualinvoke $r1.<java.net.URI: java.lang.String toString()>()	timediff:0
I/System.out(24224): body:<com.worklight.wlclient.api.WLResourceRequest: void b(java.net.URI)>	sig:specialinvoke $r7.<java.net.URL: void <init>(java.lang.String)>($r5)	timediff:0
I/System.out(24224): <com.worklight.wlclient.api.WLResourceRequest: void b(java.net.URI)>###specialinvoke $r7.<java.net.URL: void <init>(java.lang.String)>($r5)###https://mfp.mtb.com/MFPNativeApps/apps/services/reach
I/System.out(24224): body:<com.worklight.wlclient.api.WLResourceRequest: void b()>	sig:$r7 = virtualinvoke $r13.<java.net.URL: java.lang.String toString()>()	timediff:0
I/System.out(24224): body:<com.worklight.wlclient.api.WLResourceRequest: void b()>	sig:specialinvoke $r12.<java.net.URL: void <init>(java.lang.String)>($r10)	timediff:0
I/System.out(24224): <com.worklight.wlclient.api.WLResourceRequest: void b()>###specialinvoke $r12.<java.net.URL: void <init>(java.lang.String)>($r10)###https://mfp.mtb.com/MFPNativeApps/apps/services/reach?params=%5B%5D
I/System.out(24224): body:<com.worklight.wlclient.api.WLResourceRequest: void a()>	sig:$r3 = virtualinvoke $r2.<java.net.URL: java.net.URI toURI()>()	timediff:0
I/System.out(24224): body:<com.worklight.wlclient.TLSEnabledSocketFactory: java.net.Socket createSocket(java.net.Socket,java.lang.String,int,boolean)>	sig:virtualinvoke $r1.<java.net.Socket: void close()>()	timediff:0
I/System.out(24224): body:<com.worklight.wlclient.TLSEnabledSocketFactory: java.net.Socket createSocket(java.net.Socket,java.lang.String,int,boolean)>	sig:$r5 = staticinvoke <java.net.InetAddress: java.net.InetAddress getByName(java.lang.String)>($r2)	timediff:0
D/libEGL  (24224): loaded /system/lib/egl/libEGL_adreno.so
D/        (24224): HostConnection::get() New Host Connection established 0xb8d55a60, tid 24224
D/libEGL  (24224): loaded /system/lib/egl/libGLESv1_CM_adreno.so
D/libEGL  (24224): loaded /system/lib/egl/libGLESv2_adreno.so
I/System.out(24224): body:<com.worklight.wlclient.TLSEnabledSocketFactory: boolean isSecure(java.net.Socket)>	sig:$z0 = virtualinvoke $r1.<java.net.Socket: boolean isConnected()>()	timediff:0
W/EGL_emulation(24224): eglSurfaceAttrib not implemented 3093 12436
D/OpenGLRenderer(24224): Enabling debug mode 0
W/ViewRootImpl(24224): Dropping event due to no window focus: KeyEvent { action=ACTION_DOWN, keyCode=KEYCODE_MENU, scanCode=0, metaState=0, flags=0x8, repeatCount=0, eventTime=12395429, downTime=12395429, deviceId=-1, source=0x101 }
W/ContextImpl(  483): Calling a method in the system process without a qualified user: android.app.ContextImpl.sendBroadcast:1123 com.android.server.InputMethodManagerService.hideCurrentInputLocked:1880 com.android.server.InputMethodManagerService.windowGainedFocus:1968 com.android.internal.view.IInputMethodManager$Stub.onTransact:221 com.android.server.InputMethodManagerService.onTransact:818 
D/dalvikvm(24224): GC_CONCURRENT freed 480K, 10% free 5433K/5996K, paused 2ms+2ms, total 9ms
I/System.out(24224): body:<com.worklight.common.l: java.lang.String k()>	sig:specialinvoke $r1.<java.net.URL: void <init>(java.lang.String)>($r2)	timediff:0
I/System.out(24224): <com.worklight.common.l: java.lang.String k()>###specialinvoke $r1.<java.net.URL: void <init>(java.lang.String)>($r2)###https://mfp.mtb.com/MFPNativeApps
I/System.out(24224): body:<com.worklight.common.l: java.lang.String k()>	sig:$r2 = virtualinvoke $r1.<java.net.URL: java.lang.String getHost()>()	timediff:0
I/ActivityManager(  483): Displayed com.mtb.mbanking.sc.retail.prod/com.mnt.mobilebanking.controllers.activities.SplashActivity: +749ms
W/NetworkManagementSocketTagger(  483): setKernelCountSet(10007, 0) failed with errno -13
D/dalvikvm(24224): GC_FOR_ALLOC freed 248K, 10% free 5488K/6052K, paused 4ms, total 4ms
I/dalvikvm-heap(24224): Grow heap (frag case) to 6.045MB for 635808-byte allocation
D/dalvikvm(24224): GC_FOR_ALLOC freed <1K, 9% free 6109K/6676K, paused 4ms, total 4ms
I/ActivityManager(  483): START u0 {act=android.intent.action.MAIN cat=[android.intent.category.HOME] flg=0x10200000 cmp=com.vphone.launcher/.Launcher} from pid 483
I/System.out(24224): body:<com.worklight.common.l: java.lang.String k()>	sig:specialinvoke $r1.<java.net.URL: void <init>(java.lang.String)>($r2)	timediff:0
I/System.out(24224): <com.worklight.common.l: java.lang.String k()>###specialinvoke $r1.<java.net.URL: void <init>(java.lang.String)>($r2)###https://mfp.mtb.com/MFPNativeApps
I/System.out(24224): body:<com.worklight.common.l: java.lang.String k()>	sig:$r2 = virtualinvoke $r1.<java.net.URL: java.lang.String getHost()>()	timediff:0
W/ViewRootImpl(24224): Dropping event due to no window focus: KeyEvent { action=ACTION_DOWN, keyCode=KEYCODE_DPAD_DOWN, scanCode=0, metaState=0, flags=0x8, repeatCount=0, eventTime=12396262, downTime=12396262, deviceId=-1, source=0x101 }
W/ViewRootImpl(24224): Dropping event due to no window focus: KeyEvent { action=ACTION_DOWN, keyCode=KEYCODE_MENU, scanCode=0, metaState=0, flags=0x8, repeatCount=0, eventTime=12396265, downTime=12396265, deviceId=-1, source=0x101 }
W/EGL_emulation(24224): eglSurfaceAttrib not implemented 3093 12436
I/System.out(24224): body:<com.worklight.common.l: java.net.URL e()>	sig:specialinvoke $r1.<java.net.URL: void <init>(java.lang.String)>($r3)	timediff:0
I/System.out(24224): <com.worklight.common.l: java.net.URL e()>###specialinvoke $r1.<java.net.URL: void <init>(java.lang.String)>($r3)###https://mfp.mtb.com/MFPNativeApps/apps/services/api/MBX_Android_Prod/Androidnative/
I/System.out(24224): body:<com.worklight.wlclient.WLRequest: void makeRequest(java.lang.String,boolean)>	sig:$r12 = virtualinvoke $r11.<java.net.URL: java.lang.String toExternalForm()>()	timediff:0
I/System.out(24224): body:<com.worklight.wlclient.WLRequest: void a(com.worklight.wlclient.api.WLRequestOptions,org.apache.http.client.methods.HttpEntityEnclosingRequestBase)>	sig:$r10 = virtualinvoke $r12.<java.net.URI: java.lang.String getPath()>()	timediff:0
W/InputMethodManagerService(  483): Window already focused, ignoring focus gain of: com.android.internal.view.IInputMethodClient$Stub$Proxy@4ae2d678 attribute=null, token = android.os.BinderProxy@4acc6530
I/System.out(24224): body:<com.worklight.wlclient.WLRequest: void a(com.worklight.wlclient.api.WLRequestOptions,org.apache.http.client.methods.HttpEntityEnclosingRequestBase)>	sig:$r10 = virtualinvoke $r12.<java.net.URI: java.lang.String getPath()>()	timediff:0
I/System.out(24224): body:<com.worklight.common.l: java.lang.String k()>	sig:specialinvoke $r1.<java.net.URL: void <init>(java.lang.String)>($r2)	timediff:0
I/System.out(24224): <com.worklight.common.l: java.lang.String k()>###specialinvoke $r1.<java.net.URL: void <init>(java.lang.String)>($r2)###https://mfp.mtb.com/MFPNativeApps
I/System.out(24224): body:<com.worklight.common.l: java.lang.String k()>	sig:$r2 = virtualinvoke $r1.<java.net.URL: java.lang.String getHost()>()	timediff:0
I/System.out(24224): body:<com.worklight.common.l: java.lang.String k()>	sig:specialinvoke $r1.<java.net.URL: void <init>(java.lang.String)>($r2)	timediff:0
I/System.out(24224): <com.worklight.common.l: java.lang.String k()>###specialinvoke $r1.<java.net.URL: void <init>(java.lang.String)>($r2)###https://mfp.mtb.com/MFPNativeApps
I/System.out(24224): body:<com.worklight.common.l: java.lang.String k()>	sig:$r2 = virtualinvoke $r1.<java.net.URL: java.lang.String getHost()>()	timediff:0
D/dalvikvm(24224): GC_CONCURRENT freed 600K, 10% free 6620K/7304K, paused 0ms+1ms, total 3ms
D/dalvikvm(24224): WAIT_FOR_CONCURRENT_GC blocked 1ms
D/dalvikvm(24224): GC_FOR_ALLOC freed 675K, 13% free 6965K/7928K, paused 2ms, total 2ms
D/dalvikvm(24224): GC_CONCURRENT freed 724K, 10% free 7509K/8320K, paused 2ms+0ms, total 5ms
W/WindowManager(  483): updateFocusedWindowLocked, focusedAppToken is null.
D/dalvikvm(24224): Trying to load lib /data/app-lib/com.mtb.mbanking.sc.retail.prod-1/libauthjni.so 0x94f0bdc0
D/dalvikvm(24224): Added shared lib /data/app-lib/com.mtb.mbanking.sc.retail.prod-1/libauthjni.so 0x94f0bdc0
D/dalvikvm(24224): No JNI_OnLoad found in /data/app-lib/com.mtb.mbanking.sc.retail.prod-1/libauthjni.so 0x94f0bdc0, skipping init
W/ViewRootImpl(  538): Dropping event due to no window focus: KeyEvent { action=ACTION_DOWN, keyCode=KEYCODE_DPAD_LEFT, scanCode=0, metaState=0, flags=0x8, repeatCount=0, eventTime=12396609, downTime=12396609, deviceId=-1, source=0x101 }
W/ViewRootImpl(  538): Dropping event due to no window focus: KeyEvent { action=ACTION_DOWN, keyCode=KEYCODE_BUTTON_9, scanCode=0, metaState=0, flags=0x8, repeatCount=0, eventTime=12396611, downTime=12396611, deviceId=-1, source=0x101 }
W/ViewRootImpl(  538): Dropping event due to no window focus: KeyEvent { action=ACTION_DOWN, keyCode=KEYCODE_DPAD_CENTER, scanCode=0, metaState=0, flags=0x8, repeatCount=0, eventTime=12396611, downTime=12396611, deviceId=-1, source=0x101 }
W/ViewRootImpl(  538): Dropping event due to no window focus: KeyEvent { action=ACTION_DOWN, keyCode=KEYCODE_DPAD_CENTER, scanCode=0, metaState=0, flags=0x8, repeatCount=0, eventTime=12396612, downTime=12396612, deviceId=-1, source=0x101 }
W/ContextImpl(  483): Calling a method in the system process without a qualified user: android.app.ContextImpl.sendBroadcast:1123 com.android.server.InputMethodManagerService.hideCurrentInputLocked:1880 com.android.server.InputMethodManagerService.windowGainedFocus:1968 com.android.internal.view.IInputMethodManager$Stub.onTransact:221 com.android.server.InputMethodManagerService.onTransact:818 
D/dalvikvm(24224): GC_CONCURRENT freed 792K, 9% free 8302K/9088K, paused 2ms+2ms, total 10ms
W/InputMethodManagerService(  483): Starting input on non-focused client com.android.internal.view.IInputMethodClient$Stub$Proxy@4abeb00c (uid=10084 pid=24224)
W/InputEventReceiver(  538): Attempted to finish an input event but the input event receiver has already been disposed.
W/ContextImpl(  483): Calling a method in the system process without a qualified user: android.app.ContextImpl.sendBroadcast:1123 com.android.server.InputMethodManagerService.hideCurrentInputLocked:1880 com.android.server.InputMethodManagerService.windowGainedFocus:1968 com.android.internal.view.IInputMethodManager$Stub.onTransact:221 com.android.server.InputMethodManagerService.onTransact:818 
D/dalvikvm(24224): GC_CONCURRENT freed 1214K, 13% free 8931K/10228K, paused 1ms+0ms, total 5ms
D/dalvikvm(24224): WAIT_FOR_CONCURRENT_GC blocked 1ms
I/ActivityManager(  483): START u0 {act=android.intent.action.MAIN cat=[android.intent.category.LAUNCHER] flg=0x10200000 cmp=com.mtb.mbanking.sc.retail.prod/com.mnt.mobilebanking.controllers.activities.SplashActivity} from pid 24214
I/ActivityManager(  483): START u0 {act=android.intent.action.MAIN cat=[android.intent.category.LAUNCHER] flg=0x10000000 sel={act=android.intent.action.MAIN cat=[android.intent.category.APP_CALENDAR]}} from pid 483
I/ActivityManager(  483): START u0 {act=android.intent.action.MAIN cat=[android.intent.category.LAUNCHER] flg=0x10200000 cmp=com.mtb.mbanking.sc.retail.prod/com.mnt.mobilebanking.controllers.activities.SplashActivity} from pid 24214
I/InputDispatcher(  483): Dropped event because of pending overdue app switch.
W/InputManager(  483): Input event injection from pid 24214 failed.
I/ActivityManager(  483): START u0 {act=android.intent.action.MAIN cat=[android.intent.category.HOME] flg=0x10200000 cmp=com.vphone.launcher/.Launcher} from pid 483
I/ActivityManager(  483): START u0 {act=android.intent.action.MAIN cat=[android.intent.category.LAUNCHER] flg=0x10200000 cmp=com.mtb.mbanking.sc.retail.prod/com.mnt.mobilebanking.controllers.activities.SplashActivity} from pid 24214
D/dalvikvm(24224): GC_CONCURRENT freed 1207K, 12% free 9686K/10996K, paused 2ms+0ms, total 9ms
D/dalvikvm(24224): WAIT_FOR_CONCURRENT_GC blocked 3ms
I/System.out(24224): body:<com.worklight.wlclient.WLRequest: void a(com.worklight.wlclient.api.WLRequestOptions,org.apache.http.client.methods.HttpEntityEnclosingRequestBase)>	sig:$r10 = virtualinvoke $r12.<java.net.URI: java.lang.String getPath()>()	timediff:0
I/System.out(24224): body:<com.worklight.common.l: java.lang.String k()>	sig:specialinvoke $r1.<java.net.URL: void <init>(java.lang.String)>($r2)	timediff:0
I/System.out(24224): <com.worklight.common.l: java.lang.String k()>###specialinvoke $r1.<java.net.URL: void <init>(java.lang.String)>($r2)###https://mfp.mtb.com/MFPNativeApps
I/System.out(24224): body:<com.worklight.common.l: java.lang.String k()>	sig:$r2 = virtualinvoke $r1.<java.net.URL: java.lang.String getHost()>()	timediff:0
I/ActivityManager(  483): START u0 {act=android.intent.action.MAIN cat=[android.intent.category.LAUNCHER] flg=0x10200000 cmp=com.mtb.mbanking.sc.retail.prod/com.mnt.mobilebanking.controllers.activities.SplashActivity} from pid 24214
V/PanelView(  538): animationTick called with dtms=0; nothing to do (h=0.0 v=-0.0)
I/ActivityManager(  483): START u0 {act=android.intent.action.MAIN cat=[android.intent.category.LAUNCHER] flg=0x10000000 sel={act=android.intent.action.MAIN cat=[android.intent.category.APP_CALENDAR]}} from pid 483
I/ActivityManager(  483): START u0 {act=android.intent.action.MAIN cat=[android.intent.category.LAUNCHER] flg=0x10200000 cmp=com.mtb.mbanking.sc.retail.prod/com.mnt.mobilebanking.controllers.activities.SplashActivity} from pid 24214
I/System.out(24224): body:<com.worklight.common.l: java.lang.String k()>	sig:specialinvoke $r1.<java.net.URL: void <init>(java.lang.String)>($r2)	timediff:0
I/System.out(24224): <com.worklight.common.l: java.lang.String k()>###specialinvoke $r1.<java.net.URL: void <init>(java.lang.String)>($r2)###https://mfp.mtb.com/MFPNativeApps
I/System.out(24224): body:<com.worklight.common.l: java.lang.String k()>	sig:$r2 = virtualinvoke $r1.<java.net.URL: java.lang.String getHost()>()	timediff:0
D/dalvikvm(24224): Trying to load lib /data/app-lib/com.mtb.mbanking.sc.retail.prod-1/libauthjni.so 0x94f0bdc0
D/dalvikvm(24224): Shared lib '/data/app-lib/com.mtb.mbanking.sc.retail.prod-1/libauthjni.so' already loaded in same CL 0x94f0bdc0
D/dalvikvm(24224): GC_CONCURRENT freed 1450K, 13% free 10504K/12036K, paused 1ms+6ms, total 13ms
D/dalvikvm(24224): GC_CONCURRENT freed 4028K, 32% free 9052K/13164K, paused 0ms+1ms, total 9ms
D/dalvikvm(24224): WAIT_FOR_CONCURRENT_GC blocked 6ms
D/dalvikvm(24224): WAIT_FOR_CONCURRENT_GC blocked 7ms
I/InputDispatcher(  483): Dropped event because of pending overdue app switch.
V/PanelView(  538): animationTick called with dtms=0; nothing to do (h=0.0 v=-0.0)
V/PanelView(  538): animationTick called with dtms=0; nothing to do (h=0.0 v=-0.0)
W/InputManager(  483): Input event injection from pid 24214 failed.
I/ActivityManager(  483): START u0 {act=android.intent.action.MAIN cat=[android.intent.category.LAUNCHER] flg=0x10200000 cmp=com.mtb.mbanking.sc.retail.prod/com.mnt.mobilebanking.controllers.activities.SplashActivity} from pid 24214
V/PanelView(  538): animationTick called with dtms=0; nothing to do (h=0.0 v=-0.0)
I/ActivityManager(  483): START u0 {act=android.intent.action.MAIN cat=[android.intent.category.LAUNCHER] flg=0x10200000 cmp=com.mtb.mbanking.sc.retail.prod/com.mnt.mobilebanking.controllers.activities.SplashActivity} from pid 24214
V/PanelView(  538): animationTick called with dtms=0; nothing to do (h=0.0 v=0.0)
D/dalvikvm(24224): GC_CONCURRENT freed 1371K, 27% free 9671K/13164K, paused 2ms+1ms, total 7ms
I/ActivityManager(  483): START u0 {act=android.intent.action.MAIN cat=[android.intent.category.LAUNCHER] flg=0x10200000 cmp=com.mtb.mbanking.sc.retail.prod/com.mnt.mobilebanking.controllers.activities.SplashActivity} from pid 24214
I/ActivityManager(  483): START u0 {act=android.intent.action.MAIN cat=[android.intent.category.LAUNCHER] flg=0x10200000 cmp=com.mtb.mbanking.sc.retail.prod/com.mnt.mobilebanking.controllers.activities.SplashActivity} from pid 24214
I/System.out(24224): body:<com.worklight.wlclient.WLRequest: void a(com.worklight.wlclient.api.WLRequestOptions,org.apache.http.client.methods.HttpEntityEnclosingRequestBase)>	sig:$r10 = virtualinvoke $r12.<java.net.URI: java.lang.String getPath()>()	timediff:0
D/dalvikvm(  483): GC_FOR_ALLOC freed 4069K, 48% free 13137K/24880K, paused 14ms, total 15ms
I/System.out(24224): body:<com.worklight.common.l: java.lang.String k()>	sig:specialinvoke $r1.<java.net.URL: void <init>(java.lang.String)>($r2)	timediff:0
I/System.out(24224): <com.worklight.common.l: java.lang.String k()>###specialinvoke $r1.<java.net.URL: void <init>(java.lang.String)>($r2)###https://mfp.mtb.com/MFPNativeApps
I/System.out(24224): body:<com.worklight.common.l: java.lang.String k()>	sig:$r2 = virtualinvoke $r1.<java.net.URL: java.lang.String getHost()>()	timediff:0
D/dalvikvm(  483): GC_CONCURRENT freed 226K, 48% free 13133K/24880K, paused 2ms+5ms, total 22ms
I/ActivityManager(  483): START u0 {act=com.android.systemui.recent.action.TOGGLE_RECENTS flg=0x10800000 cmp=com.android.systemui/.recent.RecentsActivity (has extras)} from pid 538
V/FlingTracker(  538): computeCurrentVelocity warning: totalweight=0
V/FlingTracker(  538): java.lang.Throwable
V/FlingTracker(  538): 	at com.android.systemui.statusbar.phone.PanelView$FlingTracker.computeCurrentVelocity(PanelView.java:162)
V/FlingTracker(  538): 	at com.android.systemui.statusbar.phone.PanelView$3.onTouch(PanelView.java:462)
V/FlingTracker(  538): 	at android.view.View.dispatchTouchEvent(View.java:7701)
V/FlingTracker(  538): 	at com.android.systemui.statusbar.phone.NotificationPanelView.onTouchEvent(NotificationPanelView.java:138)
V/FlingTracker(  538): 	at com.android.systemui.statusbar.phone.PanelBar.onTouchEvent(PanelBar.java:130)
V/FlingTracker(  538): 	at com.android.systemui.statusbar.phone.PhoneStatusBarView.onTouchEvent(PhoneStatusBarView.java:201)
V/FlingTracker(  538): 	at android.view.View.dispatchTouchEvent(View.java:7706)
V/FlingTracker(  538): 	at android.view.ViewGroup.dispatchTransformedTouchEvent(ViewGroup.java:2210)
V/FlingTracker(  538): 	at android.view.ViewGroup.dispatchTouchEvent(ViewGroup.java:1945)
V/FlingTracker(  538): 	at android.view.ViewGroup.dispatchTransformedTouchEvent(ViewGroup.java:2216)
V/FlingTracker(  538): 	at android.view.ViewGroup.dispatchTouchEvent(ViewGroup.java:1959)
V/FlingTracker(  538): 	at android.view.View.dispatchPointerEvent(View.java:7886)
V/FlingTracker(  538): 	at android.view.ViewRootImpl$ViewPostImeInputStage.processPointerEvent(ViewRootImpl.java:3978)
V/FlingTracker(  538): 	at android.view.ViewRootImpl$ViewPostImeInputStage.onProcess(ViewRootImpl.java:3857)
V/FlingTracker(  538): 	at android.view.ViewRootImpl$InputStage.deliver(ViewRootImpl.java:3423)
V/FlingTracker(  538): 	at android.view.ViewRootImpl$InputStage.onDeliverToNext(ViewRootImpl.java:3473)
V/FlingTracker(  538): 	at android.view.ViewRootImpl$InputStage.forward(ViewRootImpl.java:3442)
V/FlingTracker(  538): 	at android.view.ViewRootImpl$AsyncInputStage.forward(ViewRootImpl.java:3549)
V/FlingTracker(  538): 	at android.view.ViewRootImpl$InputStage.apply(ViewRootImpl.java:3450)
V/FlingTracker(  538): 	at android.view.ViewRootImpl$AsyncInputStage.apply(ViewRootImpl.java:3606)
V/FlingTracker(  538): 	at android.view.ViewRootImpl$InputStage.deliver(ViewRootImpl.java:3423)
V/FlingTracker(  538): 	at android.view.ViewRootImpl$InputStage.onDeliverToNext(ViewRootImpl.java:3473)
V/FlingTracker(  538): 	at android.view.ViewRootImpl$InputStage.forward(ViewRootImpl.java:3442)
V/FlingTracker(  538): 	at android.view.ViewRootImpl$InputStage.apply(ViewRootImpl.java:3450)
V/FlingTracker(  538): 	at android.view.ViewRootImpl$InputStage.deliver(ViewRootImpl.java:3423)
V/FlingTracker(  538): 	at android.view.ViewRootImpl.deliverInputEvent(ViewRootImpl.java:5626)
V/FlingTracker(  538): 	at android.view.ViewRootImpl.doProcessInputEvents(ViewRootImpl.java:5606)
V/FlingTracker(  538): 	at android.view.ViewRootImpl.enqueueInputEvent(ViewRootImpl.java:5577)
V/FlingTracker(  538): 	at android.view.ViewRootImpl$WindowInputEventReceiver.onInputEvent(ViewRootImpl.java:5706)
V/FlingTracker(  538): 	at android.view.InputEventReceiver.dispatchInputEvent(InputEventReceiver.java:185)
V/FlingTracker(  538): 	at android.os.MessageQueue.nativePollOnce(Native Method)
V/FlingTracker(  538): 	at android.os.MessageQueue.next(MessageQueue.java:138)
V/FlingTracker(  538): 	at android.os.Looper.loop(Looper.java:123)
V/FlingTracker(  538): 	at android.app.ActivityThread.main(ActivityThread.java:5019)
V/FlingTracker(  538): 	at java.lang.reflect.Method.invokeNative(Native Method)
V/FlingTracker(  538): 	at java.lang.reflect.Method.invoke(Method.java:515)
V/FlingTracker(  538): 	at com.android.internal.os.ZygoteInit$MethodAndArgsCaller.run(ZygoteInit.java:779)
V/FlingTracker(  538): 	at com.android.internal.os.ZygoteInit.main(ZygoteInit.java:595)
V/FlingTracker(  538): 	at dalvik.system.NativeStart.main(Native Method)
V/PanelView(  538): animationTick called with dtms=0; nothing to do (h=0.0 v=0.0)
V/FlingTracker(  538): computeCurrentVelocity warning: totalweight=0
V/FlingTracker(  538): java.lang.Throwable
V/FlingTracker(  538): 	at com.android.systemui.statusbar.phone.PanelView$FlingTracker.computeCurrentVelocity(PanelView.java:162)
V/FlingTracker(  538): 	at com.android.systemui.statusbar.phone.PanelView$3.onTouch(PanelView.java:462)
V/FlingTracker(  538): 	at android.view.View.dispatchTouchEvent(View.java:7701)
V/FlingTracker(  538): 	at com.android.systemui.statusbar.phone.NotificationPanelView.onTouchEvent(NotificationPanelView.java:138)
V/FlingTracker(  538): 	at com.android.systemui.statusbar.phone.PanelBar.onTouchEvent(PanelBar.java:130)
V/FlingTracker(  538): 	at com.android.systemui.statusbar.phone.PhoneStatusBarView.onTouchEvent(PhoneStatusBarView.java:201)
V/FlingTracker(  538): 	at android.view.View.dispatchTouchEvent(View.java:7706)
V/FlingTracker(  538): 	at android.view.ViewGroup.dispatchTransformedTouchEvent(ViewGroup.java:2210)
V/FlingTracker(  538): 	at android.view.ViewGroup.dispatchTouchEvent(ViewGroup.java:1945)
V/FlingTracker(  538): 	at android.view.ViewGroup.dispatchTransformedTouchEvent(ViewGroup.java:2216)
V/FlingTracker(  538): 	at android.view.ViewGroup.dispatchTouchEvent(ViewGroup.java:1959)
V/FlingTracker(  538): 	at android.view.View.dispatchPointerEvent(View.java:7886)
V/FlingTracker(  538): 	at android.view.ViewRootImpl$ViewPostImeInputStage.processPointerEvent(ViewRootImpl.java:3978)
V/FlingTracker(  538): 	at android.view.ViewRootImpl$ViewPostImeInputStage.onProcess(ViewRootImpl.java:3857)
V/FlingTracker(  538): 	at android.view.ViewRootImpl$InputStage.deliver(ViewRootImpl.java:3423)
V/FlingTracker(  538): 	at android.view.ViewRootImpl$InputStage.onDeliverToNext(ViewRootImpl.java:3473)
V/FlingTracker(  538): 	at android.view.ViewRootImpl$InputStage.forward(ViewRootImpl.java:3442)
V/FlingTracker(  538): 	at android.view.ViewRootImpl$AsyncInputStage.forward(ViewRootImpl.java:3549)
V/FlingTracker(  538): 	at android.view.ViewRootImpl$InputStage.apply(ViewRootImpl.java:3450)
V/FlingTracker(  538): 	at android.view.ViewRootImpl$AsyncInputStage.apply(ViewRootImpl.java:3606)
V/FlingTracker(  538): 	at android.view.ViewRootImpl$InputStage.deliver(ViewRootImpl.java:3423)
V/FlingTracker(  538): 	at android.view.ViewRootImpl$InputStage.onDeliverToNext(ViewRootImpl.java:3473)
V/FlingTracker(  538): 	at android.view.ViewRootImpl$InputStage.forward(ViewRootImpl.java:3442)
V/FlingTracker(  538): 	at android.view.ViewRootImpl$InputStage.apply(ViewRootImpl.java:3450)
V/FlingTracker(  538): 	at android.view.ViewRootImpl$InputStage.deliver(ViewRootImpl.java:3423)
V/FlingTracker(  538): 	at android.view.ViewRootImpl.deliverInputEvent(ViewRootImpl.java:5626)
V/FlingTracker(  538): 	at android.view.ViewRootImpl.doProcessInputEvents(ViewRootImpl.java:5606)
V/FlingTracker(  538): 	at android.view.ViewRootImpl.enqueueInputEvent(ViewRootImpl.java:5577)
V/FlingTracker(  538): 	at android.view.ViewRootImpl$WindowInputEventReceiver.onInputEvent(ViewRootImpl.java:5706)
V/FlingTracker(  538): 	at android.view.InputEventReceiver.dispatchInputEvent(InputEventReceiver.java:185)
V/FlingTracker(  538): 	at android.os.MessageQueue.nativePollOnce(Native Method)
V/FlingTracker(  538): 	at android.os.MessageQueue.next(MessageQueue.java:138)
V/FlingTracker(  538): 	at android.os.Looper.loop(Looper.java:123)
V/FlingTracker(  538): 	at android.app.ActivityThread.main(ActivityThread.java:5019)
V/FlingTracker(  538): 	at java.lang.reflect.Method.invokeNative(Native Method)
V/FlingTracker(  538): 	at java.lang.reflect.Method.invoke(Method.java:515)
V/FlingTracker(  538): 	at com.android.internal.os.ZygoteInit$MethodAndArgsCaller.run(ZygoteInit.java:779)
V/FlingTracker(  538): 	at com.android.internal.os.ZygoteInit.main(ZygoteInit.java:595)
V/FlingTracker(  538): 	at dalvik.system.NativeStart.main(Native Method)
V/PanelView(  538): animationTick called with dtms=0; nothing to do (h=0.0 v=0.0)
I/System.out(24224): body:<com.worklight.common.l: java.lang.String k()>	sig:specialinvoke $r1.<java.net.URL: void <init>(java.lang.String)>($r2)	timediff:0
I/System.out(24224): <com.worklight.common.l: java.lang.String k()>###specialinvoke $r1.<java.net.URL: void <init>(java.lang.String)>($r2)###https://mfp.mtb.com/MFPNativeApps
I/System.out(24224): body:<com.worklight.common.l: java.lang.String k()>	sig:$r2 = virtualinvoke $r1.<java.net.URL: java.lang.String getHost()>()	timediff:0
D/dalvikvm(24224): Trying to load lib /data/app-lib/com.mtb.mbanking.sc.retail.prod-1/libauthjni.so 0x94f0bdc0
D/dalvikvm(24224): Shared lib '/data/app-lib/com.mtb.mbanking.sc.retail.prod-1/libauthjni.so' already loaded in same CL 0x94f0bdc0
D/dalvikvm(24224): GC_CONCURRENT freed 1298K, 20% free 10567K/13164K, paused 2ms+5ms, total 16ms
D/dalvikvm(24224): GC_CONCURRENT freed 3979K, 32% free 9058K/13168K, paused 1ms+0ms, total 7ms
I/InputDispatcher(  483): Dropped event because of pending overdue app switch.
W/InputManager(  483): Input event injection from pid 24214 failed.
I/WearableService(  645): Wearable Services stopping
D/dalvikvm(24224): GC_FOR_ALLOC freed 1210K, 27% free 9634K/13168K, paused 5ms, total 5ms
I/System.out(24224): body:<com.worklight.wlclient.WLRequest: void a(com.worklight.wlclient.api.WLRequestOptions,org.apache.http.client.methods.HttpEntityEnclosingRequestBase)>	sig:$r10 = virtualinvoke $r12.<java.net.URI: java.lang.String getPath()>()	timediff:0
I/System.out(24224): body:<com.worklight.common.l: java.lang.String k()>	sig:specialinvoke $r1.<java.net.URL: void <init>(java.lang.String)>($r2)	timediff:0
I/System.out(24224): <com.worklight.common.l: java.lang.String k()>###specialinvoke $r1.<java.net.URL: void <init>(java.lang.String)>($r2)###https://mfp.mtb.com/MFPNativeApps
I/System.out(24224): body:<com.worklight.common.l: java.lang.String k()>	sig:$r2 = virtualinvoke $r1.<java.net.URL: java.lang.String getHost()>()	timediff:0
I/System.out(24224): body:<com.worklight.common.l: java.lang.String k()>	sig:specialinvoke $r1.<java.net.URL: void <init>(java.lang.String)>($r2)	timediff:1
I/System.out(24224): <com.worklight.common.l: java.lang.String k()>###specialinvoke $r1.<java.net.URL: void <init>(java.lang.String)>($r2)###https://mfp.mtb.com/MFPNativeApps
I/System.out(24224): body:<com.worklight.common.l: java.lang.String k()>	sig:$r2 = virtualinvoke $r1.<java.net.URL: java.lang.String getHost()>()	timediff:0
D/dalvikvm(24224): Trying to load lib /data/app-lib/com.mtb.mbanking.sc.retail.prod-1/libauthjni.so 0x94f0bdc0
D/dalvikvm(24224): Shared lib '/data/app-lib/com.mtb.mbanking.sc.retail.prod-1/libauthjni.so' already loaded in same CL 0x94f0bdc0
D/dalvikvm(24224): GC_CONCURRENT freed 1418K, 21% free 10500K/13168K, paused 2ms+2ms, total 10ms
D/dalvikvm(24224): WAIT_FOR_CONCURRENT_GC blocked 6ms
D/dalvikvm(24224): WAIT_FOR_CONCURRENT_GC blocked 6ms
I/ActivityManager(  483): START u0 {act=android.intent.action.CALL_BUTTON flg=0x10000000} from pid 24224
W/PhoneFallbackEventHandler(24224): No activity found for android.intent.action.CALL_BUTTON.
D/dalvikvm(24224): GC_CONCURRENT freed 3964K, 32% free 8984K/13168K, paused 2ms+0ms, total 9ms
D/dalvikvm(24224): GC_FOR_ALLOC freed 1245K, 27% free 9646K/13168K, paused 7ms, total 7ms
I/System.out(24224): body:<com.worklight.wlclient.WLRequest: void a(com.worklight.wlclient.api.WLRequestOptions,org.apache.http.client.methods.HttpEntityEnclosingRequestBase)>	sig:$r10 = virtualinvoke $r12.<java.net.URI: java.lang.String getPath()>()	timediff:0
I/System.out(24224): body:<com.worklight.common.l: java.lang.String k()>	sig:specialinvoke $r1.<java.net.URL: void <init>(java.lang.String)>($r2)	timediff:0
I/System.out(24224): <com.worklight.common.l: java.lang.String k()>###specialinvoke $r1.<java.net.URL: void <init>(java.lang.String)>($r2)###https://mfp.mtb.com/MFPNativeApps
I/System.out(24224): body:<com.worklight.common.l: java.lang.String k()>	sig:$r2 = virtualinvoke $r1.<java.net.URL: java.lang.String getHost()>()	timediff:0
I/ActivityManager(  483): START u0 {act=android.intent.action.MAIN cat=[android.intent.category.HOME] flg=0x10200000 cmp=com.vphone.launcher/.Launcher} from pid 483
I/ActivityManager(  483): START u0 {act=android.intent.action.MAIN cat=[android.intent.category.LAUNCHER] flg=0x10200000 cmp=com.mtb.mbanking.sc.retail.prod/com.mnt.mobilebanking.controllers.activities.SplashActivity} from pid 24214
I/ActivityManager(  483): START u0 {act=android.intent.action.MAIN cat=[android.intent.category.LAUNCHER] flg=0x10200000 cmp=com.mtb.mbanking.sc.retail.prod/com.mnt.mobilebanking.controllers.activities.SplashActivity} from pid 24214
I/System.out(24224): body:<com.worklight.common.l: java.lang.String k()>	sig:specialinvoke $r1.<java.net.URL: void <init>(java.lang.String)>($r2)	timediff:0
I/System.out(24224): <com.worklight.common.l: java.lang.String k()>###specialinvoke $r1.<java.net.URL: void <init>(java.lang.String)>($r2)###https://mfp.mtb.com/MFPNativeApps
I/System.out(24224): body:<com.worklight.common.l: java.lang.String k()>	sig:$r2 = virtualinvoke $r1.<java.net.URL: java.lang.String getHost()>()	timediff:0
D/dalvikvm(24224): Trying to load lib /data/app-lib/com.mtb.mbanking.sc.retail.prod-1/libauthjni.so 0x94f0bdc0
D/dalvikvm(24224): Shared lib '/data/app-lib/com.mtb.mbanking.sc.retail.prod-1/libauthjni.so' already loaded in same CL 0x94f0bdc0
D/dalvikvm(24224): GC_CONCURRENT freed 1421K, 21% free 10514K/13168K, paused 0ms+3ms, total 7ms
D/dalvikvm(24224): WAIT_FOR_CONCURRENT_GC blocked 4ms
D/dalvikvm(24224): WAIT_FOR_CONCURRENT_GC blocked 6ms
V/FlingTracker(  538): computeCurrentVelocity warning: totalweight=0
V/FlingTracker(  538): java.lang.Throwable
V/FlingTracker(  538): 	at com.android.systemui.statusbar.phone.PanelView$FlingTracker.computeCurrentVelocity(PanelView.java:162)
V/FlingTracker(  538): 	at com.android.systemui.statusbar.phone.PanelView$3.onTouch(PanelView.java:462)
V/FlingTracker(  538): 	at android.view.View.dispatchTouchEvent(View.java:7701)
V/FlingTracker(  538): 	at com.android.systemui.statusbar.phone.NotificationPanelView.onTouchEvent(NotificationPanelView.java:138)
V/FlingTracker(  538): 	at com.android.systemui.statusbar.phone.PanelBar.onTouchEvent(PanelBar.java:130)
V/FlingTracker(  538): 	at com.android.systemui.statusbar.phone.PhoneStatusBarView.onTouchEvent(PhoneStatusBarView.java:201)
V/FlingTracker(  538): 	at android.view.View.dispatchTouchEvent(View.java:7706)
V/FlingTracker(  538): 	at android.view.ViewGroup.dispatchTransformedTouchEvent(ViewGroup.java:2210)
V/FlingTracker(  538): 	at android.view.ViewGroup.dispatchTouchEvent(ViewGroup.java:1945)
V/FlingTracker(  538): 	at android.view.ViewGroup.dispatchTransformedTouchEvent(ViewGroup.java:2216)
V/FlingTracker(  538): 	at android.view.ViewGroup.dispatchTouchEvent(ViewGroup.java:1959)
V/FlingTracker(  538): 	at android.view.View.dispatchPointerEvent(View.java:7886)
V/FlingTracker(  538): 	at android.view.ViewRootImpl$ViewPostImeInputStage.processPointerEvent(ViewRootImpl.java:3978)
V/FlingTracker(  538): 	at android.view.ViewRootImpl$ViewPostImeInputStage.onProcess(ViewRootImpl.java:3857)
V/FlingTracker(  538): 	at android.view.ViewRootImpl$InputStage.deliver(ViewRootImpl.java:3423)
V/FlingTracker(  538): 	at android.view.ViewRootImpl$InputStage.onDeliverToNext(ViewRootImpl.java:3473)
V/FlingTracker(  538): 	at android.view.ViewRootImpl$InputStage.forward(ViewRootImpl.java:3442)
V/FlingTracker(  538): 	at android.view.ViewRootImpl$AsyncInputStage.forward(ViewRootImpl.java:3549)
V/FlingTracker(  538): 	at android.view.ViewRootImpl$InputStage.apply(ViewRootImpl.java:3450)
V/FlingTracker(  538): 	at android.view.ViewRootImpl$AsyncInputStage.apply(ViewRootImpl.java:3606)
V/FlingTracker(  538): 	at android.view.ViewRootImpl$InputStage.deliver(ViewRootImpl.java:3423)
V/FlingTracker(  538): 	at android.view.ViewRootImpl$InputStage.onDeliverToNext(ViewRootImpl.java:3473)
V/FlingTracker(  538): 	at android.view.ViewRootImpl$InputStage.forward(ViewRootImpl.java:3442)
V/FlingTracker(  538): 	at android.view.ViewRootImpl$InputStage.apply(ViewRootImpl.java:3450)
V/FlingTracker(  538): 	at android.view.ViewRootImpl$InputStage.deliver(ViewRootImpl.java:3423)
V/FlingTracker(  538): 	at android.view.ViewRootImpl.deliverInputEvent(ViewRootImpl.java:5626)
V/FlingTracker(  538): 	at android.view.ViewRootImpl.doProcessInputEvents(ViewRootImpl.java:5606)
V/FlingTracker(  538): 	at android.view.ViewRootImpl.enqueueInputEvent(ViewRootImpl.java:5577)
V/FlingTracker(  538): 	at android.view.ViewRootImpl$WindowInputEventReceiver.onInputEvent(ViewRootImpl.java:5706)
V/FlingTracker(  538): 	at android.view.InputEventReceiver.dispatchInputEvent(InputEventReceiver.java:185)
V/FlingTracker(  538): 	at android.os.MessageQueue.nativePollOnce(Native Method)
V/FlingTracker(  538): 	at android.os.MessageQueue.next(MessageQueue.java:138)
V/FlingTracker(  538): 	at android.os.Looper.loop(Looper.java:123)
V/FlingTracker(  538): 	at android.app.ActivityThread.main(ActivityThread.java:5019)
V/FlingTracker(  538): 	at java.lang.reflect.Method.invokeNative(Native Method)
V/FlingTracker(  538): 	at java.lang.reflect.Method.invoke(Method.java:515)
V/FlingTracker(  538): 	at com.android.internal.os.ZygoteInit$MethodAndArgsCaller.run(ZygoteInit.java:779)
V/FlingTracker(  538): 	at com.android.internal.os.ZygoteInit.main(ZygoteInit.java:595)
V/FlingTracker(  538): 	at dalvik.system.NativeStart.main(Native Method)
V/PanelView(  538): animationTick called with dtms=0; nothing to do (h=0.0 v=0.0)
D/dalvikvm(24224): GC_CONCURRENT freed 4003K, 32% free 9073K/13176K, paused 2ms+0ms, total 14ms
D/dalvikvm(24224): WAIT_FOR_CONCURRENT_GC blocked 2ms
I/ActivityManager(  483): START u0 {act=android.intent.action.MAIN cat=[android.intent.category.LAUNCHER] flg=0x10200000 cmp=com.mtb.mbanking.sc.retail.prod/com.mnt.mobilebanking.controllers.activities.SplashActivity} from pid 24214
I/ActivityManager(  483): START u0 {act=android.intent.action.MAIN cat=[android.intent.category.LAUNCHER] flg=0x10200000 cmp=com.mtb.mbanking.sc.retail.prod/com.mnt.mobilebanking.controllers.activities.SplashActivity} from pid 24214
I/ActivityManager(  483): START u0 {act=android.intent.action.MAIN cat=[android.intent.category.LAUNCHER] flg=0x10200000 cmp=com.mtb.mbanking.sc.retail.prod/com.mnt.mobilebanking.controllers.activities.SplashActivity} from pid 24214
I/AndroidRuntime(24214): VM exiting with result code 0.
