I/InputDispatcher(  346): Dropping event because there is no focused window or focused application.
I/InputDispatcher(  346): Dropping event because there is no focused window or focused application.
I/InputDispatcher(  346): Dropping event because there is no focused window or focused application.
I/InputDispatcher(  346): Dropping event because there is no focused window or focused application.
I/InputDispatcher(  346): Dropping event because there is no focused window or focused application.
I/InputDispatcher(  346): Dropping event because there is no focused window or focused application.
I/InputDispatcher(  346): Dropping event because there is no focused window or focused application.
I/InputDispatcher(  346): Dropping event because there is no focused window or focused application.
I/InputDispatcher(  346): Dropping event because there is no focused window or focused application.
I/InputDispatcher(  346): Dropping event because there is no focused window or focused application.
I/InputDispatcher(  346): Dropping event because there is no focused window or focused application.
I/InputDispatcher(  346): Dropping event because there is no focused window or focused application.
I/InputDispatcher(  346): Dropping event because there is no focused window or focused application.
I/InputDispatcher(  346): Dropping event because there is no focused window or focused application.
W/InputManager(  346): Input event injection from pid 15981 failed.
W/InputManager(  346): Input event injection from pid 15981 failed.
W/InputManager(  346): Input event injection from pid 15981 failed.
W/InputManager(  346): Input event injection from pid 15981 failed.
W/InputManager(  346): Input event injection from pid 15981 failed.
W/InputManager(  346): Input event injection from pid 15981 failed.
W/InputManager(  346): Input event injection from pid 15981 failed.
W/InputManager(  346): Input event injection from pid 15981 failed.
W/InputManager(  346): Input event injection from pid 15981 failed.
W/InputManager(  346): Input event injection from pid 15981 failed.
W/InputManager(  346): Input event injection from pid 15981 failed.
W/InputManager(  346): Input event injection from pid 15981 failed.
W/InputManager(  346): Input event injection from pid 15981 failed.
W/InputManager(  346): Input event injection from pid 15981 failed.
W/InputManager(  346): Input event injection from pid 15981 failed.
W/InputManager(  346): Input event injection from pid 15981 failed.
W/InputManager(  346): Input event injection from pid 15981 failed.
W/InputManager(  346): Input event injection from pid 15981 failed.
W/InputManager(  346): Input event injection from pid 15981 failed.
I/InputDispatcher(  346): Dropping event because there is no focused window or focused application.
I/InputDispatcher(  346): Dropping event because there is no focused window or focused application.
I/InputDispatcher(  346): Dropping event because there is no focused window or focused application.
I/InputDispatcher(  346): Dropping event because there is no focused window or focused application.
I/InputDispatcher(  346): Dropping event because there is no focused window or focused application.
I/InputDispatcher(  346): Dropping event because there is no focused window or focused application.
W/InputManager(  346): Input event injection from pid 15981 failed.
W/InputManager(  346): Input event injection from pid 15981 failed.
W/InputManager(  346): Input event injection from pid 15981 failed.
W/InputManager(  346): Input event injection from pid 15981 failed.
W/InputManager(  346): Input event injection from pid 15981 failed.
W/InputManager(  346): Input event injection from pid 15981 failed.
W/InputManager(  346): Input event injection from pid 15981 failed.
W/InputManager(  346): Input event injection from pid 15981 failed.
I/InputDispatcher(  346): Dropping event because there is no focused window or focused application.
I/InputDispatcher(  346): Dropping event because there is no focused window or focused application.
I/InputDispatcher(  346): Dropping event because there is no focused window or focused application.
I/InputDispatcher(  346): Dropping event because there is no focused window or focused application.
I/InputDispatcher(  346): Dropping event because there is no focused window or focused application.
I/InputDispatcher(  346): Dropping event because there is no focused window or focused application.
W/InputManager(  346): Input event injection from pid 15981 failed.
W/InputManager(  346): Input event injection from pid 15981 failed.
W/InputManager(  346): Input event injection from pid 15981 failed.
W/InputManager(  346): Input event injection from pid 15981 failed.
W/InputManager(  346): Input event injection from pid 15981 failed.
W/InputManager(  346): Input event injection from pid 15981 failed.
W/InputManager(  346): Input event injection from pid 15981 failed.
W/InputManager(  346): Input event injection from pid 15981 failed.
W/InputManager(  346): Input event injection from pid 15981 failed.
W/InputManager(  346): Input event injection from pid 15981 failed.
W/InputManager(  346): Input event injection from pid 15981 failed.
W/InputManager(  346): Input event injection from pid 15981 failed.
W/InputManager(  346): Input event injection from pid 15981 failed.
W/InputManager(  346): Input event injection from pid 15981 failed.
W/InputManager(  346): Input event injection from pid 15981 failed.
W/InputManager(  346): Input event injection from pid 15981 failed.
W/InputManager(  346): Input event injection from pid 15981 failed.
W/InputManager(  346): Input event injection from pid 15981 failed.
W/InputManager(  346): Input event injection from pid 15981 failed.
W/InputManager(  346): Input event injection from pid 15981 failed.
W/InputManager(  346): Input event injection from pid 15981 failed.
W/InputManager(  346): Input event injection from pid 15981 failed.
W/InputManager(  346): Input event injection from pid 15981 failed.
W/InputManager(  346): Input event injection from pid 15981 failed.
W/InputManager(  346): Input event injection from pid 15981 failed.
I/InputDispatcher(  346): Dropping event because there is no focused window or focused application.
I/InputDispatcher(  346): Dropping event because there is no focused window or focused application.
I/InputDispatcher(  346): Dropping event because there is no focused window or focused application.
I/InputDispatcher(  346): Dropping event because there is no focused window or focused application.
I/InputDispatcher(  346): Dropping event because there is no focused window or focused application.
I/InputDispatcher(  346): Dropping event because there is no focused window or focused application.
I/InputDispatcher(  346): Dropping event because there is no focused window or focused application.
I/InputDispatcher(  346): Dropping event because there is no focused window or focused application.
I/InputDispatcher(  346): Dropping event because there is no focused window or focused application.
I/InputDispatcher(  346): Dropping event because there is no focused window or focused application.
I/InputDispatcher(  346): Dropping event because there is no focused window or focused application.
I/InputDispatcher(  346): Dropping event because there is no focused window or focused application.
I/InputDispatcher(  346): Dropping event because there is no focused window or focused application.
I/InputDispatcher(  346): Dropping event because there is no focused window or focused application.
I/InputDispatcher(  346): Dropping event because there is no focused window or focused application.
I/InputDispatcher(  346): Dropping event because there is no focused window or focused application.
I/InputDispatcher(  346): Dropping event because there is no focused window or focused application.
W/InputManager(  346): Input event injection from pid 15981 failed.
W/InputManager(  346): Input event injection from pid 15981 failed.
W/InputManager(  346): Input event injection from pid 15981 failed.
W/InputManager(  346): Input event injection from pid 15981 failed.
W/InputManager(  346): Input event injection from pid 15981 failed.
W/ContextImpl(11448): Calling a method in the system process without a qualified user: android.app.ContextImpl.startService:1492 android.content.ContextWrapper.startService:494 com.vphone.launcher.Launcher.i:690 com.vphone.launcher.Launcher.b:182 com.vphone.launcher.Launcher$11.run:650 
W/InputManager(  346): Input event injection from pid 15981 failed.
W/InputManager(  346): Input event injection from pid 15981 failed.
W/InputManager(  346): Input event injection from pid 15981 failed.
W/InputManager(  346): Input event injection from pid 15981 failed.
W/InputManager(  346): Input event injection from pid 15981 failed.
W/InputManager(  346): Input event injection from pid 15981 failed.
W/InputManager(  346): Input event injection from pid 15981 failed.
W/InputManager(  346): Input event injection from pid 15981 failed.
W/InputManager(  346): Input event injection from pid 15981 failed.
W/InputManager(  346): Input event injection from pid 15981 failed.
W/InputManager(  346): Input event injection from pid 15981 failed.
W/InputManager(  346): Input event injection from pid 15981 failed.
W/InputManager(  346): Input event injection from pid 15981 failed.
W/InputManager(  346): Input event injection from pid 15981 failed.
W/InputManager(  346): Input event injection from pid 15981 failed.
W/InputManager(  346): Input event injection from pid 15981 failed.
W/InputManager(  346): Input event injection from pid 15981 failed.
I/InputDispatcher(  346): Dropping event because there is no focused window or focused application.
I/InputDispatcher(  346): Dropping event because there is no focused window or focused application.
I/InputDispatcher(  346): Dropping event because there is no focused window or focused application.
I/InputDispatcher(  346): Dropping event because there is no focused window or focused application.
I/InputDispatcher(  346): Dropping event because there is no focused window or focused application.
I/InputDispatcher(  346): Dropping event because there is no focused window or focused application.
I/InputDispatcher(  346): Dropping event because there is no focused window or focused application.
I/InputDispatcher(  346): Dropping event because there is no focused window or focused application.
I/InputDispatcher(  346): Dropping event because there is no focused window or focused application.
I/InputDispatcher(  346): Dropping event because there is no focused window or focused application.
I/InputDispatcher(  346): Dropping event because there is no focused window or focused application.
I/InputDispatcher(  346): Dropping event because there is no focused window or focused application.
I/InputDispatcher(  346): Dropping event because there is no focused window or focused application.
I/InputDispatcher(  346): Dropping event because there is no focused window or focused application.
I/InputDispatcher(  346): Dropping event because there is no focused window or focused application.
I/InputDispatcher(  346): Dropping event because there is no focused window or focused application.
I/InputDispatcher(  346): Dropping event because there is no focused window or focused application.
I/InputDispatcher(  346): Dropping event because there is no focused window or focused application.
I/InputDispatcher(  346): Dropping event because there is no focused window or focused application.
W/InputManager(  346): Input event injection from pid 15981 failed.
W/InputManager(  346): Input event injection from pid 15981 failed.
W/InputManager(  346): Input event injection from pid 15981 failed.
W/InputManager(  346): Input event injection from pid 15981 failed.
W/InputManager(  346): Input event injection from pid 15981 failed.
W/InputManager(  346): Input event injection from pid 15981 failed.
W/InputManager(  346): Input event injection from pid 15981 failed.
W/InputManager(  346): Input event injection from pid 15981 failed.
W/InputManager(  346): Input event injection from pid 15981 failed.
W/InputManager(  346): Input event injection from pid 15981 failed.
W/InputManager(  346): Input event injection from pid 15981 failed.
W/InputManager(  346): Input event injection from pid 15981 failed.
W/InputManager(  346): Input event injection from pid 15981 failed.
W/InputManager(  346): Input event injection from pid 15981 failed.
W/InputManager(  346): Input event injection from pid 15981 failed.
W/InputManager(  346): Input event injection from pid 15981 failed.
W/InputManager(  346): Input event injection from pid 15981 failed.
W/InputManager(  346): Input event injection from pid 15981 failed.
W/InputManager(  346): Input event injection from pid 15981 failed.
W/InputManager(  346): Input event injection from pid 15981 failed.
W/InputManager(  346): Input event injection from pid 15981 failed.
I/InputDispatcher(  346): Dropping event because there is no focused window or focused application.
I/InputDispatcher(  346): Dropping event because there is no focused window or focused application.
I/InputDispatcher(  346): Dropping event because there is no focused window or focused application.
I/InputDispatcher(  346): Dropping event because there is no focused window or focused application.
I/InputDispatcher(  346): Dropping event because there is no focused window or focused application.
I/InputDispatcher(  346): Dropping event because there is no focused window or focused application.
I/InputDispatcher(  346): Dropping event because there is no focused window or focused application.
I/InputDispatcher(  346): Dropping event because there is no focused window or focused application.
I/InputDispatcher(  346): Dropping event because there is no focused window or focused application.
I/InputDispatcher(  346): Dropping event because there is no focused window or focused application.
I/InputDispatcher(  346): Dropping event because there is no focused window or focused application.
I/ActivityManager(  346): START u0 {act=android.intent.action.MAIN cat=[android.intent.category.HOME] flg=0x10200000 cmp=com.vphone.launcher/.Launcher} from pid 346
W/InputManager(  346): Input event injection from pid 15981 failed.
W/InputManager(  346): Input event injection from pid 15981 failed.
W/InputManager(  346): Input event injection from pid 15981 failed.
W/InputManager(  346): Input event injection from pid 15981 failed.
W/InputManager(  346): Input event injection from pid 15981 failed.
W/InputManager(  346): Input event injection from pid 15981 failed.
W/InputManager(  346): Input event injection from pid 15981 failed.
W/InputManager(  346): Input event injection from pid 15981 failed.
W/InputManager(  346): Input event injection from pid 15981 failed.
W/InputManager(  346): Input event injection from pid 15981 failed.
W/InputManager(  346): Input event injection from pid 15981 failed.
W/InputManager(  346): Input event injection from pid 15981 failed.
W/InputManager(  346): Input event injection from pid 15981 failed.
W/InputManager(  346): Input event injection from pid 15981 failed.
I/InputDispatcher(  346): Dropping event because there is no focused window or focused application.
I/InputDispatcher(  346): Dropping event because there is no focused window or focused application.
I/InputDispatcher(  346): Dropping event because there is no focused window or focused application.
I/InputDispatcher(  346): Dropping event because there is no focused window or focused application.
W/InputManager(  346): Input event injection from pid 15981 failed.
W/InputManager(  346): Input event injection from pid 15981 failed.
W/InputManager(  346): Input event injection from pid 15981 failed.
W/InputManager(  346): Input event injection from pid 15981 failed.
W/InputManager(  346): Input event injection from pid 15981 failed.
W/InputManager(  346): Input event injection from pid 15981 failed.
W/InputManager(  346): Input event injection from pid 15981 failed.
W/EGL_emulation(11448): eglSurfaceAttrib not implemented 3093 12436
D/Sensors (  346): Client connection accepted (187)
W/ViewRootImpl(11448): Dropping event due to no window focus: KeyEvent { action=ACTION_DOWN, keyCode=KEYCODE_DPAD_CENTER, scanCode=0, metaState=0, flags=0x8, repeatCount=0, eventTime=14736633, downTime=14736633, deviceId=-1, source=0x101 }
I/ActivityManager(  346): START u0 {act=android.intent.action.MAIN cat=[android.intent.category.LAUNCHER] flg=0x10200000 cmp=com.etrade.mobilepro.activity/.MobileProMain} from pid 15981
D/dalvikvm(11448): GC_FOR_ALLOC freed 2888K, 5% free 109820K/115088K, paused 16ms, total 16ms
W/ContextImpl(  346): Calling a method in the system process without a qualified user: android.app.ContextImpl.sendBroadcast:1123 com.android.server.InputMethodManagerService.hideCurrentInputLocked:1880 com.android.server.InputMethodManagerService.windowGainedFocus:1968 com.android.internal.view.IInputMethodManager$Stub.onTransact:221 com.android.server.InputMethodManagerService.onTransact:818 
D/dalvikvm(  531): GC_FOR_ALLOC freed 9144K, 49% free 12344K/23916K, paused 3ms, total 3ms
W/Binder  (  631): Caught a RuntimeException from the binder stub implementation.
W/Binder  (  631): java.lang.NullPointerException
W/Binder  (  631): 	at android.inputmethodservice.IInputMethodWrapper.setSessionEnabled(IInputMethodWrapper.java:280)
W/Binder  (  631): 	at com.android.internal.view.IInputMethod$Stub.onTransact(IInputMethod.java:129)
W/Binder  (  631): 	at android.os.Binder.execTransact(Binder.java:404)
W/Binder  (  631): 	at dalvik.system.NativeStart.run(Native Method)
I/dalvikvm-heap(  531): Grow heap (frag case) to 18.365MB for 6553612-byte allocation
D/yeshen  (11448): launcher onpause
W/InputMethodManagerService(  346): Got RemoteException sending setActive(false) notification to pid 16194 uid 10125
D/dalvikvm(  531): GC_CONCURRENT freed 705K, 41% free 18039K/30320K, paused 2ms+1ms, total 6ms
I/ActivityManager(  346): Start proc com.etrade.mobilepro.activity for activity com.etrade.mobilepro.activity/.MobileProMain: pid=16317 uid=10125 gids={50125, 3003}
W/NetworkManagementSocketTagger(  346): setKernelCountSet(10125, 1) failed with errno -13
I/dalvikvm(16317): ignoring registerObject request in thread=1
I/dalvikvm(16317): ignoring registerObject request in thread=1
D/DiscourseLogger(16317): DiscourseLogger: constructor
D/ETLog   (16317): discourse logger static block
D/dalvikvm(16317): JIT code cache reset in 0 ms (0 bytes 1/0)
D/dalvikvm(16317): GC_CONCURRENT freed 153K, 7% free 3020K/3236K, paused 2ms+0ms, total 5ms
D/yeshen  (11448): launcher onstop
W/DebugConnManager(11448): getNetworkInfo() on networkType 1
I/Launcher(11448): Deferring update until onResume
D/dalvikvm(16317): GC_CONCURRENT freed 323K, 12% free 3082K/3468K, paused 2ms+0ms, total 4ms
D/dalvikvm(16317): GC_CONCURRENT freed 383K, 13% free 3085K/3536K, paused 1ms+0ms, total 3ms
D/dalvikvm(16317): GC_CONCURRENT freed 560K, 18% free 2916K/3536K, paused 3ms+0ms, total 5ms
D/dalvikvm(16317): GC_FOR_ALLOC freed 7K, 18% free 2919K/3536K, paused 2ms, total 2ms
I/dalvikvm-heap(16317): Grow heap (frag case) to 2.922MB for 16396-byte allocation
D/dalvikvm(16317): GC_FOR_ALLOC freed <1K, 18% free 2935K/3556K, paused 2ms, total 2ms
D/dalvikvm(16317): GC_FOR_ALLOC freed <1K, 18% free 2935K/3556K, paused 2ms, total 2ms
I/dalvikvm-heap(16317): Grow heap (frag case) to 2.939MB for 16396-byte allocation
D/dalvikvm(16317): GC_FOR_ALLOC freed 0K, 18% free 2951K/3576K, paused 2ms, total 2ms
D/dalvikvm(16317): GC_CONCURRENT freed 187K, 8% free 3325K/3576K, paused 2ms+1ms, total 6ms
D/dalvikvm(16317): GC_CONCURRENT freed 141K, 6% free 3568K/3780K, paused 1ms+0ms, total 3ms
D/dalvikvm(16317): GC_CONCURRENT freed 279K, 9% free 3793K/4140K, paused 2ms+0ms, total 6ms
D/dalvikvm(16317): WAIT_FOR_CONCURRENT_GC blocked 2ms
I/CrashlyticsCore(16317): Initializing Crashlytics 2.3.8.97
D/dalvikvm(16317): WAIT_FOR_CONCURRENT_GC blocked 2ms
D/dalvikvm(16317): WAIT_FOR_CONCURRENT_GC blocked 4ms
D/dalvikvm(16317): WAIT_FOR_CONCURRENT_GC blocked 4ms
I/dalvikvm(16317): Could not find method android.app.Notification$Builder.setLocalOnly, referenced from method com.google.android.gms.common.GooglePlayServicesUtil.zza
W/dalvikvm(16317): VFY: unable to resolve virtual method 229: Landroid/app/Notification$Builder;.setLocalOnly (Z)Landroid/app/Notification$Builder;
D/dalvikvm(16317): VFY: replacing opcode 0x6e at 0x00fb
I/dalvikvm(16317): Could not find method android.content.pm.PackageManager.getPackageInstaller, referenced from method com.google.android.gms.common.zze.zzl
W/dalvikvm(16317): VFY: unable to resolve virtual method 488: Landroid/content/pm/PackageManager;.getPackageInstaller ()Landroid/content/pm/PackageInstaller;
D/dalvikvm(16317): VFY: replacing opcode 0x6e at 0x001a
I/dalvikvm(16317): Could not find method android.webkit.WebSettings.setMixedContentMode, referenced from method com.ensighten.Ensighten.a
W/dalvikvm(16317): VFY: unable to resolve virtual method 9777: Landroid/webkit/WebSettings;.setMixedContentMode (I)V
D/dalvikvm(16317): VFY: replacing opcode 0x6e at 0x01d8
D/ConfigUtil(16317): isTablet isBehaveAsTablet: false BuildConfig.DEBUG: false
D/ConfigUtil(16317): isTablet configInteger: 0 result: false
D/MobileProMain:179(16317): onCreate DENSITY_HIGH: 
D/ConfigUtil(16317): isTablet isBehaveAsTablet: false BuildConfig.DEBUG: false
D/ConfigUtil(16317): isTablet configInteger: 0 result: false
D/MobileProMain:104(16317): onCreate current config: false padding horizontal: 24.0
D/dalvikvm(16317): GC_FOR_ALLOC freed 278K, 9% free 3886K/4232K, paused 5ms, total 5ms
I/dalvikvm-heap(16317): Grow heap (frag case) to 7.148MB for 3456012-byte allocation
D/dalvikvm(16317): GC_FOR_ALLOC freed 782K, 15% free 6479K/7608K, paused 2ms, total 2ms
D/dalvikvm(16317): GC_CONCURRENT freed 75K, 15% free 6522K/7608K, paused 1ms+2ms, total 5ms
W/dalvikvm(16317): VFY: unable to find class referenced in signature (Lokhttp3/Request;)
W/dalvikvm(16317): VFY: unable to find class referenced in signature (Lokhttp3/Response;)
I/dalvikvm(16317): Could not find method okhttp3.Response.headers, referenced from method empirical.HelperClass.printOkHttpInfo
W/dalvikvm(16317): VFY: unable to resolve virtual method 52932: Lokhttp3/Response;.headers ()Lokhttp3/Headers;
D/dalvikvm(16317): VFY: replacing opcode 0x6e at 0x0006
W/dalvikvm(16317): VFY: unable to find class referenced in signature (Lokhttp3/Call;)
W/dalvikvm(16317): VFY: unable to find class referenced in signature (Lokhttp3/Response;)
I/dalvikvm(16317): Could not find method okhttp3.Call.request, referenced from method empirical.HelperClass.printOkHttpInfoFromCall
W/dalvikvm(16317): VFY: unable to resolve interface method 52926: Lokhttp3/Call;.request ()Lokhttp3/Request;
D/dalvikvm(16317): VFY: replacing opcode 0x72 at 0x0006
I/System.out(16317): body:<io.fabric.sdk.android.services.network.HttpRequest: java.lang.String encode(java.lang.CharSequence)>	sig:specialinvoke $r3.<java.net.URL: void <init>(java.lang.String)>($r1)	timediff:0
I/System.out(16317): <io.fabric.sdk.android.services.network.HttpRequest: java.lang.String encode(java.lang.CharSequence)>###specialinvoke $r3.<java.net.URL: void <init>(java.lang.String)>($r1)###https://e.crashlytics.com/spi/v2/events
I/System.out(16317): body:<io.fabric.sdk.android.services.network.HttpRequest: java.lang.String encode(java.lang.CharSequence)>	sig:$r4 = virtualinvoke $r3.<java.net.URL: java.lang.String getHost()>()	timediff:0
I/System.out(16317): body:<io.fabric.sdk.android.services.network.HttpRequest: java.lang.String encode(java.lang.CharSequence)>	sig:$i0 = virtualinvoke $r3.<java.net.URL: int getPort()>()	timediff:0
I/System.out(16317): body:<io.fabric.sdk.android.services.network.HttpRequest: java.lang.String encode(java.lang.CharSequence)>	sig:$r4 = virtualinvoke $r3.<java.net.URL: java.lang.String getProtocol()>()	timediff:0
I/System.out(16317): body:<io.fabric.sdk.android.services.network.HttpRequest: java.lang.String encode(java.lang.CharSequence)>	sig:$r7 = virtualinvoke $r3.<java.net.URL: java.lang.String getPath()>()	timediff:0
I/System.out(16317): body:<io.fabric.sdk.android.services.network.HttpRequest: java.lang.String encode(java.lang.CharSequence)>	sig:$r8 = virtualinvoke $r3.<java.net.URL: java.lang.String getQuery()>()	timediff:0
I/System.out(16317): body:<io.fabric.sdk.android.services.network.HttpRequest: java.lang.String encode(java.lang.CharSequence)>	sig:specialinvoke $r6.<java.net.URI: void <init>(java.lang.String,java.lang.String,java.lang.String,java.lang.String,java.lang.String)>($r4, $r1, $r7, $r8, null)	timediff:0
I/System.out(16317): body:<io.fabric.sdk.android.services.network.HttpRequest: java.lang.String encode(java.lang.CharSequence)>	sig:$r8 = virtualinvoke $r6.<java.net.URI: java.lang.String toASCIIString()>()	timediff:0
I/System.out(16317): body:<io.fabric.sdk.android.services.network.HttpRequest: void <init>(java.lang.CharSequence,java.lang.String)>	sig:specialinvoke $r5.<java.net.URL: void <init>(java.lang.String)>($r4)	timediff:0
I/System.out(16317): <io.fabric.sdk.android.services.network.HttpRequest: void <init>(java.lang.CharSequence,java.lang.String)>###specialinvoke $r5.<java.net.URL: void <init>(java.lang.String)>($r4)###https://e.crashlytics.com/spi/v2/events
I/System.out(16317): body:<io.fabric.sdk.android.services.network.HttpRequest$ConnectionFactory$1: java.net.HttpURLConnection create(java.net.URL)>	sig:$r2 = virtualinvoke $r1.<java.net.URL: java.net.URLConnection openConnection()>()	timediff:11
I/System.out(16317): body:<io.fabric.sdk.android.services.network.HttpRequest: java.net.HttpURLConnection createConnection()>	sig:virtualinvoke $r1.<java.net.HttpURLConnection: void setRequestMethod(java.lang.String)>($r3)	timediff:0
I/System.out(16317): body:<io.fabric.sdk.android.services.network.HttpRequest: io.fabric.sdk.android.services.network.HttpRequest useCaches(boolean)>	sig:virtualinvoke $r1.<java.net.HttpURLConnection: void setUseCaches(boolean)>($z0)	timediff:0
I/System.out(16317): body:<io.fabric.sdk.android.services.network.HttpRequest: io.fabric.sdk.android.services.network.HttpRequest connectTimeout(int)>	sig:virtualinvoke $r1.<java.net.HttpURLConnection: void setConnectTimeout(int)>($i0)	timediff:0
I/System.out(16317): body:<io.fabric.sdk.android.services.network.HttpRequest: io.fabric.sdk.android.services.network.HttpRequest header(java.lang.String,java.lang.String)>	sig:virtualinvoke $r3.<java.net.HttpURLConnection: void setRequestProperty(java.lang.String,java.lang.String)>($r1, $r2)	timediff:0
I/System.out(16317): body:<io.fabric.sdk.android.services.network.HttpRequest: io.fabric.sdk.android.services.network.HttpRequest header(java.lang.String,java.lang.String)>	sig:virtualinvoke $r3.<java.net.HttpURLConnection: void setRequestProperty(java.lang.String,java.lang.String)>($r1, $r2)	timediff:0
I/System.out(16317): body:<io.fabric.sdk.android.services.network.HttpRequest: io.fabric.sdk.android.services.network.HttpRequest header(java.lang.String,java.lang.String)>	sig:virtualinvoke $r3.<java.net.HttpURLConnection: void setRequestProperty(java.lang.String,java.lang.String)>($r1, $r2)	timediff:0
I/System.out(16317): body:<io.fabric.sdk.android.services.network.HttpRequest: io.fabric.sdk.android.services.network.HttpRequest header(java.lang.String,java.lang.String)>	sig:virtualinvoke $r3.<java.net.HttpURLConnection: void setRequestProperty(java.lang.String,java.lang.String)>($r1, $r2)	timediff:0
I/System.out(16317): body:<io.fabric.sdk.android.services.network.HttpRequest: io.fabric.sdk.android.services.network.HttpRequest header(java.lang.String,java.lang.String)>	sig:virtualinvoke $r3.<java.net.HttpURLConnection: void setRequestProperty(java.lang.String,java.lang.String)>($r1, $r2)	timediff:0
I/System.out(16317): body:<io.fabric.sdk.android.services.network.HttpRequest: io.fabric.sdk.android.services.network.HttpRequest header(java.lang.String,java.lang.String)>	sig:virtualinvoke $r3.<java.net.HttpURLConnection: void setRequestProperty(java.lang.String,java.lang.String)>($r1, $r2)	timediff:0
I/System.out(16317): body:<io.fabric.sdk.android.services.network.HttpRequest: io.fabric.sdk.android.services.network.HttpRequest openOutput()>	sig:virtualinvoke $r2.<java.net.HttpURLConnection: void setDoOutput(boolean)>(1)	timediff:0
I/System.out(16317): body:<io.fabric.sdk.android.services.network.HttpRequest: io.fabric.sdk.android.services.network.HttpRequest openOutput()>	sig:$r3 = virtualinvoke $r2.<java.net.HttpURLConnection: java.lang.String getRequestProperty(java.lang.String)>("Content-Type")	timediff:0
D/EtmpConfig(16317): Environment: PROD
D/EtmpConfig(16317): ServerSideConfiguration URL: https://mobile.etrade.com
D/EtmpConfig(16317): Trading URL: https://mobiletrade.etrade.com
D/EtmpConfig(16317): Chart URL: http://optchart.etrade.com/graphs/
D/EtmpConfig(16317): MyET URL: https://us.etrade.com
D/EtmpConfig(16317): Api URL: https://api.etrade.com
D/EtmpConfig(16317): ConsumerKey: 1f03813ddd6b7c4b35f03ba41f27f95c
I/EtmpConfig(16317): Fetching configuration
I/System.out(16317): body:<com.etrade.mobilepro.core.config.EtmpConfig: void fetchData(boolean)>	sig:$r6 = staticinvoke <java.net.URLEncoder: java.lang.String encode(java.lang.String)>($r6)	timediff:0
I/System.out(16317): body:<com.etrade.mobilepro.core.config.EtmpConfig: void fetchData(boolean)>	sig:$r2 = staticinvoke <java.net.URLEncoder: java.lang.String encode(java.lang.String)>($r2)	timediff:0
D/EtmpConfig(16317): URL = https://mobile.etrade.com/mobilepro/android/android.xml?DeviceID=b083feaa75293926&Version=5.2&OSVer=4.4.2&i=1523661514864
D/TimeoutService(16317): Timeout service started
D/ConfigUtil(16317): isTablet isBehaveAsTablet: false BuildConfig.DEBUG: false
D/ConfigUtil(16317): isTablet configInteger: 0 result: false
D/MobileProHttpClient:118(16317): getResponseByGet userAgent: Dalvik/1.6.0 (Linux; U; Android 4.4.2; SM-G955N Build/NRD90M) modifiedUserAgent: Dalvik/1.6.0 (Linux; U; Android 4.4.2; SM-G955N Build/NRD90M) DType:AND-PHN
D/MobileProHttpClient:98(16317): getResponseByGet method headers: [Lorg.apache.http.Header;@4a8272f4
D/ConfigUtil(16317): isTablet isBehaveAsTablet: false BuildConfig.DEBUG: false
D/ConfigUtil(16317): isTablet configInteger: 0 result: false
D/MobileProHttpClient:118(16317): getResponseByGet userAgent: Dalvik/1.6.0 (Linux; U; Android 4.4.2; SM-G955N Build/NRD90M) modifiedUserAgent: Dalvik/1.6.0 (Linux; U; Android 4.4.2; SM-G955N Build/NRD90M) DType:AND-PHN
D/ConfigUtil(16317): isTablet isBehaveAsTablet: false BuildConfig.DEBUG: false
D/ConfigUtil(16317): isTablet configInteger: 0 result: false
D/PerfChartsUtil(16317): PPI Count = 240 full height: 1280 full width: 720
D/PerfChartsUtil(16317): shorterSidePx 0 biggerSidePx: 0
D/PerfChartsUtil(16317): getStatusBarHeight resourceId: 17104908 result: 38
D/ConfigUtil(16317): isTablet isBehaveAsTablet: false BuildConfig.DEBUG: false
D/ConfigUtil(16317): isTablet configInteger: 0 result: false
D/PerfChartsUtil(16317): init: biggerSidePx: 1280 shorterSidePx: 720
D/PerfChartsUtil(16317): init: headerAndPageIndicatorHeight: 112 headerPageIndicatorAndButtonBarHeight: 142 headerButtonBarHeight: 120
D/PerfChartsUtil(16317): init mainStatusBarHeight 60 toolbarHeight: 72
D/PerfChartsUtil(16317): init: OVERVIEW_PORT_CHART_HEIGHT: 1168 PERFORMANCE_PORT_CHART_HEIGHT: 1168
D/PerfChartsUtil(16317): init: OVERVIEW_LAND_CHART_HEIGHT: 608 PERFORMANCE_LAND_CHART_HEIGHT: 578
D/libEGL  (16317): loaded /system/lib/egl/libEGL_adreno.so
D/        (16317): HostConnection::get() New Host Connection established 0xb7b4f440, tid 16317
D/libEGL  (16317): loaded /system/lib/egl/libGLESv1_CM_adreno.so
D/libEGL  (16317): loaded /system/lib/egl/libGLESv2_adreno.so
W/EGL_emulation(16317): eglSurfaceAttrib not implemented 3093 12436
D/OpenGLRenderer(16317): Enabling debug mode 0
D/ConfigUtil(16317): isTablet isBehaveAsTablet: false BuildConfig.DEBUG: false
D/ConfigUtil(16317): isTablet configInteger: 0 result: false
I/MobileProMain(16317): Bootstrap Ensighten
D/Ensighten(16317): Starting Ensighten Mobile Version 2.3.1.
W/ViewRootImpl(16317): Dropping event due to no window focus: KeyEvent { action=ACTION_DOWN, keyCode=KEYCODE_NUMPAD_RIGHT_PAREN, scanCode=0, metaState=0, flags=0x8, repeatCount=0, eventTime=14736654, downTime=14736654, deviceId=-1, source=0x101 }
W/ViewRootImpl(16317): Dropping event due to no window focus: KeyEvent { action=ACTION_DOWN, keyCode=KEYCODE_DPAD_LEFT, scanCode=0, metaState=0, flags=0x8, repeatCount=0, eventTime=14737027, downTime=14737027, deviceId=-1, source=0x101 }
W/Settings(16317): Setting android_id has moved from android.provider.Settings.System to android.provider.Settings.Secure, returning read-only value.
D/dalvikvm(16317): GC_FOR_ALLOC freed 681K, 13% free 6827K/7820K, paused 4ms, total 5ms
I/System.out(16317): body:<com.ensighten.Utils: java.lang.String buildConfigURL(java.lang.String,java.lang.String,java.lang.String,java.lang.String,java.lang.String,java.lang.String,java.lang.String)>	sig:$r7 = staticinvoke <java.net.URLEncoder: java.lang.String encode(java.lang.String)>($r0)	timediff:0
I/System.out(16317): body:<com.ensighten.Utils: java.lang.String buildConfigURL(java.lang.String,java.lang.String,java.lang.String,java.lang.String,java.lang.String,java.lang.String,java.lang.String)>	sig:$r7 = staticinvoke <java.net.URLEncoder: java.lang.String encode(java.lang.String)>($r1)	timediff:0
I/System.out(16317): body:<com.ensighten.Utils: java.lang.String buildConfigURL(java.lang.String,java.lang.String,java.lang.String,java.lang.String,java.lang.String,java.lang.String,java.lang.String)>	sig:$r7 = staticinvoke <java.net.URLEncoder: java.lang.String encode(java.lang.String)>($r2)	timediff:0
I/System.out(16317): body:<com.ensighten.Utils: java.lang.String buildConfigURL(java.lang.String,java.lang.String,java.lang.String,java.lang.String,java.lang.String,java.lang.String,java.lang.String)>	sig:$r7 = staticinvoke <java.net.URLEncoder: java.lang.String encode(java.lang.String)>($r3)	timediff:0
I/System.out(16317): body:<com.ensighten.Utils: java.lang.String buildConfigURL(java.lang.String,java.lang.String,java.lang.String,java.lang.String,java.lang.String,java.lang.String,java.lang.String)>	sig:$r7 = staticinvoke <java.net.URLEncoder: java.lang.String encode(java.lang.String)>($r4)	timediff:0
I/System.out(16317): body:<com.ensighten.Utils: java.lang.String buildConfigURL(java.lang.String,java.lang.String,java.lang.String,java.lang.String,java.lang.String,java.lang.String,java.lang.String)>	sig:$r7 = staticinvoke <java.net.URLEncoder: java.lang.String encode(java.lang.String)>($r5)	timediff:0
I/System.out(16317): body:<com.ensighten.Utils: java.lang.String buildConfigURL(java.lang.String,java.lang.String,java.lang.String,java.lang.String,java.lang.String,java.lang.String,java.lang.String)>	sig:$r7 = staticinvoke <java.net.URLEncoder: java.lang.String encode(java.lang.String)>($r6)	timediff:0
V/WebViewChromium(16317): Binding Chromium to the background looper Looper (main, tid 1) {4a7e5e10}
I/chromium(16317): [INFO:library_loader_hooks.cc(112)] Chromium logging enabled: level = 0, default verbosity = 0
I/BrowserProcessMain(16317): Initializing chromium process, renderers=0
W/chromium(16317): [WARNING:proxy_service.cc(888)] PAC support disabled because there is no system implementation
D/dalvikvm(16317): GC_FOR_ALLOC freed 941K, 13% free 6953K/7956K, paused 3ms, total 3ms
I/dalvikvm-heap(16317): Grow heap (frag case) to 7.453MB for 635808-byte allocation
D/dalvikvm(16317): GC_FOR_ALLOC freed <1K, 12% free 7573K/8580K, paused 3ms, total 3ms
I/System.out(16317): body:<com.ensighten.Utils: java.lang.String buildTagContainerURL(java.lang.String,java.lang.String,java.lang.String,java.lang.String,java.lang.String,java.lang.String)>	sig:$r6 = staticinvoke <java.net.URLEncoder: java.lang.String encode(java.lang.String)>($r0)	timediff:0
I/System.out(16317): body:<com.ensighten.Utils: java.lang.String buildTagContainerURL(java.lang.String,java.lang.String,java.lang.String,java.lang.String,java.lang.String,java.lang.String)>	sig:$r6 = staticinvoke <java.net.URLEncoder: java.lang.String encode(java.lang.String)>($r1)	timediff:0
I/System.out(16317): body:<com.ensighten.Utils: java.lang.String buildTagContainerURL(java.lang.String,java.lang.String,java.lang.String,java.lang.String,java.lang.String,java.lang.String)>	sig:$r6 = staticinvoke <java.net.URLEncoder: java.lang.String encode(java.lang.String)>($r2)	timediff:0
I/System.out(16317): body:<com.ensighten.Utils: java.lang.String buildTagContainerURL(java.lang.String,java.lang.String,java.lang.String,java.lang.String,java.lang.String,java.lang.String)>	sig:$r6 = staticinvoke <java.net.URLEncoder: java.lang.String encode(java.lang.String)>($r3)	timediff:0
I/System.out(16317): body:<com.ensighten.Utils: java.lang.String buildTagContainerURL(java.lang.String,java.lang.String,java.lang.String,java.lang.String,java.lang.String,java.lang.String)>	sig:$r6 = staticinvoke <java.net.URLEncoder: java.lang.String encode(java.lang.String)>($r4)	timediff:0
I/System.out(16317): body:<com.ensighten.Utils: java.lang.String buildTagContainerURL(java.lang.String,java.lang.String,java.lang.String,java.lang.String,java.lang.String,java.lang.String)>	sig:$r6 = staticinvoke <java.net.URLEncoder: java.lang.String encode(java.lang.String)>($r5)	timediff:0
I/System.out(16317): body:<com.ensighten.Utils: java.lang.String buildConfigURL(java.lang.String,java.lang.String,java.lang.String,java.lang.String,java.lang.String,java.lang.String,java.lang.String)>	sig:$r7 = staticinvoke <java.net.URLEncoder: java.lang.String encode(java.lang.String)>($r0)	timediff:0
I/System.out(16317): body:<com.ensighten.Utils: java.lang.String buildConfigURL(java.lang.String,java.lang.String,java.lang.String,java.lang.String,java.lang.String,java.lang.String,java.lang.String)>	sig:$r7 = staticinvoke <java.net.URLEncoder: java.lang.String encode(java.lang.String)>($r1)	timediff:0
I/System.out(16317): body:<com.ensighten.Utils: java.lang.String buildConfigURL(java.lang.String,java.lang.String,java.lang.String,java.lang.String,java.lang.String,java.lang.String,java.lang.String)>	sig:$r7 = staticinvoke <java.net.URLEncoder: java.lang.String encode(java.lang.String)>($r2)	timediff:0
I/System.out(16317): body:<com.ensighten.Utils: java.lang.String buildConfigURL(java.lang.String,java.lang.String,java.lang.String,java.lang.String,java.lang.String,java.lang.String,java.lang.String)>	sig:$r7 = staticinvoke <java.net.URLEncoder: java.lang.String encode(java.lang.String)>($r3)	timediff:0
I/System.out(16317): body:<com.ensighten.Utils: java.lang.String buildConfigURL(java.lang.String,java.lang.String,java.lang.String,java.lang.String,java.lang.String,java.lang.String,java.lang.String)>	sig:$r7 = staticinvoke <java.net.URLEncoder: java.lang.String encode(java.lang.String)>($r4)	timediff:0
I/System.out(16317): body:<com.ensighten.Utils: java.lang.String buildConfigURL(java.lang.String,java.lang.String,java.lang.String,java.lang.String,java.lang.String,java.lang.String,java.lang.String)>	sig:$r7 = staticinvoke <java.net.URLEncoder: java.lang.String encode(java.lang.String)>($r5)	timediff:0
I/System.out(16317): body:<com.ensighten.Utils: java.lang.String buildConfigURL(java.lang.String,java.lang.String,java.lang.String,java.lang.String,java.lang.String,java.lang.String,java.lang.String)>	sig:$r7 = staticinvoke <java.net.URLEncoder: java.lang.String encode(java.lang.String)>($r6)	timediff:0
I/dalvikvm(16317): Could not find method android.view.View.setTranslationZ, referenced from method com.ensighten.L.b
W/dalvikvm(16317): VFY: unable to resolve virtual method 9446: Landroid/view/View;.setTranslationZ (F)V
D/dalvikvm(16317): VFY: replacing opcode 0x6e at 0x00ff
W/ViewRootImpl(16317): Dropping event due to no window focus: KeyEvent { action=ACTION_DOWN, keyCode=KEYCODE_DPAD_RIGHT, scanCode=0, metaState=0, flags=0x8, repeatCount=0, eventTime=14737028, downTime=14737028, deviceId=-1, source=0x101 }
W/ContextImpl(  346): Calling a method in the system process without a qualified user: android.app.ContextImpl.sendBroadcast:1123 com.android.server.InputMethodManagerService.hideCurrentInputLocked:1880 com.android.server.InputMethodManagerService.windowGainedFocus:1968 com.android.internal.view.IInputMethodManager$Stub.onTransact:221 com.android.server.InputMethodManagerService.onTransact:818 
I/InputDispatcher(  346): Dropped event because of pending overdue app switch.
W/InputManager(  346): Input event injection from pid 15981 failed.
I/MobileProMain(16317): Trying to navigate to DashboardActivity activity.
I/ActivityManager(  346): START u0 {flg=0x4000000 cmp=com.etrade.mobilepro.activity/com.etrade.mobilepro.dashboard.DashboardActivity} from pid 16317
I/System.out(16317): body:<io.fabric.sdk.android.services.network.HttpRequest: io.fabric.sdk.android.services.network.HttpRequest openOutput()>	sig:$r4 = virtualinvoke $r2.<java.net.HttpURLConnection: java.io.OutputStream getOutputStream()>()	timediff:239
I/MobileProHttpClient(16317): gzipEnabled = false
D/EtmpConfig(16317): received configuration response, android.xml 
I/EtmpConfig(16317): curVersion = 5.2 newVersion = 6.1
D/com.etrade.mobilepro.core.components.CoreApplication(16317): Setting http headers
D/IPAddressUtil(16317): inside getLocalIpAddress
I/System.out(16317): body:<com.etrade.mobilepro.core.util.IPAddressUtil: java.lang.String getLocalIpAddress(boolean)>	sig:$r3 = staticinvoke <java.net.NetworkInterface: java.util.Enumeration getNetworkInterfaces()>()	timediff:1
I/System.out(16317): body:<com.etrade.mobilepro.core.util.IPAddressUtil: java.lang.String getLocalIpAddress(boolean)>	sig:$r6 = virtualinvoke $r5.<java.net.NetworkInterface: java.util.Enumeration getInetAddresses()>()	timediff:0
I/System.out(16317): body:<com.etrade.mobilepro.core.util.IPAddressUtil: java.lang.String getLocalIpAddress(boolean)>	sig:$r6 = virtualinvoke $r5.<java.net.NetworkInterface: java.util.Enumeration getInetAddresses()>()	timediff:0
I/System.out(16317): body:<com.etrade.mobilepro.core.util.IPAddressUtil: java.lang.String getLocalIpAddress(boolean)>	sig:$z1 = virtualinvoke $r7.<java.net.InetAddress: boolean isLoopbackAddress()>()	timediff:0
I/System.out(16317): body:<com.etrade.mobilepro.core.util.IPAddressUtil: java.lang.String getLocalIpAddress(boolean)>	sig:$z1 = virtualinvoke $r7.<java.net.InetAddress: boolean isLoopbackAddress()>()	timediff:0
I/System.out(16317): body:<com.etrade.mobilepro.core.util.IPAddressUtil: java.lang.String getLocalIpAddress(boolean)>	sig:$r6 = virtualinvoke $r5.<java.net.NetworkInterface: java.util.Enumeration getInetAddresses()>()	timediff:0
I/System.out(16317): body:<com.etrade.mobilepro.core.util.IPAddressUtil: java.lang.String getLocalIpAddress(boolean)>	sig:$z1 = virtualinvoke $r7.<java.net.InetAddress: boolean isLoopbackAddress()>()	timediff:0
I/System.out(16317): body:<com.etrade.mobilepro.core.util.IPAddressUtil: java.lang.String getLocalIpAddress(boolean)>	sig:$r8 = virtualinvoke $r7.<java.net.InetAddress: java.lang.String getHostAddress()>()	timediff:0
I/System.out(16317): body:<com.etrade.mobilepro.core.util.IPAddressUtil: java.lang.String getLocalIpAddress(boolean)>	sig:$r6 = virtualinvoke $r5.<java.net.NetworkInterface: java.util.Enumeration getInetAddresses()>()	timediff:0
I/System.out(16317): body:<com.etrade.mobilepro.core.util.IPAddressUtil: java.lang.String getLocalIpAddress(boolean)>	sig:$r6 = virtualinvoke $r5.<java.net.NetworkInterface: java.util.Enumeration getInetAddresses()>()	timediff:0
I/System.out(16317): body:<com.etrade.mobilepro.core.util.IPAddressUtil: java.lang.String getLocalIpAddress(boolean)>	sig:$z1 = virtualinvoke $r7.<java.net.InetAddress: boolean isLoopbackAddress()>()	timediff:0
I/System.out(16317): body:<com.etrade.mobilepro.core.util.IPAddressUtil: java.lang.String getLocalIpAddress(boolean)>	sig:$r8 = virtualinvoke $r7.<java.net.InetAddress: java.lang.String getHostAddress()>()	timediff:0
I/System.out(16317): body:<com.etrade.mobilepro.core.util.IPAddressUtil: java.lang.String getLocalIpAddress(boolean)>	sig:$r6 = virtualinvoke $r5.<java.net.NetworkInterface: java.util.Enumeration getInetAddresses()>()	timediff:0
D/ConfigUtil(16317): isTablet isBehaveAsTablet: false BuildConfig.DEBUG: false
D/ConfigUtil(16317): isTablet configInteger: 0 result: false
D/com.etrade.mobilepro.core.components.CoreApplication(16317): setHttpHeaders modifiedUserAgent: Dalvik/1.6.0 (Linux; U; Android 4.4.2; SM-G955N Build/NRD90M) DType:AND-PHN
D/com.etrade.mobilepro.core.components.CoreApplication(16317): Registering daily config reload task
D/com.etrade.mobilepro.core.components.CoreApplication(16317): Creating new TImer for reload config
D/IPAddressUtil(16317): inside getExternalIp, sync: false
D/ConfigUtil(16317): isTablet isBehaveAsTablet: false BuildConfig.DEBUG: false
E/ETApplication(16317): Application init completed
D/ConfigUtil(16317): isTablet configInteger: 0 result: false
D/MobileProHttpClient:118(16317): getResponseByGet userAgent: Dalvik/1.6.0 (Linux; U; Android 4.4.2; SM-G955N Build/NRD90M) modifiedUserAgent: Dalvik/1.6.0 (Linux; U; Android 4.4.2; SM-G955N Build/NRD90M) DType:AND-PHN
D/MobileProHttpClient:98(16317): getResponseByGet method headers: [Lorg.apache.http.Header;@4aaba464
D/ConfigUtil(16317): isTablet isBehaveAsTablet: false BuildConfig.DEBUG: false
D/ConfigUtil(16317): isTablet configInteger: 0 result: false
D/MobileProHttpClient:118(16317): getResponseByGet userAgent: Dalvik/1.6.0 (Linux; U; Android 4.4.2; SM-G955N Build/NRD90M) modifiedUserAgent: Dalvik/1.6.0 (Linux; U; Android 4.4.2; SM-G955N Build/NRD90M) DType:AND-PHN
I/System.out(16317): body:<com.ensighten.Utils: java.lang.String buildTagContainerURL(java.lang.String,java.lang.String,java.lang.String,java.lang.String,java.lang.String,java.lang.String)>	sig:$r6 = staticinvoke <java.net.URLEncoder: java.lang.String encode(java.lang.String)>($r0)	timediff:0
I/System.out(16317): body:<com.ensighten.Utils: java.lang.String buildTagContainerURL(java.lang.String,java.lang.String,java.lang.String,java.lang.String,java.lang.String,java.lang.String)>	sig:$r6 = staticinvoke <java.net.URLEncoder: java.lang.String encode(java.lang.String)>($r1)	timediff:0
I/System.out(16317): body:<com.ensighten.Utils: java.lang.String buildTagContainerURL(java.lang.String,java.lang.String,java.lang.String,java.lang.String,java.lang.String,java.lang.String)>	sig:$r6 = staticinvoke <java.net.URLEncoder: java.lang.String encode(java.lang.String)>($r2)	timediff:0
I/System.out(16317): body:<com.ensighten.Utils: java.lang.String buildTagContainerURL(java.lang.String,java.lang.String,java.lang.String,java.lang.String,java.lang.String,java.lang.String)>	sig:$r6 = staticinvoke <java.net.URLEncoder: java.lang.String encode(java.lang.String)>($r3)	timediff:0
I/System.out(16317): body:<com.ensighten.Utils: java.lang.String buildTagContainerURL(java.lang.String,java.lang.String,java.lang.String,java.lang.String,java.lang.String,java.lang.String)>	sig:$r6 = staticinvoke <java.net.URLEncoder: java.lang.String encode(java.lang.String)>($r4)	timediff:0
I/System.out(16317): body:<com.ensighten.Utils: java.lang.String buildTagContainerURL(java.lang.String,java.lang.String,java.lang.String,java.lang.String,java.lang.String,java.lang.String)>	sig:$r6 = staticinvoke <java.net.URLEncoder: java.lang.String encode(java.lang.String)>($r5)	timediff:0
D/dalvikvm(16317): GC_FOR_ALLOC freed 1193K, 14% free 7974K/9228K, paused 7ms, total 7ms
D/dalvikvm(16317): GC_CONCURRENT freed 2K, 13% free 8058K/9228K, paused 2ms+2ms, total 8ms
I/dalvikvm(16317): Could not find method android.content.Context.getColorStateList, referenced from method android.support.v7.content.res.AppCompatResources.getColorStateList
W/dalvikvm(16317): VFY: unable to resolve virtual method 345: Landroid/content/Context;.getColorStateList (I)Landroid/content/res/ColorStateList;
D/dalvikvm(16317): VFY: replacing opcode 0x6e at 0x0006
I/dalvikvm(16317): Could not find method android.content.res.Resources.getColor, referenced from method com.etrade.mobilepro.common.widget.ETCustomButton.<init>
W/dalvikvm(16317): VFY: unable to resolve virtual method 522: Landroid/content/res/Resources;.getColor (ILandroid/content/res/Resources$Theme;)I
D/dalvikvm(16317): VFY: replacing opcode 0x6e at 0x0028
D/ETChrome(16317): init: 
I/dalvikvm(16317): Could not find method android.content.res.Resources.getDrawable, referenced from method android.support.v7.widget.ResourcesWrapper.getDrawable
W/dalvikvm(16317): VFY: unable to resolve virtual method 530: Landroid/content/res/Resources;.getDrawable (ILandroid/content/res/Resources$Theme;)Landroid/graphics/drawable/Drawable;
D/dalvikvm(16317): VFY: replacing opcode 0x6e at 0x0002
I/dalvikvm(16317): Could not find method android.content.res.Resources.getDrawableForDensity, referenced from method android.support.v7.widget.ResourcesWrapper.getDrawableForDensity
W/dalvikvm(16317): VFY: unable to resolve virtual method 532: Landroid/content/res/Resources;.getDrawableForDensity (IILandroid/content/res/Resources$Theme;)Landroid/graphics/drawable/Drawable;
D/dalvikvm(16317): VFY: replacing opcode 0x6e at 0x0002
E/dalvikvm(16317): Could not find class 'android.graphics.drawable.RippleDrawable', referenced from method android.support.v7.widget.AppCompatImageHelper.hasOverlappingRendering
