D/dalvikvm(11492): Note: class Landroid/app/ActivityManagerNative; has 179 unimplemented (abstract) methods
E/memtrack(11492): Couldn't load memtrack module (No such file or directory)
E/android.os.Debug(11492): failed to load memtrack module: -2
D/AndroidRuntime(11492): Calling main entry com.android.commands.pm.Pm
D/AndroidRuntime(11492): Shutting down VM
E/cutils-trace(11492): Error opening trace file: No such file or directory (2)
D/dalvikvm(11492): GC_CONCURRENT freed 172K, 24% free 566K/740K, paused 0ms+0ms, total 1ms
W/DebugConnManager(10668): getNetworkInfo() on networkType 1
I/InputDispatcher(  470): Application is not responding: AppWindowToken{4b09597c token=Token{4b097ba8 ActivityRecord{4aac81d0 u0 com.navyfederal.android/.home.activity.SplashScreenActivity t64}}}.  It has been 5006.1ms since event, 5005.8ms since wait started.  Reason: Waiting because no window has focus but there is a focused application that may eventually add a window when it finishes starting up.
W/SurfaceFlinger(  165): setTransactionState timed out waiting for previous animation frame
I/Choreographer(  470): Skipped 299 frames!  The application may be doing too much work on its main thread.
W/Fabric  (11403): Could not call getAdvertisingIdInfo on com.google.android.gms.ads.identifier.AdvertisingIdClient
W/Fabric  (11403): Could not call isLimitAdTrackingEnabled on com.google.android.gms.ads.identifier.AdvertisingIdClient$Info
D/dalvikvm(11403): GC_CONCURRENT freed 998K, 15% free 6340K/7404K, paused 2ms+1ms, total 7ms
W/SurfaceFlinger(  165): setTransactionState timed out waiting for previous animation frame
I/Choreographer(  470): Skipped 299 frames!  The application may be doing too much work on its main thread.
I/InputDispatcher(  470): Dropped event because it is stale.
I/Process (  470): Sending signal. PID: 11403 SIG: 3
I/InputDispatcher(  470): Window 'Window{4a9639a4 u0 StatusBar}' spent 10133.8ms processing the last input event: MotionEvent(deviceId=3, source=0x00001002, action=10, flags=0x00000000, metaState=0x00000000, buttonState=0x00000000, edgeFlags=0x00000000, xPrecision=1.0, yPrecision=1.0, displayId=0, pointers=[0: (51.0, 36.0)]), policyFlags=0x42000000
I/Choreographer(  556): Skipped 1210 frames!  The application may be doing too much work on its main thread.
I/dalvikvm(11403): threadid=3: reacting to signal 3
I/WindowManager(  470): Input event dispatching timed out sending to application AppWindowToken{4b09597c token=Token{4b097ba8 ActivityRecord{4aac81d0 u0 com.navyfederal.android/.home.activity.SplashScreenActivity t64}}}.  Reason: Waiting because no window has focus but there is a focused application that may eventually add a window when it finishes starting up.
W/InputManager(  470): Input event injection from pid 11393 failed.
I/dalvikvm(11403): Wrote stack traces to '/data/anr/traces.txt'
I/Process (  470): Sending signal. PID: 470 SIG: 3
I/dalvikvm(  470): threadid=3: reacting to signal 3
D/dalvikvm(11403): GC_CONCURRENT freed 165K, 15% free 6325K/7404K, paused 2ms+0ms, total 11ms
I/System.out(11403): body:<okhttp3.MediaType: okhttp3.MediaType parse(java.lang.String)>	sig:specialinvoke $r11.<okhttp3.MediaType: void <init>(java.lang.String,java.lang.String,java.lang.String,java.lang.String)>($r0, $r5, $r6, $r3)	timediff:0
I/System.out(11403): body:<okhttp3.Request$Builder: void <init>()>	sig:specialinvoke $r1.<okhttp3.Headers$Builder: void <init>()>()	timediff:0
I/dalvikvm(  470): Wrote stack traces to '/data/anr/traces.txt'
I/Process (  470): Sending signal. PID: 680 SIG: 3
I/dalvikvm(  680): threadid=3: reacting to signal 3
I/System.out(11403): body:<retrofit2.RequestBuilder: void <init>(java.lang.String,okhttp3.HttpUrl,java.lang.String,okhttp3.Headers,okhttp3.MediaType,boolean,boolean,boolean)>	sig:specialinvoke $r6.<okhttp3.Request$Builder: void <init>()>()	timediff:4
I/dalvikvm(  680): Wrote stack traces to '/data/anr/traces.txt'
I/Process (  470): Sending signal. PID: 556 SIG: 3
I/dalvikvm(  556): threadid=3: reacting to signal 3
I/Choreographer(11403): Skipped 911 frames!  The application may be doing too much work on its main thread.
D/~!Registration           (11403): o.R : Saving regId and app version code : 47 
I/System.out(11403): body:<o.ч: java.net.HttpURLConnection ˊ(java.lang.String)>	sig:specialinvoke $r1.<java.net.URL: void <init>(java.lang.String)>($r0)	timediff:0
I/dalvikvm(  556): Wrote stack traces to '/data/anr/traces.txt'
D/~!ETPush                 (11403): o.R : GCM Registration complete. System Token received: APA91bHUvSSkQjGeLQsWhJ-3uE3AJHdy0zDZmh97hLMtKd2i8LIN1tjfNpOFWrLEo74SfbasdwP89Ln2fg5Ak9lEM15J6sFMuPYjA_2kPbyZpG32QysMxPXDjHG7fJj_DgGL0fFKnNZP
I/System.out(11403): body:<okhttp3.RequestBody$1: void <init>(okhttp3.MediaType,o.pT)>	sig:specialinvoke $r0.<okhttp3.RequestBody: void <init>()>()	timediff:0
I/System.out(11403): body:<okhttp3.RequestBody: okhttp3.RequestBody create(okhttp3.MediaType,o.pT)>	sig:specialinvoke $r2.<okhttp3.RequestBody$1: void <init>(okhttp3.MediaType,o.pT)>($r0, $r1)	timediff:4
I/System.out(11403): body:<okhttp3.HttpUrl: okhttp3.HttpUrl$Builder newBuilder(java.lang.String)>	sig:specialinvoke $r3.<okhttp3.HttpUrl$Builder: void <init>()>()	timediff:0
I/System.out(11403): body:<okhttp3.HttpUrl$Builder: okhttp3.HttpUrl$Builder$ParseResult parse(okhttp3.HttpUrl,java.lang.String)>	sig:$i1 = staticinvoke <okhttp3.internal.Util: int skipLeadingAsciiWhitespace(java.lang.String,int,int)>($r2, 0, $i0)	timediff:0
I/System.out(11403): body:<okhttp3.HttpUrl$Builder: okhttp3.HttpUrl$Builder$ParseResult parse(okhttp3.HttpUrl,java.lang.String)>	sig:$i2 = staticinvoke <okhttp3.internal.Util: int skipTrailingAsciiWhitespace(java.lang.String,int,int)>($r2, $i1, $i2)	timediff:0
I/System.out(11403): body:<okhttp3.HttpUrl$Builder: okhttp3.HttpUrl$Builder$ParseResult parse(okhttp3.HttpUrl,java.lang.String)>	sig:$i3 = staticinvoke <okhttp3.HttpUrl$Builder: int schemeDelimiterOffset(java.lang.String,int,int)>($r2, $i1, $i2)	timediff:0
I/System.out(11403): body:<okhttp3.HttpUrl$Builder: okhttp3.HttpUrl$Builder$ParseResult parse(okhttp3.HttpUrl,java.lang.String)>	sig:$i3 = staticinvoke <okhttp3.HttpUrl$Builder: int slashCount(java.lang.String,int,int)>($r2, $i0, $i2)	timediff:0
I/System.out(11403): body:<okhttp3.HttpUrl$Builder: okhttp3.HttpUrl$Builder$ParseResult parse(okhttp3.HttpUrl,java.lang.String)>	sig:$i1 = staticinvoke <okhttp3.internal.Util: int delimiterOffset(java.lang.String,int,int,java.lang.String)>($r2, $i3, $i2, "@/\\?#")	timediff:0
I/System.out(11403): body:<okhttp3.HttpUrl$Builder: okhttp3.HttpUrl$Builder$ParseResult parse(okhttp3.HttpUrl,java.lang.String)>	sig:$i0 = staticinvoke <okhttp3.HttpUrl$Builder: int portColonOffset(java.lang.String,int,int)>($r2, $i3, $i1)	timediff:0
I/System.out(11403): body:<okhttp3.HttpUrl$Builder: java.lang.String canonicalizeHost(java.lang.String,int,int)>	sig:$r0 = staticinvoke <okhttp3.HttpUrl: java.lang.String percentDecode(java.lang.String,int,int,boolean)>($r0, $i0, $i1, 0)	timediff:0
I/System.out(11403): body:<okhttp3.internal.Util: java.lang.String domainToAscii(java.lang.String)>	sig:$r0 = staticinvoke <java.net.IDN: java.lang.String toASCII(java.lang.String)>($r0)	timediff:0
I/System.out(11403): body:<okhttp3.internal.Util: java.lang.String domainToAscii(java.lang.String)>	sig:$z0 = staticinvoke <okhttp3.internal.Util: boolean containsInvalidHostnameAsciiCodes(java.lang.String)>($r0)	timediff:0
I/System.out(11403): body:<okhttp3.HttpUrl$Builder: java.lang.String canonicalizeHost(java.lang.String,int,int)>	sig:$r0 = staticinvoke <okhttp3.internal.Util: java.lang.String domainToAscii(java.lang.String)>($r0)	timediff:0
I/System.out(11403): body:<okhttp3.HttpUrl$Builder: okhttp3.HttpUrl$Builder$ParseResult parse(okhttp3.HttpUrl,java.lang.String)>	sig:$r4 = staticinvoke <okhttp3.HttpUrl$Builder: java.lang.String canonicalizeHost(java.lang.String,int,int)>($r2, $i3, $i0)	timediff:0
I/System.out(11403): body:<okhttp3.HttpUrl$Builder: okhttp3.HttpUrl$Builder$ParseResult parse(okhttp3.HttpUrl,java.lang.String)>	sig:$i5 = staticinvoke <okhttp3.HttpUrl: int defaultPort(java.lang.String)>($r4)	timediff:0
I/System.out(11403): body:<okhttp3.HttpUrl$Builder: okhttp3.HttpUrl$Builder$ParseResult parse(okhttp3.HttpUrl,java.lang.String)>	sig:$i5 = staticinvoke <okhttp3.internal.Util: int delimiterOffset(java.lang.String,int,int,java.lang.String)>($r2, $i0, $i2, "?#")	timediff:0
I/System.out(11403): body:<okhttp3.HttpUrl$Builder: void resolvePath(java.lang.String,int,int)>	sig:$i3 = staticinvoke <okhttp3.internal.Util: int delimiterOffset(java.lang.String,int,int,java.lang.String)>($r1, $i0, $i1, "/\\")	timediff:0
I/System.out(11403): body:<okhttp3.HttpUrl$Builder: void push(java.lang.String,int,int,boolean,boolean)>	sig:$r1 = staticinvoke <okhttp3.HttpUrl: java.lang.String canonicalize(java.lang.String,int,int,java.lang.String,boolean,boolean,boolean,boolean)>($r1, $i0, $i1, " \"<>^`{}|/\\?#", $z1, 0, 0, 1)	timediff:0
I/System.out(11403): body:<okhttp3.HttpUrl$Builder: void push(java.lang.String,int,int,boolean,boolean)>	sig:$z1 = specialinvoke $r0.<okhttp3.HttpUrl$Builder: boolean isDot(java.lang.String)>($r1)	timediff:0
I/System.out(11403): body:<okhttp3.HttpUrl$Builder: void push(java.lang.String,int,int,boolean,boolean)>	sig:$z1 = specialinvoke $r0.<okhttp3.HttpUrl$Builder: boolean isDotDot(java.lang.String)>($r1)	timediff:0
I/System.out(11403): body:<okhttp3.HttpUrl$Builder: void resolvePath(java.lang.String,int,int)>	sig:specialinvoke $r0.<okhttp3.HttpUrl$Builder: void push(java.lang.String,int,int,boolean,boolean)>($r1, $i0, $i3, $z0, 1)	timediff:0
I/System.out(11403): body:<okhttp3.HttpUrl$Builder: void resolvePath(java.lang.String,int,int)>	sig:$i3 = staticinvoke <okhttp3.internal.Util: int delimiterOffset(java.lang.String,int,int,java.lang.String)>($r1, $i0, $i1, "/\\")	timediff:0
I/System.out(11403): body:<okhttp3.HttpUrl$Builder: void push(java.lang.String,int,int,boolean,boolean)>	sig:$r1 = staticinvoke <okhttp3.HttpUrl: java.lang.String canonicalize(java.lang.String,int,int,java.lang.String,boolean,boolean,boolean,boolean)>($r1, $i0, $i1, " \"<>^`{}|/\\?#", $z1, 0, 0, 1)	timediff:0
I/System.out(11403): body:<okhttp3.HttpUrl$Builder: void push(java.lang.String,int,int,boolean,boolean)>	sig:$z1 = specialinvoke $r0.<okhttp3.HttpUrl$Builder: boolean isDot(java.lang.String)>($r1)	timediff:0
I/System.out(11403): body:<okhttp3.HttpUrl$Builder: void push(java.lang.String,int,int,boolean,boolean)>	sig:$z1 = specialinvoke $r0.<okhttp3.HttpUrl$Builder: boolean isDotDot(java.lang.String)>($r1)	timediff:0
I/System.out(11403): body:<okhttp3.HttpUrl$Builder: void resolvePath(java.lang.String,int,int)>	sig:specialinvoke $r0.<okhttp3.HttpUrl$Builder: void push(java.lang.String,int,int,boolean,boolean)>($r1, $i0, $i3, $z0, 1)	timediff:0
I/System.out(11403): body:<okhttp3.HttpUrl$Builder: void resolvePath(java.lang.String,int,int)>	sig:$i3 = staticinvoke <okhttp3.internal.Util: int delimiterOffset(java.lang.String,int,int,java.lang.String)>($r1, $i0, $i1, "/\\")	timediff:0
I/System.out(11403): body:<okhttp3.HttpUrl$Builder: void push(java.lang.String,int,int,boolean,boolean)>	sig:$r1 = staticinvoke <okhttp3.HttpUrl: java.lang.String canonicalize(java.lang.String,int,int,java.lang.String,boolean,boolean,boolean,boolean)>($r1, $i0, $i1, " \"<>^`{}|/\\?#", $z1, 0, 0, 1)	timediff:0
I/System.out(11403): body:<okhttp3.HttpUrl$Builder: void push(java.lang.String,int,int,boolean,boolean)>	sig:$z1 = specialinvoke $r0.<okhttp3.HttpUrl$Builder: boolean isDot(java.lang.String)>($r1)	timediff:0
I/System.out(11403): body:<okhttp3.HttpUrl$Builder: void push(java.lang.String,int,int,boolean,boolean)>	sig:$z1 = specialinvoke $r0.<okhttp3.HttpUrl$Builder: boolean isDotDot(java.lang.String)>($r1)	timediff:0
I/System.out(11403): body:<okhttp3.HttpUrl$Builder: void resolvePath(java.lang.String,int,int)>	sig:specialinvoke $r0.<okhttp3.HttpUrl$Builder: void push(java.lang.String,int,int,boolean,boolean)>($r1, $i0, $i3, $z0, 1)	timediff:0
I/System.out(11403): body:<okhttp3.HttpUrl$Builder: okhttp3.HttpUrl$Builder$ParseResult parse(okhttp3.HttpUrl,java.lang.String)>	sig:specialinvoke $r0.<okhttp3.HttpUrl$Builder: void resolvePath(java.lang.String,int,int)>($r2, $i0, $i5)	timediff:0
I/System.out(11403): body:<okhttp3.HttpUrl: okhttp3.HttpUrl$Builder newBuilder(java.lang.String)>	sig:$r4 = virtualinvoke $r3.<okhttp3.HttpUrl$Builder: okhttp3.HttpUrl$Builder$ParseResult parse(okhttp3.HttpUrl,java.lang.String)>($r0, $r1)	timediff:3
I/System.out(11403): body:<okhttp3.HttpUrl: okhttp3.HttpUrl resolve(java.lang.String)>	sig:$r2 = virtualinvoke $r0.<okhttp3.HttpUrl: okhttp3.HttpUrl$Builder newBuilder(java.lang.String)>($r1)	timediff:3
I/System.out(11403): body:<okhttp3.HttpUrl: java.lang.String percentDecode(java.lang.String,boolean)>	sig:$r0 = staticinvoke <okhttp3.HttpUrl: java.lang.String percentDecode(java.lang.String,int,int,boolean)>($r0, 0, $i0, $z0)	timediff:0
I/System.out(11403): body:<okhttp3.HttpUrl: void <init>(okhttp3.HttpUrl$Builder)>	sig:$r2 = staticinvoke <okhttp3.HttpUrl: java.lang.String percentDecode(java.lang.String,boolean)>($r2, 0)	timediff:0
I/System.out(11403): body:<okhttp3.HttpUrl: java.lang.String percentDecode(java.lang.String,boolean)>	sig:$r0 = staticinvoke <okhttp3.HttpUrl: java.lang.String percentDecode(java.lang.String,int,int,boolean)>($r0, 0, $i0, $z0)	timediff:0
I/System.out(11403): body:<okhttp3.HttpUrl: void <init>(okhttp3.HttpUrl$Builder)>	sig:$r2 = staticinvoke <okhttp3.HttpUrl: java.lang.String percentDecode(java.lang.String,boolean)>($r2, 0)	timediff:0
I/System.out(11403): body:<okhttp3.HttpUrl: void <init>(okhttp3.HttpUrl$Builder)>	sig:$i0 = virtualinvoke $r1.<okhttp3.HttpUrl$Builder: int effectivePort()>()	timediff:0
I/System.out(11403): body:<okhttp3.HttpUrl: java.lang.String percentDecode(java.lang.String,boolean)>	sig:$r0 = staticinvoke <okhttp3.HttpUrl: java.lang.String percentDecode(java.lang.String,int,int,boolean)>($r0, 0, $i0, $z0)	timediff:0
I/System.out(11403): body:<okhttp3.HttpUrl: java.util.List percentDecode(java.util.List,boolean)>	sig:$r5 = staticinvoke <okhttp3.HttpUrl: java.lang.String percentDecode(java.lang.String,boolean)>($r5, $z0)	timediff:0
I/System.out(11403): body:<okhttp3.HttpUrl: java.lang.String percentDecode(java.lang.String,boolean)>	sig:$r0 = staticinvoke <okhttp3.HttpUrl: java.lang.String percentDecode(java.lang.String,int,int,boolean)>($r0, 0, $i0, $z0)	timediff:0
I/System.out(11403): body:<okhttp3.HttpUrl: java.util.List percentDecode(java.util.List,boolean)>	sig:$r5 = staticinvoke <okhttp3.HttpUrl: java.lang.String percentDecode(java.lang.String,boolean)>($r5, $z0)	timediff:0
I/System.out(11403): body:<okhttp3.HttpUrl: java.lang.String percentDecode(java.lang.String,boolean)>	sig:$r0 = staticinvoke <okhttp3.HttpUrl: java.lang.String percentDecode(java.lang.String,int,int,boolean)>($r0, 0, $i0, $z0)	timediff:0
I/System.out(11403): body:<okhttp3.HttpUrl: java.util.List percentDecode(java.util.List,boolean)>	sig:$r5 = staticinvoke <okhttp3.HttpUrl: java.lang.String percentDecode(java.lang.String,boolean)>($r5, $z0)	timediff:0
I/System.out(11403): body:<okhttp3.HttpUrl: void <init>(okhttp3.HttpUrl$Builder)>	sig:$r3 = specialinvoke $r0.<okhttp3.HttpUrl: java.util.List percentDecode(java.util.List,boolean)>($r3, 0)	timediff:0
I/System.out(11403): body:<okhttp3.HttpUrl$Builder: java.lang.String toString()>	sig:$i0 = virtualinvoke $r0.<okhttp3.HttpUrl$Builder: int effectivePort()>()	timediff:0
I/System.out(11403): body:<okhttp3.HttpUrl$Builder: java.lang.String toString()>	sig:$i1 = staticinvoke <okhttp3.HttpUrl: int defaultPort(java.lang.String)>($r1)	timediff:0
I/System.out(11403): body:<okhttp3.HttpUrl$Builder: java.lang.String toString()>	sig:staticinvoke <okhttp3.HttpUrl: void pathSegmentsToString(java.lang.StringBuilder,java.util.List)>($r2, $r3)	timediff:0
I/System.out(11403): body:<okhttp3.HttpUrl: void <init>(okhttp3.HttpUrl$Builder)>	sig:$r2 = virtualinvoke $r1.<okhttp3.HttpUrl$Builder: java.lang.String toString()>()	timediff:0
I/System.out(11403): body:<okhttp3.HttpUrl: void <init>(okhttp3.HttpUrl$Builder,okhttp3.HttpUrl$1)>	sig:specialinvoke $r0.<okhttp3.HttpUrl: void <init>(okhttp3.HttpUrl$Builder)>($r1)	timediff:0
I/System.out(11403): body:<okhttp3.HttpUrl$Builder: okhttp3.HttpUrl build()>	sig:specialinvoke $r3.<okhttp3.HttpUrl: void <init>(okhttp3.HttpUrl$Builder,okhttp3.HttpUrl$1)>($r0, null)	timediff:0
I/System.out(11403): body:<okhttp3.HttpUrl: okhttp3.HttpUrl resolve(java.lang.String)>	sig:$r0 = virtualinvoke $r2.<okhttp3.HttpUrl$Builder: okhttp3.HttpUrl build()>()	timediff:0
I/System.out(11403): body:<retrofit2.RequestBuilder: okhttp3.Request build()>	sig:$r6 = virtualinvoke $r1.<okhttp3.HttpUrl: okhttp3.HttpUrl resolve(java.lang.String)>($r2)	timediff:3
I/System.out(11403): body:<retrofit2.RequestBuilder: okhttp3.Request build()>	sig:$r16 = virtualinvoke $r16.<okhttp3.Request$Builder: okhttp3.Request$Builder url(okhttp3.HttpUrl)>($r1)	timediff:0
I/System.out(11403): body:<okhttp3.Request$Builder: okhttp3.Request$Builder method(java.lang.String,okhttp3.RequestBody)>	sig:$z0 = staticinvoke <okhttp3.internal.http.HttpMethod: boolean permitsRequestBody(java.lang.String)>($r1)	timediff:0
I/System.out(11403): body:<retrofit2.RequestBuilder: okhttp3.Request build()>	sig:$r16 = virtualinvoke $r16.<okhttp3.Request$Builder: okhttp3.Request$Builder method(java.lang.String,okhttp3.RequestBody)>($r2, $r14)	timediff:0
I/System.out(11403): body:<okhttp3.Request: void <init>(okhttp3.Request$Builder)>	sig:$r2 = staticinvoke <okhttp3.Request$Builder: okhttp3.HttpUrl access$000(okhttp3.Request$Builder)>($r1)	timediff:0
I/System.out(11403): body:<okhttp3.Request: void <init>(okhttp3.Request$Builder)>	sig:$r3 = staticinvoke <okhttp3.Request$Builder: java.lang.String access$100(okhttp3.Request$Builder)>($r1)	timediff:0
I/System.out(11403): body:<okhttp3.Request: void <init>(okhttp3.Request$Builder)>	sig:$r4 = staticinvoke <okhttp3.Request$Builder: okhttp3.Headers$Builder access$200(okhttp3.Request$Builder)>($r1)	timediff:0
I/System.out(11403): body:<okhttp3.Headers: void <init>(okhttp3.Headers$Builder)>	sig:$r2 = staticinvoke <okhttp3.Headers$Builder: java.util.List access$000(okhttp3.Headers$Builder)>($r1)	timediff:0
I/System.out(11403): body:<okhttp3.Headers: void <init>(okhttp3.Headers$Builder)>	sig:$r3 = staticinvoke <okhttp3.Headers$Builder: java.util.List access$000(okhttp3.Headers$Builder)>($r1)	timediff:0
I/System.out(11403): body:<okhttp3.Headers: void <init>(okhttp3.Headers$Builder,okhttp3.Headers$1)>	sig:specialinvoke $r0.<okhttp3.Headers: void <init>(okhttp3.Headers$Builder)>($r1)	timediff:0
I/System.out(11403): body:<okhttp3.Headers$Builder: okhttp3.Headers build()>	sig:specialinvoke $r1.<okhttp3.Headers: void <init>(okhttp3.Headers$Builder,okhttp3.Headers$1)>($r0, null)	timediff:0
I/System.out(11403): body:<okhttp3.Request: void <init>(okhttp3.Request$Builder)>	sig:$r5 = virtualinvoke $r4.<okhttp3.Headers$Builder: okhttp3.Headers build()>()	timediff:0
I/System.out(11403): body:<okhttp3.Request: void <init>(okhttp3.Request$Builder)>	sig:$r6 = staticinvoke <okhttp3.Request$Builder: okhttp3.RequestBody access$300(okhttp3.Request$Builder)>($r1)	timediff:0
I/System.out(11403): body:<okhttp3.Request: void <init>(okhttp3.Request$Builder)>	sig:$r7 = staticinvoke <okhttp3.Request$Builder: java.lang.Object access$400(okhttp3.Request$Builder)>($r1)	timediff:0
I/System.out(11403): body:<okhttp3.Request: void <init>(okhttp3.Request$Builder,okhttp3.Request$1)>	sig:specialinvoke $r0.<okhttp3.Request: void <init>(okhttp3.Request$Builder)>($r1)	timediff:0
I/System.out(11403): body:<okhttp3.Request$Builder: okhttp3.Request build()>	sig:specialinvoke $r3.<okhttp3.Request: void <init>(okhttp3.Request$Builder,okhttp3.Request$1)>($r0, null)	timediff:0
I/System.out(11403): body:<retrofit2.RequestBuilder: okhttp3.Request build()>	sig:$r17 = virtualinvoke $r16.<okhttp3.Request$Builder: okhttp3.Request build()>()	timediff:0
I/System.out(11403): <o.ч: java.net.HttpURLConnection ˊ(java.lang.String)>###specialinvoke $r1.<java.net.URL: void <init>(java.lang.String)>($r0)###https://analytics.navyfederal.org/b/ss/nfcumobileprod/0/JAVA-4.4.2-AN/s89171970
I/System.out(11403): body:<o.ч: java.net.HttpURLConnection ˊ(java.lang.String)>	sig:$r0 = virtualinvoke $r1.<java.net.URL: java.lang.String getProtocol()>()	timediff:0
I/System.out(11403): body:<o.ч: java.net.HttpURLConnection ˊ(java.lang.String)>	sig:$r5 = virtualinvoke $r1.<java.net.URL: java.net.URLConnection openConnection()>()	timediff:0
I/System.out(11403): body:<o.ч: boolean ˊ(java.lang.String,java.lang.String,java.util.HashMap)>	sig:virtualinvoke $r3.<java.net.HttpURLConnection: void setConnectTimeout(int)>(5000)	timediff:0
I/System.out(11403): body:<okhttp3.OkHttpClient: okhttp3.Call newCall(okhttp3.Request)>	sig:specialinvoke $r2.<okhttp3.RealCall: void <init>(okhttp3.OkHttpClient,okhttp3.Request)>($r0, $r1)	timediff:0
I/System.out(11403): body:<retrofit2.OkHttpCall: okhttp3.Call createRawCall()>	sig:$r6 = interfaceinvoke $r5.<okhttp3.Call$Factory: okhttp3.Call newCall(okhttp3.Request)>($r4)	timediff:7
I/System.out(11403): body:<o.bd$if: okhttp3.Response intercept(okhttp3.Interceptor$Chain)>	sig:$r3 = interfaceinvoke $r1.<okhttp3.Interceptor$Chain: okhttp3.Request request()>()	timediff:0
I/System.out(11403): body:<o.bd$if: okhttp3.Response intercept(okhttp3.Interceptor$Chain)>	sig:$r4 = interfaceinvoke $r1.<okhttp3.Interceptor$Chain: okhttp3.Request request()>()	timediff:0
I/System.out(11403): body:<okhttp3.Request$Builder: void <init>(okhttp3.Request)>	sig:$r2 = staticinvoke <okhttp3.Request: okhttp3.HttpUrl access$600(okhttp3.Request)>($r1)	timediff:0
I/System.out(11403): body:<okhttp3.Request$Builder: void <init>(okhttp3.Request)>	sig:$r3 = staticinvoke <okhttp3.Request: java.lang.String access$700(okhttp3.Request)>($r1)	timediff:0
I/System.out(11403): body:<okhttp3.Request$Builder: void <init>(okhttp3.Request)>	sig:$r4 = staticinvoke <okhttp3.Request: okhttp3.RequestBody access$800(okhttp3.Request)>($r1)	timediff:0
I/System.out(11403): body:<okhttp3.Request$Builder: void <init>(okhttp3.Request)>	sig:$r5 = staticinvoke <okhttp3.Request: java.lang.Object access$900(okhttp3.Request)>($r1)	timediff:0
I/System.out(11403): body:<okhttp3.Request$Builder: void <init>(okhttp3.Request)>	sig:$r6 = staticinvoke <okhttp3.Request: okhttp3.Headers access$1000(okhttp3.Request)>($r1)	timediff:0
I/System.out(11403): body:<okhttp3.Headers: okhttp3.Headers$Builder newBuilder()>	sig:specialinvoke $r2.<okhttp3.Headers$Builder: void <init>()>()	timediff:0
I/System.out(11403): body:<okhttp3.Headers: okhttp3.Headers$Builder newBuilder()>	sig:$r3 = staticinvoke <okhttp3.Headers$Builder: java.util.List access$000(okhttp3.Headers$Builder)>($r2)	timediff:0
I/System.out(11403): body:<okhttp3.Request$Builder: void <init>(okhttp3.Request)>	sig:$r7 = virtualinvoke $r6.<okhttp3.Headers: okhttp3.Headers$Builder newBuilder()>()	timediff:0
I/System.out(11403): body:<okhttp3.Request$Builder: void <init>(okhttp3.Request,okhttp3.Request$1)>	sig:specialinvoke $r0.<okhttp3.Request$Builder: void <init>(okhttp3.Request)>($r1)	timediff:0
I/System.out(11403): body:<okhttp3.Request: okhttp3.Request$Builder newBuilder()>	sig:specialinvoke $r1.<okhttp3.Request$Builder: void <init>(okhttp3.Request,okhttp3.Request$1)>($r0, null)	timediff:0
I/System.out(11403): body:<o.bd$if: okhttp3.Response intercept(okhttp3.Interceptor$Chain)>	sig:$r5 = virtualinvoke $r4.<okhttp3.Request: okhttp3.Request$Builder newBuilder()>()	timediff:0
I/System.out(11403): body:<okhttp3.Headers$Builder: okhttp3.Headers$Builder add(java.lang.String,java.lang.String)>	sig:specialinvoke $r0.<okhttp3.Headers$Builder: void checkNameAndValue(java.lang.String,java.lang.String)>($r1, $r2)	timediff:0
I/System.out(11403): body:<okhttp3.Headers$Builder: okhttp3.Headers$Builder add(java.lang.String,java.lang.String)>	sig:$r0 = virtualinvoke $r0.<okhttp3.Headers$Builder: okhttp3.Headers$Builder addLenient(java.lang.String,java.lang.String)>($r1, $r2)	timediff:0
I/System.out(11403): body:<okhttp3.Request$Builder: okhttp3.Request$Builder addHeader(java.lang.String,java.lang.String)>	sig:virtualinvoke $r3.<okhttp3.Headers$Builder: okhttp3.Headers$Builder add(java.lang.String,java.lang.String)>($r1, $r2)	timediff:0
I/System.out(11403): body:<o.bd$if: okhttp3.Response intercept(okhttp3.Interceptor$Chain)>	sig:$r6 = virtualinvoke $r5.<okhttp3.Request$Builder: okhttp3.Request$Builder addHeader(java.lang.String,java.lang.String)>("Content-Type", "application/json")	timediff:0
I/System.out(11403): body:<okhttp3.Headers$Builder: okhttp3.Headers$Builder add(java.lang.String,java.lang.String)>	sig:specialinvoke $r0.<okhttp3.Headers$Builder: void checkNameAndValue(java.lang.String,java.lang.String)>($r1, $r2)	timediff:0
I/System.out(11403): body:<okhttp3.Headers$Builder: okhttp3.Headers$Builder add(java.lang.String,java.lang.String)>	sig:$r0 = virtualinvoke $r0.<okhttp3.Headers$Builder: okhttp3.Headers$Builder addLenient(java.lang.String,java.lang.String)>($r1, $r2)	timediff:0
I/System.out(11403): body:<okhttp3.Request$Builder: okhttp3.Request$Builder addHeader(java.lang.String,java.lang.String)>	sig:virtualinvoke $r3.<okhttp3.Headers$Builder: okhttp3.Headers$Builder add(java.lang.String,java.lang.String)>($r1, $r2)	timediff:0
I/System.out(11403): body:<o.bd$if: okhttp3.Response intercept(okhttp3.Interceptor$Chain)>	sig:virtualinvoke $r6.<okhttp3.Request$Builder: okhttp3.Request$Builder addHeader(java.lang.String,java.lang.String)>("Accept", "application/json; charset=UTF-8")	timediff:0
I/System.out(11403): body:<o.bd$if: okhttp3.Response intercept(okhttp3.Interceptor$Chain)>	sig:$r7 = virtualinvoke $r3.<okhttp3.Request: okhttp3.RequestBody body()>()	timediff:0
I/System.out(11403): body:<okhttp3.Headers$Builder: okhttp3.Headers$Builder add(java.lang.String,java.lang.String)>	sig:specialinvoke $r0.<okhttp3.Headers$Builder: void checkNameAndValue(java.lang.String,java.lang.String)>($r1, $r2)	timediff:0
I/System.out(11403): body:<okhttp3.Headers$Builder: okhttp3.Headers$Builder add(java.lang.String,java.lang.String)>	sig:$r0 = virtualinvoke $r0.<okhttp3.Headers$Builder: okhttp3.Headers$Builder addLenient(java.lang.String,java.lang.String)>($r1, $r2)	timediff:0
I/System.out(11403): body:<okhttp3.Request$Builder: okhttp3.Request$Builder addHeader(java.lang.String,java.lang.String)>	sig:virtualinvoke $r3.<okhttp3.Headers$Builder: okhttp3.Headers$Builder add(java.lang.String,java.lang.String)>($r1, $r2)	timediff:0
I/System.out(11403): body:<o.bd$if: okhttp3.Response intercept(okhttp3.Interceptor$Chain)>	sig:virtualinvoke $r5.<okhttp3.Request$Builder: okhttp3.Request$Builder addHeader(java.lang.String,java.lang.String)>("Content-Encoding", "gzip")	timediff:0
I/System.out(11403): body:<o.bd$if: okhttp3.Response intercept(okhttp3.Interceptor$Chain)>	sig:$r2 = virtualinvoke $r3.<okhttp3.Request: java.lang.String method()>()	timediff:0
I/System.out(11403): body:<o.bd$if: okhttp3.Response intercept(okhttp3.Interceptor$Chain)>	sig:$r7 = virtualinvoke $r3.<okhttp3.Request: okhttp3.RequestBody body()>()	timediff:0
I/System.out(11403): body:<okhttp3.Request$Builder: okhttp3.Request$Builder method(java.lang.String,okhttp3.RequestBody)>	sig:$z0 = staticinvoke <okhttp3.internal.http.HttpMethod: boolean permitsRequestBody(java.lang.String)>($r1)	timediff:0
I/System.out(11403): body:<o.bd$if: okhttp3.Response intercept(okhttp3.Interceptor$Chain)>	sig:virtualinvoke $r5.<okhttp3.Request$Builder: okhttp3.Request$Builder method(java.lang.String,okhttp3.RequestBody)>($r2, $r7)	timediff:0
I/System.out(11403): body:<okhttp3.Request: void <init>(okhttp3.Request$Builder)>	sig:$r2 = staticinvoke <okhttp3.Request$Builder: okhttp3.HttpUrl access$000(okhttp3.Request$Builder)>($r1)	timediff:0
I/System.out(11403): body:<okhttp3.Request: void <init>(okhttp3.Request$Builder)>	sig:$r3 = staticinvoke <okhttp3.Request$Builder: java.lang.String access$100(okhttp3.Request$Builder)>($r1)	timediff:0
I/System.out(11403): body:<okhttp3.Request: void <init>(okhttp3.Request$Builder)>	sig:$r4 = staticinvoke <okhttp3.Request$Builder: okhttp3.Headers$Builder access$200(okhttp3.Request$Builder)>($r1)	timediff:0
I/System.out(11403): body:<okhttp3.Headers: void <init>(okhttp3.Headers$Builder)>	sig:$r2 = staticinvoke <okhttp3.Headers$Builder: java.util.List access$000(okhttp3.Headers$Builder)>($r1)	timediff:0
I/System.out(11403): body:<okhttp3.Headers: void <init>(okhttp3.Headers$Builder)>	sig:$r3 = staticinvoke <okhttp3.Headers$Builder: java.util.List access$000(okhttp3.Headers$Builder)>($r1)	timediff:0
I/System.out(11403): body:<okhttp3.Headers: void <init>(okhttp3.Headers$Builder,okhttp3.Headers$1)>	sig:specialinvoke $r0.<okhttp3.Headers: void <init>(okhttp3.Headers$Builder)>($r1)	timediff:0
I/System.out(11403): body:<okhttp3.Headers$Builder: okhttp3.Headers build()>	sig:specialinvoke $r1.<okhttp3.Headers: void <init>(okhttp3.Headers$Builder,okhttp3.Headers$1)>($r0, null)	timediff:0
I/System.out(11403): body:<okhttp3.Request: void <init>(okhttp3.Request$Builder)>	sig:$r5 = virtualinvoke $r4.<okhttp3.Headers$Builder: okhttp3.Headers build()>()	timediff:0
I/System.out(11403): body:<okhttp3.Request: void <init>(okhttp3.Request$Builder)>	sig:$r6 = staticinvoke <okhttp3.Request$Builder: okhttp3.RequestBody access$300(okhttp3.Request$Builder)>($r1)	timediff:0
I/System.out(11403): body:<okhttp3.Request: void <init>(okhttp3.Request$Builder)>	sig:$r7 = staticinvoke <okhttp3.Request$Builder: java.lang.Object access$400(okhttp3.Request$Builder)>($r1)	timediff:0
I/System.out(11403): body:<okhttp3.Request: void <init>(okhttp3.Request$Builder)>	sig:$r7 = staticinvoke <okhttp3.Request$Builder: java.lang.Object access$400(okhttp3.Request$Builder)>($r1)	timediff:0
I/System.out(11403): body:<okhttp3.Request: void <init>(okhttp3.Request$Builder,okhttp3.Request$1)>	sig:specialinvoke $r0.<okhttp3.Request: void <init>(okhttp3.Request$Builder)>($r1)	timediff:0
I/System.out(11403): body:<okhttp3.Request$Builder: okhttp3.Request build()>	sig:specialinvoke $r3.<okhttp3.Request: void <init>(okhttp3.Request$Builder,okhttp3.Request$1)>($r0, null)	timediff:0
I/System.out(11403): body:<o.bd$if: okhttp3.Response intercept(okhttp3.Interceptor$Chain)>	sig:$r4 = virtualinvoke $r5.<okhttp3.Request$Builder: okhttp3.Request build()>()	timediff:0
I/System.out(11403): body:<okhttp3.Request$Builder: void <init>(okhttp3.Request)>	sig:$r2 = staticinvoke <okhttp3.Request: okhttp3.HttpUrl access$600(okhttp3.Request)>($r1)	timediff:0
I/System.out(11403): body:<okhttp3.Request$Builder: void <init>(okhttp3.Request)>	sig:$r3 = staticinvoke <okhttp3.Request: java.lang.String access$700(okhttp3.Request)>($r1)	timediff:0
I/System.out(11403): body:<okhttp3.Request$Builder: void <init>(okhttp3.Request)>	sig:$r4 = staticinvoke <okhttp3.Request: okhttp3.RequestBody access$800(okhttp3.Request)>($r1)	timediff:0
I/System.out(11403): body:<okhttp3.Request$Builder: void <init>(okhttp3.Request)>	sig:$r5 = staticinvoke <okhttp3.Request: java.lang.Object access$900(okhttp3.Request)>($r1)	timediff:0
I/System.out(11403): body:<okhttp3.Request$Builder: void <init>(okhttp3.Request)>	sig:$r6 = staticinvoke <okhttp3.Request: okhttp3.Headers access$1000(okhttp3.Request)>($r1)	timediff:0
I/System.out(11403): body:<okhttp3.Headers: okhttp3.Headers$Builder newBuilder()>	sig:specialinvoke $r2.<okhttp3.Headers$Builder: void <init>()>()	timediff:0
I/System.out(11403): body:<okhttp3.Headers: okhttp3.Headers$Builder newBuilder()>	sig:$r3 = staticinvoke <okhttp3.Headers$Builder: java.util.List access$000(okhttp3.Headers$Builder)>($r2)	timediff:0
I/System.out(11403): body:<okhttp3.Request$Builder: void <init>(okhttp3.Request)>	sig:$r7 = virtualinvoke $r6.<okhttp3.Headers: okhttp3.Headers$Builder newBuilder()>()	timediff:0
I/System.out(11403): body:<okhttp3.Request$Builder: void <init>(okhttp3.Request,okhttp3.Request$1)>	sig:specialinvoke $r0.<okhttp3.Request$Builder: void <init>(okhttp3.Request)>($r1)	timediff:0
I/System.out(11403): body:<okhttp3.Request: okhttp3.Request$Builder newBuilder()>	sig:specialinvoke $r1.<okhttp3.Request$Builder: void <init>(okhttp3.Request,okhttp3.Request$1)>($r0, null)	timediff:0
I/System.out(11403): body:<okhttp3.Headers$Builder: okhttp3.Headers$Builder set(java.lang.String,java.lang.String)>	sig:specialinvoke $r0.<okhttp3.Headers$Builder: void checkNameAndValue(java.lang.String,java.lang.String)>($r1, $r2)	timediff:0
I/System.out(11403): body:<okhttp3.Headers$Builder: okhttp3.Headers$Builder set(java.lang.String,java.lang.String)>	sig:virtualinvoke $r0.<okhttp3.Headers$Builder: okhttp3.Headers$Builder removeAll(java.lang.String)>($r1)	timediff:0
I/System.out(11403): body:<okhttp3.Headers$Builder: okhttp3.Headers$Builder set(java.lang.String,java.lang.String)>	sig:virtualinvoke $r0.<okhttp3.Headers$Builder: okhttp3.Headers$Builder addLenient(java.lang.String,java.lang.String)>($r1, $r2)	timediff:0
I/System.out(11403): body:<okhttp3.Request$Builder: okhttp3.Request$Builder header(java.lang.String,java.lang.String)>	sig:virtualinvoke $r3.<okhttp3.Headers$Builder: okhttp3.Headers$Builder set(java.lang.String,java.lang.String)>($r1, $r2)	timediff:0
I/System.out(11403): body:<okhttp3.Headers$Builder: okhttp3.Headers$Builder set(java.lang.String,java.lang.String)>	sig:specialinvoke $r0.<okhttp3.Headers$Builder: void checkNameAndValue(java.lang.String,java.lang.String)>($r1, $r2)	timediff:0
I/System.out(11403): body:<okhttp3.Headers$Builder: okhttp3.Headers$Builder set(java.lang.String,java.lang.String)>	sig:virtualinvoke $r0.<okhttp3.Headers$Builder: okhttp3.Headers$Builder removeAll(java.lang.String)>($r1)	timediff:0
I/System.out(11403): body:<okhttp3.Headers$Builder: okhttp3.Headers$Builder set(java.lang.String,java.lang.String)>	sig:virtualinvoke $r0.<okhttp3.Headers$Builder: okhttp3.Headers$Builder addLenient(java.lang.String,java.lang.String)>($r1, $r2)	timediff:0
I/System.out(11403): body:<okhttp3.Request$Builder: okhttp3.Request$Builder header(java.lang.String,java.lang.String)>	sig:virtualinvoke $r3.<okhttp3.Headers$Builder: okhttp3.Headers$Builder set(java.lang.String,java.lang.String)>($r1, $r2)	timediff:0
I/System.out(11403): body:<okhttp3.Request$Builder: okhttp3.Request$Builder removeHeader(java.lang.String)>	sig:virtualinvoke $r2.<okhttp3.Headers$Builder: okhttp3.Headers$Builder removeAll(java.lang.String)>($r1)	timediff:0
I/System.out(11403): body:<okhttp3.Request: void <init>(okhttp3.Request$Builder)>	sig:$r2 = staticinvoke <okhttp3.Request$Builder: okhttp3.HttpUrl access$000(okhttp3.Request$Builder)>($r1)	timediff:0
I/System.out(11403): body:<okhttp3.Request: void <init>(okhttp3.Request$Builder)>	sig:$r3 = staticinvoke <okhttp3.Request$Builder: java.lang.String access$100(okhttp3.Request$Builder)>($r1)	timediff:0
I/System.out(11403): body:<okhttp3.Request: void <init>(okhttp3.Request$Builder)>	sig:$r4 = staticinvoke <okhttp3.Request$Builder: okhttp3.Headers$Builder access$200(okhttp3.Request$Builder)>($r1)	timediff:0
I/System.out(11403): body:<okhttp3.Headers: void <init>(okhttp3.Headers$Builder)>	sig:$r2 = staticinvoke <okhttp3.Headers$Builder: java.util.List access$000(okhttp3.Headers$Builder)>($r1)	timediff:0
I/System.out(11403): body:<okhttp3.Headers: void <init>(okhttp3.Headers$Builder)>	sig:$r3 = staticinvoke <okhttp3.Headers$Builder: java.util.List access$000(okhttp3.Headers$Builder)>($r1)	timediff:0
I/System.out(11403): body:<okhttp3.Headers: void <init>(okhttp3.Headers$Builder,okhttp3.Headers$1)>	sig:specialinvoke $r0.<okhttp3.Headers: void <init>(okhttp3.Headers$Builder)>($r1)	timediff:0
I/System.out(11403): body:<okhttp3.Headers$Builder: okhttp3.Headers build()>	sig:specialinvoke $r1.<okhttp3.Headers: void <init>(okhttp3.Headers$Builder,okhttp3.Headers$1)>($r0, null)	timediff:0
I/System.out(11403): body:<okhttp3.Request: void <init>(okhttp3.Request$Builder)>	sig:$r5 = virtualinvoke $r4.<okhttp3.Headers$Builder: okhttp3.Headers build()>()	timediff:0
I/System.out(11403): body:<okhttp3.Request: void <init>(okhttp3.Request$Builder)>	sig:$r6 = staticinvoke <okhttp3.Request$Builder: okhttp3.RequestBody access$300(okhttp3.Request$Builder)>($r1)	timediff:0
I/System.out(11403): body:<okhttp3.Request: void <init>(okhttp3.Request$Builder)>	sig:$r7 = staticinvoke <okhttp3.Request$Builder: java.lang.Object access$400(okhttp3.Request$Builder)>($r1)	timediff:0
I/System.out(11403): body:<okhttp3.Request: void <init>(okhttp3.Request$Builder)>	sig:$r7 = staticinvoke <okhttp3.Request$Builder: java.lang.Object access$400(okhttp3.Request$Builder)>($r1)	timediff:0
I/System.out(11403): body:<okhttp3.Request: void <init>(okhttp3.Request$Builder,okhttp3.Request$1)>	sig:specialinvoke $r0.<okhttp3.Request: void <init>(okhttp3.Request$Builder)>($r1)	timediff:0
I/System.out(11403): body:<okhttp3.Request$Builder: okhttp3.Request build()>	sig:specialinvoke $r3.<okhttp3.Request: void <init>(okhttp3.Request$Builder,okhttp3.Request$1)>($r0, null)	timediff:0
I/System.out(11403): body:<o.ч: boolean ˊ(java.lang.String,java.lang.String,java.util.HashMap)>	sig:virtualinvoke $r3.<java.net.HttpURLConnection: void setReadTimeout(int)>(5000)	timediff:0
I/System.out(11403): body:<o.ч: boolean ˊ(java.lang.String,java.lang.String,java.util.HashMap)>	sig:virtualinvoke $r3.<java.net.HttpURLConnection: void setRequestMethod(java.lang.String)>("POST")	timediff:0
I/System.out(11403): body:<o.ч: boolean ˊ(java.lang.String,java.lang.String,java.util.HashMap)>	sig:virtualinvoke $r3.<java.net.HttpURLConnection: void setFixedLengthStreamingMode(int)>($i0)	timediff:0
I/System.out(11403): body:<o.ч: boolean ˊ(java.lang.String,java.lang.String,java.util.HashMap)>	sig:virtualinvoke $r3.<java.net.HttpURLConnection: void setRequestProperty(java.lang.String,java.lang.String)>("Content-Type", "application/x-www-form-urlencoded")	timediff:0
I/System.out(11403): body:<o.ч: boolean ˊ(java.lang.String,java.lang.String,java.util.HashMap)>	sig:virtualinvoke $r3.<java.net.HttpURLConnection: void setRequestProperty(java.lang.String,java.lang.String)>($r0, $r9)	timediff:0
I/System.out(11403): body:<o.ч: boolean ˊ(java.lang.String,java.lang.String,java.util.HashMap)>	sig:virtualinvoke $r3.<java.net.HttpURLConnection: void setRequestProperty(java.lang.String,java.lang.String)>($r0, $r9)	timediff:0
I/System.out(11403): body:<okhttp3.Request: boolean isHttps()>	sig:$z0 = virtualinvoke $r1.<okhttp3.HttpUrl: boolean isHttps()>()	timediff:0
I/System.out(11403): body:<okhttp3.HttpUrl$Builder: java.lang.String canonicalizeHost(java.lang.String,int,int)>	sig:$r0 = staticinvoke <okhttp3.HttpUrl: java.lang.String percentDecode(java.lang.String,int,int,boolean)>($r0, $i0, $i1, 0)	timediff:0
I/System.out(11403): body:<okhttp3.internal.Util: java.lang.String domainToAscii(java.lang.String)>	sig:$r0 = staticinvoke <java.net.IDN: java.lang.String toASCII(java.lang.String)>($r0)	timediff:0
I/System.out(11403): body:<okhttp3.internal.Util: java.lang.String domainToAscii(java.lang.String)>	sig:$z0 = staticinvoke <okhttp3.internal.Util: boolean containsInvalidHostnameAsciiCodes(java.lang.String)>($r0)	timediff:0
I/System.out(11403): body:<okhttp3.HttpUrl$Builder: java.lang.String canonicalizeHost(java.lang.String,int,int)>	sig:$r0 = staticinvoke <okhttp3.internal.Util: java.lang.String domainToAscii(java.lang.String)>($r0)	timediff:1
I/System.out(11403): body:<okhttp3.HttpUrl$Builder: okhttp3.HttpUrl$Builder host(java.lang.String)>	sig:$r3 = staticinvoke <okhttp3.HttpUrl$Builder: java.lang.String canonicalizeHost(java.lang.String,int,int)>($r1, 0, $i0)	timediff:1
I/System.out(11403): body:<okhttp3.HttpUrl: java.lang.String percentDecode(java.lang.String,boolean)>	sig:$r0 = staticinvoke <okhttp3.HttpUrl: java.lang.String percentDecode(java.lang.String,int,int,boolean)>($r0, 0, $i0, $z0)	timediff:0
I/System.out(11403): body:<okhttp3.HttpUrl: void <init>(okhttp3.HttpUrl$Builder)>	sig:$r2 = staticinvoke <okhttp3.HttpUrl: java.lang.String percentDecode(java.lang.String,boolean)>($r2, 0)	timediff:0
I/System.out(11403): body:<okhttp3.HttpUrl: java.lang.String percentDecode(java.lang.String,boolean)>	sig:$r0 = staticinvoke <okhttp3.HttpUrl: java.lang.String percentDecode(java.lang.String,int,int,boolean)>($r0, 0, $i0, $z0)	timediff:0
I/System.out(11403): body:<okhttp3.HttpUrl: void <init>(okhttp3.HttpUrl$Builder)>	sig:$r2 = staticinvoke <okhttp3.HttpUrl: java.lang.String percentDecode(java.lang.String,boolean)>($r2, 0)	timediff:0
I/System.out(11403): body:<okhttp3.HttpUrl: void <init>(okhttp3.HttpUrl$Builder)>	sig:$i0 = virtualinvoke $r1.<okhttp3.HttpUrl$Builder: int effectivePort()>()	timediff:0
I/System.out(11403): body:<okhttp3.HttpUrl: java.lang.String percentDecode(java.lang.String,boolean)>	sig:$r0 = staticinvoke <okhttp3.HttpUrl: java.lang.String percentDecode(java.lang.String,int,int,boolean)>($r0, 0, $i0, $z0)	timediff:0
I/System.out(11403): body:<okhttp3.HttpUrl: java.util.List percentDecode(java.util.List,boolean)>	sig:$r5 = staticinvoke <okhttp3.HttpUrl: java.lang.String percentDecode(java.lang.String,boolean)>($r5, $z0)	timediff:0
I/System.out(11403): body:<okhttp3.HttpUrl: void <init>(okhttp3.HttpUrl$Builder)>	sig:$r3 = specialinvoke $r0.<okhttp3.HttpUrl: java.util.List percentDecode(java.util.List,boolean)>($r3, 0)	timediff:0
I/System.out(11403): body:<okhttp3.HttpUrl$Builder: java.lang.String toString()>	sig:$i0 = virtualinvoke $r0.<okhttp3.HttpUrl$Builder: int effectivePort()>()	timediff:0
I/System.out(11403): body:<okhttp3.HttpUrl$Builder: java.lang.String toString()>	sig:$i1 = staticinvoke <okhttp3.HttpUrl: int defaultPort(java.lang.String)>($r1)	timediff:0
I/System.out(11403): body:<okhttp3.HttpUrl$Builder: java.lang.String toString()>	sig:staticinvoke <okhttp3.HttpUrl: void pathSegmentsToString(java.lang.StringBuilder,java.util.List)>($r2, $r3)	timediff:0
I/System.out(11403): body:<okhttp3.HttpUrl: void <init>(okhttp3.HttpUrl$Builder)>	sig:$r2 = virtualinvoke $r1.<okhttp3.HttpUrl$Builder: java.lang.String toString()>()	timediff:0
I/System.out(11403): body:<okhttp3.HttpUrl: void <init>(okhttp3.HttpUrl$Builder,okhttp3.HttpUrl$1)>	sig:specialinvoke $r0.<okhttp3.HttpUrl: void <init>(okhttp3.HttpUrl$Builder)>($r1)	timediff:1
I/System.out(11403): body:<okhttp3.HttpUrl$Builder: okhttp3.HttpUrl build()>	sig:specialinvoke $r3.<okhttp3.HttpUrl: void <init>(okhttp3.HttpUrl$Builder,okhttp3.HttpUrl$1)>($r0, null)	timediff:1
I/System.out(11403): body:<okhttp3.HttpUrl: okhttp3.HttpUrl$Builder newBuilder()>	sig:specialinvoke $r2.<okhttp3.HttpUrl$Builder: void <init>()>()	timediff:0
I/System.out(11403): body:<okhttp3.HttpUrl: okhttp3.HttpUrl$Builder newBuilder()>	sig:$r1 = virtualinvoke $r0.<okhttp3.HttpUrl: java.lang.String encodedUsername()>()	timediff:0
I/System.out(11403): body:<okhttp3.HttpUrl: okhttp3.HttpUrl$Builder newBuilder()>	sig:$r1 = virtualinvoke $r0.<okhttp3.HttpUrl: java.lang.String encodedPassword()>()	timediff:0
I/System.out(11403): body:<okhttp3.HttpUrl: okhttp3.HttpUrl$Builder newBuilder()>	sig:$i1 = staticinvoke <okhttp3.HttpUrl: int defaultPort(java.lang.String)>($r1)	timediff:0
I/System.out(11403): body:<okhttp3.HttpUrl: java.util.List encodedPathSegments()>	sig:$i2 = staticinvoke <okhttp3.internal.Util: int delimiterOffset(java.lang.String,int,int,java.lang.String)>($r2, $i1, $i2, "?#")	timediff:0
I/System.out(11403): body:<okhttp3.HttpUrl: java.util.List encodedPathSegments()>	sig:$i0 = staticinvoke <okhttp3.internal.Util: int delimiterOffset(java.lang.String,int,int,char)>($r2, $i1, $i2, 47)	timediff:0
I/System.out(11403): body:<okhttp3.HttpUrl: okhttp3.HttpUrl$Builder newBuilder()>	sig:$r4 = virtualinvoke $r0.<okhttp3.HttpUrl: java.util.List encodedPathSegments()>()	timediff:0
I/System.out(11403): body:<okhttp3.HttpUrl: okhttp3.HttpUrl$Builder newBuilder()>	sig:$r1 = virtualinvoke $r0.<okhttp3.HttpUrl: java.lang.String encodedQuery()>()	timediff:0
I/System.out(11403): body:<okhttp3.HttpUrl: okhttp3.HttpUrl$Builder newBuilder()>	sig:virtualinvoke $r2.<okhttp3.HttpUrl$Builder: okhttp3.HttpUrl$Builder encodedQuery(java.lang.String)>($r1)	timediff:0
I/System.out(11403): body:<okhttp3.HttpUrl: okhttp3.HttpUrl$Builder newBuilder()>	sig:$r1 = virtualinvoke $r0.<okhttp3.HttpUrl: java.lang.String encodedFragment()>()	timediff:0
I/System.out(11403): body:<okhttp3.HttpUrl: java.net.URI uri()>	sig:$r2 = virtualinvoke $r0.<okhttp3.HttpUrl: okhttp3.HttpUrl$Builder newBuilder()>()	timediff:0
I/System.out(11403): body:<okhttp3.HttpUrl: java.lang.String canonicalize(java.lang.String,java.lang.String,boolean,boolean,boolean,boolean)>	sig:$r1 = staticinvoke <okhttp3.HttpUrl: java.lang.String canonicalize(java.lang.String,int,int,java.lang.String,boolean,boolean,boolean,boolean)>($r0, 0, $i0, $r1, $z0, $z1, $z2, $z3)	timediff:0
I/System.out(11403): body:<okhttp3.HttpUrl$Builder: okhttp3.HttpUrl$Builder reencodeForUri()>	sig:$r3 = staticinvoke <okhttp3.HttpUrl: java.lang.String canonicalize(java.lang.String,java.lang.String,boolean,boolean,boolean,boolean)>($r3, "[]", 1, 1, 0, 1)	timediff:0
I/System.out(11403): body:<okhttp3.HttpUrl: java.net.URI uri()>	sig:$r2 = virtualinvoke $r2.<okhttp3.HttpUrl$Builder: okhttp3.HttpUrl$Builder reencodeForUri()>()	timediff:0
I/System.out(11403): body:<okhttp3.HttpUrl$Builder: int effectivePort()>	sig:$i0 = staticinvoke <okhttp3.HttpUrl: int defaultPort(java.lang.String)>($r1)	timediff:0
I/System.out(11403): body:<okhttp3.HttpUrl$Builder: java.lang.String toString()>	sig:$i0 = virtualinvoke $r0.<okhttp3.HttpUrl$Builder: int effectivePort()>()	timediff:0
I/System.out(11403): body:<okhttp3.HttpUrl$Builder: java.lang.String toString()>	sig:$i1 = staticinvoke <okhttp3.HttpUrl: int defaultPort(java.lang.String)>($r1)	timediff:0
I/System.out(11403): body:<okhttp3.HttpUrl$Builder: java.lang.String toString()>	sig:staticinvoke <okhttp3.HttpUrl: void pathSegmentsToString(java.lang.StringBuilder,java.util.List)>($r2, $r3)	timediff:0
I/System.out(11403): body:<okhttp3.HttpUrl: java.net.URI uri()>	sig:$r3 = virtualinvoke $r2.<okhttp3.HttpUrl$Builder: java.lang.String toString()>()	timediff:0
I/System.out(11403): body:<okhttp3.HttpUrl: java.net.URI uri()>	sig:specialinvoke $r4.<java.net.URI: void <init>(java.lang.String)>($r3)	timediff:0
I/System.out(11403): body:<okhttp3.Request$Builder: void <init>(okhttp3.Request)>	sig:$r2 = staticinvoke <okhttp3.Request: okhttp3.HttpUrl access$600(okhttp3.Request)>($r1)	timediff:0
I/System.out(11403): body:<okhttp3.Request$Builder: void <init>(okhttp3.Request)>	sig:$r3 = staticinvoke <okhttp3.Request: java.lang.String access$700(okhttp3.Request)>($r1)	timediff:0
I/System.out(11403): body:<okhttp3.Request$Builder: void <init>(okhttp3.Request)>	sig:$r4 = staticinvoke <okhttp3.Request: okhttp3.RequestBody access$800(okhttp3.Request)>($r1)	timediff:0
I/System.out(11403): body:<okhttp3.Request$Builder: void <init>(okhttp3.Request)>	sig:$r5 = staticinvoke <okhttp3.Request: java.lang.Object access$900(okhttp3.Request)>($r1)	timediff:0
I/System.out(11403): body:<okhttp3.Request$Builder: void <init>(okhttp3.Request)>	sig:$r6 = staticinvoke <okhttp3.Request: okhttp3.Headers access$1000(okhttp3.Request)>($r1)	timediff:0
I/System.out(11403): body:<okhttp3.Headers: okhttp3.Headers$Builder newBuilder()>	sig:specialinvoke $r2.<okhttp3.Headers$Builder: void <init>()>()	timediff:0
I/System.out(11403): body:<okhttp3.Headers: okhttp3.Headers$Builder newBuilder()>	sig:$r3 = staticinvoke <okhttp3.Headers$Builder: java.util.List access$000(okhttp3.Headers$Builder)>($r2)	timediff:0
I/System.out(11403): body:<okhttp3.Request$Builder: void <init>(okhttp3.Request)>	sig:$r7 = virtualinvoke $r6.<okhttp3.Headers: okhttp3.Headers$Builder newBuilder()>()	timediff:0
I/System.out(11403): body:<okhttp3.Request$Builder: void <init>(okhttp3.Request,okhttp3.Request$1)>	sig:specialinvoke $r0.<okhttp3.Request$Builder: void <init>(okhttp3.Request)>($r1)	timediff:1
I/System.out(11403): body:<okhttp3.Request: okhttp3.Request$Builder newBuilder()>	sig:specialinvoke $r1.<okhttp3.Request$Builder: void <init>(okhttp3.Request,okhttp3.Request$1)>($r0, null)	timediff:1
I/System.out(11403): body:<okhttp3.Headers: java.lang.String get(java.lang.String)>	sig:$r1 = staticinvoke <okhttp3.Headers: java.lang.String get(java.lang.String[],java.lang.String)>($r2, $r1)	timediff:0
I/System.out(11403): body:<okhttp3.Request: java.lang.String header(java.lang.String)>	sig:$r1 = virtualinvoke $r2.<okhttp3.Headers: java.lang.String get(java.lang.String)>($r1)	timediff:0
I/System.out(11403): body:<okhttp3.internal.Util: java.lang.String hostHeader(okhttp3.HttpUrl,boolean)>	sig:$r1 = virtualinvoke $r0.<okhttp3.HttpUrl: java.lang.String host()>()	timediff:0
I/System.out(11403): body:<okhttp3.internal.Util: java.lang.String hostHeader(okhttp3.HttpUrl,boolean)>	sig:$r1 = virtualinvoke $r0.<okhttp3.HttpUrl: java.lang.String host()>()	timediff:0
I/System.out(11403): body:<okhttp3.internal.Util: java.lang.String hostHeader(okhttp3.HttpUrl,boolean)>	sig:$i0 = virtualinvoke $r0.<okhttp3.HttpUrl: int port()>()	timediff:0
I/System.out(11403): body:<okhttp3.internal.Util: java.lang.String hostHeader(okhttp3.HttpUrl,boolean)>	sig:$r3 = virtualinvoke $r0.<okhttp3.HttpUrl: java.lang.String scheme()>()	timediff:0
I/System.out(11403): body:<okhttp3.internal.Util: java.lang.String hostHeader(okhttp3.HttpUrl,boolean)>	sig:$i1 = staticinvoke <okhttp3.HttpUrl: int defaultPort(java.lang.String)>($r3)	timediff:0
I/System.out(11403): body:<okhttp3.Headers$Builder: okhttp3.Headers$Builder set(java.lang.String,java.lang.String)>	sig:specialinvoke $r0.<okhttp3.Headers$Builder: void checkNameAndValue(java.lang.String,java.lang.String)>($r1, $r2)	timediff:0
