I/dalvikvm(27013): Could not find method okhttp3.Call.request, referenced from method empirical.HelperClass.printOkHttpInfoFromCall
W/dalvikvm(27013): VFY: unable to resolve interface method 21418: Lokhttp3/Call;.request ()Lokhttp3/Request;
D/dalvikvm(27013): VFY: replacing opcode 0x72 at 0x0006
I/System.out(27013): body:<de.schildbach.wallet.ExchangeRatesProvider: void <clinit>()>	sig:specialinvoke $r3.<java.net.URL: void <init>(java.lang.String)>("https://api.bitcoinaverage.com/custom/abw")	timediff:0
I/System.out(27013): <de.schildbach.wallet.ExchangeRatesProvider: void <clinit>()>###specialinvoke $r3.<java.net.URL: void <init>(java.lang.String)>("https://api.bitcoinaverage.com/custom/abw")###https://api.bitcoinaverage.com/custom/abw
D/dalvikvm(27013): JIT code cache reset in 0 ms (0 bytes 1/0)
D/dalvikvm(27013): GC_CONCURRENT freed 220K, 10% free 2955K/3260K, paused 2ms+0ms, total 4ms
D/dalvikvm(27013): GC_CONCURRENT freed 358K, 13% free 3014K/3460K, paused 2ms+1ms, total 5ms
D/dalvikvm(27013): GC_CONCURRENT freed 322K, 12% free 3111K/3520K, paused 0ms+2ms, total 4ms
D/dalvikvm(27013): GC_CONCURRENT freed 325K, 12% free 3207K/3616K, paused 0ms+2ms, total 3ms
D/dalvikvm(27013): GC_CONCURRENT freed 327K, 12% free 3306K/3716K, paused 0ms+0ms, total 3ms
D/dalvikvm(27013): GC_CONCURRENT freed 328K, 11% free 3403K/3816K, paused 0ms+2ms, total 5ms
D/dalvikvm(27013): GC_CONCURRENT freed 325K, 11% free 3500K/3908K, paused 0ms+1ms, total 3ms
D/dalvikvm(27013): GC_CONCURRENT freed 330K, 11% free 3599K/4012K, paused 0ms+1ms, total 2ms
D/dalvikvm(27013): GC_CONCURRENT freed 335K, 11% free 3699K/4120K, paused 0ms+2ms, total 5ms
D/dalvikvm(27013): GC_CONCURRENT freed 336K, 10% free 3799K/4220K, paused 0ms+1ms, total 4ms
D/dalvikvm(27013): GC_CONCURRENT freed 337K, 10% free 3899K/4320K, paused 0ms+1ms, total 3ms
D/dalvikvm(27013): GC_CONCURRENT freed 339K, 10% free 4000K/4424K, paused 1ms+2ms, total 6ms
D/dalvikvm(27013): GC_CONCURRENT freed 263K, 8% free 4204K/4564K, paused 0ms+1ms, total 3ms
D/dalvikvm(27013): GC_CONCURRENT freed 299K, 9% free 4375K/4760K, paused 1ms+3ms, total 6ms
D/dalvikvm(27013): GC_CONCURRENT freed 386K, 10% free 4486K/4964K, paused 2ms+2ms, total 6ms
D/dalvikvm(27013): GC_CONCURRENT freed 409K, 10% free 4611K/5104K, paused 2ms+3ms, total 7ms
D/dalvikvm(27013): GC_CONCURRENT freed 806K, 17% free 4382K/5272K, paused 0ms+3ms, total 7ms
D/dalvikvm(27013): GC_CONCURRENT freed 503K, 17% free 4376K/5272K, paused 0ms+1ms, total 4ms
D/dalvikvm(27013): GC_CONCURRENT freed 501K, 18% free 4374K/5272K, paused 0ms+2ms, total 5ms
D/dalvikvm(27013): GC_CONCURRENT freed 499K, 18% free 4372K/5272K, paused 1ms+0ms, total 5ms
D/dalvikvm(27013): GC_CONCURRENT freed 501K, 18% free 4371K/5272K, paused 0ms+3ms, total 7ms
D/dalvikvm(27013): GC_CONCURRENT freed 508K, 18% free 4373K/5272K, paused 3ms+2ms, total 8ms
D/dalvikvm(27013): GC_CONCURRENT freed 708K, 22% free 4130K/5272K, paused 0ms+1ms, total 5ms
I/System.out(27013): body:<org.bitcoinj.params.MainNetParams: void <init>()>	sig:$r14 = staticinvoke <java.net.URI: java.net.URI create(java.lang.String)>("http://httpseed.bitcoin.schildbach.de/peers")	timediff:2
I/System.out(27013): body:<org.bitcoinj.core.VersionMessage: void <init>(org.bitcoinj.core.NetworkParameters,int)>	sig:$r6 = staticinvoke <java.net.InetAddress: java.net.InetAddress getByAddress(byte[])>($r3)	timediff:0
I/System.out(27013): body:<org.bitcoinj.core.VersionMessage: void <init>(org.bitcoinj.core.NetworkParameters,int)>	sig:$r6 = staticinvoke <java.net.InetAddress: java.net.InetAddress getByAddress(byte[])>($r3)	timediff:0
W/dalvikvm(27013): Exception Ljava/lang/Error; thrown while initializing Lorg/slf4j/MDC;
D/AndroidRuntime(27013): Shutting down VM
W/dalvikvm(27013): threadid=1: thread exiting with uncaught exception (group=0x94c45b20)
D/dalvikvm(27013): GC_FOR_ALLOC freed 227K, 20% free 4222K/5272K, paused 3ms, total 3ms
E/AndroidRuntime(27013): FATAL EXCEPTION: main
E/AndroidRuntime(27013): Process: de.schildbach.wallet, PID: 27013
E/AndroidRuntime(27013): java.lang.Error: Unresolved compilation error: Method <org.slf4j.impl.StaticMDCBinder: org.slf4j.impl.StaticMDCBinder getSingleton()> does not exist!
E/AndroidRuntime(27013): 	at org.slf4j.impl.StaticMDCBinder.getSingleton(dalvik_source_de.schildbach.wallet.apk)
E/AndroidRuntime(27013): 	at org.slf4j.MDC.bwCompatibleGetMDCAdapterFromBinder(MDC.java:99)
E/AndroidRuntime(27013): 	at org.slf4j.MDC.<clinit>(MDC.java:108)
E/AndroidRuntime(27013): 	at ch.qos.logback.classic.spi.LoggingEvent.getMDCPropertyMap(dalvik_source_de.schildbach.wallet.apk)
E/AndroidRuntime(27013): 	at ch.qos.logback.classic.spi.LoggingEvent.prepareForDeferredProcessing(dalvik_source_de.schildbach.wallet.apk)
E/AndroidRuntime(27013): 	at ch.qos.logback.core.OutputStreamAppender.subAppend(dalvik_source_de.schildbach.wallet.apk)
E/AndroidRuntime(27013): 	at ch.qos.logback.core.FileAppender.subAppend(dalvik_source_de.schildbach.wallet.apk)
E/AndroidRuntime(27013): 	at ch.qos.logback.core.rolling.RollingFileAppender.subAppend(dalvik_source_de.schildbach.wallet.apk)
E/AndroidRuntime(27013): 	at ch.qos.logback.core.OutputStreamAppender.append(dalvik_source_de.schildbach.wallet.apk)
E/AndroidRuntime(27013): 	at ch.qos.logback.core.UnsynchronizedAppenderBase.doAppend(dalvik_source_de.schildbach.wallet.apk)
E/AndroidRuntime(27013): 	at ch.qos.logback.core.spi.AppenderAttachableImpl.appendLoopOnAppenders(dalvik_source_de.schildbach.wallet.apk)
E/AndroidRuntime(27013): 	at ch.qos.logback.classic.Logger.appendLoopOnAppenders(dalvik_source_de.schildbach.wallet.apk)
E/AndroidRuntime(27013): 	at ch.qos.logback.classic.Logger.callAppenders(dalvik_source_de.schildbach.wallet.apk)
E/AndroidRuntime(27013): 	at ch.qos.logback.classic.Logger.buildLoggingEventAndAppend(dalvik_source_de.schildbach.wallet.apk)
E/AndroidRuntime(27013): 	at ch.qos.logback.classic.Logger.filterAndLog_2(dalvik_source_de.schildbach.wallet.apk)
E/AndroidRuntime(27013): 	at ch.qos.logback.classic.Logger.info(dalvik_source_de.schildbach.wallet.apk)
E/AndroidRuntime(27013): 	at de.schildbach.wallet.WalletApplication.onCreate(WalletApplication.java:107)
E/AndroidRuntime(27013): 	at android.app.Instrumentation.callApplicationOnCreate(Instrumentation.java:1024)
E/AndroidRuntime(27013): 	at android.app.ActivityThread.handleBindApplication(ActivityThread.java:4346)
E/AndroidRuntime(27013): 	at android.app.ActivityThread.access$1500(ActivityThread.java:135)
E/AndroidRuntime(27013): 	at android.app.ActivityThread$H.handleMessage(ActivityThread.java:1256)
E/AndroidRuntime(27013): 	at android.os.Handler.dispatchMessage(Handler.java:102)
E/AndroidRuntime(27013): 	at android.os.Looper.loop(Looper.java:136)
E/AndroidRuntime(27013): 	at android.app.ActivityThread.main(ActivityThread.java:5019)
E/AndroidRuntime(27013): 	at java.lang.reflect.Method.invokeNative(Native Method)
E/AndroidRuntime(27013): 	at java.lang.reflect.Method.invoke(Method.java:515)
E/AndroidRuntime(27013): 	at com.android.internal.os.ZygoteInit$MethodAndArgsCaller.run(ZygoteInit.java:779)
E/AndroidRuntime(27013): 	at com.android.internal.os.ZygoteInit.main(ZygoteInit.java:595)
E/AndroidRuntime(27013): 	at dalvik.system.NativeStart.main(Native Method)
I/Process (  483): Sending signal. PID: 27013 SIG: 9
W/NetworkManagementSocketTagger(  483): setKernelCountSet(10095, 0) failed with errno -13
I/InputDispatcher(  483): Dropping event because there is no focused window or focused application.
I/InputDispatcher(  483): Dropping event because there is no focused window or focused application.
I/InputDispatcher(  483): Dropping event because there is no focused window or focused application.
I/InputDispatcher(  483): Dropping event because there is no focused window or focused application.
I/InputDispatcher(  483): Dropping event because there is no focused window or focused application.
I/InputDispatcher(  483): Dropping event because there is no focused window or focused application.
I/InputDispatcher(  483): Dropping event because there is no focused window or focused application.
I/InputDispatcher(  483): Dropping event because there is no focused window or focused application.
I/InputDispatcher(  483): Dropping event because there is no focused window or focused application.
I/InputDispatcher(  483): Dropping event because there is no focused window or focused application.
I/InputDispatcher(  483): Dropping event because there is no focused window or focused application.
I/InputDispatcher(  483): Dropping event because there is no focused window or focused application.
W/ActivityManager(  483): Force-killing crashed app de.schildbach.wallet at watcher's request
W/ContextImpl(  483): Calling a method in the system process without a qualified user: android.app.ContextImpl.sendBroadcast:1123 com.android.server.am.ActivityManagerService.handleApplicationCrashInner:9670 com.android.server.am.ActivityManagerService.handleApplicationCrash:9644 android.app.ActivityManagerNative.onTransact:1311 com.android.server.am.ActivityManagerService.onTransact:2071 
I/ActivityManager(  483): Process de.schildbach.wallet (pid 27013) has died.
W/ActivityManager(  483): Force removing ActivityRecord{4a8e1878 u0 de.schildbach.wallet/.WalletActivity t262}: app died, no saved state
W/InputManager(  483): Input event injection from pid 26928 failed.
W/InputManager(  483): Input event injection from pid 26928 failed.
W/InputManager(  483): Input event injection from pid 26928 failed.
W/InputManager(  483): Input event injection from pid 26928 failed.
W/InputManager(  483): Input event injection from pid 26928 failed.
W/InputManager(  483): Input event injection from pid 26928 failed.
W/InputManager(  483): Input event injection from pid 26928 failed.
W/InputManager(  483): Input event injection from pid 26928 failed.
W/InputManager(  483): Input event injection from pid 26928 failed.
W/InputManager(  483): Input event injection from pid 26928 failed.
W/InputManager(  483): Input event injection from pid 26928 failed.
W/InputManager(  483): Input event injection from pid 26928 failed.
W/InputManager(  483): Input event injection from pid 26928 failed.
I/InputDispatcher(  483): Dropping event because there is no focused window or focused application.
I/InputDispatcher(  483): Dropping event because there is no focused window or focused application.
W/InputManager(  483): Input event injection from pid 26928 failed.
W/InputManager(  483): Input event injection from pid 26928 failed.
W/InputManager(  483): Input event injection from pid 26928 failed.
W/EGL_emulation(22282): eglSurfaceAttrib not implemented 3093 12436
W/InputMethodManagerService(  483): Window already focused, ignoring focus gain of: com.android.internal.view.IInputMethodClient$Stub$Proxy@4aaa18a4 attribute=null, token = android.os.BinderProxy@4a9a55a8
I/ActivityManager(  483): START u0 {act=android.intent.action.MAIN cat=[android.intent.category.LAUNCHER] flg=0x10200000 cmp=de.schildbach.wallet/.WalletActivity} from pid 26928
W/NetworkManagementSocketTagger(  483): setKernelCountSet(10095, 1) failed with errno -13
I/dalvikvm(27030): ignoring registerObject request in thread=1
I/dalvikvm(27030): ignoring registerObject request in thread=1
I/ActivityManager(  483): Start proc de.schildbach.wallet for activity de.schildbach.wallet/.WalletActivity: pid=27030 uid=10095 gids={50095, 3003, 3002, 1028, 1015, 1023}
W/dalvikvm(27030): VFY: unable to find class referenced in signature (Lokhttp3/Request;)
W/dalvikvm(27030): VFY: unable to find class referenced in signature (Lokhttp3/Response;)
I/dalvikvm(27030): Could not find method okhttp3.Response.headers, referenced from method empirical.HelperClass.printOkHttpInfo
W/dalvikvm(27030): VFY: unable to resolve virtual method 21424: Lokhttp3/Response;.headers ()Lokhttp3/Headers;
D/dalvikvm(27030): VFY: replacing opcode 0x6e at 0x0006
W/dalvikvm(27030): VFY: unable to find class referenced in signature (Lokhttp3/Call;)
W/dalvikvm(27030): VFY: unable to find class referenced in signature (Lokhttp3/Response;)
I/dalvikvm(27030): Could not find method okhttp3.Call.request, referenced from method empirical.HelperClass.printOkHttpInfoFromCall
W/dalvikvm(27030): VFY: unable to resolve interface method 21418: Lokhttp3/Call;.request ()Lokhttp3/Request;
D/dalvikvm(27030): VFY: replacing opcode 0x72 at 0x0006
I/System.out(27030): body:<de.schildbach.wallet.ExchangeRatesProvider: void <clinit>()>	sig:specialinvoke $r3.<java.net.URL: void <init>(java.lang.String)>("https://api.bitcoinaverage.com/custom/abw")	timediff:0
I/System.out(27030): <de.schildbach.wallet.ExchangeRatesProvider: void <clinit>()>###specialinvoke $r3.<java.net.URL: void <init>(java.lang.String)>("https://api.bitcoinaverage.com/custom/abw")###https://api.bitcoinaverage.com/custom/abw
D/dalvikvm(27030): JIT code cache reset in 0 ms (0 bytes 1/0)
D/dalvikvm(27030): GC_CONCURRENT freed 221K, 10% free 2953K/3260K, paused 2ms+0ms, total 5ms
D/dalvikvm(27030): GC_CONCURRENT freed 335K, 13% free 3006K/3428K, paused 2ms+0ms, total 4ms
D/dalvikvm(27030): GC_CONCURRENT freed 311K, 12% free 3099K/3496K, paused 2ms+0ms, total 5ms
D/dalvikvm(27030): GC_CONCURRENT freed 317K, 12% free 3194K/3596K, paused 0ms+2ms, total 5ms
D/dalvikvm(27030): GC_CONCURRENT freed 331K, 12% free 3294K/3708K, paused 1ms+1ms, total 4ms
D/dalvikvm(27030): GC_CONCURRENT freed 334K, 12% free 3392K/3812K, paused 1ms+0ms, total 3ms
D/dalvikvm(27030): GC_CONCURRENT freed 326K, 11% free 3489K/3900K, paused 0ms+1ms, total 4ms
D/dalvikvm(27030): GC_CONCURRENT freed 333K, 11% free 3589K/4008K, paused 0ms+1ms, total 3ms
D/dalvikvm(27030): GC_CONCURRENT freed 340K, 11% free 3691K/4116K, paused 0ms+1ms, total 5ms
D/dalvikvm(27030): GC_CONCURRENT freed 332K, 10% free 3790K/4208K, paused 0ms+0ms, total 3ms
D/dalvikvm(27030): GC_CONCURRENT freed 335K, 10% free 3890K/4308K, paused 0ms+1ms, total 5ms
D/dalvikvm(27030): GC_CONCURRENT freed 354K, 10% free 3995K/4436K, paused 0ms+2ms, total 7ms
D/dalvikvm(27030): GC_CONCURRENT freed 273K, 9% free 4198K/4568K, paused 0ms+0ms, total 4ms
D/dalvikvm(27030): GC_CONCURRENT freed 309K, 9% free 4376K/4772K, paused 0ms+0ms, total 4ms
D/dalvikvm(27030): GC_CONCURRENT freed 392K, 10% free 4488K/4976K, paused 0ms+1ms, total 4ms
D/dalvikvm(27030): GC_CONCURRENT freed 417K, 11% free 4614K/5128K, paused 0ms+0ms, total 4ms
D/dalvikvm(27030): GC_CONCURRENT freed 814K, 17% free 4385K/5280K, paused 0ms+0ms, total 4ms
D/dalvikvm(27030): GC_CONCURRENT freed 513K, 18% free 4376K/5280K, paused 0ms+1ms, total 4ms
D/dalvikvm(27030): GC_CONCURRENT freed 473K, 18% free 4377K/5280K, paused 3ms+0ms, total 9ms
D/dalvikvm(27030): GC_CONCURRENT freed 550K, 18% free 4359K/5280K, paused 1ms+0ms, total 5ms
D/dalvikvm(27030): WAIT_FOR_CONCURRENT_GC blocked 2ms
D/dalvikvm(27030): GC_CONCURRENT freed 492K, 18% free 4377K/5280K, paused 2ms+1ms, total 7ms
D/dalvikvm(27030): GC_CONCURRENT freed 436K, 18% free 4345K/5280K, paused 1ms+0ms, total 5ms
D/dalvikvm(27030): GC_CONCURRENT freed 633K, 23% free 4106K/5280K, paused 1ms+0ms, total 5ms
I/System.out(27030): body:<org.bitcoinj.params.MainNetParams: void <init>()>	sig:$r14 = staticinvoke <java.net.URI: java.net.URI create(java.lang.String)>("http://httpseed.bitcoin.schildbach.de/peers")	timediff:0
I/System.out(27030): body:<org.bitcoinj.core.VersionMessage: void <init>(org.bitcoinj.core.NetworkParameters,int)>	sig:$r6 = staticinvoke <java.net.InetAddress: java.net.InetAddress getByAddress(byte[])>($r3)	timediff:0
I/System.out(27030): body:<org.bitcoinj.core.VersionMessage: void <init>(org.bitcoinj.core.NetworkParameters,int)>	sig:$r6 = staticinvoke <java.net.InetAddress: java.net.InetAddress getByAddress(byte[])>($r3)	timediff:1
W/dalvikvm(27030): Exception Ljava/lang/Error; thrown while initializing Lorg/slf4j/MDC;
D/AndroidRuntime(27030): Shutting down VM
W/dalvikvm(27030): threadid=1: thread exiting with uncaught exception (group=0x94c45b20)
D/dalvikvm(27030): GC_CONCURRENT freed 313K, 20% free 4237K/5280K, paused 2ms+1ms, total 9ms
D/dalvikvm(27030): WAIT_FOR_CONCURRENT_GC blocked 3ms
D/dalvikvm(27030): GC_FOR_ALLOC freed 26K, 20% free 4225K/5280K, paused 4ms, total 4ms
I/Process (  483): Sending signal. PID: 27030 SIG: 9
E/AndroidRuntime(27030): FATAL EXCEPTION: main
E/AndroidRuntime(27030): Process: de.schildbach.wallet, PID: 27030
E/AndroidRuntime(27030): java.lang.Error: Unresolved compilation error: Method <org.slf4j.impl.StaticMDCBinder: org.slf4j.impl.StaticMDCBinder getSingleton()> does not exist!
E/AndroidRuntime(27030): 	at org.slf4j.impl.StaticMDCBinder.getSingleton(dalvik_source_de.schildbach.wallet.apk)
E/AndroidRuntime(27030): 	at org.slf4j.MDC.bwCompatibleGetMDCAdapterFromBinder(MDC.java:99)
E/AndroidRuntime(27030): 	at org.slf4j.MDC.<clinit>(MDC.java:108)
E/AndroidRuntime(27030): 	at ch.qos.logback.classic.spi.LoggingEvent.getMDCPropertyMap(dalvik_source_de.schildbach.wallet.apk)
E/AndroidRuntime(27030): 	at ch.qos.logback.classic.spi.LoggingEvent.prepareForDeferredProcessing(dalvik_source_de.schildbach.wallet.apk)
E/AndroidRuntime(27030): 	at ch.qos.logback.core.OutputStreamAppender.subAppend(dalvik_source_de.schildbach.wallet.apk)
E/AndroidRuntime(27030): 	at ch.qos.logback.core.FileAppender.subAppend(dalvik_source_de.schildbach.wallet.apk)
E/AndroidRuntime(27030): 	at ch.qos.logback.core.rolling.RollingFileAppender.subAppend(dalvik_source_de.schildbach.wallet.apk)
E/AndroidRuntime(27030): 	at ch.qos.logback.core.OutputStreamAppender.append(dalvik_source_de.schildbach.wallet.apk)
E/AndroidRuntime(27030): 	at ch.qos.logback.core.UnsynchronizedAppenderBase.doAppend(dalvik_source_de.schildbach.wallet.apk)
E/AndroidRuntime(27030): 	at ch.qos.logback.core.spi.AppenderAttachableImpl.appendLoopOnAppenders(dalvik_source_de.schildbach.wallet.apk)
E/AndroidRuntime(27030): 	at ch.qos.logback.classic.Logger.appendLoopOnAppenders(dalvik_source_de.schildbach.wallet.apk)
E/AndroidRuntime(27030): 	at ch.qos.logback.classic.Logger.callAppenders(dalvik_source_de.schildbach.wallet.apk)
E/AndroidRuntime(27030): 	at ch.qos.logback.classic.Logger.buildLoggingEventAndAppend(dalvik_source_de.schildbach.wallet.apk)
E/AndroidRuntime(27030): 	at ch.qos.logback.classic.Logger.filterAndLog_2(dalvik_source_de.schildbach.wallet.apk)
E/AndroidRuntime(27030): 	at ch.qos.logback.classic.Logger.info(dalvik_source_de.schildbach.wallet.apk)
E/AndroidRuntime(27030): 	at de.schildbach.wallet.WalletApplication.onCreate(WalletApplication.java:107)
E/AndroidRuntime(27030): 	at android.app.Instrumentation.callApplicationOnCreate(Instrumentation.java:1024)
E/AndroidRuntime(27030): 	at android.app.ActivityThread.handleBindApplication(ActivityThread.java:4346)
E/AndroidRuntime(27030): 	at android.app.ActivityThread.access$1500(ActivityThread.java:135)
E/AndroidRuntime(27030): 	at android.app.ActivityThread$H.handleMessage(ActivityThread.java:1256)
E/AndroidRuntime(27030): 	at android.os.Handler.dispatchMessage(Handler.java:102)
E/AndroidRuntime(27030): 	at android.os.Looper.loop(Looper.java:136)
E/AndroidRuntime(27030): 	at android.app.ActivityThread.main(ActivityThread.java:5019)
E/AndroidRuntime(27030): 	at java.lang.reflect.Method.invokeNative(Native Method)
E/AndroidRuntime(27030): 	at java.lang.reflect.Method.invoke(Method.java:515)
E/AndroidRuntime(27030): 	at com.android.internal.os.ZygoteInit$MethodAndArgsCaller.run(ZygoteInit.java:779)
E/AndroidRuntime(27030): 	at com.android.internal.os.ZygoteInit.main(ZygoteInit.java:595)
E/AndroidRuntime(27030): 	at dalvik.system.NativeStart.main(Native Method)
W/ActivityManager(  483): Force-killing crashed app de.schildbach.wallet at watcher's request
W/ContextImpl(  483): Calling a method in the system process without a qualified user: android.app.ContextImpl.sendBroadcast:1123 com.android.server.am.ActivityManagerService.handleApplicationCrashInner:9670 com.android.server.am.ActivityManagerService.handleApplicationCrash:9644 android.app.ActivityManagerNative.onTransact:1311 com.android.server.am.ActivityManagerService.onTransact:2071 
W/NetworkManagementSocketTagger(  483): setKernelCountSet(10095, 0) failed with errno -13
I/ActivityManager(  483): Process de.schildbach.wallet (pid 27030) has died.
I/ActivityManager(  483): Start proc de.schildbach.wallet for activity de.schildbach.wallet/.WalletActivity: pid=27044 uid=10095 gids={50095, 3003, 3002, 1028, 1015, 1023}
W/NetworkManagementSocketTagger(  483): setKernelCountSet(10095, 1) failed with errno -13
I/dalvikvm(27044): ignoring registerObject request in thread=1
I/dalvikvm(27044): ignoring registerObject request in thread=1
W/dalvikvm(27044): VFY: unable to find class referenced in signature (Lokhttp3/Request;)
W/dalvikvm(27044): VFY: unable to find class referenced in signature (Lokhttp3/Response;)
I/dalvikvm(27044): Could not find method okhttp3.Response.headers, referenced from method empirical.HelperClass.printOkHttpInfo
W/dalvikvm(27044): VFY: unable to resolve virtual method 21424: Lokhttp3/Response;.headers ()Lokhttp3/Headers;
D/dalvikvm(27044): VFY: replacing opcode 0x6e at 0x0006
W/dalvikvm(27044): VFY: unable to find class referenced in signature (Lokhttp3/Call;)
W/dalvikvm(27044): VFY: unable to find class referenced in signature (Lokhttp3/Response;)
I/dalvikvm(27044): Could not find method okhttp3.Call.request, referenced from method empirical.HelperClass.printOkHttpInfoFromCall
W/dalvikvm(27044): VFY: unable to resolve interface method 21418: Lokhttp3/Call;.request ()Lokhttp3/Request;
D/dalvikvm(27044): VFY: replacing opcode 0x72 at 0x0006
I/System.out(27044): body:<de.schildbach.wallet.ExchangeRatesProvider: void <clinit>()>	sig:specialinvoke $r3.<java.net.URL: void <init>(java.lang.String)>("https://api.bitcoinaverage.com/custom/abw")	timediff:1
I/System.out(27044): <de.schildbach.wallet.ExchangeRatesProvider: void <clinit>()>###specialinvoke $r3.<java.net.URL: void <init>(java.lang.String)>("https://api.bitcoinaverage.com/custom/abw")###https://api.bitcoinaverage.com/custom/abw
D/dalvikvm(27044): JIT code cache reset in 0 ms (0 bytes 1/0)
D/dalvikvm(27044): GC_CONCURRENT freed 262K, 11% free 2957K/3304K, paused 1ms+0ms, total 4ms
D/dalvikvm(27044): GC_CONCURRENT freed 347K, 13% free 3022K/3452K, paused 1ms+0ms, total 4ms
D/dalvikvm(27044): GC_CONCURRENT freed 325K, 12% free 3118K/3528K, paused 0ms+3ms, total 4ms
D/dalvikvm(27044): GC_CONCURRENT freed 326K, 12% free 3216K/3628K, paused 1ms+2ms, total 5ms
D/dalvikvm(27044): GC_CONCURRENT freed 325K, 12% free 3313K/3724K, paused 1ms+0ms, total 3ms
D/dalvikvm(27044): GC_CONCURRENT freed 327K, 11% free 3412K/3820K, paused 1ms+1ms, total 3ms
D/dalvikvm(27044): GC_CONCURRENT freed 331K, 11% free 3509K/3924K, paused 1ms+1ms, total 3ms
D/dalvikvm(27044): GC_CONCURRENT freed 333K, 11% free 3609K/4028K, paused 1ms+1ms, total 3ms
D/dalvikvm(27044): GC_CONCURRENT freed 332K, 11% free 3708K/4124K, paused 0ms+2ms, total 4ms
D/dalvikvm(27044): GC_CONCURRENT freed 335K, 10% free 3807K/4228K, paused 0ms+0ms, total 3ms
D/dalvikvm(27044): GC_CONCURRENT freed 336K, 10% free 3907K/4328K, paused 0ms+2ms, total 4ms
D/dalvikvm(27044): GC_CONCURRENT freed 339K, 10% free 4008K/4432K, paused 0ms+2ms, total 4ms
D/dalvikvm(27044): GC_CONCURRENT freed 255K, 8% free 4220K/4572K, paused 0ms+0ms, total 3ms
D/dalvikvm(27044): GC_CONCURRENT freed 309K, 9% free 4384K/4780K, paused 0ms+0ms, total 3ms
D/dalvikvm(27044): GC_CONCURRENT freed 386K, 10% free 4494K/4980K, paused 0ms+0ms, total 3ms
D/dalvikvm(27044): GC_CONCURRENT freed 687K, 16% free 4344K/5116K, paused 0ms+2ms, total 6ms
D/dalvikvm(27044): GC_CONCURRENT freed 457K, 15% free 4378K/5116K, paused 0ms+0ms, total 4ms
D/dalvikvm(27044): GC_CONCURRENT freed 498K, 15% free 4379K/5116K, paused 0ms+2ms, total 5ms
D/dalvikvm(27044): GC_CONCURRENT freed 502K, 15% free 4377K/5116K, paused 1ms+1ms, total 5ms
D/dalvikvm(27044): GC_CONCURRENT freed 498K, 15% free 4373K/5116K, paused 0ms+2ms, total 5ms
D/dalvikvm(27044): GC_CONCURRENT freed 503K, 15% free 4371K/5116K, paused 0ms+3ms, total 6ms
D/dalvikvm(27044): GC_CONCURRENT freed 499K, 15% free 4371K/5116K, paused 0ms+1ms, total 4ms
D/dalvikvm(27044): GC_CONCURRENT freed 728K, 20% free 4119K/5116K, paused 0ms+0ms, total 5ms
I/System.out(27044): body:<org.bitcoinj.params.MainNetParams: void <init>()>	sig:$r14 = staticinvoke <java.net.URI: java.net.URI create(java.lang.String)>("http://httpseed.bitcoin.schildbach.de/peers")	timediff:0
I/System.out(27044): body:<org.bitcoinj.core.VersionMessage: void <init>(org.bitcoinj.core.NetworkParameters,int)>	sig:$r6 = staticinvoke <java.net.InetAddress: java.net.InetAddress getByAddress(byte[])>($r3)	timediff:0
I/System.out(27044): body:<org.bitcoinj.core.VersionMessage: void <init>(org.bitcoinj.core.NetworkParameters,int)>	sig:$r6 = staticinvoke <java.net.InetAddress: java.net.InetAddress getByAddress(byte[])>($r3)	timediff:0
W/dalvikvm(27044): Exception Ljava/lang/Error; thrown while initializing Lorg/slf4j/MDC;
D/AndroidRuntime(27044): Shutting down VM
W/dalvikvm(27044): threadid=1: thread exiting with uncaught exception (group=0x94c45b20)
E/AndroidRuntime(27044): FATAL EXCEPTION: main
E/AndroidRuntime(27044): Process: de.schildbach.wallet, PID: 27044
E/AndroidRuntime(27044): java.lang.Error: Unresolved compilation error: Method <org.slf4j.impl.StaticMDCBinder: org.slf4j.impl.StaticMDCBinder getSingleton()> does not exist!
E/AndroidRuntime(27044): 	at org.slf4j.impl.StaticMDCBinder.getSingleton(dalvik_source_de.schildbach.wallet.apk)
E/AndroidRuntime(27044): 	at org.slf4j.MDC.bwCompatibleGetMDCAdapterFromBinder(MDC.java:99)
E/AndroidRuntime(27044): 	at org.slf4j.MDC.<clinit>(MDC.java:108)
E/AndroidRuntime(27044): 	at ch.qos.logback.classic.spi.LoggingEvent.getMDCPropertyMap(dalvik_source_de.schildbach.wallet.apk)
E/AndroidRuntime(27044): 	at ch.qos.logback.classic.spi.LoggingEvent.prepareForDeferredProcessing(dalvik_source_de.schildbach.wallet.apk)
E/AndroidRuntime(27044): 	at ch.qos.logback.core.OutputStreamAppender.subAppend(dalvik_source_de.schildbach.wallet.apk)
E/AndroidRuntime(27044): 	at ch.qos.logback.core.FileAppender.subAppend(dalvik_source_de.schildbach.wallet.apk)
E/AndroidRuntime(27044): 	at ch.qos.logback.core.rolling.RollingFileAppender.subAppend(dalvik_source_de.schildbach.wallet.apk)
E/AndroidRuntime(27044): 	at ch.qos.logback.core.OutputStreamAppender.append(dalvik_source_de.schildbach.wallet.apk)
E/AndroidRuntime(27044): 	at ch.qos.logback.core.UnsynchronizedAppenderBase.doAppend(dalvik_source_de.schildbach.wallet.apk)
E/AndroidRuntime(27044): 	at ch.qos.logback.core.spi.AppenderAttachableImpl.appendLoopOnAppenders(dalvik_source_de.schildbach.wallet.apk)
E/AndroidRuntime(27044): 	at ch.qos.logback.classic.Logger.appendLoopOnAppenders(dalvik_source_de.schildbach.wallet.apk)
E/AndroidRuntime(27044): 	at ch.qos.logback.classic.Logger.callAppenders(dalvik_source_de.schildbach.wallet.apk)
E/AndroidRuntime(27044): 	at ch.qos.logback.classic.Logger.buildLoggingEventAndAppend(dalvik_source_de.schildbach.wallet.apk)
E/AndroidRuntime(27044): 	at ch.qos.logback.classic.Logger.filterAndLog_2(dalvik_source_de.schildbach.wallet.apk)
E/AndroidRuntime(27044): 	at ch.qos.logback.classic.Logger.info(dalvik_source_de.schildbach.wallet.apk)
E/AndroidRuntime(27044): 	at de.schildbach.wallet.WalletApplication.onCreate(WalletApplication.java:107)
E/AndroidRuntime(27044): 	at android.app.Instrumentation.callApplicationOnCreate(Instrumentation.java:1024)
E/AndroidRuntime(27044): 	at android.app.ActivityThread.handleBindApplication(ActivityThread.java:4346)
E/AndroidRuntime(27044): 	at android.app.ActivityThread.access$1500(ActivityThread.java:135)
E/AndroidRuntime(27044): 	at android.app.ActivityThread$H.handleMessage(ActivityThread.java:1256)
E/AndroidRuntime(27044): 	at android.os.Handler.dispatchMessage(Handler.java:102)
E/AndroidRuntime(27044): 	at android.os.Looper.loop(Looper.java:136)
E/AndroidRuntime(27044): 	at android.app.ActivityThread.main(ActivityThread.java:5019)
E/AndroidRuntime(27044): 	at java.lang.reflect.Method.invokeNative(Native Method)
E/AndroidRuntime(27044): 	at java.lang.reflect.Method.invoke(Method.java:515)
E/AndroidRuntime(27044): 	at com.android.internal.os.ZygoteInit$MethodAndArgsCaller.run(ZygoteInit.java:779)
E/AndroidRuntime(27044): 	at com.android.internal.os.ZygoteInit.main(ZygoteInit.java:595)
E/AndroidRuntime(27044): 	at dalvik.system.NativeStart.main(Native Method)
D/dalvikvm(27044): GC_CONCURRENT freed 273K, 18% free 4234K/5116K, paused 1ms+0ms, total 5ms
I/Process (  483): Sending signal. PID: 27044 SIG: 9
W/ActivityManager(  483): Force-killing crashed app de.schildbach.wallet at watcher's request
W/ContextImpl(  483): Calling a method in the system process without a qualified user: android.app.ContextImpl.sendBroadcast:1123 com.android.server.am.ActivityManagerService.handleApplicationCrashInner:9670 com.android.server.am.ActivityManagerService.handleApplicationCrash:9644 android.app.ActivityManagerNative.onTransact:1311 com.android.server.am.ActivityManagerService.onTransact:2071 
I/ActivityManager(  483): Process de.schildbach.wallet (pid 27044) has died.
W/NetworkManagementSocketTagger(  483): setKernelCountSet(10095, 0) failed with errno -13
I/ActivityManager(  483): Start proc de.schildbach.wallet for activity de.schildbach.wallet/.WalletActivity: pid=27060 uid=10095 gids={50095, 3003, 3002, 1028, 1015, 1023}
W/NetworkManagementSocketTagger(  483): setKernelCountSet(10095, 1) failed with errno -13
I/dalvikvm(27060): ignoring registerObject request in thread=1
I/dalvikvm(27060): ignoring registerObject request in thread=1
W/dalvikvm(27060): VFY: unable to find class referenced in signature (Lokhttp3/Request;)
W/dalvikvm(27060): VFY: unable to find class referenced in signature (Lokhttp3/Response;)
I/dalvikvm(27060): Could not find method okhttp3.Response.headers, referenced from method empirical.HelperClass.printOkHttpInfo
W/dalvikvm(27060): VFY: unable to resolve virtual method 21424: Lokhttp3/Response;.headers ()Lokhttp3/Headers;
D/dalvikvm(27060): VFY: replacing opcode 0x6e at 0x0006
W/dalvikvm(27060): VFY: unable to find class referenced in signature (Lokhttp3/Call;)
W/dalvikvm(27060): VFY: unable to find class referenced in signature (Lokhttp3/Response;)
I/dalvikvm(27060): Could not find method okhttp3.Call.request, referenced from method empirical.HelperClass.printOkHttpInfoFromCall
W/dalvikvm(27060): VFY: unable to resolve interface method 21418: Lokhttp3/Call;.request ()Lokhttp3/Request;
D/dalvikvm(27060): VFY: replacing opcode 0x72 at 0x0006
I/System.out(27060): body:<de.schildbach.wallet.ExchangeRatesProvider: void <clinit>()>	sig:specialinvoke $r3.<java.net.URL: void <init>(java.lang.String)>("https://api.bitcoinaverage.com/custom/abw")	timediff:0
I/System.out(27060): <de.schildbach.wallet.ExchangeRatesProvider: void <clinit>()>###specialinvoke $r3.<java.net.URL: void <init>(java.lang.String)>("https://api.bitcoinaverage.com/custom/abw")###https://api.bitcoinaverage.com/custom/abw
D/dalvikvm(27060): JIT code cache reset in 0 ms (0 bytes 1/0)
D/dalvikvm(27060): GC_CONCURRENT freed 265K, 11% free 2957K/3308K, paused 1ms+1ms, total 5ms
D/dalvikvm(27060): GC_CONCURRENT freed 326K, 13% free 3014K/3428K, paused 1ms+0ms, total 3ms
D/dalvikvm(27060): GC_CONCURRENT freed 298K, 12% free 3103K/3488K, paused 2ms+0ms, total 4ms
D/dalvikvm(27060): GC_CONCURRENT freed 297K, 11% free 3192K/3576K, paused 2ms+0ms, total 4ms
D/dalvikvm(27060): GC_CONCURRENT freed 296K, 11% free 3281K/3664K, paused 1ms+0ms, total 3ms
D/dalvikvm(27060): GC_CONCURRENT freed 296K, 11% free 3369K/3752K, paused 2ms+0ms, total 4ms
D/dalvikvm(27060): GC_CONCURRENT freed 296K, 10% free 3457K/3840K, paused 2ms+1ms, total 4ms
D/dalvikvm(27060): GC_CONCURRENT freed 295K, 10% free 3546K/3928K, paused 1ms+0ms, total 3ms
D/dalvikvm(27060): GC_CONCURRENT freed 298K, 10% free 3635K/4020K, paused 2ms+0ms, total 4ms
D/dalvikvm(27060): GC_CONCURRENT freed 297K, 10% free 3723K/4108K, paused 1ms+0ms, total 3ms
D/dalvikvm(27060): GC_CONCURRENT freed 335K, 10% free 3824K/4244K, paused 2ms+0ms, total 4ms
D/dalvikvm(27060): GC_CONCURRENT freed 337K, 10% free 3923K/4344K, paused 0ms+1ms, total 3ms
D/dalvikvm(27060): GC_CONCURRENT freed 338K, 10% free 4024K/4448K, paused 0ms+1ms, total 4ms
D/dalvikvm(27060): GC_CONCURRENT freed 241K, 8% free 4252K/4592K, paused 0ms+2ms, total 4ms
D/dalvikvm(27060): GC_CONCURRENT freed 330K, 9% free 4400K/4820K, paused 0ms+1ms, total 5ms
D/dalvikvm(27060): GC_CONCURRENT freed 391K, 10% free 4513K/5004K, paused 1ms+1ms, total 4ms
D/dalvikvm(27060): GC_CONCURRENT freed 706K, 16% free 4351K/5148K, paused 0ms+0ms, total 3ms
D/dalvikvm(27060): GC_CONCURRENT freed 395K, 16% free 4354K/5148K, paused 1ms+0ms, total 5ms
D/dalvikvm(27060): GC_CONCURRENT freed 400K, 16% free 4351K/5148K, paused 1ms+1ms, total 4ms
D/dalvikvm(27060): GC_CONCURRENT freed 398K, 16% free 4348K/5148K, paused 2ms+0ms, total 5ms
D/dalvikvm(27060): GC_CONCURRENT freed 444K, 16% free 4369K/5148K, paused 2ms+0ms, total 6ms
D/dalvikvm(27060): GC_CONCURRENT freed 477K, 16% free 4370K/5148K, paused 1ms+2ms, total 6ms
D/dalvikvm(27060): GC_CONCURRENT freed 428K, 16% free 4344K/5148K, paused 1ms+0ms, total 5ms
D/dalvikvm(27060): GC_CONCURRENT freed 396K, 16% free 4342K/5148K, paused 1ms+1ms, total 4ms
D/dalvikvm(27060): GC_CONCURRENT freed 626K, 21% free 4109K/5148K, paused 1ms+0ms, total 4ms
I/System.out(27060): body:<org.bitcoinj.params.MainNetParams: void <init>()>	sig:$r14 = staticinvoke <java.net.URI: java.net.URI create(java.lang.String)>("http://httpseed.bitcoin.schildbach.de/peers")	timediff:0
I/System.out(27060): body:<org.bitcoinj.core.VersionMessage: void <init>(org.bitcoinj.core.NetworkParameters,int)>	sig:$r6 = staticinvoke <java.net.InetAddress: java.net.InetAddress getByAddress(byte[])>($r3)	timediff:0
I/System.out(27060): body:<org.bitcoinj.core.VersionMessage: void <init>(org.bitcoinj.core.NetworkParameters,int)>	sig:$r6 = staticinvoke <java.net.InetAddress: java.net.InetAddress getByAddress(byte[])>($r3)	timediff:0
W/dalvikvm(27060): Exception Ljava/lang/Error; thrown while initializing Lorg/slf4j/MDC;
D/AndroidRuntime(27060): Shutting down VM
W/dalvikvm(27060): threadid=1: thread exiting with uncaught exception (group=0x94c45b20)
D/dalvikvm(27060): GC_CONCURRENT freed 265K, 18% free 4231K/5148K, paused 1ms+1ms, total 4ms
I/Process (  483): Sending signal. PID: 27060 SIG: 9
W/NetworkManagementSocketTagger(  483): setKernelCountSet(10095, 0) failed with errno -13
I/InputDispatcher(  483): Dropping event because there is no focused window or focused application.
E/AndroidRuntime(27060): FATAL EXCEPTION: main
E/AndroidRuntime(27060): Process: de.schildbach.wallet, PID: 27060
E/AndroidRuntime(27060): java.lang.Error: Unresolved compilation error: Method <org.slf4j.impl.StaticMDCBinder: org.slf4j.impl.StaticMDCBinder getSingleton()> does not exist!
E/AndroidRuntime(27060): 	at org.slf4j.impl.StaticMDCBinder.getSingleton(dalvik_source_de.schildbach.wallet.apk)
E/AndroidRuntime(27060): 	at org.slf4j.MDC.bwCompatibleGetMDCAdapterFromBinder(MDC.java:99)
E/AndroidRuntime(27060): 	at org.slf4j.MDC.<clinit>(MDC.java:108)
E/AndroidRuntime(27060): 	at ch.qos.logback.classic.spi.LoggingEvent.getMDCPropertyMap(dalvik_source_de.schildbach.wallet.apk)
E/AndroidRuntime(27060): 	at ch.qos.logback.classic.spi.LoggingEvent.prepareForDeferredProcessing(dalvik_source_de.schildbach.wallet.apk)
E/AndroidRuntime(27060): 	at ch.qos.logback.core.OutputStreamAppender.subAppend(dalvik_source_de.schildbach.wallet.apk)
E/AndroidRuntime(27060): 	at ch.qos.logback.core.FileAppender.subAppend(dalvik_source_de.schildbach.wallet.apk)
E/AndroidRuntime(27060): 	at ch.qos.logback.core.rolling.RollingFileAppender.subAppend(dalvik_source_de.schildbach.wallet.apk)
E/AndroidRuntime(27060): 	at ch.qos.logback.core.OutputStreamAppender.append(dalvik_source_de.schildbach.wallet.apk)
E/AndroidRuntime(27060): 	at ch.qos.logback.core.UnsynchronizedAppenderBase.doAppend(dalvik_source_de.schildbach.wallet.apk)
E/AndroidRuntime(27060): 	at ch.qos.logback.core.spi.AppenderAttachableImpl.appendLoopOnAppenders(dalvik_source_de.schildbach.wallet.apk)
E/AndroidRuntime(27060): 	at ch.qos.logback.classic.Logger.appendLoopOnAppenders(dalvik_source_de.schildbach.wallet.apk)
E/AndroidRuntime(27060): 	at ch.qos.logback.classic.Logger.callAppenders(dalvik_source_de.schildbach.wallet.apk)
E/AndroidRuntime(27060): 	at ch.qos.logback.classic.Logger.buildLoggingEventAndAppend(dalvik_source_de.schildbach.wallet.apk)
E/AndroidRuntime(27060): 	at ch.qos.logback.classic.Logger.filterAndLog_2(dalvik_source_de.schildbach.wallet.apk)
E/AndroidRuntime(27060): 	at ch.qos.logback.classic.Logger.info(dalvik_source_de.schildbach.wallet.apk)
E/AndroidRuntime(27060): 	at de.schildbach.wallet.WalletApplication.onCreate(WalletApplication.java:107)
E/AndroidRuntime(27060): 	at android.app.Instrumentation.callApplicationOnCreate(Instrumentation.java:1024)
E/AndroidRuntime(27060): 	at android.app.ActivityThread.handleBindApplication(ActivityThread.java:4346)
E/AndroidRuntime(27060): 	at android.app.ActivityThread.access$1500(ActivityThread.java:135)
E/AndroidRuntime(27060): 	at android.app.ActivityThread$H.handleMessage(ActivityThread.java:1256)
E/AndroidRuntime(27060): 	at android.os.Handler.dispatchMessage(Handler.java:102)
E/AndroidRuntime(27060): 	at android.os.Looper.loop(Looper.java:136)
E/AndroidRuntime(27060): 	at android.app.ActivityThread.main(ActivityThread.java:5019)
E/AndroidRuntime(27060): 	at java.lang.reflect.Method.invokeNative(Native Method)
E/AndroidRuntime(27060): 	at java.lang.reflect.Method.invoke(Method.java:515)
E/AndroidRuntime(27060): 	at com.android.internal.os.ZygoteInit$MethodAndArgsCaller.run(ZygoteInit.java:779)
E/AndroidRuntime(27060): 	at com.android.internal.os.ZygoteInit.main(ZygoteInit.java:595)
E/AndroidRuntime(27060): 	at dalvik.system.NativeStart.main(Native Method)
W/ActivityManager(  483): Force-killing crashed app de.schildbach.wallet at watcher's request
W/ContextImpl(  483): Calling a method in the system process without a qualified user: android.app.ContextImpl.sendBroadcast:1123 com.android.server.am.ActivityManagerService.handleApplicationCrashInner:9670 com.android.server.am.ActivityManagerService.handleApplicationCrash:9644 android.app.ActivityManagerNative.onTransact:1311 com.android.server.am.ActivityManagerService.onTransact:2071 
I/ActivityManager(  483): Process de.schildbach.wallet (pid 27060) has died.
W/ActivityManager(  483): Force removing ActivityRecord{4a90b38c u0 de.schildbach.wallet/.WalletActivity t263}: app died, no saved state
W/InputManager(  483): Input event injection from pid 26928 failed.
I/InputDispatcher(  483): Dropping event because there is no focused window or focused application.
I/InputDispatcher(  483): Dropping event because there is no focused window or focused application.
I/InputDispatcher(  483): Dropping event because there is no focused window or focused application.
I/InputDispatcher(  483): Dropping event because there is no focused window or focused application.
I/InputDispatcher(  483): Dropping event because there is no focused window or focused application.
I/InputDispatcher(  483): Dropping event because there is no focused window or focused application.
W/InputManager(  483): Input event injection from pid 26928 failed.
W/InputManager(  483): Input event injection from pid 26928 failed.
W/InputManager(  483): Input event injection from pid 26928 failed.
W/InputManager(  483): Input event injection from pid 26928 failed.
W/InputManager(  483): Input event injection from pid 26928 failed.
W/InputManager(  483): Input event injection from pid 26928 failed.
W/InputManager(  483): Input event injection from pid 26928 failed.
W/InputManager(  483): Input event injection from pid 26928 failed.
W/InputManager(  483): Input event injection from pid 26928 failed.
I/ActivityManager(  483): START u0 {cmp=com.google.android.gsf.login/.LoginActivity (has extras)} from pid 22282
W/InputManager(  483): Input event injection from pid 26928 failed.
W/InputManager(  483): Input event injection from pid 26928 failed.
W/InputManager(  483): Input event injection from pid 26928 failed.
W/InputManager(  483): Input event injection from pid 26928 failed.
W/InputManager(  483): Input event injection from pid 26928 failed.
I/InputDispatcher(  483): Dropping event because there is no focused window or focused application.
I/InputDispatcher(  483): Dropping event because there is no focused window or focused application.
I/InputDispatcher(  483): Dropping event because there is no focused window or focused application.
I/InputDispatcher(  483): Dropping event because there is no focused window or focused application.
I/InputDispatcher(  483): Dropping event because there is no focused window or focused application.
I/InputDispatcher(  483): Dropping event because there is no focused window or focused application.
I/InputDispatcher(  483): Dropping event because there is no focused window or focused application.
I/InputDispatcher(  483): Dropping event because there is no focused window or focused application.
I/InputDispatcher(  483): Dropping event because there is no focused window or focused application.
I/InputDispatcher(  483): Dropping event because there is no focused window or focused application.
I/InputDispatcher(  483): Dropping event because there is no focused window or focused application.
I/InputDispatcher(  483): Dropping event because there is no focused window or focused application.
I/InputDispatcher(  483): Dropping event because there is no focused window or focused application.
I/InputDispatcher(  483): Dropping event because there is no focused window or focused application.
I/InputDispatcher(  483): Dropping event because there is no focused window or focused application.
I/InputDispatcher(  483): Dropping event because there is no focused window or focused application.
I/InputDispatcher(  483): Dropping event because there is no focused window or focused application.
I/InputDispatcher(  483): Dropping event because there is no focused window or focused application.
I/InputDispatcher(  483): Dropping event because there is no focused window or focused application.
I/InputDispatcher(  483): Dropping event because there is no focused window or focused application.
I/InputDispatcher(  483): Dropping event because there is no focused window or focused application.
I/InputDispatcher(  483): Dropping event because there is no focused window or focused application.
I/InputDispatcher(  483): Dropping event because there is no focused window or focused application.
W/InputManager(  483): Input event injection from pid 26928 failed.
W/InputManager(  483): Input event injection from pid 26928 failed.
W/InputManager(  483): Input event injection from pid 26928 failed.
W/InputManager(  483): Input event injection from pid 26928 failed.
I/ActivityManager(  483): START u0 {cmp=com.google.android.gsf.login/.AccountIntroUIActivity (has extras)} from pid 22282
W/InputManager(  483): Input event injection from pid 26928 failed.
W/InputManager(  483): Input event injection from pid 26928 failed.
W/InputManager(  483): Input event injection from pid 26928 failed.
W/InputManager(  483): Input event injection from pid 26928 failed.
W/InputManager(  483): Input event injection from pid 26928 failed.
W/InputManager(  483): Input event injection from pid 26928 failed.
W/InputManager(  483): Input event injection from pid 26928 failed.
W/InputManager(  483): Input event injection from pid 26928 failed.
W/InputManager(  483): Input event injection from pid 26928 failed.
W/InputManager(  483): Input event injection from pid 26928 failed.
W/InputManager(  483): Input event injection from pid 26928 failed.
W/InputManager(  483): Input event injection from pid 26928 failed.
W/InputManager(  483): Input event injection from pid 26928 failed.
W/InputManager(  483): Input event injection from pid 26928 failed.
W/InputManager(  483): Input event injection from pid 26928 failed.
W/InputManager(  483): Input event injection from pid 26928 failed.
W/InputManager(  483): Input event injection from pid 26928 failed.
W/InputManager(  483): Input event injection from pid 26928 failed.
W/InputManager(  483): Input event injection from pid 26928 failed.
V/PanelView(  538): animationTick called with dtms=0; nothing to do (h=0.0 v=-0.0)
W/EGL_emulation(22282): eglSurfaceAttrib not implemented 3093 12436
D/GLSActivity(22282): Remaining GLS activities after end: [com.google.android.gsf.login.AccountIntroActivity@4a8341f4, com.google.android.gsf.login.AccountIntroUIActivity@4a784a14]
W/ViewRootImpl(22282): Dropping event due to no window focus: KeyEvent { action=ACTION_DOWN, keyCode=KEYCODE_DPAD_LEFT, scanCode=0, metaState=0, flags=0x8, repeatCount=0, eventTime=12593326, downTime=12593326, deviceId=-1, source=0x101 }
W/ContextImpl(  483): Calling a method in the system process without a qualified user: android.app.ContextImpl.sendBroadcast:1123 com.android.server.InputMethodManagerService.hideCurrentInputLocked:1880 com.android.server.InputMethodManagerService.windowGainedFocus:1968 com.android.internal.view.IInputMethodManager$Stub.onTransact:221 com.android.server.InputMethodManagerService.onTransact:818 
W/ViewRootImpl(22282): Dropping event due to no window focus: KeyEvent { action=ACTION_DOWN, keyCode=KEYCODE_DPAD_CENTER, scanCode=0, metaState=0, flags=0x8, repeatCount=0, eventTime=12593356, downTime=12593356, deviceId=-1, source=0x101 }
W/ViewRootImpl(22282): Dropping event due to no window focus: KeyEvent { action=ACTION_DOWN, keyCode=KEYCODE_DPAD_RIGHT, scanCode=0, metaState=0, flags=0x8, repeatCount=0, eventTime=12593358, downTime=12593358, deviceId=-1, source=0x101 }
W/ViewRootImpl(22282): Dropping event due to no window focus: KeyEvent { action=ACTION_DOWN, keyCode=KEYCODE_DPAD_UP, scanCode=0, metaState=0, flags=0x8, repeatCount=0, eventTime=12593359, downTime=12593359, deviceId=-1, source=0x101 }
W/EGL_emulation(25054): eglSurfaceAttrib not implemented 3093 12436
W/ViewRootImpl(22282): Dropping event due to no window focus: KeyEvent { action=ACTION_DOWN, keyCode=KEYCODE_DPAD_CENTER, scanCode=0, metaState=0, flags=0x8, repeatCount=0, eventTime=12593361, downTime=12593361, deviceId=-1, source=0x101 }
W/ViewRootImpl(22282): Dropping event due to no window focus: MotionEvent { action=ACTION_MOVE, id[0]=0, x[0]=-1.0, y[0]=-5.0, toolType[0]=TOOL_TYPE_UNKNOWN, buttonState=0, metaState=0, flags=0x0, edgeFlags=0x0, pointerCount=1, historySize=9, eventTime=12593363, downTime=-1, deviceId=0, source=0x10004 }
W/ViewRootImpl(22282): Dropping event due to no window focus: MotionEvent { action=ACTION_DOWN, id[0]=0, x[0]=0.0, y[0]=0.0, toolType[0]=TOOL_TYPE_UNKNOWN, buttonState=0, metaState=0, flags=0x0, edgeFlags=0x0, pointerCount=1, historySize=0, eventTime=12593364, downTime=12593362, deviceId=0, source=0x10004 }
W/ViewRootImpl(22282): Dropping event due to no window focus: KeyEvent { action=ACTION_DOWN, keyCode=KEYCODE_DPAD_RIGHT, scanCode=0, metaState=0, flags=0x8, repeatCount=0, eventTime=12593364, downTime=12593364, deviceId=-1, source=0x101 }
D/dalvikvm(25054): GC_CONCURRENT freed 400K, 11% free 4226K/4712K, paused 1ms+0ms, total 3ms
W/EGL_emulation(22282): eglSurfaceAttrib not implemented 3093 12436
W/InputMethodManagerService(  483): Window already focused, ignoring focus gain of: com.android.internal.view.IInputMethodClient$Stub$Proxy@4a92bd24 attribute=null, token = android.os.BinderProxy@4ae5b7b8
V/PanelView(  538): animationTick called with dtms=0; nothing to do (h=0.0 v=4500.0)
W/WindowManager(  483): updateFocusedWindowLocked, focusedAppToken is null.
W/ViewRootImpl(22282): Dropping event due to no window focus: MotionEvent { action=ACTION_MOVE, id[0]=0, x[0]=3.0, y[0]=4.0, toolType[0]=TOOL_TYPE_UNKNOWN, buttonState=0, metaState=0, flags=0x0, edgeFlags=0x0, pointerCount=1, historySize=1, eventTime=12593661, downTime=-1, deviceId=0, source=0x10004 }
W/EGL_emulation(  538): eglSurfaceAttrib not implemented 3093 12436
W/EGL_emulation(22282): eglSurfaceAttrib not implemented 3093 12436
W/ViewRootImpl(  538): Dropping event due to no window focus: KeyEvent { action=ACTION_DOWN, keyCode=KEYCODE_BUTTON_THUMBR, scanCode=0, metaState=0, flags=0x8, repeatCount=0, eventTime=12593672, downTime=12593672, deviceId=-1, source=0x101 }
W/ViewRootImpl(  538): Dropping event due to no window focus: KeyEvent { action=ACTION_DOWN, keyCode=KEYCODE_DPAD_CENTER, scanCode=0, metaState=0, flags=0x8, repeatCount=0, eventTime=12593672, downTime=12593672, deviceId=-1, source=0x101 }
I/ActivityManager(  483): START u0 {act=android.intent.action.MAIN cat=[android.intent.category.LAUNCHER] flg=0x10200000 cmp=de.schildbach.wallet/.WalletActivity} from pid 26928
D/dalvikvm(  483): GC_CONCURRENT freed 1841K, 57% free 10762K/24880K, paused 0ms+3ms, total 22ms
D/dalvikvm(  483): WAIT_FOR_CONCURRENT_GC blocked 9ms
W/NetworkManagementSocketTagger(  483): setKernelCountSet(10095, 1) failed with errno -13
I/dalvikvm(27078): ignoring registerObject request in thread=1
I/dalvikvm(27078): ignoring registerObject request in thread=1
I/ActivityManager(  483): Start proc de.schildbach.wallet for activity de.schildbach.wallet/.WalletActivity: pid=27078 uid=10095 gids={50095, 3003, 3002, 1028, 1015, 1023}
W/dalvikvm(27078): VFY: unable to find class referenced in signature (Lokhttp3/Request;)
W/dalvikvm(27078): VFY: unable to find class referenced in signature (Lokhttp3/Response;)
