I/dalvikvm(27078): Could not find method okhttp3.Response.headers, referenced from method empirical.HelperClass.printOkHttpInfo
W/dalvikvm(27078): VFY: unable to resolve virtual method 21424: Lokhttp3/Response;.headers ()Lokhttp3/Headers;
D/dalvikvm(27078): VFY: replacing opcode 0x6e at 0x0006
W/dalvikvm(27078): VFY: unable to find class referenced in signature (Lokhttp3/Call;)
W/dalvikvm(27078): VFY: unable to find class referenced in signature (Lokhttp3/Response;)
I/dalvikvm(27078): Could not find method okhttp3.Call.request, referenced from method empirical.HelperClass.printOkHttpInfoFromCall
W/dalvikvm(27078): VFY: unable to resolve interface method 21418: Lokhttp3/Call;.request ()Lokhttp3/Request;
D/dalvikvm(27078): VFY: replacing opcode 0x72 at 0x0006
I/System.out(27078): body:<de.schildbach.wallet.ExchangeRatesProvider: void <clinit>()>	sig:specialinvoke $r3.<java.net.URL: void <init>(java.lang.String)>("https://api.bitcoinaverage.com/custom/abw")	timediff:0
I/System.out(27078): <de.schildbach.wallet.ExchangeRatesProvider: void <clinit>()>###specialinvoke $r3.<java.net.URL: void <init>(java.lang.String)>("https://api.bitcoinaverage.com/custom/abw")###https://api.bitcoinaverage.com/custom/abw
V/PanelView(  538): animationTick called with dtms=0; nothing to do (h=720.0 v=0.0)
D/dalvikvm(27078): JIT code cache reset in 0 ms (0 bytes 1/0)
D/dalvikvm(27078): GC_CONCURRENT freed 265K, 11% free 2956K/3308K, paused 1ms+0ms, total 9ms
D/dalvikvm(27078): GC_CONCURRENT freed 352K, 13% free 3022K/3460K, paused 0ms+2ms, total 3ms
D/dalvikvm(27078): GC_CONCURRENT freed 337K, 12% free 3122K/3544K, paused 0ms+1ms, total 3ms
D/dalvikvm(27078): GC_CONCURRENT freed 351K, 12% free 3228K/3664K, paused 2ms+1ms, total 7ms
D/dalvikvm(27078): GC_CONCURRENT freed 341K, 12% free 3329K/3756K, paused 0ms+0ms, total 4ms
D/dalvikvm(27078): GC_CONCURRENT freed 335K, 11% free 3429K/3848K, paused 1ms+1ms, total 3ms
D/dalvikvm(27078): GC_CONCURRENT freed 299K, 10% free 3518K/3904K, paused 2ms+0ms, total 4ms
D/dalvikvm(27078): GC_CONCURRENT freed 326K, 11% free 3616K/4028K, paused 2ms+3ms, total 8ms
D/dalvikvm(27078): GC_CONCURRENT freed 347K, 11% free 3719K/4152K, paused 0ms+2ms, total 6ms
D/dalvikvm(27078): GC_CONCURRENT freed 339K, 10% free 3820K/4244K, paused 3ms+0ms, total 7ms
D/dalvikvm(27078): GC_CONCURRENT freed 341K, 10% free 3921K/4348K, paused 0ms+0ms, total 3ms
D/dalvikvm(27078): GC_CONCURRENT freed 339K, 10% free 4023K/4448K, paused 0ms+1ms, total 4ms
D/dalvikvm(27078): GC_CONCURRENT freed 263K, 8% free 4263K/4620K, paused 0ms+0ms, total 6ms
D/dalvikvm(27078): WAIT_FOR_CONCURRENT_GC blocked 2ms
D/dalvikvm(27078): GC_CONCURRENT freed 264K, 8% free 4385K/4752K, paused 1ms+0ms, total 6ms
D/dalvikvm(27078): GC_CONCURRENT freed 317K, 9% free 4475K/4904K, paused 1ms+0ms, total 4ms
D/dalvikvm(27078): GC_CONCURRENT freed 340K, 9% free 4573K/5016K, paused 2ms+0ms, total 5ms
D/dalvikvm(27078): GC_CONCURRENT freed 693K, 16% free 4353K/5132K, paused 1ms+1ms, total 7ms
V/FlingTracker(  538): computeCurrentVelocity warning: totalweight=0
V/FlingTracker(  538): java.lang.Throwable
V/FlingTracker(  538): 	at com.android.systemui.statusbar.phone.PanelView$FlingTracker.computeCurrentVelocity(PanelView.java:162)
V/FlingTracker(  538): 	at com.android.systemui.statusbar.phone.PanelView$3.onTouch(PanelView.java:462)
V/FlingTracker(  538): 	at android.view.View.dispatchTouchEvent(View.java:7701)
V/FlingTracker(  538): 	at com.android.systemui.statusbar.phone.NotificationPanelView.onTouchEvent(NotificationPanelView.java:138)
V/FlingTracker(  538): 	at android.view.View.dispatchTouchEvent(View.java:7706)
V/FlingTracker(  538): 	at android.view.ViewGroup.dispatchTransformedTouchEvent(ViewGroup.java:2210)
V/FlingTracker(  538): 	at android.view.ViewGroup.dispatchTouchEvent(ViewGroup.java:1945)
V/FlingTracker(  538): 	at android.view.ViewGroup.dispatchTransformedTouchEvent(ViewGroup.java:2216)
V/FlingTracker(  538): 	at android.view.ViewGroup.dispatchTouchEvent(ViewGroup.java:1959)
V/FlingTracker(  538): 	at android.view.ViewGroup.dispatchTransformedTouchEvent(ViewGroup.java:2216)
V/FlingTracker(  538): 	at android.view.ViewGroup.dispatchTouchEvent(ViewGroup.java:1959)
V/FlingTracker(  538): 	at android.view.View.dispatchPointerEvent(View.java:7886)
V/FlingTracker(  538): 	at android.view.ViewRootImpl$ViewPostImeInputStage.processPointerEvent(ViewRootImpl.java:3978)
V/FlingTracker(  538): 	at android.view.ViewRootImpl$ViewPostImeInputStage.onProcess(ViewRootImpl.java:3857)
V/FlingTracker(  538): 	at android.view.ViewRootImpl$InputStage.deliver(ViewRootImpl.java:3423)
V/FlingTracker(  538): 	at android.view.ViewRootImpl$InputStage.onDeliverToNext(ViewRootImpl.java:3473)
V/FlingTracker(  538): 	at android.view.ViewRootImpl$InputStage.forward(ViewRootImpl.java:3442)
V/FlingTracker(  538): 	at android.view.ViewRootImpl$AsyncInputStage.forward(ViewRootImpl.java:3549)
V/FlingTracker(  538): 	at android.view.ViewRootImpl$InputStage.apply(ViewRootImpl.java:3450)
V/FlingTracker(  538): 	at android.view.ViewRootImpl$AsyncInputStage.apply(ViewRootImpl.java:3606)
V/FlingTracker(  538): 	at android.view.ViewRootImpl$InputStage.deliver(ViewRootImpl.java:3423)
V/FlingTracker(  538): 	at android.view.ViewRootImpl$InputStage.onDeliverToNext(ViewRootImpl.java:3473)
V/FlingTracker(  538): 	at android.view.ViewRootImpl$InputStage.forward(ViewRootImpl.java:3442)
V/FlingTracker(  538): 	at android.view.ViewRootImpl$InputStage.apply(ViewRootImpl.java:3450)
V/FlingTracker(  538): 	at android.view.ViewRootImpl$InputStage.deliver(ViewRootImpl.java:3423)
V/FlingTracker(  538): 	at android.view.ViewRootImpl.deliverInputEvent(ViewRootImpl.java:5626)
V/FlingTracker(  538): 	at android.view.ViewRootImpl.doProcessInputEvents(ViewRootImpl.java:5606)
V/FlingTracker(  538): 	at android.view.ViewRootImpl.enqueueInputEvent(ViewRootImpl.java:5577)
V/FlingTracker(  538): 	at android.view.ViewRootImpl$WindowInputEventReceiver.onInputEvent(ViewRootImpl.java:5706)
V/FlingTracker(  538): 	at android.view.InputEventReceiver.dispatchInputEvent(InputEventReceiver.java:185)
V/FlingTracker(  538): 	at android.os.MessageQueue.nativePollOnce(Native Method)
V/FlingTracker(  538): 	at android.os.MessageQueue.next(MessageQueue.java:138)
V/FlingTracker(  538): 	at android.os.Looper.loop(Looper.java:123)
V/FlingTracker(  538): 	at android.app.ActivityThread.main(ActivityThread.java:5019)
V/FlingTracker(  538): 	at java.lang.reflect.Method.invokeNative(Native Method)
V/FlingTracker(  538): 	at java.lang.reflect.Method.invoke(Method.java:515)
V/FlingTracker(  538): 	at com.android.internal.os.ZygoteInit$MethodAndArgsCaller.run(ZygoteInit.java:779)
V/FlingTracker(  538): 	at com.android.internal.os.ZygoteInit.main(ZygoteInit.java:595)
V/FlingTracker(  538): 	at dalvik.system.NativeStart.main(Native Method)
V/PanelView(  538): animationTick called with dtms=0; nothing to do (h=720.0 v=0.0)
V/PanelView(  538): animationTick called with dtms=-2; nothing to do (h=720.0 v=0.0)
D/dalvikvm(27078): GC_CONCURRENT freed 480K, 15% free 4384K/5132K, paused 2ms+3ms, total 11ms
D/dalvikvm(27078): GC_CONCURRENT freed 529K, 15% free 4389K/5132K, paused 0ms+1ms, total 5ms
D/dalvikvm(27078): GC_CONCURRENT freed 524K, 15% free 4377K/5132K, paused 1ms+1ms, total 5ms
D/dalvikvm(27078): GC_CONCURRENT freed 510K, 15% free 4388K/5132K, paused 0ms+2ms, total 6ms
D/dalvikvm(27078): GC_CONCURRENT freed 539K, 15% free 4389K/5132K, paused 1ms+1ms, total 9ms
D/dalvikvm(27078): GC_CONCURRENT freed 789K, 20% free 4124K/5132K, paused 0ms+0ms, total 6ms
I/System.out(27078): body:<org.bitcoinj.params.MainNetParams: void <init>()>	sig:$r14 = staticinvoke <java.net.URI: java.net.URI create(java.lang.String)>("http://httpseed.bitcoin.schildbach.de/peers")	timediff:0
I/System.out(27078): body:<org.bitcoinj.core.VersionMessage: void <init>(org.bitcoinj.core.NetworkParameters,int)>	sig:$r6 = staticinvoke <java.net.InetAddress: java.net.InetAddress getByAddress(byte[])>($r3)	timediff:0
I/System.out(27078): body:<org.bitcoinj.core.VersionMessage: void <init>(org.bitcoinj.core.NetworkParameters,int)>	sig:$r6 = staticinvoke <java.net.InetAddress: java.net.InetAddress getByAddress(byte[])>($r3)	timediff:0
W/dalvikvm(27078): Exception Ljava/lang/Error; thrown while initializing Lorg/slf4j/MDC;
D/AndroidRuntime(27078): Shutting down VM
W/dalvikvm(27078): threadid=1: thread exiting with uncaught exception (group=0x94c45b20)
E/AndroidRuntime(27078): FATAL EXCEPTION: main
E/AndroidRuntime(27078): Process: de.schildbach.wallet, PID: 27078
E/AndroidRuntime(27078): java.lang.Error: Unresolved compilation error: Method <org.slf4j.impl.StaticMDCBinder: org.slf4j.impl.StaticMDCBinder getSingleton()> does not exist!
E/AndroidRuntime(27078): 	at org.slf4j.impl.StaticMDCBinder.getSingleton(dalvik_source_de.schildbach.wallet.apk)
E/AndroidRuntime(27078): 	at org.slf4j.MDC.bwCompatibleGetMDCAdapterFromBinder(MDC.java:99)
E/AndroidRuntime(27078): 	at org.slf4j.MDC.<clinit>(MDC.java:108)
E/AndroidRuntime(27078): 	at ch.qos.logback.classic.spi.LoggingEvent.getMDCPropertyMap(dalvik_source_de.schildbach.wallet.apk)
E/AndroidRuntime(27078): 	at ch.qos.logback.classic.spi.LoggingEvent.prepareForDeferredProcessing(dalvik_source_de.schildbach.wallet.apk)
E/AndroidRuntime(27078): 	at ch.qos.logback.core.OutputStreamAppender.subAppend(dalvik_source_de.schildbach.wallet.apk)
E/AndroidRuntime(27078): 	at ch.qos.logback.core.FileAppender.subAppend(dalvik_source_de.schildbach.wallet.apk)
E/AndroidRuntime(27078): 	at ch.qos.logback.core.rolling.RollingFileAppender.subAppend(dalvik_source_de.schildbach.wallet.apk)
E/AndroidRuntime(27078): 	at ch.qos.logback.core.OutputStreamAppender.append(dalvik_source_de.schildbach.wallet.apk)
E/AndroidRuntime(27078): 	at ch.qos.logback.core.UnsynchronizedAppenderBase.doAppend(dalvik_source_de.schildbach.wallet.apk)
E/AndroidRuntime(27078): 	at ch.qos.logback.core.spi.AppenderAttachableImpl.appendLoopOnAppenders(dalvik_source_de.schildbach.wallet.apk)
E/AndroidRuntime(27078): 	at ch.qos.logback.classic.Logger.appendLoopOnAppenders(dalvik_source_de.schildbach.wallet.apk)
E/AndroidRuntime(27078): 	at ch.qos.logback.classic.Logger.callAppenders(dalvik_source_de.schildbach.wallet.apk)
E/AndroidRuntime(27078): 	at ch.qos.logback.classic.Logger.buildLoggingEventAndAppend(dalvik_source_de.schildbach.wallet.apk)
E/AndroidRuntime(27078): 	at ch.qos.logback.classic.Logger.filterAndLog_2(dalvik_source_de.schildbach.wallet.apk)
E/AndroidRuntime(27078): 	at ch.qos.logback.classic.Logger.info(dalvik_source_de.schildbach.wallet.apk)
E/AndroidRuntime(27078): 	at de.schildbach.wallet.WalletApplication.onCreate(WalletApplication.java:107)
E/AndroidRuntime(27078): 	at android.app.Instrumentation.callApplicationOnCreate(Instrumentation.java:1024)
E/AndroidRuntime(27078): 	at android.app.ActivityThread.handleBindApplication(ActivityThread.java:4346)
E/AndroidRuntime(27078): 	at android.app.ActivityThread.access$1500(ActivityThread.java:135)
E/AndroidRuntime(27078): 	at android.app.ActivityThread$H.handleMessage(ActivityThread.java:1256)
E/AndroidRuntime(27078): 	at android.os.Handler.dispatchMessage(Handler.java:102)
E/AndroidRuntime(27078): 	at android.os.Looper.loop(Looper.java:136)
E/AndroidRuntime(27078): 	at android.app.ActivityThread.main(ActivityThread.java:5019)
E/AndroidRuntime(27078): 	at java.lang.reflect.Method.invokeNative(Native Method)
E/AndroidRuntime(27078): 	at java.lang.reflect.Method.invoke(Method.java:515)
E/AndroidRuntime(27078): 	at com.android.internal.os.ZygoteInit$MethodAndArgsCaller.run(ZygoteInit.java:779)
E/AndroidRuntime(27078): 	at com.android.internal.os.ZygoteInit.main(ZygoteInit.java:595)
E/AndroidRuntime(27078): 	at dalvik.system.NativeStart.main(Native Method)
D/dalvikvm(27078): GC_CONCURRENT freed 295K, 18% free 4226K/5132K, paused 0ms+0ms, total 4ms
D/dalvikvm(27078): WAIT_FOR_CONCURRENT_GC blocked 4ms
I/Process (  483): Sending signal. PID: 27078 SIG: 9
W/NetworkManagementSocketTagger(  483): setKernelCountSet(10095, 0) failed with errno -13
W/ActivityManager(  483): Force-killing crashed app de.schildbach.wallet at watcher's request
W/ContextImpl(  483): Calling a method in the system process without a qualified user: android.app.ContextImpl.sendBroadcast:1123 com.android.server.am.ActivityManagerService.handleApplicationCrashInner:9670 com.android.server.am.ActivityManagerService.handleApplicationCrash:9644 android.app.ActivityManagerNative.onTransact:1311 com.android.server.am.ActivityManagerService.onTransact:2071 
I/ActivityManager(  483): Process de.schildbach.wallet (pid 27078) has died.
I/ActivityManager(  483): Start proc de.schildbach.wallet for activity de.schildbach.wallet/.WalletActivity: pid=27092 uid=10095 gids={50095, 3003, 3002, 1028, 1015, 1023}
V/FlingTracker(  538): computeCurrentVelocity warning: totalweight=0
V/FlingTracker(  538): java.lang.Throwable
V/FlingTracker(  538): 	at com.android.systemui.statusbar.phone.PanelView$FlingTracker.computeCurrentVelocity(PanelView.java:162)
V/FlingTracker(  538): 	at com.android.systemui.statusbar.phone.PanelView$3.onTouch(PanelView.java:462)
V/FlingTracker(  538): 	at android.view.View.dispatchTouchEvent(View.java:7701)
V/FlingTracker(  538): 	at com.android.systemui.statusbar.phone.NotificationPanelView.onTouchEvent(NotificationPanelView.java:138)
V/FlingTracker(  538): 	at android.view.View.dispatchTouchEvent(View.java:7706)
V/FlingTracker(  538): 	at android.view.ViewGroup.dispatchTransformedTouchEvent(ViewGroup.java:2210)
V/FlingTracker(  538): 	at android.view.ViewGroup.dispatchTouchEvent(ViewGroup.java:1945)
V/FlingTracker(  538): 	at android.view.ViewGroup.dispatchTransformedTouchEvent(ViewGroup.java:2216)
V/FlingTracker(  538): 	at android.view.ViewGroup.dispatchTouchEvent(ViewGroup.java:1959)
V/FlingTracker(  538): 	at android.view.ViewGroup.dispatchTransformedTouchEvent(ViewGroup.java:2216)
V/FlingTracker(  538): 	at android.view.ViewGroup.dispatchTouchEvent(ViewGroup.java:1959)
V/FlingTracker(  538): 	at android.view.View.dispatchPointerEvent(View.java:7886)
V/FlingTracker(  538): 	at android.view.ViewRootImpl$ViewPostImeInputStage.processPointerEvent(ViewRootImpl.java:3978)
V/FlingTracker(  538): 	at android.view.ViewRootImpl$ViewPostImeInputStage.onProcess(ViewRootImpl.java:3857)
V/FlingTracker(  538): 	at android.view.ViewRootImpl$InputStage.deliver(ViewRootImpl.java:3423)
V/FlingTracker(  538): 	at android.view.ViewRootImpl$InputStage.onDeliverToNext(ViewRootImpl.java:3473)
V/FlingTracker(  538): 	at android.view.ViewRootImpl$InputStage.forward(ViewRootImpl.java:3442)
V/FlingTracker(  538): 	at android.view.ViewRootImpl$AsyncInputStage.forward(ViewRootImpl.java:3549)
V/FlingTracker(  538): 	at android.view.ViewRootImpl$InputStage.apply(ViewRootImpl.java:3450)
V/FlingTracker(  538): 	at android.view.ViewRootImpl$AsyncInputStage.apply(ViewRootImpl.java:3606)
V/FlingTracker(  538): 	at android.view.ViewRootImpl$InputStage.deliver(ViewRootImpl.java:3423)
V/FlingTracker(  538): 	at android.view.ViewRootImpl$InputStage.onDeliverToNext(ViewRootImpl.java:3473)
V/FlingTracker(  538): 	at android.view.ViewRootImpl$InputStage.forward(ViewRootImpl.java:3442)
V/FlingTracker(  538): 	at android.view.ViewRootImpl$InputStage.apply(ViewRootImpl.java:3450)
V/FlingTracker(  538): 	at android.view.ViewRootImpl$InputStage.deliver(ViewRootImpl.java:3423)
V/FlingTracker(  538): 	at android.view.ViewRootImpl.deliverInputEvent(ViewRootImpl.java:5626)
V/FlingTracker(  538): 	at android.view.ViewRootImpl.doProcessInputEvents(ViewRootImpl.java:5606)
V/FlingTracker(  538): 	at android.view.ViewRootImpl.enqueueInputEvent(ViewRootImpl.java:5577)
V/FlingTracker(  538): 	at android.view.ViewRootImpl$WindowInputEventReceiver.onInputEvent(ViewRootImpl.java:5706)
V/FlingTracker(  538): 	at android.view.InputEventReceiver.dispatchInputEvent(InputEventReceiver.java:185)
V/FlingTracker(  538): 	at android.os.MessageQueue.nativePollOnce(Native Method)
V/FlingTracker(  538): 	at android.os.MessageQueue.next(MessageQueue.java:138)
V/FlingTracker(  538): 	at android.os.Looper.loop(Looper.java:123)
V/FlingTracker(  538): 	at android.app.ActivityThread.main(ActivityThread.java:5019)
V/FlingTracker(  538): 	at java.lang.reflect.Method.invokeNative(Native Method)
V/FlingTracker(  538): 	at java.lang.reflect.Method.invoke(Method.java:515)
V/FlingTracker(  538): 	at com.android.internal.os.ZygoteInit$MethodAndArgsCaller.run(ZygoteInit.java:779)
V/FlingTracker(  538): 	at com.android.internal.os.ZygoteInit.main(ZygoteInit.java:595)
V/FlingTracker(  538): 	at dalvik.system.NativeStart.main(Native Method)
V/PanelView(  538): animationTick called with dtms=0; nothing to do (h=720.0 v=0.0)
W/NetworkManagementSocketTagger(  483): setKernelCountSet(10095, 1) failed with errno -13
I/ActivityManager(  483): START u0 {act=android.intent.action.CALL_BUTTON flg=0x10000000} from pid 538
W/PhoneFallbackEventHandler(  538): No activity found for android.intent.action.CALL_BUTTON.
I/dalvikvm(27092): ignoring registerObject request in thread=1
I/dalvikvm(27092): ignoring registerObject request in thread=1
W/dalvikvm(27092): VFY: unable to find class referenced in signature (Lokhttp3/Request;)
W/dalvikvm(27092): VFY: unable to find class referenced in signature (Lokhttp3/Response;)
I/dalvikvm(27092): Could not find method okhttp3.Response.headers, referenced from method empirical.HelperClass.printOkHttpInfo
W/dalvikvm(27092): VFY: unable to resolve virtual method 21424: Lokhttp3/Response;.headers ()Lokhttp3/Headers;
D/dalvikvm(27092): VFY: replacing opcode 0x6e at 0x0006
W/dalvikvm(27092): VFY: unable to find class referenced in signature (Lokhttp3/Call;)
W/dalvikvm(27092): VFY: unable to find class referenced in signature (Lokhttp3/Response;)
I/dalvikvm(27092): Could not find method okhttp3.Call.request, referenced from method empirical.HelperClass.printOkHttpInfoFromCall
W/dalvikvm(27092): VFY: unable to resolve interface method 21418: Lokhttp3/Call;.request ()Lokhttp3/Request;
D/dalvikvm(27092): VFY: replacing opcode 0x72 at 0x0006
V/PanelView(  538): animationTick called with dtms=0; nothing to do (h=712.8 v=-3000.0)
I/System.out(27092): body:<de.schildbach.wallet.ExchangeRatesProvider: void <clinit>()>	sig:specialinvoke $r3.<java.net.URL: void <init>(java.lang.String)>("https://api.bitcoinaverage.com/custom/abw")	timediff:1
I/System.out(27092): <de.schildbach.wallet.ExchangeRatesProvider: void <clinit>()>###specialinvoke $r3.<java.net.URL: void <init>(java.lang.String)>("https://api.bitcoinaverage.com/custom/abw")###https://api.bitcoinaverage.com/custom/abw
D/dalvikvm(27092): JIT code cache reset in 0 ms (0 bytes 1/0)
D/dalvikvm(27092): GC_CONCURRENT freed 232K, 10% free 2950K/3268K, paused 1ms+2ms, total 7ms
V/FlingTracker(  538): computeCurrentVelocity warning: totalweight=0
V/FlingTracker(  538): java.lang.Throwable
V/FlingTracker(  538): 	at com.android.systemui.statusbar.phone.PanelView$FlingTracker.computeCurrentVelocity(PanelView.java:162)
V/FlingTracker(  538): 	at com.android.systemui.statusbar.phone.PanelView$3.onTouch(PanelView.java:462)
V/FlingTracker(  538): 	at android.view.View.dispatchTouchEvent(View.java:7701)
V/FlingTracker(  538): 	at com.android.systemui.statusbar.phone.NotificationPanelView.onTouchEvent(NotificationPanelView.java:138)
V/FlingTracker(  538): 	at android.view.View.dispatchTouchEvent(View.java:7706)
V/FlingTracker(  538): 	at android.view.ViewGroup.dispatchTransformedTouchEvent(ViewGroup.java:2210)
V/FlingTracker(  538): 	at android.view.ViewGroup.dispatchTouchEvent(ViewGroup.java:1945)
V/FlingTracker(  538): 	at android.view.ViewGroup.dispatchTransformedTouchEvent(ViewGroup.java:2216)
V/FlingTracker(  538): 	at android.view.ViewGroup.dispatchTouchEvent(ViewGroup.java:1959)
V/FlingTracker(  538): 	at android.view.ViewGroup.dispatchTransformedTouchEvent(ViewGroup.java:2216)
V/FlingTracker(  538): 	at android.view.ViewGroup.dispatchTouchEvent(ViewGroup.java:1959)
V/FlingTracker(  538): 	at android.view.View.dispatchPointerEvent(View.java:7886)
V/FlingTracker(  538): 	at android.view.ViewRootImpl$ViewPostImeInputStage.processPointerEvent(ViewRootImpl.java:3978)
V/FlingTracker(  538): 	at android.view.ViewRootImpl$ViewPostImeInputStage.onProcess(ViewRootImpl.java:3857)
V/FlingTracker(  538): 	at android.view.ViewRootImpl$InputStage.deliver(ViewRootImpl.java:3423)
V/FlingTracker(  538): 	at android.view.ViewRootImpl$InputStage.onDeliverToNext(ViewRootImpl.java:3473)
V/FlingTracker(  538): 	at android.view.ViewRootImpl$InputStage.forward(ViewRootImpl.java:3442)
V/FlingTracker(  538): 	at android.view.ViewRootImpl$AsyncInputStage.forward(ViewRootImpl.java:3549)
V/FlingTracker(  538): 	at android.view.ViewRootImpl$InputStage.apply(ViewRootImpl.java:3450)
V/FlingTracker(  538): 	at android.view.ViewRootImpl$AsyncInputStage.apply(ViewRootImpl.java:3606)
V/FlingTracker(  538): 	at android.view.ViewRootImpl$InputStage.deliver(ViewRootImpl.java:3423)
V/FlingTracker(  538): 	at android.view.ViewRootImpl$InputStage.onDeliverToNext(ViewRootImpl.java:3473)
V/FlingTracker(  538): 	at android.view.ViewRootImpl$InputStage.forward(ViewRootImpl.java:3442)
V/FlingTracker(  538): 	at android.view.ViewRootImpl$InputStage.apply(ViewRootImpl.java:3450)
V/FlingTracker(  538): 	at android.view.ViewRootImpl$InputStage.deliver(ViewRootImpl.java:3423)
V/FlingTracker(  538): 	at android.view.ViewRootImpl.deliverInputEvent(ViewRootImpl.java:5626)
V/FlingTracker(  538): 	at android.view.ViewRootImpl.doProcessInputEvents(ViewRootImpl.java:5606)
V/FlingTracker(  538): 	at android.view.ViewRootImpl.enqueueInputEvent(ViewRootImpl.java:5577)
V/FlingTracker(  538): 	at android.view.ViewRootImpl$WindowInputEventReceiver.onInputEvent(ViewRootImpl.java:5706)
V/FlingTracker(  538): 	at android.view.InputEventReceiver.dispatchInputEvent(InputEventReceiver.java:185)
V/FlingTracker(  538): 	at android.os.MessageQueue.nativePollOnce(Native Method)
V/FlingTracker(  538): 	at android.os.MessageQueue.next(MessageQueue.java:138)
V/FlingTracker(  538): 	at android.os.Looper.loop(Looper.java:123)
V/FlingTracker(  538): 	at android.app.ActivityThread.main(ActivityThread.java:5019)
V/FlingTracker(  538): 	at java.lang.reflect.Method.invokeNative(Native Method)
V/FlingTracker(  538): 	at java.lang.reflect.Method.invoke(Method.java:515)
V/FlingTracker(  538): 	at com.android.internal.os.ZygoteInit$MethodAndArgsCaller.run(ZygoteInit.java:779)
V/FlingTracker(  538): 	at com.android.internal.os.ZygoteInit.main(ZygoteInit.java:595)
V/FlingTracker(  538): 	at dalvik.system.NativeStart.main(Native Method)
V/PanelView(  538): animationTick called with dtms=0; nothing to do (h=712.8 v=0.0)
V/PanelView(  538): animationTick called with dtms=0; nothing to do (h=720.0 v=4500.0)
V/PanelView(  538): animationTick called with dtms=-11; nothing to do (h=720.0 v=4500.0)
D/dalvikvm(  645): GC_EXPLICIT freed 762K, 18% free 7516K/9080K, paused 1ms+1ms, total 21ms
D/dalvikvm(27092): GC_CONCURRENT freed 345K, 13% free 3009K/3440K, paused 1ms+2ms, total 5ms
D/dalvikvm(27092): GC_CONCURRENT freed 327K, 12% free 3107K/3520K, paused 0ms+0ms, total 3ms
D/dalvikvm(27092): GC_CONCURRENT freed 327K, 12% free 3203K/3616K, paused 0ms+0ms, total 2ms
D/dalvikvm(27092): GC_CONCURRENT freed 395K, 13% free 3321K/3800K, paused 1ms+0ms, total 9ms
D/dalvikvm(27092): WAIT_FOR_CONCURRENT_GC blocked 1ms
D/dalvikvm(27092): GC_CONCURRENT freed 338K, 12% free 3423K/3848K, paused 0ms+0ms, total 3ms
D/dalvikvm(27092): GC_CONCURRENT freed 345K, 11% free 3526K/3956K, paused 0ms+3ms, total 7ms
D/dalvikvm(27092): GC_CONCURRENT freed 338K, 11% free 3626K/4048K, paused 1ms+1ms, total 5ms
D/dalvikvm(27092): GC_CONCURRENT freed 339K, 11% free 3728K/4152K, paused 0ms+0ms, total 3ms
D/dalvikvm(27092): GC_CONCURRENT freed 353K, 11% free 3833K/4272K, paused 3ms+2ms, total 8ms
D/dalvikvm(27092): GC_CONCURRENT freed 351K, 10% free 3940K/4372K, paused 0ms+2ms, total 5ms
D/dalvikvm(27092): GC_CONCURRENT freed 319K, 10% free 4081K/4500K, paused 0ms+1ms, total 7ms
D/dalvikvm(27092): GC_CONCURRENT freed 271K, 8% free 4298K/4660K, paused 1ms+0ms, total 5ms
D/dalvikvm(27092): GC_CONCURRENT freed 361K, 10% free 4426K/4876K, paused 0ms+2ms, total 5ms
D/dalvikvm(27092): GC_CONCURRENT freed 422K, 11% free 4545K/5060K, paused 0ms+1ms, total 4ms
D/dalvikvm(27092): WAIT_FOR_CONCURRENT_GC blocked 1ms
D/dalvikvm(27092): GC_CONCURRENT freed 763K, 17% free 4374K/5220K, paused 1ms+0ms, total 7ms
D/dalvikvm(27092): WAIT_FOR_CONCURRENT_GC blocked 2ms
D/dalvikvm(27092): GC_CONCURRENT freed 520K, 16% free 4385K/5220K, paused 1ms+0ms, total 9ms
D/dalvikvm(27092): WAIT_FOR_CONCURRENT_GC blocked 4ms
D/dalvikvm(27092): GC_CONCURRENT freed 520K, 17% free 4381K/5220K, paused 1ms+1ms, total 6ms
D/dalvikvm(27092): GC_CONCURRENT freed 520K, 17% free 4377K/5220K, paused 0ms+1ms, total 5ms
D/dalvikvm(27092): GC_CONCURRENT freed 510K, 17% free 4374K/5220K, paused 0ms+2ms, total 7ms
D/dalvikvm(27092): GC_CONCURRENT freed 509K, 17% free 4373K/5220K, paused 0ms+1ms, total 4ms
D/dalvikvm(27092): GC_CONCURRENT freed 781K, 22% free 4122K/5220K, paused 0ms+0ms, total 4ms
D/dalvikvm(27092): WAIT_FOR_CONCURRENT_GC blocked 2ms
I/System.out(27092): body:<org.bitcoinj.params.MainNetParams: void <init>()>	sig:$r14 = staticinvoke <java.net.URI: java.net.URI create(java.lang.String)>("http://httpseed.bitcoin.schildbach.de/peers")	timediff:0
I/System.out(27092): body:<org.bitcoinj.core.VersionMessage: void <init>(org.bitcoinj.core.NetworkParameters,int)>	sig:$r6 = staticinvoke <java.net.InetAddress: java.net.InetAddress getByAddress(byte[])>($r3)	timediff:0
I/System.out(27092): body:<org.bitcoinj.core.VersionMessage: void <init>(org.bitcoinj.core.NetworkParameters,int)>	sig:$r6 = staticinvoke <java.net.InetAddress: java.net.InetAddress getByAddress(byte[])>($r3)	timediff:0
W/dalvikvm(27092): Exception Ljava/lang/Error; thrown while initializing Lorg/slf4j/MDC;
D/AndroidRuntime(27092): Shutting down VM
W/dalvikvm(27092): threadid=1: thread exiting with uncaught exception (group=0x94c45b20)
I/Process (  483): Sending signal. PID: 27092 SIG: 9
W/NetworkManagementSocketTagger(  483): setKernelCountSet(10095, 0) failed with errno -13
E/AndroidRuntime(27092): FATAL EXCEPTION: main
E/AndroidRuntime(27092): Process: de.schildbach.wallet, PID: 27092
E/AndroidRuntime(27092): java.lang.Error: Unresolved compilation error: Method <org.slf4j.impl.StaticMDCBinder: org.slf4j.impl.StaticMDCBinder getSingleton()> does not exist!
E/AndroidRuntime(27092): 	at org.slf4j.impl.StaticMDCBinder.getSingleton(dalvik_source_de.schildbach.wallet.apk)
E/AndroidRuntime(27092): 	at org.slf4j.MDC.bwCompatibleGetMDCAdapterFromBinder(MDC.java:99)
E/AndroidRuntime(27092): 	at org.slf4j.MDC.<clinit>(MDC.java:108)
E/AndroidRuntime(27092): 	at ch.qos.logback.classic.spi.LoggingEvent.getMDCPropertyMap(dalvik_source_de.schildbach.wallet.apk)
E/AndroidRuntime(27092): 	at ch.qos.logback.classic.spi.LoggingEvent.prepareForDeferredProcessing(dalvik_source_de.schildbach.wallet.apk)
E/AndroidRuntime(27092): 	at ch.qos.logback.core.OutputStreamAppender.subAppend(dalvik_source_de.schildbach.wallet.apk)
E/AndroidRuntime(27092): 	at ch.qos.logback.core.FileAppender.subAppend(dalvik_source_de.schildbach.wallet.apk)
E/AndroidRuntime(27092): 	at ch.qos.logback.core.rolling.RollingFileAppender.subAppend(dalvik_source_de.schildbach.wallet.apk)
E/AndroidRuntime(27092): 	at ch.qos.logback.core.OutputStreamAppender.append(dalvik_source_de.schildbach.wallet.apk)
E/AndroidRuntime(27092): 	at ch.qos.logback.core.UnsynchronizedAppenderBase.doAppend(dalvik_source_de.schildbach.wallet.apk)
E/AndroidRuntime(27092): 	at ch.qos.logback.core.spi.AppenderAttachableImpl.appendLoopOnAppenders(dalvik_source_de.schildbach.wallet.apk)
E/AndroidRuntime(27092): 	at ch.qos.logback.classic.Logger.appendLoopOnAppenders(dalvik_source_de.schildbach.wallet.apk)
E/AndroidRuntime(27092): 	at ch.qos.logback.classic.Logger.callAppenders(dalvik_source_de.schildbach.wallet.apk)
E/AndroidRuntime(27092): 	at ch.qos.logback.classic.Logger.buildLoggingEventAndAppend(dalvik_source_de.schildbach.wallet.apk)
E/AndroidRuntime(27092): 	at ch.qos.logback.classic.Logger.filterAndLog_2(dalvik_source_de.schildbach.wallet.apk)
E/AndroidRuntime(27092): 	at ch.qos.logback.classic.Logger.info(dalvik_source_de.schildbach.wallet.apk)
E/AndroidRuntime(27092): 	at de.schildbach.wallet.WalletApplication.onCreate(WalletApplication.java:107)
E/AndroidRuntime(27092): 	at android.app.Instrumentation.callApplicationOnCreate(Instrumentation.java:1024)
E/AndroidRuntime(27092): 	at android.app.ActivityThread.handleBindApplication(ActivityThread.java:4346)
E/AndroidRuntime(27092): 	at android.app.ActivityThread.access$1500(ActivityThread.java:135)
E/AndroidRuntime(27092): 	at android.app.ActivityThread$H.handleMessage(ActivityThread.java:1256)
E/AndroidRuntime(27092): 	at android.os.Handler.dispatchMessage(Handler.java:102)
E/AndroidRuntime(27092): 	at android.os.Looper.loop(Looper.java:136)
E/AndroidRuntime(27092): 	at android.app.ActivityThread.main(ActivityThread.java:5019)
E/AndroidRuntime(27092): 	at java.lang.reflect.Method.invokeNative(Native Method)
E/AndroidRuntime(27092): 	at java.lang.reflect.Method.invoke(Method.java:515)
E/AndroidRuntime(27092): 	at com.android.internal.os.ZygoteInit$MethodAndArgsCaller.run(ZygoteInit.java:779)
E/AndroidRuntime(27092): 	at com.android.internal.os.ZygoteInit.main(ZygoteInit.java:595)
E/AndroidRuntime(27092): 	at dalvik.system.NativeStart.main(Native Method)
W/ActivityManager(  483): Force-killing crashed app de.schildbach.wallet at watcher's request
W/ContextImpl(  483): Calling a method in the system process without a qualified user: android.app.ContextImpl.sendBroadcast:1123 com.android.server.am.ActivityManagerService.handleApplicationCrashInner:9670 com.android.server.am.ActivityManagerService.handleApplicationCrash:9644 android.app.ActivityManagerNative.onTransact:1311 com.android.server.am.ActivityManagerService.onTransact:2071 
I/ActivityManager(  483): Process de.schildbach.wallet (pid 27092) has died.
D/dalvikvm(  164): GC_EXPLICIT freed 41K, 5% free 2788K/2916K, paused 1ms+0ms, total 3ms
D/dalvikvm(  164): GC_EXPLICIT freed <1K, 5% free 2788K/2916K, paused 0ms+1ms, total 4ms
D/dalvikvm(  164): GC_EXPLICIT freed <1K, 5% free 2788K/2916K, paused 0ms+0ms, total 3ms
I/ActivityManager(  483): Start proc de.schildbach.wallet for activity de.schildbach.wallet/.WalletActivity: pid=27108 uid=10095 gids={50095, 3003, 3002, 1028, 1015, 1023}
W/NetworkManagementSocketTagger(  483): setKernelCountSet(10095, 1) failed with errno -13
I/dalvikvm(27108): ignoring registerObject request in thread=1
I/dalvikvm(27108): ignoring registerObject request in thread=1
W/dalvikvm(27108): VFY: unable to find class referenced in signature (Lokhttp3/Request;)
W/dalvikvm(27108): VFY: unable to find class referenced in signature (Lokhttp3/Response;)
I/dalvikvm(27108): Could not find method okhttp3.Response.headers, referenced from method empirical.HelperClass.printOkHttpInfo
W/dalvikvm(27108): VFY: unable to resolve virtual method 21424: Lokhttp3/Response;.headers ()Lokhttp3/Headers;
D/dalvikvm(27108): VFY: replacing opcode 0x6e at 0x0006
W/dalvikvm(27108): VFY: unable to find class referenced in signature (Lokhttp3/Call;)
W/dalvikvm(27108): VFY: unable to find class referenced in signature (Lokhttp3/Response;)
I/dalvikvm(27108): Could not find method okhttp3.Call.request, referenced from method empirical.HelperClass.printOkHttpInfoFromCall
W/dalvikvm(27108): VFY: unable to resolve interface method 21418: Lokhttp3/Call;.request ()Lokhttp3/Request;
D/dalvikvm(27108): VFY: replacing opcode 0x72 at 0x0006
I/System.out(27108): body:<de.schildbach.wallet.ExchangeRatesProvider: void <clinit>()>	sig:specialinvoke $r3.<java.net.URL: void <init>(java.lang.String)>("https://api.bitcoinaverage.com/custom/abw")	timediff:0
I/System.out(27108): <de.schildbach.wallet.ExchangeRatesProvider: void <clinit>()>###specialinvoke $r3.<java.net.URL: void <init>(java.lang.String)>("https://api.bitcoinaverage.com/custom/abw")###https://api.bitcoinaverage.com/custom/abw
D/dalvikvm(27108): JIT code cache reset in 0 ms (0 bytes 1/0)
D/dalvikvm(27108): GC_CONCURRENT freed 260K, 11% free 2957K/3300K, paused 2ms+0ms, total 5ms
D/dalvikvm(27108): GC_CONCURRENT freed 354K, 13% free 3019K/3456K, paused 0ms+0ms, total 2ms
D/dalvikvm(27108): GC_CONCURRENT freed 323K, 12% free 3115K/3524K, paused 0ms+2ms, total 5ms
D/dalvikvm(27108): GC_CONCURRENT freed 327K, 12% free 3212K/3624K, paused 0ms+1ms, total 4ms
D/dalvikvm(27108): GC_CONCURRENT freed 328K, 12% free 3310K/3724K, paused 2ms+0ms, total 5ms
D/dalvikvm(27108): GC_CONCURRENT freed 332K, 11% free 3409K/3828K, paused 0ms+0ms, total 3ms
D/dalvikvm(27108): GC_CONCURRENT freed 332K, 11% free 3509K/3924K, paused 1ms+2ms, total 5ms
D/dalvikvm(27108): GC_CONCURRENT freed 334K, 11% free 3609K/4028K, paused 1ms+0ms, total 3ms
D/dalvikvm(27108): GC_CONCURRENT freed 333K, 11% free 3708K/4128K, paused 0ms+2ms, total 4ms
D/dalvikvm(27108): GC_CONCURRENT freed 335K, 10% free 3808K/4228K, paused 0ms+1ms, total 3ms
D/dalvikvm(27108): GC_CONCURRENT freed 336K, 10% free 3908K/4328K, paused 0ms+0ms, total 3ms
D/dalvikvm(27108): GC_CONCURRENT freed 338K, 10% free 4009K/4432K, paused 0ms+0ms, total 3ms
D/dalvikvm(27108): GC_CONCURRENT freed 257K, 8% free 4222K/4576K, paused 0ms+1ms, total 4ms
D/dalvikvm(27108): GC_CONCURRENT freed 313K, 9% free 4384K/4788K, paused 1ms+0ms, total 5ms
D/dalvikvm(27108): GC_CONCURRENT freed 386K, 10% free 4495K/4980K, paused 1ms+1ms, total 5ms
D/dalvikvm(27108): GC_CONCURRENT freed 691K, 16% free 4348K/5124K, paused 0ms+3ms, total 7ms
D/dalvikvm(27108): GC_CONCURRENT freed 463K, 15% free 4381K/5124K, paused 0ms+2ms, total 6ms
D/dalvikvm(27108): GC_CONCURRENT freed 505K, 15% free 4378K/5124K, paused 0ms+1ms, total 5ms
D/dalvikvm(27108): GC_CONCURRENT freed 502K, 15% free 4376K/5124K, paused 1ms+6ms, total 10ms
D/dalvikvm(27108): GC_CONCURRENT freed 505K, 15% free 4376K/5124K, paused 1ms+1ms, total 5ms
D/dalvikvm(27108): GC_CONCURRENT freed 503K, 15% free 4372K/5124K, paused 0ms+0ms, total 4ms
D/dalvikvm(27108): GC_CONCURRENT freed 503K, 15% free 4372K/5124K, paused 0ms+2ms, total 5ms
D/dalvikvm(27108): GC_CONCURRENT freed 720K, 20% free 4132K/5124K, paused 0ms+2ms, total 6ms
I/System.out(27108): body:<org.bitcoinj.params.MainNetParams: void <init>()>	sig:$r14 = staticinvoke <java.net.URI: java.net.URI create(java.lang.String)>("http://httpseed.bitcoin.schildbach.de/peers")	timediff:0
I/System.out(27108): body:<org.bitcoinj.core.VersionMessage: void <init>(org.bitcoinj.core.NetworkParameters,int)>	sig:$r6 = staticinvoke <java.net.InetAddress: java.net.InetAddress getByAddress(byte[])>($r3)	timediff:0
I/System.out(27108): body:<org.bitcoinj.core.VersionMessage: void <init>(org.bitcoinj.core.NetworkParameters,int)>	sig:$r6 = staticinvoke <java.net.InetAddress: java.net.InetAddress getByAddress(byte[])>($r3)	timediff:0
W/dalvikvm(27108): Exception Ljava/lang/Error; thrown while initializing Lorg/slf4j/MDC;
D/AndroidRuntime(27108): Shutting down VM
W/dalvikvm(27108): threadid=1: thread exiting with uncaught exception (group=0x94c45b20)
E/AndroidRuntime(27108): FATAL EXCEPTION: main
E/AndroidRuntime(27108): Process: de.schildbach.wallet, PID: 27108
E/AndroidRuntime(27108): java.lang.Error: Unresolved compilation error: Method <org.slf4j.impl.StaticMDCBinder: org.slf4j.impl.StaticMDCBinder getSingleton()> does not exist!
E/AndroidRuntime(27108): 	at org.slf4j.impl.StaticMDCBinder.getSingleton(dalvik_source_de.schildbach.wallet.apk)
E/AndroidRuntime(27108): 	at org.slf4j.MDC.bwCompatibleGetMDCAdapterFromBinder(MDC.java:99)
E/AndroidRuntime(27108): 	at org.slf4j.MDC.<clinit>(MDC.java:108)
E/AndroidRuntime(27108): 	at ch.qos.logback.classic.spi.LoggingEvent.getMDCPropertyMap(dalvik_source_de.schildbach.wallet.apk)
E/AndroidRuntime(27108): 	at ch.qos.logback.classic.spi.LoggingEvent.prepareForDeferredProcessing(dalvik_source_de.schildbach.wallet.apk)
E/AndroidRuntime(27108): 	at ch.qos.logback.core.OutputStreamAppender.subAppend(dalvik_source_de.schildbach.wallet.apk)
E/AndroidRuntime(27108): 	at ch.qos.logback.core.FileAppender.subAppend(dalvik_source_de.schildbach.wallet.apk)
E/AndroidRuntime(27108): 	at ch.qos.logback.core.rolling.RollingFileAppender.subAppend(dalvik_source_de.schildbach.wallet.apk)
E/AndroidRuntime(27108): 	at ch.qos.logback.core.OutputStreamAppender.append(dalvik_source_de.schildbach.wallet.apk)
E/AndroidRuntime(27108): 	at ch.qos.logback.core.UnsynchronizedAppenderBase.doAppend(dalvik_source_de.schildbach.wallet.apk)
E/AndroidRuntime(27108): 	at ch.qos.logback.core.spi.AppenderAttachableImpl.appendLoopOnAppenders(dalvik_source_de.schildbach.wallet.apk)
E/AndroidRuntime(27108): 	at ch.qos.logback.classic.Logger.appendLoopOnAppenders(dalvik_source_de.schildbach.wallet.apk)
E/AndroidRuntime(27108): 	at ch.qos.logback.classic.Logger.callAppenders(dalvik_source_de.schildbach.wallet.apk)
E/AndroidRuntime(27108): 	at ch.qos.logback.classic.Logger.buildLoggingEventAndAppend(dalvik_source_de.schildbach.wallet.apk)
E/AndroidRuntime(27108): 	at ch.qos.logback.classic.Logger.filterAndLog_2(dalvik_source_de.schildbach.wallet.apk)
E/AndroidRuntime(27108): 	at ch.qos.logback.classic.Logger.info(dalvik_source_de.schildbach.wallet.apk)
E/AndroidRuntime(27108): 	at de.schildbach.wallet.WalletApplication.onCreate(WalletApplication.java:107)
E/AndroidRuntime(27108): 	at android.app.Instrumentation.callApplicationOnCreate(Instrumentation.java:1024)
E/AndroidRuntime(27108): 	at android.app.ActivityThread.handleBindApplication(ActivityThread.java:4346)
E/AndroidRuntime(27108): 	at android.app.ActivityThread.access$1500(ActivityThread.java:135)
E/AndroidRuntime(27108): 	at android.app.ActivityThread$H.handleMessage(ActivityThread.java:1256)
E/AndroidRuntime(27108): 	at android.os.Handler.dispatchMessage(Handler.java:102)
E/AndroidRuntime(27108): 	at android.os.Looper.loop(Looper.java:136)
E/AndroidRuntime(27108): 	at android.app.ActivityThread.main(ActivityThread.java:5019)
E/AndroidRuntime(27108): 	at java.lang.reflect.Method.invokeNative(Native Method)
E/AndroidRuntime(27108): 	at java.lang.reflect.Method.invoke(Method.java:515)
E/AndroidRuntime(27108): 	at com.android.internal.os.ZygoteInit$MethodAndArgsCaller.run(ZygoteInit.java:779)
E/AndroidRuntime(27108): 	at com.android.internal.os.ZygoteInit.main(ZygoteInit.java:595)
E/AndroidRuntime(27108): 	at dalvik.system.NativeStart.main(Native Method)
I/Process (  483): Sending signal. PID: 27108 SIG: 9
W/ActivityManager(  483): Force-killing crashed app de.schildbach.wallet at watcher's request
W/ContextImpl(  483): Calling a method in the system process without a qualified user: android.app.ContextImpl.sendBroadcast:1123 com.android.server.am.ActivityManagerService.handleApplicationCrashInner:9670 com.android.server.am.ActivityManagerService.handleApplicationCrash:9644 android.app.ActivityManagerNative.onTransact:1311 com.android.server.am.ActivityManagerService.onTransact:2071 
I/InputDispatcher(  483): Dropping event because there is no focused window or focused application.
W/NetworkManagementSocketTagger(  483): setKernelCountSet(10095, 0) failed with errno -13
I/InputDispatcher(  483): Dropping event because there is no focused window or focused application.
V/PanelView(  538): animationTick called with dtms=0; nothing to do (h=705.4376 v=-0.0)
V/PanelView(  538): animationTick called with dtms=0; nothing to do (h=705.4376 v=0.0)
V/PanelView(  538): animationTick called with dtms=0; nothing to do (h=686.0646 v=-4500.0)
I/ActivityManager(  483): Process de.schildbach.wallet (pid 27108) has died.
W/ActivityManager(  483): Force removing ActivityRecord{4aa734ec u0 de.schildbach.wallet/.WalletActivity t264}: app died, no saved state
W/InputManager(  483): Input event injection from pid 26928 failed.
W/InputManager(  483): Input event injection from pid 26928 failed.
I/InputDispatcher(  483): Dropping event because there is no focused window or focused application.
V/PanelView(  538): animationTick called with dtms=0; nothing to do (h=720.0 v=4500.0)
I/InputDispatcher(  483): Dropping event because there is no focused window or focused application.
W/InputManager(  483): Input event injection from pid 26928 failed.
W/InputManager(  483): Input event injection from pid 26928 failed.
I/ActivityManager(  483): START u0 {act=android.intent.action.MAIN cat=[android.intent.category.LAUNCHER] flg=0x10200000 cmp=de.schildbach.wallet/.WalletActivity} from pid 26928
W/EGL_emulation(22282): eglSurfaceAttrib not implemented 3093 12436
W/EGL_emulation(25054): eglSurfaceAttrib not implemented 3093 12436
W/EGL_emulation(22282): eglSurfaceAttrib not implemented 3093 12436
W/NetworkManagementSocketTagger(  483): setKernelCountSet(10095, 1) failed with errno -13
I/dalvikvm(27124): ignoring registerObject request in thread=1
I/dalvikvm(27124): ignoring registerObject request in thread=1
I/ActivityManager(  483): Start proc de.schildbach.wallet for activity de.schildbach.wallet/.WalletActivity: pid=27124 uid=10095 gids={50095, 3003, 3002, 1028, 1015, 1023}
W/dalvikvm(27124): VFY: unable to find class referenced in signature (Lokhttp3/Request;)
W/dalvikvm(27124): VFY: unable to find class referenced in signature (Lokhttp3/Response;)
I/dalvikvm(27124): Could not find method okhttp3.Response.headers, referenced from method empirical.HelperClass.printOkHttpInfo
W/dalvikvm(27124): VFY: unable to resolve virtual method 21424: Lokhttp3/Response;.headers ()Lokhttp3/Headers;
D/dalvikvm(27124): VFY: replacing opcode 0x6e at 0x0006
W/dalvikvm(27124): VFY: unable to find class referenced in signature (Lokhttp3/Call;)
W/dalvikvm(27124): VFY: unable to find class referenced in signature (Lokhttp3/Response;)
I/dalvikvm(27124): Could not find method okhttp3.Call.request, referenced from method empirical.HelperClass.printOkHttpInfoFromCall
W/dalvikvm(27124): VFY: unable to resolve interface method 21418: Lokhttp3/Call;.request ()Lokhttp3/Request;
D/dalvikvm(27124): VFY: replacing opcode 0x72 at 0x0006
I/System.out(27124): body:<de.schildbach.wallet.ExchangeRatesProvider: void <clinit>()>	sig:specialinvoke $r3.<java.net.URL: void <init>(java.lang.String)>("https://api.bitcoinaverage.com/custom/abw")	timediff:1
I/System.out(27124): <de.schildbach.wallet.ExchangeRatesProvider: void <clinit>()>###specialinvoke $r3.<java.net.URL: void <init>(java.lang.String)>("https://api.bitcoinaverage.com/custom/abw")###https://api.bitcoinaverage.com/custom/abw
D/dalvikvm(27124): JIT code cache reset in 0 ms (0 bytes 1/0)
D/dalvikvm(27124): GC_CONCURRENT freed 218K, 10% free 2956K/3260K, paused 2ms+0ms, total 5ms
W/GLSActivity(22282): Start intent without session
D/dalvikvm(27124): GC_CONCURRENT freed 332K, 13% free 3010K/3428K, paused 1ms+1ms, total 3ms
W/NetworkManagementSocketTagger(  483): setKernelCountSet(10007, 0) failed with errno -13
D/dalvikvm(27124): GC_CONCURRENT freed 303K, 12% free 3101K/3488K, paused 1ms+0ms, total 3ms
D/dalvikvm(27124): GC_CONCURRENT freed 326K, 12% free 3198K/3608K, paused 1ms+1ms, total 3ms
D/dalvikvm(27124): GC_CONCURRENT freed 334K, 12% free 3298K/3716K, paused 1ms+0ms, total 3ms
D/dalvikvm(27124): GC_CONCURRENT freed 326K, 11% free 3396K/3808K, paused 2ms+0ms, total 5ms
D/dalvikvm(27124): GC_CONCURRENT freed 297K, 10% free 3483K/3868K, paused 2ms+1ms, total 5ms
D/dalvikvm(27124): GC_CONCURRENT freed 296K, 10% free 3573K/3956K, paused 1ms+0ms, total 4ms
D/dalvikvm(27124): GC_CONCURRENT freed 315K, 10% free 3667K/4068K, paused 1ms+0ms, total 4ms
D/dalvikvm(27124): GC_CONCURRENT freed 340K, 11% free 3769K/4192K, paused 0ms+0ms, total 4ms
D/dalvikvm(27124): GC_CONCURRENT freed 340K, 10% free 3869K/4296K, paused 2ms+2ms, total 7ms
D/dalvikvm(27124): GC_CONCURRENT freed 352K, 10% free 3974K/4412K, paused 2ms+2ms, total 8ms
D/dalvikvm(27124): GC_CONCURRENT freed 292K, 9% free 4158K/4540K, paused 0ms+3ms, total 5ms
D/dalvikvm(27124): GC_CONCURRENT freed 275K, 8% free 4351K/4716K, paused 0ms+2ms, total 4ms
D/dalvikvm(27124): GC_CONCURRENT freed 389K, 10% free 4464K/4940K, paused 0ms+0ms, total 4ms
D/dalvikvm(27124): GC_CONCURRENT freed 406K, 10% free 4580K/5076K, paused 1ms+0ms, total 4ms
D/dalvikvm(27124): GC_CONCURRENT freed 773K, 17% free 4379K/5236K, paused 1ms+1ms, total 7ms
D/dalvikvm(27124): GC_CONCURRENT freed 501K, 17% free 4377K/5236K, paused 0ms+1ms, total 4ms
D/dalvikvm(27124): GC_CONCURRENT freed 502K, 17% free 4375K/5236K, paused 0ms+0ms, total 4ms
D/dalvikvm(27124): GC_CONCURRENT freed 502K, 17% free 4374K/5236K, paused 1ms+1ms, total 6ms
D/dalvikvm(27124): GC_CONCURRENT freed 502K, 17% free 4373K/5236K, paused 1ms+1ms, total 5ms
D/dalvikvm(27124): GC_CONCURRENT freed 500K, 17% free 4368K/5236K, paused 0ms+2ms, total 7ms
D/dalvikvm(27124): GC_CONCURRENT freed 759K, 22% free 4122K/5236K, paused 1ms+1ms, total 5ms
I/System.out(27124): body:<org.bitcoinj.params.MainNetParams: void <init>()>	sig:$r14 = staticinvoke <java.net.URI: java.net.URI create(java.lang.String)>("http://httpseed.bitcoin.schildbach.de/peers")	timediff:0
I/System.out(27124): body:<org.bitcoinj.core.VersionMessage: void <init>(org.bitcoinj.core.NetworkParameters,int)>	sig:$r6 = staticinvoke <java.net.InetAddress: java.net.InetAddress getByAddress(byte[])>($r3)	timediff:0
I/System.out(27124): body:<org.bitcoinj.core.VersionMessage: void <init>(org.bitcoinj.core.NetworkParameters,int)>	sig:$r6 = staticinvoke <java.net.InetAddress: java.net.InetAddress getByAddress(byte[])>($r3)	timediff:0
W/dalvikvm(27124): Exception Ljava/lang/Error; thrown while initializing Lorg/slf4j/MDC;
D/AndroidRuntime(27124): Shutting down VM
W/dalvikvm(27124): threadid=1: thread exiting with uncaught exception (group=0x94c45b20)
E/AndroidRuntime(27124): FATAL EXCEPTION: main
E/AndroidRuntime(27124): Process: de.schildbach.wallet, PID: 27124
E/AndroidRuntime(27124): java.lang.Error: Unresolved compilation error: Method <org.slf4j.impl.StaticMDCBinder: org.slf4j.impl.StaticMDCBinder getSingleton()> does not exist!
E/AndroidRuntime(27124): 	at org.slf4j.impl.StaticMDCBinder.getSingleton(dalvik_source_de.schildbach.wallet.apk)
E/AndroidRuntime(27124): 	at org.slf4j.MDC.bwCompatibleGetMDCAdapterFromBinder(MDC.java:99)
E/AndroidRuntime(27124): 	at org.slf4j.MDC.<clinit>(MDC.java:108)
E/AndroidRuntime(27124): 	at ch.qos.logback.classic.spi.LoggingEvent.getMDCPropertyMap(dalvik_source_de.schildbach.wallet.apk)
E/AndroidRuntime(27124): 	at ch.qos.logback.classic.spi.LoggingEvent.prepareForDeferredProcessing(dalvik_source_de.schildbach.wallet.apk)
E/AndroidRuntime(27124): 	at ch.qos.logback.core.OutputStreamAppender.subAppend(dalvik_source_de.schildbach.wallet.apk)
E/AndroidRuntime(27124): 	at ch.qos.logback.core.FileAppender.subAppend(dalvik_source_de.schildbach.wallet.apk)
E/AndroidRuntime(27124): 	at ch.qos.logback.core.rolling.RollingFileAppender.subAppend(dalvik_source_de.schildbach.wallet.apk)
E/AndroidRuntime(27124): 	at ch.qos.logback.core.OutputStreamAppender.append(dalvik_source_de.schildbach.wallet.apk)
E/AndroidRuntime(27124): 	at ch.qos.logback.core.UnsynchronizedAppenderBase.doAppend(dalvik_source_de.schildbach.wallet.apk)
E/AndroidRuntime(27124): 	at ch.qos.logback.core.spi.AppenderAttachableImpl.appendLoopOnAppenders(dalvik_source_de.schildbach.wallet.apk)
E/AndroidRuntime(27124): 	at ch.qos.logback.classic.Logger.appendLoopOnAppenders(dalvik_source_de.schildbach.wallet.apk)
E/AndroidRuntime(27124): 	at ch.qos.logback.classic.Logger.callAppenders(dalvik_source_de.schildbach.wallet.apk)
E/AndroidRuntime(27124): 	at ch.qos.logback.classic.Logger.buildLoggingEventAndAppend(dalvik_source_de.schildbach.wallet.apk)
E/AndroidRuntime(27124): 	at ch.qos.logback.classic.Logger.filterAndLog_2(dalvik_source_de.schildbach.wallet.apk)
E/AndroidRuntime(27124): 	at ch.qos.logback.classic.Logger.info(dalvik_source_de.schildbach.wallet.apk)
E/AndroidRuntime(27124): 	at de.schildbach.wallet.WalletApplication.onCreate(WalletApplication.java:107)
E/AndroidRuntime(27124): 	at android.app.Instrumentation.callApplicationOnCreate(Instrumentation.java:1024)
E/AndroidRuntime(27124): 	at android.app.ActivityThread.handleBindApplication(ActivityThread.java:4346)
E/AndroidRuntime(27124): 	at android.app.ActivityThread.access$1500(ActivityThread.java:135)
E/AndroidRuntime(27124): 	at android.app.ActivityThread$H.handleMessage(ActivityThread.java:1256)
E/AndroidRuntime(27124): 	at android.os.Handler.dispatchMessage(Handler.java:102)
E/AndroidRuntime(27124): 	at android.os.Looper.loop(Looper.java:136)
E/AndroidRuntime(27124): 	at android.app.ActivityThread.main(ActivityThread.java:5019)
E/AndroidRuntime(27124): 	at java.lang.reflect.Method.invokeNative(Native Method)
E/AndroidRuntime(27124): 	at java.lang.reflect.Method.invoke(Method.java:515)
E/AndroidRuntime(27124): 	at com.android.internal.os.ZygoteInit$MethodAndArgsCaller.run(ZygoteInit.java:779)
E/AndroidRuntime(27124): 	at com.android.internal.os.ZygoteInit.main(ZygoteInit.java:595)
E/AndroidRuntime(27124): 	at dalvik.system.NativeStart.main(Native Method)
D/dalvikvm(27124): GC_CONCURRENT freed 293K, 20% free 4224K/5236K, paused 1ms+0ms, total 4ms
D/dalvikvm(27124): WAIT_FOR_CONCURRENT_GC blocked 3ms
I/Process (  483): Sending signal. PID: 27124 SIG: 9
W/ActivityManager(  483): Force-killing crashed app de.schildbach.wallet at watcher's request
