E/WindowManager( 9357): 	at android.support.v7.widget.ToolbarWidgetWrapper$1.onClick(ToolbarWidgetWrapper.java:183)
E/WindowManager( 9357): 	at android.view.View.performClick(View.java:4438)
E/WindowManager( 9357): 	at android.view.View.onKeyUp(View.java:8241)
E/WindowManager( 9357): 	at android.view.KeyEvent.dispatch(KeyEvent.java:2664)
E/WindowManager( 9357): 	at android.view.View.dispatchKeyEvent(View.java:7665)
E/WindowManager( 9357): 	at android.view.ViewGroup.dispatchKeyEvent(ViewGroup.java:1408)
E/WindowManager( 9357): 	at android.view.ViewGroup.dispatchKeyEvent(ViewGroup.java:1408)
E/WindowManager( 9357): 	at android.view.ViewGroup.dispatchKeyEvent(ViewGroup.java:1408)
E/WindowManager( 9357): 	at android.view.ViewGroup.dispatchKeyEvent(ViewGroup.java:1408)
E/WindowManager( 9357): 	at android.view.ViewGroup.dispatchKeyEvent(ViewGroup.java:1408)
E/WindowManager( 9357): 	at android.view.ViewGroup.dispatchKeyEvent(ViewGroup.java:1408)
E/WindowManager( 9357): 	at com.android.internal.policy.impl.PhoneWindow$DecorView.superDispatchKeyEvent(PhoneWindow.java:2035)
E/WindowManager( 9357): 	at com.android.internal.policy.impl.PhoneWindow.superDispatchKeyEvent(PhoneWindow.java:1505)
E/WindowManager( 9357): 	at android.app.Activity.dispatchKeyEvent(Activity.java:2418)
E/WindowManager( 9357): 	at android.support.v7.app.AppCompatActivity.dispatchKeyEvent(AppCompatActivity.java:543)
E/WindowManager( 9357): 	at android.support.v7.view.WindowCallbackWrapper.dispatchKeyEvent(WindowCallbackWrapper.java:53)
E/WindowManager( 9357): 	at android.support.v7.app.AppCompatDelegateImplBase$AppCompatWindowCallbackBase.dispatchKeyEvent(AppCompatDelegateImplBase.java:315)
E/WindowManager( 9357): 	at com.android.internal.policy.impl.PhoneWindow$DecorView.dispatchKeyEvent(PhoneWindow.java:1962)
E/WindowManager( 9357): 	at android.view.ViewRootImpl$ViewPostImeInputStage.processKeyEvent(ViewRootImpl.java:3876)
E/WindowManager( 9357): 	at android.view.ViewRootImpl$ViewPostImeInputStage.onProcess(ViewRootImpl.java:3850)
E/WindowManager( 9357): 	at android.view.ViewRootImpl$InputStage.deliver(ViewRootImpl.java:3423)
E/WindowManager( 9357): 	at android.view.ViewRootImpl$InputStage.onDeliverToNext(ViewRootImpl.java:3473)
E/WindowManager( 9357): 	at android.view.ViewRootImpl$InputStage.forward(ViewRootImpl.java:3442)
E/WindowManager( 9357): 	at android.view.ViewRootImpl$AsyncInputStage.forward(ViewRootImpl.java:3549)
E/WindowManager( 9357): 	at android.view.ViewRootImpl$InputStage.apply(ViewRootImpl.java:3450)
E/WindowManager( 9357): 	at android.view.ViewRootImpl$AsyncInputStage.apply(ViewRootImpl.java:3606)
E/WindowManager( 9357): 	at android.view.ViewRootImpl$InputStage.deliver(ViewRootImpl.java:3423)
E/WindowManager( 9357): 	at android.view.ViewRootImpl$InputStage.onDeliverToNext(ViewRootImpl.java:3473)
E/WindowManager( 9357): 	at android.view.ViewRootImpl$InputStage.forward(ViewRootImpl.java:3442)
E/WindowManager( 9357): 	at android.view.ViewRootImpl$InputStage.apply(ViewRootImpl.java:3450)
E/WindowManager( 9357): 	at android.view.ViewRootImpl$InputStage.deliver(ViewRootImpl.java:3423)
E/WindowManager( 9357): 	at android.view.ViewRootImpl$InputStage.onDeliverToNext(ViewRootImpl.java:3473)
E/WindowManager( 9357): 	at android.view.ViewRootImpl$InputStage.forward(ViewRootImpl.java:3442)
E/WindowManager( 9357): 	at android.view.ViewRootImpl$AsyncInputStage.forward(ViewRootImpl.java:3582)
E/WindowManager( 9357): 	at android.view.ViewRootImpl$ImeInputStage.onFinishedInputEvent(ViewRootImpl.java:3742)
E/WindowManager( 9357): 	at android.view.inputmethod.InputMethodManager$PendingEvent.run(InputMethodManager.java:2010)
E/WindowManager( 9357): 	at android.view.inputmethod.InputMethodManager.invokeFinishedInputEventCallback(InputMethodManager.java:1704)
E/WindowManager( 9357): 	at android.view.inputmethod.InputMethodManager.finishedInputEvent(InputMethodManager.java:1695)
E/WindowManager( 9357): 	at android.view.inputme
W/ContextImpl(  469): Calling a method in the system process without a qualified user: android.app.ContextImpl.sendBroadcast:1123 com.android.server.InputMethodManagerService.hideCurrentInputLocked:1880 com.android.server.InputMethodManagerService.windowGainedFocus:2000 com.android.internal.view.IInputMethodManager$Stub.onTransact:221 com.android.server.InputMethodManagerService.onTransact:818 
W/ViewRootImpl( 9357): Dropping event due to no window focus: KeyEvent { action=ACTION_DOWN, keyCode=KEYCODE_DPAD_CENTER, scanCode=0, metaState=0, flags=0x8, repeatCount=0, eventTime=704217, downTime=704217, deviceId=-1, source=0x101 }
W/EGL_emulation( 9357): eglSurfaceAttrib not implemented 3093 12436
W/ViewRootImpl( 9357): Dropping event due to no window focus: KeyEvent { action=ACTION_DOWN, keyCode=KEYCODE_DPAD_DOWN, scanCode=0, metaState=0, flags=0x8, repeatCount=0, eventTime=704225, downTime=704225, deviceId=-1, source=0x101 }
I/qtaguid ( 9357): Untagging socket 54 failed errno=-13
W/NetworkManagementSocketTagger( 9357): untagSocket(54) failed with errno -13
I/System.out( 9357): body:<com.android.volley.toolbox.HurlStack: org.apache.http.HttpResponse performRequest(com.android.volley.Request,java.util.Map)>	sig:$i0 = virtualinvoke $r14.<java.net.HttpURLConnection: int getResponseCode()>()	timediff:151
I/System.out( 9357): body:<com.android.volley.toolbox.HurlStack: org.apache.http.HttpResponse performRequest(com.android.volley.Request,java.util.Map)>	sig:$i0 = virtualinvoke $r14.<java.net.HttpURLConnection: int getResponseCode()>()	timediff:0
I/System.out( 9357): body:<com.android.volley.toolbox.HurlStack: org.apache.http.HttpResponse performRequest(com.android.volley.Request,java.util.Map)>	sig:$r11 = virtualinvoke $r14.<java.net.HttpURLConnection: java.lang.String getResponseMessage()>()	timediff:0
I/System.out( 9357): body:<com.android.volley.toolbox.HurlStack: org.apache.http.HttpEntity entityFromConnection(java.net.HttpURLConnection)>	sig:$r2 = virtualinvoke $r0.<java.net.HttpURLConnection: java.io.InputStream getErrorStream()>()	timediff:0
I/System.out( 9357): body:<com.android.volley.toolbox.HurlStack: org.apache.http.HttpEntity entityFromConnection(java.net.HttpURLConnection)>	sig:$i1 = virtualinvoke $r0.<java.net.HttpURLConnection: int getContentLength()>()	timediff:0
I/System.out( 9357): body:<com.android.volley.toolbox.HurlStack: org.apache.http.HttpEntity entityFromConnection(java.net.HttpURLConnection)>	sig:$r4 = virtualinvoke $r0.<java.net.HttpURLConnection: java.lang.String getContentEncoding()>()	timediff:0
I/System.out( 9357): body:<com.android.volley.toolbox.HurlStack: org.apache.http.HttpEntity entityFromConnection(java.net.HttpURLConnection)>	sig:$r4 = virtualinvoke $r0.<java.net.HttpURLConnection: java.lang.String getContentType()>()	timediff:0
I/System.out( 9357): body:<com.android.volley.toolbox.HurlStack: org.apache.http.HttpResponse performRequest(com.android.volley.Request,java.util.Map)>	sig:$r12 = virtualinvoke $r14.<java.net.HttpURLConnection: java.util.Map getHeaderFields()>()	timediff:0
E/Volley  ( 9357): [394] BasicNetwork.performRequest: Unexpected response code 406 for https://api.jaumo.com/v2/auth/token
I/ActivityManager(  469): START u0 {act=android.intent.action.VIEW dat=https://www.getpinkapp.com/pages/privacy/ cmp=com.android.browser/.BrowserActivity} from pid 9357
W/InputEventReceiver( 9357): Attempted to finish an input event but the input event receiver has already been disposed.
W/InputEventReceiver( 9357): Attempted to finish an input event but the input event receiver has already been disposed.
D/jaumo   ( 9357): --- HTTP Response: 406 -  for https://api.jaumo.com/v2/auth/token
D/jaumo   ( 9357): --- HTTP Response: 406 -  for https://api.jaumo.com/v2/signup/defaults
E/jaumo   ( 9357): HTTP Response Error: Error: 406 - 
D/jaumo   ( 9357): --- HTTP Response: 406 -  for https://api.jaumo.com/v2/signup/defaults
E/jaumo   ( 9357): HTTP Response Error: Error: 406 - 
W/ViewRootImpl( 9357): Dropping event due to root view being removed: MotionEvent { action=ACTION_DOWN, id[0]=0, x[0]=-344.0, y[0]=596.0, toolType[0]=TOOL_TYPE_UNKNOWN, buttonState=0, metaState=0, flags=0x0, edgeFlags=0x0, pointerCount=1, historySize=0, eventTime=704268, downTime=704268, deviceId=0, source=0x1002 }
W/ViewRootImpl( 9357): Dropping event due to root view being removed: MotionEvent { action=ACTION_UP, id[0]=0, x[0]=-345.07166, y[0]=602.1409, toolType[0]=TOOL_TYPE_UNKNOWN, buttonState=0, metaState=0, flags=0x0, edgeFlags=0x0, pointerCount=1, historySize=0, eventTime=704269, downTime=704268, deviceId=0, source=0x1002 }
D/jaumo   ( 9357): Show screen: splash
W/InputMethodManagerService(  469): Window already focused, ignoring focus gain of: com.android.internal.view.IInputMethodClient$Stub$Proxy@4ab6d648 attribute=null, token = android.os.BinderProxy@4aa3bcac
W/ViewRootImpl( 9357): Dropping event due to no window focus: KeyEvent { action=ACTION_DOWN, keyCode=KEYCODE_DPAD_RIGHT, scanCode=0, metaState=0, flags=0x8, repeatCount=0, eventTime=704297, downTime=704297, deviceId=-1, source=0x101 }
W/ViewRootImpl( 9357): Dropping event due to no window focus: KeyEvent { action=ACTION_DOWN, keyCode=KEYCODE_DPAD_CENTER, scanCode=0, metaState=0, flags=0x8, repeatCount=0, eventTime=704312, downTime=704312, deviceId=-1, source=0x101 }
W/ViewRootImpl( 9357): Dropping event due to no window focus: KeyEvent { action=ACTION_DOWN, keyCode=KEYCODE_DPAD_UP, scanCode=0, metaState=0, flags=0x8, repeatCount=0, eventTime=704313, downTime=704313, deviceId=-1, source=0x101 }
W/EGL_emulation( 9357): eglSurfaceAttrib not implemented 3093 12436
W/InputEventReceiver( 9357): Attempted to finish an input event but the input event receiver has already been disposed.
W/InputMethodManagerService(  469): Window already focused, ignoring focus gain of: com.android.internal.view.IInputMethodClient$Stub$Proxy@4ae948a4 attribute=android.view.inputmethod.EditorInfo@4ac9b60c, token = android.os.BinderProxy@4aa3bcac
W/ViewRootImpl( 9357): Dropping event due to no window focus: KeyEvent { action=ACTION_DOWN, keyCode=KEYCODE_DPAD_LEFT, scanCode=0, metaState=0, flags=0x8, repeatCount=0, eventTime=704357, downTime=704357, deviceId=-1, source=0x101 }
I/ActivityManager(  469): START u0 {act=android.intent.action.MAIN cat=[android.intent.category.HOME] flg=0x10200000 cmp=com.vphone.launcher/.Launcher} from pid 469
W/EGL_emulation( 9357): eglSurfaceAttrib not implemented 3093 12436
W/ViewRootImpl( 9357): Dropping event due to no window focus: KeyEvent { action=ACTION_DOWN, keyCode=KEYCODE_MENU, scanCode=0, metaState=0, flags=0x8, repeatCount=0, eventTime=704371, downTime=704371, deviceId=-1, source=0x101 }
W/InputEventReceiver( 9357): Attempted to finish an input event but the input event receiver has already been disposed.
W/InputEventReceiver( 9357): Attempted to finish an input event but the input event receiver has already been disposed.
W/InputEventReceiver( 9357): Attempted to finish an input event but the input event receiver has already been disposed.
W/InputEventReceiver( 9357): Attempted to finish an input event but the input event receiver has already been disposed.
W/ViewRootImpl( 9357): Dropping event due to root view being removed: MotionEvent { action=ACTION_DOWN, id[0]=0, x[0]=-312.0, y[0]=633.0, toolType[0]=TOOL_TYPE_UNKNOWN, buttonState=0, metaState=0, flags=0x0, edgeFlags=0x0, pointerCount=1, historySize=0, eventTime=704397, downTime=704397, deviceId=0, source=0x1002 }
W/ViewRootImpl( 9357): Dropping event due to root view being removed: MotionEvent { action=ACTION_MOVE, id[0]=0, x[0]=-297.11526, y[0]=650.7489, toolType[0]=TOOL_TYPE_UNKNOWN, buttonState=0, metaState=0, flags=0x0, edgeFlags=0x0, pointerCount=1, historySize=0, eventTime=704397, downTime=704397, deviceId=0, source=0x1002 }
W/ViewRootImpl( 9357): Dropping event due to root view being removed: MotionEvent { action=ACTION_UP, id[0]=0, x[0]=-290.2838, y[0]=661.6772, toolType[0]=TOOL_TYPE_UNKNOWN, buttonState=0, metaState=0, flags=0x0, edgeFlags=0x0, pointerCount=1, historySize=0, eventTime=704397, downTime=704397, deviceId=0, source=0x1002 }
W/InputMethodManagerService(  469): Window already focused, ignoring focus gain of: com.android.internal.view.IInputMethodClient$Stub$Proxy@4a98fab8 attribute=android.view.inputmethod.EditorInfo@4a97e308, token = android.os.BinderProxy@4aa3bcac
I/ActivityManager(  469): START u0 {act=android.intent.action.MAIN cat=[android.intent.category.HOME] flg=0x10200000 cmp=com.vphone.launcher/.Launcher} from pid 469
W/EGL_emulation( 9357): eglSurfaceAttrib not implemented 3093 12436
W/InputEventReceiver( 9357): Attempted to finish an input event but the input event receiver has already been disposed.
W/InputEventReceiver( 9357): Attempted to finish an input event but the input event receiver has already been disposed.
W/ViewRootImpl( 9357): Dropping event due to no window focus: KeyEvent { action=ACTION_DOWN, keyCode=KEYCODE_MENU, scanCode=0, metaState=0, flags=0x8, repeatCount=0, eventTime=704456, downTime=704456, deviceId=-1, source=0x101 }
W/ViewRootImpl( 9357): Dropping event due to root view being removed: MotionEvent { action=ACTION_MOVE, id[0]=0, x[0]=2.0, y[0]=3.0, toolType[0]=TOOL_TYPE_UNKNOWN, buttonState=0, metaState=0, flags=0x0, edgeFlags=0x0, pointerCount=1, historySize=1, eventTime=704480, downTime=-1, deviceId=0, source=0x10004 }
W/InputMethodManagerService(  469): Window already focused, ignoring focus gain of: com.android.internal.view.IInputMethodClient$Stub$Proxy@4aa31068 attribute=null, token = android.os.BinderProxy@4aa3bcac
W/ViewRootImpl( 9357): Dropping event due to no window focus: KeyEvent { action=ACTION_DOWN, keyCode=KEYCODE_DPAD_UP, scanCode=0, metaState=0, flags=0x8, repeatCount=0, eventTime=704542, downTime=704542, deviceId=-1, source=0x101 }
W/EGL_emulation( 9357): eglSurfaceAttrib not implemented 3093 12436
I/ActivityManager(  469): START u0 {cmp=com.pinkapp/com.jaumo.login.ForgotPassword} from pid 9357
W/InputEventReceiver( 9357): Attempted to finish an input event but the input event receiver has already been disposed.
I/jaumo   ( 9357): com.jaumo.login.Splash.onPause()
D/jaumo   ( 9357): Show screen: forgot_password
I/jaumo   ( 9357): com.jaumo.login.ForgotPassword.onResume()
D/jaumo   ( 9357): Event splash - login - null
D/jaumo   ( 9357): HTTP POST https://api.jaumo.com/v2/tracking, DATA: {action=login, screen=splash}
D/jaumo   ( 9357): HTTP POST https://api.jaumo.com/v2/auth/token, DATA: {grant_type=client_credentials, client_id=de00563b0e36f727}
I/System.out( 9357): body:<com.android.volley.toolbox.HurlStack: org.apache.http.HttpResponse performRequest(com.android.volley.Request,java.util.Map)>	sig:specialinvoke $r5.<java.net.URL: void <init>(java.lang.String)>($r9)	timediff:0
I/System.out( 9357): <com.android.volley.toolbox.HurlStack: org.apache.http.HttpResponse performRequest(com.android.volley.Request,java.util.Map)>###specialinvoke $r5.<java.net.URL: void <init>(java.lang.String)>($r9)###https://api.jaumo.com/v2/auth/token
I/System.out( 9357): body:<com.android.volley.toolbox.HurlStack: java.net.HttpURLConnection createConnection(java.net.URL)>	sig:$r2 = virtualinvoke $r1.<java.net.URL: java.net.URLConnection openConnection()>()	timediff:0
I/System.out( 9357): body:<com.android.volley.toolbox.HurlStack: java.net.HttpURLConnection createConnection(java.net.URL)>	sig:$z0 = staticinvoke <java.net.HttpURLConnection: boolean getFollowRedirects()>()	timediff:0
I/System.out( 9357): body:<com.android.volley.toolbox.HurlStack: java.net.HttpURLConnection createConnection(java.net.URL)>	sig:virtualinvoke $r3.<java.net.HttpURLConnection: void setInstanceFollowRedirects(boolean)>($z0)	timediff:0
I/System.out( 9357): body:<com.android.volley.toolbox.HurlStack: java.net.HttpURLConnection openConnection(java.net.URL,com.android.volley.Request)>	sig:virtualinvoke $r3.<java.net.HttpURLConnection: void setConnectTimeout(int)>($i0)	timediff:0
I/System.out( 9357): body:<com.android.volley.toolbox.HurlStack: java.net.HttpURLConnection openConnection(java.net.URL,com.android.volley.Request)>	sig:virtualinvoke $r3.<java.net.HttpURLConnection: void setReadTimeout(int)>($i0)	timediff:0
I/System.out( 9357): body:<com.android.volley.toolbox.HurlStack: java.net.HttpURLConnection openConnection(java.net.URL,com.android.volley.Request)>	sig:virtualinvoke $r3.<java.net.HttpURLConnection: void setUseCaches(boolean)>(0)	timediff:0
I/System.out( 9357): body:<com.android.volley.toolbox.HurlStack: java.net.HttpURLConnection openConnection(java.net.URL,com.android.volley.Request)>	sig:virtualinvoke $r3.<java.net.HttpURLConnection: void setDoInput(boolean)>(1)	timediff:0
I/System.out( 9357): body:<com.android.volley.toolbox.HurlStack: java.net.HttpURLConnection openConnection(java.net.URL,com.android.volley.Request)>	sig:$r5 = virtualinvoke $r1.<java.net.URL: java.lang.String getProtocol()>()	timediff:0
I/System.out( 9357): body:<com.android.volley.toolbox.HurlStack: org.apache.http.HttpResponse performRequest(com.android.volley.Request,java.util.Map)>	sig:virtualinvoke $r14.<java.net.HttpURLConnection: void addRequestProperty(java.lang.String,java.lang.String)>($r11, $r9)	timediff:0
I/System.out( 9357): body:<com.android.volley.toolbox.HurlStack: org.apache.http.HttpResponse performRequest(com.android.volley.Request,java.util.Map)>	sig:virtualinvoke $r14.<java.net.HttpURLConnection: void addRequestProperty(java.lang.String,java.lang.String)>($r11, $r9)	timediff:0
I/System.out( 9357): body:<com.android.volley.toolbox.HurlStack: org.apache.http.HttpResponse performRequest(com.android.volley.Request,java.util.Map)>	sig:virtualinvoke $r14.<java.net.HttpURLConnection: void addRequestProperty(java.lang.String,java.lang.String)>($r11, $r9)	timediff:0
I/System.out( 9357): body:<com.android.volley.toolbox.HurlStack: org.apache.http.HttpResponse performRequest(com.android.volley.Request,java.util.Map)>	sig:virtualinvoke $r14.<java.net.HttpURLConnection: void addRequestProperty(java.lang.String,java.lang.String)>($r11, $r9)	timediff:0
I/System.out( 9357): body:<com.android.volley.toolbox.HurlStack: org.apache.http.HttpResponse performRequest(com.android.volley.Request,java.util.Map)>	sig:virtualinvoke $r14.<java.net.HttpURLConnection: void addRequestProperty(java.lang.String,java.lang.String)>($r11, $r9)	timediff:0
I/System.out( 9357): body:<com.android.volley.toolbox.HurlStack: org.apache.http.HttpResponse performRequest(com.android.volley.Request,java.util.Map)>	sig:virtualinvoke $r14.<java.net.HttpURLConnection: void addRequestProperty(java.lang.String,java.lang.String)>($r11, $r9)	timediff:0
I/System.out( 9357): body:<com.android.volley.toolbox.HurlStack: org.apache.http.HttpResponse performRequest(com.android.volley.Request,java.util.Map)>	sig:virtualinvoke $r14.<java.net.HttpURLConnection: void addRequestProperty(java.lang.String,java.lang.String)>($r11, $r9)	timediff:0
I/System.out( 9357): body:<com.android.volley.toolbox.HurlStack: org.apache.http.HttpResponse performRequest(com.android.volley.Request,java.util.Map)>	sig:virtualinvoke $r14.<java.net.HttpURLConnection: void addRequestProperty(java.lang.String,java.lang.String)>($r11, $r9)	timediff:0
I/System.out( 9357): body:<com.android.volley.toolbox.HurlStack: void setConnectionParametersForRequest(java.net.HttpURLConnection,com.android.volley.Request)>	sig:virtualinvoke $r0.<java.net.HttpURLConnection: void setRequestMethod(java.lang.String)>("POST")	timediff:0
I/System.out( 9357): body:<com.android.volley.Request: byte[] encodeParameters(java.util.Map,java.lang.String)>	sig:$r6 = staticinvoke <java.net.URLEncoder: java.lang.String encode(java.lang.String,java.lang.String)>($r6, $r2)	timediff:0
I/System.out( 9357): body:<com.android.volley.Request: byte[] encodeParameters(java.util.Map,java.lang.String)>	sig:$r6 = staticinvoke <java.net.URLEncoder: java.lang.String encode(java.lang.String,java.lang.String)>($r6, $r2)	timediff:0
I/System.out( 9357): body:<com.android.volley.Request: byte[] encodeParameters(java.util.Map,java.lang.String)>	sig:$r6 = staticinvoke <java.net.URLEncoder: java.lang.String encode(java.lang.String,java.lang.String)>($r6, $r2)	timediff:0
I/System.out( 9357): body:<com.android.volley.Request: byte[] encodeParameters(java.util.Map,java.lang.String)>	sig:$r6 = staticinvoke <java.net.URLEncoder: java.lang.String encode(java.lang.String,java.lang.String)>($r6, $r2)	timediff:0
I/System.out( 9357): body:<com.android.volley.toolbox.HurlStack: void addBodyIfExists(java.net.HttpURLConnection,com.android.volley.Request)>	sig:virtualinvoke $r0.<java.net.HttpURLConnection: void setDoOutput(boolean)>(1)	timediff:0
I/System.out( 9357): body:<com.android.volley.toolbox.HurlStack: void addBodyIfExists(java.net.HttpURLConnection,com.android.volley.Request)>	sig:virtualinvoke $r0.<java.net.HttpURLConnection: void addRequestProperty(java.lang.String,java.lang.String)>("Content-Type", $r4)	timediff:0
I/qtaguid ( 9357): Tagging socket 54 with tag 627157ff00000000(1651595263) for uid -1 failed errno=-13
I/NetworkManagementSocketTagger( 9357): tagSocketFd(54, 1651595263, -1) failed with errno-13
I/ActivityManager(  469): START u0 {cmp=com.pinkapp/com.jaumo.login.Login (has extras)} from pid 9357
I/System.out( 9357): body:<com.android.volley.toolbox.HurlStack: void addBodyIfExists(java.net.HttpURLConnection,com.android.volley.Request)>	sig:$r5 = virtualinvoke $r0.<java.net.HttpURLConnection: java.io.OutputStream getOutputStream()>()	timediff:12
W/EGL_emulation( 9357): eglSurfaceAttrib not implemented 3093 12436
I/jaumo   ( 9357): com.jaumo.login.ForgotPassword.onPause()
D/jaumo   ( 9357): HTTP GET https://api.jaumo.com/v2/signup/defaults
D/jaumo   ( 9357): Show screen: login
I/jaumo   ( 9357): com.jaumo.login.Login.onResume()
W/EGL_emulation( 9357): eglSurfaceAttrib not implemented 3093 12436
W/ViewRootImpl( 9357): Dropping event due to no window focus: KeyEvent { action=ACTION_DOWN, keyCode=KEYCODE_DPAD_LEFT, scanCode=0, metaState=0, flags=0x8, repeatCount=0, eventTime=704596, downTime=704596, deviceId=-1, source=0x101 }
I/ActivityManager(  469): Displayed com.pinkapp/com.jaumo.login.Login: +68ms (total +118ms)
W/ViewRootImpl( 9357): Dropping event due to no window focus: KeyEvent { action=ACTION_DOWN, keyCode=KEYCODE_DPAD_RIGHT, scanCode=0, metaState=0, flags=0x8, repeatCount=0, eventTime=704697, downTime=704697, deviceId=-1, source=0x101 }
W/ContextImpl(  469): Calling a method in the system process without a qualified user: android.app.ContextImpl.sendBroadcast:1123 com.android.server.InputMethodManagerService.hideCurrentInputLocked:1880 com.android.server.InputMethodManagerService.windowGainedFocus:1968 com.android.internal.view.IInputMethodManager$Stub.onTransact:221 com.android.server.InputMethodManagerService.onTransact:818 
I/qtaguid ( 9357): Untagging socket 54 failed errno=-13
W/NetworkManagementSocketTagger( 9357): untagSocket(54) failed with errno -13
I/System.out( 9357): body:<com.android.volley.toolbox.HurlStack: org.apache.http.HttpResponse performRequest(com.android.volley.Request,java.util.Map)>	sig:$i0 = virtualinvoke $r14.<java.net.HttpURLConnection: int getResponseCode()>()	timediff:183
I/System.out( 9357): body:<com.android.volley.toolbox.HurlStack: org.apache.http.HttpResponse performRequest(com.android.volley.Request,java.util.Map)>	sig:$i0 = virtualinvoke $r14.<java.net.HttpURLConnection: int getResponseCode()>()	timediff:0
I/System.out( 9357): body:<com.android.volley.toolbox.HurlStack: org.apache.http.HttpResponse performRequest(com.android.volley.Request,java.util.Map)>	sig:$r11 = virtualinvoke $r14.<java.net.HttpURLConnection: java.lang.String getResponseMessage()>()	timediff:0
I/System.out( 9357): body:<com.android.volley.toolbox.HurlStack: org.apache.http.HttpEntity entityFromConnection(java.net.HttpURLConnection)>	sig:$r2 = virtualinvoke $r0.<java.net.HttpURLConnection: java.io.InputStream getErrorStream()>()	timediff:0
I/System.out( 9357): body:<com.android.volley.toolbox.HurlStack: org.apache.http.HttpEntity entityFromConnection(java.net.HttpURLConnection)>	sig:$i1 = virtualinvoke $r0.<java.net.HttpURLConnection: int getContentLength()>()	timediff:0
I/System.out( 9357): body:<com.android.volley.toolbox.HurlStack: org.apache.http.HttpEntity entityFromConnection(java.net.HttpURLConnection)>	sig:$r4 = virtualinvoke $r0.<java.net.HttpURLConnection: java.lang.String getContentEncoding()>()	timediff:0
I/System.out( 9357): body:<com.android.volley.toolbox.HurlStack: org.apache.http.HttpEntity entityFromConnection(java.net.HttpURLConnection)>	sig:$r4 = virtualinvoke $r0.<java.net.HttpURLConnection: java.lang.String getContentType()>()	timediff:0
I/System.out( 9357): body:<com.android.volley.toolbox.HurlStack: org.apache.http.HttpResponse performRequest(com.android.volley.Request,java.util.Map)>	sig:$r12 = virtualinvoke $r14.<java.net.HttpURLConnection: java.util.Map getHeaderFields()>()	timediff:0
E/Volley  ( 9357): [395] BasicNetwork.performRequest: Unexpected response code 406 for https://api.jaumo.com/v2/auth/token
D/jaumo   ( 9357): --- HTTP Response: 406 -  for https://api.jaumo.com/v2/auth/token
D/jaumo   ( 9357): --- HTTP Response: 406 -  for https://api.jaumo.com/v2/tracking
E/jaumo   ( 9357): HTTP Response Error: Error: 406 - 
D/jaumo   ( 9357): --- HTTP Response: 406 -  for https://api.jaumo.com/v2/signup/defaults
E/jaumo   ( 9357): HTTP Response Error: Error: 406 - 
I/InputDispatcher(  469): Dropped event because of pending overdue app switch.
W/InputManager(  469): Input event injection from pid 9347 failed.
I/ActivityManager(  469): START u0 {act=android.intent.action.MAIN cat=[android.intent.category.LAUNCHER] flg=0x10000000 sel={act=android.intent.action.MAIN cat=[android.intent.category.APP_MUSIC]}} from pid 469
I/ActivityManager(  469): START u0 {act=android.intent.action.MAIN cat=[android.intent.category.LAUNCHER] flg=0x10200000 cmp=com.pinkapp/com.jaumo.Main} from pid 9347
I/jaumo   ( 9357): com.jaumo.login.Login.onPause()
I/jaumo   ( 9357): com.jaumo.login.ForgotPassword.onResume()
I/jaumo   ( 9357): App.onActivityResume(), triggered from com.jaumo.login.ForgotPassword
I/jaumo   ( 9357): Resume app
I/jaumo   ( 9357): com.jaumo.login.Login.onDestroy()
W/WindowManager(  469): Rebuild removed 6 windows but added 5
W/WindowManager(  469): java.lang.RuntimeException: here
W/WindowManager(  469): 	at com.android.server.wm.WindowManagerService.rebuildAppWindowListLocked(WindowManagerService.java:8184)
W/WindowManager(  469): 	at com.android.server.wm.WindowManagerService.rebuildAppWindowListLocked(WindowManagerService.java:8120)
W/WindowManager(  469): 	at com.android.server.wm.WindowManagerService.handleAnimatingStoppedAndTransitionLocked(WindowManagerService.java:8864)
W/WindowManager(  469): 	at com.android.server.wm.WindowManagerService.performLayoutAndPlaceSurfacesLockedInner(WindowManagerService.java:9378)
W/WindowManager(  469): 	at com.android.server.wm.WindowManagerService.performLayoutAndPlaceSurfacesLockedLoop(WindowManagerService.java:8336)
W/WindowManager(  469): 	at com.android.server.wm.WindowManagerService.performLayoutAndPlaceSurfacesLocked(WindowManagerService.java:8278)
W/WindowManager(  469): 	at com.android.server.wm.WindowManagerService.access$400(WindowManagerService.java:165)
W/WindowManager(  469): 	at com.android.server.wm.WindowManagerService$H.handleMessage(WindowManagerService.java:7312)
W/WindowManager(  469): 	at android.os.Handler.dispatchMessage(Handler.java:102)
W/WindowManager(  469): 	at android.os.Looper.loop(Looper.java:136)
W/WindowManager(  469): 	at android.os.HandlerThread.run(HandlerThread.java:61)
W/WindowManager(  469): This window was lost: Window{4ac46f4c u0 com.pinkapp/com.jaumo.login.Login}
W/WindowManager(  469): mDisplayId=0 mSession=Session{4afb29a8 9357:u0a10052} mClient=android.os.BinderProxy@4af4c15c
W/WindowManager(  469): mOwnerUid=10052 mShowToOwnerOnly=true package=com.pinkapp appop=NONE
W/WindowManager(  469): mAttrs=WM.LayoutParams{(0,0)(510x735) sim=#120 ty=1 fl=#1810102 pfl=0x8 fmt=-2 wanim=0x10302a1}
W/WindowManager(  469): Requested w=510 h=735 mLayoutSeq=3649
W/WindowManager(  469): mBaseLayer=21000 mSubLayer=0 mAnimLayer=21030+1000=21030 mLastLayer=22030
W/WindowManager(  469): mToken=AppWindowToken{4aaa3184 token=Token{4ac977bc ActivityRecord{4ac4d714 u0 com.pinkapp/com.jaumo.login.Login t49}}}
W/WindowManager(  469): mRootToken=AppWindowToken{4aaa3184 token=Token{4ac977bc ActivityRecord{4ac4d714 u0 com.pinkapp/com.jaumo.login.Login t49}}}
W/WindowManager(  469): mAppToken=AppWindowToken{4aaa3184 token=Token{4ac977bc ActivityRecord{4ac4d714 u0 com.pinkapp/com.jaumo.login.Login t49}}}
W/WindowManager(  469): mViewVisibility=0x8 mHaveFrame=true mObscured=false
W/WindowManager(  469): mSeq=0 mSystemUiVisibility=0x0
W/WindowManager(  469): mGivenContentInsets=[0,0][0,0] mGivenVisibleInsets=[0,0][0,0]
W/WindowManager(  469): mConfiguration={1.0 310mcc16mnc en_US ldltr sw480dp w480dp h828dp 240dpi lrg long port finger -keyb/v/h dpad/v s.22}
W/WindowManager(  469): mHasSurface=true mShownFrame=[112.27389,282.4972][622.27386,1017.4972] isReadyForDisplay()=false
W/WindowManager(  469): mFrame=[105,272][615,1007] last=[105,272][615,1007]
W/WindowManager(  469): mSystemDecorRect=[0,0][510,735] last=[0,0][510,735]
W/WindowManager(  469): Frames: containing=[0,0][720,1280] parent=[0,0][720,1280]
W/WindowManager(  469):     display=[0,0][720,1280] overscan=[0,0][720,1280]
W/WindowManager(  469):     content=[105,272][615,1007] visible=[105,272][615,1007]
W/WindowManager(  469):     decor=[0,38][720,1280]
W/WindowManager(  469): Cur insets: overscan=[0,0][0,0] content=[0,0][0,0] visible=[0,0][0,0]
W/WindowManager(  469): Lst insets: overscan=[0,0][0,0] content=[0,0][0,0] visible=[0,0][0,0]
W/WindowManager(  469): WindowStateAnimator{4a9f4944 com.pinkapp/com.jaumo.login.Login}:
W/WindowManager(  469):   mSurface=Surface(name=com.pinkapp/com.jaumo.login.Login)
W/WindowManager(  469):   mDrawState=HAS_DRAWN mLastHidden=true
W/WindowManager(  469):   Surface: shown=false layer=22030 alpha=0.85737497 rect=(112.27389,282.4972) 510.0 x 735.0
W/WindowManager(  469):   mShownAlpha=0.85737497 mAlpha=1.0 mLastAlpha=0.85737497
W/WindowManager(  469):   mGlobalScale=1.0 mDsDx=0.971475 mDtDx=0.0 mDsDy=0.0 mDtDy=0.971475
W/WindowManager(  469): mExiting=false mRemoveOnExit=false mDestroying=true mRemoved=false
W/WindowManager(  469): Current app token list:
V/WindowManager(  469):   Display 0
V/WindowManager(  469):   #5: Token{4a99dafc ActivityRecord{4ac43510 u0 com.pinkapp/com.jaumo.login.ForgotPassword t49}}
V/WindowManager(  469):   #4: Token{4aa411f4 ActivityRecord{4ac2f804 u0 com.pinkapp/com.jaumo.login.Splash t49}}
V/WindowManager(  469):   #3: Token{4a8cf3a8 ActivityRecord{4a92007c u0 com.vphone.launcher/.Launcher t1}}
V/WindowManager(  469):   #2: Token{4a9a30d8 ActivityRecord{4acaec1c u0 com.google.android.gsf.login/.AccountIntroUIActivity t17}}
V/WindowManager(  469):   #1: Token{4aa58ac4 ActivityRecord{4a9c6e2c u0 com.google.android.gsf.login/.AccountIntroActivity t17}}
V/WindowManager(  469):   #0: Token{4aaa3b44 ActivityRecord{4a9b6904 u0 com.android.vending/com.google.android.finsky.activities.MainActivity t17}}
W/WindowManager(  469): Final window list:
V/WindowManager(  469):   #0: Window{4a925108 u0 StatusBar}
V/WindowManager(  469):   #1: Window{4a9389fc u0 KeyguardScrim}
V/WindowManager(  469):   #2: Window{4a8b3250 u0 Toast}
V/WindowManager(  469):   #3: Window{4ae90664 u0 InputMethod}
V/WindowManager(  469):   #4: Window{4ac30278 u0 com.pinkapp/com.jaumo.login.ForgotPassword}
V/WindowManager(  469):   #5: Window{4aa879c8 u0 com.pinkapp/com.jaumo.login.Splash}
V/WindowManager(  469):   #6: Window{4ac6cb9c u0 com.vphone.launcher/com.vphone.launcher.Launcher}
V/WindowManager(  469):   #7: Window{4ace53b0 u0 com.google.android.gsf.login/com.google.android.gsf.login.AccountIntroUIActivity}
V/WindowManager(  469):   #8: Window{4ac9c5ac u0 com.android.vending/com.google.android.finsky.activities.MainActivity}
V/WindowManager(  469):   #9: Window{4a921eac u0 com.android.systemui.ImageWallpaper}
I/jaumo   ( 9357): com.jaumo.login.ForgotPassword.onPause()
W/ViewRootImpl( 9357): Dropping event due to no window focus: KeyEvent { action=ACTION_DOWN, keyCode=KEYCODE_SPACE, scanCode=0, metaState=0, flags=0x8, repeatCount=0, eventTime=705208, downTime=705208, deviceId=-1, source=0x101 }
D/jaumo   ( 9357): com.jaumo.login.Splash.onActivityResult(13381, 0, null)
D/jaumo   ( 9357): com.jaumo.login.Splash.onActivityResult(13383, 0, null)
I/jaumo   ( 9357): com.jaumo.login.Splash.onResume()
W/ContextImpl(  469): Calling a method in the system process without a qualified user: android.app.ContextImpl.sendBroadcast:1123 com.android.server.InputMethodManagerService.hideCurrentInputLocked:1880 com.android.server.InputMethodManagerService.windowGainedFocus:2000 com.android.internal.view.IInputMethodManager$Stub.onTransact:221 com.android.server.InputMethodManagerService.onTransact:818 
W/ViewRootImpl( 9357): Dropping event due to no window focus: KeyEvent { action=ACTION_DOWN, keyCode=KEYCODE_DPAD_RIGHT, scanCode=0, metaState=0, flags=0x8, repeatCount=0, eventTime=705276, downTime=705276, deviceId=-1, source=0x101 }
I/ActivityManager(  469): START u0 {act=android.intent.action.MAIN cat=[android.intent.category.LAUNCHER] flg=0x10200000 cmp=com.pinkapp/com.jaumo.Main} from pid 9347
W/EGL_emulation( 9357): eglSurfaceAttrib not implemented 3093 12436
W/ViewRootImpl( 9357): Dropping event due to root view being removed: KeyEvent { action=ACTION_UP, keyCode=KEYCODE_DPAD_LEFT, scanCode=0, metaState=0, flags=0x400, repeatCount=0, eventTime=705314, downTime=705314, deviceId=-1, source=0x101 }
W/ViewRootImpl( 9357): Dropping event due to root view being removed: KeyEvent { action=ACTION_DOWN, keyCode=KEYCODE_DPAD_LEFT, scanCode=0, metaState=0, flags=0x400, repeatCount=0, eventTime=705314, downTime=705314, deviceId=-1, source=0x101 }
W/ViewRootImpl( 9357): Dropping event due to root view being removed: KeyEvent { action=ACTION_UP, keyCode=KEYCODE_DPAD_LEFT, scanCode=0, metaState=0, flags=0x400, repeatCount=0, eventTime=705314, downTime=705314, deviceId=-1, source=0x101 }
W/ViewRootImpl( 9357): Dropping event due to root view being removed: KeyEvent { action=ACTION_DOWN, keyCode=KEYCODE_DPAD_LEFT, scanCode=0, metaState=0, flags=0x400, repeatCount=0, eventTime=705314, downTime=705314, deviceId=-1, source=0x101 }
W/ViewRootImpl( 9357): Dropping event due to root view being removed: KeyEvent { action=ACTION_UP, keyCode=KEYCODE_DPAD_LEFT, scanCode=0, metaState=0, flags=0x400, repeatCount=0, eventTime=705314, downTime=705314, deviceId=-1, source=0x101 }
W/InputEventReceiver( 9357): Attempted to finish an input event but the input event receiver has already been disposed.
W/ViewRootImpl( 9357): Dropping event due to root view being removed: KeyEvent { action=ACTION_DOWN, keyCode=KEYCODE_DPAD_CENTER, scanCode=0, metaState=0, flags=0x8, repeatCount=0, eventTime=705287, downTime=705287, deviceId=-1, source=0x101 }
W/InputMethodManagerService(  469): Window already focused, ignoring focus gain of: com.android.internal.view.IInputMethodClient$Stub$Proxy@4afadf90 attribute=null, token = android.os.BinderProxy@4aa3bcac
W/ViewRootImpl( 9357): Dropping event due to no window focus: KeyEvent { action=ACTION_DOWN, keyCode=KEYCODE_DPAD_LEFT, scanCode=0, metaState=0, flags=0x8, repeatCount=0, eventTime=705351, downTime=705351, deviceId=-1, source=0x101 }
W/EGL_emulation( 9357): eglSurfaceAttrib not implemented 3093 12436
W/InputEventReceiver( 9357): Attempted to finish an input event but the input event receiver has already been disposed.
W/InputEventReceiver( 9357): Attempted to finish an input event but the input event receiver has already been disposed.
W/InputEventReceiver( 9357): Attempted to finish an input event but the input event receiver has already been disposed.
W/ViewRootImpl( 9357): Dropping event due to root view being removed: MotionEvent { action=ACTION_DOWN, id[0]=0, x[0]=70.0, y[0]=850.0, toolType[0]=TOOL_TYPE_UNKNOWN, buttonState=0, metaState=0, flags=0x0, edgeFlags=0x0, pointerCount=1, historySize=0, eventTime=705401, downTime=705401, deviceId=0, source=0x1002 }
W/ViewRootImpl( 9357): Dropping event due to root view being removed: MotionEvent { action=ACTION_UP, id[0]=0, x[0]=68.01309, y[0]=859.86444, toolType[0]=TOOL_TYPE_UNKNOWN, buttonState=0, metaState=0, flags=0x0, edgeFlags=0x0, pointerCount=1, historySize=0, eventTime=705401, downTime=705401, deviceId=0, source=0x1002 }
W/InputMethodManagerService(  469): Window already focused, ignoring focus gain of: com.android.internal.view.IInputMethodClient$Stub$Proxy@4af4b5b0 attribute=null, token = android.os.BinderProxy@4aa3bcac
I/ActivityManager(  469): START u0 {act=android.intent.action.MAIN cat=[android.intent.category.LAUNCHER] flg=0x10200000 cmp=com.pinkapp/com.jaumo.Main} from pid 9347
D/jaumo   ( 9357): Event splash - login - null
D/jaumo   ( 9357): HTTP POST https://api.jaumo.com/v2/tracking, DATA: {action=login, screen=splash}
D/jaumo   ( 9357): HTTP POST https://api.jaumo.com/v2/auth/token, DATA: {grant_type=client_credentials, client_id=de00563b0e36f727}
I/System.out( 9357): body:<com.android.volley.toolbox.HurlStack: org.apache.http.HttpResponse performRequest(com.android.volley.Request,java.util.Map)>	sig:specialinvoke $r5.<java.net.URL: void <init>(java.lang.String)>($r9)	timediff:0
I/System.out( 9357): <com.android.volley.toolbox.HurlStack: org.apache.http.HttpResponse performRequest(com.android.volley.Request,java.util.Map)>###specialinvoke $r5.<java.net.URL: void <init>(java.lang.String)>($r9)###https://api.jaumo.com/v2/auth/token
I/System.out( 9357): body:<com.android.volley.toolbox.HurlStack: java.net.HttpURLConnection createConnection(java.net.URL)>	sig:$r2 = virtualinvoke $r1.<java.net.URL: java.net.URLConnection openConnection()>()	timediff:0
I/System.out( 9357): body:<com.android.volley.toolbox.HurlStack: java.net.HttpURLConnection createConnection(java.net.URL)>	sig:$z0 = staticinvoke <java.net.HttpURLConnection: boolean getFollowRedirects()>()	timediff:0
I/System.out( 9357): body:<com.android.volley.toolbox.HurlStack: java.net.HttpURLConnection createConnection(java.net.URL)>	sig:virtualinvoke $r3.<java.net.HttpURLConnection: void setInstanceFollowRedirects(boolean)>($z0)	timediff:0
I/System.out( 9357): body:<com.android.volley.toolbox.HurlStack: java.net.HttpURLConnection openConnection(java.net.URL,com.android.volley.Request)>	sig:virtualinvoke $r3.<java.net.HttpURLConnection: void setConnectTimeout(int)>($i0)	timediff:0
I/System.out( 9357): body:<com.android.volley.toolbox.HurlStack: java.net.HttpURLConnection openConnection(java.net.URL,com.android.volley.Request)>	sig:virtualinvoke $r3.<java.net.HttpURLConnection: void setReadTimeout(int)>($i0)	timediff:0
I/System.out( 9357): body:<com.android.volley.toolbox.HurlStack: java.net.HttpURLConnection openConnection(java.net.URL,com.android.volley.Request)>	sig:virtualinvoke $r3.<java.net.HttpURLConnection: void setUseCaches(boolean)>(0)	timediff:0
I/System.out( 9357): body:<com.android.volley.toolbox.HurlStack: java.net.HttpURLConnection openConnection(java.net.URL,com.android.volley.Request)>	sig:virtualinvoke $r3.<java.net.HttpURLConnection: void setDoInput(boolean)>(1)	timediff:0
I/System.out( 9357): body:<com.android.volley.toolbox.HurlStack: java.net.HttpURLConnection openConnection(java.net.URL,com.android.volley.Request)>	sig:$r5 = virtualinvoke $r1.<java.net.URL: java.lang.String getProtocol()>()	timediff:0
I/System.out( 9357): body:<com.android.volley.toolbox.HurlStack: org.apache.http.HttpResponse performRequest(com.android.volley.Request,java.util.Map)>	sig:virtualinvoke $r14.<java.net.HttpURLConnection: void addRequestProperty(java.lang.String,java.lang.String)>($r11, $r9)	timediff:0
I/System.out( 9357): body:<com.android.volley.toolbox.HurlStack: org.apache.http.HttpResponse performRequest(com.android.volley.Request,java.util.Map)>	sig:virtualinvoke $r14.<java.net.HttpURLConnection: void addRequestProperty(java.lang.String,java.lang.String)>($r11, $r9)	timediff:0
I/System.out( 9357): body:<com.android.volley.toolbox.HurlStack: org.apache.http.HttpResponse performRequest(com.android.volley.Request,java.util.Map)>	sig:virtualinvoke $r14.<java.net.HttpURLConnection: void addRequestProperty(java.lang.String,java.lang.String)>($r11, $r9)	timediff:0
I/System.out( 9357): body:<com.android.volley.toolbox.HurlStack: org.apache.http.HttpResponse performRequest(com.android.volley.Request,java.util.Map)>	sig:virtualinvoke $r14.<java.net.HttpURLConnection: void addRequestProperty(java.lang.String,java.lang.String)>($r11, $r9)	timediff:0
I/System.out( 9357): body:<com.android.volley.toolbox.HurlStack: org.apache.http.HttpResponse performRequest(com.android.volley.Request,java.util.Map)>	sig:virtualinvoke $r14.<java.net.HttpURLConnection: void addRequestProperty(java.lang.String,java.lang.String)>($r11, $r9)	timediff:0
I/System.out( 9357): body:<com.android.volley.toolbox.HurlStack: org.apache.http.HttpResponse performRequest(com.android.volley.Request,java.util.Map)>	sig:virtualinvoke $r14.<java.net.HttpURLConnection: void addRequestProperty(java.lang.String,java.lang.String)>($r11, $r9)	timediff:0
I/System.out( 9357): body:<com.android.volley.toolbox.HurlStack: org.apache.http.HttpResponse performRequest(com.android.volley.Request,java.util.Map)>	sig:virtualinvoke $r14.<java.net.HttpURLConnection: void addRequestProperty(java.lang.String,java.lang.String)>($r11, $r9)	timediff:0
I/System.out( 9357): body:<com.android.volley.toolbox.HurlStack: org.apache.http.HttpResponse performRequest(com.android.volley.Request,java.util.Map)>	sig:virtualinvoke $r14.<java.net.HttpURLConnection: void addRequestProperty(java.lang.String,java.lang.String)>($r11, $r9)	timediff:0
I/System.out( 9357): body:<com.android.volley.toolbox.HurlStack: void setConnectionParametersForRequest(java.net.HttpURLConnection,com.android.volley.Request)>	sig:virtualinvoke $r0.<java.net.HttpURLConnection: void setRequestMethod(java.lang.String)>("POST")	timediff:0
I/System.out( 9357): body:<com.android.volley.Request: byte[] encodeParameters(java.util.Map,java.lang.String)>	sig:$r6 = staticinvoke <java.net.URLEncoder: java.lang.String encode(java.lang.String,java.lang.String)>($r6, $r2)	timediff:0
I/System.out( 9357): body:<com.android.volley.Request: byte[] encodeParameters(java.util.Map,java.lang.String)>	sig:$r6 = staticinvoke <java.net.URLEncoder: java.lang.String encode(java.lang.String,java.lang.String)>($r6, $r2)	timediff:0
I/System.out( 9357): body:<com.android.volley.Request: byte[] encodeParameters(java.util.Map,java.lang.String)>	sig:$r6 = staticinvoke <java.net.URLEncoder: java.lang.String encode(java.lang.String,java.lang.String)>($r6, $r2)	timediff:0
I/System.out( 9357): body:<com.android.volley.Request: byte[] encodeParameters(java.util.Map,java.lang.String)>	sig:$r6 = staticinvoke <java.net.URLEncoder: java.lang.String encode(java.lang.String,java.lang.String)>($r6, $r2)	timediff:0
I/System.out( 9357): body:<com.android.volley.toolbox.HurlStack: void addBodyIfExists(java.net.HttpURLConnection,com.android.volley.Request)>	sig:virtualinvoke $r0.<java.net.HttpURLConnection: void setDoOutput(boolean)>(1)	timediff:0
I/System.out( 9357): body:<com.android.volley.toolbox.HurlStack: void addBodyIfExists(java.net.HttpURLConnection,com.android.volley.Request)>	sig:virtualinvoke $r0.<java.net.HttpURLConnection: void addRequestProperty(java.lang.String,java.lang.String)>("Content-Type", $r4)	timediff:0
I/qtaguid ( 9357): Tagging socket 54 with tag 627157ff00000000(1651595263) for uid -1 failed errno=-13
I/NetworkManagementSocketTagger( 9357): tagSocketFd(54, 1651595263, -1) failed with errno-13
I/ActivityManager(  469): START u0 {cmp=com.pinkapp/com.jaumo.login.Login (has extras)} from pid 9357
I/System.out( 9357): body:<com.android.volley.toolbox.HurlStack: void addBodyIfExists(java.net.HttpURLConnection,com.android.volley.Request)>	sig:$r5 = virtualinvoke $r0.<java.net.HttpURLConnection: java.io.OutputStream getOutputStream()>()	timediff:11
I/jaumo   ( 9357): com.jaumo.login.Splash.onPause()
D/dalvikvm( 9357): GC_CONCURRENT freed 2171K, 50% free 10223K/20416K, paused 0ms+1ms, total 14ms
D/jaumo   ( 9357): HTTP GET https://api.jaumo.com/v2/signup/defaults
D/jaumo   ( 9357): Show screen: login
I/jaumo   ( 9357): com.jaumo.login.Login.onResume()
W/EGL_emulation( 9357): eglSurfaceAttrib not implemented 3093 12436
W/ViewRootImpl( 9357): Dropping event due to no window focus: KeyEvent { action=ACTION_DOWN, keyCode=KEYCODE_MENU, scanCode=0, metaState=0, flags=0x8, repeatCount=0, eventTime=705469, downTime=705469, deviceId=-1, source=0x101 }
W/ViewRootImpl( 9357): Dropping event due to no window focus: KeyEvent { action=ACTION_DOWN, keyCode=KEYCODE_MEDIA_PAUSE, scanCode=0, metaState=0, flags=0x8, repeatCount=0, eventTime=705561, downTime=705561, deviceId=-1, source=0x101 }
I/ActivityManager(  469): Displayed com.pinkapp/com.jaumo.login.Login: +82ms
W/ViewRootImpl( 9357): Dropping event due to no window focus: KeyEvent { action=ACTION_DOWN, keyCode=KEYCODE_VOLUME_UP, scanCode=0, metaState=0, flags=0x8, repeatCount=0, eventTime=705563, downTime=705563, deviceId=-1, source=0x101 }
W/ContextImpl(  469): Calling a method in the system process without a qualified user: android.app.ContextImpl.sendBroadcast:1123 com.android.server.InputMethodManagerService.hideCurrentInputLocked:1880 com.android.server.InputMethodManagerService.windowGainedFocus:1968 com.android.internal.view.IInputMethodManager$Stub.onTransact:221 com.android.server.InputMethodManagerService.onTransact:818 
I/qtaguid ( 9357): Untagging socket 54 failed errno=-13
W/NetworkManagementSocketTagger( 9357): untagSocket(54) failed with errno -13
I/System.out( 9357): body:<com.android.volley.toolbox.HurlStack: org.apache.http.HttpResponse performRequest(com.android.volley.Request,java.util.Map)>	sig:$i0 = virtualinvoke $r14.<java.net.HttpURLConnection: int getResponseCode()>()	timediff:152
I/System.out( 9357): body:<com.android.volley.toolbox.HurlStack: org.apache.http.HttpResponse performRequest(com.android.volley.Request,java.util.Map)>	sig:$i0 = virtualinvoke $r14.<java.net.HttpURLConnection: int getResponseCode()>()	timediff:0
I/System.out( 9357): body:<com.android.volley.toolbox.HurlStack: org.apache.http.HttpResponse performRequest(com.android.volley.Request,java.util.Map)>	sig:$r11 = virtualinvoke $r14.<java.net.HttpURLConnection: java.lang.String getResponseMessage()>()	timediff:0
I/System.out( 9357): body:<com.android.volley.toolbox.HurlStack: org.apache.http.HttpEntity entityFromConnection(java.net.HttpURLConnection)>	sig:$r2 = virtualinvoke $r0.<java.net.HttpURLConnection: java.io.InputStream getErrorStream()>()	timediff:0
I/System.out( 9357): body:<com.android.volley.toolbox.HurlStack: org.apache.http.HttpEntity entityFromConnection(java.net.HttpURLConnection)>	sig:$i1 = virtualinvoke $r0.<java.net.HttpURLConnection: int getContentLength()>()	timediff:0
I/System.out( 9357): body:<com.android.volley.toolbox.HurlStack: org.apache.http.HttpEntity entityFromConnection(java.net.HttpURLConnection)>	sig:$r4 = virtualinvoke $r0.<java.net.HttpURLConnection: java.lang.String getContentEncoding()>()	timediff:0
I/System.out( 9357): body:<com.android.volley.toolbox.HurlStack: org.apache.http.HttpEntity entityFromConnection(java.net.HttpURLConnection)>	sig:$r4 = virtualinvoke $r0.<java.net.HttpURLConnection: java.lang.String getContentType()>()	timediff:0
I/System.out( 9357): body:<com.android.volley.toolbox.HurlStack: org.apache.http.HttpResponse performRequest(com.android.volley.Request,java.util.Map)>	sig:$r12 = virtualinvoke $r14.<java.net.HttpURLConnection: java.util.Map getHeaderFields()>()	timediff:0
E/Volley  ( 9357): [396] BasicNetwork.performRequest: Unexpected response code 406 for https://api.jaumo.com/v2/auth/token
D/jaumo   ( 9357): --- HTTP Response: 406 -  for https://api.jaumo.com/v2/auth/token
D/jaumo   ( 9357): --- HTTP Response: 406 -  for https://api.jaumo.com/v2/tracking
E/jaumo   ( 9357): HTTP Response Error: Error: 406 - 
D/jaumo   ( 9357): --- HTTP Response: 406 -  for https://api.jaumo.com/v2/signup/defaults
E/jaumo   ( 9357): HTTP Response Error: Error: 406 - 
I/ActivityManager(  469): START u0 {act=android.intent.action.MAIN cat=[android.intent.category.LAUNCHER] flg=0x10200000 cmp=com.pinkapp/com.jaumo.Main} from pid 9347
W/ContextImpl(  469): Calling a method in the system process without a qualified user: android.app.ContextImpl.sendBroadcast:1123 com.android.server.InputMethodManagerService.showCurrentInputLocked:1791 com.android.server.InputMethodManagerService.showSoftInput:1753 com.android.internal.view.IInputMethodManager$Stub.onTransact:175 com.android.server.InputMethodManagerService.onTransact:818 
V/InputMethodService(  608): onEvaluateInputViewShown: config.hardKeyboardHidden = 2
V/InputMethodService(  608): onEvaluateInputViewShown: config.hardKeyboardHidden = 2
W/ViewRootImpl( 9357): Dropping event due to no window focus: KeyEvent { action=ACTION_DOWN, keyCode=KEYCODE_MENU, scanCode=0, metaState=0, flags=0x8, repeatCount=0, eventTime=705920, downTime=705920, deviceId=-1, source=0x101 }
V/InputMethodService(  608): onEvaluateInputViewShown: config.hardKeyboardHidden = 2
V/InputMethodService(  608): onEvaluateInputViewShown: config.hardKeyboardHidden = 2
