W/ViewRootImpl( 5036): Dropping event due to no window focus: KeyEvent { action=ACTION_DOWN, keyCode=KEYCODE_DPAD_RIGHT, scanCode=0, metaState=0, flags=0x8, repeatCount=0, eventTime=536862, downTime=536862, deviceId=-1, source=0x101 }
W/ViewRootImpl( 5036): Dropping event due to no window focus: KeyEvent { action=ACTION_DOWN, keyCode=KEYCODE_MENU, scanCode=0, metaState=0, flags=0x8, repeatCount=0, eventTime=536864, downTime=536864, deviceId=-1, source=0x101 }
W/ViewRootImpl( 5036): Dropping event due to no window focus: KeyEvent { action=ACTION_DOWN, keyCode=KEYCODE_BUTTON_SELECT, scanCode=0, metaState=0, flags=0x8, repeatCount=0, eventTime=536865, downTime=536865, deviceId=-1, source=0x101 }
W/ViewRootImpl( 5036): Dropping event due to no window focus: KeyEvent { action=ACTION_DOWN, keyCode=KEYCODE_MENU, scanCode=0, metaState=0, flags=0x8, repeatCount=0, eventTime=536865, downTime=536865, deviceId=-1, source=0x101 }
W/ViewRootImpl( 5036): Dropping event due to no window focus: KeyEvent { action=ACTION_DOWN, keyCode=KEYCODE_DPAD_RIGHT, scanCode=0, metaState=0, flags=0x8, repeatCount=0, eventTime=536866, downTime=536866, deviceId=-1, source=0x101 }
V/PanelView(  529): animationTick called with dtms=0; nothing to do (h=222.633 v=-3000.0)
V/PanelView(  529): animationTick called with dtms=0; nothing to do (h=222.633 v=-3000.0)
V/PanelView(  529): animationTick called with dtms=-2; nothing to do (h=222.633 v=-3000.0)
W/EGL_emulation( 5036): eglSurfaceAttrib not implemented 3093 12436
V/PanelView(  529): animationTick called with dtms=0; nothing to do (h=222.633 v=-3000.0)
D/essentel OrionActivity( 5036): onWindowFocusChanged(false)
D/essentel OrionActivity( 5036): onWindowFocusChanged(true)
W/InputMethodManagerService(  469): Window already focused, ignoring focus gain of: com.android.internal.view.IInputMethodClient$Stub$Proxy@4acab8c4 attribute=null, token = android.os.BinderProxy@4af8cdc0
V/PanelView(  529): animationTick called with dtms=0; nothing to do (h=213.60599 v=-3000.0)
V/PanelView(  529): animationTick called with dtms=0; nothing to do (h=213.60599 v=-3000.0)
V/PanelView(  529): animationTick called with dtms=0; nothing to do (h=213.60599 v=-3000.0)
V/PanelView(  529): animationTick called with dtms=0; nothing to do (h=213.60599 v=-3000.0)
V/PanelView(  529): animationTick called with dtms=-14; nothing to do (h=213.60599 v=-3000.0)
V/PanelView(  529): animationTick called with dtms=0; nothing to do (h=213.60599 v=-3000.0)
V/PanelView(  529): animationTick called with dtms=0; nothing to do (h=213.60599 v=-3000.0)
V/PanelView(  529): animationTick called with dtms=0; nothing to do (h=213.60599 v=-3000.0)
I/ActivityManager(  469): START u0 {act=android.intent.action.MAIN cat=[android.intent.category.LAUNCHER] flg=0x10000000 cmp=com.android.browser/.BrowserActivity sel={act=android.intent.action.MAIN cat=[android.intent.category.APP_BROWSER]}} from pid 469
V/PanelView(  529): animationTick called with dtms=0; nothing to do (h=213.60599 v=-3000.0)
V/PanelView(  529): animationTick called with dtms=0; nothing to do (h=213.60599 v=-3000.0)
V/PanelView(  529): animationTick called with dtms=0; nothing to do (h=213.60599 v=-3000.0)
V/PanelView(  529): animationTick called with dtms=0; nothing to do (h=213.60599 v=-3000.0)
V/PanelView(  529): animationTick called with dtms=0; nothing to do (h=213.60599 v=-3000.0)
V/PanelView(  529): animationTick called with dtms=0; nothing to do (h=213.60599 v=-3000.0)
V/PanelView(  529): animationTick called with dtms=0; nothing to do (h=213.60599 v=-3000.0)
V/PanelView(  529): animationTick called with dtms=0; nothing to do (h=213.60599 v=-3000.0)
V/PanelView(  529): animationTick called with dtms=0; nothing to do (h=213.60599 v=-3000.0)
V/PanelView(  529): animationTick called with dtms=0; nothing to do (h=213.60599 v=-3000.0)
V/PanelView(  529): animationTick called with dtms=0; nothing to do (h=213.60599 v=-3000.0)
V/PanelView(  529): animationTick called with dtms=-5; nothing to do (h=213.60599 v=-3000.0)
W/UnimplementedWebViewApi( 5036): Unimplemented WebView method onKeyMultiple called from: android.webkit.WebView.onKeyMultiple(WebView.java:2179)
W/UnimplementedWebViewApi( 5036): Unimplemented WebView method onKeyDown called from: android.webkit.WebView.onKeyDown(WebView.java:2169)
W/UnimplementedWebViewApi( 5036): Unimplemented WebView method onKeyDown called from: android.webkit.WebView.onKeyDown(WebView.java:2169)
V/PanelView(  529): animationTick called with dtms=0; nothing to do (h=161.73898 v=-3000.0)
V/PanelView(  529): animationTick called with dtms=0; nothing to do (h=161.73898 v=-3000.0)
W/ViewRootImpl( 5036): Dropping event due to no window focus: KeyEvent { action=ACTION_DOWN, keyCode=KEYCODE_MENU, scanCode=0, metaState=0, flags=0x8, repeatCount=0, eventTime=536979, downTime=536979, deviceId=-1, source=0x101 }
W/ViewRootImpl( 5036): Dropping event due to no window focus: KeyEvent { action=ACTION_DOWN, keyCode=KEYCODE_DPAD_RIGHT, scanCode=0, metaState=0, flags=0x8, repeatCount=0, eventTime=536980, downTime=536980, deviceId=-1, source=0x101 }
I/qtaguid (  620): Untagging socket 61 failed errno=-13
D/dalvikvm( 5036): GC_CONCURRENT freed 386K, 18% free 3381K/4104K, paused 0ms+0ms, total 4ms
W/NetworkManagementSocketTagger(  620): untagSocket(61) failed with errno -13
W/EGL_emulation( 5036): eglSurfaceAttrib not implemented 3093 12436
D/essentel OrionActivity( 5036): onWindowFocusChanged(false)
W/InstanceID( 5036): token: f-rTRFI4wkc:APA91bHtZTi7lkh7SxCepTAQSZB41jvPebk_fXBKd2F_NGJ8JIULNTcXRNflizhse0dZdQI2wvLBIkQ2DWH-NijveBch3rXK6KGNE3jfI3yrgRMb29gPRqLTxbdnd-mNT2W6BS2ZRHAp
V/PanelView(  529): animationTick called with dtms=0; nothing to do (h=97.65598 v=-3000.0)
V/PanelView(  529): animationTick called with dtms=0; nothing to do (h=97.65598 v=-3000.0)
V/PanelView(  529): animationTick called with dtms=0; nothing to do (h=97.65598 v=-3000.0)
V/PanelView(  529): animationTick called with dtms=0; nothing to do (h=97.65598 v=-3000.0)
V/PanelView(  529): animationTick called with dtms=-1; nothing to do (h=97.65598 v=-3000.0)
D/essentel OrionActivity( 5036): onWindowFocusChanged(true)
I/System.out( 5036): body:<com.essentel.libs.adx: void <init>(com.essentel.libs.adi)>	sig:specialinvoke $r6.<java.net.URL: void <init>(java.lang.String)>($r5)	timediff:0
I/System.out( 5036): <com.essentel.libs.adx: void <init>(com.essentel.libs.adi)>###specialinvoke $r6.<java.net.URL: void <init>(java.lang.String)>($r5)###https://device-api.urbanairship.com/api/channels/
D/essentel OrionActivity( 5036): onPause
D/com.essentel.libs.ir( 5036): resumeSessionExpired
D/essentel OrionActivity( 5036): unRegisterActivityInUse activity=OrionActivity mActivityStateMap size=0
D/essentel OrionActivity( 5036): onResume
D/com.essentel.libs.ir( 5036): suspendSessionExpired
D/essentel OrionActivity( 5036): registerActivityInUse activity=OrionActivity alreadyRunning=false
I/ActivityManager(  469): START u0 {act=android.intent.action.MAIN cat=[android.intent.category.LAUNCHER] flg=0x10200000 cmp=com.adt.pulse/.OrionActivity} from pid 5020
W/InputMethodManagerService(  469): Window already focused, ignoring focus gain of: com.android.internal.view.IInputMethodClient$Stub$Proxy@4ac677b8 attribute=null, token = android.os.BinderProxy@4af8cdc0
D/dalvikvm( 5036): GC_FOR_ALLOC freed 155K, 18% free 3402K/4104K, paused 3ms, total 3ms
I/dalvikvm-heap( 5036): Grow heap (frag case) to 3.495MB for 79888-byte allocation
D/dalvikvm( 5036): GC_FOR_ALLOC freed 6K, 17% free 3474K/4184K, paused 4ms, total 4ms
W/UnimplementedWebViewApi( 5036): Unimplemented WebView method onKeyDown called from: android.webkit.WebView.onKeyDown(WebView.java:2169)
I/System.out( 5036): body:<com.essentel.libs.adh: com.essentel.libs.adj a()>	sig:$r3 = virtualinvoke $r1.<java.net.URL: java.net.URLConnection openConnection()>()	timediff:39
I/System.out( 5036): body:<com.essentel.libs.adh: com.essentel.libs.adj a()>	sig:virtualinvoke $r4.<java.net.HttpURLConnection: void setRequestMethod(java.lang.String)>($r2)	timediff:0
I/System.out( 5036): body:<com.essentel.libs.adh: com.essentel.libs.adj a()>	sig:virtualinvoke $r4.<java.net.HttpURLConnection: void setDoOutput(boolean)>(1)	timediff:0
I/System.out( 5036): body:<com.essentel.libs.adh: com.essentel.libs.adj a()>	sig:virtualinvoke $r4.<java.net.HttpURLConnection: void setRequestProperty(java.lang.String,java.lang.String)>("Content-Type", $r2)	timediff:0
I/System.out( 5036): body:<com.essentel.libs.adh: com.essentel.libs.adj a()>	sig:virtualinvoke $r4.<java.net.HttpURLConnection: void setDoInput(boolean)>(1)	timediff:0
I/System.out( 5036): body:<com.essentel.libs.adh: com.essentel.libs.adj a()>	sig:virtualinvoke $r4.<java.net.HttpURLConnection: void setUseCaches(boolean)>(0)	timediff:0
I/System.out( 5036): body:<com.essentel.libs.adh: com.essentel.libs.adj a()>	sig:virtualinvoke $r4.<java.net.HttpURLConnection: void setAllowUserInteraction(boolean)>(0)	timediff:0
I/System.out( 5036): body:<com.essentel.libs.adh: com.essentel.libs.adj a()>	sig:virtualinvoke $r4.<java.net.HttpURLConnection: void setRequestProperty(java.lang.String,java.lang.String)>($r2, $r9)	timediff:0
I/System.out( 5036): body:<com.essentel.libs.adh: com.essentel.libs.adj a()>	sig:virtualinvoke $r4.<java.net.HttpURLConnection: void setRequestProperty(java.lang.String,java.lang.String)>($r2, $r9)	timediff:0
I/System.out( 5036): body:<com.essentel.libs.adh: com.essentel.libs.adj a()>	sig:virtualinvoke $r4.<java.net.HttpURLConnection: void setRequestProperty(java.lang.String,java.lang.String)>("Authorization", $r9)	timediff:0
W/EGL_emulation( 5036): eglSurfaceAttrib not implemented 3093 12436
D/dalvikvm( 5036): GC_CONCURRENT freed 317K, 16% free 3542K/4184K, paused 1ms+0ms, total 6ms
I/System.out( 5036): body:<com.essentel.libs.adh: com.essentel.libs.adj a()>	sig:$r14 = virtualinvoke $r4.<java.net.HttpURLConnection: java.io.OutputStream getOutputStream()>()	timediff:49
I/System.out( 5036): body:<com.essentel.libs.adh: com.essentel.libs.adj a()>	sig:$i2 = virtualinvoke $r4.<java.net.HttpURLConnection: int getResponseCode()>()	timediff:4
D/essentel OrionActivity( 5036): onWindowFocusChanged(false)
I/System.out( 5036): body:<com.essentel.libs.adh: com.essentel.libs.adj a()>	sig:$r9 = virtualinvoke $r4.<java.net.HttpURLConnection: java.lang.String getResponseMessage()>()	timediff:0
W/ViewRootImpl( 5036): Dropping event due to no window focus: KeyEvent { action=ACTION_DOWN, keyCode=KEYCODE_DPAD_LEFT, scanCode=0, metaState=0, flags=0x400, repeatCount=0, eventTime=537159, downTime=537159, deviceId=-1, source=0x101 }
W/ViewRootImpl( 5036): Dropping event due to no window focus: KeyEvent { action=ACTION_DOWN, keyCode=KEYCODE_DPAD_LEFT, scanCode=0, metaState=0, flags=0x400, repeatCount=0, eventTime=537159, downTime=537159, deviceId=-1, source=0x101 }
W/ViewRootImpl( 5036): Dropping event due to no window focus: KeyEvent { action=ACTION_DOWN, keyCode=KEYCODE_DPAD_LEFT, scanCode=0, metaState=0, flags=0x400, repeatCount=0, eventTime=537159, downTime=537159, deviceId=-1, source=0x101 }
W/ViewRootImpl( 5036): Dropping event due to no window focus: KeyEvent { action=ACTION_DOWN, keyCode=KEYCODE_MOVE_END, scanCode=0, metaState=0, flags=0x408, repeatCount=0, eventTime=536836, downTime=536836, deviceId=-1, source=0x101 }
W/ViewRootImpl( 5036): Dropping event due to no window focus: KeyEvent { action=ACTION_DOWN, keyCode=KEYCODE_DPAD_CENTER, scanCode=0, metaState=0, flags=0x408, repeatCount=0, eventTime=536839, downTime=536839, deviceId=-1, source=0x101 }
I/System.out( 5036): body:<com.essentel.libs.adh: com.essentel.libs.adj a()>	sig:$r5 = virtualinvoke $r4.<java.net.HttpURLConnection: java.util.Map getHeaderFields()>()	timediff:0
I/System.out( 5036): body:<com.essentel.libs.adh: com.essentel.libs.adj a()>	sig:$l0 = virtualinvoke $r4.<java.net.HttpURLConnection: long getLastModified()>()	timediff:0
I/System.out( 5036): body:<com.essentel.libs.adh: com.essentel.libs.adj a()>	sig:$r18 = virtualinvoke $r4.<java.net.HttpURLConnection: java.io.InputStream getInputStream()>()	timediff:0
I/System.out( 5036): body:<empirical.HelperClass: void printURLInfo(java.lang.String,java.lang.String,java.net.URLConnection)>	sig:$r0 = virtualinvoke urlConnection.<java.net.URLConnection: java.net.URL getURL()>()	timediff:0
I/System.out( 5036): body:<empirical.HelperClass: void printURLInfo(java.lang.String,java.lang.String,java.net.URLConnection)>	sig:urlString = virtualinvoke $r0.<java.net.URL: java.lang.String toString()>()	timediff:0
I/System.out( 5036): body:<empirical.HelperClass: void printURLInfo(java.lang.String,java.lang.String,java.net.URLConnection)>	sig:isDoOutput = virtualinvoke urlConnection.<java.net.URLConnection: boolean getDoOutput()>()	timediff:0
I/System.out( 5036): body:<empirical.HelperClass: java.lang.String getHeaderField(java.net.URLConnection,java.lang.String)>	sig:data = virtualinvoke conn.<java.net.URLConnection: java.lang.String getHeaderField(java.lang.String)>(field)	timediff:0
I/System.out( 5036): body:<empirical.HelperClass: java.lang.String getHeaderField(java.net.URLConnection,java.lang.String)>	sig:data = virtualinvoke conn.<java.net.URLConnection: java.lang.String getHeaderField(java.lang.String)>(field)	timediff:0
I/System.out( 5036): body:<empirical.HelperClass: java.lang.String getHeaderField(java.net.URLConnection,java.lang.String)>	sig:data = virtualinvoke conn.<java.net.URLConnection: java.lang.String getHeaderField(java.lang.String)>(field)	timediff:0
I/System.out( 5036): body:<empirical.HelperClass: java.lang.String getHeaderField(java.net.URLConnection,java.lang.String)>	sig:data = virtualinvoke conn.<java.net.URLConnection: java.lang.String getHeaderField(java.lang.String)>(field)	timediff:0
I/System.out( 5036): body:<empirical.HelperClass: java.lang.String getHeaderField(java.net.URLConnection,java.lang.String)>	sig:data = virtualinvoke conn.<java.net.URLConnection: java.lang.String getHeaderField(java.lang.String)>(field)	timediff:0
I/System.out( 5036): URLConn;%;0;%;<com.essentel.libs.adh: com.essentel.libs.adj a()>;%;$r18 = virtualinvoke $r4.<java.net.HttpURLConnection: java.io.InputStream getInputStream()>();%;https://device-api.urbanairship.com/api/channels/;%;true;%;301;%;Not found;%;Sat, 14 Apr 2018 00:01:10 GMT;%;Not found;%;Not found
I/System.out( 5036): body:<com.essentel.libs.adh: com.essentel.libs.adj a()>	sig:virtualinvoke $r4.<java.net.HttpURLConnection: void disconnect()>()	timediff:0
E/Pulse - UALib( 5036): Failed to register with channel ID: null channel location: null
W/EGL_emulation(  529): eglSurfaceAttrib not implemented 3093 12436
I/IntentReceiver( 5036): Channel registration failed.
D/essentel OrionActivity( 5036): onWindowFocusChanged(true)
D/dalvikvm( 5036): GC_CONCURRENT freed 420K, 17% free 3507K/4184K, paused 0ms+0ms, total 3ms
W/InputMethodManagerService(  469): Window already focused, ignoring focus gain of: com.android.internal.view.IInputMethodClient$Stub$Proxy@4ac555e4 attribute=null, token = android.os.BinderProxy@4af8cdc0
W/UnimplementedWebViewApi( 5036): Unimplemented WebView method onKeyDown called from: android.webkit.WebView.onKeyDown(WebView.java:2169)
W/ViewRootImpl( 5036): Dropping event due to no window focus: KeyEvent { action=ACTION_DOWN, keyCode=KEYCODE_3, scanCode=0, metaState=0, flags=0x8, repeatCount=0, eventTime=537249, downTime=537249, deviceId=-1, source=0x101 }
W/ViewRootImpl( 5036): Dropping event due to no window focus: KeyEvent { action=ACTION_DOWN, keyCode=KEYCODE_DPAD_LEFT, scanCode=0, metaState=0, flags=0x8, repeatCount=0, eventTime=537263, downTime=537263, deviceId=-1, source=0x101 }
W/ViewRootImpl( 5036): Dropping event due to no window focus: KeyEvent { action=ACTION_DOWN, keyCode=KEYCODE_DPAD_LEFT, scanCode=0, metaState=0, flags=0x8, repeatCount=0, eventTime=537264, downTime=537264, deviceId=-1, source=0x101 }
W/ViewRootImpl( 5036): Dropping event due to no window focus: KeyEvent { action=ACTION_DOWN, keyCode=KEYCODE_DPAD_LEFT, scanCode=0, metaState=0, flags=0x8, repeatCount=0, eventTime=537265, downTime=537265, deviceId=-1, source=0x101 }
W/EGL_emulation( 5036): eglSurfaceAttrib not implemented 3093 12436
D/dalvikvm( 5036): GC_FOR_ALLOC freed 308K, 16% free 3516K/4184K, paused 4ms, total 5ms
D/essentel OrionActivity( 5036): onWindowFocusChanged(false)
D/essentel OrionActivity( 5036): onWindowFocusChanged(true)
W/InputMethodManagerService(  469): Window already focused, ignoring focus gain of: com.android.internal.view.IInputMethodClient$Stub$Proxy@4ac3effc attribute=null, token = android.os.BinderProxy@4af8cdc0
W/UnimplementedWebViewApi( 5036): Unimplemented WebView method onKeyMultiple called from: android.webkit.WebView.onKeyMultiple(WebView.java:2179)
W/UnimplementedWebViewApi( 5036): Unimplemented WebView method onKeyDown called from: android.webkit.WebView.onKeyDown(WebView.java:2169)
V/PanelView(  529): animationTick called with dtms=0; nothing to do (h=0.0 v=-0.0)
W/UnimplementedWebViewApi( 5036): Unimplemented WebView method onKeyDown called from: android.webkit.WebView.onKeyDown(WebView.java:2169)
W/ViewRootImpl( 5036): Dropping event due to no window focus: KeyEvent { action=ACTION_DOWN, keyCode=KEYCODE_DPAD_RIGHT, scanCode=0, metaState=0, flags=0x8, repeatCount=0, eventTime=537477, downTime=537477, deviceId=-1, source=0x101 }
W/ViewRootImpl( 5036): Dropping event due to no window focus: KeyEvent { action=ACTION_DOWN, keyCode=KEYCODE_MENU, scanCode=0, metaState=0, flags=0x8, repeatCount=0, eventTime=537479, downTime=537479, deviceId=-1, source=0x101 }
W/ViewRootImpl( 5036): Dropping event due to no window focus: KeyEvent { action=ACTION_DOWN, keyCode=KEYCODE_DPAD_CENTER, scanCode=0, metaState=0, flags=0x8, repeatCount=0, eventTime=537482, downTime=537482, deviceId=-1, source=0x101 }
W/ViewRootImpl( 5036): Dropping event due to no window focus: KeyEvent { action=ACTION_DOWN, keyCode=KEYCODE_BACK, scanCode=0, metaState=0, flags=0x8, repeatCount=0, eventTime=537482, downTime=537482, deviceId=-1, source=0x101 }
W/EGL_emulation( 5036): eglSurfaceAttrib not implemented 3093 12436
I/ActivityManager(  469): START u0 {act=android.intent.action.MAIN cat=[android.intent.category.LAUNCHER] flg=0x10000000 cmp=com.android.contacts/.activities.PeopleActivity sel={act=android.intent.action.MAIN cat=[android.intent.category.APP_CONTACTS]}} from pid 469
D/essentel OrionActivity( 5036): onWindowFocusChanged(false)
D/essentel OrionActivity( 5036): onPause
D/com.essentel.libs.ir( 5036): resumeSessionExpired
D/essentel OrionActivity( 5036): unRegisterActivityInUse activity=OrionActivity mActivityStateMap size=0
D/essentel OrionActivity( 5036): onResume
I/ActivityManager(  469): START u0 {act=android.intent.action.MAIN cat=[android.intent.category.LAUNCHER] flg=0x10200000 cmp=com.adt.pulse/.OrionActivity} from pid 5020
D/com.essentel.libs.ir( 5036): suspendSessionExpired
D/essentel OrionActivity( 5036): registerActivityInUse activity=OrionActivity alreadyRunning=false
D/essentel OrionActivity( 5036): onWindowFocusChanged(true)
W/ViewRootImpl( 5036): Dropping event due to no window focus: KeyEvent { action=ACTION_DOWN, keyCode=KEYCODE_MENU, scanCode=0, metaState=0, flags=0x8, repeatCount=0, eventTime=537519, downTime=537519, deviceId=-1, source=0x101 }
W/InputMethodManagerService(  469): Window already focused, ignoring focus gain of: com.android.internal.view.IInputMethodClient$Stub$Proxy@4acbdd08 attribute=null, token = android.os.BinderProxy@4af8cdc0
W/UnimplementedWebViewApi( 5036): Unimplemented WebView method onKeyMultiple called from: android.webkit.WebView.onKeyMultiple(WebView.java:2179)
W/UnimplementedWebViewApi( 5036): Unimplemented WebView method onKeyDown called from: android.webkit.WebView.onKeyDown(WebView.java:2169)
W/UnimplementedWebViewApi( 5036): Unimplemented WebView method onKeyMultiple called from: android.webkit.WebView.onKeyMultiple(WebView.java:2179)
W/UnimplementedWebViewApi( 5036): Unimplemented WebView method onKeyDown called from: android.webkit.WebView.onKeyDown(WebView.java:2169)
W/UnimplementedWebViewApi( 5036): Unimplemented WebView method onKeyDown called from: android.webkit.WebView.onKeyDown(WebView.java:2169)
W/ViewRootImpl( 5036): Dropping event due to no window focus: KeyEvent { action=ACTION_DOWN, keyCode=KEYCODE_BUTTON_2, scanCode=0, metaState=0, flags=0x8, repeatCount=0, eventTime=537571, downTime=537571, deviceId=-1, source=0x101 }
W/ViewRootImpl( 5036): Dropping event due to no window focus: KeyEvent { action=ACTION_DOWN, keyCode=KEYCODE_DPAD_CENTER, scanCode=0, metaState=0, flags=0x8, repeatCount=0, eventTime=537571, downTime=537571, deviceId=-1, source=0x101 }
W/ViewRootImpl( 5036): Dropping event due to no window focus: KeyEvent { action=ACTION_DOWN, keyCode=KEYCODE_SOFT_LEFT, scanCode=0, metaState=0, flags=0x8, repeatCount=0, eventTime=537574, downTime=537574, deviceId=-1, source=0x101 }
W/ViewRootImpl( 5036): Dropping event due to no window focus: KeyEvent { action=ACTION_DOWN, keyCode=KEYCODE_DPAD_DOWN, scanCode=0, metaState=0, flags=0x8, repeatCount=0, eventTime=537575, downTime=537575, deviceId=-1, source=0x101 }
I/ActivityManager(  469): START u0 {act=android.intent.action.MAIN cat=[android.intent.category.HOME] flg=0x10200000 cmp=com.vphone.launcher/.Launcher} from pid 469
W/ViewRootImpl( 5036): Dropping event due to no window focus: KeyEvent { action=ACTION_DOWN, keyCode=KEYCODE_MENU, scanCode=0, metaState=0, flags=0x8, repeatCount=0, eventTime=537578, downTime=537578, deviceId=-1, source=0x101 }
W/ViewRootImpl( 5036): Dropping event due to no window focus: KeyEvent { action=ACTION_DOWN, keyCode=KEYCODE_DPAD_CENTER, scanCode=0, metaState=0, flags=0x8, repeatCount=0, eventTime=537580, downTime=537580, deviceId=-1, source=0x101 }
W/ViewRootImpl( 5036): Dropping event due to no window focus: KeyEvent { action=ACTION_DOWN, keyCode=KEYCODE_MENU, scanCode=0, metaState=0, flags=0x8, repeatCount=0, eventTime=537580, downTime=537580, deviceId=-1, source=0x101 }
W/ViewRootImpl( 5036): Dropping event due to no window focus: KeyEvent { action=ACTION_DOWN, keyCode=KEYCODE_DPAD_DOWN, scanCode=0, metaState=0, flags=0x8, repeatCount=0, eventTime=537581, downTime=537581, deviceId=-1, source=0x101 }
W/ViewRootImpl( 5036): Dropping event due to no window focus: KeyEvent { action=ACTION_DOWN, keyCode=KEYCODE_MENU, scanCode=0, metaState=0, flags=0x8, repeatCount=0, eventTime=537582, downTime=537582, deviceId=-1, source=0x101 }
W/EGL_emulation( 5036): eglSurfaceAttrib not implemented 3093 12436
W/ViewRootImpl( 5036): Dropping event due to no window focus: KeyEvent { action=ACTION_DOWN, keyCode=KEYCODE_MENU, scanCode=0, metaState=0, flags=0x8, repeatCount=0, eventTime=537584, downTime=537584, deviceId=-1, source=0x101 }
D/essentel OrionActivity( 5036): onWindowFocusChanged(false)
D/essentel OrionActivity( 5036): onWindowFocusChanged(true)
W/InputMethodManagerService(  469): Window already focused, ignoring focus gain of: com.android.internal.view.IInputMethodClient$Stub$Proxy@4ac8a484 attribute=null, token = android.os.BinderProxy@4af8cdc0
D/dalvikvm( 5036): GC_CONCURRENT freed 378K, 16% free 3521K/4184K, paused 1ms+1ms, total 4ms
W/UnimplementedWebViewApi( 5036): Unimplemented WebView method onKeyDown called from: android.webkit.WebView.onKeyDown(WebView.java:2169)
W/EGL_emulation( 5036): eglSurfaceAttrib not implemented 3093 12436
V/FlingTracker(  529): computeCurrentVelocity warning: totalweight=0
V/FlingTracker(  529): java.lang.Throwable
V/FlingTracker(  529): 	at com.android.systemui.statusbar.phone.PanelView$FlingTracker.computeCurrentVelocity(PanelView.java:162)
V/FlingTracker(  529): 	at com.android.systemui.statusbar.phone.PanelView$3.onTouch(PanelView.java:462)
V/FlingTracker(  529): 	at android.view.View.dispatchTouchEvent(View.java:7701)
V/FlingTracker(  529): 	at com.android.systemui.statusbar.phone.NotificationPanelView.onTouchEvent(NotificationPanelView.java:138)
V/FlingTracker(  529): 	at com.android.systemui.statusbar.phone.PanelBar.onTouchEvent(PanelBar.java:130)
V/FlingTracker(  529): 	at com.android.systemui.statusbar.phone.PhoneStatusBarView.onTouchEvent(PhoneStatusBarView.java:201)
V/FlingTracker(  529): 	at android.view.View.dispatchTouchEvent(View.java:7706)
V/FlingTracker(  529): 	at android.view.ViewGroup.dispatchTransformedTouchEvent(ViewGroup.java:2210)
V/FlingTracker(  529): 	at android.view.ViewGroup.dispatchTouchEvent(ViewGroup.java:1945)
V/FlingTracker(  529): 	at android.view.ViewGroup.dispatchTransformedTouchEvent(ViewGroup.java:2216)
V/FlingTracker(  529): 	at android.view.ViewGroup.dispatchTouchEvent(ViewGroup.java:1959)
V/FlingTracker(  529): 	at android.view.View.dispatchPointerEvent(View.java:7886)
V/FlingTracker(  529): 	at android.view.ViewRootImpl$ViewPostImeInputStage.processPointerEvent(ViewRootImpl.java:3978)
V/FlingTracker(  529): 	at android.view.ViewRootImpl$ViewPostImeInputStage.onProcess(ViewRootImpl.java:3857)
V/FlingTracker(  529): 	at android.view.ViewRootImpl$InputStage.deliver(ViewRootImpl.java:3423)
V/FlingTracker(  529): 	at android.view.ViewRootImpl$InputStage.onDeliverToNext(ViewRootImpl.java:3473)
V/FlingTracker(  529): 	at android.view.ViewRootImpl$InputStage.forward(ViewRootImpl.java:3442)
V/FlingTracker(  529): 	at android.view.ViewRootImpl$AsyncInputStage.forward(ViewRootImpl.java:3549)
V/FlingTracker(  529): 	at android.view.ViewRootImpl$InputStage.apply(ViewRootImpl.java:3450)
V/FlingTracker(  529): 	at android.view.ViewRootImpl$AsyncInputStage.apply(ViewRootImpl.java:3606)
V/FlingTracker(  529): 	at android.view.ViewRootImpl$InputStage.deliver(ViewRootImpl.java:3423)
V/FlingTracker(  529): 	at android.view.ViewRootImpl$InputStage.onDeliverToNext(ViewRootImpl.java:3473)
V/FlingTracker(  529): 	at android.view.ViewRootImpl$InputStage.forward(ViewRootImpl.java:3442)
V/FlingTracker(  529): 	at android.view.ViewRootImpl$InputStage.apply(ViewRootImpl.java:3450)
V/FlingTracker(  529): 	at android.view.ViewRootImpl$InputStage.deliver(ViewRootImpl.java:3423)
V/FlingTracker(  529): 	at android.view.ViewRootImpl.deliverInputEvent(ViewRootImpl.java:5626)
V/FlingTracker(  529): 	at android.view.ViewRootImpl.doProcessInputEvents(ViewRootImpl.java:5606)
V/FlingTracker(  529): 	at android.view.ViewRootImpl.enqueueInputEvent(ViewRootImpl.java:5577)
V/FlingTracker(  529): 	at android.view.ViewRootImpl$WindowInputEventReceiver.onInputEvent(ViewRootImpl.java:5706)
V/FlingTracker(  529): 	at android.view.InputEventReceiver.dispatchInputEvent(InputEventReceiver.java:185)
V/FlingTracker(  529): 	at android.os.MessageQueue.nativePollOnce(Native Method)
V/FlingTracker(  529): 	at android.os.MessageQueue.next(MessageQueue.java:138)
V/FlingTracker(  529): 	at android.os.Looper.loop(Looper.java:123)
V/FlingTracker(  529): 	at android.app.ActivityThread.main(ActivityThread.java:5019)
V/FlingTracker(  529): 	at java.lang.reflect.Method.invokeNative(Native Method)
V/FlingTracker(  529): 	at java.lang.reflect.Method.invoke(Method.java:515)
V/FlingTracker(  529): 	at com.android.internal.os.ZygoteInit$MethodAndArgsCaller.run(ZygoteInit.java:779)
V/FlingTracker(  529): 	at com.android.internal.os.ZygoteInit.main(ZygoteInit.java:595)
V/FlingTracker(  529): 	at dalvik.system.NativeStart.main(Native Method)
V/PanelView(  529): animationTick called with dtms=0; nothing to do (h=0.0 v=0.0)
D/essentel OrionActivity( 5036): onWindowFocusChanged(false)
D/essentel OrionActivity( 5036): onWindowFocusChanged(true)
W/InputMethodManagerService(  469): Window already focused, ignoring focus gain of: com.android.internal.view.IInputMethodClient$Stub$Proxy@4abaccc4 attribute=null, token = android.os.BinderProxy@4af8cdc0
D/essentel OrionActivity( 5036): onPause
D/com.essentel.libs.ir( 5036): resumeSessionExpired
D/essentel OrionActivity( 5036): unRegisterActivityInUse activity=OrionActivity mActivityStateMap size=0
D/essentel OrionActivity( 5036): onResume
D/com.essentel.libs.ir( 5036): suspendSessionExpired
D/essentel OrionActivity( 5036): registerActivityInUse activity=OrionActivity alreadyRunning=false
I/ActivityManager(  469): START u0 {act=android.intent.action.MAIN cat=[android.intent.category.LAUNCHER] flg=0x10200000 cmp=com.adt.pulse/.OrionActivity} from pid 5020
W/UnimplementedWebViewApi( 5036): Unimplemented WebView method onKeyMultiple called from: android.webkit.WebView.onKeyMultiple(WebView.java:2179)
W/UnimplementedWebViewApi( 5036): Unimplemented WebView method onKeyDown called from: android.webkit.WebView.onKeyDown(WebView.java:2169)
W/UnimplementedWebViewApi( 5036): Unimplemented WebView method onKeyDown called from: android.webkit.WebView.onKeyDown(WebView.java:2169)
I/SnapScrollController( 5036): setSnapScrollingMode case-default no-op
I/SnapScrollController( 5036): setSnapScrollingMode case-default no-op
W/UnimplementedWebViewApi( 5036): Unimplemented WebView method onKeyMultiple called from: android.webkit.WebView.onKeyMultiple(WebView.java:2179)
W/UnimplementedWebViewApi( 5036): Unimplemented WebView method onKeyDown called from: android.webkit.WebView.onKeyDown(WebView.java:2169)
W/UnimplementedWebViewApi( 5036): Unimplemented WebView method onKeyMultiple called from: android.webkit.WebView.onKeyMultiple(WebView.java:2179)
W/UnimplementedWebViewApi( 5036): Unimplemented WebView method onKeyDown called from: android.webkit.WebView.onKeyDown(WebView.java:2169)
W/UnimplementedWebViewApi( 5036): Unimplemented WebView method onKeyDown called from: android.webkit.WebView.onKeyDown(WebView.java:2169)
V/PanelView(  529): animationTick called with dtms=0; nothing to do (h=0.0 v=-0.0)
I/ActivityManager(  469): START u0 {act=android.intent.action.CALL_BUTTON flg=0x10000000} from pid 5036
W/PhoneFallbackEventHandler( 5036): No activity found for android.intent.action.CALL_BUTTON.
W/UnimplementedWebViewApi( 5036): Unimplemented WebView method onKeyDown called from: android.webkit.WebView.onKeyDown(WebView.java:2169)
W/EGL_emulation( 5036): eglSurfaceAttrib not implemented 3093 12436
D/essentel OrionActivity( 5036): onWindowFocusChanged(false)
D/essentel OrionActivity( 5036): onPause
D/com.essentel.libs.ir( 5036): resumeSessionExpired
D/essentel OrionActivity( 5036): unRegisterActivityInUse activity=OrionActivity mActivityStateMap size=0
D/essentel OrionActivity( 5036): onResume
D/com.essentel.libs.ir( 5036): suspendSessionExpired
D/essentel OrionActivity( 5036): registerActivityInUse activity=OrionActivity alreadyRunning=false
D/essentel OrionActivity( 5036): onWindowFocusChanged(true)
I/ActivityManager(  469): START u0 {act=android.intent.action.MAIN cat=[android.intent.category.LAUNCHER] flg=0x10200000 cmp=com.adt.pulse/.OrionActivity} from pid 5020
W/ViewRootImpl( 5036): Dropping event due to no window focus: KeyEvent { action=ACTION_DOWN, keyCode=KEYCODE_NUMPAD_EQUALS, scanCode=0, metaState=0, flags=0x8, repeatCount=0, eventTime=537791, downTime=537791, deviceId=-1, source=0x101 }
W/InputMethodManagerService(  469): Window already focused, ignoring focus gain of: com.android.internal.view.IInputMethodClient$Stub$Proxy@4ab62ae4 attribute=null, token = android.os.BinderProxy@4af8cdc0
W/UnimplementedWebViewApi( 5036): Unimplemented WebView method onKeyMultiple called from: android.webkit.WebView.onKeyMultiple(WebView.java:2179)
W/UnimplementedWebViewApi( 5036): Unimplemented WebView method onKeyDown called from: android.webkit.WebView.onKeyDown(WebView.java:2169)
W/UnimplementedWebViewApi( 5036): Unimplemented WebView method onKeyMultiple called from: android.webkit.WebView.onKeyMultiple(WebView.java:2179)
W/UnimplementedWebViewApi( 5036): Unimplemented WebView method onKeyDown called from: android.webkit.WebView.onKeyDown(WebView.java:2169)
W/UnimplementedWebViewApi( 5036): Unimplemented WebView method onKeyMultiple called from: android.webkit.WebView.onKeyMultiple(WebView.java:2179)
W/UnimplementedWebViewApi( 5036): Unimplemented WebView method onKeyDown called from: android.webkit.WebView.onKeyDown(WebView.java:2169)
W/UnimplementedWebViewApi( 5036): Unimplemented WebView method onKeyDown called from: android.webkit.WebView.onKeyDown(WebView.java:2169)
I/ActivityManager(  469): START u0 {act=android.intent.action.MAIN cat=[android.intent.category.HOME] flg=0x10200000 cmp=com.vphone.launcher/.Launcher} from pid 469
D/dalvikvm( 5036): GC_CONCURRENT freed 408K, 16% free 3547K/4184K, paused 0ms+1ms, total 10ms
W/ViewRootImpl( 5036): Dropping event due to no window focus: MotionEvent { action=ACTION_MOVE, id[0]=0, x[0]=-5.0, y[0]=2.0, toolType[0]=TOOL_TYPE_UNKNOWN, buttonState=0, metaState=0, flags=0x0, edgeFlags=0x0, pointerCount=1, historySize=9, eventTime=537861, downTime=-1, deviceId=0, source=0x10004 }
W/EGL_emulation( 5036): eglSurfaceAttrib not implemented 3093 12436
W/ViewRootImpl( 5036): Dropping event due to no window focus: KeyEvent { action=ACTION_DOWN, keyCode=KEYCODE_MENU, scanCode=0, metaState=0, flags=0x8, repeatCount=0, eventTime=537861, downTime=537861, deviceId=-1, source=0x101 }
D/essentel OrionActivity( 5036): onWindowFocusChanged(true)
W/UnimplementedWebViewApi( 5036): Unimplemented WebView method onKeyDown called from: android.webkit.WebView.onKeyDown(WebView.java:2169)
W/InputMethodManagerService(  469): Window already focused, ignoring focus gain of: com.android.internal.view.IInputMethodClient$Stub$Proxy@4ad881f8 attribute=null, token = android.os.BinderProxy@4af8cdc0
W/ViewRootImpl( 5036): Dropping event due to no window focus: KeyEvent { action=ACTION_DOWN, keyCode=KEYCODE_DPAD_DOWN, scanCode=0, metaState=0, flags=0x8, repeatCount=0, eventTime=537891, downTime=537891, deviceId=-1, source=0x101 }
W/ViewRootImpl( 5036): Dropping event due to no window focus: KeyEvent { action=ACTION_DOWN, keyCode=KEYCODE_NUMPAD_LEFT_PAREN, scanCode=0, metaState=0, flags=0x8, repeatCount=0, eventTime=537892, downTime=537892, deviceId=-1, source=0x101 }
W/ViewRootImpl( 5036): Dropping event due to no window focus: KeyEvent { action=ACTION_DOWN, keyCode=KEYCODE_DPAD_DOWN, scanCode=0, metaState=0, flags=0x8, repeatCount=0, eventTime=537893, downTime=537893, deviceId=-1, source=0x101 }
I/ActivityManager(  469): START u0 {act=android.intent.action.MAIN cat=[android.intent.category.HOME] flg=0x10200000 cmp=com.vphone.launcher/.Launcher} from pid 469
W/ViewRootImpl( 5036): Dropping event due to no window focus: MotionEvent { action=ACTION_MOVE, id[0]=0, x[0]=-2.0, y[0]=-2.0, toolType[0]=TOOL_TYPE_UNKNOWN, buttonState=0, metaState=0, flags=0x0, edgeFlags=0x0, pointerCount=1, historySize=1, eventTime=537894, downTime=-1, deviceId=0, source=0x10004 }
W/EGL_emulation( 5036): eglSurfaceAttrib not implemented 3093 12436
D/dalvikvm(  469): GC_FOR_ALLOC freed 4089K, 40% free 11990K/19940K, paused 17ms, total 18ms
D/essentel OrionActivity( 5036): onWindowFocusChanged(true)
W/UnimplementedWebViewApi( 5036): Unimplemented WebView method onKeyDown called from: android.webkit.WebView.onKeyDown(WebView.java:2169)
W/InputMethodManagerService(  469): Window already focused, ignoring focus gain of: com.android.internal.view.IInputMethodClient$Stub$Proxy@4ac4f86c attribute=null, token = android.os.BinderProxy@4af8cdc0
W/ViewRootImpl( 5036): Dropping event due to no window focus: KeyEvent { action=ACTION_DOWN, keyCode=KEYCODE_MEDIA_NEXT, scanCode=0, metaState=0, flags=0x8, repeatCount=0, eventTime=537953, downTime=537953, deviceId=-1, source=0x101 }
V/PanelView(  529): animationTick called with dtms=0; nothing to do (h=0.0 v=-0.0)
I/WearableService(  620): Wearable Services stopping
W/ViewRootImpl( 5036): Dropping event due to no window focus: KeyEvent { action=ACTION_DOWN, keyCode=KEYCODE_META_RIGHT, scanCode=0, metaState=0, flags=0x8, repeatCount=0, eventTime=537960, downTime=537960, deviceId=-1, source=0x101 }
W/ViewRootImpl( 5036): Dropping event due to no window focus: KeyEvent { action=ACTION_DOWN, keyCode=KEYCODE_DPAD_CENTER, scanCode=0, metaState=0, flags=0x8, repeatCount=0, eventTime=537961, downTime=537961, deviceId=-1, source=0x101 }
W/ViewRootImpl( 5036): Dropping event due to no window focus: KeyEvent { action=ACTION_DOWN, keyCode=KEYCODE_DPAD_CENTER, scanCode=0, metaState=0, flags=0x8, repeatCount=0, eventTime=537965, downTime=537965, deviceId=-1, source=0x101 }
W/EGL_emulation( 5036): eglSurfaceAttrib not implemented 3093 12436
W/ViewRootImpl( 5036): Dropping event due to no window focus: KeyEvent { action=ACTION_DOWN, keyCode=KEYCODE_DPAD_CENTER, scanCode=0, metaState=0, flags=0x8, repeatCount=0, eventTime=537968, downTime=537968, deviceId=-1, source=0x101 }
V/PanelView(  529): animationTick called with dtms=0; nothing to do (h=0.0 v=-0.0)
D/essentel OrionActivity( 5036): onWindowFocusChanged(false)
D/essentel OrionActivity( 5036): onWindowFocusChanged(true)
W/UnimplementedWebViewApi( 5036): Unimplemented WebView method onKeyDown called from: android.webkit.WebView.onKeyDown(WebView.java:2169)
W/EGL_emulation( 2038): eglSurfaceAttrib not implemented 3093 12436
W/InputMethodManagerService(  469): Window already focused, ignoring focus gain of: com.android.internal.view.IInputMethodClient$Stub$Proxy@4aa1ebec attribute=null, token = android.os.BinderProxy@4af8cdc0
W/ViewRootImpl( 5036): Dropping event due to no window focus: KeyEvent { action=ACTION_DOWN, keyCode=KEYCODE_BUTTON_X, scanCode=0, metaState=0, flags=0x8, repeatCount=0, eventTime=538027, downTime=538027, deviceId=-1, source=0x101 }
W/ViewRootImpl( 5036): Dropping event due to no window focus: KeyEvent { action=ACTION_DOWN, keyCode=KEYCODE_DPAD_CENTER, scanCode=0, metaState=0, flags=0x8, repeatCount=0, eventTime=538027, downTime=538027, deviceId=-1, source=0x101 }
W/ViewRootImpl( 5036): Dropping event due to no window focus: KeyEvent { action=ACTION_DOWN, keyCode=KEYCODE_DPAD_LEFT, scanCode=0, metaState=0, flags=0x8, repeatCount=0, eventTime=538030, downTime=538030, deviceId=-1, source=0x101 }
W/ViewRootImpl( 5036): Dropping event due to no window focus: KeyEvent { action=ACTION_DOWN, keyCode=KEYCODE_DPAD_UP, scanCode=0, metaState=0, flags=0x8, repeatCount=0, eventTime=538031, downTime=538031, deviceId=-1, source=0x101 }
W/ViewRootImpl( 5036): Dropping event due to no window focus: KeyEvent { action=ACTION_DOWN, keyCode=KEYCODE_DPAD_UP, scanCode=0, metaState=0, flags=0x8, repeatCount=0, eventTime=538031, downTime=538031, deviceId=-1, source=0x101 }
W/ViewRootImpl( 5036): Dropping event due to no window focus: KeyEvent { action=ACTION_DOWN, keyCode=KEYCODE_MENU, scanCode=0, metaState=0, flags=0x8, repeatCount=0, eventTime=538032, downTime=538032, deviceId=-1, source=0x101 }
W/EGL_emulation( 5036): eglSurfaceAttrib not implemented 3093 12436
W/ViewRootImpl( 5036): Dropping event due to no window focus: KeyEvent { action=ACTION_DOWN, keyCode=KEYCODE_DPAD_LEFT, scanCode=0, metaState=0, flags=0x8, repeatCount=0, eventTime=538038, downTime=538038, deviceId=-1, source=0x101 }
D/essentel OrionActivity( 5036): onWindowFocusChanged(true)
W/InputMethodManagerService(  469): Window already focused, ignoring focus gain of: com.android.internal.view.IInputMethodClient$Stub$Proxy@4a9fd7f0 attribute=null, token = android.os.BinderProxy@4af8cdc0
W/UnimplementedWebViewApi( 5036): Unimplemented WebView method onKeyDown called from: android.webkit.WebView.onKeyDown(WebView.java:2169)
W/ViewRootImpl( 5036): Dropping event due to no window focus: KeyEvent { action=ACTION_DOWN, keyCode=KEYCODE_DPAD_DOWN, scanCode=0, metaState=0, flags=0x8, repeatCount=0, eventTime=538112, downTime=538112, deviceId=-1, source=0x101 }
W/ViewRootImpl( 5036): Dropping event due to no window focus: KeyEvent { action=ACTION_DOWN, keyCode=KEYCODE_Y, scanCode=0, metaState=0, flags=0x8, repeatCount=0, eventTime=538114, downTime=538114, deviceId=-1, source=0x101 }
W/EGL_emulation( 5036): eglSurfaceAttrib not implemented 3093 12436
D/essentel OrionActivity( 5036): onWindowFocusChanged(false)
D/essentel OrionActivity( 5036): onWindowFocusChanged(true)
W/ViewRootImpl( 5036): Dropping event due to no window focus: KeyEvent { action=ACTION_DOWN, keyCode=KEYCODE_DPAD_LEFT, scanCode=0, metaState=0, flags=0x8, repeatCount=0, eventTime=538214, downTime=538214, deviceId=-1, source=0x101 }
W/InputMethodManagerService(  469): Window already focused, ignoring focus gain of: com.android.internal.view.IInputMethodClient$Stub$Proxy@4a9fb9f0 attribute=null, token = android.os.BinderProxy@4af8cdc0
I/SnapScrollController( 5036): setSnapScrollingMode case-default no-op
I/SnapScrollController( 5036): setSnapScrollingMode case-default no-op
W/UnimplementedWebViewApi( 5036): Unimplemented WebView method onKeyDown called from: android.webkit.WebView.onKeyDown(WebView.java:2169)
D/essentel OrionActivity( 5036): onPause
D/com.essentel.libs.ir( 5036): resumeSessionExpired
D/essentel OrionActivity( 5036): unRegisterActivityInUse activity=OrionActivity mActivityStateMap size=0
D/essentel OrionActivity( 5036): onResume
D/com.essentel.libs.ir( 5036): suspendSessionExpired
D/essentel OrionActivity( 5036): registerActivityInUse activity=OrionActivity alreadyRunning=false
I/ActivityManager(  469): START u0 {act=android.intent.action.MAIN cat=[android.intent.category.LAUNCHER] flg=0x10200000 cmp=com.adt.pulse/.OrionActivity} from pid 5020
W/UnimplementedWebViewApi( 5036): Unimplemented WebView method onKeyMultiple called from: android.webkit.WebView.onKeyMultiple(WebView.java:2179)
W/UnimplementedWebViewApi( 5036): Unimplemented WebView method onKeyDown called from: android.webkit.WebView.onKeyDown(WebView.java:2169)
W/UnimplementedWebViewApi( 5036): Unimplemented WebView method onKeyDown called from: android.webkit.WebView.onKeyDown(WebView.java:2169)
I/InputDispatcher(  469): Dropped event because of pending overdue app switch.
W/ViewRootImpl( 5036): Dropping event due to no window focus: KeyEvent { action=ACTION_DOWN, keyCode=KEYCODE_MENU, scanCode=0, metaState=0, flags=0x8, repeatCount=0, eventTime=538392, downTime=538392, deviceId=-1, source=0x101 }
W/InputManager(  469): Input event injection from pid 5020 failed.
W/ViewRootImpl( 5036): Dropping event due to no window focus: KeyEvent { action=ACTION_DOWN, keyCode=KEYCODE_DPAD_UP, scanCode=0, metaState=0, flags=0x8, repeatCount=0, eventTime=538396, downTime=538396, deviceId=-1, source=0x101 }
W/ViewRootImpl( 5036): Dropping event due to no window focus: KeyEvent { action=ACTION_DOWN, keyCode=KEYCODE_MENU, scanCode=0, metaState=0, flags=0x8, repeatCount=0, eventTime=538398, downTime=538398, deviceId=-1, source=0x101 }
W/ViewRootImpl( 5036): Dropping event due to no window focus: KeyEvent { action=ACTION_DOWN, keyCode=KEYCODE_DPAD_RIGHT, scanCode=0, metaState=0, flags=0x8, repeatCount=0, eventTime=538399, downTime=538399, deviceId=-1, source=0x101 }
W/EGL_emulation( 5036): eglSurfaceAttrib not implemented 3093 12436
D/essentel OrionActivity( 5036): onWindowFocusChanged(false)
D/essentel OrionActivity( 5036): onWindowFocusChanged(true)
W/InputMethodManagerService(  469): Window already focused, ignoring focus gain of: com.android.internal.view.IInputMethodClient$Stub$Proxy@4a9cb524 attribute=null, token = android.os.BinderProxy@4af8cdc0
W/UnimplementedWebViewApi( 5036): Unimplemented WebView method onKeyMultiple called from: android.webkit.WebView.onKeyMultiple(WebView.java:2179)
W/UnimplementedWebViewApi( 5036): Unimplemented WebView method onKeyDown called from: android.webkit.WebView.onKeyDown(WebView.java:2169)
I/chromium( 5036): [INFO:CONSOLE(25645)] "initializing local storage", source: file:///android_asset/www/lib/js/ionic.bundle.js (25645)
I/chromium( 5036): [INFO:CONSOLE(25645)] "initializing session storage", source: file:///android_asset/www/lib/js/ionic.bundle.js (25645)
I/chromium( 5036): [INFO:CONSOLE(25645)] "Using clientId: ab4c4e00-d8a6-11e4-a96c-34fb509c20ca", source: file:///android_asset/www/lib/js/ionic.bundle.js (25645)
W/UnimplementedWebViewApi( 5036): Unimplemented WebView method onKeyDown called from: android.webkit.WebView.onKeyDown(WebView.java:2169)
W/ViewRootImpl( 5036): Dropping event due to no window focus: KeyEvent { action=ACTION_DOWN, keyCode=KEYCODE_DPAD_DOWN, scanCode=0, metaState=0, flags=0x8, repeatCount=0, eventTime=538484, downTime=538484, deviceId=-1, source=0x101 }
W/EGL_emulation( 5036): eglSurfaceAttrib not implemented 3093 12436
I/chromium( 5036): [INFO:CONSOLE(1)] "Disabling console logging", source: file:///android_asset/www/js/app.js (1)
W/ViewRootImpl( 5036): Dropping event due to no window focus: KeyEvent { action=ACTION_DOWN, keyCode=KEYCODE_DPAD_LEFT, scanCode=0, metaState=0, flags=0x8, repeatCount=0, eventTime=538486, downTime=538486, deviceId=-1, source=0x101 }
D/essentel OrionActivity( 5036): onWindowFocusChanged(true)
W/InputMethodManagerService(  469): Window already focused, ignoring focus gain of: com.android.internal.view.IInputMethodClient$Stub$Proxy@4a9f2f74 attribute=null, token = android.os.BinderProxy@4af8cdc0
W/UnimplementedWebViewApi( 5036): Unimplemented WebView method onKeyDown called from: android.webkit.WebView.onKeyDown(WebView.java:2169)
D/dalvikvm( 5036): GC_CONCURRENT freed 377K, 16% free 3556K/4184K, paused 0ms+1ms, total 3ms
V/PanelView(  529): animationTick called with dtms=0; nothing to do (h=0.0 v=0.0)
W/ViewRootImpl( 5036): Dropping event due to no window focus: KeyEvent { action=ACTION_DOWN, keyCode=KEYCODE_BUTTON_4, scanCode=0, metaState=0, flags=0x8, repeatCount=0, eventTime=538529, downTime=538529, deviceId=-1, source=0x101 }
W/ViewRootImpl( 5036): Dropping event due to no window focus: KeyEvent { action=ACTION_DOWN, keyCode=KEYCODE_DPAD_CENTER, scanCode=0, metaState=0, flags=0x8, repeatCount=0, eventTime=538529, downTime=538529, deviceId=-1, source=0x101 }
W/EGL_emulation( 5036): eglSurfaceAttrib not implemented 3093 12436
D/essentel OrionActivity( 5036): onWindowFocusChanged(false)
D/essentel OrionActivity( 5036): onPause
D/com.essentel.libs.ir( 5036): resumeSessionExpired
D/essentel OrionActivity( 5036): unRegisterActivityInUse activity=OrionActivity mActivityStateMap size=0
D/essentel OrionActivity( 5036): onResume
D/com.essentel.libs.ir( 5036): suspendSessionExpired
D/essentel OrionActivity( 5036): registerActivityInUse activity=OrionActivity alreadyRunning=false
D/essentel OrionActivity( 5036): onWindowFocusChanged(true)
I/ActivityManager(  469): START u0 {act=android.intent.action.MAIN cat=[android.intent.category.LAUNCHER] flg=0x10200000 cmp=com.adt.pulse/.OrionActivity} from pid 5020
W/InputMethodManagerService(  469): Window already focused, ignoring focus gain of: com.android.internal.view.IInputMethodClient$Stub$Proxy@4ab72fa4 attribute=null, token = android.os.BinderProxy@4af8cdc0
W/UnimplementedWebViewApi( 5036): Unimplemented WebView method onKeyMultiple called from: android.webkit.WebView.onKeyMultiple(WebView.java:2179)
W/UnimplementedWebViewApi( 5036): Unimplemented WebView method onKeyDown called from: android.webkit.WebView.onKeyDown(WebView.java:2169)
W/UnimplementedWebViewApi( 5036): Unimplemented WebView method onKeyDown called from: android.webkit.WebView.onKeyDown(WebView.java:2169)
W/ViewRootImpl( 5036): Dropping event due to no window focus: KeyEvent { action=ACTION_DOWN, keyCode=KEYCODE_MENU, scanCode=0, metaState=0, flags=0x8, repeatCount=0, eventTime=538592, downTime=538592, deviceId=-1, source=0x101 }
W/ViewRootImpl( 5036): Dropping event due to no window focus: KeyEvent { action=ACTION_DOWN, keyCode=KEYCODE_DPAD_CENTER, scanCode=0, metaState=0, flags=0x8, repeatCount=0, eventTime=538593, downTime=538593, deviceId=-1, source=0x101 }
W/ViewRootImpl( 5036): Dropping event due to no window focus: KeyEvent { action=ACTION_DOWN, keyCode=KEYCODE_DPAD_LEFT, scanCode=0, metaState=0, flags=0x8, repeatCount=0, eventTime=538596, downTime=538596, deviceId=-1, source=0x101 }
W/ViewRootImpl( 5036): Dropping event due to no window focus: KeyEvent { action=ACTION_DOWN, keyCode=KEYCODE_DPAD_UP, scanCode=0, metaState=0, flags=0x8, repeatCount=0, eventTime=538597, downTime=538597, deviceId=-1, source=0x101 }
W/ViewRootImpl( 5036): Dropping event due to no window focus: KeyEvent { action=ACTION_DOWN, keyCode=KEYCODE_DPAD_LEFT, scanCode=0, metaState=0, flags=0x8, repeatCount=0, eventTime=538597, downTime=538597, deviceId=-1, source=0x101 }
W/ViewRootImpl( 5036): Dropping event due to no window focus: KeyEvent { action=ACTION_DOWN, keyCode=KEYCODE_FUNCTION, scanCode=0, metaState=0, flags=0x8, repeatCount=0, eventTime=538598, downTime=538598, deviceId=-1, source=0x101 }
W/EGL_emulation( 5036): eglSurfaceAttrib not implemented 3093 12436
W/InputEventReceiver( 5036): Attempted to finish an input event but the input event receiver has already been disposed.
D/essentel OrionActivity( 5036): onWindowFocusChanged(false)
D/essentel OrionActivity( 5036): onWindowFocusChanged(true)
W/InputMethodManagerService(  469): Window already focused, ignoring focus gain of: com.android.internal.view.IInputMethodClient$Stub$Proxy@4aa365bc attribute=null, token = android.os.BinderProxy@4af8cdc0
W/EGL_emulation( 5036): eglSurfaceAttrib not implemented 3093 12436
D/dalvikvm(  469): GC_FOR_ALLOC freed 2444K, 41% free 11780K/19940K, paused 14ms, total 15ms
D/JsMessageQueue( 5036): Set native->JS mode to OnlineEventsBridgeMode
D/dalvikvm(  529): GC_CONCURRENT freed 9268K, 59% free 5002K/11928K, paused 1ms+1ms, total 4ms
D/dalvikvm(  469): GC_CONCURRENT freed 115K, 40% free 12094K/19940K, paused 2ms+1ms, total 21ms
I/ActivityManager(  469): START u0 {act=com.android.systemui.recent.action.TOGGLE_RECENTS flg=0x10800000 cmp=com.android.systemui/.recent.RecentsActivity (has extras)} from pid 529
D/essentel OrionActivity( 5036): onWindowFocusChanged(true)
