W/UnimplementedWebViewApi(22004): Unimplemented WebView method onKeyDown called from: android.webkit.WebView.onKeyDown(WebView.java:2169)
W/UnimplementedWebViewApi(22004): Unimplemented WebView method onKeyDown called from: android.webkit.WebView.onKeyDown(WebView.java:2169)
W/UnimplementedWebViewApi(22004): Unimplemented WebView method onKeyDown called from: android.webkit.WebView.onKeyDown(WebView.java:2169)
W/UnimplementedWebViewApi(22004): Unimplemented WebView method onKeyDown called from: android.webkit.WebView.onKeyDown(WebView.java:2169)
W/UnimplementedWebViewApi(22004): Unimplemented WebView method onKeyDown called from: android.webkit.WebView.onKeyDown(WebView.java:2169)
W/UnimplementedWebViewApi(22004): Unimplemented WebView method onKeyDown called from: android.webkit.WebView.onKeyDown(WebView.java:2169)
W/EGL_emulation(22004): eglSurfaceAttrib not implemented 3093 12436
W/ViewRootImpl(22004): Dropping event due to no window focus: KeyEvent { action=ACTION_DOWN, keyCode=KEYCODE_PLUS, scanCode=0, metaState=0, flags=0x8, repeatCount=0, eventTime=2091052, downTime=2091052, deviceId=-1, source=0x101 }
W/ViewRootImpl(22004): Dropping event due to no window focus: KeyEvent { action=ACTION_DOWN, keyCode=KEYCODE_DPAD_LEFT, scanCode=0, metaState=0, flags=0x8, repeatCount=0, eventTime=2091135, downTime=2091135, deviceId=-1, source=0x101 }
W/UnimplementedWebViewApi(22004): Unimplemented WebView method onKeyDown called from: android.webkit.WebView.onKeyDown(WebView.java:2169)
W/InputMethodManagerService(  464): Window already focused, ignoring focus gain of: com.android.internal.view.IInputMethodClient$Stub$Proxy@4aae8ce0 attribute=null, token = android.os.BinderProxy@4abda46c
W/ViewRootImpl(22004): Dropping event due to no window focus: KeyEvent { action=ACTION_DOWN, keyCode=KEYCODE_DPAD_DOWN, scanCode=0, metaState=0, flags=0x8, repeatCount=0, eventTime=2091154, downTime=2091154, deviceId=-1, source=0x101 }
W/EGL_emulation(22004): eglSurfaceAttrib not implemented 3093 12436
W/ViewRootImpl(22004): Dropping event due to no window focus: KeyEvent { action=ACTION_DOWN, keyCode=KEYCODE_MENU, scanCode=0, metaState=0, flags=0x8, repeatCount=0, eventTime=2091165, downTime=2091165, deviceId=-1, source=0x101 }
W/InputMethodManagerService(  464): Window already focused, ignoring focus gain of: com.android.internal.view.IInputMethodClient$Stub$Proxy@4a9bd6e8 attribute=null, token = android.os.BinderProxy@4abda46c
W/UnimplementedWebViewApi(22004): Unimplemented WebView method onKeyMultiple called from: android.webkit.WebView.onKeyMultiple(WebView.java:2179)
W/UnimplementedWebViewApi(22004): Unimplemented WebView method onKeyDown called from: android.webkit.WebView.onKeyDown(WebView.java:2169)
W/UnimplementedWebViewApi(22004): Unimplemented WebView method onKeyDown called from: android.webkit.WebView.onKeyDown(WebView.java:2169)
W/UnimplementedWebViewApi(22004): Unimplemented WebView method onKeyDown called from: android.webkit.WebView.onKeyDown(WebView.java:2169)
W/UnimplementedWebViewApi(22004): Unimplemented WebView method onKeyDown called from: android.webkit.WebView.onKeyDown(WebView.java:2169)
W/UnimplementedWebViewApi(22004): Unimplemented WebView method onKeyDown called from: android.webkit.WebView.onKeyDown(WebView.java:2169)
W/UnimplementedWebViewApi(22004): Unimplemented WebView method onKeyDown called from: android.webkit.WebView.onKeyDown(WebView.java:2169)
W/UnimplementedWebViewApi(22004): Unimplemented WebView method onKeyDown called from: android.webkit.WebView.onKeyDown(WebView.java:2169)
W/UnimplementedWebViewApi(22004): Unimplemented WebView method onKeyDown called from: android.webkit.WebView.onKeyDown(WebView.java:2169)
W/UnimplementedWebViewApi(22004): Unimplemented WebView method onKeyDown called from: android.webkit.WebView.onKeyDown(WebView.java:2169)
W/ViewRootImpl(22004): Dropping event due to no window focus: KeyEvent { action=ACTION_DOWN, keyCode=KEYCODE_DPAD_RIGHT, scanCode=0, metaState=0, flags=0x8, repeatCount=0, eventTime=2091293, downTime=2091293, deviceId=-1, source=0x101 }
W/EGL_emulation(22004): eglSurfaceAttrib not implemented 3093 12436
W/ViewRootImpl(22004): Dropping event due to no window focus: KeyEvent { action=ACTION_DOWN, keyCode=KEYCODE_DPAD_RIGHT, scanCode=0, metaState=0, flags=0x8, repeatCount=0, eventTime=2091300, downTime=2091300, deviceId=-1, source=0x101 }
W/ViewRootImpl(22004): Dropping event due to no window focus: KeyEvent { action=ACTION_DOWN, keyCode=KEYCODE_DPAD_CENTER, scanCode=0, metaState=0, flags=0x8, repeatCount=0, eventTime=2091378, downTime=2091378, deviceId=-1, source=0x101 }
W/InputMethodManagerService(  464): Window already focused, ignoring focus gain of: com.android.internal.view.IInputMethodClient$Stub$Proxy@4a9544f8 attribute=null, token = android.os.BinderProxy@4abda46c
W/UnimplementedWebViewApi(22004): Unimplemented WebView method onKeyDown called from: android.webkit.WebView.onKeyDown(WebView.java:2169)
D/dalvikvm(  464): GC_CONCURRENT freed 3417K, 48% free 15943K/30660K, paused 0ms+2ms, total 25ms
W/EGL_emulation(22004): eglSurfaceAttrib not implemented 3093 12436
W/ViewRootImpl(22004): Dropping event due to no window focus: KeyEvent { action=ACTION_DOWN, keyCode=KEYCODE_DPAD_CENTER, scanCode=0, metaState=0, flags=0x8, repeatCount=0, eventTime=2091409, downTime=2091409, deviceId=-1, source=0x101 }
W/InputMethodManagerService(  464): Window already focused, ignoring focus gain of: com.android.internal.view.IInputMethodClient$Stub$Proxy@4ac778d4 attribute=null, token = android.os.BinderProxy@4abda46c
W/UnimplementedWebViewApi(22004): Unimplemented WebView method onKeyDown called from: android.webkit.WebView.onKeyDown(WebView.java:2169)
W/UnimplementedWebViewApi(22004): Unimplemented WebView method onKeyDown called from: android.webkit.WebView.onKeyDown(WebView.java:2169)
W/UnimplementedWebViewApi(22004): Unimplemented WebView method onKeyMultiple called from: android.webkit.WebView.onKeyMultiple(WebView.java:2179)
W/UnimplementedWebViewApi(22004): Unimplemented WebView method onKeyDown called from: android.webkit.WebView.onKeyDown(WebView.java:2169)
W/UnimplementedWebViewApi(22004): Unimplemented WebView method onKeyDown called from: android.webkit.WebView.onKeyDown(WebView.java:2169)
W/UnimplementedWebViewApi(22004): Unimplemented WebView method onKeyDown called from: android.webkit.WebView.onKeyDown(WebView.java:2169)
W/UnimplementedWebViewApi(22004): Unimplemented WebView method onKeyDown called from: android.webkit.WebView.onKeyDown(WebView.java:2169)
W/UnimplementedWebViewApi(22004): Unimplemented WebView method onKeyDown called from: android.webkit.WebView.onKeyDown(WebView.java:2169)
W/UnimplementedWebViewApi(22004): Unimplemented WebView method onKeyDown called from: android.webkit.WebView.onKeyDown(WebView.java:2169)
D/dalvikvm(22004): GC_CONCURRENT freed 791K, 17% free 5286K/6364K, paused 3ms+0ms, total 7ms
W/UnimplementedWebViewApi(22004): Unimplemented WebView method onKeyDown called from: android.webkit.WebView.onKeyDown(WebView.java:2169)
W/UnimplementedWebViewApi(22004): Unimplemented WebView method onKeyDown called from: android.webkit.WebView.onKeyDown(WebView.java:2169)
I/System.out(22004): body:<com.startapp.android.publish.i.v: java.lang.String encode(java.lang.String)>	sig:$r1 = staticinvoke <java.net.URLEncoder: java.lang.String encode(java.lang.String,java.lang.String)>($r1, "UTF-8")	timediff:0
I/System.out(22004): body:<com.startapp.android.publish.i.v: java.lang.String encode(java.lang.String)>	sig:$r1 = staticinvoke <java.net.URLEncoder: java.lang.String encode(java.lang.String,java.lang.String)>($r1, "UTF-8")	timediff:0
I/System.out(22004): body:<com.startapp.android.publish.i.d: java.lang.String a(java.lang.String)>	sig:$r1 = staticinvoke <java.net.URLDecoder: java.lang.String decode(java.lang.String,java.lang.String)>($r0, $r1)	timediff:0
I/System.out(22004): body:<com.startapp.android.publish.i.d: java.lang.String b(java.lang.String)>	sig:$r4 = staticinvoke <java.net.URLEncoder: java.lang.String encode(java.lang.String,java.lang.String)>($r0, $r4)	timediff:0
I/System.out(22004): body:<com.startapp.android.publish.h.c: java.util.Map a(android.content.Context,java.util.Map)>	sig:$r5 = staticinvoke <java.net.URLEncoder: java.lang.String encode(java.lang.String,java.lang.String)>($r5, "UTF-8")	timediff:0
I/System.out(22004): body:<com.startapp.android.publish.i.p: java.net.HttpURLConnection a(android.content.Context,java.lang.String,byte[],java.util.Map)>	sig:specialinvoke $r4.<java.net.URL: void <init>(java.lang.String)>($r1)	timediff:1
I/System.out(22004): <com.startapp.android.publish.i.p: java.net.HttpURLConnection a(android.content.Context,java.lang.String,byte[],java.util.Map)>###specialinvoke $r4.<java.net.URL: void <init>(java.lang.String)>($r1)###https://click.startappservice.com/tracking/adClose?d=IAAAAAAgAAA6X1NDRENEX1lYSFRBTkVUQEdXRUdSW1BKT0JXUFhTWl1AXUJPQ0FWXkFRW0BDSU1FWF9eU11JQkdCQ0VcQkFUWVZDTEFFSl5cVjY4IytZS0BTR1NTX14XTUNMWwpdDUgYQ0xTX0BRRkBIDFpFSV0VXQsKWlYfFRVTEEJCQUNYXVNGSEREW1laSFRNTkBRRkFYQ0dcWkBDQE0XBgJAHhUJXRATEwMCEQIRAQwcClNGXlJfRVVaQUxcOzoyJDEpIkBBSE0mICwmNDE8KyBCQUZcOT4kPjMtNiYxOyMvMkZKREkHBxgNABECCzxBHS8XHA0LNAwXFQYALRUPGR0HGg0tFx8AAQ4AABZaQE1cPzsjOTwgTVdERCA5JCM%2BBAwKABsPIBEGPhUSLRMfWkRDVD0rLCg2NzEtUUBZTUBLXlFFTlNBWVIvJSErPD0lUUFTTTMKAwoRClNBX1JfWFxXREZUS0xQRkZTWFVET0ZXXFhTWFBXREVXR01CRUhYWkBESU0jICknSFNKTkFTR1dXRU02KihRT0dJWUFdW1dMUEVQQ0kHERwWC0BFSU0XBgJAAgsKBxUGABUMXhELChEdEBRXXldTWldBQ1dWS0lWQkBGX15DQEJED1YNWEhIQkZTX0BWFkVIVgZLQF1FDF1cDVBOERJUEEVCR0FYPgIAHB4ACANODBAQFxUPERFCREBYKxUXCwkbBwpNXlZEIBsCGxUNU0FVWV5KSkFAWFpXWVNaQkRZTxIAHAMATVFPSF5ASlpTWFRJQkJCRUFcXURLXkBFT00yJjo8SFRMTiYoMTw%2BJDU9OkBDT00HAAEJBwBaQkNcQ1dTQE02I041QEVBJ0xcWlgKEhkSBxoGU0JXU1JLWkNEVC08SFZBTkdPRlpSU0RRU1BRTUVJWUxaUlhISkZRFE0CQ11UX1FAVERDD1pDUwBASllYQxFTQhZQWQEUTBJXXFtTOTZaRk1cBgYUFVNTV15BV0RXXl1TDQQVABFCRUdcFR5IGxBRTkRJW1lZXlRLQ01QSkZSR0FdWkBKT00xJy4sJyA9UE1ZTz0vJDU3PTc7LTk1JUxWXFhJXUdRQEFCSEhYQ1JcSVNMUFJDWktJUEVRREkHERwWC0BDSEZJUEw%3D&clientSessionId=f059f1c2-250b-4910-8ea2-bfdc2f04b968&displayDuration=1.835&ts=1523657765588&afh=6OqXzk41QjToCzNBfwhojg
I/System.out(22004): body:<com.startapp.android.publish.i.p: java.net.HttpURLConnection a(android.content.Context,java.lang.String,byte[],java.util.Map)>	sig:$r5 = virtualinvoke $r4.<java.net.URL: java.net.URLConnection openConnection()>()	timediff:0
I/System.out(22004): body:<com.startapp.android.publish.i.p: java.net.HttpURLConnection a(android.content.Context,java.lang.String,byte[],java.util.Map)>	sig:virtualinvoke $r6.<java.net.HttpURLConnection: void addRequestProperty(java.lang.String,java.lang.String)>("Cache-Control", "no-cache")	timediff:0
I/System.out(22004): body:<com.startapp.android.publish.i.b: void a(java.net.HttpURLConnection,java.lang.String)>	sig:$r3 = staticinvoke <java.net.URI: java.net.URI create(java.lang.String)>($r1)	timediff:0
I/System.out(22004): body:<com.startapp.android.publish.i.b: void a(java.net.HttpURLConnection,java.lang.String)>	sig:$r4 = virtualinvoke $r0.<java.net.HttpURLConnection: java.util.Map getRequestProperties()>()	timediff:0
I/System.out(22004): body:<com.startapp.android.publish.h.b: java.util.List get(java.net.URI)>	sig:$r3 = interfaceinvoke $r2.<java.net.CookieStore: java.util.List get(java.net.URI)>($r1)	timediff:0
I/System.out(22004): body:<com.startapp.android.publish.i.b: void a(java.net.HttpURLConnection,java.lang.String)>	sig:$r4 = virtualinvoke $r2.<java.net.CookieManager: java.util.Map get(java.net.URI,java.util.Map)>($r3, $r4)	timediff:0
I/System.out(22004): body:<com.startapp.android.publish.i.p: java.net.HttpURLConnection a(android.content.Context,java.lang.String,byte[],java.util.Map)>	sig:virtualinvoke $r6.<java.net.HttpURLConnection: void addRequestProperty(java.lang.String,java.lang.String)>("User-Agent", $r1)	timediff:0
I/System.out(22004): body:<com.startapp.android.publish.i.p: java.net.HttpURLConnection a(android.content.Context,java.lang.String,byte[],java.util.Map)>	sig:virtualinvoke $r6.<java.net.HttpURLConnection: void setRequestMethod(java.lang.String)>("GET")	timediff:0
I/System.out(22004): body:<com.startapp.android.publish.i.p: java.net.HttpURLConnection a(android.content.Context,java.lang.String,byte[],java.util.Map)>	sig:virtualinvoke $r6.<java.net.HttpURLConnection: void setRequestProperty(java.lang.String,java.lang.String)>("Accept", "application/json;text/html;text/plain")	timediff:0
I/System.out(22004): body:<com.startapp.android.publish.i.p: java.net.HttpURLConnection a(android.content.Context,java.lang.String,byte[],java.util.Map)>	sig:virtualinvoke $r6.<java.net.HttpURLConnection: void setReadTimeout(int)>(10000)	timediff:0
I/System.out(22004): body:<com.startapp.android.publish.i.p: java.net.HttpURLConnection a(android.content.Context,java.lang.String,byte[],java.util.Map)>	sig:virtualinvoke $r6.<java.net.HttpURLConnection: void setConnectTimeout(int)>(10000)	timediff:0
I/AdColony(22004): [ADC] AdColony pause called.
W/NetworkManagementSocketTagger(  464): setKernelCountSet(10086, 0) failed with errno -13
W/WindowManager(  464): Force-removing child win Window{4acc5794 u0 AtchDlg:com.upp.drawcartoons/com.startapp.android.publish.OverlayActivity EXITING} from container Window{4ae8039c u0 com.upp.drawcartoons/com.startapp.android.publish.OverlayActivity}
W/ViewRootImpl(  681): Dropping event due to no window focus: KeyEvent { action=ACTION_DOWN, keyCode=KEYCODE_MENU, scanCode=0, metaState=0, flags=0x8, repeatCount=0, eventTime=2091630, downTime=2091630, deviceId=-1, source=0x101 }
W/ViewRootImpl(  681): Dropping event due to no window focus: KeyEvent { action=ACTION_DOWN, keyCode=KEYCODE_MENU, scanCode=0, metaState=0, flags=0x8, repeatCount=0, eventTime=2091786, downTime=2091786, deviceId=-1, source=0x101 }
W/ContextImpl(  464): Calling a method in the system process without a qualified user: android.app.ContextImpl.sendBroadcast:1123 com.android.server.InputMethodManagerService.hideCurrentInputLocked:1880 com.android.server.InputMethodManagerService.windowGainedFocus:1968 com.android.internal.view.IInputMethodManager$Stub.onTransact:221 com.android.server.InputMethodManagerService.onTransact:818 
W/IInputConnectionWrapper(22004): showStatusIcon on inactive InputConnection
I/System.out(22004): body:<com.startapp.android.publish.i.p: boolean a(android.content.Context,java.lang.String,java.util.Map,java.lang.StringBuilder)>	sig:$i0 = virtualinvoke $r8.<java.net.HttpURLConnection: int getResponseCode()>()	timediff:282
I/System.out(22004): body:<com.startapp.android.publish.i.b: void b(java.net.HttpURLConnection,java.lang.String)>	sig:$r3 = staticinvoke <java.net.URI: java.net.URI create(java.lang.String)>($r1)	timediff:1
I/System.out(22004): body:<com.startapp.android.publish.i.b: void b(java.net.HttpURLConnection,java.lang.String)>	sig:$r4 = virtualinvoke $r0.<java.net.HttpURLConnection: java.util.Map getHeaderFields()>()	timediff:0
I/System.out(22004): body:<com.startapp.android.publish.i.b: void b(java.net.HttpURLConnection,java.lang.String)>	sig:virtualinvoke $r2.<java.net.CookieManager: void put(java.net.URI,java.util.Map)>($r3, $r4)	timediff:0
I/System.out(22004): body:<com.startapp.android.publish.i.p: boolean a(android.content.Context,java.lang.String,java.util.Map,java.lang.StringBuilder)>	sig:$r10 = virtualinvoke $r8.<java.net.HttpURLConnection: java.io.InputStream getInputStream()>()	timediff:0
I/System.out(22004): body:<empirical.HelperClass: void printURLInfo(java.lang.String,java.lang.String,java.net.URLConnection)>	sig:$r0 = virtualinvoke urlConnection.<java.net.URLConnection: java.net.URL getURL()>()	timediff:0
I/System.out(22004): body:<empirical.HelperClass: void printURLInfo(java.lang.String,java.lang.String,java.net.URLConnection)>	sig:urlString = virtualinvoke $r0.<java.net.URL: java.lang.String toString()>()	timediff:0
I/System.out(22004): body:<empirical.HelperClass: void printURLInfo(java.lang.String,java.lang.String,java.net.URLConnection)>	sig:isDoOutput = virtualinvoke urlConnection.<java.net.URLConnection: boolean getDoOutput()>()	timediff:0
I/System.out(22004): body:<empirical.HelperClass: java.lang.String getHeaderField(java.net.URLConnection,java.lang.String)>	sig:data = virtualinvoke conn.<java.net.URLConnection: java.lang.String getHeaderField(java.lang.String)>(field)	timediff:0
I/System.out(22004): body:<empirical.HelperClass: java.lang.String getHeaderField(java.net.URLConnection,java.lang.String)>	sig:data = virtualinvoke conn.<java.net.URLConnection: java.lang.String getHeaderField(java.lang.String)>(field)	timediff:1
I/System.out(22004): body:<empirical.HelperClass: java.lang.String getHeaderField(java.net.URLConnection,java.lang.String)>	sig:data = virtualinvoke conn.<java.net.URLConnection: java.lang.String getHeaderField(java.lang.String)>(field)	timediff:0
I/System.out(22004): body:<empirical.HelperClass: java.lang.String getHeaderField(java.net.URLConnection,java.lang.String)>	sig:data = virtualinvoke conn.<java.net.URLConnection: java.lang.String getHeaderField(java.lang.String)>(field)	timediff:0
I/System.out(22004): body:<empirical.HelperClass: java.lang.String getHeaderField(java.net.URLConnection,java.lang.String)>	sig:data = virtualinvoke conn.<java.net.URLConnection: java.lang.String getHeaderField(java.lang.String)>(field)	timediff:0
I/System.out(22004): URLConn;%;16;%;<com.startapp.android.publish.i.p: boolean a(android.content.Context,java.lang.String,java.util.Map,java.lang.StringBuilder)>;%;$r10 = virtualinvoke $r8.<java.net.HttpURLConnection: java.io.InputStream getInputStream()>();%;https://click.startappservice.com/tracking/adClose?d=IAAAAAAgAAA6X1NDRENEX1lYSFRBTkVUQEdXRUdSW1BKT0JXUFhTWl1AXUJPQ0FWXkFRW0BDSU1FWF9eU11JQkdCQ0VcQkFUWVZDTEFFSl5cVjY4IytZS0BTR1NTX14XTUNMWwpdDUgYQ0xTX0BRRkBIDFpFSV0VXQsKWlYfFRVTEEJCQUNYXVNGSEREW1laSFRNTkBRRkFYQ0dcWkBDQE0XBgJAHhUJXRATEwMCEQIRAQwcClNGXlJfRVVaQUxcOzoyJDEpIkBBSE0mICwmNDE8KyBCQUZcOT4kPjMtNiYxOyMvMkZKREkHBxgNABECCzxBHS8XHA0LNAwXFQYALRUPGR0HGg0tFx8AAQ4AABZaQE1cPzsjOTwgTVdERCA5JCM%2BBAwKABsPIBEGPhUSLRMfWkRDVD0rLCg2NzEtUUBZTUBLXlFFTlNBWVIvJSErPD0lUUFTTTMKAwoRClNBX1JfWFxXREZUS0xQRkZTWFVET0ZXXFhTWFBXREVXR01CRUhYWkBESU0jICknSFNKTkFTR1dXRU02KihRT0dJWUFdW1dMUEVQQ0kHERwWC0BFSU0XBgJAAgsKBxUGABUMXhELChEdEBRXXldTWldBQ1dWS0lWQkBGX15DQEJED1YNWEhIQkZTX0BWFkVIVgZLQF1FDF1cDVBOERJUEEVCR0FYPgIAHB4ACANODBAQFxUPERFCREBYKxUXCwkbBwpNXlZEIBsCGxUNU0FVWV5KSkFAWFpXWVNaQkRZTxIAHAMATVFPSF5ASlpTWFRJQkJCRUFcXURLXkBFT00yJjo8SFRMTiYoMTw%2BJDU9OkBDT00HAAEJBwBaQkNcQ1dTQE02I041QEVBJ0xcWlgKEhkSBxoGU0JXU1JLWkNEVC08SFZBTkdPRlpSU0RRU1BRTUVJWUxaUlhISkZRFE0CQ11UX1FAVERDD1pDUwBASllYQxFTQhZQWQEUTBJXXFtTOTZaRk1cBgYUFVNTV15BV0RXXl1TDQQVABFCRUdcFR5IGxBRTkRJW1lZXlRLQ01QSkZSR0FdWkBKT00xJy4sJyA9UE1ZTz0vJDU3PTc7LTk1JUxWXFhJXUdRQEFCSEhYQ1JcSVNMUFJDWktJUEVRREkHERwWC0BDSEZJUEw%3D&clientSessionId=f059f1c2-250b-4910-8ea2-bfdc2f04b968&displayDuration=1.835&ts=1523657765588&afh=6OqXzk41QjToCzNBfwhojg;%;false;%;0;%;max-age=0, no-cache, no-store;%;Fri, 13 Apr 2018 22:16:05 GMT;%;Not found;%;Not found
I/System.out(22004): body:<com.startapp.android.publish.i.p: boolean a(android.content.Context,java.lang.String,java.util.Map,java.lang.StringBuilder)>	sig:virtualinvoke $r8.<java.net.HttpURLConnection: void disconnect()>()	timediff:0
W/DebugConnManager(  681): getNetworkInfo() on networkType 1
I/ActivityManager(  464): START u0 {act=android.intent.action.VIEW dat=http://launcher.us.yeshen.com/api/app/detail?id=com.sega.sonicdash flg=0x10000000 cmp=com.android.browser/.BrowserActivity} from pid 681
W/DebugConnManager(  681): getNetworkInfo() on networkType 1
I/ActivityManager(  464): START u0 {act=android.intent.action.VIEW dat=http://launcher.us.yeshen.com/api/app/detail?id=com.extremefungames.mototrafficrace2 flg=0x10000000 cmp=com.android.browser/.BrowserActivity} from pid 681
W/Launcher(  681): No global search activity found.
W/DebugConnManager(  681): getNetworkInfo() on networkType 1
W/Launcher(  681): No global search activity found.
W/DebugConnManager(  681): getNetworkInfo() on networkType 1
I/ActivityManager(  464): START u0 {act=android.intent.action.VIEW dat=http://launcher.us.yeshen.com/api/app/detail?id=air.com.hypah.io.slither flg=0x10000000 cmp=com.android.browser/.BrowserActivity} from pid 681
W/Launcher(  681): No global search activity found.
D/dalvikvm(  681): GC_FOR_ALLOC freed 4847K, 8% free 110119K/118488K, paused 43ms, total 48ms
W/DebugConnManager(  681): getNetworkInfo() on networkType 1
I/ActivityManager(  464): START u0 {act=android.intent.action.VIEW dat=http://launcher.us.yeshen.com/api/app/detail?id=com.dts.freefireth flg=0x10000000 cmp=com.android.browser/.BrowserActivity} from pid 681
E/AudioFlinger(  170): no more track names available
E/AudioTrack(  464): AudioFlinger could not create track, status: -12
E/SoundPool(  464): Error creating AudioTrack
E/AudioFlinger(  170): no more track names available
E/AudioTrack(  464): AudioFlinger could not create track, status: -12
E/SoundPool(  464): Error creating AudioTrack
E/AudioFlinger(  170): no more track names available
E/AudioTrack(  464): AudioFlinger could not create track, status: -12
E/SoundPool(  464): Error creating AudioTrack
E/AudioFlinger(  170): no more track names available
E/AudioTrack(  464): AudioFlinger could not create track, status: -12
E/SoundPool(  464): Error creating AudioTrack
E/AudioFlinger(  170): no more track names available
E/AudioTrack(  464): AudioFlinger could not create track, status: -12
E/SoundPool(  464): Error creating AudioTrack
E/AudioFlinger(  170): no more track names available
E/AudioTrack(  464): AudioFlinger could not create track, status: -12
E/SoundPool(  464): Error creating AudioTrack
E/AudioFlinger(  170): no more track names available
E/AudioTrack(  464): AudioFlinger could not create track, status: -12
W/DebugConnManager(  681): getNetworkInfo() on networkType 1
E/SoundPool(  464): Error creating AudioTrack
E/AudioFlinger(  170): no more track names available
E/AudioTrack(  464): AudioFlinger could not create track, status: -12
E/SoundPool(  464): Error creating AudioTrack
I/ActivityManager(  464): START u0 {act=android.intent.action.VIEW dat=http://launcher.us.yeshen.com/api/app/detail?id=com.fungames.sniper3d flg=0x10000000 cmp=com.android.browser/.BrowserActivity} from pid 681
E/AudioFlinger(  170): no more track names available
E/AudioTrack(  464): AudioFlinger could not create track, status: -12
E/SoundPool(  464): Error creating AudioTrack
E/AudioFlinger(  170): no more track names available
E/AudioTrack(  464): AudioFlinger could not create track, status: -12
E/SoundPool(  464): Error creating AudioTrack
E/AudioFlinger(  170): no more track names available
E/AudioTrack(  464): AudioFlinger could not create track, status: -12
E/SoundPool(  464): Error creating AudioTrack
E/AudioFlinger(  170): no more track names available
E/AudioTrack(  464): AudioFlinger could not create track, status: -12
E/SoundPool(  464): Error creating AudioTrack
D/dalvikvm(  681): GC_FOR_ALLOC freed 4488K, 8% free 109920K/118488K, paused 47ms, total 47ms
W/DebugConnManager(  681): getNetworkInfo() on networkType 1
E/AudioFlinger(  170): no more track names available
E/AudioTrack(  464): AudioFlinger could not create track, status: -12
E/SoundPool(  464): Error creating AudioTrack
I/ActivityManager(  464): START u0 {act=android.intent.action.VIEW dat=http://launcher.us.yeshen.com/api/app/detail?id=br.com.lgrmobile.jdb2 flg=0x10000000 cmp=com.android.browser/.BrowserActivity} from pid 681
E/AudioFlinger(  170): no more track names available
E/AudioTrack(  464): AudioFlinger could not create track, status: -12
W/DebugConnManager(  681): getNetworkInfo() on networkType 1
E/SoundPool(  464): Error creating AudioTrack
I/ActivityManager(  464): START u0 {act=android.intent.action.VIEW dat=http://launcher.us.yeshen.com/api/app/detail?id=br.com.lgrmobile.jdb2 flg=0x10000000 cmp=com.android.browser/.BrowserActivity} from pid 681
E/AudioFlinger(  170): no more track names available
E/AudioTrack(  464): AudioFlinger could not create track, status: -12
E/SoundPool(  464): Error creating AudioTrack
W/ContextImpl(  681): Calling a method in the system process without a qualified user: android.app.ContextImpl.bindService:1556 android.content.ContextWrapper.bindService:517 com.google.android.gms.common.stats.zzb.zza:-1 com.google.android.gms.common.stats.zzb.zza:-1 com.google.android.gms.ads.identifier.AdvertisingIdClient.zzh:-1 
I/qtaguid (  681): Untagging socket 52 failed errno=-13
W/NetworkManagementSocketTagger(  681): untagSocket(52) failed with errno -13
I/qtaguid (  681): Tagging socket 52 with tag 49e2824000000000(1239581248) for uid -1 failed errno=-13
I/NetworkManagementSocketTagger(  681): tagSocketFd(52, 1239581248, -1) failed with errno-13
E/AudioFlinger(  170): no more track names available
E/AudioTrack(  464): AudioFlinger could not create track, status: -12
E/SoundPool(  464): Error creating AudioTrack
E/AudioFlinger(  170): no more track names available
E/AudioTrack(  464): AudioFlinger could not create track, status: -12
E/SoundPool(  464): Error creating AudioTrack
E/AudioFlinger(  170): no more track names available
E/AudioTrack(  464): AudioFlinger could not create track, status: -12
E/SoundPool(  464): Error creating AudioTrack
E/AudioFlinger(  170): no more track names available
E/AudioTrack(  464): AudioFlinger could not create track, status: -12
E/SoundPool(  464): Error creating AudioTrack
E/AudioFlinger(  170): no more track names available
E/AudioTrack(  464): AudioFlinger could not create track, status: -12
E/SoundPool(  464): Error creating AudioTrack
E/AudioFlinger(  170): no more track names available
E/AudioTrack(  464): AudioFlinger could not create track, status: -12
E/SoundPool(  464): Error creating AudioTrack
W/Launcher(  681): No global search activity found.
W/PropertyValuesHolder(  681): Method setBrightness() with type int not found on target class class ph
W/PropertyValuesHolder(  681): Method getBrightness() with type int not found on target class class ph
E/AudioFlinger(  170): no more track names available
E/AudioTrack(  464): AudioFlinger could not create track, status: -12
E/SoundPool(  464): Error creating AudioTrack
E/AudioFlinger(  170): no more track names available
E/AudioTrack(  464): AudioFlinger could not create track, status: -12
E/SoundPool(  464): Error creating AudioTrack
E/AudioFlinger(  170): no more track names available
E/AudioTrack(  464): AudioFlinger could not create track, status: -12
E/SoundPool(  464): Error creating AudioTrack
E/AudioFlinger(  170): no more track names available
E/AudioTrack(  464): AudioFlinger could not create track, status: -12
E/SoundPool(  464): Error creating AudioTrack
E/AudioFlinger(  170): no more track names available
E/AudioTrack(  464): AudioFlinger could not create track, status: -12
I/ActivityManager(  464): START u0 {act=android.intent.action.MAIN cat=[android.intent.category.LAUNCHER] flg=0x10200000 cmp=com.cyanogenmod.filemanager/.activities.NavigationActivity bnds=[334,174][538,301] (has extras)} from pid 681
W/ContextImpl(  681): Calling a method in the system process without a qualified user: android.app.ContextImpl.sendBroadcast:1137 android.content.ContextWrapper.sendBroadcast:370 com.vphone.launcher.Stats.recordLaunch:129 com.vphone.launcher.Launcher.c:3192 com.vphone.launcher.Launcher.onClickAppShortcut:3144 
E/SoundPool(  464): Error creating AudioTrack
E/AudioFlinger(  170): no more track names available
E/AudioTrack(  464): AudioFlinger could not create track, status: -12
E/SoundPool(  464): Error creating AudioTrack
E/AudioFlinger(  170): no more track names available
E/AudioTrack(  464): AudioFlinger could not create track, status: -12
E/SoundPool(  464): Error creating AudioTrack
E/AudioFlinger(  170): no more track names available
E/AudioTrack(  464): AudioFlinger could not create track, status: -12
E/SoundPool(  464): Error creating AudioTrack
E/AudioFlinger(  170): no more track names available
E/AudioTrack(  464): AudioFlinger could not create track, status: -12
E/SoundPool(  464): Error creating AudioTrack
I/qtaguid (  681): Tagging socket 85 with tag 49e2824000000000(1239581248) for uid -1 failed errno=-13
I/NetworkManagementSocketTagger(  681): tagSocketFd(85, 1239581248, -1) failed with errno-13
E/AudioFlinger(  170): no more track names available
E/AudioTrack(  464): AudioFlinger could not create track, status: -12
E/SoundPool(  464): Error creating AudioTrack
E/AudioFlinger(  170): no more track names available
E/AudioTrack(  464): AudioFlinger could not create track, status: -12
E/SoundPool(  464): Error creating AudioTrack
E/AudioFlinger(  170): no more track names available
E/AudioTrack(  464): AudioFlinger could not create track, status: -12
E/SoundPool(  464): Error creating AudioTrack
E/AudioFlinger(  170): no more track names available
E/AudioTrack(  464): AudioFlinger could not create track, status: -12
E/SoundPool(  464): Error creating AudioTrack
E/AudioFlinger(  170): no more track names available
E/AudioTrack(  464): AudioFlinger could not create track, status: -12
E/SoundPool(  464): Error creating AudioTrack
E/AudioFlinger(  170): no more track names available
E/AudioTrack(  464): AudioFlinger could not create track, status: -12
E/SoundPool(  464): Error creating AudioTrack
I/AdColony(22004): ADC.finishing, controller on_stop
I/System.out(22004): body:<com.jirbo.adcolony.b: void run()>	sig:specialinvoke $r5.<java.net.URL: void <init>(java.lang.String)>($r2)	timediff:1
I/System.out(22004): <com.jirbo.adcolony.b: void run()>###specialinvoke $r5.<java.net.URL: void <init>(java.lang.String)>($r2)###https://events3alt.adcolony.com/t/5.0/session_end?pl=uJw4seq8UxLVBRst0LEY966MOjr25w0oPgnI_zmXGlD-bR56gdGXh3SzpeoaW20RQDHCNfOXohx3Q2AzR7Nx6_IAIBQi3Dn6G8jdmuAVFUH8T6DEokyJqEVSohEOzq4Xfcrdu-svwADZlF7a35kVsJaPVwfyJMBsrEfXfUxvogSEPtH4LsnbhgJDqYT384LtnE6KaAeC2zaDJnSaIw5oPTNiIgM1_s8VwM-Il6fXm4BGHByfchqq4nohDZQNYlWp1REywUwgjU-M5GTRMs8L6r97tuXKAH42ZfnOuoVnSiLaIw5GRZ2xF-gR3-bTbzoNnKSEdnKbtWDbyvC5bj6AE7HNyc-Zgqgd9t77FzLLoucUmCm711amUiyP5o1UNgUIcN_1W_wr5GfmfdQgVhXYayFI85T5sRt5dcVQsAjlP0mYIIFANWDN5VVBaBEEIX4Q4ljP_c5YySldSVo2UWK8Zl3t7zZ9JGVJN_IMd5ItNw%3D%3D
I/System.out(22004): body:<com.jirbo.adcolony.b: void run()>	sig:$r4 = virtualinvoke $r5.<java.net.URL: java.net.URLConnection openConnection()>()	timediff:0
I/System.out(22004): body:<com.jirbo.adcolony.b: void run()>	sig:specialinvoke $r5.<java.net.URL: void <init>(java.lang.String)>($r2)	timediff:0
I/System.out(22004): <com.jirbo.adcolony.b: void run()>###specialinvoke $r5.<java.net.URL: void <init>(java.lang.String)>($r2)###https://events3alt.adcolony.com/t/5.0/session_end?pl=uJw4seq8UxLVBRst0LEY966MOjr25w0oPgnI_zmXGlD-bR56gdGXh3SzpeoaW20RQDHCNfOXohx3Q2AzR7Nx6_IAIBQi3Dn6G8jdmuAVFUH8T6DEokyJqEVSohEOzq4Xfcrdu-svwADZlF7a35kVsJaPVwfyJMBsrEfXfUxvogSEPtH4LsnbhgJDqYT384LtnE6KaAeC2zaDJnSaIw5oPTNiIgM1_s8VwM-Il6fXm4BGHByfchqq4nohDZQNYlWp1REywUwgjU-M5GTRMs8L6r97tuXKAH42ZfnOuoVnSiLaIw5GRZ2xF-gR3-bTbzoNnKSEdnKbtWDbyvC5bj6AE7HNyc-Zgqgd9t77FzLLoucUmCm711amUiyP5o1UNgUIcN_1W_wr5GfmfdQgVhXYayFI85T5sRt5dcVQsAjlP0mYIIFANWDN5VVBaBEEIX4Q4ljP_c5YySldSVo2UWK8Zl3t7zZ9JGVJN_IMd5ItNw%3D%3D
I/System.out(22004): body:<com.jirbo.adcolony.b: void run()>	sig:$r4 = virtualinvoke $r5.<java.net.URL: java.net.URLConnection openConnection()>()	timediff:0
I/System.out(22004): body:<com.jirbo.adcolony.b: void run()>	sig:virtualinvoke $r1.<javax.net.ssl.HttpsURLConnection: void setRequestMethod(java.lang.String)>("POST")	timediff:0
I/System.out(22004): body:<com.jirbo.adcolony.b: void run()>	sig:virtualinvoke $r1.<javax.net.ssl.HttpsURLConnection: void setDoOutput(boolean)>(1)	timediff:0
I/System.out(22004): body:<com.jirbo.adcolony.b: void run()>	sig:$r9 = virtualinvoke $r1.<javax.net.ssl.HttpsURLConnection: java.io.OutputStream getOutputStream()>()	timediff:12
I/System.out(22004): body:<com.jirbo.adcolony.b: void run()>	sig:virtualinvoke $r1.<javax.net.ssl.HttpsURLConnection: void connect()>()	timediff:0
D/dalvikvm(22004): GC_CONCURRENT freed 746K, 18% free 5255K/6364K, paused 0ms+1ms, total 4ms
D/dalvikvm(  681): GC_FOR_ALLOC freed 5430K, 8% free 109506K/118488K, paused 49ms, total 49ms
E/AudioFlinger(  170): no more track names available
E/AudioTrack(  464): AudioFlinger could not create track, status: -12
E/SoundPool(  464): Error creating AudioTrack
E/AudioFlinger(  170): no more track names available
E/AudioTrack(  464): AudioFlinger could not create track, status: -12
E/SoundPool(  464): Error creating AudioTrack
E/AudioFlinger(  170): no more track names available
E/AudioTrack(  464): AudioFlinger could not create track, status: -12
E/SoundPool(  464): Error creating AudioTrack
W/DebugConnManager(  681): getNetworkInfo() on networkType 1
I/ActivityManager(  464): START u0 {act=android.intent.action.VIEW dat=https://tracking.apptrackerlink.com/ws/action/click?offer_id=885301&bid_id=qEV4Bk4Ly6iwDg34n4DLuKENwJV&imp_id=J337ENLYK4uMmp9Ej9KziwNgJxv&p_id=a57d1f0d-3e45-4524-8e9b-4f61b8d09b3a&mac=2C:56:DC:4E:22:14&gaid=e4382e3f-a082-4060-b970-a4dd13ffa2b6 cmp=com.android.browser/.BrowserActivity} from pid 681
W/ContextImpl(  681): Calling a method in the system process without a qualified user: android.app.ContextImpl.bindService:1556 android.content.ContextWrapper.bindService:517 com.google.android.gms.common.stats.zzb.zza:-1 com.google.android.gms.common.stats.zzb.zza:-1 com.google.android.gms.ads.identifier.AdvertisingIdClient.zzh:-1 
I/System.out(22004): body:<com.jirbo.adcolony.b: void run()>	sig:$i2 = virtualinvoke $r1.<javax.net.ssl.HttpsURLConnection: int getResponseCode()>()	timediff:164
I/System.out(22004): body:<com.jirbo.adcolony.b: void run()>	sig:$r10 = virtualinvoke $r1.<javax.net.ssl.HttpsURLConnection: java.io.InputStream getInputStream()>()	timediff:0
I/System.out(22004): body:<empirical.HelperClass: void printURLInfo(java.lang.String,java.lang.String,java.net.URLConnection)>	sig:$r0 = virtualinvoke urlConnection.<java.net.URLConnection: java.net.URL getURL()>()	timediff:0
I/System.out(22004): body:<empirical.HelperClass: void printURLInfo(java.lang.String,java.lang.String,java.net.URLConnection)>	sig:urlString = virtualinvoke $r0.<java.net.URL: java.lang.String toString()>()	timediff:1
I/System.out(22004): body:<empirical.HelperClass: void printURLInfo(java.lang.String,java.lang.String,java.net.URLConnection)>	sig:isDoOutput = virtualinvoke urlConnection.<java.net.URLConnection: boolean getDoOutput()>()	timediff:0
I/System.out(22004): body:<empirical.HelperClass: java.lang.String getHeaderField(java.net.URLConnection,java.lang.String)>	sig:data = virtualinvoke conn.<java.net.URLConnection: java.lang.String getHeaderField(java.lang.String)>(field)	timediff:0
I/System.out(22004): body:<empirical.HelperClass: java.lang.String getHeaderField(java.net.URLConnection,java.lang.String)>	sig:data = virtualinvoke conn.<java.net.URLConnection: java.lang.String getHeaderField(java.lang.String)>(field)	timediff:0
I/System.out(22004): body:<empirical.HelperClass: java.lang.String getHeaderField(java.net.URLConnection,java.lang.String)>	sig:data = virtualinvoke conn.<java.net.URLConnection: java.lang.String getHeaderField(java.lang.String)>(field)	timediff:0
I/System.out(22004): body:<empirical.HelperClass: java.lang.String getHeaderField(java.net.URLConnection,java.lang.String)>	sig:data = virtualinvoke conn.<java.net.URLConnection: java.lang.String getHeaderField(java.lang.String)>(field)	timediff:0
I/System.out(22004): body:<empirical.HelperClass: java.lang.String getHeaderField(java.net.URLConnection,java.lang.String)>	sig:data = virtualinvoke conn.<java.net.URLConnection: java.lang.String getHeaderField(java.lang.String)>(field)	timediff:0
I/System.out(22004): URLConn;%;17;%;<com.jirbo.adcolony.b: void run()>;%;$r10 = virtualinvoke $r1.<javax.net.ssl.HttpsURLConnection: java.io.InputStream getInputStream()>();%;https://events3alt.adcolony.com/t/5.0/session_end?pl=uJw4seq8UxLVBRst0LEY966MOjr25w0oPgnI_zmXGlD-bR56gdGXh3SzpeoaW20RQDHCNfOXohx3Q2AzR7Nx6_IAIBQi3Dn6G8jdmuAVFUH8T6DEokyJqEVSohEOzq4Xfcrdu-svwADZlF7a35kVsJaPVwfyJMBsrEfXfUxvogSEPtH4LsnbhgJDqYT384LtnE6KaAeC2zaDJnSaIw5oPTNiIgM1_s8VwM-Il6fXm4BGHByfchqq4nohDZQNYlWp1REywUwgjU-M5GTRMs8L6r97tuXKAH42ZfnOuoVnSiLaIw5GRZ2xF-gR3-bTbzoNnKSEdnKbtWDbyvC5bj6AE7HNyc-Zgqgd9t77FzLLoucUmCm711amUiyP5o1UNgUIcN_1W_wr5GfmfdQgVhXYayFI85T5sRt5dcVQsAjlP0mYIIFANWDN5VVBaBEEIX4Q4ljP_c5YySldSVo2UWK8Zl3t7zZ9JGVJN_IMd5ItNw%3D%3D;%;true;%;Not found;%;Not found;%;Not found;%;Not found;%;Not found
I/System.out(22004): body:<com.jirbo.adcolony.b: void run()>	sig:$r11 = virtualinvoke $r1.<javax.net.ssl.HttpsURLConnection: java.util.Map getHeaderFields()>()	timediff:0
I/qtaguid (  681): Tagging socket 141 with tag 49e2824000000000(1239581248) for uid -1 failed errno=-13
I/NetworkManagementSocketTagger(  681): tagSocketFd(141, 1239581248, -1) failed with errno-13
W/PropertyValuesHolder(  681): Method setBrightness() with type int not found on target class class ph
W/PropertyValuesHolder(  681): Method getBrightness() with type int not found on target class class ph
E/AudioFlinger(  170): no more track names available
E/AudioTrack(  464): AudioFlinger could not create track, status: -12
E/SoundPool(  464): Error creating AudioTrack
I/ActivityManager(  464): START u0 {act=android.intent.action.MAIN cat=[android.intent.category.LAUNCHER] flg=0x10200000 cmp=com.android.browser/.BrowserActivity bnds=[130,174][334,301] (has extras)} from pid 681
W/ContextImpl(  681): Calling a method in the system process without a qualified user: android.app.ContextImpl.sendBroadcast:1137 android.content.ContextWrapper.sendBroadcast:370 com.vphone.launcher.Stats.recordLaunch:129 com.vphone.launcher.Launcher.c:3192 com.vphone.launcher.Launcher.onClickAppShortcut:3144 
E/AudioFlinger(  170): no more track names available
E/AudioTrack(  464): AudioFlinger could not create track, status: -12
E/SoundPool(  464): Error creating AudioTrack
I/ActivityManager(  464): START u0 {act=android.intent.action.MAIN cat=[android.intent.category.LAUNCHER] flg=0x10200000 cmp=com.android.browser/.BrowserActivity bnds=[130,174][334,301] (has extras)} from pid 681
W/ContextImpl(  681): Calling a method in the system process without a qualified user: android.app.ContextImpl.sendBroadcast:1137 android.content.ContextWrapper.sendBroadcast:370 com.vphone.launcher.Stats.recordLaunch:129 com.vphone.launcher.Launcher.c:3192 com.vphone.launcher.Launcher.onClickAppShortcut:3144 
E/AudioFlinger(  170): no more track names available
E/AudioTrack(  464): AudioFlinger could not create track, status: -12
E/SoundPool(  464): Error creating AudioTrack
W/DebugConnManager(  681): getNetworkInfo() on networkType 1
I/ActivityManager(  464): START u0 {act=android.intent.action.VIEW dat=https://tracking.apptrackerlink.com/ws/action/click?offer_id=885515&bid_id=D47R6BOyPlIWRgNQvwVEhV4BV1V&imp_id=wXB89v5rYGFm7lmgqBlMcpLxwDA&p_id=a57d1f0d-3e45-4524-8e9b-4f61b8d09b3a&mac=2C:56:DC:4E:22:14&gaid=e4382e3f-a082-4060-b970-a4dd13ffa2b6 cmp=com.android.browser/.BrowserActivity} from pid 681
E/AudioFlinger(  170): no more track names available
E/AudioTrack(  464): AudioFlinger could not create track, status: -12
E/SoundPool(  464): Error creating AudioTrack
E/AudioFlinger(  170): no more track names available
E/AudioTrack(  464): AudioFlinger could not create track, status: -12
W/DebugConnManager(  681): getNetworkInfo() on networkType 1
E/SoundPool(  464): Error creating AudioTrack
I/ActivityManager(  464): START u0 {act=android.intent.action.VIEW dat=https://tracking.apptrackerlink.com/ws/action/click?offer_id=885301&bid_id=qEV4Bk4Ly6iwDg34n4DLuKENwJV&imp_id=J337ENLYK4uMmp9Ej9KziwNgJxv&p_id=a57d1f0d-3e45-4524-8e9b-4f61b8d09b3a&mac=2C:56:DC:4E:22:14&gaid=e4382e3f-a082-4060-b970-a4dd13ffa2b6 cmp=com.android.browser/.BrowserActivity} from pid 681
E/AudioFlinger(  170): no more track names available
E/AudioTrack(  464): AudioFlinger could not create track, status: -12
E/SoundPool(  464): Error creating AudioTrack
E/AudioFlinger(  170): no more track names available
E/AudioTrack(  464): AudioFlinger could not create track, status: -12
E/SoundPool(  464): Error creating AudioTrack
E/AudioFlinger(  170): no more track names available
E/AudioTrack(  464): AudioFlinger could not create track, status: -12
E/SoundPool(  464): Error creating AudioTrack
D/dalvikvm(  681): GC_CONCURRENT freed 6783K, 7% free 110914K/118488K, paused 5ms+16ms, total 70ms
D/dalvikvm(  681): WAIT_FOR_CONCURRENT_GC blocked 56ms
D/dalvikvm(  681): WAIT_FOR_CONCURRENT_GC blocked 39ms
I/qtaguid (  681): Tagging socket 86 with tag 49e2824000000000(1239581248) for uid -1 failed errno=-13
I/NetworkManagementSocketTagger(  681): tagSocketFd(86, 1239581248, -1) failed with errno-13
E/AudioFlinger(  170): no more track names available
E/AudioTrack(  464): AudioFlinger could not create track, status: -12
E/SoundPool(  464): Error creating AudioTrack
W/DebugConnManager(  681): getNetworkInfo() on networkType 1
I/ActivityManager(  464): START u0 {act=android.intent.action.VIEW dat=https://tracking.apptrackerlink.com/ws/action/click?offer_id=874060&bid_id=D47R6BOyPlIWRgNQvwVEhV4BV1V&imp_id=N3lDM20gmWUQGRO5gAJQFBjZQgo&p_id=a57d1f0d-3e45-4524-8e9b-4f61b8d09b3a&mac=2C:56:DC:4E:22:14&gaid=e4382e3f-a082-4060-b970-a4dd13ffa2b6&android_id=2c56dc4e22145808 cmp=com.android.browser/.BrowserActivity} from pid 681
V/PanelView(  532): animationTick called with dtms=0; nothing to do (h=0.0 v=0.0)
V/PanelView(  532): animationTick called with dtms=-2; nothing to do (h=0.0 v=0.0)
E/AudioFlinger(  170): no more track names available
E/AudioTrack(  464): AudioFlinger could not create track, status: -12
E/SoundPool(  464): Error creating AudioTrack
E/AudioFlinger(  170): no more track names available
E/AudioTrack(  464): AudioFlinger could not create track, status: -12
E/SoundPool(  464): Error creating AudioTrack
E/AudioFlinger(  170): no more track names available
E/AudioTrack(  464): AudioFlinger could not create track, status: -12
E/SoundPool(  464): Error creating AudioTrack
E/AudioFlinger(  170): no more track names available
E/AudioTrack(  464): AudioFlinger could not create track, status: -12
E/SoundPool(  464): Error creating AudioTrack
I/ActivityManager(  464): START u0 {act=android.intent.action.MAIN cat=[android.intent.category.LAUNCHER] flg=0x10200000 cmp=com.android.browser/.BrowserActivity bnds=[130,174][334,301] (has extras)} from pid 681
W/ContextImpl(  681): Calling a method in the system process without a qualified user: android.app.ContextImpl.sendBroadcast:1137 android.content.ContextWrapper.sendBroadcast:370 com.vphone.launcher.Stats.recordLaunch:129 com.vphone.launcher.Launcher.c:3192 com.vphone.launcher.Launcher.onClickAppShortcut:3144 
E/AudioFlinger(  170): no more track names available
E/AudioTrack(  464): AudioFlinger could not create track, status: -12
E/SoundPool(  464): Error creating AudioTrack
E/AudioFlinger(  170): no more track names available
E/AudioTrack(  464): AudioFlinger could not create track, status: -12
E/SoundPool(  464): Error creating AudioTrack
I/ActivityManager(  464): START u0 {act=android.intent.action.MAIN cat=[android.intent.category.LAUNCHER] flg=0x10000000 sel={act=android.intent.action.MAIN cat=[android.intent.category.APP_EMAIL]}} from pid 464
E/AudioFlinger(  170): no more track names available
E/AudioTrack(  464): AudioFlinger could not create track, status: -12
E/SoundPool(  464): Error creating AudioTrack
I/ActivityManager(  464): START u0 {act=android.intent.action.MAIN cat=[android.intent.category.LAUNCHER] flg=0x10200000 cmp=com.android.browser/.BrowserActivity bnds=[130,174][334,301] (has extras)} from pid 681
W/ContextImpl(  681): Calling a method in the system process without a qualified user: android.app.ContextImpl.sendBroadcast:1137 android.content.ContextWrapper.sendBroadcast:370 com.vphone.launcher.Stats.recordLaunch:129 com.vphone.launcher.Launcher.c:3192 com.vphone.launcher.Launcher.onClickAppShortcut:3144 
E/AudioFlinger(  170): no more track names available
E/AudioTrack(  464): AudioFlinger could not create track, status: -12
E/SoundPool(  464): Error creating AudioTrack
W/DebugConnManager(  681): getNetworkInfo() on networkType 1
I/ActivityManager(  464): START u0 {act=android.intent.action.MAIN cat=[android.intent.category.LAUNCHER] flg=0x10200000 cmp=com.upp.drawcartoons/.MainActivity} from pid 21994
D/yeshen  (  681): launcher onpause
W/NetworkManagementSocketTagger(  464): setKernelCountSet(10086, 1) failed with errno -13
W/InputManager(  464): Input event injection from pid 21994 failed.
W/InputManager(  464): Input event injection from pid 21994 failed.
I/System.out(22004): body:<com.startapp.android.publish.i.h: android.graphics.Bitmap a(java.lang.String)>	sig:specialinvoke $r1.<java.net.URL: void <init>(java.lang.String)>($r0)	timediff:0
I/System.out(22004): <com.startapp.android.publish.i.h: android.graphics.Bitmap a(java.lang.String)>###specialinvoke $r1.<java.net.URL: void <init>(java.lang.String)>($r0)###http://info.static.startappservice.com/InApp/resources/info_s.png
I/System.out(22004): body:<com.startapp.android.publish.i.h: android.graphics.Bitmap a(java.lang.String)>	sig:specialinvoke $r1.<java.net.URL: void <init>(java.lang.String)>($r0)	timediff:0
I/System.out(22004): <com.startapp.android.publish.i.h: android.graphics.Bitmap a(java.lang.String)>###specialinvoke $r1.<java.net.URL: void <init>(java.lang.String)>($r0)###http://info.static.startappservice.com/InApp/resources/info_l.png
I/System.out(22004): body:<com.startapp.android.publish.i.h: android.graphics.Bitmap a(java.lang.String)>	sig:$r5 = virtualinvoke $r1.<java.net.URL: java.net.URLConnection openConnection()>()	timediff:0
I/System.out(22004): body:<com.startapp.android.publish.i.h: android.graphics.Bitmap a(java.lang.String)>	sig:specialinvoke $r1.<java.net.URL: void <init>(java.lang.String)>($r0)	timediff:0
I/System.out(22004): <com.startapp.android.publish.i.h: android.graphics.Bitmap a(java.lang.String)>###specialinvoke $r1.<java.net.URL: void <init>(java.lang.String)>($r0)###http://info.static.startappservice.com/InApp/resources/info_ex_s.png
I/System.out(22004): body:<com.startapp.android.publish.i.h: android.graphics.Bitmap a(java.lang.String)>	sig:$r5 = virtualinvoke $r1.<java.net.URL: java.net.URLConnection openConnection()>()	timediff:0
I/System.out(22004): body:<com.startapp.android.publish.i.h: android.graphics.Bitmap a(java.lang.String)>	sig:$r5 = virtualinvoke $r1.<java.net.URL: java.net.URLConnection openConnection()>()	timediff:0
I/System.out(22004): body:<com.startapp.android.publish.i.h: android.graphics.Bitmap a(java.lang.String)>	sig:specialinvoke $r1.<java.net.URL: void <init>(java.lang.String)>($r0)	timediff:0
I/System.out(22004): <com.startapp.android.publish.i.h: android.graphics.Bitmap a(java.lang.String)>###specialinvoke $r1.<java.net.URL: void <init>(java.lang.String)>($r0)###http://info.static.startappservice.com/InApp/resources/info_ex_l.png
I/System.out(22004): body:<com.startapp.android.publish.i.h: android.graphics.Bitmap a(java.lang.String)>	sig:$r5 = virtualinvoke $r1.<java.net.URL: java.net.URLConnection openConnection()>()	timediff:0
I/System.out(22004): body:<com.startapp.android.publish.h.b: void <init>(android.content.Context)>	sig:specialinvoke $r4.<java.net.CookieManager: void <init>()>()	timediff:0
I/System.out(22004): body:<com.startapp.android.publish.h.b: void <init>(android.content.Context)>	sig:$r5 = virtualinvoke $r4.<java.net.CookieManager: java.net.CookieStore getCookieStore()>()	timediff:0
I/System.out(22004): body:<com.startapp.android.publish.h.b: void <init>(android.content.Context)>	sig:$z0 = virtualinvoke $r10.<java.net.HttpCookie: boolean hasExpired()>()	timediff:0
I/System.out(22004): body:<com.startapp.android.publish.h.b: void <init>(android.content.Context)>	sig:$r6 = virtualinvoke $r10.<java.net.HttpCookie: java.lang.String getDomain()>()	timediff:0
I/System.out(22004): body:<com.startapp.android.publish.h.b: void <init>(android.content.Context)>	sig:$r12 = staticinvoke <java.net.URI: java.net.URI create(java.lang.String)>($r6)	timediff:0
I/System.out(22004): body:<com.startapp.android.publish.h.b: void <init>(android.content.Context)>	sig:interfaceinvoke $r5.<java.net.CookieStore: void add(java.net.URI,java.net.HttpCookie)>($r12, $r10)	timediff:1
I/System.out(22004): body:<com.startapp.android.publish.h.b: void <init>(android.content.Context)>	sig:$z0 = virtualinvoke $r10.<java.net.HttpCookie: boolean hasExpired()>()	timediff:0
I/System.out(22004): body:<com.startapp.android.publish.h.b: void <init>(android.content.Context)>	sig:$r6 = virtualinvoke $r10.<java.net.HttpCookie: java.lang.String getDomain()>()	timediff:0
I/System.out(22004): body:<com.startapp.android.publish.h.b: void <init>(android.content.Context)>	sig:$r12 = staticinvoke <java.net.URI: java.net.URI create(java.lang.String)>($r6)	timediff:0
I/System.out(22004): body:<com.startapp.android.publish.h.b: void <init>(android.content.Context)>	sig:interfaceinvoke $r5.<java.net.CookieStore: void add(java.net.URI,java.net.HttpCookie)>($r12, $r10)	timediff:0
I/System.out(22004): body:<com.startapp.android.publish.h.b: void <init>(android.content.Context)>	sig:$z0 = virtualinvoke $r10.<java.net.HttpCookie: boolean hasExpired()>()	timediff:0
I/System.out(22004): body:<com.startapp.android.publish.h.b: void <init>(android.content.Context)>	sig:$r6 = virtualinvoke $r10.<java.net.HttpCookie: java.lang.String getDomain()>()	timediff:0
