I/chromium(13030): [INFO:CONSOLE(61)] "Viewport argument key "shrink-to-fit" not recognized and ignored.", source: https://www.amazon.com/ap/register?openid.pape.max_auth_age=0&enableGlobalAccountCreation=1&openid.identity=http%3A%2F%2Fspecs.openid.net%2Fauth%2F2.0%2Fidentifier_select&marketPlaceId=ATVPDKIKX0DER&signedMetricIdentifier=v4vvcgLP4zcg4O20M73HrFR74KEgL9CZ2lqoAbLJ%2BjI%3D&language=ja_JP&pageId=lwa&openid.return_to=https%3A%2F%2Fna.account.amazon.com%2Fap%2Foa%3FmarketPlaceId%3DATVPDKIKX0DER%26arb%3D661cc052-580f-4415-afaa-5c89c50fa699%26language%3Dja_JP&prevRID=3RSNEN9K7B1PW2FRJKVE&metricIdentifier=amzn1.application.f19a0ee5037b47a5b1e3529b68a434b2&openid.assoc_handle=amzn_lwa_na&openid.mode=checkid_setup&openid.ns.pape=http%3A%2F%2Fspecs.openid.net%2Fextensions%2Fpape%2F1.0&prepopulatedLoginId=&failedSignInCount=0&openid.claimed_id=http%3A%2F%2Fspecs.openid.net%2Fauth%2F2.0%2Fidentifier_select&openid.ns=http%3A%2F%2Fspecs.openid.net%2Fauth%2F2.0&oauth2params=eyJwIjoiWEFZRi9UVGFkU1hBZmY2V29UWHhBS0IyWXViZitmVnoySStiQnRCN1FJbUNXRmlsV1l0eUI4eXZiSG0rVGovL0l5bmZMTEJXeWh4OVFlNFhMcjlLUWZvTVlac1Y1RnJQOEorcm4zM2lsd3h1Z2lGaDJXRGJEZk1NMWFlWDVpSzd6cWQyck8yZGxEc0liUnc2RC9ya01mek9PaUdtSE83bUp2NjhJeXYzRnRLc0dvd1EvV2gwRnBrTncyYWhGaXVKRzVPN2ZCVG44V3JvK1RGSVQzMy9WQzZXK2N3ZnRCZjFPSXNXZUxBOG9zeXpMMnZjWHI4T1FrSDREc1ZhR3ltYmR3VVZ4aWIzdENSOGVLbUpweW01NXdlRWt6Y2p5dFYzcklqVzFYNVBic01wbExkVmZOQURKRGlrQWZQbzFueG5sNmNmb3RFMEZlbnJncUYxRmYrMWRiOWF5RXU2elVJRlBYWGlyV05FSVlDcVN5eGg2ZDV1c29odUxoS2FSMVdCTHB6UTRlenhFUEM0cXpMRkorbk1CUi94OFFjUWRTeTh3ajh4MkhnVldBdGhWQjh2bE1WRitBVWw2cWFTYUx2SElpeHZQQ1dpNHNzRHA3TmUycXV6MzRENytoVkFlMkFuY0wvU2ZwV0FWZFB4N1ltaVF6c0ljZ2JEVklGNDFUclNBbGRyZ2pkV09RYlUxbFpZWFZrVkhmRGNGS3pTbXh4K3VqS1FmK1FaOUdKVnpVTHB3REZBMlhsVXBUc3FhSmNDZWE1aDh0OE9xeGY2RnJ0eDVyYzgvblNMSVh2S1plQklNYWZWdExodFFEdGdMcU54NFpFTWpsL0JGZDJuY0twd3JBbWRvQllPS1VNMG8zaUIvTVZJNzZiQ2R2R3pQelVXQlBOand2RFJkQ2ZTc01jMmxIcDRDSFVFOWdMU2lVRHJRb1J3MHJhVVBvUVo5ekxlaVE0bk5kWVpLK2p6cU14RmFXL0o0OG1jeTFOYkh5THRDbmc5ZHRWTmJEV25OVXU5dnVQT2FwcmgvWTlrcTZtTUJRNDV6N0kzQW4wcTRZTXIyUG16VFlkQjFUZmdObExBOEtBRmFPdjBPWDZpOEU2YXIxTDRURkpTSk5HcVZ6bmdxYnN2RjM4a2ZWcTZKZ3RoM3doWWFKcDhmRFBkL3c3a1BnTDgvRG9FRVdhY2MzWkxKOG5xbGd3a3EvalRyZkJETTdNWnNUeHZxSXlqS3VjdWdtTkd0U2Z0Z0ZPRjRiNXRqQ3pDZVZpazlBZGlWMU9iSlc3a1Ayb3RkT0tYVElZN2hvUlNUbEpmYThQZjBoRkZ3c3BuZCszektSTXJRUDVhYU5LbGhxVnBNS3JtekRlVHkxZDlwZWdMQWpJdXRmMVFJcFZycUtndkFvdk9JQnY1azd1cUwvTSthcTVVUmlrb1ZZRGVoS1lFdjJUMlpnZG9ndnBFU1MyazE3Q2NHdXpZWVdLTjRtNDJMcjYvNXNBSXdCZW1saHI3aTF6d2tFL0lhSzl0UE1oTEtnU29ZdTJrN3JzMmtMZXhLd3Vuek5XM2kvNVJ4eU94LzZ4RVZZQVY2Ymp2WWV1bUZ1Vlc3dW92K0RzRkNaOUxwQmR0eGIwTlgraElqWUlleW1FNGFtTE9vYUpqbWZsVldzdjF5eGw3aUlEdG9HUDFDTmNQTzN1S3lScko2UFlVU1p2Y3FpZXJwWmdIUnBHaGJNVVJlM3RPd0IxWmRqWW95Z1VOQmxjdlVFcERTUG9rNUJFODVGQW5WTmJDdGxqMUsvR1NxckhBdFF1T3IwbjhsZzNLUi9VeTN5aDVhS09LaG82eUtMOHk0MmpiaEc3bVhCQlo1TUUwcW9oUWVyV1Y0aDU4V2QwNXVmYTd0WW1nUFJDaTZLNmtxVE05Mnp4VC9SK0M5MUhHaVY4QWZuV1NNaDJONnZKREdPRjlydkVCNGhXZllmZWQ3OWZmaElwVXVjTHNDUURHeDZxeEdTZFFlaUVORkdDWHFoLzhkOXdKU0JkclhKNndoTHl6b3pLbzF3V0N3b3B2Q3BwZWNySFBxZ2RvSmFpMk41RG56dGtRRWlQeGFLL29xTkNMWUhyRFVXRTVCUm1PekFValhxaXIvWExRWmtGRCIsImkiOiJMNStnQXhsS1BzTWtFTnA3NTUzc3p3PT0iLCJzIjoibTRyZ2FmTUY3bS9RWlFPVEk0QmQyWVZzV2ZIdDBNMjBDRVFPOXVIT0N2dz0iLCJldiI6MSwiaHYiOjF9 (61)
W/UnimplementedWebViewApi(13030): Unimplemented WebView method onKeyDown called from: android.webkit.WebView.onKeyDown(WebView.java:2169)
V/FlingTracker(  533): computeCurrentVelocity warning: totalweight=0
V/FlingTracker(  533): java.lang.Throwable
V/FlingTracker(  533): 	at com.android.systemui.statusbar.phone.PanelView$FlingTracker.computeCurrentVelocity(PanelView.java:162)
V/FlingTracker(  533): 	at com.android.systemui.statusbar.phone.PanelView$3.onTouch(PanelView.java:462)
V/FlingTracker(  533): 	at android.view.View.dispatchTouchEvent(View.java:7701)
V/FlingTracker(  533): 	at com.android.systemui.statusbar.phone.NotificationPanelView.onTouchEvent(NotificationPanelView.java:138)
V/FlingTracker(  533): 	at com.android.systemui.statusbar.phone.PanelBar.onTouchEvent(PanelBar.java:130)
V/FlingTracker(  533): 	at com.android.systemui.statusbar.phone.PhoneStatusBarView.onTouchEvent(PhoneStatusBarView.java:201)
V/FlingTracker(  533): 	at android.view.View.dispatchTouchEvent(View.java:7706)
V/FlingTracker(  533): 	at android.view.ViewGroup.dispatchTransformedTouchEvent(ViewGroup.java:2210)
V/FlingTracker(  533): 	at android.view.ViewGroup.dispatchTouchEvent(ViewGroup.java:1945)
V/FlingTracker(  533): 	at android.view.ViewGroup.dispatchTransformedTouchEvent(ViewGroup.java:2216)
V/FlingTracker(  533): 	at android.view.ViewGroup.dispatchTouchEvent(ViewGroup.java:1959)
V/FlingTracker(  533): 	at android.view.View.dispatchPointerEvent(View.java:7886)
V/FlingTracker(  533): 	at android.view.ViewRootImpl$ViewPostImeInputStage.processPointerEvent(ViewRootImpl.java:3978)
V/FlingTracker(  533): 	at android.view.ViewRootImpl$ViewPostImeInputStage.onProcess(ViewRootImpl.java:3857)
V/FlingTracker(  533): 	at android.view.ViewRootImpl$InputStage.deliver(ViewRootImpl.java:3423)
V/FlingTracker(  533): 	at android.view.ViewRootImpl$InputStage.onDeliverToNext(ViewRootImpl.java:3473)
V/FlingTracker(  533): 	at android.view.ViewRootImpl$InputStage.forward(ViewRootImpl.java:3442)
V/FlingTracker(  533): 	at android.view.ViewRootImpl$AsyncInputStage.forward(ViewRootImpl.java:3549)
V/FlingTracker(  533): 	at android.view.ViewRootImpl$InputStage.apply(ViewRootImpl.java:3450)
V/FlingTracker(  533): 	at android.view.ViewRootImpl$AsyncInputStage.apply(ViewRootImpl.java:3606)
V/FlingTracker(  533): 	at android.view.ViewRootImpl$InputStage.deliver(ViewRootImpl.java:3423)
V/FlingTracker(  533): 	at android.view.ViewRootImpl$InputStage.onDeliverToNext(ViewRootImpl.java:3473)
V/FlingTracker(  533): 	at android.view.ViewRootImpl$InputStage.forward(ViewRootImpl.java:3442)
V/FlingTracker(  533): 	at android.view.ViewRootImpl$InputStage.apply(ViewRootImpl.java:3450)
V/FlingTracker(  533): 	at android.view.ViewRootImpl$InputStage.deliver(ViewRootImpl.java:3423)
V/FlingTracker(  533): 	at android.view.ViewRootImpl.deliverInputEvent(ViewRootImpl.java:5626)
V/FlingTracker(  533): 	at android.view.ViewRootImpl.doProcessInputEvents(ViewRootImpl.java:5606)
V/FlingTracker(  533): 	at android.view.ViewRootImpl.enqueueInputEvent(ViewRootImpl.java:5577)
V/FlingTracker(  533): 	at android.view.ViewRootImpl$WindowInputEventReceiver.onInputEvent(ViewRootImpl.java:5706)
V/FlingTracker(  533): 	at android.view.InputEventReceiver.dispatchInputEvent(InputEventReceiver.java:185)
V/FlingTracker(  533): 	at android.os.MessageQueue.nativePollOnce(Native Method)
V/FlingTracker(  533): 	at android.os.MessageQueue.next(MessageQueue.java:138)
V/FlingTracker(  533): 	at android.os.Looper.loop(Looper.java:123)
V/FlingTracker(  533): 	at android.app.ActivityThread.main(ActivityThread.java:5019)
V/FlingTracker(  533): 	at java.lang.reflect.Method.invokeNative(Native Method)
V/FlingTracker(  533): 	at java.lang.reflect.Method.invoke(Method.java:515)
V/FlingTracker(  533): 	at com.android.internal.os.ZygoteInit$MethodAndArgsCaller.run(ZygoteInit.java:779)
V/FlingTracker(  533): 	at com.android.internal.os.ZygoteInit.main(ZygoteInit.java:595)
V/FlingTracker(  533): 	at dalvik.system.NativeStart.main(Native Method)
V/PanelView(  533): animationTick called with dtms=0; nothing to do (h=0.0 v=0.0)
W/UnimplementedWebViewApi(13030): Unimplemented WebView method onKeyDown called from: android.webkit.WebView.onKeyDown(WebView.java:2169)
W/UnimplementedWebViewApi(13030): Unimplemented WebView method onKeyMultiple called from: android.webkit.WebView.onKeyMultiple(WebView.java:2179)
W/UnimplementedWebViewApi(13030): Unimplemented WebView method onKeyDown called from: android.webkit.WebView.onKeyDown(WebView.java:2169)
W/EGL_emulation(13030): eglSurfaceAttrib not implemented 3093 12436
W/ViewRootImpl(13030): Dropping event due to no window focus: KeyEvent { action=ACTION_DOWN, keyCode=KEYCODE_DPAD_CENTER, scanCode=0, metaState=0, flags=0x8, repeatCount=0, eventTime=1193645, downTime=1193645, deviceId=-1, source=0x101 }
W/ContextImpl(  479): Calling a method in the system process without a qualified user: android.app.ContextImpl.sendBroadcast:1123 com.android.server.InputMethodManagerService.hideCurrentInputLocked:1880 com.android.server.InputMethodManagerService.windowGainedFocus:1968 com.android.internal.view.IInputMethodManager$Stub.onTransact:221 com.android.server.InputMethodManagerService.onTransact:818 
W/ViewRootImpl(13030): Dropping event due to no window focus: KeyEvent { action=ACTION_MULTIPLE, keyCode=KEYCODE_DPAD_UP, scanCode=0, metaState=0, flags=0x400, repeatCount=2, eventTime=1193704, downTime=1193704, deviceId=-1, source=0x101 }
W/ViewRootImpl(13030): Dropping event due to no window focus: KeyEvent { action=ACTION_DOWN, keyCode=KEYCODE_DPAD_UP, scanCode=0, metaState=0, flags=0x400, repeatCount=0, eventTime=1193704, downTime=1193704, deviceId=-1, source=0x101 }
W/ViewRootImpl(13030): Dropping event due to no window focus: KeyEvent { action=ACTION_DOWN, keyCode=KEYCODE_DPAD_UP, scanCode=0, metaState=0, flags=0x400, repeatCount=0, eventTime=1193704, downTime=1193704, deviceId=-1, source=0x101 }
W/ViewRootImpl(13030): Dropping event due to no window focus: KeyEvent { action=ACTION_DOWN, keyCode=KEYCODE_DPAD_UP, scanCode=0, metaState=0, flags=0x400, repeatCount=0, eventTime=1193704, downTime=1193704, deviceId=-1, source=0x101 }
W/ViewRootImpl(13030): Dropping event due to no window focus: KeyEvent { action=ACTION_DOWN, keyCode=KEYCODE_DPAD_UP, scanCode=0, metaState=0, flags=0x400, repeatCount=0, eventTime=1193704, downTime=1193704, deviceId=-1, source=0x101 }
W/EGL_emulation(13030): eglSurfaceAttrib not implemented 3093 12436
W/ViewRootImpl(13030): Dropping event due to no window focus: KeyEvent { action=ACTION_DOWN, keyCode=KEYCODE_DPAD_RIGHT, scanCode=0, metaState=0, flags=0x8, repeatCount=0, eventTime=1194133, downTime=1194133, deviceId=-1, source=0x101 }
W/ContextImpl(  479): Calling a method in the system process without a qualified user: android.app.ContextImpl.sendBroadcast:1123 com.android.server.InputMethodManagerService.hideCurrentInputLocked:1880 com.android.server.InputMethodManagerService.windowGainedFocus:1968 com.android.internal.view.IInputMethodManager$Stub.onTransact:221 com.android.server.InputMethodManagerService.onTransact:818 
I/ActivityManager(  479): START u0 {cmp=com.dccomics.comics/com.iconology.ui.account.LoginActivity (has extras)} from pid 13030
W/ActivityManager(  479): Activity pause timeout for ActivityRecord{4ab01718 u0 com.dccomics.comics/com.iconology.ui.store.onboarding.OnboardingActivity t73}
I/chromium(13030): [INFO:CONSOLE(61)] "Viewport argument key "shrink-to-fit" not recognized and ignored.", source: https://www.amazon.com/ap/signin?_encoding=UTF8&openid.mode=checkid_setup&openid.ns=http%3A%2F%2Fspecs.openid.net%2Fauth%2F2.0&openid.claimed_id=http%3A%2F%2Fspecs.openid.net%2Fauth%2F2.0%2Fidentifier_select&openid.pape.max_auth_age=0&ie=UTF8&openid.ns.pape=http%3A%2F%2Fspecs.openid.net%2Fextensions%2Fpape%2F1.0&openid.identity=http%3A%2F%2Fspecs.openid.net%2Fauth%2F2.0%2Fidentifier_select&pageId=lwa&openid.assoc_handle=amzn_lwa_na&marketPlaceId=ATVPDKIKX0DER&arb=a702588b-9ab1-491c-8f7c-cbc0b5d5294c&language=ja_JP&openid.return_to=https%3A%2F%2Fna.account.amazon.com%2Fap%2Foa%3FmarketPlaceId%3DATVPDKIKX0DER%26arb%3Da702588b-9ab1-491c-8f7c-cbc0b5d5294c%26language%3Dja_JP&enableGlobalAccountCreation=1&metricIdentifier=amzn1.application.f19a0ee5037b47a5b1e3529b68a434b2&signedMetricIdentifier=v4vvcgLP4zcg4O20M73HrFR74KEgL9CZ2lqoAbLJ%2BjI%3D (61)
D/HockeyApp(13030): Looking for exceptions in: /data/data/com.dccomics.comics/files
D/HockeyApp(13030): Current handler class = net.hockeyapp.android.i
D/dalvikvm(13030): GC_CONCURRENT freed 1684K, 18% free 7848K/9520K, paused 2ms+3ms, total 28ms
I/qtaguid (  654): Tagging socket 107 with tag 3000040700000000(805307399) for uid -1 failed errno=-13
I/NetworkManagementSocketTagger(  654): tagSocketFd(107, 805307399, -1) failed with errno-13
I/qtaguid (  654): Untagging socket 107 failed errno=-13
W/NetworkManagementSocketTagger(  654): untagSocket(107) failed with errno -13
W/EGL_emulation(13030): eglSurfaceAttrib not implemented 3093 12436
W/ViewRootImpl(13030): Dropping event due to no window focus: KeyEvent { action=ACTION_DOWN, keyCode=KEYCODE_MENU, scanCode=0, metaState=0, flags=0x8, repeatCount=0, eventTime=1194178, downTime=1194178, deviceId=-1, source=0x101 }
W/ViewRootImpl(13030): Dropping event due to no window focus: KeyEvent { action=ACTION_DOWN, keyCode=KEYCODE_DPAD_CENTER, scanCode=0, metaState=0, flags=0x8, repeatCount=0, eventTime=1194908, downTime=1194908, deviceId=-1, source=0x101 }
W/ViewRootImpl(13030): Dropping event due to no window focus: KeyEvent { action=ACTION_DOWN, keyCode=KEYCODE_F10, scanCode=0, metaState=0, flags=0x8, repeatCount=0, eventTime=1194909, downTime=1194909, deviceId=-1, source=0x101 }
I/ActivityManager(  479): START u0 {act=android.intent.action.MAIN cat=[android.intent.category.LAUNCHER] flg=0x10200000 cmp=com.dccomics.comics/com.iconology.ui.navigation.RouterActivity} from pid 13020
I/ActivityManager(  479): Displayed com.dccomics.comics/com.iconology.ui.account.LoginActivity: +289ms
W/ContextImpl(  479): Calling a method in the system process without a qualified user: android.app.ContextImpl.sendBroadcast:1123 com.android.server.InputMethodManagerService.hideCurrentInputLocked:1880 com.android.server.InputMethodManagerService.windowGainedFocus:1968 com.android.internal.view.IInputMethodManager$Stub.onTransact:221 com.android.server.InputMethodManagerService.onTransact:818 
I/ActivityManager(  479): START u0 {act=android.intent.action.MAIN cat=[android.intent.category.LAUNCHER] flg=0x10200000 cmp=com.dccomics.comics/com.iconology.ui.navigation.RouterActivity} from pid 13020
I/ActivityManager(  479): START u0 {act=android.intent.action.MAIN cat=[android.intent.category.LAUNCHER] flg=0x10000000 sel={act=android.intent.action.MAIN cat=[android.intent.category.APP_EMAIL]}} from pid 479
V/PanelView(  533): animationTick called with dtms=0; nothing to do (h=0.0 v=0.0)
V/PanelView(  533): animationTick called with dtms=0; nothing to do (h=0.0 v=0.0)
I/ActivityManager(  479): START u0 {act=android.intent.action.CALL_BUTTON flg=0x10000000} from pid 13030
W/PhoneFallbackEventHandler(13030): No activity found for android.intent.action.CALL_BUTTON.
V/FlingTracker(  533): computeCurrentVelocity warning: totalweight=0
V/FlingTracker(  533): java.lang.Throwable
V/FlingTracker(  533): 	at com.android.systemui.statusbar.phone.PanelView$FlingTracker.computeCurrentVelocity(PanelView.java:162)
V/FlingTracker(  533): 	at com.android.systemui.statusbar.phone.PanelView$3.onTouch(PanelView.java:462)
V/FlingTracker(  533): 	at android.view.View.dispatchTouchEvent(View.java:7701)
V/FlingTracker(  533): 	at com.android.systemui.statusbar.phone.NotificationPanelView.onTouchEvent(NotificationPanelView.java:138)
V/FlingTracker(  533): 	at com.android.systemui.statusbar.phone.PanelBar.onTouchEvent(PanelBar.java:130)
V/FlingTracker(  533): 	at com.android.systemui.statusbar.phone.PhoneStatusBarView.onTouchEvent(PhoneStatusBarView.java:201)
V/FlingTracker(  533): 	at android.view.View.dispatchTouchEvent(View.java:7706)
V/FlingTracker(  533): 	at android.view.ViewGroup.dispatchTransformedTouchEvent(ViewGroup.java:2210)
V/FlingTracker(  533): 	at android.view.ViewGroup.dispatchTouchEvent(ViewGroup.java:1945)
V/FlingTracker(  533): 	at android.view.ViewGroup.dispatchTransformedTouchEvent(ViewGroup.java:2216)
V/FlingTracker(  533): 	at android.view.ViewGroup.dispatchTouchEvent(ViewGroup.java:1959)
V/FlingTracker(  533): 	at android.view.View.dispatchPointerEvent(View.java:7886)
V/FlingTracker(  533): 	at android.view.ViewRootImpl$ViewPostImeInputStage.processPointerEvent(ViewRootImpl.java:3978)
V/FlingTracker(  533): 	at android.view.ViewRootImpl$ViewPostImeInputStage.onProcess(ViewRootImpl.java:3857)
V/FlingTracker(  533): 	at android.view.ViewRootImpl$InputStage.deliver(ViewRootImpl.java:3423)
V/FlingTracker(  533): 	at android.view.ViewRootImpl$InputStage.onDeliverToNext(ViewRootImpl.java:3473)
V/FlingTracker(  533): 	at android.view.ViewRootImpl$InputStage.forward(ViewRootImpl.java:3442)
V/FlingTracker(  533): 	at android.view.ViewRootImpl$AsyncInputStage.forward(ViewRootImpl.java:3549)
V/FlingTracker(  533): 	at android.view.ViewRootImpl$InputStage.apply(ViewRootImpl.java:3450)
V/FlingTracker(  533): 	at android.view.ViewRootImpl$AsyncInputStage.apply(ViewRootImpl.java:3606)
V/FlingTracker(  533): 	at android.view.ViewRootImpl$InputStage.deliver(ViewRootImpl.java:3423)
V/FlingTracker(  533): 	at android.view.ViewRootImpl$InputStage.onDeliverToNext(ViewRootImpl.java:3473)
V/FlingTracker(  533): 	at android.view.ViewRootImpl$InputStage.forward(ViewRootImpl.java:3442)
V/FlingTracker(  533): 	at android.view.ViewRootImpl$InputStage.apply(ViewRootImpl.java:3450)
V/FlingTracker(  533): 	at android.view.ViewRootImpl$InputStage.deliver(ViewRootImpl.java:3423)
V/FlingTracker(  533): 	at android.view.ViewRootImpl.deliverInputEvent(ViewRootImpl.java:5626)
V/FlingTracker(  533): 	at android.view.ViewRootImpl.doProcessInputEvents(ViewRootImpl.java:5606)
V/FlingTracker(  533): 	at android.view.ViewRootImpl.enqueueInputEvent(ViewRootImpl.java:5577)
V/FlingTracker(  533): 	at android.view.ViewRootImpl$WindowInputEventReceiver.onInputEvent(ViewRootImpl.java:5706)
V/FlingTracker(  533): 	at android.view.InputEventReceiver.dispatchInputEvent(InputEventReceiver.java:185)
V/FlingTracker(  533): 	at android.os.MessageQueue.nativePollOnce(Native Method)
V/FlingTracker(  533): 	at android.os.MessageQueue.next(MessageQueue.java:138)
V/FlingTracker(  533): 	at android.os.Looper.loop(Looper.java:123)
V/FlingTracker(  533): 	at android.app.ActivityThread.main(ActivityThread.java:5019)
V/FlingTracker(  533): 	at java.lang.reflect.Method.invokeNative(Native Method)
V/FlingTracker(  533): 	at java.lang.reflect.Method.invoke(Method.java:515)
V/FlingTracker(  533): 	at com.android.internal.os.ZygoteInit$MethodAndArgsCaller.run(ZygoteInit.java:779)
V/FlingTracker(  533): 	at com.android.internal.os.ZygoteInit.main(ZygoteInit.java:595)
V/FlingTracker(  533): 	at dalvik.system.NativeStart.main(Native Method)
V/PanelView(  533): animationTick called with dtms=0; nothing to do (h=0.0 v=0.0)
W/ContextImpl(  479): Calling a method in the system process without a qualified user: android.app.ContextImpl.sendBroadcast:1123 com.android.server.InputMethodManagerService.hideCurrentInputLocked:1880 com.android.server.InputMethodManagerService.hideSoftInput:1843 com.android.internal.view.IInputMethodManager$Stub.onTransact:194 com.android.server.InputMethodManagerService.onTransact:818 
I/ActivityManager(  479): START u0 {cmp=com.dccomics.comics/com.iconology.ui.WebViewActivity (has extras)} from pid 13030
D/HockeyApp(13030): Looking for exceptions in: /data/data/com.dccomics.comics/files
D/HockeyApp(13030): Current handler class = net.hockeyapp.android.i
I/qtaguid (  654): Tagging socket 107 with tag 3000040700000000(805307399) for uid -1 failed errno=-13
I/NetworkManagementSocketTagger(  654): tagSocketFd(107, 805307399, -1) failed with errno-13
W/EGL_emulation(13030): eglSurfaceAttrib not implemented 3093 12436
W/ViewRootImpl(13030): Dropping event due to no window focus: KeyEvent { action=ACTION_DOWN, keyCode=KEYCODE_BUTTON_9, scanCode=0, metaState=0, flags=0x8, repeatCount=0, eventTime=1195255, downTime=1195255, deviceId=-1, source=0x101 }
W/ViewRootImpl(13030): Dropping event due to no window focus: KeyEvent { action=ACTION_DOWN, keyCode=KEYCODE_DPAD_CENTER, scanCode=0, metaState=0, flags=0x8, repeatCount=0, eventTime=1195255, downTime=1195255, deviceId=-1, source=0x101 }
W/ViewRootImpl(13030): Dropping event due to no window focus: KeyEvent { action=ACTION_DOWN, keyCode=KEYCODE_BUTTON_3, scanCode=0, metaState=0, flags=0x8, repeatCount=0, eventTime=1195368, downTime=1195368, deviceId=-1, source=0x101 }
W/ViewRootImpl(13030): Dropping event due to no window focus: KeyEvent { action=ACTION_DOWN, keyCode=KEYCODE_DPAD_CENTER, scanCode=0, metaState=0, flags=0x8, repeatCount=0, eventTime=1195368, downTime=1195368, deviceId=-1, source=0x101 }
W/AwContents(13030): nativeOnDraw failed; clearing to background color.
V/PanelView(  533): animationTick called with dtms=0; nothing to do (h=0.0 v=-0.0)
I/qtaguid (  654): Untagging socket 107 failed errno=-13
W/ViewRootImpl(13030): Dropping event due to no window focus: KeyEvent { action=ACTION_DOWN, keyCode=KEYCODE_DPAD_LEFT, scanCode=0, metaState=0, flags=0x8, repeatCount=0, eventTime=1195380, downTime=1195380, deviceId=-1, source=0x101 }
W/ViewRootImpl(13030): Dropping event due to no window focus: KeyEvent { action=ACTION_DOWN, keyCode=KEYCODE_DPAD_RIGHT, scanCode=0, metaState=0, flags=0x8, repeatCount=0, eventTime=1195435, downTime=1195435, deviceId=-1, source=0x101 }
W/ContextImpl(  479): Calling a method in the system process without a qualified user: android.app.ContextImpl.sendBroadcast:1123 com.android.server.InputMethodManagerService.hideCurrentInputLocked:1880 com.android.server.InputMethodManagerService.windowGainedFocus:1968 com.android.internal.view.IInputMethodManager$Stub.onTransact:221 com.android.server.InputMethodManagerService.onTransact:818 
W/AwContents(13030): nativeOnDraw failed; clearing to background color.
V/PanelView(  533): animationTick called with dtms=0; nothing to do (h=0.0 v=-0.0)
W/NetworkManagementSocketTagger(  654): untagSocket(107) failed with errno -13
I/ActivityManager(  479): Displayed com.dccomics.comics/com.iconology.ui.WebViewActivity: +158ms
V/FlingTracker(  533): computeCurrentVelocity warning: totalweight=0
V/FlingTracker(  533): java.lang.Throwable
V/FlingTracker(  533): 	at com.android.systemui.statusbar.phone.PanelView$FlingTracker.computeCurrentVelocity(PanelView.java:162)
V/FlingTracker(  533): 	at com.android.systemui.statusbar.phone.PanelView$3.onTouch(PanelView.java:462)
V/FlingTracker(  533): 	at android.view.View.dispatchTouchEvent(View.java:7701)
V/FlingTracker(  533): 	at com.android.systemui.statusbar.phone.NotificationPanelView.onTouchEvent(NotificationPanelView.java:138)
V/FlingTracker(  533): 	at com.android.systemui.statusbar.phone.PanelBar.onTouchEvent(PanelBar.java:130)
V/FlingTracker(  533): 	at com.android.systemui.statusbar.phone.PhoneStatusBarView.onTouchEvent(PhoneStatusBarView.java:201)
V/FlingTracker(  533): 	at android.view.View.dispatchTouchEvent(View.java:7706)
V/FlingTracker(  533): 	at android.view.ViewGroup.dispatchTransformedTouchEvent(ViewGroup.java:2210)
V/FlingTracker(  533): 	at android.view.ViewGroup.dispatchTouchEvent(ViewGroup.java:1945)
V/FlingTracker(  533): 	at android.view.ViewGroup.dispatchTransformedTouchEvent(ViewGroup.java:2216)
V/FlingTracker(  533): 	at android.view.ViewGroup.dispatchTouchEvent(ViewGroup.java:1959)
V/FlingTracker(  533): 	at android.view.View.dispatchPointerEvent(View.java:7886)
V/FlingTracker(  533): 	at android.view.ViewRootImpl$ViewPostImeInputStage.processPointerEvent(ViewRootImpl.java:3978)
V/FlingTracker(  533): 	at android.view.ViewRootImpl$ViewPostImeInputStage.onProcess(ViewRootImpl.java:3857)
V/FlingTracker(  533): 	at android.view.ViewRootImpl$InputStage.deliver(ViewRootImpl.java:3423)
V/FlingTracker(  533): 	at android.view.ViewRootImpl$InputStage.onDeliverToNext(ViewRootImpl.java:3473)
V/FlingTracker(  533): 	at android.view.ViewRootImpl$InputStage.forward(ViewRootImpl.java:3442)
V/FlingTracker(  533): 	at android.view.ViewRootImpl$AsyncInputStage.forward(ViewRootImpl.java:3549)
V/FlingTracker(  533): 	at android.view.ViewRootImpl$InputStage.apply(ViewRootImpl.java:3450)
V/FlingTracker(  533): 	at android.view.ViewRootImpl$AsyncInputStage.apply(ViewRootImpl.java:3606)
V/FlingTracker(  533): 	at android.view.ViewRootImpl$InputStage.deliver(ViewRootImpl.java:3423)
V/FlingTracker(  533): 	at android.view.ViewRootImpl$InputStage.onDeliverToNext(ViewRootImpl.java:3473)
V/FlingTracker(  533): 	at android.view.ViewRootImpl$InputStage.forward(ViewRootImpl.java:3442)
V/FlingTracker(  533): 	at android.view.ViewRootImpl$InputStage.apply(ViewRootImpl.java:3450)
V/FlingTracker(  533): 	at android.view.ViewRootImpl$InputStage.deliver(ViewRootImpl.java:3423)
V/FlingTracker(  533): 	at android.view.ViewRootImpl.deliverInputEvent(ViewRootImpl.java:5626)
V/FlingTracker(  533): 	at android.view.ViewRootImpl.doProcessInputEvents(ViewRootImpl.java:5606)
V/FlingTracker(  533): 	at android.view.ViewRootImpl.enqueueInputEvent(ViewRootImpl.java:5577)
V/FlingTracker(  533): 	at android.view.ViewRootImpl$WindowInputEventReceiver.onInputEvent(ViewRootImpl.java:5706)
V/FlingTracker(  533): 	at android.view.InputEventReceiver.dispatchInputEvent(InputEventReceiver.java:185)
V/FlingTracker(  533): 	at android.os.MessageQueue.nativePollOnce(Native Method)
V/FlingTracker(  533): 	at android.os.MessageQueue.next(MessageQueue.java:138)
V/FlingTracker(  533): 	at android.os.Looper.loop(Looper.java:123)
V/FlingTracker(  533): 	at android.app.ActivityThread.main(ActivityThread.java:5019)
V/FlingTracker(  533): 	at java.lang.reflect.Method.invokeNative(Native Method)
V/FlingTracker(  533): 	at java.lang.reflect.Method.invoke(Method.java:515)
V/FlingTracker(  533): 	at com.android.internal.os.ZygoteInit$MethodAndArgsCaller.run(ZygoteInit.java:779)
V/FlingTracker(  533): 	at com.android.internal.os.ZygoteInit.main(ZygoteInit.java:595)
V/FlingTracker(  533): 	at dalvik.system.NativeStart.main(Native Method)
V/PanelView(  533): animationTick called with dtms=0; nothing to do (h=0.0 v=0.0)
V/PanelView(  533): animationTick called with dtms=-2; nothing to do (h=0.0 v=0.0)
I/chromium(13030): [INFO:async_pixel_transfer_manager_android.cc(56)] Async pixel transfers not supported
I/chromium(13030): [INFO:async_pixel_transfer_manager_android.cc(56)] Async pixel transfers not supported
W/UnimplementedWebViewApi(13030): Unimplemented WebView method onKeyMultiple called from: android.webkit.WebView.onKeyMultiple(WebView.java:2179)
W/UnimplementedWebViewApi(13030): Unimplemented WebView method onKeyDown called from: android.webkit.WebView.onKeyDown(WebView.java:2169)
W/UnimplementedWebViewApi(13030): Unimplemented WebView method onKeyMultiple called from: android.webkit.WebView.onKeyMultiple(WebView.java:2179)
W/UnimplementedWebViewApi(13030): Unimplemented WebView method onKeyDown called from: android.webkit.WebView.onKeyDown(WebView.java:2169)
I/ActivityManager(  479): Activity reported stop, but no longer stopping: ActivityRecord{4a9a1ab0 u0 com.dccomics.comics/com.iconology.ui.account.LoginActivity t73}
D/HockeyApp(13030): Looking for exceptions in: /data/data/com.dccomics.comics/files
D/HockeyApp(13030): Current handler class = net.hockeyapp.android.i
W/EGL_emulation(13030): eglSurfaceAttrib not implemented 3093 12436
W/ViewRootImpl(13030): Dropping event due to no window focus: KeyEvent { action=ACTION_DOWN, keyCode=KEYCODE_DPAD_RIGHT, scanCode=0, metaState=0, flags=0x8, repeatCount=0, eventTime=1195836, downTime=1195836, deviceId=-1, source=0x101 }
W/ContextImpl(  479): Calling a method in the system process without a qualified user: android.app.ContextImpl.sendBroadcast:1123 com.android.server.InputMethodManagerService.hideCurrentInputLocked:1880 com.android.server.InputMethodManagerService.windowGainedFocus:1968 com.android.internal.view.IInputMethodManager$Stub.onTransact:221 com.android.server.InputMethodManagerService.onTransact:818 
I/ActivityManager(  479): START u0 {act=android.intent.action.MAIN cat=[android.intent.category.LAUNCHER] flg=0x10200000 cmp=com.dccomics.comics/com.iconology.ui.navigation.RouterActivity} from pid 13020
I/ActivityManager(  479): START u0 {act=android.intent.action.MAIN cat=[android.intent.category.LAUNCHER] flg=0x10200000 cmp=com.dccomics.comics/com.iconology.ui.navigation.RouterActivity} from pid 13020
I/chromium(13030): [INFO:CONSOLE(61)] "Viewport argument key "shrink-to-fit" not recognized and ignored.", source: https://www.amazon.com/ap/signin?_encoding=UTF8&openid.mode=checkid_setup&openid.ns=http%3A%2F%2Fspecs.openid.net%2Fauth%2F2.0&openid.claimed_id=http%3A%2F%2Fspecs.openid.net%2Fauth%2F2.0%2Fidentifier_select&openid.pape.max_auth_age=0&ie=UTF8&openid.ns.pape=http%3A%2F%2Fspecs.openid.net%2Fextensions%2Fpape%2F1.0&openid.identity=http%3A%2F%2Fspecs.openid.net%2Fauth%2F2.0%2Fidentifier_select&pageId=lwa&openid.assoc_handle=amzn_lwa_na&marketPlaceId=ATVPDKIKX0DER&arb=e870cd99-7e87-4cdf-a312-a9023e349780&language=ja_JP&openid.return_to=https%3A%2F%2Fna.account.amazon.com%2Fap%2Foa%3FmarketPlaceId%3DATVPDKIKX0DER%26arb%3De870cd99-7e87-4cdf-a312-a9023e349780%26language%3Dja_JP&enableGlobalAccountCreation=1&metricIdentifier=amzn1.application.f19a0ee5037b47a5b1e3529b68a434b2&signedMetricIdentifier=v4vvcgLP4zcg4O20M73HrFR74KEgL9CZ2lqoAbLJ%2BjI%3D (61)
I/ActivityManager(  479): START u0 {act=android.intent.action.MAIN cat=[android.intent.category.LAUNCHER] flg=0x10000000 sel={act=android.intent.action.MAIN cat=[android.intent.category.APP_EMAIL]}} from pid 479
I/ActivityManager(  479): START u0 {act=android.intent.action.MAIN cat=[android.intent.category.LAUNCHER] flg=0x10000000 cmp=com.android.browser/.BrowserActivity sel={act=android.intent.action.MAIN cat=[android.intent.category.APP_BROWSER]}} from pid 479
V/PanelView(  533): animationTick called with dtms=0; nothing to do (h=0.0 v=0.0)
I/ActivityManager(  479): START u0 {act=android.intent.action.MAIN cat=[android.intent.category.HOME] flg=0x10200000 cmp=com.vphone.launcher/.Launcher} from pid 479
V/InputMethodService( 5925): onEvaluateInputViewShown: config.hardKeyboardHidden = 1
W/ContextImpl(  479): Calling a method in the system process without a qualified user: android.app.ContextImpl.sendBroadcast:1123 com.android.server.InputMethodManagerService.showCurrentInputLocked:1791 com.android.server.InputMethodManagerService.showSoftInput:1753 com.android.internal.view.IInputMethodManager$Stub.onTransact:175 com.android.server.InputMethodManagerService.onTransact:818 
V/InputMethodService( 5925): onEvaluateInputViewShown: config.hardKeyboardHidden = 1
W/ContextImpl(  479): Calling a method in the system process without a qualified user: android.app.ContextImpl.sendBroadcast:1123 com.android.server.InputMethodManagerService.showCurrentInputLocked:1791 com.android.server.InputMethodManagerService.attachNewInputLocked:1095 com.android.server.InputMethodManagerService.startInputUncheckedLocked:1166 com.android.server.InputMethodManagerService.startInputLocked:1128 
E/SurfaceFlinger(  166): glCheckFramebufferStatusOES error 36054
E/SurfaceFlinger(  166): got GL_FRAMEBUFFER_COMPLETE_OES error while taking screenshot
D/SurfaceFlinger(  166): setOrientation, mFbdev=0xb7aec050, mFbDev->setOrientation=0xb6a0ace0, orientation=0
I/gralloc_nox(  166): setOrientation: orientation=0
I/InputReader(  479): Reconfiguring input devices.  changes=0x00000004
I/InputReader(  479): Device reconfigured: id=1, name='seamless mouse', size 1280x720, orientation 0, mode 1, display id 0
I/InputReader(  479): Device reconfigured: id=3, name='Android Input', size 1280x720, orientation 0, mode 1, display id 0
I/InputReader(  479): Reconfiguring input devices.  changes=0x00000004
I/InputReader(  479): Device reconfigured: id=8, name='VirtualBox USB Tablet', size 1280x720, orientation 0, mode 1, display id 0
I/ActivityManager(  479): Config changes=480 {1.0 310mcc16mnc ja_US ldltr sw480dp w853dp h454dp 240dpi lrg long land finger qwerty/v/v dpad/v s.28}
D/Sensors (  479): Client connection accepted (82)
D/Tinker.DefaultAppLike(  681): onConfigurationChanged:{1.0 310mcc16mnc ja_US ldltr sw480dp w853dp h454dp 240dpi lrg long land finger qwerty/v/v dpad/v s.28}
D/PhoneStatusBar(  533): mSettingsPanelGravity = 55
D/        (  479): HostConnection::get() New Host Connection established 0xb8e8bde0, tid 496
I/AndroidRuntime(13020): VM exiting with result code 0.
