--------- beginning of /dev/log/main
I/Icing   (  713): Indexing F4FAA6262FE39DDD50BAE6B7AF5CDB8D73BA0DB0 from com.google.android.gms
I/Icing   (  713): Indexing done F4FAA6262FE39DDD50BAE6B7AF5CDB8D73BA0DB0
D/AndroidRuntime(21588): 
D/AndroidRuntime(21588): >>>>>> AndroidRuntime START com.android.internal.os.RuntimeInit <<<<<<
D/AndroidRuntime(21588): CheckJNI is OFF
D/dalvikvm(21588): Using executionMode 2
D/dalvikvm(21588): Trying to load lib libjavacore.so 0x0
D/dalvikvm(21588): Added shared lib libjavacore.so 0x0
D/dalvikvm(21588): Trying to load lib libnativehelper.so 0x0
D/dalvikvm(21588): Added shared lib libnativehelper.so 0x0
D/dalvikvm(21588): No JNI_OnLoad found in libnativehelper.so 0x0, skipping init
D/dalvikvm(21588): Note: class Landroid/app/ActivityManagerNative; has 179 unimplemented (abstract) methods
E/memtrack(21588): Couldn't load memtrack module (No such file or directory)
E/android.os.Debug(21588): failed to load memtrack module: -2
D/AndroidRuntime(21588): Calling main entry com.android.commands.monkey.Monkey
--------- beginning of /dev/log/system
W/BroadcastQueue(  464): Skipping deliver [background] BroadcastRecord{4af69078 u-1 android.net.conn.CONNECTIVITY_CHANGE} to ReceiverList{4acd9eec 21588 (unknown name)/0/u-1 remote:4acc73a4}: process crashing
I/ActivityManager(  464): START u0 {act=android.intent.action.MAIN cat=[android.intent.category.LAUNCHER] flg=0x10200000 cmp=com.tmarki.comics/.ComicMakerActivity} from pid 21588
D/yeshen  (  681): launcher onpause
I/dalvikvm(21598): Enabling JNI app bug workarounds for target SDK version 9...
I/ActivityManager(  464): Start proc com.tmarki.comics for activity com.tmarki.comics/.ComicMakerActivity: pid=21598 uid=10085 gids={50085, 1028, 1015, 1023, 3003}
W/NetworkManagementSocketTagger(  464): setKernelCountSet(10085, 1) failed with errno -13
D/yeshen  (  681): launcher onstop
I/dalvikvm(21598): ignoring registerObject request in thread=1
I/dalvikvm(21598): ignoring registerObject request in thread=1
W/DebugConnManager(  681): getNetworkInfo() on networkType 1
D/FirebaseApp(  681): Notifying background state change listeners.
D/Tinker.DefaultAppLike(  681): onTrimMemory level:20
V/PhoneStatusBar(  532): setLightsOn(true)
E/dalvikvm(21598): Could not find class 'android.support.v4.app.FragmentActivity', referenced from method com.google.android.gms.common.GooglePlayServicesUtil.showErrorDialogFragment
W/dalvikvm(21598): VFY: unable to resolve instanceof 142 (Landroid/support/v4/app/FragmentActivity;) in Lcom/google/android/gms/common/GooglePlayServicesUtil;
D/dalvikvm(21598): VFY: replacing opcode 0x20 at 0x0009
E/dalvikvm(21598): Could not find class 'android.support.v4.app.FragmentActivity', referenced from method com.google.android.gms.common.GooglePlayServicesUtil.showErrorDialogFragment
W/dalvikvm(21598): VFY: unable to resolve check-cast 142 (Landroid/support/v4/app/FragmentActivity;) in Lcom/google/android/gms/common/GooglePlayServicesUtil;
D/dalvikvm(21598): VFY: replacing opcode 0x1f at 0x000e
D/dalvikvm(21598): JIT code cache reset in 0 ms (0 bytes 1/0)
D/dalvikvm(21598): GC_CONCURRENT freed 237K, 10% free 2935K/3228K, paused 2ms+0ms, total 6ms
I/dalvikvm(21598): Could not find method android.content.pm.PackageManager.getPackageInstaller, referenced from method jjw.a
W/dalvikvm(21598): VFY: unable to resolve virtual method 2504: Landroid/content/pm/PackageManager;.getPackageInstaller ()Landroid/content/pm/PackageInstaller;
D/dalvikvm(21598): VFY: replacing opcode 0x6e at 0x001c
I/dalvikvm(21598): Could not find method android.content.ContextWrapper.createCredentialProtectedStorageContext, referenced from method iwr.createCredentialProtectedStorageContext
W/dalvikvm(21598): VFY: unable to resolve virtual method 2411: Landroid/content/ContextWrapper;.createCredentialProtectedStorageContext ()Landroid/content/Context;
D/dalvikvm(21598): VFY: replacing opcode 0x6f at 0x0002
I/dalvikvm(21598): Could not find method android.content.ContextWrapper.createDeviceProtectedStorageContext, referenced from method iwr.createDeviceProtectedStorageContext
W/dalvikvm(21598): VFY: unable to resolve virtual method 2412: Landroid/content/ContextWrapper;.createDeviceProtectedStorageContext ()Landroid/content/Context;
D/dalvikvm(21598): VFY: replacing opcode 0x6f at 0x0002
I/dalvikvm(21598): Could not find method android.content.ContextWrapper.createCredentialProtectedStorageContext, referenced from method com.google.android.chimera.ModuleContext.createCredentialProtectedStorageContext
W/dalvikvm(21598): VFY: unable to resolve virtual method 2411: Landroid/content/ContextWrapper;.createCredentialProtectedStorageContext ()Landroid/content/Context;
D/dalvikvm(21598): VFY: replacing opcode 0x6f at 0x0002
I/dalvikvm(21598): Could not find method android.content.ContextWrapper.createDeviceProtectedStorageContext, referenced from method com.google.android.chimera.ModuleContext.createDeviceProtectedStorageContext
W/dalvikvm(21598): VFY: unable to resolve virtual method 2412: Landroid/content/ContextWrapper;.createDeviceProtectedStorageContext ()Landroid/content/Context;
D/dalvikvm(21598): VFY: replacing opcode 0x6f at 0x0002
I/dalvikvm(21598): Could not find method android.content.Context.isCredentialProtectedStorage, referenced from method cub.a
W/dalvikvm(21598): VFY: unable to resolve virtual method 2391: Landroid/content/Context;.isCredentialProtectedStorage ()Z
D/dalvikvm(21598): VFY: replacing opcode 0x6e at 0x0000
I/dalvikvm(21598): Could not find method android.os.UserManager.isUserUnlocked, referenced from method cub.a
W/dalvikvm(21598): VFY: unable to resolve virtual method 3028: Landroid/os/UserManager;.isUserUnlocked ()Z
D/dalvikvm(21598): VFY: replacing opcode 0x6e at 0x001a
I/dalvikvm(21598): Could not find method android.content.Context.isDeviceProtectedStorage, referenced from method cub.b
W/dalvikvm(21598): VFY: unable to resolve virtual method 2392: Landroid/content/Context;.isDeviceProtectedStorage ()Z
D/dalvikvm(21598): VFY: replacing opcode 0x6e at 0x0000
I/dalvikvm(21598): Could not find method android.content.Context.isDeviceProtectedStorage, referenced from method cub.c
W/dalvikvm(21598): VFY: unable to resolve virtual method 2392: Landroid/content/Context;.isDeviceProtectedStorage ()Z
D/dalvikvm(21598): VFY: replacing opcode 0x6e at 0x0000
I/dalvikvm(21598): Could not find method android.system.Os.readlink, referenced from method cuq.a
W/dalvikvm(21598): VFY: unable to resolve static method 3047: Landroid/system/Os;.readlink (Ljava/lang/String;)Ljava/lang/String;
D/dalvikvm(21598): VFY: replacing opcode 0x71 at 0x0000
I/dalvikvm(21598): Could not find method android.system.Os.stat, referenced from method cuq.a
W/dalvikvm(21598): VFY: unable to resolve static method 3048: Landroid/system/Os;.stat (Ljava/lang/String;)Landroid/system/StructStat;
D/dalvikvm(21598): VFY: replacing opcode 0x71 at 0x0042
I/dalvikvm(21598): Could not find method android.system.Os.symlink, referenced from method cuq.a
W/dalvikvm(21598): VFY: unable to resolve static method 3049: Landroid/system/Os;.symlink (Ljava/lang/String;Ljava/lang/String;)V
D/dalvikvm(21598): VFY: replacing opcode 0x71 at 0x013b
I/dalvikvm(21598): DexOpt: unable to optimize instance field ref 0x04a1 at 0x46 in Lcuq;.a
I/dalvikvm(21598): DexOpt: unable to optimize static field ref 0x049c at 0x48 in Lcuq;.a
I/dalvikvm(21598): DexOpt: unable to optimize static field ref 0x049a at 0x4a in Lcuq;.a
I/dalvikvm(21598): DexOpt: unable to optimize static field ref 0x049b at 0x4d in Lcuq;.a
I/dalvikvm(21598): DexOpt: unable to optimize static field ref 0x049d at 0x57 in Lcuq;.a
I/dalvikvm(21598): DexOpt: unable to optimize static field ref 0x04a0 at 0x5f in Lcuq;.a
I/dalvikvm(21598): DexOpt: unable to optimize static field ref 0x049e at 0x61 in Lcuq;.a
I/dalvikvm(21598): DexOpt: unable to optimize static field ref 0x049f at 0x64 in Lcuq;.a
I/dalvikvm(21598): DexOpt: unable to optimize static field ref 0x049c at 0x7f in Lcuq;.a
I/dalvikvm(21598): DexOpt: unable to optimize static field ref 0x04a0 at 0x90 in Lcuq;.a
I/dalvikvm(21598): Could not find method android.content.Context.createDeviceProtectedStorageContext, referenced from method jvu.a
W/dalvikvm(21598): VFY: unable to resolve virtual method 2362: Landroid/content/Context;.createDeviceProtectedStorageContext ()Landroid/content/Context;
D/dalvikvm(21598): VFY: replacing opcode 0x6e at 0x0029
I/dalvikvm(21598): Could not find method android.content.Context.getSystemService, referenced from method jvu.b
W/dalvikvm(21598): VFY: unable to resolve virtual method 2387: Landroid/content/Context;.getSystemService (Ljava/lang/Class;)Ljava/lang/Object;
D/dalvikvm(21598): VFY: replacing opcode 0x6e at 0x000b
D/dalvikvm(21598): DexOpt: couldn't find static field Landroid/os/Build;.SUPPORTED_64_BIT_ABIS
W/dalvikvm(21598): VFY: unable to resolve static field 1157 (SUPPORTED_64_BIT_ABIS) in Landroid/os/Build;
D/dalvikvm(21598): VFY: replacing opcode 0x62 at 0x0012
D/dalvikvm(21598): DexOpt: couldn't find static field Landroid/os/Build;.SUPPORTED_32_BIT_ABIS
W/dalvikvm(21598): VFY: unable to resolve static field 1156 (SUPPORTED_32_BIT_ABIS) in Landroid/os/Build;
D/dalvikvm(21598): VFY: replacing opcode 0x62 at 0x0021
D/dalvikvm(21598): DexOpt: couldn't find static field Landroid/os/Build;.SUPPORTED_ABIS
W/dalvikvm(21598): VFY: unable to resolve static field 1158 (SUPPORTED_ABIS) in Landroid/os/Build;
D/dalvikvm(21598): VFY: replacing opcode 0x62 at 0x0008
D/dalvikvm(21598): DexOpt: couldn't find static field Landroid/os/Build;.SUPPORTED_64_BIT_ABIS
W/dalvikvm(21598): VFY: unable to resolve static field 1157 (SUPPORTED_64_BIT_ABIS) in Landroid/os/Build;
D/dalvikvm(21598): VFY: replacing opcode 0x62 at 0x0008
D/dalvikvm(21598): DexOpt: couldn't find static field Landroid/os/Build;.SUPPORTED_64_BIT_ABIS
I/dalvikvm(21598): DexOpt: unable to optimize static field ref 0x0485 at 0x17 in Lcwd;.a
D/dalvikvm(21598): DexOpt: couldn't find static field Landroid/os/Build;.SUPPORTED_32_BIT_ABIS
I/dalvikvm(21598): DexOpt: unable to optimize static field ref 0x0484 at 0x26 in Lcwd;.a
D/dalvikvm(21598): DexOpt: couldn't find static field Landroid/os/Build;.SUPPORTED_64_BIT_ABIS
I/dalvikvm(21598): DexOpt: unable to optimize static field ref 0x0485 at 0x0d in Lcwd;.b
D/DynamitePackage(21598): Instantiated singleton DynamitePackage.
D/DynamitePackage(21598): Instantiating com.google.android.gms.ads.ChimeraAdManagerCreatorImpl
D/dalvikvm(21598): GC_CONCURRENT freed 246K, 9% free 3079K/3380K, paused 2ms+0ms, total 5ms
I/dalvikvm(21598): Could not find method android.content.pm.PackageManager.getPackageInstaller, referenced from method jn.a
W/dalvikvm(21598): VFY: unable to resolve virtual method 2060: Landroid/content/pm/PackageManager;.getPackageInstaller ()Landroid/content/pm/PackageInstaller;
D/dalvikvm(21598): VFY: replacing opcode 0x6e at 0x0017
I/dalvikvm(21598): Could not find method android.security.NetworkSecurityPolicy.getInstance, referenced from method com.google.android.gms.ads.internal.util.h.b_
W/dalvikvm(21598): VFY: unable to resolve static method 2591: Landroid/security/NetworkSecurityPolicy;.getInstance ()Landroid/security/NetworkSecurityPolicy;
D/dalvikvm(21598): VFY: replacing opcode 0x71 at 0x0022
D/dalvikvm(21598): GC_CONCURRENT freed 298K, 10% free 3221K/3540K, paused 2ms+2ms, total 11ms
D/dalvikvm(21598): DexOpt: --- BEGIN '1510898742191.jar' (bootstrap=0) ---
I/dalvikvm(21598): Could not find method android.content.pm.PackageManager.isInstantApp, referenced from method qp.a
W/dalvikvm(21598): VFY: unable to resolve virtual method 2065: Landroid/content/pm/PackageManager;.isInstantApp (Ljava/lang/String;)Z
D/dalvikvm(21598): VFY: replacing opcode 0x6e at 0x002d
I/dalvikvm(21598): Could not find method android.content.pm.PackageManager.isInstantApp, referenced from method qo.a
W/dalvikvm(21598): VFY: unable to resolve virtual method 2064: Landroid/content/pm/PackageManager;.isInstantApp ()Z
D/dalvikvm(21598): VFY: replacing opcode 0x6e at 0x0028
I/Ads     (21598): Starting ad request.
I/Ads     (21598): Use AdRequest.Builder.addTestDevice("36C000C4994BD3192565D3B3E2B4826B") to get test ads on this device.
I/dalvikvm(21598): Could not find method android.webkit.WebSettings.setMixedContentMode, referenced from method com.google.android.gms.ads.internal.webview.m.<init>
W/dalvikvm(21598): VFY: unable to resolve virtual method 2893: Landroid/webkit/WebSettings;.setMixedContentMode (I)V
D/dalvikvm(21598): VFY: replacing opcode 0x6e at 0x0069
V/WebViewChromium(21598): Binding Chromium to the main looper Looper (main, tid 1) {4a7e8804}
I/chromium(21598): [INFO:library_loader_hooks.cc(112)] Chromium logging enabled: level = 0, default verbosity = 0
I/BrowserProcessMain(21598): Initializing chromium process, renderers=0
W/chromium(21598): [WARNING:proxy_service.cc(888)] PAC support disabled because there is no system implementation
D/libEGL  (21598): loaded /system/lib/egl/libEGL_adreno.so
D/        (21598): HostConnection::get() New Host Connection established 0xb875c7e0, tid 21598
D/libEGL  (21598): loaded /system/lib/egl/libGLESv1_CM_adreno.so
D/libEGL  (21598): loaded /system/lib/egl/libGLESv2_adreno.so
D/dalvikvm(21598): GC_FOR_ALLOC freed 301K, 10% free 3311K/3664K, paused 2ms, total 2ms
I/dalvikvm-heap(21598): Grow heap (frag case) to 3.888MB for 635808-byte allocation
D/dalvikvm(21598): GC_CONCURRENT freed 0K, 9% free 3932K/4288K, paused 0ms+0ms, total 2ms
W/ActivityManager(  464): Permission Denial: getTasks() from pid=21598, uid=10085 requires android.permission.GET_TASKS
W/Ads     (21598): Invoke Firebase method getInstance error.
W/Ads     (21598): The Google Mobile Ads SDK will not integrate with Firebase. Admob/Firebase integration requires the latest Firebase SDK jar, but Firebase SDK is either missing or out of date
D/dalvikvm(21619): DexOpt: load 0ms, verify+opt 3ms, 287892 bytes
D/dalvikvm(21598): DexOpt: --- END '1510898742191.jar' (success) ---
D/dalvikvm(21598): DEX prep '/data/data/com.tmarki.comics/cache/1510898742191.jar': unzip in 0ms, rewrite 322ms
D/dalvikvm(21598): GC_CONCURRENT freed 306K, 11% free 4023K/4484K, paused 0ms+0ms, total 4ms
D/dalvikvm(21598): GC_CONCURRENT freed 362K, 10% free 4046K/4484K, paused 3ms+0ms, total 6ms
W/Herrevad(  713): [1366] sjl.a: On wifi, but couldn't get security type
W/ViewRootImpl(21598): Dropping event due to no window focus: KeyEvent { action=ACTION_DOWN, keyCode=KEYCODE_DPAD_DOWN, scanCode=0, metaState=0, flags=0x8, repeatCount=0, eventTime=2043450, downTime=2043450, deviceId=-1, source=0x101 }
W/DebugConnManager(  713): getNetworkInfo() on networkType 0
D/dalvikvm(21598): GC_FOR_ALLOC freed 51K, 9% free 4081K/4484K, paused 5ms, total 5ms
I/dalvikvm-heap(21598): Grow heap (frag case) to 5.276MB for 1302012-byte allocation
D/dalvikvm(  654): GC_FOR_ALLOC freed 793K, 19% free 6793K/8308K, paused 45ms, total 71ms
E/Herrevad(  713): [1487] RemoteReportsRefreshChimeraService.a: want to send authenticated request, but no Google account on device
I/qtaguid (  713): Tagging socket 239 with tag 3000130100000000(805311233) for uid -1 failed errno=-13
I/NetworkManagementSocketTagger(  713): tagSocketFd(239, 805311233, -1) failed with errno-13
D/dalvikvm(  713): GC_CONCURRENT freed 2245K, 24% free 10174K/13384K, paused 4ms+36ms, total 120ms
I/qtaguid (  713): Tagging socket 243 with tag 3000010500000000(805306629) for uid -1 failed errno=-13
I/NetworkManagementSocketTagger(  713): tagSocketFd(243, 805306629, -1) failed with errno-13
D/dalvikvm(21598): GC_FOR_ALLOC freed <1K, 7% free 5353K/5756K, paused 50ms, total 50ms
D/dalvikvm(21598): GC_CONCURRENT freed 0K, 7% free 5353K/5756K, paused 2ms+0ms, total 4ms
W/ViewRootImpl(21598): Dropping event due to no window focus: KeyEvent { action=ACTION_DOWN, keyCode=KEYCODE_DPAD_RIGHT, scanCode=0, metaState=0, flags=0x8, repeatCount=0, eventTime=2044659, downTime=2044659, deviceId=-1, source=0x101 }
W/ContextImpl(  464): Calling a method in the system process without a qualified user: android.app.ContextImpl.sendBroadcast:1123 com.android.server.InputMethodManagerService.hideCurrentInputLocked:1880 com.android.server.InputMethodManagerService.windowGainedFocus:1968 com.android.internal.view.IInputMethodManager$Stub.onTransact:221 com.android.server.InputMethodManagerService.onTransact:818 
I/ActivityManager(  464): Displayed com.tmarki.comics/.ComicMakerActivity: +1s402ms
I/chromium(21598): [INFO:simple_index_file.cc(397)] Simple Cache Index is being restored from disk.
I/qtaguid (  713): Untagging socket 239 failed errno=-13
W/NetworkManagementSocketTagger(  713): untagSocket(239) failed with errno -13
E/Volley  (  713): [80] BasicNetwork.performRequest: Unexpected response code 307 for https://android.googleapis.com/nova/herrevad/network_quality_info
W/Herrevad(  713): [1487] RemoteReportsRefreshChimeraService.a: java.util.concurrent.ExecutionException: com.android.volley.ServerError
W/Herrevad(  713): java.util.concurrent.ExecutionException: com.android.volley.ServerError
W/Herrevad(  713): 	at com.android.volley.toolbox.RequestFuture.a(com.google.android.gms@12221070@12.2.21 (070-188803320):4)
W/Herrevad(  713): 	at com.android.volley.toolbox.RequestFuture.get(com.google.android.gms@12221070@12.2.21 (070-188803320):2)
W/Herrevad(  713): 	at com.google.android.gms.herrevad.services.RemoteReportsRefreshChimeraService.a(com.google.android.gms@12221070@12.2.21 (070-188803320):25)
W/Herrevad(  713): 	at com.google.android.gms.herrevad.services.ImmediateRemoteReportsRefreshChimeraService.onHandleIntent(com.google.android.gms@12221070@12.2.21 (070-188803320))
W/Herrevad(  713): 	at csq.handleMessage(com.google.android.gms@12221070@12.2.21 (070-188803320))
W/Herrevad(  713): 	at android.os.Handler.dispatchMessage(Handler.java:102)
W/Herrevad(  713): 	at android.os.Looper.loop(Looper.java:136)
W/Herrevad(  713): 	at android.os.HandlerThread.run(HandlerThread.java:61)
W/Herrevad(  713): Caused by: com.android.volley.ServerError
W/Herrevad(  713): 	at com.android.volley.toolbox.BasicNetwork.performRequest(com.google.android.gms@12221070@12.2.21 (070-188803320):36)
W/Herrevad(  713): 	at kiq.performRequest(com.google.android.gms@12221070@12.2.21 (070-188803320):8)
W/Herrevad(  713): 	at com.android.volley.NetworkDispatcher.a(com.google.android.gms@12221070@12.2.21 (070-188803320):7)
W/Herrevad(  713): 	at com.android.volley.NetworkDispatcher.run(com.google.android.gms@12221070@12.2.21 (070-188803320):2)
D/dalvikvm(21598): GC_CONCURRENT freed 381K, 8% free 5722K/6156K, paused 1ms+0ms, total 9ms
I/qtaguid (  713): Untagging socket 243 failed errno=-13
W/NetworkManagementSocketTagger(  713): untagSocket(243) failed with errno -13
D/dalvikvm(21598): GC_FOR_ALLOC freed 434K, 11% free 5944K/6644K, paused 3ms, total 3ms
W/ViewRootImpl(21598): Dropping event due to no window focus: KeyEvent { action=ACTION_DOWN, keyCode=KEYCODE_DPAD_LEFT, scanCode=0, metaState=0, flags=0x8, repeatCount=0, eventTime=2045304, downTime=2045304, deviceId=-1, source=0x101 }
W/ViewRootImpl(21598): Dropping event due to no window focus: KeyEvent { action=ACTION_DOWN, keyCode=KEYCODE_BUTTON_10, scanCode=0, metaState=0, flags=0x8, repeatCount=0, eventTime=2045315, downTime=2045315, deviceId=-1, source=0x101 }
W/InputMethodManagerService(  464): Window already focused, ignoring focus gain of: com.android.internal.view.IInputMethodClient$Stub$Proxy@4aa737f0 attribute=null, token = android.os.BinderProxy@4a90f668
W/DebugConnManager(  681): getNetworkInfo() on networkType 1
I/chromium(21598): [INFO:CONSOLE(0)] "Creating Application Cache with manifest https://googleads.g.doubleclick.net/mads/static/mad/sdk/native/sdk-core-v40-loader.appcache", source: https://googleads.g.doubleclick.net/mads/static/mad/sdk/native/sdk-core-v40-loader.html (0)
I/chromium(21598): [INFO:CONSOLE(0)] "Application Cache Checking event", source: https://googleads.g.doubleclick.net/mads/static/mad/sdk/native/sdk-core-v40-loader.html (0)
I/chromium(21598): [INFO:CONSOLE(0)] "Application Cache Downloading event", source: https://googleads.g.doubleclick.net/mads/static/mad/sdk/native/sdk-core-v40-loader.html (0)
D/dalvikvm(21598): GC_FOR_ALLOC freed 1639K, 34% free 4518K/6764K, paused 5ms, total 5ms
I/dalvikvm-heap(21598): Grow heap (frag case) to 5.703MB for 1302012-byte allocation
D/dalvikvm(21598): GC_FOR_ALLOC freed 0K, 15% free 5790K/6764K, paused 2ms, total 2ms
D/dalvikvm(21598): GC_CONCURRENT freed <1K, 15% free 5790K/6764K, paused 0ms+0ms, total 4ms
W/ViewRootImpl(21598): Dropping event due to no window focus: KeyEvent { action=ACTION_DOWN, keyCode=KEYCODE_DPAD_CENTER, scanCode=0, metaState=0, flags=0x8, repeatCount=0, eventTime=2045636, downTime=2045636, deviceId=-1, source=0x101 }
I/WearableService(  654): Wearable Services stopping
I/chromium(21598): [INFO:CONSOLE(0)] "Application Cache Progress event (0 of 1) https://googleads.g.doubleclick.net/mads/static/mad/sdk/native/production/sdk-core-v40-impl.js", source: https://googleads.g.doubleclick.net/mads/static/mad/sdk/native/sdk-core-v40-loader.html (0)
W/InputMethodManagerService(  464): Window already focused, ignoring focus gain of: com.android.internal.view.IInputMethodClient$Stub$Proxy@4ac17eec attribute=null, token = android.os.BinderProxy@4a90f668
I/ActivityManager(  464): START u0 {act=android.intent.action.MAIN cat=[android.intent.category.LAUNCHER] flg=0x10200000 cmp=com.tmarki.comics/.ComicMakerActivity} from pid 21588
D/dalvikvm(21598): GC_FOR_ALLOC freed 1641K, 34% free 4522K/6764K, paused 3ms, total 3ms
I/dalvikvm-heap(21598): Grow heap (frag case) to 5.707MB for 1302012-byte allocation
D/dalvikvm(21598): GC_FOR_ALLOC freed 0K, 15% free 5793K/6764K, paused 3ms, total 4ms
W/ViewRootImpl(21598): Dropping event due to no window focus: KeyEvent { action=ACTION_DOWN, keyCode=KEYCODE_DPAD_RIGHT, scanCode=0, metaState=0, flags=0x8, repeatCount=0, eventTime=2045893, downTime=2045893, deviceId=-1, source=0x101 }
D/dalvikvm(21598): GC_CONCURRENT freed 50K, 15% free 5789K/6764K, paused 0ms+2ms, total 47ms
W/ViewRootImpl(21598): Dropping event due to no window focus: KeyEvent { action=ACTION_DOWN, keyCode=KEYCODE_MENU, scanCode=0, metaState=0, flags=0x8, repeatCount=0, eventTime=2045950, downTime=2045950, deviceId=-1, source=0x101 }
W/ViewRootImpl(21598): Dropping event due to no window focus: KeyEvent { action=ACTION_DOWN, keyCode=KEYCODE_DPAD_LEFT, scanCode=0, metaState=0, flags=0x8, repeatCount=0, eventTime=2046026, downTime=2046026, deviceId=-1, source=0x101 }
W/InputMethodManagerService(  464): Window already focused, ignoring focus gain of: com.android.internal.view.IInputMethodClient$Stub$Proxy@4aa746ec attribute=null, token = android.os.BinderProxy@4a90f668
W/ViewRootImpl(21598): Dropping event due to no window focus: KeyEvent { action=ACTION_DOWN, keyCode=KEYCODE_DPAD_DOWN, scanCode=0, metaState=0, flags=0x8, repeatCount=0, eventTime=2046128, downTime=2046128, deviceId=-1, source=0x101 }
D/RAGE    (21598): Memory: 192
W/ViewRootImpl(21598): Dropping event due to no window focus: KeyEvent { action=ACTION_DOWN, keyCode=KEYCODE_DPAD_UP, scanCode=0, metaState=0, flags=0x8, repeatCount=0, eventTime=2046328, downTime=2046328, deviceId=-1, source=0x101 }
I/ActivityManager(  464): START u0 {act=android.intent.action.MAIN cat=[android.intent.category.LAUNCHER] flg=0x10000000 cmp=com.android.contacts/.activities.PeopleActivity sel={act=android.intent.action.MAIN cat=[android.intent.category.APP_CONTACTS]}} from pid 464
W/ViewRootImpl(21598): Dropping event due to no window focus: KeyEvent { action=ACTION_DOWN, keyCode=KEYCODE_MEDIA_NEXT, scanCode=0, metaState=0, flags=0x8, repeatCount=0, eventTime=2046371, downTime=2046371, deviceId=-1, source=0x101 }
I/chromium(21598): [INFO:CONSOLE(0)] "Application Cache Progress event (1 of 1) ", source: https://googleads.g.doubleclick.net/mads/static/mad/sdk/native/sdk-core-v40-loader.html (0)
I/chromium(21598): [INFO:CONSOLE(0)] "Application Cache Cached event", source: https://googleads.g.doubleclick.net/mads/static/mad/sdk/native/sdk-core-v40-loader.html (0)
W/ViewRootImpl(21598): Dropping event due to no window focus: KeyEvent { action=ACTION_DOWN, keyCode=KEYCODE_DPAD_CENTER, scanCode=0, metaState=0, flags=0x8, repeatCount=0, eventTime=2046427, downTime=2046427, deviceId=-1, source=0x101 }
W/InputEventReceiver(21598): Attempted to finish an input event but the input event receiver has already been disposed.
W/InputMethodManagerService(  464): Window already focused, ignoring focus gain of: com.android.internal.view.IInputMethodClient$Stub$Proxy@4aa636d8 attribute=null, token = android.os.BinderProxy@4a90f668
W/ViewRootImpl(21598): Dropping event due to no window focus: KeyEvent { action=ACTION_DOWN, keyCode=KEYCODE_DPAD_UP, scanCode=0, metaState=0, flags=0x8, repeatCount=0, eventTime=2046727, downTime=2046727, deviceId=-1, source=0x101 }
W/ViewRootImpl(21598): Dropping event due to no window focus: KeyEvent { action=ACTION_DOWN, keyCode=KEYCODE_DPAD_DOWN, scanCode=0, metaState=0, flags=0x8, repeatCount=0, eventTime=2046732, downTime=2046732, deviceId=-1, source=0x101 }
I/ActivityManager(  464): START u0 {act=android.intent.action.MAIN cat=[android.intent.category.LAUNCHER] flg=0x10200000 cmp=com.tmarki.comics/.ComicMakerActivity} from pid 21588
W/InputEventReceiver(21598): Attempted to finish an input event but the input event receiver has already been disposed.
I/Ads     (21598): Scheduling ad refresh 70000 milliseconds from now.
D/dalvikvm(21598): GC_CONCURRENT freed 480K, 9% free 6185K/6764K, paused 2ms+1ms, total 6ms
I/dalvikvm(21598): Could not find method android.os.PowerManager.isInteractive, referenced from method com.google.android.gms.ads.internal.activeview.c.g
W/dalvikvm(21598): VFY: unable to resolve virtual method 2559: Landroid/os/PowerManager;.isInteractive ()Z
D/dalvikvm(21598): VFY: replacing opcode 0x6e at 0x0008
W/ActivityThread(21598): ClassLoader.loadClass: The class loader returned by Thread.getContextClassLoader() may fail for processes that host multiple applications. You should explicitly specify a context class loader. For example: Thread.setContextClassLoader(getClass().getClassLoader());
I/Ads     (21598): Ad finished loading.
W/ViewRootImpl(21598): Dropping event due to no window focus: KeyEvent { action=ACTION_DOWN, keyCode=KEYCODE_MENU, scanCode=0, metaState=0, flags=0x8, repeatCount=0, eventTime=2046803, downTime=2046803, deviceId=-1, source=0x101 }
D/dalvikvm(21598): GC_FOR_ALLOC freed 1427K, 26% free 5072K/6844K, paused 3ms, total 3ms
I/dalvikvm-heap(21598): Grow heap (frag case) to 6.244MB for 1302012-byte allocation
D/dalvikvm(21598): GC_CONCURRENT freed <1K, 8% free 6343K/6844K, paused 2ms+0ms, total 5ms
D/dalvikvm(21598): WAIT_FOR_CONCURRENT_GC blocked 3ms
D/dalvikvm(21598): WAIT_FOR_CONCURRENT_GC blocked 7ms
W/InputMethodManagerService(  464): Window already focused, ignoring focus gain of: com.android.internal.view.IInputMethodClient$Stub$Proxy@4aa61f9c attribute=null, token = android.os.BinderProxy@4a90f668
W/InputMethodManagerService(  464): Window already focused, ignoring focus gain of: com.android.internal.view.IInputMethodClient$Stub$Proxy@4abda4d8 attribute=null, token = android.os.BinderProxy@4a90f668
D/dalvikvm(21598): GC_FOR_ALLOC freed 1686K, 27% free 5052K/6844K, paused 4ms, total 4ms
I/dalvikvm-heap(21598): Grow heap (frag case) to 6.224MB for 1302012-byte allocation
D/dalvikvm(21598): GC_FOR_ALLOC freed 0K, 8% free 6323K/6844K, paused 4ms, total 4ms
D/dalvikvm(21598): GC_CONCURRENT freed 0K, 8% free 6323K/6844K, paused 0ms+0ms, total 4ms
W/ViewRootImpl(21598): Dropping event due to no window focus: KeyEvent { action=ACTION_DOWN, keyCode=KEYCODE_AVR_POWER, scanCode=0, metaState=0, flags=0x8, repeatCount=0, eventTime=2047136, downTime=2047136, deviceId=-1, source=0x101 }
D/dalvikvm(21598): GC_FOR_ALLOC freed 1361K, 27% free 5050K/6844K, paused 4ms, total 5ms
I/dalvikvm-heap(21598): Grow heap (frag case) to 6.222MB for 1302012-byte allocation
D/dalvikvm(21598): GC_FOR_ALLOC freed <1K, 8% free 6322K/6844K, paused 4ms, total 4ms
D/dalvikvm(21598): GC_CONCURRENT freed <1K, 8% free 6321K/6844K, paused 1ms+0ms, total 6ms
I/chromium(21598): [INFO:CONSOLE(0)] "Document was loaded from Application Cache with manifest https://googleads.g.doubleclick.net/mads/static/mad/sdk/native/sdk-core-v40-loader.appcache", source: https://googleads.g.doubleclick.net/mads/static/mad/sdk/native/sdk-core-v40-loader.html (0)
I/chromium(21598): [INFO:CONSOLE(0)] "Application Cache Checking event", source: https://googleads.g.doubleclick.net/mads/static/mad/sdk/native/sdk-core-v40-loader.html (0)
I/chromium(21598): [INFO:CONSOLE(0)] "Application Cache Checking event", source: https://googleads.g.doubleclick.net/mads/static/mad/sdk/native/sdk-core-v40-loader.html (0)
I/chromium(21598): [INFO:CONSOLE(0)] "Application Cache NoUpdate event", source: https://googleads.g.doubleclick.net/mads/static/mad/sdk/native/sdk-core-v40-loader.html (0)
I/chromium(21598): [INFO:CONSOLE(0)] "Application Cache NoUpdate event", source: https://googleads.g.doubleclick.net/mads/static/mad/sdk/native/sdk-core-v40-loader.html (0)
I/ActivityManager(  464): START u0 {act=android.intent.action.MAIN cat=[android.intent.category.LAUNCHER] flg=0x10200000 cmp=com.tmarki.comics/.ComicMakerActivity} from pid 21588
W/ViewRootImpl(21598): Dropping event due to no window focus: KeyEvent { action=ACTION_DOWN, keyCode=KEYCODE_F4, scanCode=0, metaState=0, flags=0x8, repeatCount=0, eventTime=2047430, downTime=2047430, deviceId=-1, source=0x101 }
W/InputMethodManagerService(  464): Window already focused, ignoring focus gain of: com.android.internal.view.IInputMethodClient$Stub$Proxy@4adc33d0 attribute=null, token = android.os.BinderProxy@4a90f668
D/dalvikvm(21598): GC_FOR_ALLOC freed 1360K, 27% free 5058K/6844K, paused 3ms, total 3ms
I/dalvikvm-heap(21598): Grow heap (frag case) to 6.230MB for 1302012-byte allocation
D/dalvikvm(21598): GC_FOR_ALLOC freed 0K, 8% free 6329K/6844K, paused 3ms, total 3ms
D/dalvikvm(21598): GC_CONCURRENT freed 8K, 8% free 6321K/6844K, paused 1ms+1ms, total 4ms
W/ViewRootImpl(21598): Dropping event due to no window focus: KeyEvent { action=ACTION_DOWN, keyCode=KEYCODE_LEFT_BRACKET, scanCode=0, metaState=0, flags=0x8, repeatCount=0, eventTime=2047641, downTime=2047641, deviceId=-1, source=0x101 }
W/InputMethodManagerService(  464): Window already focused, ignoring focus gain of: com.android.internal.view.IInputMethodClient$Stub$Proxy@4ade5e98 attribute=null, token = android.os.BinderProxy@4a90f668
I/ActivityManager(  464): START u0 {act=android.intent.action.MAIN cat=[android.intent.category.LAUNCHER] flg=0x10000000 sel={act=android.intent.action.MAIN cat=[android.intent.category.APP_EMAIL]}} from pid 464
I/ActivityManager(  464): START u0 {act=android.intent.action.MAIN cat=[android.intent.category.HOME] flg=0x10200000 cmp=com.vphone.launcher/.Launcher} from pid 464
D/RAGE    (21598): popState
W/ViewRootImpl(21598): Dropping event due to no window focus: KeyEvent { action=ACTION_DOWN, keyCode=KEYCODE_DPAD_RIGHT, scanCode=0, metaState=0, flags=0x8, repeatCount=0, eventTime=2048133, downTime=2048133, deviceId=-1, source=0x101 }
W/ViewRootImpl(21598): Dropping event due to no window focus: KeyEvent { action=ACTION_DOWN, keyCode=KEYCODE_DPAD_CENTER, scanCode=0, metaState=0, flags=0x8, repeatCount=0, eventTime=2048187, downTime=2048187, deviceId=-1, source=0x101 }
W/ViewRootImpl(21598): Dropping event due to no window focus: KeyEvent { action=ACTION_DOWN, keyCode=KEYCODE_FORWARD_DEL, scanCode=0, metaState=0, flags=0x8, repeatCount=0, eventTime=2048195, downTime=2048195, deviceId=-1, source=0x101 }
D/dalvikvm(21598): GC_FOR_ALLOC freed 1530K, 27% free 5059K/6844K, paused 4ms, total 8ms
I/dalvikvm-heap(21598): Grow heap (frag case) to 6.231MB for 1302012-byte allocation
D/dalvikvm(21598): GC_CONCURRENT freed 67K, 9% free 6263K/6844K, paused 2ms+1ms, total 5ms
W/ViewRootImpl(21598): Dropping event due to no window focus: KeyEvent { action=ACTION_DOWN, keyCode=KEYCODE_MENU, scanCode=0, metaState=0, flags=0x8, repeatCount=0, eventTime=2048207, downTime=2048207, deviceId=-1, source=0x101 }
I/AndroidRuntime(21598): VM exiting with result code 2, cleanup skipped.
D/Zygote  (  168): Process 21598 exited cleanly (2)
W/InputDispatcher(  464): channel '4ac9d720 com.tmarki.comics/com.tmarki.comics.ComicMakerActivity (server)' ~ Consumer closed input channel or an error occurred.  events=0x9
E/InputDispatcher(  464): channel '4ac9d720 com.tmarki.comics/com.tmarki.comics.ComicMakerActivity (server)' ~ Channel is unrecoverably broken and will be disposed!
W/InputDispatcher(  464): channel '4a9ea4b8 Confirmation (server)' ~ Consumer closed input channel or an error occurred.  events=0xd
E/InputDispatcher(  464): channel '4a9ea4b8 Confirmation (server)' ~ Channel is unrecoverably broken and will be disposed!
W/InputDispatcher(  464): Attempted to unregister already unregistered input channel '4ac9d720 com.tmarki.comics/com.tmarki.comics.ComicMakerActivity (server)'
W/InputDispatcher(  464): Attempted to unregister already unregistered input channel '4a9ea4b8 Confirmation (server)'
I/ActivityManager(  464): Process com.tmarki.comics (pid 21598) has died.
I/WindowState(  464): WIN DEATH: Window{4ac9d720 u0 com.tmarki.comics/com.tmarki.comics.ComicMakerActivity}
I/WindowState(  464): WIN DEATH: Window{4a9ea4b8 u0 Confirmation}
W/NetworkManagementSocketTagger(  464): setKernelCountSet(10085, 0) failed with errno -13
D/FirebaseApp(  681): Notifying background state change listeners.
I/InputDispatcher(  464): Dropped event because of pending overdue app switch.
W/EGL_emulation(  681): eglSurfaceAttrib not implemented 3093 12436
W/InputManager(  464): Input event injection from pid 21588 failed.
W/ViewRootImpl(  681): Dropping event due to no window focus: KeyEvent { action=ACTION_DOWN, keyCode=KEYCODE_DPAD_UP, scanCode=0, metaState=0, flags=0x8, repeatCount=0, eventTime=2048633, downTime=2048633, deviceId=-1, source=0x101 }
W/ContextImpl(  464): Calling a method in the system process without a qualified user: android.app.ContextImpl.sendBroadcast:1123 com.android.server.InputMethodManagerService.hideCurrentInputLocked:1880 com.android.server.InputMethodManagerService.windowGainedFocus:1968 com.android.internal.view.IInputMethodManager$Stub.onTransact:221 com.android.server.InputMethodManagerService.onTransact:818 
W/Binder  (  644): Caught a RuntimeException from the binder stub implementation.
W/Binder  (  644): java.lang.NullPointerException
W/Binder  (  644): 	at android.inputmethodservice.IInputMethodWrapper.setSessionEnabled(IInputMethodWrapper.java:280)
W/Binder  (  644): 	at com.android.internal.view.IInputMethod$Stub.onTransact(IInputMethod.java:129)
W/Binder  (  644): 	at android.os.Binder.execTransact(Binder.java:404)
W/Binder  (  644): 	at dalvik.system.NativeStart.run(Native Method)
W/InputMethodManagerService(  464): Got RemoteException sending setActive(false) notification to pid 21598 uid 10085
W/Launcher(  681): No global search activity found.
I/ActivityManager(  464): START u0 {act=android.intent.action.MAIN cat=[android.intent.category.HOME] flg=0x10200000 cmp=com.vphone.launcher/.Launcher} from pid 464
W/DebugConnManager(  681): getNetworkInfo() on networkType 1
I/ActivityManager(  464): START u0 {act=android.intent.action.VIEW dat=http://launcher.us.yeshen.com/api/app/detail?id=com.miniclip.eightballpool flg=0x10000000 cmp=com.android.browser/.BrowserActivity} from pid 681
W/EGL_emulation( 1941): eglSurfaceAttrib not implemented 3093 12436
E/AudioFlinger(  170): no more track names available
E/AudioTrack(  464): AudioFlinger could not create track, status: -12
E/SoundPool(  464): Error creating AudioTrack
E/AudioFlinger(  170): no more track names available
E/AudioTrack(  464): AudioFlinger could not create track, status: -12
W/DebugConnManager(  681): getNetworkInfo() on networkType 1
I/ActivityManager(  464): START u0 {act=android.intent.action.VIEW dat=http://launcher.us.yeshen.com/api/app/detail?id=com.fungames.sniper3d flg=0x10000000 cmp=com.android.browser/.BrowserActivity} from pid 681
E/SoundPool(  464): Error creating AudioTrack
E/AudioFlinger(  170): no more track names available
E/AudioTrack(  464): AudioFlinger could not create track, status: -12
E/SoundPool(  464): Error creating AudioTrack
E/AudioFlinger(  170): no more track names available
E/AudioTrack(  464): AudioFlinger could not create track, status: -12
W/PropertyValuesHolder(  681): Method setBrightness() with type int not found on target class class ph
W/PropertyValuesHolder(  681): Method getBrightness() with type int not found on target class class ph
E/SoundPool(  464): Error creating AudioTrack
E/AudioFlinger(  170): no more track names available
E/AudioTrack(  464): AudioFlinger could not create track, status: -12
E/SoundPool(  464): Error creating AudioTrack
E/AudioFlinger(  170): no more track names available
E/AudioTrack(  464): AudioFlinger could not create track, status: -12
E/SoundPool(  464): Error creating AudioTrack
W/DebugConnManager(  681): getNetworkInfo() on networkType 1
E/AudioFlinger(  170): no more track names available
E/AudioTrack(  464): AudioFlinger could not create track, status: -12
E/SoundPool(  464): Error creating AudioTrack
E/AudioFlinger(  170): no more track names available
E/AudioTrack(  464): AudioFlinger could not create track, status: -12
E/SoundPool(  464): Error creating AudioTrack
E/AudioFlinger(  170): no more track names available
E/AudioTrack(  464): AudioFlinger could not create track, status: -12
E/SoundPool(  464): Error creating AudioTrack
I/ActivityManager(  464): START u0 {act=android.intent.action.VIEW dat=http://launcher.us.yeshen.com/api/app/detail?id=com.combineinc.streetracing.driftthreeD flg=0x10000000 cmp=com.android.browser/.BrowserActivity} from pid 681
I/InputDispatcher(  464): Dropped event because of pending overdue app switch.
W/InputManager(  464): Input event injection from pid 21588 failed.
E/AudioFlinger(  170): no more track names available
D/dalvikvm(  681): GC_FOR_ALLOC freed 5843K, 7% free 109482K/117660K, paused 56ms, total 57ms
E/AudioTrack(  464): AudioFlinger could not create track, status: -12
W/PropertyValuesHolder(  681): Method setBrightness() with type int not found on target class class ph
W/PropertyValuesHolder(  681): Method getBrightness() with type int not found on target class class ph
I/ActivityManager(  464): START u0 {act=android.intent.action.MAIN cat=[android.intent.category.LAUNCHER] flg=0x10200000 cmp=com.tmarki.comics/.ComicMakerActivity bnds=[130,428][334,555]} from pid 681
W/ContextImpl(  681): Calling a method in the system process without a qualified user: android.app.ContextImpl.sendBroadcast:1137 android.content.ContextWrapper.sendBroadcast:370 com.vphone.launcher.Stats.recordLaunch:129 com.vphone.launcher.Launcher.c:3192 com.vphone.launcher.Launcher.onClickAppShortcut:3144 
E/SoundPool(  464): Error creating AudioTrack
E/AudioFlinger(  170): no more track names available
E/AudioTrack(  464): AudioFlinger could not create track, status: -12
E/SoundPool(  464): Error creating AudioTrack
E/AudioFlinger(  170): no more track names available
E/AudioTrack(  464): AudioFlinger could not create track, status: -12
D/dalvikvm(  464): GC_CONCURRENT freed 2013K, 41% free 12252K/20536K, paused 2ms+22ms, total 47ms
E/SoundPool(  464): Error creating AudioTrack
E/AudioFlinger(  170): no more track names available
E/AudioTrack(  464): AudioFlinger could not create track, status: -12
W/ContextImpl(  681): Calling a method in the system process without a qualified user: android.app.ContextImpl.bindService:1556 android.content.ContextWrapper.bindService:517 com.google.android.gms.common.stats.zzb.zza:-1 com.google.android.gms.common.stats.zzb.zza:-1 com.google.android.gms.ads.identifier.AdvertisingIdClient.zzh:-1 
D/yeshen  (  681): launcher onpause
E/SoundPool(  464): Error creating AudioTrack
E/AudioFlinger(  170): no more track names available
E/AudioTrack(  464): AudioFlinger could not create track, status: -12
E/SoundPool(  464): Error creating AudioTrack
E/AudioFlinger(  170): no more track names available
E/AudioTrack(  464): AudioFlinger could not create track, status: -12
I/dalvikvm(21746): Enabling JNI app bug workarounds for target SDK version 9...
I/ActivityManager(  464): Start proc com.tmarki.comics for activity com.tmarki.comics/.ComicMakerActivity: pid=21746 uid=10085 gids={50085, 1028, 1015, 1023, 3003}
E/SoundPool(  464): Error creating AudioTrack
E/AudioFlinger(  170): no more track names available
E/AudioTrack(  464): AudioFlinger could not create track, status: -12
E/SoundPool(  464): Error creating AudioTrack
V/PhoneStatusBar(  532): setLightsOn(true)
W/NetworkManagementSocketTagger(  464): setKernelCountSet(10085, 1) failed with errno -13
I/dalvikvm(21746): ignoring registerObject request in thread=1
I/dalvikvm(21746): ignoring registerObject request in thread=1
I/qtaguid (  681): Untagging socket 86 failed errno=-13
W/NetworkManagementSocketTagger(  681): untagSocket(86) failed with errno -13
D/yeshen  (  681): launcher onstop
W/DebugConnManager(  681): getNetworkInfo() on networkType 1
I/qtaguid (  681): Tagging socket 52 with tag 49e2824000000000(1239581248) for uid -1 failed errno=-13
I/NetworkManagementSocketTagger(  681): tagSocketFd(52, 1239581248, -1) failed with errno-13
D/FirebaseApp(  681): Notifying background state change listeners.
D/Tinker.DefaultAppLike(  681): onTrimMemory level:20
E/dalvikvm(21746): Could not find class 'android.support.v4.app.FragmentActivity', referenced from method com.google.android.gms.common.GooglePlayServicesUtil.showErrorDialogFragment
W/dalvikvm(21746): VFY: unable to resolve instanceof 142 (Landroid/support/v4/app/FragmentActivity;) in Lcom/google/android/gms/common/GooglePlayServicesUtil;
D/dalvikvm(21746): VFY: replacing opcode 0x20 at 0x0009
E/dalvikvm(21746): Could not find class 'android.support.v4.app.FragmentActivity', referenced from method com.google.android.gms.common.GooglePlayServicesUtil.showErrorDialogFragment
W/dalvikvm(21746): VFY: unable to resolve check-cast 142 (Landroid/support/v4/app/FragmentActivity;) in Lcom/google/android/gms/common/GooglePlayServicesUtil;
D/dalvikvm(21746): VFY: replacing opcode 0x1f at 0x000e
D/dalvikvm(21746): JIT code cache reset in 0 ms (0 bytes 1/0)
D/dalvikvm(21746): GC_CONCURRENT freed 239K, 10% free 2934K/3228K, paused 3ms+1ms, total 5ms
I/dalvikvm(21746): Could not find method android.content.pm.PackageManager.getPackageInstaller, referenced from method jjw.a
W/dalvikvm(21746): VFY: unable to resolve virtual method 2504: Landroid/content/pm/PackageManager;.getPackageInstaller ()Landroid/content/pm/PackageInstaller;
D/dalvikvm(21746): VFY: replacing opcode 0x6e at 0x001c
I/dalvikvm(21746): Could not find method android.content.ContextWrapper.createCredentialProtectedStorageContext, referenced from method iwr.createCredentialProtectedStorageContext
W/dalvikvm(21746): VFY: unable to resolve virtual method 2411: Landroid/content/ContextWrapper;.createCredentialProtectedStorageContext ()Landroid/content/Context;
D/dalvikvm(21746): VFY: replacing opcode 0x6f at 0x0002
I/dalvikvm(21746): Could not find method android.content.ContextWrapper.createDeviceProtectedStorageContext, referenced from method iwr.createDeviceProtectedStorageContext
W/dalvikvm(21746): VFY: unable to resolve virtual method 2412: Landroid/content/ContextWrapper;.createDeviceProtectedStorageContext ()Landroid/content/Context;
D/dalvikvm(21746): VFY: replacing opcode 0x6f at 0x0002
I/dalvikvm(21746): Could not find method android.content.ContextWrapper.createCredentialProtectedStorageContext, referenced from method com.google.android.chimera.ModuleContext.createCredentialProtectedStorageContext
W/dalvikvm(21746): VFY: unable to resolve virtual method 2411: Landroid/content/ContextWrapper;.createCredentialProtectedStorageContext ()Landroid/content/Context;
D/dalvikvm(21746): VFY: replacing opcode 0x6f at 0x0002
I/dalvikvm(21746): Could not find method android.content.ContextWrapper.createDeviceProtectedStorageContext, referenced from method com.google.android.chimera.ModuleContext.createDeviceProtectedStorageContext
W/dalvikvm(21746): VFY: unable to resolve virtual method 2412: Landroid/content/ContextWrapper;.createDeviceProtectedStorageContext ()Landroid/content/Context;
D/dalvikvm(21746): VFY: replacing opcode 0x6f at 0x0002
I/dalvikvm(21746): Could not find method android.content.Context.isCredentialProtectedStorage, referenced from method cub.a
W/dalvikvm(21746): VFY: unable to resolve virtual method 2391: Landroid/content/Context;.isCredentialProtectedStorage ()Z
D/dalvikvm(21746): VFY: replacing opcode 0x6e at 0x0000
I/dalvikvm(21746): Could not find method android.os.UserManager.isUserUnlocked, referenced from method cub.a
W/dalvikvm(21746): VFY: unable to resolve virtual method 3028: Landroid/os/UserManager;.isUserUnlocked ()Z
D/dalvikvm(21746): VFY: replacing opcode 0x6e at 0x001a
I/dalvikvm(21746): Could not find method android.content.Context.isDeviceProtectedStorage, referenced from method cub.b
W/dalvikvm(21746): VFY: unable to resolve virtual method 2392: Landroid/content/Context;.isDeviceProtectedStorage ()Z
D/dalvikvm(21746): VFY: replacing opcode 0x6e at 0x0000
I/dalvikvm(21746): Could not find method android.content.Context.isDeviceProtectedStorage, referenced from method cub.c
W/dalvikvm(21746): VFY: unable to resolve virtual method 2392: Landroid/content/Context;.isDeviceProtectedStorage ()Z
D/dalvikvm(21746): VFY: replacing opcode 0x6e at 0x0000
I/dalvikvm(21746): Could not find method android.system.Os.readlink, referenced from method cuq.a
W/dalvikvm(21746): VFY: unable to resolve static method 3047: Landroid/system/Os;.readlink (Ljava/lang/String;)Ljava/lang/String;
D/dalvikvm(21746): VFY: replacing opcode 0x71 at 0x0000
I/dalvikvm(21746): Could not find method android.system.Os.stat, referenced from method cuq.a
W/dalvikvm(21746): VFY: unable to resolve static method 3048: Landroid/system/Os;.stat (Ljava/lang/String;)Landroid/system/StructStat;
D/dalvikvm(21746): VFY: replacing opcode 0x71 at 0x0042
I/dalvikvm(21746): Could not find method android.system.Os.symlink, referenced from method cuq.a
W/dalvikvm(21746): VFY: unable to resolve static method 3049: Landroid/system/Os;.symlink (Ljava/lang/String;Ljava/lang/String;)V
D/dalvikvm(21746): VFY: replacing opcode 0x71 at 0x013b
I/dalvikvm(21746): DexOpt: unable to optimize instance field ref 0x04a1 at 0x46 in Lcuq;.a
I/dalvikvm(21746): DexOpt: unable to optimize static field ref 0x049c at 0x48 in Lcuq;.a
I/dalvikvm(21746): DexOpt: unable to optimize static field ref 0x049a at 0x4a in Lcuq;.a
I/dalvikvm(21746): DexOpt: unable to optimize static field ref 0x049b at 0x4d in Lcuq;.a
I/dalvikvm(21746): DexOpt: unable to optimize static field ref 0x049d at 0x57 in Lcuq;.a
I/dalvikvm(21746): DexOpt: unable to optimize static field ref 0x04a0 at 0x5f in Lcuq;.a
I/dalvikvm(21746): DexOpt: unable to optimize static field ref 0x049e at 0x61 in Lcuq;.a
I/dalvikvm(21746): DexOpt: unable to optimize static field ref 0x049f at 0x64 in Lcuq;.a
I/dalvikvm(21746): DexOpt: unable to optimize static field ref 0x049c at 0x7f in Lcuq;.a
I/dalvikvm(21746): DexOpt: unable to optimize static field ref 0x04a0 at 0x90 in Lcuq;.a
I/dalvikvm(21746): Could not find method android.content.Context.createDeviceProtectedStorageContext, referenced from method jvu.a
W/dalvikvm(21746): VFY: unable to resolve virtual method 2362: Landroid/content/Context;.createDeviceProtectedStorageContext ()Landroid/content/Context;
D/dalvikvm(21746): VFY: replacing opcode 0x6e at 0x0029
I/dalvikvm(21746): Could not find method android.content.Context.getSystemService, referenced from method jvu.b
W/dalvikvm(21746): VFY: unable to resolve virtual method 2387: Landroid/content/Context;.getSystemService (Ljava/lang/Class;)Ljava/lang/Object;
D/dalvikvm(21746): VFY: replacing opcode 0x6e at 0x000b
D/dalvikvm(21746): DexOpt: couldn't find static field Landroid/os/Build;.SUPPORTED_64_BIT_ABIS
W/dalvikvm(21746): VFY: unable to resolve static field 1157 (SUPPORTED_64_BIT_ABIS) in Landroid/os/Build;
D/dalvikvm(21746): VFY: replacing opcode 0x62 at 0x0012
D/dalvikvm(21746): DexOpt: couldn't find static field Landroid/os/Build;.SUPPORTED_32_BIT_ABIS
W/dalvikvm(21746): VFY: unable to resolve static field 1156 (SUPPORTED_32_BIT_ABIS) in Landroid/os/Build;
D/dalvikvm(21746): VFY: replacing opcode 0x62 at 0x0021
D/dalvikvm(21746): DexOpt: couldn't find static field Landroid/os/Build;.SUPPORTED_ABIS
W/dalvikvm(21746): VFY: unable to resolve static field 1158 (SUPPORTED_ABIS) in Landroid/os/Build;
D/dalvikvm(21746): VFY: replacing opcode 0x62 at 0x0008
D/dalvikvm(21746): DexOpt: couldn't find static field Landroid/os/Build;.SUPPORTED_64_BIT_ABIS
W/dalvikvm(21746): VFY: unable to resolve static field 1157 (SUPPORTED_64_BIT_ABIS) in Landroid/os/Build;
D/dalvikvm(21746): VFY: replacing opcode 0x62 at 0x0008
D/dalvikvm(21746): DexOpt: couldn't find static field Landroid/os/Build;.SUPPORTED_64_BIT_ABIS
I/dalvikvm(21746): DexOpt: unable to optimize static field ref 0x0485 at 0x17 in Lcwd;.a
D/dalvikvm(21746): DexOpt: couldn't find static field Landroid/os/Build;.SUPPORTED_32_BIT_ABIS
I/dalvikvm(21746): DexOpt: unable to optimize static field ref 0x0484 at 0x26 in Lcwd;.a
D/dalvikvm(21746): DexOpt: couldn't find static field Landroid/os/Build;.SUPPORTED_64_BIT_ABIS
