I/System.out(23141): bitmap
I/System.out(23141): bitmap
I/ActivityManager(  464): START u0 {act=android.intent.action.MAIN cat=[android.intent.category.LAUNCHER] flg=0x10200000 cmp=com.workshophk.t2rcmecy/.MainActivity} from pid 23130
D/dalvikvm(23141): GC_FOR_ALLOC freed 16849K, 48% free 27002K/51240K, paused 5ms, total 5ms
D/dalvikvm(23141): GC_CONCURRENT freed 4820K, 42% free 30190K/51240K, paused 2ms+0ms, total 14ms
D/dalvikvm(23141): WAIT_FOR_CONCURRENT_GC blocked 2ms
I/MediaExtractor(  170): Use extended extractor for the special mime(audio/x-wav) or codec
E/Utils   (  170):  Couldn't map mime type "audio/ffmpeg" to a valid AudioSystem::audio_format !
D/OMXCodec(  170): setFFmpegAudioFormat
W/EGL_emulation(23141): eglSurfaceAttrib not implemented 3093 12436
W/ViewRootImpl(23141): Dropping event due to no window focus: KeyEvent { action=ACTION_DOWN, keyCode=KEYCODE_DPAD_UP, scanCode=0, metaState=0, flags=0x8, repeatCount=0, eventTime=2193582, downTime=2193582, deviceId=-1, source=0x101 }
E/MediaPlayer(23141): Should have subtitle controller already set
W/ContextImpl(  464): Calling a method in the system process without a qualified user: android.app.ContextImpl.sendBroadcast:1123 com.android.server.InputMethodManagerService.hideCurrentInputLocked:1880 com.android.server.InputMethodManagerService.windowGainedFocus:1968 com.android.internal.view.IInputMethodManager$Stub.onTransact:221 com.android.server.InputMethodManagerService.onTransact:818 
W/ViewRootImpl(23141): Dropping event due to no window focus: KeyEvent { action=ACTION_DOWN, keyCode=KEYCODE_DPAD_DOWN, scanCode=0, metaState=0, flags=0x400, repeatCount=0, eventTime=2193968, downTime=2193968, deviceId=-1, source=0x101 }
W/ViewRootImpl(23141): Dropping event due to no window focus: KeyEvent { action=ACTION_DOWN, keyCode=KEYCODE_DPAD_DOWN, scanCode=0, metaState=0, flags=0x400, repeatCount=0, eventTime=2193968, downTime=2193968, deviceId=-1, source=0x101 }
W/ViewRootImpl(23141): Dropping event due to no window focus: KeyEvent { action=ACTION_DOWN, keyCode=KEYCODE_DPAD_DOWN, scanCode=0, metaState=0, flags=0x400, repeatCount=0, eventTime=2193968, downTime=2193968, deviceId=-1, source=0x101 }
D/dalvikvm(23141): GC_FOR_ALLOC freed 4264K, 37% free 32740K/51240K, paused 5ms, total 5ms
W/MediaPlayer-JNI(23141): MediaPlayer finalized without being released
D/dalvikvm(23141): GC_FOR_ALLOC freed 3191K, 28% free 37201K/51240K, paused 4ms, total 4ms
I/ActivityManager(  464): START u0 {cmp=com.workshophk.t2rcmecy/.PhotoActivity} from pid 23141
I/Ads     (23141): Starting ad request.
I/Ads     (23141): Use AdRequest.Builder.addTestDevice("36C000C4994BD3192565D3B3E2B4826B") to get test ads on this device.
W/Ads     (23141): An interstitial is already loading. Aborting.
W/ViewRootImpl(23141): Dropping event due to no window focus: KeyEvent { action=ACTION_MULTIPLE, keyCode=KEYCODE_DPAD_LEFT, scanCode=0, metaState=0, flags=0x400, repeatCount=2, eventTime=2194247, downTime=2194247, deviceId=-1, source=0x101 }
W/ViewRootImpl(23141): Dropping event due to no window focus: KeyEvent { action=ACTION_DOWN, keyCode=KEYCODE_DPAD_LEFT, scanCode=0, metaState=0, flags=0x400, repeatCount=0, eventTime=2194247, downTime=2194247, deviceId=-1, source=0x101 }
W/ViewRootImpl(23141): Dropping event due to no window focus: KeyEvent { action=ACTION_DOWN, keyCode=KEYCODE_DPAD_LEFT, scanCode=0, metaState=0, flags=0x400, repeatCount=0, eventTime=2194247, downTime=2194247, deviceId=-1, source=0x101 }
W/ViewRootImpl(23141): Dropping event due to no window focus: KeyEvent { action=ACTION_DOWN, keyCode=KEYCODE_DPAD_LEFT, scanCode=0, metaState=0, flags=0x400, repeatCount=0, eventTime=2194247, downTime=2194247, deviceId=-1, source=0x101 }
I/MediaExtractor(  170): Use extended extractor for the special mime(audio/x-wav) or codec
E/Utils   (  170):  Couldn't map mime type "audio/ffmpeg" to a valid AudioSystem::audio_format !
D/OMXCodec(  170): setFFmpegAudioFormat
I/System.out(23141): bitmap
I/System.out(23141): bitmap
W/EGL_emulation(23141): eglSurfaceAttrib not implemented 3093 12436
I/System.out(23141): bitmap
D/dalvikvm(23141): GC_FOR_ALLOC freed 4195K, 21% free 40954K/51240K, paused 7ms, total 11ms
W/ViewRootImpl(23141): Dropping event due to no window focus: KeyEvent { action=ACTION_DOWN, keyCode=KEYCODE_DPAD_DOWN, scanCode=0, metaState=0, flags=0x8, repeatCount=0, eventTime=2194222, downTime=2194222, deviceId=-1, source=0x101 }
I/System.out(23141): bitmap
I/System.out(23141): bitmap
I/ActivityManager(  464): Displayed com.workshophk.t2rcmecy/.PhotoActivity: +297ms
W/ViewRootImpl(23141): Dropping event due to no window focus: KeyEvent { action=ACTION_DOWN, keyCode=KEYCODE_MENU, scanCode=0, metaState=0, flags=0x8, repeatCount=0, eventTime=2194463, downTime=2194463, deviceId=-1, source=0x101 }
W/ViewRootImpl(23141): Dropping event due to no window focus: KeyEvent { action=ACTION_DOWN, keyCode=KEYCODE_DPAD_LEFT, scanCode=0, metaState=0, flags=0x8, repeatCount=0, eventTime=2194547, downTime=2194547, deviceId=-1, source=0x101 }
W/ContextImpl(  464): Calling a method in the system process without a qualified user: android.app.ContextImpl.sendBroadcast:1123 com.android.server.InputMethodManagerService.hideCurrentInputLocked:1880 com.android.server.InputMethodManagerService.windowGainedFocus:1968 com.android.internal.view.IInputMethodManager$Stub.onTransact:221 com.android.server.InputMethodManagerService.onTransact:818 
I/System.out(23141): bitmap
I/ActivityManager(  464): START u0 {act=android.intent.action.MAIN cat=[android.intent.category.LAUNCHER] flg=0x10200000 cmp=com.workshophk.t2rcmecy/.MainActivity} from pid 23130
I/System.out(23141): bitmap
I/System.out(23141): bitmap
I/System.out(23141): bitmap
D/dalvikvm(23141): GC_FOR_ALLOC freed 3646K, 21% free 40906K/51240K, paused 6ms, total 7ms
I/dalvikvm-heap(23141): Grow heap (frag case) to 41.864MB for 1958412-byte allocation
D/dalvikvm(23141): GC_FOR_ALLOC freed 1K, 20% free 42816K/53156K, paused 7ms, total 7ms
I/System.out(23141): bitmap
I/System.out(23141): bitmap
D/dalvikvm(23141): GC_FOR_ALLOC freed 5517K, 28% free 38342K/53156K, paused 5ms, total 5ms
I/System.out(23141): bitmap
W/ViewRootImpl(23141): Dropping event due to no window focus: KeyEvent { action=ACTION_DOWN, keyCode=KEYCODE_BUTTON_13, scanCode=0, metaState=0, flags=0x8, repeatCount=0, eventTime=2194840, downTime=2194840, deviceId=-1, source=0x101 }
I/System.out(23141): bitmap
W/EGL_emulation(23141): eglSurfaceAttrib not implemented 3093 12436
W/ViewRootImpl(23141): Dropping event due to no window focus: KeyEvent { action=ACTION_DOWN, keyCode=KEYCODE_DPAD_CENTER, scanCode=0, metaState=0, flags=0x8, repeatCount=0, eventTime=2194840, downTime=2194840, deviceId=-1, source=0x101 }
W/InputMethodManagerService(  464): Window already focused, ignoring focus gain of: com.android.internal.view.IInputMethodClient$Stub$Proxy@4abc3244 attribute=null, token = android.os.BinderProxy@4ac09a5c
W/ViewRootImpl(23141): Dropping event due to no window focus: KeyEvent { action=ACTION_DOWN, keyCode=KEYCODE_MENU, scanCode=0, metaState=0, flags=0x8, repeatCount=0, eventTime=2194987, downTime=2194987, deviceId=-1, source=0x101 }
W/EGL_emulation(23141): eglSurfaceAttrib not implemented 3093 12436
W/ViewRootImpl(23141): Dropping event due to no window focus: KeyEvent { action=ACTION_DOWN, keyCode=KEYCODE_DPAD_LEFT, scanCode=0, metaState=0, flags=0x8, repeatCount=0, eventTime=2195004, downTime=2195004, deviceId=-1, source=0x101 }
I/ActivityManager(  464): START u0 {act=android.intent.action.MAIN cat=[android.intent.category.LAUNCHER] flg=0x10200000 cmp=com.workshophk.t2rcmecy/.MainActivity} from pid 23130
W/InputMethodManagerService(  464): Window already focused, ignoring focus gain of: com.android.internal.view.IInputMethodClient$Stub$Proxy@4aa2098c attribute=null, token = android.os.BinderProxy@4ac09a5c
I/ActivityManager(  464): START u0 {act=android.intent.action.MAIN cat=[android.intent.category.HOME] flg=0x10200000 cmp=com.vphone.launcher/.Launcher} from pid 464
W/EGL_emulation(23141): eglSurfaceAttrib not implemented 3093 12436
W/ViewRootImpl(23141): Dropping event due to no window focus: MotionEvent { action=ACTION_MOVE, id[0]=0, x[0]=-3.0, y[0]=1.0, toolType[0]=TOOL_TYPE_UNKNOWN, buttonState=0, metaState=0, flags=0x0, edgeFlags=0x0, pointerCount=1, historySize=3, eventTime=2195211, downTime=-1, deviceId=0, source=0x10004 }
W/ViewRootImpl(23141): Dropping event due to no window focus: MotionEvent { action=ACTION_DOWN, id[0]=0, x[0]=0.0, y[0]=0.0, toolType[0]=TOOL_TYPE_UNKNOWN, buttonState=0, metaState=0, flags=0x0, edgeFlags=0x0, pointerCount=1, historySize=0, eventTime=2195212, downTime=2195201, deviceId=0, source=0x10004 }
I/System.out(23141): bitmap
I/System.out(23141): bitmap
W/InputMethodManagerService(  464): Window already focused, ignoring focus gain of: com.android.internal.view.IInputMethodClient$Stub$Proxy@4aa24b10 attribute=null, token = android.os.BinderProxy@4ac09a5c
W/InputManager(  464): Input event injection from pid 23130 failed.
W/InputManager(  464): Input event injection from pid 23130 failed.
W/InputManager(  464): Input event injection from pid 23130 failed.
W/InputManager(  464): Input event injection from pid 23130 failed.
W/InputManager(  464): Input event injection from pid 23130 failed.
W/InputManager(  464): Input event injection from pid 23130 failed.
W/InputManager(  464): Input event injection from pid 23130 failed.
W/InputManager(  464): Input event injection from pid 23130 failed.
W/InputManager(  464): Input event injection from pid 23130 failed.
W/ViewRootImpl(23141): Dropping event due to no window focus: KeyEvent { action=ACTION_DOWN, keyCode=KEYCODE_MENU, scanCode=0, metaState=0, flags=0x8, repeatCount=0, eventTime=2195466, downTime=2195466, deviceId=-1, source=0x101 }
W/EGL_emulation(23141): eglSurfaceAttrib not implemented 3093 12436
W/ViewRootImpl(23141): Dropping event due to no window focus: KeyEvent { action=ACTION_DOWN, keyCode=KEYCODE_DPAD_CENTER, scanCode=0, metaState=0, flags=0x8, repeatCount=0, eventTime=2195472, downTime=2195472, deviceId=-1, source=0x101 }
I/InputDispatcher(  464): Dropped event because of pending overdue app switch.
W/InputManager(  464): Input event injection from pid 23130 failed.
W/InputMethodManagerService(  464): Window already focused, ignoring focus gain of: com.android.internal.view.IInputMethodClient$Stub$Proxy@4aa1e020 attribute=android.view.inputmethod.EditorInfo@4ae0a054, token = android.os.BinderProxy@4ac09a5c
I/System.out(23141): bitmap
I/System.out(23141): bitmap
I/System.out(23141): bitmap
I/System.out(23141): bitmap
I/System.out(23141): bitmap
D/dalvikvm(23141): GC_FOR_ALLOC freed 8012K, 28% free 38373K/53156K, paused 4ms, total 5ms
I/System.out(23141): bitmap
I/wp==    (23141): View ID: 200
D/dalvikvm(23141): GC_FOR_ALLOC freed 17168K, 47% free 28613K/53156K, paused 4ms, total 5ms
I/MediaExtractor(  170): Use extended extractor for the special mime(audio/x-wav) or codec
E/Utils   (  170):  Couldn't map mime type "audio/ffmpeg" to a valid AudioSystem::audio_format !
D/OMXCodec(  170): setFFmpegAudioFormat
W/EGL_emulation(23141): eglSurfaceAttrib not implemented 3093 12436
E/MediaPlayer(23141): Should have subtitle controller already set
W/ViewRootImpl(23141): Dropping event due to no window focus: KeyEvent { action=ACTION_DOWN, keyCode=KEYCODE_DPAD_UP, scanCode=0, metaState=0, flags=0x8, repeatCount=0, eventTime=2195861, downTime=2195861, deviceId=-1, source=0x101 }
W/ContextImpl(  464): Calling a method in the system process without a qualified user: android.app.ContextImpl.sendBroadcast:1123 com.android.server.InputMethodManagerService.hideCurrentInputLocked:1880 com.android.server.InputMethodManagerService.windowGainedFocus:1968 com.android.internal.view.IInputMethodManager$Stub.onTransact:221 com.android.server.InputMethodManagerService.onTransact:818 
W/MediaPlayer-JNI(23141): MediaPlayer finalized without being released
D/dalvikvm(23141): GC_FOR_ALLOC freed 7184K, 45% free 29408K/53156K, paused 13ms, total 13ms
D/dalvikvm(23141): GC_FOR_ALLOC freed 3194K, 37% free 33866K/53156K, paused 4ms, total 4ms
D/dalvikvm(23141): GC_FOR_ALLOC freed 2392K, 30% free 37213K/53156K, paused 4ms, total 4ms
I/ActivityManager(  464): START u0 {cmp=com.workshophk.t2rcmecy/.PhotoActivity} from pid 23141
I/Ads     (23141): Starting ad request.
I/Ads     (23141): Use AdRequest.Builder.addTestDevice("36C000C4994BD3192565D3B3E2B4826B") to get test ads on this device.
W/Ads     (23141): An interstitial is already loading. Aborting.
I/MediaExtractor(  170): Use extended extractor for the special mime(audio/x-wav) or codec
E/Utils   (  170):  Couldn't map mime type "audio/ffmpeg" to a valid AudioSystem::audio_format !
D/OMXCodec(  170): setFFmpegAudioFormat
I/System.out(23141): bitmap
I/System.out(23141): bitmap
W/EGL_emulation(23141): eglSurfaceAttrib not implemented 3093 12436
I/System.out(23141): bitmap
W/ViewRootImpl(23141): Dropping event due to no window focus: KeyEvent { action=ACTION_DOWN, keyCode=KEYCODE_DPAD_CENTER, scanCode=0, metaState=0, flags=0x8, repeatCount=0, eventTime=2196504, downTime=2196504, deviceId=-1, source=0x101 }
I/ActivityManager(  464): Displayed com.workshophk.t2rcmecy/.PhotoActivity: +192ms
W/ViewRootImpl(23141): Dropping event due to no window focus: KeyEvent { action=ACTION_DOWN, keyCode=KEYCODE_DPAD_UP, scanCode=0, metaState=0, flags=0x8, repeatCount=0, eventTime=2196702, downTime=2196702, deviceId=-1, source=0x101 }
W/ContextImpl(  464): Calling a method in the system process without a qualified user: android.app.ContextImpl.sendBroadcast:1123 com.android.server.InputMethodManagerService.hideCurrentInputLocked:1880 com.android.server.InputMethodManagerService.windowGainedFocus:1968 com.android.internal.view.IInputMethodManager$Stub.onTransact:221 com.android.server.InputMethodManagerService.onTransact:818 
I/System.out(23141): bitmap
I/System.out(23141): bitmap
D/dalvikvm(23141): GC_FOR_ALLOC freed 3242K, 22% free 41491K/53156K, paused 8ms, total 10ms
I/dalvikvm-heap(23141): Grow heap (frag case) to 42.435MB for 1958412-byte allocation
D/dalvikvm(23141): GC_FOR_ALLOC freed 2K, 22% free 43401K/55072K, paused 8ms, total 8ms
I/System.out(23141): bitmap
I/System.out(23141): bitmap
I/System.out(23141): bitmap
I/System.out(23141): bitmap
I/wp==    (23141): View ID: 203
I/MediaExtractor(  170): Use extended extractor for the special mime(audio/x-wav) or codec
E/Utils   (  170):  Couldn't map mime type "audio/ffmpeg" to a valid AudioSystem::audio_format !
D/OMXCodec(  170): setFFmpegAudioFormat
W/EGL_emulation(23141): eglSurfaceAttrib not implemented 3093 12436
E/MediaPlayer(23141): Should have subtitle controller already set
W/ViewRootImpl(23141): Dropping event due to no window focus: KeyEvent { action=ACTION_DOWN, keyCode=KEYCODE_DPAD_LEFT, scanCode=0, metaState=0, flags=0x8, repeatCount=0, eventTime=2197165, downTime=2197165, deviceId=-1, source=0x101 }
W/ContextImpl(  464): Calling a method in the system process without a qualified user: android.app.ContextImpl.sendBroadcast:1123 com.android.server.InputMethodManagerService.hideCurrentInputLocked:1880 com.android.server.InputMethodManagerService.windowGainedFocus:1968 com.android.internal.view.IInputMethodManager$Stub.onTransact:221 com.android.server.InputMethodManagerService.onTransact:818 
I/System.out(23141): bitmap
I/System.out(23141): bitmap
D/dalvikvm(23141): GC_CONCURRENT freed 8309K, 22% free 43246K/55072K, paused 4ms+3ms, total 28ms
D/dalvikvm(23141): WAIT_FOR_CONCURRENT_GC blocked 25ms
W/MediaPlayer-JNI(23141): MediaPlayer finalized without being released
I/iu.UploadsManager(  713): End new media; added: 1, uploading: 0, time: 138 ms
I/Ads     (23141): Starting ad request.
I/Ads     (23141): Use AdRequest.Builder.addTestDevice("36C000C4994BD3192565D3B3E2B4826B") to get test ads on this device.
W/Ads     (23141): An interstitial is already loading. Aborting.
I/ActivityManager(  464): START u0 {act=android.intent.action.CHOOSER flg=0x1 cmp=android/com.android.internal.app.ChooserActivity (has clip) (has extras)} from pid 23141
I/ActivityManager(  464): START u0 {act=android.intent.action.CALL_BUTTON flg=0x10000000} from pid 23141
W/PhoneFallbackEventHandler(23141): No activity found for android.intent.action.CALL_BUTTON.
W/EGL_emulation(23141): eglSurfaceAttrib not implemented 3093 12436
W/ViewRootImpl(23141): Dropping event due to no window focus: KeyEvent { action=ACTION_MULTIPLE, keyCode=KEYCODE_DPAD_UP, scanCode=0, metaState=0, flags=0x400, repeatCount=4, eventTime=2198026, downTime=2198026, deviceId=-1, source=0x101 }
W/ViewRootImpl(23141): Dropping event due to no window focus: KeyEvent { action=ACTION_DOWN, keyCode=KEYCODE_DPAD_UP, scanCode=0, metaState=0, flags=0x400, repeatCount=0, eventTime=2198026, downTime=2198026, deviceId=-1, source=0x101 }
W/ViewRootImpl(23141): Dropping event due to no window focus: KeyEvent { action=ACTION_DOWN, keyCode=KEYCODE_DPAD_UP, scanCode=0, metaState=0, flags=0x400, repeatCount=0, eventTime=2198026, downTime=2198026, deviceId=-1, source=0x101 }
W/ViewRootImpl(23141): Dropping event due to no window focus: KeyEvent { action=ACTION_DOWN, keyCode=KEYCODE_DPAD_UP, scanCode=0, metaState=0, flags=0x400, repeatCount=0, eventTime=2198026, downTime=2198026, deviceId=-1, source=0x101 }
W/ViewRootImpl(23141): Dropping event due to no window focus: KeyEvent { action=ACTION_DOWN, keyCode=KEYCODE_DPAD_UP, scanCode=0, metaState=0, flags=0x400, repeatCount=0, eventTime=2198026, downTime=2198026, deviceId=-1, source=0x101 }
W/InputMethodManagerService(  464): Window already focused, ignoring focus gain of: com.android.internal.view.IInputMethodClient$Stub$Proxy@4a9c3e10 attribute=null, token = android.os.BinderProxy@4abc7cfc
D/dalvikvm(23141): GC_FOR_ALLOC freed 10819K, 31% free 38249K/55072K, paused 5ms, total 5ms
I/ActivityManager(  464): START u0 {flg=0x80000 cmp=com.workshophk.t2rcmecy/com.google.android.gms.ads.AdActivity (has extras)} from pid 23141
D/DynamitePackage(23141): Instantiating com.google.android.gms.ads.ChimeraAdOverlayCreatorImpl
I/Ads     (23141): Ad opening.
W/EGL_emulation(23141): eglSurfaceAttrib not implemented 3093 12436
W/ViewRootImpl(23141): Dropping event due to no window focus: KeyEvent { action=ACTION_DOWN, keyCode=KEYCODE_DPAD_UP, scanCode=0, metaState=0, flags=0x8, repeatCount=0, eventTime=2198083, downTime=2198083, deviceId=-1, source=0x101 }
I/chromium(23141): [INFO:async_pixel_transfer_manager_android.cc(56)] Async pixel transfers not supported
I/chromium(23141): [INFO:async_pixel_transfer_manager_android.cc(56)] Async pixel transfers not supported
W/ContextImpl(  464): Calling a method in the system process without a qualified user: android.app.ContextImpl.sendBroadcast:1123 com.android.server.InputMethodManagerService.hideCurrentInputLocked:1880 com.android.server.InputMethodManagerService.windowGainedFocus:1968 com.android.internal.view.IInputMethodManager$Stub.onTransact:221 com.android.server.InputMethodManagerService.onTransact:818 
I/ActivityManager(  464): Displayed com.workshophk.t2rcmecy/com.google.android.gms.ads.AdActivity: +471ms
I/ActivityManager(  464): START u0 {act=android.intent.action.MAIN cat=[android.intent.category.LAUNCHER] flg=0x10000000 sel={act=android.intent.action.MAIN cat=[android.intent.category.APP_CALENDAR]}} from pid 464
W/UnimplementedWebViewApi(23141): Unimplemented WebView method onKeyDown called from: android.webkit.WebView.onKeyDown(WebView.java:2169)
I/MediaFocusControl(  464):  AudioFocus  requestAudioFocus() from android.media.AudioManager@4aaefac8com.google.android.gms.ads.internal.video.ab@4ab5e278
I/OMXClient(23141): Using client-side OMX mux.
E/OMXNodeInstance(23141): OMX_GetExtensionIndex OMX.google.android.index.storeMetaDataInBuffers failed
W/OMXNodeInstance(23141): OMX_GetExtensionIndex OMX.google.android.index.prepareForAdaptivePlayback failed
I/OMXClient(23141): Using client-side OMX mux.
E/OMXNodeInstance(23141): OMX_GetExtensionIndex OMX.google.android.index.storeMetaDataInBuffers failed
E/ACodec  (23141): [OMX.ffmpeg.h264.decoder] storeMetaDataInBuffers failed w/ err -2147483648
D/        (23141): HostConnection::get() New Host Connection established 0xb8b419d0, tid 23725
I/SnapScrollController(23141): setSnapScrollingMode case-default no-op
I/SnapScrollController(23141): setSnapScrollingMode case-default no-op
I/MediaFocusControl(  464):  AudioFocus  abandonAudioFocus() from android.media.AudioManager@4aaefac8com.google.android.gms.ads.internal.video.ab@4ab5e278
I/SnapScrollController(23141): setSnapScrollingMode case-default no-op
I/SnapScrollController(23141): setSnapScrollingMode case-default no-op
W/UnimplementedWebViewApi(23141): Unimplemented WebView method onKeyMultiple called from: android.webkit.WebView.onKeyMultiple(WebView.java:2179)
W/UnimplementedWebViewApi(23141): Unimplemented WebView method onKeyDown called from: android.webkit.WebView.onKeyDown(WebView.java:2169)
W/UnimplementedWebViewApi(23141): Unimplemented WebView method onKeyDown called from: android.webkit.WebView.onKeyDown(WebView.java:2169)
W/UnimplementedWebViewApi(23141): Unimplemented WebView method onKeyMultiple called from: android.webkit.WebView.onKeyMultiple(WebView.java:2179)
W/UnimplementedWebViewApi(23141): Unimplemented WebView method onKeyDown called from: android.webkit.WebView.onKeyDown(WebView.java:2169)
W/UnimplementedWebViewApi(23141): Unimplemented WebView method onKeyDown called from: android.webkit.WebView.onKeyDown(WebView.java:2169)
W/UnimplementedWebViewApi(23141): Unimplemented WebView method onKeyDown called from: android.webkit.WebView.onKeyDown(WebView.java:2169)
W/InputManager(  464): Input event injection from pid 23130 failed.
W/InputManager(  464): Input event injection from pid 23130 failed.
W/InputManager(  464): Input event injection from pid 23130 failed.
W/InputManager(  464): Input event injection from pid 23130 failed.
W/InputManager(  464): Input event injection from pid 23130 failed.
W/InputManager(  464): Input event injection from pid 23130 failed.
W/UnimplementedWebViewApi(23141): Unimplemented WebView method onKeyDown called from: android.webkit.WebView.onKeyDown(WebView.java:2169)
I/ActivityManager(  464): START u0 {act=android.intent.action.MAIN cat=[android.intent.category.LAUNCHER] flg=0x10200000 cmp=com.workshophk.t2rcmecy/.MainActivity} from pid 23130
I/MediaExtractor(  170): Use extended extractor for the special mime(audio/x-wav) or codec
E/Utils   (  170):  Couldn't map mime type "audio/ffmpeg" to a valid AudioSystem::audio_format !
D/OMXCodec(  170): setFFmpegAudioFormat
W/InputManager(  464): Input event injection from pid 23130 failed.
W/InputManager(  464): Input event injection from pid 23130 failed.
W/EGL_emulation(23141): eglSurfaceAttrib not implemented 3093 12436
W/ViewRootImpl(23141): Dropping event due to no window focus: KeyEvent { action=ACTION_DOWN, keyCode=KEYCODE_BACK, scanCode=0, metaState=0, flags=0x8, repeatCount=0, eventTime=2200665, downTime=2200665, deviceId=-1, source=0x101 }
I/ActivityManager(  464): START u0 {act=android.intent.action.MAIN cat=[android.intent.category.HOME] flg=0x10200000 cmp=com.vphone.launcher/.Launcher} from pid 464
I/WindowManager(  464): Screenshot max retries 4 of Token{4ae50a74 ActivityRecord{4ae509c4 u0 com.workshophk.t2rcmecy/.MengActivity t166}} appWin=Window{4acba7c4 u0 com.workshophk.t2rcmecy/com.workshophk.t2rcmecy.MengActivity} drawState=1
W/WindowManager(  464): Screenshot failure taking screenshot for (1280x720) to layer 21010
W/ActivityManager(  464): Duplicate finish request for ActivityRecord{4aa0ed78 u0 com.workshophk.t2rcmecy/com.google.android.gms.ads.AdActivity t166 f}
I/InputDispatcher(  464): Dropped event because of pending overdue app switch.
W/InputManager(  464): Input event injection from pid 23130 failed.
I/WindowManager(  464): Screenshot max retries 4 of Token{4ae50a74 ActivityRecord{4ae509c4 u0 com.workshophk.t2rcmecy/.MengActivity t166}} appWin=Window{4acba7c4 u0 com.workshophk.t2rcmecy/com.workshophk.t2rcmecy.MengActivity} drawState=1
W/WindowManager(  464): Screenshot failure taking screenshot for (1280x720) to layer 21010
E/MediaPlayer(23141): Should have subtitle controller already set
W/ContextImpl(  464): Calling a method in the system process without a qualified user: android.app.ContextImpl.sendBroadcast:1123 com.android.server.InputMethodManagerService.hideCurrentInputLocked:1880 com.android.server.InputMethodManagerService.windowGainedFocus:1968 com.android.internal.view.IInputMethodManager$Stub.onTransact:221 com.android.server.InputMethodManagerService.onTransact:818 
I/Choreographer(23141): Skipped 42 frames!  The application may be doing too much work on its main thread.
I/ActivityManager(  464): START u0 {act=android.intent.action.MAIN cat=[android.intent.category.LAUNCHER] flg=0x10200000 cmp=com.workshophk.t2rcmecy/.MainActivity} from pid 23130
I/MediaFocusControl(  464):  AudioFocus  requestAudioFocus() from android.media.AudioManager@4aaefac8com.google.android.gms.ads.internal.video.ab@4ab5e278
W/ViewRootImpl(23141): Dropping event due to no window focus: KeyEvent { action=ACTION_DOWN, keyCode=KEYCODE_DPAD_DOWN, scanCode=0, metaState=0, flags=0x8, repeatCount=0, eventTime=2201769, downTime=2201769, deviceId=-1, source=0x101 }
W/ViewRootImpl(23141): Dropping event due to no window focus: KeyEvent { action=ACTION_DOWN, keyCode=KEYCODE_DPAD_CENTER, scanCode=0, metaState=0, flags=0x8, repeatCount=0, eventTime=2201802, downTime=2201802, deviceId=-1, source=0x101 }
W/ViewRootImpl(23141): Dropping event due to no window focus: KeyEvent { action=ACTION_DOWN, keyCode=KEYCODE_DPAD_DOWN, scanCode=0, metaState=0, flags=0x8, repeatCount=0, eventTime=2201817, downTime=2201817, deviceId=-1, source=0x101 }
W/EGL_emulation(23141): eglSurfaceAttrib not implemented 3093 12436
W/ActivityManager(  464): Duplicate finish request for ActivityRecord{4aa0ed78 u0 com.workshophk.t2rcmecy/com.google.android.gms.ads.AdActivity t166 f}
I/Ads     (23141): Ad closing.
I/Ads     (23141): Starting ad request.
I/Ads     (23141): Use AdRequest.Builder.addTestDevice("36C000C4994BD3192565D3B3E2B4826B") to get test ads on this device.
I/Ads     (23141): Please set theme of AdActivity to @android:style/Theme.Translucent to enable transparent background interstitial ad.
I/ActivityManager(  464): START u0 {act=android.intent.action.CHOOSER flg=0x1 cmp=android/com.android.internal.app.ChooserActivity (has clip) (has extras)} from pid 23141
W/ActivityManager(  464): Permission Denial: getTasks() from pid=23141, uid=10088 requires android.permission.GET_TASKS
W/ViewRootImpl(23141): Dropping event due to no window focus: KeyEvent { action=ACTION_DOWN, keyCode=KEYCODE_MOVE_END, scanCode=0, metaState=0, flags=0x8, repeatCount=0, eventTime=2201839, downTime=2201839, deviceId=-1, source=0x101 }
W/Ads     (23141): The webview is destroyed. Ignoring action.
W/Ads     (  713): App does not have the required permissions to get location
W/MessageQueue(23141): Handler (android.os.Handler) {4aca4c34} sending message to a Handler on a dead thread
W/MessageQueue(23141): java.lang.RuntimeException: Handler (android.os.Handler) {4aca4c34} sending message to a Handler on a dead thread
W/MessageQueue(23141): 	at android.os.MessageQueue.enqueueMessage(MessageQueue.java:320)
W/MessageQueue(23141): 	at android.os.Handler.enqueueMessage(Handler.java:626)
W/MessageQueue(23141): 	at android.os.Handler.sendMessageAtTime(Handler.java:595)
W/MessageQueue(23141): 	at android.os.Handler.sendMessageDelayed(Handler.java:566)
W/MessageQueue(23141): 	at android.os.Handler.sendEmptyMessageDelayed(Handler.java:530)
W/MessageQueue(23141): 	at android.os.Handler.sendEmptyMessage(Handler.java:515)
W/MessageQueue(23141): 	at com.google.android.gms.ads.internal.video.exoplayer1.f.b(com.google.android.gms.DynamiteModulesA@12221070@12.2.21 (070-188803320):143)
W/MessageQueue(23141): 	at com.google.android.gms.ads.internal.webview.l.t(com.google.android.gms.DynamiteModulesA@12221070@12.2.21 (070-188803320):25)
W/MessageQueue(23141): 	at com.google.android.gms.ads.internal.webview.b.onPageFinished(com.google.android.gms.DynamiteModulesA@12221070@12.2.21 (070-188803320):100)
W/MessageQueue(23141): 	at com.android.webview.chromium.WebViewContentsClientAdapter.onPageFinished(WebViewContentsClientAdapter.java:449)
W/MessageQueue(23141): 	at com.android.org.chromium.android_webview.AwContentsClient$AwWebContentsObserver$1.run(AwContentsClient.java:73)
W/MessageQueue(23141): 	at android.os.Handler.handleCallback(Handler.java:733)
W/MessageQueue(23141): 	at android.os.Handler.dispatchMessage(Handler.java:95)
W/MessageQueue(23141): 	at android.os.Looper.loop(Looper.java:136)
W/MessageQueue(23141): 	at android.app.ActivityThread.main(ActivityThread.java:5019)
W/MessageQueue(23141): 	at java.lang.reflect.Method.invokeNative(Native Method)
W/MessageQueue(23141): 	at java.lang.reflect.Method.invoke(Method.java:515)
W/MessageQueue(23141): 	at com.android.internal.os.ZygoteInit$MethodAndArgsCaller.run(ZygoteInit.java:779)
W/MessageQueue(23141): 	at com.android.internal.os.ZygoteInit.main(ZygoteInit.java:595)
W/MessageQueue(23141): 	at dalvik.system.NativeStart.main(Native Method)
W/ExoPlayerImplInternal(23141): Sent message(1) after release. Message ignored.
I/MediaFocusControl(  464):  AudioFocus  abandonAudioFocus() from android.media.AudioManager@4aaefac8com.google.android.gms.ads.internal.video.ab@4ab5e278
W/Ads     (23141): Trying to set volume before player and renderers are initalized.
W/InputMethodManagerService(  464): Window already focused, ignoring focus gain of: com.android.internal.view.IInputMethodClient$Stub$Proxy@4aae2a70 attribute=null, token = android.os.BinderProxy@4abc7cfc
W/Herrevad(  713): [1366] sjl.a: On wifi, but couldn't get security type
W/DebugConnManager(  713): getNetworkInfo() on networkType 0
E/Herrevad(  713): [1598] RemoteReportsRefreshChimeraService.a: want to send authenticated request, but no Google account on device
I/qtaguid (  713): Tagging socket 239 with tag 3000130100000000(805311233) for uid -1 failed errno=-13
I/NetworkManagementSocketTagger(  713): tagSocketFd(239, 805311233, -1) failed with errno-13
W/ViewRootImpl(23141): Dropping event due to no window focus: KeyEvent { action=ACTION_DOWN, keyCode=KEYCODE_MEDIA_STOP, scanCode=0, metaState=0, flags=0x8, repeatCount=0, eventTime=2202314, downTime=2202314, deviceId=-1, source=0x101 }
I/qtaguid (  713): Tagging socket 241 with tag 3000010500000000(805306629) for uid -1 failed errno=-13
I/NetworkManagementSocketTagger(  713): tagSocketFd(241, 805306629, -1) failed with errno-13
W/EGL_emulation(23141): eglSurfaceAttrib not implemented 3093 12436
D/dalvikvm(  713): GC_CONCURRENT freed 5974K, 38% free 10340K/16432K, paused 1ms+2ms, total 36ms
W/InputMethodManagerService(  464): Window already focused, ignoring focus gain of: com.android.internal.view.IInputMethodClient$Stub$Proxy@4a97047c attribute=null, token = android.os.BinderProxy@4abc7cfc
W/ViewRootImpl(23141): Dropping event due to no window focus: KeyEvent { action=ACTION_DOWN, keyCode=KEYCODE_DPAD_CENTER, scanCode=0, metaState=0, flags=0x8, repeatCount=0, eventTime=2202465, downTime=2202465, deviceId=-1, source=0x101 }
W/EGL_emulation(23141): eglSurfaceAttrib not implemented 3093 12436
W/ViewRootImpl(23141): Dropping event due to no window focus: KeyEvent { action=ACTION_DOWN, keyCode=KEYCODE_DPAD_CENTER, scanCode=0, metaState=0, flags=0x8, repeatCount=0, eventTime=2202475, downTime=2202475, deviceId=-1, source=0x101 }
W/ContextImpl(  464): Calling a method in the system process without a qualified user: android.app.ContextImpl.sendBroadcast:1123 com.android.server.InputMethodManagerService.hideCurrentInputLocked:1880 com.android.server.InputMethodManagerService.windowGainedFocus:1968 com.android.internal.view.IInputMethodManager$Stub.onTransact:221 com.android.server.InputMethodManagerService.onTransact:818 
I/qtaguid (  713): Untagging socket 239 failed errno=-13
W/NetworkManagementSocketTagger(  713): untagSocket(239) failed with errno -13
E/Volley  (  713): [77] BasicNetwork.performRequest: Unexpected response code 307 for https://android.googleapis.com/nova/herrevad/network_quality_info
W/Herrevad(  713): [1598] RemoteReportsRefreshChimeraService.a: java.util.concurrent.ExecutionException: com.android.volley.ServerError
W/Herrevad(  713): java.util.concurrent.ExecutionException: com.android.volley.ServerError
W/Herrevad(  713): 	at com.android.volley.toolbox.RequestFuture.a(com.google.android.gms@12221070@12.2.21 (070-188803320):4)
W/Herrevad(  713): 	at com.android.volley.toolbox.RequestFuture.get(com.google.android.gms@12221070@12.2.21 (070-188803320):2)
W/Herrevad(  713): 	at com.google.android.gms.herrevad.services.RemoteReportsRefreshChimeraService.a(com.google.android.gms@12221070@12.2.21 (070-188803320):25)
W/Herrevad(  713): 	at com.google.android.gms.herrevad.services.ImmediateRemoteReportsRefreshChimeraService.onHandleIntent(com.google.android.gms@12221070@12.2.21 (070-188803320))
W/Herrevad(  713): 	at csq.handleMessage(com.google.android.gms@12221070@12.2.21 (070-188803320))
W/Herrevad(  713): 	at android.os.Handler.dispatchMessage(Handler.java:102)
W/Herrevad(  713): 	at android.os.Looper.loop(Looper.java:136)
W/Herrevad(  713): 	at android.os.HandlerThread.run(HandlerThread.java:61)
W/Herrevad(  713): Caused by: com.android.volley.ServerError
W/Herrevad(  713): 	at com.android.volley.toolbox.BasicNetwork.performRequest(com.google.android.gms@12221070@12.2.21 (070-188803320):36)
W/Herrevad(  713): 	at kiq.performRequest(com.google.android.gms@12221070@12.2.21 (070-188803320):8)
W/Herrevad(  713): 	at com.android.volley.NetworkDispatcher.a(com.google.android.gms@12221070@12.2.21 (070-188803320):7)
W/Herrevad(  713): 	at com.android.volley.NetworkDispatcher.run(com.google.android.gms@12221070@12.2.21 (070-188803320):2)
I/ActivityManager(  464): START u0 {act=android.intent.action.MAIN cat=[android.intent.category.LAUNCHER] flg=0x10200000 cmp=com.workshophk.t2rcmecy/.MainActivity} from pid 23130
I/ActivityManager(  464): START u0 {act=android.intent.action.MAIN cat=[android.intent.category.LAUNCHER] flg=0x10200000 cmp=com.workshophk.t2rcmecy/.MainActivity} from pid 23130
I/qtaguid (  713): Untagging socket 241 failed errno=-13
W/NetworkManagementSocketTagger(  713): untagSocket(241) failed with errno -13
W/EGL_emulation(23141): eglSurfaceAttrib not implemented 3093 12436
W/AwContents(23141): nativeOnDraw failed; clearing to background color.
I/AndroidRuntime(23130): VM exiting with result code 0.
