W/ContextImpl(  478): Calling a method in the system process without a qualified user: android.app.ContextImpl.sendBroadcast:1123 com.android.server.InputMethodManagerService.showCurrentInputLocked:1791 com.android.server.InputMethodManagerService.showSoftInput:1753 com.android.internal.view.IInputMethodManager$Stub.onTransact:175 com.android.server.InputMethodManagerService.onTransact:818 
V/InputMethodService(  642): onEvaluateInputViewShown: config.hardKeyboardHidden = 2
V/InputMethodService(  642): onEvaluateInputViewShown: config.hardKeyboardHidden = 2
W/ContextImpl(  478): Calling a method in the system process without a qualified user: android.app.ContextImpl.sendBroadcast:1123 com.android.server.InputMethodManagerService.showCurrentInputLocked:1791 com.android.server.InputMethodManagerService.attachNewInputLocked:1095 com.android.server.InputMethodManagerService.startInputUncheckedLocked:1166 com.android.server.InputMethodManagerService.startInputLocked:1128 
W/ContextImpl(  478): Calling a method in the system process without a qualified user: android.app.ContextImpl.sendBroadcast:1123 com.android.server.InputMethodManagerService.showCurrentInputLocked:1791 com.android.server.InputMethodManagerService.attachNewInputLocked:1095 com.android.server.InputMethodManagerService.startInputUncheckedLocked:1166 com.android.server.InputMethodManagerService.startInputLocked:1128 
W/ContextImpl(  478): Calling a method in the system process without a qualified user: android.app.ContextImpl.sendBroadcast:1123 com.android.server.InputMethodManagerService.showCurrentInputLocked:1791 com.android.server.InputMethodManagerService.showSoftInput:1753 com.android.internal.view.IInputMethodManager$Stub.onTransact:175 com.android.server.InputMethodManagerService.onTransact:818 
V/InputMethodService(  642): onEvaluateInputViewShown: config.hardKeyboardHidden = 2
V/InputMethodService(  642): onEvaluateInputViewShown: config.hardKeyboardHidden = 2
V/InputMethodService(  642): onEvaluateInputViewShown: config.hardKeyboardHidden = 2
V/InputMethodService(  642): onEvaluateInputViewShown: config.hardKeyboardHidden = 2
W/ContextImpl(  478): Calling a method in the system process without a qualified user: android.app.ContextImpl.sendBroadcast:1123 com.android.server.InputMethodManagerService.showCurrentInputLocked:1791 com.android.server.InputMethodManagerService.showSoftInput:1753 com.android.internal.view.IInputMethodManager$Stub.onTransact:175 com.android.server.InputMethodManagerService.onTransact:818 
V/InputMethodService(  642): onEvaluateInputViewShown: config.hardKeyboardHidden = 2
V/InputMethodService(  642): onEvaluateInputViewShown: config.hardKeyboardHidden = 2
V/InputMethodService(  642): onEvaluateInputViewShown: config.hardKeyboardHidden = 2
V/InputMethodService(  642): onEvaluateInputViewShown: config.hardKeyboardHidden = 2
W/ContextImpl(  478): Calling a method in the system process without a qualified user: android.app.ContextImpl.sendBroadcast:1123 com.android.server.InputMethodManagerService.showCurrentInputLocked:1791 com.android.server.InputMethodManagerService.showSoftInput:1753 com.android.internal.view.IInputMethodManager$Stub.onTransact:175 com.android.server.InputMethodManagerService.onTransact:818 
V/InputMethodService(  642): onEvaluateInputViewShown: config.hardKeyboardHidden = 2
V/InputMethodService(  642): onEvaluateInputViewShown: config.hardKeyboardHidden = 2
W/ContextImpl(  478): Calling a method in the system process without a qualified user: android.app.ContextImpl.sendBroadcast:1123 com.android.server.InputMethodManagerService.showCurrentInputLocked:1791 com.android.server.InputMethodManagerService.showSoftInput:1753 com.android.internal.view.IInputMethodManager$Stub.onTransact:175 com.android.server.InputMethodManagerService.onTransact:818 
V/InputMethodService(  642): onEvaluateInputViewShown: config.hardKeyboardHidden = 2
V/InputMethodService(  642): onEvaluateInputViewShown: config.hardKeyboardHidden = 2
W/ContextImpl(  478): Calling a method in the system process without a qualified user: android.app.ContextImpl.sendBroadcast:1123 com.android.server.InputMethodManagerService.showCurrentInputLocked:1791 com.android.server.InputMethodManagerService.showSoftInput:1753 com.android.internal.view.IInputMethodManager$Stub.onTransact:175 com.android.server.InputMethodManagerService.onTransact:818 
V/InputMethodService(  642): onEvaluateInputViewShown: config.hardKeyboardHidden = 2
V/InputMethodService(  642): onEvaluateInputViewShown: config.hardKeyboardHidden = 2
W/ContextImpl(  478): Calling a method in the system process without a qualified user: android.app.ContextImpl.sendBroadcast:1123 com.android.server.InputMethodManagerService.showCurrentInputLocked:1791 com.android.server.InputMethodManagerService.attachNewInputLocked:1095 com.android.server.InputMethodManagerService.startInputUncheckedLocked:1166 com.android.server.InputMethodManagerService.startInputLocked:1128 
V/PanelView(  530): animationTick called with dtms=0; nothing to do (h=0.0 v=-0.0)
V/PanelView(  530): animationTick called with dtms=0; nothing to do (h=0.0 v=-0.0)
W/ContextImpl(  478): Calling a method in the system process without a qualified user: android.app.ContextImpl.sendBroadcast:1123 com.android.server.InputMethodManagerService.showCurrentInputLocked:1791 com.android.server.InputMethodManagerService.attachNewInputLocked:1095 com.android.server.InputMethodManagerService.startInputUncheckedLocked:1166 com.android.server.InputMethodManagerService.startInputLocked:1128 
V/InputMethodService(  642): onEvaluateInputViewShown: config.hardKeyboardHidden = 2
V/InputMethodService(  642): onEvaluateInputViewShown: config.hardKeyboardHidden = 2
V/InputMethodService(  642): onEvaluateInputViewShown: config.hardKeyboardHidden = 2
V/InputMethodService(  642): onEvaluateInputViewShown: config.hardKeyboardHidden = 2
W/ContextImpl(  478): Calling a method in the system process without a qualified user: android.app.ContextImpl.sendBroadcast:1123 com.android.server.InputMethodManagerService.showCurrentInputLocked:1791 com.android.server.InputMethodManagerService.attachNewInputLocked:1095 com.android.server.InputMethodManagerService.startInputUncheckedLocked:1166 com.android.server.InputMethodManagerService.startInputLocked:1128 
W/ContextImpl(  478): Calling a method in the system process without a qualified user: android.app.ContextImpl.sendBroadcast:1123 com.android.server.InputMethodManagerService.showCurrentInputLocked:1791 com.android.server.InputMethodManagerService.attachNewInputLocked:1095 com.android.server.InputMethodManagerService.startInputUncheckedLocked:1166 com.android.server.InputMethodManagerService.startInputLocked:1128 
D/dalvikvm(  642): GC_CONCURRENT freed 385K, 13% free 3050K/3492K, paused 2ms+0ms, total 11ms
V/InputMethodService(  642): onEvaluateInputViewShown: config.hardKeyboardHidden = 2
V/InputMethodService(  642): onEvaluateInputViewShown: config.hardKeyboardHidden = 2
W/ContextImpl(  478): Calling a method in the system process without a qualified user: android.app.ContextImpl.sendBroadcast:1123 com.android.server.InputMethodManagerService.showCurrentInputLocked:1791 com.android.server.InputMethodManagerService.attachNewInputLocked:1095 com.android.server.InputMethodManagerService.startInputUncheckedLocked:1166 com.android.server.InputMethodManagerService.startInputLocked:1128 
V/InputMethodService(  642): onEvaluateInputViewShown: config.hardKeyboardHidden = 2
V/InputMethodService(  642): onEvaluateInputViewShown: config.hardKeyboardHidden = 2
W/ContextImpl(  478): Calling a method in the system process without a qualified user: android.app.ContextImpl.sendBroadcast:1123 com.android.server.InputMethodManagerService.showCurrentInputLocked:1791 com.android.server.InputMethodManagerService.attachNewInputLocked:1095 com.android.server.InputMethodManagerService.startInputUncheckedLocked:1166 com.android.server.InputMethodManagerService.startInputLocked:1128 
V/InputMethodService(  642): onEvaluateInputViewShown: config.hardKeyboardHidden = 2
V/InputMethodService(  642): onEvaluateInputViewShown: config.hardKeyboardHidden = 2
I/ActivityManager(  478): START u0 {act=android.intent.action.CALL_BUTTON flg=0x10000000} from pid 4923
W/PhoneFallbackEventHandler( 4923): No activity found for android.intent.action.CALL_BUTTON.
V/InputMethodService(  642): onEvaluateInputViewShown: config.hardKeyboardHidden = 2
V/InputMethodService(  642): onEvaluateInputViewShown: config.hardKeyboardHidden = 2
W/ContextImpl(  478): Calling a method in the system process without a qualified user: android.app.ContextImpl.sendBroadcast:1123 com.android.server.InputMethodManagerService.showCurrentInputLocked:1791 com.android.server.InputMethodManagerService.showSoftInput:1753 com.android.internal.view.IInputMethodManager$Stub.onTransact:175 com.android.server.InputMethodManagerService.onTransact:818 
V/InputMethodService(  642): onEvaluateInputViewShown: config.hardKeyboardHidden = 2
V/InputMethodService(  642): onEvaluateInputViewShown: config.hardKeyboardHidden = 2
W/ContextImpl(  478): Calling a method in the system process without a qualified user: android.app.ContextImpl.sendBroadcast:1123 com.android.server.InputMethodManagerService.showCurrentInputLocked:1791 com.android.server.InputMethodManagerService.showSoftInput:1753 com.android.internal.view.IInputMethodManager$Stub.onTransact:175 com.android.server.InputMethodManagerService.onTransact:818 
W/ContextImpl(  678): Calling a method in the system process without a qualified user: android.app.ContextImpl.bindService:1556 android.content.ContextWrapper.bindService:517 com.google.android.gms.common.stats.zzb.zza:-1 com.google.android.gms.common.stats.zzb.zza:-1 com.google.android.gms.ads.identifier.AdvertisingIdClient.zzh:-1 
V/InputMethodService(  642): onEvaluateInputViewShown: config.hardKeyboardHidden = 2
V/InputMethodService(  642): onEvaluateInputViewShown: config.hardKeyboardHidden = 2
W/ContextImpl(  478): Calling a method in the system process without a qualified user: android.app.ContextImpl.sendBroadcast:1123 com.android.server.InputMethodManagerService.showCurrentInputLocked:1791 com.android.server.InputMethodManagerService.attachNewInputLocked:1095 com.android.server.InputMethodManagerService.startInputUncheckedLocked:1166 com.android.server.InputMethodManagerService.startInputLocked:1128 
D/dalvikvm(  478): GC_EXPLICIT freed 1232K, 35% free 14894K/22652K, paused 1ms+3ms, total 13ms
I/ActivityManager(  478): START u0 {act=android.intent.action.CALL_BUTTON flg=0x10000000} from pid 4923
W/PhoneFallbackEventHandler( 4923): No activity found for android.intent.action.CALL_BUTTON.
W/ContextImpl(  478): Calling a method in the system process without a qualified user: android.app.ContextImpl.sendBroadcast:1123 com.android.server.InputMethodManagerService.showCurrentInputLocked:1791 com.android.server.InputMethodManagerService.attachNewInputLocked:1095 com.android.server.InputMethodManagerService.startInputUncheckedLocked:1166 com.android.server.InputMethodManagerService.startInputLocked:1128 
W/EGL_emulation( 4923): eglSurfaceAttrib not implemented 3093 12436
V/InputMethodService(  642): onEvaluateInputViewShown: config.hardKeyboardHidden = 2
V/InputMethodService(  642): onEvaluateInputViewShown: config.hardKeyboardHidden = 2
I/ActivityManager(  478): START u0 {act=android.intent.action.MAIN cat=[android.intent.category.LAUNCHER] flg=0x10200000 cmp=com.comichub/.Splash_Screen} from pid 4913
V/InputMethodService(  642): onEvaluateInputViewShown: config.hardKeyboardHidden = 2
V/InputMethodService(  642): onEvaluateInputViewShown: config.hardKeyboardHidden = 2
W/ContextImpl(  478): Calling a method in the system process without a qualified user: android.app.ContextImpl.sendBroadcast:1123 com.android.server.InputMethodManagerService.showCurrentInputLocked:1791 com.android.server.InputMethodManagerService.attachNewInputLocked:1095 com.android.server.InputMethodManagerService.startInputUncheckedLocked:1166 com.android.server.InputMethodManagerService.startInputLocked:1128 
I/ActivityManager(  478): START u0 {act=android.intent.action.MAIN cat=[android.intent.category.LAUNCHER] flg=0x10200000 cmp=com.comichub/.Splash_Screen} from pid 4913
W/ContextImpl(  478): Calling a method in the system process without a qualified user: android.app.ContextImpl.sendBroadcast:1123 com.android.server.InputMethodManagerService.showCurrentInputLocked:1791 com.android.server.InputMethodManagerService.attachNewInputLocked:1095 com.android.server.InputMethodManagerService.startInputUncheckedLocked:1166 com.android.server.InputMethodManagerService.startInputLocked:1128 
V/InputMethodService(  642): onEvaluateInputViewShown: config.hardKeyboardHidden = 2
V/InputMethodService(  642): onEvaluateInputViewShown: config.hardKeyboardHidden = 2
V/InputMethodService(  642): onEvaluateInputViewShown: config.hardKeyboardHidden = 2
V/InputMethodService(  642): onEvaluateInputViewShown: config.hardKeyboardHidden = 2
W/ContextImpl(  478): Calling a method in the system process without a qualified user: android.app.ContextImpl.sendBroadcast:1123 com.android.server.InputMethodManagerService.showCurrentInputLocked:1791 com.android.server.InputMethodManagerService.attachNewInputLocked:1095 com.android.server.InputMethodManagerService.startInputUncheckedLocked:1166 com.android.server.InputMethodManagerService.startInputLocked:1128 
W/ContextImpl(  478): Calling a method in the system process without a qualified user: android.app.ContextImpl.sendBroadcast:1123 com.android.server.InputMethodManagerService.showCurrentInputLocked:1791 com.android.server.InputMethodManagerService.attachNewInputLocked:1095 com.android.server.InputMethodManagerService.startInputUncheckedLocked:1166 com.android.server.InputMethodManagerService.startInputLocked:1128 
W/ContextImpl(  478): Calling a method in the system process without a qualified user: android.app.ContextImpl.sendBroadcast:1123 com.android.server.InputMethodManagerService.showCurrentInputLocked:1791 com.android.server.InputMethodManagerService.attachNewInputLocked:1095 com.android.server.InputMethodManagerService.startInputUncheckedLocked:1166 com.android.server.InputMethodManagerService.startInputLocked:1128 
W/IInputConnectionWrapper( 4923): getCursorCapsMode on inactive InputConnection
V/InputMethodService(  642): onEvaluateInputViewShown: config.hardKeyboardHidden = 2
V/InputMethodService(  642): onEvaluateInputViewShown: config.hardKeyboardHidden = 2
V/InputMethodService(  642): onEvaluateInputViewShown: config.hardKeyboardHidden = 2
V/InputMethodService(  642): onEvaluateInputViewShown: config.hardKeyboardHidden = 2
W/ContextImpl(  478): Calling a method in the system process without a qualified user: android.app.ContextImpl.sendBroadcast:1123 com.android.server.InputMethodManagerService.showCurrentInputLocked:1791 com.android.server.InputMethodManagerService.attachNewInputLocked:1095 com.android.server.InputMethodManagerService.startInputUncheckedLocked:1166 com.android.server.InputMethodManagerService.startInputLocked:1128 
W/EGL_emulation( 4923): eglSurfaceAttrib not implemented 3093 12436
V/InputMethodService(  642): onEvaluateInputViewShown: config.hardKeyboardHidden = 2
V/InputMethodService(  642): onEvaluateInputViewShown: config.hardKeyboardHidden = 2
V/InputMethodService(  642): onEvaluateInputViewShown: config.hardKeyboardHidden = 2
V/InputMethodService(  642): onEvaluateInputViewShown: config.hardKeyboardHidden = 2
W/ContextImpl(  478): Calling a method in the system process without a qualified user: android.app.ContextImpl.sendBroadcast:1123 com.android.server.InputMethodManagerService.showCurrentInputLocked:1791 com.android.server.InputMethodManagerService.showSoftInput:1753 com.android.internal.view.IInputMethodManager$Stub.onTransact:175 com.android.server.InputMethodManagerService.onTransact:818 
W/ContextImpl(  478): Calling a method in the system process without a qualified user: android.app.ContextImpl.sendBroadcast:1123 com.android.server.InputMethodManagerService.showCurrentInputLocked:1791 com.android.server.InputMethodManagerService.attachNewInputLocked:1095 com.android.server.InputMethodManagerService.startInputUncheckedLocked:1166 com.android.server.InputMethodManagerService.startInputLocked:1128 
V/InputMethodService(  642): onEvaluateInputViewShown: config.hardKeyboardHidden = 2
V/InputMethodService(  642): onEvaluateInputViewShown: config.hardKeyboardHidden = 2
W/ContextImpl(  478): Calling a method in the system process without a qualified user: android.app.ContextImpl.sendBroadcast:1123 com.android.server.InputMethodManagerService.showCurrentInputLocked:1791 com.android.server.InputMethodManagerService.attachNewInputLocked:1095 com.android.server.InputMethodManagerService.startInputUncheckedLocked:1166 com.android.server.InputMethodManagerService.startInputLocked:1128 
V/InputMethodService(  642): onEvaluateInputViewShown: config.hardKeyboardHidden = 2
V/InputMethodService(  642): onEvaluateInputViewShown: config.hardKeyboardHidden = 2
W/ContextImpl(  478): Calling a method in the system process without a qualified user: android.app.ContextImpl.sendBroadcast:1123 com.android.server.InputMethodManagerService.showCurrentInputLocked:1791 com.android.server.InputMethodManagerService.attachNewInputLocked:1095 com.android.server.InputMethodManagerService.startInputUncheckedLocked:1166 com.android.server.InputMethodManagerService.startInputLocked:1128 
V/InputMethodService(  642): onEvaluateInputViewShown: config.hardKeyboardHidden = 2
V/InputMethodService(  642): onEvaluateInputViewShown: config.hardKeyboardHidden = 2
W/ContextImpl(  478): Calling a method in the system process without a qualified user: android.app.ContextImpl.sendBroadcast:1123 com.android.server.InputMethodManagerService.showCurrentInputLocked:1791 com.android.server.InputMethodManagerService.attachNewInputLocked:1095 com.android.server.InputMethodManagerService.startInputUncheckedLocked:1166 com.android.server.InputMethodManagerService.startInputLocked:1128 
V/InputMethodService(  642): onEvaluateInputViewShown: config.hardKeyboardHidden = 2
V/InputMethodService(  642): onEvaluateInputViewShown: config.hardKeyboardHidden = 2
V/InputMethodService(  642): onEvaluateInputViewShown: config.hardKeyboardHidden = 2
V/InputMethodService(  642): onEvaluateInputViewShown: config.hardKeyboardHidden = 2
W/ContextImpl(  478): Calling a method in the system process without a qualified user: android.app.ContextImpl.sendBroadcast:1123 com.android.server.InputMethodManagerService.showCurrentInputLocked:1791 com.android.server.InputMethodManagerService.showSoftInput:1753 com.android.internal.view.IInputMethodManager$Stub.onTransact:175 com.android.server.InputMethodManagerService.onTransact:818 
V/PanelView(  530): animationTick called with dtms=0; nothing to do (h=0.0 v=-0.0)
W/ContextImpl(  478): Calling a method in the system process without a qualified user: android.app.ContextImpl.sendBroadcast:1123 com.android.server.InputMethodManagerService.hideCurrentInputLocked:1880 com.android.server.InputMethodManagerService.hideMySoftInput:2299 com.android.internal.view.IInputMethodManager$Stub.onTransact:288 com.android.server.InputMethodManagerService.onTransact:818 
W/EGL_emulation( 4923): eglSurfaceAttrib not implemented 3093 12436
V/InputMethodService(  642): onEvaluateInputViewShown: config.hardKeyboardHidden = 2
V/InputMethodService(  642): onEvaluateInputViewShown: config.hardKeyboardHidden = 2
W/ContextImpl(  478): Calling a method in the system process without a qualified user: android.app.ContextImpl.sendBroadcast:1123 com.android.server.InputMethodManagerService.showCurrentInputLocked:1791 com.android.server.InputMethodManagerService.showSoftInput:1753 com.android.internal.view.IInputMethodManager$Stub.onTransact:175 com.android.server.InputMethodManagerService.onTransact:818 
V/InputMethodService(  642): onEvaluateInputViewShown: config.hardKeyboardHidden = 2
V/InputMethodService(  642): onEvaluateInputViewShown: config.hardKeyboardHidden = 2
W/ContextImpl(  478): Calling a method in the system process without a qualified user: android.app.ContextImpl.sendBroadcast:1123 com.android.server.InputMethodManagerService.showCurrentInputLocked:1791 com.android.server.InputMethodManagerService.attachNewInputLocked:1095 com.android.server.InputMethodManagerService.startInputUncheckedLocked:1166 com.android.server.InputMethodManagerService.startInputLocked:1128 
W/ContextImpl(  478): Calling a method in the system process without a qualified user: android.app.ContextImpl.sendBroadcast:1123 com.android.server.InputMethodManagerService.showCurrentInputLocked:1791 com.android.server.InputMethodManagerService.attachNewInputLocked:1095 com.android.server.InputMethodManagerService.startInputUncheckedLocked:1166 com.android.server.InputMethodManagerService.startInputLocked:1128 
W/ContextImpl(  478): Calling a method in the system process without a qualified user: android.app.ContextImpl.sendBroadcast:1123 com.android.server.InputMethodManagerService.showCurrentInputLocked:1791 com.android.server.InputMethodManagerService.attachNewInputLocked:1095 com.android.server.InputMethodManagerService.startInputUncheckedLocked:1166 com.android.server.InputMethodManagerService.startInputLocked:1128 
W/IInputConnectionWrapper( 4923): getCursorCapsMode on inactive InputConnection
V/InputMethodService(  642): onEvaluateInputViewShown: config.hardKeyboardHidden = 2
V/InputMethodService(  642): onEvaluateInputViewShown: config.hardKeyboardHidden = 2
V/InputMethodService(  642): onEvaluateInputViewShown: config.hardKeyboardHidden = 2
V/InputMethodService(  642): onEvaluateInputViewShown: config.hardKeyboardHidden = 2
W/ContextImpl(  478): Calling a method in the system process without a qualified user: android.app.ContextImpl.sendBroadcast:1123 com.android.server.InputMethodManagerService.showCurrentInputLocked:1791 com.android.server.InputMethodManagerService.attachNewInputLocked:1095 com.android.server.InputMethodManagerService.startInputUncheckedLocked:1166 com.android.server.InputMethodManagerService.startInputLocked:1128 
W/ContextImpl(  478): Calling a method in the system process without a qualified user: android.app.ContextImpl.sendBroadcast:1123 com.android.server.InputMethodManagerService.showCurrentInputLocked:1791 com.android.server.InputMethodManagerService.attachNewInputLocked:1095 com.android.server.InputMethodManagerService.startInputUncheckedLocked:1166 com.android.server.InputMethodManagerService.startInputLocked:1128 
W/IInputConnectionWrapper( 4923): getCursorCapsMode on inactive InputConnection
V/InputMethodService(  642): onEvaluateInputViewShown: config.hardKeyboardHidden = 2
V/InputMethodService(  642): onEvaluateInputViewShown: config.hardKeyboardHidden = 2
V/InputMethodService(  642): onEvaluateInputViewShown: config.hardKeyboardHidden = 2
V/InputMethodService(  642): onEvaluateInputViewShown: config.hardKeyboardHidden = 2
W/ContextImpl(  478): Calling a method in the system process without a qualified user: android.app.ContextImpl.sendBroadcast:1123 com.android.server.InputMethodManagerService.showCurrentInputLocked:1791 com.android.server.InputMethodManagerService.attachNewInputLocked:1095 com.android.server.InputMethodManagerService.startInputUncheckedLocked:1166 com.android.server.InputMethodManagerService.startInputLocked:1128 
W/ContextImpl(  478): Calling a method in the system process without a qualified user: android.app.ContextImpl.sendBroadcast:1123 com.android.server.InputMethodManagerService.showCurrentInputLocked:1791 com.android.server.InputMethodManagerService.showSoftInput:1753 com.android.internal.view.IInputMethodManager$Stub.onTransact:175 com.android.server.InputMethodManagerService.onTransact:818 
V/InputMethodService(  642): onEvaluateInputViewShown: config.hardKeyboardHidden = 2
V/InputMethodService(  642): onEvaluateInputViewShown: config.hardKeyboardHidden = 2
V/InputMethodService(  642): onEvaluateInputViewShown: config.hardKeyboardHidden = 2
V/InputMethodService(  642): onEvaluateInputViewShown: config.hardKeyboardHidden = 2
V/InputMethodService(  642): onEvaluateInputViewShown: config.hardKeyboardHidden = 2
V/InputMethodService(  642): onEvaluateInputViewShown: config.hardKeyboardHidden = 2
W/ContextImpl(  478): Calling a method in the system process without a qualified user: android.app.ContextImpl.sendBroadcast:1123 com.android.server.InputMethodManagerService.showCurrentInputLocked:1791 com.android.server.InputMethodManagerService.attachNewInputLocked:1095 com.android.server.InputMethodManagerService.startInputUncheckedLocked:1166 com.android.server.InputMethodManagerService.startInputLocked:1128 
W/ContextImpl(  478): Calling a method in the system process without a qualified user: android.app.ContextImpl.sendBroadcast:1123 com.android.server.InputMethodManagerService.showCurrentInputLocked:1791 com.android.server.InputMethodManagerService.attachNewInputLocked:1095 com.android.server.InputMethodManagerService.startInputUncheckedLocked:1166 com.android.server.InputMethodManagerService.startInputLocked:1128 
V/InputMethodService(  642): onEvaluateInputViewShown: config.hardKeyboardHidden = 2
V/InputMethodService(  642): onEvaluateInputViewShown: config.hardKeyboardHidden = 2
V/InputMethodService(  642): onEvaluateInputViewShown: config.hardKeyboardHidden = 2
V/InputMethodService(  642): onEvaluateInputViewShown: config.hardKeyboardHidden = 2
W/ContextImpl(  478): Calling a method in the system process without a qualified user: android.app.ContextImpl.sendBroadcast:1123 com.android.server.InputMethodManagerService.showCurrentInputLocked:1791 com.android.server.InputMethodManagerService.showSoftInput:1753 com.android.internal.view.IInputMethodManager$Stub.onTransact:175 com.android.server.InputMethodManagerService.onTransact:818 
V/InputMethodService(  642): onEvaluateInputViewShown: config.hardKeyboardHidden = 2
V/InputMethodService(  642): onEvaluateInputViewShown: config.hardKeyboardHidden = 2
W/ContextImpl(  478): Calling a method in the system process without a qualified user: android.app.ContextImpl.sendBroadcast:1123 com.android.server.InputMethodManagerService.showCurrentInputLocked:1791 com.android.server.InputMethodManagerService.showSoftInput:1753 com.android.internal.view.IInputMethodManager$Stub.onTransact:175 com.android.server.InputMethodManagerService.onTransact:818 
I/ActivityManager(  478): START u0 {act=com.android.systemui.recent.action.TOGGLE_RECENTS flg=0x10800000 cmp=com.android.systemui/.recent.RecentsActivity (has extras)} from pid 530
I/ActivityManager(  478): START u0 {act=android.intent.action.MAIN cat=[android.intent.category.LAUNCHER] flg=0x10200000 cmp=com.comichub/.Splash_Screen} from pid 4913
V/InputMethodService(  642): onEvaluateInputViewShown: config.hardKeyboardHidden = 2
V/InputMethodService(  642): onEvaluateInputViewShown: config.hardKeyboardHidden = 2
W/ContextImpl(  478): Calling a method in the system process without a qualified user: android.app.ContextImpl.sendBroadcast:1123 com.android.server.InputMethodManagerService.showCurrentInputLocked:1791 com.android.server.InputMethodManagerService.attachNewInputLocked:1095 com.android.server.InputMethodManagerService.startInputUncheckedLocked:1166 com.android.server.InputMethodManagerService.startInputLocked:1128 
W/ContextImpl(  478): Calling a method in the system process without a qualified user: android.app.ContextImpl.sendBroadcast:1123 com.android.server.InputMethodManagerService.showCurrentInputLocked:1791 com.android.server.InputMethodManagerService.attachNewInputLocked:1095 com.android.server.InputMethodManagerService.startInputUncheckedLocked:1166 com.android.server.InputMethodManagerService.startInputLocked:1128 
W/ContextImpl(  478): Calling a method in the system process without a qualified user: android.app.ContextImpl.sendBroadcast:1123 com.android.server.InputMethodManagerService.showCurrentInputLocked:1791 com.android.server.InputMethodManagerService.attachNewInputLocked:1095 com.android.server.InputMethodManagerService.startInputUncheckedLocked:1166 com.android.server.InputMethodManagerService.startInputLocked:1128 
W/IInputConnectionWrapper( 4923): getCursorCapsMode on inactive InputConnection
V/InputMethodService(  642): onEvaluateInputViewShown: config.hardKeyboardHidden = 2
V/InputMethodService(  642): onEvaluateInputViewShown: config.hardKeyboardHidden = 2
V/InputMethodService(  642): onEvaluateInputViewShown: config.hardKeyboardHidden = 2
V/InputMethodService(  642): onEvaluateInputViewShown: config.hardKeyboardHidden = 2
W/ContextImpl(  478): Calling a method in the system process without a qualified user: android.app.ContextImpl.sendBroadcast:1123 com.android.server.InputMethodManagerService.showCurrentInputLocked:1791 com.android.server.InputMethodManagerService.attachNewInputLocked:1095 com.android.server.InputMethodManagerService.startInputUncheckedLocked:1166 com.android.server.InputMethodManagerService.startInputLocked:1128 
V/InputMethodService(  642): onEvaluateInputViewShown: config.hardKeyboardHidden = 2
V/InputMethodService(  642): onEvaluateInputViewShown: config.hardKeyboardHidden = 2
I/InputDispatcher(  478): Dropped event because of pending overdue app switch.
W/InputManager(  478): Input event injection from pid 4913 failed.
V/InputMethodService(  642): onEvaluateInputViewShown: config.hardKeyboardHidden = 2
V/InputMethodService(  642): onEvaluateInputViewShown: config.hardKeyboardHidden = 2
W/ContextImpl(  478): Calling a method in the system process without a qualified user: android.app.ContextImpl.sendBroadcast:1123 com.android.server.InputMethodManagerService.showCurrentInputLocked:1791 com.android.server.InputMethodManagerService.showSoftInput:1753 com.android.internal.view.IInputMethodManager$Stub.onTransact:175 com.android.server.InputMethodManagerService.onTransact:818 
V/InputMethodService(  642): onEvaluateInputViewShown: config.hardKeyboardHidden = 2
V/InputMethodService(  642): onEvaluateInputViewShown: config.hardKeyboardHidden = 2
W/ContextImpl(  478): Calling a method in the system process without a qualified user: android.app.ContextImpl.sendBroadcast:1123 com.android.server.InputMethodManagerService.showCurrentInputLocked:1791 com.android.server.InputMethodManagerService.showSoftInput:1753 com.android.internal.view.IInputMethodManager$Stub.onTransact:175 com.android.server.InputMethodManagerService.onTransact:818 
I/ActivityManager(  478): START u0 {act=android.intent.action.MAIN cat=[android.intent.category.LAUNCHER] flg=0x10200000 cmp=com.comichub/.Splash_Screen} from pid 4913
V/InputMethodService(  642): onEvaluateInputViewShown: config.hardKeyboardHidden = 2
V/InputMethodService(  642): onEvaluateInputViewShown: config.hardKeyboardHidden = 2
W/ContextImpl(  478): Calling a method in the system process without a qualified user: android.app.ContextImpl.sendBroadcast:1123 com.android.server.InputMethodManagerService.showCurrentInputLocked:1791 com.android.server.InputMethodManagerService.showSoftInput:1753 com.android.internal.view.IInputMethodManager$Stub.onTransact:175 com.android.server.InputMethodManagerService.onTransact:818 
V/InputMethodService(  642): onEvaluateInputViewShown: config.hardKeyboardHidden = 2
V/InputMethodService(  642): onEvaluateInputViewShown: config.hardKeyboardHidden = 2
W/ContextImpl(  478): Calling a method in the system process without a qualified user: android.app.ContextImpl.sendBroadcast:1123 com.android.server.InputMethodManagerService.showCurrentInputLocked:1791 com.android.server.InputMethodManagerService.attachNewInputLocked:1095 com.android.server.InputMethodManagerService.startInputUncheckedLocked:1166 com.android.server.InputMethodManagerService.startInputLocked:1128 
W/ContextImpl(  478): Calling a method in the system process without a qualified user: android.app.ContextImpl.sendBroadcast:1123 com.android.server.InputMethodManagerService.showCurrentInputLocked:1791 com.android.server.InputMethodManagerService.attachNewInputLocked:1095 com.android.server.InputMethodManagerService.startInputUncheckedLocked:1166 com.android.server.InputMethodManagerService.startInputLocked:1128 
V/InputMethodService(  642): onEvaluateInputViewShown: config.hardKeyboardHidden = 2
V/InputMethodService(  642): onEvaluateInputViewShown: config.hardKeyboardHidden = 2
V/InputMethodService(  642): onEvaluateInputViewShown: config.hardKeyboardHidden = 2
V/InputMethodService(  642): onEvaluateInputViewShown: config.hardKeyboardHidden = 2
W/ContextImpl(  478): Calling a method in the system process without a qualified user: android.app.ContextImpl.sendBroadcast:1123 com.android.server.InputMethodManagerService.showCurrentInputLocked:1791 com.android.server.InputMethodManagerService.attachNewInputLocked:1095 com.android.server.InputMethodManagerService.startInputUncheckedLocked:1166 com.android.server.InputMethodManagerService.startInputLocked:1128 
W/ContextImpl(  478): Calling a method in the system process without a qualified user: android.app.ContextImpl.sendBroadcast:1123 com.android.server.InputMethodManagerService.showCurrentInputLocked:1791 com.android.server.InputMethodManagerService.attachNewInputLocked:1095 com.android.server.InputMethodManagerService.startInputUncheckedLocked:1166 com.android.server.InputMethodManagerService.startInputLocked:1128 
V/InputMethodService(  642): onEvaluateInputViewShown: config.hardKeyboardHidden = 2
V/InputMethodService(  642): onEvaluateInputViewShown: config.hardKeyboardHidden = 2
I/ActivityManager(  478): START u0 {act=android.intent.action.MAIN cat=[android.intent.category.LAUNCHER] flg=0x10000000 sel={act=android.intent.action.MAIN cat=[android.intent.category.APP_EMAIL]}} from pid 478
V/InputMethodService(  642): onEvaluateInputViewShown: config.hardKeyboardHidden = 2
V/InputMethodService(  642): onEvaluateInputViewShown: config.hardKeyboardHidden = 2
W/ContextImpl(  478): Calling a method in the system process without a qualified user: android.app.ContextImpl.sendBroadcast:1123 com.android.server.InputMethodManagerService.showCurrentInputLocked:1791 com.android.server.InputMethodManagerService.showSoftInput:1753 com.android.internal.view.IInputMethodManager$Stub.onTransact:175 com.android.server.InputMethodManagerService.onTransact:818 
V/InputMethodService(  642): onEvaluateInputViewShown: config.hardKeyboardHidden = 2
V/InputMethodService(  642): onEvaluateInputViewShown: config.hardKeyboardHidden = 2
W/ContextImpl(  478): Calling a method in the system process without a qualified user: android.app.ContextImpl.sendBroadcast:1123 com.android.server.InputMethodManagerService.showCurrentInputLocked:1791 com.android.server.InputMethodManagerService.attachNewInputLocked:1095 com.android.server.InputMethodManagerService.startInputUncheckedLocked:1166 com.android.server.InputMethodManagerService.startInputLocked:1128 
I/ActivityManager(  478): START u0 {act=android.intent.action.MAIN cat=[android.intent.category.LAUNCHER] flg=0x10200000 cmp=com.comichub/.Splash_Screen} from pid 4913
I/ActivityManager(  478): START u0 {act=android.intent.action.MAIN cat=[android.intent.category.LAUNCHER] flg=0x10200000 cmp=com.comichub/.Splash_Screen} from pid 4913
D/dalvikvm(  642): GC_EXPLICIT freed 150K, 14% free 3026K/3492K, paused 0ms+0ms, total 3ms
W/ContextImpl(  478): Calling a method in the system process without a qualified user: android.app.ContextImpl.sendBroadcast:1123 com.android.server.InputMethodManagerService.showCurrentInputLocked:1791 com.android.server.InputMethodManagerService.attachNewInputLocked:1095 com.android.server.InputMethodManagerService.startInputUncheckedLocked:1166 com.android.server.InputMethodManagerService.startInputLocked:1128 
W/EGL_emulation( 4923): eglSurfaceAttrib not implemented 3093 12436
V/InputMethodService(  642): onEvaluateInputViewShown: config.hardKeyboardHidden = 2
V/InputMethodService(  642): onEvaluateInputViewShown: config.hardKeyboardHidden = 2
V/InputMethodService(  642): onEvaluateInputViewShown: config.hardKeyboardHidden = 2
V/InputMethodService(  642): onEvaluateInputViewShown: config.hardKeyboardHidden = 2
W/ContextImpl(  478): Calling a method in the system process without a qualified user: android.app.ContextImpl.sendBroadcast:1123 com.android.server.InputMethodManagerService.showCurrentInputLocked:1791 com.android.server.InputMethodManagerService.showSoftInput:1753 com.android.internal.view.IInputMethodManager$Stub.onTransact:175 com.android.server.InputMethodManagerService.onTransact:818 
W/ContextImpl(  478): Calling a method in the system process without a qualified user: android.app.ContextImpl.sendBroadcast:1123 com.android.server.InputMethodManagerService.showCurrentInputLocked:1791 com.android.server.InputMethodManagerService.attachNewInputLocked:1095 com.android.server.InputMethodManagerService.startInputUncheckedLocked:1166 com.android.server.InputMethodManagerService.startInputLocked:1128 
V/InputMethodService(  642): onEvaluateInputViewShown: config.hardKeyboardHidden = 2
V/InputMethodService(  642): onEvaluateInputViewShown: config.hardKeyboardHidden = 2
W/ContextImpl(  478): Calling a method in the system process without a qualified user: android.app.ContextImpl.sendBroadcast:1123 com.android.server.InputMethodManagerService.showCurrentInputLocked:1791 com.android.server.InputMethodManagerService.attachNewInputLocked:1095 com.android.server.InputMethodManagerService.startInputUncheckedLocked:1166 com.android.server.InputMethodManagerService.startInputLocked:1128 
V/InputMethodService(  642): onEvaluateInputViewShown: config.hardKeyboardHidden = 2
V/InputMethodService(  642): onEvaluateInputViewShown: config.hardKeyboardHidden = 2
V/InputMethodService(  642): onEvaluateInputViewShown: config.hardKeyboardHidden = 2
V/InputMethodService(  642): onEvaluateInputViewShown: config.hardKeyboardHidden = 2
W/ContextImpl(  478): Calling a method in the system process without a qualified user: android.app.ContextImpl.sendBroadcast:1123 com.android.server.InputMethodManagerService.showCurrentInputLocked:1791 com.android.server.InputMethodManagerService.showSoftInput:1753 com.android.internal.view.IInputMethodManager$Stub.onTransact:175 com.android.server.InputMethodManagerService.onTransact:818 
I/ActivityManager(  478): START u0 {act=android.intent.action.MAIN cat=[android.intent.category.LAUNCHER] flg=0x10200000 cmp=com.comichub/.Splash_Screen} from pid 4913
V/InputMethodService(  642): onEvaluateInputViewShown: config.hardKeyboardHidden = 2
V/InputMethodService(  642): onEvaluateInputViewShown: config.hardKeyboardHidden = 2
W/ContextImpl(  478): Calling a method in the system process without a qualified user: android.app.ContextImpl.sendBroadcast:1123 com.android.server.InputMethodManagerService.showCurrentInputLocked:1791 com.android.server.InputMethodManagerService.showSoftInput:1753 com.android.internal.view.IInputMethodManager$Stub.onTransact:175 com.android.server.InputMethodManagerService.onTransact:818 
I/ActivityManager(  478): START u0 {act=android.intent.action.MAIN cat=[android.intent.category.LAUNCHER] flg=0x10200000 cmp=com.comichub/.Splash_Screen} from pid 4913
W/ContextImpl(  478): Calling a method in the system process without a qualified user: android.app.ContextImpl.sendBroadcast:1123 com.android.server.InputMethodManagerService.showCurrentInputLocked:1791 com.android.server.InputMethodManagerService.attachNewInputLocked:1095 com.android.server.InputMethodManagerService.startInputUncheckedLocked:1166 com.android.server.InputMethodManagerService.startInputLocked:1128 
V/InputMethodService(  642): onEvaluateInputViewShown: config.hardKeyboardHidden = 2
V/InputMethodService(  642): onEvaluateInputViewShown: config.hardKeyboardHidden = 2
W/ContextImpl(  478): Calling a method in the system process without a qualified user: android.app.ContextImpl.sendBroadcast:1123 com.android.server.InputMethodManagerService.showCurrentInputLocked:1791 com.android.server.InputMethodManagerService.attachNewInputLocked:1095 com.android.server.InputMethodManagerService.startInputUncheckedLocked:1166 com.android.server.InputMethodManagerService.startInputLocked:1128 
W/ContextImpl(  478): Calling a method in the system process without a qualified user: android.app.ContextImpl.sendBroadcast:1123 com.android.server.InputMethodManagerService.showCurrentInputLocked:1791 com.android.server.InputMethodManagerService.showSoftInput:1753 com.android.internal.view.IInputMethodManager$Stub.onTransact:175 com.android.server.InputMethodManagerService.onTransact:818 
V/InputMethodService(  642): onEvaluateInputViewShown: config.hardKeyboardHidden = 2
V/InputMethodService(  642): onEvaluateInputViewShown: config.hardKeyboardHidden = 2
V/InputMethodService(  642): onEvaluateInputViewShown: config.hardKeyboardHidden = 2
V/InputMethodService(  642): onEvaluateInputViewShown: config.hardKeyboardHidden = 2
W/ContextImpl(  478): Calling a method in the system process without a qualified user: android.app.ContextImpl.sendBroadcast:1123 com.android.server.InputMethodManagerService.hideCurrentInputLocked:1880 com.android.server.InputMethodManagerService.hideMySoftInput:2299 com.android.internal.view.IInputMethodManager$Stub.onTransact:288 com.android.server.InputMethodManagerService.onTransact:818 
W/EGL_emulation( 4923): eglSurfaceAttrib not implemented 3093 12436
V/InputMethodService(  642): onEvaluateInputViewShown: config.hardKeyboardHidden = 2
V/InputMethodService(  642): onEvaluateInputViewShown: config.hardKeyboardHidden = 2
W/ContextImpl(  478): Calling a method in the system process without a qualified user: android.app.ContextImpl.sendBroadcast:1123 com.android.server.InputMethodManagerService.showCurrentInputLocked:1791 com.android.server.InputMethodManagerService.showSoftInput:1753 com.android.internal.view.IInputMethodManager$Stub.onTransact:175 com.android.server.InputMethodManagerService.onTransact:818 
D/dalvikvm(  478): GC_CONCURRENT freed 2804K, 34% free 15004K/22652K, paused 1ms+3ms, total 31ms
W/ContextImpl(  478): Calling a method in the system process without a qualified user: android.app.ContextImpl.sendBroadcast:1123 com.android.server.InputMethodManagerService.showCurrentInputLocked:1791 com.android.server.InputMethodManagerService.showSoftInput:1753 com.android.internal.view.IInputMethodManager$Stub.onTransact:175 com.android.server.InputMethodManagerService.onTransact:818 
V/InputMethodService(  642): onEvaluateInputViewShown: config.hardKeyboardHidden = 2
V/InputMethodService(  642): onEvaluateInputViewShown: config.hardKeyboardHidden = 2
V/InputMethodService(  642): onEvaluateInputViewShown: config.hardKeyboardHidden = 2
V/InputMethodService(  642): onEvaluateInputViewShown: config.hardKeyboardHidden = 2
W/ContextImpl(  478): Calling a method in the system process without a qualified user: android.app.ContextImpl.sendBroadcast:1123 com.android.server.InputMethodManagerService.showCurrentInputLocked:1791 com.android.server.InputMethodManagerService.attachNewInputLocked:1095 com.android.server.InputMethodManagerService.startInputUncheckedLocked:1166 com.android.server.InputMethodManagerService.startInputLocked:1128 
W/ContextImpl(  478): Calling a method in the system process without a qualified user: android.app.ContextImpl.sendBroadcast:1123 com.android.server.InputMethodManagerService.showCurrentInputLocked:1791 com.android.server.InputMethodManagerService.attachNewInputLocked:1095 com.android.server.InputMethodManagerService.startInputUncheckedLocked:1166 com.android.server.InputMethodManagerService.startInputLocked:1128 
W/ContextImpl(  478): Calling a method in the system process without a qualified user: android.app.ContextImpl.sendBroadcast:1123 com.android.server.InputMethodManagerService.showCurrentInputLocked:1791 com.android.server.InputMethodManagerService.attachNewInputLocked:1095 com.android.server.InputMethodManagerService.startInputUncheckedLocked:1166 com.android.server.InputMethodManagerService.startInputLocked:1128 
W/IInputConnectionWrapper( 4923): getCursorCapsMode on inactive InputConnection
V/InputMethodService(  642): onEvaluateInputViewShown: config.hardKeyboardHidden = 2
V/InputMethodService(  642): onEvaluateInputViewShown: config.hardKeyboardHidden = 2
V/InputMethodService(  642): onEvaluateInputViewShown: config.hardKeyboardHidden = 2
V/InputMethodService(  642): onEvaluateInputViewShown: config.hardKeyboardHidden = 2
W/ContextImpl(  478): Calling a method in the system process without a qualified user: android.app.ContextImpl.sendBroadcast:1123 com.android.server.InputMethodManagerService.showCurrentInputLocked:1791 com.android.server.InputMethodManagerService.attachNewInputLocked:1095 com.android.server.InputMethodManagerService.startInputUncheckedLocked:1166 com.android.server.InputMethodManagerService.startInputLocked:1128 
V/InputMethodService(  642): onEvaluateInputViewShown: config.hardKeyboardHidden = 2
V/InputMethodService(  642): onEvaluateInputViewShown: config.hardKeyboardHidden = 2
V/InputMethodService(  642): onEvaluateInputViewShown: config.hardKeyboardHidden = 2
V/InputMethodService(  642): onEvaluateInputViewShown: config.hardKeyboardHidden = 2
W/ContextImpl(  478): Calling a method in the system process without a qualified user: android.app.ContextImpl.sendBroadcast:1123 com.android.server.InputMethodManagerService.showCurrentInputLocked:1791 com.android.server.InputMethodManagerService.attachNewInputLocked:1095 com.android.server.InputMethodManagerService.startInputUncheckedLocked:1166 com.android.server.InputMethodManagerService.startInputLocked:1128 
W/ContextImpl(  478): Calling a method in the system process without a qualified user: android.app.ContextImpl.sendBroadcast:1123 com.android.server.InputMethodManagerService.showCurrentInputLocked:1791 com.android.server.InputMethodManagerService.attachNewInputLocked:1095 com.android.server.InputMethodManagerService.startInputUncheckedLocked:1166 com.android.server.InputMethodManagerService.startInputLocked:1128 
V/InputMethodService(  642): onEvaluateInputViewShown: config.hardKeyboardHidden = 2
V/InputMethodService(  642): onEvaluateInputViewShown: config.hardKeyboardHidden = 2
V/InputMethodService(  642): onEvaluateInputViewShown: config.hardKeyboardHidden = 2
V/InputMethodService(  642): onEvaluateInputViewShown: config.hardKeyboardHidden = 2
W/ContextImpl(  478): Calling a method in the system process without a qualified user: android.app.ContextImpl.sendBroadcast:1123 com.android.server.InputMethodManagerService.showCurrentInputLocked:1791 com.android.server.InputMethodManagerService.showSoftInput:1753 com.android.internal.view.IInputMethodManager$Stub.onTransact:175 com.android.server.InputMethodManagerService.onTransact:818 
W/EGL_emulation( 4923): eglSurfaceAttrib not implemented 3093 12436
W/ContextImpl(  478): Calling a method in the system process without a qualified user: android.app.ContextImpl.sendBroadcast:1123 com.android.server.InputMethodManagerService.showCurrentInputLocked:1791 com.android.server.InputMethodManagerService.attachNewInputLocked:1095 com.android.server.InputMethodManagerService.startInputUncheckedLocked:1166 com.android.server.InputMethodManagerService.startInputLocked:1128 
V/InputMethodService(  642): onEvaluateInputViewShown: config.hardKeyboardHidden = 2
V/InputMethodService(  642): onEvaluateInputViewShown: config.hardKeyboardHidden = 2
W/ContextImpl(  478): Calling a method in the system process without a qualified user: android.app.ContextImpl.sendBroadcast:1123 com.android.server.InputMethodManagerService.showCurrentInputLocked:1791 com.android.server.InputMethodManagerService.attachNewInputLocked:1095 com.android.server.InputMethodManagerService.startInputUncheckedLocked:1166 com.android.server.InputMethodManagerService.startInputLocked:1128 
V/InputMethodService(  642): onEvaluateInputViewShown: config.hardKeyboardHidden = 2
V/InputMethodService(  642): onEvaluateInputViewShown: config.hardKeyboardHidden = 2
V/InputMethodService(  642): onEvaluateInputViewShown: config.hardKeyboardHidden = 2
V/InputMethodService(  642): onEvaluateInputViewShown: config.hardKeyboardHidden = 2
W/ContextImpl(  478): Calling a method in the system process without a qualified user: android.app.ContextImpl.sendBroadcast:1123 com.android.server.InputMethodManagerService.showCurrentInputLocked:1791 com.android.server.InputMethodManagerService.attachNewInputLocked:1095 com.android.server.InputMethodManagerService.startInputUncheckedLocked:1166 com.android.server.InputMethodManagerService.startInputLocked:1128 
I/ActivityManager(  478): START u0 {act=com.android.systemui.recent.action.TOGGLE_RECENTS flg=0x10800000 cmp=com.android.systemui/.recent.RecentsActivity (has extras)} from pid 530
W/ContextImpl(  478): Calling a method in the system process without a qualified user: android.app.ContextImpl.sendBroadcast:1123 com.android.server.InputMethodManagerService.showCurrentInputLocked:1791 com.android.server.InputMethodManagerService.attachNewInputLocked:1095 com.android.server.InputMethodManagerService.startInputUncheckedLocked:1166 com.android.server.InputMethodManagerService.startInputLocked:1128 
W/EGL_emulation( 4923): eglSurfaceAttrib not implemented 3093 12436
V/InputMethodService(  642): onEvaluateInputViewShown: config.hardKeyboardHidden = 2
V/InputMethodService(  642): onEvaluateInputViewShown: config.hardKeyboardHidden = 2
