I/System.out(14711): body:<com.android.volley.toolbox.e: java.net.HttpURLConnection a(java.net.URL,com.android.volley.Request)>	sig:virtualinvoke $r3.<java.net.HttpURLConnection: void setConnectTimeout(int)>($i0)	timediff:0
I/System.out(14711): body:<com.android.volley.toolbox.e: java.net.HttpURLConnection a(java.net.URL,com.android.volley.Request)>	sig:virtualinvoke $r3.<java.net.HttpURLConnection: void setReadTimeout(int)>($i0)	timediff:0
I/System.out(14711): body:<com.android.volley.toolbox.e: java.net.HttpURLConnection a(java.net.URL,com.android.volley.Request)>	sig:virtualinvoke $r3.<java.net.HttpURLConnection: void setUseCaches(boolean)>(0)	timediff:0
I/System.out(14711): body:<com.android.volley.toolbox.e: java.net.HttpURLConnection a(java.net.URL,com.android.volley.Request)>	sig:virtualinvoke $r3.<java.net.HttpURLConnection: void setDoInput(boolean)>(1)	timediff:0
I/System.out(14711): body:<com.android.volley.toolbox.e: java.net.HttpURLConnection a(java.net.URL,com.android.volley.Request)>	sig:$r5 = virtualinvoke $r1.<java.net.URL: java.lang.String getProtocol()>()	timediff:0
I/System.out(14711): body:<com.android.volley.toolbox.e: org.apache.http.HttpResponse a(com.android.volley.Request,java.util.Map)>	sig:virtualinvoke $r12.<java.net.HttpURLConnection: void addRequestProperty(java.lang.String,java.lang.String)>($r8, $r7)	timediff:0
I/System.out(14711): body:<com.android.volley.toolbox.e: org.apache.http.HttpResponse a(com.android.volley.Request,java.util.Map)>	sig:virtualinvoke $r12.<java.net.HttpURLConnection: void addRequestProperty(java.lang.String,java.lang.String)>($r8, $r7)	timediff:0
I/System.out(14711): body:<com.android.volley.toolbox.e: void a(java.net.HttpURLConnection,com.android.volley.Request)>	sig:virtualinvoke $r0.<java.net.HttpURLConnection: void setRequestMethod(java.lang.String)>("GET")	timediff:0
I/System.out(14711): body:<com.naver.linewebtoon.common.network.j: java.util.Map get(java.net.URI,java.util.Map)>	sig:$r5 = virtualinvoke $r1.<java.net.URI: java.lang.String toString()>()	timediff:0
I/System.out(14711): body:<com.android.volley.toolbox.e: org.apache.http.HttpResponse a(com.android.volley.Request,java.util.Map)>	sig:$i0 = virtualinvoke $r12.<java.net.HttpURLConnection: int getResponseCode()>()	timediff:179
I/System.out(14711): body:<com.android.volley.toolbox.e: org.apache.http.HttpResponse a(com.android.volley.Request,java.util.Map)>	sig:$i0 = virtualinvoke $r12.<java.net.HttpURLConnection: int getResponseCode()>()	timediff:0
I/System.out(14711): body:<com.android.volley.toolbox.e: org.apache.http.HttpResponse a(com.android.volley.Request,java.util.Map)>	sig:$r8 = virtualinvoke $r12.<java.net.HttpURLConnection: java.lang.String getResponseMessage()>()	timediff:0
I/System.out(14711): body:<com.android.volley.toolbox.e: org.apache.http.HttpEntity a(java.net.HttpURLConnection)>	sig:$r1 = virtualinvoke $r0.<java.net.HttpURLConnection: java.io.InputStream getInputStream()>()	timediff:0
I/System.out(14711): body:<empirical.HelperClass: void printURLInfo(java.lang.String,java.lang.String,java.net.URLConnection)>	sig:$r0 = virtualinvoke urlConnection.<java.net.URLConnection: java.net.URL getURL()>()	timediff:0
I/System.out(14711): body:<empirical.HelperClass: void printURLInfo(java.lang.String,java.lang.String,java.net.URLConnection)>	sig:urlString = virtualinvoke $r0.<java.net.URL: java.lang.String toString()>()	timediff:0
I/System.out(14711): body:<empirical.HelperClass: void printURLInfo(java.lang.String,java.lang.String,java.net.URLConnection)>	sig:isDoOutput = virtualinvoke urlConnection.<java.net.URLConnection: boolean getDoOutput()>()	timediff:0
I/System.out(14711): body:<empirical.HelperClass: java.lang.String getHeaderField(java.net.URLConnection,java.lang.String)>	sig:data = virtualinvoke conn.<java.net.URLConnection: java.lang.String getHeaderField(java.lang.String)>(field)	timediff:0
I/System.out(14711): body:<empirical.HelperClass: java.lang.String getHeaderField(java.net.URLConnection,java.lang.String)>	sig:data = virtualinvoke conn.<java.net.URLConnection: java.lang.String getHeaderField(java.lang.String)>(field)	timediff:0
I/System.out(14711): body:<empirical.HelperClass: java.lang.String getHeaderField(java.net.URLConnection,java.lang.String)>	sig:data = virtualinvoke conn.<java.net.URLConnection: java.lang.String getHeaderField(java.lang.String)>(field)	timediff:0
I/System.out(14711): body:<empirical.HelperClass: java.lang.String getHeaderField(java.net.URLConnection,java.lang.String)>	sig:data = virtualinvoke conn.<java.net.URLConnection: java.lang.String getHeaderField(java.lang.String)>(field)	timediff:0
I/System.out(14711): body:<empirical.HelperClass: java.lang.String getHeaderField(java.net.URLConnection,java.lang.String)>	sig:data = virtualinvoke conn.<java.net.URLConnection: java.lang.String getHeaderField(java.lang.String)>(field)	timediff:0
I/System.out(14711): URLConn;%;4;%;<com.android.volley.toolbox.e: org.apache.http.HttpEntity a(java.net.HttpURLConnection)>;%;$r1 = virtualinvoke $r0.<java.net.HttpURLConnection: java.io.InputStream getInputStream()>();%;http://global.apis.naver.com/lineWebtoon/webtoon/genreList.json?locale=en_US&serviceZone=GLOBAL&v=1&platform=APP_ANDROID&language=en&msgpad=1523644859960&md=iwAHTjKcS5T0lNJH6BbURNndQDE%3D;%;false;%;Not found;%;no-cache, no-store, max-age=0, must-revalidate;%;0;%;Not found;%;Not found
I/System.out(14711): body:<com.android.volley.toolbox.e: org.apache.http.HttpEntity a(java.net.HttpURLConnection)>	sig:$i1 = virtualinvoke $r0.<java.net.HttpURLConnection: int getContentLength()>()	timediff:0
I/System.out(14711): body:<com.android.volley.toolbox.e: org.apache.http.HttpEntity a(java.net.HttpURLConnection)>	sig:$r3 = virtualinvoke $r0.<java.net.HttpURLConnection: java.lang.String getContentEncoding()>()	timediff:0
I/System.out(14711): body:<com.android.volley.toolbox.e: org.apache.http.HttpEntity a(java.net.HttpURLConnection)>	sig:$r3 = virtualinvoke $r0.<java.net.HttpURLConnection: java.lang.String getContentType()>()	timediff:0
I/System.out(14711): body:<com.android.volley.toolbox.e: org.apache.http.HttpResponse a(com.android.volley.Request,java.util.Map)>	sig:$r5 = virtualinvoke $r12.<java.net.HttpURLConnection: java.util.Map getHeaderFields()>()	timediff:1
W/DebugConnManager(14711): getNetworkInfo() on networkType 1
I/System.out(14711): body:<com.android.volley.toolbox.e: org.apache.http.HttpResponse a(com.android.volley.Request,java.util.Map)>	sig:$i0 = virtualinvoke $r12.<java.net.HttpURLConnection: int getResponseCode()>()	timediff:162
I/System.out(14711): body:<com.android.volley.toolbox.e: org.apache.http.HttpResponse a(com.android.volley.Request,java.util.Map)>	sig:$i0 = virtualinvoke $r12.<java.net.HttpURLConnection: int getResponseCode()>()	timediff:0
I/System.out(14711): body:<com.android.volley.toolbox.e: org.apache.http.HttpResponse a(com.android.volley.Request,java.util.Map)>	sig:$r8 = virtualinvoke $r12.<java.net.HttpURLConnection: java.lang.String getResponseMessage()>()	timediff:0
I/System.out(14711): body:<com.android.volley.toolbox.e: org.apache.http.HttpEntity a(java.net.HttpURLConnection)>	sig:$r1 = virtualinvoke $r0.<java.net.HttpURLConnection: java.io.InputStream getInputStream()>()	timediff:0
I/System.out(14711): body:<empirical.HelperClass: void printURLInfo(java.lang.String,java.lang.String,java.net.URLConnection)>	sig:$r0 = virtualinvoke urlConnection.<java.net.URLConnection: java.net.URL getURL()>()	timediff:0
I/System.out(14711): body:<empirical.HelperClass: void printURLInfo(java.lang.String,java.lang.String,java.net.URLConnection)>	sig:urlString = virtualinvoke $r0.<java.net.URL: java.lang.String toString()>()	timediff:0
I/System.out(14711): body:<empirical.HelperClass: void printURLInfo(java.lang.String,java.lang.String,java.net.URLConnection)>	sig:isDoOutput = virtualinvoke urlConnection.<java.net.URLConnection: boolean getDoOutput()>()	timediff:0
I/System.out(14711): body:<empirical.HelperClass: java.lang.String getHeaderField(java.net.URLConnection,java.lang.String)>	sig:data = virtualinvoke conn.<java.net.URLConnection: java.lang.String getHeaderField(java.lang.String)>(field)	timediff:0
I/System.out(14711): body:<empirical.HelperClass: java.lang.String getHeaderField(java.net.URLConnection,java.lang.String)>	sig:data = virtualinvoke conn.<java.net.URLConnection: java.lang.String getHeaderField(java.lang.String)>(field)	timediff:0
I/System.out(14711): body:<empirical.HelperClass: java.lang.String getHeaderField(java.net.URLConnection,java.lang.String)>	sig:data = virtualinvoke conn.<java.net.URLConnection: java.lang.String getHeaderField(java.lang.String)>(field)	timediff:0
I/System.out(14711): body:<empirical.HelperClass: java.lang.String getHeaderField(java.net.URLConnection,java.lang.String)>	sig:data = virtualinvoke conn.<java.net.URLConnection: java.lang.String getHeaderField(java.lang.String)>(field)	timediff:0
I/System.out(14711): body:<empirical.HelperClass: java.lang.String getHeaderField(java.net.URLConnection,java.lang.String)>	sig:data = virtualinvoke conn.<java.net.URLConnection: java.lang.String getHeaderField(java.lang.String)>(field)	timediff:0
I/System.out(14711): URLConn;%;5;%;<com.android.volley.toolbox.e: org.apache.http.HttpEntity a(java.net.HttpURLConnection)>;%;$r1 = virtualinvoke $r0.<java.net.HttpURLConnection: java.io.InputStream getInputStream()>();%;http://global.apis.naver.com/lineWebtoon/webtoon/topRanking.json?serviceZone=GLOBAL&v=2&platform=APP_ANDROID&language=en&msgpad=1523644860039&md=sJS9fAbeWkBOjJ55kQHspbOHlUE%3D;%;false;%;Not found;%;no-cache, no-store, max-age=0, must-revalidate;%;0;%;Not found;%;Not found
I/System.out(14711): body:<com.android.volley.toolbox.e: org.apache.http.HttpEntity a(java.net.HttpURLConnection)>	sig:$i1 = virtualinvoke $r0.<java.net.HttpURLConnection: int getContentLength()>()	timediff:0
I/System.out(14711): body:<com.android.volley.toolbox.e: org.apache.http.HttpEntity a(java.net.HttpURLConnection)>	sig:$r3 = virtualinvoke $r0.<java.net.HttpURLConnection: java.lang.String getContentEncoding()>()	timediff:0
I/System.out(14711): body:<com.android.volley.toolbox.e: org.apache.http.HttpEntity a(java.net.HttpURLConnection)>	sig:$r3 = virtualinvoke $r0.<java.net.HttpURLConnection: java.lang.String getContentType()>()	timediff:0
I/System.out(14711): body:<com.android.volley.toolbox.e: org.apache.http.HttpResponse a(com.android.volley.Request,java.util.Map)>	sig:$r5 = virtualinvoke $r12.<java.net.HttpURLConnection: java.util.Map getHeaderFields()>()	timediff:0
D/dalvikvm(14711): GC_CONCURRENT freed 1259K, 16% free 7463K/8788K, paused 2ms+0ms, total 19ms
I/System.out(14711): body:<com.android.volley.toolbox.e: org.apache.http.HttpResponse a(com.android.volley.Request,java.util.Map)>	sig:$i0 = virtualinvoke $r12.<java.net.HttpURLConnection: int getResponseCode()>()	timediff:488
I/System.out(14711): body:<com.android.volley.toolbox.e: org.apache.http.HttpResponse a(com.android.volley.Request,java.util.Map)>	sig:$i0 = virtualinvoke $r12.<java.net.HttpURLConnection: int getResponseCode()>()	timediff:0
I/System.out(14711): body:<com.android.volley.toolbox.e: org.apache.http.HttpResponse a(com.android.volley.Request,java.util.Map)>	sig:$r8 = virtualinvoke $r12.<java.net.HttpURLConnection: java.lang.String getResponseMessage()>()	timediff:0
I/System.out(14711): body:<com.android.volley.toolbox.e: org.apache.http.HttpEntity a(java.net.HttpURLConnection)>	sig:$r1 = virtualinvoke $r0.<java.net.HttpURLConnection: java.io.InputStream getInputStream()>()	timediff:0
I/System.out(14711): body:<empirical.HelperClass: void printURLInfo(java.lang.String,java.lang.String,java.net.URLConnection)>	sig:$r0 = virtualinvoke urlConnection.<java.net.URLConnection: java.net.URL getURL()>()	timediff:0
I/System.out(14711): body:<empirical.HelperClass: void printURLInfo(java.lang.String,java.lang.String,java.net.URLConnection)>	sig:urlString = virtualinvoke $r0.<java.net.URL: java.lang.String toString()>()	timediff:0
I/System.out(14711): body:<empirical.HelperClass: void printURLInfo(java.lang.String,java.lang.String,java.net.URLConnection)>	sig:isDoOutput = virtualinvoke urlConnection.<java.net.URLConnection: boolean getDoOutput()>()	timediff:0
I/System.out(14711): body:<empirical.HelperClass: java.lang.String getHeaderField(java.net.URLConnection,java.lang.String)>	sig:data = virtualinvoke conn.<java.net.URLConnection: java.lang.String getHeaderField(java.lang.String)>(field)	timediff:0
I/System.out(14711): body:<empirical.HelperClass: java.lang.String getHeaderField(java.net.URLConnection,java.lang.String)>	sig:data = virtualinvoke conn.<java.net.URLConnection: java.lang.String getHeaderField(java.lang.String)>(field)	timediff:0
I/System.out(14711): body:<empirical.HelperClass: java.lang.String getHeaderField(java.net.URLConnection,java.lang.String)>	sig:data = virtualinvoke conn.<java.net.URLConnection: java.lang.String getHeaderField(java.lang.String)>(field)	timediff:0
I/System.out(14711): body:<empirical.HelperClass: java.lang.String getHeaderField(java.net.URLConnection,java.lang.String)>	sig:data = virtualinvoke conn.<java.net.URLConnection: java.lang.String getHeaderField(java.lang.String)>(field)	timediff:0
I/System.out(14711): body:<empirical.HelperClass: java.lang.String getHeaderField(java.net.URLConnection,java.lang.String)>	sig:data = virtualinvoke conn.<java.net.URLConnection: java.lang.String getHeaderField(java.lang.String)>(field)	timediff:0
I/System.out(14711): URLConn;%;6;%;<com.android.volley.toolbox.e: org.apache.http.HttpEntity a(java.net.HttpURLConnection)>;%;$r1 = virtualinvoke $r0.<java.net.HttpURLConnection: java.io.InputStream getInputStream()>();%;http://global.apis.naver.com/lineWebtoon/webtoon/titleList.json?serviceZone=GLOBAL&v=2&platform=APP_ANDROID&language=en&msgpad=1523644859754&md=DcLUgr8217YuODx%2BInAwqYGNsVI%3D;%;false;%;Not found;%;no-cache, no-store, max-age=0, must-revalidate;%;0;%;Not found;%;Not found
I/System.out(14711): body:<com.android.volley.toolbox.e: org.apache.http.HttpEntity a(java.net.HttpURLConnection)>	sig:$i1 = virtualinvoke $r0.<java.net.HttpURLConnection: int getContentLength()>()	timediff:0
I/System.out(14711): body:<com.android.volley.toolbox.e: org.apache.http.HttpEntity a(java.net.HttpURLConnection)>	sig:$r3 = virtualinvoke $r0.<java.net.HttpURLConnection: java.lang.String getContentEncoding()>()	timediff:0
I/System.out(14711): body:<com.android.volley.toolbox.e: org.apache.http.HttpEntity a(java.net.HttpURLConnection)>	sig:$r3 = virtualinvoke $r0.<java.net.HttpURLConnection: java.lang.String getContentType()>()	timediff:0
I/System.out(14711): body:<com.android.volley.toolbox.e: org.apache.http.HttpResponse a(com.android.volley.Request,java.util.Map)>	sig:$r5 = virtualinvoke $r12.<java.net.HttpURLConnection: java.util.Map getHeaderFields()>()	timediff:0
D/dalvikvm(14711): GC_FOR_ALLOC freed 625K, 15% free 7642K/8904K, paused 15ms, total 15ms
D/dalvikvm(14711): GC_FOR_ALLOC freed 115K, 16% free 7755K/9132K, paused 10ms, total 12ms
I/dalvikvm-heap(14711): Grow heap (frag case) to 8.077MB for 466664-byte allocation
D/dalvikvm(14711): GC_FOR_ALLOC freed 0K, 15% free 8210K/9588K, paused 10ms, total 10ms
D/dalvikvm(14711): GC_CONCURRENT freed 1896K, 20% free 8047K/10008K, paused 2ms+2ms, total 26ms
D/dalvikvm(14711): GC_CONCURRENT freed 1385K, 17% free 8392K/10008K, paused 2ms+10ms, total 27ms
W/InstanceID/Rpc(14711): Found 10007
W/ActivityManager(  479): Launch timeout has expired, giving up wake lock!
W/EGL_emulation(  533): eglSurfaceAttrib not implemented 3093 12436
D/PhoneStatusBar(  533): mSettingsPanelGravity = 55
I/InputReader(  479): Reconfiguring input devices.  changes=0x00000004
I/InputReader(  479): Device reconfigured: id=1, name='seamless mouse', size 1280x720, orientation 3, mode 1, display id 0
I/InputReader(  479): Device reconfigured: id=3, name='Android Input', size 1280x720, orientation 3, mode 1, display id 0
I/InputReader(  479): Reconfiguring input devices.  changes=0x00000004
I/InputReader(  479): Device reconfigured: id=8, name='VirtualBox USB Tablet', size 1280x720, orientation 3, mode 1, display id 0
W/WindowManager(  479): Window freeze timeout expired.
W/WindowManager(  479): Force clearing orientation change: Window{4a939360 u0 StatusBar}
W/WindowManager(  479): Force clearing orientation change: Window{4aefaefc u0 Starting com.naver.linewebtoon}
W/WindowManager(  479): Force clearing orientation change: Window{4aefbe9c u0 com.naver.linewebtoon/com.naver.linewebtoon.splash.SplashActivity}
W/WindowManager(  479): Force clearing orientation change: Window{4a991d1c u0 com.android.systemui.ImageWallpaper}
W/WindowManager(  479): App freeze timeout expired.
W/WindowManager(  479): Force clearing freeze: AppWindowToken{4aecb390 token=Token{4b147a64 ActivityRecord{4af522b0 u0 com.naver.linewebtoon/.splash.SplashActivity t81}}}
E/WindowManager(  479): Starting window AppWindowToken{4aecb390 token=Token{4b147a64 ActivityRecord{4af522b0 u0 com.naver.linewebtoon/.splash.SplashActivity t81}}} timed out
D/dalvikvm(  533): GC_FOR_ALLOC freed 477K, 28% free 15013K/20608K, paused 4ms, total 12ms
I/dalvikvm-heap(  533): Grow heap (frag case) to 20.972MB for 6553612-byte allocation
I/WindowManager(  479): Screen frozen for +10s188ms due to Window{4aefaefc u0 Starting com.naver.linewebtoon}
D/dalvikvm(  533): GC_FOR_ALLOC freed 3K, 21% free 21409K/27012K, paused 12ms, total 12ms
D/dalvikvm(  533): GC_CONCURRENT freed <1K, 21% free 21409K/27012K, paused 1ms+0ms, total 5ms
D/libEGL  (14711): loaded /system/lib/egl/libEGL_adreno.so
W/BroadcastQueue(  479): Timeout of broadcast BroadcastRecord{4aa7f064 u-1 android.intent.action.TIME_TICK} - receiver=android.os.BinderProxy@4a92d864, started 10002ms ago
W/BroadcastQueue(  479): Receiver during timeout: BroadcastFilter{4a92dbc8 u0 ReceiverList{4a92db98 533 com.android.systemui/10010/u0 remote:4a92d864}}
I/ActivityManager(  479): Skipping duplicate ANR: ProcessRecord{4a957acc 533:com.android.systemui/u0a10} Broadcast of Intent { act=android.intent.action.TIME_TICK flg=0x50000014 (has extras) }
D/        (14711): HostConnection::get() New Host Connection established 0xb8c16a30, tid 14711
D/libEGL  (14711): loaded /system/lib/egl/libGLESv1_CM_adreno.so
D/libEGL  (14711): loaded /system/lib/egl/libGLESv2_adreno.so
W/BroadcastQueue(  479): Timeout of broadcast BroadcastRecord{4aa7f064 u-1 android.intent.action.TIME_TICK} - receiver=android.os.BinderProxy@4a964760, started 10011ms ago
W/BroadcastQueue(  479): Receiver during timeout: BroadcastFilter{4a96494c u0 ReceiverList{4a96491c 533 com.android.systemui/10010/u0 remote:4a964760}}
I/ActivityManager(  479): Skipping duplicate ANR: ProcessRecord{4a957acc 533:com.android.systemui/u0a10} Broadcast of Intent { act=android.intent.action.TIME_TICK flg=0x50000014 (has extras) }
W/InputManager(  479): Input event injection from pid 14701 timed out.
I/InputDispatcher(  479): Dropped event because it is stale.
I/InputDispatcher(  479): Dropped event because it is stale.
I/InputDispatcher(  479): Dropped event because it is stale.
I/InputDispatcher(  479): Dropped event because it is stale.
W/EGL_emulation(14711): eglSurfaceAttrib not implemented 3093 12436
D/OpenGLRenderer(14711): Enabling debug mode 0
W/ViewRootImpl(14711): Dropping event due to no window focus: MotionEvent { action=ACTION_MOVE, id[0]=0, x[0]=4.0, y[0]=-1.0, toolType[0]=TOOL_TYPE_UNKNOWN, buttonState=0, metaState=0, flags=0x0, edgeFlags=0x0, pointerCount=1, historySize=8, eventTime=1389131, downTime=-1, deviceId=0, source=0x10004 }
W/ViewRootImpl(14711): Dropping event due to no window focus: MotionEvent { action=ACTION_DOWN, id[0]=0, x[0]=0.0, y[0]=0.0, toolType[0]=TOOL_TYPE_UNKNOWN, buttonState=0, metaState=0, flags=0x0, edgeFlags=0x0, pointerCount=1, historySize=0, eventTime=1389131, downTime=1358846, deviceId=0, source=0x10004 }
W/ViewRootImpl(14711): Dropping event due to no window focus: KeyEvent { action=ACTION_DOWN, keyCode=KEYCODE_DPAD_LEFT, scanCode=0, metaState=0, flags=0x8, repeatCount=0, eventTime=1389131, downTime=1389131, deviceId=-1, source=0x101 }
D/Volley  (14711): [1] Request.b: 23962 ms: [ ] http://cc.naver.com/cc?a=plg.splash&r=&i=&g=en_US%2Fen&nsc=androidapp.webtoons&m=0&u=about:blank 0x99e5c395 LOW 1
I/System.out(14711): body:<com.android.volley.toolbox.e: org.apache.http.HttpResponse a(com.android.volley.Request,java.util.Map)>	sig:specialinvoke $r11.<java.net.URL: void <init>(java.lang.String)>($r8)	timediff:0
D/Volley  (14711): [1] Request.b: 23928 ms: [ ] http://global.apis.naver.com/lineWebtoon/webtoon/countryInfo.json?serviceZone=GLOBAL&v=1&platform=APP_ANDROID&language=en&msgpad=1523644883683&md=Y0aCdhhmAO1LznIuU4Tj6yx9aSM%3D 0x1a950739 NORMAL 3
I/System.out(14711): <com.android.volley.toolbox.e: org.apache.http.HttpResponse a(com.android.volley.Request,java.util.Map)>###specialinvoke $r11.<java.net.URL: void <init>(java.lang.String)>($r8)###http://gak.webtoons.com/v1/api/webtoon/countryInfo.json?serviceZone=GLOBAL&v=1&platform=APP_ANDROID&language=en&msgpad=1523644883681&md=uFiK5u4aI1OKoP1Gpi8A8mJwJek%3D
I/System.out(14711): body:<com.android.volley.toolbox.e: java.net.HttpURLConnection a(java.net.URL,com.android.volley.Request)>	sig:virtualinvoke $r3.<java.net.HttpURLConnection: void setConnectTimeout(int)>($i0)	timediff:0
I/System.out(14711): body:<com.android.volley.toolbox.e: java.net.HttpURLConnection a(java.net.URL,com.android.volley.Request)>	sig:virtualinvoke $r3.<java.net.HttpURLConnection: void setReadTimeout(int)>($i0)	timediff:0
I/System.out(14711): body:<com.android.volley.toolbox.e: java.net.HttpURLConnection a(java.net.URL,com.android.volley.Request)>	sig:virtualinvoke $r3.<java.net.HttpURLConnection: void setUseCaches(boolean)>(0)	timediff:0
I/System.out(14711): body:<com.android.volley.toolbox.e: java.net.HttpURLConnection a(java.net.URL,com.android.volley.Request)>	sig:virtualinvoke $r3.<java.net.HttpURLConnection: void setDoInput(boolean)>(1)	timediff:0
I/System.out(14711): body:<com.android.volley.toolbox.e: java.net.HttpURLConnection a(java.net.URL,com.android.volley.Request)>	sig:$r5 = virtualinvoke $r1.<java.net.URL: java.lang.String getProtocol()>()	timediff:0
I/System.out(14711): body:<com.android.volley.toolbox.e: org.apache.http.HttpResponse a(com.android.volley.Request,java.util.Map)>	sig:virtualinvoke $r12.<java.net.HttpURLConnection: void addRequestProperty(java.lang.String,java.lang.String)>($r8, $r7)	timediff:0
I/System.out(14711): body:<com.android.volley.toolbox.e: org.apache.http.HttpResponse a(com.android.volley.Request,java.util.Map)>	sig:virtualinvoke $r12.<java.net.HttpURLConnection: void addRequestProperty(java.lang.String,java.lang.String)>($r8, $r7)	timediff:0
I/System.out(14711): body:<com.android.volley.toolbox.e: void a(java.net.HttpURLConnection,com.android.volley.Request)>	sig:virtualinvoke $r0.<java.net.HttpURLConnection: void setRequestMethod(java.lang.String)>("GET")	timediff:0
I/System.out(14711): body:<com.naver.linewebtoon.common.network.j: java.util.Map get(java.net.URI,java.util.Map)>	sig:$r5 = virtualinvoke $r1.<java.net.URI: java.lang.String toString()>()	timediff:0
D/Volley  (14711): [1] Request.b: 23947 ms: [ ] http://global.apis.naver.com/lineWebtoon/webtoon/promotionInfo.json?serviceZone=GLOBAL&v=2&platform=APP_ANDROID&language=en&msgpad=1523644883686&md=95AEwAYpfAc2iNu%2FqFl%2Fi5L%2B0tQ%3D 0x1a950739 NORMAL 2
D/Volley  (14711): [1] Request.b: 23923 ms: [ ] http://global.apis.naver.com/lineWebtoon/webtoon/genreList.json?locale=en_US&serviceZone=GLOBAL&v=1&platform=APP_ANDROID&language=en&msgpad=1523644883687&md=EwnuexE3CA7SgGhuWQMMv7dYQDI%3D 0x1a950739 NORMAL 5
D/Volley  (14711): [1] Request.b: 23923 ms: [ ] http://global.apis.naver.com/lineWebtoon/webtoon/topRanking.json?serviceZone=GLOBAL&v=2&platform=APP_ANDROID&language=en&msgpad=1523644883687&md=liXuVGf%2BZ9eUiibiIaGd3rMCY2w%3D 0x1a950739 NORMAL 6
D/Volley  (14711): [1] Request.b: 23947 ms: [ ] http://global.apis.naver.com/lineWebtoon/webtoon/titleList.json?serviceZone=GLOBAL&v=2&platform=APP_ANDROID&language=en&msgpad=1523644883701&md=CFf7bpbCP%2FS%2BsHK%2FX1CiGIPSuDg%3D 0x1a950739 NORMAL 4
D/dalvikvm(14711): DexOpt: couldn't find field Landroid/os/Message;.sendingUid
W/dalvikvm(14711): VFY: unable to resolve instance field 244
D/dalvikvm(14711): VFY: replacing opcode 0x52 at 0x0000
I/Choreographer(  533): Skipped 1218 frames!  The application may be doing too much work on its main thread.
I/System.out(14711): body:<com.android.volley.toolbox.e: org.apache.http.HttpResponse a(com.android.volley.Request,java.util.Map)>	sig:specialinvoke $r11.<java.net.URL: void <init>(java.lang.String)>($r8)	timediff:0
I/System.out(14711): <com.android.volley.toolbox.e: org.apache.http.HttpResponse a(com.android.volley.Request,java.util.Map)>###specialinvoke $r11.<java.net.URL: void <init>(java.lang.String)>($r8)###http://gak.webtoons.com/v1/api/webtoon/promotionInfo.json?serviceZone=GLOBAL&v=2&platform=APP_ANDROID&language=en&msgpad=1523644883686&md=95AEwAYpfAc2iNu%2FqFl%2Fi5L%2B0tQ%3D
I/System.out(14711): body:<com.android.volley.toolbox.e: java.net.HttpURLConnection a(java.net.URL,com.android.volley.Request)>	sig:virtualinvoke $r3.<java.net.HttpURLConnection: void setConnectTimeout(int)>($i0)	timediff:0
I/System.out(14711): body:<com.android.volley.toolbox.e: java.net.HttpURLConnection a(java.net.URL,com.android.volley.Request)>	sig:virtualinvoke $r3.<java.net.HttpURLConnection: void setReadTimeout(int)>($i0)	timediff:0
I/System.out(14711): body:<com.android.volley.toolbox.e: java.net.HttpURLConnection a(java.net.URL,com.android.volley.Request)>	sig:virtualinvoke $r3.<java.net.HttpURLConnection: void setUseCaches(boolean)>(0)	timediff:0
I/System.out(14711): body:<com.android.volley.toolbox.e: java.net.HttpURLConnection a(java.net.URL,com.android.volley.Request)>	sig:virtualinvoke $r3.<java.net.HttpURLConnection: void setDoInput(boolean)>(1)	timediff:0
I/System.out(14711): body:<com.android.volley.toolbox.e: java.net.HttpURLConnection a(java.net.URL,com.android.volley.Request)>	sig:$r5 = virtualinvoke $r1.<java.net.URL: java.lang.String getProtocol()>()	timediff:0
I/System.out(14711): body:<com.android.volley.toolbox.e: org.apache.http.HttpResponse a(com.android.volley.Request,java.util.Map)>	sig:virtualinvoke $r12.<java.net.HttpURLConnection: void addRequestProperty(java.lang.String,java.lang.String)>($r8, $r7)	timediff:0
I/System.out(14711): body:<com.android.volley.toolbox.e: org.apache.http.HttpResponse a(com.android.volley.Request,java.util.Map)>	sig:virtualinvoke $r12.<java.net.HttpURLConnection: void addRequestProperty(java.lang.String,java.lang.String)>($r8, $r7)	timediff:0
I/System.out(14711): body:<com.android.volley.toolbox.e: void a(java.net.HttpURLConnection,com.android.volley.Request)>	sig:virtualinvoke $r0.<java.net.HttpURLConnection: void setRequestMethod(java.lang.String)>("GET")	timediff:0
I/System.out(14711): body:<com.naver.linewebtoon.common.network.j: java.util.Map get(java.net.URI,java.util.Map)>	sig:$r5 = virtualinvoke $r1.<java.net.URI: java.lang.String toString()>()	timediff:0
I/System.out(14711): body:<com.android.volley.toolbox.e: org.apache.http.HttpResponse a(com.android.volley.Request,java.util.Map)>	sig:specialinvoke $r11.<java.net.URL: void <init>(java.lang.String)>($r8)	timediff:0
I/System.out(14711): <com.android.volley.toolbox.e: org.apache.http.HttpResponse a(com.android.volley.Request,java.util.Map)>###specialinvoke $r11.<java.net.URL: void <init>(java.lang.String)>($r8)###http://gak.webtoons.com/v1/api/webtoon/genreList.json?locale=en_US&serviceZone=GLOBAL&v=1&platform=APP_ANDROID&language=en&msgpad=1523644883687&md=EwnuexE3CA7SgGhuWQMMv7dYQDI%3D
I/System.out(14711): body:<com.android.volley.toolbox.e: java.net.HttpURLConnection a(java.net.URL,com.android.volley.Request)>	sig:virtualinvoke $r3.<java.net.HttpURLConnection: void setConnectTimeout(int)>($i0)	timediff:0
I/System.out(14711): body:<com.android.volley.toolbox.e: java.net.HttpURLConnection a(java.net.URL,com.android.volley.Request)>	sig:virtualinvoke $r3.<java.net.HttpURLConnection: void setReadTimeout(int)>($i0)	timediff:0
I/System.out(14711): body:<com.android.volley.toolbox.e: java.net.HttpURLConnection a(java.net.URL,com.android.volley.Request)>	sig:virtualinvoke $r3.<java.net.HttpURLConnection: void setUseCaches(boolean)>(0)	timediff:0
I/System.out(14711): body:<com.android.volley.toolbox.e: java.net.HttpURLConnection a(java.net.URL,com.android.volley.Request)>	sig:virtualinvoke $r3.<java.net.HttpURLConnection: void setDoInput(boolean)>(1)	timediff:0
I/System.out(14711): body:<com.android.volley.toolbox.e: java.net.HttpURLConnection a(java.net.URL,com.android.volley.Request)>	sig:$r5 = virtualinvoke $r1.<java.net.URL: java.lang.String getProtocol()>()	timediff:0
I/System.out(14711): body:<com.android.volley.toolbox.e: org.apache.http.HttpResponse a(com.android.volley.Request,java.util.Map)>	sig:virtualinvoke $r12.<java.net.HttpURLConnection: void addRequestProperty(java.lang.String,java.lang.String)>($r8, $r7)	timediff:0
I/System.out(14711): body:<com.android.volley.toolbox.e: org.apache.http.HttpResponse a(com.android.volley.Request,java.util.Map)>	sig:virtualinvoke $r12.<java.net.HttpURLConnection: void addRequestProperty(java.lang.String,java.lang.String)>($r8, $r7)	timediff:0
I/System.out(14711): body:<com.android.volley.toolbox.e: void a(java.net.HttpURLConnection,com.android.volley.Request)>	sig:virtualinvoke $r0.<java.net.HttpURLConnection: void setRequestMethod(java.lang.String)>("GET")	timediff:0
I/System.out(14711): body:<com.naver.linewebtoon.common.network.j: java.util.Map get(java.net.URI,java.util.Map)>	sig:$r5 = virtualinvoke $r1.<java.net.URI: java.lang.String toString()>()	timediff:0
I/System.out(14711): body:<com.android.volley.toolbox.e: org.apache.http.HttpResponse a(com.android.volley.Request,java.util.Map)>	sig:specialinvoke $r11.<java.net.URL: void <init>(java.lang.String)>($r8)	timediff:0
I/System.out(14711): <com.android.volley.toolbox.e: org.apache.http.HttpResponse a(com.android.volley.Request,java.util.Map)>###specialinvoke $r11.<java.net.URL: void <init>(java.lang.String)>($r8)###http://gak.webtoons.com/v1/api/webtoon/topRanking.json?serviceZone=GLOBAL&v=2&platform=APP_ANDROID&language=en&msgpad=1523644883687&md=liXuVGf%2BZ9eUiibiIaGd3rMCY2w%3D
I/System.out(14711): body:<com.android.volley.toolbox.e: java.net.HttpURLConnection a(java.net.URL,com.android.volley.Request)>	sig:virtualinvoke $r3.<java.net.HttpURLConnection: void setConnectTimeout(int)>($i0)	timediff:0
I/System.out(14711): body:<com.android.volley.toolbox.e: java.net.HttpURLConnection a(java.net.URL,com.android.volley.Request)>	sig:virtualinvoke $r3.<java.net.HttpURLConnection: void setReadTimeout(int)>($i0)	timediff:0
I/System.out(14711): body:<com.android.volley.toolbox.e: java.net.HttpURLConnection a(java.net.URL,com.android.volley.Request)>	sig:virtualinvoke $r3.<java.net.HttpURLConnection: void setUseCaches(boolean)>(0)	timediff:0
I/System.out(14711): body:<com.android.volley.toolbox.e: java.net.HttpURLConnection a(java.net.URL,com.android.volley.Request)>	sig:virtualinvoke $r3.<java.net.HttpURLConnection: void setDoInput(boolean)>(1)	timediff:0
I/System.out(14711): body:<com.android.volley.toolbox.e: java.net.HttpURLConnection a(java.net.URL,com.android.volley.Request)>	sig:$r5 = virtualinvoke $r1.<java.net.URL: java.lang.String getProtocol()>()	timediff:0
I/System.out(14711): body:<com.android.volley.toolbox.e: org.apache.http.HttpResponse a(com.android.volley.Request,java.util.Map)>	sig:virtualinvoke $r12.<java.net.HttpURLConnection: void addRequestProperty(java.lang.String,java.lang.String)>($r8, $r7)	timediff:0
I/System.out(14711): body:<com.android.volley.toolbox.e: org.apache.http.HttpResponse a(com.android.volley.Request,java.util.Map)>	sig:virtualinvoke $r12.<java.net.HttpURLConnection: void addRequestProperty(java.lang.String,java.lang.String)>($r8, $r7)	timediff:0
I/System.out(14711): body:<com.android.volley.toolbox.e: void a(java.net.HttpURLConnection,com.android.volley.Request)>	sig:virtualinvoke $r0.<java.net.HttpURLConnection: void setRequestMethod(java.lang.String)>("GET")	timediff:0
I/System.out(14711): body:<com.naver.linewebtoon.common.network.j: java.util.Map get(java.net.URI,java.util.Map)>	sig:$r5 = virtualinvoke $r1.<java.net.URI: java.lang.String toString()>()	timediff:0
D/dalvikvm(14711): GC_CONCURRENT freed 1492K, 16% free 8754K/10308K, paused 1ms+1ms, total 27ms
I/qtaguid (14711): Tagging socket 77 with tag d2962b5500000000(-761910443) for uid -1 failed errno=-13
I/qtaguid (14711): Tagging socket 78 with tag d2962b5500000000(-761910443) for uid -1 failed errno=-13
I/NetworkManagementSocketTagger(14711): tagSocketFd(78, -761910443, -1) failed with errno-13
I/qtaguid (14711): Tagging socket 79 with tag d2962b5500000000(-761910443) for uid -1 failed errno=-13
I/NetworkManagementSocketTagger(14711): tagSocketFd(79, -761910443, -1) failed with errno-13
D/dalvikvm(14711): WAIT_FOR_CONCURRENT_GC blocked 16ms
I/qtaguid (14711): Tagging socket 81 with tag d2962b5500000000(-761910443) for uid -1 failed errno=-13
I/NetworkManagementSocketTagger(14711): tagSocketFd(81, -761910443, -1) failed with errno-13
I/NetworkManagementSocketTagger(14711): tagSocketFd(77, -761910443, -1) failed with errno-13
D/dalvikvm(14711): WAIT_FOR_CONCURRENT_GC blocked 38ms
W/ContextImpl(  479): Calling a method in the system process without a qualified user: android.app.ContextImpl.sendBroadcast:1123 com.android.server.InputMethodManagerService.hideCurrentInputLocked:1880 com.android.server.InputMethodManagerService.windowGainedFocus:1968 com.android.internal.view.IInputMethodManager$Stub.onTransact:221 com.android.server.InputMethodManagerService.onTransact:818 
I/ActivityManager(  479): START u0 {cmp=com.naver.linewebtoon/.splash.tutorial.TutorialActivity} from pid 14711
I/qtaguid (  654): Tagging socket 110 with tag 3000040700000000(805307399) for uid -1 failed errno=-13
I/NetworkManagementSocketTagger(  654): tagSocketFd(110, 805307399, -1) failed with errno-13
D/GraphRequest(14711): Warning: Request without access token missing application ID or client token.
I/System.out(14711): body:<com.facebook.GraphRequest: java.net.HttpURLConnection toHttpConnection(com.facebook.GraphRequestBatch)>	sig:specialinvoke $r2.<java.net.URL: void <init>(java.lang.String)>($r3)	timediff:0
I/System.out(14711): <com.facebook.GraphRequest: java.net.HttpURLConnection toHttpConnection(com.facebook.GraphRequestBatch)>###specialinvoke $r2.<java.net.URL: void <init>(java.lang.String)>($r3)###https://graph.facebook.com/v2.4/630498417018811/activities?format=json&sdk=android
I/System.out(14711): body:<com.facebook.GraphRequest: java.net.HttpURLConnection createConnection(java.net.URL)>	sig:$r1 = virtualinvoke $r0.<java.net.URL: java.net.URLConnection openConnection()>()	timediff:0
I/System.out(14711): body:<com.facebook.GraphRequest: java.net.HttpURLConnection createConnection(java.net.URL)>	sig:virtualinvoke $r2.<java.net.HttpURLConnection: void setRequestProperty(java.lang.String,java.lang.String)>("User-Agent", $r3)	timediff:0
I/System.out(14711): body:<com.facebook.GraphRequest: java.net.HttpURLConnection createConnection(java.net.URL)>	sig:virtualinvoke $r2.<java.net.HttpURLConnection: void setRequestProperty(java.lang.String,java.lang.String)>("Accept-Language", $r3)	timediff:0
I/System.out(14711): body:<com.facebook.GraphRequest: java.net.HttpURLConnection createConnection(java.net.URL)>	sig:virtualinvoke $r2.<java.net.HttpURLConnection: void setChunkedStreamingMode(int)>(0)	timediff:0
I/System.out(14711): body:<com.facebook.GraphRequest: void serializeToUrlConnection(com.facebook.GraphRequestBatch,java.net.HttpURLConnection)>	sig:virtualinvoke $r1.<java.net.HttpURLConnection: void setRequestMethod(java.lang.String)>($r6)	timediff:0
I/System.out(14711): body:<com.facebook.GraphRequest: void setConnectionContentType(java.net.HttpURLConnection,boolean)>	sig:virtualinvoke $r0.<java.net.HttpURLConnection: void setRequestProperty(java.lang.String,java.lang.String)>("Content-Type", "application/x-www-form-urlencoded")	timediff:0
I/System.out(14711): body:<com.facebook.GraphRequest: void setConnectionContentType(java.net.HttpURLConnection,boolean)>	sig:virtualinvoke $r0.<java.net.HttpURLConnection: void setRequestProperty(java.lang.String,java.lang.String)>("Content-Encoding", "gzip")	timediff:0
I/System.out(14711): body:<com.facebook.GraphRequest: void serializeToUrlConnection(com.facebook.GraphRequestBatch,java.net.HttpURLConnection)>	sig:$r7 = virtualinvoke $r1.<java.net.HttpURLConnection: java.net.URL getURL()>()	timediff:0
I/System.out(14711): body:<com.facebook.GraphRequest: void serializeToUrlConnection(com.facebook.GraphRequestBatch,java.net.HttpURLConnection)>	sig:$r6 = virtualinvoke $r1.<java.net.HttpURLConnection: java.lang.String getRequestMethod()>()	timediff:0
I/System.out(14711): body:<com.facebook.GraphRequest: void serializeToUrlConnection(com.facebook.GraphRequestBatch,java.net.HttpURLConnection)>	sig:$r6 = virtualinvoke $r1.<java.net.HttpURLConnection: java.lang.String getRequestProperty(java.lang.String)>("User-Agent")	timediff:0
I/System.out(14711): body:<com.facebook.GraphRequest: void serializeToUrlConnection(com.facebook.GraphRequestBatch,java.net.HttpURLConnection)>	sig:$r6 = virtualinvoke $r1.<java.net.HttpURLConnection: java.lang.String getRequestProperty(java.lang.String)>("Content-Type")	timediff:0
I/System.out(14711): body:<com.facebook.GraphRequest: void serializeToUrlConnection(com.facebook.GraphRequestBatch,java.net.HttpURLConnection)>	sig:virtualinvoke $r1.<java.net.HttpURLConnection: void setConnectTimeout(int)>($i2)	timediff:0
I/System.out(14711): body:<com.facebook.GraphRequest: void serializeToUrlConnection(com.facebook.GraphRequestBatch,java.net.HttpURLConnection)>	sig:virtualinvoke $r1.<java.net.HttpURLConnection: void setReadTimeout(int)>($i2)	timediff:0
I/System.out(14711): body:<com.facebook.GraphRequest: void serializeToUrlConnection(com.facebook.GraphRequestBatch,java.net.HttpURLConnection)>	sig:virtualinvoke $r1.<java.net.HttpURLConnection: void setDoOutput(boolean)>(1)	timediff:0
I/System.out(14711): body:<com.naver.linewebtoon.common.network.j: java.util.Map get(java.net.URI,java.util.Map)>	sig:$r5 = virtualinvoke $r1.<java.net.URI: java.lang.String toString()>()	timediff:0
W/EGL_emulation(  533): eglSurfaceAttrib not implemented 3093 12436
I/System.out(14711): body:<com.facebook.GraphRequest: void serializeToUrlConnection(com.facebook.GraphRequestBatch,java.net.HttpURLConnection)>	sig:$r10 = virtualinvoke $r1.<java.net.HttpURLConnection: java.io.OutputStream getOutputStream()>()	timediff:16
I/System.out(14711): body:<com.facebook.GraphRequest$Serializer: void write(java.lang.String,java.lang.Object[])>	sig:$r3 = staticinvoke <java.net.URLEncoder: java.lang.String encode(java.lang.String,java.lang.String)>($r3, "UTF-8")	timediff:0
I/System.out(14711): body:<com.facebook.GraphRequest$Serializer: void write(java.lang.String,java.lang.Object[])>	sig:$r3 = staticinvoke <java.net.URLEncoder: java.lang.String encode(java.lang.String,java.lang.String)>($r3, "UTF-8")	timediff:0
I/System.out(14711): body:<com.facebook.GraphRequest: void processRequest(com.facebook.GraphRequestBatch,com.facebook.internal.Logger,int,java.net.URL,java.io.OutputStream,boolean)>	sig:$r11 = virtualinvoke $r2.<java.net.URL: java.lang.String getPath()>()	timediff:0
I/System.out(14711): body:<com.facebook.GraphRequest$Serializer: void write(java.lang.String,java.lang.Object[])>	sig:$r3 = staticinvoke <java.net.URLEncoder: java.lang.String encode(java.lang.String,java.lang.String)>($r3, "UTF-8")	timediff:0
I/System.out(14711): body:<com.facebook.GraphRequest$Serializer: void write(java.lang.String,java.lang.Object[])>	sig:$r3 = staticinvoke <java.net.URLEncoder: java.lang.String encode(java.lang.String,java.lang.String)>($r3, "UTF-8")	timediff:0
I/System.out(14711): body:<com.facebook.GraphRequest$Serializer: void write(java.lang.String,java.lang.Object[])>	sig:$r3 = staticinvoke <java.net.URLEncoder: java.lang.String encode(java.lang.String,java.lang.String)>($r3, "UTF-8")	timediff:0
I/System.out(14711): body:<com.facebook.GraphRequest$Serializer: void write(java.lang.String,java.lang.Object[])>	sig:$r3 = staticinvoke <java.net.URLEncoder: java.lang.String encode(java.lang.String,java.lang.String)>($r3, "UTF-8")	timediff:0
I/System.out(14711): body:<com.facebook.GraphRequest$Serializer: void write(java.lang.String,java.lang.Object[])>	sig:$r3 = staticinvoke <java.net.URLEncoder: java.lang.String encode(java.lang.String,java.lang.String)>($r3, "UTF-8")	timediff:0
I/System.out(14711): body:<com.facebook.GraphRequest$Serializer: void write(java.lang.String,java.lang.Object[])>	sig:$r3 = staticinvoke <java.net.URLEncoder: java.lang.String encode(java.lang.String,java.lang.String)>($r3, "UTF-8")	timediff:0
I/qtaguid (  654): Untagging socket 110 failed errno=-13
D/dalvikvm(14711): GC_CONCURRENT freed 1401K, 14% free 9256K/10720K, paused 2ms+2ms, total 39ms
D/dalvikvm(14711): WAIT_FOR_CONCURRENT_GC blocked 36ms
W/EGL_emulation(  533): eglSurfaceAttrib not implemented 3093 12436
I/qtaguid (14711): Untagging socket 79 failed errno=-13
W/NetworkManagementSocketTagger(14711): untagSocket(79) failed with errno -13
I/System.out(14711): body:<com.naver.linewebtoon.common.network.j: void put(java.net.URI,java.util.Map)>	sig:$r8 = virtualinvoke $r1.<java.net.URI: java.lang.String toString()>()	timediff:0
I/System.out(14711): body:<com.android.volley.toolbox.e: org.apache.http.HttpResponse a(com.android.volley.Request,java.util.Map)>	sig:$i0 = virtualinvoke $r12.<java.net.HttpURLConnection: int getResponseCode()>()	timediff:381
I/System.out(14711): body:<com.android.volley.toolbox.e: org.apache.http.HttpResponse a(com.android.volley.Request,java.util.Map)>	sig:$i0 = virtualinvoke $r12.<java.net.HttpURLConnection: int getResponseCode()>()	timediff:0
I/System.out(14711): body:<com.android.volley.toolbox.e: org.apache.http.HttpResponse a(com.android.volley.Request,java.util.Map)>	sig:$r8 = virtualinvoke $r12.<java.net.HttpURLConnection: java.lang.String getResponseMessage()>()	timediff:0
I/System.out(14711): body:<com.android.volley.toolbox.e: org.apache.http.HttpEntity a(java.net.HttpURLConnection)>	sig:$r1 = virtualinvoke $r0.<java.net.HttpURLConnection: java.io.InputStream getInputStream()>()	timediff:0
I/System.out(14711): body:<empirical.HelperClass: void printURLInfo(java.lang.String,java.lang.String,java.net.URLConnection)>	sig:$r0 = virtualinvoke urlConnection.<java.net.URLConnection: java.net.URL getURL()>()	timediff:0
I/System.out(14711): body:<empirical.HelperClass: void printURLInfo(java.lang.String,java.lang.String,java.net.URLConnection)>	sig:urlString = virtualinvoke $r0.<java.net.URL: java.lang.String toString()>()	timediff:0
I/System.out(14711): body:<empirical.HelperClass: void printURLInfo(java.lang.String,java.lang.String,java.net.URLConnection)>	sig:isDoOutput = virtualinvoke urlConnection.<java.net.URLConnection: boolean getDoOutput()>()	timediff:0
I/System.out(14711): body:<empirical.HelperClass: java.lang.String getHeaderField(java.net.URLConnection,java.lang.String)>	sig:data = virtualinvoke conn.<java.net.URLConnection: java.lang.String getHeaderField(java.lang.String)>(field)	timediff:0
I/System.out(14711): body:<empirical.HelperClass: java.lang.String getHeaderField(java.net.URLConnection,java.lang.String)>	sig:data = virtualinvoke conn.<java.net.URLConnection: java.lang.String getHeaderField(java.lang.String)>(field)	timediff:0
I/System.out(14711): body:<empirical.HelperClass: java.lang.String getHeaderField(java.net.URLConnection,java.lang.String)>	sig:data = virtualinvoke conn.<java.net.URLConnection: java.lang.String getHeaderField(java.lang.String)>(field)	timediff:0
I/System.out(14711): body:<empirical.HelperClass: java.lang.String getHeaderField(java.net.URLConnection,java.lang.String)>	sig:data = virtualinvoke conn.<java.net.URLConnection: java.lang.String getHeaderField(java.lang.String)>(field)	timediff:0
I/System.out(14711): body:<empirical.HelperClass: java.lang.String getHeaderField(java.net.URLConnection,java.lang.String)>	sig:data = virtualinvoke conn.<java.net.URLConnection: java.lang.String getHeaderField(java.lang.String)>(field)	timediff:0
I/System.out(14711): URLConn;%;7;%;<com.android.volley.toolbox.e: org.apache.http.HttpEntity a(java.net.HttpURLConnection)>;%;$r1 = virtualinvoke $r0.<java.net.HttpURLConnection: java.io.InputStream getInputStream()>();%;http://gak.webtoons.com/v1/api/webtoon/topRanking.json?serviceZone=GLOBAL&v=2&platform=APP_ANDROID&language=en&msgpad=1523644883687&md=liXuVGf%2BZ9eUiibiIaGd3rMCY2w%3D;%;false;%;0;%;no-cache, no-store, max-age=0, must-revalidate;%;0;%;Not found;%;wts=1523644884041; Domain=.webtoons.com; Expires=Fri, 13-Apr-2018 19:11:24 GMT; Path=/
I/System.out(14711): body:<com.android.volley.toolbox.e: org.apache.http.HttpEntity a(java.net.HttpURLConnection)>	sig:$i1 = virtualinvoke $r0.<java.net.HttpURLConnection: int getContentLength()>()	timediff:0
I/System.out(14711): body:<com.android.volley.toolbox.e: org.apache.http.HttpEntity a(java.net.HttpURLConnection)>	sig:$r3 = virtualinvoke $r0.<java.net.HttpURLConnection: java.lang.String getContentEncoding()>()	timediff:0
I/System.out(14711): body:<com.android.volley.toolbox.e: org.apache.http.HttpEntity a(java.net.HttpURLConnection)>	sig:$r3 = virtualinvoke $r0.<java.net.HttpURLConnection: java.lang.String getContentType()>()	timediff:0
I/System.out(14711): body:<com.android.volley.toolbox.e: org.apache.http.HttpResponse a(com.android.volley.Request,java.util.Map)>	sig:$r5 = virtualinvoke $r12.<java.net.HttpURLConnection: java.util.Map getHeaderFields()>()	timediff:0
I/System.out(14711): body:<com.android.volley.toolbox.e: org.apache.http.HttpResponse a(com.android.volley.Request,java.util.Map)>	sig:specialinvoke $r11.<java.net.URL: void <init>(java.lang.String)>($r8)	timediff:0
I/System.out(14711): <com.android.volley.toolbox.e: org.apache.http.HttpResponse a(com.android.volley.Request,java.util.Map)>###specialinvoke $r11.<java.net.URL: void <init>(java.lang.String)>($r8)###http://gak.webtoons.com/v1/api/webtoon/titleList.json?serviceZone=GLOBAL&v=2&platform=APP_ANDROID&language=en&msgpad=1523644883700&md=leFxpQ9dXrtw8Ud7coif5v5K1UU%3D
I/System.out(14711): body:<com.android.volley.toolbox.e: java.net.HttpURLConnection a(java.net.URL,com.android.volley.Request)>	sig:virtualinvoke $r3.<java.net.HttpURLConnection: void setConnectTimeout(int)>($i0)	timediff:0
I/System.out(14711): body:<com.android.volley.toolbox.e: java.net.HttpURLConnection a(java.net.URL,com.android.volley.Request)>	sig:virtualinvoke $r3.<java.net.HttpURLConnection: void setReadTimeout(int)>($i0)	timediff:0
I/System.out(14711): body:<com.android.volley.toolbox.e: java.net.HttpURLConnection a(java.net.URL,com.android.volley.Request)>	sig:virtualinvoke $r3.<java.net.HttpURLConnection: void setUseCaches(boolean)>(0)	timediff:0
I/System.out(14711): body:<com.android.volley.toolbox.e: java.net.HttpURLConnection a(java.net.URL,com.android.volley.Request)>	sig:virtualinvoke $r3.<java.net.HttpURLConnection: void setDoInput(boolean)>(1)	timediff:0
I/System.out(14711): body:<com.android.volley.toolbox.e: java.net.HttpURLConnection a(java.net.URL,com.android.volley.Request)>	sig:$r5 = virtualinvoke $r1.<java.net.URL: java.lang.String getProtocol()>()	timediff:0
I/System.out(14711): body:<com.android.volley.toolbox.e: org.apache.http.HttpResponse a(com.android.volley.Request,java.util.Map)>	sig:virtualinvoke $r12.<java.net.HttpURLConnection: void addRequestProperty(java.lang.String,java.lang.String)>($r8, $r7)	timediff:0
I/System.out(14711): body:<com.android.volley.toolbox.e: org.apache.http.HttpResponse a(com.android.volley.Request,java.util.Map)>	sig:virtualinvoke $r12.<java.net.HttpURLConnection: void addRequestProperty(java.lang.String,java.lang.String)>($r8, $r7)	timediff:0
I/System.out(14711): body:<com.android.volley.toolbox.e: void a(java.net.HttpURLConnection,com.android.volley.Request)>	sig:virtualinvoke $r0.<java.net.HttpURLConnection: void setRequestMethod(java.lang.String)>("GET")	timediff:0
I/System.out(14711): body:<com.naver.linewebtoon.common.network.j: java.util.Map get(java.net.URI,java.util.Map)>	sig:$r5 = virtualinvoke $r1.<java.net.URI: java.lang.String toString()>()	timediff:0
I/qtaguid (14711): Untagging socket 81 failed errno=-13
W/NetworkManagementSocketTagger(14711): untagSocket(81) failed with errno -13
I/System.out(14711): body:<com.naver.linewebtoon.common.network.j: void put(java.net.URI,java.util.Map)>	sig:$r8 = virtualinvoke $r1.<java.net.URI: java.lang.String toString()>()	timediff:0
I/qtaguid (14711): Untagging socket 78 failed errno=-13
W/NetworkManagementSocketTagger(14711): untagSocket(78) failed with errno -13
I/System.out(14711): body:<com.naver.linewebtoon.common.network.j: void put(java.net.URI,java.util.Map)>	sig:$r8 = virtualinvoke $r1.<java.net.URI: java.lang.String toString()>()	timediff:0
I/qtaguid (14711): Untagging socket 77 failed errno=-13
W/NetworkManagementSocketTagger(14711): untagSocket(77) failed with errno -13
I/System.out(14711): body:<com.naver.linewebtoon.common.network.j: void put(java.net.URI,java.util.Map)>	sig:$r8 = virtualinvoke $r1.<java.net.URI: java.lang.String toString()>()	timediff:0
W/NetworkManagementSocketTagger(  654): untagSocket(110) failed with errno -13
I/dalvikvm(14711): Could not find method android.widget.LinearLayout.<init>, referenced from method com.naver.linewebtoon.splash.tutorial.TutorialFeatureLayout.<init>
