W/InputMethodManagerService(  479): Window already focused, ignoring focus gain of: com.android.internal.view.IInputMethodClient$Stub$Proxy@4a9f2270 attribute=null, token = android.os.BinderProxy@4a9bb9d4
V/PanelView(  533): animationTick called with dtms=0; nothing to do (h=0.0 v=-0.0)
W/ViewRootImpl(14233): Dropping event due to no window focus: KeyEvent { action=ACTION_DOWN, keyCode=KEYCODE_DPAD_CENTER, scanCode=0, metaState=0, flags=0x8, repeatCount=0, eventTime=1325553, downTime=1325553, deviceId=-1, source=0x101 }
W/ViewRootImpl(14233): Dropping event due to no window focus: KeyEvent { action=ACTION_DOWN, keyCode=KEYCODE_DPAD_UP, scanCode=0, metaState=0, flags=0x8, repeatCount=0, eventTime=1325558, downTime=1325558, deviceId=-1, source=0x101 }
D/dalvikvm(14233): GC_CONCURRENT freed 283K, 10% free 3140K/3488K, paused 1ms+0ms, total 10ms
W/ViewRootImpl(14233): Dropping event due to no window focus: MotionEvent { action=ACTION_MOVE, id[0]=0, x[0]=-3.0, y[0]=-5.0, toolType[0]=TOOL_TYPE_UNKNOWN, buttonState=0, metaState=0, flags=0x0, edgeFlags=0x0, pointerCount=1, historySize=6, eventTime=1325561, downTime=-1, deviceId=0, source=0x10004 }
W/InputMethodManagerService(  479): Window already focused, ignoring focus gain of: com.android.internal.view.IInputMethodClient$Stub$Proxy@4a97ce18 attribute=null, token = android.os.BinderProxy@4a9bb9d4
W/ViewRootImpl(14233): Dropping event due to no window focus: KeyEvent { action=ACTION_DOWN, keyCode=KEYCODE_DPAD_RIGHT, scanCode=0, metaState=0, flags=0x8, repeatCount=0, eventTime=1325627, downTime=1325627, deviceId=-1, source=0x101 }
W/InputMethodManagerService(  479): Window already focused, ignoring focus gain of: com.android.internal.view.IInputMethodClient$Stub$Proxy@4aa66e98 attribute=null, token = android.os.BinderProxy@4a9bb9d4
I/InputDispatcher(  479): Dropped event because of pending overdue app switch.
W/InputManager(  479): Input event injection from pid 14223 failed.
I/InputDispatcher(  479): Dropped event because of pending overdue app switch.
I/InputDispatcher(  479): Dropped event because of pending overdue app switch.
I/InputDispatcher(  479): Dropped event because of pending overdue app switch.
W/InputManager(  479): Input event injection from pid 14223 failed.
W/InputManager(  479): Input event injection from pid 14223 failed.
W/InputManager(  479): Input event injection from pid 14223 failed.
I/ActivityManager(  479): START u0 {act=android.intent.action.MAIN cat=[android.intent.category.LAUNCHER] flg=0x10200000 cmp=com.loudcrow.marvelavengers/.MarvelAvengers} from pid 14223
W/EGL_emulation( 2302): eglSurfaceAttrib not implemented 3093 12436
I/ActivityManager(  479): START u0 {act=android.intent.action.MAIN cat=[android.intent.category.LAUNCHER] flg=0x10200000 cmp=com.loudcrow.marvelavengers/.MarvelAvengers} from pid 14223
W/ViewRootImpl(14233): Dropping event due to no window focus: KeyEvent { action=ACTION_DOWN, keyCode=KEYCODE_MENU, scanCode=0, metaState=0, flags=0x8, repeatCount=0, eventTime=1326408, downTime=1326408, deviceId=-1, source=0x101 }
W/ViewRootImpl(14233): Dropping event due to no window focus: KeyEvent { action=ACTION_DOWN, keyCode=KEYCODE_DPAD_RIGHT, scanCode=0, metaState=0, flags=0x8, repeatCount=0, eventTime=1326412, downTime=1326412, deviceId=-1, source=0x101 }
I/ActivityManager(  479): START u0 {act=android.intent.action.MAIN cat=[android.intent.category.LAUNCHER] flg=0x10200000 cmp=com.loudcrow.marvelavengers/.MarvelAvengers} from pid 14223
W/ViewRootImpl(14233): Dropping event due to no window focus: KeyEvent { action=ACTION_DOWN, keyCode=KEYCODE_DPAD_UP, scanCode=0, metaState=0, flags=0x8, repeatCount=0, eventTime=1326416, downTime=1326416, deviceId=-1, source=0x101 }
W/ViewRootImpl(14233): Dropping event due to no window focus: KeyEvent { action=ACTION_DOWN, keyCode=KEYCODE_DPAD_RIGHT, scanCode=0, metaState=0, flags=0x8, repeatCount=0, eventTime=1326422, downTime=1326422, deviceId=-1, source=0x101 }
W/ViewRootImpl(14233): Dropping event due to no window focus: KeyEvent { action=ACTION_DOWN, keyCode=KEYCODE_W, scanCode=0, metaState=0, flags=0x8, repeatCount=0, eventTime=1326424, downTime=1326424, deviceId=-1, source=0x101 }
W/ViewRootImpl(14233): Dropping event due to no window focus: MotionEvent { action=ACTION_MOVE, id[0]=0, x[0]=3.0, y[0]=3.0, toolType[0]=TOOL_TYPE_UNKNOWN, buttonState=0, metaState=0, flags=0x0, edgeFlags=0x0, pointerCount=1, historySize=8, eventTime=1326428, downTime=-1, deviceId=0, source=0x10004 }
W/ViewRootImpl(14233): Dropping event due to no window focus: KeyEvent { action=ACTION_DOWN, keyCode=KEYCODE_DPAD_UP, scanCode=0, metaState=0, flags=0x8, repeatCount=0, eventTime=1326487, downTime=1326487, deviceId=-1, source=0x101 }
W/InputMethodManagerService(  479): Window already focused, ignoring focus gain of: com.android.internal.view.IInputMethodClient$Stub$Proxy@4a996c50 attribute=null, token = android.os.BinderProxy@4a9bb9d4
I/ActivityManager(  479): START u0 {act=android.intent.action.MAIN cat=[android.intent.category.LAUNCHER] flg=0x10200000 cmp=com.loudcrow.marvelavengers/.MarvelAvengers} from pid 14223
I/ActivityManager(  479): START u0 {act=android.intent.action.MAIN cat=[android.intent.category.LAUNCHER] flg=0x10200000 cmp=com.loudcrow.marvelavengers/.MarvelAvengers} from pid 14223
V/PanelView(  533): animationTick called with dtms=0; nothing to do (h=0.0 v=0.0)
W/ViewRootImpl(14233): Dropping event due to no window focus: KeyEvent { action=ACTION_DOWN, keyCode=KEYCODE_X, scanCode=0, metaState=0, flags=0x8, repeatCount=0, eventTime=1326590, downTime=1326590, deviceId=-1, source=0x101 }
W/ViewRootImpl(14233): Dropping event due to no window focus: KeyEvent { action=ACTION_DOWN, keyCode=KEYCODE_DPAD_CENTER, scanCode=0, metaState=0, flags=0x8, repeatCount=0, eventTime=1326597, downTime=1326597, deviceId=-1, source=0x101 }
W/ViewRootImpl(14233): Dropping event due to no window focus: KeyEvent { action=ACTION_DOWN, keyCode=KEYCODE_DPAD_CENTER, scanCode=0, metaState=0, flags=0x8, repeatCount=0, eventTime=1326598, downTime=1326598, deviceId=-1, source=0x101 }
W/ViewRootImpl(14233): Dropping event due to no window focus: KeyEvent { action=ACTION_DOWN, keyCode=KEYCODE_MENU, scanCode=0, metaState=0, flags=0x8, repeatCount=0, eventTime=1326605, downTime=1326605, deviceId=-1, source=0x101 }
W/ViewRootImpl(14233): Dropping event due to no window focus: KeyEvent { action=ACTION_DOWN, keyCode=KEYCODE_DPAD_DOWN, scanCode=0, metaState=0, flags=0x8, repeatCount=0, eventTime=1326607, downTime=1326607, deviceId=-1, source=0x101 }
W/ViewRootImpl(14233): Dropping event due to no window focus: MotionEvent { action=ACTION_MOVE, id[0]=0, x[0]=-5.0, y[0]=4.0, toolType[0]=TOOL_TYPE_UNKNOWN, buttonState=0, metaState=0, flags=0x0, edgeFlags=0x0, pointerCount=1, historySize=19, eventTime=1326613, downTime=-1, deviceId=0, source=0x10004 }
W/ViewRootImpl(14233): Dropping event due to no window focus: MotionEvent { action=ACTION_DOWN, id[0]=0, x[0]=0.0, y[0]=0.0, toolType[0]=TOOL_TYPE_UNKNOWN, buttonState=0, metaState=0, flags=0x0, edgeFlags=0x0, pointerCount=1, historySize=0, eventTime=1326613, downTime=1326612, deviceId=0, source=0x10004 }
I/ActivityManager(  479): START u0 {act=android.intent.action.MAIN cat=[android.intent.category.LAUNCHER] flg=0x10200000 cmp=com.loudcrow.marvelavengers/.MarvelAvengers} from pid 14223
W/ViewRootImpl(14233): Dropping event due to no window focus: MotionEvent { action=ACTION_MOVE, id[0]=0, x[0]=1.0, y[0]=-4.0, toolType[0]=TOOL_TYPE_UNKNOWN, buttonState=0, metaState=0, flags=0x0, edgeFlags=0x0, pointerCount=1, historySize=19, eventTime=1326622, downTime=-1, deviceId=0, source=0x10004 }
W/ViewRootImpl(14233): Dropping event due to no window focus: MotionEvent { action=ACTION_DOWN, id[0]=0, x[0]=0.0, y[0]=0.0, toolType[0]=TOOL_TYPE_UNKNOWN, buttonState=0, metaState=0, flags=0x0, edgeFlags=0x0, pointerCount=1, historySize=0, eventTime=1326623, downTime=1326620, deviceId=0, source=0x10004 }
W/ViewRootImpl(14233): Dropping event due to no window focus: KeyEvent { action=ACTION_DOWN, keyCode=KEYCODE_DPAD_DOWN, scanCode=0, metaState=0, flags=0x8, repeatCount=0, eventTime=1326637, downTime=1326637, deviceId=-1, source=0x101 }
W/ViewRootImpl(14233): Dropping event due to no window focus: KeyEvent { action=ACTION_DOWN, keyCode=KEYCODE_DPAD_DOWN, scanCode=0, metaState=0, flags=0x8, repeatCount=0, eventTime=1326655, downTime=1326655, deviceId=-1, source=0x101 }
W/ViewRootImpl(14233): Dropping event due to no window focus: KeyEvent { action=ACTION_DOWN, keyCode=KEYCODE_C, scanCode=0, metaState=0, flags=0x8, repeatCount=0, eventTime=1326655, downTime=1326655, deviceId=-1, source=0x101 }
W/ViewRootImpl(14233): Dropping event due to no window focus: KeyEvent { action=ACTION_DOWN, keyCode=KEYCODE_DPAD_RIGHT, scanCode=0, metaState=0, flags=0x8, repeatCount=0, eventTime=1326656, downTime=1326656, deviceId=-1, source=0x101 }
W/InputMethodManagerService(  479): Window already focused, ignoring focus gain of: com.android.internal.view.IInputMethodClient$Stub$Proxy@4a9e84e4 attribute=null, token = android.os.BinderProxy@4a9bb9d4
W/ViewRootImpl(14233): Dropping event due to no window focus: KeyEvent { action=ACTION_DOWN, keyCode=KEYCODE_DPAD_RIGHT, scanCode=0, metaState=0, flags=0x8, repeatCount=0, eventTime=1326681, downTime=1326681, deviceId=-1, source=0x101 }
W/ViewRootImpl(14233): Dropping event due to no window focus: KeyEvent { action=ACTION_DOWN, keyCode=KEYCODE_MENU, scanCode=0, metaState=0, flags=0x8, repeatCount=0, eventTime=1326694, downTime=1326694, deviceId=-1, source=0x101 }
I/ActivityManager(  479): START u0 {act=android.intent.action.MAIN cat=[android.intent.category.LAUNCHER] flg=0x10000000 sel={act=android.intent.action.MAIN cat=[android.intent.category.APP_CALENDAR]}} from pid 479
W/ViewRootImpl(14233): Dropping event due to no window focus: KeyEvent { action=ACTION_DOWN, keyCode=KEYCODE_DPAD_CENTER, scanCode=0, metaState=0, flags=0x8, repeatCount=0, eventTime=1326705, downTime=1326705, deviceId=-1, source=0x101 }
W/InputMethodManagerService(  479): Window already focused, ignoring focus gain of: com.android.internal.view.IInputMethodClient$Stub$Proxy@4aa2246c attribute=null, token = android.os.BinderProxy@4a9bb9d4
I/ActivityManager(  479): START u0 {act=android.intent.action.MAIN cat=[android.intent.category.LAUNCHER] flg=0x10200000 cmp=com.loudcrow.marvelavengers/.MarvelAvengers} from pid 14223
W/WindowManager(  479): updateFocusedWindowLocked, focusedAppToken is null.
W/ContextImpl(  479): Calling a method in the system process without a qualified user: android.app.ContextImpl.sendBroadcast:1123 com.android.server.InputMethodManagerService.hideCurrentInputLocked:1880 com.android.server.InputMethodManagerService.windowGainedFocus:1968 com.android.internal.view.IInputMethodManager$Stub.onTransact:221 com.android.server.InputMethodManagerService.onTransact:818 
W/InputMethodManagerService(  479): Starting input on non-focused client com.android.internal.view.IInputMethodClient$Stub$Proxy@4aeffc18 (uid=10071 pid=14233)
W/InputManager(  479): Input event injection from pid 14223 failed.
W/InputManager(  479): Input event injection from pid 14223 failed.
W/InputEventReceiver(  533): Attempted to finish an input event but the input event receiver has already been disposed.
W/InputEventReceiver(  533): Attempted to finish an input event but the input event receiver has already been disposed.
W/InputEventReceiver(  533): Attempted to finish an input event but the input event receiver has already been disposed.
W/ContextImpl(  479): Calling a method in the system process without a qualified user: android.app.ContextImpl.sendBroadcast:1123 com.android.server.InputMethodManagerService.hideCurrentInputLocked:1880 com.android.server.InputMethodManagerService.windowGainedFocus:1968 com.android.internal.view.IInputMethodManager$Stub.onTransact:221 com.android.server.InputMethodManagerService.onTransact:818 
W/ViewRootImpl(  533): Dropping event due to root view being removed: MotionEvent { action=ACTION_UP, id[0]=0, x[0]=756.7528, y[0]=-93.97778, toolType[0]=TOOL_TYPE_UNKNOWN, buttonState=0, metaState=0, flags=0x0, edgeFlags=0x0, pointerCount=1, historySize=0, eventTime=1326913, downTime=1326913, deviceId=0, source=0x1002 }
W/ViewRootImpl(  533): Dropping event due to root view being removed: KeyEvent { action=ACTION_UP, keyCode=KEYCODE_F5, scanCode=0, metaState=0, flags=0x8, repeatCount=0, eventTime=1326912, downTime=1326912, deviceId=-1, source=0x101 }
W/ViewRootImpl(14233): Dropping event due to no window focus: KeyEvent { action=ACTION_DOWN, keyCode=KEYCODE_DPAD_CENTER, scanCode=0, metaState=0, flags=0x8, repeatCount=0, eventTime=1326975, downTime=1326975, deviceId=-1, source=0x101 }
W/ViewRootImpl(14233): Dropping event due to no window focus: MotionEvent { action=ACTION_MOVE, id[0]=0, x[0]=3.0, y[0]=0.0, toolType[0]=TOOL_TYPE_UNKNOWN, buttonState=0, metaState=0, flags=0x0, edgeFlags=0x0, pointerCount=1, historySize=3, eventTime=1326978, downTime=-1, deviceId=0, source=0x10004 }
V/PhoneStatusBar(  533): setLightsOn(true)
I/ActivityManager(  479): START u0 {act=android.intent.action.MAIN cat=[android.intent.category.LAUNCHER] flg=0x10000000 sel={act=android.intent.action.MAIN cat=[android.intent.category.APP_CALENDAR]}} from pid 479
I/ActivityManager(  479): START u0 {act=android.intent.action.MAIN cat=[android.intent.category.LAUNCHER] flg=0x10000000 sel={act=android.intent.action.MAIN cat=[android.intent.category.APP_CALENDAR]}} from pid 479
W/InputMethodManagerService(  479): Window already focused, ignoring focus gain of: com.android.internal.view.IInputMethodClient$Stub$Proxy@4afb45e0 attribute=null, token = android.os.BinderProxy@4a9bb9d4
W/ViewRootImpl(14233): Dropping event due to no window focus: KeyEvent { action=ACTION_DOWN, keyCode=KEYCODE_DPAD_LEFT, scanCode=0, metaState=0, flags=0x8, repeatCount=0, eventTime=1327031, downTime=1327031, deviceId=-1, source=0x101 }
W/ViewRootImpl(14233): Dropping event due to no window focus: KeyEvent { action=ACTION_DOWN, keyCode=KEYCODE_MENU, scanCode=0, metaState=0, flags=0x8, repeatCount=0, eventTime=1327039, downTime=1327039, deviceId=-1, source=0x101 }
W/InputManager(  479): Input event injection from pid 14223 failed.
W/InputManager(  479): Input event injection from pid 14223 failed.
W/InputManager(  479): Input event injection from pid 14223 failed.
W/InputMethodManagerService(  479): Window already focused, ignoring focus gain of: com.android.internal.view.IInputMethodClient$Stub$Proxy@4a9ef764 attribute=null, token = android.os.BinderProxy@4a9bb9d4
W/InputManager(  479): Input event injection from pid 14223 failed.
W/InputManager(  479): Input event injection from pid 14223 failed.
W/InputManager(  479): Input event injection from pid 14223 failed.
W/InputManager(  479): Input event injection from pid 14223 failed.
W/InputManager(  479): Input event injection from pid 14223 failed.
W/ViewRootImpl(14233): Dropping event due to no window focus: KeyEvent { action=ACTION_DOWN, keyCode=KEYCODE_DPAD_UP, scanCode=0, metaState=0, flags=0x8, repeatCount=0, eventTime=1327088, downTime=1327088, deviceId=-1, source=0x101 }
W/ViewRootImpl(14233): Dropping event due to no window focus: KeyEvent { action=ACTION_DOWN, keyCode=KEYCODE_DPAD_RIGHT, scanCode=0, metaState=0, flags=0x8, repeatCount=0, eventTime=1327094, downTime=1327094, deviceId=-1, source=0x101 }
W/ViewRootImpl(14233): Dropping event due to no window focus: KeyEvent { action=ACTION_DOWN, keyCode=KEYCODE_DPAD_DOWN, scanCode=0, metaState=0, flags=0x8, repeatCount=0, eventTime=1327095, downTime=1327095, deviceId=-1, source=0x101 }
W/ViewRootImpl(14233): Dropping event due to no window focus: KeyEvent { action=ACTION_DOWN, keyCode=KEYCODE_DPAD_LEFT, scanCode=0, metaState=0, flags=0x8, repeatCount=0, eventTime=1327095, downTime=1327095, deviceId=-1, source=0x101 }
W/ViewRootImpl(14233): Dropping event due to no window focus: KeyEvent { action=ACTION_DOWN, keyCode=KEYCODE_MENU, scanCode=0, metaState=0, flags=0x8, repeatCount=0, eventTime=1327103, downTime=1327103, deviceId=-1, source=0x101 }
W/ViewRootImpl(14233): Dropping event due to no window focus: KeyEvent { action=ACTION_DOWN, keyCode=KEYCODE_DPAD_UP, scanCode=0, metaState=0, flags=0x8, repeatCount=0, eventTime=1327105, downTime=1327105, deviceId=-1, source=0x101 }
W/ViewRootImpl(14233): Dropping event due to no window focus: KeyEvent { action=ACTION_DOWN, keyCode=KEYCODE_DPAD_CENTER, scanCode=0, metaState=0, flags=0x8, repeatCount=0, eventTime=1327106, downTime=1327106, deviceId=-1, source=0x101 }
W/ViewRootImpl(14233): Dropping event due to no window focus: KeyEvent { action=ACTION_DOWN, keyCode=KEYCODE_6, scanCode=0, metaState=0, flags=0x8, repeatCount=0, eventTime=1327107, downTime=1327107, deviceId=-1, source=0x101 }
W/ViewRootImpl(14233): Dropping event due to no window focus: KeyEvent { action=ACTION_DOWN, keyCode=KEYCODE_DPAD_CENTER, scanCode=0, metaState=0, flags=0x8, repeatCount=0, eventTime=1327109, downTime=1327109, deviceId=-1, source=0x101 }
W/ViewRootImpl(14233): Dropping event due to no window focus: KeyEvent { action=ACTION_DOWN, keyCode=KEYCODE_BUTTON_R2, scanCode=0, metaState=0, flags=0x8, repeatCount=0, eventTime=1327118, downTime=1327118, deviceId=-1, source=0x101 }
W/ViewRootImpl(14233): Dropping event due to no window focus: KeyEvent { action=ACTION_DOWN, keyCode=KEYCODE_MENU, scanCode=0, metaState=0, flags=0x8, repeatCount=0, eventTime=1327121, downTime=1327121, deviceId=-1, source=0x101 }
W/ViewRootImpl(14233): Dropping event due to no window focus: KeyEvent { action=ACTION_DOWN, keyCode=KEYCODE_MENU, scanCode=0, metaState=0, flags=0x8, repeatCount=0, eventTime=1327122, downTime=1327122, deviceId=-1, source=0x101 }
W/ViewRootImpl(14233): Dropping event due to no window focus: KeyEvent { action=ACTION_DOWN, keyCode=KEYCODE_DPAD_UP, scanCode=0, metaState=0, flags=0x8, repeatCount=0, eventTime=1327123, downTime=1327123, deviceId=-1, source=0x101 }
I/ActivityManager(  479): START u0 {act=android.intent.action.MAIN cat=[android.intent.category.HOME] flg=0x10200000 cmp=com.vphone.launcher/.Launcher} from pid 479
W/ViewRootImpl(14233): Dropping event due to no window focus: KeyEvent { action=ACTION_DOWN, keyCode=KEYCODE_NUMPAD_MULTIPLY, scanCode=0, metaState=0, flags=0x8, repeatCount=0, eventTime=1327128, downTime=1327128, deviceId=-1, source=0x101 }
W/ViewRootImpl(14233): Dropping event due to no window focus: KeyEvent { action=ACTION_DOWN, keyCode=KEYCODE_DPAD_RIGHT, scanCode=0, metaState=0, flags=0x8, repeatCount=0, eventTime=1327130, downTime=1327130, deviceId=-1, source=0x101 }
W/ViewRootImpl(14233): Dropping event due to no window focus: KeyEvent { action=ACTION_DOWN, keyCode=KEYCODE_DPAD_RIGHT, scanCode=0, metaState=0, flags=0x8, repeatCount=0, eventTime=1327131, downTime=1327131, deviceId=-1, source=0x101 }
W/ViewRootImpl(14233): Dropping event due to no window focus: KeyEvent { action=ACTION_DOWN, keyCode=KEYCODE_DPAD_DOWN, scanCode=0, metaState=0, flags=0x8, repeatCount=0, eventTime=1327139, downTime=1327139, deviceId=-1, source=0x101 }
W/ViewRootImpl(14233): Dropping event due to no window focus: KeyEvent { action=ACTION_DOWN, keyCode=KEYCODE_DPAD_LEFT, scanCode=0, metaState=0, flags=0x8, repeatCount=0, eventTime=1327140, downTime=1327140, deviceId=-1, source=0x101 }
W/ViewRootImpl(14233): Dropping event due to no window focus: KeyEvent { action=ACTION_DOWN, keyCode=KEYCODE_DPAD_LEFT, scanCode=0, metaState=0, flags=0x8, repeatCount=0, eventTime=1327142, downTime=1327142, deviceId=-1, source=0x101 }
W/ViewRootImpl(14233): Dropping event due to no window focus: KeyEvent { action=ACTION_DOWN, keyCode=KEYCODE_DPAD_UP, scanCode=0, metaState=0, flags=0x8, repeatCount=0, eventTime=1327143, downTime=1327143, deviceId=-1, source=0x101 }
W/ViewRootImpl(14233): Dropping event due to no window focus: KeyEvent { action=ACTION_DOWN, keyCode=KEYCODE_DPAD_CENTER, scanCode=0, metaState=0, flags=0x8, repeatCount=0, eventTime=1327145, downTime=1327145, deviceId=-1, source=0x101 }
W/ViewRootImpl(14233): Dropping event due to no window focus: KeyEvent { action=ACTION_DOWN, keyCode=KEYCODE_DPAD_DOWN, scanCode=0, metaState=0, flags=0x8, repeatCount=0, eventTime=1327153, downTime=1327153, deviceId=-1, source=0x101 }
W/ViewRootImpl(14233): Dropping event due to no window focus: KeyEvent { action=ACTION_DOWN, keyCode=KEYCODE_MENU, scanCode=0, metaState=0, flags=0x8, repeatCount=0, eventTime=1327158, downTime=1327158, deviceId=-1, source=0x101 }
W/ViewRootImpl(14233): Dropping event due to no window focus: KeyEvent { action=ACTION_DOWN, keyCode=KEYCODE_NUMPAD_2, scanCode=0, metaState=0, flags=0x8, repeatCount=0, eventTime=1327162, downTime=1327162, deviceId=-1, source=0x101 }
W/ViewRootImpl(14233): Dropping event due to no window focus: KeyEvent { action=ACTION_DOWN, keyCode=KEYCODE_DPAD_DOWN, scanCode=0, metaState=0, flags=0x8, repeatCount=0, eventTime=1327162, downTime=1327162, deviceId=-1, source=0x101 }
D/dalvikvm(  533): GC_FOR_ALLOC freed 4059K, 37% free 14382K/22640K, paused 5ms, total 5ms
W/InputManager(  479): Input event injection from pid 14223 failed.
W/InputManager(  479): Input event injection from pid 14223 failed.
W/InputManager(  479): Input event injection from pid 14223 failed.
W/InputManager(  479): Input event injection from pid 14223 failed.
W/InputMethodManagerService(  479): Window already focused, ignoring focus gain of: com.android.internal.view.IInputMethodClient$Stub$Proxy@4af3ef68 attribute=null, token = android.os.BinderProxy@4a9bb9d4
W/InputManager(  479): Input event injection from pid 14223 failed.
W/InputManager(  479): Input event injection from pid 14223 failed.
W/InputManager(  479): Input event injection from pid 14223 failed.
W/InputManager(  479): Input event injection from pid 14223 failed.
W/InputManager(  479): Input event injection from pid 14223 failed.
W/InputManager(  479): Input event injection from pid 14223 failed.
W/InputManager(  479): Input event injection from pid 14223 failed.
V/PanelView(  533): animationTick called with dtms=0; nothing to do (h=0.0 v=0.0)
I/ActivityManager(  479): START u0 {act=android.intent.action.MAIN cat=[android.intent.category.LAUNCHER] flg=0x10200000 cmp=com.loudcrow.marvelavengers/.MarvelAvengers} from pid 14223
W/ViewRootImpl(14233): Dropping event due to no window focus: KeyEvent { action=ACTION_DOWN, keyCode=KEYCODE_DPAD_DOWN, scanCode=0, metaState=0, flags=0x8, repeatCount=0, eventTime=1327345, downTime=1327345, deviceId=-1, source=0x101 }
W/ViewRootImpl(14233): Dropping event due to no window focus: KeyEvent { action=ACTION_DOWN, keyCode=KEYCODE_DPAD_LEFT, scanCode=0, metaState=0, flags=0x8, repeatCount=0, eventTime=1327353, downTime=1327353, deviceId=-1, source=0x101 }
W/ViewRootImpl(14233): Dropping event due to no window focus: KeyEvent { action=ACTION_DOWN, keyCode=KEYCODE_DPAD_LEFT, scanCode=0, metaState=0, flags=0x8, repeatCount=0, eventTime=1327354, downTime=1327354, deviceId=-1, source=0x101 }
W/ViewRootImpl(14233): Dropping event due to no window focus: KeyEvent { action=ACTION_DOWN, keyCode=KEYCODE_I, scanCode=0, metaState=0, flags=0x8, repeatCount=0, eventTime=1327356, downTime=1327356, deviceId=-1, source=0x101 }
V/FlingTracker(  533): computeCurrentVelocity warning: totalweight=0
V/FlingTracker(  533): java.lang.Throwable
V/FlingTracker(  533): 	at com.android.systemui.statusbar.phone.PanelView$FlingTracker.computeCurrentVelocity(PanelView.java:162)
V/FlingTracker(  533): 	at com.android.systemui.statusbar.phone.PanelView$3.onTouch(PanelView.java:462)
V/FlingTracker(  533): 	at android.view.View.dispatchTouchEvent(View.java:7701)
V/FlingTracker(  533): 	at com.android.systemui.statusbar.phone.NotificationPanelView.onTouchEvent(NotificationPanelView.java:138)
V/FlingTracker(  533): 	at com.android.systemui.statusbar.phone.PanelBar.onTouchEvent(PanelBar.java:130)
V/FlingTracker(  533): 	at com.android.systemui.statusbar.phone.PhoneStatusBarView.onTouchEvent(PhoneStatusBarView.java:201)
V/FlingTracker(  533): 	at android.view.View.dispatchTouchEvent(View.java:7706)
V/FlingTracker(  533): 	at android.view.ViewGroup.dispatchTransformedTouchEvent(ViewGroup.java:2210)
V/FlingTracker(  533): 	at android.view.ViewGroup.dispatchTouchEvent(ViewGroup.java:1945)
V/FlingTracker(  533): 	at android.view.ViewGroup.dispatchTransformedTouchEvent(ViewGroup.java:2216)
V/FlingTracker(  533): 	at android.view.ViewGroup.dispatchTouchEvent(ViewGroup.java:1959)
V/FlingTracker(  533): 	at android.view.View.dispatchPointerEvent(View.java:7886)
V/FlingTracker(  533): 	at android.view.ViewRootImpl$ViewPostImeInputStage.processPointerEvent(ViewRootImpl.java:3978)
V/FlingTracker(  533): 	at android.view.ViewRootImpl$ViewPostImeInputStage.onProcess(ViewRootImpl.java:3857)
V/FlingTracker(  533): 	at android.view.ViewRootImpl$InputStage.deliver(ViewRootImpl.java:3423)
V/FlingTracker(  533): 	at android.view.ViewRootImpl$InputStage.onDeliverToNext(ViewRootImpl.java:3473)
V/FlingTracker(  533): 	at android.view.ViewRootImpl$InputStage.forward(ViewRootImpl.java:3442)
V/FlingTracker(  533): 	at android.view.ViewRootImpl$AsyncInputStage.forward(ViewRootImpl.java:3549)
V/FlingTracker(  533): 	at android.view.ViewRootImpl$InputStage.apply(ViewRootImpl.java:3450)
V/FlingTracker(  533): 	at android.view.ViewRootImpl$AsyncInputStage.apply(ViewRootImpl.java:3606)
V/FlingTracker(  533): 	at android.view.ViewRootImpl$InputStage.deliver(ViewRootImpl.java:3423)
V/FlingTracker(  533): 	at android.view.ViewRootImpl$InputStage.onDeliverToNext(ViewRootImpl.java:3473)
V/FlingTracker(  533): 	at android.view.ViewRootImpl$InputStage.forward(ViewRootImpl.java:3442)
V/FlingTracker(  533): 	at android.view.ViewRootImpl$InputStage.apply(ViewRootImpl.java:3450)
V/FlingTracker(  533): 	at android.view.ViewRootImpl$InputStage.deliver(ViewRootImpl.java:3423)
V/FlingTracker(  533): 	at android.view.ViewRootImpl.deliverInputEvent(ViewRootImpl.java:5626)
V/FlingTracker(  533): 	at android.view.ViewRootImpl.doProcessInputEvents(ViewRootImpl.java:5606)
V/FlingTracker(  533): 	at android.view.ViewRootImpl.enqueueInputEvent(ViewRootImpl.java:5577)
V/FlingTracker(  533): 	at android.view.ViewRootImpl$WindowInputEventReceiver.onInputEvent(ViewRootImpl.java:5706)
V/FlingTracker(  533): 	at android.view.InputEventReceiver.dispatchInputEvent(InputEventReceiver.java:185)
V/FlingTracker(  533): 	at android.os.MessageQueue.nativePollOnce(Native Method)
V/FlingTracker(  533): 	at android.os.MessageQueue.next(MessageQueue.java:138)
V/FlingTracker(  533): 	at android.os.Looper.loop(Looper.java:123)
V/FlingTracker(  533): 	at android.app.ActivityThread.main(ActivityThread.java:5019)
V/FlingTracker(  533): 	at java.lang.reflect.Method.invokeNative(Native Method)
V/FlingTracker(  533): 	at java.lang.reflect.Method.invoke(Method.java:515)
V/FlingTracker(  533): 	at com.android.internal.os.ZygoteInit$MethodAndArgsCaller.run(ZygoteInit.java:779)
V/FlingTracker(  533): 	at com.android.internal.os.ZygoteInit.main(ZygoteInit.java:595)
V/FlingTracker(  533): 	at dalvik.system.NativeStart.main(Native Method)
V/PanelView(  533): animationTick called with dtms=0; nothing to do (h=0.0 v=0.0)
V/PanelView(  533): animationTick called with dtms=-13; nothing to do (h=0.0 v=0.0)
W/ViewRootImpl(14233): Dropping event due to no window focus: KeyEvent { action=ACTION_DOWN, keyCode=KEYCODE_DPAD_DOWN, scanCode=0, metaState=0, flags=0x8, repeatCount=0, eventTime=1327357, downTime=1327357, deviceId=-1, source=0x101 }
W/ViewRootImpl(14233): Dropping event due to no window focus: KeyEvent { action=ACTION_DOWN, keyCode=KEYCODE_DPAD_LEFT, scanCode=0, metaState=0, flags=0x8, repeatCount=0, eventTime=1327364, downTime=1327364, deviceId=-1, source=0x101 }
W/ViewRootImpl(14233): Dropping event due to no window focus: KeyEvent { action=ACTION_DOWN, keyCode=KEYCODE_DPAD_LEFT, scanCode=0, metaState=0, flags=0x8, repeatCount=0, eventTime=1327371, downTime=1327371, deviceId=-1, source=0x101 }
W/ViewRootImpl(14233): Dropping event due to no window focus: KeyEvent { action=ACTION_DOWN, keyCode=KEYCODE_MENU, scanCode=0, metaState=0, flags=0x8, repeatCount=0, eventTime=1327406, downTime=1327406, deviceId=-1, source=0x101 }
D/dalvikvm( 2302): GC_FOR_ALLOC freed 2098K, 62% free 4949K/12812K, paused 5ms, total 7ms
I/dalvikvm-heap( 2302): Grow heap (frag case) to 6.870MB for 2073612-byte allocation
D/dalvikvm( 2302): GC_FOR_ALLOC freed <1K, 46% free 6974K/12812K, paused 4ms, total 4ms
I/ActivityManager(  479): START u0 {act=android.intent.action.MAIN cat=[android.intent.category.LAUNCHER] flg=0x10200000 cmp=com.loudcrow.marvelavengers/.MarvelAvengers} from pid 14223
D/dalvikvm( 2302): GC_CONCURRENT freed <1K, 46% free 6974K/12812K, paused 3ms+10ms, total 15ms
V/FlingTracker(  533): computeCurrentVelocity warning: totalweight=0
V/FlingTracker(  533): java.lang.Throwable
V/FlingTracker(  533): 	at com.android.systemui.statusbar.phone.PanelView$FlingTracker.computeCurrentVelocity(PanelView.java:162)
V/FlingTracker(  533): 	at com.android.systemui.statusbar.phone.PanelView$3.onTouch(PanelView.java:462)
V/FlingTracker(  533): 	at android.view.View.dispatchTouchEvent(View.java:7701)
V/FlingTracker(  533): 	at com.android.systemui.statusbar.phone.NotificationPanelView.onTouchEvent(NotificationPanelView.java:138)
V/FlingTracker(  533): 	at com.android.systemui.statusbar.phone.PanelBar.onTouchEvent(PanelBar.java:130)
V/FlingTracker(  533): 	at com.android.systemui.statusbar.phone.PhoneStatusBarView.onTouchEvent(PhoneStatusBarView.java:201)
V/FlingTracker(  533): 	at android.view.View.dispatchTouchEvent(View.java:7706)
V/FlingTracker(  533): 	at android.view.ViewGroup.dispatchTransformedTouchEvent(ViewGroup.java:2210)
V/FlingTracker(  533): 	at android.view.ViewGroup.dispatchTouchEvent(ViewGroup.java:1945)
V/FlingTracker(  533): 	at android.view.ViewGroup.dispatchTransformedTouchEvent(ViewGroup.java:2216)
V/FlingTracker(  533): 	at android.view.ViewGroup.dispatchTouchEvent(ViewGroup.java:1959)
V/FlingTracker(  533): 	at android.view.View.dispatchPointerEvent(View.java:7886)
V/FlingTracker(  533): 	at android.view.ViewRootImpl$ViewPostImeInputStage.processPointerEvent(ViewRootImpl.java:3978)
V/FlingTracker(  533): 	at android.view.ViewRootImpl$ViewPostImeInputStage.onProcess(ViewRootImpl.java:3857)
V/FlingTracker(  533): 	at android.view.ViewRootImpl$InputStage.deliver(ViewRootImpl.java:3423)
V/FlingTracker(  533): 	at android.view.ViewRootImpl$InputStage.onDeliverToNext(ViewRootImpl.java:3473)
V/FlingTracker(  533): 	at android.view.ViewRootImpl$InputStage.forward(ViewRootImpl.java:3442)
V/FlingTracker(  533): 	at android.view.ViewRootImpl$AsyncInputStage.forward(ViewRootImpl.java:3549)
V/FlingTracker(  533): 	at android.view.ViewRootImpl$InputStage.apply(ViewRootImpl.java:3450)
V/FlingTracker(  533): 	at android.view.ViewRootImpl$AsyncInputStage.apply(ViewRootImpl.java:3606)
V/FlingTracker(  533): 	at android.view.ViewRootImpl$InputStage.deliver(ViewRootImpl.java:3423)
V/FlingTracker(  533): 	at android.view.ViewRootImpl$InputStage.onDeliverToNext(ViewRootImpl.java:3473)
V/FlingTracker(  533): 	at android.view.ViewRootImpl$InputStage.forward(ViewRootImpl.java:3442)
V/FlingTracker(  533): 	at android.view.ViewRootImpl$InputStage.apply(ViewRootImpl.java:3450)
V/FlingTracker(  533): 	at android.view.ViewRootImpl$InputStage.deliver(ViewRootImpl.java:3423)
V/FlingTracker(  533): 	at android.view.ViewRootImpl.deliverInputEvent(ViewRootImpl.java:5626)
V/FlingTracker(  533): 	at android.view.ViewRootImpl.doProcessInputEvents(ViewRootImpl.java:5606)
V/FlingTracker(  533): 	at android.view.ViewRootImpl.enqueueInputEvent(ViewRootImpl.java:5577)
V/FlingTracker(  533): 	at android.view.ViewRootImpl$WindowInputEventReceiver.onInputEvent(ViewRootImpl.java:5706)
V/FlingTracker(  533): 	at android.view.InputEventReceiver.dispatchInputEvent(InputEventReceiver.java:185)
V/FlingTracker(  533): 	at android.os.MessageQueue.nativePollOnce(Native Method)
V/FlingTracker(  533): 	at android.os.MessageQueue.next(MessageQueue.java:138)
V/FlingTracker(  533): 	at android.os.Looper.loop(Looper.java:123)
V/FlingTracker(  533): 	at android.app.ActivityThread.main(ActivityThread.java:5019)
V/FlingTracker(  533): 	at java.lang.reflect.Method.invokeNative(Native Method)
V/FlingTracker(  533): 	at java.lang.reflect.Method.invoke(Method.java:515)
V/FlingTracker(  533): 	at com.android.internal.os.ZygoteInit$MethodAndArgsCaller.run(ZygoteInit.java:779)
V/FlingTracker(  533): 	at com.android.internal.os.ZygoteInit.main(ZygoteInit.java:595)
V/FlingTracker(  533): 	at dalvik.system.NativeStart.main(Native Method)
V/PanelView(  533): animationTick called with dtms=0; nothing to do (h=0.0 v=0.0)
V/PanelView(  533): animationTick called with dtms=-12; nothing to do (h=0.0 v=0.0)
W/InputEventReceiver(14233): Attempted to finish an input event but the input event receiver has already been disposed.
D/dalvikvm(  479): GC_FOR_ALLOC freed 2467K, 53% free 14468K/30420K, paused 16ms, total 18ms
D/dalvikvm(  479): GC_FOR_ALLOC freed 201K, 47% free 16297K/30420K, paused 20ms, total 20ms
W/InputMethodManagerService(  479): Window already focused, ignoring focus gain of: com.android.internal.view.IInputMethodClient$Stub$Proxy@4b15841c attribute=null, token = android.os.BinderProxy@4a9bb9d4
D/dalvikvm(  479): GC_FOR_ALLOC freed 62K, 40% free 18281K/30420K, paused 57ms, total 57ms
I/dalvikvm-heap(  479): Grow heap (frag case) to 19.895MB for 2073612-byte allocation
D/dalvikvm(  479): GC_FOR_ALLOC freed 4K, 38% free 20301K/32448K, paused 51ms, total 51ms
I/InputDispatcher(  479): Dropped event because of pending overdue app switch.
E/MediaPlayer(14233): Should have subtitle controller already set
W/InputManager(  479): Input event injection from pid 14223 failed.
W/InputManager(  479): Input event injection from pid 14223 failed.
W/ViewRootImpl(14233): Dropping event due to no window focus: KeyEvent { action=ACTION_DOWN, keyCode=KEYCODE_DPAD_UP, scanCode=0, metaState=0, flags=0x8, repeatCount=0, eventTime=1327685, downTime=1327685, deviceId=-1, source=0x101 }
D/dalvikvm(14233): GC_CONCURRENT freed 333K, 12% free 3196K/3592K, paused 0ms+0ms, total 6ms
W/InputMethodManagerService(  479): Window already focused, ignoring focus gain of: com.android.internal.view.IInputMethodClient$Stub$Proxy@4ab02d5c attribute=null, token = android.os.BinderProxy@4a9bb9d4
W/ViewRootImpl(14233): Dropping event due to no window focus: KeyEvent { action=ACTION_DOWN, keyCode=KEYCODE_BUTTON_7, scanCode=0, metaState=0, flags=0x8, repeatCount=0, eventTime=1327786, downTime=1327786, deviceId=-1, source=0x101 }
W/ViewRootImpl(14233): Dropping event due to no window focus: KeyEvent { action=ACTION_DOWN, keyCode=KEYCODE_DPAD_CENTER, scanCode=0, metaState=0, flags=0x8, repeatCount=0, eventTime=1327786, downTime=1327786, deviceId=-1, source=0x101 }
W/ViewRootImpl(14233): Dropping event due to no window focus: KeyEvent { action=ACTION_DOWN, keyCode=KEYCODE_MENU, scanCode=0, metaState=0, flags=0x8, repeatCount=0, eventTime=1327797, downTime=1327797, deviceId=-1, source=0x101 }
D/dalvikvm( 1014): GC_FOR_ALLOC freed 337K, 15% free 3388K/3980K, paused 2ms, total 3ms
I/iu.UploadsManager(  720): End new media; added: 1, uploading: 0, time: 276 ms
W/InputMethodManagerService(  479): Window already focused, ignoring focus gain of: com.android.internal.view.IInputMethodClient$Stub$Proxy@4a9a08d8 attribute=null, token = android.os.BinderProxy@4a9bb9d4
D/dalvikvm(  479): GC_FOR_ALLOC freed 6327K, 46% free 14264K/26372K, paused 37ms, total 38ms
I/dalvikvm-heap(  479): Grow heap (frag case) to 15.972MB for 2073612-byte allocation
D/dalvikvm(  479): GC_FOR_ALLOC freed 51K, 43% free 16237K/28400K, paused 19ms, total 19ms
D/dalvikvm(  479): GC_FOR_ALLOC freed 1K, 43% free 16242K/28400K, paused 29ms, total 29ms
I/dalvikvm-heap(  479): Grow heap (frag case) to 17.904MB for 2073612-byte allocation
D/dalvikvm(  479): GC_FOR_ALLOC freed <1K, 40% free 18267K/30428K, paused 23ms, total 23ms
W/ViewRootImpl(14233): Dropping event due to no window focus: KeyEvent { action=ACTION_DOWN, keyCode=KEYCODE_6, scanCode=0, metaState=0, flags=0x8, repeatCount=0, eventTime=1327958, downTime=1327958, deviceId=-1, source=0x101 }
W/ViewRootImpl(14233): Dropping event due to no window focus: KeyEvent { action=ACTION_DOWN, keyCode=KEYCODE_MENU, scanCode=0, metaState=0, flags=0x8, repeatCount=0, eventTime=1328098, downTime=1328098, deviceId=-1, source=0x101 }
W/ViewRootImpl(14233): Dropping event due to no window focus: KeyEvent { action=ACTION_DOWN, keyCode=KEYCODE_MENU, scanCode=0, metaState=0, flags=0x8, repeatCount=0, eventTime=1328104, downTime=1328104, deviceId=-1, source=0x101 }
E/MediaPlayer(14233): Should have subtitle controller already set
D/dalvikvm(  533): GC_FOR_ALLOC freed 762K, 29% free 16253K/22640K, paused 31ms, total 32ms
D/dalvikvm(  479): GC_FOR_ALLOC freed 5K, 40% free 18383K/30428K, paused 30ms, total 30ms
I/dalvikvm-heap(  479): Grow heap (frag case) to 19.995MB for 2073612-byte allocation
D/dalvikvm(  479): GC_FOR_ALLOC freed 6K, 38% free 20402K/32456K, paused 38ms, total 38ms
W/ViewRootImpl(14233): Dropping event due to no window focus: KeyEvent { action=ACTION_DOWN, keyCode=KEYCODE_DPAD_CENTER, scanCode=0, metaState=0, flags=0x8, repeatCount=0, eventTime=1328208, downTime=1328208, deviceId=-1, source=0x101 }
W/ViewRootImpl(14233): Dropping event due to no window focus: KeyEvent { action=ACTION_DOWN, keyCode=KEYCODE_4, scanCode=0, metaState=0, flags=0x8, repeatCount=0, eventTime=1328209, downTime=1328209, deviceId=-1, source=0x101 }
W/ViewRootImpl(14233): Dropping event due to no window focus: KeyEvent { action=ACTION_DOWN, keyCode=KEYCODE_MENU, scanCode=0, metaState=0, flags=0x8, repeatCount=0, eventTime=1328210, downTime=1328210, deviceId=-1, source=0x101 }
W/ViewRootImpl(14233): Dropping event due to no window focus: KeyEvent { action=ACTION_DOWN, keyCode=KEYCODE_BUTTON_4, scanCode=0, metaState=0, flags=0x8, repeatCount=0, eventTime=1328213, downTime=1328213, deviceId=-1, source=0x101 }
W/ViewRootImpl(14233): Dropping event due to no window focus: KeyEvent { action=ACTION_DOWN, keyCode=KEYCODE_DPAD_CENTER, scanCode=0, metaState=0, flags=0x8, repeatCount=0, eventTime=1328213, downTime=1328213, deviceId=-1, source=0x101 }
W/ViewRootImpl(14233): Dropping event due to no window focus: KeyEvent { action=ACTION_DOWN, keyCode=KEYCODE_F1, scanCode=0, metaState=0, flags=0x8, repeatCount=0, eventTime=1328215, downTime=1328215, deviceId=-1, source=0x101 }
W/ViewRootImpl(14233): Dropping event due to no window focus: MotionEvent { action=ACTION_MOVE, id[0]=0, x[0]=-2.0, y[0]=-2.0, toolType[0]=TOOL_TYPE_UNKNOWN, buttonState=0, metaState=0, flags=0x0, edgeFlags=0x0, pointerCount=1, historySize=9, eventTime=1328225, downTime=-1, deviceId=0, source=0x10004 }
W/ViewRootImpl(14233): Dropping event due to no window focus: MotionEvent { action=ACTION_DOWN, id[0]=0, x[0]=0.0, y[0]=0.0, toolType[0]=TOOL_TYPE_UNKNOWN, buttonState=0, metaState=0, flags=0x0, edgeFlags=0x0, pointerCount=1, historySize=0, eventTime=1328225, downTime=1328222, deviceId=0, source=0x10004 }
W/InputMethodManagerService(  479): Window already focused, ignoring focus gain of: com.android.internal.view.IInputMethodClient$Stub$Proxy@4af47374 attribute=null, token = android.os.BinderProxy@4a9bb9d4
V/PanelView(  533): animationTick called with dtms=0; nothing to do (h=0.0 v=-0.0)
V/PanelView(  533): animationTick called with dtms=-10; nothing to do (h=0.0 v=-0.0)
W/ViewRootImpl(14233): Dropping event due to no window focus: KeyEvent { action=ACTION_DOWN, keyCode=KEYCODE_DPAD_DOWN, scanCode=0, metaState=0, flags=0x8, repeatCount=0, eventTime=1328251, downTime=1328251, deviceId=-1, source=0x101 }
W/ViewRootImpl(14233): Dropping event due to no window focus: KeyEvent { action=ACTION_DOWN, keyCode=KEYCODE_BUTTON_5, scanCode=0, metaState=0, flags=0x8, repeatCount=0, eventTime=1328255, downTime=1328255, deviceId=-1, source=0x101 }
W/ViewRootImpl(14233): Dropping event due to no window focus: KeyEvent { action=ACTION_DOWN, keyCode=KEYCODE_DPAD_CENTER, scanCode=0, metaState=0, flags=0x8, repeatCount=0, eventTime=1328255, downTime=1328255, deviceId=-1, source=0x101 }
I/AndroidRuntime(14223): VM exiting with result code 0.
