--------- beginning of /dev/log/system
I/ActivityManager(  479): Resuming delayed broadcast
I/ActivityManager(  479): Delay finish: com.google.android.partnersetup/.RlzPingBroadcastReceiver
I/ActivityManager(  479): Resuming delayed broadcast
I/ActivityManager(  479): Delay finish: com.google.android.partnersetup/.AppInstalledReceiver
--------- beginning of /dev/log/main
D/dalvikvm( 1269): GC_CONCURRENT freed 411K, 15% free 2947K/3428K, paused 0ms+0ms, total 3ms
I/ActivityManager(  479): Resuming delayed broadcast
I/ActivityManager(  479): Delay finish: com.android.gallery3d/.app.PackagesMonitor
I/ActivityManager(  479): Resuming delayed broadcast
I/Finsky  (  940): [1] com.google.android.finsky.wear.WearSupportService.onStartCommand(21): Starting WearSupportService for auto_install
I/Finsky  (  940): [1] com.google.android.finsky.wear.ar.a(80): Connecting to wearable; initiated by: com.google.android.finsky.wear.WearSupportService
I/Finsky  (  940): [1] com.google.android.finsky.wear.WearSupportService.onStartCommand(21): Starting WearSupportService for send_installed_apps
I/Finsky  (  940): [1] com.google.android.finsky.externalreferrer.c.run(11): Package state data is missing for com.aflatoongames.FunnyQuotes
D/WearableService(  654): onGetService - Wear is not available on this device.
E/Finsky  (  940): [1] com.google.android.finsky.wear.au.a(3): onConnectionFailed: ConnectionResult{statusCode=API_UNAVAILABLE, resolution=null, message=null}
W/Finsky  (  940): [1] com.google.android.finsky.wear.cd.run(12): Dropping command=auto_install due to Gms not connected
I/Finsky  (  940): [1] com.google.android.finsky.wear.WearSupportService.b(67): Stopping WearSupportService
W/Finsky  (  940): [1] com.google.android.finsky.wear.cd.run(12): Dropping command=send_installed_apps due to Gms not connected
I/Finsky  (  940): [1] com.google.android.finsky.wear.WearSupportService.b(67): Stopping WearSupportService
I/WearableService(  654): Wearable Services stopping
I/Icing   (  720): Indexing 9EBFE84EABD9270B25A97439CA522B4FC49A4875 from com.google.android.gms
I/Icing   (  720): Indexing done 9EBFE84EABD9270B25A97439CA522B4FC49A4875
D/AndroidRuntime(11436): 
D/AndroidRuntime(11436): >>>>>> AndroidRuntime START com.android.internal.os.RuntimeInit <<<<<<
D/AndroidRuntime(11436): CheckJNI is OFF
D/dalvikvm(11436): Using executionMode 2
D/dalvikvm(11436): Trying to load lib libjavacore.so 0x0
D/dalvikvm(11436): Added shared lib libjavacore.so 0x0
D/dalvikvm(11436): Trying to load lib libnativehelper.so 0x0
D/dalvikvm(11436): Added shared lib libnativehelper.so 0x0
D/dalvikvm(11436): No JNI_OnLoad found in libnativehelper.so 0x0, skipping init
D/dalvikvm(11436): Note: class Landroid/app/ActivityManagerNative; has 179 unimplemented (abstract) methods
E/memtrack(11436): Couldn't load memtrack module (No such file or directory)
E/android.os.Debug(11436): failed to load memtrack module: -2
D/AndroidRuntime(11436): Calling main entry com.android.commands.monkey.Monkey
W/BroadcastQueue(  479): Skipping deliver [background] BroadcastRecord{4afbec4c u-1 android.net.conn.CONNECTIVITY_CHANGE} to ReceiverList{4aff48f4 11436 (unknown name)/0/u-1 remote:4ab00ec8}: process crashing
I/ActivityManager(  479): START u0 {act=android.intent.action.MAIN cat=[android.intent.category.LAUNCHER] flg=0x10200000 cmp=com.aflatoongames.FunnyQuotes/.FunnyQuotes} from pid 11436
W/NetworkManagementSocketTagger(  479): setKernelCountSet(10064, 1) failed with errno -13
I/dalvikvm(11446): ignoring registerObject request in thread=1
I/ActivityManager(  479): Start proc com.aflatoongames.FunnyQuotes for activity com.aflatoongames.FunnyQuotes/.FunnyQuotes: pid=11446 uid=10064 gids={50064, 3003, 1028, 1015, 1023}
I/dalvikvm(11446): ignoring registerObject request in thread=1
D/dalvikvm(11446): Trying to load lib /data/app-lib/com.aflatoongames.FunnyQuotes-1/libcocos2dcpp.so 0x94fa18e8
D/dalvikvm(11446): Added shared lib /data/app-lib/com.aflatoongames.FunnyQuotes-1/libcocos2dcpp.so 0x94fa18e8
D/Cocos2dxActivity(11446): model=SM-G9350
D/Cocos2dxActivity(11446): product=SM-G9350
D/Cocos2dxActivity(11446): isEmulator=false
I/dalvikvm(11446): Could not find method android.content.pm.PackageManager.getPackageInstaller, referenced from method com.google.android.gms.common.zze.zzi
W/dalvikvm(11446): VFY: unable to resolve virtual method 314: Landroid/content/pm/PackageManager;.getPackageInstaller ()Landroid/content/pm/PackageInstaller;
D/dalvikvm(11446): VFY: replacing opcode 0x6e at 0x000a
D/dalvikvm(11446): JIT code cache reset in 0 ms (0 bytes 1/0)
D/dalvikvm(11446): GC_CONCURRENT freed 203K, 9% free 3027K/3296K, paused 1ms+0ms, total 3ms
I/dalvikvm(11446): Could not find method android.content.pm.PackageManager.getPackageInstaller, referenced from method izp.a
W/dalvikvm(11446): VFY: unable to resolve virtual method 1801: Landroid/content/pm/PackageManager;.getPackageInstaller ()Landroid/content/pm/PackageInstaller;
D/dalvikvm(11446): VFY: replacing opcode 0x6e at 0x001c
I/dalvikvm(11446): Could not find method android.content.ContextWrapper.createCredentialProtectedStorageContext, referenced from method imo.createCredentialProtectedStorageContext
W/dalvikvm(11446): VFY: unable to resolve virtual method 1708: Landroid/content/ContextWrapper;.createCredentialProtectedStorageContext ()Landroid/content/Context;
D/dalvikvm(11446): VFY: replacing opcode 0x6f at 0x0002
I/dalvikvm(11446): Could not find method android.content.ContextWrapper.createDeviceProtectedStorageContext, referenced from method imo.createDeviceProtectedStorageContext
W/dalvikvm(11446): VFY: unable to resolve virtual method 1709: Landroid/content/ContextWrapper;.createDeviceProtectedStorageContext ()Landroid/content/Context;
D/dalvikvm(11446): VFY: replacing opcode 0x6f at 0x0002
I/dalvikvm(11446): Could not find method android.content.ContextWrapper.createCredentialProtectedStorageContext, referenced from method com.google.android.chimera.ModuleContext.createCredentialProtectedStorageContext
W/dalvikvm(11446): VFY: unable to resolve virtual method 1708: Landroid/content/ContextWrapper;.createCredentialProtectedStorageContext ()Landroid/content/Context;
D/dalvikvm(11446): VFY: replacing opcode 0x6f at 0x0002
I/dalvikvm(11446): Could not find method android.content.ContextWrapper.createDeviceProtectedStorageContext, referenced from method com.google.android.chimera.ModuleContext.createDeviceProtectedStorageContext
W/dalvikvm(11446): VFY: unable to resolve virtual method 1709: Landroid/content/ContextWrapper;.createDeviceProtectedStorageContext ()Landroid/content/Context;
D/dalvikvm(11446): VFY: replacing opcode 0x6f at 0x0002
I/dalvikvm(11446): Could not find method android.content.Context.isCredentialProtectedStorage, referenced from method cqq.a
W/dalvikvm(11446): VFY: unable to resolve virtual method 1688: Landroid/content/Context;.isCredentialProtectedStorage ()Z
D/dalvikvm(11446): VFY: replacing opcode 0x6e at 0x0000
I/dalvikvm(11446): Could not find method android.os.UserManager.isUserUnlocked, referenced from method cqq.a
W/dalvikvm(11446): VFY: unable to resolve virtual method 2311: Landroid/os/UserManager;.isUserUnlocked ()Z
D/dalvikvm(11446): VFY: replacing opcode 0x6e at 0x001a
I/dalvikvm(11446): Could not find method android.content.Context.isDeviceProtectedStorage, referenced from method cqq.b
W/dalvikvm(11446): VFY: unable to resolve virtual method 1689: Landroid/content/Context;.isDeviceProtectedStorage ()Z
D/dalvikvm(11446): VFY: replacing opcode 0x6e at 0x0000
I/dalvikvm(11446): Could not find method android.content.Context.isDeviceProtectedStorage, referenced from method cqq.c
W/dalvikvm(11446): VFY: unable to resolve virtual method 1689: Landroid/content/Context;.isDeviceProtectedStorage ()Z
D/dalvikvm(11446): VFY: replacing opcode 0x6e at 0x0000
I/dalvikvm(11446): Could not find method android.content.Context.createDeviceProtectedStorageContext, referenced from method jkx.a
W/dalvikvm(11446): VFY: unable to resolve virtual method 1659: Landroid/content/Context;.createDeviceProtectedStorageContext ()Landroid/content/Context;
D/dalvikvm(11446): VFY: replacing opcode 0x6e at 0x0029
I/dalvikvm(11446): Could not find method android.content.Context.getSystemService, referenced from method jkx.b
W/dalvikvm(11446): VFY: unable to resolve virtual method 1684: Landroid/content/Context;.getSystemService (Ljava/lang/Class;)Ljava/lang/Object;
D/dalvikvm(11446): VFY: replacing opcode 0x6e at 0x000b
D/dalvikvm(11446): DexOpt: couldn't find static field Landroid/os/Build;.SUPPORTED_64_BIT_ABIS
W/dalvikvm(11446): VFY: unable to resolve static field 917 (SUPPORTED_64_BIT_ABIS) in Landroid/os/Build;
D/dalvikvm(11446): VFY: replacing opcode 0x62 at 0x0012
D/dalvikvm(11446): DexOpt: couldn't find static field Landroid/os/Build;.SUPPORTED_32_BIT_ABIS
W/dalvikvm(11446): VFY: unable to resolve static field 916 (SUPPORTED_32_BIT_ABIS) in Landroid/os/Build;
D/dalvikvm(11446): VFY: replacing opcode 0x62 at 0x0021
D/dalvikvm(11446): DexOpt: couldn't find static field Landroid/os/Build;.SUPPORTED_ABIS
W/dalvikvm(11446): VFY: unable to resolve static field 918 (SUPPORTED_ABIS) in Landroid/os/Build;
D/dalvikvm(11446): VFY: replacing opcode 0x62 at 0x0008
D/dalvikvm(11446): DexOpt: couldn't find static field Landroid/os/Build;.SUPPORTED_64_BIT_ABIS
W/dalvikvm(11446): VFY: unable to resolve static field 917 (SUPPORTED_64_BIT_ABIS) in Landroid/os/Build;
D/dalvikvm(11446): VFY: replacing opcode 0x62 at 0x0008
D/dalvikvm(11446): DexOpt: couldn't find static field Landroid/os/Build;.SUPPORTED_64_BIT_ABIS
I/dalvikvm(11446): DexOpt: unable to optimize static field ref 0x0395 at 0x17 in Lcsq;.a
D/dalvikvm(11446): DexOpt: couldn't find static field Landroid/os/Build;.SUPPORTED_32_BIT_ABIS
I/dalvikvm(11446): DexOpt: unable to optimize static field ref 0x0394 at 0x26 in Lcsq;.a
D/dalvikvm(11446): DexOpt: couldn't find static field Landroid/os/Build;.SUPPORTED_64_BIT_ABIS
I/dalvikvm(11446): DexOpt: unable to optimize static field ref 0x0395 at 0x0d in Lcsq;.b
D/DynamitePackage(11446): Instantiated singleton DynamitePackage.
D/DynamitePackage(11446): Instantiating com.google.android.gms.ads.ChimeraAdManagerCreatorImpl
D/dalvikvm(11446): GC_CONCURRENT freed 235K, 9% free 3180K/3480K, paused 3ms+1ms, total 6ms
I/dalvikvm(11446): Could not find method android.content.pm.PackageManager.getPackageInstaller, referenced from method iy.a
W/dalvikvm(11446): VFY: unable to resolve virtual method 1587: Landroid/content/pm/PackageManager;.getPackageInstaller ()Landroid/content/pm/PackageInstaller;
D/dalvikvm(11446): VFY: replacing opcode 0x6e at 0x0017
I/dalvikvm(11446): Could not find method android.security.NetworkSecurityPolicy.getInstance, referenced from method com.google.android.gms.ads.internal.util.ae.a
W/dalvikvm(11446): VFY: unable to resolve static method 2118: Landroid/security/NetworkSecurityPolicy;.getInstance ()Landroid/security/NetworkSecurityPolicy;
D/dalvikvm(11446): VFY: replacing opcode 0x71 at 0x00d3
I/dalvikvm(11446): Could not find method android.content.pm.PackageManager.isInstantApp, referenced from method pv.a
W/dalvikvm(11446): VFY: unable to resolve virtual method 1592: Landroid/content/pm/PackageManager;.isInstantApp (Ljava/lang/String;)Z
D/dalvikvm(11446): VFY: replacing opcode 0x6e at 0x002d
I/dalvikvm(11446): Could not find method android.content.pm.PackageManager.isInstantApp, referenced from method pu.a
W/dalvikvm(11446): VFY: unable to resolve virtual method 1591: Landroid/content/pm/PackageManager;.isInstantApp ()Z
D/dalvikvm(11446): VFY: replacing opcode 0x6e at 0x0028
D/dalvikvm(11446): GC_CONCURRENT freed 272K, 10% free 3302K/3644K, paused 1ms+0ms, total 5ms
D/dalvikvm(11446): DexOpt: --- BEGIN '1505450608132.jar' (bootstrap=0) ---
I/Ads     (11446): Starting ad request.
I/Ads     (11446): Use AdRequest.Builder.addTestDevice("A8F049FC454E72BFB6EA60EE2500BB55") to get test ads on this device.
I/Ads     (11446): Please set theme of AdActivity to @android:style/Theme.Translucent to enable transparent background interstitial ad.
D/DynamitePackage(11446): Instantiating com.google.android.gms.ads.ChimeraAdManagerCreatorImpl
I/Ads     (11446): Starting ad request.
I/Ads     (11446): Use AdRequest.Builder.addTestDevice("A8F049FC454E72BFB6EA60EE2500BB55") to get test ads on this device.
I/Ads     (11446): Please set theme of AdActivity to @android:style/Theme.Translucent to enable transparent background interstitial ad.
E/dalvikvm(11446): Could not find class 'android.support.v4.util.ArrayMap', referenced from method com.google.android.gms.measurement.internal.zzw.zzDc
W/dalvikvm(11446): VFY: unable to resolve new-instance 221 (Landroid/support/v4/util/ArrayMap;) in Lcom/google/android/gms/measurement/internal/zzw;
D/dalvikvm(11446): VFY: replacing opcode 0x22 at 0x03fd
D/dalvikvm(11446): DexOpt: unable to opt direct call 0x03b2 at 0x403 in Lcom/google/android/gms/measurement/internal/zzw;.zzDc
D/dalvikvm(11446): GC_CONCURRENT freed 315K, 11% free 3380K/3760K, paused 2ms+2ms, total 6ms
I/GMPM    (11446): App measurement is starting up, version: 8487
I/GMPM    (11446): To enable debug logging run: adb shell setprop log.tag.GMPM VERBOSE
E/GMPM    (11446): GoogleService failed to initialize, status: 10, Missing an expected resource: 'R.string.google_app_id' for initializing Google services.  Possible causes are missing google-services.json or com.google.gms.google-services gradle plugin.
E/GMPM    (11446): Scheduler not set. Not logging error/warn.
E/dalvikvm(11446): Could not find class 'android.support.v4.util.ArrayMap', referenced from method com.google.android.gms.measurement.internal.zze.<clinit>
W/dalvikvm(11446): VFY: unable to resolve new-instance 221 (Landroid/support/v4/util/ArrayMap;) in Lcom/google/android/gms/measurement/internal/zze;
D/dalvikvm(11446): VFY: replacing opcode 0x22 at 0x0000
E/dalvikvm(11446): Could not find class 'android.support.v4.util.ArrayMap', referenced from method com.google.android.gms.measurement.internal.zze.zzL
W/dalvikvm(11446): VFY: unable to resolve new-instance 221 (Landroid/support/v4/util/ArrayMap;) in Lcom/google/android/gms/measurement/internal/zze;
D/dalvikvm(11446): VFY: replacing opcode 0x22 at 0x0014
E/dalvikvm(11446): Could not find class 'android.support.v4.util.ArrayMap', referenced from method com.google.android.gms.measurement.internal.zze.zzM
W/dalvikvm(11446): VFY: unable to resolve new-instance 221 (Landroid/support/v4/util/ArrayMap;) in Lcom/google/android/gms/measurement/internal/zze;
D/dalvikvm(11446): VFY: replacing opcode 0x22 at 0x0014
D/dalvikvm(11446): DexOpt: unable to opt direct call 0x03b3 at 0x04 in Lcom/google/android/gms/measurement/internal/zze;.<clinit>
D/dalvikvm(11446): DexOpt: unable to opt direct call 0x03b2 at 0x17 in Lcom/google/android/gms/measurement/internal/zze;.zzL
D/dalvikvm(11446): DexOpt: unable to opt direct call 0x03b2 at 0x17 in Lcom/google/android/gms/measurement/internal/zze;.zzM
W/dalvikvm(11446): Exception Ljava/lang/NoClassDefFoundError; thrown while initializing Lcom/google/android/gms/measurement/internal/zze;
W/Ads     (11446): Invoke Firebase method getInstance error.
W/Ads     (11446): The Google Mobile Ads SDK will not integrate with Firebase. Admob/Firebase integration requires the latest Firebase SDK jar, but Firebase SDK is either missing or out of date
I/GMPM    (11446): App measurement is starting up, version: 8487
I/GMPM    (11446): To enable debug logging run: adb shell setprop log.tag.GMPM VERBOSE
E/GMPM    (11446): GoogleService failed to initialize, status: 10, Missing an expected resource: 'R.string.google_app_id' for initializing Google services.  Possible causes are missing google-services.json or com.google.gms.google-services gradle plugin.
E/GMPM    (11446): Scheduler not set. Not logging error/warn.
I/dalvikvm(11446): Rejecting re-init on previously-failed class Lcom/google/android/gms/measurement/internal/zze; v=0x0
D/dalvikvm(11485): DexOpt: load 0ms, verify+opt 5ms, 291956 bytes
D/dalvikvm(11446): DexOpt: --- END '1505450608132.jar' (success) ---
D/dalvikvm(11446): DEX prep '/data/data/com.aflatoongames.FunnyQuotes/cache/1505450608132.jar': unzip in 0ms, rewrite 230ms
D/dalvikvm(11446): GC_FOR_ALLOC freed 304K, 14% free 3417K/3956K, paused 2ms, total 2ms
D/dalvikvm(11446): GC_CONCURRENT freed 353K, 13% free 3450K/3956K, paused 2ms+0ms, total 4ms
D/libEGL  (11446): loaded /system/lib/egl/libEGL_adreno.so
D/        (11446): HostConnection::get() New Host Connection established 0xb8bfe230, tid 11446
D/libEGL  (11446): loaded /system/lib/egl/libGLESv1_CM_adreno.so
D/libEGL  (11446): loaded /system/lib/egl/libGLESv2_adreno.so
W/EGL_emulation(11446): eglSurfaceAttrib not implemented 3093 12436
D/OpenGLRenderer(11446): Enabling debug mode 0
D/        (11446): HostConnection::get() New Host Connection established 0xb8c05c90, tid 11461
W/ViewRootImpl(11446): Dropping event due to no window focus: KeyEvent { action=ACTION_DOWN, keyCode=KEYCODE_DPAD_RIGHT, scanCode=0, metaState=0, flags=0x8, repeatCount=0, eventTime=1075647, downTime=1075647, deviceId=-1, source=0x101 }
W/ViewRootImpl(11446): Dropping event due to no window focus: KeyEvent { action=ACTION_DOWN, keyCode=KEYCODE_DPAD_LEFT, scanCode=0, metaState=0, flags=0x8, repeatCount=0, eventTime=1076539, downTime=1076539, deviceId=-1, source=0x101 }
W/ViewRootImpl(11446): Dropping event due to no window focus: MotionEvent { action=ACTION_MOVE, id[0]=0, x[0]=3.0, y[0]=-2.0, toolType[0]=TOOL_TYPE_UNKNOWN, buttonState=0, metaState=0, flags=0x0, edgeFlags=0x0, pointerCount=1, historySize=9, eventTime=1076541, downTime=-1, deviceId=0, source=0x10004 }
W/ViewRootImpl(11446): Dropping event due to no window focus: MotionEvent { action=ACTION_DOWN, id[0]=0, x[0]=0.0, y[0]=0.0, toolType[0]=TOOL_TYPE_UNKNOWN, buttonState=0, metaState=0, flags=0x0, edgeFlags=0x0, pointerCount=1, historySize=0, eventTime=1076541, downTime=1076540, deviceId=0, source=0x10004 }
W/ViewRootImpl(11446): Dropping event due to no window focus: KeyEvent { action=ACTION_DOWN, keyCode=KEYCODE_MENU, scanCode=0, metaState=0, flags=0x8, repeatCount=0, eventTime=1076541, downTime=1076541, deviceId=-1, source=0x101 }
W/ViewRootImpl(11446): Dropping event due to no window focus: KeyEvent { action=ACTION_DOWN, keyCode=KEYCODE_DPAD_LEFT, scanCode=0, metaState=0, flags=0x8, repeatCount=0, eventTime=1076543, downTime=1076543, deviceId=-1, source=0x101 }
W/ViewRootImpl(11446): Dropping event due to no window focus: KeyEvent { action=ACTION_DOWN, keyCode=KEYCODE_SHIFT_LEFT, scanCode=0, metaState=0, flags=0x8, repeatCount=0, eventTime=1076544, downTime=1076544, deviceId=-1, source=0x101 }
D/cocos2d-x debug info(11446): 
D/cocos2d-x debug info(11446): <dict>
D/cocos2d-x debug info(11446): 	cocos2d.x.version: cocos2d-x 2.2.6
D/cocos2d-x debug info(11446): 	cocos2d.x.compiled_with_profiler: false
D/cocos2d-x debug info(11446): 	cocos2d.x.compiled_with_gl_state_cache: true
D/cocos2d-x debug info(11446): 	gl.vendor: Qualcomm
D/cocos2d-x debug info(11446): 	gl.renderer: Adreno (TM) 510
D/cocos2d-x debug info(11446): 	gl.version: OpenGL ES 2.0 build 1.3@223871
D/cocos2d-x debug info(11446): 	gl.max_texture_size: 16384
D/cocos2d-x debug info(11446): 	gl.max_texture_units: 16
D/cocos2d-x debug info(11446): 	gl.supports_PVRTC: true
D/cocos2d-x debug info(11446): 	gl.supports_NPOT: true
D/cocos2d-x debug info(11446): 	gl.supports_BGRA8888: false
D/cocos2d-x debug info(11446): 	gl.supports_discard_framebuffer: false
D/cocos2d-x debug info(11446): 	gl.supports_vertex_array_object: false
D/cocos2d-x debug info(11446): </dict>
I/ActivityManager(  479): Displayed com.aflatoongames.FunnyQuotes/.FunnyQuotes: +1s32ms
W/ContextImpl(  479): Calling a method in the system process without a qualified user: android.app.ContextImpl.sendBroadcast:1123 com.android.server.InputMethodManagerService.hideCurrentInputLocked:1880 com.android.server.InputMethodManagerService.windowGainedFocus:1968 com.android.internal.view.IInputMethodManager$Stub.onTransact:221 com.android.server.InputMethodManagerService.onTransact:818 
W/Herrevad(  720): [811] rqj.a: On wifi, but couldn't get security type
W/DebugConnManager(  720): getNetworkInfo() on networkType 0
I/qtaguid (  720): Tagging socket 142 with tag 3000010500000000(805306629) for uid -1 failed errno=-13
I/NetworkManagementSocketTagger(  720): tagSocketFd(142, 805306629, -1) failed with errno-13
I/qtaguid (  720): Tagging socket 143 with tag 3000010500000000(805306629) for uid -1 failed errno=-13
I/NetworkManagementSocketTagger(  720): tagSocketFd(143, 805306629, -1) failed with errno-13
I/qtaguid (  720): Tagging socket 148 with tag 3000010500000000(805306629) for uid -1 failed errno=-13
I/qtaguid (  720): Tagging socket 149 with tag 3000010500000000(805306629) for uid -1 failed errno=-13
I/NetworkManagementSocketTagger(  720): tagSocketFd(148, 805306629, -1) failed with errno-13
I/qtaguid (  720): Untagging socket 148 failed errno=-13
W/NetworkManagementSocketTagger(  720): untagSocket(148) failed with errno -13
I/qtaguid (  720): Tagging socket 148 with tag 3000010500000000(805306629) for uid -1 failed errno=-13
I/NetworkManagementSocketTagger(  720): tagSocketFd(149, 805306629, -1) failed with errno-13
I/qtaguid (  720): Untagging socket 149 failed errno=-13
I/NetworkManagementSocketTagger(  720): tagSocketFd(148, 805306629, -1) failed with errno-13
I/qtaguid (  720): Untagging socket 148 failed errno=-13
W/NetworkManagementSocketTagger(  720): untagSocket(149) failed with errno -13
I/qtaguid (  720): Tagging socket 149 with tag 3000010500000000(805306629) for uid -1 failed errno=-13
W/NetworkManagementSocketTagger(  720): untagSocket(148) failed with errno -13
I/qtaguid (  720): Tagging socket 148 with tag 3000010500000000(805306629) for uid -1 failed errno=-13
I/NetworkManagementSocketTagger(  720): tagSocketFd(149, 805306629, -1) failed with errno-13
I/qtaguid (  720): Untagging socket 149 failed errno=-13
I/NetworkManagementSocketTagger(  720): tagSocketFd(148, 805306629, -1) failed with errno-13
W/NetworkManagementSocketTagger(  720): untagSocket(149) failed with errno -13
I/qtaguid (  720): Untagging socket 148 failed errno=-13
I/qtaguid (  720): Tagging socket 149 with tag 3000010500000000(805306629) for uid -1 failed errno=-13
W/NetworkManagementSocketTagger(  720): untagSocket(148) failed with errno -13
I/qtaguid (  720): Tagging socket 148 with tag 3000010500000000(805306629) for uid -1 failed errno=-13
I/NetworkManagementSocketTagger(  720): tagSocketFd(149, 805306629, -1) failed with errno-13
I/qtaguid (  720): Untagging socket 149 failed errno=-13
I/NetworkManagementSocketTagger(  720): tagSocketFd(148, 805306629, -1) failed with errno-13
I/qtaguid (  720): Untagging socket 148 failed errno=-13
W/NetworkManagementSocketTagger(  720): untagSocket(148) failed with errno -13
I/qtaguid (  720): Tagging socket 148 with tag 3000010500000000(805306629) for uid -1 failed errno=-13
I/NetworkManagementSocketTagger(  720): tagSocketFd(148, 805306629, -1) failed with errno-13
I/qtaguid (  720): Untagging socket 148 failed errno=-13
W/NetworkManagementSocketTagger(  720): untagSocket(148) failed with errno -13
W/NetworkManagementSocketTagger(  720): untagSocket(149) failed with errno -13
I/qtaguid (  720): Tagging socket 149 with tag 3000010500000000(805306629) for uid -1 failed errno=-13
I/NetworkManagementSocketTagger(  720): tagSocketFd(149, 805306629, -1) failed with errno-13
I/qtaguid (  720): Untagging socket 149 failed errno=-13
I/qtaguid (  720): Tagging socket 148 with tag 3000010500000000(805306629) for uid -1 failed errno=-13
I/NetworkManagementSocketTagger(  720): tagSocketFd(148, 805306629, -1) failed with errno-13
I/qtaguid (  720): Untagging socket 148 failed errno=-13
W/NetworkManagementSocketTagger(  720): untagSocket(149) failed with errno -13
I/qtaguid (  720): Tagging socket 149 with tag 3000010500000000(805306629) for uid -1 failed errno=-13
W/NetworkManagementSocketTagger(  720): untagSocket(148) failed with errno -13
I/NetworkManagementSocketTagger(  720): tagSocketFd(149, 805306629, -1) failed with errno-13
I/qtaguid (  720): Untagging socket 149 failed errno=-13
W/NetworkManagementSocketTagger(  720): untagSocket(149) failed with errno -13
I/qtaguid (  720): Tagging socket 148 with tag 3000010500000000(805306629) for uid -1 failed errno=-13
I/NetworkManagementSocketTagger(  720): tagSocketFd(148, 805306629, -1) failed with errno-13
I/qtaguid (  720): Untagging socket 148 failed errno=-13
W/NetworkManagementSocketTagger(  720): untagSocket(148) failed with errno -13
D/dalvikvm(  720): GC_FOR_ALLOC freed 1601K, 20% free 9016K/11148K, paused 14ms, total 15ms
W/NetworkManagementSocketTagger(  479): setKernelCountSet(10007, 0) failed with errno -13
I/ActivityManager(  479): START u0 {act=android.intent.action.CALL_BUTTON flg=0x10000000} from pid 11446
W/PhoneFallbackEventHandler(11446): No activity found for android.intent.action.CALL_BUTTON.
I/ActivityManager(  479): START u0 {act=android.intent.action.MAIN cat=[android.intent.category.LAUNCHER] flg=0x10200000 cmp=com.aflatoongames.FunnyQuotes/.FunnyQuotes} from pid 11436
I/ActivityManager(  479): START u0 {act=android.intent.action.MAIN cat=[android.intent.category.HOME] flg=0x10200000 cmp=com.vphone.launcher/.Launcher} from pid 479
I/ActivityManager(  479): START u0 {act=android.intent.action.MAIN cat=[android.intent.category.LAUNCHER] flg=0x10200000 cmp=com.aflatoongames.FunnyQuotes/.FunnyQuotes} from pid 11436
I/ActivityManager(  479): START u0 {act=android.intent.action.CALL_BUTTON flg=0x10000000} from pid 11446
W/PhoneFallbackEventHandler(11446): No activity found for android.intent.action.CALL_BUTTON.
I/ActivityManager(  479): START u0 {act=android.intent.action.MAIN cat=[android.intent.category.LAUNCHER] flg=0x10200000 cmp=com.aflatoongames.FunnyQuotes/.FunnyQuotes} from pid 11436
D/dalvikvm(  720): GC_FOR_ALLOC freed 264K, 20% free 9053K/11188K, paused 61ms, total 61ms
D/dalvikvm(  720): GC_FOR_ALLOC freed 36K, 20% free 9071K/11244K, paused 36ms, total 36ms
I/dalvikvm-heap(  720): Grow heap (frag case) to 9.060MB for 82986-byte allocation
I/ActivityManager(  479): START u0 {act=android.intent.action.MAIN cat=[android.intent.category.LAUNCHER] flg=0x10200000 cmp=com.aflatoongames.FunnyQuotes/.FunnyQuotes} from pid 11436
V/InputMethodService( 5925): onEvaluateInputViewShown: config.hardKeyboardHidden = 1
W/ContextImpl(  479): Calling a method in the system process without a qualified user: android.app.ContextImpl.sendBroadcast:1123 com.android.server.InputMethodManagerService.showCurrentInputLocked:1791 com.android.server.InputMethodManagerService.showSoftInput:1753 com.android.internal.view.IInputMethodManager$Stub.onTransact:175 com.android.server.InputMethodManagerService.onTransact:818 
D/dalvikvm(  720): GC_FOR_ALLOC freed 0K, 20% free 9152K/11328K, paused 49ms, total 49ms
I/qtaguid (  720): Untagging socket 142 failed errno=-13
W/NetworkManagementSocketTagger(  720): untagSocket(142) failed with errno -13
V/InputMethodService( 5925): onEvaluateInputViewShown: config.hardKeyboardHidden = 1
W/ContextImpl(  479): Calling a method in the system process without a qualified user: android.app.ContextImpl.sendBroadcast:1123 com.android.server.InputMethodManagerService.showCurrentInputLocked:1791 com.android.server.InputMethodManagerService.showSoftInput:1753 com.android.internal.view.IInputMethodManager$Stub.onTransact:175 com.android.server.InputMethodManagerService.onTransact:818 
I/ActivityManager(  479): START u0 {act=android.intent.action.MAIN cat=[android.intent.category.LAUNCHER] flg=0x10200000 cmp=com.aflatoongames.FunnyQuotes/.FunnyQuotes} from pid 11436
V/InputMethodService( 5925): onEvaluateInputViewShown: config.hardKeyboardHidden = 1
W/ContextImpl(  479): Calling a method in the system process without a qualified user: android.app.ContextImpl.sendBroadcast:1123 com.android.server.InputMethodManagerService.showCurrentInputLocked:1791 com.android.server.InputMethodManagerService.showSoftInput:1753 com.android.internal.view.IInputMethodManager$Stub.onTransact:175 com.android.server.InputMethodManagerService.onTransact:818 
V/InputMethodService( 5925): onEvaluateInputViewShown: config.hardKeyboardHidden = 1
W/ContextImpl(  479): Calling a method in the system process without a qualified user: android.app.ContextImpl.sendBroadcast:1123 com.android.server.InputMethodManagerService.showCurrentInputLocked:1791 com.android.server.InputMethodManagerService.showSoftInput:1753 com.android.internal.view.IInputMethodManager$Stub.onTransact:175 com.android.server.InputMethodManagerService.onTransact:818 
D/dalvikvm(  720): GC_FOR_ALLOC freed 380K, 21% free 9040K/11400K, paused 36ms, total 36ms
D/dalvikvm(  720): GC_FOR_ALLOC freed 145K, 20% free 9195K/11400K, paused 11ms, total 11ms
I/dalvikvm-heap(  720): Grow heap (frag case) to 9.180MB for 82986-byte allocation
D/dalvikvm(  720): GC_FOR_ALLOC freed 0K, 20% free 9276K/11484K, paused 12ms, total 12ms
D/dalvikvm(  720): GC_FOR_ALLOC freed 57K, 20% free 9220K/11484K, paused 35ms, total 68ms
I/InputDispatcher(  479): Dropped event because of pending overdue app switch.
I/InputDispatcher(  479): Dropped event because of pending overdue app switch.
I/InputDispatcher(  479): Dropped event because of pending overdue app switch.
I/InputDispatcher(  479): Dropped event because of pending overdue app switch.
I/InputDispatcher(  479): Dropped event because of pending overdue app switch.
I/InputDispatcher(  479): Dropped event because of pending overdue app switch.
I/InputDispatcher(  479): Dropped event because of pending overdue app switch.
I/InputDispatcher(  479): Dropped event because of pending overdue app switch.
I/InputDispatcher(  479): Dropped event because of pending overdue app switch.
I/InputDispatcher(  479): Dropped event because of pending overdue app switch.
I/InputDispatcher(  479): Dropped event because of pending overdue app switch.
I/InputDispatcher(  479): Dropped event because of pending overdue app switch.
I/InputDispatcher(  479): Dropped event because of pending overdue app switch.
I/InputDispatcher(  479): Dropped event because of pending overdue app switch.
I/InputDispatcher(  479): Dropped event because of pending overdue app switch.
I/InputDispatcher(  479): Dropped event because of pending overdue app switch.
I/InputDispatcher(  479): Dropped event because of pending overdue app switch.
I/InputDispatcher(  479): Dropped event because of pending overdue app switch.
I/InputDispatcher(  479): Dropped event because of pending overdue app switch.
I/InputDispatcher(  479): Dropped event because of pending overdue app switch.
I/InputDispatcher(  479): Dropped event because of pending overdue app switch.
I/InputDispatcher(  479): Dropped event because of pending overdue app switch.
I/InputDispatcher(  479): Dropped event because of pending overdue app switch.
I/InputDispatcher(  479): Dropped event because of pending overdue app switch.
I/InputDispatcher(  479): Dropped event because of pending overdue app switch.
I/InputDispatcher(  479): Dropped event because of pending overdue app switch.
I/InputDispatcher(  479): Dropped event because of pending overdue app switch.
I/InputDispatcher(  479): Dropped event because of pending overdue app switch.
W/InputManager(  479): Input event injection from pid 11436 failed.
W/InputManager(  479): Input event injection from pid 11436 failed.
W/InputManager(  479): Input event injection from pid 11436 failed.
W/InputManager(  479): Input event injection from pid 11436 failed.
W/InputManager(  479): Input event injection from pid 11436 failed.
W/InputManager(  479): Input event injection from pid 11436 failed.
W/InputManager(  479): Input event injection from pid 11436 failed.
W/InputManager(  479): Input event injection from pid 11436 failed.
W/InputManager(  479): Input event injection from pid 11436 failed.
W/InputManager(  479): Input event injection from pid 11436 failed.
W/InputManager(  479): Input event injection from pid 11436 failed.
W/InputManager(  479): Input event injection from pid 11436 failed.
W/InputManager(  479): Input event injection from pid 11436 failed.
W/InputManager(  479): Input event injection from pid 11436 failed.
W/InputManager(  479): Input event injection from pid 11436 failed.
W/InputManager(  479): Input event injection from pid 11436 failed.
W/InputManager(  479): Input event injection from pid 11436 failed.
W/InputManager(  479): Input event injection from pid 11436 failed.
W/InputManager(  479): Input event injection from pid 11436 failed.
W/InputManager(  479): Input event injection from pid 11436 failed.
W/InputManager(  479): Input event injection from pid 11436 failed.
W/InputManager(  479): Input event injection from pid 11436 failed.
W/InputManager(  479): Input event injection from pid 11436 failed.
W/InputManager(  479): Input event injection from pid 11436 failed.
W/InputManager(  479): Input event injection from pid 11436 failed.
W/InputManager(  479): Input event injection from pid 11436 failed.
W/InputManager(  479): Input event injection from pid 11436 failed.
W/InputManager(  479): Input event injection from pid 11436 failed.
I/InputDispatcher(  479): Dropped event because of pending overdue app switch.
I/InputDispatcher(  479): Dropped event because of pending overdue app switch.
I/InputDispatcher(  479): Dropped event because of pending overdue app switch.
I/InputDispatcher(  479): Dropped event because of pending overdue app switch.
I/InputDispatcher(  479): Dropped event because of pending overdue app switch.
I/InputDispatcher(  479): Dropped event because of pending overdue app switch.
I/InputDispatcher(  479): Dropped event because of pending overdue app switch.
I/InputDispatcher(  479): Dropped event because of pending overdue app switch.
I/InputDispatcher(  479): Dropped event because of pending overdue app switch.
I/InputDispatcher(  479): Dropped event because of pending overdue app switch.
I/InputDispatcher(  479): Dropped event because of pending overdue app switch.
I/InputDispatcher(  479): Dropped event because of pending overdue app switch.
I/InputDispatcher(  479): Dropped event because of pending overdue app switch.
I/InputDispatcher(  479): Dropped event because of pending overdue app switch.
I/InputDispatcher(  479): Dropped event because of pending overdue app switch.
I/InputDispatcher(  479): Dropped event because of pending overdue app switch.
I/InputDispatcher(  479): Dropped event because of pending overdue app switch.
I/InputDispatcher(  479): Dropped event because of pending overdue app switch.
I/InputDispatcher(  479): Dropped event because of pending overdue app switch.
I/InputDispatcher(  479): Dropped event because of pending overdue app switch.
I/InputDispatcher(  479): Dropped event because of pending overdue app switch.
I/InputDispatcher(  479): Dropped event because of pending overdue app switch.
I/InputDispatcher(  479): Dropped event because of pending overdue app switch.
I/InputDispatcher(  479): Dropped event because of pending overdue app switch.
I/InputDispatcher(  479): Dropped event because of pending overdue app switch.
W/InputManager(  479): Input event injection from pid 11436 failed.
W/InputManager(  479): Input event injection from pid 11436 failed.
W/InputManager(  479): Input event injection from pid 11436 failed.
W/InputManager(  479): Input event injection from pid 11436 failed.
W/InputManager(  479): Input event injection from pid 11436 failed.
W/InputManager(  479): Input event injection from pid 11436 failed.
W/InputManager(  479): Input event injection from pid 11436 failed.
W/InputManager(  479): Input event injection from pid 11436 failed.
W/InputManager(  479): Input event injection from pid 11436 failed.
W/InputManager(  479): Input event injection from pid 11436 failed.
W/InputManager(  479): Input event injection from pid 11436 failed.
W/InputManager(  479): Input event injection from pid 11436 failed.
W/InputManager(  479): Input event injection from pid 11436 failed.
W/InputManager(  479): Input event injection from pid 11436 failed.
W/InputManager(  479): Input event injection from pid 11436 failed.
W/InputManager(  479): Input event injection from pid 11436 failed.
W/InputManager(  479): Input event injection from pid 11436 failed.
W/InputManager(  479): Input event injection from pid 11436 failed.
W/InputManager(  479): Input event injection from pid 11436 failed.
W/InputManager(  479): Input event injection from pid 11436 failed.
W/InputManager(  479): Input event injection from pid 11436 failed.
W/InputManager(  479): Input event injection from pid 11436 failed.
W/InputManager(  479): Input event injection from pid 11436 failed.
W/InputManager(  479): Input event injection from pid 11436 failed.
W/InputManager(  479): Input event injection from pid 11436 failed.
I/InputDispatcher(  479): Dropped event because of pending overdue app switch.
I/InputDispatcher(  479): Dropped event because of pending overdue app switch.
I/InputDispatcher(  479): Dropped event because of pending overdue app switch.
I/InputDispatcher(  479): Dropped event because of pending overdue app switch.
I/InputDispatcher(  479): Dropped event because of pending overdue app switch.
I/InputDispatcher(  479): Dropped event because of pending overdue app switch.
I/InputDispatcher(  479): Dropped event because of pending overdue app switch.
W/InputManager(  479): Input event injection from pid 11436 failed.
W/InputManager(  479): Input event injection from pid 11436 failed.
W/InputManager(  479): Input event injection from pid 11436 failed.
W/InputManager(  479): Input event injection from pid 11436 failed.
W/InputManager(  479): Input event injection from pid 11436 failed.
W/InputManager(  479): Input event injection from pid 11436 failed.
W/InputManager(  479): Input event injection from pid 11436 failed.
V/InputMethodService( 5925): onEvaluateInputViewShown: config.hardKeyboardHidden = 1
W/ContextImpl(  479): Calling a method in the system process without a qualified user: android.app.ContextImpl.sendBroadcast:1123 com.android.server.InputMethodManagerService.showCurrentInputLocked:1791 com.android.server.InputMethodManagerService.showSoftInput:1753 com.android.internal.view.IInputMethodManager$Stub.onTransact:175 com.android.server.InputMethodManagerService.onTransact:818 
V/InputMethodService( 5925): onEvaluateInputViewShown: config.hardKeyboardHidden = 1
W/ContextImpl(  479): Calling a method in the system process without a qualified user: android.app.ContextImpl.sendBroadcast:1123 com.android.server.InputMethodManagerService.showCurrentInputLocked:1791 com.android.server.InputMethodManagerService.showSoftInput:1753 com.android.internal.view.IInputMethodManager$Stub.onTransact:175 com.android.server.InputMethodManagerService.onTransact:818 
V/InputMethodService( 5925): onEvaluateInputViewShown: config.hardKeyboardHidden = 1
W/ContextImpl(  479): Calling a method in the system process without a qualified user: android.app.ContextImpl.sendBroadcast:1123 com.android.server.InputMethodManagerService.showCurrentInputLocked:1791 com.android.server.InputMethodManagerService.showSoftInput:1753 com.android.internal.view.IInputMethodManager$Stub.onTransact:175 com.android.server.InputMethodManagerService.onTransact:818 
D/dalvikvm(  720): GC_FOR_ALLOC freed 87K, 20% free 9261K/11484K, paused 163ms, total 167ms
I/dalvikvm-heap(  720): Grow heap (frag case) to 9.344MB for 186712-byte allocation
D/dalvikvm( 5925): GC_CONCURRENT freed 379K, 29% free 3202K/4480K, paused 0ms+0ms, total 17ms
D/dalvikvm(  720): GC_FOR_ALLOC freed 0K, 20% free 9443K/11668K, paused 25ms, total 25ms
D/dalvikvm(11446): GC_FOR_ALLOC freed 238K, 10% free 3577K/3956K, paused 9ms, total 9ms
D/dalvikvm(  720): GC_FOR_ALLOC freed 123K, 21% free 9322K/11668K, paused 19ms, total 19ms
I/dalvikvm-heap(  720): Grow heap (frag case) to 9.493MB for 280066-byte allocation
D/dalvikvm(  720): GC_FOR_ALLOC freed 274K, 22% free 9321K/11944K, paused 16ms, total 16ms
I/qtaguid (  720): Untagging socket 143 failed errno=-13
W/NetworkManagementSocketTagger(  720): untagSocket(143) failed with errno -13
I/dalvikvm(11446): Could not find method android.webkit.WebSettings.setMixedContentMode, referenced from method com.google.android.gms.ads.internal.webview.q.<init>
W/dalvikvm(11446): VFY: unable to resolve virtual method 2418: Landroid/webkit/WebSettings;.setMixedContentMode (I)V
D/dalvikvm(11446): VFY: replacing opcode 0x6e at 0x005c
V/WebViewChromium(11446): Binding Chromium to the background looper Looper (main, tid 1) {4a7ccc2c}
I/chromium(11446): [INFO:library_loader_hooks.cc(112)] Chromium logging enabled: level = 0, default verbosity = 0
I/BrowserProcessMain(11446): Initializing chromium process, renderers=0
D/dalvikvm(  720): GC_FOR_ALLOC freed 490K, 24% free 9153K/11944K, paused 29ms, total 30ms
D/dalvikvm(11446): GC_FOR_ALLOC freed 243K, 11% free 3619K/4028K, paused 5ms, total 5ms
I/dalvikvm-heap(11446): Grow heap (frag case) to 3.839MB for 259276-byte allocation
D/dalvikvm(11446): GC_FOR_ALLOC freed <1K, 10% free 3872K/4284K, paused 4ms, total 4ms
D/dalvikvm(11446): GC_FOR_ALLOC freed 1K, 10% free 3870K/4284K, paused 4ms, total 4ms
I/dalvikvm-heap(11446): Grow heap (frag case) to 4.085MB for 259252-byte allocation
D/dalvikvm(11446): GC_FOR_ALLOC freed <1K, 10% free 4123K/4540K, paused 3ms, total 3ms
W/chromium(11446): [WARNING:proxy_service.cc(888)] PAC support disabled because there is no system implementation
D/dalvikvm(11446): GC_FOR_ALLOC freed 260K, 14% free 3936K/4540K, paused 2ms, total 2ms
I/dalvikvm-heap(11446): Grow heap (frag case) to 4.509MB for 635808-byte allocation
D/dalvikvm(11446): GC_FOR_ALLOC freed 0K, 12% free 4557K/5164K, paused 6ms, total 6ms
D/dalvikvm(11446): GC_CONCURRENT freed <1K, 12% free 4565K/5164K, paused 2ms+6ms, total 10ms
D/dalvikvm(11446): GC_FOR_ALLOC freed 170K, 10% free 4680K/5164K, paused 4ms, total 4ms
D/dalvikvm(11446): GC_FOR_ALLOC freed 299K, 13% free 4617K/5264K, paused 3ms, total 3ms
D/dalvikvm(11446): GC_FOR_ALLOC freed <1K, 10% free 4744K/5264K, paused 2ms, total 3ms
I/dalvikvm-heap(11446): Grow heap (frag case) to 4.938MB for 259252-byte allocation
D/dalvikvm(11446): GC_FOR_ALLOC freed <1K, 10% free 4997K/5520K, paused 5ms, total 5ms
D/dalvikvm(11446): GC_FOR_ALLOC freed 379K, 14% free 4915K/5692K, paused 4ms, total 4ms
I/dalvikvm-heap(11446): Grow heap (frag case) to 5.194MB for 351052-byte allocation
D/dalvikvm(11446): GC_FOR_ALLOC freed 0K, 13% free 5258K/6036K, paused 4ms, total 4ms
D/dalvikvm(11446): GC_FOR_ALLOC freed 171K, 16% free 5087K/6036K, paused 6ms, total 6ms
I/dalvikvm-heap(11446): Grow heap (frag case) to 5.361MB for 351124-byte allocation
D/dalvikvm(11446): GC_FOR_ALLOC freed <1K, 15% free 5430K/6380K, paused 4ms, total 4ms
W/EGL_emulation(11446): eglSurfaceAttrib not implemented 3093 12436
W/AwContents(11446): nativeOnDraw failed; clearing to background color.
I/ActivityManager(  479): START u0 {act=android.intent.action.MAIN cat=[android.intent.category.HOME] flg=0x10200000 cmp=com.vphone.launcher/.Launcher} from pid 479
V/InputMethodService( 5925): onEvaluateInputViewShown: config.hardKeyboardHidden = 1
V/InputMethodService( 5925): onEvaluateInputViewShown: config.hardKeyboardHidden = 1
W/ContextImpl(  479): Calling a method in the system process without a qualified user: android.app.ContextImpl.sendBroadcast:1123 com.android.server.InputMethodManagerService.showCurrentInputLocked:1791 com.android.server.InputMethodManagerService.showSoftInput:1753 com.android.internal.view.IInputMethodManager$Stub.onTransact:175 com.android.server.InputMethodManagerService.onTransact:818 
W/ContextImpl(  479): Calling a method in the system process without a qualified user: android.app.ContextImpl.sendBroadcast:1123 com.android.server.InputMethodManagerService.showCurrentInputLocked:1791 com.android.server.InputMethodManagerService.showSoftInput:1753 com.android.internal.view.IInputMethodManager$Stub.onTransact:175 com.android.server.InputMethodManagerService.onTransact:818 
V/InputMethodService( 5925): onEvaluateInputViewShown: config.hardKeyboardHidden = 1
W/ContextImpl(  479): Calling a method in the system process without a qualified user: android.app.ContextImpl.sendBroadcast:1123 com.android.server.InputMethodManagerService.showCurrentInputLocked:1791 com.android.server.InputMethodManagerService.showSoftInput:1753 com.android.internal.view.IInputMethodManager$Stub.onTransact:175 com.android.server.InputMethodManagerService.onTransact:818 
D/dalvikvm(  479): GC_CONCURRENT freed 2788K, 53% free 14474K/30420K, paused 2ms+2ms, total 29ms
D/dalvikvm(  533): GC_FOR_ALLOC freed 1860K, 24% free 14229K/18584K, paused 4ms, total 23ms
I/ActivityManager(  479): START u0 {act=android.intent.action.MAIN cat=[android.intent.category.LAUNCHER] flg=0x10200000 cmp=com.aflatoongames.FunnyQuotes/.FunnyQuotes} from pid 11436
V/InputMethodService( 5925): onEvaluateInputViewShown: config.hardKeyboardHidden = 1
W/ContextImpl(  479): Calling a method in the system process without a qualified user: android.app.ContextImpl.sendBroadcast:1123 com.android.server.InputMethodManagerService.showCurrentInputLocked:1791 com.android.server.InputMethodManagerService.showSoftInput:1753 com.android.internal.view.IInputMethodManager$Stub.onTransact:175 com.android.server.InputMethodManagerService.onTransact:818 
I/chromium(11446): [INFO:simple_index_file.cc(397)] Simple Cache Index is being restored from disk.
I/ActivityManager(  479): START u0 {act=android.intent.action.MAIN cat=[android.intent.category.LAUNCHER] flg=0x10200000 cmp=com.aflatoongames.FunnyQuotes/.FunnyQuotes} from pid 11436
V/InputMethodService( 5925): onEvaluateInputViewShown: config.hardKeyboardHidden = 1
V/InputMethodService( 5925): onEvaluateInputViewShown: config.hardKeyboardHidden = 1
W/ContextImpl(  479): Calling a method in the system process without a qualified user: android.app.ContextImpl.sendBroadcast:1123 com.android.server.InputMethodManagerService.showCurrentInputLocked:1791 com.android.server.InputMethodManagerService.showSoftInput:1753 com.android.internal.view.IInputMethodManager$Stub.onTransact:175 com.android.server.InputMethodManagerService.onTransact:818 
W/ContextImpl(  479): Calling a method in the system process without a qualified user: android.app.ContextImpl.sendBroadcast:1123 com.android.server.InputMethodManagerService.showCurrentInputLocked:1791 com.android.server.InputMethodManagerService.showSoftInput:1753 com.android.internal.view.IInputMethodManager$Stub.onTransact:175 com.android.server.InputMethodManagerService.onTransact:818 
I/ActivityManager(  479): START u0 {act=android.intent.action.MAIN cat=[android.intent.category.LAUNCHER] flg=0x10200000 cmp=com.aflatoongames.FunnyQuotes/.FunnyQuotes} from pid 11436
V/InputMethodService( 5925): onEvaluateInputViewShown: config.hardKeyboardHidden = 1
W/ContextImpl(  479): Calling a method in the system process without a qualified user: android.app.ContextImpl.sendBroadcast:1123 com.android.server.InputMethodManagerService.showCurrentInputLocked:1791 com.android.server.InputMethodManagerService.showSoftInput:1753 com.android.internal.view.IInputMethodManager$Stub.onTransact:175 com.android.server.InputMethodManagerService.onTransact:818 
I/ActivityManager(  479): START u0 {act=android.intent.action.MAIN cat=[android.intent.category.HOME] flg=0x10200000 cmp=com.vphone.launcher/.Launcher} from pid 479
D/dalvikvm(11446): GC_CONCURRENT freed 1326K, 23% free 4917K/6380K, paused 2ms+2ms, total 55ms
V/InputMethodService( 5925): onEvaluateInputViewShown: config.hardKeyboardHidden = 1
W/ContextImpl(  479): Calling a method in the system process without a qualified user: android.app.ContextImpl.sendBroadcast:1123 com.android.server.InputMethodManagerService.showCurrentInputLocked:1791 com.android.server.InputMethodManagerService.showSoftInput:1753 com.android.internal.view.IInputMethodManager$Stub.onTransact:175 com.android.server.InputMethodManagerService.onTransact:818 
V/InputMethodService( 5925): onEvaluateInputViewShown: config.hardKeyboardHidden = 1
W/ContextImpl(  479): Calling a method in the system process without a qualified user: android.app.ContextImpl.sendBroadcast:1123 com.android.server.InputMethodManagerService.showCurrentInputLocked:1791 com.android.server.InputMethodManagerService.showSoftInput:1753 com.android.internal.view.IInputMethodManager$Stub.onTransact:175 com.android.server.InputMethodManagerService.onTransact:818 
I/ActivityManager(  479): START u0 {act=android.intent.action.MAIN cat=[android.intent.category.LAUNCHER] flg=0x10200000 cmp=com.aflatoongames.FunnyQuotes/.FunnyQuotes} from pid 11436
V/InputMethodService( 5925): onEvaluateInputViewShown: config.hardKeyboardHidden = 1
W/ContextImpl(  479): Calling a method in the system process without a qualified user: android.app.ContextImpl.sendBroadcast:1123 com.android.server.InputMethodManagerService.showCurrentInputLocked:1791 com.android.server.InputMethodManagerService.showSoftInput:1753 com.android.internal.view.IInputMethodManager$Stub.onTransact:175 com.android.server.InputMethodManagerService.onTransact:818 
I/ActivityManager(  479): START u0 {act=android.intent.action.MAIN cat=[android.intent.category.LAUNCHER] flg=0x10000000 sel={act=android.intent.action.MAIN cat=[android.intent.category.APP_CALCULATOR]}} from pid 479
