--------- beginning of /dev/log/system
I/ActivityManager(  479): Resuming delayed broadcast
I/ActivityManager(  479): Delay finish: com.google.android.partnersetup/.AppInstalledReceiver
I/ActivityManager(  479): Resuming delayed broadcast
--------- beginning of /dev/log/main
I/Finsky  (  940): [1] com.google.android.finsky.wear.WearSupportService.onStartCommand(21): Starting WearSupportService for auto_install
I/Finsky  (  940): [1] com.google.android.finsky.wear.ar.a(80): Connecting to wearable; initiated by: com.google.android.finsky.wear.WearSupportService
I/Finsky  (  940): [1] com.google.android.finsky.wear.WearSupportService.onStartCommand(21): Starting WearSupportService for send_installed_apps
I/Finsky  (  940): [1] com.google.android.finsky.externalreferrer.c.run(11): Package state data is missing for com.iconology.comics
D/WearableService(  654): onGetService - Wear is not available on this device.
E/Finsky  (  940): [1] com.google.android.finsky.wear.au.a(3): onConnectionFailed: ConnectionResult{statusCode=API_UNAVAILABLE, resolution=null, message=null}
I/ActivityManager(  479): Delay finish: com.google.android.gms/.stats.service.DropBoxEntryAddedReceiver
W/Finsky  (  940): [1] com.google.android.finsky.wear.cd.run(12): Dropping command=auto_install due to Gms not connected
I/Finsky  (  940): [1] com.google.android.finsky.wear.WearSupportService.b(67): Stopping WearSupportService
W/Finsky  (  940): [1] com.google.android.finsky.wear.cd.run(12): Dropping command=send_installed_apps due to Gms not connected
I/Finsky  (  940): [1] com.google.android.finsky.wear.WearSupportService.b(67): Stopping WearSupportService
I/ActivityManager(  479): Resuming delayed broadcast
I/ActivityManager(  479): Delay finish: com.google.android.gms/.stats.service.DropBoxEntryAddedReceiver
I/ActivityManager(  479): Resuming delayed broadcast
I/WearableService(  654): Wearable Services stopping
I/Icing   (  720): Indexing 9EBFE84EABD9270B25A97439CA522B4FC49A4875 from com.google.android.gms
I/Icing   (  720): Indexing done 9EBFE84EABD9270B25A97439CA522B4FC49A4875
D/AndroidRuntime(13582): 
D/AndroidRuntime(13582): >>>>>> AndroidRuntime START com.android.internal.os.RuntimeInit <<<<<<
D/AndroidRuntime(13582): CheckJNI is OFF
D/dalvikvm(13582): Using executionMode 2
D/dalvikvm(13582): Trying to load lib libjavacore.so 0x0
D/dalvikvm(13582): Added shared lib libjavacore.so 0x0
D/dalvikvm(13582): Trying to load lib libnativehelper.so 0x0
D/dalvikvm(13582): Added shared lib libnativehelper.so 0x0
D/dalvikvm(13582): No JNI_OnLoad found in libnativehelper.so 0x0, skipping init
D/dalvikvm(13582): Note: class Landroid/app/ActivityManagerNative; has 179 unimplemented (abstract) methods
E/memtrack(13582): Couldn't load memtrack module (No such file or directory)
E/android.os.Debug(13582): failed to load memtrack module: -2
D/AndroidRuntime(13582): Calling main entry com.android.commands.monkey.Monkey
W/BroadcastQueue(  479): Skipping deliver [background] BroadcastRecord{4b101da4 u-1 android.net.conn.CONNECTIVITY_CHANGE} to ReceiverList{4ae2f974 13582 (unknown name)/0/u-1 remote:4aa5c774}: process crashing
I/ActivityManager(  479): START u0 {act=android.intent.action.MAIN cat=[android.intent.category.LAUNCHER] flg=0x10200000 cmp=com.iconology.comics/com.iconology.ui.navigation.RouterActivity} from pid 13582
W/NetworkManagementSocketTagger(  479): setKernelCountSet(10069, 1) failed with errno -13
I/dalvikvm(13592): ignoring registerObject request in thread=1
I/dalvikvm(13592): ignoring registerObject request in thread=1
I/ActivityManager(  479): Start proc com.iconology.comics for activity com.iconology.comics/com.iconology.ui.navigation.RouterActivity: pid=13592 uid=10069 gids={50069, 3003, 1028, 1015, 1023}
D/dalvikvm(13592): JIT code cache reset in 0 ms (0 bytes 1/0)
D/dalvikvm(13592): GC_CONCURRENT freed 267K, 8% free 3063K/3324K, paused 1ms+0ms, total 6ms
D/dalvikvm(13592): GC_CONCURRENT freed 230K, 9% free 3276K/3572K, paused 2ms+1ms, total 8ms
W/dalvikvm(13592): VFY: unable to find class referenced in signature (Lokhttp3/Request;)
W/dalvikvm(13592): VFY: unable to find class referenced in signature (Lokhttp3/Response;)
I/dalvikvm(13592): Could not find method okhttp3.Response.headers, referenced from method empirical.HelperClass.printOkHttpInfo
W/dalvikvm(13592): VFY: unable to resolve virtual method 30295: Lokhttp3/Response;.headers ()Lokhttp3/Headers;
D/dalvikvm(13592): VFY: replacing opcode 0x6e at 0x0006
W/dalvikvm(13592): VFY: unable to find class referenced in signature (Lokhttp3/Call;)
W/dalvikvm(13592): VFY: unable to find class referenced in signature (Lokhttp3/Response;)
I/dalvikvm(13592): Could not find method okhttp3.Call.request, referenced from method empirical.HelperClass.printOkHttpInfoFromCall
W/dalvikvm(13592): VFY: unable to resolve interface method 30289: Lokhttp3/Call;.request ()Lokhttp3/Request;
D/dalvikvm(13592): VFY: replacing opcode 0x72 at 0x0006
I/System.out(13592): body:<com.android.volley.toolbox.h: org.apache.http.HttpResponse a(com.android.volley.n,java.util.Map)>	sig:specialinvoke $r11.<java.net.URL: void <init>(java.lang.String)>($r8)	timediff:1
I/System.out(13592): <com.android.volley.toolbox.h: org.apache.http.HttpResponse a(com.android.volley.n,java.util.Map)>###specialinvoke $r11.<java.net.URL: void <init>(java.lang.String)>($r8)###https://cmx-secure.comixology.com/ios/api/com.iconology.android.Comics/3.9.2/?action=generateUUID&deviceType=tablet&lang=en
W/Finsky  (  940): [98] com.google.android.finsky.billing.iab.ab.b(48): com.iconology.comics: No account found.
I/ActivityManager(  479): START u0 {cmp=com.iconology.comics/com.iconology.ui.store.onboarding.OnboardingActivity} from pid 13592
W/NetworkManagementSocketTagger(  479): setKernelCountSet(10021, 0) failed with errno -13
D/dalvikvm(13592): GC_CONCURRENT freed 195K, 7% free 3467K/3728K, paused 2ms+0ms, total 6ms
D/dalvikvm(13592): GC_FOR_ALLOC freed 28K, 8% free 3446K/3728K, paused 4ms, total 4ms
I/dalvikvm-heap(13592): Grow heap (frag case) to 5.750MB for 2439708-byte allocation
D/dalvikvm(13592): GC_FOR_ALLOC freed <1K, 5% free 5828K/6112K, paused 10ms, total 10ms
D/dalvikvm(13592): GC_CONCURRENT freed 46K, 5% free 5840K/6112K, paused 2ms+1ms, total 5ms
I/System.out(13592): body:<com.android.volley.toolbox.h: java.net.HttpURLConnection a(java.net.URL)>	sig:$r2 = virtualinvoke $r1.<java.net.URL: java.net.URLConnection openConnection()>()	timediff:154
I/System.out(13592): body:<com.android.volley.toolbox.h: java.net.HttpURLConnection a(java.net.URL,com.android.volley.n)>	sig:virtualinvoke $r3.<java.net.HttpURLConnection: void setConnectTimeout(int)>($i0)	timediff:0
I/System.out(13592): body:<com.android.volley.toolbox.h: java.net.HttpURLConnection a(java.net.URL,com.android.volley.n)>	sig:virtualinvoke $r3.<java.net.HttpURLConnection: void setReadTimeout(int)>($i0)	timediff:0
I/System.out(13592): body:<com.android.volley.toolbox.h: java.net.HttpURLConnection a(java.net.URL,com.android.volley.n)>	sig:virtualinvoke $r3.<java.net.HttpURLConnection: void setUseCaches(boolean)>(0)	timediff:0
I/System.out(13592): body:<com.android.volley.toolbox.h: java.net.HttpURLConnection a(java.net.URL,com.android.volley.n)>	sig:virtualinvoke $r3.<java.net.HttpURLConnection: void setDoInput(boolean)>(1)	timediff:0
I/System.out(13592): body:<com.android.volley.toolbox.h: java.net.HttpURLConnection a(java.net.URL,com.android.volley.n)>	sig:$r5 = virtualinvoke $r1.<java.net.URL: java.lang.String getProtocol()>()	timediff:0
I/System.out(13592): body:<com.android.volley.toolbox.h: org.apache.http.HttpResponse a(com.android.volley.n,java.util.Map)>	sig:virtualinvoke $r12.<java.net.HttpURLConnection: void addRequestProperty(java.lang.String,java.lang.String)>($r8, $r7)	timediff:0
I/System.out(13592): body:<com.android.volley.toolbox.h: void a(java.net.HttpURLConnection,com.android.volley.n)>	sig:virtualinvoke $r0.<java.net.HttpURLConnection: void setRequestMethod(java.lang.String)>("POST")	timediff:0
D/dalvikvm(13592): GC_CONCURRENT freed 179K, 4% free 6604K/6848K, paused 7ms+2ms, total 16ms
D/dalvikvm(13592): WAIT_FOR_CONCURRENT_GC blocked 13ms
I/dalvikvm-heap(13592): Grow heap (frag case) to 14.379MB for 8234812-byte allocation
D/dalvikvm(13592): GC_CONCURRENT freed 17K, 2% free 14647K/14892K, paused 2ms+0ms, total 4ms
E/ActivityThread(13592): Failed to find provider info for com.facebook.katana.provider.AttributionIdProvider
D/dalvikvm(13592): GC_FOR_ALLOC freed 105K, 2% free 14665K/14892K, paused 8ms, total 8ms
I/dalvikvm-heap(13592): Grow heap (frag case) to 18.706MB for 4536012-byte allocation
D/dalvikvm(13592): GC_FOR_ALLOC freed <1K, 2% free 19094K/19324K, paused 11ms, total 11ms
D/dalvikvm(13592): GC_CONCURRENT freed <1K, 2% free 19094K/19324K, paused 2ms+1ms, total 5ms
I/qtaguid (13592): Tagging socket 51 with tag b44bbadf00000000(-1270105377) for uid -1 failed errno=-13
I/NetworkManagementSocketTagger(13592): tagSocketFd(51, -1270105377, -1) failed with errno-13
D/libEGL  (13592): loaded /system/lib/egl/libEGL_adreno.so
D/        (13592): HostConnection::get() New Host Connection established 0xb8d16200, tid 13592
D/libEGL  (13592): loaded /system/lib/egl/libGLESv1_CM_adreno.so
D/libEGL  (13592): loaded /system/lib/egl/libGLESv2_adreno.so
W/EGL_emulation(13592): eglSurfaceAttrib not implemented 3093 12436
D/OpenGLRenderer(13592): Enabling debug mode 0
I/qtaguid (13592): Tagging socket 61 with tag b44bbadf00000000(-1270105377) for uid -1 failed errno=-13
I/NetworkManagementSocketTagger(13592): tagSocketFd(61, -1270105377, -1) failed with errno-13
I/qtaguid (13592): Untagging socket 61 failed errno=-13
W/NetworkManagementSocketTagger(13592): untagSocket(61) failed with errno -13
I/qtaguid (13592): Tagging socket 61 with tag b44bbadf00000000(-1270105377) for uid -1 failed errno=-13
I/NetworkManagementSocketTagger(13592): tagSocketFd(61, -1270105377, -1) failed with errno-13
I/qtaguid (13592): Untagging socket 61 failed errno=-13
W/NetworkManagementSocketTagger(13592): untagSocket(61) failed with errno -13
I/qtaguid (13592): Tagging socket 61 with tag b44bbadf00000000(-1270105377) for uid -1 failed errno=-13
I/NetworkManagementSocketTagger(13592): tagSocketFd(61, -1270105377, -1) failed with errno-13
I/qtaguid (13592): Untagging socket 61 failed errno=-13
W/NetworkManagementSocketTagger(13592): untagSocket(61) failed with errno -13
I/qtaguid (13592): Tagging socket 61 with tag b44bbadf00000000(-1270105377) for uid -1 failed errno=-13
I/NetworkManagementSocketTagger(13592): tagSocketFd(61, -1270105377, -1) failed with errno-13
I/qtaguid (13592): Untagging socket 61 failed errno=-13
W/NetworkManagementSocketTagger(13592): untagSocket(61) failed with errno -13
I/qtaguid (13592): Tagging socket 61 with tag b44bbadf00000000(-1270105377) for uid -1 failed errno=-13
I/NetworkManagementSocketTagger(13592): tagSocketFd(61, -1270105377, -1) failed with errno-13
I/qtaguid (13592): Untagging socket 61 failed errno=-13
W/NetworkManagementSocketTagger(13592): untagSocket(61) failed with errno -13
I/qtaguid (13592): Tagging socket 61 with tag b44bbadf00000000(-1270105377) for uid -1 failed errno=-13
I/NetworkManagementSocketTagger(13592): tagSocketFd(61, -1270105377, -1) failed with errno-13
I/qtaguid (13592): Untagging socket 61 failed errno=-13
W/NetworkManagementSocketTagger(13592): untagSocket(61) failed with errno -13
I/System.out(13592): body:<com.android.volley.toolbox.h: org.apache.http.HttpResponse a(com.android.volley.n,java.util.Map)>	sig:$i0 = virtualinvoke $r12.<java.net.HttpURLConnection: int getResponseCode()>()	timediff:599
I/System.out(13592): body:<com.android.volley.toolbox.h: org.apache.http.HttpResponse a(com.android.volley.n,java.util.Map)>	sig:$i0 = virtualinvoke $r12.<java.net.HttpURLConnection: int getResponseCode()>()	timediff:0
I/System.out(13592): body:<com.android.volley.toolbox.h: org.apache.http.HttpResponse a(com.android.volley.n,java.util.Map)>	sig:$r8 = virtualinvoke $r12.<java.net.HttpURLConnection: java.lang.String getResponseMessage()>()	timediff:0
I/System.out(13592): body:<com.android.volley.toolbox.h: org.apache.http.HttpEntity a(java.net.HttpURLConnection)>	sig:$r1 = virtualinvoke $r0.<java.net.HttpURLConnection: java.io.InputStream getInputStream()>()	timediff:0
I/System.out(13592): body:<empirical.HelperClass: void printURLInfo(java.lang.String,java.lang.String,java.net.URLConnection)>	sig:$r0 = virtualinvoke urlConnection.<java.net.URLConnection: java.net.URL getURL()>()	timediff:0
I/System.out(13592): body:<empirical.HelperClass: void printURLInfo(java.lang.String,java.lang.String,java.net.URLConnection)>	sig:urlString = virtualinvoke $r0.<java.net.URL: java.lang.String toString()>()	timediff:0
I/System.out(13592): body:<empirical.HelperClass: void printURLInfo(java.lang.String,java.lang.String,java.net.URLConnection)>	sig:isDoOutput = virtualinvoke urlConnection.<java.net.URLConnection: boolean getDoOutput()>()	timediff:0
I/System.out(13592): body:<empirical.HelperClass: java.lang.String getHeaderField(java.net.URLConnection,java.lang.String)>	sig:data = virtualinvoke conn.<java.net.URLConnection: java.lang.String getHeaderField(java.lang.String)>(field)	timediff:0
I/System.out(13592): body:<empirical.HelperClass: java.lang.String getHeaderField(java.net.URLConnection,java.lang.String)>	sig:data = virtualinvoke conn.<java.net.URLConnection: java.lang.String getHeaderField(java.lang.String)>(field)	timediff:0
I/System.out(13592): body:<empirical.HelperClass: java.lang.String getHeaderField(java.net.URLConnection,java.lang.String)>	sig:data = virtualinvoke conn.<java.net.URLConnection: java.lang.String getHeaderField(java.lang.String)>(field)	timediff:0
I/System.out(13592): body:<empirical.HelperClass: java.lang.String getHeaderField(java.net.URLConnection,java.lang.String)>	sig:data = virtualinvoke conn.<java.net.URLConnection: java.lang.String getHeaderField(java.lang.String)>(field)	timediff:0
I/System.out(13592): body:<empirical.HelperClass: java.lang.String getHeaderField(java.net.URLConnection,java.lang.String)>	sig:data = virtualinvoke conn.<java.net.URLConnection: java.lang.String getHeaderField(java.lang.String)>(field)	timediff:0
I/System.out(13592): URLConn;%;0;%;<com.android.volley.toolbox.h: org.apache.http.HttpEntity a(java.net.HttpURLConnection)>;%;$r1 = virtualinvoke $r0.<java.net.HttpURLConnection: java.io.InputStream getInputStream()>();%;https://cmx-secure.comixology.com/ios/api/com.iconology.android.Comics/3.9.2/?action=generateUUID&deviceType=tablet&lang=en;%;false;%;36;%;Not found;%;Not found;%;Not found;%;Not found
I/System.out(13592): body:<com.android.volley.toolbox.h: org.apache.http.HttpEntity a(java.net.HttpURLConnection)>	sig:$i1 = virtualinvoke $r0.<java.net.HttpURLConnection: int getContentLength()>()	timediff:0
I/System.out(13592): body:<com.android.volley.toolbox.h: org.apache.http.HttpEntity a(java.net.HttpURLConnection)>	sig:$r3 = virtualinvoke $r0.<java.net.HttpURLConnection: java.lang.String getContentEncoding()>()	timediff:0
I/System.out(13592): body:<com.android.volley.toolbox.h: org.apache.http.HttpEntity a(java.net.HttpURLConnection)>	sig:$r3 = virtualinvoke $r0.<java.net.HttpURLConnection: java.lang.String getContentType()>()	timediff:0
I/System.out(13592): body:<com.android.volley.toolbox.h: org.apache.http.HttpResponse a(com.android.volley.n,java.util.Map)>	sig:$r5 = virtualinvoke $r12.<java.net.HttpURLConnection: java.util.Map getHeaderFields()>()	timediff:0
I/qtaguid (13592): Tagging socket 61 with tag b44bbadf00000000(-1270105377) for uid -1 failed errno=-13
I/NetworkManagementSocketTagger(13592): tagSocketFd(61, -1270105377, -1) failed with errno-13
I/qtaguid (13592): Untagging socket 51 failed errno=-13
W/NetworkManagementSocketTagger(13592): untagSocket(51) failed with errno -13
W/ContextImpl(  479): Calling a method in the system process without a qualified user: android.app.ContextImpl.sendBroadcast:1123 com.android.server.InputMethodManagerService.hideCurrentInputLocked:1880 com.android.server.InputMethodManagerService.windowGainedFocus:1968 com.android.internal.view.IInputMethodManager$Stub.onTransact:221 com.android.server.InputMethodManagerService.onTransact:818 
I/ActivityManager(  479): START u0 {act=android.intent.action.MAIN cat=[android.intent.category.LAUNCHER] flg=0x10200000 cmp=com.iconology.comics/com.iconology.ui.navigation.RouterActivity} from pid 13582
I/ActivityManager(  479): Displayed com.iconology.comics/com.iconology.ui.store.onboarding.OnboardingActivity: +1s88ms (total +1s183ms)
W/EGL_emulation(13592): eglSurfaceAttrib not implemented 3093 12436
W/ViewRootImpl(13592): Dropping event due to no window focus: KeyEvent { action=ACTION_DOWN, keyCode=KEYCODE_VOLUME_DOWN, scanCode=0, metaState=0, flags=0x8, repeatCount=0, eventTime=1243359, downTime=1243359, deviceId=-1, source=0x101 }
W/ViewRootImpl(13592): Dropping event due to no window focus: KeyEvent { action=ACTION_DOWN, keyCode=KEYCODE_DPAD_CENTER, scanCode=0, metaState=0, flags=0x8, repeatCount=0, eventTime=1243537, downTime=1243537, deviceId=-1, source=0x101 }
W/ViewRootImpl(13592): Dropping event due to no window focus: KeyEvent { action=ACTION_DOWN, keyCode=KEYCODE_VOLUME_UP, scanCode=0, metaState=0, flags=0x8, repeatCount=0, eventTime=1243539, downTime=1243539, deviceId=-1, source=0x101 }
W/ViewRootImpl(13592): Dropping event due to no window focus: KeyEvent { action=ACTION_DOWN, keyCode=KEYCODE_DPAD_CENTER, scanCode=0, metaState=0, flags=0x8, repeatCount=0, eventTime=1243544, downTime=1243544, deviceId=-1, source=0x101 }
W/ViewRootImpl(13592): Dropping event due to no window focus: KeyEvent { action=ACTION_DOWN, keyCode=KEYCODE_DPAD_UP, scanCode=0, metaState=0, flags=0x8, repeatCount=0, eventTime=1243546, downTime=1243546, deviceId=-1, source=0x101 }
W/ViewRootImpl(13592): Dropping event due to no window focus: KeyEvent { action=ACTION_DOWN, keyCode=KEYCODE_DPAD_UP, scanCode=0, metaState=0, flags=0x8, repeatCount=0, eventTime=1243548, downTime=1243548, deviceId=-1, source=0x101 }
W/ViewRootImpl(13592): Dropping event due to no window focus: KeyEvent { action=ACTION_DOWN, keyCode=KEYCODE_CHANNEL_DOWN, scanCode=0, metaState=0, flags=0x8, repeatCount=0, eventTime=1243553, downTime=1243553, deviceId=-1, source=0x101 }
W/ViewRootImpl(13592): Dropping event due to no window focus: KeyEvent { action=ACTION_DOWN, keyCode=KEYCODE_DPAD_UP, scanCode=0, metaState=0, flags=0x8, repeatCount=0, eventTime=1243560, downTime=1243560, deviceId=-1, source=0x101 }
W/ViewRootImpl(13592): Dropping event due to no window focus: KeyEvent { action=ACTION_DOWN, keyCode=KEYCODE_DPAD_CENTER, scanCode=0, metaState=0, flags=0x8, repeatCount=0, eventTime=1243562, downTime=1243562, deviceId=-1, source=0x101 }
W/ViewRootImpl(13592): Dropping event due to no window focus: KeyEvent { action=ACTION_DOWN, keyCode=KEYCODE_DPAD_UP, scanCode=0, metaState=0, flags=0x8, repeatCount=0, eventTime=1243564, downTime=1243564, deviceId=-1, source=0x101 }
W/ViewRootImpl(13592): Dropping event due to no window focus: MotionEvent { action=ACTION_MOVE, id[0]=0, x[0]=-3.0, y[0]=2.0, toolType[0]=TOOL_TYPE_UNKNOWN, buttonState=0, metaState=0, flags=0x0, edgeFlags=0x0, pointerCount=1, historySize=1, eventTime=1243596, downTime=-1, deviceId=0, source=0x10004 }
W/ViewRootImpl(13592): Dropping event due to no window focus: MotionEvent { action=ACTION_DOWN, id[0]=0, x[0]=0.0, y[0]=0.0, toolType[0]=TOOL_TYPE_UNKNOWN, buttonState=0, metaState=0, flags=0x0, edgeFlags=0x0, pointerCount=1, historySize=0, eventTime=1243596, downTime=1243595, deviceId=0, source=0x10004 }
W/InputMethodManagerService(  479): Window already focused, ignoring focus gain of: com.android.internal.view.IInputMethodClient$Stub$Proxy@4a973e14 attribute=null, token = android.os.BinderProxy@4a9e0054
W/ViewRootImpl(13592): Dropping event due to no window focus: KeyEvent { action=ACTION_DOWN, keyCode=KEYCODE_DPAD_LEFT, scanCode=0, metaState=0, flags=0x8, repeatCount=0, eventTime=1243611, downTime=1243611, deviceId=-1, source=0x101 }
W/ViewRootImpl(13592): Dropping event due to no window focus: MotionEvent { action=ACTION_MOVE, id[0]=0, x[0]=2.0, y[0]=-4.0, toolType[0]=TOOL_TYPE_UNKNOWN, buttonState=0, metaState=0, flags=0x0, edgeFlags=0x0, pointerCount=1, historySize=9, eventTime=1243615, downTime=-1, deviceId=0, source=0x10004 }
W/ViewRootImpl(13592): Dropping event due to no window focus: MotionEvent { action=ACTION_DOWN, id[0]=0, x[0]=0.0, y[0]=0.0, toolType[0]=TOOL_TYPE_UNKNOWN, buttonState=0, metaState=0, flags=0x0, edgeFlags=0x0, pointerCount=1, historySize=0, eventTime=1243615, downTime=1243614, deviceId=0, source=0x10004 }
W/EGL_emulation(13592): eglSurfaceAttrib not implemented 3093 12436
W/ViewRootImpl(13592): Dropping event due to no window focus: KeyEvent { action=ACTION_DOWN, keyCode=KEYCODE_DPAD_CENTER, scanCode=0, metaState=0, flags=0x8, repeatCount=0, eventTime=1243712, downTime=1243712, deviceId=-1, source=0x101 }
W/InputMethodManagerService(  479): Window already focused, ignoring focus gain of: com.android.internal.view.IInputMethodClient$Stub$Proxy@4afc816c attribute=android.view.inputmethod.EditorInfo@4ae2ef88, token = android.os.BinderProxy@4a9e0054
W/ViewRootImpl(13592): Dropping event due to no window focus: KeyEvent { action=ACTION_DOWN, keyCode=KEYCODE_DPAD_CENTER, scanCode=0, metaState=0, flags=0x8, repeatCount=0, eventTime=1243720, downTime=1243720, deviceId=-1, source=0x101 }
W/ViewRootImpl(13592): Dropping event due to no window focus: KeyEvent { action=ACTION_DOWN, keyCode=KEYCODE_DPAD_CENTER, scanCode=0, metaState=0, flags=0x8, repeatCount=0, eventTime=1243746, downTime=1243746, deviceId=-1, source=0x101 }
W/ViewRootImpl(13592): Dropping event due to no window focus: KeyEvent { action=ACTION_DOWN, keyCode=KEYCODE_DPAD_DOWN, scanCode=0, metaState=0, flags=0x8, repeatCount=0, eventTime=1243747, downTime=1243747, deviceId=-1, source=0x101 }
W/ViewRootImpl(13592): Dropping event due to no window focus: KeyEvent { action=ACTION_DOWN, keyCode=KEYCODE_DPAD_CENTER, scanCode=0, metaState=0, flags=0x8, repeatCount=0, eventTime=1243749, downTime=1243749, deviceId=-1, source=0x101 }
W/ViewRootImpl(13592): Dropping event due to no window focus: KeyEvent { action=ACTION_DOWN, keyCode=KEYCODE_DPAD_UP, scanCode=0, metaState=0, flags=0x8, repeatCount=0, eventTime=1243753, downTime=1243753, deviceId=-1, source=0x101 }
W/ViewRootImpl(13592): Dropping event due to no window focus: KeyEvent { action=ACTION_DOWN, keyCode=KEYCODE_DPAD_LEFT, scanCode=0, metaState=0, flags=0x8, repeatCount=0, eventTime=1243755, downTime=1243755, deviceId=-1, source=0x101 }
W/ViewRootImpl(13592): Dropping event due to no window focus: KeyEvent { action=ACTION_DOWN, keyCode=KEYCODE_DPAD_LEFT, scanCode=0, metaState=0, flags=0x8, repeatCount=0, eventTime=1243757, downTime=1243757, deviceId=-1, source=0x101 }
W/ViewRootImpl(13592): Dropping event due to no window focus: KeyEvent { action=ACTION_DOWN, keyCode=KEYCODE_MENU, scanCode=0, metaState=0, flags=0x8, repeatCount=0, eventTime=1243759, downTime=1243759, deviceId=-1, source=0x101 }
W/ViewRootImpl(13592): Dropping event due to no window focus: MotionEvent { action=ACTION_MOVE, id[0]=0, x[0]=3.0, y[0]=3.0, toolType[0]=TOOL_TYPE_UNKNOWN, buttonState=0, metaState=0, flags=0x0, edgeFlags=0x0, pointerCount=1, historySize=9, eventTime=1243763, downTime=-1, deviceId=0, source=0x10004 }
W/ViewRootImpl(13592): Dropping event due to no window focus: MotionEvent { action=ACTION_DOWN, id[0]=0, x[0]=0.0, y[0]=0.0, toolType[0]=TOOL_TYPE_UNKNOWN, buttonState=0, metaState=0, flags=0x0, edgeFlags=0x0, pointerCount=1, historySize=0, eventTime=1243763, downTime=1243762, deviceId=0, source=0x10004 }
W/ViewRootImpl(13592): Dropping event due to no window focus: KeyEvent { action=ACTION_DOWN, keyCode=KEYCODE_DPAD_RIGHT, scanCode=0, metaState=0, flags=0x8, repeatCount=0, eventTime=1243765, downTime=1243765, deviceId=-1, source=0x101 }
W/ViewRootImpl(13592): Dropping event due to no window focus: KeyEvent { action=ACTION_DOWN, keyCode=KEYCODE_PROG_GREEN, scanCode=0, metaState=0, flags=0x8, repeatCount=0, eventTime=1243772, downTime=1243772, deviceId=-1, source=0x101 }
W/ViewRootImpl(13592): Dropping event due to no window focus: KeyEvent { action=ACTION_DOWN, keyCode=KEYCODE_DPAD_RIGHT, scanCode=0, metaState=0, flags=0x8, repeatCount=0, eventTime=1243777, downTime=1243777, deviceId=-1, source=0x101 }
W/ViewRootImpl(13592): Dropping event due to no window focus: KeyEvent { action=ACTION_DOWN, keyCode=KEYCODE_DPAD_LEFT, scanCode=0, metaState=0, flags=0x8, repeatCount=0, eventTime=1243779, downTime=1243779, deviceId=-1, source=0x101 }
W/EGL_emulation(13592): eglSurfaceAttrib not implemented 3093 12436
I/ActivityManager(  479): START u0 {flg=0x4000000 cmp=com.iconology.comics/com.iconology.ui.store.featured.FeaturedActivity} from pid 13592
I/System.out(13592): body:<com.android.volley.toolbox.h: org.apache.http.HttpResponse a(com.android.volley.n,java.util.Map)>	sig:specialinvoke $r11.<java.net.URL: void <init>(java.lang.String)>($r8)	timediff:0
I/System.out(13592): <com.android.volley.toolbox.h: org.apache.http.HttpResponse a(com.android.volley.n,java.util.Map)>###specialinvoke $r11.<java.net.URL: void <init>(java.lang.String)>($r8)###http://digital.comixology.com/ios/api/com.iconology.android.Comics/3.9.2/?action=getApplicationSettings&deviceType=tablet&lang=en
I/System.out(13592): body:<com.android.volley.toolbox.h: java.net.HttpURLConnection a(java.net.URL)>	sig:$r2 = virtualinvoke $r1.<java.net.URL: java.net.URLConnection openConnection()>()	timediff:0
I/System.out(13592): body:<com.android.volley.toolbox.h: java.net.HttpURLConnection a(java.net.URL,com.android.volley.n)>	sig:virtualinvoke $r3.<java.net.HttpURLConnection: void setConnectTimeout(int)>($i0)	timediff:0
I/System.out(13592): body:<com.android.volley.toolbox.h: java.net.HttpURLConnection a(java.net.URL,com.android.volley.n)>	sig:virtualinvoke $r3.<java.net.HttpURLConnection: void setReadTimeout(int)>($i0)	timediff:0
I/System.out(13592): body:<com.android.volley.toolbox.h: java.net.HttpURLConnection a(java.net.URL,com.android.volley.n)>	sig:virtualinvoke $r3.<java.net.HttpURLConnection: void setUseCaches(boolean)>(0)	timediff:0
I/System.out(13592): body:<com.android.volley.toolbox.h: java.net.HttpURLConnection a(java.net.URL,com.android.volley.n)>	sig:virtualinvoke $r3.<java.net.HttpURLConnection: void setDoInput(boolean)>(1)	timediff:0
I/System.out(13592): body:<com.android.volley.toolbox.h: java.net.HttpURLConnection a(java.net.URL,com.android.volley.n)>	sig:$r5 = virtualinvoke $r1.<java.net.URL: java.lang.String getProtocol()>()	timediff:0
I/System.out(13592): body:<com.android.volley.toolbox.h: org.apache.http.HttpResponse a(com.android.volley.n,java.util.Map)>	sig:virtualinvoke $r12.<java.net.HttpURLConnection: void addRequestProperty(java.lang.String,java.lang.String)>($r8, $r7)	timediff:0
I/System.out(13592): body:<com.android.volley.toolbox.h: void a(java.net.HttpURLConnection,com.android.volley.n)>	sig:virtualinvoke $r0.<java.net.HttpURLConnection: void setRequestMethod(java.lang.String)>("GET")	timediff:0
I/qtaguid (  654): Tagging socket 107 with tag 3000040700000000(805307399) for uid -1 failed errno=-13
D/HockeyApp(13592): Looking for exceptions in: /data/data/com.iconology.comics/files
D/HockeyApp(13592): Current handler class = com.android.internal.os.RuntimeInit$UncaughtHandler
I/NetworkManagementSocketTagger(  654): tagSocketFd(107, 805307399, -1) failed with errno-13
I/dalvikvm(13592): Could not find method android.widget.ListView.<init>, referenced from method com.iconology.ui.widget.sectionedpage.SectionedPageView.<init>
W/dalvikvm(13592): VFY: unable to resolve direct method 11411: Landroid/widget/ListView;.<init> (Landroid/content/Context;Landroid/util/AttributeSet;II)V
D/dalvikvm(13592): VFY: replacing opcode 0x70 at 0x0000
I/System.out(13592): body:<com.android.volley.toolbox.h: org.apache.http.HttpResponse a(com.android.volley.n,java.util.Map)>	sig:specialinvoke $r11.<java.net.URL: void <init>(java.lang.String)>($r8)	timediff:0
I/System.out(13592): <com.android.volley.toolbox.h: org.apache.http.HttpResponse a(com.android.volley.n,java.util.Map)>###specialinvoke $r11.<java.net.URL: void <init>(java.lang.String)>($r8)###http://digital.comixology.com/ios/api/com.iconology.android.Comics/3.9.2/?action=getDigitalFeatured&deviceType=tablet&lang=en
I/System.out(13592): body:<com.android.volley.toolbox.h: java.net.HttpURLConnection a(java.net.URL)>	sig:$r2 = virtualinvoke $r1.<java.net.URL: java.net.URLConnection openConnection()>()	timediff:0
I/System.out(13592): body:<com.android.volley.toolbox.h: java.net.HttpURLConnection a(java.net.URL,com.android.volley.n)>	sig:virtualinvoke $r3.<java.net.HttpURLConnection: void setConnectTimeout(int)>($i0)	timediff:0
I/System.out(13592): body:<com.android.volley.toolbox.h: java.net.HttpURLConnection a(java.net.URL,com.android.volley.n)>	sig:virtualinvoke $r3.<java.net.HttpURLConnection: void setReadTimeout(int)>($i0)	timediff:0
I/System.out(13592): body:<com.android.volley.toolbox.h: java.net.HttpURLConnection a(java.net.URL,com.android.volley.n)>	sig:virtualinvoke $r3.<java.net.HttpURLConnection: void setUseCaches(boolean)>(0)	timediff:0
I/System.out(13592): body:<com.android.volley.toolbox.h: java.net.HttpURLConnection a(java.net.URL,com.android.volley.n)>	sig:virtualinvoke $r3.<java.net.HttpURLConnection: void setDoInput(boolean)>(1)	timediff:0
I/System.out(13592): body:<com.android.volley.toolbox.h: java.net.HttpURLConnection a(java.net.URL,com.android.volley.n)>	sig:$r5 = virtualinvoke $r1.<java.net.URL: java.lang.String getProtocol()>()	timediff:0
I/System.out(13592): body:<com.android.volley.toolbox.h: org.apache.http.HttpResponse a(com.android.volley.n,java.util.Map)>	sig:virtualinvoke $r12.<java.net.HttpURLConnection: void addRequestProperty(java.lang.String,java.lang.String)>($r8, $r7)	timediff:0
I/System.out(13592): body:<com.android.volley.toolbox.h: void a(java.net.HttpURLConnection,com.android.volley.n)>	sig:virtualinvoke $r0.<java.net.HttpURLConnection: void setRequestMethod(java.lang.String)>("GET")	timediff:0
I/System.out(13592): body:<com.android.volley.toolbox.h: org.apache.http.HttpResponse a(com.android.volley.n,java.util.Map)>	sig:specialinvoke $r11.<java.net.URL: void <init>(java.lang.String)>($r8)	timediff:0
I/System.out(13592): <com.android.volley.toolbox.h: org.apache.http.HttpResponse a(com.android.volley.n,java.util.Map)>###specialinvoke $r11.<java.net.URL: void <init>(java.lang.String)>($r8)###http://digital.comixology.com/ios/api/com.iconology.android.Comics/3.9.2/?action=getNewDigitalItems&deviceType=tablet&lang=en
I/System.out(13592): body:<com.android.volley.toolbox.h: java.net.HttpURLConnection a(java.net.URL)>	sig:$r2 = virtualinvoke $r1.<java.net.URL: java.net.URLConnection openConnection()>()	timediff:0
I/System.out(13592): body:<com.android.volley.toolbox.h: java.net.HttpURLConnection a(java.net.URL,com.android.volley.n)>	sig:virtualinvoke $r3.<java.net.HttpURLConnection: void setConnectTimeout(int)>($i0)	timediff:0
I/System.out(13592): body:<com.android.volley.toolbox.h: java.net.HttpURLConnection a(java.net.URL,com.android.volley.n)>	sig:virtualinvoke $r3.<java.net.HttpURLConnection: void setReadTimeout(int)>($i0)	timediff:0
I/System.out(13592): body:<com.android.volley.toolbox.h: java.net.HttpURLConnection a(java.net.URL,com.android.volley.n)>	sig:virtualinvoke $r3.<java.net.HttpURLConnection: void setUseCaches(boolean)>(0)	timediff:0
I/System.out(13592): body:<com.android.volley.toolbox.h: java.net.HttpURLConnection a(java.net.URL,com.android.volley.n)>	sig:virtualinvoke $r3.<java.net.HttpURLConnection: void setDoInput(boolean)>(1)	timediff:0
I/System.out(13592): body:<com.android.volley.toolbox.h: java.net.HttpURLConnection a(java.net.URL,com.android.volley.n)>	sig:$r5 = virtualinvoke $r1.<java.net.URL: java.lang.String getProtocol()>()	timediff:0
I/System.out(13592): body:<com.android.volley.toolbox.h: org.apache.http.HttpResponse a(com.android.volley.n,java.util.Map)>	sig:virtualinvoke $r12.<java.net.HttpURLConnection: void addRequestProperty(java.lang.String,java.lang.String)>($r8, $r7)	timediff:0
I/System.out(13592): body:<com.android.volley.toolbox.h: void a(java.net.HttpURLConnection,com.android.volley.n)>	sig:virtualinvoke $r0.<java.net.HttpURLConnection: void setRequestMethod(java.lang.String)>("GET")	timediff:0
I/qtaguid (13592): Tagging socket 62 with tag 96db315d00000000(-1764019875) for uid -1 failed errno=-13
I/NetworkManagementSocketTagger(13592): tagSocketFd(62, -1764019875, -1) failed with errno-13
I/qtaguid (13592): Tagging socket 69 with tag 96db315d00000000(-1764019875) for uid -1 failed errno=-13
I/NetworkManagementSocketTagger(13592): tagSocketFd(69, -1764019875, -1) failed with errno-13
I/qtaguid (13592): Tagging socket 71 with tag 96db315d00000000(-1764019875) for uid -1 failed errno=-13
I/NetworkManagementSocketTagger(13592): tagSocketFd(71, -1764019875, -1) failed with errno-13
I/qtaguid (13592): Tagging socket 72 with tag 96db315d00000000(-1764019875) for uid -1 failed errno=-13
I/qtaguid (13592): Untagging socket 71 failed errno=-13
W/NetworkManagementSocketTagger(13592): untagSocket(71) failed with errno -13
I/qtaguid (13592): Tagging socket 71 with tag 96db315d00000000(-1764019875) for uid -1 failed errno=-13
I/NetworkManagementSocketTagger(13592): tagSocketFd(71, -1764019875, -1) failed with errno-13
I/qtaguid (13592): Untagging socket 71 failed errno=-13
W/EGL_emulation(13592): eglSurfaceAttrib not implemented 3093 12436
I/NetworkManagementSocketTagger(13592): tagSocketFd(72, -1764019875, -1) failed with errno-13
I/qtaguid (13592): Untagging socket 72 failed errno=-13
W/NetworkManagementSocketTagger(13592): untagSocket(71) failed with errno -13
I/qtaguid (13592): Tagging socket 71 with tag 96db315d00000000(-1764019875) for uid -1 failed errno=-13
W/NetworkManagementSocketTagger(13592): untagSocket(72) failed with errno -13
I/qtaguid (13592): Tagging socket 72 with tag 96db315d00000000(-1764019875) for uid -1 failed errno=-13
I/NetworkManagementSocketTagger(13592): tagSocketFd(72, -1764019875, -1) failed with errno-13
I/NetworkManagementSocketTagger(13592): tagSocketFd(71, -1764019875, -1) failed with errno-13
I/qtaguid (13592): Untagging socket 72 failed errno=-13
I/qtaguid (13592): Untagging socket 71 failed errno=-13
W/NetworkManagementSocketTagger(13592): untagSocket(72) failed with errno -13
I/qtaguid (13592): Tagging socket 72 with tag 96db315d00000000(-1764019875) for uid -1 failed errno=-13
W/NetworkManagementSocketTagger(13592): untagSocket(71) failed with errno -13
I/qtaguid (13592): Tagging socket 71 with tag 96db315d00000000(-1764019875) for uid -1 failed errno=-13
I/NetworkManagementSocketTagger(13592): tagSocketFd(72, -1764019875, -1) failed with errno-13
I/qtaguid (13592): Untagging socket 72 failed errno=-13
I/NetworkManagementSocketTagger(13592): tagSocketFd(71, -1764019875, -1) failed with errno-13
I/qtaguid (13592): Untagging socket 71 failed errno=-13
W/NetworkManagementSocketTagger(13592): untagSocket(72) failed with errno -13
I/qtaguid (13592): Tagging socket 72 with tag 96db315d00000000(-1764019875) for uid -1 failed errno=-13
W/NetworkManagementSocketTagger(13592): untagSocket(71) failed with errno -13
I/qtaguid (13592): Tagging socket 71 with tag 96db315d00000000(-1764019875) for uid -1 failed errno=-13
I/NetworkManagementSocketTagger(13592): tagSocketFd(72, -1764019875, -1) failed with errno-13
I/NetworkManagementSocketTagger(13592): tagSocketFd(71, -1764019875, -1) failed with errno-13
I/qtaguid (13592): Untagging socket 72 failed errno=-13
I/qtaguid (13592): Untagging socket 71 failed errno=-13
W/NetworkManagementSocketTagger(13592): untagSocket(72) failed with errno -13
I/qtaguid (13592): Tagging socket 72 with tag 96db315d00000000(-1764019875) for uid -1 failed errno=-13
W/NetworkManagementSocketTagger(13592): untagSocket(71) failed with errno -13
I/qtaguid (13592): Tagging socket 71 with tag 96db315d00000000(-1764019875) for uid -1 failed errno=-13
I/NetworkManagementSocketTagger(13592): tagSocketFd(71, -1764019875, -1) failed with errno-13
I/qtaguid (13592): Untagging socket 71 failed errno=-13
I/NetworkManagementSocketTagger(13592): tagSocketFd(72, -1764019875, -1) failed with errno-13
I/qtaguid (13592): Untagging socket 72 failed errno=-13
W/NetworkManagementSocketTagger(13592): untagSocket(71) failed with errno -13
W/NetworkManagementSocketTagger(13592): untagSocket(72) failed with errno -13
I/qtaguid (13592): Tagging socket 71 with tag 96db315d00000000(-1764019875) for uid -1 failed errno=-13
I/NetworkManagementSocketTagger(13592): tagSocketFd(71, -1764019875, -1) failed with errno-13
I/qtaguid (13592): Untagging socket 71 failed errno=-13
W/ViewRootImpl(13592): Dropping event due to no window focus: KeyEvent { action=ACTION_DOWN, keyCode=KEYCODE_U, scanCode=0, metaState=0, flags=0x8, repeatCount=0, eventTime=1243782, downTime=1243782, deviceId=-1, source=0x101 }
I/qtaguid (  654): Untagging socket 107 failed errno=-13
W/NetworkManagementSocketTagger(13592): untagSocket(71) failed with errno -13
W/NetworkManagementSocketTagger(  654): untagSocket(107) failed with errno -13
I/qtaguid (13592): Tagging socket 70 with tag 96db315d00000000(-1764019875) for uid -1 failed errno=-13
I/NetworkManagementSocketTagger(13592): tagSocketFd(70, -1764019875, -1) failed with errno-13
I/qtaguid (13592): Tagging socket 71 with tag 96db315d00000000(-1764019875) for uid -1 failed errno=-13
I/NetworkManagementSocketTagger(13592): tagSocketFd(71, -1764019875, -1) failed with errno-13
I/qtaguid (13592): Untagging socket 71 failed errno=-13
W/NetworkManagementSocketTagger(13592): untagSocket(71) failed with errno -13
I/qtaguid (13592): Tagging socket 71 with tag 96db315d00000000(-1764019875) for uid -1 failed errno=-13
I/NetworkManagementSocketTagger(13592): tagSocketFd(71, -1764019875, -1) failed with errno-13
I/qtaguid (13592): Untagging socket 71 failed errno=-13
W/NetworkManagementSocketTagger(13592): untagSocket(71) failed with errno -13
I/qtaguid (13592): Tagging socket 71 with tag 96db315d00000000(-1764019875) for uid -1 failed errno=-13
I/NetworkManagementSocketTagger(13592): tagSocketFd(71, -1764019875, -1) failed with errno-13
I/qtaguid (13592): Untagging socket 71 failed errno=-13
W/NetworkManagementSocketTagger(13592): untagSocket(71) failed with errno -13
I/qtaguid (13592): Tagging socket 71 with tag 96db315d00000000(-1764019875) for uid -1 failed errno=-13
I/NetworkManagementSocketTagger(13592): tagSocketFd(71, -1764019875, -1) failed with errno-13
I/qtaguid (13592): Untagging socket 71 failed errno=-13
W/NetworkManagementSocketTagger(13592): untagSocket(71) failed with errno -13
I/qtaguid (13592): Tagging socket 71 with tag 96db315d00000000(-1764019875) for uid -1 failed errno=-13
I/NetworkManagementSocketTagger(13592): tagSocketFd(71, -1764019875, -1) failed with errno-13
I/qtaguid (13592): Untagging socket 71 failed errno=-13
W/NetworkManagementSocketTagger(13592): untagSocket(71) failed with errno -13
I/qtaguid (13592): Tagging socket 71 with tag 96db315d00000000(-1764019875) for uid -1 failed errno=-13
I/NetworkManagementSocketTagger(13592): tagSocketFd(71, -1764019875, -1) failed with errno-13
I/qtaguid (13592): Untagging socket 71 failed errno=-13
W/NetworkManagementSocketTagger(13592): untagSocket(71) failed with errno -13
I/System.out(13592): body:<com.android.volley.toolbox.h: org.apache.http.HttpResponse a(com.android.volley.n,java.util.Map)>	sig:$i0 = virtualinvoke $r12.<java.net.HttpURLConnection: int getResponseCode()>()	timediff:283
I/System.out(13592): body:<com.android.volley.toolbox.h: org.apache.http.HttpResponse a(com.android.volley.n,java.util.Map)>	sig:$i0 = virtualinvoke $r12.<java.net.HttpURLConnection: int getResponseCode()>()	timediff:0
I/System.out(13592): body:<com.android.volley.toolbox.h: org.apache.http.HttpResponse a(com.android.volley.n,java.util.Map)>	sig:$r8 = virtualinvoke $r12.<java.net.HttpURLConnection: java.lang.String getResponseMessage()>()	timediff:0
I/System.out(13592): body:<com.android.volley.toolbox.h: org.apache.http.HttpEntity a(java.net.HttpURLConnection)>	sig:$r1 = virtualinvoke $r0.<java.net.HttpURLConnection: java.io.InputStream getInputStream()>()	timediff:0
I/System.out(13592): body:<empirical.HelperClass: void printURLInfo(java.lang.String,java.lang.String,java.net.URLConnection)>	sig:$r0 = virtualinvoke urlConnection.<java.net.URLConnection: java.net.URL getURL()>()	timediff:0
I/System.out(13592): body:<empirical.HelperClass: void printURLInfo(java.lang.String,java.lang.String,java.net.URLConnection)>	sig:urlString = virtualinvoke $r0.<java.net.URL: java.lang.String toString()>()	timediff:0
I/System.out(13592): body:<empirical.HelperClass: void printURLInfo(java.lang.String,java.lang.String,java.net.URLConnection)>	sig:isDoOutput = virtualinvoke urlConnection.<java.net.URLConnection: boolean getDoOutput()>()	timediff:0
I/System.out(13592): body:<empirical.HelperClass: java.lang.String getHeaderField(java.net.URLConnection,java.lang.String)>	sig:data = virtualinvoke conn.<java.net.URLConnection: java.lang.String getHeaderField(java.lang.String)>(field)	timediff:0
I/System.out(13592): body:<empirical.HelperClass: java.lang.String getHeaderField(java.net.URLConnection,java.lang.String)>	sig:data = virtualinvoke conn.<java.net.URLConnection: java.lang.String getHeaderField(java.lang.String)>(field)	timediff:0
I/System.out(13592): body:<empirical.HelperClass: java.lang.String getHeaderField(java.net.URLConnection,java.lang.String)>	sig:data = virtualinvoke conn.<java.net.URLConnection: java.lang.String getHeaderField(java.lang.String)>(field)	timediff:0
I/System.out(13592): body:<empirical.HelperClass: java.lang.String getHeaderField(java.net.URLConnection,java.lang.String)>	sig:data = virtualinvoke conn.<java.net.URLConnection: java.lang.String getHeaderField(java.lang.String)>(field)	timediff:0
I/System.out(13592): body:<empirical.HelperClass: java.lang.String getHeaderField(java.net.URLConnection,java.lang.String)>	sig:data = virtualinvoke conn.<java.net.URLConnection: java.lang.String getHeaderField(java.lang.String)>(field)	timediff:0
I/System.out(13592): URLConn;%;1;%;<com.android.volley.toolbox.h: org.apache.http.HttpEntity a(java.net.HttpURLConnection)>;%;$r1 = virtualinvoke $r0.<java.net.HttpURLConnection: java.io.InputStream getInputStream()>();%;http://digital.comixology.com/ios/api/com.iconology.android.Comics/3.9.2/?action=getApplicationSettings&deviceType=tablet&lang=en;%;false;%;306;%;max-age=604800;%;Fri, 20 Apr 2018 18:38:58 GMT;%;0;%;Not found
I/System.out(13592): body:<com.android.volley.toolbox.h: org.apache.http.HttpEntity a(java.net.HttpURLConnection)>	sig:$i1 = virtualinvoke $r0.<java.net.HttpURLConnection: int getContentLength()>()	timediff:0
I/System.out(13592): body:<com.android.volley.toolbox.h: org.apache.http.HttpEntity a(java.net.HttpURLConnection)>	sig:$r3 = virtualinvoke $r0.<java.net.HttpURLConnection: java.lang.String getContentEncoding()>()	timediff:0
I/System.out(13592): body:<com.android.volley.toolbox.h: org.apache.http.HttpEntity a(java.net.HttpURLConnection)>	sig:$r3 = virtualinvoke $r0.<java.net.HttpURLConnection: java.lang.String getContentType()>()	timediff:0
I/System.out(13592): body:<com.android.volley.toolbox.h: org.apache.http.HttpResponse a(com.android.volley.n,java.util.Map)>	sig:$r5 = virtualinvoke $r12.<java.net.HttpURLConnection: java.util.Map getHeaderFields()>()	timediff:0
I/qtaguid (13592): Untagging socket 62 failed errno=-13
W/NetworkManagementSocketTagger(13592): untagSocket(62) failed with errno -13
I/System.out(13592): body:<com.android.volley.toolbox.h: org.apache.http.HttpResponse a(com.android.volley.n,java.util.Map)>	sig:specialinvoke $r11.<java.net.URL: void <init>(java.lang.String)>($r8)	timediff:0
I/System.out(13592): <com.android.volley.toolbox.h: org.apache.http.HttpResponse a(com.android.volley.n,java.util.Map)>###specialinvoke $r11.<java.net.URL: void <init>(java.lang.String)>($r8)###https://api.comixology.com/application/translations/ja
I/System.out(13592): body:<com.android.volley.toolbox.h: java.net.HttpURLConnection a(java.net.URL)>	sig:$r2 = virtualinvoke $r1.<java.net.URL: java.net.URLConnection openConnection()>()	timediff:0
I/System.out(13592): body:<com.android.volley.toolbox.h: java.net.HttpURLConnection a(java.net.URL,com.android.volley.n)>	sig:virtualinvoke $r3.<java.net.HttpURLConnection: void setConnectTimeout(int)>($i0)	timediff:0
I/System.out(13592): body:<com.android.volley.toolbox.h: java.net.HttpURLConnection a(java.net.URL,com.android.volley.n)>	sig:virtualinvoke $r3.<java.net.HttpURLConnection: void setReadTimeout(int)>($i0)	timediff:0
I/System.out(13592): body:<com.android.volley.toolbox.h: java.net.HttpURLConnection a(java.net.URL,com.android.volley.n)>	sig:virtualinvoke $r3.<java.net.HttpURLConnection: void setUseCaches(boolean)>(0)	timediff:0
I/System.out(13592): body:<com.android.volley.toolbox.h: java.net.HttpURLConnection a(java.net.URL,com.android.volley.n)>	sig:virtualinvoke $r3.<java.net.HttpURLConnection: void setDoInput(boolean)>(1)	timediff:0
I/System.out(13592): body:<com.android.volley.toolbox.h: java.net.HttpURLConnection a(java.net.URL,com.android.volley.n)>	sig:$r5 = virtualinvoke $r1.<java.net.URL: java.lang.String getProtocol()>()	timediff:0
I/System.out(13592): body:<com.android.volley.toolbox.h: org.apache.http.HttpResponse a(com.android.volley.n,java.util.Map)>	sig:virtualinvoke $r12.<java.net.HttpURLConnection: void addRequestProperty(java.lang.String,java.lang.String)>($r8, $r7)	timediff:0
I/System.out(13592): body:<com.android.volley.toolbox.h: org.apache.http.HttpResponse a(com.android.volley.n,java.util.Map)>	sig:virtualinvoke $r12.<java.net.HttpURLConnection: void addRequestProperty(java.lang.String,java.lang.String)>($r8, $r7)	timediff:0
I/System.out(13592): body:<com.android.volley.toolbox.h: org.apache.http.HttpResponse a(com.android.volley.n,java.util.Map)>	sig:virtualinvoke $r12.<java.net.HttpURLConnection: void addRequestProperty(java.lang.String,java.lang.String)>($r8, $r7)	timediff:0
I/System.out(13592): body:<com.android.volley.toolbox.h: org.apache.http.HttpResponse a(com.android.volley.n,java.util.Map)>	sig:virtualinvoke $r12.<java.net.HttpURLConnection: void addRequestProperty(java.lang.String,java.lang.String)>($r8, $r7)	timediff:0
I/System.out(13592): body:<com.android.volley.toolbox.h: void a(java.net.HttpURLConnection,com.android.volley.n)>	sig:virtualinvoke $r0.<java.net.HttpURLConnection: void setRequestMethod(java.lang.String)>("GET")	timediff:0
I/System.out(13592): body:<com.localytics.android.BaseUploadThread: boolean upload(com.localytics.android.BaseUploadThread$UploadType,java.lang.String,java.lang.String,int,boolean)>	sig:specialinvoke $r16.<java.net.URL: void <init>(java.lang.String)>($r2)	timediff:0
I/System.out(13592): <com.localytics.android.BaseUploadThread: boolean upload(com.localytics.android.BaseUploadThread$UploadType,java.lang.String,java.lang.String,int,boolean)>###specialinvoke $r16.<java.net.URL: void <init>(java.lang.String)>($r2)###https://analytics.localytics.com/api/v2/applications/83d7a3e4a71d423540cb497-5112469a-bde1-11e0-05b3-007f58cb3154/amp
I/System.out(13592): body:<com.localytics.android.BaseUploadThread: java.net.URLConnection createURLConnection(java.net.URL,java.net.Proxy)>	sig:$r2 = virtualinvoke $r0.<java.net.URL: java.net.URLConnection openConnection()>()	timediff:0
I/System.out(13592): body:<com.localytics.android.BaseUploadThread: boolean upload(com.localytics.android.BaseUploadThread$UploadType,java.lang.String,java.lang.String,int,boolean)>	sig:virtualinvoke $r18.<java.net.HttpURLConnection: void setConnectTimeout(int)>(60000)	timediff:0
W/ContextImpl(  479): Calling a method in the system process without a qualified user: android.app.ContextImpl.sendBroadcast:1123 com.android.server.InputMethodManagerService.hideCurrentInputLocked:1880 com.android.server.InputMethodManagerService.windowGainedFocus:1968 com.android.internal.view.IInputMethodManager$Stub.onTransact:221 com.android.server.InputMethodManagerService.onTransact:818 
I/System.out(13592): body:<com.localytics.android.BaseUploadThread: boolean upload(com.localytics.android.BaseUploadThread$UploadType,java.lang.String,java.lang.String,int,boolean)>	sig:virtualinvoke $r18.<java.net.HttpURLConnection: void setReadTimeout(int)>(60000)	timediff:0
I/System.out(13592): body:<com.localytics.android.BaseUploadThread: boolean upload(com.localytics.android.BaseUploadThread$UploadType,java.lang.String,java.lang.String,int,boolean)>	sig:virtualinvoke $r18.<java.net.HttpURLConnection: void setDoOutput(boolean)>($z1)	timediff:0
I/System.out(13592): body:<com.localytics.android.BaseUploadThread: boolean upload(com.localytics.android.BaseUploadThread$UploadType,java.lang.String,java.lang.String,int,boolean)>	sig:virtualinvoke $r18.<java.net.HttpURLConnection: void setRequestProperty(java.lang.String,java.lang.String)>("Content-Type", "application/json; charset=utf-8")	timediff:0
I/System.out(13592): body:<com.localytics.android.BaseUploadThread: boolean upload(com.localytics.android.BaseUploadThread$UploadType,java.lang.String,java.lang.String,int,boolean)>	sig:virtualinvoke $r18.<java.net.HttpURLConnection: void setRequestProperty(java.lang.String,java.lang.String)>("Accept-Encoding", "")	timediff:0
