I/InputDispatcher(  478): Dropping event because there is no focused window or focused application.
D/Zygote  (  167): Process 3143 terminated by signal (6)
W/InputManager(  478): Input event injection from pid 2422 failed.
W/InputManager(  478): Input event injection from pid 2422 failed.
W/InputManager(  478): Input event injection from pid 2422 failed.
W/InputManager(  478): Input event injection from pid 2422 failed.
W/InputManager(  478): Input event injection from pid 2422 failed.
W/InputManager(  478): Input event injection from pid 2422 failed.
W/InputManager(  478): Input event injection from pid 2422 failed.
W/InputManager(  478): Input event injection from pid 2422 failed.
W/InputManager(  478): Input event injection from pid 2422 failed.
W/EGL_emulation(  682): eglSurfaceAttrib not implemented 3093 12436
W/InputMethodManagerService(  478): Window already focused, ignoring focus gain of: com.android.internal.view.IInputMethodClient$Stub$Proxy@4aa52fa8 attribute=null, token = android.os.BinderProxy@4aafd574
W/DebugConnManager(  682): getNetworkInfo() on networkType 1
D/dalvikvm(  682): GC_CONCURRENT freed 3194K, 20% free 13811K/17164K, paused 3ms+1ms, total 15ms
D/dalvikvm(  682): WAIT_FOR_CONCURRENT_GC blocked 12ms
D/dalvikvm(  682): WAIT_FOR_CONCURRENT_GC blocked 12ms
D/dalvikvm(  682): WAIT_FOR_CONCURRENT_GC blocked 13ms
D/dalvikvm(  682): WAIT_FOR_CONCURRENT_GC blocked 11ms
I/ActivityManager(  478): START u0 {act=android.intent.action.VIEW dat=http://launcher.us.yeshen.com/api/app/detail?id=com.outfit7.mytalkingangelafree flg=0x10000000 cmp=com.android.browser/.BrowserActivity} from pid 682
I/ActivityManager(  478): START u0 {act=android.intent.action.MAIN cat=[android.intent.category.LAUNCHER] flg=0x10200000 cmp=com.innovativelanguage.innovativelanguage101/com.ill.jp.activities.MainActivity} from pid 2422
D/yeshen  (  682): launcher onpause
I/dalvikvm( 3160): Enabling JNI app bug workarounds for target SDK version 10...
I/ActivityManager(  478): Start proc com.innovativelanguage.innovativelanguage101 for activity com.innovativelanguage.innovativelanguage101/com.ill.jp.activities.MainActivity: pid=3160 uid=10200 gids={50200, 3003, 1028, 1015, 1023, 3002}
W/NetworkManagementSocketTagger(  478): setKernelCountSet(10200, 1) failed with errno -13
I/dalvikvm( 3160): ignoring registerObject request in thread=1
I/dalvikvm( 3160): ignoring registerObject request in thread=1
V/PhoneStatusBar(  534): setLightsOn(true)
D/dalvikvm(  167): GC_EXPLICIT freed 42K, 4% free 2788K/2892K, paused 1ms+0ms, total 39ms
W/Checkout( 3160): Default purchase verification procedure is used, please read https://github.com/serso/android-checkout#purchase-verification
V//InnovativeApplication.java:121( 3160): main Application: onCreate
D/yeshen  (  682): launcher onstop
D/FirebaseApp(  682): Notifying background state change listeners.
D/Tinker.DefaultAppLike(  682): onTrimMemory level:20
D/roboguice.RoboGuice( 3160): Using full reflection. Try using RoboGuice annotation processor for better performance.
E/dalvikvm( 3160): Bogus static initialization: value type 23 in field type Ljava/lang/Object; for Lcom/google/inject/internal/util/SourceProvider; at index 1
E/dalvikvm( 3160): VM aborting
F/libc    ( 3160): Fatal signal 6 (SIGABRT) at 0x00000c58 (code=-6), thread 3160 (tivelanguage101)
F/libc    ( 3160): Unable to open connection to debuggerd: Connection refused
W/NetworkManagementSocketTagger(  478): setKernelCountSet(10200, 0) failed with errno -13
I/ActivityManager(  478): Process com.innovativelanguage.innovativelanguage101 (pid 3160) has died.
D/dalvikvm(  167): GC_EXPLICIT freed <1K, 4% free 2788K/2892K, paused 0ms+0ms, total 6ms
W/DebugConnManager(  682): getNetworkInfo() on networkType 1
D/dalvikvm(  167): GC_EXPLICIT freed <1K, 4% free 2788K/2892K, paused 0ms+1ms, total 11ms
I/dalvikvm( 3173): Enabling JNI app bug workarounds for target SDK version 10...
I/ActivityManager(  478): Start proc com.innovativelanguage.innovativelanguage101 for activity com.innovativelanguage.innovativelanguage101/com.ill.jp.activities.MainActivity: pid=3173 uid=10200 gids={50200, 3003, 1028, 1015, 1023, 3002}
I/ActivityManager(  478): START u0 {act=android.intent.action.VIEW dat=http://launcher.us.yeshen.com/api/app/detail?id=com.cauagamesoft.carrossocadosbrasil flg=0x10000000 cmp=com.android.browser/.BrowserActivity} from pid 682
D/Zygote  (  167): Process 3160 terminated by signal (6)
W/NetworkManagementSocketTagger(  478): setKernelCountSet(10200, 1) failed with errno -13
I/dalvikvm( 3173): ignoring registerObject request in thread=1
I/dalvikvm( 3173): ignoring registerObject request in thread=1
W/Checkout( 3173): Default purchase verification procedure is used, please read https://github.com/serso/android-checkout#purchase-verification
V//InnovativeApplication.java:121( 3173): main Application: onCreate
D/roboguice.RoboGuice( 3173): Using full reflection. Try using RoboGuice annotation processor for better performance.
E/dalvikvm( 3173): Bogus static initialization: value type 23 in field type Ljava/lang/Object; for Lcom/google/inject/internal/util/SourceProvider; at index 1
E/dalvikvm( 3173): VM aborting
F/libc    ( 3173): Fatal signal 6 (SIGABRT) at 0x00000c65 (code=-6), thread 3173 (tivelanguage101)
F/libc    ( 3173): Unable to open connection to debuggerd: Connection refused
W/NetworkManagementSocketTagger(  478): setKernelCountSet(10200, 0) failed with errno -13
I/dalvikvm( 3184): Enabling JNI app bug workarounds for target SDK version 10...
I/ActivityManager(  478): Process com.innovativelanguage.innovativelanguage101 (pid 3173) has died.
D/Zygote  (  167): Process 3173 terminated by signal (6)
I/ActivityManager(  478): Start proc com.innovativelanguage.innovativelanguage101 for activity com.innovativelanguage.innovativelanguage101/com.ill.jp.activities.MainActivity: pid=3184 uid=10200 gids={50200, 3003, 1028, 1015, 1023, 3002}
W/NetworkManagementSocketTagger(  478): setKernelCountSet(10200, 1) failed with errno -13
I/dalvikvm( 3184): ignoring registerObject request in thread=1
I/dalvikvm( 3184): ignoring registerObject request in thread=1
W/Checkout( 3184): Default purchase verification procedure is used, please read https://github.com/serso/android-checkout#purchase-verification
V//InnovativeApplication.java:121( 3184): main Application: onCreate
D/roboguice.RoboGuice( 3184): Using full reflection. Try using RoboGuice annotation processor for better performance.
E/dalvikvm( 3184): Bogus static initialization: value type 23 in field type Ljava/lang/Object; for Lcom/google/inject/internal/util/SourceProvider; at index 1
E/dalvikvm( 3184): VM aborting
F/libc    ( 3184): Fatal signal 6 (SIGABRT) at 0x00000c70 (code=-6), thread 3184 (tivelanguage101)
F/libc    ( 3184): Unable to open connection to debuggerd: Connection refused
I/ActivityManager(  478): Process com.innovativelanguage.innovativelanguage101 (pid 3184) has died.
W/NetworkManagementSocketTagger(  478): setKernelCountSet(10200, 0) failed with errno -13
I/InputDispatcher(  478): Dropping event because there is no focused window or focused application.
W/ActivityManager(  478): Force removing ActivityRecord{4aa02738 u0 com.innovativelanguage.innovativelanguage101/com.ill.jp.activities.MainActivity t17}: app died, no saved state
W/InputManager(  478): Input event injection from pid 2422 failed.
I/InputDispatcher(  478): Dropping event because there is no focused window or focused application.
D/FirebaseApp(  682): Notifying background state change listeners.
D/Zygote  (  167): Process 3184 terminated by signal (6)
W/InputManager(  478): Input event injection from pid 2422 failed.
W/InputManager(  478): Input event injection from pid 2422 failed.
W/InputManager(  478): Input event injection from pid 2422 failed.
W/InputManager(  478): Input event injection from pid 2422 failed.
I/InputDispatcher(  478): Dropping event because there is no focused window or focused application.
W/InputManager(  478): Input event injection from pid 2422 failed.
W/EGL_emulation(  682): eglSurfaceAttrib not implemented 3093 12436
W/InputMethodManagerService(  478): Window already focused, ignoring focus gain of: com.android.internal.view.IInputMethodClient$Stub$Proxy@4aa62c1c attribute=null, token = android.os.BinderProxy@4aafd574
W/DebugConnManager(  682): getNetworkInfo() on networkType 1
I/ActivityManager(  478): START u0 {act=android.intent.action.VIEW dat=http://launcher.us.yeshen.com/api/app/detail?id=com.miniclip.eightballpool flg=0x10000000 cmp=com.android.browser/.BrowserActivity} from pid 682
W/DebugConnManager(  682): getNetworkInfo() on networkType 1
I/ActivityManager(  478): START u0 {act=android.intent.action.VIEW dat=http://launcher.us.yeshen.com/api/app/detail?id=com.miniclip.eightballpool flg=0x10000000 cmp=com.android.browser/.BrowserActivity} from pid 682
W/DebugConnManager(  682): getNetworkInfo() on networkType 1
I/ActivityManager(  478): START u0 {act=android.intent.action.VIEW dat=http://launcher.us.yeshen.com/api/app/detail?id=com.cauagamesoft.carrossocadosbrasil flg=0x10000000 cmp=com.android.browser/.BrowserActivity} from pid 682
W/Launcher(  682): No global search activity found.
W/ContextImpl(  682): Calling a method in the system process without a qualified user: android.app.ContextImpl.bindService:1556 android.content.ContextWrapper.bindService:517 com.google.android.gms.common.stats.zzb.zza:-1 com.google.android.gms.common.stats.zzb.zza:-1 com.google.android.gms.ads.identifier.AdvertisingIdClient.zzh:-1 
W/DebugConnManager(  682): getNetworkInfo() on networkType 1
W/DebugConnManager(  682): getNetworkInfo() on networkType 1
I/ActivityManager(  478): START u0 {act=android.intent.action.VIEW dat=http://launcher.us.yeshen.com/api/app/detail?id=com.bbqstudio.bbqqoversea flg=0x10000000 cmp=com.android.browser/.BrowserActivity} from pid 682
D/dalvikvm(  682): GC_FOR_ALLOC freed 3727K, 24% free 13419K/17576K, paused 6ms, total 9ms
I/DEBUG   ( 3216): debuggerd: Sep  7 2017 16:04:41
W/PropertyValuesHolder(  682): Method setBrightness() with type int not found on target class class ph
W/PropertyValuesHolder(  682): Method getBrightness() with type int not found on target class class ph
I/ActivityManager(  478): START u0 {act=android.intent.action.MAIN cat=[android.intent.category.LAUNCHER] flg=0x10200000 cmp=org.brilliant.android/.MainActivity bnds=[599,848][740,1078] (has extras)} from pid 682
W/ContextImpl(  682): Calling a method in the system process without a qualified user: android.app.ContextImpl.sendBroadcast:1137 android.content.ContextWrapper.sendBroadcast:370 com.vphone.launcher.Stats.recordLaunch:129 com.vphone.launcher.Launcher.c:3192 com.vphone.launcher.Launcher.onClickAppShortcut:3144 
I/dalvikvm( 3221): Enabling JNI app bug workarounds for target SDK version 10...
I/ActivityManager(  478): Start proc com.innovativelanguage.innovativelanguage101 for broadcast com.innovativelanguage.innovativelanguage101/com.ill.jp.media.RemoteControlReceiver: pid=3221 uid=10200 gids={50200, 3003, 1028, 1015, 1023, 3002}
I/dalvikvm( 3221): ignoring registerObject request in thread=1
I/dalvikvm( 3221): ignoring registerObject request in thread=1
W/Checkout( 3221): Default purchase verification procedure is used, please read https://github.com/serso/android-checkout#purchase-verification
V//InnovativeApplication.java:121( 3221): main Application: onCreate
D/roboguice.RoboGuice( 3221): Using full reflection. Try using RoboGuice annotation processor for better performance.
E/dalvikvm( 3221): Bogus static initialization: value type 23 in field type Ljava/lang/Object; for Lcom/google/inject/internal/util/SourceProvider; at index 1
E/dalvikvm( 3221): VM aborting
F/libc    ( 3221): Fatal signal 6 (SIGABRT) at 0x00000c95 (code=-6), thread 3221 (tivelanguage101)
I/ActivityManager(  478): START u0 {act=android.intent.action.MAIN cat=[android.intent.category.LAUNCHER] flg=0x10200000 cmp=org.brilliant.android/.MainActivity bnds=[478,848][619,1078] (has extras)} from pid 682
W/ContextImpl(  682): Calling a method in the system process without a qualified user: android.app.ContextImpl.sendBroadcast:1137 android.content.ContextWrapper.sendBroadcast:370 com.vphone.launcher.Stats.recordLaunch:129 com.vphone.launcher.Launcher.c:3192 com.vphone.launcher.Launcher.onClickAppShortcut:3144 
W/DebugConnManager(  682): getNetworkInfo() on networkType 1
I/ActivityManager(  478): START u0 {act=android.intent.action.VIEW dat=http://launcher.us.yeshen.com/api/app/detail?id=air.com.hypah.io.slither flg=0x10000000 cmp=com.android.browser/.BrowserActivity} from pid 682
I/DEBUG   ( 3216): *** *** *** *** *** *** *** *** *** *** *** *** *** *** *** ***
I/DEBUG   ( 3216): Build fingerprint: 'samsung/heroltektt/heroltektt:4.4.2/NRD90M/381180401:user/release-keys'
I/DEBUG   ( 3216): Revision: '0'
I/DEBUG   ( 3216): pid: 3221, tid: 3221, name: tivelanguage101  >>> com.innovativelanguage.innovativelanguage101 <<<
I/DEBUG   ( 3216): signal 6 (SIGABRT), code -6 (SI_TKILL), fault addr --------
D/dalvikvm(  645): JIT code cache reset in 0 ms (0 bytes 1/0)
D/dalvikvm(  645): GC_CONCURRENT freed 315K, 12% free 2850K/3224K, paused 0ms+0ms, total 21ms
I/DEBUG   ( 3216):     eax 00000000  ebx 00000c95  ecx 00000c95  edx 00000006
I/DEBUG   ( 3216):     esi 00000c95  edi 00000002
I/DEBUG   ( 3216):     xcs 00000073  xds 0000007b  xes 0000007b  xfs 00000000  xss 0000007b
I/DEBUG   ( 3216):     eip b77080d6  ebp b7771ce0  esp bfb4a7d0  flags 00200203
I/DEBUG   ( 3216): 
I/DEBUG   ( 3216): backtrace:
I/DEBUG   ( 3216):     #00  pc 0003c0d6  /system/lib/libc.so (tgkill+22)
I/DEBUG   ( 3216):     #01  pc 00000005  <unknown>
I/DEBUG   ( 3216): 
I/DEBUG   ( 3216): stack:
I/DEBUG   ( 3216):          bfb4a790  00000000  
I/DEBUG   ( 3216):          bfb4a794  b776d268  /system/lib/libc.so
I/DEBUG   ( 3216):          bfb4a798  00000000  
I/DEBUG   ( 3216):          bfb4a79c  b76d9f39  /system/lib/libc.so (pthread_mutex_unlock+25)
I/DEBUG   ( 3216):          bfb4a7a0  b776d18c  /system/lib/libc.so
I/DEBUG   ( 3216):          bfb4a7a4  b95b1150  [heap]
I/DEBUG   ( 3216):          bfb4a7a8  00000015  
I/DEBUG   ( 3216):          bfb4a7ac  b4ee6c40  /system/lib/libdvm.so
I/DEBUG   ( 3216):          bfb4a7b0  00000000  
I/DEBUG   ( 3216):          bfb4a7b4  b7726926  /system/lib/libc.so (funlockfile+6)
I/DEBUG   ( 3216):          bfb4a7b8  b776cfcc  /system/lib/libc.so
I/DEBUG   ( 3216):          bfb4a7bc  b7712006  /system/lib/libc.so (__sflush_locked+150)
I/DEBUG   ( 3216):          bfb4a7c0  00000000  
I/DEBUG   ( 3216):          bfb4a7c4  00000000  
I/DEBUG   ( 3216):          bfb4a7c8  b76d9d69  /system/lib/libc.so (pthread_mutex_lock+9)
I/DEBUG   ( 3216):          bfb4a7cc  b776cfcc  /system/lib/libc.so
I/DEBUG   ( 3216):     #00  bfb4a7d0  00000006  
I/DEBUG   ( 3216):          bfb4a7d4  00000c95  
I/DEBUG   ( 3216):          bfb4a7d8  b776cfcc  /system/lib/libc.so
I/DEBUG   ( 3216):          bfb4a7dc  b76e44a6  /system/lib/libc.so (pthread_kill+102)
I/DEBUG   ( 3216):          bfb4a7e0  00000c95  
I/DEBUG   ( 3216):          bfb4a7e4  00000c95  
I/DEBUG   ( 3216):          bfb4a7e8  00000006  
I/DEBUG   ( 3216):          bfb4a7ec  00000000  
I/DEBUG   ( 3216):          bfb4a7f0  b776d268  /system/lib/libc.so
I/DEBUG   ( 3216):          bfb4a7f4  94fab170  /dev/ashmem/dalvik-heap (deleted)
I/DEBUG   ( 3216):          bfb4a7f8  b76e4449  /system/lib/libc.so (pthread_kill+9)
I/DEBUG   ( 3216):          bfb4a7fc  b776cfcc  /system/lib/libc.so
I/DEBUG   ( 3216):          bfb4a800  bfb4a84c  [stack]
I/DEBUG   ( 3216):          bfb4a804  bfb4aa80  [stack]
I/DEBUG   ( 3216):          bfb4a808  00000001  
I/DEBUG   ( 3216):          bfb4a80c  b76e482c  /system/lib/libc.so (raise+44)
I/BootReceiver(  478): Copying /data/tombstones/tombstone_03 to DropBox (SYSTEM_TOMBSTONE)
I/Process (  478): Sending signal. PID: 3221 SIG: 9
W/ActivityManager(  478): Force-killing crashed app com.innovativelanguage.innovativelanguage101 at watcher's request
W/ContextImpl(  478): Calling a method in the system process without a qualified user: android.app.ContextImpl.sendBroadcast:1123 com.android.server.am.ActivityManagerService.handleApplicationCrashInner:9670 com.android.server.am.NativeCrashListener$NativeCrashReporter.run:86 <bottom of call stack> <bottom of call stack> 
I/ActivityManager(  478): Process com.innovativelanguage.innovativelanguage101 (pid 3221) has died.
D/Zygote  (  167): Process 3221 terminated by signal (6)
I/dalvikvm( 3242): Enabling JNI app bug workarounds for target SDK version 10...
I/ActivityManager(  478): Start proc com.innovativelanguage.innovativelanguage101 for broadcast com.innovativelanguage.innovativelanguage101/com.ill.jp.media.RemoteControlReceiver: pid=3242 uid=10200 gids={50200, 3003, 1028, 1015, 1023, 3002}
I/dalvikvm( 3242): ignoring registerObject request in thread=1
I/dalvikvm( 3242): ignoring registerObject request in thread=1
W/Checkout( 3242): Default purchase verification procedure is used, please read https://github.com/serso/android-checkout#purchase-verification
V//InnovativeApplication.java:121( 3242): main Application: onCreate
W/DebugConnManager(  682): getNetworkInfo() on networkType 1
D/roboguice.RoboGuice( 3242): Using full reflection. Try using RoboGuice annotation processor for better performance.
E/dalvikvm( 3242): Bogus static initialization: value type 23 in field type Ljava/lang/Object; for Lcom/google/inject/internal/util/SourceProvider; at index 1
E/dalvikvm( 3242): VM aborting
F/libc    ( 3242): Fatal signal 6 (SIGABRT) at 0x00000caa (code=-6), thread 3242 (tivelanguage101)
I/ActivityManager(  478): START u0 {act=android.intent.action.VIEW dat=http://launcher.us.yeshen.com/api/app/detail?id=net.mobigame.zombietsunami flg=0x10000000 cmp=com.android.browser/.BrowserActivity} from pid 682
D/dalvikvm(  682): GC_CONCURRENT freed 3191K, 22% free 13796K/17576K, paused 4ms+0ms, total 15ms
D/dalvikvm(  682): WAIT_FOR_CONCURRENT_GC blocked 8ms
I/DEBUG   ( 3216): *** *** *** *** *** *** *** *** *** *** *** *** *** *** *** ***
I/DEBUG   ( 3216): Build fingerprint: 'samsung/heroltektt/heroltektt:4.4.2/NRD90M/381180401:user/release-keys'
I/DEBUG   ( 3216): Revision: '0'
I/DEBUG   ( 3216): pid: 3242, tid: 3242, name: tivelanguage101  >>> com.innovativelanguage.innovativelanguage101 <<<
I/DEBUG   ( 3216): signal 6 (SIGABRT), code -6 (SI_TKILL), fault addr --------
I/DEBUG   ( 3216):     eax 00000000  ebx 00000caa  ecx 00000caa  edx 00000006
I/DEBUG   ( 3216):     esi 00000caa  edi 00000002
I/DEBUG   ( 3216):     xcs 00000073  xds 0000007b  xes 0000007b  xfs 00000000  xss 0000007b
I/DEBUG   ( 3216):     eip b77080d6  ebp b7771ce0  esp bfb4a7d0  flags 00200207
I/DEBUG   ( 3216): 
I/DEBUG   ( 3216): backtrace:
I/DEBUG   ( 3216):     #00  pc 0003c0d6  /system/lib/libc.so (tgkill+22)
I/DEBUG   ( 3216):     #01  pc 00000005  <unknown>
I/DEBUG   ( 3216): 
I/DEBUG   ( 3216): stack:
I/DEBUG   ( 3216):          bfb4a790  00000000  
I/DEBUG   ( 3216):          bfb4a794  b776d268  /system/lib/libc.so
I/DEBUG   ( 3216):          bfb4a798  00000000  
I/DEBUG   ( 3216):          bfb4a79c  b76d9f39  /system/lib/libc.so (pthread_mutex_unlock+25)
I/DEBUG   ( 3216):          bfb4a7a0  b776d18c  /system/lib/libc.so
I/DEBUG   ( 3216):          bfb4a7a4  b95b1150  [heap]
I/DEBUG   ( 3216):          bfb4a7a8  00000015  
I/DEBUG   ( 3216):          bfb4a7ac  b4ee6c40  /system/lib/libdvm.so
I/DEBUG   ( 3216):          bfb4a7b0  00000000  
I/DEBUG   ( 3216):          bfb4a7b4  b7726926  /system/lib/libc.so (funlockfile+6)
I/DEBUG   ( 3216):          bfb4a7b8  b776cfcc  /system/lib/libc.so
I/DEBUG   ( 3216):          bfb4a7bc  b7712006  /system/lib/libc.so (__sflush_locked+150)
I/DEBUG   ( 3216):          bfb4a7c0  00000000  
I/DEBUG   ( 3216):          bfb4a7c4  00000000  
I/DEBUG   ( 3216):          bfb4a7c8  b76d9d69  /system/lib/libc.so (pthread_mutex_lock+9)
I/DEBUG   ( 3216):          bfb4a7cc  b776cfcc  /system/lib/libc.so
I/DEBUG   ( 3216):     #00  bfb4a7d0  00000006  
I/DEBUG   ( 3216):          bfb4a7d4  00000caa  
I/DEBUG   ( 3216):          bfb4a7d8  b776cfcc  /system/lib/libc.so
I/DEBUG   ( 3216):          bfb4a7dc  b76e44a6  /system/lib/libc.so (pthread_kill+102)
I/DEBUG   ( 3216):          bfb4a7e0  00000caa  
I/DEBUG   ( 3216):          bfb4a7e4  00000caa  
I/DEBUG   ( 3216):          bfb4a7e8  00000006  
I/DEBUG   ( 3216):          bfb4a7ec  00000000  
I/DEBUG   ( 3216):          bfb4a7f0  b776d268  /system/lib/libc.so
I/DEBUG   ( 3216):          bfb4a7f4  94fac0d0  /dev/ashmem/dalvik-heap (deleted)
I/DEBUG   ( 3216):          bfb4a7f8  b76e4449  /system/lib/libc.so (pthread_kill+9)
I/DEBUG   ( 3216):          bfb4a7fc  b776cfcc  /system/lib/libc.so
I/DEBUG   ( 3216):          bfb4a800  bfb4a84c  [stack]
I/DEBUG   ( 3216):          bfb4a804  bfb4aa80  [stack]
I/DEBUG   ( 3216):          bfb4a808  00000001  
I/DEBUG   ( 3216):          bfb4a80c  b76e482c  /system/lib/libc.so (raise+44)
I/BootReceiver(  478): Copying /data/tombstones/tombstone_01 to DropBox (SYSTEM_TOMBSTONE)
I/ActivityManager(  478): Process com.innovativelanguage.innovativelanguage101 (pid 3242) has died.
W/ActivityManager(  478): Force-killing crashed app com.innovativelanguage.innovativelanguage101 at watcher's request
W/ContextImpl(  478): Calling a method in the system process without a qualified user: android.app.ContextImpl.sendBroadcast:1123 com.android.server.am.ActivityManagerService.handleApplicationCrashInner:9670 com.android.server.am.NativeCrashListener$NativeCrashReporter.run:86 <bottom of call stack> <bottom of call stack> 
D/Zygote  (  167): Process 3242 terminated by signal (6)
D/dalvikvm(  682): GC_CONCURRENT freed 3042K, 18% free 14446K/17612K, paused 2ms+2ms, total 48ms
D/dalvikvm(  682): WAIT_FOR_CONCURRENT_GC blocked 37ms
D/dalvikvm(  682): WAIT_FOR_CONCURRENT_GC blocked 46ms
D/dalvikvm(  682): WAIT_FOR_CONCURRENT_GC blocked 47ms
D/dalvikvm(  682): GC_FOR_ALLOC freed 2110K, 20% free 14783K/18476K, paused 6ms, total 6ms
W/DebugConnManager(  682): getNetworkInfo() on networkType 1
W/Launcher(  682): No global search activity found.
I/ActivityManager(  478): START u0 {act=android.intent.action.VIEW dat=http://launcher.us.yeshen.com/api/app/detail?id=com.miniclip.eightballpool flg=0x10000000 cmp=com.android.browser/.BrowserActivity} from pid 682
I/ActivityManager(  478): START u0 {act=android.intent.action.MAIN cat=[android.intent.category.LAUNCHER] flg=0x10200000 cmp=com.innovativelanguage.innovativelanguage101/com.ill.jp.activities.MainActivity} from pid 2422
D/dalvikvm(  478): GC_FOR_ALLOC freed 1125K, 18% free 9882K/11996K, paused 13ms, total 13ms
I/ActivityManager(  478): START u0 {act=android.intent.action.MAIN cat=[android.intent.category.LAUNCHER] flg=0x10200000 cmp=com.innovativelanguage.innovativelanguage101/com.ill.jp.activities.MainActivity} from pid 2422
D/yeshen  (  682): launcher onpause
I/dalvikvm( 3263): Enabling JNI app bug workarounds for target SDK version 10...
I/ActivityManager(  478): Start proc com.innovativelanguage.innovativelanguage101 for activity com.innovativelanguage.innovativelanguage101/com.ill.jp.activities.MainActivity: pid=3263 uid=10200 gids={50200, 3003, 1028, 1015, 1023, 3002}
W/NetworkManagementSocketTagger(  478): setKernelCountSet(10200, 1) failed with errno -13
I/dalvikvm( 3263): ignoring registerObject request in thread=1
I/dalvikvm( 3263): ignoring registerObject request in thread=1
V/PhoneStatusBar(  534): setLightsOn(true)
W/Checkout( 3263): Default purchase verification procedure is used, please read https://github.com/serso/android-checkout#purchase-verification
V//InnovativeApplication.java:121( 3263): main Application: onCreate
D/roboguice.RoboGuice( 3263): Using full reflection. Try using RoboGuice annotation processor for better performance.
E/dalvikvm( 3263): Bogus static initialization: value type 23 in field type Ljava/lang/Object; for Lcom/google/inject/internal/util/SourceProvider; at index 1
E/dalvikvm( 3263): VM aborting
F/libc    ( 3263): Fatal signal 6 (SIGABRT) at 0x00000cbf (code=-6), thread 3263 (tivelanguage101)
D/yeshen  (  682): launcher onstop
D/FirebaseApp(  682): Notifying background state change listeners.
D/Tinker.DefaultAppLike(  682): onTrimMemory level:20
W/DebugConnManager(  682): getNetworkInfo() on networkType 1
I/DEBUG   ( 3216): *** *** *** *** *** *** *** *** *** *** *** *** *** *** *** ***
I/DEBUG   ( 3216): Build fingerprint: 'samsung/heroltektt/heroltektt:4.4.2/NRD90M/381180401:user/release-keys'
I/DEBUG   ( 3216): Revision: '0'
I/DEBUG   ( 3216): pid: 3263, tid: 3263, name: tivelanguage101  >>> com.innovativelanguage.innovativelanguage101 <<<
I/DEBUG   ( 3216): signal 6 (SIGABRT), code -6 (SI_TKILL), fault addr --------
I/DEBUG   ( 3216):     eax 00000000  ebx 00000cbf  ecx 00000cbf  edx 00000006
I/DEBUG   ( 3216):     esi 00000cbf  edi 00000002
I/DEBUG   ( 3216):     xcs 00000073  xds 0000007b  xes 0000007b  xfs 00000000  xss 0000007b
I/DEBUG   ( 3216):     eip b77080d6  ebp b7771ce0  esp bfb4a7d0  flags 00200207
I/DEBUG   ( 3216): 
I/DEBUG   ( 3216): backtrace:
I/DEBUG   ( 3216):     #00  pc 0003c0d6  /system/lib/libc.so (tgkill+22)
I/DEBUG   ( 3216):     #01  pc 00000005  <unknown>
I/DEBUG   ( 3216): 
I/DEBUG   ( 3216): stack:
I/DEBUG   ( 3216):          bfb4a790  00000000  
I/DEBUG   ( 3216):          bfb4a794  b776d268  /system/lib/libc.so
I/DEBUG   ( 3216):          bfb4a798  00000000  
I/DEBUG   ( 3216):          bfb4a79c  b76d9f39  /system/lib/libc.so (pthread_mutex_unlock+25)
I/DEBUG   ( 3216):          bfb4a7a0  b776d18c  /system/lib/libc.so
I/DEBUG   ( 3216):          bfb4a7a4  b95b1150  [heap]
I/DEBUG   ( 3216):          bfb4a7a8  00000015  
I/DEBUG   ( 3216):          bfb4a7ac  b4ee6c40  /system/lib/libdvm.so
I/DEBUG   ( 3216):          bfb4a7b0  00000000  
I/DEBUG   ( 3216):          bfb4a7b4  b7726926  /system/lib/libc.so (funlockfile+6)
I/DEBUG   ( 3216):          bfb4a7b8  b776cfcc  /system/lib/libc.so
I/DEBUG   ( 3216):          bfb4a7bc  b7712006  /system/lib/libc.so (__sflush_locked+150)
I/DEBUG   ( 3216):          bfb4a7c0  00000000  
I/DEBUG   ( 3216):          bfb4a7c4  00000000  
I/DEBUG   ( 3216):          bfb4a7c8  b76d9d69  /system/lib/libc.so (pthread_mutex_lock+9)
I/DEBUG   ( 3216):          bfb4a7cc  b776cfcc  /system/lib/libc.so
I/DEBUG   ( 3216):     #00  bfb4a7d0  00000006  
I/DEBUG   ( 3216):          bfb4a7d4  00000cbf  
I/DEBUG   ( 3216):          bfb4a7d8  b776cfcc  /system/lib/libc.so
I/DEBUG   ( 3216):          bfb4a7dc  b76e44a6  /system/lib/libc.so (pthread_kill+102)
I/DEBUG   ( 3216):          bfb4a7e0  00000cbf  
I/DEBUG   ( 3216):          bfb4a7e4  00000cbf  
I/DEBUG   ( 3216):          bfb4a7e8  00000006  
I/DEBUG   ( 3216):          bfb4a7ec  00000000  
I/DEBUG   ( 3216):          bfb4a7f0  b776d268  /system/lib/libc.so
I/DEBUG   ( 3216):          bfb4a7f4  94fad288  /dev/ashmem/dalvik-heap (deleted)
I/DEBUG   ( 3216):          bfb4a7f8  b76e4449  /system/lib/libc.so (pthread_kill+9)
I/DEBUG   ( 3216):          bfb4a7fc  b776cfcc  /system/lib/libc.so
I/DEBUG   ( 3216):          bfb4a800  bfb4a84c  [stack]
I/DEBUG   ( 3216):          bfb4a804  bfb4aa80  [stack]
I/DEBUG   ( 3216):          bfb4a808  00000001  
I/DEBUG   ( 3216):          bfb4a80c  b76e482c  /system/lib/libc.so (raise+44)
I/BootReceiver(  478): Copying /data/tombstones/tombstone_04 to DropBox (SYSTEM_TOMBSTONE)
I/Process (  478): Sending signal. PID: 3263 SIG: 9
W/NetworkManagementSocketTagger(  478): setKernelCountSet(10200, 0) failed with errno -13
W/ActivityManager(  478): Force-killing crashed app com.innovativelanguage.innovativelanguage101 at watcher's request
W/ContextImpl(  478): Calling a method in the system process without a qualified user: android.app.ContextImpl.sendBroadcast:1123 com.android.server.am.ActivityManagerService.handleApplicationCrashInner:9670 com.android.server.am.NativeCrashListener$NativeCrashReporter.run:86 <bottom of call stack> <bottom of call stack> 
I/ActivityManager(  478): Process com.innovativelanguage.innovativelanguage101 (pid 3263) has died.
I/dalvikvm( 3276): Enabling JNI app bug workarounds for target SDK version 10...
D/Zygote  (  167): Process 3263 terminated by signal (6)
I/ActivityManager(  478): Start proc com.innovativelanguage.innovativelanguage101 for activity com.innovativelanguage.innovativelanguage101/com.ill.jp.activities.MainActivity: pid=3276 uid=10200 gids={50200, 3003, 1028, 1015, 1023, 3002}
W/NetworkManagementSocketTagger(  478): setKernelCountSet(10200, 1) failed with errno -13
I/dalvikvm( 3276): ignoring registerObject request in thread=1
I/dalvikvm( 3276): ignoring registerObject request in thread=1
W/Checkout( 3276): Default purchase verification procedure is used, please read https://github.com/serso/android-checkout#purchase-verification
V//InnovativeApplication.java:121( 3276): main Application: onCreate
D/roboguice.RoboGuice( 3276): Using full reflection. Try using RoboGuice annotation processor for better performance.
E/dalvikvm( 3276): Bogus static initialization: value type 23 in field type Ljava/lang/Object; for Lcom/google/inject/internal/util/SourceProvider; at index 1
E/dalvikvm( 3276): VM aborting
F/libc    ( 3276): Fatal signal 6 (SIGABRT) at 0x00000ccc (code=-6), thread 3276 (tivelanguage101)
I/DEBUG   ( 3216): *** *** *** *** *** *** *** *** *** *** *** *** *** *** *** ***
I/DEBUG   ( 3216): Build fingerprint: 'samsung/heroltektt/heroltektt:4.4.2/NRD90M/381180401:user/release-keys'
I/DEBUG   ( 3216): Revision: '0'
I/DEBUG   ( 3216): pid: 3276, tid: 3276, name: tivelanguage101  >>> com.innovativelanguage.innovativelanguage101 <<<
I/DEBUG   ( 3216): signal 6 (SIGABRT), code -6 (SI_TKILL), fault addr --------
I/DEBUG   ( 3216):     eax 00000000  ebx 00000ccc  ecx 00000ccc  edx 00000006
I/DEBUG   ( 3216):     esi 00000ccc  edi 00000002
I/DEBUG   ( 3216):     xcs 00000073  xds 0000007b  xes 0000007b  xfs 00000000  xss 0000007b
I/DEBUG   ( 3216):     eip b77080d6  ebp b7771ce0  esp bfb4a7d0  flags 00200203
I/DEBUG   ( 3216): 
I/DEBUG   ( 3216): backtrace:
I/DEBUG   ( 3216):     #00  pc 0003c0d6  /system/lib/libc.so (tgkill+22)
I/DEBUG   ( 3216):     #01  pc 00000005  <unknown>
I/DEBUG   ( 3216): 
I/DEBUG   ( 3216): stack:
I/DEBUG   ( 3216):          bfb4a790  00000000  
I/DEBUG   ( 3216):          bfb4a794  b776d268  /system/lib/libc.so
I/DEBUG   ( 3216):          bfb4a798  00000000  
I/DEBUG   ( 3216):          bfb4a79c  b76d9f39  /system/lib/libc.so (pthread_mutex_unlock+25)
I/DEBUG   ( 3216):          bfb4a7a0  b776d18c  /system/lib/libc.so
I/DEBUG   ( 3216):          bfb4a7a4  b95b1150  [heap]
I/DEBUG   ( 3216):          bfb4a7a8  00000015  
I/DEBUG   ( 3216):          bfb4a7ac  b4ee6c40  /system/lib/libdvm.so
I/DEBUG   ( 3216):          bfb4a7b0  00000000  
I/DEBUG   ( 3216):          bfb4a7b4  b7726926  /system/lib/libc.so (funlockfile+6)
I/DEBUG   ( 3216):          bfb4a7b8  b776cfcc  /system/lib/libc.so
I/DEBUG   ( 3216):          bfb4a7bc  b7712006  /system/lib/libc.so (__sflush_locked+150)
I/DEBUG   ( 3216):          bfb4a7c0  00000000  
I/DEBUG   ( 3216):          bfb4a7c4  00000000  
I/DEBUG   ( 3216):          bfb4a7c8  b76d9d69  /system/lib/libc.so (pthread_mutex_lock+9)
I/DEBUG   ( 3216):          bfb4a7cc  b776cfcc  /system/lib/libc.so
I/DEBUG   ( 3216):     #00  bfb4a7d0  00000006  
I/DEBUG   ( 3216):          bfb4a7d4  00000ccc  
I/DEBUG   ( 3216):          bfb4a7d8  b776cfcc  /system/lib/libc.so
I/DEBUG   ( 3216):          bfb4a7dc  b76e44a6  /system/lib/libc.so (pthread_kill+102)
I/DEBUG   ( 3216):          bfb4a7e0  00000ccc  
I/DEBUG   ( 3216):          bfb4a7e4  00000ccc  
I/DEBUG   ( 3216):          bfb4a7e8  00000006  
I/DEBUG   ( 3216):          bfb4a7ec  00000000  
I/DEBUG   ( 3216):          bfb4a7f0  b776d268  /system/lib/libc.so
I/DEBUG   ( 3216):          bfb4a7f4  94fae1e8  /dev/ashmem/dalvik-heap (deleted)
I/DEBUG   ( 3216):          bfb4a7f8  b76e4449  /system/lib/libc.so (pthread_kill+9)
I/DEBUG   ( 3216):          bfb4a7fc  b776cfcc  /system/lib/libc.so
I/DEBUG   ( 3216):          bfb4a800  bfb4a84c  [stack]
I/DEBUG   ( 3216):          bfb4a804  bfb4aa80  [stack]
I/DEBUG   ( 3216):          bfb4a808  00000001  
I/DEBUG   ( 3216):          bfb4a80c  b76e482c  /system/lib/libc.so (raise+44)
I/BootReceiver(  478): Copying /data/tombstones/tombstone_05 to DropBox (SYSTEM_TOMBSTONE)
W/NetworkManagementSocketTagger(  478): setKernelCountSet(10200, 0) failed with errno -13
I/ActivityManager(  478): Process com.innovativelanguage.innovativelanguage101 (pid 3276) has died.
I/dalvikvm( 3289): Enabling JNI app bug workarounds for target SDK version 10...
I/ActivityManager(  478): Start proc com.innovativelanguage.innovativelanguage101 for activity com.innovativelanguage.innovativelanguage101/com.ill.jp.activities.MainActivity: pid=3289 uid=10200 gids={50200, 3003, 1028, 1015, 1023, 3002}
W/ActivityManager(  478): Force-killing crashed app com.innovativelanguage.innovativelanguage101 at watcher's request
W/ContextImpl(  478): Calling a method in the system process without a qualified user: android.app.ContextImpl.sendBroadcast:1123 com.android.server.am.ActivityManagerService.handleApplicationCrashInner:9670 com.android.server.am.NativeCrashListener$NativeCrashReporter.run:86 <bottom of call stack> <bottom of call stack> 
W/NetworkManagementSocketTagger(  478): setKernelCountSet(10200, 1) failed with errno -13
D/Zygote  (  167): Process 3276 terminated by signal (6)
I/dalvikvm( 3289): ignoring registerObject request in thread=1
I/dalvikvm( 3289): ignoring registerObject request in thread=1
W/Checkout( 3289): Default purchase verification procedure is used, please read https://github.com/serso/android-checkout#purchase-verification
V//InnovativeApplication.java:121( 3289): main Application: onCreate
D/roboguice.RoboGuice( 3289): Using full reflection. Try using RoboGuice annotation processor for better performance.
E/dalvikvm( 3289): Bogus static initialization: value type 23 in field type Ljava/lang/Object; for Lcom/google/inject/internal/util/SourceProvider; at index 1
E/dalvikvm( 3289): VM aborting
F/libc    ( 3289): Fatal signal 6 (SIGABRT) at 0x00000cd9 (code=-6), thread 3289 (tivelanguage101)
I/DEBUG   ( 3216): *** *** *** *** *** *** *** *** *** *** *** *** *** *** *** ***
I/DEBUG   ( 3216): Build fingerprint: 'samsung/heroltektt/heroltektt:4.4.2/NRD90M/381180401:user/release-keys'
I/DEBUG   ( 3216): Revision: '0'
I/DEBUG   ( 3216): pid: 3289, tid: 3289, name: tivelanguage101  >>> com.innovativelanguage.innovativelanguage101 <<<
I/DEBUG   ( 3216): signal 6 (SIGABRT), code -6 (SI_TKILL), fault addr --------
I/DEBUG   ( 3216):     eax 00000000  ebx 00000cd9  ecx 00000cd9  edx 00000006
I/DEBUG   ( 3216):     esi 00000cd9  edi 00000002
I/DEBUG   ( 3216):     xcs 00000073  xds 0000007b  xes 0000007b  xfs 00000000  xss 0000007b
I/DEBUG   ( 3216):     eip b77080d6  ebp b7771ce0  esp bfb4a7d0  flags 00200207
I/DEBUG   ( 3216): 
I/DEBUG   ( 3216): backtrace:
I/DEBUG   ( 3216):     #00  pc 0003c0d6  /system/lib/libc.so (tgkill+22)
I/DEBUG   ( 3216):     #01  pc 00000005  <unknown>
I/DEBUG   ( 3216): 
I/DEBUG   ( 3216): stack:
I/DEBUG   ( 3216):          bfb4a790  00000000  
I/DEBUG   ( 3216):          bfb4a794  b776d268  /system/lib/libc.so
I/DEBUG   ( 3216):          bfb4a798  00000000  
I/DEBUG   ( 3216):          bfb4a79c  b76d9f39  /system/lib/libc.so (pthread_mutex_unlock+25)
I/DEBUG   ( 3216):          bfb4a7a0  b776d18c  /system/lib/libc.so
I/DEBUG   ( 3216):          bfb4a7a4  b95b1150  [heap]
I/DEBUG   ( 3216):          bfb4a7a8  00000015  
I/DEBUG   ( 3216):          bfb4a7ac  b4ee6c40  /system/lib/libdvm.so
I/DEBUG   ( 3216):          bfb4a7b0  00000000  
I/DEBUG   ( 3216):          bfb4a7b4  b7726926  /system/lib/libc.so (funlockfile+6)
I/DEBUG   ( 3216):          bfb4a7b8  b776cfcc  /system/lib/libc.so
I/DEBUG   ( 3216):          bfb4a7bc  b7712006  /system/lib/libc.so (__sflush_locked+150)
I/DEBUG   ( 3216):          bfb4a7c0  00000000  
I/DEBUG   ( 3216):          bfb4a7c4  00000000  
I/DEBUG   ( 3216):          bfb4a7c8  b76d9d69  /system/lib/libc.so (pthread_mutex_lock+9)
I/DEBUG   ( 3216):          bfb4a7cc  b776cfcc  /system/lib/libc.so
I/DEBUG   ( 3216):     #00  bfb4a7d0  00000006  
I/DEBUG   ( 3216):          bfb4a7d4  00000cd9  
I/DEBUG   ( 3216):          bfb4a7d8  b776cfcc  /system/lib/libc.so
I/DEBUG   ( 3216):          bfb4a7dc  b76e44a6  /system/lib/libc.so (pthread_kill+102)
I/DEBUG   ( 3216):          bfb4a7e0  00000cd9  
I/DEBUG   ( 3216):          bfb4a7e4  00000cd9  
I/DEBUG   ( 3216):          bfb4a7e8  00000006  
I/DEBUG   ( 3216):          bfb4a7ec  00000000  
I/DEBUG   ( 3216):          bfb4a7f0  b776d268  /system/lib/libc.so
I/DEBUG   ( 3216):          bfb4a7f4  94faf140  /dev/ashmem/dalvik-heap (deleted)
I/DEBUG   ( 3216):          bfb4a7f8  b76e4449  /system/lib/libc.so (pthread_kill+9)
I/DEBUG   ( 3216):          bfb4a7fc  b776cfcc  /system/lib/libc.so
I/DEBUG   ( 3216):          bfb4a800  bfb4a84c  [stack]
I/DEBUG   ( 3216):          bfb4a804  bfb4aa80  [stack]
I/DEBUG   ( 3216):          bfb4a808  00000001  
I/DEBUG   ( 3216):          bfb4a80c  b76e482c  /system/lib/libc.so (raise+44)
I/BootReceiver(  478): Copying /data/tombstones/tombstone_06 to DropBox (SYSTEM_TOMBSTONE)
I/Process (  478): Sending signal. PID: 3289 SIG: 9
W/NetworkManagementSocketTagger(  478): setKernelCountSet(10200, 0) failed with errno -13
W/ActivityManager(  478): Force-killing crashed app com.innovativelanguage.innovativelanguage101 at watcher's request
W/ContextImpl(  478): Calling a method in the system process without a qualified user: android.app.ContextImpl.sendBroadcast:1123 com.android.server.am.ActivityManagerService.handleApplicationCrashInner:9670 com.android.server.am.NativeCrashListener$NativeCrashReporter.run:86 <bottom of call stack> <bottom of call stack> 
I/ActivityManager(  478): Process com.innovativelanguage.innovativelanguage101 (pid 3289) has died.
W/ActivityManager(  478): Force removing ActivityRecord{4aab6d7c u0 com.innovativelanguage.innovativelanguage101/com.ill.jp.activities.MainActivity t18}: app died, no saved state
I/InputDispatcher(  478): Dropping event because there is no focused window or focused application.
D/Zygote  (  167): Process 3289 terminated by signal (6)
W/InputManager(  478): Input event injection from pid 2422 failed.
I/InputDispatcher(  478): Dropping event because there is no focused window or focused application.
D/FirebaseApp(  682): Notifying background state change listeners.
I/InputDispatcher(  478): Dropping event because there is no focused window or focused application.
W/InputManager(  478): Input event injection from pid 2422 failed.
W/InputManager(  478): Input event injection from pid 2422 failed.
I/InputDispatcher(  478): Dropping event because there is no focused window or focused application.
I/InputDispatcher(  478): Dropping event because there is no focused window or focused application.
I/InputDispatcher(  478): Dropping event because there is no focused window or focused application.
I/InputDispatcher(  478): Dropping event because there is no focused window or focused application.
I/InputDispatcher(  478): Dropping event because there is no focused window or focused application.
I/InputDispatcher(  478): Dropping event because there is no focused window or focused application.
I/InputDispatcher(  478): Dropping event because there is no focused window or focused application.
I/InputDispatcher(  478): Dropping event because there is no focused window or focused application.
I/InputDispatcher(  478): Dropping event because there is no focused window or focused application.
W/InputManager(  478): Input event injection from pid 2422 failed.
W/InputManager(  478): Input event injection from pid 2422 failed.
W/InputManager(  478): Input event injection from pid 2422 failed.
W/InputManager(  478): Input event injection from pid 2422 failed.
W/InputManager(  478): Input event injection from pid 2422 failed.
W/InputManager(  478): Input event injection from pid 2422 failed.
W/InputManager(  478): Input event injection from pid 2422 failed.
W/InputManager(  478): Input event injection from pid 2422 failed.
W/InputManager(  478): Input event injection from pid 2422 failed.
W/EGL_emulation(  682): eglSurfaceAttrib not implemented 3093 12436
W/InputMethodManagerService(  478): Window already focused, ignoring focus gain of: com.android.internal.view.IInputMethodClient$Stub$Proxy@4aa091bc attribute=android.view.inputmethod.EditorInfo@4a9a77a0, token = android.os.BinderProxy@4aafd574
W/Launcher(  682): No global search activity found.
W/DebugConnManager(  682): getNetworkInfo() on networkType 1
I/ActivityManager(  478): START u0 {act=android.intent.action.VIEW dat=http://launcher.us.yeshen.com/api/app/detail?id=com.kiloo.subwaysurf flg=0x10000000 cmp=com.android.browser/.BrowserActivity} from pid 682
W/WindowManager(  478): updateFocusedWindowLocked, focusedAppToken is null.
W/ViewRootImpl(  478): Dropping event due to no window focus: MotionEvent { action=ACTION_MOVE, id[0]=0, x[0]=3.0, y[0]=-2.0, toolType[0]=TOOL_TYPE_UNKNOWN, buttonState=0, metaState=0, flags=0x0, edgeFlags=0x0, pointerCount=1, historySize=0, eventTime=124899, downTime=-1, deviceId=0, source=0x10004 }
W/ViewRootImpl(  478): Dropping event due to no window focus: MotionEvent { action=ACTION_DOWN, id[0]=0, x[0]=0.0, y[0]=0.0, toolType[0]=TOOL_TYPE_UNKNOWN, buttonState=0, metaState=0, flags=0x0, edgeFlags=0x0, pointerCount=1, historySize=0, eventTime=124902, downTime=124887, deviceId=0, source=0x10004 }
W/ViewRootImpl(  478): Dropping event due to no window focus: KeyEvent { action=ACTION_DOWN, keyCode=KEYCODE_BUTTON_R1, scanCode=0, metaState=0, flags=0x8, repeatCount=0, eventTime=124909, downTime=124909, deviceId=-1, source=0x101 }
W/DebugConnManager(  682): getNetworkInfo() on networkType 1
I/ActivityManager(  478): START u0 {act=android.intent.action.MAIN cat=[android.intent.category.HOME] flg=0x10200000 cmp=com.vphone.launcher/.Launcher} from pid 478
I/ActivityManager(  478): START u0 {act=android.intent.action.VIEW dat=http://launcher.us.yeshen.com/api/app/detail?id=me.pou.app flg=0x10000000 cmp=com.android.browser/.BrowserActivity} from pid 682
W/ViewRootImpl(  682): Dropping event due to no window focus: MotionEvent { action=ACTION_MOVE, id[0]=0, x[0]=-1.0, y[0]=-5.0, toolType[0]=TOOL_TYPE_UNKNOWN, buttonState=0, metaState=0, flags=0x0, edgeFlags=0x0, pointerCount=1, historySize=9, eventTime=125025, downTime=-1, deviceId=0, source=0x10004 }
W/ViewRootImpl(  682): Dropping event due to no window focus: MotionEvent { action=ACTION_DOWN, id[0]=0, x[0]=0.0, y[0]=0.0, toolType[0]=TOOL_TYPE_UNKNOWN, buttonState=0, metaState=0, flags=0x0, edgeFlags=0x0, pointerCount=1, historySize=0, eventTime=125028, downTime=125016, deviceId=0, source=0x10004 }
W/InputMethodManagerService(  478): Window already focused, ignoring focus gain of: com.android.internal.view.IInputMethodClient$Stub$Proxy@4aa25048 attribute=android.view.inputmethod.EditorInfo@4aa848b8, token = android.os.BinderProxy@4aafd574
W/PropertyValuesHolder(  682): Method setBrightness() with type int not found on target class class ph
W/PropertyValuesHolder(  682): Method getBrightness() with type int not found on target class class ph
I/ActivityManager(  478): START u0 {act=android.intent.action.MAIN cat=[android.intent.category.LAUNCHER] flg=0x10200000 cmp=com.innovativelanguage.innovativelanguage101/com.ill.jp.activities.MainActivity bnds=[627,158][768,388] (has extras)} from pid 682
W/ActivityManager(  478): Launch timeout has expired, giving up wake lock!
W/ContextImpl(  682): Calling a method in the system process without a qualified user: android.app.ContextImpl.sendBroadcast:1137 android.content.ContextWrapper.sendBroadcast:370 com.vphone.launcher.Stats.recordLaunch:129 com.vphone.launcher.Launcher.c:3192 com.vphone.launcher.Launcher.onClickAppShortcut:3144 
D/yeshen  (  682): launcher onpause
I/ActivityManager(  478): Start proc com.innovativelanguage.innovativelanguage101 for activity com.innovativelanguage.innovativelanguage101/com.ill.jp.activities.MainActivity: pid=3317 uid=10200 gids={50200, 3003, 1028, 1015, 1023, 3002}
I/dalvikvm( 3317): Enabling JNI app bug workarounds for target SDK version 10...
V/PhoneStatusBar(  534): setLightsOn(true)
D/yeshen  (  682): launcher onstop
W/NetworkManagementSocketTagger(  478): setKernelCountSet(10200, 1) failed with errno -13
W/DebugConnManager(  682): getNetworkInfo() on networkType 1
D/FirebaseApp(  682): Notifying background state change listeners.
D/Tinker.DefaultAppLike(  682): onTrimMemory level:20
I/dalvikvm( 3317): ignoring registerObject request in thread=1
I/dalvikvm( 3317): ignoring registerObject request in thread=1
W/Checkout( 3317): Default purchase verification procedure is used, please read https://github.com/serso/android-checkout#purchase-verification
V//InnovativeApplication.java:121( 3317): main Application: onCreate
D/roboguice.RoboGuice( 3317): Using full reflection. Try using RoboGuice annotation processor for better performance.
E/dalvikvm( 3317): Bogus static initialization: value type 23 in field type Ljava/lang/Object; for Lcom/google/inject/internal/util/SourceProvider; at index 1
E/dalvikvm( 3317): VM aborting
F/libc    ( 3317): Fatal signal 6 (SIGABRT) at 0x00000cf5 (code=-6), thread 3317 (tivelanguage101)
I/DEBUG   ( 3216): *** *** *** *** *** *** *** *** *** *** *** *** *** *** *** ***
I/DEBUG   ( 3216): Build fingerprint: 'samsung/heroltektt/heroltektt:4.4.2/NRD90M/381180401:user/release-keys'
I/DEBUG   ( 3216): Revision: '0'
I/DEBUG   ( 3216): pid: 3317, tid: 3317, name: tivelanguage101  >>> com.innovativelanguage.innovativelanguage101 <<<
I/DEBUG   ( 3216): signal 6 (SIGABRT), code -6 (SI_TKILL), fault addr --------
I/DEBUG   ( 3216):     eax 00000000  ebx 00000cf5  ecx 00000cf5  edx 00000006
I/DEBUG   ( 3216):     esi 00000cf5  edi 00000002
I/DEBUG   ( 3216):     xcs 00000073  xds 0000007b  xes 0000007b  xfs 00000000  xss 0000007b
I/DEBUG   ( 3216):     eip b77080d6  ebp b7771ce0  esp bfb4a7d0  flags 00200203
I/DEBUG   ( 3216): 
I/DEBUG   ( 3216): backtrace:
I/DEBUG   ( 3216):     #00  pc 0003c0d6  /system/lib/libc.so (tgkill+22)
I/DEBUG   ( 3216):     #01  pc 00000005  <unknown>
I/DEBUG   ( 3216): 
I/DEBUG   ( 3216): stack:
I/DEBUG   ( 3216):          bfb4a790  00000000  
I/DEBUG   ( 3216):          bfb4a794  b776d268  /system/lib/libc.so
I/DEBUG   ( 3216):          bfb4a798  00000000  
I/DEBUG   ( 3216):          bfb4a79c  b76d9f39  /system/lib/libc.so (pthread_mutex_unlock+25)
I/DEBUG   ( 3216):          bfb4a7a0  b776d18c  /system/lib/libc.so
I/DEBUG   ( 3216):          bfb4a7a4  b95b1150  [heap]
I/DEBUG   ( 3216):          bfb4a7a8  00000015  
I/DEBUG   ( 3216):          bfb4a7ac  b4ee6c40  /system/lib/libdvm.so
I/DEBUG   ( 3216):          bfb4a7b0  00000000  
I/DEBUG   ( 3216):          bfb4a7b4  b7726926  /system/lib/libc.so (funlockfile+6)
I/DEBUG   ( 3216):          bfb4a7b8  b776cfcc  /system/lib/libc.so
I/DEBUG   ( 3216):          bfb4a7bc  b7712006  /system/lib/libc.so (__sflush_locked+150)
I/DEBUG   ( 3216):          bfb4a7c0  00000000  
I/DEBUG   ( 3216):          bfb4a7c4  00000000  
I/DEBUG   ( 3216):          bfb4a7c8  b76d9d69  /system/lib/libc.so (pthread_mutex_lock+9)
I/DEBUG   ( 3216):          bfb4a7cc  b776cfcc  /system/lib/libc.so
I/DEBUG   ( 3216):     #00  bfb4a7d0  00000006  
I/DEBUG   ( 3216):          bfb4a7d4  00000cf5  
I/DEBUG   ( 3216):          bfb4a7d8  b776cfcc  /system/lib/libc.so
I/DEBUG   ( 3216):          bfb4a7dc  b76e44a6  /system/lib/libc.so (pthread_kill+102)
I/DEBUG   ( 3216):          bfb4a7e0  00000cf5  
I/DEBUG   ( 3216):          bfb4a7e4  00000cf5  
I/DEBUG   ( 3216):          bfb4a7e8  00000006  
I/DEBUG   ( 3216):          bfb4a7ec  00000000  
I/DEBUG   ( 3216):          bfb4a7f0  b776d268  /system/lib/libc.so
I/DEBUG   ( 3216):          bfb4a7f4  94fb01e8  /dev/ashmem/dalvik-heap (deleted)
I/DEBUG   ( 3216):          bfb4a7f8  b76e4449  /system/lib/libc.so (pthread_kill+9)
I/DEBUG   ( 3216):          bfb4a7fc  b776cfcc  /system/lib/libc.so
I/DEBUG   ( 3216):          bfb4a800  bfb4a84c  [stack]
I/DEBUG   ( 3216):          bfb4a804  bfb4aa80  [stack]
I/DEBUG   ( 3216):          bfb4a808  00000001  
I/DEBUG   ( 3216):          bfb4a80c  b76e482c  /system/lib/libc.so (raise+44)
I/BootReceiver(  478): Copying /data/tombstones/tombstone_02 to DropBox (SYSTEM_TOMBSTONE)
I/Process (  478): Sending signal. PID: 3317 SIG: 9
W/ActivityManager(  478): Force-killing crashed app com.innovativelanguage.innovativelanguage101 at watcher's request
W/ContextImpl(  478): Calling a method in the system process without a qualified user: android.app.ContextImpl.sendBroadcast:1123 com.android.server.am.ActivityManagerService.handleApplicationCrashInner:9670 com.android.server.am.NativeCrashListener$NativeCrashReporter.run:86 <bottom of call stack> <bottom of call stack> 
I/ActivityManager(  478): Process com.innovativelanguage.innovativelanguage101 (pid 3317) has died.
I/dalvikvm( 3330): Enabling JNI app bug workarounds for target SDK version 10...
W/NetworkManagementSocketTagger(  478): setKernelCountSet(10200, 0) failed with errno -13
