W/ContextImpl(  478): Calling a method in the system process without a qualified user: android.app.ContextImpl.sendBroadcast:1123 com.android.server.InputMethodManagerService.showCurrentInputLocked:1791 com.android.server.InputMethodManagerService.attachNewInputLocked:1095 com.android.server.InputMethodManagerService.startInputUncheckedLocked:1166 com.android.server.InputMethodManagerService.startInputLocked:1128 
I/ActivityManager(  478): START u0 {cmp=com.FreeLance.StudentVUE/.URLWizard.URLHelpActivity} from pid 2117
V/PhoneStatusBar(  530): setLightsOn(true)
W/ViewRootImpl( 2117): Dropping event due to no window focus: KeyEvent { action=ACTION_DOWN, keyCode=KEYCODE_VOLUME_DOWN, scanCode=0, metaState=0, flags=0x8, repeatCount=0, eventTime=13311811, downTime=13311811, deviceId=-1, source=0x101 }
I/ActivityManager(  478): Displayed com.FreeLance.StudentVUE/.URLWizard.URLHelpActivity: +143ms
W/ContextImpl(  478): Calling a method in the system process without a qualified user: android.app.ContextImpl.sendBroadcast:1123 com.android.server.InputMethodManagerService.hideCurrentInputLocked:1880 com.android.server.InputMethodManagerService.windowGainedFocus:1968 com.android.internal.view.IInputMethodManager$Stub.onTransact:221 com.android.server.InputMethodManagerService.onTransact:818 
V/PhoneStatusBar(  530): setLightsOn(true)
W/ViewRootImpl( 2117): Dropping event due to no window focus: MotionEvent { action=ACTION_MOVE, id[0]=0, x[0]=-3.0, y[0]=3.0, toolType[0]=TOOL_TYPE_UNKNOWN, buttonState=0, metaState=0, flags=0x0, edgeFlags=0x0, pointerCount=1, historySize=3, eventTime=13312327, downTime=-1, deviceId=0, source=0x10004 }
V/InputMethodService(  642): onEvaluateInputViewShown: config.hardKeyboardHidden = 1
W/ContextImpl(  478): Calling a method in the system process without a qualified user: android.app.ContextImpl.sendBroadcast:1123 com.android.server.InputMethodManagerService.showCurrentInputLocked:1791 com.android.server.InputMethodManagerService.showSoftInput:1753 com.android.internal.view.IInputMethodManager$Stub.onTransact:175 com.android.server.InputMethodManagerService.onTransact:818 
W/ctxmgr  (16646): [AclManager]No 2 for (accnt=account#-68013670#, com.google.android.gms(10007):UserLocationProducer, vrsn=12529000, 0, 3pPkg = null ,  3pMdlId = null ,  pid = 16646). Was: 2 for 1, account#-68013670#
V/InputMethodService(  642): onEvaluateInputViewShown: config.hardKeyboardHidden = 1
W/ContextImpl(  478): Calling a method in the system process without a qualified user: android.app.ContextImpl.sendBroadcast:1123 com.android.server.InputMethodManagerService.showCurrentInputLocked:1791 com.android.server.InputMethodManagerService.attachNewInputLocked:1095 com.android.server.InputMethodManagerService.startInputUncheckedLocked:1166 com.android.server.InputMethodManagerService.startInputLocked:1128 
V/InputMethodService(  642): onEvaluateInputViewShown: config.hardKeyboardHidden = 1
W/ContextImpl(  478): Calling a method in the system process without a qualified user: android.app.ContextImpl.sendBroadcast:1123 com.android.server.InputMethodManagerService.showCurrentInputLocked:1791 com.android.server.InputMethodManagerService.attachNewInputLocked:1095 com.android.server.InputMethodManagerService.startInputUncheckedLocked:1166 com.android.server.InputMethodManagerService.startInputLocked:1128 
W/ContextImpl(  478): Calling a method in the system process without a qualified user: android.app.ContextImpl.sendBroadcast:1123 com.android.server.InputMethodManagerService.showCurrentInputLocked:1791 com.android.server.InputMethodManagerService.attachNewInputLocked:1095 com.android.server.InputMethodManagerService.startInputUncheckedLocked:1166 com.android.server.InputMethodManagerService.startInputLocked:1128 
V/InputMethodService(  642): onEvaluateInputViewShown: config.hardKeyboardHidden = 1
V/InputMethodService(  642): onEvaluateInputViewShown: config.hardKeyboardHidden = 1
W/ContextImpl(  478): Calling a method in the system process without a qualified user: android.app.ContextImpl.sendBroadcast:1123 com.android.server.InputMethodManagerService.showCurrentInputLocked:1791 com.android.server.InputMethodManagerService.attachNewInputLocked:1095 com.android.server.InputMethodManagerService.startInputUncheckedLocked:1166 com.android.server.InputMethodManagerService.startInputLocked:1128 
V/PanelView(  530): animationTick called with dtms=0; nothing to do (h=0.0 v=0.0)
V/InputMethodService(  642): onEvaluateInputViewShown: config.hardKeyboardHidden = 1
W/ContextImpl(  478): Calling a method in the system process without a qualified user: android.app.ContextImpl.sendBroadcast:1123 com.android.server.InputMethodManagerService.showCurrentInputLocked:1791 com.android.server.InputMethodManagerService.attachNewInputLocked:1095 com.android.server.InputMethodManagerService.startInputUncheckedLocked:1166 com.android.server.InputMethodManagerService.startInputLocked:1128 
W/InputManager(  478): Input event injection from pid 2106 failed.
W/InputManager(  478): Input event injection from pid 2106 failed.
W/InputManager(  478): Input event injection from pid 2106 failed.
W/InputManager(  478): Input event injection from pid 2106 failed.
W/InputManager(  478): Input event injection from pid 2106 failed.
W/InputManager(  478): Input event injection from pid 2106 failed.
D/FirebaseApp(  678): Notifying background state change listeners.
W/Launcher(  678): setApplicationContext called twice! old=com.vphone.launcher.LauncherApplicationEx@4a7834d4 new=com.vphone.launcher.LauncherApplicationEx@4a7834d4
W/ResourceType(  678): Attempt to retrieve bag 0x7f0b0001 which is invalid or in a cycle.
D/Launcher(  678): 11683562 - bindAddScreens()
D/Launcher(  678): 11683562 -   orderedScreenIds: 1, 10
D/Launcher.Workspace(  678): 11683562 - insertNewWorkspaceScreen(): 1 at index: 0
D/Launcher.Workspace(  678): 11683562 - insertNewWorkspaceScreen(): 10 at index: 1
W/ContextImpl(  678): Calling a method in the system process without a qualified user: android.app.ContextImpl.startService:1492 android.content.ContextWrapper.startService:494 com.vphone.launcher.Launcher.i:690 com.vphone.launcher.Launcher.b:182 com.vphone.launcher.Launcher$11.run:650 
D/dalvikvm(  678): GC_FOR_ALLOC freed 4520K, 6% free 117149K/123900K, paused 47ms, total 48ms
D/Sensors (  478): Client connection accepted (192)
W/EGL_emulation(  678): eglSurfaceAttrib not implemented 3093 12436
W/ViewRootImpl(  678): Dropping event due to no window focus: MotionEvent { action=ACTION_MOVE, id[0]=0, x[0]=4.0, y[0]=3.0, toolType[0]=TOOL_TYPE_UNKNOWN, buttonState=0, metaState=0, flags=0x0, edgeFlags=0x0, pointerCount=1, historySize=9, eventTime=13313496, downTime=-1, deviceId=0, source=0x10004 }
W/ViewRootImpl(  678): Dropping event due to no window focus: KeyEvent { action=ACTION_DOWN, keyCode=KEYCODE_DPAD_CENTER, scanCode=0, metaState=0, flags=0x8, repeatCount=0, eventTime=13313497, downTime=13313497, deviceId=-1, source=0x101 }
W/ContextImpl(  478): Calling a method in the system process without a qualified user: android.app.ContextImpl.sendBroadcast:1123 com.android.server.InputMethodManagerService.hideCurrentInputLocked:1880 com.android.server.InputMethodManagerService.windowGainedFocus:1968 com.android.internal.view.IInputMethodManager$Stub.onTransact:221 com.android.server.InputMethodManagerService.onTransact:818 
W/PropertyValuesHolder(  678): Method setBrightness() with type int not found on target class class ph
W/PropertyValuesHolder(  678): Method getBrightness() with type int not found on target class class ph
E/SurfaceFlinger(  166): glCheckFramebufferStatusOES error 36054
E/SurfaceFlinger(  166): got GL_FRAMEBUFFER_COMPLETE_OES error while taking screenshot
D/SurfaceFlinger(  166): setOrientation, mFbdev=0xb88fadf0, mFbDev->setOrientation=0xb691fce0, orientation=0
I/gralloc_nox(  166): setOrientation: orientation=0
I/ActivityManager(  478): Config changes=480 {1.0 310mcc16mnc en_US ldltr sw480dp w853dp h454dp 240dpi lrg long land finger qwerty/v/v dpad/v s.94}
D/Sensors (  478): Client connection accepted (189)
I/ActivityManager(  478): START u0 {act=android.intent.action.MAIN cat=[android.intent.category.LAUNCHER] flg=0x10200000 cmp=com.heavens_above.viewer/.ViewerActivity bnds=[8,158][149,388]} from pid 678
I/InputReader(  478): Reconfiguring input devices.  changes=0x00000004
I/InputReader(  478): Device reconfigured: id=1, name='Android Input', size 1280x720, orientation 0, mode 1, display id 0
I/InputReader(  478): Device reconfigured: id=3, name='seamless mouse', size 1280x720, orientation 0, mode 1, display id 0
I/InputReader(  478): Reconfiguring input devices.  changes=0x00000004
I/InputReader(  478): Device reconfigured: id=8, name='VirtualBox USB Tablet', size 1280x720, orientation 0, mode 1, display id 0
W/ContextImpl(  678): Calling a method in the system process without a qualified user: android.app.ContextImpl.sendBroadcast:1137 android.content.ContextWrapper.sendBroadcast:370 com.vphone.launcher.Stats.recordLaunch:129 com.vphone.launcher.Launcher.c:3192 com.vphone.launcher.Launcher.onClickAppShortcut:3144 
D/Tinker.DefaultAppLike(  678): onConfigurationChanged:{1.0 310mcc16mnc en_US ldltr sw480dp w853dp h454dp 240dpi lrg long land finger qwerty/v/v dpad/v s.94}
D/PhoneStatusBar(  530): mSettingsPanelGravity = 55
D/yeshen  (  678): launcher onpause
D/yeshen  (  678): launcher onstop
W/DebugConnManager(  678): getNetworkInfo() on networkType 1
D/dalvikvm(  530): GC_FOR_ALLOC freed 5624K, 46% free 12561K/23040K, paused 3ms, total 4ms
I/dalvikvm-heap(  530): Grow heap (frag case) to 15.841MB for 3686412-byte allocation
D/dalvikvm(  530): GC_CONCURRENT freed <1K, 30% free 16161K/23040K, paused 5ms+1ms, total 9ms
W/Launcher(  678): setApplicationContext called twice! old=com.vphone.launcher.LauncherApplicationEx@4a7834d4 new=com.vphone.launcher.LauncherApplicationEx@4a7834d4
W/ResourceType(  678): Attempt to retrieve bag 0x7f0b0001 which is invalid or in a cycle.
D/Launcher(  678): 11683562 - bindAddScreens()
D/Launcher(  678): 11683562 -   orderedScreenIds: 1, 10
D/Launcher.Workspace(  678): 11683562 - insertNewWorkspaceScreen(): 1 at index: 0
D/Launcher.Workspace(  678): 11683562 - insertNewWorkspaceScreen(): 10 at index: 1
W/ContextImpl(  678): Calling a method in the system process without a qualified user: android.app.ContextImpl.startService:1492 android.content.ContextWrapper.startService:494 com.vphone.launcher.Launcher.i:690 com.vphone.launcher.Launcher.b:182 com.vphone.launcher.Launcher$11.run:650 
W/EGL_emulation(  530): eglSurfaceAttrib not implemented 3093 12436
W/EGL_emulation(  678): eglSurfaceAttrib not implemented 3093 12436
W/ContextImpl(  478): Calling a method in the system process without a qualified user: android.app.ContextImpl.sendBroadcast:1123 com.android.server.InputMethodManagerService.hideCurrentInputLocked:1880 com.android.server.InputMethodManagerService.windowGainedFocus:1968 com.android.internal.view.IInputMethodManager$Stub.onTransact:221 com.android.server.InputMethodManagerService.onTransact:818 
I/WindowManager(  478): Screen frozen for +802ms due to Window{4b0bc8bc u0 com.vphone.launcher/com.vphone.launcher.Launcher}
W/PropertyValuesHolder(  678): Method setBrightness() with type int not found on target class class ph
W/PropertyValuesHolder(  678): Method getBrightness() with type int not found on target class class ph
I/ActivityManager(  478): START u0 {act=android.intent.action.MAIN cat=[android.intent.category.LAUNCHER] flg=0x10200000 cmp=com.heavens_above.viewer/.ViewerActivity bnds=[130,47][334,174]} from pid 678
W/ContextImpl(  678): Calling a method in the system process without a qualified user: android.app.ContextImpl.sendBroadcast:1137 android.content.ContextWrapper.sendBroadcast:370 com.vphone.launcher.Stats.recordLaunch:129 com.vphone.launcher.Launcher.c:3192 com.vphone.launcher.Launcher.onClickAppShortcut:3144 
V/PanelView(  530): animationTick called with dtms=0; nothing to do (h=0.0 v=-0.0)
V/PanelView(  530): animationTick called with dtms=-1; nothing to do (h=0.0 v=-0.0)
W/PropertyValuesHolder(  678): Method setBrightness() with type int not found on target class class ph
W/PropertyValuesHolder(  678): Method getBrightness() with type int not found on target class class ph
D/dalvikvm(  678): GC_FOR_ALLOC freed 4884K, 6% free 119053K/125428K, paused 55ms, total 56ms
I/ActivityManager(  478): START u0 {act=android.intent.action.MAIN cat=[android.intent.category.LAUNCHER] flg=0x10200000 cmp=com.cyanogenmod.filemanager/.activities.NavigationActivity bnds=[-222,174][-18,301] (has extras)} from pid 678
W/ContextImpl(  678): Calling a method in the system process without a qualified user: android.app.ContextImpl.sendBroadcast:1137 android.content.ContextWrapper.sendBroadcast:370 com.vphone.launcher.Stats.recordLaunch:129 com.vphone.launcher.Launcher.c:3192 com.vphone.launcher.Launcher.onClickAppShortcut:3144 
I/ActivityManager(  478): START u0 {act=android.intent.action.MAIN cat=[android.intent.category.LAUNCHER] flg=0x10200000 cmp=com.cyanogenmod.filemanager/.activities.NavigationActivity bnds=[202,174][406,301] (has extras)} from pid 678
W/ContextImpl(  678): Calling a method in the system process without a qualified user: android.app.ContextImpl.sendBroadcast:1137 android.content.ContextWrapper.sendBroadcast:370 com.vphone.launcher.Stats.recordLaunch:129 com.vphone.launcher.Launcher.c:3192 com.vphone.launcher.Launcher.onClickAppShortcut:3144 
W/Launcher(  678): No global search activity found.
W/PropertyValuesHolder(  678): Method setBrightness() with type int not found on target class class ph
W/PropertyValuesHolder(  678): Method getBrightness() with type int not found on target class class ph
I/ActivityManager(  478): START u0 {act=android.intent.action.MAIN cat=[android.intent.category.LAUNCHER] flg=0x10200000 cmp=com.android.contacts/.activities.PeopleActivity bnds=[521,174][725,301] (has extras)} from pid 678
W/ContextImpl(  678): Calling a method in the system process without a qualified user: android.app.ContextImpl.sendBroadcast:1137 android.content.ContextWrapper.sendBroadcast:370 com.vphone.launcher.Stats.recordLaunch:129 com.vphone.launcher.Launcher.c:3192 com.vphone.launcher.Launcher.onClickAppShortcut:3144 
I/ActivityManager(  478): START u0 {act=android.intent.action.MAIN cat=[android.intent.category.LAUNCHER] flg=0x10200000 cmp=com.android.contacts/.activities.PeopleActivity bnds=[529,174][733,301] (has extras)} from pid 678
W/ContextImpl(  678): Calling a method in the system process without a qualified user: android.app.ContextImpl.sendBroadcast:1137 android.content.ContextWrapper.sendBroadcast:370 com.vphone.launcher.Stats.recordLaunch:129 com.vphone.launcher.Launcher.c:3192 com.vphone.launcher.Launcher.onClickAppShortcut:3144 
V/PanelView(  530): animationTick called with dtms=0; nothing to do (h=0.0 v=-0.0)
V/PanelView(  530): animationTick called with dtms=0; nothing to do (h=0.0 v=-0.0)
W/PropertyValuesHolder(  678): Method setBrightness() with type int not found on target class class ph
W/PropertyValuesHolder(  678): Method getBrightness() with type int not found on target class class ph
I/ActivityManager(  478): START u0 {act=android.intent.action.MAIN cat=[android.intent.category.LAUNCHER] flg=0x10200000 cmp=com.wlingua.spanishcourse/.comwlinguaspanishcourse bnds=[1260,301][1464,428]} from pid 678
W/ContextImpl(  678): Calling a method in the system process without a qualified user: android.app.ContextImpl.sendBroadcast:1137 android.content.ContextWrapper.sendBroadcast:370 com.vphone.launcher.Stats.recordLaunch:129 com.vphone.launcher.Launcher.c:3192 com.vphone.launcher.Launcher.onClickAppShortcut:3144 
W/PropertyValuesHolder(  678): Method setBrightness() with type int not found on target class class ph
W/PropertyValuesHolder(  678): Method getBrightness() with type int not found on target class class ph
I/ActivityManager(  478): START u0 {act=android.intent.action.MAIN cat=[android.intent.category.LAUNCHER] flg=0x10200000 cmp=com.Proativa.ProDeafMovel/.UnityPlayerActivity bnds=[1258,174][1462,301]} from pid 678
W/ContextImpl(  678): Calling a method in the system process without a qualified user: android.app.ContextImpl.sendBroadcast:1137 android.content.ContextWrapper.sendBroadcast:370 com.vphone.launcher.Stats.recordLaunch:129 com.vphone.launcher.Launcher.c:3192 com.vphone.launcher.Launcher.onClickAppShortcut:3144 
D/dalvikvm(  478): GC_EXPLICIT freed 2047K, 45% free 17596K/31608K, paused 1ms+10ms, total 46ms
W/Launcher(  678): No global search activity found.
W/EGL_emulation(  877): eglSurfaceAttrib not implemented 3093 12436
W/Launcher(  678): No global search activity found.
W/BroadcastQueue(  478): Unable to launch app com.innovativelanguage.innovativelanguage101/10200 for broadcast Intent { act=android.intent.action.MEDIA_BUTTON flg=0x10 (has extras) }: process is bad
W/BroadcastQueue(  478): Unable to launch app com.innovativelanguage.innovativelanguage101/10200 for broadcast Intent { act=android.intent.action.MEDIA_BUTTON flg=0x10 (has extras) }: process is bad
W/PropertyValuesHolder(  678): Method setBrightness() with type int not found on target class class ph
W/PropertyValuesHolder(  678): Method getBrightness() with type int not found on target class class ph
W/PropertyValuesHolder(  678): Method setBrightness() with type int not found on target class class ph
W/PropertyValuesHolder(  678): Method getBrightness() with type int not found on target class class ph
I/ActivityManager(  478): START u0 {act=android.intent.action.MAIN cat=[android.intent.category.LAUNCHER] flg=0x10200000 cmp=com.FreeLance.StudentVUE/.MainActivity} from pid 2106
I/ActivityManager(  478): START u0 {act=android.intent.action.MAIN cat=[android.intent.category.LAUNCHER] flg=0x10200000 cmp=kr.co.smartstudy.babyshark_android_googlemarket/kr.co.smartstudy.babyshark.GameActivity bnds=[130,428][334,555]} from pid 678
W/ContextImpl(  678): Calling a method in the system process without a qualified user: android.app.ContextImpl.sendBroadcast:1137 android.content.ContextWrapper.sendBroadcast:370 com.vphone.launcher.Stats.recordLaunch:129 com.vphone.launcher.Launcher.c:3192 com.vphone.launcher.Launcher.onClickAppShortcut:3144 
D/yeshen  (  678): launcher onpause
E/SurfaceFlinger(  166): glCheckFramebufferStatusOES error 36054
E/SurfaceFlinger(  166): got GL_FRAMEBUFFER_COMPLETE_OES error while taking screenshot
D/SurfaceFlinger(  166): setOrientation, mFbdev=0xb88fadf0, mFbDev->setOrientation=0xb691fce0, orientation=3
I/gralloc_nox(  166): setOrientation: orientation=3
I/ActivityManager(  478): Config changes=480 {1.0 310mcc16mnc en_US ldltr sw480dp w480dp h828dp 240dpi lrg long port finger qwerty/v/v dpad/v s.95}
D/Sensors (  478): Client connection accepted (183)
D/dalvikvm( 2117): GC_CONCURRENT freed 828K, 10% free 8662K/9552K, paused 2ms+1ms, total 5ms
D/dalvikvm(  530): GC_FOR_ALLOC freed 4899K, 46% free 12555K/23040K, paused 11ms, total 12ms
I/dalvikvm-heap(  530): Grow heap (frag case) to 15.836MB for 3686412-byte allocation
D/dalvikvm(  530): GC_FOR_ALLOC freed 1K, 30% free 16154K/23040K, paused 5ms, total 5ms
D/dalvikvm(  530): GC_CONCURRENT freed <1K, 30% free 16154K/23040K, paused 0ms+1ms, total 5ms
I/InputReader(  478): Reconfiguring input devices.  changes=0x00000004
I/InputReader(  478): Device reconfigured: id=1, name='Android Input', size 1280x720, orientation 3, mode 1, display id 0
I/InputReader(  478): Device reconfigured: id=3, name='seamless mouse', size 1280x720, orientation 3, mode 1, display id 0
I/InputReader(  478): Device reconfigured: id=8, name='VirtualBox USB Tablet', size 1280x720, orientation 3, mode 1, display id 0
D/Tinker.DefaultAppLike(  678): onConfigurationChanged:{1.0 310mcc16mnc en_US ldltr sw480dp w480dp h828dp 240dpi lrg long port finger qwerty/v/v dpad/v s.95}
W/ViewRootImpl(  678): Dropping event due to no window focus: KeyEvent { action=ACTION_DOWN, keyCode=KEYCODE_DPAD_DOWN, scanCode=0, metaState=0, flags=0x400, repeatCount=0, eventTime=13318825, downTime=13318825, deviceId=-1, source=0x101 }
W/ViewRootImpl(  678): Dropping event due to no window focus: KeyEvent { action=ACTION_DOWN, keyCode=KEYCODE_DPAD_DOWN, scanCode=0, metaState=0, flags=0x400, repeatCount=0, eventTime=13318825, downTime=13318825, deviceId=-1, source=0x101 }
W/ViewRootImpl(  678): Dropping event due to no window focus: KeyEvent { action=ACTION_DOWN, keyCode=KEYCODE_DPAD_DOWN, scanCode=0, metaState=0, flags=0x400, repeatCount=0, eventTime=13318825, downTime=13318825, deviceId=-1, source=0x101 }
D/PhoneStatusBar(  530): mSettingsPanelGravity = 55
V/PhoneStatusBar(  530): setLightsOn(true)
W/InputMethodManagerService(  478): Starting input on non-focused client com.android.internal.view.IInputMethodClient$Stub$Proxy@4a7b71c8 (uid=1000 pid=678)
W/EGL_emulation(  877): eglSurfaceAttrib not implemented 3093 12436
W/IInputConnectionWrapper(  678): showStatusIcon on inactive InputConnection
W/ContextImpl(  478): Calling a method in the system process without a qualified user: android.app.ContextImpl.sendBroadcast:1123 com.android.server.InputMethodManagerService.hideCurrentInputLocked:1880 com.android.server.InputMethodManagerService.windowGainedFocus:1968 com.android.internal.view.IInputMethodManager$Stub.onTransact:221 com.android.server.InputMethodManagerService.onTransact:818 
I/ActivityManager(  478): Displayed com.FreeLance.StudentVUE/.MainActivity: +500ms
D/dalvikvm(  478): GC_FOR_ALLOC freed 514K, 45% free 17455K/31608K, paused 16ms, total 19ms
I/dalvikvm-heap(  478): Grow heap (frag case) to 19.086MB for 2073612-byte allocation
D/dalvikvm(  478): GC_FOR_ALLOC freed 4K, 43% free 19476K/33636K, paused 20ms, total 20ms
D/yeshen  (  678): launcher onstop
W/DebugConnManager(  678): getNetworkInfo() on networkType 1
D/dalvikvm(  478): GC_FOR_ALLOC freed 31K, 43% free 19457K/33636K, paused 19ms, total 19ms
W/EGL_emulation(  530): eglSurfaceAttrib not implemented 3093 12436
I/dalvikvm-heap(  478): Grow heap (frag case) to 21.041MB for 2073612-byte allocation
D/dalvikvm(  478): GC_FOR_ALLOC freed 12K, 40% free 21469K/35664K, paused 27ms, total 27ms
D/dalvikvm(  478): GC_FOR_ALLOC freed 6K, 40% free 21477K/35664K, paused 20ms, total 20ms
I/dalvikvm-heap(  478): Grow heap (frag case) to 23.014MB for 2073612-byte allocation
D/dalvikvm(  478): GC_FOR_ALLOC freed <1K, 38% free 23502K/37692K, paused 15ms, total 15ms
I/WindowManager(  478): Screen frozen for +698ms due to Window{4a9367f8 u0 StatusBar}
I/ActivityManager(  478): START u0 {cmp=com.FreeLance.StudentVUE/.URLWizard.URLSearchByZipActivity} from pid 2117
W/ViewRootImpl( 2117): Dropping event due to no window focus: KeyEvent { action=ACTION_DOWN, keyCode=KEYCODE_DPAD_DOWN, scanCode=0, metaState=0, flags=0x400, repeatCount=0, eventTime=13319439, downTime=13319439, deviceId=-1, source=0x101 }
W/ViewRootImpl( 2117): Dropping event due to no window focus: KeyEvent { action=ACTION_DOWN, keyCode=KEYCODE_DPAD_DOWN, scanCode=0, metaState=0, flags=0x400, repeatCount=0, eventTime=13319439, downTime=13319439, deviceId=-1, source=0x101 }
W/ViewRootImpl( 2117): Dropping event due to no window focus: KeyEvent { action=ACTION_DOWN, keyCode=KEYCODE_DPAD_DOWN, scanCode=0, metaState=0, flags=0x400, repeatCount=0, eventTime=13319439, downTime=13319439, deviceId=-1, source=0x101 }
W/ctxmgr  (16646): [AclManager]No 2 for (accnt=account#-68013670#, com.google.android.gms(10007):UserLocationProducer, vrsn=12529000, 0, 3pPkg = null ,  3pMdlId = null ,  pid = 16646). Was: 2 for 1, account#-68013670#
W/ctxmgr  (16646): [AclManager]No 2 for (accnt=account#-68013670#, com.google.android.gms(10007):UserLocationProducer, vrsn=12529000, 0, 3pPkg = null ,  3pMdlId = null ,  pid = 16646). Was: 2 for 1, account#-68013670#
E/ctxmgr  (16646): [WorkManager]Ongoing task not found: WriteBatch
I/System.out( 2117): body:<org.ksoap2.transport.ServiceConnectionSE: void <init>(java.lang.String)>	sig:specialinvoke $r2.<java.net.URL: void <init>(java.lang.String)>($r1)	timediff:0
I/System.out( 2117): <org.ksoap2.transport.ServiceConnectionSE: void <init>(java.lang.String)>###specialinvoke $r2.<java.net.URL: void <init>(java.lang.String)>($r1)###https://support.edupoint.com/Service/HDInfoCommunication.asmx
I/System.out( 2117): body:<org.ksoap2.transport.ServiceConnectionSE: void <init>(java.lang.String)>	sig:$r3 = virtualinvoke $r2.<java.net.URL: java.net.URLConnection openConnection()>()	timediff:0
I/System.out( 2117): body:<org.ksoap2.transport.ServiceConnectionSE: void <init>(java.lang.String)>	sig:virtualinvoke $r4.<java.net.HttpURLConnection: void setUseCaches(boolean)>(0)	timediff:0
I/System.out( 2117): body:<org.ksoap2.transport.ServiceConnectionSE: void <init>(java.lang.String)>	sig:virtualinvoke $r4.<java.net.HttpURLConnection: void setDoOutput(boolean)>(1)	timediff:0
I/System.out( 2117): body:<org.ksoap2.transport.ServiceConnectionSE: void <init>(java.lang.String)>	sig:virtualinvoke $r4.<java.net.HttpURLConnection: void setDoInput(boolean)>(1)	timediff:0
I/System.out( 2117): body:<org.ksoap2.transport.ServiceConnectionSE: void setRequestProperty(java.lang.String,java.lang.String)>	sig:virtualinvoke $r3.<java.net.HttpURLConnection: void setRequestProperty(java.lang.String,java.lang.String)>($r1, $r2)	timediff:0
I/System.out( 2117): body:<org.ksoap2.transport.ServiceConnectionSE: void setRequestProperty(java.lang.String,java.lang.String)>	sig:virtualinvoke $r3.<java.net.HttpURLConnection: void setRequestProperty(java.lang.String,java.lang.String)>($r1, $r2)	timediff:0
I/System.out( 2117): body:<org.ksoap2.transport.ServiceConnectionSE: void setRequestProperty(java.lang.String,java.lang.String)>	sig:virtualinvoke $r3.<java.net.HttpURLConnection: void setRequestProperty(java.lang.String,java.lang.String)>($r1, $r2)	timediff:0
I/System.out( 2117): body:<org.ksoap2.transport.ServiceConnectionSE: void setRequestProperty(java.lang.String,java.lang.String)>	sig:virtualinvoke $r3.<java.net.HttpURLConnection: void setRequestProperty(java.lang.String,java.lang.String)>($r1, $r2)	timediff:0
I/System.out( 2117): body:<org.ksoap2.transport.ServiceConnectionSE: void setRequestProperty(java.lang.String,java.lang.String)>	sig:virtualinvoke $r3.<java.net.HttpURLConnection: void setRequestProperty(java.lang.String,java.lang.String)>($r1, $r2)	timediff:0
I/System.out( 2117): body:<org.ksoap2.transport.ServiceConnectionSE: void setRequestMethod(java.lang.String)>	sig:virtualinvoke $r2.<java.net.HttpURLConnection: void setRequestMethod(java.lang.String)>($r1)	timediff:1
V/PhoneStatusBar(  530): setLightsOn(true)
W/ViewRootImpl( 2117): Dropping event due to no window focus: KeyEvent { action=ACTION_DOWN, keyCode=KEYCODE_BUTTON_13, scanCode=0, metaState=0, flags=0x8, repeatCount=0, eventTime=13319352, downTime=13319352, deviceId=-1, source=0x101 }
W/ViewRootImpl( 2117): Dropping event due to no window focus: KeyEvent { action=ACTION_DOWN, keyCode=KEYCODE_DPAD_CENTER, scanCode=0, metaState=0, flags=0x8, repeatCount=0, eventTime=13319352, downTime=13319352, deviceId=-1, source=0x101 }
D/dalvikvm(30549): GC_CONCURRENT freed 661K, 35% free 3894K/5936K, paused 0ms+1ms, total 4ms
I/ActivityManager(  478): Displayed com.FreeLance.StudentVUE/.URLWizard.URLSearchByZipActivity: +498ms
D/dalvikvm(  478): GC_FOR_ALLOC freed 6332K, 54% free 17448K/37692K, paused 15ms, total 21ms
D/dalvikvm(  478): GC_FOR_ALLOC freed 23K, 49% free 19457K/37692K, paused 20ms, total 21ms
D/dalvikvm(  530): GC_FOR_ALLOC freed 4966K, 42% free 13398K/23040K, paused 5ms, total 5ms
I/ActivityManager(  478): START u0 {act=android.intent.action.CALL_BUTTON flg=0x10000000} from pid 2117
W/PhoneFallbackEventHandler( 2117): No activity found for android.intent.action.CALL_BUTTON.
D/dalvikvm(  478): GC_CONCURRENT freed 11K, 38% free 23622K/37692K, paused 2ms+3ms, total 38ms
D/dalvikvm(  478): WAIT_FOR_CONCURRENT_GC blocked 17ms
D/dalvikvm(  478): WAIT_FOR_CONCURRENT_GC blocked 16ms
D/dalvikvm(  478): WAIT_FOR_CONCURRENT_GC blocked 16ms
I/System.out( 2117): body:<org.ksoap2.transport.ServiceConnectionSE: void connect()>	sig:virtualinvoke $r1.<java.net.HttpURLConnection: void connect()>()	timediff:441
I/System.out( 2117): body:<org.ksoap2.transport.ServiceConnectionSE: java.io.OutputStream openOutputStream()>	sig:$r2 = virtualinvoke $r1.<java.net.HttpURLConnection: java.io.OutputStream getOutputStream()>()	timediff:0
I/System.out( 2117): body:<org.ksoap2.transport.ServiceConnectionSE: void connect()>	sig:virtualinvoke $r1.<java.net.HttpURLConnection: void connect()>()	timediff:0
I/ActivityManager(  478): START u0 {act=android.intent.action.MAIN cat=[android.intent.category.LAUNCHER] flg=0x10200000 cmp=com.FreeLance.StudentVUE/.MainActivity} from pid 2106
V/PanelView(  530): animationTick called with dtms=0; nothing to do (h=0.0 v=0.0)
W/ctxmgr  (16646): [AclManager]No 2 for (accnt=account#-68013670#, com.google.android.gms(10007):UserLocationProducer, vrsn=12529000, 0, 3pPkg = null ,  3pMdlId = null ,  pid = 16646). Was: 2 for 1, account#-68013670#
I/System.out( 2117): body:<org.ksoap2.transport.ServiceConnectionSE: java.io.InputStream openInputStream()>	sig:$r2 = virtualinvoke $r1.<java.net.HttpURLConnection: java.io.InputStream getInputStream()>()	timediff:558
I/System.out( 2117): body:<empirical.HelperClass: void printURLInfo(java.lang.String,java.lang.String,java.net.URLConnection)>	sig:$r0 = virtualinvoke urlConnection.<java.net.URLConnection: java.net.URL getURL()>()	timediff:0
I/System.out( 2117): body:<empirical.HelperClass: void printURLInfo(java.lang.String,java.lang.String,java.net.URLConnection)>	sig:urlString = virtualinvoke $r0.<java.net.URL: java.lang.String toString()>()	timediff:0
I/System.out( 2117): body:<empirical.HelperClass: void printURLInfo(java.lang.String,java.lang.String,java.net.URLConnection)>	sig:isDoOutput = virtualinvoke urlConnection.<java.net.URLConnection: boolean getDoOutput()>()	timediff:0
I/System.out( 2117): body:<empirical.HelperClass: java.lang.String getHeaderField(java.net.URLConnection,java.lang.String)>	sig:data = virtualinvoke conn.<java.net.URLConnection: java.lang.String getHeaderField(java.lang.String)>(field)	timediff:0
I/System.out( 2117): body:<empirical.HelperClass: java.lang.String getHeaderField(java.net.URLConnection,java.lang.String)>	sig:data = virtualinvoke conn.<java.net.URLConnection: java.lang.String getHeaderField(java.lang.String)>(field)	timediff:0
I/System.out( 2117): body:<empirical.HelperClass: java.lang.String getHeaderField(java.net.URLConnection,java.lang.String)>	sig:data = virtualinvoke conn.<java.net.URLConnection: java.lang.String getHeaderField(java.lang.String)>(field)	timediff:0
I/System.out( 2117): body:<empirical.HelperClass: java.lang.String getHeaderField(java.net.URLConnection,java.lang.String)>	sig:data = virtualinvoke conn.<java.net.URLConnection: java.lang.String getHeaderField(java.lang.String)>(field)	timediff:1
I/System.out( 2117): body:<empirical.HelperClass: java.lang.String getHeaderField(java.net.URLConnection,java.lang.String)>	sig:data = virtualinvoke conn.<java.net.URLConnection: java.lang.String getHeaderField(java.lang.String)>(field)	timediff:0
I/System.out( 2117): URLConn;%;1;%;<org.ksoap2.transport.ServiceConnectionSE: java.io.InputStream openInputStream()>;%;$r2 = virtualinvoke $r1.<java.net.HttpURLConnection: java.io.InputStream getInputStream()>();%;https://support.edupoint.com/Service/HDInfoCommunication.asmx;%;true;%;2002;%;private, max-age=0;%;Not found;%;Not found;%;ASP.NET_SessionId=tmqg30p0hb3kbzeatp410wu0; path=/; HttpOnly
W/InputManager(  478): Input event injection from pid 2106 failed.
W/ContextImpl(  478): Calling a method in the system process without a qualified user: android.app.ContextImpl.sendBroadcast:1123 com.android.server.InputMethodManagerService.showCurrentInputLocked:1791 com.android.server.InputMethodManagerService.windowGainedFocus:1985 com.android.internal.view.IInputMethodManager$Stub.onTransact:221 com.android.server.InputMethodManagerService.onTransact:818 
V/InputMethodService(  642): onEvaluateInputViewShown: config.hardKeyboardHidden = 1
I/ActivityManager(  478): START u0 {act=android.intent.action.MAIN cat=[android.intent.category.LAUNCHER] flg=0x10200000 cmp=com.FreeLance.StudentVUE/.MainActivity} from pid 2106
V/InputMethodService(  642): onEvaluateInputViewShown: config.hardKeyboardHidden = 1
W/ContextImpl(  478): Calling a method in the system process without a qualified user: android.app.ContextImpl.sendBroadcast:1123 com.android.server.InputMethodManagerService.showCurrentInputLocked:1791 com.android.server.InputMethodManagerService.attachNewInputLocked:1095 com.android.server.InputMethodManagerService.startInputUncheckedLocked:1166 com.android.server.InputMethodManagerService.startInputLocked:1128 
W/InputEventReceiver( 2117): Attempted to finish an input event but the input event receiver has already been disposed.
W/InputEventReceiver( 2117): Attempted to finish an input event but the input event receiver has already been disposed.
W/InputEventReceiver( 2117): Attempted to finish an input event but the input event receiver has already been disposed.
W/InputEventReceiver( 2117): Attempted to finish an input event but the input event receiver has already been disposed.
W/InputEventReceiver( 2117): Attempted to finish an input event but the input event receiver has already been disposed.
W/ViewRootImpl( 2117): Dropping event due to root view being removed: MotionEvent { action=ACTION_UP, id[0]=0, x[0]=378.1451, y[0]=-121.359314, toolType[0]=TOOL_TYPE_UNKNOWN, buttonState=0, metaState=0, flags=0x0, edgeFlags=0x0, pointerCount=1, historySize=0, eventTime=13320925, downTime=13320923, deviceId=0, source=0x1002 }
W/ViewRootImpl( 2117): Dropping event due to root view being removed: MotionEvent { action=ACTION_MOVE, id[0]=0, x[0]=4.0, y[0]=0.0, toolType[0]=TOOL_TYPE_UNKNOWN, buttonState=0, metaState=0, flags=0x0, edgeFlags=0x0, pointerCount=1, historySize=9, eventTime=13320950, downTime=-1, deviceId=0, source=0x10004 }
W/ViewRootImpl( 2117): Dropping event due to root view being removed: MotionEvent { action=ACTION_DOWN, id[0]=0, x[0]=0.0, y[0]=0.0, toolType[0]=TOOL_TYPE_UNKNOWN, buttonState=0, metaState=0, flags=0x0, edgeFlags=0x0, pointerCount=1, historySize=0, eventTime=13320950, downTime=13320930, deviceId=0, source=0x10004 }
W/ViewRootImpl( 2117): Dropping event due to root view being removed: MotionEvent { action=ACTION_UP, id[0]=0, x[0]=0.0, y[0]=0.0, toolType[0]=TOOL_TYPE_UNKNOWN, buttonState=0, metaState=0, flags=0x0, edgeFlags=0x0, pointerCount=1, historySize=0, eventTime=13320951, downTime=13320930, deviceId=0, source=0x10004 }
W/ViewRootImpl( 2117): Dropping event due to no window focus: KeyEvent { action=ACTION_DOWN, keyCode=KEYCODE_BUTTON_16, scanCode=0, metaState=0, flags=0x8, repeatCount=0, eventTime=13320952, downTime=13320952, deviceId=-1, source=0x101 }
W/ViewRootImpl( 2117): Dropping event due to no window focus: KeyEvent { action=ACTION_DOWN, keyCode=KEYCODE_DPAD_CENTER, scanCode=0, metaState=0, flags=0x8, repeatCount=0, eventTime=13320952, downTime=13320952, deviceId=-1, source=0x101 }
W/InputMethodManagerService(  478): Window already focused, ignoring focus gain of: com.android.internal.view.IInputMethodClient$Stub$Proxy@4ac9f5dc attribute=android.view.inputmethod.EditorInfo@4ac6e908, token = android.os.BinderProxy@4a90dc2c
V/InputMethodService(  642): onEvaluateInputViewShown: config.hardKeyboardHidden = 1
W/ContextImpl(  478): Calling a method in the system process without a qualified user: android.app.ContextImpl.sendBroadcast:1123 com.android.server.InputMethodManagerService.showCurrentInputLocked:1791 com.android.server.InputMethodManagerService.attachNewInputLocked:1095 com.android.server.InputMethodManagerService.startInputUncheckedLocked:1166 com.android.server.InputMethodManagerService.windowGainedFocus:1932 
W/Launcher(  678): setApplicationContext called twice! old=com.vphone.launcher.LauncherApplicationEx@4a7834d4 new=com.vphone.launcher.LauncherApplicationEx@4a7834d4
W/ResourceType(  678): Attempt to retrieve bag 0x7f0b0001 which is invalid or in a cycle.
D/Launcher(  678): 11683562 - bindAddScreens()
D/Launcher(  678): 11683562 -   orderedScreenIds: 1, 10
D/Launcher.Workspace(  678): 11683562 - insertNewWorkspaceScreen(): 1 at index: 0
D/Launcher.Workspace(  678): 11683562 - insertNewWorkspaceScreen(): 10 at index: 1
W/ContextImpl(  678): Calling a method in the system process without a qualified user: android.app.ContextImpl.startService:1492 android.content.ContextWrapper.startService:494 com.vphone.launcher.Launcher.i:690 com.vphone.launcher.Launcher.b:182 com.vphone.launcher.Launcher$11.run:650 
D/Sensors (  478): Client connection accepted (196)
W/EGL_emulation(  678): eglSurfaceAttrib not implemented 3093 12436
W/ViewRootImpl(  678): Dropping event due to no window focus: KeyEvent { action=ACTION_DOWN, keyCode=KEYCODE_PROG_GREEN, scanCode=0, metaState=0, flags=0x8, repeatCount=0, eventTime=13321267, downTime=13321267, deviceId=-1, source=0x101 }
W/PropertyValuesHolder(  678): Method setBrightness() with type int not found on target class class ph
W/PropertyValuesHolder(  678): Method getBrightness() with type int not found on target class class ph
W/ContextImpl(  478): Calling a method in the system process without a qualified user: android.app.ContextImpl.sendBroadcast:1123 com.android.server.InputMethodManagerService.hideCurrentInputLocked:1880 com.android.server.InputMethodManagerService.windowGainedFocus:1968 com.android.internal.view.IInputMethodManager$Stub.onTransact:221 com.android.server.InputMethodManagerService.onTransact:818 
E/SurfaceFlinger(  166): glCheckFramebufferStatusOES error 36054
E/SurfaceFlinger(  166): got GL_FRAMEBUFFER_COMPLETE_OES error while taking screenshot
D/SurfaceFlinger(  166): setOrientation, mFbdev=0xb88fadf0, mFbDev->setOrientation=0xb691fce0, orientation=0
I/gralloc_nox(  166): setOrientation: orientation=0
I/ActivityManager(  478): Config changes=480 {1.0 310mcc16mnc en_US ldltr sw480dp w853dp h454dp 240dpi lrg long land finger qwerty/v/v dpad/v s.96}
D/Sensors (  478): Client connection accepted (196)
I/InputReader(  478): Reconfiguring input devices.  changes=0x00000004
I/InputReader(  478): Device reconfigured: id=1, name='Android Input', size 1280x720, orientation 0, mode 1, display id 0
I/InputReader(  478): Device reconfigured: id=3, name='seamless mouse', size 1280x720, orientation 0, mode 1, display id 0
I/InputReader(  478): Device reconfigured: id=8, name='VirtualBox USB Tablet', size 1280x720, orientation 0, mode 1, display id 0
I/ActivityManager(  478): START u0 {act=android.intent.action.MAIN cat=[android.intent.category.LAUNCHER] flg=0x10200000 cmp=com.vphone.helper/.MainActivity bnds=[572,388][713,618] (has extras)} from pid 678
W/PropertyValuesHolder(  678): Method setBrightness() with type int not found on target class class ph
W/PropertyValuesHolder(  678): Method getBrightness() with type int not found on target class class ph
D/PhoneStatusBar(  530): mSettingsPanelGravity = 55
W/ContextImpl(  678): Calling a method in the system process without a qualified user: android.app.ContextImpl.sendBroadcast:1137 android.content.ContextWrapper.sendBroadcast:370 com.vphone.launcher.Stats.recordLaunch:129 com.vphone.launcher.Launcher.c:3192 com.vphone.launcher.Launcher.onClickAppShortcut:3144 
D/dalvikvm(  530): GC_FOR_ALLOC freed 2112K, 37% free 14580K/23040K, paused 3ms, total 3ms
D/Tinker.DefaultAppLike(  678): onConfigurationChanged:{1.0 310mcc16mnc en_US ldltr sw480dp w853dp h454dp 240dpi lrg long land finger qwerty/v/v dpad/v s.96}
D/yeshen  (  678): launcher onpause
I/dalvikvm-heap(  530): Grow heap (frag case) to 17.813MB for 3686412-byte allocation
D/yeshen  (  678): launcher onstop
W/DebugConnManager(  678): getNetworkInfo() on networkType 1
D/dalvikvm(  530): GC_FOR_ALLOC freed 4K, 32% free 18176K/26644K, paused 6ms, total 6ms
W/ContextImpl(  478): Calling a method in the system process without a qualified user: android.app.ContextImpl.sendBroadcast:1123 com.android.server.InputMethodManagerService.hideCurrentInputLocked:1880 com.android.server.InputMethodManagerService.hideSoftInput:1843 com.android.internal.view.IInputMethodManager$Stub.onTransact:194 com.android.server.InputMethodManagerService.onTransact:818 
W/Launcher(  678): setApplicationContext called twice! old=com.vphone.launcher.LauncherApplicationEx@4a7834d4 new=com.vphone.launcher.LauncherApplicationEx@4a7834d4
W/ResourceType(  678): Attempt to retrieve bag 0x7f0b0001 which is invalid or in a cycle.
D/Launcher(  678): 11683562 - bindAddScreens()
D/Launcher(  678): 11683562 -   orderedScreenIds: 1, 10
D/Launcher.Workspace(  678): 11683562 - insertNewWorkspaceScreen(): 1 at index: 0
D/Launcher.Workspace(  678): 11683562 - insertNewWorkspaceScreen(): 10 at index: 1
W/ContextImpl(  678): Calling a method in the system process without a qualified user: android.app.ContextImpl.startService:1492 android.content.ContextWrapper.startService:494 com.vphone.launcher.Launcher.i:690 com.vphone.launcher.Launcher.b:182 com.vphone.launcher.Launcher$11.run:650 
D/dalvikvm(  678): GC_CONCURRENT freed 5691K, 5% free 121557K/127372K, paused 2ms+20ms, total 140ms
D/dalvikvm(  678): WAIT_FOR_CONCURRENT_GC blocked 52ms
D/dalvikvm(  678): WAIT_FOR_CONCURRENT_GC blocked 52ms
D/dalvikvm(  678): WAIT_FOR_CONCURRENT_GC blocked 52ms
D/dalvikvm(  678): WAIT_FOR_CONCURRENT_GC blocked 45ms
W/EGL_emulation(  530): eglSurfaceAttrib not implemented 3093 12436
W/EGL_emulation(  678): eglSurfaceAttrib not implemented 3093 12436
W/ContextImpl(  478): Calling a method in the system process without a qualified user: android.app.ContextImpl.sendBroadcast:1123 com.android.server.InputMethodManagerService.hideCurrentInputLocked:1880 com.android.server.InputMethodManagerService.windowGainedFocus:1968 com.android.internal.view.IInputMethodManager$Stub.onTransact:221 com.android.server.InputMethodManagerService.onTransact:818 
I/WindowManager(  478): Screen frozen for +776ms due to Window{4ab8338c u0 com.vphone.launcher/com.vphone.launcher.Launcher}
W/NetworkManagementSocketTagger(  478): setKernelCountSet(10194, 0) failed with errno -13
W/PropertyValuesHolder(  678): Method setBrightness() with type int not found on target class class ph
W/PropertyValuesHolder(  678): Method getBrightness() with type int not found on target class class ph
W/DebugConnManager(  678): getNetworkInfo() on networkType 1
I/ActivityManager(  478): START u0 {act=android.intent.action.VIEW dat=https://tracking.apptrackerlink.com/ws/action/click?offer_id=885515&bid_id=Epgny7v5xMhxZywq35PWcM7o5p4&imp_id=NVODj4YGopcGX1Dm8jwBUmmZrmXk&p_id=a57d1f0d-3e45-4524-8e9b-4f61b8d09b3a&mac=2C:56:DC:4E:22:14&gaid=32c3adf2-4ef0-4bfa-9817-0931a0a194ab cmp=com.android.browser/.BrowserActivity} from pid 678
W/ContextImpl(  678): Calling a method in the system process without a qualified user: android.app.ContextImpl.bindService:1556 android.content.ContextWrapper.bindService:517 com.google.android.gms.common.stats.zzb.zza:-1 com.google.android.gms.common.stats.zzb.zza:-1 com.google.android.gms.ads.identifier.AdvertisingIdClient.zzh:-1 
F/libc    ( 2356): Fatal signal 13 (SIGPIPE) at 0x00000934 (code=0), thread 2356 (busybox)
I/qtaguid (  678): Untagging socket 81 failed errno=-13
W/NetworkManagementSocketTagger(  678): untagSocket(81) failed with errno -13
I/qtaguid (  678): Tagging socket 81 with tag 49e2824000000000(1239581248) for uid -1 failed errno=-13
I/NetworkManagementSocketTagger(  678): tagSocketFd(81, 1239581248, -1) failed with errno-13
I/DEBUG   ( 8716): *** *** *** *** *** *** *** *** *** *** *** *** *** *** *** ***
I/DEBUG   ( 8716): Build fingerprint: 'samsung/heroltektt/heroltektt:4.4.2/NRD90M/381180401:user/release-keys'
I/DEBUG   ( 8716): Revision: '0'
I/DEBUG   ( 8716): pid: 2356, tid: 2356, name: busybox  >>> busybox <<<
I/DEBUG   ( 8716): signal 13 (SIGPIPE), code -6 (SI_TKILL), fault addr --------
I/DEBUG   ( 8716):     eax ffffffe0  ebx 00000001  ecx b8a32fd0  edx 00000002
I/DEBUG   ( 8716): AM write failure (32 / Broken pipe)
I/DEBUG   ( 8716):     esi b7619214  edi b8a32fd0
I/DEBUG   ( 8716):     xcs 00000073  xds 0000007b  xes 0000007b  xfs 00000000  xss 0000007b
I/DEBUG   ( 8716):     eip b75b4456  ebp b7619214  esp bfa29cf0  flags 00000202
I/DEBUG   ( 8716): 
I/DEBUG   ( 8716): backtrace:
I/DEBUG   ( 8716):     #00  pc 0003c456  /system/lib/libc.so (write+22)
I/DEBUG   ( 8716):     #01  pc 0000bab7  <unknown>
I/DEBUG   ( 8716): 
I/DEBUG   ( 8716): stack:
I/DEBUG   ( 8716):          bfa29cb0  b7596fd7  /system/lib/libc.so (__swsetup+7)
I/DEBUG   ( 8716):          bfa29cb4  b7619214  /system/lib/libc.so
I/DEBUG   ( 8716):          bfa29cb8  00000888  
I/DEBUG   ( 8716):          bfa29cbc  b75bf6e7  /system/lib/libc.so
I/DEBUG   ( 8716):          bfa29cc0  b8a32fd1  [heap]
I/DEBUG   ( 8716):          bfa29cc4  b8a31920  [heap]
I/DEBUG   ( 8716):          bfa29cc8  00000001  
I/DEBUG   ( 8716):          bfa29ccc  b758ad4f  /system/lib/libc.so (dlmalloc+351)
I/DEBUG   ( 8716):          bfa29cd0  00000000  
I/DEBUG   ( 8716):          bfa29cd4  00000000  
I/DEBUG   ( 8716):          bfa29cd8  b776cb90  /system/bin/busybox
I/DEBUG   ( 8716):          bfa29cdc  b7695cc7  /system/bin/busybox (next_token+359)
I/DEBUG   ( 8716):          bfa29ce0  b8a31921  [heap]
I/DEBUG   ( 8716):          bfa29ce4  00000001  
I/DEBUG   ( 8716):          bfa29ce8  bfa29d44  [stack]
I/DEBUG   ( 8716):          bfa29cec  b7618fcc  /system/lib/libc.so
I/DEBUG   ( 8716):     #00  bfa29cf0  b7627ab8  
I/DEBUG   ( 8716):          bfa29cf4  00001000  
I/DEBUG   ( 8716):          bfa29cf8  b7618fcc  /system/lib/libc.so
I/DEBUG   ( 8716):          bfa29cfc  b75bff17  /system/lib/libc.so (__swrite+103)
I/DEBUG   ( 8716):          bfa29d00  00000001  
I/DEBUG   ( 8716):          bfa29d04  b8a32fd0  [heap]
I/DEBUG   ( 8716):          bfa29d08  00000002  
I/DEBUG   ( 8716):          bfa29d0c  b7595b33  /system/lib/libc.so (fputs+99)
I/DEBUG   ( 8716):          bfa29d10  b7619214  /system/lib/libc.so
I/DEBUG   ( 8716):          bfa29d14  b7618fcc  /system/lib/libc.so
I/DEBUG   ( 8716):          bfa29d18  00000002  
I/DEBUG   ( 8716):          bfa29d1c  b75be0e9  /system/lib/libc.so (fflush+185)
I/DEBUG   ( 8716):          bfa29d20  b7619214  /system/lib/libc.so
I/DEBUG   ( 8716):          bfa29d24  b8a32fd0  [heap]
I/DEBUG   ( 8716):          bfa29d28  00000002  
I/DEBUG   ( 8716):          bfa29d2c  b8a32980  [heap]
W/NativeCrashListener(  478): Couldn't find ProcessRecord for pid 2356
I/BootReceiver(  478): Copying /data/tombstones/tombstone_09 to DropBox (SYSTEM_TOMBSTONE)
W/PropertyValuesHolder(  678): Method setBrightness() with type int not found on target class class ph
W/PropertyValuesHolder(  678): Method getBrightness() with type int not found on target class class ph
I/ActivityManager(  478): START u0 {act=android.intent.action.MAIN cat=[android.intent.category.LAUNCHER] flg=0x10200000 cmp=com.android.browser/.BrowserActivity bnds=[130,174][334,301] (has extras)} from pid 678
W/ContextImpl(  678): Calling a method in the system process without a qualified user: android.app.ContextImpl.sendBroadcast:1137 android.content.ContextWrapper.sendBroadcast:370 com.vphone.launcher.Stats.recordLaunch:129 com.vphone.launcher.Launcher.c:3192 com.vphone.launcher.Launcher.onClickAppShortcut:3144 
W/Launcher(  678): No global search activity found.
I/qtaguid (  678): Tagging socket 148 with tag 49e2824000000000(1239581248) for uid -1 failed errno=-13
I/NetworkManagementSocketTagger(  678): tagSocketFd(148, 1239581248, -1) failed with errno-13
W/PropertyValuesHolder(  678): Method setBrightness() with type int not found on target class class ph
W/PropertyValuesHolder(  678): Method getBrightness() with type int not found on target class class ph
I/ActivityManager(  478): START u0 {act=android.intent.action.MAIN cat=[android.intent.category.LAUNCHER] flg=0x10200000 cmp=com.facebook.lite/.MainActivity bnds=[538,301][742,428]} from pid 678
W/ContextImpl(  678): Calling a method in the system process without a qualified user: android.app.ContextImpl.sendBroadcast:1137 android.content.ContextWrapper.sendBroadcast:370 com.vphone.launcher.Stats.recordLaunch:129 com.vphone.launcher.Launcher.c:3192 com.vphone.launcher.Launcher.onClickAppShortcut:3144 
I/ActivityManager(  478): START u0 {act=android.intent.action.MAIN cat=[android.intent.category.LAUNCHER] flg=0x10000000 sel={act=android.intent.action.MAIN cat=[android.intent.category.APP_MUSIC]}} from pid 478
W/PropertyValuesHolder(  678): Method setBrightness() with type int not found on target class class ph
W/PropertyValuesHolder(  678): Method getBrightness() with type int not found on target class class ph
I/ActivityManager(  478): START u0 {act=android.intent.action.MAIN cat=[android.intent.category.LAUNCHER] flg=0x10200000 cmp=com.hellotalk/.ui.LoginAnim bnds=[1334,47][1538,174]} from pid 678
W/ContextImpl(  678): Calling a method in the system process without a qualified user: android.app.ContextImpl.sendBroadcast:1137 android.content.ContextWrapper.sendBroadcast:370 com.vphone.launcher.Stats.recordLaunch:129 com.vphone.launcher.Launcher.c:3192 com.vphone.launcher.Launcher.onClickAppShortcut:3144 
W/DebugConnManager(  678): getNetworkInfo() on networkType 1
