W/ViewRootImpl(  678): Dropping event due to no window focus: MotionEvent { action=ACTION_MOVE, id[0]=0, x[0]=4.0, y[0]=-5.0, toolType[0]=TOOL_TYPE_UNKNOWN, buttonState=0, metaState=0, flags=0x0, edgeFlags=0x0, pointerCount=1, historySize=1, eventTime=13460230, downTime=-1, deviceId=0, source=0x10004 }
W/NetworkManagementSocketTagger(  478): setKernelCountSet(10197, 1) failed with errno -13
D/dalvikvm(  530): GC_FOR_ALLOC freed 5683K, 65% free 7560K/21016K, paused 3ms, total 3ms
I/dalvikvm-heap(  530): Grow heap (frag case) to 10.958MB for 3686412-byte allocation
D/dalvikvm(  530): GC_CONCURRENT freed <1K, 47% free 11159K/21016K, paused 4ms+0ms, total 6ms
D/dalvikvm(  530): WAIT_FOR_CONCURRENT_GC blocked 1ms
D/dalvikvm(  530): WAIT_FOR_CONCURRENT_GC blocked 2ms
W/IntentResolver(  478): resolveIntent failed: found match, but none with CATEGORY_DEFAULT
D/CoreConfiguration(30562): getAppVersion2.2.7=131591
D/HttpUrls(30562): replaceLuaIfNeed tag=asset,scriptContent is null=false
E/FlurryEvent(30562): flurry:OpenAd_NotShow_BecauseNotLogIn
W/FlurryAgent(30562): Event count incremented: OpenAd_NotShow_BecauseNotLogIn
I/ActivityManager(  478): START u0 {cmp=com.hellotalk/.ui.LoginActivity} from pid 30562
I/AppCompatViewInflater(30562): app:theme is now deprecated. Please move to using android:theme instead.
D/Translate(30562): getReslutForLua LdoString:0
D/HttpUrls(30562): engines jsonObject:tag=asset,{"text_engine":"google_text","script_ts":18,"max_loop":3,"transliterate_engine":"google_zhuy","read_engine":"google_read","daily_count":15,"local_param":["text_na","read_na","409082.1830072287","d8a8f1cbe373e778961be5012b459ff6521ccbf635a8ffbd4b8633fb4d1a978c"],"mnt_count":25}
E/HttpUrls(30562): init lua 1 asset ts=18,target_ts=18
E/LoginActivity(30562): initData invalid email:null
D/NihaotalkApplication(30562): onActivityStarted
W/FlurryAgent(30562): Flurry session resumed for context:com.hellotalk.ui.LoginActivity@4af4cfd0
I/AppsFlyer_4.6.1(30562): onBecameForeground
I/AppsFlyer_4.6.1(30562): sendTrackingWithEvent from activity: com.hellotalk.ui.LoginActivity
I/AppsFlyer_4.6.1(30562): Trying to fetch GAID..
D/Tinker.DefaultAppLike(  678): onConfigurationChanged:{1.0 310mcc16mnc en_US ldltr sw480dp w480dp h828dp 240dpi lrg long port finger qwerty/v/v dpad/v s.103}
I/InputReader(  478): Reconfiguring input devices.  changes=0x00000004
I/InputReader(  478): Device reconfigured: id=1, name='Android Input', size 1280x720, orientation 3, mode 1, display id 0
I/InputReader(  478): Device reconfigured: id=3, name='seamless mouse', size 1280x720, orientation 3, mode 1, display id 0
I/InputReader(  478): Reconfiguring input devices.  changes=0x00000004
I/InputReader(  478): Device reconfigured: id=8, name='VirtualBox USB Tablet', size 1280x720, orientation 3, mode 1, display id 0
W/EGL_emulation(30562): eglSurfaceAttrib not implemented 3093 12436
I/AppsFlyer_4.6.1(30562): ******* sendTrackingWithEvent: Launch
W/IInputConnectionWrapper(  678): showStatusIcon on inactive InputConnection
I/AppsFlyer_4.6.1(30562): IMEI was not collected.
I/AppsFlyer_4.6.1(30562): Android ID was not collected.
I/AppsFlyer_4.6.1(30562): AppsFlyer: first launch date: 2018-04-20_002851-0300
I/AppsFlyer_4.6.1(30562): AppsFlyerLib.sendTrackingWithEvent
E/ActivityThread(30562): Failed to find provider info for com.facebook.katana.provider.AttributionIdProvider
I/System.out(30562): body:<com.appsflyer.e: void a(java.lang.String,java.lang.String,java.lang.String,java.lang.ref.WeakReference,java.lang.String,boolean)>	sig:specialinvoke $r7.<java.net.URL: void <init>(java.lang.String)>($r1)	timediff:0
I/System.out(30562): <com.appsflyer.e: void a(java.lang.String,java.lang.String,java.lang.String,java.lang.ref.WeakReference,java.lang.String,boolean)>###specialinvoke $r7.<java.net.URL: void <init>(java.lang.String)>($r1)###https://t.appsflyer.com/api/v4/androidevent?buildnumber=6.1&app_id=com.hellotalk
I/System.out(30562): body:<com.appsflyer.e: void a(java.lang.String,java.lang.String,java.lang.String,java.lang.ref.WeakReference,java.lang.String,boolean)>	sig:$r8 = virtualinvoke $r7.<java.net.URL: java.lang.String toString()>()	timediff:0
I/AppsFlyer_4.6.1(30562): url: https://t.appsflyer.com/api/v4/androidevent?buildnumber=6.1&app_id=com.hellotalk
I/System.out(30562): body:<com.appsflyer.e: void a(java.lang.String,java.lang.String,java.lang.String,java.lang.ref.WeakReference,java.lang.String,boolean)>	sig:$r8 = virtualinvoke $r7.<java.net.URL: java.lang.String toString()>()	timediff:0
I/AppsFlyer_4.6.1(30562): data: {"uid":"1524192830799-1160744367171565467","model":"SM-G930K","app_version_code":"158","af_v":"5a026053ef80bc18d19556a3c7e224a9c25bff4e","isGaidWithGps":"true","af_preinstalled":"false","deviceFingerPrintId":"ffffffff-f5c1-e66a-0000-00006e77cb58","lang":"English","network":"WIFI","installDate":"2018-04-19_235350-0300","firstLaunchDate":"2018-04-20_002851-0300","deviceType":"user","carrier":"T-Mobile","date2":"2018-04-19_235350-0300","advertiserIdEnabled":"true","sdk":"19","iaecounter":"0","timepassedsincelastlaunch":"5","date1":"2018-04-19_235350-0300","appsflyerKey":"24****************stfB","counter":"6","af_v2":"8a3585468a008ded103575cfaa92dc9648156696","operator":"T-Mobile","af_events_api":"1","country":"US","product":"heroltektt","isFirstCall":"false","af_timestamp":"1524196338222","device":"heroltektt","brand":"samsung","lang_code":"en","app_version_name":"2.2.7","platformextension":"android_native","advertiserId":"32c3adf2-4ef0-4bfa-9817-0931a0a194ab"}
I/System.out(30562): body:<com.appsflyer.e: void a(java.net.URL,java.lang.String,java.lang.String,java.lang.ref.WeakReference,java.lang.String,boolean)>	sig:$r9 = virtualinvoke $r1.<java.net.URL: java.net.URLConnection openConnection()>()	timediff:1
I/System.out(30562): body:<com.appsflyer.e: void a(java.net.URL,java.lang.String,java.lang.String,java.lang.ref.WeakReference,java.lang.String,boolean)>	sig:virtualinvoke $r10.<java.net.HttpURLConnection: void setRequestMethod(java.lang.String)>("POST")	timediff:3
I/System.out(30562): body:<com.appsflyer.e: void a(java.net.URL,java.lang.String,java.lang.String,java.lang.ref.WeakReference,java.lang.String,boolean)>	sig:virtualinvoke $r10.<java.net.HttpURLConnection: void setRequestProperty(java.lang.String,java.lang.String)>("Content-Length", $r12)	timediff:0
I/System.out(30562): body:<com.appsflyer.e: void a(java.net.URL,java.lang.String,java.lang.String,java.lang.ref.WeakReference,java.lang.String,boolean)>	sig:virtualinvoke $r10.<java.net.HttpURLConnection: void setRequestProperty(java.lang.String,java.lang.String)>("Content-Type", "application/json")	timediff:0
I/System.out(30562): body:<com.appsflyer.e: void a(java.net.URL,java.lang.String,java.lang.String,java.lang.ref.WeakReference,java.lang.String,boolean)>	sig:virtualinvoke $r10.<java.net.HttpURLConnection: void setConnectTimeout(int)>(10000)	timediff:0
I/System.out(30562): body:<com.appsflyer.e: void a(java.net.URL,java.lang.String,java.lang.String,java.lang.ref.WeakReference,java.lang.String,boolean)>	sig:virtualinvoke $r10.<java.net.HttpURLConnection: void setDoOutput(boolean)>(1)	timediff:0
I/System.out(30562): body:<com.appsflyer.e: void a(java.net.URL,java.lang.String,java.lang.String,java.lang.ref.WeakReference,java.lang.String,boolean)>	sig:$r14 = virtualinvoke $r10.<java.net.HttpURLConnection: java.io.OutputStream getOutputStream()>()	timediff:16
I/ActivityManager(  478): Displayed com.hellotalk/.ui.LoginActivity: +494ms (total +630ms)
I/WindowManager(  478): Screen frozen for +629ms due to Window{4a9e3880 u0 com.hellotalk/com.hellotalk.ui.LoginActivity}
W/EGL_emulation(  530): eglSurfaceAttrib not implemented 3093 12436
D/yeshen  (  678): launcher onstop
W/DebugConnManager(  678): getNetworkInfo() on networkType 1
D/FirebaseApp(  678): Notifying background state change listeners.
D/Tinker.DefaultAppLike(  678): onTrimMemory level:20
I/System.out(30562): body:<com.appsflyer.e: void a(java.net.URL,java.lang.String,java.lang.String,java.lang.ref.WeakReference,java.lang.String,boolean)>	sig:$i0 = virtualinvoke $r10.<java.net.HttpURLConnection: int getResponseCode()>()	timediff:245
D/AppsFlyer_4.6.1(30562): response code: 200
I/System.out(30562): body:<com.appsflyer.e: void a(java.net.URL,java.lang.String,java.lang.String,java.lang.ref.WeakReference,java.lang.String,boolean)>	sig:virtualinvoke $r10.<java.net.HttpURLConnection: void disconnect()>()	timediff:3
I/AppCompatDelegate(30562): The Activity's LayoutInflater already has a Factory installed so we can not install AppCompat's
D/dalvikvm(30562): GC_FOR_ALLOC freed 7336K, 66% free 8459K/24600K, paused 11ms, total 12ms
D/dalvikvm(30562): GC_CONCURRENT freed 1K, 64% free 9079K/24600K, paused 4ms+1ms, total 9ms
W/ViewRootImpl(30562): Dropping event due to no window focus: KeyEvent { action=ACTION_DOWN, keyCode=KEYCODE_DPAD_DOWN, scanCode=0, metaState=0, flags=0x8, repeatCount=0, eventTime=13461542, downTime=13461542, deviceId=-1, source=0x101 }
W/EGL_emulation(30562): eglSurfaceAttrib not implemented 3093 12436
I/ActivityManager(  478): START u0 {act=android.intent.action.MAIN cat=[android.intent.category.LAUNCHER] flg=0x10000000 sel={act=android.intent.action.MAIN cat=[android.intent.category.APP_EMAIL]}} from pid 478
W/InputMethodManagerService(  478): Window already focused, ignoring focus gain of: com.android.internal.view.IInputMethodClient$Stub$Proxy@4abcc050 attribute=null, token = android.os.BinderProxy@4a84f358
W/ContextImpl(  478): Calling a method in the system process without a qualified user: android.app.ContextImpl.sendBroadcast:1123 com.android.server.InputMethodManagerService.hideCurrentInputLocked:1880 com.android.server.InputMethodManagerService.hideSoftInput:1843 com.android.internal.view.IInputMethodManager$Stub.onTransact:194 com.android.server.InputMethodManagerService.onTransact:818 
W/ContextImpl(  478): Calling a method in the system process without a qualified user: android.app.ContextImpl.sendBroadcast:1123 com.android.server.InputMethodManagerService.hideCurrentInputLocked:1880 com.android.server.InputMethodManagerService.hideSoftInput:1843 com.android.internal.view.IInputMethodManager$Stub.onTransact:194 com.android.server.InputMethodManagerService.onTransact:818 
W/ContextImpl(  478): Calling a method in the system process without a qualified user: android.app.ContextImpl.sendBroadcast:1123 com.android.server.InputMethodManagerService.hideCurrentInputLocked:1880 com.android.server.InputMethodManagerService.hideSoftInput:1843 com.android.internal.view.IInputMethodManager$Stub.onTransact:194 com.android.server.InputMethodManagerService.onTransact:818 
W/ContextImpl(  478): Calling a method in the system process without a qualified user: android.app.ContextImpl.sendBroadcast:1123 com.android.server.InputMethodManagerService.hideCurrentInputLocked:1880 com.android.server.InputMethodManagerService.hideSoftInput:1843 com.android.internal.view.IInputMethodManager$Stub.onTransact:194 com.android.server.InputMethodManagerService.onTransact:818 
W/ViewRootImpl(30562): Dropping event due to no window focus: KeyEvent { action=ACTION_DOWN, keyCode=KEYCODE_DPAD_DOWN, scanCode=0, metaState=0, flags=0x8, repeatCount=0, eventTime=13462138, downTime=13462138, deviceId=-1, source=0x101 }
W/EGL_emulation(30562): eglSurfaceAttrib not implemented 3093 12436
W/ContextImpl(  478): Calling a method in the system process without a qualified user: android.app.ContextImpl.sendBroadcast:1123 com.android.server.InputMethodManagerService.hideCurrentInputLocked:1880 com.android.server.InputMethodManagerService.windowGainedFocus:1968 com.android.internal.view.IInputMethodManager$Stub.onTransact:221 com.android.server.InputMethodManagerService.onTransact:818 
W/InputEventReceiver(30562): Attempted to finish an input event but the input event receiver has already been disposed.
W/InputEventReceiver(30562): Attempted to finish an input event but the input event receiver has already been disposed.
W/InputEventReceiver(30562): Attempted to finish an input event but the input event receiver has already been disposed.
W/InputEventReceiver(30562): Attempted to finish an input event but the input event receiver has already been disposed.
W/ViewRootImpl(30562): Dropping event due to root view being removed: MotionEvent { action=ACTION_MOVE, id[0]=0, x[0]=342.44992, y[0]=-68.64087, toolType[0]=TOOL_TYPE_UNKNOWN, buttonState=0, metaState=0, flags=0x0, edgeFlags=0x0, pointerCount=1, historySize=1, eventTime=13462331, downTime=13462316, deviceId=0, source=0x1002 }
W/ViewRootImpl(30562): Dropping event due to root view being removed: MotionEvent { action=ACTION_UP, id[0]=0, x[0]=356.77982, y[0]=-62.185486, toolType[0]=TOOL_TYPE_UNKNOWN, buttonState=0, metaState=0, flags=0x0, edgeFlags=0x0, pointerCount=1, historySize=0, eventTime=13462332, downTime=13462316, deviceId=0, source=0x1002 }
W/ViewRootImpl(30562): Dropping event due to root view being removed: MotionEvent { action=ACTION_MOVE, id[0]=0, x[0]=4.0, y[0]=-1.0, toolType[0]=TOOL_TYPE_UNKNOWN, buttonState=0, metaState=0, flags=0x0, edgeFlags=0x0, pointerCount=1, historySize=2, eventTime=13462315, downTime=-1, deviceId=0, source=0x10004 }
W/ViewRootImpl(30562): Dropping event due to no window focus: KeyEvent { action=ACTION_DOWN, keyCode=KEYCODE_DPAD_LEFT, scanCode=0, metaState=0, flags=0x8, repeatCount=0, eventTime=13462332, downTime=13462332, deviceId=-1, source=0x101 }
W/ViewRootImpl(30562): Dropping event due to no window focus: KeyEvent { action=ACTION_DOWN, keyCode=KEYCODE_DPAD_CENTER, scanCode=0, metaState=0, flags=0x8, repeatCount=0, eventTime=13462568, downTime=13462568, deviceId=-1, source=0x101 }
W/EGL_emulation(30562): eglSurfaceAttrib not implemented 3093 12436
W/InputMethodManagerService(  478): Window already focused, ignoring focus gain of: com.android.internal.view.IInputMethodClient$Stub$Proxy@4acb773c attribute=android.view.inputmethod.EditorInfo@4b0bc4fc, token = android.os.BinderProxy@4a84f358
I/AppCompatDelegate(30562): The Activity's LayoutInflater already has a Factory installed so we can not install AppCompat's
I/ActivityManager(  478): START u0 {act=android.intent.action.MAIN cat=[android.intent.category.LAUNCHER] flg=0x10200000 cmp=com.hellotalk/.ui.LoginAnim} from pid 3194
W/ViewRootImpl(30562): Dropping event due to no window focus: KeyEvent { action=ACTION_DOWN, keyCode=KEYCODE_DPAD_LEFT, scanCode=0, metaState=0, flags=0x8, repeatCount=0, eventTime=13462859, downTime=13462859, deviceId=-1, source=0x101 }
W/EGL_emulation(30562): eglSurfaceAttrib not implemented 3093 12436
W/InputMethodManagerService(  478): Window already focused, ignoring focus gain of: com.android.internal.view.IInputMethodClient$Stub$Proxy@4a8e25ac attribute=android.view.inputmethod.EditorInfo@4a97f83c, token = android.os.BinderProxy@4a84f358
I/AppCompatDelegate(30562): The Activity's LayoutInflater already has a Factory installed so we can not install AppCompat's
W/EGL_emulation(30562): eglSurfaceAttrib not implemented 3093 12436
W/ViewRootImpl(30562): Dropping event due to no window focus: KeyEvent { action=ACTION_DOWN, keyCode=KEYCODE_NUMPAD_3, scanCode=0, metaState=0, flags=0x8, repeatCount=0, eventTime=13463853, downTime=13463853, deviceId=-1, source=0x101 }
D/IActivity(30562): back
I/ActivityManager(  478): START u0 {cmp=com.hellotalk/.ui.WellCome} from pid 30562
D/NihaotalkApplication(30562): onActivityPaused
D/dalvikvm(30562): GC_FOR_ALLOC freed 4503K, 77% free 5872K/24600K, paused 10ms, total 10ms
I/dalvikvm-heap(30562): Grow heap (frag case) to 7.768MB for 2073612-byte allocation
D/dalvikvm(30562): GC_CONCURRENT freed <1K, 68% free 7897K/24600K, paused 2ms+3ms, total 20ms
D/dalvikvm(30562): WAIT_FOR_CONCURRENT_GC blocked 8ms
D/dalvikvm(30562): WAIT_FOR_CONCURRENT_GC blocked 18ms
D/LeanPlumUtils(30562): initLeanPlum:true
E/FlurryEvent(30562): flurry:NewSignUp
W/FlurryAgent(30562): Event count incremented: NewSignUp
D/NihaotalkApplication(30562): onActivityStarted
W/FlurryAgent(30562): Flurry session resumed for context:com.hellotalk.ui.WellCome@4af95664
W/EGL_emulation(30562): eglSurfaceAttrib not implemented 3093 12436
W/ViewRootImpl(30562): Dropping event due to no window focus: KeyEvent { action=ACTION_DOWN, keyCode=KEYCODE_GUIDE, scanCode=0, metaState=0, flags=0x8, repeatCount=0, eventTime=13464203, downTime=13464203, deviceId=-1, source=0x101 }
W/ContextImpl(  478): Calling a method in the system process without a qualified user: android.app.ContextImpl.sendBroadcast:1123 com.android.server.InputMethodManagerService.hideCurrentInputLocked:1880 com.android.server.InputMethodManagerService.windowGainedFocus:1968 com.android.internal.view.IInputMethodManager$Stub.onTransact:221 com.android.server.InputMethodManagerService.onTransact:818 
W/ResourceType(  478): Skipping entry 0x7f040037 in package table 0 because it is not complex!
W/ResourceType(  478): Skipping entry 0x7f040036 in package table 0 because it is not complex!
I/ActivityManager(  478): Displayed com.hellotalk/.ui.WellCome: +300ms
D/LeanplumEvents(30562): track:Welcome: register
E/FlurryEvent(30562): flurry:NewSignUp_SignUp
W/FlurryAgent(30562): Event count incremented: NewSignUp_SignUp
W/ViewRootImpl(30562): Dropping event due to no window focus: KeyEvent { action=ACTION_DOWN, keyCode=KEYCODE_DPAD_RIGHT, scanCode=0, metaState=0, flags=0x8, repeatCount=0, eventTime=13464588, downTime=13464588, deviceId=-1, source=0x101 }
W/EGL_emulation(30562): eglSurfaceAttrib not implemented 3093 12436
W/ContextImpl(  478): Calling a method in the system process without a qualified user: android.app.ContextImpl.sendBroadcast:1123 com.android.server.InputMethodManagerService.hideCurrentInputLocked:1880 com.android.server.InputMethodManagerService.windowGainedFocus:1968 com.android.internal.view.IInputMethodManager$Stub.onTransact:221 com.android.server.InputMethodManagerService.onTransact:818 
W/InputEventReceiver(30562): Attempted to finish an input event but the input event receiver has already been disposed.
W/InputEventReceiver(30562): Attempted to finish an input event but the input event receiver has already been disposed.
W/ViewRootImpl(30562): Dropping event due to root view being removed: MotionEvent { action=ACTION_UP, id[0]=0, x[0]=681.7996, y[0]=-397.57327, toolType[0]=TOOL_TYPE_UNKNOWN, buttonState=0, metaState=0, flags=0x0, edgeFlags=0x0, pointerCount=1, historySize=0, eventTime=13464847, downTime=13464845, deviceId=0, source=0x1002 }
W/ContextImpl(  478): Calling a method in the system process without a qualified user: android.app.ContextImpl.sendBroadcast:1123 com.android.server.InputMethodManagerService.hideCurrentInputLocked:1880 com.android.server.InputMethodManagerService.windowGainedFocus:1968 com.android.internal.view.IInputMethodManager$Stub.onTransact:221 com.android.server.InputMethodManagerService.onTransact:818 
I/ActivityManager(  478): START u0 {act=android.intent.action.MAIN cat=[android.intent.category.LAUNCHER] flg=0x10200000 cmp=com.hellotalk/.ui.LoginAnim} from pid 3194
D/dalvikvm(30562): GC_CONCURRENT freed 457K, 64% free 9018K/24600K, paused 3ms+3ms, total 12ms
W/ViewRootImpl(30562): Dropping event due to no window focus: KeyEvent { action=ACTION_DOWN, keyCode=KEYCODE_AVR_POWER, scanCode=0, metaState=0, flags=0x8, repeatCount=0, eventTime=13464935, downTime=13464935, deviceId=-1, source=0x101 }
W/EGL_emulation(30562): eglSurfaceAttrib not implemented 3093 12436
V/PanelView(  530): animationTick called with dtms=0; nothing to do (h=0.0 v=-0.0)
V/PanelView(  530): animationTick called with dtms=0; nothing to do (h=0.0 v=-0.0)
W/ViewRootImpl(30562): Dropping event due to no window focus: KeyEvent { action=ACTION_DOWN, keyCode=KEYCODE_MENU, scanCode=0, metaState=0, flags=0x8, repeatCount=0, eventTime=13465071, downTime=13465071, deviceId=-1, source=0x101 }
W/ViewRootImpl(30562): Dropping event due to no window focus: KeyEvent { action=ACTION_DOWN, keyCode=KEYCODE_DPAD_DOWN, scanCode=0, metaState=0, flags=0x8, repeatCount=0, eventTime=13465074, downTime=13465074, deviceId=-1, source=0x101 }
W/InputMethodManagerService(  478): Window already focused, ignoring focus gain of: com.android.internal.view.IInputMethodClient$Stub$Proxy@4aa23d44 attribute=null, token = android.os.BinderProxy@4ae30c48
I/ActivityManager(  478): START u0 {act=android.intent.action.MAIN cat=[android.intent.category.LAUNCHER] flg=0x10200000 cmp=com.hellotalk/.ui.LoginAnim} from pid 3194
D/NihaotalkApplication(30562): onActivityStopped
W/FlurryAgent(30562): Flurry session paused for context:com.hellotalk.ui.LoginActivity@4af4cfd0
I/ActivityManager(  478): START u0 {act=android.intent.action.MAIN cat=[android.intent.category.LAUNCHER] flg=0x10200000 cmp=com.hellotalk/.ui.LoginAnim} from pid 3194
W/ContextImpl(  678): Calling a method in the system process without a qualified user: android.app.ContextImpl.bindService:1556 android.content.ContextWrapper.bindService:517 com.google.android.gms.common.stats.zzb.zza:-1 com.google.android.gms.common.stats.zzb.zza:-1 com.google.android.gms.ads.identifier.AdvertisingIdClient.zzh:-1 
I/ActivityManager(  478): START u0 {act=android.intent.action.MAIN cat=[android.intent.category.LAUNCHER] flg=0x10000000 sel={act=android.intent.action.MAIN cat=[android.intent.category.APP_CALCULATOR]}} from pid 478
I/AndroidRuntime( 3194): VM exiting with result code 0.
