W/ContextImpl(  682): Calling a method in the system process without a qualified user: android.app.ContextImpl.sendBroadcast:1137 android.content.ContextWrapper.sendBroadcast:370 com.vphone.launcher.Stats.recordLaunch:129 com.vphone.launcher.Launcher.c:3192 com.vphone.launcher.Launcher.onClickAppShortcut:3144 
I/dalvikvm( 2600): Enabling JNI app bug workarounds for target SDK version 10...
I/ActivityManager(  478): Start proc com.innovativelanguage.innovativelanguage101 for broadcast com.innovativelanguage.innovativelanguage101/com.ill.jp.media.RemoteControlReceiver: pid=2600 uid=10200 gids={50200, 3003, 1028, 1015, 1023, 3002}
I/ActivityManager(  478): START u0 {act=android.intent.action.MAIN cat=[android.intent.category.LAUNCHER] flg=0x10200000 cmp=com.android.browser/.BrowserActivity bnds=[8,388][149,618] (has extras)} from pid 682
W/ContextImpl(  682): Calling a method in the system process without a qualified user: android.app.ContextImpl.sendBroadcast:1137 android.content.ContextWrapper.sendBroadcast:370 com.vphone.launcher.Stats.recordLaunch:129 com.vphone.launcher.Launcher.c:3192 com.vphone.launcher.Launcher.onClickAppShortcut:3144 
I/dalvikvm( 2600): ignoring registerObject request in thread=1
I/dalvikvm( 2600): ignoring registerObject request in thread=1
W/Checkout( 2600): Default purchase verification procedure is used, please read https://github.com/serso/android-checkout#purchase-verification
V//InnovativeApplication.java:121( 2600): main Application: onCreate
W/Launcher(  682): No global search activity found.
D/roboguice.RoboGuice( 2600): Using full reflection. Try using RoboGuice annotation processor for better performance.
E/dalvikvm( 2600): Bogus static initialization: value type 23 in field type Ljava/lang/Object; for Lcom/google/inject/internal/util/SourceProvider; at index 1
E/dalvikvm( 2600): VM aborting
F/libc    ( 2600): Fatal signal 6 (SIGABRT) at 0x00000a28 (code=-6), thread 2600 (tivelanguage101)
V/PanelView(  534): animationTick called with dtms=0; nothing to do (h=0.0 v=0.0)
V/PanelView(  534): animationTick called with dtms=0; nothing to do (h=0.0 v=0.0)
I/ActivityManager(  478): START u0 {act=android.intent.action.MAIN cat=[android.intent.category.LAUNCHER] flg=0x10200000 cmp=com.cyanogenmod.filemanager/.activities.NavigationActivity bnds=[149,388][290,618] (has extras)} from pid 682
W/ContextImpl(  682): Calling a method in the system process without a qualified user: android.app.ContextImpl.sendBroadcast:1137 android.content.ContextWrapper.sendBroadcast:370 com.vphone.launcher.Stats.recordLaunch:129 com.vphone.launcher.Launcher.c:3192 com.vphone.launcher.Launcher.onClickAppShortcut:3144 
I/DEBUG   ( 2474): *** *** *** *** *** *** *** *** *** *** *** *** *** *** *** ***
I/DEBUG   ( 2474): Build fingerprint: 'samsung/heroltektt/heroltektt:4.4.2/NRD90M/381180401:user/release-keys'
I/DEBUG   ( 2474): Revision: '0'
I/DEBUG   ( 2474): pid: 2600, tid: 2600, name: tivelanguage101  >>> com.innovativelanguage.innovativelanguage101 <<<
I/DEBUG   ( 2474): signal 6 (SIGABRT), code -6 (SI_TKILL), fault addr --------
I/DEBUG   ( 2474):     eax 00000000  ebx 00000a28  ecx 00000a28  edx 00000006
I/DEBUG   ( 2474):     esi 00000a28  edi 00000002
I/DEBUG   ( 2474):     xcs 00000073  xds 0000007b  xes 0000007b  xfs 00000000  xss 0000007b
I/DEBUG   ( 2474):     eip b77080d6  ebp b7771ce0  esp bfb4a7d0  flags 00200207
I/DEBUG   ( 2474): 
I/DEBUG   ( 2474): backtrace:
I/DEBUG   ( 2474):     #00  pc 0003c0d6  /system/lib/libc.so (tgkill+22)
I/DEBUG   ( 2474):     #01  pc 00000005  <unknown>
I/DEBUG   ( 2474): 
I/DEBUG   ( 2474): stack:
I/DEBUG   ( 2474):          bfb4a790  00000000  
I/DEBUG   ( 2474):          bfb4a794  b776d268  /system/lib/libc.so
I/DEBUG   ( 2474):          bfb4a798  00000000  
I/DEBUG   ( 2474):          bfb4a79c  b76d9f39  /system/lib/libc.so (pthread_mutex_unlock+25)
I/DEBUG   ( 2474):          bfb4a7a0  b776d18c  /system/lib/libc.so
I/DEBUG   ( 2474):          bfb4a7a4  b95b1150  [heap]
I/DEBUG   ( 2474):          bfb4a7a8  00000015  
I/DEBUG   ( 2474):          bfb4a7ac  b4ee6c40  /system/lib/libdvm.so
I/DEBUG   ( 2474):          bfb4a7b0  00000000  
I/DEBUG   ( 2474):          bfb4a7b4  b7726926  /system/lib/libc.so (funlockfile+6)
I/DEBUG   ( 2474):          bfb4a7b8  b776cfcc  /system/lib/libc.so
I/DEBUG   ( 2474):          bfb4a7bc  b7712006  /system/lib/libc.so (__sflush_locked+150)
I/DEBUG   ( 2474):          bfb4a7c0  00000000  
I/DEBUG   ( 2474):          bfb4a7c4  00000000  
I/DEBUG   ( 2474):          bfb4a7c8  b76d9d69  /system/lib/libc.so (pthread_mutex_lock+9)
I/DEBUG   ( 2474):          bfb4a7cc  b776cfcc  /system/lib/libc.so
I/DEBUG   ( 2474):     #00  bfb4a7d0  00000006  
I/DEBUG   ( 2474):          bfb4a7d4  00000a28  
I/DEBUG   ( 2474):          bfb4a7d8  b776cfcc  /system/lib/libc.so
I/DEBUG   ( 2474):          bfb4a7dc  b76e44a6  /system/lib/libc.so (pthread_kill+102)
I/DEBUG   ( 2474):          bfb4a7e0  00000a28  
I/DEBUG   ( 2474):          bfb4a7e4  00000a28  
I/DEBUG   ( 2474):          bfb4a7e8  00000006  
I/DEBUG   ( 2474):          bfb4a7ec  00000000  
I/DEBUG   ( 2474):          bfb4a7f0  b776d268  /system/lib/libc.so
I/DEBUG   ( 2474):          bfb4a7f4  94faef70  /dev/ashmem/dalvik-heap (deleted)
I/DEBUG   ( 2474):          bfb4a7f8  b76e4449  /system/lib/libc.so (pthread_kill+9)
I/DEBUG   ( 2474):          bfb4a7fc  b776cfcc  /system/lib/libc.so
I/DEBUG   ( 2474):          bfb4a800  bfb4a84c  [stack]
I/DEBUG   ( 2474):          bfb4a804  bfb4aa80  [stack]
I/DEBUG   ( 2474):          bfb4a808  00000001  
I/DEBUG   ( 2474):          bfb4a80c  b76e482c  /system/lib/libc.so (raise+44)
I/BootReceiver(  478): Copying /data/tombstones/tombstone_05 to DropBox (SYSTEM_TOMBSTONE)
I/Process (  478): Sending signal. PID: 2600 SIG: 9
I/DEBUG   ( 2474): ptrace detach from 2600 failed: No such process
I/DEBUG   ( 2474): debuggerd committing suicide to free the zombie!
W/ActivityManager(  478): Force-killing crashed app com.innovativelanguage.innovativelanguage101 at watcher's request
W/ContextImpl(  478): Calling a method in the system process without a qualified user: android.app.ContextImpl.sendBroadcast:1123 com.android.server.am.ActivityManagerService.handleApplicationCrashInner:9670 com.android.server.am.NativeCrashListener$NativeCrashReporter.run:86 <bottom of call stack> <bottom of call stack> 
I/ActivityManager(  478): Process com.innovativelanguage.innovativelanguage101 (pid 2600) has died.
I/dalvikvm( 2625): Enabling JNI app bug workarounds for target SDK version 10...
I/ActivityManager(  478): Start proc com.innovativelanguage.innovativelanguage101 for broadcast com.innovativelanguage.innovativelanguage101/com.ill.jp.media.RemoteControlReceiver: pid=2625 uid=10200 gids={50200, 3003, 1028, 1015, 1023, 3002}
I/dalvikvm( 2625): ignoring registerObject request in thread=1
I/dalvikvm( 2625): ignoring registerObject request in thread=1
W/Checkout( 2625): Default purchase verification procedure is used, please read https://github.com/serso/android-checkout#purchase-verification
V//InnovativeApplication.java:121( 2625): main Application: onCreate
D/roboguice.RoboGuice( 2625): Using full reflection. Try using RoboGuice annotation processor for better performance.
E/dalvikvm( 2625): Bogus static initialization: value type 23 in field type Ljava/lang/Object; for Lcom/google/inject/internal/util/SourceProvider; at index 1
E/dalvikvm( 2625): VM aborting
F/libc    ( 2625): Fatal signal 6 (SIGABRT) at 0x00000a41 (code=-6), thread 2625 (tivelanguage101)
F/libc    ( 2625): Unable to open connection to debuggerd: Connection refused
I/ActivityManager(  478): Process com.innovativelanguage.innovativelanguage101 (pid 2625) has died.
D/Zygote  (  167): Process 2625 terminated by signal (6)
I/ActivityManager(  478): START u0 {act=android.intent.action.MAIN cat=[android.intent.category.LAUNCHER] flg=0x10200000 cmp=com.android.browser/.BrowserActivity bnds=[-2,388][139,618] (has extras)} from pid 682
W/ContextImpl(  682): Calling a method in the system process without a qualified user: android.app.ContextImpl.sendBroadcast:1137 android.content.ContextWrapper.sendBroadcast:370 com.vphone.launcher.Stats.recordLaunch:129 com.vphone.launcher.Launcher.c:3192 com.vphone.launcher.Launcher.onClickAppShortcut:3144 
I/ActivityManager(  478): START u0 {act=android.intent.action.MAIN cat=[android.intent.category.LAUNCHER] flg=0x10200000 cmp=com.android.browser/.BrowserActivity bnds=[0,388][141,618] (has extras)} from pid 682
W/ContextImpl(  682): Calling a method in the system process without a qualified user: android.app.ContextImpl.sendBroadcast:1137 android.content.ContextWrapper.sendBroadcast:370 com.vphone.launcher.Stats.recordLaunch:129 com.vphone.launcher.Launcher.c:3192 com.vphone.launcher.Launcher.onClickAppShortcut:3144 
D/SettingsProvider(  478): User 0 external modification to /data/data/com.android.providers.settings/databases/settings.db; event=8
D/SettingsProvider(  478): User 0 updating our caches for /data/data/com.android.providers.settings/databases/settings.db
D/dalvikvm(  682): GC_FOR_ALLOC freed 1710K, 20% free 11388K/14216K, paused 6ms, total 7ms
I/ActivityManager(  478): START u0 {act=android.intent.action.MAIN cat=[android.intent.category.LAUNCHER] flg=0x10200000 cmp=com.android.browser/.BrowserActivity bnds=[-146,388][-5,618] (has extras)} from pid 682
W/ContextImpl(  682): Calling a method in the system process without a qualified user: android.app.ContextImpl.sendBroadcast:1137 android.content.ContextWrapper.sendBroadcast:370 com.vphone.launcher.Stats.recordLaunch:129 com.vphone.launcher.Launcher.c:3192 com.vphone.launcher.Launcher.onClickAppShortcut:3144 
W/Launcher(  682): No global search activity found.
I/ActivityManager(  478): START u0 {act=android.intent.action.MAIN cat=[android.intent.category.LAUNCHER] flg=0x10200000 cmp=com.innovativelanguage.innovativelanguage101/com.ill.jp.activities.MainActivity} from pid 2422
I/DEBUG   ( 2659): debuggerd: Sep  7 2017 16:04:41
D/yeshen  (  682): launcher onpause
I/dalvikvm( 2660): Enabling JNI app bug workarounds for target SDK version 10...
I/ActivityManager(  478): Start proc com.innovativelanguage.innovativelanguage101 for activity com.innovativelanguage.innovativelanguage101/com.ill.jp.activities.MainActivity: pid=2660 uid=10200 gids={50200, 3003, 1028, 1015, 1023, 3002}
W/NetworkManagementSocketTagger(  478): setKernelCountSet(10200, 1) failed with errno -13
I/dalvikvm( 2660): ignoring registerObject request in thread=1
I/dalvikvm( 2660): ignoring registerObject request in thread=1
V/PhoneStatusBar(  534): setLightsOn(true)
W/Checkout( 2660): Default purchase verification procedure is used, please read https://github.com/serso/android-checkout#purchase-verification
V//InnovativeApplication.java:121( 2660): main Application: onCreate
D/yeshen  (  682): launcher onstop
D/FirebaseApp(  682): Notifying background state change listeners.
D/Tinker.DefaultAppLike(  682): onTrimMemory level:20
W/DebugConnManager(  682): getNetworkInfo() on networkType 1
D/roboguice.RoboGuice( 2660): Using full reflection. Try using RoboGuice annotation processor for better performance.
E/dalvikvm( 2660): Bogus static initialization: value type 23 in field type Ljava/lang/Object; for Lcom/google/inject/internal/util/SourceProvider; at index 1
E/dalvikvm( 2660): VM aborting
F/libc    ( 2660): Fatal signal 6 (SIGABRT) at 0x00000a64 (code=-6), thread 2660 (tivelanguage101)
I/DEBUG   ( 2659): *** *** *** *** *** *** *** *** *** *** *** *** *** *** *** ***
I/DEBUG   ( 2659): Build fingerprint: 'samsung/heroltektt/heroltektt:4.4.2/NRD90M/381180401:user/release-keys'
I/DEBUG   ( 2659): Revision: '0'
I/DEBUG   ( 2659): pid: 2660, tid: 2660, name: tivelanguage101  >>> com.innovativelanguage.innovativelanguage101 <<<
I/DEBUG   ( 2659): signal 6 (SIGABRT), code -6 (SI_TKILL), fault addr --------
I/DEBUG   ( 2659):     eax 00000000  ebx 00000a64  ecx 00000a64  edx 00000006
I/DEBUG   ( 2659):     esi 00000a64  edi 00000002
I/DEBUG   ( 2659):     xcs 00000073  xds 0000007b  xes 0000007b  xfs 00000000  xss 0000007b
I/DEBUG   ( 2659):     eip b77080d6  ebp b7771ce0  esp bfb4a7d0  flags 00200207
I/DEBUG   ( 2659): 
I/DEBUG   ( 2659): backtrace:
I/DEBUG   ( 2659):     #00  pc 0003c0d6  /system/lib/libc.so (tgkill+22)
I/DEBUG   ( 2659):     #01  pc 00000005  <unknown>
I/DEBUG   ( 2659): 
I/DEBUG   ( 2659): stack:
I/DEBUG   ( 2659):          bfb4a790  00000000  
I/DEBUG   ( 2659):          bfb4a794  b776d268  /system/lib/libc.so
I/DEBUG   ( 2659):          bfb4a798  00000000  
I/DEBUG   ( 2659):          bfb4a79c  b76d9f39  /system/lib/libc.so (pthread_mutex_unlock+25)
I/DEBUG   ( 2659):          bfb4a7a0  b776d18c  /system/lib/libc.so
I/DEBUG   ( 2659):          bfb4a7a4  b95b1150  [heap]
I/DEBUG   ( 2659):          bfb4a7a8  00000015  
I/DEBUG   ( 2659):          bfb4a7ac  b4ee6c40  /system/lib/libdvm.so
I/DEBUG   ( 2659):          bfb4a7b0  00000000  
I/DEBUG   ( 2659):          bfb4a7b4  b7726926  /system/lib/libc.so (funlockfile+6)
I/DEBUG   ( 2659):          bfb4a7b8  b776cfcc  /system/lib/libc.so
I/DEBUG   ( 2659):          bfb4a7bc  b7712006  /system/lib/libc.so (__sflush_locked+150)
I/DEBUG   ( 2659):          bfb4a7c0  00000000  
I/DEBUG   ( 2659):          bfb4a7c4  00000000  
I/DEBUG   ( 2659):          bfb4a7c8  b76d9d69  /system/lib/libc.so (pthread_mutex_lock+9)
I/DEBUG   ( 2659):          bfb4a7cc  b776cfcc  /system/lib/libc.so
I/DEBUG   ( 2659):     #00  bfb4a7d0  00000006  
I/DEBUG   ( 2659):          bfb4a7d4  00000a64  
I/DEBUG   ( 2659):          bfb4a7d8  b776cfcc  /system/lib/libc.so
I/DEBUG   ( 2659):          bfb4a7dc  b76e44a6  /system/lib/libc.so (pthread_kill+102)
I/DEBUG   ( 2659):          bfb4a7e0  00000a64  
I/DEBUG   ( 2659):          bfb4a7e4  00000a64  
I/DEBUG   ( 2659):          bfb4a7e8  00000006  
I/DEBUG   ( 2659):          bfb4a7ec  00000000  
I/DEBUG   ( 2659):          bfb4a7f0  b776d268  /system/lib/libc.so
I/DEBUG   ( 2659):          bfb4a7f4  94fb1088  /dev/ashmem/dalvik-heap (deleted)
I/DEBUG   ( 2659):          bfb4a7f8  b76e4449  /system/lib/libc.so (pthread_kill+9)
I/DEBUG   ( 2659):          bfb4a7fc  b776cfcc  /system/lib/libc.so
I/DEBUG   ( 2659):          bfb4a800  bfb4a84c  [stack]
I/DEBUG   ( 2659):          bfb4a804  bfb4aa80  [stack]
I/DEBUG   ( 2659):          bfb4a808  00000001  
I/DEBUG   ( 2659):          bfb4a80c  b76e482c  /system/lib/libc.so (raise+44)
I/BootReceiver(  478): Copying /data/tombstones/tombstone_06 to DropBox (SYSTEM_TOMBSTONE)
I/ActivityManager(  478): Process com.innovativelanguage.innovativelanguage101 (pid 2660) has died.
W/NetworkManagementSocketTagger(  478): setKernelCountSet(10200, 0) failed with errno -13
I/dalvikvm( 2672): Enabling JNI app bug workarounds for target SDK version 10...
I/ActivityManager(  478): Start proc com.innovativelanguage.innovativelanguage101 for activity com.innovativelanguage.innovativelanguage101/com.ill.jp.activities.MainActivity: pid=2672 uid=10200 gids={50200, 3003, 1028, 1015, 1023, 3002}
D/Zygote  (  167): Process 2660 terminated by signal (6)
I/dalvikvm( 2672): ignoring registerObject request in thread=1
I/dalvikvm( 2672): ignoring registerObject request in thread=1
W/NetworkManagementSocketTagger(  478): setKernelCountSet(10200, 1) failed with errno -13
W/ActivityManager(  478): Force-killing crashed app com.innovativelanguage.innovativelanguage101 at watcher's request
W/ContextImpl(  478): Calling a method in the system process without a qualified user: android.app.ContextImpl.sendBroadcast:1123 com.android.server.am.ActivityManagerService.handleApplicationCrashInner:9670 com.android.server.am.NativeCrashListener$NativeCrashReporter.run:86 <bottom of call stack> <bottom of call stack> 
W/Checkout( 2672): Default purchase verification procedure is used, please read https://github.com/serso/android-checkout#purchase-verification
V//InnovativeApplication.java:121( 2672): main Application: onCreate
D/roboguice.RoboGuice( 2672): Using full reflection. Try using RoboGuice annotation processor for better performance.
E/dalvikvm( 2672): Bogus static initialization: value type 23 in field type Ljava/lang/Object; for Lcom/google/inject/internal/util/SourceProvider; at index 1
E/dalvikvm( 2672): VM aborting
F/libc    ( 2672): Fatal signal 6 (SIGABRT) at 0x00000a70 (code=-6), thread 2672 (tivelanguage101)
I/DEBUG   ( 2659): *** *** *** *** *** *** *** *** *** *** *** *** *** *** *** ***
I/DEBUG   ( 2659): Build fingerprint: 'samsung/heroltektt/heroltektt:4.4.2/NRD90M/381180401:user/release-keys'
I/DEBUG   ( 2659): Revision: '0'
I/DEBUG   ( 2659): pid: 2672, tid: 2672, name: tivelanguage101  >>> com.innovativelanguage.innovativelanguage101 <<<
I/DEBUG   ( 2659): signal 6 (SIGABRT), code -6 (SI_TKILL), fault addr --------
I/DEBUG   ( 2659):     eax 00000000  ebx 00000a70  ecx 00000a70  edx 00000006
I/DEBUG   ( 2659):     esi 00000a70  edi 00000002
I/DEBUG   ( 2659):     xcs 00000073  xds 0000007b  xes 0000007b  xfs 00000000  xss 0000007b
I/DEBUG   ( 2659):     eip b77080d6  ebp b7771ce0  esp bfb4a7d0  flags 00200217
I/DEBUG   ( 2659): 
I/DEBUG   ( 2659): backtrace:
I/DEBUG   ( 2659):     #00  pc 0003c0d6  /system/lib/libc.so (tgkill+22)
I/DEBUG   ( 2659):     #01  pc 00000005  <unknown>
I/DEBUG   ( 2659): 
I/DEBUG   ( 2659): stack:
I/DEBUG   ( 2659):          bfb4a790  00000000  
I/DEBUG   ( 2659):          bfb4a794  b776d268  /system/lib/libc.so
I/DEBUG   ( 2659):          bfb4a798  00000000  
I/DEBUG   ( 2659):          bfb4a79c  b76d9f39  /system/lib/libc.so (pthread_mutex_unlock+25)
I/DEBUG   ( 2659):          bfb4a7a0  b776d18c  /system/lib/libc.so
I/DEBUG   ( 2659):          bfb4a7a4  b95b1150  [heap]
I/DEBUG   ( 2659):          bfb4a7a8  00000015  
I/DEBUG   ( 2659):          bfb4a7ac  b4ee6c40  /system/lib/libdvm.so
I/DEBUG   ( 2659):          bfb4a7b0  00000000  
I/DEBUG   ( 2659):          bfb4a7b4  b7726926  /system/lib/libc.so (funlockfile+6)
I/DEBUG   ( 2659):          bfb4a7b8  b776cfcc  /system/lib/libc.so
I/DEBUG   ( 2659):          bfb4a7bc  b7712006  /system/lib/libc.so (__sflush_locked+150)
I/DEBUG   ( 2659):          bfb4a7c0  00000000  
I/DEBUG   ( 2659):          bfb4a7c4  00000000  
I/DEBUG   ( 2659):          bfb4a7c8  b76d9d69  /system/lib/libc.so (pthread_mutex_lock+9)
I/DEBUG   ( 2659):          bfb4a7cc  b776cfcc  /system/lib/libc.so
I/DEBUG   ( 2659):     #00  bfb4a7d0  00000006  
I/DEBUG   ( 2659):          bfb4a7d4  00000a70  
I/DEBUG   ( 2659):          bfb4a7d8  b776cfcc  /system/lib/libc.so
I/DEBUG   ( 2659):          bfb4a7dc  b76e44a6  /system/lib/libc.so (pthread_kill+102)
I/DEBUG   ( 2659):          bfb4a7e0  00000a70  
I/DEBUG   ( 2659):          bfb4a7e4  00000a70  
I/DEBUG   ( 2659):          bfb4a7e8  00000006  
I/DEBUG   ( 2659):          bfb4a7ec  00000000  
I/DEBUG   ( 2659):          bfb4a7f0  b776d268  /system/lib/libc.so
I/DEBUG   ( 2659):          bfb4a7f4  94fb1fe8  /dev/ashmem/dalvik-heap (deleted)
I/DEBUG   ( 2659):          bfb4a7f8  b76e4449  /system/lib/libc.so (pthread_kill+9)
I/DEBUG   ( 2659):          bfb4a7fc  b776cfcc  /system/lib/libc.so
I/DEBUG   ( 2659):          bfb4a800  bfb4a84c  [stack]
I/DEBUG   ( 2659):          bfb4a804  bfb4aa80  [stack]
I/DEBUG   ( 2659):          bfb4a808  00000001  
I/DEBUG   ( 2659):          bfb4a80c  b76e482c  /system/lib/libc.so (raise+44)
I/BootReceiver(  478): Copying /data/tombstones/tombstone_07 to DropBox (SYSTEM_TOMBSTONE)
I/Process (  478): Sending signal. PID: 2672 SIG: 9
W/ActivityManager(  478): Force-killing crashed app com.innovativelanguage.innovativelanguage101 at watcher's request
W/ContextImpl(  478): Calling a method in the system process without a qualified user: android.app.ContextImpl.sendBroadcast:1123 com.android.server.am.ActivityManagerService.handleApplicationCrashInner:9670 com.android.server.am.NativeCrashListener$NativeCrashReporter.run:86 <bottom of call stack> <bottom of call stack> 
I/ActivityManager(  478): Process com.innovativelanguage.innovativelanguage101 (pid 2672) has died.
I/dalvikvm( 2687): Enabling JNI app bug workarounds for target SDK version 10...
D/Zygote  (  167): Process 2672 terminated by signal (6)
I/ActivityManager(  478): Start proc com.innovativelanguage.innovativelanguage101 for activity com.innovativelanguage.innovativelanguage101/com.ill.jp.activities.MainActivity: pid=2687 uid=10200 gids={50200, 3003, 1028, 1015, 1023, 3002}
W/NetworkManagementSocketTagger(  478): setKernelCountSet(10200, 0) failed with errno -13
D/dalvikvm(  167): GC_EXPLICIT freed 42K, 4% free 2788K/2892K, paused 0ms+8ms, total 12ms
D/dalvikvm(  167): WAIT_FOR_CONCURRENT_GC blocked 2ms
W/NetworkManagementSocketTagger(  478): setKernelCountSet(10200, 1) failed with errno -13
I/dalvikvm( 2687): ignoring registerObject request in thread=1
I/dalvikvm( 2687): ignoring registerObject request in thread=1
D/dalvikvm(  167): GC_EXPLICIT freed <1K, 4% free 2788K/2892K, paused 0ms+1ms, total 8ms
W/Checkout( 2687): Default purchase verification procedure is used, please read https://github.com/serso/android-checkout#purchase-verification
V//InnovativeApplication.java:121( 2687): main Application: onCreate
D/dalvikvm(  167): GC_EXPLICIT freed <1K, 4% free 2788K/2892K, paused 0ms+2ms, total 12ms
D/roboguice.RoboGuice( 2687): Using full reflection. Try using RoboGuice annotation processor for better performance.
E/dalvikvm( 2687): Bogus static initialization: value type 23 in field type Ljava/lang/Object; for Lcom/google/inject/internal/util/SourceProvider; at index 1
E/dalvikvm( 2687): VM aborting
F/libc    ( 2687): Fatal signal 6 (SIGABRT) at 0x00000a7f (code=-6), thread 2687 (tivelanguage101)
I/DEBUG   ( 2659): *** *** *** *** *** *** *** *** *** *** *** *** *** *** *** ***
I/DEBUG   ( 2659): Build fingerprint: 'samsung/heroltektt/heroltektt:4.4.2/NRD90M/381180401:user/release-keys'
I/DEBUG   ( 2659): Revision: '0'
I/DEBUG   ( 2659): pid: 2687, tid: 2687, name: tivelanguage101  >>> com.innovativelanguage.innovativelanguage101 <<<
I/DEBUG   ( 2659): signal 6 (SIGABRT), code -6 (SI_TKILL), fault addr --------
I/DEBUG   ( 2659):     eax 00000000  ebx 00000a7f  ecx 00000a7f  edx 00000006
I/DEBUG   ( 2659):     esi 00000a7f  edi 00000002
I/DEBUG   ( 2659):     xcs 00000073  xds 0000007b  xes 0000007b  xfs 00000000  xss 0000007b
I/DEBUG   ( 2659):     eip b77080d6  ebp b7771ce0  esp bfb4a7d0  flags 00200207
I/DEBUG   ( 2659): 
I/DEBUG   ( 2659): backtrace:
I/DEBUG   ( 2659):     #00  pc 0003c0d6  /system/lib/libc.so (tgkill+22)
I/DEBUG   ( 2659):     #01  pc 00000005  <unknown>
I/DEBUG   ( 2659): 
I/DEBUG   ( 2659): stack:
I/DEBUG   ( 2659):          bfb4a790  00000000  
I/DEBUG   ( 2659):          bfb4a794  b776d268  /system/lib/libc.so
I/DEBUG   ( 2659):          bfb4a798  00000000  
I/DEBUG   ( 2659):          bfb4a79c  b76d9f39  /system/lib/libc.so (pthread_mutex_unlock+25)
I/DEBUG   ( 2659):          bfb4a7a0  b776d18c  /system/lib/libc.so
I/DEBUG   ( 2659):          bfb4a7a4  b95b1150  [heap]
I/DEBUG   ( 2659):          bfb4a7a8  00000015  
I/DEBUG   ( 2659):          bfb4a7ac  b4ee6c40  /system/lib/libdvm.so
I/DEBUG   ( 2659):          bfb4a7b0  00000000  
I/DEBUG   ( 2659):          bfb4a7b4  b7726926  /system/lib/libc.so (funlockfile+6)
I/DEBUG   ( 2659):          bfb4a7b8  b776cfcc  /system/lib/libc.so
I/DEBUG   ( 2659):          bfb4a7bc  b7712006  /system/lib/libc.so (__sflush_locked+150)
I/DEBUG   ( 2659):          bfb4a7c0  00000000  
I/DEBUG   ( 2659):          bfb4a7c4  00000000  
I/DEBUG   ( 2659):          bfb4a7c8  b76d9d69  /system/lib/libc.so (pthread_mutex_lock+9)
I/DEBUG   ( 2659):          bfb4a7cc  b776cfcc  /system/lib/libc.so
I/DEBUG   ( 2659):     #00  bfb4a7d0  00000006  
I/DEBUG   ( 2659):          bfb4a7d4  00000a7f  
I/DEBUG   ( 2659):          bfb4a7d8  b776cfcc  /system/lib/libc.so
I/DEBUG   ( 2659):          bfb4a7dc  b76e44a6  /system/lib/libc.so (pthread_kill+102)
I/DEBUG   ( 2659):          bfb4a7e0  00000a7f  
I/DEBUG   ( 2659):          bfb4a7e4  00000a7f  
I/DEBUG   ( 2659):          bfb4a7e8  00000006  
I/DEBUG   ( 2659):          bfb4a7ec  00000000  
I/DEBUG   ( 2659):          bfb4a7f0  b776d268  /system/lib/libc.so
I/DEBUG   ( 2659):          bfb4a7f4  94fb2ef8  /dev/ashmem/dalvik-heap (deleted)
I/DEBUG   ( 2659):          bfb4a7f8  b76e4449  /system/lib/libc.so (pthread_kill+9)
I/DEBUG   ( 2659):          bfb4a7fc  b776cfcc  /system/lib/libc.so
I/DEBUG   ( 2659):          bfb4a800  bfb4a84c  [stack]
I/DEBUG   ( 2659):          bfb4a804  bfb4aa80  [stack]
I/DEBUG   ( 2659):          bfb4a808  00000001  
I/DEBUG   ( 2659):          bfb4a80c  b76e482c  /system/lib/libc.so (raise+44)
I/BootReceiver(  478): Copying /data/tombstones/tombstone_01 to DropBox (SYSTEM_TOMBSTONE)
I/ActivityManager(  478): Process com.innovativelanguage.innovativelanguage101 (pid 2687) has died.
I/InputDispatcher(  478): Dropping event because there is no focused window or focused application.
W/NetworkManagementSocketTagger(  478): setKernelCountSet(10200, 0) failed with errno -13
W/ActivityManager(  478): Force removing ActivityRecord{4aa7530c u0 com.innovativelanguage.innovativelanguage101/com.ill.jp.activities.MainActivity t9}: app died, no saved state
W/InputManager(  478): Input event injection from pid 2422 failed.
I/InputDispatcher(  478): Dropping event because there is no focused window or focused application.
I/InputDispatcher(  478): Dropping event because there is no focused window or focused application.
I/InputDispatcher(  478): Dropping event because there is no focused window or focused application.
I/InputDispatcher(  478): Dropping event because there is no focused window or focused application.
I/InputDispatcher(  478): Dropping event because there is no focused window or focused application.
I/InputDispatcher(  478): Dropping event because there is no focused window or focused application.
W/InputManager(  478): Input event injection from pid 2422 failed.
W/InputManager(  478): Input event injection from pid 2422 failed.
W/InputManager(  478): Input event injection from pid 2422 failed.
W/InputManager(  478): Input event injection from pid 2422 failed.
W/InputManager(  478): Input event injection from pid 2422 failed.
W/InputManager(  478): Input event injection from pid 2422 failed.
I/InputDispatcher(  478): Dropping event because there is no focused window or focused application.
I/InputDispatcher(  478): Dropping event because there is no focused window or focused application.
I/InputDispatcher(  478): Dropping event because there is no focused window or focused application.
I/InputDispatcher(  478): Dropping event because there is no focused window or focused application.
I/InputDispatcher(  478): Dropping event because there is no focused window or focused application.
W/InputManager(  478): Input event injection from pid 2422 failed.
W/InputManager(  478): Input event injection from pid 2422 failed.
W/InputManager(  478): Input event injection from pid 2422 failed.
W/InputManager(  478): Input event injection from pid 2422 failed.
W/InputManager(  478): Input event injection from pid 2422 failed.
W/InputManager(  478): Input event injection from pid 2422 failed.
W/InputManager(  478): Input event injection from pid 2422 failed.
W/InputManager(  478): Input event injection from pid 2422 failed.
W/InputManager(  478): Input event injection from pid 2422 failed.
D/Zygote  (  167): Process 2687 terminated by signal (6)
I/InputDispatcher(  478): Dropping event because there is no focused window or focused application.
I/InputDispatcher(  478): Dropping event because there is no focused window or focused application.
I/InputDispatcher(  478): Dropping event because there is no focused window or focused application.
I/InputDispatcher(  478): Dropping event because there is no focused window or focused application.
I/InputDispatcher(  478): Dropping event because there is no focused window or focused application.
I/InputDispatcher(  478): Dropping event because there is no focused window or focused application.
I/InputDispatcher(  478): Dropping event because there is no focused window or focused application.
I/InputDispatcher(  478): Dropping event because there is no focused window or focused application.
I/InputDispatcher(  478): Dropping event because there is no focused window or focused application.
I/InputDispatcher(  478): Dropping event because there is no focused window or focused application.
I/InputDispatcher(  478): Dropping event because there is no focused window or focused application.
W/InputManager(  478): Input event injection from pid 2422 failed.
W/InputManager(  478): Input event injection from pid 2422 failed.
W/InputManager(  478): Input event injection from pid 2422 failed.
W/InputManager(  478): Input event injection from pid 2422 failed.
W/InputManager(  478): Input event injection from pid 2422 failed.
W/InputManager(  478): Input event injection from pid 2422 failed.
W/InputManager(  478): Input event injection from pid 2422 failed.
W/InputManager(  478): Input event injection from pid 2422 failed.
W/InputManager(  478): Input event injection from pid 2422 failed.
W/InputManager(  478): Input event injection from pid 2422 failed.
W/InputManager(  478): Input event injection from pid 2422 failed.
I/InputDispatcher(  478): Dropping event because there is no focused window or focused application.
I/InputDispatcher(  478): Dropping event because there is no focused window or focused application.
D/FirebaseApp(  682): Notifying background state change listeners.
I/InputDispatcher(  478): Dropping event because there is no focused window or focused application.
W/InputManager(  478): Input event injection from pid 2422 failed.
W/ActivityManager(  478): Force-killing crashed app com.innovativelanguage.innovativelanguage101 at watcher's request
W/ContextImpl(  478): Calling a method in the system process without a qualified user: android.app.ContextImpl.sendBroadcast:1123 com.android.server.am.ActivityManagerService.handleApplicationCrashInner:9670 com.android.server.am.NativeCrashListener$NativeCrashReporter.run:86 <bottom of call stack> <bottom of call stack> 
W/InputManager(  478): Input event injection from pid 2422 failed.
W/InputManager(  478): Input event injection from pid 2422 failed.
W/InputManager(  478): Input event injection from pid 2422 failed.
I/InputDispatcher(  478): Dropping event because there is no focused window or focused application.
I/InputDispatcher(  478): Dropping event because there is no focused window or focused application.
W/InputManager(  478): Input event injection from pid 2422 failed.
W/InputManager(  478): Input event injection from pid 2422 failed.
W/EGL_emulation(  682): eglSurfaceAttrib not implemented 3093 12436
W/ViewRootImpl(  682): Dropping event due to no window focus: KeyEvent { action=ACTION_DOWN, keyCode=KEYCODE_DPAD_CENTER, scanCode=0, metaState=0, flags=0x8, repeatCount=0, eventTime=112693, downTime=112693, deviceId=-1, source=0x101 }
W/InputMethodManagerService(  478): Window already focused, ignoring focus gain of: com.android.internal.view.IInputMethodClient$Stub$Proxy@4a9c41cc attribute=android.view.inputmethod.EditorInfo@4aadf170, token = android.os.BinderProxy@4aafd574
W/Launcher(  682): No global search activity found.
I/ActivityManager(  478): START u0 {act=android.intent.action.MAIN cat=[android.intent.category.HOME] flg=0x10200000 cmp=com.vphone.launcher/.Launcher} from pid 478
D/Launcher(  682): Folder info marked as open, but associated folder is not open. Screen: 1 (1, 2)
W/Launcher(  682): Opening folder (com.vphone.launcher.Folder{4ab43224 VFE..... ......I. 98,567-340,900}) which already has a parent (com.vphone.launcher.DragLayer{4aa28018 V.E..... ......I. 0,0-720,1280 #7f0f00f0 app:id/drag_layer}).
W/DebugConnManager(  682): getNetworkInfo() on networkType 1
W/ContextImpl(  682): Calling a method in the system process without a qualified user: android.app.ContextImpl.startActivity:1020 android.content.ContextWrapper.startActivity:311 com.vphone.launcher.utils.AppUtil.openByBrowser:1068 com.vphone.launcher.utils.AppUtil.b:1499 com.vphone.launcher.utils.AppUtil.onQsbClicked:1474 
W/ContextImpl(  682): Calling a method in the system process without a qualified user: android.app.ContextImpl.startActivity:1032 android.app.ContextImpl.startActivity:1021 android.content.ContextWrapper.startActivity:311 com.vphone.launcher.utils.AppUtil.openByBrowser:1068 com.vphone.launcher.utils.AppUtil.b:1499 
I/ActivityManager(  478): START u0 {act=android.intent.action.VIEW dat=https://www.bignox.com/gsearch/index?g=32c3adf2-4ef0-4bfa-9817-0931a0a194ab&a=2c56dc4e22148605&i=355325040445621&m=2C:56:DC:4E:22:14 flg=0x10000000 cmp=com.android.browser/.BrowserActivity} from pid 682
W/ContextImpl(  682): Calling a method in the system process without a qualified user: android.app.ContextImpl.bindService:1556 android.content.ContextWrapper.bindService:517 com.google.android.gms.common.stats.zzb.zza:-1 com.google.android.gms.common.stats.zzb.zza:-1 com.google.android.gms.ads.identifier.AdvertisingIdClient.zzh:-1 
W/Launcher(  682): No global search activity found.
W/PropertyValuesHolder(  682): Method setBrightness() with type int not found on target class class ph
W/PropertyValuesHolder(  682): Method getBrightness() with type int not found on target class class ph
I/ActivityManager(  478): START u0 {act=android.intent.action.MAIN cat=[android.intent.category.LAUNCHER] flg=0x10200000 cmp=com.android.browser/.BrowserActivity bnds=[8,388][149,618] (has extras)} from pid 682
W/ContextImpl(  682): Calling a method in the system process without a qualified user: android.app.ContextImpl.sendBroadcast:1137 android.content.ContextWrapper.sendBroadcast:370 com.vphone.launcher.Stats.recordLaunch:129 com.vphone.launcher.Launcher.c:3192 com.vphone.launcher.Launcher.onClickAppShortcut:3144 
W/PropertyValuesHolder(  682): Method setBrightness() with type int not found on target class class ph
W/PropertyValuesHolder(  682): Method getBrightness() with type int not found on target class class ph
I/ActivityManager(  478): START u0 {act=android.intent.action.MAIN cat=[android.intent.category.LAUNCHER] flg=0x10200000 cmp=com.android.camera/.Camera bnds=[431,388][572,618] (has extras)} from pid 682
W/ContextImpl(  682): Calling a method in the system process without a qualified user: android.app.ContextImpl.sendBroadcast:1137 android.content.ContextWrapper.sendBroadcast:370 com.vphone.launcher.Stats.recordLaunch:129 com.vphone.launcher.Launcher.c:3192 com.vphone.launcher.Launcher.onClickAppShortcut:3144 
D/dalvikvm(  682): GC_FOR_ALLOC freed 2234K, 20% free 11632K/14364K, paused 6ms, total 6ms
I/InputDispatcher(  478): Dropped event because of pending overdue app switch.
W/InputManager(  478): Input event injection from pid 2422 failed.
I/ActivityManager(  478): START u0 {act=android.intent.action.MAIN cat=[android.intent.category.LAUNCHER] flg=0x10200000 cmp=com.android.browser/.BrowserActivity bnds=[8,388][149,618] (has extras)} from pid 682
W/ContextImpl(  682): Calling a method in the system process without a qualified user: android.app.ContextImpl.sendBroadcast:1137 android.content.ContextWrapper.sendBroadcast:370 com.vphone.launcher.Stats.recordLaunch:129 com.vphone.launcher.Launcher.c:3192 com.vphone.launcher.Launcher.onClickAppShortcut:3144 
W/WindowManager(  478): updateFocusedWindowLocked, focusedAppToken is null.
W/ViewRootImpl(  478): Dropping event due to no window focus: KeyEvent { action=ACTION_DOWN, keyCode=KEYCODE_DPAD_DOWN, scanCode=0, metaState=0, flags=0x8, repeatCount=0, eventTime=113658, downTime=113658, deviceId=-1, source=0x101 }
W/ViewRootImpl(  478): Dropping event due to no window focus: KeyEvent { action=ACTION_DOWN, keyCode=KEYCODE_BUTTON_Y, scanCode=0, metaState=0, flags=0x8, repeatCount=0, eventTime=113680, downTime=113680, deviceId=-1, source=0x101 }
W/ViewRootImpl(  478): Dropping event due to no window focus: KeyEvent { action=ACTION_DOWN, keyCode=KEYCODE_BACK, scanCode=0, metaState=0, flags=0x8, repeatCount=0, eventTime=113680, downTime=113680, deviceId=-1, source=0x101 }
I/ActivityManager(  478): START u0 {act=android.intent.action.MAIN cat=[android.intent.category.LAUNCHER] flg=0x10200000 cmp=com.innovativelanguage.innovativelanguage101/com.ill.jp.activities.MainActivity} from pid 2422
D/dalvikvm(  478): GC_FOR_ALLOC freed 1422K, 17% free 9898K/11796K, paused 18ms, total 18ms
D/dalvikvm(  682): GC_FOR_ALLOC freed 1263K, 17% free 12322K/14724K, paused 17ms, total 17ms
I/ActivityManager(  478): START u0 {act=android.intent.action.MAIN cat=[android.intent.category.LAUNCHER] flg=0x10200000 cmp=com.innovativelanguage.innovativelanguage101/com.ill.jp.activities.MainActivity} from pid 2422
W/InputEventReceiver(  478): Attempted to finish an input event but the input event receiver has already been disposed.
W/InputEventReceiver(  478): Attempted to finish an input event but the input event receiver has already been disposed.
W/InputEventReceiver(  478): Attempted to finish an input event but the input event receiver has already been disposed.
W/InputEventReceiver(  478): Attempted to finish an input event but the input event receiver has already been disposed.
W/ViewRootImpl(  478): Dropping event due to root view being removed: MotionEvent { action=ACTION_MOVE, id[0]=0, x[0]=-18.0, y[0]=-252.49968, toolType[0]=TOOL_TYPE_UNKNOWN, buttonState=0, metaState=0, flags=0x0, edgeFlags=0x0, pointerCount=1, historySize=8, eventTime=113866, downTime=113857, deviceId=0, source=0x1002 }
W/ViewRootImpl(  478): Dropping event due to root view being removed: MotionEvent { action=ACTION_UP, id[0]=0, x[0]=-18.0, y[0]=-263.31927, toolType[0]=TOOL_TYPE_UNKNOWN, buttonState=0, metaState=0, flags=0x0, edgeFlags=0x0, pointerCount=1, historySize=0, eventTime=113868, downTime=113857, deviceId=0, source=0x1002 }
W/ViewRootImpl(  478): Dropping event due to root view being removed: MotionEvent { action=ACTION_DOWN, id[0]=0, x[0]=656.0, y[0]=324.0, toolType[0]=TOOL_TYPE_UNKNOWN, buttonState=0, metaState=0, flags=0x0, edgeFlags=0x0, pointerCount=1, historySize=0, eventTime=113878, downTime=113878, deviceId=0, source=0x1002 }
W/ViewRootImpl(  478): Dropping event due to root view being removed: MotionEvent { action=ACTION_UP, id[0]=0, x[0]=644.5458, y[0]=325.03778, toolType[0]=TOOL_TYPE_UNKNOWN, buttonState=0, metaState=0, flags=0x0, edgeFlags=0x0, pointerCount=1, historySize=0, eventTime=113879, downTime=113878, deviceId=0, source=0x1002 }
W/InputEventReceiver(  478): Attempted to finish an input event but the input event receiver has already been disposed.
W/InputEventReceiver(  478): Attempted to finish an input event but the input event receiver has already been disposed.
W/InputEventReceiver(  478): Attempted to finish an input event but the input event receiver has already been disposed.
D/dalvikvm(  682): GC_FOR_ALLOC freed 1069K, 16% free 13276K/15636K, paused 8ms, total 8ms
W/ViewRootImpl(  478): Dropping event due to root view being removed: MotionEvent { action=ACTION_DOWN, id[0]=0, x[0]=39.0, y[0]=-80.0, toolType[0]=TOOL_TYPE_UNKNOWN, buttonState=0, metaState=0, flags=0x0, edgeFlags=0x0, pointerCount=1, historySize=0, eventTime=113881, downTime=113881, deviceId=0, source=0x1002 }
W/ViewRootImpl(  478): Dropping event due to root view being removed: MotionEvent { action=ACTION_UP, id[0]=0, x[0]=41.730343, y[0]=-80.05072, toolType[0]=TOOL_TYPE_UNKNOWN, buttonState=0, metaState=0, flags=0x0, edgeFlags=0x0, pointerCount=1, historySize=0, eventTime=113882, downTime=113881, deviceId=0, source=0x1002 }
D/yeshen  (  682): launcher onpause
W/InputEventReceiver(  478): Attempted to finish an input event but the input event receiver has already been disposed.
W/ViewRootImpl(  478): Dropping event due to root view being removed: MotionEvent { action=ACTION_MOVE, id[0]=0, x[0]=1.0, y[0]=-5.0, toolType[0]=TOOL_TYPE_UNKNOWN, buttonState=0, metaState=0, flags=0x0, edgeFlags=0x0, pointerCount=1, historySize=9, eventTime=113877, downTime=-1, deviceId=0, source=0x10004 }
I/ActivityManager(  478): Start proc com.innovativelanguage.innovativelanguage101 for activity com.innovativelanguage.innovativelanguage101/com.ill.jp.activities.MainActivity: pid=2748 uid=10200 gids={50200, 3003, 1028, 1015, 1023, 3002}
I/dalvikvm( 2748): Enabling JNI app bug workarounds for target SDK version 10...
V/PhoneStatusBar(  534): setLightsOn(true)
W/NetworkManagementSocketTagger(  478): setKernelCountSet(10200, 1) failed with errno -13
I/dalvikvm( 2748): ignoring registerObject request in thread=1
I/dalvikvm( 2748): ignoring registerObject request in thread=1
W/Checkout( 2748): Default purchase verification procedure is used, please read https://github.com/serso/android-checkout#purchase-verification
V//InnovativeApplication.java:121( 2748): main Application: onCreate
D/roboguice.RoboGuice( 2748): Using full reflection. Try using RoboGuice annotation processor for better performance.
E/dalvikvm( 2748): Bogus static initialization: value type 23 in field type Ljava/lang/Object; for Lcom/google/inject/internal/util/SourceProvider; at index 1
E/dalvikvm( 2748): VM aborting
F/libc    ( 2748): Fatal signal 6 (SIGABRT) at 0x00000abc (code=-6), thread 2748 (tivelanguage101)
D/yeshen  (  682): launcher onstop
W/DebugConnManager(  682): getNetworkInfo() on networkType 1
D/FirebaseApp(  682): Notifying background state change listeners.
D/Tinker.DefaultAppLike(  682): onTrimMemory level:20
I/DEBUG   ( 2659): *** *** *** *** *** *** *** *** *** *** *** *** *** *** *** ***
I/DEBUG   ( 2659): Build fingerprint: 'samsung/heroltektt/heroltektt:4.4.2/NRD90M/381180401:user/release-keys'
I/DEBUG   ( 2659): Revision: '0'
I/DEBUG   ( 2659): pid: 2748, tid: 2748, name: tivelanguage101  >>> com.innovativelanguage.innovativelanguage101 <<<
I/DEBUG   ( 2659): signal 6 (SIGABRT), code -6 (SI_TKILL), fault addr --------
I/DEBUG   ( 2659):     eax 00000000  ebx 00000abc  ecx 00000abc  edx 00000006
I/DEBUG   ( 2659):     esi 00000abc  edi 00000002
I/DEBUG   ( 2659):     xcs 00000073  xds 0000007b  xes 0000007b  xfs 00000000  xss 0000007b
I/DEBUG   ( 2659):     eip b77080d6  ebp b7771ce0  esp bfb4a7d0  flags 00200207
I/DEBUG   ( 2659): 
I/DEBUG   ( 2659): backtrace:
I/DEBUG   ( 2659):     #00  pc 0003c0d6  /system/lib/libc.so (tgkill+22)
I/DEBUG   ( 2659):     #01  pc 00000005  <unknown>
I/DEBUG   ( 2659): 
I/DEBUG   ( 2659): stack:
I/DEBUG   ( 2659):          bfb4a790  00000000  
I/DEBUG   ( 2659):          bfb4a794  b776d268  /system/lib/libc.so
I/DEBUG   ( 2659):          bfb4a798  00000000  
I/DEBUG   ( 2659):          bfb4a79c  b76d9f39  /system/lib/libc.so (pthread_mutex_unlock+25)
I/DEBUG   ( 2659):          bfb4a7a0  b776d18c  /system/lib/libc.so
I/DEBUG   ( 2659):          bfb4a7a4  b95b1150  [heap]
I/DEBUG   ( 2659):          bfb4a7a8  00000015  
I/DEBUG   ( 2659):          bfb4a7ac  b4ee6c40  /system/lib/libdvm.so
I/DEBUG   ( 2659):          bfb4a7b0  00000000  
I/DEBUG   ( 2659):          bfb4a7b4  b7726926  /system/lib/libc.so (funlockfile+6)
I/DEBUG   ( 2659):          bfb4a7b8  b776cfcc  /system/lib/libc.so
I/DEBUG   ( 2659):          bfb4a7bc  b7712006  /system/lib/libc.so (__sflush_locked+150)
I/DEBUG   ( 2659):          bfb4a7c0  00000000  
I/DEBUG   ( 2659):          bfb4a7c4  00000000  
I/DEBUG   ( 2659):          bfb4a7c8  b76d9d69  /system/lib/libc.so (pthread_mutex_lock+9)
I/DEBUG   ( 2659):          bfb4a7cc  b776cfcc  /system/lib/libc.so
I/DEBUG   ( 2659):     #00  bfb4a7d0  00000006  
I/DEBUG   ( 2659):          bfb4a7d4  00000abc  
I/DEBUG   ( 2659):          bfb4a7d8  b776cfcc  /system/lib/libc.so
I/DEBUG   ( 2659):          bfb4a7dc  b76e44a6  /system/lib/libc.so (pthread_kill+102)
I/DEBUG   ( 2659):          bfb4a7e0  00000abc  
I/DEBUG   ( 2659):          bfb4a7e4  00000abc  
I/DEBUG   ( 2659):          bfb4a7e8  00000006  
I/DEBUG   ( 2659):          bfb4a7ec  00000000  
I/DEBUG   ( 2659):          bfb4a7f0  b776d268  /system/lib/libc.so
I/DEBUG   ( 2659):          bfb4a7f4  94fa87b8  /dev/ashmem/dalvik-heap (deleted)
I/DEBUG   ( 2659):          bfb4a7f8  b76e4449  /system/lib/libc.so (pthread_kill+9)
I/DEBUG   ( 2659):          bfb4a7fc  b776cfcc  /system/lib/libc.so
I/DEBUG   ( 2659):          bfb4a800  bfb4a84c  [stack]
I/DEBUG   ( 2659):          bfb4a804  bfb4aa80  [stack]
I/DEBUG   ( 2659):          bfb4a808  00000001  
I/DEBUG   ( 2659):          bfb4a80c  b76e482c  /system/lib/libc.so (raise+44)
I/BootReceiver(  478): Copying /data/tombstones/tombstone_08 to DropBox (SYSTEM_TOMBSTONE)
I/Process (  478): Sending signal. PID: 2748 SIG: 9
W/ActivityManager(  478): Force-killing crashed app com.innovativelanguage.innovativelanguage101 at watcher's request
I/ActivityManager(  478): Process com.innovativelanguage.innovativelanguage101 (pid 2748) has died.
W/NetworkManagementSocketTagger(  478): setKernelCountSet(10200, 0) failed with errno -13
I/dalvikvm( 2761): Enabling JNI app bug workarounds for target SDK version 10...
W/ContextImpl(  478): Calling a method in the system process without a qualified user: android.app.ContextImpl.sendBroadcast:1123 com.android.server.am.ActivityManagerService.handleApplicationCrashInner:9670 com.android.server.am.NativeCrashListener$NativeCrashReporter.run:86 <bottom of call stack> <bottom of call stack> 
I/ActivityManager(  478): Start proc com.innovativelanguage.innovativelanguage101 for activity com.innovativelanguage.innovativelanguage101/com.ill.jp.activities.MainActivity: pid=2761 uid=10200 gids={50200, 3003, 1028, 1015, 1023, 3002}
I/dalvikvm( 2761): ignoring registerObject request in thread=1
I/dalvikvm( 2761): ignoring registerObject request in thread=1
W/Checkout( 2761): Default purchase verification procedure is used, please read https://github.com/serso/android-checkout#purchase-verification
W/NetworkManagementSocketTagger(  478): setKernelCountSet(10200, 1) failed with errno -13
V//InnovativeApplication.java:121( 2761): main Application: onCreate
D/roboguice.RoboGuice( 2761): Using full reflection. Try using RoboGuice annotation processor for better performance.
D/Zygote  (  167): Process 2748 terminated by signal (6)
E/dalvikvm( 2761): Bogus static initialization: value type 23 in field type Ljava/lang/Object; for Lcom/google/inject/internal/util/SourceProvider; at index 1
E/dalvikvm( 2761): VM aborting
F/libc    ( 2761): Fatal signal 6 (SIGABRT) at 0x00000ac9 (code=-6), thread 2761 (tivelanguage101)
I/DEBUG   ( 2659): *** *** *** *** *** *** *** *** *** *** *** *** *** *** *** ***
I/DEBUG   ( 2659): Build fingerprint: 'samsung/heroltektt/heroltektt:4.4.2/NRD90M/381180401:user/release-keys'
I/DEBUG   ( 2659): Revision: '0'
I/DEBUG   ( 2659): pid: 2761, tid: 2761, name: tivelanguage101  >>> com.innovativelanguage.innovativelanguage101 <<<
I/DEBUG   ( 2659): signal 6 (SIGABRT), code -6 (SI_TKILL), fault addr --------
I/DEBUG   ( 2659):     eax 00000000  ebx 00000ac9  ecx 00000ac9  edx 00000006
I/DEBUG   ( 2659):     esi 00000ac9  edi 00000002
I/DEBUG   ( 2659):     xcs 00000073  xds 0000007b  xes 0000007b  xfs 00000000  xss 0000007b
I/DEBUG   ( 2659):     eip b77080d6  ebp b7771ce0  esp bfb4a7d0  flags 00200203
I/DEBUG   ( 2659): 
I/DEBUG   ( 2659): backtrace:
I/DEBUG   ( 2659):     #00  pc 0003c0d6  /system/lib/libc.so (tgkill+22)
I/DEBUG   ( 2659):     #01  pc 00000005  <unknown>
I/DEBUG   ( 2659): 
I/DEBUG   ( 2659): stack:
I/DEBUG   ( 2659):          bfb4a790  00000000  
I/DEBUG   ( 2659):          bfb4a794  b776d268  /system/lib/libc.so
I/DEBUG   ( 2659):          bfb4a798  00000000  
I/DEBUG   ( 2659):          bfb4a79c  b76d9f39  /system/lib/libc.so (pthread_mutex_unlock+25)
I/DEBUG   ( 2659):          bfb4a7a0  b776d18c  /system/lib/libc.so
I/DEBUG   ( 2659):          bfb4a7a4  b95b1150  [heap]
I/DEBUG   ( 2659):          bfb4a7a8  00000015  
I/DEBUG   ( 2659):          bfb4a7ac  b4ee6c40  /system/lib/libdvm.so
I/DEBUG   ( 2659):          bfb4a7b0  00000000  
I/DEBUG   ( 2659):          bfb4a7b4  b7726926  /system/lib/libc.so (funlockfile+6)
I/DEBUG   ( 2659):          bfb4a7b8  b776cfcc  /system/lib/libc.so
I/DEBUG   ( 2659):          bfb4a7bc  b7712006  /system/lib/libc.so (__sflush_locked+150)
I/DEBUG   ( 2659):          bfb4a7c0  00000000  
I/DEBUG   ( 2659):          bfb4a7c4  00000000  
I/DEBUG   ( 2659):          bfb4a7c8  b76d9d69  /system/lib/libc.so (pthread_mutex_lock+9)
I/DEBUG   ( 2659):          bfb4a7cc  b776cfcc  /system/lib/libc.so
I/DEBUG   ( 2659):     #00  bfb4a7d0  00000006  
I/DEBUG   ( 2659):          bfb4a7d4  00000ac9  
I/DEBUG   ( 2659):          bfb4a7d8  b776cfcc  /system/lib/libc.so
I/DEBUG   ( 2659):          bfb4a7dc  b76e44a6  /system/lib/libc.so (pthread_kill+102)
I/DEBUG   ( 2659):          bfb4a7e0  00000ac9  
I/DEBUG   ( 2659):          bfb4a7e4  00000ac9  
I/DEBUG   ( 2659):          bfb4a7e8  00000006  
I/DEBUG   ( 2659):          bfb4a7ec  00000000  
I/DEBUG   ( 2659):          bfb4a7f0  b776d268  /system/lib/libc.so
I/DEBUG   ( 2659):          bfb4a7f4  94fa9708  /dev/ashmem/dalvik-heap (deleted)
I/DEBUG   ( 2659):          bfb4a7f8  b76e4449  /system/lib/libc.so (pthread_kill+9)
I/DEBUG   ( 2659):          bfb4a7fc  b776cfcc  /system/lib/libc.so
I/DEBUG   ( 2659):          bfb4a800  bfb4a84c  [stack]
I/DEBUG   ( 2659):          bfb4a804  bfb4aa80  [stack]
I/DEBUG   ( 2659):          bfb4a808  00000001  
