--------- beginning of /dev/log/main
D/AndroidRuntime( 4783): 
D/AndroidRuntime( 4783): >>>>>> AndroidRuntime START com.android.internal.os.RuntimeInit <<<<<<
D/AndroidRuntime( 4783): CheckJNI is OFF
D/dalvikvm( 4783): Using executionMode 2
D/dalvikvm( 4783): Trying to load lib libjavacore.so 0x0
D/dalvikvm( 4783): Added shared lib libjavacore.so 0x0
D/dalvikvm( 4783): Trying to load lib libnativehelper.so 0x0
D/dalvikvm( 4783): Added shared lib libnativehelper.so 0x0
D/dalvikvm( 4783): No JNI_OnLoad found in libnativehelper.so 0x0, skipping init
D/dalvikvm( 4783): Note: class Landroid/app/ActivityManagerNative; has 179 unimplemented (abstract) methods
E/memtrack( 4783): Couldn't load memtrack module (No such file or directory)
E/android.os.Debug( 4783): failed to load memtrack module: -2
D/AndroidRuntime( 4783): Calling main entry com.android.commands.monkey.Monkey
--------- beginning of /dev/log/system
W/BroadcastQueue(  478): Skipping deliver [background] BroadcastRecord{4aab56d8 u-1 android.net.conn.CONNECTIVITY_CHANGE} to ReceiverList{4a990b38 4783 (unknown name)/0/u-1 remote:4a99f878}: process crashing
I/ActivityManager(  478): START u0 {act=android.intent.action.MAIN cat=[android.intent.category.LAUNCHER] flg=0x10200000 cmp=com.Proativa.ProDeafMovel/.UnityPlayerActivity} from pid 4783
D/yeshen  (  682): launcher onpause
I/ActivityManager(  478): Start proc com.Proativa.ProDeafMovel for activity com.Proativa.ProDeafMovel/.UnityPlayerActivity: pid=4793 uid=10205 gids={50205, 3003, 1028, 1015, 1023}
E/SurfaceFlinger(  166): glCheckFramebufferStatusOES error 36054
E/SurfaceFlinger(  166): got GL_FRAMEBUFFER_COMPLETE_OES error while taking screenshot
D/SurfaceFlinger(  166): setOrientation, mFbdev=0xb885b050, mFbDev->setOrientation=0xb69fdce0, orientation=3
I/gralloc_nox(  166): setOrientation: orientation=3
I/ActivityManager(  478): Config changes=480 {1.0 310mcc16mnc en_US ldltr sw480dp w480dp h828dp 240dpi lrg long port finger qwerty/v/v dpad/v s.15}
D/Sensors (  478): Client connection accepted (185)
D/PhoneStatusBar(  534): mSettingsPanelGravity = 55
D/Tinker.DefaultAppLike(  682): onConfigurationChanged:{1.0 310mcc16mnc en_US ldltr sw480dp w480dp h828dp 240dpi lrg long port finger qwerty/v/v dpad/v s.15}
W/NetworkManagementSocketTagger(  478): setKernelCountSet(10205, 1) failed with errno -13
D/yeshen  (  682): launcher onstop
I/dalvikvm( 4793): ignoring registerObject request in thread=1
I/dalvikvm( 4793): ignoring registerObject request in thread=1
W/DebugConnManager(  682): getNetworkInfo() on networkType 1
D/dalvikvm( 4793): Trying to load lib /data/app-lib/com.Proativa.ProDeafMovel-1/libmain.so 0x94faadc0
D/dalvikvm( 4793): Added shared lib /data/app-lib/com.Proativa.ProDeafMovel-1/libmain.so 0x94faadc0
D/dalvikvm(  534): GC_FOR_ALLOC freed 730K, 28% free 10446K/14440K, paused 7ms, total 8ms
I/dalvikvm-heap(  534): Grow heap (frag case) to 16.510MB for 6553612-byte allocation
D/dalvikvm(  534): GC_FOR_ALLOC freed 3K, 20% free 16843K/20844K, paused 5ms, total 5ms
D/dalvikvm(  534): GC_CONCURRENT freed <1K, 20% free 16843K/20844K, paused 0ms+2ms, total 24ms
D/FirebaseApp(  682): Notifying background state change listeners.
D/Tinker.DefaultAppLike(  682): onTrimMemory level:20
I/dalvikvm( 4793): Could not find method android.content.res.TypedArray.getChangingConfigurations, referenced from method android.support.v7.internal.widget.TintTypedArray.getChangingConfigurations
W/dalvikvm( 4793): VFY: unable to resolve virtual method 456: Landroid/content/res/TypedArray;.getChangingConfigurations ()I
D/dalvikvm( 4793): VFY: replacing opcode 0x6e at 0x0002
I/dalvikvm( 4793): Could not find method android.content.res.TypedArray.getType, referenced from method android.support.v7.internal.widget.TintTypedArray.getType
W/dalvikvm( 4793): VFY: unable to resolve virtual method 478: Landroid/content/res/TypedArray;.getType (I)I
D/dalvikvm( 4793): VFY: replacing opcode 0x6e at 0x0002
D/dalvikvm( 4793): JIT code cache reset in 0 ms (0 bytes 1/0)
D/dalvikvm( 4793): GC_CONCURRENT freed 198K, 8% free 3004K/3264K, paused 5ms+3ms, total 12ms
D/dalvikvm( 4793): GC_FOR_ALLOC freed 33K, 5% free 3186K/3336K, paused 2ms, total 2ms
I/dalvikvm-heap( 4793): Grow heap (frag case) to 3.686MB for 543564-byte allocation
D/dalvikvm( 4793): GC_CONCURRENT freed 1K, 4% free 3716K/3868K, paused 2ms+0ms, total 6ms
D/dalvikvm( 4793): WAIT_FOR_CONCURRENT_GC blocked 3ms
D/dalvikvm( 4793): GC_FOR_ALLOC freed 6K, 4% free 3768K/3924K, paused 2ms, total 2ms
I/dalvikvm-heap( 4793): Grow heap (frag case) to 4.342MB for 635808-byte allocation
D/dalvikvm( 4793): GC_CONCURRENT freed <1K, 4% free 4389K/4548K, paused 0ms+1ms, total 4ms
D/dalvikvm( 4793): WAIT_FOR_CONCURRENT_GC blocked 5ms
D/dalvikvm( 4793): WAIT_FOR_CONCURRENT_GC blocked 5ms
I/ProDeafMovelTag( 4793): 720x1220
D/dalvikvm( 4793): GC_CONCURRENT freed 144K, 5% free 4706K/4908K, paused 0ms+0ms, total 5ms
I/InputReader(  478): Reconfiguring input devices.  changes=0x00000004
I/InputReader(  478): Device reconfigured: id=1, name='seamless mouse', size 1280x720, orientation 3, mode 1, display id 0
I/InputReader(  478): Device reconfigured: id=3, name='Android Input', size 1280x720, orientation 3, mode 1, display id 0
I/InputReader(  478): Device reconfigured: id=8, name='VirtualBox USB Tablet', size 1280x720, orientation 3, mode 1, display id 0
D/dalvikvm( 4793): GC_CONCURRENT freed 176K, 5% free 5045K/5284K, paused 2ms+0ms, total 6ms
D/dalvikvm( 4793): GC_CONCURRENT freed 263K, 6% free 5438K/5768K, paused 0ms+3ms, total 8ms
W/EGL_emulation(  534): eglSurfaceAttrib not implemented 3093 12436
D/libEGL  ( 4793): loaded /system/lib/egl/libEGL_adreno.so
D/        ( 4793): HostConnection::get() New Host Connection established 0xb9936680, tid 4793
D/libEGL  ( 4793): loaded /system/lib/egl/libGLESv1_CM_adreno.so
D/libEGL  ( 4793): loaded /system/lib/egl/libGLESv2_adreno.so
W/EGL_emulation( 4793): eglSurfaceAttrib not implemented 3093 12436
D/OpenGLRenderer( 4793): Enabling debug mode 0
I/ActivityManager(  478): Displayed com.Proativa.ProDeafMovel/.UnityPlayerActivity: +828ms
W/IInputConnectionWrapper(  682): showStatusIcon on inactive InputConnection
D/dalvikvm( 4793): GC_CONCURRENT freed 587K, 11% free 5635K/6284K, paused 1ms+1ms, total 23ms
W/ContextImpl(  478): Calling a method in the system process without a qualified user: android.app.ContextImpl.sendBroadcast:1123 com.android.server.InputMethodManagerService.hideCurrentInputLocked:1880 com.android.server.InputMethodManagerService.windowGainedFocus:1968 com.android.internal.view.IInputMethodManager$Stub.onTransact:221 com.android.server.InputMethodManagerService.onTransact:818 
I/WindowManager(  478): Screen frozen for +860ms due to Window{4aaa0230 u0 com.Proativa.ProDeafMovel/com.Proativa.ProDeafMovel.UnityPlayerActivity}
D/        ( 4793): HostConnection::get() New Host Connection established 0xb99b7760, tid 4806
E/EGL_emulation( 4793): [eglGetConfigAttrib] Bad attribute idx 12513
E/EGL_emulation( 4793): tid 4806: eglGetConfigAttrib(741): error 0x3004 (EGL_BAD_ATTRIBUTE)
E/EGL_emulation( 4793): [eglGetConfigAttrib] Bad attribute idx 12514
E/EGL_emulation( 4793): tid 4806: eglGetConfigAttrib(741): error 0x3004 (EGL_BAD_ATTRIBUTE)
E/EGL_emulation( 4793): [eglGetConfigAttrib] Bad attribute idx 12615
E/EGL_emulation( 4793): tid 4806: eglGetConfigAttrib(741): error 0x3004 (EGL_BAD_ATTRIBUTE)
D/Unity   ( 4793): GL_EXT_debug_marker GL_OES_EGL_image GL_OES_depth24 GL_OES_depth32 GL_OES_element_index_uint GL_OES_texture_float GL_OES_texture_float_linear GL_EXT_texture_format_BGRA8888 GL_OES_compressed_paletted_texture GL_OES_compressed_ETC1_RGB8_texture GL_OES_depth_texture GL_OES_texture_half_float GL_OES_texture_half_float_linear GL_OES_packed_depth_stencil GL_OES_vertex_half_float GL_OES_EGL_image_external GL_IMG_texture_compression_pvrtc GL_EXT_color_buffer_half_float
I/WearableService(  656): Wearable Services stopping
W/libc    ( 4793): pthread_create sched_setscheduler call failed: Operation not permitted
V/PanelView(  534): animationTick called with dtms=0; nothing to do (h=0.0 v=-0.0)
I/ActivityManager(  478): START u0 {act=android.intent.action.MAIN cat=[android.intent.category.LAUNCHER] flg=0x10200000 cmp=com.Proativa.ProDeafMovel/.UnityPlayerActivity} from pid 4783
I/Choreographer( 4793): Skipped 62 frames!  The application may be doing too much work on its main thread.
I/ActivityManager(  478): START u0 {act=android.intent.action.MAIN cat=[android.intent.category.LAUNCHER] flg=0x10200000 cmp=com.Proativa.ProDeafMovel/.UnityPlayerActivity} from pid 4783
D/dalvikvm(  478): GC_EXPLICIT freed 616K, 16% free 15169K/17940K, paused 1ms+1ms, total 18ms
I/Choreographer( 4793): Skipped 59 frames!  The application may be doing too much work on its main thread.
D/dalvikvm( 4793): GC_FOR_ALLOC freed 296K, 11% free 5677K/6344K, paused 4ms, total 6ms
I/dalvikvm-heap( 4793): Grow heap (frag case) to 5.975MB for 392548-byte allocation
D/dalvikvm( 4793): GC_FOR_ALLOC freed 6K, 11% free 6054K/6728K, paused 4ms, total 6ms
V/PanelView(  534): animationTick called with dtms=0; nothing to do (h=0.0 v=0.0)
I/Unity   ( 4793): Looking for bones in Avtr_JD2015(Clone)
I/Unity   ( 4793):  
I/Unity   ( 4793): (Filename: ./artifacts/generated/common/runtime/UnityEngineDebugBindings.gen.cpp Line: 37)
I/Unity   ( 4793): 
V/PanelView(  534): animationTick called with dtms=0; nothing to do (h=0.0 v=-0.0)
I/Unity   ( 4793): Initializing Google Analytics 0.1.
I/Unity   ( 4793):  
I/Unity   ( 4793): (Filename: ./artifacts/generated/common/runtime/UnityEngineDebugBindings.gen.cpp Line: 37)
I/Unity   ( 4793): 
I/Unity   ( 4793): Initializing Google Analytics Android Tracker.
I/Unity   ( 4793):  
I/Unity   ( 4793): (Filename: ./artifacts/generated/common/runtime/UnityEngineDebugBindings.gen.cpp Line: 37)
I/Unity   ( 4793): 
I/ActivityManager(  478): START u0 {act=android.intent.action.MAIN cat=[android.intent.category.HOME] flg=0x10200000 cmp=com.vphone.launcher/.Launcher} from pid 478
I/ActivityManager(  478): START u0 {act=android.intent.action.MAIN cat=[android.intent.category.HOME] flg=0x10200000 cmp=com.vphone.launcher/.Launcher} from pid 478
D/dalvikvm(  478): GC_FOR_ALLOC freed 1453K, 16% free 15307K/18152K, paused 11ms, total 11ms
I/InputDispatcher(  478): Dropped event because of pending overdue app switch.
W/InputManager(  478): Input event injection from pid 4783 failed.
D/dalvikvm( 4793): GC_CONCURRENT freed 994K, 15% free 6070K/7124K, paused 1ms+6ms, total 31ms
I/ActivityManager(  478): START u0 {act=android.intent.action.MAIN cat=[android.intent.category.LAUNCHER] flg=0x10200000 cmp=com.Proativa.ProDeafMovel/.UnityPlayerActivity} from pid 4783
I/ActivityManager(  478): START u0 {act=android.intent.action.MAIN cat=[android.intent.category.HOME] flg=0x10200000 cmp=com.vphone.launcher/.Launcher} from pid 478
V/PanelView(  534): animationTick called with dtms=0; nothing to do (h=0.0 v=0.0)
I/ActivityManager(  478): START u0 {act=android.intent.action.MAIN cat=[android.intent.category.LAUNCHER] flg=0x10200000 cmp=com.Proativa.ProDeafMovel/.UnityPlayerActivity} from pid 4783
W/WindowManager(  478): updateFocusedWindowLocked, focusedAppToken is null.
W/ViewRootImpl(  534): Dropping event due to no window focus: KeyEvent { action=ACTION_DOWN, keyCode=KEYCODE_DPAD_CENTER, scanCode=0, metaState=0, flags=0x8, repeatCount=0, eventTime=245137, downTime=245137, deviceId=-1, source=0x101 }
W/ContextImpl(  478): Calling a method in the system process without a qualified user: android.app.ContextImpl.sendBroadcast:1123 com.android.server.InputMethodManagerService.hideCurrentInputLocked:1880 com.android.server.InputMethodManagerService.windowGainedFocus:1968 com.android.internal.view.IInputMethodManager$Stub.onTransact:221 com.android.server.InputMethodManagerService.onTransact:818 
W/InputEventReceiver(  534): Attempted to finish an input event but the input event receiver has already been disposed.
W/InputEventReceiver(  534): Attempted to finish an input event but the input event receiver has already been disposed.
W/InputEventReceiver(  534): Attempted to finish an input event but the input event receiver has already been disposed.
W/InputEventReceiver(  534): Attempted to finish an input event but the input event receiver has already been disposed.
W/ViewRootImpl(  534): Dropping event due to root view being removed: MotionEvent { action=ACTION_UP, id[0]=0, x[0]=62.956497, y[0]=-194.91843, toolType[0]=TOOL_TYPE_UNKNOWN, buttonState=0, metaState=0, flags=0x0, edgeFlags=0x0, pointerCount=1, historySize=0, eventTime=245164, downTime=245162, deviceId=0, source=0x1002 }
W/ViewRootImpl(  534): Dropping event due to root view being removed: MotionEvent { action=ACTION_DOWN, id[0]=0, x[0]=305.0, y[0]=-41.0, toolType[0]=TOOL_TYPE_UNKNOWN, buttonState=0, metaState=0, flags=0x0, edgeFlags=0x0, pointerCount=1, historySize=0, eventTime=245166, downTime=245165, deviceId=0, source=0x1002 }
W/ViewRootImpl(  534): Dropping event due to root view being removed: MotionEvent { action=ACTION_MOVE, id[0]=0, x[0]=387.86185, y[0]=61.460754, toolType[0]=TOOL_TYPE_UNKNOWN, buttonState=0, metaState=0, flags=0x0, edgeFlags=0x0, pointerCount=1, historySize=6, eventTime=245175, downTime=245165, deviceId=0, source=0x1002 }
W/InputManager(  478): Input event injection from pid 4783 failed.
W/ContextImpl(  478): Calling a method in the system process without a qualified user: android.app.ContextImpl.sendBroadcast:1123 com.android.server.InputMethodManagerService.hideCurrentInputLocked:1880 com.android.server.InputMethodManagerService.windowGainedFocus:1968 com.android.internal.view.IInputMethodManager$Stub.onTransact:221 com.android.server.InputMethodManagerService.onTransact:818 
D/dalvikvm(  478): GC_FOR_ALLOC freed 1696K, 17% free 15337K/18364K, paused 12ms, total 14ms
I/ActivityManager(  478): START u0 {act=com.android.systemui.recent.action.TOGGLE_RECENTS flg=0x10800000 cmp=com.android.systemui/.recent.RecentsActivity (has extras)} from pid 534
I/ActivityManager(  478): START u0 {act=android.intent.action.MAIN cat=[android.intent.category.HOME] flg=0x10200000 cmp=com.vphone.launcher/.Launcher} from pid 478
I/ActivityManager(  478): START u0 {act=android.intent.action.MAIN cat=[android.intent.category.LAUNCHER] flg=0x10200000 cmp=com.Proativa.ProDeafMovel/.UnityPlayerActivity} from pid 4783
I/InputDispatcher(  478): Dropped event because of pending overdue app switch.
W/InputManager(  478): Input event injection from pid 4783 failed.
I/ActivityManager(  478): START u0 {act=android.intent.action.MAIN cat=[android.intent.category.LAUNCHER] flg=0x10000000 sel={act=android.intent.action.MAIN cat=[android.intent.category.APP_CALENDAR]}} from pid 478
I/ActivityManager(  478): START u0 {act=android.intent.action.MAIN cat=[android.intent.category.LAUNCHER] flg=0x10200000 cmp=com.Proativa.ProDeafMovel/.UnityPlayerActivity} from pid 4783
I/ActivityManager(  478): START u0 {act=android.intent.action.MAIN cat=[android.intent.category.LAUNCHER] flg=0x10200000 cmp=com.Proativa.ProDeafMovel/.UnityPlayerActivity} from pid 4783
D/BluetoothAdapter(  616): 1249747512: getState() :  mService = null. Returning STATE_OFF
W/WindowManager(  478): updateFocusedWindowLocked, focusedAppToken is null.
W/ViewRootImpl(  534): Dropping event due to no window focus: KeyEvent { action=ACTION_DOWN, keyCode=KEYCODE_DPAD_DOWN, scanCode=0, metaState=0, flags=0x8, repeatCount=0, eventTime=247057, downTime=247057, deviceId=-1, source=0x101 }
W/InputMethodManagerService(  478): Starting input on non-focused client com.android.internal.view.IInputMethodClient$Stub$Proxy@4aa49310 (uid=10205 pid=4793)
W/ContextImpl(  478): Calling a method in the system process without a qualified user: android.app.ContextImpl.sendBroadcast:1123 com.android.server.InputMethodManagerService.hideCurrentInputLocked:1880 com.android.server.InputMethodManagerService.windowGainedFocus:1968 com.android.internal.view.IInputMethodManager$Stub.onTransact:221 com.android.server.InputMethodManagerService.onTransact:818 
W/InputMethodManagerService(  478): Starting input on non-focused client com.android.internal.view.IInputMethodClient$Stub$Proxy@4aa49310 (uid=10205 pid=4793)
W/InputEventReceiver(  534): Attempted to finish an input event but the input event receiver has already been disposed.
W/InputManager(  478): Input event injection from pid 4783 failed.
W/ContextImpl(  478): Calling a method in the system process without a qualified user: android.app.ContextImpl.sendBroadcast:1123 com.android.server.InputMethodManagerService.hideCurrentInputLocked:1880 com.android.server.InputMethodManagerService.windowGainedFocus:1968 com.android.internal.view.IInputMethodManager$Stub.onTransact:221 com.android.server.InputMethodManagerService.onTransact:818 
W/InputManager(  478): Input event injection from pid 4783 failed.
W/InputManager(  478): Input event injection from pid 4783 failed.
W/InputManager(  478): Input event injection from pid 4783 failed.
I/ActivityManager(  478): START u0 {act=android.intent.action.MAIN cat=[android.intent.category.LAUNCHER] flg=0x10000000 sel={act=android.intent.action.MAIN cat=[android.intent.category.APP_EMAIL]}} from pid 478
I/ActivityManager(  478): START u0 {act=android.intent.action.MAIN cat=[android.intent.category.LAUNCHER] flg=0x10000000 sel={act=android.intent.action.MAIN cat=[android.intent.category.APP_EMAIL]}} from pid 478
V/PanelView(  534): animationTick called with dtms=0; nothing to do (h=0.0 v=0.0)
V/PanelView(  534): animationTick called with dtms=-1; nothing to do (h=0.0 v=0.0)
I/ActivityManager(  478): START u0 {act=android.intent.action.MAIN cat=[android.intent.category.LAUNCHER] flg=0x10200000 cmp=com.Proativa.ProDeafMovel/.UnityPlayerActivity} from pid 4783
I/ActivityManager(  478): START u0 {act=android.intent.action.MAIN cat=[android.intent.category.LAUNCHER] flg=0x10000000 cmp=com.android.contacts/.activities.PeopleActivity sel={act=android.intent.action.MAIN cat=[android.intent.category.APP_CONTACTS]}} from pid 478
V/PanelView(  534): animationTick called with dtms=0; nothing to do (h=0.0 v=-0.0)
I/ActivityManager(  478): START u0 {act=android.intent.action.MAIN cat=[android.intent.category.LAUNCHER] flg=0x10200000 cmp=com.Proativa.ProDeafMovel/.UnityPlayerActivity} from pid 4783
W/DebugConnManager(  682): getNetworkInfo() on networkType 1
I/ActivityManager(  478): START u0 {act=android.intent.action.MAIN cat=[android.intent.category.LAUNCHER] flg=0x10200000 cmp=com.Proativa.ProDeafMovel/.UnityPlayerActivity} from pid 4783
I/ActivityManager(  478): START u0 {act=android.intent.action.MAIN cat=[android.intent.category.LAUNCHER] flg=0x10200000 cmp=com.Proativa.ProDeafMovel/.UnityPlayerActivity} from pid 4783
V/PanelView(  534): animationTick called with dtms=0; nothing to do (h=0.0 v=0.0)
I/ActivityManager(  478): START u0 {act=android.intent.action.MAIN cat=[android.intent.category.LAUNCHER] flg=0x10200000 cmp=com.Proativa.ProDeafMovel/.UnityPlayerActivity} from pid 4783
I/ActivityManager(  478): START u0 {act=android.intent.action.MAIN cat=[android.intent.category.LAUNCHER] flg=0x10200000 cmp=com.Proativa.ProDeafMovel/.UnityPlayerActivity} from pid 4783
I/ActivityManager(  478): START u0 {act=android.intent.action.MAIN cat=[android.intent.category.LAUNCHER] flg=0x10200000 cmp=com.Proativa.ProDeafMovel/.UnityPlayerActivity} from pid 4783
I/ActivityManager(  478): START u0 {act=android.intent.action.MAIN cat=[android.intent.category.LAUNCHER] flg=0x10200000 cmp=com.Proativa.ProDeafMovel/.UnityPlayerActivity} from pid 4783
I/ActivityManager(  478): START u0 {act=android.intent.action.MAIN cat=[android.intent.category.LAUNCHER] flg=0x10200000 cmp=com.Proativa.ProDeafMovel/.UnityPlayerActivity} from pid 4783
I/ActivityManager(  478): START u0 {act=android.intent.action.MAIN cat=[android.intent.category.LAUNCHER] flg=0x10200000 cmp=com.Proativa.ProDeafMovel/.UnityPlayerActivity} from pid 4783
D/dalvikvm(  478): GC_FOR_ALLOC freed 1929K, 17% free 15411K/18364K, paused 17ms, total 18ms
I/ActivityManager(  478): START u0 {act=android.intent.action.MAIN cat=[android.intent.category.HOME] flg=0x10200000 cmp=com.vphone.launcher/.Launcher} from pid 478
I/ActivityManager(  478): START u0 {act=android.intent.action.MAIN cat=[android.intent.category.LAUNCHER] flg=0x10200000 cmp=com.Proativa.ProDeafMovel/.UnityPlayerActivity} from pid 4783
I/InputDispatcher(  478): Dropped event because of pending overdue app switch.
W/InputManager(  478): Input event injection from pid 4783 failed.
I/ActivityManager(  478): START u0 {act=android.intent.action.MAIN cat=[android.intent.category.LAUNCHER] flg=0x10200000 cmp=com.Proativa.ProDeafMovel/.UnityPlayerActivity} from pid 4783
V/PanelView(  534): animationTick called with dtms=0; nothing to do (h=0.0 v=-0.0)
V/PanelView(  534): animationTick called with dtms=0; nothing to do (h=0.0 v=-0.0)
I/ActivityManager(  478): START u0 {act=android.intent.action.MAIN cat=[android.intent.category.LAUNCHER] flg=0x10200000 cmp=com.Proativa.ProDeafMovel/.UnityPlayerActivity} from pid 4783
I/ActivityManager(  478): START u0 {act=android.intent.action.MAIN cat=[android.intent.category.LAUNCHER] flg=0x10200000 cmp=com.Proativa.ProDeafMovel/.UnityPlayerActivity} from pid 4783
I/ActivityManager(  478): START u0 {act=android.intent.action.MAIN cat=[android.intent.category.LAUNCHER] flg=0x10000000 sel={act=android.intent.action.MAIN cat=[android.intent.category.APP_MUSIC]}} from pid 478
I/ActivityManager(  478): START u0 {act=android.intent.action.MAIN cat=[android.intent.category.HOME] flg=0x10200000 cmp=com.vphone.launcher/.Launcher} from pid 478
E/InputEventSender( 4793): Exception dispatching finished signal.
E/MessageQueue-JNI( 4793): Exception in MessageQueue callback: handleReceiveCallback
E/MessageQueue-JNI( 4793): java.lang.NullPointerException
E/MessageQueue-JNI( 4793): 	at com.Proativa.ProDeafMovel.UI.Fragments.DictionaryFragment.Fill(DictionaryFragment.java:118)
E/MessageQueue-JNI( 4793): 	at com.Proativa.ProDeafMovel.UI.Fragments.DictionaryFragment.onCreateView(DictionaryFragment.java:75)
E/MessageQueue-JNI( 4793): 	at android.support.v4.app.Fragment.performCreateView(Fragment.java:1786)
E/MessageQueue-JNI( 4793): 	at android.support.v4.app.FragmentManagerImpl.moveToState(FragmentManager.java:947)
E/MessageQueue-JNI( 4793): 	at android.support.v4.app.FragmentManagerImpl.moveToState(FragmentManager.java:1126)
E/MessageQueue-JNI( 4793): 	at android.support.v4.app.BackStackRecord.run(BackStackRecord.java:739)
E/MessageQueue-JNI( 4793): 	at android.support.v4.app.FragmentManagerImpl.execPendingActions(FragmentManager.java:1489)
E/MessageQueue-JNI( 4793): 	at android.support.v4.app.FragmentManagerImpl.executePendingTransactions(FragmentManager.java:486)
E/MessageQueue-JNI( 4793): 	at com.Proativa.ProDeafMovel.UI.ScreenManager.GetFragment(ScreenManager.java:397)
E/MessageQueue-JNI( 4793): 	at com.Proativa.ProDeafMovel.UI.ScreenManager.ConfigureInternalScreen(ScreenManager.java:85)
E/MessageQueue-JNI( 4793): 	at com.Proativa.ProDeafMovel.UnityPlayerActivity.ConfigureInternalScreen(UnityPlayerActivity.java:598)
E/MessageQueue-JNI( 4793): 	at com.Proativa.ProDeafMovel.UnityPlayerActivity.onNavigationDrawerItemSelected(UnityPlayerActivity.java:809)
E/MessageQueue-JNI( 4793): 	at com.Proativa.ProDeafMovel.NavigationDrawerFragment.selectItem(NavigationDrawerFragment.java:255)
E/MessageQueue-JNI( 4793): 	at com.Proativa.ProDeafMovel.NavigationDrawerFragment.access$000(NavigationDrawerFragment.java:35)
E/MessageQueue-JNI( 4793): 	at com.Proativa.ProDeafMovel.NavigationDrawerFragment$1.onItemClick(NavigationDrawerFragment.java:113)
E/MessageQueue-JNI( 4793): 	at android.widget.AdapterView.performItemClick(AdapterView.java:299)
E/MessageQueue-JNI( 4793): 	at android.widget.AbsListView.performItemClick(AbsListView.java:1113)
E/MessageQueue-JNI( 4793): 	at android.widget.AbsListView.onKeyUp(AbsListView.java:3045)
E/MessageQueue-JNI( 4793): 	at android.widget.ListView.commonKey(ListView.java:2265)
E/MessageQueue-JNI( 4793): 	at android.widget.ListView.onKeyUp(ListView.java:2120)
E/MessageQueue-JNI( 4793): 	at android.view.KeyEvent.dispatch(KeyEvent.java:2664)
E/MessageQueue-JNI( 4793): 	at android.view.View.dispatchKeyEvent(View.java:7665)
E/MessageQueue-JNI( 4793): 	at android.view.ViewGroup.dispatchKeyEvent(ViewGroup.java:1403)
E/MessageQueue-JNI( 4793): 	at android.widget.ListView.dispatchKeyEvent(ListView.java:2095)
E/MessageQueue-JNI( 4793): 	at android.view.ViewGroup.dispatchKeyEvent(ViewGroup.java:1408)
E/MessageQueue-JNI( 4793): 	at android.view.ViewGroup.dispatchKeyEvent(ViewGroup.java:1408)
E/MessageQueue-JNI( 4793): 	at android.view.ViewGroup.dispatchKeyEvent(ViewGroup.java:1408)
E/MessageQueue-JNI( 4793): 	at android.view.ViewGroup.dispatchKeyEvent(ViewGroup.java:1408)
E/MessageQueue-JNI( 4793): 	at android.view.ViewGroup.dispatchKeyEvent(ViewGroup.java:1408)
E/MessageQueue-JNI( 4793): 	at android.view.ViewGroup.dispatchKeyEvent(ViewGroup.java:1408)
E/MessageQueue-JNI( 4793): 	at android.view.ViewGroup.dispatchKeyEvent(ViewGroup.java:1408)
E/MessageQueue-JNI( 4793): 	at android.view.ViewGroup.dispatchKeyEvent(ViewGroup.java:1408)
E/MessageQueue-JNI( 4793): 	at com.android.internal.policy.impl.PhoneWindow$DecorView.superDispatchKeyEvent(PhoneWindow.java:2035)
E/MessageQueue-JNI( 4793): 	at com.android.internal.policy.impl.PhoneWindow.superDispatchKeyEvent(PhoneWindow.java:1505)
E/MessageQueue-JNI( 4793): 	at android.app.Activity.dispatchKeyEvent(Activity.java:2418)
E/MessageQueue-JNI( 4793): 	at com.Proativa.ProDeafMovel.UnityPlayerActivity.dispatchKeyEvent(UnityPlayerActivity.java:901)
E/MessageQueue-JNI( 4793): 	at com.android.internal.policy.impl.PhoneWindow$DecorView.dispatchKeyEvent(PhoneWindow.java:1962)
E/MessageQueue-JNI( 4793): 	at android.view.ViewRootImpl$ViewPostImeInputStage.processKeyEvent(ViewRootImpl.java:3876)
E/MessageQueue-JNI( 4793): 	at android.view.ViewRootImpl$ViewPostImeInputStage.onProcess(ViewRootImpl.java:3850)
E/MessageQueue-JNI( 4793): 	at android.view.ViewRootImpl$InputStage.deliver(ViewRootImpl.java:3423)
E/MessageQueue-JNI( 4793): 	at android.view.ViewRootImpl$InputStage.onDeliverToNext(ViewRootImpl.java:3473)
E/MessageQueue-JNI( 4793): 	at android.view.ViewRootImpl$InputStage.forward(ViewRootImpl.java:3442)
E/MessageQueue-JNI( 4793): 	at android.view.ViewRootImpl$AsyncInputStage.forward(ViewRootImpl.java:3549)
E/MessageQueue-JNI( 4793): 	at android.view.ViewRootImpl$InputStage.apply(ViewRootImpl.java:3450)
E/MessageQueue-JNI( 4793): 	at android.view.ViewRootImpl$AsyncInputStage.apply(ViewRootImpl.java:3606)
E/MessageQueue-JNI( 4793): 	at android.view.ViewRootImpl$InputStage.deliver(ViewRootImpl.java:3423)
E/MessageQueue-JNI( 4793): 	at android.view.ViewRootImpl$InputStage.onDeliverToNext(ViewRootImpl.java:3473)
E/MessageQueue-JNI( 4793): 	at android.view.ViewRootImpl$InputStage.forward(ViewRootImpl.java:3442)
E/MessageQueue-JNI( 4793): 	at android.view.ViewRootImpl$InputStage.apply(ViewRootImpl.java:3450)
E/MessageQueue-JNI( 4793): 	at android.view.ViewRootImpl$InputStage.deliver(ViewRootImpl.java:3423)
E/MessageQueue-JNI( 4793): 	at android.view.ViewRootImpl$InputStage.onDeliverToNext(ViewRootImpl.java:3473)
E/MessageQueue-JNI( 4793): 	at 
D/AndroidRuntime( 4793): Shutting down VM
W/dalvikvm( 4793): threadid=1: thread exiting with uncaught exception (group=0x94ce8b20)
I/Process (  478): Sending signal. PID: 4793 SIG: 9
E/AndroidRuntime( 4793): FATAL EXCEPTION: main
E/AndroidRuntime( 4793): Process: com.Proativa.ProDeafMovel, PID: 4793
E/AndroidRuntime( 4793): java.lang.Error: FATAL EXCEPTION [main]
E/AndroidRuntime( 4793): Unity version     : 5.3.4f1
E/AndroidRuntime( 4793): Device model      : samsung SM-G930K
E/AndroidRuntime( 4793): Device fingerprint: samsung/heroltektt/heroltektt:4.4.2/NRD90M/381180401:user/release-keys
E/AndroidRuntime( 4793): 
E/AndroidRuntime( 4793): Caused by: java.lang.NullPointerException
E/AndroidRuntime( 4793): 	at com.Proativa.ProDeafMovel.UI.Fragments.DictionaryFragment.Fill(DictionaryFragment.java:118)
E/AndroidRuntime( 4793): 	at com.Proativa.ProDeafMovel.UI.Fragments.DictionaryFragment.onCreateView(DictionaryFragment.java:75)
E/AndroidRuntime( 4793): 	at android.support.v4.app.Fragment.performCreateView(Fragment.java:1786)
E/AndroidRuntime( 4793): 	at android.support.v4.app.FragmentManagerImpl.moveToState(FragmentManager.java:947)
E/AndroidRuntime( 4793): 	at android.support.v4.app.FragmentManagerImpl.moveToState(FragmentManager.java:1126)
E/AndroidRuntime( 4793): 	at android.support.v4.app.BackStackRecord.run(BackStackRecord.java:739)
E/AndroidRuntime( 4793): 	at android.support.v4.app.FragmentManagerImpl.execPendingActions(FragmentManager.java:1489)
E/AndroidRuntime( 4793): 	at android.support.v4.app.FragmentManagerImpl.executePendingTransactions(FragmentManager.java:486)
E/AndroidRuntime( 4793): 	at com.Proativa.ProDeafMovel.UI.ScreenManager.GetFragment(ScreenManager.java:397)
E/AndroidRuntime( 4793): 	at com.Proativa.ProDeafMovel.UI.ScreenManager.ConfigureInternalScreen(ScreenManager.java:85)
E/AndroidRuntime( 4793): 	at com.Proativa.ProDeafMovel.UnityPlayerActivity.ConfigureInternalScreen(UnityPlayerActivity.java:598)
E/AndroidRuntime( 4793): 	at com.Proativa.ProDeafMovel.UnityPlayerActivity.onNavigationDrawerItemSelected(UnityPlayerActivity.java:809)
E/AndroidRuntime( 4793): 	at com.Proativa.ProDeafMovel.NavigationDrawerFragment.selectItem(NavigationDrawerFragment.java:255)
E/AndroidRuntime( 4793): 	at com.Proativa.ProDeafMovel.NavigationDrawerFragment.access$000(NavigationDrawerFragment.java:35)
E/AndroidRuntime( 4793): 	at com.Proativa.ProDeafMovel.NavigationDrawerFragment$1.onItemClick(NavigationDrawerFragment.java:113)
E/AndroidRuntime( 4793): 	at android.widget.AdapterView.performItemClick(AdapterView.java:299)
E/AndroidRuntime( 4793): 	at android.widget.AbsListView.performItemClick(AbsListView.java:1113)
E/AndroidRuntime( 4793): 	at android.widget.AbsListView.onKeyUp(AbsListView.java:3045)
E/AndroidRuntime( 4793): 	at android.widget.ListView.commonKey(ListView.java:2265)
E/AndroidRuntime( 4793): 	at android.widget.ListView.onKeyUp(ListView.java:2120)
E/AndroidRuntime( 4793): 	at android.view.KeyEvent.dispatch(KeyEvent.java:2664)
E/AndroidRuntime( 4793): 	at android.view.View.dispatchKeyEvent(View.java:7665)
E/AndroidRuntime( 4793): 	at android.view.ViewGroup.dispatchKeyEvent(ViewGroup.java:1403)
E/AndroidRuntime( 4793): 	at android.widget.ListView.dispatchKeyEvent(ListView.java:2095)
E/AndroidRuntime( 4793): 	at android.view.ViewGroup.dispatchKeyEvent(ViewGroup.java:1408)
E/AndroidRuntime( 4793): 	at android.view.ViewGroup.dispatchKeyEvent(ViewGroup.java:1408)
E/AndroidRuntime( 4793): 	at android.view.ViewGroup.dispatchKeyEvent(ViewGroup.java:1408)
E/AndroidRuntime( 4793): 	at android.view.ViewGroup.dispatchKeyEvent(ViewGroup.java:1408)
E/AndroidRuntime( 4793): 	at android.view.ViewGroup.dispatchKeyEvent(ViewGroup.java:1408)
E/AndroidRuntime( 4793): 	at android.view.ViewGroup.dispatchKeyEvent(ViewGroup.java:1408)
E/AndroidRuntime( 4793): 	at android.view.ViewGroup.dispatchKeyEvent(ViewGroup.java:1408)
E/AndroidRuntime( 4793): 	at android.view.ViewGroup.dispatchKeyEvent(ViewGroup.java:1408)
E/AndroidRuntime( 4793): 	at com.android.internal.policy.impl.PhoneWindow$DecorView.superDispatchKeyEvent(PhoneWindow.java:2035)
E/AndroidRuntime( 4793): 	at com.android.internal.policy.impl.PhoneWindow.superDispatchKeyEvent(PhoneWindow.java:1505)
E/AndroidRuntime( 4793): 	at android.app.Activity.dispatchKeyEvent(Activity.java:2418)
E/AndroidRuntime( 4793): 	at com.Proativa.ProDeafMovel.UnityPlayerActivity.dispatchKeyEvent(UnityPlayerActivity.java:901)
E/AndroidRuntime( 4793): 	at com.android.internal.policy.impl.PhoneWindow$DecorView.dispatchKeyEvent(PhoneWindow.java:1962)
E/AndroidRuntime( 4793): 	at android.view.ViewRootImpl$ViewPostImeInputStage.processKeyEvent(ViewRootImpl.java:3876)
E/AndroidRuntime( 4793): 	at android.view.ViewRootImpl$ViewPostImeInputStage.onProcess(ViewRootImpl.java:3850)
E/AndroidRuntime( 4793): 	at android.view.ViewRootImpl$InputStage.deliver(ViewRootImpl.java:3423)
E/AndroidRuntime( 4793): 	at android.view.ViewRootImpl$InputStage.onDeliverToNext(ViewRootImpl.java:3473)
E/AndroidRuntime( 4793): 	at android.view.ViewRootImpl$InputStage.forward(ViewRootImpl.java:3442)
E/AndroidRuntime( 4793): 	at android.view.ViewRootImpl$AsyncInputStage.forward(ViewRootImpl.java:3549)
E/AndroidRuntime( 4793): 	at android.view.ViewRootImpl$InputStage.apply(ViewRootImpl.java:3450)
E/AndroidRuntime( 4793): 	at android.view.ViewRootImpl$AsyncInputStage.apply(ViewRootImpl.java:3606)
E/AndroidRuntime( 4793): 	at android.view.ViewRootImpl$InputStage.deliver(ViewRootImpl.java:3423)
E/AndroidRuntime( 4793): 	at android.view.ViewRootImpl$InputStage.onDeliverToNext(ViewRootImpl.java:3473)
E/AndroidRuntime( 4793): 	at android.view.ViewRootImp
W/ActivityManager(  478): Force-killing crashed app com.Proativa.ProDeafMovel at watcher's request
W/ContextImpl(  478): Calling a method in the system process without a qualified user: android.app.ContextImpl.sendBroadcast:1123 com.android.server.am.ActivityManagerService.handleApplicationCrashInner:9670 com.android.server.am.ActivityManagerService.handleApplicationCrash:9644 android.app.ActivityManagerNative.onTransact:1311 com.android.server.am.ActivityManagerService.onTransact:2071 
I/ActivityManager(  478): Process com.Proativa.ProDeafMovel (pid 4793) has died.
I/WindowState(  478): WIN DEATH: Window{4aaa0230 u0 com.Proativa.ProDeafMovel/com.Proativa.ProDeafMovel.UnityPlayerActivity}
W/WindowManager(  478): Force-removing child win Window{4aab1118 u0 SurfaceView} from container Window{4aaa0230 u0 com.Proativa.ProDeafMovel/com.Proativa.ProDeafMovel.UnityPlayerActivity}
W/ActivityManager(  478): Force removing ActivityRecord{4a92a5a4 u0 com.Proativa.ProDeafMovel/.UnityPlayerActivity t32}: app died, no saved state
W/NetworkManagementSocketTagger(  478): setKernelCountSet(10205, 0) failed with errno -13
I/InputDispatcher(  478): Dropping event because there is no focused window or focused application.
W/WindowManager(  478): Failed looking up window
W/WindowManager(  478): java.lang.IllegalArgumentException: Requested window android.os.BinderProxy@4aa77a1c does not exist
W/WindowManager(  478): 	at com.android.server.wm.WindowManagerService.windowForClientLocked(WindowManagerService.java:8096)
W/WindowManager(  478): 	at com.android.server.wm.WindowManagerService.windowForClientLocked(WindowManagerService.java:8087)
W/WindowManager(  478): 	at com.android.server.wm.WindowState$DeathRecipient.binderDied(WindowState.java:1051)
W/WindowManager(  478): 	at android.os.BinderProxy.sendDeathNotice(Binder.java:493)
W/WindowManager(  478): 	at dalvik.system.NativeStart.run(Native Method)
I/WindowState(  478): WIN DEATH: null
W/InputManager(  478): Input event injection from pid 4783 failed.
I/InputDispatcher(  478): Dropping event because there is no focused window or focused application.
W/InputManager(  478): Input event injection from pid 4783 failed.
I/InputDispatcher(  478): Dropping event because there is no focused window or focused application.
I/InputDispatcher(  478): Dropping event because there is no focused window or focused application.
W/InputManager(  478): Input event injection from pid 4783 failed.
W/InputManager(  478): Input event injection from pid 4783 failed.
I/InputDispatcher(  478): Dropping event because there is no focused window or focused application.
I/InputDispatcher(  478): Dropping event because there is no focused window or focused application.
I/InputDispatcher(  478): Dropping event because there is no focused window or focused application.
I/InputDispatcher(  478): Dropping event because there is no focused window or focused application.
I/InputDispatcher(  478): Dropping event because there is no focused window or focused application.
W/InputManager(  478): Input event injection from pid 4783 failed.
W/InputManager(  478): Input event injection from pid 4783 failed.
W/InputManager(  478): Input event injection from pid 4783 failed.
W/InputManager(  478): Input event injection from pid 4783 failed.
W/InputManager(  478): Input event injection from pid 4783 failed.
I/InputDispatcher(  478): Dropping event because there is no focused window or focused application.
W/InputManager(  478): Input event injection from pid 4783 failed.
D/FirebaseApp(  682): Notifying background state change listeners.
W/Launcher(  682): setApplicationContext called twice! old=com.vphone.launcher.LauncherApplicationEx@4a7d8d18 new=com.vphone.launcher.LauncherApplicationEx@4a7d8d18
W/ResourceType(  682): Attempt to retrieve bag 0x7f0b0001 which is invalid or in a cycle.
D/Launcher(  682): 11683562 - bindAddScreens()
D/Launcher(  682): 11683562 -   orderedScreenIds: 1, 10
D/Launcher.Workspace(  682): 11683562 - insertNewWorkspaceScreen(): 1 at index: 0
D/Launcher.Workspace(  682): 11683562 - insertNewWorkspaceScreen(): 10 at index: 1
W/PhoneWindow(  682): Previously focused view reported id 2131689766 during save, but can't be found during restore.
W/ContextImpl(  682): Calling a method in the system process without a qualified user: android.app.ContextImpl.startService:1492 android.content.ContextWrapper.startService:494 com.vphone.launcher.Launcher.i:690 com.vphone.launcher.Launcher.b:182 com.vphone.launcher.Launcher$11.run:650 
I/InputDispatcher(  478): Dropping event because there is no focused window or focused application.
I/InputDispatcher(  478): Dropping event because there is no focused window or focused application.
I/InputDispatcher(  478): Dropping event because there is no focused window or focused application.
W/InputManager(  478): Input event injection from pid 4783 failed.
W/InputManager(  478): Input event injection from pid 4783 failed.
W/InputManager(  478): Input event injection from pid 4783 failed.
I/InputDispatcher(  478): Dropping event because there is no focused window or focused application.
W/InputManager(  478): Input event injection from pid 4783 failed.
W/InputManager(  478): Input event injection from pid 4783 failed.
W/InputManager(  478): Input event injection from pid 4783 failed.
W/InputManager(  478): Input event injection from pid 4783 failed.
W/InputManager(  478): Input event injection from pid 4783 failed.
W/InputManager(  478): Input event injection from pid 4783 failed.
W/InputManager(  478): Input event injection from pid 4783 failed.
W/InputManager(  478): Input event injection from pid 4783 failed.
W/InputManager(  478): Input event injection from pid 4783 failed.
W/InputManager(  478): Input event injection from pid 4783 failed.
W/InputManager(  478): Input event injection from pid 4783 failed.
I/InputDispatcher(  478): Dropping event because there is no focused window or focused application.
I/InputDispatcher(  478): Dropping event because there is no focused window or focused application.
W/InputManager(  478): Input event injection from pid 4783 failed.
W/InputManager(  478): Input event injection from pid 4783 failed.
I/InputDispatcher(  478): Dropping event because there is no focused window or focused application.
W/InputManager(  478): Input event injection from pid 4783 failed.
W/EGL_emulation(  682): eglSurfaceAttrib not implemented 3093 12436
D/Sensors (  478): Client connection accepted (181)
W/ViewRootImpl(  682): Dropping event due to no window focus: KeyEvent { action=ACTION_DOWN, keyCode=KEYCODE_MENU, scanCode=0, metaState=0, flags=0x8, repeatCount=0, eventTime=255388, downTime=255388, deviceId=-1, source=0x101 }
W/ViewRootImpl(  682): Dropping event due to no window focus: KeyEvent { action=ACTION_DOWN, keyCode=KEYCODE_DPAD_LEFT, scanCode=0, metaState=0, flags=0x8, repeatCount=0, eventTime=255405, downTime=255405, deviceId=-1, source=0x101 }
I/ActivityManager(  478): START u0 {act=android.intent.action.MAIN cat=[android.intent.category.HOME] flg=0x10200000 cmp=com.vphone.launcher/.Launcher} from pid 478
W/ViewRootImpl(  682): Dropping event due to no window focus: KeyEvent { action=ACTION_DOWN, keyCode=KEYCODE_CALL, scanCode=0, metaState=0, flags=0x8, repeatCount=0, eventTime=255425, downTime=255425, deviceId=-1, source=0x101 }
W/PropertyValuesHolder(  682): Method setBrightness() with type int not found on target class class ph
W/PropertyValuesHolder(  682): Method getBrightness() with type int not found on target class class ph
W/ContextImpl(  478): Calling a method in the system process without a qualified user: android.app.ContextImpl.sendBroadcast:1123 com.android.server.InputMethodManagerService.hideCurrentInputLocked:1880 com.android.server.InputMethodManagerService.windowGainedFocus:1968 com.android.internal.view.IInputMethodManager$Stub.onTransact:221 com.android.server.InputMethodManagerService.onTransact:818 
W/InputMethodManagerService(  478): Got RemoteException sending setActive(false) notification to pid 4793 uid 10205
W/Binder  (  645): Caught a RuntimeException from the binder stub implementation.
W/Binder  (  645): java.lang.NullPointerException
W/Binder  (  645): 	at android.inputmethodservice.IInputMethodWrapper.setSessionEnabled(IInputMethodWrapper.java:280)
W/Binder  (  645): 	at com.android.internal.view.IInputMethod$Stub.onTransact(IInputMethod.java:129)
W/Binder  (  645): 	at android.os.Binder.execTransact(Binder.java:404)
W/Binder  (  645): 	at dalvik.system.NativeStart.run(Native Method)
D/dalvikvm(  682): GC_FOR_ALLOC freed 5477K, 17% free 31660K/37756K, paused 21ms, total 23ms
I/ActivityManager(  478): START u0 {act=android.intent.action.MAIN cat=[android.intent.category.LAUNCHER] flg=0x10200000 cmp=org.brilliant.android/.MainActivity bnds=[290,848][431,1078] (has extras)} from pid 682
W/ContextImpl(  682): Calling a method in the system process without a qualified user: android.app.ContextImpl.sendBroadcast:1137 android.content.ContextWrapper.sendBroadcast:370 com.vphone.launcher.Stats.recordLaunch:129 com.vphone.launcher.Launcher.c:3192 com.vphone.launcher.Launcher.onClickAppShortcut:3144 
W/PropertyValuesHolder(  682): Method setBrightness() with type int not found on target class class ph
W/PropertyValuesHolder(  682): Method getBrightness() with type int not found on target class class ph
I/ActivityManager(  478): START u0 {act=android.intent.action.MAIN cat=[android.intent.category.LAUNCHER] flg=0x10200000 cmp=example.matharithmetics/.Main bnds=[572,618][713,848] (has extras)} from pid 682
W/ContextImpl(  682): Calling a method in the system process without a qualified user: android.app.ContextImpl.sendBroadcast:1137 android.content.ContextWrapper.sendBroadcast:370 com.vphone.launcher.Stats.recordLaunch:129 com.vphone.launcher.Launcher.c:3192 com.vphone.launcher.Launcher.onClickAppShortcut:3144 
W/PropertyValuesHolder(  682): Method setBrightness() with type int not found on target class class ph
W/PropertyValuesHolder(  682): Method getBrightness() with type int not found on target class class ph
I/ActivityManager(  478): START u0 {act=android.intent.action.MAIN cat=[android.intent.category.LAUNCHER] flg=0x10200000 cmp=com.Proativa.ProDeafMovel/.UnityPlayerActivity} from pid 4783
E/SurfaceFlinger(  166): glCheckFramebufferStatusOES error 36054
E/SurfaceFlinger(  166): got GL_FRAMEBUFFER_COMPLETE_OES error while taking screenshot
D/SurfaceFlinger(  166): setOrientation, mFbdev=0xb885b050, mFbDev->setOrientation=0xb69fdce0, orientation=0
I/gralloc_nox(  166): setOrientation: orientation=0
I/ActivityManager(  478): Config changes=480 {1.0 310mcc16mnc en_US ldltr sw480dp w853dp h454dp 240dpi lrg long land finger qwerty/v/v dpad/v s.16}
D/Sensors (  478): Client connection accepted (186)
D/PhoneStatusBar(  534): mSettingsPanelGravity = 55
D/dalvikvm(  534): GC_FOR_ALLOC freed 10683K, 34% free 9613K/14440K, paused 3ms, total 7ms
D/dalvikvm(  534): GC_FOR_ALLOC freed 365K, 28% free 10443K/14440K, paused 5ms, total 5ms
I/dalvikvm-heap(  534): Grow heap (frag case) to 16.507MB for 6553612-byte allocation
D/dalvikvm(  534): GC_FOR_ALLOC freed <1K, 20% free 16843K/20844K, paused 3ms, total 3ms
D/dalvikvm(  534): GC_CONCURRENT freed 0K, 20% free 16843K/20844K, paused 2ms+0ms, total 5ms
D/yeshen  (  682): launcher onpause
I/ActivityManager(  478): Start proc com.Proativa.ProDeafMovel for activity com.Proativa.ProDeafMovel/.UnityPlayerActivity: pid=4993 uid=10205 gids={50205, 3003, 1028, 1015, 1023}
D/Tinker.DefaultAppLike(  682): onConfigurationChanged:{1.0 310mcc16mnc en_US ldltr sw480dp w853dp h454dp 240dpi lrg long land finger qwerty/v/v dpad/v s.16}
D/yeshen  (  682): launcher onstop
D/SurfaceFlinger(  166): setOrientation, mFbdev=0xb885b050, mFbDev->setOrientation=0xb69fdce0, orientation=3
I/gralloc_nox(  166): setOrientation: orientation=3
I/ActivityManager(  478): Config changes=480 {1.0 310mcc16mnc en_US ldltr sw480dp w480dp h828dp 240dpi lrg long port finger qwerty/v/v dpad/v s.17}
W/NetworkManagementSocketTagger(  478): setKernelCountSet(10205, 1) failed with errno -13
W/DebugConnManager(  682): getNetworkInfo() on networkType 1
I/dalvikvm( 4993): ignoring registerObject request in thread=1
I/dalvikvm( 4993): ignoring registerObject request in thread=1
E/ActivityThread(  682): Performing stop of activity that is not resumed: {com.vphone.launcher/com.vphone.launcher.Launcher}
E/ActivityThread(  682): java.lang.RuntimeException: Performing stop of activity that is not resumed: {com.vphone.launcher/com.vphone.launcher.Launcher}
E/ActivityThread(  682): 	at android.app.ActivityThread.performStopActivityInner(ActivityThread.java:3145)
E/ActivityThread(  682): 	at android.app.ActivityThread.handleStopActivity(ActivityThread.java:3232)
E/ActivityThread(  682): 	at android.app.ActivityThread.access$1100(ActivityThread.java:135)
E/ActivityThread(  682): 	at android.app.ActivityThread$H.handleMessage(ActivityThread.java:1223)
E/ActivityThread(  682): 	at android.os.Handler.dispatchMessage(Handler.java:102)
E/ActivityThread(  682): 	at android.os.Looper.loop(Looper.java:136)
E/ActivityThread(  682): 	at android.app.ActivityThread.main(ActivityThread.java:5019)
E/ActivityThread(  682): 	at java.lang.reflect.Method.invokeNative(Native Method)
E/ActivityThread(  682): 	at java.lang.reflect.Method.invoke(Method.java:515)
E/ActivityThread(  682): 	at com.android.internal.os.ZygoteInit$MethodAndArgsCaller.run(ZygoteInit.java:779)
E/ActivityThread(  682): 	at com.android.internal.os.ZygoteInit.main(ZygoteInit.java:595)
E/ActivityThread(  682): 	at dalvik.system.NativeStart.main(Native Method)
D/Tinker.DefaultAppLike(  682): onConfigurationChanged:{1.0 310mcc16mnc en_US ldltr sw480dp w480dp h828dp 240dpi lrg long port finger qwerty/v/v dpad/v s.17}
I/ActivityManager(  478): Activity reported stop, but no longer stopping: ActivityRecord{4a9dc2d0 u0 com.vphone.launcher/.Launcher t1}
D/dalvikvm( 4993): Trying to load lib /data/app-lib/com.Proativa.ProDeafMovel-1/libmain.so 0x94fabc90
D/dalvikvm( 4993): Added shared lib /data/app-lib/com.Proativa.ProDeafMovel-1/libmain.so 0x94fabc90
I/dalvikvm( 4993): Could not find method android.content.res.TypedArray.getChangingConfigurations, referenced from method android.support.v7.internal.widget.TintTypedArray.getChangingConfigurations
W/dalvikvm( 4993): VFY: unable to resolve virtual method 456: Landroid/content/res/TypedArray;.getChangingConfigurations ()I
D/dalvikvm( 4993): VFY: replacing opcode 0x6e at 0x0002
I/dalvikvm( 4993): Could not find method android.content.res.TypedArray.getType, referenced from method android.support.v7.internal.widget.TintTypedArray.getType
W/dalvikvm( 4993): VFY: unable to resolve virtual method 478: Landroid/content/res/TypedArray;.getType (I)I
D/dalvikvm( 4993): VFY: replacing opcode 0x6e at 0x0002
D/dalvikvm( 4993): JIT code cache reset in 0 ms (0 bytes 1/0)
D/dalvikvm( 4993): GC_CONCURRENT freed 201K, 9% free 2997K/3260K, paused 2ms+0ms, total 4ms
D/dalvikvm( 4993): GC_FOR_ALLOC freed 34K, 5% free 3187K/3332K, paused 3ms, total 3ms
I/dalvikvm-heap( 4993): Grow heap (frag case) to 3.687MB for 543564-byte allocation
D/dalvikvm( 4993): GC_CONCURRENT freed 0K, 4% free 3717K/3864K, paused 2ms+0ms, total 3ms
D/dalvikvm( 4993): GC_FOR_ALLOC freed 8K, 4% free 3768K/3920K, paused 3ms, total 3ms
I/dalvikvm-heap( 4993): Grow heap (frag case) to 4.342MB for 635808-byte allocation
D/dalvikvm( 4993): GC_CONCURRENT freed <1K, 4% free 4389K/4544K, paused 3ms+1ms, total 7ms
D/dalvikvm( 4993): WAIT_FOR_CONCURRENT_GC blocked 4ms
I/ProDeafMovelTag( 4993): 720x1220
D/dalvikvm( 4993): GC_CONCURRENT freed 136K, 5% free 4661K/4860K, paused 3ms+1ms, total 5ms
D/dalvikvm( 4993): GC_CONCURRENT freed 156K, 5% free 5005K/5224K, paused 2ms+1ms, total 5ms
D/dalvikvm(  534): GC_FOR_ALLOC freed 7597K, 28% free 10445K/14440K, paused 11ms, total 11ms
I/dalvikvm-heap(  534): Grow heap (frag case) to 16.509MB for 6553612-byte allocation
D/dalvikvm(  534): GC_CONCURRENT freed <1K, 20% free 16844K/20844K, paused 3ms+0ms, total 5ms
D/dalvikvm( 4993): GC_CONCURRENT freed 194K, 5% free 5427K/5684K, paused 2ms+1ms, total 5ms
D/PhoneStatusBar(  534): mSettingsPanelGravity = 55
D/libEGL  ( 4993): loaded /system/lib/egl/libEGL_adreno.so
D/        ( 4993): HostConnection::get() New Host Connection established 0xb98a41e0, tid 4993
D/libEGL  ( 4993): loaded /system/lib/egl/libGLESv1_CM_adreno.so
D/libEGL  ( 4993): loaded /system/lib/egl/libGLESv2_adreno.so
W/EGL_emulation( 4993): eglSurfaceAttrib not implemented 3093 12436
D/OpenGLRenderer( 4993): Enabling debug mode 0
