I/System.out(28395): body:<com.bumptech.glide.load.data.HttpUrlFetcher: void cleanup()>	sig:virtualinvoke $r2.<java.net.HttpURLConnection: void disconnect()>()	timediff:1
I/System.out(28395): body:<com.bumptech.glide.load.model.GlideUrl: java.net.URL getSafeUrl()>	sig:specialinvoke $r1.<java.net.URL: void <init>(java.lang.String)>($r2)	timediff:0
I/System.out(28395): <com.bumptech.glide.load.model.GlideUrl: java.net.URL getSafeUrl()>###specialinvoke $r1.<java.net.URL: void <init>(java.lang.String)>($r2)###https://image.pbs.org/contentchannels/862/WW7yOF2IFnWVNNPMhbyglw.png.resize.75x75.png
I/System.out(28395): body:<com.bumptech.glide.load.data.HttpUrlFetcher$DefaultHttpUrlConnectionFactory: java.net.HttpURLConnection build(java.net.URL)>	sig:$r2 = virtualinvoke $r1.<java.net.URL: java.net.URLConnection openConnection()>()	timediff:0
I/System.out(28395): body:<com.bumptech.glide.load.data.HttpUrlFetcher: java.io.InputStream loadDataWithRedirects(java.net.URL,int,java.net.URL,java.util.Map)>	sig:virtualinvoke $r4.<java.net.HttpURLConnection: void addRequestProperty(java.lang.String,java.lang.String)>($r14, $r15)	timediff:0
I/System.out(28395): body:<com.bumptech.glide.load.data.HttpUrlFetcher: java.io.InputStream loadDataWithRedirects(java.net.URL,int,java.net.URL,java.util.Map)>	sig:virtualinvoke $r4.<java.net.HttpURLConnection: void addRequestProperty(java.lang.String,java.lang.String)>($r14, $r15)	timediff:0
I/System.out(28395): body:<com.bumptech.glide.load.data.HttpUrlFetcher: java.io.InputStream loadDataWithRedirects(java.net.URL,int,java.net.URL,java.util.Map)>	sig:virtualinvoke $r4.<java.net.HttpURLConnection: void setConnectTimeout(int)>(2500)	timediff:0
I/System.out(28395): body:<com.bumptech.glide.load.data.HttpUrlFetcher: java.io.InputStream loadDataWithRedirects(java.net.URL,int,java.net.URL,java.util.Map)>	sig:virtualinvoke $r4.<java.net.HttpURLConnection: void setReadTimeout(int)>(2500)	timediff:0
I/System.out(28395): body:<com.bumptech.glide.load.data.HttpUrlFetcher: java.io.InputStream loadDataWithRedirects(java.net.URL,int,java.net.URL,java.util.Map)>	sig:virtualinvoke $r4.<java.net.HttpURLConnection: void setUseCaches(boolean)>(0)	timediff:0
I/System.out(28395): body:<com.bumptech.glide.load.data.HttpUrlFetcher: java.io.InputStream loadDataWithRedirects(java.net.URL,int,java.net.URL,java.util.Map)>	sig:virtualinvoke $r4.<java.net.HttpURLConnection: void setDoInput(boolean)>(1)	timediff:0
I/System.out(28395): body:<com.bumptech.glide.load.data.HttpUrlFetcher: java.io.InputStream loadDataWithRedirects(java.net.URL,int,java.net.URL,java.util.Map)>	sig:virtualinvoke $r4.<java.net.HttpURLConnection: void connect()>()	timediff:2
I/System.out(28395): body:<com.bumptech.glide.load.data.HttpUrlFetcher: java.io.InputStream loadDataWithRedirects(java.net.URL,int,java.net.URL,java.util.Map)>	sig:$i1 = virtualinvoke $r4.<java.net.HttpURLConnection: int getResponseCode()>()	timediff:32
I/System.out(28395): body:<com.bumptech.glide.load.data.HttpUrlFetcher: java.io.InputStream getStreamForSuccessfulRequest(java.net.HttpURLConnection)>	sig:$r2 = virtualinvoke $r1.<java.net.HttpURLConnection: java.lang.String getContentEncoding()>()	timediff:1
I/System.out(28395): body:<com.bumptech.glide.load.data.HttpUrlFetcher: java.io.InputStream getStreamForSuccessfulRequest(java.net.HttpURLConnection)>	sig:$i1 = virtualinvoke $r1.<java.net.HttpURLConnection: int getContentLength()>()	timediff:0
I/System.out(28395): body:<com.bumptech.glide.load.data.HttpUrlFetcher: java.io.InputStream getStreamForSuccessfulRequest(java.net.HttpURLConnection)>	sig:$r3 = virtualinvoke $r1.<java.net.HttpURLConnection: java.io.InputStream getInputStream()>()	timediff:0
I/System.out(28395): body:<empirical.HelperClass: void printURLInfo(java.lang.String,java.lang.String,java.net.URLConnection)>	sig:$r0 = virtualinvoke urlConnection.<java.net.URLConnection: java.net.URL getURL()>()	timediff:0
I/System.out(28395): body:<empirical.HelperClass: void printURLInfo(java.lang.String,java.lang.String,java.net.URLConnection)>	sig:urlString = virtualinvoke $r0.<java.net.URL: java.lang.String toString()>()	timediff:0
I/System.out(28395): body:<empirical.HelperClass: void printURLInfo(java.lang.String,java.lang.String,java.net.URLConnection)>	sig:isDoOutput = virtualinvoke urlConnection.<java.net.URLConnection: boolean getDoOutput()>()	timediff:0
I/System.out(28395): body:<empirical.HelperClass: java.lang.String getHeaderField(java.net.URLConnection,java.lang.String)>	sig:data = virtualinvoke conn.<java.net.URLConnection: java.lang.String getHeaderField(java.lang.String)>(field)	timediff:0
I/System.out(28395): body:<empirical.HelperClass: java.lang.String getHeaderField(java.net.URLConnection,java.lang.String)>	sig:data = virtualinvoke conn.<java.net.URLConnection: java.lang.String getHeaderField(java.lang.String)>(field)	timediff:0
I/System.out(28395): body:<empirical.HelperClass: java.lang.String getHeaderField(java.net.URLConnection,java.lang.String)>	sig:data = virtualinvoke conn.<java.net.URLConnection: java.lang.String getHeaderField(java.lang.String)>(field)	timediff:0
I/System.out(28395): body:<empirical.HelperClass: java.lang.String getHeaderField(java.net.URLConnection,java.lang.String)>	sig:data = virtualinvoke conn.<java.net.URLConnection: java.lang.String getHeaderField(java.lang.String)>(field)	timediff:0
I/System.out(28395): body:<empirical.HelperClass: java.lang.String getHeaderField(java.net.URLConnection,java.lang.String)>	sig:data = virtualinvoke conn.<java.net.URLConnection: java.lang.String getHeaderField(java.lang.String)>(field)	timediff:0
I/System.out(28395): URLConn;%;20;%;<com.bumptech.glide.load.data.HttpUrlFetcher: java.io.InputStream getStreamForSuccessfulRequest(java.net.HttpURLConnection)>;%;$r3 = virtualinvoke $r1.<java.net.HttpURLConnection: java.io.InputStream getInputStream()>();%;https://image.pbs.org/contentchannels/862/WW7yOF2IFnWVNNPMhbyglw.png.resize.75x75.png;%;false;%;8514;%;max-age=31536000;%;Not found;%;Not found;%;Not found
I/System.out(28395): body:<com.bumptech.glide.load.data.HttpUrlFetcher: void cleanup()>	sig:virtualinvoke $r2.<java.net.HttpURLConnection: void disconnect()>()	timediff:0
I/System.out(28395): body:<com.bumptech.glide.load.model.GlideUrl: java.net.URL getSafeUrl()>	sig:specialinvoke $r1.<java.net.URL: void <init>(java.lang.String)>($r2)	timediff:0
I/System.out(28395): <com.bumptech.glide.load.model.GlideUrl: java.net.URL getSafeUrl()>###specialinvoke $r1.<java.net.URL: void <init>(java.lang.String)>($r2)###https://image.pbs.org/contentchannels/2640/GMbDAMdDvZeBYLRumeX75g.png.resize.75x75.png
W/ViewRootImpl(28395): Dropping event due to no window focus: MotionEvent { action=ACTION_MOVE, id[0]=0, x[0]=-5.0, y[0]=0.0, toolType[0]=TOOL_TYPE_UNKNOWN, buttonState=0, metaState=0, flags=0x0, edgeFlags=0x0, pointerCount=1, historySize=9, eventTime=38407934, downTime=-1, deviceId=0, source=0x10004 }
W/ViewRootImpl(28395): Dropping event due to no window focus: MotionEvent { action=ACTION_DOWN, id[0]=0, x[0]=0.0, y[0]=0.0, toolType[0]=TOOL_TYPE_UNKNOWN, buttonState=0, metaState=0, flags=0x0, edgeFlags=0x0, pointerCount=1, historySize=0, eventTime=38407934, downTime=38407925, deviceId=0, source=0x10004 }
W/ViewRootImpl(28395): Dropping event due to no window focus: KeyEvent { action=ACTION_DOWN, keyCode=KEYCODE_COMMA, scanCode=0, metaState=0, flags=0x8, repeatCount=0, eventTime=38407939, downTime=38407939, deviceId=-1, source=0x101 }
W/ViewRootImpl(28395): Dropping event due to no window focus: KeyEvent { action=ACTION_DOWN, keyCode=KEYCODE_MENU, scanCode=0, metaState=0, flags=0x8, repeatCount=0, eventTime=38408304, downTime=38408304, deviceId=-1, source=0x101 }
W/ViewRootImpl(28395): Dropping event due to no window focus: KeyEvent { action=ACTION_DOWN, keyCode=KEYCODE_MENU, scanCode=0, metaState=0, flags=0x8, repeatCount=0, eventTime=38408307, downTime=38408307, deviceId=-1, source=0x101 }
W/ViewRootImpl(28395): Dropping event due to no window focus: KeyEvent { action=ACTION_DOWN, keyCode=KEYCODE_BUTTON_5, scanCode=0, metaState=0, flags=0x8, repeatCount=0, eventTime=38408309, downTime=38408309, deviceId=-1, source=0x101 }
W/ViewRootImpl(28395): Dropping event due to no window focus: KeyEvent { action=ACTION_DOWN, keyCode=KEYCODE_DPAD_CENTER, scanCode=0, metaState=0, flags=0x8, repeatCount=0, eventTime=38408309, downTime=38408309, deviceId=-1, source=0x101 }
W/ViewRootImpl(28395): Dropping event due to no window focus: KeyEvent { action=ACTION_DOWN, keyCode=KEYCODE_DPAD_CENTER, scanCode=0, metaState=0, flags=0x8, repeatCount=0, eventTime=38408318, downTime=38408318, deviceId=-1, source=0x101 }
W/ViewRootImpl(28395): Dropping event due to no window focus: KeyEvent { action=ACTION_DOWN, keyCode=KEYCODE_DPAD_LEFT, scanCode=0, metaState=0, flags=0x8, repeatCount=0, eventTime=38408318, downTime=38408318, deviceId=-1, source=0x101 }
V/FlingTracker(  533): computeCurrentVelocity warning: totalweight=0
V/FlingTracker(  533): java.lang.Throwable
V/FlingTracker(  533): 	at com.android.systemui.statusbar.phone.PanelView$FlingTracker.computeCurrentVelocity(PanelView.java:162)
V/FlingTracker(  533): 	at com.android.systemui.statusbar.phone.PanelView$3.onTouch(PanelView.java:462)
V/FlingTracker(  533): 	at android.view.View.dispatchTouchEvent(View.java:7701)
V/FlingTracker(  533): 	at com.android.systemui.statusbar.phone.NotificationPanelView.onTouchEvent(NotificationPanelView.java:138)
V/FlingTracker(  533): 	at com.android.systemui.statusbar.phone.PanelBar.onTouchEvent(PanelBar.java:130)
V/FlingTracker(  533): 	at com.android.systemui.statusbar.phone.PhoneStatusBarView.onTouchEvent(PhoneStatusBarView.java:201)
V/FlingTracker(  533): 	at android.view.View.dispatchTouchEvent(View.java:7706)
V/FlingTracker(  533): 	at android.view.ViewGroup.dispatchTransformedTouchEvent(ViewGroup.java:2210)
V/FlingTracker(  533): 	at android.view.ViewGroup.dispatchTouchEvent(ViewGroup.java:1945)
V/FlingTracker(  533): 	at android.view.ViewGroup.dispatchTransformedTouchEvent(ViewGroup.java:2216)
V/FlingTracker(  533): 	at android.view.ViewGroup.dispatchTouchEvent(ViewGroup.java:1959)
V/FlingTracker(  533): 	at android.view.View.dispatchPointerEvent(View.java:7886)
V/FlingTracker(  533): 	at android.view.ViewRootImpl$ViewPostImeInputStage.processPointerEvent(ViewRootImpl.java:3978)
V/FlingTracker(  533): 	at android.view.ViewRootImpl$ViewPostImeInputStage.onProcess(ViewRootImpl.java:3857)
V/FlingTracker(  533): 	at android.view.ViewRootImpl$InputStage.deliver(ViewRootImpl.java:3423)
V/FlingTracker(  533): 	at android.view.ViewRootImpl$InputStage.onDeliverToNext(ViewRootImpl.java:3473)
V/FlingTracker(  533): 	at android.view.ViewRootImpl$InputStage.forward(ViewRootImpl.java:3442)
V/FlingTracker(  533): 	at android.view.ViewRootImpl$AsyncInputStage.forward(ViewRootImpl.java:3549)
V/FlingTracker(  533): 	at android.view.ViewRootImpl$InputStage.apply(ViewRootImpl.java:3450)
V/FlingTracker(  533): 	at android.view.ViewRootImpl$AsyncInputStage.apply(ViewRootImpl.java:3606)
V/FlingTracker(  533): 	at android.view.ViewRootImpl$InputStage.deliver(ViewRootImpl.java:3423)
V/FlingTracker(  533): 	at android.view.ViewRootImpl$InputStage.onDeliverToNext(ViewRootImpl.java:3473)
V/FlingTracker(  533): 	at android.view.ViewRootImpl$InputStage.forward(ViewRootImpl.java:3442)
V/FlingTracker(  533): 	at android.view.ViewRootImpl$InputStage.apply(ViewRootImpl.java:3450)
V/FlingTracker(  533): 	at android.view.ViewRootImpl$InputStage.deliver(ViewRootImpl.java:3423)
V/FlingTracker(  533): 	at android.view.ViewRootImpl.deliverInputEvent(ViewRootImpl.java:5626)
V/FlingTracker(  533): 	at android.view.ViewRootImpl.doProcessInputEvents(ViewRootImpl.java:5606)
V/FlingTracker(  533): 	at android.view.ViewRootImpl.enqueueInputEvent(ViewRootImpl.java:5577)
V/FlingTracker(  533): 	at android.view.ViewRootImpl$WindowInputEventReceiver.onInputEvent(ViewRootImpl.java:5706)
V/FlingTracker(  533): 	at android.view.InputEventReceiver.dispatchInputEvent(InputEventReceiver.java:185)
V/FlingTracker(  533): 	at android.os.MessageQueue.nativePollOnce(Native Method)
V/FlingTracker(  533): 	at android.os.MessageQueue.next(MessageQueue.java:138)
V/FlingTracker(  533): 	at android.os.Looper.loop(Looper.java:123)
V/FlingTracker(  533): 	at android.app.ActivityThread.main(ActivityThread.java:5019)
V/FlingTracker(  533): 	at java.lang.reflect.Method.invokeNative(Native Method)
V/FlingTracker(  533): 	at java.lang.reflect.Method.invoke(Method.java:515)
V/FlingTracker(  533): 	at com.android.internal.os.ZygoteInit$MethodAndArgsCaller.run(ZygoteInit.java:779)
V/FlingTracker(  533): 	at com.android.internal.os.ZygoteInit.main(ZygoteInit.java:595)
V/FlingTracker(  533): 	at dalvik.system.NativeStart.main(Native Method)
V/PanelView(  533): animationTick called with dtms=0; nothing to do (h=0.0 v=0.0)
W/ViewRootImpl(28395): Dropping event due to no window focus: KeyEvent { action=ACTION_DOWN, keyCode=KEYCODE_DPAD_DOWN, scanCode=0, metaState=0, flags=0x8, repeatCount=0, eventTime=38408319, downTime=38408319, deviceId=-1, source=0x101 }
W/ViewRootImpl(28395): Dropping event due to no window focus: KeyEvent { action=ACTION_DOWN, keyCode=KEYCODE_MENU, scanCode=0, metaState=0, flags=0x8, repeatCount=0, eventTime=38408321, downTime=38408321, deviceId=-1, source=0x101 }
W/ViewRootImpl(28395): Dropping event due to no window focus: KeyEvent { action=ACTION_DOWN, keyCode=KEYCODE_DPAD_LEFT, scanCode=0, metaState=0, flags=0x8, repeatCount=0, eventTime=38408322, downTime=38408322, deviceId=-1, source=0x101 }
D/WEEKLY PICK: Dot's Spot(28395): Images{poster='null', logo='null', mezzanine='null', thumbnail='https://image.pbs.org/contentchannels/881/tQOs8Zouy7zYOeIZR0mmg.png'}
D/Curious George(28395): Images{poster='null', logo='https://image.pbs.org/contentchannels/858/KhJc9VfQ8yBvHNVwUe1g5w.png', mezzanine='null', thumbnail='null'}
I/ActivityManager(  479): Displayed org.pbskids.video/.activities.KidsMainActivity: +1s177ms
I/System.out(28395): body:<com.bumptech.glide.load.data.HttpUrlFetcher$DefaultHttpUrlConnectionFactory: java.net.HttpURLConnection build(java.net.URL)>	sig:$r2 = virtualinvoke $r1.<java.net.URL: java.net.URLConnection openConnection()>()	timediff:0
D/Odd Squad(28395): Images{poster='null', logo='https://image.pbs.org/contentchannels/2748/Ipa3npBSuII9UpMiNSdSqA.png', mezzanine='null', thumbnail='null'}
D/Daniel Tiger's Neighborhood(28395): Images{poster='null', logo='https://image.pbs.org/contentchannels/1947/PdJvuLgxVv5jpuvMH2rpeg.png', mezzanine='null', thumbnail='null'}
D/Peg + Cat(28395): Images{poster='null', logo='https://image.pbs.org/contentchannels/2053/wEbiQTTlIGMuFLV2LFnJA.png', mezzanine='null', thumbnail='null'}
D/Ready Jet Go(28395): Images{poster='null', logo='https://image.pbs.org/contentchannels/3310/iF6YuUNrJyjUE9UsNpSA.png', mezzanine='null', thumbnail='null'}
I/System.out(28395): body:<com.bumptech.glide.load.data.HttpUrlFetcher: java.io.InputStream loadDataWithRedirects(java.net.URL,int,java.net.URL,java.util.Map)>	sig:virtualinvoke $r4.<java.net.HttpURLConnection: void addRequestProperty(java.lang.String,java.lang.String)>($r14, $r15)	timediff:0
D/Wild Kratts(28395): Images{poster='null', logo='https://image.pbs.org/contentchannels/865/Dj7pLTpNsWPhBGzEKTxOTQ.png', mezzanine='null', thumbnail='null'}
D/Arthur  (28395): Images{poster='null', logo='https://image.pbs.org/contentchannels/1962/KJyu7v7DMJtwwJWfmVGPw.png', mezzanine='null', thumbnail='null'}
D/Splash and Bubbles(28395): Images{poster='null', logo='https://image.pbs.org/contentchannels/3596/AqSRYnZMBnZpLfjfbxDeXA.png', mezzanine='null', thumbnail='null'}
D/Dinosaur Train(28395): Images{poster='null', logo='https://image.pbs.org/contentchannels/1949/yW7SMHq3Kssx9tKKp02k1Q.png', mezzanine='null', thumbnail='null'}
D/Nature Cat(28395): Images{poster='null', logo='https://image.pbs.org/contentchannels/3137/ykQc4UN8DeQRTJt8QvOw.png', mezzanine='null', thumbnail='null'}
D/Cyberchase(28395): Images{poster='null', logo='https://image.pbs.org/contentchannels/1946/lQ1s6ki4zBi6cIriF8YeOQ.png', mezzanine='null', thumbnail='null'}
I/System.out(28395): body:<com.bumptech.glide.load.data.HttpUrlFetcher: java.io.InputStream loadDataWithRedirects(java.net.URL,int,java.net.URL,java.util.Map)>	sig:virtualinvoke $r4.<java.net.HttpURLConnection: void addRequestProperty(java.lang.String,java.lang.String)>($r14, $r15)	timediff:0
D/SUPER WHY!(28395): Images{poster='null', logo='https://image.pbs.org/contentchannels/860/mFJS56ppTovk7xa2EhdVbg.png', mezzanine='null', thumbnail='null'}
D/Thomas & Friends(28395): Images{poster='null', logo='https://image.pbs.org/contentchannels/2316/dB28ojgwLtyWZ7sKs3iQ.png', mezzanine='null', thumbnail='null'}
I/System.out(28395): body:<com.bumptech.glide.load.data.HttpUrlFetcher: java.io.InputStream loadDataWithRedirects(java.net.URL,int,java.net.URL,java.util.Map)>	sig:virtualinvoke $r4.<java.net.HttpURLConnection: void setConnectTimeout(int)>(2500)	timediff:0
D/The Cat in the Hat(28395): Images{poster='null', logo='https://image.pbs.org/contentchannels/94/78jWZFbt9FFuNibwdG2zg.png', mezzanine='null', thumbnail='null'}
I/System.out(28395): body:<com.bumptech.glide.load.data.HttpUrlFetcher: java.io.InputStream loadDataWithRedirects(java.net.URL,int,java.net.URL,java.util.Map)>	sig:virtualinvoke $r4.<java.net.HttpURLConnection: void setReadTimeout(int)>(2500)	timediff:0
D/Bob the Builder(28395): Images{poster='null', logo='https://image.pbs.org/contentchannels/3161/ZmO6WPUXL3M13Qv43sQ7A.png', mezzanine='null', thumbnail='null'}
D/WordGirl(28395): Images{poster='null', logo='https://image.pbs.org/contentchannels/801/4wPnr7qYIMvlcrHc1hsaLQ.png', mezzanine='null', thumbnail='null'}
D/Ruff Ruffman(28395): Images{poster='null', logo='https://image.pbs.org/contentchannels/2916/APOVZ3essEkBW0YokxMuA.png', mezzanine='null', thumbnail='null'}
D/Martha Speaks(28395): Images{poster='null', logo='https://image.pbs.org/contentchannels/879/rUm5ceuQgp5aBqkH9gr4WQ.png', mezzanine='null', thumbnail='null'}
D/SciGirls(28395): Images{poster='null', logo='https://image.pbs.org/contentchannels/1956/VtZ2eQiLPmCG1ihhiisUkw.png', mezzanine='null', thumbnail='null'}
I/System.out(28395): body:<com.bumptech.glide.load.data.HttpUrlFetcher: java.io.InputStream loadDataWithRedirects(java.net.URL,int,java.net.URL,java.util.Map)>	sig:virtualinvoke $r4.<java.net.HttpURLConnection: void setUseCaches(boolean)>(0)	timediff:0
D/Sid the Science Kid(28395): Images{poster='null', logo='https://image.pbs.org/contentchannels/877/3F8d4t1oNxOkYKSSwuxfJA.png', mezzanine='null', thumbnail='null'}
I/System.out(28395): body:<com.bumptech.glide.load.data.HttpUrlFetcher: java.io.InputStream loadDataWithRedirects(java.net.URL,int,java.net.URL,java.util.Map)>	sig:virtualinvoke $r4.<java.net.HttpURLConnection: void setDoInput(boolean)>(1)	timediff:0
D/Word World(28395): Images{poster='null', logo='https://image.pbs.org/contentchannels/1958/zlkpvOeYaHQ51eNE2Ux31w.png', mezzanine='null', thumbnail='null'}
D/Design Squad(28395): Images{poster='null', logo='https://image.pbs.org/contentchannels/1948/Qu3NwO9pRL3SPXYHxoJpOg.png', mezzanine='null', thumbnail='null'}
I/System.out(28395): body:<com.bumptech.glide.load.data.HttpUrlFetcher: java.io.InputStream loadDataWithRedirects(java.net.URL,int,java.net.URL,java.util.Map)>	sig:virtualinvoke $r4.<java.net.HttpURLConnection: void connect()>()	timediff:1
D/Plum Landing(28395): Images{poster='null', logo='https://image.pbs.org/contentchannels/2640/GMbDAMdDvZeBYLRumeX75g.png', mezzanine='null', thumbnail='null'}
D/Fizzy's Lunch Lab(28395): Images{poster='null', logo='https://image.pbs.org/contentchannels/862/WW7yOF2IFnWVNNPMhbyglw.png', mezzanine='null', thumbnail='null'}
D/Clifford the Big Red Dog(28395): Images{poster='null', logo='https://image.pbs.org/contentchannels/1945/0TptoFa9H2ohIPvk5rF9w.png', mezzanine='null', thumbnail='null'}
D/Caillou (28395): Images{poster='null', logo='https://image.pbs.org/contentchannels/2306/dllBhPIiJ38RjyRY4MuA.png', mezzanine='null', thumbnail='null'}
D/Oh Noah!(28395): Images{poster='null', logo='https://image.pbs.org/contentchannels/1941/tTeshCzktyWpxU9eZpoCQ.png', mezzanine='null', thumbnail='null'}
D/The Electric Company(28395): Images{poster='null', logo='https://image.pbs.org/contentchannels/878/l3Rx0tbP15FdvIXMYZhqdg.png', mezzanine='null', thumbnail='null'}
I/NuCachedSource2(  169): ERROR_END_OF_STREAM
I/System.out(28395): body:<com.bumptech.glide.load.data.HttpUrlFetcher: java.io.InputStream loadDataWithRedirects(java.net.URL,int,java.net.URL,java.util.Map)>	sig:$i1 = virtualinvoke $r4.<java.net.HttpURLConnection: int getResponseCode()>()	timediff:17
I/System.out(28395): body:<com.bumptech.glide.load.data.HttpUrlFetcher: java.io.InputStream getStreamForSuccessfulRequest(java.net.HttpURLConnection)>	sig:$r2 = virtualinvoke $r1.<java.net.HttpURLConnection: java.lang.String getContentEncoding()>()	timediff:0
I/System.out(28395): body:<com.bumptech.glide.load.data.HttpUrlFetcher: java.io.InputStream getStreamForSuccessfulRequest(java.net.HttpURLConnection)>	sig:$i1 = virtualinvoke $r1.<java.net.HttpURLConnection: int getContentLength()>()	timediff:0
I/System.out(28395): body:<com.bumptech.glide.load.data.HttpUrlFetcher: java.io.InputStream getStreamForSuccessfulRequest(java.net.HttpURLConnection)>	sig:$r3 = virtualinvoke $r1.<java.net.HttpURLConnection: java.io.InputStream getInputStream()>()	timediff:0
I/System.out(28395): body:<empirical.HelperClass: void printURLInfo(java.lang.String,java.lang.String,java.net.URLConnection)>	sig:$r0 = virtualinvoke urlConnection.<java.net.URLConnection: java.net.URL getURL()>()	timediff:0
I/System.out(28395): body:<empirical.HelperClass: void printURLInfo(java.lang.String,java.lang.String,java.net.URLConnection)>	sig:urlString = virtualinvoke $r0.<java.net.URL: java.lang.String toString()>()	timediff:0
I/System.out(28395): body:<empirical.HelperClass: void printURLInfo(java.lang.String,java.lang.String,java.net.URLConnection)>	sig:isDoOutput = virtualinvoke urlConnection.<java.net.URLConnection: boolean getDoOutput()>()	timediff:0
I/System.out(28395): body:<empirical.HelperClass: java.lang.String getHeaderField(java.net.URLConnection,java.lang.String)>	sig:data = virtualinvoke conn.<java.net.URLConnection: java.lang.String getHeaderField(java.lang.String)>(field)	timediff:0
I/System.out(28395): body:<empirical.HelperClass: java.lang.String getHeaderField(java.net.URLConnection,java.lang.String)>	sig:data = virtualinvoke conn.<java.net.URLConnection: java.lang.String getHeaderField(java.lang.String)>(field)	timediff:0
I/System.out(28395): body:<empirical.HelperClass: java.lang.String getHeaderField(java.net.URLConnection,java.lang.String)>	sig:data = virtualinvoke conn.<java.net.URLConnection: java.lang.String getHeaderField(java.lang.String)>(field)	timediff:0
I/System.out(28395): body:<empirical.HelperClass: java.lang.String getHeaderField(java.net.URLConnection,java.lang.String)>	sig:data = virtualinvoke conn.<java.net.URLConnection: java.lang.String getHeaderField(java.lang.String)>(field)	timediff:0
I/System.out(28395): body:<empirical.HelperClass: java.lang.String getHeaderField(java.net.URLConnection,java.lang.String)>	sig:data = virtualinvoke conn.<java.net.URLConnection: java.lang.String getHeaderField(java.lang.String)>(field)	timediff:0
I/System.out(28395): URLConn;%;21;%;<com.bumptech.glide.load.data.HttpUrlFetcher: java.io.InputStream getStreamForSuccessfulRequest(java.net.HttpURLConnection)>;%;$r3 = virtualinvoke $r1.<java.net.HttpURLConnection: java.io.InputStream getInputStream()>();%;https://image.pbs.org/contentchannels/2640/GMbDAMdDvZeBYLRumeX75g.png.resize.75x75.png;%;false;%;5371;%;max-age=31536000;%;Not found;%;Not found;%;Not found
I/System.out(28395): body:<com.bumptech.glide.load.data.HttpUrlFetcher: void cleanup()>	sig:virtualinvoke $r2.<java.net.HttpURLConnection: void disconnect()>()	timediff:0
D/dalvikvm(28395): GC_CONCURRENT freed 919K, 11% free 8334K/9300K, paused 2ms+3ms, total 17ms
I/Choreographer(28395): Skipped 35 frames!  The application may be doing too much work on its main thread.
W/ContextImpl(  479): Calling a method in the system process without a qualified user: android.app.ContextImpl.sendBroadcast:1123 com.android.server.InputMethodManagerService.hideCurrentInputLocked:1880 com.android.server.InputMethodManagerService.windowGainedFocus:1968 com.android.internal.view.IInputMethodManager$Stub.onTransact:221 com.android.server.InputMethodManagerService.onTransact:818 
D/ccl_BaseCastManager(28395): [v2.8.2] onUiVisibilityChanged() addCallback called
D/ccl_BaseCastManager(28395): [v2.8.2] reconnectSessionIfPossible(10, null)
I/KidsLog KidsMainActivity(28395): Set to Full Screen Mode
I/KidsLog KidsMainActivity(28395): Exit Full Screen Mode
I/ActivityManager(  479): START u0 {act=android.intent.action.MAIN cat=[android.intent.category.HOME] flg=0x10200000 cmp=com.vphone.launcher/.Launcher} from pid 479
I/OMXCodec(  169): [OMX.ffmpeg.h264.decoder] AVC profile = 77 (Main), level = 31
I/OMXCodec(  169): [OMX.ffmpeg.h264.decoder] video dimensions are 320 x 240
D/WEEKLY PICK: Dot's Spot(28395): Images{poster='null', logo='null', mezzanine='null', thumbnail='https://image.pbs.org/contentchannels/881/tQOs8Zouy7zYOeIZR0mmg.png'}
D/Curious George(28395): Images{poster='null', logo='https://image.pbs.org/contentchannels/858/KhJc9VfQ8yBvHNVwUe1g5w.png', mezzanine='null', thumbnail='null'}
D/Odd Squad(28395): Images{poster='null', logo='https://image.pbs.org/contentchannels/2748/Ipa3npBSuII9UpMiNSdSqA.png', mezzanine='null', thumbnail='null'}
D/Daniel Tiger's Neighborhood(28395): Images{poster='null', logo='https://image.pbs.org/contentchannels/1947/PdJvuLgxVv5jpuvMH2rpeg.png', mezzanine='null', thumbnail='null'}
D/Peg + Cat(28395): Images{poster='null', logo='https://image.pbs.org/contentchannels/2053/wEbiQTTlIGMuFLV2LFnJA.png', mezzanine='null', thumbnail='null'}
D/Ready Jet Go(28395): Images{poster='null', logo='https://image.pbs.org/contentchannels/3310/iF6YuUNrJyjUE9UsNpSA.png', mezzanine='null', thumbnail='null'}
D/Wild Kratts(28395): Images{poster='null', logo='https://image.pbs.org/contentchannels/865/Dj7pLTpNsWPhBGzEKTxOTQ.png', mezzanine='null', thumbnail='null'}
D/Arthur  (28395): Images{poster='null', logo='https://image.pbs.org/contentchannels/1962/KJyu7v7DMJtwwJWfmVGPw.png', mezzanine='null', thumbnail='null'}
D/Splash and Bubbles(28395): Images{poster='null', logo='https://image.pbs.org/contentchannels/3596/AqSRYnZMBnZpLfjfbxDeXA.png', mezzanine='null', thumbnail='null'}
D/Dinosaur Train(28395): Images{poster='null', logo='https://image.pbs.org/contentchannels/1949/yW7SMHq3Kssx9tKKp02k1Q.png', mezzanine='null', thumbnail='null'}
D/Nature Cat(28395): Images{poster='null', logo='https://image.pbs.org/contentchannels/3137/ykQc4UN8DeQRTJt8QvOw.png', mezzanine='null', thumbnail='null'}
D/Cyberchase(28395): Images{poster='null', logo='https://image.pbs.org/contentchannels/1946/lQ1s6ki4zBi6cIriF8YeOQ.png', mezzanine='null', thumbnail='null'}
D/SUPER WHY!(28395): Images{poster='null', logo='https://image.pbs.org/contentchannels/860/mFJS56ppTovk7xa2EhdVbg.png', mezzanine='null', thumbnail='null'}
D/Thomas & Friends(28395): Images{poster='null', logo='https://image.pbs.org/contentchannels/2316/dB28ojgwLtyWZ7sKs3iQ.png', mezzanine='null', thumbnail='null'}
I/chromium(28395): [INFO:simple_index_file.cc(397)] Simple Cache Index is being restored from disk.
D/The Cat in the Hat(28395): Images{poster='null', logo='https://image.pbs.org/contentchannels/94/78jWZFbt9FFuNibwdG2zg.png', mezzanine='null', thumbnail='null'}
D/Bob the Builder(28395): Images{poster='null', logo='https://image.pbs.org/contentchannels/3161/ZmO6WPUXL3M13Qv43sQ7A.png', mezzanine='null', thumbnail='null'}
D/WordGirl(28395): Images{poster='null', logo='https://image.pbs.org/contentchannels/801/4wPnr7qYIMvlcrHc1hsaLQ.png', mezzanine='null', thumbnail='null'}
D/Ruff Ruffman(28395): Images{poster='null', logo='https://image.pbs.org/contentchannels/2916/APOVZ3essEkBW0YokxMuA.png', mezzanine='null', thumbnail='null'}
D/Martha Speaks(28395): Images{poster='null', logo='https://image.pbs.org/contentchannels/879/rUm5ceuQgp5aBqkH9gr4WQ.png', mezzanine='null', thumbnail='null'}
D/SciGirls(28395): Images{poster='null', logo='https://image.pbs.org/contentchannels/1956/VtZ2eQiLPmCG1ihhiisUkw.png', mezzanine='null', thumbnail='null'}
D/Sid the Science Kid(28395): Images{poster='null', logo='https://image.pbs.org/contentchannels/877/3F8d4t1oNxOkYKSSwuxfJA.png', mezzanine='null', thumbnail='null'}
D/Word World(28395): Images{poster='null', logo='https://image.pbs.org/contentchannels/1958/zlkpvOeYaHQ51eNE2Ux31w.png', mezzanine='null', thumbnail='null'}
D/Design Squad(28395): Images{poster='null', logo='https://image.pbs.org/contentchannels/1948/Qu3NwO9pRL3SPXYHxoJpOg.png', mezzanine='null', thumbnail='null'}
I/System.out(28395): body:<com.bumptech.glide.load.model.GlideUrl: java.net.URL getSafeUrl()>	sig:specialinvoke $r1.<java.net.URL: void <init>(java.lang.String)>($r2)	timediff:0
I/System.out(28395): <com.bumptech.glide.load.model.GlideUrl: java.net.URL getSafeUrl()>###specialinvoke $r1.<java.net.URL: void <init>(java.lang.String)>($r2)###https://image.pbs.org/contentchannels/881/tQOs8Zouy7zYOeIZR0mmg.png.resize.75x75.png
I/System.out(28395): body:<com.bumptech.glide.load.data.HttpUrlFetcher$DefaultHttpUrlConnectionFactory: java.net.HttpURLConnection build(java.net.URL)>	sig:$r2 = virtualinvoke $r1.<java.net.URL: java.net.URLConnection openConnection()>()	timediff:1
D/dalvikvm(  533): GC_FOR_ALLOC freed 98K, 27% free 15024K/20576K, paused 11ms, total 11ms
I/System.out(28395): body:<com.bumptech.glide.load.data.HttpUrlFetcher: java.io.InputStream loadDataWithRedirects(java.net.URL,int,java.net.URL,java.util.Map)>	sig:virtualinvoke $r4.<java.net.HttpURLConnection: void addRequestProperty(java.lang.String,java.lang.String)>($r14, $r15)	timediff:0
I/System.out(28395): body:<com.bumptech.glide.load.data.HttpUrlFetcher: java.io.InputStream loadDataWithRedirects(java.net.URL,int,java.net.URL,java.util.Map)>	sig:virtualinvoke $r4.<java.net.HttpURLConnection: void addRequestProperty(java.lang.String,java.lang.String)>($r14, $r15)	timediff:0
I/System.out(28395): body:<com.bumptech.glide.load.data.HttpUrlFetcher: java.io.InputStream loadDataWithRedirects(java.net.URL,int,java.net.URL,java.util.Map)>	sig:virtualinvoke $r4.<java.net.HttpURLConnection: void setConnectTimeout(int)>(2500)	timediff:0
I/System.out(28395): body:<com.bumptech.glide.load.data.HttpUrlFetcher: java.io.InputStream loadDataWithRedirects(java.net.URL,int,java.net.URL,java.util.Map)>	sig:virtualinvoke $r4.<java.net.HttpURLConnection: void setReadTimeout(int)>(2500)	timediff:0
I/System.out(28395): body:<com.bumptech.glide.load.data.HttpUrlFetcher: java.io.InputStream loadDataWithRedirects(java.net.URL,int,java.net.URL,java.util.Map)>	sig:virtualinvoke $r4.<java.net.HttpURLConnection: void setUseCaches(boolean)>(0)	timediff:0
I/System.out(28395): body:<com.bumptech.glide.load.data.HttpUrlFetcher: java.io.InputStream loadDataWithRedirects(java.net.URL,int,java.net.URL,java.util.Map)>	sig:virtualinvoke $r4.<java.net.HttpURLConnection: void setDoInput(boolean)>(1)	timediff:0
I/System.out(28395): body:<com.bumptech.glide.load.data.HttpUrlFetcher: java.io.InputStream loadDataWithRedirects(java.net.URL,int,java.net.URL,java.util.Map)>	sig:virtualinvoke $r4.<java.net.HttpURLConnection: void connect()>()	timediff:0
I/System.out(28395): body:<com.bumptech.glide.load.data.HttpUrlFetcher: java.io.InputStream loadDataWithRedirects(java.net.URL,int,java.net.URL,java.util.Map)>	sig:$i1 = virtualinvoke $r4.<java.net.HttpURLConnection: int getResponseCode()>()	timediff:12
I/System.out(28395): body:<com.bumptech.glide.load.data.HttpUrlFetcher: java.io.InputStream getStreamForSuccessfulRequest(java.net.HttpURLConnection)>	sig:$r2 = virtualinvoke $r1.<java.net.HttpURLConnection: java.lang.String getContentEncoding()>()	timediff:0
I/System.out(28395): body:<com.bumptech.glide.load.data.HttpUrlFetcher: java.io.InputStream getStreamForSuccessfulRequest(java.net.HttpURLConnection)>	sig:$i1 = virtualinvoke $r1.<java.net.HttpURLConnection: int getContentLength()>()	timediff:0
I/System.out(28395): body:<com.bumptech.glide.load.data.HttpUrlFetcher: java.io.InputStream getStreamForSuccessfulRequest(java.net.HttpURLConnection)>	sig:$r3 = virtualinvoke $r1.<java.net.HttpURLConnection: java.io.InputStream getInputStream()>()	timediff:0
I/System.out(28395): body:<empirical.HelperClass: void printURLInfo(java.lang.String,java.lang.String,java.net.URLConnection)>	sig:$r0 = virtualinvoke urlConnection.<java.net.URLConnection: java.net.URL getURL()>()	timediff:0
I/System.out(28395): body:<empirical.HelperClass: void printURLInfo(java.lang.String,java.lang.String,java.net.URLConnection)>	sig:urlString = virtualinvoke $r0.<java.net.URL: java.lang.String toString()>()	timediff:0
I/System.out(28395): body:<empirical.HelperClass: void printURLInfo(java.lang.String,java.lang.String,java.net.URLConnection)>	sig:isDoOutput = virtualinvoke urlConnection.<java.net.URLConnection: boolean getDoOutput()>()	timediff:0
I/System.out(28395): body:<empirical.HelperClass: java.lang.String getHeaderField(java.net.URLConnection,java.lang.String)>	sig:data = virtualinvoke conn.<java.net.URLConnection: java.lang.String getHeaderField(java.lang.String)>(field)	timediff:0
I/System.out(28395): body:<empirical.HelperClass: java.lang.String getHeaderField(java.net.URLConnection,java.lang.String)>	sig:data = virtualinvoke conn.<java.net.URLConnection: java.lang.String getHeaderField(java.lang.String)>(field)	timediff:0
I/System.out(28395): body:<empirical.HelperClass: java.lang.String getHeaderField(java.net.URLConnection,java.lang.String)>	sig:data = virtualinvoke conn.<java.net.URLConnection: java.lang.String getHeaderField(java.lang.String)>(field)	timediff:0
I/System.out(28395): body:<empirical.HelperClass: java.lang.String getHeaderField(java.net.URLConnection,java.lang.String)>	sig:data = virtualinvoke conn.<java.net.URLConnection: java.lang.String getHeaderField(java.lang.String)>(field)	timediff:0
I/System.out(28395): body:<empirical.HelperClass: java.lang.String getHeaderField(java.net.URLConnection,java.lang.String)>	sig:data = virtualinvoke conn.<java.net.URLConnection: java.lang.String getHeaderField(java.lang.String)>(field)	timediff:0
I/System.out(28395): URLConn;%;22;%;<com.bumptech.glide.load.data.HttpUrlFetcher: java.io.InputStream getStreamForSuccessfulRequest(java.net.HttpURLConnection)>;%;$r3 = virtualinvoke $r1.<java.net.HttpURLConnection: java.io.InputStream getInputStream()>();%;https://image.pbs.org/contentchannels/881/tQOs8Zouy7zYOeIZR0mmg.png.resize.75x75.png;%;false;%;6662;%;max-age=31536000;%;Not found;%;Not found;%;Not found
I/System.out(28395): body:<com.bumptech.glide.load.data.HttpUrlFetcher: void cleanup()>	sig:virtualinvoke $r2.<java.net.HttpURLConnection: void disconnect()>()	timediff:0
I/System.out(28395): body:<com.bumptech.glide.load.model.GlideUrl: java.net.URL getSafeUrl()>	sig:specialinvoke $r1.<java.net.URL: void <init>(java.lang.String)>($r2)	timediff:0
I/System.out(28395): <com.bumptech.glide.load.model.GlideUrl: java.net.URL getSafeUrl()>###specialinvoke $r1.<java.net.URL: void <init>(java.lang.String)>($r2)###https://image.pbs.org/contentchannels/858/KhJc9VfQ8yBvHNVwUe1g5w.png.resize.75x75.png
I/System.out(28395): body:<com.bumptech.glide.load.data.HttpUrlFetcher$DefaultHttpUrlConnectionFactory: java.net.HttpURLConnection build(java.net.URL)>	sig:$r2 = virtualinvoke $r1.<java.net.URL: java.net.URLConnection openConnection()>()	timediff:1
I/System.out(28395): body:<com.bumptech.glide.load.data.HttpUrlFetcher: java.io.InputStream loadDataWithRedirects(java.net.URL,int,java.net.URL,java.util.Map)>	sig:virtualinvoke $r4.<java.net.HttpURLConnection: void addRequestProperty(java.lang.String,java.lang.String)>($r14, $r15)	timediff:0
I/System.out(28395): body:<com.bumptech.glide.load.data.HttpUrlFetcher: java.io.InputStream loadDataWithRedirects(java.net.URL,int,java.net.URL,java.util.Map)>	sig:virtualinvoke $r4.<java.net.HttpURLConnection: void addRequestProperty(java.lang.String,java.lang.String)>($r14, $r15)	timediff:0
I/System.out(28395): body:<com.bumptech.glide.load.data.HttpUrlFetcher: java.io.InputStream loadDataWithRedirects(java.net.URL,int,java.net.URL,java.util.Map)>	sig:virtualinvoke $r4.<java.net.HttpURLConnection: void setConnectTimeout(int)>(2500)	timediff:0
I/System.out(28395): body:<com.bumptech.glide.load.data.HttpUrlFetcher: java.io.InputStream loadDataWithRedirects(java.net.URL,int,java.net.URL,java.util.Map)>	sig:virtualinvoke $r4.<java.net.HttpURLConnection: void setReadTimeout(int)>(2500)	timediff:0
I/System.out(28395): body:<com.bumptech.glide.load.data.HttpUrlFetcher: java.io.InputStream loadDataWithRedirects(java.net.URL,int,java.net.URL,java.util.Map)>	sig:virtualinvoke $r4.<java.net.HttpURLConnection: void setUseCaches(boolean)>(0)	timediff:0
I/System.out(28395): body:<com.bumptech.glide.load.data.HttpUrlFetcher: java.io.InputStream loadDataWithRedirects(java.net.URL,int,java.net.URL,java.util.Map)>	sig:virtualinvoke $r4.<java.net.HttpURLConnection: void setDoInput(boolean)>(1)	timediff:0
I/System.out(28395): body:<com.bumptech.glide.load.data.HttpUrlFetcher: java.io.InputStream loadDataWithRedirects(java.net.URL,int,java.net.URL,java.util.Map)>	sig:virtualinvoke $r4.<java.net.HttpURLConnection: void connect()>()	timediff:0
I/ActivityManager(  479): START u0 {act=com.android.systemui.recent.action.TOGGLE_RECENTS flg=0x10800000 cmp=com.android.systemui/.recent.RecentsActivity (has extras)} from pid 533
I/System.out(28395): body:<com.bumptech.glide.load.data.HttpUrlFetcher: java.io.InputStream loadDataWithRedirects(java.net.URL,int,java.net.URL,java.util.Map)>	sig:$i1 = virtualinvoke $r4.<java.net.HttpURLConnection: int getResponseCode()>()	timediff:10
I/System.out(28395): body:<com.bumptech.glide.load.data.HttpUrlFetcher: java.io.InputStream getStreamForSuccessfulRequest(java.net.HttpURLConnection)>	sig:$r2 = virtualinvoke $r1.<java.net.HttpURLConnection: java.lang.String getContentEncoding()>()	timediff:0
I/System.out(28395): body:<com.bumptech.glide.load.data.HttpUrlFetcher: java.io.InputStream getStreamForSuccessfulRequest(java.net.HttpURLConnection)>	sig:$i1 = virtualinvoke $r1.<java.net.HttpURLConnection: int getContentLength()>()	timediff:0
I/System.out(28395): body:<com.bumptech.glide.load.data.HttpUrlFetcher: java.io.InputStream getStreamForSuccessfulRequest(java.net.HttpURLConnection)>	sig:$r3 = virtualinvoke $r1.<java.net.HttpURLConnection: java.io.InputStream getInputStream()>()	timediff:0
I/System.out(28395): body:<empirical.HelperClass: void printURLInfo(java.lang.String,java.lang.String,java.net.URLConnection)>	sig:$r0 = virtualinvoke urlConnection.<java.net.URLConnection: java.net.URL getURL()>()	timediff:0
I/System.out(28395): body:<empirical.HelperClass: void printURLInfo(java.lang.String,java.lang.String,java.net.URLConnection)>	sig:urlString = virtualinvoke $r0.<java.net.URL: java.lang.String toString()>()	timediff:0
I/System.out(28395): body:<empirical.HelperClass: void printURLInfo(java.lang.String,java.lang.String,java.net.URLConnection)>	sig:isDoOutput = virtualinvoke urlConnection.<java.net.URLConnection: boolean getDoOutput()>()	timediff:0
I/System.out(28395): body:<empirical.HelperClass: java.lang.String getHeaderField(java.net.URLConnection,java.lang.String)>	sig:data = virtualinvoke conn.<java.net.URLConnection: java.lang.String getHeaderField(java.lang.String)>(field)	timediff:0
I/System.out(28395): body:<empirical.HelperClass: java.lang.String getHeaderField(java.net.URLConnection,java.lang.String)>	sig:data = virtualinvoke conn.<java.net.URLConnection: java.lang.String getHeaderField(java.lang.String)>(field)	timediff:0
I/System.out(28395): body:<empirical.HelperClass: java.lang.String getHeaderField(java.net.URLConnection,java.lang.String)>	sig:data = virtualinvoke conn.<java.net.URLConnection: java.lang.String getHeaderField(java.lang.String)>(field)	timediff:0
I/System.out(28395): body:<empirical.HelperClass: java.lang.String getHeaderField(java.net.URLConnection,java.lang.String)>	sig:data = virtualinvoke conn.<java.net.URLConnection: java.lang.String getHeaderField(java.lang.String)>(field)	timediff:0
I/System.out(28395): body:<empirical.HelperClass: java.lang.String getHeaderField(java.net.URLConnection,java.lang.String)>	sig:data = virtualinvoke conn.<java.net.URLConnection: java.lang.String getHeaderField(java.lang.String)>(field)	timediff:0
I/System.out(28395): URLConn;%;23;%;<com.bumptech.glide.load.data.HttpUrlFetcher: java.io.InputStream getStreamForSuccessfulRequest(java.net.HttpURLConnection)>;%;$r3 = virtualinvoke $r1.<java.net.HttpURLConnection: java.io.InputStream getInputStream()>();%;https://image.pbs.org/contentchannels/858/KhJc9VfQ8yBvHNVwUe1g5w.png.resize.75x75.png;%;false;%;8560;%;max-age=31536000;%;Not found;%;Not found;%;Not found
I/System.out(28395): body:<com.bumptech.glide.load.data.HttpUrlFetcher: void cleanup()>	sig:virtualinvoke $r2.<java.net.HttpURLConnection: void disconnect()>()	timediff:1
I/System.out(28395): body:<com.bumptech.glide.load.model.GlideUrl: java.net.URL getSafeUrl()>	sig:specialinvoke $r1.<java.net.URL: void <init>(java.lang.String)>($r2)	timediff:0
I/System.out(28395): <com.bumptech.glide.load.model.GlideUrl: java.net.URL getSafeUrl()>###specialinvoke $r1.<java.net.URL: void <init>(java.lang.String)>($r2)###https://image.pbs.org/contentchannels/2748/Ipa3npBSuII9UpMiNSdSqA.png.resize.75x75.png
I/System.out(28395): body:<com.bumptech.glide.load.data.HttpUrlFetcher$DefaultHttpUrlConnectionFactory: java.net.HttpURLConnection build(java.net.URL)>	sig:$r2 = virtualinvoke $r1.<java.net.URL: java.net.URLConnection openConnection()>()	timediff:0
I/System.out(28395): body:<com.bumptech.glide.load.data.HttpUrlFetcher: java.io.InputStream loadDataWithRedirects(java.net.URL,int,java.net.URL,java.util.Map)>	sig:virtualinvoke $r4.<java.net.HttpURLConnection: void addRequestProperty(java.lang.String,java.lang.String)>($r14, $r15)	timediff:0
I/System.out(28395): body:<com.bumptech.glide.load.data.HttpUrlFetcher: java.io.InputStream loadDataWithRedirects(java.net.URL,int,java.net.URL,java.util.Map)>	sig:virtualinvoke $r4.<java.net.HttpURLConnection: void addRequestProperty(java.lang.String,java.lang.String)>($r14, $r15)	timediff:0
I/System.out(28395): body:<com.bumptech.glide.load.data.HttpUrlFetcher: java.io.InputStream loadDataWithRedirects(java.net.URL,int,java.net.URL,java.util.Map)>	sig:virtualinvoke $r4.<java.net.HttpURLConnection: void setConnectTimeout(int)>(2500)	timediff:0
I/System.out(28395): body:<com.bumptech.glide.load.data.HttpUrlFetcher: java.io.InputStream loadDataWithRedirects(java.net.URL,int,java.net.URL,java.util.Map)>	sig:virtualinvoke $r4.<java.net.HttpURLConnection: void setReadTimeout(int)>(2500)	timediff:0
I/System.out(28395): body:<com.bumptech.glide.load.data.HttpUrlFetcher: java.io.InputStream loadDataWithRedirects(java.net.URL,int,java.net.URL,java.util.Map)>	sig:virtualinvoke $r4.<java.net.HttpURLConnection: void setUseCaches(boolean)>(0)	timediff:0
I/System.out(28395): body:<com.bumptech.glide.load.data.HttpUrlFetcher: java.io.InputStream loadDataWithRedirects(java.net.URL,int,java.net.URL,java.util.Map)>	sig:virtualinvoke $r4.<java.net.HttpURLConnection: void setDoInput(boolean)>(1)	timediff:0
I/System.out(28395): body:<com.bumptech.glide.load.data.HttpUrlFetcher: java.io.InputStream loadDataWithRedirects(java.net.URL,int,java.net.URL,java.util.Map)>	sig:virtualinvoke $r4.<java.net.HttpURLConnection: void connect()>()	timediff:1
I/System.out(28395): body:<com.bumptech.glide.load.data.HttpUrlFetcher: java.io.InputStream loadDataWithRedirects(java.net.URL,int,java.net.URL,java.util.Map)>	sig:$i1 = virtualinvoke $r4.<java.net.HttpURLConnection: int getResponseCode()>()	timediff:16
I/System.out(28395): body:<com.bumptech.glide.load.data.HttpUrlFetcher: java.io.InputStream getStreamForSuccessfulRequest(java.net.HttpURLConnection)>	sig:$r2 = virtualinvoke $r1.<java.net.HttpURLConnection: java.lang.String getContentEncoding()>()	timediff:0
I/KidsLog KidsMainActivity(28395): Set to Full Screen Mode
I/KidsLog KidsMainActivity(28395): Exit Full Screen Mode
I/System.out(28395): body:<com.bumptech.glide.load.data.HttpUrlFetcher: java.io.InputStream getStreamForSuccessfulRequest(java.net.HttpURLConnection)>	sig:$i1 = virtualinvoke $r1.<java.net.HttpURLConnection: int getContentLength()>()	timediff:0
I/System.out(28395): body:<com.bumptech.glide.load.data.HttpUrlFetcher: java.io.InputStream getStreamForSuccessfulRequest(java.net.HttpURLConnection)>	sig:$r3 = virtualinvoke $r1.<java.net.HttpURLConnection: java.io.InputStream getInputStream()>()	timediff:0
I/System.out(28395): body:<empirical.HelperClass: void printURLInfo(java.lang.String,java.lang.String,java.net.URLConnection)>	sig:$r0 = virtualinvoke urlConnection.<java.net.URLConnection: java.net.URL getURL()>()	timediff:0
I/System.out(28395): body:<empirical.HelperClass: void printURLInfo(java.lang.String,java.lang.String,java.net.URLConnection)>	sig:urlString = virtualinvoke $r0.<java.net.URL: java.lang.String toString()>()	timediff:0
I/System.out(28395): body:<empirical.HelperClass: void printURLInfo(java.lang.String,java.lang.String,java.net.URLConnection)>	sig:isDoOutput = virtualinvoke urlConnection.<java.net.URLConnection: boolean getDoOutput()>()	timediff:0
I/System.out(28395): body:<empirical.HelperClass: java.lang.String getHeaderField(java.net.URLConnection,java.lang.String)>	sig:data = virtualinvoke conn.<java.net.URLConnection: java.lang.String getHeaderField(java.lang.String)>(field)	timediff:0
I/System.out(28395): body:<empirical.HelperClass: java.lang.String getHeaderField(java.net.URLConnection,java.lang.String)>	sig:data = virtualinvoke conn.<java.net.URLConnection: java.lang.String getHeaderField(java.lang.String)>(field)	timediff:0
I/System.out(28395): body:<empirical.HelperClass: java.lang.String getHeaderField(java.net.URLConnection,java.lang.String)>	sig:data = virtualinvoke conn.<java.net.URLConnection: java.lang.String getHeaderField(java.lang.String)>(field)	timediff:0
I/System.out(28395): body:<empirical.HelperClass: java.lang.String getHeaderField(java.net.URLConnection,java.lang.String)>	sig:data = virtualinvoke conn.<java.net.URLConnection: java.lang.String getHeaderField(java.lang.String)>(field)	timediff:0
I/System.out(28395): body:<empirical.HelperClass: java.lang.String getHeaderField(java.net.URLConnection,java.lang.String)>	sig:data = virtualinvoke conn.<java.net.URLConnection: java.lang.String getHeaderField(java.lang.String)>(field)	timediff:0
I/System.out(28395): URLConn;%;24;%;<com.bumptech.glide.load.data.HttpUrlFetcher: java.io.InputStream getStreamForSuccessfulRequest(java.net.HttpURLConnection)>;%;$r3 = virtualinvoke $r1.<java.net.HttpURLConnection: java.io.InputStream getInputStream()>();%;https://image.pbs.org/contentchannels/2748/Ipa3npBSuII9UpMiNSdSqA.png.resize.75x75.png;%;false;%;11776;%;max-age=31536000;%;Not found;%;Not found;%;Not found
I/KidsLog KidsMainActivity(28395): Set to Full Screen Mode
I/System.out(28395): body:<com.bumptech.glide.load.data.HttpUrlFetcher: void cleanup()>	sig:virtualinvoke $r2.<java.net.HttpURLConnection: void disconnect()>()	timediff:0
I/System.out(28395): body:<com.bumptech.glide.load.model.GlideUrl: java.net.URL getSafeUrl()>	sig:specialinvoke $r1.<java.net.URL: void <init>(java.lang.String)>($r2)	timediff:0
I/System.out(28395): <com.bumptech.glide.load.model.GlideUrl: java.net.URL getSafeUrl()>###specialinvoke $r1.<java.net.URL: void <init>(java.lang.String)>($r2)###https://image.pbs.org/contentchannels/1947/PdJvuLgxVv5jpuvMH2rpeg.png.resize.75x75.png
I/System.out(28395): body:<com.bumptech.glide.load.data.HttpUrlFetcher$DefaultHttpUrlConnectionFactory: java.net.HttpURLConnection build(java.net.URL)>	sig:$r2 = virtualinvoke $r1.<java.net.URL: java.net.URLConnection openConnection()>()	timediff:0
I/System.out(28395): body:<com.bumptech.glide.load.data.HttpUrlFetcher: java.io.InputStream loadDataWithRedirects(java.net.URL,int,java.net.URL,java.util.Map)>	sig:virtualinvoke $r4.<java.net.HttpURLConnection: void addRequestProperty(java.lang.String,java.lang.String)>($r14, $r15)	timediff:0
I/System.out(28395): body:<com.bumptech.glide.load.data.HttpUrlFetcher: java.io.InputStream loadDataWithRedirects(java.net.URL,int,java.net.URL,java.util.Map)>	sig:virtualinvoke $r4.<java.net.HttpURLConnection: void addRequestProperty(java.lang.String,java.lang.String)>($r14, $r15)	timediff:0
I/System.out(28395): body:<com.bumptech.glide.load.data.HttpUrlFetcher: java.io.InputStream loadDataWithRedirects(java.net.URL,int,java.net.URL,java.util.Map)>	sig:virtualinvoke $r4.<java.net.HttpURLConnection: void setConnectTimeout(int)>(2500)	timediff:0
I/System.out(28395): body:<com.bumptech.glide.load.data.HttpUrlFetcher: java.io.InputStream loadDataWithRedirects(java.net.URL,int,java.net.URL,java.util.Map)>	sig:virtualinvoke $r4.<java.net.HttpURLConnection: void setReadTimeout(int)>(2500)	timediff:0
I/System.out(28395): body:<com.bumptech.glide.load.data.HttpUrlFetcher: java.io.InputStream loadDataWithRedirects(java.net.URL,int,java.net.URL,java.util.Map)>	sig:virtualinvoke $r4.<java.net.HttpURLConnection: void setUseCaches(boolean)>(0)	timediff:0
