--------- beginning of /dev/log/main
I/Icing   (  713): Indexing F4FAA6262FE39DDD50BAE6B7AF5CDB8D73BA0DB0 from com.google.android.gms
I/Icing   (  713): Indexing done F4FAA6262FE39DDD50BAE6B7AF5CDB8D73BA0DB0
D/AndroidRuntime( 7693): 
D/AndroidRuntime( 7693): >>>>>> AndroidRuntime START com.android.internal.os.RuntimeInit <<<<<<
D/AndroidRuntime( 7693): CheckJNI is OFF
D/dalvikvm( 7693): Using executionMode 2
D/dalvikvm( 7693): Trying to load lib libjavacore.so 0x0
D/dalvikvm( 7693): Added shared lib libjavacore.so 0x0
D/dalvikvm( 7693): Trying to load lib libnativehelper.so 0x0
D/dalvikvm( 7693): Added shared lib libnativehelper.so 0x0
D/dalvikvm( 7693): No JNI_OnLoad found in libnativehelper.so 0x0, skipping init
D/dalvikvm( 7693): Note: class Landroid/app/ActivityManagerNative; has 179 unimplemented (abstract) methods
E/memtrack( 7693): Couldn't load memtrack module (No such file or directory)
E/android.os.Debug( 7693): failed to load memtrack module: -2
D/AndroidRuntime( 7693): Calling main entry com.android.commands.monkey.Monkey
--------- beginning of /dev/log/system
W/BroadcastQueue(  464): Skipping deliver [background] BroadcastRecord{4b1b0b5c u-1 android.net.conn.CONNECTIVITY_CHANGE} to ReceiverList{4ad3bb0c 7693 (unknown name)/0/u-1 remote:4a995dc8}: process crashing
I/ActivityManager(  464): START u0 {act=android.intent.action.MAIN cat=[android.intent.category.LAUNCHER] flg=0x10200000 cmp=com.emojifamily.emoji.keyboard.style.coloremoji/com.emojifamily.emoji.keyboard.style.happyemoji.MainActivity} from pid 7693
D/WebViewTimersControl(31424): onBrowserActivityPause
D/WebViewTimersControl(31424): Pausing webview timers, view=com.android.browser.BrowserWebView{4a7e3464 VFEDHVCL .F...... 0,0-720,1164}
I/ActivityManager(  464): Start proc com.emojifamily.emoji.keyboard.style.coloremoji for activity com.emojifamily.emoji.keyboard.style.coloremoji/com.emojifamily.emoji.keyboard.style.happyemoji.MainActivity: pid=7703 uid=10179 gids={50179, 3003, 1028, 1015, 1023, 3002, 3001}
W/NetworkManagementSocketTagger(  464): setKernelCountSet(10179, 1) failed with errno -13
I/dalvikvm( 7703): ignoring registerObject request in thread=1
I/dalvikvm( 7703): ignoring registerObject request in thread=1
I/MultiDex( 7703): VM with version 1.6.0 does not have multidex support
I/MultiDex( 7703): install
I/MultiDex( 7703): MultiDexExtractor.load(/data/app/com.emojifamily.emoji.keyboard.style.coloremoji-1.apk, false)
I/MultiDex( 7703): Detected that extraction must be performed.
D/dalvikvm( 7703): JIT code cache reset in 0 ms (0 bytes 1/0)
D/dalvikvm( 7703): GC_CONCURRENT freed 159K, 7% free 3014K/3228K, paused 2ms+0ms, total 4ms
D/dalvikvm( 7703): GC_CONCURRENT freed 108K, 5% free 3292K/3456K, paused 2ms+1ms, total 4ms
I/MultiDex( 7703): load found 0 secondary dex files
I/MultiDex( 7703): install done
I/MultiDex( 7703): install
I/dalvikvm( 7703): Could not find method android.content.pm.PackageManager.getPackageInstaller, referenced from method com.google.android.gms.common.k.zzi
W/dalvikvm( 7703): VFY: unable to resolve virtual method 813: Landroid/content/pm/PackageManager;.getPackageInstaller ()Landroid/content/pm/PackageInstaller;
D/dalvikvm( 7703): VFY: replacing opcode 0x6e at 0x000c
I/GMPM    ( 7703): App measurement is starting up, version: 8487
I/GMPM    ( 7703): To enable debug logging run: adb shell setprop log.tag.GMPM VERBOSE
E/GMPM    ( 7703): GoogleService failed to initialize, status: 10, Missing an expected resource: 'R.string.google_app_id' for initializing Google services.  Possible causes are missing google-services.json or com.google.gms.google-services gradle plugin.
E/GMPM    ( 7703): Scheduler not set. Not logging error/warn.
D/dalvikvm( 7703): GC_CONCURRENT freed 235K, 8% free 3458K/3748K, paused 4ms+3ms, total 8ms
E/GMPM    ( 7703): Uploading is not possible. App measurement disabled
D/dalvikvm( 7703): Trying to load lib /data/app-lib/com.emojifamily.emoji.keyboard.style.coloremoji-1/libdc-jni.so 0x94fda348
D/dalvikvm( 7703): Added shared lib /data/app-lib/com.emojifamily.emoji.keyboard.style.coloremoji-1/libdc-jni.so 0x94fda348
D/dalvikvm( 7703): No JNI_OnLoad found in /data/app-lib/com.emojifamily.emoji.keyboard.style.coloremoji-1/libdc-jni.so 0x94fda348, skipping init
D/dalvikvm( 7703): GC_FOR_ALLOC freed 856K, 23% free 3116K/4024K, paused 2ms, total 6ms
D/MyLocation( 7703): GPS provider
D/DataFetcher( 7703): Got the location!
D/dalvikvm( 7703): GC_CONCURRENT freed <1K, 23% free 3117K/4024K, paused 3ms+1ms, total 6ms
I/ActivityManager(  464): START u0 {cmp=com.emojifamily.emoji.keyboard.style.coloremoji/com.emojifamily.emoji.keyboard.style.happyemoji.SplashActivity} from pid 7703
W/ActivityManager(  464): Activity is launching as a new task, so cancelling activity result.
V/WebViewChromium( 7703): Binding Chromium to the main looper Looper (main, tid 1) {4a7e9f18}
I/chromium( 7703): [INFO:library_loader_hooks.cc(112)] Chromium logging enabled: level = 0, default verbosity = 0
I/BrowserProcessMain( 7703): Initializing chromium process, renderers=0
W/chromium( 7703): [WARNING:proxy_service.cc(888)] PAC support disabled because there is no system implementation
D/libEGL  ( 7703): loaded /system/lib/egl/libEGL_adreno.so
D/        ( 7703): HostConnection::get() New Host Connection established 0xb87809e0, tid 7703
D/libEGL  ( 7703): loaded /system/lib/egl/libGLESv1_CM_adreno.so
D/libEGL  ( 7703): loaded /system/lib/egl/libGLESv2_adreno.so
W/ActivityManager(  464): Activity pause timeout for ActivityRecord{4a8af3d8 u0 com.emojifamily.emoji.keyboard.style.coloremoji/com.emojifamily.emoji.keyboard.style.happyemoji.MainActivity t503}
D/dalvikvm( 7703): GC_CONCURRENT freed 168K, 18% free 3334K/4024K, paused 4ms+1ms, total 6ms
D/dalvikvm( 7703): WAIT_FOR_CONCURRENT_GC blocked 3ms
I/dalvikvm-heap( 7703): Grow heap (frag case) to 3.359MB for 56388-byte allocation
D/dalvikvm( 7703): GC_FOR_ALLOC freed <1K, 17% free 3389K/4080K, paused 3ms, total 3ms
D/dalvikvm( 7703): GC_FOR_ALLOC freed <1K, 17% free 3390K/4080K, paused 4ms, total 4ms
I/dalvikvm-heap( 7703): Grow heap (frag case) to 3.965MB for 635808-byte allocation
D/dalvikvm( 7703): GC_FOR_ALLOC freed <1K, 15% free 4011K/4704K, paused 8ms, total 8ms
D/dalvikvm( 7703): GC_CONCURRENT freed 0K, 15% free 4011K/4704K, paused 2ms+0ms, total 4ms
D/dalvikvm( 7703): GC_FOR_ALLOC freed 31K, 15% free 4006K/4704K, paused 4ms, total 4ms
I/dalvikvm-heap( 7703): Grow heap (frag case) to 4.524MB for 589836-byte allocation
D/dalvikvm( 7703): GC_CONCURRENT freed <1K, 14% free 4582K/5284K, paused 3ms+0ms, total 6ms
W/System.err( 7703): android.content.pm.PackageManager$NameNotFoundException: com.emojifamily.emoji.keyboard.tool.adunlocker
W/System.err( 7703): 	at android.app.ApplicationPackageManager.getPackageInfo(ApplicationPackageManager.java:82)
W/System.err( 7703): 	at com.emojifamily.emoji.keyboard.style.utils.Util.isInstalled(SourceFile:47)
W/System.err( 7703): 	at com.emojifamily.emoji.keyboard.style.utils.Util.isAppUsedInCN(SourceFile:139)
W/System.err( 7703): 	at com.emojifamily.emoji.keyboard.style.happyemoji.MainActivity.onCreate(SourceFile:110)
W/System.err( 7703): 	at android.app.Activity.performCreate(Activity.java:5231)
W/System.err( 7703): 	at android.app.Instrumentation.callActivityOnCreate(Instrumentation.java:1104)
W/System.err( 7703): 	at android.app.ActivityThread.performLaunchActivity(ActivityThread.java:2157)
W/System.err( 7703): 	at android.app.ActivityThread.handleLaunchActivity(ActivityThread.java:2243)
W/System.err( 7703): 	at android.app.ActivityThread.access$800(ActivityThread.java:135)
W/System.err( 7703): 	at android.app.ActivityThread$H.handleMessage(ActivityThread.java:1196)
W/System.err( 7703): 	at android.os.Handler.dispatchMessage(Handler.java:102)
W/System.err( 7703): 	at android.os.Looper.loop(Looper.java:136)
W/System.err( 7703): 	at android.app.ActivityThread.main(ActivityThread.java:5019)
W/System.err( 7703): 	at java.lang.reflect.Method.invokeNative(Native Method)
W/System.err( 7703): 	at java.lang.reflect.Method.invoke(Method.java:515)
W/System.err( 7703): 	at com.android.internal.os.ZygoteInit$MethodAndArgsCaller.run(ZygoteInit.java:779)
W/System.err( 7703): 	at com.android.internal.os.ZygoteInit.main(ZygoteInit.java:595)
W/System.err( 7703): 	at dalvik.system.NativeStart.main(Native Method)
D/MoPub   ( 7703): Can't load an ad because there is no network connectivity.
D/MoPub   ( 7703): Can't load an ad because there is no network connectivity.
D/Util    ( 7703): isNetworkAvailable 
W/System.err( 7703): android.content.pm.PackageManager$NameNotFoundException: com.emojifamily.emoji.keyboard.tool.adunlocker
W/System.err( 7703): 	at android.app.ApplicationPackageManager.getPackageInfo(ApplicationPackageManager.java:82)
W/System.err( 7703): 	at com.emojifamily.emoji.keyboard.style.utils.Util.isInstalled(SourceFile:47)
W/System.err( 7703): 	at com.emojifamily.emoji.keyboard.style.utils.Util.isAppUsedInCN(SourceFile:139)
W/System.err( 7703): 	at com.emojifamily.emoji.keyboard.style.happyemoji.MainActivity.onCreate(SourceFile:135)
W/System.err( 7703): 	at android.app.Activity.performCreate(Activity.java:5231)
W/System.err( 7703): 	at android.app.Instrumentation.callActivityOnCreate(Instrumentation.java:1104)
W/System.err( 7703): 	at android.app.ActivityThread.performLaunchActivity(ActivityThread.java:2157)
W/System.err( 7703): 	at android.app.ActivityThread.handleLaunchActivity(ActivityThread.java:2243)
W/System.err( 7703): 	at android.app.ActivityThread.access$800(ActivityThread.java:135)
W/System.err( 7703): 	at android.app.ActivityThread$H.handleMessage(ActivityThread.java:1196)
W/System.err( 7703): 	at android.os.Handler.dispatchMessage(Handler.java:102)
W/System.err( 7703): 	at android.os.Looper.loop(Looper.java:136)
W/System.err( 7703): 	at android.app.ActivityThread.main(ActivityThread.java:5019)
W/System.err( 7703): 	at java.lang.reflect.Method.invokeNative(Native Method)
W/System.err( 7703): 	at java.lang.reflect.Method.invoke(Method.java:515)
W/System.err( 7703): 	at com.android.internal.os.ZygoteInit$MethodAndArgsCaller.run(ZygoteInit.java:779)
W/System.err( 7703): 	at com.android.internal.os.ZygoteInit.main(ZygoteInit.java:595)
W/System.err( 7703): 	at dalvik.system.NativeStart.main(Native Method)
I/dalvikvm( 7703): Could not find method android.app.Notification$Builder.setLocalOnly, referenced from method com.google.android.gms.common.GooglePlayServicesUtil.zza
W/dalvikvm( 7703): VFY: unable to resolve virtual method 551: Landroid/app/Notification$Builder;.setLocalOnly (Z)Landroid/app/Notification$Builder;
D/dalvikvm( 7703): VFY: replacing opcode 0x6e at 0x0106
W/SocketClient(  163): write error (Broken pipe)
D/dalvikvm( 7703): GC_CONCURRENT freed 430K, 11% free 4703K/5284K, paused 1ms+3ms, total 17ms
I/GAv4    ( 7703): Google Analytics 8.4.87 is starting up. To enable debug logging on a device run:
I/GAv4    ( 7703):   adb shell setprop log.tag.GAv4 DEBUG
I/GAv4    ( 7703):   adb logcat -s GAv4
D/DataFetcher( 7703): Got the location!
D/MoPub   ( 7703): Can't load an ad because there is no network connectivity.
W/GAv4    ( 7703): AnalyticsReceiver is not registered or is disabled. Register the receiver for reliable dispatching on non-Google Play devices. See http://goo.gl/8Rd3yj for instructions.
D/dalvikvm( 7703): GC_CONCURRENT freed 505K, 11% free 4769K/5356K, paused 1ms+2ms, total 10ms
W/GAv4    ( 7703): CampaignTrackingReceiver is not registered, not exported or is disabled. Installation campaign tracking is not possible. See http://goo.gl/8Rd3yj for instructions.
W/GAv4    ( 7703): AnalyticsService not registered in the app manifest. Hits might not be delivered reliably. See http://goo.gl/8Rd3yj for instructions.
W/DebugConnManager( 7703): getNetworkInfo() on networkType 1
W/DebugConnManager( 7703): getNetworkInfo() on networkType 0
D/dalvikvm( 7703): GC_CONCURRENT freed 585K, 12% free 4792K/5432K, paused 1ms+1ms, total 6ms
W/DebugConnManager( 7703): getNetworkInfo() on networkType 1
W/DebugConnManager( 7703): getNetworkInfo() on networkType 0
W/DebugConnManager( 7703): getNetworkInfo() on networkType 1
W/DebugConnManager( 7703): getNetworkInfo() on networkType 0
W/EGL_emulation( 7703): eglSurfaceAttrib not implemented 3093 12436
D/OpenGLRenderer( 7703): Enabling debug mode 0
W/ViewRootImpl( 7703): Dropping event due to no window focus: KeyEvent { action=ACTION_DOWN, keyCode=KEYCODE_DPAD_DOWN, scanCode=0, metaState=0, flags=0x8, repeatCount=0, eventTime=15389380, downTime=15389380, deviceId=-1, source=0x101 }
W/ContextImpl(  464): Calling a method in the system process without a qualified user: android.app.ContextImpl.sendBroadcast:1123 com.android.server.InputMethodManagerService.hideCurrentInputLocked:1880 com.android.server.InputMethodManagerService.windowGainedFocus:1968 com.android.internal.view.IInputMethodManager$Stub.onTransact:221 com.android.server.InputMethodManagerService.onTransact:818 
W/IInputConnectionWrapper(31424): showStatusIcon on inactive InputConnection
W/dalvikvm( 7703): VFY: unable to find class referenced in signature (Lokhttp3/Request;)
W/dalvikvm( 7703): VFY: unable to find class referenced in signature (Lokhttp3/Response;)
I/dalvikvm( 7703): Could not find method okhttp3.Response.headers, referenced from method empirical.HelperClass.printOkHttpInfo
I/ActivityManager(  464): Displayed com.emojifamily.emoji.keyboard.style.coloremoji/com.emojifamily.emoji.keyboard.style.happyemoji.SplashActivity: +890ms (total +14s714ms)
W/dalvikvm( 7703): VFY: unable to resolve virtual method 40309: Lokhttp3/Response;.headers ()Lokhttp3/Headers;
D/dalvikvm( 7703): VFY: replacing opcode 0x6e at 0x0006
W/dalvikvm( 7703): VFY: unable to find class referenced in signature (Lokhttp3/Call;)
W/dalvikvm( 7703): VFY: unable to find class referenced in signature (Lokhttp3/Response;)
I/dalvikvm( 7703): Could not find method okhttp3.Call.request, referenced from method empirical.HelperClass.printOkHttpInfoFromCall
W/dalvikvm( 7703): VFY: unable to resolve interface method 40303: Lokhttp3/Call;.request ()Lokhttp3/Request;
D/dalvikvm( 7703): VFY: replacing opcode 0x72 at 0x0006
I/System.out( 7703): body:<com.b.a.a.f: void run()>	sig:$r8 = virtualinvoke $r7.<java.net.URI: java.lang.String getScheme()>()	timediff:0
W/SocketClient(  163): write error (Broken pipe)
W/NetworkManagementSocketTagger(  464): setKernelCountSet(10017, 0) failed with errno -13
I/ActivityManager(  464): START u0 {act=android.intent.action.MAIN cat=[android.intent.category.HOME] flg=0x10200000 cmp=com.vphone.launcher/.Launcher} from pid 464
D/dalvikvm(  464): GC_FOR_ALLOC freed 967K, 53% free 11996K/25208K, paused 16ms, total 16ms
W/ViewRootImpl( 7703): Dropping event due to no window focus: KeyEvent { action=ACTION_DOWN, keyCode=KEYCODE_MENU, scanCode=0, metaState=0, flags=0x8, repeatCount=0, eventTime=15391504, downTime=15391504, deviceId=-1, source=0x101 }
W/ViewRootImpl( 7703): Dropping event due to no window focus: KeyEvent { action=ACTION_DOWN, keyCode=KEYCODE_MENU, scanCode=0, metaState=0, flags=0x8, repeatCount=0, eventTime=15391512, downTime=15391512, deviceId=-1, source=0x101 }
W/EGL_emulation( 7703): eglSurfaceAttrib not implemented 3093 12436
W/ViewRootImpl( 7703): Dropping event due to no window focus: KeyEvent { action=ACTION_DOWN, keyCode=KEYCODE_DPAD_LEFT, scanCode=0, metaState=0, flags=0x8, repeatCount=0, eventTime=15391519, downTime=15391519, deviceId=-1, source=0x101 }
I/ActivityManager(  464): START u0 {act=android.intent.action.CALL_BUTTON flg=0x10000000} from pid 7703
W/PhoneFallbackEventHandler( 7703): No activity found for android.intent.action.CALL_BUTTON.
W/InputMethodManagerService(  464): Window already focused, ignoring focus gain of: com.android.internal.view.IInputMethodClient$Stub$Proxy@4aed9ae0 attribute=null, token = android.os.BinderProxy@4a9a47a8
I/InputDispatcher(  464): Dropped event because of pending overdue app switch.
W/InputManager(  464): Input event injection from pid 7693 failed.
D/dalvikvm( 8629): GC_FOR_ALLOC freed 5690K, 62% free 4886K/12748K, paused 2ms, total 2ms
I/dalvikvm-heap( 8629): Grow heap (frag case) to 8.335MB for 3686412-byte allocation
D/dalvikvm( 8629): GC_FOR_ALLOC freed 0K, 34% free 8486K/12748K, paused 5ms, total 5ms
D/dalvikvm( 8629): GC_CONCURRENT freed 7K, 34% free 8478K/12748K, paused 2ms+0ms, total 5ms
I/ActivityManager(  464): START u0 {act=android.intent.action.MAIN cat=[android.intent.category.HOME] flg=0x10200000 cmp=com.vphone.launcher/.Launcher} from pid 464
W/EGL_emulation( 8629): eglSurfaceAttrib not implemented 3093 12436
W/ViewRootImpl( 7703): Dropping event due to no window focus: KeyEvent { action=ACTION_DOWN, keyCode=KEYCODE_POUND, scanCode=0, metaState=0, flags=0x8, repeatCount=0, eventTime=15392354, downTime=15392354, deviceId=-1, source=0x101 }
I/ActivityManager(  464): START u0 {act=com.android.systemui.recent.action.TOGGLE_RECENTS flg=0x10800000 cmp=com.android.systemui/.recent.RecentsActivity (has extras)} from pid 532
D/dalvikvm(  464): GC_CONCURRENT freed 2239K, 53% free 11953K/25208K, paused 0ms+1ms, total 20ms
D/dalvikvm(  464): WAIT_FOR_CONCURRENT_GC blocked 15ms
W/EGL_emulation( 7703): eglSurfaceAttrib not implemented 3093 12436
I/WearableService(  654): Wearable Services stopping
W/ViewRootImpl( 7703): Dropping event due to no window focus: KeyEvent { action=ACTION_DOWN, keyCode=KEYCODE_Z, scanCode=0, metaState=0, flags=0x8, repeatCount=0, eventTime=15392748, downTime=15392748, deviceId=-1, source=0x101 }
W/InputMethodManagerService(  464): Window already focused, ignoring focus gain of: com.android.internal.view.IInputMethodClient$Stub$Proxy@4ae5aa1c attribute=null, token = android.os.BinderProxy@4a9a47a8
I/InputDispatcher(  464): Dropped event because of pending overdue app switch.
W/InputManager(  464): Input event injection from pid 7693 failed.
D/dalvikvm( 7703): GC_CONCURRENT freed 461K, 11% free 4879K/5432K, paused 1ms+1ms, total 4ms
W/EGL_emulation( 7703): eglSurfaceAttrib not implemented 3093 12436
W/ViewRootImpl( 7703): Dropping event due to no window focus: KeyEvent { action=ACTION_DOWN, keyCode=KEYCODE_DPAD_CENTER, scanCode=0, metaState=0, flags=0x8, repeatCount=0, eventTime=15392894, downTime=15392894, deviceId=-1, source=0x101 }
W/InputMethodManagerService(  464): Window already focused, ignoring focus gain of: com.android.internal.view.IInputMethodClient$Stub$Proxy@4a98faec attribute=null, token = android.os.BinderProxy@4a9a47a8
I/ActivityManager(  464): START u0 {act=android.intent.action.MAIN cat=[android.intent.category.LAUNCHER] flg=0x10200000 cmp=com.emojifamily.emoji.keyboard.style.coloremoji/com.emojifamily.emoji.keyboard.style.happyemoji.MainActivity} from pid 7693
D/dalvikvm( 8629): GC_FOR_ALLOC freed 9K, 34% free 8485K/12748K, paused 2ms, total 2ms
I/dalvikvm-heap( 8629): Grow heap (frag case) to 10.313MB for 2073612-byte allocation
D/dalvikvm( 8629): GC_FOR_ALLOC freed <1K, 18% free 10509K/12748K, paused 1ms, total 1ms
D/dalvikvm( 8629): GC_CONCURRENT freed 0K, 18% free 10510K/12748K, paused 0ms+1ms, total 2ms
D/dalvikvm(  464): GC_FOR_ALLOC freed 528K, 53% free 11984K/25208K, paused 14ms, total 17ms
D/dalvikvm( 7703): GC_FOR_ALLOC freed 162K, 11% free 4858K/5432K, paused 6ms, total 6ms
I/dalvikvm-heap( 7703): Grow heap (frag case) to 6.771MB for 2073612-byte allocation
D/dalvikvm(  464): GC_FOR_ALLOC freed 48K, 45% free 14090K/25208K, paused 17ms, total 19ms
I/dalvikvm-heap(  464): Grow heap (frag case) to 15.792MB for 2073612-byte allocation
D/dalvikvm( 7703): GC_FOR_ALLOC freed 1K, 8% free 6882K/7460K, paused 7ms, total 7ms
D/dalvikvm( 7703): GC_CONCURRENT freed 0K, 8% free 6882K/7460K, paused 4ms+1ms, total 8ms
D/dalvikvm(  464): GC_FOR_ALLOC freed 7K, 41% free 16108K/27236K, paused 18ms, total 18ms
D/dalvikvm( 7703): GC_FOR_ALLOC freed 3K, 8% free 7305K/7884K, paused 3ms, total 3ms
I/dalvikvm-heap( 7703): Grow heap (frag case) to 9.160MB for 2073612-byte allocation
D/dalvikvm( 7703): GC_CONCURRENT freed 0K, 6% free 9330K/9912K, paused 2ms+1ms, total 7ms
D/dalvikvm( 7703): WAIT_FOR_CONCURRENT_GC blocked 1ms
D/dalvikvm( 7703): GC_FOR_ALLOC freed <1K, 6% free 9331K/9912K, paused 3ms, total 3ms
I/dalvikvm-heap( 7703): Grow heap (frag case) to 11.139MB for 2073612-byte allocation
D/dalvikvm( 7703): GC_FOR_ALLOC freed <1K, 5% free 11356K/11940K, paused 3ms, total 3ms
D/dalvikvm(  464): GC_FOR_ALLOC freed 2K, 41% free 16113K/27236K, paused 14ms, total 14ms
I/dalvikvm-heap(  464): Grow heap (frag case) to 17.768MB for 2073612-byte allocation
D/dalvikvm(  464): GC_FOR_ALLOC freed <1K, 39% free 18138K/29264K, paused 13ms, total 13ms
D/dalvikvm(  532): GC_FOR_ALLOC freed 976K, 52% free 10490K/21464K, paused 2ms, total 3ms
W/ContextImpl(  464): Calling a method in the system process without a qualified user: android.app.ContextImpl.sendBroadcast:1123 com.android.server.NotificationManagerService$6.run:1838 android.os.Handler.handleCallback:733 android.os.Handler.dispatchMessage:95 android.os.Looper.loop:136 
D/dalvikvm(  532): GC_CONCURRENT freed 13K, 40% free 12971K/21464K, paused 2ms+1ms, total 6ms
D/dalvikvm(  532): WAIT_FOR_CONCURRENT_GC blocked 7ms
D/dalvikvm(  464): GC_FOR_ALLOC freed 12K, 39% free 18143K/29264K, paused 21ms, total 22ms
I/dalvikvm-heap(  464): Grow heap (frag case) to 19.750MB for 2073612-byte allocation
D/dalvikvm(  464): GC_FOR_ALLOC freed 1K, 36% free 20167K/31292K, paused 16ms, total 16ms
W/EGL_emulation( 7703): eglSurfaceAttrib not implemented 3093 12436
D/dalvikvm(  464): GC_FOR_ALLOC freed 2031K, 43% free 18139K/31292K, paused 20ms, total 20ms
D/dalvikvm(  464): GC_FOR_ALLOC freed 1K, 36% free 20280K/31292K, paused 21ms, total 21ms
I/dalvikvm-heap(  464): Grow heap (frag case) to 21.837MB for 2073612-byte allocation
D/dalvikvm(  464): GC_FOR_ALLOC freed <1K, 34% free 22305K/33320K, paused 16ms, total 16ms
W/ViewRootImpl( 7703): Dropping event due to no window focus: KeyEvent { action=ACTION_DOWN, keyCode=KEYCODE_DPAD_RIGHT, scanCode=0, metaState=0, flags=0x8, repeatCount=0, eventTime=15393495, downTime=15393495, deviceId=-1, source=0x101 }
W/WindowManager(  464): updateFocusedWindowLocked, focusedAppToken is null.
W/ViewRootImpl(  532): Dropping event due to no window focus: KeyEvent { action=ACTION_DOWN, keyCode=KEYCODE_DPAD_LEFT, scanCode=0, metaState=0, flags=0x8, repeatCount=0, eventTime=15394206, downTime=15394206, deviceId=-1, source=0x101 }
W/SurfaceFlinger(  167): couldn't log to binary event log: overflow.
W/ViewRootImpl(  532): Dropping event due to no window focus: KeyEvent { action=ACTION_DOWN, keyCode=KEYCODE_MUHENKAN, scanCode=0, metaState=0, flags=0x8, repeatCount=0, eventTime=15394265, downTime=15394265, deviceId=-1, source=0x101 }
W/ContextImpl(  464): Calling a method in the system process without a qualified user: android.app.ContextImpl.sendBroadcast:1123 com.android.server.InputMethodManagerService.hideCurrentInputLocked:1880 com.android.server.InputMethodManagerService.windowGainedFocus:1968 com.android.internal.view.IInputMethodManager$Stub.onTransact:221 com.android.server.InputMethodManagerService.onTransact:818 
W/InputMethodManagerService(  464): Focus gain on non-focused client com.android.internal.view.IInputMethodClient$Stub$Proxy@4acc9f38 (uid=10179 pid=7703)
W/InputMethodManagerService(  464): Starting input on non-focused client com.android.internal.view.IInputMethodClient$Stub$Proxy@4acc9f38 (uid=10179 pid=7703)
W/InputEventReceiver(  532): Attempted to finish an input event but the input event receiver has already been disposed.
W/ViewRootImpl( 7703): Dropping event due to no window focus: MotionEvent { action=ACTION_MOVE, id[0]=0, x[0]=0.0, y[0]=2.0, toolType[0]=TOOL_TYPE_UNKNOWN, buttonState=0, metaState=0, flags=0x0, edgeFlags=0x0, pointerCount=1, historySize=0, eventTime=15394961, downTime=-1, deviceId=0, source=0x10004 }
W/ContextImpl(  464): Calling a method in the system process without a qualified user: android.app.ContextImpl.sendBroadcast:1123 com.android.server.InputMethodManagerService.hideCurrentInputLocked:1880 com.android.server.InputMethodManagerService.windowGainedFocus:1968 com.android.internal.view.IInputMethodManager$Stub.onTransact:221 com.android.server.InputMethodManagerService.onTransact:818 
W/WindowManager(  464): updateFocusedWindowLocked, focusedAppToken is null.
W/ContextImpl(  464): Calling a method in the system process without a qualified user: android.app.ContextImpl.sendBroadcast:1123 com.android.server.InputMethodManagerService.hideCurrentInputLocked:1880 com.android.server.InputMethodManagerService.windowGainedFocus:1968 com.android.internal.view.IInputMethodManager$Stub.onTransact:221 com.android.server.InputMethodManagerService.onTransact:818 
W/EGL_emulation( 7703): eglSurfaceAttrib not implemented 3093 12436
W/InputMethodManagerService(  464): Starting input on non-focused client com.android.internal.view.IInputMethodClient$Stub$Proxy@4acc9f38 (uid=10179 pid=7703)
I/ActivityManager(  464): START u0 {act=android.intent.action.MAIN cat=[android.intent.category.LAUNCHER] flg=0x10200000 cmp=com.emojifamily.emoji.keyboard.style.coloremoji/com.emojifamily.emoji.keyboard.style.happyemoji.MainActivity} from pid 7693
W/InputEventReceiver(  532): Attempted to finish an input event but the input event receiver has already been disposed.
W/InputEventReceiver(  532): Attempted to finish an input event but the input event receiver has already been disposed.
W/InputEventReceiver(  532): Attempted to finish an input event but the input event receiver has already been disposed.
W/InputEventReceiver(  532): Attempted to finish an input event but the input event receiver has already been disposed.
W/InputEventReceiver(  532): Attempted to finish an input event but the input event receiver has already been disposed.
W/InputEventReceiver(  532): Attempted to finish an input event but the input event receiver has already been disposed.
W/InputEventReceiver(  532): Attempted to finish an input event but the input event receiver has already been disposed.
W/InputEventReceiver(  532): Attempted to finish an input event but the input event receiver has already been disposed.
W/ViewRootImpl(  532): Dropping event due to root view being removed: MotionEvent { action=ACTION_UP, id[0]=0, x[0]=308.02353, y[0]=191.14526, toolType[0]=TOOL_TYPE_UNKNOWN, buttonState=0, metaState=0, flags=0x0, edgeFlags=0x0, pointerCount=1, historySize=0, eventTime=15395731, downTime=15395729, deviceId=0, source=0x1002 }
W/ViewRootImpl(  532): Dropping event due to root view being removed: MotionEvent { action=ACTION_DOWN, id[0]=0, x[0]=436.0, y[0]=-474.0, toolType[0]=TOOL_TYPE_UNKNOWN, buttonState=0, metaState=0, flags=0x0, edgeFlags=0x0, pointerCount=1, historySize=0, eventTime=15395754, downTime=15395754, deviceId=0, source=0x1002 }
W/ViewRootImpl(  532): Dropping event due to root view being removed: MotionEvent { action=ACTION_MOVE, id[0]=0, x[0]=436.00427, y[0]=-475.86127, toolType[0]=TOOL_TYPE_UNKNOWN, buttonState=0, metaState=0, flags=0x0, edgeFlags=0x0, pointerCount=1, historySize=0, eventTime=15395755, downTime=15395754, deviceId=0, source=0x1002 }
W/ViewRootImpl(  532): Dropping event due to root view being removed: MotionEvent { action=ACTION_UP, id[0]=0, x[0]=457.63058, y[0]=-477.00006, toolType[0]=TOOL_TYPE_UNKNOWN, buttonState=0, metaState=0, flags=0x0, edgeFlags=0x0, pointerCount=1, historySize=0, eventTime=15395757, downTime=15395754, deviceId=0, source=0x1002 }
W/ViewRootImpl(  532): Dropping event due to root view being removed: MotionEvent { action=ACTION_DOWN, id[0]=0, x[0]=568.0, y[0]=-358.0, toolType[0]=TOOL_TYPE_UNKNOWN, buttonState=0, metaState=0, flags=0x0, edgeFlags=0x0, pointerCount=1, historySize=0, eventTime=15395758, downTime=15395758, deviceId=0, source=0x1002 }
W/ViewRootImpl(  532): Dropping event due to root view being removed: MotionEvent { action=ACTION_UP, id[0]=0, x[0]=568.5032, y[0]=-353.3134, toolType[0]=TOOL_TYPE_UNKNOWN, buttonState=0, metaState=0, flags=0x0, edgeFlags=0x0, pointerCount=1, historySize=0, eventTime=15395759, downTime=15395758, deviceId=0, source=0x1002 }
W/ViewRootImpl(  532): Dropping event due to root view being removed: MotionEvent { action=ACTION_DOWN, id[0]=0, x[0]=407.0, y[0]=-443.0, toolType[0]=TOOL_TYPE_UNKNOWN, buttonState=0, metaState=0, flags=0x0, edgeFlags=0x0, pointerCount=1, historySize=0, eventTime=15395763, downTime=15395763, deviceId=0, source=0x1002 }
W/InputEventReceiver(  532): Attempted to finish an input event but the input event receiver has already been disposed.
W/InputEventReceiver(  532): Attempted to finish an input event but the input event receiver has already been disposed.
W/InputEventReceiver(  532): Attempted to finish an input event but the input event receiver has already been disposed.
W/InputEventReceiver(  532): Attempted to finish an input event but the input event receiver has already been disposed.
W/InputEventReceiver(  532): Attempted to finish an input event but the input event receiver has already been disposed.
W/InputEventReceiver(  532): Attempted to finish an input event but the input event receiver has already been disposed.
W/InputEventReceiver(  532): Attempted to finish an input event but the input event receiver has already been disposed.
W/InputEventReceiver(  532): Attempted to finish an input event but the input event receiver has already been disposed.
W/ViewRootImpl(  532): Dropping event due to root view being removed: MotionEvent { action=ACTION_UP, id[0]=0, x[0]=411.9536, y[0]=-453.2342, toolType[0]=TOOL_TYPE_UNKNOWN, buttonState=0, metaState=0, flags=0x0, edgeFlags=0x0, pointerCount=1, historySize=0, eventTime=15395764, downTime=15395763, deviceId=0, source=0x1002 }
W/ViewRootImpl(  532): Dropping event due to root view being removed: MotionEvent { action=ACTION_DOWN, id[0]=0, x[0]=671.0, y[0]=36.0, toolType[0]=TOOL_TYPE_UNKNOWN, buttonState=0, metaState=0, flags=0x0, edgeFlags=0x0, pointerCount=1, historySize=0, eventTime=15395770, downTime=15395769, deviceId=0, source=0x1002 }
W/ViewRootImpl(  532): Dropping event due to root view being removed: MotionEvent { action=ACTION_MOVE, id[0]=0, x[0]=622.0949, y[0]=-7.616638, toolType[0]=TOOL_TYPE_UNKNOWN, buttonState=0, metaState=0, flags=0x0, edgeFlags=0x0, pointerCount=1, historySize=6, eventTime=15395781, downTime=15395769, deviceId=0, source=0x1002 }
W/ViewRootImpl(  532): Dropping event due to root view being removed: MotionEvent { action=ACTION_UP, id[0]=0, x[0]=612.83154, y[0]=-14.953796, toolType[0]=TOOL_TYPE_UNKNOWN, buttonState=0, metaState=0, flags=0x0, edgeFlags=0x0, pointerCount=1, historySize=0, eventTime=15395782, downTime=15395769, deviceId=0, source=0x1002 }
W/ViewRootImpl(  532): Dropping event due to root view being removed: MotionEvent { action=ACTION_DOWN, id[0]=0, x[0]=688.0, y[0]=-110.0, toolType[0]=TOOL_TYPE_UNKNOWN, buttonState=0, metaState=0, flags=0x0, edgeFlags=0x0, pointerCount=1, historySize=0, eventTime=15395785, downTime=15395785, deviceId=0, source=0x1002 }
W/ViewRootImpl(  532): Dropping event due to root view being removed: MotionEvent { action=ACTION_UP, id[0]=0, x[0]=674.8226, y[0]=-116.77963, toolType[0]=TOOL_TYPE_UNKNOWN, buttonState=0, metaState=0, flags=0x0, edgeFlags=0x0, pointerCount=1, historySize=0, eventTime=15395786, downTime=15395785, deviceId=0, source=0x1002 }
W/ViewRootImpl(  532): Dropping event due to root view being removed: MotionEvent { action=ACTION_MOVE, id[0]=0, x[0]=-4.0, y[0]=-4.0, toolType[0]=TOOL_TYPE_UNKNOWN, buttonState=0, metaState=0, flags=0x0, edgeFlags=0x0, pointerCount=1, historySize=9, eventTime=15395747, downTime=-1, deviceId=0, source=0x10004 }
W/ViewRootImpl(  532): Dropping event due to root view being removed: KeyEvent { action=ACTION_UP, keyCode=KEYCODE_DPAD_CENTER, scanCode=0, metaState=0, flags=0x8, repeatCount=0, eventTime=15395703, downTime=15395703, deviceId=-1, source=0x101 }
W/ViewRootImpl( 7703): Dropping event due to no window focus: KeyEvent { action=ACTION_DOWN, keyCode=KEYCODE_DPAD_CENTER, scanCode=0, metaState=0, flags=0x8, repeatCount=0, eventTime=15396111, downTime=15396111, deviceId=-1, source=0x101 }
W/DebugConnManager( 7703): getNetworkInfo() on networkType 1
W/DebugConnManager( 7703): getNetworkInfo() on networkType 0
I/ActivityManager(  464): START u0 {act=android.intent.action.MAIN cat=[android.intent.category.LAUNCHER] flg=0x10200000 cmp=com.emojifamily.emoji.keyboard.style.coloremoji/com.emojifamily.emoji.keyboard.style.happyemoji.MainActivity} from pid 7693
W/InputEventReceiver( 7703): Attempted to finish an input event but the input event receiver has already been disposed.
W/InputEventReceiver( 7703): Attempted to finish an input event but the input event receiver has already been disposed.
W/InputEventReceiver( 7703): Attempted to finish an input event but the input event receiver has already been disposed.
W/InputEventReceiver( 7703): Attempted to finish an input event but the input event receiver has already been disposed.
W/InputEventReceiver( 7703): Attempted to finish an input event but the input event receiver has already been disposed.
W/InputEventReceiver( 7703): Attempted to finish an input event but the input event receiver has already been disposed.
W/InputEventReceiver( 7703): Attempted to finish an input event but the input event receiver has already been disposed.
W/InputEventReceiver( 7703): Attempted to finish an input event but the input event receiver has already been disposed.
W/ViewRootImpl( 7703): Dropping event due to root view being removed: MotionEvent { action=ACTION_DOWN, id[0]=0, x[0]=-172.0, y[0]=617.0, toolType[0]=TOOL_TYPE_UNKNOWN, buttonState=0, metaState=0, flags=0x0, edgeFlags=0x0, pointerCount=1, historySize=0, eventTime=15396175, downTime=15396175, deviceId=0, source=0x1002 }
W/ViewRootImpl( 7703): Dropping event due to root view being removed: MotionEvent { action=ACTION_UP, id[0]=0, x[0]=-192.05582, y[0]=613.8108, toolType[0]=TOOL_TYPE_UNKNOWN, buttonState=0, metaState=0, flags=0x0, edgeFlags=0x0, pointerCount=1, historySize=0, eventTime=15396176, downTime=15396175, deviceId=0, source=0x1002 }
W/ViewRootImpl( 7703): Dropping event due to root view being removed: MotionEvent { action=ACTION_DOWN, id[0]=0, x[0]=-178.0, y[0]=264.0, toolType[0]=TOOL_TYPE_UNKNOWN, buttonState=0, metaState=0, flags=0x0, edgeFlags=0x0, pointerCount=1, historySize=0, eventTime=15396178, downTime=15396177, deviceId=0, source=0x1002 }
W/ViewRootImpl( 7703): Dropping event due to root view being removed: MotionEvent { action=ACTION_POINTER_DOWN(1), id[0]=0, x[0]=-194.39949, y[0]=264.25058, toolType[0]=TOOL_TYPE_UNKNOWN, id[1]=1, x[1]=-379.0, y[1]=889.0, toolType[1]=TOOL_TYPE_UNKNOWN, buttonState=0, metaState=0, flags=0x0, edgeFlags=0x0, pointerCount=2, historySize=0, eventTime=15396179, downTime=15396177, deviceId=0, source=0x1002 }
W/ViewRootImpl( 7703): Dropping event due to root view being removed: MotionEvent { action=ACTION_MOVE, id[0]=0, x[0]=-224.70972, y[0]=264.5604, toolType[0]=TOOL_TYPE_UNKNOWN, id[1]=1, x[1]=-401.89175, y[1]=848.52716, toolType[1]=TOOL_TYPE_UNKNOWN, buttonState=0, metaState=0, flags=0x0, edgeFlags=0x0, pointerCount=2, historySize=3, eventTime=15396184, downTime=15396177, deviceId=0, source=0x1002 }
W/ViewRootImpl( 7703): Dropping event due to root view being removed: MotionEvent { action=ACTION_POINTER_UP(1), id[0]=0, x[0]=-231.9685, y[0]=265.0957, toolType[0]=TOOL_TYPE_UNKNOWN, id[1]=1, x[1]=-402.0, y[1]=833.2198, toolType[1]=TOOL_TYPE_UNKNOWN, buttonState=0, metaState=0, flags=0x0, edgeFlags=0x0, pointerCount=2, historySize=0, eventTime=15396185, downTime=15396177, deviceId=0, source=0x1002 }
W/ViewRootImpl( 7703): Dropping event due to root view being removed: MotionEvent { action=ACTION_UP, id[0]=0, x[0]=-235.58992, y[0]=265.2588, toolType[0]=TOOL_TYPE_UNKNOWN, buttonState=0, metaState=0, flags=0x0, edgeFlags=0x0, pointerCount=1, historySize=0, eventTime=15396187, downTime=15396177, deviceId=0, source=0x1002 }
W/ContextImpl(  464): Calling a method in the system process without a qualified user: android.app.ContextImpl.sendBroadcast:1123 com.android.server.InputMethodManagerService.hideCurrentInputLocked:1880 com.android.server.InputMethodManagerService.windowGainedFocus:1968 com.android.internal.view.IInputMethodManager$Stub.onTransact:221 com.android.server.InputMethodManagerService.onTransact:818 
D/dalvikvm( 7703): GC_CONCURRENT freed 697K, 6% free 13519K/14268K, paused 2ms+1ms, total 32ms
D/dalvikvm( 7703): WAIT_FOR_CONCURRENT_GC blocked 17ms
D/dalvikvm( 7703): WAIT_FOR_CONCURRENT_GC blocked 17ms
D/dalvikvm( 7703): WAIT_FOR_CONCURRENT_GC blocked 12ms
D/dalvikvm( 7703): WAIT_FOR_CONCURRENT_GC blocked 11ms
D/dalvikvm( 7703): WAIT_FOR_CONCURRENT_GC blocked 11ms
D/dalvikvm( 7703): WAIT_FOR_CONCURRENT_GC blocked 11ms
D/dalvikvm( 7703): WAIT_FOR_CONCURRENT_GC blocked 17ms
D/dalvikvm( 7703): WAIT_FOR_CONCURRENT_GC blocked 14ms
W/DebugConnManager( 7703): getNetworkInfo() on networkType 1
W/DebugConnManager( 7703): getNetworkInfo() on networkType 0
W/EGL_emulation( 7703): eglSurfaceAttrib not implemented 3093 12436
W/ViewRootImpl( 7703): Dropping event due to no window focus: KeyEvent { action=ACTION_DOWN, keyCode=KEYCODE_DPAD_CENTER, scanCode=0, metaState=0, flags=0x8, repeatCount=0, eventTime=15396345, downTime=15396345, deviceId=-1, source=0x101 }
W/System.err( 7703): android.content.pm.PackageManager$NameNotFoundException: com.emojifamily.emoji.keyboard.tool.adunlocker
W/System.err( 7703): 	at android.app.ApplicationPackageManager.getPackageInfo(ApplicationPackageManager.java:82)
W/System.err( 7703): 	at com.emojifamily.emoji.keyboard.style.utils.Util.isInstalled(SourceFile:47)
W/System.err( 7703): 	at com.emojifamily.emoji.keyboard.style.utils.Util.isAppUsedInCN(SourceFile:139)
W/System.err( 7703): 	at com.emojifamily.emoji.keyboard.style.happyemoji.MainActivity$b.onClick(SourceFile:478)
W/System.err( 7703): 	at android.view.View.performClick(View.java:4438)
W/System.err( 7703): 	at android.view.View$PerformClick.run(View.java:18422)
W/System.err( 7703): 	at android.os.Handler.handleCallback(Handler.java:733)
W/System.err( 7703): 	at android.os.Handler.dispatchMessage(Handler.java:95)
W/System.err( 7703): 	at android.os.Looper.loop(Looper.java:136)
W/System.err( 7703): 	at android.app.ActivityThread.main(ActivityThread.java:5019)
W/System.err( 7703): 	at java.lang.reflect.Method.invokeNative(Native Method)
W/System.err( 7703): 	at java.lang.reflect.Method.invoke(Method.java:515)
W/System.err( 7703): 	at com.android.internal.os.ZygoteInit$MethodAndArgsCaller.run(ZygoteInit.java:779)
W/System.err( 7703): 	at com.android.internal.os.ZygoteInit.main(ZygoteInit.java:595)
W/System.err( 7703): 	at dalvik.system.NativeStart.main(Native Method)
I/ActivityManager(  464): START u0 {cmp=com.emojifamily.emoji.keyboard.style.coloremoji/com.emojifamily.emoji.keyboard.style.happyemoji.ShuffleLoadingActivity} from pid 7703
W/DebugConnManager( 7703): getNetworkInfo() on networkType 1
W/DebugConnManager( 7703): getNetworkInfo() on networkType 0
W/InputMethodManagerService(  464): Starting input on non-focused client com.android.internal.view.IInputMethodClient$Stub$Proxy@4acc9f38 (uid=10179 pid=7703)
D/dalvikvm( 7703): GC_FOR_ALLOC freed 600K, 4% free 16212K/16884K, paused 4ms, total 4ms
W/EGL_emulation( 7703): eglSurfaceAttrib not implemented 3093 12436
W/EGL_emulation( 7703): eglSurfaceAttrib not implemented 3093 12436
W/ViewRootImpl( 7703): Dropping event due to no window focus: MotionEvent { action=ACTION_MOVE, id[0]=0, x[0]=3.0, y[0]=-5.0, toolType[0]=TOOL_TYPE_UNKNOWN, buttonState=0, metaState=0, flags=0x0, edgeFlags=0x0, pointerCount=1, historySize=9, eventTime=15396963, downTime=-1, deviceId=0, source=0x10004 }
W/ViewRootImpl( 7703): Dropping event due to no window focus: KeyEvent { action=ACTION_DOWN, keyCode=KEYCODE_3D_MODE, scanCode=0, metaState=0, flags=0x8, repeatCount=0, eventTime=15396964, downTime=15396964, deviceId=-1, source=0x101 }
W/ContextImpl(  464): Calling a method in the system process without a qualified user: android.app.ContextImpl.sendBroadcast:1123 com.android.server.InputMethodManagerService.hideCurrentInputLocked:1880 com.android.server.InputMethodManagerService.windowGainedFocus:1968 com.android.internal.view.IInputMethodManager$Stub.onTransact:221 com.android.server.InputMethodManagerService.onTransact:818 
I/ActivityManager(  464): Displayed com.emojifamily.emoji.keyboard.style.coloremoji/com.emojifamily.emoji.keyboard.style.happyemoji.ShuffleLoadingActivity: +909ms
D/MoPub   ( 7703): Refresh disabled for ad unit (471c03c49d994cfc94bc1f8b2bf43534).
I/ActivityManager(  464): START u0 {act=android.intent.action.MAIN cat=[android.intent.category.LAUNCHER] flg=0x10200000 cmp=com.emojifamily.emoji.keyboard.style.coloremoji/com.emojifamily.emoji.keyboard.style.happyemoji.MainActivity} from pid 7693
D/MoPub   ( 7703): Refresh enabled for ad unit (471c03c49d994cfc94bc1f8b2bf43534).
W/EGL_emulation( 7703): eglSurfaceAttrib not implemented 3093 12436
W/EGL_emulation( 7703): eglSurfaceAttrib not implemented 3093 12436
W/ViewRootImpl( 7703): Dropping event due to no window focus: KeyEvent { action=ACTION_DOWN, keyCode=KEYCODE_VOLUME_DOWN, scanCode=0, metaState=0, flags=0x8, repeatCount=0, eventTime=15398169, downTime=15398169, deviceId=-1, source=0x101 }
W/ViewRootImpl( 7703): Dropping event due to no window focus: KeyEvent { action=ACTION_DOWN, keyCode=KEYCODE_DPAD_RIGHT, scanCode=0, metaState=0, flags=0x8, repeatCount=0, eventTime=15398400, downTime=15398400, deviceId=-1, source=0x101 }
W/InputEventReceiver( 7703): Attempted to finish an input event but the input event receiver has already been disposed.
W/InputEventReceiver( 7703): Attempted to finish an input event but the input event receiver has already been disposed.
W/InputEventReceiver( 7703): Attempted to finish an input event but the input event receiver has already been disposed.
W/InputEventReceiver( 7703): Attempted to finish an input event but the input event receiver has already been disposed.
W/ViewRootImpl( 7703): Dropping event due to root view being removed: MotionEvent { action=ACTION_MOVE, id[0]=0, x[0]=-106.47415, y[0]=72.32782, toolType[0]=TOOL_TYPE_UNKNOWN, buttonState=0, metaState=0, flags=0x0, edgeFlags=0x0, pointerCount=1, historySize=8, eventTime=15398622, downTime=15398608, deviceId=0, source=0x1002 }
W/ViewRootImpl( 7703): Dropping event due to root view being removed: MotionEvent { action=ACTION_UP, id[0]=0, x[0]=-102.290924, y[0]=83.2186, toolType[0]=TOOL_TYPE_UNKNOWN, buttonState=0, metaState=0, flags=0x0, edgeFlags=0x0, pointerCount=1, historySize=0, eventTime=15398625, downTime=15398608, deviceId=0, source=0x1002 }
W/ViewRootImpl( 7703): Dropping event due to root view being removed: MotionEvent { action=ACTION_MOVE, id[0]=0, x[0]=-1.0, y[0]=0.0, toolType[0]=TOOL_TYPE_UNKNOWN, buttonState=0, metaState=0, flags=0x0, edgeFlags=0x0, pointerCount=1, historySize=9, eventTime=15398606, downTime=-1, deviceId=0, source=0x10004 }
I/Choreographer( 7703): Skipped 30 frames!  The application may be doing too much work on its main thread.
W/ContextImpl(  464): Calling a method in the system process without a qualified user: android.app.ContextImpl.sendBroadcast:1123 com.android.server.InputMethodManagerService.hideCurrentInputLocked:1880 com.android.server.InputMethodManagerService.windowGainedFocus:1968 com.android.internal.view.IInputMethodManager$Stub.onTransact:221 com.android.server.InputMethodManagerService.onTransact:818 
W/ViewRootImpl( 7703): Dropping event due to no window focus: KeyEvent { action=ACTION_DOWN, keyCode=KEYCODE_DPAD_LEFT, scanCode=0, metaState=0, flags=0x400, repeatCount=0, eventTime=15399088, downTime=15399088, deviceId=-1, source=0x101 }
W/ViewRootImpl( 7703): Dropping event due to no window focus: KeyEvent { action=ACTION_DOWN, keyCode=KEYCODE_DPAD_LEFT, scanCode=0, metaState=0, flags=0x400, repeatCount=0, eventTime=15399089, downTime=15399089, deviceId=-1, source=0x101 }
W/ViewRootImpl( 7703): Dropping event due to no window focus: KeyEvent { action=ACTION_DOWN, keyCode=KEYCODE_DPAD_LEFT, scanCode=0, metaState=0, flags=0x400, repeatCount=0, eventTime=15399089, downTime=15399089, deviceId=-1, source=0x101 }
W/ViewRootImpl( 7703): Dropping event due to no window focus: KeyEvent { action=ACTION_DOWN, keyCode=KEYCODE_DPAD_LEFT, scanCode=0, metaState=0, flags=0x400, repeatCount=0, eventTime=15399089, downTime=15399089, deviceId=-1, source=0x101 }
W/SurfaceFlinger(  167): couldn't log to binary event log: overflow.
W/InputMethodManagerService(  464): Window already focused, ignoring focus gain of: com.android.internal.view.IInputMethodClient$Stub$Proxy@4acd5174 attribute=android.view.inputmethod.EditorInfo@4a9c2784, token = android.os.BinderProxy@4a9ce264
W/ViewRootImpl( 7703): Dropping event due to no window focus: KeyEvent { action=ACTION_DOWN, keyCode=KEYCODE_DPAD_DOWN, scanCode=0, metaState=0, flags=0x8, repeatCount=0, eventTime=15399401, downTime=15399401, deviceId=-1, source=0x101 }
W/EGL_emulation( 7703): eglSurfaceAttrib not implemented 3093 12436
I/ActivityManager(  464): START u0 {act=android.intent.action.CHOOSER flg=0x1 cmp=android/com.android.internal.app.ChooserActivity (has clip) (has extras)} from pid 7703
W/InputEventReceiver( 7703): Attempted to finish an input event but the input event receiver has already been disposed.
W/ViewRootImpl( 7703): Dropping event due to root view being removed: KeyEvent { action=ACTION_DOWN, keyCode=KEYCODE_TV_POWER, scanCode=0, metaState=0, flags=0x8, repeatCount=0, eventTime=15399515, downTime=15399515, deviceId=-1, source=0x101 }
W/InputMethodManagerService(  464): Window already focused, ignoring focus gain of: com.android.internal.view.IInputMethodClient$Stub$Proxy@4acc88b8 attribute=null, token = android.os.BinderProxy@4a9ce264
W/ViewRootImpl( 7703): Dropping event due to no window focus: KeyEvent { action=ACTION_DOWN, keyCode=KEYCODE_DPAD_RIGHT, scanCode=0, metaState=0, flags=0x8, repeatCount=0, eventTime=15399568, downTime=15399568, deviceId=-1, source=0x101 }
W/EGL_emulation( 7703): eglSurfaceAttrib not implemented 3093 12436
W/ViewRootImpl( 7703): Dropping event due to no window focus: KeyEvent { action=ACTION_DOWN, keyCode=KEYCODE_DPAD_RIGHT, scanCode=0, metaState=0, flags=0x8, repeatCount=0, eventTime=15399579, downTime=15399579, deviceId=-1, source=0x101 }
W/InputEventReceiver( 7703): Attempted to finish an input event but the input event receiver has already been disposed.
W/InputMethodManagerService(  464): Window already focused, ignoring focus gain of: com.android.internal.view.IInputMethodClient$Stub$Proxy@4a840810 attribute=null, token = android.os.BinderProxy@4a9ce264
W/EGL_emulation( 7703): eglSurfaceAttrib not implemented 3093 12436
W/ViewRootImpl( 7703): Dropping event due to no window focus: KeyEvent { action=ACTION_DOWN, keyCode=KEYCODE_POUND, scanCode=0, metaState=0, flags=0x8, repeatCount=0, eventTime=15400348, downTime=15400348, deviceId=-1, source=0x101 }
W/InputEventReceiver( 7703): Attempted to finish an input event but the input event receiver has already been disposed.
W/InputEventReceiver( 7703): Attempted to finish an input event but the input event receiver has already been disposed.
W/InputEventReceiver( 7703): Attempted to finish an input event but the input event receiver has already been disposed.
W/ViewRootImpl( 7703): Dropping event due to root view being removed: MotionEvent { action=ACTION_UP, id[0]=0, x[0]=-134.99005, y[0]=751.40906, toolType[0]=TOOL_TYPE_UNKNOWN, buttonState=0, metaState=0, flags=0x0, edgeFlags=0x0, pointerCount=1, historySize=0, eventTime=15400424, downTime=15400423, deviceId=0, source=0x1002 }
W/ViewRootImpl( 7703): Dropping event due to root view being removed: MotionEvent { action=ACTION_MOVE, id[0]=0, x[0]=-2.0, y[0]=3.0, toolType[0]=TOOL_TYPE_UNKNOWN, buttonState=0, metaState=0, flags=0x0, edgeFlags=0x0, pointerCount=1, historySize=9, eventTime=15400439, downTime=-1, deviceId=0, source=0x10004 }
I/System.out( 7703): body:<com.b.a.a.f: void run()>	sig:$r8 = virtualinvoke $r7.<java.net.URI: java.lang.String getScheme()>()	timediff:0
W/DebugConnManager( 7703): getNetworkInfo() on networkType 1
W/DebugConnManager( 7703): getNetworkInfo() on networkType 0
W/ViewRootImpl( 7703): Dropping event due to no window focus: MotionEvent { action=ACTION_MOVE, id[0]=0, x[0]=-3.0, y[0]=-3.0, toolType[0]=TOOL_TYPE_UNKNOWN, buttonState=0, metaState=0, flags=0x0, edgeFlags=0x0, pointerCount=1, historySize=9, eventTime=15400537, downTime=-1, deviceId=0, source=0x10004 }
W/ViewRootImpl( 7703): Dropping event due to no window focus: MotionEvent { action=ACTION_DOWN, id[0]=0, x[0]=0.0, y[0]=0.0, toolType[0]=TOOL_TYPE_UNKNOWN, buttonState=0, metaState=0, flags=0x0, edgeFlags=0x0, pointerCount=1, historySize=0, eventTime=15400538, downTime=15400528, deviceId=0, source=0x10004 }
W/InputMethodManagerService(  464): Window already focused, ignoring focus gain of: com.android.internal.view.IInputMethodClient$Stub$Proxy@4adc038c attribute=android.view.inputmethod.EditorInfo@4adc39e8, token = android.os.BinderProxy@4a9ce264
I/GMPM    ( 7703): Tag Manager is not found and thus will not be used
W/EGL_emulation( 7703): eglSurfaceAttrib not implemented 3093 12436
W/ViewRootImpl( 7703): Dropping event due to no window focus: KeyEvent { action=ACTION_DOWN, keyCode=KEYCODE_W, scanCode=0, metaState=0, flags=0x8, repeatCount=0, eventTime=15400887, downTime=15400887, deviceId=-1, source=0x101 }
W/InputEventReceiver( 7703): Attempted to finish an input event but the input event receiver has already been disposed.
