W/BackupManagerService(  470): dataChanged but no participant pkg='com.android.providers.settings' uid=10040
W/ViewRootImpl( 4088): Dropping event due to no window focus: KeyEvent { action=ACTION_DOWN, keyCode=KEYCODE_DPAD_RIGHT, scanCode=0, metaState=0, flags=0x8, repeatCount=0, eventTime=266824, downTime=266824, deviceId=-1, source=0x101 }
W/ViewRootImpl( 4088): Dropping event due to no window focus: KeyEvent { action=ACTION_DOWN, keyCode=KEYCODE_DPAD_LEFT, scanCode=0, metaState=0, flags=0x8, repeatCount=0, eventTime=266825, downTime=266825, deviceId=-1, source=0x101 }
W/InputMethodManagerService(  470): Window already focused, ignoring focus gain of: com.android.internal.view.IInputMethodClient$Stub$Proxy@4aa60214 attribute=android.view.inputmethod.EditorInfo@4aa532d0, token = android.os.BinderProxy@4ac314d4
I/Ads     ( 4088): Scheduling ad refresh 30000 milliseconds from now.
W/EGL_emulation( 4088): eglSurfaceAttrib not implemented 3093 12436
W/ActivityManager(  470): Duplicate finish request for ActivityRecord{4ac5d978 u0 com.clear.superfunny/.QuoteDetail t15 f}
W/ContextImpl(  470): Calling a method in the system process without a qualified user: android.app.ContextImpl.sendBroadcast:1123 com.android.server.InputMethodManagerService.hideCurrentInputLocked:1880 com.android.server.InputMethodManagerService.windowGainedFocus:1968 com.android.internal.view.IInputMethodManager$Stub.onTransact:221 com.android.server.InputMethodManagerService.onTransact:818 
I/chromium( 4088): [INFO:async_pixel_transfer_manager_android.cc(56)] Async pixel transfers not supported
W/ResourceType(  470): Skipping entry 0x7f040012 in package table 0 because it is not complex!
W/ResourceType(  470): Skipping entry 0x7f040016 in package table 0 because it is not complex!
I/AppBrain( 4088): To run AppBrain in test mode on this device, call AppBrain.addTestDevice("bdd46f50cdeaddda") before calling AppBrain.init().
W/FFmpegExtractor(  169): sniff through BetterSniffFFMPEG failed, try LegacySniffFFMPEG
E/FFmpegExtractor(  169): /data/media/0/media/audio/ringtones/Drunk Chipmunk.mp3: avformat_open_input failed, err:Permission denied
D/MoPub   ( 4088): Refresh disabled for ad unit (c154cf4aa2f811e281c11231392559e4).
I/AppBrain( 4088): To run AppBrain in test mode on this device, call AppBrain.addTestDevice("bdd46f50cdeaddda") before calling AppBrain.init().
I/ActivityManager(  470): START u0 {act=android.intent.action.MAIN cat=[android.intent.category.LAUNCHER] flg=0x10200000 cmp=com.clear.superfunny/.LoadActivity} from pid 4078
W/EGL_emulation( 4088): eglSurfaceAttrib not implemented 3093 12436
W/ViewRootImpl( 4088): Dropping event due to no window focus: KeyEvent { action=ACTION_DOWN, keyCode=KEYCODE_DPAD_CENTER, scanCode=0, metaState=0, flags=0x8, repeatCount=0, eventTime=267063, downTime=267063, deviceId=-1, source=0x101 }
W/ContextImpl(  470): Calling a method in the system process without a qualified user: android.app.ContextImpl.sendBroadcast:1123 com.android.server.InputMethodManagerService.hideCurrentInputLocked:1880 com.android.server.InputMethodManagerService.windowGainedFocus:1968 com.android.internal.view.IInputMethodManager$Stub.onTransact:221 com.android.server.InputMethodManagerService.onTransact:818 
I/ActivityManager(  470): START u0 {cmp=com.clear.superfunny/.QuoteDetail (has extras)} from pid 4088
D/dalvikvm( 4088): GC_FOR_ALLOC freed 2082K, 25% free 9306K/12388K, paused 5ms, total 5ms
D/MoPub   ( 4088): Loading url: http://ads.mopub.com/m/ad?v=6&id=c154cf4aa2f811e281c11231392559e4&nv=4.5.1&dn=samsung%2CSM-G955N%2CSM-G955N&bundle=com.clear.superfunny&z=-0700&o=p&w=720&h=1280&sc_a=1.5&mcc=310&mnc=16&iso=US&cn=T-Mobile&ct=2&av=2.0.8&udid=mp_tmpl_advertising_id&dnt=mp_tmpl_do_not_track&mr=1&android_perms_ext_storage=1
W/EGL_emulation( 4088): eglSurfaceAttrib not implemented 3093 12436
I/System.out( 4088): body:<com.mopub.volley.toolbox.HurlStack: org.apache.http.HttpResponse performRequest(com.mopub.volley.Request,java.util.Map)>	sig:specialinvoke $r5.<java.net.URL: void <init>(java.lang.String)>($r9)	timediff:0
I/System.out( 4088): <com.mopub.volley.toolbox.HurlStack: org.apache.http.HttpResponse performRequest(com.mopub.volley.Request,java.util.Map)>###specialinvoke $r5.<java.net.URL: void <init>(java.lang.String)>($r9)###http://ads.mopub.com/m/ad?v=6&id=c154cf4aa2f811e281c11231392559e4&nv=4.5.1&dn=samsung%2CSM-G955N%2CSM-G955N&bundle=com.clear.superfunny&z=-0700&o=p&w=720&h=1280&sc_a=1.5&mcc=310&mnc=16&iso=US&cn=T-Mobile&ct=2&av=2.0.8&udid=ifa%3A3ae8f2f4-1b58-4ed6-816b-3ee6c7e3745e&dnt=0&mr=1&android_perms_ext_storage=1
I/System.out( 4088): body:<com.mopub.volley.toolbox.HurlStack: java.net.HttpURLConnection createConnection(java.net.URL)>	sig:$r2 = virtualinvoke $r1.<java.net.URL: java.net.URLConnection openConnection()>()	timediff:0
I/System.out( 4088): body:<com.mopub.volley.toolbox.HurlStack: java.net.HttpURLConnection openConnection(java.net.URL,com.mopub.volley.Request)>	sig:virtualinvoke $r3.<java.net.HttpURLConnection: void setConnectTimeout(int)>($i0)	timediff:0
I/System.out( 4088): body:<com.mopub.volley.toolbox.HurlStack: java.net.HttpURLConnection openConnection(java.net.URL,com.mopub.volley.Request)>	sig:virtualinvoke $r3.<java.net.HttpURLConnection: void setReadTimeout(int)>($i0)	timediff:0
W/ViewRootImpl( 4088): Dropping event due to no window focus: KeyEvent { action=ACTION_DOWN, keyCode=KEYCODE_NUM_LOCK, scanCode=0, metaState=0, flags=0x8, repeatCount=0, eventTime=267180, downTime=267180, deviceId=-1, source=0x101 }
W/ViewRootImpl( 4088): Dropping event due to no window focus: KeyEvent { action=ACTION_DOWN, keyCode=KEYCODE_DPAD_RIGHT, scanCode=0, metaState=0, flags=0x8, repeatCount=0, eventTime=267265, downTime=267265, deviceId=-1, source=0x101 }
W/ContextImpl(  470): Calling a method in the system process without a qualified user: android.app.ContextImpl.sendBroadcast:1123 com.android.server.InputMethodManagerService.hideCurrentInputLocked:1880 com.android.server.InputMethodManagerService.windowGainedFocus:1968 com.android.internal.view.IInputMethodManager$Stub.onTransact:221 com.android.server.InputMethodManagerService.onTransact:818 
I/System.out( 4088): body:<com.mopub.volley.toolbox.HurlStack: java.net.HttpURLConnection openConnection(java.net.URL,com.mopub.volley.Request)>	sig:virtualinvoke $r3.<java.net.HttpURLConnection: void setUseCaches(boolean)>(0)	timediff:0
I/System.out( 4088): body:<com.mopub.volley.toolbox.HurlStack: java.net.HttpURLConnection openConnection(java.net.URL,com.mopub.volley.Request)>	sig:virtualinvoke $r3.<java.net.HttpURLConnection: void setDoInput(boolean)>(1)	timediff:0
I/System.out( 4088): body:<com.mopub.volley.toolbox.HurlStack: java.net.HttpURLConnection openConnection(java.net.URL,com.mopub.volley.Request)>	sig:$r5 = virtualinvoke $r1.<java.net.URL: java.lang.String getProtocol()>()	timediff:0
I/System.out( 4088): body:<com.mopub.volley.toolbox.HurlStack: org.apache.http.HttpResponse performRequest(com.mopub.volley.Request,java.util.Map)>	sig:virtualinvoke $r15.<java.net.HttpURLConnection: void addRequestProperty(java.lang.String,java.lang.String)>($r11, $r9)	timediff:0
I/System.out( 4088): body:<com.mopub.volley.toolbox.HurlStack: org.apache.http.HttpResponse performRequest(com.mopub.volley.Request,java.util.Map)>	sig:virtualinvoke $r15.<java.net.HttpURLConnection: void addRequestProperty(java.lang.String,java.lang.String)>($r11, $r9)	timediff:0
I/System.out( 4088): body:<com.mopub.volley.toolbox.HurlStack: void setConnectionParametersForRequest(java.net.HttpURLConnection,com.mopub.volley.Request)>	sig:virtualinvoke $r0.<java.net.HttpURLConnection: void setRequestMethod(java.lang.String)>("GET")	timediff:0
I/qtaguid ( 4088): Tagging socket 121 with tag 469abf7000000000(1184546672) for uid -1 failed errno=-13
I/NetworkManagementSocketTagger( 4088): tagSocketFd(121, 1184546672, -1) failed with errno-13
I/ActivityManager(  470): Displayed com.clear.superfunny/.QuoteDetail: +99ms
I/qtaguid ( 4088): Untagging socket 121 failed errno=-13
W/NetworkManagementSocketTagger( 4088): untagSocket(121) failed with errno -13
I/System.out( 4088): body:<com.mopub.volley.toolbox.HurlStack: org.apache.http.HttpResponse performRequest(com.mopub.volley.Request,java.util.Map)>	sig:$i0 = virtualinvoke $r15.<java.net.HttpURLConnection: int getResponseCode()>()	timediff:66
I/System.out( 4088): body:<com.mopub.volley.toolbox.HurlStack: org.apache.http.HttpResponse performRequest(com.mopub.volley.Request,java.util.Map)>	sig:$i0 = virtualinvoke $r15.<java.net.HttpURLConnection: int getResponseCode()>()	timediff:0
I/System.out( 4088): body:<com.mopub.volley.toolbox.HurlStack: org.apache.http.HttpResponse performRequest(com.mopub.volley.Request,java.util.Map)>	sig:$r11 = virtualinvoke $r15.<java.net.HttpURLConnection: java.lang.String getResponseMessage()>()	timediff:0
I/System.out( 4088): body:<com.mopub.volley.toolbox.HurlStack: org.apache.http.HttpEntity entityFromConnection(java.net.HttpURLConnection)>	sig:$r2 = virtualinvoke $r0.<java.net.HttpURLConnection: java.io.InputStream getInputStream()>()	timediff:0
I/System.out( 4088): body:<empirical.HelperClass: void printURLInfo(java.lang.String,java.lang.String,java.net.URLConnection)>	sig:$r0 = virtualinvoke urlConnection.<java.net.URLConnection: java.net.URL getURL()>()	timediff:0
I/System.out( 4088): body:<empirical.HelperClass: void printURLInfo(java.lang.String,java.lang.String,java.net.URLConnection)>	sig:urlString = virtualinvoke $r0.<java.net.URL: java.lang.String toString()>()	timediff:0
I/System.out( 4088): body:<empirical.HelperClass: void printURLInfo(java.lang.String,java.lang.String,java.net.URLConnection)>	sig:isDoOutput = virtualinvoke urlConnection.<java.net.URLConnection: boolean getDoOutput()>()	timediff:0
I/System.out( 4088): body:<empirical.HelperClass: java.lang.String getHeaderField(java.net.URLConnection,java.lang.String)>	sig:data = virtualinvoke conn.<java.net.URLConnection: java.lang.String getHeaderField(java.lang.String)>(field)	timediff:0
I/System.out( 4088): body:<empirical.HelperClass: java.lang.String getHeaderField(java.net.URLConnection,java.lang.String)>	sig:data = virtualinvoke conn.<java.net.URLConnection: java.lang.String getHeaderField(java.lang.String)>(field)	timediff:0
I/System.out( 4088): body:<empirical.HelperClass: java.lang.String getHeaderField(java.net.URLConnection,java.lang.String)>	sig:data = virtualinvoke conn.<java.net.URLConnection: java.lang.String getHeaderField(java.lang.String)>(field)	timediff:1
I/System.out( 4088): body:<empirical.HelperClass: java.lang.String getHeaderField(java.net.URLConnection,java.lang.String)>	sig:data = virtualinvoke conn.<java.net.URLConnection: java.lang.String getHeaderField(java.lang.String)>(field)	timediff:0
I/System.out( 4088): body:<empirical.HelperClass: java.lang.String getHeaderField(java.net.URLConnection,java.lang.String)>	sig:data = virtualinvoke conn.<java.net.URLConnection: java.lang.String getHeaderField(java.lang.String)>(field)	timediff:0
I/System.out( 4088): URLConn;%;5;%;<com.mopub.volley.toolbox.HurlStack: org.apache.http.HttpEntity entityFromConnection(java.net.HttpURLConnection)>;%;$r2 = virtualinvoke $r0.<java.net.HttpURLConnection: java.io.InputStream getInputStream()>();%;http://ads.mopub.com/m/ad?v=6&id=c154cf4aa2f811e281c11231392559e4&nv=4.5.1&dn=samsung%2CSM-G955N%2CSM-G955N&bundle=com.clear.superfunny&z=-0700&o=p&w=720&h=1280&sc_a=1.5&mcc=310&mnc=16&iso=US&cn=T-Mobile&ct=2&av=2.0.8&udid=ifa%3A3ae8f2f4-1b58-4ed6-816b-3ee6c7e3745e&dnt=0&mr=1&android_perms_ext_storage=1;%;false;%;0;%;Not found;%;Not found;%;Not found;%;Not found
I/System.out( 4088): body:<com.mopub.volley.toolbox.HurlStack: org.apache.http.HttpEntity entityFromConnection(java.net.HttpURLConnection)>	sig:$i0 = virtualinvoke $r0.<java.net.HttpURLConnection: int getContentLength()>()	timediff:0
I/System.out( 4088): body:<com.mopub.volley.toolbox.HurlStack: org.apache.http.HttpEntity entityFromConnection(java.net.HttpURLConnection)>	sig:$r4 = virtualinvoke $r0.<java.net.HttpURLConnection: java.lang.String getContentEncoding()>()	timediff:0
I/System.out( 4088): body:<com.mopub.volley.toolbox.HurlStack: org.apache.http.HttpEntity entityFromConnection(java.net.HttpURLConnection)>	sig:$r4 = virtualinvoke $r0.<java.net.HttpURLConnection: java.lang.String getContentType()>()	timediff:0
I/System.out( 4088): body:<com.mopub.volley.toolbox.HurlStack: org.apache.http.HttpResponse performRequest(com.mopub.volley.Request,java.util.Map)>	sig:$r12 = virtualinvoke $r15.<java.net.HttpURLConnection: java.util.Map getHeaderFields()>()	timediff:0
I/MoPub   ( 4088): Ad failed to load.
I/ActivityManager(  470): START u0 {act=android.intent.action.MAIN cat=[android.intent.category.LAUNCHER] flg=0x10200000 cmp=com.clear.superfunny/.LoadActivity} from pid 4078
W/WindowManager(  470): updateFocusedWindowLocked, focusedAppToken is null.
W/ViewRootImpl(  470): Dropping event due to no window focus: KeyEvent { action=ACTION_DOWN, keyCode=KEYCODE_FORWARD_DEL, scanCode=0, metaState=0, flags=0x8, repeatCount=0, eventTime=267371, downTime=267371, deviceId=-1, source=0x101 }
W/ViewRootImpl(  470): Dropping event due to no window focus: MotionEvent { action=ACTION_MOVE, id[0]=0, x[0]=-3.0, y[0]=-1.0, toolType[0]=TOOL_TYPE_UNKNOWN, buttonState=0, metaState=0, flags=0x0, edgeFlags=0x0, pointerCount=1, historySize=9, eventTime=267376, downTime=-1, deviceId=0, source=0x10004 }
W/ViewRootImpl(  470): Dropping event due to no window focus: KeyEvent { action=ACTION_DOWN, keyCode=KEYCODE_DPAD_UP, scanCode=0, metaState=0, flags=0x8, repeatCount=0, eventTime=267376, downTime=267376, deviceId=-1, source=0x101 }
W/InputMethodManagerService(  470): Window already focused, ignoring focus gain of: com.android.internal.view.IInputMethodClient$Stub$Proxy@4a9bc0bc attribute=android.view.inputmethod.EditorInfo@4a9bc918, token = android.os.BinderProxy@4aa04710
I/AndroidRuntime( 4078): VM exiting with result code 0.
W/InputEventReceiver(  470): Attempted to finish an input event but the input event receiver has already been disposed.
W/InputEventReceiver(  470): Attempted to finish an input event but the input event receiver has already been disposed.
W/ViewRootImpl(  470): Dropping event due to root view being removed: MotionEvent { action=ACTION_UP, id[0]=0, x[0]=588.6534, y[0]=-134.25189, toolType[0]=TOOL_TYPE_UNKNOWN, buttonState=0, metaState=0, flags=0x0, edgeFlags=0x0, pointerCount=1, historySize=0, eventTime=267404, downTime=267403, deviceId=0, source=0x1002 }
D/dalvikvm(  656): GC_FOR_ALLOC freed 3853K, 7% free 65184K/69900K, paused 14ms, total 14ms
D/dalvikvm(  656): GC_FOR_ALLOC freed 425K, 7% free 67866K/72708K, paused 12ms, total 12ms
