I/System.out( 7448): body:<cmn.t: cmn.t$a b(java.lang.String,byte[],boolean)>	sig:virtualinvoke $r6.<java.net.HttpURLConnection: void disconnect()>()	timediff:0
E/bb      ( 7448): Error during update ping
V/InputMethodService(  644): onEvaluateInputViewShown: config.hardKeyboardHidden = 2
V/InputMethodService(  644): onEvaluateInputViewShown: config.hardKeyboardHidden = 2
W/ContextImpl(  464): Calling a method in the system process without a qualified user: android.app.ContextImpl.sendBroadcast:1123 com.android.server.InputMethodManagerService.showCurrentInputLocked:1791 com.android.server.InputMethodManagerService.showSoftInput:1753 com.android.internal.view.IInputMethodManager$Stub.onTransact:175 com.android.server.InputMethodManagerService.onTransact:818 
I/ActivityManager(  464): START u0 {act=android.intent.action.MAIN cat=[android.intent.category.LAUNCHER] flg=0x10000000 sel={act=android.intent.action.MAIN cat=[android.intent.category.APP_CALENDAR]}} from pid 464
I/GMPM    ( 7448): Tag Manager is not found and thus will not be used
I/Ringdroid( 7448): 0 contacts
W/ContextImpl(  464): Calling a method in the system process without a qualified user: android.app.ContextImpl.sendBroadcast:1123 com.android.server.InputMethodManagerService.showCurrentInputLocked:1791 com.android.server.InputMethodManagerService.showSoftInput:1753 com.android.internal.view.IInputMethodManager$Stub.onTransact:175 com.android.server.InputMethodManagerService.onTransact:818 
V/InputMethodService(  644): onEvaluateInputViewShown: config.hardKeyboardHidden = 2
V/InputMethodService(  644): onEvaluateInputViewShown: config.hardKeyboardHidden = 2
I/Ringdroid( 7448): 0 contacts
W/Ads     ( 7448): Error while pinging URL: https://pagead2.googlesyndication.com/pagead/gen_204?is_aia=false&id=gmob-apps-report-exception&os=4.4.2&api=19&device=samsung%20SM-G955N&js=afma-sdk-a-v12221070.8487000.1&appid=com.clear.loud&exceptiontype=com.google.android.gms.ads.internal.js.function.a&stacktrace=com.google.android.gms.ads.internal.js.function.a%3A%20Unable%20to%20obtain%20a%20JavascriptEngine.%0A%09at%20com.google.android.gms.ads.internal.js.function.m.a(com.google.android.gms.DynamiteModulesA%4012221070%4012.2.21%20(070-188803320)%3A2)%0A%09at%20com.google.android.gms.ads.internal.util.promise.e.d(com.google.android.gms.DynamiteModulesA%4012221070%4012.2.21%20(070-188803320)%3A28)%0A%09at%20com.google.android.gms.ads.internal.js.ad.a(com.google.android.gms.DynamiteModulesA%4012221070%4012.2.21%20(070-188803320)%3A2)%0A%09at%20com.google.android.gms.ads.internal.util.promise.e.d(com.google.android.gms.DynamiteModulesA%4012221070%4012.2.21%20(070-188803320)%3A28)%0A%09at%20com.google.android.gms.ads.internal.js.n.run(Unknown%20Source)%0A%09at%20android.os.Handler.handleCallback(Handler.java%3A733)%0A%09at%20android.os.Handler.dispatchMessage(Handler.java%3A95)%0A%09at%20android.os.Looper.loop(Looper.java%3A136)%0A%09at%20android.app.ActivityThread.main(ActivityThread.java%3A5019)%0A%09at%20java.lang.reflect.Method.invokeNative(Native%20Method)%0A%09at%20java.lang.reflect.Method.invoke(Method.java%3A515)%0A%09at%20com.android.internal.os.ZygoteInit%24MethodAndArgsCaller.run(ZygoteInit.java%3A779)%0A%09at%20com.android.internal.os.ZygoteInit.main(ZygoteInit.java%3A595)%0A%09at%20dalvik.system.NativeStart.main(Native%20Method)%0A&eids=318475418%2C%2C318480178&exceptionkey=ConfigLoader.maybeFetchNewAppSettings&cl=188803320&rc=dev&session_id=13467680496122726180&sampling_rate=1&pb_tm=1.0. Unable to resolve host "pagead2.googlesyndication.com": No address associated with hostname
W/SocketClient(  163): write error (Broken pipe)
W/ViewRootImpl( 7448): Dropping event due to no window focus: KeyEvent { action=ACTION_DOWN, keyCode=KEYCODE_DPAD_LEFT, scanCode=0, metaState=0, flags=0x8, repeatCount=0, eventTime=15361346, downTime=15361346, deviceId=-1, source=0x101 }
W/ViewRootImpl( 7448): Dropping event due to no window focus: KeyEvent { action=ACTION_DOWN, keyCode=KEYCODE_MENU, scanCode=0, metaState=0, flags=0x8, repeatCount=0, eventTime=15361363, downTime=15361363, deviceId=-1, source=0x101 }
W/EGL_emulation( 7448): eglSurfaceAttrib not implemented 3093 12436
W/ViewRootImpl( 7448): Dropping event due to no window focus: KeyEvent { action=ACTION_DOWN, keyCode=KEYCODE_MENU, scanCode=0, metaState=0, flags=0x8, repeatCount=0, eventTime=15361366, downTime=15361366, deviceId=-1, source=0x101 }
W/ViewRootImpl( 7448): Dropping event due to no window focus: KeyEvent { action=ACTION_DOWN, keyCode=KEYCODE_NUMPAD_MULTIPLY, scanCode=0, metaState=0, flags=0x8, repeatCount=0, eventTime=15361447, downTime=15361447, deviceId=-1, source=0x101 }
W/InputManager(  464): Input event injection from pid 7438 failed.
W/InputManager(  464): Input event injection from pid 7438 failed.
W/InputMethodManagerService(  464): Window already focused, ignoring focus gain of: com.android.internal.view.IInputMethodClient$Stub$Proxy@4ad56568 attribute=null, token = android.os.BinderProxy@4abdd790
V/InputMethodService(  644): onEvaluateInputViewShown: config.hardKeyboardHidden = 2
V/InputMethodService(  644): onEvaluateInputViewShown: config.hardKeyboardHidden = 2
W/ContextImpl(  464): Calling a method in the system process without a qualified user: android.app.ContextImpl.sendBroadcast:1123 com.android.server.InputMethodManagerService.showCurrentInputLocked:1791 com.android.server.InputMethodManagerService.showSoftInput:1753 com.android.internal.view.IInputMethodManager$Stub.onTransact:175 com.android.server.InputMethodManagerService.onTransact:818 
I/ActivityManager(  464): START u0 {act=android.intent.action.MAIN cat=[android.intent.category.LAUNCHER] flg=0x10200000 cmp=com.clear.loud/.LoadActivity} from pid 7438
V/InputMethodService(  644): onEvaluateInputViewShown: config.hardKeyboardHidden = 2
V/InputMethodService(  644): onEvaluateInputViewShown: config.hardKeyboardHidden = 2
W/ContextImpl(  464): Calling a method in the system process without a qualified user: android.app.ContextImpl.sendBroadcast:1123 com.android.server.InputMethodManagerService.showCurrentInputLocked:1791 com.android.server.InputMethodManagerService.showSoftInput:1753 com.android.internal.view.IInputMethodManager$Stub.onTransact:175 com.android.server.InputMethodManagerService.onTransact:818 
V/InputMethodService(  644): onEvaluateInputViewShown: config.hardKeyboardHidden = 2
V/InputMethodService(  644): onEvaluateInputViewShown: config.hardKeyboardHidden = 2
W/ContextImpl(  464): Calling a method in the system process without a qualified user: android.app.ContextImpl.sendBroadcast:1123 com.android.server.InputMethodManagerService.showCurrentInputLocked:1791 com.android.server.InputMethodManagerService.showSoftInput:1753 com.android.internal.view.IInputMethodManager$Stub.onTransact:175 com.android.server.InputMethodManagerService.onTransact:818 
V/InputMethodService(  644): onEvaluateInputViewShown: config.hardKeyboardHidden = 2
V/InputMethodService(  644): onEvaluateInputViewShown: config.hardKeyboardHidden = 2
W/ContextImpl(  464): Calling a method in the system process without a qualified user: android.app.ContextImpl.sendBroadcast:1123 com.android.server.InputMethodManagerService.showCurrentInputLocked:1791 com.android.server.InputMethodManagerService.showSoftInput:1753 com.android.internal.view.IInputMethodManager$Stub.onTransact:175 com.android.server.InputMethodManagerService.onTransact:818 
V/InputMethodService(  644): onEvaluateInputViewShown: config.hardKeyboardHidden = 2
V/InputMethodService(  644): onEvaluateInputViewShown: config.hardKeyboardHidden = 2
W/ContextImpl(  464): Calling a method in the system process without a qualified user: android.app.ContextImpl.sendBroadcast:1123 com.android.server.InputMethodManagerService.showCurrentInputLocked:1791 com.android.server.InputMethodManagerService.showSoftInput:1753 com.android.internal.view.IInputMethodManager$Stub.onTransact:175 com.android.server.InputMethodManagerService.onTransact:818 
V/InputMethodService(  644): onEvaluateInputViewShown: config.hardKeyboardHidden = 2
V/InputMethodService(  644): onEvaluateInputViewShown: config.hardKeyboardHidden = 2
W/ContextImpl(  464): Calling a method in the system process without a qualified user: android.app.ContextImpl.sendBroadcast:1123 com.android.server.InputMethodManagerService.showCurrentInputLocked:1791 com.android.server.InputMethodManagerService.showSoftInput:1753 com.android.internal.view.IInputMethodManager$Stub.onTransact:175 com.android.server.InputMethodManagerService.onTransact:818 
I/ActivityManager(  464): START u0 {act=android.intent.action.CALL_BUTTON flg=0x10000000} from pid 7448
W/PhoneFallbackEventHandler( 7448): No activity found for android.intent.action.CALL_BUTTON.
I/Ringdroid( 7448): 0 contacts
D/dalvikvm(  579): GC_CONCURRENT freed 383K, 15% free 3107K/3644K, paused 0ms+0ms, total 5ms
W/AudioFlinger(  170): write blocked for 9819 msecs, 150 delayed writes, thread 0xb4233010
W/ViewRootImpl( 7448): Dropping event due to no window focus: KeyEvent { action=ACTION_DOWN, keyCode=KEYCODE_MENU, scanCode=0, metaState=0, flags=0x8, repeatCount=0, eventTime=15362862, downTime=15362862, deviceId=-1, source=0x101 }
W/EGL_emulation( 7448): eglSurfaceAttrib not implemented 3093 12436
V/InputMethodService(  644): onEvaluateInputViewShown: config.hardKeyboardHidden = 2
V/InputMethodService(  644): onEvaluateInputViewShown: config.hardKeyboardHidden = 2
W/ContextImpl(  464): Calling a method in the system process without a qualified user: android.app.ContextImpl.sendBroadcast:1123 com.android.server.InputMethodManagerService.showCurrentInputLocked:1791 com.android.server.InputMethodManagerService.showSoftInput:1753 com.android.internal.view.IInputMethodManager$Stub.onTransact:175 com.android.server.InputMethodManagerService.onTransact:818 
W/EGL_emulation( 7448): eglSurfaceAttrib not implemented 3093 12436
W/InputMethodManagerService(  464): Window already focused, ignoring focus gain of: com.android.internal.view.IInputMethodClient$Stub$Proxy@4a9f9c68 attribute=null, token = android.os.BinderProxy@4abdd790
V/InputMethodService(  644): onEvaluateInputViewShown: config.hardKeyboardHidden = 2
V/InputMethodService(  644): onEvaluateInputViewShown: config.hardKeyboardHidden = 2
W/ContextImpl(  464): Calling a method in the system process without a qualified user: android.app.ContextImpl.sendBroadcast:1123 com.android.server.InputMethodManagerService.showCurrentInputLocked:1791 com.android.server.InputMethodManagerService.showSoftInput:1753 com.android.internal.view.IInputMethodManager$Stub.onTransact:175 com.android.server.InputMethodManagerService.onTransact:818 
W/ViewRootImpl( 7448): Dropping event due to no window focus: KeyEvent { action=ACTION_DOWN, keyCode=KEYCODE_DPAD_RIGHT, scanCode=0, metaState=0, flags=0x8, repeatCount=0, eventTime=15363606, downTime=15363606, deviceId=-1, source=0x101 }
W/EGL_emulation( 7448): eglSurfaceAttrib not implemented 3093 12436
W/ViewRootImpl( 7448): Dropping event due to no window focus: KeyEvent { action=ACTION_DOWN, keyCode=KEYCODE_MENU, scanCode=0, metaState=0, flags=0x8, repeatCount=0, eventTime=15363626, downTime=15363626, deviceId=-1, source=0x101 }
W/InputMethodManagerService(  464): Window already focused, ignoring focus gain of: com.android.internal.view.IInputMethodClient$Stub$Proxy@4aedde48 attribute=null, token = android.os.BinderProxy@4abdd790
I/ActivityManager(  464): START u0 {act=android.intent.action.MAIN cat=[android.intent.category.LAUNCHER] flg=0x10200000 cmp=com.clear.loud/.LoadActivity} from pid 7438
V/InputMethodService(  644): onEvaluateInputViewShown: config.hardKeyboardHidden = 2
V/InputMethodService(  644): onEvaluateInputViewShown: config.hardKeyboardHidden = 2
W/ContextImpl(  464): Calling a method in the system process without a qualified user: android.app.ContextImpl.sendBroadcast:1123 com.android.server.InputMethodManagerService.showCurrentInputLocked:1791 com.android.server.InputMethodManagerService.showSoftInput:1753 com.android.internal.view.IInputMethodManager$Stub.onTransact:175 com.android.server.InputMethodManagerService.onTransact:818 
I/Ringdroid( 7448): 0 contacts
I/Ringdroid( 7448): 0 contacts
V/InputMethodService(  644): onEvaluateInputViewShown: config.hardKeyboardHidden = 2
V/InputMethodService(  644): onEvaluateInputViewShown: config.hardKeyboardHidden = 2
W/ContextImpl(  464): Calling a method in the system process without a qualified user: android.app.ContextImpl.sendBroadcast:1123 com.android.server.InputMethodManagerService.showCurrentInputLocked:1791 com.android.server.InputMethodManagerService.showSoftInput:1753 com.android.internal.view.IInputMethodManager$Stub.onTransact:175 com.android.server.InputMethodManagerService.onTransact:818 
V/InputMethodService(  644): onEvaluateInputViewShown: config.hardKeyboardHidden = 2
V/InputMethodService(  644): onEvaluateInputViewShown: config.hardKeyboardHidden = 2
W/ContextImpl(  464): Calling a method in the system process without a qualified user: android.app.ContextImpl.sendBroadcast:1123 com.android.server.InputMethodManagerService.showCurrentInputLocked:1791 com.android.server.InputMethodManagerService.showSoftInput:1753 com.android.internal.view.IInputMethodManager$Stub.onTransact:175 com.android.server.InputMethodManagerService.onTransact:818 
W/EGL_emulation( 7448): eglSurfaceAttrib not implemented 3093 12436
W/ViewRootImpl( 7448): Dropping event due to no window focus: KeyEvent { action=ACTION_DOWN, keyCode=KEYCODE_DPAD_LEFT, scanCode=0, metaState=0, flags=0x8, repeatCount=0, eventTime=15364385, downTime=15364385, deviceId=-1, source=0x101 }
I/ActivityManager(  464): START u0 {act=android.intent.action.MAIN cat=[android.intent.category.LAUNCHER] flg=0x10200000 cmp=com.clear.loud/.LoadActivity} from pid 7438
W/InputMethodManagerService(  464): Window already focused, ignoring focus gain of: com.android.internal.view.IInputMethodClient$Stub$Proxy@4a98a8b4 attribute=null, token = android.os.BinderProxy@4abdd790
V/InputMethodService(  644): onEvaluateInputViewShown: config.hardKeyboardHidden = 2
V/InputMethodService(  644): onEvaluateInputViewShown: config.hardKeyboardHidden = 2
W/ContextImpl(  464): Calling a method in the system process without a qualified user: android.app.ContextImpl.sendBroadcast:1123 com.android.server.InputMethodManagerService.showCurrentInputLocked:1791 com.android.server.InputMethodManagerService.showSoftInput:1753 com.android.internal.view.IInputMethodManager$Stub.onTransact:175 com.android.server.InputMethodManagerService.onTransact:818 
W/EGL_emulation( 7448): eglSurfaceAttrib not implemented 3093 12436
V/InputMethodService(  644): onEvaluateInputViewShown: config.hardKeyboardHidden = 2
V/InputMethodService(  644): onEvaluateInputViewShown: config.hardKeyboardHidden = 2
W/ContextImpl(  464): Calling a method in the system process without a qualified user: android.app.ContextImpl.sendBroadcast:1123 com.android.server.InputMethodManagerService.showCurrentInputLocked:1791 com.android.server.InputMethodManagerService.showSoftInput:1753 com.android.internal.view.IInputMethodManager$Stub.onTransact:175 com.android.server.InputMethodManagerService.onTransact:818 
V/InputMethodService(  644): onEvaluateInputViewShown: config.hardKeyboardHidden = 2
V/InputMethodService(  644): onEvaluateInputViewShown: config.hardKeyboardHidden = 2
W/ContextImpl(  464): Calling a method in the system process without a qualified user: android.app.ContextImpl.sendBroadcast:1123 com.android.server.InputMethodManagerService.showCurrentInputLocked:1791 com.android.server.InputMethodManagerService.showSoftInput:1753 com.android.internal.view.IInputMethodManager$Stub.onTransact:175 com.android.server.InputMethodManagerService.onTransact:818 
I/Ringdroid( 7448): 0 contacts
W/ViewRootImpl( 7448): Dropping event due to no window focus: KeyEvent { action=ACTION_DOWN, keyCode=KEYCODE_DPAD_UP, scanCode=0, metaState=0, flags=0x8, repeatCount=0, eventTime=15365044, downTime=15365044, deviceId=-1, source=0x101 }
W/ViewRootImpl( 7448): Dropping event due to no window focus: KeyEvent { action=ACTION_DOWN, keyCode=KEYCODE_DPAD_LEFT, scanCode=0, metaState=0, flags=0x8, repeatCount=0, eventTime=15365049, downTime=15365049, deviceId=-1, source=0x101 }
I/ActivityManager(  464): START u0 {act=android.intent.action.MAIN cat=[android.intent.category.LAUNCHER] flg=0x10200000 cmp=com.clear.loud/.LoadActivity} from pid 7438
W/EGL_emulation( 7448): eglSurfaceAttrib not implemented 3093 12436
W/InputMethodManagerService(  464): Window already focused, ignoring focus gain of: com.android.internal.view.IInputMethodClient$Stub$Proxy@4ad649e0 attribute=null, token = android.os.BinderProxy@4abdd790
I/ActivityManager(  464): START u0 {act=android.intent.action.MAIN cat=[android.intent.category.LAUNCHER] flg=0x10200000 cmp=com.clear.loud/.LoadActivity} from pid 7438
W/ViewRootImpl( 7448): Dropping event due to no window focus: KeyEvent { action=ACTION_DOWN, keyCode=KEYCODE_DPAD_RIGHT, scanCode=0, metaState=0, flags=0x8, repeatCount=0, eventTime=15365471, downTime=15365471, deviceId=-1, source=0x101 }
W/ViewRootImpl( 7448): Dropping event due to no window focus: KeyEvent { action=ACTION_DOWN, keyCode=KEYCODE_DPAD_CENTER, scanCode=0, metaState=0, flags=0x8, repeatCount=0, eventTime=15365483, downTime=15365483, deviceId=-1, source=0x101 }
W/EGL_emulation( 7448): eglSurfaceAttrib not implemented 3093 12436
W/ViewRootImpl( 7448): Dropping event due to no window focus: KeyEvent { action=ACTION_DOWN, keyCode=KEYCODE_DPAD_DOWN, scanCode=0, metaState=0, flags=0x8, repeatCount=0, eventTime=15365488, downTime=15365488, deviceId=-1, source=0x101 }
I/ActivityManager(  464): START u0 {act=android.intent.action.CALL_BUTTON flg=0x10000000} from pid 7448
W/PhoneFallbackEventHandler( 7448): No activity found for android.intent.action.CALL_BUTTON.
W/InputMethodManagerService(  464): Window already focused, ignoring focus gain of: com.android.internal.view.IInputMethodClient$Stub$Proxy@4a9cea84 attribute=null, token = android.os.BinderProxy@4abdd790
V/InputMethodService(  644): onEvaluateInputViewShown: config.hardKeyboardHidden = 2
V/InputMethodService(  644): onEvaluateInputViewShown: config.hardKeyboardHidden = 2
W/ContextImpl(  464): Calling a method in the system process without a qualified user: android.app.ContextImpl.sendBroadcast:1123 com.android.server.InputMethodManagerService.showCurrentInputLocked:1791 com.android.server.InputMethodManagerService.showSoftInput:1753 com.android.internal.view.IInputMethodManager$Stub.onTransact:175 com.android.server.InputMethodManagerService.onTransact:818 
V/InputMethodService(  644): onEvaluateInputViewShown: config.hardKeyboardHidden = 2
V/InputMethodService(  644): onEvaluateInputViewShown: config.hardKeyboardHidden = 2
W/ContextImpl(  464): Calling a method in the system process without a qualified user: android.app.ContextImpl.sendBroadcast:1123 com.android.server.InputMethodManagerService.showCurrentInputLocked:1791 com.android.server.InputMethodManagerService.showSoftInput:1753 com.android.internal.view.IInputMethodManager$Stub.onTransact:175 com.android.server.InputMethodManagerService.onTransact:818 
V/InputMethodService(  644): onEvaluateInputViewShown: config.hardKeyboardHidden = 2
V/InputMethodService(  644): onEvaluateInputViewShown: config.hardKeyboardHidden = 2
W/ContextImpl(  464): Calling a method in the system process without a qualified user: android.app.ContextImpl.sendBroadcast:1123 com.android.server.InputMethodManagerService.showCurrentInputLocked:1791 com.android.server.InputMethodManagerService.showSoftInput:1753 com.android.internal.view.IInputMethodManager$Stub.onTransact:175 com.android.server.InputMethodManagerService.onTransact:818 
V/InputMethodService(  644): onEvaluateInputViewShown: config.hardKeyboardHidden = 2
V/InputMethodService(  644): onEvaluateInputViewShown: config.hardKeyboardHidden = 2
W/ContextImpl(  464): Calling a method in the system process without a qualified user: android.app.ContextImpl.sendBroadcast:1123 com.android.server.InputMethodManagerService.showCurrentInputLocked:1791 com.android.server.InputMethodManagerService.showSoftInput:1753 com.android.internal.view.IInputMethodManager$Stub.onTransact:175 com.android.server.InputMethodManagerService.onTransact:818 
V/InputMethodService(  644): onEvaluateInputViewShown: config.hardKeyboardHidden = 2
V/InputMethodService(  644): onEvaluateInputViewShown: config.hardKeyboardHidden = 2
W/ContextImpl(  464): Calling a method in the system process without a qualified user: android.app.ContextImpl.sendBroadcast:1123 com.android.server.InputMethodManagerService.showCurrentInputLocked:1791 com.android.server.InputMethodManagerService.showSoftInput:1753 com.android.internal.view.IInputMethodManager$Stub.onTransact:175 com.android.server.InputMethodManagerService.onTransact:818 
I/ActivityManager(  464): START u0 {act=android.intent.action.MAIN cat=[android.intent.category.HOME] flg=0x10200000 cmp=com.vphone.launcher/.Launcher} from pid 464
D/dalvikvm(  464): GC_CONCURRENT freed 2063K, 49% free 13004K/25208K, paused 2ms+2ms, total 28ms
W/EGL_emulation( 7448): eglSurfaceAttrib not implemented 3093 12436
W/ViewRootImpl( 7448): Dropping event due to no window focus: KeyEvent { action=ACTION_DOWN, keyCode=KEYCODE_BACK, scanCode=0, metaState=0, flags=0x8, repeatCount=0, eventTime=15366485, downTime=15366485, deviceId=-1, source=0x101 }
I/iu.UploadsManager(  713): End new media; added: 0, uploading: 0, time: 23 ms
W/ViewRootImpl( 7448): Dropping event due to no window focus: KeyEvent { action=ACTION_DOWN, keyCode=KEYCODE_U, scanCode=0, metaState=0, flags=0x8, repeatCount=0, eventTime=15366840, downTime=15366840, deviceId=-1, source=0x101 }
W/InputMethodManagerService(  464): Window already focused, ignoring focus gain of: com.android.internal.view.IInputMethodClient$Stub$Proxy@4ae5c334 attribute=null, token = android.os.BinderProxy@4abdd790
V/InputMethodService(  644): onEvaluateInputViewShown: config.hardKeyboardHidden = 2
V/InputMethodService(  644): onEvaluateInputViewShown: config.hardKeyboardHidden = 2
I/InputDispatcher(  464): Dropped event because of pending overdue app switch.
W/ContextImpl(  464): Calling a method in the system process without a qualified user: android.app.ContextImpl.sendBroadcast:1123 com.android.server.InputMethodManagerService.showCurrentInputLocked:1791 com.android.server.InputMethodManagerService.showSoftInput:1753 com.android.internal.view.IInputMethodManager$Stub.onTransact:175 com.android.server.InputMethodManagerService.onTransact:818 
W/InputManager(  464): Input event injection from pid 7438 failed.
V/InputMethodService(  644): onEvaluateInputViewShown: config.hardKeyboardHidden = 2
V/InputMethodService(  644): onEvaluateInputViewShown: config.hardKeyboardHidden = 2
W/ContextImpl(  464): Calling a method in the system process without a qualified user: android.app.ContextImpl.sendBroadcast:1123 com.android.server.InputMethodManagerService.showCurrentInputLocked:1791 com.android.server.InputMethodManagerService.showSoftInput:1753 com.android.internal.view.IInputMethodManager$Stub.onTransact:175 com.android.server.InputMethodManagerService.onTransact:818 
I/Ringdroid( 7448): 0 contacts
V/InputMethodService(  644): onEvaluateInputViewShown: config.hardKeyboardHidden = 2
V/InputMethodService(  644): onEvaluateInputViewShown: config.hardKeyboardHidden = 2
W/ContextImpl(  464): Calling a method in the system process without a qualified user: android.app.ContextImpl.sendBroadcast:1123 com.android.server.InputMethodManagerService.showCurrentInputLocked:1791 com.android.server.InputMethodManagerService.showSoftInput:1753 com.android.internal.view.IInputMethodManager$Stub.onTransact:175 com.android.server.InputMethodManagerService.onTransact:818 
V/InputMethodService(  644): onEvaluateInputViewShown: config.hardKeyboardHidden = 2
V/InputMethodService(  644): onEvaluateInputViewShown: config.hardKeyboardHidden = 2
W/ContextImpl(  464): Calling a method in the system process without a qualified user: android.app.ContextImpl.sendBroadcast:1123 com.android.server.InputMethodManagerService.showCurrentInputLocked:1791 com.android.server.InputMethodManagerService.showSoftInput:1753 com.android.internal.view.IInputMethodManager$Stub.onTransact:175 com.android.server.InputMethodManagerService.onTransact:818 
V/InputMethodService(  644): onEvaluateInputViewShown: config.hardKeyboardHidden = 2
V/InputMethodService(  644): onEvaluateInputViewShown: config.hardKeyboardHidden = 2
W/ContextImpl(  464): Calling a method in the system process without a qualified user: android.app.ContextImpl.sendBroadcast:1123 com.android.server.InputMethodManagerService.showCurrentInputLocked:1791 com.android.server.InputMethodManagerService.showSoftInput:1753 com.android.internal.view.IInputMethodManager$Stub.onTransact:175 com.android.server.InputMethodManagerService.onTransact:818 
W/EGL_emulation( 7448): eglSurfaceAttrib not implemented 3093 12436
V/InputMethodService(  644): onEvaluateInputViewShown: config.hardKeyboardHidden = 2
V/InputMethodService(  644): onEvaluateInputViewShown: config.hardKeyboardHidden = 2
W/ContextImpl(  464): Calling a method in the system process without a qualified user: android.app.ContextImpl.sendBroadcast:1123 com.android.server.InputMethodManagerService.showCurrentInputLocked:1791 com.android.server.InputMethodManagerService.showSoftInput:1753 com.android.internal.view.IInputMethodManager$Stub.onTransact:175 com.android.server.InputMethodManagerService.onTransact:818 
W/InputMethodManagerService(  464): Window already focused, ignoring focus gain of: com.android.internal.view.IInputMethodClient$Stub$Proxy@4a9fb38c attribute=null, token = android.os.BinderProxy@4abdd790
D/dalvikvm(  532): GC_FOR_ALLOC freed 1527K, 55% free 9742K/21464K, paused 4ms, total 4ms
W/ContextImpl(  464): Calling a method in the system process without a qualified user: android.app.ContextImpl.sendBroadcast:1123 com.android.server.InputMethodManagerService.showCurrentInputLocked:1791 com.android.server.InputMethodManagerService.showSoftInput:1753 com.android.internal.view.IInputMethodManager$Stub.onTransact:175 com.android.server.InputMethodManagerService.onTransact:818 
V/InputMethodService(  644): onEvaluateInputViewShown: config.hardKeyboardHidden = 2
V/InputMethodService(  644): onEvaluateInputViewShown: config.hardKeyboardHidden = 2
I/ActivityManager(  464): START u0 {act=com.android.systemui.recent.action.TOGGLE_RECENTS flg=0x10800000 cmp=com.android.systemui/.recent.RecentsActivity (has extras)} from pid 532
V/InputMethodService(  644): onEvaluateInputViewShown: config.hardKeyboardHidden = 2
V/InputMethodService(  644): onEvaluateInputViewShown: config.hardKeyboardHidden = 2
W/ContextImpl(  464): Calling a method in the system process without a qualified user: android.app.ContextImpl.sendBroadcast:1123 com.android.server.InputMethodManagerService.showCurrentInputLocked:1791 com.android.server.InputMethodManagerService.showSoftInput:1753 com.android.internal.view.IInputMethodManager$Stub.onTransact:175 com.android.server.InputMethodManagerService.onTransact:818 
V/InputMethodService(  644): onEvaluateInputViewShown: config.hardKeyboardHidden = 2
V/InputMethodService(  644): onEvaluateInputViewShown: config.hardKeyboardHidden = 2
W/ContextImpl(  464): Calling a method in the system process without a qualified user: android.app.ContextImpl.sendBroadcast:1123 com.android.server.InputMethodManagerService.showCurrentInputLocked:1791 com.android.server.InputMethodManagerService.showSoftInput:1753 com.android.internal.view.IInputMethodManager$Stub.onTransact:175 com.android.server.InputMethodManagerService.onTransact:818 
I/Ringdroid( 7448): 0 contacts
I/InputDispatcher(  464): Dropped event because of pending overdue app switch.
W/InputManager(  464): Input event injection from pid 7438 failed.
W/ViewRootImpl( 7448): Dropping event due to no window focus: KeyEvent { action=ACTION_DOWN, keyCode=KEYCODE_YEN, scanCode=0, metaState=0, flags=0x8, repeatCount=0, eventTime=15367915, downTime=15367915, deviceId=-1, source=0x101 }
W/EGL_emulation( 7448): eglSurfaceAttrib not implemented 3093 12436
W/InputMethodManagerService(  464): Window already focused, ignoring focus gain of: com.android.internal.view.IInputMethodClient$Stub$Proxy@4a919194 attribute=null, token = android.os.BinderProxy@4abdd790
W/ContextImpl(  464): Calling a method in the system process without a qualified user: android.app.ContextImpl.sendBroadcast:1123 com.android.server.InputMethodManagerService.hideCurrentInputLocked:1880 com.android.server.InputMethodManagerService.hideMySoftInput:2299 com.android.internal.view.IInputMethodManager$Stub.onTransact:288 com.android.server.InputMethodManagerService.onTransact:818 
W/EGL_emulation( 7448): eglSurfaceAttrib not implemented 3093 12436
W/ViewRootImpl( 7448): Dropping event due to no window focus: KeyEvent { action=ACTION_DOWN, keyCode=KEYCODE_DPAD_DOWN, scanCode=0, metaState=0, flags=0x8, repeatCount=0, eventTime=15368562, downTime=15368562, deviceId=-1, source=0x101 }
W/InputMethodManagerService(  464): Window already focused, ignoring focus gain of: com.android.internal.view.IInputMethodClient$Stub$Proxy@4b048e50 attribute=null, token = android.os.BinderProxy@4abdd790
V/InputMethodService(  644): onEvaluateInputViewShown: config.hardKeyboardHidden = 2
V/InputMethodService(  644): onEvaluateInputViewShown: config.hardKeyboardHidden = 2
W/ContextImpl(  464): Calling a method in the system process without a qualified user: android.app.ContextImpl.sendBroadcast:1123 com.android.server.InputMethodManagerService.showCurrentInputLocked:1791 com.android.server.InputMethodManagerService.showSoftInput:1753 com.android.internal.view.IInputMethodManager$Stub.onTransact:175 com.android.server.InputMethodManagerService.onTransact:818 
V/InputMethodService(  644): onEvaluateInputViewShown: config.hardKeyboardHidden = 2
V/InputMethodService(  644): onEvaluateInputViewShown: config.hardKeyboardHidden = 2
W/ContextImpl(  464): Calling a method in the system process without a qualified user: android.app.ContextImpl.sendBroadcast:1123 com.android.server.InputMethodManagerService.showCurrentInputLocked:1791 com.android.server.InputMethodManagerService.showSoftInput:1753 com.android.internal.view.IInputMethodManager$Stub.onTransact:175 com.android.server.InputMethodManagerService.onTransact:818 
V/InputMethodService(  644): onEvaluateInputViewShown: config.hardKeyboardHidden = 2
V/InputMethodService(  644): onEvaluateInputViewShown: config.hardKeyboardHidden = 2
W/ContextImpl(  464): Calling a method in the system process without a qualified user: android.app.ContextImpl.sendBroadcast:1123 com.android.server.InputMethodManagerService.showCurrentInputLocked:1791 com.android.server.InputMethodManagerService.showSoftInput:1753 com.android.internal.view.IInputMethodManager$Stub.onTransact:175 com.android.server.InputMethodManagerService.onTransact:818 
V/InputMethodService(  644): onEvaluateInputViewShown: config.hardKeyboardHidden = 2
V/InputMethodService(  644): onEvaluateInputViewShown: config.hardKeyboardHidden = 2
W/ContextImpl(  464): Calling a method in the system process without a qualified user: android.app.ContextImpl.sendBroadcast:1123 com.android.server.InputMethodManagerService.showCurrentInputLocked:1791 com.android.server.InputMethodManagerService.showSoftInput:1753 com.android.internal.view.IInputMethodManager$Stub.onTransact:175 com.android.server.InputMethodManagerService.onTransact:818 
V/InputMethodService(  644): onEvaluateInputViewShown: config.hardKeyboardHidden = 2
V/InputMethodService(  644): onEvaluateInputViewShown: config.hardKeyboardHidden = 2
W/ContextImpl(  464): Calling a method in the system process without a qualified user: android.app.ContextImpl.sendBroadcast:1123 com.android.server.InputMethodManagerService.showCurrentInputLocked:1791 com.android.server.InputMethodManagerService.showSoftInput:1753 com.android.internal.view.IInputMethodManager$Stub.onTransact:175 com.android.server.InputMethodManagerService.onTransact:818 
I/ActivityManager(  464): START u0 {act=android.intent.action.MAIN cat=[android.intent.category.HOME] flg=0x10200000 cmp=com.vphone.launcher/.Launcher} from pid 464
W/EGL_emulation( 7448): eglSurfaceAttrib not implemented 3093 12436
W/ViewRootImpl( 7448): Dropping event due to no window focus: KeyEvent { action=ACTION_DOWN, keyCode=KEYCODE_W, scanCode=0, metaState=0, flags=0x8, repeatCount=0, eventTime=15369731, downTime=15369731, deviceId=-1, source=0x101 }
W/ViewRootImpl( 7448): Dropping event due to no window focus: MotionEvent { action=ACTION_MOVE, id[0]=0, x[0]=3.0, y[0]=1.0, toolType[0]=TOOL_TYPE_UNKNOWN, buttonState=0, metaState=0, flags=0x0, edgeFlags=0x0, pointerCount=1, historySize=0, eventTime=15370038, downTime=-1, deviceId=0, source=0x10004 }
I/InputDispatcher(  464): Dropped event because of pending overdue app switch.
I/InputDispatcher(  464): Dropped event because of pending overdue app switch.
I/InputDispatcher(  464): Dropped event because of pending overdue app switch.
I/InputDispatcher(  464): Dropped event because of pending overdue app switch.
W/InputManager(  464): Input event injection from pid 7438 failed.
W/InputManager(  464): Input event injection from pid 7438 failed.
W/InputManager(  464): Input event injection from pid 7438 failed.
W/InputManager(  464): Input event injection from pid 7438 failed.
W/ViewRootImpl( 7448): Dropping event due to no window focus: KeyEvent { action=ACTION_DOWN, keyCode=KEYCODE_DPAD_DOWN, scanCode=0, metaState=0, flags=0x8, repeatCount=0, eventTime=15370050, downTime=15370050, deviceId=-1, source=0x101 }
W/InputMethodManagerService(  464): Window already focused, ignoring focus gain of: com.android.internal.view.IInputMethodClient$Stub$Proxy@4ae3d5c8 attribute=null, token = android.os.BinderProxy@4abdd790
V/InputMethodService(  644): onEvaluateInputViewShown: config.hardKeyboardHidden = 2
V/InputMethodService(  644): onEvaluateInputViewShown: config.hardKeyboardHidden = 2
W/ContextImpl(  464): Calling a method in the system process without a qualified user: android.app.ContextImpl.sendBroadcast:1123 com.android.server.InputMethodManagerService.showCurrentInputLocked:1791 com.android.server.InputMethodManagerService.showSoftInput:1753 com.android.internal.view.IInputMethodManager$Stub.onTransact:175 com.android.server.InputMethodManagerService.onTransact:818 
I/ActivityManager(  464): START u0 {act=android.intent.action.MAIN cat=[android.intent.category.LAUNCHER] flg=0x10200000 cmp=com.clear.loud/.LoadActivity} from pid 7438
V/InputMethodService(  644): onEvaluateInputViewShown: config.hardKeyboardHidden = 2
V/InputMethodService(  644): onEvaluateInputViewShown: config.hardKeyboardHidden = 2
W/ContextImpl(  464): Calling a method in the system process without a qualified user: android.app.ContextImpl.sendBroadcast:1123 com.android.server.InputMethodManagerService.showCurrentInputLocked:1791 com.android.server.InputMethodManagerService.showSoftInput:1753 com.android.internal.view.IInputMethodManager$Stub.onTransact:175 com.android.server.InputMethodManagerService.onTransact:818 
I/ActivityManager(  464): START u0 {act=android.intent.action.MAIN cat=[android.intent.category.LAUNCHER] flg=0x10200000 cmp=com.clear.loud/.LoadActivity} from pid 7438
V/InputMethodService(  644): onEvaluateInputViewShown: config.hardKeyboardHidden = 2
V/InputMethodService(  644): onEvaluateInputViewShown: config.hardKeyboardHidden = 2
W/ContextImpl(  464): Calling a method in the system process without a qualified user: android.app.ContextImpl.sendBroadcast:1123 com.android.server.InputMethodManagerService.showCurrentInputLocked:1791 com.android.server.InputMethodManagerService.showSoftInput:1753 com.android.internal.view.IInputMethodManager$Stub.onTransact:175 com.android.server.InputMethodManagerService.onTransact:818 
W/ContextImpl(  464): Calling a method in the system process without a qualified user: android.app.ContextImpl.sendBroadcast:1123 com.android.server.InputMethodManagerService.showCurrentInputLocked:1791 com.android.server.InputMethodManagerService.showSoftInput:1753 com.android.internal.view.IInputMethodManager$Stub.onTransact:175 com.android.server.InputMethodManagerService.onTransact:818 
V/InputMethodService(  644): onEvaluateInputViewShown: config.hardKeyboardHidden = 2
V/InputMethodService(  644): onEvaluateInputViewShown: config.hardKeyboardHidden = 2
V/InputMethodService(  644): onEvaluateInputViewShown: config.hardKeyboardHidden = 2
V/InputMethodService(  644): onEvaluateInputViewShown: config.hardKeyboardHidden = 2
W/ContextImpl(  464): Calling a method in the system process without a qualified user: android.app.ContextImpl.sendBroadcast:1123 com.android.server.InputMethodManagerService.showCurrentInputLocked:1791 com.android.server.InputMethodManagerService.showSoftInput:1753 com.android.internal.view.IInputMethodManager$Stub.onTransact:175 com.android.server.InputMethodManagerService.onTransact:818 
V/InputMethodService(  644): onEvaluateInputViewShown: config.hardKeyboardHidden = 2
V/InputMethodService(  644): onEvaluateInputViewShown: config.hardKeyboardHidden = 2
W/ContextImpl(  464): Calling a method in the system process without a qualified user: android.app.ContextImpl.sendBroadcast:1123 com.android.server.InputMethodManagerService.showCurrentInputLocked:1791 com.android.server.InputMethodManagerService.showSoftInput:1753 com.android.internal.view.IInputMethodManager$Stub.onTransact:175 com.android.server.InputMethodManagerService.onTransact:818 
V/InputMethodService(  644): onEvaluateInputViewShown: config.hardKeyboardHidden = 2
V/InputMethodService(  644): onEvaluateInputViewShown: config.hardKeyboardHidden = 2
W/ContextImpl(  464): Calling a method in the system process without a qualified user: android.app.ContextImpl.sendBroadcast:1123 com.android.server.InputMethodManagerService.showCurrentInputLocked:1791 com.android.server.InputMethodManagerService.showSoftInput:1753 com.android.internal.view.IInputMethodManager$Stub.onTransact:175 com.android.server.InputMethodManagerService.onTransact:818 
D/dalvikvm(  464): GC_CONCURRENT freed 4063K, 55% free 11374K/25208K, paused 1ms+4ms, total 27ms
I/Ringdroid( 7448): 0 contacts
W/ViewRootImpl( 7448): Dropping event due to no window focus: KeyEvent { action=ACTION_DOWN, keyCode=KEYCODE_MENU, scanCode=0, metaState=0, flags=0x8, repeatCount=0, eventTime=15371087, downTime=15371087, deviceId=-1, source=0x101 }
W/ViewRootImpl( 7448): Dropping event due to no window focus: KeyEvent { action=ACTION_DOWN, keyCode=KEYCODE_DPAD_CENTER, scanCode=0, metaState=0, flags=0x8, repeatCount=0, eventTime=15371115, downTime=15371115, deviceId=-1, source=0x101 }
W/EGL_emulation( 7448): eglSurfaceAttrib not implemented 3093 12436
W/InputMethodManagerService(  464): Window already focused, ignoring focus gain of: com.android.internal.view.IInputMethodClient$Stub$Proxy@4aee3cf4 attribute=null, token = android.os.BinderProxy@4abdd790
I/Ringdroid( 7448): 0 contacts
I/Ringdroid( 7448): 0 contacts
I/Ringdroid( 7448): 0 contacts
W/ContextImpl(  464): Calling a method in the system process without a qualified user: android.app.ContextImpl.sendBroadcast:1123 com.android.server.InputMethodManagerService.showCurrentInputLocked:1791 com.android.server.InputMethodManagerService.showSoftInput:1753 com.android.internal.view.IInputMethodManager$Stub.onTransact:175 com.android.server.InputMethodManagerService.onTransact:818 
V/InputMethodService(  644): onEvaluateInputViewShown: config.hardKeyboardHidden = 2
V/InputMethodService(  644): onEvaluateInputViewShown: config.hardKeyboardHidden = 2
V/InputMethodService(  644): onEvaluateInputViewShown: config.hardKeyboardHidden = 2
V/InputMethodService(  644): onEvaluateInputViewShown: config.hardKeyboardHidden = 2
W/ContextImpl(  464): Calling a method in the system process without a qualified user: android.app.ContextImpl.sendBroadcast:1123 com.android.server.InputMethodManagerService.showCurrentInputLocked:1791 com.android.server.InputMethodManagerService.showSoftInput:1753 com.android.internal.view.IInputMethodManager$Stub.onTransact:175 com.android.server.InputMethodManagerService.onTransact:818 
I/Ringdroid( 7448): 0 contacts
V/InputMethodService(  644): onEvaluateInputViewShown: config.hardKeyboardHidden = 2
V/InputMethodService(  644): onEvaluateInputViewShown: config.hardKeyboardHidden = 2
W/ContextImpl(  464): Calling a method in the system process without a qualified user: android.app.ContextImpl.sendBroadcast:1123 com.android.server.InputMethodManagerService.showCurrentInputLocked:1791 com.android.server.InputMethodManagerService.showSoftInput:1753 com.android.internal.view.IInputMethodManager$Stub.onTransact:175 com.android.server.InputMethodManagerService.onTransact:818 
W/EGL_emulation( 7448): eglSurfaceAttrib not implemented 3093 12436
W/ViewRootImpl( 7448): Dropping event due to no window focus: KeyEvent { action=ACTION_DOWN, keyCode=KEYCODE_DPAD_DOWN, scanCode=0, metaState=0, flags=0x8, repeatCount=0, eventTime=15372018, downTime=15372018, deviceId=-1, source=0x101 }
W/InputMethodManagerService(  464): Window already focused, ignoring focus gain of: com.android.internal.view.IInputMethodClient$Stub$Proxy@4ac935e0 attribute=null, token = android.os.BinderProxy@4abdd790
W/ViewRootImpl( 7448): Dropping event due to no window focus: KeyEvent { action=ACTION_DOWN, keyCode=KEYCODE_DPAD_UP, scanCode=0, metaState=0, flags=0x8, repeatCount=0, eventTime=15372163, downTime=15372163, deviceId=-1, source=0x101 }
I/ActivityManager(  464): START u0 {act=android.intent.action.MAIN cat=[android.intent.category.LAUNCHER] flg=0x10200000 cmp=com.clear.loud/.LoadActivity} from pid 7438
W/EGL_emulation( 7448): eglSurfaceAttrib not implemented 3093 12436
W/ViewRootImpl( 7448): Dropping event due to no window focus: KeyEvent { action=ACTION_DOWN, keyCode=KEYCODE_DPAD_DOWN, scanCode=0, metaState=0, flags=0x8, repeatCount=0, eventTime=15372184, downTime=15372184, deviceId=-1, source=0x101 }
W/ContextImpl(  464): Calling a method in the system process without a qualified user: android.app.ContextImpl.sendBroadcast:1123 com.android.server.InputMethodManagerService.showCurrentInputLocked:1791 com.android.server.InputMethodManagerService.showSoftInput:1753 com.android.internal.view.IInputMethodManager$Stub.onTransact:175 com.android.server.InputMethodManagerService.onTransact:818 
V/InputMethodService(  644): onEvaluateInputViewShown: config.hardKeyboardHidden = 2
V/InputMethodService(  644): onEvaluateInputViewShown: config.hardKeyboardHidden = 2
W/ViewRootImpl( 7448): Dropping event due to no window focus: KeyEvent { action=ACTION_DOWN, keyCode=KEYCODE_MENU, scanCode=0, metaState=0, flags=0x8, repeatCount=0, eventTime=15372486, downTime=15372486, deviceId=-1, source=0x101 }
W/InputMethodManagerService(  464): Window already focused, ignoring focus gain of: com.android.internal.view.IInputMethodClient$Stub$Proxy@4aa6a6cc attribute=null, token = android.os.BinderProxy@4abdd790
W/ViewRootImpl( 7448): Dropping event due to no window focus: KeyEvent { action=ACTION_DOWN, keyCode=KEYCODE_DPAD_LEFT, scanCode=0, metaState=0, flags=0x8, repeatCount=0, eventTime=15372514, downTime=15372514, deviceId=-1, source=0x101 }
W/EGL_emulation( 7448): eglSurfaceAttrib not implemented 3093 12436
W/InputMethodManagerService(  464): Window already focused, ignoring focus gain of: com.android.internal.view.IInputMethodClient$Stub$Proxy@4a9ffe70 attribute=null, token = android.os.BinderProxy@4abdd790
I/ActivityManager(  464): START u0 {act=android.intent.action.MAIN cat=[android.intent.category.LAUNCHER] flg=0x10200000 cmp=com.clear.loud/.LoadActivity} from pid 7438
V/InputMethodService(  644): onEvaluateInputViewShown: config.hardKeyboardHidden = 2
V/InputMethodService(  644): onEvaluateInputViewShown: config.hardKeyboardHidden = 2
W/ContextImpl(  464): Calling a method in the system process without a qualified user: android.app.ContextImpl.sendBroadcast:1123 com.android.server.InputMethodManagerService.showCurrentInputLocked:1791 com.android.server.InputMethodManagerService.showSoftInput:1753 com.android.internal.view.IInputMethodManager$Stub.onTransact:175 com.android.server.InputMethodManagerService.onTransact:818 
V/InputMethodService(  644): onEvaluateInputViewShown: config.hardKeyboardHidden = 2
V/InputMethodService(  644): onEvaluateInputViewShown: config.hardKeyboardHidden = 2
W/ContextImpl(  464): Calling a method in the system process without a qualified user: android.app.ContextImpl.sendBroadcast:1123 com.android.server.InputMethodManagerService.showCurrentInputLocked:1791 com.android.server.InputMethodManagerService.showSoftInput:1753 com.android.internal.view.IInputMethodManager$Stub.onTransact:175 com.android.server.InputMethodManagerService.onTransact:818 
V/InputMethodService(  644): onEvaluateInputViewShown: config.hardKeyboardHidden = 2
V/InputMethodService(  644): onEvaluateInputViewShown: config.hardKeyboardHidden = 2
W/ContextImpl(  464): Calling a method in the system process without a qualified user: android.app.ContextImpl.sendBroadcast:1123 com.android.server.InputMethodManagerService.showCurrentInputLocked:1791 com.android.server.InputMethodManagerService.showSoftInput:1753 com.android.internal.view.IInputMethodManager$Stub.onTransact:175 com.android.server.InputMethodManagerService.onTransact:818 
W/EGL_emulation( 7448): eglSurfaceAttrib not implemented 3093 12436
V/InputMethodService(  644): onEvaluateInputViewShown: config.hardKeyboardHidden = 2
V/InputMethodService(  644): onEvaluateInputViewShown: config.hardKeyboardHidden = 2
W/ContextImpl(  464): Calling a method in the system process without a qualified user: android.app.ContextImpl.sendBroadcast:1123 com.android.server.InputMethodManagerService.showCurrentInputLocked:1791 com.android.server.InputMethodManagerService.showSoftInput:1753 com.android.internal.view.IInputMethodManager$Stub.onTransact:175 com.android.server.InputMethodManagerService.onTransact:818 
W/ViewRootImpl( 7448): Dropping event due to no window focus: MotionEvent { action=ACTION_MOVE, id[0]=0, x[0]=3.0, y[0]=-3.0, toolType[0]=TOOL_TYPE_UNKNOWN, buttonState=0, metaState=0, flags=0x0, edgeFlags=0x0, pointerCount=1, historySize=3, eventTime=15373326, downTime=-1, deviceId=0, source=0x10004 }
W/EGL_emulation( 7448): eglSurfaceAttrib not implemented 3093 12436
I/ActivityManager(  464): START u0 {act=android.intent.action.MAIN cat=[android.intent.category.LAUNCHER] flg=0x10200000 cmp=com.clear.loud/.LoadActivity} from pid 7438
W/InputMethodManagerService(  464): Window already focused, ignoring focus gain of: com.android.internal.view.IInputMethodClient$Stub$Proxy@4ac2f8f4 attribute=null, token = android.os.BinderProxy@4abdd790
W/InputManager(  464): Input event injection from pid 7438 failed.
W/InputManager(  464): Input event injection from pid 7438 failed.
W/InputManager(  464): Input event injection from pid 7438 failed.
W/InputManager(  464): Input event injection from pid 7438 failed.
W/InputManager(  464): Input event injection from pid 7438 failed.
W/InputManager(  464): Input event injection from pid 7438 failed.
W/InputManager(  464): Input event injection from pid 7438 failed.
W/InputManager(  464): Input event injection from pid 7438 failed.
W/InputManager(  464): Input event injection from pid 7438 failed.
V/InputMethodService(  644): onEvaluateInputViewShown: config.hardKeyboardHidden = 2
V/InputMethodService(  644): onEvaluateInputViewShown: config.hardKeyboardHidden = 2
W/ContextImpl(  464): Calling a method in the system process without a qualified user: android.app.ContextImpl.sendBroadcast:1123 com.android.server.InputMethodManagerService.showCurrentInputLocked:1791 com.android.server.InputMethodManagerService.showSoftInput:1753 com.android.internal.view.IInputMethodManager$Stub.onTransact:175 com.android.server.InputMethodManagerService.onTransact:818 
V/InputMethodService(  644): onEvaluateInputViewShown: config.hardKeyboardHidden = 2
V/InputMethodService(  644): onEvaluateInputViewShown: config.hardKeyboardHidden = 2
W/ContextImpl(  464): Calling a method in the system process without a qualified user: android.app.ContextImpl.sendBroadcast:1123 com.android.server.InputMethodManagerService.showCurrentInputLocked:1791 com.android.server.InputMethodManagerService.showSoftInput:1753 com.android.internal.view.IInputMethodManager$Stub.onTransact:175 com.android.server.InputMethodManagerService.onTransact:818 
W/ViewRootImpl( 7448): Dropping event due to no window focus: KeyEvent { action=ACTION_DOWN, keyCode=KEYCODE_DPAD_RIGHT, scanCode=0, metaState=0, flags=0x8, repeatCount=0, eventTime=15373788, downTime=15373788, deviceId=-1, source=0x101 }
W/ViewRootImpl( 7448): Dropping event due to no window focus: MotionEvent { action=ACTION_MOVE, id[0]=0, x[0]=1.0, y[0]=4.0, toolType[0]=TOOL_TYPE_UNKNOWN, buttonState=0, metaState=0, flags=0x0, edgeFlags=0x0, pointerCount=1, historySize=0, eventTime=15373794, downTime=-1, deviceId=0, source=0x10004 }
W/EGL_emulation( 7448): eglSurfaceAttrib not implemented 3093 12436
W/InputManager(  464): Input event injection from pid 7438 failed.
W/InputMethodManagerService(  464): Window already focused, ignoring focus gain of: com.android.internal.view.IInputMethodClient$Stub$Proxy@4adaf268 attribute=null, token = android.os.BinderProxy@4abdd790
W/InputManager(  464): Input event injection from pid 7438 failed.
