--------- beginning of /dev/log/main
I/Icing   (  713): Indexing F4FAA6262FE39DDD50BAE6B7AF5CDB8D73BA0DB0 from com.google.android.gms
I/Icing   (  713): Indexing done F4FAA6262FE39DDD50BAE6B7AF5CDB8D73BA0DB0
D/AndroidRuntime( 6979): 
D/AndroidRuntime( 6979): >>>>>> AndroidRuntime START com.android.internal.os.RuntimeInit <<<<<<
D/AndroidRuntime( 6979): CheckJNI is OFF
D/dalvikvm( 6979): Using executionMode 2
D/dalvikvm( 6979): Trying to load lib libjavacore.so 0x0
D/dalvikvm( 6979): Added shared lib libjavacore.so 0x0
D/dalvikvm( 6979): Trying to load lib libnativehelper.so 0x0
D/dalvikvm( 6979): Added shared lib libnativehelper.so 0x0
D/dalvikvm( 6979): No JNI_OnLoad found in libnativehelper.so 0x0, skipping init
D/dalvikvm( 6979): Note: class Landroid/app/ActivityManagerNative; has 179 unimplemented (abstract) methods
E/memtrack( 6979): Couldn't load memtrack module (No such file or directory)
E/android.os.Debug( 6979): failed to load memtrack module: -2
D/AndroidRuntime( 6979): Calling main entry com.android.commands.monkey.Monkey
--------- beginning of /dev/log/system
W/BroadcastQueue(  464): Skipping deliver [background] BroadcastRecord{4aff0e24 u-1 android.net.conn.CONNECTIVITY_CHANGE} to ReceiverList{4ae3adc8 6979 (unknown name)/0/u-1 remote:4af6e9cc}: process crashing
I/ActivityManager(  464): START u0 {act=android.intent.action.MAIN cat=[android.intent.category.LAUNCHER] flg=0x10200000 cmp=com.mobile.android.eris/com.mobile.eris.activity.MainActivity} from pid 6979
D/WebViewTimersControl(31805): onBrowserActivityPause
D/WebViewTimersControl(31805): Pausing webview timers, view=com.android.browser.BrowserWebView{4a9cf448 VFEDHVCL .F...... 0,0-720,1164}
I/ActivityManager(  464): Start proc com.mobile.android.eris for activity com.mobile.android.eris/com.mobile.eris.activity.MainActivity: pid=6989 uid=10113 gids={50113, 3003, 1028, 1015, 1023}
W/NetworkManagementSocketTagger(  464): setKernelCountSet(10113, 1) failed with errno -13
I/dalvikvm( 6989): ignoring registerObject request in thread=1
I/dalvikvm( 6989): ignoring registerObject request in thread=1
I/MultiDex( 6989): VM with version 1.6.0 does not have multidex support
I/MultiDex( 6989): install
I/MultiDex( 6989): MultiDexExtractor.load(/data/app/com.mobile.android.eris-1.apk, false)
I/MultiDex( 6989): Detected that extraction must be performed.
I/MultiDex( 6989): Extraction is needed for file /data/data/com.mobile.android.eris/code_cache/secondary-dexes/com.mobile.android.eris-1.apk.classes2.zip
D/dalvikvm( 6989): JIT code cache reset in 0 ms (0 bytes 1/0)
D/dalvikvm( 6989): GC_CONCURRENT freed 145K, 7% free 3032K/3232K, paused 3ms+0ms, total 6ms
I/MultiDex( 6989): Extracting /data/data/com.mobile.android.eris/code_cache/secondary-dexes/com.mobile.android.eris-1.apk.classes-500810814.zip
I/MultiDex( 6989): Renaming to /data/data/com.mobile.android.eris/code_cache/secondary-dexes/com.mobile.android.eris-1.apk.classes2.zip
I/MultiDex( 6989): Extraction success - length /data/data/com.mobile.android.eris/code_cache/secondary-dexes/com.mobile.android.eris-1.apk.classes2.zip: 488133
I/MultiDex( 6989): load found 1 secondary dex files
D/dalvikvm( 6989): DexOpt: --- BEGIN 'com.mobile.android.eris-1.apk.classes2.zip' (bootstrap=0) ---
D/dalvikvm( 7003): DexOpt: couldn't find static field Landroid/hardware/camera2/CameraCharacteristics;.CONTROL_AE_AVAILABLE_TARGET_FPS_RANGES
D/dalvikvm( 7003): DexOpt: load 13ms, verify+opt 46ms, 1574764 bytes
D/dalvikvm( 6989): DexOpt: --- END 'com.mobile.android.eris-1.apk.classes2.zip' (success) ---
D/dalvikvm( 6989): DEX prep '/data/data/com.mobile.android.eris/code_cache/secondary-dexes/com.mobile.android.eris-1.apk.classes2.zip': unzip in 9ms, rewrite 212ms
I/MultiDex( 6989): install done
W/dalvikvm( 6989): VFY: unable to find class referenced in signature (Landroid/view/SearchEvent;)
I/dalvikvm( 6989): Could not find method android.view.Window$Callback.onSearchRequested, referenced from method android.support.v7.view.WindowCallbackWrapper.onSearchRequested
W/dalvikvm( 6989): VFY: unable to resolve interface method 18900: Landroid/view/Window$Callback;.onSearchRequested (Landroid/view/SearchEvent;)Z
D/dalvikvm( 6989): VFY: replacing opcode 0x72 at 0x0002
I/dalvikvm( 6989): Could not find method android.view.Window$Callback.onWindowStartingActionMode, referenced from method android.support.v7.view.WindowCallbackWrapper.onWindowStartingActionMode
W/dalvikvm( 6989): VFY: unable to resolve interface method 18904: Landroid/view/Window$Callback;.onWindowStartingActionMode (Landroid/view/ActionMode$Callback;I)Landroid/view/ActionMode;
D/dalvikvm( 6989): VFY: replacing opcode 0x72 at 0x0002
I/AppCompatViewInflater( 6989): app:theme is now deprecated. Please move to using android:theme instead.
I/dalvikvm( 6989): Could not find method android.content.res.TypedArray.getChangingConfigurations, referenced from method android.support.v7.widget.TintTypedArray.getChangingConfigurations
W/dalvikvm( 6989): VFY: unable to resolve virtual method 734: Landroid/content/res/TypedArray;.getChangingConfigurations ()I
D/dalvikvm( 6989): VFY: replacing opcode 0x6e at 0x0002
I/dalvikvm( 6989): Could not find method android.content.res.TypedArray.getType, referenced from method android.support.v7.widget.TintTypedArray.getType
W/dalvikvm( 6989): VFY: unable to resolve virtual method 756: Landroid/content/res/TypedArray;.getType (I)I
D/dalvikvm( 6989): VFY: replacing opcode 0x6e at 0x0002
D/dalvikvm( 6989): GC_CONCURRENT freed 241K, 9% free 3180K/3476K, paused 3ms+0ms, total 5ms
I/AppCompatViewInflater( 6989): app:theme is now deprecated. Please move to using android:theme instead.
I/AppCompatViewInflater( 6989): app:theme is now deprecated. Please move to using android:theme instead.
D/dalvikvm( 6989): GC_FOR_ALLOC freed 234K, 14% free 3101K/3580K, paused 2ms, total 2ms
I/dalvikvm-heap( 6989): Grow heap (frag case) to 3.683MB for 635808-byte allocation
D/dalvikvm( 6989): GC_CONCURRENT freed <1K, 12% free 3721K/4204K, paused 2ms+2ms, total 5ms
D/dalvikvm( 6989): GC_FOR_ALLOC freed 76K, 10% free 3854K/4276K, paused 2ms, total 2ms
D/dalvikvm( 6989): GC_FOR_ALLOC freed 2K, 10% free 4013K/4420K, paused 2ms, total 2ms
W/GLSUser (  728): [DeviceKeyStore] Cannot load key: Device key file not found.
I/ActivityManager(  464): Start proc com.google.android.gms.unstable for service com.google.android.gms/.droidguard.DroidGuardService: pid=7006 uid=10007 gids={50007, 3003, 1007, 1028, 1015, 1023, 3002, 3001, 3007, 2001, 3006}
I/dalvikvm( 7006): ignoring registerObject request in thread=1
I/dalvikvm( 7006): ignoring registerObject request in thread=1
W/dalvikvm( 7006): VFY: unable to resolve static field 1177 (PR_SET_DUMPABLE) in Landroid/system/OsConstants;
D/dalvikvm( 7006): VFY: replacing opcode 0x60 at 0x000e
I/dalvikvm( 7006): Could not find method android.content.Context.getSystemService, referenced from method sp.a
W/dalvikvm( 7006): VFY: unable to resolve virtual method 2387: Landroid/content/Context;.getSystemService (Ljava/lang/Class;)Ljava/lang/Object;
D/dalvikvm( 7006): VFY: replacing opcode 0x6e at 0x0008
I/dalvikvm( 7006): Could not find method android.content.Context.createDeviceProtectedStorageContext, referenced from method jvu.a
W/dalvikvm( 7006): VFY: unable to resolve virtual method 2362: Landroid/content/Context;.createDeviceProtectedStorageContext ()Landroid/content/Context;
D/dalvikvm( 7006): VFY: replacing opcode 0x6e at 0x0029
I/dalvikvm( 7006): Could not find method android.content.Context.getSystemService, referenced from method jvu.b
W/dalvikvm( 7006): VFY: unable to resolve virtual method 2387: Landroid/content/Context;.getSystemService (Ljava/lang/Class;)Ljava/lang/Object;
D/dalvikvm( 7006): VFY: replacing opcode 0x6e at 0x000b
W/dalvikvm( 7006): VFY: unable to find class referenced in signature (Lamgd;)
W/dalvikvm( 7006): VFY: unable to find class referenced in signature (Lamgd;)
I/dalvikvm( 7006): Could not find method android.content.Context.isDeviceProtectedStorage, referenced from method amfs.a
W/dalvikvm( 7006): VFY: unable to resolve virtual method 2392: Landroid/content/Context;.isDeviceProtectedStorage ()Z
D/dalvikvm( 7006): VFY: replacing opcode 0x6e at 0x0009
I/dalvikvm( 7006): Could not find method android.content.Context.isDeviceProtectedStorage, referenced from method amfs.b
W/dalvikvm( 7006): VFY: unable to resolve virtual method 2392: Landroid/content/Context;.isDeviceProtectedStorage ()Z
D/dalvikvm( 7006): VFY: replacing opcode 0x6e at 0x005d
W/dalvikvm( 7006): VFY: unable to find class referenced in signature (Laanf;)
W/dalvikvm( 7006): VFY: unable to find class referenced in signature (Laanf;)
I/dalvikvm( 7006): Could not find method android.content.Context.isDeviceProtectedStorage, referenced from method aamt.a
W/dalvikvm( 7006): VFY: unable to resolve virtual method 2392: Landroid/content/Context;.isDeviceProtectedStorage ()Z
D/dalvikvm( 7006): VFY: replacing opcode 0x6e at 0x000c
I/dalvikvm( 7006): Could not find method android.content.Context.isDeviceProtectedStorage, referenced from method aamt.c
W/dalvikvm( 7006): VFY: unable to resolve virtual method 2392: Landroid/content/Context;.isDeviceProtectedStorage ()Z
D/dalvikvm( 7006): VFY: replacing opcode 0x6e at 0x003d
I/dalvikvm( 7006): Could not find method android.os.PowerManager.isInteractive, referenced from method jsu.a
W/dalvikvm( 7006): VFY: unable to resolve virtual method 2975: Landroid/os/PowerManager;.isInteractive ()Z
D/dalvikvm( 7006): VFY: replacing opcode 0x6e at 0x0012
I/dalvikvm( 7006): Could not find method android.content.ContextWrapper.createCredentialProtectedStorageContext, referenced from method com.google.android.chimera.ModuleContext.createCredentialProtectedStorageContext
W/dalvikvm( 7006): VFY: unable to resolve virtual method 2411: Landroid/content/ContextWrapper;.createCredentialProtectedStorageContext ()Landroid/content/Context;
D/dalvikvm( 7006): VFY: replacing opcode 0x6f at 0x0002
I/dalvikvm( 7006): Could not find method android.content.ContextWrapper.createDeviceProtectedStorageContext, referenced from method com.google.android.chimera.ModuleContext.createDeviceProtectedStorageContext
W/dalvikvm( 7006): VFY: unable to resolve virtual method 2412: Landroid/content/ContextWrapper;.createDeviceProtectedStorageContext ()Landroid/content/Context;
D/dalvikvm( 7006): VFY: replacing opcode 0x6f at 0x0002
I/dalvikvm( 7006): Could not find method android.content.Context.isCredentialProtectedStorage, referenced from method cub.a
W/dalvikvm( 7006): VFY: unable to resolve virtual method 2391: Landroid/content/Context;.isCredentialProtectedStorage ()Z
D/dalvikvm( 7006): VFY: replacing opcode 0x6e at 0x0000
I/dalvikvm( 7006): Could not find method android.os.UserManager.isUserUnlocked, referenced from method cub.a
W/dalvikvm( 7006): VFY: unable to resolve virtual method 3028: Landroid/os/UserManager;.isUserUnlocked ()Z
D/dalvikvm( 7006): VFY: replacing opcode 0x6e at 0x001a
I/dalvikvm( 7006): Could not find method android.content.Context.isDeviceProtectedStorage, referenced from method cub.b
W/dalvikvm( 7006): VFY: unable to resolve virtual method 2392: Landroid/content/Context;.isDeviceProtectedStorage ()Z
D/dalvikvm( 7006): VFY: replacing opcode 0x6e at 0x0000
I/dalvikvm( 7006): Could not find method android.content.Context.isDeviceProtectedStorage, referenced from method cub.c
W/dalvikvm( 7006): VFY: unable to resolve virtual method 2392: Landroid/content/Context;.isDeviceProtectedStorage ()Z
D/dalvikvm( 7006): VFY: replacing opcode 0x6e at 0x0000
I/MultiDex( 7006): VM with version 1.6.0 does not have multidex support
I/MultiDex( 7006): install
I/MultiDex( 7006): MultiDexExtractor.load(/system/priv-app/GmsCore.apk, false)
I/MultiDex( 7006): Blocking on lock /data/data/com.google.android.gms/code_cache/secondary-dexes/MultiDex.lock
I/MultiDex( 7006): /data/data/com.google.android.gms/code_cache/secondary-dexes/MultiDex.lock locked
I/MultiDex( 7006): loading existing secondary dex files
I/MultiDex( 7006): load found 4 secondary dex files
I/MultiDex( 7006): install done
I/dalvikvm( 7006): Could not find method android.content.Context.isDeviceProtectedStorage, referenced from method kqa.d
W/dalvikvm( 7006): VFY: unable to resolve virtual method 2392: Landroid/content/Context;.isDeviceProtectedStorage ()Z
D/dalvikvm( 7006): VFY: replacing opcode 0x6e at 0x0006
I/dalvikvm( 7006): Could not find method android.os.UserHandle.isOwner, referenced from method kqa.i
W/dalvikvm( 7006): VFY: unable to resolve virtual method 3021: Landroid/os/UserHandle;.isOwner ()Z
D/dalvikvm( 7006): VFY: replacing opcode 0x6e at 0x000a
I/dalvikvm( 7006): Could not find method android.content.pm.PackageManager.isInstantApp, referenced from method kwe.a
W/dalvikvm( 7006): VFY: unable to resolve virtual method 2511: Landroid/content/pm/PackageManager;.isInstantApp (Ljava/lang/String;)Z
D/dalvikvm( 7006): VFY: replacing opcode 0x6e at 0x002d
I/dalvikvm( 7006): Could not find method android.content.ContextWrapper.createCredentialProtectedStorageContext, referenced from method khq.createCredentialProtectedStorageContext
W/dalvikvm( 7006): VFY: unable to resolve virtual method 2411: Landroid/content/ContextWrapper;.createCredentialProtectedStorageContext ()Landroid/content/Context;
D/dalvikvm( 7006): VFY: replacing opcode 0x6f at 0x0002
I/dalvikvm( 7006): Could not find method android.content.ContextWrapper.createDeviceProtectedStorageContext, referenced from method khq.createDeviceProtectedStorageContext
W/dalvikvm( 7006): VFY: unable to resolve virtual method 2412: Landroid/content/ContextWrapper;.createDeviceProtectedStorageContext ()Landroid/content/Context;
D/dalvikvm( 7006): VFY: replacing opcode 0x6f at 0x0002
D/dalvikvm( 7006): JIT code cache reset in 0 ms (0 bytes 1/0)
D/dalvikvm( 7006): GC_CONCURRENT freed 314K, 12% free 2888K/3260K, paused 2ms+3ms, total 10ms
D/dalvikvm( 7006): DexOpt: couldn't find static field Landroid/os/Build;.SUPPORTED_ABIS
W/dalvikvm( 7006): VFY: unable to resolve static field 1158 (SUPPORTED_ABIS) in Landroid/os/Build;
D/dalvikvm( 7006): VFY: replacing opcode 0x62 at 0x0008
D/dalvikvm( 7006): DexOpt: couldn't find static field Landroid/os/Build;.SUPPORTED_ABIS
W/dalvikvm( 7006): VFY: unable to resolve static field 1158 (SUPPORTED_ABIS) in Landroid/os/Build;
D/dalvikvm( 7006): VFY: replacing opcode 0x62 at 0x0097
D/dalvikvm( 7006): DexOpt: couldn't find field Landroid/content/pm/ApplicationInfo;.splitSourceDirs
W/dalvikvm( 7006): VFY: unable to resolve instance field 1089
D/dalvikvm( 7006): VFY: replacing opcode 0x54 at 0x0053
D/dalvikvm( 7006): DexOpt: couldn't find field Landroid/content/pm/ApplicationInfo;.splitSourceDirs
I/dalvikvm( 7006): DexOpt: unable to optimize instance field ref 0x0441 at 0x57 in Lksq;.d
I/dalvikvm( 7006): Could not find method android.system.Os.stat, referenced from method kro.a
W/dalvikvm( 7006): VFY: unable to resolve static method 3048: Landroid/system/Os;.stat (Ljava/lang/String;)Landroid/system/StructStat;
D/dalvikvm( 7006): VFY: replacing opcode 0x71 at 0x0041
I/dalvikvm( 7006): DexOpt: unable to optimize instance field ref 0x04a2 at 0x45 in Lkro;.a
I/dalvikvm( 7006): DexOpt: unable to optimize instance field ref 0x04a1 at 0x51 in Lkro;.a
I/dalvikvm( 7006): DexOpt: unable to optimize static field ref 0x049e at 0x53 in Lkro;.a
I/dalvikvm( 7006): DexOpt: unable to optimize static field ref 0x049f at 0x58 in Lkro;.a
I/dalvikvm( 7006): DexOpt: unable to optimize static field ref 0x04a0 at 0x5d in Lkro;.a
I/dalvikvm( 7006): Could not find method android.app.AppOpsManager.permissionToOp, referenced from method qo.a
W/dalvikvm( 7006): VFY: unable to resolve static method 2144: Landroid/app/AppOpsManager;.permissionToOp (Ljava/lang/String;)Ljava/lang/String;
D/dalvikvm( 7006): VFY: replacing opcode 0x71 at 0x000f
I/dalvikvm( 7006): Could not find method android.content.Context.getSystemService, referenced from method qo.a
W/dalvikvm( 7006): VFY: unable to resolve virtual method 2387: Landroid/content/Context;.getSystemService (Ljava/lang/Class;)Ljava/lang/Object;
D/dalvikvm( 7006): VFY: replacing opcode 0x6e at 0x0030
D/dalvikvm( 7006): Trying to load lib /data/data/com.google.android.gms/app_extracted_libs/x86/libgmscore.so 0x94fd2b30
D/dalvikvm( 7006): Added shared lib /data/data/com.google.android.gms/app_extracted_libs/x86/libgmscore.so 0x94fd2b30
D/dalvikvm( 7006): No JNI_OnLoad found in /data/data/com.google.android.gms/app_extracted_libs/x86/libgmscore.so 0x94fd2b30, skipping init
D/dalvikvm( 7006): Trying to load lib /data/data/com.google.android.gms/app_extracted_libs/x86/libconscrypt_gmscore_jni.so 0x94fd2b30
D/dalvikvm( 7006): Added shared lib /data/data/com.google.android.gms/app_extracted_libs/x86/libconscrypt_gmscore_jni.so 0x94fd2b30
V/NativeCrypto( 7006): Registering com/google/android/gms/org/conscrypt/NativeCrypto's 279 native methods...
D/dalvikvm( 7006): Trying to load lib /data/data/com.google.android.gms/app_extracted_libs/x86/libgmscore.so 0x94fd2b30
D/dalvikvm( 7006): Shared lib '/data/data/com.google.android.gms/app_extracted_libs/x86/libgmscore.so' already loaded in same CL 0x94fd2b30
D/dalvikvm( 7006): Trying to load lib /data/data/com.google.android.gms/app_extracted_libs/x86/libconscrypt_gmscore_jni.so 0x94fd2b30
D/dalvikvm( 7006): Shared lib '/data/data/com.google.android.gms/app_extracted_libs/x86/libconscrypt_gmscore_jni.so' already loaded in same CL 0x94fd2b30
E/dalvikvm( 7006): Could not find class 'javax.net.ssl.SNIServerName', referenced from method com.google.android.gms.org.conscrypt.Platform.getSniHostnameFromParams
W/dalvikvm( 7006): VFY: unable to resolve check-cast 2477 (Ljavax/net/ssl/SNIServerName;) in Lcom/google/android/gms/org/conscrypt/Platform;
D/dalvikvm( 7006): VFY: replacing opcode 0x1f at 0x0025
E/dalvikvm( 7006): Could not find class 'javax.net.ssl.SNIHostName', referenced from method com.google.android.gms.org.conscrypt.Platform.setParametersSniHostname
W/dalvikvm( 7006): VFY: unable to resolve new-instance 2476 (Ljavax/net/ssl/SNIHostName;) in Lcom/google/android/gms/org/conscrypt/Platform;
D/dalvikvm( 7006): VFY: replacing opcode 0x22 at 0x0024
E/dalvikvm( 7006): Could not find class 'javax.net.ssl.SNIHostName', referenced from method com.google.android.gms.org.conscrypt.Platform.setParametersSniHostname
W/dalvikvm( 7006): VFY: unable to resolve new-instance 2476 (Ljavax/net/ssl/SNIHostName;) in Lcom/google/android/gms/org/conscrypt/Platform;
D/dalvikvm( 7006): VFY: replacing opcode 0x22 at 0x0024
W/dalvikvm( 7006): Unable to resolve superclass of Lcom/google/android/gms/org/conscrypt/Java7SessionWrapper; (2467)
W/dalvikvm( 7006): Link of class 'Lcom/google/android/gms/org/conscrypt/Java7SessionWrapper;' failed
I/dalvikvm( 7006): Could not find method com.google.android.gms.org.conscrypt.Java7SessionWrapper.getDelegate, referenced from method com.google.android.gms.org.conscrypt.Platform.unwrapSSLSession
W/dalvikvm( 7006): VFY: unable to resolve static method 8510: Lcom/google/android/gms/org/conscrypt/Java7SessionWrapper;.getDelegate (Ljavax/net/ssl/SSLSession;)Ljavax/net/ssl/SSLSession;
D/dalvikvm( 7006): VFY: replacing opcode 0x71 at 0x0007
W/dalvikvm( 7006): Unable to resolve superclass of Lcom/google/android/gms/org/conscrypt/Java7SessionWrapper; (2467)
W/dalvikvm( 7006): Link of class 'Lcom/google/android/gms/org/conscrypt/Java7SessionWrapper;' failed
E/dalvikvm( 7006): Could not find class 'com.google.android.gms.org.conscrypt.Java7SessionWrapper', referenced from method com.google.android.gms.org.conscrypt.Platform.wrapSSLSession
W/dalvikvm( 7006): VFY: unable to resolve new-instance 1610 (Lcom/google/android/gms/org/conscrypt/Java7SessionWrapper;) in Lcom/google/android/gms/org/conscrypt/Platform;
D/dalvikvm( 7006): VFY: replacing opcode 0x22 at 0x0007
D/dalvikvm( 7006): DexOpt: unable to opt direct call 0x35f3 at 0x2a in Lcom/google/android/gms/org/conscrypt/Platform;.setParametersSniHostname
D/dalvikvm( 7006): DexOpt: unable to opt direct call 0x35f3 at 0x2a in Lcom/google/android/gms/org/conscrypt/Platform;.setParametersSniHostname
W/dalvikvm( 7006): Unable to resolve superclass of Lcom/google/android/gms/org/conscrypt/Java7SessionWrapper; (2467)
W/dalvikvm( 7006): Link of class 'Lcom/google/android/gms/org/conscrypt/Java7SessionWrapper;' failed
D/dalvikvm( 7006): DexOpt: unable to opt direct call 0x213a at 0x09 in Lcom/google/android/gms/org/conscrypt/Platform;.wrapSSLSession
D/dalvikvm( 7006): GC_CONCURRENT freed 430K, 15% free 2920K/3404K, paused 2ms+2ms, total 6ms
D/dalvikvm( 7006): GC_CONCURRENT freed 236K, 9% free 3125K/3404K, paused 5ms+2ms, total 10ms
I/ProviderInstaller( 7006): Installed default security provider GmsCore_OpenSSL
D/dalvikvm( 7006): GC_CONCURRENT freed 172K, 7% free 3360K/3588K, paused 1ms+4ms, total 7ms
D/dalvikvm( 7006): GC_CONCURRENT freed 124K, 5% free 3621K/3804K, paused 3ms+0ms, total 6ms
I/dalvikvm( 7006): Could not find method android.app.NotificationManager.getNotificationChannel, referenced from method jjd.a
W/dalvikvm( 7006): VFY: unable to resolve virtual method 2253: Landroid/app/NotificationManager;.getNotificationChannel (Ljava/lang/String;)Landroid/app/NotificationChannel;
D/dalvikvm( 7006): VFY: replacing opcode 0x6e at 0x000c
I/dalvikvm( 7006): Could not find method android.app.Notification$Builder.setChannelId, referenced from method jjd.a
W/dalvikvm( 7006): VFY: unable to resolve virtual method 2208: Landroid/app/Notification$Builder;.setChannelId (Ljava/lang/String;)Landroid/app/Notification$Builder;
D/dalvikvm( 7006): VFY: replacing opcode 0x6e at 0x007e
D/dalvikvm( 7006): DexOpt: unable to opt direct call 0x08c7 at 0x19 in Ljjd;.a
I/dalvikvm( 7006): Could not find method android.content.pm.PackageManager.getPackageInstaller, referenced from method jjw.a
W/dalvikvm( 7006): VFY: unable to resolve virtual method 2504: Landroid/content/pm/PackageManager;.getPackageInstaller ()Landroid/content/pm/PackageInstaller;
D/dalvikvm( 7006): VFY: replacing opcode 0x6e at 0x001c
D/dalvikvm( 7006): GC_CONCURRENT freed 176K, 6% free 3950K/4184K, paused 0ms+1ms, total 6ms
D/dalvikvm( 7006): WAIT_FOR_CONCURRENT_GC blocked 1ms
D/dalvikvm( 7006): WAIT_FOR_CONCURRENT_GC blocked 2ms
D/dalvikvm( 7006): WAIT_FOR_CONCURRENT_GC blocked 2ms
D/dalvikvm( 7006): GC_CONCURRENT freed 115K, 4% free 4231K/4404K, paused 1ms+1ms, total 4ms
I/dalvikvm( 7006): Could not find method android.system.Os.readlink, referenced from method cuq.a
W/dalvikvm( 7006): VFY: unable to resolve static method 3047: Landroid/system/Os;.readlink (Ljava/lang/String;)Ljava/lang/String;
D/dalvikvm( 7006): VFY: replacing opcode 0x71 at 0x0000
I/dalvikvm( 7006): Could not find method android.system.Os.stat, referenced from method cuq.a
W/dalvikvm( 7006): VFY: unable to resolve static method 3048: Landroid/system/Os;.stat (Ljava/lang/String;)Landroid/system/StructStat;
D/dalvikvm( 7006): VFY: replacing opcode 0x71 at 0x0042
D/dalvikvm( 7006): GC_CONCURRENT freed 169K, 5% free 4568K/4796K, paused 2ms+0ms, total 6ms
D/dalvikvm( 7006): WAIT_FOR_CONCURRENT_GC blocked 3ms
I/dalvikvm( 7006): Could not find method android.system.Os.symlink, referenced from method cuq.a
W/dalvikvm( 7006): VFY: unable to resolve static method 3049: Landroid/system/Os;.symlink (Ljava/lang/String;Ljava/lang/String;)V
D/dalvikvm( 7006): VFY: replacing opcode 0x71 at 0x013b
I/dalvikvm( 7006): DexOpt: unable to optimize instance field ref 0x04a1 at 0x46 in Lcuq;.a
I/dalvikvm( 7006): DexOpt: unable to optimize static field ref 0x049c at 0x48 in Lcuq;.a
I/dalvikvm( 7006): DexOpt: unable to optimize static field ref 0x049a at 0x4a in Lcuq;.a
I/dalvikvm( 7006): DexOpt: unable to optimize static field ref 0x049b at 0x4d in Lcuq;.a
I/dalvikvm( 7006): DexOpt: unable to optimize static field ref 0x049d at 0x57 in Lcuq;.a
I/dalvikvm( 7006): DexOpt: unable to optimize static field ref 0x04a0 at 0x5f in Lcuq;.a
I/dalvikvm( 7006): DexOpt: unable to optimize static field ref 0x049e at 0x61 in Lcuq;.a
I/dalvikvm( 7006): DexOpt: unable to optimize static field ref 0x049f at 0x64 in Lcuq;.a
I/dalvikvm( 7006): DexOpt: unable to optimize static field ref 0x049c at 0x7f in Lcuq;.a
I/dalvikvm( 7006): DexOpt: unable to optimize static field ref 0x04a0 at 0x90 in Lcuq;.a
D/dalvikvm( 7006): WAIT_FOR_CONCURRENT_GC blocked 4ms
D/dalvikvm( 7006): GC_CONCURRENT freed 329K, 8% free 4744K/5136K, paused 1ms+1ms, total 4ms
D/dalvikvm( 7006): GC_CONCURRENT freed 205K, 5% free 5185K/5452K, paused 0ms+0ms, total 11ms
D/dalvikvm( 7006): WAIT_FOR_CONCURRENT_GC blocked 3ms
D/dalvikvm( 7006): WAIT_FOR_CONCURRENT_GC blocked 10ms
I/dalvikvm( 7006): Could not find method android.content.ContextWrapper.createCredentialProtectedStorageContext, referenced from method jsl.createCredentialProtectedStorageContext
W/dalvikvm( 7006): VFY: unable to resolve virtual method 2411: Landroid/content/ContextWrapper;.createCredentialProtectedStorageContext ()Landroid/content/Context;
D/dalvikvm( 7006): VFY: replacing opcode 0x6f at 0x0002
I/dalvikvm( 7006): Could not find method android.content.ContextWrapper.createDeviceProtectedStorageContext, referenced from method jsl.createDeviceProtectedStorageContext
W/dalvikvm( 7006): VFY: unable to resolve virtual method 2412: Landroid/content/ContextWrapper;.createDeviceProtectedStorageContext ()Landroid/content/Context;
D/dalvikvm( 7006): VFY: replacing opcode 0x6f at 0x0002
E/dalvikvm( 7006): Could not find class 'android.net.Network', referenced from method npo.a
W/dalvikvm( 7006): VFY: unable to resolve check-cast 1020 (Landroid/net/Network;) in Lnpo;
D/dalvikvm( 7006): VFY: replacing opcode 0x1f at 0x0039
W/ConfigurationChimeraPro(  654): Got null configs for com.google.android.gms.droidguard -- metadata{ service_id: 51 }
I/dalvikvm( 7006): Could not find method android.content.Context.checkSelfPermission, referenced from method kha.a
W/dalvikvm( 7006): VFY: unable to resolve virtual method 2360: Landroid/content/Context;.checkSelfPermission (Ljava/lang/String;)I
D/dalvikvm( 7006): VFY: replacing opcode 0x6e at 0x0034
I/dalvikvm( 7006): Failed resolving Lkhb; interface 820 'Landroid/content/pm/PackageManager$OnPermissionsChangedListener;'
W/dalvikvm( 7006): Link of class 'Lkhb;' failed
E/dalvikvm( 7006): Could not find class 'khb', referenced from method kha.a
W/dalvikvm( 7006): VFY: unable to resolve new-instance 2954 (Lkhb;) in Lkha;
D/dalvikvm( 7006): VFY: replacing opcode 0x22 at 0x0000
I/dalvikvm( 7006): Failed resolving Lkhb; interface 820 'Landroid/content/pm/PackageManager$OnPermissionsChangedListener;'
W/dalvikvm( 7006): Link of class 'Lkhb;' failed
D/dalvikvm( 7006): DexOpt: unable to opt direct call 0x3ee7 at 0x02 in Lkha;.a
D/dalvikvm( 7006): GC_CONCURRENT freed 407K, 9% free 5460K/5936K, paused 6ms+2ms, total 10ms
I/dalvikvm( 7006): Could not find method android.app.admin.DevicePolicyManager.getAccountTypesWithManagementDisabled, referenced from method kpn.g
W/dalvikvm( 7006): VFY: unable to resolve virtual method 3173: Landroid/app/admin/DevicePolicyManager;.getAccountTypesWithManagementDisabled ()[Ljava/lang/String;
D/dalvikvm( 7006): VFY: replacing opcode 0x6e at 0x002b
I/dalvikvm( 7006): Could not find method android.net.Network.openConnection, referenced from method nnr.a
W/dalvikvm( 7006): VFY: unable to resolve virtual method 4522: Landroid/net/Network;.openConnection (Ljava/net/URL;)Ljava/net/URLConnection;
D/dalvikvm( 7006): VFY: replacing opcode 0x6e at 0x0010
I/dalvikvm( 7006): Could not find method android.os.PowerManager.isInteractive, referenced from method krl.a
W/dalvikvm( 7006): VFY: unable to resolve virtual method 4948: Landroid/os/PowerManager;.isInteractive ()Z
D/dalvikvm( 7006): VFY: replacing opcode 0x6e at 0x0006
E/SurfaceFlinger(  167): glCheckFramebufferStatusOES error 36054
E/SurfaceFlinger(  167): got GL_FRAMEBUFFER_COMPLETE_OES error while taking screenshot
D/SurfaceFlinger(  167): setOrientation, mFbdev=0xb85f6050, mFbDev->setOrientation=0xb6945ce0, orientation=0
I/gralloc_nox(  167): setOrientation: orientation=0
I/ActivityManager(  464): Config changes=480 {1.0 310mcc16mnc en_US ldltr sw480dp w853dp h454dp 240dpi lrg long land finger -keyb/v/h dpad/v s.117}
D/Tinker.DefaultAppLike(24744): onConfigurationChanged:{1.0 310mcc16mnc en_US ldltr sw480dp w853dp h454dp 240dpi lrg long land finger -keyb/v/h dpad/v s.117}
D/Sensors (  464): Client connection accepted (205)
D/dalvikvm( 7006): DexOpt: --- BEGIN 'f.apk' (bootstrap=0) ---
D/PhoneStatusBar(  532): mSettingsPanelGravity = 55
I/InputReader(  464): Reconfiguring input devices.  changes=0x00000004
I/InputReader(  464): Device reconfigured: id=1, name='Android Input', size 1280x720, orientation 0, mode 1, display id 0
I/InputReader(  464): Device reconfigured: id=3, name='seamless mouse', size 1280x720, orientation 0, mode 1, display id 0
I/InputReader(  464): Device reconfigured: id=8, name='VirtualBox USB Tablet', size 1280x720, orientation 0, mode 1, display id 0
W/EGL_emulation(  532): eglSurfaceAttrib not implemented 3093 12436
D/dalvikvm( 7031): DexOpt: load 0ms, verify+opt 1ms, 123436 bytes
D/dalvikvm( 7006): DexOpt: --- END 'f.apk' (success) ---
D/dalvikvm( 7006): DEX prep '/data/data/com.google.android.gms/app_fb/f.apk': unzip in 2ms, rewrite 173ms
D/libEGL  ( 7006): loaded /system/lib/egl/libEGL_adreno.so
D/        ( 7006): HostConnection::get() New Host Connection established 0xb8751df0, tid 7015
D/libEGL  ( 7006): loaded /system/lib/egl/libGLESv1_CM_adreno.so
D/libEGL  ( 7006): loaded /system/lib/egl/libGLESv2_adreno.so
I/WindowManager(  464): Screen frozen for +415ms due to Window{4a983d18 u0 StatusBar}
I/Auth    (  728): [ReflectiveChannelBinder] Successfully bound channel!
V/NativeCrypto(  728): SSL shutdown failed: ssl=0xb87e0dc8: I/O error during system call, Connection timed out
W/GLSUser (  728): [AppCertManager] IOException while requesting key: 
W/GLSUser (  728): [DeviceKeyStore] Cannot load key: Device key file not found.
W/io.grpc.internal.ec(  654): [{0}] Failed to resolve name. status={1}
W/System.err( 6989): java.io.IOException: grpc failed
W/System.err( 6989): 	at android.location.Geocoder.getFromLocation(Geocoder.java:136)
W/System.err( 6989): 	at com.mobile.eris.common.Geo.setLocationData(Geo.java:56)
W/System.err( 6989): 	at com.mobile.eris.common.Geo.access$000(Geo.java:23)
W/System.err( 6989): 	at com.mobile.eris.common.Geo$1.onNewLocationAvailable(Geo.java:40)
W/System.err( 6989): 	at com.mobile.eris.common.SingleShotLocationProvider$1.onLocationChanged(SingleShotLocationProvider.java:31)
W/System.err( 6989): 	at android.location.LocationManager$ListenerTransport._handleMessage(LocationManager.java:279)
W/System.err( 6989): 	at android.location.LocationManager$ListenerTransport.access$000(LocationManager.java:208)
W/System.err( 6989): 	at android.location.LocationManager$ListenerTransport$1.handleMessage(LocationManager.java:224)
W/System.err( 6989): 	at android.os.Handler.dispatchMessage(Handler.java:102)
W/System.err( 6989): 	at android.os.Looper.loop(Looper.java:136)
W/System.err( 6989): 	at android.app.ActivityThread.main(ActivityThread.java:5019)
W/System.err( 6989): 	at java.lang.reflect.Method.invokeNative(Native Method)
W/System.err( 6989): 	at java.lang.reflect.Method.invoke(Method.java:515)
W/System.err( 6989): 	at com.android.internal.os.ZygoteInit$MethodAndArgsCaller.run(ZygoteInit.java:779)
W/System.err( 6989): 	at com.android.internal.os.ZygoteInit.main(ZygoteInit.java:595)
W/System.err( 6989): 	at dalvik.system.NativeStart.main(Native Method)
I/Choreographer( 6989): Skipped 69 frames!  The application may be doing too much work on its main thread.
D/libEGL  ( 6989): loaded /system/lib/egl/libEGL_adreno.so
D/        ( 6989): HostConnection::get() New Host Connection established 0xb8770d10, tid 6989
D/libEGL  ( 6989): loaded /system/lib/egl/libGLESv1_CM_adreno.so
D/libEGL  ( 6989): loaded /system/lib/egl/libGLESv2_adreno.so
W/EGL_emulation( 6989): eglSurfaceAttrib not implemented 3093 12436
D/OpenGLRenderer( 6989): Enabling debug mode 0
I/dalvikvm( 6989): Could not find method android.support.v7.widget.LinearLayoutCompat.drawableHotspotChanged, referenced from method android.support.design.internal.ForegroundLinearLayout.drawableHotspotChanged
W/dalvikvm( 6989): VFY: unable to resolve virtual method 15475: Landroid/support/v7/widget/LinearLayoutCompat;.drawableHotspotChanged (FF)V
D/dalvikvm( 6989): VFY: replacing opcode 0x6f at 0x0000
W/ViewRootImpl( 6989): Dropping event due to no window focus: KeyEvent { action=ACTION_DOWN, keyCode=KEYCODE_DPAD_CENTER, scanCode=0, metaState=0, flags=0x8, repeatCount=0, eventTime=4989437, downTime=4989437, deviceId=-1, source=0x101 }
D/dalvikvm( 6989): GC_CONCURRENT freed 143K, 7% free 4265K/4556K, paused 0ms+2ms, total 6ms
W/ViewRootImpl( 6989): Dropping event due to no window focus: KeyEvent { action=ACTION_DOWN, keyCode=KEYCODE_DPAD_DOWN, scanCode=0, metaState=0, flags=0x8, repeatCount=0, eventTime=4991358, downTime=4991358, deviceId=-1, source=0x101 }
I/ActivityManager(  464): Displayed com.mobile.android.eris/com.mobile.eris.activity.MainActivity: +2s282ms
W/ViewRootImpl( 6989): Dropping event due to no window focus: KeyEvent { action=ACTION_DOWN, keyCode=KEYCODE_DPAD_LEFT, scanCode=0, metaState=0, flags=0x8, repeatCount=0, eventTime=4991368, downTime=4991368, deviceId=-1, source=0x101 }
V/PanelView(  532): animationTick called with dtms=0; nothing to do (h=0.0 v=0.0)
W/IInputConnectionWrapper(31805): showStatusIcon on inactive InputConnection
W/ContextImpl(  464): Calling a method in the system process without a qualified user: android.app.ContextImpl.sendBroadcast:1123 com.android.server.InputMethodManagerService.hideCurrentInputLocked:1880 com.android.server.InputMethodManagerService.windowGainedFocus:1968 com.android.internal.view.IInputMethodManager$Stub.onTransact:221 com.android.server.InputMethodManagerService.onTransact:818 
V/PanelView(  532): animationTick called with dtms=0; nothing to do (h=0.0 v=0.0)
I/WearableService(  654): Wearable Services stopping
W/NetworkManagementSocketTagger(  464): setKernelCountSet(10017, 0) failed with errno -13
V/PanelView(  532): animationTick called with dtms=0; nothing to do (h=0.0 v=-0.0)
V/PanelView(  532): animationTick called with dtms=0; nothing to do (h=0.0 v=-0.0)
V/PanelView(  532): animationTick called with dtms=0; nothing to do (h=0.0 v=-0.0)
V/PanelView(  532): animationTick called with dtms=-3; nothing to do (h=0.0 v=-0.0)
W/ViewRootImpl( 6989): Dropping event due to no window focus: KeyEvent { action=ACTION_DOWN, keyCode=KEYCODE_FUNCTION, scanCode=0, metaState=0, flags=0x8, repeatCount=0, eventTime=4992051, downTime=4992051, deviceId=-1, source=0x101 }
W/ViewRootImpl( 6989): Dropping event due to no window focus: KeyEvent { action=ACTION_DOWN, keyCode=KEYCODE_DPAD_LEFT, scanCode=0, metaState=0, flags=0x8, repeatCount=0, eventTime=4992061, downTime=4992061, deviceId=-1, source=0x101 }
W/EGL_emulation( 6989): eglSurfaceAttrib not implemented 3093 12436
W/InputMethodManagerService(  464): Window already focused, ignoring focus gain of: com.android.internal.view.IInputMethodClient$Stub$Proxy@4a99a9a0 attribute=null, token = android.os.BinderProxy@4aa06bd4
I/ActivityManager(  464): START u0 {act=android.intent.action.MAIN cat=[android.intent.category.LAUNCHER] flg=0x10000000 sel={act=android.intent.action.MAIN cat=[android.intent.category.APP_MUSIC]}} from pid 464
I/ActivityManager(  464): START u0 {act=android.intent.action.CALL_BUTTON flg=0x10000000} from pid 6989
W/PhoneFallbackEventHandler( 6989): No activity found for android.intent.action.CALL_BUTTON.
I/ActivityManager(  464): START u0 {act=android.intent.action.CALL_BUTTON flg=0x10000000} from pid 6989
W/PhoneFallbackEventHandler( 6989): No activity found for android.intent.action.CALL_BUTTON.
I/ActivityManager(  464): START u0 {act=android.intent.action.CALL_BUTTON flg=0x10000000} from pid 6989
W/PhoneFallbackEventHandler( 6989): No activity found for android.intent.action.CALL_BUTTON.
I/ActivityManager(  464): START u0 {act=android.intent.action.MAIN cat=[android.intent.category.LAUNCHER] flg=0x10200000 cmp=com.mobile.android.eris/com.mobile.eris.activity.MainActivity} from pid 6979
V/PanelView(  532): animationTick called with dtms=0; nothing to do (h=0.0 v=4500.0)
W/WindowManager(  464): updateFocusedWindowLocked, focusedAppToken is null.
W/EGL_emulation(  532): eglSurfaceAttrib not implemented 3093 12436
W/ViewRootImpl(  532): Dropping event due to no window focus: KeyEvent { action=ACTION_DOWN, keyCode=KEYCODE_BUTTON_7, scanCode=0, metaState=0, flags=0x8, repeatCount=0, eventTime=4992984, downTime=4992984, deviceId=-1, source=0x101 }
W/ViewRootImpl(  532): Dropping event due to no window focus: KeyEvent { action=ACTION_DOWN, keyCode=KEYCODE_DPAD_CENTER, scanCode=0, metaState=0, flags=0x8, repeatCount=0, eventTime=4992984, downTime=4992984, deviceId=-1, source=0x101 }
V/PanelView(  532): animationTick called with dtms=0; nothing to do (h=472.5 v=0.0)
I/ActivityManager(  464): START u0 {act=android.intent.action.MAIN cat=[android.intent.category.HOME] flg=0x10200000 cmp=com.vphone.launcher/.Launcher} from pid 464
V/FlingTracker(  532): computeCurrentVelocity warning: totalweight=0
V/FlingTracker(  532): java.lang.Throwable
V/FlingTracker(  532): 	at com.android.systemui.statusbar.phone.PanelView$FlingTracker.computeCurrentVelocity(PanelView.java:162)
V/FlingTracker(  532): 	at com.android.systemui.statusbar.phone.PanelView$3.onTouch(PanelView.java:462)
V/FlingTracker(  532): 	at android.view.View.dispatchTouchEvent(View.java:7701)
V/FlingTracker(  532): 	at com.android.systemui.statusbar.phone.NotificationPanelView.onTouchEvent(NotificationPanelView.java:138)
V/FlingTracker(  532): 	at android.view.View.dispatchTouchEvent(View.java:7706)
V/FlingTracker(  532): 	at android.view.ViewGroup.dispatchTransformedTouchEvent(ViewGroup.java:2210)
V/FlingTracker(  532): 	at android.view.ViewGroup.dispatchTouchEvent(ViewGroup.java:1945)
V/FlingTracker(  532): 	at android.view.ViewGroup.dispatchTransformedTouchEvent(ViewGroup.java:2216)
V/FlingTracker(  532): 	at android.view.ViewGroup.dispatchTouchEvent(ViewGroup.java:1959)
V/FlingTracker(  532): 	at android.view.ViewGroup.dispatchTransformedTouchEvent(ViewGroup.java:2216)
V/FlingTracker(  532): 	at android.view.ViewGroup.dispatchTouchEvent(ViewGroup.java:1959)
V/FlingTracker(  532): 	at android.view.View.dispatchPointerEvent(View.java:7886)
V/FlingTracker(  532): 	at android.view.ViewRootImpl$ViewPostImeInputStage.processPointerEvent(ViewRootImpl.java:3978)
V/FlingTracker(  532): 	at android.view.ViewRootImpl$ViewPostImeInputStage.onProcess(ViewRootImpl.java:3857)
V/FlingTracker(  532): 	at android.view.ViewRootImpl$InputStage.deliver(ViewRootImpl.java:3423)
V/FlingTracker(  532): 	at android.view.ViewRootImpl$InputStage.onDeliverToNext(ViewRootImpl.java:3473)
V/FlingTracker(  532): 	at android.view.ViewRootImpl$InputStage.forward(ViewRootImpl.java:3442)
V/FlingTracker(  532): 	at android.view.ViewRootImpl$AsyncInputStage.forward(ViewRootImpl.java:3549)
V/FlingTracker(  532): 	at android.view.ViewRootImpl$InputStage.apply(ViewRootImpl.java:3450)
V/FlingTracker(  532): 	at android.view.ViewRootImpl$AsyncInputStage.apply(ViewRootImpl.java:3606)
V/FlingTracker(  532): 	at android.view.ViewRootImpl$InputStage.deliver(ViewRootImpl.java:3423)
V/FlingTracker(  532): 	at android.view.ViewRootImpl$InputStage.onDeliverToNext(ViewRootImpl.java:3473)
V/FlingTracker(  532): 	at android.view.ViewRootImpl$InputStage.forward(ViewRootImpl.java:3442)
V/FlingTracker(  532): 	at android.view.ViewRootImpl$InputStage.apply(ViewRootImpl.java:3450)
V/FlingTracker(  532): 	at android.view.ViewRootImpl$InputStage.deliver(ViewRootImpl.java:3423)
V/FlingTracker(  532): 	at android.view.ViewRootImpl.deliverInputEvent(ViewRootImpl.java:5626)
V/FlingTracker(  532): 	at android.view.ViewRootImpl.doProcessInputEvents(ViewRootImpl.java:5606)
V/FlingTracker(  532): 	at android.view.ViewRootImpl.enqueueInputEvent(ViewRootImpl.java:5577)
V/FlingTracker(  532): 	at android.view.ViewRootImpl$WindowInputEventReceiver.onInputEvent(ViewRootImpl.java:5706)
V/FlingTracker(  532): 	at android.view.InputEventReceiver.dispatchInputEvent(InputEventReceiver.java:185)
V/FlingTracker(  532): 	at android.os.MessageQueue.nativePollOnce(Native Method)
V/FlingTracker(  532): 	at android.os.MessageQueue.next(MessageQueue.java:138)
V/FlingTracker(  532): 	at android.os.Looper.loop(Looper.java:123)
V/FlingTracker(  532): 	at android.app.ActivityThread.main(ActivityThread.java:5019)
V/FlingTracker(  532): 	at java.lang.reflect.Method.invokeNative(Native Method)
V/FlingTracker(  532): 	at java.lang.reflect.Method.invoke(Method.java:515)
V/FlingTracker(  532): 	at com.android.internal.os.ZygoteInit$MethodAndArgsCaller.run(ZygoteInit.java:779)
V/FlingTracker(  532): 	at com.android.internal.os.ZygoteInit.main(ZygoteInit.java:595)
V/FlingTracker(  532): 	at dalvik.system.NativeStart.main(Native Method)
V/PanelView(  532): animationTick called with dtms=0; nothing to do (h=475.521 v=0.0)
V/PanelView(  532): animationTick called with dtms=0; nothing to do (h=475.521 v=-3000.0)
V/PanelView(  532): animationTick called with dtms=0; nothing to do (h=475.521 v=-3000.0)
V/PanelView(  532): animationTick called with dtms=0; nothing to do (h=475.521 v=-3000.0)
V/PanelView(  532): animationTick called with dtms=-10; nothing to do (h=475.521 v=-3000.0)
V/PanelView(  532): animationTick called with dtms=0; nothing to do (h=475.521 v=0.0)
V/PanelView(  532): animationTick called with dtms=0; nothing to do (h=566.05176 v=4326.9063)
V/PanelView(  532): animationTick called with dtms=0; nothing to do (h=566.05176 v=4326.9063)
W/ViewRootImpl( 6989): Dropping event due to no window focus: KeyEvent { action=ACTION_DOWN, keyCode=KEYCODE_DPAD_LEFT, scanCode=0, metaState=0, flags=0x8, repeatCount=0, eventTime=4993178, downTime=4993178, deviceId=-1, source=0x101 }
D/dalvikvm(  464): GC_EXPLICIT freed 1861K, 52% free 12295K/25208K, paused 0ms+7ms, total 69ms
W/ViewRootImpl( 6989): Dropping event due to no window focus: MotionEvent { action=ACTION_MOVE, id[0]=0, x[0]=-5.0, y[0]=-2.0, toolType[0]=TOOL_TYPE_UNKNOWN, buttonState=0, metaState=0, flags=0x0, edgeFlags=0x0, pointerCount=1, historySize=9, eventTime=4993193, downTime=-1, deviceId=0, source=0x10004 }
W/ViewRootImpl( 6989): Dropping event due to no window focus: KeyEvent { action=ACTION_DOWN, keyCode=KEYCODE_DPAD_UP, scanCode=0, metaState=0, flags=0x8, repeatCount=0, eventTime=4993203, downTime=4993203, deviceId=-1, source=0x101 }
W/ViewRootImpl( 6989): Dropping event due to no window focus: MotionEvent { action=ACTION_MOVE, id[0]=0, x[0]=-2.0, y[0]=-1.0, toolType[0]=TOOL_TYPE_UNKNOWN, buttonState=0, metaState=0, flags=0x0, edgeFlags=0x0, pointerCount=1, historySize=0, eventTime=4993228, downTime=-1, deviceId=0, source=0x10004 }
W/InputMethodManagerService(  464): Window already focused, ignoring focus gain of: com.android.internal.view.IInputMethodClient$Stub$Proxy@4b042d8c attribute=null, token = android.os.BinderProxy@4aa06bd4
V/PanelView(  532): animationTick called with dtms=0; nothing to do (h=636.0503 v=-0.0)
V/PanelView(  532): animationTick called with dtms=0; nothing to do (h=636.0503 v=-0.0)
V/PanelView(  532): animationTick called with dtms=-8; nothing to do (h=636.0503 v=-0.0)
V/PanelView(  532): animationTick called with dtms=0; nothing to do (h=636.0503 v=-3000.0)
V/PanelView(  532): animationTick called with dtms=-6; nothing to do (h=636.0503 v=-3000.0)
I/ActivityManager(  464): START u0 {act=android.intent.action.QUICK_CLOCK flg=0x14000000 cmp=com.android.settings/.Settings$DateTimeSettingsActivity} from pid 532
V/PanelView(  532): animationTick called with dtms=0; nothing to do (h=317.68127 v=-3000.0)
V/PanelView(  532): animationTick called with dtms=0; nothing to do (h=317.68127 v=-3000.0)
V/PanelView(  532): animationTick called with dtms=-7; nothing to do (h=317.68127 v=-3000.0)
V/PanelView(  532): animationTick called with dtms=0; nothing to do (h=265.81427 v=-3000.0)
V/PanelView(  532): animationTick called with dtms=0; nothing to do (h=265.81427 v=-3000.0)
V/PanelView(  532): animationTick called with dtms=-8; nothing to do (h=265.81427 v=-3000.0)
V/PanelView(  532): animationTick called with dtms=0; nothing to do (h=265.81427 v=-0.0)
V/PanelView(  532): animationTick called with dtms=0; nothing to do (h=265.81427 v=-3000.0)
V/PanelView(  532): animationTick called with dtms=0; nothing to do (h=265.81427 v=-3000.0)
V/PanelView(  532): animationTick called with dtms=-4; nothing to do (h=265.81427 v=-3000.0)
V/PanelView(  532): animationTick called with dtms=0; nothing to do (h=265.81427 v=-3000.0)
V/PanelView(  532): animationTick called with dtms=0; nothing to do (h=265.81427 v=-3000.0)
V/PanelView(  532): animationTick called with dtms=0; nothing to do (h=265.81427 v=-3000.0)
V/PanelView(  532): animationTick called with dtms=0; nothing to do (h=265.81427 v=-3000.0)
V/PanelView(  532): animationTick called with dtms=0; nothing to do (h=265.81427 v=-3000.0)
V/PanelView(  532): animationTick called with dtms=0; nothing to do (h=265.81427 v=-3000.0)
V/PanelView(  532): animationTick called with dtms=0; nothing to do (h=158.15327 v=-3000.0)
V/PanelView(  532): animationTick called with dtms=0; nothing to do (h=158.15327 v=-3000.0)
V/PanelView(  532): animationTick called with dtms=0; nothing to do (h=47.378277 v=-3000.0)
V/PanelView(  532): animationTick called with dtms=0; nothing to do (h=47.378277 v=-3000.0)
I/InputDispatcher(  464): Dropped event because of pending overdue app switch.
W/InputManager(  464): Input event injection from pid 6979 failed.
W/EGL_emulation(  532): eglSurfaceAttrib not implemented 3093 12436
I/dalvikvm( 6989): Could not find method android.widget.GridView.setNestedScrollingEnabled, referenced from method com.mobile.eris.common.BaseLoader.prepareGridView
W/dalvikvm( 6989): VFY: unable to resolve virtual method 19620: Landroid/widget/GridView;.setNestedScrollingEnabled (Z)V
D/dalvikvm( 6989): VFY: replacing opcode 0x6e at 0x00f7
W/System.err( 6989): java.lang.NullPointerException
W/System.err( 6989): 	at com.mobile.eris.common.BaseLoader.prepareGridView(BaseLoader.java:55)
W/System.err( 6989): 	at com.mobile.eris.common.BaseLoader.initLoader(BaseLoader.java:139)
W/System.err( 6989): 	at com.mobile.eris.profile.VisitorsLoader.initGrid(VisitorsLoader.java:59)
W/System.err( 6989): 	at com.mobile.eris.profile.VisitorsLoader.loadVisitors(VisitorsLoader.java:32)
W/System.err( 6989): 	at com.mobile.eris.activity.MainBaseActivity.onNavigationItemSelected(MainBaseActivity.java:180)
W/System.err( 6989): 	at android.support.design.widget.NavigationView$1.onMenuItemSelected(NavigationView.java:150)
W/System.err( 6989): 	at android.support.v7.view.menu.MenuBuilder.dispatchMenuItemSelected(MenuBuilder.java:811)
W/System.err( 6989): 	at android.support.v7.view.menu.MenuItemImpl.invoke(MenuItemImpl.java:152)
W/System.err( 6989): 	at android.support.v7.view.menu.MenuBuilder.performItemAction(MenuBuilder.java:958)
W/System.err( 6989): 	at android.support.design.internal.NavigationMenuPresenter$1.onClick(NavigationMenuPresenter.java:308)
W/System.err( 6989): 	at android.view.View.performClick(View.java:4438)
W/System.err( 6989): 	at android.view.View.onKeyUp(View.java:8241)
W/System.err( 6989): 	at android.view.KeyEvent.dispatch(KeyEvent.java:2664)
W/System.err( 6989): 	at android.view.View.dispatchKeyEvent(View.java:7665)
W/System.err( 6989): 	at android.view.ViewGroup.dispatchKeyEvent(ViewGroup.java:1403)
W/System.err( 6989): 	at android.view.ViewGroup.dispatchKeyEvent(ViewGroup.java:1408)
W/System.err( 6989): 	at android.view.ViewGroup.dispatchKeyEvent(ViewGroup.java:1408)
W/System.err( 6989): 	at android.view.ViewGroup.dispatchKeyEvent(ViewGroup.java:1408)
W/System.err( 6989): 	at android.view.ViewGroup.dispatchKeyEvent(ViewGroup.java:1408)
W/System.err( 6989): 	at android.view.ViewGroup.dispatchKeyEvent(ViewGroup.java:1408)
W/System.err( 6989): 	at android.view.ViewGroup.dispatchKeyEvent(ViewGroup.java:1408)
W/System.err( 6989): 	at android.view.ViewGroup.dispatchKeyEvent(ViewGroup.java:1408)
W/System.err( 6989): 	at android.view.ViewGroup.dispatchKeyEvent(ViewGroup.java:1408)
W/System.err( 6989): 	at com.android.internal.policy.impl.PhoneWindow$DecorView.superDispatchKeyEvent(PhoneWindow.java:2035)
W/System.err( 6989): 	at com.android.internal.policy.impl.PhoneWindow.superDispatchKeyEvent(PhoneWindow.java:1505)
W/System.err( 6989): 	at android.app.Activity.dispatchKeyEvent(Activity.java:2418)
W/System.err( 6989): 	at android.support.v7.view.WindowCallbackWrapper.dispatchKeyEvent(WindowCallbackWrapper.java:50)
W/System.err( 6989): 	at android.support.v7.app.AppCompatDelegateImplBase$AppCompatWindowCallbackBase.dispatchKeyEvent(AppCompatDelegateImplBase.java:224)
W/System.err( 6989): 	at com.android.internal.policy.impl.PhoneWindow$DecorView.dispatchKeyEvent(PhoneWindow.java:1962)
W/System.err( 6989): 	at android.view.ViewRootImpl$ViewPostImeInputStage.processKeyEvent(ViewRootImpl.java:3876)
W/System.err( 6989): 	at android.view.ViewRootImpl$ViewPostImeInputStage.onProcess(ViewRootImpl.java:3850)
W/System.err( 6989): 	at android.view.ViewRootImpl$InputStage.deliver(ViewRootImpl.java:3423)
W/System.err( 6989): 	at android.view.ViewRootImpl$InputStage.onDeliverToNext(ViewRootImpl.java:3473)
W/System.err( 6989): 	at android.view.ViewRootImpl$InputStage.forward(ViewRootImpl.java:3442)
