I/dalvikvm( 7656): Could not find method cz.msebera.android.httpclient.conn.OperatedClientConnection.getSocketTimeout, referenced from method cz.msebera.android.httpclient.impl.conn.ManagedClientConnectionImpl.getSocketTimeout
W/dalvikvm( 7656): VFY: unable to resolve interface method 58813: Lcz/msebera/android/httpclient/conn/OperatedClientConnection;.getSocketTimeout ()I
D/dalvikvm( 7656): VFY: replacing opcode 0x72 at 0x0004
W/dalvikvm( 7656): Found non-abstract interface method Lcz/msebera/android/httpclient/conn/OperatedClientConnection;.isOpen ()Z
I/dalvikvm( 7656): Could not find method cz.msebera.android.httpclient.conn.OperatedClientConnection.isOpen, referenced from method cz.msebera.android.httpclient.impl.conn.ManagedClientConnectionImpl.isOpen
W/dalvikvm( 7656): VFY: unable to resolve interface method 58815: Lcz/msebera/android/httpclient/conn/OperatedClientConnection;.isOpen ()Z
D/dalvikvm( 7656): VFY: replacing opcode 0x72 at 0x0006
W/dalvikvm( 7656): Found non-abstract interface method Lcz/msebera/android/httpclient/conn/OperatedClientConnection;.isResponseAvailable (I)Z
I/dalvikvm( 7656): Could not find method cz.msebera.android.httpclient.conn.OperatedClientConnection.isResponseAvailable, referenced from method cz.msebera.android.httpclient.impl.conn.ManagedClientConnectionImpl.isResponseAvailable
W/dalvikvm( 7656): VFY: unable to resolve interface method 58816: Lcz/msebera/android/httpclient/conn/OperatedClientConnection;.isResponseAvailable (I)Z
D/dalvikvm( 7656): VFY: replacing opcode 0x72 at 0x0004
W/dalvikvm( 7656): Found non-abstract interface method Lcz/msebera/android/httpclient/conn/OperatedClientConnection;.isStale ()Z
I/dalvikvm( 7656): Could not find method cz.msebera.android.httpclient.conn.OperatedClientConnection.isStale, referenced from method cz.msebera.android.httpclient.impl.conn.ManagedClientConnectionImpl.isStale
W/dalvikvm( 7656): VFY: unable to resolve interface method 58818: Lcz/msebera/android/httpclient/conn/OperatedClientConnection;.isStale ()Z
D/dalvikvm( 7656): VFY: replacing opcode 0x72 at 0x0006
W/dalvikvm( 7656): Found non-abstract interface method Lcz/msebera/android/httpclient/conn/OperatedClientConnection;.receiveResponseEntity (Lcz/msebera/android/httpclient/HttpResponse;)V
I/dalvikvm( 7656): Could not find method cz.msebera.android.httpclient.conn.OperatedClientConnection.receiveResponseEntity, referenced from method cz.msebera.android.httpclient.impl.conn.ManagedClientConnectionImpl.receiveResponseEntity
W/dalvikvm( 7656): VFY: unable to resolve interface method 58821: Lcz/msebera/android/httpclient/conn/OperatedClientConnection;.receiveResponseEntity (Lcz/msebera/android/httpclient/HttpResponse;)V
D/dalvikvm( 7656): VFY: replacing opcode 0x72 at 0x0004
W/dalvikvm( 7656): Found non-abstract interface method Lcz/msebera/android/httpclient/conn/OperatedClientConnection;.receiveResponseHeader ()Lcz/msebera/android/httpclient/HttpResponse;
I/dalvikvm( 7656): Could not find method cz.msebera.android.httpclient.conn.OperatedClientConnection.receiveResponseHeader, referenced from method cz.msebera.android.httpclient.impl.conn.ManagedClientConnectionImpl.receiveResponseHeader
W/dalvikvm( 7656): VFY: unable to resolve interface method 58822: Lcz/msebera/android/httpclient/conn/OperatedClientConnection;.receiveResponseHeader ()Lcz/msebera/android/httpclient/HttpResponse;
D/dalvikvm( 7656): VFY: replacing opcode 0x72 at 0x0004
W/dalvikvm( 7656): Found non-abstract interface method Lcz/msebera/android/httpclient/conn/OperatedClientConnection;.sendRequestEntity (Lcz/msebera/android/httpclient/HttpEntityEnclosingRequest;)V
I/dalvikvm( 7656): Could not find method cz.msebera.android.httpclient.conn.OperatedClientConnection.sendRequestEntity, referenced from method cz.msebera.android.httpclient.impl.conn.ManagedClientConnectionImpl.sendRequestEntity
W/dalvikvm( 7656): VFY: unable to resolve interface method 58823: Lcz/msebera/android/httpclient/conn/OperatedClientConnection;.sendRequestEntity (Lcz/msebera/android/httpclient/HttpEntityEnclosingRequest;)V
D/dalvikvm( 7656): VFY: replacing opcode 0x72 at 0x0004
W/dalvikvm( 7656): Found non-abstract interface method Lcz/msebera/android/httpclient/conn/OperatedClientConnection;.sendRequestHeader (Lcz/msebera/android/httpclient/HttpRequest;)V
I/dalvikvm( 7656): Could not find method cz.msebera.android.httpclient.conn.OperatedClientConnection.sendRequestHeader, referenced from method cz.msebera.android.httpclient.impl.conn.ManagedClientConnectionImpl.sendRequestHeader
W/dalvikvm( 7656): VFY: unable to resolve interface method 58824: Lcz/msebera/android/httpclient/conn/OperatedClientConnection;.sendRequestHeader (Lcz/msebera/android/httpclient/HttpRequest;)V
D/dalvikvm( 7656): VFY: replacing opcode 0x72 at 0x0004
W/dalvikvm( 7656): Found non-abstract interface method Lcz/msebera/android/httpclient/conn/OperatedClientConnection;.setSocketTimeout (I)V
I/dalvikvm( 7656): Could not find method cz.msebera.android.httpclient.conn.OperatedClientConnection.setSocketTimeout, referenced from method cz.msebera.android.httpclient.impl.conn.ManagedClientConnectionImpl.setSocketTimeout
W/dalvikvm( 7656): VFY: unable to resolve interface method 58825: Lcz/msebera/android/httpclient/conn/OperatedClientConnection;.setSocketTimeout (I)V
D/dalvikvm( 7656): VFY: replacing opcode 0x72 at 0x0004
W/dalvikvm( 7656): Found non-abstract interface method Lcz/msebera/android/httpclient/conn/OperatedClientConnection;.shutdown ()V
I/dalvikvm( 7656): Could not find method cz.msebera.android.httpclient.conn.OperatedClientConnection.shutdown, referenced from method cz.msebera.android.httpclient.impl.conn.ManagedClientConnectionImpl.shutdown
W/dalvikvm( 7656): VFY: unable to resolve interface method 58826: Lcz/msebera/android/httpclient/conn/OperatedClientConnection;.shutdown ()V
D/dalvikvm( 7656): VFY: replacing opcode 0x72 at 0x0013
W/dalvikvm( 7656): threadid=35: thread exiting with uncaught exception (group=0x94d12b20)
D/dalvikvm( 7656): GC_CONCURRENT freed 1296K, 13% free 9224K/10516K, paused 0ms+1ms, total 13ms
E/System  ( 7656): Uncaught exception thrown by finalizer
E/System  ( 7656): java.lang.NoSuchMethodError: cz.msebera.android.httpclient.conn.OperatedClientConnection.close
E/System  ( 7656): 	at cz.msebera.android.httpclient.impl.conn.HttpPoolEntry.close(HttpPoolEntry.java:92)
E/System  ( 7656): 	at cz.msebera.android.httpclient.impl.conn.BasicClientConnectionManager.shutdown(BasicClientConnectionManager.java:269)
E/System  ( 7656): 	at cz.msebera.android.httpclient.impl.conn.BasicClientConnectionManager.finalize(BasicClientConnectionManager.java:118)
E/System  ( 7656): 	at java.lang.Daemons$FinalizerDaemon.doFinalize(Daemons.java:187)
E/System  ( 7656): 	at java.lang.Daemons$FinalizerDaemon.run(Daemons.java:170)
E/System  ( 7656): 	at java.lang.Thread.run(Thread.java:841)
E/AndroidRuntime( 7656): FATAL EXCEPTION: Timer-6
E/AndroidRuntime( 7656): Process: mingle.android.mingle, PID: 7656
E/AndroidRuntime( 7656): java.lang.NoSuchMethodError: cz.msebera.android.httpclient.conn.ManagedClientConnection.isOpen
E/AndroidRuntime( 7656): 	at cz.msebera.android.httpclient.impl.client.DefaultRequestDirector.execute(DefaultRequestDirector.java:431)
E/AndroidRuntime( 7656): 	at cz.msebera.android.httpclient.impl.client.AbstractHttpClient.doExecute(AbstractHttpClient.java:879)
E/AndroidRuntime( 7656): 	at cz.msebera.android.httpclient.impl.client.CloseableHttpClient.execute(CloseableHttpClient.java:82)
E/AndroidRuntime( 7656): 	at cz.msebera.android.httpclient.impl.client.CloseableHttpClient.execute(CloseableHttpClient.java:107)
E/AndroidRuntime( 7656): 	at com.chartbeat.androidsdk.EngagementTracker$EngagementWindowFetcher.run(EngagementTracker.java:127)
E/AndroidRuntime( 7656): 	at java.util.Timer$TimerImpl.run(Timer.java:284)
I/Process (  464): Sending signal. PID: 7656 SIG: 9
W/ActivityManager(  464): Force-killing crashed app mingle.android.mingle at watcher's request
W/ContextImpl(  464): Calling a method in the system process without a qualified user: android.app.ContextImpl.sendBroadcast:1123 com.android.server.am.ActivityManagerService.handleApplicationCrashInner:9670 com.android.server.am.ActivityManagerService.handleApplicationCrash:9644 android.app.ActivityManagerNative.onTransact:1311 com.android.server.am.ActivityManagerService.onTransact:2071 
W/InputDispatcher(  464): channel '4ab76df4 mingle.android.mingle/com.mingle.twine.activities.SplashScreenActivity (server)' ~ Consumer closed input channel or an error occurred.  events=0x9
E/InputDispatcher(  464): channel '4ab76df4 mingle.android.mingle/com.mingle.twine.activities.SplashScreenActivity (server)' ~ Channel is unrecoverably broken and will be disposed!
W/NetworkManagementSocketTagger(  464): setKernelCountSet(10115, 0) failed with errno -13
W/InputDispatcher(  464): Attempted to unregister already unregistered input channel '4ab76df4 mingle.android.mingle/com.mingle.twine.activities.SplashScreenActivity (server)'
I/ActivityManager(  464): Process mingle.android.mingle (pid 7656) has died.
W/ActivityManager(  464): Force removing ActivityRecord{4af3f094 u0 mingle.android.mingle/com.mingle.twine.activities.SplashScreenActivity t284}: app died, no saved state
I/WindowState(  464): WIN DEATH: Window{4ab76df4 u0 mingle.android.mingle/com.mingle.twine.activities.SplashScreenActivity}
I/ActivityManager(  464): Start proc mingle.android.mingle for activity mingle.android.mingle/com.mingle.twine.activities.LanguageSelectionActivity: pid=7726 uid=10115 gids={50115, 3003, 1028, 1015, 1023}
W/NetworkManagementSocketTagger(  464): setKernelCountSet(10115, 1) failed with errno -13
I/dalvikvm( 7726): ignoring registerObject request in thread=1
I/dalvikvm( 7726): ignoring registerObject request in thread=1
I/MultiDex( 7726): VM with version 1.6.0 does not have multidex support
I/MultiDex( 7726): install
I/MultiDex( 7726): MultiDexExtractor.load(/data/app/mingle.android.mingle-1.apk, false)
I/MultiDex( 7726): loading existing secondary dex files
I/MultiDex( 7726): load found 1 secondary dex files
I/MultiDex( 7726): install done
D/FirebaseApp( 7726): com.google.firebase.auth.FirebaseAuth is not linked. Skipping initialization.
I/dalvikvm( 7726): Could not find method android.content.Context.getNoBackupFilesDir, referenced from method com.google.android.gms.common.util.n.a
W/dalvikvm( 7726): VFY: unable to resolve virtual method 455: Landroid/content/Context;.getNoBackupFilesDir ()Ljava/io/File;
D/dalvikvm( 7726): VFY: replacing opcode 0x6e at 0x0006
W/InstanceID/Rpc( 7726): Found 10007
D/FirebaseApp( 7726): com.google.firebase.crash.FirebaseCrash is not linked. Skipping initialization.
D/FirebaseApp( 7726): com.google.android.gms.measurement.AppMeasurement is not linked. Skipping initialization.
I/FirebaseInitProvider( 7726): FirebaseApp initialization successful
D/dalvikvm( 7726): JIT code cache reset in 0 ms (0 bytes 1/0)
D/dalvikvm( 7726): GC_CONCURRENT freed 328K, 12% free 2972K/3352K, paused 1ms+1ms, total 44ms
D/dalvikvm( 7726): WAIT_FOR_CONCURRENT_GC blocked 3ms
D/dalvikvm( 7726): GC_CONCURRENT freed 113K, 6% free 3256K/3428K, paused 1ms+1ms, total 3ms
D/dalvikvm( 7726): WAIT_FOR_CONCURRENT_GC blocked 13ms
D/dalvikvm( 7726): WAIT_FOR_CONCURRENT_GC blocked 14ms
D/dalvikvm( 7726): GC_CONCURRENT freed 240K, 8% free 3468K/3768K, paused 2ms+0ms, total 5ms
D/dalvikvm( 7726): GC_CONCURRENT freed 190K, 7% free 3776K/4032K, paused 3ms+2ms, total 9ms
D/dalvikvm( 7726): WAIT_FOR_CONCURRENT_GC blocked 2ms
D/dalvikvm( 7726): WAIT_FOR_CONCURRENT_GC blocked 2ms
D/dalvikvm( 7726): WAIT_FOR_CONCURRENT_GC blocked 4ms
D/dalvikvm( 7726): WAIT_FOR_CONCURRENT_GC blocked 5ms
D/dalvikvm( 7726): WAIT_FOR_CONCURRENT_GC blocked 6ms
D/dalvikvm( 7726): GC_CONCURRENT freed 167K, 6% free 3994K/4236K, paused 2ms+0ms, total 5ms
D/dalvikvm( 7726): GC_CONCURRENT freed 279K, 9% free 4112K/4512K, paused 2ms+4ms, total 9ms
I/dalvikvm( 7726): Could not find method android.app.Notification$Builder.setLocalOnly, referenced from method com.google.android.gms.common.GooglePlayServicesUtil.zza
W/dalvikvm( 7726): VFY: unable to resolve virtual method 322: Landroid/app/Notification$Builder;.setLocalOnly (Z)Landroid/app/Notification$Builder;
D/dalvikvm( 7726): VFY: replacing opcode 0x6e at 0x00fb
I/dalvikvm( 7726): Could not find method android.content.pm.PackageManager.getPackageInstaller, referenced from method com.google.android.gms.common.h.zzl
W/dalvikvm( 7726): VFY: unable to resolve virtual method 612: Landroid/content/pm/PackageManager;.getPackageInstaller ()Landroid/content/pm/PackageInstaller;
D/dalvikvm( 7726): VFY: replacing opcode 0x6e at 0x001a
I/CrashlyticsCore( 7726): Initializing Crashlytics 2.3.14.151
W/dalvikvm( 7726): VFY: unable to find class referenced in signature (Lokhttp3/Request;)
W/dalvikvm( 7726): VFY: unable to find class referenced in signature (Lokhttp3/Response;)
I/dalvikvm( 7726): Could not find method okhttp3.Response.headers, referenced from method empirical.HelperClass.printOkHttpInfo
W/dalvikvm( 7726): VFY: unable to resolve virtual method 64559: Lokhttp3/Response;.headers ()Lokhttp3/Headers;
D/dalvikvm( 7726): VFY: replacing opcode 0x6e at 0x0006
W/dalvikvm( 7726): VFY: unable to find class referenced in signature (Lokhttp3/Call;)
W/dalvikvm( 7726): VFY: unable to find class referenced in signature (Lokhttp3/Response;)
I/dalvikvm( 7726): Could not find method okhttp3.Call.request, referenced from method empirical.HelperClass.printOkHttpInfoFromCall
W/dalvikvm( 7726): VFY: unable to resolve interface method 64553: Lokhttp3/Call;.request ()Lokhttp3/Request;
D/dalvikvm( 7726): VFY: replacing opcode 0x72 at 0x0006
I/System.out( 7726): body:<com.mingle.twine.net.RetrofitHelper: void b()>	sig:specialinvoke $r6.<okhttp3.a.a: void <init>()>()	timediff:0
I/System.out( 7726): body:<com.mingle.twine.net.RetrofitHelper: void b()>	sig:virtualinvoke $r6.<okhttp3.a.a: okhttp3.a.a a(okhttp3.a.a$a)>($r7)	timediff:0
I/System.out( 7726): body:<com.mingle.twine.net.RetrofitHelper: void b()>	sig:specialinvoke $r8.<okhttp3.w$a: void <init>()>()	timediff:1
I/System.out( 7726): body:<com.mingle.twine.net.RetrofitHelper: void b()>	sig:$r8 = virtualinvoke $r8.<okhttp3.w$a: okhttp3.w$a b(long,java.util.concurrent.TimeUnit)>(60L, $r4)	timediff:0
I/System.out( 7726): body:<com.mingle.twine.net.RetrofitHelper: void b()>	sig:$r8 = virtualinvoke $r8.<okhttp3.w$a: okhttp3.w$a a(long,java.util.concurrent.TimeUnit)>(60L, $r4)	timediff:0
I/System.out( 7726): body:<com.mingle.twine.net.RetrofitHelper: void b()>	sig:$r8 = virtualinvoke $r8.<okhttp3.w$a: okhttp3.w$a a(okhttp3.t)>($r6)	timediff:0
D/dalvikvm( 7726): GC_CONCURRENT freed 1182K, 28% free 3361K/4632K, paused 2ms+2ms, total 9ms
I/System.out( 7726): body:<com.mingle.twine.net.RetrofitHelper: void b()>	sig:$r9 = virtualinvoke $r8.<okhttp3.w$a: okhttp3.w a()>()	timediff:22
E/Fabric  ( 7726): Unknown error while loading Crashlytics settings. Crashes will be cached until settings can be retrieved.
E/Answers ( 7726): Failed to retrieve settings
W/CrashlyticsCore( 7726): Received null settings, skipping initialization!
I/System.out( 7726): body:<com.facebook.GraphRequest: java.net.HttpURLConnection toHttpConnection(com.facebook.GraphRequestBatch)>	sig:specialinvoke $r2.<java.net.URL: void <init>(java.lang.String)>($r3)	timediff:0
I/System.out( 7726): <com.facebook.GraphRequest: java.net.HttpURLConnection toHttpConnection(com.facebook.GraphRequestBatch)>###specialinvoke $r2.<java.net.URL: void <init>(java.lang.String)>($r3)###https://graph.facebook.com/v2.5/1414910072080742?fields=supports_implicit_sdk_logging%2Cgdpv4_nux_content%2Cgdpv4_nux_enabled%2Candroid_dialog_configs%2Candroid_sdk_error_categories&format=json&sdk=android
I/System.out( 7726): body:<com.facebook.GraphRequest: java.net.HttpURLConnection createConnection(java.net.URL)>	sig:$r1 = virtualinvoke $r0.<java.net.URL: java.net.URLConnection openConnection()>()	timediff:0
I/System.out( 7726): body:<com.facebook.GraphRequest: java.net.HttpURLConnection createConnection(java.net.URL)>	sig:virtualinvoke $r2.<java.net.HttpURLConnection: void setRequestProperty(java.lang.String,java.lang.String)>("User-Agent", $r3)	timediff:0
I/System.out( 7726): body:<com.facebook.GraphRequest: java.net.HttpURLConnection createConnection(java.net.URL)>	sig:virtualinvoke $r2.<java.net.HttpURLConnection: void setRequestProperty(java.lang.String,java.lang.String)>("Accept-Language", $r3)	timediff:0
I/System.out( 7726): body:<com.facebook.GraphRequest: java.net.HttpURLConnection createConnection(java.net.URL)>	sig:virtualinvoke $r2.<java.net.HttpURLConnection: void setChunkedStreamingMode(int)>(0)	timediff:0
I/System.out( 7726): body:<com.facebook.GraphRequest: void serializeToUrlConnection(com.facebook.GraphRequestBatch,java.net.HttpURLConnection)>	sig:virtualinvoke $r1.<java.net.HttpURLConnection: void setRequestMethod(java.lang.String)>($r6)	timediff:0
I/System.out( 7726): body:<com.facebook.GraphRequest: void setConnectionContentType(java.net.HttpURLConnection,boolean)>	sig:virtualinvoke $r0.<java.net.HttpURLConnection: void setRequestProperty(java.lang.String,java.lang.String)>("Content-Type", "application/x-www-form-urlencoded")	timediff:1
I/System.out( 7726): body:<com.facebook.GraphRequest: void setConnectionContentType(java.net.HttpURLConnection,boolean)>	sig:virtualinvoke $r0.<java.net.HttpURLConnection: void setRequestProperty(java.lang.String,java.lang.String)>("Content-Encoding", "gzip")	timediff:0
I/System.out( 7726): body:<com.facebook.GraphRequest: void serializeToUrlConnection(com.facebook.GraphRequestBatch,java.net.HttpURLConnection)>	sig:$r7 = virtualinvoke $r1.<java.net.HttpURLConnection: java.net.URL getURL()>()	timediff:0
I/System.out( 7726): body:<com.facebook.GraphRequest: void serializeToUrlConnection(com.facebook.GraphRequestBatch,java.net.HttpURLConnection)>	sig:$r6 = virtualinvoke $r1.<java.net.HttpURLConnection: java.lang.String getRequestMethod()>()	timediff:0
I/System.out( 7726): body:<com.facebook.GraphRequest: void serializeToUrlConnection(com.facebook.GraphRequestBatch,java.net.HttpURLConnection)>	sig:$r6 = virtualinvoke $r1.<java.net.HttpURLConnection: java.lang.String getRequestProperty(java.lang.String)>("User-Agent")	timediff:0
I/System.out( 7726): body:<com.facebook.GraphRequest: void serializeToUrlConnection(com.facebook.GraphRequestBatch,java.net.HttpURLConnection)>	sig:$r6 = virtualinvoke $r1.<java.net.HttpURLConnection: java.lang.String getRequestProperty(java.lang.String)>("Content-Type")	timediff:0
I/System.out( 7726): body:<com.facebook.GraphRequest: void serializeToUrlConnection(com.facebook.GraphRequestBatch,java.net.HttpURLConnection)>	sig:virtualinvoke $r1.<java.net.HttpURLConnection: void setConnectTimeout(int)>($i2)	timediff:0
I/System.out( 7726): body:<com.facebook.GraphRequest: void serializeToUrlConnection(com.facebook.GraphRequestBatch,java.net.HttpURLConnection)>	sig:virtualinvoke $r1.<java.net.HttpURLConnection: void setReadTimeout(int)>($i2)	timediff:0
I/System.out( 7726): body:<com.facebook.internal.Utility: void disconnectQuietly(java.net.URLConnection)>	sig:virtualinvoke $r1.<java.net.HttpURLConnection: void disconnect()>()	timediff:0
W/SocketClient(  163): write error (Broken pipe)
D/dalvikvm( 7726): GC_CONCURRENT freed 313K, 25% free 3492K/4632K, paused 2ms+1ms, total 7ms
D/dalvikvm( 7726): DexOpt: couldn't find static field Landroid/os/Build;.SUPPORTED_ABIS
W/dalvikvm( 7726): VFY: unable to resolve static field 185 (SUPPORTED_ABIS) in Landroid/os/Build;
D/dalvikvm( 7726): VFY: replacing opcode 0x62 at 0x0006
D/dalvikvm( 7726): DexOpt: couldn't find static field Landroid/os/Build;.SUPPORTED_ABIS
I/dalvikvm( 7726): DexOpt: unable to optimize static field ref 0x00b9 at 0x0b in Lcom/getkeepsafe/relinker/d;.a
D/dalvikvm( 7726): Trying to load lib /data/app-lib/mingle.android.mingle-1/librealm-jni.so 0x94fd7b60
D/dalvikvm( 7726): Added shared lib /data/app-lib/mingle.android.mingle-1/librealm-jni.so 0x94fd7b60
D/dalvikvm( 7726): GC_CONCURRENT freed 295K, 23% free 3607K/4632K, paused 2ms+2ms, total 9ms
I/System.out( 7726): body:<com.mingle.chatroom.net.ChatRoomRetrofitHelper: void b()>	sig:specialinvoke $r6.<okhttp3.a.a: void <init>()>()	timediff:1
I/System.out( 7726): body:<com.mingle.chatroom.net.ChatRoomRetrofitHelper: void b()>	sig:virtualinvoke $r6.<okhttp3.a.a: okhttp3.a.a a(okhttp3.a.a$a)>($r7)	timediff:0
I/System.out( 7726): body:<com.mingle.chatroom.net.ChatRoomRetrofitHelper: void b()>	sig:specialinvoke $r8.<okhttp3.w$a: void <init>()>()	timediff:0
I/System.out( 7726): body:<com.mingle.chatroom.net.ChatRoomRetrofitHelper: void b()>	sig:$r8 = virtualinvoke $r8.<okhttp3.w$a: okhttp3.w$a b(long,java.util.concurrent.TimeUnit)>(60L, $r4)	timediff:0
I/System.out( 7726): body:<com.mingle.chatroom.net.ChatRoomRetrofitHelper: void b()>	sig:$r8 = virtualinvoke $r8.<okhttp3.w$a: okhttp3.w$a a(long,java.util.concurrent.TimeUnit)>(60L, $r4)	timediff:0
I/System.out( 7726): body:<com.mingle.chatroom.net.ChatRoomRetrofitHelper: void b()>	sig:$r8 = virtualinvoke $r8.<okhttp3.w$a: okhttp3.w$a a(okhttp3.t)>($r6)	timediff:0
D/dalvikvm( 7726): GC_CONCURRENT freed 258K, 19% free 3785K/4632K, paused 2ms+0ms, total 5ms
D/dalvikvm( 7726): WAIT_FOR_CONCURRENT_GC blocked 3ms
I/dalvikvm-heap( 7726): Grow heap (frag case) to 3.821MB for 79888-byte allocation
D/dalvikvm( 7726): GC_FOR_ALLOC freed <1K, 19% free 3863K/4712K, paused 4ms, total 4ms
I/System.out( 7726): body:<com.mingle.chatroom.net.ChatRoomRetrofitHelper: void b()>	sig:$r9 = virtualinvoke $r8.<okhttp3.w$a: okhttp3.w a()>()	timediff:25
I/System.out( 7726): body:<com.mingle.chatroom.net.ChatRoomRetrofitHelper: void b()>	sig:virtualinvoke $r9.<okhttp3.w: java.util.List v()>()	timediff:0
D/dalvikvm( 7726): GC_CONCURRENT freed 322K, 15% free 4038K/4712K, paused 4ms+2ms, total 13ms
D/dalvikvm( 7726): GC_CONCURRENT freed 333K, 12% free 4185K/4712K, paused 1ms+1ms, total 6ms
D/dalvikvm( 7726): GC_CONCURRENT freed 297K, 9% free 4294K/4712K, paused 2ms+3ms, total 9ms
D/dalvikvm( 7726): GC_CONCURRENT freed 253K, 7% free 4427K/4736K, paused 2ms+0ms, total 6ms
D/dalvikvm( 7726): GC_CONCURRENT freed 333K, 8% free 4535K/4924K, paused 3ms+5ms, total 12ms
I/dalvikvm( 7726): Could not find method android.view.Window$Callback.onProvideKeyboardShortcuts, referenced from method android.support.v7.view.i.onProvideKeyboardShortcuts
W/dalvikvm( 7726): VFY: unable to resolve interface method 13680: Landroid/view/Window$Callback;.onProvideKeyboardShortcuts (Ljava/util/List;Landroid/view/Menu;I)V
D/dalvikvm( 7726): VFY: replacing opcode 0x72 at 0x0002
W/dalvikvm( 7726): VFY: unable to find class referenced in signature (Landroid/view/SearchEvent;)
I/dalvikvm( 7726): Could not find method android.view.Window$Callback.onSearchRequested, referenced from method android.support.v7.view.i.onSearchRequested
W/dalvikvm( 7726): VFY: unable to resolve interface method 13682: Landroid/view/Window$Callback;.onSearchRequested (Landroid/view/SearchEvent;)Z
D/dalvikvm( 7726): VFY: replacing opcode 0x72 at 0x0002
I/dalvikvm( 7726): Could not find method android.view.Window$Callback.onWindowStartingActionMode, referenced from method android.support.v7.view.i.onWindowStartingActionMode
W/dalvikvm( 7726): VFY: unable to resolve interface method 13686: Landroid/view/Window$Callback;.onWindowStartingActionMode (Landroid/view/ActionMode$Callback;I)Landroid/view/ActionMode;
D/dalvikvm( 7726): VFY: replacing opcode 0x72 at 0x0002
D/dalvikvm( 7726): GC_CONCURRENT freed 470K, 11% free 4649K/5172K, paused 2ms+1ms, total 8ms
D/dalvikvm( 7726): WAIT_FOR_CONCURRENT_GC blocked 3ms
D/dalvikvm( 7726): GC_CONCURRENT freed 403K, 9% free 4752K/5212K, paused 2ms+0ms, total 6ms
D/dalvikvm( 7726): WAIT_FOR_CONCURRENT_GC blocked 19ms
D/dalvikvm( 7726): WAIT_FOR_CONCURRENT_GC blocked 20ms
D/dalvikvm( 7726): GC_CONCURRENT freed 434K, 9% free 4917K/5376K, paused 2ms+3ms, total 11ms
D/dalvikvm( 7726): GC_CONCURRENT freed 441K, 9% free 5111K/5612K, paused 3ms+0ms, total 9ms
D/dalvikvm( 7726): GC_FOR_ALLOC freed 174K, 8% free 5176K/5612K, paused 3ms, total 4ms
I/dalvikvm-heap( 7726): Grow heap (frag case) to 7.081MB for 2073612-byte allocation
D/dalvikvm( 7726): GC_CONCURRENT freed 16K, 6% free 7184K/7640K, paused 0ms+1ms, total 6ms
I/dalvikvm( 7726): Could not find method android.content.res.Resources.getDrawable, referenced from method android.support.v7.widget.au.getDrawable
W/dalvikvm( 7726): VFY: unable to resolve virtual method 656: Landroid/content/res/Resources;.getDrawable (ILandroid/content/res/Resources$Theme;)Landroid/graphics/drawable/Drawable;
D/dalvikvm( 7726): VFY: replacing opcode 0x6e at 0x0002
I/dalvikvm( 7726): Could not find method android.content.res.Resources.getDrawableForDensity, referenced from method android.support.v7.widget.au.getDrawableForDensity
W/dalvikvm( 7726): VFY: unable to resolve virtual method 658: Landroid/content/res/Resources;.getDrawableForDensity (IILandroid/content/res/Resources$Theme;)Landroid/graphics/drawable/Drawable;
D/dalvikvm( 7726): VFY: replacing opcode 0x6e at 0x0002
E/dalvikvm( 7726): Could not find class 'android.graphics.drawable.RippleDrawable', referenced from method android.support.v7.widget.m.a
W/dalvikvm( 7726): VFY: unable to resolve instanceof 198 (Landroid/graphics/drawable/RippleDrawable;) in Landroid/support/v7/widget/m;
D/dalvikvm( 7726): VFY: replacing opcode 0x20 at 0x000c
I/dalvikvm( 7726): Could not find method android.content.Context.getColorStateList, referenced from method android.support.v7.d.a.b.a
W/dalvikvm( 7726): VFY: unable to resolve virtual method 445: Landroid/content/Context;.getColorStateList (I)Landroid/content/res/ColorStateList;
D/dalvikvm( 7726): VFY: replacing opcode 0x6e at 0x0006
W/dalvikvm( 7726): Found non-abstract interface method Lcom/b/a/a/u;.c ()Z
I/dalvikvm( 7726): Could not find method com.b.a.a.u.c, referenced from method com.b.a.a.d$6.run
W/dalvikvm( 7726): VFY: unable to resolve interface method 17234: Lcom/b/a/a/u;.c ()Z
D/dalvikvm( 7726): VFY: replacing opcode 0x72 at 0x0011
W/DebugConnManager( 7726): getNetworkInfo() on networkType 1
D/GraphRequest( 7726): Warning: Request without access token missing application ID or client token.
I/System.out( 7726): body:<com.facebook.GraphRequest: java.net.HttpURLConnection toHttpConnection(com.facebook.GraphRequestBatch)>	sig:specialinvoke $r2.<java.net.URL: void <init>(java.lang.String)>($r3)	timediff:0
I/System.out( 7726): <com.facebook.GraphRequest: java.net.HttpURLConnection toHttpConnection(com.facebook.GraphRequestBatch)>###specialinvoke $r2.<java.net.URL: void <init>(java.lang.String)>($r3)###https://graph.facebook.com/v2.5/1414910072080742/activities?format=json&sdk=android
I/System.out( 7726): body:<com.facebook.GraphRequest: java.net.HttpURLConnection createConnection(java.net.URL)>	sig:$r1 = virtualinvoke $r0.<java.net.URL: java.net.URLConnection openConnection()>()	timediff:0
I/System.out( 7726): body:<com.facebook.GraphRequest: java.net.HttpURLConnection createConnection(java.net.URL)>	sig:virtualinvoke $r2.<java.net.HttpURLConnection: void setRequestProperty(java.lang.String,java.lang.String)>("User-Agent", $r3)	timediff:0
I/System.out( 7726): body:<com.facebook.GraphRequest: java.net.HttpURLConnection createConnection(java.net.URL)>	sig:virtualinvoke $r2.<java.net.HttpURLConnection: void setRequestProperty(java.lang.String,java.lang.String)>("Accept-Language", $r3)	timediff:0
I/System.out( 7726): body:<com.facebook.GraphRequest: java.net.HttpURLConnection createConnection(java.net.URL)>	sig:virtualinvoke $r2.<java.net.HttpURLConnection: void setChunkedStreamingMode(int)>(0)	timediff:0
I/System.out( 7726): body:<com.facebook.GraphRequest: void serializeToUrlConnection(com.facebook.GraphRequestBatch,java.net.HttpURLConnection)>	sig:virtualinvoke $r1.<java.net.HttpURLConnection: void setRequestMethod(java.lang.String)>($r6)	timediff:0
I/System.out( 7726): body:<com.facebook.GraphRequest: void setConnectionContentType(java.net.HttpURLConnection,boolean)>	sig:virtualinvoke $r0.<java.net.HttpURLConnection: void setRequestProperty(java.lang.String,java.lang.String)>("Content-Type", "application/x-www-form-urlencoded")	timediff:0
I/System.out( 7726): body:<com.facebook.GraphRequest: void setConnectionContentType(java.net.HttpURLConnection,boolean)>	sig:virtualinvoke $r0.<java.net.HttpURLConnection: void setRequestProperty(java.lang.String,java.lang.String)>("Content-Encoding", "gzip")	timediff:0
I/System.out( 7726): body:<com.facebook.GraphRequest: void serializeToUrlConnection(com.facebook.GraphRequestBatch,java.net.HttpURLConnection)>	sig:$r7 = virtualinvoke $r1.<java.net.HttpURLConnection: java.net.URL getURL()>()	timediff:0
I/System.out( 7726): body:<com.facebook.GraphRequest: void serializeToUrlConnection(com.facebook.GraphRequestBatch,java.net.HttpURLConnection)>	sig:$r6 = virtualinvoke $r1.<java.net.HttpURLConnection: java.lang.String getRequestMethod()>()	timediff:0
I/System.out( 7726): body:<com.facebook.GraphRequest: void serializeToUrlConnection(com.facebook.GraphRequestBatch,java.net.HttpURLConnection)>	sig:$r6 = virtualinvoke $r1.<java.net.HttpURLConnection: java.lang.String getRequestProperty(java.lang.String)>("User-Agent")	timediff:1
I/System.out( 7726): body:<com.facebook.GraphRequest: void serializeToUrlConnection(com.facebook.GraphRequestBatch,java.net.HttpURLConnection)>	sig:$r6 = virtualinvoke $r1.<java.net.HttpURLConnection: java.lang.String getRequestProperty(java.lang.String)>("Content-Type")	timediff:0
I/System.out( 7726): body:<com.facebook.GraphRequest: void serializeToUrlConnection(com.facebook.GraphRequestBatch,java.net.HttpURLConnection)>	sig:virtualinvoke $r1.<java.net.HttpURLConnection: void setConnectTimeout(int)>($i2)	timediff:0
I/System.out( 7726): body:<com.facebook.GraphRequest: void serializeToUrlConnection(com.facebook.GraphRequestBatch,java.net.HttpURLConnection)>	sig:virtualinvoke $r1.<java.net.HttpURLConnection: void setReadTimeout(int)>($i2)	timediff:0
I/System.out( 7726): body:<com.facebook.GraphRequest: void serializeToUrlConnection(com.facebook.GraphRequestBatch,java.net.HttpURLConnection)>	sig:virtualinvoke $r1.<java.net.HttpURLConnection: void setDoOutput(boolean)>(1)	timediff:0
D/dalvikvm( 7726): GC_CONCURRENT freed 477K, 7% free 8129K/8652K, paused 1ms+3ms, total 12ms
D/libEGL  ( 7726): loaded /system/lib/egl/libEGL_adreno.so
D/        ( 7726): HostConnection::get() New Host Connection established 0xb875a7b0, tid 7726
D/libEGL  ( 7726): loaded /system/lib/egl/libGLESv1_CM_adreno.so
D/libEGL  ( 7726): loaded /system/lib/egl/libGLESv2_adreno.so
W/EGL_emulation( 7726): eglSurfaceAttrib not implemented 3093 12436
D/OpenGLRenderer( 7726): Enabling debug mode 0
D/dalvikvm( 7726): DexOpt: couldn't find field Landroid/os/Message;.sendingUid
W/ViewRootImpl( 7726): Dropping event due to no window focus: KeyEvent { action=ACTION_DOWN, keyCode=KEYCODE_DPAD_LEFT, scanCode=0, metaState=0, flags=0x8, repeatCount=0, eventTime=5066974, downTime=5066974, deviceId=-1, source=0x101 }
W/dalvikvm( 7726): VFY: unable to resolve instance field 205
D/dalvikvm( 7726): VFY: replacing opcode 0x52 at 0x0000
I/System.out( 7726): body:<com.mingle.inbox.net.InboxReTroFitConnector: void b()>	sig:specialinvoke $r6.<okhttp3.a.a: void <init>()>()	timediff:0
I/System.out( 7726): body:<com.mingle.inbox.net.InboxReTroFitConnector: void b()>	sig:virtualinvoke $r6.<okhttp3.a.a: okhttp3.a.a a(okhttp3.a.a$a)>($r7)	timediff:0
I/System.out( 7726): body:<com.mingle.inbox.net.InboxReTroFitConnector: void b()>	sig:specialinvoke $r8.<okhttp3.w$a: void <init>()>()	timediff:0
I/System.out( 7726): body:<com.mingle.inbox.net.InboxReTroFitConnector: void b()>	sig:$r8 = virtualinvoke $r8.<okhttp3.w$a: okhttp3.w$a b(long,java.util.concurrent.TimeUnit)>(60L, $r4)	timediff:0
I/System.out( 7726): body:<com.mingle.inbox.net.InboxReTroFitConnector: void b()>	sig:$r8 = virtualinvoke $r8.<okhttp3.w$a: okhttp3.w$a a(long,java.util.concurrent.TimeUnit)>(60L, $r4)	timediff:0
I/System.out( 7726): body:<com.mingle.inbox.net.InboxReTroFitConnector: void b()>	sig:$r8 = virtualinvoke $r8.<okhttp3.w$a: okhttp3.w$a a(okhttp3.t)>($r6)	timediff:0
I/System.out( 7726): body:<com.mingle.inbox.net.InboxReTroFitConnector: void b()>	sig:$r9 = virtualinvoke $r8.<okhttp3.w$a: okhttp3.w a()>()	timediff:13
W/ViewRootImpl( 7726): Dropping event due to no window focus: KeyEvent { action=ACTION_DOWN, keyCode=KEYCODE_G, scanCode=0, metaState=0, flags=0x8, repeatCount=0, eventTime=5069640, downTime=5069640, deviceId=-1, source=0x101 }
I/ActivityManager(  464): Displayed mingle.android.mingle/com.mingle.twine.activities.LanguageSelectionActivity: +1s723ms (total +9s729ms)
W/ViewRootImpl( 7726): Dropping event due to no window focus: KeyEvent { action=ACTION_DOWN, keyCode=KEYCODE_MENU, scanCode=0, metaState=0, flags=0x8, repeatCount=0, eventTime=5069660, downTime=5069660, deviceId=-1, source=0x101 }
I/ActivityManager(  464): START u0 {act=android.intent.action.MAIN cat=[android.intent.category.LAUNCHER] flg=0x10000000 sel={act=android.intent.action.MAIN cat=[android.intent.category.APP_EMAIL]}} from pid 464
W/ContextImpl(  464): Calling a method in the system process without a qualified user: android.app.ContextImpl.sendBroadcast:1123 com.android.server.InputMethodManagerService.hideCurrentInputLocked:1880 com.android.server.InputMethodManagerService.windowGainedFocus:1968 com.android.internal.view.IInputMethodManager$Stub.onTransact:221 com.android.server.InputMethodManagerService.onTransact:818 
D/dalvikvm(  464): GC_EXPLICIT freed 6624K, 54% free 11772K/25208K, paused 1ms+3ms, total 36ms
D/dalvikvm( 7726): GC_CONCURRENT freed 1079K, 12% free 8705K/9840K, paused 2ms+1ms, total 8ms
D/FirebaseInstanceId( 7726): background sync failed: SERVICE_NOT_AVAILABLE, retry in 30s
I/ActivityManager(  464): START u0 {act=android.intent.action.MAIN cat=[android.intent.category.LAUNCHER] flg=0x10200000 cmp=mingle.android.mingle/com.mingle.twine.activities.SplashScreenActivity} from pid 7552
D/dalvikvm( 7726): GC_CONCURRENT freed 1841K, 18% free 8777K/10672K, paused 2ms+4ms, total 21ms
D/dalvikvm( 7726): GC_CONCURRENT freed 2007K, 20% free 8641K/10704K, paused 2ms+1ms, total 9ms
E/AudioFlinger(  170): no more track names available
E/AudioTrack(  464): AudioFlinger could not create track, status: -12
E/SoundPool(  464): Error creating AudioTrack
E/AudioFlinger(  170): no more track names available
E/AudioTrack(  464): AudioFlinger could not create track, status: -12
E/SoundPool(  464): Error creating AudioTrack
E/AudioFlinger(  170): no more track names available
E/AudioTrack(  464): AudioFlinger could not create track, status: -12
E/SoundPool(  464): Error creating AudioTrack
E/AudioFlinger(  170): no more track names available
E/AudioTrack(  464): AudioFlinger could not create track, status: -12
E/SoundPool(  464): Error creating AudioTrack
E/AudioFlinger(  170): no more track names available
E/AudioTrack(  464): AudioFlinger could not create track, status: -12
E/SoundPool(  464): Error creating AudioTrack
E/AudioFlinger(  170): no more track names available
E/AudioTrack(  464): AudioFlinger could not create track, status: -12
E/SoundPool(  464): Error creating AudioTrack
D/dalvikvm( 7726): GC_FOR_ALLOC freed 1271K, 20% free 8604K/10704K, paused 12ms, total 12ms
I/dalvikvm-heap( 7726): Grow heap (frag case) to 8.467MB for 16396-byte allocation
D/dalvikvm( 7726): GC_FOR_ALLOC freed 0K, 20% free 8620K/10724K, paused 4ms, total 4ms
E/AudioFlinger(  170): no more track names available
E/AudioTrack(  464): AudioFlinger could not create track, status: -12
E/SoundPool(  464): Error creating AudioTrack
E/AudioFlinger(  170): no more track names available
E/AudioTrack(  464): AudioFlinger could not create track, status: -12
E/SoundPool(  464): Error creating AudioTrack
E/AudioFlinger(  170): no more track names available
E/AudioTrack(  464): AudioFlinger could not create track, status: -12
E/SoundPool(  464): Error creating AudioTrack
E/AudioFlinger(  170): no more track names available
E/AudioTrack(  464): AudioFlinger could not create track, status: -12
E/SoundPool(  464): Error creating AudioTrack
E/AudioFlinger(  170): no more track names available
E/AudioTrack(  464): AudioFlinger could not create track, status: -12
E/SoundPool(  464): Error creating AudioTrack
E/AudioFlinger(  170): no more track names available
E/AudioTrack(  464): AudioFlinger could not create track, status: -12
E/SoundPool(  464): Error creating AudioTrack
E/AudioFlinger(  170): no more track names available
E/AudioTrack(  464): AudioFlinger could not create track, status: -12
E/SoundPool(  464): Error creating AudioTrack
E/AudioFlinger(  170): no more track names available
E/AudioTrack(  464): AudioFlinger could not create track, status: -12
E/SoundPool(  464): Error creating AudioTrack
E/AudioFlinger(  170): no more track names available
E/AudioTrack(  464): AudioFlinger could not create track, status: -12
E/SoundPool(  464): Error creating AudioTrack
E/AudioFlinger(  170): no more track names available
E/AudioTrack(  464): AudioFlinger could not create track, status: -12
E/SoundPool(  464): Error creating AudioTrack
W/EGL_emulation( 7726): eglSurfaceAttrib not implemented 3093 12436
W/ViewRootImpl( 7726): Dropping event due to no window focus: KeyEvent { action=ACTION_DOWN, keyCode=KEYCODE_TV_INPUT, scanCode=0, metaState=0, flags=0x8, repeatCount=0, eventTime=5071287, downTime=5071287, deviceId=-1, source=0x101 }
E/AudioFlinger(  170): no more track names available
E/AudioTrack(  464): AudioFlinger could not create track, status: -12
E/SoundPool(  464): Error creating AudioTrack
E/AudioFlinger(  170): no more track names available
E/AudioTrack(  464): AudioFlinger could not create track, status: -12
E/SoundPool(  464): Error creating AudioTrack
E/AudioFlinger(  170): no more track names available
E/AudioTrack(  464): AudioFlinger could not create track, status: -12
E/SoundPool(  464): Error creating AudioTrack
D/dalvikvm( 7726): GC_CONCURRENT freed 1516K, 17% free 8968K/10724K, paused 1ms+1ms, total 8ms
W/InputManager(  464): Input event injection from pid 7552 failed.
W/InputMethodManagerService(  464): Window already focused, ignoring focus gain of: com.android.internal.view.IInputMethodClient$Stub$Proxy@4ae0f3e4 attribute=null, token = android.os.BinderProxy@4ae13730
E/AudioFlinger(  170): no more track names available
E/AudioTrack(  464): AudioFlinger could not create track, status: -12
E/SoundPool(  464): Error creating AudioTrack
E/AudioFlinger(  170): no more track names available
E/AudioTrack(  464): AudioFlinger could not create track, status: -12
E/SoundPool(  464): Error creating AudioTrack
E/AudioFlinger(  170): no more track names available
E/AudioTrack(  464): AudioFlinger could not create track, status: -12
E/SoundPool(  464): Error creating AudioTrack
E/AudioFlinger(  170): no more track names available
E/AudioTrack(  464): AudioFlinger could not create track, status: -12
E/SoundPool(  464): Error creating AudioTrack
E/AudioFlinger(  170): no more track names available
E/AudioTrack(  464): AudioFlinger could not create track, status: -12
E/SoundPool(  464): Error creating AudioTrack
E/AudioFlinger(  170): no more track names available
E/AudioTrack(  464): AudioFlinger could not create track, status: -12
E/SoundPool(  464): Error creating AudioTrack
E/AudioFlinger(  170): no more track names available
E/AudioTrack(  464): AudioFlinger could not create track, status: -12
E/SoundPool(  464): Error creating AudioTrack
E/AudioFlinger(  170): no more track names available
E/AudioTrack(  464): AudioFlinger could not create track, status: -12
E/SoundPool(  464): Error creating AudioTrack
E/AudioFlinger(  170): no more track names available
E/AudioTrack(  464): AudioFlinger could not create track, status: -12
E/SoundPool(  464): Error creating AudioTrack
E/AudioFlinger(  170): no more track names available
E/AudioTrack(  464): AudioFlinger could not create track, status: -12
E/SoundPool(  464): Error creating AudioTrack
E/AudioFlinger(  170): no more track names available
E/AudioTrack(  464): AudioFlinger could not create track, status: -12
E/SoundPool(  464): Error creating AudioTrack
E/AudioFlinger(  170): no more track names available
E/AudioTrack(  464): AudioFlinger could not create track, status: -12
E/SoundPool(  464): Error creating AudioTrack
E/AudioFlinger(  170): no more track names available
E/AudioTrack(  464): AudioFlinger could not create track, status: -12
E/SoundPool(  464): Error creating AudioTrack
D/dalvikvm( 7726): GC_CONCURRENT freed 2176K, 21% free 8729K/10960K, paused 2ms+1ms, total 9ms
E/AudioFlinger(  170): no more track names available
E/AudioTrack(  464): AudioFlinger could not create track, status: -12
E/SoundPool(  464): Error creating AudioTrack
E/AudioFlinger(  170): no more track names available
E/AudioTrack(  464): AudioFlinger could not create track, status: -12
E/SoundPool(  464): Error creating AudioTrack
E/AudioFlinger(  170): no more track names available
E/AudioTrack(  464): AudioFlinger could not create track, status: -12
E/SoundPool(  464): Error creating AudioTrack
E/AudioFlinger(  170): no more track names available
E/AudioTrack(  464): AudioFlinger could not create track, status: -12
E/SoundPool(  464): Error creating AudioTrack
E/AudioFlinger(  170): no more track names available
E/AudioTrack(  464): AudioFlinger could not create track, status: -12
E/SoundPool(  464): Error creating AudioTrack
E/AudioFlinger(  170): no more track names available
E/AudioTrack(  464): AudioFlinger could not create track, status: -12
E/SoundPool(  464): Error creating AudioTrack
E/AudioFlinger(  170): no more track names available
E/AudioTrack(  464): AudioFlinger could not create track, status: -12
E/SoundPool(  464): Error creating AudioTrack
E/AudioFlinger(  170): no more track names available
E/AudioTrack(  464): AudioFlinger could not create track, status: -12
E/SoundPool(  464): Error creating AudioTrack
E/AudioFlinger(  170): no more track names available
E/AudioTrack(  464): AudioFlinger could not create track, status: -12
E/SoundPool(  464): Error creating AudioTrack
E/AudioFlinger(  170): no more track names available
E/AudioTrack(  464): AudioFlinger could not create track, status: -12
E/SoundPool(  464): Error creating AudioTrack
E/AudioFlinger(  170): no more track names available
E/AudioTrack(  464): AudioFlinger could not create track, status: -12
E/SoundPool(  464): Error creating AudioTrack
E/AudioFlinger(  170): no more track names available
E/AudioTrack(  464): AudioFlinger could not create track, status: -12
E/SoundPool(  464): Error creating AudioTrack
E/AudioFlinger(  170): no more track names available
E/AudioTrack(  464): AudioFlinger could not create track, status: -12
E/SoundPool(  464): Error creating AudioTrack
E/AudioFlinger(  170): no more track names available
E/AudioTrack(  464): AudioFlinger could not create track, status: -12
E/SoundPool(  464): Error creating AudioTrack
E/AudioFlinger(  170): no more track names available
E/AudioTrack(  464): AudioFlinger could not create track, status: -12
E/SoundPool(  464): Error creating AudioTrack
E/AudioFlinger(  170): no more track names available
E/AudioTrack(  464): AudioFlinger could not create track, status: -12
E/SoundPool(  464): Error creating AudioTrack
E/AudioFlinger(  170): no more track names available
E/AudioTrack(  464): AudioFlinger could not create track, status: -12
E/SoundPool(  464): Error creating AudioTrack
E/AudioFlinger(  170): no more track names available
E/AudioTrack(  464): AudioFlinger could not create track, status: -12
E/SoundPool(  464): Error creating AudioTrack
E/AudioFlinger(  170): no more track names available
E/AudioTrack(  464): AudioFlinger could not create track, status: -12
E/SoundPool(  464): Error creating AudioTrack
E/AudioFlinger(  170): no more track names available
E/AudioTrack(  464): AudioFlinger could not create track, status: -12
E/SoundPool(  464): Error creating AudioTrack
E/AudioFlinger(  170): no more track names available
E/AudioTrack(  464): AudioFlinger could not create track, status: -12
E/SoundPool(  464): Error creating AudioTrack
D/dalvikvm( 7726): GC_FOR_ALLOC freed 1883K, 21% free 8661K/10960K, paused 12ms, total 12ms
I/dalvikvm-heap( 7726): Grow heap (frag case) to 8.523MB for 16396-byte allocation
D/dalvikvm( 7726): GC_FOR_ALLOC freed 0K, 21% free 8677K/10980K, paused 14ms, total 14ms
E/AudioFlinger(  170): no more track names available
E/AudioTrack(  464): AudioFlinger could not create track, status: -12
E/SoundPool(  464): Error creating AudioTrack
E/AudioFlinger(  170): no more track names available
E/AudioTrack(  464): AudioFlinger could not create track, status: -12
E/SoundPool(  464): Error creating AudioTrack
E/AudioFlinger(  170): no more track names available
E/AudioTrack(  464): AudioFlinger could not create track, status: -12
E/SoundPool(  464): Error creating AudioTrack
E/AudioFlinger(  170): no more track names available
E/AudioTrack(  464): AudioFlinger could not create track, status: -12
E/SoundPool(  464): Error creating AudioTrack
E/AudioFlinger(  170): no more track names available
E/AudioTrack(  464): AudioFlinger could not create track, status: -12
E/SoundPool(  464): Error creating AudioTrack
E/AudioFlinger(  170): no more track names available
E/AudioTrack(  464): AudioFlinger could not create track, status: -12
E/SoundPool(  464): Error creating AudioTrack
E/AudioFlinger(  170): no more track names available
E/AudioTrack(  464): AudioFlinger could not create track, status: -12
E/SoundPool(  464): Error creating AudioTrack
E/AudioFlinger(  170): no more track names available
E/AudioTrack(  464): AudioFlinger could not create track, status: -12
E/SoundPool(  464): Error creating AudioTrack
E/AudioFlinger(  170): no more track names available
E/AudioTrack(  464): AudioFlinger could not create track, status: -12
E/SoundPool(  464): Error creating AudioTrack
I/ActivityManager(  464): START u0 {act=com.android.systemui.recent.action.TOGGLE_RECENTS flg=0x10800000 cmp=com.android.systemui/.recent.RecentsActivity (has extras)} from pid 532
I/ActivityManager(  464): START u0 {act=android.intent.action.MAIN cat=[android.intent.category.HOME] flg=0x10200000 cmp=com.vphone.launcher/.Launcher} from pid 464
E/AudioFlinger(  170): no more track names available
E/AudioTrack(  464): AudioFlinger could not create track, status: -12
E/SoundPool(  464): Error creating AudioTrack
E/AudioFlinger(  170): no more track names available
E/AudioTrack(  464): AudioFlinger could not create track, status: -12
E/SoundPool(  464): Error creating AudioTrack
W/AudioFlinger(  170): write blocked for 9904 msecs, 55 delayed writes, thread 0xb4233010
I/ActivityManager(  464): START u0 {act=android.intent.action.MAIN cat=[android.intent.category.LAUNCHER] flg=0x10200000 cmp=mingle.android.mingle/com.mingle.twine.activities.SplashScreenActivity} from pid 7552
E/AudioFlinger(  170): no more track names available
E/AudioTrack(  464): AudioFlinger could not create track, status: -12
E/SoundPool(  464): Error creating AudioTrack
E/AudioFlinger(  170): no more track names available
E/AudioTrack(  464): AudioFlinger could not create track, status: -12
E/SoundPool(  464): Error creating AudioTrack
E/AudioFlinger(  170): no more track names available
E/AudioTrack(  464): AudioFlinger could not create track, status: -12
E/SoundPool(  464): Error creating AudioTrack
E/AudioFlinger(  170): no more track names available
E/AudioTrack(  464): AudioFlinger could not create track, status: -12
E/SoundPool(  464): Error creating AudioTrack
V/PanelView(  532): animationTick called with dtms=0; nothing to do (h=0.0 v=-0.0)
D/dalvikvm( 7726): GC_CONCURRENT freed 1787K, 20% free 8854K/10980K, paused 0ms+2ms, total 12ms
I/ActivityManager(  464): START u0 {act=android.intent.action.MAIN cat=[android.intent.category.LAUNCHER] flg=0x10000000 cmp=com.android.browser/.BrowserActivity sel={act=android.intent.action.MAIN cat=[android.intent.category.APP_BROWSER]}} from pid 464
I/InputDispatcher(  464): Dropped event because of pending overdue app switch.
W/InputManager(  464): Input event injection from pid 7552 failed.
D/dalvikvm( 7726): GC_CONCURRENT freed 2101K, 21% free 8773K/10980K, paused 1ms+4ms, total 26ms
I/ActivityManager(  464): START u0 {act=android.intent.action.MAIN cat=[android.intent.category.LAUNCHER] flg=0x10200000 cmp=mingle.android.mingle/com.mingle.twine.activities.SplashScreenActivity} from pid 7552
D/dalvikvm( 7726): GC_CONCURRENT freed 1907K, 21% free 8736K/10980K, paused 3ms+0ms, total 10ms
I/ActivityManager(  464): START u0 {act=android.intent.action.MAIN cat=[android.intent.category.LAUNCHER] flg=0x10200000 cmp=mingle.android.mingle/com.mingle.twine.activities.SplashScreenActivity} from pid 7552
E/AudioFlinger(  170): no more track names available
E/AudioTrack(  464): AudioFlinger could not create track, status: -12
E/SoundPool(  464): Error creating AudioTrack
E/AudioFlinger(  170): no more track names available
E/AudioTrack(  464): AudioFlinger could not create track, status: -12
E/SoundPool(  464): Error creating AudioTrack
E/AudioFlinger(  170): no more track names available
E/AudioTrack(  464): AudioFlinger could not create track, status: -12
E/SoundPool(  464): Error creating AudioTrack
E/AudioFlinger(  170): no more track names available
E/AudioTrack(  464): AudioFlinger could not create track, status: -12
