W/ViewRootImpl( 7209): Dropping event due to no window focus: KeyEvent { action=ACTION_DOWN, keyCode=KEYCODE_MEDIA_FAST_FORWARD, scanCode=0, metaState=0, flags=0x8, repeatCount=0, eventTime=951944, downTime=951944, deviceId=-1, source=0x101 }
W/ViewRootImpl( 7209): Dropping event due to no window focus: KeyEvent { action=ACTION_DOWN, keyCode=KEYCODE_PERIOD, scanCode=0, metaState=0, flags=0x8, repeatCount=0, eventTime=951956, downTime=951956, deviceId=-1, source=0x101 }
W/EGL_emulation( 7209): eglSurfaceAttrib not implemented 3093 12436
W/EGL_emulation( 7209): eglSurfaceAttrib not implemented 3093 12436
W/ContextImpl(  491): Calling a method in the system process without a qualified user: android.app.ContextImpl.sendBroadcast:1123 com.android.server.InputMethodManagerService.hideCurrentInputLocked:1880 com.android.server.InputMethodManagerService.windowGainedFocus:2000 com.android.internal.view.IInputMethodManager$Stub.onTransact:221 com.android.server.InputMethodManagerService.onTransact:818 
I/qtaguid (  781): Untagging socket 170 failed errno=-13
W/NetworkManagementSocketTagger(  781): untagSocket(170) failed with errno -13
W/ViewRootImpl( 7209): Dropping event due to no window focus: KeyEvent { action=ACTION_DOWN, keyCode=KEYCODE_DPAD_RIGHT, scanCode=0, metaState=0, flags=0x8, repeatCount=0, eventTime=952238, downTime=952238, deviceId=-1, source=0x101 }
I/ActivityManager(  491): START u0 {act=android.intent.action.MAIN cat=[android.intent.category.LAUNCHER] flg=0x10200000 cmp=com.sourcecastle.freelogbook/com.sourcecastle.logbook.LogBookActivityNew} from pid 7199
W/EGL_emulation( 7209): eglSurfaceAttrib not implemented 3093 12436
W/EGL_emulation( 7209): eglSurfaceAttrib not implemented 3093 12436
W/ViewRootImpl( 7209): Dropping event due to no window focus: KeyEvent { action=ACTION_DOWN, keyCode=KEYCODE_DPAD_UP, scanCode=0, metaState=0, flags=0x8, repeatCount=0, eventTime=952332, downTime=952332, deviceId=-1, source=0x101 }
W/ContextImpl(  491): Calling a method in the system process without a qualified user: android.app.ContextImpl.sendBroadcast:1123 com.android.server.InputMethodManagerService.hideCurrentInputLocked:1880 com.android.server.InputMethodManagerService.windowGainedFocus:2000 com.android.internal.view.IInputMethodManager$Stub.onTransact:221 com.android.server.InputMethodManagerService.onTransact:818 
W/AwContents( 7209): nativeOnDraw failed; clearing to background color.
W/InputEventReceiver( 7209): Attempted to finish an input event but the input event receiver has already been disposed.
W/ContextImpl(  491): Calling a method in the system process without a qualified user: android.app.ContextImpl.sendBroadcast:1123 com.android.server.InputMethodManagerService.hideCurrentInputLocked:1880 com.android.server.InputMethodManagerService.windowGainedFocus:2000 com.android.internal.view.IInputMethodManager$Stub.onTransact:221 com.android.server.InputMethodManagerService.onTransact:818 
V/PanelView(  553): animationTick called with dtms=0; nothing to do (h=0.0 v=4500.0)
V/PanelView(  553): animationTick called with dtms=-15; nothing to do (h=0.0 v=4500.0)
W/InputEventReceiver( 7209): Attempted to finish an input event but the input event receiver has already been disposed.
W/InputEventReceiver( 7209): Attempted to finish an input event but the input event receiver has already been disposed.
W/InputEventReceiver( 7209): Attempted to finish an input event but the input event receiver has already been disposed.
W/InputEventReceiver( 7209): Attempted to finish an input event but the input event receiver has already been disposed.
W/InputEventReceiver( 7209): Attempted to finish an input event but the input event receiver has already been disposed.
W/InputEventReceiver( 7209): Attempted to finish an input event but the input event receiver has already been disposed.
W/InputEventReceiver( 7209): Attempted to finish an input event but the input event receiver has already been disposed.
W/ViewRootImpl( 7209): Dropping event due to root view being removed: MotionEvent { action=ACTION_UP, id[0]=0, x[0]=-449.67307, y[0]=123.94281, toolType[0]=TOOL_TYPE_UNKNOWN, buttonState=0, metaState=0, flags=0x0, edgeFlags=0x0, pointerCount=1, historySize=0, eventTime=952607, downTime=952606, deviceId=0, source=0x1002 }
W/ViewRootImpl( 7209): Dropping event due to root view being removed: MotionEvent { action=ACTION_DOWN, id[0]=0, x[0]=-347.0, y[0]=114.0, toolType[0]=TOOL_TYPE_UNKNOWN, buttonState=0, metaState=0, flags=0x0, edgeFlags=0x0, pointerCount=1, historySize=0, eventTime=952608, downTime=952608, deviceId=0, source=0x1002 }
W/ViewRootImpl( 7209): Dropping event due to root view being removed: MotionEvent { action=ACTION_UP, id[0]=0, x[0]=-342.34085, y[0]=117.08539, toolType[0]=TOOL_TYPE_UNKNOWN, buttonState=0, metaState=0, flags=0x0, edgeFlags=0x0, pointerCount=1, historySize=0, eventTime=952611, downTime=952608, deviceId=0, source=0x1002 }
W/ViewRootImpl( 7209): Dropping event due to root view being removed: MotionEvent { action=ACTION_DOWN, id[0]=0, x[0]=334.0, y[0]=-27.0, toolType[0]=TOOL_TYPE_UNKNOWN, buttonState=0, metaState=0, flags=0x0, edgeFlags=0x0, pointerCount=1, historySize=0, eventTime=952612, downTime=952612, deviceId=0, source=0x1002 }
W/ViewRootImpl( 7209): Dropping event due to root view being removed: MotionEvent { action=ACTION_MOVE, id[0]=0, x[0]=334.37103, y[0]=-26.428314, toolType[0]=TOOL_TYPE_UNKNOWN, buttonState=0, metaState=0, flags=0x0, edgeFlags=0x0, pointerCount=1, historySize=0, eventTime=952613, downTime=952612, deviceId=0, source=0x1002 }
W/ViewRootImpl( 7209): Dropping event due to root view being removed: MotionEvent { action=ACTION_UP, id[0]=0, x[0]=335.25366, y[0]=-6.0126343, toolType[0]=TOOL_TYPE_UNKNOWN, buttonState=0, metaState=0, flags=0x0, edgeFlags=0x0, pointerCount=1, historySize=0, eventTime=952613, downTime=952612, deviceId=0, source=0x1002 }
W/WindowManager(  491): updateFocusedWindowLocked, focusedAppToken is null.
W/ViewRootImpl( 7209): Dropping event due to no window focus: KeyEvent { action=ACTION_DOWN, keyCode=KEYCODE_DPAD_UP, scanCode=0, metaState=0, flags=0x8, repeatCount=0, eventTime=952626, downTime=952626, deviceId=-1, source=0x101 }
W/EGL_emulation(  553): eglSurfaceAttrib not implemented 3093 12436
W/InputEventReceiver( 7209): Attempted to finish an input event but the input event receiver has already been disposed.
W/ViewRootImpl( 7209): Dropping event due to root view being removed: KeyEvent { action=ACTION_UP, keyCode=KEYCODE_DPAD_LEFT, scanCode=0, metaState=0, flags=0x8, repeatCount=0, eventTime=952605, downTime=952605, deviceId=-1, source=0x101 }
W/ContextImpl(  491): Calling a method in the system process without a qualified user: android.app.ContextImpl.sendBroadcast:1123 com.android.server.InputMethodManagerService.hideCurrentInputLocked:1880 com.android.server.InputMethodManagerService.windowGainedFocus:1968 com.android.internal.view.IInputMethodManager$Stub.onTransact:221 com.android.server.InputMethodManagerService.onTransact:818 
V/PanelView(  553): animationTick called with dtms=0; nothing to do (h=76.50001 v=-3000.0)
V/PanelView(  553): animationTick called with dtms=0; nothing to do (h=76.50001 v=-3000.0)
V/PanelView(  553): animationTick called with dtms=-6; nothing to do (h=76.50001 v=-3000.0)
W/ViewRootImpl(  553): Dropping event due to no window focus: KeyEvent { action=ACTION_DOWN, keyCode=KEYCODE_DPAD_LEFT, scanCode=0, metaState=0, flags=0x8, repeatCount=0, eventTime=952661, downTime=952661, deviceId=-1, source=0x101 }
W/InputMethodManagerService(  491): Window already focused, ignoring focus gain of: com.android.internal.view.IInputMethodClient$Stub$Proxy@4a9400c4 attribute=null, token = android.os.BinderProxy@4a9b0fb8
W/ViewRootImpl( 7209): Dropping event due to no window focus: KeyEvent { action=ACTION_DOWN, keyCode=KEYCODE_DPAD_RIGHT, scanCode=0, metaState=0, flags=0x8, repeatCount=0, eventTime=952787, downTime=952787, deviceId=-1, source=0x101 }
W/EGL_emulation(  553): eglSurfaceAttrib not implemented 3093 12436
W/EGL_emulation( 7209): eglSurfaceAttrib not implemented 3093 12436
W/ViewRootImpl( 7209): Dropping event due to no window focus: KeyEvent { action=ACTION_DOWN, keyCode=KEYCODE_MENU, scanCode=0, metaState=0, flags=0x8, repeatCount=0, eventTime=952799, downTime=952799, deviceId=-1, source=0x101 }
W/InputManager(  491): Input event injection from pid 7199 failed.
W/InputManager(  491): Input event injection from pid 7199 failed.
W/InputManager(  491): Input event injection from pid 7199 failed.
W/InputManager(  491): Input event injection from pid 7199 failed.
W/InputManager(  491): Input event injection from pid 7199 failed.
W/InputManager(  491): Input event injection from pid 7199 failed.
W/ViewRootImpl( 7209): Dropping event due to no window focus: KeyEvent { action=ACTION_DOWN, keyCode=KEYCODE_F1, scanCode=0, metaState=0, flags=0x8, repeatCount=0, eventTime=952944, downTime=952944, deviceId=-1, source=0x101 }
W/InputMethodManagerService(  491): Window already focused, ignoring focus gain of: com.android.internal.view.IInputMethodClient$Stub$Proxy@4a929f90 attribute=null, token = android.os.BinderProxy@4a9b0fb8
W/InputManager(  491): Input event injection from pid 7199 failed.
W/InputManager(  491): Input event injection from pid 7199 failed.
I/Ads     ( 7209): Starting ad request.
I/Ads     ( 7209): Use AdRequest.Builder.addTestDevice("36C000C4994BD3192565D3B3E2B4826B") to get test ads on this device.
W/Ads     ( 7209): An interstitial is already loading. Aborting.
W/ViewRootImpl( 7209): Dropping event due to no window focus: KeyEvent { action=ACTION_DOWN, keyCode=KEYCODE_MENU, scanCode=0, metaState=0, flags=0x8, repeatCount=0, eventTime=953172, downTime=953172, deviceId=-1, source=0x101 }
W/ViewRootImpl( 7209): Dropping event due to no window focus: MotionEvent { action=ACTION_MOVE, id[0]=0, x[0]=-3.0, y[0]=-5.0, toolType[0]=TOOL_TYPE_UNKNOWN, buttonState=0, metaState=0, flags=0x0, edgeFlags=0x0, pointerCount=1, historySize=1, eventTime=953194, downTime=-1, deviceId=0, source=0x10004 }
W/EGL_emulation( 7209): eglSurfaceAttrib not implemented 3093 12436
W/EGL_emulation( 7209): eglSurfaceAttrib not implemented 3093 12436
W/ContextImpl(  491): Calling a method in the system process without a qualified user: android.app.ContextImpl.sendBroadcast:1123 com.android.server.InputMethodManagerService.hideCurrentInputLocked:1880 com.android.server.InputMethodManagerService.windowGainedFocus:2000 com.android.internal.view.IInputMethodManager$Stub.onTransact:221 com.android.server.InputMethodManagerService.onTransact:818 
W/InputEventReceiver( 7209): Attempted to finish an input event but the input event receiver has already been disposed.
W/InputEventReceiver( 7209): Attempted to finish an input event but the input event receiver has already been disposed.
W/InputEventReceiver( 7209): Attempted to finish an input event but the input event receiver has already been disposed.
W/ViewRootImpl( 7209): Dropping event due to root view being removed: MotionEvent { action=ACTION_UP, id[0]=0, x[0]=766.4125, y[0]=330.5673, toolType[0]=TOOL_TYPE_UNKNOWN, buttonState=0, metaState=0, flags=0x0, edgeFlags=0x0, pointerCount=1, historySize=0, eventTime=953414, downTime=953414, deviceId=0, source=0x1002 }
W/ViewRootImpl( 7209): Dropping event due to root view being removed: KeyEvent { action=ACTION_UP, keyCode=KEYCODE_DPAD_RIGHT, scanCode=0, metaState=0, flags=0x8, repeatCount=0, eventTime=953411, downTime=953411, deviceId=-1, source=0x101 }
W/ViewRootImpl( 7209): Dropping event due to no window focus: KeyEvent { action=ACTION_DOWN, keyCode=KEYCODE_MENU, scanCode=0, metaState=0, flags=0x8, repeatCount=0, eventTime=953459, downTime=953459, deviceId=-1, source=0x101 }
W/ViewRootImpl( 7209): Dropping event due to no window focus: KeyEvent { action=ACTION_DOWN, keyCode=KEYCODE_DPAD_RIGHT, scanCode=0, metaState=0, flags=0x8, repeatCount=0, eventTime=953466, downTime=953466, deviceId=-1, source=0x101 }
I/ExoPlayerImpl( 7209): Init 1.3.1
W/ContextImpl(  491): Calling a method in the system process without a qualified user: android.app.ContextImpl.sendBroadcast:1123 com.android.server.InputMethodManagerService.hideCurrentInputLocked:1880 com.android.server.InputMethodManagerService.windowGainedFocus:1968 com.android.internal.view.IInputMethodManager$Stub.onTransact:221 com.android.server.InputMethodManagerService.onTransact:818 
D/dalvikvm( 7209): GC_FOR_ALLOC freed 2168K, 8% free 26789K/29112K, paused 42ms, total 42ms
I/OMXClient( 7209): Using client-side OMX mux.
I/ActivityManager(  491): START u0 {cmp=com.sourcecastle.freelogbook/com.sourcecastle.logbook.LogbookListActivity} from pid 7209
W/ViewPager( 7209): Requested offscreen page limit 0 too small; defaulting to 1
D/DynamitePackage( 7209): Instantiating com.google.android.gms.ads.ChimeraAdManagerCreatorImpl
I/Ads     ( 7209): Starting ad request.
I/Ads     ( 7209): Use AdRequest.Builder.addTestDevice("36C000C4994BD3192565D3B3E2B4826B") to get test ads on this device.
W/Ads     ( 7209): Not retrying to fetch app settings
W/ActivityManager(  491): Permission Denial: getTasks() from pid=7209, uid=10060 requires android.permission.GET_TASKS
W/Herrevad(  781): [250] sjl.a: On wifi, but couldn't get security type
W/DebugConnManager(  781): getNetworkInfo() on networkType 0
D/dalvikvm(  781): GC_CONCURRENT freed 2429K, 27% free 10013K/13648K, paused 3ms+9ms, total 35ms
W/EGL_emulation( 7209): eglSurfaceAttrib not implemented 3093 12436
W/ViewRootImpl( 7209): Dropping event due to no window focus: KeyEvent { action=ACTION_DOWN, keyCode=KEYCODE_F10, scanCode=0, metaState=0, flags=0x8, repeatCount=0, eventTime=953874, downTime=953874, deviceId=-1, source=0x101 }
I/qtaguid (  781): Tagging socket 239 with tag 3000010500000000(805306629) for uid -1 failed errno=-13
I/NetworkManagementSocketTagger(  781): tagSocketFd(239, 805306629, -1) failed with errno-13
W/WindowManager(  491): Force-removing child win Window{4ab1b38c u0 PopupWindow:4b2b45c0} from container Window{4aac9f38 u0 com.sourcecastle.freelogbook/com.sourcecastle.logbook.RefuelActivity}
E/WindowManager( 7209): 
E/WindowManager( 7209): android.view.WindowLeaked: Activity com.sourcecastle.logbook.RefuelActivity has leaked window android.widget.FrameLayout{4b2b44a8 V.E..... ......ID 0,0-1,1} that was originally added here
E/WindowManager( 7209): 	at android.view.ViewRootImpl.<init>(ViewRootImpl.java:348)
E/WindowManager( 7209): 	at android.view.WindowManagerGlobal.addView(WindowManagerGlobal.java:248)
E/WindowManager( 7209): 	at android.view.WindowManagerImpl.addView(WindowManagerImpl.java:69)
E/WindowManager( 7209): 	at android.widget.PopupWindow.invokePopup(PopupWindow.java:1019)
E/WindowManager( 7209): 	at android.widget.PopupWindow.showAtLocation(PopupWindow.java:850)
E/WindowManager( 7209): 	at android.widget.PopupWindow.showAtLocation(PopupWindow.java:814)
E/WindowManager( 7209): 	at com.google.android.gms.ads.internal.renderer.k.c(com.google.android.gms.DynamiteModulesA@12221070@12.2.21 (070-188803320):24)
E/WindowManager( 7209): 	at com.google.android.gms.ads.internal.renderer.a.c_(com.google.android.gms.DynamiteModulesA@12221070@12.2.21 (070-188803320):39)
E/WindowManager( 7209): 	at com.google.android.gms.ads.internal.renderer.g.a(com.google.android.gms.DynamiteModulesA@12221070@12.2.21 (070-188803320):15)
E/WindowManager( 7209): 	at com.google.android.gms.ads.internal.l.run(com.google.android.gms.DynamiteModulesA@12221070@12.2.21 (070-188803320):28)
E/WindowManager( 7209): 	at android.os.Handler.handleCallback(Handler.java:733)
E/WindowManager( 7209): 	at android.os.Handler.dispatchMessage(Handler.java:95)
E/WindowManager( 7209): 	at android.os.Looper.loop(Looper.java:136)
E/WindowManager( 7209): 	at android.app.ActivityThread.main(ActivityThread.java:5019)
E/WindowManager( 7209): 	at java.lang.reflect.Method.invokeNative(Native Method)
E/WindowManager( 7209): 	at java.lang.reflect.Method.invoke(Method.java:515)
E/WindowManager( 7209): 	at com.android.internal.os.ZygoteInit$MethodAndArgsCaller.run(ZygoteInit.java:779)
E/WindowManager( 7209): 	at com.android.internal.os.ZygoteInit.main(ZygoteInit.java:595)
E/WindowManager( 7209): 	at dalvik.system.NativeStart.main(Native Method)
W/ViewRootImpl( 7209): Dropping event due to no window focus: MotionEvent { action=ACTION_MOVE, id[0]=0, x[0]=0.0, y[0]=2.0, toolType[0]=TOOL_TYPE_UNKNOWN, buttonState=0, metaState=0, flags=0x0, edgeFlags=0x0, pointerCount=1, historySize=9, eventTime=954117, downTime=-1, deviceId=0, source=0x10004 }
I/ActivityManager(  491): Displayed com.sourcecastle.freelogbook/com.sourcecastle.logbook.LogbookListActivity: +299ms
W/ViewRootImpl( 7209): Dropping event due to no window focus: KeyEvent { action=ACTION_DOWN, keyCode=KEYCODE_DPAD_CENTER, scanCode=0, metaState=0, flags=0x8, repeatCount=0, eventTime=954120, downTime=954120, deviceId=-1, source=0x101 }
W/ContextImpl(  491): Calling a method in the system process without a qualified user: android.app.ContextImpl.sendBroadcast:1123 com.android.server.InputMethodManagerService.hideCurrentInputLocked:1880 com.android.server.InputMethodManagerService.windowGainedFocus:1968 com.android.internal.view.IInputMethodManager$Stub.onTransact:221 com.android.server.InputMethodManagerService.onTransact:818 
W/WindowManager(  491): Failed looking up window
W/WindowManager(  491): java.lang.IllegalArgumentException: Requested window android.os.BinderProxy@4aa8344c does not exist
W/WindowManager(  491): 	at com.android.server.wm.WindowManagerService.windowForClientLocked(WindowManagerService.java:8096)
W/WindowManager(  491): 	at com.android.server.wm.WindowManagerService.windowForClientLocked(WindowManagerService.java:8087)
W/WindowManager(  491): 	at com.android.server.wm.WindowManagerService.removeWindow(WindowManagerService.java:2542)
W/WindowManager(  491): 	at com.android.server.wm.Session.remove(Session.java:181)
W/WindowManager(  491): 	at android.view.IWindowSession$Stub.onTransact(IWindowSession.java:197)
W/WindowManager(  491): 	at com.android.server.wm.Session.onTransact(Session.java:125)
W/WindowManager(  491): 	at android.os.Binder.execTransact(Binder.java:404)
W/WindowManager(  491): 	at dalvik.system.NativeStart.run(Native Method)
I/Ads     ( 7209): Ad finished loading.
W/WindowManager(  491): updateFocusedWindowLocked, focusedAppToken is null.
I/AndroidRuntime( 7199): VM exiting with result code 0.
W/EGL_emulation(  553): eglSurfaceAttrib not implemented 3093 12436
