I/CameraClient(  177): Destroying camera 0
D/EmulatedCamera_Camera(  177): getCameraInfo , camera orientation: front(0) , back(0)
D/EmulatedCamera_Camera(  177): getCameraInfo , camera orientation: front(0) , back(0)
D/EmulatedCamera_Camera(  177): getCameraInfo , camera orientation: front(0) , back(0)
D/EmulatedCamera_Camera(  177): getCameraInfo , camera orientation: front(0) , back(0)
I/AwesomePlayer(  177): setDataSource_l(URL suppressed)
I/AwesomePlayer(  177): setDataSource_l(URL suppressed)
I/CameraClient(  177): Opening camera 0
V/EmulatedCamera_FakeDevice(  177): connectDevice
D/EmulatedCamera_Camera(  177): getCameraInfo , camera orientation: front(0) , back(0)
D/EmulatedCamera_Camera(  177): doStartPreview: preview pixel format yuv420sp
D/EmulatedCamera_Camera(  177): Starting camera: 640x480 -> NV21(yuv420sp)
V/EmulatedCamera_FakeDevice(  177): startDevice
W/EGL_emulation( 7926): eglSurfaceAttrib not implemented 3093 12436
W/EGL_emulation( 7926): eglSurfaceAttrib not implemented 3093 12436
W/ViewRootImpl( 7926): Dropping event due to no window focus: KeyEvent { action=ACTION_DOWN, keyCode=KEYCODE_DPAD_LEFT, scanCode=0, metaState=0, flags=0x8, repeatCount=0, eventTime=1673218, downTime=1673218, deviceId=-1, source=0x101 }
D/        (  177): HostConnection::get() New Host Connection established 0xb7e11b00, tid 8180
W/InputEventReceiver( 7926): Attempted to finish an input event but the input event receiver has already been disposed.
W/InputEventReceiver( 7926): Attempted to finish an input event but the input event receiver has already been disposed.
W/InputEventReceiver( 7926): Attempted to finish an input event but the input event receiver has already been disposed.
W/ViewRootImpl( 7926): Dropping event due to root view being removed: MotionEvent { action=ACTION_MOVE, id[0]=0, x[0]=21.434883, y[0]=371.78363, toolType[0]=TOOL_TYPE_UNKNOWN, buttonState=0, metaState=0, flags=0x0, edgeFlags=0x0, pointerCount=1, historySize=3, eventTime=1673493, downTime=1673487, deviceId=0, source=0x1002 }
W/ViewRootImpl( 7926): Dropping event due to root view being removed: MotionEvent { action=ACTION_UP, id[0]=0, x[0]=27.43771, y[0]=379.2149, toolType[0]=TOOL_TYPE_UNKNOWN, buttonState=0, metaState=0, flags=0x0, edgeFlags=0x0, pointerCount=1, historySize=0, eventTime=1673495, downTime=1673487, deviceId=0, source=0x1002 }
W/ViewRootImpl( 7926): Dropping event due to no window focus: KeyEvent { action=ACTION_DOWN, keyCode=KEYCODE_DPAD_LEFT, scanCode=0, metaState=0, flags=0x8, repeatCount=0, eventTime=1673644, downTime=1673644, deviceId=-1, source=0x101 }
W/ViewRootImpl( 7926): Dropping event due to no window focus: KeyEvent { action=ACTION_DOWN, keyCode=KEYCODE_DPAD_DOWN, scanCode=0, metaState=0, flags=0x8, repeatCount=0, eventTime=1673655, downTime=1673655, deviceId=-1, source=0x101 }
W/UnimplementedWebViewApi( 7926): Unimplemented WebView method onKeyMultiple called from: android.webkit.WebView.onKeyMultiple(WebView.java:2179)
W/UnimplementedWebViewApi( 7926): Unimplemented WebView method onKeyDown called from: android.webkit.WebView.onKeyDown(WebView.java:2169)
W/ViewRootImpl( 7926): Dropping event due to no window focus: KeyEvent { action=ACTION_DOWN, keyCode=KEYCODE_DPAD_CENTER, scanCode=0, metaState=0, flags=0x8, repeatCount=0, eventTime=1673686, downTime=1673686, deviceId=-1, source=0x101 }
W/ContextImpl(  484): Calling a method in the system process without a qualified user: android.app.ContextImpl.sendBroadcast:1123 com.android.server.InputMethodManagerService.hideCurrentInputLocked:1880 com.android.server.InputMethodManagerService.windowGainedFocus:1968 com.android.internal.view.IInputMethodManager$Stub.onTransact:221 com.android.server.InputMethodManagerService.onTransact:818 
I/ActivityManager(  484): START u0 {act=android.intent.action.MAIN cat=[android.intent.category.HOME] flg=0x10200000 cmp=com.vphone.launcher/.Launcher} from pid 484
W/InputMethodManagerService(  484): Window already focused, ignoring focus gain of: com.android.internal.view.IInputMethodClient$Stub$Proxy@4a76fcc8 attribute=android.view.inputmethod.EditorInfo@4acb4800, token = android.os.BinderProxy@4ab11fec
W/EGL_emulation( 7926): eglSurfaceAttrib not implemented 3093 12436
I/InputDispatcher(  484): Dropped event because of pending overdue app switch.
W/InputManager(  484): Input event injection from pid 7916 failed.
W/ViewRootImpl( 7926): Dropping event due to no window focus: KeyEvent { action=ACTION_DOWN, keyCode=KEYCODE_MOVE_HOME, scanCode=0, metaState=0, flags=0x408, repeatCount=0, eventTime=1672974, downTime=1672974, deviceId=-1, source=0x101 }
I/ActivityManager(  484): START u0 {cmp=com.dailyroads.v/com.dailyroads.activities.DisplayMsg (has extras)} from pid 7926
I/chromium( 7926): [INFO:CONSOLE(0)] "Document was loaded from Application Cache with manifest https://googleads.g.doubleclick.net/mads/static/mad/sdk/native/sdk-core-v40-loader.appcache", source: https://googleads.g.doubleclick.net/mads/static/mad/sdk/native/sdk-core-v40-loader.html (0)
I/chromium( 7926): [INFO:CONSOLE(0)] "Application Cache Checking event", source: https://googleads.g.doubleclick.net/mads/static/mad/sdk/native/sdk-core-v40-loader.html (0)
I/chromium( 7926): [INFO:CONSOLE(0)] "Application Cache Checking event", source: https://googleads.g.doubleclick.net/mads/static/mad/sdk/native/sdk-core-v40-loader.html (0)
I/chromium( 7926): [INFO:CONSOLE(0)] "Application Cache NoUpdate event", source: https://googleads.g.doubleclick.net/mads/static/mad/sdk/native/sdk-core-v40-loader.html (0)
I/chromium( 7926): [INFO:CONSOLE(0)] "Application Cache NoUpdate event", source: https://googleads.g.doubleclick.net/mads/static/mad/sdk/native/sdk-core-v40-loader.html (0)
W/FlurryAgent( 7926): Start session with context: com.dailyroads.activities.DisplayMsg@4aaf6af0 count:3
I/com.nullwire.trace.ExceptionsHandler( 7926): Registering default exceptions handler: http://www.dailyroads.com/voyager/crashtrace.php
I/com.nullwire.trace.ExceptionsHandler( 7926): Registering default exceptions handler
I/com.nullwire.trace.ExceptionsHandler( 7926): TRACE_VERSION: 0.3.0
D/com.nullwire.trace.ExceptionsHandler( 7926): APP_VERSION: 5.0.1
D/com.nullwire.trace.ExceptionsHandler( 7926): APP_PACKAGE: com.dailyroads.v
D/com.nullwire.trace.ExceptionsHandler( 7926): FILES_PATH: /data/data/com.dailyroads.v/files
D/com.nullwire.trace.ExceptionsHandler( 7926): URL: http://www.dailyroads.com/voyager/crashtrace.php
D/com.nullwire.trace.ExceptionsHandler( 7926): Looking for exceptions in: /data/data/com.dailyroads.v/files
D/com.nullwire.trace.ExceptionsHandler( 7926): current handler class=com.nullwire.trace.DefaultExceptionHandler
D/dalvikvm(  484): GC_CONCURRENT freed 3144K, 38% free 15713K/25228K, paused 0ms+6ms, total 33ms
W/EGL_emulation( 7926): eglSurfaceAttrib not implemented 3093 12436
W/ViewRootImpl( 7926): Dropping event due to no window focus: KeyEvent { action=ACTION_DOWN, keyCode=KEYCODE_NUMPAD_ADD, scanCode=0, metaState=0, flags=0x8, repeatCount=0, eventTime=1674685, downTime=1674685, deviceId=-1, source=0x101 }
W/ViewRootImpl( 7926): Dropping event due to no window focus: KeyEvent { action=ACTION_DOWN, keyCode=KEYCODE_F7, scanCode=0, metaState=0, flags=0x8, repeatCount=0, eventTime=1674887, downTime=1674887, deviceId=-1, source=0x101 }
I/ActivityManager(  484): Displayed com.dailyroads.v/com.dailyroads.activities.DisplayMsg: +206ms
W/ContextImpl(  484): Calling a method in the system process without a qualified user: android.app.ContextImpl.sendBroadcast:1123 com.android.server.InputMethodManagerService.hideCurrentInputLocked:1880 com.android.server.InputMethodManagerService.windowGainedFocus:1968 com.android.internal.view.IInputMethodManager$Stub.onTransact:221 com.android.server.InputMethodManagerService.onTransact:818 
W/ViewRootImpl( 7926): Dropping event due to no window focus: KeyEvent { action=ACTION_DOWN, keyCode=KEYCODE_MENU, scanCode=0, metaState=0, flags=0x8, repeatCount=0, eventTime=1674975, downTime=1674975, deviceId=-1, source=0x101 }
W/ViewRootImpl( 7926): Dropping event due to no window focus: KeyEvent { action=ACTION_DOWN, keyCode=KEYCODE_DPAD_DOWN, scanCode=0, metaState=0, flags=0x8, repeatCount=0, eventTime=1675018, downTime=1675018, deviceId=-1, source=0x101 }
W/ContextImpl(  484): Calling a method in the system process without a qualified user: android.app.ContextImpl.sendBroadcast:1123 com.android.server.InputMethodManagerService.hideCurrentInputLocked:1880 com.android.server.InputMethodManagerService.windowGainedFocus:1968 com.android.internal.view.IInputMethodManager$Stub.onTransact:221 com.android.server.InputMethodManagerService.onTransact:818 
I/ActivityManager(  484): START u0 {cmp=com.dailyroads.v/com.dailyroads.activities.FilesList (has extras)} from pid 7926
I/AppCompatViewInflater( 7926): app:theme is now deprecated. Please move to using android:theme instead.
D/IabHelper( 7926): IAB helper created.
D/IabHelper( 7926): Starting in-app billing setup.
D/DynamitePackage( 7926): Instantiating com.google.android.gms.ads.ChimeraAdManagerCreatorImpl
I/Ads     ( 7926): Starting ad request.
I/Ads     ( 7926): Use AdRequest.Builder.addTestDevice("57AA76C100C9FF6BE6E98F3E45FE0045") to get test ads on this device.
I/Ads     ( 7926): Please set theme of AdActivity to @android:style/Theme.Translucent to enable transparent background interstitial ad.
W/FlurryAgent( 7926): Start session with context: com.dailyroads.activities.FilesList@4a86a09c count:4
I/com.nullwire.trace.ExceptionsHandler( 7926): Registering default exceptions handler: http://www.dailyroads.com/voyager/crashtrace.php
I/com.nullwire.trace.ExceptionsHandler( 7926): Registering default exceptions handler
I/com.nullwire.trace.ExceptionsHandler( 7926): TRACE_VERSION: 0.3.0
D/com.nullwire.trace.ExceptionsHandler( 7926): APP_VERSION: 5.0.1
D/com.nullwire.trace.ExceptionsHandler( 7926): APP_PACKAGE: com.dailyroads.v
D/com.nullwire.trace.ExceptionsHandler( 7926): FILES_PATH: /data/data/com.dailyroads.v/files
D/com.nullwire.trace.ExceptionsHandler( 7926): URL: http://www.dailyroads.com/voyager/crashtrace.php
D/com.nullwire.trace.ExceptionsHandler( 7926): Looking for exceptions in: /data/data/com.dailyroads.v/files
D/com.nullwire.trace.ExceptionsHandler( 7926): current handler class=com.nullwire.trace.DefaultExceptionHandler
W/FlurryAgent( 7926): End session with context: com.dailyroads.activities.FilesList@4a8179fc count:4
W/FlurryAgent( 7926): End session with context: com.dailyroads.activities.DisplayMsg@4aaf6af0 count:3
W/ViewRootImpl( 7926): Dropping event due to no window focus: KeyEvent { action=ACTION_DOWN, keyCode=KEYCODE_0, scanCode=0, metaState=0, flags=0x8, repeatCount=0, eventTime=1675217, downTime=1675217, deviceId=-1, source=0x101 }
W/EGL_emulation( 7926): eglSurfaceAttrib not implemented 3093 12436
W/EGL_emulation( 7926): eglSurfaceAttrib not implemented 3093 12436
D/IabHelper( 7926): Billing service connected.
D/IabHelper( 7926): Checking for in-app billing 3 support.
W/Finsky  ( 2442): [173] com.google.android.finsky.billing.iab.ab.b(48): com.dailyroads.v: No account found.
W/ViewRootImpl( 7926): Dropping event due to no window focus: MotionEvent { action=ACTION_MOVE, id[0]=0, x[0]=3.0, y[0]=-5.0, toolType[0]=TOOL_TYPE_UNKNOWN, buttonState=0, metaState=0, flags=0x0, edgeFlags=0x0, pointerCount=1, historySize=9, eventTime=1675315, downTime=-1, deviceId=0, source=0x10004 }
W/ViewRootImpl( 7926): Dropping event due to no window focus: MotionEvent { action=ACTION_DOWN, id[0]=0, x[0]=0.0, y[0]=0.0, toolType[0]=TOOL_TYPE_UNKNOWN, buttonState=0, metaState=0, flags=0x0, edgeFlags=0x0, pointerCount=1, historySize=0, eventTime=1675316, downTime=1675303, deviceId=0, source=0x10004 }
W/ViewRootImpl( 7926): Dropping event due to no window focus: KeyEvent { action=ACTION_DOWN, keyCode=KEYCODE_BUTTON_4, scanCode=0, metaState=0, flags=0x8, repeatCount=0, eventTime=1675375, downTime=1675375, deviceId=-1, source=0x101 }
W/GCoreFlp( 1323): No location to return for getLastLocation()
W/Ads     ( 1295): Location is not available. Returning null
W/Herrevad( 1295): [451] sjl.a: On wifi, but couldn't get security type
W/ViewRootImpl( 7926): Dropping event due to no window focus: KeyEvent { action=ACTION_DOWN, keyCode=KEYCODE_DPAD_CENTER, scanCode=0, metaState=0, flags=0x8, repeatCount=0, eventTime=1675375, downTime=1675375, deviceId=-1, source=0x101 }
W/DebugConnManager( 1295): getNetworkInfo() on networkType 0
I/qtaguid ( 1295): Tagging socket 241 with tag 3000010500000000(805306629) for uid -1 failed errno=-13
I/NetworkManagementSocketTagger( 1295): tagSocketFd(241, 805306629, -1) failed with errno-13
W/ContextImpl(  484): Calling a method in the system process without a qualified user: android.app.ContextImpl.sendBroadcast:1123 com.android.server.InputMethodManagerService.hideCurrentInputLocked:1880 com.android.server.InputMethodManagerService.windowGainedFocus:1968 com.android.internal.view.IInputMethodManager$Stub.onTransact:221 com.android.server.InputMethodManagerService.onTransact:818 
D/dalvikvm( 7926): GC_CONCURRENT freed 2096K, 20% free 9182K/11360K, paused 1ms+1ms, total 23ms
D/dalvikvm( 7926): WAIT_FOR_CONCURRENT_GC blocked 20ms
D/dalvikvm( 7926): WAIT_FOR_CONCURRENT_GC blocked 22ms
I/ActivityManager(  484): Displayed com.dailyroads.v/com.dailyroads.activities.FilesList: +577ms
E/BufferQueue(  174): [SurfaceView] queueBuffer: BufferQueue has been abandoned!
E/Surface (  177): queueBuffer: error queuing buffer to SurfaceTexture, -19
I/DRV     ( 7926): 20180419182703: sending broadcast: com.dailyroads.status.VIDEO_OFF
W/ContextImpl(  484): Calling a method in the system process without a qualified user: android.app.ContextImpl.sendBroadcast:1123 com.android.server.NotificationManagerService$6.run:1838 android.os.Handler.handleCallback:733 android.os.Handler.dispatchMessage:95 android.os.Looper.loop:136 
E/BufferQueue(  174): [SurfaceView] dequeueBuffer: BufferQueue has been abandoned!
E/EmulatedCamera_Preview(  177): onNextFrameAvailable: Unable to dequeue preview window buffer: 19 -> No such device
V/EmulatedCamera_FakeDevice(  177): stopDevice
V/EmulatedCamera_FakeDevice(  177): disconnectDevice
D/        (  177): HostConnection::get() New Host Connection established 0xb7dbcb60, tid 507
I/CameraClient(  177): Destroying camera 0
D/EmulatedCamera_Camera(  177): getCameraInfo , camera orientation: front(0) , back(0)
D/EmulatedCamera_Camera(  177): getCameraInfo , camera orientation: front(0) , back(0)
D/EmulatedCamera_Camera(  177): getCameraInfo , camera orientation: front(0) , back(0)
I/AwesomePlayer(  177): setDataSource_l(URL suppressed)
I/AwesomePlayer(  177): setDataSource_l(URL suppressed)
I/CameraClient(  177): Opening camera 0
V/EmulatedCamera_FakeDevice(  177): connectDevice
I/qtaguid ( 1295): Untagging socket 241 failed errno=-13
W/NetworkManagementSocketTagger( 1295): untagSocket(241) failed with errno -13
D/EmulatedCamera_Camera(  177): getCameraInfo , camera orientation: front(0) , back(0)
D/EmulatedCamera_Camera(  177): doStartPreview: preview pixel format yuv420sp
D/EmulatedCamera_Camera(  177): Starting camera: 640x480 -> NV21(yuv420sp)
V/EmulatedCamera_FakeDevice(  177): startDevice
D/        (  177): HostConnection::get() New Host Connection established 0xb7de7360, tid 8202
W/FlurryAgent( 7926): End session with context: com.dailyroads.activities.FilesList@4aa81a10 count:2
W/FlurryAgent( 7926): End session with context: com.dailyroads.activities.Voyager@4a91b2f0 count:1
W/ViewRootImpl( 7926): Dropping event due to no window focus: KeyEvent { action=ACTION_DOWN, keyCode=KEYCODE_MENU, scanCode=0, metaState=0, flags=0x8, repeatCount=0, eventTime=1676363, downTime=1676363, deviceId=-1, source=0x101 }
W/ViewRootImpl( 7926): Dropping event due to no window focus: KeyEvent { action=ACTION_DOWN, keyCode=KEYCODE_MENU, scanCode=0, metaState=0, flags=0x8, repeatCount=0, eventTime=1676372, downTime=1676372, deviceId=-1, source=0x101 }
W/ViewRootImpl( 7926): Dropping event due to no window focus: KeyEvent { action=ACTION_DOWN, keyCode=KEYCODE_J, scanCode=0, metaState=0, flags=0x8, repeatCount=0, eventTime=1676387, downTime=1676387, deviceId=-1, source=0x101 }
W/InputEventReceiver( 7926): Attempted to finish an input event but the input event receiver has already been disposed.
W/EGL_emulation( 7926): eglSurfaceAttrib not implemented 3093 12436
W/ViewRootImpl( 7926): Dropping event due to no window focus: KeyEvent { action=ACTION_DOWN, keyCode=KEYCODE_DPAD_LEFT, scanCode=0, metaState=0, flags=0x8, repeatCount=0, eventTime=1676477, downTime=1676477, deviceId=-1, source=0x101 }
W/ViewRootImpl( 7926): Dropping event due to no window focus: KeyEvent { action=ACTION_DOWN, keyCode=KEYCODE_MENU, scanCode=0, metaState=0, flags=0x8, repeatCount=0, eventTime=1676538, downTime=1676538, deviceId=-1, source=0x101 }
W/ViewRootImpl( 7926): Dropping event due to no window focus: KeyEvent { action=ACTION_DOWN, keyCode=KEYCODE_MENU, scanCode=0, metaState=0, flags=0x8, repeatCount=0, eventTime=1676541, downTime=1676541, deviceId=-1, source=0x101 }
I/ActivityManager(  484): START u0 {act=android.intent.action.MAIN cat=[android.intent.category.LAUNCHER] flg=0x10200000 cmp=com.dailyroads.v/.Files} from pid 7916
W/InputMethodManagerService(  484): Window already focused, ignoring focus gain of: com.android.internal.view.IInputMethodClient$Stub$Proxy@4a9f77b4 attribute=null, token = android.os.BinderProxy@4a8cc5ac
W/ViewRootImpl( 7926): Dropping event due to no window focus: KeyEvent { action=ACTION_DOWN, keyCode=KEYCODE_MENU, scanCode=0, metaState=0, flags=0x8, repeatCount=0, eventTime=1676661, downTime=1676661, deviceId=-1, source=0x101 }
W/ViewRootImpl( 7926): Dropping event due to no window focus: KeyEvent { action=ACTION_DOWN, keyCode=KEYCODE_MOVE_HOME, scanCode=0, metaState=0, flags=0x8, repeatCount=0, eventTime=1676667, downTime=1676667, deviceId=-1, source=0x101 }
W/InputMethodManagerService(  484): Focus gain on non-focused client com.android.internal.view.IInputMethodClient$Stub$Proxy@4a9261b4 (uid=10040 pid=7926)
W/FlurryAgent( 7926): Start session with context: com.dailyroads.activities.FilesList@4a8179fc count:1
I/com.nullwire.trace.ExceptionsHandler( 7926): Registering default exceptions handler: http://www.dailyroads.com/voyager/crashtrace.php
I/com.nullwire.trace.ExceptionsHandler( 7926): Registering default exceptions handler
I/com.nullwire.trace.ExceptionsHandler( 7926): TRACE_VERSION: 0.3.0
D/com.nullwire.trace.ExceptionsHandler( 7926): APP_VERSION: 5.0.1
D/com.nullwire.trace.ExceptionsHandler( 7926): APP_PACKAGE: com.dailyroads.v
D/com.nullwire.trace.ExceptionsHandler( 7926): FILES_PATH: /data/data/com.dailyroads.v/files
D/com.nullwire.trace.ExceptionsHandler( 7926): URL: http://www.dailyroads.com/voyager/crashtrace.php
D/com.nullwire.trace.ExceptionsHandler( 7926): Looking for exceptions in: /data/data/com.dailyroads.v/files
D/com.nullwire.trace.ExceptionsHandler( 7926): current handler class=com.nullwire.trace.DefaultExceptionHandler
W/EGL_emulation( 7926): eglSurfaceAttrib not implemented 3093 12436
W/EGL_emulation( 7926): eglSurfaceAttrib not implemented 3093 12436
W/ViewRootImpl( 7926): Dropping event due to no window focus: KeyEvent { action=ACTION_DOWN, keyCode=KEYCODE_DPAD_CENTER, scanCode=0, metaState=0, flags=0x8, repeatCount=0, eventTime=1676676, downTime=1676676, deviceId=-1, source=0x101 }
W/ViewRootImpl( 7926): Dropping event due to no window focus: KeyEvent { action=ACTION_DOWN, keyCode=KEYCODE_DPAD_RIGHT, scanCode=0, metaState=0, flags=0x8, repeatCount=0, eventTime=1676786, downTime=1676786, deviceId=-1, source=0x101 }
W/ContextImpl(  484): Calling a method in the system process without a qualified user: android.app.ContextImpl.sendBroadcast:1123 com.android.server.InputMethodManagerService.hideCurrentInputLocked:1880 com.android.server.InputMethodManagerService.windowGainedFocus:1968 com.android.internal.view.IInputMethodManager$Stub.onTransact:221 com.android.server.InputMethodManagerService.onTransact:818 
W/FlurryAgent( 7926): End session with context: com.dailyroads.activities.FilesList@4a86a09c count:1
W/FlurryAgent( 7926): Event count incremented: filesViewMode
I/ActivityManager(  484): START u0 {cmp=com.dailyroads.v/com.dailyroads.activities.FilesList (has extras)} from pid 7926
W/FlurryAgent( 7926): Event count incremented: filesViewMode
I/ActivityManager(  484): START u0 {cmp=com.dailyroads.v/com.dailyroads.activities.FilesList (has extras)} from pid 7926
W/ActivityManager(  484): startActivity called from finishing ActivityRecord{4a963bac u0 com.dailyroads.v/com.dailyroads.activities.FilesList t74 f}; forcing Intent.FLAG_ACTIVITY_NEW_TASK for: Intent { cmp=com.dailyroads.v/com.dailyroads.activities.FilesList (has extras) }
W/ActivityManager(  484): Duplicate finish request for ActivityRecord{4a963bac u0 com.dailyroads.v/com.dailyroads.activities.FilesList t74 f}
W/InputEventReceiver( 7926): Attempted to finish an input event but the input event receiver has already been disposed.
W/InputEventReceiver( 7926): Attempted to finish an input event but the input event receiver has already been disposed.
W/ViewRootImpl( 7926): Dropping event due to root view being removed: MotionEvent { action=ACTION_MOVE, id[0]=0, x[0]=1.0, y[0]=0.0, toolType[0]=TOOL_TYPE_UNKNOWN, buttonState=0, metaState=0, flags=0x0, edgeFlags=0x0, pointerCount=1, historySize=8, eventTime=1677875, downTime=-1, deviceId=0, source=0x10004 }
I/AppCompatViewInflater( 7926): app:theme is now deprecated. Please move to using android:theme instead.
D/IabHelper( 7926): IAB helper created.
D/IabHelper( 7926): Starting in-app billing setup.
D/DynamitePackage( 7926): Instantiating com.google.android.gms.ads.ChimeraAdManagerCreatorImpl
W/InputManager(  484): Input event injection from pid 7916 failed.
W/InputManager(  484): Input event injection from pid 7916 failed.
I/Ads     ( 7926): Starting ad request.
I/Ads     ( 7926): Use AdRequest.Builder.addTestDevice("57AA76C100C9FF6BE6E98F3E45FE0045") to get test ads on this device.
W/Ads     ( 7926): Not retrying to fetch app settings
I/Ads     ( 7926): Please set theme of AdActivity to @android:style/Theme.Translucent to enable transparent background interstitial ad.
W/InputManager(  484): Input event injection from pid 7916 failed.
W/FlurryAgent( 7926): Start session with context: com.dailyroads.activities.FilesList@4a9975f0 count:1
I/com.nullwire.trace.ExceptionsHandler( 7926): Registering default exceptions handler: http://www.dailyroads.com/voyager/crashtrace.php
I/com.nullwire.trace.ExceptionsHandler( 7926): Registering default exceptions handler
I/com.nullwire.trace.ExceptionsHandler( 7926): TRACE_VERSION: 0.3.0
D/com.nullwire.trace.ExceptionsHandler( 7926): APP_VERSION: 5.0.1
D/com.nullwire.trace.ExceptionsHandler( 7926): APP_PACKAGE: com.dailyroads.v
D/com.nullwire.trace.ExceptionsHandler( 7926): FILES_PATH: /data/data/com.dailyroads.v/files
D/com.nullwire.trace.ExceptionsHandler( 7926): URL: http://www.dailyroads.com/voyager/crashtrace.php
D/com.nullwire.trace.ExceptionsHandler( 7926): Looking for exceptions in: /data/data/com.dailyroads.v/files
D/com.nullwire.trace.ExceptionsHandler( 7926): current handler class=com.nullwire.trace.DefaultExceptionHandler
W/InputManager(  484): Input event injection from pid 7916 failed.
W/ViewRootImpl( 7926): Dropping event due to no window focus: MotionEvent { action=ACTION_MOVE, id[0]=0, x[0]=1.0, y[0]=0.0, toolType[0]=TOOL_TYPE_UNKNOWN, buttonState=0, metaState=0, flags=0x0, edgeFlags=0x0, pointerCount=1, historySize=0, eventTime=1677875, downTime=-1, deviceId=0, source=0x10004 }
W/InputManager(  484): Input event injection from pid 7916 failed.
W/InputManager(  484): Input event injection from pid 7916 failed.
W/EGL_emulation( 7926): eglSurfaceAttrib not implemented 3093 12436
D/dalvikvm( 7926): GC_CONCURRENT freed 1852K, 18% free 9406K/11360K, paused 5ms+38ms, total 87ms
W/GCoreFlp( 1323): No location to return for getLastLocation()
W/Ads     ( 1295): Location is not available. Returning null
W/Herrevad( 1295): [451] sjl.a: On wifi, but couldn't get security type
W/DebugConnManager( 1295): getNetworkInfo() on networkType 0
I/qtaguid ( 1295): Tagging socket 129 with tag 3000010500000000(805306629) for uid -1 failed errno=-13
I/NetworkManagementSocketTagger( 1295): tagSocketFd(129, 805306629, -1) failed with errno-13
W/EGL_emulation( 7926): eglSurfaceAttrib not implemented 3093 12436
D/IabHelper( 7926): Billing service connected.
D/IabHelper( 7926): Checking for in-app billing 3 support.
W/Finsky  ( 2442): [111] com.google.android.finsky.billing.iab.ab.b(48): com.dailyroads.v: No account found.
W/ViewRootImpl( 7926): Dropping event due to no window focus: KeyEvent { action=ACTION_DOWN, keyCode=KEYCODE_DPAD_RIGHT, scanCode=0, metaState=0, flags=0x8, repeatCount=0, eventTime=1678179, downTime=1678179, deviceId=-1, source=0x101 }
W/ViewRootImpl( 7926): Dropping event due to no window focus: KeyEvent { action=ACTION_DOWN, keyCode=KEYCODE_DPAD_CENTER, scanCode=0, metaState=0, flags=0x8, repeatCount=0, eventTime=1678188, downTime=1678188, deviceId=-1, source=0x101 }
W/ViewRootImpl( 7926): Dropping event due to no window focus: KeyEvent { action=ACTION_DOWN, keyCode=KEYCODE_MENU, scanCode=0, metaState=0, flags=0x8, repeatCount=0, eventTime=1678198, downTime=1678198, deviceId=-1, source=0x101 }
I/ActivityManager(  484): START u0 {act=android.intent.action.MAIN cat=[android.intent.category.LAUNCHER] flg=0x10200000 cmp=com.dailyroads.v/.Files} from pid 7916
W/ContextImpl(  484): Calling a method in the system process without a qualified user: android.app.ContextImpl.sendBroadcast:1123 com.android.server.InputMethodManagerService.hideCurrentInputLocked:1880 com.android.server.InputMethodManagerService.windowGainedFocus:1968 com.android.internal.view.IInputMethodManager$Stub.onTransact:221 com.android.server.InputMethodManagerService.onTransact:818 
I/AppCompatViewInflater( 7926): app:theme is now deprecated. Please move to using android:theme instead.
W/InputManager(  484): Input event injection from pid 7916 failed.
W/InputManager(  484): Input event injection from pid 7916 failed.
D/IabHelper( 7926): IAB helper created.
D/IabHelper( 7926): Starting in-app billing setup.
D/DynamitePackage( 7926): Instantiating com.google.android.gms.ads.ChimeraAdManagerCreatorImpl
I/Ads     ( 7926): Starting ad request.
I/Ads     ( 7926): Use AdRequest.Builder.addTestDevice("57AA76C100C9FF6BE6E98F3E45FE0045") to get test ads on this device.
W/Ads     ( 7926): Not retrying to fetch app settings
I/Ads     ( 7926): Please set theme of AdActivity to @android:style/Theme.Translucent to enable transparent background interstitial ad.
W/FlurryAgent( 7926): Start session with context: com.dailyroads.activities.FilesList@4a7b066c count:2
I/com.nullwire.trace.ExceptionsHandler( 7926): Registering default exceptions handler: http://www.dailyroads.com/voyager/crashtrace.php
I/com.nullwire.trace.ExceptionsHandler( 7926): Registering default exceptions handler
I/com.nullwire.trace.ExceptionsHandler( 7926): TRACE_VERSION: 0.3.0
D/com.nullwire.trace.ExceptionsHandler( 7926): APP_VERSION: 5.0.1
D/com.nullwire.trace.ExceptionsHandler( 7926): APP_PACKAGE: com.dailyroads.v
D/com.nullwire.trace.ExceptionsHandler( 7926): FILES_PATH: /data/data/com.dailyroads.v/files
D/com.nullwire.trace.ExceptionsHandler( 7926): URL: http://www.dailyroads.com/voyager/crashtrace.php
W/ViewRootImpl( 7926): Dropping event due to no window focus: KeyEvent { action=ACTION_DOWN, keyCode=KEYCODE_MENU, scanCode=0, metaState=0, flags=0x8, repeatCount=0, eventTime=1678424, downTime=1678424, deviceId=-1, source=0x101 }
D/com.nullwire.trace.ExceptionsHandler( 7926): Looking for exceptions in: /data/data/com.dailyroads.v/files
D/com.nullwire.trace.ExceptionsHandler( 7926): current handler class=com.nullwire.trace.DefaultExceptionHandler
I/qtaguid ( 1295): Untagging socket 129 failed errno=-13
W/NetworkManagementSocketTagger( 1295): untagSocket(129) failed with errno -13
W/InputManager(  484): Input event injection from pid 7916 failed.
W/InputManager(  484): Input event injection from pid 7916 failed.
W/InputManager(  484): Input event injection from pid 7916 failed.
W/InputManager(  484): Input event injection from pid 7916 failed.
W/InputManager(  484): Input event injection from pid 7916 failed.
W/InputManager(  484): Input event injection from pid 7916 failed.
W/InputManager(  484): Input event injection from pid 7916 failed.
W/InputManager(  484): Input event injection from pid 7916 failed.
W/InputManager(  484): Input event injection from pid 7916 failed.
W/InputManager(  484): Input event injection from pid 7916 failed.
W/EGL_emulation( 7926): eglSurfaceAttrib not implemented 3093 12436
W/Herrevad( 1295): [505] sjl.a: On wifi, but couldn't get security type
W/GCoreFlp( 1323): No location to return for getLastLocation()
W/Ads     ( 1295): Location is not available. Returning null
W/DebugConnManager( 1295): getNetworkInfo() on networkType 0
W/EGL_emulation( 7926): eglSurfaceAttrib not implemented 3093 12436
I/ActivityManager(  484): START u0 {act=android.intent.action.MAIN cat=[android.intent.category.LAUNCHER] flg=0x10200000 cmp=com.dailyroads.v/.Launch} from pid 7916
D/dalvikvm( 1295): GC_CONCURRENT freed 6224K, 48% free 9884K/18932K, paused 5ms+1ms, total 40ms
D/IabHelper( 7926): Billing service connected.
D/IabHelper( 7926): Checking for in-app billing 3 support.
W/Finsky  ( 2442): [110] com.google.android.finsky.billing.iab.ab.b(48): com.dailyroads.v: No account found.
I/qtaguid ( 1295): Tagging socket 241 with tag 3000010500000000(805306629) for uid -1 failed errno=-13
I/NetworkManagementSocketTagger( 1295): tagSocketFd(241, 805306629, -1) failed with errno-13
W/FlurryAgent( 7926): End session with context: com.dailyroads.activities.FilesList@4a8179fc count:2
W/FlurryAgent( 7926): End session with context: com.dailyroads.activities.FilesList@4a7b066c count:1
W/InputMethodManagerService(  484): Window already focused, ignoring focus gain of: com.android.internal.view.IInputMethodClient$Stub$Proxy@4abc0c68 attribute=android.view.inputmethod.EditorInfo@4abc9558, token = android.os.BinderProxy@4a9bf450
I/Ads     ( 7926): Ad finished loading.
I/qtaguid ( 1295): Untagging socket 241 failed errno=-13
W/NetworkManagementSocketTagger( 1295): untagSocket(241) failed with errno -13
W/EGL_emulation( 7926): eglSurfaceAttrib not implemented 3093 12436
W/ViewRootImpl( 7926): Dropping event due to no window focus: KeyEvent { action=ACTION_DOWN, keyCode=KEYCODE_BUTTON_10, scanCode=0, metaState=0, flags=0x8, repeatCount=0, eventTime=1679230, downTime=1679230, deviceId=-1, source=0x101 }
V/PanelView(  536): animationTick called with dtms=0; nothing to do (h=0.0 v=-0.0)
V/PanelView(  536): animationTick called with dtms=-1; nothing to do (h=0.0 v=-0.0)
I/ActivityManager(  484): START u0 {act=android.intent.action.MAIN cat=[android.intent.category.LAUNCHER] flg=0x10200000 cmp=com.dailyroads.v/.Launch} from pid 7916
W/FlurryAgent( 7926): Event count incremented: filesViewMode
I/ActivityManager(  484): START u0 {cmp=com.dailyroads.v/com.dailyroads.activities.FilesList (has extras)} from pid 7926
I/AppCompatViewInflater( 7926): app:theme is now deprecated. Please move to using android:theme instead.
D/IabHelper( 7926): IAB helper created.
D/IabHelper( 7926): Starting in-app billing setup.
D/DynamitePackage( 7926): Instantiating com.google.android.gms.ads.ChimeraAdManagerCreatorImpl
I/Ads     ( 7926): Starting ad request.
I/Ads     ( 7926): Use AdRequest.Builder.addTestDevice("57AA76C100C9FF6BE6E98F3E45FE0045") to get test ads on this device.
W/Ads     ( 7926): Not retrying to fetch app settings
I/Ads     ( 7926): Please set theme of AdActivity to @android:style/Theme.Translucent to enable transparent background interstitial ad.
W/FlurryAgent( 7926): Start session with context: com.dailyroads.activities.FilesList@4a8dbd34 count:1
I/com.nullwire.trace.ExceptionsHandler( 7926): Registering default exceptions handler: http://www.dailyroads.com/voyager/crashtrace.php
I/com.nullwire.trace.ExceptionsHandler( 7926): Registering default exceptions handler
I/com.nullwire.trace.ExceptionsHandler( 7926): TRACE_VERSION: 0.3.0
D/com.nullwire.trace.ExceptionsHandler( 7926): APP_VERSION: 5.0.1
D/com.nullwire.trace.ExceptionsHandler( 7926): APP_PACKAGE: com.dailyroads.v
D/com.nullwire.trace.ExceptionsHandler( 7926): FILES_PATH: /data/data/com.dailyroads.v/files
D/com.nullwire.trace.ExceptionsHandler( 7926): URL: http://www.dailyroads.com/voyager/crashtrace.php
D/com.nullwire.trace.ExceptionsHandler( 7926): Looking for exceptions in: /data/data/com.dailyroads.v/files
D/com.nullwire.trace.ExceptionsHandler( 7926): current handler class=com.nullwire.trace.DefaultExceptionHandler
W/GCoreFlp( 1323): No location to return for getLastLocation()
W/Herrevad( 1295): [505] sjl.a: On wifi, but couldn't get security type
W/ViewRootImpl( 7926): Dropping event due to no window focus: KeyEvent { action=ACTION_DOWN, keyCode=KEYCODE_DPAD_CENTER, scanCode=0, metaState=0, flags=0x8, repeatCount=0, eventTime=1679490, downTime=1679490, deviceId=-1, source=0x101 }
W/Ads     ( 1295): Location is not available. Returning null
W/DebugConnManager( 1295): getNetworkInfo() on networkType 0
W/EGL_emulation( 7926): eglSurfaceAttrib not implemented 3093 12436
W/EGL_emulation( 7926): eglSurfaceAttrib not implemented 3093 12436
W/ViewRootImpl( 7926): Dropping event due to no window focus: KeyEvent { action=ACTION_DOWN, keyCode=KEYCODE_DPAD_CENTER, scanCode=0, metaState=0, flags=0x8, repeatCount=0, eventTime=1679675, downTime=1679675, deviceId=-1, source=0x101 }
D/IabHelper( 7926): Billing service connected.
V/PanelView(  536): animationTick called with dtms=0; nothing to do (h=0.0 v=-0.0)
D/IabHelper( 7926): Checking for in-app billing 3 support.
W/Finsky  ( 2442): [173] com.google.android.finsky.billing.iab.ab.b(48): com.dailyroads.v: No account found.
I/qtaguid ( 1295): Tagging socket 129 with tag 3000010500000000(805306629) for uid -1 failed errno=-13
I/NetworkManagementSocketTagger( 1295): tagSocketFd(129, 805306629, -1) failed with errno-13
W/ViewRootImpl( 7926): Dropping event due to no window focus: KeyEvent { action=ACTION_DOWN, keyCode=KEYCODE_DPAD_RIGHT, scanCode=0, metaState=0, flags=0x8, repeatCount=0, eventTime=1679775, downTime=1679775, deviceId=-1, source=0x101 }
W/ContextImpl(  484): Calling a method in the system process without a qualified user: android.app.ContextImpl.sendBroadcast:1123 com.android.server.InputMethodManagerService.hideCurrentInputLocked:1880 com.android.server.InputMethodManagerService.windowGainedFocus:1968 com.android.internal.view.IInputMethodManager$Stub.onTransact:221 com.android.server.InputMethodManagerService.onTransact:818 
D/dalvikvm( 7926): GC_CONCURRENT freed 1610K, 15% free 9907K/11600K, paused 3ms+4ms, total 24ms
W/EGL_emulation( 7926): eglSurfaceAttrib not implemented 3093 12436
W/ViewRootImpl( 7926): Dropping event due to no window focus: KeyEvent { action=ACTION_DOWN, keyCode=KEYCODE_DPAD_RIGHT, scanCode=0, metaState=0, flags=0x8, repeatCount=0, eventTime=1679937, downTime=1679937, deviceId=-1, source=0x101 }
V/PanelView(  536): animationTick called with dtms=0; nothing to do (h=0.0 v=-0.0)
W/InputMethodManagerService(  484): Window already focused, ignoring focus gain of: com.android.internal.view.IInputMethodClient$Stub$Proxy@4ac37e58 attribute=android.view.inputmethod.EditorInfo@4ab86100, token = android.os.BinderProxy@4ab6f06c
I/ActivityManager(  484): Displayed com.dailyroads.v/com.dailyroads.activities.FilesList: +665ms (total +2s296ms)
I/qtaguid ( 1295): Untagging socket 129 failed errno=-13
W/NetworkManagementSocketTagger( 1295): untagSocket(129) failed with errno -13
W/EGL_emulation( 7926): eglSurfaceAttrib not implemented 3093 12436
I/ActivityManager(  484): START u0 {act=android.intent.action.MAIN cat=[android.intent.category.LAUNCHER] flg=0x10000000 cmp=com.android.browser/.BrowserActivity sel={act=android.intent.action.MAIN cat=[android.intent.category.APP_BROWSER]}} from pid 484
W/FlurryAgent( 7926): Event count incremented: filesViewMode
W/FlurryAgent( 7926): Event count incremented: filesViewMode
I/ActivityManager(  484): START u0 {cmp=com.dailyroads.v/com.dailyroads.activities.FilesList (has extras)} from pid 7926
I/ActivityManager(  484): START u0 {cmp=com.dailyroads.v/com.dailyroads.activities.FilesList (has extras)} from pid 7926
W/ActivityManager(  484): startActivity called from finishing ActivityRecord{4ab756fc u0 com.dailyroads.v/com.dailyroads.activities.FilesList t72 f}; forcing Intent.FLAG_ACTIVITY_NEW_TASK for: Intent { cmp=com.dailyroads.v/com.dailyroads.activities.FilesList (has extras) }
W/InputEventReceiver( 7926): Attempted to finish an input event but the input event receiver has already been disposed.
W/ActivityManager(  484): Duplicate finish request for ActivityRecord{4ab756fc u0 com.dailyroads.v/com.dailyroads.activities.FilesList t72 f}
I/AppCompatViewInflater( 7926): app:theme is now deprecated. Please move to using android:theme instead.
D/IabHelper( 7926): IAB helper created.
D/IabHelper( 7926): Starting in-app billing setup.
D/DynamitePackage( 7926): Instantiating com.google.android.gms.ads.ChimeraAdManagerCreatorImpl
I/Ads     ( 7926): Starting ad request.
I/Ads     ( 7926): Use AdRequest.Builder.addTestDevice("57AA76C100C9FF6BE6E98F3E45FE0045") to get test ads on this device.
I/Ads     ( 7926): Please set theme of AdActivity to @android:style/Theme.Translucent to enable transparent background interstitial ad.
D/DynamitePackage( 7926): Instantiating com.google.android.gms.ads.ChimeraAdManagerCreatorImpl
I/Ads     ( 7926): Starting ad request.
I/Ads     ( 7926): Use AdRequest.Builder.addTestDevice("57AA76C100C9FF6BE6E98F3E45FE0045") to get test ads on this device.
W/Ads     ( 7926): Not retrying to fetch app settings
I/Ads     ( 7926): Please set theme of AdActivity to @android:style/Theme.Translucent to enable transparent background interstitial ad.
W/FlurryAgent( 7926): Start session with context: com.dailyroads.activities.FilesList@4a7b7bd8 count:2
I/com.nullwire.trace.ExceptionsHandler( 7926): Registering default exceptions handler: http://www.dailyroads.com/voyager/crashtrace.php
I/com.nullwire.trace.ExceptionsHandler( 7926): Registering default exceptions handler
I/com.nullwire.trace.ExceptionsHandler( 7926): TRACE_VERSION: 0.3.0
D/com.nullwire.trace.ExceptionsHandler( 7926): APP_VERSION: 5.0.1
D/com.nullwire.trace.ExceptionsHandler( 7926): APP_PACKAGE: com.dailyroads.v
D/com.nullwire.trace.ExceptionsHandler( 7926): FILES_PATH: /data/data/com.dailyroads.v/files
D/com.nullwire.trace.ExceptionsHandler( 7926): URL: http://www.dailyroads.com/voyager/crashtrace.php
D/com.nullwire.trace.ExceptionsHandler( 7926): Looking for exceptions in: /data/data/com.dailyroads.v/files
D/com.nullwire.trace.ExceptionsHandler( 7926): current handler class=com.nullwire.trace.DefaultExceptionHandler
W/GCoreFlp( 1323): No location to return for getLastLocation()
W/Ads     ( 1295): Location is not available. Returning null
W/ViewRootImpl( 7926): Dropping event due to no window focus: KeyEvent { action=ACTION_DOWN, keyCode=KEYCODE_MENU, scanCode=0, metaState=0, flags=0x8, repeatCount=0, eventTime=1680787, downTime=1680787, deviceId=-1, source=0x101 }
W/Herrevad( 1295): [451] sjl.a: On wifi, but couldn't get security type
W/DebugConnManager( 1295): getNetworkInfo() on networkType 0
W/GCoreFlp( 1323): No location to return for getLastLocation()
W/Ads     ( 1295): Location is not available. Returning null
D/dalvikvm( 1295): GC_CONCURRENT freed 2333K, 48% free 9941K/18932K, paused 1ms+1ms, total 14ms
D/dalvikvm( 1295): WAIT_FOR_CONCURRENT_GC blocked 11ms
D/dalvikvm( 1295): WAIT_FOR_CONCURRENT_GC blocked 12ms
W/EGL_emulation( 7926): eglSurfaceAttrib not implemented 3093 12436
W/EGL_emulation( 7926): eglSurfaceAttrib not implemented 3093 12436
I/qtaguid ( 1295): Tagging socket 241 with tag 3000010500000000(805306629) for uid -1 failed errno=-13
I/NetworkManagementSocketTagger( 1295): tagSocketFd(241, 805306629, -1) failed with errno-13
D/IabHelper( 7926): Billing service connected.
D/IabHelper( 7926): Checking for in-app billing 3 support.
W/Finsky  ( 2442): [111] com.google.android.finsky.billing.iab.ab.b(48): com.dailyroads.v: No account found.
V/PanelView(  536): animationTick called with dtms=0; nothing to do (h=0.0 v=-0.0)
V/PanelView(  536): animationTick called with dtms=-3; nothing to do (h=0.0 v=-0.0)
I/ActivityManager(  484): START u0 {act=android.intent.action.MAIN cat=[android.intent.category.LAUNCHER] flg=0x10200000 cmp=com.dailyroads.v/.Files} from pid 7916
W/ContextImpl(  484): Calling a method in the system process without a qualified user: android.app.ContextImpl.sendBroadcast:1123 com.android.server.InputMethodManagerService.hideCurrentInputLocked:1880 com.android.server.InputMethodManagerService.windowGainedFocus:1968 com.android.internal.view.IInputMethodManager$Stub.onTransact:221 com.android.server.InputMethodManagerService.onTransact:818 
I/qtaguid ( 1295): Tagging socket 129 with tag 3000010500000000(805306629) for uid -1 failed errno=-13
I/NetworkManagementSocketTagger( 1295): tagSocketFd(129, 805306629, -1) failed with errno-13
W/FlurryAgent( 7926): Start session with context: com.dailyroads.activities.FilesList@4a7b066c count:3
I/com.nullwire.trace.ExceptionsHandler( 7926): Registering default exceptions handler: http://www.dailyroads.com/voyager/crashtrace.php
I/com.nullwire.trace.ExceptionsHandler( 7926): Registering default exceptions handler
I/com.nullwire.trace.ExceptionsHandler( 7926): TRACE_VERSION: 0.3.0
D/com.nullwire.trace.ExceptionsHandler( 7926): APP_VERSION: 5.0.1
D/com.nullwire.trace.ExceptionsHandler( 7926): APP_PACKAGE: com.dailyroads.v
D/com.nullwire.trace.ExceptionsHandler( 7926): FILES_PATH: /data/data/com.dailyroads.v/files
D/com.nullwire.trace.ExceptionsHandler( 7926): URL: http://www.dailyroads.com/voyager/crashtrace.php
D/com.nullwire.trace.ExceptionsHandler( 7926): Looking for exceptions in: /data/data/com.dailyroads.v/files
D/com.nullwire.trace.ExceptionsHandler( 7926): current handler class=com.nullwire.trace.DefaultExceptionHandler
W/EGL_emulation( 7926): eglSurfaceAttrib not implemented 3093 12436
W/ViewRootImpl( 7926): Dropping event due to no window focus: MotionEvent { action=ACTION_MOVE, id[0]=0, x[0]=-5.0, y[0]=-1.0, toolType[0]=TOOL_TYPE_UNKNOWN, buttonState=0, metaState=0, flags=0x0, edgeFlags=0x0, pointerCount=1, historySize=2, eventTime=1681460, downTime=-1, deviceId=0, source=0x10004 }
I/qtaguid ( 1295): Untagging socket 241 failed errno=-13
W/NetworkManagementSocketTagger( 1295): untagSocket(241) failed with errno -13
W/ContextImpl(  484): Calling a method in the system process without a qualified user: android.app.ContextImpl.sendBroadcast:1123 com.android.server.InputMethodManagerService.hideCurrentInputLocked:1880 com.android.server.InputMethodManagerService.windowGainedFocus:1968 com.android.internal.view.IInputMethodManager$Stub.onTransact:221 com.android.server.InputMethodManagerService.onTransact:818 
I/Ads     ( 7926): Ad finished loading.
I/qtaguid ( 1295): Untagging socket 129 failed errno=-13
W/NetworkManagementSocketTagger( 1295): untagSocket(129) failed with errno -13
W/dalvikvm( 7926): method Landroid/support/v7/widget/ListViewCompat;.lookForSelectablePosition incorrectly overrides package-private method with same name in Landroid/widget/ListView;
I/dalvikvm( 7926): Could not find method android.view.View.drawableHotspotChanged, referenced from method android.support.v7.widget.ListPopupWindow$DropDownListView.setPressedItem
W/dalvikvm( 7926): VFY: unable to resolve virtual method 15322: Landroid/view/View;.drawableHotspotChanged (FF)V
D/dalvikvm( 7926): VFY: replacing opcode 0x6e at 0x004e
D/dalvikvm( 7926): GC_CONCURRENT freed 1676K, 15% free 10479K/12240K, paused 2ms+3ms, total 11ms
W/ViewRootImpl( 7926): Dropping event due to no window focus: KeyEvent { action=ACTION_DOWN, keyCode=KEYCODE_DPAD_UP, scanCode=0, metaState=0, flags=0x8, repeatCount=0, eventTime=1681917, downTime=1681917, deviceId=-1, source=0x101 }
W/ViewRootImpl( 7926): Dropping event due to no window focus: KeyEvent { action=ACTION_DOWN, keyCode=KEYCODE_GRAVE, scanCode=0, metaState=0, flags=0x8, repeatCount=0, eventTime=1682222, downTime=1682222, deviceId=-1, source=0x101 }
W/EGL_emulation( 7926): eglSurfaceAttrib not implemented 3093 12436
W/ViewRootImpl( 7926): Dropping event due to no window focus: KeyEvent { action=ACTION_DOWN, keyCode=KEYCODE_DPAD_LEFT, scanCode=0, metaState=0, flags=0x8, repeatCount=0, eventTime=1682226, downTime=1682226, deviceId=-1, source=0x101 }
W/InputManager(  484): Input event injection from pid 7916 failed.
W/InputEventReceiver( 7926): Attempted to finish an input event but the input event receiver has already been disposed.
W/InputEventReceiver( 7926): Attempted to finish an input event but the input event receiver has already been disposed.
W/InputEventReceiver( 7926): Attempted to finish an input event but the input event receiver has already been disposed.
W/InputEventReceiver( 7926): Attempted to finish an input event but the input event receiver has already been disposed.
W/InputEventReceiver( 7926): Attempted to finish an input event but the input event receiver has already been disposed.
W/InputEventReceiver( 7926): Attempted to finish an input event but the input event receiver has already been disposed.
W/InputEventReceiver( 7926): Attempted to finish an input event but the input event receiver has already been disposed.
W/InputManager(  484): Input event injection from pid 7916 failed.
W/ViewRootImpl( 7926): Dropping event due to root view being removed: MotionEvent { action=ACTION_POINTER_DOWN(1), id[0]=0, x[0]=-43.96521, y[0]=13.712204, toolType[0]=TOOL_TYPE_UNKNOWN, id[1]=1, x[1]=229.0, y[1]=472.0, toolType[1]=TOOL_TYPE_UNKNOWN, buttonState=0, metaState=0, flags=0x0, edgeFlags=0x0, pointerCount=2, historySize=0, eventTime=1682354, downTime=1682353, deviceId=0, source=0x1002 }
W/ViewRootImpl( 7926): Dropping event due to root view being removed: MotionEvent { action=ACTION_MOVE, id[0]=0, x[0]=-39.342865, y[0]=-12.959932, toolType[0]=TOOL_TYPE_UNKNOWN, id[1]=1, x[1]=210.67078, y[1]=473.19775, toolType[1]=TOOL_TYPE_UNKNOWN, buttonState=0, metaState=0, flags=0x0, edgeFlags=0x0, pointerCount=2, historySize=2, eventTime=1682358, downTime=1682353, deviceId=0, source=0x1002 }
W/ViewRootImpl( 7926): Dropping event due to root view being removed: MotionEvent { action=ACTION_POINTER_UP(1), id[0]=0, x[0]=-38.005127, y[0]=-14.392357, toolType[0]=TOOL_TYPE_UNKNOWN, id[1]=1, x[1]=199.75641, y[1]=473.497, toolType[1]=TOOL_TYPE_UNKNOWN, buttonState=0, metaState=0, flags=0x0, edgeFlags=0x0, pointerCount=2, historySize=0, eventTime=1682358, downTime=1682353, deviceId=0, source=0x1002 }
W/ViewRootImpl( 7926): Dropping event due to root view being removed: MotionEvent { action=ACTION_UP, id[0]=0, x[0]=-37.646545, y[0]=-16.471317, toolType[0]=TOOL_TYPE_UNKNOWN, buttonState=0, metaState=0, flags=0x0, edgeFlags=0x0, pointerCount=1, historySize=0, eventTime=1682361, downTime=1682353, deviceId=0, source=0x1002 }
W/ViewRootImpl( 7926): Dropping event due to root view being removed: MotionEvent { action=ACTION_DOWN, id[0]=0, x[0]=249.0, y[0]=823.0, toolType[0]=TOOL_TYPE_UNKNOWN, buttonState=0, metaState=0, flags=0x0, edgeFlags=0x0, pointerCount=1, historySize=0, eventTime=1682363, downTime=1682362, deviceId=0, source=0x1002 }
W/ViewRootImpl( 7926): Dropping event due to root view being removed: MotionEvent { action=ACTION_MOVE, id[0]=0, x[0]=2.0, y[0]=4.0, toolType[0]=TOOL_TYPE_UNKNOWN, buttonState=0, metaState=0, flags=0x0, edgeFlags=0x0, pointerCount=1, historySize=9, eventTime=1682351, downTime=-1, deviceId=0, source=0x10004 }
W/InputManager(  484): Input event injection from pid 7916 failed.
W/InputMethodManagerService(  484): Window already focused, ignoring focus gain of: com.android.internal.view.IInputMethodClient$Stub$Proxy@4a9c3964 attribute=android.view.inputmethod.EditorInfo@4a9c396c, token = android.os.BinderProxy@4a9e5f94
W/InputManager(  484): Input event injection from pid 7916 failed.
W/InputManager(  484): Input event injection from pid 7916 failed.
W/InputManager(  484): Input event injection from pid 7916 failed.
W/InputManager(  484): Input event injection from pid 7916 failed.
W/ViewRootImpl( 7926): Dropping event due to no window focus: MotionEvent { action=ACTION_MOVE, id[0]=0, x[0]=-3.0, y[0]=2.0, toolType[0]=TOOL_TYPE_UNKNOWN, buttonState=0, metaState=0, flags=0x0, edgeFlags=0x0, pointerCount=1, historySize=1, eventTime=1682409, downTime=-1, deviceId=0, source=0x10004 }
W/EGL_emulation( 7926): eglSurfaceAttrib not implemented 3093 12436
W/ViewRootImpl( 7926): Dropping event due to no window focus: KeyEvent { action=ACTION_DOWN, keyCode=KEYCODE_NUMPAD_9, scanCode=0, metaState=0, flags=0x8, repeatCount=0, eventTime=1682432, downTime=1682432, deviceId=-1, source=0x101 }
W/ViewRootImpl( 7926): Dropping event due to no window focus: KeyEvent { action=ACTION_DOWN, keyCode=KEYCODE_PAGE_UP, scanCode=0, metaState=0, flags=0x8, repeatCount=0, eventTime=1682432, downTime=1682432, deviceId=-1, source=0x101 }
W/ViewRootImpl( 7926): Dropping event due to no window focus: KeyEvent { action=ACTION_DOWN, keyCode=KEYCODE_MENU, scanCode=0, metaState=0, flags=0x8, repeatCount=0, eventTime=1682600, downTime=1682600, deviceId=-1, source=0x101 }
