W/ActivityManager(  479): startActivity called from non-Activity context; forcing Intent.FLAG_ACTIVITY_NEW_TASK for: Intent { cmp=com.GliApps.stolencarchecker/.LoginActivity }
D/AlreayLogged( 3377): isLogged = false
W/AllCapsTransformationMethod( 3377): Caller did not enable length changes; not transforming text
W/AllCapsTransformationMethod( 3377): Caller did not enable length changes; not transforming text
D/AlreayLogged( 3377): isLogged = false
W/EGL_emulation( 3377): eglSurfaceAttrib not implemented 3093 12436
W/ViewRootImpl( 3377): Dropping event due to no window focus: KeyEvent { action=ACTION_DOWN, keyCode=KEYCODE_MENU, scanCode=0, metaState=0, flags=0x8, repeatCount=0, eventTime=1480150, downTime=1480150, deviceId=-1, source=0x101 }
W/ContextImpl(  479): Calling a method in the system process without a qualified user: android.app.ContextImpl.sendBroadcast:1123 com.android.server.InputMethodManagerService.hideCurrentInputLocked:1880 com.android.server.InputMethodManagerService.windowGainedFocus:1995 com.android.internal.view.IInputMethodManager$Stub.onTransact:221 com.android.server.InputMethodManagerService.onTransact:818 
I/ActivityManager(  479): Displayed com.GliApps.stolencarchecker/.LoginActivity: +150ms
I/ActivityManager(  479): START u0 {act=android.intent.action.MAIN cat=[android.intent.category.LAUNCHER] flg=0x10200000 cmp=com.GliApps.stolencarchecker/.SplashScreen} from pid 3715
W/EGL_emulation( 3377): eglSurfaceAttrib not implemented 3093 12436
W/ViewRootImpl( 3377): Dropping event due to no window focus: KeyEvent { action=ACTION_DOWN, keyCode=KEYCODE_DPAD_RIGHT, scanCode=0, metaState=0, flags=0x8, repeatCount=0, eventTime=1480402, downTime=1480402, deviceId=-1, source=0x101 }
W/ViewRootImpl( 3377): Dropping event due to no window focus: KeyEvent { action=ACTION_DOWN, keyCode=KEYCODE_VOLUME_UP, scanCode=0, metaState=0, flags=0x8, repeatCount=0, eventTime=1480496, downTime=1480496, deviceId=-1, source=0x101 }
W/ContextImpl(  479): Calling a method in the system process without a qualified user: android.app.ContextImpl.sendBroadcast:1123 com.android.server.InputMethodManagerService.hideCurrentInputLocked:1880 com.android.server.InputMethodManagerService.windowGainedFocus:1968 com.android.internal.view.IInputMethodManager$Stub.onTransact:221 com.android.server.InputMethodManagerService.onTransact:818 
I/ActivityManager(  479): Displayed com.GliApps.stolencarchecker/.SplashScreen: +89ms
I/ActivityManager(  479): START u0 {cmp=com.GliApps.stolencarchecker/.LoginActivity} from pid 3377
D/AlreayLogged( 3377): isLogged = false
W/AllCapsTransformationMethod( 3377): Caller did not enable length changes; not transforming text
W/AllCapsTransformationMethod( 3377): Caller did not enable length changes; not transforming text
D/AlreayLogged( 3377): isLogged = false
W/EGL_emulation( 3377): eglSurfaceAttrib not implemented 3093 12436
W/ViewRootImpl( 3377): Dropping event due to no window focus: KeyEvent { action=ACTION_DOWN, keyCode=KEYCODE_MENU, scanCode=0, metaState=0, flags=0x8, repeatCount=0, eventTime=1480772, downTime=1480772, deviceId=-1, source=0x101 }
W/ContextImpl(  479): Calling a method in the system process without a qualified user: android.app.ContextImpl.sendBroadcast:1123 com.android.server.InputMethodManagerService.hideCurrentInputLocked:1880 com.android.server.InputMethodManagerService.windowGainedFocus:1995 com.android.internal.view.IInputMethodManager$Stub.onTransact:221 com.android.server.InputMethodManagerService.onTransact:818 
I/ActivityManager(  479): Displayed com.GliApps.stolencarchecker/.LoginActivity: +84ms
V/PanelView(  533): animationTick called with dtms=0; nothing to do (h=0.0 v=-0.0)
V/InputMethodService(  612): onEvaluateInputViewShown: config.hardKeyboardHidden = 1
W/ContextImpl(  479): Calling a method in the system process without a qualified user: android.app.ContextImpl.sendBroadcast:1123 com.android.server.InputMethodManagerService.showCurrentInputLocked:1791 com.android.server.InputMethodManagerService.showSoftInput:1753 com.android.internal.view.IInputMethodManager$Stub.onTransact:175 com.android.server.InputMethodManagerService.onTransact:818 
V/InputMethodService(  612): onEvaluateInputViewShown: config.hardKeyboardHidden = 1
W/ContextImpl(  479): Calling a method in the system process without a qualified user: android.app.ContextImpl.sendBroadcast:1123 com.android.server.InputMethodManagerService.showCurrentInputLocked:1791 com.android.server.InputMethodManagerService.attachNewInputLocked:1095 com.android.server.InputMethodManagerService.startInputUncheckedLocked:1166 com.android.server.InputMethodManagerService.startInputLocked:1128 
W/EGL_emulation( 3377): eglSurfaceAttrib not implemented 3093 12436
V/PanelView(  533): animationTick called with dtms=0; nothing to do (h=0.0 v=0.0)
W/InputMethodManagerService(  479): Window already focused, ignoring focus gain of: com.android.internal.view.IInputMethodClient$Stub$Proxy@4a968784 attribute=null, token = android.os.BinderProxy@4aa8f610
I/ActivityManager(  479): START u0 {act=android.intent.action.MAIN cat=[android.intent.category.LAUNCHER] flg=0x10200000 cmp=com.GliApps.stolencarchecker/.SplashScreen} from pid 3715
W/EGL_emulation( 3377): eglSurfaceAttrib not implemented 3093 12436
W/ContextImpl(  479): Calling a method in the system process without a qualified user: android.app.ContextImpl.sendBroadcast:1123 com.android.server.InputMethodManagerService.hideCurrentInputLocked:1880 com.android.server.InputMethodManagerService.windowGainedFocus:1968 com.android.internal.view.IInputMethodManager$Stub.onTransact:221 com.android.server.InputMethodManagerService.onTransact:818 
I/ActivityManager(  479): Displayed com.GliApps.stolencarchecker/.SplashScreen: +80ms
W/ViewRootImpl( 3377): Dropping event due to no window focus: KeyEvent { action=ACTION_DOWN, keyCode=KEYCODE_DPAD_LEFT, scanCode=0, metaState=0, flags=0x8, repeatCount=0, eventTime=1481306, downTime=1481306, deviceId=-1, source=0x101 }
W/ViewRootImpl( 3377): Dropping event due to no window focus: MotionEvent { action=ACTION_MOVE, id[0]=0, x[0]=4.0, y[0]=-1.0, toolType[0]=TOOL_TYPE_UNKNOWN, buttonState=0, metaState=0, flags=0x0, edgeFlags=0x0, pointerCount=1, historySize=9, eventTime=1481311, downTime=-1, deviceId=0, source=0x10004 }
W/ViewRootImpl( 3377): Dropping event due to no window focus: KeyEvent { action=ACTION_DOWN, keyCode=KEYCODE_MENU, scanCode=0, metaState=0, flags=0x8, repeatCount=0, eventTime=1481311, downTime=1481311, deviceId=-1, source=0x101 }
W/EGL_emulation( 3377): eglSurfaceAttrib not implemented 3093 12436
W/InputMethodManagerService(  479): Window already focused, ignoring focus gain of: com.android.internal.view.IInputMethodClient$Stub$Proxy@4aa5a858 attribute=null, token = android.os.BinderProxy@4abe4aa4
W/ViewRootImpl( 3377): Dropping event due to no window focus: KeyEvent { action=ACTION_DOWN, keyCode=KEYCODE_DPAD_RIGHT, scanCode=0, metaState=0, flags=0x8, repeatCount=0, eventTime=1481349, downTime=1481349, deviceId=-1, source=0x101 }
W/EGL_emulation( 3377): eglSurfaceAttrib not implemented 3093 12436
I/ActivityManager(  479): START u0 {cmp=com.GliApps.stolencarchecker/.LoginActivity} from pid 3377
D/AlreayLogged( 3377): isLogged = false
W/AllCapsTransformationMethod( 3377): Caller did not enable length changes; not transforming text
W/AllCapsTransformationMethod( 3377): Caller did not enable length changes; not transforming text
D/AlreayLogged( 3377): isLogged = false
W/EGL_emulation( 3377): eglSurfaceAttrib not implemented 3093 12436
W/ContextImpl(  479): Calling a method in the system process without a qualified user: android.app.ContextImpl.sendBroadcast:1123 com.android.server.InputMethodManagerService.hideCurrentInputLocked:1880 com.android.server.InputMethodManagerService.windowGainedFocus:1995 com.android.internal.view.IInputMethodManager$Stub.onTransact:221 com.android.server.InputMethodManagerService.onTransact:818 
I/ActivityManager(  479): Displayed com.GliApps.stolencarchecker/.LoginActivity: +68ms
V/InputMethodService(  612): onEvaluateInputViewShown: config.hardKeyboardHidden = 1
W/ContextImpl(  479): Calling a method in the system process without a qualified user: android.app.ContextImpl.sendBroadcast:1123 com.android.server.InputMethodManagerService.showCurrentInputLocked:1791 com.android.server.InputMethodManagerService.showSoftInput:1753 com.android.internal.view.IInputMethodManager$Stub.onTransact:175 com.android.server.InputMethodManagerService.onTransact:818 
V/InputMethodService(  612): onEvaluateInputViewShown: config.hardKeyboardHidden = 1
W/ContextImpl(  479): Calling a method in the system process without a qualified user: android.app.ContextImpl.sendBroadcast:1123 com.android.server.InputMethodManagerService.showCurrentInputLocked:1791 com.android.server.InputMethodManagerService.attachNewInputLocked:1095 com.android.server.InputMethodManagerService.startInputUncheckedLocked:1166 com.android.server.InputMethodManagerService.startInputLocked:1128 
I/ActivityManager(  479): START u0 {act=SSO_WITH_FALLBACK cmp=com.GliApps.stolencarchecker/com.facebook.FacebookActivity (has extras)} from pid 3377
I/ActivityManager(  479): START u0 {cmp=com.GliApps.stolencarchecker/.LoginActivity} from pid 3377
W/InputMethodManagerService(  479): Starting input on non-focused client com.android.internal.view.IInputMethodClient$Stub$Proxy@4a96b204 (uid=10039 pid=3377)
D/AlreayLogged( 3377): isLogged = false
W/AllCapsTransformationMethod( 3377): Caller did not enable length changes; not transforming text
W/AllCapsTransformationMethod( 3377): Caller did not enable length changes; not transforming text
D/AlreayLogged( 3377): isLogged = false
W/EGL_emulation( 3377): eglSurfaceAttrib not implemented 3093 12436
W/ViewRootImpl( 3377): Dropping event due to no window focus: KeyEvent { action=ACTION_DOWN, keyCode=KEYCODE_MENU, scanCode=0, metaState=0, flags=0x8, repeatCount=0, eventTime=1481646, downTime=1481646, deviceId=-1, source=0x101 }
W/ContextImpl(  479): Calling a method in the system process without a qualified user: android.app.ContextImpl.sendBroadcast:1123 com.android.server.InputMethodManagerService.hideCurrentInputLocked:1880 com.android.server.InputMethodManagerService.windowGainedFocus:1995 com.android.internal.view.IInputMethodManager$Stub.onTransact:221 com.android.server.InputMethodManagerService.onTransact:818 
I/ActivityManager(  479): START u0 {act=android.intent.action.MAIN cat=[android.intent.category.LAUNCHER] flg=0x10200000 cmp=com.GliApps.stolencarchecker/.SplashScreen} from pid 3715
W/InputManager(  479): Input event injection from pid 3715 failed.
W/InputManager(  479): Input event injection from pid 3715 failed.
W/ViewRootImpl( 3377): Dropping event due to no window focus: MotionEvent { action=ACTION_MOVE, id[0]=0, x[0]=0.0, y[0]=3.0, toolType[0]=TOOL_TYPE_UNKNOWN, buttonState=0, metaState=0, flags=0x0, edgeFlags=0x0, pointerCount=1, historySize=19, eventTime=1481940, downTime=-1, deviceId=0, source=0x10004 }
W/InputManager(  479): Input event injection from pid 3715 failed.
W/InputManager(  479): Input event injection from pid 3715 failed.
W/InputManager(  479): Input event injection from pid 3715 failed.
W/InputManager(  479): Input event injection from pid 3715 failed.
W/InputManager(  479): Input event injection from pid 3715 failed.
W/InputManager(  479): Input event injection from pid 3715 failed.
W/InputManager(  479): Input event injection from pid 3715 failed.
W/InputManager(  479): Input event injection from pid 3715 failed.
W/InputManager(  479): Input event injection from pid 3715 failed.
W/InputManager(  479): Input event injection from pid 3715 failed.
W/InputManager(  479): Input event injection from pid 3715 failed.
W/InputManager(  479): Input event injection from pid 3715 failed.
W/InputManager(  479): Input event injection from pid 3715 failed.
W/InputManager(  479): Input event injection from pid 3715 failed.
W/InputManager(  479): Input event injection from pid 3715 failed.
W/EGL_emulation( 3377): eglSurfaceAttrib not implemented 3093 12436
W/ViewRootImpl( 3377): Dropping event due to no window focus: KeyEvent { action=ACTION_DOWN, keyCode=KEYCODE_NUMPAD_DIVIDE, scanCode=0, metaState=0, flags=0x8, repeatCount=0, eventTime=1481963, downTime=1481963, deviceId=-1, source=0x101 }
W/ContextImpl(  479): Calling a method in the system process without a qualified user: android.app.ContextImpl.sendBroadcast:1123 com.android.server.InputMethodManagerService.hideCurrentInputLocked:1880 com.android.server.InputMethodManagerService.windowGainedFocus:1968 com.android.internal.view.IInputMethodManager$Stub.onTransact:221 com.android.server.InputMethodManagerService.onTransact:818 
I/ActivityManager(  479): Displayed com.GliApps.stolencarchecker/.SplashScreen: +68ms (total +158ms)
I/ActivityManager(  479): START u0 {act=android.intent.action.MAIN cat=[android.intent.category.LAUNCHER] flg=0x10200000 cmp=com.GliApps.stolencarchecker/.SplashScreen} from pid 3715
W/ViewRootImpl( 3377): Dropping event due to no window focus: KeyEvent { action=ACTION_DOWN, keyCode=KEYCODE_DPAD_DOWN, scanCode=0, metaState=0, flags=0x400, repeatCount=0, eventTime=1482059, downTime=1482059, deviceId=-1, source=0x101 }
W/ViewRootImpl( 3377): Dropping event due to no window focus: KeyEvent { action=ACTION_DOWN, keyCode=KEYCODE_DPAD_DOWN, scanCode=0, metaState=0, flags=0x400, repeatCount=0, eventTime=1482059, downTime=1482059, deviceId=-1, source=0x101 }
W/EGL_emulation( 3377): eglSurfaceAttrib not implemented 3093 12436
W/ViewRootImpl( 3377): Dropping event due to no window focus: KeyEvent { action=ACTION_DOWN, keyCode=KEYCODE_DPAD_DOWN, scanCode=0, metaState=0, flags=0x8, repeatCount=0, eventTime=1482054, downTime=1482054, deviceId=-1, source=0x101 }
W/ViewRootImpl( 3377): Dropping event due to no window focus: KeyEvent { action=ACTION_DOWN, keyCode=KEYCODE_NUMPAD_1, scanCode=0, metaState=0, flags=0x8, repeatCount=0, eventTime=1482112, downTime=1482112, deviceId=-1, source=0x101 }
I/ActivityManager(  479): START u0 {cmp=com.GliApps.stolencarchecker/.LoginActivity} from pid 3377
W/ViewRootImpl( 3377): Dropping event due to no window focus: KeyEvent { action=ACTION_DOWN, keyCode=KEYCODE_MOVE_END, scanCode=0, metaState=0, flags=0x8, repeatCount=0, eventTime=1482112, downTime=1482112, deviceId=-1, source=0x101 }
W/ContextImpl(  479): Calling a method in the system process without a qualified user: android.app.ContextImpl.sendBroadcast:1123 com.android.server.InputMethodManagerService.hideCurrentInputLocked:1880 com.android.server.InputMethodManagerService.windowGainedFocus:1968 com.android.internal.view.IInputMethodManager$Stub.onTransact:221 com.android.server.InputMethodManagerService.onTransact:818 
D/AlreayLogged( 3377): isLogged = false
W/AllCapsTransformationMethod( 3377): Caller did not enable length changes; not transforming text
W/AllCapsTransformationMethod( 3377): Caller did not enable length changes; not transforming text
D/AlreayLogged( 3377): isLogged = false
W/EGL_emulation( 3377): eglSurfaceAttrib not implemented 3093 12436
W/ViewRootImpl( 3377): Dropping event due to no window focus: KeyEvent { action=ACTION_DOWN, keyCode=KEYCODE_DPAD_CENTER, scanCode=0, metaState=0, flags=0x8, repeatCount=0, eventTime=1482184, downTime=1482184, deviceId=-1, source=0x101 }
W/ContextImpl(  479): Calling a method in the system process without a qualified user: android.app.ContextImpl.sendBroadcast:1123 com.android.server.InputMethodManagerService.hideCurrentInputLocked:1880 com.android.server.InputMethodManagerService.windowGainedFocus:1995 com.android.internal.view.IInputMethodManager$Stub.onTransact:221 com.android.server.InputMethodManagerService.onTransact:818 
W/ViewRootImpl( 3377): Dropping event due to no window focus: KeyEvent { action=ACTION_DOWN, keyCode=KEYCODE_DPAD_CENTER, scanCode=0, metaState=0, flags=0x8, repeatCount=0, eventTime=1482206, downTime=1482206, deviceId=-1, source=0x101 }
W/EGL_emulation( 3377): eglSurfaceAttrib not implemented 3093 12436
V/InputMethodService(  612): onEvaluateInputViewShown: config.hardKeyboardHidden = 1
W/ContextImpl(  479): Calling a method in the system process without a qualified user: android.app.ContextImpl.sendBroadcast:1123 com.android.server.InputMethodManagerService.showCurrentInputLocked:1791 com.android.server.InputMethodManagerService.showSoftInput:1753 com.android.internal.view.IInputMethodManager$Stub.onTransact:175 com.android.server.InputMethodManagerService.onTransact:818 
W/ViewRootImpl( 3377): Dropping event due to no window focus: KeyEvent { action=ACTION_DOWN, keyCode=KEYCODE_DPAD_CENTER, scanCode=0, metaState=0, flags=0x8, repeatCount=0, eventTime=1482212, downTime=1482212, deviceId=-1, source=0x101 }
I/ActivityManager(  479): START u0 {act=android.intent.action.MAIN cat=[android.intent.category.LAUNCHER] flg=0x10200000 cmp=com.GliApps.stolencarchecker/.SplashScreen} from pid 3715
D/        (  479): HostConnection::get() New Host Connection established 0xb7ca0210, tid 1373
W/InputManager(  479): Input event injection from pid 3715 failed.
W/InputManager(  479): Input event injection from pid 3715 failed.
W/EGL_emulation( 3377): eglSurfaceAttrib not implemented 3093 12436
W/ViewRootImpl( 3377): Dropping event due to no window focus: KeyEvent { action=ACTION_DOWN, keyCode=KEYCODE_DPAD_DOWN, scanCode=0, metaState=0, flags=0x8, repeatCount=0, eventTime=1482377, downTime=1482377, deviceId=-1, source=0x101 }
W/ContextImpl(  479): Calling a method in the system process without a qualified user: android.app.ContextImpl.sendBroadcast:1123 com.android.server.InputMethodManagerService.hideCurrentInputLocked:1880 com.android.server.InputMethodManagerService.windowGainedFocus:1968 com.android.internal.view.IInputMethodManager$Stub.onTransact:221 com.android.server.InputMethodManagerService.onTransact:818 
I/ActivityManager(  479): START u0 {cmp=com.GliApps.stolencarchecker/.LoginActivity} from pid 3377
D/AlreayLogged( 3377): isLogged = false
W/AllCapsTransformationMethod( 3377): Caller did not enable length changes; not transforming text
W/AllCapsTransformationMethod( 3377): Caller did not enable length changes; not transforming text
D/AlreayLogged( 3377): isLogged = false
W/EGL_emulation( 3377): eglSurfaceAttrib not implemented 3093 12436
W/ViewRootImpl( 3377): Dropping event due to no window focus: KeyEvent { action=ACTION_DOWN, keyCode=KEYCODE_DPAD_UP, scanCode=0, metaState=0, flags=0x8, repeatCount=0, eventTime=1482457, downTime=1482457, deviceId=-1, source=0x101 }
W/ViewRootImpl( 3377): Dropping event due to no window focus: MotionEvent { action=ACTION_MOVE, id[0]=0, x[0]=1.0, y[0]=-1.0, toolType[0]=TOOL_TYPE_UNKNOWN, buttonState=0, metaState=0, flags=0x0, edgeFlags=0x0, pointerCount=1, historySize=9, eventTime=1482616, downTime=-1, deviceId=0, source=0x10004 }
W/ViewRootImpl( 3377): Dropping event due to no window focus: MotionEvent { action=ACTION_DOWN, id[0]=0, x[0]=0.0, y[0]=0.0, toolType[0]=TOOL_TYPE_UNKNOWN, buttonState=0, metaState=0, flags=0x0, edgeFlags=0x0, pointerCount=1, historySize=0, eventTime=1482616, downTime=1482614, deviceId=0, source=0x10004 }
W/ViewRootImpl( 3377): Dropping event due to no window focus: KeyEvent { action=ACTION_DOWN, keyCode=KEYCODE_DPAD_LEFT, scanCode=0, metaState=0, flags=0x8, repeatCount=0, eventTime=1482630, downTime=1482630, deviceId=-1, source=0x101 }
W/ContextImpl(  479): Calling a method in the system process without a qualified user: android.app.ContextImpl.sendBroadcast:1123 com.android.server.InputMethodManagerService.hideCurrentInputLocked:1880 com.android.server.InputMethodManagerService.windowGainedFocus:1995 com.android.internal.view.IInputMethodManager$Stub.onTransact:221 com.android.server.InputMethodManagerService.onTransact:818 
D/dalvikvm(  479): GC_FOR_ALLOC freed 1341K, 17% free 10861K/12956K, paused 10ms, total 11ms
I/ActivityManager(  479): START u0 {act=android.intent.action.MAIN cat=[android.intent.category.HOME] flg=0x10200000 cmp=com.vphone.launcher/.Launcher} from pid 479
I/ActivityManager(  479): START u0 {act=android.intent.action.MAIN cat=[android.intent.category.LAUNCHER] flg=0x10200000 cmp=com.GliApps.stolencarchecker/.SplashScreen} from pid 3715
W/EGL_emulation( 3377): eglSurfaceAttrib not implemented 3093 12436
W/EGL_emulation( 3377): eglSurfaceAttrib not implemented 3093 12436
W/ViewRootImpl( 3377): Dropping event due to no window focus: KeyEvent { action=ACTION_DOWN, keyCode=KEYCODE_DPAD_RIGHT, scanCode=0, metaState=0, flags=0x8, repeatCount=0, eventTime=1482788, downTime=1482788, deviceId=-1, source=0x101 }
W/ContextImpl(  479): Calling a method in the system process without a qualified user: android.app.ContextImpl.sendBroadcast:1123 com.android.server.InputMethodManagerService.hideCurrentInputLocked:1880 com.android.server.InputMethodManagerService.windowGainedFocus:1968 com.android.internal.view.IInputMethodManager$Stub.onTransact:221 com.android.server.InputMethodManagerService.onTransact:818 
I/ActivityManager(  479): Displayed com.GliApps.stolencarchecker/.SplashScreen: +135ms (total +866ms)
I/ActivityManager(  479): START u0 {cmp=com.GliApps.stolencarchecker/.LoginActivity} from pid 3377
D/AlreayLogged( 3377): isLogged = false
W/AllCapsTransformationMethod( 3377): Caller did not enable length changes; not transforming text
W/AllCapsTransformationMethod( 3377): Caller did not enable length changes; not transforming text
D/AlreayLogged( 3377): isLogged = false
I/InputDispatcher(  479): Dropped event because of pending overdue app switch.
W/InputManager(  479): Input event injection from pid 3715 failed.
W/InputManager(  479): Input event injection from pid 3715 failed.
W/InputManager(  479): Input event injection from pid 3715 failed.
W/EGL_emulation( 3377): eglSurfaceAttrib not implemented 3093 12436
W/ViewRootImpl( 3377): Dropping event due to no window focus: MotionEvent { action=ACTION_MOVE, id[0]=0, x[0]=-1.0, y[0]=3.0, toolType[0]=TOOL_TYPE_UNKNOWN, buttonState=0, metaState=0, flags=0x0, edgeFlags=0x0, pointerCount=1, historySize=9, eventTime=1483204, downTime=-1, deviceId=0, source=0x10004 }
W/ViewRootImpl( 3377): Dropping event due to no window focus: KeyEvent { action=ACTION_DOWN, keyCode=KEYCODE_SYM, scanCode=0, metaState=0, flags=0x8, repeatCount=0, eventTime=1483205, downTime=1483205, deviceId=-1, source=0x101 }
I/ActivityManager(  479): Displayed com.GliApps.stolencarchecker/.LoginActivity: +177ms
W/ContextImpl(  479): Calling a method in the system process without a qualified user: android.app.ContextImpl.sendBroadcast:1123 com.android.server.InputMethodManagerService.hideCurrentInputLocked:1880 com.android.server.InputMethodManagerService.windowGainedFocus:1995 com.android.internal.view.IInputMethodManager$Stub.onTransact:221 com.android.server.InputMethodManagerService.onTransact:818 
V/InputMethodService(  612): onEvaluateInputViewShown: config.hardKeyboardHidden = 1
W/ContextImpl(  479): Calling a method in the system process without a qualified user: android.app.ContextImpl.sendBroadcast:1123 com.android.server.InputMethodManagerService.showCurrentInputLocked:1791 com.android.server.InputMethodManagerService.showSoftInput:1753 com.android.internal.view.IInputMethodManager$Stub.onTransact:175 com.android.server.InputMethodManagerService.onTransact:818 
V/InputMethodService(  612): onEvaluateInputViewShown: config.hardKeyboardHidden = 1
W/ContextImpl(  479): Calling a method in the system process without a qualified user: android.app.ContextImpl.sendBroadcast:1123 com.android.server.InputMethodManagerService.showCurrentInputLocked:1791 com.android.server.InputMethodManagerService.showSoftInput:1753 com.android.internal.view.IInputMethodManager$Stub.onTransact:175 com.android.server.InputMethodManagerService.onTransact:818 
W/ContextImpl(  479): Calling a method in the system process without a qualified user: android.app.ContextImpl.sendBroadcast:1123 com.android.server.InputMethodManagerService.showCurrentInputLocked:1791 com.android.server.InputMethodManagerService.showSoftInput:1753 com.android.internal.view.IInputMethodManager$Stub.onTransact:175 com.android.server.InputMethodManagerService.onTransact:818 
V/InputMethodService(  612): onEvaluateInputViewShown: config.hardKeyboardHidden = 1
V/InputMethodService(  612): onEvaluateInputViewShown: config.hardKeyboardHidden = 1
W/ContextImpl(  479): Calling a method in the system process without a qualified user: android.app.ContextImpl.sendBroadcast:1123 com.android.server.InputMethodManagerService.showCurrentInputLocked:1791 com.android.server.InputMethodManagerService.attachNewInputLocked:1095 com.android.server.InputMethodManagerService.startInputUncheckedLocked:1166 com.android.server.InputMethodManagerService.startInputLocked:1128 
V/InputMethodService(  612): onEvaluateInputViewShown: config.hardKeyboardHidden = 1
W/ContextImpl(  479): Calling a method in the system process without a qualified user: android.app.ContextImpl.sendBroadcast:1123 com.android.server.InputMethodManagerService.showCurrentInputLocked:1791 com.android.server.InputMethodManagerService.attachNewInputLocked:1095 com.android.server.InputMethodManagerService.startInputUncheckedLocked:1166 com.android.server.InputMethodManagerService.startInputLocked:1128 
W/ViewRootImpl( 3377): Dropping event due to no window focus: KeyEvent { action=ACTION_DOWN, keyCode=KEYCODE_DPAD_CENTER, scanCode=0, metaState=0, flags=0x8, repeatCount=0, eventTime=1483436, downTime=1483436, deviceId=-1, source=0x101 }
W/EGL_emulation( 3377): eglSurfaceAttrib not implemented 3093 12436
W/ViewRootImpl( 3377): Dropping event due to no window focus: KeyEvent { action=ACTION_DOWN, keyCode=KEYCODE_DPAD_UP, scanCode=0, metaState=0, flags=0x8, repeatCount=0, eventTime=1483450, downTime=1483450, deviceId=-1, source=0x101 }
W/InputMethodManagerService(  479): Window already focused, ignoring focus gain of: com.android.internal.view.IInputMethodClient$Stub$Proxy@4a945350 attribute=null, token = android.os.BinderProxy@4a9b1684
W/InputManager(  479): Input event injection from pid 3715 failed.
W/InputManager(  479): Input event injection from pid 3715 failed.
W/InputManager(  479): Input event injection from pid 3715 failed.
W/InputManager(  479): Input event injection from pid 3715 failed.
W/InputManager(  479): Input event injection from pid 3715 failed.
I/ActivityManager(  479): START u0 {act=android.intent.action.MAIN cat=[android.intent.category.LAUNCHER] flg=0x10200000 cmp=com.GliApps.stolencarchecker/.SplashScreen} from pid 3715
W/EGL_emulation( 3377): eglSurfaceAttrib not implemented 3093 12436
W/ViewRootImpl( 3377): Dropping event due to no window focus: KeyEvent { action=ACTION_DOWN, keyCode=KEYCODE_DPAD_CENTER, scanCode=0, metaState=0, flags=0x8, repeatCount=0, eventTime=1483498, downTime=1483498, deviceId=-1, source=0x101 }
W/ContextImpl(  479): Calling a method in the system process without a qualified user: android.app.ContextImpl.sendBroadcast:1123 com.android.server.InputMethodManagerService.hideCurrentInputLocked:1880 com.android.server.InputMethodManagerService.windowGainedFocus:1968 com.android.internal.view.IInputMethodManager$Stub.onTransact:221 com.android.server.InputMethodManagerService.onTransact:818 
I/ActivityManager(  479): Displayed com.GliApps.stolencarchecker/.SplashScreen: +76ms
W/ViewRootImpl( 3377): Dropping event due to no window focus: KeyEvent { action=ACTION_DOWN, keyCode=KEYCODE_BUTTON_11, scanCode=0, metaState=0, flags=0x8, repeatCount=0, eventTime=1483587, downTime=1483587, deviceId=-1, source=0x101 }
W/EGL_emulation( 3377): eglSurfaceAttrib not implemented 3093 12436
W/ViewRootImpl( 3377): Dropping event due to no window focus: KeyEvent { action=ACTION_DOWN, keyCode=KEYCODE_DPAD_CENTER, scanCode=0, metaState=0, flags=0x8, repeatCount=0, eventTime=1483587, downTime=1483587, deviceId=-1, source=0x101 }
W/ViewRootImpl( 3377): Dropping event due to no window focus: KeyEvent { action=ACTION_DOWN, keyCode=KEYCODE_MENU, scanCode=0, metaState=0, flags=0x8, repeatCount=0, eventTime=1483750, downTime=1483750, deviceId=-1, source=0x101 }
W/ViewRootImpl( 3377): Dropping event due to no window focus: KeyEvent { action=ACTION_DOWN, keyCode=KEYCODE_DPAD_DOWN, scanCode=0, metaState=0, flags=0x8, repeatCount=0, eventTime=1483802, downTime=1483802, deviceId=-1, source=0x101 }
W/InputMethodManagerService(  479): Window already focused, ignoring focus gain of: com.android.internal.view.IInputMethodClient$Stub$Proxy@4a902e3c attribute=null, token = android.os.BinderProxy@4a8b0a18
V/PanelView(  533): animationTick called with dtms=0; nothing to do (h=0.0 v=-0.0)
W/ViewRootImpl( 3377): Dropping event due to no window focus: KeyEvent { action=ACTION_DOWN, keyCode=KEYCODE_DPAD_CENTER, scanCode=0, metaState=0, flags=0x8, repeatCount=0, eventTime=1483876, downTime=1483876, deviceId=-1, source=0x101 }
W/ViewRootImpl( 3377): Dropping event due to no window focus: KeyEvent { action=ACTION_DOWN, keyCode=KEYCODE_BUTTON_15, scanCode=0, metaState=0, flags=0x8, repeatCount=0, eventTime=1483882, downTime=1483882, deviceId=-1, source=0x101 }
W/ViewRootImpl( 3377): Dropping event due to no window focus: KeyEvent { action=ACTION_DOWN, keyCode=KEYCODE_DPAD_CENTER, scanCode=0, metaState=0, flags=0x8, repeatCount=0, eventTime=1483882, downTime=1483882, deviceId=-1, source=0x101 }
W/EGL_emulation( 3377): eglSurfaceAttrib not implemented 3093 12436
W/InputMethodManagerService(  479): Window already focused, ignoring focus gain of: com.android.internal.view.IInputMethodClient$Stub$Proxy@4a96a518 attribute=null, token = android.os.BinderProxy@4a8b0a18
W/ViewRootImpl( 3377): Dropping event due to no window focus: KeyEvent { action=ACTION_DOWN, keyCode=KEYCODE_W, scanCode=0, metaState=0, flags=0x8, repeatCount=0, eventTime=1483921, downTime=1483921, deviceId=-1, source=0x101 }
W/ViewRootImpl( 3377): Dropping event due to no window focus: KeyEvent { action=ACTION_DOWN, keyCode=KEYCODE_DPAD_CENTER, scanCode=0, metaState=0, flags=0x8, repeatCount=0, eventTime=1483932, downTime=1483932, deviceId=-1, source=0x101 }
W/EGL_emulation( 3377): eglSurfaceAttrib not implemented 3093 12436
W/ViewRootImpl( 3377): Dropping event due to no window focus: KeyEvent { action=ACTION_DOWN, keyCode=KEYCODE_DPAD_LEFT, scanCode=0, metaState=0, flags=0x8, repeatCount=0, eventTime=1483935, downTime=1483935, deviceId=-1, source=0x101 }
W/InputMethodManagerService(  479): Window already focused, ignoring focus gain of: com.android.internal.view.IInputMethodClient$Stub$Proxy@4a9f5aa0 attribute=null, token = android.os.BinderProxy@4a8b0a18
I/ActivityManager(  479): START u0 {act=android.intent.action.MAIN cat=[android.intent.category.LAUNCHER] flg=0x10200000 cmp=com.GliApps.stolencarchecker/.SplashScreen} from pid 3715
W/EGL_emulation( 3377): eglSurfaceAttrib not implemented 3093 12436
W/ViewRootImpl( 3377): Dropping event due to no window focus: KeyEvent { action=ACTION_DOWN, keyCode=KEYCODE_DPAD_DOWN, scanCode=0, metaState=0, flags=0x8, repeatCount=0, eventTime=1483965, downTime=1483965, deviceId=-1, source=0x101 }
I/ActivityManager(  479): START u0 {cmp=com.GliApps.stolencarchecker/.LoginActivity} from pid 3377
W/ContextImpl(  479): Calling a method in the system process without a qualified user: android.app.ContextImpl.sendBroadcast:1123 com.android.server.InputMethodManagerService.hideCurrentInputLocked:1880 com.android.server.InputMethodManagerService.windowGainedFocus:1968 com.android.internal.view.IInputMethodManager$Stub.onTransact:221 com.android.server.InputMethodManagerService.onTransact:818 
D/AlreayLogged( 3377): isLogged = false
W/AllCapsTransformationMethod( 3377): Caller did not enable length changes; not transforming text
W/AllCapsTransformationMethod( 3377): Caller did not enable length changes; not transforming text
D/AlreayLogged( 3377): isLogged = false
W/ViewRootImpl( 3377): Dropping event due to no window focus: MotionEvent { action=ACTION_MOVE, id[0]=0, x[0]=0.0, y[0]=4.0, toolType[0]=TOOL_TYPE_UNKNOWN, buttonState=0, metaState=0, flags=0x0, edgeFlags=0x0, pointerCount=1, historySize=6, eventTime=1484001, downTime=-1, deviceId=0, source=0x10004 }
W/EGL_emulation( 3377): eglSurfaceAttrib not implemented 3093 12436
W/ViewRootImpl( 3377): Dropping event due to no window focus: MotionEvent { action=ACTION_MOVE, id[0]=0, x[0]=0.0, y[0]=-2.0, toolType[0]=TOOL_TYPE_UNKNOWN, buttonState=0, metaState=0, flags=0x0, edgeFlags=0x0, pointerCount=1, historySize=12, eventTime=1484046, downTime=-1, deviceId=0, source=0x10004 }
W/ViewRootImpl( 3377): Dropping event due to no window focus: MotionEvent { action=ACTION_DOWN, id[0]=0, x[0]=0.0, y[0]=0.0, toolType[0]=TOOL_TYPE_UNKNOWN, buttonState=0, metaState=0, flags=0x0, edgeFlags=0x0, pointerCount=1, historySize=0, eventTime=1484046, downTime=1484044, deviceId=0, source=0x10004 }
W/ViewRootImpl( 3377): Dropping event due to no window focus: KeyEvent { action=ACTION_DOWN, keyCode=KEYCODE_BUTTON_10, scanCode=0, metaState=0, flags=0x8, repeatCount=0, eventTime=1484046, downTime=1484046, deviceId=-1, source=0x101 }
W/ContextImpl(  479): Calling a method in the system process without a qualified user: android.app.ContextImpl.sendBroadcast:1123 com.android.server.InputMethodManagerService.hideCurrentInputLocked:1880 com.android.server.InputMethodManagerService.windowGainedFocus:1995 com.android.internal.view.IInputMethodManager$Stub.onTransact:221 com.android.server.InputMethodManagerService.onTransact:818 
I/ActivityManager(  479): START u0 {cmp=com.GliApps.stolencarchecker/.LoginActivity} from pid 3377
D/AlreayLogged( 3377): isLogged = false
W/AllCapsTransformationMethod( 3377): Caller did not enable length changes; not transforming text
W/AllCapsTransformationMethod( 3377): Caller did not enable length changes; not transforming text
D/AlreayLogged( 3377): isLogged = false
W/EGL_emulation( 3377): eglSurfaceAttrib not implemented 3093 12436
W/ViewRootImpl( 3377): Dropping event due to no window focus: KeyEvent { action=ACTION_DOWN, keyCode=KEYCODE_MENU, scanCode=0, metaState=0, flags=0x8, repeatCount=0, eventTime=1484090, downTime=1484090, deviceId=-1, source=0x101 }
W/ContextImpl(  479): Calling a method in the system process without a qualified user: android.app.ContextImpl.sendBroadcast:1123 com.android.server.InputMethodManagerService.hideCurrentInputLocked:1880 com.android.server.InputMethodManagerService.windowGainedFocus:1995 com.android.internal.view.IInputMethodManager$Stub.onTransact:221 com.android.server.InputMethodManagerService.onTransact:818 
V/InputMethodService(  612): onEvaluateInputViewShown: config.hardKeyboardHidden = 1
W/ContextImpl(  479): Calling a method in the system process without a qualified user: android.app.ContextImpl.sendBroadcast:1123 com.android.server.InputMethodManagerService.showCurrentInputLocked:1791 com.android.server.InputMethodManagerService.showSoftInput:1753 com.android.internal.view.IInputMethodManager$Stub.onTransact:175 com.android.server.InputMethodManagerService.onTransact:818 
I/ActivityManager(  479): Displayed com.GliApps.stolencarchecker/.LoginActivity: +101ms (total +231ms)
W/ViewRootImpl( 3377): Dropping event due to no window focus: KeyEvent { action=ACTION_DOWN, keyCode=KEYCODE_DPAD_CENTER, scanCode=0, metaState=0, flags=0x8, repeatCount=0, eventTime=1484174, downTime=1484174, deviceId=-1, source=0x101 }
V/InputMethodService(  612): onEvaluateInputViewShown: config.hardKeyboardHidden = 1
W/ContextImpl(  479): Calling a method in the system process without a qualified user: android.app.ContextImpl.sendBroadcast:1123 com.android.server.InputMethodManagerService.showCurrentInputLocked:1791 com.android.server.InputMethodManagerService.attachNewInputLocked:1095 com.android.server.InputMethodManagerService.startInputUncheckedLocked:1166 com.android.server.InputMethodManagerService.startInputLocked:1128 
W/EGL_emulation( 3377): eglSurfaceAttrib not implemented 3093 12436
W/ViewRootImpl( 3377): Dropping event due to no window focus: KeyEvent { action=ACTION_DOWN, keyCode=KEYCODE_BUTTON_13, scanCode=0, metaState=0, flags=0x8, repeatCount=0, eventTime=1484224, downTime=1484224, deviceId=-1, source=0x101 }
W/InputMethodManagerService(  479): Window already focused, ignoring focus gain of: com.android.internal.view.IInputMethodClient$Stub$Proxy@4a9490c4 attribute=null, token = android.os.BinderProxy@4a996138
I/ActivityManager(  479): START u0 {cmp=com.GliApps.stolencarchecker/.GetPassword} from pid 3377
W/ViewRootImpl( 3377): Dropping event due to no window focus: KeyEvent { action=ACTION_MULTIPLE, keyCode=KEYCODE_DPAD_UP, scanCode=0, metaState=0, flags=0x400, repeatCount=4, eventTime=1484336, downTime=1484336, deviceId=-1, source=0x101 }
W/ViewRootImpl( 3377): Dropping event due to no window focus: KeyEvent { action=ACTION_DOWN, keyCode=KEYCODE_DPAD_UP, scanCode=0, metaState=0, flags=0x400, repeatCount=0, eventTime=1484336, downTime=1484336, deviceId=-1, source=0x101 }
W/ViewRootImpl( 3377): Dropping event due to no window focus: KeyEvent { action=ACTION_DOWN, keyCode=KEYCODE_DPAD_UP, scanCode=0, metaState=0, flags=0x400, repeatCount=0, eventTime=1484336, downTime=1484336, deviceId=-1, source=0x101 }
W/ViewRootImpl( 3377): Dropping event due to no window focus: KeyEvent { action=ACTION_DOWN, keyCode=KEYCODE_DPAD_UP, scanCode=0, metaState=0, flags=0x400, repeatCount=0, eventTime=1484336, downTime=1484336, deviceId=-1, source=0x101 }
I/dalvikvm( 3377): Could not find method android.view.Window.setStatusBarColor, referenced from method com.GliApps.stolencarchecker.GetPassword.onCreate
W/dalvikvm( 3377): VFY: unable to resolve virtual method 15511: Landroid/view/Window;.setStatusBarColor (I)V
D/dalvikvm( 3377): VFY: replacing opcode 0x6e at 0x002a
W/ViewRootImpl( 3377): Dropping event due to no window focus: KeyEvent { action=ACTION_DOWN, keyCode=KEYCODE_DPAD_UP, scanCode=0, metaState=0, flags=0x400, repeatCount=0, eventTime=1484336, downTime=1484336, deviceId=-1, source=0x101 }
W/EGL_emulation( 3377): eglSurfaceAttrib not implemented 3093 12436
W/ViewRootImpl( 3377): Dropping event due to no window focus: KeyEvent { action=ACTION_DOWN, keyCode=KEYCODE_VOLUME_UP, scanCode=0, metaState=0, flags=0x8, repeatCount=0, eventTime=1484322, downTime=1484322, deviceId=-1, source=0x101 }
W/ContextImpl(  479): Calling a method in the system process without a qualified user: android.app.ContextImpl.sendBroadcast:1123 com.android.server.InputMethodManagerService.hideCurrentInputLocked:1880 com.android.server.InputMethodManagerService.windowGainedFocus:1995 com.android.internal.view.IInputMethodManager$Stub.onTransact:221 com.android.server.InputMethodManagerService.onTransact:818 
I/ActivityManager(  479): Displayed com.GliApps.stolencarchecker/.GetPassword: +92ms
I/ActivityManager(  479): START u0 {cmp=com.GliApps.stolencarchecker/.LoginActivity} from pid 3377
W/ViewRootImpl( 3377): Dropping event due to no window focus: MotionEvent { action=ACTION_MOVE, id[0]=0, x[0]=0.0, y[0]=-2.0, toolType[0]=TOOL_TYPE_UNKNOWN, buttonState=0, metaState=0, flags=0x0, edgeFlags=0x0, pointerCount=1, historySize=9, eventTime=1484404, downTime=-1, deviceId=0, source=0x10004 }
D/AlreayLogged( 3377): isLogged = false
W/AllCapsTransformationMethod( 3377): Caller did not enable length changes; not transforming text
W/AllCapsTransformationMethod( 3377): Caller did not enable length changes; not transforming text
D/AlreayLogged( 3377): isLogged = false
W/EGL_emulation( 3377): eglSurfaceAttrib not implemented 3093 12436
W/ViewRootImpl( 3377): Dropping event due to no window focus: KeyEvent { action=ACTION_DOWN, keyCode=KEYCODE_DPAD_RIGHT, scanCode=0, metaState=0, flags=0x8, repeatCount=0, eventTime=1484405, downTime=1484405, deviceId=-1, source=0x101 }
W/ViewRootImpl( 3377): Dropping event due to no window focus: KeyEvent { action=ACTION_DOWN, keyCode=KEYCODE_DPAD_UP, scanCode=0, metaState=0, flags=0x8, repeatCount=0, eventTime=1484599, downTime=1484599, deviceId=-1, source=0x101 }
I/ActivityManager(  479): Displayed com.GliApps.stolencarchecker/.LoginActivity: +199ms
W/ContextImpl(  479): Calling a method in the system process without a qualified user: android.app.ContextImpl.sendBroadcast:1123 com.android.server.InputMethodManagerService.hideCurrentInputLocked:1880 com.android.server.InputMethodManagerService.windowGainedFocus:1995 com.android.internal.view.IInputMethodManager$Stub.onTransact:221 com.android.server.InputMethodManagerService.onTransact:818 
V/InputMethodService(  612): onEvaluateInputViewShown: config.hardKeyboardHidden = 1
W/ContextImpl(  479): Calling a method in the system process without a qualified user: android.app.ContextImpl.sendBroadcast:1123 com.android.server.InputMethodManagerService.showCurrentInputLocked:1791 com.android.server.InputMethodManagerService.showSoftInput:1753 com.android.internal.view.IInputMethodManager$Stub.onTransact:175 com.android.server.InputMethodManagerService.onTransact:818 
W/ViewRootImpl( 3377): Dropping event due to no window focus: KeyEvent { action=ACTION_DOWN, keyCode=KEYCODE_SCROLL_LOCK, scanCode=0, metaState=0, flags=0x8, repeatCount=0, eventTime=1484794, downTime=1484794, deviceId=-1, source=0x101 }
V/PanelView(  533): animationTick called with dtms=0; nothing to do (h=0.0 v=-0.0)
W/ViewRootImpl( 3377): Dropping event due to no window focus: KeyEvent { action=ACTION_DOWN, keyCode=KEYCODE_RIGHT_BRACKET, scanCode=0, metaState=0, flags=0x8, repeatCount=0, eventTime=1484796, downTime=1484796, deviceId=-1, source=0x101 }
V/PanelView(  533): animationTick called with dtms=0; nothing to do (h=0.0 v=-0.0)
W/ViewRootImpl( 3377): Dropping event due to no window focus: KeyEvent { action=ACTION_DOWN, keyCode=KEYCODE_AVR_POWER, scanCode=0, metaState=0, flags=0x8, repeatCount=0, eventTime=1484799, downTime=1484799, deviceId=-1, source=0x101 }
W/EGL_emulation( 3377): eglSurfaceAttrib not implemented 3093 12436
V/InputMethodService(  612): onEvaluateInputViewShown: config.hardKeyboardHidden = 1
V/InputMethodService(  612): onEvaluateInputViewShown: config.hardKeyboardHidden = 1
W/ContextImpl(  479): Calling a method in the system process without a qualified user: android.app.ContextImpl.sendBroadcast:1123 com.android.server.InputMethodManagerService.showCurrentInputLocked:1791 com.android.server.InputMethodManagerService.attachNewInputLocked:1095 com.android.server.InputMethodManagerService.startInputUncheckedLocked:1166 com.android.server.InputMethodManagerService.startInputLocked:1128 
W/ContextImpl(  479): Calling a method in the system process without a qualified user: android.app.ContextImpl.sendBroadcast:1123 com.android.server.InputMethodManagerService.showCurrentInputLocked:1791 com.android.server.InputMethodManagerService.attachNewInputLocked:1095 com.android.server.InputMethodManagerService.startInputUncheckedLocked:1166 com.android.server.InputMethodManagerService.startInputLocked:1128 
W/EGL_emulation( 3377): eglSurfaceAttrib not implemented 3093 12436
W/InputMethodManagerService(  479): Window already focused, ignoring focus gain of: com.android.internal.view.IInputMethodClient$Stub$Proxy@4a8c7f64 attribute=null, token = android.os.BinderProxy@4abe0978
I/ActivityManager(  479): START u0 {cmp=com.GliApps.stolencarchecker/.LoginActivity} from pid 3377
W/InputMethodManagerService(  479): Starting input on non-focused client com.android.internal.view.IInputMethodClient$Stub$Proxy@4a96b204 (uid=10039 pid=3377)
D/AlreayLogged( 3377): isLogged = false
W/AllCapsTransformationMethod( 3377): Caller did not enable length changes; not transforming text
W/AllCapsTransformationMethod( 3377): Caller did not enable length changes; not transforming text
D/AlreayLogged( 3377): isLogged = false
W/EGL_emulation( 3377): eglSurfaceAttrib not implemented 3093 12436
W/ViewRootImpl( 3377): Dropping event due to no window focus: KeyEvent { action=ACTION_DOWN, keyCode=KEYCODE_DPAD_CENTER, scanCode=0, metaState=0, flags=0x8, repeatCount=0, eventTime=1484859, downTime=1484859, deviceId=-1, source=0x101 }
W/ContextImpl(  479): Calling a method in the system process without a qualified user: android.app.ContextImpl.sendBroadcast:1123 com.android.server.InputMethodManagerService.hideCurrentInputLocked:1880 com.android.server.InputMethodManagerService.windowGainedFocus:1995 com.android.internal.view.IInputMethodManager$Stub.onTransact:221 com.android.server.InputMethodManagerService.onTransact:818 
I/ActivityManager(  479): Displayed com.GliApps.stolencarchecker/.LoginActivity: +132ms
W/ViewRootImpl( 3377): Dropping event due to no window focus: KeyEvent { action=ACTION_DOWN, keyCode=KEYCODE_DPAD_RIGHT, scanCode=0, metaState=0, flags=0x8, repeatCount=0, eventTime=1485084, downTime=1485084, deviceId=-1, source=0x101 }
W/EGL_emulation( 3377): eglSurfaceAttrib not implemented 3093 12436
W/ViewRootImpl( 3377): Dropping event due to no window focus: KeyEvent { action=ACTION_DOWN, keyCode=KEYCODE_MENU, scanCode=0, metaState=0, flags=0x8, repeatCount=0, eventTime=1485186, downTime=1485186, deviceId=-1, source=0x101 }
W/ViewRootImpl( 3377): Dropping event due to no window focus: KeyEvent { action=ACTION_DOWN, keyCode=KEYCODE_AT, scanCode=0, metaState=0, flags=0x8, repeatCount=0, eventTime=1485251, downTime=1485251, deviceId=-1, source=0x101 }
V/FlingTracker(  533): computeCurrentVelocity warning: totalweight=0
V/FlingTracker(  533): java.lang.Throwable
V/FlingTracker(  533): 	at com.android.systemui.statusbar.phone.PanelView$FlingTracker.computeCurrentVelocity(PanelView.java:162)
V/FlingTracker(  533): 	at com.android.systemui.statusbar.phone.PanelView$3.onTouch(PanelView.java:462)
V/FlingTracker(  533): 	at android.view.View.dispatchTouchEvent(View.java:7701)
V/FlingTracker(  533): 	at com.android.systemui.statusbar.phone.NotificationPanelView.onTouchEvent(NotificationPanelView.java:138)
V/FlingTracker(  533): 	at com.android.systemui.statusbar.phone.PanelBar.onTouchEvent(PanelBar.java:130)
V/FlingTracker(  533): 	at com.android.systemui.statusbar.phone.PhoneStatusBarView.onTouchEvent(PhoneStatusBarView.java:201)
V/FlingTracker(  533): 	at android.view.View.dispatchTouchEvent(View.java:7706)
V/FlingTracker(  533): 	at android.view.ViewGroup.dispatchTransformedTouchEvent(ViewGroup.java:2210)
V/FlingTracker(  533): 	at android.view.ViewGroup.dispatchTouchEvent(ViewGroup.java:1945)
V/FlingTracker(  533): 	at android.view.ViewGroup.dispatchTransformedTouchEvent(ViewGroup.java:2216)
V/FlingTracker(  533): 	at android.view.ViewGroup.dispatchTouchEvent(ViewGroup.java:1959)
V/FlingTracker(  533): 	at android.view.View.dispatchPointerEvent(View.java:7886)
V/FlingTracker(  533): 	at android.view.ViewRootImpl$ViewPostImeInputStage.processPointerEvent(ViewRootImpl.java:3978)
V/FlingTracker(  533): 	at android.view.ViewRootImpl$ViewPostImeInputStage.onProcess(ViewRootImpl.java:3857)
V/FlingTracker(  533): 	at android.view.ViewRootImpl$InputStage.deliver(ViewRootImpl.java:3423)
V/FlingTracker(  533): 	at android.view.ViewRootImpl$InputStage.onDeliverToNext(ViewRootImpl.java:3473)
V/FlingTracker(  533): 	at android.view.ViewRootImpl$InputStage.forward(ViewRootImpl.java:3442)
V/FlingTracker(  533): 	at android.view.ViewRootImpl$AsyncInputStage.forward(ViewRootImpl.java:3549)
V/FlingTracker(  533): 	at android.view.ViewRootImpl$InputStage.apply(ViewRootImpl.java:3450)
V/FlingTracker(  533): 	at android.view.ViewRootImpl$AsyncInputStage.apply(ViewRootImpl.java:3606)
V/FlingTracker(  533): 	at android.view.ViewRootImpl$InputStage.deliver(ViewRootImpl.java:3423)
V/FlingTracker(  533): 	at android.view.ViewRootImpl$InputStage.onDeliverToNext(ViewRootImpl.java:3473)
V/FlingTracker(  533): 	at android.view.ViewRootImpl$InputStage.forward(ViewRootImpl.java:3442)
V/FlingTracker(  533): 	at android.view.ViewRootImpl$InputStage.apply(ViewRootImpl.java:3450)
V/FlingTracker(  533): 	at android.view.ViewRootImpl$InputStage.deliver(ViewRootImpl.java:3423)
V/FlingTracker(  533): 	at android.view.ViewRootImpl.deliverInputEvent(ViewRootImpl.java:5626)
V/FlingTracker(  533): 	at android.view.ViewRootImpl.doProcessInputEvents(ViewRootImpl.java:5606)
V/FlingTracker(  533): 	at android.view.ViewRootImpl.enqueueInputEvent(ViewRootImpl.java:5577)
V/FlingTracker(  533): 	at android.view.ViewRootImpl$WindowInputEventReceiver.onInputEvent(ViewRootImpl.java:5706)
V/FlingTracker(  533): 	at android.view.InputEventReceiver.dispatchInputEvent(InputEventReceiver.java:185)
V/FlingTracker(  533): 	at android.os.MessageQueue.nativePollOnce(Native Method)
V/FlingTracker(  533): 	at android.os.MessageQueue.next(MessageQueue.java:138)
V/FlingTracker(  533): 	at android.os.Looper.loop(Looper.java:123)
V/FlingTracker(  533): 	at android.app.ActivityThread.main(ActivityThread.java:5019)
V/FlingTracker(  533): 	at java.lang.reflect.Method.invokeNative(Native Method)
V/FlingTracker(  533): 	at java.lang.reflect.Method.invoke(Method.java:515)
V/FlingTracker(  533): 	at com.android.internal.os.ZygoteInit$MethodAndArgsCaller.run(ZygoteInit.java:779)
V/FlingTracker(  533): 	at com.android.internal.os.ZygoteInit.main(ZygoteInit.java:595)
V/FlingTracker(  533): 	at dalvik.system.NativeStart.main(Native Method)
V/PanelView(  533): animationTick called with dtms=0; nothing to do (h=0.0 v=0.0)
W/InputMethodManagerService(  479): Window already focused, ignoring focus gain of: com.android.internal.view.IInputMethodClient$Stub$Proxy@4a9f5f0c attribute=null, token = android.os.BinderProxy@4ac17b40
W/ViewRootImpl( 3377): Dropping event due to no window focus: KeyEvent { action=ACTION_DOWN, keyCode=KEYCODE_DPAD_UP, scanCode=0, metaState=0, flags=0x8, repeatCount=0, eventTime=1485368, downTime=1485368, deviceId=-1, source=0x101 }
