--------- beginning of /dev/log/main
I/ContentMaintenance(  719): Pruning caches...
I/ContentMaintenance(  719): Internal cache bytes used: 0; limit: 100000000; download size: 0
I/ContentMaintenance(  719): Cache pruning complete.
I/ContentMaintenance(  719): Beginning garbage collection.
I/RealtimeCacheCleanup(  719): Beginning Realtime garbage collection.
I/RealtimeCacheCleanup(  719): Finished Realtime garbage collection.
I/ContentMaintenance(  719): Finished garbage collection.
I/Icing   (  719): Indexing F4FAA6262FE39DDD50BAE6B7AF5CDB8D73BA0DB0 from com.google.android.gms
I/Icing   (  719): Indexing done F4FAA6262FE39DDD50BAE6B7AF5CDB8D73BA0DB0
D/dalvikvm(  719): GC_CONCURRENT freed 2256K, 45% free 9508K/16984K, paused 3ms+2ms, total 33ms
D/AndroidRuntime(29119): 
D/AndroidRuntime(29119): >>>>>> AndroidRuntime START com.android.internal.os.RuntimeInit <<<<<<
D/AndroidRuntime(29119): CheckJNI is OFF
D/dalvikvm(29119): Using executionMode 2
D/dalvikvm(29119): Trying to load lib libjavacore.so 0x0
D/dalvikvm(29119): Added shared lib libjavacore.so 0x0
D/dalvikvm(29119): Trying to load lib libnativehelper.so 0x0
D/dalvikvm(29119): Added shared lib libnativehelper.so 0x0
D/dalvikvm(29119): No JNI_OnLoad found in libnativehelper.so 0x0, skipping init
D/dalvikvm(29119): Note: class Landroid/app/ActivityManagerNative; has 179 unimplemented (abstract) methods
E/memtrack(29119): Couldn't load memtrack module (No such file or directory)
E/android.os.Debug(29119): failed to load memtrack module: -2
D/AndroidRuntime(29119): Calling main entry com.android.commands.monkey.Monkey
--------- beginning of /dev/log/system
W/BroadcastQueue(  481): Skipping deliver [background] BroadcastRecord{4b0ee8a4 u-1 android.net.conn.CONNECTIVITY_CHANGE} to ReceiverList{4ac0b16c 29119 (unknown name)/0/u-1 remote:4a7cc0d8}: process crashing
I/ActivityManager(  481): START u0 {act=android.intent.action.MAIN cat=[android.intent.category.LAUNCHER] flg=0x10200000 cmp=com.ztrip/.AppSplash} from pid 29119
D/WebViewTimersControl(22316): onBrowserActivityPause
D/WebViewTimersControl(22316): Pausing webview timers, view=com.android.browser.BrowserWebView{4a795f30 VFEDHVCL ......ID 0,0-720,1164}
I/ActivityManager(  481): Start proc com.ztrip for activity com.ztrip/.AppSplash: pid=29129 uid=10116 gids={50116, 3003, 1028, 1015, 1023}
E/SurfaceFlinger(  166): glCheckFramebufferStatusOES error 36054
E/SurfaceFlinger(  166): got GL_FRAMEBUFFER_COMPLETE_OES error while taking screenshot
D/SurfaceFlinger(  166): setOrientation, mFbdev=0xb7e9fd80, mFbDev->setOrientation=0xb6945ce0, orientation=3
I/gralloc_nox(  166): setOrientation: orientation=3
D/Tinker.DefaultAppLike(  663): onConfigurationChanged:{1.0 310mcc16mnc en_US ldltr sw480dp w480dp h828dp 240dpi lrg long port finger -keyb/v/h dpad/v s.90}
I/ActivityManager(  481): Config changes=480 {1.0 310mcc16mnc en_US ldltr sw480dp w480dp h828dp 240dpi lrg long port finger -keyb/v/h dpad/v s.90}
V/InputMethodService(  612): onEvaluateInputViewShown: config.hardKeyboardHidden = 2
V/InputMethodService(  612): onEvaluateInputViewShown: config.hardKeyboardHidden = 2
V/InputMethodService(  612): onEvaluateInputViewShown: config.hardKeyboardHidden = 2
D/Sensors (  481): Client connection accepted (167)
D/PhoneStatusBar(  534): mSettingsPanelGravity = 55
D/dalvikvm(  612): GC_CONCURRENT freed 393K, 14% free 3090K/3556K, paused 1ms+1ms, total 6ms
W/NetworkManagementSocketTagger(  481): setKernelCountSet(10116, 1) failed with errno -13
I/dalvikvm(29129): ignoring registerObject request in thread=1
I/dalvikvm(29129): ignoring registerObject request in thread=1
I/MultiDex(29129): VM with version 1.6.0 does not have multidex support
I/MultiDex(29129): install
I/MultiDex(29129): MultiDexExtractor.load(/data/app/com.ztrip-1.apk, false)
I/InputReader(  481): Reconfiguring input devices.  changes=0x00000004
I/InputReader(  481): Device reconfigured: id=1, name='seamless mouse', size 1280x720, orientation 3, mode 1, display id 0
I/InputReader(  481): Device reconfigured: id=3, name='Android Input', size 1280x720, orientation 3, mode 1, display id 0
I/InputReader(  481): Device reconfigured: id=8, name='VirtualBox USB Tablet', size 1280x720, orientation 3, mode 1, display id 0
I/MultiDex(29129): Detected that extraction must be performed.
D/dalvikvm(29129): JIT code cache reset in 0 ms (0 bytes 1/0)
D/dalvikvm(29129): GC_CONCURRENT freed 161K, 7% free 3049K/3276K, paused 2ms+0ms, total 6ms
I/MultiDex(29129): load found 0 secondary dex files
I/MultiDex(29129): install done
D/dalvikvm(29129): GC_CONCURRENT freed 166K, 7% free 3269K/3504K, paused 0ms+1ms, total 3ms
I/Fabric  (29129): Initializing Crashlytics 2.3.3.61
D/dalvikvm(29129): GC_CONCURRENT freed 554K, 17% free 3221K/3844K, paused 2ms+0ms, total 5ms
D/dalvikvm(29129): WAIT_FOR_CONCURRENT_GC blocked 4ms
E/dalvikvm(29129): Could not find class 'com.flurry.sdk.i', referenced from method com.flurry.sdk.ju.a
W/dalvikvm(29129): VFY: unable to resolve const-class 1951 (Lcom/flurry/sdk/i;) in Lcom/flurry/sdk/ju;
D/dalvikvm(29129): VFY: replacing opcode 0x1c at 0x0020
W/EGL_emulation(  534): eglSurfaceAttrib not implemented 3093 12436
D/dalvikvm(29129): GC_CONCURRENT freed 176K, 10% free 3478K/3844K, paused 3ms+1ms, total 6ms
W/MixpanelAPI.ResourceReader(29129): Can't load names for Android view ids from 'com.ztrip.R$id', ids by name will not be available in the events editor.
I/MixpanelAPI.ResourceReader(29129): You may be missing a Resources class for your package due to your proguard configuration, or you may be using an applicationId in your build that isn't the same as the package declared in your AndroidManifest.xml file.
I/MixpanelAPI.ResourceReader(29129): If you're using proguard, you can fix this issue by adding the following to your proguard configuration:
I/MixpanelAPI.ResourceReader(29129): 
I/MixpanelAPI.ResourceReader(29129): -keep class **.R$* {
I/MixpanelAPI.ResourceReader(29129):     <fields>;
I/MixpanelAPI.ResourceReader(29129): }
I/MixpanelAPI.ResourceReader(29129): 
I/MixpanelAPI.ResourceReader(29129): If you're not using proguard, or if your proguard configuration already contains the directive above, you can add the following to your AndroidManifest.xml file to explicitly point the Mixpanel library to the appropriate library for your resources class:
I/MixpanelAPI.ResourceReader(29129): 
I/MixpanelAPI.ResourceReader(29129): <meta-data android:name="com.mixpanel.android.MPConfig.ResourcePackageName" android:value="YOUR_PACKAGE_NAME" />
I/MixpanelAPI.ResourceReader(29129): 
I/MixpanelAPI.ResourceReader(29129): where YOUR_PACKAGE_NAME is the same string you use for the "package" attribute in your <manifest> tag.
D/MixpanelAPI - App Links (OPTIONAL)(29129): To enable App Links tracking android.support.v4 must be installed: getInstance [class android.content.Context]
D/MixpanelAPI - App Links (OPTIONAL)(29129): Context is not an instance of Activity. To detect inbound App Links, pass an instance of an Activity to getInstance.
D/dalvikvm(29129): GC_CONCURRENT freed 563K, 16% free 3379K/3988K, paused 2ms+2ms, total 7ms
W/dalvikvm(29129): VFY: unable to find class referenced in signature (Lokhttp3/Request;)
W/dalvikvm(29129): VFY: unable to find class referenced in signature (Lokhttp3/Response;)
I/dalvikvm(29129): Could not find method okhttp3.Response.headers, referenced from method empirical.HelperClass.printOkHttpInfo
W/dalvikvm(29129): VFY: unable to resolve virtual method 38017: Lokhttp3/Response;.headers ()Lokhttp3/Headers;
D/dalvikvm(29129): VFY: replacing opcode 0x6e at 0x0006
W/dalvikvm(29129): VFY: unable to find class referenced in signature (Lokhttp3/Call;)
W/dalvikvm(29129): VFY: unable to find class referenced in signature (Lokhttp3/Response;)
I/dalvikvm(29129): Could not find method okhttp3.Call.request, referenced from method empirical.HelperClass.printOkHttpInfoFromCall
W/dalvikvm(29129): VFY: unable to resolve interface method 38011: Lokhttp3/Call;.request ()Lokhttp3/Request;
D/dalvikvm(29129): VFY: replacing opcode 0x72 at 0x0006
I/System.out(29129): body:<com.mixpanel.android.mpmetrics.l: java.lang.String b(java.lang.String,java.lang.String,com.mixpanel.android.mpmetrics.bf)>	sig:$r1 = staticinvoke <java.net.URLEncoder: java.lang.String encode(java.lang.String,java.lang.String)>($r1, "utf-8")	timediff:0
D/dalvikvm(29129): GC_CONCURRENT freed 339K, 14% free 3465K/3988K, paused 2ms+1ms, total 6ms
I/AppsFlyer_1.17(29129): Start tracking package: com.ztrip
W/MixpanelAPI.ConfigurationChecker(29129): com.mixpanel.android.surveys.k is not registered as an activity in your application, so surveys can't be shown.
I/MixpanelAPI.ConfigurationChecker(29129): Please add the child tag <activity android:name="com.mixpanel.android.surveys.SurveyActivity" /> to your <application> tag.
W/DebugConnManager(29129): getNetworkInfo() on networkType 1
D/BluetoothManagerService(  481): Message: 20
D/BluetoothManagerService(  481): Added callback: android.bluetooth.IBluetoothManagerCallback$Stub$Proxy@4a98e6f4:true
I/AppsFlyer_1.17-026776595(29129): ******* sendTrackingWithEvent: Launch
W/AppsFlyer_1.17(29129): Permission android.permission.ACCESS_WIFI_STATE is missing in the AndroidManifest.xml
W/DebugConnManager(29129): getNetworkInfo() on networkType 1
W/DebugConnManager(29129): getNetworkInfo() on networkType 0
E/ActivityThread(29129): Failed to find provider info for com.facebook.katana.provider.AttributionIdProvider
D/Request (29129): Warning: Sessionless Request needs token but missing either application ID or client token.
I/System.out(29129): body:<com.facebook.Request: java.net.HttpURLConnection toHttpConnection(com.facebook.RequestBatch)>	sig:specialinvoke $r2.<java.net.URL: void <init>(java.lang.String)>($r3)	timediff:0
I/System.out(29129): <com.facebook.Request: java.net.HttpURLConnection toHttpConnection(com.facebook.RequestBatch)>###specialinvoke $r2.<java.net.URL: void <init>(java.lang.String)>($r3)###https://graph.facebook.com/v2.2/296487877208543/activities?format=json&sdk=android
I/System.out(29129): body:<com.facebook.Request: java.net.HttpURLConnection createConnection(java.net.URL)>	sig:$r1 = virtualinvoke $r0.<java.net.URL: java.net.URLConnection openConnection()>()	timediff:2
I/System.out(29129): body:<com.facebook.Request: java.net.HttpURLConnection createConnection(java.net.URL)>	sig:virtualinvoke $r2.<java.net.HttpURLConnection: void setRequestProperty(java.lang.String,java.lang.String)>("User-Agent", $r3)	timediff:0
I/System.out(29129): body:<com.facebook.Request: java.net.HttpURLConnection createConnection(java.net.URL)>	sig:virtualinvoke $r2.<java.net.HttpURLConnection: void setRequestProperty(java.lang.String,java.lang.String)>("Accept-Language", $r3)	timediff:0
I/System.out(29129): body:<com.facebook.Request: java.net.HttpURLConnection createConnection(java.net.URL)>	sig:virtualinvoke $r2.<java.net.HttpURLConnection: void setChunkedStreamingMode(int)>(0)	timediff:0
I/System.out(29129): body:<com.facebook.Request: void serializeToUrlConnection(com.facebook.RequestBatch,java.net.HttpURLConnection)>	sig:virtualinvoke $r1.<java.net.HttpURLConnection: void setRequestMethod(java.lang.String)>($r6)	timediff:0
I/System.out(29129): body:<com.facebook.Request: void setConnectionContentType(java.net.HttpURLConnection,boolean)>	sig:virtualinvoke $r0.<java.net.HttpURLConnection: void setRequestProperty(java.lang.String,java.lang.String)>("Content-Type", "application/x-www-form-urlencoded")	timediff:0
I/System.out(29129): body:<com.facebook.Request: void setConnectionContentType(java.net.HttpURLConnection,boolean)>	sig:virtualinvoke $r0.<java.net.HttpURLConnection: void setRequestProperty(java.lang.String,java.lang.String)>("Content-Encoding", "gzip")	timediff:0
I/System.out(29129): body:<com.facebook.Request: void serializeToUrlConnection(com.facebook.RequestBatch,java.net.HttpURLConnection)>	sig:$r7 = virtualinvoke $r1.<java.net.HttpURLConnection: java.net.URL getURL()>()	timediff:0
I/System.out(29129): body:<com.facebook.Request: void serializeToUrlConnection(com.facebook.RequestBatch,java.net.HttpURLConnection)>	sig:$r6 = virtualinvoke $r1.<java.net.HttpURLConnection: java.lang.String getRequestMethod()>()	timediff:0
I/System.out(29129): body:<com.facebook.Request: void serializeToUrlConnection(com.facebook.RequestBatch,java.net.HttpURLConnection)>	sig:$r6 = virtualinvoke $r1.<java.net.HttpURLConnection: java.lang.String getRequestProperty(java.lang.String)>("User-Agent")	timediff:0
I/System.out(29129): body:<com.facebook.Request: void serializeToUrlConnection(com.facebook.RequestBatch,java.net.HttpURLConnection)>	sig:$r6 = virtualinvoke $r1.<java.net.HttpURLConnection: java.lang.String getRequestProperty(java.lang.String)>("Content-Type")	timediff:0
I/System.out(29129): body:<com.facebook.Request: void serializeToUrlConnection(com.facebook.RequestBatch,java.net.HttpURLConnection)>	sig:virtualinvoke $r1.<java.net.HttpURLConnection: void setConnectTimeout(int)>($i2)	timediff:0
I/System.out(29129): body:<com.facebook.Request: void serializeToUrlConnection(com.facebook.RequestBatch,java.net.HttpURLConnection)>	sig:virtualinvoke $r1.<java.net.HttpURLConnection: void setReadTimeout(int)>($i2)	timediff:0
I/System.out(29129): body:<com.facebook.Request: void serializeToUrlConnection(com.facebook.RequestBatch,java.net.HttpURLConnection)>	sig:virtualinvoke $r1.<java.net.HttpURLConnection: void setDoOutput(boolean)>(1)	timediff:0
D/dalvikvm(29129): GC_CONCURRENT freed 328K, 9% free 3695K/4020K, paused 2ms+2ms, total 15ms
I/System.out(29129): body:<com.facebook.Request: java.net.HttpURLConnection toHttpConnection(com.facebook.RequestBatch)>	sig:specialinvoke $r2.<java.net.URL: void <init>(java.lang.String)>($r3)	timediff:10
I/System.out(29129): <com.facebook.Request: java.net.HttpURLConnection toHttpConnection(com.facebook.RequestBatch)>###specialinvoke $r2.<java.net.URL: void <init>(java.lang.String)>($r3)###https://graph.facebook.com/v2.2/296487877208543?fields=supports_implicit_sdk_logging%2Cgdpv4_nux_content%2Cgdpv4_nux_enabled%2Candroid_dialog_configs&format=json&sdk=android
E/ActivityThread(29129): Failed to find provider info for com.facebook.katana.provider.AttributionIdProvider
E/ActivityThread(29129): Failed to find provider info for com.facebook.katana.provider.AttributionIdProvider
I/System.out(29129): body:<com.facebook.Request: java.net.HttpURLConnection createConnection(java.net.URL)>	sig:$r1 = virtualinvoke $r0.<java.net.URL: java.net.URLConnection openConnection()>()	timediff:0
I/System.out(29129): body:<com.facebook.Request: java.net.HttpURLConnection createConnection(java.net.URL)>	sig:virtualinvoke $r2.<java.net.HttpURLConnection: void setRequestProperty(java.lang.String,java.lang.String)>("User-Agent", $r3)	timediff:0
I/System.out(29129): body:<com.facebook.Request: java.net.HttpURLConnection createConnection(java.net.URL)>	sig:virtualinvoke $r2.<java.net.HttpURLConnection: void setRequestProperty(java.lang.String,java.lang.String)>("Accept-Language", $r3)	timediff:0
I/System.out(29129): body:<com.facebook.Request: java.net.HttpURLConnection createConnection(java.net.URL)>	sig:virtualinvoke $r2.<java.net.HttpURLConnection: void setChunkedStreamingMode(int)>(0)	timediff:0
I/System.out(29129): body:<com.facebook.Request: void serializeToUrlConnection(com.facebook.RequestBatch,java.net.HttpURLConnection)>	sig:virtualinvoke $r1.<java.net.HttpURLConnection: void setRequestMethod(java.lang.String)>($r6)	timediff:0
I/System.out(29129): body:<com.facebook.Request: void setConnectionContentType(java.net.HttpURLConnection,boolean)>	sig:virtualinvoke $r0.<java.net.HttpURLConnection: void setRequestProperty(java.lang.String,java.lang.String)>("Content-Type", "application/x-www-form-urlencoded")	timediff:0
I/System.out(29129): body:<com.facebook.Request: void setConnectionContentType(java.net.HttpURLConnection,boolean)>	sig:virtualinvoke $r0.<java.net.HttpURLConnection: void setRequestProperty(java.lang.String,java.lang.String)>("Content-Encoding", "gzip")	timediff:0
I/System.out(29129): body:<com.facebook.Request: void serializeToUrlConnection(com.facebook.RequestBatch,java.net.HttpURLConnection)>	sig:$r7 = virtualinvoke $r1.<java.net.HttpURLConnection: java.net.URL getURL()>()	timediff:0
I/System.out(29129): body:<com.facebook.Request: void serializeToUrlConnection(com.facebook.RequestBatch,java.net.HttpURLConnection)>	sig:$r6 = virtualinvoke $r1.<java.net.HttpURLConnection: java.lang.String getRequestMethod()>()	timediff:0
I/System.out(29129): body:<com.facebook.Request: void serializeToUrlConnection(com.facebook.RequestBatch,java.net.HttpURLConnection)>	sig:$r6 = virtualinvoke $r1.<java.net.HttpURLConnection: java.lang.String getRequestProperty(java.lang.String)>("User-Agent")	timediff:0
I/System.out(29129): body:<com.facebook.Request: void serializeToUrlConnection(com.facebook.RequestBatch,java.net.HttpURLConnection)>	sig:$r6 = virtualinvoke $r1.<java.net.HttpURLConnection: java.lang.String getRequestProperty(java.lang.String)>("Content-Type")	timediff:0
I/System.out(29129): body:<com.facebook.Request: void serializeToUrlConnection(com.facebook.RequestBatch,java.net.HttpURLConnection)>	sig:virtualinvoke $r1.<java.net.HttpURLConnection: void setConnectTimeout(int)>($i2)	timediff:0
I/System.out(29129): body:<com.facebook.Request: void serializeToUrlConnection(com.facebook.RequestBatch,java.net.HttpURLConnection)>	sig:virtualinvoke $r1.<java.net.HttpURLConnection: void setReadTimeout(int)>($i2)	timediff:0
I/System.out(29129): body:<com.facebook.internal.Utility: void disconnectQuietly(java.net.URLConnection)>	sig:virtualinvoke $r1.<java.net.HttpURLConnection: void disconnect()>()	timediff:0
D/dalvikvm(29129): GC_FOR_ALLOC freed 178K, 11% free 3602K/4020K, paused 3ms, total 3ms
I/dalvikvm-heap(29129): Grow heap (frag case) to 6.351MB for 2908172-byte allocation
D/dalvikvm(29129): GC_FOR_ALLOC freed <1K, 7% free 6441K/6864K, paused 2ms, total 2ms
D/dalvikvm(29129): GC_CONCURRENT freed 4K, 7% free 6437K/6864K, paused 0ms+0ms, total 3ms
W/FlurryAgent(29129): Flurry session started for context:com.ztrip.AppSplash@4a7c3b98
W/FlurryAgent(29129): Flurry session resumed for context:com.ztrip.AppSplash@4a7c3b98
I/AppsFlyer_1.17(29129): WARNING:checkPlatform Not Built using Unity 22.
D/AppsFlyer_1.17(29129): AppsFlyer: first launch detected
I/AppsFlyer_1.17(29129): AppsFlyer: first launch date: 2018-04-17_0946-0700
I/System.out(29129): AppsFlyerLib.sendTrackingWithEvent
I/System.out(29129): body:<com.appsflyer.b: java.lang.String d(java.util.Map)>	sig:$r6 = staticinvoke <java.net.URLEncoder: java.lang.String encode(java.lang.String,java.lang.String)>($r6, "UTF-8")	timediff:0
I/System.out(29129): body:<com.appsflyer.b: java.lang.String d(java.util.Map)>	sig:$r6 = staticinvoke <java.net.URLEncoder: java.lang.String encode(java.lang.String,java.lang.String)>($r6, "UTF-8")	timediff:0
I/System.out(29129): body:<com.appsflyer.b: java.lang.String d(java.util.Map)>	sig:$r6 = staticinvoke <java.net.URLEncoder: java.lang.String encode(java.lang.String,java.lang.String)>($r6, "UTF-8")	timediff:0
I/System.out(29129): body:<com.appsflyer.b: java.lang.String d(java.util.Map)>	sig:$r6 = staticinvoke <java.net.URLEncoder: java.lang.String encode(java.lang.String,java.lang.String)>($r6, "UTF-8")	timediff:0
I/System.out(29129): body:<com.appsflyer.b: java.lang.String d(java.util.Map)>	sig:$r6 = staticinvoke <java.net.URLEncoder: java.lang.String encode(java.lang.String,java.lang.String)>($r6, "UTF-8")	timediff:0
I/System.out(29129): body:<com.appsflyer.b: java.lang.String d(java.util.Map)>	sig:$r6 = staticinvoke <java.net.URLEncoder: java.lang.String encode(java.lang.String,java.lang.String)>($r6, "UTF-8")	timediff:0
I/System.out(29129): body:<com.appsflyer.b: java.lang.String d(java.util.Map)>	sig:$r6 = staticinvoke <java.net.URLEncoder: java.lang.String encode(java.lang.String,java.lang.String)>($r6, "UTF-8")	timediff:0
I/System.out(29129): body:<com.appsflyer.b: java.lang.String d(java.util.Map)>	sig:$r6 = staticinvoke <java.net.URLEncoder: java.lang.String encode(java.lang.String,java.lang.String)>($r6, "UTF-8")	timediff:0
I/System.out(29129): body:<com.appsflyer.b: java.lang.String d(java.util.Map)>	sig:$r6 = staticinvoke <java.net.URLEncoder: java.lang.String encode(java.lang.String,java.lang.String)>($r6, "UTF-8")	timediff:0
I/System.out(29129): body:<com.appsflyer.b: java.lang.String d(java.util.Map)>	sig:$r6 = staticinvoke <java.net.URLEncoder: java.lang.String encode(java.lang.String,java.lang.String)>($r6, "UTF-8")	timediff:0
I/System.out(29129): body:<com.appsflyer.b: java.lang.String d(java.util.Map)>	sig:$r6 = staticinvoke <java.net.URLEncoder: java.lang.String encode(java.lang.String,java.lang.String)>($r6, "UTF-8")	timediff:0
I/System.out(29129): body:<com.appsflyer.b: java.lang.String d(java.util.Map)>	sig:$r6 = staticinvoke <java.net.URLEncoder: java.lang.String encode(java.lang.String,java.lang.String)>($r6, "UTF-8")	timediff:0
I/System.out(29129): body:<com.appsflyer.b: java.lang.String d(java.util.Map)>	sig:$r6 = staticinvoke <java.net.URLEncoder: java.lang.String encode(java.lang.String,java.lang.String)>($r6, "UTF-8")	timediff:0
I/System.out(29129): body:<com.appsflyer.b: java.lang.String d(java.util.Map)>	sig:$r6 = staticinvoke <java.net.URLEncoder: java.lang.String encode(java.lang.String,java.lang.String)>($r6, "UTF-8")	timediff:0
I/System.out(29129): body:<com.appsflyer.b: java.lang.String d(java.util.Map)>	sig:$r6 = staticinvoke <java.net.URLEncoder: java.lang.String encode(java.lang.String,java.lang.String)>($r6, "UTF-8")	timediff:0
I/System.out(29129): body:<com.appsflyer.b: java.lang.String d(java.util.Map)>	sig:$r6 = staticinvoke <java.net.URLEncoder: java.lang.String encode(java.lang.String,java.lang.String)>($r6, "UTF-8")	timediff:0
I/System.out(29129): body:<com.appsflyer.b: java.lang.String d(java.util.Map)>	sig:$r6 = staticinvoke <java.net.URLEncoder: java.lang.String encode(java.lang.String,java.lang.String)>($r6, "UTF-8")	timediff:0
I/System.out(29129): body:<com.appsflyer.b: java.lang.String d(java.util.Map)>	sig:$r6 = staticinvoke <java.net.URLEncoder: java.lang.String encode(java.lang.String,java.lang.String)>($r6, "UTF-8")	timediff:0
I/System.out(29129): body:<com.appsflyer.b: java.lang.String d(java.util.Map)>	sig:$r6 = staticinvoke <java.net.URLEncoder: java.lang.String encode(java.lang.String,java.lang.String)>($r6, "UTF-8")	timediff:0
I/System.out(29129): body:<com.appsflyer.b: java.lang.String d(java.util.Map)>	sig:$r6 = staticinvoke <java.net.URLEncoder: java.lang.String encode(java.lang.String,java.lang.String)>($r6, "UTF-8")	timediff:0
I/System.out(29129): body:<com.appsflyer.b: java.lang.String d(java.util.Map)>	sig:$r6 = staticinvoke <java.net.URLEncoder: java.lang.String encode(java.lang.String,java.lang.String)>($r6, "UTF-8")	timediff:0
I/System.out(29129): body:<com.appsflyer.b: java.lang.String d(java.util.Map)>	sig:$r6 = staticinvoke <java.net.URLEncoder: java.lang.String encode(java.lang.String,java.lang.String)>($r6, "UTF-8")	timediff:0
I/System.out(29129): body:<com.appsflyer.b: java.lang.String d(java.util.Map)>	sig:$r6 = staticinvoke <java.net.URLEncoder: java.lang.String encode(java.lang.String,java.lang.String)>($r6, "UTF-8")	timediff:0
I/System.out(29129): body:<com.appsflyer.b: java.lang.String d(java.util.Map)>	sig:$r6 = staticinvoke <java.net.URLEncoder: java.lang.String encode(java.lang.String,java.lang.String)>($r6, "UTF-8")	timediff:0
I/System.out(29129): body:<com.appsflyer.b: java.lang.String d(java.util.Map)>	sig:$r6 = staticinvoke <java.net.URLEncoder: java.lang.String encode(java.lang.String,java.lang.String)>($r6, "UTF-8")	timediff:0
I/System.out(29129): body:<com.appsflyer.b: java.lang.String d(java.util.Map)>	sig:$r6 = staticinvoke <java.net.URLEncoder: java.lang.String encode(java.lang.String,java.lang.String)>($r6, "UTF-8")	timediff:0
I/System.out(29129): body:<com.appsflyer.b: java.lang.String d(java.util.Map)>	sig:$r6 = staticinvoke <java.net.URLEncoder: java.lang.String encode(java.lang.String,java.lang.String)>($r6, "UTF-8")	timediff:0
I/System.out(29129): body:<com.appsflyer.b: java.lang.String d(java.util.Map)>	sig:$r6 = staticinvoke <java.net.URLEncoder: java.lang.String encode(java.lang.String,java.lang.String)>($r6, "UTF-8")	timediff:0
I/System.out(29129): body:<com.appsflyer.b: java.lang.String d(java.util.Map)>	sig:$r6 = staticinvoke <java.net.URLEncoder: java.lang.String encode(java.lang.String,java.lang.String)>($r6, "UTF-8")	timediff:0
I/System.out(29129): body:<com.appsflyer.b: java.lang.String d(java.util.Map)>	sig:$r6 = staticinvoke <java.net.URLEncoder: java.lang.String encode(java.lang.String,java.lang.String)>($r6, "UTF-8")	timediff:0
I/System.out(29129): body:<com.appsflyer.b: java.lang.String d(java.util.Map)>	sig:$r6 = staticinvoke <java.net.URLEncoder: java.lang.String encode(java.lang.String,java.lang.String)>($r6, "UTF-8")	timediff:0
I/System.out(29129): body:<com.appsflyer.b: java.lang.String d(java.util.Map)>	sig:$r6 = staticinvoke <java.net.URLEncoder: java.lang.String encode(java.lang.String,java.lang.String)>($r6, "UTF-8")	timediff:0
I/System.out(29129): body:<com.appsflyer.b: void b(java.lang.String,java.lang.String,java.lang.String,java.lang.ref.WeakReference,java.lang.String,java.lang.String,boolean)>	sig:specialinvoke $r6.<java.net.URL: void <init>(java.lang.String)>($r0)	timediff:1
I/System.out(29129): <com.appsflyer.b: void b(java.lang.String,java.lang.String,java.lang.String,java.lang.ref.WeakReference,java.lang.String,java.lang.String,boolean)>###specialinvoke $r6.<java.net.URL: void <init>(java.lang.String)>($r0)###https://t.appsflyer.com/api/v2.3/androidevent?buildnumber=1.17&app_id=com.ztrip
I/System.out(29129): body:<com.appsflyer.b: void b(java.lang.String,java.lang.String,java.lang.String,java.lang.ref.WeakReference,java.lang.String,java.lang.String,boolean)>	sig:$r10 = virtualinvoke $r6.<java.net.URL: java.lang.String toString()>()	timediff:0
I/AppsFlyer_1.17-026776595(29129): url: https://t.appsflyer.com/api/v2.3/androidevent?buildnumber=1.17&app_id=com.ztrip
I/System.out(29129): body:<com.appsflyer.b: void b(java.lang.String,java.lang.String,java.lang.String,java.lang.ref.WeakReference,java.lang.String,java.lang.String,boolean)>	sig:$r10 = virtualinvoke $r6.<java.net.URL: java.lang.String toString()>()	timediff:0
I/AppsFlyer_(29129): data: uid=1524026773294-3993034372190459001&model=SM-G955N&af_v=98c762c024d03623263840c3f4489e9acd3ce532&app_version_code=31&af_preinstalled=false&lang=English&network=unkown&android_id=b083feaa75293926&firstLaunchDate=2018-04-17_0946-0700&installDate=2018-04-17_0946-0700&deviceType=user&date2=2018-04-17_0946-0700&carrier=T-Mobile&iaecounter=1&advertiserIdEnabled=true&sdk=19&timepassedsincelastlaunch=0&dkh=kGdmjtY5&date1=2018-04-17_0946-0700&appsflyerKey=kG****************mFh4&counter=1&imei=354730020176834&operator=T-Mobile&country=US&isFirstCall=true&product=SM-G955N&af_timestamp=1524026776595&device=dream2lteks&brand=samsung&app_version_name=2.3.9&lang_code=en&advertiserId=3ae8f2f4-1b58-4ed6-816b-3ee6c7e3745e
I/System.out(29129): body:<com.appsflyer.b: void a(java.net.URL,java.lang.String,java.lang.String,java.lang.ref.WeakReference,java.lang.String,java.lang.String,boolean)>	sig:$r9 = virtualinvoke $r0.<java.net.URL: java.net.URLConnection openConnection()>()	timediff:0
I/System.out(29129): body:<com.appsflyer.b: void a(java.net.URL,java.lang.String,java.lang.String,java.lang.ref.WeakReference,java.lang.String,java.lang.String,boolean)>	sig:virtualinvoke $r10.<java.net.HttpURLConnection: void setRequestMethod(java.lang.String)>("POST")	timediff:0
I/System.out(29129): body:<com.appsflyer.b: void a(java.net.URL,java.lang.String,java.lang.String,java.lang.ref.WeakReference,java.lang.String,java.lang.String,boolean)>	sig:virtualinvoke $r10.<java.net.HttpURLConnection: void setRequestProperty(java.lang.String,java.lang.String)>("Content-Length", $r12)	timediff:0
I/System.out(29129): body:<com.appsflyer.b: void a(java.net.URL,java.lang.String,java.lang.String,java.lang.ref.WeakReference,java.lang.String,java.lang.String,boolean)>	sig:virtualinvoke $r10.<java.net.HttpURLConnection: void setRequestProperty(java.lang.String,java.lang.String)>("Connection", "close")	timediff:0
I/System.out(29129): body:<com.appsflyer.b: void a(java.net.URL,java.lang.String,java.lang.String,java.lang.ref.WeakReference,java.lang.String,java.lang.String,boolean)>	sig:virtualinvoke $r10.<java.net.HttpURLConnection: void setConnectTimeout(int)>(10000)	timediff:0
I/System.out(29129): body:<com.appsflyer.b: void a(java.net.URL,java.lang.String,java.lang.String,java.lang.ref.WeakReference,java.lang.String,java.lang.String,boolean)>	sig:virtualinvoke $r10.<java.net.HttpURLConnection: void setDoOutput(boolean)>(1)	timediff:0
I/System.out(29129): body:<com.appsflyer.b: void a(java.net.URL,java.lang.String,java.lang.String,java.lang.ref.WeakReference,java.lang.String,java.lang.String,boolean)>	sig:virtualinvoke $r10.<java.net.HttpURLConnection: void disconnect()>()	timediff:0
I/AppsFlyer_1.17-026776595(29129): failed to send requeset to server. Unable to resolve host "t.appsflyer.com": No address associated with hostname
I/System.out(29129): body:<b.a.a.a.a.e.e: java.lang.String a(java.lang.CharSequence)>	sig:specialinvoke $r2.<java.net.URL: void <init>(java.lang.String)>($r1)	timediff:0
I/System.out(29129): <b.a.a.a.a.e.e: java.lang.String a(java.lang.CharSequence)>###specialinvoke $r2.<java.net.URL: void <init>(java.lang.String)>($r1)###https://settings.crashlytics.com/spi/v2/platforms/android/apps/com.ztrip/settings?instance=f5d8c2e9074b467abfacf8e719e28e47670b4cdc&source=1&build_version=31&icon_hash=a56aaac8805f374de438ead011c5f76bfd4b4c69&display_version=2.3.9
I/System.out(29129): body:<b.a.a.a.a.e.e: java.lang.String a(java.lang.CharSequence)>	sig:$r3 = virtualinvoke $r2.<java.net.URL: java.lang.String getHost()>()	timediff:0
I/System.out(29129): body:<b.a.a.a.a.e.e: java.lang.String a(java.lang.CharSequence)>	sig:$i0 = virtualinvoke $r2.<java.net.URL: int getPort()>()	timediff:0
I/System.out(29129): body:<b.a.a.a.a.e.e: java.lang.String a(java.lang.CharSequence)>	sig:$r3 = virtualinvoke $r2.<java.net.URL: java.lang.String getProtocol()>()	timediff:0
I/System.out(29129): body:<b.a.a.a.a.e.e: java.lang.String a(java.lang.CharSequence)>	sig:$r6 = virtualinvoke $r2.<java.net.URL: java.lang.String getPath()>()	timediff:0
I/System.out(29129): body:<b.a.a.a.a.e.e: java.lang.String a(java.lang.CharSequence)>	sig:$r7 = virtualinvoke $r2.<java.net.URL: java.lang.String getQuery()>()	timediff:0
I/System.out(29129): body:<b.a.a.a.a.e.e: java.lang.String a(java.lang.CharSequence)>	sig:specialinvoke $r5.<java.net.URI: void <init>(java.lang.String,java.lang.String,java.lang.String,java.lang.String,java.lang.String)>($r3, $r1, $r6, $r7, null)	timediff:0
I/System.out(29129): body:<b.a.a.a.a.e.e: java.lang.String a(java.lang.CharSequence)>	sig:$r7 = virtualinvoke $r5.<java.net.URI: java.lang.String toASCIIString()>()	timediff:0
I/System.out(29129): body:<b.a.a.a.a.e.e: void <init>(java.lang.CharSequence,java.lang.String)>	sig:specialinvoke $r4.<java.net.URL: void <init>(java.lang.String)>($r3)	timediff:0
I/System.out(29129): <b.a.a.a.a.e.e: void <init>(java.lang.CharSequence,java.lang.String)>###specialinvoke $r4.<java.net.URL: void <init>(java.lang.String)>($r3)###https://settings.crashlytics.com/spi/v2/platforms/android/apps/com.ztrip/settings?instance=f5d8c2e9074b467abfacf8e719e28e47670b4cdc&source=1&build_version=31&icon_hash=a56aaac8805f374de438ead011c5f76bfd4b4c69&display_version=2.3.9
I/System.out(29129): body:<b.a.a.a.a.e.i: java.net.HttpURLConnection a(java.net.URL)>	sig:$r2 = virtualinvoke $r1.<java.net.URL: java.net.URLConnection openConnection()>()	timediff:0
I/System.out(29129): body:<b.a.a.a.a.e.e: java.net.HttpURLConnection r()>	sig:virtualinvoke $r5.<java.net.HttpURLConnection: void setRequestMethod(java.lang.String)>($r1)	timediff:0
I/System.out(29129): body:<b.a.a.a.a.e.e: b.a.a.a.a.e.e a(boolean)>	sig:virtualinvoke $r1.<java.net.HttpURLConnection: void setUseCaches(boolean)>($z0)	timediff:0
I/System.out(29129): body:<b.a.a.a.a.e.e: b.a.a.a.a.e.e a(int)>	sig:virtualinvoke $r1.<java.net.HttpURLConnection: void setConnectTimeout(int)>($i0)	timediff:0
I/System.out(29129): body:<b.a.a.a.a.e.e: b.a.a.a.a.e.e a(java.lang.String,java.lang.String)>	sig:virtualinvoke $r3.<java.net.HttpURLConnection: void setRequestProperty(java.lang.String,java.lang.String)>($r1, $r2)	timediff:0
I/System.out(29129): body:<b.a.a.a.a.e.e: b.a.a.a.a.e.e a(java.lang.String,java.lang.String)>	sig:virtualinvoke $r3.<java.net.HttpURLConnection: void setRequestProperty(java.lang.String,java.lang.String)>($r1, $r2)	timediff:0
I/System.out(29129): body:<b.a.a.a.a.e.e: b.a.a.a.a.e.e a(java.lang.String,java.lang.String)>	sig:virtualinvoke $r3.<java.net.HttpURLConnection: void setRequestProperty(java.lang.String,java.lang.String)>($r1, $r2)	timediff:0
I/System.out(29129): body:<b.a.a.a.a.e.e: b.a.a.a.a.e.e a(java.lang.String,java.lang.String)>	sig:virtualinvoke $r3.<java.net.HttpURLConnection: void setRequestProperty(java.lang.String,java.lang.String)>($r1, $r2)	timediff:0
I/System.out(29129): body:<b.a.a.a.a.e.e: b.a.a.a.a.e.e a(java.lang.String,java.lang.String)>	sig:virtualinvoke $r3.<java.net.HttpURLConnection: void setRequestProperty(java.lang.String,java.lang.String)>($r1, $r2)	timediff:0
I/System.out(29129): body:<b.a.a.a.a.e.e: b.a.a.a.a.e.e a(java.lang.String,java.lang.String)>	sig:virtualinvoke $r3.<java.net.HttpURLConnection: void setRequestProperty(java.lang.String,java.lang.String)>($r1, $r2)	timediff:0
I/System.out(29129): body:<b.a.a.a.a.e.e: b.a.a.a.a.e.e a(java.lang.String,java.lang.String)>	sig:virtualinvoke $r3.<java.net.HttpURLConnection: void setRequestProperty(java.lang.String,java.lang.String)>($r1, $r2)	timediff:0
I/System.out(29129): body:<b.a.a.a.a.e.e: java.lang.String b(java.lang.String)>	sig:$r1 = virtualinvoke $r2.<java.net.HttpURLConnection: java.lang.String getHeaderField(java.lang.String)>($r1)	timediff:0
E/Fabric  (29129): Unknown error while loading Crashlytics settings. Crashes will be cached until settings can be retrieved.
E/Answers (29129): Failed to retrieve settings
W/Fabric  (29129): Received null settings, skipping initialization!
W/SocketClient(  162): write error (Broken pipe)
D/libEGL  (29129): loaded /system/lib/egl/libEGL_adreno.so
D/        (29129): HostConnection::get() New Host Connection established 0xb88bb410, tid 29129
D/libEGL  (29129): loaded /system/lib/egl/libGLESv1_CM_adreno.so
D/libEGL  (29129): loaded /system/lib/egl/libGLESv2_adreno.so
W/EGL_emulation(29129): eglSurfaceAttrib not implemented 3093 12436
D/OpenGLRenderer(29129): Enabling debug mode 0
I/SampleTable(  169): There are reordered frames present.
I/OMXCodec(  169): [OMX.ffmpeg.h264.decoder] AVC profile = 77 (Main), level = 41
I/OMXCodec(  169): [OMX.ffmpeg.h264.decoder] video dimensions are 320 x 240
W/IInputConnectionWrapper(22316): showStatusIcon on inactive InputConnection
W/ContextImpl(  481): Calling a method in the system process without a qualified user: android.app.ContextImpl.sendBroadcast:1123 com.android.server.InputMethodManagerService.hideCurrentInputLocked:1880 com.android.server.InputMethodManagerService.windowGainedFocus:1968 com.android.internal.view.IInputMethodManager$Stub.onTransact:221 com.android.server.InputMethodManagerService.onTransact:818 
D/MediaPlayer(29129): getMetadata
I/ActivityManager(  481): Displayed com.ztrip/.AppSplash: +456ms
I/OMXCodec(  169): [OMX.ffmpeg.h264.decoder] video dimensions are 640 x 1136
D/        (  169): HostConnection::get() New Host Connection established 0xb7f6aab0, tid 29190
W/MediaPlayer(29129): info/warning (3, 0)
I/WindowManager(  481): Screen frozen for +498ms due to Window{4a99f814 u0 com.ztrip/com.ztrip.AppSplash}
I/ActivityManager(  481): START u0 {act=android.intent.action.MAIN cat=[android.intent.category.LAUNCHER] flg=0x10200000 cmp=com.ztrip/.AppSplash} from pid 29119
D/dalvikvm(29129): GC_FOR_ALLOC freed 573K, 9% free 6896K/7536K, paused 4ms, total 4ms
I/ActivityManager(  481): START u0 {cmp=com.ztrip/.SignInActivity} from pid 29129
D/dalvikvm(22316): GC_CONCURRENT freed 3325K, 32% free 7393K/10792K, paused 2ms+3ms, total 8ms
W/NetworkManagementSocketTagger(  481): setKernelCountSet(10017, 0) failed with errno -13
W/FlurryAgent(29129): Flurry session resumed for context:com.ztrip.SignInActivity@4a7b47ec
W/DebugConnManager(29129): getNetworkInfo() on networkType 1
W/EGL_emulation(29129): eglSurfaceAttrib not implemented 3093 12436
W/ViewRootImpl(29129): Dropping event due to no window focus: KeyEvent { action=ACTION_DOWN, keyCode=KEYCODE_MENU, scanCode=0, metaState=0, flags=0x8, repeatCount=0, eventTime=1531233, downTime=1531233, deviceId=-1, source=0x101 }
I/ActivityManager(  481): Displayed com.ztrip/.SignInActivity: +167ms
W/ContextImpl(  481): Calling a method in the system process without a qualified user: android.app.ContextImpl.sendBroadcast:1123 com.android.server.InputMethodManagerService.hideCurrentInputLocked:1880 com.android.server.InputMethodManagerService.windowGainedFocus:1968 com.android.internal.view.IInputMethodManager$Stub.onTransact:221 com.android.server.InputMethodManagerService.onTransact:818 
W/TimedEventQueue(  169): Event 46 was not found in the queue, already cancelled?
D/        (  169): HostConnection::get() New Host Connection established 0xb7f1bda0, tid 6468
W/InputManager(  481): Input event injection from pid 29119 failed.
W/InputManager(  481): Input event injection from pid 29119 failed.
W/EGL_emulation(29129): eglSurfaceAttrib not implemented 3093 12436
E/ActivityThread(29129): Failed to find provider info for com.facebook.katana.provider.AttributionIdProvider
D/dalvikvm(29129): GC_FOR_ALLOC freed 193K, 6% free 7789K/8256K, paused 4ms, total 4ms
W/EGL_emulation(29129): eglSurfaceAttrib not implemented 3093 12436
I/SampleTable(  169): There are reordered frames present.
I/OMXCodec(  169): [OMX.ffmpeg.h264.decoder] AVC profile = 77 (Main), level = 41
I/OMXCodec(  169): [OMX.ffmpeg.h264.decoder] video dimensions are 320 x 240
W/ViewRootImpl(29129): Dropping event due to no window focus: KeyEvent { action=ACTION_DOWN, keyCode=KEYCODE_NUMPAD_LEFT_PAREN, scanCode=0, metaState=0, flags=0x8, repeatCount=0, eventTime=1531718, downTime=1531718, deviceId=-1, source=0x101 }
W/ContextImpl(  481): Calling a method in the system process without a qualified user: android.app.ContextImpl.sendBroadcast:1123 com.android.server.InputMethodManagerService.hideCurrentInputLocked:1880 com.android.server.InputMethodManagerService.windowGainedFocus:1968 com.android.internal.view.IInputMethodManager$Stub.onTransact:221 com.android.server.InputMethodManagerService.onTransact:818 
D/MediaPlayer(29129): getMetadata
I/ActivityManager(  481): START u0 {act=android.intent.action.CALL_BUTTON flg=0x10000000} from pid 29129
W/PhoneFallbackEventHandler(29129): No activity found for android.intent.action.CALL_BUTTON.
I/OMXCodec(  169): [OMX.ffmpeg.h264.decoder] video dimensions are 640 x 1136
D/        (  169): HostConnection::get() New Host Connection established 0xb7f39a10, tid 29204
W/MediaPlayer(29129): info/warning (3, 0)
W/ViewRootImpl(29129): Dropping event due to no window focus: KeyEvent { action=ACTION_DOWN, keyCode=KEYCODE_NUMPAD_7, scanCode=0, metaState=0, flags=0x8, repeatCount=0, eventTime=1531893, downTime=1531893, deviceId=-1, source=0x101 }
W/ViewRootImpl(29129): Dropping event due to no window focus: KeyEvent { action=ACTION_DOWN, keyCode=KEYCODE_MOVE_HOME, scanCode=0, metaState=0, flags=0x8, repeatCount=0, eventTime=1531893, downTime=1531893, deviceId=-1, source=0x101 }
D/dalvikvm( 1873): GC_FOR_ALLOC freed 2101K, 62% free 4885K/12768K, paused 2ms, total 2ms
I/dalvikvm-heap( 1873): Grow heap (frag case) to 8.346MB for 3686412-byte allocation
D/dalvikvm( 1873): GC_FOR_ALLOC freed 7K, 34% free 8478K/12768K, paused 2ms, total 2ms
D/dalvikvm( 1873): GC_CONCURRENT freed <1K, 34% free 8477K/12768K, paused 2ms+1ms, total 4ms
W/EGL_emulation( 1873): eglSurfaceAttrib not implemented 3093 12436
W/EGL_emulation(29129): eglSurfaceAttrib not implemented 3093 12436
W/ViewRootImpl(29129): Dropping event due to no window focus: MotionEvent { action=ACTION_MOVE, id[0]=0, x[0]=3.0, y[0]=-1.0, toolType[0]=TOOL_TYPE_UNKNOWN, buttonState=0, metaState=0, flags=0x0, edgeFlags=0x0, pointerCount=1, historySize=9, eventTime=1531903, downTime=-1, deviceId=0, source=0x10004 }
W/ViewRootImpl(29129): Dropping event due to no window focus: MotionEvent { action=ACTION_DOWN, id[0]=0, x[0]=0.0, y[0]=0.0, toolType[0]=TOOL_TYPE_UNKNOWN, buttonState=0, metaState=0, flags=0x0, edgeFlags=0x0, pointerCount=1, historySize=0, eventTime=1531903, downTime=1531899, deviceId=0, source=0x10004 }
W/ViewRootImpl(29129): Dropping event due to no window focus: KeyEvent { action=ACTION_DOWN, keyCode=KEYCODE_AT, scanCode=0, metaState=0, flags=0x8, repeatCount=0, eventTime=1531903, downTime=1531903, deviceId=-1, source=0x101 }
W/InputMethodManagerService(  481): Window already focused, ignoring focus gain of: com.android.internal.view.IInputMethodClient$Stub$Proxy@4ab01314 attribute=null, token = android.os.BinderProxy@4ab02d2c
W/ViewRootImpl(29129): Dropping event due to no window focus: KeyEvent { action=ACTION_DOWN, keyCode=KEYCODE_DPAD_UP, scanCode=0, metaState=0, flags=0x8, repeatCount=0, eventTime=1532339, downTime=1532339, deviceId=-1, source=0x101 }
W/EGL_emulation(29129): eglSurfaceAttrib not implemented 3093 12436
W/ViewRootImpl(29129): Dropping event due to no window focus: KeyEvent { action=ACTION_DOWN, keyCode=KEYCODE_DPAD_UP, scanCode=0, metaState=0, flags=0x8, repeatCount=0, eventTime=1532353, downTime=1532353, deviceId=-1, source=0x101 }
W/InputManager(  481): Input event injection from pid 29119 failed.
W/ViewRootImpl(29129): Dropping event due to no window focus: KeyEvent { action=ACTION_DOWN, keyCode=KEYCODE_DPAD_CENTER, scanCode=0, metaState=0, flags=0x8, repeatCount=0, eventTime=1532431, downTime=1532431, deviceId=-1, source=0x101 }
W/InputMethodManagerService(  481): Window already focused, ignoring focus gain of: com.android.internal.view.IInputMethodClient$Stub$Proxy@4ab02a94 attribute=null, token = android.os.BinderProxy@4ab02d2c
I/ActivityManager(  481): START u0 {cmp=com.ztrip/.SignInActivity} from pid 29129
W/FlurryAgent(29129): Flurry session resumed for context:com.ztrip.SignInActivity@4a7cfc74
W/DebugConnManager(29129): getNetworkInfo() on networkType 1
W/EGL_emulation(29129): eglSurfaceAttrib not implemented 3093 12436
W/ContextImpl(  481): Calling a method in the system process without a qualified user: android.app.ContextImpl.sendBroadcast:1123 com.android.server.InputMethodManagerService.hideCurrentInputLocked:1880 com.android.server.InputMethodManagerService.windowGainedFocus:1968 com.android.internal.view.IInputMethodManager$Stub.onTransact:221 com.android.server.InputMethodManagerService.onTransact:818 
I/ActivityManager(  481): Displayed com.ztrip/.SignInActivity: +97ms
W/DebugConnManager(29129): getNetworkInfo() on networkType 1
W/TimedEventQueue(  169): Event 56 was not found in the queue, already cancelled?
D/        (  169): HostConnection::get() New Host Connection established 0xb7f32470, tid 504
W/FlurryAgent(29129): Flurry session paused for context:com.ztrip.SignInActivity@4a7b47ec
E/WindowManager(29129): 
E/WindowManager(29129): android.view.WindowLeaked: Activity com.ztrip.SignInActivity has leaked window com.android.internal.policy.impl.PhoneWindow$DecorView{4a987d8c V.E..... R.....ID 0,0-684,190} that was originally added here
E/WindowManager(29129): 	at android.view.ViewRootImpl.<init>(ViewRootImpl.java:348)
E/WindowManager(29129): 	at android.view.WindowManagerGlobal.addView(WindowManagerGlobal.java:248)
E/WindowManager(29129): 	at android.view.WindowManagerImpl.addView(WindowManagerImpl.java:69)
E/WindowManager(29129): 	at android.app.Dialog.show(Dialog.java:286)
E/WindowManager(29129): 	at com.ztrip.utils.f.a(dalvik_source_com.ztrip.apk)
E/WindowManager(29129): 	at com.ztrip.utils.f.a(dalvik_source_com.ztrip.apk)
E/WindowManager(29129): 	at com.ztrip.utils.f.a(dalvik_source_com.ztrip.apk)
E/WindowManager(29129): 	at com.ztrip.SignInActivity.i(dalvik_source_com.ztrip.apk)
E/WindowManager(29129): 	at com.ztrip.SignInActivity.j(dalvik_source_com.ztrip.apk)
E/WindowManager(29129): 	at com.ztrip.SignInActivity.onClick(dalvik_source_com.ztrip.apk)
E/WindowManager(29129): 	at android.view.View.performClick(View.java:4438)
E/WindowManager(29129): 	at android.view.View$PerformClick.run(View.java:18422)
E/WindowManager(29129): 	at android.os.Handler.handleCallback(Handler.java:733)
E/WindowManager(29129): 	at android.os.Handler.dispatchMessage(Handler.java:95)
E/WindowManager(29129): 	at android.os.Looper.loop(Looper.java:136)
E/WindowManager(29129): 	at android.app.ActivityThread.main(ActivityThread.java:5019)
E/WindowManager(29129): 	at java.lang.reflect.Method.invokeNative(Native Method)
E/WindowManager(29129): 	at java.lang.reflect.Method.invoke(Method.java:515)
E/WindowManager(29129): 	at com.android.internal.os.ZygoteInit$MethodAndArgsCaller.run(ZygoteInit.java:779)
E/WindowManager(29129): 	at com.android.internal.os.ZygoteInit.main(ZygoteInit.java:595)
E/WindowManager(29129): 	at dalvik.system.NativeStart.main(Native Method)
W/FlurryAgent(29129): Flurry session paused for context:com.ztrip.AppSplash@4a7c3b98
V/FlingTracker(  534): computeCurrentVelocity warning: totalweight=0
V/FlingTracker(  534): java.lang.Throwable
V/FlingTracker(  534): 	at com.android.systemui.statusbar.phone.PanelView$FlingTracker.computeCurrentVelocity(PanelView.java:162)
V/FlingTracker(  534): 	at com.android.systemui.statusbar.phone.PanelView$3.onTouch(PanelView.java:462)
V/FlingTracker(  534): 	at android.view.View.dispatchTouchEvent(View.java:7701)
V/FlingTracker(  534): 	at com.android.systemui.statusbar.phone.NotificationPanelView.onTouchEvent(NotificationPanelView.java:138)
V/FlingTracker(  534): 	at com.android.systemui.statusbar.phone.PanelBar.onTouchEvent(PanelBar.java:130)
V/FlingTracker(  534): 	at com.android.systemui.statusbar.phone.PhoneStatusBarView.onTouchEvent(PhoneStatusBarView.java:201)
V/FlingTracker(  534): 	at android.view.View.dispatchTouchEvent(View.java:7706)
V/FlingTracker(  534): 	at android.view.ViewGroup.dispatchTransformedTouchEvent(ViewGroup.java:2210)
V/FlingTracker(  534): 	at android.view.ViewGroup.dispatchTouchEvent(ViewGroup.java:1945)
V/FlingTracker(  534): 	at android.view.ViewGroup.dispatchTransformedTouchEvent(ViewGroup.java:2216)
V/FlingTracker(  534): 	at android.view.ViewGroup.dispatchTouchEvent(ViewGroup.java:1959)
V/FlingTracker(  534): 	at android.view.View.dispatchPointerEvent(View.java:7886)
V/FlingTracker(  534): 	at android.view.ViewRootImpl$ViewPostImeInputStage.processPointerEvent(ViewRootImpl.java:3978)
V/FlingTracker(  534): 	at android.view.ViewRootImpl$ViewPostImeInputStage.onProcess(ViewRootImpl.java:3857)
V/FlingTracker(  534): 	at android.view.ViewRootImpl$InputStage.deliver(ViewRootImpl.java:3423)
V/FlingTracker(  534): 	at android.view.ViewRootImpl$InputStage.onDeliverToNext(ViewRootImpl.java:3473)
V/FlingTracker(  534): 	at android.view.ViewRootImpl$InputStage.forward(ViewRootImpl.java:3442)
V/FlingTracker(  534): 	at android.view.ViewRootImpl$AsyncInputStage.forward(ViewRootImpl.java:3549)
V/FlingTracker(  534): 	at android.view.ViewRootImpl$InputStage.apply(ViewRootImpl.java:3450)
V/FlingTracker(  534): 	at android.view.ViewRootImpl$AsyncInputStage.apply(ViewRootImpl.java:3606)
V/FlingTracker(  534): 	at android.view.ViewRootImpl$InputStage.deliver(ViewRootImpl.java:3423)
V/FlingTracker(  534): 	at android.view.ViewRootImpl$InputStage.onDeliverToNext(ViewRootImpl.java:3473)
V/FlingTracker(  534): 	at android.view.ViewRootImpl$InputStage.forward(ViewRootImpl.java:3442)
V/FlingTracker(  534): 	at android.view.ViewRootImpl$InputStage.apply(ViewRootImpl.java:3450)
V/FlingTracker(  534): 	at android.view.ViewRootImpl$InputStage.deliver(ViewRootImpl.java:3423)
V/FlingTracker(  534): 	at android.view.ViewRootImpl.deliverInputEvent(ViewRootImpl.java:5626)
V/FlingTracker(  534): 	at android.view.ViewRootImpl.doProcessInputEvents(ViewRootImpl.java:5606)
V/FlingTracker(  534): 	at android.view.ViewRootImpl.enqueueInputEvent(ViewRootImpl.java:5577)
V/FlingTracker(  534): 	at android.view.ViewRootImpl$WindowInputEventReceiver.onInputEvent(ViewRootImpl.java:5706)
V/FlingTracker(  534): 	at android.view.InputEventReceiver.dispatchInputEvent(InputEventReceiver.java:185)
V/FlingTracker(  534): 	at android.os.MessageQueue.nativePollOnce(Native Method)
V/FlingTracker(  534): 	at android.os.MessageQueue.next(MessageQueue.java:138)
V/FlingTracker(  534): 	at android.os.Looper.loop(Looper.java:123)
V/FlingTracker(  534): 	at android.app.ActivityThread.main(ActivityThread.java:5019)
V/FlingTracker(  534): 	at java.lang.reflect.Method.invokeNative(Native Method)
V/FlingTracker(  534): 	at java.lang.reflect.Method.invoke(Method.java:515)
V/FlingTracker(  534): 	at com.android.internal.os.ZygoteInit$MethodAndArgsCaller.run(ZygoteInit.java:779)
V/FlingTracker(  534): 	at com.android.internal.os.ZygoteInit.main(ZygoteInit.java:595)
V/FlingTracker(  534): 	at dalvik.system.NativeStart.main(Native Method)
V/PanelView(  534): animationTick called with dtms=0; nothing to do (h=0.0 v=0.0)
