D/dalvikvm(11706): GC_FOR_ALLOC freed <1K, 10% free 6301K/6996K, paused 41ms, total 41ms
I/System.out(11706): body:<com.c.b.gv: void n()>	sig:$r15 = virtualinvoke $r4.<java.net.HttpURLConnection: java.io.OutputStream getOutputStream()>()	timediff:232
W/FlurryAgent(11706): Event count started: Places View
W/FlurryAgent(11706): Event count started: Open app
I/System.out(11706): body:<com.c.b.gv: void n()>	sig:$i0 = virtualinvoke $r4.<java.net.HttpURLConnection: int getResponseCode()>()	timediff:37
I/System.out(11706): body:<com.c.b.gv: void n()>	sig:$r17 = virtualinvoke $r4.<java.net.HttpURLConnection: java.util.Map getHeaderFields()>()	timediff:0
I/System.out(11706): body:<com.c.b.gv: void n()>	sig:$r22 = virtualinvoke $r4.<java.net.HttpURLConnection: java.io.InputStream getInputStream()>()	timediff:0
I/System.out(11706): body:<empirical.HelperClass: void printURLInfo(java.lang.String,java.lang.String,java.net.URLConnection)>	sig:$r0 = virtualinvoke urlConnection.<java.net.URLConnection: java.net.URL getURL()>()	timediff:0
I/System.out(11706): body:<empirical.HelperClass: void printURLInfo(java.lang.String,java.lang.String,java.net.URLConnection)>	sig:urlString = virtualinvoke $r0.<java.net.URL: java.lang.String toString()>()	timediff:0
I/System.out(11706): body:<empirical.HelperClass: void printURLInfo(java.lang.String,java.lang.String,java.net.URLConnection)>	sig:isDoOutput = virtualinvoke urlConnection.<java.net.URLConnection: boolean getDoOutput()>()	timediff:1
I/System.out(11706): body:<empirical.HelperClass: java.lang.String getHeaderField(java.net.URLConnection,java.lang.String)>	sig:data = virtualinvoke conn.<java.net.URLConnection: java.lang.String getHeaderField(java.lang.String)>(field)	timediff:0
I/System.out(11706): body:<empirical.HelperClass: java.lang.String getHeaderField(java.net.URLConnection,java.lang.String)>	sig:data = virtualinvoke conn.<java.net.URLConnection: java.lang.String getHeaderField(java.lang.String)>(field)	timediff:0
I/System.out(11706): body:<empirical.HelperClass: java.lang.String getHeaderField(java.net.URLConnection,java.lang.String)>	sig:data = virtualinvoke conn.<java.net.URLConnection: java.lang.String getHeaderField(java.lang.String)>(field)	timediff:0
I/System.out(11706): body:<empirical.HelperClass: java.lang.String getHeaderField(java.net.URLConnection,java.lang.String)>	sig:data = virtualinvoke conn.<java.net.URLConnection: java.lang.String getHeaderField(java.lang.String)>(field)	timediff:0
I/System.out(11706): body:<empirical.HelperClass: java.lang.String getHeaderField(java.net.URLConnection,java.lang.String)>	sig:data = virtualinvoke conn.<java.net.URLConnection: java.lang.String getHeaderField(java.lang.String)>(field)	timediff:0
I/System.out(11706): URLConn;%;7;%;<com.c.b.gv: void n()>;%;$r22 = virtualinvoke $r4.<java.net.HttpURLConnection: java.io.InputStream getInputStream()>();%;https://data.flurry.com/aap.do;%;true;%;Not found;%;Not found;%;Not found;%;0;%;Not found
I/System.out(11706): body:<com.c.b.gv: void p()>	sig:virtualinvoke $r1.<java.net.HttpURLConnection: void disconnect()>()	timediff:0
W/FlurryAgent(11706): Analytics report sent.
I/dalvikvm(11706): Could not find method android.widget.RelativeLayout.<init>, referenced from method com.sixdays.truckerpath.view.usertips.UserTipBlockView.<init>
W/dalvikvm(11706): VFY: unable to resolve direct method 16249: Landroid/widget/RelativeLayout;.<init> (Landroid/content/Context;Landroid/util/AttributeSet;II)V
D/dalvikvm(11706): VFY: replacing opcode 0x70 at 0x0000
D/dalvikvm(11706): GC_CONCURRENT freed 1206K, 17% free 6271K/7540K, paused 2ms+3ms, total 19ms
D/dalvikvm(11706): WAIT_FOR_CONCURRENT_GC blocked 1ms
I/u       (11706): Making Creator dynamically
I/dalvikvm(11706): Could not find method android.content.ContextWrapper.createCredentialProtectedStorageContext, referenced from method iwr.createCredentialProtectedStorageContext
W/dalvikvm(11706): VFY: unable to resolve virtual method 2411: Landroid/content/ContextWrapper;.createCredentialProtectedStorageContext ()Landroid/content/Context;
D/dalvikvm(11706): VFY: replacing opcode 0x6f at 0x0002
I/dalvikvm(11706): Could not find method android.content.ContextWrapper.createDeviceProtectedStorageContext, referenced from method iwr.createDeviceProtectedStorageContext
W/dalvikvm(11706): VFY: unable to resolve virtual method 2412: Landroid/content/ContextWrapper;.createDeviceProtectedStorageContext ()Landroid/content/Context;
D/dalvikvm(11706): VFY: replacing opcode 0x6f at 0x0002
I/dalvikvm(11706): Could not find method android.content.ContextWrapper.createCredentialProtectedStorageContext, referenced from method com.google.android.chimera.ModuleContext.createCredentialProtectedStorageContext
W/dalvikvm(11706): VFY: unable to resolve virtual method 2411: Landroid/content/ContextWrapper;.createCredentialProtectedStorageContext ()Landroid/content/Context;
D/dalvikvm(11706): VFY: replacing opcode 0x6f at 0x0002
I/dalvikvm(11706): Could not find method android.content.ContextWrapper.createDeviceProtectedStorageContext, referenced from method com.google.android.chimera.ModuleContext.createDeviceProtectedStorageContext
W/dalvikvm(11706): VFY: unable to resolve virtual method 2412: Landroid/content/ContextWrapper;.createDeviceProtectedStorageContext ()Landroid/content/Context;
D/dalvikvm(11706): VFY: replacing opcode 0x6f at 0x0002
I/dalvikvm(11706): Could not find method android.content.Context.isCredentialProtectedStorage, referenced from method cub.a
W/dalvikvm(11706): VFY: unable to resolve virtual method 2391: Landroid/content/Context;.isCredentialProtectedStorage ()Z
D/dalvikvm(11706): VFY: replacing opcode 0x6e at 0x0000
I/dalvikvm(11706): Could not find method android.os.UserManager.isUserUnlocked, referenced from method cub.a
W/dalvikvm(11706): VFY: unable to resolve virtual method 3028: Landroid/os/UserManager;.isUserUnlocked ()Z
D/dalvikvm(11706): VFY: replacing opcode 0x6e at 0x001a
I/dalvikvm(11706): Could not find method android.content.Context.isDeviceProtectedStorage, referenced from method cub.b
W/dalvikvm(11706): VFY: unable to resolve virtual method 2392: Landroid/content/Context;.isDeviceProtectedStorage ()Z
D/dalvikvm(11706): VFY: replacing opcode 0x6e at 0x0000
I/dalvikvm(11706): Could not find method android.content.Context.isDeviceProtectedStorage, referenced from method cub.c
W/dalvikvm(11706): VFY: unable to resolve virtual method 2392: Landroid/content/Context;.isDeviceProtectedStorage ()Z
D/dalvikvm(11706): VFY: replacing opcode 0x6e at 0x0000
I/dalvikvm(11706): Could not find method android.system.Os.readlink, referenced from method cuq.a
W/dalvikvm(11706): VFY: unable to resolve static method 3047: Landroid/system/Os;.readlink (Ljava/lang/String;)Ljava/lang/String;
D/dalvikvm(11706): VFY: replacing opcode 0x71 at 0x0000
I/dalvikvm(11706): Could not find method android.system.Os.stat, referenced from method cuq.a
W/dalvikvm(11706): VFY: unable to resolve static method 3048: Landroid/system/Os;.stat (Ljava/lang/String;)Landroid/system/StructStat;
D/dalvikvm(11706): VFY: replacing opcode 0x71 at 0x0042
I/dalvikvm(11706): Could not find method android.system.Os.symlink, referenced from method cuq.a
W/dalvikvm(11706): VFY: unable to resolve static method 3049: Landroid/system/Os;.symlink (Ljava/lang/String;Ljava/lang/String;)V
D/dalvikvm(11706): VFY: replacing opcode 0x71 at 0x013b
I/dalvikvm(11706): DexOpt: unable to optimize instance field ref 0x04a1 at 0x46 in Lcuq;.a
I/dalvikvm(11706): DexOpt: unable to optimize static field ref 0x049c at 0x48 in Lcuq;.a
I/dalvikvm(11706): DexOpt: unable to optimize static field ref 0x049a at 0x4a in Lcuq;.a
I/dalvikvm(11706): DexOpt: unable to optimize static field ref 0x049b at 0x4d in Lcuq;.a
I/dalvikvm(11706): DexOpt: unable to optimize static field ref 0x049d at 0x57 in Lcuq;.a
I/dalvikvm(11706): DexOpt: unable to optimize static field ref 0x04a0 at 0x5f in Lcuq;.a
I/dalvikvm(11706): DexOpt: unable to optimize static field ref 0x049e at 0x61 in Lcuq;.a
I/dalvikvm(11706): DexOpt: unable to optimize static field ref 0x049f at 0x64 in Lcuq;.a
I/dalvikvm(11706): DexOpt: unable to optimize static field ref 0x049c at 0x7f in Lcuq;.a
I/dalvikvm(11706): DexOpt: unable to optimize static field ref 0x04a0 at 0x90 in Lcuq;.a
I/dalvikvm(11706): Could not find method android.content.Context.createDeviceProtectedStorageContext, referenced from method jvu.a
W/dalvikvm(11706): VFY: unable to resolve virtual method 2362: Landroid/content/Context;.createDeviceProtectedStorageContext ()Landroid/content/Context;
D/dalvikvm(11706): VFY: replacing opcode 0x6e at 0x0029
I/dalvikvm(11706): Could not find method android.content.Context.getSystemService, referenced from method jvu.b
W/dalvikvm(11706): VFY: unable to resolve virtual method 2387: Landroid/content/Context;.getSystemService (Ljava/lang/Class;)Ljava/lang/Object;
D/dalvikvm(11706): VFY: replacing opcode 0x6e at 0x000b
D/dalvikvm(11706): DexOpt: couldn't find static field Landroid/os/Build;.SUPPORTED_64_BIT_ABIS
W/dalvikvm(11706): VFY: unable to resolve static field 1157 (SUPPORTED_64_BIT_ABIS) in Landroid/os/Build;
D/dalvikvm(11706): VFY: replacing opcode 0x62 at 0x0012
D/dalvikvm(11706): DexOpt: couldn't find static field Landroid/os/Build;.SUPPORTED_32_BIT_ABIS
W/dalvikvm(11706): VFY: unable to resolve static field 1156 (SUPPORTED_32_BIT_ABIS) in Landroid/os/Build;
D/dalvikvm(11706): VFY: replacing opcode 0x62 at 0x0021
D/dalvikvm(11706): DexOpt: couldn't find static field Landroid/os/Build;.SUPPORTED_ABIS
W/dalvikvm(11706): VFY: unable to resolve static field 1158 (SUPPORTED_ABIS) in Landroid/os/Build;
D/dalvikvm(11706): VFY: replacing opcode 0x62 at 0x0008
D/dalvikvm(11706): DexOpt: couldn't find static field Landroid/os/Build;.SUPPORTED_64_BIT_ABIS
W/dalvikvm(11706): VFY: unable to resolve static field 1157 (SUPPORTED_64_BIT_ABIS) in Landroid/os/Build;
D/dalvikvm(11706): VFY: replacing opcode 0x62 at 0x0008
D/dalvikvm(11706): DexOpt: couldn't find static field Landroid/os/Build;.SUPPORTED_64_BIT_ABIS
I/dalvikvm(11706): DexOpt: unable to optimize static field ref 0x0485 at 0x17 in Lcwd;.a
D/dalvikvm(11706): DexOpt: couldn't find static field Landroid/os/Build;.SUPPORTED_32_BIT_ABIS
I/dalvikvm(11706): DexOpt: unable to optimize static field ref 0x0484 at 0x26 in Lcwd;.a
D/dalvikvm(11706): DexOpt: couldn't find static field Landroid/os/Build;.SUPPORTED_64_BIT_ABIS
I/dalvikvm(11706): DexOpt: unable to optimize static field ref 0x0485 at 0x0d in Lcwd;.b
I/Google Maps Android API(11706): Google Play services client version: 9877000
I/Google Maps Android API(11706): Google Play services package version: 12221070
I/dalvikvm(11706): Could not find method android.content.pm.PackageManager.isInstantApp, referenced from method com.google.maps.api.android.lib6.drd.an.a
W/dalvikvm(11706): VFY: unable to resolve virtual method 741: Landroid/content/pm/PackageManager;.isInstantApp (Ljava/lang/String;)Z
D/dalvikvm(11706): VFY: replacing opcode 0x6e at 0x0056
I/dalvikvm(11706): Could not find method android.content.pm.PackageManager.getPackageInstaller, referenced from method ht.a
W/dalvikvm(11706): VFY: unable to resolve virtual method 734: Landroid/content/pm/PackageManager;.getPackageInstaller ()Landroid/content/pm/PackageInstaller;
D/dalvikvm(11706): VFY: replacing opcode 0x6e at 0x0017
I/dalvikvm(11706): Could not find method android.content.pm.PackageManager.isInstantApp, referenced from method ow.a
W/dalvikvm(11706): VFY: unable to resolve virtual method 740: Landroid/content/pm/PackageManager;.isInstantApp ()Z
D/dalvikvm(11706): VFY: replacing opcode 0x6e at 0x0028
D/dalvikvm(11706): GC_CONCURRENT freed 739K, 12% free 6691K/7540K, paused 1ms+1ms, total 10ms
I/dalvikvm(11706): Could not find method android.app.NotificationManager.getNotificationChannel, referenced from method he.a
W/dalvikvm(11706): VFY: unable to resolve virtual method 651: Landroid/app/NotificationManager;.getNotificationChannel (Ljava/lang/String;)Landroid/app/NotificationChannel;
D/dalvikvm(11706): VFY: replacing opcode 0x6e at 0x000c
I/dalvikvm(11706): Could not find method android.app.Notification$Builder.setChannelId, referenced from method he.a
W/dalvikvm(11706): VFY: unable to resolve virtual method 607: Landroid/app/Notification$Builder;.setChannelId (Ljava/lang/String;)Landroid/app/Notification$Builder;
D/dalvikvm(11706): VFY: replacing opcode 0x6e at 0x0086
D/dalvikvm(11706): DexOpt: unable to opt direct call 0x0286 at 0x19 in Lhe;.a
I/dalvikvm(11706): Could not find method android.content.Context.isDeviceProtectedStorage, referenced from method rw.a
W/dalvikvm(11706): VFY: unable to resolve virtual method 683: Landroid/content/Context;.isDeviceProtectedStorage ()Z
D/dalvikvm(11706): VFY: replacing opcode 0x6e at 0x0017
I/dalvikvm(11706): Could not find method android.app.AppOpsManager.permissionToOp, referenced from method rw.c
W/dalvikvm(11706): VFY: unable to resolve static method 563: Landroid/app/AppOpsManager;.permissionToOp (Ljava/lang/String;)Ljava/lang/String;
D/dalvikvm(11706): VFY: replacing opcode 0x71 at 0x0045
I/dalvikvm(11706): Could not find method android.content.Context.getSystemService, referenced from method rw.c
W/dalvikvm(11706): VFY: unable to resolve virtual method 680: Landroid/content/Context;.getSystemService (Ljava/lang/Class;)Ljava/lang/Object;
D/dalvikvm(11706): VFY: replacing opcode 0x6e at 0x0068
I/dalvikvm(11706): Could not find method android.content.Context.isDeviceProtectedStorage, referenced from method rw.a
W/dalvikvm(11706): VFY: unable to resolve virtual method 683: Landroid/content/Context;.isDeviceProtectedStorage ()Z
D/dalvikvm(11706): VFY: replacing opcode 0x6e at 0x005d
I/dalvikvm(11706): Could not find method android.content.Context.isDeviceProtectedStorage, referenced from method tm.a
W/dalvikvm(11706): VFY: unable to resolve virtual method 683: Landroid/content/Context;.isDeviceProtectedStorage ()Z
D/dalvikvm(11706): VFY: replacing opcode 0x6e at 0x0009
I/System.out(11706): body:<io.fabric.sdk.android.a.e.d: int b()>	sig:$i0 = virtualinvoke $r2.<java.net.HttpURLConnection: int getResponseCode()>()	timediff:617
I/System.out(11706): body:<io.fabric.sdk.android.a.e.d: java.lang.String b(java.lang.String)>	sig:$r1 = virtualinvoke $r2.<java.net.HttpURLConnection: java.lang.String getHeaderField(java.lang.String)>($r1)	timediff:0
I/System.out(11706): body:<io.fabric.sdk.android.a.e.d: int a(java.lang.String,int)>	sig:$i0 = virtualinvoke $r2.<java.net.HttpURLConnection: int getHeaderFieldInt(java.lang.String,int)>($r1, $i0)	timediff:0
I/System.out(11706): body:<io.fabric.sdk.android.a.e.d: int b()>	sig:$i0 = virtualinvoke $r2.<java.net.HttpURLConnection: int getResponseCode()>()	timediff:0
I/System.out(11706): body:<io.fabric.sdk.android.a.e.d: java.io.InputStream g()>	sig:$r2 = virtualinvoke $r1.<java.net.HttpURLConnection: java.io.InputStream getInputStream()>()	timediff:0
I/System.out(11706): body:<empirical.HelperClass: void printURLInfo(java.lang.String,java.lang.String,java.net.URLConnection)>	sig:$r0 = virtualinvoke urlConnection.<java.net.URLConnection: java.net.URL getURL()>()	timediff:0
I/System.out(11706): body:<empirical.HelperClass: void printURLInfo(java.lang.String,java.lang.String,java.net.URLConnection)>	sig:urlString = virtualinvoke $r0.<java.net.URL: java.lang.String toString()>()	timediff:0
I/System.out(11706): body:<empirical.HelperClass: void printURLInfo(java.lang.String,java.lang.String,java.net.URLConnection)>	sig:isDoOutput = virtualinvoke urlConnection.<java.net.URLConnection: boolean getDoOutput()>()	timediff:0
I/System.out(11706): body:<empirical.HelperClass: java.lang.String getHeaderField(java.net.URLConnection,java.lang.String)>	sig:data = virtualinvoke conn.<java.net.URLConnection: java.lang.String getHeaderField(java.lang.String)>(field)	timediff:0
I/System.out(11706): body:<empirical.HelperClass: java.lang.String getHeaderField(java.net.URLConnection,java.lang.String)>	sig:data = virtualinvoke conn.<java.net.URLConnection: java.lang.String getHeaderField(java.lang.String)>(field)	timediff:0
I/System.out(11706): body:<empirical.HelperClass: java.lang.String getHeaderField(java.net.URLConnection,java.lang.String)>	sig:data = virtualinvoke conn.<java.net.URLConnection: java.lang.String getHeaderField(java.lang.String)>(field)	timediff:0
I/System.out(11706): body:<empirical.HelperClass: java.lang.String getHeaderField(java.net.URLConnection,java.lang.String)>	sig:data = virtualinvoke conn.<java.net.URLConnection: java.lang.String getHeaderField(java.lang.String)>(field)	timediff:0
I/System.out(11706): body:<empirical.HelperClass: java.lang.String getHeaderField(java.net.URLConnection,java.lang.String)>	sig:data = virtualinvoke conn.<java.net.URLConnection: java.lang.String getHeaderField(java.lang.String)>(field)	timediff:0
I/System.out(11706): URLConn;%;8;%;<io.fabric.sdk.android.a.e.d: java.io.InputStream g()>;%;$r2 = virtualinvoke $r1.<java.net.HttpURLConnection: java.io.InputStream getInputStream()>();%;https://settings.crashlytics.com/spi/v2/platforms/android/apps/com.sixdays.truckerpath/settings?instance=749ebb1b6d41e9c5607116a5b5e0527cf2430091&source=1&build_version=1293&icon_hash=faa7d074429239322b73475c118c4512a192e732&display_version=1.78.0;%;false;%;Not found;%;Not found;%;Not found;%;Not found;%;Not found
I/System.out(11706): body:<io.fabric.sdk.android.a.e.d: java.lang.String b(java.lang.String)>	sig:$r1 = virtualinvoke $r2.<java.net.HttpURLConnection: java.lang.String getHeaderField(java.lang.String)>($r1)	timediff:0
D/dalvikvm(11706): GC_CONCURRENT freed 827K, 12% free 7171K/8060K, paused 1ms+1ms, total 10ms
D/dalvikvm(11706): WAIT_FOR_CONCURRENT_GC blocked 9ms
D/dalvikvm(11706): WAIT_FOR_CONCURRENT_GC blocked 9ms
D/dalvikvm(11706): WAIT_FOR_CONCURRENT_GC blocked 9ms
D/dalvikvm(11706): WAIT_FOR_CONCURRENT_GC blocked 9ms
D/dalvikvm(11706): WAIT_FOR_CONCURRENT_GC blocked 11ms
D/dalvikvm(11706): WAIT_FOR_CONCURRENT_GC blocked 11ms
D/dalvikvm(11706): WAIT_FOR_CONCURRENT_GC blocked 10ms
I/System.out(11706): body:<io.fabric.sdk.android.a.e.d: java.lang.String a(java.lang.CharSequence)>	sig:specialinvoke $r2.<java.net.URL: void <init>(java.lang.String)>($r1)	timediff:0
I/System.out(11706): <io.fabric.sdk.android.a.e.d: java.lang.String a(java.lang.CharSequence)>###specialinvoke $r2.<java.net.URL: void <init>(java.lang.String)>($r1)###https://e.crashlytics.com/spi/v2/events
I/System.out(11706): body:<io.fabric.sdk.android.a.e.d: java.lang.String a(java.lang.CharSequence)>	sig:$r3 = virtualinvoke $r2.<java.net.URL: java.lang.String getHost()>()	timediff:0
I/System.out(11706): body:<io.fabric.sdk.android.a.e.d: java.lang.String a(java.lang.CharSequence)>	sig:$i0 = virtualinvoke $r2.<java.net.URL: int getPort()>()	timediff:0
I/System.out(11706): body:<io.fabric.sdk.android.a.e.d: java.lang.String a(java.lang.CharSequence)>	sig:$r3 = virtualinvoke $r2.<java.net.URL: java.lang.String getProtocol()>()	timediff:0
I/System.out(11706): body:<io.fabric.sdk.android.a.e.d: java.lang.String a(java.lang.CharSequence)>	sig:$r6 = virtualinvoke $r2.<java.net.URL: java.lang.String getPath()>()	timediff:0
I/System.out(11706): body:<io.fabric.sdk.android.a.e.d: java.lang.String a(java.lang.CharSequence)>	sig:$r7 = virtualinvoke $r2.<java.net.URL: java.lang.String getQuery()>()	timediff:0
I/System.out(11706): body:<io.fabric.sdk.android.a.e.d: java.lang.String a(java.lang.CharSequence)>	sig:specialinvoke $r5.<java.net.URI: void <init>(java.lang.String,java.lang.String,java.lang.String,java.lang.String,java.lang.String)>($r3, $r1, $r6, $r7, null)	timediff:0
I/System.out(11706): body:<io.fabric.sdk.android.a.e.d: java.lang.String a(java.lang.CharSequence)>	sig:$r7 = virtualinvoke $r5.<java.net.URI: java.lang.String toASCIIString()>()	timediff:0
I/System.out(11706): body:<io.fabric.sdk.android.a.e.d: void <init>(java.lang.CharSequence,java.lang.String)>	sig:specialinvoke $r4.<java.net.URL: void <init>(java.lang.String)>($r3)	timediff:0
I/System.out(11706): <io.fabric.sdk.android.a.e.d: void <init>(java.lang.CharSequence,java.lang.String)>###specialinvoke $r4.<java.net.URL: void <init>(java.lang.String)>($r3)###https://e.crashlytics.com/spi/v2/events
I/System.out(11706): body:<io.fabric.sdk.android.a.e.d$b$1: java.net.HttpURLConnection a(java.net.URL)>	sig:$r2 = virtualinvoke $r1.<java.net.URL: java.net.URLConnection openConnection()>()	timediff:0
I/System.out(11706): body:<io.fabric.sdk.android.a.e.d: java.net.HttpURLConnection r()>	sig:virtualinvoke $r5.<java.net.HttpURLConnection: void setRequestMethod(java.lang.String)>($r1)	timediff:0
I/System.out(11706): body:<io.fabric.sdk.android.a.e.d: io.fabric.sdk.android.a.e.d a(boolean)>	sig:virtualinvoke $r1.<java.net.HttpURLConnection: void setUseCaches(boolean)>($z0)	timediff:0
I/System.out(11706): body:<io.fabric.sdk.android.a.e.d: io.fabric.sdk.android.a.e.d a(int)>	sig:virtualinvoke $r1.<java.net.HttpURLConnection: void setConnectTimeout(int)>($i0)	timediff:0
I/System.out(11706): body:<io.fabric.sdk.android.a.e.d: io.fabric.sdk.android.a.e.d a(java.lang.String,java.lang.String)>	sig:virtualinvoke $r3.<java.net.HttpURLConnection: void setRequestProperty(java.lang.String,java.lang.String)>($r1, $r2)	timediff:0
I/System.out(11706): body:<io.fabric.sdk.android.a.e.d: io.fabric.sdk.android.a.e.d a(java.lang.String,java.lang.String)>	sig:virtualinvoke $r3.<java.net.HttpURLConnection: void setRequestProperty(java.lang.String,java.lang.String)>($r1, $r2)	timediff:0
I/System.out(11706): body:<io.fabric.sdk.android.a.e.d: io.fabric.sdk.android.a.e.d a(java.lang.String,java.lang.String)>	sig:virtualinvoke $r3.<java.net.HttpURLConnection: void setRequestProperty(java.lang.String,java.lang.String)>($r1, $r2)	timediff:0
I/System.out(11706): body:<io.fabric.sdk.android.a.e.d: io.fabric.sdk.android.a.e.d a(java.lang.String,java.lang.String)>	sig:virtualinvoke $r3.<java.net.HttpURLConnection: void setRequestProperty(java.lang.String,java.lang.String)>($r1, $r2)	timediff:0
I/System.out(11706): body:<io.fabric.sdk.android.a.e.d: io.fabric.sdk.android.a.e.d a(java.lang.String,java.lang.String)>	sig:virtualinvoke $r3.<java.net.HttpURLConnection: void setRequestProperty(java.lang.String,java.lang.String)>($r1, $r2)	timediff:0
I/System.out(11706): body:<io.fabric.sdk.android.a.e.d: io.fabric.sdk.android.a.e.d a(java.lang.String,java.lang.String)>	sig:virtualinvoke $r3.<java.net.HttpURLConnection: void setRequestProperty(java.lang.String,java.lang.String)>($r1, $r2)	timediff:0
I/System.out(11706): body:<io.fabric.sdk.android.a.e.d: io.fabric.sdk.android.a.e.d m()>	sig:virtualinvoke $r2.<java.net.HttpURLConnection: void setDoOutput(boolean)>(1)	timediff:0
I/System.out(11706): body:<io.fabric.sdk.android.a.e.d: io.fabric.sdk.android.a.e.d m()>	sig:$r3 = virtualinvoke $r2.<java.net.HttpURLConnection: java.lang.String getRequestProperty(java.lang.String)>("Content-Type")	timediff:0
D/dalvikvm(11706): WAIT_FOR_CONCURRENT_GC blocked 12ms
D/dalvikvm(11706): WAIT_FOR_CONCURRENT_GC blocked 14ms
D/dalvikvm(11706): GC_CONCURRENT freed 962K, 12% free 7675K/8700K, paused 2ms+1ms, total 13ms
D/dalvikvm(11706): WAIT_FOR_CONCURRENT_GC blocked 6ms
D/dalvikvm(11706): WAIT_FOR_CONCURRENT_GC blocked 7ms
D/dalvikvm(11706): WAIT_FOR_CONCURRENT_GC blocked 15ms
D/dalvikvm(11706): WAIT_FOR_CONCURRENT_GC blocked 15ms
D/dalvikvm(11706): WAIT_FOR_CONCURRENT_GC blocked 17ms
D/dalvikvm(11706): WAIT_FOR_CONCURRENT_GC blocked 18ms
D/dalvikvm(11706): WAIT_FOR_CONCURRENT_GC blocked 18ms
D/dalvikvm(11706): WAIT_FOR_CONCURRENT_GC blocked 16ms
D/dalvikvm(11706): WAIT_FOR_CONCURRENT_GC blocked 19ms
W/EGL_emulation(11706): eglSurfaceAttrib not implemented 3093 12436
D/dalvikvm(11706): GC_FOR_ALLOC freed 924K, 11% free 8315K/9308K, paused 11ms, total 11ms
D/dalvikvm(11706): GC_CONCURRENT freed 106K, 7% free 8919K/9572K, paused 2ms+2ms, total 14ms
W/ViewRootImpl(11706): Dropping event due to no window focus: KeyEvent { action=ACTION_DOWN, keyCode=KEYCODE_DPAD_UP, scanCode=0, metaState=0, flags=0x8, repeatCount=0, eventTime=6588217, downTime=6588217, deviceId=-1, source=0x101 }
I/dalvikvm(11706): Could not find method android.app.Notification$Builder.setColor, referenced from method com.mixpanel.android.mpmetrics.g.d
W/dalvikvm(11706): VFY: unable to resolve virtual method 399: Landroid/app/Notification$Builder;.setColor (I)Landroid/app/Notification$Builder;
D/dalvikvm(11706): VFY: replacing opcode 0x6e at 0x0055
W/ViewRootImpl(11706): Dropping event due to no window focus: MotionEvent { action=ACTION_MOVE, id[0]=0, x[0]=-1.0, y[0]=0.0, toolType[0]=TOOL_TYPE_UNKNOWN, buttonState=0, metaState=0, flags=0x0, edgeFlags=0x0, pointerCount=1, historySize=9, eventTime=6588860, downTime=-1, deviceId=0, source=0x10004 }
D/dalvikvm(11706): GC_FOR_ALLOC freed 391K, 5% free 9337K/9792K, paused 8ms, total 8ms
I/dalvikvm-heap(11706): Grow heap (frag case) to 12.693MB for 3686412-byte allocation
D/dalvikvm(11706): GC_FOR_ALLOC freed 2K, 4% free 12934K/13396K, paused 9ms, total 9ms
D/        (11706): HostConnection::get() New Host Connection established 0xb8a97ce0, tid 11859
D/dalvikvm(11706): GC_CONCURRENT freed 78K, 4% free 12975K/13396K, paused 2ms+2ms, total 14ms
I/System.out(11706): body:<io.fabric.sdk.android.a.e.d: io.fabric.sdk.android.a.e.d m()>	sig:$r4 = virtualinvoke $r2.<java.net.HttpURLConnection: java.io.OutputStream getOutputStream()>()	timediff:322
I/System.out(11706): body:<io.fabric.sdk.android.a.e.d: int b()>	sig:$i0 = virtualinvoke $r2.<java.net.HttpURLConnection: int getResponseCode()>()	timediff:73
I/System.out(11706): body:<io.fabric.sdk.android.a.e.d: java.lang.String a(java.lang.CharSequence)>	sig:specialinvoke $r2.<java.net.URL: void <init>(java.lang.String)>($r1)	timediff:0
I/System.out(11706): <io.fabric.sdk.android.a.e.d: java.lang.String a(java.lang.CharSequence)>###specialinvoke $r2.<java.net.URL: void <init>(java.lang.String)>($r1)###https://e.crashlytics.com/spi/v2/events
I/System.out(11706): body:<io.fabric.sdk.android.a.e.d: java.lang.String a(java.lang.CharSequence)>	sig:$r3 = virtualinvoke $r2.<java.net.URL: java.lang.String getHost()>()	timediff:0
I/System.out(11706): body:<io.fabric.sdk.android.a.e.d: java.lang.String a(java.lang.CharSequence)>	sig:$i0 = virtualinvoke $r2.<java.net.URL: int getPort()>()	timediff:0
I/System.out(11706): body:<io.fabric.sdk.android.a.e.d: java.lang.String a(java.lang.CharSequence)>	sig:$r3 = virtualinvoke $r2.<java.net.URL: java.lang.String getProtocol()>()	timediff:0
I/System.out(11706): body:<io.fabric.sdk.android.a.e.d: java.lang.String a(java.lang.CharSequence)>	sig:$r6 = virtualinvoke $r2.<java.net.URL: java.lang.String getPath()>()	timediff:0
I/System.out(11706): body:<io.fabric.sdk.android.a.e.d: java.lang.String a(java.lang.CharSequence)>	sig:$r7 = virtualinvoke $r2.<java.net.URL: java.lang.String getQuery()>()	timediff:0
I/System.out(11706): body:<io.fabric.sdk.android.a.e.d: java.lang.String a(java.lang.CharSequence)>	sig:specialinvoke $r5.<java.net.URI: void <init>(java.lang.String,java.lang.String,java.lang.String,java.lang.String,java.lang.String)>($r3, $r1, $r6, $r7, null)	timediff:0
I/System.out(11706): body:<io.fabric.sdk.android.a.e.d: java.lang.String a(java.lang.CharSequence)>	sig:$r7 = virtualinvoke $r5.<java.net.URI: java.lang.String toASCIIString()>()	timediff:0
I/System.out(11706): body:<io.fabric.sdk.android.a.e.d: void <init>(java.lang.CharSequence,java.lang.String)>	sig:specialinvoke $r4.<java.net.URL: void <init>(java.lang.String)>($r3)	timediff:0
I/System.out(11706): <io.fabric.sdk.android.a.e.d: void <init>(java.lang.CharSequence,java.lang.String)>###specialinvoke $r4.<java.net.URL: void <init>(java.lang.String)>($r3)###https://e.crashlytics.com/spi/v2/events
I/System.out(11706): body:<io.fabric.sdk.android.a.e.d$b$1: java.net.HttpURLConnection a(java.net.URL)>	sig:$r2 = virtualinvoke $r1.<java.net.URL: java.net.URLConnection openConnection()>()	timediff:0
I/System.out(11706): body:<io.fabric.sdk.android.a.e.d: java.net.HttpURLConnection r()>	sig:virtualinvoke $r5.<java.net.HttpURLConnection: void setRequestMethod(java.lang.String)>($r1)	timediff:0
I/System.out(11706): body:<io.fabric.sdk.android.a.e.d: io.fabric.sdk.android.a.e.d a(boolean)>	sig:virtualinvoke $r1.<java.net.HttpURLConnection: void setUseCaches(boolean)>($z0)	timediff:0
I/System.out(11706): body:<io.fabric.sdk.android.a.e.d: io.fabric.sdk.android.a.e.d a(int)>	sig:virtualinvoke $r1.<java.net.HttpURLConnection: void setConnectTimeout(int)>($i0)	timediff:0
I/System.out(11706): body:<io.fabric.sdk.android.a.e.d: io.fabric.sdk.android.a.e.d a(java.lang.String,java.lang.String)>	sig:virtualinvoke $r3.<java.net.HttpURLConnection: void setRequestProperty(java.lang.String,java.lang.String)>($r1, $r2)	timediff:0
I/System.out(11706): body:<io.fabric.sdk.android.a.e.d: io.fabric.sdk.android.a.e.d a(java.lang.String,java.lang.String)>	sig:virtualinvoke $r3.<java.net.HttpURLConnection: void setRequestProperty(java.lang.String,java.lang.String)>($r1, $r2)	timediff:0
I/System.out(11706): body:<io.fabric.sdk.android.a.e.d: io.fabric.sdk.android.a.e.d a(java.lang.String,java.lang.String)>	sig:virtualinvoke $r3.<java.net.HttpURLConnection: void setRequestProperty(java.lang.String,java.lang.String)>($r1, $r2)	timediff:0
I/System.out(11706): body:<io.fabric.sdk.android.a.e.d: io.fabric.sdk.android.a.e.d a(java.lang.String,java.lang.String)>	sig:virtualinvoke $r3.<java.net.HttpURLConnection: void setRequestProperty(java.lang.String,java.lang.String)>($r1, $r2)	timediff:0
I/System.out(11706): body:<io.fabric.sdk.android.a.e.d: io.fabric.sdk.android.a.e.d a(java.lang.String,java.lang.String)>	sig:virtualinvoke $r3.<java.net.HttpURLConnection: void setRequestProperty(java.lang.String,java.lang.String)>($r1, $r2)	timediff:0
I/System.out(11706): body:<io.fabric.sdk.android.a.e.d: io.fabric.sdk.android.a.e.d a(java.lang.String,java.lang.String)>	sig:virtualinvoke $r3.<java.net.HttpURLConnection: void setRequestProperty(java.lang.String,java.lang.String)>($r1, $r2)	timediff:0
I/System.out(11706): body:<io.fabric.sdk.android.a.e.d: io.fabric.sdk.android.a.e.d m()>	sig:virtualinvoke $r2.<java.net.HttpURLConnection: void setDoOutput(boolean)>(1)	timediff:0
I/System.out(11706): body:<io.fabric.sdk.android.a.e.d: io.fabric.sdk.android.a.e.d m()>	sig:$r3 = virtualinvoke $r2.<java.net.HttpURLConnection: java.lang.String getRequestProperty(java.lang.String)>("Content-Type")	timediff:0
I/WearableService(  650): Wearable Services stopping
I/System.out(11706): body:<io.fabric.sdk.android.a.e.d: io.fabric.sdk.android.a.e.d m()>	sig:$r4 = virtualinvoke $r2.<java.net.HttpURLConnection: java.io.OutputStream getOutputStream()>()	timediff:12
I/System.out(11706): body:<com.parse.cp: java.lang.String c(java.lang.String)>	sig:specialinvoke $r2.<java.net.URL: void <init>(java.net.URL,java.lang.String)>($r1, $r0)	timediff:2
I/System.out(11706): body:<com.parse.cp: java.lang.String c(java.lang.String)>	sig:$r0 = virtualinvoke $r2.<java.net.URL: java.lang.String toString()>()	timediff:0
I/System.out(11706): body:<b.a.c: java.lang.String a(java.lang.String)>	sig:$r0 = staticinvoke <java.net.IDN: java.lang.String toASCII(java.lang.String)>($r0)	timediff:0
I/System.out(11706): body:<b.a.c: java.lang.String a(java.lang.String)>	sig:$r0 = staticinvoke <java.net.IDN: java.lang.String toASCII(java.lang.String)>($r0)	timediff:0
I/System.out(11706): body:<b.s: java.net.URI a()>	sig:specialinvoke $r3.<java.net.URI: void <init>(java.lang.String)>($r2)	timediff:0
I/System.out(11706): body:<b.a.b.f: void a(b.s,java.net.Proxy)>	sig:$r3 = virtualinvoke $r6.<java.net.ProxySelector: java.util.List select(java.net.URI)>($r7)	timediff:0
I/System.out(11706): body:<b.a.b.c: boolean a(boolean)>	sig:$z1 = virtualinvoke $r1.<java.net.Socket: boolean isClosed()>()	timediff:0
I/System.out(11706): body:<b.a.b.c: boolean a(boolean)>	sig:$z1 = virtualinvoke $r1.<java.net.Socket: boolean isInputShutdown()>()	timediff:0
I/System.out(11706): body:<b.a.b.c: boolean a(boolean)>	sig:$z1 = virtualinvoke $r1.<java.net.Socket: boolean isOutputShutdown()>()	timediff:0
I/System.out(11706): body:<b.a.b.c: boolean a(boolean)>	sig:$i0 = virtualinvoke $r1.<java.net.Socket: int getSoTimeout()>()	timediff:0
I/System.out(11706): body:<b.a.b.c: boolean a(boolean)>	sig:virtualinvoke $r1.<java.net.Socket: void setSoTimeout(int)>(1)	timediff:0
I/System.out(11706): body:<io.fabric.sdk.android.a.e.d: int b()>	sig:$i0 = virtualinvoke $r2.<java.net.HttpURLConnection: int getResponseCode()>()	timediff:71
I/System.out(11706): body:<b.a.b.c: boolean a(boolean)>	sig:virtualinvoke $r1.<java.net.Socket: void setSoTimeout(int)>($i0)	timediff:0
I/System.out(11706): body:<b.a.b.g: b.a.d.h a(b.w,boolean)>	sig:virtualinvoke $r6.<java.net.Socket: void setSoTimeout(int)>($i1)	timediff:0
I/System.out(11706): body:<b.a.d.c: void a(b.z)>	sig:$r6 = virtualinvoke $r5.<java.net.Proxy: java.net.Proxy$Type type()>()	timediff:0
I/AppsFlyer_4.6.0(11706): IMEI was not collected.
I/AppsFlyer_4.6.0(11706): Android ID was not collected.
D/AppsFlyer_4.6.0(11706): AppsFlyer: first launch detected
E/ActivityThread(11706): Failed to find provider info for com.facebook.katana.provider.AttributionIdProvider
I/AppsFlyer_4.6.0(11706): AppsFlyer: first launch date: 2018-04-11_1713-0700
I/AppsFlyer_4.6.0(11706): AppsFlyerLib.sendTrackingWithEvent
I/System.out(11706): body:<com.appsflyer.f: void a(java.lang.String,java.lang.String,java.lang.String,java.lang.ref.WeakReference,java.lang.String,boolean)>	sig:specialinvoke $r7.<java.net.URL: void <init>(java.lang.String)>($r1)	timediff:0
I/System.out(11706): <com.appsflyer.f: void a(java.lang.String,java.lang.String,java.lang.String,java.lang.ref.WeakReference,java.lang.String,boolean)>###specialinvoke $r7.<java.net.URL: void <init>(java.lang.String)>($r1)###https://t.appsflyer.com/api/v4/androidevent?buildnumber=6.0&app_id=com.sixdays.truckerpath
I/System.out(11706): body:<com.appsflyer.f: void a(java.lang.String,java.lang.String,java.lang.String,java.lang.ref.WeakReference,java.lang.String,boolean)>	sig:$r8 = virtualinvoke $r7.<java.net.URL: java.lang.String toString()>()	timediff:0
I/AppsFlyer_4.6.0(11706): url: https://t.appsflyer.com/api/v4/androidevent?buildnumber=6.0&app_id=com.sixdays.truckerpath
I/System.out(11706): body:<com.appsflyer.f: void a(java.lang.String,java.lang.String,java.lang.String,java.lang.ref.WeakReference,java.lang.String,boolean)>	sig:$r8 = virtualinvoke $r7.<java.net.URL: java.lang.String toString()>()	timediff:0
D/dalvikvm(11706): GC_CONCURRENT freed 4399K, 28% free 11974K/16436K, paused 2ms+2ms, total 11ms
D/dalvikvm(11706): WAIT_FOR_CONCURRENT_GC blocked 6ms
I/AppsFlyer_4.6.0(11706): data: {"uid":"1523491984950-5579943182085296500","model":"SM-G955N","app_version_code":"1293","af_v":"26d2451f74585e1246495ac2003cb7d1aff8c09e","isGaidWithGps":"true","af_preinstalled":"false","af_google_instance_id":"dzv9Ax3iaSA","deviceFingerPrintId":"ffffffff-f5de-89d3-0000-00005009f5e9","lang":"English","network":"WIFI","installDate":"2018-04-11_1713-0700","firstLaunchDate":"2018-04-11_1713-0700","deviceType":"user","batteryLevel":"84.0","carrier":"T-Mobile","date2":"2018-04-11_1713-0700","advertiserIdEnabled":"true","sdk":"19","iaecounter":"0","timepassedsincelastlaunch":"0","date1":"2018-04-11_1713-0700","appsflyerKey":"pt****************T4Qh","counter":"1","operator":"T-Mobile","af_events_api":"1","country":"US","product":"SM-G955N","isFirstCall":"true","af_sdks":"0000000000","af_timestamp":"1523491989614","device":"dream2lteks","brand":"samsung","lang_code":"en","app_version_name":"1.78.0","platformextension":"android_native","advertiserId":"3ae8f2f4-1b58-4ed6-816b-3ee6c7e3745e"}
I/System.out(11706): body:<com.appsflyer.f: void a(java.net.URL,java.lang.String,java.lang.String,java.lang.ref.WeakReference,java.lang.String,boolean)>	sig:$r9 = virtualinvoke $r1.<java.net.URL: java.net.URLConnection openConnection()>()	timediff:1
I/System.out(11706): body:<com.appsflyer.f: void a(java.net.URL,java.lang.String,java.lang.String,java.lang.ref.WeakReference,java.lang.String,boolean)>	sig:virtualinvoke $r10.<java.net.HttpURLConnection: void setRequestMethod(java.lang.String)>("POST")	timediff:0
I/System.out(11706): body:<com.appsflyer.f: void a(java.net.URL,java.lang.String,java.lang.String,java.lang.ref.WeakReference,java.lang.String,boolean)>	sig:virtualinvoke $r10.<java.net.HttpURLConnection: void setRequestProperty(java.lang.String,java.lang.String)>("Content-Length", $r12)	timediff:0
I/System.out(11706): body:<com.appsflyer.f: void a(java.net.URL,java.lang.String,java.lang.String,java.lang.ref.WeakReference,java.lang.String,boolean)>	sig:virtualinvoke $r10.<java.net.HttpURLConnection: void setRequestProperty(java.lang.String,java.lang.String)>("Content-Type", "application/json")	timediff:0
I/System.out(11706): body:<com.appsflyer.f: void a(java.net.URL,java.lang.String,java.lang.String,java.lang.ref.WeakReference,java.lang.String,boolean)>	sig:virtualinvoke $r10.<java.net.HttpURLConnection: void setConnectTimeout(int)>(10000)	timediff:0
I/System.out(11706): body:<com.appsflyer.f: void a(java.net.URL,java.lang.String,java.lang.String,java.lang.ref.WeakReference,java.lang.String,boolean)>	sig:virtualinvoke $r10.<java.net.HttpURLConnection: void setDoOutput(boolean)>(1)	timediff:0
W/ViewRootImpl(11706): Dropping event due to no window focus: KeyEvent { action=ACTION_DOWN, keyCode=KEYCODE_DPAD_CENTER, scanCode=0, metaState=0, flags=0x8, repeatCount=0, eventTime=6588860, downTime=6588860, deviceId=-1, source=0x101 }
I/ActivityManager(  327): Displayed com.sixdays.truckerpath/.view.base.MainActivity: +1s197ms
W/ViewRootImpl(11706): Dropping event due to no window focus: KeyEvent { action=ACTION_DOWN, keyCode=KEYCODE_BACK, scanCode=0, metaState=0, flags=0x8, repeatCount=0, eventTime=6589433, downTime=6589433, deviceId=-1, source=0x101 }
W/ViewRootImpl(11706): Dropping event due to no window focus: KeyEvent { action=ACTION_DOWN, keyCode=KEYCODE_DPAD_RIGHT, scanCode=0, metaState=0, flags=0x8, repeatCount=0, eventTime=6589435, downTime=6589435, deviceId=-1, source=0x101 }
W/ContextImpl(  327): Calling a method in the system process without a qualified user: android.app.ContextImpl.sendBroadcast:1123 com.android.server.InputMethodManagerService.hideCurrentInputLocked:1880 com.android.server.InputMethodManagerService.windowGainedFocus:1968 com.android.internal.view.IInputMethodManager$Stub.onTransact:221 com.android.server.InputMethodManagerService.onTransact:818 
I/Choreographer(11706): Skipped 34 frames!  The application may be doing too much work on its main thread.
I/qtaguid (  728): Tagging socket 242 with tag 3000110100000000(805310721) for uid -1 failed errno=-13
I/NetworkManagementSocketTagger(  728): tagSocketFd(242, 805310721, -1) failed with errno-13
I/System.out(11706): body:<io.branch.referral.m: io.branch.referral.ag a(org.json.JSONObject,java.lang.String,java.lang.String,int,int,boolean,io.branch.referral.g)>	sig:specialinvoke $r15.<java.net.URL: void <init>(java.lang.String)>($r2)	timediff:0
I/qtaguid (  728): Tagging socket 247 with tag 3000110100000000(805310721) for uid -1 failed errno=-13
I/System.out(11706): <io.branch.referral.m: io.branch.referral.ag a(org.json.JSONObject,java.lang.String,java.lang.String,int,int,boolean,io.branch.referral.g)>###specialinvoke $r15.<java.net.URL: void <init>(java.lang.String)>($r2)###https://api.branch.io/v1/install
I/System.out(11706): body:<io.branch.referral.m: io.branch.referral.ag a(org.json.JSONObject,java.lang.String,java.lang.String,int,int,boolean,io.branch.referral.g)>	sig:$r16 = virtualinvoke $r15.<java.net.URL: java.net.URLConnection openConnection()>()	timediff:1
I/System.out(11706): body:<io.branch.referral.m: io.branch.referral.ag a(org.json.JSONObject,java.lang.String,java.lang.String,int,int,boolean,io.branch.referral.g)>	sig:virtualinvoke $r17.<java.net.HttpURLConnection: void setConnectTimeout(int)>($i0)	timediff:0
I/System.out(11706): body:<io.branch.referral.m: io.branch.referral.ag a(org.json.JSONObject,java.lang.String,java.lang.String,int,int,boolean,io.branch.referral.g)>	sig:virtualinvoke $r17.<java.net.HttpURLConnection: void setReadTimeout(int)>($i0)	timediff:0
I/System.out(11706): body:<io.branch.referral.m: io.branch.referral.ag a(org.json.JSONObject,java.lang.String,java.lang.String,int,int,boolean,io.branch.referral.g)>	sig:virtualinvoke $r17.<java.net.HttpURLConnection: void setDoInput(boolean)>(1)	timediff:0
I/System.out(11706): body:<io.branch.referral.m: io.branch.referral.ag a(org.json.JSONObject,java.lang.String,java.lang.String,int,int,boolean,io.branch.referral.g)>	sig:virtualinvoke $r17.<java.net.HttpURLConnection: void setDoOutput(boolean)>(1)	timediff:0
I/System.out(11706): body:<io.branch.referral.m: io.branch.referral.ag a(org.json.JSONObject,java.lang.String,java.lang.String,int,int,boolean,io.branch.referral.g)>	sig:virtualinvoke $r17.<java.net.HttpURLConnection: void setRequestProperty(java.lang.String,java.lang.String)>("Content-Type", "application/json")	timediff:0
I/System.out(11706): body:<io.branch.referral.m: io.branch.referral.ag a(org.json.JSONObject,java.lang.String,java.lang.String,int,int,boolean,io.branch.referral.g)>	sig:virtualinvoke $r17.<java.net.HttpURLConnection: void setRequestProperty(java.lang.String,java.lang.String)>("Accept", "application/json")	timediff:0
I/System.out(11706): body:<io.branch.referral.m: io.branch.referral.ag a(org.json.JSONObject,java.lang.String,java.lang.String,int,int,boolean,io.branch.referral.g)>	sig:virtualinvoke $r17.<java.net.HttpURLConnection: void setRequestMethod(java.lang.String)>("POST")	timediff:0
I/NetworkManagementSocketTagger(  728): tagSocketFd(247, 805310721, -1) failed with errno-13
I/qtaguid (  728): Untagging socket 247 failed errno=-13
W/NetworkManagementSocketTagger(  728): untagSocket(247) failed with errno -13
I/qtaguid (  728): Tagging socket 247 with tag 3000110100000000(805310721) for uid -1 failed errno=-13
I/NetworkManagementSocketTagger(  728): tagSocketFd(247, 805310721, -1) failed with errno-13
I/qtaguid (  728): Untagging socket 247 failed errno=-13
W/NetworkManagementSocketTagger(  728): untagSocket(247) failed with errno -13
I/qtaguid (  728): Tagging socket 247 with tag 3000110100000000(805310721) for uid -1 failed errno=-13
I/NetworkManagementSocketTagger(  728): tagSocketFd(247, 805310721, -1) failed with errno-13
I/qtaguid (  728): Untagging socket 247 failed errno=-13
W/NetworkManagementSocketTagger(  728): untagSocket(247) failed with errno -13
I/qtaguid (  728): Tagging socket 247 with tag 3000110100000000(805310721) for uid -1 failed errno=-13
I/NetworkManagementSocketTagger(  728): tagSocketFd(247, 805310721, -1) failed with errno-13
I/qtaguid (  728): Untagging socket 247 failed errno=-13
W/NetworkManagementSocketTagger(  728): untagSocket(247) failed with errno -13
I/qtaguid (  728): Tagging socket 247 with tag 3000110100000000(805310721) for uid -1 failed errno=-13
I/NetworkManagementSocketTagger(  728): tagSocketFd(247, 805310721, -1) failed with errno-13
I/qtaguid (  728): Untagging socket 247 failed errno=-13
W/NetworkManagementSocketTagger(  728): untagSocket(247) failed with errno -13
I/qtaguid (  728): Tagging socket 247 with tag 3000110100000000(805310721) for uid -1 failed errno=-13
I/NetworkManagementSocketTagger(  728): tagSocketFd(247, 805310721, -1) failed with errno-13
I/qtaguid (  728): Untagging socket 247 failed errno=-13
W/NetworkManagementSocketTagger(  728): untagSocket(247) failed with errno -13
I/System.out(11706): body:<io.branch.referral.m: io.branch.referral.ag a(org.json.JSONObject,java.lang.String,java.lang.String,int,int,boolean,io.branch.referral.g)>	sig:$r19 = virtualinvoke $r17.<java.net.HttpURLConnection: java.io.OutputStream getOutputStream()>()	timediff:57
I/qtaguid (  728): Untagging socket 242 failed errno=-13
W/NetworkManagementSocketTagger(  728): untagSocket(242) failed with errno -13
E/Google Maps Android API(11706): Authorization failure.  Please see https://developers.google.com/maps/documentation/android-api/start for how to correctly set up the map.
E/Google Maps Android API(11706): In the Google Developer Console (https://console.developers.google.com)
E/Google Maps Android API(11706): Ensure that the "Google Maps Android API v2" is enabled.
E/Google Maps Android API(11706): Ensure that the following Android Key exists:
E/Google Maps Android API(11706): 	API Key: AIzaSyCrDOcUT62EptCd2bMh6tAaH_QHT4bHSGQ
E/Google Maps Android API(11706): 	Android Application (<cert_fingerprint>;<package_name>): 09:AD:96:09:E4:DC:4F:BF:D2:9A:ED:05:94:1F:71:91:82:2B:42:AE;com.sixdays.truckerpath
W/GCoreFlp(  650): No location to return for getLastLocation()
I/System.out(11706): body:<io.branch.referral.m: io.branch.referral.ag a(org.json.JSONObject,java.lang.String,java.lang.String,int,int,boolean,io.branch.referral.g)>	sig:$i4 = virtualinvoke $r17.<java.net.HttpURLConnection: int getResponseCode()>()	timediff:143
I/System.out(11706): body:<io.branch.referral.m: io.branch.referral.ag a(org.json.JSONObject,java.lang.String,java.lang.String,int,int,boolean,io.branch.referral.g)>	sig:$i4 = virtualinvoke $r17.<java.net.HttpURLConnection: int getResponseCode()>()	timediff:0
I/System.out(11706): body:<io.branch.referral.m: io.branch.referral.ag a(org.json.JSONObject,java.lang.String,java.lang.String,int,int,boolean,io.branch.referral.g)>	sig:$r26 = virtualinvoke $r17.<java.net.HttpURLConnection: java.io.InputStream getInputStream()>()	timediff:0
I/System.out(11706): body:<empirical.HelperClass: void printURLInfo(java.lang.String,java.lang.String,java.net.URLConnection)>	sig:$r0 = virtualinvoke urlConnection.<java.net.URLConnection: java.net.URL getURL()>()	timediff:0
I/System.out(11706): body:<empirical.HelperClass: void printURLInfo(java.lang.String,java.lang.String,java.net.URLConnection)>	sig:urlString = virtualinvoke $r0.<java.net.URL: java.lang.String toString()>()	timediff:0
I/System.out(11706): body:<empirical.HelperClass: void printURLInfo(java.lang.String,java.lang.String,java.net.URLConnection)>	sig:isDoOutput = virtualinvoke urlConnection.<java.net.URLConnection: boolean getDoOutput()>()	timediff:0
I/System.out(11706): body:<empirical.HelperClass: java.lang.String getHeaderField(java.net.URLConnection,java.lang.String)>	sig:data = virtualinvoke conn.<java.net.URLConnection: java.lang.String getHeaderField(java.lang.String)>(field)	timediff:0
I/System.out(11706): body:<empirical.HelperClass: java.lang.String getHeaderField(java.net.URLConnection,java.lang.String)>	sig:data = virtualinvoke conn.<java.net.URLConnection: java.lang.String getHeaderField(java.lang.String)>(field)	timediff:0
I/System.out(11706): body:<empirical.HelperClass: java.lang.String getHeaderField(java.net.URLConnection,java.lang.String)>	sig:data = virtualinvoke conn.<java.net.URLConnection: java.lang.String getHeaderField(java.lang.String)>(field)	timediff:0
I/System.out(11706): body:<empirical.HelperClass: java.lang.String getHeaderField(java.net.URLConnection,java.lang.String)>	sig:data = virtualinvoke conn.<java.net.URLConnection: java.lang.String getHeaderField(java.lang.String)>(field)	timediff:0
I/System.out(11706): body:<empirical.HelperClass: java.lang.String getHeaderField(java.net.URLConnection,java.lang.String)>	sig:data = virtualinvoke conn.<java.net.URLConnection: java.lang.String getHeaderField(java.lang.String)>(field)	timediff:0
I/System.out(11706): URLConn;%;9;%;<io.branch.referral.m: io.branch.referral.ag a(org.json.JSONObject,java.lang.String,java.lang.String,int,int,boolean,io.branch.referral.g)>;%;$r26 = virtualinvoke $r17.<java.net.HttpURLConnection: java.io.InputStream getInputStream()>();%;https://api.branch.io/v1/install;%;true;%;300;%;Not found;%;Not found;%;Not found;%;Not found
I/System.out(11706): body:<io.branch.referral.m: io.branch.referral.ag a(org.json.JSONObject,java.lang.String,java.lang.String,int,int,boolean,io.branch.referral.g)>	sig:$i4 = virtualinvoke $r17.<java.net.HttpURLConnection: int getResponseCode()>()	timediff:0
I/System.out(11706): body:<io.branch.referral.m: io.branch.referral.ag a(org.json.JSONObject,java.lang.String,java.lang.String,int,int,boolean,io.branch.referral.g)>	sig:virtualinvoke $r17.<java.net.HttpURLConnection: void disconnect()>()	timediff:0
I/System.out(11706): body:<com.appsflyer.i: java.lang.String a(java.lang.String[])>	sig:specialinvoke $r2.<java.net.URL: void <init>(java.lang.String)>($r5)	timediff:0
I/System.out(11706): <com.appsflyer.i: java.lang.String a(java.lang.String[])>###specialinvoke $r2.<java.net.URL: void <init>(java.lang.String)>($r5)###https://register.appsflyer.com/api/v4/androidevent?buildnumber=6.0&app_id=com.sixdays.truckerpath
I/AppsFlyer_4.6.0(11706): call = https://register.appsflyer.com/api/v4/androidevent?buildnumber=6.0&app_id=com.sixdays.truckerpath parameters = {uid=1523491984950-5579943182085296500, devkey=pt****************T4Qh, install_date=2018-04-11_1713-0700, af_google_instance_id=dzv9Ax3iaSA, deviceFingerPrintId=ffffffff-f5de-89d3-0000-00005009f5e9, af_gcm_token=dzv9Ax3iaSA:APA91bHF2b_FFAKR3LmeHlTd4MwQ9jVq3Vk2lNpA2SwZjiWQbiLGSZwiXyBqkEnOu-lg2khmzDJwqydb2_sq1rWK7f0UPG-NwG2g95ANmkC77sa3f6vpAARA_gYYkpSTD3Yr_nW7SP4Y, sdk=19, channel=null, launch_counter=0, advertiserId=3ae8f2f4-1b58-4ed6-816b-3ee6c7e3745e}
I/System.out(11706): body:<com.appsflyer.i: java.lang.String a(java.lang.String[])>	sig:$r7 = virtualinvoke $r2.<java.net.URL: java.net.URLConnection openConnection()>()	timediff:0
