I/System.out(11706): body:<b.a.b.c: boolean a(boolean)>	sig:virtualinvoke $r1.<java.net.Socket: void setSoTimeout(int)>($i0)	timediff:0
I/System.out(11706): body:<b.a.b.g: b.a.d.h a(b.w,boolean)>	sig:virtualinvoke $r6.<java.net.Socket: void setSoTimeout(int)>($i1)	timediff:0
I/System.out(11706): body:<b.a.d.c: void a(b.z)>	sig:$r6 = virtualinvoke $r5.<java.net.Proxy: java.net.Proxy$Type type()>()	timediff:0
I/System.out(11706): body:<com.parse.cp: java.lang.String c(java.lang.String)>	sig:specialinvoke $r2.<java.net.URL: void <init>(java.net.URL,java.lang.String)>($r1, $r0)	timediff:0
I/System.out(11706): body:<com.parse.cp: java.lang.String c(java.lang.String)>	sig:$r0 = virtualinvoke $r2.<java.net.URL: java.lang.String toString()>()	timediff:0
I/System.out(11706): body:<b.a.c: java.lang.String a(java.lang.String)>	sig:$r0 = staticinvoke <java.net.IDN: java.lang.String toASCII(java.lang.String)>($r0)	timediff:0
I/System.out(11706): body:<b.a.c: java.lang.String a(java.lang.String)>	sig:$r0 = staticinvoke <java.net.IDN: java.lang.String toASCII(java.lang.String)>($r0)	timediff:0
I/System.out(11706): body:<b.s: java.net.URI a()>	sig:specialinvoke $r3.<java.net.URI: void <init>(java.lang.String)>($r2)	timediff:0
I/System.out(11706): body:<b.a.b.f: void a(b.s,java.net.Proxy)>	sig:$r3 = virtualinvoke $r6.<java.net.ProxySelector: java.util.List select(java.net.URI)>($r7)	timediff:0
D/dalvikvm(11706): GC_CONCURRENT freed 418K, 9% free 4891K/5356K, paused 1ms+0ms, total 6ms
I/System.out(11706): body:<b.a.b.c: boolean a(boolean)>	sig:$z1 = virtualinvoke $r1.<java.net.Socket: boolean isClosed()>()	timediff:0
I/System.out(11706): body:<b.a.b.c: boolean a(boolean)>	sig:$z1 = virtualinvoke $r1.<java.net.Socket: boolean isInputShutdown()>()	timediff:0
I/System.out(11706): body:<b.a.b.c: boolean a(boolean)>	sig:$z1 = virtualinvoke $r1.<java.net.Socket: boolean isOutputShutdown()>()	timediff:0
I/System.out(11706): body:<b.a.b.c: boolean a(boolean)>	sig:$i0 = virtualinvoke $r1.<java.net.Socket: int getSoTimeout()>()	timediff:0
I/System.out(11706): body:<b.a.b.c: boolean a(boolean)>	sig:virtualinvoke $r1.<java.net.Socket: void setSoTimeout(int)>(1)	timediff:0
I/System.out(11706): body:<com.parse.cp: java.lang.String c(java.lang.String)>	sig:specialinvoke $r2.<java.net.URL: void <init>(java.net.URL,java.lang.String)>($r1, $r0)	timediff:0
I/System.out(11706): body:<com.parse.cp: java.lang.String c(java.lang.String)>	sig:$r0 = virtualinvoke $r2.<java.net.URL: java.lang.String toString()>()	timediff:0
I/System.out(11706): body:<b.a.c: java.lang.String a(java.lang.String)>	sig:$r0 = staticinvoke <java.net.IDN: java.lang.String toASCII(java.lang.String)>($r0)	timediff:0
I/System.out(11706): body:<b.a.c: java.lang.String a(java.lang.String)>	sig:$r0 = staticinvoke <java.net.IDN: java.lang.String toASCII(java.lang.String)>($r0)	timediff:0
I/System.out(11706): body:<b.s: java.net.URI a()>	sig:specialinvoke $r3.<java.net.URI: void <init>(java.lang.String)>($r2)	timediff:0
I/System.out(11706): body:<b.a.b.f: void a(b.s,java.net.Proxy)>	sig:$r3 = virtualinvoke $r6.<java.net.ProxySelector: java.util.List select(java.net.URI)>($r7)	timediff:0
I/System.out(11706): body:<b.a.b.f: void a(java.net.Proxy)>	sig:$r6 = virtualinvoke $r1.<java.net.Proxy: java.net.Proxy$Type type()>()	timediff:0
I/System.out(11706): body:<b.a.b.f: void a(java.net.Proxy)>	sig:$r6 = virtualinvoke $r1.<java.net.Proxy: java.net.Proxy$Type type()>()	timediff:0
I/System.out(11706): body:<b.o$1: java.util.List a(java.lang.String)>	sig:$r3 = staticinvoke <java.net.InetAddress: java.net.InetAddress[] getAllByName(java.lang.String)>($r1)	timediff:0
I/System.out(11706): body:<b.a.b.f: void a(java.net.Proxy)>	sig:specialinvoke $r5.<java.net.InetSocketAddress: void <init>(java.net.InetAddress,int)>($r18, $i0)	timediff:0
I/System.out(11706): body:<b.a.b.f: void a(java.net.Proxy)>	sig:specialinvoke $r5.<java.net.InetSocketAddress: void <init>(java.net.InetAddress,int)>($r18, $i0)	timediff:0
I/System.out(11706): body:<b.ad: int hashCode()>	sig:$i1 = virtualinvoke $r2.<java.net.Proxy: int hashCode()>()	timediff:0
I/System.out(11706): body:<b.ad: int hashCode()>	sig:$i0 = virtualinvoke $r3.<java.net.InetSocketAddress: int hashCode()>()	timediff:0
I/System.out(11706): body:<b.ad: boolean d()>	sig:$r3 = virtualinvoke $r5.<java.net.Proxy: java.net.Proxy$Type type()>()	timediff:0
I/System.out(11706): body:<b.a.b.c: void a(int,int)>	sig:$r5 = virtualinvoke $r3.<java.net.Proxy: java.net.Proxy$Type type()>()	timediff:0
I/System.out(11706): body:<b.a.b.c: void a(int,int)>	sig:virtualinvoke $r7.<java.net.Socket: void setSoTimeout(int)>($i1)	timediff:0
D/EventBus(11706): No subscribers registered for event class com.truckerpath.managers.session.ISessionManager$a
D/EventBus(11706): No subscribers registered for event class org.greenrobot.eventbus.g
I/System.out(11706): body:<b.a.b.c: boolean a(boolean)>	sig:virtualinvoke $r1.<java.net.Socket: void setSoTimeout(int)>($i0)	timediff:0
I/System.out(11706): body:<b.a.b.g: b.a.d.h a(b.w,boolean)>	sig:virtualinvoke $r6.<java.net.Socket: void setSoTimeout(int)>($i1)	timediff:0
I/System.out(11706): body:<b.a.d.c: void a(b.z)>	sig:$r6 = virtualinvoke $r5.<java.net.Proxy: java.net.Proxy$Type type()>()	timediff:0
I/AppsFlyer_4.6.0(11706): onBecameForeground
I/System.out(11706): body:<b.a.c: java.lang.String a(java.lang.String)>	sig:$r0 = staticinvoke <java.net.IDN: java.lang.String toASCII(java.lang.String)>($r0)	timediff:0
I/System.out(11706): body:<b.s: java.net.URI a()>	sig:specialinvoke $r3.<java.net.URI: void <init>(java.lang.String)>($r2)	timediff:0
I/System.out(11706): body:<b.a.b.f: void a(b.s,java.net.Proxy)>	sig:$r3 = virtualinvoke $r6.<java.net.ProxySelector: java.util.List select(java.net.URI)>($r7)	timediff:0
I/System.out(11706): body:<b.a.b.f: void a(java.net.Proxy)>	sig:$r6 = virtualinvoke $r1.<java.net.Proxy: java.net.Proxy$Type type()>()	timediff:0
I/System.out(11706): body:<b.a.b.f: void a(java.net.Proxy)>	sig:$r6 = virtualinvoke $r1.<java.net.Proxy: java.net.Proxy$Type type()>()	timediff:0
W/Finsky  ( 2351): [101] com.google.android.finsky.billing.iab.ab.b(48): com.sixdays.truckerpath: No account found.
I/AppsFlyer_4.6.0(11706): AsendTrackingWithEvent from activity: com.sixdays.truckerpath.view.base.SplashActivity
I/AppsFlyer_4.6.0(11706): Trying to fetch GAID..
E/IabHelper(11706): In-app billing error: Illegal state for operation (getPurchases): IAB helper is not set up.
D/dalvikvm(11706): DexOpt: couldn't find field Landroid/os/Message;.sendingUid
W/dalvikvm(11706): VFY: unable to resolve instance field 238
D/dalvikvm(11706): VFY: replacing opcode 0x52 at 0x0000
W/FlurryAgent(11706): Flurry session started for context:com.sixdays.truckerpath.view.base.SplashActivity@4a82cfd4
W/FlurryAgent(11706): Flurry session resumed for context:com.sixdays.truckerpath.view.base.SplashActivity@4a82cfd4
I/System.out(11706): body:<com.c.b.ia: java.lang.String c(java.lang.String)>	sig:$r1 = staticinvoke <java.net.URLEncoder: java.lang.String encode(java.lang.String,java.lang.String)>($r0, "UTF-8")	timediff:0
I/System.out(11706): body:<com.c.b.ia: java.lang.String c(java.lang.String)>	sig:$r1 = staticinvoke <java.net.URLEncoder: java.lang.String encode(java.lang.String,java.lang.String)>($r0, "UTF-8")	timediff:0
I/System.out(11706): body:<b.o$1: java.util.List a(java.lang.String)>	sig:$r3 = staticinvoke <java.net.InetAddress: java.net.InetAddress[] getAllByName(java.lang.String)>($r1)	timediff:14
I/System.out(11706): body:<b.a.b.f: void a(java.net.Proxy)>	sig:specialinvoke $r5.<java.net.InetSocketAddress: void <init>(java.net.InetAddress,int)>($r18, $i0)	timediff:0
I/System.out(11706): body:<b.a.b.f: void a(java.net.Proxy)>	sig:specialinvoke $r5.<java.net.InetSocketAddress: void <init>(java.net.InetAddress,int)>($r18, $i0)	timediff:0
I/System.out(11706): body:<b.ad: int hashCode()>	sig:$i1 = virtualinvoke $r2.<java.net.Proxy: int hashCode()>()	timediff:0
I/System.out(11706): body:<b.ad: int hashCode()>	sig:$i0 = virtualinvoke $r3.<java.net.InetSocketAddress: int hashCode()>()	timediff:0
I/System.out(11706): body:<b.a.f.a: void a(java.net.Socket,java.net.InetSocketAddress,int)>	sig:virtualinvoke $r1.<java.net.Socket: void connect(java.net.SocketAddress,int)>($r2, $i0)	timediff:37
I/System.out(11706): body:<c.l: c.s b(java.net.Socket)>	sig:$r3 = virtualinvoke $r0.<java.net.Socket: java.io.InputStream getInputStream()>()	timediff:0
I/System.out(11706): body:<c.l: c.r a(java.net.Socket)>	sig:$r3 = virtualinvoke $r0.<java.net.Socket: java.io.OutputStream getOutputStream()>()	timediff:0
I/ContentMaintenance(  728): Pruning caches...
D/GraphRequest(11706): Warning: Request without access token missing application ID or client token.
I/System.out(11706): body:<com.facebook.GraphRequest: java.net.HttpURLConnection a(com.facebook.o)>	sig:specialinvoke $r2.<java.net.URL: void <init>(java.lang.String)>($r3)	timediff:0
I/System.out(11706): <com.facebook.GraphRequest: java.net.HttpURLConnection a(com.facebook.o)>###specialinvoke $r2.<java.net.URL: void <init>(java.lang.String)>($r3)###https://graph.facebook.com/v2.6/306248139586287/activities?format=json&sdk=android
D/dalvikvm(11706): GC_CONCURRENT freed 500K, 10% free 5084K/5612K, paused 3ms+1ms, total 18ms
I/System.out(11706): body:<b.ad: boolean d()>	sig:$r3 = virtualinvoke $r5.<java.net.Proxy: java.net.Proxy$Type type()>()	timediff:0
I/System.out(11706): body:<b.a.b.c: void a(int,int)>	sig:$r5 = virtualinvoke $r3.<java.net.Proxy: java.net.Proxy$Type type()>()	timediff:0
I/System.out(11706): body:<b.a.b.c: void a(int,int)>	sig:virtualinvoke $r7.<java.net.Socket: void setSoTimeout(int)>($i1)	timediff:0
I/System.out(11706): body:<com.facebook.GraphRequest: java.net.HttpURLConnection a(java.net.URL)>	sig:$r1 = virtualinvoke $r0.<java.net.URL: java.net.URLConnection openConnection()>()	timediff:7
I/System.out(11706): body:<com.c.b.gv: void n()>	sig:specialinvoke $r6.<java.net.URL: void <init>(java.lang.String)>($r1)	timediff:0
I/System.out(11706): <com.c.b.gv: void n()>###specialinvoke $r6.<java.net.URL: void <init>(java.lang.String)>($r1)###https://analytics.query.yahoo.com/v1/public/yql?q=select+bid+from+data.utilities+where+_di%3D%27d9aaea5e90f3406cef15006d2e782e18c665ce5b%27+and+_diaid%3D%27d9aaea5e90f3406cef15006d2e782e18c665ce5b%27+and+_diaidu%3D%273ae8f2f4-1b58-4ed6-816b-3ee6c7e3745e%27
I/System.out(11706): body:<com.c.b.gv: void n()>	sig:$r7 = virtualinvoke $r6.<java.net.URL: java.net.URLConnection openConnection()>()	timediff:0
I/System.out(11706): body:<com.c.b.gv: void n()>	sig:virtualinvoke $r4.<java.net.HttpURLConnection: void setConnectTimeout(int)>($i0)	timediff:0
I/System.out(11706): body:<com.c.b.gv: void n()>	sig:virtualinvoke $r4.<java.net.HttpURLConnection: void setReadTimeout(int)>($i0)	timediff:0
I/System.out(11706): body:<com.c.b.gv: void n()>	sig:virtualinvoke $r4.<java.net.HttpURLConnection: void setRequestMethod(java.lang.String)>($r1)	timediff:0
I/System.out(11706): body:<com.c.b.gv: void n()>	sig:virtualinvoke $r4.<java.net.HttpURLConnection: void setInstanceFollowRedirects(boolean)>($z0)	timediff:0
I/System.out(11706): body:<com.c.b.gv: void n()>	sig:virtualinvoke $r4.<java.net.HttpURLConnection: void setDoOutput(boolean)>($z0)	timediff:0
I/System.out(11706): body:<com.c.b.gv: void n()>	sig:virtualinvoke $r4.<java.net.HttpURLConnection: void setDoInput(boolean)>(1)	timediff:0
I/System.out(11706): body:<com.facebook.GraphRequest: java.net.HttpURLConnection a(java.net.URL)>	sig:virtualinvoke $r2.<java.net.HttpURLConnection: void setRequestProperty(java.lang.String,java.lang.String)>("User-Agent", $r3)	timediff:0
I/System.out(11706): body:<com.facebook.GraphRequest: java.net.HttpURLConnection a(java.net.URL)>	sig:virtualinvoke $r2.<java.net.HttpURLConnection: void setRequestProperty(java.lang.String,java.lang.String)>("Accept-Language", $r3)	timediff:0
I/System.out(11706): body:<com.facebook.GraphRequest: java.net.HttpURLConnection a(java.net.URL)>	sig:virtualinvoke $r2.<java.net.HttpURLConnection: void setChunkedStreamingMode(int)>(0)	timediff:0
I/System.out(11706): body:<com.facebook.GraphRequest: void a(com.facebook.o,java.net.HttpURLConnection)>	sig:virtualinvoke $r1.<java.net.HttpURLConnection: void setRequestMethod(java.lang.String)>($r6)	timediff:0
I/System.out(11706): body:<com.facebook.GraphRequest: void a(java.net.HttpURLConnection,boolean)>	sig:virtualinvoke $r0.<java.net.HttpURLConnection: void setRequestProperty(java.lang.String,java.lang.String)>("Content-Type", "application/x-www-form-urlencoded")	timediff:0
I/System.out(11706): body:<com.facebook.GraphRequest: void a(java.net.HttpURLConnection,boolean)>	sig:virtualinvoke $r0.<java.net.HttpURLConnection: void setRequestProperty(java.lang.String,java.lang.String)>("Content-Encoding", "gzip")	timediff:0
I/System.out(11706): body:<com.facebook.GraphRequest: void a(com.facebook.o,java.net.HttpURLConnection)>	sig:$r7 = virtualinvoke $r1.<java.net.HttpURLConnection: java.net.URL getURL()>()	timediff:0
I/System.out(11706): body:<com.facebook.GraphRequest: void a(com.facebook.o,java.net.HttpURLConnection)>	sig:$r6 = virtualinvoke $r1.<java.net.HttpURLConnection: java.lang.String getRequestMethod()>()	timediff:0
I/System.out(11706): body:<com.facebook.GraphRequest: void a(com.facebook.o,java.net.HttpURLConnection)>	sig:$r6 = virtualinvoke $r1.<java.net.HttpURLConnection: java.lang.String getRequestProperty(java.lang.String)>("User-Agent")	timediff:0
I/System.out(11706): body:<com.facebook.GraphRequest: void a(com.facebook.o,java.net.HttpURLConnection)>	sig:$r6 = virtualinvoke $r1.<java.net.HttpURLConnection: java.lang.String getRequestProperty(java.lang.String)>("Content-Type")	timediff:0
I/System.out(11706): body:<com.facebook.GraphRequest: void a(com.facebook.o,java.net.HttpURLConnection)>	sig:virtualinvoke $r1.<java.net.HttpURLConnection: void setConnectTimeout(int)>($i2)	timediff:0
I/System.out(11706): body:<com.facebook.GraphRequest: void a(com.facebook.o,java.net.HttpURLConnection)>	sig:virtualinvoke $r1.<java.net.HttpURLConnection: void setReadTimeout(int)>($i2)	timediff:0
I/System.out(11706): body:<com.facebook.GraphRequest: void a(com.facebook.o,java.net.HttpURLConnection)>	sig:virtualinvoke $r1.<java.net.HttpURLConnection: void setDoOutput(boolean)>(1)	timediff:0
I/ContentMaintenance(  728): Internal cache bytes used: 0; limit: 100000000; download size: 0
I/ContentMaintenance(  728): Cache pruning complete.
I/ContentMaintenance(  728): Beginning garbage collection.
V/WebViewChromium(11706): Binding Chromium to the main looper Looper (main, tid 1) {4a7a4658}
I/RealtimeCacheCleanup(  728): Beginning Realtime garbage collection.
I/RealtimeCacheCleanup(  728): Finished Realtime garbage collection.
I/ContentMaintenance(  728): Finished garbage collection.
I/System.out(11706): body:<com.parse.cp: java.lang.String c(java.lang.String)>	sig:specialinvoke $r2.<java.net.URL: void <init>(java.net.URL,java.lang.String)>($r1, $r0)	timediff:0
I/System.out(11706): body:<com.parse.cp: java.lang.String c(java.lang.String)>	sig:$r0 = virtualinvoke $r2.<java.net.URL: java.lang.String toString()>()	timediff:0
I/System.out(11706): body:<com.facebook.GraphRequest: void a(com.facebook.o,java.net.HttpURLConnection)>	sig:$r10 = virtualinvoke $r1.<java.net.HttpURLConnection: java.io.OutputStream getOutputStream()>()	timediff:13
I/System.out(11706): body:<com.facebook.GraphRequest$f: void a(java.lang.String,java.lang.Object[])>	sig:$r3 = staticinvoke <java.net.URLEncoder: java.lang.String encode(java.lang.String,java.lang.String)>($r3, "UTF-8")	timediff:0
I/System.out(11706): body:<com.facebook.GraphRequest$f: void a(java.lang.String,java.lang.Object[])>	sig:$r3 = staticinvoke <java.net.URLEncoder: java.lang.String encode(java.lang.String,java.lang.String)>($r3, "UTF-8")	timediff:0
I/System.out(11706): body:<com.facebook.GraphRequest: void a(com.facebook.o,com.facebook.b.q,int,java.net.URL,java.io.OutputStream,boolean)>	sig:$r11 = virtualinvoke $r2.<java.net.URL: java.lang.String getPath()>()	timediff:0
I/System.out(11706): body:<com.facebook.GraphRequest$f: void a(java.lang.String,java.lang.Object[])>	sig:$r3 = staticinvoke <java.net.URLEncoder: java.lang.String encode(java.lang.String,java.lang.String)>($r3, "UTF-8")	timediff:0
I/System.out(11706): body:<com.facebook.GraphRequest$f: void a(java.lang.String,java.lang.Object[])>	sig:$r3 = staticinvoke <java.net.URLEncoder: java.lang.String encode(java.lang.String,java.lang.String)>($r3, "UTF-8")	timediff:0
I/System.out(11706): body:<com.facebook.GraphRequest$f: void a(java.lang.String,java.lang.Object[])>	sig:$r3 = staticinvoke <java.net.URLEncoder: java.lang.String encode(java.lang.String,java.lang.String)>($r3, "UTF-8")	timediff:0
I/System.out(11706): body:<com.facebook.GraphRequest$f: void a(java.lang.String,java.lang.Object[])>	sig:$r3 = staticinvoke <java.net.URLEncoder: java.lang.String encode(java.lang.String,java.lang.String)>($r3, "UTF-8")	timediff:1
I/System.out(11706): body:<com.facebook.GraphRequest$f: void a(java.lang.String,java.lang.Object[])>	sig:$r3 = staticinvoke <java.net.URLEncoder: java.lang.String encode(java.lang.String,java.lang.String)>($r3, "UTF-8")	timediff:0
I/System.out(11706): body:<com.facebook.GraphRequest$f: void a(java.lang.String,java.lang.Object[])>	sig:$r3 = staticinvoke <java.net.URLEncoder: java.lang.String encode(java.lang.String,java.lang.String)>($r3, "UTF-8")	timediff:0
I/System.out(11706): body:<com.facebook.GraphRequest$f: void a(java.lang.String,java.lang.Object[])>	sig:$r3 = staticinvoke <java.net.URLEncoder: java.lang.String encode(java.lang.String,java.lang.String)>($r3, "UTF-8")	timediff:0
I/System.out(11706): body:<c.l: c.s b(java.net.Socket)>	sig:$r3 = virtualinvoke $r0.<java.net.Socket: java.io.InputStream getInputStream()>()	timediff:0
I/System.out(11706): body:<c.l: c.r a(java.net.Socket)>	sig:$r3 = virtualinvoke $r0.<java.net.Socket: java.io.OutputStream getOutputStream()>()	timediff:0
I/System.out(11706): body:<b.ad: int hashCode()>	sig:$i1 = virtualinvoke $r2.<java.net.Proxy: int hashCode()>()	timediff:0
I/System.out(11706): body:<b.ad: int hashCode()>	sig:$i0 = virtualinvoke $r3.<java.net.InetSocketAddress: int hashCode()>()	timediff:0
I/System.out(11706): body:<b.a.b.g: b.a.d.h a(b.w,boolean)>	sig:virtualinvoke $r6.<java.net.Socket: void setSoTimeout(int)>($i1)	timediff:0
I/System.out(11706): body:<b.a.d.c: void a(b.z)>	sig:$r6 = virtualinvoke $r5.<java.net.Proxy: java.net.Proxy$Type type()>()	timediff:0
I/qtaguid (  650): Tagging socket 80 with tag 3000040700000000(805307399) for uid -1 failed errno=-13
I/NetworkManagementSocketTagger(  650): tagSocketFd(80, 805307399, -1) failed with errno-13
I/System.out(11706): body:<b.a.c: java.lang.String a(java.lang.String)>	sig:$r0 = staticinvoke <java.net.IDN: java.lang.String toASCII(java.lang.String)>($r0)	timediff:0
I/System.out(11706): body:<b.a.c: java.lang.String a(java.lang.String)>	sig:$r0 = staticinvoke <java.net.IDN: java.lang.String toASCII(java.lang.String)>($r0)	timediff:0
I/System.out(11706): body:<b.s: java.net.URI a()>	sig:specialinvoke $r3.<java.net.URI: void <init>(java.lang.String)>($r2)	timediff:0
I/System.out(11706): body:<b.a.b.f: void a(b.s,java.net.Proxy)>	sig:$r3 = virtualinvoke $r6.<java.net.ProxySelector: java.util.List select(java.net.URI)>($r7)	timediff:0
I/System.out(11706): body:<b.a.b.f: void a(java.net.Proxy)>	sig:$r6 = virtualinvoke $r1.<java.net.Proxy: java.net.Proxy$Type type()>()	timediff:0
I/System.out(11706): body:<b.a.b.f: void a(java.net.Proxy)>	sig:$r6 = virtualinvoke $r1.<java.net.Proxy: java.net.Proxy$Type type()>()	timediff:0
I/System.out(11706): body:<b.o$1: java.util.List a(java.lang.String)>	sig:$r3 = staticinvoke <java.net.InetAddress: java.net.InetAddress[] getAllByName(java.lang.String)>($r1)	timediff:0
I/System.out(11706): body:<b.a.b.f: void a(java.net.Proxy)>	sig:specialinvoke $r5.<java.net.InetSocketAddress: void <init>(java.net.InetAddress,int)>($r18, $i0)	timediff:0
I/System.out(11706): body:<b.a.b.f: void a(java.net.Proxy)>	sig:specialinvoke $r5.<java.net.InetSocketAddress: void <init>(java.net.InetAddress,int)>($r18, $i0)	timediff:0
I/System.out(11706): body:<b.ad: int hashCode()>	sig:$i1 = virtualinvoke $r2.<java.net.Proxy: int hashCode()>()	timediff:0
I/System.out(11706): body:<b.ad: int hashCode()>	sig:$i0 = virtualinvoke $r3.<java.net.InetSocketAddress: int hashCode()>()	timediff:0
I/System.out(11706): body:<b.ad: boolean d()>	sig:$r3 = virtualinvoke $r5.<java.net.Proxy: java.net.Proxy$Type type()>()	timediff:0
I/System.out(11706): body:<b.a.b.c: void a(int,int)>	sig:$r5 = virtualinvoke $r3.<java.net.Proxy: java.net.Proxy$Type type()>()	timediff:0
I/System.out(11706): body:<b.a.b.c: void a(int,int)>	sig:virtualinvoke $r7.<java.net.Socket: void setSoTimeout(int)>($i1)	timediff:0
I/System.out(11706): body:<b.a.f.a: void a(java.net.Socket,java.net.InetSocketAddress,int)>	sig:virtualinvoke $r1.<java.net.Socket: void connect(java.net.SocketAddress,int)>($r2, $i0)	timediff:35
I/System.out(11706): body:<c.l: c.s b(java.net.Socket)>	sig:$r3 = virtualinvoke $r0.<java.net.Socket: java.io.InputStream getInputStream()>()	timediff:0
I/System.out(11706): body:<c.l: c.r a(java.net.Socket)>	sig:$r3 = virtualinvoke $r0.<java.net.Socket: java.io.OutputStream getOutputStream()>()	timediff:0
D/libEGL  (11706): loaded /system/lib/egl/libEGL_adreno.so
I/System.out(11706): body:<b.a.f.a: void a(java.net.Socket,java.net.InetSocketAddress,int)>	sig:virtualinvoke $r1.<java.net.Socket: void connect(java.net.SocketAddress,int)>($r2, $i0)	timediff:35
I/System.out(11706): body:<c.l: c.s b(java.net.Socket)>	sig:$r3 = virtualinvoke $r0.<java.net.Socket: java.io.InputStream getInputStream()>()	timediff:0
I/System.out(11706): body:<c.l: c.r a(java.net.Socket)>	sig:$r3 = virtualinvoke $r0.<java.net.Socket: java.io.OutputStream getOutputStream()>()	timediff:0
D/        (11706): HostConnection::get() New Host Connection established 0xb8a7b130, tid 11706
D/libEGL  (11706): loaded /system/lib/egl/libGLESv1_CM_adreno.so
D/libEGL  (11706): loaded /system/lib/egl/libGLESv2_adreno.so
I/System.out(11706): body:<com.facebook.p: java.util.List a(java.net.HttpURLConnection,com.facebook.o)>	sig:$i0 = virtualinvoke $r0.<java.net.HttpURLConnection: int getResponseCode()>()	timediff:70
I/System.out(11706): body:<com.facebook.p: java.util.List a(java.net.HttpURLConnection,com.facebook.o)>	sig:$r3 = virtualinvoke $r0.<java.net.HttpURLConnection: java.io.InputStream getInputStream()>()	timediff:0
I/System.out(11706): body:<empirical.HelperClass: void printURLInfo(java.lang.String,java.lang.String,java.net.URLConnection)>	sig:$r0 = virtualinvoke urlConnection.<java.net.URLConnection: java.net.URL getURL()>()	timediff:0
I/System.out(11706): body:<empirical.HelperClass: void printURLInfo(java.lang.String,java.lang.String,java.net.URLConnection)>	sig:urlString = virtualinvoke $r0.<java.net.URL: java.lang.String toString()>()	timediff:0
I/System.out(11706): body:<empirical.HelperClass: void printURLInfo(java.lang.String,java.lang.String,java.net.URLConnection)>	sig:isDoOutput = virtualinvoke urlConnection.<java.net.URLConnection: boolean getDoOutput()>()	timediff:0
I/System.out(11706): body:<empirical.HelperClass: java.lang.String getHeaderField(java.net.URLConnection,java.lang.String)>	sig:data = virtualinvoke conn.<java.net.URLConnection: java.lang.String getHeaderField(java.lang.String)>(field)	timediff:0
I/System.out(11706): body:<empirical.HelperClass: java.lang.String getHeaderField(java.net.URLConnection,java.lang.String)>	sig:data = virtualinvoke conn.<java.net.URLConnection: java.lang.String getHeaderField(java.lang.String)>(field)	timediff:0
I/System.out(11706): body:<empirical.HelperClass: java.lang.String getHeaderField(java.net.URLConnection,java.lang.String)>	sig:data = virtualinvoke conn.<java.net.URLConnection: java.lang.String getHeaderField(java.lang.String)>(field)	timediff:0
I/System.out(11706): body:<empirical.HelperClass: java.lang.String getHeaderField(java.net.URLConnection,java.lang.String)>	sig:data = virtualinvoke conn.<java.net.URLConnection: java.lang.String getHeaderField(java.lang.String)>(field)	timediff:0
I/System.out(11706): body:<empirical.HelperClass: java.lang.String getHeaderField(java.net.URLConnection,java.lang.String)>	sig:data = virtualinvoke conn.<java.net.URLConnection: java.lang.String getHeaderField(java.lang.String)>(field)	timediff:0
I/System.out(11706): URLConn;%;5;%;<com.facebook.p: java.util.List a(java.net.HttpURLConnection,com.facebook.o)>;%;$r3 = virtualinvoke $r0.<java.net.HttpURLConnection: java.io.InputStream getInputStream()>();%;https://graph.facebook.com/v2.6/306248139586287/activities?format=json&sdk=android;%;true;%;16;%;private, no-cache, no-store, must-revalidate;%;Sat, 01 Jan 2000 00:00:00 GMT;%;Not found;%;Not found
I/System.out(11706): body:<com.facebook.p: java.util.List a(java.net.HttpURLConnection,java.util.List,java.lang.Object)>	sig:$i2 = virtualinvoke $r0.<java.net.HttpURLConnection: int getResponseCode()>()	timediff:0
I/System.out(11706): body:<com.facebook.b.w: void a(java.net.URLConnection)>	sig:virtualinvoke $r1.<java.net.HttpURLConnection: void disconnect()>()	timediff:0
I/System.out(11706): body:<com.facebook.b.w: void a(java.net.URLConnection)>	sig:virtualinvoke $r1.<java.net.HttpURLConnection: void disconnect()>()	timediff:0
I/System.out(11706): body:<c.l: c.s b(java.net.Socket)>	sig:$r3 = virtualinvoke $r0.<java.net.Socket: java.io.InputStream getInputStream()>()	timediff:0
I/System.out(11706): body:<c.l: c.r a(java.net.Socket)>	sig:$r3 = virtualinvoke $r0.<java.net.Socket: java.io.OutputStream getOutputStream()>()	timediff:0
I/System.out(11706): body:<b.ad: int hashCode()>	sig:$i1 = virtualinvoke $r2.<java.net.Proxy: int hashCode()>()	timediff:0
I/System.out(11706): body:<b.ad: int hashCode()>	sig:$i0 = virtualinvoke $r3.<java.net.InetSocketAddress: int hashCode()>()	timediff:0
I/System.out(11706): body:<b.a.b.g: b.a.d.h a(b.w,boolean)>	sig:virtualinvoke $r6.<java.net.Socket: void setSoTimeout(int)>($i1)	timediff:0
I/System.out(11706): body:<b.a.d.c: void a(b.z)>	sig:$r6 = virtualinvoke $r5.<java.net.Proxy: java.net.Proxy$Type type()>()	timediff:0
D/dalvikvm(11706): GC_CONCURRENT freed 713K, 14% free 5097K/5880K, paused 2ms+1ms, total 6ms
W/EGL_emulation(11706): eglSurfaceAttrib not implemented 3093 12436
I/System.out(11706): body:<c.l: c.s b(java.net.Socket)>	sig:$r3 = virtualinvoke $r0.<java.net.Socket: java.io.InputStream getInputStream()>()	timediff:0
I/System.out(11706): body:<c.l: c.r a(java.net.Socket)>	sig:$r3 = virtualinvoke $r0.<java.net.Socket: java.io.OutputStream getOutputStream()>()	timediff:0
I/System.out(11706): body:<b.ad: int hashCode()>	sig:$i1 = virtualinvoke $r2.<java.net.Proxy: int hashCode()>()	timediff:0
I/System.out(11706): body:<b.ad: int hashCode()>	sig:$i0 = virtualinvoke $r3.<java.net.InetSocketAddress: int hashCode()>()	timediff:1
I/System.out(11706): body:<b.a.b.g: b.a.d.h a(b.w,boolean)>	sig:virtualinvoke $r6.<java.net.Socket: void setSoTimeout(int)>($i1)	timediff:0
I/System.out(11706): body:<b.a.d.c: void a(b.z)>	sig:$r6 = virtualinvoke $r5.<java.net.Proxy: java.net.Proxy$Type type()>()	timediff:0
D/OpenGLRenderer(11706): Enabling debug mode 0
W/ViewRootImpl(11706): Dropping event due to no window focus: KeyEvent { action=ACTION_DOWN, keyCode=KEYCODE_SEMICOLON, scanCode=0, metaState=0, flags=0x8, repeatCount=0, eventTime=6586269, downTime=6586269, deviceId=-1, source=0x101 }
W/ContextImpl(11706): Implicit intents with startService are not safe: Intent { act=com.google.android.c2dm.intent.REGISTER (has extras) } android.content.ContextWrapper.startService:494 com.mixpanel.android.mpmetrics.k$d.f:1885 com.mixpanel.android.mpmetrics.k$d.b:1794 
W/ViewRootImpl(11706): Dropping event due to no window focus: KeyEvent { action=ACTION_DOWN, keyCode=KEYCODE_DPAD_DOWN, scanCode=0, metaState=0, flags=0x8, repeatCount=0, eventTime=6588038, downTime=6588038, deviceId=-1, source=0x101 }
W/Finsky  ( 2351): [157] com.google.android.finsky.billing.iab.ab.b(48): com.sixdays.truckerpath: No account found.
E/IabHelper(11706): In-app billing error: Illegal state for operation (getPurchases): IAB helper is not set up.
W/GCM     (  650): Register request missing messenger
I/AppsFlyer_4.6.0(11706): ******* sendTrackingWithEvent: Launch
W/AppsFlyer_4.6.0(11706): Permission android.permission.ACCESS_WIFI_STATE is missing in the AndroidManifest.xml
E/dalvikvm(11706): Could not find class 'android.security.keystore.KeyGenParameterSpec$Builder', referenced from method com.appsflyer.a.b
W/dalvikvm(11706): VFY: unable to resolve new-instance 305 (Landroid/security/keystore/KeyGenParameterSpec$Builder;) in Lcom/appsflyer/a;
D/dalvikvm(11706): VFY: replacing opcode 0x22 at 0x003d
D/dalvikvm(11706): DexOpt: unable to opt direct call 0x062a at 0x42 in Lcom/appsflyer/a;.b
I/AppsFlyer_4.6.0(11706): Initialising KeyStore..
I/AppsFlyer_4.6.0(11706): Creating a new key with alias: com.appsflyer,KSAppsFlyerId=1523491984950-5579943182085296500,KSAppsFlyerRICounter=0
I/chromium(11706): [INFO:library_loader_hooks.cc(112)] Chromium logging enabled: level = 0, default verbosity = 0
I/BrowserProcessMain(11706): Initializing chromium process, renderers=0
I/System.out(11706): body:<io.fabric.sdk.android.a.e.d: java.lang.String a(java.lang.CharSequence)>	sig:specialinvoke $r2.<java.net.URL: void <init>(java.lang.String)>($r1)	timediff:0
I/System.out(11706): <io.fabric.sdk.android.a.e.d: java.lang.String a(java.lang.CharSequence)>###specialinvoke $r2.<java.net.URL: void <init>(java.lang.String)>($r1)###https://settings.crashlytics.com/spi/v2/platforms/android/apps/com.sixdays.truckerpath/settings?instance=749ebb1b6d41e9c5607116a5b5e0527cf2430091&source=1&build_version=1293&icon_hash=faa7d074429239322b73475c118c4512a192e732&display_version=1.78.0
I/System.out(11706): body:<io.fabric.sdk.android.a.e.d: java.lang.String a(java.lang.CharSequence)>	sig:$r3 = virtualinvoke $r2.<java.net.URL: java.lang.String getHost()>()	timediff:0
I/System.out(11706): body:<io.fabric.sdk.android.a.e.d: java.lang.String a(java.lang.CharSequence)>	sig:$i0 = virtualinvoke $r2.<java.net.URL: int getPort()>()	timediff:0
I/System.out(11706): body:<io.fabric.sdk.android.a.e.d: java.lang.String a(java.lang.CharSequence)>	sig:$r3 = virtualinvoke $r2.<java.net.URL: java.lang.String getProtocol()>()	timediff:0
I/System.out(11706): body:<io.fabric.sdk.android.a.e.d: java.lang.String a(java.lang.CharSequence)>	sig:$r6 = virtualinvoke $r2.<java.net.URL: java.lang.String getPath()>()	timediff:0
I/System.out(11706): body:<io.fabric.sdk.android.a.e.d: java.lang.String a(java.lang.CharSequence)>	sig:$r7 = virtualinvoke $r2.<java.net.URL: java.lang.String getQuery()>()	timediff:0
I/System.out(11706): body:<io.fabric.sdk.android.a.e.d: java.lang.String a(java.lang.CharSequence)>	sig:specialinvoke $r5.<java.net.URI: void <init>(java.lang.String,java.lang.String,java.lang.String,java.lang.String,java.lang.String)>($r3, $r1, $r6, $r7, null)	timediff:0
I/System.out(11706): body:<io.fabric.sdk.android.a.e.d: java.lang.String a(java.lang.CharSequence)>	sig:$r7 = virtualinvoke $r5.<java.net.URI: java.lang.String toASCIIString()>()	timediff:0
I/System.out(11706): body:<io.fabric.sdk.android.a.e.d: void <init>(java.lang.CharSequence,java.lang.String)>	sig:specialinvoke $r4.<java.net.URL: void <init>(java.lang.String)>($r3)	timediff:0
I/System.out(11706): <io.fabric.sdk.android.a.e.d: void <init>(java.lang.CharSequence,java.lang.String)>###specialinvoke $r4.<java.net.URL: void <init>(java.lang.String)>($r3)###https://settings.crashlytics.com/spi/v2/platforms/android/apps/com.sixdays.truckerpath/settings?instance=749ebb1b6d41e9c5607116a5b5e0527cf2430091&source=1&build_version=1293&icon_hash=faa7d074429239322b73475c118c4512a192e732&display_version=1.78.0
I/System.out(11706): body:<io.fabric.sdk.android.a.e.d$b$1: java.net.HttpURLConnection a(java.net.URL)>	sig:$r2 = virtualinvoke $r1.<java.net.URL: java.net.URLConnection openConnection()>()	timediff:0
I/System.out(11706): body:<io.fabric.sdk.android.a.e.d: java.net.HttpURLConnection r()>	sig:virtualinvoke $r5.<java.net.HttpURLConnection: void setRequestMethod(java.lang.String)>($r1)	timediff:0
I/System.out(11706): body:<io.fabric.sdk.android.a.e.d: io.fabric.sdk.android.a.e.d a(boolean)>	sig:virtualinvoke $r1.<java.net.HttpURLConnection: void setUseCaches(boolean)>($z0)	timediff:0
I/System.out(11706): body:<io.fabric.sdk.android.a.e.d: io.fabric.sdk.android.a.e.d a(int)>	sig:virtualinvoke $r1.<java.net.HttpURLConnection: void setConnectTimeout(int)>($i0)	timediff:0
I/System.out(11706): body:<io.fabric.sdk.android.a.e.d: io.fabric.sdk.android.a.e.d a(java.lang.String,java.lang.String)>	sig:virtualinvoke $r3.<java.net.HttpURLConnection: void setRequestProperty(java.lang.String,java.lang.String)>($r1, $r2)	timediff:0
I/System.out(11706): body:<io.fabric.sdk.android.a.e.d: io.fabric.sdk.android.a.e.d a(java.lang.String,java.lang.String)>	sig:virtualinvoke $r3.<java.net.HttpURLConnection: void setRequestProperty(java.lang.String,java.lang.String)>($r1, $r2)	timediff:0
I/System.out(11706): body:<io.fabric.sdk.android.a.e.d: io.fabric.sdk.android.a.e.d a(java.lang.String,java.lang.String)>	sig:virtualinvoke $r3.<java.net.HttpURLConnection: void setRequestProperty(java.lang.String,java.lang.String)>($r1, $r2)	timediff:0
I/System.out(11706): body:<io.fabric.sdk.android.a.e.d: io.fabric.sdk.android.a.e.d a(java.lang.String,java.lang.String)>	sig:virtualinvoke $r3.<java.net.HttpURLConnection: void setRequestProperty(java.lang.String,java.lang.String)>($r1, $r2)	timediff:0
I/System.out(11706): body:<io.fabric.sdk.android.a.e.d: io.fabric.sdk.android.a.e.d a(java.lang.String,java.lang.String)>	sig:virtualinvoke $r3.<java.net.HttpURLConnection: void setRequestProperty(java.lang.String,java.lang.String)>($r1, $r2)	timediff:0
I/System.out(11706): body:<io.fabric.sdk.android.a.e.d: io.fabric.sdk.android.a.e.d a(java.lang.String,java.lang.String)>	sig:virtualinvoke $r3.<java.net.HttpURLConnection: void setRequestProperty(java.lang.String,java.lang.String)>($r1, $r2)	timediff:0
I/System.out(11706): body:<io.fabric.sdk.android.a.e.d: io.fabric.sdk.android.a.e.d a(java.lang.String,java.lang.String)>	sig:virtualinvoke $r3.<java.net.HttpURLConnection: void setRequestProperty(java.lang.String,java.lang.String)>($r1, $r2)	timediff:0
W/ContextImpl(  327): Calling a method in the system process without a qualified user: android.app.ContextImpl.sendBroadcast:1123 com.android.server.InputMethodManagerService.hideCurrentInputLocked:1880 com.android.server.InputMethodManagerService.windowGainedFocus:1968 com.android.internal.view.IInputMethodManager$Stub.onTransact:221 com.android.server.InputMethodManagerService.onTransact:818 
I/qtaguid (  650): Tagging socket 110 with tag 3000040700000000(805307399) for uid -1 failed errno=-13
I/NetworkManagementSocketTagger(  650): tagSocketFd(110, 805307399, -1) failed with errno-13
D/dalvikvm(11706): GC_CONCURRENT freed 604K, 13% free 5139K/5880K, paused 2ms+0ms, total 6ms
I/System.out(11706): body:<io.fabric.sdk.android.a.e.d: io.fabric.sdk.android.a.e.d a(java.lang.String,java.lang.String)>	sig:virtualinvoke $r3.<java.net.HttpURLConnection: void setRequestProperty(java.lang.String,java.lang.String)>($r1, $r2)	timediff:0
I/System.out(11706): body:<io.fabric.sdk.android.a.e.d: io.fabric.sdk.android.a.e.d a(java.lang.String,java.lang.String)>	sig:virtualinvoke $r3.<java.net.HttpURLConnection: void setRequestProperty(java.lang.String,java.lang.String)>($r1, $r2)	timediff:0
I/System.out(11706): body:<io.fabric.sdk.android.a.e.d: io.fabric.sdk.android.a.e.d a(java.lang.String,java.lang.String)>	sig:virtualinvoke $r3.<java.net.HttpURLConnection: void setRequestProperty(java.lang.String,java.lang.String)>($r1, $r2)	timediff:0
I/System.out(11706): body:<io.fabric.sdk.android.a.e.d: io.fabric.sdk.android.a.e.d a(java.lang.String,java.lang.String)>	sig:virtualinvoke $r3.<java.net.HttpURLConnection: void setRequestProperty(java.lang.String,java.lang.String)>($r1, $r2)	timediff:0
I/System.out(11706): body:<io.fabric.sdk.android.a.e.d: io.fabric.sdk.android.a.e.d a(java.lang.String,java.lang.String)>	sig:virtualinvoke $r3.<java.net.HttpURLConnection: void setRequestProperty(java.lang.String,java.lang.String)>($r1, $r2)	timediff:0
I/System.out(11706): body:<b.a.c: java.lang.String a(java.lang.String)>	sig:$r0 = staticinvoke <java.net.IDN: java.lang.String toASCII(java.lang.String)>($r0)	timediff:0
I/System.out(11706): body:<b.s: java.net.URI a()>	sig:specialinvoke $r3.<java.net.URI: void <init>(java.lang.String)>($r2)	timediff:0
I/System.out(11706): body:<b.a.b.f: void a(b.s,java.net.Proxy)>	sig:$r3 = virtualinvoke $r6.<java.net.ProxySelector: java.util.List select(java.net.URI)>($r7)	timediff:0
I/System.out(11706): body:<com.c.b.gv: void n()>	sig:$i0 = virtualinvoke $r4.<java.net.HttpURLConnection: int getResponseCode()>()	timediff:164
I/System.out(11706): body:<com.c.b.gv: void n()>	sig:$r17 = virtualinvoke $r4.<java.net.HttpURLConnection: java.util.Map getHeaderFields()>()	timediff:0
I/System.out(11706): body:<com.c.b.gv: void n()>	sig:$r22 = virtualinvoke $r4.<java.net.HttpURLConnection: java.io.InputStream getInputStream()>()	timediff:0
I/System.out(11706): body:<empirical.HelperClass: void printURLInfo(java.lang.String,java.lang.String,java.net.URLConnection)>	sig:$r0 = virtualinvoke urlConnection.<java.net.URLConnection: java.net.URL getURL()>()	timediff:0
I/System.out(11706): body:<empirical.HelperClass: void printURLInfo(java.lang.String,java.lang.String,java.net.URLConnection)>	sig:urlString = virtualinvoke $r0.<java.net.URL: java.lang.String toString()>()	timediff:0
I/System.out(11706): body:<empirical.HelperClass: void printURLInfo(java.lang.String,java.lang.String,java.net.URLConnection)>	sig:isDoOutput = virtualinvoke urlConnection.<java.net.URLConnection: boolean getDoOutput()>()	timediff:0
I/System.out(11706): body:<empirical.HelperClass: java.lang.String getHeaderField(java.net.URLConnection,java.lang.String)>	sig:data = virtualinvoke conn.<java.net.URLConnection: java.lang.String getHeaderField(java.lang.String)>(field)	timediff:0
I/System.out(11706): body:<empirical.HelperClass: java.lang.String getHeaderField(java.net.URLConnection,java.lang.String)>	sig:data = virtualinvoke conn.<java.net.URLConnection: java.lang.String getHeaderField(java.lang.String)>(field)	timediff:0
I/System.out(11706): body:<empirical.HelperClass: java.lang.String getHeaderField(java.net.URLConnection,java.lang.String)>	sig:data = virtualinvoke conn.<java.net.URLConnection: java.lang.String getHeaderField(java.lang.String)>(field)	timediff:0
I/System.out(11706): body:<empirical.HelperClass: java.lang.String getHeaderField(java.net.URLConnection,java.lang.String)>	sig:data = virtualinvoke conn.<java.net.URLConnection: java.lang.String getHeaderField(java.lang.String)>(field)	timediff:0
I/System.out(11706): body:<empirical.HelperClass: java.lang.String getHeaderField(java.net.URLConnection,java.lang.String)>	sig:data = virtualinvoke conn.<java.net.URLConnection: java.lang.String getHeaderField(java.lang.String)>(field)	timediff:0
I/System.out(11706): URLConn;%;6;%;<com.c.b.gv: void n()>;%;$r22 = virtualinvoke $r4.<java.net.HttpURLConnection: java.io.InputStream getInputStream()>();%;https://analytics.query.yahoo.com/v1/public/yql?q=select+bid+from+data.utilities+where+_di%3D%27d9aaea5e90f3406cef15006d2e782e18c665ce5b%27+and+_diaid%3D%27d9aaea5e90f3406cef15006d2e782e18c665ce5b%27+and+_diaidu%3D%273ae8f2f4-1b58-4ed6-816b-3ee6c7e3745e%27;%;false;%;Not found;%;no-cache;%;Thu, 01 Jan 1970 00:00:00 GMT;%;0;%;B=djanabq8f6g3c;Path=/;Domain=.yahoo.com;Expires=Sat, 11-Apr-2020 00:13:09 GMT
I/System.out(11706): body:<com.c.b.gv: void p()>	sig:virtualinvoke $r1.<java.net.HttpURLConnection: void disconnect()>()	timediff:0
I/System.out(11706): body:<com.c.b.io$4: void a(com.c.b.gu,java.lang.Void)>	sig:$r6 = staticinvoke <java.net.HttpCookie: java.util.List parse(java.lang.String)>($r5)	timediff:0
I/System.out(11706): body:<com.c.b.io$4: void a(com.c.b.gu,java.lang.Void)>	sig:$r5 = virtualinvoke $r10.<java.net.HttpCookie: java.lang.String getDomain()>()	timediff:0
I/System.out(11706): body:<com.c.b.io$4: void a(com.c.b.gu,java.lang.Void)>	sig:$z0 = staticinvoke <java.net.HttpCookie: boolean domainMatches(java.lang.String,java.lang.String)>(".yahoo.com", $r5)	timediff:0
I/System.out(11706): body:<com.c.b.io$4: void a(com.c.b.gu,java.lang.Void)>	sig:$r4 = virtualinvoke $r10.<java.net.HttpCookie: java.lang.String getName()>()	timediff:0
I/System.out(11706): body:<com.c.b.io$4: void a(com.c.b.gu,java.lang.Void)>	sig:$r5 = virtualinvoke $r10.<java.net.HttpCookie: java.lang.String getValue()>()	timediff:0
W/Conscrypt(  650): Could not set socket write timeout: java.lang.reflect.InvocationTargetException
W/Conscrypt(  650): 	at java.lang.reflect.Method.invokeNative(Native Method)
W/Conscrypt(  650): 	at java.lang.reflect.Method.invoke(Method.java:515)
W/Conscrypt(  650): Caused by: libcore.io.ErrnoException: setsockopt failed: EBADF (Bad file number)
W/Conscrypt(  650): 	at libcore.io.Posix.setsockoptTimeval(Native Method)
W/Conscrypt(  650): 	at libcore.io.ForwardingOs.setsockoptTimeval(ForwardingOs.java:126)
W/chromium(11706): [WARNING:proxy_service.cc(888)] PAC support disabled because there is no system implementation
W/Conscrypt(  650): Could not set socket write timeout: java.lang.reflect.InvocationTargetException
W/Conscrypt(  650): 	at java.lang.reflect.Method.invokeNative(Native Method)
W/Conscrypt(  650): 	at java.lang.reflect.Method.invoke(Method.java:515)
W/Conscrypt(  650): Caused by: libcore.io.ErrnoException: setsockopt failed: EBADF (Bad file number)
W/Conscrypt(  650): 	at libcore.io.Posix.setsockoptTimeval(Native Method)
W/Conscrypt(  650): 	at libcore.io.ForwardingOs.setsockoptTimeval(ForwardingOs.java:126)
I/qtaguid (  650): Tagging socket 115 with tag 3000040700000000(805307399) for uid -1 failed errno=-13
I/NetworkManagementSocketTagger(  650): tagSocketFd(115, 805307399, -1) failed with errno-13
I/qtaguid (  650): Untagging socket 115 failed errno=-13
W/NetworkManagementSocketTagger(  650): untagSocket(115) failed with errno -13
I/qtaguid (  650): Tagging socket 115 with tag 3000040700000000(805307399) for uid -1 failed errno=-13
I/NetworkManagementSocketTagger(  650): tagSocketFd(115, 805307399, -1) failed with errno-13
I/qtaguid (  650): Untagging socket 115 failed errno=-13
W/NetworkManagementSocketTagger(  650): untagSocket(115) failed with errno -13
I/qtaguid (  650): Tagging socket 115 with tag 3000040700000000(805307399) for uid -1 failed errno=-13
W/GCoreFlp(  650): No location to return for getLastLocation()
I/ActivityManager(  327): Displayed com.sixdays.truckerpath/.view.base.SplashActivity: +1s883ms (total +13s532ms)
I/NetworkManagementSocketTagger(  650): tagSocketFd(115, 805307399, -1) failed with errno-13
I/qtaguid (  650): Untagging socket 115 failed errno=-13
W/NetworkManagementSocketTagger(  650): untagSocket(115) failed with errno -13
I/System.out(11706): body:<com.c.b.gv: void n()>	sig:specialinvoke $r6.<java.net.URL: void <init>(java.lang.String)>($r1)	timediff:0
I/System.out(11706): <com.c.b.gv: void n()>###specialinvoke $r6.<java.net.URL: void <init>(java.lang.String)>($r1)###https://data.flurry.com/aap.do
I/System.out(11706): body:<com.c.b.gv: void n()>	sig:$r7 = virtualinvoke $r6.<java.net.URL: java.net.URLConnection openConnection()>()	timediff:0
I/System.out(11706): body:<com.c.b.gv: void n()>	sig:virtualinvoke $r4.<java.net.HttpURLConnection: void setConnectTimeout(int)>($i0)	timediff:0
I/System.out(11706): body:<com.c.b.gv: void n()>	sig:virtualinvoke $r4.<java.net.HttpURLConnection: void setReadTimeout(int)>($i0)	timediff:0
I/System.out(11706): body:<com.c.b.gv: void n()>	sig:virtualinvoke $r4.<java.net.HttpURLConnection: void setRequestMethod(java.lang.String)>($r1)	timediff:0
I/System.out(11706): body:<com.c.b.gv: void n()>	sig:virtualinvoke $r4.<java.net.HttpURLConnection: void setInstanceFollowRedirects(boolean)>($z0)	timediff:0
I/System.out(11706): body:<com.c.b.gv: void n()>	sig:virtualinvoke $r4.<java.net.HttpURLConnection: void setDoOutput(boolean)>($z0)	timediff:0
I/System.out(11706): body:<com.c.b.gv: void n()>	sig:virtualinvoke $r4.<java.net.HttpURLConnection: void setDoInput(boolean)>(1)	timediff:0
I/System.out(11706): body:<com.c.b.gv: void n()>	sig:virtualinvoke $r4.<java.net.HttpURLConnection: void addRequestProperty(java.lang.String,java.lang.String)>($r1, $r13)	timediff:0
I/qtaguid (  650): Tagging socket 115 with tag 3000040700000000(805307399) for uid -1 failed errno=-13
I/NetworkManagementSocketTagger(  650): tagSocketFd(115, 805307399, -1) failed with errno-13
I/qtaguid (  650): Untagging socket 115 failed errno=-13
W/NetworkManagementSocketTagger(  650): untagSocket(115) failed with errno -13
I/qtaguid (  650): Tagging socket 115 with tag 3000040700000000(805307399) for uid -1 failed errno=-13
I/NetworkManagementSocketTagger(  650): tagSocketFd(115, 805307399, -1) failed with errno-13
I/qtaguid (  650): Untagging socket 115 failed errno=-13
I/qtaguid (  650): Untagging socket 80 failed errno=-13
W/NetworkManagementSocketTagger(  650): untagSocket(80) failed with errno -13
D/a       (11706): Activity received force_update value: false
I/ActivityManager(  327): START u0 {cmp=com.sixdays.truckerpath/.view.base.MainActivity} from pid 11706
W/NetworkManagementSocketTagger(  650): untagSocket(115) failed with errno -13
I/qtaguid (  650): Tagging socket 115 with tag 3000040700000000(805307399) for uid -1 failed errno=-13
I/NetworkManagementSocketTagger(  650): tagSocketFd(115, 805307399, -1) failed with errno-13
I/qtaguid (  650): Untagging socket 115 failed errno=-13
W/NetworkManagementSocketTagger(  650): untagSocket(115) failed with errno -13
I/AppsFlyer_4.6.0(11706): token=dzv9Ax3iaSA:APA91bHF2b_FFAKR3LmeHlTd4MwQ9jVq3Vk2lNpA2SwZjiWQbiLGSZwiXyBqkEnOu-lg2khmzDJwqydb2_sq1rWK7f0UPG-NwG2g95ANmkC77sa3f6vpAARA_gYYkpSTD3Yr_nW7SP4Y
I/AppsFlyer_4.6.0(11706): instance id=dzv9Ax3iaSA
I/AppsFlyer_4.6.0(11706): updateServerGcmToken called
W/NetworkManagementSocketTagger(  327): setKernelCountSet(10018, 0) failed with errno -13
D/dalvikvm(11706): GC_FOR_ALLOC freed 514K, 13% free 5154K/5880K, paused 6ms, total 6ms
I/dalvikvm-heap(11706): Grow heap (frag case) to 5.349MB for 269884-byte allocation
D/dalvikvm(11706): GC_FOR_ALLOC freed 2K, 12% free 5414K/6144K, paused 7ms, total 7ms
I/dalvikvm(11706): Could not find method android.content.Context.getColorStateList, referenced from method android.support.v7.content.res.AppCompatResources.getColorStateList
W/dalvikvm(11706): VFY: unable to resolve virtual method 561: Landroid/content/Context;.getColorStateList (I)Landroid/content/res/ColorStateList;
D/dalvikvm(11706): VFY: replacing opcode 0x6e at 0x0006
W/dalvikvm(  650): VFY: unable to find class referenced in signature (Landroid/location/GnssMeasurementsEvent;)
W/dalvikvm(  650): VFY: unable to find class referenced in signature (Landroid/location/GnssNavigationMessage;)
I/dalvikvm(11706): Could not find method android.content.res.Resources.getDrawable, referenced from method android.support.v7.widget.ResourcesWrapper.getDrawable
W/dalvikvm(11706): VFY: unable to resolve virtual method 767: Landroid/content/res/Resources;.getDrawable (ILandroid/content/res/Resources$Theme;)Landroid/graphics/drawable/Drawable;
D/dalvikvm(11706): VFY: replacing opcode 0x6e at 0x0002
I/dalvikvm(11706): Could not find method android.content.res.Resources.getDrawableForDensity, referenced from method android.support.v7.widget.ResourcesWrapper.getDrawableForDensity
W/dalvikvm(11706): VFY: unable to resolve virtual method 769: Landroid/content/res/Resources;.getDrawableForDensity (IILandroid/content/res/Resources$Theme;)Landroid/graphics/drawable/Drawable;
D/dalvikvm(11706): VFY: replacing opcode 0x6e at 0x0002
I/dalvikvm(  650): Could not find method android.content.Context.checkSelfPermission, referenced from method anih.c
E/dalvikvm(11706): Could not find class 'android.graphics.drawable.RippleDrawable', referenced from method android.support.v7.widget.AppCompatImageHelper.hasOverlappingRendering
W/dalvikvm(11706): VFY: unable to resolve instanceof 219 (Landroid/graphics/drawable/RippleDrawable;) in Landroid/support/v7/widget/AppCompatImageHelper;
D/dalvikvm(11706): VFY: replacing opcode 0x20 at 0x000c
W/dalvikvm(  650): VFY: unable to resolve virtual method 17600: Landroid/content/Context;.checkSelfPermission (Ljava/lang/String;)I
D/dalvikvm(  650): VFY: replacing opcode 0x6e at 0x0019
I/dalvikvm(  650): Could not find method android.app.AlarmManager.setAndAllowWhileIdle, referenced from method anih.a
W/dalvikvm(  650): VFY: unable to resolve virtual method 17256: Landroid/app/AlarmManager;.setAndAllowWhileIdle (IJLandroid/app/PendingIntent;)V
D/dalvikvm(  650): VFY: replacing opcode 0x6e at 0x007a
I/qtaguid (  650): Untagging socket 110 failed errno=-13
W/NetworkManagementSocketTagger(  650): untagSocket(110) failed with errno -13
W/FlurryAgent(11706): Event count started: RADIUS_VIEWER_ITEM_TAG
W/FlurryAgent(11706): Flurry session resumed for context:com.sixdays.truckerpath.view.base.MainActivity@4a912124
D/dalvikvm(11706): GC_CONCURRENT freed 627K, 11% free 5624K/6316K, paused 2ms+7ms, total 20ms
D/dalvikvm(11706): GC_FOR_ALLOC freed 7K, 11% free 5680K/6372K, paused 6ms, total 6ms
I/dalvikvm-heap(11706): Grow heap (frag case) to 6.211MB for 635808-byte allocation
