W/ViewRootImpl(23105): Dropping event due to root view being removed: MotionEvent { action=ACTION_UP, id[0]=0, x[0]=591.5888, y[0]=-385.78864, toolType[0]=TOOL_TYPE_UNKNOWN, buttonState=0, metaState=0, flags=0x0, edgeFlags=0x0, pointerCount=1, historySize=0, eventTime=1330068, downTime=1330065, deviceId=0, source=0x1002 }
E/SVOX Pico Engine( 1561): Failed to load textana resource for en-US [-40]
E/CompatTtsService( 1561): setLanguage(eng,USA,) failed
D/MyTTS:AnTTS(23105): onUtteranceCompleted
D/MyTTS   (23105): onUtteranceCompleted
D/AUTOHIDE(23105): reset timer
D/MyTTS:AnTTS(23105): stop
D/MyTTS:AnTTS(23105): shutdown
D/Speech  (23105): unmute: task scheduled
W/ViewRootImpl(23105): Dropping event due to no window focus: KeyEvent { action=ACTION_DOWN, keyCode=KEYCODE_DPAD_LEFT, scanCode=0, metaState=0, flags=0x8, repeatCount=0, eventTime=1330078, downTime=1330078, deviceId=-1, source=0x101 }
W/InputMethodManagerService(  481): Window already focused, ignoring focus gain of: com.android.internal.view.IInputMethodClient$Stub$Proxy@4adc8948 attribute=android.view.inputmethod.EditorInfo@4ad7a010, token = android.os.BinderProxy@4ae2c5b4
D/MainView(23105): ACTION_DOWN!!!
D/MainView(23105): ACTION_UP!!!
D/dalvikvm(23105): GC_EXPLICIT freed 812K, 71% free 7125K/24008K, paused 1ms+1ms, total 10ms
D/MyTTS   (23105): abort
D/dalvikvm(23105): GC_EXPLICIT freed 105K, 71% free 7019K/24008K, paused 1ms+0ms, total 8ms
D/MyTTS   (23105): abort
W/EGL_emulation(23105): eglSurfaceAttrib not implemented 3093 12436
D/MainView(23105): ACTION_DOWN!!!
D/MainView(23105): ACTION_DOWN!!!
D/MyTTS   (23105): speakText = You need to install Google Voice Search to use our voice input.
D/MyTTS   (23105): speakText vr.stopped
D/AcTTS   (23105): removeOldVoices()
D/MyTTS:AnTTS(23105): AnTTS() 
I/TextToSpeech(23105): Sucessfully bound to com.svox.pico
V/SynthProxy( 1561): About to load /system/lib/libttspico.so, applyFilter=true
D/MyTTS   (23105): speakText = You need to install Google Voice Search to use our voice input.
D/MyTTS   (23105): speakText vr.stopped
D/MyTTS   (23105): speakText = You need to install Google Voice Search to use our voice input.
D/MyTTS   (23105): speakText vr.stopped
D/MyTTS   (23105): speakText = You need to install Google Voice Search to use our voice input.
D/MyTTS   (23105): speakText vr.stopped
W/InputEventReceiver(23105): Attempted to finish an input event but the input event receiver has already been disposed.
W/InputEventReceiver(23105): Attempted to finish an input event but the input event receiver has already been disposed.
W/InputEventReceiver(23105): Attempted to finish an input event but the input event receiver has already been disposed.
W/InputEventReceiver(23105): Attempted to finish an input event but the input event receiver has already been disposed.
W/ViewRootImpl(23105): Dropping event due to root view being removed: MotionEvent { action=ACTION_DOWN, id[0]=0, x[0]=302.0, y[0]=81.0, toolType[0]=TOOL_TYPE_UNKNOWN, buttonState=0, metaState=0, flags=0x0, edgeFlags=0x0, pointerCount=1, historySize=0, eventTime=1330202, downTime=1330202, deviceId=0, source=0x1002 }
W/ViewRootImpl(23105): Dropping event due to root view being removed: MotionEvent { action=ACTION_MOVE, id[0]=0, x[0]=308.44632, y[0]=47.052673, toolType[0]=TOOL_TYPE_UNKNOWN, buttonState=0, metaState=0, flags=0x0, edgeFlags=0x0, pointerCount=1, historySize=5, eventTime=1330206, downTime=1330202, deviceId=0, source=0x1002 }
W/ViewRootImpl(23105): Dropping event due to root view being removed: MotionEvent { action=ACTION_UP, id[0]=0, x[0]=309.74744, y[0]=45.708923, toolType[0]=TOOL_TYPE_UNKNOWN, buttonState=0, metaState=0, flags=0x0, edgeFlags=0x0, pointerCount=1, historySize=0, eventTime=1330206, downTime=1330202, deviceId=0, source=0x1002 }
W/ViewRootImpl(23105): Dropping event due to root view being removed: MotionEvent { action=ACTION_MOVE, id[0]=0, x[0]=2.0, y[0]=1.0, toolType[0]=TOOL_TYPE_UNKNOWN, buttonState=0, metaState=0, flags=0x0, edgeFlags=0x0, pointerCount=1, historySize=29, eventTime=1330213, downTime=-1, deviceId=0, source=0x10004 }
I/TextToSpeech(23105): Connected to ComponentInfo{com.svox.pico/com.svox.pico.PicoService}
I/TextToSpeech(23105): Set up connection to ComponentInfo{com.svox.pico/com.svox.pico.PicoService}
D/MyTTS:AnTTS(23105): onInit
D/MyTTS:AnTTS(23105): onInit TextToSpeech.SUCCESS
D/AUTOHIDE(23105): reset timer
D/Speech  (23105): abort...
D/Speech  (23105): now state STOPPED SCO_DISCONNECTED BT_DISCONNECTED
D/Speech  (23105): abort: already stopped
D/Speech  (23105): unmuting canceled
D/MyTTS:AnTTS(23105): speak You need to install Google Voice Search to use our voice input.
D/MainView(23105): ACTION_DOWN!!!
W/ViewRootImpl(23105): Dropping event due to no window focus: MotionEvent { action=ACTION_MOVE, id[0]=0, x[0]=1.0, y[0]=3.0, toolType[0]=TOOL_TYPE_UNKNOWN, buttonState=0, metaState=0, flags=0x0, edgeFlags=0x0, pointerCount=1, historySize=9, eventTime=1330221, downTime=-1, deviceId=0, source=0x10004 }
W/ViewRootImpl(23105): Dropping event due to no window focus: MotionEvent { action=ACTION_DOWN, id[0]=0, x[0]=0.0, y[0]=0.0, toolType[0]=TOOL_TYPE_UNKNOWN, buttonState=0, metaState=0, flags=0x0, edgeFlags=0x0, pointerCount=1, historySize=0, eventTime=1330221, downTime=1330218, deviceId=0, source=0x10004 }
W/InputMethodManagerService(  481): Window already focused, ignoring focus gain of: com.android.internal.view.IInputMethodClient$Stub$Proxy@4aa44e6c attribute=null, token = android.os.BinderProxy@4ae2c5b4
D/MainView(23105): ACTION_UP!!!
E/SVOX Pico Engine( 1561): Failed to load textana resource for en-US [-40]
E/CompatTtsService( 1561): setLanguage(eng,USA,) failed
D/MyTTS:AnTTS(23105): onUtteranceCompleted
D/MyTTS   (23105): onUtteranceCompleted
D/AUTOHIDE(23105): reset timer
D/MyTTS   (23105): !que.isEmpty()
D/AUTOHIDE(23105): reset timer
D/Speech  (23105): abort...
D/Speech  (23105): now state STOPPED SCO_DISCONNECTED BT_DISCONNECTED
D/Speech  (23105): abort: already stopped
D/MyTTS:AnTTS(23105): speak You need to install Google Voice Search to use our voice input.
E/SVOX Pico Engine( 1561): Failed to load textana resource for en-US [-40]
E/CompatTtsService( 1561): setLanguage(eng,USA,) failed
D/MyTTS:AnTTS(23105): onUtteranceCompleted
D/MyTTS   (23105): onUtteranceCompleted
D/AUTOHIDE(23105): reset timer
D/MyTTS   (23105): !que.isEmpty()
D/AUTOHIDE(23105): reset timer
D/Speech  (23105): abort...
D/Speech  (23105): now state STOPPED SCO_DISCONNECTED BT_DISCONNECTED
D/Speech  (23105): abort: already stopped
D/MyTTS:AnTTS(23105): speak You need to install Google Voice Search to use our voice input.
E/SVOX Pico Engine( 1561): Failed to load textana resource for en-US [-40]
E/CompatTtsService( 1561): setLanguage(eng,USA,) failed
D/MyTTS:AnTTS(23105): onUtteranceCompleted
D/MyTTS   (23105): onUtteranceCompleted
D/AUTOHIDE(23105): reset timer
D/MyTTS   (23105): !que.isEmpty()
D/AUTOHIDE(23105): reset timer
D/Speech  (23105): abort...
D/Speech  (23105): now state STOPPED SCO_DISCONNECTED BT_DISCONNECTED
D/Speech  (23105): abort: already stopped
D/MyTTS:AnTTS(23105): speak You need to install Google Voice Search to use our voice input.
E/SVOX Pico Engine( 1561): Failed to load textana resource for en-US [-40]
E/CompatTtsService( 1561): setLanguage(eng,USA,) failed
D/MyTTS:AnTTS(23105): onUtteranceCompleted
D/MyTTS   (23105): onUtteranceCompleted
D/AUTOHIDE(23105): reset timer
D/MyTTS:AnTTS(23105): stop
D/MyTTS:AnTTS(23105): shutdown
D/Speech  (23105): unmute: task scheduled
D/dalvikvm(23105): GC_EXPLICIT freed 107K, 71% free 7077K/24008K, paused 0ms+1ms, total 8ms
D/MyTTS   (23105): abort
D/dalvikvm(23105): GC_EXPLICIT freed 5K, 71% free 7072K/24008K, paused 2ms+0ms, total 9ms
D/MyTTS   (23105): abort
W/ViewRootImpl(23105): Dropping event due to no window focus: KeyEvent { action=ACTION_DOWN, keyCode=KEYCODE_DPAD_DOWN, scanCode=0, metaState=0, flags=0x8, repeatCount=0, eventTime=1330230, downTime=1330230, deviceId=-1, source=0x101 }
W/EGL_emulation(23105): eglSurfaceAttrib not implemented 3093 12436
W/InputEventReceiver(23105): Attempted to finish an input event but the input event receiver has already been disposed.
W/InputEventReceiver(23105): Attempted to finish an input event but the input event receiver has already been disposed.
W/InputEventReceiver(23105): Attempted to finish an input event but the input event receiver has already been disposed.
W/ViewRootImpl(23105): Dropping event due to root view being removed: MotionEvent { action=ACTION_DOWN, id[0]=0, x[0]=31.0, y[0]=659.0, toolType[0]=TOOL_TYPE_UNKNOWN, buttonState=0, metaState=0, flags=0x0, edgeFlags=0x0, pointerCount=1, historySize=0, eventTime=1330299, downTime=1330299, deviceId=0, source=0x1002 }
W/ViewRootImpl(23105): Dropping event due to root view being removed: MotionEvent { action=ACTION_UP, id[0]=0, x[0]=27.012115, y[0]=648.9657, toolType[0]=TOOL_TYPE_UNKNOWN, buttonState=0, metaState=0, flags=0x0, edgeFlags=0x0, pointerCount=1, historySize=0, eventTime=1330299, downTime=1330299, deviceId=0, source=0x1002 }
W/InputMethodManagerService(  481): Window already focused, ignoring focus gain of: com.android.internal.view.IInputMethodClient$Stub$Proxy@4a905cc8 attribute=android.view.inputmethod.EditorInfo@4a8ff5c4, token = android.os.BinderProxy@4ae2c5b4
I/ActivityManager(  481): START u0 {act=android.intent.action.ASSIST flg=0x34000000 cmp=com.magnifis.parking/.MainActivity (has extras)} from pid 481
D/MainView(23105): ACTION_DOWN!!!
D/MainView(23105): ACTION_UP!!!
D/MainActivity(23105): onPause
D/suzie   (23105): SUZIE hidden after close com.magnifis.parking.MainActivity@4a8c9e9c
D/MainActivity(23105): onNewIntent: Intent { act=android.intent.action.ASSIST flg=0x34000000 cmp=com.magnifis.parking/.MainActivity (has extras) }
V/Utils   (23105): storage state is mounted
D/MainActivity(23105): onResume
D/suzie   (23105): SUZIE hidden when activated com.magnifis.parking.MainActivity@4a8c9e9c
D/MainActivity(23105): processNewIntent
D/MainActivity(23105): edn!
D/com.magnifis.parking.VoiceIO(23105): listen
D/Speech  (23105): start...
D/Speech  (23105): now state STOPPED SCO_DISCONNECTED BT_DISCONNECTED
D/AUTOHIDE(23105): reset timer
D/Speech  (23105): start: speech recognizer not found
D/Speech  (23105): start: fail
E/ActivityThread(23105): Failed to find provider info for com.facebook.katana.provider.AttributionIdProvider
D/dalvikvm(23105): GC_EXPLICIT freed 95K, 71% free 7082K/24008K, paused 1ms+0ms, total 7ms
D/MyTTS   (23105): abort
D/dalvikvm(23105): GC_EXPLICIT freed 12K, 71% free 7070K/24008K, paused 0ms+0ms, total 10ms
D/MyTTS   (23105): abort
D/suzie   (23105): Service intent: CLOSE_SUZIE
D/suzie   (23105): Service intent: CLOSE_SUZIE
W/EGL_emulation(23105): eglSurfaceAttrib not implemented 3093 12436
I/MapActivity(23105): Handling network change notification:CONNECTED
E/MapActivity(23105): Couldn't get connection factory client
W/InputEventReceiver(23105): Attempted to finish an input event but the input event receiver has already been disposed.
D/MainView(23105): ACTION_DOWN!!!
D/MainView(23105): ACTION_UP!!!
D/MainView(23105): ACTION_DOWN!!!
D/MainView(23105): ACTION_UP!!!
W/InputMethodManagerService(  481): Window already focused, ignoring focus gain of: com.android.internal.view.IInputMethodClient$Stub$Proxy@4a93b724 attribute=null, token = android.os.BinderProxy@4ae2c5b4
D/MainView(23105): ACTION_DOWN!!!
D/dalvikvm(23105): GC_EXPLICIT freed 35K, 71% free 7141K/24008K, paused 0ms+1ms, total 8ms
D/MyTTS   (23105): abort
D/dalvikvm(23105): GC_EXPLICIT freed 5K, 71% free 7136K/24008K, paused 1ms+0ms, total 8ms
D/MyTTS   (23105): abort
W/ViewRootImpl(23105): Dropping event due to no window focus: KeyEvent { action=ACTION_DOWN, keyCode=KEYCODE_CAPS_LOCK, scanCode=0, metaState=0, flags=0x8, repeatCount=0, eventTime=1330435, downTime=1330435, deviceId=-1, source=0x101 }
W/ViewRootImpl(23105): Dropping event due to no window focus: KeyEvent { action=ACTION_DOWN, keyCode=KEYCODE_DPAD_UP, scanCode=0, metaState=0, flags=0x8, repeatCount=0, eventTime=1330469, downTime=1330469, deviceId=-1, source=0x101 }
D/dalvikvm(23105): GC_EXPLICIT freed 8K, 71% free 7177K/24008K, paused 1ms+1ms, total 8ms
D/MyTTS   (23105): abort
D/dalvikvm(23105): GC_EXPLICIT freed 1K, 71% free 7176K/24008K, paused 0ms+1ms, total 8ms
D/MyTTS   (23105): abort
W/ViewRootImpl(23105): Dropping event due to no window focus: KeyEvent { action=ACTION_DOWN, keyCode=KEYCODE_DPAD_DOWN, scanCode=0, metaState=0, flags=0x8, repeatCount=0, eventTime=1330471, downTime=1330471, deviceId=-1, source=0x101 }
W/EGL_emulation(23105): eglSurfaceAttrib not implemented 3093 12436
W/EGL_emulation(23105): eglSurfaceAttrib not implemented 3093 12436
D/MainView(23105): ACTION_DOWN!!!
W/ViewRootImpl(23105): Dropping event due to no window focus: KeyEvent { action=ACTION_DOWN, keyCode=KEYCODE_GRAVE, scanCode=0, metaState=0, flags=0x8, repeatCount=0, eventTime=1330495, downTime=1330495, deviceId=-1, source=0x101 }
W/ViewRootImpl(23105): Dropping event due to no window focus: KeyEvent { action=ACTION_DOWN, keyCode=KEYCODE_DPAD_DOWN, scanCode=0, metaState=0, flags=0x8, repeatCount=0, eventTime=1330541, downTime=1330541, deviceId=-1, source=0x101 }
W/InputEventReceiver(23105): Attempted to finish an input event but the input event receiver has already been disposed.
W/InputEventReceiver(23105): Attempted to finish an input event but the input event receiver has already been disposed.
W/InputEventReceiver(23105): Attempted to finish an input event but the input event receiver has already been disposed.
W/ViewRootImpl(23105): Dropping event due to root view being removed: MotionEvent { action=ACTION_MOVE, id[0]=0, x[0]=360.8805, y[0]=-212.73819, toolType[0]=TOOL_TYPE_UNKNOWN, buttonState=0, metaState=0, flags=0x0, edgeFlags=0x0, pointerCount=1, historySize=3, eventTime=1330545, downTime=1330544, deviceId=0, source=0x1002 }
W/ViewRootImpl(23105): Dropping event due to root view being removed: MotionEvent { action=ACTION_UP, id[0]=0, x[0]=364.09915, y[0]=-212.7873, toolType[0]=TOOL_TYPE_UNKNOWN, buttonState=0, metaState=0, flags=0x0, edgeFlags=0x0, pointerCount=1, historySize=0, eventTime=1330545, downTime=1330544, deviceId=0, source=0x1002 }
W/InputEventReceiver(23105): Attempted to finish an input event but the input event receiver has already been disposed.
W/InputEventReceiver(23105): Attempted to finish an input event but the input event receiver has already been disposed.
W/InputEventReceiver(23105): Attempted to finish an input event but the input event receiver has already been disposed.
W/InputEventReceiver(23105): Attempted to finish an input event but the input event receiver has already been disposed.
W/InputEventReceiver(23105): Attempted to finish an input event but the input event receiver has already been disposed.
W/ViewRootImpl(23105): Dropping event due to root view being removed: MotionEvent { action=ACTION_POINTER_DOWN(1), id[0]=0, x[0]=-49.452583, y[0]=4.3440857, toolType[0]=TOOL_TYPE_UNKNOWN, id[1]=1, x[1]=5.0, y[1]=244.0, toolType[1]=TOOL_TYPE_UNKNOWN, buttonState=0, metaState=0, flags=0x0, edgeFlags=0x0, pointerCount=2, historySize=0, eventTime=1330602, downTime=1330602, deviceId=0, source=0x1002 }
W/ViewRootImpl(23105): Dropping event due to root view being removed: MotionEvent { action=ACTION_MOVE, id[0]=0, x[0]=30.62053, y[0]=-60.497284, toolType[0]=TOOL_TYPE_UNKNOWN, id[1]=1, x[1]=-52.721962, y[1]=218.31897, toolType[1]=TOOL_TYPE_UNKNOWN, buttonState=0, metaState=0, flags=0x0, edgeFlags=0x0, pointerCount=2, historySize=7, eventTime=1330604, downTime=1330602, deviceId=0, source=0x1002 }
W/ViewRootImpl(23105): Dropping event due to root view being removed: MotionEvent { action=ACTION_POINTER_UP(1), id[0]=0, x[0]=38.09497, y[0]=-63.774902, toolType[0]=TOOL_TYPE_UNKNOWN, id[1]=1, x[1]=-60.118256, y[1]=213.20203, toolType[1]=TOOL_TYPE_UNKNOWN, buttonState=0, metaState=0, flags=0x0, edgeFlags=0x0, pointerCount=2, historySize=0, eventTime=1330605, downTime=1330602, deviceId=0, source=0x1002 }
W/ViewRootImpl(23105): Dropping event due to root view being removed: MotionEvent { action=ACTION_UP, id[0]=0, x[0]=50.618317, y[0]=-87.29596, toolType[0]=TOOL_TYPE_UNKNOWN, buttonState=0, metaState=0, flags=0x0, edgeFlags=0x0, pointerCount=1, historySize=0, eventTime=1330605, downTime=1330602, deviceId=0, source=0x1002 }
W/ViewRootImpl(23105): Dropping event due to no window focus: KeyEvent { action=ACTION_DOWN, keyCode=KEYCODE_DPAD_RIGHT, scanCode=0, metaState=0, flags=0x8, repeatCount=0, eventTime=1330624, downTime=1330624, deviceId=-1, source=0x101 }
W/InputMethodManagerService(  481): Window already focused, ignoring focus gain of: com.android.internal.view.IInputMethodClient$Stub$Proxy@4a995294 attribute=android.view.inputmethod.EditorInfo@4aa4560c, token = android.os.BinderProxy@4ae2c5b4
D/MainView(23105): ACTION_DOWN!!!
D/MainView(23105): ACTION_UP!!!
D/dalvikvm(23105): GC_EXPLICIT freed 214K, 71% free 7107K/24008K, paused 1ms+1ms, total 8ms
D/MyTTS   (23105): abort
D/dalvikvm(23105): GC_EXPLICIT freed 27K, 71% free 7079K/24008K, paused 1ms+1ms, total 10ms
D/MyTTS   (23105): abort
W/ViewRootImpl(23105): Dropping event due to no window focus: KeyEvent { action=ACTION_DOWN, keyCode=KEYCODE_DPAD_LEFT, scanCode=0, metaState=0, flags=0x8, repeatCount=0, eventTime=1330652, downTime=1330652, deviceId=-1, source=0x101 }
W/EGL_emulation(23105): eglSurfaceAttrib not implemented 3093 12436
W/ViewRootImpl(23105): Dropping event due to no window focus: KeyEvent { action=ACTION_DOWN, keyCode=KEYCODE_DPAD_LEFT, scanCode=0, metaState=0, flags=0x8, repeatCount=0, eventTime=1330687, downTime=1330687, deviceId=-1, source=0x101 }
W/ViewRootImpl(23105): Dropping event due to no window focus: KeyEvent { action=ACTION_DOWN, keyCode=KEYCODE_MENU, scanCode=0, metaState=0, flags=0x8, repeatCount=0, eventTime=1330725, downTime=1330725, deviceId=-1, source=0x101 }
W/ViewRootImpl(23105): Dropping event due to no window focus: KeyEvent { action=ACTION_DOWN, keyCode=KEYCODE_DPAD_RIGHT, scanCode=0, metaState=0, flags=0x8, repeatCount=0, eventTime=1330727, downTime=1330727, deviceId=-1, source=0x101 }
W/InputEventReceiver(23105): Attempted to finish an input event but the input event receiver has already been disposed.
W/InputEventReceiver(23105): Attempted to finish an input event but the input event receiver has already been disposed.
W/ViewRootImpl(23105): Dropping event due to root view being removed: MotionEvent { action=ACTION_UP, id[0]=0, x[0]=139.97305, y[0]=376.1485, toolType[0]=TOOL_TYPE_UNKNOWN, buttonState=0, metaState=0, flags=0x0, edgeFlags=0x0, pointerCount=1, historySize=0, eventTime=1330728, downTime=1330728, deviceId=0, source=0x1002 }
D/MainView(23105): ACTION_DOWN!!!
W/InputMethodManagerService(  481): Window already focused, ignoring focus gain of: com.android.internal.view.IInputMethodClient$Stub$Proxy@4a9d0134 attribute=null, token = android.os.BinderProxy@4ae2c5b4
D/MainView(23105): ACTION_DOWN!!!
D/MainView(23105): ACTION_UP!!!
D/MainView(23105): ACTION_DOWN!!!
D/MainView(23105): ACTION_UP!!!
D/MainView(23105): ACTION_DOWN!!!
D/MainView(23105): ACTION_UP!!!
I/ActivityManager(  481): START u0 {act=android.intent.action.MAIN cat=[android.intent.category.LAUNCHER] flg=0x10200000 cmp=com.magnifis.parking/.MainActivity} from pid 23095
D/dalvikvm(23105): GC_EXPLICIT freed 77K, 71% free 7096K/24008K, paused 0ms+0ms, total 8ms
D/MyTTS   (23105): abort
D/dalvikvm(23105): GC_EXPLICIT freed 10K, 71% free 7086K/24008K, paused 0ms+0ms, total 10ms
D/MyTTS   (23105): abort
W/EGL_emulation(23105): eglSurfaceAttrib not implemented 3093 12436
D/dalvikvm(23105): GC_EXPLICIT freed 6K, 71% free 7160K/24008K, paused 0ms+1ms, total 8ms
D/MyTTS   (23105): abort
D/dalvikvm(23105): GC_EXPLICIT freed 2K, 71% free 7157K/24008K, paused 0ms+0ms, total 7ms
D/MyTTS   (23105): abort
D/MainActivity(23105): onPause
D/suzie   (23105): SUZIE hidden after close com.magnifis.parking.MainActivity@4a8c9e9c
D/MainActivity(23105): onNewIntent: Intent { act=android.intent.action.MAIN cat=[android.intent.category.LAUNCHER] flg=0x10200000 cmp=com.magnifis.parking/.MainActivity }
V/Utils   (23105): storage state is mounted
D/MainActivity(23105): onResume
D/suzie   (23105): SUZIE hidden when activated com.magnifis.parking.MainActivity@4a8c9e9c
D/MainActivity(23105): processNewIntent
D/MainActivity(23105): edn!
V/Utils   (23105): storage state is mounted
D/com.magnifis.parking.VoiceIO(23105): listen
D/Speech  (23105): start...
D/Speech  (23105): now state STOPPED SCO_DISCONNECTED BT_DISCONNECTED
D/AUTOHIDE(23105): reset timer
D/Speech  (23105): start: speech recognizer not found
D/Speech  (23105): start: fail
E/ActivityThread(23105): Failed to find provider info for com.facebook.katana.provider.AttributionIdProvider
D/dalvikvm(23105): GC_EXPLICIT freed 25K, 71% free 7199K/24008K, paused 1ms+0ms, total 7ms
D/MyTTS   (23105): abort
D/dalvikvm(23105): GC_EXPLICIT freed 1K, 71% free 7198K/24008K, paused 1ms+0ms, total 6ms
D/MyTTS   (23105): abort
W/EGL_emulation(23105): eglSurfaceAttrib not implemented 3093 12436
W/EGL_emulation(23105): eglSurfaceAttrib not implemented 3093 12436
D/suzie   (23105): Service intent: CLOSE_SUZIE
D/suzie   (23105): Service intent: CLOSE_SUZIE
W/InputEventReceiver(23105): Attempted to finish an input event but the input event receiver has already been disposed.
W/InputEventReceiver(23105): Attempted to finish an input event but the input event receiver has already been disposed.
I/MapActivity(23105): Handling network change notification:CONNECTED
E/MapActivity(23105): Couldn't get connection factory client
W/ViewRootImpl(23105): Dropping event due to root view being removed: MotionEvent { action=ACTION_UP, id[0]=0, x[0]=416.20483, y[0]=-307.9638, toolType[0]=TOOL_TYPE_UNKNOWN, buttonState=0, metaState=0, flags=0x0, edgeFlags=0x0, pointerCount=1, historySize=0, eventTime=1331032, downTime=1331031, deviceId=0, source=0x1002 }
W/ViewRootImpl(23105): Dropping event due to no window focus: KeyEvent { action=ACTION_DOWN, keyCode=KEYCODE_DPAD_CENTER, scanCode=0, metaState=0, flags=0x8, repeatCount=0, eventTime=1331045, downTime=1331045, deviceId=-1, source=0x101 }
W/InputEventReceiver(23105): Attempted to finish an input event but the input event receiver has already been disposed.
W/InputEventReceiver(23105): Attempted to finish an input event but the input event receiver has already been disposed.
W/ViewRootImpl(23105): Dropping event due to root view being removed: MotionEvent { action=ACTION_UP, id[0]=0, x[0]=120.18208, y[0]=-147.60449, toolType[0]=TOOL_TYPE_UNKNOWN, buttonState=0, metaState=0, flags=0x0, edgeFlags=0x0, pointerCount=1, historySize=0, eventTime=1331047, downTime=1331046, deviceId=0, source=0x1002 }
W/ViewRootImpl(23105): Dropping event due to no window focus: KeyEvent { action=ACTION_DOWN, keyCode=KEYCODE_DPAD_UP, scanCode=0, metaState=0, flags=0x8, repeatCount=0, eventTime=1331094, downTime=1331094, deviceId=-1, source=0x101 }
I/ActivityManager(  481): START u0 {act=android.intent.action.MAIN cat=[android.intent.category.LAUNCHER] flg=0x10000000 sel={act=android.intent.action.MAIN cat=[android.intent.category.APP_MUSIC]}} from pid 481
W/InputEventReceiver(23105): Attempted to finish an input event but the input event receiver has already been disposed.
V/PanelView(  534): animationTick called with dtms=0; nothing to do (h=0.0 v=0.0)
W/ViewRootImpl(23105): Dropping event due to root view being removed: KeyEvent { action=ACTION_DOWN, keyCode=KEYCODE_SLASH, scanCode=0, metaState=0, flags=0x8, repeatCount=0, eventTime=1331291, downTime=1331291, deviceId=-1, source=0x101 }
W/ViewRootImpl(23105): Dropping event due to no window focus: KeyEvent { action=ACTION_DOWN, keyCode=KEYCODE_MENU, scanCode=0, metaState=0, flags=0x8, repeatCount=0, eventTime=1331295, downTime=1331295, deviceId=-1, source=0x101 }
V/PanelView(  534): animationTick called with dtms=0; nothing to do (h=0.0 v=0.0)
D/MainView(23105): ACTION_DOWN!!!
W/InputMethodManagerService(  481): Window already focused, ignoring focus gain of: com.android.internal.view.IInputMethodClient$Stub$Proxy@4b071f80 attribute=android.view.inputmethod.EditorInfo@4ae004b0, token = android.os.BinderProxy@4ae2c5b4
D/MainView(23105): ACTION_DOWN!!!
D/MainView(23105): ACTION_DOWN!!!
D/MainView(23105): ACTION_DOWN!!!
D/MainView(23105): ACTION_UP!!!
D/dalvikvm(23105): GC_EXPLICIT freed 233K, 71% free 7137K/24008K, paused 1ms+1ms, total 10ms
D/MyTTS   (23105): abort
D/dalvikvm(23105): GC_EXPLICIT freed 87K, 71% free 7050K/24008K, paused 0ms+1ms, total 8ms
D/MyTTS   (23105): abort
W/ViewRootImpl(23105): Dropping event due to no window focus: KeyEvent { action=ACTION_DOWN, keyCode=KEYCODE_BUTTON_4, scanCode=0, metaState=0, flags=0x8, repeatCount=0, eventTime=1331491, downTime=1331491, deviceId=-1, source=0x101 }
W/EGL_emulation(23105): eglSurfaceAttrib not implemented 3093 12436
W/ViewRootImpl(23105): Dropping event due to no window focus: KeyEvent { action=ACTION_DOWN, keyCode=KEYCODE_DPAD_CENTER, scanCode=0, metaState=0, flags=0x8, repeatCount=0, eventTime=1331491, downTime=1331491, deviceId=-1, source=0x101 }
D/MyTTS   (23105): speakText = You need to install Google Voice Search to use our voice input.
D/MyTTS   (23105): speakText vr.stopped
D/AcTTS   (23105): removeOldVoices()
D/MyTTS:AnTTS(23105): AnTTS() 
I/TextToSpeech(23105): Sucessfully bound to com.svox.pico
V/SynthProxy( 1561): About to load /system/lib/libttspico.so, applyFilter=true
D/MyTTS   (23105): speakText = You need to install Google Voice Search to use our voice input.
D/MyTTS   (23105): speakText vr.stopped
D/MyTTS   (23105): speakText = You need to install Google Voice Search to use our voice input.
D/MyTTS   (23105): speakText vr.stopped
D/MyTTS   (23105): speakText = You need to install Google Voice Search to use our voice input.
D/MyTTS   (23105): speakText vr.stopped
W/InputEventReceiver(23105): Attempted to finish an input event but the input event receiver has already been disposed.
W/InputEventReceiver(23105): Attempted to finish an input event but the input event receiver has already been disposed.
W/InputEventReceiver(23105): Attempted to finish an input event but the input event receiver has already been disposed.
D/MainView(23105): ACTION_DOWN!!!
D/MainView(23105): ACTION_UP!!!
W/InputManager(  481): Input event injection from pid 23095 failed.
W/ViewRootImpl(23105): Dropping event due to root view being removed: MotionEvent { action=ACTION_DOWN, id[0]=0, x[0]=580.0, y[0]=539.0, toolType[0]=TOOL_TYPE_UNKNOWN, buttonState=0, metaState=0, flags=0x0, edgeFlags=0x0, pointerCount=1, historySize=0, eventTime=1331561, downTime=1331561, deviceId=0, source=0x1002 }
W/ViewRootImpl(23105): Dropping event due to root view being removed: MotionEvent { action=ACTION_UP, id[0]=0, x[0]=579.87463, y[0]=540.9878, toolType[0]=TOOL_TYPE_UNKNOWN, buttonState=0, metaState=0, flags=0x0, edgeFlags=0x0, pointerCount=1, historySize=0, eventTime=1331562, downTime=1331561, deviceId=0, source=0x1002 }
I/TextToSpeech(23105): Connected to ComponentInfo{com.svox.pico/com.svox.pico.PicoService}
I/TextToSpeech(23105): Set up connection to ComponentInfo{com.svox.pico/com.svox.pico.PicoService}
W/ViewRootImpl(23105): Dropping event due to no window focus: KeyEvent { action=ACTION_DOWN, keyCode=KEYCODE_DPAD_CENTER, scanCode=0, metaState=0, flags=0x8, repeatCount=0, eventTime=1331575, downTime=1331575, deviceId=-1, source=0x101 }
W/InputMethodManagerService(  481): Window already focused, ignoring focus gain of: com.android.internal.view.IInputMethodClient$Stub$Proxy@4a8c11c8 attribute=android.view.inputmethod.EditorInfo@4b101494, token = android.os.BinderProxy@4ae2c5b4
D/dalvikvm(23105): GC_EXPLICIT freed 54K, 71% free 7121K/24008K, paused 0ms+1ms, total 9ms
D/MyTTS   (23105): abort
D/com.magnifis.parking.VoiceIO(23105): _fireOpes
D/OperationTracker(23105): relsease
D/MyTTS:AnTTS(23105): onInit
D/MyTTS:AnTTS(23105): onInit TextToSpeech.SUCCESS
D/AUTOHIDE(23105): reset timer
D/MyTTS   (23105): onUtteranceCompleted
D/AUTOHIDE(23105): reset timer
D/MyTTS:AnTTS(23105): stop
D/MyTTS:AnTTS(23105): shutdown
D/MainView(23105): ACTION_DOWN!!!
D/MainView(23105): ACTION_UP!!!
D/dalvikvm(23105): GC_EXPLICIT freed 10K, 71% free 7122K/24008K, paused 1ms+0ms, total 6ms
D/MyTTS   (23105): abort
D/dalvikvm(23105): GC_EXPLICIT freed 1K, 71% free 7121K/24008K, paused 0ms+0ms, total 7ms
D/MyTTS   (23105): abort
I/ActivityManager(  481): START u0 {act=android.intent.action.CALL_BUTTON flg=0x10000000} from pid 23105
W/PhoneFallbackEventHandler(23105): No activity found for android.intent.action.CALL_BUTTON.
W/ViewRootImpl(23105): Dropping event due to no window focus: KeyEvent { action=ACTION_DOWN, keyCode=KEYCODE_MEDIA_FAST_FORWARD, scanCode=0, metaState=0, flags=0x8, repeatCount=0, eventTime=1331656, downTime=1331656, deviceId=-1, source=0x101 }
W/EGL_emulation(23105): eglSurfaceAttrib not implemented 3093 12436
W/ViewRootImpl(23105): Dropping event due to no window focus: KeyEvent { action=ACTION_DOWN, keyCode=KEYCODE_DPAD_CENTER, scanCode=0, metaState=0, flags=0x8, repeatCount=0, eventTime=1331677, downTime=1331677, deviceId=-1, source=0x101 }
W/InputEventReceiver(23105): Attempted to finish an input event but the input event receiver has already been disposed.
W/InputMethodManagerService(  481): Window already focused, ignoring focus gain of: com.android.internal.view.IInputMethodClient$Stub$Proxy@4a9e2388 attribute=null, token = android.os.BinderProxy@4ae2c5b4
D/MainView(23105): ACTION_DOWN!!!
D/MainView(23105): ACTION_DOWN!!!
D/MainView(23105): ACTION_UP!!!
D/MainView(23105): ACTION_DOWN!!!
D/MainView(23105): ACTION_UP!!!
D/MainView(23105): ACTION_DOWN!!!
D/MainView(23105): ACTION_UP!!!
D/MainView(23105): ACTION_DOWN!!!
D/MainView(23105): ACTION_UP!!!
D/MainView(23105): ACTION_DOWN!!!
D/MainView(23105): ACTION_UP!!!
D/dalvikvm(23105): GC_EXPLICIT freed 129K, 71% free 7078K/24008K, paused 0ms+1ms, total 10ms
D/MyTTS   (23105): abort
D/dalvikvm(23105): GC_EXPLICIT freed 31K, 71% free 7047K/24008K, paused 1ms+1ms, total 7ms
D/MyTTS   (23105): abort
W/ViewRootImpl(23105): Dropping event due to no window focus: KeyEvent { action=ACTION_DOWN, keyCode=KEYCODE_MENU, scanCode=0, metaState=0, flags=0x8, repeatCount=0, eventTime=1331774, downTime=1331774, deviceId=-1, source=0x101 }
D/dalvikvm(23105): GC_EXPLICIT freed 5K, 71% free 7088K/24008K, paused 0ms+1ms, total 10ms
D/MyTTS   (23105): abort
D/dalvikvm(23105): GC_EXPLICIT freed 1K, 71% free 7087K/24008K, paused 0ms+1ms, total 9ms
D/MyTTS   (23105): abort
W/ViewRootImpl(23105): Dropping event due to no window focus: KeyEvent { action=ACTION_DOWN, keyCode=KEYCODE_MENU, scanCode=0, metaState=0, flags=0x8, repeatCount=0, eventTime=1331806, downTime=1331806, deviceId=-1, source=0x101 }
D/dalvikvm(23105): GC_EXPLICIT freed 6K, 71% free 7127K/24008K, paused 1ms+1ms, total 10ms
D/MyTTS   (23105): abort
D/dalvikvm(23105): GC_EXPLICIT freed <1K, 71% free 7127K/24008K, paused 1ms+1ms, total 8ms
D/MyTTS   (23105): abort
D/MainView(23105): ACTION_DOWN!!!
D/MainView(23105): ACTION_UP!!!
D/MainView(23105): ACTION_DOWN!!!
W/ViewRootImpl(23105): Dropping event due to no window focus: KeyEvent { action=ACTION_DOWN, keyCode=KEYCODE_DPAD_UP, scanCode=0, metaState=0, flags=0x8, repeatCount=0, eventTime=1331832, downTime=1331832, deviceId=-1, source=0x101 }
D/dalvikvm(23105): GC_EXPLICIT freed 6K, 71% free 7167K/24008K, paused 2ms+0ms, total 8ms
D/MyTTS   (23105): abort
D/dalvikvm(23105): GC_EXPLICIT freed <1K, 71% free 7166K/24008K, paused 0ms+1ms, total 8ms
D/MyTTS   (23105): abort
W/ViewRootImpl(23105): Dropping event due to no window focus: KeyEvent { action=ACTION_DOWN, keyCode=KEYCODE_F9, scanCode=0, metaState=0, flags=0x8, repeatCount=0, eventTime=1331854, downTime=1331854, deviceId=-1, source=0x101 }
D/dalvikvm(23105): GC_EXPLICIT freed 6K, 70% free 7206K/24008K, paused 1ms+1ms, total 7ms
D/MyTTS   (23105): abort
D/dalvikvm(23105): GC_EXPLICIT freed <1K, 70% free 7206K/24008K, paused 0ms+1ms, total 9ms
D/MyTTS   (23105): abort
W/ViewRootImpl(23105): Dropping event due to no window focus: KeyEvent { action=ACTION_DOWN, keyCode=KEYCODE_DPAD_UP, scanCode=0, metaState=0, flags=0x8, repeatCount=0, eventTime=1331876, downTime=1331876, deviceId=-1, source=0x101 }
W/ViewRootImpl(23105): Dropping event due to no window focus: MotionEvent { action=ACTION_MOVE, id[0]=0, x[0]=4.0, y[0]=-1.0, toolType[0]=TOOL_TYPE_UNKNOWN, buttonState=0, metaState=0, flags=0x0, edgeFlags=0x0, pointerCount=1, historySize=9, eventTime=1331805, downTime=-1, deviceId=0, source=0x10004 }
W/ViewRootImpl(23105): Dropping event due to no window focus: MotionEvent { action=ACTION_MOVE, id[0]=0, x[0]=-2.0, y[0]=-3.0, toolType[0]=TOOL_TYPE_UNKNOWN, buttonState=0, metaState=0, flags=0x0, edgeFlags=0x0, pointerCount=1, historySize=9, eventTime=1331832, downTime=-1, deviceId=0, source=0x10004 }
W/ViewRootImpl(23105): Dropping event due to no window focus: KeyEvent { action=ACTION_DOWN, keyCode=KEYCODE_DPAD_LEFT, scanCode=0, metaState=0, flags=0x8, repeatCount=0, eventTime=1331897, downTime=1331897, deviceId=-1, source=0x101 }
W/EGL_emulation(23105): eglSurfaceAttrib not implemented 3093 12436
W/EGL_emulation(23105): eglSurfaceAttrib not implemented 3093 12436
W/EGL_emulation(23105): eglSurfaceAttrib not implemented 3093 12436
W/EGL_emulation(23105): eglSurfaceAttrib not implemented 3093 12436
W/EGL_emulation(23105): eglSurfaceAttrib not implemented 3093 12436
W/ViewRootImpl(23105): Dropping event due to no window focus: KeyEvent { action=ACTION_DOWN, keyCode=KEYCODE_NUM, scanCode=0, metaState=0, flags=0x8, repeatCount=0, eventTime=1331898, downTime=1331898, deviceId=-1, source=0x101 }
W/ViewRootImpl(23105): Dropping event due to no window focus: KeyEvent { action=ACTION_DOWN, keyCode=KEYCODE_DPAD_RIGHT, scanCode=0, metaState=0, flags=0x8, repeatCount=0, eventTime=1331991, downTime=1331991, deviceId=-1, source=0x101 }
W/ViewRootImpl(23105): Dropping event due to no window focus: KeyEvent { action=ACTION_DOWN, keyCode=KEYCODE_DPAD_UP, scanCode=0, metaState=0, flags=0x8, repeatCount=0, eventTime=1331991, downTime=1331991, deviceId=-1, source=0x101 }
W/ViewRootImpl(23105): Dropping event due to no window focus: KeyEvent { action=ACTION_DOWN, keyCode=KEYCODE_DPAD_DOWN, scanCode=0, metaState=0, flags=0x8, repeatCount=0, eventTime=1331992, downTime=1331992, deviceId=-1, source=0x101 }
W/ViewRootImpl(23105): Dropping event due to no window focus: KeyEvent { action=ACTION_DOWN, keyCode=KEYCODE_DPAD_CENTER, scanCode=0, metaState=0, flags=0x8, repeatCount=0, eventTime=1331994, downTime=1331994, deviceId=-1, source=0x101 }
I/ActivityManager(  481): START u0 {act=android.intent.action.MAIN cat=[android.intent.category.HOME] flg=0x10200000 cmp=com.vphone.launcher/.Launcher} from pid 481
D/dalvikvm(23105): GC_EXPLICIT freed 34K, 70% free 7353K/24008K, paused 0ms+1ms, total 12ms
D/MyTTS   (23105): abort
D/dalvikvm(23105): GC_EXPLICIT freed 1K, 70% free 7351K/24008K, paused 1ms+2ms, total 7ms
D/MyTTS   (23105): abort
W/ViewRootImpl(23105): Dropping event due to no window focus: KeyEvent { action=ACTION_DOWN, keyCode=KEYCODE_FORWARD, scanCode=0, metaState=0, flags=0x8, repeatCount=0, eventTime=1332001, downTime=1332001, deviceId=-1, source=0x101 }
W/ViewRootImpl(23105): Dropping event due to no window focus: KeyEvent { action=ACTION_DOWN, keyCode=KEYCODE_DPAD_CENTER, scanCode=0, metaState=0, flags=0x8, repeatCount=0, eventTime=1332024, downTime=1332024, deviceId=-1, source=0x101 }
W/EGL_emulation(23105): eglSurfaceAttrib not implemented 3093 12436
W/ViewRootImpl(23105): Dropping event due to no window focus: KeyEvent { action=ACTION_DOWN, keyCode=KEYCODE_MENU, scanCode=0, metaState=0, flags=0x8, repeatCount=0, eventTime=1332026, downTime=1332026, deviceId=-1, source=0x101 }
I/System.out(23105): body:<com.robinlabs.utils.BaseUtils: java.lang.String urlencode(java.lang.String)>	sig:$r2 = staticinvoke <java.net.URLEncoder: java.lang.String encode(java.lang.String,java.lang.String)>($r2, "UTF-8")	timediff:0
I/System.out(23105): body:<com.robinlabs.utils.BaseUtils: java.lang.String urlencode(java.lang.String)>	sig:$r2 = staticinvoke <java.net.URLEncoder: java.lang.String encode(java.lang.String,java.lang.String)>($r2, "UTF-8")	timediff:0
W/InputEventReceiver(23105): Attempted to finish an input event but the input event receiver has already been disposed.
W/ViewRootImpl(23105): Dropping event due to root view being removed: KeyEvent { action=ACTION_DOWN, keyCode=KEYCODE_DPAD_CENTER, scanCode=0, metaState=0, flags=0x8, repeatCount=0, eventTime=1332092, downTime=1332092, deviceId=-1, source=0x101 }
W/ViewRootImpl(23105): Dropping event due to no window focus: KeyEvent { action=ACTION_DOWN, keyCode=KEYCODE_DPAD_CENTER, scanCode=0, metaState=0, flags=0x8, repeatCount=0, eventTime=1332179, downTime=1332179, deviceId=-1, source=0x101 }
W/InputMethodManagerService(  481): Window already focused, ignoring focus gain of: com.android.internal.view.IInputMethodClient$Stub$Proxy@4a95b25c attribute=null, token = android.os.BinderProxy@4ae2c5b4
D/MainActivity(23105): onSearchRequested
D/MainActivity(23105): isReady
D/dalvikvm(23105): GC_EXPLICIT freed 330K, 70% free 7221K/24008K, paused 0ms+1ms, total 8ms
D/MyTTS   (23105): abort
D/Speech  (23105): abort...
D/Speech  (23105): now state STOPPED SCO_DISCONNECTED BT_DISCONNECTED
D/Speech  (23105): abort: already stopped
W/ViewRootImpl(23105): Dropping event due to no window focus: KeyEvent { action=ACTION_DOWN, keyCode=KEYCODE_DPAD_DOWN, scanCode=0, metaState=0, flags=0x8, repeatCount=0, eventTime=1332292, downTime=1332292, deviceId=-1, source=0x101 }
W/EGL_emulation(23105): eglSurfaceAttrib not implemented 3093 12436
W/ViewRootImpl(23105): Dropping event due to no window focus: KeyEvent { action=ACTION_DOWN, keyCode=KEYCODE_NUM_LOCK, scanCode=0, metaState=0, flags=0x8, repeatCount=0, eventTime=1332340, downTime=1332340, deviceId=-1, source=0x101 }
W/ContextImpl(  481): Calling a method in the system process without a qualified user: android.app.ContextImpl.sendBroadcast:1123 com.android.server.InputMethodManagerService.showCurrentInputLocked:1791 com.android.server.InputMethodManagerService.showSoftInput:1753 com.android.internal.view.IInputMethodManager$Stub.onTransact:175 com.android.server.InputMethodManagerService.onTransact:818 
W/ContextImpl(  481): Calling a method in the system process without a qualified user: android.app.ContextImpl.sendBroadcast:1123 com.android.server.InputMethodManagerService.showCurrentInputLocked:1791 com.android.server.InputMethodManagerService.windowGainedFocus:1985 com.android.internal.view.IInputMethodManager$Stub.onTransact:221 com.android.server.InputMethodManagerService.onTransact:818 
W/ContextImpl(  481): Calling a method in the system process without a qualified user: android.app.ContextImpl.sendBroadcast:1123 com.android.server.InputMethodManagerService.showCurrentInputLocked:1791 com.android.server.InputMethodManagerService.showSoftInput:1753 com.android.internal.view.IInputMethodManager$Stub.onTransact:175 com.android.server.InputMethodManagerService.onTransact:818 
W/ContextImpl(  481): Calling a method in the system process without a qualified user: android.app.ContextImpl.sendBroadcast:1123 com.android.server.InputMethodManagerService.showCurrentInputLocked:1791 com.android.server.InputMethodManagerService.showSoftInput:1753 com.android.internal.view.IInputMethodManager$Stub.onTransact:175 com.android.server.InputMethodManagerService.onTransact:818 
V/InputMethodService(  612): onEvaluateInputViewShown: config.hardKeyboardHidden = 2
V/InputMethodService(  612): onEvaluateInputViewShown: config.hardKeyboardHidden = 2
V/InputMethodService(  612): onEvaluateInputViewShown: config.hardKeyboardHidden = 2
V/InputMethodService(  612): onEvaluateInputViewShown: config.hardKeyboardHidden = 2
V/InputMethodService(  612): onEvaluateInputViewShown: config.hardKeyboardHidden = 2
V/InputMethodService(  612): onEvaluateInputViewShown: config.hardKeyboardHidden = 2
V/InputMethodService(  612): onEvaluateInputViewShown: config.hardKeyboardHidden = 2
V/InputMethodService(  612): onEvaluateInputViewShown: config.hardKeyboardHidden = 2
W/InputEventReceiver(23105): Attempted to finish an input event but the input event receiver has already been disposed.
W/InputEventReceiver(23105): Attempted to finish an input event but the input event receiver has already been disposed.
W/InputEventReceiver(23105): Attempted to finish an input event but the input event receiver has already been disposed.
W/InputEventReceiver(23105): Attempted to finish an input event but the input event receiver has already been disposed.
D/MainActivity(23105): onPrepareOptionsMenu
D/MainActivity(23105): isReady
D/Speech  (23105): abort...
D/Speech  (23105): now state STOPPED SCO_DISCONNECTED BT_DISCONNECTED
D/Speech  (23105): abort: already stopped
W/ViewRootImpl(23105): Dropping event due to root view being removed: MotionEvent { action=ACTION_MOVE, id[0]=0, x[0]=500.05356, y[0]=703.87726, toolType[0]=TOOL_TYPE_UNKNOWN, buttonState=0, metaState=0, flags=0x0, edgeFlags=0x0, pointerCount=1, historySize=1, eventTime=1332411, downTime=1332410, deviceId=0, source=0x1002 }
W/ViewRootImpl(23105): Dropping event due to root view being removed: MotionEvent { action=ACTION_UP, id[0]=0, x[0]=499.33408, y[0]=708.2502, toolType[0]=TOOL_TYPE_UNKNOWN, buttonState=0, metaState=0, flags=0x0, edgeFlags=0x0, pointerCount=1, historySize=0, eventTime=1332412, downTime=1332410, deviceId=0, source=0x1002 }
W/ViewRootImpl(23105): Dropping event due to root view being removed: MotionEvent { action=ACTION_MOVE, id[0]=0, x[0]=-4.0, y[0]=-2.0, toolType[0]=TOOL_TYPE_UNKNOWN, buttonState=0, metaState=0, flags=0x0, edgeFlags=0x0, pointerCount=1, historySize=9, eventTime=1332409, downTime=-1, deviceId=0, source=0x10004 }
D/dalvikvm(23105): GC_EXPLICIT freed 131K, 70% free 7214K/24008K, paused 0ms+2ms, total 13ms
D/MyTTS   (23105): abort
W/CursorWrapperInner(23105): Cursor finalized without prior close()
W/ViewRootImpl(23105): Dropping event due to no window focus: KeyEvent { action=ACTION_DOWN, keyCode=KEYCODE_DPAD_DOWN, scanCode=0, metaState=0, flags=0x8, repeatCount=0, eventTime=1332431, downTime=1332431, deviceId=-1, source=0x101 }
W/ContextImpl(  481): Calling a method in the system process without a qualified user: android.app.ContextImpl.sendBroadcast:1123 com.android.server.InputMethodManagerService.hideCurrentInputLocked:1880 com.android.server.InputMethodManagerService.windowGainedFocus:1968 com.android.internal.view.IInputMethodManager$Stub.onTransact:221 com.android.server.InputMethodManagerService.onTransact:818 
I/InputDispatcher(  481): Dropped event because of pending overdue app switch.
W/InputManager(  481): Input event injection from pid 23095 failed.
W/EGL_emulation(23105): eglSurfaceAttrib not implemented 3093 12436
I/ActivityManager(  481): START u0 {act=android.intent.action.MAIN cat=[android.intent.category.LAUNCHER] flg=0x10200000 cmp=com.magnifis.parking/.MainActivity} from pid 23095
D/MainActivity(23105): onPrepareOptionsMenu
D/MainActivity(23105): isReady
D/Speech  (23105): abort...
D/Speech  (23105): now state STOPPED SCO_DISCONNECTED BT_DISCONNECTED
D/Speech  (23105): abort: already stopped
D/dalvikvm(23105): GC_EXPLICIT freed 116K, 71% free 7116K/24008K, paused 0ms+1ms, total 9ms
D/MyTTS   (23105): abort
D/MainActivity(23105): onPause
D/suzie   (23105): SUZIE hidden after close com.magnifis.parking.MainActivity@4a8c9e9c
D/MainActivity(23105): onNewIntent: Intent { act=android.intent.action.MAIN cat=[android.intent.category.LAUNCHER] flg=0x10200000 cmp=com.magnifis.parking/.MainActivity }
V/Utils   (23105): storage state is mounted
D/MainActivity(23105): onResume
D/suzie   (23105): SUZIE hidden when activated com.magnifis.parking.MainActivity@4a8c9e9c
D/MainActivity(23105): processNewIntent
D/MainActivity(23105): edn!
E/ActivityThread(23105): Failed to find provider info for com.facebook.katana.provider.AttributionIdProvider
V/Utils   (23105): storage state is mounted
D/com.magnifis.parking.VoiceIO(23105): listen
D/Speech  (23105): start...
D/Speech  (23105): now state STOPPED SCO_DISCONNECTED BT_DISCONNECTED
D/AUTOHIDE(23105): reset timer
D/Speech  (23105): start: speech recognizer not found
D/Speech  (23105): start: fail
W/InputEventReceiver(23105): Attempted to finish an input event but the input event receiver has already been disposed.
W/ViewRootImpl(23105): Dropping event due to no window focus: KeyEvent { action=ACTION_DOWN, keyCode=KEYCODE_DPAD_RIGHT, scanCode=0, metaState=0, flags=0x8, repeatCount=0, eventTime=1332595, downTime=1332595, deviceId=-1, source=0x101 }
W/EGL_emulation(23105): eglSurfaceAttrib not implemented 3093 12436
D/suzie   (23105): Service intent: CLOSE_SUZIE
D/suzie   (23105): Service intent: CLOSE_SUZIE
W/ViewRootImpl(23105): Dropping event due to no window focus: KeyEvent { action=ACTION_DOWN, keyCode=KEYCODE_DPAD_LEFT, scanCode=0, metaState=0, flags=0x8, repeatCount=0, eventTime=1332599, downTime=1332599, deviceId=-1, source=0x101 }
W/ViewRootImpl(23105): Dropping event due to no window focus: KeyEvent { action=ACTION_DOWN, keyCode=KEYCODE_DPAD_CENTER, scanCode=0, metaState=0, flags=0x8, repeatCount=0, eventTime=1332633, downTime=1332633, deviceId=-1, source=0x101 }
W/InputMethodManagerService(  481): Window already focused, ignoring focus gain of: com.android.internal.view.IInputMethodClient$Stub$Proxy@4a950b78 attribute=android.view.inputmethod.EditorInfo@4b025f00, token = android.os.BinderProxy@4ae2c5b4
I/MapActivity(23105): Handling network change notification:CONNECTED
E/MapActivity(23105): Couldn't get connection factory client
V/PanelView(  534): animationTick called with dtms=0; nothing to do (h=0.0 v=4500.0)
D/SizeAdaptiveLayout(  534): com.android.internal.widget.SizeAdaptiveLayout{4ab4c198 V.E..... ......I. 0,0-0,0 #7f07004f app:id/adaptive}child view android.widget.FrameLayout{4ab4c5e8 G.E..... ......ID 0,0-0,0 #10202d6 android:id/status_bar_latest_event_content} measured out of bounds at 95px clamped to 96px
W/WindowManager(  481): updateFocusedWindowLocked, focusedAppToken is null.
I/System.out(23105): body:<com.robinlabs.utils.BaseUtils: java.lang.String urlencode(java.lang.String)>	sig:$r2 = staticinvoke <java.net.URLEncoder: java.lang.String encode(java.lang.String,java.lang.String)>($r2, "UTF-8")	timediff:0
I/System.out(23105): body:<com.robinlabs.utils.BaseUtils: java.lang.String urlencode(java.lang.String)>	sig:$r2 = staticinvoke <java.net.URLEncoder: java.lang.String encode(java.lang.String,java.lang.String)>($r2, "UTF-8")	timediff:0
W/EGL_emulation(  534): eglSurfaceAttrib not implemented 3093 12436
D/SizeAdaptiveLayout(  534): com.android.internal.widget.SizeAdaptiveLayout{4ab4c198 V.E..... ......I. 0,0-0,0 #7f07004f app:id/adaptive}child view android.widget.FrameLayout{4ab4c5e8 G.E..... ......ID 0,0-0,0 #10202d6 android:id/status_bar_latest_event_content} measured out of bounds at 95px clamped to 96px
W/ViewRootImpl(  534): Dropping event due to no window focus: MotionEvent { action=ACTION_MOVE, id[0]=0, x[0]=-4.0, y[0]=-5.0, toolType[0]=TOOL_TYPE_UNKNOWN, buttonState=0, metaState=0, flags=0x0, edgeFlags=0x0, pointerCount=1, historySize=9, eventTime=1332705, downTime=-1, deviceId=0, source=0x10004 }
V/PanelView(  534): animationTick called with dtms=0; nothing to do (h=45.000004 v=-3000.0)
V/PanelView(  534): animationTick called with dtms=0; nothing to do (h=45.000004 v=-3000.0)
V/PanelView(  534): animationTick called with dtms=-12; nothing to do (h=45.000004 v=-3000.0)
W/ViewRootImpl(  534): Dropping event due to no window focus: MotionEvent { action=ACTION_DOWN, id[0]=0, x[0]=0.0, y[0]=0.0, toolType[0]=TOOL_TYPE_UNKNOWN, buttonState=0, metaState=0, flags=0x0, edgeFlags=0x0, pointerCount=1, historySize=0, eventTime=1332705, downTime=1332700, deviceId=0, source=0x10004 }
W/ViewRootImpl(  534): Dropping event due to no window focus: KeyEvent { action=ACTION_DOWN, keyCode=KEYCODE_DPAD_LEFT, scanCode=0, metaState=0, flags=0x8, repeatCount=0, eventTime=1332708, downTime=1332708, deviceId=-1, source=0x101 }
W/ViewRootImpl(23105): Dropping event due to no window focus: KeyEvent { action=ACTION_DOWN, keyCode=KEYCODE_CHANNEL_UP, scanCode=0, metaState=0, flags=0x8, repeatCount=0, eventTime=1332746, downTime=1332746, deviceId=-1, source=0x101 }
W/InputMethodManagerService(  481): Window already focused, ignoring focus gain of: com.android.internal.view.IInputMethodClient$Stub$Proxy@4ab63d18 attribute=null, token = android.os.BinderProxy@4ae2c5b4
D/dalvikvm(23105): GC_EXPLICIT freed 140K, 71% free 7055K/24008K, paused 0ms+0ms, total 6ms
D/MyTTS   (23105): abort
W/EGL_emulation(23105): eglSurfaceAttrib not implemented 3093 12436
W/InputEventReceiver(23105): Attempted to finish an input event but the input event receiver has already been disposed.
W/InputEventReceiver(23105): Attempted to finish an input event but the input event receiver has already been disposed.
W/InputEventReceiver(23105): Attempted to finish an input event but the input event receiver has already been disposed.
D/ProximityWakeUp(23105): stop
D/Speech  (23105): *** SPHINX CLOSE ***
D/suzie   (23105): Service intent: PUT_TO_BACKGROUND
