W/ViewRootImpl(10441): Dropping event due to no window focus: KeyEvent { action=ACTION_DOWN, keyCode=KEYCODE_DPAD_RIGHT, scanCode=0, metaState=0, flags=0x8, repeatCount=0, eventTime=6573509, downTime=6573509, deviceId=-1, source=0x101 }
W/InputEventReceiver(10441): Attempted to finish an input event but the input event receiver has already been disposed.
W/InputEventReceiver(10441): Attempted to finish an input event but the input event receiver has already been disposed.
W/ViewRootImpl(10441): Dropping event due to root view being removed: MotionEvent { action=ACTION_UP, id[0]=0, x[0]=-61.238403, y[0]=24.197754, toolType[0]=TOOL_TYPE_UNKNOWN, buttonState=0, metaState=0, flags=0x0, edgeFlags=0x0, pointerCount=1, historySize=0, eventTime=6573555, downTime=6573555, deviceId=0, source=0x1002 }
I/ActivityManager(  327): START u0 {cmp=com.cyanogenmod.filemanager/.activities.preferences.SettingsPreferences} from pid 10441
W/ContextImpl(  327): Calling a method in the system process without a qualified user: android.app.ContextImpl.sendBroadcast:1123 com.android.server.InputMethodManagerService.hideCurrentInputLocked:1880 com.android.server.InputMethodManagerService.windowGainedFocus:1968 com.android.internal.view.IInputMethodManager$Stub.onTransact:221 com.android.server.InputMethodManagerService.onTransact:818 
W/ViewRootImpl(10441): Dropping event due to no window focus: KeyEvent { action=ACTION_DOWN, keyCode=KEYCODE_DPAD_DOWN, scanCode=0, metaState=0, flags=0x8, repeatCount=0, eventTime=6573642, downTime=6573642, deviceId=-1, source=0x101 }
W/ViewRootImpl(10441): Dropping event due to no window focus: KeyEvent { action=ACTION_DOWN, keyCode=KEYCODE_BUTTON_16, scanCode=0, metaState=0, flags=0x8, repeatCount=0, eventTime=6573645, downTime=6573645, deviceId=-1, source=0x101 }
W/ViewRootImpl(10441): Dropping event due to no window focus: KeyEvent { action=ACTION_DOWN, keyCode=KEYCODE_DPAD_CENTER, scanCode=0, metaState=0, flags=0x8, repeatCount=0, eventTime=6573645, downTime=6573645, deviceId=-1, source=0x101 }
W/ViewRootImpl(10441): Dropping event due to no window focus: KeyEvent { action=ACTION_DOWN, keyCode=KEYCODE_DPAD_CENTER, scanCode=0, metaState=0, flags=0x8, repeatCount=0, eventTime=6573647, downTime=6573647, deviceId=-1, source=0x101 }
W/EGL_emulation(10441): eglSurfaceAttrib not implemented 3093 12436
W/ViewRootImpl(10441): Dropping event due to no window focus: KeyEvent { action=ACTION_DOWN, keyCode=KEYCODE_BACK, scanCode=0, metaState=0, flags=0x8, repeatCount=0, eventTime=6573651, downTime=6573651, deviceId=-1, source=0x101 }
W/InputEventReceiver(10441): Attempted to finish an input event but the input event receiver has already been disposed.
W/InputEventReceiver(10441): Attempted to finish an input event but the input event receiver has already been disposed.
W/InputEventReceiver(10441): Attempted to finish an input event but the input event receiver has already been disposed.
W/InputEventReceiver(10441): Attempted to finish an input event but the input event receiver has already been disposed.
W/InputEventReceiver(10441): Attempted to finish an input event but the input event receiver has already been disposed.
W/InputEventReceiver(10441): Attempted to finish an input event but the input event receiver has already been disposed.
W/InputEventReceiver(10441): Attempted to finish an input event but the input event receiver has already been disposed.
W/ViewRootImpl(10441): Dropping event due to root view being removed: MotionEvent { action=ACTION_MOVE, id[0]=0, x[0]=-9.306366, y[0]=-639.7001, toolType[0]=TOOL_TYPE_UNKNOWN, buttonState=0, metaState=0, flags=0x0, edgeFlags=0x0, pointerCount=1, historySize=8, eventTime=6573678, downTime=6573677, deviceId=0, source=0x1002 }
W/ViewRootImpl(10441): Dropping event due to root view being removed: MotionEvent { action=ACTION_UP, id[0]=0, x[0]=2.436493, y[0]=-640.5941, toolType[0]=TOOL_TYPE_UNKNOWN, buttonState=0, metaState=0, flags=0x0, edgeFlags=0x0, pointerCount=1, historySize=0, eventTime=6573678, downTime=6573677, deviceId=0, source=0x1002 }
W/ViewRootImpl(10441): Dropping event due to root view being removed: MotionEvent { action=ACTION_DOWN, id[0]=0, x[0]=-92.0, y[0]=-188.0, toolType[0]=TOOL_TYPE_UNKNOWN, buttonState=0, metaState=0, flags=0x0, edgeFlags=0x0, pointerCount=1, historySize=0, eventTime=6573679, downTime=6573679, deviceId=0, source=0x1002 }
W/ViewRootImpl(10441): Dropping event due to root view being removed: MotionEvent { action=ACTION_MOVE, id[0]=0, x[0]=-79.70877, y[0]=-201.0882, toolType[0]=TOOL_TYPE_UNKNOWN, buttonState=0, metaState=0, flags=0x0, edgeFlags=0x0, pointerCount=1, historySize=3, eventTime=6573679, downTime=6573679, deviceId=0, source=0x1002 }
W/ViewRootImpl(10441): Dropping event due to root view being removed: MotionEvent { action=ACTION_UP, id[0]=0, x[0]=-74.73035, y[0]=-203.82245, toolType[0]=TOOL_TYPE_UNKNOWN, buttonState=0, metaState=0, flags=0x0, edgeFlags=0x0, pointerCount=1, historySize=0, eventTime=6573680, downTime=6573679, deviceId=0, source=0x1002 }
W/ViewRootImpl(10441): Dropping event due to root view being removed: MotionEvent { action=ACTION_MOVE, id[0]=0, x[0]=-4.0, y[0]=-5.0, toolType[0]=TOOL_TYPE_UNKNOWN, buttonState=0, metaState=0, flags=0x0, edgeFlags=0x0, pointerCount=1, historySize=9, eventTime=6573682, downTime=-1, deviceId=0, source=0x10004 }
W/InputMethodManagerService(  327): Window already focused, ignoring focus gain of: com.android.internal.view.IInputMethodClient$Stub$Proxy@4a93eaf4 attribute=android.view.inputmethod.EditorInfo@4a9060dc, token = android.os.BinderProxy@4ab643d8
W/ViewRootImpl(10441): Dropping event due to no window focus: KeyEvent { action=ACTION_DOWN, keyCode=KEYCODE_DPAD_RIGHT, scanCode=0, metaState=0, flags=0x8, repeatCount=0, eventTime=6573844, downTime=6573844, deviceId=-1, source=0x101 }
W/EGL_emulation(10441): eglSurfaceAttrib not implemented 3093 12436
W/ViewRootImpl(10441): Dropping event due to no window focus: KeyEvent { action=ACTION_DOWN, keyCode=KEYCODE_MENU, scanCode=0, metaState=0, flags=0x8, repeatCount=0, eventTime=6573849, downTime=6573849, deviceId=-1, source=0x101 }
W/ViewRootImpl(10441): Dropping event due to no window focus: KeyEvent { action=ACTION_DOWN, keyCode=KEYCODE_DPAD_UP, scanCode=0, metaState=0, flags=0x8, repeatCount=0, eventTime=6573874, downTime=6573874, deviceId=-1, source=0x101 }
W/InputEventReceiver(10441): Attempted to finish an input event but the input event receiver has already been disposed.
W/InputEventReceiver(10441): Attempted to finish an input event but the input event receiver has already been disposed.
W/ViewRootImpl(10441): Dropping event due to root view being removed: MotionEvent { action=ACTION_UP, id[0]=0, x[0]=17.690765, y[0]=-340.2697, toolType[0]=TOOL_TYPE_UNKNOWN, buttonState=0, metaState=0, flags=0x0, edgeFlags=0x0, pointerCount=1, historySize=0, eventTime=6573927, downTime=6573927, deviceId=0, source=0x1002 }
W/ViewRootImpl(10441): Dropping event due to no window focus: KeyEvent { action=ACTION_DOWN, keyCode=KEYCODE_DPAD_CENTER, scanCode=0, metaState=0, flags=0x8, repeatCount=0, eventTime=6573930, downTime=6573930, deviceId=-1, source=0x101 }
W/ContextImpl(  327): Calling a method in the system process without a qualified user: android.app.ContextImpl.sendBroadcast:1123 com.android.server.InputMethodManagerService.hideCurrentInputLocked:1880 com.android.server.InputMethodManagerService.windowGainedFocus:1968 com.android.internal.view.IInputMethodManager$Stub.onTransact:221 com.android.server.InputMethodManagerService.onTransact:818 
D/dalvikvm(10441): GC_CONCURRENT freed 740K, 14% free 5331K/6144K, paused 1ms+1ms, total 4ms
I/ActivityManager(  327): START u0 {act=android.intent.action.MAIN cat=[android.intent.category.LAUNCHER] flg=0x10200000 cmp=com.nyctrans.it/.SplashActivity} from pid 11051
W/NetworkManagementSocketTagger(  327): setKernelCountSet(10040, 1) failed with errno -13
I/dalvikvm(11513): ignoring registerObject request in thread=1
I/dalvikvm(11513): ignoring registerObject request in thread=1
I/ActivityManager(  327): Start proc com.nyctrans.it for activity com.nyctrans.it/.SplashActivity: pid=11513 uid=10040 gids={50040, 3003, 1028, 1015, 1023, 3002, 3001}
I/SQLiteAssetHelper(11513): successfully opened database ntdata_do_not_remove
D/dalvikvm(11513): JIT code cache reset in 0 ms (0 bytes 1/0)
D/dalvikvm(11513): GC_FOR_ALLOC freed 126K, 7% free 2832K/3020K, paused 4ms, total 4ms
I/dalvikvm-heap(11513): Grow heap (frag case) to 3.211MB for 406812-byte allocation
D/dalvikvm(11513): GC_FOR_ALLOC freed <1K, 6% free 3228K/3420K, paused 3ms, total 3ms
D/dalvikvm(11513): GC_CONCURRENT freed 2K, 5% free 3254K/3420K, paused 1ms+0ms, total 3ms
D/libEGL  (11513): loaded /system/lib/egl/libEGL_adreno.so
D/        (11513): HostConnection::get() New Host Connection established 0xb8730f70, tid 11513
D/libEGL  (11513): loaded /system/lib/egl/libGLESv1_CM_adreno.so
D/libEGL  (11513): loaded /system/lib/egl/libGLESv2_adreno.so
W/EGL_emulation(11513): eglSurfaceAttrib not implemented 3093 12436
D/OpenGLRenderer(11513): Enabling debug mode 0
W/ViewRootImpl(11513): Dropping event due to no window focus: KeyEvent { action=ACTION_DOWN, keyCode=KEYCODE_DPAD_CENTER, scanCode=0, metaState=0, flags=0x8, repeatCount=0, eventTime=6573978, downTime=6573978, deviceId=-1, source=0x101 }
W/ContextImpl(  327): Calling a method in the system process without a qualified user: android.app.ContextImpl.sendBroadcast:1123 com.android.server.InputMethodManagerService.hideCurrentInputLocked:1880 com.android.server.InputMethodManagerService.windowGainedFocus:1968 com.android.internal.view.IInputMethodManager$Stub.onTransact:221 com.android.server.InputMethodManagerService.onTransact:818 
I/ActivityManager(  327): Displayed com.nyctrans.it/.SplashActivity: +450ms (total +2s403ms)
I/ActivityManager(  327): START u0 {cmp=com.nyctrans.it/.TabHostActivity} from pid 11513
D/dalvikvm(11513): GC_CONCURRENT freed 183K, 7% free 3581K/3828K, paused 0ms+0ms, total 4ms
D/dalvikvm(11513): WAIT_FOR_CONCURRENT_GC blocked 1ms
D/dalvikvm(11513): GC_CONCURRENT freed 245K, 8% free 3846K/4156K, paused 0ms+2ms, total 6ms
I/dalvikvm(11513): Could not find method android.app.Notification$Builder.setLocalOnly, referenced from method com.google.android.gms.common.GooglePlayServicesUtil.zza
W/dalvikvm(11513): VFY: unable to resolve virtual method 2318: Landroid/app/Notification$Builder;.setLocalOnly (Z)Landroid/app/Notification$Builder;
D/dalvikvm(11513): VFY: replacing opcode 0x6e at 0x0100
I/dalvikvm(11513): Could not find method android.content.pm.PackageManager.getPackageInstaller, referenced from method com.google.android.gms.common.GooglePlayServicesUtil.zzh
W/dalvikvm(11513): VFY: unable to resolve virtual method 2577: Landroid/content/pm/PackageManager;.getPackageInstaller ()Landroid/content/pm/PackageInstaller;
D/dalvikvm(11513): VFY: replacing opcode 0x6e at 0x000a
I/CrashlyticsCore(11513): Initializing Crashlytics 2.3.8.97
D/dalvikvm(11513): GC_CONCURRENT freed 372K, 11% free 3866K/4304K, paused 2ms+1ms, total 6ms
D/dalvikvm(11513): GC_FOR_ALLOC freed 66K, 10% free 3880K/4304K, paused 3ms, total 3ms
I/dalvikvm-heap(11513): Grow heap (frag case) to 4.025MB for 186636-byte allocation
D/dalvikvm(11513): GC_FOR_ALLOC freed <1K, 10% free 4062K/4488K, paused 3ms, total 3ms
D/dalvikvm(11513): GC_FOR_ALLOC freed 388K, 16% free 3870K/4576K, paused 3ms, total 3ms
I/dalvikvm-heap(11513): Grow heap (frag case) to 3.978MB for 147468-byte allocation
D/dalvikvm(11513): GC_FOR_ALLOC freed 3K, 16% free 4010K/4724K, paused 3ms, total 3ms
D/dalvikvm(11513): GC_FOR_ALLOC freed 3K, 16% free 4012K/4724K, paused 2ms, total 2ms
I/dalvikvm-heap(11513): Grow heap (frag case) to 4.169MB for 202512-byte allocation
D/dalvikvm(11513): GC_FOR_ALLOC freed <1K, 15% free 4209K/4924K, paused 2ms, total 2ms
D/dalvikvm(11513): GC_FOR_ALLOC freed 1K, 15% free 4213K/4924K, paused 1ms, total 1ms
I/dalvikvm-heap(11513): Grow heap (frag case) to 4.314MB for 147468-byte allocation
D/dalvikvm(11513): GC_FOR_ALLOC freed <1K, 15% free 4357K/5072K, paused 2ms, total 2ms
D/dalvikvm(11513): GC_FOR_ALLOC freed <1K, 15% free 4361K/5072K, paused 2ms, total 2ms
I/dalvikvm-heap(11513): Grow heap (frag case) to 4.511MB for 202512-byte allocation
D/dalvikvm(11513): GC_FOR_ALLOC freed <1K, 14% free 4559K/5272K, paused 3ms, total 3ms
D/dalvikvm(11513): GC_FOR_ALLOC freed 6K, 14% free 4584K/5272K, paused 2ms, total 2ms
I/dalvikvm-heap(11513): Grow heap (frag case) to 4.836MB for 315876-byte allocation
D/dalvikvm(11513): GC_FOR_ALLOC freed 1K, 13% free 4891K/5584K, paused 2ms, total 2ms
D/dalvikvm(11513): GC_FOR_ALLOC freed 3K, 13% free 4898K/5584K, paused 2ms, total 2ms
D/dalvikvm(11513): GC_FOR_ALLOC freed 1K, 13% free 4981K/5668K, paused 2ms, total 2ms
D/dalvikvm(11513): GC_FOR_ALLOC freed <1K, 12% free 5037K/5724K, paused 2ms, total 2ms
I/dalvikvm-heap(11513): Grow heap (frag case) to 5.583MB for 635808-byte allocation
D/dalvikvm(11513): GC_FOR_ALLOC freed <1K, 11% free 5657K/6348K, paused 2ms, total 2ms
D/dalvikvm(11513): GC_FOR_ALLOC freed 4K, 9% free 6013K/6600K, paused 2ms, total 2ms
I/GAv4    (11513): Google Analytics 8.2.98 is starting up. To enable debug logging on a device run:
I/GAv4    (11513):   adb shell setprop log.tag.GAv4 DEBUG
I/GAv4    (11513):   adb logcat -s GAv4
W/GAv4    (11513): CampaignTrackingReceiver is not registered, not exported or is disabled. Installation campaign tracking is not possible. See http://goo.gl/8Rd3yj for instructions.
E/dalvikvm(11513): Bogus static initialization: value type 23 in field type Ljava/lang/CharSequence; for Lcom/viewpagerindicator/TabPageIndicator; at index 0
E/dalvikvm(11513): VM aborting
F/libc    (11513): Fatal signal 6 (SIGABRT) at 0x00002cf9 (code=-6), thread 11513 (com.nyctrans.it)
I/DEBUG   (  170): *** *** *** *** *** *** *** *** *** *** *** *** *** *** *** ***
I/DEBUG   (  170): Build fingerprint: 'samsung/SM-G955N/dream2lteks:4.4.2/NRD90M/381180401:user/release-keys'
I/DEBUG   (  170): Revision: '0'
I/DEBUG   (  170): pid: 11513, tid: 11513, name: com.nyctrans.it  >>> com.nyctrans.it <<<
I/DEBUG   (  170): signal 6 (SIGABRT), code -6 (SI_TKILL), fault addr --------
I/DEBUG   (  170):     eax 00000000  ebx 00002cf9  ecx 00002cf9  edx 00000006
I/DEBUG   (  170):     esi 00002cf9  edi 0000000c
I/DEBUG   (  170):     xcs 00000073  xds 0000007b  xes 0000007b  xfs 00000000  xss 0000007b
I/DEBUG   (  170):     eip b76af0d6  ebp b7718ce0  esp bfa30b60  flags 00200203
I/DEBUG   (  170): 
I/DEBUG   (  170): backtrace:
I/DEBUG   (  170):     #00  pc 0003c0d6  /system/lib/libc.so (tgkill+22)
I/DEBUG   (  170):     #01  pc 00000005  <unknown>
I/DEBUG   (  170): 
I/DEBUG   (  170): stack:
I/DEBUG   (  170):          bfa30b20  00000000  
I/DEBUG   (  170):          bfa30b24  b7714268  /system/lib/libc.so
I/DEBUG   (  170):          bfa30b28  00000000  
I/DEBUG   (  170):          bfa30b2c  b7680f39  /system/lib/libc.so (pthread_mutex_unlock+25)
I/DEBUG   (  170):          bfa30b30  b771418c  /system/lib/libc.so
I/DEBUG   (  170):          bfa30b34  b8630d70  [heap]
I/DEBUG   (  170):          bfa30b38  00000015  
I/DEBUG   (  170):          bfa30b3c  b4d24439  /system/lib/libdvm.so (deleted)
I/DEBUG   (  170):          bfa30b40  00000000  
I/DEBUG   (  170):          bfa30b44  b76cd926  /system/lib/libc.so (funlockfile+6)
I/DEBUG   (  170):          bfa30b48  b7713fcc  /system/lib/libc.so
I/DEBUG   (  170):          bfa30b4c  b76b9006  /system/lib/libc.so (__sflush_locked+150)
I/DEBUG   (  170):          bfa30b50  00000000  
I/DEBUG   (  170):          bfa30b54  00000000  
I/DEBUG   (  170):          bfa30b58  b7680d69  /system/lib/libc.so (pthread_mutex_lock+9)
I/DEBUG   (  170):          bfa30b5c  b7713fcc  /system/lib/libc.so
I/DEBUG   (  170):     #00  bfa30b60  00000006  
I/DEBUG   (  170):          bfa30b64  00002cf9  
I/DEBUG   (  170):          bfa30b68  b7713fcc  /system/lib/libc.so
I/DEBUG   (  170):          bfa30b6c  b768b4a6  /system/lib/libc.so (pthread_kill+102)
I/DEBUG   (  170):          bfa30b70  00002cf9  
I/DEBUG   (  170):          bfa30b74  00002cf9  
I/DEBUG   (  170):          bfa30b78  00000006  
I/DEBUG   (  170):          bfa30b7c  00000000  
I/DEBUG   (  170):          bfa30b80  b7714268  /system/lib/libc.so
I/DEBUG   (  170):          bfa30b84  950390b0  /dev/ashmem/dalvik-heap (deleted)
I/DEBUG   (  170):          bfa30b88  b768b449  /system/lib/libc.so (pthread_kill+9)
I/DEBUG   (  170):          bfa30b8c  b7713fcc  /system/lib/libc.so
I/DEBUG   (  170):          bfa30b90  bfa30bdc  [stack]
I/DEBUG   (  170):          bfa30b94  bfa30e10  [stack]
I/DEBUG   (  170):          bfa30b98  00000000  
I/DEBUG   (  170):          bfa30b9c  b768b82c  /system/lib/libc.so (raise+44)
I/Process (  327): Sending signal. PID: 11513 SIG: 9
W/NetworkManagementSocketTagger(  327): setKernelCountSet(10040, 0) failed with errno -13
W/ActivityManager(  327): Force-killing crashed app com.nyctrans.it at watcher's request
W/ContextImpl(  327): Calling a method in the system process without a qualified user: android.app.ContextImpl.sendBroadcast:1123 com.android.server.am.ActivityManagerService.handleApplicationCrashInner:9670 com.android.server.am.NativeCrashListener$NativeCrashReporter.run:86 <bottom of call stack> <bottom of call stack> 
I/WindowState(  327): WIN DEATH: Window{4a957ae0 u0 com.nyctrans.it/com.nyctrans.it.SplashActivity}
I/ActivityManager(  327): Process com.nyctrans.it (pid 11513) has died.
D/Zygote  (  174): Process 11513 terminated by signal (6)
I/ActivityManager(  327): Start proc com.nyctrans.it for activity com.nyctrans.it/.TabHostActivity: pid=11543 uid=10040 gids={50040, 3003, 1028, 1015, 1023, 3002, 3001}
W/NetworkManagementSocketTagger(  327): setKernelCountSet(10040, 1) failed with errno -13
I/dalvikvm(11543): ignoring registerObject request in thread=1
I/dalvikvm(11543): ignoring registerObject request in thread=1
I/SQLiteAssetHelper(11543): successfully opened database ntdata_do_not_remove
D/dalvikvm(11543): JIT code cache reset in 0 ms (0 bytes 1/0)
D/dalvikvm(11543): GC_CONCURRENT freed 230K, 10% free 2942K/3236K, paused 1ms+1ms, total 4ms
D/dalvikvm(11543): GC_FOR_ALLOC freed 200K, 8% free 3239K/3508K, paused 1ms, total 1ms
D/dalvikvm(11543): GC_CONCURRENT freed 189K, 10% free 3276K/3632K, paused 2ms+2ms, total 6ms
I/CrashlyticsCore(11543): Initializing Crashlytics 2.3.8.97
I/dalvikvm(11543): Could not find method android.app.Notification$Builder.setLocalOnly, referenced from method com.google.android.gms.common.GooglePlayServicesUtil.zza
W/dalvikvm(11543): VFY: unable to resolve virtual method 2318: Landroid/app/Notification$Builder;.setLocalOnly (Z)Landroid/app/Notification$Builder;
D/dalvikvm(11543): VFY: replacing opcode 0x6e at 0x0100
D/dalvikvm(11543): GC_CONCURRENT freed 351K, 12% free 3363K/3780K, paused 2ms+1ms, total 4ms
I/dalvikvm(11543): Could not find method android.content.pm.PackageManager.getPackageInstaller, referenced from method com.google.android.gms.common.GooglePlayServicesUtil.zzh
W/dalvikvm(11543): VFY: unable to resolve virtual method 2577: Landroid/content/pm/PackageManager;.getPackageInstaller ()Landroid/content/pm/PackageInstaller;
D/dalvikvm(11543): VFY: replacing opcode 0x6e at 0x000a
D/dalvikvm(11543): GC_FOR_ALLOC freed 355K, 20% free 3035K/3780K, paused 3ms, total 3ms
I/dalvikvm-heap(11543): Grow heap (frag case) to 3.201MB for 186636-byte allocation
D/dalvikvm(11543): GC_FOR_ALLOC freed 2K, 19% free 3214K/3964K, paused 3ms, total 3ms
D/dalvikvm(11543): GC_FOR_ALLOC freed 17K, 19% free 3226K/3964K, paused 2ms, total 2ms
I/dalvikvm-heap(11543): Grow heap (frag case) to 3.295MB for 90012-byte allocation
D/dalvikvm(11543): GC_FOR_ALLOC freed <1K, 19% free 3314K/4052K, paused 2ms, total 2ms
D/dalvikvm(11543): GC_FOR_ALLOC freed 20K, 18% free 3359K/4052K, paused 2ms, total 2ms
I/dalvikvm-heap(11543): Grow heap (frag case) to 3.479MB for 147468-byte allocation
D/dalvikvm(11543): GC_FOR_ALLOC freed <1K, 17% free 3502K/4200K, paused 3ms, total 3ms
D/dalvikvm(11543): GC_FOR_ALLOC freed 1K, 17% free 3505K/4200K, paused 3ms, total 3ms
I/dalvikvm-heap(11543): Grow heap (frag case) to 3.675MB for 202512-byte allocation
D/dalvikvm(11543): GC_FOR_ALLOC freed <1K, 16% free 3703K/4400K, paused 2ms, total 2ms
D/dalvikvm(11543): GC_FOR_ALLOC freed 1K, 16% free 3707K/4400K, paused 2ms, total 2ms
I/dalvikvm-heap(11543): Grow heap (frag case) to 3.820MB for 147468-byte allocation
D/dalvikvm(11543): GC_FOR_ALLOC freed <1K, 16% free 3851K/4548K, paused 3ms, total 3ms
D/dalvikvm(11543): GC_FOR_ALLOC freed 1K, 16% free 3856K/4548K, paused 3ms, total 4ms
I/dalvikvm-heap(11543): Grow heap (frag case) to 4.017MB for 202512-byte allocation
D/dalvikvm(11543): GC_FOR_ALLOC freed <1K, 15% free 4053K/4748K, paused 3ms, total 3ms
D/dalvikvm(11543): GC_FOR_ALLOC freed 6K, 15% free 4078K/4748K, paused 2ms, total 2ms
I/dalvikvm-heap(11543): Grow heap (frag case) to 4.342MB for 315876-byte allocation
D/dalvikvm(11543): GC_FOR_ALLOC freed 1K, 14% free 4385K/5060K, paused 4ms, total 4ms
D/dalvikvm(11543): GC_FOR_ALLOC freed 3K, 14% free 4392K/5060K, paused 3ms, total 3ms
I/dalvikvm-heap(11543): Grow heap (frag case) to 4.426MB for 82956-byte allocation
D/dalvikvm(11543): GC_FOR_ALLOC freed <1K, 14% free 4473K/5144K, paused 3ms, total 3ms
D/dalvikvm(11543): GC_FOR_ALLOC freed 1K, 13% free 4476K/5144K, paused 2ms, total 2ms
I/dalvikvm-heap(11543): Grow heap (frag case) to 4.483MB for 56388-byte allocation
D/dalvikvm(11543): GC_FOR_ALLOC freed <1K, 13% free 4530K/5200K, paused 2ms, total 2ms
D/dalvikvm(11543): GC_FOR_ALLOC freed <1K, 13% free 4531K/5200K, paused 3ms, total 3ms
I/dalvikvm-heap(11543): Grow heap (frag case) to 5.089MB for 635808-byte allocation
D/dalvikvm(11543): GC_CONCURRENT freed <1K, 12% free 5152K/5824K, paused 1ms+0ms, total 4ms
D/dalvikvm(11543): WAIT_FOR_CONCURRENT_GC blocked 3ms
D/dalvikvm(11543): GC_FOR_ALLOC freed 4K, 10% free 5421K/5992K, paused 2ms, total 2ms
I/GAv4    (11543): Google Analytics 8.2.98 is starting up. To enable debug logging on a device run:
I/GAv4    (11543):   adb shell setprop log.tag.GAv4 DEBUG
I/GAv4    (11543):   adb logcat -s GAv4
W/GAv4    (11543): CampaignTrackingReceiver is not registered, not exported or is disabled. Installation campaign tracking is not possible. See http://goo.gl/8Rd3yj for instructions.
D/dalvikvm(11543): GC_FOR_ALLOC freed 252K, 7% free 5903K/6304K, paused 6ms, total 6ms
E/dalvikvm(11543): Bogus static initialization: value type 23 in field type Ljava/lang/CharSequence; for Lcom/viewpagerindicator/TabPageIndicator; at index 0
E/dalvikvm(11543): VM aborting
F/libc    (11543): Fatal signal 6 (SIGABRT) at 0x00002d17 (code=-6), thread 11543 (com.nyctrans.it)
I/DEBUG   (  170): *** *** *** *** *** *** *** *** *** *** *** *** *** *** *** ***
I/DEBUG   (  170): Build fingerprint: 'samsung/SM-G955N/dream2lteks:4.4.2/NRD90M/381180401:user/release-keys'
I/DEBUG   (  170): Revision: '0'
I/DEBUG   (  170): pid: 11543, tid: 11543, name: com.nyctrans.it  >>> com.nyctrans.it <<<
I/DEBUG   (  170): signal 6 (SIGABRT), code -6 (SI_TKILL), fault addr --------
I/DEBUG   (  170):     eax 00000000  ebx 00002d17  ecx 00002d17  edx 00000006
I/DEBUG   (  170):     esi 00002d17  edi 0000000c
I/DEBUG   (  170):     xcs 00000073  xds 0000007b  xes 0000007b  xfs 00000000  xss 0000007b
I/DEBUG   (  170):     eip b76af0d6  ebp b7718ce0  esp bfa30b60  flags 00200203
I/DEBUG   (  170): 
I/DEBUG   (  170): backtrace:
I/DEBUG   (  170):     #00  pc 0003c0d6  /system/lib/libc.so (tgkill+22)
I/DEBUG   (  170):     #01  pc 00000005  <unknown>
I/DEBUG   (  170): 
I/DEBUG   (  170): stack:
I/DEBUG   (  170):          bfa30b20  00000000  
I/DEBUG   (  170):          bfa30b24  b7714268  /system/lib/libc.so
I/DEBUG   (  170):          bfa30b28  00000000  
I/DEBUG   (  170):          bfa30b2c  b7680f39  /system/lib/libc.so (pthread_mutex_unlock+25)
I/DEBUG   (  170):          bfa30b30  b771418c  /system/lib/libc.so
I/DEBUG   (  170):          bfa30b34  b8630d70  [heap]
I/DEBUG   (  170):          bfa30b38  00000015  
I/DEBUG   (  170):          bfa30b3c  b4d24439  /system/lib/libdvm.so (deleted)
I/DEBUG   (  170):          bfa30b40  00000000  
I/DEBUG   (  170):          bfa30b44  b76cd926  /system/lib/libc.so (funlockfile+6)
I/DEBUG   (  170):          bfa30b48  b7713fcc  /system/lib/libc.so
I/DEBUG   (  170):          bfa30b4c  b76b9006  /system/lib/libc.so (__sflush_locked+150)
I/DEBUG   (  170):          bfa30b50  00000000  
I/DEBUG   (  170):          bfa30b54  00000000  
I/DEBUG   (  170):          bfa30b58  b7680d69  /system/lib/libc.so (pthread_mutex_lock+9)
I/DEBUG   (  170):          bfa30b5c  b7713fcc  /system/lib/libc.so
I/DEBUG   (  170):     #00  bfa30b60  00000006  
I/DEBUG   (  170):          bfa30b64  00002d17  
I/DEBUG   (  170):          bfa30b68  b7713fcc  /system/lib/libc.so
I/DEBUG   (  170):          bfa30b6c  b768b4a6  /system/lib/libc.so (pthread_kill+102)
I/DEBUG   (  170):          bfa30b70  00002d17  
I/DEBUG   (  170):          bfa30b74  00002d17  
I/DEBUG   (  170):          bfa30b78  00000006  
I/DEBUG   (  170):          bfa30b7c  00000000  
I/DEBUG   (  170):          bfa30b80  b7714268  /system/lib/libc.so
I/DEBUG   (  170):          bfa30b84  94fb2120  /dev/ashmem/dalvik-heap (deleted)
I/DEBUG   (  170):          bfa30b88  b768b449  /system/lib/libc.so (pthread_kill+9)
I/DEBUG   (  170):          bfa30b8c  b7713fcc  /system/lib/libc.so
I/DEBUG   (  170):          bfa30b90  bfa30bdc  [stack]
I/DEBUG   (  170):          bfa30b94  bfa30e10  [stack]
I/DEBUG   (  170):          bfa30b98  00000000  
I/DEBUG   (  170):          bfa30b9c  b768b82c  /system/lib/libc.so (raise+44)
I/Process (  327): Sending signal. PID: 11543 SIG: 9
W/ActivityManager(  327): Force-killing crashed app com.nyctrans.it at watcher's request
W/ContextImpl(  327): Calling a method in the system process without a qualified user: android.app.ContextImpl.sendBroadcast:1123 com.android.server.am.ActivityManagerService.handleApplicationCrashInner:9670 com.android.server.am.NativeCrashListener$NativeCrashReporter.run:86 <bottom of call stack> <bottom of call stack> 
I/ActivityManager(  327): Process com.nyctrans.it (pid 11543) has died.
D/Zygote  (  174): Process 11543 terminated by signal (6)
D/dalvikvm(  174): GC_EXPLICIT freed 41K, 4% free 2785K/2892K, paused 0ms+0ms, total 8ms
I/ActivityManager(  327): Start proc com.nyctrans.it for activity com.nyctrans.it/.TabHostActivity: pid=11571 uid=10040 gids={50040, 3003, 1028, 1015, 1023, 3002, 3001}
W/NetworkManagementSocketTagger(  327): setKernelCountSet(10040, 0) failed with errno -13
D/dalvikvm(  174): GC_EXPLICIT freed <1K, 4% free 2785K/2892K, paused 0ms+0ms, total 3ms
W/NetworkManagementSocketTagger(  327): setKernelCountSet(10040, 1) failed with errno -13
I/dalvikvm(11571): ignoring registerObject request in thread=1
I/dalvikvm(11571): ignoring registerObject request in thread=1
D/dalvikvm(  174): GC_EXPLICIT freed <1K, 4% free 2785K/2892K, paused 0ms+0ms, total 2ms
I/SQLiteAssetHelper(11571): successfully opened database ntdata_do_not_remove
D/dalvikvm(11571): JIT code cache reset in 0 ms (0 bytes 1/0)
D/dalvikvm(11571): GC_CONCURRENT freed 275K, 11% free 2990K/3328K, paused 2ms+1ms, total 4ms
D/dalvikvm(11571): GC_FOR_ALLOC freed 184K, 7% free 3318K/3564K, paused 2ms, total 2ms
D/dalvikvm(11571): GC_CONCURRENT freed 20K, 8% free 3337K/3596K, paused 0ms+1ms, total 3ms
I/CrashlyticsCore(11571): Initializing Crashlytics 2.3.8.97
I/dalvikvm(11571): Could not find method android.app.Notification$Builder.setLocalOnly, referenced from method com.google.android.gms.common.GooglePlayServicesUtil.zza
W/dalvikvm(11571): VFY: unable to resolve virtual method 2318: Landroid/app/Notification$Builder;.setLocalOnly (Z)Landroid/app/Notification$Builder;
D/dalvikvm(11571): VFY: replacing opcode 0x6e at 0x0100
I/dalvikvm(11571): Could not find method android.content.pm.PackageManager.getPackageInstaller, referenced from method com.google.android.gms.common.GooglePlayServicesUtil.zzh
W/dalvikvm(11571): VFY: unable to resolve virtual method 2577: Landroid/content/pm/PackageManager;.getPackageInstaller ()Landroid/content/pm/PackageInstaller;
D/dalvikvm(11571): VFY: replacing opcode 0x6e at 0x000a
D/dalvikvm(11571): GC_CONCURRENT freed 402K, 13% free 3338K/3808K, paused 1ms+0ms, total 3ms
D/dalvikvm(11571): GC_CONCURRENT freed 393K, 14% free 3376K/3896K, paused 1ms+1ms, total 4ms
D/dalvikvm(11571): GC_FOR_ALLOC freed 53K, 15% free 3348K/3896K, paused 4ms, total 4ms
I/dalvikvm-heap(11571): Grow heap (frag case) to 3.469MB for 147468-byte allocation
D/dalvikvm(11571): GC_FOR_ALLOC freed <1K, 14% free 3492K/4044K, paused 2ms, total 2ms
D/dalvikvm(11571): GC_FOR_ALLOC freed 44K, 14% free 3509K/4044K, paused 2ms, total 2ms
I/dalvikvm-heap(11571): Grow heap (frag case) to 3.679MB for 202512-byte allocation
D/dalvikvm(11571): GC_FOR_ALLOC freed 1K, 13% free 3706K/4244K, paused 2ms, total 2ms
D/dalvikvm(11571): GC_FOR_ALLOC freed 3K, 13% free 3708K/4244K, paused 1ms, total 1ms
I/dalvikvm-heap(11571): Grow heap (frag case) to 3.820MB for 147468-byte allocation
D/dalvikvm(11571): GC_FOR_ALLOC freed <1K, 13% free 3852K/4392K, paused 2ms, total 2ms
D/dalvikvm(11571): GC_FOR_ALLOC freed 1K, 13% free 3856K/4392K, paused 1ms, total 2ms
I/dalvikvm-heap(11571): Grow heap (frag case) to 4.017MB for 202512-byte allocation
D/dalvikvm(11571): GC_FOR_ALLOC freed <1K, 12% free 4054K/4592K, paused 1ms, total 1ms
D/dalvikvm(11571): GC_FOR_ALLOC freed 6K, 12% free 4078K/4592K, paused 2ms, total 3ms
I/dalvikvm-heap(11571): Grow heap (frag case) to 4.342MB for 315876-byte allocation
D/dalvikvm(11571): GC_FOR_ALLOC freed 1K, 11% free 4386K/4904K, paused 2ms, total 2ms
D/dalvikvm(11571): GC_FOR_ALLOC freed 3K, 11% free 4392K/4904K, paused 2ms, total 2ms
D/dalvikvm(11571): GC_FOR_ALLOC freed 1K, 11% free 4476K/4988K, paused 2ms, total 2ms
D/dalvikvm(11571): GC_FOR_ALLOC freed <1K, 11% free 4531K/5044K, paused 2ms, total 2ms
I/dalvikvm-heap(11571): Grow heap (frag case) to 5.090MB for 635808-byte allocation
D/dalvikvm(11571): GC_FOR_ALLOC freed <1K, 10% free 5152K/5668K, paused 4ms, total 4ms
D/dalvikvm(11571): GC_CONCURRENT freed <1K, 10% free 5152K/5668K, paused 0ms+1ms, total 2ms
D/dalvikvm(11571): GC_FOR_ALLOC freed 4K, 8% free 5508K/5928K, paused 2ms, total 2ms
I/GAv4    (11571): Google Analytics 8.2.98 is starting up. To enable debug logging on a device run:
I/GAv4    (11571):   adb shell setprop log.tag.GAv4 DEBUG
I/GAv4    (11571):   adb logcat -s GAv4
W/GAv4    (11571): CampaignTrackingReceiver is not registered, not exported or is disabled. Installation campaign tracking is not possible. See http://goo.gl/8Rd3yj for instructions.
D/dalvikvm(11571): GC_CONCURRENT freed 253K, 6% free 6079K/6412K, paused 0ms+1ms, total 3ms
D/dalvikvm(11571): WAIT_FOR_CONCURRENT_GC blocked 2ms
E/dalvikvm(11571): Bogus static initialization: value type 23 in field type Ljava/lang/CharSequence; for Lcom/viewpagerindicator/TabPageIndicator; at index 0
E/dalvikvm(11571): VM aborting
F/libc    (11571): Fatal signal 6 (SIGABRT) at 0x00002d33 (code=-6), thread 11571 (com.nyctrans.it)
I/DEBUG   (  170): *** *** *** *** *** *** *** *** *** *** *** *** *** *** *** ***
I/DEBUG   (  170): Build fingerprint: 'samsung/SM-G955N/dream2lteks:4.4.2/NRD90M/381180401:user/release-keys'
I/DEBUG   (  170): Revision: '0'
I/DEBUG   (  170): pid: 11571, tid: 11571, name: com.nyctrans.it  >>> com.nyctrans.it <<<
I/DEBUG   (  170): signal 6 (SIGABRT), code -6 (SI_TKILL), fault addr --------
I/DEBUG   (  170):     eax 00000000  ebx 00002d33  ecx 00002d33  edx 00000006
I/DEBUG   (  170):     esi 00002d33  edi 0000000c
I/DEBUG   (  170):     xcs 00000073  xds 0000007b  xes 0000007b  xfs 00000000  xss 0000007b
I/DEBUG   (  170):     eip b76af0d6  ebp b7718ce0  esp bfa30b60  flags 00200203
I/DEBUG   (  170): 
I/DEBUG   (  170): backtrace:
I/DEBUG   (  170):     #00  pc 0003c0d6  /system/lib/libc.so (tgkill+22)
I/DEBUG   (  170):     #01  pc 00000005  <unknown>
I/DEBUG   (  170): 
I/DEBUG   (  170): stack:
I/DEBUG   (  170):          bfa30b20  00000000  
I/DEBUG   (  170):          bfa30b24  b7714268  /system/lib/libc.so
I/DEBUG   (  170):          bfa30b28  00000000  
I/DEBUG   (  170):          bfa30b2c  b7680f39  /system/lib/libc.so (pthread_mutex_unlock+25)
I/DEBUG   (  170):          bfa30b30  b771418c  /system/lib/libc.so
I/DEBUG   (  170):          bfa30b34  b8630d70  [heap]
I/DEBUG   (  170):          bfa30b38  00000015  
I/DEBUG   (  170):          bfa30b3c  b4d24439  /system/lib/libdvm.so (deleted)
I/DEBUG   (  170):          bfa30b40  00000000  
I/DEBUG   (  170):          bfa30b44  b76cd926  /system/lib/libc.so (funlockfile+6)
I/DEBUG   (  170):          bfa30b48  b7713fcc  /system/lib/libc.so
I/DEBUG   (  170):          bfa30b4c  b76b9006  /system/lib/libc.so (__sflush_locked+150)
I/DEBUG   (  170):          bfa30b50  00000000  
I/DEBUG   (  170):          bfa30b54  00000000  
I/DEBUG   (  170):          bfa30b58  b7680d69  /system/lib/libc.so (pthread_mutex_lock+9)
I/DEBUG   (  170):          bfa30b5c  b7713fcc  /system/lib/libc.so
I/DEBUG   (  170):     #00  bfa30b60  00000006  
I/DEBUG   (  170):          bfa30b64  00002d33  
I/DEBUG   (  170):          bfa30b68  b7713fcc  /system/lib/libc.so
I/DEBUG   (  170):          bfa30b6c  b768b4a6  /system/lib/libc.so (pthread_kill+102)
I/DEBUG   (  170):          bfa30b70  00002d33  
I/DEBUG   (  170):          bfa30b74  00002d33  
I/DEBUG   (  170):          bfa30b78  00000006  
I/DEBUG   (  170):          bfa30b7c  00000000  
I/DEBUG   (  170):          bfa30b80  b7714268  /system/lib/libc.so
I/DEBUG   (  170):          bfa30b84  94fe44c8  /dev/ashmem/dalvik-heap (deleted)
I/DEBUG   (  170):          bfa30b88  b768b449  /system/lib/libc.so (pthread_kill+9)
I/DEBUG   (  170):          bfa30b8c  b7713fcc  /system/lib/libc.so
I/DEBUG   (  170):          bfa30b90  bfa30bdc  [stack]
I/DEBUG   (  170):          bfa30b94  bfa30e10  [stack]
I/DEBUG   (  170):          bfa30b98  00000000  
I/DEBUG   (  170):          bfa30b9c  b768b82c  /system/lib/libc.so (raise+44)
I/Process (  327): Sending signal. PID: 11571 SIG: 9
I/InputDispatcher(  327): Dropping event because there is no focused window or focused application.
W/NetworkManagementSocketTagger(  327): setKernelCountSet(10040, 0) failed with errno -13
I/InputDispatcher(  327): Dropping event because there is no focused window or focused application.
W/ActivityManager(  327): Force-killing crashed app com.nyctrans.it at watcher's request
I/ActivityManager(  327): Process com.nyctrans.it (pid 11571) has died.
W/ActivityManager(  327): Force removing ActivityRecord{4abec9d4 u0 com.nyctrans.it/.TabHostActivity t46}: app died, no saved state
W/InputManager(  327): Input event injection from pid 11051 failed.
W/InputManager(  327): Input event injection from pid 11051 failed.
I/InputDispatcher(  327): Dropping event because there is no focused window or focused application.
I/InputDispatcher(  327): Dropping event because there is no focused window or focused application.
I/InputDispatcher(  327): Dropping event because there is no focused window or focused application.
I/InputDispatcher(  327): Dropping event because there is no focused window or focused application.
W/ContextImpl(  327): Calling a method in the system process without a qualified user: android.app.ContextImpl.sendBroadcast:1123 com.android.server.am.ActivityManagerService.handleApplicationCrashInner:9670 com.android.server.am.NativeCrashListener$NativeCrashReporter.run:86 <bottom of call stack> <bottom of call stack> 
W/InputManager(  327): Input event injection from pid 11051 failed.
W/InputManager(  327): Input event injection from pid 11051 failed.
W/InputManager(  327): Input event injection from pid 11051 failed.
W/InputManager(  327): Input event injection from pid 11051 failed.
W/InputManager(  327): Input event injection from pid 11051 failed.
W/InputManager(  327): Input event injection from pid 11051 failed.
W/InputManager(  327): Input event injection from pid 11051 failed.
W/InputManager(  327): Input event injection from pid 11051 failed.
W/InputManager(  327): Input event injection from pid 11051 failed.
W/InputManager(  327): Input event injection from pid 11051 failed.
W/InputManager(  327): Input event injection from pid 11051 failed.
I/InputDispatcher(  327): Dropping event because there is no focused window or focused application.
I/InputDispatcher(  327): Dropping event because there is no focused window or focused application.
D/Zygote  (  174): Process 11571 terminated by signal (6)
W/InputManager(  327): Input event injection from pid 11051 failed.
W/InputManager(  327): Input event injection from pid 11051 failed.
W/InputManager(  327): Input event injection from pid 11051 failed.
W/InputManager(  327): Input event injection from pid 11051 failed.
W/InputManager(  327): Input event injection from pid 11051 failed.
W/InputManager(  327): Input event injection from pid 11051 failed.
W/InputManager(  327): Input event injection from pid 11051 failed.
W/InputManager(  327): Input event injection from pid 11051 failed.
W/InputManager(  327): Input event injection from pid 11051 failed.
D/dalvikvm(  650): GC_EXPLICIT freed 730K, 18% free 7314K/8912K, paused 2ms+1ms, total 15ms
W/EGL_emulation(10441): eglSurfaceAttrib not implemented 3093 12436
W/ViewRootImpl(10441): Dropping event due to no window focus: KeyEvent { action=ACTION_DOWN, keyCode=KEYCODE_DPAD_CENTER, scanCode=0, metaState=0, flags=0x8, repeatCount=0, eventTime=6575615, downTime=6575615, deviceId=-1, source=0x101 }
W/ContextImpl(  327): Calling a method in the system process without a qualified user: android.app.ContextImpl.sendBroadcast:1123 com.android.server.InputMethodManagerService.hideCurrentInputLocked:1880 com.android.server.InputMethodManagerService.windowGainedFocus:1968 com.android.internal.view.IInputMethodManager$Stub.onTransact:221 com.android.server.InputMethodManagerService.onTransact:818 
W/InputMethodManagerService(  327): Got RemoteException sending setActive(false) notification to pid 11513 uid 10040
W/Binder  (  639): Caught a RuntimeException from the binder stub implementation.
W/Binder  (  639): java.lang.NullPointerException
W/Binder  (  639): 	at android.inputmethodservice.IInputMethodWrapper.setSessionEnabled(IInputMethodWrapper.java:280)
W/Binder  (  639): 	at com.android.internal.view.IInputMethod$Stub.onTransact(IInputMethod.java:129)
W/Binder  (  639): 	at android.os.Binder.execTransact(Binder.java:404)
W/Binder  (  639): 	at dalvik.system.NativeStart.run(Native Method)
W/ViewRootImpl(10441): Dropping event due to no window focus: KeyEvent { action=ACTION_DOWN, keyCode=KEYCODE_DPAD_CENTER, scanCode=0, metaState=0, flags=0x8, repeatCount=0, eventTime=6575659, downTime=6575659, deviceId=-1, source=0x101 }
W/EGL_emulation(10441): eglSurfaceAttrib not implemented 3093 12436
W/ViewRootImpl(10441): Dropping event due to no window focus: KeyEvent { action=ACTION_DOWN, keyCode=KEYCODE_DPAD_RIGHT, scanCode=0, metaState=0, flags=0x8, repeatCount=0, eventTime=6575664, downTime=6575664, deviceId=-1, source=0x101 }
W/InputEventReceiver(10441): Attempted to finish an input event but the input event receiver has already been disposed.
W/InputEventReceiver(10441): Attempted to finish an input event but the input event receiver has already been disposed.
W/ViewRootImpl(10441): Dropping event due to root view being removed: MotionEvent { action=ACTION_UP, id[0]=0, x[0]=-18.342102, y[0]=-837.7889, toolType[0]=TOOL_TYPE_UNKNOWN, buttonState=0, metaState=0, flags=0x0, edgeFlags=0x0, pointerCount=1, historySize=0, eventTime=6575727, downTime=6575727, deviceId=0, source=0x1002 }
W/ContextImpl(  327): Calling a method in the system process without a qualified user: android.app.ContextImpl.sendBroadcast:1123 com.android.server.InputMethodManagerService.hideCurrentInputLocked:1880 com.android.server.InputMethodManagerService.windowGainedFocus:1968 com.android.internal.view.IInputMethodManager$Stub.onTransact:221 com.android.server.InputMethodManagerService.onTransact:818 
W/WindowManager(  327): updateFocusedWindowLocked, focusedAppToken is null.
W/ViewRootImpl(  540): Dropping event due to no window focus: KeyEvent { action=ACTION_DOWN, keyCode=KEYCODE_MENU, scanCode=0, metaState=0, flags=0x8, repeatCount=0, eventTime=6575753, downTime=6575753, deviceId=-1, source=0x101 }
W/ViewRootImpl(  540): Dropping event due to no window focus: KeyEvent { action=ACTION_DOWN, keyCode=KEYCODE_DPAD_RIGHT, scanCode=0, metaState=0, flags=0x8, repeatCount=0, eventTime=6575758, downTime=6575758, deviceId=-1, source=0x101 }
E/SurfaceFlinger(  173): glCheckFramebufferStatusOES error 36054
E/SurfaceFlinger(  173): got GL_FRAMEBUFFER_COMPLETE_OES error while taking screenshot
D/SurfaceFlinger(  173): setOrientation, mFbdev=0xb8ea9df0, mFbDev->setOrientation=0xb69acce0, orientation=0
I/gralloc_nox(  173): setOrientation: orientation=0
D/Tinker.DefaultAppLike(  675): onConfigurationChanged:{1.0 310mcc260mnc en_US ldltr sw480dp w853dp h454dp 240dpi lrg long land finger qwerty/v/v dpad/v s.16}
I/ActivityManager(  327): Config changes=480 {1.0 310mcc260mnc en_US ldltr sw480dp w853dp h454dp 240dpi lrg long land finger qwerty/v/v dpad/v s.16}
D/Sensors (  327): Client connection accepted (81)
I/AndroidRuntime(11051): VM exiting with result code 0.
I/InputReader(  327): Reconfiguring input devices.  changes=0x00000004
I/InputReader(  327): Device reconfigured: id=1, name='seamless mouse', size 1280x720, orientation 0, mode 1, display id 0
I/InputReader(  327): Device reconfigured: id=3, name='Android Input', size 1280x720, orientation 0, mode 1, display id 0
I/InputReader(  327): Device reconfigured: id=8, name='VirtualBox USB Tablet', size 1280x720, orientation 0, mode 1, display id 0
W/InputMethodManagerService(  327): Starting input on non-focused client com.android.internal.view.IInputMethodClient$Stub$Proxy@4abecb40 (uid=10018 pid=10441)
W/ContextImpl(  327): Calling a method in the system process without a qualified user: android.app.ContextImpl.sendBroadcast:1123 com.android.server.InputMethodManagerService.hideCurrentInputLocked:1880 com.android.server.InputMethodManagerService.windowGainedFocus:1968 com.android.internal.view.IInputMethodManager$Stub.onTransact:221 com.android.server.InputMethodManagerService.onTransact:818 
D/PhoneStatusBar(  540): mSettingsPanelGravity = 55
W/IInputConnectionWrapper(10441): showStatusIcon on inactive InputConnection
W/InputMethodManagerService(  327): Starting input on non-focused client com.android.internal.view.IInputMethodClient$Stub$Proxy@4abecb40 (uid=10018 pid=10441)
W/EGL_emulation(  540): eglSurfaceAttrib not implemented 3093 12436
W/EGL_emulation(10441): eglSurfaceAttrib not implemented 3093 12436
I/WindowManager(  327): Screen frozen for +187ms due to Window{4a965604 u0 com.cyanogenmod.filemanager/com.cyanogenmod.filemanager.activities.NavigationActivity}
