I/System.out(29830): body:<empirical.HelperClass: java.lang.String getHeaderField(java.net.URLConnection,java.lang.String)>	sig:data = virtualinvoke conn.<java.net.URLConnection: java.lang.String getHeaderField(java.lang.String)>(field)	timediff:0
I/System.out(29830): URLConn;%;10;%;<bo.app.h: java.io.InputStream a(java.net.HttpURLConnection)>;%;$r5 = virtualinvoke $r1.<java.net.HttpURLConnection: java.io.InputStream getInputStream()>();%;https://dev.appboy.com/api/v2/data;%;true;%;200;%;max-age=0, private, must-revalidate;%;Not found;%;Not found;%;Not found
I/System.out(29830): body:<bo.app.h: org.json.JSONObject a(java.net.URL,org.json.JSONObject,java.util.Map,bo.app.ah)>	sig:virtualinvoke $r7.<java.net.HttpURLConnection: void disconnect()>()	timediff:1
I/System.out(29830): body:<bo.app.l: org.json.JSONObject a(java.net.URI,java.util.Map,org.json.JSONObject)>	sig:$r9 = virtualinvoke $r1.<java.net.URI: java.lang.String toString()>()	timediff:0
D/dalvikvm(29830): GC_CONCURRENT freed 1529K, 17% free 8203K/9800K, paused 2ms+2ms, total 20ms
D/dalvikvm(29830): WAIT_FOR_CONCURRENT_GC blocked 10ms
D/dalvikvm(29830): WAIT_FOR_CONCURRENT_GC blocked 14ms
I/qtaguid (  709): Tagging socket 122 with tag 3000110100000000(805310721) for uid -1 failed errno=-13
I/NetworkManagementSocketTagger(  709): tagSocketFd(122, 805310721, -1) failed with errno-13
D/dalvikvm(29830): GC_CONCURRENT freed 1411K, 15% free 8597K/10076K, paused 1ms+1ms, total 29ms
D/dalvikvm(29830): WAIT_FOR_CONCURRENT_GC blocked 14ms
I/dalvikvm(29830): Could not find method com.lyft.android.widgets.layouts.ClipRoundedRectFrameLayout.setClipToOutline, referenced from method com.lyft.android.widgets.layouts.ClipRoundedRectFrameLayout.setCustomOutline
W/dalvikvm(29830): VFY: unable to resolve virtual method 9748: Lcom/lyft/android/widgets/layouts/ClipRoundedRectFrameLayout;.setClipToOutline (Z)V
D/dalvikvm(29830): VFY: replacing opcode 0x6e at 0x0007
W/dalvikvm(29830): Unable to resolve superclass of Lcom/lyft/android/widgets/layouts/ClipRoundedRectFrameLayout$1; (330)
W/dalvikvm(29830): Link of class 'Lcom/lyft/android/widgets/layouts/ClipRoundedRectFrameLayout$1;' failed
D/dalvikvm(29830): DexOpt: unable to opt direct call 0x260a at 0x0c in Lcom/lyft/android/widgets/layouts/ClipRoundedRectFrameLayout;.setCustomOutline
D/dalvikvm(29830): GC_CONCURRENT freed 1630K, 17% free 8901K/10600K, paused 7ms+1ms, total 30ms
D/dalvikvm(29830): WAIT_FOR_CONCURRENT_GC blocked 23ms
I/dalvikvm(29830): Could not find method android.widget.FrameLayout.<init>, referenced from method me.lyft.android.ui.landing.IntroductionVideoLayout.<init>
W/dalvikvm(29830): VFY: unable to resolve direct method 1422: Landroid/widget/FrameLayout;.<init> (Landroid/content/Context;Landroid/util/AttributeSet;II)V
D/dalvikvm(29830): VFY: replacing opcode 0x70 at 0x0000
I/dalvikvm(29830): Could not find method android.view.TextureView.<init>, referenced from method com.lyft.widgets.TextureVideoView.<init>
W/dalvikvm(29830): VFY: unable to resolve direct method 1080: Landroid/view/TextureView;.<init> (Landroid/content/Context;Landroid/util/AttributeSet;II)V
D/dalvikvm(29830): VFY: replacing opcode 0x70 at 0x0002
I/Choreographer(29830): Skipped 47 frames!  The application may be doing too much work on its main thread.
D/dalvikvm(29830): GC_FOR_ALLOC freed 161K, 16% free 8957K/10600K, paused 18ms, total 18ms
I/dalvikvm-heap(29830): Grow heap (frag case) to 13.859MB for 5298832-byte allocation
D/dalvikvm(29830): GC_FOR_ALLOC freed 1K, 11% free 14130K/15776K, paused 37ms, total 37ms
D/dalvikvm(29830): GC_CONCURRENT freed 2K, 11% free 14129K/15776K, paused 2ms+1ms, total 19ms
E/dalvikvm(29830): Could not find class 'android.graphics.drawable.RippleDrawable', referenced from method me.lyft.android.utils.DrawableUtils.getButtonDrawableForHexColors
W/dalvikvm(29830): VFY: unable to resolve new-instance 118 (Landroid/graphics/drawable/RippleDrawable;) in Lme/lyft/android/utils/DrawableUtils;
D/dalvikvm(29830): VFY: replacing opcode 0x22 at 0x0024
D/dalvikvm(29830): DexOpt: unable to opt direct call 0x01de at 0x2a in Lme/lyft/android/utils/DrawableUtils;.getButtonDrawableForHexColors
W/EGL_emulation(29830): eglSurfaceAttrib not implemented 3093 12436
D/OpenGLRenderer(29830): Enabling debug mode 0
W/ViewRootImpl(29830): Dropping event due to no window focus: KeyEvent { action=ACTION_DOWN, keyCode=KEYCODE_DPAD_UP, scanCode=0, metaState=0, flags=0x8, repeatCount=0, eventTime=14402374, downTime=14402374, deviceId=-1, source=0x101 }
W/ViewRootImpl(29830): Dropping event due to no window focus: KeyEvent { action=ACTION_DOWN, keyCode=KEYCODE_DPAD_LEFT, scanCode=0, metaState=0, flags=0x8, repeatCount=0, eventTime=14406297, downTime=14406297, deviceId=-1, source=0x101 }
I/ActivityManager(  476): Process com.google.android.partnersetup (pid 29756) has died.
I/ActivityManager(  476): Process com.android.gallery3d (pid 29775) has died.
D/Tinker.DefaultAppLike(  675): onTrimMemory level:10
I/ActivityManager(  476): Process com.svox.pico (pid 29797) has died.
I/ActivityManager(  476): Process android.process.acore (pid 29738) has died.
D/Tinker.DefaultAppLike(  675): onTrimMemory level:15
I/Launcher(  675): Deferring update until onResume
I/System.out(29830): body:<com.lyft.android.development.NoOpDeveloperTools$1: okhttp3.Response intercept(okhttp3.Interceptor$Chain)>	sig:$r2 = interfaceinvoke $r1.<okhttp3.Interceptor$Chain: okhttp3.Request request()>()	timediff:0
I/SampleTable(  168): There are reordered frames present.
W/MPEG4Extractor(  168): ignoring edit list with 2 entries
W/MPEG4Extractor(  168): ignoring edit list with 2 entries
W/MediaPlayer(29830): setScreenOnWhilePlaying(true) is ineffective without a SurfaceHolder
I/InputReader(  476): Reconfiguring input devices.  changes=0x00000010
I/Launcher(  675): Deferring update until onResume
I/qtaguid (  709): Tagging socket 214 with tag 3000110100000000(805310721) for uid -1 failed errno=-13
I/NetworkManagementSocketTagger(  709): tagSocketFd(214, 805310721, -1) failed with errno-13
I/qtaguid (  709): Untagging socket 214 failed errno=-13
W/NetworkManagementSocketTagger(  709): untagSocket(214) failed with errno -13
I/qtaguid (  709): Tagging socket 214 with tag 3000110100000000(805310721) for uid -1 failed errno=-13
I/NetworkManagementSocketTagger(  709): tagSocketFd(214, 805310721, -1) failed with errno-13
I/qtaguid (  709): Untagging socket 214 failed errno=-13
W/NetworkManagementSocketTagger(  709): untagSocket(214) failed with errno -13
I/qtaguid (  709): Tagging socket 214 with tag 3000110100000000(805310721) for uid -1 failed errno=-13
I/NetworkManagementSocketTagger(  709): tagSocketFd(214, 805310721, -1) failed with errno-13
I/qtaguid (  709): Untagging socket 214 failed errno=-13
W/NetworkManagementSocketTagger(  709): untagSocket(214) failed with errno -13
I/qtaguid (  709): Tagging socket 214 with tag 3000110100000000(805310721) for uid -1 failed errno=-13
I/NetworkManagementSocketTagger(  709): tagSocketFd(214, 805310721, -1) failed with errno-13
I/qtaguid (  709): Untagging socket 214 failed errno=-13
I/OMXCodec(  168): [OMX.ffmpeg.h264.decoder] AVC profile = 77 (Main), level = 31
I/OMXCodec(  168): [OMX.ffmpeg.h264.decoder] video dimensions are 320 x 240
W/NetworkManagementSocketTagger(  709): untagSocket(214) failed with errno -13
I/qtaguid (  709): Tagging socket 214 with tag 3000110100000000(805310721) for uid -1 failed errno=-13
I/NetworkManagementSocketTagger(  709): tagSocketFd(214, 805310721, -1) failed with errno-13
I/qtaguid (  709): Untagging socket 214 failed errno=-13
W/NetworkManagementSocketTagger(  709): untagSocket(214) failed with errno -13
I/qtaguid (  709): Tagging socket 214 with tag 3000110100000000(805310721) for uid -1 failed errno=-13
I/NetworkManagementSocketTagger(  709): tagSocketFd(214, 805310721, -1) failed with errno-13
I/qtaguid (  709): Untagging socket 214 failed errno=-13
W/NetworkManagementSocketTagger(  709): untagSocket(214) failed with errno -13
I/ActivityManager(  476): Process io.voodoo.paperio (pid 26403) has died.
I/WindowState(  476): WIN DEATH: Window{4b48cff0 u0 io.voodoo.paperio/io.voodoo.paperio.UnityPlayerActivity}
W/WindowManager(  476): Force-removing child win Window{4b8610c4 u0 SurfaceView} from container Window{4b48cff0 u0 io.voodoo.paperio/io.voodoo.paperio.UnityPlayerActivity}
I/Finsky  (26310): [1] com.google.android.finsky.ci.a.onTrimMemory(5): Memory trim requested to level 80
W/Searchables(  476): No global search activity found
W/IInputConnectionWrapper(27772): showStatusIcon on inactive InputConnection
W/ContextImpl(  476): Calling a method in the system process without a qualified user: android.app.ContextImpl.sendBroadcast:1123 com.android.server.InputMethodManagerService.hideCurrentInputLocked:1880 com.android.server.InputMethodManagerService.windowGainedFocus:1968 com.android.internal.view.IInputMethodManager$Stub.onTransact:221 com.android.server.InputMethodManagerService.onTransact:818 
I/ActivityManager(  476): Displayed me.lyft.android/.ui.MainActivity: +4s368ms
E/MediaPlayer(29830): Should have subtitle controller already set
W/GCoreFlp(  645): No location to return for getLastLocation()
I/OMXCodec(  168): [OMX.ffmpeg.h264.decoder] video dimensions are 564 x 1004
D/        (29830): HostConnection::get() New Host Connection established 0xb8ddb7b0, tid 29839
I/qtaguid (  709): Untagging socket 122 failed errno=-13
W/NetworkManagementSocketTagger(  709): untagSocket(122) failed with errno -13
D/        (  168): HostConnection::get() New Host Connection established 0xb9c22370, tid 30004
I/ActivityManager(  476): Start proc com.powerful.cleaner.monitor for content provider com.powerful.cleaner/org.homeplanet.coreservice.ServiceProvider: pid=30007 uid=10065 gids={50065, 3003, 1028, 1015, 1023, 3001, 3002}
I/ActivityManager(  476): START u0 {act=android.intent.action.CALL_BUTTON flg=0x10000000} from pid 29830
W/PhoneFallbackEventHandler(29830): No activity found for android.intent.action.CALL_BUTTON.
I/dalvikvm(30007): ignoring registerObject request in thread=1
I/dalvikvm(30007): ignoring registerObject request in thread=1
I/System.out(29830): body:<empirical.HelperClass: void printOkHttpInfo(java.lang.String,java.lang.String,okhttp3.Request,okhttp3.Response)>	sig:responseHeaders = virtualinvoke resp.<okhttp3.Response: okhttp3.Headers headers()>()	timediff:0
I/System.out(29830): body:<empirical.HelperClass: void printOkHttpInfo(java.lang.String,java.lang.String,okhttp3.Request,okhttp3.Response)>	sig:$r0 = virtualinvoke responseHeaders.<okhttp3.Headers: java.util.List values(java.lang.String)>("Content-Length")	timediff:0
I/System.out(29830): body:<empirical.HelperClass: void printOkHttpInfo(java.lang.String,java.lang.String,okhttp3.Request,okhttp3.Response)>	sig:$r1 = virtualinvoke responseHeaders.<okhttp3.Headers: java.util.List values(java.lang.String)>("Cache-Control")	timediff:0
I/System.out(29830): body:<empirical.HelperClass: void printOkHttpInfo(java.lang.String,java.lang.String,okhttp3.Request,okhttp3.Response)>	sig:$r2 = virtualinvoke responseHeaders.<okhttp3.Headers: java.util.List values(java.lang.String)>("Expires")	timediff:0
I/System.out(29830): body:<empirical.HelperClass: void printOkHttpInfo(java.lang.String,java.lang.String,okhttp3.Request,okhttp3.Response)>	sig:$r3 = virtualinvoke responseHeaders.<okhttp3.Headers: java.util.List values(java.lang.String)>("Age")	timediff:0
I/System.out(29830): body:<empirical.HelperClass: void printOkHttpInfo(java.lang.String,java.lang.String,okhttp3.Request,okhttp3.Response)>	sig:$r4 = virtualinvoke responseHeaders.<okhttp3.Headers: java.util.List values(java.lang.String)>("Set-Cookie")	timediff:0
I/System.out(29830): body:<empirical.HelperClass: void printOkHttpInfo(java.lang.String,java.lang.String,okhttp3.Request,okhttp3.Response)>	sig:$r13 = virtualinvoke req.<okhttp3.Request: okhttp3.HttpUrl url()>()	timediff:0
I/System.out(29830): body:<empirical.HelperClass: void printOkHttpInfo(java.lang.String,java.lang.String,okhttp3.Request,okhttp3.Response)>	sig:$r14 = virtualinvoke $r13.<okhttp3.HttpUrl: java.lang.String toString()>()	timediff:0
I/System.out(29830): body:<empirical.HelperClass: void printOkHttpInfo(java.lang.String,java.lang.String,okhttp3.Request,okhttp3.Response)>	sig:$r17 = virtualinvoke req.<okhttp3.Request: java.lang.String method()>()	timediff:0
I/System.out(29830): OkHttpP;%;11;%;<com.lyft.android.development.NoOpDeveloperTools$1: okhttp3.Response intercept(okhttp3.Interceptor$Chain)>;%;$r3 = interfaceinvoke $r1.<okhttp3.Interceptor$Chain: okhttp3.Response proceed(okhttp3.Request)>($r2);%;https://api.lyft.com/v1/track;%;POST;%;[93];%;[];%;[];%;[];%;[];%;
I/System.out(29830): body:<empirical.HelperClass: void printOkHttpInfo(java.lang.String,java.lang.String,okhttp3.Request,okhttp3.Response)>	sig:$r48 = virtualinvoke responseHeaders.<okhttp3.Headers: java.lang.String toString()>()	timediff:0
I/System.out(29830): header:server: envoy-sfo
I/System.out(29830): date: Sun, 25 Mar 2018 09:03:55 GMT
I/System.out(29830): content-type: application/json
I/System.out(29830): content-length: 93
I/System.out(29830): x-envoy-upstream-service-time: 94
I/System.out(29830): body:<com.lyft.android.development.NoOpDeveloperTools$1: okhttp3.Response intercept(okhttp3.Interceptor$Chain)>	sig:$r3 = interfaceinvoke $r1.<okhttp3.Interceptor$Chain: okhttp3.Response proceed(okhttp3.Request)>($r2)	timediff:523
E/Google Maps Android API(29830): Authorization failure.  Please see https://developers.google.com/maps/documentation/android-api/start for how to correctly set up the map.
E/Google Maps Android API(29830): In the Google Developer Console (https://console.developers.google.com)
E/Google Maps Android API(29830): Ensure that the "Google Maps Android API v2" is enabled.
E/Google Maps Android API(29830): Ensure that the following Android Key exists:
E/Google Maps Android API(29830): 	API Key: AIzaSyAgTvwvsXZpBZrEGSKEUSDS_v1b5dtGEfg
E/Google Maps Android API(29830): 	Android Application (<cert_fingerprint>;<package_name>): 09:AD:96:09:E4:DC:4F:BF:D2:9A:ED:05:94:1F:71:91:82:2B:42:AE;me.lyft.android
W/MediaPlayer(29830): info/warning (3, 0)
W/DynamiteModule(29830): Local module descriptor class for com.google.android.gms.googlecertificates not found.
I/ActivityManager(  476): START u0 {act=android.intent.action.VIEW dat=market://details?id=com.lyft.android.driver&hl=en flg=0x10000000 cmp=com.android.vending/com.google.android.finsky.activities.LaunchUrlHandlerActivity} from pid 29830
I/WindowManager(  476): Switching to real app window: Window{4ae4c81c u0 me.lyft.android/me.lyft.android.ui.MainActivity}
I/ActivityManager(  476): START u0 {act=android.intent.action.VIEW dat=market://details?id=com.lyft.android.driver&hl=en flg=0x10000000 cmp=com.android.vending/com.google.android.finsky.activities.LaunchUrlHandlerActivity} from pid 29830
W/ViewRootImpl(29830): Dropping event due to no window focus: KeyEvent { action=ACTION_DOWN, keyCode=KEYCODE_BACK, scanCode=0, metaState=0, flags=0x8, repeatCount=0, eventTime=14407194, downTime=14407194, deviceId=-1, source=0x101 }
D/ClClient(25801): Not sending keepalive.  Current connection state=STOPPED
W/EGL_emulation(29830): eglSurfaceAttrib not implemented 3093 12436
D/dalvikvm(30007): Trying to load lib /data/user/0/com.powerful.cleaner/files/so_libs/librx.so 0x94fcd3b8
D/dalvikvm(30007): Added shared lib /data/user/0/com.powerful.cleaner/files/so_libs/librx.so 0x94fcd3b8
D/dalvikvm(  645): GC_EXPLICIT freed 1086K, 19% free 6902K/8436K, paused 0ms+36ms, total 177ms
W/InputMethodManagerService(  476): Window already focused, ignoring focus gain of: com.android.internal.view.IInputMethodClient$Stub$Proxy@4b3749d4 attribute=null, token = android.os.BinderProxy@4b3f68dc
I/DynamiteModule(29830): Considering local module com.google.android.gms.googlecertificates:0 and remote module com.google.android.gms.googlecertificates:4
I/DynamiteModule(29830): Selected remote version of com.google.android.gms.googlecertificates, version >= 4
I/dalvikvm(29830): Could not find method android.content.ContextWrapper.createCredentialProtectedStorageContext, referenced from method ar.createCredentialProtectedStorageContext
W/dalvikvm(29830): VFY: unable to resolve virtual method 102: Landroid/content/ContextWrapper;.createCredentialProtectedStorageContext ()Landroid/content/Context;
D/dalvikvm(29830): VFY: replacing opcode 0x6f at 0x0002
I/dalvikvm(29830): Could not find method android.content.ContextWrapper.createDeviceProtectedStorageContext, referenced from method ar.createDeviceProtectedStorageContext
W/dalvikvm(29830): VFY: unable to resolve virtual method 103: Landroid/content/ContextWrapper;.createDeviceProtectedStorageContext ()Landroid/content/Context;
D/dalvikvm(29830): VFY: replacing opcode 0x6f at 0x0002
I/dalvikvm(29830): Could not find method o.createCredentialProtectedStorageContext, referenced from method p.createCredentialProtectedStorageContext
W/dalvikvm(29830): VFY: unable to resolve virtual method 693: Lo;.createCredentialProtectedStorageContext ()Landroid/content/Context;
D/dalvikvm(29830): VFY: replacing opcode 0x6f at 0x0002
I/dalvikvm(29830): Could not find method o.createDeviceProtectedStorageContext, referenced from method p.createDeviceProtectedStorageContext
W/dalvikvm(29830): VFY: unable to resolve virtual method 694: Lo;.createDeviceProtectedStorageContext ()Landroid/content/Context;
D/dalvikvm(29830): VFY: replacing opcode 0x6f at 0x0002
D/dalvikvm(29830): DexOpt: couldn't find static field Landroid/os/Build;.SUPPORTED_64_BIT_ABIS
W/dalvikvm(29830): VFY: unable to resolve static field 58 (SUPPORTED_64_BIT_ABIS) in Landroid/os/Build;
D/dalvikvm(29830): VFY: replacing opcode 0x62 at 0x0012
D/dalvikvm(29830): DexOpt: couldn't find static field Landroid/os/Build;.SUPPORTED_32_BIT_ABIS
W/dalvikvm(29830): VFY: unable to resolve static field 57 (SUPPORTED_32_BIT_ABIS) in Landroid/os/Build;
D/dalvikvm(29830): VFY: replacing opcode 0x62 at 0x0021
D/dalvikvm(29830): DexOpt: couldn't find static field Landroid/os/Build;.SUPPORTED_64_BIT_ABIS
W/dalvikvm(29830): VFY: unable to resolve static field 58 (SUPPORTED_64_BIT_ABIS) in Landroid/os/Build;
D/dalvikvm(29830): VFY: replacing opcode 0x62 at 0x0008
D/dalvikvm(29830): DexOpt: couldn't find static field Landroid/os/Build;.SUPPORTED_64_BIT_ABIS
I/dalvikvm(29830): DexOpt: unable to optimize static field ref 0x003a at 0x17 in Lak;.a
D/dalvikvm(29830): DexOpt: couldn't find static field Landroid/os/Build;.SUPPORTED_32_BIT_ABIS
I/dalvikvm(29830): DexOpt: unable to optimize static field ref 0x0039 at 0x26 in Lak;.a
D/dalvikvm(29830): DexOpt: couldn't find static field Landroid/os/Build;.SUPPORTED_64_BIT_ABIS
I/dalvikvm(29830): DexOpt: unable to optimize static field ref 0x003a at 0x0d in Lak;.b
D/dalvikvm(30007): Trying to load lib /data/user/0/com.powerful.cleaner/files/so_libs/librx.so 0x94fcd3b8
D/dalvikvm(30007): Shared lib '/data/user/0/com.powerful.cleaner/files/so_libs/librx.so' already loaded in same CL 0x94fcd3b8
I/ActivityManager(  476): START u0 {act=android.intent.action.VIEW dat=market://details?id=com.lyft.android.driver&hl=en flg=0x10000000 cmp=com.android.vending/com.google.android.finsky.activities.LaunchUrlHandlerActivity} from pid 29830
I/ActivityManager(  476): START u0 {act=android.intent.action.VIEW dat=market://details?id=com.lyft.android.driver&hl=en flg=0x10000000 cmp=com.android.vending/com.google.android.finsky.activities.LaunchUrlHandlerActivity} from pid 29830
W/ViewRootImpl(29830): Dropping event due to no window focus: KeyEvent { action=ACTION_DOWN, keyCode=KEYCODE_BUTTON_THUMBL, scanCode=0, metaState=0, flags=0x8, repeatCount=0, eventTime=14407558, downTime=14407558, deviceId=-1, source=0x101 }
W/ViewRootImpl(29830): Dropping event due to no window focus: KeyEvent { action=ACTION_DOWN, keyCode=KEYCODE_DPAD_CENTER, scanCode=0, metaState=0, flags=0x8, repeatCount=0, eventTime=14407558, downTime=14407558, deviceId=-1, source=0x101 }
W/ViewRootImpl(29830): Dropping event due to no window focus: KeyEvent { action=ACTION_DOWN, keyCode=KEYCODE_DPAD_RIGHT, scanCode=0, metaState=0, flags=0x8, repeatCount=0, eventTime=14407563, downTime=14407563, deviceId=-1, source=0x101 }
W/DebugConnManager(30007): getNetworkInfo() on networkType 1
E/EGL_emulation(27446): egl: destroying current context refused
W/libEGL  (27446): eglTerminate() called w/ 1 objects remaining
W/EGL_emulation(29830): eglSurfaceAttrib not implemented 3093 12436
W/ViewRootImpl(29830): Dropping event due to no window focus: KeyEvent { action=ACTION_DOWN, keyCode=KEYCODE_COMMA, scanCode=0, metaState=0, flags=0x8, repeatCount=0, eventTime=14407580, downTime=14407580, deviceId=-1, source=0x101 }
W/NetworkManagementSocketTagger(  476): setKernelCountSet(10065, 0) failed with errno -13
W/DebugConnManager(30007): getNetworkInfo() on networkType 1
W/InputManager(  476): Input event injection from pid 29819 failed.
D/dalvikvm(30007): JIT code cache reset in 0 ms (0 bytes 1/0)
D/dalvikvm(30007): GC_CONCURRENT freed 290K, 12% free 2912K/3276K, paused 1ms+1ms, total 3ms
D/dalvikvm(30007): Trying to load lib /data/user/0/com.powerful.cleaner/files/so_libs/librx.so 0x94fcd3b8
D/dalvikvm(30007): Shared lib '/data/user/0/com.powerful.cleaner/files/so_libs/librx.so' already loaded in same CL 0x94fcd3b8
W/EGL_emulation(29830): eglSurfaceAttrib not implemented 3093 12436
W/ViewRootImpl(29830): Dropping event due to no window focus: MotionEvent { action=ACTION_MOVE, id[0]=0, x[0]=1.0, y[0]=-4.0, toolType[0]=TOOL_TYPE_UNKNOWN, buttonState=0, metaState=0, flags=0x0, edgeFlags=0x0, pointerCount=1, historySize=19, eventTime=14407694, downTime=-1, deviceId=0, source=0x10004 }
W/ViewRootImpl(29830): Dropping event due to no window focus: KeyEvent { action=ACTION_DOWN, keyCode=KEYCODE_DPAD_UP, scanCode=0, metaState=0, flags=0x8, repeatCount=0, eventTime=14407698, downTime=14407698, deviceId=-1, source=0x101 }
W/ViewRootImpl(29830): Dropping event due to no window focus: KeyEvent { action=ACTION_DOWN, keyCode=KEYCODE_DPAD_LEFT, scanCode=0, metaState=0, flags=0x8, repeatCount=0, eventTime=14407711, downTime=14407711, deviceId=-1, source=0x101 }
W/ViewRootImpl(29830): Dropping event due to no window focus: MotionEvent { action=ACTION_MOVE, id[0]=0, x[0]=3.0, y[0]=0.0, toolType[0]=TOOL_TYPE_UNKNOWN, buttonState=0, metaState=0, flags=0x0, edgeFlags=0x0, pointerCount=1, historySize=9, eventTime=14407722, downTime=-1, deviceId=0, source=0x10004 }
W/DebugConnManager(30007): getNetworkInfo() on networkType 1
D/dalvikvm(30007): DexOpt: couldn't find static field Landroid/os/Build;.SUPPORTED_ABIS
W/dalvikvm(30007): VFY: unable to resolve static field 330 (SUPPORTED_ABIS) in Landroid/os/Build;
D/dalvikvm(30007): VFY: replacing opcode 0x62 at 0x001d
I/Lausanne(30007): Trying to load liblausanne-2.0.0.so
I/Lausanne(30007): Found /data/app-lib/com.powerful.cleaner-1/liblausanne-2.0.0.so by dalvik.system.PathClassLoader
I/Lausanne(30007): ClassLoader.findLibrary() result = /data/app-lib/com.powerful.cleaner-1/liblausanne-2.0.0.so
D/dalvikvm(30007): Trying to load lib /data/app-lib/com.powerful.cleaner-1/liblausanne-2.0.0.so 0x94fcd3b8
W/InputManager(  476): Input event injection from pid 29819 failed.
W/EGL_emulation(29830): eglSurfaceAttrib not implemented 3093 12436
W/ViewRootImpl(29830): Dropping event due to no window focus: MotionEvent { action=ACTION_MOVE, id[0]=0, x[0]=4.0, y[0]=-1.0, toolType[0]=TOOL_TYPE_UNKNOWN, buttonState=0, metaState=0, flags=0x0, edgeFlags=0x0, pointerCount=1, historySize=3, eventTime=14407816, downTime=-1, deviceId=0, source=0x10004 }
W/InputMethodManagerService(  476): Window already focused, ignoring focus gain of: com.android.internal.view.IInputMethodClient$Stub$Proxy@4aeb6cd4 attribute=android.view.inputmethod.EditorInfo@4be84208, token = android.os.BinderProxy@4b3f68dc
W/DebugConnManager(30007): getNetworkInfo() on networkType 1
I/ActivityManager(  476): START u0 {act=android.intent.action.VIEW dat=market://details?id=com.lyft.android.driver&hl=en flg=0x10000000 cmp=com.android.vending/com.google.android.finsky.activities.LaunchUrlHandlerActivity} from pid 29830
I/ActivityManager(  476): START u0 {act=android.intent.action.MAIN cat=[android.intent.category.LAUNCHER] flg=0x10200000 cmp=me.lyft.android/.ui.MainActivity} from pid 29819
W/ViewRootImpl(29830): Dropping event due to no window focus: KeyEvent { action=ACTION_DOWN, keyCode=KEYCODE_DPAD_LEFT, scanCode=0, metaState=0, flags=0x8, repeatCount=0, eventTime=14408063, downTime=14408063, deviceId=-1, source=0x101 }
W/EGL_emulation(29830): eglSurfaceAttrib not implemented 3093 12436
W/ViewRootImpl(29830): Dropping event due to no window focus: KeyEvent { action=ACTION_DOWN, keyCode=KEYCODE_DPAD_LEFT, scanCode=0, metaState=0, flags=0x8, repeatCount=0, eventTime=14408073, downTime=14408073, deviceId=-1, source=0x101 }
W/InputEventReceiver(29830): Attempted to finish an input event but the input event receiver has already been disposed.
W/EGL_emulation(29830): eglSurfaceAttrib not implemented 3093 12436
W/ViewRootImpl(29830): Dropping event due to no window focus: KeyEvent { action=ACTION_DOWN, keyCode=KEYCODE_DPAD_DOWN, scanCode=0, metaState=0, flags=0x8, repeatCount=0, eventTime=14408129, downTime=14408129, deviceId=-1, source=0x101 }
W/ViewRootImpl(29830): Dropping event due to no window focus: KeyEvent { action=ACTION_DOWN, keyCode=KEYCODE_DPAD_CENTER, scanCode=0, metaState=0, flags=0x8, repeatCount=0, eventTime=14408153, downTime=14408153, deviceId=-1, source=0x101 }
I/ActivityManager(  476): START u0 {act=android.intent.action.MAIN cat=[android.intent.category.LAUNCHER] flg=0x10000000 sel={act=android.intent.action.MAIN cat=[android.intent.category.APP_EMAIL]}} from pid 476
W/EGL_emulation(29830): eglSurfaceAttrib not implemented 3093 12436
W/ViewRootImpl(29830): Dropping event due to no window focus: KeyEvent { action=ACTION_DOWN, keyCode=KEYCODE_CAPTIONS, scanCode=0, metaState=0, flags=0x8, repeatCount=0, eventTime=14408215, downTime=14408215, deviceId=-1, source=0x101 }
W/ViewRootImpl(29830): Dropping event due to no window focus: KeyEvent { action=ACTION_DOWN, keyCode=KEYCODE_DPAD_RIGHT, scanCode=0, metaState=0, flags=0x8, repeatCount=0, eventTime=14408226, downTime=14408226, deviceId=-1, source=0x101 }
W/InputManager(  476): Input event injection from pid 29819 failed.
W/InputManager(  476): Input event injection from pid 29819 failed.
D/dalvikvm(30007): GC_CONCURRENT freed 323K, 12% free 3030K/3416K, paused 17ms+0ms, total 20ms
W/InputMethodManagerService(  476): Window already focused, ignoring focus gain of: com.android.internal.view.IInputMethodClient$Stub$Proxy@4b3771d0 attribute=null, token = android.os.BinderProxy@4b3f68dc
I/ActivityManager(  476): START u0 {act=android.intent.action.VIEW dat=market://details?id=com.lyft.android.driver&hl=en flg=0x10000000 cmp=com.android.vending/com.google.android.finsky.activities.LaunchUrlHandlerActivity} from pid 29830
I/dalvikvm(30007): Could not find method android.net.ConnectivityManager.getActiveNetwork, referenced from method org.e.b.a.i
W/dalvikvm(30007): VFY: unable to resolve virtual method 1820: Landroid/net/ConnectivityManager;.getActiveNetwork ()Landroid/net/Network;
D/dalvikvm(30007): VFY: replacing opcode 0x6e at 0x0013
I/dalvikvm(30007): Could not find method android.net.ConnectivityManager.getAllNetworks, referenced from method org.e.b.a.i
W/dalvikvm(30007): VFY: unable to resolve virtual method 1822: Landroid/net/ConnectivityManager;.getAllNetworks ()[Landroid/net/Network;
D/dalvikvm(30007): VFY: replacing opcode 0x6e at 0x002b
I/ActivityManager(  476): START u0 {act=android.intent.action.VIEW dat=market://details?id=com.lyft.android.driver&hl=en flg=0x10000000 cmp=com.android.vending/com.google.android.finsky.activities.LaunchUrlHandlerActivity} from pid 29830
I/ActivityManager(  476): START u0 {act=android.intent.action.VIEW dat=market://details?id=com.lyft.android.driver&hl=en flg=0x10000000 cmp=com.android.vending/com.google.android.finsky.activities.LaunchUrlHandlerActivity} from pid 29830
I/ActivityManager(  476): START u0 {act=android.intent.action.VIEW dat=market://details?id=com.lyft.android.driver&hl=en flg=0x10000000 cmp=com.android.vending/com.google.android.finsky.activities.LaunchUrlHandlerActivity} from pid 29830
W/dalvikvm(30007): VFY: unable to find class referenced in signature (Lokhttp3/Request;)
W/dalvikvm(30007): VFY: unable to find class referenced in signature (Lokhttp3/Response;)
I/dalvikvm(30007): Could not find method okhttp3.Response.headers, referenced from method empirical.HelperClass.printOkHttpInfo
W/dalvikvm(30007): VFY: unable to resolve virtual method 48849: Lokhttp3/Response;.headers ()Lokhttp3/Headers;
D/dalvikvm(30007): VFY: replacing opcode 0x6e at 0x0006
W/dalvikvm(30007): VFY: unable to find class referenced in signature (Lokhttp3/Call;)
W/dalvikvm(30007): VFY: unable to find class referenced in signature (Lokhttp3/Response;)
I/dalvikvm(30007): Could not find method okhttp3.Call.request, referenced from method empirical.HelperClass.printOkHttpInfoFromCall
W/dalvikvm(30007): VFY: unable to resolve interface method 48843: Lokhttp3/Call;.request ()Lokhttp3/Request;
D/dalvikvm(30007): VFY: replacing opcode 0x72 at 0x0006
I/System.out(30007): body:<b.u$a: void <init>()>	sig:$r4 = staticinvoke <java.net.ProxySelector: java.net.ProxySelector getDefault()>()	timediff:0
W/dalvikvm(30007): threadid=11: thread exiting with uncaught exception (group=0x94d08b20)
I/System.out(30007): body:<org.crashguard.c$1: void run()>	sig:$r8 = staticinvoke <java.net.URLEncoder: java.lang.String encode(java.lang.String,java.lang.String)>($r8, "UTF-8")	timediff:0
D/dalvikvm(30007): Added shared lib /data/app-lib/com.powerful.cleaner-1/liblausanne-2.0.0.so 0x94fcd3b8
D/dalvikvm(29830): GC_CONCURRENT freed 2490K, 15% free 15424K/17976K, paused 2ms+1ms, total 111ms
D/dalvikvm(29830): WAIT_FOR_CONCURRENT_GC blocked 82ms
D/dalvikvm(29830): WAIT_FOR_CONCURRENT_GC blocked 80ms
I/System.out(29830): body:<com.lyft.android.development.NoOpDeveloperTools$1: okhttp3.Response intercept(okhttp3.Interceptor$Chain)>	sig:$r2 = interfaceinvoke $r1.<okhttp3.Interceptor$Chain: okhttp3.Request request()>()	timediff:0
D/dalvikvm(29830): WAIT_FOR_CONCURRENT_GC blocked 68ms
D/dalvikvm(29830): WAIT_FOR_CONCURRENT_GC blocked 45ms
E/LausanneJni(30007): JNI_OnLoad 0x7e65ec24
W/ViewRootImpl(29830): Dropping event due to no window focus: KeyEvent { action=ACTION_DOWN, keyCode=KEYCODE_BUTTON_THUMBR, scanCode=0, metaState=0, flags=0x8, repeatCount=0, eventTime=14408478, downTime=14408478, deviceId=-1, source=0x101 }
W/ViewRootImpl(29830): Dropping event due to no window focus: KeyEvent { action=ACTION_DOWN, keyCode=KEYCODE_DPAD_CENTER, scanCode=0, metaState=0, flags=0x8, repeatCount=0, eventTime=14408478, downTime=14408478, deviceId=-1, source=0x101 }
W/ViewRootImpl(29830): Dropping event due to no window focus: KeyEvent { action=ACTION_DOWN, keyCode=KEYCODE_MENU, scanCode=0, metaState=0, flags=0x8, repeatCount=0, eventTime=14408488, downTime=14408488, deviceId=-1, source=0x101 }
W/EGL_emulation(29830): eglSurfaceAttrib not implemented 3093 12436
W/ViewRootImpl(29830): Dropping event due to no window focus: MotionEvent { action=ACTION_MOVE, id[0]=0, x[0]=-2.0, y[0]=2.0, toolType[0]=TOOL_TYPE_UNKNOWN, buttonState=0, metaState=0, flags=0x0, edgeFlags=0x0, pointerCount=1, historySize=5, eventTime=14408493, downTime=-1, deviceId=0, source=0x10004 }
I/ActivityManager(  476): START u0 {act=android.intent.action.CALL_BUTTON flg=0x10000000} from pid 29830
W/PhoneFallbackEventHandler(29830): No activity found for android.intent.action.CALL_BUTTON.
I/ActivityManager(  476): START u0 {act=android.intent.action.MAIN cat=[android.intent.category.LAUNCHER] flg=0x10000000 cmp=com.google.android.apps.youtube.music/.activities.MusicActivity sel={act=android.intent.action.MAIN cat=[android.intent.category.APP_MUSIC]}} from pid 476
D/BatteryTimePredictManager(30007): mIsScreenOn = true
D/dalvikvm(30007): GC_CONCURRENT freed 316K, 12% free 3123K/3512K, paused 1ms+0ms, total 3ms
W/System.err(30007): java.io.FileNotFoundException: cl_notification_white.prop
I/ActivityManager(  476): START u0 {act=android.intent.action.VIEW dat=market://details?id=com.lyft.android.driver&hl=en flg=0x10000000 cmp=com.android.vending/com.google.android.finsky.activities.LaunchUrlHandlerActivity} from pid 29830
I/ActivityManager(  476): START u0 {act=android.intent.action.VIEW dat=market://details?id=com.lyft.android.driver&hl=en flg=0x10000000 cmp=com.android.vending/com.google.android.finsky.activities.LaunchUrlHandlerActivity} from pid 29830
W/System.err(30007): 	at android.content.res.AssetManager.openAsset(Native Method)
W/System.err(30007): 	at android.content.res.AssetManager.open(AssetManager.java:316)
W/System.err(30007): 	at android.content.res.AssetManager.open(AssetManager.java:290)
W/System.err(30007): 	at org.saturn.sdk.utils.p.a(charging:133)
W/System.err(30007): 	at org.saturn.sdk.notification.a$1.call(charging:3136)
W/ViewRootImpl(29830): Dropping event due to no window focus: KeyEvent { action=ACTION_DOWN, keyCode=KEYCODE_DPAD_LEFT, scanCode=0, metaState=0, flags=0x8, repeatCount=0, eventTime=14408609, downTime=14408609, deviceId=-1, source=0x101 }
W/ViewRootImpl(29830): Dropping event due to no window focus: KeyEvent { action=ACTION_DOWN, keyCode=KEYCODE_DPAD_CENTER, scanCode=0, metaState=0, flags=0x8, repeatCount=0, eventTime=14408613, downTime=14408613, deviceId=-1, source=0x101 }
W/ViewRootImpl(29830): Dropping event due to no window focus: KeyEvent { action=ACTION_DOWN, keyCode=KEYCODE_BUTTON_R2, scanCode=0, metaState=0, flags=0x8, repeatCount=0, eventTime=14408613, downTime=14408613, deviceId=-1, source=0x101 }
W/ViewRootImpl(29830): Dropping event due to no window focus: KeyEvent { action=ACTION_DOWN, keyCode=KEYCODE_MENU, scanCode=0, metaState=0, flags=0x8, repeatCount=0, eventTime=14408614, downTime=14408614, deviceId=-1, source=0x101 }
W/ViewRootImpl(29830): Dropping event due to no window focus: KeyEvent { action=ACTION_DOWN, keyCode=KEYCODE_DPAD_LEFT, scanCode=0, metaState=0, flags=0x8, repeatCount=0, eventTime=14408614, downTime=14408614, deviceId=-1, source=0x101 }
W/ViewRootImpl(29830): Dropping event due to no window focus: KeyEvent { action=ACTION_DOWN, keyCode=KEYCODE_DPAD_DOWN, scanCode=0, metaState=0, flags=0x8, repeatCount=0, eventTime=14408615, downTime=14408615, deviceId=-1, source=0x101 }
W/System.err(30007): 	at bolts.Task$10.run(charging:357)
W/System.err(30007): 	at java.util.concurrent.ThreadPoolExecutor.runWorker(ThreadPoolExecutor.java:1112)
W/System.err(30007): 	at java.util.concurrent.ThreadPoolExecutor$Worker.run(ThreadPoolExecutor.java:587)
W/System.err(30007): 	at java.lang.Thread.run(Thread.java:841)
I/System.out(29830): body:<empirical.HelperClass: void printOkHttpInfo(java.lang.String,java.lang.String,okhttp3.Request,okhttp3.Response)>	sig:responseHeaders = virtualinvoke resp.<okhttp3.Response: okhttp3.Headers headers()>()	timediff:0
I/System.out(29830): body:<empirical.HelperClass: void printOkHttpInfo(java.lang.String,java.lang.String,okhttp3.Request,okhttp3.Response)>	sig:$r0 = virtualinvoke responseHeaders.<okhttp3.Headers: java.util.List values(java.lang.String)>("Content-Length")	timediff:0
I/System.out(29830): body:<empirical.HelperClass: void printOkHttpInfo(java.lang.String,java.lang.String,okhttp3.Request,okhttp3.Response)>	sig:$r1 = virtualinvoke responseHeaders.<okhttp3.Headers: java.util.List values(java.lang.String)>("Cache-Control")	timediff:0
I/System.out(29830): body:<empirical.HelperClass: void printOkHttpInfo(java.lang.String,java.lang.String,okhttp3.Request,okhttp3.Response)>	sig:$r2 = virtualinvoke responseHeaders.<okhttp3.Headers: java.util.List values(java.lang.String)>("Expires")	timediff:0
I/System.out(29830): body:<empirical.HelperClass: void printOkHttpInfo(java.lang.String,java.lang.String,okhttp3.Request,okhttp3.Response)>	sig:$r3 = virtualinvoke responseHeaders.<okhttp3.Headers: java.util.List values(java.lang.String)>("Age")	timediff:0
I/System.out(29830): body:<empirical.HelperClass: void printOkHttpInfo(java.lang.String,java.lang.String,okhttp3.Request,okhttp3.Response)>	sig:$r4 = virtualinvoke responseHeaders.<okhttp3.Headers: java.util.List values(java.lang.String)>("Set-Cookie")	timediff:0
I/System.out(29830): body:<empirical.HelperClass: void printOkHttpInfo(java.lang.String,java.lang.String,okhttp3.Request,okhttp3.Response)>	sig:$r13 = virtualinvoke req.<okhttp3.Request: okhttp3.HttpUrl url()>()	timediff:0
I/System.out(29830): body:<empirical.HelperClass: void printOkHttpInfo(java.lang.String,java.lang.String,okhttp3.Request,okhttp3.Response)>	sig:$r14 = virtualinvoke $r13.<okhttp3.HttpUrl: java.lang.String toString()>()	timediff:0
I/System.out(29830): body:<empirical.HelperClass: void printOkHttpInfo(java.lang.String,java.lang.String,okhttp3.Request,okhttp3.Response)>	sig:$r17 = virtualinvoke req.<okhttp3.Request: java.lang.String method()>()	timediff:0
I/System.out(29830): OkHttpP;%;12;%;<com.lyft.android.development.NoOpDeveloperTools$1: okhttp3.Response intercept(okhttp3.Interceptor$Chain)>;%;$r3 = interfaceinvoke $r1.<okhttp3.Interceptor$Chain: okhttp3.Response proceed(okhttp3.Request)>($r2);%;https://api.lyft.com/v1/track;%;POST;%;[93];%;[];%;[];%;[];%;[];%;
I/System.out(29830): body:<empirical.HelperClass: void printOkHttpInfo(java.lang.String,java.lang.String,okhttp3.Request,okhttp3.Response)>	sig:$r48 = virtualinvoke responseHeaders.<okhttp3.Headers: java.lang.String toString()>()	timediff:0
I/System.out(29830): header:server: envoy-sfo
I/System.out(29830): date: Sun, 25 Mar 2018 09:03:57 GMT
I/System.out(29830): content-type: application/json
I/System.out(29830): content-length: 93
I/System.out(29830): x-envoy-upstream-service-time: 89
I/System.out(29830): body:<com.lyft.android.development.NoOpDeveloperTools$1: okhttp3.Response intercept(okhttp3.Interceptor$Chain)>	sig:$r3 = interfaceinvoke $r1.<okhttp3.Interceptor$Chain: okhttp3.Response proceed(okhttp3.Request)>($r2)	timediff:210
W/EGL_emulation(29830): eglSurfaceAttrib not implemented 3093 12436
W/ViewRootImpl(29830): Dropping event due to no window focus: MotionEvent { action=ACTION_MOVE, id[0]=0, x[0]=-4.0, y[0]=-2.0, toolType[0]=TOOL_TYPE_UNKNOWN, buttonState=0, metaState=0, flags=0x0, edgeFlags=0x0, pointerCount=1, historySize=10, eventTime=14408621, downTime=-1, deviceId=0, source=0x10004 }
W/ViewRootImpl(29830): Dropping event due to no window focus: MotionEvent { action=ACTION_MOVE, id[0]=0, x[0]=1.0, y[0]=-4.0, toolType[0]=TOOL_TYPE_UNKNOWN, buttonState=0, metaState=0, flags=0x0, edgeFlags=0x0, pointerCount=1, historySize=8, eventTime=14408632, downTime=-1, deviceId=0, source=0x10004 }
W/ViewRootImpl(29830): Dropping event due to no window focus: KeyEvent { action=ACTION_DOWN, keyCode=KEYCODE_DPAD_CENTER, scanCode=0, metaState=0, flags=0x8, repeatCount=0, eventTime=14408632, downTime=14408632, deviceId=-1, source=0x101 }
W/ViewRootImpl(29830): Dropping event due to no window focus: KeyEvent { action=ACTION_DOWN, keyCode=KEYCODE_MEDIA_FAST_FORWARD, scanCode=0, metaState=0, flags=0x8, repeatCount=0, eventTime=14408669, downTime=14408669, deviceId=-1, source=0x101 }
W/ViewRootImpl(29830): Dropping event due to no window focus: KeyEvent { action=ACTION_DOWN, keyCode=KEYCODE_DPAD_DOWN, scanCode=0, metaState=0, flags=0x8, repeatCount=0, eventTime=14408670, downTime=14408670, deviceId=-1, source=0x101 }
W/ViewRootImpl(29830): Dropping event due to no window focus: KeyEvent { action=ACTION_DOWN, keyCode=KEYCODE_MENU, scanCode=0, metaState=0, flags=0x8, repeatCount=0, eventTime=14408671, downTime=14408671, deviceId=-1, source=0x101 }
W/ViewRootImpl(29830): Dropping event due to no window focus: KeyEvent { action=ACTION_DOWN, keyCode=KEYCODE_BUTTON_10, scanCode=0, metaState=0, flags=0x8, repeatCount=0, eventTime=14408674, downTime=14408674, deviceId=-1, source=0x101 }
V/PanelView(  528): animationTick called with dtms=0; nothing to do (h=0.0 v=-0.0)
V/PanelView(  528): animationTick called with dtms=-3; nothing to do (h=0.0 v=-0.0)
I/ActivityManager(  476): START u0 {act=android.intent.action.VIEW dat=market://details?id=com.lyft.android.driver&hl=en flg=0x10000000 cmp=com.android.vending/com.google.android.finsky.activities.LaunchUrlHandlerActivity} from pid 29830
W/InputMethodManagerService(  476): Window already focused, ignoring focus gain of: com.android.internal.view.IInputMethodClient$Stub$Proxy@4b454930 attribute=null, token = android.os.BinderProxy@4b3f68dc
I/ActivityManager(  476): START u0 {act=android.intent.action.MAIN cat=[android.intent.category.LAUNCHER] flg=0x10000000 sel={act=android.intent.action.MAIN cat=[android.intent.category.APP_CALCULATOR]}} from pid 476
W/ViewRootImpl(29830): Dropping event due to no window focus: KeyEvent { action=ACTION_DOWN, keyCode=KEYCODE_DPAD_DOWN, scanCode=0, metaState=0, flags=0x8, repeatCount=0, eventTime=14408840, downTime=14408840, deviceId=-1, source=0x101 }
W/EGL_emulation(29830): eglSurfaceAttrib not implemented 3093 12436
W/dalvikvm(30007): Unable to resolve superclass of Lcom/ultron/era/keepalive/KeepAliveService; (156)
W/dalvikvm(30007): Link of class 'Lcom/ultron/era/keepalive/KeepAliveService;' failed
W/dalvikvm(30007): VFY: unable to resolve static field 27196 (a) in Lcom/ultron/era/keepalive/KeepAliveService;
D/dalvikvm(30007): VFY: replacing opcode 0x63 at 0x030c
D/dalvikvm(30007): DexOpt: unable to opt direct call 0x02e2 at 0x323 in Lcom/powerful/cleaner/service/CoreService$1;.onReceive
W/dalvikvm(30007): Unable to resolve superclass of Lcom/ultron/era/keepalive/KeepAliveService; (156)
W/dalvikvm(30007): Link of class 'Lcom/ultron/era/keepalive/KeepAliveService;' failed
I/dalvikvm(30007): DexOpt: unable to optimize static field ref 0x6a3c at 0x34e in Lcom/powerful/cleaner/service/CoreService$1;.onReceive
D/dalvikvm(30007): Trying to load lib /data/user/0/com.powerful.cleaner/files/so_libs/librx.so 0x94fcd3b8
D/dalvikvm(30007): Shared lib '/data/user/0/com.powerful.cleaner/files/so_libs/librx.so' already loaded in same CL 0x94fcd3b8
D/AndroidRuntime(30007): Shutting down VM
W/dalvikvm(30007): threadid=1: thread exiting with uncaught exception (group=0x94d08b20)
D/CrashHandler(30007): Too many crashes
I/AndroidRuntime(30007): VM exiting with result code 0, cleanup skipped.
I/ActivityManager(  476): Process com.powerful.cleaner.monitor (pid 30007) has died.
D/Tinker.DefaultAppLike(  675): onTrimMemory level:15
D/        (29830): HostConnection::get() New Host Connection established 0xb8e61c70, tid 29840
I/PlayCommon(26310): [20174] com.google.android.play.b.h.e(263): Preparing logs for uploading
D/dalvikvm(  476): GC_EXPLICIT freed 2000K, 31% free 36987K/53400K, paused 2ms+159ms, total 1192ms
W/PlayCommon(26310): [20174] com.google.android.play.b.h.a(675): No account for auth token provided
I/ActivityManager(  476): START u0 {act=android.intent.action.MAIN cat=[android.intent.category.LAUNCHER] flg=0x10200000 cmp=me.lyft.android/.ui.MainActivity} from pid 29819
W/ViewRootImpl(29830): Dropping event due to no window focus: MotionEvent { action=ACTION_MOVE, id[0]=0, x[0]=-5.0, y[0]=2.0, toolType[0]=TOOL_TYPE_UNKNOWN, buttonState=0, metaState=0, flags=0x0, edgeFlags=0x0, pointerCount=1, historySize=9, eventTime=14409226, downTime=-1, deviceId=0, source=0x10004 }
W/ViewRootImpl(29830): Dropping event due to no window focus: KeyEvent { action=ACTION_DOWN, keyCode=KEYCODE_DPAD_LEFT, scanCode=0, metaState=0, flags=0x8, repeatCount=0, eventTime=14409226, downTime=14409226, deviceId=-1, source=0x101 }
W/InputMethodManagerService(  476): Window already focused, ignoring focus gain of: com.android.internal.view.IInputMethodClient$Stub$Proxy@4b9dd554 attribute=android.view.inputmethod.EditorInfo@4bc099d4, token = android.os.BinderProxy@4b3f68dc
I/ActivityManager(  476): START u0 {act=android.intent.action.VIEW dat=market://details?id=com.lyft.android.driver&hl=en flg=0x10000000 cmp=com.android.vending/com.google.android.finsky.activities.LaunchUrlHandlerActivity} from pid 29830
I/PlayCommon(26310): [20174] com.google.android.play.b.h.a(522): Connecting to server: https://play.googleapis.com/play/log?format=raw&proto_v2=true
V/PanelView(  528): animationTick called with dtms=0; nothing to do (h=0.0 v=-0.0)
W/WindowManager(  476): updateFocusedWindowLocked, focusedAppToken is null.
W/ViewRootImpl(  528): Dropping event due to no window focus: KeyEvent { action=ACTION_DOWN, keyCode=KEYCODE_NUMPAD_LEFT_PAREN, scanCode=0, metaState=0, flags=0x8, repeatCount=0, eventTime=14409423, downTime=14409423, deviceId=-1, source=0x101 }
W/ViewRootImpl(  528): Dropping event due to no window focus: MotionEvent { action=ACTION_MOVE, id[0]=0, x[0]=-5.0, y[0]=4.0, toolType[0]=TOOL_TYPE_UNKNOWN, buttonState=0, metaState=0, flags=0x0, edgeFlags=0x0, pointerCount=1, historySize=9, eventTime=14409509, downTime=-1, deviceId=0, source=0x10004 }
W/ViewRootImpl(  528): Dropping event due to no window focus: KeyEvent { action=ACTION_DOWN, keyCode=KEYCODE_DPAD_CENTER, scanCode=0, metaState=0, flags=0x8, repeatCount=0, eventTime=14409509, downTime=14409509, deviceId=-1, source=0x101 }
W/ViewRootImpl(  528): Dropping event due to no window focus: KeyEvent { action=ACTION_DOWN, keyCode=KEYCODE_DPAD_UP, scanCode=0, metaState=0, flags=0x8, repeatCount=0, eventTime=14409539, downTime=14409539, deviceId=-1, source=0x101 }
W/ContextImpl(  476): Calling a method in the system process without a qualified user: android.app.ContextImpl.sendBroadcast:1123 com.android.server.InputMethodManagerService.hideCurrentInputLocked:1880 com.android.server.InputMethodManagerService.windowGainedFocus:1968 com.android.internal.view.IInputMethodManager$Stub.onTransact:221 com.android.server.InputMethodManagerService.onTransact:818 
W/EGL_emulation(29830): eglSurfaceAttrib not implemented 3093 12436
W/InputMethodManagerService(  476): Starting input on non-focused client com.android.internal.view.IInputMethodClient$Stub$Proxy@4b41ce18 (uid=10094 pid=29830)
W/BackupManagerService(  476): dataChanged but no participant pkg='com.android.providers.settings' uid=10010
W/ViewRootImpl(29830): Dropping event due to no window focus: KeyEvent { action=ACTION_DOWN, keyCode=KEYCODE_DPAD_LEFT, scanCode=0, metaState=0, flags=0x8, repeatCount=0, eventTime=14409621, downTime=14409621, deviceId=-1, source=0x101 }
W/InputEventReceiver(  528): Attempted to finish an input event but the input event receiver has already been disposed.
W/InputEventReceiver(  528): Attempted to finish an input event but the input event receiver has already been disposed.
W/InputEventReceiver(  528): Attempted to finish an input event but the input event receiver has already been disposed.
W/InputEventReceiver(  528): Attempted to finish an input event but the input event receiver has already been disposed.
W/InputEventReceiver(  528): Attempted to finish an input event but the input event receiver has already been disposed.
W/ViewRootImpl(29830): Dropping event due to no window focus: KeyEvent { action=ACTION_DOWN, keyCode=KEYCODE_DPAD_RIGHT, scanCode=0, metaState=0, flags=0x8, repeatCount=0, eventTime=14409622, downTime=14409622, deviceId=-1, source=0x101 }
W/ViewRootImpl(  528): Dropping event due to root view being removed: MotionEvent { action=ACTION_MOVE, id[0]=0, x[0]=220.419, y[0]=-314.17386, toolType[0]=TOOL_TYPE_UNKNOWN, buttonState=0, metaState=0, flags=0x0, edgeFlags=0x0, pointerCount=1, historySize=5, eventTime=14409612, downTime=14409605, deviceId=0, source=0x1002 }
W/ViewRootImpl(  528): Dropping event due to root view being removed: MotionEvent { action=ACTION_UP, id[0]=0, x[0]=230.74345, y[0]=-318.678, toolType[0]=TOOL_TYPE_UNKNOWN, buttonState=0, metaState=0, flags=0x0, edgeFlags=0x0, pointerCount=1, historySize=0, eventTime=14409613, downTime=14409605, deviceId=0, source=0x1002 }
W/ViewRootImpl(  528): Dropping event due to root view being removed: MotionEvent { action=ACTION_MOVE, id[0]=0, x[0]=4.0, y[0]=-3.0, toolType[0]=TOOL_TYPE_UNKNOWN, buttonState=0, metaState=0, flags=0x0, edgeFlags=0x0, pointerCount=1, historySize=9, eventTime=14409604, downTime=-1, deviceId=0, source=0x10004 }
W/ViewRootImpl(  528): Dropping event due to root view being removed: KeyEvent { action=ACTION_UP, keyCode=KEYCODE_NUMPAD_LEFT_PAREN, scanCode=0, metaState=0, flags=0x8, repeatCount=0, eventTime=14409597, downTime=14409597, deviceId=-1, source=0x101 }
W/ContextImpl(  476): Calling a method in the system process without a qualified user: android.app.ContextImpl.sendBroadcast:1123 com.android.server.InputMethodManagerService.hideCurrentInputLocked:1880 com.android.server.InputMethodManagerService.windowGainedFocus:1968 com.android.internal.view.IInputMethodManager$Stub.onTransact:221 com.android.server.InputMethodManagerService.onTransact:818 
I/ActivityManager(  476): START u0 {act=android.intent.action.VIEW dat=market://details?id=com.lyft.android.driver&hl=en flg=0x10000000 cmp=com.android.vending/com.google.android.finsky.activities.LaunchUrlHandlerActivity} from pid 29830
I/System.out(29830): body:<com.lyft.android.development.NoOpDeveloperTools$1: okhttp3.Response intercept(okhttp3.Interceptor$Chain)>	sig:$r2 = interfaceinvoke $r1.<okhttp3.Interceptor$Chain: okhttp3.Request request()>()	timediff:0
W/ViewRootImpl(29830): Dropping event due to no window focus: KeyEvent { action=ACTION_DOWN, keyCode=KEYCODE_GRAVE, scanCode=0, metaState=0, flags=0x8, repeatCount=0, eventTime=14409747, downTime=14409747, deviceId=-1, source=0x101 }
