I/System.out( 1692): body:<com.android.volley.toolbox.j: java.net.HttpURLConnection a(java.net.URL,com.android.volley.k)>	sig:virtualinvoke $r3.<java.net.HttpURLConnection: void setConnectTimeout(int)>($i0)	timediff:0
I/System.out( 1692): body:<com.android.volley.toolbox.j: java.net.HttpURLConnection a(java.net.URL,com.android.volley.k)>	sig:virtualinvoke $r3.<java.net.HttpURLConnection: void setReadTimeout(int)>($i0)	timediff:0
I/System.out( 1692): body:<com.android.volley.toolbox.j: java.net.HttpURLConnection a(java.net.URL,com.android.volley.k)>	sig:virtualinvoke $r3.<java.net.HttpURLConnection: void setUseCaches(boolean)>(0)	timediff:0
I/System.out( 1692): body:<com.android.volley.toolbox.j: java.net.HttpURLConnection a(java.net.URL,com.android.volley.k)>	sig:virtualinvoke $r3.<java.net.HttpURLConnection: void setDoInput(boolean)>(1)	timediff:0
I/System.out( 1692): body:<com.android.volley.toolbox.j: java.net.HttpURLConnection a(java.net.URL,com.android.volley.k)>	sig:$r5 = virtualinvoke $r1.<java.net.URL: java.lang.String getProtocol()>()	timediff:0
I/System.out( 1692): body:<com.android.volley.toolbox.j: void a(java.net.HttpURLConnection,com.android.volley.k)>	sig:virtualinvoke $r0.<java.net.HttpURLConnection: void setRequestMethod(java.lang.String)>("POST")	timediff:0
I/System.out( 1692): body:<com.android.volley.toolbox.j: void b(java.net.HttpURLConnection,com.android.volley.k)>	sig:virtualinvoke $r0.<java.net.HttpURLConnection: void setDoOutput(boolean)>(1)	timediff:0
I/System.out( 1692): body:<com.android.volley.toolbox.j: void b(java.net.HttpURLConnection,com.android.volley.k)>	sig:virtualinvoke $r0.<java.net.HttpURLConnection: void addRequestProperty(java.lang.String,java.lang.String)>("Content-Type", $r3)	timediff:0
D/kg      ( 1692): onActivitySaveInstanceState for activity:app.qrcode.CaptureActivity@4aa1fc58
D/kg      ( 1692): onActivityPaused for activity:app.qrcode.CaptureActivity@4aa1fc58
I/qtaguid ( 1692): Tagging socket 60 with tag 56ac8d7500000000(1454148981) for uid -1 failed errno=-13
I/NetworkManagementSocketTagger( 1692): tagSocketFd(60, 1454148981, -1) failed with errno-13
V/EmulatedCamera_FakeDevice(  175): inWorkerThread: Worker thread has been terminated.
V/EmulatedCamera_FakeDevice(  175): stopDevice
D/Camera  ( 1692): app passed NULL surface
V/EmulatedCamera_FakeDevice(  175): disconnectDevice
I/CameraClient(  175): Destroying camera 0
D/kg      ( 1692): onActivityResumed for activity:app.qrcode.history.HistoryActivity@4a9eaf08
I/qtaguid ( 1692): Tagging socket 79 with tag 56ac8d7500000000(1454148981) for uid -1 failed errno=-13
I/NetworkManagementSocketTagger( 1692): tagSocketFd(79, 1454148981, -1) failed with errno-13
D/kg      ( 1692): onActivityStopped for activity:app.qrcode.PictureActivity@4a9e1844
D/lq      ( 1692): Automatic onEndSession for context:java.lang.ref.WeakReference@4a8c7660
D/kg      ( 1692): onActivityDestroyed for activity:app.qrcode.PictureActivity@4a9e1844
D/lq      ( 1692): Automatic onEndSession (destroyed) for context:java.lang.ref.WeakReference@4a9f99cc
D/lq      ( 1692): Session cannot be ended, session not found for context:app.qrcode.PictureActivity@4a9e1844
I/jk      ( 1692): Saving persistent agent data.
I/System.out( 1692): body:<com.android.volley.toolbox.j: void b(java.net.HttpURLConnection,com.android.volley.k)>	sig:$r5 = virtualinvoke $r0.<java.net.HttpURLConnection: java.io.OutputStream getOutputStream()>()	timediff:11
I/System.out( 1692): body:<com.android.volley.toolbox.j: void b(java.net.HttpURLConnection,com.android.volley.k)>	sig:$r5 = virtualinvoke $r0.<java.net.HttpURLConnection: java.io.OutputStream getOutputStream()>()	timediff:11
I/qtaguid ( 1692): Tagging socket 75 with tag 56ac8d7500000000(1454148981) for uid -1 failed errno=-13
I/NetworkManagementSocketTagger( 1692): tagSocketFd(75, 1454148981, -1) failed with errno-13
I/qtaguid ( 1692): Untagging socket 75 failed errno=-13
W/NetworkManagementSocketTagger( 1692): untagSocket(75) failed with errno -13
I/qtaguid ( 1692): Tagging socket 75 with tag 56ac8d7500000000(1454148981) for uid -1 failed errno=-13
I/NetworkManagementSocketTagger( 1692): tagSocketFd(75, 1454148981, -1) failed with errno-13
I/qtaguid ( 1692): Untagging socket 75 failed errno=-13
W/NetworkManagementSocketTagger( 1692): untagSocket(75) failed with errno -13
I/qtaguid ( 1692): Tagging socket 75 with tag 56ac8d7500000000(1454148981) for uid -1 failed errno=-13
I/NetworkManagementSocketTagger( 1692): tagSocketFd(75, 1454148981, -1) failed with errno-13
I/qtaguid ( 1692): Untagging socket 75 failed errno=-13
W/NetworkManagementSocketTagger( 1692): untagSocket(75) failed with errno -13
I/qtaguid ( 1692): Tagging socket 75 with tag 56ac8d7500000000(1454148981) for uid -1 failed errno=-13
I/NetworkManagementSocketTagger( 1692): tagSocketFd(75, 1454148981, -1) failed with errno-13
I/qtaguid ( 1692): Untagging socket 75 failed errno=-13
W/NetworkManagementSocketTagger( 1692): untagSocket(75) failed with errno -13
D/dalvikvm( 1692): GC_CONCURRENT freed 2205K, 39% free 5820K/9516K, paused 2ms+1ms, total 8ms
I/qtaguid ( 1692): Tagging socket 75 with tag 56ac8d7500000000(1454148981) for uid -1 failed errno=-13
I/NetworkManagementSocketTagger( 1692): tagSocketFd(75, 1454148981, -1) failed with errno-13
I/qtaguid ( 1692): Untagging socket 75 failed errno=-13
W/NetworkManagementSocketTagger( 1692): untagSocket(75) failed with errno -13
I/qtaguid ( 1692): Tagging socket 75 with tag 56ac8d7500000000(1454148981) for uid -1 failed errno=-13
I/NetworkManagementSocketTagger( 1692): tagSocketFd(75, 1454148981, -1) failed with errno-13
I/qtaguid ( 1692): Untagging socket 75 failed errno=-13
W/NetworkManagementSocketTagger( 1692): untagSocket(75) failed with errno -13
I/System.out( 1692): body:<com.android.volley.toolbox.j: void b(java.net.HttpURLConnection,com.android.volley.k)>	sig:$r5 = virtualinvoke $r0.<java.net.HttpURLConnection: java.io.OutputStream getOutputStream()>()	timediff:26
I/System.out( 1692): body:<com.onesignal.ap: void b(java.lang.String,java.lang.String,org.json.JSONObject,com.onesignal.aq)>	sig:specialinvoke $r8.<java.net.URL: void <init>(java.lang.String)>($r7)	timediff:0
I/System.out( 1692): <com.onesignal.ap: void b(java.lang.String,java.lang.String,org.json.JSONObject,com.onesignal.aq)>###specialinvoke $r8.<java.net.URL: void <init>(java.lang.String)>($r7)###https://onesignal.com/api/v1/players
I/System.out( 1692): body:<com.onesignal.ap: void b(java.lang.String,java.lang.String,org.json.JSONObject,com.onesignal.aq)>	sig:$r9 = virtualinvoke $r8.<java.net.URL: java.net.URLConnection openConnection()>()	timediff:0
I/System.out( 1692): body:<com.onesignal.ap: void b(java.lang.String,java.lang.String,org.json.JSONObject,com.onesignal.aq)>	sig:virtualinvoke $r10.<java.net.HttpURLConnection: void setUseCaches(boolean)>(0)	timediff:0
I/System.out( 1692): body:<com.onesignal.ap: void b(java.lang.String,java.lang.String,org.json.JSONObject,com.onesignal.aq)>	sig:virtualinvoke $r10.<java.net.HttpURLConnection: void setConnectTimeout(int)>(120000)	timediff:0
I/System.out( 1692): body:<com.onesignal.ap: void b(java.lang.String,java.lang.String,org.json.JSONObject,com.onesignal.aq)>	sig:virtualinvoke $r10.<java.net.HttpURLConnection: void setReadTimeout(int)>(120000)	timediff:0
I/System.out( 1692): body:<com.onesignal.ap: void b(java.lang.String,java.lang.String,org.json.JSONObject,com.onesignal.aq)>	sig:virtualinvoke $r10.<java.net.HttpURLConnection: void setDoInput(boolean)>(1)	timediff:0
I/System.out( 1692): body:<com.onesignal.ap: void b(java.lang.String,java.lang.String,org.json.JSONObject,com.onesignal.aq)>	sig:virtualinvoke $r10.<java.net.HttpURLConnection: void setRequestProperty(java.lang.String,java.lang.String)>("Content-Type", "application/json; charset=UTF-8")	timediff:0
I/System.out( 1692): body:<com.onesignal.ap: void b(java.lang.String,java.lang.String,org.json.JSONObject,com.onesignal.aq)>	sig:virtualinvoke $r10.<java.net.HttpURLConnection: void setRequestMethod(java.lang.String)>($r1)	timediff:0
I/System.out( 1692): body:<com.onesignal.ap: void b(java.lang.String,java.lang.String,org.json.JSONObject,com.onesignal.aq)>	sig:virtualinvoke $r10.<java.net.HttpURLConnection: void setDoOutput(boolean)>(1)	timediff:0
I/System.out( 1692): body:<com.onesignal.ap: void b(java.lang.String,java.lang.String,org.json.JSONObject,com.onesignal.aq)>	sig:virtualinvoke $r10.<java.net.HttpURLConnection: void setFixedLengthStreamingMode(int)>($i1)	timediff:0
I/System.out( 1692): body:<com.onesignal.ap: void b(java.lang.String,java.lang.String,org.json.JSONObject,com.onesignal.aq)>	sig:$r12 = virtualinvoke $r10.<java.net.HttpURLConnection: java.io.OutputStream getOutputStream()>()	timediff:8
W/ViewRootImpl( 1692): Dropping event due to no window focus: KeyEvent { action=ACTION_DOWN, keyCode=KEYCODE_DPAD_UP, scanCode=0, metaState=0, flags=0x8, repeatCount=0, eventTime=61958, downTime=61958, deviceId=-1, source=0x101 }
W/ViewRootImpl( 1692): Dropping event due to no window focus: KeyEvent { action=ACTION_DOWN, keyCode=KEYCODE_DPAD_LEFT, scanCode=0, metaState=0, flags=0x8, repeatCount=0, eventTime=61961, downTime=61961, deviceId=-1, source=0x101 }
W/ViewRootImpl( 1692): Dropping event due to no window focus: KeyEvent { action=ACTION_DOWN, keyCode=KEYCODE_DPAD_CENTER, scanCode=0, metaState=0, flags=0x8, repeatCount=0, eventTime=61962, downTime=61962, deviceId=-1, source=0x101 }
I/ActivityManager(  314): START u0 {act=android.intent.action.MAIN cat=[android.intent.category.LAUNCHER] flg=0x10200000 cmp=app.qrcode/.MainActivity} from pid 1681
W/EGL_emulation( 1692): eglSurfaceAttrib not implemented 3093 12436
W/ViewRootImpl( 1692): Dropping event due to no window focus: KeyEvent { action=ACTION_DOWN, keyCode=KEYCODE_DPAD_LEFT, scanCode=0, metaState=0, flags=0x8, repeatCount=0, eventTime=61966, downTime=61966, deviceId=-1, source=0x101 }
W/ViewRootImpl( 1692): Dropping event due to no window focus: KeyEvent { action=ACTION_DOWN, keyCode=KEYCODE_DPAD_RIGHT, scanCode=0, metaState=0, flags=0x8, repeatCount=0, eventTime=61996, downTime=61996, deviceId=-1, source=0x101 }
W/EGL_emulation( 1692): eglSurfaceAttrib not implemented 3093 12436
W/InputEventReceiver( 1692): Attempted to finish an input event but the input event receiver has already been disposed.
W/InputEventReceiver( 1692): Attempted to finish an input event but the input event receiver has already been disposed.
W/InputEventReceiver( 1692): Attempted to finish an input event but the input event receiver has already been disposed.
W/InputEventReceiver( 1692): Attempted to finish an input event but the input event receiver has already been disposed.
W/InputEventReceiver( 1692): Attempted to finish an input event but the input event receiver has already been disposed.
W/InputEventReceiver( 1692): Attempted to finish an input event but the input event receiver has already been disposed.
W/InputEventReceiver( 1692): Attempted to finish an input event but the input event receiver has already been disposed.
W/InputEventReceiver( 1692): Attempted to finish an input event but the input event receiver has already been disposed.
W/InputEventReceiver( 1692): Attempted to finish an input event but the input event receiver has already been disposed.
W/ViewRootImpl( 1692): Dropping event due to root view being removed: MotionEvent { action=ACTION_MOVE, id[0]=0, x[0]=651.456, y[0]=353.45135, toolType[0]=TOOL_TYPE_UNKNOWN, buttonState=0, metaState=0, flags=0x0, edgeFlags=0x0, pointerCount=1, historySize=8, eventTime=62077, downTime=62076, deviceId=0, source=0x1002 }
W/ViewRootImpl( 1692): Dropping event due to root view being removed: MotionEvent { action=ACTION_UP, id[0]=0, x[0]=651.7273, y[0]=354.02417, toolType[0]=TOOL_TYPE_UNKNOWN, buttonState=0, metaState=0, flags=0x0, edgeFlags=0x0, pointerCount=1, historySize=0, eventTime=62077, downTime=62076, deviceId=0, source=0x1002 }
W/ViewRootImpl( 1692): Dropping event due to root view being removed: MotionEvent { action=ACTION_DOWN, id[0]=0, x[0]=208.0, y[0]=23.0, toolType[0]=TOOL_TYPE_UNKNOWN, buttonState=0, metaState=0, flags=0x0, edgeFlags=0x0, pointerCount=1, historySize=0, eventTime=62078, downTime=62078, deviceId=0, source=0x1002 }
W/ViewRootImpl( 1692): Dropping event due to root view being removed: MotionEvent { action=ACTION_MOVE, id[0]=0, x[0]=165.26675, y[0]=13.034119, toolType[0]=TOOL_TYPE_UNKNOWN, buttonState=0, metaState=0, flags=0x0, edgeFlags=0x0, pointerCount=1, historySize=5, eventTime=62079, downTime=62078, deviceId=0, source=0x1002 }
W/ViewRootImpl( 1692): Dropping event due to root view being removed: MotionEvent { action=ACTION_UP, id[0]=0, x[0]=156.10916, y[0]=10.875916, toolType[0]=TOOL_TYPE_UNKNOWN, buttonState=0, metaState=0, flags=0x0, edgeFlags=0x0, pointerCount=1, historySize=0, eventTime=62079, downTime=62078, deviceId=0, source=0x1002 }
W/ViewRootImpl( 1692): Dropping event due to root view being removed: MotionEvent { action=ACTION_DOWN, id[0]=0, x[0]=691.0, y[0]=414.0, toolType[0]=TOOL_TYPE_UNKNOWN, buttonState=0, metaState=0, flags=0x0, edgeFlags=0x0, pointerCount=1, historySize=0, eventTime=62079, downTime=62079, deviceId=0, source=0x1002 }
W/ViewRootImpl( 1692): Dropping event due to root view being removed: MotionEvent { action=ACTION_MOVE, id[0]=0, x[0]=682.4238, y[0]=417.68207, toolType[0]=TOOL_TYPE_UNKNOWN, buttonState=0, metaState=0, flags=0x0, edgeFlags=0x0, pointerCount=1, historySize=1, eventTime=62080, downTime=62079, deviceId=0, source=0x1002 }
W/ViewRootImpl( 1692): Dropping event due to root view being removed: MotionEvent { action=ACTION_UP, id[0]=0, x[0]=670.6082, y[0]=421.47565, toolType[0]=TOOL_TYPE_UNKNOWN, buttonState=0, metaState=0, flags=0x0, edgeFlags=0x0, pointerCount=1, historySize=0, eventTime=62080, downTime=62079, deviceId=0, source=0x1002 }
W/InputMethodManagerService(  314): Window already focused, ignoring focus gain of: com.android.internal.view.IInputMethodClient$Stub$Proxy@4aaf0a44 attribute=null, token = android.os.BinderProxy@4a9cc238
I/System.out( 1692): body:<com.onesignal.ap: void b(java.lang.String,java.lang.String,org.json.JSONObject,com.onesignal.aq)>	sig:$i1 = virtualinvoke $r10.<java.net.HttpURLConnection: int getResponseCode()>()	timediff:162
I/System.out( 1692): body:<com.onesignal.ap: void b(java.lang.String,java.lang.String,org.json.JSONObject,com.onesignal.aq)>	sig:$r13 = virtualinvoke $r10.<java.net.HttpURLConnection: java.io.InputStream getInputStream()>()	timediff:0
I/System.out( 1692): body:<empirical.HelperClass: void printURLInfo(java.lang.String,java.lang.String,java.net.URLConnection)>	sig:$r0 = virtualinvoke urlConnection.<java.net.URLConnection: java.net.URL getURL()>()	timediff:0
I/System.out( 1692): body:<empirical.HelperClass: void printURLInfo(java.lang.String,java.lang.String,java.net.URLConnection)>	sig:urlString = virtualinvoke $r0.<java.net.URL: java.lang.String toString()>()	timediff:0
I/System.out( 1692): body:<empirical.HelperClass: void printURLInfo(java.lang.String,java.lang.String,java.net.URLConnection)>	sig:isDoOutput = virtualinvoke urlConnection.<java.net.URLConnection: boolean getDoOutput()>()	timediff:0
I/System.out( 1692): body:<empirical.HelperClass: java.lang.String getHeaderField(java.net.URLConnection,java.lang.String)>	sig:data = virtualinvoke conn.<java.net.URLConnection: java.lang.String getHeaderField(java.lang.String)>(field)	timediff:0
I/System.out( 1692): body:<empirical.HelperClass: java.lang.String getHeaderField(java.net.URLConnection,java.lang.String)>	sig:data = virtualinvoke conn.<java.net.URLConnection: java.lang.String getHeaderField(java.lang.String)>(field)	timediff:0
I/System.out( 1692): body:<empirical.HelperClass: java.lang.String getHeaderField(java.net.URLConnection,java.lang.String)>	sig:data = virtualinvoke conn.<java.net.URLConnection: java.lang.String getHeaderField(java.lang.String)>(field)	timediff:0
I/System.out( 1692): body:<empirical.HelperClass: java.lang.String getHeaderField(java.net.URLConnection,java.lang.String)>	sig:data = virtualinvoke conn.<java.net.URLConnection: java.lang.String getHeaderField(java.lang.String)>(field)	timediff:0
I/System.out( 1692): body:<empirical.HelperClass: java.lang.String getHeaderField(java.net.URLConnection,java.lang.String)>	sig:data = virtualinvoke conn.<java.net.URLConnection: java.lang.String getHeaderField(java.lang.String)>(field)	timediff:0
I/System.out( 1692): URLConn;%;14;%;<com.onesignal.ap: void b(java.lang.String,java.lang.String,org.json.JSONObject,com.onesignal.aq)>;%;$r13 = virtualinvoke $r10.<java.net.HttpURLConnection: java.io.InputStream getInputStream()>();%;https://onesignal.com/api/v1/players;%;true;%;Not found;%;max-age=0, private, must-revalidate;%;Not found;%;Not found;%;__cfduid=db55a182efb45d117ad59e4b1d7da1b4f1523665683; expires=Sun, 14-Apr-19 00:28:03 GMT; path=/; domain=.onesignal.com; HttpOnly
I/System.out( 1692): body:<com.onesignal.ap: void b(java.lang.String,java.lang.String,org.json.JSONObject,com.onesignal.aq)>	sig:virtualinvoke $r10.<java.net.HttpURLConnection: void disconnect()>()	timediff:0
W/ViewRootImpl( 1692): Dropping event due to no window focus: MotionEvent { action=ACTION_MOVE, id[0]=0, x[0]=-4.0, y[0]=-3.0, toolType[0]=TOOL_TYPE_UNKNOWN, buttonState=0, metaState=0, flags=0x0, edgeFlags=0x0, pointerCount=1, historySize=4, eventTime=62149, downTime=-1, deviceId=0, source=0x10004 }
W/ViewRootImpl( 1692): Dropping event due to no window focus: MotionEvent { action=ACTION_DOWN, id[0]=0, x[0]=0.0, y[0]=0.0, toolType[0]=TOOL_TYPE_UNKNOWN, buttonState=0, metaState=0, flags=0x0, edgeFlags=0x0, pointerCount=1, historySize=0, eventTime=62150, downTime=62147, deviceId=0, source=0x10004 }
W/ViewRootImpl( 1692): Dropping event due to no window focus: KeyEvent { action=ACTION_DOWN, keyCode=KEYCODE_DPAD_DOWN, scanCode=0, metaState=0, flags=0x8, repeatCount=0, eventTime=62151, downTime=62151, deviceId=-1, source=0x101 }
W/EGL_emulation( 1692): eglSurfaceAttrib not implemented 3093 12436
W/ViewRootImpl( 1692): Dropping event due to no window focus: MotionEvent { action=ACTION_MOVE, id[0]=0, x[0]=0.0, y[0]=-2.0, toolType[0]=TOOL_TYPE_UNKNOWN, buttonState=0, metaState=0, flags=0x0, edgeFlags=0x0, pointerCount=1, historySize=9, eventTime=62155, downTime=-1, deviceId=0, source=0x10004 }
W/ViewRootImpl( 1692): Dropping event due to no window focus: MotionEvent { action=ACTION_DOWN, id[0]=0, x[0]=0.0, y[0]=0.0, toolType[0]=TOOL_TYPE_UNKNOWN, buttonState=0, metaState=0, flags=0x0, edgeFlags=0x0, pointerCount=1, historySize=0, eventTime=62155, downTime=62152, deviceId=0, source=0x10004 }
W/ViewRootImpl( 1692): Dropping event due to no window focus: KeyEvent { action=ACTION_DOWN, keyCode=KEYCODE_MENU, scanCode=0, metaState=0, flags=0x8, repeatCount=0, eventTime=62155, downTime=62155, deviceId=-1, source=0x101 }
W/ViewRootImpl( 1692): Dropping event due to no window focus: KeyEvent { action=ACTION_DOWN, keyCode=KEYCODE_CLEAR, scanCode=0, metaState=0, flags=0x8, repeatCount=0, eventTime=62178, downTime=62178, deviceId=-1, source=0x101 }
I/System.out( 1692): body:<com.android.volley.toolbox.j: org.apache.http.HttpResponse a(com.android.volley.k,java.util.Map)>	sig:$i0 = virtualinvoke $r12.<java.net.HttpURLConnection: int getResponseCode()>()	timediff:261
I/System.out( 1692): body:<com.android.volley.toolbox.j: org.apache.http.HttpResponse a(com.android.volley.k,java.util.Map)>	sig:$i0 = virtualinvoke $r12.<java.net.HttpURLConnection: int getResponseCode()>()	timediff:0
I/System.out( 1692): body:<com.android.volley.toolbox.j: org.apache.http.HttpResponse a(com.android.volley.k,java.util.Map)>	sig:$r8 = virtualinvoke $r12.<java.net.HttpURLConnection: java.lang.String getResponseMessage()>()	timediff:0
I/System.out( 1692): body:<com.android.volley.toolbox.j: org.apache.http.HttpEntity a(java.net.HttpURLConnection)>	sig:$r1 = virtualinvoke $r0.<java.net.HttpURLConnection: java.io.InputStream getInputStream()>()	timediff:0
I/System.out( 1692): body:<empirical.HelperClass: void printURLInfo(java.lang.String,java.lang.String,java.net.URLConnection)>	sig:$r0 = virtualinvoke urlConnection.<java.net.URLConnection: java.net.URL getURL()>()	timediff:0
I/System.out( 1692): body:<empirical.HelperClass: void printURLInfo(java.lang.String,java.lang.String,java.net.URLConnection)>	sig:urlString = virtualinvoke $r0.<java.net.URL: java.lang.String toString()>()	timediff:0
I/System.out( 1692): body:<empirical.HelperClass: void printURLInfo(java.lang.String,java.lang.String,java.net.URLConnection)>	sig:isDoOutput = virtualinvoke urlConnection.<java.net.URLConnection: boolean getDoOutput()>()	timediff:0
I/System.out( 1692): body:<empirical.HelperClass: java.lang.String getHeaderField(java.net.URLConnection,java.lang.String)>	sig:data = virtualinvoke conn.<java.net.URLConnection: java.lang.String getHeaderField(java.lang.String)>(field)	timediff:0
I/System.out( 1692): body:<empirical.HelperClass: java.lang.String getHeaderField(java.net.URLConnection,java.lang.String)>	sig:data = virtualinvoke conn.<java.net.URLConnection: java.lang.String getHeaderField(java.lang.String)>(field)	timediff:0
I/System.out( 1692): body:<empirical.HelperClass: java.lang.String getHeaderField(java.net.URLConnection,java.lang.String)>	sig:data = virtualinvoke conn.<java.net.URLConnection: java.lang.String getHeaderField(java.lang.String)>(field)	timediff:0
I/System.out( 1692): body:<empirical.HelperClass: java.lang.String getHeaderField(java.net.URLConnection,java.lang.String)>	sig:data = virtualinvoke conn.<java.net.URLConnection: java.lang.String getHeaderField(java.lang.String)>(field)	timediff:0
I/System.out( 1692): body:<empirical.HelperClass: java.lang.String getHeaderField(java.net.URLConnection,java.lang.String)>	sig:data = virtualinvoke conn.<java.net.URLConnection: java.lang.String getHeaderField(java.lang.String)>(field)	timediff:0
I/System.out( 1692): URLConn;%;15;%;<com.android.volley.toolbox.j: org.apache.http.HttpEntity a(java.net.HttpURLConnection)>;%;$r1 = virtualinvoke $r0.<java.net.HttpURLConnection: java.io.InputStream getInputStream()>();%;https://iu6xoulkc1.execute-api.us-east-1.amazonaws.com/prod/client/getiaa;%;true;%;498;%;Not found;%;Not found;%;Not found;%;Not found
I/System.out( 1692): body:<com.android.volley.toolbox.j: org.apache.http.HttpEntity a(java.net.HttpURLConnection)>	sig:$i1 = virtualinvoke $r0.<java.net.HttpURLConnection: int getContentLength()>()	timediff:0
I/System.out( 1692): body:<com.android.volley.toolbox.j: org.apache.http.HttpEntity a(java.net.HttpURLConnection)>	sig:$r3 = virtualinvoke $r0.<java.net.HttpURLConnection: java.lang.String getContentEncoding()>()	timediff:0
I/System.out( 1692): body:<com.android.volley.toolbox.j: org.apache.http.HttpEntity a(java.net.HttpURLConnection)>	sig:$r3 = virtualinvoke $r0.<java.net.HttpURLConnection: java.lang.String getContentType()>()	timediff:0
I/System.out( 1692): body:<com.android.volley.toolbox.j: org.apache.http.HttpResponse a(com.android.volley.k,java.util.Map)>	sig:$r5 = virtualinvoke $r12.<java.net.HttpURLConnection: java.util.Map getHeaderFields()>()	timediff:0
I/qtaguid ( 1692): Untagging socket 66 failed errno=-13
W/NetworkManagementSocketTagger( 1692): untagSocket(66) failed with errno -13
I/System.out( 1692): body:<com.android.volley.toolbox.j: org.apache.http.HttpResponse a(com.android.volley.k,java.util.Map)>	sig:$i0 = virtualinvoke $r12.<java.net.HttpURLConnection: int getResponseCode()>()	timediff:264
I/System.out( 1692): body:<com.android.volley.toolbox.j: org.apache.http.HttpResponse a(com.android.volley.k,java.util.Map)>	sig:$i0 = virtualinvoke $r12.<java.net.HttpURLConnection: int getResponseCode()>()	timediff:0
I/System.out( 1692): body:<com.android.volley.toolbox.j: org.apache.http.HttpResponse a(com.android.volley.k,java.util.Map)>	sig:$r8 = virtualinvoke $r12.<java.net.HttpURLConnection: java.lang.String getResponseMessage()>()	timediff:0
I/System.out( 1692): body:<com.android.volley.toolbox.j: org.apache.http.HttpEntity a(java.net.HttpURLConnection)>	sig:$r1 = virtualinvoke $r0.<java.net.HttpURLConnection: java.io.InputStream getInputStream()>()	timediff:0
I/System.out( 1692): body:<empirical.HelperClass: void printURLInfo(java.lang.String,java.lang.String,java.net.URLConnection)>	sig:$r0 = virtualinvoke urlConnection.<java.net.URLConnection: java.net.URL getURL()>()	timediff:0
I/System.out( 1692): body:<empirical.HelperClass: void printURLInfo(java.lang.String,java.lang.String,java.net.URLConnection)>	sig:urlString = virtualinvoke $r0.<java.net.URL: java.lang.String toString()>()	timediff:0
I/System.out( 1692): body:<empirical.HelperClass: void printURLInfo(java.lang.String,java.lang.String,java.net.URLConnection)>	sig:isDoOutput = virtualinvoke urlConnection.<java.net.URLConnection: boolean getDoOutput()>()	timediff:0
I/System.out( 1692): body:<empirical.HelperClass: java.lang.String getHeaderField(java.net.URLConnection,java.lang.String)>	sig:data = virtualinvoke conn.<java.net.URLConnection: java.lang.String getHeaderField(java.lang.String)>(field)	timediff:0
I/System.out( 1692): body:<empirical.HelperClass: java.lang.String getHeaderField(java.net.URLConnection,java.lang.String)>	sig:data = virtualinvoke conn.<java.net.URLConnection: java.lang.String getHeaderField(java.lang.String)>(field)	timediff:0
I/System.out( 1692): body:<empirical.HelperClass: java.lang.String getHeaderField(java.net.URLConnection,java.lang.String)>	sig:data = virtualinvoke conn.<java.net.URLConnection: java.lang.String getHeaderField(java.lang.String)>(field)	timediff:0
I/System.out( 1692): body:<empirical.HelperClass: java.lang.String getHeaderField(java.net.URLConnection,java.lang.String)>	sig:data = virtualinvoke conn.<java.net.URLConnection: java.lang.String getHeaderField(java.lang.String)>(field)	timediff:0
I/System.out( 1692): body:<empirical.HelperClass: java.lang.String getHeaderField(java.net.URLConnection,java.lang.String)>	sig:data = virtualinvoke conn.<java.net.URLConnection: java.lang.String getHeaderField(java.lang.String)>(field)	timediff:0
I/System.out( 1692): URLConn;%;16;%;<com.android.volley.toolbox.j: org.apache.http.HttpEntity a(java.net.HttpURLConnection)>;%;$r1 = virtualinvoke $r0.<java.net.HttpURLConnection: java.io.InputStream getInputStream()>();%;https://iu6xoulkc1.execute-api.us-east-1.amazonaws.com/prod/client/getiaa;%;true;%;498;%;Not found;%;Not found;%;Not found;%;Not found
I/System.out( 1692): body:<com.android.volley.toolbox.j: org.apache.http.HttpEntity a(java.net.HttpURLConnection)>	sig:$i1 = virtualinvoke $r0.<java.net.HttpURLConnection: int getContentLength()>()	timediff:0
I/System.out( 1692): body:<com.android.volley.toolbox.j: org.apache.http.HttpEntity a(java.net.HttpURLConnection)>	sig:$r3 = virtualinvoke $r0.<java.net.HttpURLConnection: java.lang.String getContentEncoding()>()	timediff:0
I/System.out( 1692): body:<com.android.volley.toolbox.j: org.apache.http.HttpEntity a(java.net.HttpURLConnection)>	sig:$r3 = virtualinvoke $r0.<java.net.HttpURLConnection: java.lang.String getContentType()>()	timediff:0
I/System.out( 1692): body:<com.android.volley.toolbox.j: org.apache.http.HttpResponse a(com.android.volley.k,java.util.Map)>	sig:$r5 = virtualinvoke $r12.<java.net.HttpURLConnection: java.util.Map getHeaderFields()>()	timediff:0
I/qtaguid ( 1692): Untagging socket 60 failed errno=-13
W/NetworkManagementSocketTagger( 1692): untagSocket(60) failed with errno -13
V/processIaaInfo( 1692): response = {"settingIaa":{"appFrom":"qrcode","appTo":"mixerboxu","imageUrl":"https:\/\/i.imgur.com\/XPqbq0H.png","cancelBtnTextColor":"#fafafa","acceptBtnBgColor":"#fed233","acceptBtnText":"TRY IT NOW","marketUrl":"market:\/\/details?id=mb32u.music.player.free.download&referrer=utm_campaign%3Dpromote_32U%26utm_medium%3DACPS%26utm_source%3Dinmobi","type":"promotion","id":634,"title":"Enjoy Music for Free!","acceptBtnTextColor":"#000000","showOneTime":false,"cancelBtnBgColor":"#959595","iaaName":"promote_32U"}}
V/processIaaInfo( 1692): response = {"settingIaa":{"appFrom":"qrcode","appTo":"mixerboxu","imageUrl":"https:\/\/i.imgur.com\/XPqbq0H.png","cancelBtnTextColor":"#fafafa","acceptBtnBgColor":"#fed233","acceptBtnText":"TRY IT NOW","marketUrl":"market:\/\/details?id=mb32u.music.player.free.download&referrer=utm_campaign%3Dpromote_32U%26utm_medium%3DACPS%26utm_source%3Dinmobi","type":"promotion","id":634,"title":"Enjoy Music for Free!","acceptBtnTextColor":"#000000","showOneTime":false,"cancelBtnBgColor":"#959595","iaaName":"promote_32U"}}
I/System.out( 1692): body:<com.android.volley.toolbox.j: org.apache.http.HttpResponse a(com.android.volley.k,java.util.Map)>	sig:$i0 = virtualinvoke $r12.<java.net.HttpURLConnection: int getResponseCode()>()	timediff:278
I/System.out( 1692): body:<com.android.volley.toolbox.j: org.apache.http.HttpResponse a(com.android.volley.k,java.util.Map)>	sig:$i0 = virtualinvoke $r12.<java.net.HttpURLConnection: int getResponseCode()>()	timediff:0
I/System.out( 1692): body:<com.android.volley.toolbox.j: org.apache.http.HttpResponse a(com.android.volley.k,java.util.Map)>	sig:$r8 = virtualinvoke $r12.<java.net.HttpURLConnection: java.lang.String getResponseMessage()>()	timediff:0
I/System.out( 1692): body:<com.android.volley.toolbox.j: org.apache.http.HttpEntity a(java.net.HttpURLConnection)>	sig:$r1 = virtualinvoke $r0.<java.net.HttpURLConnection: java.io.InputStream getInputStream()>()	timediff:0
I/System.out( 1692): body:<empirical.HelperClass: void printURLInfo(java.lang.String,java.lang.String,java.net.URLConnection)>	sig:$r0 = virtualinvoke urlConnection.<java.net.URLConnection: java.net.URL getURL()>()	timediff:0
I/System.out( 1692): body:<empirical.HelperClass: void printURLInfo(java.lang.String,java.lang.String,java.net.URLConnection)>	sig:urlString = virtualinvoke $r0.<java.net.URL: java.lang.String toString()>()	timediff:0
I/System.out( 1692): body:<empirical.HelperClass: void printURLInfo(java.lang.String,java.lang.String,java.net.URLConnection)>	sig:isDoOutput = virtualinvoke urlConnection.<java.net.URLConnection: boolean getDoOutput()>()	timediff:0
I/System.out( 1692): body:<empirical.HelperClass: java.lang.String getHeaderField(java.net.URLConnection,java.lang.String)>	sig:data = virtualinvoke conn.<java.net.URLConnection: java.lang.String getHeaderField(java.lang.String)>(field)	timediff:0
I/System.out( 1692): body:<empirical.HelperClass: java.lang.String getHeaderField(java.net.URLConnection,java.lang.String)>	sig:data = virtualinvoke conn.<java.net.URLConnection: java.lang.String getHeaderField(java.lang.String)>(field)	timediff:0
I/System.out( 1692): body:<empirical.HelperClass: java.lang.String getHeaderField(java.net.URLConnection,java.lang.String)>	sig:data = virtualinvoke conn.<java.net.URLConnection: java.lang.String getHeaderField(java.lang.String)>(field)	timediff:0
I/System.out( 1692): body:<empirical.HelperClass: java.lang.String getHeaderField(java.net.URLConnection,java.lang.String)>	sig:data = virtualinvoke conn.<java.net.URLConnection: java.lang.String getHeaderField(java.lang.String)>(field)	timediff:0
I/System.out( 1692): body:<empirical.HelperClass: java.lang.String getHeaderField(java.net.URLConnection,java.lang.String)>	sig:data = virtualinvoke conn.<java.net.URLConnection: java.lang.String getHeaderField(java.lang.String)>(field)	timediff:0
I/System.out( 1692): URLConn;%;17;%;<com.android.volley.toolbox.j: org.apache.http.HttpEntity a(java.net.HttpURLConnection)>;%;$r1 = virtualinvoke $r0.<java.net.HttpURLConnection: java.io.InputStream getInputStream()>();%;https://iu6xoulkc1.execute-api.us-east-1.amazonaws.com/prod/client/getiaa;%;true;%;498;%;Not found;%;Not found;%;Not found;%;Not found
I/System.out( 1692): body:<com.android.volley.toolbox.j: org.apache.http.HttpEntity a(java.net.HttpURLConnection)>	sig:$i1 = virtualinvoke $r0.<java.net.HttpURLConnection: int getContentLength()>()	timediff:0
I/System.out( 1692): body:<com.android.volley.toolbox.j: org.apache.http.HttpEntity a(java.net.HttpURLConnection)>	sig:$r3 = virtualinvoke $r0.<java.net.HttpURLConnection: java.lang.String getContentEncoding()>()	timediff:0
I/System.out( 1692): body:<com.android.volley.toolbox.j: org.apache.http.HttpEntity a(java.net.HttpURLConnection)>	sig:$r3 = virtualinvoke $r0.<java.net.HttpURLConnection: java.lang.String getContentType()>()	timediff:0
I/System.out( 1692): body:<com.android.volley.toolbox.j: org.apache.http.HttpResponse a(com.android.volley.k,java.util.Map)>	sig:$r5 = virtualinvoke $r12.<java.net.HttpURLConnection: java.util.Map getHeaderFields()>()	timediff:0
I/qtaguid ( 1692): Tagging socket 71 with tag 56ac8d7500000000(1454148981) for uid -1 failed errno=-13
I/NetworkManagementSocketTagger( 1692): tagSocketFd(71, 1454148981, -1) failed with errno-13
I/qtaguid ( 1692): Untagging socket 79 failed errno=-13
W/NetworkManagementSocketTagger( 1692): untagSocket(79) failed with errno -13
V/processIaaInfo( 1692): response = {"settingIaa":{"appFrom":"qrcode","appTo":"mixerboxu","imageUrl":"https:\/\/i.imgur.com\/XPqbq0H.png","cancelBtnTextColor":"#fafafa","acceptBtnBgColor":"#fed233","acceptBtnText":"TRY IT NOW","marketUrl":"market:\/\/details?id=mb32u.music.player.free.download&referrer=utm_campaign%3Dpromote_32U%26utm_medium%3DACPS%26utm_source%3Dinmobi","type":"promotion","id":634,"title":"Enjoy Music for Free!","acceptBtnTextColor":"#000000","showOneTime":false,"cancelBtnBgColor":"#959595","iaaName":"promote_32U"}}
I/ActivityManager(  314): START u0 {cmp=app.qrcode/.PictureActivity} from pid 1692
D/kg      ( 1692): onActivityPaused for activity:app.qrcode.MainActivity@4aa0f78c
D/kg      ( 1692): onActivitySaveInstanceState for activity:app.qrcode.history.HistoryActivity@4a9eaf08
D/kg      ( 1692): onActivityPaused for activity:app.qrcode.history.HistoryActivity@4a9eaf08
D/kg      ( 1692): onActivityCreated for activity:app.qrcode.PictureActivity@4a8c5a78
W/DynamiteModule( 1692): Local module descriptor class for com.google.android.gms.vision.dynamite not found.
I/DynamiteModule( 1692): Considering local module com.google.android.gms.vision.dynamite:0 and remote module com.google.android.gms.vision.dynamite:1402
I/DynamiteModule( 1692): Selected remote version of com.google.android.gms.vision.dynamite, version >= 1402
I/Vision  ( 1692): Loading library libbarhopper.so
I/Vision  ( 1692): libbarhopper.so library load status: false
W/BarcodeNativeHandle( 1692): Native handle not yet available. Reverting to no-op handle.
W/DynamiteModule( 1692): Local module descriptor class for com.google.android.gms.vision.dynamite not found.
I/DynamiteModule( 1692): Considering local module com.google.android.gms.vision.dynamite:0 and remote module com.google.android.gms.vision.dynamite:1402
I/DynamiteModule( 1692): Selected remote version of com.google.android.gms.vision.dynamite, version >= 1402
I/Vision  ( 1692): Loading library libbarhopper.so
I/Vision  ( 1692): libbarhopper.so library load status: false
W/PictureActivity( 1692): Detector dependencies are not yet available.
D/kg      ( 1692): onActivityStarted for activity:app.qrcode.PictureActivity@4a8c5a78
D/lq      ( 1692): Automatic onStartSession for context:java.lang.ref.WeakReference@4a9e2b28
D/kg      ( 1692): onActivityResumed for activity:app.qrcode.PictureActivity@4a8c5a78
I/ActivityManager(  314): START u0 {act=android.intent.action.GET_CONTENT typ=image/* cmp=com.android.documentsui/.DocumentsActivity} from pid 1692
D/kg      ( 1692): onActivityPaused for activity:app.qrcode.PictureActivity@4a8c5a78
D/kg      ( 1692): onActivityResumed for activity:app.qrcode.PictureActivity@4a8c5a78
I/System.out( 1692): body:<io.fabric.sdk.android.services.network.HttpRequest: java.lang.String a(java.lang.CharSequence)>	sig:specialinvoke $r2.<java.net.URL: void <init>(java.lang.String)>($r1)	timediff:0
I/System.out( 1692): <io.fabric.sdk.android.services.network.HttpRequest: java.lang.String a(java.lang.CharSequence)>###specialinvoke $r2.<java.net.URL: void <init>(java.lang.String)>($r1)###https://e.crashlytics.com/spi/v2/events
I/System.out( 1692): body:<io.fabric.sdk.android.services.network.HttpRequest: java.lang.String a(java.lang.CharSequence)>	sig:$r3 = virtualinvoke $r2.<java.net.URL: java.lang.String getHost()>()	timediff:0
I/System.out( 1692): body:<io.fabric.sdk.android.services.network.HttpRequest: java.lang.String a(java.lang.CharSequence)>	sig:$i0 = virtualinvoke $r2.<java.net.URL: int getPort()>()	timediff:0
I/System.out( 1692): body:<io.fabric.sdk.android.services.network.HttpRequest: java.lang.String a(java.lang.CharSequence)>	sig:$r3 = virtualinvoke $r2.<java.net.URL: java.lang.String getProtocol()>()	timediff:0
I/System.out( 1692): body:<io.fabric.sdk.android.services.network.HttpRequest: java.lang.String a(java.lang.CharSequence)>	sig:$r6 = virtualinvoke $r2.<java.net.URL: java.lang.String getPath()>()	timediff:0
I/System.out( 1692): body:<io.fabric.sdk.android.services.network.HttpRequest: java.lang.String a(java.lang.CharSequence)>	sig:$r7 = virtualinvoke $r2.<java.net.URL: java.lang.String getQuery()>()	timediff:0
I/System.out( 1692): body:<io.fabric.sdk.android.services.network.HttpRequest: java.lang.String a(java.lang.CharSequence)>	sig:specialinvoke $r5.<java.net.URI: void <init>(java.lang.String,java.lang.String,java.lang.String,java.lang.String,java.lang.String)>($r3, $r1, $r6, $r7, null)	timediff:0
I/System.out( 1692): body:<io.fabric.sdk.android.services.network.HttpRequest: java.lang.String a(java.lang.CharSequence)>	sig:$r7 = virtualinvoke $r5.<java.net.URI: java.lang.String toASCIIString()>()	timediff:0
I/System.out( 1692): body:<io.fabric.sdk.android.services.network.HttpRequest: void <init>(java.lang.CharSequence,java.lang.String)>	sig:specialinvoke $r4.<java.net.URL: void <init>(java.lang.String)>($r3)	timediff:0
I/System.out( 1692): <io.fabric.sdk.android.services.network.HttpRequest: void <init>(java.lang.CharSequence,java.lang.String)>###specialinvoke $r4.<java.net.URL: void <init>(java.lang.String)>($r3)###https://e.crashlytics.com/spi/v2/events
I/System.out( 1692): body:<io.fabric.sdk.android.services.network.e$1: java.net.HttpURLConnection a(java.net.URL)>	sig:$r2 = virtualinvoke $r1.<java.net.URL: java.net.URLConnection openConnection()>()	timediff:0
I/System.out( 1692): body:<io.fabric.sdk.android.services.network.HttpRequest: java.net.HttpURLConnection r()>	sig:virtualinvoke $r5.<java.net.HttpURLConnection: void setRequestMethod(java.lang.String)>($r1)	timediff:0
I/System.out( 1692): body:<io.fabric.sdk.android.services.network.HttpRequest: io.fabric.sdk.android.services.network.HttpRequest a(boolean)>	sig:virtualinvoke $r1.<java.net.HttpURLConnection: void setUseCaches(boolean)>($z0)	timediff:0
I/System.out( 1692): body:<io.fabric.sdk.android.services.network.HttpRequest: io.fabric.sdk.android.services.network.HttpRequest a(int)>	sig:virtualinvoke $r1.<java.net.HttpURLConnection: void setConnectTimeout(int)>($i0)	timediff:0
I/System.out( 1692): body:<io.fabric.sdk.android.services.network.HttpRequest: io.fabric.sdk.android.services.network.HttpRequest a(java.lang.String,java.lang.String)>	sig:virtualinvoke $r3.<java.net.HttpURLConnection: void setRequestProperty(java.lang.String,java.lang.String)>($r1, $r2)	timediff:0
I/System.out( 1692): body:<io.fabric.sdk.android.services.network.HttpRequest: io.fabric.sdk.android.services.network.HttpRequest a(java.lang.String,java.lang.String)>	sig:virtualinvoke $r3.<java.net.HttpURLConnection: void setRequestProperty(java.lang.String,java.lang.String)>($r1, $r2)	timediff:0
I/System.out( 1692): body:<io.fabric.sdk.android.services.network.HttpRequest: io.fabric.sdk.android.services.network.HttpRequest a(java.lang.String,java.lang.String)>	sig:virtualinvoke $r3.<java.net.HttpURLConnection: void setRequestProperty(java.lang.String,java.lang.String)>($r1, $r2)	timediff:0
I/System.out( 1692): body:<io.fabric.sdk.android.services.network.HttpRequest: io.fabric.sdk.android.services.network.HttpRequest a(java.lang.String,java.lang.String)>	sig:virtualinvoke $r3.<java.net.HttpURLConnection: void setRequestProperty(java.lang.String,java.lang.String)>($r1, $r2)	timediff:0
I/System.out( 1692): body:<io.fabric.sdk.android.services.network.HttpRequest: io.fabric.sdk.android.services.network.HttpRequest a(java.lang.String,java.lang.String)>	sig:virtualinvoke $r3.<java.net.HttpURLConnection: void setRequestProperty(java.lang.String,java.lang.String)>($r1, $r2)	timediff:0
I/System.out( 1692): body:<io.fabric.sdk.android.services.network.HttpRequest: io.fabric.sdk.android.services.network.HttpRequest a(java.lang.String,java.lang.String)>	sig:virtualinvoke $r3.<java.net.HttpURLConnection: void setRequestProperty(java.lang.String,java.lang.String)>($r1, $r2)	timediff:0
I/System.out( 1692): body:<io.fabric.sdk.android.services.network.HttpRequest: io.fabric.sdk.android.services.network.HttpRequest m()>	sig:virtualinvoke $r2.<java.net.HttpURLConnection: void setDoOutput(boolean)>(1)	timediff:0
I/System.out( 1692): body:<io.fabric.sdk.android.services.network.HttpRequest: io.fabric.sdk.android.services.network.HttpRequest m()>	sig:$r3 = virtualinvoke $r2.<java.net.HttpURLConnection: java.lang.String getRequestProperty(java.lang.String)>("Content-Type")	timediff:0
W/EGL_emulation( 1692): eglSurfaceAttrib not implemented 3093 12436
D/kg      ( 1692): onActivityPaused for activity:app.qrcode.PictureActivity@4a8c5a78
W/ViewRootImpl( 1692): Dropping event due to no window focus: KeyEvent { action=ACTION_DOWN, keyCode=KEYCODE_MENU, scanCode=0, metaState=0, flags=0x8, repeatCount=0, eventTime=62342, downTime=62342, deviceId=-1, source=0x101 }
D/kg      ( 1692): onActivityResumed for activity:app.qrcode.MainActivity@4aa0f78c
D/kg      ( 1692): onActivityResumed for activity:app.qrcode.history.HistoryActivity@4a9eaf08
D/CommonLib( 1692): {lastIAATime=1523665679750, platform=android, appId=app.qrcode, locale=en-US, versionCode=28, lastIAARunCount=2, versionName=0.28, historyString=1|634|0000000000000000000000000000000000000000000000000000000000000000000000000000000000000000000000000001, country=us, platformVersion=19, settingIaaId=634, runCount=8, needCheckInstallAppsSize=26, installedTime=1523665678564, commonLibVersion=6, uuid=b083feaa75293926, language=en, installedApps=["app.qrcode"], fewIAA=false}
I/System.out( 1692): body:<com.android.volley.toolbox.j: org.apache.http.HttpResponse a(com.android.volley.k,java.util.Map)>	sig:specialinvoke $r11.<java.net.URL: void <init>(java.lang.String)>($r8)	timediff:0
I/System.out( 1692): <com.android.volley.toolbox.j: org.apache.http.HttpResponse a(com.android.volley.k,java.util.Map)>###specialinvoke $r11.<java.net.URL: void <init>(java.lang.String)>($r8)###https://iu6xoulkc1.execute-api.us-east-1.amazonaws.com/prod/client/getiaa
I/System.out( 1692): body:<com.android.volley.toolbox.j: java.net.HttpURLConnection a(java.net.URL)>	sig:$r2 = virtualinvoke $r1.<java.net.URL: java.net.URLConnection openConnection()>()	timediff:0
I/System.out( 1692): body:<com.android.volley.toolbox.j: java.net.HttpURLConnection a(java.net.URL,com.android.volley.k)>	sig:virtualinvoke $r3.<java.net.HttpURLConnection: void setConnectTimeout(int)>($i0)	timediff:0
I/System.out( 1692): body:<com.android.volley.toolbox.j: java.net.HttpURLConnection a(java.net.URL,com.android.volley.k)>	sig:virtualinvoke $r3.<java.net.HttpURLConnection: void setReadTimeout(int)>($i0)	timediff:0
I/System.out( 1692): body:<com.android.volley.toolbox.j: java.net.HttpURLConnection a(java.net.URL,com.android.volley.k)>	sig:virtualinvoke $r3.<java.net.HttpURLConnection: void setUseCaches(boolean)>(0)	timediff:0
I/System.out( 1692): body:<com.android.volley.toolbox.j: java.net.HttpURLConnection a(java.net.URL,com.android.volley.k)>	sig:virtualinvoke $r3.<java.net.HttpURLConnection: void setDoInput(boolean)>(1)	timediff:0
I/System.out( 1692): body:<com.android.volley.toolbox.j: java.net.HttpURLConnection a(java.net.URL,com.android.volley.k)>	sig:$r5 = virtualinvoke $r1.<java.net.URL: java.lang.String getProtocol()>()	timediff:0
I/System.out( 1692): body:<com.android.volley.toolbox.j: void a(java.net.HttpURLConnection,com.android.volley.k)>	sig:virtualinvoke $r0.<java.net.HttpURLConnection: void setRequestMethod(java.lang.String)>("POST")	timediff:0
I/System.out( 1692): body:<com.android.volley.toolbox.j: void b(java.net.HttpURLConnection,com.android.volley.k)>	sig:virtualinvoke $r0.<java.net.HttpURLConnection: void setDoOutput(boolean)>(1)	timediff:0
I/System.out( 1692): body:<com.android.volley.toolbox.j: void b(java.net.HttpURLConnection,com.android.volley.k)>	sig:virtualinvoke $r0.<java.net.HttpURLConnection: void addRequestProperty(java.lang.String,java.lang.String)>("Content-Type", $r3)	timediff:0
I/qtaguid ( 1692): Tagging socket 66 with tag 56ac8d7500000000(1454148981) for uid -1 failed errno=-13
I/NetworkManagementSocketTagger( 1692): tagSocketFd(66, 1454148981, -1) failed with errno-13
D/dalvikvm( 1692): GC_CONCURRENT freed 876K, 38% free 5901K/9516K, paused 1ms+1ms, total 7ms
W/InputMethodManagerService(  314): Window already focused, ignoring focus gain of: com.android.internal.view.IInputMethodClient$Stub$Proxy@4aa4986c attribute=null, token = android.os.BinderProxy@4a9cc238
I/System.out( 1692): body:<com.android.volley.toolbox.j: void b(java.net.HttpURLConnection,com.android.volley.k)>	sig:$r5 = virtualinvoke $r0.<java.net.HttpURLConnection: java.io.OutputStream getOutputStream()>()	timediff:11
D/kg      ( 1692): onActivityStopped for activity:app.qrcode.PictureActivity@4a8c5a78
D/lq      ( 1692): Automatic onEndSession for context:java.lang.ref.WeakReference@4aac5608
D/kg      ( 1692): onActivityDestroyed for activity:app.qrcode.PictureActivity@4a8c5a78
D/lq      ( 1692): Automatic onEndSession (destroyed) for context:java.lang.ref.WeakReference@4aab3854
D/lq      ( 1692): Session cannot be ended, session not found for context:app.qrcode.PictureActivity@4a8c5a78
I/jk      ( 1692): Saving persistent agent data.
I/System.out( 1692): body:<io.fabric.sdk.android.services.network.HttpRequest: io.fabric.sdk.android.services.network.HttpRequest m()>	sig:$r4 = virtualinvoke $r2.<java.net.HttpURLConnection: java.io.OutputStream getOutputStream()>()	timediff:153
I/ActivityManager(  314): Start proc com.android.systemui:screenshot for service com.android.systemui/.screenshot.TakeScreenshotService: pid=1970 uid=10010 gids={50010, 1028, 1015, 1023, 1035, 3002, 3001}
I/dalvikvm( 1970): ignoring registerObject request in thread=1
I/dalvikvm( 1970): ignoring registerObject request in thread=1
W/ViewRootImpl( 1692): Dropping event due to no window focus: KeyEvent { action=ACTION_DOWN, keyCode=KEYCODE_DPAD_CENTER, scanCode=0, metaState=0, flags=0x8, repeatCount=0, eventTime=62634, downTime=62634, deviceId=-1, source=0x101 }
W/ViewRootImpl( 1692): Dropping event due to no window focus: KeyEvent { action=ACTION_DOWN, keyCode=KEYCODE_DPAD_UP, scanCode=0, metaState=0, flags=0x8, repeatCount=0, eventTime=62637, downTime=62637, deviceId=-1, source=0x101 }
W/ViewRootImpl( 1692): Dropping event due to no window focus: KeyEvent { action=ACTION_DOWN, keyCode=KEYCODE_DPAD_DOWN, scanCode=0, metaState=0, flags=0x8, repeatCount=0, eventTime=62638, downTime=62638, deviceId=-1, source=0x101 }
W/ViewRootImpl( 1692): Dropping event due to no window focus: KeyEvent { action=ACTION_DOWN, keyCode=KEYCODE_DPAD_RIGHT, scanCode=0, metaState=0, flags=0x8, repeatCount=0, eventTime=62642, downTime=62642, deviceId=-1, source=0x101 }
W/ViewRootImpl( 1692): Dropping event due to no window focus: KeyEvent { action=ACTION_DOWN, keyCode=KEYCODE_DPAD_UP, scanCode=0, metaState=0, flags=0x8, repeatCount=0, eventTime=62643, downTime=62643, deviceId=-1, source=0x101 }
W/ViewRootImpl( 1692): Dropping event due to no window focus: KeyEvent { action=ACTION_DOWN, keyCode=KEYCODE_DPAD_LEFT, scanCode=0, metaState=0, flags=0x8, repeatCount=0, eventTime=62644, downTime=62644, deviceId=-1, source=0x101 }
W/ViewRootImpl( 1692): Dropping event due to no window focus: KeyEvent { action=ACTION_DOWN, keyCode=KEYCODE_DPAD_DOWN, scanCode=0, metaState=0, flags=0x8, repeatCount=0, eventTime=62645, downTime=62645, deviceId=-1, source=0x101 }
D/PermissionCache(  172): checking android.permission.READ_FRAME_BUFFER for uid=10010 => granted (43 us)
I/System.out( 1692): body:<io.fabric.sdk.android.services.network.HttpRequest: int b()>	sig:$i0 = virtualinvoke $r2.<java.net.HttpURLConnection: int getResponseCode()>()	timediff:139
I/System.out( 1692): body:<com.android.volley.toolbox.j: org.apache.http.HttpResponse a(com.android.volley.k,java.util.Map)>	sig:$i0 = virtualinvoke $r12.<java.net.HttpURLConnection: int getResponseCode()>()	timediff:240
I/System.out( 1692): body:<com.android.volley.toolbox.j: org.apache.http.HttpResponse a(com.android.volley.k,java.util.Map)>	sig:$i0 = virtualinvoke $r12.<java.net.HttpURLConnection: int getResponseCode()>()	timediff:0
I/System.out( 1692): body:<com.android.volley.toolbox.j: org.apache.http.HttpResponse a(com.android.volley.k,java.util.Map)>	sig:$r8 = virtualinvoke $r12.<java.net.HttpURLConnection: java.lang.String getResponseMessage()>()	timediff:0
I/System.out( 1692): body:<com.android.volley.toolbox.j: org.apache.http.HttpEntity a(java.net.HttpURLConnection)>	sig:$r1 = virtualinvoke $r0.<java.net.HttpURLConnection: java.io.InputStream getInputStream()>()	timediff:0
I/System.out( 1692): body:<empirical.HelperClass: void printURLInfo(java.lang.String,java.lang.String,java.net.URLConnection)>	sig:$r0 = virtualinvoke urlConnection.<java.net.URLConnection: java.net.URL getURL()>()	timediff:0
