E/AndroidRuntime( 6168): 	at android.app.ActivityThread.handleBindApplication(ActivityThread.java:4319)
E/AndroidRuntime( 6168): 	at android.app.ActivityThread.access$1500(ActivityThread.java:135)
E/AndroidRuntime( 6168): 	at android.app.ActivityThread$H.handleMessage(ActivityThread.java:1256)
E/AndroidRuntime( 6168): 	at android.os.Handler.dispatchMessage(Handler.java:102)
E/AndroidRuntime( 6168): 	at android.os.Looper.loop(Looper.java:136)
E/AndroidRuntime( 6168): 	at android.app.ActivityThread.main(ActivityThread.java:5019)
E/AndroidRuntime( 6168): 	at java.lang.reflect.Method.invokeNative(Native Method)
E/AndroidRuntime( 6168): 	at java.lang.reflect.Method.invoke(Method.java:515)
E/AndroidRuntime( 6168): 	at com.android.internal.os.ZygoteInit$MethodAndArgsCaller.run(ZygoteInit.java:779)
E/AndroidRuntime( 6168): 	at com.android.internal.os.ZygoteInit.main(ZygoteInit.java:595)
E/AndroidRuntime( 6168): 	at dalvik.system.NativeStart.main(Native Method)
E/AndroidRuntime( 6168): Caused by: java.lang.reflect.InvocationTargetException
E/AndroidRuntime( 6168): 	at java.lang.reflect.Method.invokeNative(Native Method)
E/AndroidRuntime( 6168): 	at java.lang.reflect.Method.invoke(Method.java:515)
E/AndroidRuntime( 6168): 	at com.kms.kmsshared.ProtectedKMSApplication.bde(dalvik_source_com.kms.free.apk)
E/AndroidRuntime( 6168): 	at com.kms.kmsshared.ProtectedKMSApplication.attachBaseContext(dalvik_source_com.kms.free.apk)
E/AndroidRuntime( 6168): 	at android.app.Application.attach(Application.java:181)
E/AndroidRuntime( 6168): 	at android.app.Instrumentation.newApplication(Instrumentation.java:1008)
E/AndroidRuntime( 6168): 	at android.app.Instrumentation.newApplication(Instrumentation.java:992)
E/AndroidRuntime( 6168): 	at android.app.LoadedApk.makeApplication(LoadedApk.java:511)
E/AndroidRuntime( 6168): 	... 11 more
E/AndroidRuntime( 6168): Caused by: java.lang.reflect.InvocationTargetException
E/AndroidRuntime( 6168): 	at java.lang.reflect.Method.invokeNative(Native Method)
E/AndroidRuntime( 6168): 	at java.lang.reflect.Method.invoke(Method.java:515)
E/AndroidRuntime( 6168): 	at com.kms.kmsshared.ProtectedKMSApplication$DefaultActionHandler.fbfddgef(Unknown Source)
E/AndroidRuntime( 6168): 	at com.kms.kmsshared.ProtectedKMSApplication$DefaultActionHandler.fbfddgef(Unknown Source)
E/AndroidRuntime( 6168): 	... 19 more
E/AndroidRuntime( 6168): Caused by: java.lang.reflect.InvocationTargetException
E/AndroidRuntime( 6168): 	at java.lang.reflect.Method.invokeNative(Native Method)
E/AndroidRuntime( 6168): 	at java.lang.reflect.Method.invoke(Method.java:515)
E/AndroidRuntime( 6168): 	at com.kms.kmsshared.ProtectedKMSApplication$DefaultActionHandler.fbfddgef(Unknown Source)
E/AndroidRuntime( 6168): 	at com.kms.kmsshared.ProtectedKMSApplication$DefaultActionHandler.edffg(Unknown Source)
E/AndroidRuntime( 6168): 	... 23 more
E/AndroidRuntime( 6168): Caused by: java.io.IOException: unable to open DEX file
E/AndroidRuntime( 6168): 	at dalvik.system.DexFile.openDexFileNative(Native Method)
E/AndroidRuntime( 6168): 	at dalvik.system.DexFile.openDexFile(DexFile.java:296)
E/AndroidRuntime( 6168): 	at dalvik.system.DexFile.<init>(DexFile.java:111)
E/AndroidRuntime( 6168): 	at dalvik.system.DexFile.loadDex(DexFile.java:151)
E/AndroidRuntime( 6168): 	... 27 more
W/ActivityManager(  480): Force-killing crashed app com.kms.free at watcher's request
W/ContextImpl(  480): Calling a method in the system process without a qualified user: android.app.ContextImpl.sendBroadcast:1123 com.android.server.am.ActivityManagerService.handleApplicationCrashInner:9670 com.android.server.am.ActivityManagerService.handleApplicationCrash:9644 android.app.ActivityManagerNative.onTransact:1311 com.android.server.am.ActivityManagerService.onTransact:2071 
I/ActivityManager(  480): Process com.kms.free (pid 6168) has died.
I/ActivityManager(  480): Start proc com.kms.free for activity com.kms.free/.PermissionsActivityLauncher: pid=6182 uid=10197 gids={50197, 1028, 1015, 1023, 3003}
W/NetworkManagementSocketTagger(  480): setKernelCountSet(10197, 1) failed with errno -13
I/dalvikvm( 6182): ignoring registerObject request in thread=1
I/dalvikvm( 6182): ignoring registerObject request in thread=1
D/dalvikvm( 6182): DexOpt: --- BEGIN '162da133aaa.apk' (bootstrap=0) ---
D/dalvikvm( 6193): DexOpt: load 0ms, verify+opt 1ms, 101508 bytes
D/dalvikvm( 6182): DexOpt: --- END '162da133aaa.apk' (success) ---
D/dalvikvm( 6182): DEX prep '/data/data/com.kms.free/app_dex/162da133aaa.apk': unzip in 0ms, rewrite 115ms
D/dalvikvm( 6182): JIT code cache reset in 0 ms (0 bytes 1/0)
D/dalvikvm( 6182): GC_CONCURRENT freed 302K, 12% free 2871K/3232K, paused 1ms+1ms, total 3ms
D/dalvikvm( 6182): GC_CONCURRENT freed 164K, 7% free 3186K/3408K, paused 1ms+2ms, total 5ms
D/dalvikvm( 6182): GC_CONCURRENT freed 285K, 10% free 3381K/3720K, paused 1ms+1ms, total 5ms
I/dalvikvm( 6182): Zip is good, but no classes.dex inside, and no valid .odex file in the same directory
D/AndroidRuntime( 6182): Shutting down VM
W/dalvikvm( 6182): threadid=1: thread exiting with uncaught exception (group=0x94c6eb20)
D/dalvikvm( 6182): GC_CONCURRENT freed 457K, 14% free 3377K/3892K, paused 1ms+1ms, total 4ms
E/AndroidRuntime( 6182): FATAL EXCEPTION: main
E/AndroidRuntime( 6182): Process: com.kms.free, PID: 6182
E/AndroidRuntime( 6182): java.lang.RuntimeException: Unable to instantiate application com.kms.kmsshared.ProtectedKMSApplication: java.lang.reflect.InvocationTargetException
E/AndroidRuntime( 6182): 	at android.app.LoadedApk.makeApplication(LoadedApk.java:516)
E/AndroidRuntime( 6182): 	at android.app.ActivityThread.handleBindApplication(ActivityThread.java:4319)
E/AndroidRuntime( 6182): 	at android.app.ActivityThread.access$1500(ActivityThread.java:135)
E/AndroidRuntime( 6182): 	at android.app.ActivityThread$H.handleMessage(ActivityThread.java:1256)
E/AndroidRuntime( 6182): 	at android.os.Handler.dispatchMessage(Handler.java:102)
E/AndroidRuntime( 6182): 	at android.os.Looper.loop(Looper.java:136)
E/AndroidRuntime( 6182): 	at android.app.ActivityThread.main(ActivityThread.java:5019)
E/AndroidRuntime( 6182): 	at java.lang.reflect.Method.invokeNative(Native Method)
E/AndroidRuntime( 6182): 	at java.lang.reflect.Method.invoke(Method.java:515)
E/AndroidRuntime( 6182): 	at com.android.internal.os.ZygoteInit$MethodAndArgsCaller.run(ZygoteInit.java:779)
E/AndroidRuntime( 6182): 	at com.android.internal.os.ZygoteInit.main(ZygoteInit.java:595)
E/AndroidRuntime( 6182): 	at dalvik.system.NativeStart.main(Native Method)
E/AndroidRuntime( 6182): Caused by: java.lang.reflect.InvocationTargetException
E/AndroidRuntime( 6182): 	at java.lang.reflect.Method.invokeNative(Native Method)
E/AndroidRuntime( 6182): 	at java.lang.reflect.Method.invoke(Method.java:515)
E/AndroidRuntime( 6182): 	at com.kms.kmsshared.ProtectedKMSApplication.bde(dalvik_source_com.kms.free.apk)
E/AndroidRuntime( 6182): 	at com.kms.kmsshared.ProtectedKMSApplication.attachBaseContext(dalvik_source_com.kms.free.apk)
E/AndroidRuntime( 6182): 	at android.app.Application.attach(Application.java:181)
E/AndroidRuntime( 6182): 	at android.app.Instrumentation.newApplication(Instrumentation.java:1008)
E/AndroidRuntime( 6182): 	at android.app.Instrumentation.newApplication(Instrumentation.java:992)
E/AndroidRuntime( 6182): 	at android.app.LoadedApk.makeApplication(LoadedApk.java:511)
E/AndroidRuntime( 6182): 	... 11 more
E/AndroidRuntime( 6182): Caused by: java.lang.reflect.InvocationTargetException
E/AndroidRuntime( 6182): 	at java.lang.reflect.Method.invokeNative(Native Method)
E/AndroidRuntime( 6182): 	at java.lang.reflect.Method.invoke(Method.java:515)
E/AndroidRuntime( 6182): 	at com.kms.kmsshared.ProtectedKMSApplication$DefaultActionHandler.fbfddgef(Unknown Source)
E/AndroidRuntime( 6182): 	at com.kms.kmsshared.ProtectedKMSApplication$DefaultActionHandler.fbfddgef(Unknown Source)
E/AndroidRuntime( 6182): 	... 19 more
E/AndroidRuntime( 6182): Caused by: java.lang.reflect.InvocationTargetException
E/AndroidRuntime( 6182): 	at java.lang.reflect.Method.invokeNative(Native Method)
E/AndroidRuntime( 6182): 	at java.lang.reflect.Method.invoke(Method.java:515)
E/AndroidRuntime( 6182): 	at com.kms.kmsshared.ProtectedKMSApplication$DefaultActionHandler.fbfddgef(Unknown Source)
E/AndroidRuntime( 6182): 	at com.kms.kmsshared.ProtectedKMSApplication$DefaultActionHandler.edffg(Unknown Source)
E/AndroidRuntime( 6182): 	... 23 more
E/AndroidRuntime( 6182): Caused by: java.io.IOException: unable to open DEX file
E/AndroidRuntime( 6182): 	at dalvik.system.DexFile.openDexFileNative(Native Method)
E/AndroidRuntime( 6182): 	at dalvik.system.DexFile.openDexFile(DexFile.java:296)
E/AndroidRuntime( 6182): 	at dalvik.system.DexFile.<init>(DexFile.java:111)
E/AndroidRuntime( 6182): 	at dalvik.system.DexFile.loadDex(DexFile.java:151)
E/AndroidRuntime( 6182): 	... 27 more
I/Process (  480): Sending signal. PID: 6182 SIG: 9
W/NetworkManagementSocketTagger(  480): setKernelCountSet(10197, 0) failed with errno -13
W/ActivityManager(  480): Force-killing crashed app com.kms.free at watcher's request
W/ContextImpl(  480): Calling a method in the system process without a qualified user: android.app.ContextImpl.sendBroadcast:1123 com.android.server.am.ActivityManagerService.handleApplicationCrashInner:9670 com.android.server.am.ActivityManagerService.handleApplicationCrash:9644 android.app.ActivityManagerNative.onTransact:1311 com.android.server.am.ActivityManagerService.onTransact:2071 
I/ActivityManager(  480): Process com.kms.free (pid 6182) has died.
I/ActivityManager(  480): Start proc com.kms.free for activity com.kms.free/.PermissionsActivityLauncher: pid=6195 uid=10197 gids={50197, 1028, 1015, 1023, 3003}
W/NetworkManagementSocketTagger(  480): setKernelCountSet(10197, 1) failed with errno -13
I/dalvikvm( 6195): ignoring registerObject request in thread=1
I/dalvikvm( 6195): ignoring registerObject request in thread=1
D/dalvikvm( 6195): DexOpt: --- BEGIN '162da133b82.apk' (bootstrap=0) ---
D/dalvikvm( 6207): DexOpt: load 0ms, verify+opt 1ms, 101508 bytes
D/dalvikvm( 6195): DexOpt: --- END '162da133b82.apk' (success) ---
D/dalvikvm( 6195): DEX prep '/data/data/com.kms.free/app_dex/162da133b82.apk': unzip in 0ms, rewrite 111ms
D/dalvikvm( 6195): JIT code cache reset in 0 ms (0 bytes 1/0)
D/dalvikvm( 6195): GC_FOR_ALLOC freed 367K, 13% free 2933K/3356K, paused 3ms, total 3ms
D/dalvikvm( 6195): GC_CONCURRENT freed 21K, 11% free 2992K/3356K, paused 1ms+1ms, total 3ms
D/dalvikvm( 6195): GC_CONCURRENT freed 135K, 6% free 3346K/3540K, paused 1ms+0ms, total 3ms
D/dalvikvm( 6195): GC_CONCURRENT freed 423K, 13% free 3388K/3868K, paused 0ms+0ms, total 3ms
I/dalvikvm( 6195): Zip is good, but no classes.dex inside, and no valid .odex file in the same directory
D/AndroidRuntime( 6195): Shutting down VM
W/dalvikvm( 6195): threadid=1: thread exiting with uncaught exception (group=0x94c6eb20)
I/Process (  480): Sending signal. PID: 6195 SIG: 9
E/AndroidRuntime( 6195): FATAL EXCEPTION: main
E/AndroidRuntime( 6195): Process: com.kms.free, PID: 6195
E/AndroidRuntime( 6195): java.lang.RuntimeException: Unable to instantiate application com.kms.kmsshared.ProtectedKMSApplication: java.lang.reflect.InvocationTargetException
E/AndroidRuntime( 6195): 	at android.app.LoadedApk.makeApplication(LoadedApk.java:516)
E/AndroidRuntime( 6195): 	at android.app.ActivityThread.handleBindApplication(ActivityThread.java:4319)
E/AndroidRuntime( 6195): 	at android.app.ActivityThread.access$1500(ActivityThread.java:135)
E/AndroidRuntime( 6195): 	at android.app.ActivityThread$H.handleMessage(ActivityThread.java:1256)
E/AndroidRuntime( 6195): 	at android.os.Handler.dispatchMessage(Handler.java:102)
E/AndroidRuntime( 6195): 	at android.os.Looper.loop(Looper.java:136)
E/AndroidRuntime( 6195): 	at android.app.ActivityThread.main(ActivityThread.java:5019)
E/AndroidRuntime( 6195): 	at java.lang.reflect.Method.invokeNative(Native Method)
E/AndroidRuntime( 6195): 	at java.lang.reflect.Method.invoke(Method.java:515)
E/AndroidRuntime( 6195): 	at com.android.internal.os.ZygoteInit$MethodAndArgsCaller.run(ZygoteInit.java:779)
E/AndroidRuntime( 6195): 	at com.android.internal.os.ZygoteInit.main(ZygoteInit.java:595)
E/AndroidRuntime( 6195): 	at dalvik.system.NativeStart.main(Native Method)
E/AndroidRuntime( 6195): Caused by: java.lang.reflect.InvocationTargetException
E/AndroidRuntime( 6195): 	at java.lang.reflect.Method.invokeNative(Native Method)
E/AndroidRuntime( 6195): 	at java.lang.reflect.Method.invoke(Method.java:515)
E/AndroidRuntime( 6195): 	at com.kms.kmsshared.ProtectedKMSApplication.bde(dalvik_source_com.kms.free.apk)
E/AndroidRuntime( 6195): 	at com.kms.kmsshared.ProtectedKMSApplication.attachBaseContext(dalvik_source_com.kms.free.apk)
E/AndroidRuntime( 6195): 	at android.app.Application.attach(Application.java:181)
E/AndroidRuntime( 6195): 	at android.app.Instrumentation.newApplication(Instrumentation.java:1008)
E/AndroidRuntime( 6195): 	at android.app.Instrumentation.newApplication(Instrumentation.java:992)
E/AndroidRuntime( 6195): 	at android.app.LoadedApk.makeApplication(LoadedApk.java:511)
E/AndroidRuntime( 6195): 	... 11 more
E/AndroidRuntime( 6195): Caused by: java.lang.reflect.InvocationTargetException
E/AndroidRuntime( 6195): 	at java.lang.reflect.Method.invokeNative(Native Method)
E/AndroidRuntime( 6195): 	at java.lang.reflect.Method.invoke(Method.java:515)
E/AndroidRuntime( 6195): 	at com.kms.kmsshared.ProtectedKMSApplication$DefaultActionHandler.fbfddgef(Unknown Source)
E/AndroidRuntime( 6195): 	at com.kms.kmsshared.ProtectedKMSApplication$DefaultActionHandler.fbfddgef(Unknown Source)
E/AndroidRuntime( 6195): 	... 19 more
E/AndroidRuntime( 6195): Caused by: java.lang.reflect.InvocationTargetException
E/AndroidRuntime( 6195): 	at java.lang.reflect.Method.invokeNative(Native Method)
E/AndroidRuntime( 6195): 	at java.lang.reflect.Method.invoke(Method.java:515)
E/AndroidRuntime( 6195): 	at com.kms.kmsshared.ProtectedKMSApplication$DefaultActionHandler.fbfddgef(Unknown Source)
E/AndroidRuntime( 6195): 	at com.kms.kmsshared.ProtectedKMSApplication$DefaultActionHandler.edffg(Unknown Source)
E/AndroidRuntime( 6195): 	... 23 more
E/AndroidRuntime( 6195): Caused by: java.io.IOException: unable to open DEX file
E/AndroidRuntime( 6195): 	at dalvik.system.DexFile.openDexFileNative(Native Method)
E/AndroidRuntime( 6195): 	at dalvik.system.DexFile.openDexFile(DexFile.java:296)
E/AndroidRuntime( 6195): 	at dalvik.system.DexFile.<init>(DexFile.java:111)
E/AndroidRuntime( 6195): 	at dalvik.system.DexFile.loadDex(DexFile.java:151)
E/AndroidRuntime( 6195): 	... 27 more
W/ActivityManager(  480): Force-killing crashed app com.kms.free at watcher's request
W/ContextImpl(  480): Calling a method in the system process without a qualified user: android.app.ContextImpl.sendBroadcast:1123 com.android.server.am.ActivityManagerService.handleApplicationCrashInner:9670 com.android.server.am.ActivityManagerService.handleApplicationCrash:9644 android.app.ActivityManagerNative.onTransact:1311 com.android.server.am.ActivityManagerService.onTransact:2071 
W/NetworkManagementSocketTagger(  480): setKernelCountSet(10197, 0) failed with errno -13
I/InputDispatcher(  480): Dropping event because there is no focused window or focused application.
I/InputDispatcher(  480): Dropping event because there is no focused window or focused application.
I/InputDispatcher(  480): Dropping event because there is no focused window or focused application.
I/InputDispatcher(  480): Dropping event because there is no focused window or focused application.
I/ActivityManager(  480): Process com.kms.free (pid 6195) has died.
W/ActivityManager(  480): Force removing ActivityRecord{4ab4ac14 u0 com.kms.free/.PermissionsActivityLauncher t254}: app died, no saved state
W/InputManager(  480): Input event injection from pid 6066 failed.
W/InputManager(  480): Input event injection from pid 6066 failed.
W/InputManager(  480): Input event injection from pid 6066 failed.
W/InputManager(  480): Input event injection from pid 6066 failed.
W/InputManager(  480): Input event injection from pid 6066 failed.
W/InputManager(  480): Input event injection from pid 6066 failed.
W/InputManager(  480): Input event injection from pid 6066 failed.
W/InputManager(  480): Input event injection from pid 6066 failed.
W/InputManager(  480): Input event injection from pid 6066 failed.
W/InputManager(  480): Input event injection from pid 6066 failed.
W/InputManager(  480): Input event injection from pid 6066 failed.
W/InputManager(  480): Input event injection from pid 6066 failed.
W/InputManager(  480): Input event injection from pid 6066 failed.
W/InputManager(  480): Input event injection from pid 6066 failed.
W/InputManager(  480): Input event injection from pid 6066 failed.
W/InputManager(  480): Input event injection from pid 6066 failed.
I/InputDispatcher(  480): Dropping event because there is no focused window or focused application.
I/InputDispatcher(  480): Dropping event because there is no focused window or focused application.
I/InputDispatcher(  480): Dropping event because there is no focused window or focused application.
I/InputDispatcher(  480): Dropping event because there is no focused window or focused application.
I/InputDispatcher(  480): Dropping event because there is no focused window or focused application.
W/InputManager(  480): Input event injection from pid 6066 failed.
W/InputManager(  480): Input event injection from pid 6066 failed.
W/InputManager(  480): Input event injection from pid 6066 failed.
W/InputManager(  480): Input event injection from pid 6066 failed.
W/InputManager(  480): Input event injection from pid 6066 failed.
W/EGL_emulation( 4104): eglSurfaceAttrib not implemented 3093 12436
D/WebViewTimersControl( 4104): onBrowserActivityResume
D/WebViewTimersControl( 4104): Resuming webview timers, view=com.android.browser.BrowserWebView{4a7b377c VFEDHVCL ........ 0,0-1280,604}
W/InputMethodManagerService(  480): Window already focused, ignoring focus gain of: com.android.internal.view.IInputMethodClient$Stub$Proxy@4ac8e6b4 attribute=null, token = android.os.BinderProxy@4b0bc1ac
I/ActivityManager(  480): START u0 {act=android.intent.action.CALL_BUTTON flg=0x10000000} from pid 4104
W/PhoneFallbackEventHandler( 4104): No activity found for android.intent.action.CALL_BUTTON.
I/ActivityManager(  480): START u0 {act=android.intent.action.MAIN cat=[android.intent.category.LAUNCHER] flg=0x10200000 cmp=com.kms.free/.PermissionsActivityLauncher} from pid 6066
D/WebViewTimersControl( 4104): onBrowserActivityPause
D/WebViewTimersControl( 4104): Pausing webview timers, view=com.android.browser.BrowserWebView{4a7b377c VFEDHVCL ......I. 0,0-1280,604}
D/dalvikvm(  167): GC_EXPLICIT freed 40K, 4% free 2788K/2888K, paused 1ms+0ms, total 4ms
D/dalvikvm(  167): GC_EXPLICIT freed <1K, 4% free 2788K/2888K, paused 0ms+3ms, total 5ms
I/ActivityManager(  480): Start proc com.kms.free for activity com.kms.free/.PermissionsActivityLauncher: pid=6213 uid=10197 gids={50197, 1028, 1015, 1023, 3003}
W/NetworkManagementSocketTagger(  480): setKernelCountSet(10197, 1) failed with errno -13
V/FlingTracker(  535): computeCurrentVelocity warning: totalweight=0
V/FlingTracker(  535): java.lang.Throwable
V/FlingTracker(  535): 	at com.android.systemui.statusbar.phone.PanelView$FlingTracker.computeCurrentVelocity(PanelView.java:162)
V/FlingTracker(  535): 	at com.android.systemui.statusbar.phone.PanelView$3.onTouch(PanelView.java:462)
V/FlingTracker(  535): 	at android.view.View.dispatchTouchEvent(View.java:7701)
V/FlingTracker(  535): 	at com.android.systemui.statusbar.phone.NotificationPanelView.onTouchEvent(NotificationPanelView.java:138)
V/FlingTracker(  535): 	at com.android.systemui.statusbar.phone.PanelBar.onTouchEvent(PanelBar.java:130)
V/FlingTracker(  535): 	at com.android.systemui.statusbar.phone.PhoneStatusBarView.onTouchEvent(PhoneStatusBarView.java:201)
V/FlingTracker(  535): 	at android.view.View.dispatchTouchEvent(View.java:7706)
V/FlingTracker(  535): 	at android.view.ViewGroup.dispatchTransformedTouchEvent(ViewGroup.java:2210)
V/FlingTracker(  535): 	at android.view.ViewGroup.dispatchTouchEvent(ViewGroup.java:1945)
V/FlingTracker(  535): 	at android.view.ViewGroup.dispatchTransformedTouchEvent(ViewGroup.java:2216)
V/FlingTracker(  535): 	at android.view.ViewGroup.dispatchTouchEvent(ViewGroup.java:1959)
V/FlingTracker(  535): 	at android.view.View.dispatchPointerEvent(View.java:7886)
V/FlingTracker(  535): 	at android.view.ViewRootImpl$ViewPostImeInputStage.processPointerEvent(ViewRootImpl.java:3978)
V/FlingTracker(  535): 	at android.view.ViewRootImpl$ViewPostImeInputStage.onProcess(ViewRootImpl.java:3857)
V/FlingTracker(  535): 	at android.view.ViewRootImpl$InputStage.deliver(ViewRootImpl.java:3423)
V/FlingTracker(  535): 	at android.view.ViewRootImpl$InputStage.onDeliverToNext(ViewRootImpl.java:3473)
V/FlingTracker(  535): 	at android.view.ViewRootImpl$InputStage.forward(ViewRootImpl.java:3442)
V/FlingTracker(  535): 	at android.view.ViewRootImpl$AsyncInputStage.forward(ViewRootImpl.java:3549)
V/FlingTracker(  535): 	at android.view.ViewRootImpl$InputStage.apply(ViewRootImpl.java:3450)
V/FlingTracker(  535): 	at android.view.ViewRootImpl$AsyncInputStage.apply(ViewRootImpl.java:3606)
V/FlingTracker(  535): 	at android.view.ViewRootImpl$InputStage.deliver(ViewRootImpl.java:3423)
V/FlingTracker(  535): 	at android.view.ViewRootImpl$InputStage.onDeliverToNext(ViewRootImpl.java:3473)
V/FlingTracker(  535): 	at android.view.ViewRootImpl$InputStage.forward(ViewRootImpl.java:3442)
V/FlingTracker(  535): 	at android.view.ViewRootImpl$InputStage.apply(ViewRootImpl.java:3450)
V/FlingTracker(  535): 	at android.view.ViewRootImpl$InputStage.deliver(ViewRootImpl.java:3423)
V/FlingTracker(  535): 	at android.view.ViewRootImpl.deliverInputEvent(ViewRootImpl.java:5626)
V/FlingTracker(  535): 	at android.view.ViewRootImpl.doProcessInputEvents(ViewRootImpl.java:5606)
V/FlingTracker(  535): 	at android.view.ViewRootImpl.enqueueInputEvent(ViewRootImpl.java:5577)
V/FlingTracker(  535): 	at android.view.ViewRootImpl$WindowInputEventReceiver.onInputEvent(ViewRootImpl.java:5706)
V/FlingTracker(  535): 	at android.view.InputEventReceiver.dispatchInputEvent(InputEventReceiver.java:185)
V/FlingTracker(  535): 	at android.os.MessageQueue.nativePollOnce(Native Method)
V/FlingTracker(  535): 	at android.os.MessageQueue.next(MessageQueue.java:138)
V/FlingTracker(  535): 	at android.os.Looper.loop(Looper.java:123)
V/FlingTracker(  535): 	at android.app.ActivityThread.main(ActivityThread.java:5019)
V/FlingTracker(  535): 	at java.lang.reflect.Method.invokeNative(Native Method)
V/FlingTracker(  535): 	at java.lang.reflect.Method.invoke(Method.java:515)
V/FlingTracker(  535): 	at com.android.internal.os.ZygoteInit$MethodAndArgsCaller.run(ZygoteInit.java:779)
V/FlingTracker(  535): 	at com.android.internal.os.ZygoteInit.main(ZygoteInit.java:595)
V/FlingTracker(  535): 	at dalvik.system.NativeStart.main(Native Method)
V/PanelView(  535): animationTick called with dtms=0; nothing to do (h=0.0 v=0.0)
I/dalvikvm( 6213): ignoring registerObject request in thread=1
I/dalvikvm( 6213): ignoring registerObject request in thread=1
I/ActivityManager(  480): START u0 {act=com.android.systemui.recent.action.TOGGLE_RECENTS flg=0x10800000 cmp=com.android.systemui/.recent.RecentsActivity (has extras)} from pid 535
D/dalvikvm(  167): GC_EXPLICIT freed <1K, 4% free 2788K/2888K, paused 0ms+1ms, total 11ms
D/dalvikvm( 6213): DexOpt: --- BEGIN '162da133d03.apk' (bootstrap=0) ---
D/dalvikvm( 6224): DexOpt: load 0ms, verify+opt 1ms, 101508 bytes
D/dalvikvm( 6213): DexOpt: --- END '162da133d03.apk' (success) ---
D/dalvikvm( 6213): DEX prep '/data/data/com.kms.free/app_dex/162da133d03.apk': unzip in 0ms, rewrite 131ms
D/dalvikvm( 6213): JIT code cache reset in 0 ms (0 bytes 1/0)
D/dalvikvm( 6213): GC_CONCURRENT freed 309K, 12% free 2867K/3236K, paused 2ms+1ms, total 5ms
D/dalvikvm( 6213): GC_CONCURRENT freed 137K, 6% free 3116K/3312K, paused 1ms+0ms, total 4ms
D/dalvikvm( 6213): GC_CONCURRENT freed 161K, 7% free 3340K/3560K, paused 2ms+0ms, total 4ms
D/dalvikvm( 6213): GC_CONCURRENT freed 345K, 11% free 3380K/3784K, paused 2ms+0ms, total 4ms
I/dalvikvm( 6213): Zip is good, but no classes.dex inside, and no valid .odex file in the same directory
D/AndroidRuntime( 6213): Shutting down VM
W/dalvikvm( 6213): threadid=1: thread exiting with uncaught exception (group=0x94c6eb20)
E/AndroidRuntime( 6213): FATAL EXCEPTION: main
E/AndroidRuntime( 6213): Process: com.kms.free, PID: 6213
E/AndroidRuntime( 6213): java.lang.RuntimeException: Unable to instantiate application com.kms.kmsshared.ProtectedKMSApplication: java.lang.reflect.InvocationTargetException
E/AndroidRuntime( 6213): 	at android.app.LoadedApk.makeApplication(LoadedApk.java:516)
E/AndroidRuntime( 6213): 	at android.app.ActivityThread.handleBindApplication(ActivityThread.java:4319)
E/AndroidRuntime( 6213): 	at android.app.ActivityThread.access$1500(ActivityThread.java:135)
E/AndroidRuntime( 6213): 	at android.app.ActivityThread$H.handleMessage(ActivityThread.java:1256)
E/AndroidRuntime( 6213): 	at android.os.Handler.dispatchMessage(Handler.java:102)
E/AndroidRuntime( 6213): 	at android.os.Looper.loop(Looper.java:136)
E/AndroidRuntime( 6213): 	at android.app.ActivityThread.main(ActivityThread.java:5019)
E/AndroidRuntime( 6213): 	at java.lang.reflect.Method.invokeNative(Native Method)
E/AndroidRuntime( 6213): 	at java.lang.reflect.Method.invoke(Method.java:515)
E/AndroidRuntime( 6213): 	at com.android.internal.os.ZygoteInit$MethodAndArgsCaller.run(ZygoteInit.java:779)
E/AndroidRuntime( 6213): 	at com.android.internal.os.ZygoteInit.main(ZygoteInit.java:595)
E/AndroidRuntime( 6213): 	at dalvik.system.NativeStart.main(Native Method)
E/AndroidRuntime( 6213): Caused by: java.lang.reflect.InvocationTargetException
E/AndroidRuntime( 6213): 	at java.lang.reflect.Method.invokeNative(Native Method)
E/AndroidRuntime( 6213): 	at java.lang.reflect.Method.invoke(Method.java:515)
E/AndroidRuntime( 6213): 	at com.kms.kmsshared.ProtectedKMSApplication.bde(dalvik_source_com.kms.free.apk)
E/AndroidRuntime( 6213): 	at com.kms.kmsshared.ProtectedKMSApplication.attachBaseContext(dalvik_source_com.kms.free.apk)
E/AndroidRuntime( 6213): 	at android.app.Application.attach(Application.java:181)
E/AndroidRuntime( 6213): 	at android.app.Instrumentation.newApplication(Instrumentation.java:1008)
E/AndroidRuntime( 6213): 	at android.app.Instrumentation.newApplication(Instrumentation.java:992)
E/AndroidRuntime( 6213): 	at android.app.LoadedApk.makeApplication(LoadedApk.java:511)
E/AndroidRuntime( 6213): 	... 11 more
E/AndroidRuntime( 6213): Caused by: java.lang.reflect.InvocationTargetException
E/AndroidRuntime( 6213): 	at java.lang.reflect.Method.invokeNative(Native Method)
E/AndroidRuntime( 6213): 	at java.lang.reflect.Method.invoke(Method.java:515)
E/AndroidRuntime( 6213): 	at com.kms.kmsshared.ProtectedKMSApplication$DefaultActionHandler.fbfddgef(Unknown Source)
E/AndroidRuntime( 6213): 	at com.kms.kmsshared.ProtectedKMSApplication$DefaultActionHandler.fbfddgef(Unknown Source)
E/AndroidRuntime( 6213): 	... 19 more
E/AndroidRuntime( 6213): Caused by: java.lang.reflect.InvocationTargetException
E/AndroidRuntime( 6213): 	at java.lang.reflect.Method.invokeNative(Native Method)
E/AndroidRuntime( 6213): 	at java.lang.reflect.Method.invoke(Method.java:515)
E/AndroidRuntime( 6213): 	at com.kms.kmsshared.ProtectedKMSApplication$DefaultActionHandler.fbfddgef(Unknown Source)
E/AndroidRuntime( 6213): 	at com.kms.kmsshared.ProtectedKMSApplication$DefaultActionHandler.edffg(Unknown Source)
E/AndroidRuntime( 6213): 	... 23 more
E/AndroidRuntime( 6213): Caused by: java.io.IOException: unable to open DEX file
E/AndroidRuntime( 6213): 	at dalvik.system.DexFile.openDexFileNative(Native Method)
E/AndroidRuntime( 6213): 	at dalvik.system.DexFile.openDexFile(DexFile.java:296)
E/AndroidRuntime( 6213): 	at dalvik.system.DexFile.<init>(DexFile.java:111)
E/AndroidRuntime( 6213): 	at dalvik.system.DexFile.loadDex(DexFile.java:151)
E/AndroidRuntime( 6213): 	... 27 more
I/Process (  480): Sending signal. PID: 6213 SIG: 9
W/ActivityManager(  480): Force-killing crashed app com.kms.free at watcher's request
W/ContextImpl(  480): Calling a method in the system process without a qualified user: android.app.ContextImpl.sendBroadcast:1123 com.android.server.am.ActivityManagerService.handleApplicationCrashInner:9670 com.android.server.am.ActivityManagerService.handleApplicationCrash:9644 android.app.ActivityManagerNative.onTransact:1311 com.android.server.am.ActivityManagerService.onTransact:2071 
I/ActivityManager(  480): Process com.kms.free (pid 6213) has died.
I/InputDispatcher(  480): Dropped event because of pending overdue app switch.
W/InputManager(  480): Input event injection from pid 6066 failed.
W/NetworkManagementSocketTagger(  480): setKernelCountSet(10197, 0) failed with errno -13
I/ActivityManager(  480): Start proc com.kms.free for activity com.kms.free/.PermissionsActivityLauncher: pid=6226 uid=10197 gids={50197, 1028, 1015, 1023, 3003}
W/NetworkManagementSocketTagger(  480): setKernelCountSet(10197, 1) failed with errno -13
I/dalvikvm( 6226): ignoring registerObject request in thread=1
I/dalvikvm( 6226): ignoring registerObject request in thread=1
D/dalvikvm( 6226): DexOpt: --- BEGIN '162da133ff5.apk' (bootstrap=0) ---
D/dalvikvm( 6238): DexOpt: load 0ms, verify+opt 1ms, 101508 bytes
D/dalvikvm( 6226): DexOpt: --- END '162da133ff5.apk' (success) ---
D/dalvikvm( 6226): DEX prep '/data/data/com.kms.free/app_dex/162da133ff5.apk': unzip in 0ms, rewrite 112ms
D/dalvikvm( 6226): JIT code cache reset in 0 ms (0 bytes 1/0)
D/dalvikvm( 6226): GC_CONCURRENT freed 336K, 12% free 2938K/3332K, paused 0ms+1ms, total 3ms
D/dalvikvm( 6226): GC_CONCURRENT freed 133K, 6% free 3290K/3484K, paused 0ms+2ms, total 3ms
D/dalvikvm( 6226): GC_CONCURRENT freed 413K, 13% free 3372K/3840K, paused 0ms+1ms, total 4ms
I/dalvikvm( 6226): Zip is good, but no classes.dex inside, and no valid .odex file in the same directory
D/AndroidRuntime( 6226): Shutting down VM
W/dalvikvm( 6226): threadid=1: thread exiting with uncaught exception (group=0x94c6eb20)
I/Process (  480): Sending signal. PID: 6226 SIG: 9
W/NetworkManagementSocketTagger(  480): setKernelCountSet(10197, 0) failed with errno -13
E/AndroidRuntime( 6226): FATAL EXCEPTION: main
E/AndroidRuntime( 6226): Process: com.kms.free, PID: 6226
E/AndroidRuntime( 6226): java.lang.RuntimeException: Unable to instantiate application com.kms.kmsshared.ProtectedKMSApplication: java.lang.reflect.InvocationTargetException
E/AndroidRuntime( 6226): 	at android.app.LoadedApk.makeApplication(LoadedApk.java:516)
E/AndroidRuntime( 6226): 	at android.app.ActivityThread.handleBindApplication(ActivityThread.java:4319)
E/AndroidRuntime( 6226): 	at android.app.ActivityThread.access$1500(ActivityThread.java:135)
E/AndroidRuntime( 6226): 	at android.app.ActivityThread$H.handleMessage(ActivityThread.java:1256)
E/AndroidRuntime( 6226): 	at android.os.Handler.dispatchMessage(Handler.java:102)
E/AndroidRuntime( 6226): 	at android.os.Looper.loop(Looper.java:136)
E/AndroidRuntime( 6226): 	at android.app.ActivityThread.main(ActivityThread.java:5019)
E/AndroidRuntime( 6226): 	at java.lang.reflect.Method.invokeNative(Native Method)
E/AndroidRuntime( 6226): 	at java.lang.reflect.Method.invoke(Method.java:515)
E/AndroidRuntime( 6226): 	at com.android.internal.os.ZygoteInit$MethodAndArgsCaller.run(ZygoteInit.java:779)
E/AndroidRuntime( 6226): 	at com.android.internal.os.ZygoteInit.main(ZygoteInit.java:595)
E/AndroidRuntime( 6226): 	at dalvik.system.NativeStart.main(Native Method)
E/AndroidRuntime( 6226): Caused by: java.lang.reflect.InvocationTargetException
E/AndroidRuntime( 6226): 	at java.lang.reflect.Method.invokeNative(Native Method)
E/AndroidRuntime( 6226): 	at java.lang.reflect.Method.invoke(Method.java:515)
E/AndroidRuntime( 6226): 	at com.kms.kmsshared.ProtectedKMSApplication.bde(dalvik_source_com.kms.free.apk)
E/AndroidRuntime( 6226): 	at com.kms.kmsshared.ProtectedKMSApplication.attachBaseContext(dalvik_source_com.kms.free.apk)
E/AndroidRuntime( 6226): 	at android.app.Application.attach(Application.java:181)
E/AndroidRuntime( 6226): 	at android.app.Instrumentation.newApplication(Instrumentation.java:1008)
E/AndroidRuntime( 6226): 	at android.app.Instrumentation.newApplication(Instrumentation.java:992)
E/AndroidRuntime( 6226): 	at android.app.LoadedApk.makeApplication(LoadedApk.java:511)
E/AndroidRuntime( 6226): 	... 11 more
E/AndroidRuntime( 6226): Caused by: java.lang.reflect.InvocationTargetException
E/AndroidRuntime( 6226): 	at java.lang.reflect.Method.invokeNative(Native Method)
E/AndroidRuntime( 6226): 	at java.lang.reflect.Method.invoke(Method.java:515)
E/AndroidRuntime( 6226): 	at com.kms.kmsshared.ProtectedKMSApplication$DefaultActionHandler.fbfddgef(Unknown Source)
E/AndroidRuntime( 6226): 	at com.kms.kmsshared.ProtectedKMSApplication$DefaultActionHandler.fbfddgef(Unknown Source)
E/AndroidRuntime( 6226): 	... 19 more
E/AndroidRuntime( 6226): Caused by: java.lang.reflect.InvocationTargetException
E/AndroidRuntime( 6226): 	at java.lang.reflect.Method.invokeNative(Native Method)
E/AndroidRuntime( 6226): 	at java.lang.reflect.Method.invoke(Method.java:515)
E/AndroidRuntime( 6226): 	at com.kms.kmsshared.ProtectedKMSApplication$DefaultActionHandler.fbfddgef(Unknown Source)
E/AndroidRuntime( 6226): 	at com.kms.kmsshared.ProtectedKMSApplication$DefaultActionHandler.edffg(Unknown Source)
E/AndroidRuntime( 6226): 	... 23 more
E/AndroidRuntime( 6226): Caused by: java.io.IOException: unable to open DEX file
E/AndroidRuntime( 6226): 	at dalvik.system.DexFile.openDexFileNative(Native Method)
E/AndroidRuntime( 6226): 	at dalvik.system.DexFile.openDexFile(DexFile.java:296)
E/AndroidRuntime( 6226): 	at dalvik.system.DexFile.<init>(DexFile.java:111)
E/AndroidRuntime( 6226): 	at dalvik.system.DexFile.loadDex(DexFile.java:151)
E/AndroidRuntime( 6226): 	... 27 more
W/ActivityManager(  480): Force-killing crashed app com.kms.free at watcher's request
W/ContextImpl(  480): Calling a method in the system process without a qualified user: android.app.ContextImpl.sendBroadcast:1123 com.android.server.am.ActivityManagerService.handleApplicationCrashInner:9670 com.android.server.am.ActivityManagerService.handleApplicationCrash:9644 android.app.ActivityManagerNative.onTransact:1311 com.android.server.am.ActivityManagerService.onTransact:2071 
I/ActivityManager(  480): Process com.kms.free (pid 6226) has died.
I/ActivityManager(  480): Start proc com.kms.free for activity com.kms.free/.PermissionsActivityLauncher: pid=6240 uid=10197 gids={50197, 1028, 1015, 1023, 3003}
W/NetworkManagementSocketTagger(  480): setKernelCountSet(10197, 1) failed with errno -13
I/dalvikvm( 6240): ignoring registerObject request in thread=1
I/dalvikvm( 6240): ignoring registerObject request in thread=1
D/dalvikvm( 6240): DexOpt: --- BEGIN '162da1340c1.apk' (bootstrap=0) ---
D/dalvikvm( 6252): DexOpt: load 0ms, verify+opt 1ms, 101508 bytes
D/dalvikvm( 6240): DexOpt: --- END '162da1340c1.apk' (success) ---
D/dalvikvm( 6240): DEX prep '/data/data/com.kms.free/app_dex/162da1340c1.apk': unzip in 0ms, rewrite 112ms
D/dalvikvm( 6240): JIT code cache reset in 0 ms (0 bytes 1/0)
D/dalvikvm( 6240): GC_CONCURRENT freed 313K, 12% free 2950K/3320K, paused 1ms+1ms, total 4ms
D/dalvikvm( 6240): GC_CONCURRENT freed 134K, 6% free 3203K/3396K, paused 1ms+0ms, total 3ms
D/dalvikvm( 6240): GC_CONCURRENT freed 286K, 10% free 3380K/3724K, paused 1ms+1ms, total 3ms
I/dalvikvm( 6240): Zip is good, but no classes.dex inside, and no valid .odex file in the same directory
D/AndroidRuntime( 6240): Shutting down VM
W/dalvikvm( 6240): threadid=1: thread exiting with uncaught exception (group=0x94c6eb20)
D/dalvikvm( 6240): GC_CONCURRENT freed 915K, 25% free 2924K/3888K, paused 1ms+0ms, total 4ms
I/Process (  480): Sending signal. PID: 6240 SIG: 9
W/NetworkManagementSocketTagger(  480): setKernelCountSet(10197, 0) failed with errno -13
I/InputDispatcher(  480): Dropping event because there is no focused window or focused application.
E/AndroidRuntime( 6240): FATAL EXCEPTION: main
E/AndroidRuntime( 6240): Process: com.kms.free, PID: 6240
E/AndroidRuntime( 6240): java.lang.RuntimeException: Unable to instantiate application com.kms.kmsshared.ProtectedKMSApplication: java.lang.reflect.InvocationTargetException
E/AndroidRuntime( 6240): 	at android.app.LoadedApk.makeApplication(LoadedApk.java:516)
E/AndroidRuntime( 6240): 	at android.app.ActivityThread.handleBindApplication(ActivityThread.java:4319)
E/AndroidRuntime( 6240): 	at android.app.ActivityThread.access$1500(ActivityThread.java:135)
E/AndroidRuntime( 6240): 	at android.app.ActivityThread$H.handleMessage(ActivityThread.java:1256)
E/AndroidRuntime( 6240): 	at android.os.Handler.dispatchMessage(Handler.java:102)
E/AndroidRuntime( 6240): 	at android.os.Looper.loop(Looper.java:136)
E/AndroidRuntime( 6240): 	at android.app.ActivityThread.main(ActivityThread.java:5019)
E/AndroidRuntime( 6240): 	at java.lang.reflect.Method.invokeNative(Native Method)
E/AndroidRuntime( 6240): 	at java.lang.reflect.Method.invoke(Method.java:515)
E/AndroidRuntime( 6240): 	at com.android.internal.os.ZygoteInit$MethodAndArgsCaller.run(ZygoteInit.java:779)
E/AndroidRuntime( 6240): 	at com.android.internal.os.ZygoteInit.main(ZygoteInit.java:595)
E/AndroidRuntime( 6240): 	at dalvik.system.NativeStart.main(Native Method)
E/AndroidRuntime( 6240): Caused by: java.lang.reflect.InvocationTargetException
E/AndroidRuntime( 6240): 	at java.lang.reflect.Method.invokeNative(Native Method)
E/AndroidRuntime( 6240): 	at java.lang.reflect.Method.invoke(Method.java:515)
E/AndroidRuntime( 6240): 	at com.kms.kmsshared.ProtectedKMSApplication.bde(dalvik_source_com.kms.free.apk)
E/AndroidRuntime( 6240): 	at com.kms.kmsshared.ProtectedKMSApplication.attachBaseContext(dalvik_source_com.kms.free.apk)
E/AndroidRuntime( 6240): 	at android.app.Application.attach(Application.java:181)
E/AndroidRuntime( 6240): 	at android.app.Instrumentation.newApplication(Instrumentation.java:1008)
E/AndroidRuntime( 6240): 	at android.app.Instrumentation.newApplication(Instrumentation.java:992)
E/AndroidRuntime( 6240): 	at android.app.LoadedApk.makeApplication(LoadedApk.java:511)
E/AndroidRuntime( 6240): 	... 11 more
E/AndroidRuntime( 6240): Caused by: java.lang.reflect.InvocationTargetException
E/AndroidRuntime( 6240): 	at java.lang.reflect.Method.invokeNative(Native Method)
E/AndroidRuntime( 6240): 	at java.lang.reflect.Method.invoke(Method.java:515)
E/AndroidRuntime( 6240): 	at com.kms.kmsshared.ProtectedKMSApplication$DefaultActionHandler.fbfddgef(Unknown Source)
E/AndroidRuntime( 6240): 	at com.kms.kmsshared.ProtectedKMSApplication$DefaultActionHandler.fbfddgef(Unknown Source)
E/AndroidRuntime( 6240): 	... 19 more
E/AndroidRuntime( 6240): Caused by: java.lang.reflect.InvocationTargetException
E/AndroidRuntime( 6240): 	at java.lang.reflect.Method.invokeNative(Native Method)
E/AndroidRuntime( 6240): 	at java.lang.reflect.Method.invoke(Method.java:515)
E/AndroidRuntime( 6240): 	at com.kms.kmsshared.ProtectedKMSApplication$DefaultActionHandler.fbfddgef(Unknown Source)
E/AndroidRuntime( 6240): 	at com.kms.kmsshared.ProtectedKMSApplication$DefaultActionHandler.edffg(Unknown Source)
E/AndroidRuntime( 6240): 	... 23 more
E/AndroidRuntime( 6240): Caused by: java.io.IOException: unable to open DEX file
E/AndroidRuntime( 6240): 	at dalvik.system.DexFile.openDexFileNative(Native Method)
E/AndroidRuntime( 6240): 	at dalvik.system.DexFile.openDexFile(DexFile.java:296)
E/AndroidRuntime( 6240): 	at dalvik.system.DexFile.<init>(DexFile.java:111)
E/AndroidRuntime( 6240): 	at dalvik.system.DexFile.loadDex(DexFile.java:151)
E/AndroidRuntime( 6240): 	... 27 more
W/ActivityManager(  480): Force-killing crashed app com.kms.free at watcher's request
W/ContextImpl(  480): Calling a method in the system process without a qualified user: android.app.ContextImpl.sendBroadcast:1123 com.android.server.am.ActivityManagerService.handleApplicationCrashInner:9670 com.android.server.am.ActivityManagerService.handleApplicationCrash:9644 android.app.ActivityManagerNative.onTransact:1311 com.android.server.am.ActivityManagerService.onTransact:2071 
I/ActivityManager(  480): Process com.kms.free (pid 6240) has died.
W/ActivityManager(  480): Force removing ActivityRecord{4af1ff04 u0 com.kms.free/.PermissionsActivityLauncher t255}: app died, no saved state
W/InputManager(  480): Input event injection from pid 6066 failed.
I/InputDispatcher(  480): Dropping event because there is no focused window or focused application.
D/WebViewTimersControl( 4104): onBrowserActivityResume
D/WebViewTimersControl( 4104): Resuming webview timers, view=com.android.browser.BrowserWebView{4a7b377c VFEDHVCL .F....ID 0,0-1280,604}
I/InputDispatcher(  480): Dropping event because there is no focused window or focused application.
I/InputDispatcher(  480): Dropping event because there is no focused window or focused application.
I/InputDispatcher(  480): Dropping event because there is no focused window or focused application.
I/InputDispatcher(  480): Dropping event because there is no focused window or focused application.
I/InputDispatcher(  480): Dropping event because there is no focused window or focused application.
I/InputDispatcher(  480): Dropping event because there is no focused window or focused application.
I/InputDispatcher(  480): Dropping event because there is no focused window or focused application.
W/InputManager(  480): Input event injection from pid 6066 failed.
W/InputMethodManagerService(  480): Starting input on non-focused client com.android.internal.view.IInputMethodClient$Stub$Proxy@4a9ab718 (uid=10017 pid=4104)
W/InputManager(  480): Input event injection from pid 6066 failed.
W/InputManager(  480): Input event injection from pid 6066 failed.
W/InputManager(  480): Input event injection from pid 6066 failed.
W/InputManager(  480): Input event injection from pid 6066 failed.
W/InputManager(  480): Input event injection from pid 6066 failed.
W/InputManager(  480): Input event injection from pid 6066 failed.
W/InputManager(  480): Input event injection from pid 6066 failed.
W/InputManager(  480): Input event injection from pid 6066 failed.
W/InputManager(  480): Input event injection from pid 6066 failed.
W/InputManager(  480): Input event injection from pid 6066 failed.
I/InputDispatcher(  480): Dropping event because there is no focused window or focused application.
I/InputDispatcher(  480): Dropping event because there is no focused window or focused application.
W/InputManager(  480): Input event injection from pid 6066 failed.
W/InputManager(  480): Input event injection from pid 6066 failed.
W/InputManager(  480): Input event injection from pid 6066 failed.
W/InputManager(  480): Input event injection from pid 6066 failed.
W/EGL_emulation( 4104): eglSurfaceAttrib not implemented 3093 12436
W/ViewRootImpl( 4104): Dropping event due to no window focus: KeyEvent { action=ACTION_DOWN, keyCode=KEYCODE_DPAD_RIGHT, scanCode=0, metaState=0, flags=0x8, repeatCount=0, eventTime=2906726, downTime=2906726, deviceId=-1, source=0x101 }
W/InputMethodManagerService(  480): Window already focused, ignoring focus gain of: com.android.internal.view.IInputMethodClient$Stub$Proxy@4b1c807c attribute=android.view.inputmethod.EditorInfo@4ab5faf4, token = android.os.BinderProxy@4b0bc1ac
W/ContextImpl(  480): Calling a method in the system process without a qualified user: android.app.ContextImpl.sendBroadcast:1123 com.android.server.InputMethodManagerService.hideCurrentInputLocked:1880 com.android.server.InputMethodManagerService.hideSoftInput:1843 com.android.internal.view.IInputMethodManager$Stub.onTransact:194 com.android.server.InputMethodManagerService.onTransact:818 
I/ActivityManager(  480): START u0 {act=android.intent.action.MAIN cat=[android.intent.category.HOME] flg=0x10200000 cmp=com.vphone.launcher/.Launcher} from pid 480
V/FlingTracker(  535): computeCurrentVelocity warning: totalweight=0
V/FlingTracker(  535): java.lang.Throwable
V/FlingTracker(  535): 	at com.android.systemui.statusbar.phone.PanelView$FlingTracker.computeCurrentVelocity(PanelView.java:162)
V/FlingTracker(  535): 	at com.android.systemui.statusbar.phone.PanelView$3.onTouch(PanelView.java:462)
V/FlingTracker(  535): 	at android.view.View.dispatchTouchEvent(View.java:7701)
V/FlingTracker(  535): 	at com.android.systemui.statusbar.phone.NotificationPanelView.onTouchEvent(NotificationPanelView.java:138)
V/FlingTracker(  535): 	at com.android.systemui.statusbar.phone.PanelBar.onTouchEvent(PanelBar.java:130)
V/FlingTracker(  535): 	at com.android.systemui.statusbar.phone.PhoneStatusBarView.onTouchEvent(PhoneStatusBarView.java:201)
V/FlingTracker(  535): 	at android.view.View.dispatchTouchEvent(View.java:7706)
V/FlingTracker(  535): 	at android.view.ViewGroup.dispatchTransformedTouchEvent(ViewGroup.java:2210)
V/FlingTracker(  535): 	at android.view.ViewGroup.dispatchTouchEvent(ViewGroup.java:1945)
V/FlingTracker(  535): 	at android.view.ViewGroup.dispatchTransformedTouchEvent(ViewGroup.java:2216)
V/FlingTracker(  535): 	at android.view.ViewGroup.dispatchTouchEvent(ViewGroup.java:1959)
V/FlingTracker(  535): 	at android.view.View.dispatchPointerEvent(View.java:7886)
V/FlingTracker(  535): 	at android.view.ViewRootImpl$ViewPostImeInputStage.processPointerEvent(ViewRootImpl.java:3978)
V/FlingTracker(  535): 	at android.view.ViewRootImpl$ViewPostImeInputStage.onProcess(ViewRootImpl.java:3857)
V/FlingTracker(  535): 	at android.view.ViewRootImpl$InputStage.deliver(ViewRootImpl.java:3423)
V/FlingTracker(  535): 	at android.view.ViewRootImpl$InputStage.onDeliverToNext(ViewRootImpl.java:3473)
V/FlingTracker(  535): 	at android.view.ViewRootImpl$InputStage.forward(ViewRootImpl.java:3442)
V/FlingTracker(  535): 	at android.view.ViewRootImpl$AsyncInputStage.forward(ViewRootImpl.java:3549)
V/FlingTracker(  535): 	at android.view.ViewRootImpl$InputStage.apply(ViewRootImpl.java:3450)
V/FlingTracker(  535): 	at android.view.ViewRootImpl$AsyncInputStage.apply(ViewRootImpl.java:3606)
V/FlingTracker(  535): 	at android.view.ViewRootImpl$InputStage.deliver(ViewRootImpl.java:3423)
V/FlingTracker(  535): 	at android.view.ViewRootImpl$InputStage.onDeliverToNext(ViewRootImpl.java:3473)
V/FlingTracker(  535): 	at android.view.ViewRootImpl$InputStage.forward(ViewRootImpl.java:3442)
V/FlingTracker(  535): 	at android.view.ViewRootImpl$InputStage.apply(ViewRootImpl.java:3450)
V/FlingTracker(  535): 	at android.view.ViewRootImpl$InputStage.deliver(ViewRootImpl.java:3423)
V/FlingTracker(  535): 	at android.view.ViewRootImpl.deliverInputEvent(ViewRootImpl.java:5626)
V/FlingTracker(  535): 	at android.view.ViewRootImpl.doProcessInputEvents(ViewRootImpl.java:5606)
V/FlingTracker(  535): 	at android.view.ViewRootImpl.enqueueInputEvent(ViewRootImpl.java:5577)
V/FlingTracker(  535): 	at android.view.ViewRootImpl$WindowInputEventReceiver.onInputEvent(ViewRootImpl.java:5706)
V/FlingTracker(  535): 	at android.view.InputEventReceiver.dispatchInputEvent(InputEventReceiver.java:185)
V/FlingTracker(  535): 	at android.os.MessageQueue.nativePollOnce(Native Method)
V/FlingTracker(  535): 	at android.os.MessageQueue.next(MessageQueue.java:138)
V/FlingTracker(  535): 	at android.os.Looper.loop(Looper.java:123)
V/FlingTracker(  535): 	at android.app.ActivityThread.main(ActivityThread.java:5019)
V/FlingTracker(  535): 	at java.lang.reflect.Method.invokeNative(Native Method)
V/FlingTracker(  535): 	at java.lang.reflect.Method.invoke(Method.java:515)
V/FlingTracker(  535): 	at com.android.internal.os.ZygoteInit$MethodAndArgsCaller.run(ZygoteInit.java:779)
V/FlingTracker(  535): 	at com.android.internal.os.ZygoteInit.main(ZygoteInit.java:595)
V/FlingTracker(  535): 	at dalvik.system.NativeStart.main(Native Method)
V/PanelView(  535): animationTick called with dtms=0; nothing to do (h=0.0 v=0.0)
I/ActivityManager(  480): START u0 {act=android.intent.action.MAIN cat=[android.intent.category.LAUNCHER] flg=0x10000000 sel={act=android.intent.action.MAIN cat=[android.intent.category.APP_MUSIC]}} from pid 480
V/PanelView(  535): animationTick called with dtms=0; nothing to do (h=0.0 v=-0.0)
I/chromium( 4104): [INFO:async_pixel_transfer_manager_android.cc(56)] Async pixel transfers not supported
I/chromium( 4104): [INFO:async_pixel_transfer_manager_android.cc(56)] Async pixel transfers not supported
W/UnimplementedWebViewApi( 4104): Unimplemented WebView method onKeyMultiple called from: android.webkit.WebView.onKeyMultiple(WebView.java:2179)
W/UnimplementedWebViewApi( 4104): Unimplemented WebView method onKeyDown called from: android.webkit.WebView.onKeyDown(WebView.java:2169)
V/PanelView(  535): animationTick called with dtms=0; nothing to do (h=0.0 v=0.0)
I/SnapScrollController( 4104): setSnapScrollingMode case-default no-op
W/ContextImpl(  480): Calling a method in the system process without a qualified user: android.app.ContextImpl.sendBroadcast:1123 com.android.server.InputMethodManagerService.hideCurrentInputLocked:1880 com.android.server.InputMethodManagerService.hideSoftInput:1843 com.android.internal.view.IInputMethodManager$Stub.onTransact:194 com.android.server.InputMethodManagerService.onTransact:818 
