D/dalvikvm(13416): GC_CONCURRENT freed 334K, 11% free 3219K/3612K, paused 0ms+1ms, total 5ms
W/ViewRootImpl( 4104): Dropping event due to no window focus: KeyEvent { action=ACTION_DOWN, keyCode=KEYCODE_DPAD_CENTER, scanCode=0, metaState=0, flags=0x408, repeatCount=0, eventTime=3112580, downTime=3112580, deviceId=-1, source=0x101 }
D/WebViewTimersControl( 4104): onBrowserActivityResume
D/WebViewTimersControl( 4104): Resuming webview timers, view=com.android.browser.BrowserWebView{4ab13110 VFEDHVCL .F...... 0,0-720,1164}
D/dalvikvm(13416): GC_CONCURRENT freed 310K, 11% free 3296K/3664K, paused 2ms+1ms, total 4ms
D/dalvikvm(13416): GC_CONCURRENT freed 397K, 12% free 3351K/3804K, paused 1ms+1ms, total 4ms
W/dalvikvm(13416): VFY: unable to find class referenced in signature (Landroid/app/SharedElementCallback;)
I/dalvikvm(13416): Could not find method android.app.Activity.setEnterSharedElementCallback, referenced from method android.support.v4.app.FragmentActivity.setEnterSharedElementCallback
W/dalvikvm(13416): VFY: unable to resolve virtual method 2415: Landroid/app/Activity;.setEnterSharedElementCallback (Landroid/app/SharedElementCallback;)V
D/dalvikvm(13416): VFY: replacing opcode 0x6e at 0x000e
W/dalvikvm(13416): VFY: unable to find class referenced in signature (Landroid/app/SharedElementCallback;)
I/dalvikvm(13416): Could not find method android.app.Activity.setExitSharedElementCallback, referenced from method android.support.v4.app.FragmentActivity.setExitSharedElementCallback
W/dalvikvm(13416): VFY: unable to resolve virtual method 2416: Landroid/app/Activity;.setExitSharedElementCallback (Landroid/app/SharedElementCallback;)V
D/dalvikvm(13416): VFY: replacing opcode 0x6e at 0x000e
E/dalvikvm(13416): Could not find class 'android.media.session.MediaController', referenced from method android.support.v4.app.FragmentActivity.setSupportMediaController
W/dalvikvm(13416): VFY: unable to resolve check-cast 609 (Landroid/media/session/MediaController;) in Landroid/support/v4/app/FragmentActivity;
D/dalvikvm(13416): VFY: replacing opcode 0x1f at 0x000f
I/dalvikvm(13416): Could not find method android.app.Activity.finishAfterTransition, referenced from method android.support.v4.app.FragmentActivity.supportFinishAfterTransition
W/dalvikvm(13416): VFY: unable to resolve virtual method 2375: Landroid/app/Activity;.finishAfterTransition ()V
D/dalvikvm(13416): VFY: replacing opcode 0x6e at 0x0006
I/dalvikvm(13416): Could not find method android.app.Activity.postponeEnterTransition, referenced from method android.support.v4.app.FragmentActivity.supportPostponeEnterTransition
W/dalvikvm(13416): VFY: unable to resolve virtual method 2412: Landroid/app/Activity;.postponeEnterTransition ()V
D/dalvikvm(13416): VFY: replacing opcode 0x6e at 0x0006
I/dalvikvm(13416): Could not find method android.app.Activity.startPostponedEnterTransition, referenced from method android.support.v4.app.FragmentActivity.supportStartPostponedEnterTransition
W/dalvikvm(13416): VFY: unable to resolve virtual method 2426: Landroid/app/Activity;.startPostponedEnterTransition ()V
D/dalvikvm(13416): VFY: replacing opcode 0x6e at 0x0006
I/dalvikvm(13416): Could not find method android.app.Activity.shouldShowRequestPermissionRationale, referenced from method gs.a
W/dalvikvm(13416): VFY: unable to resolve virtual method 2419: Landroid/app/Activity;.shouldShowRequestPermissionRationale (Ljava/lang/String;)Z
D/dalvikvm(13416): VFY: replacing opcode 0x6e at 0x0008
D/dalvikvm(13416): GC_CONCURRENT freed 286K, 11% free 3466K/3876K, paused 2ms+1ms, total 5ms
W/dalvikvm(13416): VFY: unable to find class referenced in signature (Landroid/view/SearchEvent;)
I/dalvikvm(13416): Could not find method android.view.Window$Callback.onSearchRequested, referenced from method aes.onSearchRequested
W/dalvikvm(13416): VFY: unable to resolve interface method 8550: Landroid/view/Window$Callback;.onSearchRequested (Landroid/view/SearchEvent;)Z
D/dalvikvm(13416): VFY: replacing opcode 0x72 at 0x0002
I/dalvikvm(13416): Could not find method android.view.Window$Callback.onWindowStartingActionMode, referenced from method aes.onWindowStartingActionMode
W/dalvikvm(13416): VFY: unable to resolve interface method 8554: Landroid/view/Window$Callback;.onWindowStartingActionMode (Landroid/view/ActionMode$Callback;I)Landroid/view/ActionMode;
D/dalvikvm(13416): VFY: replacing opcode 0x72 at 0x0002
I/dalvikvm(13416): Could not find method android.content.Context.getDrawable, referenced from method kk.a
W/dalvikvm(13416): VFY: unable to resolve virtual method 2739: Landroid/content/Context;.getDrawable (I)Landroid/graphics/drawable/Drawable;
D/dalvikvm(13416): VFY: replacing opcode 0x6e at 0x0006
I/dalvikvm(13416): Could not find method android.content.Context.getColor, referenced from method kk.b
W/dalvikvm(13416): VFY: unable to resolve virtual method 2734: Landroid/content/Context;.getColor (I)I
D/dalvikvm(13416): VFY: replacing opcode 0x6e at 0x0006
I/dalvikvm(13416): Could not find method android.view.View.setNestedScrollingEnabled, referenced from method bwy.a
W/dalvikvm(13416): VFY: unable to resolve virtual method 473: Landroid/view/View;.setNestedScrollingEnabled (Z)V
D/dalvikvm(13416): VFY: replacing opcode 0x6e at 0x0009
I/dalvikvm(13416): Could not find method android.view.View.getTransitionName, referenced from method gf.a
W/dalvikvm(13416): VFY: unable to resolve virtual method 8276: Landroid/view/View;.getTransitionName ()Ljava/lang/String;
D/dalvikvm(13416): VFY: replacing opcode 0x6e at 0x0026
W/dalvikvm(13416): Unable to resolve superclass of Lhs; (929)
W/dalvikvm(13416): Link of class 'Lhs;' failed
E/dalvikvm(13416): Could not find class 'hs', referenced from method gf.a
W/dalvikvm(13416): VFY: unable to resolve new-instance 8496 (Lhs;) in Lgf;
D/dalvikvm(13416): VFY: replacing opcode 0x22 at 0x0221
I/dalvikvm(13416): Could not find method android.view.View.getTransitionName, referenced from method gf.b
W/dalvikvm(13416): VFY: unable to resolve virtual method 8276: Landroid/view/View;.getTransitionName ()Ljava/lang/String;
D/dalvikvm(13416): VFY: replacing opcode 0x6e at 0x0017
W/dalvikvm(13416): Unable to resolve superclass of Lhs; (929)
W/dalvikvm(13416): Link of class 'Lhs;' failed
D/dalvikvm(13416): DexOpt: unable to opt direct call 0xd679 at 0x227 in Lgf;.a
D/dalvikvm(13416): GC_CONCURRENT freed 253K, 8% free 3629K/3940K, paused 0ms+0ms, total 4ms
E/FlurryAgent(13416): Listener cannot be null
I/dalvikvm(13416): Could not find method android.app.Notification$Builder.setLocalOnly, referenced from method com.google.android.gms.common.GooglePlayServicesUtil.zza
W/dalvikvm(13416): VFY: unable to resolve virtual method 2587: Landroid/app/Notification$Builder;.setLocalOnly (Z)Landroid/app/Notification$Builder;
D/dalvikvm(13416): VFY: replacing opcode 0x6e at 0x0100
D/dalvikvm(13416): GC_CONCURRENT freed 308K, 9% free 3781K/4144K, paused 1ms+1ms, total 6ms
D/dalvikvm(13416): GC_CONCURRENT freed 326K, 10% free 3867K/4252K, paused 3ms+0ms, total 5ms
D/dalvikvm(13416): GC_CONCURRENT freed 343K, 10% free 3910K/4312K, paused 0ms+1ms, total 4ms
E/dalvikvm(13416): Bogus static initialization: value type 23 in field type Ljava/lang/Object; for Lcom/tmobile/pr/mytmobile/datacollection/framework/accessapi/DataType; at index 0
E/dalvikvm(13416): VM aborting
F/libc    (13416): Fatal signal 6 (SIGABRT) at 0x00003468 (code=-6), thread 13416 (le.pr.mytmobile)
I/DEBUG   (12890): *** *** *** *** *** *** *** *** *** *** *** *** *** *** *** ***
I/DEBUG   (12890): Build fingerprint: 'samsung/SM-G955N/dream2lteks:4.4.2/NRD90M/381180401:user/release-keys'
I/DEBUG   (12890): Revision: '0'
I/DEBUG   (12890): pid: 13416, tid: 13416, name: le.pr.mytmobile  >>> com.tmobile.pr.mytmobile <<<
I/DEBUG   (12890): signal 6 (SIGABRT), code -6 (SI_TKILL), fault addr --------
I/DEBUG   (12890):     eax 00000000  ebx 00003468  ecx 00003468  edx 00000006
I/DEBUG   (12890):     esi 00003468  edi 00000002
I/DEBUG   (12890):     xcs 00000073  xds 0000007b  xes 0000007b  xfs 00000000  xss 0000007b
I/DEBUG   (12890):     eip b76960d6  ebp b76ffce0  esp bf8de5c0  flags 00200203
I/DEBUG   (12890): 
I/DEBUG   (12890): backtrace:
I/DEBUG   (12890):     #00  pc 0003c0d6  /system/lib/libc.so (tgkill+22)
I/DEBUG   (12890):     #01  pc 00000005  <unknown>
I/DEBUG   (12890): 
I/DEBUG   (12890): stack:
I/DEBUG   (12890):          bf8de580  00000000  
I/DEBUG   (12890):          bf8de584  b76fb268  /system/lib/libc.so
I/DEBUG   (12890):          bf8de588  00000000  
I/DEBUG   (12890):          bf8de58c  b7667f39  /system/lib/libc.so (pthread_mutex_unlock+25)
I/DEBUG   (12890):          bf8de590  b76fb18c  /system/lib/libc.so
I/DEBUG   (12890):          bf8de594  b7c600a0  [heap]
I/DEBUG   (12890):          bf8de598  00000015  
I/DEBUG   (12890):          bf8de59c  b4d0c2e4  /system/lib/libdvm.so
I/DEBUG   (12890):          bf8de5a0  00000000  
I/DEBUG   (12890):          bf8de5a4  b76b4926  /system/lib/libc.so (funlockfile+6)
I/DEBUG   (12890):          bf8de5a8  b76fafcc  /system/lib/libc.so
I/DEBUG   (12890):          bf8de5ac  b76a0006  /system/lib/libc.so (__sflush_locked+150)
I/DEBUG   (12890):          bf8de5b0  00000000  
I/DEBUG   (12890):          bf8de5b4  00000000  
I/DEBUG   (12890):          bf8de5b8  b7667d69  /system/lib/libc.so (pthread_mutex_lock+9)
I/DEBUG   (12890):          bf8de5bc  b76fafcc  /system/lib/libc.so
I/DEBUG   (12890):     #00  bf8de5c0  00000006  
I/DEBUG   (12890):          bf8de5c4  00003468  
I/DEBUG   (12890):          bf8de5c8  b76fafcc  /system/lib/libc.so
I/DEBUG   (12890):          bf8de5cc  b76724a6  /system/lib/libc.so (pthread_kill+102)
I/DEBUG   (12890):          bf8de5d0  00003468  
I/DEBUG   (12890):          bf8de5d4  00003468  
I/DEBUG   (12890):          bf8de5d8  00000006  
I/DEBUG   (12890):          bf8de5dc  00000000  
I/DEBUG   (12890):          bf8de5e0  b76fb268  /system/lib/libc.so
I/DEBUG   (12890):          bf8de5e4  b4ee8f20  
I/DEBUG   (12890):          bf8de5e8  b7672449  /system/lib/libc.so (pthread_kill+9)
I/DEBUG   (12890):          bf8de5ec  b76fafcc  /system/lib/libc.so
I/DEBUG   (12890):          bf8de5f0  bf8de63c  [stack]
I/DEBUG   (12890):          bf8de5f4  bf8de870  [stack]
I/DEBUG   (12890):          bf8de5f8  00000000  
I/DEBUG   (12890):          bf8de5fc  b767282c  /system/lib/libc.so (raise+44)
D/WebViewTimersControl( 4104): onBrowserActivityPause
D/WebViewTimersControl( 4104): Pausing webview timers, view=com.android.browser.BrowserWebView{4ab13110 VFEDHVCL .F...... 0,0-720,1164}
D/WebViewTimersControl( 4104): onBrowserActivityPause
D/WebViewTimersControl( 4104): Pausing webview timers, view=com.android.browser.BrowserWebView{4ab13110 VFEDHVCL .F...... 0,0-720,1164}
I/BootReceiver(  480): Copying /data/tombstones/tombstone_04 to DropBox (SYSTEM_TOMBSTONE)
W/NetworkManagementSocketTagger(  480): setKernelCountSet(10207, 0) failed with errno -13
I/InputDispatcher(  480): Dropping event because there is no focused window or focused application.
I/InputDispatcher(  480): Dropping event because there is no focused window or focused application.
I/InputDispatcher(  480): Dropping event because there is no focused window or focused application.
I/WindowState(  480): WIN DEATH: Window{4ab57714 u0 com.tmobile.pr.mytmobile/com.tmobile.pr.mytmobile.MyTMobileActivity}
I/ActivityManager(  480): Process com.tmobile.pr.mytmobile (pid 13416) has died.
W/ActivityManager(  480): Force removing ActivityRecord{4b277e00 u0 com.tmobile.pr.mytmobile/.MyTMobileActivity t313}: app died, no saved state
W/InputManager(  480): Input event injection from pid 13323 failed.
W/InputManager(  480): Input event injection from pid 13323 failed.
W/InputManager(  480): Input event injection from pid 13323 failed.
W/ActivityManager(  480): Force-killing crashed app com.tmobile.pr.mytmobile at watcher's request
W/ContextImpl(  480): Calling a method in the system process without a qualified user: android.app.ContextImpl.sendBroadcast:1123 com.android.server.am.ActivityManagerService.handleApplicationCrashInner:9670 com.android.server.am.NativeCrashListener$NativeCrashReporter.run:86 <bottom of call stack> <bottom of call stack> 
D/Zygote  (  167): Process 13416 terminated by signal (6)
W/ViewRootImpl( 4104): Dropping event due to no window focus: KeyEvent { action=ACTION_DOWN, keyCode=KEYCODE_DPAD_DOWN, scanCode=0, metaState=0, flags=0x8, repeatCount=0, eventTime=3113870, downTime=3113870, deviceId=-1, source=0x101 }
D/dalvikvm( 4104): GC_FOR_ALLOC freed 2256K, 23% free 9791K/12692K, paused 5ms, total 5ms
D/WebViewTimersControl( 4104): onBrowserActivityResume
D/WebViewTimersControl( 4104): Resuming webview timers, view=com.android.browser.BrowserWebView{4ab13110 VFEDHVCL .F...... 0,0-720,1164}
W/ViewRootImpl( 4104): Dropping event due to no window focus: KeyEvent { action=ACTION_DOWN, keyCode=KEYCODE_2, scanCode=0, metaState=0, flags=0x8, repeatCount=0, eventTime=3113906, downTime=3113906, deviceId=-1, source=0x101 }
W/InputMethodManagerService(  480): Window already focused, ignoring focus gain of: com.android.internal.view.IInputMethodClient$Stub$Proxy@4aa5dc94 attribute=null, token = android.os.BinderProxy@4b0bc1ac
W/UnimplementedWebViewApi( 4104): Unimplemented WebView method onKeyDown called from: android.webkit.WebView.onKeyDown(WebView.java:2169)
W/ViewRootImpl( 4104): Dropping event due to no window focus: KeyEvent { action=ACTION_DOWN, keyCode=KEYCODE_RIGHT_BRACKET, scanCode=0, metaState=0, flags=0x8, repeatCount=0, eventTime=3113988, downTime=3113988, deviceId=-1, source=0x101 }
W/ViewRootImpl( 4104): Dropping event due to no window focus: MotionEvent { action=ACTION_MOVE, id[0]=0, x[0]=-4.0, y[0]=-5.0, toolType[0]=TOOL_TYPE_UNKNOWN, buttonState=0, metaState=0, flags=0x0, edgeFlags=0x0, pointerCount=1, historySize=9, eventTime=3113992, downTime=-1, deviceId=0, source=0x10004 }
W/EGL_emulation( 4104): eglSurfaceAttrib not implemented 3093 12436
W/ViewRootImpl( 4104): Dropping event due to no window focus: KeyEvent { action=ACTION_DOWN, keyCode=KEYCODE_MENU, scanCode=0, metaState=0, flags=0x8, repeatCount=0, eventTime=3113993, downTime=3113993, deviceId=-1, source=0x101 }
I/ActivityManager(  480): START u0 {act=android.intent.action.MAIN cat=[android.intent.category.LAUNCHER] flg=0x10200000 cmp=com.tmobile.pr.mytmobile/.MyTMobileActivity} from pid 13323
W/NetworkManagementSocketTagger(  480): setKernelCountSet(10207, 1) failed with errno -13
I/dalvikvm(13473): ignoring registerObject request in thread=1
I/dalvikvm(13473): ignoring registerObject request in thread=1
I/ActivityManager(  480): Start proc com.tmobile.pr.mytmobile for activity com.tmobile.pr.mytmobile/.MyTMobileActivity: pid=13473 uid=10207 gids={50207, 3002, 3001, 3003, 1028, 1015, 1023}
I/dalvikvm(13473): Could not find method android.content.pm.PackageManager.getPackageInstaller, referenced from method com.google.android.gms.common.zze.zzi
W/dalvikvm(13473): VFY: unable to resolve virtual method 2899: Landroid/content/pm/PackageManager;.getPackageInstaller ()Landroid/content/pm/PackageInstaller;
D/dalvikvm(13473): VFY: replacing opcode 0x6e at 0x000a
D/dalvikvm(13473): JIT code cache reset in 0 ms (0 bytes 1/0)
D/dalvikvm(13473): GC_CONCURRENT freed 259K, 10% free 2914K/3232K, paused 1ms+0ms, total 3ms
I/dalvikvm(13473): Could not find method android.telephony.SubscriptionManager.getActiveSubscriptionInfoForSimSlotIndex, referenced from method com.tmobile.pr.mytmobile.tmocommons.system.TelephonyManagerUtil.getSubscriptionIdForSlot
W/dalvikvm(13473): VFY: unable to resolve virtual method 7809: Landroid/telephony/SubscriptionManager;.getActiveSubscriptionInfoForSimSlotIndex (I)Landroid/telephony/SubscriptionInfo;
D/dalvikvm(13473): VFY: replacing opcode 0x6e at 0x001a
I/dalvikvm(13473): Could not find method android.telephony.SubscriptionManager.from, referenced from method com.tmobile.pr.mytmobile.tmocommons.system.TelephonyManagerUtil.isDualSIM
W/dalvikvm(13473): VFY: unable to resolve static method 7807: Landroid/telephony/SubscriptionManager;.from (Landroid/content/Context;)Landroid/telephony/SubscriptionManager;
D/dalvikvm(13473): VFY: replacing opcode 0x71 at 0x0002
D/dalvikvm(13473): GC_CONCURRENT freed 280K, 11% free 3030K/3372K, paused 2ms+0ms, total 4ms
W/dalvikvm(13473): VFY: unable to find class referenced in signature (Landroid/net/Network;)
W/dalvikvm(13473): VFY: unable to find class referenced in signature (Landroid/net/Network;)
I/dalvikvm(13473): Could not find method android.net.Network.getSocketFactory, referenced from method com.tmobile.pr.mytmobile.secureconnection.urlconnection.SecURLConFactory.createSSLSocketFactory
W/dalvikvm(13473): VFY: unable to resolve virtual method 3589: Landroid/net/Network;.getSocketFactory ()Ljavax/net/SocketFactory;
D/dalvikvm(13473): VFY: replacing opcode 0x6e at 0x001e
W/dalvikvm(13473): VFY: unable to find class referenced in signature (Landroid/net/Network;)
I/dalvikvm(13473): Could not find method android.net.Network.openConnection, referenced from method com.tmobile.pr.mytmobile.secureconnection.urlconnection.SecURLConFactory.getURLConnection
W/dalvikvm(13473): VFY: unable to resolve virtual method 3590: Landroid/net/Network;.openConnection (Ljava/net/URL;)Ljava/net/URLConnection;
D/dalvikvm(13473): VFY: replacing opcode 0x6e at 0x0008
W/dalvikvm(13473): VFY: unable to find class referenced in signature (Landroid/net/Network;)
W/dalvikvm(13473): VFY: unable to find class referenced in signature (Landroid/net/Network;)
I/dalvikvm(13473): Could not find method android.provider.Settings$System.canWrite, referenced from method ehd.i
W/dalvikvm(13473): VFY: unable to resolve static method 3960: Landroid/provider/Settings$System;.canWrite (Landroid/content/Context;)Z
D/dalvikvm(13473): VFY: replacing opcode 0x71 at 0x0006
I/System.out(13473): body:<com.tmobile.pr.mytmobile.secureconnection.sessions.handshakeimpl.HandshakeAddressHolder: void <init>(java.lang.String,int)>	sig:specialinvoke $r3.<java.net.URL: void <init>(java.lang.String)>($r1)	timediff:0
I/System.out(13473): <com.tmobile.pr.mytmobile.secureconnection.sessions.handshakeimpl.HandshakeAddressHolder: void <init>(java.lang.String,int)>###specialinvoke $r3.<java.net.URL: void <init>(java.lang.String)>($r1)###http://issueassistservice.tmocce.com/IssueAssistService.svc/Handshake
I/System.out(13473): body:<com.tmobile.pr.mytmobile.secureconnection.sessions.handshakeimpl.HandshakeAddressHolder: void <init>(java.lang.String,int)>	sig:$r1 = virtualinvoke $r3.<java.net.URL: java.lang.String getHost()>()	timediff:0
I/System.out(13473): body:<com.tmobile.pr.mytmobile.secureconnection.sessions.handshakeimpl.HandshakeAddressHolder: void <init>(java.lang.String,int)>	sig:$r1 = virtualinvoke $r3.<java.net.URL: java.lang.String getFile()>()	timediff:0
I/dalvikvm(13473): Could not find method android.webkit.CookieManager.removeAllCookies, referenced from method com.tmobile.tid.TMobileId.a
W/dalvikvm(13473): VFY: unable to resolve virtual method 8696: Landroid/webkit/CookieManager;.removeAllCookies (Landroid/webkit/ValueCallback;)V
D/dalvikvm(13473): VFY: replacing opcode 0x6e at 0x00b8
I/dalvikvm(13473): Could not find method android.webkit.CookieManager.flush, referenced from method com.tmobile.tid.TidAuthenticator.c
W/dalvikvm(13473): VFY: unable to resolve virtual method 516: Landroid/webkit/CookieManager;.flush ()V
D/dalvikvm(13473): VFY: replacing opcode 0x6e at 0x000a
D/dalvikvm(13473): GC_CONCURRENT freed 270K, 10% free 3151K/3484K, paused 1ms+0ms, total 4ms
I/dalvikvm(13473): Could not find method android.app.AlarmManager.setExactAndAllowWhileIdle, referenced from method com.tmobile.pr.mytmobile.triggers.AlarmTriggerScheduler.a
W/dalvikvm(13473): VFY: unable to resolve virtual method 2443: Landroid/app/AlarmManager;.setExactAndAllowWhileIdle (IJLandroid/app/PendingIntent;)V
D/dalvikvm(13473): VFY: replacing opcode 0x6e at 0x009e
I/WearableService(  643): Wearable Services stopping
D/dalvikvm(13473): GC_CONCURRENT freed 318K, 11% free 3219K/3596K, paused 1ms+0ms, total 3ms
D/dalvikvm(13473): GC_CONCURRENT freed 315K, 11% free 3293K/3664K, paused 1ms+0ms, total 4ms
D/dalvikvm(13473): GC_CONCURRENT freed 343K, 11% free 3334K/3736K, paused 2ms+0ms, total 5ms
D/dalvikvm(13473): GC_CONCURRENT freed 302K, 10% free 3433K/3808K, paused 1ms+0ms, total 4ms
W/dalvikvm(13473): VFY: unable to find class referenced in signature (Landroid/app/SharedElementCallback;)
I/dalvikvm(13473): Could not find method android.app.Activity.setEnterSharedElementCallback, referenced from method android.support.v4.app.FragmentActivity.setEnterSharedElementCallback
W/dalvikvm(13473): VFY: unable to resolve virtual method 2415: Landroid/app/Activity;.setEnterSharedElementCallback (Landroid/app/SharedElementCallback;)V
D/dalvikvm(13473): VFY: replacing opcode 0x6e at 0x000e
W/dalvikvm(13473): VFY: unable to find class referenced in signature (Landroid/app/SharedElementCallback;)
I/dalvikvm(13473): Could not find method android.app.Activity.setExitSharedElementCallback, referenced from method android.support.v4.app.FragmentActivity.setExitSharedElementCallback
W/dalvikvm(13473): VFY: unable to resolve virtual method 2416: Landroid/app/Activity;.setExitSharedElementCallback (Landroid/app/SharedElementCallback;)V
D/dalvikvm(13473): VFY: replacing opcode 0x6e at 0x000e
E/dalvikvm(13473): Could not find class 'android.media.session.MediaController', referenced from method android.support.v4.app.FragmentActivity.setSupportMediaController
W/dalvikvm(13473): VFY: unable to resolve check-cast 609 (Landroid/media/session/MediaController;) in Landroid/support/v4/app/FragmentActivity;
D/dalvikvm(13473): VFY: replacing opcode 0x1f at 0x000f
I/dalvikvm(13473): Could not find method android.app.Activity.finishAfterTransition, referenced from method android.support.v4.app.FragmentActivity.supportFinishAfterTransition
W/dalvikvm(13473): VFY: unable to resolve virtual method 2375: Landroid/app/Activity;.finishAfterTransition ()V
D/dalvikvm(13473): VFY: replacing opcode 0x6e at 0x0006
I/dalvikvm(13473): Could not find method android.app.Activity.postponeEnterTransition, referenced from method android.support.v4.app.FragmentActivity.supportPostponeEnterTransition
W/dalvikvm(13473): VFY: unable to resolve virtual method 2412: Landroid/app/Activity;.postponeEnterTransition ()V
D/dalvikvm(13473): VFY: replacing opcode 0x6e at 0x0006
I/dalvikvm(13473): Could not find method android.app.Activity.startPostponedEnterTransition, referenced from method android.support.v4.app.FragmentActivity.supportStartPostponedEnterTransition
W/dalvikvm(13473): VFY: unable to resolve virtual method 2426: Landroid/app/Activity;.startPostponedEnterTransition ()V
D/dalvikvm(13473): VFY: replacing opcode 0x6e at 0x0006
I/dalvikvm(13473): Could not find method android.app.Activity.shouldShowRequestPermissionRationale, referenced from method gs.a
W/dalvikvm(13473): VFY: unable to resolve virtual method 2419: Landroid/app/Activity;.shouldShowRequestPermissionRationale (Ljava/lang/String;)Z
D/dalvikvm(13473): VFY: replacing opcode 0x6e at 0x0008
W/dalvikvm(13473): VFY: unable to find class referenced in signature (Landroid/view/SearchEvent;)
I/dalvikvm(13473): Could not find method android.view.Window$Callback.onSearchRequested, referenced from method aes.onSearchRequested
W/dalvikvm(13473): VFY: unable to resolve interface method 8550: Landroid/view/Window$Callback;.onSearchRequested (Landroid/view/SearchEvent;)Z
D/dalvikvm(13473): VFY: replacing opcode 0x72 at 0x0002
I/dalvikvm(13473): Could not find method android.view.Window$Callback.onWindowStartingActionMode, referenced from method aes.onWindowStartingActionMode
W/dalvikvm(13473): VFY: unable to resolve interface method 8554: Landroid/view/Window$Callback;.onWindowStartingActionMode (Landroid/view/ActionMode$Callback;I)Landroid/view/ActionMode;
D/dalvikvm(13473): VFY: replacing opcode 0x72 at 0x0002
I/dalvikvm(13473): Could not find method android.content.Context.getDrawable, referenced from method kk.a
W/dalvikvm(13473): VFY: unable to resolve virtual method 2739: Landroid/content/Context;.getDrawable (I)Landroid/graphics/drawable/Drawable;
D/dalvikvm(13473): VFY: replacing opcode 0x6e at 0x0006
I/dalvikvm(13473): Could not find method android.content.Context.getColor, referenced from method kk.b
W/dalvikvm(13473): VFY: unable to resolve virtual method 2734: Landroid/content/Context;.getColor (I)I
D/dalvikvm(13473): VFY: replacing opcode 0x6e at 0x0006
W/ViewRootImpl( 4104): Dropping event due to no window focus: KeyEvent { action=ACTION_DOWN, keyCode=KEYCODE_DPAD_CENTER, scanCode=0, metaState=0, flags=0x408, repeatCount=0, eventTime=3113056, downTime=3113056, deviceId=-1, source=0x101 }
D/dalvikvm(13473): GC_CONCURRENT freed 227K, 8% free 3593K/3880K, paused 1ms+0ms, total 4ms
I/dalvikvm(13473): Could not find method android.view.View.setNestedScrollingEnabled, referenced from method bwy.a
W/dalvikvm(13473): VFY: unable to resolve virtual method 473: Landroid/view/View;.setNestedScrollingEnabled (Z)V
D/dalvikvm(13473): VFY: replacing opcode 0x6e at 0x0009
I/dalvikvm(13473): Could not find method android.view.View.getTransitionName, referenced from method gf.a
W/dalvikvm(13473): VFY: unable to resolve virtual method 8276: Landroid/view/View;.getTransitionName ()Ljava/lang/String;
D/dalvikvm(13473): VFY: replacing opcode 0x6e at 0x0026
W/dalvikvm(13473): Unable to resolve superclass of Lhs; (929)
W/dalvikvm(13473): Link of class 'Lhs;' failed
E/dalvikvm(13473): Could not find class 'hs', referenced from method gf.a
W/dalvikvm(13473): VFY: unable to resolve new-instance 8496 (Lhs;) in Lgf;
D/dalvikvm(13473): VFY: replacing opcode 0x22 at 0x0221
I/dalvikvm(13473): Could not find method android.view.View.getTransitionName, referenced from method gf.b
W/dalvikvm(13473): VFY: unable to resolve virtual method 8276: Landroid/view/View;.getTransitionName ()Ljava/lang/String;
D/dalvikvm(13473): VFY: replacing opcode 0x6e at 0x0017
W/dalvikvm(13473): Unable to resolve superclass of Lhs; (929)
W/dalvikvm(13473): Link of class 'Lhs;' failed
D/dalvikvm(13473): DexOpt: unable to opt direct call 0xd679 at 0x227 in Lgf;.a
E/FlurryAgent(13473): Listener cannot be null
I/dalvikvm(13473): Could not find method android.app.Notification$Builder.setLocalOnly, referenced from method com.google.android.gms.common.GooglePlayServicesUtil.zza
W/dalvikvm(13473): VFY: unable to resolve virtual method 2587: Landroid/app/Notification$Builder;.setLocalOnly (Z)Landroid/app/Notification$Builder;
D/dalvikvm(13473): VFY: replacing opcode 0x6e at 0x0100
D/dalvikvm(13473): GC_CONCURRENT freed 318K, 10% free 3754K/4128K, paused 2ms+0ms, total 10ms
D/dalvikvm(13473): GC_CONCURRENT freed 342K, 11% free 3803K/4240K, paused 2ms+0ms, total 5ms
D/dalvikvm(  480): GC_EXPLICIT freed 4317K, 56% free 12422K/28204K, paused 1ms+2ms, total 22ms
D/dalvikvm(13473): GC_CONCURRENT freed 322K, 9% free 3879K/4260K, paused 1ms+0ms, total 4ms
D/BluetoothManagerService(  480): Message: 20
D/BluetoothManagerService(  480): Added callback: android.bluetooth.IBluetoothManagerCallback$Stub$Proxy@4b2cb158:true
D/BluetoothAdapter(13473): 1249800604: getState() :  mService = null. Returning STATE_OFF
D/dalvikvm(13473): GC_CONCURRENT freed 330K, 9% free 3997K/4388K, paused 1ms+0ms, total 4ms
D/WebViewTimersControl( 4104): onBrowserActivityPause
D/WebViewTimersControl( 4104): Pausing webview timers, view=com.android.browser.BrowserWebView{4ab13110 VFEDHVCL .F...... 0,0-720,1164}
E/dalvikvm(13473): Bogus static initialization: value type 23 in field type Ljava/lang/CharSequence; for Lcom/tmobile/pr/mytmobile/oneclickfix/manager/WFCManager; at index 2
E/dalvikvm(13473): VM aborting
F/libc    (13473): Fatal signal 6 (SIGABRT) at 0x000034a1 (code=-6), thread 13511 (pool-6-thread-1)
E/dalvikvm(13473): Bogus static initialization: value type 23 in field type Ljava/lang/Object; for Lcom/tmobile/pr/mytmobile/datacollection/framework/accessapi/DataType; at index 0
E/dalvikvm(13473): VM aborting
F/libc    (13473): Fatal signal 6 (SIGABRT) at 0x000034a1 (code=-6), thread 13473 (le.pr.mytmobile)
D/WebViewTimersControl( 4104): onBrowserActivityPause
D/WebViewTimersControl( 4104): Pausing webview timers, view=com.android.browser.BrowserWebView{4ab13110 VFEDHVCL .F...... 0,0-720,1164}
D/WebViewTimersControl( 4104): onBrowserActivityResume
D/WebViewTimersControl( 4104): Resuming webview timers, view=com.android.browser.BrowserWebView{4ab13110 VFEDHVCL .F...... 0,0-720,1164}
I/DEBUG   (12890): *** *** *** *** *** *** *** *** *** *** *** *** *** *** *** ***
I/DEBUG   (12890): Build fingerprint: 'samsung/SM-G955N/dream2lteks:4.4.2/NRD90M/381180401:user/release-keys'
I/DEBUG   (12890): Revision: '0'
I/DEBUG   (12890): pid: 13473, tid: 13511, name: pool-6-thread-1  >>> com.tmobile.pr.mytmobile <<<
I/DEBUG   (12890): signal 6 (SIGABRT), code -6 (SI_TKILL), fault addr --------
I/DEBUG   (12890):     eax 00000000  ebx 000034a1  ecx 000034c7  edx 00000006
I/DEBUG   (12890):     esi 000034c7  edi 00000002
I/DEBUG   (12890):     xcs 00000073  xds 0000007b  xes 0000007b  xfs 00000000  xss 0000007b
I/DEBUG   (12890):     eip b76960d6  ebp b76ffce0  esp 7e0f3740  flags 00200207
I/DEBUG   (12890): 
I/DEBUG   (12890): backtrace:
I/DEBUG   (12890):     #00  pc 0003c0d6  /system/lib/libc.so (tgkill+22)
I/DEBUG   (12890):     #01  pc 00000005  <unknown>
I/DEBUG   (12890): 
I/DEBUG   (12890): stack:
I/DEBUG   (12890):          7e0f3700  00000000  
I/DEBUG   (12890):          7e0f3704  b76fb268  /system/lib/libc.so
I/DEBUG   (12890):          7e0f3708  00000000  
I/DEBUG   (12890):          7e0f370c  b7667f39  /system/lib/libc.so (pthread_mutex_unlock+25)
I/DEBUG   (12890):          7e0f3710  b76fb18c  /system/lib/libc.so
I/DEBUG   (12890):          7e0f3714  b7c600a0  [heap]
I/DEBUG   (12890):          7e0f3718  00000015  
I/DEBUG   (12890):          7e0f371c  b7667f39  /system/lib/libc.so (pthread_mutex_unlock+25)
I/DEBUG   (12890):          7e0f3720  00000000  
I/DEBUG   (12890):          7e0f3724  b76b4926  /system/lib/libc.so (funlockfile+6)
I/DEBUG   (12890):          7e0f3728  b76fafcc  /system/lib/libc.so
I/DEBUG   (12890):          7e0f372c  b76a0006  /system/lib/libc.so (__sflush_locked+150)
I/DEBUG   (12890):          7e0f3730  00000000  
I/DEBUG   (12890):          7e0f3734  00000000  
I/DEBUG   (12890):          7e0f3738  b7667d69  /system/lib/libc.so (pthread_mutex_lock+9)
I/DEBUG   (12890):          7e0f373c  b76fafcc  /system/lib/libc.so
I/DEBUG   (12890):     #00  7e0f3740  00000006  
I/DEBUG   (12890):          7e0f3744  000034c7  
I/DEBUG   (12890):          7e0f3748  b76fafcc  /system/lib/libc.so
I/DEBUG   (12890):          7e0f374c  b76724a6  /system/lib/libc.so (pthread_kill+102)
I/DEBUG   (12890):          7e0f3750  000034a1  
I/DEBUG   (12890):          7e0f3754  000034c7  
I/DEBUG   (12890):          7e0f3758  00000006  
I/DEBUG   (12890):          7e0f375c  00000000  
I/DEBUG   (12890):          7e0f3760  b76fb268  /system/lib/libc.so
I/DEBUG   (12890):          7e0f3764  55155500  
I/DEBUG   (12890):          7e0f3768  b7672449  /system/lib/libc.so (pthread_kill+9)
I/DEBUG   (12890):          7e0f376c  b76fafcc  /system/lib/libc.so
I/DEBUG   (12890):          7e0f3770  7e0f37bc  [stack:13511]
I/DEBUG   (12890):          7e0f3774  7e0f39f0  [stack:13511]
I/DEBUG   (12890):          7e0f3778  00000002  
I/DEBUG   (12890):          7e0f377c  b767282c  /system/lib/libc.so (raise+44)
I/BootReceiver(  480): Copying /data/tombstones/tombstone_05 to DropBox (SYSTEM_TOMBSTONE)
I/Process (  480): Sending signal. PID: 13473 SIG: 9
W/NetworkManagementSocketTagger(  480): setKernelCountSet(10207, 0) failed with errno -13
I/InputDispatcher(  480): Dropping event because there is no focused window or focused application.
I/InputDispatcher(  480): Dropping event because there is no focused window or focused application.
I/InputDispatcher(  480): Dropping event because there is no focused window or focused application.
I/InputDispatcher(  480): Dropping event because there is no focused window or focused application.
I/InputDispatcher(  480): Dropping event because there is no focused window or focused application.
I/InputDispatcher(  480): Dropping event because there is no focused window or focused application.
I/InputDispatcher(  480): Dropping event because there is no focused window or focused application.
I/InputDispatcher(  480): Dropping event because there is no focused window or focused application.
I/InputDispatcher(  480): Dropping event because there is no focused window or focused application.
I/InputDispatcher(  480): Dropping event because there is no focused window or focused application.
I/InputDispatcher(  480): Dropping event because there is no focused window or focused application.
I/InputDispatcher(  480): Dropping event because there is no focused window or focused application.
I/InputDispatcher(  480): Dropping event because there is no focused window or focused application.
I/InputDispatcher(  480): Dropping event because there is no focused window or focused application.
I/InputDispatcher(  480): Dropping event because there is no focused window or focused application.
I/InputDispatcher(  480): Dropping event because there is no focused window or focused application.
I/InputDispatcher(  480): Dropping event because there is no focused window or focused application.
I/InputDispatcher(  480): Dropping event because there is no focused window or focused application.
I/InputDispatcher(  480): Dropping event because there is no focused window or focused application.
I/InputDispatcher(  480): Dropping event because there is no focused window or focused application.
W/ActivityManager(  480): Force-killing crashed app com.tmobile.pr.mytmobile at watcher's request
W/ContextImpl(  480): Calling a method in the system process without a qualified user: android.app.ContextImpl.sendBroadcast:1123 com.android.server.am.ActivityManagerService.handleApplicationCrashInner:9670 com.android.server.am.NativeCrashListener$NativeCrashReporter.run:86 <bottom of call stack> <bottom of call stack> 
I/ActivityManager(  480): Process com.tmobile.pr.mytmobile (pid 13473) has died.
I/WindowState(  480): WIN DEATH: Window{4af0d2ac u0 com.tmobile.pr.mytmobile/com.tmobile.pr.mytmobile.MyTMobileActivity}
W/ActivityManager(  480): Force removing ActivityRecord{4b011888 u0 com.tmobile.pr.mytmobile/.MyTMobileActivity t314}: app died, no saved state
W/InputManager(  480): Input event injection from pid 13323 failed.
W/InputManager(  480): Input event injection from pid 13323 failed.
W/InputManager(  480): Input event injection from pid 13323 failed.
W/InputManager(  480): Input event injection from pid 13323 failed.
W/InputManager(  480): Input event injection from pid 13323 failed.
W/InputManager(  480): Input event injection from pid 13323 failed.
W/InputManager(  480): Input event injection from pid 13323 failed.
W/InputManager(  480): Input event injection from pid 13323 failed.
W/InputManager(  480): Input event injection from pid 13323 failed.
W/InputManager(  480): Input event injection from pid 13323 failed.
W/InputManager(  480): Input event injection from pid 13323 failed.
W/InputManager(  480): Input event injection from pid 13323 failed.
W/InputManager(  480): Input event injection from pid 13323 failed.
W/InputManager(  480): Input event injection from pid 13323 failed.
W/InputManager(  480): Input event injection from pid 13323 failed.
W/InputManager(  480): Input event injection from pid 13323 failed.
W/InputManager(  480): Input event injection from pid 13323 failed.
W/InputManager(  480): Input event injection from pid 13323 failed.
W/InputManager(  480): Input event injection from pid 13323 failed.
I/InputDispatcher(  480): Dropping event because there is no focused window or focused application.
I/InputDispatcher(  480): Dropping event because there is no focused window or focused application.
I/InputDispatcher(  480): Dropping event because there is no focused window or focused application.
I/InputDispatcher(  480): Dropping event because there is no focused window or focused application.
I/InputDispatcher(  480): Dropping event because there is no focused window or focused application.
I/InputDispatcher(  480): Dropping event because there is no focused window or focused application.
I/InputDispatcher(  480): Dropping event because there is no focused window or focused application.
I/InputDispatcher(  480): Dropping event because there is no focused window or focused application.
I/InputDispatcher(  480): Dropping event because there is no focused window or focused application.
I/InputDispatcher(  480): Dropping event because there is no focused window or focused application.
I/DEBUG   (12890): tid 13473 does not exist in pid 13473. ignoring debug request
W/InputManager(  480): Input event injection from pid 13323 failed.
W/InputManager(  480): Input event injection from pid 13323 failed.
W/InputManager(  480): Input event injection from pid 13323 failed.
W/InputManager(  480): Input event injection from pid 13323 failed.
W/InputManager(  480): Input event injection from pid 13323 failed.
W/InputManager(  480): Input event injection from pid 13323 failed.
W/InputManager(  480): Input event injection from pid 13323 failed.
W/InputManager(  480): Input event injection from pid 13323 failed.
W/InputManager(  480): Input event injection from pid 13323 failed.
W/InputManager(  480): Input event injection from pid 13323 failed.
W/InputManager(  480): Input event injection from pid 13323 failed.
W/InputManager(  480): Input event injection from pid 13323 failed.
W/InputManager(  480): Input event injection from pid 13323 failed.
W/InputMethodManagerService(  480): Window already focused, ignoring focus gain of: com.android.internal.view.IInputMethodClient$Stub$Proxy@4b07e64c attribute=null, token = android.os.BinderProxy@4b0bc1ac
D/Zygote  (  167): Process 13473 terminated by signal (6)
W/UnimplementedWebViewApi( 4104): Unimplemented WebView method onKeyMultiple called from: android.webkit.WebView.onKeyMultiple(WebView.java:2179)
W/UnimplementedWebViewApi( 4104): Unimplemented WebView method onKeyDown called from: android.webkit.WebView.onKeyDown(WebView.java:2169)
I/ActivityManager(  480): START u0 {act=android.intent.action.MAIN cat=[android.intent.category.LAUNCHER] flg=0x10200000 cmp=com.tmobile.pr.mytmobile/.MyTMobileActivity} from pid 13323
V/PanelView(  535): animationTick called with dtms=0; nothing to do (h=0.0 v=-0.0)
W/NetworkManagementSocketTagger(  480): setKernelCountSet(10207, 1) failed with errno -13
I/dalvikvm(13529): ignoring registerObject request in thread=1
I/dalvikvm(13529): ignoring registerObject request in thread=1
I/ActivityManager(  480): Start proc com.tmobile.pr.mytmobile for activity com.tmobile.pr.mytmobile/.MyTMobileActivity: pid=13529 uid=10207 gids={50207, 3002, 3001, 3003, 1028, 1015, 1023}
I/dalvikvm(13529): Could not find method android.content.pm.PackageManager.getPackageInstaller, referenced from method com.google.android.gms.common.zze.zzi
W/dalvikvm(13529): VFY: unable to resolve virtual method 2899: Landroid/content/pm/PackageManager;.getPackageInstaller ()Landroid/content/pm/PackageInstaller;
D/dalvikvm(13529): VFY: replacing opcode 0x6e at 0x000a
D/dalvikvm(13529): JIT code cache reset in 0 ms (0 bytes 1/0)
D/dalvikvm(13529): GC_CONCURRENT freed 262K, 10% free 2914K/3236K, paused 1ms+0ms, total 6ms
W/ViewRootImpl( 4104): Dropping event due to no window focus: KeyEvent { action=ACTION_DOWN, keyCode=KEYCODE_DPAD_CENTER, scanCode=0, metaState=0, flags=0x408, repeatCount=0, eventTime=3113316, downTime=3113316, deviceId=-1, source=0x101 }
I/dalvikvm(13529): Could not find method android.telephony.SubscriptionManager.getActiveSubscriptionInfoForSimSlotIndex, referenced from method com.tmobile.pr.mytmobile.tmocommons.system.TelephonyManagerUtil.getSubscriptionIdForSlot
W/dalvikvm(13529): VFY: unable to resolve virtual method 7809: Landroid/telephony/SubscriptionManager;.getActiveSubscriptionInfoForSimSlotIndex (I)Landroid/telephony/SubscriptionInfo;
D/dalvikvm(13529): VFY: replacing opcode 0x6e at 0x001a
I/dalvikvm(13529): Could not find method android.telephony.SubscriptionManager.from, referenced from method com.tmobile.pr.mytmobile.tmocommons.system.TelephonyManagerUtil.isDualSIM
W/dalvikvm(13529): VFY: unable to resolve static method 7807: Landroid/telephony/SubscriptionManager;.from (Landroid/content/Context;)Landroid/telephony/SubscriptionManager;
D/dalvikvm(13529): VFY: replacing opcode 0x71 at 0x0002
W/dalvikvm(13529): VFY: unable to find class referenced in signature (Landroid/net/Network;)
W/dalvikvm(13529): VFY: unable to find class referenced in signature (Landroid/net/Network;)
I/dalvikvm(13529): Could not find method android.net.Network.getSocketFactory, referenced from method com.tmobile.pr.mytmobile.secureconnection.urlconnection.SecURLConFactory.createSSLSocketFactory
W/dalvikvm(13529): VFY: unable to resolve virtual method 3589: Landroid/net/Network;.getSocketFactory ()Ljavax/net/SocketFactory;
D/dalvikvm(13529): VFY: replacing opcode 0x6e at 0x001e
W/dalvikvm(13529): VFY: unable to find class referenced in signature (Landroid/net/Network;)
I/dalvikvm(13529): Could not find method android.net.Network.openConnection, referenced from method com.tmobile.pr.mytmobile.secureconnection.urlconnection.SecURLConFactory.getURLConnection
W/dalvikvm(13529): VFY: unable to resolve virtual method 3590: Landroid/net/Network;.openConnection (Ljava/net/URL;)Ljava/net/URLConnection;
D/dalvikvm(13529): VFY: replacing opcode 0x6e at 0x0008
W/dalvikvm(13529): VFY: unable to find class referenced in signature (Landroid/net/Network;)
W/dalvikvm(13529): VFY: unable to find class referenced in signature (Landroid/net/Network;)
D/WebViewTimersControl( 4104): onBrowserActivityPause
D/WebViewTimersControl( 4104): Pausing webview timers, view=com.android.browser.BrowserWebView{4ab13110 VFEDHVCL .F....ID 0,0-720,1164}
I/dalvikvm(13529): Could not find method android.provider.Settings$System.canWrite, referenced from method ehd.i
W/dalvikvm(13529): VFY: unable to resolve static method 3960: Landroid/provider/Settings$System;.canWrite (Landroid/content/Context;)Z
D/dalvikvm(13529): VFY: replacing opcode 0x71 at 0x0006
D/WebViewTimersControl( 4104): onBrowserActivityPause
D/WebViewTimersControl( 4104): Pausing webview timers, view=com.android.browser.BrowserWebView{4ab13110 VFEDHVCL .F....ID 0,0-720,1164}
D/dalvikvm(13529): GC_CONCURRENT freed 340K, 12% free 3089K/3484K, paused 1ms+3ms, total 7ms
D/dalvikvm(13529): WAIT_FOR_CONCURRENT_GC blocked 4ms
D/dalvikvm(13529): WAIT_FOR_CONCURRENT_GC blocked 4ms
I/System.out(13529): body:<com.tmobile.pr.mytmobile.secureconnection.sessions.handshakeimpl.HandshakeAddressHolder: void <init>(java.lang.String,int)>	sig:specialinvoke $r3.<java.net.URL: void <init>(java.lang.String)>($r1)	timediff:0
I/System.out(13529): <com.tmobile.pr.mytmobile.secureconnection.sessions.handshakeimpl.HandshakeAddressHolder: void <init>(java.lang.String,int)>###specialinvoke $r3.<java.net.URL: void <init>(java.lang.String)>($r1)###http://issueassistservice.tmocce.com/IssueAssistService.svc/Handshake
I/System.out(13529): body:<com.tmobile.pr.mytmobile.secureconnection.sessions.handshakeimpl.HandshakeAddressHolder: void <init>(java.lang.String,int)>	sig:$r1 = virtualinvoke $r3.<java.net.URL: java.lang.String getHost()>()	timediff:0
I/System.out(13529): body:<com.tmobile.pr.mytmobile.secureconnection.sessions.handshakeimpl.HandshakeAddressHolder: void <init>(java.lang.String,int)>	sig:$r1 = virtualinvoke $r3.<java.net.URL: java.lang.String getFile()>()	timediff:0
I/dalvikvm(13529): Could not find method android.webkit.CookieManager.removeAllCookies, referenced from method com.tmobile.tid.TMobileId.a
W/dalvikvm(13529): VFY: unable to resolve virtual method 8696: Landroid/webkit/CookieManager;.removeAllCookies (Landroid/webkit/ValueCallback;)V
D/dalvikvm(13529): VFY: replacing opcode 0x6e at 0x00b8
I/dalvikvm(13529): Could not find method android.webkit.CookieManager.flush, referenced from method com.tmobile.tid.TidAuthenticator.c
W/dalvikvm(13529): VFY: unable to resolve virtual method 516: Landroid/webkit/CookieManager;.flush ()V
D/dalvikvm(13529): VFY: replacing opcode 0x6e at 0x000a
D/WebViewTimersControl( 4104): onBrowserActivityResume
D/WebViewTimersControl( 4104): Resuming webview timers, view=com.android.browser.BrowserWebView{4ab13110 VFEDHVCL .F....ID 0,0-720,1164}
I/dalvikvm(13529): Could not find method android.app.AlarmManager.setExactAndAllowWhileIdle, referenced from method com.tmobile.pr.mytmobile.triggers.AlarmTriggerScheduler.a
W/dalvikvm(13529): VFY: unable to resolve virtual method 2443: Landroid/app/AlarmManager;.setExactAndAllowWhileIdle (IJLandroid/app/PendingIntent;)V
D/dalvikvm(13529): VFY: replacing opcode 0x6e at 0x009e
D/dalvikvm(13529): GC_CONCURRENT freed 323K, 11% free 3176K/3556K, paused 2ms+1ms, total 4ms
D/dalvikvm(13529): GC_CONCURRENT freed 312K, 11% free 3263K/3640K, paused 2ms+0ms, total 4ms
D/WebViewTimersControl( 4104): onBrowserActivityResume
D/WebViewTimersControl( 4104): Resuming webview timers, view=com.android.browser.BrowserWebView{4ab13110 VFEDHVCL .F...... 0,0-720,1164}
D/dalvikvm(13529): GC_CONCURRENT freed 348K, 11% free 3301K/3708K, paused 1ms+0ms, total 3ms
D/dalvikvm(13529): GC_CONCURRENT freed 333K, 10% free 3383K/3756K, paused 1ms+2ms, total 6ms
W/dalvikvm(13529): VFY: unable to find class referenced in signature (Landroid/app/SharedElementCallback;)
I/dalvikvm(13529): Could not find method android.app.Activity.setEnterSharedElementCallback, referenced from method android.support.v4.app.FragmentActivity.setEnterSharedElementCallback
W/dalvikvm(13529): VFY: unable to resolve virtual method 2415: Landroid/app/Activity;.setEnterSharedElementCallback (Landroid/app/SharedElementCallback;)V
D/dalvikvm(13529): VFY: replacing opcode 0x6e at 0x000e
W/dalvikvm(13529): VFY: unable to find class referenced in signature (Landroid/app/SharedElementCallback;)
I/dalvikvm(13529): Could not find method android.app.Activity.setExitSharedElementCallback, referenced from method android.support.v4.app.FragmentActivity.setExitSharedElementCallback
W/dalvikvm(13529): VFY: unable to resolve virtual method 2416: Landroid/app/Activity;.setExitSharedElementCallback (Landroid/app/SharedElementCallback;)V
D/dalvikvm(13529): VFY: replacing opcode 0x6e at 0x000e
E/dalvikvm(13529): Could not find class 'android.media.session.MediaController', referenced from method android.support.v4.app.FragmentActivity.setSupportMediaController
W/dalvikvm(13529): VFY: unable to resolve check-cast 609 (Landroid/media/session/MediaController;) in Landroid/support/v4/app/FragmentActivity;
D/dalvikvm(13529): VFY: replacing opcode 0x1f at 0x000f
I/dalvikvm(13529): Could not find method android.app.Activity.finishAfterTransition, referenced from method android.support.v4.app.FragmentActivity.supportFinishAfterTransition
W/dalvikvm(13529): VFY: unable to resolve virtual method 2375: Landroid/app/Activity;.finishAfterTransition ()V
D/dalvikvm(13529): VFY: replacing opcode 0x6e at 0x0006
I/dalvikvm(13529): Could not find method android.app.Activity.postponeEnterTransition, referenced from method android.support.v4.app.FragmentActivity.supportPostponeEnterTransition
W/dalvikvm(13529): VFY: unable to resolve virtual method 2412: Landroid/app/Activity;.postponeEnterTransition ()V
D/dalvikvm(13529): VFY: replacing opcode 0x6e at 0x0006
I/dalvikvm(13529): Could not find method android.app.Activity.startPostponedEnterTransition, referenced from method android.support.v4.app.FragmentActivity.supportStartPostponedEnterTransition
W/dalvikvm(13529): VFY: unable to resolve virtual method 2426: Landroid/app/Activity;.startPostponedEnterTransition ()V
D/dalvikvm(13529): VFY: replacing opcode 0x6e at 0x0006
I/dalvikvm(13529): Could not find method android.app.Activity.shouldShowRequestPermissionRationale, referenced from method gs.a
W/dalvikvm(13529): VFY: unable to resolve virtual method 2419: Landroid/app/Activity;.shouldShowRequestPermissionRationale (Ljava/lang/String;)Z
D/dalvikvm(13529): VFY: replacing opcode 0x6e at 0x0008
W/dalvikvm(13529): VFY: unable to find class referenced in signature (Landroid/view/SearchEvent;)
I/dalvikvm(13529): Could not find method android.view.Window$Callback.onSearchRequested, referenced from method aes.onSearchRequested
W/dalvikvm(13529): VFY: unable to resolve interface method 8550: Landroid/view/Window$Callback;.onSearchRequested (Landroid/view/SearchEvent;)Z
D/dalvikvm(13529): VFY: replacing opcode 0x72 at 0x0002
I/dalvikvm(13529): Could not find method android.view.Window$Callback.onWindowStartingActionMode, referenced from method aes.onWindowStartingActionMode
W/dalvikvm(13529): VFY: unable to resolve interface method 8554: Landroid/view/Window$Callback;.onWindowStartingActionMode (Landroid/view/ActionMode$Callback;I)Landroid/view/ActionMode;
D/dalvikvm(13529): VFY: replacing opcode 0x72 at 0x0002
D/dalvikvm(13529): GC_CONCURRENT freed 276K, 10% free 3497K/3856K, paused 0ms+3ms, total 5ms
I/dalvikvm(13529): Could not find method android.content.Context.getDrawable, referenced from method kk.a
W/dalvikvm(13529): VFY: unable to resolve virtual method 2739: Landroid/content/Context;.getDrawable (I)Landroid/graphics/drawable/Drawable;
D/dalvikvm(13529): VFY: replacing opcode 0x6e at 0x0006
