--------- beginning of /dev/log/main
I/Icing   (  711): Indexing F4FAA6262FE39DDD50BAE6B7AF5CDB8D73BA0DB0 from com.google.android.gms
I/Icing   (  711): Indexing done F4FAA6262FE39DDD50BAE6B7AF5CDB8D73BA0DB0
D/AndroidRuntime( 3428): 
D/AndroidRuntime( 3428): >>>>>> AndroidRuntime START com.android.internal.os.RuntimeInit <<<<<<
D/AndroidRuntime( 3428): CheckJNI is OFF
D/dalvikvm( 3428): Using executionMode 2
D/dalvikvm( 3428): Trying to load lib libjavacore.so 0x0
D/dalvikvm( 3428): Added shared lib libjavacore.so 0x0
D/dalvikvm( 3428): Trying to load lib libnativehelper.so 0x0
D/dalvikvm( 3428): Added shared lib libnativehelper.so 0x0
D/dalvikvm( 3428): No JNI_OnLoad found in libnativehelper.so 0x0, skipping init
D/dalvikvm( 3428): Note: class Landroid/app/ActivityManagerNative; has 179 unimplemented (abstract) methods
E/memtrack( 3428): Couldn't load memtrack module (No such file or directory)
E/android.os.Debug( 3428): failed to load memtrack module: -2
D/AndroidRuntime( 3428): Calling main entry com.android.commands.monkey.Monkey
--------- beginning of /dev/log/system
W/BroadcastQueue(  480): Skipping deliver [background] BroadcastRecord{4aec5f38 u-1 android.net.conn.CONNECTIVITY_CHANGE} to ReceiverList{4b1f7378 3428 (unknown name)/0/u-1 remote:4b348764}: process crashing
I/ActivityManager(  480): START u0 {act=android.intent.action.MAIN cat=[android.intent.category.LAUNCHER] flg=0x10200000 cmp=com.fsp.android.phonetracker/com.life360.android.shared.base.LauncherActivity} from pid 3428
D/yeshen  (  669): launcher onpause
D/dalvikvm(  167): GC_EXPLICIT freed 40K, 4% free 2788K/2888K, paused 1ms+0ms, total 4ms
D/dalvikvm(  167): GC_EXPLICIT freed <1K, 4% free 2788K/2888K, paused 0ms+1ms, total 3ms
D/dalvikvm(  167): GC_EXPLICIT freed <1K, 4% free 2788K/2888K, paused 0ms+1ms, total 2ms
W/NetworkManagementSocketTagger(  480): setKernelCountSet(10191, 1) failed with errno -13
I/ActivityManager(  480): Start proc com.fsp.android.phonetracker for activity com.fsp.android.phonetracker/com.life360.android.shared.base.LauncherActivity: pid=3438 uid=10191 gids={50191, 3002, 3001, 3003, 1028, 1015, 1023}
I/dalvikvm( 3438): ignoring registerObject request in thread=1
I/dalvikvm( 3438): ignoring registerObject request in thread=1
I/MultiDex( 3438): VM with version 1.6.0 does not have multidex support
I/MultiDex( 3438): install
I/MultiDex( 3438): MultiDexExtractor.load(/data/app/com.fsp.android.phonetracker-1.apk, false)
I/MultiDex( 3438): Detected that extraction must be performed.
D/dalvikvm( 3438): JIT code cache reset in 0 ms (0 bytes 1/0)
D/dalvikvm( 3438): GC_CONCURRENT freed 196K, 8% free 3108K/3344K, paused 0ms+0ms, total 3ms
D/dalvikvm( 3438): GC_CONCURRENT freed 149K, 6% free 3463K/3676K, paused 1ms+0ms, total 3ms
D/dalvikvm( 3438): GC_CONCURRENT freed 145K, 6% free 3815K/4032K, paused 1ms+0ms, total 3ms
D/dalvikvm( 3438): WAIT_FOR_CONCURRENT_GC blocked 1ms
I/MultiDex( 3438): Extraction is needed for file /data/data/com.fsp.android.phonetracker/code_cache/secondary-dexes/com.fsp.android.phonetracker-1.apk.classes2.zip
I/MultiDex( 3438): Extracting /data/data/com.fsp.android.phonetracker/code_cache/secondary-dexes/com.fsp.android.phonetracker-1.apk.classes689916227.zip
I/MultiDex( 3438): Renaming to /data/data/com.fsp.android.phonetracker/code_cache/secondary-dexes/com.fsp.android.phonetracker-1.apk.classes2.zip
I/MultiDex( 3438): Extraction success - length /data/data/com.fsp.android.phonetracker/code_cache/secondary-dexes/com.fsp.android.phonetracker-1.apk.classes2.zip: 1416778
I/MultiDex( 3438): load found 1 secondary dex files
D/dalvikvm( 3438): DexOpt: --- BEGIN 'com.fsp.android.phonetracker-1.apk.classes2.zip' (bootstrap=0) ---
D/dalvikvm( 3438): GC_CONCURRENT freed 144K, 6% free 4072K/4300K, paused 2ms+32ms, total 36ms
D/dalvikvm( 3452): DexOpt: 'Lorg/apache/commons/codec/Decoder;' has an earlier definition; blocking out
D/dalvikvm( 3452): DexOpt: 'Lorg/apache/commons/codec/BinaryDecoder;' has an earlier definition; blocking out
D/dalvikvm( 3452): DexOpt: 'Lorg/apache/commons/codec/Encoder;' has an earlier definition; blocking out
D/dalvikvm( 3452): DexOpt: 'Lorg/apache/commons/codec/BinaryEncoder;' has an earlier definition; blocking out
D/dalvikvm( 3452): DexOpt: 'Lorg/apache/commons/codec/DecoderException;' has an earlier definition; blocking out
D/dalvikvm( 3452): DexOpt: 'Lorg/apache/commons/codec/EncoderException;' has an earlier definition; blocking out
D/dalvikvm( 3452): DexOpt: 'Lorg/apache/commons/codec/StringDecoder;' has an earlier definition; blocking out
D/dalvikvm( 3452): DexOpt: 'Lorg/apache/commons/codec/StringEncoder;' has an earlier definition; blocking out
D/dalvikvm( 3452): DexOpt: 'Lorg/apache/commons/codec/binary/BinaryCodec;' has an earlier definition; blocking out
D/dalvikvm( 3452): DexOpt: 'Lorg/apache/commons/codec/binary/Hex;' has an earlier definition; blocking out
D/dalvikvm( 3452): DexOpt: 'Lorg/apache/commons/codec/language/DoubleMetaphone$DoubleMetaphoneResult;' has an earlier definition; blocking out
D/dalvikvm( 3452): DexOpt: 'Lorg/apache/commons/codec/language/DoubleMetaphone;' has an earlier definition; blocking out
D/dalvikvm( 3452): DexOpt: 'Lorg/apache/commons/codec/language/Metaphone;' has an earlier definition; blocking out
D/dalvikvm( 3452): DexOpt: 'Lorg/apache/commons/codec/language/RefinedSoundex;' has an earlier definition; blocking out
D/dalvikvm( 3452): DexOpt: 'Lorg/apache/commons/codec/language/SoundexUtils;' has an earlier definition; blocking out
D/dalvikvm( 3452): DexOpt: 'Lorg/apache/commons/codec/net/RFC1522Codec;' has an earlier definition; blocking out
D/dalvikvm( 3452): DexOpt: 'Lorg/apache/commons/codec/net/BCodec;' has an earlier definition; blocking out
D/dalvikvm( 3452): DexOpt: 'Lorg/apache/commons/codec/net/QCodec;' has an earlier definition; blocking out
D/dalvikvm( 3452): DexOpt: 'Lorg/apache/commons/codec/net/QuotedPrintableCodec;' has an earlier definition; blocking out
D/dalvikvm( 3452): DexOpt: 'Lorg/apache/http/ConnectionClosedException;' has an earlier definition; blocking out
D/dalvikvm( 3452): DexOpt: 'Lorg/apache/http/ConnectionReuseStrategy;' has an earlier definition; blocking out
D/dalvikvm( 3452): DexOpt: 'Lorg/apache/http/Header;' has an earlier definition; blocking out
D/dalvikvm( 3452): DexOpt: 'Lorg/apache/http/FormattedHeader;' has an earlier definition; blocking out
D/dalvikvm( 3452): DexOpt: 'Lorg/apache/http/HeaderElement;' has an earlier definition; blocking out
D/dalvikvm( 3452): DexOpt: 'Lorg/apache/http/HeaderElementIterator;' has an earlier definition; blocking out
D/dalvikvm( 3452): DexOpt: 'Lorg/apache/http/HeaderIterator;' has an earlier definition; blocking out
D/dalvikvm( 3452): DexOpt: 'Lorg/apache/http/HttpConnection;' has an earlier definition; blocking out
D/dalvikvm( 3452): DexOpt: 'Lorg/apache/http/HttpClientConnection;' has an earlier definition; blocking out
D/dalvikvm( 3452): DexOpt: 'Lorg/apache/http/HttpConnectionMetrics;' has an earlier definition; blocking out
D/dalvikvm( 3452): DexOpt: 'Lorg/apache/http/HttpRequest;' has an earlier definition; blocking out
D/dalvikvm( 3452): DexOpt: 'Lorg/apache/http/HttpEntityEnclosingRequest;' has an earlier definition; blocking out
D/dalvikvm( 3452): DexOpt: 'Lorg/apache/http/HttpException;' has an earlier definition; blocking out
D/dalvikvm( 3452): DexOpt: 'Lorg/apache/http/HttpHost;' has an earlier definition; blocking out
D/dalvikvm( 3452): DexOpt: 'Lorg/apache/http/HttpInetConnection;' has an earlier definition; blocking out
D/dalvikvm( 3452): DexOpt: 'Lorg/apache/http/HttpRequestFactory;' has an earlier definition; blocking out
D/dalvikvm( 3452): DexOpt: 'Lorg/apache/http/HttpRequestInterceptor;' has an earlier definition; blocking out
D/dalvikvm( 3452): DexOpt: 'Lorg/apache/http/HttpResponse;' has an earlier definition; blocking out
D/dalvikvm( 3452): DexOpt: 'Lorg/apache/http/HttpResponseFactory;' has an earlier definition; blocking out
D/dalvikvm( 3452): DexOpt: 'Lorg/apache/http/HttpResponseInterceptor;' has an earlier definition; blocking out
D/dalvikvm( 3452): DexOpt: 'Lorg/apache/http/HttpServerConnection;' has an earlier definition; blocking out
D/dalvikvm( 3452): DexOpt: 'Lorg/apache/http/HttpStatus;' has an earlier definition; blocking out
D/dalvikvm( 3452): DexOpt: 'Lorg/apache/http/ProtocolVersion;' has an earlier definition; blocking out
D/dalvikvm( 3452): DexOpt: 'Lorg/apache/http/HttpVersion;' has an earlier definition; blocking out
D/dalvikvm( 3452): DexOpt: 'Lorg/apache/http/MalformedChunkCodingException;' has an earlier definition; blocking out
D/dalvikvm( 3452): DexOpt: 'Lorg/apache/http/MethodNotSupportedException;' has an earlier definition; blocking out
D/dalvikvm( 3452): DexOpt: 'Lorg/apache/http/NameValuePair;' has an earlier definition; blocking out
D/dalvikvm( 3452): DexOpt: 'Lorg/apache/http/NoHttpResponseException;' has an earlier definition; blocking out
D/dalvikvm( 3452): DexOpt: 'Lorg/apache/http/ParseException;' has an earlier definition; blocking out
D/dalvikvm( 3452): DexOpt: 'Lorg/apache/http/ProtocolException;' has an earlier definition; blocking out
D/dalvikvm( 3452): DexOpt: 'Lorg/apache/http/ReasonPhraseCatalog;' has an earlier definition; blocking out
D/dalvikvm( 3452): DexOpt: 'Lorg/apache/http/RequestLine;' has an earlier definition; blocking out
D/dalvikvm( 3452): DexOpt: 'Lorg/apache/http/StatusLine;' has an earlier definition; blocking out
D/dalvikvm( 3452): DexOpt: 'Lorg/apache/http/TokenIterator;' has an earlier definition; blocking out
D/dalvikvm( 3452): DexOpt: 'Lorg/apache/http/UnsupportedHttpVersionException;' has an earlier definition; blocking out
D/dalvikvm( 3452): DexOpt: 'Lorg/apache/http/entity/BasicHttpEntity;' has an earlier definition; blocking out
D/dalvikvm( 3452): DexOpt: 'Lorg/apache/http/entity/BufferedHttpEntity;' has an earlier definition; blocking out
D/dalvikvm( 3452): DexOpt: 'Lorg/apache/http/entity/ContentLengthStrategy;' has an earlier definition; blocking out
D/dalvikvm( 3452): DexOpt: 'Lorg/apache/http/entity/ContentProducer;' has an earlier definition; blocking out
D/dalvikvm( 3452): DexOpt: 'Lorg/apache/http/entity/EntityTemplate;' has an earlier definition; blocking out
D/dalvikvm( 3452): DexOpt: 'Lorg/apache/http/entity/InputStreamEntity;' has an earlier definition; blocking out
D/dalvikvm( 3452): DexOpt: 'Lorg/apache/http/entity/SerializableEntity;' has an earlier definition; blocking out
D/dalvikvm( 3452): DexOpt: 'Lorg/apache/http/impl/DefaultConnectionReuseStrategy;' has an earlier definition; blocking out
D/dalvikvm( 3452): DexOpt: 'Lorg/apache/http/impl/DefaultHttpRequestFactory;' has an earlier definition; blocking out
D/dalvikvm( 3452): DexOpt: 'Lorg/apache/http/impl/DefaultHttpResponseFactory;' has an earlier definition; blocking out
D/dalvikvm( 3452): DexOpt: 'Lorg/apache/http/impl/EnglishReasonPhraseCatalog;' has an earlier definition; blocking out
D/dalvikvm( 3452): DexOpt: 'Lorg/apache/http/impl/HttpConnectionMetricsImpl;' has an earlier definition; blocking out
D/dalvikvm( 3452): DexOpt: 'Lorg/apache/http/impl/NoConnectionReuseStrategy;' has an earlier definition; blocking out
D/dalvikvm( 3452): DexOpt: 'Lorg/apache/http/impl/entity/LaxContentLengthStrategy;' has an earlier definition; blocking out
D/dalvikvm( 3452): DexOpt: 'Lorg/apache/http/impl/entity/StrictContentLengthStrategy;' has an earlier definition; blocking out
D/dalvikvm( 3452): DexOpt: 'Lorg/apache/http/impl/io/ChunkedInputStream;' has an earlier definition; blocking out
D/dalvikvm( 3452): DexOpt: 'Lorg/apache/http/impl/io/ContentLengthInputStream;' has an earlier definition; blocking out
D/dalvikvm( 3452): DexOpt: 'Lorg/apache/http/impl/io/ContentLengthOutputStream;' has an earlier definition; blocking out
D/dalvikvm( 3452): DexOpt: 'Lorg/apache/http/io/HttpTransportMetrics;' has an earlier definition; blocking out
D/dalvikvm( 3452): DexOpt: 'Lorg/apache/http/impl/io/HttpTransportMetricsImpl;' has an earlier definition; blocking out
D/dalvikvm( 3452): DexOpt: 'Lorg/apache/http/impl/io/IdentityInputStream;' has an earlier definition; blocking out
D/dalvikvm( 3452): DexOpt: 'Lorg/apache/http/impl/io/IdentityOutputStream;' has an earlier definition; blocking out
D/dalvikvm( 3452): DexOpt: 'Lorg/apache/http/io/SessionOutputBuffer;' has an earlier definition; blocking out
D/dalvikvm( 3452): DexOpt: 'Lorg/apache/http/io/HttpMessageParser;' has an earlier definition; blocking out
D/dalvikvm( 3452): DexOpt: 'Lorg/apache/http/io/HttpMessageWriter;' has an earlier definition; blocking out
D/dalvikvm( 3452): DexOpt: 'Lorg/apache/http/message/BasicHeader;' has an earlier definition; blocking out
D/dalvikvm( 3452): DexOpt: 'Lorg/apache/http/message/BasicHeaderElement;' has an earlier definition; blocking out
D/dalvikvm( 3452): DexOpt: 'Lorg/apache/http/message/BasicHeaderElementIterator;' has an earlier definition; blocking out
D/dalvikvm( 3452): DexOpt: 'Lorg/apache/http/message/BasicHeaderIterator;' has an earlier definition; blocking out
D/dalvikvm( 3452): DexOpt: 'Lorg/apache/http/message/BasicHttpRequest;' has an earlier definition; blocking out
D/dalvikvm( 3452): DexOpt: 'Lorg/apache/http/message/BasicHttpEntityEnclosingRequest;' has an earlier definition; blocking out
D/dalvikvm( 3452): DexOpt: 'Lorg/apache/http/message/BasicHttpResponse;' has an earlier definition; blocking out
D/dalvikvm( 3452): DexOpt: 'Lorg/apache/http/message/BasicListHeaderIterator;' has an earlier definition; blocking out
D/dalvikvm( 3452): DexOpt: 'Lorg/apache/http/message/BasicNameValuePair;' has an earlier definition; blocking out
D/dalvikvm( 3452): DexOpt: 'Lorg/apache/http/message/BasicRequestLine;' has an earlier definition; blocking out
D/dalvikvm( 3452): DexOpt: 'Lorg/apache/http/message/BasicStatusLine;' has an earlier definition; blocking out
D/dalvikvm( 3452): DexOpt: 'Lorg/apache/http/message/BasicTokenIterator;' has an earlier definition; blocking out
D/dalvikvm( 3452): DexOpt: 'Lorg/apache/http/message/BufferedHeader;' has an earlier definition; blocking out
D/dalvikvm( 3452): DexOpt: 'Lorg/apache/http/message/HeaderGroup;' has an earlier definition; blocking out
D/dalvikvm( 3452): DexOpt: 'Lorg/apache/http/message/HeaderValueFormatter;' has an earlier definition; blocking out
D/dalvikvm( 3452): DexOpt: 'Lorg/apache/http/message/HeaderValueParser;' has an earlier definition; blocking out
D/dalvikvm( 3452): DexOpt: 'Lorg/apache/http/message/LineFormatter;' has an earlier definition; blocking out
D/dalvikvm( 3452): DexOpt: 'Lorg/apache/http/message/LineParser;' has an earlier definition; blocking out
D/dalvikvm( 3452): DexOpt: 'Lorg/apache/http/message/ParserCursor;' has an earlier definition; blocking out
D/dalvikvm( 3452): DexOpt: 'Lorg/apache/http/protocol/HttpContext;' has an earlier definition; blocking out
D/dalvikvm( 3452): DexOpt: 'Lorg/apache/http/protocol/BasicHttpContext;' has an earlier definition; blocking out
D/dalvikvm( 3452): DexOpt: 'Lorg/apache/http/protocol/HttpDateGenerator;' has an earlier definition; blocking out
D/dalvikvm( 3452): DexOpt: 'Lorg/apache/http/protocol/HttpExpectationVerifier;' has an earlier definition; blocking out
D/dalvikvm( 3452): DexOpt: 'Lorg/apache/http/protocol/HttpProcessor;' has an earlier definition; blocking out
D/dalvikvm( 3452): DexOpt: 'Lorg/apache/http/protocol/HttpRequestExecutor;' has an earlier definition; blocking out
D/dalvikvm( 3452): DexOpt: 'Lorg/apache/http/protocol/HttpRequestHandler;' has an earlier definition; blocking out
D/dalvikvm( 3452): DexOpt: 'Lorg/apache/http/protocol/RequestConnControl;' has an earlier definition; blocking out
D/dalvikvm( 3452): DexOpt: 'Lorg/apache/http/protocol/RequestContent;' has an earlier definition; blocking out
D/dalvikvm( 3452): DexOpt: 'Lorg/apache/http/protocol/RequestDate;' has an earlier definition; blocking out
D/dalvikvm( 3452): DexOpt: 'Lorg/apache/http/protocol/RequestTargetHost;' has an earlier definition; blocking out
D/dalvikvm( 3452): DexOpt: 'Lorg/apache/http/protocol/RequestUserAgent;' has an earlier definition; blocking out
D/dalvikvm( 3452): DexOpt: 'Lorg/apache/http/protocol/ResponseConnControl;' has an earlier definition; blocking out
D/dalvikvm( 3452): DexOpt: 'Lorg/apache/http/protocol/ResponseContent;' has an earlier definition; blocking out
D/dalvikvm( 3452): DexOpt: 'Lorg/apache/http/protocol/ResponseDate;' has an earlier definition; blocking out
D/dalvikvm( 3452): DexOpt: 'Lorg/apache/http/protocol/ResponseServer;' has an earlier definition; blocking out
D/dalvikvm( 3452): DexOpt: 'Lorg/apache/http/util/ByteArrayBuffer;' has an earlier definition; blocking out
D/dalvikvm( 3452): DexOpt: 'Lorg/apache/http/util/CharArrayBuffer;' has an earlier definition; blocking out
D/dalvikvm( 3452): DexOpt: 'Lorg/apache/http/util/EncodingUtils;' has an earlier definition; blocking out
D/dalvikvm( 3452): DexOpt: 'Lorg/apache/http/util/LangUtils;' has an earlier definition; blocking out
D/dalvikvm( 3452): DexOpt: 'Lorg/apache/http/util/VersionInfo;' has an earlier definition; blocking out
D/dalvikvm( 3452): DexOpt: couldn't find static field Landroid/os/Build$VERSION;.PREVIEW_SDK_INT
D/dalvikvm( 3452): DexOpt: not verifying/optimizing 'Lorg/apache/commons/codec/Decoder;': multiple definitions
D/dalvikvm( 3452): DexOpt: not verifying/optimizing 'Lorg/apache/commons/codec/BinaryDecoder;': multiple definitions
D/dalvikvm( 3452): DexOpt: not verifying/optimizing 'Lorg/apache/commons/codec/Encoder;': multiple definitions
D/dalvikvm( 3452): DexOpt: not verifying/optimizing 'Lorg/apache/commons/codec/BinaryEncoder;': multiple definitions
D/dalvikvm( 3452): DexOpt: not verifying/optimizing 'Lorg/apache/commons/codec/DecoderException;': multiple definitions
D/dalvikvm( 3452): DexOpt: not verifying/optimizing 'Lorg/apache/commons/codec/EncoderException;': multiple definitions
D/dalvikvm( 3452): DexOpt: not verifying/optimizing 'Lorg/apache/commons/codec/StringDecoder;': multiple definitions
D/dalvikvm( 3452): DexOpt: not verifying/optimizing 'Lorg/apache/commons/codec/StringEncoder;': multiple definitions
D/dalvikvm( 3452): DexOpt: not verifying/optimizing 'Lorg/apache/commons/codec/binary/BinaryCodec;': multiple definitions
D/dalvikvm( 3452): DexOpt: not verifying/optimizing 'Lorg/apache/commons/codec/binary/Hex;': multiple definitions
I/dalvikvm( 3452): DexOpt: not resolving ambiguous class 'Lorg/apache/commons/codec/binary/Hex;'
I/dalvikvm( 3452): DexOpt: not resolving ambiguous class 'Lorg/apache/commons/codec/EncoderException;'
I/dalvikvm( 3452): DexOpt: not resolving ambiguous class 'Lorg/apache/commons/codec/EncoderException;'
I/dalvikvm( 3452): DexOpt: not resolving ambiguous class 'Lorg/apache/commons/codec/EncoderException;'
D/dalvikvm( 3452): DexOpt: not verifying/optimizing 'Lorg/apache/commons/codec/language/DoubleMetaphone$DoubleMetaphoneResult;': multiple definitions
D/dalvikvm( 3452): DexOpt: not verifying/optimizing 'Lorg/apache/commons/codec/language/DoubleMetaphone;': multiple definitions
I/dalvikvm( 3452): DexOpt: not resolving ambiguous class 'Lorg/apache/commons/codec/EncoderException;'
D/dalvikvm( 3452): DexOpt: not verifying/optimizing 'Lorg/apache/commons/codec/language/Metaphone;': multiple definitions
I/dalvikvm( 3452): DexOpt: not resolving ambiguous class 'Lorg/apache/commons/codec/EncoderException;'
D/dalvikvm( 3452): DexOpt: not verifying/optimizing 'Lorg/apache/commons/codec/language/RefinedSoundex;': multiple definitions
D/dalvikvm( 3452): DexOpt: not verifying/optimizing 'Lorg/apache/commons/codec/language/SoundexUtils;': multiple definitions
I/dalvikvm( 3452): DexOpt: not resolving ambiguous class 'Lorg/apache/commons/codec/EncoderException;'
D/dalvikvm( 3452): DexOpt: not verifying/optimizing 'Lorg/apache/commons/codec/net/RFC1522Codec;': multiple definitions
D/dalvikvm( 3452): DexOpt: not verifying/optimizing 'Lorg/apache/commons/codec/net/BCodec;': multiple definitions
D/dalvikvm( 3452): DexOpt: not verifying/optimizing 'Lorg/apache/commons/codec/net/QCodec;': multiple definitions
D/dalvikvm( 3452): DexOpt: not verifying/optimizing 'Lorg/apache/commons/codec/net/QuotedPrintableCodec;': multiple definitions
I/dalvikvm( 3452): DexOpt: not resolving ambiguous class 'Lorg/apache/commons/codec/DecoderException;'
D/dalvikvm( 3452): DexOpt: not verifying/optimizing 'Lorg/apache/http/ConnectionClosedException;': multiple definitions
D/dalvikvm( 3452): DexOpt: not verifying/optimizing 'Lorg/apache/http/ConnectionReuseStrategy;': multiple definitions
D/dalvikvm( 3452): DexOpt: not verifying/optimizing 'Lorg/apache/http/Header;': multiple definitions
D/dalvikvm( 3452): DexOpt: not verifying/optimizing 'Lorg/apache/http/FormattedHeader;': multiple definitions
D/dalvikvm( 3452): DexOpt: not verifying/optimizing 'Lorg/apache/http/HeaderElement;': multiple definitions
D/dalvikvm( 3452): DexOpt: not verifying/optimizing 'Lorg/apache/http/HeaderElementIterator;': multiple definitions
D/dalvikvm( 3452): DexOpt: not verifying/optimizing 'Lorg/apache/http/HeaderIterator;': multiple definitions
D/dalvikvm( 3452): DexOpt: not verifying/optimizing 'Lorg/apache/http/HttpConnection;': multiple definitions
D/dalvikvm( 3452): DexOpt: not verifying/optimizing 'Lorg/apache/http/HttpClientConnection;': multiple definitions
D/dalvikvm( 3452): DexOpt: not verifying/optimizing 'Lorg/apache/http/HttpConnectionMetrics;': multiple definitions
D/dalvikvm( 3452): DexOpt: not verifying/optimizing 'Lorg/apache/http/HttpRequest;': multiple definitions
D/dalvikvm( 3452): DexOpt: not verifying/optimizing 'Lorg/apache/http/HttpEntityEnclosingRequest;': multiple definitions
D/dalvikvm( 3452): DexOpt: not verifying/optimizing 'Lorg/apache/http/HttpException;': multiple definitions
D/dalvikvm( 3452): DexOpt: not verifying/optimizing 'Lorg/apache/http/HttpHost;': multiple definitions
D/dalvikvm( 3452): DexOpt: not verifying/optimizing 'Lorg/apache/http/HttpInetConnection;': multiple definitions
D/dalvikvm( 3452): DexOpt: not verifying/optimizing 'Lorg/apache/http/HttpRequestFactory;': multiple definitions
D/dalvikvm( 3452): DexOpt: not verifying/optimizing 'Lorg/apache/http/HttpRequestInterceptor;': multiple definitions
D/dalvikvm( 3452): DexOpt: not verifying/optimizing 'Lorg/apache/http/HttpResponse;': multiple definitions
D/dalvikvm( 3452): DexOpt: not verifying/optimizing 'Lorg/apache/http/HttpResponseFactory;': multiple definitions
D/dalvikvm( 3452): DexOpt: not verifying/optimizing 'Lorg/apache/http/HttpResponseInterceptor;': multiple definitions
D/dalvikvm( 3452): DexOpt: not verifying/optimizing 'Lorg/apache/http/HttpServerConnection;': multiple definitions
D/dalvikvm( 3452): DexOpt: not verifying/optimizing 'Lorg/apache/http/HttpStatus;': multiple definitions
D/dalvikvm( 3452): DexOpt: not verifying/optimizing 'Lorg/apache/http/ProtocolVersion;': multiple definitions
D/dalvikvm( 3452): DexOpt: not verifying/optimizing 'Lorg/apache/http/HttpVersion;': multiple definitions
D/dalvikvm( 3452): DexOpt: not verifying/optimizing 'Lorg/apache/http/MalformedChunkCodingException;': multiple definitions
D/dalvikvm( 3452): DexOpt: not verifying/optimizing 'Lorg/apache/http/MethodNotSupportedException;': multiple definitions
D/dalvikvm( 3452): DexOpt: not verifying/optimizing 'Lorg/apache/http/NameValuePair;': multiple definitions
D/dalvikvm( 3452): DexOpt: not verifying/optimizing 'Lorg/apache/http/NoHttpResponseException;': multiple definitions
D/dalvikvm( 3452): DexOpt: not verifying/optimizing 'Lorg/apache/http/ParseException;': multiple definitions
D/dalvikvm( 3452): DexOpt: not verifying/optimizing 'Lorg/apache/http/ProtocolException;': multiple definitions
D/dalvikvm( 3452): DexOpt: not verifying/optimizing 'Lorg/apache/http/ReasonPhraseCatalog;': multiple definitions
D/dalvikvm( 3452): DexOpt: not verifying/optimizing 'Lorg/apache/http/RequestLine;': multiple definitions
D/dalvikvm( 3452): DexOpt: not verifying/optimizing 'Lorg/apache/http/StatusLine;': multiple definitions
D/dalvikvm( 3452): DexOpt: not verifying/optimizing 'Lorg/apache/http/TokenIterator;': multiple definitions
I/dalvikvm( 3452): DexOpt: not resolving ambiguous class 'Lorg/apache/http/MalformedChunkCodingException;'
D/dalvikvm( 3452): DexOpt: not verifying/optimizing 'Lorg/apache/http/UnsupportedHttpVersionException;': multiple definitions
D/dalvikvm( 3452): DexOpt: not verifying/optimizing 'Lorg/apache/http/entity/BasicHttpEntity;': multiple definitions
D/dalvikvm( 3452): DexOpt: not verifying/optimizing 'Lorg/apache/http/entity/BufferedHttpEntity;': multiple definitions
D/dalvikvm( 3452): DexOpt: not verifying/optimizing 'Lorg/apache/http/entity/ContentLengthStrategy;': multiple definitions
D/dalvikvm( 3452): DexOpt: not verifying/optimizing 'Lorg/apache/http/entity/ContentProducer;': multiple definitions
I/dalvikvm( 3452): DexOpt: not resolving ambiguous class 'Lorg/apache/http/NameValuePair;'
D/dalvikvm( 3452): DexOpt: not verifying/optimizing 'Lorg/apache/http/entity/EntityTemplate;': multiple definitions
D/dalvikvm( 3452): DexOpt: not verifying/optimizing 'Lorg/apache/http/entity/InputStreamEntity;': multiple definitions
D/dalvikvm( 3452): DexOpt: not verifying/optimizing 'Lorg/apache/http/entity/SerializableEntity;': multiple definitions
I/dalvikvm( 3452): DexOpt: not resolving ambiguous class 'Lorg/apache/http/impl/io/HttpTransportMetricsImpl;'
I/dalvikvm( 3452): DexOpt: not resolving ambiguous class 'Lorg/apache/http/HttpResponse;'
I/dalvikvm( 3452): DexOpt: not resolving ambiguous class 'Lorg/apache/http/HttpEntityEnclosingRequest;'
D/dalvikvm( 3452): DexOpt: not verifying/optimizing 'Lorg/apache/http/impl/DefaultConnectionReuseStrategy;': multiple definitions
D/dalvikvm( 3452): DexOpt: not verifying/optimizing 'Lorg/apache/http/impl/DefaultHttpRequestFactory;': multiple definitions
D/dalvikvm( 3452): DexOpt: not verifying/optimizing 'Lorg/apache/http/impl/DefaultHttpResponseFactory;': multiple definitions
D/dalvikvm( 3452): DexOpt: not verifying/optimizing 'Lorg/apache/http/impl/EnglishReasonPhraseCatalog;': multiple definitions
D/dalvikvm( 3452): DexOpt: not verifying/optimizing 'Lorg/apache/http/impl/HttpConnectionMetricsImpl;': multiple definitions
D/dalvikvm( 3452): DexOpt: not verifying/optimizing 'Lorg/apache/http/impl/NoConnectionReuseStrategy;': multiple definitions
I/dalvikvm( 3452): DexOpt: not resolving ambiguous class 'Lorg/apache/http/HttpServerConnection;'
I/dalvikvm( 3452): DexOpt: not resolving ambiguous class 'Lorg/apache/http/HttpServerConnection;'
I/dalvikvm( 3452): DexOpt: not resolving ambiguous class 'Lorg/apache/http/HttpRequestInterceptor;'
I/dalvikvm( 3452): DexOpt: not resolving ambiguous class 'Lorg/apache/http/protocol/BasicHttpContext;'
I/dalvikvm( 3452): DexOpt: not resolving ambiguous class 'Lorg/apache/http/impl/entity/LaxContentLengthStrategy;'
D/dalvikvm( 3452): DexOpt: not verifying/optimizing 'Lorg/apache/http/impl/entity/LaxContentLengthStrategy;': multiple definitions
D/dalvikvm( 3452): DexOpt: not verifying/optimizing 'Lorg/apache/http/impl/entity/StrictContentLengthStrategy;': multiple definitions
D/dalvikvm( 3452): DexOpt: not verifying/optimizing 'Lorg/apache/http/impl/io/ChunkedInputStream;': multiple definitions
D/dalvikvm( 3452): DexOpt: not verifying/optimizing 'Lorg/apache/http/impl/io/ContentLengthInputStream;': multiple definitions
D/dalvikvm( 3452): DexOpt: not verifying/optimizing 'Lorg/apache/http/impl/io/ContentLengthOutputStream;': multiple definitions
D/dalvikvm( 3452): DexOpt: couldn't find static field Lorg/apache/http/message/BasicLineParser;.INSTANCE
D/dalvikvm( 3452): DexOpt: couldn't find static field Lorg/apache/http/message/BasicLineFormatter;.INSTANCE
D/dalvikvm( 3452): DexOpt: couldn't find static field Lorg/apache/http/message/BasicLineParser;.INSTANCE
D/dalvikvm( 3452): DexOpt: couldn't find static field Lorg/apache/http/message/BasicLineFormatter;.INSTANCE
D/dalvikvm( 3452): DexOpt: not verifying/optimizing 'Lorg/apache/http/io/HttpTransportMetrics;': multiple definitions
D/dalvikvm( 3452): DexOpt: not verifying/optimizing 'Lorg/apache/http/impl/io/HttpTransportMetricsImpl;': multiple definitions
D/dalvikvm( 3452): DexOpt: not verifying/optimizing 'Lorg/apache/http/impl/io/IdentityInputStream;': multiple definitions
D/dalvikvm( 3452): DexOpt: not verifying/optimizing 'Lorg/apache/http/impl/io/IdentityOutputStream;': multiple definitions
I/dalvikvm( 3452): DexOpt: not resolving ambiguous class 'Lorg/apache/http/util/ByteArrayBuffer;'
D/dalvikvm( 3452): DexOpt: not verifying/optimizing 'Lorg/apache/http/io/SessionOutputBuffer;': multiple definitions
I/dalvikvm( 3452): DexOpt: not resolving ambiguous class 'Lorg/apache/http/util/ByteArrayBuffer;'
D/dalvikvm( 3452): DexOpt: not verifying/optimizing 'Lorg/apache/http/io/HttpMessageParser;': multiple definitions
D/dalvikvm( 3452): DexOpt: not verifying/optimizing 'Lorg/apache/http/io/HttpMessageWriter;': multiple definitions
D/dalvikvm( 3452): DexOpt: not verifying/optimizing 'Lorg/apache/http/message/BasicHeader;': multiple definitions
D/dalvikvm( 3452): DexOpt: not verifying/optimizing 'Lorg/apache/http/message/BasicHeaderElement;': multiple definitions
D/dalvikvm( 3452): DexOpt: not verifying/optimizing 'Lorg/apache/http/message/BasicHeaderElementIterator;': multiple definitions
D/dalvikvm( 3452): DexOpt: not verifying/optimizing 'Lorg/apache/http/message/BasicHeaderIterator;': multiple definitions
D/dalvikvm( 3452): DexOpt: not verifying/optimizing 'Lorg/apache/http/message/BasicHttpRequest;': multiple definitions
D/dalvikvm( 3452): DexOpt: not verifying/optimizing 'Lorg/apache/http/message/BasicHttpEntityEnclosingRequest;': multiple definitions
D/dalvikvm( 3452): DexOpt: not verifying/optimizing 'Lorg/apache/http/message/BasicHttpResponse;': multiple definitions
D/dalvikvm( 3452): DexOpt: not verifying/optimizing 'Lorg/apache/http/message/BasicListHeaderIterator;': multiple definitions
D/dalvikvm( 3452): DexOpt: not verifying/optimizing 'Lorg/apache/http/message/BasicNameValuePair;': multiple definitions
D/dalvikvm( 3452): DexOpt: not verifying/optimizing 'Lorg/apache/http/message/BasicRequestLine;': multiple definitions
D/dalvikvm( 3452): DexOpt: not verifying/optimizing 'Lorg/apache/http/message/BasicStatusLine;': multiple definitions
D/dalvikvm( 3452): DexOpt: not verifying/optimizing 'Lorg/apache/http/message/BasicTokenIterator;': multiple definitions
D/dalvikvm( 3452): DexOpt: not verifying/optimizing 'Lorg/apache/http/message/BufferedHeader;': multiple definitions
D/dalvikvm( 3452): DexOpt: not verifying/optimizing 'Lorg/apache/http/message/HeaderGroup;': multiple definitions
D/dalvikvm( 3452): DexOpt: not verifying/optimizing 'Lorg/apache/http/message/HeaderValueFormatter;': multiple definitions
D/dalvikvm( 3452): DexOpt: not verifying/optimizing 'Lorg/apache/http/message/HeaderValueParser;': multiple definitions
D/dalvikvm( 3452): DexOpt: not verifying/optimizing 'Lorg/apache/http/message/LineFormatter;': multiple definitions
D/dalvikvm( 3452): DexOpt: not verifying/optimizing 'Lorg/apache/http/message/LineParser;': multiple definitions
D/dalvikvm( 3452): DexOpt: not verifying/optimizing 'Lorg/apache/http/message/ParserCursor;': multiple definitions
I/dalvikvm( 3452): DexOpt: not resolving ambiguous class 'Lorg/apache/http/message/ParserCursor;'
D/dalvikvm( 3452): DexOpt: not verifying/optimizing 'Lorg/apache/http/protocol/HttpContext;': multiple definitions
D/dalvikvm( 3452): DexOpt: not verifying/optimizing 'Lorg/apache/http/protocol/BasicHttpContext;': multiple definitions
I/dalvikvm( 3452): DexOpt: not resolving ambiguous class 'Lorg/apache/http/protocol/BasicHttpContext;'
D/dalvikvm( 3452): DexOpt: not verifying/optimizing 'Lorg/apache/http/protocol/HttpDateGenerator;': multiple definitions
D/dalvikvm( 3452): DexOpt: not verifying/optimizing 'Lorg/apache/http/protocol/HttpExpectationVerifier;': multiple definitions
D/dalvikvm( 3452): DexOpt: not verifying/optimizing 'Lorg/apache/http/protocol/HttpProcessor;': multiple definitions
D/dalvikvm( 3452): DexOpt: not verifying/optimizing 'Lorg/apache/http/protocol/HttpRequestExecutor;': multiple definitions
D/dalvikvm( 3452): DexOpt: not verifying/optimizing 'Lorg/apache/http/protocol/HttpRequestHandler;': multiple definitions
D/dalvikvm( 3452): DexOpt: not verifying/optimizing 'Lorg/apache/http/protocol/RequestConnControl;': multiple definitions
D/dalvikvm( 3452): DexOpt: not verifying/optimizing 'Lorg/apache/http/protocol/RequestContent;': multiple definitions
D/dalvikvm( 3452): DexOpt: not verifying/optimizing 'Lorg/apache/http/protocol/RequestDate;': multiple definitions
D/dalvikvm( 3452): DexOpt: not verifying/optimizing 'Lorg/apache/http/protocol/RequestTargetHost;': multiple definitions
D/dalvikvm( 3452): DexOpt: not verifying/optimizing 'Lorg/apache/http/protocol/RequestUserAgent;': multiple definitions
D/dalvikvm( 3452): DexOpt: not verifying/optimizing 'Lorg/apache/http/protocol/ResponseConnControl;': multiple definitions
D/dalvikvm( 3452): DexOpt: not verifying/optimizing 'Lorg/apache/http/protocol/ResponseContent;': multiple definitions
D/dalvikvm( 3452): DexOpt: not verifying/optimizing 'Lorg/apache/http/protocol/ResponseDate;': multiple definitions
D/dalvikvm( 3452): DexOpt: not verifying/optimizing 'Lorg/apache/http/protocol/ResponseServer;': multiple definitions
I/dalvikvm( 3452): DexOpt: not resolving ambiguous class 'Lorg/apache/http/HttpRequest;'
D/dalvikvm( 3452): DexOpt: not verifying/optimizing 'Lorg/apache/http/util/ByteArrayBuffer;': multiple definitions
D/dalvikvm( 3452): DexOpt: not verifying/optimizing 'Lorg/apache/http/util/CharArrayBuffer;': multiple definitions
D/dalvikvm( 3452): DexOpt: not verifying/optimizing 'Lorg/apache/http/util/EncodingUtils;': multiple definitions
D/dalvikvm( 3452): DexOpt: not verifying/optimizing 'Lorg/apache/http/util/LangUtils;': multiple definitions
D/dalvikvm( 3452): DexOpt: not verifying/optimizing 'Lorg/apache/http/util/VersionInfo;': multiple definitions
I/dalvikvm( 3452): DexOpt: not resolving ambiguous class 'Lorg/apache/http/HttpHost;'
D/dalvikvm( 3452): DexOpt: load 25ms, verify+opt 92ms, 3088604 bytes
D/dalvikvm( 3438): DexOpt: --- END 'com.fsp.android.phonetracker-1.apk.classes2.zip' (success) ---
D/dalvikvm( 3438): DEX prep '/data/data/com.fsp.android.phonetracker/code_cache/secondary-dexes/com.fsp.android.phonetracker-1.apk.classes2.zip': unzip in 21ms, rewrite 266ms
I/MultiDex( 3438): install done
D/dalvikvm( 3438): GC_CONCURRENT freed 176K, 6% free 4300K/4548K, paused 2ms+1ms, total 4ms
I/CrashlyticsCore( 3438): Initializing Crashlytics 2.3.12.143
D/dalvikvm( 3438): GC_CONCURRENT freed 1425K, 31% free 3361K/4868K, paused 2ms+1ms, total 6ms
D/dalvikvm( 3438): WAIT_FOR_CONCURRENT_GC blocked 2ms
I/dalvikvm( 3438): Could not find method android.app.Notification$Builder.setLocalOnly, referenced from method com.google.android.gms.common.GooglePlayServicesUtil.zza
W/dalvikvm( 3438): VFY: unable to resolve virtual method 1750: Landroid/app/Notification$Builder;.setLocalOnly (Z)Landroid/app/Notification$Builder;
D/dalvikvm( 3438): VFY: replacing opcode 0x6e at 0x00fb
I/dalvikvm( 3438): Could not find method android.content.pm.PackageManager.getPackageInstaller, referenced from method com.google.android.gms.common.zze.zzl
W/dalvikvm( 3438): VFY: unable to resolve virtual method 2155: Landroid/content/pm/PackageManager;.getPackageInstaller ()Landroid/content/pm/PackageInstaller;
D/dalvikvm( 3438): VFY: replacing opcode 0x6e at 0x001a
D/dalvikvm( 3438): WAIT_FOR_CONCURRENT_GC blocked 4ms
D/dalvikvm( 3438): WAIT_FOR_CONCURRENT_GC blocked 4ms
D/dalvikvm( 3438): WAIT_FOR_CONCURRENT_GC blocked 4ms
D/dalvikvm( 3438): GC_CONCURRENT freed 187K, 25% free 3686K/4868K, paused 2ms+0ms, total 5ms
D/dalvikvm( 3438): WAIT_FOR_CONCURRENT_GC blocked 1ms
D/dalvikvm( 3438): WAIT_FOR_CONCURRENT_GC blocked 2ms
D/dalvikvm( 3438): WAIT_FOR_CONCURRENT_GC blocked 2ms
D/dalvikvm( 3438): WAIT_FOR_CONCURRENT_GC blocked 2ms
D/dalvikvm( 3438): WAIT_FOR_CONCURRENT_GC blocked 2ms
W/ResourceType( 3438): No package identifier when getting value for resource number 0x00000000
D/dalvikvm( 3438): GC_CONCURRENT freed 209K, 18% free 3992K/4868K, paused 1ms+0ms, total 3ms
D/dalvikvm( 3438): WAIT_FOR_CONCURRENT_GC blocked 1ms
D/dalvikvm( 3438): WAIT_FOR_CONCURRENT_GC blocked 3ms
D/dalvikvm( 3438): WAIT_FOR_CONCURRENT_GC blocked 3ms
D/dalvikvm( 3438): WAIT_FOR_CONCURRENT_GC blocked 4ms
E/dalvikvm( 3438): Could not find class 'com.flurry.sdk.i', referenced from method com.flurry.sdk.md.a
W/dalvikvm( 3438): VFY: unable to resolve const-class 4383 (Lcom/flurry/sdk/i;) in Lcom/flurry/sdk/md;
D/dalvikvm( 3438): VFY: replacing opcode 0x1c at 0x0020
D/dalvikvm( 3438): GC_CONCURRENT freed 213K, 11% free 4380K/4868K, paused 2ms+2ms, total 9ms
D/dalvikvm( 3438): WAIT_FOR_CONCURRENT_GC blocked 5ms
D/dalvikvm( 3438): WAIT_FOR_CONCURRENT_GC blocked 5ms
D/dalvikvm( 3438): GC_CONCURRENT freed 420K, 11% free 4374K/4908K, paused 0ms+0ms, total 3ms
D/AppsFlyer_4.6.0( 3438): Build Number: 282
I/zzai    ( 3438): Making Creator dynamically
I/dalvikvm( 3468): ignoring registerObject request in thread=1
I/dalvikvm( 3468): ignoring registerObject request in thread=1
I/MultiDex( 3468): VM with version 1.6.0 does not have multidex support
I/MultiDex( 3468): install
I/ActivityManager(  480): Start proc com.fsp.android.phonetracker:service for service com.fsp.android.phonetracker/com.life360.android.location.FileLoggerService: pid=3468 uid=10191 gids={50191, 3002, 3001, 3003, 1028, 1015, 1023}
I/MultiDex( 3468): MultiDexExtractor.load(/data/app/com.fsp.android.phonetracker-1.apk, false)
I/SwrveSDK( 3438): Your user id is: a1b2ce68-43c5-4544-983a-477d1371679e
W/dalvikvm( 3438): VFY: unable to find class referenced in signature (Lokhttp3/Request;)
W/dalvikvm( 3438): VFY: unable to find class referenced in signature (Lokhttp3/Response;)
I/dalvikvm( 3438): Could not find method okhttp3.Response.headers, referenced from method empirical.HelperClass.printOkHttpInfo
W/dalvikvm( 3438): VFY: unable to resolve virtual method 63112: Lokhttp3/Response;.headers ()Lokhttp3/Headers;
D/dalvikvm( 3438): VFY: replacing opcode 0x6e at 0x0006
W/dalvikvm( 3438): VFY: unable to find class referenced in signature (Lokhttp3/Call;)
W/dalvikvm( 3438): VFY: unable to find class referenced in signature (Lokhttp3/Response;)
I/dalvikvm( 3438): Could not find method okhttp3.Call.request, referenced from method empirical.HelperClass.printOkHttpInfoFromCall
W/dalvikvm( 3438): VFY: unable to resolve interface method 63106: Lokhttp3/Call;.request ()Lokhttp3/Request;
D/dalvikvm( 3438): VFY: replacing opcode 0x72 at 0x0006
I/MultiDex( 3468): loading existing secondary dex files
I/MultiDex( 3468): load found 1 secondary dex files
I/System.out( 3438): body:<com.swrve.sdk.b.b: void a(int)>	sig:specialinvoke $r1.<java.net.URL: void <init>(java.lang.String)>($r3)	timediff:0
I/System.out( 3438): <com.swrve.sdk.b.b: void a(int)>###specialinvoke $r1.<java.net.URL: void <init>(java.lang.String)>($r3)###https://2560.api.swrve.com
I/System.out( 3438): body:<com.swrve.sdk.b.b: void a(int)>	sig:specialinvoke $r1.<java.net.URL: void <init>(java.lang.String)>($r3)	timediff:0
I/System.out( 3438): <com.swrve.sdk.b.b: void a(int)>###specialinvoke $r1.<java.net.URL: void <init>(java.lang.String)>($r3)###http://2560.content.swrve.com
I/MultiDex( 3468): install done
W/InstanceID/Rpc( 3438): Found 10007
I/SwrveSDK( 3438): session_start event queued
I/SwrveSDK( 3438): event event queued
I/qtaguid (  643): Tagging socket 69 with tag 3000040700000000(805307399) for uid -1 failed errno=-13
I/NetworkManagementSocketTagger(  643): tagSocketFd(69, 805307399, -1) failed with errno-13
I/SwrveSDK( 3438): Not showing message for Swrve.user_properties_changed: No campaigns available
W/ActivityThread( 3438): ClassLoader.loadClass: The class loader returned by Thread.getContextClassLoader() may fail for processes that host multiple applications. You should explicitly specify a context class loader. For example: Thread.setContextClassLoader(getClass().getClassLoader());
D/dalvikvm( 3468): JIT code cache reset in 0 ms (0 bytes 1/0)
D/dalvikvm( 3468): GC_CONCURRENT freed 258K, 10% free 3042K/3356K, paused 0ms+0ms, total 3ms
D/dalvikvm( 3438): GC_CONCURRENT freed 1543K, 35% free 3237K/4908K, paused 3ms+1ms, total 6ms
I/SwrveSDK( 3438): user event queued
I/SwrveSDK( 3438): Sending device info
D/dalvikvm( 3468): WAIT_FOR_CONCURRENT_GC blocked 2ms
D/dalvikvm( 3438): GC_FOR_ALLOC freed 17K, 34% free 3264K/4908K, paused 3ms, total 4ms
I/dalvikvm-heap( 3438): Grow heap (frag case) to 3.316MB for 79888-byte allocation
D/dalvikvm( 3438): GC_FOR_ALLOC freed <1K, 33% free 3342K/4988K, paused 3ms, total 3ms
I/SwrveSDK( 3438): Could not set Crashlytics metadata
I/SwrveSDK( 3438): Init finished
D/dalvikvm( 3468): GC_CONCURRENT freed 161K, 7% free 3268K/3488K, paused 2ms+0ms, total 3ms
I/AppsFlyer_4.6.0( 3438): AsendTrackingWithEvent from activity: com.life360.android.shared.base.LauncherActivity
I/AppsFlyer_4.6.0( 3438): Trying to fetch GAID..
D/dalvikvm( 3468): GC_CONCURRENT freed 110K, 5% free 3544K/3720K, paused 1ms+0ms, total 3ms
I/CrashlyticsCore( 3468): Initializing Crashlytics 2.3.12.143
I/ActivityManager(  480): START u0 {flg=0x10008000 cmp=com.fsp.android.phonetracker/com.life360.android.first_user_experience.ui.OnboardingIntroActivity} from pid 3438
D/dalvikvm( 3468): GC_CONCURRENT freed 131K, 5% free 3808K/4008K, paused 1ms+0ms, total 3ms
W/ResourceType( 3438): No package identifier when getting value for resource number 0x00000000
D/dalvikvm( 3438): GC_FOR_ALLOC freed 202K, 32% free 3429K/4988K, paused 3ms, total 3ms
W/DebugConnManager( 3438): getNetworkInfo() on networkType 1
W/InputMethodManagerService(  480): Window already focused, ignoring focus gain of: com.android.internal.view.IInputMethodClient$Stub$Proxy@4aad9210 attribute=null, token = android.os.BinderProxy@4aa7d42c
I/AppsFlyer_4.6.0( 3438): onBecameForeground
I/AppsFlyer_4.6.0( 3438): AsendTrackingWithEvent from activity: com.life360.android.shared.base.LauncherActivity
I/AppsFlyer_4.6.0( 3438): Trying to fetch GAID..
D/dalvikvm( 3468): GC_CONCURRENT freed 162K, 6% free 4048K/4284K, paused 1ms+3ms, total 7ms
I/dalvikvm( 3468): Could not find method android.app.Notification$Builder.setLocalOnly, referenced from method com.google.android.gms.common.GooglePlayServicesUtil.zza
I/AppsFlyer_4.6.0( 3438): ******* sendTrackingWithEvent: app-open
W/ViewRootImpl(  669): Dropping event due to no window focus: KeyEvent { action=ACTION_DOWN, keyCode=KEYCODE_DPAD_UP, scanCode=0, metaState=0, flags=0x400, repeatCount=0, eventTime=2803712, downTime=2803712, deviceId=-1, source=0x101 }
W/ViewRootImpl(  669): Dropping event due to no window focus: KeyEvent { action=ACTION_DOWN, keyCode=KEYCODE_DPAD_UP, scanCode=0, metaState=0, flags=0x400, repeatCount=0, eventTime=2803712, downTime=2803712, deviceId=-1, source=0x101 }
W/ViewRootImpl(  669): Dropping event due to no window focus: KeyEvent { action=ACTION_DOWN, keyCode=KEYCODE_DPAD_UP, scanCode=0, metaState=0, flags=0x400, repeatCount=0, eventTime=2803712, downTime=2803712, deviceId=-1, source=0x101 }
W/dalvikvm( 3468): VFY: unable to resolve virtual method 1750: Landroid/app/Notification$Builder;.setLocalOnly (Z)Landroid/app/Notification$Builder;
D/dalvikvm( 3468): VFY: replacing opcode 0x6e at 0x00fb
W/FlurryAgent( 3438): Flurry session started for context:com.life360.android.shared.base.LauncherActivity@4a7a34bc
W/FlurryAgent( 3438): Flurry session resumed for context:com.life360.android.shared.base.LauncherActivity@4a7a34bc
D/dalvikvm( 3468): GC_CONCURRENT freed 253K, 8% free 4286K/4616K, paused 1ms+1ms, total 7ms
D/dalvikvm( 3468): WAIT_FOR_CONCURRENT_GC blocked 5ms
E/SurfaceFlinger(  166): glCheckFramebufferStatusOES error 36054
E/SurfaceFlinger(  166): got GL_FRAMEBUFFER_COMPLETE_OES error while taking screenshot
D/dalvikvm( 3438): GC_FOR_ALLOC freed 239K, 31% free 3453K/4988K, paused 5ms, total 5ms
I/dalvikvm( 3468): Could not find method android.content.pm.PackageManager.getPackageInstaller, referenced from method com.google.android.gms.common.zze.zzl
W/dalvikvm( 3468): VFY: unable to resolve virtual method 2155: Landroid/content/pm/PackageManager;.getPackageInstaller ()Landroid/content/pm/PackageInstaller;
D/dalvikvm( 3468): VFY: replacing opcode 0x6e at 0x001a
I/qtaguid (  643): Untagging socket 69 failed errno=-13
W/NetworkManagementSocketTagger(  643): untagSocket(69) failed with errno -13
D/SurfaceFlinger(  166): setOrientation, mFbdev=0xb8705e30, mFbDev->setOrientation=0xb6973ce0, orientation=3
I/gralloc_nox(  166): setOrientation: orientation=3
D/PhoneStatusBar(  535): mSettingsPanelGravity = 55
D/dalvikvm(  618): GC_CONCURRENT freed 386K, 14% free 3049K/3528K, paused 0ms+0ms, total 3ms
I/ActivityManager(  480): Config changes=480 {1.0 310mcc16mnc en_US ldltr sw480dp w480dp h828dp 240dpi lrg long port finger qwerty/v/v dpad/v s.79}
D/dalvikvm(  535): GC_FOR_ALLOC freed 10060K, 54% free 6821K/14628K, paused 4ms, total 5ms
I/dalvikvm-heap(  535): Grow heap (frag case) to 10.232MB for 3686412-byte allocation
D/Sensors (  480): Client connection accepted (213)
D/dalvikvm(  535): GC_FOR_ALLOC freed 4K, 43% free 10417K/18232K, paused 3ms, total 3ms
D/dalvikvm(  535): GC_CONCURRENT freed <1K, 43% free 10417K/18232K, paused 1ms+0ms, total 4ms
D/Tinker.DefaultAppLike(  669): onConfigurationChanged:{1.0 310mcc16mnc en_US ldltr sw480dp w480dp h828dp 240dpi lrg long port finger qwerty/v/v dpad/v s.79}
I/InputReader(  480): Reconfiguring input devices.  changes=0x00000004
I/InputReader(  480): Device reconfigured: id=1, name='seamless mouse', size 1280x720, orientation 3, mode 1, display id 0
I/InputReader(  480): Device reconfigured: id=3, name='Android Input', size 1280x720, orientation 3, mode 1, display id 0
I/InputReader(  480): Device reconfigured: id=8, name='VirtualBox USB Tablet', size 1280x720, orientation 3, mode 1, display id 0
E/ActivityThread( 3438): Failed to find provider info for com.facebook.katana.provider.AttributionIdProvider
D/yeshen  (  669): launcher onstop
I/AppsFlyer_4.6.0( 3438): ******* sendTrackingWithEvent: Launch
W/DebugConnManager(  669): getNetworkInfo() on networkType 1
E/dalvikvm( 3438): Could not find class 'android.security.keystore.KeyGenParameterSpec$Builder', referenced from method com.appsflyer.a.b
W/dalvikvm( 3438): VFY: unable to resolve new-instance 624 (Landroid/security/keystore/KeyGenParameterSpec$Builder;) in Lcom/appsflyer/a;
D/dalvikvm( 3438): VFY: replacing opcode 0x22 at 0x003d
D/dalvikvm( 3438): DexOpt: unable to opt direct call 0x0d78 at 0x42 in Lcom/appsflyer/a;.b
I/AppsFlyer_4.6.0( 3438): Initialising KeyStore..
I/AppsFlyer_4.6.0( 3438): IMEI was not collected.
I/AppsFlyer_4.6.0( 3438): Android ID was not collected.
I/AppsFlyer_4.6.0( 3438): Creating a new key with alias: com.appsflyer,KSAppsFlyerId=1524077010790-5198652829557299792,KSAppsFlyerRICounter=0
I/dalvikvm( 3438): Could not find method android.view.Window$Callback.onProvideKeyboardShortcuts, referenced from method android.support.v7.view.i.onProvideKeyboardShortcuts
W/dalvikvm( 3438): VFY: unable to resolve interface method 20369: Landroid/view/Window$Callback;.onProvideKeyboardShortcuts (Ljava/util/List;Landroid/view/Menu;I)V
D/dalvikvm( 3438): VFY: replacing opcode 0x72 at 0x0002
W/dalvikvm( 3438): VFY: unable to find class referenced in signature (Landroid/view/SearchEvent;)
I/dalvikvm( 3438): Could not find method android.view.Window$Callback.onSearchRequested, referenced from method android.support.v7.view.i.onSearchRequested
W/dalvikvm( 3438): VFY: unable to resolve interface method 20371: Landroid/view/Window$Callback;.onSearchRequested (Landroid/view/SearchEvent;)Z
D/dalvikvm( 3438): VFY: replacing opcode 0x72 at 0x0002
I/dalvikvm( 3438): Could not find method android.view.Window$Callback.onWindowStartingActionMode, referenced from method android.support.v7.view.i.onWindowStartingActionMode
W/dalvikvm( 3438): VFY: unable to resolve interface method 20375: Landroid/view/Window$Callback;.onWindowStartingActionMode (Landroid/view/ActionMode$Callback;I)Landroid/view/ActionMode;
D/dalvikvm( 3438): VFY: replacing opcode 0x72 at 0x0002
D/AppsFlyer_4.6.0( 3438): AppsFlyer: first launch detected
I/AppsFlyer_4.6.0( 3438): AppsFlyer: first launch date: 2018-04-18_1143-0700
I/AppsFlyer_4.6.0( 3438): AppsFlyerLib.sendTrackingWithEvent
I/System.out( 3438): body:<com.appsflyer.f: void a(java.lang.String,java.lang.String,java.lang.String,java.lang.ref.WeakReference,java.lang.String,boolean)>	sig:specialinvoke $r7.<java.net.URL: void <init>(java.lang.String)>($r1)	timediff:0
I/System.out( 3438): <com.appsflyer.f: void a(java.lang.String,java.lang.String,java.lang.String,java.lang.ref.WeakReference,java.lang.String,boolean)>###specialinvoke $r7.<java.net.URL: void <init>(java.lang.String)>($r1)###https://events.appsflyer.com/api/v4/androidevent?buildnumber=6.0&app_id=com.fsp.android.phonetracker
I/System.out( 3438): body:<com.appsflyer.f: void a(java.lang.String,java.lang.String,java.lang.String,java.lang.ref.WeakReference,java.lang.String,boolean)>	sig:$r8 = virtualinvoke $r7.<java.net.URL: java.lang.String toString()>()	timediff:0
I/AppsFlyer_4.6.0( 3438): url: https://events.appsflyer.com/api/v4/androidevent?buildnumber=6.0&app_id=com.fsp.android.phonetracker
I/System.out( 3438): body:<com.appsflyer.f: void a(java.lang.String,java.lang.String,java.lang.String,java.lang.ref.WeakReference,java.lang.String,boolean)>	sig:$r8 = virtualinvoke $r7.<java.net.URL: java.lang.String toString()>()	timediff:0
