--------- beginning of /dev/log/main
I/Icing   (  711): Indexing F4FAA6262FE39DDD50BAE6B7AF5CDB8D73BA0DB0 from com.google.android.gms
I/Icing   (  711): Indexing done F4FAA6262FE39DDD50BAE6B7AF5CDB8D73BA0DB0
I/WearableService(  643): Wearable Services stopping
D/AndroidRuntime(31114): 
D/AndroidRuntime(31114): >>>>>> AndroidRuntime START com.android.internal.os.RuntimeInit <<<<<<
D/AndroidRuntime(31114): CheckJNI is OFF
D/dalvikvm(31114): Using executionMode 2
D/dalvikvm(31114): Trying to load lib libjavacore.so 0x0
D/dalvikvm(31114): Added shared lib libjavacore.so 0x0
D/dalvikvm(31114): Trying to load lib libnativehelper.so 0x0
D/dalvikvm(31114): Added shared lib libnativehelper.so 0x0
D/dalvikvm(31114): No JNI_OnLoad found in libnativehelper.so 0x0, skipping init
D/dalvikvm(31114): Note: class Landroid/app/ActivityManagerNative; has 179 unimplemented (abstract) methods
E/memtrack(31114): Couldn't load memtrack module (No such file or directory)
E/android.os.Debug(31114): failed to load memtrack module: -2
D/AndroidRuntime(31114): Calling main entry com.android.commands.monkey.Monkey
--------- beginning of /dev/log/system
W/BroadcastQueue(  480): Skipping deliver [background] BroadcastRecord{4b385d24 u-1 android.net.conn.CONNECTIVITY_CHANGE} to ReceiverList{4b27f0d4 31114 (unknown name)/0/u-1 remote:4b2713f0}: process crashing
D/yeshen  (  669): launcher onpause
I/ActivityManager(  480): START u0 {act=android.intent.action.MAIN cat=[android.intent.category.LAUNCHER] flg=0x10200000 cmp=com.appstar.callrecorder/.MainActivity} from pid 31114
I/ActivityManager(  480): Start proc com.appstar.callrecorder for activity com.appstar.callrecorder/.MainActivity: pid=31124 uid=10184 gids={50184, 1028, 1015, 1023, 3003, 3002}
W/NetworkManagementSocketTagger(  480): setKernelCountSet(10184, 1) failed with errno -13
D/yeshen  (  669): launcher onstop
W/DebugConnManager(  669): getNetworkInfo() on networkType 1
I/dalvikvm(31124): ignoring registerObject request in thread=1
I/dalvikvm(31124): ignoring registerObject request in thread=1
W/Resources(31124): Converting to string: TypedValue{t=0x10/d=0x1 a=-1}
W/Resources(31124): Converting to string: TypedValue{t=0x10/d=0x1 a=-1}
W/Resources(31124): Converting to string: TypedValue{t=0x10/d=0x64 a=-1}
W/Resources(31124): Converting to string: TypedValue{t=0x10/d=0x0 a=-1}
W/Resources(31124): Converting to string: TypedValue{t=0x10/d=0x0 a=-1}
W/Resources(31124): Converting to string: TypedValue{t=0x10/d=0x0 a=-1}
D/dalvikvm(31124): JIT code cache reset in 0 ms (0 bytes 1/0)
D/dalvikvm(31124): GC_CONCURRENT freed 292K, 12% free 2886K/3244K, paused 2ms+1ms, total 4ms
W/dalvikvm(31124): VFY: unable to find class referenced in signature (Landroid/view/SearchEvent;)
I/dalvikvm(31124): Could not find method android.view.Window$Callback.onSearchRequested, referenced from method android.support.v7.view.WindowCallbackWrapper.onSearchRequested
W/dalvikvm(31124): VFY: unable to resolve interface method 16326: Landroid/view/Window$Callback;.onSearchRequested (Landroid/view/SearchEvent;)Z
D/dalvikvm(31124): VFY: replacing opcode 0x72 at 0x0002
I/dalvikvm(31124): Could not find method android.view.Window$Callback.onWindowStartingActionMode, referenced from method android.support.v7.view.WindowCallbackWrapper.onWindowStartingActionMode
W/dalvikvm(31124): VFY: unable to resolve interface method 16330: Landroid/view/Window$Callback;.onWindowStartingActionMode (Landroid/view/ActionMode$Callback;I)Landroid/view/ActionMode;
D/dalvikvm(31124): VFY: replacing opcode 0x72 at 0x0002
I/AppCompatViewInflater(31124): app:theme is now deprecated. Please move to using android:theme instead.
I/dalvikvm(31124): Could not find method android.content.res.TypedArray.getChangingConfigurations, referenced from method android.support.v7.widget.TintTypedArray.getChangingConfigurations
W/dalvikvm(31124): VFY: unable to resolve virtual method 1799: Landroid/content/res/TypedArray;.getChangingConfigurations ()I
D/dalvikvm(31124): VFY: replacing opcode 0x6e at 0x0002
I/dalvikvm(31124): Could not find method android.content.res.TypedArray.getType, referenced from method android.support.v7.widget.TintTypedArray.getType
W/dalvikvm(31124): VFY: unable to resolve virtual method 1821: Landroid/content/res/TypedArray;.getType (I)I
D/dalvikvm(31124): VFY: replacing opcode 0x6e at 0x0002
D/dalvikvm(31124): GC_CONCURRENT freed 281K, 11% free 2992K/3332K, paused 2ms+0ms, total 5ms
D/dalvikvm(31124): GC_FOR_ALLOC freed 26K, 11% free 3047K/3388K, paused 2ms, total 2ms
I/dalvikvm-heap(31124): Grow heap (frag case) to 3.634MB for 635808-byte allocation
D/dalvikvm(31124): GC_FOR_ALLOC freed <1K, 9% free 3668K/4012K, paused 3ms, total 3ms
D/dalvikvm(31124): GC_CONCURRENT freed <1K, 9% free 3668K/4012K, paused 1ms+1ms, total 74ms
D/dalvikvm(31124): GC_FOR_ALLOC freed 74K, 7% free 3745K/4012K, paused 3ms, total 3ms
I/dalvikvm-heap(31124): Grow heap (frag case) to 4.059MB for 366252-byte allocation
D/dalvikvm(31124): GC_FOR_ALLOC freed 2K, 7% free 4099K/4372K, paused 2ms, total 2ms
I/dalvikvm(31124): Could not find method android.content.res.Resources.getDrawable, referenced from method android.support.v7.widget.ResourcesWrapper.getDrawable
W/dalvikvm(31124): VFY: unable to resolve virtual method 1762: Landroid/content/res/Resources;.getDrawable (ILandroid/content/res/Resources$Theme;)Landroid/graphics/drawable/Drawable;
D/dalvikvm(31124): VFY: replacing opcode 0x6e at 0x0002
I/dalvikvm(31124): Could not find method android.content.res.Resources.getDrawableForDensity, referenced from method android.support.v7.widget.ResourcesWrapper.getDrawableForDensity
W/dalvikvm(31124): VFY: unable to resolve virtual method 1764: Landroid/content/res/Resources;.getDrawableForDensity (IILandroid/content/res/Resources$Theme;)Landroid/graphics/drawable/Drawable;
D/dalvikvm(31124): VFY: replacing opcode 0x6e at 0x0002
D/dalvikvm(31124): GC_FOR_ALLOC freed 27K, 6% free 4137K/4372K, paused 4ms, total 4ms
I/dalvikvm-heap(31124): Grow heap (frag case) to 4.442MB for 366252-byte allocation
D/dalvikvm(31124): GC_FOR_ALLOC freed 2K, 6% free 4492K/4732K, paused 1ms, total 2ms
I/ActivityManager(  480): START u0 {cmp=com.appstar.callrecorder/com.appstar.callrecordercore.wizardpager.welcome.WelcomeWizardActivity} from pid 31124
D/dalvikvm(  669): GC_CONCURRENT freed 6088K, 3% free 280548K/286760K, paused 7ms+23ms, total 76ms
I/dalvikvm(31124): Could not find method android.content.pm.PackageManager.getPackageInstaller, referenced from method com.google.android.gms.common.m.a
W/dalvikvm(31124): VFY: unable to resolve virtual method 1724: Landroid/content/pm/PackageManager;.getPackageInstaller ()Landroid/content/pm/PackageInstaller;
D/dalvikvm(31124): VFY: replacing opcode 0x6e at 0x001a
I/dalvikvm(31124): Could not find method android.content.pm.PackageManager.getPackageInstaller, referenced from method jjw.a
W/dalvikvm(31124): VFY: unable to resolve virtual method 2504: Landroid/content/pm/PackageManager;.getPackageInstaller ()Landroid/content/pm/PackageInstaller;
D/dalvikvm(31124): VFY: replacing opcode 0x6e at 0x001c
D/dalvikvm(31124): GC_CONCURRENT freed 581K, 13% free 4356K/5000K, paused 1ms+1ms, total 9ms
I/dalvikvm(31124): Could not find method android.content.ContextWrapper.createCredentialProtectedStorageContext, referenced from method iwr.createCredentialProtectedStorageContext
W/dalvikvm(31124): VFY: unable to resolve virtual method 2411: Landroid/content/ContextWrapper;.createCredentialProtectedStorageContext ()Landroid/content/Context;
D/dalvikvm(31124): VFY: replacing opcode 0x6f at 0x0002
I/dalvikvm(31124): Could not find method android.content.ContextWrapper.createDeviceProtectedStorageContext, referenced from method iwr.createDeviceProtectedStorageContext
W/dalvikvm(31124): VFY: unable to resolve virtual method 2412: Landroid/content/ContextWrapper;.createDeviceProtectedStorageContext ()Landroid/content/Context;
D/dalvikvm(31124): VFY: replacing opcode 0x6f at 0x0002
I/dalvikvm(31124): Could not find method android.content.ContextWrapper.createCredentialProtectedStorageContext, referenced from method com.google.android.chimera.ModuleContext.createCredentialProtectedStorageContext
W/dalvikvm(31124): VFY: unable to resolve virtual method 2411: Landroid/content/ContextWrapper;.createCredentialProtectedStorageContext ()Landroid/content/Context;
D/dalvikvm(31124): VFY: replacing opcode 0x6f at 0x0002
I/dalvikvm(31124): Could not find method android.content.ContextWrapper.createDeviceProtectedStorageContext, referenced from method com.google.android.chimera.ModuleContext.createDeviceProtectedStorageContext
W/dalvikvm(31124): VFY: unable to resolve virtual method 2412: Landroid/content/ContextWrapper;.createDeviceProtectedStorageContext ()Landroid/content/Context;
D/dalvikvm(31124): VFY: replacing opcode 0x6f at 0x0002
I/dalvikvm(31124): Could not find method android.content.Context.isCredentialProtectedStorage, referenced from method cub.a
W/dalvikvm(31124): VFY: unable to resolve virtual method 2391: Landroid/content/Context;.isCredentialProtectedStorage ()Z
D/dalvikvm(31124): VFY: replacing opcode 0x6e at 0x0000
I/dalvikvm(31124): Could not find method android.os.UserManager.isUserUnlocked, referenced from method cub.a
W/dalvikvm(31124): VFY: unable to resolve virtual method 3028: Landroid/os/UserManager;.isUserUnlocked ()Z
D/dalvikvm(31124): VFY: replacing opcode 0x6e at 0x001a
I/dalvikvm(31124): Could not find method android.content.Context.isDeviceProtectedStorage, referenced from method cub.b
W/dalvikvm(31124): VFY: unable to resolve virtual method 2392: Landroid/content/Context;.isDeviceProtectedStorage ()Z
D/dalvikvm(31124): VFY: replacing opcode 0x6e at 0x0000
I/dalvikvm(31124): Could not find method android.content.Context.isDeviceProtectedStorage, referenced from method cub.c
W/dalvikvm(31124): VFY: unable to resolve virtual method 2392: Landroid/content/Context;.isDeviceProtectedStorage ()Z
D/dalvikvm(31124): VFY: replacing opcode 0x6e at 0x0000
I/dalvikvm(31124): Could not find method android.system.Os.readlink, referenced from method cuq.a
W/dalvikvm(31124): VFY: unable to resolve static method 3047: Landroid/system/Os;.readlink (Ljava/lang/String;)Ljava/lang/String;
D/dalvikvm(31124): VFY: replacing opcode 0x71 at 0x0000
I/dalvikvm(31124): Could not find method android.system.Os.stat, referenced from method cuq.a
W/dalvikvm(31124): VFY: unable to resolve static method 3048: Landroid/system/Os;.stat (Ljava/lang/String;)Landroid/system/StructStat;
D/dalvikvm(31124): VFY: replacing opcode 0x71 at 0x0042
I/dalvikvm(31124): Could not find method android.system.Os.symlink, referenced from method cuq.a
W/dalvikvm(31124): VFY: unable to resolve static method 3049: Landroid/system/Os;.symlink (Ljava/lang/String;Ljava/lang/String;)V
D/dalvikvm(31124): VFY: replacing opcode 0x71 at 0x013b
I/dalvikvm(31124): DexOpt: unable to optimize instance field ref 0x04a1 at 0x46 in Lcuq;.a
I/dalvikvm(31124): DexOpt: unable to optimize static field ref 0x049c at 0x48 in Lcuq;.a
I/dalvikvm(31124): DexOpt: unable to optimize static field ref 0x049a at 0x4a in Lcuq;.a
I/dalvikvm(31124): DexOpt: unable to optimize static field ref 0x049b at 0x4d in Lcuq;.a
I/dalvikvm(31124): DexOpt: unable to optimize static field ref 0x049d at 0x57 in Lcuq;.a
I/dalvikvm(31124): DexOpt: unable to optimize static field ref 0x04a0 at 0x5f in Lcuq;.a
I/dalvikvm(31124): DexOpt: unable to optimize static field ref 0x049e at 0x61 in Lcuq;.a
I/dalvikvm(31124): DexOpt: unable to optimize static field ref 0x049f at 0x64 in Lcuq;.a
I/dalvikvm(31124): DexOpt: unable to optimize static field ref 0x049c at 0x7f in Lcuq;.a
I/dalvikvm(31124): DexOpt: unable to optimize static field ref 0x04a0 at 0x90 in Lcuq;.a
I/dalvikvm(31124): Could not find method android.content.Context.createDeviceProtectedStorageContext, referenced from method jvu.a
W/dalvikvm(31124): VFY: unable to resolve virtual method 2362: Landroid/content/Context;.createDeviceProtectedStorageContext ()Landroid/content/Context;
D/dalvikvm(31124): VFY: replacing opcode 0x6e at 0x0029
I/dalvikvm(31124): Could not find method android.content.Context.getSystemService, referenced from method jvu.b
W/dalvikvm(31124): VFY: unable to resolve virtual method 2387: Landroid/content/Context;.getSystemService (Ljava/lang/Class;)Ljava/lang/Object;
D/dalvikvm(31124): VFY: replacing opcode 0x6e at 0x000b
D/dalvikvm(31124): DexOpt: couldn't find static field Landroid/os/Build;.SUPPORTED_64_BIT_ABIS
W/dalvikvm(31124): VFY: unable to resolve static field 1157 (SUPPORTED_64_BIT_ABIS) in Landroid/os/Build;
D/dalvikvm(31124): VFY: replacing opcode 0x62 at 0x0012
D/dalvikvm(31124): DexOpt: couldn't find static field Landroid/os/Build;.SUPPORTED_32_BIT_ABIS
W/dalvikvm(31124): VFY: unable to resolve static field 1156 (SUPPORTED_32_BIT_ABIS) in Landroid/os/Build;
D/dalvikvm(31124): VFY: replacing opcode 0x62 at 0x0021
D/dalvikvm(31124): DexOpt: couldn't find static field Landroid/os/Build;.SUPPORTED_ABIS
W/dalvikvm(31124): VFY: unable to resolve static field 1158 (SUPPORTED_ABIS) in Landroid/os/Build;
D/dalvikvm(31124): VFY: replacing opcode 0x62 at 0x0008
D/dalvikvm(31124): DexOpt: couldn't find static field Landroid/os/Build;.SUPPORTED_64_BIT_ABIS
W/dalvikvm(31124): VFY: unable to resolve static field 1157 (SUPPORTED_64_BIT_ABIS) in Landroid/os/Build;
D/dalvikvm(31124): VFY: replacing opcode 0x62 at 0x0008
D/dalvikvm(31124): DexOpt: couldn't find static field Landroid/os/Build;.SUPPORTED_64_BIT_ABIS
I/dalvikvm(31124): DexOpt: unable to optimize static field ref 0x0485 at 0x17 in Lcwd;.a
D/dalvikvm(31124): DexOpt: couldn't find static field Landroid/os/Build;.SUPPORTED_32_BIT_ABIS
I/dalvikvm(31124): DexOpt: unable to optimize static field ref 0x0484 at 0x26 in Lcwd;.a
D/dalvikvm(31124): DexOpt: couldn't find static field Landroid/os/Build;.SUPPORTED_64_BIT_ABIS
I/dalvikvm(31124): DexOpt: unable to optimize static field ref 0x0485 at 0x0d in Lcwd;.b
D/DynamitePackage(31124): Instantiated singleton DynamitePackage.
D/DynamitePackage(31124): Instantiating com.google.android.gms.ads.ChimeraAdManagerCreatorImpl
I/dalvikvm(31124): Could not find method android.content.pm.PackageManager.getPackageInstaller, referenced from method jn.a
W/dalvikvm(31124): VFY: unable to resolve virtual method 2060: Landroid/content/pm/PackageManager;.getPackageInstaller ()Landroid/content/pm/PackageInstaller;
D/dalvikvm(31124): VFY: replacing opcode 0x6e at 0x0017
D/dalvikvm(31124): GC_CONCURRENT freed 386K, 12% free 4424K/5000K, paused 1ms+2ms, total 7ms
I/dalvikvm(31124): Could not find method android.security.NetworkSecurityPolicy.getInstance, referenced from method com.google.android.gms.ads.internal.util.h.b_
W/dalvikvm(31124): VFY: unable to resolve static method 2591: Landroid/security/NetworkSecurityPolicy;.getInstance ()Landroid/security/NetworkSecurityPolicy;
D/dalvikvm(31124): VFY: replacing opcode 0x71 at 0x0022
D/dalvikvm(31124): DexOpt: --- BEGIN '1510898742191.jar' (bootstrap=0) ---
I/dalvikvm(31124): Could not find method android.content.pm.PackageManager.isInstantApp, referenced from method qp.a
W/dalvikvm(31124): VFY: unable to resolve virtual method 2065: Landroid/content/pm/PackageManager;.isInstantApp (Ljava/lang/String;)Z
D/dalvikvm(31124): VFY: replacing opcode 0x6e at 0x002d
I/dalvikvm(31124): Could not find method android.content.pm.PackageManager.isInstantApp, referenced from method qo.a
W/dalvikvm(31124): VFY: unable to resolve virtual method 2064: Landroid/content/pm/PackageManager;.isInstantApp ()Z
D/dalvikvm(31124): VFY: replacing opcode 0x6e at 0x0028
I/Ads     (31124): Starting ad request.
I/Ads     (31124): Use AdRequest.Builder.addTestDevice("DADDEACD506FD4BD02989AD39CCF21B7") to get test ads on this device.
D/dalvikvm(31124): GC_CONCURRENT freed 329K, 10% free 4522K/5000K, paused 2ms+0ms, total 5ms
I/dalvikvm(31124): Could not find method android.webkit.WebSettings.setMixedContentMode, referenced from method com.google.android.gms.ads.internal.webview.m.<init>
W/dalvikvm(31124): VFY: unable to resolve virtual method 2893: Landroid/webkit/WebSettings;.setMixedContentMode (I)V
D/dalvikvm(31124): VFY: replacing opcode 0x6e at 0x0069
V/WebViewChromium(31124): Binding Chromium to the background looper Looper (main, tid 1) {4a798058}
I/chromium(31124): [INFO:library_loader_hooks.cc(112)] Chromium logging enabled: level = 0, default verbosity = 0
I/BrowserProcessMain(31124): Initializing chromium process, renderers=0
W/chromium(31124): [WARNING:proxy_service.cc(888)] PAC support disabled because there is no system implementation
D/libEGL  (31124): loaded /system/lib/egl/libEGL_adreno.so
D/        (31124): HostConnection::get() New Host Connection established 0xb7d428c0, tid 31124
D/libEGL  (31124): loaded /system/lib/egl/libGLESv1_CM_adreno.so
D/libEGL  (31124): loaded /system/lib/egl/libGLESv2_adreno.so
D/dalvikvm(  669): GC_FOR_ALLOC freed 700K, 2% free 283414K/288632K, paused 49ms, total 49ms
D/dalvikvm(  669): GC_FOR_ALLOC freed 551K, 2% free 286221K/291440K, paused 40ms, total 40ms
D/dalvikvm(31146): DexOpt: load 1ms, verify+opt 4ms, 287892 bytes
D/dalvikvm(31124): DexOpt: --- END '1510898742191.jar' (success) ---
D/dalvikvm(31124): DEX prep '/data/data/com.appstar.callrecorder/cache/1510898742191.jar': unzip in 0ms, rewrite 227ms
D/dalvikvm(31124): GC_FOR_ALLOC freed 127K, 10% free 4644K/5104K, paused 2ms, total 3ms
D/dalvikvm(31124): GC_CONCURRENT freed 474K, 11% free 4688K/5228K, paused 2ms+0ms, total 7ms
W/Ads     (31124): Invoke Firebase method getInstance error.
W/Ads     (31124): The Google Mobile Ads SDK will not integrate with Firebase. Admob/Firebase integration requires the latest Firebase SDK jar, but Firebase SDK is either missing or out of date
W/FragmentManager(31124): moveToState: Fragment state for ad{4a88bea4 #1 id=0x7f0d0078 android:switcher:2131558520:1} not updated inline; expected state 3 found 2
I/dalvikvm(31124): Could not find method android.support.v7.widget.LinearLayoutCompat.drawableHotspotChanged, referenced from method android.support.design.internal.ForegroundLinearLayout.drawableHotspotChanged
W/dalvikvm(31124): VFY: unable to resolve virtual method 13015: Landroid/support/v7/widget/LinearLayoutCompat;.drawableHotspotChanged (FF)V
D/dalvikvm(31124): VFY: replacing opcode 0x6f at 0x0000
D/dalvikvm(31124): GC_CONCURRENT freed 284K, 7% free 5015K/5360K, paused 1ms+2ms, total 7ms
W/FragmentManager(31124): moveToState: Fragment state for d{4a8be2dc #1 id=0x7f0d010f} not updated inline; expected state 3 found 2
W/Herrevad(  711): [1667] sjl.a: On wifi, but couldn't get security type
W/DebugConnManager(  711): getNetworkInfo() on networkType 0
E/Herrevad(  711): [1909] RemoteReportsRefreshChimeraService.a: want to send authenticated request, but no Google account on device
I/qtaguid (  711): Tagging socket 72 with tag 3000130100000000(805311233) for uid -1 failed errno=-13
I/NetworkManagementSocketTagger(  711): tagSocketFd(72, 805311233, -1) failed with errno-13
D/dalvikvm(  711): GC_CONCURRENT freed 2245K, 44% free 9527K/16872K, paused 0ms+2ms, total 26ms
D/dalvikvm(  711): WAIT_FOR_CONCURRENT_GC blocked 15ms
I/qtaguid (  711): Tagging socket 137 with tag 3000010500000000(805306629) for uid -1 failed errno=-13
I/NetworkManagementSocketTagger(  711): tagSocketFd(137, 805306629, -1) failed with errno-13
I/qtaguid (  711): Tagging socket 151 with tag 3000010500000000(805306629) for uid -1 failed errno=-13
I/NetworkManagementSocketTagger(  711): tagSocketFd(151, 805306629, -1) failed with errno-13
I/qtaguid (  711): Untagging socket 151 failed errno=-13
W/NetworkManagementSocketTagger(  711): untagSocket(151) failed with errno -13
I/qtaguid (  711): Tagging socket 151 with tag 3000010500000000(805306629) for uid -1 failed errno=-13
I/NetworkManagementSocketTagger(  711): tagSocketFd(151, 805306629, -1) failed with errno-13
I/qtaguid (  711): Untagging socket 151 failed errno=-13
W/NetworkManagementSocketTagger(  711): untagSocket(151) failed with errno -13
I/qtaguid (  711): Tagging socket 151 with tag 3000010500000000(805306629) for uid -1 failed errno=-13
I/NetworkManagementSocketTagger(  711): tagSocketFd(151, 805306629, -1) failed with errno-13
I/qtaguid (  711): Untagging socket 151 failed errno=-13
W/NetworkManagementSocketTagger(  711): untagSocket(151) failed with errno -13
I/qtaguid (  711): Tagging socket 151 with tag 3000010500000000(805306629) for uid -1 failed errno=-13
I/NetworkManagementSocketTagger(  711): tagSocketFd(151, 805306629, -1) failed with errno-13
I/qtaguid (  711): Untagging socket 151 failed errno=-13
W/NetworkManagementSocketTagger(  711): untagSocket(151) failed with errno -13
I/qtaguid (  711): Tagging socket 151 with tag 3000010500000000(805306629) for uid -1 failed errno=-13
I/NetworkManagementSocketTagger(  711): tagSocketFd(151, 805306629, -1) failed with errno-13
I/qtaguid (  711): Untagging socket 151 failed errno=-13
W/NetworkManagementSocketTagger(  711): untagSocket(151) failed with errno -13
I/qtaguid (  711): Tagging socket 151 with tag 3000010500000000(805306629) for uid -1 failed errno=-13
I/NetworkManagementSocketTagger(  711): tagSocketFd(151, 805306629, -1) failed with errno-13
I/qtaguid (  711): Untagging socket 151 failed errno=-13
W/NetworkManagementSocketTagger(  711): untagSocket(151) failed with errno -13
W/EGL_emulation(31124): eglSurfaceAttrib not implemented 3093 12436
D/OpenGLRenderer(31124): Enabling debug mode 0
I/qtaguid (  711): Untagging socket 72 failed errno=-13
W/NetworkManagementSocketTagger(  711): untagSocket(72) failed with errno -13
E/Volley  (  711): [72] BasicNetwork.performRequest: Unexpected response code 307 for https://android.googleapis.com/nova/herrevad/network_quality_info
W/ViewRootImpl(31124): Dropping event due to no window focus: KeyEvent { action=ACTION_DOWN, keyCode=KEYCODE_DPAD_CENTER, scanCode=0, metaState=0, flags=0x8, repeatCount=0, eventTime=2643920, downTime=2643920, deviceId=-1, source=0x101 }
I/chromium(31124): [INFO:simple_index_file.cc(397)] Simple Cache Index is being restored from disk.
W/Herrevad(  711): [1909] RemoteReportsRefreshChimeraService.a: java.util.concurrent.ExecutionException: com.android.volley.ServerError
W/Herrevad(  711): java.util.concurrent.ExecutionException: com.android.volley.ServerError
W/Herrevad(  711): 	at com.android.volley.toolbox.RequestFuture.a(com.google.android.gms@12221070@12.2.21 (070-188803320):4)
W/Herrevad(  711): 	at com.android.volley.toolbox.RequestFuture.get(com.google.android.gms@12221070@12.2.21 (070-188803320):2)
W/Herrevad(  711): 	at com.google.android.gms.herrevad.services.RemoteReportsRefreshChimeraService.a(com.google.android.gms@12221070@12.2.21 (070-188803320):25)
W/Herrevad(  711): 	at com.google.android.gms.herrevad.services.ImmediateRemoteReportsRefreshChimeraService.onHandleIntent(com.google.android.gms@12221070@12.2.21 (070-188803320))
W/Herrevad(  711): 	at csq.handleMessage(com.google.android.gms@12221070@12.2.21 (070-188803320))
W/Herrevad(  711): 	at android.os.Handler.dispatchMessage(Handler.java:102)
W/Herrevad(  711): 	at android.os.Looper.loop(Looper.java:136)
W/Herrevad(  711): 	at android.os.HandlerThread.run(HandlerThread.java:61)
W/Herrevad(  711): Caused by: com.android.volley.ServerError
W/Herrevad(  711): 	at com.android.volley.toolbox.BasicNetwork.performRequest(com.google.android.gms@12221070@12.2.21 (070-188803320):36)
W/Herrevad(  711): 	at kiq.performRequest(com.google.android.gms@12221070@12.2.21 (070-188803320):8)
W/Herrevad(  711): 	at com.android.volley.NetworkDispatcher.a(com.google.android.gms@12221070@12.2.21 (070-188803320):7)
W/Herrevad(  711): 	at com.android.volley.NetworkDispatcher.run(com.google.android.gms@12221070@12.2.21 (070-188803320):2)
D/dalvikvm(31124): GC_CONCURRENT freed 295K, 7% free 5344K/5700K, paused 2ms+1ms, total 8ms
W/ViewRootImpl(31124): Dropping event due to no window focus: KeyEvent { action=ACTION_DOWN, keyCode=KEYCODE_DPAD_UP, scanCode=0, metaState=0, flags=0x8, repeatCount=0, eventTime=2644863, downTime=2644863, deviceId=-1, source=0x101 }
I/ActivityManager(  480): Displayed com.appstar.callrecorder/com.appstar.callrecordercore.wizardpager.welcome.WelcomeWizardActivity: +326ms (total +1s100ms)
W/ContextImpl(  480): Calling a method in the system process without a qualified user: android.app.ContextImpl.sendBroadcast:1123 com.android.server.InputMethodManagerService.hideCurrentInputLocked:1880 com.android.server.InputMethodManagerService.windowGainedFocus:1968 com.android.internal.view.IInputMethodManager$Stub.onTransact:221 com.android.server.InputMethodManagerService.onTransact:818 
I/chromium(31124): [INFO:CONSOLE(0)] "Creating Application Cache with manifest https://googleads.g.doubleclick.net/mads/static/mad/sdk/native/sdk-core-v40-loader.appcache", source: https://googleads.g.doubleclick.net/mads/static/mad/sdk/native/sdk-core-v40-loader.html (0)
I/chromium(31124): [INFO:CONSOLE(0)] "Application Cache Checking event", source: https://googleads.g.doubleclick.net/mads/static/mad/sdk/native/sdk-core-v40-loader.html (0)
I/chromium(31124): [INFO:CONSOLE(0)] "Application Cache Downloading event", source: https://googleads.g.doubleclick.net/mads/static/mad/sdk/native/sdk-core-v40-loader.html (0)
I/ActivityManager(  480): START u0 {act=android.intent.action.MAIN cat=[android.intent.category.LAUNCHER] flg=0x10200000 cmp=com.appstar.callrecorder/.MainActivity} from pid 31114
W/EGL_emulation(31124): eglSurfaceAttrib not implemented 3093 12436
W/EGL_emulation(31124): eglSurfaceAttrib not implemented 3093 12436
I/chromium(31124): [INFO:CONSOLE(0)] "Application Cache Progress event (0 of 1) https://googleads.g.doubleclick.net/mads/static/mad/sdk/native/production/sdk-core-v40-impl.js", source: https://googleads.g.doubleclick.net/mads/static/mad/sdk/native/sdk-core-v40-loader.html (0)
W/ViewRootImpl(31124): Dropping event due to no window focus: KeyEvent { action=ACTION_DOWN, keyCode=KEYCODE_DPAD_CENTER, scanCode=0, metaState=0, flags=0x8, repeatCount=0, eventTime=2645170, downTime=2645170, deviceId=-1, source=0x101 }
W/ViewRootImpl(31124): Dropping event due to no window focus: KeyEvent { action=ACTION_DOWN, keyCode=KEYCODE_4, scanCode=0, metaState=0, flags=0x8, repeatCount=0, eventTime=2645253, downTime=2645253, deviceId=-1, source=0x101 }
W/ContextImpl(  480): Calling a method in the system process without a qualified user: android.app.ContextImpl.sendBroadcast:1123 com.android.server.InputMethodManagerService.hideCurrentInputLocked:1880 com.android.server.InputMethodManagerService.windowGainedFocus:1968 com.android.internal.view.IInputMethodManager$Stub.onTransact:221 com.android.server.InputMethodManagerService.onTransact:818 
I/ActivityManager(  480): START u0 {act=android.intent.action.MAIN cat=[android.intent.category.LAUNCHER] flg=0x10000000 sel={act=android.intent.action.MAIN cat=[android.intent.category.APP_MUSIC]}} from pid 480
I/qtaguid (  711): Untagging socket 137 failed errno=-13
W/NetworkManagementSocketTagger(  711): untagSocket(137) failed with errno -13
D/dalvikvm(31124): GC_CONCURRENT freed 635K, 12% free 5464K/6164K, paused 2ms+1ms, total 7ms
W/CursorWrapperInner(31124): Cursor finalized without prior close()
W/CursorWrapperInner(31124): Cursor finalized without prior close()
I/chromium(31124): [INFO:CONSOLE(0)] "Application Cache Progress event (1 of 1) ", source: https://googleads.g.doubleclick.net/mads/static/mad/sdk/native/sdk-core-v40-loader.html (0)
I/chromium(31124): [INFO:CONSOLE(0)] "Application Cache Cached event", source: https://googleads.g.doubleclick.net/mads/static/mad/sdk/native/sdk-core-v40-loader.html (0)
V/PanelView(  535): animationTick called with dtms=0; nothing to do (h=0.0 v=0.0)
D/dalvikvm(31124): GC_FOR_ALLOC freed 216K, 13% free 5621K/6416K, paused 3ms, total 4ms
W/SurfaceFlinger(  166): couldn't log to binary event log: overflow.
D/dalvikvm(31124): GC_CONCURRENT freed 945K, 16% free 5497K/6500K, paused 2ms+1ms, total 7ms
W/EGL_emulation(31124): eglSurfaceAttrib not implemented 3093 12436
W/ViewRootImpl(31124): Dropping event due to no window focus: MotionEvent { action=ACTION_MOVE, id[0]=0, x[0]=-5.0, y[0]=-1.0, toolType[0]=TOOL_TYPE_UNKNOWN, buttonState=0, metaState=0, flags=0x0, edgeFlags=0x0, pointerCount=1, historySize=9, eventTime=2645779, downTime=-1, deviceId=0, source=0x10004 }
W/ViewRootImpl(31124): Dropping event due to no window focus: MotionEvent { action=ACTION_DOWN, id[0]=0, x[0]=0.0, y[0]=0.0, toolType[0]=TOOL_TYPE_UNKNOWN, buttonState=0, metaState=0, flags=0x0, edgeFlags=0x0, pointerCount=1, historySize=0, eventTime=2645779, downTime=2645776, deviceId=0, source=0x10004 }
I/Ads     (31124): Scheduling ad refresh 30000 milliseconds from now.
I/dalvikvm(31124): Could not find method android.os.PowerManager.isInteractive, referenced from method com.google.android.gms.ads.internal.activeview.c.g
W/dalvikvm(31124): VFY: unable to resolve virtual method 2559: Landroid/os/PowerManager;.isInteractive ()Z
D/dalvikvm(31124): VFY: replacing opcode 0x6e at 0x0008
W/ActivityThread(31124): ClassLoader.loadClass: The class loader returned by Thread.getContextClassLoader() may fail for processes that host multiple applications. You should explicitly specify a context class loader. For example: Thread.setContextClassLoader(getClass().getClassLoader());
I/Ads     (31124): Ad finished loading.
I/chromium(31124): [INFO:async_pixel_transfer_manager_android.cc(56)] Async pixel transfers not supported
I/chromium(31124): [INFO:async_pixel_transfer_manager_android.cc(56)] Async pixel transfers not supported
D/dalvikvm(31124): GC_CONCURRENT freed 520K, 12% free 5756K/6500K, paused 2ms+2ms, total 7ms
I/ActivityManager(  480): START u0 {cmp=com.appstar.callrecorder/com.appstar.callrecordercore.preferences.MainPreferencesActivity} from pid 31124
I/chromium(31124): [INFO:CONSOLE(0)] "Document was loaded from Application Cache with manifest https://googleads.g.doubleclick.net/mads/static/mad/sdk/native/sdk-core-v40-loader.appcache", source: https://googleads.g.doubleclick.net/mads/static/mad/sdk/native/sdk-core-v40-loader.html (0)
I/chromium(31124): [INFO:CONSOLE(0)] "Application Cache Checking event", source: https://googleads.g.doubleclick.net/mads/static/mad/sdk/native/sdk-core-v40-loader.html (0)
I/chromium(31124): [INFO:CONSOLE(0)] "Application Cache Checking event", source: https://googleads.g.doubleclick.net/mads/static/mad/sdk/native/sdk-core-v40-loader.html (0)
I/chromium(31124): [INFO:CONSOLE(0)] "Application Cache NoUpdate event", source: https://googleads.g.doubleclick.net/mads/static/mad/sdk/native/sdk-core-v40-loader.html (0)
I/chromium(31124): [INFO:CONSOLE(0)] "Application Cache NoUpdate event", source: https://googleads.g.doubleclick.net/mads/static/mad/sdk/native/sdk-core-v40-loader.html (0)
D/DynamitePackage(31124): Instantiating com.google.android.gms.ads.ChimeraAdManagerCreatorImpl
I/Ads     (31124): Starting ad request.
I/Ads     (31124): Use AdRequest.Builder.addTestDevice("DADDEACD506FD4BD02989AD39CCF21B7") to get test ads on this device.
W/Ads     (31124): Not retrying to fetch app settings
W/Resources(31124): Converting to string: TypedValue{t=0x10/d=0x1 a=-1}
W/Resources(31124): Converting to string: TypedValue{t=0x10/d=0x1 a=-1}
W/Resources(31124): Converting to string: TypedValue{t=0x10/d=0x64 a=-1}
W/Resources(31124): Converting to string: TypedValue{t=0x10/d=0x0 a=-1}
W/Resources(31124): Converting to string: TypedValue{t=0x10/d=0x0 a=-1}
W/Resources(31124): Converting to string: TypedValue{t=0x10/d=0x0 a=-1}
W/Ads     (  711): App does not have the required permissions to get location
W/Herrevad(  711): [1667] sjl.a: On wifi, but couldn't get security type
W/DebugConnManager(  711): getNetworkInfo() on networkType 0
E/WindowManager(31124): 
E/WindowManager(31124): android.view.WindowLeaked: Activity com.appstar.callrecordercore.wizardpager.welcome.WelcomeWizardActivity has leaked window android.support.v7.app.AppCompatDelegateImplV7$ListMenuDecorView{4a8fbaec V.E..... ......ID 0,0-0,0} that was originally added here
E/WindowManager(31124): 	at android.view.ViewRootImpl.<init>(ViewRootImpl.java:348)
E/WindowManager(31124): 	at android.view.WindowManagerGlobal.addView(WindowManagerGlobal.java:248)
E/WindowManager(31124): 	at android.view.WindowManagerImpl.addView(WindowManagerImpl.java:69)
E/WindowManager(31124): 	at android.support.v7.app.AppCompatDelegateImplV7.openPanel(AppCompatDelegateImplV7.java:1141)
E/WindowManager(31124): 	at android.support.v7.app.AppCompatDelegateImplV7.onKeyUpPanel(AppCompatDelegateImplV7.java:1460)
E/WindowManager(31124): 	at android.support.v7.app.AppCompatDelegateImplV7.onKeyUp(AppCompatDelegateImplV7.java:911)
E/WindowManager(31124): 	at android.support.v7.app.AppCompatDelegateImplV7.dispatchKeyEvent(AppCompatDelegateImplV7.java:905)
E/WindowManager(31124): 	at android.support.v7.app.AppCompatDelegateImplBase$AppCompatWindowCallbackBase.dispatchKeyEvent(AppCompatDelegateImplBase.java:241)
E/WindowManager(31124): 	at android.support.v7.view.WindowCallbackWrapper.dispatchKeyEvent(WindowCallbackWrapper.java:50)
E/WindowManager(31124): 	at com.android.internal.policy.impl.PhoneWindow$DecorView.dispatchKeyEvent(PhoneWindow.java:1962)
E/WindowManager(31124): 	at android.view.ViewRootImpl$ViewPostImeInputStage.processKeyEvent(ViewRootImpl.java:3876)
E/WindowManager(31124): 	at android.view.ViewRootImpl$ViewPostImeInputStage.onProcess(ViewRootImpl.java:3850)
E/WindowManager(31124): 	at android.view.ViewRootImpl$InputStage.deliver(ViewRootImpl.java:3423)
E/WindowManager(31124): 	at android.view.ViewRootImpl$InputStage.onDeliverToNext(ViewRootImpl.java:3473)
E/WindowManager(31124): 	at android.view.ViewRootImpl$InputStage.forward(ViewRootImpl.java:3442)
E/WindowManager(31124): 	at android.view.ViewRootImpl$AsyncInputStage.forward(ViewRootImpl.java:3549)
E/WindowManager(31124): 	at android.view.ViewRootImpl$InputStage.apply(ViewRootImpl.java:3450)
E/WindowManager(31124): 	at android.view.ViewRootImpl$AsyncInputStage.apply(ViewRootImpl.java:3606)
E/WindowManager(31124): 	at android.view.ViewRootImpl$InputStage.deliver(ViewRootImpl.java:3423)
E/WindowManager(31124): 	at android.view.ViewRootImpl$InputStage.onDeliverToNext(ViewRootImpl.java:3473)
E/WindowManager(31124): 	at android.view.ViewRootImpl$InputStage.forward(ViewRootImpl.java:3442)
E/WindowManager(31124): 	at android.view.ViewRootImpl$InputStage.apply(ViewRootImpl.java:3450)
E/WindowManager(31124): 	at android.view.ViewRootImpl$InputStage.deliver(ViewRootImpl.java:3423)
E/WindowManager(31124): 	at android.view.ViewRootImpl$InputStage.onDeliverToNext(ViewRootImpl.java:3473)
E/WindowManager(31124): 	at android.view.ViewRootImpl$InputStage.forward(ViewRootImpl.java:3442)
E/WindowManager(31124): 	at android.view.ViewRootImpl$AsyncInputStage.forward(ViewRootImpl.java:3582)
E/WindowManager(31124): 	at android.view.ViewRootImpl$ImeInputStage.onFinishedInputEvent(ViewRootImpl.java:3742)
E/WindowManager(31124): 	at android.view.inputmethod.InputMethodManager$PendingEvent.run(InputMethodManager.java:2010)
E/WindowManager(31124): 	at android.view.inputmethod.InputMethodManager.invokeFinishedInputEventCallback(InputMethodManager.java:1704)
E/WindowManager(31124): 	at android.view.inputmethod.InputMethodManager.finishedInputEvent(InputMethodManager.java:1695)
E/WindowManager(31124): 	at android.view.inputmethod.InputMethodManager$ImeInputEventSender.onInputEventFinished(InputMethodManager.java:1987)
E/WindowManager(31124): 	at android.view.InputEventSender.dispatchInputEventFinished(InputEventSender.java:141)
E/WindowManager(31124): 	at android.os.MessageQueue.nativePollOnce(Native Method)
E/WindowManager(31124): 	at android.os.MessageQueue.next(MessageQueue.java:138)
E/WindowManager(31124): 	at android.os.Looper.loop(Looper.java:123)
E/WindowManager(31124): 	at android.app.ActivityThread.main(ActivityThread.java:5019)
E/WindowManager(31124): 	at java.lang.reflect.Method.invokeNative(Native Method)
E/WindowManager(31124): 	at java.lang.reflect.Method.invoke(Method.java:515)
E/WindowManager(31124): 	at com.android.internal.os.ZygoteInit$MethodAndArgsCaller.run(ZygoteInit.java:779)
E/WindowManager(31124): 	at com.android.internal.os.ZygoteInit.main(ZygoteInit.java:595)
E/WindowManager(31124): 	at dalvik.system.NativeStart.main(Native Method)
W/WindowManager(  480): Force-removing child win Window{4aa0fb34 u0 SubPanel:com.appstar.callrecorder/com.appstar.callrecordercore.wizardpager.welcome.WelcomeWizardActivity} from container Window{4a97e334 u0 com.appstar.callrecorder/com.appstar.callrecordercore.wizardpager.welcome.WelcomeWizardActivity}
E/Herrevad(  711): [1920] RemoteReportsRefreshChimeraService.a: want to send authenticated request, but no Google account on device
I/qtaguid (  711): Tagging socket 72 with tag 3000130100000000(805311233) for uid -1 failed errno=-13
I/NetworkManagementSocketTagger(  711): tagSocketFd(72, 805311233, -1) failed with errno-13
I/qtaguid (  711): Tagging socket 137 with tag 3000010500000000(805306629) for uid -1 failed errno=-13
I/NetworkManagementSocketTagger(  711): tagSocketFd(137, 805306629, -1) failed with errno-13
I/qtaguid (  711): Untagging socket 72 failed errno=-13
W/NetworkManagementSocketTagger(  711): untagSocket(72) failed with errno -13
E/Volley  (  711): [73] BasicNetwork.performRequest: Unexpected response code 307 for https://android.googleapis.com/nova/herrevad/network_quality_info
W/Herrevad(  711): [1920] RemoteReportsRefreshChimeraService.a: java.util.concurrent.ExecutionException: com.android.volley.ServerError
W/Herrevad(  711): java.util.concurrent.ExecutionException: com.android.volley.ServerError
W/Herrevad(  711): 	at com.android.volley.toolbox.RequestFuture.a(com.google.android.gms@12221070@12.2.21 (070-188803320):4)
W/Herrevad(  711): 	at com.android.volley.toolbox.RequestFuture.get(com.google.android.gms@12221070@12.2.21 (070-188803320):2)
W/Herrevad(  711): 	at com.google.android.gms.herrevad.services.RemoteReportsRefreshChimeraService.a(com.google.android.gms@12221070@12.2.21 (070-188803320):25)
W/Herrevad(  711): 	at com.google.android.gms.herrevad.services.ImmediateRemoteReportsRefreshChimeraService.onHandleIntent(com.google.android.gms@12221070@12.2.21 (070-188803320))
W/Herrevad(  711): 	at csq.handleMessage(com.google.android.gms@12221070@12.2.21 (070-188803320))
W/Herrevad(  711): 	at android.os.Handler.dispatchMessage(Handler.java:102)
W/Herrevad(  711): 	at android.os.Looper.loop(Looper.java:136)
W/Herrevad(  711): 	at android.os.HandlerThread.run(HandlerThread.java:61)
W/Herrevad(  711): Caused by: com.android.volley.ServerError
W/Herrevad(  711): 	at com.android.volley.toolbox.BasicNetwork.performRequest(com.google.android.gms@12221070@12.2.21 (070-188803320):36)
W/Herrevad(  711): 	at kiq.performRequest(com.google.android.gms@12221070@12.2.21 (070-188803320):8)
W/Herrevad(  711): 	at com.android.volley.NetworkDispatcher.a(com.google.android.gms@12221070@12.2.21 (070-188803320):7)
W/Herrevad(  711): 	at com.android.volley.NetworkDispatcher.run(com.google.android.gms@12221070@12.2.21 (070-188803320):2)
W/EGL_emulation(31124): eglSurfaceAttrib not implemented 3093 12436
I/dalvikvm(31124): Could not find method android.widget.CompoundButton.drawableHotspotChanged, referenced from method android.support.v7.widget.SwitchCompat.drawableHotspotChanged
W/dalvikvm(31124): VFY: unable to resolve virtual method 16601: Landroid/widget/CompoundButton;.drawableHotspotChanged (FF)V
D/dalvikvm(31124): VFY: replacing opcode 0x6f at 0x0006
W/ViewRootImpl(31124): Dropping event due to no window focus: KeyEvent { action=ACTION_DOWN, keyCode=KEYCODE_DPAD_DOWN, scanCode=0, metaState=0, flags=0x8, repeatCount=0, eventTime=2646048, downTime=2646048, deviceId=-1, source=0x101 }
W/WindowManager(  480): Failed looking up window
W/WindowManager(  480): java.lang.IllegalArgumentException: Requested window android.os.BinderProxy@4a97052c does not exist
W/WindowManager(  480): 	at com.android.server.wm.WindowManagerService.windowForClientLocked(WindowManagerService.java:8096)
W/WindowManager(  480): 	at com.android.server.wm.WindowManagerService.windowForClientLocked(WindowManagerService.java:8087)
W/WindowManager(  480): 	at com.android.server.wm.WindowManagerService.removeWindow(WindowManagerService.java:2542)
W/WindowManager(  480): 	at com.android.server.wm.Session.remove(Session.java:181)
W/WindowManager(  480): 	at android.view.IWindowSession$Stub.onTransact(IWindowSession.java:197)
W/WindowManager(  480): 	at com.android.server.wm.Session.onTransact(Session.java:125)
W/WindowManager(  480): 	at android.os.Binder.execTransact(Binder.java:404)
W/WindowManager(  480): 	at dalvik.system.NativeStart.run(Native Method)
I/ActivityManager(  480): Displayed com.appstar.callrecorder/com.appstar.callrecordercore.preferences.MainPreferencesActivity: +183ms
W/ViewRootImpl(31124): Dropping event due to no window focus: KeyEvent { action=ACTION_DOWN, keyCode=KEYCODE_DPAD_DOWN, scanCode=0, metaState=0, flags=0x8, repeatCount=0, eventTime=2646230, downTime=2646230, deviceId=-1, source=0x101 }
W/ContextImpl(  480): Calling a method in the system process without a qualified user: android.app.ContextImpl.sendBroadcast:1123 com.android.server.InputMethodManagerService.hideCurrentInputLocked:1880 com.android.server.InputMethodManagerService.windowGainedFocus:1968 com.android.internal.view.IInputMethodManager$Stub.onTransact:221 com.android.server.InputMethodManagerService.onTransact:818 
I/ActivityManager(  480): START u0 {act=android.intent.action.MAIN cat=[android.intent.category.LAUNCHER] flg=0x10200000 cmp=com.appstar.callrecorder/.MainActivity} from pid 31114
W/InputManager(  480): Input event injection from pid 31114 failed.
I/Ads     (31124): Scheduling ad refresh 30000 milliseconds from now.
W/InputManager(  480): Input event injection from pid 31114 failed.
W/EGL_emulation(31124): eglSurfaceAttrib not implemented 3093 12436
W/ContextImpl(  480): Calling a method in the system process without a qualified user: android.app.ContextImpl.sendBroadcast:1123 com.android.server.InputMethodManagerService.hideCurrentInputLocked:1880 com.android.server.InputMethodManagerService.windowGainedFocus:1968 com.android.internal.view.IInputMethodManager$Stub.onTransact:221 com.android.server.InputMethodManagerService.onTransact:818 
W/Resources(31124): Converting to string: TypedValue{t=0x10/d=0x1 a=-1}
W/Resources(31124): Converting to string: TypedValue{t=0x10/d=0x1 a=-1}
W/Resources(31124): Converting to string: TypedValue{t=0x10/d=0x64 a=-1}
W/Resources(31124): Converting to string: TypedValue{t=0x10/d=0x0 a=-1}
W/Resources(31124): Converting to string: TypedValue{t=0x10/d=0x0 a=-1}
W/Resources(31124): Converting to string: TypedValue{t=0x10/d=0x0 a=-1}
W/UnimplementedWebViewApi(31124): Unimplemented WebView method onKeyDown called from: android.webkit.WebView.onKeyDown(WebView.java:2169)
W/ViewRootImpl(31124): Dropping event due to no window focus: KeyEvent { action=ACTION_DOWN, keyCode=KEYCODE_BACK, scanCode=0, metaState=0, flags=0x8, repeatCount=0, eventTime=2646650, downTime=2646650, deviceId=-1, source=0x101 }
W/ViewRootImpl(31124): Dropping event due to no window focus: KeyEvent { action=ACTION_DOWN, keyCode=KEYCODE_MENU, scanCode=0, metaState=0, flags=0x8, repeatCount=0, eventTime=2646659, downTime=2646659, deviceId=-1, source=0x101 }
D/dalvikvm(31124): GC_CONCURRENT freed 637K, 11% free 5984K/6680K, paused 1ms+0ms, total 5ms
W/CursorWrapperInner(31124): Cursor finalized without prior close()
W/CursorWrapperInner(31124): Cursor finalized without prior close()
W/ViewRootImpl(31124): Dropping event due to no window focus: KeyEvent { action=ACTION_DOWN, keyCode=KEYCODE_MENU, scanCode=0, metaState=0, flags=0x8, repeatCount=0, eventTime=2646661, downTime=2646661, deviceId=-1, source=0x101 }
W/ViewRootImpl(31124): Dropping event due to no window focus: KeyEvent { action=ACTION_DOWN, keyCode=KEYCODE_DPAD_CENTER, scanCode=0, metaState=0, flags=0x8, repeatCount=0, eventTime=2646686, downTime=2646686, deviceId=-1, source=0x101 }
D/dalvikvm(  711): GC_CONCURRENT freed 2066K, 43% free 9707K/16872K, paused 4ms+1ms, total 17ms
D/dalvikvm(  711): WAIT_FOR_CONCURRENT_GC blocked 12ms
I/qtaguid (  711): Untagging socket 137 failed errno=-13
W/NetworkManagementSocketTagger(  711): untagSocket(137) failed with errno -13
W/SurfaceFlinger(  166): couldn't log to binary event log: overflow.
W/InputMethodManagerService(  480): Window already focused, ignoring focus gain of: com.android.internal.view.IInputMethodClient$Stub$Proxy@4b0b95b4 attribute=null, token = android.os.BinderProxy@4a911890
D/dalvikvm(31124): GC_FOR_ALLOC freed 477K, 16% free 5987K/7056K, paused 5ms, total 5ms
D/dalvikvm(31124): GC_FOR_ALLOC freed 54K, 15% free 6041K/7056K, paused 6ms, total 6ms
W/UnimplementedWebViewApi(31124): Unimplemented WebView method onKeyDown called from: android.webkit.WebView.onKeyDown(WebView.java:2169)
W/ViewRootImpl(31124): Dropping event due to no window focus: KeyEvent { action=ACTION_DOWN, keyCode=KEYCODE_DPAD_UP, scanCode=0, metaState=0, flags=0x8, repeatCount=0, eventTime=2646873, downTime=2646873, deviceId=-1, source=0x101 }
W/ViewRootImpl(31124): Dropping event due to no window focus: KeyEvent { action=ACTION_DOWN, keyCode=KEYCODE_DPAD_LEFT, scanCode=0, metaState=0, flags=0x8, repeatCount=0, eventTime=2646878, downTime=2646878, deviceId=-1, source=0x101 }
W/EGL_emulation(31124): eglSurfaceAttrib not implemented 3093 12436
W/ViewRootImpl(31124): Dropping event due to no window focus: KeyEvent { action=ACTION_DOWN, keyCode=KEYCODE_DPAD_DOWN, scanCode=0, metaState=0, flags=0x8, repeatCount=0, eventTime=2646889, downTime=2646889, deviceId=-1, source=0x101 }
W/ViewRootImpl(31124): Dropping event due to no window focus: KeyEvent { action=ACTION_DOWN, keyCode=KEYCODE_DPAD_CENTER, scanCode=0, metaState=0, flags=0x8, repeatCount=0, eventTime=2646927, downTime=2646927, deviceId=-1, source=0x101 }
W/InputMethodManagerService(  480): Window already focused, ignoring focus gain of: com.android.internal.view.IInputMethodClient$Stub$Proxy@4ab11194 attribute=null, token = android.os.BinderProxy@4a911890
W/ViewRootImpl(31124): Dropping event due to no window focus: KeyEvent { action=ACTION_DOWN, keyCode=KEYCODE_DPAD_RIGHT, scanCode=0, metaState=0, flags=0x8, repeatCount=0, eventTime=2647057, downTime=2647057, deviceId=-1, source=0x101 }
W/ViewRootImpl(31124): Dropping event due to no window focus: KeyEvent { action=ACTION_DOWN, keyCode=KEYCODE_DPAD_RIGHT, scanCode=0, metaState=0, flags=0x8, repeatCount=0, eventTime=2647075, downTime=2647075, deviceId=-1, source=0x101 }
W/ViewRootImpl(31124): Dropping event due to no window focus: KeyEvent { action=ACTION_DOWN, keyCode=KEYCODE_DPAD_CENTER, scanCode=0, metaState=0, flags=0x8, repeatCount=0, eventTime=2647076, downTime=2647076, deviceId=-1, source=0x101 }
W/EGL_emulation(31124): eglSurfaceAttrib not implemented 3093 12436
I/Ads     (31124): Ad finished loading.
I/ActivityManager(  480): START u0 {cmp=com.appstar.callrecorder/com.appstar.callrecordercore.preferences.MainPreferencesActivity} from pid 31124
D/DynamitePackage(31124): Instantiating com.google.android.gms.ads.ChimeraAdManagerCreatorImpl
I/Ads     (31124): Starting ad request.
I/Ads     (31124): Use AdRequest.Builder.addTestDevice("DADDEACD506FD4BD02989AD39CCF21B7") to get test ads on this device.
W/Ads     (31124): Not retrying to fetch app settings
W/Resources(31124): Converting to string: TypedValue{t=0x10/d=0x1 a=-1}
W/Resources(31124): Converting to string: TypedValue{t=0x10/d=0x1 a=-1}
W/Resources(31124): Converting to string: TypedValue{t=0x10/d=0x64 a=-1}
W/Resources(31124): Converting to string: TypedValue{t=0x10/d=0x0 a=-1}
W/Resources(31124): Converting to string: TypedValue{t=0x10/d=0x0 a=-1}
W/Resources(31124): Converting to string: TypedValue{t=0x10/d=0x0 a=-1}
I/dalvikvm(31124): Could not find method android.app.NotificationManager.getNotificationChannel, referenced from method jh.a
W/dalvikvm(31124): VFY: unable to resolve virtual method 1943: Landroid/app/NotificationManager;.getNotificationChannel (Ljava/lang/String;)Landroid/app/NotificationChannel;
D/dalvikvm(31124): VFY: replacing opcode 0x6e at 0x000c
I/dalvikvm(31124): Could not find method android.app.Notification$Builder.setChannelId, referenced from method jh.a
W/dalvikvm(31124): VFY: unable to resolve virtual method 1899: Landroid/app/Notification$Builder;.setChannelId (Ljava/lang/String;)Landroid/app/Notification$Builder;
D/dalvikvm(31124): VFY: replacing opcode 0x6e at 0x0086
D/dalvikvm(31124): DexOpt: unable to opt direct call 0x0792 at 0x19 in Ljh;.a
W/Ads     (  711): App does not have the required permissions to get location
W/Herrevad(  711): [1667] sjl.a: On wifi, but couldn't get security type
W/DebugConnManager(  711): getNetworkInfo() on networkType 0
D/dalvikvm(  656): GC_CONCURRENT freed 389K, 12% free 3270K/3712K, paused 2ms+0ms, total 4ms
E/Herrevad(  711): [1926] RemoteReportsRefreshChimeraService.a: want to send authenticated request, but no Google account on device
I/qtaguid (  711): Tagging socket 72 with tag 3000130100000000(805311233) for uid -1 failed errno=-13
I/NetworkManagementSocketTagger(  711): tagSocketFd(72, 805311233, -1) failed with errno-13
I/qtaguid (  711): Tagging socket 137 with tag 3000010500000000(805306629) for uid -1 failed errno=-13
I/NetworkManagementSocketTagger(  711): tagSocketFd(137, 805306629, -1) failed with errno-13
