--------- beginning of /dev/log/main
I/Icing   (  711): Indexing F4FAA6262FE39DDD50BAE6B7AF5CDB8D73BA0DB0 from com.google.android.gms
I/Icing   (  711): Indexing done F4FAA6262FE39DDD50BAE6B7AF5CDB8D73BA0DB0
I/WearableService(  643): Wearable Services stopping
D/AndroidRuntime( 7156): 
D/AndroidRuntime( 7156): >>>>>> AndroidRuntime START com.android.internal.os.RuntimeInit <<<<<<
D/AndroidRuntime( 7156): CheckJNI is OFF
D/dalvikvm( 7156): Using executionMode 2
D/dalvikvm( 7156): Trying to load lib libjavacore.so 0x0
D/dalvikvm( 7156): Added shared lib libjavacore.so 0x0
D/dalvikvm( 7156): Trying to load lib libnativehelper.so 0x0
D/dalvikvm( 7156): Added shared lib libnativehelper.so 0x0
D/dalvikvm( 7156): No JNI_OnLoad found in libnativehelper.so 0x0, skipping init
D/dalvikvm( 7156): Note: class Landroid/app/ActivityManagerNative; has 179 unimplemented (abstract) methods
E/memtrack( 7156): Couldn't load memtrack module (No such file or directory)
E/android.os.Debug( 7156): failed to load memtrack module: -2
D/AndroidRuntime( 7156): Calling main entry com.android.commands.monkey.Monkey
--------- beginning of /dev/log/system
W/BroadcastQueue(  480): Skipping deliver [background] BroadcastRecord{4b1f7f58 u-1 android.net.conn.CONNECTIVITY_CHANGE} to ReceiverList{4b107b7c 7156 (unknown name)/0/u-1 remote:4aeb2344}: process crashing
I/ActivityManager(  480): START u0 {act=android.intent.action.MAIN cat=[android.intent.category.LAUNCHER] flg=0x10200000 cmp=com.lionmobi.netmaster/.activity.SplashActivity} from pid 7156
D/WebViewTimersControl( 4104): onBrowserActivityPause
D/WebViewTimersControl( 4104): Pausing webview timers, view=com.android.browser.BrowserWebView{4a7b377c VFEDHVCL .F...... 0,0-1280,604}
I/ActivityManager(  480): Start proc com.lionmobi.netmaster for activity com.lionmobi.netmaster/.activity.SplashActivity: pid=7166 uid=10199 gids={50199, 1028, 3003, 1015, 1023}
E/SurfaceFlinger(  166): glCheckFramebufferStatusOES error 36054
E/SurfaceFlinger(  166): got GL_FRAMEBUFFER_COMPLETE_OES error while taking screenshot
D/SurfaceFlinger(  166): setOrientation, mFbdev=0xb8705e30, mFbDev->setOrientation=0xb6973ce0, orientation=3
I/gralloc_nox(  166): setOrientation: orientation=3
D/Tinker.DefaultAppLike(  669): onConfigurationChanged:{1.0 310mcc16mnc en_US ldltr sw480dp w480dp h828dp 240dpi lrg long port finger qwerty/v/v dpad/v s.85}
D/PhoneStatusBar(  535): mSettingsPanelGravity = 55
I/ActivityManager(  480): Config changes=480 {1.0 310mcc16mnc en_US ldltr sw480dp w480dp h828dp 240dpi lrg long port finger qwerty/v/v dpad/v s.85}
D/Sensors (  480): Client connection accepted (202)
W/InputMethodManagerService(  480): Starting input on non-focused client com.android.internal.view.IInputMethodClient$Stub$Proxy@4a9ab718 (uid=10017 pid=4104)
W/NetworkManagementSocketTagger(  480): setKernelCountSet(10199, 1) failed with errno -13
I/dalvikvm( 7166): ignoring registerObject request in thread=1
I/dalvikvm( 7166): ignoring registerObject request in thread=1
I/dalvikvm( 7166): Could not find method android.os.PowerManager.isInteractive, referenced from method com.lionmobi.netmaster.manager.p.isScreenOff
W/dalvikvm( 7166): VFY: unable to resolve virtual method 1200: Landroid/os/PowerManager;.isInteractive ()Z
D/dalvikvm( 7166): VFY: replacing opcode 0x6e at 0x0010
I/InputReader(  480): Reconfiguring input devices.  changes=0x00000004
I/InputReader(  480): Device reconfigured: id=1, name='seamless mouse', size 1280x720, orientation 3, mode 1, display id 0
I/InputReader(  480): Device reconfigured: id=3, name='Android Input', size 1280x720, orientation 3, mode 1, display id 0
I/InputReader(  480): Device reconfigured: id=8, name='VirtualBox USB Tablet', size 1280x720, orientation 3, mode 1, display id 0
E/dalvikvm( 7166): Could not find class 'com.flurry.sdk.i', referenced from method com.flurry.sdk.kg.a
W/dalvikvm( 7166): VFY: unable to resolve const-class 1947 (Lcom/flurry/sdk/i;) in Lcom/flurry/sdk/kg;
D/dalvikvm( 7166): VFY: replacing opcode 0x1c at 0x0020
I/dalvikvm( 7166): Could not find method com.google.android.gms.common.GooglePlayServicesUtil.isGooglePlayServicesAvailable, referenced from method com.flurry.sdk.hn.m
W/dalvikvm( 7166): VFY: unable to resolve static method 16709: Lcom/google/android/gms/common/GooglePlayServicesUtil;.isGooglePlayServicesAvailable (Landroid/content/Context;)I
D/dalvikvm( 7166): VFY: replacing opcode 0x71 at 0x0008
E/FlurryAgent( 7166): There is a problem with the Google Play Services library, which is required for Android Advertising ID support. The Google Play Services library should be integrated in any app shipping in the Play Store that uses analytics or advertising.
D/dalvikvm( 7166): JIT code cache reset in 0 ms (0 bytes 1/0)
D/dalvikvm( 7166): GC_CONCURRENT freed 289K, 11% free 2967K/3316K, paused 2ms+0ms, total 7ms
W/EGL_emulation(  535): eglSurfaceAttrib not implemented 3093 12436
D/dalvikvm( 7166): GC_CONCURRENT freed 226K, 9% free 3167K/3456K, paused 1ms+1ms, total 4ms
I/ActivityManager(  480): Start proc com.lionmobi.netmaster:remote for service com.lionmobi.netmaster/.service.WifiRemoteService: pid=7191 uid=10199 gids={50199, 1028, 3003, 1015, 1023}
I/dalvikvm( 7166): Could not find method android.view.Window.setStatusBarColor, referenced from method com.lionmobi.netmaster.utils.h.setTranslucentStatusBarColor
W/dalvikvm( 7166): VFY: unable to resolve virtual method 5889: Landroid/view/Window;.setStatusBarColor (I)V
D/dalvikvm( 7166): VFY: replacing opcode 0x6e at 0x0016
I/dalvikvm( 7166): Could not find method android.view.Window.setStatusBarColor, referenced from method com.lionmobi.netmaster.utils.h.translucentStatusBar
W/dalvikvm( 7166): VFY: unable to resolve virtual method 5889: Landroid/view/Window;.setStatusBarColor (I)V
D/dalvikvm( 7166): VFY: replacing opcode 0x6e at 0x0023
E/dalvikvm( 7166): Could not find class 'android.app.usage.UsageStatsManager', referenced from method com.lionmobi.netmaster.utils.c.a
W/dalvikvm( 7166): VFY: unable to resolve check-cast 53 (Landroid/app/usage/UsageStatsManager;) in Lcom/lionmobi/netmaster/utils/c;
D/dalvikvm( 7166): VFY: replacing opcode 0x1f at 0x0011
I/dalvikvm( 7191): ignoring registerObject request in thread=1
I/dalvikvm( 7191): ignoring registerObject request in thread=1
I/dalvikvm( 7191): Could not find method android.os.PowerManager.isInteractive, referenced from method com.lionmobi.netmaster.manager.p.isScreenOff
W/dalvikvm( 7191): VFY: unable to resolve virtual method 1200: Landroid/os/PowerManager;.isInteractive ()Z
D/dalvikvm( 7191): VFY: replacing opcode 0x6e at 0x0010
D/greenDAO( 7191): Content Provider started: com.lionmobi.netmaster.provider
E/dalvikvm( 7191): Could not find class 'com.flurry.sdk.i', referenced from method com.flurry.sdk.kg.a
W/dalvikvm( 7191): VFY: unable to resolve const-class 1947 (Lcom/flurry/sdk/i;) in Lcom/flurry/sdk/kg;
D/dalvikvm( 7191): VFY: replacing opcode 0x1c at 0x0020
D/dalvikvm( 7191): Trying to load lib /data/app-lib/com.lionmobi.netmaster-1/libdaemon_api20.so 0x94f30f68
I/dalvikvm( 7191): Could not find method com.google.android.gms.common.GooglePlayServicesUtil.isGooglePlayServicesAvailable, referenced from method com.flurry.sdk.hn.m
W/dalvikvm( 7191): VFY: unable to resolve static method 16709: Lcom/google/android/gms/common/GooglePlayServicesUtil;.isGooglePlayServicesAvailable (Landroid/content/Context;)I
D/dalvikvm( 7191): VFY: replacing opcode 0x71 at 0x0008
D/dalvikvm( 7166): GC_CONCURRENT freed 298K, 10% free 3261K/3616K, paused 0ms+0ms, total 2ms
D/dalvikvm( 7191): JIT code cache reset in 0 ms (0 bytes 1/0)
D/dalvikvm( 7191): GC_CONCURRENT freed 245K, 10% free 2927K/3232K, paused 1ms+1ms, total 5ms
W/dalvikvm( 7166): VFY: unable to find class referenced in signature (Lokhttp3/Request;)
W/dalvikvm( 7166): VFY: unable to find class referenced in signature (Lokhttp3/Response;)
I/dalvikvm( 7166): Could not find method okhttp3.Response.headers, referenced from method empirical.HelperClass.printOkHttpInfo
W/dalvikvm( 7166): VFY: unable to resolve virtual method 28268: Lokhttp3/Response;.headers ()Lokhttp3/Headers;
D/dalvikvm( 7166): VFY: replacing opcode 0x6e at 0x0006
W/dalvikvm( 7166): VFY: unable to find class referenced in signature (Lokhttp3/Call;)
W/dalvikvm( 7166): VFY: unable to find class referenced in signature (Lokhttp3/Response;)
I/dalvikvm( 7166): Could not find method okhttp3.Call.request, referenced from method empirical.HelperClass.printOkHttpInfoFromCall
W/dalvikvm( 7166): VFY: unable to resolve interface method 28262: Lokhttp3/Call;.request ()Lokhttp3/Request;
D/dalvikvm( 7166): VFY: replacing opcode 0x72 at 0x0006
I/System.out( 7166): body:<com.flurry.sdk.iv: void n()>	sig:specialinvoke $r6.<java.net.URL: void <init>(java.lang.String)>($r1)	timediff:0
I/System.out( 7166): <com.flurry.sdk.iv: void n()>###specialinvoke $r6.<java.net.URL: void <init>(java.lang.String)>($r1)###https://data.flurry.com/aap.do
I/System.out( 7166): body:<com.flurry.sdk.iv: void n()>	sig:$r7 = virtualinvoke $r6.<java.net.URL: java.net.URLConnection openConnection()>()	timediff:1
I/System.out( 7166): body:<com.flurry.sdk.iv: void n()>	sig:virtualinvoke $r4.<java.net.HttpURLConnection: void setConnectTimeout(int)>($i0)	timediff:0
I/System.out( 7166): body:<com.flurry.sdk.iv: void n()>	sig:virtualinvoke $r4.<java.net.HttpURLConnection: void setReadTimeout(int)>($i0)	timediff:0
I/System.out( 7166): body:<com.flurry.sdk.iv: void n()>	sig:virtualinvoke $r4.<java.net.HttpURLConnection: void setRequestMethod(java.lang.String)>($r1)	timediff:0
I/System.out( 7166): body:<com.flurry.sdk.iv: void n()>	sig:virtualinvoke $r4.<java.net.HttpURLConnection: void setInstanceFollowRedirects(boolean)>($z0)	timediff:0
I/System.out( 7166): body:<com.flurry.sdk.iv: void n()>	sig:virtualinvoke $r4.<java.net.HttpURLConnection: void setDoOutput(boolean)>($z0)	timediff:0
I/System.out( 7166): body:<com.flurry.sdk.iv: void n()>	sig:virtualinvoke $r4.<java.net.HttpURLConnection: void setDoInput(boolean)>(1)	timediff:0
I/System.out( 7166): body:<com.flurry.sdk.iv: void n()>	sig:virtualinvoke $r4.<java.net.HttpURLConnection: void addRequestProperty(java.lang.String,java.lang.String)>($r1, $r13)	timediff:0
W/dalvikvm( 7191): VFY: unable to find class referenced in signature (Lokhttp3/Request;)
W/dalvikvm( 7191): VFY: unable to find class referenced in signature (Lokhttp3/Response;)
I/dalvikvm( 7191): Could not find method okhttp3.Response.headers, referenced from method empirical.HelperClass.printOkHttpInfo
W/dalvikvm( 7191): VFY: unable to resolve virtual method 28268: Lokhttp3/Response;.headers ()Lokhttp3/Headers;
D/dalvikvm( 7191): VFY: replacing opcode 0x6e at 0x0006
W/dalvikvm( 7191): VFY: unable to find class referenced in signature (Lokhttp3/Call;)
W/dalvikvm( 7191): VFY: unable to find class referenced in signature (Lokhttp3/Response;)
I/dalvikvm( 7191): Could not find method okhttp3.Call.request, referenced from method empirical.HelperClass.printOkHttpInfoFromCall
W/dalvikvm( 7191): VFY: unable to resolve interface method 28262: Lokhttp3/Call;.request ()Lokhttp3/Request;
D/dalvikvm( 7191): VFY: replacing opcode 0x72 at 0x0006
I/dalvikvm( 7191): Could not find method android.view.Window.setStatusBarColor, referenced from method com.lionmobi.netmaster.utils.h.setTranslucentStatusBarColor
W/dalvikvm( 7191): VFY: unable to resolve virtual method 5889: Landroid/view/Window;.setStatusBarColor (I)V
D/dalvikvm( 7191): VFY: replacing opcode 0x6e at 0x0016
I/dalvikvm( 7191): Could not find method android.view.Window.setStatusBarColor, referenced from method com.lionmobi.netmaster.utils.h.translucentStatusBar
W/dalvikvm( 7191): VFY: unable to resolve virtual method 5889: Landroid/view/Window;.setStatusBarColor (I)V
D/dalvikvm( 7191): VFY: replacing opcode 0x6e at 0x0023
I/System.out( 7191): body:<com.flurry.sdk.iv: void n()>	sig:specialinvoke $r6.<java.net.URL: void <init>(java.lang.String)>($r1)	timediff:0
I/System.out( 7191): <com.flurry.sdk.iv: void n()>###specialinvoke $r6.<java.net.URL: void <init>(java.lang.String)>($r1)###https://data.flurry.com/aap.do
D/dalvikvm( 7191): GC_CONCURRENT freed 210K, 8% free 3103K/3372K, paused 1ms+0ms, total 3ms
I/System.out( 7191): body:<com.flurry.sdk.iv: void n()>	sig:$r7 = virtualinvoke $r6.<java.net.URL: java.net.URLConnection openConnection()>()	timediff:21
I/System.out( 7191): body:<com.flurry.sdk.iv: void n()>	sig:virtualinvoke $r4.<java.net.HttpURLConnection: void setConnectTimeout(int)>($i0)	timediff:0
I/System.out( 7191): body:<com.flurry.sdk.iv: void n()>	sig:virtualinvoke $r4.<java.net.HttpURLConnection: void setReadTimeout(int)>($i0)	timediff:0
I/System.out( 7191): body:<com.flurry.sdk.iv: void n()>	sig:virtualinvoke $r4.<java.net.HttpURLConnection: void setRequestMethod(java.lang.String)>($r1)	timediff:0
I/System.out( 7191): body:<com.flurry.sdk.iv: void n()>	sig:virtualinvoke $r4.<java.net.HttpURLConnection: void setInstanceFollowRedirects(boolean)>($z0)	timediff:0
I/System.out( 7191): body:<com.flurry.sdk.iv: void n()>	sig:virtualinvoke $r4.<java.net.HttpURLConnection: void setDoOutput(boolean)>($z0)	timediff:0
I/System.out( 7191): body:<com.flurry.sdk.iv: void n()>	sig:virtualinvoke $r4.<java.net.HttpURLConnection: void setDoInput(boolean)>(1)	timediff:0
I/System.out( 7191): body:<com.flurry.sdk.iv: void n()>	sig:virtualinvoke $r4.<java.net.HttpURLConnection: void addRequestProperty(java.lang.String,java.lang.String)>($r1, $r13)	timediff:0
D/dalvikvm( 7191): Added shared lib /data/app-lib/com.lionmobi.netmaster-1/libdaemon_api20.so 0x94f30f68
D/dalvikvm( 7191): No JNI_OnLoad found in /data/app-lib/com.lionmobi.netmaster-1/libdaemon_api20.so 0x94f30f68, skipping init
D/Daemon  ( 7191): zombie process name is mars_d, and number is 0, killing...
F/libc    ( 7226): FORTIFY_SOURCE: memcpy buffer overflow. Calling abort().
F/libc    ( 7226): Fatal signal 6 (SIGABRT) at 0x00001c3a (code=-6), thread 7226 (Thread-1440)
I/greenDAO( 7191): Creating tables for schema version 14
D/libEGL  ( 7166): loaded /system/lib/egl/libEGL_adreno.so
D/dalvikvm( 7191): GC_CONCURRENT freed 199K, 8% free 3290K/3548K, paused 1ms+1ms, total 3ms
D/        ( 7166): HostConnection::get() New Host Connection established 0xb7dad360, tid 7166
D/TrafficMonitor( 7191): osReboot:false
D/libEGL  ( 7166): loaded /system/lib/egl/libGLESv1_CM_adreno.so
D/libEGL  ( 7166): loaded /system/lib/egl/libGLESv2_adreno.so
D/dalvikvm( 7191): GC_CONCURRENT freed 259K, 9% free 3527K/3840K, paused 2ms+1ms, total 5ms
D/dalvikvm( 7191): WAIT_FOR_CONCURRENT_GC blocked 3ms
W/EGL_emulation( 7166): eglSurfaceAttrib not implemented 3093 12436
D/OpenGLRenderer( 7166): Enabling debug mode 0
W/IInputConnectionWrapper( 4104): showStatusIcon on inactive InputConnection
W/ContextImpl(  480): Calling a method in the system process without a qualified user: android.app.ContextImpl.sendBroadcast:1123 com.android.server.InputMethodManagerService.hideCurrentInputLocked:1880 com.android.server.InputMethodManagerService.windowGainedFocus:1968 com.android.internal.view.IInputMethodManager$Stub.onTransact:221 com.android.server.InputMethodManagerService.onTransact:818 
D/dalvikvm( 7166): GC_CONCURRENT freed 345K, 11% free 3381K/3784K, paused 2ms+1ms, total 7ms
D/dalvikvm( 7191): GC_CONCURRENT freed 415K, 12% free 3629K/4096K, paused 2ms+6ms, total 14ms
D/dalvikvm( 7191): WAIT_FOR_CONCURRENT_GC blocked 4ms
D/dalvikvm( 7191): WAIT_FOR_CONCURRENT_GC blocked 6ms
D/dalvikvm( 7191): WAIT_FOR_CONCURRENT_GC blocked 6ms
D/dalvikvm( 7191): WAIT_FOR_CONCURRENT_GC blocked 7ms
D/dalvikvm( 7191): GC_CONCURRENT freed 292K, 9% free 3736K/4096K, paused 1ms+0ms, total 4ms
I/System.out( 7191): body:<com.lionmobi.netmaster.manager.ac$1: boolean handleMessage(android.os.Message)>	sig:specialinvoke $r6.<java.net.DatagramSocket: void <init>()>()	timediff:1
D/dalvikvm( 7191): GC_CONCURRENT freed 454K, 13% free 3679K/4192K, paused 1ms+1ms, total 6ms
E/dalvikvm( 7191): Could not find class 'android.app.usage.UsageStatsManager', referenced from method com.lionmobi.netmaster.utils.c.a
W/dalvikvm( 7191): VFY: unable to resolve check-cast 53 (Landroid/app/usage/UsageStatsManager;) in Lcom/lionmobi/netmaster/utils/c;
D/dalvikvm( 7191): VFY: replacing opcode 0x1f at 0x0011
I/DEBUG   ( 5966): *** *** *** *** *** *** *** *** *** *** *** *** *** *** *** ***
I/DEBUG   ( 5966): Build fingerprint: 'samsung/SM-G955N/dream2lteks:4.4.2/NRD90M/381180401:user/release-keys'
I/DEBUG   ( 5966): Revision: '0'
I/DEBUG   ( 5966): pid: 7226, tid: 7226, name: Thread-1440  >>> com.lionmobi.netmaster:remote <<<
I/DEBUG   ( 5966): signal 6 (SIGABRT), code -6 (SI_TKILL), fault addr --------
I/DEBUG   ( 5966): AM write failure (32 / Broken pipe)
W/NativeCrashListener(  480): Couldn't find ProcessRecord for pid 7226
I/ActivityManager(  480): Displayed com.lionmobi.netmaster/.activity.SplashActivity: +401ms
I/WindowManager(  480): Screen frozen for +398ms due to Window{4aa1a948 u0 Starting com.lionmobi.netmaster}
I/System.out( 7166): body:<com.flurry.sdk.iv: void n()>	sig:$r15 = virtualinvoke $r4.<java.net.HttpURLConnection: java.io.OutputStream getOutputStream()>()	timediff:194
W/NetworkManagementSocketTagger(  480): setKernelCountSet(10017, 0) failed with errno -13
D/dalvikvm( 7191): GC_CONCURRENT freed 341K, 12% free 3726K/4192K, paused 2ms+0ms, total 5ms
D/dalvikvm( 7191): GC_FOR_ALLOC freed 289K, 14% free 3726K/4296K, paused 13ms, total 13ms
I/DEBUG   ( 5966):     eax 00000000  ebx 00001c3a  ecx 00001c3a  edx 00000006
I/DEBUG   ( 5966):     esi 00001c3a  edi 00000008
I/DEBUG   ( 5966):     xcs 00000073  xds 0000007b  xes 0000007b  xfs 00000043  xss 0000007b
I/DEBUG   ( 5966):     eip b76960d6  ebp b76ffce0  esp 7f2185a0  flags 00200207
I/DEBUG   ( 5966): 
I/DEBUG   ( 5966): backtrace:
I/DEBUG   ( 5966):     #00  pc 0003c0d6  /system/lib/libc.so (tgkill+22)
I/DEBUG   ( 5966):     #01  pc 00000005  <unknown>
I/DEBUG   ( 5966): 
I/DEBUG   ( 5966): stack:
I/DEBUG   ( 5966):          7f218560  00000001  
I/DEBUG   ( 5966):          7f218564  b7c600a0  [heap]
I/DEBUG   ( 5966):          7f218568  00000015  
I/DEBUG   ( 5966):          7f21856c  b7667f39  /system/lib/libc.so (pthread_mutex_unlock+25)
I/DEBUG   ( 5966):          7f218570  00000000  
I/DEBUG   ( 5966):          7f218574  b76fafcc  /system/lib/libc.so
I/DEBUG   ( 5966):          7f218578  00000015  
I/DEBUG   ( 5966):          7f21857c  b76a01b1  /system/lib/libc.so (__sflush+81)
I/DEBUG   ( 5966):          7f218580  00000000  
I/DEBUG   ( 5966):          7f218584  b7c600a0  [heap]
I/DEBUG   ( 5966):          7f218588  00000015  
I/DEBUG   ( 5966):          7f21858c  00000200  
I/DEBUG   ( 5966):          7f218590  00000000  
I/DEBUG   ( 5966):          7f218594  00000010  
I/DEBUG   ( 5966):          7f218598  b7667d69  /system/lib/libc.so (pthread_mutex_lock+9)
I/DEBUG   ( 5966):          7f21859c  b76fafcc  /system/lib/libc.so
I/DEBUG   ( 5966):     #00  7f2185a0  00000006  
I/DEBUG   ( 5966):          7f2185a4  14217ed8  /system/lib/arm/libc.so
I/DEBUG   ( 5966):          7f2185a8  b76fafcc  /system/lib/libc.so
I/DEBUG   ( 5966):          7f2185ac  b76724a6  /system/lib/libc.so (pthread_kill+102)
D/dalvikvm( 7191): GC_FOR_ALLOC freed 258K, 14% free 3737K/4296K, paused 3ms, total 3ms
I/DEBUG   ( 5966):          7f2185b0  00001c3a  
I/DEBUG   ( 5966):          7f2185b4  00001c3a  
I/DEBUG   ( 5966):          7f2185b8  00000006  
I/DEBUG   ( 5966):          7f2185bc  00000000  
I/DEBUG   ( 5966):          7f2185c0  00000022  
I/DEBUG   ( 5966):          7f2185c4  ffffffff  
I/DEBUG   ( 5966):          7f2185c8  b7672449  /system/lib/libc.so (pthread_kill+9)
I/DEBUG   ( 5966):          7f2185cc  b76fafcc  /system/lib/libc.so
I/DEBUG   ( 5966):          7f2185d0  7f21861c  [stack:7226]
I/DEBUG   ( 5966):          7f2185d4  7e836e08  /system/lib/libhoudini.so
I/DEBUG   ( 5966):          7f2185d8  7f2186f8  [stack:7226]
I/DEBUG   ( 5966):          7f2185dc  b767282c  /system/lib/libc.so (raise+44)
I/System.out( 7191): body:<com.flurry.sdk.iv: void n()>	sig:$r15 = virtualinvoke $r4.<java.net.HttpURLConnection: java.io.OutputStream getOutputStream()>()	timediff:176
D/dalvikvm( 7191): GC_FOR_ALLOC freed 299K, 14% free 3740K/4304K, paused 7ms, total 7ms
D/dalvikvm( 7191): GC_FOR_ALLOC freed 235K, 13% free 3745K/4304K, paused 3ms, total 3ms
I/System.out( 7166): body:<com.flurry.sdk.iv: void n()>	sig:$i0 = virtualinvoke $r4.<java.net.HttpURLConnection: int getResponseCode()>()	timediff:44
I/System.out( 7166): body:<com.flurry.sdk.iv: void n()>	sig:$r17 = virtualinvoke $r4.<java.net.HttpURLConnection: java.util.Map getHeaderFields()>()	timediff:0
I/System.out( 7166): body:<com.flurry.sdk.iv: void n()>	sig:$r22 = virtualinvoke $r4.<java.net.HttpURLConnection: java.io.InputStream getInputStream()>()	timediff:0
I/System.out( 7166): body:<empirical.HelperClass: void printURLInfo(java.lang.String,java.lang.String,java.net.URLConnection)>	sig:$r0 = virtualinvoke urlConnection.<java.net.URLConnection: java.net.URL getURL()>()	timediff:0
I/System.out( 7166): body:<empirical.HelperClass: void printURLInfo(java.lang.String,java.lang.String,java.net.URLConnection)>	sig:urlString = virtualinvoke $r0.<java.net.URL: java.lang.String toString()>()	timediff:0
I/System.out( 7166): body:<empirical.HelperClass: void printURLInfo(java.lang.String,java.lang.String,java.net.URLConnection)>	sig:isDoOutput = virtualinvoke urlConnection.<java.net.URLConnection: boolean getDoOutput()>()	timediff:0
I/System.out( 7166): body:<empirical.HelperClass: java.lang.String getHeaderField(java.net.URLConnection,java.lang.String)>	sig:data = virtualinvoke conn.<java.net.URLConnection: java.lang.String getHeaderField(java.lang.String)>(field)	timediff:0
I/System.out( 7166): body:<empirical.HelperClass: java.lang.String getHeaderField(java.net.URLConnection,java.lang.String)>	sig:data = virtualinvoke conn.<java.net.URLConnection: java.lang.String getHeaderField(java.lang.String)>(field)	timediff:0
I/System.out( 7166): body:<empirical.HelperClass: java.lang.String getHeaderField(java.net.URLConnection,java.lang.String)>	sig:data = virtualinvoke conn.<java.net.URLConnection: java.lang.String getHeaderField(java.lang.String)>(field)	timediff:0
I/System.out( 7166): body:<empirical.HelperClass: java.lang.String getHeaderField(java.net.URLConnection,java.lang.String)>	sig:data = virtualinvoke conn.<java.net.URLConnection: java.lang.String getHeaderField(java.lang.String)>(field)	timediff:0
I/System.out( 7166): body:<empirical.HelperClass: java.lang.String getHeaderField(java.net.URLConnection,java.lang.String)>	sig:data = virtualinvoke conn.<java.net.URLConnection: java.lang.String getHeaderField(java.lang.String)>(field)	timediff:0
I/System.out( 7166): URLConn;%;0;%;<com.flurry.sdk.iv: void n()>;%;$r22 = virtualinvoke $r4.<java.net.HttpURLConnection: java.io.InputStream getInputStream()>();%;https://data.flurry.com/aap.do;%;true;%;Not found;%;Not found;%;Not found;%;0;%;Not found
I/System.out( 7166): body:<com.flurry.sdk.iv: void p()>	sig:virtualinvoke $r1.<java.net.HttpURLConnection: void disconnect()>()	timediff:0
D/dalvikvm( 7166): GC_CONCURRENT freed 409K, 13% free 3367K/3852K, paused 0ms+0ms, total 4ms
D/dalvikvm( 7191): GC_FOR_ALLOC freed 254K, 13% free 3756K/4312K, paused 4ms, total 4ms
E/Daemon  ( 7191): Watch >>>>CHILD<<<< Dead !!!
I/Process ( 7191): Sending signal. PID: 7191 SIG: 9
I/BootReceiver(  480): Copying /data/tombstones/tombstone_09 to DropBox (SYSTEM_TOMBSTONE)
I/ActivityManager(  480): Start proc com.lionmobi.netmaster:process2 for service com.lionmobi.netmaster/.service.ProtectService2: pid=7237 uid=10199 gids={50199, 1028, 3003, 1015, 1023}
I/ActivityManager(  480): Process com.lionmobi.netmaster:remote (pid 7191) has died.
I/dalvikvm( 7237): ignoring registerObject request in thread=1
I/dalvikvm( 7237): ignoring registerObject request in thread=1
I/dalvikvm( 7237): Could not find method android.os.PowerManager.isInteractive, referenced from method com.lionmobi.netmaster.manager.p.isScreenOff
W/dalvikvm( 7237): VFY: unable to resolve virtual method 1200: Landroid/os/PowerManager;.isInteractive ()Z
D/dalvikvm( 7237): VFY: replacing opcode 0x6e at 0x0010
I/Process ( 7237): Sending signal. PID: 7237 SIG: 9
I/dalvikvm( 7252): ignoring registerObject request in thread=1
I/dalvikvm( 7252): ignoring registerObject request in thread=1
I/ActivityManager(  480): Start proc com.lionmobi.netmaster:remote for service com.lionmobi.netmaster/.service.WifiRemoteService: pid=7252 uid=10199 gids={50199, 1028, 3003, 1015, 1023}
I/ActivityManager(  480): Process com.lionmobi.netmaster:process2 (pid 7237) has died.
I/dalvikvm( 7252): Could not find method android.os.PowerManager.isInteractive, referenced from method com.lionmobi.netmaster.manager.p.isScreenOff
W/dalvikvm( 7252): VFY: unable to resolve virtual method 1200: Landroid/os/PowerManager;.isInteractive ()Z
D/dalvikvm( 7252): VFY: replacing opcode 0x6e at 0x0010
D/dalvikvm( 7252): Trying to load lib /data/app-lib/com.lionmobi.netmaster-1/libdaemon_api20.so 0x94f32d50
D/greenDAO( 7252): Content Provider started: com.lionmobi.netmaster.provider
E/dalvikvm( 7252): Could not find class 'com.flurry.sdk.i', referenced from method com.flurry.sdk.kg.a
W/dalvikvm( 7252): VFY: unable to resolve const-class 1947 (Lcom/flurry/sdk/i;) in Lcom/flurry/sdk/kg;
D/dalvikvm( 7252): VFY: replacing opcode 0x1c at 0x0020
I/dalvikvm( 7252): Could not find method com.google.android.gms.common.GooglePlayServicesUtil.isGooglePlayServicesAvailable, referenced from method com.flurry.sdk.hn.m
W/dalvikvm( 7252): VFY: unable to resolve static method 16709: Lcom/google/android/gms/common/GooglePlayServicesUtil;.isGooglePlayServicesAvailable (Landroid/content/Context;)I
D/dalvikvm( 7252): VFY: replacing opcode 0x71 at 0x0008
D/dalvikvm( 7252): JIT code cache reset in 0 ms (0 bytes 1/0)
D/dalvikvm( 7252): GC_CONCURRENT freed 251K, 10% free 2922K/3232K, paused 1ms+1ms, total 4ms
I/dalvikvm( 7252): Could not find method android.view.Window.setStatusBarColor, referenced from method com.lionmobi.netmaster.utils.h.setTranslucentStatusBarColor
W/dalvikvm( 7252): VFY: unable to resolve virtual method 5889: Landroid/view/Window;.setStatusBarColor (I)V
D/dalvikvm( 7252): VFY: replacing opcode 0x6e at 0x0016
I/dalvikvm( 7252): Could not find method android.view.Window.setStatusBarColor, referenced from method com.lionmobi.netmaster.utils.h.translucentStatusBar
W/dalvikvm( 7252): VFY: unable to resolve virtual method 5889: Landroid/view/Window;.setStatusBarColor (I)V
D/dalvikvm( 7252): VFY: replacing opcode 0x6e at 0x0023
D/dalvikvm( 7252): GC_CONCURRENT freed 271K, 10% free 3038K/3368K, paused 3ms+1ms, total 5ms
D/TrafficMonitor( 7252): osReboot:false
D/dalvikvm( 7252): Added shared lib /data/app-lib/com.lionmobi.netmaster-1/libdaemon_api20.so 0x94f32d50
D/dalvikvm( 7252): No JNI_OnLoad found in /data/app-lib/com.lionmobi.netmaster-1/libdaemon_api20.so 0x94f32d50, skipping init
E/dalvikvm( 7252): Could not find class 'android.app.usage.UsageStatsManager', referenced from method com.lionmobi.netmaster.utils.c.a
W/dalvikvm( 7252): VFY: unable to resolve check-cast 53 (Landroid/app/usage/UsageStatsManager;) in Lcom/lionmobi/netmaster/utils/c;
D/dalvikvm( 7252): VFY: replacing opcode 0x1f at 0x0011
D/Daemon  ( 7252): zombie process name is mars_d, and number is 0, killing...
F/libc    ( 7280): FORTIFY_SOURCE: memcpy buffer overflow. Calling abort().
F/libc    ( 7280): Fatal signal 6 (SIGABRT) at 0x00001c70 (code=-6), thread 7280 (Thread-1446)
D/dalvikvm( 7252): GC_CONCURRENT freed 287K, 10% free 3203K/3548K, paused 2ms+1ms, total 9ms
W/dalvikvm( 7252): VFY: unable to find class referenced in signature (Lokhttp3/Request;)
W/dalvikvm( 7252): VFY: unable to find class referenced in signature (Lokhttp3/Response;)
I/dalvikvm( 7252): Could not find method okhttp3.Response.headers, referenced from method empirical.HelperClass.printOkHttpInfo
W/dalvikvm( 7252): VFY: unable to resolve virtual method 28268: Lokhttp3/Response;.headers ()Lokhttp3/Headers;
D/dalvikvm( 7252): VFY: replacing opcode 0x6e at 0x0006
W/dalvikvm( 7252): VFY: unable to find class referenced in signature (Lokhttp3/Call;)
W/dalvikvm( 7252): VFY: unable to find class referenced in signature (Lokhttp3/Response;)
I/dalvikvm( 7252): Could not find method okhttp3.Call.request, referenced from method empirical.HelperClass.printOkHttpInfoFromCall
W/dalvikvm( 7252): VFY: unable to resolve interface method 28262: Lokhttp3/Call;.request ()Lokhttp3/Request;
D/dalvikvm( 7252): VFY: replacing opcode 0x72 at 0x0006
I/System.out( 7252): body:<com.lionmobi.netmaster.manager.ac$1: boolean handleMessage(android.os.Message)>	sig:specialinvoke $r6.<java.net.DatagramSocket: void <init>()>()	timediff:0
D/dalvikvm( 7252): GC_CONCURRENT freed 328K, 14% free 3274K/3768K, paused 1ms+0ms, total 4ms
D/dalvikvm( 7252): WAIT_FOR_CONCURRENT_GC blocked 2ms
D/dalvikvm( 7252): GC_FOR_ALLOC freed 326K, 15% free 3299K/3844K, paused 2ms, total 2ms
D/dalvikvm( 7252): GC_FOR_ALLOC freed 316K, 15% free 3299K/3864K, paused 3ms, total 3ms
D/dalvikvm( 7252): GC_FOR_ALLOC freed 343K, 14% free 3327K/3864K, paused 4ms, total 4ms
D/dalvikvm( 7252): GC_FOR_ALLOC freed 325K, 15% free 3341K/3896K, paused 4ms, total 4ms
D/dalvikvm( 7252): GC_FOR_ALLOC freed 327K, 15% free 3332K/3908K, paused 4ms, total 4ms
D/dalvikvm( 7252): GC_FOR_ALLOC freed 319K, 15% free 3340K/3908K, paused 7ms, total 7ms
D/dalvikvm( 7252): GC_FOR_ALLOC freed 313K, 15% free 3343K/3908K, paused 5ms, total 5ms
D/dalvikvm( 7252): GC_CONCURRENT freed 325K, 12% free 3458K/3908K, paused 2ms+1ms, total 5ms
D/dalvikvm( 7252): WAIT_FOR_CONCURRENT_GC blocked 1ms
I/ActivityManager(  480): START u0 {act=android.intent.action.MAIN cat=[android.intent.category.HOME] flg=0x10200000 cmp=com.vphone.launcher/.Launcher} from pid 480
D/dalvikvm( 7252): GC_FOR_ALLOC freed 385K, 15% free 3438K/4024K, paused 14ms, total 15ms
I/ActivityManager(  480): START u0 {cmp=com.lionmobi.netmaster/.activity.WhatsNewActicity} from pid 7166
I/DEBUG   ( 5966): *** *** *** *** *** *** *** *** *** *** *** *** *** *** *** ***
I/DEBUG   ( 5966): Build fingerprint: 'samsung/SM-G955N/dream2lteks:4.4.2/NRD90M/381180401:user/release-keys'
I/DEBUG   ( 5966): Revision: '0'
I/DEBUG   ( 5966): pid: 7280, tid: 7280, name: Thread-1446  >>> com.lionmobi.netmaster:remote <<<
I/DEBUG   ( 5966): AM write failure (32 / Broken pipe)
I/DEBUG   ( 5966): signal 6 (SIGABRT), code -6 (SI_TKILL), fault addr --------
W/com.facebook.b.q( 7166): FacebookActivity is not declared in the AndroidManifest.xml, please add com.facebook.FacebookActivity to your AndroidManifest.xml file. See https://developers.facebook.com/docs/android/getting-started for more info.
D/dalvikvm( 7252): GC_CONCURRENT freed 433K, 15% free 3421K/4024K, paused 3ms+0ms, total 9ms
W/NativeCrashListener(  480): Couldn't find ProcessRecord for pid 7280
I/System.out( 7166): body:<com.facebook.GraphRequest: java.net.HttpURLConnection toHttpConnection(com.facebook.m)>	sig:specialinvoke r29.<java.net.URL: void <init>(java.lang.String)>($r9)	timediff:0
I/System.out( 7166): <com.facebook.GraphRequest: java.net.HttpURLConnection toHttpConnection(com.facebook.m)>###specialinvoke r29.<java.net.URL: void <init>(java.lang.String)>($r9)###https://graph.facebook.com/v2.4/665798036895437?fields=supports_implicit_sdk_logging%2Cgdpv4_nux_content%2Cgdpv4_nux_enabled%2Candroid_dialog_configs%2Candroid_sdk_error_categories&format=json&sdk=android
I/System.out( 7166): body:<com.facebook.GraphRequest: java.net.HttpURLConnection toHttpConnection(com.facebook.m)>	sig:$r14 = virtualinvoke $r13.<java.net.URL: java.net.URLConnection openConnection()>()	timediff:0
I/System.out( 7166): body:<com.facebook.GraphRequest: java.net.HttpURLConnection toHttpConnection(com.facebook.m)>	sig:virtualinvoke $r15.<java.net.HttpURLConnection: void setRequestProperty(java.lang.String,java.lang.String)>("User-Agent", $r9)	timediff:0
I/System.out( 7166): body:<com.facebook.GraphRequest: java.net.HttpURLConnection toHttpConnection(com.facebook.m)>	sig:virtualinvoke $r15.<java.net.HttpURLConnection: void setRequestProperty(java.lang.String,java.lang.String)>("Accept-Language", $r9)	timediff:0
I/System.out( 7166): body:<com.facebook.GraphRequest: java.net.HttpURLConnection toHttpConnection(com.facebook.m)>	sig:virtualinvoke $r15.<java.net.HttpURLConnection: void setChunkedStreamingMode(int)>(0)	timediff:0
I/System.out( 7166): body:<com.facebook.GraphRequest: java.net.HttpURLConnection toHttpConnection(com.facebook.m)>	sig:virtualinvoke $r15.<java.net.HttpURLConnection: void setRequestMethod(java.lang.String)>($r9)	timediff:0
D/dalvikvm( 7252): GC_FOR_ALLOC freed 422K, 13% free 3501K/4024K, paused 4ms, total 4ms
I/System.out( 7166): body:<com.facebook.GraphRequest: java.net.HttpURLConnection toHttpConnection(com.facebook.m)>	sig:virtualinvoke $r15.<java.net.HttpURLConnection: void setRequestProperty(java.lang.String,java.lang.String)>("Content-Type", "application/x-www-form-urlencoded")	timediff:0
I/System.out( 7166): body:<com.facebook.GraphRequest: java.net.HttpURLConnection toHttpConnection(com.facebook.m)>	sig:virtualinvoke $r15.<java.net.HttpURLConnection: void setRequestProperty(java.lang.String,java.lang.String)>("Content-Encoding", "gzip")	timediff:0
I/System.out( 7166): body:<com.facebook.GraphRequest: java.net.HttpURLConnection toHttpConnection(com.facebook.m)>	sig:$r13 = virtualinvoke $r15.<java.net.HttpURLConnection: java.net.URL getURL()>()	timediff:0
I/System.out( 7166): body:<com.facebook.GraphRequest: java.net.HttpURLConnection toHttpConnection(com.facebook.m)>	sig:$r9 = virtualinvoke $r15.<java.net.HttpURLConnection: java.lang.String getRequestMethod()>()	timediff:0
I/System.out( 7166): body:<com.facebook.GraphRequest: java.net.HttpURLConnection toHttpConnection(com.facebook.m)>	sig:$r9 = virtualinvoke $r15.<java.net.HttpURLConnection: java.lang.String getRequestProperty(java.lang.String)>("User-Agent")	timediff:0
I/System.out( 7166): body:<com.facebook.GraphRequest: java.net.HttpURLConnection toHttpConnection(com.facebook.m)>	sig:$r9 = virtualinvoke $r15.<java.net.HttpURLConnection: java.lang.String getRequestProperty(java.lang.String)>("Content-Type")	timediff:0
I/System.out( 7166): body:<com.facebook.GraphRequest: java.net.HttpURLConnection toHttpConnection(com.facebook.m)>	sig:virtualinvoke $r15.<java.net.HttpURLConnection: void setConnectTimeout(int)>($i1)	timediff:0
I/System.out( 7166): body:<com.facebook.GraphRequest: java.net.HttpURLConnection toHttpConnection(com.facebook.m)>	sig:virtualinvoke $r15.<java.net.HttpURLConnection: void setReadTimeout(int)>($i1)	timediff:0
D/dalvikvm( 7252): GC_CONCURRENT freed <1K, 13% free 3513K/4024K, paused 2ms+1ms, total 4ms
I/System.out( 7252): body:<com.lionmobi.netmaster.manager.ac$1: boolean handleMessage(android.os.Message)>	sig:$r21 = staticinvoke <java.net.InetAddress: java.net.InetAddress getByName(java.lang.String)>($r30)	timediff:0
I/System.out( 7252): body:<com.lionmobi.netmaster.manager.ac$1: boolean handleMessage(android.os.Message)>	sig:specialinvoke $r7.<java.net.DatagramPacket: void <init>(byte[],int,java.net.InetAddress,int)>($r20, 32, $r21, 137)	timediff:0
I/System.out( 7252): body:<com.lionmobi.netmaster.manager.ac$1: boolean handleMessage(android.os.Message)>	sig:virtualinvoke $r6.<java.net.DatagramSocket: void send(java.net.DatagramPacket)>($r7)	timediff:0
I/System.out( 7252): body:<com.lionmobi.netmaster.manager.ac$1: boolean handleMessage(android.os.Message)>	sig:$r21 = staticinvoke <java.net.InetAddress: java.net.InetAddress getByName(java.lang.String)>($r30)	timediff:0
I/System.out( 7252): body:<com.lionmobi.netmaster.manager.ac$1: boolean handleMessage(android.os.Message)>	sig:specialinvoke $r7.<java.net.DatagramPacket: void <init>(byte[],int,java.net.InetAddress,int)>($r20, 32, $r21, 137)	timediff:0
I/System.out( 7252): body:<com.lionmobi.netmaster.manager.ac$1: boolean handleMessage(android.os.Message)>	sig:virtualinvoke $r6.<java.net.DatagramSocket: void send(java.net.DatagramPacket)>($r7)	timediff:0
I/System.out( 7252): body:<com.lionmobi.netmaster.manager.ac$1: boolean handleMessage(android.os.Message)>	sig:$r21 = staticinvoke <java.net.InetAddress: java.net.InetAddress getByName(java.lang.String)>($r30)	timediff:0
I/System.out( 7252): body:<com.lionmobi.netmaster.manager.ac$1: boolean handleMessage(android.os.Message)>	sig:specialinvoke $r7.<java.net.DatagramPacket: void <init>(byte[],int,java.net.InetAddress,int)>($r20, 32, $r21, 137)	timediff:0
I/System.out( 7252): body:<com.lionmobi.netmaster.manager.ac$1: boolean handleMessage(android.os.Message)>	sig:virtualinvoke $r6.<java.net.DatagramSocket: void send(java.net.DatagramPacket)>($r7)	timediff:0
I/System.out( 7252): body:<com.lionmobi.netmaster.manager.ac$1: boolean handleMessage(android.os.Message)>	sig:$r21 = staticinvoke <java.net.InetAddress: java.net.InetAddress getByName(java.lang.String)>($r30)	timediff:0
I/System.out( 7252): body:<com.lionmobi.netmaster.manager.ac$1: boolean handleMessage(android.os.Message)>	sig:specialinvoke $r7.<java.net.DatagramPacket: void <init>(byte[],int,java.net.InetAddress,int)>($r20, 32, $r21, 137)	timediff:0
I/System.out( 7252): body:<com.lionmobi.netmaster.manager.ac$1: boolean handleMessage(android.os.Message)>	sig:virtualinvoke $r6.<java.net.DatagramSocket: void send(java.net.DatagramPacket)>($r7)	timediff:0
I/System.out( 7252): body:<com.lionmobi.netmaster.manager.ac$1: boolean handleMessage(android.os.Message)>	sig:$r21 = staticinvoke <java.net.InetAddress: java.net.InetAddress getByName(java.lang.String)>($r30)	timediff:0
I/System.out( 7252): body:<com.lionmobi.netmaster.manager.ac$1: boolean handleMessage(android.os.Message)>	sig:specialinvoke $r7.<java.net.DatagramPacket: void <init>(byte[],int,java.net.InetAddress,int)>($r20, 32, $r21, 137)	timediff:0
I/System.out( 7252): body:<com.lionmobi.netmaster.manager.ac$1: boolean handleMessage(android.os.Message)>	sig:virtualinvoke $r6.<java.net.DatagramSocket: void send(java.net.DatagramPacket)>($r7)	timediff:0
I/System.out( 7252): body:<com.lionmobi.netmaster.manager.ac$1: boolean handleMessage(android.os.Message)>	sig:$r21 = staticinvoke <java.net.InetAddress: java.net.InetAddress getByName(java.lang.String)>($r30)	timediff:0
I/System.out( 7252): body:<com.lionmobi.netmaster.manager.ac$1: boolean handleMessage(android.os.Message)>	sig:specialinvoke $r7.<java.net.DatagramPacket: void <init>(byte[],int,java.net.InetAddress,int)>($r20, 32, $r21, 137)	timediff:0
I/System.out( 7252): body:<com.lionmobi.netmaster.manager.ac$1: boolean handleMessage(android.os.Message)>	sig:virtualinvoke $r6.<java.net.DatagramSocket: void send(java.net.DatagramPacket)>($r7)	timediff:0
I/System.out( 7252): body:<com.lionmobi.netmaster.manager.ac$1: boolean handleMessage(android.os.Message)>	sig:$r21 = staticinvoke <java.net.InetAddress: java.net.InetAddress getByName(java.lang.String)>($r30)	timediff:0
I/System.out( 7252): body:<com.lionmobi.netmaster.manager.ac$1: boolean handleMessage(android.os.Message)>	sig:specialinvoke $r7.<java.net.DatagramPacket: void <init>(byte[],int,java.net.InetAddress,int)>($r20, 32, $r21, 137)	timediff:0
I/System.out( 7252): body:<com.lionmobi.netmaster.manager.ac$1: boolean handleMessage(android.os.Message)>	sig:virtualinvoke $r6.<java.net.DatagramSocket: void send(java.net.DatagramPacket)>($r7)	timediff:0
I/System.out( 7252): body:<com.lionmobi.netmaster.manager.ac$1: boolean handleMessage(android.os.Message)>	sig:$r21 = staticinvoke <java.net.InetAddress: java.net.InetAddress getByName(java.lang.String)>($r30)	timediff:0
I/System.out( 7252): body:<com.lionmobi.netmaster.manager.ac$1: boolean handleMessage(android.os.Message)>	sig:specialinvoke $r7.<java.net.DatagramPacket: void <init>(byte[],int,java.net.InetAddress,int)>($r20, 32, $r21, 137)	timediff:0
I/System.out( 7252): body:<com.lionmobi.netmaster.manager.ac$1: boolean handleMessage(android.os.Message)>	sig:virtualinvoke $r6.<java.net.DatagramSocket: void send(java.net.DatagramPacket)>($r7)	timediff:1
I/System.out( 7252): body:<com.lionmobi.netmaster.manager.ac$1: boolean handleMessage(android.os.Message)>	sig:$r21 = staticinvoke <java.net.InetAddress: java.net.InetAddress getByName(java.lang.String)>($r30)	timediff:0
I/System.out( 7252): body:<com.lionmobi.netmaster.manager.ac$1: boolean handleMessage(android.os.Message)>	sig:specialinvoke $r7.<java.net.DatagramPacket: void <init>(byte[],int,java.net.InetAddress,int)>($r20, 32, $r21, 137)	timediff:0
I/System.out( 7252): body:<com.lionmobi.netmaster.manager.ac$1: boolean handleMessage(android.os.Message)>	sig:virtualinvoke $r6.<java.net.DatagramSocket: void send(java.net.DatagramPacket)>($r7)	timediff:0
I/System.out( 7252): body:<com.lionmobi.netmaster.manager.ac$1: boolean handleMessage(android.os.Message)>	sig:$r21 = staticinvoke <java.net.InetAddress: java.net.InetAddress getByName(java.lang.String)>($r30)	timediff:0
I/System.out( 7252): body:<com.lionmobi.netmaster.manager.ac$1: boolean handleMessage(android.os.Message)>	sig:specialinvoke $r7.<java.net.DatagramPacket: void <init>(byte[],int,java.net.InetAddress,int)>($r20, 32, $r21, 137)	timediff:0
I/System.out( 7252): body:<com.lionmobi.netmaster.manager.ac$1: boolean handleMessage(android.os.Message)>	sig:virtualinvoke $r6.<java.net.DatagramSocket: void send(java.net.DatagramPacket)>($r7)	timediff:0
I/System.out( 7252): body:<com.lionmobi.netmaster.manager.ac$1: boolean handleMessage(android.os.Message)>	sig:$r21 = staticinvoke <java.net.InetAddress: java.net.InetAddress getByName(java.lang.String)>($r30)	timediff:0
I/System.out( 7252): body:<com.lionmobi.netmaster.manager.ac$1: boolean handleMessage(android.os.Message)>	sig:specialinvoke $r7.<java.net.DatagramPacket: void <init>(byte[],int,java.net.InetAddress,int)>($r20, 32, $r21, 137)	timediff:0
I/System.out( 7252): body:<com.lionmobi.netmaster.manager.ac$1: boolean handleMessage(android.os.Message)>	sig:virtualinvoke $r6.<java.net.DatagramSocket: void send(java.net.DatagramPacket)>($r7)	timediff:0
I/System.out( 7252): body:<com.lionmobi.netmaster.manager.ac$1: boolean handleMessage(android.os.Message)>	sig:$r21 = staticinvoke <java.net.InetAddress: java.net.InetAddress getByName(java.lang.String)>($r30)	timediff:0
I/System.out( 7252): body:<com.lionmobi.netmaster.manager.ac$1: boolean handleMessage(android.os.Message)>	sig:specialinvoke $r7.<java.net.DatagramPacket: void <init>(byte[],int,java.net.InetAddress,int)>($r20, 32, $r21, 137)	timediff:0
I/System.out( 7252): body:<com.lionmobi.netmaster.manager.ac$1: boolean handleMessage(android.os.Message)>	sig:virtualinvoke $r6.<java.net.DatagramSocket: void send(java.net.DatagramPacket)>($r7)	timediff:0
I/System.out( 7252): body:<com.lionmobi.netmaster.manager.ac$1: boolean handleMessage(android.os.Message)>	sig:$r21 = staticinvoke <java.net.InetAddress: java.net.InetAddress getByName(java.lang.String)>($r30)	timediff:0
I/System.out( 7252): body:<com.lionmobi.netmaster.manager.ac$1: boolean handleMessage(android.os.Message)>	sig:specialinvoke $r7.<java.net.DatagramPacket: void <init>(byte[],int,java.net.InetAddress,int)>($r20, 32, $r21, 137)	timediff:0
I/System.out( 7252): body:<com.lionmobi.netmaster.manager.ac$1: boolean handleMessage(android.os.Message)>	sig:virtualinvoke $r6.<java.net.DatagramSocket: void send(java.net.DatagramPacket)>($r7)	timediff:0
I/System.out( 7252): body:<com.lionmobi.netmaster.manager.ac$1: boolean handleMessage(android.os.Message)>	sig:$r21 = staticinvoke <java.net.InetAddress: java.net.InetAddress getByName(java.lang.String)>($r30)	timediff:0
I/System.out( 7252): body:<com.lionmobi.netmaster.manager.ac$1: boolean handleMessage(android.os.Message)>	sig:specialinvoke $r7.<java.net.DatagramPacket: void <init>(byte[],int,java.net.InetAddress,int)>($r20, 32, $r21, 137)	timediff:0
I/System.out( 7252): body:<com.lionmobi.netmaster.manager.ac$1: boolean handleMessage(android.os.Message)>	sig:virtualinvoke $r6.<java.net.DatagramSocket: void send(java.net.DatagramPacket)>($r7)	timediff:0
I/System.out( 7252): body:<com.lionmobi.netmaster.manager.ac$1: boolean handleMessage(android.os.Message)>	sig:$r21 = staticinvoke <java.net.InetAddress: java.net.InetAddress getByName(java.lang.String)>($r30)	timediff:0
I/System.out( 7252): body:<com.lionmobi.netmaster.manager.ac$1: boolean handleMessage(android.os.Message)>	sig:specialinvoke $r7.<java.net.DatagramPacket: void <init>(byte[],int,java.net.InetAddress,int)>($r20, 32, $r21, 137)	timediff:0
I/System.out( 7252): body:<com.lionmobi.netmaster.manager.ac$1: boolean handleMessage(android.os.Message)>	sig:virtualinvoke $r6.<java.net.DatagramSocket: void send(java.net.DatagramPacket)>($r7)	timediff:0
I/System.out( 7252): body:<com.lionmobi.netmaster.manager.ac$1: boolean handleMessage(android.os.Message)>	sig:$r21 = staticinvoke <java.net.InetAddress: java.net.InetAddress getByName(java.lang.String)>($r30)	timediff:0
I/System.out( 7252): body:<com.lionmobi.netmaster.manager.ac$1: boolean handleMessage(android.os.Message)>	sig:specialinvoke $r7.<java.net.DatagramPacket: void <init>(byte[],int,java.net.InetAddress,int)>($r20, 32, $r21, 137)	timediff:0
I/System.out( 7252): body:<com.lionmobi.netmaster.manager.ac$1: boolean handleMessage(android.os.Message)>	sig:virtualinvoke $r6.<java.net.DatagramSocket: void send(java.net.DatagramPacket)>($r7)	timediff:0
I/System.out( 7252): body:<com.lionmobi.netmaster.manager.ac$1: boolean handleMessage(android.os.Message)>	sig:$r21 = staticinvoke <java.net.InetAddress: java.net.InetAddress getByName(java.lang.String)>($r30)	timediff:0
I/System.out( 7252): body:<com.lionmobi.netmaster.manager.ac$1: boolean handleMessage(android.os.Message)>	sig:specialinvoke $r7.<java.net.DatagramPacket: void <init>(byte[],int,java.net.InetAddress,int)>($r20, 32, $r21, 137)	timediff:0
I/System.out( 7252): body:<com.lionmobi.netmaster.manager.ac$1: boolean handleMessage(android.os.Message)>	sig:virtualinvoke $r6.<java.net.DatagramSocket: void send(java.net.DatagramPacket)>($r7)	timediff:0
I/System.out( 7252): body:<com.lionmobi.netmaster.manager.ac$1: boolean handleMessage(android.os.Message)>	sig:$r21 = staticinvoke <java.net.InetAddress: java.net.InetAddress getByName(java.lang.String)>($r30)	timediff:0
I/System.out( 7252): body:<com.lionmobi.netmaster.manager.ac$1: boolean handleMessage(android.os.Message)>	sig:specialinvoke $r7.<java.net.DatagramPacket: void <init>(byte[],int,java.net.InetAddress,int)>($r20, 32, $r21, 137)	timediff:0
I/System.out( 7252): body:<com.lionmobi.netmaster.manager.ac$1: boolean handleMessage(android.os.Message)>	sig:virtualinvoke $r6.<java.net.DatagramSocket: void send(java.net.DatagramPacket)>($r7)	timediff:0
I/System.out( 7252): body:<com.lionmobi.netmaster.manager.ac$1: boolean handleMessage(android.os.Message)>	sig:$r21 = staticinvoke <java.net.InetAddress: java.net.InetAddress getByName(java.lang.String)>($r30)	timediff:0
I/System.out( 7252): body:<com.lionmobi.netmaster.manager.ac$1: boolean handleMessage(android.os.Message)>	sig:specialinvoke $r7.<java.net.DatagramPacket: void <init>(byte[],int,java.net.InetAddress,int)>($r20, 32, $r21, 137)	timediff:0
I/System.out( 7252): body:<com.lionmobi.netmaster.manager.ac$1: boolean handleMessage(android.os.Message)>	sig:virtualinvoke $r6.<java.net.DatagramSocket: void send(java.net.DatagramPacket)>($r7)	timediff:0
I/System.out( 7252): body:<com.lionmobi.netmaster.manager.ac$1: boolean handleMessage(android.os.Message)>	sig:$r21 = staticinvoke <java.net.InetAddress: java.net.InetAddress getByName(java.lang.String)>($r30)	timediff:0
I/System.out( 7252): body:<com.lionmobi.netmaster.manager.ac$1: boolean handleMessage(android.os.Message)>	sig:specialinvoke $r7.<java.net.DatagramPacket: void <init>(byte[],int,java.net.InetAddress,int)>($r20, 32, $r21, 137)	timediff:0
I/System.out( 7252): body:<com.lionmobi.netmaster.manager.ac$1: boolean handleMessage(android.os.Message)>	sig:virtualinvoke $r6.<java.net.DatagramSocket: void send(java.net.DatagramPacket)>($r7)	timediff:0
I/System.out( 7252): body:<com.lionmobi.netmaster.manager.ac$1: boolean handleMessage(android.os.Message)>	sig:$r21 = staticinvoke <java.net.InetAddress: java.net.InetAddress getByName(java.lang.String)>($r30)	timediff:0
I/System.out( 7252): body:<com.lionmobi.netmaster.manager.ac$1: boolean handleMessage(android.os.Message)>	sig:specialinvoke $r7.<java.net.DatagramPacket: void <init>(byte[],int,java.net.InetAddress,int)>($r20, 32, $r21, 137)	timediff:0
I/System.out( 7252): body:<com.lionmobi.netmaster.manager.ac$1: boolean handleMessage(android.os.Message)>	sig:virtualinvoke $r6.<java.net.DatagramSocket: void send(java.net.DatagramPacket)>($r7)	timediff:0
I/System.out( 7252): body:<com.lionmobi.netmaster.manager.ac$1: boolean handleMessage(android.os.Message)>	sig:$r21 = staticinvoke <java.net.InetAddress: java.net.InetAddress getByName(java.lang.String)>($r30)	timediff:0
I/System.out( 7252): body:<com.lionmobi.netmaster.manager.ac$1: boolean handleMessage(android.os.Message)>	sig:specialinvoke $r7.<java.net.DatagramPacket: void <init>(byte[],int,java.net.InetAddress,int)>($r20, 32, $r21, 137)	timediff:0
I/System.out( 7252): body:<com.lionmobi.netmaster.manager.ac$1: boolean handleMessage(android.os.Message)>	sig:virtualinvoke $r6.<java.net.DatagramSocket: void send(java.net.DatagramPacket)>($r7)	timediff:0
I/System.out( 7252): body:<com.lionmobi.netmaster.manager.ac$1: boolean handleMessage(android.os.Message)>	sig:$r21 = staticinvoke <java.net.InetAddress: java.net.InetAddress getByName(java.lang.String)>($r30)	timediff:0
