W/ViewRootImpl(20533): Dropping event due to no window focus: KeyEvent { action=ACTION_DOWN, keyCode=KEYCODE_DPAD_LEFT, scanCode=0, metaState=0, flags=0x8, repeatCount=0, eventTime=2579067, downTime=2579067, deviceId=-1, source=0x101 }
W/InputMethodManagerService(  478): Window already focused, ignoring focus gain of: com.android.internal.view.IInputMethodClient$Stub$Proxy@4a83bd7c attribute=android.view.inputmethod.EditorInfo@4abe1904, token = android.os.BinderProxy@4aeb4000
D/dalvikvm(  478): WAIT_FOR_CONCURRENT_GC blocked 2ms
D/dalvikvm(  478): GC_EXPLICIT freed 1451K, 40% free 13407K/22340K, paused 1ms+4ms, total 60ms
W/ViewRootImpl(20533): Dropping event due to no window focus: KeyEvent { action=ACTION_DOWN, keyCode=KEYCODE_MENU, scanCode=0, metaState=0, flags=0x8, repeatCount=0, eventTime=2579653, downTime=2579653, deviceId=-1, source=0x101 }
W/EGL_emulation(20533): eglSurfaceAttrib not implemented 3093 12436
W/InputMethodManagerService(  478): Window already focused, ignoring focus gain of: com.android.internal.view.IInputMethodClient$Stub$Proxy@4ab4010c attribute=null, token = android.os.BinderProxy@4aeb4000
W/SurfaceFlinger(  166): couldn't log to binary event log: overflow.
I/ActivityManager(  478): START u0 {act=android.intent.action.MAIN cat=[android.intent.category.HOME] flg=0x10200000 cmp=com.vphone.launcher/.Launcher} from pid 478
W/EGL_emulation(20533): eglSurfaceAttrib not implemented 3093 12436
W/ViewRootImpl(20533): Dropping event due to no window focus: KeyEvent { action=ACTION_DOWN, keyCode=KEYCODE_DPAD_RIGHT, scanCode=0, metaState=0, flags=0x8, repeatCount=0, eventTime=2579935, downTime=2579935, deviceId=-1, source=0x101 }
W/WindowManager(  478): updateFocusedWindowLocked, focusedAppToken is null.
W/ViewRootImpl(  534): Dropping event due to no window focus: MotionEvent { action=ACTION_MOVE, id[0]=0, x[0]=-1.0, y[0]=2.0, toolType[0]=TOOL_TYPE_UNKNOWN, buttonState=0, metaState=0, flags=0x0, edgeFlags=0x0, pointerCount=1, historySize=0, eventTime=2580161, downTime=-1, deviceId=0, source=0x10004 }
W/ContextImpl(  478): Calling a method in the system process without a qualified user: android.app.ContextImpl.sendBroadcast:1123 com.android.server.InputMethodManagerService.hideCurrentInputLocked:1880 com.android.server.InputMethodManagerService.windowGainedFocus:1968 com.android.internal.view.IInputMethodManager$Stub.onTransact:221 com.android.server.InputMethodManagerService.onTransact:818 
W/EGL_emulation(20533): eglSurfaceAttrib not implemented 3093 12436
W/SurfaceFlinger(  166): couldn't log to binary event log: overflow.
W/InputEventReceiver(  534): Attempted to finish an input event but the input event receiver has already been disposed.
W/ViewRootImpl(20533): Dropping event due to no window focus: KeyEvent { action=ACTION_DOWN, keyCode=KEYCODE_DPAD_UP, scanCode=0, metaState=0, flags=0x8, repeatCount=0, eventTime=2580281, downTime=2580281, deviceId=-1, source=0x101 }
W/InputEventReceiver(20533): Attempted to finish an input event but the input event receiver has already been disposed.
W/ContextImpl(  478): Calling a method in the system process without a qualified user: android.app.ContextImpl.sendBroadcast:1123 com.android.server.InputMethodManagerService.hideCurrentInputLocked:1880 com.android.server.InputMethodManagerService.windowGainedFocus:1968 com.android.internal.view.IInputMethodManager$Stub.onTransact:221 com.android.server.InputMethodManagerService.onTransact:818 
V/PanelView(  534): animationTick called with dtms=0; nothing to do (h=0.0 v=-0.0)
V/PanelView(  534): animationTick called with dtms=0; nothing to do (h=0.0 v=-2405.448)
W/ViewRootImpl(20533): Dropping event due to no window focus: KeyEvent { action=ACTION_DOWN, keyCode=KEYCODE_DPAD_CENTER, scanCode=0, metaState=0, flags=0x8, repeatCount=0, eventTime=2580539, downTime=2580539, deviceId=-1, source=0x101 }
W/EGL_emulation(20533): eglSurfaceAttrib not implemented 3093 12436
W/ViewRootImpl(20533): Dropping event due to no window focus: KeyEvent { action=ACTION_DOWN, keyCode=KEYCODE_SLASH, scanCode=0, metaState=0, flags=0x8, repeatCount=0, eventTime=2580579, downTime=2580579, deviceId=-1, source=0x101 }
W/SurfaceFlinger(  166): couldn't log to binary event log: overflow.
W/SurfaceFlinger(  166): couldn't log to binary event log: overflow.
W/ViewRootImpl(20533): Dropping event due to no window focus: KeyEvent { action=ACTION_DOWN, keyCode=KEYCODE_CHANNEL_UP, scanCode=0, metaState=0, flags=0x8, repeatCount=0, eventTime=2580720, downTime=2580720, deviceId=-1, source=0x101 }
W/InputMethodManagerService(  478): Window already focused, ignoring focus gain of: com.android.internal.view.IInputMethodClient$Stub$Proxy@4aa66dc0 attribute=android.view.inputmethod.EditorInfo@4abb575c, token = android.os.BinderProxy@4aeb4000
W/EGL_emulation(20533): eglSurfaceAttrib not implemented 3093 12436
W/ViewRootImpl(20533): Dropping event due to no window focus: KeyEvent { action=ACTION_DOWN, keyCode=KEYCODE_MENU, scanCode=0, metaState=0, flags=0x8, repeatCount=0, eventTime=2580838, downTime=2580838, deviceId=-1, source=0x101 }
W/InputEventReceiver(20533): Attempted to finish an input event but the input event receiver has already been disposed.
W/InputEventReceiver(20533): Attempted to finish an input event but the input event receiver has already been disposed.
W/InputEventReceiver(20533): Attempted to finish an input event but the input event receiver has already been disposed.
W/ViewRootImpl(20533): Dropping event due to root view being removed: MotionEvent { action=ACTION_DOWN, id[0]=0, x[0]=233.0, y[0]=-1101.0, toolType[0]=TOOL_TYPE_UNKNOWN, buttonState=0, metaState=0, flags=0x0, edgeFlags=0x0, pointerCount=1, historySize=0, eventTime=2580891, downTime=2580891, deviceId=0, source=0x1002 }
W/ViewRootImpl(20533): Dropping event due to root view being removed: MotionEvent { action=ACTION_UP, id[0]=0, x[0]=230.02652, y[0]=-1116.5228, toolType[0]=TOOL_TYPE_UNKNOWN, buttonState=0, metaState=0, flags=0x0, edgeFlags=0x0, pointerCount=1, historySize=0, eventTime=2580893, downTime=2580891, deviceId=0, source=0x1002 }
W/InputMethodManagerService(  478): Window already focused, ignoring focus gain of: com.android.internal.view.IInputMethodClient$Stub$Proxy@4aa589c8 attribute=android.view.inputmethod.EditorInfo@4ab3542c, token = android.os.BinderProxy@4aeb4000
W/EGL_emulation(20533): eglSurfaceAttrib not implemented 3093 12436
W/ViewRootImpl(20533): Dropping event due to no window focus: KeyEvent { action=ACTION_DOWN, keyCode=KEYCODE_AT, scanCode=0, metaState=0, flags=0x8, repeatCount=0, eventTime=2580926, downTime=2580926, deviceId=-1, source=0x101 }
W/ViewRootImpl(20533): Dropping event due to no window focus: KeyEvent { action=ACTION_DOWN, keyCode=KEYCODE_DPAD_DOWN, scanCode=0, metaState=0, flags=0x8, repeatCount=0, eventTime=2580949, downTime=2580949, deviceId=-1, source=0x101 }
W/InputMethodManagerService(  478): Window already focused, ignoring focus gain of: com.android.internal.view.IInputMethodClient$Stub$Proxy@4aa53f90 attribute=null, token = android.os.BinderProxy@4aeb4000
I/ActivityManager(  478): START u0 {act=android.intent.action.VIEW dat=market://search?q=pub:ZaleBox cmp=com.android.vending/com.google.android.finsky.activities.MainActivity} from pid 20533
W/DebugConnManager(  682): getNetworkInfo() on networkType 1
I/ActivityManager(  478): START u0 {act=android.intent.action.VIEW dat=market://search?q=pub:ZaleBox cmp=com.android.vending/com.google.android.finsky.activities.MainActivity} from pid 20533
W/WindowManager(  478): updateFocusedWindowLocked, focusedAppToken is null.
W/EGL_emulation(  534): eglSurfaceAttrib not implemented 3093 12436
W/ViewRootImpl(  534): Dropping event due to no window focus: KeyEvent { action=ACTION_DOWN, keyCode=KEYCODE_MENU, scanCode=0, metaState=0, flags=0x8, repeatCount=0, eventTime=2581286, downTime=2581286, deviceId=-1, source=0x101 }
V/PanelView(  534): animationTick called with dtms=0; nothing to do (h=72.3294 v=-3000.0)
I/ActivityManager(  478): START u0 {act=android.intent.action.MAIN cat=[android.intent.category.LAUNCHER] flg=0x10200000 cmp=com.zalebox.wall.decorating.ideas.s1/.MainActivity} from pid 20523
V/PanelView(  534): animationTick called with dtms=0; nothing to do (h=72.3294 v=-3000.0)
V/PanelView(  534): animationTick called with dtms=0; nothing to do (h=72.3294 v=-3000.0)
V/PanelView(  534): animationTick called with dtms=0; nothing to do (h=72.3294 v=-3000.0)
V/PanelView(  534): animationTick called with dtms=-18; nothing to do (h=72.3294 v=-3000.0)
W/InputMethodManagerService(  478): Window already focused, ignoring focus gain of: com.android.internal.view.IInputMethodClient$Stub$Proxy@4aa0be2c attribute=android.view.inputmethod.EditorInfo@4aaf2b24, token = android.os.BinderProxy@4aeb4000
W/ViewRootImpl(  534): Dropping event due to no window focus: MotionEvent { action=ACTION_MOVE, id[0]=0, x[0]=-1.0, y[0]=-5.0, toolType[0]=TOOL_TYPE_UNKNOWN, buttonState=0, metaState=0, flags=0x0, edgeFlags=0x0, pointerCount=1, historySize=7, eventTime=2581475, downTime=-1, deviceId=0, source=0x10004 }
W/EGL_emulation(  534): eglSurfaceAttrib not implemented 3093 12436
W/ViewRootImpl(20533): Dropping event due to no window focus: KeyEvent { action=ACTION_DOWN, keyCode=KEYCODE_TV_INPUT, scanCode=0, metaState=0, flags=0x8, repeatCount=0, eventTime=2582105, downTime=2582105, deviceId=-1, source=0x101 }
W/EGL_emulation(20533): eglSurfaceAttrib not implemented 3093 12436
W/ViewRootImpl(20533): Dropping event due to no window focus: KeyEvent { action=ACTION_DOWN, keyCode=KEYCODE_MENU, scanCode=0, metaState=0, flags=0x8, repeatCount=0, eventTime=2582116, downTime=2582116, deviceId=-1, source=0x101 }
W/InputEventReceiver(20533): Attempted to finish an input event but the input event receiver has already been disposed.
W/InputMethodManagerService(  478): Window already focused, ignoring focus gain of: com.android.internal.view.IInputMethodClient$Stub$Proxy@4aab0058 attribute=null, token = android.os.BinderProxy@4aeb4000
W/EGL_emulation(20533): eglSurfaceAttrib not implemented 3093 12436
W/ViewRootImpl(20533): Dropping event due to no window focus: KeyEvent { action=ACTION_DOWN, keyCode=KEYCODE_F12, scanCode=0, metaState=0, flags=0x8, repeatCount=0, eventTime=2582263, downTime=2582263, deviceId=-1, source=0x101 }
D/dalvikvm(20533): GC_CONCURRENT freed 795K, 13% free 6021K/6876K, paused 2ms+2ms, total 16ms
W/ViewRootImpl(20533): Dropping event due to no window focus: KeyEvent { action=ACTION_DOWN, keyCode=KEYCODE_DPAD_LEFT, scanCode=0, metaState=0, flags=0x8, repeatCount=0, eventTime=2582378, downTime=2582378, deviceId=-1, source=0x101 }
W/ViewRootImpl(20533): Dropping event due to no window focus: KeyEvent { action=ACTION_DOWN, keyCode=KEYCODE_DPAD_CENTER, scanCode=0, metaState=0, flags=0x8, repeatCount=0, eventTime=2582404, downTime=2582404, deviceId=-1, source=0x101 }
W/EGL_emulation(20533): eglSurfaceAttrib not implemented 3093 12436
W/SurfaceFlinger(  166): couldn't log to binary event log: overflow.
W/InputEventReceiver(20533): Attempted to finish an input event but the input event receiver has already been disposed.
W/InputEventReceiver(20533): Attempted to finish an input event but the input event receiver has already been disposed.
W/ViewRootImpl(20533): Dropping event due to root view being removed: MotionEvent { action=ACTION_UP, id[0]=0, x[0]=350.03882, y[0]=-366.34955, toolType[0]=TOOL_TYPE_UNKNOWN, buttonState=0, metaState=0, flags=0x0, edgeFlags=0x0, pointerCount=1, historySize=0, eventTime=2582494, downTime=2582491, deviceId=0, source=0x1002 }
W/ViewRootImpl(20533): Dropping event due to no window focus: KeyEvent { action=ACTION_DOWN, keyCode=KEYCODE_DPAD_DOWN, scanCode=0, metaState=0, flags=0x8, repeatCount=0, eventTime=2582527, downTime=2582527, deviceId=-1, source=0x101 }
W/InputMethodManagerService(  478): Window already focused, ignoring focus gain of: com.android.internal.view.IInputMethodClient$Stub$Proxy@4aa14694 attribute=android.view.inputmethod.EditorInfo@4aac4b6c, token = android.os.BinderProxy@4aeb4000
W/EGL_emulation(20533): eglSurfaceAttrib not implemented 3093 12436
W/InputEventReceiver(20533): Attempted to finish an input event but the input event receiver has already been disposed.
W/InputMethodManagerService(  478): Window already focused, ignoring focus gain of: com.android.internal.view.IInputMethodClient$Stub$Proxy@4aa0a04c attribute=android.view.inputmethod.EditorInfo@4aa5500c, token = android.os.BinderProxy@4aeb4000
W/SurfaceFlinger(  166): couldn't log to binary event log: overflow.
I/ActivityManager(  478): START u0 {act=android.intent.action.MAIN cat=[android.intent.category.LAUNCHER] flg=0x10200000 cmp=com.zalebox.wall.decorating.ideas.s1/.MainActivity} from pid 20523
W/EGL_emulation(20533): eglSurfaceAttrib not implemented 3093 12436
W/InputMethodManagerService(  478): Window already focused, ignoring focus gain of: com.android.internal.view.IInputMethodClient$Stub$Proxy@4aa10abc attribute=android.view.inputmethod.EditorInfo@4a9e8090, token = android.os.BinderProxy@4aeb4000
W/EGL_emulation(20533): eglSurfaceAttrib not implemented 3093 12436
W/ViewRootImpl(20533): Dropping event due to no window focus: MotionEvent { action=ACTION_MOVE, id[0]=0, x[0]=-4.0, y[0]=-1.0, toolType[0]=TOOL_TYPE_UNKNOWN, buttonState=0, metaState=0, flags=0x0, edgeFlags=0x0, pointerCount=1, historySize=3, eventTime=2582964, downTime=-1, deviceId=0, source=0x10004 }
W/ViewRootImpl(20533): Dropping event due to no window focus: MotionEvent { action=ACTION_DOWN, id[0]=0, x[0]=0.0, y[0]=0.0, toolType[0]=TOOL_TYPE_UNKNOWN, buttonState=0, metaState=0, flags=0x0, edgeFlags=0x0, pointerCount=1, historySize=0, eventTime=2582964, downTime=2582952, deviceId=0, source=0x10004 }
W/ContextImpl(  478): Calling a method in the system process without a qualified user: android.app.ContextImpl.sendBroadcast:1123 com.android.server.InputMethodManagerService.hideCurrentInputLocked:1880 com.android.server.InputMethodManagerService.windowGainedFocus:1968 com.android.internal.view.IInputMethodManager$Stub.onTransact:221 com.android.server.InputMethodManagerService.onTransact:818 
I/ActivityManager(  478): START u0 {act=android.intent.action.MAIN cat=[android.intent.category.LAUNCHER] flg=0x10200000 cmp=com.zalebox.wall.decorating.ideas.s1/.MainActivity} from pid 20523
I/ActivityManager(  478): START u0 {cmp=com.zalebox.wall.decorating.ideas.s1/.WallDecoratingIdeasGal1} from pid 20533
D/dalvikvm(20533): GC_FOR_ALLOC freed 613K, 19% free 5627K/6924K, paused 7ms, total 7ms
I/dalvikvm-heap(20533): Grow heap (frag case) to 7.114MB for 1638012-byte allocation
D/dalvikvm(20533): GC_CONCURRENT freed 3K, 16% free 7223K/8524K, paused 2ms+0ms, total 5ms
D/dalvikvm(20533): WAIT_FOR_CONCURRENT_GC blocked 3ms
I/ActivityManager(  478): START u0 {cmp=com.zalebox.wall.decorating.ideas.s1/.WallDecoratingIdeasGal1} from pid 20533
W/EGL_emulation(20533): eglSurfaceAttrib not implemented 3093 12436
W/EGL_emulation(20533): eglSurfaceAttrib not implemented 3093 12436
W/ViewRootImpl(20533): Dropping event due to no window focus: KeyEvent { action=ACTION_DOWN, keyCode=KEYCODE_DPAD_CENTER, scanCode=0, metaState=0, flags=0x8, repeatCount=0, eventTime=2583065, downTime=2583065, deviceId=-1, source=0x101 }
W/ContextImpl(  478): Calling a method in the system process without a qualified user: android.app.ContextImpl.sendBroadcast:1123 com.android.server.InputMethodManagerService.hideCurrentInputLocked:1880 com.android.server.InputMethodManagerService.windowGainedFocus:1968 com.android.internal.view.IInputMethodManager$Stub.onTransact:221 com.android.server.InputMethodManagerService.onTransact:818 
I/ActivityManager(  478): Displayed com.zalebox.wall.decorating.ideas.s1/.WallDecoratingIdeasGal1: +162ms (total +250ms)
W/SurfaceFlinger(  166): couldn't log to binary event log: overflow.
W/EGL_emulation(20533): eglSurfaceAttrib not implemented 3093 12436
W/ViewRootImpl(20533): Dropping event due to no window focus: KeyEvent { action=ACTION_DOWN, keyCode=KEYCODE_C, scanCode=0, metaState=0, flags=0x8, repeatCount=0, eventTime=2583548, downTime=2583548, deviceId=-1, source=0x101 }
W/SurfaceFlinger(  166): couldn't log to binary event log: overflow.
W/SurfaceFlinger(  166): couldn't log to binary event log: overflow.
W/InputMethodManagerService(  478): Window already focused, ignoring focus gain of: com.android.internal.view.IInputMethodClient$Stub$Proxy@4aa11ee0 attribute=null, token = android.os.BinderProxy@4aa57474
W/EGL_emulation(20533): eglSurfaceAttrib not implemented 3093 12436
W/ViewRootImpl(20533): Dropping event due to no window focus: KeyEvent { action=ACTION_DOWN, keyCode=KEYCODE_DPAD_RIGHT, scanCode=0, metaState=0, flags=0x8, repeatCount=0, eventTime=2584199, downTime=2584199, deviceId=-1, source=0x101 }
W/InputMethodManagerService(  478): Window already focused, ignoring focus gain of: com.android.internal.view.IInputMethodClient$Stub$Proxy@4ab0899c attribute=null, token = android.os.BinderProxy@4aa57474
I/ActivityManager(  478): START u0 {act=android.intent.action.VIEW dat=market://search?q=pub:ZaleBox cmp=com.android.vending/com.google.android.finsky.activities.MainActivity} from pid 20533
W/ViewRootImpl(20533): Dropping event due to no window focus: KeyEvent { action=ACTION_DOWN, keyCode=KEYCODE_PROG_YELLOW, scanCode=0, metaState=0, flags=0x8, repeatCount=0, eventTime=2584465, downTime=2584465, deviceId=-1, source=0x101 }
W/EGL_emulation(20533): eglSurfaceAttrib not implemented 3093 12436
W/ViewRootImpl(20533): Dropping event due to no window focus: KeyEvent { action=ACTION_DOWN, keyCode=KEYCODE_MENU, scanCode=0, metaState=0, flags=0x8, repeatCount=0, eventTime=2584481, downTime=2584481, deviceId=-1, source=0x101 }
W/EGL_emulation(20533): eglSurfaceAttrib not implemented 3093 12436
W/InputEventReceiver(20533): Attempted to finish an input event but the input event receiver has already been disposed.
W/InputEventReceiver(20533): Attempted to finish an input event but the input event receiver has already been disposed.
W/ViewRootImpl(20533): Dropping event due to root view being removed: MotionEvent { action=ACTION_UP, id[0]=0, x[0]=166.443, y[0]=802.4043, toolType[0]=TOOL_TYPE_UNKNOWN, buttonState=0, metaState=0, flags=0x0, edgeFlags=0x0, pointerCount=1, historySize=0, eventTime=2584609, downTime=2584608, deviceId=0, source=0x1002 }
W/SurfaceFlinger(  166): couldn't log to binary event log: overflow.
W/InputMethodManagerService(  478): Window already focused, ignoring focus gain of: com.android.internal.view.IInputMethodClient$Stub$Proxy@4aa8c190 attribute=android.view.inputmethod.EditorInfo@4aac8ed0, token = android.os.BinderProxy@4aa57474
I/ActivityManager(  478): START u0 {act=android.intent.action.MAIN cat=[android.intent.category.HOME] flg=0x10200000 cmp=com.vphone.launcher/.Launcher} from pid 478
I/ActivityManager(  478): START u0 {act=android.intent.action.MAIN cat=[android.intent.category.LAUNCHER] flg=0x10200000 cmp=com.zalebox.wall.decorating.ideas.s1/.MainActivity} from pid 20523
I/ActivityManager(  478): START u0 {act=android.intent.action.MAIN cat=[android.intent.category.LAUNCHER] flg=0x10200000 cmp=com.zalebox.wall.decorating.ideas.s1/.MainActivity} from pid 20523
I/ActivityManager(  478): START u0 {act=android.intent.action.MAIN cat=[android.intent.category.LAUNCHER] flg=0x10200000 cmp=com.zalebox.wall.decorating.ideas.s1/.MainActivity} from pid 20523
I/ActivityManager(  478): START u0 {act=android.intent.action.VIEW dat=market://search?q=pub:ZaleBox cmp=com.android.vending/com.google.android.finsky.activities.MainActivity} from pid 20533
I/ActivityManager(  478): START u0 {act=android.intent.action.VIEW dat=market://search?q=pub:ZaleBox cmp=com.android.vending/com.google.android.finsky.activities.MainActivity} from pid 20533
I/ActivityManager(  478): START u0 {act=android.intent.action.VIEW dat=market://search?q=pub:ZaleBox cmp=com.android.vending/com.google.android.finsky.activities.MainActivity} from pid 20533
W/EGL_emulation(20533): eglSurfaceAttrib not implemented 3093 12436
W/ViewRootImpl(20533): Dropping event due to no window focus: KeyEvent { action=ACTION_DOWN, keyCode=KEYCODE_7, scanCode=0, metaState=0, flags=0x8, repeatCount=0, eventTime=2584816, downTime=2584816, deviceId=-1, source=0x101 }
W/InputMethodManagerService(  478): Window already focused, ignoring focus gain of: com.android.internal.view.IInputMethodClient$Stub$Proxy@4aa45e94 attribute=null, token = android.os.BinderProxy@4aa57474
W/ViewRootImpl(20533): Dropping event due to no window focus: KeyEvent { action=ACTION_DOWN, keyCode=KEYCODE_DPAD_LEFT, scanCode=0, metaState=0, flags=0x8, repeatCount=0, eventTime=2584942, downTime=2584942, deviceId=-1, source=0x101 }
W/ViewRootImpl(20533): Dropping event due to no window focus: KeyEvent { action=ACTION_DOWN, keyCode=KEYCODE_DPAD_LEFT, scanCode=0, metaState=0, flags=0x8, repeatCount=0, eventTime=2584948, downTime=2584948, deviceId=-1, source=0x101 }
W/EGL_emulation(20533): eglSurfaceAttrib not implemented 3093 12436
W/ViewRootImpl(20533): Dropping event due to no window focus: KeyEvent { action=ACTION_DOWN, keyCode=KEYCODE_MOVE_HOME, scanCode=0, metaState=0, flags=0x8, repeatCount=0, eventTime=2584951, downTime=2584951, deviceId=-1, source=0x101 }
W/InputMethodManagerService(  478): Window already focused, ignoring focus gain of: com.android.internal.view.IInputMethodClient$Stub$Proxy@4aa40d30 attribute=null, token = android.os.BinderProxy@4aa57474
I/ActivityManager(  478): START u0 {act=android.intent.action.VIEW dat=market://search?q=pub:ZaleBox cmp=com.android.vending/com.google.android.finsky.activities.MainActivity} from pid 20533
W/ViewRootImpl(20533): Dropping event due to no window focus: KeyEvent { action=ACTION_DOWN, keyCode=KEYCODE_BREAK, scanCode=0, metaState=0, flags=0x8, repeatCount=0, eventTime=2585100, downTime=2585100, deviceId=-1, source=0x101 }
I/InputDispatcher(  478): Dropped event because of pending overdue app switch.
W/InputManager(  478): Input event injection from pid 20523 failed.
W/EGL_emulation(20533): eglSurfaceAttrib not implemented 3093 12436
I/ActivityManager(  478): START u0 {act=android.intent.action.MAIN cat=[android.intent.category.HOME] flg=0x10200000 cmp=com.vphone.launcher/.Launcher} from pid 478
I/ActivityManager(  478): START u0 {act=android.intent.action.MAIN cat=[android.intent.category.LAUNCHER] flg=0x10200000 cmp=com.zalebox.wall.decorating.ideas.s1/.MainActivity} from pid 20523
W/InputMethodManagerService(  478): Window already focused, ignoring focus gain of: com.android.internal.view.IInputMethodClient$Stub$Proxy@4aee50b4 attribute=android.view.inputmethod.EditorInfo@4aa96e18, token = android.os.BinderProxy@4aa57474
W/EGL_emulation(20533): eglSurfaceAttrib not implemented 3093 12436
W/ViewRootImpl(20533): Dropping event due to no window focus: KeyEvent { action=ACTION_DOWN, keyCode=KEYCODE_DPAD_CENTER, scanCode=0, metaState=0, flags=0x8, repeatCount=0, eventTime=2585553, downTime=2585553, deviceId=-1, source=0x101 }
W/InputMethodManagerService(  478): Window already focused, ignoring focus gain of: com.android.internal.view.IInputMethodClient$Stub$Proxy@4ad994f4 attribute=android.view.inputmethod.EditorInfo@4adc993c, token = android.os.BinderProxy@4aa57474
W/SurfaceFlinger(  166): couldn't log to binary event log: overflow.
I/ActivityManager(  478): START u0 {act=android.intent.action.VIEW dat=market://search?q=pub:ZaleBox cmp=com.android.vending/com.google.android.finsky.activities.MainActivity} from pid 20533
I/ActivityManager(  478): START u0 {act=android.intent.action.MAIN cat=[android.intent.category.LAUNCHER] flg=0x10000000 sel={act=android.intent.action.MAIN cat=[android.intent.category.APP_CALCULATOR]}} from pid 478
I/InputDispatcher(  478): Dropped event because of pending overdue app switch.
I/InputDispatcher(  478): Dropped event because of pending overdue app switch.
W/InputManager(  478): Input event injection from pid 20523 failed.
W/InputManager(  478): Input event injection from pid 20523 failed.
W/EGL_emulation(20533): eglSurfaceAttrib not implemented 3093 12436
W/InputMethodManagerService(  478): Window already focused, ignoring focus gain of: com.android.internal.view.IInputMethodClient$Stub$Proxy@4ae4e9e0 attribute=null, token = android.os.BinderProxy@4aa57474
I/ActivityManager(  478): START u0 {act=android.intent.action.VIEW dat=market://search?q=pub:ZaleBox cmp=com.android.vending/com.google.android.finsky.activities.MainActivity} from pid 20533
W/EGL_emulation(20533): eglSurfaceAttrib not implemented 3093 12436
W/ViewRootImpl(20533): Dropping event due to no window focus: KeyEvent { action=ACTION_DOWN, keyCode=KEYCODE_MENU, scanCode=0, metaState=0, flags=0x8, repeatCount=0, eventTime=2585840, downTime=2585840, deviceId=-1, source=0x101 }
W/ViewRootImpl(20533): Dropping event due to no window focus: KeyEvent { action=ACTION_DOWN, keyCode=KEYCODE_VOLUME_UP, scanCode=0, metaState=0, flags=0x8, repeatCount=0, eventTime=2585936, downTime=2585936, deviceId=-1, source=0x101 }
W/InputMethodManagerService(  478): Window already focused, ignoring focus gain of: com.android.internal.view.IInputMethodClient$Stub$Proxy@4abb5918 attribute=android.view.inputmethod.EditorInfo@4ac299f8, token = android.os.BinderProxy@4aa57474
W/SurfaceFlinger(  166): couldn't log to binary event log: overflow.
I/ActivityManager(  478): START u0 {act=android.intent.action.VIEW dat=market://search?q=pub:ZaleBox cmp=com.android.vending/com.google.android.finsky.activities.MainActivity} from pid 20533
V/PanelView(  534): animationTick called with dtms=0; nothing to do (h=0.0 v=0.0)
W/EGL_emulation(20533): eglSurfaceAttrib not implemented 3093 12436
W/SurfaceFlinger(  166): couldn't log to binary event log: overflow.
W/InputMethodManagerService(  478): Window already focused, ignoring focus gain of: com.android.internal.view.IInputMethodClient$Stub$Proxy@4af37d68 attribute=android.view.inputmethod.EditorInfo@4aa96d34, token = android.os.BinderProxy@4aa57474
I/ActivityManager(  478): START u0 {act=android.intent.action.VIEW dat=market://search?q=pub:ZaleBox cmp=com.android.vending/com.google.android.finsky.activities.MainActivity} from pid 20533
I/ActivityManager(  478): START u0 {act=android.intent.action.VIEW dat=market://search?q=pub:ZaleBox cmp=com.android.vending/com.google.android.finsky.activities.MainActivity} from pid 20533
I/ActivityManager(  478): START u0 {act=android.intent.action.VIEW dat=market://search?q=pub:ZaleBox cmp=com.android.vending/com.google.android.finsky.activities.MainActivity} from pid 20533
I/ActivityManager(  478): START u0 {act=android.intent.action.VIEW dat=market://search?q=pub:ZaleBox cmp=com.android.vending/com.google.android.finsky.activities.MainActivity} from pid 20533
W/EGL_emulation(20533): eglSurfaceAttrib not implemented 3093 12436
W/ViewRootImpl(20533): Dropping event due to no window focus: MotionEvent { action=ACTION_MOVE, id[0]=0, x[0]=-5.0, y[0]=-4.0, toolType[0]=TOOL_TYPE_UNKNOWN, buttonState=0, metaState=0, flags=0x0, edgeFlags=0x0, pointerCount=1, historySize=11, eventTime=2586774, downTime=-1, deviceId=0, source=0x10004 }
W/ViewRootImpl(20533): Dropping event due to no window focus: MotionEvent { action=ACTION_DOWN, id[0]=0, x[0]=0.0, y[0]=0.0, toolType[0]=TOOL_TYPE_UNKNOWN, buttonState=0, metaState=0, flags=0x0, edgeFlags=0x0, pointerCount=1, historySize=0, eventTime=2586776, downTime=2586755, deviceId=0, source=0x10004 }
W/InputEventReceiver(20533): Attempted to finish an input event but the input event receiver has already been disposed.
W/ViewRootImpl(20533): Dropping event due to no window focus: KeyEvent { action=ACTION_DOWN, keyCode=KEYCODE_MENU, scanCode=0, metaState=0, flags=0x8, repeatCount=0, eventTime=2586837, downTime=2586837, deviceId=-1, source=0x101 }
W/EGL_emulation(20533): eglSurfaceAttrib not implemented 3093 12436
W/InputEventReceiver(20533): Attempted to finish an input event but the input event receiver has already been disposed.
W/InputEventReceiver(20533): Attempted to finish an input event but the input event receiver has already been disposed.
W/ViewRootImpl(20533): Dropping event due to root view being removed: MotionEvent { action=ACTION_MOVE, id[0]=0, x[0]=596.1102, y[0]=6.2213135, toolType[0]=TOOL_TYPE_UNKNOWN, buttonState=0, metaState=0, flags=0x0, edgeFlags=0x0, pointerCount=1, historySize=1, eventTime=2587070, downTime=2587064, deviceId=0, source=0x1002 }
W/InputManager(  478): Input event injection from pid 20523 failed.
W/InputMethodManagerService(  478): Window already focused, ignoring focus gain of: com.android.internal.view.IInputMethodClient$Stub$Proxy@4ac24a70 attribute=android.view.inputmethod.EditorInfo@4ada1754, token = android.os.BinderProxy@4aa57474
W/ViewRootImpl(20533): Dropping event due to no window focus: KeyEvent { action=ACTION_DOWN, keyCode=KEYCODE_DPAD_UP, scanCode=0, metaState=0, flags=0x8, repeatCount=0, eventTime=2587203, downTime=2587203, deviceId=-1, source=0x101 }
W/EGL_emulation(20533): eglSurfaceAttrib not implemented 3093 12436
W/ViewRootImpl(20533): Dropping event due to no window focus: MotionEvent { action=ACTION_MOVE, id[0]=0, x[0]=-1.0, y[0]=-2.0, toolType[0]=TOOL_TYPE_UNKNOWN, buttonState=0, metaState=0, flags=0x0, edgeFlags=0x0, pointerCount=1, historySize=9, eventTime=2587229, downTime=-1, deviceId=0, source=0x10004 }
W/ViewRootImpl(20533): Dropping event due to no window focus: MotionEvent { action=ACTION_DOWN, id[0]=0, x[0]=0.0, y[0]=0.0, toolType[0]=TOOL_TYPE_UNKNOWN, buttonState=0, metaState=0, flags=0x0, edgeFlags=0x0, pointerCount=1, historySize=0, eventTime=2587230, downTime=2587214, deviceId=0, source=0x10004 }
W/ViewRootImpl(20533): Dropping event due to no window focus: KeyEvent { action=ACTION_DOWN, keyCode=KEYCODE_NUMPAD_COMMA, scanCode=0, metaState=0, flags=0x8, repeatCount=0, eventTime=2587233, downTime=2587233, deviceId=-1, source=0x101 }
W/SurfaceFlinger(  166): couldn't log to binary event log: overflow.
W/InputMethodManagerService(  478): Window already focused, ignoring focus gain of: com.android.internal.view.IInputMethodClient$Stub$Proxy@4a813120 attribute=null, token = android.os.BinderProxy@4aa57474
W/EGL_emulation(20533): eglSurfaceAttrib not implemented 3093 12436
W/ViewRootImpl(20533): Dropping event due to no window focus: KeyEvent { action=ACTION_DOWN, keyCode=KEYCODE_APOSTROPHE, scanCode=0, metaState=0, flags=0x8, repeatCount=0, eventTime=2587483, downTime=2587483, deviceId=-1, source=0x101 }
W/ViewRootImpl(20533): Dropping event due to no window focus: KeyEvent { action=ACTION_DOWN, keyCode=KEYCODE_DPAD_RIGHT, scanCode=0, metaState=0, flags=0x8, repeatCount=0, eventTime=2587525, downTime=2587525, deviceId=-1, source=0x101 }
W/SurfaceFlinger(  166): couldn't log to binary event log: overflow.
W/InputMethodManagerService(  478): Window already focused, ignoring focus gain of: com.android.internal.view.IInputMethodClient$Stub$Proxy@4a7ddcc0 attribute=android.view.inputmethod.EditorInfo@4aa9bbb0, token = android.os.BinderProxy@4aa57474
W/EGL_emulation(20533): eglSurfaceAttrib not implemented 3093 12436
W/InputMethodManagerService(  478): Window already focused, ignoring focus gain of: com.android.internal.view.IInputMethodClient$Stub$Proxy@4acebcc0 attribute=android.view.inputmethod.EditorInfo@4acebcc8, token = android.os.BinderProxy@4aa57474
I/AndroidRuntime(20523): VM exiting with result code 0.
