W/ViewRootImpl(  556): Dropping event due to no window focus: KeyEvent { action=ACTION_DOWN, keyCode=KEYCODE_DPAD_LEFT, scanCode=0, metaState=0, flags=0x8, repeatCount=0, eventTime=2699030, downTime=2699030, deviceId=-1, source=0x101 }
W/ViewRootImpl(  556): Dropping event due to no window focus: KeyEvent { action=ACTION_DOWN, keyCode=KEYCODE_DPAD_RIGHT, scanCode=0, metaState=0, flags=0x8, repeatCount=0, eventTime=2699031, downTime=2699031, deviceId=-1, source=0x101 }
D/dalvikvm(20226): GC_CONCURRENT freed 733K, 20% free 5357K/6672K, paused 3ms+1ms, total 8ms
D/dalvikvm(20226): WAIT_FOR_CONCURRENT_GC blocked 5ms
I/InputDispatcher(  470): Dropping event because there is no focused window or focused application.
I/InputDispatcher(  470): Dropping event because there is no focused window or focused application.
I/InputDispatcher(  470): Dropping event because there is no focused window or focused application.
I/InputDispatcher(  470): Dropping event because there is no focused window or focused application.
I/InputDispatcher(  470): Dropping event because there is no focused window or focused application.
I/InputDispatcher(  470): Dropping event because there is no focused window or focused application.
I/InputDispatcher(  470): Dropping event because there is no focused window or focused application.
I/InputDispatcher(  470): Dropping event because there is no focused window or focused application.
W/ViewRootImpl(  556): Dropping event due to no window focus: KeyEvent { action=ACTION_DOWN, keyCode=KEYCODE_DPAD_UP, scanCode=0, metaState=0, flags=0x8, repeatCount=0, eventTime=2699041, downTime=2699041, deviceId=-1, source=0x101 }
W/InputManager(  470): Input event injection from pid 19771 failed.
W/InputManager(  470): Input event injection from pid 19771 failed.
W/InputManager(  470): Input event injection from pid 19771 failed.
W/InputManager(  470): Input event injection from pid 19771 failed.
W/InputManager(  470): Input event injection from pid 19771 failed.
W/InputManager(  470): Input event injection from pid 19771 failed.
W/InputManager(  470): Input event injection from pid 19771 failed.
W/InputManager(  470): Input event injection from pid 19771 failed.
W/InputEventReceiver(  556): Attempted to finish an input event but the input event receiver has already been disposed.
W/InputEventReceiver(  556): Attempted to finish an input event but the input event receiver has already been disposed.
W/InputEventReceiver(  556): Attempted to finish an input event but the input event receiver has already been disposed.
I/InputDispatcher(  470): Dropping event because there is no focused window or focused application.
I/InputDispatcher(  470): Dropping event because there is no focused window or focused application.
I/InputDispatcher(  470): Dropping event because there is no focused window or focused application.
I/InputDispatcher(  470): Dropping event because there is no focused window or focused application.
I/InputDispatcher(  470): Dropping event because there is no focused window or focused application.
I/InputDispatcher(  470): Dropping event because there is no focused window or focused application.
I/InputDispatcher(  470): Dropping event because there is no focused window or focused application.
I/InputDispatcher(  470): Dropping event because there is no focused window or focused application.
I/InputDispatcher(  470): Dropping event because there is no focused window or focused application.
I/InputDispatcher(  470): Dropping event because there is no focused window or focused application.
D/dalvikvm(20226): GC_FOR_ALLOC freed 9K, 19% free 5452K/6672K, paused 11ms, total 15ms
I/dalvikvm-heap(20226): Grow heap (frag case) to 5.989MB for 635808-byte allocation
I/InputDispatcher(  470): Dropping event because there is no focused window or focused application.
I/InputDispatcher(  470): Dropping event because there is no focused window or focused application.
I/InputDispatcher(  470): Dropping event because there is no focused window or focused application.
I/InputDispatcher(  470): Dropping event because there is no focused window or focused application.
I/InputDispatcher(  470): Dropping event because there is no focused window or focused application.
W/ViewRootImpl(  556): Dropping event due to root view being removed: MotionEvent { action=ACTION_MOVE, id[0]=0, x[0]=551.9863, y[0]=450.09338, toolType[0]=TOOL_TYPE_UNKNOWN, buttonState=0, metaState=0, flags=0x0, edgeFlags=0x0, pointerCount=1, historySize=6, eventTime=2699056, downTime=2699055, deviceId=0, source=0x1002 }
W/ViewRootImpl(  556): Dropping event due to root view being removed: MotionEvent { action=ACTION_UP, id[0]=0, x[0]=554.0007, y[0]=458.74902, toolType[0]=TOOL_TYPE_UNKNOWN, buttonState=0, metaState=0, flags=0x0, edgeFlags=0x0, pointerCount=1, historySize=0, eventTime=2699057, downTime=2699055, deviceId=0, source=0x1002 }
W/InputManager(  470): Input event injection from pid 19771 failed.
W/InputManager(  470): Input event injection from pid 19771 failed.
W/InputManager(  470): Input event injection from pid 19771 failed.
W/InputManager(  470): Input event injection from pid 19771 failed.
W/InputManager(  470): Input event injection from pid 19771 failed.
W/InputManager(  470): Input event injection from pid 19771 failed.
W/InputManager(  470): Input event injection from pid 19771 failed.
W/InputManager(  470): Input event injection from pid 19771 failed.
W/InputManager(  470): Input event injection from pid 19771 failed.
W/InputManager(  470): Input event injection from pid 19771 failed.
W/InputManager(  470): Input event injection from pid 19771 failed.
W/InputManager(  470): Input event injection from pid 19771 failed.
W/InputManager(  470): Input event injection from pid 19771 failed.
W/InputManager(  470): Input event injection from pid 19771 failed.
W/InputManager(  470): Input event injection from pid 19771 failed.
I/ActivityManager(  470): START u0 {act=android.intent.action.MAIN cat=[android.intent.category.LAUNCHER] flg=0x10200000 cmp=com.colorsnap/.IntroScreenActivity_} from pid 19771
W/WindowManager(  470): updateFocusedWindowLocked, focusedAppToken is null.
W/ViewRootImpl(  556): Dropping event due to no window focus: KeyEvent { action=ACTION_DOWN, keyCode=KEYCODE_DPAD_LEFT, scanCode=0, metaState=0, flags=0x8, repeatCount=0, eventTime=2699074, downTime=2699074, deviceId=-1, source=0x101 }
W/InputManager(  470): Input event injection from pid 19771 failed.
W/InputManager(  470): Input event injection from pid 19771 failed.
W/InputManager(  470): Input event injection from pid 19771 failed.
W/InputManager(  470): Input event injection from pid 19771 failed.
W/InputManager(  470): Input event injection from pid 19771 failed.
W/InputManager(  470): Input event injection from pid 19771 failed.
D/dalvikvm(20226): GC_FOR_ALLOC freed <1K, 17% free 6073K/7296K, paused 13ms, total 13ms
W/ViewRootImpl(  556): Dropping event due to no window focus: MotionEvent { action=ACTION_MOVE, id[0]=0, x[0]=2.0, y[0]=-3.0, toolType[0]=TOOL_TYPE_UNKNOWN, buttonState=0, metaState=0, flags=0x0, edgeFlags=0x0, pointerCount=1, historySize=29, eventTime=2699085, downTime=-1, deviceId=0, source=0x10004 }
W/ViewRootImpl(  556): Dropping event due to no window focus: KeyEvent { action=ACTION_DOWN, keyCode=KEYCODE_DPAD_RIGHT, scanCode=0, metaState=0, flags=0x8, repeatCount=0, eventTime=2699085, downTime=2699085, deviceId=-1, source=0x101 }
W/InputManager(  470): Input event injection from pid 19771 failed.
W/InputManager(  470): Input event injection from pid 19771 failed.
W/InputEventReceiver(  556): Attempted to finish an input event but the input event receiver has already been disposed.
W/InputEventReceiver(  556): Attempted to finish an input event but the input event receiver has already been disposed.
W/InputEventReceiver(  556): Attempted to finish an input event but the input event receiver has already been disposed.
W/InputEventReceiver(  556): Attempted to finish an input event but the input event receiver has already been disposed.
W/InputEventReceiver(  556): Attempted to finish an input event but the input event receiver has already been disposed.
W/InputEventReceiver(  556): Attempted to finish an input event but the input event receiver has already been disposed.
W/InputEventReceiver(  556): Attempted to finish an input event but the input event receiver has already been disposed.
W/InputEventReceiver(  556): Attempted to finish an input event but the input event receiver has already been disposed.
W/InputEventReceiver(  556): Attempted to finish an input event but the input event receiver has already been disposed.
W/InputManager(  470): Input event injection from pid 19771 failed.
W/ViewRootImpl(  556): Dropping event due to root view being removed: MotionEvent { action=ACTION_UP, id[0]=0, x[0]=219.10118, y[0]=-545.04865, toolType[0]=TOOL_TYPE_UNKNOWN, buttonState=0, metaState=0, flags=0x0, edgeFlags=0x0, pointerCount=1, historySize=0, eventTime=2699119, downTime=2699116, deviceId=0, source=0x1002 }
W/ViewRootImpl(  556): Dropping event due to root view being removed: MotionEvent { action=ACTION_DOWN, id[0]=0, x[0]=559.0, y[0]=251.0, toolType[0]=TOOL_TYPE_UNKNOWN, buttonState=0, metaState=0, flags=0x0, edgeFlags=0x0, pointerCount=1, historySize=0, eventTime=2699119, downTime=2699119, deviceId=0, source=0x1002 }
W/ViewRootImpl(  556): Dropping event due to root view being removed: MotionEvent { action=ACTION_POINTER_DOWN(1), id[0]=0, x[0]=560.8634, y[0]=257.08246, toolType[0]=TOOL_TYPE_UNKNOWN, id[1]=1, x[1]=626.0, y[1]=478.0, toolType[1]=TOOL_TYPE_UNKNOWN, buttonState=0, metaState=0, flags=0x0, edgeFlags=0x0, pointerCount=2, historySize=0, eventTime=2699120, downTime=2699119, deviceId=0, source=0x1002 }
W/ViewRootImpl(  556): Dropping event due to root view being removed: MotionEvent { action=ACTION_MOVE, id[0]=0, x[0]=636.11993, y[0]=282.8551, toolType[0]=TOOL_TYPE_UNKNOWN, id[1]=1, x[1]=654.8634, y[1]=429.65405, toolType[1]=TOOL_TYPE_UNKNOWN, buttonState=0, metaState=0, flags=0x0, edgeFlags=0x0, pointerCount=2, historySize=7, eventTime=2699123, downTime=2699119, deviceId=0, source=0x1002 }
W/ViewRootImpl(  556): Dropping event due to root view being removed: MotionEvent { action=ACTION_POINTER_UP(1), id[0]=0, x[0]=657.45184, y[0]=286.7907, toolType[0]=TOOL_TYPE_UNKNOWN, id[1]=1, x[1]=656.5135, y[1]=429.57574, toolType[1]=TOOL_TYPE_UNKNOWN, buttonState=0, metaState=0, flags=0x0, edgeFlags=0x0, pointerCount=2, historySize=0, eventTime=2699123, downTime=2699119, deviceId=0, source=0x1002 }
W/ViewRootImpl(  556): Dropping event due to root view being removed: MotionEvent { action=ACTION_UP, id[0]=0, x[0]=676.4514, y[0]=289.77905, toolType[0]=TOOL_TYPE_UNKNOWN, buttonState=0, metaState=0, flags=0x0, edgeFlags=0x0, pointerCount=1, historySize=0, eventTime=2699123, downTime=2699119, deviceId=0, source=0x1002 }
W/ViewRootImpl(  556): Dropping event due to root view being removed: MotionEvent { action=ACTION_DOWN, id[0]=0, x[0]=642.0, y[0]=121.0, toolType[0]=TOOL_TYPE_UNKNOWN, buttonState=0, metaState=0, flags=0x0, edgeFlags=0x0, pointerCount=1, historySize=0, eventTime=2699126, downTime=2699124, deviceId=0, source=0x1002 }
W/ViewRootImpl(  556): Dropping event due to root view being removed: MotionEvent { action=ACTION_MOVE, id[0]=0, x[0]=555.5523, y[0]=159.53058, toolType[0]=TOOL_TYPE_UNKNOWN, buttonState=0, metaState=0, flags=0x0, edgeFlags=0x0, pointerCount=1, historySize=7, eventTime=2699145, downTime=2699124, deviceId=0, source=0x1002 }
W/InputEventReceiver(  556): Attempted to finish an input event but the input event receiver has already been disposed.
W/ViewRootImpl(  556): Dropping event due to root view being removed: MotionEvent { action=ACTION_UP, id[0]=0, x[0]=535.95325, y[0]=160.58508, toolType[0]=TOOL_TYPE_UNKNOWN, buttonState=0, metaState=0, flags=0x0, edgeFlags=0x0, pointerCount=1, historySize=0, eventTime=2699146, downTime=2699124, deviceId=0, source=0x1002 }
W/EGL_emulation(20226): eglSurfaceAttrib not implemented 3093 12436
D/yeshen  (20226): launcher onpause
W/PropertyValuesHolder(20226): Method setBrightness() with type int not found on target class class ml
W/PropertyValuesHolder(20226): Method getBrightness() with type int not found on target class class ml
I/ActivityManager(  470): Start proc com.colorsnap for activity com.colorsnap/.IntroScreenActivity_: pid=20424 uid=10078 gids={50078, 3003, 1028, 1015, 1023}
W/NetworkManagementSocketTagger(  470): setKernelCountSet(10078, 1) failed with errno -13
I/dalvikvm(20424): ignoring registerObject request in thread=1
I/dalvikvm(20424): ignoring registerObject request in thread=1
D/dalvikvm(20226): GC_CONCURRENT freed 647K, 11% free 6505K/7296K, paused 2ms+0ms, total 13ms
D/dalvikvm(20226): WAIT_FOR_CONCURRENT_GC blocked 5ms
W/dalvikvm(20424): VFY: unable to find class referenced in signature (Lokhttp3/Request;)
W/dalvikvm(20424): VFY: unable to find class referenced in signature (Lokhttp3/Response;)
I/dalvikvm(20424): Could not find method okhttp3.Response.headers, referenced from method empirical.HelperClass.printOkHttpInfo
W/dalvikvm(20424): VFY: unable to resolve virtual method 44576: Lokhttp3/Response;.headers ()Lokhttp3/Headers;
D/dalvikvm(20424): VFY: replacing opcode 0x6e at 0x0006
W/dalvikvm(20424): VFY: unable to find class referenced in signature (Lokhttp3/Call;)
W/dalvikvm(20424): VFY: unable to find class referenced in signature (Lokhttp3/Response;)
I/dalvikvm(20424): Could not find method okhttp3.Call.request, referenced from method empirical.HelperClass.printOkHttpInfoFromCall
W/dalvikvm(20424): VFY: unable to resolve interface method 44570: Lokhttp3/Call;.request ()Lokhttp3/Request;
D/dalvikvm(20424): VFY: replacing opcode 0x72 at 0x0006
I/System.out(20424): body:<c.x$a: void <init>()>	sig:$r4 = staticinvoke <java.net.ProxySelector: java.net.ProxySelector getDefault()>()	timediff:0
W/DebugConnManager(20226): getNetworkInfo() on networkType 1
D/AndroidRuntime(20424): Shutting down VM
W/dalvikvm(20424): threadid=1: thread exiting with uncaught exception (group=0x94c8eb20)
E/AndroidRuntime(20424): FATAL EXCEPTION: main
E/AndroidRuntime(20424): Process: com.colorsnap, PID: 20424
E/AndroidRuntime(20424): java.lang.RuntimeException: Unable to create application com.colorsnap.ColorSnapApplication_: java.lang.IllegalArgumentException: keepAliveDuration <= 0: 5
E/AndroidRuntime(20424): 	at android.app.ActivityThread.handleBindApplication(ActivityThread.java:4349)
E/AndroidRuntime(20424): 	at android.app.ActivityThread.access$1500(ActivityThread.java:135)
E/AndroidRuntime(20424): 	at android.app.ActivityThread$H.handleMessage(ActivityThread.java:1256)
E/AndroidRuntime(20424): 	at android.os.Handler.dispatchMessage(Handler.java:102)
E/AndroidRuntime(20424): 	at android.os.Looper.loop(Looper.java:136)
E/AndroidRuntime(20424): 	at android.app.ActivityThread.main(ActivityThread.java:5019)
E/AndroidRuntime(20424): 	at java.lang.reflect.Method.invokeNative(Native Method)
E/AndroidRuntime(20424): 	at java.lang.reflect.Method.invoke(Method.java:515)
E/AndroidRuntime(20424): 	at com.android.internal.os.ZygoteInit$MethodAndArgsCaller.run(ZygoteInit.java:779)
E/AndroidRuntime(20424): 	at com.android.internal.os.ZygoteInit.main(ZygoteInit.java:595)
E/AndroidRuntime(20424): 	at dalvik.system.NativeStart.main(Native Method)
E/AndroidRuntime(20424): Caused by: java.lang.IllegalArgumentException: keepAliveDuration <= 0: 5
E/AndroidRuntime(20424): 	at c.j.<init>(ConnectionPool.java:93)
E/AndroidRuntime(20424): 	at c.j.<init>(ConnectionPool.java:84)
E/AndroidRuntime(20424): 	at c.x$a.<init>(OkHttpClient.java:368)
E/AndroidRuntime(20424): 	at com.colorsnap.network.SherwinServices.createOkHttp(SherwinServices.java:452)
E/AndroidRuntime(20424): 	at com.colorsnap.network.SherwinServices.getClient(SherwinServices.java:320)
E/AndroidRuntime(20424): 	at com.colorsnap.network.SherwinServices.initializeClient(SherwinServices.java:121)
E/AndroidRuntime(20424): 	at com.colorsnap.network.SherwinServices.<init>(SherwinServices.java:113)
E/AndroidRuntime(20424): 	at com.colorsnap.network.SherwinServices.getInstance(SherwinServices.java:141)
E/AndroidRuntime(20424): 	at com.colorsnap.ColorSnapApplication.getServices(ColorSnapApplication.java:85)
E/AndroidRuntime(20424): 	at com.colorsnap.controller.UserController.<init>(UserController.java:72)
E/AndroidRuntime(20424): 	at com.colorsnap.controller.UserController_.<init>(UserController_.java:20)
E/AndroidRuntime(20424): 	at com.colorsnap.controller.UserController_.getInstance_(UserController_.java:26)
E/AndroidRuntime(20424): 	at com.colorsnap.ColorSnapApplication_.init_(ColorSnapApplication_.java:43)
E/AndroidRuntime(20424): 	at com.colorsnap.ColorSnapApplication_.onCreate(ColorSnapApplication_.java:37)
E/AndroidRuntime(20424): 	at android.app.Instrumentation.callApplicationOnCreate(Instrumentation.java:1024)
E/AndroidRuntime(20424): 	at android.app.ActivityThread.handleBindApplication(ActivityThread.java:4346)
E/AndroidRuntime(20424): 	... 10 more
D/dalvikvm(20424): JIT code cache reset in 0 ms (0 bytes 1/0)
W/DebugConnManager(20226): getNetworkInfo() on networkType 1
D/dalvikvm(20424): GC_CONCURRENT freed 300K, 12% free 2931K/3300K, paused 1ms+1ms, total 7ms
I/qtaguid (20226): Tagging socket 91 with tag 1b8a7d1b00000000(462060827) for uid -1 failed errno=-13
I/Process (  470): Sending signal. PID: 20424 SIG: 9
W/ActivityManager(  470): Force-killing crashed app com.colorsnap at watcher's request
W/ContextImpl(  470): Calling a method in the system process without a qualified user: android.app.ContextImpl.sendBroadcast:1123 com.android.server.am.ActivityManagerService.handleApplicationCrashInner:9642 com.android.server.am.ActivityManagerService.handleApplicationCrash:9616 android.app.ActivityManagerNative.onTransact:1311 com.android.server.am.ActivityManagerService.onTransact:2071 
I/ActivityManager(  470): Process com.colorsnap (pid 20424) has died.
W/NetworkManagementSocketTagger(  470): setKernelCountSet(10078, 0) failed with errno -13
D/dalvikvm(20226): GC_FOR_ALLOC freed 915K, 13% free 6659K/7652K, paused 16ms, total 16ms
I/dalvikvm-heap(20226): Grow heap (frag case) to 7.056MB for 518412-byte allocation
D/dalvikvm(20226): GC_FOR_ALLOC freed <1K, 13% free 7165K/8160K, paused 7ms, total 7ms
W/DebugConnManager(20226): getNetworkInfo() on networkType 1
I/NetworkManagementSocketTagger(20226): tagSocketFd(91, 462060827, -1) failed with errno-13
I/ActivityManager(  470): Start proc com.colorsnap for activity com.colorsnap/.IntroScreenActivity_: pid=20442 uid=10078 gids={50078, 3003, 1028, 1015, 1023}
W/DebugConnManager(20226): getNetworkInfo() on networkType 1
W/DebugConnManager(20226): getNetworkInfo() on networkType 1
D/dalvikvm(20226): GC_FOR_ALLOC freed 223K, 11% free 7776K/8668K, paused 20ms, total 20ms
W/NetworkManagementSocketTagger(  470): setKernelCountSet(10078, 1) failed with errno -13
I/dalvikvm(20442): ignoring registerObject request in thread=1
I/dalvikvm(20442): ignoring registerObject request in thread=1
D/dalvikvm(20226): GC_FOR_ALLOC freed 207K, 11% free 8228K/9176K, paused 26ms, total 26ms
W/dalvikvm(20442): VFY: unable to find class referenced in signature (Lokhttp3/Request;)
W/dalvikvm(20442): VFY: unable to find class referenced in signature (Lokhttp3/Response;)
I/dalvikvm(20442): Could not find method okhttp3.Response.headers, referenced from method empirical.HelperClass.printOkHttpInfo
W/dalvikvm(20442): VFY: unable to resolve virtual method 44576: Lokhttp3/Response;.headers ()Lokhttp3/Headers;
D/dalvikvm(20442): VFY: replacing opcode 0x6e at 0x0006
W/dalvikvm(20442): VFY: unable to find class referenced in signature (Lokhttp3/Call;)
W/dalvikvm(20442): VFY: unable to find class referenced in signature (Lokhttp3/Response;)
I/dalvikvm(20442): Could not find method okhttp3.Call.request, referenced from method empirical.HelperClass.printOkHttpInfoFromCall
W/dalvikvm(20442): VFY: unable to resolve interface method 44570: Lokhttp3/Call;.request ()Lokhttp3/Request;
D/dalvikvm(20442): VFY: replacing opcode 0x72 at 0x0006
I/System.out(20442): body:<c.x$a: void <init>()>	sig:$r4 = staticinvoke <java.net.ProxySelector: java.net.ProxySelector getDefault()>()	timediff:0
D/AndroidRuntime(20442): Shutting down VM
W/dalvikvm(20442): threadid=1: thread exiting with uncaught exception (group=0x94c8eb20)
D/dalvikvm(20442): JIT code cache reset in 0 ms (0 bytes 1/0)
E/AndroidRuntime(20442): FATAL EXCEPTION: main
E/AndroidRuntime(20442): Process: com.colorsnap, PID: 20442
E/AndroidRuntime(20442): java.lang.RuntimeException: Unable to create application com.colorsnap.ColorSnapApplication_: java.lang.IllegalArgumentException: keepAliveDuration <= 0: 5
E/AndroidRuntime(20442): 	at android.app.ActivityThread.handleBindApplication(ActivityThread.java:4349)
E/AndroidRuntime(20442): 	at android.app.ActivityThread.access$1500(ActivityThread.java:135)
E/AndroidRuntime(20442): 	at android.app.ActivityThread$H.handleMessage(ActivityThread.java:1256)
E/AndroidRuntime(20442): 	at android.os.Handler.dispatchMessage(Handler.java:102)
E/AndroidRuntime(20442): 	at android.os.Looper.loop(Looper.java:136)
E/AndroidRuntime(20442): 	at android.app.ActivityThread.main(ActivityThread.java:5019)
E/AndroidRuntime(20442): 	at java.lang.reflect.Method.invokeNative(Native Method)
E/AndroidRuntime(20442): 	at java.lang.reflect.Method.invoke(Method.java:515)
E/AndroidRuntime(20442): 	at com.android.internal.os.ZygoteInit$MethodAndArgsCaller.run(ZygoteInit.java:779)
E/AndroidRuntime(20442): 	at com.android.internal.os.ZygoteInit.main(ZygoteInit.java:595)
E/AndroidRuntime(20442): 	at dalvik.system.NativeStart.main(Native Method)
E/AndroidRuntime(20442): Caused by: java.lang.IllegalArgumentException: keepAliveDuration <= 0: 5
E/AndroidRuntime(20442): 	at c.j.<init>(ConnectionPool.java:93)
E/AndroidRuntime(20442): 	at c.j.<init>(ConnectionPool.java:84)
E/AndroidRuntime(20442): 	at c.x$a.<init>(OkHttpClient.java:368)
E/AndroidRuntime(20442): 	at com.colorsnap.network.SherwinServices.createOkHttp(SherwinServices.java:452)
E/AndroidRuntime(20442): 	at com.colorsnap.network.SherwinServices.getClient(SherwinServices.java:320)
E/AndroidRuntime(20442): 	at com.colorsnap.network.SherwinServices.initializeClient(SherwinServices.java:121)
E/AndroidRuntime(20442): 	at com.colorsnap.network.SherwinServices.<init>(SherwinServices.java:113)
E/AndroidRuntime(20442): 	at com.colorsnap.network.SherwinServices.getInstance(SherwinServices.java:141)
E/AndroidRuntime(20442): 	at com.colorsnap.ColorSnapApplication.getServices(ColorSnapApplication.java:85)
E/AndroidRuntime(20442): 	at com.colorsnap.controller.UserController.<init>(UserController.java:72)
E/AndroidRuntime(20442): 	at com.colorsnap.controller.UserController_.<init>(UserController_.java:20)
E/AndroidRuntime(20442): 	at com.colorsnap.controller.UserController_.getInstance_(UserController_.java:26)
E/AndroidRuntime(20442): 	at com.colorsnap.ColorSnapApplication_.init_(ColorSnapApplication_.java:43)
E/AndroidRuntime(20442): 	at com.colorsnap.ColorSnapApplication_.onCreate(ColorSnapApplication_.java:37)
E/AndroidRuntime(20442): 	at android.app.Instrumentation.callApplicationOnCreate(Instrumentation.java:1024)
E/AndroidRuntime(20442): 	at android.app.ActivityThread.handleBindApplication(ActivityThread.java:4346)
E/AndroidRuntime(20442): 	... 10 more
D/dalvikvm(20442): GC_CONCURRENT freed 303K, 12% free 2931K/3304K, paused 3ms+2ms, total 6ms
I/Process (  470): Sending signal. PID: 20442 SIG: 9
W/ActivityManager(  470): Force-killing crashed app com.colorsnap at watcher's request
W/ContextImpl(  470): Calling a method in the system process without a qualified user: android.app.ContextImpl.sendBroadcast:1123 com.android.server.am.ActivityManagerService.handleApplicationCrashInner:9642 com.android.server.am.ActivityManagerService.handleApplicationCrash:9616 android.app.ActivityManagerNative.onTransact:1311 com.android.server.am.ActivityManagerService.onTransact:2071 
W/NetworkManagementSocketTagger(  470): setKernelCountSet(10078, 0) failed with errno -13
I/ActivityManager(  470): Process com.colorsnap (pid 20442) has died.
I/ActivityManager(  470): Start proc com.colorsnap for activity com.colorsnap/.IntroScreenActivity_: pid=20459 uid=10078 gids={50078, 3003, 1028, 1015, 1023}
W/NetworkManagementSocketTagger(  470): setKernelCountSet(10078, 1) failed with errno -13
I/dalvikvm(20459): ignoring registerObject request in thread=1
I/dalvikvm(20459): ignoring registerObject request in thread=1
W/dalvikvm(20459): VFY: unable to find class referenced in signature (Lokhttp3/Request;)
W/dalvikvm(20459): VFY: unable to find class referenced in signature (Lokhttp3/Response;)
I/dalvikvm(20459): Could not find method okhttp3.Response.headers, referenced from method empirical.HelperClass.printOkHttpInfo
W/dalvikvm(20459): VFY: unable to resolve virtual method 44576: Lokhttp3/Response;.headers ()Lokhttp3/Headers;
D/dalvikvm(20459): VFY: replacing opcode 0x6e at 0x0006
W/dalvikvm(20459): VFY: unable to find class referenced in signature (Lokhttp3/Call;)
W/dalvikvm(20459): VFY: unable to find class referenced in signature (Lokhttp3/Response;)
I/dalvikvm(20459): Could not find method okhttp3.Call.request, referenced from method empirical.HelperClass.printOkHttpInfoFromCall
W/dalvikvm(20459): VFY: unable to resolve interface method 44570: Lokhttp3/Call;.request ()Lokhttp3/Request;
D/dalvikvm(20459): VFY: replacing opcode 0x72 at 0x0006
I/System.out(20459): body:<c.x$a: void <init>()>	sig:$r4 = staticinvoke <java.net.ProxySelector: java.net.ProxySelector getDefault()>()	timediff:0
D/AndroidRuntime(20459): Shutting down VM
W/dalvikvm(20459): threadid=1: thread exiting with uncaught exception (group=0x94c8eb20)
I/qtaguid (20226): Tagging socket 88 with tag 1b8a7d1b00000000(462060827) for uid -1 failed errno=-13
I/NetworkManagementSocketTagger(20226): tagSocketFd(88, 462060827, -1) failed with errno-13
E/AndroidRuntime(20459): FATAL EXCEPTION: main
E/AndroidRuntime(20459): Process: com.colorsnap, PID: 20459
E/AndroidRuntime(20459): java.lang.RuntimeException: Unable to create application com.colorsnap.ColorSnapApplication_: java.lang.IllegalArgumentException: keepAliveDuration <= 0: 5
E/AndroidRuntime(20459): 	at android.app.ActivityThread.handleBindApplication(ActivityThread.java:4349)
E/AndroidRuntime(20459): 	at android.app.ActivityThread.access$1500(ActivityThread.java:135)
E/AndroidRuntime(20459): 	at android.app.ActivityThread$H.handleMessage(ActivityThread.java:1256)
E/AndroidRuntime(20459): 	at android.os.Handler.dispatchMessage(Handler.java:102)
E/AndroidRuntime(20459): 	at android.os.Looper.loop(Looper.java:136)
E/AndroidRuntime(20459): 	at android.app.ActivityThread.main(ActivityThread.java:5019)
E/AndroidRuntime(20459): 	at java.lang.reflect.Method.invokeNative(Native Method)
E/AndroidRuntime(20459): 	at java.lang.reflect.Method.invoke(Method.java:515)
E/AndroidRuntime(20459): 	at com.android.internal.os.ZygoteInit$MethodAndArgsCaller.run(ZygoteInit.java:779)
E/AndroidRuntime(20459): 	at com.android.internal.os.ZygoteInit.main(ZygoteInit.java:595)
E/AndroidRuntime(20459): 	at dalvik.system.NativeStart.main(Native Method)
E/AndroidRuntime(20459): Caused by: java.lang.IllegalArgumentException: keepAliveDuration <= 0: 5
E/AndroidRuntime(20459): 	at c.j.<init>(ConnectionPool.java:93)
E/AndroidRuntime(20459): 	at c.j.<init>(ConnectionPool.java:84)
E/AndroidRuntime(20459): 	at c.x$a.<init>(OkHttpClient.java:368)
E/AndroidRuntime(20459): 	at com.colorsnap.network.SherwinServices.createOkHttp(SherwinServices.java:452)
E/AndroidRuntime(20459): 	at com.colorsnap.network.SherwinServices.getClient(SherwinServices.java:320)
E/AndroidRuntime(20459): 	at com.colorsnap.network.SherwinServices.initializeClient(SherwinServices.java:121)
E/AndroidRuntime(20459): 	at com.colorsnap.network.SherwinServices.<init>(SherwinServices.java:113)
E/AndroidRuntime(20459): 	at com.colorsnap.network.SherwinServices.getInstance(SherwinServices.java:141)
E/AndroidRuntime(20459): 	at com.colorsnap.ColorSnapApplication.getServices(ColorSnapApplication.java:85)
E/AndroidRuntime(20459): 	at com.colorsnap.controller.UserController.<init>(UserController.java:72)
E/AndroidRuntime(20459): 	at com.colorsnap.controller.UserController_.<init>(UserController_.java:20)
E/AndroidRuntime(20459): 	at com.colorsnap.controller.UserController_.getInstance_(UserController_.java:26)
E/AndroidRuntime(20459): 	at com.colorsnap.ColorSnapApplication_.init_(ColorSnapApplication_.java:43)
E/AndroidRuntime(20459): 	at com.colorsnap.ColorSnapApplication_.onCreate(ColorSnapApplication_.java:37)
E/AndroidRuntime(20459): 	at android.app.Instrumentation.callApplicationOnCreate(Instrumentation.java:1024)
E/AndroidRuntime(20459): 	at android.app.ActivityThread.handleBindApplication(ActivityThread.java:4346)
E/AndroidRuntime(20459): 	... 10 more
D/dalvikvm(20459): JIT code cache reset in 0 ms (0 bytes 1/0)
D/dalvikvm(20459): GC_CONCURRENT freed 304K, 12% free 2935K/3308K, paused 2ms+0ms, total 7ms
I/Process (  470): Sending signal. PID: 20459 SIG: 9
W/ActivityManager(  470): Force-killing crashed app com.colorsnap at watcher's request
W/ContextImpl(  470): Calling a method in the system process without a qualified user: android.app.ContextImpl.sendBroadcast:1123 com.android.server.am.ActivityManagerService.handleApplicationCrashInner:9642 com.android.server.am.ActivityManagerService.handleApplicationCrash:9616 android.app.ActivityManagerNative.onTransact:1311 com.android.server.am.ActivityManagerService.onTransact:2071 
I/ActivityManager(  470): START u0 {act=android.intent.action.MAIN cat=[android.intent.category.LAUNCHER] flg=0x10200000 cmp=com.vphone.helper/.MainActivity bnds=[572,388][713,618] (has extras)} from pid 20226
W/ContextImpl(20226): Calling a method in the system process without a qualified user: android.app.ContextImpl.sendBroadcast:1137 android.content.ContextWrapper.sendBroadcast:370 com.vphone.launcher.Stats.recordLaunch:129 com.vphone.launcher.Launcher.c:3163 com.vphone.launcher.Launcher.onClickAppShortcut:3115 
I/InputDispatcher(  470): Dropping event because there is no focused window or focused application.
I/ActivityManager(  470): Process com.colorsnap (pid 20459) has died.
W/ActivityManager(  470): Force removing ActivityRecord{4a98af50 u0 com.colorsnap/.IntroScreenActivity_ t138}: app died, no saved state
W/InputManager(  470): Input event injection from pid 19771 failed.
I/InputDispatcher(  470): Dropping event because there is no focused window or focused application.
I/InputDispatcher(  470): Dropping event because there is no focused window or focused application.
I/InputDispatcher(  470): Dropping event because there is no focused window or focused application.
I/InputDispatcher(  470): Dropping event because there is no focused window or focused application.
I/InputDispatcher(  470): Dropping event because there is no focused window or focused application.
W/NetworkManagementSocketTagger(  470): setKernelCountSet(10078, 0) failed with errno -13
I/InputDispatcher(  470): Dropping event because there is no focused window or focused application.
I/InputDispatcher(  470): Dropping event because there is no focused window or focused application.
I/InputDispatcher(  470): Dropping event because there is no focused window or focused application.
I/InputDispatcher(  470): Dropping event because there is no focused window or focused application.
I/InputDispatcher(  470): Dropping event because there is no focused window or focused application.
I/InputDispatcher(  470): Dropping event because there is no focused window or focused application.
I/InputDispatcher(  470): Dropping event because there is no focused window or focused application.
I/InputDispatcher(  470): Dropping event because there is no focused window or focused application.
I/InputDispatcher(  470): Dropping event because there is no focused window or focused application.
I/InputDispatcher(  470): Dropping event because there is no focused window or focused application.
I/InputDispatcher(  470): Dropping event because there is no focused window or focused application.
I/InputDispatcher(  470): Dropping event because there is no focused window or focused application.
I/InputDispatcher(  470): Dropping event because there is no focused window or focused application.
I/InputDispatcher(  470): Dropping event because there is no focused window or focused application.
I/InputDispatcher(  470): Dropping event because there is no focused window or focused application.
I/InputDispatcher(  470): Dropping event because there is no focused window or focused application.
I/InputDispatcher(  470): Dropping event because there is no focused window or focused application.
I/InputDispatcher(  470): Dropping event because there is no focused window or focused application.
I/InputDispatcher(  470): Dropping event because there is no focused window or focused application.
W/InputManager(  470): Input event injection from pid 19771 failed.
W/InputManager(  470): Input event injection from pid 19771 failed.
W/InputManager(  470): Input event injection from pid 19771 failed.
W/InputManager(  470): Input event injection from pid 19771 failed.
W/InputManager(  470): Input event injection from pid 19771 failed.
W/InputManager(  470): Input event injection from pid 19771 failed.
W/InputManager(  470): Input event injection from pid 19771 failed.
W/InputManager(  470): Input event injection from pid 19771 failed.
W/InputManager(  470): Input event injection from pid 19771 failed.
W/InputManager(  470): Input event injection from pid 19771 failed.
W/InputManager(  470): Input event injection from pid 19771 failed.
W/InputManager(  470): Input event injection from pid 19771 failed.
W/InputManager(  470): Input event injection from pid 19771 failed.
W/InputManager(  470): Input event injection from pid 19771 failed.
W/InputManager(  470): Input event injection from pid 19771 failed.
W/InputManager(  470): Input event injection from pid 19771 failed.
W/InputManager(  470): Input event injection from pid 19771 failed.
W/InputManager(  470): Input event injection from pid 19771 failed.
W/InputManager(  470): Input event injection from pid 19771 failed.
W/InputManager(  470): Input event injection from pid 19771 failed.
W/InputManager(  470): Input event injection from pid 19771 failed.
W/InputManager(  470): Input event injection from pid 19771 failed.
W/InputManager(  470): Input event injection from pid 19771 failed.
W/InputManager(  470): Input event injection from pid 19771 failed.
W/InputManager(  470): Input event injection from pid 19771 failed.
W/InputManager(  470): Input event injection from pid 19771 failed.
W/InputManager(  470): Input event injection from pid 19771 failed.
W/InputManager(  470): Input event injection from pid 19771 failed.
W/InputManager(  470): Input event injection from pid 19771 failed.
W/InputManager(  470): Input event injection from pid 19771 failed.
W/ViewRootImpl(20226): Dropping event due to no window focus: MotionEvent { action=ACTION_MOVE, id[0]=0, x[0]=2.0, y[0]=3.0, toolType[0]=TOOL_TYPE_UNKNOWN, buttonState=0, metaState=0, flags=0x0, edgeFlags=0x0, pointerCount=1, historySize=2, eventTime=2699599, downTime=-1, deviceId=0, source=0x10004 }
W/ViewRootImpl(20226): Dropping event due to no window focus: KeyEvent { action=ACTION_DOWN, keyCode=KEYCODE_DPAD_RIGHT, scanCode=0, metaState=0, flags=0x8, repeatCount=0, eventTime=2699599, downTime=2699599, deviceId=-1, source=0x101 }
I/InputDispatcher(  470): Dropping event because there is no focused window or focused application.
I/InputDispatcher(  470): Dropping event because there is no focused window or focused application.
I/InputDispatcher(  470): Dropping event because there is no focused window or focused application.
I/InputDispatcher(  470): Dropping event because there is no focused window or focused application.
W/InputManager(  470): Input event injection from pid 19771 failed.
W/InputManager(  470): Input event injection from pid 19771 failed.
W/InputManager(  470): Input event injection from pid 19771 failed.
W/InputManager(  470): Input event injection from pid 19771 failed.
I/InputDispatcher(  470): Dropping event because there is no focused window or focused application.
I/InputDispatcher(  470): Dropping event because there is no focused window or focused application.
I/InputDispatcher(  470): Dropping event because there is no focused window or focused application.
I/InputDispatcher(  470): Dropping event because there is no focused window or focused application.
W/InputManager(  470): Input event injection from pid 19771 failed.
W/InputManager(  470): Input event injection from pid 19771 failed.
W/ViewRootImpl(20226): Dropping event due to no window focus: MotionEvent { action=ACTION_MOVE, id[0]=0, x[0]=3.0, y[0]=-4.0, toolType[0]=TOOL_TYPE_UNKNOWN, buttonState=0, metaState=0, flags=0x0, edgeFlags=0x0, pointerCount=1, historySize=9, eventTime=2699623, downTime=-1, deviceId=0, source=0x10004 }
W/ViewRootImpl(20226): Dropping event due to no window focus: MotionEvent { action=ACTION_DOWN, id[0]=0, x[0]=0.0, y[0]=0.0, toolType[0]=TOOL_TYPE_UNKNOWN, buttonState=0, metaState=0, flags=0x0, edgeFlags=0x0, pointerCount=1, historySize=0, eventTime=2699623, downTime=2699621, deviceId=0, source=0x10004 }
W/InputManager(  470): Input event injection from pid 19771 failed.
W/InputManager(  470): Input event injection from pid 19771 failed.
W/InputManager(  470): Input event injection from pid 19771 failed.
W/InputManager(  470): Input event injection from pid 19771 failed.
W/InputManager(  470): Input event injection from pid 19771 failed.
W/InputManager(  470): Input event injection from pid 19771 failed.
W/InputManager(  470): Input event injection from pid 19771 failed.
W/InputManager(  470): Input event injection from pid 19771 failed.
W/InputManager(  470): Input event injection from pid 19771 failed.
W/InputManager(  470): Input event injection from pid 19771 failed.
W/InputManager(  470): Input event injection from pid 19771 failed.
W/InputManager(  470): Input event injection from pid 19771 failed.
W/InputManager(  470): Input event injection from pid 19771 failed.
W/InputManager(  470): Input event injection from pid 19771 failed.
W/InputManager(  470): Input event injection from pid 19771 failed.
I/InputDispatcher(  470): Dropping event because there is no focused window or focused application.
I/InputDispatcher(  470): Dropping event because there is no focused window or focused application.
D/dalvikvm(20226): GC_FOR_ALLOC freed 274K, 12% free 8647K/9772K, paused 6ms, total 9ms
I/InputDispatcher(  470): Dropping event because there is no focused window or focused application.
I/InputDispatcher(  470): Dropping event because there is no focused window or focused application.
I/InputDispatcher(  470): Dropping event because there is no focused window or focused application.
I/InputDispatcher(  470): Dropping event because there is no focused window or focused application.
I/InputDispatcher(  470): Dropping event because there is no focused window or focused application.
I/InputDispatcher(  470): Dropping event because there is no focused window or focused application.
I/InputDispatcher(  470): Dropping event because there is no focused window or focused application.
I/InputDispatcher(  470): Dropping event because there is no focused window or focused application.
I/InputDispatcher(  470): Dropping event because there is no focused window or focused application.
I/InputDispatcher(  470): Dropping event because there is no focused window or focused application.
I/InputDispatcher(  470): Dropping event because there is no focused window or focused application.
I/InputDispatcher(  470): Dropping event because there is no focused window or focused application.
I/InputDispatcher(  470): Dropping event because there is no focused window or focused application.
I/InputDispatcher(  470): Dropping event because there is no focused window or focused application.
I/InputDispatcher(  470): Dropping event because there is no focused window or focused application.
I/InputDispatcher(  470): Dropping event because there is no focused window or focused application.
I/InputDispatcher(  470): Dropping event because there is no focused window or focused application.
W/InputManager(  470): Input event injection from pid 19771 failed.
W/InputManager(  470): Input event injection from pid 19771 failed.
W/InputManager(  470): Input event injection from pid 19771 failed.
W/InputManager(  470): Input event injection from pid 19771 failed.
W/InputManager(  470): Input event injection from pid 19771 failed.
W/InputManager(  470): Input event injection from pid 19771 failed.
W/InputManager(  470): Input event injection from pid 19771 failed.
W/InputManager(  470): Input event injection from pid 19771 failed.
W/InputManager(  470): Input event injection from pid 19771 failed.
W/InputManager(  470): Input event injection from pid 19771 failed.
W/InputManager(  470): Input event injection from pid 19771 failed.
W/InputManager(  470): Input event injection from pid 19771 failed.
W/InputManager(  470): Input event injection from pid 19771 failed.
W/InputManager(  470): Input event injection from pid 19771 failed.
W/InputManager(  470): Input event injection from pid 19771 failed.
W/InputManager(  470): Input event injection from pid 19771 failed.
W/InputManager(  470): Input event injection from pid 19771 failed.
W/InputManager(  470): Input event injection from pid 19771 failed.
W/InputManager(  470): Input event injection from pid 19771 failed.
I/InputDispatcher(  470): Dropping event because there is no focused window or focused application.
D/dalvikvm(20226): GC_FOR_ALLOC freed 510K, 16% free 8644K/10280K, paused 11ms, total 13ms
W/InputManager(  470): Input event injection from pid 19771 failed.
W/InputManager(  470): Input event injection from pid 19771 failed.
W/InputManager(  470): Input event injection from pid 19771 failed.
I/ActivityManager(  470): START u0 {act=android.intent.action.MAIN cat=[android.intent.category.LAUNCHER] flg=0x10200000 cmp=com.colorsnap/.IntroScreenActivity_} from pid 19771
D/dalvikvm(20226): GC_FOR_ALLOC freed 507K, 16% free 8644K/10280K, paused 3ms, total 3ms
D/dalvikvm(20226): GC_FOR_ALLOC freed 507K, 16% free 8643K/10280K, paused 9ms, total 9ms
I/        (20226): {"errNum":0,"message":"SUCCESS"}
W/InputMethodManagerService(  470): Focus gain on non-focused client com.android.internal.view.IInputMethodClient$Stub$Proxy@4a9a2558 (uid=1000 pid=20226)
W/EGL_emulation(20226): eglSurfaceAttrib not implemented 3093 12436
D/yeshen  (20226): launcher onpause
I/ActivityManager(  470): Start proc com.colorsnap for activity com.colorsnap/.IntroScreenActivity_: pid=20476 uid=10078 gids={50078, 3003, 1028, 1015, 1023}
W/NetworkManagementSocketTagger(  470): setKernelCountSet(10078, 1) failed with errno -13
I/dalvikvm(20476): ignoring registerObject request in thread=1
I/dalvikvm(20476): ignoring registerObject request in thread=1
W/dalvikvm(20476): VFY: unable to find class referenced in signature (Lokhttp3/Request;)
W/dalvikvm(20476): VFY: unable to find class referenced in signature (Lokhttp3/Response;)
I/dalvikvm(20476): Could not find method okhttp3.Response.headers, referenced from method empirical.HelperClass.printOkHttpInfo
W/dalvikvm(20476): VFY: unable to resolve virtual method 44576: Lokhttp3/Response;.headers ()Lokhttp3/Headers;
D/dalvikvm(20476): VFY: replacing opcode 0x6e at 0x0006
W/dalvikvm(20476): VFY: unable to find class referenced in signature (Lokhttp3/Call;)
W/dalvikvm(20476): VFY: unable to find class referenced in signature (Lokhttp3/Response;)
I/dalvikvm(20476): Could not find method okhttp3.Call.request, referenced from method empirical.HelperClass.printOkHttpInfoFromCall
W/dalvikvm(20476): VFY: unable to resolve interface method 44570: Lokhttp3/Call;.request ()Lokhttp3/Request;
D/dalvikvm(20476): VFY: replacing opcode 0x72 at 0x0006
I/System.out(20476): body:<c.x$a: void <init>()>	sig:$r4 = staticinvoke <java.net.ProxySelector: java.net.ProxySelector getDefault()>()	timediff:0
D/AndroidRuntime(20476): Shutting down VM
W/dalvikvm(20476): threadid=1: thread exiting with uncaught exception (group=0x94c8eb20)
D/dalvikvm(20476): JIT code cache reset in 0 ms (0 bytes 1/0)
D/dalvikvm(20476): GC_CONCURRENT freed 303K, 12% free 2928K/3296K, paused 2ms+0ms, total 4ms
I/Process (  470): Sending signal. PID: 20476 SIG: 9
E/AndroidRuntime(20476): FATAL EXCEPTION: main
E/AndroidRuntime(20476): Process: com.colorsnap, PID: 20476
E/AndroidRuntime(20476): java.lang.RuntimeException: Unable to create application com.colorsnap.ColorSnapApplication_: java.lang.IllegalArgumentException: keepAliveDuration <= 0: 5
E/AndroidRuntime(20476): 	at android.app.ActivityThread.handleBindApplication(ActivityThread.java:4349)
E/AndroidRuntime(20476): 	at android.app.ActivityThread.access$1500(ActivityThread.java:135)
E/AndroidRuntime(20476): 	at android.app.ActivityThread$H.handleMessage(ActivityThread.java:1256)
E/AndroidRuntime(20476): 	at android.os.Handler.dispatchMessage(Handler.java:102)
E/AndroidRuntime(20476): 	at android.os.Looper.loop(Looper.java:136)
E/AndroidRuntime(20476): 	at android.app.ActivityThread.main(ActivityThread.java:5019)
E/AndroidRuntime(20476): 	at java.lang.reflect.Method.invokeNative(Native Method)
E/AndroidRuntime(20476): 	at java.lang.reflect.Method.invoke(Method.java:515)
E/AndroidRuntime(20476): 	at com.android.internal.os.ZygoteInit$MethodAndArgsCaller.run(ZygoteInit.java:779)
E/AndroidRuntime(20476): 	at com.android.internal.os.ZygoteInit.main(ZygoteInit.java:595)
E/AndroidRuntime(20476): 	at dalvik.system.NativeStart.main(Native Method)
E/AndroidRuntime(20476): Caused by: java.lang.IllegalArgumentException: keepAliveDuration <= 0: 5
E/AndroidRuntime(20476): 	at c.j.<init>(ConnectionPool.java:93)
E/AndroidRuntime(20476): 	at c.j.<init>(ConnectionPool.java:84)
E/AndroidRuntime(20476): 	at c.x$a.<init>(OkHttpClient.java:368)
E/AndroidRuntime(20476): 	at com.colorsnap.network.SherwinServices.createOkHttp(SherwinServices.java:452)
E/AndroidRuntime(20476): 	at com.colorsnap.network.SherwinServices.getClient(SherwinServices.java:320)
E/AndroidRuntime(20476): 	at com.colorsnap.network.SherwinServices.initializeClient(SherwinServices.java:121)
E/AndroidRuntime(20476): 	at com.colorsnap.network.SherwinServices.<init>(SherwinServices.java:113)
E/AndroidRuntime(20476): 	at com.colorsnap.network.SherwinServices.getInstance(SherwinServices.java:141)
E/AndroidRuntime(20476): 	at com.colorsnap.ColorSnapApplication.getServices(ColorSnapApplication.java:85)
E/AndroidRuntime(20476): 	at com.colorsnap.controller.UserController.<init>(UserController.java:72)
E/AndroidRuntime(20476): 	at com.colorsnap.controller.UserController_.<init>(UserController_.java:20)
E/AndroidRuntime(20476): 	at com.colorsnap.controller.UserController_.getInstance_(UserController_.java:26)
E/AndroidRuntime(20476): 	at com.colorsnap.ColorSnapApplication_.init_(ColorSnapApplication_.java:43)
E/AndroidRuntime(20476): 	at com.colorsnap.ColorSnapApplication_.onCreate(ColorSnapApplication_.java:37)
E/AndroidRuntime(20476): 	at android.app.Instrumentation.callApplicationOnCreate(Instrumentation.java:1024)
E/AndroidRuntime(20476): 	at android.app.ActivityThread.handleBindApplication(ActivityThread.java:4346)
E/AndroidRuntime(20476): 	... 10 more
W/ActivityManager(  470): Force-killing crashed app com.colorsnap at watcher's request
W/ContextImpl(  470): Calling a method in the system process without a qualified user: android.app.ContextImpl.sendBroadcast:1123 com.android.server.am.ActivityManagerService.handleApplicationCrashInner:9642 com.android.server.am.ActivityManagerService.handleApplicationCrash:9616 android.app.ActivityManagerNative.onTransact:1311 com.android.server.am.ActivityManagerService.onTransact:2071 
W/NetworkManagementSocketTagger(  470): setKernelCountSet(10078, 0) failed with errno -13
I/ActivityManager(  470): Process com.colorsnap (pid 20476) has died.
D/dalvikvm(  166): GC_EXPLICIT freed 40K, 4% free 2845K/2952K, paused 0ms+0ms, total 5ms
I/ActivityManager(  470): Start proc com.colorsnap for activity com.colorsnap/.IntroScreenActivity_: pid=20490 uid=10078 gids={50078, 3003, 1028, 1015, 1023}
D/dalvikvm(  166): GC_EXPLICIT freed <1K, 4% free 2845K/2952K, paused 0ms+29ms, total 36ms
D/dalvikvm(  166): GC_EXPLICIT freed <1K, 4% free 2845K/2952K, paused 1ms+0ms, total 12ms
W/NetworkManagementSocketTagger(  470): setKernelCountSet(10078, 1) failed with errno -13
I/dalvikvm(20490): ignoring registerObject request in thread=1
I/dalvikvm(20490): ignoring registerObject request in thread=1
W/dalvikvm(20490): VFY: unable to find class referenced in signature (Lokhttp3/Request;)
W/dalvikvm(20490): VFY: unable to find class referenced in signature (Lokhttp3/Response;)
I/dalvikvm(20490): Could not find method okhttp3.Response.headers, referenced from method empirical.HelperClass.printOkHttpInfo
W/dalvikvm(20490): VFY: unable to resolve virtual method 44576: Lokhttp3/Response;.headers ()Lokhttp3/Headers;
D/dalvikvm(20490): VFY: replacing opcode 0x6e at 0x0006
W/dalvikvm(20490): VFY: unable to find class referenced in signature (Lokhttp3/Call;)
W/dalvikvm(20490): VFY: unable to find class referenced in signature (Lokhttp3/Response;)
