--------- beginning of /dev/log/system
W/ContextImpl(24269): Calling a method in the system process without a qualified user: android.app.ContextImpl.bindService:1556 android.content.ContextWrapper.bindService:517 com.google.android.gms.common.stats.zzb.zza:-1 com.google.android.gms.common.stats.zzb.zza:-1 com.google.android.gms.ads.identifier.AdvertisingIdClient.zzh:-1 
W/ContextImpl(24269): Calling a method in the system process without a qualified user: android.app.ContextImpl.bindService:1556 android.content.ContextWrapper.bindService:517 com.google.android.gms.common.stats.zzb.zza:-1 com.google.android.gms.common.stats.zzb.zza:-1 com.google.android.gms.ads.identifier.AdvertisingIdClient.zzh:-1 
W/ContextImpl(24269): Calling a method in the system process without a qualified user: android.app.ContextImpl.bindService:1556 android.content.ContextWrapper.bindService:517 com.google.android.gms.common.stats.zzb.zza:-1 com.google.android.gms.common.stats.zzb.zza:-1 com.google.android.gms.ads.identifier.AdvertisingIdClient.zzh:-1 
--------- beginning of /dev/log/main
I/Icing   (  746): Indexing 9EBFE84EABD9270B25A97439CA522B4FC49A4875 from com.google.android.gms
D/dalvikvm(24269): GC_CONCURRENT freed 2219K, 19% free 10127K/12408K, paused 3ms+1ms, total 12ms
W/Launcher(24269): setApplicationContext called twice! old=com.vphone.launcher.LauncherApplicationEx@4a7b06d4 new=com.vphone.launcher.LauncherApplicationEx@4a7b06d4
W/DebugConnManager(24269): getNetworkInfo() on networkType 1
D/Launcher.Model(24269): 11683562 - loadWorkspaceScreensDb()
D/Launcher.Model(24269): 11683562 -   screens: { 0: 1 }
W/DebugConnManager(24269): getNetworkInfo() on networkType 1
I/Icing   (  746): Indexing done 9EBFE84EABD9270B25A97439CA522B4FC49A4875
D/Launcher.Model(24269): 11683562 - updateWorkspaceScreenOrder()
D/Launcher.Model(24269): 11683562 -   screens: 1
D/Launcher(24269): 11683562 - bindAddScreens()
D/Launcher(24269): 11683562 -   orderedScreenIds: 
D/Launcher.Workspace(24269): 11683562 - removeExtraEmptyScreen()
D/Launcher.Workspace(24269): 11683562 - convertFinalScreenToEmptyScreenIfNecessary()
I/        (24269): {"errNum":0,"message":"SUCCESS"}
D/dalvikvm(24269): GC_FOR_ALLOC freed 729K, 15% free 10561K/12408K, paused 4ms, total 5ms
D/dalvikvm(24269): GC_FOR_ALLOC freed 569K, 19% free 10514K/12916K, paused 6ms, total 6ms
D/dalvikvm(24269): GC_FOR_ALLOC freed 10K, 15% free 11019K/12916K, paused 4ms, total 4ms
D/AndroidRuntime(24450): 
D/AndroidRuntime(24450): >>>>>> AndroidRuntime START com.android.internal.os.RuntimeInit <<<<<<
D/AndroidRuntime(24450): CheckJNI is OFF
D/dalvikvm(24450): Using executionMode 2
D/dalvikvm(24450): Trying to load lib libjavacore.so 0x0
D/dalvikvm(24450): Added shared lib libjavacore.so 0x0
D/dalvikvm(24450): Trying to load lib libnativehelper.so 0x0
D/dalvikvm(24450): Added shared lib libnativehelper.so 0x0
D/dalvikvm(24450): No JNI_OnLoad found in libnativehelper.so 0x0, skipping init
D/dalvikvm(24450): Note: class Landroid/app/ActivityManagerNative; has 179 unimplemented (abstract) methods
E/memtrack(24450): Couldn't load memtrack module (No such file or directory)
E/android.os.Debug(24450): failed to load memtrack module: -2
D/AndroidRuntime(24450): Calling main entry com.android.commands.monkey.Monkey
W/BroadcastQueue(  470): Skipping deliver [background] BroadcastRecord{4b1e9354 u-1 android.net.conn.CONNECTIVITY_CHANGE} to ReceiverList{4ab8cfd4 24450 (unknown name)/0/u-1 remote:4a9b5d00}: process crashing
D/yeshen  (24269): launcher onpause
I/ActivityManager(  470): START u0 {act=android.intent.action.MAIN cat=[android.intent.category.LAUNCHER] flg=0x10200000 cmp=com.houzz.app/.SplashScreenActivity} from pid 24450
W/NetworkManagementSocketTagger(  470): setKernelCountSet(10082, 1) failed with errno -13
I/ActivityManager(  470): Start proc com.houzz.app for activity com.houzz.app/.SplashScreenActivity: pid=24460 uid=10082 gids={50082, 3003, 1028, 1015, 1023}
I/dalvikvm(24460): ignoring registerObject request in thread=1
I/dalvikvm(24460): ignoring registerObject request in thread=1
I/MultiDex(24460): VM with version 1.6.0 does not have multidex support
I/MultiDex(24460): install
I/MultiDex(24460): MultiDexExtractor.load(/data/app/com.houzz.app-1.apk, false)
I/MultiDex(24460): Detected that extraction must be performed.
D/dalvikvm(24460): JIT code cache reset in 0 ms (0 bytes 1/0)
D/dalvikvm(24460): GC_CONCURRENT freed 140K, 7% free 3090K/3296K, paused 2ms+1ms, total 5ms
D/dalvikvm(24460): GC_CONCURRENT freed 110K, 6% free 3364K/3548K, paused 3ms+1ms, total 8ms
D/dalvikvm(24460): GC_CONCURRENT freed 103K, 5% free 3669K/3856K, paused 2ms+0ms, total 4ms
D/dalvikvm(24460): GC_CONCURRENT freed 121K, 6% free 3934K/4144K, paused 2ms+0ms, total 4ms
I/MultiDex(24460): Extraction is needed for file /data/data/com.houzz.app/code_cache/secondary-dexes/com.houzz.app-1.apk.classes2.zip
I/MultiDex(24460): Extracting /data/data/com.houzz.app/code_cache/secondary-dexes/com.houzz.app-1.apk.classes1188120253.zip
I/MultiDex(24460): Renaming to /data/data/com.houzz.app/code_cache/secondary-dexes/com.houzz.app-1.apk.classes2.zip
I/MultiDex(24460): Extraction success - length /data/data/com.houzz.app/code_cache/secondary-dexes/com.houzz.app-1.apk.classes2.zip: 692651
I/MultiDex(24460): load found 1 secondary dex files
D/dalvikvm(24460): DexOpt: --- BEGIN 'com.houzz.app-1.apk.classes2.zip' (bootstrap=0) ---
I/WearableService(  668): Wearable Services stopping
D/dalvikvm(24474): DexOpt: load 7ms, verify+opt 50ms, 1324564 bytes
D/dalvikvm(24460): DexOpt: --- END 'com.houzz.app-1.apk.classes2.zip' (success) ---
D/dalvikvm(24460): DEX prep '/data/data/com.houzz.app/code_cache/secondary-dexes/com.houzz.app-1.apk.classes2.zip': unzip in 20ms, rewrite 234ms
I/MultiDex(24460): install done
I/dalvikvm(24460): Could not find method android.content.pm.PackageManager.getPackageInstaller, referenced from method com.google.android.gms.common.m.zzi
W/dalvikvm(24460): VFY: unable to resolve virtual method 632: Landroid/content/pm/PackageManager;.getPackageInstaller ()Landroid/content/pm/PackageInstaller;
D/dalvikvm(24460): VFY: replacing opcode 0x6e at 0x000a
D/dalvikvm(24460): GC_CONCURRENT freed 234K, 8% free 4098K/4416K, paused 1ms+1ms, total 4ms
I/GMPM    (24460): App measurement is starting up, version: 8487
I/GMPM    (24460): To enable debug logging run: adb shell setprop log.tag.GMPM VERBOSE
E/GMPM    (24460): GoogleService failed to initialize, status: 10, Missing an expected resource: 'R.string.google_app_id' for initializing Google services.  Possible causes are missing google-services.json or com.google.gms.google-services gradle plugin.
E/GMPM    (24460): Scheduler not set. Not logging error/warn.
I/System.out(24460): HouzzApplicationContext.onCreate()
E/GMPM    (24460): Uploading is not possible. App measurement disabled
I/dalvikvm(24460): Could not find method android.graphics.drawable.Drawable.setTint, referenced from method com.houzz.app.utils.dl.a
W/dalvikvm(24460): VFY: unable to resolve virtual method 1095: Landroid/graphics/drawable/Drawable;.setTint (I)V
D/dalvikvm(24460): VFY: replacing opcode 0x6e at 0x0009
I/dalvikvm(24460): Could not find method android.view.View.drawableHotspotChanged, referenced from method com.houzz.app.utils.dl.a
W/dalvikvm(24460): VFY: unable to resolve virtual method 12507: Landroid/view/View;.drawableHotspotChanged (FF)V
D/dalvikvm(24460): VFY: replacing opcode 0x6e at 0x0040
I/System.out(24460): AndroidApp.AndroidApp()
D/dalvikvm(24460): GC_CONCURRENT freed 1380K, 32% free 3117K/4576K, paused 2ms+0ms, total 5ms
I/dalvikvm(24460): Could not find method android.app.Notification$Builder.setLocalOnly, referenced from method com.google.android.gms.common.GooglePlayServicesUtil.zza
W/dalvikvm(24460): VFY: unable to resolve virtual method 364: Landroid/app/Notification$Builder;.setLocalOnly (Z)Landroid/app/Notification$Builder;
D/dalvikvm(24460): VFY: replacing opcode 0x6e at 0x0100
D/dalvikvm(24460): GC_CONCURRENT freed 186K, 25% free 3442K/4576K, paused 8ms+1ms, total 14ms
D/dalvikvm(24460): WAIT_FOR_CONCURRENT_GC blocked 1ms
I/Fabric  (24460): Initializing Crashlytics 2.3.3.61
D/dalvikvm(24460): GC_CONCURRENT freed 130K, 20% free 3696K/4576K, paused 2ms+0ms, total 5ms
I/ct      (24460): Form factor null
I/ct      (24460): Tablet screen detected: false
D/dalvikvm(24460): GC_CONCURRENT freed 129K, 14% free 3950K/4576K, paused 1ms+0ms, total 4ms
W/dalvikvm(24460): VFY: unable to find class referenced in signature (Lokhttp3/Request;)
W/dalvikvm(24460): VFY: unable to find class referenced in signature (Lokhttp3/Response;)
I/dalvikvm(24460): Could not find method okhttp3.Response.headers, referenced from method empirical.HelperClass.printOkHttpInfo
W/dalvikvm(24460): VFY: unable to resolve virtual method 62589: Lokhttp3/Response;.headers ()Lokhttp3/Headers;
D/dalvikvm(24460): VFY: replacing opcode 0x6e at 0x0006
W/dalvikvm(24460): VFY: unable to find class referenced in signature (Lokhttp3/Call;)
W/dalvikvm(24460): VFY: unable to find class referenced in signature (Lokhttp3/Response;)
I/dalvikvm(24460): Could not find method okhttp3.Call.request, referenced from method empirical.HelperClass.printOkHttpInfoFromCall
W/dalvikvm(24460): VFY: unable to resolve interface method 62583: Lokhttp3/Call;.request ()Lokhttp3/Request;
D/dalvikvm(24460): VFY: replacing opcode 0x72 at 0x0006
I/System.out(24460): body:<com.facebook.GraphRequest: java.net.HttpURLConnection a(com.facebook.ab)>	sig:specialinvoke $r2.<java.net.URL: void <init>(java.lang.String)>($r3)	timediff:6
I/System.out(24460): <com.facebook.GraphRequest: java.net.HttpURLConnection a(com.facebook.ab)>###specialinvoke $r2.<java.net.URL: void <init>(java.lang.String)>($r3)###https://graph.facebook.com/v2.4/143965932308817?fields=supports_implicit_sdk_logging%2Cgdpv4_nux_content%2Cgdpv4_nux_enabled%2Candroid_dialog_configs%2Candroid_sdk_error_categories&format=json&sdk=android
D/dalvikvm(24460): GC_FOR_ALLOC freed 126K, 9% free 4175K/4576K, paused 4ms, total 4ms
D/dalvikvm(24460): GC_CONCURRENT freed 148K, 5% free 4526K/4748K, paused 2ms+7ms, total 12ms
I/ct      (24460): Form factor null
I/ct      (24460): Tablet screen detected: false
I/com.houzz.app.dv(24460): Loading session
D/dalvikvm(24460): WAIT_FOR_CONCURRENT_GC blocked 10ms
I/System.out(24460): body:<com.facebook.GraphRequest: java.net.HttpURLConnection a(java.net.URL)>	sig:$r1 = virtualinvoke $r0.<java.net.URL: java.net.URLConnection openConnection()>()	timediff:37
I/System.out(24460): body:<com.facebook.GraphRequest: java.net.HttpURLConnection a(java.net.URL)>	sig:virtualinvoke $r2.<java.net.HttpURLConnection: void setRequestProperty(java.lang.String,java.lang.String)>("User-Agent", $r3)	timediff:0
I/System.out(24460): body:<com.facebook.GraphRequest: java.net.HttpURLConnection a(java.net.URL)>	sig:virtualinvoke $r2.<java.net.HttpURLConnection: void setRequestProperty(java.lang.String,java.lang.String)>("Accept-Language", $r3)	timediff:0
I/System.out(24460): body:<com.facebook.GraphRequest: java.net.HttpURLConnection a(java.net.URL)>	sig:virtualinvoke $r2.<java.net.HttpURLConnection: void setChunkedStreamingMode(int)>(0)	timediff:0
I/System.out(24460): body:<com.facebook.GraphRequest: void a(com.facebook.ab,java.net.HttpURLConnection)>	sig:virtualinvoke $r1.<java.net.HttpURLConnection: void setRequestMethod(java.lang.String)>($r6)	timediff:0
I/System.out(24460): body:<com.facebook.GraphRequest: void a(java.net.HttpURLConnection,boolean)>	sig:virtualinvoke $r0.<java.net.HttpURLConnection: void setRequestProperty(java.lang.String,java.lang.String)>("Content-Type", "application/x-www-form-urlencoded")	timediff:0
I/System.out(24460): body:<com.facebook.GraphRequest: void a(java.net.HttpURLConnection,boolean)>	sig:virtualinvoke $r0.<java.net.HttpURLConnection: void setRequestProperty(java.lang.String,java.lang.String)>("Content-Encoding", "gzip")	timediff:0
I/System.out(24460): body:<com.facebook.GraphRequest: void a(com.facebook.ab,java.net.HttpURLConnection)>	sig:$r7 = virtualinvoke $r1.<java.net.HttpURLConnection: java.net.URL getURL()>()	timediff:0
I/System.out(24460): body:<com.facebook.GraphRequest: void a(com.facebook.ab,java.net.HttpURLConnection)>	sig:$r6 = virtualinvoke $r1.<java.net.HttpURLConnection: java.lang.String getRequestMethod()>()	timediff:0
I/System.out(24460): body:<com.facebook.GraphRequest: void a(com.facebook.ab,java.net.HttpURLConnection)>	sig:$r6 = virtualinvoke $r1.<java.net.HttpURLConnection: java.lang.String getRequestProperty(java.lang.String)>("User-Agent")	timediff:0
I/System.out(24460): body:<com.facebook.GraphRequest: void a(com.facebook.ab,java.net.HttpURLConnection)>	sig:$r6 = virtualinvoke $r1.<java.net.HttpURLConnection: java.lang.String getRequestProperty(java.lang.String)>("Content-Type")	timediff:0
I/System.out(24460): body:<com.facebook.GraphRequest: void a(com.facebook.ab,java.net.HttpURLConnection)>	sig:virtualinvoke $r1.<java.net.HttpURLConnection: void setConnectTimeout(int)>($i2)	timediff:0
I/System.out(24460): body:<com.facebook.GraphRequest: void a(com.facebook.ab,java.net.HttpURLConnection)>	sig:virtualinvoke $r1.<java.net.HttpURLConnection: void setReadTimeout(int)>($i2)	timediff:0
I/com.houzz.app.dv(24460): Loading session: User not signed in
I/dalvikvm(24460): Could not find method android.os.PowerManager.isDeviceIdleMode, referenced from method com.f.a.a.f.c.b
W/dalvikvm(24460): VFY: unable to resolve virtual method 1591: Landroid/os/PowerManager;.isDeviceIdleMode ()Z
D/dalvikvm(24460): VFY: replacing opcode 0x6e at 0x0010
D/b       (24460): CREATE TABLE IF NOT EXISTS job_holder (_id integer  primary key autoincrement , `priority` integer, `group_id` text, `run_count` integer, `base_job` byte, `created_ns` long, `delay_until_ns` long, `running_session_id` long, `requires_network` integer );
D/b       (24460): CREATE TABLE IF NOT EXISTS job_holder_tags (_id integer  primary key autoincrement , `job_id` integer, `tag_name` text, FOREIGN KEY(`job_id`) REFERENCES job_holder(`_id`) ON DELETE CASCADE );
D/dalvikvm(24460): GC_CONCURRENT freed 422K, 10% free 4541K/5040K, paused 1ms+1ms, total 4ms
I/DaoManager(24460): Loaded configuration for class com.houzz.app.history.HistoryRecord
I/DaoManager(24460): Loaded configuration for class com.houzz.app.uploadmanager.UploadState
I/System.out(24460): body:<com.houzz.app.y: void <init>()>	sig:specialinvoke r11.<java.net.CookieManager: void <init>()>()	timediff:0
I/System.out(24460): body:<com.houzz.app.y: void <init>()>	sig:staticinvoke <java.net.CookieHandler: void setDefault(java.net.CookieHandler)>($r3)	timediff:0
I/k       (24460): Starting....
E/dalvikvm(24460): Could not find class 'com.flurry.sdk.i', referenced from method com.e.b.gq.a
W/dalvikvm(24460): VFY: unable to resolve const-class 2958 (Lcom/flurry/sdk/i;) in Lcom/e/b/gq;
D/dalvikvm(24460): VFY: replacing opcode 0x1c at 0x0020
D/dalvikvm(24460): GC_CONCURRENT freed 1488K, 31% free 3495K/5060K, paused 2ms+1ms, total 6ms
I/TableUtils(24460): creating table 'UploadState'
I/GAv4    (24460): Google Analytics 8.4.87 is starting up. To enable debug logging on a device run:
I/GAv4    (24460):   adb shell setprop log.tag.GAv4 DEBUG
I/GAv4    (24460):   adb logcat -s GAv4
I/TableUtils(24460): executed create table statement changed 1 rows: CREATE TABLE `UploadState` (`id` VARCHAR , `timeStamp` BIGINT , `imageSpaceId` VARCHAR , `cls` VARCHAR , `data` VARCHAR , `file` VARCHAR NOT NULL , `state` VARCHAR NOT NULL , PRIMARY KEY (`id`) ) 
I/TableUtils(24460): creating table 'HistoryRecords'
I/TableUtils(24460): executed create table statement changed 1 rows: CREATE TABLE `HistoryRecords` (`id` VARCHAR , `sqltime` BIGINT , `cls` VARCHAR , `data` VARCHAR , PRIMARY KEY (`id`) ) 
W/GAv4    (24460): AnalyticsReceiver is not registered or is disabled. Register the receiver for reliable dispatching on non-Google Play devices. See http://goo.gl/8Rd3yj for instructions.
W/GAv4    (24460): CampaignTrackingReceiver is not registered, not exported or is disabled. Installation campaign tracking is not possible. See http://goo.gl/8Rd3yj for instructions.
D/dalvikvm(24460): GC_CONCURRENT freed 324K, 30% free 3568K/5060K, paused 1ms+0ms, total 4ms
I/k       (24460): SM-G9350|SM-G9350
I/k       (24460): App agent SM-G9350~4.4.2~com.houzz.app~12355
I/k       (24460): VersionCode=12355
I/k       (24460): SWIPE_THRESHHOLD set to 10
I/ct      (24460): Form factor null
I/ct      (24460): Tablet screen detected: false
D/f       (24460): Created target = 2
D/f       (24460): registerInBackground true
I/b       (24460): isServiceAvailable true
D/f       (24460): getStoredRegistrationId no reg found
D/f       (24460): registerInBackground stored reg is empty or null
I/b       (24460): startRegistrationProcess
W/InstanceID/Rpc(24460): Found 10007
W/GAv4    (24460): AnalyticsService not registered in the app manifest. Hits might not be delivered reliably. See http://goo.gl/8Rd3yj for instructions.
I/z       (24460): Skatch MetadataManager creating
I/z       (24460): reading from /data/data/com.houzz.app/files/metadata/174_stickers.json
I/z       (24460): rereading from builtin
D/dalvikvm(24460): GC_CONCURRENT freed 389K, 28% free 3691K/5060K, paused 2ms+1ms, total 10ms
D/dalvikvm(24460): WAIT_FOR_CONCURRENT_GC blocked 2ms
D/dalvikvm(24460): WAIT_FOR_CONCURRENT_GC blocked 4ms
D/dalvikvm(24460): WAIT_FOR_CONCURRENT_GC blocked 4ms
D/dalvikvm(24460): WAIT_FOR_CONCURRENT_GC blocked 5ms
D/dalvikvm(24460): GC_CONCURRENT freed 352K, 27% free 3723K/5060K, paused 2ms+1ms, total 5ms
D/dalvikvm(24460): GC_CONCURRENT freed 264K, 25% free 3842K/5060K, paused 1ms+1ms, total 4ms
I/z       (24460): fetchMetadata
I/z       (24460): Skatch MetadataManager created
I/TooltipManager(24460): TooltipManager.TooltipManager, makeFlows
D/dalvikvm(24460): GC_CONCURRENT freed 268K, 22% free 3964K/5060K, paused 1ms+1ms, total 5ms
D/y       (24460): https://api.houzz.com/api?version=174&method=getStickers&format=json&deviceType=andrphone&dateFormat=sec&req=416c8be7-488f-4c19-918e-a10b460f485c_1&build=12355&&start=0&numberOfItems=80&
I/System.out(24460): body:<com.houzz.app.y: com.houzz.requests.c a(com.houzz.requests.b,java.io.File)>	sig:specialinvoke r36.<java.net.URL: void <init>(java.lang.String)>($r10)	timediff:0
I/System.out(24460): <com.houzz.app.y: com.houzz.requests.c a(com.houzz.requests.b,java.io.File)>###specialinvoke r36.<java.net.URL: void <init>(java.lang.String)>($r10)###https://api.houzz.com/api?version=174&method=getStickers&format=json&deviceType=andrphone&dateFormat=sec&req=416c8be7-488f-4c19-918e-a10b460f485c_1&build=12355&&start=0&numberOfItems=80&
I/System.out(24460): body:<com.houzz.app.y: com.houzz.requests.c a(com.houzz.requests.b,java.io.File)>	sig:$r16 = virtualinvoke $r12.<java.net.URL: java.net.URLConnection openConnection()>()	timediff:0
I/System.out(24460): body:<com.houzz.app.y: com.houzz.requests.c a(com.houzz.requests.b,java.io.File)>	sig:virtualinvoke $r17.<java.net.HttpURLConnection: void setConnectTimeout(int)>($i0)	timediff:0
I/System.out(24460): body:<com.houzz.app.y: com.houzz.requests.c a(com.houzz.requests.b,java.io.File)>	sig:virtualinvoke $r17.<java.net.HttpURLConnection: void setReadTimeout(int)>($i0)	timediff:0
I/System.out(24460): body:<com.houzz.app.y: com.houzz.requests.c a(com.houzz.requests.b,java.io.File)>	sig:virtualinvoke $r17.<java.net.HttpURLConnection: void setRequestProperty(java.lang.String,java.lang.String)>("Accept-Encoding", "gzip")	timediff:0
D/b       (24460): Roboto-Regular.ttf android.graphics.Typeface@6513b940 0
D/k       (24460): com.houzz.admanager.q@4a7da7e4 ctor
D/k       (24460): com.houzz.admanager.q@4a7da7e4 init
D/k       (24460): com.houzz.admanager.q@4a7da7e4 pause
I/cj      (24460): MetadataManager creating
I/cj      (24460): reading from /data/data/com.houzz.app/files/metadata/174_metadata.json
E/cj      (24460): openMetadataFile: /data/data/com.houzz.app/files/metadata/174_metadata.json: open failed: ENOENT (No such file or directory)
I/cj      (24460): rereading from builtin
D/cj      (24460): loading metadata
D/cj      (24460): Created new Persister
I/qtaguid (  668): Tagging socket 98 with tag 3000040700000000(805307399) for uid -1 failed errno=-13
I/NetworkManagementSocketTagger(  668): tagSocketFd(98, 805307399, -1) failed with errno-13
I/System.out(24460): body:<com.facebook.ac: java.util.List a(java.net.HttpURLConnection,com.facebook.ab)>	sig:$i0 = virtualinvoke $r0.<java.net.HttpURLConnection: int getResponseCode()>()	timediff:239
I/System.out(24460): body:<com.facebook.ac: java.util.List a(java.net.HttpURLConnection,com.facebook.ab)>	sig:$r3 = virtualinvoke $r0.<java.net.HttpURLConnection: java.io.InputStream getInputStream()>()	timediff:0
I/System.out(24460): body:<empirical.HelperClass: void printURLInfo(java.lang.String,java.lang.String,java.net.URLConnection)>	sig:$r0 = virtualinvoke urlConnection.<java.net.URLConnection: java.net.URL getURL()>()	timediff:0
I/System.out(24460): body:<empirical.HelperClass: void printURLInfo(java.lang.String,java.lang.String,java.net.URLConnection)>	sig:urlString = virtualinvoke $r0.<java.net.URL: java.lang.String toString()>()	timediff:0
I/System.out(24460): body:<empirical.HelperClass: void printURLInfo(java.lang.String,java.lang.String,java.net.URLConnection)>	sig:isDoOutput = virtualinvoke urlConnection.<java.net.URLConnection: boolean getDoOutput()>()	timediff:0
I/System.out(24460): body:<empirical.HelperClass: java.lang.String getHeaderField(java.net.URLConnection,java.lang.String)>	sig:data = virtualinvoke conn.<java.net.URLConnection: java.lang.String getHeaderField(java.lang.String)>(field)	timediff:0
I/System.out(24460): body:<empirical.HelperClass: java.lang.String getHeaderField(java.net.URLConnection,java.lang.String)>	sig:data = virtualinvoke conn.<java.net.URLConnection: java.lang.String getHeaderField(java.lang.String)>(field)	timediff:0
I/System.out(24460): body:<empirical.HelperClass: java.lang.String getHeaderField(java.net.URLConnection,java.lang.String)>	sig:data = virtualinvoke conn.<java.net.URLConnection: java.lang.String getHeaderField(java.lang.String)>(field)	timediff:0
I/System.out(24460): body:<empirical.HelperClass: java.lang.String getHeaderField(java.net.URLConnection,java.lang.String)>	sig:data = virtualinvoke conn.<java.net.URLConnection: java.lang.String getHeaderField(java.lang.String)>(field)	timediff:0
I/System.out(24460): body:<empirical.HelperClass: java.lang.String getHeaderField(java.net.URLConnection,java.lang.String)>	sig:data = virtualinvoke conn.<java.net.URLConnection: java.lang.String getHeaderField(java.lang.String)>(field)	timediff:0
I/System.out(24460): URLConn;%;0;%;<com.facebook.ac: java.util.List a(java.net.HttpURLConnection,com.facebook.ab)>;%;$r3 = virtualinvoke $r0.<java.net.HttpURLConnection: java.io.InputStream getInputStream()>();%;https://graph.facebook.com/v2.4/143965932308817?fields=supports_implicit_sdk_logging%2Cgdpv4_nux_content%2Cgdpv4_nux_enabled%2Candroid_dialog_configs%2Candroid_sdk_error_categories&format=json&sdk=android;%;false;%;Not found;%;private, no-cache, no-store, must-revalidate;%;Sat, 01 Jan 2000 00:00:00 GMT;%;Not found;%;Not found
D/dalvikvm(24460): GC_CONCURRENT freed 262K, 17% free 4213K/5060K, paused 2ms+6ms, total 11ms
D/dalvikvm(24460): WAIT_FOR_CONCURRENT_GC blocked 1ms
D/dalvikvm(24460): WAIT_FOR_CONCURRENT_GC blocked 3ms
I/System.out(24460): body:<com.facebook.ac: java.util.List a(java.net.HttpURLConnection,java.util.List,java.lang.Object)>	sig:$i2 = virtualinvoke $r0.<java.net.HttpURLConnection: int getResponseCode()>()	timediff:0
I/System.out(24460): body:<com.facebook.c.af: void a(java.net.URLConnection)>	sig:virtualinvoke $r1.<java.net.HttpURLConnection: void disconnect()>()	timediff:0
D/dalvikvm(24460): WAIT_FOR_CONCURRENT_GC blocked 5ms
W/Conscrypt(  668): Could not set socket write timeout:
W/Conscrypt(  668):    java.lang.reflect.Method.invokeNative(Native Method)
W/Conscrypt(  668):    java.lang.reflect.Method.invoke(Method.java:515)
D/dalvikvm(24460): GC_CONCURRENT freed 465K, 19% free 4131K/5060K, paused 1ms+0ms, total 5ms
D/dalvikvm(24460): GC_CONCURRENT freed 351K, 18% free 4164K/5060K, paused 2ms+0ms, total 6ms
D/dalvikvm(24460): GC_CONCURRENT freed 296K, 16% free 4252K/5060K, paused 4ms+0ms, total 7ms
D/dalvikvm(24460): GC_CONCURRENT freed 276K, 14% free 4359K/5060K, paused 2ms+0ms, total 6ms
I/FA      (24269): Tag Manager is not found and thus will not be used
D/dalvikvm(24460): GC_CONCURRENT freed 419K, 13% free 4452K/5060K, paused 1ms+2ms, total 12ms
D/dalvikvm(24460): WAIT_FOR_CONCURRENT_GC blocked 4ms
D/dalvikvm(24460): GC_CONCURRENT freed 318K, 11% free 4543K/5060K, paused 1ms+0ms, total 6ms
D/dalvikvm(24460): GC_CONCURRENT freed 311K, 8% free 4676K/5060K, paused 2ms+1ms, total 5ms
D/dalvikvm(24460): GC_CONCURRENT freed 340K, 8% free 4822K/5236K, paused 2ms+0ms, total 6ms
I/System.out(24460): body:<com.houzz.app.y: com.houzz.requests.c a(com.houzz.requests.b,java.io.File)>	sig:$r20 = virtualinvoke $r17.<java.net.HttpURLConnection: java.util.Map getHeaderFields()>()	timediff:192
I/System.out(24460): body:<com.houzz.app.y: com.houzz.requests.c a(com.houzz.requests.b,java.io.File)>	sig:$r20 = virtualinvoke $r17.<java.net.HttpURLConnection: java.util.Map getHeaderFields()>()	timediff:0
D/y       (24460): {null=[HTTP/1.1 200 OK], Accept-Ranges=[bytes], Age=[0], Cache-Control=[no-cache, no-store, must-revalidate], Connection=[keep-alive], Content-Encoding=[gzip], Content-Type=[application/json;charset=utf-8], Date=[Sat, 14 Apr 2018 05:49:51 GMT], Expires=[0], Fastly-Debug-Digest=[444d065216eed34a33a57dbb7cf22fafd0e51ba5f4611bddeaf8fca6397d8bdc], Pragma=[no-cache], Transfer-Encoding=[chunked], Vary=[Accept-Encoding], X-Android-Received-Millis=[1523684991735], X-Android-Response-Source=[NETWORK 200], X-Android-Selected-Transport=[http/1.1], X-Android-Sent-Millis=[1523684991681], X-Origin-Host=[api.houzz.com]}
I/System.out(24460): body:<com.houzz.app.y: com.houzz.requests.c a(com.houzz.requests.b,java.io.File)>	sig:$r10 = virtualinvoke $r17.<java.net.HttpURLConnection: java.lang.String getHeaderField(java.lang.String)>("Content-Encoding")	timediff:0
I/System.out(24460): body:<com.houzz.app.y: com.houzz.requests.c a(com.houzz.requests.b,java.io.File)>	sig:$r23 = virtualinvoke $r17.<java.net.HttpURLConnection: java.io.InputStream getInputStream()>()	timediff:0
I/System.out(24460): body:<empirical.HelperClass: void printURLInfo(java.lang.String,java.lang.String,java.net.URLConnection)>	sig:$r0 = virtualinvoke urlConnection.<java.net.URLConnection: java.net.URL getURL()>()	timediff:0
I/System.out(24460): body:<empirical.HelperClass: void printURLInfo(java.lang.String,java.lang.String,java.net.URLConnection)>	sig:urlString = virtualinvoke $r0.<java.net.URL: java.lang.String toString()>()	timediff:0
I/System.out(24460): body:<empirical.HelperClass: void printURLInfo(java.lang.String,java.lang.String,java.net.URLConnection)>	sig:isDoOutput = virtualinvoke urlConnection.<java.net.URLConnection: boolean getDoOutput()>()	timediff:0
I/System.out(24460): body:<empirical.HelperClass: java.lang.String getHeaderField(java.net.URLConnection,java.lang.String)>	sig:data = virtualinvoke conn.<java.net.URLConnection: java.lang.String getHeaderField(java.lang.String)>(field)	timediff:0
I/System.out(24460): body:<empirical.HelperClass: java.lang.String getHeaderField(java.net.URLConnection,java.lang.String)>	sig:data = virtualinvoke conn.<java.net.URLConnection: java.lang.String getHeaderField(java.lang.String)>(field)	timediff:0
I/System.out(24460): body:<empirical.HelperClass: java.lang.String getHeaderField(java.net.URLConnection,java.lang.String)>	sig:data = virtualinvoke conn.<java.net.URLConnection: java.lang.String getHeaderField(java.lang.String)>(field)	timediff:0
I/System.out(24460): body:<empirical.HelperClass: java.lang.String getHeaderField(java.net.URLConnection,java.lang.String)>	sig:data = virtualinvoke conn.<java.net.URLConnection: java.lang.String getHeaderField(java.lang.String)>(field)	timediff:0
I/System.out(24460): body:<empirical.HelperClass: java.lang.String getHeaderField(java.net.URLConnection,java.lang.String)>	sig:data = virtualinvoke conn.<java.net.URLConnection: java.lang.String getHeaderField(java.lang.String)>(field)	timediff:0
I/System.out(24460): URLConn;%;1;%;<com.houzz.app.y: com.houzz.requests.c a(com.houzz.requests.b,java.io.File)>;%;$r23 = virtualinvoke $r17.<java.net.HttpURLConnection: java.io.InputStream getInputStream()>();%;https://api.houzz.com/api?version=174&method=getStickers&format=json&deviceType=andrphone&dateFormat=sec&req=416c8be7-488f-4c19-918e-a10b460f485c_1&build=12355&&start=0&numberOfItems=80&;%;false;%;Not found;%;no-cache, no-store, must-revalidate;%;0;%;0;%;Not found
D/dalvikvm(24460): GC_CONCURRENT freed 389K, 9% free 4969K/5432K, paused 2ms+1ms, total 5ms
D/dalvikvm(24460): GC_CONCURRENT freed 457K, 10% free 5213K/5744K, paused 2ms+0ms, total 9ms
D/dalvikvm(24460): WAIT_FOR_CONCURRENT_GC blocked 3ms
D/dalvikvm(24460): WAIT_FOR_CONCURRENT_GC blocked 8ms
D/cj      (24460): loading metadata done
I/cj      (24460): 	Loaded site id 101
I/k       (24460): dictionary invalidate
I/cj      (24460): fetchMetadata
D/dalvikvm(24460): GC_CONCURRENT freed 499K, 10% free 5492K/6068K, paused 1ms+1ms, total 9ms
D/dalvikvm(24460): WAIT_FOR_CONCURRENT_GC blocked 2ms
D/dalvikvm(24460): WAIT_FOR_CONCURRENT_GC blocked 3ms
I/cf      (24460): launch = 0 update = false
I/cj      (24460): MetadataManager created
I/dalvikvm(24460): Could not find method android.widget.LinearLayout.drawableHotspotChanged, referenced from method com.houzz.app.layouts.base.MyLinearLayout.drawableHotspotChanged
W/dalvikvm(24460): VFY: unable to resolve virtual method 13529: Landroid/widget/LinearLayout;.drawableHotspotChanged (FF)V
D/dalvikvm(24460): VFY: replacing opcode 0x6f at 0x0000
D/y       (24460): https://api.houzz.com/api?version=174&method=getMetaData&format=json&deviceType=andrphone&dateFormat=sec&req=416c8be7-488f-4c19-918e-a10b460f485c_2&build=12355&getProductCategory=yes&omitCategoryTree=yes&first=true&update=false&testCases=ACTTRANS%2CFEED_BRWS1%2CINFOPANE%2CIYUG%2COBC1%2CPRODUCTSCREEN&getCountryStateList=yes&
I/System.out(24460): body:<com.houzz.app.y: com.houzz.requests.c a(com.houzz.requests.b,java.io.File)>	sig:specialinvoke r36.<java.net.URL: void <init>(java.lang.String)>($r10)	timediff:0
I/System.out(24460): <com.houzz.app.y: com.houzz.requests.c a(com.houzz.requests.b,java.io.File)>###specialinvoke r36.<java.net.URL: void <init>(java.lang.String)>($r10)###https://api.houzz.com/api?version=174&method=getMetaData&format=json&deviceType=andrphone&dateFormat=sec&req=416c8be7-488f-4c19-918e-a10b460f485c_2&build=12355&getProductCategory=yes&omitCategoryTree=yes&first=true&update=false&testCases=ACTTRANS%2CFEED_BRWS1%2CINFOPANE%2CIYUG%2COBC1%2CPRODUCTSCREEN&getCountryStateList=yes&
I/System.out(24460): body:<com.houzz.app.y: com.houzz.requests.c a(com.houzz.requests.b,java.io.File)>	sig:$r16 = virtualinvoke $r12.<java.net.URL: java.net.URLConnection openConnection()>()	timediff:0
I/System.out(24460): body:<com.houzz.app.y: com.houzz.requests.c a(com.houzz.requests.b,java.io.File)>	sig:virtualinvoke $r17.<java.net.HttpURLConnection: void setConnectTimeout(int)>($i0)	timediff:0
I/System.out(24460): body:<com.houzz.app.y: com.houzz.requests.c a(com.houzz.requests.b,java.io.File)>	sig:virtualinvoke $r17.<java.net.HttpURLConnection: void setReadTimeout(int)>($i0)	timediff:0
I/System.out(24460): body:<com.houzz.app.y: com.houzz.requests.c a(com.houzz.requests.b,java.io.File)>	sig:virtualinvoke $r17.<java.net.HttpURLConnection: void setRequestProperty(java.lang.String,java.lang.String)>("Accept-Encoding", "gzip")	timediff:0
I/dalvikvm(24460): Could not find method android.widget.FrameLayout.drawableHotspotChanged, referenced from method com.houzz.app.layouts.base.MyFrameLayout.drawableHotspotChanged
W/dalvikvm(24460): VFY: unable to resolve virtual method 13355: Landroid/widget/FrameLayout;.drawableHotspotChanged (FF)V
D/dalvikvm(24460): VFY: replacing opcode 0x6f at 0x0000
I/dalvikvm(24460): Could not find method android.view.View.drawableHotspotChanged, referenced from method com.houzz.app.views.MyImageView.drawableHotspotChanged
W/dalvikvm(24460): VFY: unable to resolve virtual method 12507: Landroid/view/View;.drawableHotspotChanged (FF)V
D/dalvikvm(24460): VFY: replacing opcode 0x6f at 0x0000
D/dalvikvm(24460): GC_CONCURRENT freed 565K, 10% free 5798K/6440K, paused 2ms+1ms, total 10ms
D/dalvikvm(24460): WAIT_FOR_CONCURRENT_GC blocked 3ms
D/b       (24460): Roboto-Medium.ttf android.graphics.Typeface@64d10dd0 0
D/dalvikvm(24460): WAIT_FOR_CONCURRENT_GC blocked 11ms
D/com.houzz.app.dv(24460): vtok: 1523684991_c1067e4d-ba28-48e6-935d-11e226eb22ac_571da52bfabbaa3ccd600bab55b5edcc
E/dalvikvm(24460): Could not find class 'android.graphics.drawable.RippleDrawable', referenced from method com.houzz.app.af.b
W/dalvikvm(24460): VFY: unable to resolve check-cast 206 (Landroid/graphics/drawable/RippleDrawable;) in Lcom/houzz/app/af;
D/dalvikvm(24460): VFY: replacing opcode 0x1f at 0x000d
I/System.out(24460): body:<com.houzz.app.y: com.houzz.requests.c a(com.houzz.requests.b,java.io.File)>	sig:virtualinvoke $r17.<java.net.HttpURLConnection: void disconnect()>()	timediff:0
I/z       (24460): downloaded new skatch metadata
D/k       (24460): com.houzz.app.b.n@4a9196b0 create width=1280 height=720
D/a       (24460): com.houzz.admanager.v@4a802294 Created
D/a       (24460): com.houzz.admanager.v@4a802294 init
D/a       (24460): com.houzz.admanager.v@4a802294 fetchAds: executing FetchAdsTask
D/y       (24460): https://api.houzz.com/api?version=174&method=getAds&format=json&deviceType=andrphone&dateFormat=sec&req=416c8be7-488f-4c19-918e-a10b460f485c_3&build=12355&&adSlots=question-banner%2Cideabook-banner&countPerSlot=5&thumbSize1=9&imageTagThumbSize1=9&
I/System.out(24460): body:<com.houzz.app.y: com.houzz.requests.c a(com.houzz.requests.b,java.io.File)>	sig:specialinvoke r36.<java.net.URL: void <init>(java.lang.String)>($r10)	timediff:0
I/System.out(24460): <com.houzz.app.y: com.houzz.requests.c a(com.houzz.requests.b,java.io.File)>###specialinvoke r36.<java.net.URL: void <init>(java.lang.String)>($r10)###https://api.houzz.com/api?version=174&method=getAds&format=json&deviceType=andrphone&dateFormat=sec&req=416c8be7-488f-4c19-918e-a10b460f485c_3&build=12355&&adSlots=question-banner%2Cideabook-banner&countPerSlot=5&thumbSize1=9&imageTagThumbSize1=9&
I/System.out(24460): body:<com.houzz.app.y: com.houzz.requests.c a(com.houzz.requests.b,java.io.File)>	sig:$r16 = virtualinvoke $r12.<java.net.URL: java.net.URLConnection openConnection()>()	timediff:0
I/System.out(24460): body:<com.houzz.app.y: com.houzz.requests.c a(com.houzz.requests.b,java.io.File)>	sig:virtualinvoke $r17.<java.net.HttpURLConnection: void setConnectTimeout(int)>($i0)	timediff:0
I/System.out(24460): body:<com.houzz.app.y: com.houzz.requests.c a(com.houzz.requests.b,java.io.File)>	sig:virtualinvoke $r17.<java.net.HttpURLConnection: void setReadTimeout(int)>($i0)	timediff:0
I/System.out(24460): body:<com.houzz.app.y: com.houzz.requests.c a(com.houzz.requests.b,java.io.File)>	sig:virtualinvoke $r17.<java.net.HttpURLConnection: void setRequestProperty(java.lang.String,java.lang.String)>("Accept-Encoding", "gzip")	timediff:0
I/System.out(24460): HouzzApplicationContext.onCreate() done
D/dalvikvm(24460): TRACE stop requested, but not running
I/dalvikvm(24460): Could not find method android.view.Window.setStatusBarColor, referenced from method com.houzz.app.d.a.setStatusBarColor
W/dalvikvm(24460): VFY: unable to resolve virtual method 12884: Landroid/view/Window;.setStatusBarColor (I)V
D/dalvikvm(24460): VFY: replacing opcode 0x6e at 0x000a
I/dalvikvm(24460): Could not find method android.view.Window.setEnterTransition, referenced from method com.houzz.app.transitions.e.a
W/dalvikvm(24460): VFY: unable to resolve virtual method 12872: Landroid/view/Window;.setEnterTransition (Landroid/transition/Transition;)V
D/dalvikvm(24460): VFY: replacing opcode 0x6e at 0x0016
I/dalvikvm(24460): Could not find method android.view.Window.setEnterTransition, referenced from method com.houzz.app.transitions.e.a
W/dalvikvm(24460): VFY: unable to resolve virtual method 12872: Landroid/view/Window;.setEnterTransition (Landroid/transition/Transition;)V
D/dalvikvm(24460): VFY: replacing opcode 0x6e at 0x0062
W/dalvikvm(24460): VFY: unable to find class referenced in signature (Landroid/view/SearchEvent;)
I/dalvikvm(24460): Could not find method android.view.Window$Callback.onSearchRequested, referenced from method android.support.v7.view.j.onSearchRequested
W/dalvikvm(24460): VFY: unable to resolve interface method 12853: Landroid/view/Window$Callback;.onSearchRequested (Landroid/view/SearchEvent;)Z
D/dalvikvm(24460): VFY: replacing opcode 0x72 at 0x0002
I/dalvikvm(24460): Could not find method android.view.Window$Callback.onWindowStartingActionMode, referenced from method android.support.v7.view.j.onWindowStartingActionMode
W/dalvikvm(24460): VFY: unable to resolve interface method 12857: Landroid/view/Window$Callback;.onWindowStartingActionMode (Landroid/view/ActionMode$Callback;I)Landroid/view/ActionMode;
D/dalvikvm(24460): VFY: replacing opcode 0x72 at 0x0002
D/b       (24460): accel initialized
D/dalvikvm(24460): GC_CONCURRENT freed 834K, 14% free 5860K/6764K, paused 1ms+0ms, total 9ms
D/a       (24460): onCreate
I/dalvikvm(24460): Could not find method android.app.Activity.getReferrer, referenced from method com.houzz.app.utils.cm.a
W/dalvikvm(24460): VFY: unable to resolve virtual method 168: Landroid/app/Activity;.getReferrer ()Landroid/net/Uri;
D/dalvikvm(24460): VFY: replacing opcode 0x6e at 0x000e
D/cm      (24460): Referrer: Direct open
I/c       (24460): Screen : 1280/720 dpi 72.0/72.0 -> 20.397289350716875inches by os:
I/c       (24460): Screen : density 1.5
D/c       (24460): AbstractBannerManager.AbstractBannerManager
D/dalvikvm(  668): GC_CONCURRENT freed 1122K, 17% free 6767K/8112K, paused 2ms+9ms, total 19ms
D/cm MainTabScreen@1251189084(24460):  ctor
E/dalvikvm(24460): Bogus static initialization: value type 23 in field type Ljava/lang/Object; for Lcom/google/c/b/c/c; at index 0
E/dalvikvm(24460): VM aborting
F/libc    (24460): Fatal signal 6 (SIGABRT) at 0x00005f8c (code=-6), thread 24460 (com.houzz.app)
W/Conscrypt(  668): Could not set socket write timeout:
W/Conscrypt(  668):    java.lang.reflect.Method.invokeNative(Native Method)
W/Conscrypt(  668):    java.lang.reflect.Method.invoke(Method.java:515)
I/qtaguid (  668): Tagging socket 117 with tag 3000040700000000(805307399) for uid -1 failed errno=-13
I/NetworkManagementSocketTagger(  668): tagSocketFd(117, 805307399, -1) failed with errno-13
I/qtaguid (  668): Untagging socket 117 failed errno=-13
W/NetworkManagementSocketTagger(  668): untagSocket(117) failed with errno -13
I/qtaguid (  668): Tagging socket 117 with tag 3000040700000000(805307399) for uid -1 failed errno=-13
I/NetworkManagementSocketTagger(  668): tagSocketFd(117, 805307399, -1) failed with errno-13
I/qtaguid (  668): Untagging socket 117 failed errno=-13
W/NetworkManagementSocketTagger(  668): untagSocket(117) failed with errno -13
I/qtaguid (  668): Tagging socket 117 with tag 3000040700000000(805307399) for uid -1 failed errno=-13
I/NetworkManagementSocketTagger(  668): tagSocketFd(117, 805307399, -1) failed with errno-13
I/qtaguid (  668): Untagging socket 117 failed errno=-13
W/NetworkManagementSocketTagger(  668): untagSocket(117) failed with errno -13
I/qtaguid (  668): Tagging socket 117 with tag 3000040700000000(805307399) for uid -1 failed errno=-13
I/NetworkManagementSocketTagger(  668): tagSocketFd(117, 805307399, -1) failed with errno-13
I/qtaguid (  668): Untagging socket 117 failed errno=-13
W/NetworkManagementSocketTagger(  668): untagSocket(117) failed with errno -13
I/qtaguid (  668): Tagging socket 117 with tag 3000040700000000(805307399) for uid -1 failed errno=-13
I/NetworkManagementSocketTagger(  668): tagSocketFd(117, 805307399, -1) failed with errno-13
I/qtaguid (  668): Untagging socket 117 failed errno=-13
W/NetworkManagementSocketTagger(  668): untagSocket(117) failed with errno -13
I/qtaguid (  668): Tagging socket 117 with tag 3000040700000000(805307399) for uid -1 failed errno=-13
I/NetworkManagementSocketTagger(  668): tagSocketFd(117, 805307399, -1) failed with errno-13
I/qtaguid (  668): Untagging socket 117 failed errno=-13
W/NetworkManagementSocketTagger(  668): untagSocket(117) failed with errno -13
I/System.out(24460): body:<com.houzz.app.y: com.houzz.requests.c a(com.houzz.requests.b,java.io.File)>	sig:$r20 = virtualinvoke $r17.<java.net.HttpURLConnection: java.util.Map getHeaderFields()>()	timediff:136
I/System.out(24460): body:<com.houzz.app.y: com.houzz.requests.c a(com.houzz.requests.b,java.io.File)>	sig:$r20 = virtualinvoke $r17.<java.net.HttpURLConnection: java.util.Map getHeaderFields()>()	timediff:0
D/y       (24460): {null=[HTTP/1.1 200 OK], Accept-Ranges=[bytes], Age=[0], Cache-Control=[no-cache, no-store, must-revalidate], Connection=[keep-alive], Content-Encoding=[gzip], Content-Type=[application/json;charset=utf-8], Date=[Sat, 14 Apr 2018 05:49:52 GMT], Expires=[0], Fastly-Debug-Digest=[38078a3b5128965b3ffbf25896e78256336a7ef799ba1f75ab7a13ef5dab5a02], Pragma=[no-cache], Transfer-Encoding=[chunked], Vary=[Accept-Encoding], X-Android-Received-Millis=[1523684991989], X-Android-Response-Source=[NETWORK 200], X-Android-Selected-Transport=[http/1.1], X-Android-Sent-Millis=[1523684991854], X-Origin-Host=[api.houzz.com]}
I/System.out(24460): body:<com.houzz.app.y: com.houzz.requests.c a(com.houzz.requests.b,java.io.File)>	sig:$r10 = virtualinvoke $r17.<java.net.HttpURLConnection: java.lang.String getHeaderField(java.lang.String)>("Content-Encoding")	timediff:0
I/System.out(24460): body:<com.houzz.app.y: com.houzz.requests.c a(com.houzz.requests.b,java.io.File)>	sig:$r23 = virtualinvoke $r17.<java.net.HttpURLConnection: java.io.InputStream getInputStream()>()	timediff:0
I/System.out(24460): body:<empirical.HelperClass: void printURLInfo(java.lang.String,java.lang.String,java.net.URLConnection)>	sig:$r0 = virtualinvoke urlConnection.<java.net.URLConnection: java.net.URL getURL()>()	timediff:0
I/System.out(24460): body:<empirical.HelperClass: void printURLInfo(java.lang.String,java.lang.String,java.net.URLConnection)>	sig:urlString = virtualinvoke $r0.<java.net.URL: java.lang.String toString()>()	timediff:0
I/System.out(24460): body:<empirical.HelperClass: void printURLInfo(java.lang.String,java.lang.String,java.net.URLConnection)>	sig:isDoOutput = virtualinvoke urlConnection.<java.net.URLConnection: boolean getDoOutput()>()	timediff:0
I/System.out(24460): body:<empirical.HelperClass: java.lang.String getHeaderField(java.net.URLConnection,java.lang.String)>	sig:data = virtualinvoke conn.<java.net.URLConnection: java.lang.String getHeaderField(java.lang.String)>(field)	timediff:0
I/System.out(24460): body:<empirical.HelperClass: java.lang.String getHeaderField(java.net.URLConnection,java.lang.String)>	sig:data = virtualinvoke conn.<java.net.URLConnection: java.lang.String getHeaderField(java.lang.String)>(field)	timediff:0
I/System.out(24460): body:<empirical.HelperClass: java.lang.String getHeaderField(java.net.URLConnection,java.lang.String)>	sig:data = virtualinvoke conn.<java.net.URLConnection: java.lang.String getHeaderField(java.lang.String)>(field)	timediff:0
I/System.out(24460): body:<empirical.HelperClass: java.lang.String getHeaderField(java.net.URLConnection,java.lang.String)>	sig:data = virtualinvoke conn.<java.net.URLConnection: java.lang.String getHeaderField(java.lang.String)>(field)	timediff:0
I/System.out(24460): body:<empirical.HelperClass: java.lang.String getHeaderField(java.net.URLConnection,java.lang.String)>	sig:data = virtualinvoke conn.<java.net.URLConnection: java.lang.String getHeaderField(java.lang.String)>(field)	timediff:0
I/System.out(24460): URLConn;%;2;%;<com.houzz.app.y: com.houzz.requests.c a(com.houzz.requests.b,java.io.File)>;%;$r23 = virtualinvoke $r17.<java.net.HttpURLConnection: java.io.InputStream getInputStream()>();%;https://api.houzz.com/api?version=174&method=getAds&format=json&deviceType=andrphone&dateFormat=sec&req=416c8be7-488f-4c19-918e-a10b460f485c_3&build=12355&&adSlots=question-banner%2Cideabook-banner&countPerSlot=5&thumbSize1=9&imageTagThumbSize1=9&;%;false;%;Not found;%;no-cache, no-store, must-revalidate;%;0;%;0;%;Not found
I/DEBUG   (  162): *** *** *** *** *** *** *** *** *** *** *** *** *** *** *** ***
I/DEBUG   (  162): Build fingerprint: 'samsung/SM-G9350/SM-G9350:4.4.2/JLS36C/381180120:user/release-keys'
I/DEBUG   (  162): Revision: '0'
I/DEBUG   (  162): pid: 24460, tid: 24460, name: com.houzz.app  >>> com.houzz.app <<<
I/DEBUG   (  162): signal 6 (SIGABRT), code -6 (SI_TKILL), fault addr --------
I/qtaguid (  668): Untagging socket 98 failed errno=-13
W/NetworkManagementSocketTagger(  668): untagSocket(98) failed with errno -13
I/DEBUG   (  162):     eax 00000000  ebx 00005f8c  ecx 00005f8c  edx 00000006
I/DEBUG   (  162):     esi 00005f8c  edi 00000019
I/DEBUG   (  162):     xcs 00000073  xds 0000007b  xes 0000007b  xfs 00000000  xss 0000007b
I/DEBUG   (  162):     eip b76ae0d6  ebp b7717ce0  esp bfb9c4a0  flags 00200207
I/DEBUG   (  162): 
I/DEBUG   (  162): backtrace:
I/DEBUG   (  162):     #00  pc 0003c0d6  /system/lib/libc.so (tgkill+22)
I/DEBUG   (  162):     #01  pc 00000005  <unknown>
I/DEBUG   (  162): 
I/DEBUG   (  162): stack:
I/DEBUG   (  162):          bfb9c460  00000000  
I/DEBUG   (  162):          bfb9c464  b7713268  /system/lib/libc.so
I/DEBUG   (  162):          bfb9c468  00000000  
I/DEBUG   (  162):          bfb9c46c  b767ff39  /system/lib/libc.so (pthread_mutex_unlock+25)
I/DEBUG   (  162):          bfb9c470  b771318c  /system/lib/libc.so
I/DEBUG   (  162):          bfb9c474  b8d43f10  [heap]
I/DEBUG   (  162):          bfb9c478  00000015  
I/DEBUG   (  162):          bfb9c47c  b4e93c40  /system/lib/libdvm.so
I/DEBUG   (  162):          bfb9c480  00000000  
I/DEBUG   (  162):          bfb9c484  b76cc926  /system/lib/libc.so (funlockfile+6)
I/DEBUG   (  162):          bfb9c488  b7712fcc  /system/lib/libc.so
I/DEBUG   (  162):          bfb9c48c  b76b8006  /system/lib/libc.so (__sflush_locked+150)
I/DEBUG   (  162):          bfb9c490  00000000  
I/DEBUG   (  162):          bfb9c494  00000000  
I/DEBUG   (  162):          bfb9c498  b767fd69  /system/lib/libc.so (pthread_mutex_lock+9)
I/DEBUG   (  162):          bfb9c49c  b7712fcc  /system/lib/libc.so
I/DEBUG   (  162):     #00  bfb9c4a0  00000006  
I/DEBUG   (  162):          bfb9c4a4  00005f8c  
I/DEBUG   (  162):          bfb9c4a8  b7712fcc  /system/lib/libc.so
I/DEBUG   (  162):          bfb9c4ac  b768a4a6  /system/lib/libc.so (pthread_kill+102)
I/DEBUG   (  162):          bfb9c4b0  00005f8c  
I/DEBUG   (  162):          bfb9c4b4  00005f8c  
I/DEBUG   (  162):          bfb9c4b8  00000006  
I/DEBUG   (  162):          bfb9c4bc  00000000  
I/DEBUG   (  162):          bfb9c4c0  b7713268  /system/lib/libc.so
I/DEBUG   (  162):          bfb9c4c4  94f5a580  /dev/ashmem/dalvik-heap (deleted)
I/DEBUG   (  162):          bfb9c4c8  b768a449  /system/lib/libc.so (pthread_kill+9)
I/DEBUG   (  162):          bfb9c4cc  b7712fcc  /system/lib/libc.so
I/DEBUG   (  162):          bfb9c4d0  bfb9c51c  [stack]
I/DEBUG   (  162):          bfb9c4d4  bfb9c750  [stack]
I/DEBUG   (  162):          bfb9c4d8  00000000  
I/DEBUG   (  162):          bfb9c4dc  b768a82c  /system/lib/libc.so (raise+44)
I/BootReceiver(  470): Copying /data/tombstones/tombstone_03 to DropBox (SYSTEM_TOMBSTONE)
W/NetworkManagementSocketTagger(  470): setKernelCountSet(10082, 0) failed with errno -13
I/ActivityManager(  470): Process com.houzz.app (pid 24460) has died.
D/Zygote  (  166): Process 24460 terminated by signal (6)
I/ActivityManager(  470): Start proc com.houzz.app for activity com.houzz.app/.SplashScreenActivity: pid=24516 uid=10082 gids={50082, 3003, 1028, 1015, 1023}
W/NetworkManagementSocketTagger(  470): setKernelCountSet(10082, 1) failed with errno -13
I/dalvikvm(24516): ignoring registerObject request in thread=1
I/dalvikvm(24516): ignoring registerObject request in thread=1
W/ActivityManager(  470): Force-killing crashed app com.houzz.app at watcher's request
W/ContextImpl(  470): Calling a method in the system process without a qualified user: android.app.ContextImpl.sendBroadcast:1123 com.android.server.am.ActivityManagerService.handleApplicationCrashInner:9642 com.android.server.am.NativeCrashListener$NativeCrashReporter.run:86 <bottom of call stack> <bottom of call stack> 
I/MultiDex(24516): VM with version 1.6.0 does not have multidex support
I/MultiDex(24516): install
I/MultiDex(24516): MultiDexExtractor.load(/data/app/com.houzz.app-1.apk, false)
I/MultiDex(24516): loading existing secondary dex files
I/MultiDex(24516): load found 1 secondary dex files
I/MultiDex(24516): install done
I/dalvikvm(24516): Could not find method android.content.pm.PackageManager.getPackageInstaller, referenced from method com.google.android.gms.common.m.zzi
W/dalvikvm(24516): VFY: unable to resolve virtual method 632: Landroid/content/pm/PackageManager;.getPackageInstaller ()Landroid/content/pm/PackageInstaller;
D/dalvikvm(24516): VFY: replacing opcode 0x6e at 0x000a
I/GMPM    (24516): App measurement is starting up, version: 8487
