W/ContextImpl(22873): Calling a method in the system process without a qualified user: android.app.ContextImpl.bindService:1556 android.content.ContextWrapper.bindService:517 com.google.android.gms.common.stats.zzb.zza:-1 com.google.android.gms.common.stats.zzb.zza:-1 com.google.android.gms.ads.identifier.AdvertisingIdClient.zzh:-1 
W/PropertyValuesHolder(22873): Method setBrightness() with type int not found on target class class ml
W/PropertyValuesHolder(22873): Method getBrightness() with type int not found on target class class ml
I/ActivityManager(  470): START u0 {act=android.intent.action.MAIN cat=[android.intent.category.LAUNCHER] flg=0x10200000 cmp=co.happybits.marcopolo/.ui.screens.splash.SplashActivity bnds=[149,848][290,1078] (has extras)} from pid 22873
W/ContextImpl(22873): Calling a method in the system process without a qualified user: android.app.ContextImpl.sendBroadcast:1137 android.content.ContextWrapper.sendBroadcast:370 com.vphone.launcher.Stats.recordLaunch:129 com.vphone.launcher.Launcher.c:3163 com.vphone.launcher.Launcher.onClickAppShortcut:3115 
W/ContextImpl(22873): Calling a method in the system process without a qualified user: android.app.ContextImpl.startActivity:1020 android.content.ContextWrapper.startActivity:311 android.content.ContextWrapper.startActivity:311 com.vphone.launcher.utils.AppUtil.a:1506 com.vphone.launcher.utils.AppUtil.onQsbClicked:1486 
W/ContextImpl(22873): Calling a method in the system process without a qualified user: android.app.ContextImpl.startActivity:1032 android.app.ContextImpl.startActivity:1021 android.content.ContextWrapper.startActivity:311 android.content.ContextWrapper.startActivity:311 com.vphone.launcher.utils.AppUtil.a:1506 
W/DebugConnManager(22873): getNetworkInfo() on networkType 1
I/ActivityManager(  470): START u0 {flg=0x10000000 cmp=com.vphone.launcher/.game.SearchActivity} from pid 22873
D/dalvikvm(22873): GC_FOR_ALLOC freed 4039K, 20% free 21946K/27388K, paused 8ms, total 9ms
W/DebugConnManager(22873): getNetworkInfo() on networkType 1
W/Launcher(22873): No global search activity found.
I/ActivityManager(  470): START u0 {act=android.intent.action.MAIN cat=[android.intent.category.LAUNCHER] flg=0x10200000 cmp=com.android.contacts/.activities.PeopleActivity bnds=[290,388][431,618] (has extras)} from pid 22873
W/ContextImpl(22873): Calling a method in the system process without a qualified user: android.app.ContextImpl.sendBroadcast:1137 android.content.ContextWrapper.sendBroadcast:370 com.vphone.launcher.Stats.recordLaunch:129 com.vphone.launcher.Launcher.c:3163 com.vphone.launcher.Launcher.onClickAppShortcut:3115 
V/PanelView(  556): animationTick called with dtms=0; nothing to do (h=0.0 v=-0.0)
W/DebugConnManager(22873): getNetworkInfo() on networkType 1
I/ActivityManager(  470): START u0 {cmp=com.vphone.launcher/.game.GpLoadingActivity (has extras)} from pid 22873
W/ContextImpl(22873): Calling a method in the system process without a qualified user: android.app.ContextImpl.bindService:1556 android.content.ContextWrapper.bindService:517 com.google.android.gms.common.stats.zzb.zza:-1 com.google.android.gms.common.stats.zzb.zza:-1 com.google.android.gms.ads.identifier.AdvertisingIdClient.zzh:-1 
W/PropertyValuesHolder(22873): Method setBrightness() with type int not found on target class class ml
W/PropertyValuesHolder(22873): Method getBrightness() with type int not found on target class class ml
I/ActivityManager(  470): START u0 {act=android.intent.action.MAIN cat=[android.intent.category.LAUNCHER] flg=0x10000000 sel={act=android.intent.action.MAIN cat=[android.intent.category.APP_CALENDAR]}} from pid 470
D/dalvikvm(  470): GC_EXPLICIT freed 2451K, 48% free 16617K/31648K, paused 0ms+3ms, total 18ms
I/ActivityManager(  470): START u0 {act=android.intent.action.MAIN cat=[android.intent.category.LAUNCHER] flg=0x10200000 cmp=com.homes.rentals/.RentalsActivity bnds=[290,848][431,1078]} from pid 22873
W/ContextImpl(22873): Calling a method in the system process without a qualified user: android.app.ContextImpl.sendBroadcast:1137 android.content.ContextWrapper.sendBroadcast:370 com.vphone.launcher.Stats.recordLaunch:129 com.vphone.launcher.Launcher.c:3163 com.vphone.launcher.Launcher.onClickAppShortcut:3115 
W/ContextImpl(22873): Calling a method in the system process without a qualified user: android.app.ContextImpl.bindService:1556 android.content.ContextWrapper.bindService:517 com.google.android.gms.common.stats.zzb.zza:-1 com.google.android.gms.common.stats.zzb.zza:-1 com.google.android.gms.ads.identifier.AdvertisingIdClient.zzh:-1 
D/yeshen  (22873): launcher onpause
W/NetworkManagementSocketTagger(  470): setKernelCountSet(10081, 1) failed with errno -13
I/ActivityManager(  470): Start proc com.homes.rentals for activity com.homes.rentals/.RentalsActivity: pid=23315 uid=10081 gids={50081, 3003, 1028, 1015, 1023, 3002, 3001}
I/dalvikvm(23315): ignoring registerObject request in thread=1
I/dalvikvm(23315): ignoring registerObject request in thread=1
W/DebugConnManager(22873): getNetworkInfo() on networkType 1
I/TiApplication(23315): (main) [0,0] checkpoint, app created.
D/dalvikvm(22873): GC_FOR_ALLOC freed 3294K, 22% free 21929K/27896K, paused 13ms, total 13ms
D/dalvikvm(23315): JIT code cache reset in 0 ms (0 bytes 1/0)
D/dalvikvm(23315): GC_CONCURRENT freed 138K, 7% free 3092K/3296K, paused 1ms+8ms, total 21ms
D/dalvikvm(23315): GC_CONCURRENT freed 161K, 7% free 3391K/3632K, paused 2ms+1ms, total 6ms
D/dalvikvm(23315): GC_FOR_ALLOC freed 442K, 16% free 3348K/3960K, paused 2ms, total 2ms
D/dalvikvm(23315): GC_CONCURRENT freed <1K, 15% free 3378K/3960K, paused 3ms+1ms, total 6ms
D/dalvikvm(23315): GC_CONCURRENT freed 269K, 12% free 3492K/3960K, paused 2ms+1ms, total 5ms
D/dalvikvm(23315): GC_CONCURRENT freed 176K, 7% free 3702K/3960K, paused 4ms+0ms, total 7ms
D/dalvikvm(23315): GC_CONCURRENT freed 239K, 8% free 3847K/4152K, paused 2ms+0ms, total 5ms
I/TiApplication(23315): (main) [118,118] Titanium 5.5.1 (2016/09/27 05:39 b18727f)
D/dalvikvm(23315): GC_FOR_ALLOC freed 307K, 9% free 3895K/4264K, paused 3ms, total 3ms
I/dalvikvm-heap(23315): Grow heap (frag case) to 8.233MB for 4582946-byte allocation
D/dalvikvm(23315): GC_FOR_ALLOC freed <1K, 5% free 8370K/8740K, paused 7ms, total 7ms
D/dalvikvm(23315): GC_CONCURRENT freed 0K, 5% free 8370K/8740K, paused 1ms+1ms, total 4ms
D/dalvikvm(23315): GC_FOR_ALLOC freed 3K, 3% free 9951K/10240K, paused 5ms, total 5ms
D/dalvikvm(23315): GC_FOR_ALLOC freed 1K, 3% free 12060K/12340K, paused 5ms, total 5ms
D/dalvikvm(23315): GC_FOR_ALLOC freed 0K, 3% free 12845K/13120K, paused 3ms, total 3ms
D/dalvikvm(23315): Trying to load lib /data/app-lib/com.homes.rentals-1/libtiverify.so 0x94f61aa8
D/dalvikvm(23315): Added shared lib /data/app-lib/com.homes.rentals-1/libtiverify.so 0x94f61aa8
I/TiApplication(23315): (main) [243,361] Titanium Javascript runtime: v8
W/dalvikvm(23315): VFY: unable to find class referenced in signature (Lokhttp3/Request;)
W/dalvikvm(23315): VFY: unable to find class referenced in signature (Lokhttp3/Response;)
I/dalvikvm(23315): Could not find method okhttp3.Response.headers, referenced from method empirical.HelperClass.printOkHttpInfo
W/dalvikvm(23315): VFY: unable to resolve virtual method 40189: Lokhttp3/Response;.headers ()Lokhttp3/Headers;
D/dalvikvm(23315): VFY: replacing opcode 0x6e at 0x0006
W/dalvikvm(23315): VFY: unable to find class referenced in signature (Lokhttp3/Call;)
W/dalvikvm(23315): VFY: unable to find class referenced in signature (Lokhttp3/Response;)
I/dalvikvm(23315): Could not find method okhttp3.Call.request, referenced from method empirical.HelperClass.printOkHttpInfoFromCall
W/dalvikvm(23315): VFY: unable to resolve interface method 40183: Lokhttp3/Call;.request ()Lokhttp3/Request;
D/dalvikvm(23315): VFY: replacing opcode 0x72 at 0x0006
I/System.out(23315): body:<org.appcelerator.titanium.util.TiResponseCache: void <init>(java.io.File,org.appcelerator.titanium.TiApplication)>	sig:specialinvoke $r0.<java.net.ResponseCache: void <init>()>()	timediff:0
D/dalvikvm(23315): Trying to load lib /data/app-lib/com.homes.rentals-1/libstlport_shared.so 0x94f61aa8
D/dalvikvm(23315): Added shared lib /data/app-lib/com.homes.rentals-1/libstlport_shared.so 0x94f61aa8
D/dalvikvm(23315): No JNI_OnLoad found in /data/app-lib/com.homes.rentals-1/libstlport_shared.so 0x94f61aa8, skipping init
D/dalvikvm(23315): Trying to load lib /data/app-lib/com.homes.rentals-1/libkroll-v8.so 0x94f61aa8
I/System.out(23315): body:<org.appcelerator.titanium.TiApplication: void postOnCreate()>	sig:staticinvoke <org.appcelerator.titanium.util.TiResponseCache: void setDefault(java.net.ResponseCache)>($r5)	timediff:0
D/CrittercismAndroidModule(23315): (main) [7,368] App context is defined.
W/dalvikvm(23315): DexOpt: resolve class illegal access: Landroid/support/v7/app/AppCompatActivity; -> Landroid/support/v4/app/BaseFragmentActivityDonut;
W/dalvikvm(23315): VFY: unable to resolve instance field 328
D/dalvikvm(23315): VFY: replacing opcode 0x54 at 0x0005
D/dalvikvm(23315): DexOpt: couldn't find field Landroid/support/v4/app/BaseFragmentActivityDonut;._nr_trace
W/dalvikvm(23315): VFY: unable to resolve instance field 328
D/dalvikvm(23315): VFY: replacing opcode 0x54 at 0x0005
I/TiRootActivity(23315): (main) [0,0] checkpoint, on root activity create, savedInstanceState: null
D/dalvikvm(23315): Added shared lib /data/app-lib/com.homes.rentals-1/libkroll-v8.so 0x94f61aa8
I/System.out(23315): body:<org.appcelerator.titanium.util.TiUrl: org.appcelerator.titanium.util.TiUrl normalizeWindowUrl(java.lang.String,java.lang.String)>	sig:specialinvoke $r5.<java.net.URI: void <init>(java.lang.String)>($r1)	timediff:0
I/System.out(23315): body:<org.appcelerator.titanium.util.TiUrl: org.appcelerator.titanium.util.TiUrl normalizeWindowUrl(java.lang.String,java.lang.String)>	sig:$r4 = virtualinvoke $r5.<java.net.URI: java.lang.String getScheme()>()	timediff:0
I/System.out(23315): body:<org.appcelerator.titanium.util.TiUrl: org.appcelerator.titanium.util.TiUrl normalizeWindowUrl(java.lang.String,java.lang.String)>	sig:$r3 = virtualinvoke $r5.<java.net.URI: java.lang.String getPath()>()	timediff:0
I/dalvikvm(23315): Could not find method android.app.Activity.checkSelfPermission, referenced from method org.appcelerator.titanium.util.TiFileHelper2.hasStoragePermission
W/dalvikvm(23315): VFY: unable to resolve virtual method 33: Landroid/app/Activity;.checkSelfPermission (Ljava/lang/String;)I
D/dalvikvm(23315): VFY: replacing opcode 0x6e at 0x0016
W/V8Object(23315): (KrollRuntimeThread) [40,40] Runtime disposed, cannot set property 'userAgent'
I/dalvikvm(23315): Could not find method android.app.Activity.checkSelfPermission, referenced from method ti.modules.titanium.android.AndroidModule.hasPermission
W/dalvikvm(23315): VFY: unable to resolve virtual method 33: Landroid/app/Activity;.checkSelfPermission (Ljava/lang/String;)I
D/dalvikvm(23315): VFY: replacing opcode 0x6e at 0x0010
I/dalvikvm(23315): Could not find method android.app.Activity.checkSelfPermission, referenced from method ti.modules.titanium.android.AndroidModule.requestPermissions
W/dalvikvm(23315): VFY: unable to resolve virtual method 33: Landroid/app/Activity;.checkSelfPermission (Ljava/lang/String;)I
D/dalvikvm(23315): VFY: replacing opcode 0x6e at 0x001a
I/dalvikvm(23315): Could not find method android.app.Activity.requestPermissions, referenced from method ti.modules.titanium.android.AndroidModule.requestPermissions
W/dalvikvm(23315): VFY: unable to resolve virtual method 91: Landroid/app/Activity;.requestPermissions ([Ljava/lang/String;I)V
D/dalvikvm(23315): VFY: replacing opcode 0x6e at 0x0052
I/dalvikvm(23315): Could not find method android.app.Activity.checkSelfPermission, referenced from method ti.modules.titanium.media.MediaModule.hasCameraPermission
W/dalvikvm(23315): VFY: unable to resolve virtual method 33: Landroid/app/Activity;.checkSelfPermission (Ljava/lang/String;)I
D/dalvikvm(23315): VFY: replacing opcode 0x6e at 0x0012
I/dalvikvm(23315): Could not find method android.app.Activity.checkSelfPermission, referenced from method ti.modules.titanium.media.MediaModule.hasStoragePermission
W/dalvikvm(23315): VFY: unable to resolve virtual method 33: Landroid/app/Activity;.checkSelfPermission (Ljava/lang/String;)I
D/dalvikvm(23315): VFY: replacing opcode 0x6e at 0x0012
I/dalvikvm(23315): Could not find method android.app.Activity.checkSelfPermission, referenced from method ti.modules.titanium.media.MediaModule.hasCameraPermissions
W/dalvikvm(23315): VFY: unable to resolve virtual method 33: Landroid/app/Activity;.checkSelfPermission (Ljava/lang/String;)I
D/dalvikvm(23315): VFY: replacing opcode 0x6e at 0x0012
I/dalvikvm(23315): Could not find method android.app.Activity.requestPermissions, referenced from method ti.modules.titanium.media.MediaModule.requestCameraPermissions
W/dalvikvm(23315): VFY: unable to resolve virtual method 91: Landroid/app/Activity;.requestPermissions ([Ljava/lang/String;I)V
D/dalvikvm(23315): VFY: replacing opcode 0x6e at 0x0037
I/dalvikvm(23315): Could not find method android.app.Activity.checkSelfPermission, referenced from method ti.modules.titanium.filesystem.FilesystemModule.hasStoragePermissions
W/dalvikvm(23315): VFY: unable to resolve virtual method 33: Landroid/app/Activity;.checkSelfPermission (Ljava/lang/String;)I
D/dalvikvm(23315): VFY: replacing opcode 0x6e at 0x0012
I/dalvikvm(23315): Could not find method android.app.Activity.requestPermissions, referenced from method ti.modules.titanium.filesystem.FilesystemModule.requestStoragePermissions
W/dalvikvm(23315): VFY: unable to resolve virtual method 91: Landroid/app/Activity;.requestPermissions ([Ljava/lang/String;I)V
D/dalvikvm(23315): VFY: replacing opcode 0x6e at 0x0026
D/dalvikvm(23315): Trying to load lib /data/app-lib/com.homes.rentals-1/libbencoding.android.tools.so 0x94f61aa8
D/dalvikvm(23315): Added shared lib /data/app-lib/com.homes.rentals-1/libbencoding.android.tools.so 0x94f61aa8
D/dalvikvm(23315): No JNI_OnLoad found in /data/app-lib/com.homes.rentals-1/libbencoding.android.tools.so 0x94f61aa8, skipping init
D/dalvikvm(23315): Trying to load lib /data/app-lib/com.homes.rentals-1/libti.map.so 0x94f61aa8
D/dalvikvm(23315): Added shared lib /data/app-lib/com.homes.rentals-1/libti.map.so 0x94f61aa8
D/dalvikvm(23315): No JNI_OnLoad found in /data/app-lib/com.homes.rentals-1/libti.map.so 0x94f61aa8, skipping init
D/dalvikvm(23315): Trying to load lib /data/app-lib/com.homes.rentals-1/libcom.appcelerator.apm.so 0x94f61aa8
D/dalvikvm(23315): Added shared lib /data/app-lib/com.homes.rentals-1/libcom.appcelerator.apm.so 0x94f61aa8
D/dalvikvm(23315): No JNI_OnLoad found in /data/app-lib/com.homes.rentals-1/libcom.appcelerator.apm.so 0x94f61aa8, skipping init
D/dalvikvm(23315): Trying to load lib /data/app-lib/com.homes.rentals-1/libti.omniture.so 0x94f61aa8
D/dalvikvm(23315): Added shared lib /data/app-lib/com.homes.rentals-1/libti.omniture.so 0x94f61aa8
D/dalvikvm(23315): No JNI_OnLoad found in /data/app-lib/com.homes.rentals-1/libti.omniture.so 0x94f61aa8, skipping init
D/dalvikvm(23315): Trying to load lib /data/app-lib/com.homes.rentals-1/libti.gigya.so 0x94f61aa8
D/dalvikvm(23315): Added shared lib /data/app-lib/com.homes.rentals-1/libti.gigya.so 0x94f61aa8
D/dalvikvm(23315): No JNI_OnLoad found in /data/app-lib/com.homes.rentals-1/libti.gigya.so 0x94f61aa8, skipping init
D/dalvikvm(23315): Trying to load lib /data/app-lib/com.homes.rentals-1/libti.newrelic.so 0x94f61aa8
D/dalvikvm(23315): Added shared lib /data/app-lib/com.homes.rentals-1/libti.newrelic.so 0x94f61aa8
D/dalvikvm(23315): No JNI_OnLoad found in /data/app-lib/com.homes.rentals-1/libti.newrelic.so 0x94f61aa8, skipping init
D/AndroidRuntime(23315): Shutting down VM
W/dalvikvm(23315): threadid=1: thread exiting with uncaught exception (group=0x94c8eb20)
E/TiApplication(23315): (main) [28,68] Sending event: exception on thread: main msg:java.lang.IllegalAccessError: tried to access class android.support.v4.app.BaseFragmentActivityDonut from class android.support.v7.app.AppCompatActivity; Titanium 5.5.1,2016/09/27 05:39,b18727f
E/TiApplication(23315): java.lang.IllegalAccessError: tried to access class android.support.v4.app.BaseFragmentActivityDonut from class android.support.v7.app.AppCompatActivity
E/TiApplication(23315): 	at android.support.v7.app.AppCompatActivity.onCreate(AppCompatActivity.java)
E/TiApplication(23315): 	at org.appcelerator.titanium.TiBaseActivity.onCreate(TiBaseActivity.java:671)
E/TiApplication(23315): 	at org.appcelerator.titanium.TiLaunchActivity.onCreate(TiLaunchActivity.java:143)
E/TiApplication(23315): 	at org.appcelerator.titanium.TiRootActivity.onCreate(TiRootActivity.java:96)
E/TiApplication(23315): 	at android.app.Activity.performCreate(Activity.java:5231)
E/TiApplication(23315): 	at android.app.Instrumentation.callActivityOnCreate(Instrumentation.java:1104)
E/TiApplication(23315): 	at android.app.ActivityThread.performLaunchActivity(ActivityThread.java:2157)
E/TiApplication(23315): 	at android.app.ActivityThread.handleLaunchActivity(ActivityThread.java:2243)
E/TiApplication(23315): 	at android.app.ActivityThread.access$800(ActivityThread.java:135)
E/TiApplication(23315): 	at android.app.ActivityThread$H.handleMessage(ActivityThread.java:1196)
E/TiApplication(23315): 	at android.os.Handler.dispatchMessage(Handler.java:102)
E/TiApplication(23315): 	at android.os.Looper.loop(Looper.java:136)
E/TiApplication(23315): 	at android.app.ActivityThread.main(ActivityThread.java:5019)
E/TiApplication(23315): 	at java.lang.reflect.Method.invokeNative(Native Method)
E/TiApplication(23315): 	at java.lang.reflect.Method.invoke(Method.java:515)
E/TiApplication(23315): 	at com.android.internal.os.ZygoteInit$MethodAndArgsCaller.run(ZygoteInit.java:779)
E/TiApplication(23315): 	at com.android.internal.os.ZygoteInit.main(ZygoteInit.java:595)
E/TiApplication(23315): 	at dalvik.system.NativeStart.main(Native Method)
I/Process (  470): Sending signal. PID: 23315 SIG: 9
E/AndroidRuntime(23315): FATAL EXCEPTION: main
E/AndroidRuntime(23315): Process: com.homes.rentals, PID: 23315
E/AndroidRuntime(23315): java.lang.IllegalAccessError: tried to access class android.support.v4.app.BaseFragmentActivityDonut from class android.support.v7.app.AppCompatActivity
E/AndroidRuntime(23315): 	at android.support.v7.app.AppCompatActivity.onCreate(AppCompatActivity.java)
E/AndroidRuntime(23315): 	at org.appcelerator.titanium.TiBaseActivity.onCreate(TiBaseActivity.java:671)
E/AndroidRuntime(23315): 	at org.appcelerator.titanium.TiLaunchActivity.onCreate(TiLaunchActivity.java:143)
E/AndroidRuntime(23315): 	at org.appcelerator.titanium.TiRootActivity.onCreate(TiRootActivity.java:96)
E/AndroidRuntime(23315): 	at android.app.Activity.performCreate(Activity.java:5231)
E/AndroidRuntime(23315): 	at android.app.Instrumentation.callActivityOnCreate(Instrumentation.java:1104)
E/AndroidRuntime(23315): 	at android.app.ActivityThread.performLaunchActivity(ActivityThread.java:2157)
E/AndroidRuntime(23315): 	at android.app.ActivityThread.handleLaunchActivity(ActivityThread.java:2243)
E/AndroidRuntime(23315): 	at android.app.ActivityThread.access$800(ActivityThread.java:135)
E/AndroidRuntime(23315): 	at android.app.ActivityThread$H.handleMessage(ActivityThread.java:1196)
E/AndroidRuntime(23315): 	at android.os.Handler.dispatchMessage(Handler.java:102)
E/AndroidRuntime(23315): 	at android.os.Looper.loop(Looper.java:136)
E/AndroidRuntime(23315): 	at android.app.ActivityThread.main(ActivityThread.java:5019)
E/AndroidRuntime(23315): 	at java.lang.reflect.Method.invokeNative(Native Method)
E/AndroidRuntime(23315): 	at java.lang.reflect.Method.invoke(Method.java:515)
E/AndroidRuntime(23315): 	at com.android.internal.os.ZygoteInit$MethodAndArgsCaller.run(ZygoteInit.java:779)
E/AndroidRuntime(23315): 	at com.android.internal.os.ZygoteInit.main(ZygoteInit.java:595)
E/AndroidRuntime(23315): 	at dalvik.system.NativeStart.main(Native Method)
W/ActivityManager(  470): Force-killing crashed app com.homes.rentals at watcher's request
W/ContextImpl(  470): Calling a method in the system process without a qualified user: android.app.ContextImpl.sendBroadcast:1123 com.android.server.am.ActivityManagerService.handleApplicationCrashInner:9642 com.android.server.am.ActivityManagerService.handleApplicationCrash:9616 android.app.ActivityManagerNative.onTransact:1311 com.android.server.am.ActivityManagerService.onTransact:2071 
W/NetworkManagementSocketTagger(  470): setKernelCountSet(10081, 0) failed with errno -13
I/ActivityManager(  470): Process com.homes.rentals (pid 23315) has died.
I/ActivityManager(  470): Start proc com.homes.rentals for activity com.homes.rentals/.RentalsActivity: pid=23332 uid=10081 gids={50081, 3003, 1028, 1015, 1023, 3002, 3001}
W/NetworkManagementSocketTagger(  470): setKernelCountSet(10081, 1) failed with errno -13
I/dalvikvm(23332): ignoring registerObject request in thread=1
I/dalvikvm(23332): ignoring registerObject request in thread=1
I/TiApplication(23332): (main) [0,0] checkpoint, app created.
D/dalvikvm(23332): JIT code cache reset in 0 ms (0 bytes 1/0)
D/dalvikvm(23332): GC_CONCURRENT freed 141K, 7% free 3089K/3296K, paused 1ms+1ms, total 5ms
D/dalvikvm(23332): GC_CONCURRENT freed 162K, 7% free 3391K/3636K, paused 2ms+0ms, total 4ms
D/dalvikvm(23332): GC_CONCURRENT freed 436K, 15% free 3384K/3964K, paused 2ms+1ms, total 5ms
D/dalvikvm(23332): WAIT_FOR_CONCURRENT_GC blocked 1ms
D/dalvikvm(23332): GC_CONCURRENT freed 275K, 12% free 3492K/3964K, paused 3ms+0ms, total 5ms
D/dalvikvm(23332): GC_CONCURRENT freed 176K, 7% free 3702K/3964K, paused 3ms+1ms, total 5ms
D/dalvikvm(23332): GC_CONCURRENT freed 240K, 8% free 3847K/4152K, paused 1ms+1ms, total 4ms
I/TiApplication(23332): (main) [70,70] Titanium 5.5.1 (2016/09/27 05:39 b18727f)
D/dalvikvm(23332): GC_FOR_ALLOC freed 306K, 9% free 3895K/4264K, paused 4ms, total 4ms
I/dalvikvm-heap(23332): Grow heap (frag case) to 8.233MB for 4582946-byte allocation
D/dalvikvm(23332): GC_FOR_ALLOC freed <1K, 5% free 8371K/8740K, paused 4ms, total 4ms
D/dalvikvm(23332): GC_CONCURRENT freed 3K, 5% free 8368K/8740K, paused 1ms+0ms, total 3ms
D/dalvikvm(23332): GC_FOR_ALLOC freed 2K, 3% free 9949K/10240K, paused 3ms, total 3ms
D/dalvikvm(23332): GC_FOR_ALLOC freed 0K, 3% free 12060K/12340K, paused 3ms, total 3ms
D/dalvikvm(23332): GC_FOR_ALLOC freed 0K, 3% free 12845K/13120K, paused 2ms, total 2ms
D/dalvikvm(23332): Trying to load lib /data/app-lib/com.homes.rentals-1/libtiverify.so 0x94f629b8
D/dalvikvm(23332): Added shared lib /data/app-lib/com.homes.rentals-1/libtiverify.so 0x94f629b8
I/TiApplication(23332): (main) [195,265] Titanium Javascript runtime: v8
W/dalvikvm(23332): VFY: unable to find class referenced in signature (Lokhttp3/Request;)
W/dalvikvm(23332): VFY: unable to find class referenced in signature (Lokhttp3/Response;)
I/dalvikvm(23332): Could not find method okhttp3.Response.headers, referenced from method empirical.HelperClass.printOkHttpInfo
W/dalvikvm(23332): VFY: unable to resolve virtual method 40189: Lokhttp3/Response;.headers ()Lokhttp3/Headers;
D/dalvikvm(23332): VFY: replacing opcode 0x6e at 0x0006
W/dalvikvm(23332): VFY: unable to find class referenced in signature (Lokhttp3/Call;)
W/dalvikvm(23332): VFY: unable to find class referenced in signature (Lokhttp3/Response;)
I/dalvikvm(23332): Could not find method okhttp3.Call.request, referenced from method empirical.HelperClass.printOkHttpInfoFromCall
W/dalvikvm(23332): VFY: unable to resolve interface method 40183: Lokhttp3/Call;.request ()Lokhttp3/Request;
D/dalvikvm(23332): VFY: replacing opcode 0x72 at 0x0006
I/System.out(23332): body:<org.appcelerator.titanium.util.TiResponseCache: void <init>(java.io.File,org.appcelerator.titanium.TiApplication)>	sig:specialinvoke $r0.<java.net.ResponseCache: void <init>()>()	timediff:0
D/dalvikvm(23332): Trying to load lib /data/app-lib/com.homes.rentals-1/libstlport_shared.so 0x94f629b8
D/dalvikvm(23332): Added shared lib /data/app-lib/com.homes.rentals-1/libstlport_shared.so 0x94f629b8
D/dalvikvm(23332): No JNI_OnLoad found in /data/app-lib/com.homes.rentals-1/libstlport_shared.so 0x94f629b8, skipping init
D/dalvikvm(23332): Trying to load lib /data/app-lib/com.homes.rentals-1/libkroll-v8.so 0x94f629b8
I/System.out(23332): body:<org.appcelerator.titanium.TiApplication: void postOnCreate()>	sig:staticinvoke <org.appcelerator.titanium.util.TiResponseCache: void setDefault(java.net.ResponseCache)>($r5)	timediff:0
D/CrittercismAndroidModule(23332): (main) [6,271] App context is defined.
W/dalvikvm(23332): DexOpt: resolve class illegal access: Landroid/support/v7/app/AppCompatActivity; -> Landroid/support/v4/app/BaseFragmentActivityDonut;
W/dalvikvm(23332): VFY: unable to resolve instance field 328
D/dalvikvm(23332): VFY: replacing opcode 0x54 at 0x0005
D/dalvikvm(23332): DexOpt: couldn't find field Landroid/support/v4/app/BaseFragmentActivityDonut;._nr_trace
W/dalvikvm(23332): VFY: unable to resolve instance field 328
D/dalvikvm(23332): VFY: replacing opcode 0x54 at 0x0005
I/TiRootActivity(23332): (main) [0,0] checkpoint, on root activity create, savedInstanceState: null
D/dalvikvm(23332): Added shared lib /data/app-lib/com.homes.rentals-1/libkroll-v8.so 0x94f629b8
I/System.out(23332): body:<org.appcelerator.titanium.util.TiUrl: org.appcelerator.titanium.util.TiUrl normalizeWindowUrl(java.lang.String,java.lang.String)>	sig:specialinvoke $r5.<java.net.URI: void <init>(java.lang.String)>($r1)	timediff:0
I/System.out(23332): body:<org.appcelerator.titanium.util.TiUrl: org.appcelerator.titanium.util.TiUrl normalizeWindowUrl(java.lang.String,java.lang.String)>	sig:$r4 = virtualinvoke $r5.<java.net.URI: java.lang.String getScheme()>()	timediff:0
I/System.out(23332): body:<org.appcelerator.titanium.util.TiUrl: org.appcelerator.titanium.util.TiUrl normalizeWindowUrl(java.lang.String,java.lang.String)>	sig:$r3 = virtualinvoke $r5.<java.net.URI: java.lang.String getPath()>()	timediff:0
I/dalvikvm(23332): Could not find method android.app.Activity.checkSelfPermission, referenced from method org.appcelerator.titanium.util.TiFileHelper2.hasStoragePermission
W/dalvikvm(23332): VFY: unable to resolve virtual method 33: Landroid/app/Activity;.checkSelfPermission (Ljava/lang/String;)I
D/dalvikvm(23332): VFY: replacing opcode 0x6e at 0x0016
W/V8Object(23332): (KrollRuntimeThread) [33,33] Runtime disposed, cannot set property 'userAgent'
I/dalvikvm(23332): Could not find method android.app.Activity.checkSelfPermission, referenced from method ti.modules.titanium.android.AndroidModule.hasPermission
W/dalvikvm(23332): VFY: unable to resolve virtual method 33: Landroid/app/Activity;.checkSelfPermission (Ljava/lang/String;)I
D/dalvikvm(23332): VFY: replacing opcode 0x6e at 0x0010
I/dalvikvm(23332): Could not find method android.app.Activity.checkSelfPermission, referenced from method ti.modules.titanium.android.AndroidModule.requestPermissions
W/dalvikvm(23332): VFY: unable to resolve virtual method 33: Landroid/app/Activity;.checkSelfPermission (Ljava/lang/String;)I
D/dalvikvm(23332): VFY: replacing opcode 0x6e at 0x001a
I/dalvikvm(23332): Could not find method android.app.Activity.requestPermissions, referenced from method ti.modules.titanium.android.AndroidModule.requestPermissions
W/dalvikvm(23332): VFY: unable to resolve virtual method 91: Landroid/app/Activity;.requestPermissions ([Ljava/lang/String;I)V
D/dalvikvm(23332): VFY: replacing opcode 0x6e at 0x0052
I/dalvikvm(23332): Could not find method android.app.Activity.checkSelfPermission, referenced from method ti.modules.titanium.media.MediaModule.hasCameraPermission
W/dalvikvm(23332): VFY: unable to resolve virtual method 33: Landroid/app/Activity;.checkSelfPermission (Ljava/lang/String;)I
D/dalvikvm(23332): VFY: replacing opcode 0x6e at 0x0012
I/dalvikvm(23332): Could not find method android.app.Activity.checkSelfPermission, referenced from method ti.modules.titanium.media.MediaModule.hasStoragePermission
W/dalvikvm(23332): VFY: unable to resolve virtual method 33: Landroid/app/Activity;.checkSelfPermission (Ljava/lang/String;)I
D/dalvikvm(23332): VFY: replacing opcode 0x6e at 0x0012
I/dalvikvm(23332): Could not find method android.app.Activity.checkSelfPermission, referenced from method ti.modules.titanium.media.MediaModule.hasCameraPermissions
W/dalvikvm(23332): VFY: unable to resolve virtual method 33: Landroid/app/Activity;.checkSelfPermission (Ljava/lang/String;)I
D/dalvikvm(23332): VFY: replacing opcode 0x6e at 0x0012
I/dalvikvm(23332): Could not find method android.app.Activity.requestPermissions, referenced from method ti.modules.titanium.media.MediaModule.requestCameraPermissions
W/dalvikvm(23332): VFY: unable to resolve virtual method 91: Landroid/app/Activity;.requestPermissions ([Ljava/lang/String;I)V
D/dalvikvm(23332): VFY: replacing opcode 0x6e at 0x0037
I/dalvikvm(23332): Could not find method android.app.Activity.checkSelfPermission, referenced from method ti.modules.titanium.filesystem.FilesystemModule.hasStoragePermissions
W/dalvikvm(23332): VFY: unable to resolve virtual method 33: Landroid/app/Activity;.checkSelfPermission (Ljava/lang/String;)I
D/dalvikvm(23332): VFY: replacing opcode 0x6e at 0x0012
I/dalvikvm(23332): Could not find method android.app.Activity.requestPermissions, referenced from method ti.modules.titanium.filesystem.FilesystemModule.requestStoragePermissions
W/dalvikvm(23332): VFY: unable to resolve virtual method 91: Landroid/app/Activity;.requestPermissions ([Ljava/lang/String;I)V
D/dalvikvm(23332): VFY: replacing opcode 0x6e at 0x0026
D/dalvikvm(23332): Trying to load lib /data/app-lib/com.homes.rentals-1/libbencoding.android.tools.so 0x94f629b8
D/dalvikvm(23332): Added shared lib /data/app-lib/com.homes.rentals-1/libbencoding.android.tools.so 0x94f629b8
D/dalvikvm(23332): No JNI_OnLoad found in /data/app-lib/com.homes.rentals-1/libbencoding.android.tools.so 0x94f629b8, skipping init
D/dalvikvm(23332): Trying to load lib /data/app-lib/com.homes.rentals-1/libti.map.so 0x94f629b8
D/dalvikvm(23332): Added shared lib /data/app-lib/com.homes.rentals-1/libti.map.so 0x94f629b8
D/dalvikvm(23332): No JNI_OnLoad found in /data/app-lib/com.homes.rentals-1/libti.map.so 0x94f629b8, skipping init
D/dalvikvm(23332): Trying to load lib /data/app-lib/com.homes.rentals-1/libcom.appcelerator.apm.so 0x94f629b8
D/dalvikvm(23332): Added shared lib /data/app-lib/com.homes.rentals-1/libcom.appcelerator.apm.so 0x94f629b8
D/dalvikvm(23332): No JNI_OnLoad found in /data/app-lib/com.homes.rentals-1/libcom.appcelerator.apm.so 0x94f629b8, skipping init
D/dalvikvm(23332): Trying to load lib /data/app-lib/com.homes.rentals-1/libti.omniture.so 0x94f629b8
D/dalvikvm(23332): Added shared lib /data/app-lib/com.homes.rentals-1/libti.omniture.so 0x94f629b8
D/dalvikvm(23332): No JNI_OnLoad found in /data/app-lib/com.homes.rentals-1/libti.omniture.so 0x94f629b8, skipping init
D/dalvikvm(23332): Trying to load lib /data/app-lib/com.homes.rentals-1/libti.gigya.so 0x94f629b8
D/dalvikvm(23332): Added shared lib /data/app-lib/com.homes.rentals-1/libti.gigya.so 0x94f629b8
D/dalvikvm(23332): No JNI_OnLoad found in /data/app-lib/com.homes.rentals-1/libti.gigya.so 0x94f629b8, skipping init
D/dalvikvm(23332): Trying to load lib /data/app-lib/com.homes.rentals-1/libti.newrelic.so 0x94f629b8
D/dalvikvm(23332): Added shared lib /data/app-lib/com.homes.rentals-1/libti.newrelic.so 0x94f629b8
D/dalvikvm(23332): No JNI_OnLoad found in /data/app-lib/com.homes.rentals-1/libti.newrelic.so 0x94f629b8, skipping init
D/AndroidRuntime(23332): Shutting down VM
W/dalvikvm(23332): threadid=1: thread exiting with uncaught exception (group=0x94c8eb20)
E/TiApplication(23332): (main) [24,57] Sending event: exception on thread: main msg:java.lang.IllegalAccessError: tried to access class android.support.v4.app.BaseFragmentActivityDonut from class android.support.v7.app.AppCompatActivity; Titanium 5.5.1,2016/09/27 05:39,b18727f
E/TiApplication(23332): java.lang.IllegalAccessError: tried to access class android.support.v4.app.BaseFragmentActivityDonut from class android.support.v7.app.AppCompatActivity
E/TiApplication(23332): 	at android.support.v7.app.AppCompatActivity.onCreate(AppCompatActivity.java)
E/TiApplication(23332): 	at org.appcelerator.titanium.TiBaseActivity.onCreate(TiBaseActivity.java:671)
E/TiApplication(23332): 	at org.appcelerator.titanium.TiLaunchActivity.onCreate(TiLaunchActivity.java:143)
E/TiApplication(23332): 	at org.appcelerator.titanium.TiRootActivity.onCreate(TiRootActivity.java:96)
E/TiApplication(23332): 	at android.app.Activity.performCreate(Activity.java:5231)
E/TiApplication(23332): 	at android.app.Instrumentation.callActivityOnCreate(Instrumentation.java:1104)
E/TiApplication(23332): 	at android.app.ActivityThread.performLaunchActivity(ActivityThread.java:2157)
E/TiApplication(23332): 	at android.app.ActivityThread.handleLaunchActivity(ActivityThread.java:2243)
E/TiApplication(23332): 	at android.app.ActivityThread.access$800(ActivityThread.java:135)
E/TiApplication(23332): 	at android.app.ActivityThread$H.handleMessage(ActivityThread.java:1196)
E/TiApplication(23332): 	at android.os.Handler.dispatchMessage(Handler.java:102)
E/TiApplication(23332): 	at android.os.Looper.loop(Looper.java:136)
E/TiApplication(23332): 	at android.app.ActivityThread.main(ActivityThread.java:5019)
E/TiApplication(23332): 	at java.lang.reflect.Method.invokeNative(Native Method)
E/TiApplication(23332): 	at java.lang.reflect.Method.invoke(Method.java:515)
E/TiApplication(23332): 	at com.android.internal.os.ZygoteInit$MethodAndArgsCaller.run(ZygoteInit.java:779)
E/TiApplication(23332): 	at com.android.internal.os.ZygoteInit.main(ZygoteInit.java:595)
E/TiApplication(23332): 	at dalvik.system.NativeStart.main(Native Method)
I/Process (  470): Sending signal. PID: 23332 SIG: 9
E/AndroidRuntime(23332): FATAL EXCEPTION: main
E/AndroidRuntime(23332): Process: com.homes.rentals, PID: 23332
E/AndroidRuntime(23332): java.lang.IllegalAccessError: tried to access class android.support.v4.app.BaseFragmentActivityDonut from class android.support.v7.app.AppCompatActivity
E/AndroidRuntime(23332): 	at android.support.v7.app.AppCompatActivity.onCreate(AppCompatActivity.java)
E/AndroidRuntime(23332): 	at org.appcelerator.titanium.TiBaseActivity.onCreate(TiBaseActivity.java:671)
E/AndroidRuntime(23332): 	at org.appcelerator.titanium.TiLaunchActivity.onCreate(TiLaunchActivity.java:143)
E/AndroidRuntime(23332): 	at org.appcelerator.titanium.TiRootActivity.onCreate(TiRootActivity.java:96)
E/AndroidRuntime(23332): 	at android.app.Activity.performCreate(Activity.java:5231)
E/AndroidRuntime(23332): 	at android.app.Instrumentation.callActivityOnCreate(Instrumentation.java:1104)
E/AndroidRuntime(23332): 	at android.app.ActivityThread.performLaunchActivity(ActivityThread.java:2157)
E/AndroidRuntime(23332): 	at android.app.ActivityThread.handleLaunchActivity(ActivityThread.java:2243)
E/AndroidRuntime(23332): 	at android.app.ActivityThread.access$800(ActivityThread.java:135)
E/AndroidRuntime(23332): 	at android.app.ActivityThread$H.handleMessage(ActivityThread.java:1196)
E/AndroidRuntime(23332): 	at android.os.Handler.dispatchMessage(Handler.java:102)
E/AndroidRuntime(23332): 	at android.os.Looper.loop(Looper.java:136)
E/AndroidRuntime(23332): 	at android.app.ActivityThread.main(ActivityThread.java:5019)
E/AndroidRuntime(23332): 	at java.lang.reflect.Method.invokeNative(Native Method)
E/AndroidRuntime(23332): 	at java.lang.reflect.Method.invoke(Method.java:515)
E/AndroidRuntime(23332): 	at com.android.internal.os.ZygoteInit$MethodAndArgsCaller.run(ZygoteInit.java:779)
E/AndroidRuntime(23332): 	at com.android.internal.os.ZygoteInit.main(ZygoteInit.java:595)
E/AndroidRuntime(23332): 	at dalvik.system.NativeStart.main(Native Method)
W/ActivityManager(  470): Force-killing crashed app com.homes.rentals at watcher's request
W/ContextImpl(  470): Calling a method in the system process without a qualified user: android.app.ContextImpl.sendBroadcast:1123 com.android.server.am.ActivityManagerService.handleApplicationCrashInner:9642 com.android.server.am.ActivityManagerService.handleApplicationCrash:9616 android.app.ActivityManagerNative.onTransact:1311 com.android.server.am.ActivityManagerService.onTransact:2071 
W/NetworkManagementSocketTagger(  470): setKernelCountSet(10081, 0) failed with errno -13
I/ActivityManager(  470): Process com.homes.rentals (pid 23332) has died.
I/ActivityManager(  470): Start proc com.homes.rentals for activity com.homes.rentals/.RentalsActivity: pid=23350 uid=10081 gids={50081, 3003, 1028, 1015, 1023, 3002, 3001}
W/NetworkManagementSocketTagger(  470): setKernelCountSet(10081, 1) failed with errno -13
I/dalvikvm(23350): ignoring registerObject request in thread=1
I/dalvikvm(23350): ignoring registerObject request in thread=1
I/TiApplication(23350): (main) [0,0] checkpoint, app created.
D/dalvikvm(23350): JIT code cache reset in 0 ms (0 bytes 1/0)
D/dalvikvm(23350): GC_CONCURRENT freed 143K, 7% free 3089K/3296K, paused 1ms+1ms, total 4ms
D/dalvikvm(23350): GC_CONCURRENT freed 164K, 7% free 3391K/3636K, paused 1ms+0ms, total 3ms
D/dalvikvm(23350): GC_CONCURRENT freed 436K, 15% free 3384K/3964K, paused 3ms+0ms, total 5ms
D/dalvikvm(23350): GC_CONCURRENT freed 276K, 10% free 3572K/3964K, paused 1ms+7ms, total 10ms
D/dalvikvm(23350): GC_CONCURRENT freed 215K, 7% free 3743K/4024K, paused 1ms+0ms, total 3ms
D/dalvikvm(23350): GC_CONCURRENT freed 225K, 7% free 3905K/4196K, paused 1ms+0ms, total 3ms
I/TiApplication(23350): (main) [82,82] Titanium 5.5.1 (2016/09/27 05:39 b18727f)
D/dalvikvm(23350): GC_FOR_ALLOC freed 283K, 9% free 3895K/4256K, paused 3ms, total 3ms
I/dalvikvm-heap(23350): Grow heap (frag case) to 8.233MB for 4582946-byte allocation
D/dalvikvm(23350): GC_FOR_ALLOC freed <1K, 5% free 8370K/8732K, paused 4ms, total 4ms
D/dalvikvm(23350): GC_CONCURRENT freed 0K, 5% free 8370K/8732K, paused 1ms+0ms, total 3ms
D/dalvikvm(23350): GC_FOR_ALLOC freed 3K, 3% free 9950K/10232K, paused 2ms, total 2ms
D/dalvikvm(23350): GC_FOR_ALLOC freed 1K, 3% free 12059K/12332K, paused 3ms, total 3ms
D/dalvikvm(23350): GC_FOR_ALLOC freed 0K, 3% free 12844K/13112K, paused 2ms, total 2ms
D/dalvikvm(23350): Trying to load lib /data/app-lib/com.homes.rentals-1/libtiverify.so 0x94f638c8
D/dalvikvm(23350): Added shared lib /data/app-lib/com.homes.rentals-1/libtiverify.so 0x94f638c8
I/TiApplication(23350): (main) [192,274] Titanium Javascript runtime: v8
W/dalvikvm(23350): VFY: unable to find class referenced in signature (Lokhttp3/Request;)
W/dalvikvm(23350): VFY: unable to find class referenced in signature (Lokhttp3/Response;)
I/dalvikvm(23350): Could not find method okhttp3.Response.headers, referenced from method empirical.HelperClass.printOkHttpInfo
W/dalvikvm(23350): VFY: unable to resolve virtual method 40189: Lokhttp3/Response;.headers ()Lokhttp3/Headers;
D/dalvikvm(23350): VFY: replacing opcode 0x6e at 0x0006
W/dalvikvm(23350): VFY: unable to find class referenced in signature (Lokhttp3/Call;)
W/dalvikvm(23350): VFY: unable to find class referenced in signature (Lokhttp3/Response;)
I/dalvikvm(23350): Could not find method okhttp3.Call.request, referenced from method empirical.HelperClass.printOkHttpInfoFromCall
W/dalvikvm(23350): VFY: unable to resolve interface method 40183: Lokhttp3/Call;.request ()Lokhttp3/Request;
D/dalvikvm(23350): VFY: replacing opcode 0x72 at 0x0006
I/System.out(23350): body:<org.appcelerator.titanium.util.TiResponseCache: void <init>(java.io.File,org.appcelerator.titanium.TiApplication)>	sig:specialinvoke $r0.<java.net.ResponseCache: void <init>()>()	timediff:0
D/dalvikvm(23350): Trying to load lib /data/app-lib/com.homes.rentals-1/libstlport_shared.so 0x94f638c8
D/dalvikvm(23350): Added shared lib /data/app-lib/com.homes.rentals-1/libstlport_shared.so 0x94f638c8
D/dalvikvm(23350): No JNI_OnLoad found in /data/app-lib/com.homes.rentals-1/libstlport_shared.so 0x94f638c8, skipping init
D/dalvikvm(23350): Trying to load lib /data/app-lib/com.homes.rentals-1/libkroll-v8.so 0x94f638c8
D/dalvikvm(23350): Added shared lib /data/app-lib/com.homes.rentals-1/libkroll-v8.so 0x94f638c8
I/System.out(23350): body:<org.appcelerator.titanium.TiApplication: void postOnCreate()>	sig:staticinvoke <org.appcelerator.titanium.util.TiResponseCache: void setDefault(java.net.ResponseCache)>($r5)	timediff:0
D/CrittercismAndroidModule(23350): (main) [6,280] App context is defined.
W/dalvikvm(23350): DexOpt: resolve class illegal access: Landroid/support/v7/app/AppCompatActivity; -> Landroid/support/v4/app/BaseFragmentActivityDonut;
W/dalvikvm(23350): VFY: unable to resolve instance field 328
D/dalvikvm(23350): VFY: replacing opcode 0x54 at 0x0005
D/dalvikvm(23350): DexOpt: couldn't find field Landroid/support/v4/app/BaseFragmentActivityDonut;._nr_trace
W/dalvikvm(23350): VFY: unable to resolve instance field 328
D/dalvikvm(23350): VFY: replacing opcode 0x54 at 0x0005
I/TiRootActivity(23350): (main) [0,0] checkpoint, on root activity create, savedInstanceState: null
I/System.out(23350): body:<org.appcelerator.titanium.util.TiUrl: org.appcelerator.titanium.util.TiUrl normalizeWindowUrl(java.lang.String,java.lang.String)>	sig:specialinvoke $r5.<java.net.URI: void <init>(java.lang.String)>($r1)	timediff:0
I/System.out(23350): body:<org.appcelerator.titanium.util.TiUrl: org.appcelerator.titanium.util.TiUrl normalizeWindowUrl(java.lang.String,java.lang.String)>	sig:$r4 = virtualinvoke $r5.<java.net.URI: java.lang.String getScheme()>()	timediff:0
I/System.out(23350): body:<org.appcelerator.titanium.util.TiUrl: org.appcelerator.titanium.util.TiUrl normalizeWindowUrl(java.lang.String,java.lang.String)>	sig:$r3 = virtualinvoke $r5.<java.net.URI: java.lang.String getPath()>()	timediff:0
I/dalvikvm(23350): Could not find method android.app.Activity.checkSelfPermission, referenced from method org.appcelerator.titanium.util.TiFileHelper2.hasStoragePermission
W/dalvikvm(23350): VFY: unable to resolve virtual method 33: Landroid/app/Activity;.checkSelfPermission (Ljava/lang/String;)I
D/dalvikvm(23350): VFY: replacing opcode 0x6e at 0x0016
W/V8Object(23350): (KrollRuntimeThread) [31,31] Runtime disposed, cannot set property 'userAgent'
I/dalvikvm(23350): Could not find method android.app.Activity.checkSelfPermission, referenced from method ti.modules.titanium.android.AndroidModule.hasPermission
W/dalvikvm(23350): VFY: unable to resolve virtual method 33: Landroid/app/Activity;.checkSelfPermission (Ljava/lang/String;)I
D/dalvikvm(23350): VFY: replacing opcode 0x6e at 0x0010
I/dalvikvm(23350): Could not find method android.app.Activity.checkSelfPermission, referenced from method ti.modules.titanium.android.AndroidModule.requestPermissions
W/dalvikvm(23350): VFY: unable to resolve virtual method 33: Landroid/app/Activity;.checkSelfPermission (Ljava/lang/String;)I
D/dalvikvm(23350): VFY: replacing opcode 0x6e at 0x001a
I/dalvikvm(23350): Could not find method android.app.Activity.requestPermissions, referenced from method ti.modules.titanium.android.AndroidModule.requestPermissions
W/dalvikvm(23350): VFY: unable to resolve virtual method 91: Landroid/app/Activity;.requestPermissions ([Ljava/lang/String;I)V
D/dalvikvm(23350): VFY: replacing opcode 0x6e at 0x0052
I/dalvikvm(23350): Could not find method android.app.Activity.checkSelfPermission, referenced from method ti.modules.titanium.media.MediaModule.hasCameraPermission
W/dalvikvm(23350): VFY: unable to resolve virtual method 33: Landroid/app/Activity;.checkSelfPermission (Ljava/lang/String;)I
D/dalvikvm(23350): VFY: replacing opcode 0x6e at 0x0012
I/dalvikvm(23350): Could not find method android.app.Activity.checkSelfPermission, referenced from method ti.modules.titanium.media.MediaModule.hasStoragePermission
W/dalvikvm(23350): VFY: unable to resolve virtual method 33: Landroid/app/Activity;.checkSelfPermission (Ljava/lang/String;)I
D/dalvikvm(23350): VFY: replacing opcode 0x6e at 0x0012
I/dalvikvm(23350): Could not find method android.app.Activity.checkSelfPermission, referenced from method ti.modules.titanium.media.MediaModule.hasCameraPermissions
W/dalvikvm(23350): VFY: unable to resolve virtual method 33: Landroid/app/Activity;.checkSelfPermission (Ljava/lang/String;)I
D/dalvikvm(23350): VFY: replacing opcode 0x6e at 0x0012
I/dalvikvm(23350): Could not find method android.app.Activity.requestPermissions, referenced from method ti.modules.titanium.media.MediaModule.requestCameraPermissions
W/dalvikvm(23350): VFY: unable to resolve virtual method 91: Landroid/app/Activity;.requestPermissions ([Ljava/lang/String;I)V
D/dalvikvm(23350): VFY: replacing opcode 0x6e at 0x0037
I/dalvikvm(23350): Could not find method android.app.Activity.checkSelfPermission, referenced from method ti.modules.titanium.filesystem.FilesystemModule.hasStoragePermissions
W/dalvikvm(23350): VFY: unable to resolve virtual method 33: Landroid/app/Activity;.checkSelfPermission (Ljava/lang/String;)I
D/dalvikvm(23350): VFY: replacing opcode 0x6e at 0x0012
I/dalvikvm(23350): Could not find method android.app.Activity.requestPermissions, referenced from method ti.modules.titanium.filesystem.FilesystemModule.requestStoragePermissions
W/dalvikvm(23350): VFY: unable to resolve virtual method 91: Landroid/app/Activity;.requestPermissions ([Ljava/lang/String;I)V
D/dalvikvm(23350): VFY: replacing opcode 0x6e at 0x0026
D/dalvikvm(23350): Trying to load lib /data/app-lib/com.homes.rentals-1/libbencoding.android.tools.so 0x94f638c8
D/dalvikvm(23350): Added shared lib /data/app-lib/com.homes.rentals-1/libbencoding.android.tools.so 0x94f638c8
D/dalvikvm(23350): No JNI_OnLoad found in /data/app-lib/com.homes.rentals-1/libbencoding.android.tools.so 0x94f638c8, skipping init
D/dalvikvm(23350): Trying to load lib /data/app-lib/com.homes.rentals-1/libti.map.so 0x94f638c8
D/dalvikvm(23350): Added shared lib /data/app-lib/com.homes.rentals-1/libti.map.so 0x94f638c8
D/dalvikvm(23350): No JNI_OnLoad found in /data/app-lib/com.homes.rentals-1/libti.map.so 0x94f638c8, skipping init
D/dalvikvm(23350): Trying to load lib /data/app-lib/com.homes.rentals-1/libcom.appcelerator.apm.so 0x94f638c8
D/dalvikvm(23350): Added shared lib /data/app-lib/com.homes.rentals-1/libcom.appcelerator.apm.so 0x94f638c8
D/dalvikvm(23350): No JNI_OnLoad found in /data/app-lib/com.homes.rentals-1/libcom.appcelerator.apm.so 0x94f638c8, skipping init
D/dalvikvm(23350): Trying to load lib /data/app-lib/com.homes.rentals-1/libti.omniture.so 0x94f638c8
D/dalvikvm(23350): Added shared lib /data/app-lib/com.homes.rentals-1/libti.omniture.so 0x94f638c8
D/dalvikvm(23350): No JNI_OnLoad found in /data/app-lib/com.homes.rentals-1/libti.omniture.so 0x94f638c8, skipping init
D/dalvikvm(23350): Trying to load lib /data/app-lib/com.homes.rentals-1/libti.gigya.so 0x94f638c8
D/dalvikvm(23350): Added shared lib /data/app-lib/com.homes.rentals-1/libti.gigya.so 0x94f638c8
D/dalvikvm(23350): No JNI_OnLoad found in /data/app-lib/com.homes.rentals-1/libti.gigya.so 0x94f638c8, skipping init
D/dalvikvm(23350): Trying to load lib /data/app-lib/com.homes.rentals-1/libti.newrelic.so 0x94f638c8
D/dalvikvm(23350): Added shared lib /data/app-lib/com.homes.rentals-1/libti.newrelic.so 0x94f638c8
D/dalvikvm(23350): No JNI_OnLoad found in /data/app-lib/com.homes.rentals-1/libti.newrelic.so 0x94f638c8, skipping init
D/AndroidRuntime(23350): Shutting down VM
W/dalvikvm(23350): threadid=1: thread exiting with uncaught exception (group=0x94c8eb20)
E/TiApplication(23350): (main) [26,57] Sending event: exception on thread: main msg:java.lang.IllegalAccessError: tried to access class android.support.v4.app.BaseFragmentActivityDonut from class android.support.v7.app.AppCompatActivity; Titanium 5.5.1,2016/09/27 05:39,b18727f
E/TiApplication(23350): java.lang.IllegalAccessError: tried to access class android.support.v4.app.BaseFragmentActivityDonut from class android.support.v7.app.AppCompatActivity
E/TiApplication(23350): 	at android.support.v7.app.AppCompatActivity.onCreate(AppCompatActivity.java)
E/TiApplication(23350): 	at org.appcelerator.titanium.TiBaseActivity.onCreate(TiBaseActivity.java:671)
E/TiApplication(23350): 	at org.appcelerator.titanium.TiLaunchActivity.onCreate(TiLaunchActivity.java:143)
E/TiApplication(23350): 	at org.appcelerator.titanium.TiRootActivity.onCreate(TiRootActivity.java:96)
E/TiApplication(23350): 	at android.app.Activity.performCreate(Activity.java:5231)
E/TiApplication(23350): 	at android.app.Instrumentation.callActivityOnCreate(Instrumentation.java:1104)
E/TiApplication(23350): 	at android.app.ActivityThread.performLaunchActivity(ActivityThread.java:2157)
E/TiApplication(23350): 	at android.app.ActivityThread.handleLaunchActivity(ActivityThread.java:2243)
E/TiApplication(23350): 	at android.app.ActivityThread.access$800(ActivityThread.java:135)
E/TiApplication(23350): 	at android.app.ActivityThread$H.handleMessage(ActivityThread.java:1196)
E/TiApplication(23350): 	at android.os.Handler.dispatchMessage(Handler.java:102)
E/TiApplication(23350): 	at android.os.Looper.loop(Looper.java:136)
E/TiApplication(23350): 	at android.app.ActivityThread.main(ActivityThread.java:5019)
E/TiApplication(23350): 	at java.lang.reflect.Method.invokeNative(Native Method)
E/TiApplication(23350): 	at java.lang.reflect.Method.invoke(Method.java:515)
E/TiApplication(23350): 	at com.android.internal.os.ZygoteInit$MethodAndArgsCaller.run(ZygoteInit.java:779)
