--------- beginning of /dev/log/main
D/dalvikvm(  470): GC_EXPLICIT freed 1762K, 51% free 15834K/32172K, paused 1ms+2ms, total 14ms
I/Icing   (  746): Indexing 9EBFE84EABD9270B25A97439CA522B4FC49A4875 from com.google.android.gms
I/Icing   (  746): Indexing done 9EBFE84EABD9270B25A97439CA522B4FC49A4875
D/AndroidRuntime(21495): 
D/AndroidRuntime(21495): >>>>>> AndroidRuntime START com.android.internal.os.RuntimeInit <<<<<<
D/AndroidRuntime(21495): CheckJNI is OFF
D/dalvikvm(21495): Using executionMode 2
D/dalvikvm(21495): Trying to load lib libjavacore.so 0x0
D/dalvikvm(21495): Added shared lib libjavacore.so 0x0
D/dalvikvm(21495): Trying to load lib libnativehelper.so 0x0
D/dalvikvm(21495): Added shared lib libnativehelper.so 0x0
D/dalvikvm(21495): No JNI_OnLoad found in libnativehelper.so 0x0, skipping init
D/dalvikvm(21495): Note: class Landroid/app/ActivityManagerNative; has 179 unimplemented (abstract) methods
E/memtrack(21495): Couldn't load memtrack module (No such file or directory)
E/android.os.Debug(21495): failed to load memtrack module: -2
D/AndroidRuntime(21495): Calling main entry com.android.commands.monkey.Monkey
--------- beginning of /dev/log/system
W/BroadcastQueue(  470): Skipping deliver [background] BroadcastRecord{4b0ed694 u-1 android.net.conn.CONNECTIVITY_CHANGE} to ReceiverList{4b1c511c 21495 (unknown name)/0/u-1 remote:4a8df424}: process crashing
I/ActivityManager(  470): START u0 {act=android.intent.action.MAIN cat=[android.intent.category.LAUNCHER] flg=0x10200000 cmp=com.ecovacs.ecosphere.intl/com.ecovacs.ecosphere.ui.WelcomeActivity} from pid 21495
W/ActivityManager(  470): Activity pause timeout for ActivityRecord{4a97fd84 u0 com.vphone.launcher/.Launcher t1}
W/EGL_emulation(  556): eglSurfaceAttrib not implemented 3093 12436
I/ActivityManager(  470): Start proc com.ecovacs.ecosphere.intl for activity com.ecovacs.ecosphere.intl/com.ecovacs.ecosphere.ui.WelcomeActivity: pid=21505 uid=10079 gids={50079, 3003, 1028, 1015, 1023}
E/SurfaceFlinger(  165): glCheckFramebufferStatusOES error 36054
E/SurfaceFlinger(  165): got GL_FRAMEBUFFER_COMPLETE_OES error while taking screenshot
D/SurfaceFlinger(  165): setOrientation, mFbdev=0xb8e13050, mFbDev->setOrientation=0xb694cce0, orientation=3
I/gralloc_nox(  165): setOrientation: orientation=3
V/PanelView(  556): animationTick called with dtms=0; nothing to do (h=0.0 v=0.0)
I/ActivityManager(  470): Config changes=480 {1.0 310mcc16mnc ja_US ldltr sw480dp w480dp h828dp 240dpi lrg long port finger -keyb/v/h dpad/v s.66}
I/Choreographer(  556): Skipped 1504 frames!  The application may be doing too much work on its main thread.
V/PanelView(  556): animationTick called with dtms=-4; nothing to do (h=0.0 v=0.0)
D/Sensors (  470): Client connection accepted (196)
W/NetworkManagementSocketTagger(  470): setKernelCountSet(10079, 1) failed with errno -13
I/WearableService(  668): Wearable Services stopping
I/dalvikvm(21505): ignoring registerObject request in thread=1
I/dalvikvm(21505): ignoring registerObject request in thread=1
D/dalvikvm(21505): JIT code cache reset in 0 ms (0 bytes 1/0)
D/dalvikvm(21505): GC_CONCURRENT freed 316K, 12% free 2917K/3296K, paused 3ms+1ms, total 5ms
D/dalvikvm(21505): GC_FOR_ALLOC freed 455K, 17% free 2920K/3488K, paused 5ms, total 5ms
D/dalvikvm(21505): GC_CONCURRENT freed 440K, 17% free 2936K/3496K, paused 1ms+1ms, total 8ms
D/dalvikvm(21505): WAIT_FOR_CONCURRENT_GC blocked 2ms
D/dalvikvm(21505): GC_FOR_ALLOC freed 453K, 17% free 2924K/3504K, paused 2ms, total 2ms
D/dalvikvm(21505): GC_CONCURRENT freed 0K, 17% free 2933K/3504K, paused 2ms+0ms, total 3ms
D/dalvikvm(21505): GC_FOR_ALLOC freed 445K, 17% free 2929K/3504K, paused 2ms, total 2ms
D/dalvikvm(21505): GC_CONCURRENT freed 0K, 17% free 2936K/3504K, paused 1ms+0ms, total 3ms
D/dalvikvm(21505): GC_FOR_ALLOC freed 457K, 17% free 2919K/3512K, paused 2ms, total 2ms
D/dalvikvm(21505): GC_CONCURRENT freed 0K, 17% free 2927K/3512K, paused 1ms+1ms, total 3ms
D/dalvikvm(21505): GC_FOR_ALLOC freed 452K, 17% free 2920K/3512K, paused 2ms, total 2ms
D/dalvikvm(21505): GC_CONCURRENT freed 0K, 17% free 2928K/3512K, paused 1ms+0ms, total 3ms
D/dalvikvm(21505): GC_FOR_ALLOC freed 458K, 17% free 2929K/3512K, paused 2ms, total 2ms
D/dalvikvm(21505): GC_CONCURRENT freed 0K, 17% free 2943K/3512K, paused 2ms+0ms, total 3ms
D/dalvikvm(21505): GC_FOR_ALLOC freed 458K, 17% free 2921K/3512K, paused 2ms, total 2ms
D/dalvikvm(21505): GC_CONCURRENT freed 0K, 17% free 2931K/3512K, paused 2ms+0ms, total 3ms
D/dalvikvm(21505): GC_FOR_ALLOC freed 451K, 17% free 2932K/3512K, paused 2ms, total 2ms
D/dalvikvm(21505): GC_CONCURRENT freed 0K, 17% free 2947K/3512K, paused 1ms+0ms, total 3ms
D/dalvikvm(21505): GC_CONCURRENT freed 402K, 17% free 2933K/3512K, paused 2ms+0ms, total 3ms
D/dalvikvm(21505): GC_FOR_ALLOC freed 420K, 17% free 2934K/3512K, paused 2ms, total 2ms
D/dalvikvm(21505): GC_CONCURRENT freed 400K, 16% free 2962K/3512K, paused 1ms+1ms, total 7ms
D/dalvikvm(21505): WAIT_FOR_CONCURRENT_GC blocked 1ms
D/dalvikvm(21505): GC_FOR_ALLOC freed 454K, 18% free 2923K/3532K, paused 3ms, total 3ms
D/dalvikvm(21505): GC_CONCURRENT freed 0K, 17% free 2935K/3532K, paused 1ms+0ms, total 3ms
D/dalvikvm(21505): GC_FOR_ALLOC freed 442K, 17% free 2943K/3532K, paused 2ms, total 2ms
D/dalvikvm(21505): GC_CONCURRENT freed 0K, 17% free 2955K/3532K, paused 1ms+0ms, total 3ms
D/dalvikvm(21505): GC_FOR_ALLOC freed 432K, 17% free 2937K/3532K, paused 2ms, total 2ms
D/dalvikvm(21505): GC_CONCURRENT freed 0K, 17% free 2956K/3532K, paused 2ms+0ms, total 3ms
D/dalvikvm(21505): GC_FOR_ALLOC freed 459K, 18% free 2925K/3532K, paused 1ms, total 1ms
D/dalvikvm(21505): GC_CONCURRENT freed 0K, 17% free 2938K/3532K, paused 2ms+0ms, total 3ms
D/dalvikvm(21505): GC_FOR_ALLOC freed 426K, 17% free 2939K/3532K, paused 1ms, total 1ms
D/dalvikvm(21505): GC_CONCURRENT freed 0K, 17% free 2959K/3532K, paused 2ms+0ms, total 3ms
D/dalvikvm(21505): GC_FOR_ALLOC freed 439K, 17% free 2940K/3532K, paused 2ms, total 2ms
D/dalvikvm(21505): GC_CONCURRENT freed 0K, 17% free 2961K/3532K, paused 2ms+0ms, total 3ms
D/dalvikvm(21505): GC_FOR_ALLOC freed 451K, 18% free 2926K/3532K, paused 2ms, total 2ms
D/dalvikvm(21505): GC_CONCURRENT freed 0K, 17% free 2940K/3532K, paused 1ms+0ms, total 2ms
D/dalvikvm(21505): GC_FOR_ALLOC freed 411K, 17% free 2941K/3532K, paused 2ms, total 2ms
D/dalvikvm(21505): GC_CONCURRENT freed 0K, 17% free 2963K/3532K, paused 1ms+1ms, total 3ms
D/dalvikvm(21505): GC_FOR_ALLOC freed 420K, 17% free 2942K/3532K, paused 1ms, total 1ms
D/dalvikvm(21505): GC_CONCURRENT freed 0K, 17% free 2964K/3532K, paused 2ms+0ms, total 3ms
D/dalvikvm(21505): GC_FOR_ALLOC freed 429K, 18% free 2927K/3532K, paused 2ms, total 2ms
D/dalvikvm(21505): GC_CONCURRENT freed 0K, 17% free 2942K/3532K, paused 1ms+0ms, total 3ms
D/dalvikvm(21505): GC_FOR_ALLOC freed 439K, 17% free 2943K/3532K, paused 2ms, total 2ms
D/dalvikvm(21505): GC_CONCURRENT freed 0K, 16% free 2967K/3532K, paused 2ms+0ms, total 4ms
D/dalvikvm(21505): GC_FOR_ALLOC freed 448K, 18% free 2928K/3532K, paused 2ms, total 2ms
D/dalvikvm(21505): GC_CONCURRENT freed 0K, 17% free 2944K/3532K, paused 1ms+0ms, total 3ms
D/dalvikvm(21505): GC_FOR_ALLOC freed 458K, 18% free 2928K/3532K, paused 2ms, total 2ms
D/dalvikvm(21505): GC_CONCURRENT freed 0K, 17% free 2944K/3532K, paused 2ms+0ms, total 3ms
D/dalvikvm(21505): GC_FOR_ALLOC freed 426K, 17% free 2953K/3532K, paused 2ms, total 3ms
D/dalvikvm(21505): GC_CONCURRENT freed 0K, 16% free 2970K/3532K, paused 1ms+0ms, total 3ms
D/dalvikvm(21505): GC_FOR_ALLOC freed 399K, 17% free 2946K/3532K, paused 2ms, total 2ms
D/dalvikvm(21505): GC_CONCURRENT freed 362K, 16% free 2972K/3532K, paused 2ms+0ms, total 3ms
D/dalvikvm(21505): GC_FOR_ALLOC freed 429K, 18% free 2929K/3532K, paused 2ms, total 2ms
D/dalvikvm(21505): GC_CONCURRENT freed 374K, 17% free 2947K/3532K, paused 1ms+1ms, total 3ms
D/dalvikvm(21505): GC_CONCURRENT freed 379K, 16% free 2975K/3532K, paused 1ms+0ms, total 3ms
D/dalvikvm(21505): GC_FOR_ALLOC freed 384K, 17% free 2948K/3532K, paused 2ms, total 2ms
D/dalvikvm(21505): GC_CONCURRENT freed 389K, 17% free 2949K/3532K, paused 1ms+0ms, total 2ms
D/dalvikvm(21505): GC_FOR_ALLOC freed 414K, 17% free 2959K/3532K, paused 2ms, total 2ms
D/dalvikvm(21505): GC_CONCURRENT freed 0K, 16% free 2978K/3532K, paused 1ms+0ms, total 3ms
D/dalvikvm(21505): GC_FOR_ALLOC freed 449K, 18% free 2931K/3552K, paused 2ms, total 2ms
D/dalvikvm(21505): GC_CONCURRENT freed 0K, 17% free 2950K/3552K, paused 1ms+0ms, total 3ms
D/dalvikvm(21505): GC_FOR_ALLOC freed 427K, 17% free 2960K/3552K, paused 2ms, total 2ms
D/dalvikvm(21505): GC_CONCURRENT freed 0K, 17% free 2980K/3552K, paused 2ms+0ms, total 3ms
D/dalvikvm(21505): GC_FOR_ALLOC freed 412K, 17% free 2961K/3552K, paused 1ms, total 1ms
D/dalvikvm(21505): GC_CONCURRENT freed 0K, 17% free 2981K/3552K, paused 2ms+0ms, total 3ms
D/dalvikvm(21505): GC_FOR_ALLOC freed 417K, 17% free 2962K/3552K, paused 2ms, total 2ms
D/dalvikvm(21505): GC_CONCURRENT freed 0K, 17% free 2982K/3552K, paused 2ms+0ms, total 3ms
D/dalvikvm(21505): GC_FOR_ALLOC freed 403K, 17% free 2952K/3552K, paused 1ms, total 1ms
D/dalvikvm(21505): GC_CONCURRENT freed 357K, 17% free 2983K/3552K, paused 2ms+0ms, total 4ms
D/dalvikvm(21505): GC_FOR_ALLOC freed 433K, 17% free 2953K/3552K, paused 2ms, total 2ms
D/dalvikvm(21505): GC_CONCURRENT freed 0K, 16% free 2984K/3552K, paused 2ms+0ms, total 3ms
D/dalvikvm(21505): GC_CONCURRENT freed 438K, 17% free 2953K/3552K, paused 2ms+0ms, total 3ms
D/dalvikvm(21505): GC_FOR_ALLOC freed 444K, 17% free 2954K/3552K, paused 1ms, total 1ms
D/dalvikvm(21505): GC_CONCURRENT freed 0K, 16% free 2986K/3552K, paused 1ms+0ms, total 3ms
D/dalvikvm(21505): GC_FOR_ALLOC freed 449K, 18% free 2933K/3552K, paused 2ms, total 2ms
D/dalvikvm(21505): GC_CONCURRENT freed 0K, 17% free 2954K/3552K, paused 1ms+0ms, total 3ms
D/dalvikvm(21505): GC_FOR_ALLOC freed 454K, 18% free 2933K/3552K, paused 2ms, total 2ms
D/dalvikvm(21505): GC_CONCURRENT freed 0K, 17% free 2955K/3552K, paused 2ms+0ms, total 3ms
D/dalvikvm(21505): GC_FOR_ALLOC freed 459K, 18% free 2933K/3552K, paused 1ms, total 1ms
D/dalvikvm(21505): GC_CONCURRENT freed 0K, 17% free 2955K/3552K, paused 2ms+0ms, total 3ms
D/dalvikvm(21505): GC_FOR_ALLOC freed 465K, 18% free 2934K/3552K, paused 1ms, total 1ms
D/dalvikvm(21505): GC_CONCURRENT freed 0K, 17% free 2956K/3552K, paused 2ms+0ms, total 4ms
D/dalvikvm(21505): GC_FOR_ALLOC freed 414K, 17% free 2968K/3552K, paused 2ms, total 2ms
D/dalvikvm(21505): GC_CONCURRENT freed 373K, 16% free 2991K/3552K, paused 1ms+1ms, total 3ms
D/dalvikvm(21505): GC_FOR_ALLOC freed 422K, 17% free 2969K/3552K, paused 2ms, total 2ms
D/dalvikvm(21505): GC_CONCURRENT freed 0K, 16% free 2992K/3552K, paused 1ms+0ms, total 3ms
D/dalvikvm(21505): GC_FOR_ALLOC freed 403K, 17% free 2969K/3552K, paused 2ms, total 2ms
D/dalvikvm(21505): GC_CONCURRENT freed 383K, 16% free 2993K/3552K, paused 2ms+0ms, total 3ms
D/dalvikvm(21505): GC_FOR_ALLOC freed 410K, 17% free 2958K/3552K, paused 1ms, total 1ms
D/dalvikvm(21505): GC_CONCURRENT freed 354K, 16% free 2994K/3552K, paused 1ms+0ms, total 2ms
D/dalvikvm(21505): GC_FOR_ALLOC freed 393K, 17% free 2959K/3552K, paused 1ms, total 1ms
D/dalvikvm(21505): GC_CONCURRENT freed 360K, 16% free 2996K/3552K, paused 1ms+1ms, total 3ms
D/dalvikvm(21505): GC_FOR_ALLOC freed 399K, 17% free 2960K/3552K, paused 2ms, total 2ms
D/dalvikvm(21505): GC_CONCURRENT freed 366K, 16% free 2997K/3552K, paused 1ms+0ms, total 3ms
D/dalvikvm(21505): GC_FOR_ALLOC freed 406K, 17% free 2961K/3552K, paused 2ms, total 2ms
D/dalvikvm(21505): GC_CONCURRENT freed 346K, 16% free 2998K/3552K, paused 2ms+0ms, total 3ms
D/dalvikvm(21505): GC_FOR_ALLOC freed 437K, 17% free 2961K/3552K, paused 1ms, total 1ms
D/dalvikvm(21505): GC_CONCURRENT freed 0K, 16% free 2999K/3552K, paused 2ms+0ms, total 3ms
D/dalvikvm(21505): GC_FOR_ALLOC freed 440K, 17% free 2962K/3552K, paused 2ms, total 2ms
D/dalvikvm(21505): GC_CONCURRENT freed 0K, 16% free 3000K/3552K, paused 2ms+0ms, total 3ms
D/dalvikvm(21505): GC_FOR_ALLOC freed 444K, 18% free 2937K/3552K, paused 2ms, total 2ms
D/dalvikvm(21505): GC_CONCURRENT freed 358K, 17% free 2963K/3552K, paused 1ms+1ms, total 3ms
D/dalvikvm(21505): GC_FOR_ALLOC freed 386K, 17% free 2976K/3552K, paused 2ms, total 2ms
D/dalvikvm(21505): GC_CONCURRENT freed 0K, 16% free 3002K/3552K, paused 1ms+0ms, total 3ms
D/dalvikvm(21505): GC_FOR_ALLOC freed 363K, 17% free 2976K/3552K, paused 2ms, total 2ms
D/dalvikvm(21505): GC_FOR_ALLOC freed 365K, 17% free 2977K/3552K, paused 2ms, total 2ms
D/dalvikvm(21505): GC_FOR_ALLOC freed 368K, 17% free 2977K/3552K, paused 2ms, total 2ms
D/dalvikvm(21505): GC_FOR_ALLOC freed 343K, 17% free 2964K/3552K, paused 1ms, total 1ms
D/dalvikvm(21505): GC_FOR_ALLOC freed 372K, 17% free 2965K/3552K, paused 2ms, total 2ms
D/dalvikvm(21505): GC_FOR_ALLOC freed 374K, 17% free 2965K/3552K, paused 2ms, total 2ms
D/dalvikvm(21505): GC_FOR_ALLOC freed 377K, 17% free 2965K/3552K, paused 2ms, total 2ms
D/dalvikvm(21505): GC_FOR_ALLOC freed 379K, 17% free 2966K/3552K, paused 2ms, total 2ms
D/dalvikvm(21505): GC_FOR_ALLOC freed 382K, 18% free 2939K/3552K, paused 2ms, total 2ms
D/dalvikvm(21505): GC_CONCURRENT freed 342K, 17% free 2980K/3552K, paused 1ms+0ms, total 3ms
D/dalvikvm(21505): GC_FOR_ALLOC freed 331K, 17% free 2967K/3552K, paused 2ms, total 2ms
D/dalvikvm(21505): GC_FOR_ALLOC freed 388K, 18% free 2939K/3552K, paused 2ms, total 2ms
D/dalvikvm(21505): GC_CONCURRENT freed 321K, 16% free 3009K/3552K, paused 2ms+1ms, total 4ms
D/dalvikvm(21505): GC_FOR_ALLOC freed 364K, 18% free 2968K/3584K, paused 2ms, total 2ms
D/dalvikvm(21505): GC_FOR_ALLOC freed 395K, 18% free 2940K/3584K, paused 2ms, total 2ms
D/dalvikvm(21505): GC_CONCURRENT freed 325K, 16% free 3011K/3584K, paused 2ms+0ms, total 3ms
D/dalvikvm(21505): GC_FOR_ALLOC freed 370K, 18% free 2969K/3584K, paused 2ms, total 2ms
D/dalvikvm(21505): GC_FOR_ALLOC freed 401K, 18% free 2940K/3584K, paused 2ms, total 2ms
D/dalvikvm(21505): GC_CONCURRENT freed 331K, 16% free 3013K/3584K, paused 1ms+0ms, total 3ms
D/dalvikvm(21505): GC_FOR_ALLOC freed 377K, 18% free 2969K/3584K, paused 2ms, total 2ms
D/dalvikvm(21505): GC_FOR_ALLOC freed 407K, 18% free 2941K/3584K, paused 2ms, total 2ms
D/dalvikvm(21505): GC_CONCURRENT freed 337K, 16% free 3014K/3584K, paused 2ms+0ms, total 3ms
D/dalvikvm(21505): GC_FOR_ALLOC freed 382K, 18% free 2970K/3584K, paused 2ms, total 2ms
D/dalvikvm(21505): GC_CONCURRENT freed 340K, 16% free 3015K/3584K, paused 3ms+1ms, total 5ms
D/dalvikvm(21505): GC_FOR_ALLOC freed 386K, 18% free 2941K/3584K, paused 2ms, total 2ms
D/dalvikvm(21505): GC_CONCURRENT freed 314K, 16% free 3016K/3584K, paused 1ms+1ms, total 3ms
D/dalvikvm(21505): GC_FOR_ALLOC freed 419K, 18% free 2942K/3584K, paused 2ms, total 2ms
D/dalvikvm(21505): GC_CONCURRENT freed 317K, 16% free 3017K/3584K, paused 1ms+0ms, total 3ms
D/dalvikvm(21505): GC_FOR_ALLOC freed 424K, 18% free 2942K/3584K, paused 2ms, total 3ms
D/dalvikvm(21505): GC_CONCURRENT freed 319K, 16% free 3018K/3584K, paused 1ms+0ms, total 3ms
D/dalvikvm(21505): GC_FOR_ALLOC freed 428K, 18% free 2942K/3584K, paused 2ms, total 2ms
D/dalvikvm(21505): GC_CONCURRENT freed 322K, 16% free 3019K/3584K, paused 1ms+0ms, total 3ms
D/dalvikvm(21505): GC_FOR_ALLOC freed 433K, 18% free 2942K/3584K, paused 2ms, total 2ms
D/dalvikvm(21505): GC_CONCURRENT freed 325K, 16% free 3020K/3584K, paused 1ms+1ms, total 3ms
D/dalvikvm(21505): GC_FOR_ALLOC freed 437K, 18% free 2943K/3584K, paused 1ms, total 1ms
D/dalvikvm(21505): GC_CONCURRENT freed 329K, 16% free 3021K/3584K, paused 1ms+1ms, total 3ms
D/dalvikvm(21505): GC_FOR_ALLOC freed 441K, 18% free 2943K/3584K, paused 2ms, total 2ms
D/dalvikvm(21505): GC_CONCURRENT freed 332K, 16% free 3022K/3584K, paused 3ms+0ms, total 4ms
D/dalvikvm(21505): GC_FOR_ALLOC freed 365K, 17% free 2991K/3584K, paused 2ms, total 2ms
D/dalvikvm(21505): GC_FOR_ALLOC freed 335K, 17% free 2991K/3584K, paused 2ms, total 2ms
D/dalvikvm(21505): GC_FOR_ALLOC freed 336K, 17% free 2991K/3584K, paused 2ms, total 2ms
D/dalvikvm(21505): GC_FOR_ALLOC freed 337K, 17% free 2992K/3584K, paused 2ms, total 2ms
D/dalvikvm(21505): GC_FOR_ALLOC freed 339K, 17% free 2992K/3584K, paused 2ms, total 2ms
D/dalvikvm(21505): GC_FOR_ALLOC freed 340K, 17% free 2992K/3584K, paused 1ms, total 1ms
D/dalvikvm(21505): GC_FOR_ALLOC freed 341K, 17% free 2993K/3584K, paused 2ms, total 2ms
D/dalvikvm(21505): GC_FOR_ALLOC freed 342K, 17% free 2993K/3584K, paused 2ms, total 2ms
D/dalvikvm(21505): GC_FOR_ALLOC freed 344K, 17% free 2993K/3584K, paused 3ms, total 3ms
D/dalvikvm(21505): GC_FOR_ALLOC freed 346K, 17% free 2994K/3584K, paused 2ms, total 2ms
D/dalvikvm(21505): GC_FOR_ALLOC freed 346K, 17% free 2994K/3584K, paused 2ms, total 2ms
D/dalvikvm(21505): GC_FOR_ALLOC freed 348K, 17% free 2994K/3584K, paused 2ms, total 2ms
D/dalvikvm(21505): GC_FOR_ALLOC freed 316K, 17% free 2978K/3584K, paused 3ms, total 3ms
D/dalvikvm(21505): GC_FOR_ALLOC freed 350K, 17% free 2978K/3584K, paused 3ms, total 3ms
D/dalvikvm(21505): GC_FOR_ALLOC freed 352K, 17% free 2979K/3584K, paused 2ms, total 2ms
D/dalvikvm(21505): GC_CONCURRENT freed 353K, 16% free 3029K/3584K, paused 2ms+1ms, total 4ms
D/dalvikvm(21505): GC_FOR_ALLOC freed 354K, 17% free 2979K/3584K, paused 2ms, total 2ms
D/dalvikvm(21505): GC_FOR_ALLOC freed 356K, 17% free 2979K/3584K, paused 2ms, total 2ms
D/dalvikvm(21505): GC_FOR_ALLOC freed 357K, 17% free 2980K/3584K, paused 1ms, total 1ms
D/dalvikvm(21505): GC_FOR_ALLOC freed 358K, 17% free 2980K/3584K, paused 2ms, total 2ms
D/dalvikvm(21505): GC_FOR_ALLOC freed 360K, 17% free 2980K/3584K, paused 1ms, total 1ms
D/dalvikvm(21505): GC_FOR_ALLOC freed 361K, 17% free 2980K/3584K, paused 2ms, total 2ms
D/dalvikvm(21505): GC_FOR_ALLOC freed 363K, 17% free 2981K/3584K, paused 2ms, total 2ms
D/dalvikvm(21505): GC_FOR_ALLOC freed 364K, 17% free 2981K/3584K, paused 2ms, total 2ms
D/dalvikvm(21505): GC_FOR_ALLOC freed 365K, 17% free 2981K/3584K, paused 1ms, total 1ms
D/dalvikvm(21505): GC_FOR_ALLOC freed 367K, 17% free 2981K/3584K, paused 2ms, total 2ms
D/dalvikvm(21505): GC_FOR_ALLOC freed 368K, 17% free 2982K/3584K, paused 2ms, total 2ms
D/dalvikvm(21505): GC_FOR_ALLOC freed 369K, 17% free 2982K/3584K, paused 2ms, total 2ms
D/dalvikvm(21505): GC_FOR_ALLOC freed 371K, 18% free 2947K/3584K, paused 2ms, total 2ms
D/dalvikvm(21505): GC_CONCURRENT freed 372K, 17% free 2982K/3584K, paused 1ms+0ms, total 3ms
D/dalvikvm(21505): GC_FOR_ALLOC freed 373K, 17% free 2983K/3584K, paused 2ms, total 2ms
D/dalvikvm(21505): GC_FOR_ALLOC freed 375K, 17% free 2983K/3584K, paused 2ms, total 2ms
D/dalvikvm(21505): GC_FOR_ALLOC freed 376K, 18% free 2947K/3584K, paused 1ms, total 1ms
D/dalvikvm(21505): GC_CONCURRENT freed 377K, 17% free 2983K/3584K, paused 1ms+0ms, total 3ms
D/dalvikvm(21505): GC_FOR_ALLOC freed 378K, 17% free 2984K/3584K, paused 2ms, total 2ms
D/dalvikvm(21505): GC_FOR_ALLOC freed 380K, 17% free 2984K/3584K, paused 2ms, total 2ms
D/dalvikvm(21505): GC_FOR_ALLOC freed 381K, 18% free 2948K/3584K, paused 1ms, total 1ms
D/dalvikvm(21505): GC_CONCURRENT freed 382K, 17% free 2984K/3584K, paused 1ms+1ms, total 3ms
D/dalvikvm(21505): GC_CONCURRENT freed 384K, 17% free 2985K/3584K, paused 2ms+1ms, total 4ms
D/dalvikvm(21505): GC_FOR_ALLOC freed 385K, 17% free 2985K/3584K, paused 2ms, total 2ms
D/dalvikvm(21505): GC_CONCURRENT freed 0K, 16% free 3040K/3584K, paused 1ms+0ms, total 3ms
D/dalvikvm(21505): GC_FOR_ALLOC freed 386K, 18% free 2948K/3584K, paused 2ms, total 2ms
D/dalvikvm(21505): GC_CONCURRENT freed 295K, 16% free 3041K/3584K, paused 1ms+0ms, total 3ms
D/dalvikvm(21505): GC_FOR_ALLOC freed 351K, 17% free 2985K/3584K, paused 2ms, total 3ms
D/dalvikvm(21505): GC_FOR_ALLOC freed 390K, 18% free 2949K/3584K, paused 2ms, total 2ms
D/dalvikvm(21505): GC_CONCURRENT freed 298K, 16% free 3042K/3584K, paused 1ms+0ms, total 3ms
D/dalvikvm(21505): GC_FOR_ALLOC freed 355K, 17% free 2986K/3584K, paused 2ms, total 2ms
D/dalvikvm(21505): GC_FOR_ALLOC freed 393K, 18% free 2949K/3584K, paused 2ms, total 2ms
D/dalvikvm(21505): GC_CONCURRENT freed 301K, 16% free 3043K/3584K, paused 2ms+0ms, total 3ms
D/dalvikvm(21505): GC_FOR_ALLOC freed 358K, 18% free 2949K/3584K, paused 2ms, total 2ms
D/dalvikvm(21505): GC_CONCURRENT freed 302K, 16% free 3044K/3584K, paused 3ms+0ms, total 4ms
D/dalvikvm(21505): GC_FOR_ALLOC freed 360K, 18% free 2949K/3584K, paused 2ms, total 2ms
D/dalvikvm(21505): GC_CONCURRENT freed 304K, 16% free 3045K/3584K, paused 2ms+0ms, total 3ms
D/dalvikvm(21505): GC_FOR_ALLOC freed 362K, 18% free 2950K/3584K, paused 1ms, total 1ms
D/dalvikvm(21505): GC_CONCURRENT freed 306K, 16% free 3045K/3584K, paused 1ms+0ms, total 3ms
D/dalvikvm(21505): GC_FOR_ALLOC freed 364K, 18% free 2950K/3584K, paused 1ms, total 1ms
D/dalvikvm(21505): GC_CONCURRENT freed 307K, 15% free 3046K/3584K, paused 1ms+1ms, total 3ms
D/dalvikvm(21505): GC_FOR_ALLOC freed 366K, 18% free 2950K/3584K, paused 2ms, total 2ms
D/dalvikvm(21505): GC_CONCURRENT freed 309K, 15% free 3047K/3584K, paused 1ms+0ms, total 3ms
D/dalvikvm(21505): GC_FOR_ALLOC freed 368K, 18% free 2950K/3584K, paused 2ms, total 2ms
D/dalvikvm(21505): GC_CONCURRENT freed 311K, 15% free 3048K/3584K, paused 2ms+0ms, total 3ms
D/dalvikvm(21505): GC_FOR_ALLOC freed 371K, 18% free 2989K/3624K, paused 2ms, total 2ms
D/dalvikvm(21505): GC_FOR_ALLOC freed 410K, 19% free 2951K/3624K, paused 2ms, total 2ms
D/dalvikvm(21505): GC_CONCURRENT freed 314K, 16% free 3049K/3624K, paused 1ms+1ms, total 3ms
D/dalvikvm(21505): GC_FOR_ALLOC freed 374K, 18% free 2990K/3624K, paused 2ms, total 2ms
D/dalvikvm(21505): GC_FOR_ALLOC freed 414K, 19% free 2951K/3624K, paused 2ms, total 2ms
D/dalvikvm(21505): GC_CONCURRENT freed 317K, 16% free 3050K/3624K, paused 2ms+0ms, total 3ms
D/dalvikvm(21505): GC_FOR_ALLOC freed 377K, 18% free 2991K/3624K, paused 2ms, total 2ms
D/dalvikvm(21505): GC_FOR_ALLOC freed 417K, 19% free 2951K/3624K, paused 2ms, total 2ms
D/dalvikvm(21505): GC_CONCURRENT freed 319K, 16% free 3051K/3624K, paused 2ms+0ms, total 3ms
D/dalvikvm(21505): GC_FOR_ALLOC freed 380K, 18% free 2991K/3624K, paused 1ms, total 1ms
D/dalvikvm(21505): GC_FOR_ALLOC freed 421K, 19% free 2952K/3624K, paused 1ms, total 1ms
D/dalvikvm(21505): GC_CONCURRENT freed 322K, 16% free 3053K/3624K, paused 1ms+0ms, total 3ms
D/dalvikvm(21505): GC_FOR_ALLOC freed 383K, 18% free 2992K/3624K, paused 2ms, total 2ms
D/dalvikvm(21505): GC_CONCURRENT freed 323K, 16% free 3053K/3624K, paused 2ms+0ms, total 3ms
D/dalvikvm(21505): GC_FOR_ALLOC freed 385K, 18% free 2993K/3624K, paused 2ms, total 2ms
D/dalvikvm(21505): GC_CONCURRENT freed 325K, 16% free 3054K/3624K, paused 1ms+0ms, total 3ms
D/dalvikvm(21505): GC_FOR_ALLOC freed 387K, 19% free 2952K/3624K, paused 2ms, total 2ms
D/dalvikvm(21505): GC_CONCURRENT freed 286K, 16% free 3055K/3624K, paused 2ms+0ms, total 3ms
D/dalvikvm(21505): GC_FOR_ALLOC freed 430K, 19% free 2952K/3624K, paused 2ms, total 2ms
D/dalvikvm(21505): GC_CONCURRENT freed 287K, 16% free 3055K/3624K, paused 1ms+0ms, total 3ms
D/dalvikvm(21505): GC_FOR_ALLOC freed 433K, 19% free 2953K/3624K, paused 2ms, total 2ms
D/dalvikvm(21505): GC_CONCURRENT freed 289K, 16% free 3056K/3624K, paused 2ms+0ms, total 3ms
D/dalvikvm(21505): GC_FOR_ALLOC freed 434K, 19% free 2953K/3624K, paused 1ms, total 1ms
D/dalvikvm(21505): GC_CONCURRENT freed 290K, 16% free 3057K/3624K, paused 1ms+0ms, total 3ms
D/dalvikvm(21505): GC_FOR_ALLOC freed 437K, 19% free 2953K/3624K, paused 2ms, total 2ms
D/dalvikvm(21505): GC_CONCURRENT freed 292K, 16% free 3057K/3624K, paused 1ms+1ms, total 3ms
D/dalvikvm(21505): GC_FOR_ALLOC freed 439K, 19% free 2953K/3624K, paused 2ms, total 2ms
D/dalvikvm(21505): GC_CONCURRENT freed 294K, 16% free 3058K/3624K, paused 1ms+1ms, total 4ms
D/dalvikvm(21505): GC_FOR_ALLOC freed 441K, 19% free 2954K/3624K, paused 2ms, total 2ms
D/dalvikvm(21505): GC_CONCURRENT freed 295K, 16% free 3059K/3624K, paused 2ms+0ms, total 3ms
D/dalvikvm(21505): GC_FOR_ALLOC freed 444K, 19% free 2954K/3624K, paused 2ms, total 2ms
D/dalvikvm(21505): GC_CONCURRENT freed 296K, 16% free 3060K/3624K, paused 1ms+1ms, total 3ms
D/dalvikvm(21505): GC_FOR_ALLOC freed 445K, 19% free 2954K/3624K, paused 2ms, total 2ms
D/dalvikvm(21505): GC_CONCURRENT freed 298K, 16% free 3061K/3624K, paused 3ms+1ms, total 5ms
D/dalvikvm(21505): GC_FOR_ALLOC freed 448K, 19% free 2954K/3624K, paused 2ms, total 2ms
D/dalvikvm(21505): GC_CONCURRENT freed 299K, 16% free 3061K/3624K, paused 1ms+0ms, total 3ms
D/dalvikvm(21505): GC_FOR_ALLOC freed 451K, 19% free 2954K/3624K, paused 2ms, total 2ms
D/dalvikvm(21505): GC_CONCURRENT freed 301K, 16% free 3062K/3624K, paused 1ms+1ms, total 3ms
D/dalvikvm(21505): GC_FOR_ALLOC freed 452K, 19% free 2955K/3624K, paused 2ms, total 2ms
D/dalvikvm(21505): GC_CONCURRENT freed 303K, 16% free 3063K/3624K, paused 2ms+0ms, total 3ms
D/dalvikvm(21505): GC_FOR_ALLOC freed 455K, 19% free 2955K/3624K, paused 2ms, total 2ms
D/dalvikvm(21505): GC_CONCURRENT freed 304K, 16% free 3064K/3624K, paused 2ms+0ms, total 3ms
D/dalvikvm(21505): GC_FOR_ALLOC freed 457K, 19% free 2955K/3624K, paused 2ms, total 2ms
D/dalvikvm(21505): GC_CONCURRENT freed 305K, 16% free 3064K/3624K, paused 2ms+0ms, total 4ms
D/dalvikvm(21505): GC_FOR_ALLOC freed 459K, 19% free 2955K/3624K, paused 2ms, total 2ms
D/dalvikvm(21505): GC_CONCURRENT freed 307K, 16% free 3065K/3624K, paused 2ms+0ms, total 3ms
D/dalvikvm(21505): GC_FOR_ALLOC freed 462K, 19% free 2955K/3624K, paused 2ms, total 2ms
D/dalvikvm(21505): GC_CONCURRENT freed 308K, 16% free 3066K/3624K, paused 2ms+0ms, total 4ms
D/dalvikvm(21505): GC_FOR_ALLOC freed 353K, 17% free 3022K/3624K, paused 2ms, total 2ms
D/dalvikvm(21505): GC_FOR_ALLOC freed 310K, 17% free 3022K/3624K, paused 2ms, total 2ms
D/dalvikvm(21505): GC_FOR_ALLOC freed 310K, 17% free 3022K/3624K, paused 3ms, total 3ms
D/dalvikvm(21505): GC_FOR_ALLOC freed 311K, 17% free 3023K/3624K, paused 2ms, total 2ms
D/dalvikvm(21505): GC_FOR_ALLOC freed 312K, 17% free 3023K/3624K, paused 2ms, total 2ms
D/dalvikvm(21505): GC_FOR_ALLOC freed 312K, 17% free 3023K/3624K, paused 3ms, total 3ms
D/dalvikvm(21505): GC_FOR_ALLOC freed 312K, 17% free 3023K/3624K, paused 2ms, total 2ms
D/dalvikvm(21505): GC_FOR_ALLOC freed 313K, 17% free 3024K/3624K, paused 3ms, total 3ms
D/dalvikvm(21505): GC_FOR_ALLOC freed 314K, 17% free 3024K/3624K, paused 2ms, total 2ms
D/dalvikvm(21505): GC_FOR_ALLOC freed 427K, 19% free 2956K/3624K, paused 2ms, total 2ms
D/dalvikvm(21505): GC_CONCURRENT freed 315K, 16% free 3069K/3624K, paused 2ms+0ms, total 3ms
D/dalvikvm(21505): GC_FOR_ALLOC freed 316K, 18% free 3002K/3624K, paused 2ms, total 2ms
D/dalvikvm(21505): GC_CONCURRENT freed 317K, 16% free 3070K/3624K, paused 2ms+0ms, total 3ms
D/dalvikvm(21505): GC_FOR_ALLOC freed 362K, 17% free 3025K/3624K, paused 2ms, total 2ms
D/dalvikvm(21505): GC_FOR_ALLOC freed 318K, 17% free 3025K/3624K, paused 3ms, total 3ms
D/dalvikvm(21505): GC_FOR_ALLOC freed 318K, 17% free 3025K/3624K, paused 3ms, total 3ms
D/dalvikvm(21505): GC_FOR_ALLOC freed 319K, 17% free 3025K/3624K, paused 4ms, total 4ms
D/dalvikvm(21505): GC_FOR_ALLOC freed 434K, 19% free 2957K/3624K, paused 3ms, total 3ms
D/dalvikvm(21505): GC_CONCURRENT freed 320K, 16% free 3072K/3624K, paused 2ms+1ms, total 4ms
D/dalvikvm(21505): GC_FOR_ALLOC freed 321K, 18% free 3003K/3624K, paused 3ms, total 3ms
D/dalvikvm(21505): GC_FOR_ALLOC freed 322K, 18% free 3003K/3624K, paused 3ms, total 3ms
D/dalvikvm(21505): GC_FOR_ALLOC freed 322K, 18% free 3004K/3624K, paused 2ms, total 2ms
D/dalvikvm(21505): GC_CONCURRENT freed 323K, 16% free 3073K/3624K, paused 1ms+0ms, total 3ms
D/dalvikvm(21505): GC_FOR_ALLOC freed 324K, 18% free 3004K/3624K, paused 2ms, total 2ms
D/dalvikvm(21505): GC_FOR_ALLOC freed 324K, 18% free 3004K/3624K, paused 2ms, total 2ms
D/dalvikvm(21505): GC_FOR_ALLOC freed 324K, 18% free 3004K/3624K, paused 3ms, total 3ms
D/dalvikvm(21505): GC_CONCURRENT freed 325K, 16% free 3074K/3624K, paused 2ms+0ms, total 4ms
D/dalvikvm(21505): GC_FOR_ALLOC freed 326K, 18% free 3005K/3624K, paused 2ms, total 2ms
D/dalvikvm(21505): GC_FOR_ALLOC freed 327K, 18% free 3005K/3624K, paused 3ms, total 3ms
D/dalvikvm(21505): GC_FOR_ALLOC freed 327K, 18% free 3005K/3624K, paused 3ms, total 3ms
D/dalvikvm(21505): GC_CONCURRENT freed 328K, 16% free 3075K/3624K, paused 2ms+1ms, total 4ms
D/dalvikvm(21505): GC_FOR_ALLOC freed 328K, 18% free 3005K/3624K, paused 3ms, total 3ms
D/dalvikvm(21505): GC_FOR_ALLOC freed 329K, 18% free 3005K/3624K, paused 3ms, total 3ms
D/dalvikvm(21505): GC_FOR_ALLOC freed 329K, 18% free 3006K/3624K, paused 2ms, total 2ms
D/dalvikvm(21505): GC_CONCURRENT freed 330K, 16% free 3077K/3624K, paused 1ms+0ms, total 3ms
D/dalvikvm(21505): GC_FOR_ALLOC freed 331K, 18% free 3006K/3624K, paused 2ms, total 2ms
D/dalvikvm(21505): GC_FOR_ALLOC freed 331K, 18% free 3006K/3624K, paused 2ms, total 2ms
D/dalvikvm(21505): GC_FOR_ALLOC freed 331K, 18% free 3006K/3624K, paused 3ms, total 3ms
D/dalvikvm(21505): GC_CONCURRENT freed 332K, 16% free 3078K/3624K, paused 1ms+0ms, total 3ms
D/dalvikvm(21505): GC_FOR_ALLOC freed 333K, 18% free 3007K/3624K, paused 2ms, total 2ms
D/dalvikvm(21505): GC_FOR_ALLOC freed 333K, 18% free 3007K/3624K, paused 2ms, total 2ms
D/dalvikvm(21505): GC_FOR_ALLOC freed 334K, 18% free 3007K/3624K, paused 3ms, total 3ms
D/dalvikvm(21505): GC_CONCURRENT freed 335K, 16% free 3079K/3624K, paused 1ms+1ms, total 3ms
D/dalvikvm(21505): GC_FOR_ALLOC freed 335K, 18% free 3007K/3624K, paused 3ms, total 3ms
D/dalvikvm(21505): GC_FOR_ALLOC freed 336K, 18% free 3007K/3624K, paused 2ms, total 2ms
D/dalvikvm(21505): GC_FOR_ALLOC freed 336K, 17% free 3008K/3624K, paused 2ms, total 2ms
D/dalvikvm(21505): GC_FOR_ALLOC freed 337K, 17% free 3008K/3624K, paused 2ms, total 2ms
D/dalvikvm(21505): GC_FOR_ALLOC freed 338K, 17% free 3008K/3624K, paused 2ms, total 2ms
D/dalvikvm(21505): GC_FOR_ALLOC freed 338K, 17% free 3008K/3624K, paused 1ms, total 1ms
D/dalvikvm(21505): GC_FOR_ALLOC freed 339K, 17% free 3008K/3624K, paused 2ms, total 2ms
D/dalvikvm(21505): GC_FOR_ALLOC freed 340K, 17% free 3009K/3624K, paused 2ms, total 2ms
D/dalvikvm(21505): GC_FOR_ALLOC freed 340K, 17% free 3009K/3624K, paused 2ms, total 2ms
D/dalvikvm(21505): GC_FOR_ALLOC freed 341K, 17% free 3009K/3624K, paused 2ms, total 2ms
D/dalvikvm(21505): GC_FOR_ALLOC freed 341K, 17% free 3009K/3624K, paused 2ms, total 2ms
D/dalvikvm(21505): GC_FOR_ALLOC freed 342K, 17% free 3009K/3624K, paused 2ms, total 2ms
D/dalvikvm(21505): GC_FOR_ALLOC freed 343K, 17% free 3009K/3624K, paused 2ms, total 2ms
D/dalvikvm(21505): GC_FOR_ALLOC freed 343K, 17% free 3010K/3624K, paused 2ms, total 2ms
D/dalvikvm(21505): GC_FOR_ALLOC freed 344K, 17% free 3010K/3624K, paused 2ms, total 2ms
D/dalvikvm(21505): GC_FOR_ALLOC freed 344K, 17% free 3010K/3624K, paused 2ms, total 2ms
D/dalvikvm(21505): GC_FOR_ALLOC freed 345K, 17% free 3010K/3624K, paused 2ms, total 2ms
D/dalvikvm(21505): GC_FOR_ALLOC freed 345K, 17% free 3010K/3624K, paused 2ms, total 2ms
D/dalvikvm(21505): GC_FOR_ALLOC freed 346K, 17% free 3010K/3624K, paused 3ms, total 3ms
D/dalvikvm(21505): GC_FOR_ALLOC freed 347K, 17% free 3011K/3624K, paused 2ms, total 2ms
D/dalvikvm(21505): GC_FOR_ALLOC freed 348K, 17% free 3011K/3624K, paused 2ms, total 2ms
D/dalvikvm(21505): GC_FOR_ALLOC freed 348K, 17% free 3011K/3624K, paused 3ms, total 3ms
D/dalvikvm(21505): GC_FOR_ALLOC freed 348K, 17% free 3011K/3624K, paused 2ms, total 2ms
D/dalvikvm(21505): GC_FOR_ALLOC freed 349K, 17% free 3011K/3624K, paused 2ms, total 2ms
D/dalvikvm(21505): GC_FOR_ALLOC freed 350K, 17% free 3011K/3624K, paused 2ms, total 2ms
D/dalvikvm(21505): GC_FOR_ALLOC freed 350K, 17% free 3012K/3624K, paused 2ms, total 2ms
D/dalvikvm(21505): GC_FOR_ALLOC freed 351K, 17% free 3012K/3624K, paused 2ms, total 2ms
D/dalvikvm(21505): GC_FOR_ALLOC freed 351K, 17% free 3012K/3624K, paused 2ms, total 2ms
D/dalvikvm(21505): GC_FOR_ALLOC freed 352K, 17% free 3012K/3624K, paused 2ms, total 2ms
D/dalvikvm(21505): GC_FOR_ALLOC freed 353K, 19% free 2962K/3624K, paused 2ms, total 2ms
D/dalvikvm(21505): GC_CONCURRENT freed 353K, 17% free 3012K/3624K, paused 2ms+0ms, total 4ms
D/dalvikvm(21505): GC_FOR_ALLOC freed 354K, 17% free 3013K/3624K, paused 1ms, total 1ms
D/dalvikvm(21505): GC_FOR_ALLOC freed 354K, 17% free 3013K/3624K, paused 2ms, total 2ms
D/dalvikvm(21505): GC_FOR_ALLOC freed 355K, 19% free 2962K/3624K, paused 2ms, total 2ms
D/dalvikvm(21505): GC_CONCURRENT freed 355K, 17% free 3013K/3624K, paused 2ms+0ms, total 3ms
D/dalvikvm(21505): GC_FOR_ALLOC freed 356K, 17% free 3013K/3624K, paused 2ms, total 2ms
D/dalvikvm(21505): GC_FOR_ALLOC freed 357K, 17% free 3013K/3624K, paused 2ms, total 2ms
D/dalvikvm(21505): GC_FOR_ALLOC freed 357K, 19% free 2963K/3624K, paused 2ms, total 2ms
D/dalvikvm(21505): GC_CONCURRENT freed 358K, 17% free 3014K/3624K, paused 2ms+0ms, total 3ms
D/dalvikvm(21505): GC_FOR_ALLOC freed 359K, 17% free 3014K/3624K, paused 2ms, total 2ms
D/dalvikvm(21505): GC_FOR_ALLOC freed 359K, 17% free 3014K/3624K, paused 2ms, total 2ms
D/dalvikvm(21505): GC_FOR_ALLOC freed 359K, 19% free 2963K/3624K, paused 2ms, total 2ms
D/dalvikvm(21505): GC_CONCURRENT freed 360K, 17% free 3015K/3624K, paused 2ms+0ms, total 3ms
D/dalvikvm(21505): GC_FOR_ALLOC freed 361K, 17% free 3015K/3624K, paused 3ms, total 3ms
D/dalvikvm(21505): GC_FOR_ALLOC freed 361K, 17% free 3015K/3624K, paused 2ms, total 2ms
D/dalvikvm(21505): GC_FOR_ALLOC freed 362K, 19% free 2963K/3624K, paused 2ms, total 2ms
D/dalvikvm(21505): GC_CONCURRENT freed 363K, 17% free 3015K/3624K, paused 2ms+0ms, total 3ms
D/dalvikvm(21505): GC_FOR_ALLOC freed 363K, 17% free 3015K/3624K, paused 1ms, total 1ms
D/dalvikvm(21505): GC_FOR_ALLOC freed 364K, 17% free 3015K/3624K, paused 2ms, total 2ms
D/dalvikvm(21505): GC_FOR_ALLOC freed 364K, 19% free 2964K/3624K, paused 1ms, total 1ms
D/dalvikvm(21505): GC_CONCURRENT freed 365K, 17% free 3016K/3624K, paused 1ms+0ms, total 3ms
D/dalvikvm(21505): GC_FOR_ALLOC freed 366K, 17% free 3016K/3624K, paused 2ms, total 2ms
D/dalvikvm(21505): GC_FOR_ALLOC freed 366K, 17% free 3016K/3624K, paused 2ms, total 2ms
D/dalvikvm(21505): GC_FOR_ALLOC freed 366K, 19% free 2964K/3624K, paused 2ms, total 2ms
D/dalvikvm(21505): GC_CONCURRENT freed 367K, 17% free 3017K/3624K, paused 2ms+0ms, total 3ms
D/dalvikvm(21505): GC_FOR_ALLOC freed 368K, 17% free 3017K/3624K, paused 1ms, total 1ms
D/dalvikvm(21505): GC_FOR_ALLOC freed 368K, 17% free 3017K/3624K, paused 2ms, total 2ms
D/dalvikvm(21505): GC_FOR_ALLOC freed 369K, 19% free 2964K/3624K, paused 2ms, total 2ms
D/dalvikvm(21505): GC_CONCURRENT freed 370K, 17% free 3017K/3624K, paused 1ms+1ms, total 3ms
D/dalvikvm(21505): GC_FOR_ALLOC freed 370K, 17% free 3017K/3624K, paused 2ms, total 2ms
D/dalvikvm(21505): GC_FOR_ALLOC freed 370K, 17% free 3017K/3624K, paused 2ms, total 2ms
D/dalvikvm(21505): GC_FOR_ALLOC freed 371K, 19% free 2965K/3624K, paused 2ms, total 2ms
D/dalvikvm(21505): GC_FOR_ALLOC freed 372K, 19% free 2965K/3624K, paused 1ms, total 1ms
D/dalvikvm(21505): GC_FOR_ALLOC freed 372K, 19% free 2965K/3624K, paused 2ms, total 2ms
D/dalvikvm(21505): GC_CONCURRENT freed 373K, 17% free 3018K/3624K, paused 1ms+0ms, total 3ms
D/dalvikvm(21505): GC_FOR_ALLOC freed 374K, 19% free 2965K/3624K, paused 2ms, total 2ms
D/dalvikvm(21505): GC_CONCURRENT freed 374K, 17% free 3019K/3624K, paused 1ms+1ms, total 3ms
D/dalvikvm(21505): GC_FOR_ALLOC freed 375K, 17% free 3019K/3624K, paused 2ms, total 2ms
D/dalvikvm(21505): GC_FOR_ALLOC freed 375K, 17% free 3019K/3624K, paused 1ms, total 1ms
D/dalvikvm(21505): GC_FOR_ALLOC freed 376K, 19% free 2965K/3624K, paused 1ms, total 1ms
D/dalvikvm(21505): GC_FOR_ALLOC freed 377K, 19% free 2965K/3624K, paused 1ms, total 2ms
D/dalvikvm(21505): GC_FOR_ALLOC freed 377K, 19% free 2965K/3624K, paused 2ms, total 2ms
D/dalvikvm(21505): GC_CONCURRENT freed 378K, 17% free 3020K/3624K, paused 1ms+0ms, total 3ms
D/dalvikvm(21505): GC_FOR_ALLOC freed 378K, 19% free 2966K/3624K, paused 2ms, total 2ms
D/dalvikvm(21505): GC_CONCURRENT freed 379K, 17% free 3020K/3624K, paused 1ms+1ms, total 3ms
D/dalvikvm(21505): GC_FOR_ALLOC freed 380K, 17% free 3020K/3624K, paused 2ms, total 2ms
D/dalvikvm(21505): GC_FOR_ALLOC freed 380K, 17% free 3020K/3624K, paused 2ms, total 2ms
D/dalvikvm(21505): GC_FOR_ALLOC freed 381K, 19% free 2966K/3624K, paused 2ms, total 2ms
D/dalvikvm(21505): GC_FOR_ALLOC freed 382K, 19% free 2966K/3624K, paused 2ms, total 2ms
D/dalvikvm(21505): GC_FOR_ALLOC freed 382K, 19% free 2966K/3624K, paused 3ms, total 3ms
D/dalvikvm(21505): GC_CONCURRENT freed 382K, 17% free 3021K/3624K, paused 1ms+0ms, total 3ms
D/dalvikvm(21505): GC_FOR_ALLOC freed 383K, 19% free 2966K/3624K, paused 2ms, total 2ms
D/dalvikvm(21505): GC_CONCURRENT freed 247K, 15% free 3103K/3624K, paused 1ms+0ms, total 3ms
D/dalvikvm(21505): GC_FOR_ALLOC freed 329K, 17% free 3021K/3624K, paused 2ms, total 2ms
D/dalvikvm(21505): GC_FOR_ALLOC freed 384K, 19% free 2966K/3624K, paused 2ms, total 2ms
D/dalvikvm(21505): GC_CONCURRENT freed 247K, 15% free 3104K/3624K, paused 2ms+0ms, total 3ms
D/dalvikvm(21505): GC_FOR_ALLOC freed 331K, 17% free 3022K/3624K, paused 3ms, total 3ms
D/dalvikvm(21505): GC_FOR_ALLOC freed 386K, 19% free 2967K/3624K, paused 2ms, total 2ms
D/dalvikvm(21505): GC_CONCURRENT freed 248K, 15% free 3105K/3624K, paused 2ms+0ms, total 3ms
D/dalvikvm(21505): GC_FOR_ALLOC freed 331K, 17% free 3022K/3624K, paused 1ms, total 1ms
D/dalvikvm(21505): GC_FOR_ALLOC freed 388K, 19% free 2967K/3624K, paused 2ms, total 2ms
D/dalvikvm(21505): GC_CONCURRENT freed 249K, 15% free 3106K/3624K, paused 1ms+0ms, total 3ms
D/dalvikvm(21505): GC_FOR_ALLOC freed 333K, 17% free 3022K/3624K, paused 2ms, total 2ms
D/dalvikvm(21505): GC_FOR_ALLOC freed 389K, 19% free 2967K/3624K, paused 2ms, total 2ms
D/dalvikvm(21505): GC_CONCURRENT freed 250K, 15% free 3106K/3624K, paused 3ms+1ms, total 5ms
D/dalvikvm(21505): GC_FOR_ALLOC freed 334K, 18% free 3023K/3680K, paused 2ms, total 2ms
D/dalvikvm(21505): GC_FOR_ALLOC freed 391K, 20% free 2967K/3680K, paused 2ms, total 2ms
D/dalvikvm(21505): GC_CONCURRENT freed 251K, 16% free 3107K/3680K, paused 2ms+0ms, total 3ms
D/dalvikvm(21505): GC_FOR_ALLOC freed 335K, 18% free 3023K/3680K, paused 2ms, total 2ms
D/dalvikvm(21505): GC_FOR_ALLOC freed 392K, 20% free 2968K/3680K, paused 1ms, total 2ms
D/dalvikvm(21505): GC_CONCURRENT freed 252K, 16% free 3108K/3680K, paused 1ms+0ms, total 3ms
D/dalvikvm(21505): GC_FOR_ALLOC freed 337K, 18% free 3024K/3680K, paused 2ms, total 2ms
D/dalvikvm(21505): GC_FOR_ALLOC freed 393K, 20% free 2968K/3680K, paused 2ms, total 2ms
D/dalvikvm(21505): GC_CONCURRENT freed 253K, 16% free 3109K/3680K, paused 1ms+1ms, total 4ms
D/dalvikvm(21505): GC_FOR_ALLOC freed 338K, 18% free 3024K/3680K, paused 2ms, total 2ms
D/dalvikvm(21505): GC_FOR_ALLOC freed 395K, 20% free 2968K/3680K, paused 2ms, total 2ms
D/dalvikvm(21505): GC_CONCURRENT freed 254K, 16% free 3110K/3680K, paused 1ms+1ms, total 3ms
D/dalvikvm(21505): GC_FOR_ALLOC freed 340K, 18% free 3025K/3680K, paused 2ms, total 2ms
D/dalvikvm(21505): GC_FOR_ALLOC freed 396K, 20% free 2968K/3680K, paused 2ms, total 2ms
D/dalvikvm(21505): GC_CONCURRENT freed 255K, 16% free 3110K/3680K, paused 2ms+0ms, total 3ms
D/dalvikvm(21505): GC_FOR_ALLOC freed 341K, 18% free 3025K/3680K, paused 2ms, total 2ms
D/dalvikvm(21505): GC_FOR_ALLOC freed 398K, 20% free 2968K/3680K, paused 2ms, total 2ms
D/dalvikvm(21505): GC_CONCURRENT freed 256K, 16% free 3111K/3680K, paused 1ms+1ms, total 3ms
D/dalvikvm(21505): GC_FOR_ALLOC freed 342K, 18% free 3026K/3680K, paused 1ms, total 1ms
D/dalvikvm(21505): GC_FOR_ALLOC freed 400K, 20% free 2969K/3680K, paused 2ms, total 2ms
D/dalvikvm(21505): GC_CONCURRENT freed 257K, 16% free 3112K/3680K, paused 2ms+0ms, total 3ms
D/dalvikvm(21505): GC_FOR_ALLOC freed 344K, 18% free 3026K/3680K, paused 2ms, total 2ms
D/dalvikvm(21505): GC_FOR_ALLOC freed 401K, 20% free 2969K/3680K, paused 2ms, total 2ms
D/dalvikvm(21505): GC_CONCURRENT freed 258K, 16% free 3113K/3680K, paused 2ms+0ms, total 3ms
D/dalvikvm(21505): GC_FOR_ALLOC freed 345K, 18% free 3027K/3680K, paused 2ms, total 2ms
D/dalvikvm(21505): GC_FOR_ALLOC freed 403K, 20% free 2969K/3680K, paused 2ms, total 2ms
D/dalvikvm(21505): GC_CONCURRENT freed 259K, 16% free 3113K/3680K, paused 2ms+0ms, total 4ms
D/dalvikvm(21505): GC_FOR_ALLOC freed 346K, 18% free 3027K/3680K, paused 2ms, total 2ms
D/dalvikvm(21505): GC_FOR_ALLOC freed 404K, 20% free 2969K/3680K, paused 2ms, total 2ms
D/dalvikvm(21505): GC_CONCURRENT freed 260K, 16% free 3114K/3680K, paused 1ms+1ms, total 3ms
D/dalvikvm(21505): GC_FOR_ALLOC freed 347K, 18% free 3027K/3680K, paused 2ms, total 2ms
D/dalvikvm(21505): GC_FOR_ALLOC freed 406K, 20% free 2969K/3680K, paused 2ms, total 2ms
D/dalvikvm(21505): GC_CONCURRENT freed 261K, 16% free 3115K/3680K, paused 2ms+0ms, total 3ms
D/dalvikvm(21505): GC_FOR_ALLOC freed 348K, 18% free 3028K/3680K, paused 2ms, total 2ms
D/dalvikvm(21505): GC_FOR_ALLOC freed 407K, 20% free 2970K/3680K, paused 2ms, total 2ms
D/dalvikvm(21505): GC_CONCURRENT freed 262K, 16% free 3115K/3680K, paused 1ms+1ms, total 3ms
D/dalvikvm(21505): GC_FOR_ALLOC freed 350K, 18% free 3028K/3680K, paused 2ms, total 2ms
D/dalvikvm(21505): GC_FOR_ALLOC freed 408K, 20% free 2970K/3680K, paused 2ms, total 2ms
D/dalvikvm(21505): GC_CONCURRENT freed 263K, 16% free 3116K/3680K, paused 2ms+0ms, total 3ms
D/dalvikvm(21505): GC_FOR_ALLOC freed 352K, 18% free 3029K/3680K, paused 1ms, total 1ms
D/dalvikvm(21505): GC_FOR_ALLOC freed 410K, 20% free 2970K/3680K, paused 1ms, total 1ms
D/dalvikvm(21505): GC_CONCURRENT freed 264K, 16% free 3117K/3680K, paused 1ms+1ms, total 3ms
D/dalvikvm(21505): GC_FOR_ALLOC freed 352K, 18% free 3029K/3680K, paused 2ms, total 2ms
D/dalvikvm(21505): GC_FOR_ALLOC freed 412K, 20% free 2970K/3680K, paused 2ms, total 2ms
D/dalvikvm(21505): GC_CONCURRENT freed 265K, 16% free 3118K/3680K, paused 1ms+0ms, total 3ms
D/dalvikvm(21505): GC_FOR_ALLOC freed 354K, 18% free 3029K/3680K, paused 2ms, total 2ms
D/dalvikvm(21505): GC_FOR_ALLOC freed 413K, 20% free 2971K/3680K, paused 2ms, total 2ms
D/dalvikvm(21505): GC_CONCURRENT freed 266K, 16% free 3119K/3680K, paused 1ms+1ms, total 3ms
D/dalvikvm(21505): GC_FOR_ALLOC freed 355K, 18% free 3030K/3680K, paused 2ms, total 2ms
D/dalvikvm(21505): GC_FOR_ALLOC freed 415K, 20% free 2971K/3680K, paused 2ms, total 2ms
D/dalvikvm(21505): GC_CONCURRENT freed 267K, 16% free 3119K/3680K, paused 1ms+1ms, total 3ms
D/dalvikvm(21505): GC_FOR_ALLOC freed 356K, 18% free 3030K/3680K, paused 2ms, total 2ms
D/dalvikvm(21505): GC_FOR_ALLOC freed 417K, 20% free 2971K/3680K, paused 2ms, total 2ms
D/dalvikvm(21505): GC_CONCURRENT freed 268K, 16% free 3120K/3680K, paused 2ms+0ms, total 3ms
D/dalvikvm(21505): GC_FOR_ALLOC freed 358K, 18% free 3031K/3680K, paused 2ms, total 2ms
D/dalvikvm(21505): GC_FOR_ALLOC freed 418K, 20% free 2971K/3680K, paused 2ms, total 2ms
D/dalvikvm(21505): GC_CONCURRENT freed 269K, 16% free 3121K/3680K, paused 2ms+0ms, total 4ms
D/dalvikvm(21505): GC_FOR_ALLOC freed 359K, 18% free 3031K/3680K, paused 2ms, total 2ms
D/dalvikvm(21505): GC_FOR_ALLOC freed 420K, 20% free 2972K/3680K, paused 2ms, total 2ms
D/dalvikvm(21505): GC_CONCURRENT freed 270K, 16% free 3122K/3680K, paused 2ms+0ms, total 3ms
D/dalvikvm(21505): GC_FOR_ALLOC freed 361K, 18% free 3032K/3680K, paused 2ms, total 2ms
D/dalvikvm(21505): GC_FOR_ALLOC freed 421K, 20% free 2972K/3680K, paused 2ms, total 2ms
D/dalvikvm(21505): GC_CONCURRENT freed 271K, 16% free 3123K/3680K, paused 1ms+0ms, total 3ms
D/dalvikvm(21505): GC_FOR_ALLOC freed 362K, 18% free 3032K/3680K, paused 2ms, total 2ms
D/dalvikvm(21505): GC_FOR_ALLOC freed 423K, 20% free 2972K/3680K, paused 2ms, total 2ms
D/dalvikvm(21505): GC_CONCURRENT freed 272K, 16% free 3123K/3680K, paused 3ms+0ms, total 5ms
D/dalvikvm(21505): GC_FOR_ALLOC freed 363K, 18% free 3033K/3680K, paused 2ms, total 2ms
D/dalvikvm(21505): GC_FOR_ALLOC freed 425K, 20% free 2972K/3680K, paused 1ms, total 1ms
D/dalvikvm(21505): GC_CONCURRENT freed 273K, 16% free 3124K/3680K, paused 2ms+0ms, total 3ms
D/dalvikvm(21505): GC_FOR_ALLOC freed 365K, 18% free 3033K/3680K, paused 2ms, total 2ms
D/dalvikvm(21505): GC_FOR_ALLOC freed 426K, 20% free 2972K/3680K, paused 2ms, total 2ms
D/dalvikvm(21505): GC_CONCURRENT freed 274K, 16% free 3125K/3680K, paused 2ms+0ms, total 3ms
D/dalvikvm(21505): GC_FOR_ALLOC freed 366K, 18% free 3034K/3680K, paused 2ms, total 2ms
D/dalvikvm(21505): GC_FOR_ALLOC freed 428K, 20% free 2973K/3680K, paused 2ms, total 2ms
D/dalvikvm(21505): GC_CONCURRENT freed 275K, 16% free 3125K/3680K, paused 2ms+0ms, total 3ms
D/dalvikvm(21505): GC_FOR_ALLOC freed 367K, 18% free 3034K/3680K, paused 2ms, total 2ms
D/dalvikvm(21505): GC_FOR_ALLOC freed 429K, 20% free 2973K/3680K, paused 2ms, total 2ms
D/dalvikvm(21505): GC_CONCURRENT freed 276K, 16% free 3126K/3680K, paused 1ms+0ms, total 2ms
D/dalvikvm(21505): GC_FOR_ALLOC freed 369K, 18% free 3034K/3680K, paused 3ms, total 3ms
D/dalvikvm(21505): GC_FOR_ALLOC freed 430K, 20% free 2973K/3680K, paused 2ms, total 2ms
D/dalvikvm(21505): GC_CONCURRENT freed 277K, 16% free 3127K/3680K, paused 2ms+0ms, total 3ms
D/dalvikvm(21505): GC_FOR_ALLOC freed 370K, 20% free 2973K/3680K, paused 1ms, total 1ms
D/dalvikvm(21505): GC_CONCURRENT freed 278K, 15% free 3128K/3680K, paused 1ms+0ms, total 3ms
D/dalvikvm(21505): GC_FOR_ALLOC freed 371K, 18% free 3035K/3680K, paused 2ms, total 2ms
D/dalvikvm(21505): GC_FOR_ALLOC freed 278K, 17% free 3066K/3680K, paused 2ms, total 2ms
D/dalvikvm(21505): GC_FOR_ALLOC freed 371K, 20% free 2973K/3680K, paused 2ms, total 2ms
D/dalvikvm(21505): GC_CONCURRENT freed 279K, 15% free 3129K/3680K, paused 1ms+0ms, total 3ms
D/dalvikvm(21505): GC_FOR_ALLOC freed 372K, 20% free 2974K/3680K, paused 2ms, total 2ms
D/dalvikvm(21505): GC_CONCURRENT freed 279K, 15% free 3129K/3680K, paused 2ms+0ms, total 3ms
D/dalvikvm(21505): GC_FOR_ALLOC freed 373K, 20% free 2974K/3680K, paused 2ms, total 2ms
D/dalvikvm(21505): GC_CONCURRENT freed 280K, 15% free 3129K/3680K, paused 1ms+0ms, total 2ms
D/dalvikvm(21505): GC_FOR_ALLOC freed 374K, 18% free 3036K/3680K, paused 2ms, total 2ms
D/dalvikvm(21505): GC_FOR_ALLOC freed 280K, 17% free 3067K/3680K, paused 2ms, total 2ms
D/dalvikvm(21505): GC_FOR_ALLOC freed 375K, 20% free 2974K/3680K, paused 2ms, total 2ms
D/dalvikvm(21505): GC_CONCURRENT freed 281K, 15% free 3130K/3680K, paused 1ms+0ms, total 2ms
D/dalvikvm(21505): GC_FOR_ALLOC freed 375K, 20% free 2974K/3680K, paused 1ms, total 1ms
D/dalvikvm(21505): GC_CONCURRENT freed 281K, 15% free 3131K/3680K, paused 1ms+0ms, total 3ms
D/dalvikvm(21505): GC_FOR_ALLOC freed 376K, 20% free 2974K/3680K, paused 3ms, total 3ms
D/dalvikvm(21505): GC_CONCURRENT freed 282K, 15% free 3131K/3680K, paused 2ms+0ms, total 4ms
D/dalvikvm(21505): GC_FOR_ALLOC freed 377K, 18% free 3037K/3680K, paused 2ms, total 2ms
D/dalvikvm(21505): GC_FOR_ALLOC freed 283K, 17% free 3069K/3680K, paused 2ms, total 2ms
D/dalvikvm(21505): GC_FOR_ALLOC freed 377K, 20% free 2974K/3680K, paused 2ms, total 2ms
D/dalvikvm(21505): GC_CONCURRENT freed 283K, 15% free 3132K/3680K, paused 1ms+0ms, total 3ms
D/dalvikvm(21505): GC_FOR_ALLOC freed 378K, 20% free 2975K/3680K, paused 2ms, total 2ms
D/dalvikvm(21505): GC_CONCURRENT freed 284K, 15% free 3133K/3680K, paused 1ms+0ms, total 2ms
D/dalvikvm(21505): GC_FOR_ALLOC freed 379K, 20% free 2975K/3680K, paused 2ms, total 2ms
D/dalvikvm(21505): GC_CONCURRENT freed 284K, 15% free 3133K/3680K, paused 1ms+1ms, total 3ms
D/dalvikvm(21505): GC_FOR_ALLOC freed 380K, 18% free 3038K/3680K, paused 2ms, total 2ms
D/dalvikvm(21505): GC_FOR_ALLOC freed 285K, 17% free 3070K/3680K, paused 2ms, total 2ms
D/dalvikvm(21505): GC_FOR_ALLOC freed 381K, 20% free 2975K/3680K, paused 1ms, total 2ms
D/dalvikvm(21505): GC_CONCURRENT freed 286K, 15% free 3134K/3680K, paused 1ms+0ms, total 3ms
D/dalvikvm(21505): GC_FOR_ALLOC freed 381K, 20% free 2975K/3680K, paused 2ms, total 2ms
D/dalvikvm(21505): GC_CONCURRENT freed 286K, 15% free 3134K/3680K, paused 2ms+0ms, total 3ms
D/dalvikvm(21505): GC_FOR_ALLOC freed 382K, 20% free 2975K/3680K, paused 2ms, total 2ms
D/dalvikvm(21505): GC_CONCURRENT freed 287K, 15% free 3135K/3680K, paused 2ms+0ms, total 3ms
D/dalvikvm(21505): GC_FOR_ALLOC freed 383K, 18% free 3039K/3680K, paused 1ms, total 1ms
D/dalvikvm(21505): GC_FOR_ALLOC freed 287K, 17% free 3071K/3680K, paused 2ms, total 2ms
D/dalvikvm(21505): GC_FOR_ALLOC freed 384K, 20% free 2975K/3680K, paused 2ms, total 2ms
D/dalvikvm(21505): GC_CONCURRENT freed 224K, 15% free 3136K/3680K, paused 1ms+0ms, total 3ms
D/dalvikvm(21505): GC_FOR_ALLOC freed 449K, 20% free 2976K/3680K, paused 2ms, total 2ms
D/dalvikvm(21505): GC_CONCURRENT freed 224K, 15% free 3136K/3680K, paused 2ms+0ms, total 3ms
D/dalvikvm(21505): GC_FOR_ALLOC freed 449K, 20% free 2976K/3680K, paused 2ms, total 2ms
D/dalvikvm(21505): GC_CONCURRENT freed 225K, 15% free 3136K/3680K, paused 1ms+1ms, total 3ms
D/dalvikvm(21505): GC_FOR_ALLOC freed 450K, 20% free 2976K/3680K, paused 2ms, total 2ms
D/dalvikvm(21505): GC_CONCURRENT freed 225K, 15% free 3137K/3680K, paused 1ms+1ms, total 3ms
D/dalvikvm(21505): GC_FOR_ALLOC freed 451K, 20% free 2976K/3680K, paused 2ms, total 2ms
D/dalvikvm(21505): GC_CONCURRENT freed 226K, 15% free 3137K/3680K, paused 2ms+0ms, total 3ms
D/dalvikvm(21505): GC_FOR_ALLOC freed 452K, 20% free 2976K/3680K, paused 2ms, total 2ms
D/dalvikvm(21505): GC_CONCURRENT freed 226K, 15% free 3138K/3680K, paused 1ms+0ms, total 3ms
D/dalvikvm(21505): GC_FOR_ALLOC freed 453K, 20% free 2976K/3680K, paused 2ms, total 2ms
D/dalvikvm(21505): GC_CONCURRENT freed 227K, 15% free 3138K/3680K, paused 1ms+0ms, total 4ms
D/dalvikvm(21505): GC_FOR_ALLOC freed 454K, 20% free 2976K/3680K, paused 2ms, total 2ms
D/dalvikvm(21505): GC_CONCURRENT freed 227K, 15% free 3139K/3680K, paused 2ms+0ms, total 3ms
D/dalvikvm(21505): GC_FOR_ALLOC freed 455K, 20% free 2977K/3680K, paused 2ms, total 2ms
D/dalvikvm(21505): GC_CONCURRENT freed 227K, 15% free 3139K/3680K, paused 1ms+1ms, total 3ms
D/dalvikvm(21505): GC_FOR_ALLOC freed 456K, 20% free 2977K/3680K, paused 2ms, total 2ms
D/dalvikvm(21505): GC_CONCURRENT freed 228K, 15% free 3140K/3680K, paused 1ms+0ms, total 3ms
D/dalvikvm(21505): GC_FOR_ALLOC freed 456K, 20% free 2977K/3680K, paused 2ms, total 2ms
D/dalvikvm(21505): GC_CONCURRENT freed 228K, 15% free 3140K/3680K, paused 2ms+0ms, total 4ms
D/dalvikvm(21505): GC_FOR_ALLOC freed 457K, 20% free 2977K/3680K, paused 2ms, total 2ms
D/dalvikvm(21505): GC_CONCURRENT freed 229K, 15% free 3141K/3680K, paused 2ms+0ms, total 3ms
D/dalvikvm(21505): GC_FOR_ALLOC freed 458K, 20% free 2977K/3680K, paused 3ms, total 3ms
D/dalvikvm(21505): GC_CONCURRENT freed 229K, 15% free 3141K/3680K, paused 1ms+0ms, total 3ms
D/dalvikvm(21505): GC_FOR_ALLOC freed 459K, 20% free 2977K/3680K, paused 2ms, total 2ms
D/dalvikvm(21505): GC_CONCURRENT freed 230K, 15% free 3141K/3680K, paused 1ms+0ms, total 3ms
D/dalvikvm(21505): GC_FOR_ALLOC freed 460K, 20% free 2977K/3680K, paused 2ms, total 2ms
D/dalvikvm(21505): GC_CONCURRENT freed 230K, 15% free 3142K/3680K, paused 2ms+0ms, total 4ms
D/dalvikvm(21505): GC_FOR_ALLOC freed 461K, 20% free 2977K/3680K, paused 3ms, total 3ms
D/dalvikvm(21505): GC_CONCURRENT freed 230K, 15% free 3142K/3680K, paused 1ms+0ms, total 3ms
D/dalvikvm(21505): GC_FOR_ALLOC freed 462K, 20% free 2978K/3680K, paused 2ms, total 2ms
D/dalvikvm(21505): GC_CONCURRENT freed 231K, 15% free 3143K/3680K, paused 1ms+0ms, total 3ms
D/dalvikvm(21505): GC_FOR_ALLOC freed 463K, 20% free 2978K/3680K, paused 1ms, total 1ms
D/dalvikvm(21505): GC_CONCURRENT freed 231K, 15% free 3143K/3680K, paused 1ms+0ms, total 2ms
D/dalvikvm(21505): GC_FOR_ALLOC freed 463K, 20% free 2978K/3680K, paused 2ms, total 2ms
D/dalvikvm(21505): GC_CONCURRENT freed 232K, 15% free 3144K/3680K, paused 1ms+0ms, total 3ms
D/dalvikvm(21505): GC_FOR_ALLOC freed 465K, 20% free 2978K/3680K, paused 3ms, total 3ms
D/dalvikvm(21505): GC_CONCURRENT freed 232K, 15% free 3144K/3680K, paused 2ms+0ms, total 3ms
D/dalvikvm(21505): GC_FOR_ALLOC freed 466K, 20% free 2978K/3680K, paused 2ms, total 2ms
D/dalvikvm(21505): GC_CONCURRENT freed 233K, 15% free 3144K/3680K, paused 1ms+1ms, total 3ms
D/dalvikvm(21505): GC_FOR_ALLOC freed 466K, 20% free 2978K/3680K, paused 1ms, total 1ms
D/dalvikvm(21505): GC_CONCURRENT freed 233K, 15% free 3145K/3680K, paused 1ms+1ms, total 3ms
D/dalvikvm(21505): GC_FOR_ALLOC freed 467K, 20% free 2978K/3680K, paused 2ms, total 2ms
D/dalvikvm(21505): GC_CONCURRENT freed 234K, 15% free 3145K/3680K, paused 1ms+1ms, total 3ms
D/dalvikvm(21505): GC_FOR_ALLOC freed 468K, 20% free 2978K/3680K, paused 2ms, total 2ms
D/dalvikvm(21505): GC_CONCURRENT freed 234K, 15% free 3146K/3680K, paused 2ms+0ms, total 3ms
D/dalvikvm(21505): GC_FOR_ALLOC freed 469K, 20% free 2979K/3680K, paused 1ms, total 1ms
D/dalvikvm(21505): GC_CONCURRENT freed 235K, 15% free 3147K/3680K, paused 1ms+0ms, total 3ms
D/dalvikvm(21505): GC_FOR_ALLOC freed 470K, 20% free 2979K/3680K, paused 2ms, total 2ms
D/dalvikvm(21505): GC_CONCURRENT freed 235K, 15% free 3147K/3680K, paused 1ms+0ms, total 3ms
D/dalvikvm(21505): GC_FOR_ALLOC freed 471K, 20% free 2979K/3680K, paused 2ms, total 2ms
D/dalvikvm(21505): GC_CONCURRENT freed 235K, 15% free 3147K/3680K, paused 1ms+0ms, total 3ms
D/dalvikvm(21505): GC_FOR_ALLOC freed 472K, 20% free 2979K/3680K, paused 2ms, total 2ms
D/dalvikvm(21505): GC_CONCURRENT freed 236K, 15% free 3148K/3680K, paused 1ms+0ms, total 3ms
D/dalvikvm(21505): GC_FOR_ALLOC freed 473K, 20% free 2979K/3680K, paused 3ms, total 3ms
D/dalvikvm(21505): GC_CONCURRENT freed 236K, 15% free 3148K/3680K, paused 1ms+1ms, total 3ms
D/dalvikvm(21505): GC_FOR_ALLOC freed 473K, 20% free 2979K/3680K, paused 2ms, total 2ms
D/dalvikvm(21505): GC_CONCURRENT freed 237K, 15% free 3149K/3680K, paused 2ms+0ms, total 3ms
D/dalvikvm(21505): GC_FOR_ALLOC freed 475K, 20% free 2979K/3680K, paused 2ms, total 2ms
D/dalvikvm(21505): GC_CONCURRENT freed 237K, 15% free 3149K/3680K, paused 2ms+0ms, total 3ms
D/dalvikvm(21505): GC_FOR_ALLOC freed 475K, 20% free 2979K/3680K, paused 2ms, total 2ms
D/dalvikvm(21505): GC_CONCURRENT freed 238K, 15% free 3149K/3680K, paused 1ms+0ms, total 2ms
D/dalvikvm(21505): GC_FOR_ALLOC freed 476K, 20% free 2980K/3680K, paused 2ms, total 2ms
D/dalvikvm(21505): GC_CONCURRENT freed 238K, 15% free 3150K/3680K, paused 1ms+0ms, total 3ms
D/dalvikvm(21505): GC_FOR_ALLOC freed 477K, 20% free 2980K/3680K, paused 2ms, total 2ms
D/dalvikvm(21505): GC_CONCURRENT freed 239K, 15% free 3150K/3680K, paused 3ms+0ms, total 4ms
D/dalvikvm(21505): GC_FOR_ALLOC freed 478K, 20% free 2980K/3680K, paused 2ms, total 2ms
D/dalvikvm(21505): GC_CONCURRENT freed 239K, 15% free 3151K/3680K, paused 2ms+0ms, total 3ms
D/dalvikvm(21505): GC_FOR_ALLOC freed 479K, 20% free 2980K/3680K, paused 2ms, total 2ms
D/dalvikvm(21505): GC_CONCURRENT freed 240K, 15% free 3151K/3680K, paused 2ms+0ms, total 3ms
D/dalvikvm(21505): GC_FOR_ALLOC freed 480K, 20% free 2980K/3680K, paused 2ms, total 2ms
D/dalvikvm(21505): GC_CONCURRENT freed 240K, 15% free 3152K/3680K, paused 2ms+0ms, total 3ms
D/dalvikvm(21505): GC_FOR_ALLOC freed 481K, 20% free 2980K/3680K, paused 2ms, total 2ms
D/dalvikvm(21505): GC_CONCURRENT freed 241K, 15% free 3152K/3680K, paused 1ms+0ms, total 3ms
D/dalvikvm(21505): GC_FOR_ALLOC freed 310K, 17% free 3084K/3680K, paused 2ms, total 2ms
D/dalvikvm(21505): GC_FOR_ALLOC freed 413K, 19% free 2980K/3680K, paused 2ms, total 2ms
D/dalvikvm(21505): GC_CONCURRENT freed 241K, 15% free 3153K/3680K, paused 2ms+0ms, total 4ms
D/dalvikvm(21505): GC_FOR_ALLOC freed 241K, 18% free 3049K/3680K, paused 2ms, total 2ms
D/dalvikvm(21505): GC_FOR_ALLOC freed 310K, 17% free 3084K/3680K, paused 2ms, total 2ms
D/dalvikvm(21505): GC_FOR_ALLOC freed 242K, 17% free 3084K/3680K, paused 2ms, total 2ms
D/dalvikvm(21505): GC_FOR_ALLOC freed 415K, 19% free 2981K/3680K, paused 1ms, total 1ms
D/dalvikvm(21505): GC_CONCURRENT freed 242K, 15% free 3154K/3680K, paused 2ms+0ms, total 3ms
D/dalvikvm(21505): GC_FOR_ALLOC freed 311K, 17% free 3085K/3680K, paused 2ms, total 2ms
D/dalvikvm(21505): GC_FOR_ALLOC freed 416K, 19% free 2981K/3680K, paused 1ms, total 1ms
D/dalvikvm(21505): GC_CONCURRENT freed 243K, 15% free 3154K/3680K, paused 1ms+0ms, total 2ms
D/dalvikvm(21505): GC_FOR_ALLOC freed 243K, 18% free 3050K/3680K, paused 2ms, total 2ms
D/dalvikvm(21505): GC_FOR_ALLOC freed 312K, 17% free 3085K/3680K, paused 2ms, total 2ms
D/dalvikvm(21505): GC_FOR_ALLOC freed 243K, 17% free 3085K/3680K, paused 1ms, total 2ms
D/dalvikvm(21505): GC_FOR_ALLOC freed 417K, 19% free 2981K/3680K, paused 2ms, total 2ms
D/dalvikvm(21505): GC_CONCURRENT freed 243K, 15% free 3155K/3680K, paused 2ms+1ms, total 4ms
D/dalvikvm(21505): GC_FOR_ALLOC freed 313K, 17% free 3086K/3680K, paused 2ms, total 2ms
D/dalvikvm(21505): GC_FOR_ALLOC freed 418K, 19% free 2981K/3680K, paused 2ms, total 2ms
D/dalvikvm(21505): GC_CONCURRENT freed 244K, 15% free 3156K/3680K, paused 2ms+0ms, total 3ms
D/dalvikvm(21505): GC_FOR_ALLOC freed 244K, 18% free 3051K/3680K, paused 2ms, total 2ms
D/dalvikvm(21505): GC_FOR_ALLOC freed 314K, 17% free 3086K/3680K, paused 2ms, total 2ms
D/dalvikvm(21505): GC_FOR_ALLOC freed 244K, 17% free 3086K/3680K, paused 1ms, total 1ms
D/dalvikvm(21505): GC_FOR_ALLOC freed 420K, 19% free 2982K/3680K, paused 2ms, total 2ms
D/dalvikvm(21505): GC_CONCURRENT freed 245K, 15% free 3157K/3680K, paused 1ms+1ms, total 3ms
D/dalvikvm(21505): GC_FOR_ALLOC freed 315K, 17% free 3087K/3680K, paused 2ms, total 2ms
D/dalvikvm(21505): GC_FOR_ALLOC freed 421K, 19% free 2982K/3680K, paused 2ms, total 2ms
D/dalvikvm(21505): GC_CONCURRENT freed 246K, 15% free 3157K/3680K, paused 2ms+0ms, total 3ms
D/dalvikvm(21505): GC_FOR_ALLOC freed 246K, 18% free 3052K/3680K, paused 2ms, total 2ms
D/dalvikvm(21505): GC_FOR_ALLOC freed 316K, 17% free 3087K/3680K, paused 2ms, total 2ms
D/dalvikvm(21505): GC_FOR_ALLOC freed 246K, 17% free 3087K/3680K, paused 2ms, total 2ms
D/dalvikvm(21505): GC_FOR_ALLOC freed 423K, 19% free 2982K/3680K, paused 2ms, total 2ms
D/dalvikvm(21505): GC_CONCURRENT freed 247K, 15% free 3158K/3680K, paused 1ms+0ms, total 3ms
D/dalvikvm(21505): GC_FOR_ALLOC freed 317K, 17% free 3088K/3680K, paused 2ms, total 2ms
D/dalvikvm(21505): GC_FOR_ALLOC freed 423K, 19% free 2982K/3680K, paused 2ms, total 2ms
D/dalvikvm(21505): GC_CONCURRENT freed 247K, 15% free 3159K/3680K, paused 1ms+0ms, total 3ms
D/dalvikvm(21505): GC_FOR_ALLOC freed 247K, 18% free 3053K/3680K, paused 2ms, total 2ms
D/dalvikvm(21505): GC_FOR_ALLOC freed 318K, 17% free 3088K/3680K, paused 2ms, total 2ms
D/dalvikvm(21505): GC_FOR_ALLOC freed 248K, 17% free 3089K/3680K, paused 1ms, total 1ms
D/dalvikvm(21505): GC_FOR_ALLOC freed 425K, 19% free 2982K/3680K, paused 1ms, total 1ms
D/dalvikvm(21505): GC_CONCURRENT freed 248K, 15% free 3160K/3680K, paused 1ms+1ms, total 3ms
D/dalvikvm(21505): GC_FOR_ALLOC freed 319K, 17% free 3089K/3680K, paused 2ms, total 2ms
D/dalvikvm(21505): GC_FOR_ALLOC freed 426K, 19% free 2983K/3680K, paused 2ms, total 2ms
D/dalvikvm(21505): GC_CONCURRENT freed 249K, 15% free 3160K/3680K, paused 2ms+0ms, total 3ms
D/dalvikvm(21505): GC_FOR_ALLOC freed 249K, 18% free 3054K/3680K, paused 1ms, total 1ms
D/dalvikvm(21505): GC_FOR_ALLOC freed 320K, 17% free 3090K/3680K, paused 2ms, total 2ms
D/dalvikvm(21505): GC_FOR_ALLOC freed 249K, 17% free 3090K/3680K, paused 1ms, total 2ms
D/dalvikvm(21505): GC_FOR_ALLOC freed 428K, 19% free 2983K/3680K, paused 2ms, total 2ms
D/dalvikvm(21505): GC_CONCURRENT freed 249K, 15% free 3161K/3680K, paused 1ms+0ms, total 3ms
D/dalvikvm(21505): GC_FOR_ALLOC freed 321K, 17% free 3090K/3680K, paused 2ms, total 2ms
D/dalvikvm(21505): GC_FOR_ALLOC freed 429K, 19% free 2983K/3680K, paused 1ms, total 1ms
D/dalvikvm(21505): GC_CONCURRENT freed 250K, 15% free 3162K/3680K, paused 1ms+1ms, total 3ms
D/dalvikvm(21505): GC_FOR_ALLOC freed 250K, 17% free 3055K/3680K, paused 3ms, total 3ms
D/dalvikvm(21505): GC_FOR_ALLOC freed 322K, 17% free 3091K/3680K, paused 2ms, total 2ms
D/dalvikvm(21505): GC_FOR_ALLOC freed 251K, 16% free 3091K/3680K, paused 2ms, total 2ms
D/dalvikvm(21505): GC_FOR_ALLOC freed 430K, 19% free 2983K/3680K, paused 2ms, total 2ms
D/dalvikvm(21505): GC_CONCURRENT freed 251K, 15% free 3163K/3680K, paused 2ms+0ms, total 3ms
D/dalvikvm(21505): GC_FOR_ALLOC freed 323K, 16% free 3091K/3680K, paused 1ms, total 1ms
D/dalvikvm(21505): GC_FOR_ALLOC freed 431K, 19% free 2983K/3680K, paused 1ms, total 1ms
D/dalvikvm(21505): GC_CONCURRENT freed 251K, 15% free 3163K/3680K, paused 1ms+0ms, total 3ms
D/dalvikvm(21505): GC_FOR_ALLOC freed 252K, 17% free 3055K/3680K, paused 2ms, total 2ms
D/dalvikvm(21505): GC_FOR_ALLOC freed 324K, 16% free 3092K/3680K, paused 2ms, total 2ms
D/dalvikvm(21505): GC_FOR_ALLOC freed 252K, 16% free 3092K/3680K, paused 2ms, total 2ms
D/dalvikvm(21505): GC_FOR_ALLOC freed 433K, 19% free 2984K/3680K, paused 1ms, total 1ms
D/dalvikvm(21505): GC_CONCURRENT freed 253K, 15% free 3164K/3680K, paused 1ms+0ms, total 2ms
D/dalvikvm(21505): GC_FOR_ALLOC freed 325K, 16% free 3092K/3680K, paused 1ms, total 1ms
D/dalvikvm(21505): GC_FOR_ALLOC freed 434K, 19% free 2984K/3680K, paused 1ms, total 1ms
D/dalvikvm(21505): GC_CONCURRENT freed 253K, 14% free 3165K/3680K, paused 1ms+1ms, total 3ms
D/dalvikvm(21505): GC_FOR_ALLOC freed 253K, 17% free 3056K/3680K, paused 2ms, total 2ms
D/dalvikvm(21505): GC_FOR_ALLOC freed 326K, 16% free 3093K/3680K, paused 2ms, total 2ms
D/dalvikvm(21505): GC_FOR_ALLOC freed 254K, 16% free 3093K/3680K, paused 4ms, total 4ms
D/dalvikvm(21505): GC_FOR_ALLOC freed 435K, 19% free 2984K/3680K, paused 2ms, total 2ms
D/dalvikvm(21505): GC_CONCURRENT freed 254K, 14% free 3166K/3680K, paused 2ms+0ms, total 4ms
D/dalvikvm(21505): GC_FOR_ALLOC freed 327K, 16% free 3093K/3680K, paused 2ms, total 2ms
D/dalvikvm(21505): GC_FOR_ALLOC freed 437K, 19% free 2984K/3680K, paused 2ms, total 2ms
D/dalvikvm(21505): GC_CONCURRENT freed 255K, 14% free 3167K/3680K, paused 1ms+0ms, total 2ms
D/dalvikvm(21505): GC_FOR_ALLOC freed 255K, 17% free 3057K/3680K, paused 2ms, total 2ms
D/dalvikvm(21505): GC_FOR_ALLOC freed 328K, 16% free 3094K/3680K, paused 2ms, total 2ms
D/dalvikvm(21505): GC_FOR_ALLOC freed 255K, 16% free 3094K/3680K, paused 2ms, total 2ms
D/dalvikvm(21505): GC_FOR_ALLOC freed 255K, 16% free 3094K/3680K, paused 2ms, total 2ms
D/dalvikvm(21505): GC_FOR_ALLOC freed 182K, 17% free 3058K/3680K, paused 2ms, total 2ms
D/dalvikvm(21505): GC_FOR_ALLOC freed 329K, 16% free 3094K/3680K, paused 1ms, total 1ms
D/dalvikvm(21505): GC_FOR_ALLOC freed 183K, 17% free 3058K/3680K, paused 1ms, total 1ms
D/dalvikvm(21505): GC_FOR_ALLOC freed 329K, 16% free 3095K/3680K, paused 2ms, total 2ms
D/dalvikvm(21505): GC_FOR_ALLOC freed 183K, 17% free 3058K/3680K, paused 1ms, total 1ms
D/dalvikvm(21505): GC_FOR_ALLOC freed 330K, 16% free 3095K/3680K, paused 2ms, total 2ms
D/dalvikvm(21505): GC_FOR_ALLOC freed 183K, 17% free 3058K/3680K, paused 2ms, total 2ms
D/dalvikvm(21505): GC_FOR_ALLOC freed 330K, 16% free 3095K/3680K, paused 1ms, total 2ms
D/dalvikvm(21505): GC_FOR_ALLOC freed 183K, 17% free 3058K/3680K, paused 1ms, total 2ms
D/dalvikvm(21505): GC_FOR_ALLOC freed 330K, 16% free 3095K/3680K, paused 2ms, total 2ms
D/dalvikvm(21505): GC_FOR_ALLOC freed 184K, 17% free 3059K/3680K, paused 2ms, total 2ms
D/dalvikvm(21505): GC_FOR_ALLOC freed 331K, 16% free 3095K/3680K, paused 2ms, total 2ms
D/dalvikvm(21505): GC_FOR_ALLOC freed 184K, 17% free 3059K/3680K, paused 2ms, total 2ms
D/dalvikvm(21505): GC_FOR_ALLOC freed 331K, 16% free 3096K/3680K, paused 2ms, total 2ms
D/dalvikvm(21505): GC_FOR_ALLOC freed 184K, 17% free 3059K/3680K, paused 2ms, total 2ms
D/dalvikvm(21505): GC_FOR_ALLOC freed 331K, 16% free 3096K/3680K, paused 2ms, total 2ms
D/dalvikvm(21505): GC_FOR_ALLOC freed 184K, 17% free 3059K/3680K, paused 3ms, total 3ms
D/dalvikvm(21505): GC_FOR_ALLOC freed 332K, 16% free 3096K/3680K, paused 2ms, total 2ms
D/dalvikvm(21505): GC_FOR_ALLOC freed 184K, 17% free 3059K/3680K, paused 2ms, total 2ms
D/dalvikvm(21505): GC_FOR_ALLOC freed 333K, 16% free 3096K/3680K, paused 2ms, total 2ms
D/dalvikvm(21505): GC_FOR_ALLOC freed 185K, 17% free 3059K/3680K, paused 2ms, total 2ms
D/dalvikvm(21505): GC_FOR_ALLOC freed 333K, 16% free 3096K/3680K, paused 2ms, total 2ms
D/dalvikvm(21505): GC_FOR_ALLOC freed 185K, 17% free 3060K/3680K, paused 2ms, total 2ms
D/dalvikvm(21505): GC_FOR_ALLOC freed 333K, 16% free 3097K/3680K, paused 2ms, total 2ms
D/dalvikvm(21505): GC_FOR_ALLOC freed 185K, 17% free 3060K/3680K, paused 2ms, total 2ms
D/dalvikvm(21505): GC_FOR_ALLOC freed 334K, 16% free 3097K/3680K, paused 2ms, total 2ms
D/dalvikvm(21505): GC_FOR_ALLOC freed 185K, 17% free 3060K/3680K, paused 1ms, total 1ms
D/dalvikvm(21505): GC_FOR_ALLOC freed 334K, 16% free 3097K/3680K, paused 1ms, total 1ms
D/dalvikvm(21505): GC_FOR_ALLOC freed 186K, 17% free 3060K/3680K, paused 2ms, total 2ms
D/dalvikvm(21505): GC_FOR_ALLOC freed 334K, 16% free 3097K/3680K, paused 2ms, total 2ms
D/dalvikvm(21505): GC_FOR_ALLOC freed 186K, 17% free 3060K/3680K, paused 2ms, total 2ms
D/dalvikvm(21505): GC_FOR_ALLOC freed 335K, 16% free 3098K/3680K, paused 2ms, total 2ms
D/dalvikvm(21505): GC_FOR_ALLOC freed 186K, 17% free 3060K/3680K, paused 2ms, total 2ms
D/dalvikvm(21505): GC_FOR_ALLOC freed 335K, 16% free 3098K/3680K, paused 2ms, total 2ms
D/dalvikvm(21505): GC_FOR_ALLOC freed 186K, 17% free 3061K/3680K, paused 2ms, total 2ms
D/dalvikvm(21505): GC_FOR_ALLOC freed 335K, 16% free 3098K/3680K, paused 2ms, total 2ms
D/dalvikvm(21505): GC_FOR_ALLOC freed 186K, 17% free 3061K/3680K, paused 3ms, total 3ms
D/dalvikvm(21505): GC_FOR_ALLOC freed 336K, 16% free 3098K/3680K, paused 2ms, total 2ms
D/dalvikvm(21505): GC_FOR_ALLOC freed 187K, 17% free 3061K/3680K, paused 2ms, total 2ms
D/dalvikvm(21505): GC_FOR_ALLOC freed 336K, 16% free 3098K/3680K, paused 1ms, total 1ms
D/dalvikvm(21505): GC_FOR_ALLOC freed 187K, 17% free 3061K/3680K, paused 1ms, total 1ms
D/dalvikvm(21505): GC_FOR_ALLOC freed 337K, 16% free 3099K/3680K, paused 2ms, total 2ms
D/dalvikvm(21505): GC_FOR_ALLOC freed 187K, 17% free 3061K/3680K, paused 1ms, total 2ms
D/dalvikvm(21505): GC_FOR_ALLOC freed 337K, 16% free 3099K/3680K, paused 2ms, total 2ms
D/dalvikvm(21505): GC_FOR_ALLOC freed 187K, 17% free 3061K/3680K, paused 1ms, total 1ms
D/dalvikvm(21505): GC_FOR_ALLOC freed 337K, 16% free 3099K/3680K, paused 1ms, total 1ms
D/dalvikvm(21505): GC_FOR_ALLOC freed 187K, 17% free 3062K/3680K, paused 1ms, total 1ms
D/dalvikvm(21505): GC_FOR_ALLOC freed 338K, 16% free 3099K/3680K, paused 1ms, total 1ms
D/dalvikvm(21505): GC_FOR_ALLOC freed 188K, 17% free 3062K/3680K, paused 1ms, total 2ms
D/dalvikvm(21505): GC_FOR_ALLOC freed 338K, 16% free 3100K/3680K, paused 2ms, total 2ms
D/dalvikvm(21505): GC_FOR_ALLOC freed 188K, 17% free 3062K/3680K, paused 3ms, total 3ms
D/dalvikvm(21505): GC_FOR_ALLOC freed 338K, 16% free 3100K/3680K, paused 2ms, total 2ms
D/dalvikvm(21505): GC_FOR_ALLOC freed 188K, 17% free 3062K/3680K, paused 2ms, total 2ms
D/dalvikvm(21505): GC_FOR_ALLOC freed 339K, 16% free 3100K/3680K, paused 1ms, total 1ms
D/dalvikvm(21505): GC_FOR_ALLOC freed 188K, 17% free 3062K/3680K, paused 2ms, total 2ms
D/dalvikvm(21505): GC_FOR_ALLOC freed 339K, 16% free 3100K/3680K, paused 1ms, total 1ms
D/dalvikvm(21505): GC_FOR_ALLOC freed 189K, 17% free 3062K/3680K, paused 2ms, total 2ms
D/dalvikvm(21505): GC_FOR_ALLOC freed 340K, 16% free 3100K/3680K, paused 1ms, total 1ms
D/dalvikvm(21505): GC_FOR_ALLOC freed 189K, 17% free 3063K/3680K, paused 2ms, total 2ms
D/dalvikvm(21505): GC_FOR_ALLOC freed 340K, 16% free 3101K/3680K, paused 2ms, total 2ms
D/dalvikvm(21505): GC_FOR_ALLOC freed 189K, 17% free 3063K/3680K, paused 2ms, total 2ms
D/dalvikvm(21505): GC_FOR_ALLOC freed 341K, 16% free 3101K/3680K, paused 2ms, total 2ms
D/dalvikvm(21505): GC_FOR_ALLOC freed 189K, 17% free 3063K/3680K, paused 2ms, total 2ms
D/dalvikvm(21505): GC_FOR_ALLOC freed 341K, 16% free 3101K/3680K, paused 2ms, total 2ms
D/dalvikvm(21505): GC_FOR_ALLOC freed 189K, 17% free 3063K/3680K, paused 3ms, total 3ms
D/dalvikvm(21505): GC_FOR_ALLOC freed 341K, 16% free 3101K/3680K, paused 2ms, total 2ms
D/dalvikvm(21505): GC_FOR_ALLOC freed 189K, 17% free 3063K/3680K, paused 2ms, total 2ms
D/dalvikvm(21505): GC_FOR_ALLOC freed 342K, 16% free 3101K/3680K, paused 2ms, total 2ms
D/dalvikvm(21505): GC_FOR_ALLOC freed 190K, 17% free 3064K/3680K, paused 2ms, total 2ms
D/dalvikvm(21505): GC_FOR_ALLOC freed 342K, 16% free 3102K/3680K, paused 2ms, total 2ms
D/dalvikvm(21505): GC_FOR_ALLOC freed 190K, 17% free 3064K/3680K, paused 2ms, total 2ms
D/dalvikvm(21505): GC_FOR_ALLOC freed 343K, 16% free 3102K/3680K, paused 2ms, total 2ms
D/dalvikvm(21505): GC_FOR_ALLOC freed 190K, 17% free 3064K/3680K, paused 2ms, total 2ms
D/dalvikvm(21505): GC_FOR_ALLOC freed 343K, 16% free 3102K/3680K, paused 2ms, total 2ms
D/dalvikvm(21505): GC_FOR_ALLOC freed 190K, 17% free 3064K/3680K, paused 2ms, total 2ms
D/dalvikvm(21505): GC_FOR_ALLOC freed 343K, 16% free 3102K/3680K, paused 2ms, total 2ms
D/dalvikvm(21505): GC_FOR_ALLOC freed 191K, 17% free 3064K/3680K, paused 2ms, total 2ms
D/dalvikvm(21505): GC_FOR_ALLOC freed 344K, 16% free 3103K/3680K, paused 2ms, total 2ms
D/dalvikvm(21505): GC_FOR_ALLOC freed 191K, 17% free 3064K/3680K, paused 3ms, total 3ms
D/dalvikvm(21505): GC_FOR_ALLOC freed 344K, 16% free 3103K/3680K, paused 2ms, total 2ms
D/dalvikvm(21505): GC_FOR_ALLOC freed 191K, 17% free 3064K/3680K, paused 2ms, total 2ms
D/dalvikvm(21505): GC_FOR_ALLOC freed 344K, 16% free 3103K/3680K, paused 2ms, total 2ms
D/dalvikvm(21505): GC_FOR_ALLOC freed 191K, 17% free 3065K/3680K, paused 2ms, total 2ms
D/dalvikvm(21505): GC_FOR_ALLOC freed 345K, 16% free 3103K/3680K, paused 1ms, total 1ms
D/dalvikvm(21505): GC_FOR_ALLOC freed 191K, 17% free 3065K/3680K, paused 2ms, total 2ms
D/dalvikvm(21505): GC_CONCURRENT freed 268K, 14% free 3180K/3680K, paused 1ms+1ms, total 3ms
D/dalvikvm(21505): GC_FOR_ALLOC freed 269K, 17% free 3065K/3680K, paused 2ms, total 2ms
D/dalvikvm(21505): GC_CONCURRENT freed 269K, 14% free 3180K/3680K, paused 2ms+0ms, total 3ms
D/dalvikvm(21505): GC_FOR_ALLOC freed 269K, 17% free 3065K/3680K, paused 2ms, total 2ms
D/dalvikvm(21505): GC_CONCURRENT freed 269K, 14% free 3181K/3680K, paused 2ms+0ms, total 4ms
D/dalvikvm(21505): GC_FOR_ALLOC freed 269K, 17% free 3065K/3680K, paused 2ms, total 2ms
D/dalvikvm(21505): GC_CONCURRENT freed 269K, 14% free 3181K/3680K, paused 1ms+1ms, total 3ms
D/dalvikvm(21505): GC_FOR_ALLOC freed 269K, 17% free 3066K/3680K, paused 2ms, total 2ms
D/dalvikvm(21505): GC_CONCURRENT freed 270K, 14% free 3181K/3680K, paused 1ms+0ms, total 3ms
D/dalvikvm(21505): GC_FOR_ALLOC freed 270K, 17% free 3066K/3680K, paused 2ms, total 2ms
D/dalvikvm(21505): GC_CONCURRENT freed 270K, 14% free 3182K/3680K, paused 1ms+0ms, total 2ms
D/dalvikvm(21505): GC_FOR_ALLOC freed 270K, 17% free 3066K/3680K, paused 2ms, total 2ms
D/dalvikvm(21505): GC_CONCURRENT freed 308K, 15% free 3142K/3680K, paused 2ms+0ms, total 4ms
D/dalvikvm(21505): GC_FOR_ALLOC freed 438K, 18% free 3029K/3680K, paused 2ms, total 2ms
I/dalvikvm-heap(21505): Grow heap (frag case) to 5.330MB for 2424780-byte allocation
D/dalvikvm(21505): GC_CONCURRENT freed <1K, 11% free 5397K/6048K, paused 2ms+0ms, total 3ms
W/WindowManager(  470): Window freeze timeout expired.
W/WindowManager(  470): Force clearing orientation change: Window{4a9639a4 u0 StatusBar}
W/WindowManager(  470): Force clearing orientation change: Window{4a925ee4 u0 Starting com.ecovacs.ecosphere.intl}
W/WindowManager(  470): Force clearing orientation change: Window{4a98e4a8 u0 com.ecovacs.ecosphere.intl/com.ecovacs.ecosphere.ui.WelcomeActivity}
W/WindowManager(  470): Force clearing orientation change: Window{4a9d4648 u0 com.vphone.launcher/com.vphone.launcher.Launcher}
I/InputReader(  470): Reconfiguring input devices.  changes=0x00000004
I/InputReader(  470): Device reconfigured: id=1, name='seamless mouse', size 1280x720, orientation 3, mode 1, display id 0
I/InputReader(  470): Device reconfigured: id=3, name='Android Input', size 1280x720, orientation 3, mode 1, display id 0
I/InputReader(  470): Device reconfigured: id=8, name='VirtualBox USB Tablet', size 1280x720, orientation 3, mode 1, display id 0
W/WindowManager(  470): Force clearing orientation change: Window{4a997784 u0 com.android.systemui.ImageWallpaper}
W/WindowManager(  470): App freeze timeout expired.
W/WindowManager(  470): Force clearing freeze: AppWindowToken{4b1f54fc token=Token{4aafe548 ActivityRecord{4a8d9f00 u0 com.ecovacs.ecosphere.intl/com.ecovacs.ecosphere.ui.WelcomeActivity t155}}}
W/InputMethodManagerService(  470): Focus gain on non-focused client com.android.internal.view.IInputMethodClient$Stub$Proxy@4a9965a4 (uid=1000 pid=20880)
D/Launcher.Workspace(20880): 11683562 - stripEmptyScreens()
D/Launcher.Workspace(20880):     - workspace loading, skip
D/Launcher.Workspace(20880): 11683562 - stripEmptyScreens()
D/Launcher.Workspace(20880):     - workspace loading, skip
I/WindowManager(  470): Screen frozen for +5s203ms due to Window{4a925ee4 u0 Starting com.ecovacs.ecosphere.intl}
I/Choreographer(20880): Skipped 611 frames!  The application may be doing too much work on its main thread.
D/PhoneStatusBar(  556): mSettingsPanelGravity = 55
I/Choreographer(  556): Skipped 310 frames!  The application may be doing too much work on its main thread.
D/libEGL  (21505): loaded /system/lib/egl/libEGL_adreno.so
W/ActivityManager(  470): Launch timeout has expired, giving up wake lock!
W/DebugConnManager(20880): getNetworkInfo() on networkType 1
D/        (21505): HostConnection::get() New Host Connection established 0xb8e48cf0, tid 21505
D/libEGL  (21505): loaded /system/lib/egl/libGLESv1_CM_adreno.so
D/libEGL  (21505): loaded /system/lib/egl/libGLESv2_adreno.so
I/InputDispatcher(  470): Dropped event because it is stale.
I/InputDispatcher(  470): Dropped event because it is stale.
I/InputDispatcher(  470): Dropped event because it is stale.
I/InputDispatcher(  470): Dropped event because it is stale.
W/InputManager(  470): Input event injection from pid 21495 failed.
D/yeshen  (20880): launcher onpause
D/dalvikvm(20880): GC_FOR_ALLOC freed 1893K, 20% free 12383K/15328K, paused 6ms, total 8ms
D/Tinker.DefaultAppLike(20880): onConfigurationChanged:{1.0 310mcc16mnc ja_US ldltr sw480dp w480dp h828dp 240dpi lrg long port finger -keyb/v/h dpad/v s.66}
I/Launcher(20880): Deferring update until onResume
I/Choreographer(20880): Skipped 603 frames!  The application may be doing too much work on its main thread.
W/Launcher(20880): setApplicationContext called twice! old=com.vphone.launcher.LauncherApplicationEx@4a7b06d8 new=com.vphone.launcher.LauncherApplicationEx@4a7b06d8
I/Choreographer(  556): Skipped 604 frames!  The application may be doing too much work on its main thread.
W/EGL_emulation(21505): eglSurfaceAttrib not implemented 3093 12436
D/OpenGLRenderer(21505): Enabling debug mode 0
W/ContextImpl(20880): Calling a method in the system process without a qualified user: android.app.ContextImpl.bindService:1556 android.content.ContextWrapper.bindService:517 com.google.android.gms.common.stats.zzb.zza:-1 com.google.android.gms.common.stats.zzb.zza:-1 com.google.android.gms.ads.identifier.AdvertisingIdClient.zzh:-1 
W/ViewRootImpl(21505): Dropping event due to no window focus: KeyEvent { action=ACTION_DOWN, keyCode=KEYCODE_DPAD_LEFT, scanCode=0, metaState=0, flags=0x8, repeatCount=0, eventTime=2756574, downTime=2756574, deviceId=-1, source=0x101 }
E/WindowManager(  470): Starting window AppWindowToken{4b1f54fc token=Token{4aafe548 ActivityRecord{4a8d9f00 u0 com.ecovacs.ecosphere.intl/com.ecovacs.ecosphere.ui.WelcomeActivity t155}}} timed out
W/ViewRootImpl(21505): Dropping event due to no window focus: KeyEvent { action=ACTION_DOWN, keyCode=KEYCODE_DPAD_UP, scanCode=0, metaState=0, flags=0x8, repeatCount=0, eventTime=2756676, downTime=2756676, deviceId=-1, source=0x101 }
W/EGL_emulation(  556): eglSurfaceAttrib not implemented 3093 12436
W/ContextImpl(  470): Calling a method in the system process without a qualified user: android.app.ContextImpl.sendBroadcast:1123 com.android.server.InputMethodManagerService.hideCurrentInputLocked:1880 com.android.server.InputMethodManagerService.windowGainedFocus:1968 com.android.internal.view.IInputMethodManager$Stub.onTransact:221 com.android.server.InputMethodManagerService.onTransact:818 
W/IInputConnectionWrapper(20880): showStatusIcon on inactive InputConnection
I/Launcher(20880): Deferring update until onResume
I/Launcher(20880): Deferring update until onResume
I/Launcher(20880): Deferring update until onResume
I/qtaguid (20880): Untagging socket 55 failed errno=-13
W/NetworkManagementSocketTagger(20880): untagSocket(55) failed with errno -13
I/qtaguid (20880): Tagging socket 55 with tag 49e2824000000000(1239581248) for uid -1 failed errno=-13
I/NetworkManagementSocketTagger(20880): tagSocketFd(55, 1239581248, -1) failed with errno-13
I/qtaguid (20880): Tagging socket 93 with tag 49e2824000000000(1239581248) for uid -1 failed errno=-13
I/NetworkManagementSocketTagger(20880): tagSocketFd(93, 1239581248, -1) failed with errno-13
W/ContextImpl(20880): Calling a method in the system process without a qualified user: android.app.ContextImpl.bindService:1556 android.content.ContextWrapper.bindService:517 com.google.android.gms.common.stats.zzb.zza:-1 com.google.android.gms.common.stats.zzb.zza:-1 com.google.android.gms.ads.identifier.AdvertisingIdClient.zzh:-1 
I/ActivityManager(  470): Displayed com.ecovacs.ecosphere.intl/com.ecovacs.ecosphere.ui.WelcomeActivity: +15s600ms (total +1m24s703ms)
D/dalvikvm(21505): GC_FOR_ALLOC freed 164K, 7% free 5538K/5900K, paused 2ms, total 11ms
I/dalvikvm-heap(21505): Grow heap (frag case) to 6.074MB for 635808-byte allocation
D/dalvikvm(20880): GC_FOR_ALLOC freed 2643K, 18% free 12923K/15628K, paused 7ms, total 7ms
D/dalvikvm(21505): GC_FOR_ALLOC freed 2K, 6% free 6156K/6524K, paused 28ms, total 28ms
E/FastMixer(  168): did not receive expected priority boost
D/dalvikvm(20880): GC_CONCURRENT freed 826K, 18% free 12949K/15628K, paused 2ms+3ms, total 40ms
I/ActivityManager(  470): START u0 {cmp=com.ecovacs.ecosphere.intl/com.ecovacs.ecosphere.ui.ZhwRegistered} from pid 21505
D/dalvikvm(20880): GC_FOR_ALLOC freed 2229K, 17% free 12974K/15628K, paused 6ms, total 6ms
I/dalvikvm-heap(20880): Grow heap (frag case) to 13.641MB for 956556-byte allocation
D/dalvikvm(20880): GC_FOR_ALLOC freed <1K, 17% free 13908K/16564K, paused 5ms, total 5ms
D/dalvikvm(20880): GC_FOR_ALLOC freed 105K, 16% free 14847K/17500K, paused 3ms, total 3ms
D/dalvikvm(20880): GC_FOR_ALLOC freed 148K, 15% free 15734K/18436K, paused 7ms, total 7ms
D/yeshen  (20880): launcher onstop
W/DebugConnManager(20880): getNetworkInfo() on networkType 1
D/dalvikvm(20880): GC_FOR_ALLOC freed 90K, 14% free 16712K/19372K, paused 6ms, total 6ms
D/FirebaseApp(20880): Notifying background state change listeners.
D/Tinker.DefaultAppLike(20880): onTrimMemory level:20
D/dalvikvm(20880): GC_FOR_ALLOC freed 206K, 13% free 18580K/21244K, paused 5ms, total 5ms
W/EGL_emulation(21505): eglSurfaceAttrib not implemented 3093 12436
V/InputMethodService(  656): onEvaluateInputViewShown: config.hardKeyboardHidden = 2
V/InputMethodService(  656): onEvaluateInputViewShown: config.hardKeyboardHidden = 2
W/ViewRootImpl(21505): Dropping event due to no window focus: KeyEvent { action=ACTION_DOWN, keyCode=KEYCODE_DPAD_LEFT, scanCode=0, metaState=0, flags=0x8, repeatCount=0, eventTime=2756994, downTime=2756994, deviceId=-1, source=0x101 }
W/ContextImpl(  470): Calling a method in the system process without a qualified user: android.app.ContextImpl.sendBroadcast:1123 com.android.server.InputMethodManagerService.showCurrentInputLocked:1791 com.android.server.InputMethodManagerService.windowGainedFocus:1985 com.android.internal.view.IInputMethodManager$Stub.onTransact:221 com.android.server.InputMethodManagerService.onTransact:818 
D/dalvikvm(  656): GC_FOR_ALLOC freed 126K, 12% free 3168K/3564K, paused 2ms, total 3ms
I/ActivityManager(  470): Displayed com.ecovacs.ecosphere.intl/com.ecovacs.ecosphere.ui.ZhwRegistered: +301ms
D/        (  656): HostConnection::get() New Host Connection established 0xb8e3b3d0, tid 656
D/dalvikvm(  656): GC_FOR_ALLOC freed 23K, 12% free 3169K/3564K, paused 1ms, total 1ms
I/dalvikvm-heap(  656): Grow heap (frag case) to 3.984MB for 869772-byte allocation
D/dalvikvm(  656): GC_FOR_ALLOC freed <1K, 10% free 4017K/4416K, paused 4ms, total 4ms
D/dalvikvm(  656): GC_CONCURRENT freed 0K, 10% free 4017K/4416K, paused 1ms+0ms, total 3ms
W/ContextImpl(  470): Calling a method in the system process without a qualified user: android.app.ContextImpl.sendBroadcast:1123 com.android.server.InputMethodManagerService.showCurrentInputLocked:1791 com.android.server.InputMethodManagerService.attachNewInputLocked:1095 com.android.server.InputMethodManagerService.startInputUncheckedLocked:1166 com.android.server.InputMethodManagerService.startInputLocked:1128 
I/ActivityManager(  470): START u0 {act=android.intent.action.MAIN cat=[android.intent.category.HOME] flg=0x10200000 cmp=com.vphone.launcher/.Launcher} from pid 470
W/ContextImpl(  470): Calling a method in the system process without a qualified user: android.app.ContextImpl.sendBroadcast:1123 com.android.server.InputMethodManagerService.showCurrentInputLocked:1791 com.android.server.InputMethodManagerService.attachNewInputLocked:1095 com.android.server.InputMethodManagerService.startInputUncheckedLocked:1166 com.android.server.InputMethodManagerService.startInputLocked:1128 
W/IInputConnectionWrapper(21505): getCursorCapsMode on inactive InputConnection
V/InputMethodService(  656): onEvaluateInputViewShown: config.hardKeyboardHidden = 2
V/InputMethodService(  656): onEvaluateInputViewShown: config.hardKeyboardHidden = 2
V/InputMethodService(  656): onEvaluateInputViewShown: config.hardKeyboardHidden = 2
V/InputMethodService(  656): onEvaluateInputViewShown: config.hardKeyboardHidden = 2
D/dalvikvm(  656): GC_FOR_ALLOC freed 854K, 29% free 3169K/4416K, paused 3ms, total 3ms
I/dalvikvm-heap(  656): Grow heap (frag case) to 3.985MB for 869772-byte allocation
D/dalvikvm(  656): GC_CONCURRENT freed <1K, 10% free 4018K/4416K, paused 2ms+0ms, total 4ms
I/FA      (20880): Tag Manager is not found and thus will not be used
W/ContextImpl(  470): Calling a method in the system process without a qualified user: android.app.ContextImpl.sendBroadcast:1123 com.android.server.InputMethodManagerService.showCurrentInputLocked:1791 com.android.server.InputMethodManagerService.attachNewInputLocked:1095 com.android.server.InputMethodManagerService.startInputUncheckedLocked:1166 com.android.server.InputMethodManagerService.startInputLocked:1128 
V/InputMethodService(  656): onEvaluateInputViewShown: config.hardKeyboardHidden = 2
V/InputMethodService(  656): onEvaluateInputViewShown: config.hardKeyboardHidden = 2
D/dalvikvm(  656): GC_FOR_ALLOC freed 853K, 29% free 3169K/4416K, paused 2ms, total 2ms
I/dalvikvm-heap(  656): Grow heap (frag case) to 3.985MB for 869772-byte allocation
D/dalvikvm(  656): GC_CONCURRENT freed <1K, 9% free 4018K/4416K, paused 2ms+1ms, total 4ms
W/ContextImpl(  470): Calling a method in the system process without a qualified user: android.app.ContextImpl.sendBroadcast:1123 com.android.server.InputMethodManagerService.showCurrentInputLocked:1791 com.android.server.InputMethodManagerService.attachNewInputLocked:1095 com.android.server.InputMethodManagerService.startInputUncheckedLocked:1166 com.android.server.InputMethodManagerService.startInputLocked:1128 
W/IInputConnectionWrapper(21505): commitText on inactive InputConnection
W/IInputConnectionWrapper(21505): getCursorCapsMode on inactive InputConnection
V/InputMethodService(  656): onEvaluateInputViewShown: config.hardKeyboardHidden = 2
V/InputMethodService(  656): onEvaluateInputViewShown: config.hardKeyboardHidden = 2
D/dalvikvm(  656): GC_FOR_ALLOC freed 853K, 29% free 3169K/4416K, paused 2ms, total 2ms
I/dalvikvm-heap(  656): Grow heap (frag case) to 3.985MB for 869772-byte allocation
D/dalvikvm(  656): GC_CONCURRENT freed <1K, 10% free 4018K/4416K, paused 1ms+1ms, total 4ms
I/InputDispatcher(  470): Dropped event because of pending overdue app switch.
I/InputDispatcher(  470): Dropped event because of pending overdue app switch.
I/InputDispatcher(  470): Dropped event because of pending overdue app switch.
I/InputDispatcher(  470): Dropped event because of pending overdue app switch.
I/InputDispatcher(  470): Dropped event because of pending overdue app switch.
I/InputDispatcher(  470): Dropped event because of pending overdue app switch.
I/InputDispatcher(  470): Dropped event because of pending overdue app switch.
I/InputDispatcher(  470): Dropped event because of pending overdue app switch.
I/InputDispatcher(  470): Dropped event because of pending overdue app switch.
I/InputDispatcher(  470): Dropped event because of pending overdue app switch.
I/InputDispatcher(  470): Dropped event because of pending overdue app switch.
I/InputDispatcher(  470): Dropped event because of pending overdue app switch.
I/InputDispatcher(  470): Dropped event because of pending overdue app switch.
I/InputDispatcher(  470): Dropped event because of pending overdue app switch.
I/InputDispatcher(  470): Dropped event because of pending overdue app switch.
I/InputDispatcher(  470): Dropped event because of pending overdue app switch.
W/InputManager(  470): Input event injection from pid 21495 failed.
W/InputManager(  470): Input event injection from pid 21495 failed.
W/InputManager(  470): Input event injection from pid 21495 failed.
W/InputManager(  470): Input event injection from pid 21495 failed.
W/InputManager(  470): Input event injection from pid 21495 failed.
W/InputManager(  470): Input event injection from pid 21495 failed.
W/InputManager(  470): Input event injection from pid 21495 failed.
W/InputManager(  470): Input event injection from pid 21495 failed.
W/InputManager(  470): Input event injection from pid 21495 failed.
W/InputManager(  470): Input event injection from pid 21495 failed.
W/InputManager(  470): Input event injection from pid 21495 failed.
W/InputManager(  470): Input event injection from pid 21495 failed.
W/InputManager(  470): Input event injection from pid 21495 failed.
W/InputManager(  470): Input event injection from pid 21495 failed.
W/InputManager(  470): Input event injection from pid 21495 failed.
W/InputManager(  470): Input event injection from pid 21495 failed.
W/ContextImpl(  470): Calling a method in the system process without a qualified user: android.app.ContextImpl.sendBroadcast:1123 com.android.server.InputMethodManagerService.showCurrentInputLocked:1791 com.android.server.InputMethodManagerService.attachNewInputLocked:1095 com.android.server.InputMethodManagerService.startInputUncheckedLocked:1166 com.android.server.InputMethodManagerService.startInputLocked:1128 
W/ContextImpl(  470): Calling a method in the system process without a qualified user: android.app.ContextImpl.sendBroadcast:1123 com.android.server.InputMethodManagerService.showCurrentInputLocked:1791 com.android.server.InputMethodManagerService.showSoftInput:1753 com.android.internal.view.IInputMethodManager$Stub.onTransact:175 com.android.server.InputMethodManagerService.onTransact:818 
W/ViewRootImpl(21505): Dropping event due to no window focus: KeyEvent { action=ACTION_DOWN, keyCode=KEYCODE_DPAD_CENTER, scanCode=0, metaState=0, flags=0x8, repeatCount=0, eventTime=2757975, downTime=2757975, deviceId=-1, source=0x101 }
W/EGL_emulation(21505): eglSurfaceAttrib not implemented 3093 12436
V/InputMethodService(  656): onEvaluateInputViewShown: config.hardKeyboardHidden = 2
V/InputMethodService(  656): onEvaluateInputViewShown: config.hardKeyboardHidden = 2
V/InputMethodService(  656): onEvaluateInputViewShown: config.hardKeyboardHidden = 2
V/InputMethodService(  656): onEvaluateInputViewShown: config.hardKeyboardHidden = 2
I/ActivityManager(  470): START u0 {act=android.intent.action.MAIN cat=[android.intent.category.LAUNCHER] flg=0x10200000 cmp=com.ecovacs.ecosphere.intl/com.ecovacs.ecosphere.ui.WelcomeActivity} from pid 21495
D/dalvikvm(  656): GC_FOR_ALLOC freed 853K, 29% free 3169K/4416K, paused 8ms, total 8ms
I/dalvikvm-heap(  656): Grow heap (frag case) to 3.985MB for 869772-byte allocation
D/dalvikvm(  656): GC_CONCURRENT freed <1K, 9% free 4018K/4416K, paused 2ms+0ms, total 4ms
W/InputMethodManagerService(  470): Window already focused, ignoring focus gain of: com.android.internal.view.IInputMethodClient$Stub$Proxy@4a9f3ad8 attribute=null, token = android.os.BinderProxy@4ab2b2c4
V/InputMethodService(  656): onEvaluateInputViewShown: config.hardKeyboardHidden = 2
V/InputMethodService(  656): onEvaluateInputViewShown: config.hardKeyboardHidden = 2
W/ContextImpl(  470): Calling a method in the system process without a qualified user: android.app.ContextImpl.sendBroadcast:1123 com.android.server.InputMethodManagerService.showCurrentInputLocked:1791 com.android.server.InputMethodManagerService.attachNewInputLocked:1095 com.android.server.InputMethodManagerService.startInputUncheckedLocked:1166 com.android.server.InputMethodManagerService.startInputLocked:1128 
W/ContextImpl(  470): Calling a method in the system process without a qualified user: android.app.ContextImpl.sendBroadcast:1123 com.android.server.InputMethodManagerService.showCurrentInputLocked:1791 com.android.server.InputMethodManagerService.attachNewInputLocked:1095 com.android.server.InputMethodManagerService.startInputUncheckedLocked:1166 com.android.server.InputMethodManagerService.startInputLocked:1128 
D/dalvikvm(  656): GC_FOR_ALLOC freed 852K, 29% free 3169K/4416K, paused 2ms, total 2ms
I/dalvikvm-heap(  656): Grow heap (frag case) to 3.985MB for 869772-byte allocation
D/dalvikvm(  656): GC_CONCURRENT freed <1K, 9% free 4018K/4416K, paused 1ms+0ms, total 4ms
W/ContextImpl(  470): Calling a method in the system process without a qualified user: android.app.ContextImpl.sendBroadcast:1123 com.android.server.InputMethodManagerService.hideCurrentInputLocked:1880 com.android.server.InputMethodManagerService.hideMySoftInput:2299 com.android.internal.view.IInputMethodManager$Stub.onTransact:288 com.android.server.InputMethodManagerService.onTransact:818 
W/ContextImpl(  470): Calling a method in the system process without a qualified user: android.app.ContextImpl.sendBroadcast:1123 com.android.server.InputMethodManagerService.showCurrentInputLocked:1791 com.android.server.InputMethodManagerService.showSoftInput:1753 com.android.internal.view.IInputMethodManager$Stub.onTransact:175 com.android.server.InputMethodManagerService.onTransact:818 
W/ContextImpl(  470): Calling a method in the system process without a qualified user: android.app.ContextImpl.sendBroadcast:1123 com.android.server.InputMethodManagerService.showCurrentInputLocked:1791 com.android.server.InputMethodManagerService.showSoftInput:1753 com.android.internal.view.IInputMethodManager$Stub.onTransact:175 com.android.server.InputMethodManagerService.onTransact:818 
I/ActivityManager(  470): START u0 {act=android.intent.action.CALL_BUTTON flg=0x10000000} from pid 21505
W/PhoneFallbackEventHandler(21505): No activity found for android.intent.action.CALL_BUTTON.
W/ContextImpl(  470): Calling a method in the system process without a qualified user: android.app.ContextImpl.sendBroadcast:1123 com.android.server.InputMethodManagerService.showCurrentInputLocked:1791 com.android.server.InputMethodManagerService.attachNewInputLocked:1095 com.android.server.InputMethodManagerService.startInputUncheckedLocked:1166 com.android.server.InputMethodManagerService.startInputLocked:1128 
W/ContextImpl(  470): Calling a method in the system process without a qualified user: android.app.ContextImpl.sendBroadcast:1123 com.android.server.InputMethodManagerService.showCurrentInputLocked:1791 com.android.server.InputMethodManagerService.showSoftInput:1753 com.android.internal.view.IInputMethodManager$Stub.onTransact:175 com.android.server.InputMethodManagerService.onTransact:818 
W/IInputConnectionWrapper(21505): getCursorCapsMode on inactive InputConnection
D/dalvikvm(  656): GC_FOR_ALLOC freed 852K, 29% free 3173K/4416K, paused 8ms, total 8ms
I/dalvikvm-heap(  656): Grow heap (frag case) to 3.989MB for 869772-byte allocation
D/dalvikvm(  656): GC_FOR_ALLOC freed <1K, 9% free 4022K/4416K, paused 4ms, total 4ms
W/ContextImpl(  470): Calling a method in the system process without a qualified user: android.app.ContextImpl.sendBroadcast:1123 com.android.server.InputMethodManagerService.showCurrentInputLocked:1791 com.android.server.InputMethodManagerService.attachNewInputLocked:1095 com.android.server.InputMethodManagerService.startInputUncheckedLocked:1166 com.android.server.InputMethodManagerService.startInputLocked:1128 
W/ContextImpl(  470): Calling a method in the system process without a qualified user: android.app.ContextImpl.sendBroadcast:1123 com.android.server.InputMethodManagerService.showCurrentInputLocked:1791 com.android.server.InputMethodManagerService.showSoftInput:1753 com.android.internal.view.IInputMethodManager$Stub.onTransact:175 com.android.server.InputMethodManagerService.onTransact:818 
D/dalvikvm(  656): GC_CONCURRENT freed <1K, 9% free 4022K/4416K, paused 1ms+0ms, total 3ms
W/IInputConnectionWrapper(21505): commitText on inactive InputConnection
W/IInputConnectionWrapper(21505): commitText on inactive InputConnection
V/InputMethodService(  656): onEvaluateInputViewShown: config.hardKeyboardHidden = 2
V/InputMethodService(  656): onEvaluateInputViewShown: config.hardKeyboardHidden = 2
W/ContextImpl(  470): Calling a method in the system process without a qualified user: android.app.ContextImpl.sendBroadcast:1123 com.android.server.InputMethodManagerService.showCurrentInputLocked:1791 com.android.server.InputMethodManagerService.showSoftInput:1753 com.android.internal.view.IInputMethodManager$Stub.onTransact:175 com.android.server.InputMethodManagerService.onTransact:818 
W/ContextImpl(  470): Calling a method in the system process without a qualified user: android.app.ContextImpl.sendBroadcast:1123 com.android.server.InputMethodManagerService.showCurrentInputLocked:1791 com.android.server.InputMethodManagerService.showSoftInput:1753 com.android.internal.view.IInputMethodManager$Stub.onTransact:175 com.android.server.InputMethodManagerService.onTransact:818 
V/InputMethodService(  656): onEvaluateInputViewShown: config.hardKeyboardHidden = 2
V/InputMethodService(  656): onEvaluateInputViewShown: config.hardKeyboardHidden = 2
V/InputMethodService(  656): onEvaluateInputViewShown: config.hardKeyboardHidden = 2
V/InputMethodService(  656): onEvaluateInputViewShown: config.hardKeyboardHidden = 2
W/ContextImpl(  470): Calling a method in the system process without a qualified user: android.app.ContextImpl.sendBroadcast:1123 com.android.server.InputMethodManagerService.showCurrentInputLocked:1791 com.android.server.InputMethodManagerService.attachNewInputLocked:1095 com.android.server.InputMethodManagerService.startInputUncheckedLocked:1166 com.android.server.InputMethodManagerService.startInputLocked:1128 
D/dalvikvm(  656): GC_FOR_ALLOC freed 855K, 29% free 3174K/4416K, paused 12ms, total 12ms
I/dalvikvm-heap(  656): Grow heap (frag case) to 3.990MB for 869772-byte allocation
W/ContextImpl(  470): Calling a method in the system process without a qualified user: android.app.ContextImpl.sendBroadcast:1123 com.android.server.InputMethodManagerService.showCurrentInputLocked:1791 com.android.server.InputMethodManagerService.attachNewInputLocked:1095 com.android.server.InputMethodManagerService.startInputUncheckedLocked:1166 com.android.server.InputMethodManagerService.startInputLocked:1128 
D/dalvikvm(  656): GC_FOR_ALLOC freed <1K, 9% free 4024K/4416K, paused 4ms, total 6ms
D/dalvikvm(  656): GC_CONCURRENT freed <1K, 9% free 4024K/4416K, paused 2ms+0ms, total 4ms
W/ContextImpl(  470): Calling a method in the system process without a qualified user: android.app.ContextImpl.sendBroadcast:1123 com.android.server.InputMethodManagerService.showCurrentInputLocked:1791 com.android.server.InputMethodManagerService.attachNewInputLocked:1095 com.android.server.InputMethodManagerService.startInputUncheckedLocked:1166 com.android.server.InputMethodManagerService.startInputLocked:1128 
W/IInputConnectionWrapper(21505): getCursorCapsMode on inactive InputConnection
V/InputMethodService(  656): onEvaluateInputViewShown: config.hardKeyboardHidden = 2
V/InputMethodService(  656): onEvaluateInputViewShown: config.hardKeyboardHidden = 2
W/ContextImpl(  470): Calling a method in the system process without a qualified user: android.app.ContextImpl.sendBroadcast:1123 com.android.server.InputMethodManagerService.showCurrentInputLocked:1791 com.android.server.InputMethodManagerService.attachNewInputLocked:1095 com.android.server.InputMethodManagerService.startInputUncheckedLocked:1166 com.android.server.InputMethodManagerService.startInputLocked:1128 
D/dalvikvm(  656): GC_FOR_ALLOC freed 852K, 29% free 3175K/4416K, paused 2ms, total 3ms
I/dalvikvm-heap(  656): Grow heap (frag case) to 3.991MB for 869772-byte allocation
D/dalvikvm(  656): GC_CONCURRENT freed <1K, 9% free 4024K/4416K, paused 2ms+0ms, total 3ms
W/IInputConnectionWrapper(21505): commitText on inactive InputConnection
W/ViewRootImpl(21505): Dropping event due to no window focus: KeyEvent { action=ACTION_DOWN, keyCode=KEYCODE_GUIDE, scanCode=0, metaState=0, flags=0x8, repeatCount=0, eventTime=2758247, downTime=2758247, deviceId=-1, source=0x101 }
W/ViewRootImpl(21505): Dropping event due to no window focus: KeyEvent { action=ACTION_DOWN, keyCode=KEYCODE_MEDIA_REWIND, scanCode=0, metaState=0, flags=0x8, repeatCount=0, eventTime=2758252, downTime=2758252, deviceId=-1, source=0x101 }
V/InputMethodService(  656): onEvaluateInputViewShown: config.hardKeyboardHidden = 2
V/InputMethodService(  656): onEvaluateInputViewShown: config.hardKeyboardHidden = 2
W/EGL_emulation(21505): eglSurfaceAttrib not implemented 3093 12436
W/ViewRootImpl(21505): Dropping event due to no window focus: MotionEvent { action=ACTION_MOVE, id[0]=0, x[0]=-1.0, y[0]=-4.0, toolType[0]=TOOL_TYPE_UNKNOWN, buttonState=0, metaState=0, flags=0x0, edgeFlags=0x0, pointerCount=1, historySize=9, eventTime=2758256, downTime=-1, deviceId=0, source=0x10004 }
W/ViewRootImpl(21505): Dropping event due to no window focus: MotionEvent { action=ACTION_DOWN, id[0]=0, x[0]=0.0, y[0]=0.0, toolType[0]=TOOL_TYPE_UNKNOWN, buttonState=0, metaState=0, flags=0x0, edgeFlags=0x0, pointerCount=1, historySize=0, eventTime=2758256, downTime=2758254, deviceId=0, source=0x10004 }
W/ViewRootImpl(21505): Dropping event due to no window focus: MotionEvent { action=ACTION_MOVE, id[0]=0, x[0]=4.0, y[0]=2.0, toolType[0]=TOOL_TYPE_UNKNOWN, buttonState=0, metaState=0, flags=0x0, edgeFlags=0x0, pointerCount=1, historySize=9, eventTime=2758260, downTime=-1, deviceId=0, source=0x10004 }
W/ViewRootImpl(21505): Dropping event due to no window focus: MotionEvent { action=ACTION_DOWN, id[0]=0, x[0]=0.0, y[0]=0.0, toolType[0]=TOOL_TYPE_UNKNOWN, buttonState=0, metaState=0, flags=0x0, edgeFlags=0x0, pointerCount=1, historySize=0, eventTime=2758260, downTime=2758258, deviceId=0, source=0x10004 }
W/ViewRootImpl(21505): Dropping event due to no window focus: KeyEvent { action=ACTION_DOWN, keyCode=KEYCODE_DPAD_LEFT, scanCode=0, metaState=0, flags=0x8, repeatCount=0, eventTime=2758260, downTime=2758260, deviceId=-1, source=0x101 }
W/IInputConnectionWrapper(21505): commitText on inactive InputConnection
W/IInputConnectionWrapper(21505): getCursorCapsMode on inactive InputConnection
V/InputMethodService(  656): onEvaluateInputViewShown: config.hardKeyboardHidden = 2
V/InputMethodService(  656): onEvaluateInputViewShown: config.hardKeyboardHidden = 2
W/ViewRootImpl(21505): Dropping event due to no window focus: KeyEvent { action=ACTION_DOWN, keyCode=KEYCODE_DPAD_DOWN, scanCode=0, metaState=0, flags=0x8, repeatCount=0, eventTime=2758270, downTime=2758270, deviceId=-1, source=0x101 }
W/ViewRootImpl(21505): Dropping event due to no window focus: KeyEvent { action=ACTION_DOWN, keyCode=KEYCODE_DPAD_CENTER, scanCode=0, metaState=0, flags=0x8, repeatCount=0, eventTime=2758273, downTime=2758273, deviceId=-1, source=0x101 }
W/ViewRootImpl(21505): Dropping event due to no window focus: KeyEvent { action=ACTION_DOWN, keyCode=KEYCODE_DPAD_RIGHT, scanCode=0, metaState=0, flags=0x8, repeatCount=0, eventTime=2758274, downTime=2758274, deviceId=-1, source=0x101 }
V/InputMethodService(  656): onEvaluateInputViewShown: config.hardKeyboardHidden = 2
V/InputMethodService(  656): onEvaluateInputViewShown: config.hardKeyboardHidden = 2
V/InputMethodService(  656): onEvaluateInputViewShown: config.hardKeyboardHidden = 2
V/InputMethodService(  656): onEvaluateInputViewShown: config.hardKeyboardHidden = 2
V/InputMethodService(  656): onEvaluateInputViewShown: config.hardKeyboardHidden = 2
V/InputMethodService(  656): onEvaluateInputViewShown: config.hardKeyboardHidden = 2
W/InputMethodManagerService(  470): Window already focused, ignoring focus gain of: com.android.internal.view.IInputMethodClient$Stub$Proxy@4b0c5888 attribute=android.view.inputmethod.EditorInfo@4aa0efe8, token = android.os.BinderProxy@4ab2b2c4
W/ContextImpl(  470): Calling a method in the system process without a qualified user: android.app.ContextImpl.sendBroadcast:1123 com.android.server.InputMethodManagerService.showCurrentInputLocked:1791 com.android.server.InputMethodManagerService.attachNewInputLocked:1095 com.android.server.InputMethodManagerService.startInputUncheckedLocked:1166 com.android.server.InputMethodManagerService.windowGainedFocus:1932 
W/ContextImpl(  470): Calling a method in the system process without a qualified user: android.app.ContextImpl.sendBroadcast:1123 com.android.server.InputMethodManagerService.showCurrentInputLocked:1791 com.android.server.InputMethodManagerService.attachNewInputLocked:1095 com.android.server.InputMethodManagerService.startInputUncheckedLocked:1166 com.android.server.InputMethodManagerService.startInputLocked:1128 
W/ContextImpl(  470): Calling a method in the system process without a qualified user: android.app.ContextImpl.sendBroadcast:1123 com.android.server.InputMethodManagerService.showCurrentInputLocked:1791 com.android.server.InputMethodManagerService.showSoftInput:1753 com.android.internal.view.IInputMethodManager$Stub.onTransact:175 com.android.server.InputMethodManagerService.onTransact:818 
W/IInputConnectionWrapper(21505): getCursorCapsMode on inactive InputConnection
V/InputMethodService(  656): onEvaluateInputViewShown: config.hardKeyboardHidden = 2
V/InputMethodService(  656): onEvaluateInputViewShown: config.hardKeyboardHidden = 2
W/IInputConnectionWrapper(21505): getCursorCapsMode on inactive InputConnection
V/InputMethodService(  656): onEvaluateInputViewShown: config.hardKeyboardHidden = 2
V/InputMethodService(  656): onEvaluateInputViewShown: config.hardKeyboardHidden = 2
W/ContextImpl(  470): Calling a method in the system process without a qualified user: android.app.ContextImpl.sendBroadcast:1123 com.android.server.InputMethodManagerService.showCurrentInputLocked:1791 com.android.server.InputMethodManagerService.showSoftInput:1753 com.android.internal.view.IInputMethodManager$Stub.onTransact:175 com.android.server.InputMethodManagerService.onTransact:818 
D/dalvikvm(  656): GC_FOR_ALLOC freed 860K, 29% free 3175K/4416K, paused 3ms, total 3ms
I/dalvikvm-heap(  656): Grow heap (frag case) to 3.991MB for 869772-byte allocation
D/dalvikvm(  656): GC_CONCURRENT freed <1K, 9% free 4024K/4416K, paused 1ms+0ms, total 3ms
W/ContextImpl(  470): Calling a method in the system process without a qualified user: android.app.ContextImpl.sendBroadcast:1123 com.android.server.InputMethodManagerService.hideCurrentInputLocked:1880 com.android.server.InputMethodManagerService.hideMySoftInput:2299 com.android.internal.view.IInputMethodManager$Stub.onTransact:288 com.android.server.InputMethodManagerService.onTransact:818 
W/ContextImpl(  470): Calling a method in the system process without a qualified user: android.app.ContextImpl.sendBroadcast:1123 com.android.server.InputMethodManagerService.showCurrentInputLocked:1791 com.android.server.InputMethodManagerService.showSoftInput:1753 com.android.internal.view.IInputMethodManager$Stub.onTransact:175 com.android.server.InputMethodManagerService.onTransact:818 
W/ContextImpl(  470): Calling a method in the system process without a qualified user: android.app.ContextImpl.sendBroadcast:1123 com.android.server.InputMethodManagerService.showCurrentInputLocked:1791 com.android.server.InputMethodManagerService.attachNewInputLocked:1095 com.android.server.InputMethodManagerService.startInputUncheckedLocked:1166 com.android.server.InputMethodManagerService.startInputLocked:1128 
W/ContextImpl(  470): Calling a method in the system process without a qualified user: android.app.ContextImpl.sendBroadcast:1123 com.android.server.InputMethodManagerService.showCurrentInputLocked:1791 com.android.server.InputMethodManagerService.showSoftInput:1753 com.android.internal.view.IInputMethodManager$Stub.onTransact:175 com.android.server.InputMethodManagerService.onTransact:818 
W/ViewRootImpl(21505): Dropping event due to no window focus: KeyEvent { action=ACTION_DOWN, keyCode=KEYCODE_4, scanCode=0, metaState=0, flags=0x8, repeatCount=0, eventTime=2758343, downTime=2758343, deviceId=-1, source=0x101 }
V/PanelView(  556): animationTick called with dtms=0; nothing to do (h=0.0 v=-0.0)
W/ViewRootImpl(21505): Dropping event due to no window focus: KeyEvent { action=ACTION_DOWN, keyCode=KEYCODE_DPAD_LEFT, scanCode=0, metaState=0, flags=0x8, repeatCount=0, eventTime=2758353, downTime=2758353, deviceId=-1, source=0x101 }
V/InputMethodService(  656): onEvaluateInputViewShown: config.hardKeyboardHidden = 2
V/InputMethodService(  656): onEvaluateInputViewShown: config.hardKeyboardHidden = 2
V/InputMethodService(  656): onEvaluateInputViewShown: config.hardKeyboardHidden = 2
V/InputMethodService(  656): onEvaluateInputViewShown: config.hardKeyboardHidden = 2
V/InputMethodService(  656): onEvaluateInputViewShown: config.hardKeyboardHidden = 2
V/InputMethodService(  656): onEvaluateInputViewShown: config.hardKeyboardHidden = 2
W/ContextImpl(  470): Calling a method in the system process without a qualified user: android.app.ContextImpl.sendBroadcast:1123 com.android.server.InputMethodManagerService.showCurrentInputLocked:1791 com.android.server.InputMethodManagerService.showSoftInput:1753 com.android.internal.view.IInputMethodManager$Stub.onTransact:175 com.android.server.InputMethodManagerService.onTransact:818 
W/EGL_emulation(21505): eglSurfaceAttrib not implemented 3093 12436
W/IInputConnectionWrapper(21505): getCursorCapsMode on inactive InputConnection
V/InputMethodService(  656): onEvaluateInputViewShown: config.hardKeyboardHidden = 2
V/InputMethodService(  656): onEvaluateInputViewShown: config.hardKeyboardHidden = 2
V/InputMethodService(  656): onEvaluateInputViewShown: config.hardKeyboardHidden = 2
V/InputMethodService(  656): onEvaluateInputViewShown: config.hardKeyboardHidden = 2
V/InputMethodService(  656): onEvaluateInputViewShown: config.hardKeyboardHidden = 2
V/InputMethodService(  656): onEvaluateInputViewShown: config.hardKeyboardHidden = 2
D/dalvikvm(  656): GC_FOR_ALLOC freed 859K, 29% free 3174K/4416K, paused 6ms, total 17ms
I/dalvikvm-heap(  656): Grow heap (frag case) to 3.990MB for 869772-byte allocation
W/InputEventReceiver(21505): Attempted to finish an input event but the input event receiver has already been disposed.
W/InputEventReceiver(21505): Attempted to finish an input event but the input event receiver has already been disposed.
W/InputEventReceiver(21505): Attempted to finish an input event but the input event receiver has already been disposed.
W/InputEventReceiver(21505): Attempted to finish an input event but the input event receiver has already been disposed.
W/InputEventReceiver(21505): Attempted to finish an input event but the input event receiver has already been disposed.
D/dalvikvm(  656): GC_CONCURRENT freed <1K, 9% free 4023K/4416K, paused 2ms+1ms, total 4ms
W/InputEventReceiver(21505): Attempted to finish an input event but the input event receiver has already been disposed.
W/InputEventReceiver(21505): Attempted to finish an input event but the input event receiver has already been disposed.
W/InputEventReceiver(21505): Attempted to finish an input event but the input event receiver has already been disposed.
W/ViewRootImpl(21505): Dropping event due to root view being removed: MotionEvent { action=ACTION_MOVE, id[0]=0, x[0]=-2.0, y[0]=-5.0, toolType[0]=TOOL_TYPE_UNKNOWN, buttonState=0, metaState=0, flags=0x0, edgeFlags=0x0, pointerCount=1, historySize=9, eventTime=2758405, downTime=-1, deviceId=0, source=0x10004 }
W/ViewRootImpl(21505): Dropping event due to root view being removed: MotionEvent { action=ACTION_DOWN, id[0]=0, x[0]=0.0, y[0]=0.0, toolType[0]=TOOL_TYPE_UNKNOWN, buttonState=0, metaState=0, flags=0x0, edgeFlags=0x0, pointerCount=1, historySize=0, eventTime=2758405, downTime=2758404, deviceId=0, source=0x10004 }
W/ViewRootImpl(21505): Dropping event due to root view being removed: MotionEvent { action=ACTION_UP, id[0]=0, x[0]=0.0, y[0]=0.0, toolType[0]=TOOL_TYPE_UNKNOWN, buttonState=0, metaState=0, flags=0x0, edgeFlags=0x0, pointerCount=1, historySize=0, eventTime=2758405, downTime=2758404, deviceId=0, source=0x10004 }
W/ViewRootImpl(21505): Dropping event due to root view being removed: MotionEvent { action=ACTION_DOWN, id[0]=0, x[0]=35.0, y[0]=-340.0, toolType[0]=TOOL_TYPE_UNKNOWN, buttonState=0, metaState=0, flags=0x0, edgeFlags=0x0, pointerCount=1, historySize=0, eventTime=2758406, downTime=2758406, deviceId=0, source=0x1002 }
W/ViewRootImpl(21505): Dropping event due to root view being removed: MotionEvent { action=ACTION_POINTER_DOWN(1), id[0]=0, x[0]=30.941284, y[0]=-346.61456, toolType[0]=TOOL_TYPE_UNKNOWN, id[1]=1, x[1]=342.0, y[1]=-510.0, toolType[1]=TOOL_TYPE_UNKNOWN, buttonState=0, metaState=0, flags=0x0, edgeFlags=0x0, pointerCount=2, historySize=0, eventTime=2758406, downTime=2758406, deviceId=0, source=0x1002 }
W/ViewRootImpl(21505): Dropping event due to root view being removed: MotionEvent { action=ACTION_POINTER_UP(1), id[0]=0, x[0]=25.95816, y[0]=-350.19952, toolType[0]=TOOL_TYPE_UNKNOWN, id[1]=1, x[1]=353.0006, y[1]=-511.26758, toolType[1]=TOOL_TYPE_UNKNOWN, buttonState=0, metaState=0, flags=0x0, edgeFlags=0x0, pointerCount=2, historySize=0, eventTime=2758406, downTime=2758406, deviceId=0, source=0x1002 }
W/ViewRootImpl(21505): Dropping event due to root view being removed: MotionEvent { action=ACTION_UP, id[0]=0, x[0]=25.238525, y[0]=-356.1139, toolType[0]=TOOL_TYPE_UNKNOWN, buttonState=0, metaState=0, flags=0x0, edgeFlags=0x0, pointerCount=1, historySize=0, eventTime=2758406, downTime=2758406, deviceId=0, source=0x1002 }
W/EGL_emulation(21505): eglSurfaceAttrib not implemented 3093 12436
W/ViewRootImpl(21505): Dropping event due to no window focus: KeyEvent { action=ACTION_DOWN, keyCode=KEYCODE_DPAD_UP, scanCode=0, metaState=0, flags=0x8, repeatCount=0, eventTime=2758410, downTime=2758410, deviceId=-1, source=0x101 }
W/ViewRootImpl(21505): Dropping event due to no window focus: KeyEvent { action=ACTION_DOWN, keyCode=KEYCODE_NUMPAD_ADD, scanCode=0, metaState=0, flags=0x8, repeatCount=0, eventTime=2758439, downTime=2758439, deviceId=-1, source=0x101 }
I/ActivityManager(  470): START u0 {act=android.intent.action.MAIN cat=[android.intent.category.LAUNCHER] flg=0x10000000 sel={act=android.intent.action.MAIN cat=[android.intent.category.APP_MUSIC]}} from pid 470
W/ViewRootImpl(21505): Dropping event due to no window focus: KeyEvent { action=ACTION_DOWN, keyCode=KEYCODE_DPAD_LEFT, scanCode=0, metaState=0, flags=0x8, repeatCount=0, eventTime=2758440, downTime=2758440, deviceId=-1, source=0x101 }
W/ViewRootImpl(21505): Dropping event due to no window focus: KeyEvent { action=ACTION_DOWN, keyCode=KEYCODE_DPAD_DOWN, scanCode=0, metaState=0, flags=0x8, repeatCount=0, eventTime=2758440, downTime=2758440, deviceId=-1, source=0x101 }
W/ViewRootImpl(21505): Dropping event due to no window focus: KeyEvent { action=ACTION_DOWN, keyCode=KEYCODE_BUTTON_THUMBR, scanCode=0, metaState=0, flags=0x8, repeatCount=0, eventTime=2758441, downTime=2758441, deviceId=-1, source=0x101 }
W/ViewRootImpl(21505): Dropping event due to no window focus: KeyEvent { action=ACTION_DOWN, keyCode=KEYCODE_DPAD_CENTER, scanCode=0, metaState=0, flags=0x8, repeatCount=0, eventTime=2758441, downTime=2758441, deviceId=-1, source=0x101 }
W/ViewRootImpl(21505): Dropping event due to no window focus: KeyEvent { action=ACTION_DOWN, keyCode=KEYCODE_MENU, scanCode=0, metaState=0, flags=0x8, repeatCount=0, eventTime=2758442, downTime=2758442, deviceId=-1, source=0x101 }
W/ViewRootImpl(21505): Dropping event due to no window focus: KeyEvent { action=ACTION_DOWN, keyCode=KEYCODE_F4, scanCode=0, metaState=0, flags=0x8, repeatCount=0, eventTime=2758442, downTime=2758442, deviceId=-1, source=0x101 }
I/ActivityManager(  470): START u0 {act=android.intent.action.MAIN cat=[android.intent.category.LAUNCHER] flg=0x10200000 cmp=com.ecovacs.ecosphere.intl/com.ecovacs.ecosphere.ui.WelcomeActivity} from pid 21495
W/InputMethodManagerService(  470): Window already focused, ignoring focus gain of: com.android.internal.view.IInputMethodClient$Stub$Proxy@4ac40894 attribute=null, token = android.os.BinderProxy@4ab2b2c4
V/InputMethodService(  656): onEvaluateInputViewShown: config.hardKeyboardHidden = 2
V/InputMethodService(  656): onEvaluateInputViewShown: config.hardKeyboardHidden = 2
W/ViewRootImpl(21505): Dropping event due to no window focus: KeyEvent { action=ACTION_MULTIPLE, keyCode=KEYCODE_DPAD_LEFT, scanCode=0, metaState=0, flags=0x400, repeatCount=4, eventTime=2758391, downTime=2758391, deviceId=-1, source=0x101 }
W/ViewRootImpl(21505): Dropping event due to no window focus: KeyEvent { action=ACTION_DOWN, keyCode=KEYCODE_DPAD_LEFT, scanCode=0, metaState=0, flags=0x400, repeatCount=0, eventTime=2758391, downTime=2758391, deviceId=-1, source=0x101 }
W/ViewRootImpl(21505): Dropping event due to no window focus: KeyEvent { action=ACTION_DOWN, keyCode=KEYCODE_DPAD_LEFT, scanCode=0, metaState=0, flags=0x400, repeatCount=0, eventTime=2758391, downTime=2758391, deviceId=-1, source=0x101 }
W/ViewRootImpl(21505): Dropping event due to no window focus: KeyEvent { action=ACTION_DOWN, keyCode=KEYCODE_DPAD_LEFT, scanCode=0, metaState=0, flags=0x400, repeatCount=0, eventTime=2758391, downTime=2758391, deviceId=-1, source=0x101 }
W/ViewRootImpl(21505): Dropping event due to no window focus: KeyEvent { action=ACTION_DOWN, keyCode=KEYCODE_DPAD_LEFT, scanCode=0, metaState=0, flags=0x400, repeatCount=0, eventTime=2758391, downTime=2758391, deviceId=-1, source=0x101 }
W/ViewRootImpl(21505): Dropping event due to no window focus: MotionEvent { action=ACTION_MOVE, id[0]=0, x[0]=-4.0, y[0]=-1.0, toolType[0]=TOOL_TYPE_UNKNOWN, buttonState=0, metaState=0, flags=0x0, edgeFlags=0x0, pointerCount=1, historySize=9, eventTime=2758409, downTime=-1, deviceId=0, source=0x10004 }
W/InputManager(  470): Input event injection from pid 21495 failed.
W/InputManager(  470): Input event injection from pid 21495 failed.
W/InputManager(  470): Input event injection from pid 21495 failed.
W/InputManager(  470): Input event injection from pid 21495 failed.
W/ViewRootImpl(21505): Dropping event due to no window focus: KeyEvent { action=ACTION_DOWN, keyCode=KEYCODE_MINUS, scanCode=0, metaState=0, flags=0x8, repeatCount=0, eventTime=2758469, downTime=2758469, deviceId=-1, source=0x101 }
W/InputMethodManagerService(  470): Window already focused, ignoring focus gain of: com.android.internal.view.IInputMethodClient$Stub$Proxy@4b2005bc attribute=null, token = android.os.BinderProxy@4ab2b2c4
D/dalvikvm(  656): GC_FOR_ALLOC freed 853K, 29% free 3174K/4416K, paused 2ms, total 2ms
I/dalvikvm-heap(  656): Grow heap (frag case) to 3.990MB for 869772-byte allocation
D/dalvikvm(  656): GC_CONCURRENT freed <1K, 9% free 4023K/4416K, paused 2ms+0ms, total 3ms
W/ContextImpl(  470): Calling a method in the system process without a qualified user: android.app.ContextImpl.sendBroadcast:1123 com.android.server.InputMethodManagerService.showCurrentInputLocked:1791 com.android.server.InputMethodManagerService.attachNewInputLocked:1095 com.android.server.InputMethodManagerService.startInputUncheckedLocked:1166 com.android.server.InputMethodManagerService.startInputLocked:1128 
W/IInputConnectionWrapper(21505): getCursorCapsMode on inactive InputConnection
V/InputMethodService(  656): onEvaluateInputViewShown: config.hardKeyboardHidden = 2
V/InputMethodService(  656): onEvaluateInputViewShown: config.hardKeyboardHidden = 2
V/InputMethodService(  656): onEvaluateInputViewShown: config.hardKeyboardHidden = 2
V/InputMethodService(  656): onEvaluateInputViewShown: config.hardKeyboardHidden = 2
V/InputMethodService(  656): onEvaluateInputViewShown: config.hardKeyboardHidden = 2
V/InputMethodService(  656): onEvaluateInputViewShown: config.hardKeyboardHidden = 2
W/ContextImpl(  470): Calling a method in the system process without a qualified user: android.app.ContextImpl.sendBroadcast:1123 com.android.server.InputMethodManagerService.showCurrentInputLocked:1791 com.android.server.InputMethodManagerService.attachNewInputLocked:1095 com.android.server.InputMethodManagerService.startInputUncheckedLocked:1166 com.android.server.InputMethodManagerService.startInputLocked:1128 
W/IInputConnectionWrapper(21505): getCursorCapsMode on inactive InputConnection
V/InputMethodService(  656): onEvaluateInputViewShown: config.hardKeyboardHidden = 2
V/InputMethodService(  656): onEvaluateInputViewShown: config.hardKeyboardHidden = 2
W/ContextImpl(  470): Calling a method in the system process without a qualified user: android.app.ContextImpl.sendBroadcast:1123 com.android.server.InputMethodManagerService.showCurrentInputLocked:1791 com.android.server.InputMethodManagerService.attachNewInputLocked:1095 com.android.server.InputMethodManagerService.startInputUncheckedLocked:1166 com.android.server.InputMethodManagerService.startInputLocked:1128 
W/IInputConnectionWrapper(21505): getCursorCapsMode on inactive InputConnection
V/InputMethodService(  656): onEvaluateInputViewShown: config.hardKeyboardHidden = 2
V/InputMethodService(  656): onEvaluateInputViewShown: config.hardKeyboardHidden = 2
W/ContextImpl(  470): Calling a method in the system process without a qualified user: android.app.ContextImpl.sendBroadcast:1123 com.android.server.InputMethodManagerService.showCurrentInputLocked:1791 com.android.server.InputMethodManagerService.showSoftInput:1753 com.android.internal.view.IInputMethodManager$Stub.onTransact:175 com.android.server.InputMethodManagerService.onTransact:818 
D/dalvikvm(  656): GC_FOR_ALLOC freed 858K, 29% free 3174K/4416K, paused 3ms, total 3ms
I/dalvikvm-heap(  656): Grow heap (frag case) to 3.990MB for 869772-byte allocation
D/dalvikvm(  656): GC_CONCURRENT freed <1K, 9% free 4023K/4416K, paused 1ms+0ms, total 4ms
V/PanelView(  556): animationTick called with dtms=0; nothing to do (h=0.0 v=0.0)
V/FlingTracker(  556): computeCurrentVelocity warning: totalweight=0
V/FlingTracker(  556): java.lang.Throwable
V/FlingTracker(  556): 	at com.android.systemui.statusbar.phone.PanelView$FlingTracker.computeCurrentVelocity(PanelView.java:162)
V/FlingTracker(  556): 	at com.android.systemui.statusbar.phone.PanelView$3.onTouch(PanelView.java:462)
V/FlingTracker(  556): 	at android.view.View.dispatchTouchEvent(View.java:7701)
V/FlingTracker(  556): 	at com.android.systemui.statusbar.phone.NotificationPanelView.onTouchEvent(NotificationPanelView.java:138)
V/FlingTracker(  556): 	at com.android.systemui.statusbar.phone.PanelBar.onTouchEvent(PanelBar.java:130)
V/FlingTracker(  556): 	at com.android.systemui.statusbar.phone.PhoneStatusBarView.onTouchEvent(PhoneStatusBarView.java:201)
V/FlingTracker(  556): 	at android.view.View.dispatchTouchEvent(View.java:7706)
V/FlingTracker(  556): 	at android.view.ViewGroup.dispatchTransformedTouchEvent(ViewGroup.java:2210)
V/FlingTracker(  556): 	at android.view.ViewGroup.dispatchTouchEvent(ViewGroup.java:1945)
V/FlingTracker(  556): 	at android.view.ViewGroup.dispatchTransformedTouchEvent(ViewGroup.java:2216)
V/FlingTracker(  556): 	at android.view.ViewGroup.dispatchTouchEvent(ViewGroup.java:1959)
V/FlingTracker(  556): 	at android.view.View.dispatchPointerEvent(View.java:7886)
V/FlingTracker(  556): 	at android.view.ViewRootImpl$ViewPostImeInputStage.processPointerEvent(ViewRootImpl.java:3978)
V/FlingTracker(  556): 	at android.view.ViewRootImpl$ViewPostImeInputStage.onProcess(ViewRootImpl.java:3857)
V/FlingTracker(  556): 	at android.view.ViewRootImpl$InputStage.deliver(ViewRootImpl.java:3423)
V/FlingTracker(  556): 	at android.view.ViewRootImpl$InputStage.onDeliverToNext(ViewRootImpl.java:3473)
V/FlingTracker(  556): 	at android.view.ViewRootImpl$InputStage.forward(ViewRootImpl.java:3442)
V/FlingTracker(  556): 	at android.view.ViewRootImpl$AsyncInputStage.forward(ViewRootImpl.java:3549)
V/FlingTracker(  556): 	at android.view.ViewRootImpl$InputStage.apply(ViewRootImpl.java:3450)
V/FlingTracker(  556): 	at android.view.ViewRootImpl$AsyncInputStage.apply(ViewRootImpl.java:3606)
V/FlingTracker(  556): 	at android.view.ViewRootImpl$InputStage.deliver(ViewRootImpl.java:3423)
V/FlingTracker(  556): 	at android.view.ViewRootImpl$InputStage.onDeliverToNext(ViewRootImpl.java:3473)
V/FlingTracker(  556): 	at android.view.ViewRootImpl$InputStage.forward(ViewRootImpl.java:3442)
V/FlingTracker(  556): 	at android.view.ViewRootImpl$InputStage.apply(ViewRootImpl.java:3450)
V/FlingTracker(  556): 	at android.view.ViewRootImpl$InputStage.deliver(ViewRootImpl.java:3423)
V/FlingTracker(  556): 	at android.view.ViewRootImpl.deliverInputEvent(ViewRootImpl.java:5626)
V/FlingTracker(  556): 	at android.view.ViewRootImpl.doProcessInputEvents(ViewRootImpl.java:5606)
V/FlingTracker(  556): 	at android.view.ViewRootImpl.enqueueInputEvent(ViewRootImpl.java:5577)
V/FlingTracker(  556): 	at android.view.ViewRootImpl$WindowInputEventReceiver.onInputEvent(ViewRootImpl.java:5706)
V/FlingTracker(  556): 	at android.view.InputEventReceiver.dispatchInputEvent(InputEventReceiver.java:185)
V/FlingTracker(  556): 	at android.os.MessageQueue.nativePollOnce(Native Method)
V/FlingTracker(  556): 	at android.os.MessageQueue.next(MessageQueue.java:138)
V/FlingTracker(  556): 	at android.os.Looper.loop(Looper.java:123)
V/FlingTracker(  556): 	at android.app.ActivityThread.main(ActivityThread.java:5019)
V/FlingTracker(  556): 	at java.lang.reflect.Method.invokeNative(Native Method)
V/FlingTracker(  556): 	at java.lang.reflect.Method.invoke(Method.java:515)
V/FlingTracker(  556): 	at com.android.internal.os.ZygoteInit$MethodAndArgsCaller.run(ZygoteInit.java:779)
V/FlingTracker(  556): 	at com.android.internal.os.ZygoteInit.main(ZygoteInit.java:595)
V/FlingTracker(  556): 	at dalvik.system.NativeStart.main(Native Method)
V/PanelView(  556): animationTick called with dtms=0; nothing to do (h=0.0 v=0.0)
W/ContextImpl(  470): Calling a method in the system process without a qualified user: android.app.ContextImpl.sendBroadcast:1123 com.android.server.InputMethodManagerService.showCurrentInputLocked:1791 com.android.server.InputMethodManagerService.showSoftInput:1753 com.android.internal.view.IInputMethodManager$Stub.onTransact:175 com.android.server.InputMethodManagerService.onTransact:818 
W/ContextImpl(  470): Calling a method in the system process without a qualified user: android.app.ContextImpl.sendBroadcast:1123 com.android.server.InputMethodManagerService.showCurrentInputLocked:1791 com.android.server.InputMethodManagerService.showSoftInput:1753 com.android.internal.view.IInputMethodManager$Stub.onTransact:175 com.android.server.InputMethodManagerService.onTransact:818 
D/dalvikvm(  656): GC_FOR_ALLOC freed 851K, 29% free 3174K/4416K, paused 2ms, total 2ms
I/dalvikvm-heap(  656): Grow heap (frag case) to 3.990MB for 869772-byte allocation
D/dalvikvm(  656): GC_CONCURRENT freed <1K, 9% free 4023K/4416K, paused 1ms+2ms, total 5ms
V/InputMethodService(  656): onEvaluateInputViewShown: config.hardKeyboardHidden = 2
V/InputMethodService(  656): onEvaluateInputViewShown: config.hardKeyboardHidden = 2
V/InputMethodService(  656): onEvaluateInputViewShown: config.hardKeyboardHidden = 2
V/InputMethodService(  656): onEvaluateInputViewShown: config.hardKeyboardHidden = 2
V/InputMethodService(  656): onEvaluateInputViewShown: config.hardKeyboardHidden = 2
V/InputMethodService(  656): onEvaluateInputViewShown: config.hardKeyboardHidden = 2
W/ContextImpl(  470): Calling a method in the system process without a qualified user: android.app.ContextImpl.sendBroadcast:1123 com.android.server.InputMethodManagerService.showCurrentInputLocked:1791 com.android.server.InputMethodManagerService.attachNewInputLocked:1095 com.android.server.InputMethodManagerService.startInputUncheckedLocked:1166 com.android.server.InputMethodManagerService.startInputLocked:1128 
V/InputMethodService(  656): onEvaluateInputViewShown: config.hardKeyboardHidden = 2
V/InputMethodService(  656): onEvaluateInputViewShown: config.hardKeyboardHidden = 2
V/InputMethodService(  656): onEvaluateInputViewShown: config.hardKeyboardHidden = 2
V/InputMethodService(  656): onEvaluateInputViewShown: config.hardKeyboardHidden = 2
W/ContextImpl(  470): Calling a method in the system process without a qualified user: android.app.ContextImpl.sendBroadcast:1123 com.android.server.InputMethodManagerService.showCurrentInputLocked:1791 com.android.server.InputMethodManagerService.attachNewInputLocked:1095 com.android.server.InputMethodManagerService.startInputUncheckedLocked:1166 com.android.server.InputMethodManagerService.startInputLocked:1128 
V/InputMethodService(  656): onEvaluateInputViewShown: config.hardKeyboardHidden = 2
V/InputMethodService(  656): onEvaluateInputViewShown: config.hardKeyboardHidden = 2
W/ContextImpl(  470): Calling a method in the system process without a qualified user: android.app.ContextImpl.sendBroadcast:1123 com.android.server.InputMethodManagerService.showCurrentInputLocked:1791 com.android.server.InputMethodManagerService.attachNewInputLocked:1095 com.android.server.InputMethodManagerService.startInputUncheckedLocked:1166 com.android.server.InputMethodManagerService.startInputLocked:1128 
D/dalvikvm(  656): GC_FOR_ALLOC freed 859K, 29% free 3174K/4416K, paused 4ms, total 5ms
I/dalvikvm-heap(  656): Grow heap (frag case) to 3.990MB for 869772-byte allocation
D/dalvikvm(  656): GC_CONCURRENT freed <1K, 9% free 4023K/4416K, paused 1ms+0ms, total 3ms
W/ContextImpl(  470): Calling a method in the system process without a qualified user: android.app.ContextImpl.sendBroadcast:1123 com.android.server.InputMethodManagerService.showCurrentInputLocked:1791 com.android.server.InputMethodManagerService.attachNewInputLocked:1095 com.android.server.InputMethodManagerService.startInputUncheckedLocked:1166 com.android.server.InputMethodManagerService.startInputLocked:1128 
W/IInputConnectionWrapper(21505): getCursorCapsMode on inactive InputConnection
V/InputMethodService(  656): onEvaluateInputViewShown: config.hardKeyboardHidden = 2
V/InputMethodService(  656): onEvaluateInputViewShown: config.hardKeyboardHidden = 2
W/ContextImpl(  470): Calling a method in the system process without a qualified user: android.app.ContextImpl.sendBroadcast:1123 com.android.server.InputMethodManagerService.showCurrentInputLocked:1791 com.android.server.InputMethodManagerService.attachNewInputLocked:1095 com.android.server.InputMethodManagerService.startInputUncheckedLocked:1166 com.android.server.InputMethodManagerService.startInputLocked:1128 
D/dalvikvm(  656): GC_FOR_ALLOC freed 852K, 29% free 3174K/4416K, paused 2ms, total 2ms
I/dalvikvm-heap(  656): Grow heap (frag case) to 3.990MB for 869772-byte allocation
D/dalvikvm(  656): GC_CONCURRENT freed <1K, 9% free 4023K/4416K, paused 1ms+1ms, total 4ms
W/ViewRootImpl(21505): Dropping event due to no window focus: KeyEvent { action=ACTION_DOWN, keyCode=KEYCODE_MENU, scanCode=0, metaState=0, flags=0x8, repeatCount=0, eventTime=2758762, downTime=2758762, deviceId=-1, source=0x101 }
W/ViewRootImpl(21505): Dropping event due to no window focus: KeyEvent { action=ACTION_DOWN, keyCode=KEYCODE_BREAK, scanCode=0, metaState=0, flags=0x8, repeatCount=0, eventTime=2758767, downTime=2758767, deviceId=-1, source=0x101 }
W/ViewRootImpl(21505): Dropping event due to no window focus: KeyEvent { action=ACTION_DOWN, keyCode=KEYCODE_E, scanCode=0, metaState=0, flags=0x8, repeatCount=0, eventTime=2758771, downTime=2758771, deviceId=-1, source=0x101 }
I/ActivityManager(  470): START u0 {act=android.intent.action.MAIN cat=[android.intent.category.LAUNCHER] flg=0x10200000 cmp=com.ecovacs.ecosphere.intl/com.ecovacs.ecosphere.ui.WelcomeActivity} from pid 21495
W/ContextImpl(  470): Calling a method in the system process without a qualified user: android.app.ContextImpl.sendBroadcast:1123 com.android.server.InputMethodManagerService.showCurrentInputLocked:1791 com.android.server.InputMethodManagerService.showSoftInput:1753 com.android.internal.view.IInputMethodManager$Stub.onTransact:175 com.android.server.InputMethodManagerService.onTransact:818 
D/dalvikvm(  656): GC_FOR_ALLOC freed 850K, 29% free 3174K/4416K, paused 8ms, total 8ms
I/dalvikvm-heap(  656): Grow heap (frag case) to 3.990MB for 869772-byte allocation
D/dalvikvm(  656): GC_CONCURRENT freed <1K, 9% free 4023K/4416K, paused 1ms+0ms, total 3ms
V/InputMethodService(  656): onEvaluateInputViewShown: config.hardKeyboardHidden = 2
V/InputMethodService(  656): onEvaluateInputViewShown: config.hardKeyboardHidden = 2
W/EGL_emulation(21505): eglSurfaceAttrib not implemented 3093 12436
I/ActivityManager(  470): START u0 {act=android.intent.action.MAIN cat=[android.intent.category.LAUNCHER] flg=0x10200000 cmp=com.ecovacs.ecosphere.intl/com.ecovacs.ecosphere.ui.WelcomeActivity} from pid 21495
W/EGL_emulation(21505): eglSurfaceAttrib not implemented 3093 12436
W/InputEventReceiver(21505): Attempted to finish an input event but the input event receiver has already been disposed.
W/InputEventReceiver(21505): Attempted to finish an input event but the input event receiver has already been disposed.
W/InputEventReceiver(21505): Attempted to finish an input event but the input event receiver has already been disposed.
W/InputEventReceiver(21505): Attempted to finish an input event but the input event receiver has already been disposed.
W/InputEventReceiver(21505): Attempted to finish an input event but the input event receiver has already been disposed.
W/InputEventReceiver(21505): Attempted to finish an input event but the input event receiver has already been disposed.
W/InputEventReceiver(21505): Attempted to finish an input event but the input event receiver has already been disposed.
W/InputEventReceiver(21505): Attempted to finish an input event but the input event receiver has already been disposed.
V/PanelView(  556): animationTick called with dtms=0; nothing to do (h=0.0 v=4500.0)
W/ViewRootImpl(21505): Dropping event due to root view being removed: MotionEvent { action=ACTION_DOWN, id[0]=0, x[0]=267.0, y[0]=-762.0, toolType[0]=TOOL_TYPE_UNKNOWN, buttonState=0, metaState=0, flags=0x0, edgeFlags=0x0, pointerCount=1, historySize=0, eventTime=2758837, downTime=2758837, deviceId=0, source=0x1002 }
W/ViewRootImpl(21505): Dropping event due to root view being removed: MotionEvent { action=ACTION_UP, id[0]=0, x[0]=265.35486, y[0]=-767.97833, toolType[0]=TOOL_TYPE_UNKNOWN, buttonState=0, metaState=0, flags=0x0, edgeFlags=0x0, pointerCount=1, historySize=0, eventTime=2758837, downTime=2758837, deviceId=0, source=0x1002 }
W/ViewRootImpl(21505): Dropping event due to root view being removed: MotionEvent { action=ACTION_DOWN, id[0]=0, x[0]=-184.0, y[0]=-1028.0, toolType[0]=TOOL_TYPE_UNKNOWN, buttonState=0, metaState=0, flags=0x0, edgeFlags=0x0, pointerCount=1, historySize=0, eventTime=2758837, downTime=2758837, deviceId=0, source=0x1002 }
W/ViewRootImpl(21505): Dropping event due to root view being removed: MotionEvent { action=ACTION_UP, id[0]=0, x[0]=-176.10143, y[0]=-1026.751, toolType[0]=TOOL_TYPE_UNKNOWN, buttonState=0, metaState=0, flags=0x0, edgeFlags=0x0, pointerCount=1, historySize=0, eventTime=2758837, downTime=2758837, deviceId=0, source=0x1002 }
W/ViewRootImpl(21505): Dropping event due to root view being removed: MotionEvent { action=ACTION_DOWN, id[0]=0, x[0]=242.0, y[0]=-556.0, toolType[0]=TOOL_TYPE_UNKNOWN, buttonState=0, metaState=0, flags=0x0, edgeFlags=0x0, pointerCount=1, historySize=0, eventTime=2758838, downTime=2758838, deviceId=0, source=0x1002 }
W/ViewRootImpl(21505): Dropping event due to root view being removed: MotionEvent { action=ACTION_MOVE, id[0]=0, x[0]=259.92535, y[0]=-618.9532, toolType[0]=TOOL_TYPE_UNKNOWN, buttonState=0, metaState=0, flags=0x0, edgeFlags=0x0, pointerCount=1, historySize=2, eventTime=2758838, downTime=2758838, deviceId=0, source=0x1002 }
W/ViewRootImpl(21505): Dropping event due to root view being removed: MotionEvent { action=ACTION_UP, id[0]=0, x[0]=274.15167, y[0]=-632.4316, toolType[0]=TOOL_TYPE_UNKNOWN, buttonState=0, metaState=0, flags=0x0, edgeFlags=0x0, pointerCount=1, historySize=0, eventTime=2758838, downTime=2758838, deviceId=0, source=0x1002 }
W/ViewRootImpl(21505): Dropping event due to no window focus: KeyEvent { action=ACTION_DOWN, keyCode=KEYCODE_MENU, scanCode=0, metaState=0, flags=0x8, repeatCount=0, eventTime=2758842, downTime=2758842, deviceId=-1, source=0x101 }
W/ViewRootImpl(21505): Dropping event due to no window focus: KeyEvent { action=ACTION_DOWN, keyCode=KEYCODE_DPAD_RIGHT, scanCode=0, metaState=0, flags=0x8, repeatCount=0, eventTime=2758845, downTime=2758845, deviceId=-1, source=0x101 }
W/ViewRootImpl(21505): Dropping event due to no window focus: KeyEvent { action=ACTION_DOWN, keyCode=KEYCODE_DPAD_CENTER, scanCode=0, metaState=0, flags=0x8, repeatCount=0, eventTime=2758847, downTime=2758847, deviceId=-1, source=0x101 }
V/PanelView(  556): animationTick called with dtms=0; nothing to do (h=0.0 v=4500.0)
W/ViewRootImpl(21505): Dropping event due to no window focus: KeyEvent { action=ACTION_DOWN, keyCode=KEYCODE_PROG_BLUE, scanCode=0, metaState=0, flags=0x8, repeatCount=0, eventTime=2758854, downTime=2758854, deviceId=-1, source=0x101 }
W/ViewRootImpl(21505): Dropping event due to no window focus: KeyEvent { action=ACTION_DOWN, keyCode=KEYCODE_DPAD_DOWN, scanCode=0, metaState=0, flags=0x8, repeatCount=0, eventTime=2758855, downTime=2758855, deviceId=-1, source=0x101 }
W/ViewRootImpl(21505): Dropping event due to no window focus: KeyEvent { action=ACTION_DOWN, keyCode=KEYCODE_DPAD_CENTER, scanCode=0, metaState=0, flags=0x8, repeatCount=0, eventTime=2758857, downTime=2758857, deviceId=-1, source=0x101 }
W/ViewRootImpl(21505): Dropping event due to no window focus: KeyEvent { action=ACTION_DOWN, keyCode=KEYCODE_HEADSETHOOK, scanCode=0, metaState=0, flags=0x8, repeatCount=0, eventTime=2758858, downTime=2758858, deviceId=-1, source=0x101 }
I/ActivityManager(  470): START u0 {act=android.intent.action.MAIN cat=[android.intent.category.LAUNCHER] flg=0x10000000 cmp=com.android.browser/.BrowserActivity sel={act=android.intent.action.MAIN cat=[android.intent.category.APP_BROWSER]}} from pid 470
W/ViewRootImpl(21505): Dropping event due to no window focus: KeyEvent { action=ACTION_DOWN, keyCode=KEYCODE_DPAD_DOWN, scanCode=0, metaState=0, flags=0x8, repeatCount=0, eventTime=2758860, downTime=2758860, deviceId=-1, source=0x101 }
W/ViewRootImpl(21505): Dropping event due to no window focus: KeyEvent { action=ACTION_DOWN, keyCode=KEYCODE_DPAD_DOWN, scanCode=0, metaState=0, flags=0x8, repeatCount=0, eventTime=2758860, downTime=2758860, deviceId=-1, source=0x101 }
W/ViewRootImpl(21505): Dropping event due to no window focus: KeyEvent { action=ACTION_DOWN, keyCode=KEYCODE_DPAD_CENTER, scanCode=0, metaState=0, flags=0x8, repeatCount=0, eventTime=2758863, downTime=2758863, deviceId=-1, source=0x101 }
W/ViewRootImpl(21505): Dropping event due to no window focus: KeyEvent { action=ACTION_DOWN, keyCode=KEYCODE_DPAD_RIGHT, scanCode=0, metaState=0, flags=0x8, repeatCount=0, eventTime=2758864, downTime=2758864, deviceId=-1, source=0x101 }
W/ViewRootImpl(21505): Dropping event due to no window focus: KeyEvent { action=ACTION_DOWN, keyCode=KEYCODE_DPAD_CENTER, scanCode=0, metaState=0, flags=0x8, repeatCount=0, eventTime=2758865, downTime=2758865, deviceId=-1, source=0x101 }
W/ViewRootImpl(21505): Dropping event due to no window focus: KeyEvent { action=ACTION_DOWN, keyCode=KEYCODE_DPAD_RIGHT, scanCode=0, metaState=0, flags=0x8, repeatCount=0, eventTime=2758866, downTime=2758866, deviceId=-1, source=0x101 }
I/CastDatabase(  746): Opening the database
I/SQLiteCastStore(  746): 0 CastNetworkInfo instances loaded, 0 CastDeviceInfo instances loaded, 0 paired guest mode devices loaded.
I/DiscoveryManager(  746): WifiGuestModeDeviceScanner enabled.
I/CastMirroringProvider(  746): onDiscoveryModeChanged, mode=1
W/WindowManager(  470): updateFocusedWindowLocked, focusedAppToken is null.
I/DiscoveryManager(  746): Filter criteria(674A0243,8E6C866D) scannerFlags(2)
W/ContextImpl(  470): Calling a method in the system process without a qualified user: android.app.ContextImpl.sendBroadcast:1123 com.android.server.InputMethodManagerService.showCurrentInputLocked:1791 com.android.server.InputMethodManagerService.showSoftInput:1753 com.android.internal.view.IInputMethodManager$Stub.onTransact:175 com.android.server.InputMethodManagerService.onTransact:818 
I/qtaguid (  746): Tagging socket 134 with tag 3000090000000000(805308672) for uid -1 failed errno=-13
I/NetworkManagementSocketTagger(  746): tagSocketFd(134, 805308672, -1) failed with errno-13
I/qtaguid (  746): Tagging socket 141 with tag 3000090000000000(805308672) for uid -1 failed errno=-13
I/NetworkManagementSocketTagger(  746): tagSocketFd(141, 805308672, -1) failed with errno-13
I/qtaguid (  746): Untagging socket 141 failed errno=-13
W/NetworkManagementSocketTagger(  746): untagSocket(141) failed with errno -13
I/qtaguid (  746): Tagging socket 141 with tag 3000090000000000(805308672) for uid -1 failed errno=-13
I/NetworkManagementSocketTagger(  746): tagSocketFd(141, 805308672, -1) failed with errno-13
I/qtaguid (  746): Untagging socket 141 failed errno=-13
W/NetworkManagementSocketTagger(  746): untagSocket(141) failed with errno -13
I/qtaguid (  746): Tagging socket 141 with tag 3000090000000000(805308672) for uid -1 failed errno=-13
I/NetworkManagementSocketTagger(  746): tagSocketFd(141, 805308672, -1) failed with errno-13
I/qtaguid (  746): Untagging socket 141 failed errno=-13
W/NetworkManagementSocketTagger(  746): untagSocket(141) failed with errno -13
I/qtaguid (  746): Tagging socket 141 with tag 3000090000000000(805308672) for uid -1 failed errno=-13
I/NetworkManagementSocketTagger(  746): tagSocketFd(141, 805308672, -1) failed with errno-13
I/qtaguid (  746): Untagging socket 141 failed errno=-13
W/NetworkManagementSocketTagger(  746): untagSocket(141) failed with errno -13
I/qtaguid (  746): Tagging socket 141 with tag 3000090000000000(805308672) for uid -1 failed errno=-13
I/NetworkManagementSocketTagger(  746): tagSocketFd(141, 805308672, -1) failed with errno-13
I/qtaguid (  746): Untagging socket 141 failed errno=-13
W/NetworkManagementSocketTagger(  746): untagSocket(141) failed with errno -13
I/qtaguid (  746): Tagging socket 141 with tag 3000090000000000(805308672) for uid -1 failed errno=-13
I/NetworkManagementSocketTagger(  746): tagSocketFd(141, 805308672, -1) failed with errno-13
I/qtaguid (  746): Untagging socket 141 failed errno=-13
W/NetworkManagementSocketTagger(  746): untagSocket(141) failed with errno -13
W/EGL_emulation(  556): eglSurfaceAttrib not implemented 3093 12436
W/ContextImpl(  470): Calling a method in the system process without a qualified user: android.app.ContextImpl.sendBroadcast:1123 com.android.server.InputMethodManagerService.showCurrentInputLocked:1791 com.android.server.InputMethodManagerService.attachNewInputLocked:1095 com.android.server.InputMethodManagerService.startInputUncheckedLocked:1166 com.android.server.InputMethodManagerService.startInputLocked:1128 
W/ContextImpl(  470): Calling a method in the system process without a qualified user: android.app.ContextImpl.sendBroadcast:1123 com.android.server.InputMethodManagerService.showCurrentInputLocked:1791 com.android.server.InputMethodManagerService.showSoftInput:1753 com.android.internal.view.IInputMethodManager$Stub.onTransact:175 com.android.server.InputMethodManagerService.onTransact:818 
D/dalvikvm(  746): GC_CONCURRENT freed 2043K, 26% free 9178K/12396K, paused 2ms+2ms, total 31ms
W/IInputConnectionWrapper(21505): getCursorCapsMode on inactive InputConnection
W/ContextImpl(  470): Calling a method in the system process without a qualified user: android.app.ContextImpl.sendBroadcast:1123 com.android.server.InputMethodManagerService.showCurrentInputLocked:1791 com.android.server.InputMethodManagerService.attachNewInputLocked:1095 com.android.server.InputMethodManagerService.startInputUncheckedLocked:1166 com.android.server.InputMethodManagerService.startInputLocked:1128 
W/ContextImpl(  470): Calling a method in the system process without a qualified user: android.app.ContextImpl.sendBroadcast:1123 com.android.server.InputMethodManagerService.showCurrentInputLocked:1791 com.android.server.InputMethodManagerService.showSoftInput:1753 com.android.internal.view.IInputMethodManager$Stub.onTransact:175 com.android.server.InputMethodManagerService.onTransact:818 
D/dalvikvm(  656): GC_FOR_ALLOC freed 852K, 29% free 3174K/4416K, paused 4ms, total 4ms
I/dalvikvm-heap(  656): Grow heap (frag case) to 3.990MB for 869772-byte allocation
W/ViewRootImpl(21505): Dropping event due to no window focus: MotionEvent { action=ACTION_MOVE, id[0]=0, x[0]=-3.0, y[0]=0.0, toolType[0]=TOOL_TYPE_UNKNOWN, buttonState=0, metaState=0, flags=0x0, edgeFlags=0x0, pointerCount=1, historySize=0, eventTime=2758883, downTime=-1, deviceId=0, source=0x10004 }
D/dalvikvm(  656): GC_CONCURRENT freed <1K, 9% free 4024K/4416K, paused 2ms+0ms, total 5ms
W/ViewRootImpl(  556): Dropping event due to no window focus: MotionEvent { action=ACTION_MOVE, id[0]=0, x[0]=-5.0, y[0]=3.0, toolType[0]=TOOL_TYPE_UNKNOWN, buttonState=0, metaState=0, flags=0x0, edgeFlags=0x0, pointerCount=1, historySize=8, eventTime=2758886, downTime=-1, deviceId=0, source=0x10004 }
W/ViewRootImpl(  556): Dropping event due to no window focus: MotionEvent { action=ACTION_DOWN, id[0]=0, x[0]=0.0, y[0]=0.0, toolType[0]=TOOL_TYPE_UNKNOWN, buttonState=0, metaState=0, flags=0x0, edgeFlags=0x0, pointerCount=1, historySize=0, eventTime=2758886, downTime=2758883, deviceId=0, source=0x10004 }
V/PanelView(  556): animationTick called with dtms=0; nothing to do (h=76.50001 v=-3000.0)
V/PanelView(  556): animationTick called with dtms=0; nothing to do (h=76.50001 v=-3000.0)
W/ViewRootImpl(  556): Dropping event due to no window focus: KeyEvent { action=ACTION_DOWN, keyCode=KEYCODE_MENU, scanCode=0, metaState=0, flags=0x8, repeatCount=0, eventTime=2758886, downTime=2758886, deviceId=-1, source=0x101 }
W/ViewRootImpl(  556): Dropping event due to no window focus: KeyEvent { action=ACTION_DOWN, keyCode=KEYCODE_SYM, scanCode=0, metaState=0, flags=0x8, repeatCount=0, eventTime=2759175, downTime=2759175, deviceId=-1, source=0x101 }
W/ViewRootImpl(  556): Dropping event due to no window focus: KeyEvent { action=ACTION_DOWN, keyCode=KEYCODE_SPACE, scanCode=0, metaState=0, flags=0x8, repeatCount=0, eventTime=2759178, downTime=2759178, deviceId=-1, source=0x101 }
W/EGL_emulation(21505): eglSurfaceAttrib not implemented 3093 12436
W/ViewRootImpl(  556): Dropping event due to no window focus: KeyEvent { action=ACTION_DOWN, keyCode=KEYCODE_PAGE_UP, scanCode=0, metaState=0, flags=0x8, repeatCount=0, eventTime=2759179, downTime=2759179, deviceId=-1, source=0x101 }
W/ViewRootImpl(  556): Dropping event due to no window focus: MotionEvent { action=ACTION_MOVE, id[0]=0, x[0]=0.0, y[0]=-1.0, toolType[0]=TOOL_TYPE_UNKNOWN, buttonState=0, metaState=0, flags=0x0, edgeFlags=0x0, pointerCount=1, historySize=9, eventTime=2759183, downTime=-1, deviceId=0, source=0x10004 }
W/ViewRootImpl(  556): Dropping event due to no window focus: MotionEvent { action=ACTION_DOWN, id[0]=0, x[0]=0.0, y[0]=0.0, toolType[0]=TOOL_TYPE_UNKNOWN, buttonState=0, metaState=0, flags=0x0, edgeFlags=0x0, pointerCount=1, historySize=0, eventTime=2759183, downTime=2759181, deviceId=0, source=0x10004 }
W/ViewRootImpl(  556): Dropping event due to no window focus: KeyEvent { action=ACTION_DOWN, keyCode=KEYCODE_BUTTON_4, scanCode=0, metaState=0, flags=0x8, repeatCount=0, eventTime=2759184, downTime=2759184, deviceId=-1, source=0x101 }
W/ViewRootImpl(  556): Dropping event due to no window focus: KeyEvent { action=ACTION_DOWN, keyCode=KEYCODE_DPAD_CENTER, scanCode=0, metaState=0, flags=0x8, repeatCount=0, eventTime=2759184, downTime=2759184, deviceId=-1, source=0x101 }
W/ViewRootImpl(  556): Dropping event due to no window focus: KeyEvent { action=ACTION_DOWN, keyCode=KEYCODE_SOFT_LEFT, scanCode=0, metaState=0, flags=0x8, repeatCount=0, eventTime=2759204, downTime=2759204, deviceId=-1, source=0x101 }
V/PanelView(  556): animationTick called with dtms=0; nothing to do (h=76.50001 v=-3000.0)
W/ViewRootImpl(  556): Dropping event due to no window focus: KeyEvent { action=ACTION_DOWN, keyCode=KEYCODE_MINUS, scanCode=0, metaState=0, flags=0x8, repeatCount=0, eventTime=2759206, downTime=2759206, deviceId=-1, source=0x101 }
V/PanelView(  556): animationTick called with dtms=0; nothing to do (h=76.50001 v=-3000.0)
V/PanelView(  556): animationTick called with dtms=0; nothing to do (h=76.50001 v=-3000.0)
V/PanelView(  556): animationTick called with dtms=0; nothing to do (h=76.50001 v=-3000.0)
V/PanelView(  556): animationTick called with dtms=-11; nothing to do (h=76.50001 v=-3000.0)
W/ViewRootImpl(  556): Dropping event due to no window focus: KeyEvent { action=ACTION_DOWN, keyCode=KEYCODE_DPAD_UP, scanCode=0, metaState=0, flags=0x8, repeatCount=0, eventTime=2759209, downTime=2759209, deviceId=-1, source=0x101 }
W/ViewRootImpl(  556): Dropping event due to no window focus: KeyEvent { action=ACTION_DOWN, keyCode=KEYCODE_2, scanCode=0, metaState=0, flags=0x8, repeatCount=0, eventTime=2759211, downTime=2759211, deviceId=-1, source=0x101 }
W/InputMethodManagerService(  470): Window already focused, ignoring focus gain of: com.android.internal.view.IInputMethodClient$Stub$Proxy@4a9757b4 attribute=null, token = android.os.BinderProxy@4ab2b2c4
W/ViewRootImpl(21505): Dropping event due to no window focus: KeyEvent { action=ACTION_DOWN, keyCode=KEYCODE_Z, scanCode=0, metaState=0, flags=0x0, repeatCount=0, eventTime=2758888, downTime=2758888, deviceId=-1, source=0x101 }
W/ViewRootImpl(21505): Dropping event due to no window focus: KeyEvent { action=ACTION_MULTIPLE, keyCode=KEYCODE_DPAD_RIGHT, scanCode=0, metaState=0, flags=0x400, repeatCount=2, eventTime=2758800, downTime=2758800, deviceId=-1, source=0x101 }
W/IInputConnectionWrapper(21505): commitText on inactive InputConnection
W/IInputConnectionWrapper(21505): commitText on inactive InputConnection
W/IInputConnectionWrapper(21505): getCursorCapsMode on inactive InputConnection
V/InputMethodService(  656): onEvaluateInputViewShown: config.hardKeyboardHidden = 2
V/InputMethodService(  656): onEvaluateInputViewShown: config.hardKeyboardHidden = 2
W/ViewRootImpl(21505): Dropping event due to no window focus: KeyEvent { action=ACTION_DOWN, keyCode=KEYCODE_DPAD_RIGHT, scanCode=0, metaState=0, flags=0x400, repeatCount=0, eventTime=2758800, downTime=2758800, deviceId=-1, source=0x101 }
W/ViewRootImpl(21505): Dropping event due to no window focus: KeyEvent { action=ACTION_DOWN, keyCode=KEYCODE_DPAD_RIGHT, scanCode=0, metaState=0, flags=0x400, repeatCount=0, eventTime=2758800, downTime=2758800, deviceId=-1, source=0x101 }
W/ViewRootImpl(21505): Dropping event due to no window focus: KeyEvent { action=ACTION_DOWN, keyCode=KEYCODE_DPAD_RIGHT, scanCode=0, metaState=0, flags=0x400, repeatCount=0, eventTime=2758800, downTime=2758800, deviceId=-1, source=0x101 }
W/ViewRootImpl(21505): Dropping event due to no window focus: KeyEvent { action=ACTION_DOWN, keyCode=KEYCODE_DPAD_CENTER, scanCode=0, metaState=0, flags=0x400, repeatCount=0, eventTime=2758801, downTime=2758801, deviceId=-1, source=0x101 }
W/ContextImpl(  470): Calling a method in the system process without a qualified user: android.app.ContextImpl.sendBroadcast:1123 com.android.server.InputMethodManagerService.showCurrentInputLocked:1791 com.android.server.InputMethodManagerService.showSoftInput:1753 com.android.internal.view.IInputMethodManager$Stub.onTransact:175 com.android.server.InputMethodManagerService.onTransact:818 
W/ViewRootImpl(21505): Dropping event due to no window focus: MotionEvent { action=ACTION_MOVE, id[0]=0, x[0]=-5.0, y[0]=-1.0, toolType[0]=TOOL_TYPE_UNKNOWN, buttonState=0, metaState=0, flags=0x0, edgeFlags=0x0, pointerCount=1, historySize=9, eventTime=2758842, downTime=-1, deviceId=0, source=0x10004 }
W/IInputConnectionWrapper(21505): commitText on inactive InputConnection
V/InputMethodService(  656): onEvaluateInputViewShown: config.hardKeyboardHidden = 2
V/InputMethodService(  656): onEvaluateInputViewShown: config.hardKeyboardHidden = 2
V/InputMethodService(  656): onEvaluateInputViewShown: config.hardKeyboardHidden = 2
V/InputMethodService(  656): onEvaluateInputViewShown: config.hardKeyboardHidden = 2
W/EGL_emulation(21505): eglSurfaceAttrib not implemented 3093 12436
W/IInputConnectionWrapper(21505): getCursorCapsMode on inactive InputConnection
V/PanelView(  556): animationTick called with dtms=0; nothing to do (h=76.50001 v=-3000.0)
V/PanelView(  556): animationTick called with dtms=0; nothing to do (h=76.50001 v=-3000.0)
W/ViewRootImpl(21505): Dropping event due to no window focus: KeyEvent { action=ACTION_DOWN, keyCode=KEYCODE_SYM, scanCode=0, metaState=0, flags=0x8, repeatCount=0, eventTime=2759214, downTime=2759214, deviceId=-1, source=0x101 }
W/ContextImpl(  470): Calling a method in the system process without a qualified user: android.app.ContextImpl.sendBroadcast:1123 com.android.server.InputMethodManagerService.hideCurrentInputLocked:1880 com.android.server.InputMethodManagerService.windowGainedFocus:1968 com.android.internal.view.IInputMethodManager$Stub.onTransact:221 com.android.server.InputMethodManagerService.onTransact:818 
V/InputMethodService(  656): onEvaluateInputViewShown: config.hardKeyboardHidden = 2
V/InputMethodService(  656): onEvaluateInputViewShown: config.hardKeyboardHidden = 2
V/InputMethodService(  656): onEvaluateInputViewShown: config.hardKeyboardHidden = 2
V/InputMethodService(  656): onEvaluateInputViewShown: config.hardKeyboardHidden = 2
V/PanelView(  556): animationTick called with dtms=0; nothing to do (h=76.50001 v=-3000.0)
V/PanelView(  556): animationTick called with dtms=-4; nothing to do (h=76.50001 v=-3000.0)
I/ActivityManager(  470): START u0 {act=android.settings.SETTINGS flg=0x14000000 cmp=com.android.settings/.Settings} from pid 556
I/CastMirroringProvider(  746): onDiscoveryModeChanged, mode=0
I/CastMirroringProvider(  746): onDiscoveryModeChanged removing all remote displays
I/DiscoveryManager(  746): Filter criteria(null) scannerFlags(0)
W/IInputConnectionWrapper(21505): getCursorCapsMode on inactive InputConnection
V/InputMethodService(  656): onEvaluateInputViewShown: config.hardKeyboardHidden = 2
V/InputMethodService(  656): onEvaluateInputViewShown: config.hardKeyboardHidden = 2
V/InputMethodService(  656): onEvaluateInputViewShown: config.hardKeyboardHidden = 2
V/InputMethodService(  656): onEvaluateInputViewShown: config.hardKeyboardHidden = 2
V/InputMethodService(  656): onEvaluateInputViewShown: config.hardKeyboardHidden = 2
V/InputMethodService(  656): onEvaluateInputViewShown: config.hardKeyboardHidden = 2
D/dalvikvm(  656): GC_FOR_ALLOC freed 861K, 29% free 3174K/4416K, paused 6ms, total 6ms
I/dalvikvm-heap(  656): Grow heap (frag case) to 3.990MB for 869772-byte allocation
D/dalvikvm(  656): GC_CONCURRENT freed <1K, 9% free 4023K/4416K, paused 1ms+0ms, total 4ms
W/EGL_emulation(  556): eglSurfaceAttrib not implemented 3093 12436
I/ActivityManager(  470): START u0 {cmp=com.ecovacs.ecosphere.intl/com.ecovacs.ecosphere.ui.ZhwRegistered} from pid 21505
D/dalvikvm(21505): GC_CONCURRENT freed 358K, 6% free 6777K/7200K, paused 1ms+1ms, total 5ms
W/EGL_emulation(21505): eglSurfaceAttrib not implemented 3093 12436
W/ViewRootImpl(21505): Dropping event due to no window focus: KeyEvent { action=ACTION_DOWN, keyCode=KEYCODE_PROG_GREEN, scanCode=0, metaState=0, flags=0x8, repeatCount=0, eventTime=2759896, downTime=2759896, deviceId=-1, source=0x101 }
W/ViewRootImpl(21505): Dropping event due to no window focus: KeyEvent { action=ACTION_DOWN, keyCode=KEYCODE_DPAD_UP, scanCode=0, metaState=0, flags=0x8, repeatCount=0, eventTime=2759981, downTime=2759981, deviceId=-1, source=0x101 }
W/ViewRootImpl(21505): Dropping event due to no window focus: KeyEvent { action=ACTION_DOWN, keyCode=KEYCODE_DPAD_CENTER, scanCode=0, metaState=0, flags=0x8, repeatCount=0, eventTime=2759981, downTime=2759981, deviceId=-1, source=0x101 }
W/ViewRootImpl(21505): Dropping event due to no window focus: KeyEvent { action=ACTION_DOWN, keyCode=KEYCODE_MENU, scanCode=0, metaState=0, flags=0x8, repeatCount=0, eventTime=2759982, downTime=2759982, deviceId=-1, source=0x101 }
W/WindowManager(  470): updateFocusedWindowLocked, focusedAppToken is null.
W/ViewRootImpl(  556): Dropping event due to no window focus: KeyEvent { action=ACTION_DOWN, keyCode=KEYCODE_DPAD_UP, scanCode=0, metaState=0, flags=0x8, repeatCount=0, eventTime=2759992, downTime=2759992, deviceId=-1, source=0x101 }
W/ViewRootImpl(  556): Dropping event due to no window focus: KeyEvent { action=ACTION_DOWN, keyCode=KEYCODE_MENU, scanCode=0, metaState=0, flags=0x8, repeatCount=0, eventTime=2759998, downTime=2759998, deviceId=-1, source=0x101 }
W/ViewRootImpl(  556): Dropping event due to no window focus: KeyEvent { action=ACTION_DOWN, keyCode=KEYCODE_5, scanCode=0, metaState=0, flags=0x8, repeatCount=0, eventTime=2759999, downTime=2759999, deviceId=-1, source=0x101 }
I/ActivityManager(  470): Displayed com.ecovacs.ecosphere.intl/com.ecovacs.ecosphere.ui.ZhwRegistered: +121ms
W/ContextImpl(  470): Calling a method in the system process without a qualified user: android.app.ContextImpl.sendBroadcast:1123 com.android.server.InputMethodManagerService.hideCurrentInputLocked:1880 com.android.server.InputMethodManagerService.windowGainedFocus:1968 com.android.internal.view.IInputMethodManager$Stub.onTransact:221 com.android.server.InputMethodManagerService.onTransact:818 
W/InputMethodManagerService(  470): Focus gain on non-focused client com.android.internal.view.IInputMethodClient$Stub$Proxy@4aa639e4 (uid=10079 pid=21505)
W/BackupManagerService(  470): dataChanged but no participant pkg='com.android.providers.settings' uid=10010
W/BackupManagerService(  470): dataChanged but no participant pkg='com.android.providers.settings' uid=10010
W/InputMethodManagerService(  470): Starting input on non-focused client com.android.internal.view.IInputMethodClient$Stub$Proxy@4aa639e4 (uid=10079 pid=21505)
I/ActivityManager(  470): START u0 {cmp=com.ecovacs.ecosphere.intl/com.ecovacs.ecosphere.ui.CountrySelectActivity} from pid 21505
W/InputEventReceiver(  556): Attempted to finish an input event but the input event receiver has already been disposed.
W/InputEventReceiver(  556): Attempted to finish an input event but the input event receiver has already been disposed.
W/InputEventReceiver(  556): Attempted to finish an input event but the input event receiver has already been disposed.
W/InputEventReceiver(  556): Attempted to finish an input event but the input event receiver has already been disposed.
W/InputEventReceiver(  556): Attempted to finish an input event but the input event receiver has already been disposed.
W/ViewRootImpl(  556): Dropping event due to root view being removed: MotionEvent { action=ACTION_UP, id[0]=0, x[0]=38.643276, y[0]=-138.91043, toolType[0]=TOOL_TYPE_UNKNOWN, buttonState=0, metaState=0, flags=0x0, edgeFlags=0x0, pointerCount=1, historySize=0, eventTime=2760074, downTime=2760073, deviceId=0, source=0x1002 }
W/ViewRootImpl(  556): Dropping event due to root view being removed: MotionEvent { action=ACTION_DOWN, id[0]=0, x[0]=411.0, y[0]=685.0, toolType[0]=TOOL_TYPE_UNKNOWN, buttonState=0, metaState=0, flags=0x0, edgeFlags=0x0, pointerCount=1, historySize=0, eventTime=2760074, downTime=2760074, deviceId=0, source=0x1002 }
W/ViewRootImpl(  556): Dropping event due to root view being removed: MotionEvent { action=ACTION_UP, id[0]=0, x[0]=414.12823, y[0]=675.396, toolType[0]=TOOL_TYPE_UNKNOWN, buttonState=0, metaState=0, flags=0x0, edgeFlags=0x0, pointerCount=1, historySize=0, eventTime=2760074, downTime=2760074, deviceId=0, source=0x1002 }
W/ViewRootImpl(  556): Dropping event due to root view being removed: KeyEvent { action=ACTION_UP, keyCode=KEYCODE_DPAD_UP, scanCode=0, metaState=0, flags=0x8, repeatCount=0, eventTime=2760068, downTime=2760068, deviceId=-1, source=0x101 }
D/dalvikvm(21505): GC_CONCURRENT freed 1026K, 14% free 6944K/8036K, paused 1ms+1ms, total 4ms
D/dalvikvm(21505): GC_FOR_ALLOC freed 1234K, 18% free 6920K/8372K, paused 4ms, total 4ms
D/dalvikvm(21505): GC_FOR_ALLOC freed 1187K, 18% free 6920K/8372K, paused 3ms, total 3ms
D/dalvikvm(21505): GC_FOR_ALLOC freed 1168K, 18% free 6928K/8372K, paused 3ms, total 3ms
D/dalvikvm(21505): GC_FOR_ALLOC freed 1157K, 18% free 6925K/8372K, paused 3ms, total 3ms
D/dalvikvm(21505): GC_FOR_ALLOC freed 1167K, 18% free 6928K/8372K, paused 2ms, total 2ms
D/dalvikvm(21505): GC_FOR_ALLOC freed 1176K, 18% free 6916K/8372K, paused 3ms, total 3ms
D/dalvikvm(21505): GC_FOR_ALLOC freed 1167K, 18% free 6932K/8372K, paused 2ms, total 2ms
D/dalvikvm(21505): GC_FOR_ALLOC freed 1148K, 18% free 6941K/8372K, paused 7ms, total 7ms
D/dalvikvm(21505): GC_FOR_ALLOC freed 1124K, 18% free 6935K/8372K, paused 7ms, total 7ms
D/dalvikvm(21505): GC_FOR_ALLOC freed 1138K, 18% free 6919K/8372K, paused 3ms, total 3ms
D/dalvikvm(21505): GC_FOR_ALLOC freed 1127K, 18% free 6938K/8372K, paused 3ms, total 3ms
D/dalvikvm(21505): GC_FOR_ALLOC freed 1128K, 17% free 6949K/8372K, paused 3ms, total 3ms
D/dalvikvm(21505): GC_FOR_ALLOC freed 1084K, 17% free 6951K/8372K, paused 5ms, total 5ms
D/dalvikvm(21505): GC_FOR_ALLOC freed 1051K, 17% free 6953K/8372K, paused 2ms, total 2ms
D/dalvikvm(21505): GC_FOR_ALLOC freed 1064K, 18% free 6944K/8372K, paused 3ms, total 3ms
D/dalvikvm(21505): GC_FOR_ALLOC freed 1118K, 18% free 6924K/8372K, paused 4ms, total 4ms
D/dalvikvm(21505): GC_FOR_ALLOC freed 1073K, 18% free 6946K/8372K, paused 4ms, total 4ms
D/dalvikvm(21505): GC_FOR_ALLOC freed 1103K, 18% free 6925K/8372K, paused 2ms, total 2ms
D/dalvikvm(21505): GC_FOR_ALLOC freed 1050K, 17% free 6948K/8372K, paused 3ms, total 3ms
D/dalvikvm(21505): GC_FOR_ALLOC freed 1074K, 18% free 6926K/8372K, paused 3ms, total 3ms
D/dalvikvm(21505): GC_FOR_ALLOC freed 1100K, 18% free 6926K/8372K, paused 4ms, total 4ms
D/dalvikvm(21505): GC_FOR_ALLOC freed 1063K, 17% free 6964K/8372K, paused 3ms, total 3ms
D/dalvikvm(21505): GC_FOR_ALLOC freed 1123K, 18% free 6927K/8400K, paused 2ms, total 2ms
D/dalvikvm(21505): GC_FOR_ALLOC freed 1082K, 18% free 6954K/8400K, paused 2ms, total 2ms
D/dalvikvm(21505): GC_FOR_ALLOC freed 1103K, 18% free 6955K/8400K, paused 4ms, total 4ms
D/dalvikvm(21505): GC_FOR_ALLOC freed 1125K, 18% free 6929K/8400K, paused 3ms, total 3ms
D/dalvikvm(21505): GC_FOR_ALLOC freed 1076K, 18% free 6971K/8400K, paused 3ms, total 3ms
D/dalvikvm(21505): GC_FOR_ALLOC freed 1068K, 17% free 6972K/8400K, paused 3ms, total 3ms
D/dalvikvm(21505): GC_FOR_ALLOC freed 1056K, 18% free 6959K/8400K, paused 3ms, total 3ms
D/dalvikvm(21505): GC_FOR_ALLOC freed 1102K, 18% free 6931K/8400K, paused 3ms, total 3ms
D/dalvikvm(21505): GC_FOR_ALLOC freed 1048K, 17% free 6975K/8400K, paused 3ms, total 3ms
D/dalvikvm(21505): GC_FOR_ALLOC freed 1033K, 17% free 6976K/8400K, paused 3ms, total 3ms
D/dalvikvm(21505): GC_FOR_ALLOC freed 1017K, 18% free 6962K/8400K, paused 2ms, total 3ms
D/dalvikvm(21505): GC_FOR_ALLOC freed 1062K, 18% free 6963K/8400K, paused 3ms, total 3ms
D/dalvikvm(21505): GC_FOR_ALLOC freed 1077K, 18% free 6964K/8400K, paused 3ms, total 3ms
D/dalvikvm(21505): GC_FOR_ALLOC freed 1092K, 18% free 6933K/8400K, paused 3ms, total 3ms
D/dalvikvm(21505): GC_FOR_ALLOC freed 1106K, 18% free 6934K/8400K, paused 3ms, total 3ms
D/dalvikvm(21505): GC_FOR_ALLOC freed 1009K, 18% free 6966K/8400K, paused 3ms, total 3ms
D/dalvikvm(21505): GC_FOR_ALLOC freed 1020K, 18% free 6967K/8400K, paused 3ms, total 3ms
D/dalvikvm(21505): GC_FOR_ALLOC freed 1032K, 18% free 6968K/8400K, paused 4ms, total 4ms
D/dalvikvm(21505): GC_FOR_ALLOC freed 1044K, 18% free 6968K/8400K, paused 2ms, total 2ms
D/dalvikvm(21505): GC_FOR_ALLOC freed 1056K, 18% free 6936K/8400K, paused 3ms, total 3ms
D/dalvikvm(21505): GC_FOR_ALLOC freed 1068K, 18% free 6936K/8400K, paused 3ms, total 3ms
D/dalvikvm(21505): GC_FOR_ALLOC freed 994K, 17% free 6988K/8400K, paused 4ms, total 4ms
D/dalvikvm(21505): GC_FOR_ALLOC freed 1057K, 18% free 6971K/8436K, paused 4ms, total 4ms
D/dalvikvm(21505): GC_FOR_ALLOC freed 1103K, 18% free 6937K/8436K, paused 2ms, total 2ms
D/dalvikvm(21505): GC_FOR_ALLOC freed 1115K, 18% free 6938K/8436K, paused 3ms, total 3ms
D/dalvikvm(21505): GC_FOR_ALLOC freed 1037K, 18% free 6992K/8436K, paused 3ms, total 3ms
D/dalvikvm(21505): GC_FOR_ALLOC freed 1011K, 18% free 6993K/8436K, paused 3ms, total 3ms
D/dalvikvm(21505): GC_FOR_ALLOC freed 1020K, 18% free 6993K/8436K, paused 4ms, total 4ms
D/dalvikvm(21505): GC_FOR_ALLOC freed 1030K, 18% free 6994K/8436K, paused 4ms, total 4ms
D/dalvikvm(21505): GC_FOR_ALLOC freed 1039K, 18% free 6995K/8436K, paused 3ms, total 3ms
D/dalvikvm(21505): GC_FOR_ALLOC freed 1011K, 18% free 6977K/8436K, paused 4ms, total 4ms
D/dalvikvm(21505): GC_FOR_ALLOC freed 1058K, 18% free 6978K/8436K, paused 3ms, total 3ms
D/dalvikvm(21505): GC_FOR_ALLOC freed 1067K, 18% free 6940K/8436K, paused 2ms, total 2ms
D/dalvikvm(21505): GC_FOR_ALLOC freed 1077K, 18% free 6979K/8436K, paused 3ms, total 3ms
D/dalvikvm(21505): GC_FOR_ALLOC freed 1087K, 18% free 6980K/8436K, paused 3ms, total 3ms
D/dalvikvm(21505): GC_FOR_ALLOC freed 1096K, 18% free 6941K/8436K, paused 3ms, total 3ms
D/dalvikvm(21505): GC_FOR_ALLOC freed 1106K, 18% free 6942K/8436K, paused 3ms, total 3ms
D/dalvikvm(21505): GC_FOR_ALLOC freed 1116K, 18% free 6942K/8436K, paused 3ms, total 3ms
D/dalvikvm(21505): GC_FOR_ALLOC freed 1125K, 18% free 6942K/8436K, paused 2ms, total 2ms
D/dalvikvm(21505): GC_FOR_ALLOC freed 1033K, 17% free 7004K/8436K, paused 9ms, total 9ms
D/dalvikvm(21505): GC_FOR_ALLOC freed 1000K, 17% free 7004K/8436K, paused 2ms, total 2ms
D/dalvikvm(21505): GC_FOR_ALLOC freed 1007K, 17% free 7005K/8436K, paused 2ms, total 2ms
D/dalvikvm(21505): GC_FOR_ALLOC freed 1014K, 17% free 7006K/8436K, paused 3ms, total 3ms
D/dalvikvm(21505): GC_FOR_ALLOC freed 980K, 18% free 6986K/8436K, paused 2ms, total 2ms
D/dalvikvm(21505): GC_FOR_ALLOC freed 1029K, 18% free 6986K/8436K, paused 3ms, total 3ms
D/dalvikvm(21505): GC_FOR_ALLOC freed 1036K, 18% free 6987K/8436K, paused 3ms, total 3ms
D/dalvikvm(21505): GC_FOR_ALLOC freed 1043K, 18% free 6987K/8436K, paused 2ms, total 2ms
D/dalvikvm(21505): GC_FOR_ALLOC freed 1051K, 18% free 6988K/8436K, paused 3ms, total 3ms
D/dalvikvm(21505): GC_FOR_ALLOC freed 1058K, 18% free 6989K/8436K, paused 3ms, total 3ms
D/dalvikvm(21505): GC_FOR_ALLOC freed 1065K, 18% free 6946K/8436K, paused 4ms, total 4ms
D/dalvikvm(21505): GC_FOR_ALLOC freed 1072K, 18% free 6946K/8436K, paused 3ms, total 3ms
D/dalvikvm(21505): GC_FOR_ALLOC freed 1080K, 18% free 6946K/8436K, paused 2ms, total 2ms
D/dalvikvm(21505): GC_FOR_ALLOC freed 1087K, 18% free 6946K/8436K, paused 2ms, total 2ms
D/dalvikvm(21505): GC_FOR_ALLOC freed 1094K, 18% free 6947K/8436K, paused 5ms, total 5ms
D/dalvikvm(21505): GC_FOR_ALLOC freed 1102K, 18% free 6947K/8436K, paused 3ms, total 3ms
D/dalvikvm(21505): GC_FOR_ALLOC freed 1110K, 18% free 6947K/8436K, paused 2ms, total 2ms
D/dalvikvm(21505): GC_FOR_ALLOC freed 1003K, 17% free 7016K/8436K, paused 2ms, total 2ms
D/dalvikvm(21505): GC_FOR_ALLOC freed 962K, 17% free 7017K/8436K, paused 4ms, total 4ms
D/dalvikvm(21505): GC_FOR_ALLOC freed 968K, 17% free 7017K/8436K, paused 3ms, total 3ms
D/dalvikvm(21505): GC_FOR_ALLOC freed 973K, 17% free 7018K/8436K, paused 2ms, total 2ms
D/dalvikvm(21505): GC_FOR_ALLOC freed 979K, 17% free 7019K/8436K, paused 3ms, total 3ms
D/dalvikvm(21505): GC_FOR_ALLOC freed 984K, 17% free 7019K/8436K, paused 3ms, total 3ms
D/dalvikvm(21505): GC_FOR_ALLOC freed 989K, 17% free 7020K/8436K, paused 5ms, total 5ms
D/dalvikvm(21505): GC_FOR_ALLOC freed 994K, 17% free 7021K/8436K, paused 3ms, total 3ms
D/dalvikvm(21505): GC_FOR_ALLOC freed 952K, 18% free 6997K/8436K, paused 2ms, total 2ms
D/dalvikvm(21505): GC_FOR_ALLOC freed 1005K, 18% free 6998K/8436K, paused 3ms, total 3ms
D/dalvikvm(21505): GC_FOR_ALLOC freed 1010K, 18% free 6998K/8436K, paused 3ms, total 3ms
D/dalvikvm(21505): GC_FOR_ALLOC freed 1016K, 18% free 6999K/8436K, paused 5ms, total 5ms
D/dalvikvm(21505): GC_FOR_ALLOC freed 1022K, 18% free 6999K/8436K, paused 3ms, total 3ms
D/dalvikvm(21505): GC_FOR_ALLOC freed 1027K, 18% free 7000K/8436K, paused 3ms, total 3ms
D/dalvikvm(21505): GC_FOR_ALLOC freed 1032K, 18% free 6951K/8436K, paused 3ms, total 3ms
D/dalvikvm(21505): GC_FOR_ALLOC freed 1037K, 18% free 7001K/8436K, paused 5ms, total 5ms
D/dalvikvm(21505): GC_FOR_ALLOC freed 1043K, 18% free 7001K/8436K, paused 2ms, total 2ms
D/dalvikvm(21505): GC_FOR_ALLOC freed 1048K, 17% free 7002K/8436K, paused 2ms, total 2ms
D/dalvikvm(21505): GC_FOR_ALLOC freed 1053K, 18% free 6952K/8436K, paused 2ms, total 2ms
D/dalvikvm(21505): GC_FOR_ALLOC freed 1059K, 18% free 6952K/8436K, paused 3ms, total 3ms
D/dalvikvm(21505): GC_FOR_ALLOC freed 1064K, 18% free 6953K/8436K, paused 4ms, total 4ms
D/dalvikvm(21505): GC_FOR_ALLOC freed 1069K, 18% free 6953K/8436K, paused 3ms, total 3ms
D/dalvikvm(21505): GC_FOR_ALLOC freed 1074K, 18% free 6953K/8436K, paused 4ms, total 4ms
D/dalvikvm(21505): GC_FOR_ALLOC freed 1079K, 18% free 6953K/8436K, paused 3ms, total 3ms
D/dalvikvm(21505): GC_FOR_ALLOC freed 1085K, 18% free 6954K/8436K, paused 3ms, total 3ms
D/dalvikvm(21505): GC_FOR_ALLOC freed 960K, 17% free 7032K/8436K, paused 3ms, total 3ms
D/dalvikvm(21505): GC_FOR_ALLOC freed 1042K, 19% free 6954K/8492K, paused 3ms, total 3ms
D/dalvikvm(21505): GC_FOR_ALLOC freed 1100K, 19% free 6954K/8492K, paused 3ms, total 3ms
D/dalvikvm(21505): GC_FOR_ALLOC freed 1105K, 18% free 7007K/8492K, paused 4ms, total 4ms
D/dalvikvm(21505): GC_FOR_ALLOC freed 1110K, 19% free 6955K/8492K, paused 2ms, total 2ms
D/dalvikvm(21505): GC_FOR_ALLOC freed 1115K, 19% free 6955K/8492K, paused 2ms, total 2ms
D/dalvikvm(21505): GC_FOR_ALLOC freed 1121K, 19% free 6955K/8492K, paused 2ms, total 2ms
D/dalvikvm(21505): GC_FOR_ALLOC freed 1126K, 19% free 6956K/8492K, paused 2ms, total 2ms
D/dalvikvm(21505): GC_FOR_ALLOC freed 997K, 18% free 7037K/8492K, paused 3ms, total 3ms
D/dalvikvm(21505): GC_FOR_ALLOC freed 947K, 18% free 7037K/8492K, paused 4ms, total 4ms
D/dalvikvm(21505): GC_FOR_ALLOC freed 1086K, 19% free 6956K/8492K, paused 3ms, total 3ms
D/dalvikvm(21505): GC_FOR_ALLOC freed 1146K, 19% free 6957K/8492K, paused 2ms, total 2ms
D/dalvikvm(21505): GC_FOR_ALLOC freed 1152K, 19% free 6957K/8492K, paused 2ms, total 2ms
D/dalvikvm(21505): GC_FOR_ALLOC freed 1019K, 18% free 7040K/8492K, paused 3ms, total 3ms
D/dalvikvm(21505): GC_FOR_ALLOC freed 967K, 18% free 7040K/8492K, paused 3ms, total 3ms
D/dalvikvm(21505): GC_FOR_ALLOC freed 971K, 18% free 7041K/8492K, paused 4ms, total 4ms
D/dalvikvm(21505): GC_FOR_ALLOC freed 975K, 18% free 7041K/8492K, paused 2ms, total 2ms
D/dalvikvm(21505): GC_FOR_ALLOC freed 979K, 18% free 7042K/8492K, paused 2ms, total 2ms
D/dalvikvm(21505): GC_FOR_ALLOC freed 983K, 18% free 7042K/8492K, paused 3ms, total 3ms
D/dalvikvm(21505): GC_FOR_ALLOC freed 986K, 18% free 7043K/8492K, paused 3ms, total 3ms
D/dalvikvm(21505): GC_FOR_ALLOC freed 990K, 18% free 7043K/8492K, paused 3ms, total 3ms
D/dalvikvm(21505): GC_FOR_ALLOC freed 994K, 18% free 7044K/8492K, paused 2ms, total 2ms
D/dalvikvm(21505): GC_FOR_ALLOC freed 998K, 18% free 7045K/8492K, paused 3ms, total 3ms
D/dalvikvm(21505): GC_FOR_ALLOC freed 1002K, 18% free 7045K/8492K, paused 3ms, total 3ms
D/dalvikvm(21505): GC_FOR_ALLOC freed 1005K, 18% free 7046K/8492K, paused 3ms, total 3ms
D/dalvikvm(21505): GC_FOR_ALLOC freed 951K, 18% free 7017K/8492K, paused 3ms, total 3ms
D/dalvikvm(21505): GC_FOR_ALLOC freed 1013K, 18% free 7018K/8492K, paused 2ms, total 2ms
D/dalvikvm(21505): GC_FOR_ALLOC freed 1016K, 18% free 7018K/8492K, paused 3ms, total 3ms
D/dalvikvm(21505): GC_FOR_ALLOC freed 1020K, 18% free 7019K/8492K, paused 3ms, total 3ms
D/dalvikvm(21505): GC_FOR_ALLOC freed 1024K, 18% free 7019K/8492K, paused 3ms, total 3ms
D/dalvikvm(21505): GC_FOR_ALLOC freed 1027K, 18% free 7020K/8492K, paused 3ms, total 3ms
D/dalvikvm(21505): GC_FOR_ALLOC freed 1032K, 18% free 7020K/8492K, paused 4ms, total 4ms
D/dalvikvm(21505): GC_FOR_ALLOC freed 1036K, 18% free 7021K/8492K, paused 3ms, total 3ms
D/dalvikvm(21505): GC_FOR_ALLOC freed 1040K, 18% free 7021K/8492K, paused 4ms, total 4ms
D/dalvikvm(21505): GC_FOR_ALLOC freed 1044K, 18% free 7021K/8492K, paused 3ms, total 3ms
D/dalvikvm(21505): GC_FOR_ALLOC freed 1047K, 18% free 7022K/8492K, paused 3ms, total 3ms
D/dalvikvm(21505): GC_FOR_ALLOC freed 1052K, 19% free 6962K/8492K, paused 3ms, total 3ms
D/dalvikvm(21505): GC_FOR_ALLOC freed 1056K, 18% free 7023K/8492K, paused 2ms, total 2ms
D/dalvikvm(21505): GC_FOR_ALLOC freed 1059K, 18% free 7023K/8492K, paused 2ms, total 2ms
D/dalvikvm(21505): GC_FOR_ALLOC freed 1064K, 18% free 7024K/8492K, paused 4ms, total 4ms
D/dalvikvm(21505): GC_FOR_ALLOC freed 1067K, 18% free 6963K/8492K, paused 3ms, total 3ms
D/dalvikvm(21505): GC_FOR_ALLOC freed 1070K, 18% free 7024K/8492K, paused 4ms, total 4ms
D/dalvikvm(21505): GC_FOR_ALLOC freed 1075K, 18% free 7025K/8492K, paused 3ms, total 3ms
D/dalvikvm(21505): GC_FOR_ALLOC freed 1078K, 18% free 7025K/8492K, paused 2ms, total 2ms
D/dalvikvm(21505): GC_FOR_ALLOC freed 1082K, 18% free 6964K/8492K, paused 4ms, total 4ms
D/dalvikvm(21505): GC_FOR_ALLOC freed 1086K, 18% free 6964K/8492K, paused 2ms, total 2ms
D/dalvikvm(21505): GC_FOR_ALLOC freed 1089K, 18% free 6964K/8492K, paused 3ms, total 3ms
D/dalvikvm(21505): GC_FOR_ALLOC freed 1093K, 18% free 6964K/8492K, paused 4ms, total 4ms
D/dalvikvm(21505): GC_FOR_ALLOC freed 1097K, 18% free 6965K/8492K, paused 3ms, total 3ms
D/dalvikvm(21505): GC_FOR_ALLOC freed 1101K, 18% free 6965K/8492K, paused 3ms, total 3ms
D/dalvikvm(21505): GC_FOR_ALLOC freed 1105K, 18% free 6965K/8492K, paused 3ms, total 3ms
D/dalvikvm(21505): GC_FOR_ALLOC freed 1108K, 18% free 6965K/8492K, paused 3ms, total 3ms
D/dalvikvm(21505): GC_FOR_ALLOC freed 1112K, 18% free 6966K/8492K, paused 2ms, total 2ms
D/dalvikvm(21505): GC_FOR_ALLOC freed 1116K, 18% free 6966K/8492K, paused 3ms, total 3ms
D/dalvikvm(21505): GC_FOR_ALLOC freed 959K, 17% free 7062K/8492K, paused 3ms, total 3ms
D/dalvikvm(21505): GC_FOR_ALLOC freed 898K, 17% free 7062K/8492K, paused 3ms, total 3ms
D/dalvikvm(21505): GC_FOR_ALLOC freed 1061K, 18% free 6966K/8492K, paused 3ms, total 3ms
D/dalvikvm(21505): GC_FOR_ALLOC freed 1129K, 18% free 6966K/8492K, paused 3ms, total 3ms
D/dalvikvm(21505): GC_FOR_ALLOC freed 1133K, 18% free 6967K/8492K, paused 3ms, total 3ms
D/dalvikvm(21505): GC_FOR_ALLOC freed 973K, 17% free 7064K/8492K, paused 3ms, total 3ms
D/dalvikvm(21505): GC_FOR_ALLOC freed 912K, 17% free 7065K/8492K, paused 4ms, total 4ms
D/dalvikvm(21505): GC_FOR_ALLOC freed 913K, 17% free 7065K/8492K, paused 2ms, total 2ms
D/dalvikvm(21505): GC_FOR_ALLOC freed 916K, 17% free 7066K/8492K, paused 2ms, total 2ms
D/dalvikvm(21505): GC_FOR_ALLOC freed 918K, 17% free 7066K/8492K, paused 4ms, total 4ms
D/dalvikvm(21505): GC_FOR_ALLOC freed 921K, 17% free 7067K/8492K, paused 3ms, total 3ms
D/dalvikvm(21505): GC_FOR_ALLOC freed 923K, 17% free 7067K/8492K, paused 3ms, total 3ms
D/dalvikvm(21505): GC_FOR_ALLOC freed 926K, 17% free 7067K/8492K, paused 3ms, total 3ms
D/dalvikvm(21505): GC_FOR_ALLOC freed 928K, 17% free 7068K/8492K, paused 2ms, total 2ms
D/dalvikvm(21505): GC_FOR_ALLOC freed 931K, 17% free 7068K/8492K, paused 2ms, total 2ms
D/dalvikvm(21505): GC_FOR_ALLOC freed 932K, 17% free 7069K/8492K, paused 2ms, total 2ms
D/dalvikvm(21505): GC_FOR_ALLOC freed 935K, 17% free 7069K/8492K, paused 3ms, total 3ms
D/dalvikvm(21505): GC_FOR_ALLOC freed 937K, 17% free 7070K/8492K, paused 2ms, total 2ms
D/dalvikvm(21505): GC_FOR_ALLOC freed 941K, 17% free 7070K/8492K, paused 3ms, total 3ms
D/dalvikvm(21505): GC_FOR_ALLOC freed 942K, 17% free 7070K/8492K, paused 2ms, total 2ms
D/dalvikvm(21505): GC_FOR_ALLOC freed 945K, 17% free 7071K/8492K, paused 2ms, total 2ms
D/dalvikvm(21505): GC_FOR_ALLOC freed 947K, 17% free 7071K/8492K, paused 2ms, total 2ms
D/dalvikvm(21505): GC_FOR_ALLOC freed 950K, 17% free 7072K/8492K, paused 3ms, total 3ms
D/dalvikvm(21505): GC_FOR_ALLOC freed 952K, 17% free 7072K/8492K, paused 2ms, total 2ms
D/dalvikvm(21505): GC_FOR_ALLOC freed 955K, 17% free 7073K/8492K, paused 3ms, total 3ms
D/dalvikvm(21505): GC_FOR_ALLOC freed 957K, 17% free 7073K/8492K, paused 3ms, total 3ms
D/dalvikvm(21505): GC_FOR_ALLOC freed 960K, 17% free 7073K/8492K, paused 2ms, total 2ms
D/dalvikvm(21505): GC_FOR_ALLOC freed 893K, 18% free 7040K/8492K, paused 3ms, total 3ms
D/dalvikvm(21505): GC_FOR_ALLOC freed 965K, 18% free 7040K/8492K, paused 2ms, total 2ms
D/dalvikvm(21505): GC_FOR_ALLOC freed 966K, 18% free 7040K/8492K, paused 3ms, total 3ms
D/dalvikvm(21505): GC_FOR_ALLOC freed 969K, 18% free 7040K/8492K, paused 3ms, total 3ms
D/dalvikvm(21505): GC_FOR_ALLOC freed 971K, 18% free 7041K/8492K, paused 2ms, total 2ms
D/dalvikvm(21505): GC_FOR_ALLOC freed 974K, 18% free 7041K/8492K, paused 3ms, total 3ms
D/dalvikvm(21505): GC_FOR_ALLOC freed 976K, 18% free 7042K/8492K, paused 2ms, total 2ms
D/dalvikvm(21505): GC_FOR_ALLOC freed 978K, 18% free 7042K/8492K, paused 3ms, total 3ms
D/dalvikvm(21505): GC_FOR_ALLOC freed 981K, 18% free 7042K/8492K, paused 3ms, total 3ms
D/dalvikvm(21505): GC_FOR_ALLOC freed 984K, 18% free 7042K/8492K, paused 3ms, total 3ms
D/dalvikvm(21505): GC_FOR_ALLOC freed 986K, 18% free 7043K/8492K, paused 3ms, total 3ms
D/dalvikvm(21505): GC_FOR_ALLOC freed 988K, 18% free 7043K/8492K, paused 3ms, total 3ms
D/dalvikvm(21505): GC_FOR_ALLOC freed 990K, 18% free 7044K/8492K, paused 2ms, total 2ms
D/dalvikvm(21505): GC_FOR_ALLOC freed 993K, 18% free 6973K/8492K, paused 2ms, total 2ms
D/dalvikvm(21505): GC_FOR_ALLOC freed 995K, 18% free 7044K/8492K, paused 2ms, total 2ms
D/dalvikvm(21505): GC_FOR_ALLOC freed 998K, 18% free 7045K/8492K, paused 2ms, total 2ms
D/dalvikvm(21505): GC_FOR_ALLOC freed 1001K, 18% free 7045K/8492K, paused 3ms, total 3ms
D/dalvikvm(21505): GC_FOR_ALLOC freed 1003K, 18% free 6974K/8492K, paused 3ms, total 3ms
D/dalvikvm(21505): GC_FOR_ALLOC freed 1006K, 18% free 7046K/8492K, paused 2ms, total 2ms
D/dalvikvm(21505): GC_FOR_ALLOC freed 1007K, 18% free 7046K/8492K, paused 2ms, total 2ms
D/dalvikvm(21505): GC_FOR_ALLOC freed 1010K, 18% free 7046K/8492K, paused 3ms, total 3ms
D/dalvikvm(21505): GC_FOR_ALLOC freed 1012K, 18% free 6974K/8492K, paused 4ms, total 4ms
D/dalvikvm(21505): GC_FOR_ALLOC freed 1015K, 18% free 7047K/8492K, paused 2ms, total 2ms
D/dalvikvm(21505): GC_FOR_ALLOC freed 1017K, 18% free 7047K/8492K, paused 2ms, total 2ms
D/dalvikvm(21505): GC_FOR_ALLOC freed 1020K, 18% free 7048K/8492K, paused 3ms, total 3ms
D/dalvikvm(21505): GC_FOR_ALLOC freed 1022K, 18% free 6975K/8492K, paused 2ms, total 2ms
D/dalvikvm(21505): GC_FOR_ALLOC freed 1025K, 17% free 7048K/8492K, paused 2ms, total 2ms
D/dalvikvm(21505): GC_FOR_ALLOC freed 1027K, 17% free 7049K/8492K, paused 3ms, total 3ms
D/dalvikvm(21505): GC_FOR_ALLOC freed 1030K, 17% free 7049K/8492K, paused 4ms, total 4ms
D/dalvikvm(21505): GC_FOR_ALLOC freed 1032K, 18% free 6976K/8492K, paused 2ms, total 2ms
D/dalvikvm(21505): GC_FOR_ALLOC freed 1035K, 17% free 7050K/8492K, paused 3ms, total 3ms
D/dalvikvm(21505): GC_FOR_ALLOC freed 1037K, 17% free 7050K/8492K, paused 4ms, total 4ms
D/dalvikvm(21505): GC_FOR_ALLOC freed 1040K, 17% free 7051K/8492K, paused 3ms, total 3ms
D/dalvikvm(21505): GC_FOR_ALLOC freed 1042K, 18% free 6976K/8492K, paused 3ms, total 3ms
D/dalvikvm(21505): GC_FOR_ALLOC freed 1045K, 17% free 7051K/8492K, paused 2ms, total 2ms
D/dalvikvm(21505): GC_FOR_ALLOC freed 1047K, 17% free 7052K/8492K, paused 4ms, total 4ms
D/dalvikvm(21505): GC_FOR_ALLOC freed 1049K, 18% free 6977K/8492K, paused 2ms, total 2ms
D/dalvikvm(21505): GC_FOR_ALLOC freed 1052K, 18% free 6977K/8492K, paused 2ms, total 2ms
D/dalvikvm(21505): GC_FOR_ALLOC freed 1054K, 18% free 6977K/8492K, paused 3ms, total 3ms
D/dalvikvm(21505): GC_FOR_ALLOC freed 1056K, 18% free 6977K/8492K, paused 2ms, total 2ms
D/dalvikvm(21505): GC_FOR_ALLOC freed 1059K, 18% free 6978K/8492K, paused 2ms, total 2ms
D/dalvikvm(21505): GC_FOR_ALLOC freed 1062K, 18% free 6978K/8492K, paused 3ms, total 3ms
D/dalvikvm(21505): GC_FOR_ALLOC freed 1064K, 18% free 6978K/8492K, paused 2ms, total 2ms
D/dalvikvm(21505): GC_FOR_ALLOC freed 1066K, 18% free 6978K/8492K, paused 3ms, total 3ms
D/dalvikvm(21505): GC_FOR_ALLOC freed 1068K, 18% free 6978K/8492K, paused 3ms, total 3ms
D/dalvikvm(21505): GC_FOR_ALLOC freed 1071K, 18% free 6978K/8492K, paused 2ms, total 2ms
D/dalvikvm(21505): GC_FOR_ALLOC freed 1073K, 18% free 6979K/8492K, paused 3ms, total 3ms
D/dalvikvm(21505): GC_FOR_ALLOC freed 1076K, 18% free 6979K/8492K, paused 2ms, total 2ms
D/dalvikvm(21505): GC_FOR_ALLOC freed 1078K, 18% free 6979K/8492K, paused 2ms, total 2ms
D/dalvikvm(21505): GC_FOR_ALLOC freed 1081K, 18% free 6979K/8492K, paused 2ms, total 2ms
W/EGL_emulation(21505): eglSurfaceAttrib not implemented 3093 12436
W/ViewRootImpl(21505): Dropping event due to no window focus: MotionEvent { action=ACTION_MOVE, id[0]=0, x[0]=-4.0, y[0]=1.0, toolType[0]=TOOL_TYPE_UNKNOWN, buttonState=0, metaState=0, flags=0x0, edgeFlags=0x0, pointerCount=1, historySize=15, eventTime=2760972, downTime=-1, deviceId=0, source=0x10004 }
W/ViewRootImpl(21505): Dropping event due to no window focus: MotionEvent { action=ACTION_DOWN, id[0]=0, x[0]=0.0, y[0]=0.0, toolType[0]=TOOL_TYPE_UNKNOWN, buttonState=0, metaState=0, flags=0x0, edgeFlags=0x0, pointerCount=1, historySize=0, eventTime=2760972, downTime=2760970, deviceId=0, source=0x10004 }
W/ContextImpl(  470): Calling a method in the system process without a qualified user: android.app.ContextImpl.sendBroadcast:1123 com.android.server.InputMethodManagerService.hideCurrentInputLocked:1880 com.android.server.InputMethodManagerService.windowGainedFocus:1968 com.android.internal.view.IInputMethodManager$Stub.onTransact:221 com.android.server.InputMethodManagerService.onTransact:818 
I/ActivityManager(  470): Displayed com.ecovacs.ecosphere.intl/com.ecovacs.ecosphere.ui.CountrySelectActivity: +1s209ms
E/WindowManager(21505): 
E/WindowManager(21505): android.view.WindowLeaked: Activity com.ecovacs.ecosphere.ui.ZhwRegistered has leaked window com.android.internal.policy.impl.PhoneWindow$DecorView{4a7c8f08 V.E..... ......I. 0,0-0,0} that was originally added here
E/WindowManager(21505): 	at android.view.ViewRootImpl.<init>(ViewRootImpl.java:348)
E/WindowManager(21505): 	at android.view.WindowManagerGlobal.addView(WindowManagerGlobal.java:248)
E/WindowManager(21505): 	at android.view.WindowManagerImpl.addView(WindowManagerImpl.java:69)
E/WindowManager(21505): 	at com.android.internal.policy.impl.PhoneWindow.openPanel(PhoneWindow.java:672)
E/WindowManager(21505): 	at com.android.internal.policy.impl.PhoneWindow.onKeyUpPanel(PhoneWindow.java:879)
E/WindowManager(21505): 	at com.android.internal.policy.impl.PhoneWindow.onKeyUp(PhoneWindow.java:1630)
E/WindowManager(21505): 	at com.android.internal.policy.impl.PhoneWindow$DecorView.dispatchKeyEvent(PhoneWindow.java:1969)
E/WindowManager(21505): 	at android.view.ViewRootImpl$ViewPostImeInputStage.processKeyEvent(ViewRootImpl.java:3876)
E/WindowManager(21505): 	at android.view.ViewRootImpl$ViewPostImeInputStage.onProcess(ViewRootImpl.java:3850)
E/WindowManager(21505): 	at android.view.ViewRootImpl$InputStage.deliver(ViewRootImpl.java:3423)
E/WindowManager(21505): 	at android.view.ViewRootImpl$InputStage.onDeliverToNext(ViewRootImpl.java:3473)
E/WindowManager(21505): 	at android.view.ViewRootImpl$InputStage.forward(ViewRootImpl.java:3442)
E/WindowManager(21505): 	at android.view.ViewRootImpl$AsyncInputStage.forward(ViewRootImpl.java:3549)
E/WindowManager(21505): 	at android.view.ViewRootImpl$InputStage.apply(ViewRootImpl.java:3450)
E/WindowManager(21505): 	at android.view.ViewRootImpl$AsyncInputStage.apply(ViewRootImpl.java:3606)
E/WindowManager(21505): 	at android.view.ViewRootImpl$InputStage.deliver(ViewRootImpl.java:3423)
E/WindowManager(21505): 	at android.view.ViewRootImpl$InputStage.onDeliverToNext(ViewRootImpl.java:3473)
E/WindowManager(21505): 	at android.view.ViewRootImpl$InputStage.forward(ViewRootImpl.java:3442)
E/WindowManager(21505): 	at android.view.ViewRootImpl$InputStage.apply(ViewRootImpl.java:3450)
E/WindowManager(21505): 	at android.view.ViewRootImpl$InputStage.deliver(ViewRootImpl.java:3423)
E/WindowManager(21505): 	at android.view.ViewRootImpl$InputStage.onDeliverToNext(ViewRootImpl.java:3473)
E/WindowManager(21505): 	at android.view.ViewRootImpl$InputStage.forward(ViewRootImpl.java:3442)
E/WindowManager(21505): 	at android.view.ViewRootImpl$AsyncInputStage.forward(ViewRootImpl.java:3549)
E/WindowManager(21505): 	at android.view.ViewRootImpl$InputStage.apply(ViewRootImpl.java:3450)
E/WindowManager(21505): 	at android.view.ViewRootImpl$AsyncInputStage.apply(ViewRootImpl.java:3606)
E/WindowManager(21505): 	at android.view.ViewRootImpl$InputStage.deliver(ViewRootImpl.java:3423)
E/WindowManager(21505): 	at android.view.ViewRootImpl$InputStage.onDeliverToNext(ViewRootImpl.java:3473)
E/WindowManager(21505): 	at android.view.ViewRootImpl$InputStage.forward(ViewRootImpl.java:3442)
E/WindowManager(21505): 	at android.view.ViewRootImpl$InputStage.apply(ViewRootImpl.java:3450)
E/WindowManager(21505): 	at android.view.ViewRootImpl$InputStage.deliver(ViewRootImpl.java:3423)
E/WindowManager(21505): 	at android.view.ViewRootImpl$InputStage.onDeliverToNext(ViewRootImpl.java:3473)
E/WindowManager(21505): 	at android.view.ViewRootImpl$InputStage.forward(ViewRootImpl.java:3442)
E/WindowManager(21505): 	at android.view.ViewRootImpl$AsyncInputStage.forward(ViewRootImpl.java:3549)
E/WindowManager(21505): 	at android.view.ViewRootImpl$InputStage.apply(ViewRootImpl.java:3450)
E/WindowManager(21505): 	at android.view.ViewRootImpl$AsyncInputStage.apply(ViewRootImpl.java:3606)
E/WindowManager(21505): 	at android.view.ViewRootImpl$InputStage.deliver(ViewRootImpl.java:3423)
E/WindowManager(21505): 	at android.view.ViewRootImpl.deliverInputEvent(ViewRootImpl.java:5626)
E/WindowManager(21505): 	at android.view.ViewRootImpl.doProcessInputEvents(ViewRootImpl.java:5606)
E/WindowManager(21505): 	at android.view.ViewRootImpl.enqueueInputEvent(ViewRootImpl.java:5577)
E/WindowManager(21505): 	at android.view.ViewRootImpl$WindowInputEventReceiver.onInputEvent(ViewRootImpl.java:5706)
E/WindowManager(21505): 	at android.view.InputEventReceiver.dispatchInputEvent(InputEventReceiver.java:185)
E/WindowManager(21505): 	at android.os.MessageQueue.nativePollOnce(Native Method)
E/WindowManager(21505): 	at android.os.MessageQueue.next(MessageQueue.java:138)
E/WindowManager(21505): 	at android.os.Looper.loop(Looper.java:123)
E/WindowManager(21505): 	at android.app.ActivityThread.main(ActivityThread.java:5019)
E/WindowManager(21505): 	at java.lang.reflect.Method.invokeNative(Native Method)
E/WindowManager(21505): 	at java.lang.reflect.Method.invoke(Method.java:515)
E/WindowManager(21505): 	at com.android.internal.os.ZygoteInit$MethodAndArgsCaller.run(ZygoteInit.java:779)
E/WindowManager(21505): 	at com.android.internal.os.ZygoteInit.main(ZygoteInit.java:595)
E/WindowManager(21505): 	at dalvik.system.NativeStart.main(Native Method)
W/WindowManager(  470): Force-removing child win Window{4aa56e80 u0 AtchDlg:com.ecovacs.ecosphere.intl/com.ecovacs.ecosphere.ui.ZhwRegistered} from container Window{4a9a2aec u0 com.ecovacs.ecosphere.intl/com.ecovacs.ecosphere.ui.ZhwRegistered}
W/WindowManager(  470): Failed looking up window
W/WindowManager(  470): java.lang.IllegalArgumentException: Requested window android.os.BinderProxy@4b14612c does not exist
W/WindowManager(  470): 	at com.android.server.wm.WindowManagerService.windowForClientLocked(WindowManagerService.java:8096)
W/WindowManager(  470): 	at com.android.server.wm.WindowManagerService.windowForClientLocked(WindowManagerService.java:8087)
W/WindowManager(  470): 	at com.android.server.wm.WindowManagerService.removeWindow(WindowManagerService.java:2542)
W/WindowManager(  470): 	at com.android.server.wm.Session.remove(Session.java:181)
W/WindowManager(  470): 	at android.view.IWindowSession$Stub.onTransact(IWindowSession.java:197)
W/WindowManager(  470): 	at com.android.server.wm.Session.onTransact(Session.java:125)
W/WindowManager(  470): 	at android.os.Binder.execTransact(Binder.java:404)
W/WindowManager(  470): 	at dalvik.system.NativeStart.run(Native Method)
W/EGL_emulation(21505): eglSurfaceAttrib not implemented 3093 12436
W/ViewRootImpl(21505): Dropping event due to no window focus: KeyEvent { action=ACTION_DOWN, keyCode=KEYCODE_DPAD_RIGHT, scanCode=0, metaState=0, flags=0x8, repeatCount=0, eventTime=2761935, downTime=2761935, deviceId=-1, source=0x101 }
W/ResourceType(  470): Skipping entry 0x7f040006 in package table 0 because it is not complex!
W/ResourceType(  470): Skipping entry 0x7f040011 in package table 0 because it is not complex!
V/InputMethodService(  656): onEvaluateInputViewShown: config.hardKeyboardHidden = 2
V/InputMethodService(  656): onEvaluateInputViewShown: config.hardKeyboardHidden = 2
V/InputMethodService(  656): onEvaluateInputViewShown: config.hardKeyboardHidden = 2
V/InputMethodService(  656): onEvaluateInputViewShown: config.hardKeyboardHidden = 2
W/ContextImpl(  470): Calling a method in the system process without a qualified user: android.app.ContextImpl.sendBroadcast:1123 com.android.server.InputMethodManagerService.showCurrentInputLocked:1791 com.android.server.InputMethodManagerService.showSoftInput:1753 com.android.internal.view.IInputMethodManager$Stub.onTransact:175 com.android.server.InputMethodManagerService.onTransact:818 
W/ContextImpl(  470): Calling a method in the system process without a qualified user: android.app.ContextImpl.sendBroadcast:1123 com.android.server.InputMethodManagerService.showCurrentInputLocked:1791 com.android.server.InputMethodManagerService.showSoftInput:1753 com.android.internal.view.IInputMethodManager$Stub.onTransact:175 com.android.server.InputMethodManagerService.onTransact:818 
D/dalvikvm(  656): GC_FOR_ALLOC freed 865K, 29% free 3174K/4416K, paused 2ms, total 2ms
I/dalvikvm-heap(  656): Grow heap (frag case) to 3.990MB for 869772-byte allocation
D/dalvikvm(  656): GC_CONCURRENT freed <1K, 9% free 4023K/4416K, paused 2ms+0ms, total 4ms
W/ContextImpl(  470): Calling a method in the system process without a qualified user: android.app.ContextImpl.sendBroadcast:1123 com.android.server.InputMethodManagerService.showCurrentInputLocked:1791 com.android.server.InputMethodManagerService.attachNewInputLocked:1095 com.android.server.InputMethodManagerService.startInputUncheckedLocked:1166 com.android.server.InputMethodManagerService.startInputLocked:1128 
V/InputMethodService(  656): onEvaluateInputViewShown: config.hardKeyboardHidden = 2
V/InputMethodService(  656): onEvaluateInputViewShown: config.hardKeyboardHidden = 2
W/ContextImpl(  470): Calling a method in the system process without a qualified user: android.app.ContextImpl.sendBroadcast:1123 com.android.server.InputMethodManagerService.showCurrentInputLocked:1791 com.android.server.InputMethodManagerService.attachNewInputLocked:1095 com.android.server.InputMethodManagerService.startInputUncheckedLocked:1166 com.android.server.InputMethodManagerService.startInputLocked:1128 
W/ContextImpl(  470): Calling a method in the system process without a qualified user: android.app.ContextImpl.sendBroadcast:1123 com.android.server.InputMethodManagerService.showCurrentInputLocked:1791 com.android.server.InputMethodManagerService.showSoftInput:1753 com.android.internal.view.IInputMethodManager$Stub.onTransact:175 com.android.server.InputMethodManagerService.onTransact:818 
W/ContextImpl(  470): Calling a method in the system process without a qualified user: android.app.ContextImpl.sendBroadcast:1123 com.android.server.InputMethodManagerService.showCurrentInputLocked:1791 com.android.server.InputMethodManagerService.showSoftInput:1753 com.android.internal.view.IInputMethodManager$Stub.onTransact:175 com.android.server.InputMethodManagerService.onTransact:818 
D/dalvikvm(  656): GC_FOR_ALLOC freed 853K, 29% free 3174K/4416K, paused 2ms, total 8ms
I/dalvikvm-heap(  656): Grow heap (frag case) to 3.990MB for 869772-byte allocation
W/ContextImpl(  470): Calling a method in the system process without a qualified user: android.app.ContextImpl.sendBroadcast:1123 com.android.server.InputMethodManagerService.showCurrentInputLocked:1791 com.android.server.InputMethodManagerService.showSoftInput:1753 com.android.internal.view.IInputMethodManager$Stub.onTransact:175 com.android.server.InputMethodManagerService.onTransact:818 
D/dalvikvm(  656): GC_CONCURRENT freed <1K, 9% free 4023K/4416K, paused 2ms+1ms, total 4ms
V/InputMethodService(  656): onEvaluateInputViewShown: config.hardKeyboardHidden = 2
V/InputMethodService(  656): onEvaluateInputViewShown: config.hardKeyboardHidden = 2
W/EGL_emulation(21505): eglSurfaceAttrib not implemented 3093 12436
W/ViewRootImpl(21505): Dropping event due to no window focus: KeyEvent { action=ACTION_DOWN, keyCode=KEYCODE_BACKSLASH, scanCode=0, metaState=0, flags=0x8, repeatCount=0, eventTime=2762198, downTime=2762198, deviceId=-1, source=0x101 }
W/ContextImpl(  470): Calling a method in the system process without a qualified user: android.app.ContextImpl.sendBroadcast:1123 com.android.server.InputMethodManagerService.hideCurrentInputLocked:1880 com.android.server.InputMethodManagerService.windowGainedFocus:1968 com.android.internal.view.IInputMethodManager$Stub.onTransact:221 com.android.server.InputMethodManagerService.onTransact:818 
V/InputMethodService(  656): onEvaluateInputViewShown: config.hardKeyboardHidden = 2
V/InputMethodService(  656): onEvaluateInputViewShown: config.hardKeyboardHidden = 2
V/InputMethodService(  656): onEvaluateInputViewShown: config.hardKeyboardHidden = 2
V/InputMethodService(  656): onEvaluateInputViewShown: config.hardKeyboardHidden = 2
V/InputMethodService(  656): onEvaluateInputViewShown: config.hardKeyboardHidden = 2
V/InputMethodService(  656): onEvaluateInputViewShown: config.hardKeyboardHidden = 2
I/ActivityManager(  470): START u0 {cmp=com.ecovacs.ecosphere.intl/com.ecovacs.ecosphere.ui.ZhwRegistered} from pid 21505
W/EGL_emulation(21505): eglSurfaceAttrib not implemented 3093 12436
W/ViewRootImpl(21505): Dropping event due to no window focus: KeyEvent { action=ACTION_DOWN, keyCode=KEYCODE_X, scanCode=0, metaState=0, flags=0x8, repeatCount=0, eventTime=2763022, downTime=2763022, deviceId=-1, source=0x101 }
W/ViewRootImpl(21505): Dropping event due to no window focus: KeyEvent { action=ACTION_DOWN, keyCode=KEYCODE_DPAD_RIGHT, scanCode=0, metaState=0, flags=0x8, repeatCount=0, eventTime=2763033, downTime=2763033, deviceId=-1, source=0x101 }
W/ViewRootImpl(21505): Dropping event due to no window focus: KeyEvent { action=ACTION_DOWN, keyCode=KEYCODE_DPAD_RIGHT, scanCode=0, metaState=0, flags=0x8, repeatCount=0, eventTime=2763035, downTime=2763035, deviceId=-1, source=0x101 }
W/ViewRootImpl(21505): Dropping event due to no window focus: KeyEvent { action=ACTION_DOWN, keyCode=KEYCODE_DPAD_RIGHT, scanCode=0, metaState=0, flags=0x8, repeatCount=0, eventTime=2763036, downTime=2763036, deviceId=-1, source=0x101 }
W/ViewRootImpl(21505): Dropping event due to no window focus: KeyEvent { action=ACTION_DOWN, keyCode=KEYCODE_DPAD_CENTER, scanCode=0, metaState=0, flags=0x8, repeatCount=0, eventTime=2763037, downTime=2763037, deviceId=-1, source=0x101 }
W/ViewRootImpl(21505): Dropping event due to no window focus: KeyEvent { action=ACTION_DOWN, keyCode=KEYCODE_MENU, scanCode=0, metaState=0, flags=0x8, repeatCount=0, eventTime=2763038, downTime=2763038, deviceId=-1, source=0x101 }
W/ContextImpl(  470): Calling a method in the system process without a qualified user: android.app.ContextImpl.sendBroadcast:1123 com.android.server.InputMethodManagerService.showCurrentInputLocked:1791 com.android.server.InputMethodManagerService.windowGainedFocus:1985 com.android.internal.view.IInputMethodManager$Stub.onTransact:221 com.android.server.InputMethodManagerService.onTransact:818 
I/ActivityManager(  470): Displayed com.ecovacs.ecosphere.intl/com.ecovacs.ecosphere.ui.ZhwRegistered: +125ms
V/InputMethodService(  656): onEvaluateInputViewShown: config.hardKeyboardHidden = 2
V/InputMethodService(  656): onEvaluateInputViewShown: config.hardKeyboardHidden = 2
D/dalvikvm(  656): GC_FOR_ALLOC freed 859K, 29% free 3174K/4416K, paused 2ms, total 2ms
I/dalvikvm-heap(  656): Grow heap (frag case) to 3.990MB for 869772-byte allocation
D/dalvikvm(  656): GC_CONCURRENT freed <1K, 9% free 4023K/4416K, paused 1ms+0ms, total 3ms
W/ContextImpl(  470): Calling a method in the system process without a qualified user: android.app.ContextImpl.sendBroadcast:1123 com.android.server.InputMethodManagerService.showCurrentInputLocked:1791 com.android.server.InputMethodManagerService.attachNewInputLocked:1095 com.android.server.InputMethodManagerService.startInputUncheckedLocked:1166 com.android.server.InputMethodManagerService.startInputLocked:1128 
W/ContextImpl(  470): Calling a method in the system process without a qualified user: android.app.ContextImpl.sendBroadcast:1123 com.android.server.InputMethodManagerService.showCurrentInputLocked:1791 com.android.server.InputMethodManagerService.attachNewInputLocked:1095 com.android.server.InputMethodManagerService.startInputUncheckedLocked:1166 com.android.server.InputMethodManagerService.startInputLocked:1128 
W/IInputConnectionWrapper(21505): commitText on inactive InputConnection
W/IInputConnectionWrapper(21505): getCursorCapsMode on inactive InputConnection
V/InputMethodService(  656): onEvaluateInputViewShown: config.hardKeyboardHidden = 2
V/InputMethodService(  656): onEvaluateInputViewShown: config.hardKeyboardHidden = 2
W/ContextImpl(  470): Calling a method in the system process without a qualified user: android.app.ContextImpl.sendBroadcast:1123 com.android.server.InputMethodManagerService.showCurrentInputLocked:1791 com.android.server.InputMethodManagerService.attachNewInputLocked:1095 com.android.server.InputMethodManagerService.startInputUncheckedLocked:1166 com.android.server.InputMethodManagerService.startInputLocked:1128 
D/dalvikvm(  656): GC_FOR_ALLOC freed 852K, 29% free 3175K/4416K, paused 1ms, total 2ms
I/dalvikvm-heap(  656): Grow heap (frag case) to 3.991MB for 869772-byte allocation
D/dalvikvm(  656): GC_CONCURRENT freed <1K, 9% free 4024K/4416K, paused 1ms+0ms, total 8ms
I/ActivityManager(  470): START u0 {act=android.intent.action.MAIN cat=[android.intent.category.LAUNCHER] flg=0x10200000 cmp=com.ecovacs.ecosphere.intl/com.ecovacs.ecosphere.ui.WelcomeActivity} from pid 21495
W/ContextImpl(  470): Calling a method in the system process without a qualified user: android.app.ContextImpl.sendBroadcast:1123 com.android.server.InputMethodManagerService.showCurrentInputLocked:1791 com.android.server.InputMethodManagerService.attachNewInputLocked:1095 com.android.server.InputMethodManagerService.startInputUncheckedLocked:1166 com.android.server.InputMethodManagerService.startInputLocked:1128 
W/ContextImpl(  470): Calling a method in the system process without a qualified user: android.app.ContextImpl.sendBroadcast:1123 com.android.server.InputMethodManagerService.showCurrentInputLocked:1791 com.android.server.InputMethodManagerService.showSoftInput:1753 com.android.internal.view.IInputMethodManager$Stub.onTransact:175 com.android.server.InputMethodManagerService.onTransact:818 
W/ViewRootImpl(21505): Dropping event due to no window focus: KeyEvent { action=ACTION_DOWN, keyCode=KEYCODE_BUTTON_THUMBR, scanCode=0, metaState=0, flags=0x8, repeatCount=0, eventTime=2763256, downTime=2763256, deviceId=-1, source=0x101 }
W/ViewRootImpl(21505): Dropping event due to no window focus: KeyEvent { action=ACTION_DOWN, keyCode=KEYCODE_DPAD_CENTER, scanCode=0, metaState=0, flags=0x8, repeatCount=0, eventTime=2763256, downTime=2763256, deviceId=-1, source=0x101 }
W/ViewRootImpl(21505): Dropping event due to no window focus: KeyEvent { action=ACTION_DOWN, keyCode=KEYCODE_DPAD_CENTER, scanCode=0, metaState=0, flags=0x8, repeatCount=0, eventTime=2763259, downTime=2763259, deviceId=-1, source=0x101 }
W/EGL_emulation(21505): eglSurfaceAttrib not implemented 3093 12436
W/IInputConnectionWrapper(21505): getCursorCapsMode on inactive InputConnection
D/dalvikvm(  656): GC_FOR_ALLOC freed 851K, 29% free 3175K/4416K, paused 3ms, total 3ms
I/dalvikvm-heap(  656): Grow heap (frag case) to 3.991MB for 869772-byte allocation
D/dalvikvm(  656): GC_CONCURRENT freed <1K, 9% free 4024K/4416K, paused 1ms+0ms, total 3ms
W/InputMethodManagerService(  470): Window already focused, ignoring focus gain of: com.android.internal.view.IInputMethodClient$Stub$Proxy@4afc3aac attribute=null, token = android.os.BinderProxy@4ae6a204
W/IInputConnectionWrapper(21505): commitText on inactive InputConnection
W/IInputConnectionWrapper(21505): getCursorCapsMode on inactive InputConnection
V/InputMethodService(  656): onEvaluateInputViewShown: config.hardKeyboardHidden = 2
V/InputMethodService(  656): onEvaluateInputViewShown: config.hardKeyboardHidden = 2
W/IInputConnectionWrapper(21505): getCursorCapsMode on inactive InputConnection
V/InputMethodService(  656): onEvaluateInputViewShown: config.hardKeyboardHidden = 2
V/InputMethodService(  656): onEvaluateInputViewShown: config.hardKeyboardHidden = 2
V/InputMethodService(  656): onEvaluateInputViewShown: config.hardKeyboardHidden = 2
V/InputMethodService(  656): onEvaluateInputViewShown: config.hardKeyboardHidden = 2
D/dalvikvm(  656): GC_FOR_ALLOC freed 854K, 29% free 3174K/4416K, paused 2ms, total 3ms
I/dalvikvm-heap(  656): Grow heap (frag case) to 3.990MB for 869772-byte allocation
D/dalvikvm(  656): GC_CONCURRENT freed <1K, 9% free 4023K/4416K, paused 2ms+0ms, total 4ms
W/ContextImpl(  470): Calling a method in the system process without a qualified user: android.app.ContextImpl.sendBroadcast:1123 com.android.server.InputMethodManagerService.showCurrentInputLocked:1791 com.android.server.InputMethodManagerService.attachNewInputLocked:1095 com.android.server.InputMethodManagerService.startInputUncheckedLocked:1166 com.android.server.InputMethodManagerService.startInputLocked:1128 
W/ContextImpl(  470): Calling a method in the system process without a qualified user: android.app.ContextImpl.sendBroadcast:1123 com.android.server.InputMethodManagerService.showCurrentInputLocked:1791 com.android.server.InputMethodManagerService.attachNewInputLocked:1095 com.android.server.InputMethodManagerService.startInputUncheckedLocked:1166 com.android.server.InputMethodManagerService.startInputLocked:1128 
V/InputMethodService(  656): onEvaluateInputViewShown: config.hardKeyboardHidden = 2
V/InputMethodService(  656): onEvaluateInputViewShown: config.hardKeyboardHidden = 2
W/IInputConnectionWrapper(21505): getCursorCapsMode on inactive InputConnection
V/InputMethodService(  656): onEvaluateInputViewShown: config.hardKeyboardHidden = 2
V/InputMethodService(  656): onEvaluateInputViewShown: config.hardKeyboardHidden = 2
W/ContextImpl(  470): Calling a method in the system process without a qualified user: android.app.ContextImpl.sendBroadcast:1123 com.android.server.InputMethodManagerService.hideCurrentInputLocked:1880 com.android.server.InputMethodManagerService.hideMySoftInput:2299 com.android.internal.view.IInputMethodManager$Stub.onTransact:288 com.android.server.InputMethodManagerService.onTransact:818 
W/IInputConnectionWrapper(21505): getCursorCapsMode on inactive InputConnection
V/InputMethodService(  656): onEvaluateInputViewShown: config.hardKeyboardHidden = 2
V/InputMethodService(  656): onEvaluateInputViewShown: config.hardKeyboardHidden = 2
W/ContextImpl(  470): Calling a method in the system process without a qualified user: android.app.ContextImpl.sendBroadcast:1123 com.android.server.InputMethodManagerService.showCurrentInputLocked:1791 com.android.server.InputMethodManagerService.showSoftInput:1753 com.android.internal.view.IInputMethodManager$Stub.onTransact:175 com.android.server.InputMethodManagerService.onTransact:818 
I/ActivityManager(  470): START u0 {cmp=com.ecovacs.ecosphere.intl/com.ecovacs.ecosphere.ui.CountrySelectActivity} from pid 21505
W/ContextImpl(  470): Calling a method in the system process without a qualified user: android.app.ContextImpl.sendBroadcast:1123 com.android.server.InputMethodManagerService.showCurrentInputLocked:1791 com.android.server.InputMethodManagerService.showSoftInput:1753 com.android.internal.view.IInputMethodManager$Stub.onTransact:175 com.android.server.InputMethodManagerService.onTransact:818 
D/dalvikvm(  656): GC_FOR_ALLOC freed 855K, 29% free 3175K/4416K, paused 2ms, total 2ms
I/dalvikvm-heap(  656): Grow heap (frag case) to 3.990MB for 869772-byte allocation
D/dalvikvm(  656): GC_CONCURRENT freed <1K, 9% free 4024K/4416K, paused 2ms+0ms, total 10ms
D/dalvikvm(21505): GC_CONCURRENT freed 877K, 14% free 7354K/8492K, paused 2ms+1ms, total 7ms
D/dalvikvm(21505): GC_FOR_ALLOC freed 1606K, 22% free 6967K/8924K, paused 4ms, total 5ms
D/dalvikvm(21505): GC_CONCURRENT freed 1265K, 23% free 6950K/8924K, paused 3ms+1ms, total 5ms
D/dalvikvm(21505): GC_FOR_ALLOC freed 1342K, 23% free 6944K/8924K, paused 3ms, total 3ms
D/dalvikvm(21505): GC_CONCURRENT freed 0K, 23% free 6954K/8924K, paused 2ms+0ms, total 4ms
D/dalvikvm(21505): GC_FOR_ALLOC freed 1292K, 23% free 6957K/8924K, paused 2ms, total 2ms
D/dalvikvm(21505): GC_CONCURRENT freed 0K, 22% free 6973K/8924K, paused 2ms+1ms, total 5ms
D/dalvikvm(21505): GC_FOR_ALLOC freed 1282K, 22% free 6966K/8924K, paused 4ms, total 4ms
D/dalvikvm(21505): GC_CONCURRENT freed 0K, 22% free 6978K/8924K, paused 1ms+0ms, total 3ms
D/dalvikvm(21505): GC_FOR_ALLOC freed 1271K, 22% free 6969K/8924K, paused 4ms, total 4ms
D/dalvikvm(21505): GC_CONCURRENT freed 0K, 22% free 6982K/8924K, paused 2ms+0ms, total 4ms
D/dalvikvm(21505): GC_FOR_ALLOC freed 1272K, 22% free 6964K/8924K, paused 2ms, total 2ms
D/dalvikvm(21505): GC_CONCURRENT freed 0K, 22% free 6986K/8924K, paused 1ms+0ms, total 4ms
D/dalvikvm(21505): GC_FOR_ALLOC freed 1275K, 23% free 6951K/8924K, paused 4ms, total 4ms
D/dalvikvm(21505): GC_CONCURRENT freed 1202K, 22% free 6993K/8924K, paused 2ms+1ms, total 5ms
D/dalvikvm(21505): GC_FOR_ALLOC freed 1192K, 22% free 6978K/8924K, paused 3ms, total 3ms
D/dalvikvm(21505): GC_FOR_ALLOC freed 1168K, 23% free 6953K/8924K, paused 3ms, total 3ms
D/dalvikvm(21505): GC_FOR_ALLOC freed 1192K, 22% free 6982K/8924K, paused 4ms, total 4ms
D/dalvikvm(21505): GC_FOR_ALLOC freed 1202K, 23% free 6955K/8924K, paused 3ms, total 3ms
D/dalvikvm(21505): GC_FOR_ALLOC freed 1147K, 22% free 6986K/8924K, paused 3ms, total 3ms
D/dalvikvm(21505): GC_FOR_ALLOC freed 1144K, 23% free 6956K/8924K, paused 3ms, total 3ms
D/dalvikvm(21505): GC_FOR_ALLOC freed 1149K, 22% free 6989K/8924K, paused 3ms, total 3ms
D/dalvikvm(21505): GC_FOR_ALLOC freed 1138K, 22% free 6980K/8924K, paused 3ms, total 3ms
D/dalvikvm(21505): GC_FOR_ALLOC freed 1136K, 22% free 6992K/8924K, paused 3ms, total 3ms
D/dalvikvm(21505): GC_FOR_ALLOC freed 1118K, 22% free 6982K/8924K, paused 3ms, total 3ms
D/dalvikvm(21505): GC_FOR_ALLOC freed 1170K, 23% free 6959K/8924K, paused 2ms, total 2ms
D/dalvikvm(21505): GC_FOR_ALLOC freed 1138K, 22% free 6997K/8924K, paused 3ms, total 3ms
D/dalvikvm(21505): GC_FOR_ALLOC freed 1114K, 23% free 6960K/8924K, paused 3ms, total 3ms
D/dalvikvm(21505): GC_FOR_ALLOC freed 1099K, 22% free 6999K/8924K, paused 2ms, total 2ms
D/dalvikvm(21505): GC_FOR_ALLOC freed 1069K, 22% free 6987K/8924K, paused 3ms, total 3ms
D/dalvikvm(21505): GC_FOR_ALLOC freed 1048K, 22% free 7002K/8924K, paused 3ms, total 3ms
D/dalvikvm(21505): GC_FOR_ALLOC freed 1013K, 22% free 6989K/8924K, paused 3ms, total 3ms
D/dalvikvm(21505): GC_FOR_ALLOC freed 1057K, 22% free 6990K/8924K, paused 2ms, total 2ms
D/dalvikvm(21505): GC_FOR_ALLOC freed 1075K, 22% free 6991K/8924K, paused 3ms, total 3ms
D/dalvikvm(21505): GC_FOR_ALLOC freed 1093K, 22% free 6963K/8924K, paused 3ms, total 3ms
D/dalvikvm(21505): GC_FOR_ALLOC freed 1111K, 22% free 6964K/8924K, paused 4ms, total 4ms
D/dalvikvm(21505): GC_FOR_ALLOC freed 1130K, 22% free 6964K/8924K, paused 3ms, total 3ms
D/dalvikvm(21505): GC_FOR_ALLOC freed 1042K, 22% free 6995K/8924K, paused 2ms, total 2ms
D/dalvikvm(21505): GC_FOR_ALLOC freed 1056K, 22% free 6996K/8924K, paused 3ms, total 3ms
D/dalvikvm(21505): GC_FOR_ALLOC freed 1071K, 22% free 6966K/8924K, paused 3ms, total 3ms
D/dalvikvm(21505): GC_FOR_ALLOC freed 1086K, 22% free 6966K/8924K, paused 4ms, total 4ms
D/dalvikvm(21505): GC_FOR_ALLOC freed 1101K, 22% free 6966K/8924K, paused 3ms, total 3ms
D/dalvikvm(21505): GC_FOR_ALLOC freed 1035K, 22% free 7015K/8924K, paused 2ms, total 2ms
D/dalvikvm(21505): GC_FOR_ALLOC freed 1015K, 22% free 7016K/8924K, paused 2ms, total 2ms
D/dalvikvm(21505): GC_FOR_ALLOC freed 994K, 22% free 7000K/8924K, paused 5ms, total 5ms
D/dalvikvm(21505): GC_FOR_ALLOC freed 1039K, 22% free 7001K/8924K, paused 3ms, total 3ms
D/dalvikvm(21505): GC_FOR_ALLOC freed 1051K, 22% free 7002K/8924K, paused 3ms, total 3ms
D/dalvikvm(21505): GC_FOR_ALLOC freed 1063K, 22% free 7003K/8924K, paused 3ms, total 3ms
D/dalvikvm(21505): GC_FOR_ALLOC freed 1075K, 22% free 6969K/8924K, paused 3ms, total 3ms
D/dalvikvm(21505): GC_FOR_ALLOC freed 1087K, 22% free 6969K/8924K, paused 3ms, total 3ms
D/dalvikvm(21505): GC_FOR_ALLOC freed 1099K, 22% free 6970K/8924K, paused 3ms, total 4ms
D/dalvikvm(21505): GC_FOR_ALLOC freed 1111K, 22% free 6970K/8924K, paused 2ms, total 2ms
D/dalvikvm(21505): GC_FOR_ALLOC freed 1033K, 22% free 7024K/8924K, paused 3ms, total 3ms
D/dalvikvm(21505): GC_FOR_ALLOC freed 1007K, 22% free 7025K/8924K, paused 4ms, total 4ms
D/dalvikvm(21505): GC_FOR_ALLOC freed 980K, 22% free 7008K/8924K, paused 3ms, total 3ms
D/dalvikvm(21505): GC_FOR_ALLOC freed 1026K, 22% free 7008K/8924K, paused 3ms, total 3ms
D/dalvikvm(21505): GC_FOR_ALLOC freed 1035K, 22% free 7009K/8924K, paused 3ms, total 3ms
D/dalvikvm(21505): GC_FOR_ALLOC freed 1045K, 22% free 6972K/8924K, paused 3ms, total 3ms
D/dalvikvm(21505): GC_FOR_ALLOC freed 1054K, 22% free 7010K/8924K, paused 3ms, total 3ms
D/dalvikvm(21505): GC_FOR_ALLOC freed 1064K, 22% free 6973K/8924K, paused 3ms, total 3ms
D/dalvikvm(21505): GC_FOR_ALLOC freed 1073K, 22% free 6973K/8924K, paused 3ms, total 3ms
D/dalvikvm(21505): GC_FOR_ALLOC freed 1083K, 22% free 6974K/8924K, paused 3ms, total 3ms
D/dalvikvm(21505): GC_FOR_ALLOC freed 1093K, 22% free 6974K/8924K, paused 3ms, total 3ms
D/dalvikvm(21505): GC_FOR_ALLOC freed 964K, 22% free 7014K/8924K, paused 2ms, total 2ms
D/dalvikvm(21505): GC_FOR_ALLOC freed 972K, 22% free 7014K/8924K, paused 4ms, total 4ms
D/dalvikvm(21505): GC_FOR_ALLOC freed 979K, 22% free 7015K/8924K, paused 3ms, total 3ms
D/dalvikvm(21505): GC_FOR_ALLOC freed 986K, 22% free 7015K/8924K, paused 4ms, total 4ms
D/dalvikvm(21505): GC_FOR_ALLOC freed 993K, 22% free 7016K/8924K, paused 2ms, total 2ms
D/dalvikvm(21505): GC_FOR_ALLOC freed 1001K, 22% free 7017K/8924K, paused 3ms, total 3ms
D/dalvikvm(21505): GC_FOR_ALLOC freed 1008K, 22% free 7017K/8924K, paused 3ms, total 3ms
D/dalvikvm(21505): GC_FOR_ALLOC freed 1015K, 22% free 7018K/8924K, paused 2ms, total 2ms
D/dalvikvm(21505): GC_FOR_ALLOC freed 1022K, 22% free 6977K/8924K, paused 2ms, total 2ms
D/dalvikvm(21505): GC_FOR_ALLOC freed 1030K, 22% free 7019K/8924K, paused 3ms, total 3ms
D/dalvikvm(21505): GC_FOR_ALLOC freed 1037K, 22% free 7020K/8924K, paused 3ms, total 3ms
D/dalvikvm(21505): GC_FOR_ALLOC freed 1044K, 22% free 7020K/8924K, paused 2ms, total 2ms
D/dalvikvm(21505): GC_FOR_ALLOC freed 1052K, 22% free 6978K/8924K, paused 3ms, total 3ms
D/dalvikvm(21505): GC_FOR_ALLOC freed 1059K, 22% free 6978K/8924K, paused 2ms, total 2ms
D/dalvikvm(21505): GC_FOR_ALLOC freed 1066K, 22% free 6978K/8924K, paused 3ms, total 3ms
D/dalvikvm(21505): GC_FOR_ALLOC freed 1074K, 22% free 6979K/8924K, paused 3ms, total 3ms
D/dalvikvm(21505): GC_FOR_ALLOC freed 970K, 22% free 7045K/8924K, paused 4ms, total 4ms
D/dalvikvm(21505): GC_FOR_ALLOC freed 1043K, 22% free 6979K/8924K, paused 3ms, total 3ms
D/dalvikvm(21505): GC_FOR_ALLOC freed 982K, 22% free 7047K/8924K, paused 3ms, total 3ms
D/dalvikvm(21505): GC_FOR_ALLOC freed 944K, 22% free 7047K/8924K, paused 2ms, total 2ms
D/dalvikvm(21505): GC_FOR_ALLOC freed 949K, 22% free 7048K/8924K, paused 3ms, total 3ms
D/dalvikvm(21505): GC_FOR_ALLOC freed 954K, 22% free 7049K/8924K, paused 3ms, total 3ms
D/dalvikvm(21505): GC_FOR_ALLOC freed 960K, 22% free 7049K/8924K, paused 2ms, total 2ms
D/dalvikvm(21505): GC_FOR_ALLOC freed 966K, 21% free 7050K/8924K, paused 2ms, total 2ms
D/dalvikvm(21505): GC_FOR_ALLOC freed 924K, 22% free 7027K/8924K, paused 3ms, total 3ms
D/dalvikvm(21505): GC_FOR_ALLOC freed 976K, 22% free 7028K/8924K, paused 3ms, total 3ms
D/dalvikvm(21505): GC_FOR_ALLOC freed 981K, 22% free 7029K/8924K, paused 3ms, total 3ms
D/dalvikvm(21505): GC_FOR_ALLOC freed 986K, 22% free 7029K/8924K, paused 3ms, total 3ms
D/dalvikvm(21505): GC_FOR_ALLOC freed 992K, 22% free 7029K/8924K, paused 4ms, total 4ms
D/dalvikvm(21505): GC_FOR_ALLOC freed 997K, 22% free 7030K/8924K, paused 4ms, total 4ms
D/dalvikvm(21505): GC_FOR_ALLOC freed 1002K, 22% free 6983K/8924K, paused 3ms, total 3ms
D/dalvikvm(21505): GC_FOR_ALLOC freed 1008K, 22% free 7031K/8924K, paused 2ms, total 2ms
D/dalvikvm(21505): GC_FOR_ALLOC freed 1013K, 22% free 7032K/8924K, paused 4ms, total 4ms
D/dalvikvm(21505): GC_FOR_ALLOC freed 1019K, 22% free 7032K/8924K, paused 3ms, total 3ms
D/dalvikvm(21505): GC_FOR_ALLOC freed 902K, 21% free 7057K/8924K, paused 3ms, total 3ms
D/dalvikvm(21505): GC_FOR_ALLOC freed 980K, 22% free 6984K/8924K, paused 3ms, total 3ms
D/dalvikvm(21505): GC_FOR_ALLOC freed 910K, 21% free 7058K/8924K, paused 2ms, total 2ms
D/dalvikvm(21505): GC_FOR_ALLOC freed 865K, 21% free 7059K/8924K, paused 3ms, total 3ms
D/dalvikvm(21505): GC_FOR_ALLOC freed 869K, 21% free 7059K/8924K, paused 2ms, total 2ms
D/dalvikvm(21505): GC_FOR_ALLOC freed 872K, 21% free 7060K/8924K, paused 3ms, total 3ms
D/dalvikvm(21505): GC_FOR_ALLOC freed 876K, 21% free 7060K/8924K, paused 2ms, total 2ms
D/dalvikvm(21505): GC_FOR_ALLOC freed 880K, 21% free 7061K/8924K, paused 3ms, total 3ms
D/dalvikvm(21505): GC_FOR_ALLOC freed 883K, 21% free 7061K/8924K, paused 4ms, total 4ms
D/dalvikvm(21505): GC_FOR_ALLOC freed 887K, 21% free 7062K/8924K, paused 2ms, total 2ms
D/dalvikvm(21505): GC_FOR_ALLOC freed 891K, 21% free 7062K/8924K, paused 2ms, total 2ms
D/dalvikvm(21505): GC_FOR_ALLOC freed 894K, 21% free 7063K/8924K, paused 3ms, total 3ms
D/dalvikvm(21505): GC_FOR_ALLOC freed 898K, 21% free 7063K/8924K, paused 3ms, total 3ms
D/dalvikvm(21505): GC_FOR_ALLOC freed 902K, 21% free 7064K/8924K, paused 2ms, total 2ms
D/dalvikvm(21505): GC_FOR_ALLOC freed 853K, 22% free 7039K/8924K, paused 2ms, total 2ms
D/dalvikvm(21505): GC_FOR_ALLOC freed 909K, 22% free 7039K/8924K, paused 3ms, total 3ms
D/dalvikvm(21505): GC_FOR_ALLOC freed 912K, 22% free 7039K/8924K, paused 3ms, total 3ms
D/dalvikvm(21505): GC_FOR_ALLOC freed 916K, 22% free 7040K/8924K, paused 2ms, total 2ms
D/dalvikvm(21505): GC_FOR_ALLOC freed 920K, 22% free 6987K/8924K, paused 2ms, total 2ms
D/dalvikvm(21505): GC_FOR_ALLOC freed 923K, 22% free 7041K/8924K, paused 3ms, total 3ms
D/dalvikvm(21505): GC_FOR_ALLOC freed 926K, 22% free 7041K/8924K, paused 3ms, total 3ms
D/dalvikvm(21505): GC_FOR_ALLOC freed 931K, 22% free 7041K/8924K, paused 2ms, total 2ms
D/dalvikvm(21505): GC_FOR_ALLOC freed 934K, 22% free 6988K/8924K, paused 3ms, total 3ms
D/dalvikvm(21505): GC_FOR_ALLOC freed 938K, 22% free 7042K/8924K, paused 4ms, total 4ms
D/dalvikvm(21505): GC_FOR_ALLOC freed 942K, 22% free 7043K/8924K, paused 2ms, total 2ms
D/dalvikvm(21505): GC_FOR_ALLOC freed 945K, 22% free 7043K/8924K, paused 3ms, total 3ms
D/dalvikvm(21505): GC_FOR_ALLOC freed 949K, 22% free 6989K/8924K, paused 3ms, total 3ms
D/dalvikvm(21505): GC_FOR_ALLOC freed 953K, 22% free 7044K/8924K, paused 3ms, total 3ms
D/dalvikvm(21505): GC_FOR_ALLOC freed 957K, 22% free 7044K/8924K, paused 3ms, total 3ms
D/dalvikvm(21505): GC_FOR_ALLOC freed 960K, 22% free 6990K/8924K, paused 3ms, total 3ms
D/dalvikvm(21505): GC_FOR_ALLOC freed 964K, 22% free 6990K/8924K, paused 3ms, total 3ms
D/dalvikvm(21505): GC_FOR_ALLOC freed 967K, 22% free 6990K/8924K, paused 2ms, total 2ms
D/dalvikvm(21505): GC_FOR_ALLOC freed 972K, 22% free 6990K/8924K, paused 2ms, total 2ms
D/dalvikvm(21505): GC_FOR_ALLOC freed 975K, 22% free 6991K/8924K, paused 3ms, total 3ms
D/dalvikvm(21505): GC_FOR_ALLOC freed 979K, 22% free 6991K/8924K, paused 4ms, total 4ms
D/dalvikvm(21505): GC_FOR_ALLOC freed 983K, 22% free 6991K/8924K, paused 3ms, total 3ms
D/dalvikvm(21505): GC_FOR_ALLOC freed 986K, 22% free 6991K/8924K, paused 3ms, total 3ms
D/dalvikvm(21505): GC_FOR_ALLOC freed 991K, 22% free 6992K/8924K, paused 4ms, total 4ms
D/dalvikvm(21505): GC_FOR_ALLOC freed 995K, 22% free 6992K/8924K, paused 3ms, total 3ms
D/dalvikvm(21505): GC_FOR_ALLOC freed 855K, 21% free 7078K/8924K, paused 3ms, total 3ms
D/dalvikvm(21505): GC_FOR_ALLOC freed 801K, 21% free 7078K/8924K, paused 3ms, total 3ms
D/dalvikvm(21505): GC_FOR_ALLOC freed 947K, 22% free 6992K/8924K, paused 2ms, total 2ms
D/dalvikvm(21505): GC_FOR_ALLOC freed 1008K, 22% free 6993K/8924K, paused 3ms, total 3ms
D/dalvikvm(21505): GC_FOR_ALLOC freed 1012K, 22% free 6993K/8924K, paused 2ms, total 2ms
D/dalvikvm(21505): GC_FOR_ALLOC freed 870K, 21% free 7080K/8924K, paused 2ms, total 2ms
D/dalvikvm(21505): GC_FOR_ALLOC freed 815K, 21% free 7081K/8924K, paused 2ms, total 2ms
D/dalvikvm(21505): GC_FOR_ALLOC freed 963K, 22% free 6993K/8924K, paused 3ms, total 3ms
D/dalvikvm(21505): GC_FOR_ALLOC freed 1026K, 22% free 6994K/8924K, paused 3ms, total 3ms
D/dalvikvm(21505): GC_FOR_ALLOC freed 823K, 22% free 6994K/8924K, paused 3ms, total 3ms
D/dalvikvm(21505): GC_FOR_ALLOC freed 826K, 22% free 6994K/8924K, paused 3ms, total 3ms
D/dalvikvm(21505): GC_FOR_ALLOC freed 828K, 22% free 6994K/8924K, paused 2ms, total 2ms
D/dalvikvm(21505): GC_FOR_ALLOC freed 831K, 22% free 6994K/8924K, paused 2ms, total 2ms
D/dalvikvm(21505): GC_FOR_ALLOC freed 833K, 22% free 6995K/8924K, paused 2ms, total 2ms
D/dalvikvm(21505): GC_FOR_ALLOC freed 836K, 22% free 6995K/8924K, paused 2ms, total 2ms
D/dalvikvm(21505): GC_FOR_ALLOC freed 838K, 22% free 6995K/8924K, paused 2ms, total 2ms
D/dalvikvm(21505): GC_FOR_ALLOC freed 841K, 22% free 6995K/8924K, paused 2ms, total 2ms
D/dalvikvm(21505): GC_FOR_ALLOC freed 843K, 22% free 6995K/8924K, paused 3ms, total 3ms
D/dalvikvm(21505): GC_FOR_ALLOC freed 846K, 22% free 6995K/8924K, paused 3ms, total 3ms
D/dalvikvm(21505): GC_FOR_ALLOC freed 848K, 22% free 6996K/8924K, paused 2ms, total 2ms
D/dalvikvm(21505): GC_FOR_ALLOC freed 851K, 22% free 6996K/8924K, paused 2ms, total 2ms
D/dalvikvm(21505): GC_FOR_ALLOC freed 853K, 22% free 6996K/8924K, paused 2ms, total 2ms
D/dalvikvm(21505): GC_FOR_ALLOC freed 856K, 22% free 6996K/8924K, paused 2ms, total 2ms
D/dalvikvm(21505): GC_FOR_ALLOC freed 858K, 22% free 6996K/8924K, paused 3ms, total 3ms
D/dalvikvm(21505): GC_FOR_ALLOC freed 860K, 22% free 6996K/8924K, paused 6ms, total 6ms
D/dalvikvm(21505): GC_FOR_ALLOC freed 862K, 22% free 6997K/8924K, paused 3ms, total 3ms
D/dalvikvm(21505): GC_FOR_ALLOC freed 865K, 22% free 6997K/8924K, paused 3ms, total 3ms
D/dalvikvm(21505): GC_FOR_ALLOC freed 712K, 21% free 7090K/8924K, paused 3ms, total 3ms
D/dalvikvm(21505): GC_FOR_ALLOC freed 808K, 22% free 6997K/8924K, paused 2ms, total 2ms
D/dalvikvm(21505): GC_FOR_ALLOC freed 715K, 21% free 7091K/8924K, paused 3ms, total 3ms
D/dalvikvm(21505): GC_FOR_ALLOC freed 655K, 21% free 7091K/8924K, paused 3ms, total 3ms
D/dalvikvm(21505): GC_FOR_ALLOC freed 813K, 22% free 6997K/8924K, paused 3ms, total 3ms
D/dalvikvm(21505): GC_FOR_ALLOC freed 721K, 21% free 7092K/8924K, paused 3ms, total 3ms
D/dalvikvm(21505): GC_FOR_ALLOC freed 817K, 22% free 6998K/8924K, paused 2ms, total 2ms
D/dalvikvm(21505): GC_FOR_ALLOC freed 882K, 22% free 6998K/8924K, paused 3ms, total 3ms
D/dalvikvm(21505): GC_FOR_ALLOC freed 885K, 22% free 6998K/8924K, paused 3ms, total 3ms
D/dalvikvm(21505): GC_FOR_ALLOC freed 728K, 21% free 7093K/8924K, paused 3ms, total 3ms
D/dalvikvm(21505): GC_FOR_ALLOC freed 825K, 22% free 6998K/8924K, paused 3ms, total 3ms
D/dalvikvm(21505): GC_FOR_ALLOC freed 731K, 21% free 7094K/8924K, paused 3ms, total 3ms
D/dalvikvm(21505): GC_FOR_ALLOC freed 670K, 21% free 7094K/8924K, paused 3ms, total 3ms
D/dalvikvm(21505): GC_FOR_ALLOC freed 831K, 22% free 6999K/8924K, paused 2ms, total 2ms
D/dalvikvm(21505): GC_FOR_ALLOC freed 737K, 21% free 7095K/8924K, paused 3ms, total 3ms
D/dalvikvm(21505): GC_FOR_ALLOC freed 834K, 22% free 6999K/8924K, paused 3ms, total 3ms
D/dalvikvm(21505): GC_FOR_ALLOC freed 901K, 22% free 6999K/8924K, paused 2ms, total 2ms
D/dalvikvm(21505): GC_FOR_ALLOC freed 677K, 21% free 7064K/8924K, paused 2ms, total 2ms
D/dalvikvm(21505): GC_FOR_ALLOC freed 905K, 22% free 7000K/8924K, paused 3ms, total 3ms
D/dalvikvm(21505): GC_FOR_ALLOC freed 745K, 21% free 7097K/8924K, paused 3ms, total 3ms
D/dalvikvm(21505): GC_FOR_ALLOC freed 681K, 21% free 7097K/8924K, paused 3ms, total 3ms
D/dalvikvm(21505): GC_FOR_ALLOC freed 846K, 22% free 7000K/8924K, paused 2ms, total 2ms
D/dalvikvm(21505): GC_FOR_ALLOC freed 750K, 21% free 7098K/8924K, paused 3ms, total 3ms
D/dalvikvm(21505): GC_FOR_ALLOC freed 850K, 22% free 7000K/8924K, paused 2ms, total 2ms
D/dalvikvm(21505): GC_FOR_ALLOC freed 754K, 21% free 7099K/8924K, paused 3ms, total 3ms
D/dalvikvm(21505): GC_FOR_ALLOC freed 689K, 21% free 7099K/8924K, paused 3ms, total 3ms
D/dalvikvm(21505): GC_FOR_ALLOC freed 856K, 22% free 7001K/8924K, paused 3ms, total 3ms
D/dalvikvm(21505): GC_FOR_ALLOC freed 758K, 21% free 7100K/8924K, paused 2ms, total 2ms
D/dalvikvm(21505): GC_FOR_ALLOC freed 694K, 21% free 7100K/8924K, paused 2ms, total 2ms
D/dalvikvm(21505): GC_FOR_ALLOC freed 695K, 21% free 7100K/8924K, paused 2ms, total 2ms
D/dalvikvm(21505): GC_FOR_ALLOC freed 696K, 21% free 7101K/8924K, paused 3ms, total 3ms
D/dalvikvm(21505): GC_FOR_ALLOC freed 698K, 21% free 7101K/8924K, paused 2ms, total 2ms
D/dalvikvm(21505): GC_FOR_ALLOC freed 866K, 22% free 7002K/8924K, paused 3ms, total 3ms
D/dalvikvm(21505): GC_FOR_ALLOC freed 768K, 21% free 7102K/8924K, paused 2ms, total 2ms
D/dalvikvm(21505): GC_FOR_ALLOC freed 702K, 21% free 7102K/8924K, paused 2ms, total 2ms
D/dalvikvm(21505): GC_FOR_ALLOC freed 704K, 21% free 7103K/8924K, paused 4ms, total 4ms
D/dalvikvm(21505): GC_FOR_ALLOC freed 706K, 21% free 7103K/8924K, paused 2ms, total 2ms
D/dalvikvm(21505): GC_FOR_ALLOC freed 706K, 21% free 7103K/8924K, paused 3ms, total 3ms
D/dalvikvm(21505): GC_FOR_ALLOC freed 708K, 21% free 7104K/8924K, paused 3ms, total 3ms
D/dalvikvm(21505): GC_FOR_ALLOC freed 642K, 21% free 7070K/8924K, paused 3ms, total 3ms
D/dalvikvm(21505): GC_FOR_ALLOC freed 710K, 21% free 7070K/8924K, paused 2ms, total 2ms
D/dalvikvm(21505): GC_FOR_ALLOC freed 712K, 21% free 7071K/8924K, paused 2ms, total 2ms
D/dalvikvm(21505): GC_FOR_ALLOC freed 781K, 21% free 7105K/8924K, paused 3ms, total 3ms
D/dalvikvm(21505): GC_FOR_ALLOC freed 715K, 21% free 7105K/8924K, paused 3ms, total 3ms
D/dalvikvm(21505): GC_FOR_ALLOC freed 716K, 21% free 7106K/8924K, paused 3ms, total 3ms
D/dalvikvm(21505): GC_FOR_ALLOC freed 717K, 21% free 7106K/8924K, paused 2ms, total 2ms
D/dalvikvm(21505): GC_FOR_ALLOC freed 719K, 21% free 7106K/8924K, paused 2ms, total 2ms
D/dalvikvm(21505): GC_FOR_ALLOC freed 652K, 21% free 7072K/8924K, paused 3ms, total 3ms
D/dalvikvm(21505): GC_FOR_ALLOC freed 721K, 21% free 7072K/8924K, paused 4ms, total 4ms
D/dalvikvm(21505): GC_FOR_ALLOC freed 723K, 21% free 7073K/8924K, paused 3ms, total 3ms
D/dalvikvm(21505): GC_FOR_ALLOC freed 793K, 21% free 7107K/8924K, paused 2ms, total 2ms
D/dalvikvm(21505): GC_FOR_ALLOC freed 726K, 21% free 7108K/8924K, paused 2ms, total 2ms
D/dalvikvm(21505): GC_FOR_ALLOC freed 727K, 21% free 7108K/8924K, paused 3ms, total 3ms
D/dalvikvm(21505): GC_FOR_ALLOC freed 728K, 21% free 7108K/8924K, paused 2ms, total 2ms
D/dalvikvm(21505): GC_FOR_ALLOC freed 730K, 21% free 7109K/8924K, paused 3ms, total 3ms
D/dalvikvm(21505): GC_FOR_ALLOC freed 661K, 21% free 7074K/8924K, paused 3ms, total 3ms
D/dalvikvm(21505): GC_FOR_ALLOC freed 732K, 21% free 7074K/8924K, paused 3ms, total 3ms
D/dalvikvm(21505): GC_FOR_ALLOC freed 734K, 21% free 7075K/8924K, paused 2ms, total 2ms
D/dalvikvm(21505): GC_FOR_ALLOC freed 804K, 21% free 7110K/8924K, paused 3ms, total 3ms
D/dalvikvm(21505): GC_FOR_ALLOC freed 737K, 21% free 7110K/8924K, paused 3ms, total 3ms
D/dalvikvm(21505): GC_FOR_ALLOC freed 738K, 21% free 7111K/8924K, paused 3ms, total 3ms
D/dalvikvm(21505): GC_FOR_ALLOC freed 739K, 21% free 7111K/8924K, paused 3ms, total 3ms
D/dalvikvm(21505): GC_FOR_ALLOC freed 741K, 21% free 7111K/8924K, paused 3ms, total 3ms
D/dalvikvm(21505): GC_FOR_ALLOC freed 671K, 21% free 7076K/8924K, paused 3ms, total 3ms
D/dalvikvm(21505): GC_FOR_ALLOC freed 743K, 21% free 7077K/8924K, paused 4ms, total 4ms
D/dalvikvm(21505): GC_FOR_ALLOC freed 745K, 21% free 7077K/8924K, paused 3ms, total 3ms
D/dalvikvm(21505): GC_FOR_ALLOC freed 745K, 21% free 7077K/8924K, paused 3ms, total 3ms
D/dalvikvm(21505): GC_FOR_ALLOC freed 747K, 21% free 7077K/8924K, paused 4ms, total 4ms
D/dalvikvm(21505): GC_FOR_ALLOC freed 749K, 21% free 7078K/8924K, paused 4ms, total 4ms
D/dalvikvm(21505): GC_FOR_ALLOC freed 750K, 21% free 7078K/8924K, paused 3ms, total 3ms
D/dalvikvm(21505): GC_FOR_ALLOC freed 752K, 21% free 7078K/8924K, paused 3ms, total 3ms
D/dalvikvm(21505): GC_FOR_ALLOC freed 753K, 21% free 7078K/8924K, paused 3ms, total 3ms
D/dalvikvm(21505): GC_FOR_ALLOC freed 754K, 21% free 7079K/8924K, paused 2ms, total 3ms
D/dalvikvm(21505): GC_FOR_ALLOC freed 755K, 21% free 7079K/8924K, paused 4ms, total 4ms
D/dalvikvm(21505): GC_FOR_ALLOC freed 757K, 21% free 7079K/8924K, paused 5ms, total 5ms
D/dalvikvm(21505): GC_FOR_ALLOC freed 758K, 21% free 7079K/8924K, paused 4ms, total 4ms
D/dalvikvm(21505): GC_FOR_ALLOC freed 759K, 21% free 7080K/8924K, paused 3ms, total 3ms
D/dalvikvm(21505): GC_FOR_ALLOC freed 761K, 21% free 7080K/8924K, paused 5ms, total 5ms
D/dalvikvm(21505): GC_FOR_ALLOC freed 762K, 21% free 7080K/8924K, paused 2ms, total 2ms
D/dalvikvm(21505): GC_FOR_ALLOC freed 763K, 21% free 7080K/8924K, paused 3ms, total 3ms
D/dalvikvm(21505): GC_FOR_ALLOC freed 765K, 21% free 7081K/8924K, paused 3ms, total 3ms
D/dalvikvm(21505): GC_FOR_ALLOC freed 766K, 21% free 7081K/8924K, paused 2ms, total 2ms
D/dalvikvm(21505): GC_FOR_ALLOC freed 768K, 21% free 7081K/8924K, paused 2ms, total 2ms
D/dalvikvm(21505): GC_FOR_ALLOC freed 770K, 21% free 7081K/8924K, paused 2ms, total 2ms
D/dalvikvm(21505): GC_FOR_ALLOC freed 770K, 21% free 7082K/8924K, paused 2ms, total 2ms
D/dalvikvm(21505): GC_FOR_ALLOC freed 772K, 21% free 7082K/8924K, paused 3ms, total 3ms
D/dalvikvm(21505): GC_FOR_ALLOC freed 773K, 21% free 7082K/8924K, paused 3ms, total 3ms
D/dalvikvm(21505): GC_FOR_ALLOC freed 775K, 21% free 7083K/8924K, paused 2ms, total 2ms
D/dalvikvm(21505): GC_FOR_ALLOC freed 777K, 21% free 7083K/8924K, paused 2ms, total 2ms
D/dalvikvm(21505): GC_FOR_ALLOC freed 777K, 21% free 7083K/8924K, paused 4ms, total 4ms
D/dalvikvm(21505): GC_FOR_ALLOC freed 779K, 21% free 7083K/8924K, paused 2ms, total 2ms
D/dalvikvm(21505): GC_FOR_ALLOC freed 780K, 21% free 7084K/8924K, paused 3ms, total 3ms
D/dalvikvm(21505): GC_FOR_ALLOC freed 782K, 21% free 7084K/8924K, paused 3ms, total 3ms
D/dalvikvm(21505): GC_FOR_ALLOC freed 783K, 21% free 7084K/8924K, paused 3ms, total 3ms
D/dalvikvm(21505): GC_FOR_ALLOC freed 784K, 21% free 7084K/8924K, paused 3ms, total 3ms
D/dalvikvm(21505): GC_FOR_ALLOC freed 786K, 21% free 7085K/8924K, paused 3ms, total 3ms
D/dalvikvm(21505): GC_FOR_ALLOC freed 787K, 21% free 7085K/8924K, paused 4ms, total 4ms
D/dalvikvm(21505): GC_FOR_ALLOC freed 788K, 22% free 7010K/8924K, paused 4ms, total 4ms
D/dalvikvm(21505): GC_FOR_ALLOC freed 790K, 21% free 7085K/8924K, paused 2ms, total 2ms
D/dalvikvm(21505): GC_FOR_ALLOC freed 791K, 21% free 7086K/8924K, paused 2ms, total 2ms
D/dalvikvm(21505): GC_FOR_ALLOC freed 792K, 22% free 7010K/8924K, paused 2ms, total 2ms
D/dalvikvm(21505): GC_FOR_ALLOC freed 794K, 22% free 7011K/8924K, paused 3ms, total 3ms
D/dalvikvm(21505): GC_FOR_ALLOC freed 795K, 22% free 7011K/8924K, paused 3ms, total 3ms
D/dalvikvm(21505): GC_FOR_ALLOC freed 797K, 22% free 7011K/8924K, paused 3ms, total 3ms
D/dalvikvm(21505): GC_FOR_ALLOC freed 798K, 22% free 7011K/8924K, paused 2ms, total 2ms
D/dalvikvm(21505): GC_FOR_ALLOC freed 800K, 22% free 7011K/8924K, paused 1ms, total 1ms
D/dalvikvm(21505): GC_FOR_ALLOC freed 800K, 22% free 7011K/8924K, paused 3ms, total 3ms
D/dalvikvm(21505): GC_FOR_ALLOC freed 802K, 22% free 7011K/8924K, paused 3ms, total 3ms
D/dalvikvm(21505): GC_FOR_ALLOC freed 803K, 22% free 7011K/8924K, paused 3ms, total 3ms
D/dalvikvm(21505): GC_FOR_ALLOC freed 804K, 22% free 7012K/8924K, paused 2ms, total 2ms
D/dalvikvm(21505): GC_FOR_ALLOC freed 806K, 22% free 7012K/8924K, paused 2ms, total 2ms
D/dalvikvm(21505): GC_FOR_ALLOC freed 807K, 22% free 7012K/8924K, paused 3ms, total 3ms
D/dalvikvm(21505): GC_FOR_ALLOC freed 808K, 22% free 7012K/8924K, paused 2ms, total 2ms
D/dalvikvm(21505): GC_FOR_ALLOC freed 810K, 22% free 7012K/8924K, paused 3ms, total 3ms
W/IInputConnectionWrapper(21505): finishComposingText on inactive InputConnection
W/IInputConnectionWrapper(21505): finishComposingText on inactive InputConnection
V/InputMethodService(  656): onEvaluateInputViewShown: config.hardKeyboardHidden = 2
V/InputMethodService(  656): onEvaluateInputViewShown: config.hardKeyboardHidden = 2
V/InputMethodService(  656): onEvaluateInputViewShown: config.hardKeyboardHidden = 2
V/InputMethodService(  656): onEvaluateInputViewShown: config.hardKeyboardHidden = 2
I/Choreographer(  656): Skipped 55 frames!  The application may be doing too much work on its main thread.
D/dalvikvm(  656): GC_FOR_ALLOC freed 853K, 29% free 3174K/4416K, paused 2ms, total 2ms
I/dalvikvm-heap(  656): Grow heap (frag case) to 3.990MB for 869772-byte allocation
D/dalvikvm(  656): GC_CONCURRENT freed <1K, 9% free 4024K/4416K, paused 2ms+0ms, total 4ms
W/EGL_emulation(21505): eglSurfaceAttrib not implemented 3093 12436
W/ViewRootImpl(21505): Dropping event due to no window focus: KeyEvent { action=ACTION_DOWN, keyCode=KEYCODE_DPAD_DOWN, scanCode=0, metaState=0, flags=0x8, repeatCount=0, eventTime=2763357, downTime=2763357, deviceId=-1, source=0x101 }
W/ViewRootImpl(21505): Dropping event due to no window focus: KeyEvent { action=ACTION_DOWN, keyCode=KEYCODE_DPAD_LEFT, scanCode=0, metaState=0, flags=0x8, repeatCount=0, eventTime=2764379, downTime=2764379, deviceId=-1, source=0x101 }
W/ViewRootImpl(21505): Dropping event due to no window focus: KeyEvent { action=ACTION_DOWN, keyCode=KEYCODE_BUTTON_5, scanCode=0, metaState=0, flags=0x8, repeatCount=0, eventTime=2764380, downTime=2764380, deviceId=-1, source=0x101 }
W/ViewRootImpl(21505): Dropping event due to no window focus: KeyEvent { action=ACTION_DOWN, keyCode=KEYCODE_DPAD_CENTER, scanCode=0, metaState=0, flags=0x8, repeatCount=0, eventTime=2764380, downTime=2764380, deviceId=-1, source=0x101 }
W/ViewRootImpl(21505): Dropping event due to no window focus: KeyEvent { action=ACTION_DOWN, keyCode=KEYCODE_DPAD_UP, scanCode=0, metaState=0, flags=0x8, repeatCount=0, eventTime=2764382, downTime=2764382, deviceId=-1, source=0x101 }
W/ContextImpl(  470): Calling a method in the system process without a qualified user: android.app.ContextImpl.sendBroadcast:1123 com.android.server.InputMethodManagerService.hideCurrentInputLocked:1880 com.android.server.InputMethodManagerService.windowGainedFocus:1968 com.android.internal.view.IInputMethodManager$Stub.onTransact:221 com.android.server.InputMethodManagerService.onTransact:818 
I/ActivityManager(  470): Displayed com.ecovacs.ecosphere.intl/com.ecovacs.ecosphere.ui.CountrySelectActivity: +1s85ms
W/ViewRootImpl(21505): Dropping event due to no window focus: KeyEvent { action=ACTION_DOWN, keyCode=KEYCODE_DPAD_DOWN, scanCode=0, metaState=0, flags=0x8, repeatCount=0, eventTime=2764529, downTime=2764529, deviceId=-1, source=0x101 }
W/EGL_emulation(21505): eglSurfaceAttrib not implemented 3093 12436
W/InputMethodManagerService(  470): Window already focused, ignoring focus gain of: com.android.internal.view.IInputMethodClient$Stub$Proxy@4afebfd0 attribute=null, token = android.os.BinderProxy@4ac77ef8
D/dalvikvm(21505): GC_CONCURRENT freed 1026K, 19% free 7250K/8924K, paused 2ms+0ms, total 5ms
W/InputManager(  470): Input event injection from pid 21495 failed.
W/InputManager(  470): Input event injection from pid 21495 failed.
W/InputManager(  470): Input event injection from pid 21495 failed.
W/InputManager(  470): Input event injection from pid 21495 failed.
W/InputManager(  470): Input event injection from pid 21495 failed.
W/InputManager(  470): Input event injection from pid 21495 failed.
W/InputManager(  470): Input event injection from pid 21495 failed.
W/InputManager(  470): Input event injection from pid 21495 failed.
W/InputManager(  470): Input event injection from pid 21495 failed.
W/InputManager(  470): Input event injection from pid 21495 failed.
W/EGL_emulation(21505): eglSurfaceAttrib not implemented 3093 12436
W/ViewRootImpl(21505): Dropping event due to no window focus: KeyEvent { action=ACTION_DOWN, keyCode=KEYCODE_DPAD_LEFT, scanCode=0, metaState=0, flags=0x8, repeatCount=0, eventTime=2764797, downTime=2764797, deviceId=-1, source=0x101 }
W/ViewRootImpl(21505): Dropping event due to no window focus: KeyEvent { action=ACTION_DOWN, keyCode=KEYCODE_DPAD_RIGHT, scanCode=0, metaState=0, flags=0x8, repeatCount=0, eventTime=2764814, downTime=2764814, deviceId=-1, source=0x101 }
W/ViewRootImpl(21505): Dropping event due to no window focus: MotionEvent { action=ACTION_MOVE, id[0]=0, x[0]=-1.0, y[0]=-1.0, toolType[0]=TOOL_TYPE_UNKNOWN, buttonState=0, metaState=0, flags=0x0, edgeFlags=0x0, pointerCount=1, historySize=9, eventTime=2764796, downTime=-1, deviceId=0, source=0x10004 }
V/InputMethodService(  656): onEvaluateInputViewShown: config.hardKeyboardHidden = 2
V/InputMethodService(  656): onEvaluateInputViewShown: config.hardKeyboardHidden = 2
W/ContextImpl(  470): Calling a method in the system process without a qualified user: android.app.ContextImpl.sendBroadcast:1123 com.android.server.InputMethodManagerService.showCurrentInputLocked:1791 com.android.server.InputMethodManagerService.showSoftInput:1753 com.android.internal.view.IInputMethodManager$Stub.onTransact:175 com.android.server.InputMethodManagerService.onTransact:818 
W/ContextImpl(  470): Calling a method in the system process without a qualified user: android.app.ContextImpl.sendBroadcast:1123 com.android.server.InputMethodManagerService.showCurrentInputLocked:1791 com.android.server.InputMethodManagerService.attachNewInputLocked:1095 com.android.server.InputMethodManagerService.startInputUncheckedLocked:1166 com.android.server.InputMethodManagerService.startInputLocked:1128 
W/ContextImpl(  470): Calling a method in the system process without a qualified user: android.app.ContextImpl.sendBroadcast:1123 com.android.server.InputMethodManagerService.showCurrentInputLocked:1791 com.android.server.InputMethodManagerService.attachNewInputLocked:1095 com.android.server.InputMethodManagerService.startInputUncheckedLocked:1166 com.android.server.InputMethodManagerService.startInputLocked:1128 
W/IInputConnectionWrapper(21505): getCursorCapsMode on inactive InputConnection
V/InputMethodService(  656): onEvaluateInputViewShown: config.hardKeyboardHidden = 2
V/InputMethodService(  656): onEvaluateInputViewShown: config.hardKeyboardHidden = 2
D/dalvikvm(  656): GC_FOR_ALLOC freed 863K, 29% free 3175K/4416K, paused 3ms, total 3ms
I/dalvikvm-heap(  656): Grow heap (frag case) to 3.991MB for 869772-byte allocation
D/dalvikvm(  656): GC_CONCURRENT freed <1K, 9% free 4024K/4416K, paused 1ms+0ms, total 3ms
V/InputMethodService(  656): onEvaluateInputViewShown: config.hardKeyboardHidden = 2
V/InputMethodService(  656): onEvaluateInputViewShown: config.hardKeyboardHidden = 2
W/ContextImpl(  470): Calling a method in the system process without a qualified user: android.app.ContextImpl.sendBroadcast:1123 com.android.server.InputMethodManagerService.showCurrentInputLocked:1791 com.android.server.InputMethodManagerService.attachNewInputLocked:1095 com.android.server.InputMethodManagerService.startInputUncheckedLocked:1166 com.android.server.InputMethodManagerService.startInputLocked:1128 
W/ViewRootImpl(21505): Dropping event due to no window focus: KeyEvent { action=ACTION_DOWN, keyCode=KEYCODE_MENU, scanCode=0, metaState=0, flags=0x8, repeatCount=0, eventTime=2765137, downTime=2765137, deviceId=-1, source=0x101 }
W/ViewRootImpl(21505): Dropping event due to no window focus: KeyEvent { action=ACTION_DOWN, keyCode=KEYCODE_DPAD_LEFT, scanCode=0, metaState=0, flags=0x8, repeatCount=0, eventTime=2765141, downTime=2765141, deviceId=-1, source=0x101 }
W/ViewRootImpl(21505): Dropping event due to no window focus: MotionEvent { action=ACTION_MOVE, id[0]=0, x[0]=-3.0, y[0]=-1.0, toolType[0]=TOOL_TYPE_UNKNOWN, buttonState=0, metaState=0, flags=0x0, edgeFlags=0x0, pointerCount=1, historySize=9, eventTime=2765146, downTime=-1, deviceId=0, source=0x10004 }
W/ViewRootImpl(21505): Dropping event due to no window focus: MotionEvent { action=ACTION_DOWN, id[0]=0, x[0]=0.0, y[0]=0.0, toolType[0]=TOOL_TYPE_UNKNOWN, buttonState=0, metaState=0, flags=0x0, edgeFlags=0x0, pointerCount=1, historySize=0, eventTime=2765146, downTime=2765143, deviceId=0, source=0x10004 }
W/ViewRootImpl(21505): Dropping event due to no window focus: KeyEvent { action=ACTION_DOWN, keyCode=KEYCODE_DPAD_UP, scanCode=0, metaState=0, flags=0x8, repeatCount=0, eventTime=2765147, downTime=2765147, deviceId=-1, source=0x101 }
W/EGL_emulation(21505): eglSurfaceAttrib not implemented 3093 12436
V/InputMethodService(  656): onEvaluateInputViewShown: config.hardKeyboardHidden = 2
V/InputMethodService(  656): onEvaluateInputViewShown: config.hardKeyboardHidden = 2
D/dalvikvm(  656): GC_FOR_ALLOC freed 853K, 29% free 3174K/4416K, paused 2ms, total 3ms
I/dalvikvm-heap(  656): Grow heap (frag case) to 3.990MB for 869772-byte allocation
D/dalvikvm(  656): GC_CONCURRENT freed <1K, 9% free 4024K/4416K, paused 1ms+0ms, total 3ms
W/InputManager(  470): Input event injection from pid 21495 failed.
W/InputManager(  470): Input event injection from pid 21495 failed.
W/InputManager(  470): Input event injection from pid 21495 failed.
W/InputManager(  470): Input event injection from pid 21495 failed.
W/InputEventReceiver(21505): Attempted to finish an input event but the input event receiver has already been disposed.
W/EGL_emulation(21505): eglSurfaceAttrib not implemented 3093 12436
W/ViewRootImpl(21505): Dropping event due to no window focus: KeyEvent { action=ACTION_DOWN, keyCode=KEYCODE_NUMPAD_MULTIPLY, scanCode=0, metaState=0, flags=0x8, repeatCount=0, eventTime=2765219, downTime=2765219, deviceId=-1, source=0x101 }
W/ViewRootImpl(21505): Dropping event due to no window focus: KeyEvent { action=ACTION_DOWN, keyCode=KEYCODE_DPAD_RIGHT, scanCode=0, metaState=0, flags=0x8, repeatCount=0, eventTime=2765222, downTime=2765222, deviceId=-1, source=0x101 }
W/ViewRootImpl(21505): Dropping event due to no window focus: KeyEvent { action=ACTION_DOWN, keyCode=KEYCODE_DPAD_RIGHT, scanCode=0, metaState=0, flags=0x8, repeatCount=0, eventTime=2765231, downTime=2765231, deviceId=-1, source=0x101 }
W/ViewRootImpl(21505): Dropping event due to no window focus: KeyEvent { action=ACTION_DOWN, keyCode=KEYCODE_NUMPAD_6, scanCode=0, metaState=0, flags=0x8, repeatCount=0, eventTime=2765232, downTime=2765232, deviceId=-1, source=0x101 }
W/ViewRootImpl(21505): Dropping event due to no window focus: KeyEvent { action=ACTION_DOWN, keyCode=KEYCODE_DPAD_RIGHT, scanCode=0, metaState=0, flags=0x8, repeatCount=0, eventTime=2765232, downTime=2765232, deviceId=-1, source=0x101 }
W/ViewRootImpl(21505): Dropping event due to no window focus: KeyEvent { action=ACTION_DOWN, keyCode=KEYCODE_MENU, scanCode=0, metaState=0, flags=0x8, repeatCount=0, eventTime=2765235, downTime=2765235, deviceId=-1, source=0x101 }
W/ViewRootImpl(21505): Dropping event due to no window focus: KeyEvent { action=ACTION_DOWN, keyCode=KEYCODE_DPAD_CENTER, scanCode=0, metaState=0, flags=0x8, repeatCount=0, eventTime=2765241, downTime=2765241, deviceId=-1, source=0x101 }
W/ViewRootImpl(21505): Dropping event due to no window focus: KeyEvent { action=ACTION_DOWN, keyCode=KEYCODE_DPAD_LEFT, scanCode=0, metaState=0, flags=0x8, repeatCount=0, eventTime=2765243, downTime=2765243, deviceId=-1, source=0x101 }
W/ViewRootImpl(21505): Dropping event due to no window focus: KeyEvent { action=ACTION_DOWN, keyCode=KEYCODE_BREAK, scanCode=0, metaState=0, flags=0x8, repeatCount=0, eventTime=2765245, downTime=2765245, deviceId=-1, source=0x101 }
W/ViewRootImpl(21505): Dropping event due to no window focus: KeyEvent { action=ACTION_DOWN, keyCode=KEYCODE_DPAD_DOWN, scanCode=0, metaState=0, flags=0x8, repeatCount=0, eventTime=2765248, downTime=2765248, deviceId=-1, source=0x101 }
W/ViewRootImpl(21505): Dropping event due to no window focus: KeyEvent { action=ACTION_DOWN, keyCode=KEYCODE_DPAD_LEFT, scanCode=0, metaState=0, flags=0x8, repeatCount=0, eventTime=2765253, downTime=2765253, deviceId=-1, source=0x101 }
I/ActivityManager(  470): START u0 {act=android.intent.action.MAIN cat=[android.intent.category.HOME] flg=0x10200000 cmp=com.vphone.launcher/.Launcher} from pid 470
W/ViewRootImpl(21505): Dropping event due to no window focus: KeyEvent { action=ACTION_DOWN, keyCode=KEYCODE_DPAD_LEFT, scanCode=0, metaState=0, flags=0x8, repeatCount=0, eventTime=2765258, downTime=2765258, deviceId=-1, source=0x101 }
W/ViewRootImpl(21505): Dropping event due to no window focus: KeyEvent { action=ACTION_DOWN, keyCode=KEYCODE_DPAD_CENTER, scanCode=0, metaState=0, flags=0x8, repeatCount=0, eventTime=2765260, downTime=2765260, deviceId=-1, source=0x101 }
W/InputMethodManagerService(  470): Window already focused, ignoring focus gain of: com.android.internal.view.IInputMethodClient$Stub$Proxy@4b053960 attribute=null, token = android.os.BinderProxy@4ae6a204
I/ActivityManager(  470): START u0 {act=android.intent.action.MAIN cat=[android.intent.category.LAUNCHER] flg=0x10200000 cmp=com.ecovacs.ecosphere.intl/com.ecovacs.ecosphere.ui.WelcomeActivity} from pid 21495
W/InputMethodManagerService(  470): Window already focused, ignoring focus gain of: com.android.internal.view.IInputMethodClient$Stub$Proxy@4b037664 attribute=null, token = android.os.BinderProxy@4ae6a204
D/dalvikvm(  470): GC_FOR_ALLOC freed 2525K, 49% free 16413K/32172K, paused 20ms, total 21ms
V/InputMethodService(  656): onEvaluateInputViewShown: config.hardKeyboardHidden = 2
V/InputMethodService(  656): onEvaluateInputViewShown: config.hardKeyboardHidden = 2
W/ContextImpl(  470): Calling a method in the system process without a qualified user: android.app.ContextImpl.sendBroadcast:1123 com.android.server.InputMethodManagerService.showCurrentInputLocked:1791 com.android.server.InputMethodManagerService.showSoftInput:1753 com.android.internal.view.IInputMethodManager$Stub.onTransact:175 com.android.server.InputMethodManagerService.onTransact:818 
W/ViewRootImpl(21505): Dropping event due to no window focus: KeyEvent { action=ACTION_DOWN, keyCode=KEYCODE_DPAD_UP, scanCode=0, metaState=0, flags=0x8, repeatCount=0, eventTime=2765352, downTime=2765352, deviceId=-1, source=0x101 }
W/ViewRootImpl(21505): Dropping event due to no window focus: KeyEvent { action=ACTION_DOWN, keyCode=KEYCODE_DPAD_LEFT, scanCode=0, metaState=0, flags=0x8, repeatCount=0, eventTime=2765356, downTime=2765356, deviceId=-1, source=0x101 }
W/ViewRootImpl(21505): Dropping event due to no window focus: KeyEvent { action=ACTION_DOWN, keyCode=KEYCODE_DPAD_RIGHT, scanCode=0, metaState=0, flags=0x8, repeatCount=0, eventTime=2765356, downTime=2765356, deviceId=-1, source=0x101 }
W/ViewRootImpl(21505): Dropping event due to no window focus: MotionEvent { action=ACTION_MOVE, id[0]=0, x[0]=-2.0, y[0]=-4.0, toolType[0]=TOOL_TYPE_UNKNOWN, buttonState=0, metaState=0, flags=0x0, edgeFlags=0x0, pointerCount=1, historySize=9, eventTime=2765358, downTime=-1, deviceId=0, source=0x10004 }
W/ViewRootImpl(21505): Dropping event due to no window focus: KeyEvent { action=ACTION_DOWN, keyCode=KEYCODE_DPAD_CENTER, scanCode=0, metaState=0, flags=0x8, repeatCount=0, eventTime=2765358, downTime=2765358, deviceId=-1, source=0x101 }
W/ViewRootImpl(21505): Dropping event due to no window focus: KeyEvent { action=ACTION_DOWN, keyCode=KEYCODE_DPAD_DOWN, scanCode=0, metaState=0, flags=0x8, repeatCount=0, eventTime=2765371, downTime=2765371, deviceId=-1, source=0x101 }
W/EGL_emulation(21505): eglSurfaceAttrib not implemented 3093 12436
W/ViewRootImpl(21505): Dropping event due to no window focus: MotionEvent { action=ACTION_MOVE, id[0]=0, x[0]=1.0, y[0]=2.0, toolType[0]=TOOL_TYPE_UNKNOWN, buttonState=0, metaState=0, flags=0x0, edgeFlags=0x0, pointerCount=1, historySize=9, eventTime=2765374, downTime=-1, deviceId=0, source=0x10004 }
W/ViewRootImpl(21505): Dropping event due to no window focus: MotionEvent { action=ACTION_DOWN, id[0]=0, x[0]=0.0, y[0]=0.0, toolType[0]=TOOL_TYPE_UNKNOWN, buttonState=0, metaState=0, flags=0x0, edgeFlags=0x0, pointerCount=1, historySize=0, eventTime=2765374, downTime=2765373, deviceId=0, source=0x10004 }
W/ViewRootImpl(21505): Dropping event due to no window focus: KeyEvent { action=ACTION_DOWN, keyCode=KEYCODE_GRAVE, scanCode=0, metaState=0, flags=0x8, repeatCount=0, eventTime=2765374, downTime=2765374, deviceId=-1, source=0x101 }
W/ViewRootImpl(21505): Dropping event due to no window focus: KeyEvent { action=ACTION_DOWN, keyCode=KEYCODE_DPAD_CENTER, scanCode=0, metaState=0, flags=0x8, repeatCount=0, eventTime=2765391, downTime=2765391, deviceId=-1, source=0x101 }
W/ViewRootImpl(21505): Dropping event due to no window focus: KeyEvent { action=ACTION_DOWN, keyCode=KEYCODE_DPAD_CENTER, scanCode=0, metaState=0, flags=0x8, repeatCount=0, eventTime=2765392, downTime=2765392, deviceId=-1, source=0x101 }
W/InputMethodManagerService(  470): Window already focused, ignoring focus gain of: com.android.internal.view.IInputMethodClient$Stub$Proxy@4ac34e44 attribute=null, token = android.os.BinderProxy@4ae6a204
V/InputMethodService(  656): onEvaluateInputViewShown: config.hardKeyboardHidden = 2
V/InputMethodService(  656): onEvaluateInputViewShown: config.hardKeyboardHidden = 2
W/ContextImpl(  470): Calling a method in the system process without a qualified user: android.app.ContextImpl.sendBroadcast:1123 com.android.server.InputMethodManagerService.showCurrentInputLocked:1791 com.android.server.InputMethodManagerService.showSoftInput:1753 com.android.internal.view.IInputMethodManager$Stub.onTransact:175 com.android.server.InputMethodManagerService.onTransact:818 
I/ActivityManager(  470): START u0 {cmp=com.ecovacs.ecosphere.intl/com.ecovacs.ecosphere.ui.CountrySelectActivity} from pid 21505
D/dalvikvm(21505): GC_CONCURRENT freed 1399K, 20% free 7196K/8924K, paused 2ms+1ms, total 6ms
D/dalvikvm(21505): GC_FOR_ALLOC freed 1644K, 24% free 6783K/8924K, paused 3ms, total 3ms
D/dalvikvm(21505): GC_CONCURRENT freed 1179K, 24% free 6794K/8924K, paused 1ms+0ms, total 4ms
D/dalvikvm(21505): GC_FOR_ALLOC freed 1302K, 24% free 6797K/8924K, paused 3ms, total 3ms
D/dalvikvm(21505): GC_CONCURRENT freed 0K, 24% free 6814K/8924K, paused 1ms+0ms, total 3ms
D/dalvikvm(21505): GC_FOR_ALLOC freed 1337K, 24% free 6800K/8924K, paused 2ms, total 2ms
D/dalvikvm(21505): GC_CONCURRENT freed 0K, 24% free 6818K/8924K, paused 2ms+0ms, total 4ms
D/dalvikvm(21505): GC_CONCURRENT freed 1308K, 24% free 6836K/8924K, paused 2ms+0ms, total 8ms
D/dalvikvm(21505): WAIT_FOR_CONCURRENT_GC blocked 3ms
D/dalvikvm(21505): GC_FOR_ALLOC freed 1333K, 24% free 6805K/8924K, paused 3ms, total 3ms
D/dalvikvm(21505): GC_FOR_ALLOC freed 1330K, 24% free 6791K/8924K, paused 3ms, total 3ms
D/dalvikvm(21505): GC_CONCURRENT freed 0K, 24% free 6807K/8924K, paused 1ms+0ms, total 3ms
D/dalvikvm(21505): GC_CONCURRENT freed 1247K, 24% free 6867K/8924K, paused 3ms+0ms, total 6ms
D/dalvikvm(21505): WAIT_FOR_CONCURRENT_GC blocked 3ms
D/dalvikvm(21505): GC_FOR_ALLOC freed 1258K, 24% free 6810K/8924K, paused 2ms, total 2ms
D/dalvikvm(21505): GC_CONCURRENT freed 1194K, 24% free 6840K/8924K, paused 1ms+1ms, total 4ms
D/dalvikvm(21505): GC_FOR_ALLOC freed 1267K, 24% free 6823K/8924K, paused 3ms, total 3ms
D/dalvikvm(21505): GC_CONCURRENT freed 1212K, 24% free 6845K/8924K, paused 2ms+0ms, total 5ms
D/dalvikvm(21505): WAIT_FOR_CONCURRENT_GC blocked 1ms
D/dalvikvm(21505): GC_FOR_ALLOC freed 1209K, 24% free 6817K/8924K, paused 2ms, total 2ms
D/dalvikvm(21505): GC_FOR_ALLOC freed 1252K, 24% free 6797K/8924K, paused 3ms, total 3ms
D/dalvikvm(21505): GC_CONCURRENT freed 0K, 24% free 6818K/8924K, paused 2ms+0ms, total 5ms
D/dalvikvm(21505): GC_FOR_ALLOC freed 1217K, 24% free 6798K/8924K, paused 3ms, total 3ms
D/dalvikvm(21505): GC_CONCURRENT freed 1176K, 24% free 6821K/8924K, paused 1ms+0ms, total 3ms
D/dalvikvm(21505): GC_FOR_ALLOC freed 1209K, 24% free 6822K/8924K, paused 2ms, total 2ms
D/dalvikvm(21505): GC_CONCURRENT freed 0K, 24% free 6857K/8924K, paused 1ms+0ms, total 3ms
D/dalvikvm(21505): GC_FOR_ALLOC freed 1242K, 24% free 6799K/8924K, paused 4ms, total 4ms
D/dalvikvm(21505): GC_CONCURRENT freed 1189K, 24% free 6825K/8924K, paused 3ms+1ms, total 5ms
D/dalvikvm(21505): GC_FOR_ALLOC freed 1219K, 24% free 6826K/8924K, paused 2ms, total 2ms
D/dalvikvm(21505): GC_CONCURRENT freed 0K, 24% free 6863K/8924K, paused 2ms+0ms, total 5ms
D/dalvikvm(21505): GC_FOR_ALLOC freed 1158K, 24% free 6827K/8924K, paused 3ms, total 3ms
D/dalvikvm(21505): GC_FOR_ALLOC freed 1182K, 24% free 6802K/8924K, paused 3ms, total 3ms
D/dalvikvm(21505): GC_CONCURRENT freed 1141K, 24% free 6869K/8924K, paused 2ms+0ms, total 4ms
D/dalvikvm(21505): GC_FOR_ALLOC freed 1108K, 24% free 6830K/8924K, paused 3ms, total 3ms
D/dalvikvm(21505): GC_FOR_ALLOC freed 1156K, 24% free 6831K/8924K, paused 2ms, total 2ms
D/dalvikvm(21505): GC_FOR_ALLOC freed 1177K, 24% free 6804K/8924K, paused 2ms, total 2ms
D/dalvikvm(21505): GC_FOR_ALLOC freed 1126K, 24% free 6847K/8924K, paused 2ms, total 2ms
D/dalvikvm(21505): GC_FOR_ALLOC freed 1117K, 24% free 6849K/8924K, paused 2ms, total 2ms
D/dalvikvm(21505): GC_FOR_ALLOC freed 1105K, 24% free 6805K/8924K, paused 4ms, total 4ms
D/dalvikvm(21505): GC_FOR_ALLOC freed 1151K, 24% free 6806K/8924K, paused 3ms, total 3ms
D/dalvikvm(21505): GC_FOR_ALLOC freed 1170K, 24% free 6806K/8924K, paused 2ms, total 2ms
D/dalvikvm(21505): GC_FOR_ALLOC freed 1109K, 24% free 6853K/8924K, paused 3ms, total 3ms
D/dalvikvm(21505): GC_FOR_ALLOC freed 1094K, 24% free 6854K/8924K, paused 3ms, total 3ms
D/dalvikvm(21505): GC_FOR_ALLOC freed 1077K, 24% free 6839K/8924K, paused 4ms, total 4ms
D/dalvikvm(21505): GC_FOR_ALLOC freed 1123K, 24% free 6808K/8924K, paused 2ms, total 2ms
D/dalvikvm(21505): GC_FOR_ALLOC freed 1137K, 24% free 6841K/8924K, paused 2ms, total 2ms
D/dalvikvm(21505): GC_FOR_ALLOC freed 1069K, 24% free 6858K/8924K, paused 3ms, total 3ms
D/dalvikvm(21505): GC_FOR_ALLOC freed 1132K, 24% free 6809K/8924K, paused 2ms, total 3ms
D/dalvikvm(21505): GC_FOR_ALLOC freed 1095K, 24% free 6860K/8924K, paused 3ms, total 3ms
D/dalvikvm(21505): GC_FOR_ALLOC freed 1040K, 24% free 6844K/8924K, paused 2ms, total 2ms
D/dalvikvm(21505): GC_FOR_ALLOC freed 1086K, 24% free 6845K/8924K, paused 2ms, total 2ms
D/dalvikvm(21505): GC_FOR_ALLOC freed 1098K, 24% free 6845K/8924K, paused 3ms, total 3ms
D/dalvikvm(21505): GC_FOR_ALLOC freed 1110K, 24% free 6846K/8924K, paused 4ms, total 4ms
D/dalvikvm(21505): GC_FOR_ALLOC freed 1122K, 24% free 6811K/8924K, paused 3ms, total 3ms
D/dalvikvm(21505): GC_FOR_ALLOC freed 1043K, 24% free 6866K/8924K, paused 2ms, total 2ms
D/dalvikvm(21505): GC_FOR_ALLOC freed 1017K, 24% free 6867K/8924K, paused 2ms, total 2ms
D/dalvikvm(21505): GC_FOR_ALLOC freed 1118K, 24% free 6812K/8924K, paused 2ms, total 2ms
D/dalvikvm(21505): GC_FOR_ALLOC freed 1074K, 24% free 6869K/8924K, paused 4ms, total 4ms
D/dalvikvm(21505): GC_FOR_ALLOC freed 1046K, 24% free 6869K/8924K, paused 4ms, total 4ms
D/dalvikvm(21505): GC_FOR_ALLOC freed 1151K, 24% free 6813K/8924K, paused 2ms, total 2ms
D/dalvikvm(21505): GC_FOR_ALLOC freed 1066K, 24% free 6852K/8924K, paused 4ms, total 4ms
D/dalvikvm(21505): GC_FOR_ALLOC freed 1076K, 24% free 6853K/8924K, paused 2ms, total 2ms
D/dalvikvm(21505): GC_FOR_ALLOC freed 1085K, 24% free 6853K/8924K, paused 2ms, total 2ms
D/dalvikvm(21505): GC_FOR_ALLOC freed 1095K, 24% free 6854K/8924K, paused 3ms, total 3ms
D/dalvikvm(21505): GC_FOR_ALLOC freed 1105K, 24% free 6855K/8924K, paused 3ms, total 3ms
D/dalvikvm(21505): GC_FOR_ALLOC freed 1114K, 24% free 6816K/8924K, paused 4ms, total 4ms
D/dalvikvm(21505): GC_FOR_ALLOC freed 1124K, 24% free 6816K/8924K, paused 4ms, total 4ms
D/dalvikvm(21505): GC_FOR_ALLOC freed 1133K, 24% free 6816K/8924K, paused 3ms, total 3ms
D/dalvikvm(21505): GC_FOR_ALLOC freed 1041K, 23% free 6878K/8924K, paused 3ms, total 3ms
D/dalvikvm(21505): GC_FOR_ALLOC freed 1110K, 24% free 6817K/8924K, paused 3ms, total 3ms
D/dalvikvm(21505): GC_FOR_ALLOC freed 1056K, 23% free 6880K/8924K, paused 3ms, total 3ms
D/dalvikvm(21505): GC_FOR_ALLOC freed 1127K, 24% free 6817K/8924K, paused 2ms, total 2ms
D/dalvikvm(21505): GC_FOR_ALLOC freed 1073K, 23% free 6881K/8924K, paused 3ms, total 3ms
D/dalvikvm(21505): GC_FOR_ALLOC freed 1144K, 24% free 6818K/8924K, paused 2ms, total 2ms
D/dalvikvm(21505): GC_FOR_ALLOC freed 1046K, 24% free 6861K/8924K, paused 3ms, total 3ms
D/dalvikvm(21505): GC_FOR_ALLOC freed 1054K, 24% free 6862K/8924K, paused 2ms, total 2ms
D/dalvikvm(21505): GC_FOR_ALLOC freed 1061K, 24% free 6862K/8924K, paused 5ms, total 5ms
D/dalvikvm(21505): GC_FOR_ALLOC freed 1068K, 24% free 6863K/8924K, paused 2ms, total 2ms
D/dalvikvm(21505): GC_FOR_ALLOC freed 1076K, 24% free 6864K/8924K, paused 2ms, total 2ms
D/dalvikvm(21505): GC_FOR_ALLOC freed 1083K, 24% free 6864K/8924K, paused 3ms, total 3ms
D/dalvikvm(21505): GC_FOR_ALLOC freed 1090K, 24% free 6865K/8924K, paused 4ms, total 4ms
D/dalvikvm(21505): GC_FOR_ALLOC freed 1098K, 24% free 6820K/8924K, paused 3ms, total 3ms
D/dalvikvm(21505): GC_FOR_ALLOC freed 1105K, 24% free 6821K/8924K, paused 4ms, total 4ms
D/dalvikvm(21505): GC_FOR_ALLOC freed 1112K, 24% free 6821K/8924K, paused 2ms, total 2ms
D/dalvikvm(21505): GC_FOR_ALLOC freed 1005K, 23% free 6890K/8924K, paused 4ms, total 4ms
D/dalvikvm(21505): GC_FOR_ALLOC freed 1081K, 24% free 6822K/8924K, paused 3ms, total 3ms
D/dalvikvm(21505): GC_FOR_ALLOC freed 1018K, 23% free 6891K/8924K, paused 3ms, total 3ms
I/InputDispatcher(  470): Dropped event because of pending overdue app switch.
W/InputManager(  470): Input event injection from pid 21495 failed.
D/dalvikvm(21505): GC_FOR_ALLOC freed 977K, 23% free 6892K/8924K, paused 5ms, total 5ms
D/dalvikvm(21505): GC_FOR_ALLOC freed 982K, 23% free 6893K/8924K, paused 3ms, total 3ms
D/dalvikvm(21505): GC_FOR_ALLOC freed 1105K, 24% free 6823K/8924K, paused 3ms, total 3ms
D/dalvikvm(21505): GC_FOR_ALLOC freed 1041K, 23% free 6894K/8924K, paused 2ms, total 2ms
D/dalvikvm(21505): GC_FOR_ALLOC freed 1118K, 24% free 6823K/8924K, paused 3ms, total 3ms
D/dalvikvm(21505): GC_FOR_ALLOC freed 1053K, 23% free 6895K/8924K, paused 2ms, total 2ms
D/dalvikvm(21505): GC_FOR_ALLOC freed 1010K, 23% free 6896K/8924K, paused 2ms, total 2ms
D/dalvikvm(21505): GC_FOR_ALLOC freed 1016K, 23% free 6897K/8924K, paused 3ms, total 3ms
D/dalvikvm(21505): GC_FOR_ALLOC freed 1022K, 23% free 6897K/8924K, paused 3ms, total 3ms
D/dalvikvm(21505): GC_FOR_ALLOC freed 978K, 23% free 6874K/8924K, paused 2ms, total 2ms
D/dalvikvm(21505): GC_FOR_ALLOC freed 1032K, 23% free 6874K/8924K, paused 3ms, total 3ms
D/dalvikvm(21505): GC_FOR_ALLOC freed 1037K, 23% free 6875K/8924K, paused 2ms, total 2ms
D/dalvikvm(21505): GC_FOR_ALLOC freed 1043K, 23% free 6875K/8924K, paused 3ms, total 3ms
D/dalvikvm(21505): GC_FOR_ALLOC freed 1048K, 23% free 6876K/8924K, paused 3ms, total 3ms
D/dalvikvm(21505): GC_FOR_ALLOC freed 1053K, 24% free 6826K/8924K, paused 2ms, total 2ms
D/dalvikvm(21505): GC_FOR_ALLOC freed 1059K, 23% free 6877K/8924K, paused 2ms, total 2ms
D/dalvikvm(21505): GC_FOR_ALLOC freed 1064K, 23% free 6877K/8924K, paused 5ms, total 5ms
D/dalvikvm(21505): GC_FOR_ALLOC freed 1069K, 23% free 6877K/8924K, paused 3ms, total 3ms
D/dalvikvm(21505): GC_FOR_ALLOC freed 1074K, 23% free 6878K/8924K, paused 2ms, total 2ms
D/dalvikvm(21505): GC_FOR_ALLOC freed 950K, 23% free 6904K/8924K, paused 3ms, total 3ms
D/dalvikvm(21505): GC_FOR_ALLOC freed 1033K, 24% free 6827K/8924K, paused 2ms, total 2ms
D/dalvikvm(21505): GC_FOR_ALLOC freed 1090K, 23% free 6879K/8924K, paused 2ms, total 2ms
D/dalvikvm(21505): GC_FOR_ALLOC freed 1094K, 23% free 6880K/8924K, paused 2ms, total 2ms
D/dalvikvm(21505): GC_FOR_ALLOC freed 1100K, 23% free 6880K/8924K, paused 2ms, total 2ms
D/dalvikvm(21505): GC_FOR_ALLOC freed 1105K, 23% free 6881K/8924K, paused 2ms, total 2ms
D/dalvikvm(21505): GC_FOR_ALLOC freed 925K, 23% free 6881K/8924K, paused 2ms, total 2ms
D/dalvikvm(21505): GC_FOR_ALLOC freed 981K, 23% free 6908K/8924K, paused 2ms, total 2ms
D/dalvikvm(21505): GC_FOR_ALLOC freed 932K, 23% free 6909K/8924K, paused 2ms, total 2ms
D/dalvikvm(21505): GC_FOR_ALLOC freed 936K, 23% free 6909K/8924K, paused 2ms, total 2ms
D/dalvikvm(21505): GC_FOR_ALLOC freed 940K, 23% free 6910K/8924K, paused 2ms, total 2ms
D/dalvikvm(21505): GC_FOR_ALLOC freed 944K, 23% free 6910K/8924K, paused 2ms, total 2ms
D/dalvikvm(21505): GC_FOR_ALLOC freed 1083K, 24% free 6830K/8924K, paused 4ms, total 4ms
D/dalvikvm(21505): GC_FOR_ALLOC freed 1006K, 23% free 6912K/8924K, paused 4ms, total 4ms
D/dalvikvm(21505): GC_FOR_ALLOC freed 956K, 23% free 6912K/8924K, paused 3ms, total 3ms
D/dalvikvm(21505): GC_FOR_ALLOC freed 959K, 23% free 6913K/8924K, paused 2ms, total 2ms
D/dalvikvm(21505): GC_FOR_ALLOC freed 963K, 23% free 6913K/8924K, paused 3ms, total 3ms
D/dalvikvm(21505): GC_FOR_ALLOC freed 966K, 23% free 6914K/8924K, paused 2ms, total 3ms
D/dalvikvm(21505): GC_FOR_ALLOC freed 970K, 23% free 6914K/8924K, paused 2ms, total 2ms
D/dalvikvm(21505): GC_FOR_ALLOC freed 918K, 23% free 6887K/8924K, paused 3ms, total 3ms
D/dalvikvm(21505): GC_FOR_ALLOC freed 978K, 23% free 6887K/8924K, paused 2ms, total 2ms
D/dalvikvm(21505): GC_FOR_ALLOC freed 981K, 23% free 6888K/8924K, paused 2ms, total 2ms
D/dalvikvm(21505): GC_FOR_ALLOC freed 985K, 23% free 6888K/8924K, paused 3ms, total 3ms
D/dalvikvm(21505): GC_FOR_ALLOC freed 990K, 23% free 6889K/8924K, paused 3ms, total 3ms
D/dalvikvm(21505): GC_FOR_ALLOC freed 993K, 23% free 6889K/8924K, paused 2ms, total 2ms
D/dalvikvm(21505): GC_FOR_ALLOC freed 997K, 23% free 6890K/8924K, paused 3ms, total 3ms
D/dalvikvm(21505): GC_FOR_ALLOC freed 1001K, 23% free 6890K/8924K, paused 2ms, total 2ms
D/dalvikvm(21505): GC_FOR_ALLOC freed 1004K, 23% free 6891K/8924K, paused 2ms, total 2ms
D/dalvikvm(21505): GC_FOR_ALLOC freed 1008K, 23% free 6891K/8924K, paused 2ms, total 2ms
D/dalvikvm(21505): GC_FOR_ALLOC freed 1012K, 23% free 6891K/8924K, paused 3ms, total 3ms
D/dalvikvm(21505): GC_FOR_ALLOC freed 1015K, 24% free 6834K/8924K, paused 3ms, total 3ms
D/dalvikvm(21505): GC_FOR_ALLOC freed 1020K, 23% free 6892K/8924K, paused 2ms, total 2ms
D/dalvikvm(21505): GC_FOR_ALLOC freed 1023K, 23% free 6893K/8924K, paused 3ms, total 3ms
D/dalvikvm(21505): GC_FOR_ALLOC freed 880K, 23% free 6922K/8924K, paused 2ms, total 2ms
D/dalvikvm(21505): GC_FOR_ALLOC freed 971K, 24% free 6835K/8924K, paused 3ms, total 3ms
D/dalvikvm(21505): GC_FOR_ALLOC freed 886K, 23% free 6923K/8924K, paused 1ms, total 1ms
D/dalvikvm(21505): GC_FOR_ALLOC freed 830K, 23% free 6924K/8924K, paused 3ms, total 3ms
D/dalvikvm(21505): GC_FOR_ALLOC freed 832K, 23% free 6924K/8924K, paused 2ms, total 2ms
D/dalvikvm(21505): GC_FOR_ALLOC freed 984K, 24% free 6835K/8924K, paused 3ms, total 3ms
D/dalvikvm(21505): GC_FOR_ALLOC freed 837K, 23% free 6895K/8924K, paused 2ms, total 2ms
D/dalvikvm(21505): GC_FOR_ALLOC freed 841K, 23% free 6896K/8924K, paused 2ms, total 2ms
D/dalvikvm(21505): GC_FOR_ALLOC freed 843K, 23% free 6896K/8924K, paused 2ms, total 2ms
D/dalvikvm(21505): GC_FOR_ALLOC freed 846K, 23% free 6896K/8924K, paused 2ms, total 2ms
D/dalvikvm(21505): GC_FOR_ALLOC freed 848K, 23% free 6897K/8924K, paused 2ms, total 2ms
D/dalvikvm(21505): GC_FOR_ALLOC freed 851K, 23% free 6897K/8924K, paused 2ms, total 2ms
D/dalvikvm(21505): GC_FOR_ALLOC freed 852K, 23% free 6897K/8924K, paused 2ms, total 2ms
D/dalvikvm(21505): GC_FOR_ALLOC freed 855K, 23% free 6898K/8924K, paused 2ms, total 2ms
D/dalvikvm(21505): GC_FOR_ALLOC freed 857K, 24% free 6837K/8924K, paused 2ms, total 2ms
D/dalvikvm(21505): GC_FOR_ALLOC freed 860K, 23% free 6898K/8924K, paused 2ms, total 2ms
D/dalvikvm(21505): GC_FOR_ALLOC freed 862K, 23% free 6899K/8924K, paused 3ms, total 3ms
D/dalvikvm(21505): GC_FOR_ALLOC freed 865K, 23% free 6899K/8924K, paused 3ms, total 3ms
D/dalvikvm(21505): GC_FOR_ALLOC freed 867K, 23% free 6900K/8924K, paused 2ms, total 2ms
D/dalvikvm(21505): GC_FOR_ALLOC freed 870K, 24% free 6838K/8924K, paused 2ms, total 2ms
D/dalvikvm(21505): GC_FOR_ALLOC freed 871K, 23% free 6900K/8924K, paused 2ms, total 2ms
D/dalvikvm(21505): GC_FOR_ALLOC freed 874K, 23% free 6900K/8924K, paused 2ms, total 2ms
D/dalvikvm(21505): GC_FOR_ALLOC freed 876K, 23% free 6901K/8924K, paused 2ms, total 2ms
D/dalvikvm(21505): GC_FOR_ALLOC freed 879K, 23% free 6901K/8924K, paused 2ms, total 2ms
D/dalvikvm(21505): GC_FOR_ALLOC freed 723K, 23% free 6933K/8924K, paused 2ms, total 2ms
D/dalvikvm(21505): GC_FOR_ALLOC freed 821K, 23% free 6902K/8924K, paused 2ms, total 2ms
D/dalvikvm(21505): GC_FOR_ALLOC freed 885K, 23% free 6902K/8924K, paused 1ms, total 1ms
D/dalvikvm(21505): GC_FOR_ALLOC freed 888K, 23% free 6903K/8924K, paused 3ms, total 3ms
D/dalvikvm(21505): GC_FOR_ALLOC freed 731K, 23% free 6935K/8924K, paused 2ms, total 2ms
D/dalvikvm(21505): GC_FOR_ALLOC freed 829K, 23% free 6903K/8924K, paused 2ms, total 2ms
D/dalvikvm(21505): GC_FOR_ALLOC freed 895K, 23% free 6903K/8924K, paused 2ms, total 2ms
D/dalvikvm(21505): GC_FOR_ALLOC freed 897K, 23% free 6904K/8924K, paused 3ms, total 3ms
D/dalvikvm(21505): GC_FOR_ALLOC freed 738K, 23% free 6936K/8924K, paused 2ms, total 2ms
D/dalvikvm(21505): GC_FOR_ALLOC freed 837K, 23% free 6904K/8924K, paused 2ms, total 2ms
D/dalvikvm(21505): GC_FOR_ALLOC freed 903K, 23% free 6905K/8924K, paused 2ms, total 2ms
D/dalvikvm(21505): GC_FOR_ALLOC freed 906K, 23% free 6905K/8924K, paused 2ms, total 2ms
D/dalvikvm(21505): GC_FOR_ALLOC freed 746K, 23% free 6938K/8924K, paused 2ms, total 2ms
D/dalvikvm(21505): GC_FOR_ALLOC freed 845K, 23% free 6906K/8924K, paused 2ms, total 2ms
D/dalvikvm(21505): GC_FOR_ALLOC freed 913K, 23% free 6906K/8924K, paused 2ms, total 2ms
D/dalvikvm(21505): GC_FOR_ALLOC freed 915K, 23% free 6906K/8924K, paused 2ms, total 2ms
D/dalvikvm(21505): GC_FOR_ALLOC freed 753K, 23% free 6939K/8924K, paused 2ms, total 2ms
D/dalvikvm(21505): GC_FOR_ALLOC freed 853K, 23% free 6907K/8924K, paused 3ms, total 3ms
D/dalvikvm(21505): GC_FOR_ALLOC freed 922K, 23% free 6907K/8924K, paused 2ms, total 2ms
D/dalvikvm(21505): GC_FOR_ALLOC freed 923K, 23% free 6908K/8924K, paused 2ms, total 2ms
D/dalvikvm(21505): GC_FOR_ALLOC freed 761K, 23% free 6941K/8924K, paused 2ms, total 2ms
D/dalvikvm(21505): GC_FOR_ALLOC freed 861K, 23% free 6908K/8924K, paused 3ms, total 3ms
D/dalvikvm(21505): GC_FOR_ALLOC freed 930K, 24% free 6842K/8924K, paused 2ms, total 2ms
D/dalvikvm(21505): GC_FOR_ALLOC freed 932K, 24% free 6842K/8924K, paused 3ms, total 3ms
D/dalvikvm(21505): GC_FOR_ALLOC freed 935K, 24% free 6842K/8924K, paused 2ms, total 2ms
D/dalvikvm(21505): GC_FOR_ALLOC freed 770K, 23% free 6943K/8924K, paused 2ms, total 2ms
D/dalvikvm(21505): GC_FOR_ALLOC freed 704K, 23% free 6943K/8924K, paused 2ms, total 2ms
D/dalvikvm(21505): GC_FOR_ALLOC freed 706K, 23% free 6944K/8924K, paused 2ms, total 2ms
D/dalvikvm(21505): GC_FOR_ALLOC freed 707K, 23% free 6944K/8924K, paused 2ms, total 2ms
D/dalvikvm(21505): GC_FOR_ALLOC freed 709K, 23% free 6944K/8924K, paused 2ms, total 2ms
D/dalvikvm(21505): GC_FOR_ALLOC freed 710K, 23% free 6945K/8924K, paused 3ms, total 3ms
D/dalvikvm(21505): GC_FOR_ALLOC freed 711K, 23% free 6945K/8924K, paused 2ms, total 2ms
D/dalvikvm(21505): GC_FOR_ALLOC freed 713K, 23% free 6945K/8924K, paused 2ms, total 2ms
D/dalvikvm(21505): GC_FOR_ALLOC freed 714K, 23% free 6946K/8924K, paused 1ms, total 1ms
D/dalvikvm(21505): GC_FOR_ALLOC freed 715K, 23% free 6946K/8924K, paused 2ms, total 2ms
D/dalvikvm(21505): GC_FOR_ALLOC freed 717K, 23% free 6946K/8924K, paused 2ms, total 2ms
D/dalvikvm(21505): GC_FOR_ALLOC freed 649K, 23% free 6912K/8924K, paused 2ms, total 2ms
D/dalvikvm(21505): GC_FOR_ALLOC freed 719K, 23% free 6913K/8924K, paused 2ms, total 2ms
D/dalvikvm(21505): GC_FOR_ALLOC freed 720K, 23% free 6913K/8924K, paused 1ms, total 1ms
D/dalvikvm(21505): GC_FOR_ALLOC freed 791K, 23% free 6948K/8924K, paused 2ms, total 2ms
D/dalvikvm(21505): GC_FOR_ALLOC freed 724K, 23% free 6948K/8924K, paused 2ms, total 2ms
D/dalvikvm(21505): GC_FOR_ALLOC freed 725K, 23% free 6948K/8924K, paused 2ms, total 2ms
D/dalvikvm(21505): GC_FOR_ALLOC freed 726K, 23% free 6949K/8924K, paused 3ms, total 3ms
D/dalvikvm(21505): GC_FOR_ALLOC freed 727K, 23% free 6949K/8924K, paused 2ms, total 2ms
D/dalvikvm(21505): GC_FOR_ALLOC freed 659K, 23% free 6914K/8924K, paused 2ms, total 2ms
D/dalvikvm(21505): GC_FOR_ALLOC freed 730K, 23% free 6915K/8924K, paused 1ms, total 1ms
D/dalvikvm(21505): GC_FOR_ALLOC freed 731K, 23% free 6915K/8924K, paused 2ms, total 2ms
D/dalvikvm(21505): GC_FOR_ALLOC freed 803K, 23% free 6950K/8924K, paused 2ms, total 2ms
D/dalvikvm(21505): GC_FOR_ALLOC freed 734K, 23% free 6950K/8924K, paused 2ms, total 2ms
D/dalvikvm(21505): GC_FOR_ALLOC freed 735K, 23% free 6951K/8924K, paused 2ms, total 2ms
D/dalvikvm(21505): GC_FOR_ALLOC freed 737K, 23% free 6951K/8924K, paused 2ms, total 2ms
D/dalvikvm(21505): GC_FOR_ALLOC freed 738K, 23% free 6951K/8924K, paused 3ms, total 3ms
D/dalvikvm(21505): GC_FOR_ALLOC freed 669K, 23% free 6917K/8924K, paused 2ms, total 2ms
D/dalvikvm(21505): GC_FOR_ALLOC freed 741K, 23% free 6917K/8924K, paused 2ms, total 2ms
D/dalvikvm(21505): GC_FOR_ALLOC freed 742K, 23% free 6917K/8924K, paused 2ms, total 2ms
D/dalvikvm(21505): GC_FOR_ALLOC freed 815K, 23% free 6953K/8924K, paused 2ms, total 2ms
D/dalvikvm(21505): GC_FOR_ALLOC freed 745K, 23% free 6953K/8924K, paused 3ms, total 3ms
D/dalvikvm(21505): GC_FOR_ALLOC freed 746K, 23% free 6953K/8924K, paused 2ms, total 2ms
D/dalvikvm(21505): GC_FOR_ALLOC freed 748K, 23% free 6954K/8924K, paused 3ms, total 3ms
D/dalvikvm(21505): GC_FOR_ALLOC freed 749K, 23% free 6954K/8924K, paused 2ms, total 2ms
D/dalvikvm(21505): GC_FOR_ALLOC freed 679K, 23% free 6919K/8924K, paused 2ms, total 2ms
D/dalvikvm(21505): GC_FOR_ALLOC freed 752K, 23% free 6919K/8924K, paused 2ms, total 2ms
D/dalvikvm(21505): GC_FOR_ALLOC freed 753K, 23% free 6919K/8924K, paused 3ms, total 3ms
D/dalvikvm(21505): GC_FOR_ALLOC freed 755K, 23% free 6919K/8924K, paused 2ms, total 2ms
D/dalvikvm(21505): GC_FOR_ALLOC freed 755K, 23% free 6920K/8924K, paused 2ms, total 2ms
D/dalvikvm(21505): GC_FOR_ALLOC freed 757K, 23% free 6920K/8924K, paused 2ms, total 2ms
D/dalvikvm(21505): GC_FOR_ALLOC freed 758K, 23% free 6920K/8924K, paused 2ms, total 2ms
D/dalvikvm(21505): GC_FOR_ALLOC freed 759K, 23% free 6920K/8924K, paused 2ms, total 2ms
D/dalvikvm(21505): GC_FOR_ALLOC freed 761K, 23% free 6921K/8924K, paused 3ms, total 3ms
D/dalvikvm(21505): GC_FOR_ALLOC freed 762K, 23% free 6921K/8924K, paused 2ms, total 2ms
D/dalvikvm(21505): GC_FOR_ALLOC freed 764K, 23% free 6921K/8924K, paused 1ms, total 1ms
D/dalvikvm(21505): GC_FOR_ALLOC freed 766K, 23% free 6921K/8924K, paused 2ms, total 2ms
D/dalvikvm(21505): GC_FOR_ALLOC freed 766K, 23% free 6922K/8924K, paused 2ms, total 2ms
D/dalvikvm(21505): GC_FOR_ALLOC freed 768K, 23% free 6922K/8924K, paused 3ms, total 3ms
D/dalvikvm(21505): GC_FOR_ALLOC freed 770K, 23% free 6922K/8924K, paused 4ms, total 4ms
D/dalvikvm(21505): GC_FOR_ALLOC freed 771K, 23% free 6923K/8924K, paused 3ms, total 4ms
D/dalvikvm(21505): GC_FOR_ALLOC freed 773K, 23% free 6923K/8924K, paused 2ms, total 2ms
D/dalvikvm(21505): GC_FOR_ALLOC freed 774K, 23% free 6923K/8924K, paused 2ms, total 2ms
D/dalvikvm(21505): GC_FOR_ALLOC freed 776K, 23% free 6923K/8924K, paused 2ms, total 2ms
D/dalvikvm(21505): GC_FOR_ALLOC freed 777K, 23% free 6924K/8924K, paused 2ms, total 2ms
D/dalvikvm(21505): GC_FOR_ALLOC freed 778K, 23% free 6924K/8924K, paused 2ms, total 2ms
D/dalvikvm(21505): GC_FOR_ALLOC freed 780K, 23% free 6924K/8924K, paused 2ms, total 2ms
D/dalvikvm(21505): GC_FOR_ALLOC freed 781K, 23% free 6924K/8924K, paused 3ms, total 3ms
D/dalvikvm(21505): GC_FOR_ALLOC freed 782K, 23% free 6925K/8924K, paused 2ms, total 2ms
D/dalvikvm(21505): GC_FOR_ALLOC freed 783K, 23% free 6925K/8924K, paused 2ms, total 2ms
D/dalvikvm(21505): GC_FOR_ALLOC freed 785K, 23% free 6925K/8924K, paused 2ms, total 2ms
D/dalvikvm(21505): GC_FOR_ALLOC freed 786K, 23% free 6925K/8924K, paused 2ms, total 2ms
D/dalvikvm(21505): GC_FOR_ALLOC freed 787K, 23% free 6926K/8924K, paused 3ms, total 3ms
D/dalvikvm(21505): GC_FOR_ALLOC freed 789K, 23% free 6926K/8924K, paused 2ms, total 2ms
D/dalvikvm(21505): GC_FOR_ALLOC freed 790K, 23% free 6926K/8924K, paused 1ms, total 1ms
D/dalvikvm(21505): GC_FOR_ALLOC freed 791K, 23% free 6926K/8924K, paused 2ms, total 2ms
D/dalvikvm(21505): GC_FOR_ALLOC freed 793K, 24% free 6851K/8924K, paused 2ms, total 2ms
D/dalvikvm(21505): GC_FOR_ALLOC freed 794K, 24% free 6851K/8924K, paused 2ms, total 2ms
D/dalvikvm(21505): GC_FOR_ALLOC freed 796K, 24% free 6851K/8924K, paused 3ms, total 3ms
D/dalvikvm(21505): GC_FOR_ALLOC freed 797K, 24% free 6852K/8924K, paused 3ms, total 3ms
D/dalvikvm(21505): GC_FOR_ALLOC freed 798K, 24% free 6852K/8924K, paused 3ms, total 3ms
D/dalvikvm(21505): GC_FOR_ALLOC freed 800K, 24% free 6852K/8924K, paused 2ms, total 2ms
D/dalvikvm(21505): GC_FOR_ALLOC freed 801K, 24% free 6852K/8924K, paused 2ms, total 2ms
D/dalvikvm(21505): GC_FOR_ALLOC freed 803K, 24% free 6852K/8924K, paused 3ms, total 3ms
D/dalvikvm(21505): GC_FOR_ALLOC freed 804K, 24% free 6852K/8924K, paused 2ms, total 2ms
D/dalvikvm(21505): GC_FOR_ALLOC freed 805K, 24% free 6852K/8924K, paused 2ms, total 2ms
D/dalvikvm(21505): GC_FOR_ALLOC freed 807K, 24% free 6852K/8924K, paused 2ms, total 2ms
D/dalvikvm(21505): GC_FOR_ALLOC freed 807K, 24% free 6853K/8924K, paused 2ms, total 2ms
D/dalvikvm(21505): GC_FOR_ALLOC freed 809K, 24% free 6853K/8924K, paused 2ms, total 2ms
D/dalvikvm(21505): GC_FOR_ALLOC freed 811K, 24% free 6853K/8924K, paused 2ms, total 2ms
W/EGL_emulation(21505): eglSurfaceAttrib not implemented 3093 12436
W/ViewRootImpl(21505): Dropping event due to no window focus: KeyEvent { action=ACTION_DOWN, keyCode=KEYCODE_DPAD_UP, scanCode=0, metaState=0, flags=0x8, repeatCount=0, eventTime=2766267, downTime=2766267, deviceId=-1, source=0x101 }
W/ContextImpl(  470): Calling a method in the system process without a qualified user: android.app.ContextImpl.sendBroadcast:1123 com.android.server.InputMethodManagerService.hideCurrentInputLocked:1880 com.android.server.InputMethodManagerService.windowGainedFocus:1968 com.android.internal.view.IInputMethodManager$Stub.onTransact:221 com.android.server.InputMethodManagerService.onTransact:818 
I/ActivityManager(  470): Displayed com.ecovacs.ecosphere.intl/com.ecovacs.ecosphere.ui.CountrySelectActivity: +942ms
W/ViewRootImpl(21505): Dropping event due to no window focus: KeyEvent { action=ACTION_DOWN, keyCode=KEYCODE_DPAD_DOWN, scanCode=0, metaState=0, flags=0x8, repeatCount=0, eventTime=2766558, downTime=2766558, deviceId=-1, source=0x101 }
W/ViewRootImpl(21505): Dropping event due to no window focus: MotionEvent { action=ACTION_MOVE, id[0]=0, x[0]=-1.0, y[0]=-3.0, toolType[0]=TOOL_TYPE_UNKNOWN, buttonState=0, metaState=0, flags=0x0, edgeFlags=0x0, pointerCount=1, historySize=2, eventTime=2766561, downTime=-1, deviceId=0, source=0x10004 }
W/EGL_emulation(21505): eglSurfaceAttrib not implemented 3093 12436
I/ActivityManager(  470): START u0 {act=android.intent.action.MAIN cat=[android.intent.category.LAUNCHER] flg=0x10200000 cmp=com.ecovacs.ecosphere.intl/com.ecovacs.ecosphere.ui.WelcomeActivity} from pid 21495
W/InputMethodManagerService(  470): Window already focused, ignoring focus gain of: com.android.internal.view.IInputMethodClient$Stub$Proxy@4a9f48cc attribute=null, token = android.os.BinderProxy@4aa34d20
W/ViewRootImpl(21505): Dropping event due to no window focus: KeyEvent { action=ACTION_DOWN, keyCode=KEYCODE_DPAD_UP, scanCode=0, metaState=0, flags=0x8, repeatCount=0, eventTime=2766696, downTime=2766696, deviceId=-1, source=0x101 }
W/EGL_emulation(21505): eglSurfaceAttrib not implemented 3093 12436
W/InputManager(  470): Input event injection from pid 21495 failed.
W/InputManager(  470): Input event injection from pid 21495 failed.
W/InputManager(  470): Input event injection from pid 21495 failed.
I/ActivityManager(  470): START u0 {act=android.intent.action.MAIN cat=[android.intent.category.LAUNCHER] flg=0x10200000 cmp=com.ecovacs.ecosphere.intl/com.ecovacs.ecosphere.ui.WelcomeActivity} from pid 21495
W/InputMethodManagerService(  470): Window already focused, ignoring focus gain of: com.android.internal.view.IInputMethodClient$Stub$Proxy@4a9bfec4 attribute=null, token = android.os.BinderProxy@4aa34d20
W/ViewRootImpl(21505): Dropping event due to no window focus: KeyEvent { action=ACTION_DOWN, keyCode=KEYCODE_DPAD_UP, scanCode=0, metaState=0, flags=0x8, repeatCount=0, eventTime=2766763, downTime=2766763, deviceId=-1, source=0x101 }
W/ViewRootImpl(21505): Dropping event due to no window focus: KeyEvent { action=ACTION_DOWN, keyCode=KEYCODE_DPAD_RIGHT, scanCode=0, metaState=0, flags=0x8, repeatCount=0, eventTime=2766767, downTime=2766767, deviceId=-1, source=0x101 }
W/ViewRootImpl(21505): Dropping event due to no window focus: KeyEvent { action=ACTION_DOWN, keyCode=KEYCODE_DPAD_CENTER, scanCode=0, metaState=0, flags=0x8, repeatCount=0, eventTime=2766770, downTime=2766770, deviceId=-1, source=0x101 }
W/ViewRootImpl(21505): Dropping event due to no window focus: KeyEvent { action=ACTION_DOWN, keyCode=KEYCODE_DPAD_CENTER, scanCode=0, metaState=0, flags=0x8, repeatCount=0, eventTime=2766771, downTime=2766771, deviceId=-1, source=0x101 }
W/ViewRootImpl(21505): Dropping event due to no window focus: KeyEvent { action=ACTION_DOWN, keyCode=KEYCODE_MENU, scanCode=0, metaState=0, flags=0x8, repeatCount=0, eventTime=2766774, downTime=2766774, deviceId=-1, source=0x101 }
W/ViewRootImpl(21505): Dropping event due to no window focus: KeyEvent { action=ACTION_DOWN, keyCode=KEYCODE_8, scanCode=0, metaState=0, flags=0x8, repeatCount=0, eventTime=2766776, downTime=2766776, deviceId=-1, source=0x101 }
W/ViewRootImpl(21505): Dropping event due to no window focus: KeyEvent { action=ACTION_DOWN, keyCode=KEYCODE_MENU, scanCode=0, metaState=0, flags=0x8, repeatCount=0, eventTime=2766779, downTime=2766779, deviceId=-1, source=0x101 }
W/ViewRootImpl(21505): Dropping event due to no window focus: KeyEvent { action=ACTION_DOWN, keyCode=KEYCODE_DPAD_RIGHT, scanCode=0, metaState=0, flags=0x8, repeatCount=0, eventTime=2766780, downTime=2766780, deviceId=-1, source=0x101 }
W/EGL_emulation(21505): eglSurfaceAttrib not implemented 3093 12436
W/InputMethodManagerService(  470): Window already focused, ignoring focus gain of: com.android.internal.view.IInputMethodClient$Stub$Proxy@4b0c7004 attribute=null, token = android.os.BinderProxy@4aa34d20
W/ViewRootImpl(21505): Dropping event due to no window focus: KeyEvent { action=ACTION_DOWN, keyCode=KEYCODE_CALL, scanCode=0, metaState=0, flags=0x8, repeatCount=0, eventTime=2767015, downTime=2767015, deviceId=-1, source=0x101 }
W/ViewRootImpl(21505): Dropping event due to no window focus: KeyEvent { action=ACTION_DOWN, keyCode=KEYCODE_DPAD_CENTER, scanCode=0, metaState=0, flags=0x8, repeatCount=0, eventTime=2767020, downTime=2767020, deviceId=-1, source=0x101 }
W/ViewRootImpl(21505): Dropping event due to no window focus: KeyEvent { action=ACTION_DOWN, keyCode=KEYCODE_DPAD_DOWN, scanCode=0, metaState=0, flags=0x8, repeatCount=0, eventTime=2767022, downTime=2767022, deviceId=-1, source=0x101 }
W/ViewRootImpl(21505): Dropping event due to no window focus: KeyEvent { action=ACTION_DOWN, keyCode=KEYCODE_DPAD_CENTER, scanCode=0, metaState=0, flags=0x8, repeatCount=0, eventTime=2767023, downTime=2767023, deviceId=-1, source=0x101 }
W/ViewRootImpl(21505): Dropping event due to no window focus: MotionEvent { action=ACTION_MOVE, id[0]=0, x[0]=-5.0, y[0]=-2.0, toolType[0]=TOOL_TYPE_UNKNOWN, buttonState=0, metaState=0, flags=0x0, edgeFlags=0x0, pointerCount=1, historySize=9, eventTime=2767026, downTime=-1, deviceId=0, source=0x10004 }
W/ViewRootImpl(21505): Dropping event due to no window focus: MotionEvent { action=ACTION_DOWN, id[0]=0, x[0]=0.0, y[0]=0.0, toolType[0]=TOOL_TYPE_UNKNOWN, buttonState=0, metaState=0, flags=0x0, edgeFlags=0x0, pointerCount=1, historySize=0, eventTime=2767026, downTime=2767025, deviceId=0, source=0x10004 }
W/ViewRootImpl(21505): Dropping event due to no window focus: KeyEvent { action=ACTION_DOWN, keyCode=KEYCODE_MENU, scanCode=0, metaState=0, flags=0x8, repeatCount=0, eventTime=2767026, downTime=2767026, deviceId=-1, source=0x101 }
W/EGL_emulation(21505): eglSurfaceAttrib not implemented 3093 12436
W/ViewRootImpl(21505): Dropping event due to no window focus: KeyEvent { action=ACTION_DOWN, keyCode=KEYCODE_DPAD_LEFT, scanCode=0, metaState=0, flags=0x8, repeatCount=0, eventTime=2767096, downTime=2767096, deviceId=-1, source=0x101 }
W/InputMethodManagerService(  470): Window already focused, ignoring focus gain of: com.android.internal.view.IInputMethodClient$Stub$Proxy@4acb5b0c attribute=null, token = android.os.BinderProxy@4aa34d20
I/ActivityManager(  470): START u0 {act=android.intent.action.CALL_BUTTON flg=0x10000000} from pid 21505
W/PhoneFallbackEventHandler(21505): No activity found for android.intent.action.CALL_BUTTON.
W/WindowManager(  470): updateFocusedWindowLocked, focusedAppToken is null.
W/ViewRootImpl(  556): Dropping event due to no window focus: KeyEvent { action=ACTION_DOWN, keyCode=KEYCODE_DPAD_DOWN, scanCode=0, metaState=0, flags=0x8, repeatCount=0, eventTime=2767193, downTime=2767193, deviceId=-1, source=0x101 }
W/ViewRootImpl(  556): Dropping event due to no window focus: MotionEvent { action=ACTION_MOVE, id[0]=0, x[0]=0.0, y[0]=3.0, toolType[0]=TOOL_TYPE_UNKNOWN, buttonState=0, metaState=0, flags=0x0, edgeFlags=0x0, pointerCount=1, historySize=6, eventTime=2767194, downTime=-1, deviceId=0, source=0x10004 }
W/ContextImpl(  470): Calling a method in the system process without a qualified user: android.app.ContextImpl.sendBroadcast:1123 com.android.server.InputMethodManagerService.hideCurrentInputLocked:1880 com.android.server.InputMethodManagerService.windowGainedFocus:1968 com.android.internal.view.IInputMethodManager$Stub.onTransact:221 com.android.server.InputMethodManagerService.onTransact:818 
W/InputEventReceiver(  556): Attempted to finish an input event but the input event receiver has already been disposed.
W/InputEventReceiver(  556): Attempted to finish an input event but the input event receiver has already been disposed.
W/InputEventReceiver(  556): Attempted to finish an input event but the input event receiver has already been disposed.
W/InputEventReceiver(  556): Attempted to finish an input event but the input event receiver has already been disposed.
W/InputEventReceiver(  556): Attempted to finish an input event but the input event receiver has already been disposed.
W/InputEventReceiver(  556): Attempted to finish an input event but the input event receiver has already been disposed.
W/InputEventReceiver(  556): Attempted to finish an input event but the input event receiver has already been disposed.
W/InputEventReceiver(  556): Attempted to finish an input event but the input event receiver has already been disposed.
W/ViewRootImpl(  556): Dropping event due to root view being removed: MotionEvent { action=ACTION_MOVE, id[0]=0, x[0]=68.94794, y[0]=-366.99005, toolType[0]=TOOL_TYPE_UNKNOWN, buttonState=0, metaState=0, flags=0x0, edgeFlags=0x0, pointerCount=1, historySize=5, eventTime=2767231, downTime=2767230, deviceId=0, source=0x1002 }
W/ViewRootImpl(  556): Dropping event due to root view being removed: MotionEvent { action=ACTION_UP, id[0]=0, x[0]=48.373177, y[0]=-369.4779, toolType[0]=TOOL_TYPE_UNKNOWN, buttonState=0, metaState=0, flags=0x0, edgeFlags=0x0, pointerCount=1, historySize=0, eventTime=2767231, downTime=2767230, deviceId=0, source=0x1002 }
W/ViewRootImpl(  556): Dropping event due to root view being removed: MotionEvent { action=ACTION_DOWN, id[0]=0, x[0]=232.0, y[0]=140.0, toolType[0]=TOOL_TYPE_UNKNOWN, buttonState=0, metaState=0, flags=0x0, edgeFlags=0x0, pointerCount=1, historySize=0, eventTime=2767235, downTime=2767235, deviceId=0, source=0x1002 }
W/ViewRootImpl(  556): Dropping event due to root view being removed: MotionEvent { action=ACTION_MOVE, id[0]=0, x[0]=271.6325, y[0]=129.112, toolType[0]=TOOL_TYPE_UNKNOWN, buttonState=0, metaState=0, flags=0x0, edgeFlags=0x0, pointerCount=1, historySize=4, eventTime=2767236, downTime=2767235, deviceId=0, source=0x1002 }
W/ViewRootImpl(  556): Dropping event due to root view being removed: MotionEvent { action=ACTION_UP, id[0]=0, x[0]=278.29898, y[0]=127.92352, toolType[0]=TOOL_TYPE_UNKNOWN, buttonState=0, metaState=0, flags=0x0, edgeFlags=0x0, pointerCount=1, historySize=0, eventTime=2767236, downTime=2767235, deviceId=0, source=0x1002 }
W/ViewRootImpl(  556): Dropping event due to root view being removed: MotionEvent { action=ACTION_MOVE, id[0]=0, x[0]=0.0, y[0]=4.0, toolType[0]=TOOL_TYPE_UNKNOWN, buttonState=0, metaState=0, flags=0x0, edgeFlags=0x0, pointerCount=1, historySize=9, eventTime=2767233, downTime=-1, deviceId=0, source=0x10004 }
W/ViewRootImpl(  556): Dropping event due to root view being removed: KeyEvent { action=ACTION_UP, keyCode=KEYCODE_DPAD_CENTER, scanCode=0, metaState=0, flags=0x8, repeatCount=0, eventTime=2767229, downTime=2767229, deviceId=-1, source=0x101 }
D/dalvikvm(21505): GC_CONCURRENT freed 867K, 20% free 7195K/8924K, paused 2ms+1ms, total 7ms
W/ContextImpl(  470): Calling a method in the system process without a qualified user: android.app.ContextImpl.sendBroadcast:1123 com.android.server.InputMethodManagerService.hideCurrentInputLocked:1880 com.android.server.InputMethodManagerService.windowGainedFocus:1968 com.android.internal.view.IInputMethodManager$Stub.onTransact:221 com.android.server.InputMethodManagerService.onTransact:818 
W/ViewRootImpl(21505): Dropping event due to no window focus: KeyEvent { action=ACTION_DOWN, keyCode=KEYCODE_BUTTON_X, scanCode=0, metaState=0, flags=0x8, repeatCount=0, eventTime=2767278, downTime=2767278, deviceId=-1, source=0x101 }
W/ViewRootImpl(21505): Dropping event due to no window focus: KeyEvent { action=ACTION_DOWN, keyCode=KEYCODE_DPAD_CENTER, scanCode=0, metaState=0, flags=0x8, repeatCount=0, eventTime=2767278, downTime=2767278, deviceId=-1, source=0x101 }
W/ViewRootImpl(21505): Dropping event due to no window focus: KeyEvent { action=ACTION_DOWN, keyCode=KEYCODE_DPAD_UP, scanCode=0, metaState=0, flags=0x8, repeatCount=0, eventTime=2767281, downTime=2767281, deviceId=-1, source=0x101 }
W/ViewRootImpl(21505): Dropping event due to no window focus: KeyEvent { action=ACTION_DOWN, keyCode=KEYCODE_DPAD_LEFT, scanCode=0, metaState=0, flags=0x8, repeatCount=0, eventTime=2767282, downTime=2767282, deviceId=-1, source=0x101 }
W/ViewRootImpl(21505): Dropping event due to no window focus: KeyEvent { action=ACTION_DOWN, keyCode=KEYCODE_SYM, scanCode=0, metaState=0, flags=0x8, repeatCount=0, eventTime=2767289, downTime=2767289, deviceId=-1, source=0x101 }
W/ViewRootImpl(21505): Dropping event due to no window focus: MotionEvent { action=ACTION_MOVE, id[0]=0, x[0]=-3.0, y[0]=-2.0, toolType[0]=TOOL_TYPE_UNKNOWN, buttonState=0, metaState=0, flags=0x0, edgeFlags=0x0, pointerCount=1, historySize=9, eventTime=2767291, downTime=-1, deviceId=0, source=0x10004 }
W/ViewRootImpl(21505): Dropping event due to no window focus: KeyEvent { action=ACTION_DOWN, keyCode=KEYCODE_DPAD_RIGHT, scanCode=0, metaState=0, flags=0x8, repeatCount=0, eventTime=2767297, downTime=2767297, deviceId=-1, source=0x101 }
W/ViewRootImpl(21505): Dropping event due to no window focus: MotionEvent { action=ACTION_MOVE, id[0]=0, x[0]=3.0, y[0]=1.0, toolType[0]=TOOL_TYPE_UNKNOWN, buttonState=0, metaState=0, flags=0x0, edgeFlags=0x0, pointerCount=1, historySize=9, eventTime=2767312, downTime=-1, deviceId=0, source=0x10004 }
W/ViewRootImpl(21505): Dropping event due to no window focus: MotionEvent { action=ACTION_DOWN, id[0]=0, x[0]=0.0, y[0]=0.0, toolType[0]=TOOL_TYPE_UNKNOWN, buttonState=0, metaState=0, flags=0x0, edgeFlags=0x0, pointerCount=1, historySize=0, eventTime=2767312, downTime=2767311, deviceId=0, source=0x10004 }
W/ViewRootImpl(21505): Dropping event due to no window focus: KeyEvent { action=ACTION_DOWN, keyCode=KEYCODE_DPAD_LEFT, scanCode=0, metaState=0, flags=0x8, repeatCount=0, eventTime=2767312, downTime=2767312, deviceId=-1, source=0x101 }
I/ActivityManager(  470): START u0 {act=android.intent.action.MAIN cat=[android.intent.category.LAUNCHER] flg=0x10200000 cmp=com.ecovacs.ecosphere.intl/com.ecovacs.ecosphere.ui.WelcomeActivity} from pid 21495
I/ActivityManager(  470): START u0 {act=com.android.systemui.recent.action.TOGGLE_RECENTS flg=0x10800000 cmp=com.android.systemui/.recent.RecentsActivity (has extras)} from pid 556
W/EGL_emulation(21505): eglSurfaceAttrib not implemented 3093 12436
W/InputManager(  470): Input event injection from pid 21495 failed.
W/InputManager(  470): Input event injection from pid 21495 failed.
W/InputManager(  470): Input event injection from pid 21495 failed.
W/InputManager(  470): Input event injection from pid 21495 failed.
W/InputManager(  470): Input event injection from pid 21495 failed.
W/InputManager(  470): Input event injection from pid 21495 failed.
W/InputManager(  470): Input event injection from pid 21495 failed.
W/InputManager(  470): Input event injection from pid 21495 failed.
W/EGL_emulation(21505): eglSurfaceAttrib not implemented 3093 12436
E/WindowManager(21505): 
E/WindowManager(21505): android.view.WindowLeaked: Activity com.ecovacs.ecosphere.ui.CountrySelectActivity has leaked window com.android.internal.policy.impl.PhoneWindow$DecorView{4a9aab4c V.E..... ......I. 0,0-0,0} that was originally added here
E/WindowManager(21505): 	at android.view.ViewRootImpl.<init>(ViewRootImpl.java:348)
E/WindowManager(21505): 	at android.view.WindowManagerGlobal.addView(WindowManagerGlobal.java:248)
E/WindowManager(21505): 	at android.view.WindowManagerImpl.addView(WindowManagerImpl.java:69)
E/WindowManager(21505): 	at com.android.internal.policy.impl.PhoneWindow.openPanel(PhoneWindow.java:672)
E/WindowManager(21505): 	at com.android.internal.policy.impl.PhoneWindow.onKeyUpPanel(PhoneWindow.java:879)
E/WindowManager(21505): 	at com.android.internal.policy.impl.PhoneWindow.onKeyUp(PhoneWindow.java:1630)
E/WindowManager(21505): 	at com.android.internal.policy.impl.PhoneWindow$DecorView.dispatchKeyEvent(PhoneWindow.java:1969)
E/WindowManager(21505): 	at android.view.ViewRootImpl$ViewPostImeInputStage.processKeyEvent(ViewRootImpl.java:3876)
E/WindowManager(21505): 	at android.view.ViewRootImpl$ViewPostImeInputStage.onProcess(ViewRootImpl.java:3850)
E/WindowManager(21505): 	at android.view.ViewRootImpl$InputStage.deliver(ViewRootImpl.java:3423)
E/WindowManager(21505): 	at android.view.ViewRootImpl$InputStage.onDeliverToNext(ViewRootImpl.java:3473)
E/WindowManager(21505): 	at android.view.ViewRootImpl$InputStage.forward(ViewRootImpl.java:3442)
E/WindowManager(21505): 	at android.view.ViewRootImpl$AsyncInputStage.forward(ViewRootImpl.java:3549)
E/WindowManager(21505): 	at android.view.ViewRootImpl$InputStage.apply(ViewRootImpl.java:3450)
E/WindowManager(21505): 	at android.view.ViewRootImpl$AsyncInputStage.apply(ViewRootImpl.java:3606)
E/WindowManager(21505): 	at android.view.ViewRootImpl$InputStage.deliver(ViewRootImpl.java:3423)
E/WindowManager(21505): 	at android.view.ViewRootImpl$InputStage.onDeliverToNext(ViewRootImpl.java:3473)
E/WindowManager(21505): 	at android.view.ViewRootImpl$InputStage.forward(ViewRootImpl.java:3442)
E/WindowManager(21505): 	at android.view.ViewRootImpl$InputStage.apply(ViewRootImpl.java:3450)
E/WindowManager(21505): 	at android.view.ViewRootImpl$InputStage.deliver(ViewRootImpl.java:3423)
E/WindowManager(21505): 	at android.view.ViewRootImpl$InputStage.onDeliverToNext(ViewRootImpl.java:3473)
E/WindowManager(21505): 	at android.view.ViewRootImpl$InputStage.forward(ViewRootImpl.java:3442)
E/WindowManager(21505): 	at android.view.ViewRootImpl$AsyncInputStage.forward(ViewRootImpl.java:3582)
E/WindowManager(21505): 	at android.view.ViewRootImpl$ImeInputStage.onFinishedInputEvent(ViewRootImpl.java:3742)
E/WindowManager(21505): 	at android.view.inputmethod.InputMethodManager$PendingEvent.run(InputMethodManager.java:2010)
E/WindowManager(21505): 	at android.view.inputmethod.InputMethodManager.invokeFinishedInputEventCallback(InputMethodManager.java:1704)
E/WindowManager(21505): 	at android.view.inputmethod.InputMethodManager.finishedInputEvent(InputMethodManager.java:1695)
E/WindowManager(21505): 	at android.view.inputmethod.InputMethodManager$ImeInputEventSender.onInputEventFinished(InputMethodManager.java:1987)
E/WindowManager(21505): 	at android.view.InputEventSender.dispatchInputEventFinished(InputEventSender.java:141)
E/WindowManager(21505): 	at android.os.MessageQueue.nativePollOnce(Native Method)
E/WindowManager(21505): 	at android.os.MessageQueue.next(MessageQueue.java:138)
E/WindowManager(21505): 	at android.os.Looper.loop(Looper.java:123)
E/WindowManager(21505): 	at android.app.ActivityThread.main(ActivityThread.java:5019)
E/WindowManager(21505): 	at java.lang.reflect.Method.invokeNative(Native Method)
E/WindowManager(21505): 	at java.lang.reflect.Method.invoke(Method.java:515)
E/WindowManager(21505): 	at com.android.internal.os.ZygoteInit$MethodAndArgsCaller.run(ZygoteInit.java:779)
E/WindowManager(21505): 	at com.android.internal.os.ZygoteInit.main(ZygoteInit.java:595)
E/WindowManager(21505): 	at dalvik.system.NativeStart.main(Native Method)
W/WindowManager(  470): Force-removing child win Window{4ac5be0c u0 AtchDlg:com.ecovacs.ecosphere.intl/com.ecovacs.ecosphere.ui.CountrySelectActivity EXITING} from container Window{4aa8020c u0 com.ecovacs.ecosphere.intl/com.ecovacs.ecosphere.ui.CountrySelectActivity}
W/ViewRootImpl(21505): Dropping event due to no window focus: KeyEvent { action=ACTION_DOWN, keyCode=KEYCODE_DPAD_CENTER, scanCode=0, metaState=0, flags=0x8, repeatCount=0, eventTime=2767612, downTime=2767612, deviceId=-1, source=0x101 }
W/EGL_emulation(21505): eglSurfaceAttrib not implemented 3093 12436
W/InputMethodManagerService(  470): Window already focused, ignoring focus gain of: com.android.internal.view.IInputMethodClient$Stub$Proxy@4aa97c68 attribute=null, token = android.os.BinderProxy@4ae6a204
V/InputMethodService(  656): onEvaluateInputViewShown: config.hardKeyboardHidden = 2
V/InputMethodService(  656): onEvaluateInputViewShown: config.hardKeyboardHidden = 2
W/ContextImpl(  470): Calling a method in the system process without a qualified user: android.app.ContextImpl.sendBroadcast:1123 com.android.server.InputMethodManagerService.showCurrentInputLocked:1791 com.android.server.InputMethodManagerService.showSoftInput:1753 com.android.internal.view.IInputMethodManager$Stub.onTransact:175 com.android.server.InputMethodManagerService.onTransact:818 
W/ContextImpl(  470): Calling a method in the system process without a qualified user: android.app.ContextImpl.sendBroadcast:1123 com.android.server.InputMethodManagerService.showCurrentInputLocked:1791 com.android.server.InputMethodManagerService.attachNewInputLocked:1095 com.android.server.InputMethodManagerService.startInputUncheckedLocked:1166 com.android.server.InputMethodManagerService.startInputLocked:1128 
V/InputMethodService(  656): onEvaluateInputViewShown: config.hardKeyboardHidden = 2
V/InputMethodService(  656): onEvaluateInputViewShown: config.hardKeyboardHidden = 2
W/ContextImpl(  470): Calling a method in the system process without a qualified user: android.app.ContextImpl.sendBroadcast:1123 com.android.server.InputMethodManagerService.showCurrentInputLocked:1791 com.android.server.InputMethodManagerService.attachNewInputLocked:1095 com.android.server.InputMethodManagerService.startInputUncheckedLocked:1166 com.android.server.InputMethodManagerService.startInputLocked:1128 
V/FlingTracker(  556): computeCurrentVelocity warning: totalweight=0
V/FlingTracker(  556): java.lang.Throwable
V/FlingTracker(  556): 	at com.android.systemui.statusbar.phone.PanelView$FlingTracker.computeCurrentVelocity(PanelView.java:162)
V/FlingTracker(  556): 	at com.android.systemui.statusbar.phone.PanelView$3.onTouch(PanelView.java:462)
V/FlingTracker(  556): 	at android.view.View.dispatchTouchEvent(View.java:7701)
V/FlingTracker(  556): 	at com.android.systemui.statusbar.phone.NotificationPanelView.onTouchEvent(NotificationPanelView.java:138)
V/FlingTracker(  556): 	at com.android.systemui.statusbar.phone.PanelBar.onTouchEvent(PanelBar.java:130)
V/FlingTracker(  556): 	at com.android.systemui.statusbar.phone.PhoneStatusBarView.onTouchEvent(PhoneStatusBarView.java:201)
V/FlingTracker(  556): 	at android.view.View.dispatchTouchEvent(View.java:7706)
V/FlingTracker(  556): 	at android.view.ViewGroup.dispatchTransformedTouchEvent(ViewGroup.java:2210)
V/FlingTracker(  556): 	at android.view.ViewGroup.dispatchTouchEvent(ViewGroup.java:1945)
V/FlingTracker(  556): 	at android.view.ViewGroup.dispatchTransformedTouchEvent(ViewGroup.java:2216)
V/FlingTracker(  556): 	at android.view.ViewGroup.dispatchTouchEvent(ViewGroup.java:1959)
V/FlingTracker(  556): 	at android.view.View.dispatchPointerEvent(View.java:7886)
V/FlingTracker(  556): 	at android.view.ViewRootImpl$ViewPostImeInputStage.processPointerEvent(ViewRootImpl.java:3978)
V/FlingTracker(  556): 	at android.view.ViewRootImpl$ViewPostImeInputStage.onProcess(ViewRootImpl.java:3857)
V/FlingTracker(  556): 	at android.view.ViewRootImpl$InputStage.deliver(ViewRootImpl.java:3423)
V/FlingTracker(  556): 	at android.view.ViewRootImpl$InputStage.onDeliverToNext(ViewRootImpl.java:3473)
V/FlingTracker(  556): 	at android.view.ViewRootImpl$InputStage.forward(ViewRootImpl.java:3442)
V/FlingTracker(  556): 	at android.view.ViewRootImpl$AsyncInputStage.forward(ViewRootImpl.java:3549)
V/FlingTracker(  556): 	at android.view.ViewRootImpl$InputStage.apply(ViewRootImpl.java:3450)
V/FlingTracker(  556): 	at android.view.ViewRootImpl$AsyncInputStage.apply(ViewRootImpl.java:3606)
V/FlingTracker(  556): 	at android.view.ViewRootImpl$InputStage.deliver(ViewRootImpl.java:3423)
V/FlingTracker(  556): 	at android.view.ViewRootImpl$InputStage.onDeliverToNext(ViewRootImpl.java:3473)
V/FlingTracker(  556): 	at android.view.ViewRootImpl$InputStage.forward(ViewRootImpl.java:3442)
V/FlingTracker(  556): 	at android.view.ViewRootImpl$InputStage.apply(ViewRootImpl.java:3450)
V/FlingTracker(  556): 	at android.view.ViewRootImpl$InputStage.deliver(ViewRootImpl.java:3423)
V/FlingTracker(  556): 	at android.view.ViewRootImpl.deliverInputEvent(ViewRootImpl.java:5626)
V/FlingTracker(  556): 	at android.view.ViewRootImpl.doProcessInputEvents(ViewRootImpl.java:5606)
V/FlingTracker(  556): 	at android.view.ViewRootImpl.enqueueInputEvent(ViewRootImpl.java:5577)
V/FlingTracker(  556): 	at android.view.ViewRootImpl$WindowInputEventReceiver.onInputEvent(ViewRootImpl.java:5706)
V/FlingTracker(  556): 	at android.view.InputEventReceiver.dispatchInputEvent(InputEventReceiver.java:185)
V/FlingTracker(  556): 	at android.os.MessageQueue.nativePollOnce(Native Method)
V/FlingTracker(  556): 	at android.os.MessageQueue.next(MessageQueue.java:138)
V/FlingTracker(  556): 	at android.os.Looper.loop(Looper.java:123)
V/FlingTracker(  556): 	at android.app.ActivityThread.main(ActivityThread.java:5019)
V/FlingTracker(  556): 	at java.lang.reflect.Method.invokeNative(Native Method)
V/FlingTracker(  556): 	at java.lang.reflect.Method.invoke(Method.java:515)
V/FlingTracker(  556): 	at com.android.internal.os.ZygoteInit$MethodAndArgsCaller.run(ZygoteInit.java:779)
V/FlingTracker(  556): 	at com.android.internal.os.ZygoteInit.main(ZygoteInit.java:595)
V/FlingTracker(  556): 	at dalvik.system.NativeStart.main(Native Method)
V/PanelView(  556): animationTick called with dtms=0; nothing to do (h=0.0 v=0.0)
W/ContextImpl(  470): Calling a method in the system process without a qualified user: android.app.ContextImpl.sendBroadcast:1123 com.android.server.InputMethodManagerService.showCurrentInputLocked:1791 com.android.server.InputMethodManagerService.attachNewInputLocked:1095 com.android.server.InputMethodManagerService.startInputUncheckedLocked:1166 com.android.server.InputMethodManagerService.startInputLocked:1128 
D/dalvikvm(  656): GC_FOR_ALLOC freed 877K, 29% free 3175K/4416K, paused 4ms, total 6ms
I/dalvikvm-heap(  656): Grow heap (frag case) to 3.991MB for 869772-byte allocation
D/dalvikvm(  656): GC_CONCURRENT freed <1K, 9% free 4024K/4416K, paused 2ms+0ms, total 4ms
W/ContextImpl(  470): Calling a method in the system process without a qualified user: android.app.ContextImpl.sendBroadcast:1123 com.android.server.InputMethodManagerService.showCurrentInputLocked:1791 com.android.server.InputMethodManagerService.attachNewInputLocked:1095 com.android.server.InputMethodManagerService.startInputUncheckedLocked:1166 com.android.server.InputMethodManagerService.startInputLocked:1128 
W/IInputConnectionWrapper(21505): getCursorCapsMode on inactive InputConnection
V/InputMethodService(  656): onEvaluateInputViewShown: config.hardKeyboardHidden = 2
V/InputMethodService(  656): onEvaluateInputViewShown: config.hardKeyboardHidden = 2
I/ActivityManager(  470): START u0 {act=android.intent.action.MAIN cat=[android.intent.category.LAUNCHER] flg=0x10000000 sel={act=android.intent.action.MAIN cat=[android.intent.category.APP_EMAIL]}} from pid 470
W/ContextImpl(  470): Calling a method in the system process without a qualified user: android.app.ContextImpl.sendBroadcast:1123 com.android.server.InputMethodManagerService.showCurrentInputLocked:1791 com.android.server.InputMethodManagerService.attachNewInputLocked:1095 com.android.server.InputMethodManagerService.startInputUncheckedLocked:1166 com.android.server.InputMethodManagerService.startInputLocked:1128 
W/IInputConnectionWrapper(21505): getCursorCapsMode on inactive InputConnection
V/InputMethodService(  656): onEvaluateInputViewShown: config.hardKeyboardHidden = 2
V/InputMethodService(  656): onEvaluateInputViewShown: config.hardKeyboardHidden = 2
V/InputMethodService(  656): onEvaluateInputViewShown: config.hardKeyboardHidden = 2
V/InputMethodService(  656): onEvaluateInputViewShown: config.hardKeyboardHidden = 2
I/InputDispatcher(  470): Dropped event because of pending overdue app switch.
V/InputMethodService(  656): onEvaluateInputViewShown: config.hardKeyboardHidden = 2
V/InputMethodService(  656): onEvaluateInputViewShown: config.hardKeyboardHidden = 2
V/InputMethodService(  656): onEvaluateInputViewShown: config.hardKeyboardHidden = 2
V/InputMethodService(  656): onEvaluateInputViewShown: config.hardKeyboardHidden = 2
W/InputManager(  470): Input event injection from pid 21495 failed.
W/ContextImpl(  470): Calling a method in the system process without a qualified user: android.app.ContextImpl.sendBroadcast:1123 com.android.server.InputMethodManagerService.showCurrentInputLocked:1791 com.android.server.InputMethodManagerService.showSoftInput:1753 com.android.internal.view.IInputMethodManager$Stub.onTransact:175 com.android.server.InputMethodManagerService.onTransact:818 
D/dalvikvm(  656): GC_FOR_ALLOC freed 859K, 29% free 3175K/4416K, paused 2ms, total 3ms
I/dalvikvm-heap(  656): Grow heap (frag case) to 3.991MB for 869772-byte allocation
D/dalvikvm(  656): GC_CONCURRENT freed <1K, 9% free 4024K/4416K, paused 1ms+0ms, total 4ms
W/ContextImpl(  470): Calling a method in the system process without a qualified user: android.app.ContextImpl.sendBroadcast:1123 com.android.server.InputMethodManagerService.showCurrentInputLocked:1791 com.android.server.InputMethodManagerService.attachNewInputLocked:1095 com.android.server.InputMethodManagerService.startInputUncheckedLocked:1166 com.android.server.InputMethodManagerService.startInputLocked:1128 
W/ContextImpl(  470): Calling a method in the system process without a qualified user: android.app.ContextImpl.sendBroadcast:1123 com.android.server.InputMethodManagerService.showCurrentInputLocked:1791 com.android.server.InputMethodManagerService.attachNewInputLocked:1095 com.android.server.InputMethodManagerService.startInputUncheckedLocked:1166 com.android.server.InputMethodManagerService.startInputLocked:1128 
W/IInputConnectionWrapper(21505): commitText on inactive InputConnection
W/IInputConnectionWrapper(21505): getCursorCapsMode on inactive InputConnection
V/InputMethodService(  656): onEvaluateInputViewShown: config.hardKeyboardHidden = 2
V/InputMethodService(  656): onEvaluateInputViewShown: config.hardKeyboardHidden = 2
W/ContextImpl(  470): Calling a method in the system process without a qualified user: android.app.ContextImpl.sendBroadcast:1123 com.android.server.InputMethodManagerService.showCurrentInputLocked:1791 com.android.server.InputMethodManagerService.attachNewInputLocked:1095 com.android.server.InputMethodManagerService.startInputUncheckedLocked:1166 com.android.server.InputMethodManagerService.startInputLocked:1128 
W/ContextImpl(  470): Calling a method in the system process without a qualified user: android.app.ContextImpl.sendBroadcast:1123 com.android.server.InputMethodManagerService.showCurrentInputLocked:1791 com.android.server.InputMethodManagerService.showSoftInput:1753 com.android.internal.view.IInputMethodManager$Stub.onTransact:175 com.android.server.InputMethodManagerService.onTransact:818 
W/ContextImpl(  470): Calling a method in the system process without a qualified user: android.app.ContextImpl.sendBroadcast:1123 com.android.server.InputMethodManagerService.showCurrentInputLocked:1791 com.android.server.InputMethodManagerService.showSoftInput:1753 com.android.internal.view.IInputMethodManager$Stub.onTransact:175 com.android.server.InputMethodManagerService.onTransact:818 
D/dalvikvm(  656): GC_FOR_ALLOC freed 852K, 29% free 3175K/4416K, paused 3ms, total 3ms
I/dalvikvm-heap(  656): Grow heap (frag case) to 3.991MB for 869772-byte allocation
D/dalvikvm(  656): GC_CONCURRENT freed <1K, 9% free 4024K/4416K, paused 2ms+1ms, total 4ms
V/InputMethodService(  656): onEvaluateInputViewShown: config.hardKeyboardHidden = 2
V/InputMethodService(  656): onEvaluateInputViewShown: config.hardKeyboardHidden = 2
D/dalvikvm(  470): GC_EXPLICIT freed 3290K, 50% free 16228K/32172K, paused 1ms+2ms, total 21ms
W/IInputConnectionWrapper(21505): getCursorCapsMode on inactive InputConnection
V/InputMethodService(  656): onEvaluateInputViewShown: config.hardKeyboardHidden = 2
V/InputMethodService(  656): onEvaluateInputViewShown: config.hardKeyboardHidden = 2
W/ContextImpl(  470): Calling a method in the system process without a qualified user: android.app.ContextImpl.sendBroadcast:1123 com.android.server.InputMethodManagerService.showCurrentInputLocked:1791 com.android.server.InputMethodManagerService.attachNewInputLocked:1095 com.android.server.InputMethodManagerService.startInputUncheckedLocked:1166 com.android.server.InputMethodManagerService.startInputLocked:1128 
W/ContextImpl(  470): Calling a method in the system process without a qualified user: android.app.ContextImpl.sendBroadcast:1123 com.android.server.InputMethodManagerService.showCurrentInputLocked:1791 com.android.server.InputMethodManagerService.attachNewInputLocked:1095 com.android.server.InputMethodManagerService.startInputUncheckedLocked:1166 com.android.server.InputMethodManagerService.startInputLocked:1128 
V/InputMethodService(  656): onEvaluateInputViewShown: config.hardKeyboardHidden = 2
V/InputMethodService(  656): onEvaluateInputViewShown: config.hardKeyboardHidden = 2
V/InputMethodService(  656): onEvaluateInputViewShown: config.hardKeyboardHidden = 2
V/InputMethodService(  656): onEvaluateInputViewShown: config.hardKeyboardHidden = 2
D/dalvikvm(  656): GC_FOR_ALLOC freed 856K, 29% free 3175K/4416K, paused 3ms, total 3ms
I/dalvikvm-heap(  656): Grow heap (frag case) to 3.991MB for 869772-byte allocation
D/dalvikvm(  656): GC_CONCURRENT freed <1K, 9% free 4024K/4416K, paused 2ms+1ms, total 4ms
W/ContextImpl(  470): Calling a method in the system process without a qualified user: android.app.ContextImpl.sendBroadcast:1123 com.android.server.InputMethodManagerService.showCurrentInputLocked:1791 com.android.server.InputMethodManagerService.showSoftInput:1753 com.android.internal.view.IInputMethodManager$Stub.onTransact:175 com.android.server.InputMethodManagerService.onTransact:818 
W/ContextImpl(  470): Calling a method in the system process without a qualified user: android.app.ContextImpl.sendBroadcast:1123 com.android.server.InputMethodManagerService.showCurrentInputLocked:1791 com.android.server.InputMethodManagerService.attachNewInputLocked:1095 com.android.server.InputMethodManagerService.startInputUncheckedLocked:1166 com.android.server.InputMethodManagerService.startInputLocked:1128 
W/ContextImpl(  470): Calling a method in the system process without a qualified user: android.app.ContextImpl.sendBroadcast:1123 com.android.server.InputMethodManagerService.showCurrentInputLocked:1791 com.android.server.InputMethodManagerService.showSoftInput:1753 com.android.internal.view.IInputMethodManager$Stub.onTransact:175 com.android.server.InputMethodManagerService.onTransact:818 
W/IInputConnectionWrapper(21505): getCursorCapsMode on inactive InputConnection
V/InputMethodService(  656): onEvaluateInputViewShown: config.hardKeyboardHidden = 2
V/InputMethodService(  656): onEvaluateInputViewShown: config.hardKeyboardHidden = 2
W/EGL_emulation(21505): eglSurfaceAttrib not implemented 3093 12436
W/IInputConnectionWrapper(21505): getCursorCapsMode on inactive InputConnection
V/InputMethodService(  656): onEvaluateInputViewShown: config.hardKeyboardHidden = 2
V/InputMethodService(  656): onEvaluateInputViewShown: config.hardKeyboardHidden = 2
V/InputMethodService(  656): onEvaluateInputViewShown: config.hardKeyboardHidden = 2
V/InputMethodService(  656): onEvaluateInputViewShown: config.hardKeyboardHidden = 2
D/dalvikvm(  656): GC_FOR_ALLOC freed 855K, 29% free 3175K/4416K, paused 4ms, total 4ms
I/dalvikvm-heap(  656): Grow heap (frag case) to 3.991MB for 869772-byte allocation
D/dalvikvm(  656): GC_CONCURRENT freed <1K, 9% free 4024K/4416K, paused 1ms+0ms, total 7ms
W/ContextImpl(  470): Calling a method in the system process without a qualified user: android.app.ContextImpl.sendBroadcast:1123 com.android.server.InputMethodManagerService.showCurrentInputLocked:1791 com.android.server.InputMethodManagerService.attachNewInputLocked:1095 com.android.server.InputMethodManagerService.startInputUncheckedLocked:1166 com.android.server.InputMethodManagerService.startInputLocked:1128 
W/ContextImpl(  470): Calling a method in the system process without a qualified user: android.app.ContextImpl.sendBroadcast:1123 com.android.server.InputMethodManagerService.showCurrentInputLocked:1791 com.android.server.InputMethodManagerService.attachNewInputLocked:1095 com.android.server.InputMethodManagerService.startInputUncheckedLocked:1166 com.android.server.InputMethodManagerService.startInputLocked:1128 
W/ContextImpl(  470): Calling a method in the system process without a qualified user: android.app.ContextImpl.sendBroadcast:1123 com.android.server.InputMethodManagerService.showCurrentInputLocked:1791 com.android.server.InputMethodManagerService.attachNewInputLocked:1095 com.android.server.InputMethodManagerService.startInputUncheckedLocked:1166 com.android.server.InputMethodManagerService.startInputLocked:1128 
W/ContextImpl(  470): Calling a method in the system process without a qualified user: android.app.ContextImpl.sendBroadcast:1123 com.android.server.InputMethodManagerService.showCurrentInputLocked:1791 com.android.server.InputMethodManagerService.attachNewInputLocked:1095 com.android.server.InputMethodManagerService.startInputUncheckedLocked:1166 com.android.server.InputMethodManagerService.startInputLocked:1128 
W/IInputConnectionWrapper(21505): getCursorCapsMode on inactive InputConnection
V/InputMethodService(  656): onEvaluateInputViewShown: config.hardKeyboardHidden = 2
V/InputMethodService(  656): onEvaluateInputViewShown: config.hardKeyboardHidden = 2
V/InputMethodService(  656): onEvaluateInputViewShown: config.hardKeyboardHidden = 2
V/InputMethodService(  656): onEvaluateInputViewShown: config.hardKeyboardHidden = 2
W/IInputConnectionWrapper(21505): getCursorCapsMode on inactive InputConnection
V/InputMethodService(  656): onEvaluateInputViewShown: config.hardKeyboardHidden = 2
V/InputMethodService(  656): onEvaluateInputViewShown: config.hardKeyboardHidden = 2
D/dalvikvm(  656): GC_FOR_ALLOC freed 855K, 29% free 3175K/4416K, paused 2ms, total 2ms
I/dalvikvm-heap(  656): Grow heap (frag case) to 3.991MB for 869772-byte allocation
D/dalvikvm(  656): GC_CONCURRENT freed <1K, 9% free 4025K/4416K, paused 1ms+1ms, total 3ms
W/ContextImpl(  470): Calling a method in the system process without a qualified user: android.app.ContextImpl.sendBroadcast:1123 com.android.server.InputMethodManagerService.showCurrentInputLocked:1791 com.android.server.InputMethodManagerService.attachNewInputLocked:1095 com.android.server.InputMethodManagerService.startInputUncheckedLocked:1166 com.android.server.InputMethodManagerService.startInputLocked:1128 
W/ContextImpl(  470): Calling a method in the system process without a qualified user: android.app.ContextImpl.sendBroadcast:1123 com.android.server.InputMethodManagerService.showCurrentInputLocked:1791 com.android.server.InputMethodManagerService.attachNewInputLocked:1095 com.android.server.InputMethodManagerService.startInputUncheckedLocked:1166 com.android.server.InputMethodManagerService.startInputLocked:1128 
W/ContextImpl(  470): Calling a method in the system process without a qualified user: android.app.ContextImpl.sendBroadcast:1123 com.android.server.InputMethodManagerService.showCurrentInputLocked:1791 com.android.server.InputMethodManagerService.showSoftInput:1753 com.android.internal.view.IInputMethodManager$Stub.onTransact:175 com.android.server.InputMethodManagerService.onTransact:818 
W/ViewRootImpl(21505): Dropping event due to no window focus: KeyEvent { action=ACTION_DOWN, keyCode=KEYCODE_DPAD_LEFT, scanCode=0, metaState=0, flags=0x8, repeatCount=0, eventTime=2768126, downTime=2768126, deviceId=-1, source=0x101 }
I/AndroidRuntime(21495): VM exiting with result code 0.
W/EGL_emulation(21505): eglSurfaceAttrib not implemented 3093 12436
W/IInputConnectionWrapper(21505): getCursorCapsMode on inactive InputConnection
V/InputMethodService(  656): onEvaluateInputViewShown: config.hardKeyboardHidden = 2
V/InputMethodService(  656): onEvaluateInputViewShown: config.hardKeyboardHidden = 2
W/EGL_emulation(21505): eglSurfaceAttrib not implemented 3093 12436
W/IInputConnectionWrapper(21505): getCursorCapsMode on inactive InputConnection
V/InputMethodService(  656): onEvaluateInputViewShown: config.hardKeyboardHidden = 2
V/InputMethodService(  656): onEvaluateInputViewShown: config.hardKeyboardHidden = 2
V/InputMethodService(  656): onEvaluateInputViewShown: config.hardKeyboardHidden = 2
V/InputMethodService(  656): onEvaluateInputViewShown: config.hardKeyboardHidden = 2
D/dalvikvm(  656): GC_FOR_ALLOC freed 856K, 29% free 3175K/4416K, paused 5ms, total 5ms
I/dalvikvm-heap(  656): Grow heap (frag case) to 3.991MB for 869772-byte allocation
D/dalvikvm(  656): GC_CONCURRENT freed <1K, 9% free 4024K/4416K, paused 2ms+0ms, total 5ms
W/IInputConnectionWrapper(21505): getCursorCapsMode on inactive InputConnection
V/InputMethodService(  656): onEvaluateInputViewShown: config.hardKeyboardHidden = 2
V/InputMethodService(  656): onEvaluateInputViewShown: config.hardKeyboardHidden = 2
W/ViewRootImpl(21505): Dropping event due to no window focus: KeyEvent { action=ACTION_DOWN, keyCode=KEYCODE_DPAD_DOWN, scanCode=0, metaState=0, flags=0x400, repeatCount=0, eventTime=2768198, downTime=2768198, deviceId=-1, source=0x101 }
V/InputMethodService(  656): onEvaluateInputViewShown: config.hardKeyboardHidden = 2
V/InputMethodService(  656): onEvaluateInputViewShown: config.hardKeyboardHidden = 2
V/InputMethodService(  656): onEvaluateInputViewShown: config.hardKeyboardHidden = 2
V/InputMethodService(  656): onEvaluateInputViewShown: config.hardKeyboardHidden = 2
D/dalvikvm(  656): GC_FOR_ALLOC freed 854K, 29% free 3174K/4416K, paused 2ms, total 2ms
I/dalvikvm-heap(  656): Grow heap (frag case) to 3.990MB for 869772-byte allocation
D/dalvikvm(  656): GC_CONCURRENT freed <1K, 9% free 4024K/4416K, paused 1ms+1ms, total 5ms
