W/dalvikvm(19876): VFY: unable to resolve interface method 44570: Lokhttp3/Call;.request ()Lokhttp3/Request;
D/dalvikvm(19876): VFY: replacing opcode 0x72 at 0x0006
I/System.out(19876): body:<c.x$a: void <init>()>	sig:$r4 = staticinvoke <java.net.ProxySelector: java.net.ProxySelector getDefault()>()	timediff:0
D/AndroidRuntime(19876): Shutting down VM
W/dalvikvm(19876): threadid=1: thread exiting with uncaught exception (group=0x94c8eb20)
D/dalvikvm(19876): JIT code cache reset in 0 ms (0 bytes 1/0)
E/AndroidRuntime(19876): FATAL EXCEPTION: main
E/AndroidRuntime(19876): Process: com.colorsnap, PID: 19876
E/AndroidRuntime(19876): java.lang.RuntimeException: Unable to create application com.colorsnap.ColorSnapApplication_: java.lang.IllegalArgumentException: keepAliveDuration <= 0: 5
E/AndroidRuntime(19876): 	at android.app.ActivityThread.handleBindApplication(ActivityThread.java:4349)
E/AndroidRuntime(19876): 	at android.app.ActivityThread.access$1500(ActivityThread.java:135)
E/AndroidRuntime(19876): 	at android.app.ActivityThread$H.handleMessage(ActivityThread.java:1256)
E/AndroidRuntime(19876): 	at android.os.Handler.dispatchMessage(Handler.java:102)
E/AndroidRuntime(19876): 	at android.os.Looper.loop(Looper.java:136)
E/AndroidRuntime(19876): 	at android.app.ActivityThread.main(ActivityThread.java:5019)
E/AndroidRuntime(19876): 	at java.lang.reflect.Method.invokeNative(Native Method)
E/AndroidRuntime(19876): 	at java.lang.reflect.Method.invoke(Method.java:515)
E/AndroidRuntime(19876): 	at com.android.internal.os.ZygoteInit$MethodAndArgsCaller.run(ZygoteInit.java:779)
E/AndroidRuntime(19876): 	at com.android.internal.os.ZygoteInit.main(ZygoteInit.java:595)
E/AndroidRuntime(19876): 	at dalvik.system.NativeStart.main(Native Method)
E/AndroidRuntime(19876): Caused by: java.lang.IllegalArgumentException: keepAliveDuration <= 0: 5
E/AndroidRuntime(19876): 	at c.j.<init>(ConnectionPool.java:93)
E/AndroidRuntime(19876): 	at c.j.<init>(ConnectionPool.java:84)
E/AndroidRuntime(19876): 	at c.x$a.<init>(OkHttpClient.java:368)
E/AndroidRuntime(19876): 	at com.colorsnap.network.SherwinServices.createOkHttp(SherwinServices.java:452)
E/AndroidRuntime(19876): 	at com.colorsnap.network.SherwinServices.getClient(SherwinServices.java:320)
E/AndroidRuntime(19876): 	at com.colorsnap.network.SherwinServices.initializeClient(SherwinServices.java:121)
E/AndroidRuntime(19876): 	at com.colorsnap.network.SherwinServices.<init>(SherwinServices.java:113)
E/AndroidRuntime(19876): 	at com.colorsnap.network.SherwinServices.getInstance(SherwinServices.java:141)
E/AndroidRuntime(19876): 	at com.colorsnap.ColorSnapApplication.getServices(ColorSnapApplication.java:85)
E/AndroidRuntime(19876): 	at com.colorsnap.controller.UserController.<init>(UserController.java:72)
E/AndroidRuntime(19876): 	at com.colorsnap.controller.UserController_.<init>(UserController_.java:20)
E/AndroidRuntime(19876): 	at com.colorsnap.controller.UserController_.getInstance_(UserController_.java:26)
E/AndroidRuntime(19876): 	at com.colorsnap.ColorSnapApplication_.init_(ColorSnapApplication_.java:43)
E/AndroidRuntime(19876): 	at com.colorsnap.ColorSnapApplication_.onCreate(ColorSnapApplication_.java:37)
E/AndroidRuntime(19876): 	at android.app.Instrumentation.callApplicationOnCreate(Instrumentation.java:1024)
E/AndroidRuntime(19876): 	at android.app.ActivityThread.handleBindApplication(ActivityThread.java:4346)
E/AndroidRuntime(19876): 	... 10 more
D/dalvikvm(19876): GC_CONCURRENT freed 303K, 12% free 2930K/3300K, paused 1ms+6ms, total 10ms
I/Process (  470): Sending signal. PID: 19876 SIG: 9
W/NetworkManagementSocketTagger(  470): setKernelCountSet(10078, 0) failed with errno -13
W/ActivityManager(  470): Force-killing crashed app com.colorsnap at watcher's request
W/ContextImpl(  470): Calling a method in the system process without a qualified user: android.app.ContextImpl.sendBroadcast:1123 com.android.server.am.ActivityManagerService.handleApplicationCrashInner:9642 com.android.server.am.ActivityManagerService.handleApplicationCrash:9616 android.app.ActivityManagerNative.onTransact:1311 com.android.server.am.ActivityManagerService.onTransact:2071 
I/ActivityManager(  470): Process com.colorsnap (pid 19876) has died.
I/ActivityManager(  470): Start proc com.colorsnap for activity com.colorsnap/.IntroScreenActivity_: pid=19891 uid=10078 gids={50078, 3003, 1028, 1015, 1023}
W/NetworkManagementSocketTagger(  470): setKernelCountSet(10078, 1) failed with errno -13
I/dalvikvm(19891): ignoring registerObject request in thread=1
I/dalvikvm(19891): ignoring registerObject request in thread=1
W/dalvikvm(19891): VFY: unable to find class referenced in signature (Lokhttp3/Request;)
W/dalvikvm(19891): VFY: unable to find class referenced in signature (Lokhttp3/Response;)
I/dalvikvm(19891): Could not find method okhttp3.Response.headers, referenced from method empirical.HelperClass.printOkHttpInfo
W/dalvikvm(19891): VFY: unable to resolve virtual method 44576: Lokhttp3/Response;.headers ()Lokhttp3/Headers;
D/dalvikvm(19891): VFY: replacing opcode 0x6e at 0x0006
W/dalvikvm(19891): VFY: unable to find class referenced in signature (Lokhttp3/Call;)
W/dalvikvm(19891): VFY: unable to find class referenced in signature (Lokhttp3/Response;)
I/dalvikvm(19891): Could not find method okhttp3.Call.request, referenced from method empirical.HelperClass.printOkHttpInfoFromCall
W/dalvikvm(19891): VFY: unable to resolve interface method 44570: Lokhttp3/Call;.request ()Lokhttp3/Request;
D/dalvikvm(19891): VFY: replacing opcode 0x72 at 0x0006
I/System.out(19891): body:<c.x$a: void <init>()>	sig:$r4 = staticinvoke <java.net.ProxySelector: java.net.ProxySelector getDefault()>()	timediff:0
D/AndroidRuntime(19891): Shutting down VM
W/dalvikvm(19891): threadid=1: thread exiting with uncaught exception (group=0x94c8eb20)
E/AndroidRuntime(19891): FATAL EXCEPTION: main
E/AndroidRuntime(19891): Process: com.colorsnap, PID: 19891
E/AndroidRuntime(19891): java.lang.RuntimeException: Unable to create application com.colorsnap.ColorSnapApplication_: java.lang.IllegalArgumentException: keepAliveDuration <= 0: 5
E/AndroidRuntime(19891): 	at android.app.ActivityThread.handleBindApplication(ActivityThread.java:4349)
E/AndroidRuntime(19891): 	at android.app.ActivityThread.access$1500(ActivityThread.java:135)
E/AndroidRuntime(19891): 	at android.app.ActivityThread$H.handleMessage(ActivityThread.java:1256)
E/AndroidRuntime(19891): 	at android.os.Handler.dispatchMessage(Handler.java:102)
E/AndroidRuntime(19891): 	at android.os.Looper.loop(Looper.java:136)
E/AndroidRuntime(19891): 	at android.app.ActivityThread.main(ActivityThread.java:5019)
E/AndroidRuntime(19891): 	at java.lang.reflect.Method.invokeNative(Native Method)
E/AndroidRuntime(19891): 	at java.lang.reflect.Method.invoke(Method.java:515)
E/AndroidRuntime(19891): 	at com.android.internal.os.ZygoteInit$MethodAndArgsCaller.run(ZygoteInit.java:779)
E/AndroidRuntime(19891): 	at com.android.internal.os.ZygoteInit.main(ZygoteInit.java:595)
E/AndroidRuntime(19891): 	at dalvik.system.NativeStart.main(Native Method)
E/AndroidRuntime(19891): Caused by: java.lang.IllegalArgumentException: keepAliveDuration <= 0: 5
E/AndroidRuntime(19891): 	at c.j.<init>(ConnectionPool.java:93)
E/AndroidRuntime(19891): 	at c.j.<init>(ConnectionPool.java:84)
E/AndroidRuntime(19891): 	at c.x$a.<init>(OkHttpClient.java:368)
E/AndroidRuntime(19891): 	at com.colorsnap.network.SherwinServices.createOkHttp(SherwinServices.java:452)
E/AndroidRuntime(19891): 	at com.colorsnap.network.SherwinServices.getClient(SherwinServices.java:320)
E/AndroidRuntime(19891): 	at com.colorsnap.network.SherwinServices.initializeClient(SherwinServices.java:121)
E/AndroidRuntime(19891): 	at com.colorsnap.network.SherwinServices.<init>(SherwinServices.java:113)
E/AndroidRuntime(19891): 	at com.colorsnap.network.SherwinServices.getInstance(SherwinServices.java:141)
E/AndroidRuntime(19891): 	at com.colorsnap.ColorSnapApplication.getServices(ColorSnapApplication.java:85)
E/AndroidRuntime(19891): 	at com.colorsnap.controller.UserController.<init>(UserController.java:72)
E/AndroidRuntime(19891): 	at com.colorsnap.controller.UserController_.<init>(UserController_.java:20)
E/AndroidRuntime(19891): 	at com.colorsnap.controller.UserController_.getInstance_(UserController_.java:26)
E/AndroidRuntime(19891): 	at com.colorsnap.ColorSnapApplication_.init_(ColorSnapApplication_.java:43)
E/AndroidRuntime(19891): 	at com.colorsnap.ColorSnapApplication_.onCreate(ColorSnapApplication_.java:37)
E/AndroidRuntime(19891): 	at android.app.Instrumentation.callApplicationOnCreate(Instrumentation.java:1024)
E/AndroidRuntime(19891): 	at android.app.ActivityThread.handleBindApplication(ActivityThread.java:4346)
E/AndroidRuntime(19891): 	... 10 more
D/dalvikvm(19891): JIT code cache reset in 0 ms (0 bytes 1/0)
D/dalvikvm(19891): GC_CONCURRENT freed 303K, 12% free 2928K/3296K, paused 1ms+1ms, total 4ms
I/Process (  470): Sending signal. PID: 19891 SIG: 9
W/ActivityManager(  470): Force-killing crashed app com.colorsnap at watcher's request
W/ContextImpl(  470): Calling a method in the system process without a qualified user: android.app.ContextImpl.sendBroadcast:1123 com.android.server.am.ActivityManagerService.handleApplicationCrashInner:9642 com.android.server.am.ActivityManagerService.handleApplicationCrash:9616 android.app.ActivityManagerNative.onTransact:1311 com.android.server.am.ActivityManagerService.onTransact:2071 
W/NetworkManagementSocketTagger(  470): setKernelCountSet(10078, 0) failed with errno -13
I/ActivityManager(  470): Process com.colorsnap (pid 19891) has died.
I/ActivityManager(  470): Start proc com.colorsnap for activity com.colorsnap/.IntroScreenActivity_: pid=19906 uid=10078 gids={50078, 3003, 1028, 1015, 1023}
D/dalvikvm(  166): GC_EXPLICIT freed 40K, 4% free 2845K/2952K, paused 0ms+1ms, total 22ms
D/dalvikvm(  166): GC_EXPLICIT freed <1K, 4% free 2845K/2952K, paused 0ms+1ms, total 5ms
W/NetworkManagementSocketTagger(  470): setKernelCountSet(10078, 1) failed with errno -13
D/dalvikvm(  166): GC_EXPLICIT freed <1K, 4% free 2845K/2952K, paused 0ms+0ms, total 11ms
I/dalvikvm(19906): ignoring registerObject request in thread=1
I/dalvikvm(19906): ignoring registerObject request in thread=1
W/dalvikvm(19906): VFY: unable to find class referenced in signature (Lokhttp3/Request;)
W/dalvikvm(19906): VFY: unable to find class referenced in signature (Lokhttp3/Response;)
I/dalvikvm(19906): Could not find method okhttp3.Response.headers, referenced from method empirical.HelperClass.printOkHttpInfo
W/dalvikvm(19906): VFY: unable to resolve virtual method 44576: Lokhttp3/Response;.headers ()Lokhttp3/Headers;
D/dalvikvm(19906): VFY: replacing opcode 0x6e at 0x0006
W/dalvikvm(19906): VFY: unable to find class referenced in signature (Lokhttp3/Call;)
W/dalvikvm(19906): VFY: unable to find class referenced in signature (Lokhttp3/Response;)
I/dalvikvm(19906): Could not find method okhttp3.Call.request, referenced from method empirical.HelperClass.printOkHttpInfoFromCall
W/dalvikvm(19906): VFY: unable to resolve interface method 44570: Lokhttp3/Call;.request ()Lokhttp3/Request;
D/dalvikvm(19906): VFY: replacing opcode 0x72 at 0x0006
I/System.out(19906): body:<c.x$a: void <init>()>	sig:$r4 = staticinvoke <java.net.ProxySelector: java.net.ProxySelector getDefault()>()	timediff:0
D/AndroidRuntime(19906): Shutting down VM
W/dalvikvm(19906): threadid=1: thread exiting with uncaught exception (group=0x94c8eb20)
E/AndroidRuntime(19906): FATAL EXCEPTION: main
E/AndroidRuntime(19906): Process: com.colorsnap, PID: 19906
E/AndroidRuntime(19906): java.lang.RuntimeException: Unable to create application com.colorsnap.ColorSnapApplication_: java.lang.IllegalArgumentException: keepAliveDuration <= 0: 5
E/AndroidRuntime(19906): 	at android.app.ActivityThread.handleBindApplication(ActivityThread.java:4349)
E/AndroidRuntime(19906): 	at android.app.ActivityThread.access$1500(ActivityThread.java:135)
E/AndroidRuntime(19906): 	at android.app.ActivityThread$H.handleMessage(ActivityThread.java:1256)
E/AndroidRuntime(19906): 	at android.os.Handler.dispatchMessage(Handler.java:102)
E/AndroidRuntime(19906): 	at android.os.Looper.loop(Looper.java:136)
E/AndroidRuntime(19906): 	at android.app.ActivityThread.main(ActivityThread.java:5019)
E/AndroidRuntime(19906): 	at java.lang.reflect.Method.invokeNative(Native Method)
E/AndroidRuntime(19906): 	at java.lang.reflect.Method.invoke(Method.java:515)
E/AndroidRuntime(19906): 	at com.android.internal.os.ZygoteInit$MethodAndArgsCaller.run(ZygoteInit.java:779)
E/AndroidRuntime(19906): 	at com.android.internal.os.ZygoteInit.main(ZygoteInit.java:595)
E/AndroidRuntime(19906): 	at dalvik.system.NativeStart.main(Native Method)
E/AndroidRuntime(19906): Caused by: java.lang.IllegalArgumentException: keepAliveDuration <= 0: 5
E/AndroidRuntime(19906): 	at c.j.<init>(ConnectionPool.java:93)
E/AndroidRuntime(19906): 	at c.j.<init>(ConnectionPool.java:84)
E/AndroidRuntime(19906): 	at c.x$a.<init>(OkHttpClient.java:368)
E/AndroidRuntime(19906): 	at com.colorsnap.network.SherwinServices.createOkHttp(SherwinServices.java:452)
E/AndroidRuntime(19906): 	at com.colorsnap.network.SherwinServices.getClient(SherwinServices.java:320)
E/AndroidRuntime(19906): 	at com.colorsnap.network.SherwinServices.initializeClient(SherwinServices.java:121)
E/AndroidRuntime(19906): 	at com.colorsnap.network.SherwinServices.<init>(SherwinServices.java:113)
E/AndroidRuntime(19906): 	at com.colorsnap.network.SherwinServices.getInstance(SherwinServices.java:141)
E/AndroidRuntime(19906): 	at com.colorsnap.ColorSnapApplication.getServices(ColorSnapApplication.java:85)
E/AndroidRuntime(19906): 	at com.colorsnap.controller.UserController.<init>(UserController.java:72)
E/AndroidRuntime(19906): 	at com.colorsnap.controller.UserController_.<init>(UserController_.java:20)
E/AndroidRuntime(19906): 	at com.colorsnap.controller.UserController_.getInstance_(UserController_.java:26)
E/AndroidRuntime(19906): 	at com.colorsnap.ColorSnapApplication_.init_(ColorSnapApplication_.java:43)
E/AndroidRuntime(19906): 	at com.colorsnap.ColorSnapApplication_.onCreate(ColorSnapApplication_.java:37)
E/AndroidRuntime(19906): 	at android.app.Instrumentation.callApplicationOnCreate(Instrumentation.java:1024)
E/AndroidRuntime(19906): 	at android.app.ActivityThread.handleBindApplication(ActivityThread.java:4346)
E/AndroidRuntime(19906): 	... 10 more
D/dalvikvm(19906): JIT code cache reset in 0 ms (0 bytes 1/0)
D/dalvikvm(19906): GC_CONCURRENT freed 306K, 12% free 2925K/3296K, paused 1ms+1ms, total 6ms
I/Process (  470): Sending signal. PID: 19906 SIG: 9
I/InputDispatcher(  470): Dropping event because there is no focused window or focused application.
W/ActivityManager(  470): Force-killing crashed app com.colorsnap at watcher's request
W/ContextImpl(  470): Calling a method in the system process without a qualified user: android.app.ContextImpl.sendBroadcast:1123 com.android.server.am.ActivityManagerService.handleApplicationCrashInner:9642 com.android.server.am.ActivityManagerService.handleApplicationCrash:9616 android.app.ActivityManagerNative.onTransact:1311 com.android.server.am.ActivityManagerService.onTransact:2071 
I/ActivityManager(  470): Process com.colorsnap (pid 19906) has died.
W/ActivityManager(  470): Force removing ActivityRecord{4aa0efc0 u0 com.colorsnap/.IntroScreenActivity_ t128}: app died, no saved state
W/NetworkManagementSocketTagger(  470): setKernelCountSet(10078, 0) failed with errno -13
I/InputDispatcher(  470): Dropping event because there is no focused window or focused application.
W/InputManager(  470): Input event injection from pid 19771 failed.
W/InputManager(  470): Input event injection from pid 19771 failed.
W/InputManager(  470): Input event injection from pid 19771 failed.
I/InputDispatcher(  470): Dropping event because there is no focused window or focused application.
I/InputDispatcher(  470): Dropping event because there is no focused window or focused application.
W/InputManager(  470): Input event injection from pid 19771 failed.
W/InputManager(  470): Input event injection from pid 19771 failed.
W/InputManager(  470): Input event injection from pid 19771 failed.
W/InputManager(  470): Input event injection from pid 19771 failed.
W/InputManager(  470): Input event injection from pid 19771 failed.
W/InputManager(  470): Input event injection from pid 19771 failed.
W/EGL_emulation(10668): eglSurfaceAttrib not implemented 3093 12436
W/PropertyValuesHolder(10668): Method setBrightness() with type int not found on target class class ml
W/PropertyValuesHolder(10668): Method getBrightness() with type int not found on target class class ml
W/ViewRootImpl(10668): Dropping event due to no window focus: KeyEvent { action=ACTION_DOWN, keyCode=KEYCODE_BUTTON_THUMBL, scanCode=0, metaState=0, flags=0x8, repeatCount=0, eventTime=2693952, downTime=2693952, deviceId=-1, source=0x101 }
W/ViewRootImpl(10668): Dropping event due to no window focus: KeyEvent { action=ACTION_DOWN, keyCode=KEYCODE_DPAD_CENTER, scanCode=0, metaState=0, flags=0x8, repeatCount=0, eventTime=2693952, downTime=2693952, deviceId=-1, source=0x101 }
I/ActivityManager(  470): START u0 {act=android.intent.action.MAIN cat=[android.intent.category.LAUNCHER] flg=0x10200000 cmp=com.colorsnap/.IntroScreenActivity_} from pid 19771
W/InputMethodManagerService(  470): Window already focused, ignoring focus gain of: com.android.internal.view.IInputMethodClient$Stub$Proxy@4aa1fad4 attribute=android.view.inputmethod.EditorInfo@4aa1f830, token = android.os.BinderProxy@4ac00024
I/ActivityManager(  470): START u0 {act=android.intent.action.MAIN cat=[android.intent.category.LAUNCHER] flg=0x10200000 cmp=co.happybits.marcopolo/.ui.screens.splash.SplashActivity bnds=[149,848][290,1078] (has extras)} from pid 10668
W/ContextImpl(10668): Calling a method in the system process without a qualified user: android.app.ContextImpl.sendBroadcast:1137 android.content.ContextWrapper.sendBroadcast:370 com.vphone.launcher.Stats.recordLaunch:129 com.vphone.launcher.Launcher.c:3163 com.vphone.launcher.Launcher.onClickAppShortcut:3115 
D/yeshen  (10668): launcher onpause
W/NetworkManagementSocketTagger(  470): setKernelCountSet(10078, 1) failed with errno -13
I/dalvikvm(19923): ignoring registerObject request in thread=1
I/dalvikvm(19923): ignoring registerObject request in thread=1
I/ActivityManager(  470): Start proc com.colorsnap for activity com.colorsnap/.IntroScreenActivity_: pid=19923 uid=10078 gids={50078, 3003, 1028, 1015, 1023}
W/dalvikvm(19923): VFY: unable to find class referenced in signature (Lokhttp3/Request;)
W/dalvikvm(19923): VFY: unable to find class referenced in signature (Lokhttp3/Response;)
I/dalvikvm(19923): Could not find method okhttp3.Response.headers, referenced from method empirical.HelperClass.printOkHttpInfo
W/dalvikvm(19923): VFY: unable to resolve virtual method 44576: Lokhttp3/Response;.headers ()Lokhttp3/Headers;
D/dalvikvm(19923): VFY: replacing opcode 0x6e at 0x0006
W/dalvikvm(19923): VFY: unable to find class referenced in signature (Lokhttp3/Call;)
W/dalvikvm(19923): VFY: unable to find class referenced in signature (Lokhttp3/Response;)
I/dalvikvm(19923): Could not find method okhttp3.Call.request, referenced from method empirical.HelperClass.printOkHttpInfoFromCall
W/dalvikvm(19923): VFY: unable to resolve interface method 44570: Lokhttp3/Call;.request ()Lokhttp3/Request;
D/dalvikvm(19923): VFY: replacing opcode 0x72 at 0x0006
I/System.out(19923): body:<c.x$a: void <init>()>	sig:$r4 = staticinvoke <java.net.ProxySelector: java.net.ProxySelector getDefault()>()	timediff:0
D/AndroidRuntime(19923): Shutting down VM
W/dalvikvm(19923): threadid=1: thread exiting with uncaught exception (group=0x94c8eb20)
E/AndroidRuntime(19923): FATAL EXCEPTION: main
E/AndroidRuntime(19923): Process: com.colorsnap, PID: 19923
E/AndroidRuntime(19923): java.lang.RuntimeException: Unable to create application com.colorsnap.ColorSnapApplication_: java.lang.IllegalArgumentException: keepAliveDuration <= 0: 5
E/AndroidRuntime(19923): 	at android.app.ActivityThread.handleBindApplication(ActivityThread.java:4349)
E/AndroidRuntime(19923): 	at android.app.ActivityThread.access$1500(ActivityThread.java:135)
E/AndroidRuntime(19923): 	at android.app.ActivityThread$H.handleMessage(ActivityThread.java:1256)
E/AndroidRuntime(19923): 	at android.os.Handler.dispatchMessage(Handler.java:102)
E/AndroidRuntime(19923): 	at android.os.Looper.loop(Looper.java:136)
E/AndroidRuntime(19923): 	at android.app.ActivityThread.main(ActivityThread.java:5019)
E/AndroidRuntime(19923): 	at java.lang.reflect.Method.invokeNative(Native Method)
E/AndroidRuntime(19923): 	at java.lang.reflect.Method.invoke(Method.java:515)
E/AndroidRuntime(19923): 	at com.android.internal.os.ZygoteInit$MethodAndArgsCaller.run(ZygoteInit.java:779)
E/AndroidRuntime(19923): 	at com.android.internal.os.ZygoteInit.main(ZygoteInit.java:595)
E/AndroidRuntime(19923): 	at dalvik.system.NativeStart.main(Native Method)
E/AndroidRuntime(19923): Caused by: java.lang.IllegalArgumentException: keepAliveDuration <= 0: 5
E/AndroidRuntime(19923): 	at c.j.<init>(ConnectionPool.java:93)
E/AndroidRuntime(19923): 	at c.j.<init>(ConnectionPool.java:84)
E/AndroidRuntime(19923): 	at c.x$a.<init>(OkHttpClient.java:368)
E/AndroidRuntime(19923): 	at com.colorsnap.network.SherwinServices.createOkHttp(SherwinServices.java:452)
E/AndroidRuntime(19923): 	at com.colorsnap.network.SherwinServices.getClient(SherwinServices.java:320)
E/AndroidRuntime(19923): 	at com.colorsnap.network.SherwinServices.initializeClient(SherwinServices.java:121)
E/AndroidRuntime(19923): 	at com.colorsnap.network.SherwinServices.<init>(SherwinServices.java:113)
E/AndroidRuntime(19923): 	at com.colorsnap.network.SherwinServices.getInstance(SherwinServices.java:141)
E/AndroidRuntime(19923): 	at com.colorsnap.ColorSnapApplication.getServices(ColorSnapApplication.java:85)
E/AndroidRuntime(19923): 	at com.colorsnap.controller.UserController.<init>(UserController.java:72)
E/AndroidRuntime(19923): 	at com.colorsnap.controller.UserController_.<init>(UserController_.java:20)
E/AndroidRuntime(19923): 	at com.colorsnap.controller.UserController_.getInstance_(UserController_.java:26)
E/AndroidRuntime(19923): 	at com.colorsnap.ColorSnapApplication_.init_(ColorSnapApplication_.java:43)
E/AndroidRuntime(19923): 	at com.colorsnap.ColorSnapApplication_.onCreate(ColorSnapApplication_.java:37)
E/AndroidRuntime(19923): 	at android.app.Instrumentation.callApplicationOnCreate(Instrumentation.java:1024)
E/AndroidRuntime(19923): 	at android.app.ActivityThread.handleBindApplication(ActivityThread.java:4346)
E/AndroidRuntime(19923): 	... 10 more
I/Process (  470): Sending signal. PID: 19923 SIG: 9
W/ActivityManager(  470): Force-killing crashed app com.colorsnap at watcher's request
W/ContextImpl(  470): Calling a method in the system process without a qualified user: android.app.ContextImpl.sendBroadcast:1123 com.android.server.am.ActivityManagerService.handleApplicationCrashInner:9642 com.android.server.am.ActivityManagerService.handleApplicationCrash:9616 android.app.ActivityManagerNative.onTransact:1311 com.android.server.am.ActivityManagerService.onTransact:2071 
W/NetworkManagementSocketTagger(  470): setKernelCountSet(10078, 0) failed with errno -13
I/ActivityManager(  470): Process com.colorsnap (pid 19923) has died.
I/ActivityManager(  470): Start proc com.colorsnap for activity com.colorsnap/.IntroScreenActivity_: pid=19937 uid=10078 gids={50078, 3003, 1028, 1015, 1023}
W/NetworkManagementSocketTagger(  470): setKernelCountSet(10078, 1) failed with errno -13
I/dalvikvm(19937): ignoring registerObject request in thread=1
I/dalvikvm(19937): ignoring registerObject request in thread=1
W/dalvikvm(19937): VFY: unable to find class referenced in signature (Lokhttp3/Request;)
W/dalvikvm(19937): VFY: unable to find class referenced in signature (Lokhttp3/Response;)
I/dalvikvm(19937): Could not find method okhttp3.Response.headers, referenced from method empirical.HelperClass.printOkHttpInfo
W/dalvikvm(19937): VFY: unable to resolve virtual method 44576: Lokhttp3/Response;.headers ()Lokhttp3/Headers;
D/dalvikvm(19937): VFY: replacing opcode 0x6e at 0x0006
W/dalvikvm(19937): VFY: unable to find class referenced in signature (Lokhttp3/Call;)
W/dalvikvm(19937): VFY: unable to find class referenced in signature (Lokhttp3/Response;)
I/dalvikvm(19937): Could not find method okhttp3.Call.request, referenced from method empirical.HelperClass.printOkHttpInfoFromCall
W/dalvikvm(19937): VFY: unable to resolve interface method 44570: Lokhttp3/Call;.request ()Lokhttp3/Request;
D/dalvikvm(19937): VFY: replacing opcode 0x72 at 0x0006
I/System.out(19937): body:<c.x$a: void <init>()>	sig:$r4 = staticinvoke <java.net.ProxySelector: java.net.ProxySelector getDefault()>()	timediff:0
D/AndroidRuntime(19937): Shutting down VM
W/dalvikvm(19937): threadid=1: thread exiting with uncaught exception (group=0x94c8eb20)
I/Process (  470): Sending signal. PID: 19937 SIG: 9
E/AndroidRuntime(19937): FATAL EXCEPTION: main
E/AndroidRuntime(19937): Process: com.colorsnap, PID: 19937
E/AndroidRuntime(19937): java.lang.RuntimeException: Unable to create application com.colorsnap.ColorSnapApplication_: java.lang.IllegalArgumentException: keepAliveDuration <= 0: 5
E/AndroidRuntime(19937): 	at android.app.ActivityThread.handleBindApplication(ActivityThread.java:4349)
E/AndroidRuntime(19937): 	at android.app.ActivityThread.access$1500(ActivityThread.java:135)
E/AndroidRuntime(19937): 	at android.app.ActivityThread$H.handleMessage(ActivityThread.java:1256)
E/AndroidRuntime(19937): 	at android.os.Handler.dispatchMessage(Handler.java:102)
E/AndroidRuntime(19937): 	at android.os.Looper.loop(Looper.java:136)
E/AndroidRuntime(19937): 	at android.app.ActivityThread.main(ActivityThread.java:5019)
E/AndroidRuntime(19937): 	at java.lang.reflect.Method.invokeNative(Native Method)
E/AndroidRuntime(19937): 	at java.lang.reflect.Method.invoke(Method.java:515)
E/AndroidRuntime(19937): 	at com.android.internal.os.ZygoteInit$MethodAndArgsCaller.run(ZygoteInit.java:779)
E/AndroidRuntime(19937): 	at com.android.internal.os.ZygoteInit.main(ZygoteInit.java:595)
E/AndroidRuntime(19937): 	at dalvik.system.NativeStart.main(Native Method)
E/AndroidRuntime(19937): Caused by: java.lang.IllegalArgumentException: keepAliveDuration <= 0: 5
E/AndroidRuntime(19937): 	at c.j.<init>(ConnectionPool.java:93)
E/AndroidRuntime(19937): 	at c.j.<init>(ConnectionPool.java:84)
E/AndroidRuntime(19937): 	at c.x$a.<init>(OkHttpClient.java:368)
E/AndroidRuntime(19937): 	at com.colorsnap.network.SherwinServices.createOkHttp(SherwinServices.java:452)
E/AndroidRuntime(19937): 	at com.colorsnap.network.SherwinServices.getClient(SherwinServices.java:320)
E/AndroidRuntime(19937): 	at com.colorsnap.network.SherwinServices.initializeClient(SherwinServices.java:121)
E/AndroidRuntime(19937): 	at com.colorsnap.network.SherwinServices.<init>(SherwinServices.java:113)
E/AndroidRuntime(19937): 	at com.colorsnap.network.SherwinServices.getInstance(SherwinServices.java:141)
E/AndroidRuntime(19937): 	at com.colorsnap.ColorSnapApplication.getServices(ColorSnapApplication.java:85)
E/AndroidRuntime(19937): 	at com.colorsnap.controller.UserController.<init>(UserController.java:72)
E/AndroidRuntime(19937): 	at com.colorsnap.controller.UserController_.<init>(UserController_.java:20)
E/AndroidRuntime(19937): 	at com.colorsnap.controller.UserController_.getInstance_(UserController_.java:26)
E/AndroidRuntime(19937): 	at com.colorsnap.ColorSnapApplication_.init_(ColorSnapApplication_.java:43)
E/AndroidRuntime(19937): 	at com.colorsnap.ColorSnapApplication_.onCreate(ColorSnapApplication_.java:37)
E/AndroidRuntime(19937): 	at android.app.Instrumentation.callApplicationOnCreate(Instrumentation.java:1024)
E/AndroidRuntime(19937): 	at android.app.ActivityThread.handleBindApplication(ActivityThread.java:4346)
E/AndroidRuntime(19937): 	... 10 more
W/ActivityManager(  470): Force-killing crashed app com.colorsnap at watcher's request
W/ContextImpl(  470): Calling a method in the system process without a qualified user: android.app.ContextImpl.sendBroadcast:1123 com.android.server.am.ActivityManagerService.handleApplicationCrashInner:9642 com.android.server.am.ActivityManagerService.handleApplicationCrash:9616 android.app.ActivityManagerNative.onTransact:1311 com.android.server.am.ActivityManagerService.onTransact:2071 
W/NetworkManagementSocketTagger(  470): setKernelCountSet(10078, 0) failed with errno -13
I/ActivityManager(  470): Process com.colorsnap (pid 19937) has died.
I/ActivityManager(  470): Start proc com.colorsnap for activity com.colorsnap/.IntroScreenActivity_: pid=19952 uid=10078 gids={50078, 3003, 1028, 1015, 1023}
W/NetworkManagementSocketTagger(  470): setKernelCountSet(10078, 1) failed with errno -13
I/dalvikvm(19952): ignoring registerObject request in thread=1
I/dalvikvm(19952): ignoring registerObject request in thread=1
W/dalvikvm(19952): VFY: unable to find class referenced in signature (Lokhttp3/Request;)
W/dalvikvm(19952): VFY: unable to find class referenced in signature (Lokhttp3/Response;)
I/dalvikvm(19952): Could not find method okhttp3.Response.headers, referenced from method empirical.HelperClass.printOkHttpInfo
W/dalvikvm(19952): VFY: unable to resolve virtual method 44576: Lokhttp3/Response;.headers ()Lokhttp3/Headers;
D/dalvikvm(19952): VFY: replacing opcode 0x6e at 0x0006
W/dalvikvm(19952): VFY: unable to find class referenced in signature (Lokhttp3/Call;)
W/dalvikvm(19952): VFY: unable to find class referenced in signature (Lokhttp3/Response;)
I/dalvikvm(19952): Could not find method okhttp3.Call.request, referenced from method empirical.HelperClass.printOkHttpInfoFromCall
W/dalvikvm(19952): VFY: unable to resolve interface method 44570: Lokhttp3/Call;.request ()Lokhttp3/Request;
D/dalvikvm(19952): VFY: replacing opcode 0x72 at 0x0006
I/System.out(19952): body:<c.x$a: void <init>()>	sig:$r4 = staticinvoke <java.net.ProxySelector: java.net.ProxySelector getDefault()>()	timediff:0
D/AndroidRuntime(19952): Shutting down VM
W/dalvikvm(19952): threadid=1: thread exiting with uncaught exception (group=0x94c8eb20)
I/Process (  470): Sending signal. PID: 19952 SIG: 9
E/AndroidRuntime(19952): FATAL EXCEPTION: main
E/AndroidRuntime(19952): Process: com.colorsnap, PID: 19952
E/AndroidRuntime(19952): java.lang.RuntimeException: Unable to create application com.colorsnap.ColorSnapApplication_: java.lang.IllegalArgumentException: keepAliveDuration <= 0: 5
E/AndroidRuntime(19952): 	at android.app.ActivityThread.handleBindApplication(ActivityThread.java:4349)
E/AndroidRuntime(19952): 	at android.app.ActivityThread.access$1500(ActivityThread.java:135)
E/AndroidRuntime(19952): 	at android.app.ActivityThread$H.handleMessage(ActivityThread.java:1256)
E/AndroidRuntime(19952): 	at android.os.Handler.dispatchMessage(Handler.java:102)
E/AndroidRuntime(19952): 	at android.os.Looper.loop(Looper.java:136)
E/AndroidRuntime(19952): 	at android.app.ActivityThread.main(ActivityThread.java:5019)
E/AndroidRuntime(19952): 	at java.lang.reflect.Method.invokeNative(Native Method)
E/AndroidRuntime(19952): 	at java.lang.reflect.Method.invoke(Method.java:515)
E/AndroidRuntime(19952): 	at com.android.internal.os.ZygoteInit$MethodAndArgsCaller.run(ZygoteInit.java:779)
E/AndroidRuntime(19952): 	at com.android.internal.os.ZygoteInit.main(ZygoteInit.java:595)
E/AndroidRuntime(19952): 	at dalvik.system.NativeStart.main(Native Method)
E/AndroidRuntime(19952): Caused by: java.lang.IllegalArgumentException: keepAliveDuration <= 0: 5
E/AndroidRuntime(19952): 	at c.j.<init>(ConnectionPool.java:93)
E/AndroidRuntime(19952): 	at c.j.<init>(ConnectionPool.java:84)
E/AndroidRuntime(19952): 	at c.x$a.<init>(OkHttpClient.java:368)
E/AndroidRuntime(19952): 	at com.colorsnap.network.SherwinServices.createOkHttp(SherwinServices.java:452)
E/AndroidRuntime(19952): 	at com.colorsnap.network.SherwinServices.getClient(SherwinServices.java:320)
E/AndroidRuntime(19952): 	at com.colorsnap.network.SherwinServices.initializeClient(SherwinServices.java:121)
E/AndroidRuntime(19952): 	at com.colorsnap.network.SherwinServices.<init>(SherwinServices.java:113)
E/AndroidRuntime(19952): 	at com.colorsnap.network.SherwinServices.getInstance(SherwinServices.java:141)
E/AndroidRuntime(19952): 	at com.colorsnap.ColorSnapApplication.getServices(ColorSnapApplication.java:85)
E/AndroidRuntime(19952): 	at com.colorsnap.controller.UserController.<init>(UserController.java:72)
E/AndroidRuntime(19952): 	at com.colorsnap.controller.UserController_.<init>(UserController_.java:20)
E/AndroidRuntime(19952): 	at com.colorsnap.controller.UserController_.getInstance_(UserController_.java:26)
E/AndroidRuntime(19952): 	at com.colorsnap.ColorSnapApplication_.init_(ColorSnapApplication_.java:43)
E/AndroidRuntime(19952): 	at com.colorsnap.ColorSnapApplication_.onCreate(ColorSnapApplication_.java:37)
E/AndroidRuntime(19952): 	at android.app.Instrumentation.callApplicationOnCreate(Instrumentation.java:1024)
E/AndroidRuntime(19952): 	at android.app.ActivityThread.handleBindApplication(ActivityThread.java:4346)
E/AndroidRuntime(19952): 	... 10 more
W/ActivityManager(  470): Force-killing crashed app com.colorsnap at watcher's request
W/ContextImpl(  470): Calling a method in the system process without a qualified user: android.app.ContextImpl.sendBroadcast:1123 com.android.server.am.ActivityManagerService.handleApplicationCrashInner:9642 com.android.server.am.ActivityManagerService.handleApplicationCrash:9616 android.app.ActivityManagerNative.onTransact:1311 com.android.server.am.ActivityManagerService.onTransact:2071 
I/ActivityManager(  470): Process com.colorsnap (pid 19952) has died.
W/NetworkManagementSocketTagger(  470): setKernelCountSet(10078, 0) failed with errno -13
I/InputDispatcher(  470): Dropping event because there is no focused window or focused application.
I/InputDispatcher(  470): Dropping event because there is no focused window or focused application.
I/InputDispatcher(  470): Dropping event because there is no focused window or focused application.
I/InputDispatcher(  470): Dropping event because there is no focused window or focused application.
I/InputDispatcher(  470): Dropping event because there is no focused window or focused application.
I/InputDispatcher(  470): Dropping event because there is no focused window or focused application.
I/InputDispatcher(  470): Dropping event because there is no focused window or focused application.
I/InputDispatcher(  470): Dropping event because there is no focused window or focused application.
I/InputDispatcher(  470): Dropping event because there is no focused window or focused application.
I/InputDispatcher(  470): Dropping event because there is no focused window or focused application.
I/InputDispatcher(  470): Dropping event because there is no focused window or focused application.
I/InputDispatcher(  470): Dropping event because there is no focused window or focused application.
I/InputDispatcher(  470): Dropping event because there is no focused window or focused application.
I/InputDispatcher(  470): Dropping event because there is no focused window or focused application.
I/InputDispatcher(  470): Dropping event because there is no focused window or focused application.
I/InputDispatcher(  470): Dropping event because there is no focused window or focused application.
I/InputDispatcher(  470): Dropping event because there is no focused window or focused application.
I/InputDispatcher(  470): Dropping event because there is no focused window or focused application.
I/InputDispatcher(  470): Dropping event because there is no focused window or focused application.
I/InputDispatcher(  470): Dropping event because there is no focused window or focused application.
I/InputDispatcher(  470): Dropping event because there is no focused window or focused application.
I/InputDispatcher(  470): Dropping event because there is no focused window or focused application.
I/InputDispatcher(  470): Dropping event because there is no focused window or focused application.
I/InputDispatcher(  470): Dropping event because there is no focused window or focused application.
I/InputDispatcher(  470): Dropping event because there is no focused window or focused application.
I/InputDispatcher(  470): Dropping event because there is no focused window or focused application.
I/InputDispatcher(  470): Dropping event because there is no focused window or focused application.
I/InputDispatcher(  470): Dropping event because there is no focused window or focused application.
W/ActivityManager(  470): Force removing ActivityRecord{4aae9f60 u0 com.colorsnap/.IntroScreenActivity_ t129}: app died, no saved state
W/InputManager(  470): Input event injection from pid 19771 failed.
W/InputManager(  470): Input event injection from pid 19771 failed.
W/InputManager(  470): Input event injection from pid 19771 failed.
W/InputManager(  470): Input event injection from pid 19771 failed.
W/InputManager(  470): Input event injection from pid 19771 failed.
W/InputManager(  470): Input event injection from pid 19771 failed.
W/InputManager(  470): Input event injection from pid 19771 failed.
W/InputManager(  470): Input event injection from pid 19771 failed.
W/InputManager(  470): Input event injection from pid 19771 failed.
W/InputManager(  470): Input event injection from pid 19771 failed.
W/InputManager(  470): Input event injection from pid 19771 failed.
W/InputManager(  470): Input event injection from pid 19771 failed.
W/InputManager(  470): Input event injection from pid 19771 failed.
W/InputManager(  470): Input event injection from pid 19771 failed.
W/InputManager(  470): Input event injection from pid 19771 failed.
W/InputManager(  470): Input event injection from pid 19771 failed.
W/InputManager(  470): Input event injection from pid 19771 failed.
W/InputManager(  470): Input event injection from pid 19771 failed.
W/InputManager(  470): Input event injection from pid 19771 failed.
W/InputManager(  470): Input event injection from pid 19771 failed.
W/InputManager(  470): Input event injection from pid 19771 failed.
W/InputManager(  470): Input event injection from pid 19771 failed.
W/InputManager(  470): Input event injection from pid 19771 failed.
W/InputManager(  470): Input event injection from pid 19771 failed.
W/InputManager(  470): Input event injection from pid 19771 failed.
W/InputManager(  470): Input event injection from pid 19771 failed.
W/InputManager(  470): Input event injection from pid 19771 failed.
W/InputManager(  470): Input event injection from pid 19771 failed.
I/InputDispatcher(  470): Dropping event because there is no focused window or focused application.
I/InputDispatcher(  470): Dropping event because there is no focused window or focused application.
I/InputDispatcher(  470): Dropping event because there is no focused window or focused application.
I/InputDispatcher(  470): Dropping event because there is no focused window or focused application.
I/InputDispatcher(  470): Dropping event because there is no focused window or focused application.
I/InputDispatcher(  470): Dropping event because there is no focused window or focused application.
I/InputDispatcher(  470): Dropping event because there is no focused window or focused application.
I/InputDispatcher(  470): Dropping event because there is no focused window or focused application.
I/InputDispatcher(  470): Dropping event because there is no focused window or focused application.
I/InputDispatcher(  470): Dropping event because there is no focused window or focused application.
I/InputDispatcher(  470): Dropping event because there is no focused window or focused application.
I/InputDispatcher(  470): Dropping event because there is no focused window or focused application.
I/InputDispatcher(  470): Dropping event because there is no focused window or focused application.
I/InputDispatcher(  470): Dropping event because there is no focused window or focused application.
I/InputDispatcher(  470): Dropping event because there is no focused window or focused application.
I/InputDispatcher(  470): Dropping event because there is no focused window or focused application.
I/InputDispatcher(  470): Dropping event because there is no focused window or focused application.
I/InputDispatcher(  470): Dropping event because there is no focused window or focused application.
I/InputDispatcher(  470): Dropping event because there is no focused window or focused application.
I/InputDispatcher(  470): Dropping event because there is no focused window or focused application.
I/InputDispatcher(  470): Dropping event because there is no focused window or focused application.
W/InputManager(  470): Input event injection from pid 19771 failed.
W/InputManager(  470): Input event injection from pid 19771 failed.
W/InputManager(  470): Input event injection from pid 19771 failed.
W/InputManager(  470): Input event injection from pid 19771 failed.
W/InputManager(  470): Input event injection from pid 19771 failed.
W/InputManager(  470): Input event injection from pid 19771 failed.
W/InputManager(  470): Input event injection from pid 19771 failed.
W/InputManager(  470): Input event injection from pid 19771 failed.
W/InputManager(  470): Input event injection from pid 19771 failed.
W/InputManager(  470): Input event injection from pid 19771 failed.
W/InputManager(  470): Input event injection from pid 19771 failed.
W/InputManager(  470): Input event injection from pid 19771 failed.
W/InputManager(  470): Input event injection from pid 19771 failed.
W/InputManager(  470): Input event injection from pid 19771 failed.
W/InputManager(  470): Input event injection from pid 19771 failed.
W/InputManager(  470): Input event injection from pid 19771 failed.
W/InputManager(  470): Input event injection from pid 19771 failed.
W/InputManager(  470): Input event injection from pid 19771 failed.
W/InputManager(  470): Input event injection from pid 19771 failed.
W/InputManager(  470): Input event injection from pid 19771 failed.
W/InputManager(  470): Input event injection from pid 19771 failed.
I/InputDispatcher(  470): Dropping event because there is no focused window or focused application.
W/InputManager(  470): Input event injection from pid 19771 failed.
W/EGL_emulation(10668): eglSurfaceAttrib not implemented 3093 12436
W/InputMethodManagerService(  470): Window already focused, ignoring focus gain of: com.android.internal.view.IInputMethodClient$Stub$Proxy@4ae5eabc attribute=null, token = android.os.BinderProxy@4ac00024
I/ActivityManager(  470): START u0 {act=android.intent.action.MAIN cat=[android.intent.category.LAUNCHER] flg=0x10200000 cmp=com.colorsnap/.IntroScreenActivity_} from pid 19771
D/yeshen  (10668): launcher onpause
I/ActivityManager(  470): Start proc com.colorsnap for activity com.colorsnap/.IntroScreenActivity_: pid=19970 uid=10078 gids={50078, 3003, 1028, 1015, 1023}
W/NetworkManagementSocketTagger(  470): setKernelCountSet(10078, 1) failed with errno -13
I/dalvikvm(19970): ignoring registerObject request in thread=1
I/dalvikvm(19970): ignoring registerObject request in thread=1
W/dalvikvm(19970): VFY: unable to find class referenced in signature (Lokhttp3/Request;)
W/dalvikvm(19970): VFY: unable to find class referenced in signature (Lokhttp3/Response;)
I/dalvikvm(19970): Could not find method okhttp3.Response.headers, referenced from method empirical.HelperClass.printOkHttpInfo
W/dalvikvm(19970): VFY: unable to resolve virtual method 44576: Lokhttp3/Response;.headers ()Lokhttp3/Headers;
D/dalvikvm(19970): VFY: replacing opcode 0x6e at 0x0006
W/dalvikvm(19970): VFY: unable to find class referenced in signature (Lokhttp3/Call;)
W/dalvikvm(19970): VFY: unable to find class referenced in signature (Lokhttp3/Response;)
I/dalvikvm(19970): Could not find method okhttp3.Call.request, referenced from method empirical.HelperClass.printOkHttpInfoFromCall
W/dalvikvm(19970): VFY: unable to resolve interface method 44570: Lokhttp3/Call;.request ()Lokhttp3/Request;
D/dalvikvm(19970): VFY: replacing opcode 0x72 at 0x0006
I/System.out(19970): body:<c.x$a: void <init>()>	sig:$r4 = staticinvoke <java.net.ProxySelector: java.net.ProxySelector getDefault()>()	timediff:0
D/AndroidRuntime(19970): Shutting down VM
W/dalvikvm(19970): threadid=1: thread exiting with uncaught exception (group=0x94c8eb20)
I/Process (  470): Sending signal. PID: 19970 SIG: 9
E/AndroidRuntime(19970): FATAL EXCEPTION: main
E/AndroidRuntime(19970): Process: com.colorsnap, PID: 19970
E/AndroidRuntime(19970): java.lang.RuntimeException: Unable to create application com.colorsnap.ColorSnapApplication_: java.lang.IllegalArgumentException: keepAliveDuration <= 0: 5
E/AndroidRuntime(19970): 	at android.app.ActivityThread.handleBindApplication(ActivityThread.java:4349)
E/AndroidRuntime(19970): 	at android.app.ActivityThread.access$1500(ActivityThread.java:135)
E/AndroidRuntime(19970): 	at android.app.ActivityThread$H.handleMessage(ActivityThread.java:1256)
E/AndroidRuntime(19970): 	at android.os.Handler.dispatchMessage(Handler.java:102)
E/AndroidRuntime(19970): 	at android.os.Looper.loop(Looper.java:136)
E/AndroidRuntime(19970): 	at android.app.ActivityThread.main(ActivityThread.java:5019)
E/AndroidRuntime(19970): 	at java.lang.reflect.Method.invokeNative(Native Method)
E/AndroidRuntime(19970): 	at java.lang.reflect.Method.invoke(Method.java:515)
E/AndroidRuntime(19970): 	at com.android.internal.os.ZygoteInit$MethodAndArgsCaller.run(ZygoteInit.java:779)
E/AndroidRuntime(19970): 	at com.android.internal.os.ZygoteInit.main(ZygoteInit.java:595)
E/AndroidRuntime(19970): 	at dalvik.system.NativeStart.main(Native Method)
E/AndroidRuntime(19970): Caused by: java.lang.IllegalArgumentException: keepAliveDuration <= 0: 5
E/AndroidRuntime(19970): 	at c.j.<init>(ConnectionPool.java:93)
E/AndroidRuntime(19970): 	at c.j.<init>(ConnectionPool.java:84)
E/AndroidRuntime(19970): 	at c.x$a.<init>(OkHttpClient.java:368)
E/AndroidRuntime(19970): 	at com.colorsnap.network.SherwinServices.createOkHttp(SherwinServices.java:452)
E/AndroidRuntime(19970): 	at com.colorsnap.network.SherwinServices.getClient(SherwinServices.java:320)
E/AndroidRuntime(19970): 	at com.colorsnap.network.SherwinServices.initializeClient(SherwinServices.java:121)
E/AndroidRuntime(19970): 	at com.colorsnap.network.SherwinServices.<init>(SherwinServices.java:113)
E/AndroidRuntime(19970): 	at com.colorsnap.network.SherwinServices.getInstance(SherwinServices.java:141)
E/AndroidRuntime(19970): 	at com.colorsnap.ColorSnapApplication.getServices(ColorSnapApplication.java:85)
E/AndroidRuntime(19970): 	at com.colorsnap.controller.UserController.<init>(UserController.java:72)
E/AndroidRuntime(19970): 	at com.colorsnap.controller.UserController_.<init>(UserController_.java:20)
E/AndroidRuntime(19970): 	at com.colorsnap.controller.UserController_.getInstance_(UserController_.java:26)
E/AndroidRuntime(19970): 	at com.colorsnap.ColorSnapApplication_.init_(ColorSnapApplication_.java:43)
E/AndroidRuntime(19970): 	at com.colorsnap.ColorSnapApplication_.onCreate(ColorSnapApplication_.java:37)
E/AndroidRuntime(19970): 	at android.app.Instrumentation.callApplicationOnCreate(Instrumentation.java:1024)
E/AndroidRuntime(19970): 	at android.app.ActivityThread.handleBindApplication(ActivityThread.java:4346)
E/AndroidRuntime(19970): 	... 10 more
W/ActivityManager(  470): Force-killing crashed app com.colorsnap at watcher's request
W/ContextImpl(  470): Calling a method in the system process without a qualified user: android.app.ContextImpl.sendBroadcast:1123 com.android.server.am.ActivityManagerService.handleApplicationCrashInner:9642 com.android.server.am.ActivityManagerService.handleApplicationCrash:9616 android.app.ActivityManagerNative.onTransact:1311 com.android.server.am.ActivityManagerService.onTransact:2071 
W/NetworkManagementSocketTagger(  470): setKernelCountSet(10078, 0) failed with errno -13
I/ActivityManager(  470): Process com.colorsnap (pid 19970) has died.
I/ActivityManager(  470): Start proc com.colorsnap for activity com.colorsnap/.IntroScreenActivity_: pid=19984 uid=10078 gids={50078, 3003, 1028, 1015, 1023}
W/NetworkManagementSocketTagger(  470): setKernelCountSet(10078, 1) failed with errno -13
I/dalvikvm(19984): ignoring registerObject request in thread=1
I/dalvikvm(19984): ignoring registerObject request in thread=1
W/dalvikvm(19984): VFY: unable to find class referenced in signature (Lokhttp3/Request;)
W/dalvikvm(19984): VFY: unable to find class referenced in signature (Lokhttp3/Response;)
I/dalvikvm(19984): Could not find method okhttp3.Response.headers, referenced from method empirical.HelperClass.printOkHttpInfo
W/dalvikvm(19984): VFY: unable to resolve virtual method 44576: Lokhttp3/Response;.headers ()Lokhttp3/Headers;
D/dalvikvm(19984): VFY: replacing opcode 0x6e at 0x0006
W/dalvikvm(19984): VFY: unable to find class referenced in signature (Lokhttp3/Call;)
W/dalvikvm(19984): VFY: unable to find class referenced in signature (Lokhttp3/Response;)
I/dalvikvm(19984): Could not find method okhttp3.Call.request, referenced from method empirical.HelperClass.printOkHttpInfoFromCall
W/dalvikvm(19984): VFY: unable to resolve interface method 44570: Lokhttp3/Call;.request ()Lokhttp3/Request;
D/dalvikvm(19984): VFY: replacing opcode 0x72 at 0x0006
