D/dalvikvm(29239): GC_CONCURRENT freed 1153K, 13% free 8384K/9600K, paused 1ms+0ms, total 7ms
I/WearableService(  628): Wearable Services stopping
D/dalvikvm(29239): GC_CONCURRENT freed 1229K, 14% free 8914K/10284K, paused 3ms+1ms, total 9ms
W/EGL_emulation(29239): eglSurfaceAttrib not implemented 3093 12436
I/System.out(29239): body:<com.gau.go.gostaticsdk.scheduler.GetCtrlInfoTask: java.lang.String getCtrlInfo()>	sig:$r1 = virtualinvoke $r4.<java.net.URI: java.lang.String toString()>()	timediff:0
W/InputEventReceiver(29239): Attempted to finish an input event but the input event receiver has already been disposed.
W/InputEventReceiver(29239): Attempted to finish an input event but the input event receiver has already been disposed.
W/ViewRootImpl(29239): Dropping event due to root view being removed: MotionEvent { action=ACTION_UP, id[0]=0, x[0]=512.1889, y[0]=762.7905, toolType[0]=TOOL_TYPE_UNKNOWN, buttonState=0, metaState=0, flags=0x0, edgeFlags=0x0, pointerCount=1, historySize=0, eventTime=5941805, downTime=5941805, deviceId=0, source=0x1002 }
D/dalvikvm(29239): GC_FOR_ALLOC freed 2148K, 22% free 8670K/10976K, paused 14ms, total 14ms
W/ViewRootImpl(29239): Dropping event due to no window focus: KeyEvent { action=ACTION_DOWN, keyCode=KEYCODE_F10, scanCode=0, metaState=0, flags=0x8, repeatCount=0, eventTime=5941891, downTime=5941891, deviceId=-1, source=0x101 }
D/dalvikvm(29239): GC_FOR_ALLOC freed 1168K, 15% free 9416K/10976K, paused 6ms, total 7ms
D/dalvikvm(29239): GC_CONCURRENT freed <1K, 14% free 9501K/10976K, paused 1ms+0ms, total 7ms
W/NetworkManagementSocketTagger(  478): setKernelCountSet(10007, 0) failed with errno -13
D/dalvikvm(29239): GC_FOR_ALLOC freed 2435K, 24% free 8963K/11752K, paused 5ms, total 5ms
I/System.out(29239): body:<com.appsflyer.AppsFlyerLib: void callServer(java.net.URL,java.lang.String,java.lang.String,java.lang.ref.WeakReference,java.lang.String,boolean)>	sig:$r14 = virtualinvoke $r10.<java.net.HttpURLConnection: java.io.OutputStream getOutputStream()>()	timediff:456
I/qtaguid (  628): Tagging socket 61 with tag 3000040700000000(805307399) for uid -1 failed errno=-13
I/NetworkManagementSocketTagger(  628): tagSocketFd(61, 805307399, -1) failed with errno-13
D/dalvikvm(29239): GC_CONCURRENT freed 1417K, 19% free 9605K/11752K, paused 1ms+3ms, total 22ms
D/dalvikvm(29239): WAIT_FOR_CONCURRENT_GC blocked 15ms
D/dalvikvm(29239): GC_FOR_ALLOC freed 2118K, 23% free 9100K/11752K, paused 6ms, total 6ms
I/System.out(29239): body:<com.appsflyer.AppsFlyerLib: void callServer(java.net.URL,java.lang.String,java.lang.String,java.lang.ref.WeakReference,java.lang.String,boolean)>	sig:$i0 = virtualinvoke $r10.<java.net.HttpURLConnection: int getResponseCode()>()	timediff:134
D/AppsFlyer_4.5.0(29239): response code: 200
I/System.out(29239): body:<com.appsflyer.AppsFlyerLib: void callServer(java.net.URL,java.lang.String,java.lang.String,java.lang.ref.WeakReference,java.lang.String,boolean)>	sig:virtualinvoke $r10.<java.net.HttpURLConnection: void disconnect()>()	timediff:0
D/dalvikvm(29239): GC_CONCURRENT freed 2217K, 24% free 8989K/11752K, paused 2ms+1ms, total 18ms
D/dalvikvm(29239): WAIT_FOR_CONCURRENT_GC blocked 5ms
D/dalvikvm(29239): WAIT_FOR_CONCURRENT_GC blocked 15ms
I/AppsFlyer_4.5.0(29239): Calling server for attribution url: https://api.appsflyer.com/install_data/v3/com.steam.photoeditor?devkey=o6****************UrRG&device_id=1523565536044-1007527564373262912
I/System.out(29239): body:<com.appsflyer.AppsFlyerLib$AttributionIdFetcher: void run()>	sig:specialinvoke r28.<java.net.URL: void <init>(java.lang.String)>($r10)	timediff:0
I/System.out(29239): <com.appsflyer.AppsFlyerLib$AttributionIdFetcher: void run()>###specialinvoke r28.<java.net.URL: void <init>(java.lang.String)>($r10)###https://api.appsflyer.com/install_data/v3/com.steam.photoeditor?devkey=o6XxR94NFNcyL6NTzsUrRG&device_id=1523565536044-1007527564373262912
I/System.out(29239): body:<com.appsflyer.AppsFlyerLib$AttributionIdFetcher: void run()>	sig:$r13 = virtualinvoke r28.<java.net.URL: java.net.URLConnection openConnection()>()	timediff:0
I/System.out(29239): body:<com.appsflyer.AppsFlyerLib$AttributionIdFetcher: void run()>	sig:virtualinvoke $r14.<java.net.HttpURLConnection: void setRequestMethod(java.lang.String)>("GET")	timediff:0
I/System.out(29239): body:<com.appsflyer.AppsFlyerLib$AttributionIdFetcher: void run()>	sig:virtualinvoke $r14.<java.net.HttpURLConnection: void setConnectTimeout(int)>(10000)	timediff:0
I/System.out(29239): body:<com.appsflyer.AppsFlyerLib$AttributionIdFetcher: void run()>	sig:virtualinvoke $r14.<java.net.HttpURLConnection: void setRequestProperty(java.lang.String,java.lang.String)>("Connection", "close")	timediff:0
D/dalvikvm(29239): GC_CONCURRENT freed 1500K, 19% free 9554K/11752K, paused 1ms+1ms, total 13ms
W/EGL_emulation(29239): eglSurfaceAttrib not implemented 3093 12436
D/dalvikvm(29239): GC_FOR_ALLOC freed 2177K, 23% free 9078K/11752K, paused 9ms, total 9ms
I/qtaguid (  628): Untagging socket 61 failed errno=-13
W/NetworkManagementSocketTagger(  628): untagSocket(61) failed with errno -13
I/ActivityManager(  478): START u0 {act=android.intent.action.MAIN cat=[android.intent.category.LAUNCHER] flg=0x10200000 cmp=com.steam.photoeditor/.camera.SMainActivity} from pid 29229
D/MyFirebaseIIDService(29239): Refreshed token: cH2hXKfbnBA:APA91bGDrl8KMLTYW83RSCREYHbGuRsYeAdN6Fj5fQwyXk6qQtoLRUfnmXDW6qL2NhakPAZFJthGzUmNXu6-TLWOfB1nUYmuOQawRAb-sxwKwTSWBUEawbnNmVKPGL1kl-8gtv6JlDbt
I/ActivityManager(  478): START u0 {act=android.intent.action.MAIN cat=[android.intent.category.LAUNCHER] flg=0x10200000 cmp=com.steam.photoeditor/.camera.SMainActivity} from pid 29229
D/dalvikvm(29239): GC_FOR_ALLOC freed 2112K, 25% free 8903K/11752K, paused 10ms, total 10ms
I/ActivityManager(  478): START u0 {act=android.intent.action.MAIN cat=[android.intent.category.LAUNCHER] flg=0x10200000 cmp=com.steam.photoeditor/.camera.SMainActivity} from pid 29229
D/dalvikvm(29239): GC_CONCURRENT freed 1249K, 18% free 9669K/11752K, paused 3ms+2ms, total 10ms
D/dalvikvm(29239): GC_FOR_ALLOC freed 2320K, 23% free 9214K/11944K, paused 7ms, total 7ms
D/dalvikvm(29239): GC_CONCURRENT freed 2309K, 25% free 9043K/11944K, paused 2ms+2ms, total 11ms
D/dalvikvm(29239): WAIT_FOR_CONCURRENT_GC blocked 7ms
D/dalvikvm(29239): GC_CONCURRENT freed 1954K, 24% free 9140K/11944K, paused 6ms+0ms, total 12ms
D/dalvikvm(29239): WAIT_FOR_CONCURRENT_GC blocked 6ms
D/dalvikvm(29239): WAIT_FOR_CONCURRENT_GC blocked 4ms
I/System.out(29239): body:<com.appsflyer.AppsFlyerLib$AttributionIdFetcher: void run()>	sig:virtualinvoke $r14.<java.net.HttpURLConnection: void connect()>()	timediff:443
D/dalvikvm(29239): GC_FOR_ALLOC freed 1725K, 23% free 9256K/11944K, paused 7ms, total 7ms
D/dalvikvm(29239): GC_CONCURRENT freed 2231K, 25% free 9065K/11944K, paused 0ms+0ms, total 6ms
D/dalvikvm(29239): WAIT_FOR_CONCURRENT_GC blocked 3ms
I/ActivityManager(  478): START u0 {act=android.intent.action.MAIN cat=[android.intent.category.LAUNCHER] flg=0x10200000 cmp=com.steam.photoeditor/.camera.SMainActivity} from pid 29229
D/dalvikvm(29239): GC_CONCURRENT freed 2219K, 26% free 8934K/11944K, paused 1ms+1ms, total 12ms
D/dalvikvm(29239): WAIT_FOR_CONCURRENT_GC blocked 11ms
D/dalvikvm(29239): GC_CONCURRENT freed 2136K, 27% free 8767K/11944K, paused 2ms+1ms, total 7ms
D/dalvikvm(29239): GC_FOR_ALLOC freed 1387K, 23% free 9229K/11944K, paused 6ms, total 6ms
I/ActivityManager(  478): START u0 {act=android.intent.action.MAIN cat=[android.intent.category.LAUNCHER] flg=0x10200000 cmp=com.steam.photoeditor/.camera.SMainActivity} from pid 29229
W/InputEventReceiver(29239): Attempted to finish an input event but the input event receiver has already been disposed.
W/ViewRootImpl(29239): Dropping event due to no window focus: KeyEvent { action=ACTION_DOWN, keyCode=KEYCODE_DPAD_RIGHT, scanCode=0, metaState=0, flags=0x8, repeatCount=0, eventTime=5943044, downTime=5943044, deviceId=-1, source=0x101 }
W/ContextImpl(  478): Calling a method in the system process without a qualified user: android.app.ContextImpl.sendBroadcast:1123 com.android.server.InputMethodManagerService.hideCurrentInputLocked:1880 com.android.server.InputMethodManagerService.windowGainedFocus:1968 com.android.internal.view.IInputMethodManager$Stub.onTransact:221 com.android.server.InputMethodManagerService.onTransact:818 
W/IInputConnectionWrapper(27072): showStatusIcon on inactive InputConnection
I/ActivityManager(  478): START u0 {cmp=com.steam.photoeditor/.store.activity.SStoreActivity (has extras)} from pid 29239
I/dalvikvm(29239): Could not find method android.content.res.TypedArray.getType, referenced from method com.rey.material.c.b.a
W/dalvikvm(29239): VFY: unable to resolve virtual method 885: Landroid/content/res/TypedArray;.getType (I)I
D/dalvikvm(29239): VFY: replacing opcode 0x6e at 0x0006
I/dalvikvm(29239): Could not find method android.view.View.setBackgroundTintList, referenced from method com.rey.material.c.d.a
W/dalvikvm(29239): VFY: unable to resolve virtual method 17482: Landroid/view/View;.setBackgroundTintList (Landroid/content/res/ColorStateList;)V
D/dalvikvm(29239): VFY: replacing opcode 0x6e at 0x0071
I/dalvikvm(29239): Could not find method android.view.View.setBackgroundTintMode, referenced from method com.rey.material.c.d.a
W/dalvikvm(29239): VFY: unable to resolve virtual method 17483: Landroid/view/View;.setBackgroundTintMode (Landroid/graphics/PorterDuff$Mode;)V
D/dalvikvm(29239): VFY: replacing opcode 0x6e at 0x00a4
I/dalvikvm(29239): Could not find method android.view.View.setBackgroundTintMode, referenced from method com.rey.material.c.d.a
W/dalvikvm(29239): VFY: unable to resolve virtual method 17483: Landroid/view/View;.setBackgroundTintMode (Landroid/graphics/PorterDuff$Mode;)V
D/dalvikvm(29239): VFY: replacing opcode 0x6e at 0x00ae
I/dalvikvm(29239): Could not find method android.view.View.setBackgroundTintMode, referenced from method com.rey.material.c.d.a
W/dalvikvm(29239): VFY: unable to resolve virtual method 17483: Landroid/view/View;.setBackgroundTintMode (Landroid/graphics/PorterDuff$Mode;)V
D/dalvikvm(29239): VFY: replacing opcode 0x6e at 0x00b8
I/dalvikvm(29239): Could not find method android.view.View.setBackgroundTintMode, referenced from method com.rey.material.c.d.a
W/dalvikvm(29239): VFY: unable to resolve virtual method 17483: Landroid/view/View;.setBackgroundTintMode (Landroid/graphics/PorterDuff$Mode;)V
D/dalvikvm(29239): VFY: replacing opcode 0x6e at 0x00c2
I/dalvikvm(29239): Could not find method android.view.View.setBackgroundTintMode, referenced from method com.rey.material.c.d.a
W/dalvikvm(29239): VFY: unable to resolve virtual method 17483: Landroid/view/View;.setBackgroundTintMode (Landroid/graphics/PorterDuff$Mode;)V
D/dalvikvm(29239): VFY: replacing opcode 0x6e at 0x00cc
I/dalvikvm(29239): Could not find method android.view.View.setBackgroundTintMode, referenced from method com.rey.material.c.d.a
W/dalvikvm(29239): VFY: unable to resolve virtual method 17483: Landroid/view/View;.setBackgroundTintMode (Landroid/graphics/PorterDuff$Mode;)V
D/dalvikvm(29239): VFY: replacing opcode 0x6e at 0x00d6
I/dalvikvm(29239): Could not find method android.view.View.setElevation, referenced from method com.rey.material.c.d.a
W/dalvikvm(29239): VFY: unable to resolve virtual method 17488: Landroid/view/View;.setElevation (F)V
D/dalvikvm(29239): VFY: replacing opcode 0x6e at 0x00ff
I/dalvikvm(29239): Could not find method android.widget.TextView.setElegantTextHeight, referenced from method com.rey.material.c.d.a
W/dalvikvm(29239): VFY: unable to resolve virtual method 18907: Landroid/widget/TextView;.setElegantTextHeight (Z)V
D/dalvikvm(29239): VFY: replacing opcode 0x6e at 0x0186
I/dalvikvm(29239): Could not find method android.widget.TextView.setLetterSpacing, referenced from method com.rey.material.c.d.a
W/dalvikvm(29239): VFY: unable to resolve virtual method 18921: Landroid/widget/TextView;.setLetterSpacing (F)V
D/dalvikvm(29239): VFY: replacing opcode 0x6e at 0x01a7
I/dalvikvm(29239): Could not find method android.widget.TextView.setFontFeatureSettings, referenced from method com.rey.material.c.d.a
W/dalvikvm(29239): VFY: unable to resolve virtual method 18912: Landroid/widget/TextView;.setFontFeatureSettings (Ljava/lang/String;)V
D/dalvikvm(29239): VFY: replacing opcode 0x6e at 0x01c4
I/dalvikvm(29239): Could not find method android.widget.TextView.setElegantTextHeight, referenced from method com.rey.material.c.d.a
W/dalvikvm(29239): VFY: unable to resolve virtual method 18907: Landroid/widget/TextView;.setElegantTextHeight (Z)V
D/dalvikvm(29239): VFY: replacing opcode 0x6e at 0x04a2
I/dalvikvm(29239): Could not find method android.widget.TextView.setLetterSpacing, referenced from method com.rey.material.c.d.a
W/dalvikvm(29239): VFY: unable to resolve virtual method 18921: Landroid/widget/TextView;.setLetterSpacing (F)V
D/dalvikvm(29239): VFY: replacing opcode 0x6e at 0x04bd
I/dalvikvm(29239): Could not find method android.widget.TextView.setFontFeatureSettings, referenced from method com.rey.material.c.d.a
W/dalvikvm(29239): VFY: unable to resolve virtual method 18912: Landroid/widget/TextView;.setFontFeatureSettings (Ljava/lang/String;)V
D/dalvikvm(29239): VFY: replacing opcode 0x6e at 0x04d4
D/dalvikvm(29239): GC_FOR_ALLOC freed 3521K, 36% free 7681K/11944K, paused 9ms, total 9ms
D/dalvikvm(29239): GC_CONCURRENT freed 1560K, 36% free 7754K/11944K, paused 2ms+1ms, total 10ms
D/dalvikvm(29239): WAIT_FOR_CONCURRENT_GC blocked 5ms
D/dalvikvm(29239): WAIT_FOR_CONCURRENT_GC blocked 5ms
D/dalvikvm(29239): GC_FOR_ALLOC freed 1097K, 33% free 8115K/11944K, paused 4ms, total 5ms
W/EGL_emulation(29239): eglSurfaceAttrib not implemented 3093 12436
W/ViewRootImpl(29239): Dropping event due to no window focus: KeyEvent { action=ACTION_DOWN, keyCode=KEYCODE_DPAD_CENTER, scanCode=0, metaState=0, flags=0x8, repeatCount=0, eventTime=5943087, downTime=5943087, deviceId=-1, source=0x101 }
D/dalvikvm(29239): GC_CONCURRENT freed 1136K, 26% free 8842K/11944K, paused 3ms+2ms, total 15ms
D/dalvikvm(29239): WAIT_FOR_CONCURRENT_GC blocked 6ms
W/ViewRootImpl(29239): Dropping event due to no window focus: KeyEvent { action=ACTION_DOWN, keyCode=KEYCODE_DPAD_DOWN, scanCode=0, metaState=0, flags=0x8, repeatCount=0, eventTime=5943240, downTime=5943240, deviceId=-1, source=0x101 }
W/ContextImpl(  478): Calling a method in the system process without a qualified user: android.app.ContextImpl.sendBroadcast:1123 com.android.server.InputMethodManagerService.hideCurrentInputLocked:1880 com.android.server.InputMethodManagerService.windowGainedFocus:1968 com.android.internal.view.IInputMethodManager$Stub.onTransact:221 com.android.server.InputMethodManagerService.onTransact:818 
I/ActivityManager(  478): Displayed com.steam.photoeditor/.store.activity.SStoreActivity: +171ms
D/dalvikvm(29239): GC_CONCURRENT freed 2231K, 28% free 8631K/11944K, paused 1ms+1ms, total 10ms
D/dalvikvm(29239): WAIT_FOR_CONCURRENT_GC blocked 8ms
D/dalvikvm(29239): WAIT_FOR_CONCURRENT_GC blocked 7ms
D/dalvikvm(29239): WAIT_FOR_CONCURRENT_GC blocked 8ms
D/dalvikvm(29239): GC_CONCURRENT freed 2055K, 29% free 8526K/11944K, paused 2ms+1ms, total 10ms
D/dalvikvm(29239): WAIT_FOR_CONCURRENT_GC blocked 4ms
D/dalvikvm(29239): WAIT_FOR_CONCURRENT_GC blocked 5ms
I/dalvikvm(29239): Could not find method com.loopme.LoopMeInterstitial.getInstance, referenced from method com.jiubang.commerce.ad.sdk.SdkAdSourceListener.loadSingleLoopMeAdInfo
W/dalvikvm(29239): VFY: unable to resolve static method 36264: Lcom/loopme/LoopMeInterstitial;.getInstance (Ljava/lang/String;Landroid/content/Context;)Lcom/loopme/LoopMeInterstitial;
D/dalvikvm(29239): VFY: replacing opcode 0x71 at 0x004b
I/dalvikvm(29239): Could not find method com.loopme.LoopMeBanner.getInstance, referenced from method com.jiubang.commerce.ad.sdk.SdkAdSourceListener.loadSingleLoopMeAdInfo
W/dalvikvm(29239): VFY: unable to resolve static method 36260: Lcom/loopme/LoopMeBanner;.getInstance (Ljava/lang/String;Landroid/content/Context;)Lcom/loopme/LoopMeBanner;
D/dalvikvm(29239): VFY: replacing opcode 0x71 at 0x0075
I/dalvikvm(29239): Failed resolving Lcom/jiubang/commerce/ad/sdk/SdkAdSourceListener$14; interface 6590 'Lcom/loopme/LoopMeInterstitial$Listener;'
W/dalvikvm(29239): Link of class 'Lcom/jiubang/commerce/ad/sdk/SdkAdSourceListener$14;' failed
D/dalvikvm(29239): DexOpt: unable to opt direct call 0x7c5e at 0x63 in Lcom/jiubang/commerce/ad/sdk/SdkAdSourceListener;.loadSingleLoopMeAdInfo
I/dalvikvm(29239): Failed resolving Lcom/jiubang/commerce/ad/sdk/SdkAdSourceListener$15; interface 6587 'Lcom/loopme/LoopMeBanner$Listener;'
W/dalvikvm(29239): Link of class 'Lcom/jiubang/commerce/ad/sdk/SdkAdSourceListener$15;' failed
D/dalvikvm(29239): DexOpt: unable to opt direct call 0x7c67 at 0x8d in Lcom/jiubang/commerce/ad/sdk/SdkAdSourceListener;.loadSingleLoopMeAdInfo
I/dalvikvm(29239): Could not find method android.content.pm.PackageManager.getPackageInstaller, referenced from method jjw.a
W/dalvikvm(29239): VFY: unable to resolve virtual method 2504: Landroid/content/pm/PackageManager;.getPackageInstaller ()Landroid/content/pm/PackageInstaller;
D/dalvikvm(29239): VFY: replacing opcode 0x6e at 0x001c
D/dalvikvm(29239): GC_CONCURRENT freed 3279K, 41% free 7162K/11944K, paused 2ms+1ms, total 11ms
D/dalvikvm(29239): WAIT_FOR_CONCURRENT_GC blocked 5ms
I/dalvikvm(29239): Could not find method android.content.Context.isCredentialProtectedStorage, referenced from method cub.a
W/dalvikvm(29239): VFY: unable to resolve virtual method 2391: Landroid/content/Context;.isCredentialProtectedStorage ()Z
D/dalvikvm(29239): VFY: replacing opcode 0x6e at 0x0000
I/dalvikvm(29239): Could not find method android.os.UserManager.isUserUnlocked, referenced from method cub.a
W/dalvikvm(29239): VFY: unable to resolve virtual method 3028: Landroid/os/UserManager;.isUserUnlocked ()Z
D/dalvikvm(29239): VFY: replacing opcode 0x6e at 0x001a
I/dalvikvm(29239): Could not find method android.content.Context.isDeviceProtectedStorage, referenced from method cub.b
W/dalvikvm(29239): VFY: unable to resolve virtual method 2392: Landroid/content/Context;.isDeviceProtectedStorage ()Z
D/dalvikvm(29239): VFY: replacing opcode 0x6e at 0x0000
I/dalvikvm(29239): Could not find method android.content.Context.isDeviceProtectedStorage, referenced from method cub.c
W/dalvikvm(29239): VFY: unable to resolve virtual method 2392: Landroid/content/Context;.isDeviceProtectedStorage ()Z
D/dalvikvm(29239): VFY: replacing opcode 0x6e at 0x0000
I/dalvikvm(29239): Could not find method android.system.Os.readlink, referenced from method cuq.a
W/dalvikvm(29239): VFY: unable to resolve static method 3047: Landroid/system/Os;.readlink (Ljava/lang/String;)Ljava/lang/String;
D/dalvikvm(29239): VFY: replacing opcode 0x71 at 0x0000
I/dalvikvm(29239): Could not find method android.system.Os.stat, referenced from method cuq.a
W/dalvikvm(29239): VFY: unable to resolve static method 3048: Landroid/system/Os;.stat (Ljava/lang/String;)Landroid/system/StructStat;
D/dalvikvm(29239): VFY: replacing opcode 0x71 at 0x0042
I/dalvikvm(29239): Could not find method android.system.Os.symlink, referenced from method cuq.a
W/dalvikvm(29239): VFY: unable to resolve static method 3049: Landroid/system/Os;.symlink (Ljava/lang/String;Ljava/lang/String;)V
D/dalvikvm(29239): VFY: replacing opcode 0x71 at 0x013b
I/dalvikvm(29239): DexOpt: unable to optimize instance field ref 0x04a1 at 0x46 in Lcuq;.a
I/dalvikvm(29239): DexOpt: unable to optimize static field ref 0x049c at 0x48 in Lcuq;.a
I/dalvikvm(29239): DexOpt: unable to optimize static field ref 0x049a at 0x4a in Lcuq;.a
I/dalvikvm(29239): DexOpt: unable to optimize static field ref 0x049b at 0x4d in Lcuq;.a
I/dalvikvm(29239): DexOpt: unable to optimize static field ref 0x049d at 0x57 in Lcuq;.a
I/dalvikvm(29239): DexOpt: unable to optimize static field ref 0x04a0 at 0x5f in Lcuq;.a
I/dalvikvm(29239): DexOpt: unable to optimize static field ref 0x049e at 0x61 in Lcuq;.a
I/dalvikvm(29239): DexOpt: unable to optimize static field ref 0x049f at 0x64 in Lcuq;.a
I/dalvikvm(29239): DexOpt: unable to optimize static field ref 0x049c at 0x7f in Lcuq;.a
I/dalvikvm(29239): DexOpt: unable to optimize static field ref 0x04a0 at 0x90 in Lcuq;.a
D/dalvikvm(  478): GC_EXPLICIT freed 3917K, 55% free 12642K/27960K, paused 1ms+2ms, total 20ms
D/DynamitePackage(29239): Instantiated singleton DynamitePackage.
D/DynamitePackage(29239): Instantiating com.google.android.gms.ads.ChimeraAdLoaderBuilderCreatorImpl
I/dalvikvm(29239): Could not find method android.content.pm.PackageManager.getPackageInstaller, referenced from method jn.a
W/dalvikvm(29239): VFY: unable to resolve virtual method 2060: Landroid/content/pm/PackageManager;.getPackageInstaller ()Landroid/content/pm/PackageInstaller;
D/dalvikvm(29239): VFY: replacing opcode 0x6e at 0x0017
I/AppCompatDelegate(29239): The Activity's LayoutInflater already has a Factory installed so we can not install AppCompat's
D/dalvikvm(29239): GC_FOR_ALLOC freed 509K, 34% free 7927K/11944K, paused 4ms, total 4ms
D/SVipController(29239): Creating IAB helper.
D/SVipController(29239): Starting setup.
D/DynamitePackage(29239): Instantiating com.google.android.gms.ads.ChimeraAdManagerCreatorImpl
I/dalvikvm(29239): Could not find method android.security.NetworkSecurityPolicy.getInstance, referenced from method com.google.android.gms.ads.internal.util.h.b_
W/dalvikvm(29239): VFY: unable to resolve static method 2591: Landroid/security/NetworkSecurityPolicy;.getInstance ()Landroid/security/NetworkSecurityPolicy;
D/dalvikvm(29239): VFY: replacing opcode 0x71 at 0x0022
I/dalvikvm(29239): Could not find method android.content.pm.PackageManager.isInstantApp, referenced from method qp.a
W/dalvikvm(29239): VFY: unable to resolve virtual method 2065: Landroid/content/pm/PackageManager;.isInstantApp (Ljava/lang/String;)Z
D/dalvikvm(29239): VFY: replacing opcode 0x6e at 0x002d
I/dalvikvm(29239): Could not find method android.content.pm.PackageManager.isInstantApp, referenced from method qo.a
W/dalvikvm(29239): VFY: unable to resolve virtual method 2064: Landroid/content/pm/PackageManager;.isInstantApp ()Z
D/dalvikvm(29239): VFY: replacing opcode 0x6e at 0x0028
D/dalvikvm(29239): DexOpt: --- BEGIN '1510898742191.jar' (bootstrap=0) ---
D/dalvikvm(  478): GC_EXPLICIT freed 226K, 56% free 12495K/27960K, paused 1ms+3ms, total 17ms
D/dalvikvm(29239): GC_FOR_ALLOC freed 620K, 25% free 8978K/11944K, paused 5ms, total 5ms
D/dalvikvm(29239): GC_CONCURRENT freed 2K, 25% free 9042K/11944K, paused 2ms+0ms, total 6ms
I/Ads     (29239): Starting ad request.
I/Ads     (29239): Use AdRequest.Builder.addTestDevice("DADDEACD506FD4BD02989AD39CCF21B7") to get test ads on this device.
I/dalvikvm(29239): Could not find method android.webkit.WebSettings.setMixedContentMode, referenced from method com.google.android.gms.ads.internal.webview.m.<init>
W/dalvikvm(29239): VFY: unable to resolve virtual method 2893: Landroid/webkit/WebSettings;.setMixedContentMode (I)V
D/dalvikvm(29239): VFY: replacing opcode 0x6e at 0x0069
W/ViewRootImpl(29239): Dropping event due to no window focus: KeyEvent { action=ACTION_DOWN, keyCode=KEYCODE_DPAD_LEFT, scanCode=0, metaState=0, flags=0x8, repeatCount=0, eventTime=5943410, downTime=5943410, deviceId=-1, source=0x101 }
W/ViewRootImpl(29239): Dropping event due to no window focus: MotionEvent { action=ACTION_MOVE, id[0]=0, x[0]=-3.0, y[0]=0.0, toolType[0]=TOOL_TYPE_UNKNOWN, buttonState=0, metaState=0, flags=0x0, edgeFlags=0x0, pointerCount=1, historySize=9, eventTime=5943657, downTime=-1, deviceId=0, source=0x10004 }
W/Ads     (29239): Invoke Firebase method getGmpAppId error.
W/Ads     (29239): Invoke Firebase method getGmpAppId error.
W/Ads     (29239): The Google Mobile Ads SDK will not integrate with Firebase. Admob/Firebase integration requires the latest Firebase SDK jar, but Firebase SDK is either missing or out of date
W/EGL_emulation(29239): eglSurfaceAttrib not implemented 3093 12436
W/EGL_emulation(29239): eglSurfaceAttrib not implemented 3093 12436
I/Ads     (29239): Starting ad request.
I/Ads     (29239): Use AdRequest.Builder.addTestDevice("DADDEACD506FD4BD02989AD39CCF21B7") to get test ads on this device.
I/Ads     (29239): Webview loading for native ads.
W/ViewRootImpl(29239): Dropping event due to no window focus: KeyEvent { action=ACTION_DOWN, keyCode=KEYCODE_DPAD_RIGHT, scanCode=0, metaState=0, flags=0x8, repeatCount=0, eventTime=5943658, downTime=5943658, deviceId=-1, source=0x101 }
W/Ads     (29239): Not retrying to fetch app settings
W/Finsky  ( 1009): [47] com.google.android.finsky.billing.iab.ab.b(48): com.steam.photoeditor: No account found.
D/SVipController(29239): Setup finished.
E/SVipController(29239): **** Error: Problem setting up in-app billing: IabResult: Error checking for billing v3 support. (response: 3:Billing Unavailable)
W/ViewRootImpl(29239): Dropping event due to no window focus: KeyEvent { action=ACTION_DOWN, keyCode=KEYCODE_DPAD_DOWN, scanCode=0, metaState=0, flags=0x8, repeatCount=0, eventTime=5943848, downTime=5943848, deviceId=-1, source=0x101 }
D/dalvikvm(29554): DexOpt: load 0ms, verify+opt 5ms, 287892 bytes
D/dalvikvm(29239): DexOpt: --- END '1510898742191.jar' (success) ---
D/dalvikvm(29239): DEX prep '/data/data/com.steam.photoeditor/cache/1510898742191.jar': unzip in 0ms, rewrite 212ms
I/System.out(29239): body:<com.android.volley.toolbox.HurlStack: org.apache.http.HttpResponse performRequest(com.android.volley.Request,java.util.Map)>	sig:specialinvoke $r11.<java.net.URL: void <init>(java.lang.String)>($r8)	timediff:0
I/System.out(29239): <com.android.volley.toolbox.HurlStack: org.apache.http.HttpResponse performRequest(com.android.volley.Request,java.util.Map)>###specialinvoke $r11.<java.net.URL: void <init>(java.lang.String)>($r8)###http://goappdl.goforandroid.com/soft/go_launcherzstoremanage/2018021117/151834293513021613391.jpg
I/System.out(29239): body:<com.android.volley.toolbox.HurlStack: java.net.HttpURLConnection createConnection(java.net.URL)>	sig:$r2 = virtualinvoke $r1.<java.net.URL: java.net.URLConnection openConnection()>()	timediff:0
I/System.out(29239): body:<com.android.volley.toolbox.HurlStack: java.net.HttpURLConnection openConnection(java.net.URL,com.android.volley.Request)>	sig:virtualinvoke $r3.<java.net.HttpURLConnection: void setConnectTimeout(int)>($i0)	timediff:0
I/System.out(29239): body:<com.android.volley.toolbox.HurlStack: java.net.HttpURLConnection openConnection(java.net.URL,com.android.volley.Request)>	sig:virtualinvoke $r3.<java.net.HttpURLConnection: void setReadTimeout(int)>($i0)	timediff:0
I/System.out(29239): body:<com.android.volley.toolbox.HurlStack: java.net.HttpURLConnection openConnection(java.net.URL,com.android.volley.Request)>	sig:virtualinvoke $r3.<java.net.HttpURLConnection: void setUseCaches(boolean)>(0)	timediff:0
I/System.out(29239): body:<com.android.volley.toolbox.HurlStack: java.net.HttpURLConnection openConnection(java.net.URL,com.android.volley.Request)>	sig:virtualinvoke $r3.<java.net.HttpURLConnection: void setDoInput(boolean)>(1)	timediff:0
I/System.out(29239): body:<com.android.volley.toolbox.HurlStack: java.net.HttpURLConnection openConnection(java.net.URL,com.android.volley.Request)>	sig:$r5 = virtualinvoke $r1.<java.net.URL: java.lang.String getProtocol()>()	timediff:0
I/System.out(29239): body:<com.android.volley.toolbox.HurlStack: void setConnectionParametersForRequest(java.net.HttpURLConnection,com.android.volley.Request)>	sig:virtualinvoke $r0.<java.net.HttpURLConnection: void setRequestMethod(java.lang.String)>("GET")	timediff:0
I/System.out(29239): body:<com.android.volley.toolbox.HurlStack: org.apache.http.HttpResponse performRequest(com.android.volley.Request,java.util.Map)>	sig:specialinvoke $r11.<java.net.URL: void <init>(java.lang.String)>($r8)	timediff:0
I/System.out(29239): <com.android.volley.toolbox.HurlStack: org.apache.http.HttpResponse performRequest(com.android.volley.Request,java.util.Map)>###specialinvoke $r11.<java.net.URL: void <init>(java.lang.String)>($r8)###http://goappdl.goforandroid.com/soft/go_launcherzstoremanage/2018011817/151626901183236434779.jpg
I/System.out(29239): body:<com.android.volley.toolbox.HurlStack: java.net.HttpURLConnection createConnection(java.net.URL)>	sig:$r2 = virtualinvoke $r1.<java.net.URL: java.net.URLConnection openConnection()>()	timediff:0
I/System.out(29239): body:<com.android.volley.toolbox.HurlStack: java.net.HttpURLConnection openConnection(java.net.URL,com.android.volley.Request)>	sig:virtualinvoke $r3.<java.net.HttpURLConnection: void setConnectTimeout(int)>($i0)	timediff:0
I/System.out(29239): body:<com.android.volley.toolbox.HurlStack: java.net.HttpURLConnection openConnection(java.net.URL,com.android.volley.Request)>	sig:virtualinvoke $r3.<java.net.HttpURLConnection: void setReadTimeout(int)>($i0)	timediff:0
W/InputMethodManagerService(  478): Window already focused, ignoring focus gain of: com.android.internal.view.IInputMethodClient$Stub$Proxy@4ab8185c attribute=android.view.inputmethod.EditorInfo@4abfa6fc, token = android.os.BinderProxy@4aa2ccb4
I/System.out(29239): body:<com.android.volley.toolbox.HurlStack: java.net.HttpURLConnection openConnection(java.net.URL,com.android.volley.Request)>	sig:virtualinvoke $r3.<java.net.HttpURLConnection: void setUseCaches(boolean)>(0)	timediff:0
I/System.out(29239): body:<com.android.volley.toolbox.HurlStack: java.net.HttpURLConnection openConnection(java.net.URL,com.android.volley.Request)>	sig:virtualinvoke $r3.<java.net.HttpURLConnection: void setDoInput(boolean)>(1)	timediff:0
I/System.out(29239): body:<com.android.volley.toolbox.HurlStack: java.net.HttpURLConnection openConnection(java.net.URL,com.android.volley.Request)>	sig:$r5 = virtualinvoke $r1.<java.net.URL: java.lang.String getProtocol()>()	timediff:0
I/System.out(29239): body:<com.android.volley.toolbox.HurlStack: void setConnectionParametersForRequest(java.net.HttpURLConnection,com.android.volley.Request)>	sig:virtualinvoke $r0.<java.net.HttpURLConnection: void setRequestMethod(java.lang.String)>("GET")	timediff:0
I/System.out(29239): body:<com.android.volley.toolbox.HurlStack: org.apache.http.HttpResponse performRequest(com.android.volley.Request,java.util.Map)>	sig:$i0 = virtualinvoke $r12.<java.net.HttpURLConnection: int getResponseCode()>()	timediff:12
I/System.out(29239): body:<com.android.volley.toolbox.HurlStack: org.apache.http.HttpResponse performRequest(com.android.volley.Request,java.util.Map)>	sig:$i0 = virtualinvoke $r12.<java.net.HttpURLConnection: int getResponseCode()>()	timediff:0
I/System.out(29239): body:<com.android.volley.toolbox.HurlStack: org.apache.http.HttpResponse performRequest(com.android.volley.Request,java.util.Map)>	sig:$r8 = virtualinvoke $r12.<java.net.HttpURLConnection: java.lang.String getResponseMessage()>()	timediff:0
I/System.out(29239): body:<com.android.volley.toolbox.HurlStack: org.apache.http.HttpEntity entityFromConnection(java.net.HttpURLConnection)>	sig:$r1 = virtualinvoke $r0.<java.net.HttpURLConnection: java.io.InputStream getInputStream()>()	timediff:0
I/System.out(29239): body:<empirical.HelperClass: void printURLInfo(java.lang.String,java.lang.String,java.net.URLConnection)>	sig:$r0 = virtualinvoke urlConnection.<java.net.URLConnection: java.net.URL getURL()>()	timediff:0
I/System.out(29239): body:<empirical.HelperClass: void printURLInfo(java.lang.String,java.lang.String,java.net.URLConnection)>	sig:urlString = virtualinvoke $r0.<java.net.URL: java.lang.String toString()>()	timediff:0
I/System.out(29239): body:<empirical.HelperClass: void printURLInfo(java.lang.String,java.lang.String,java.net.URLConnection)>	sig:isDoOutput = virtualinvoke urlConnection.<java.net.URLConnection: boolean getDoOutput()>()	timediff:0
I/System.out(29239): body:<empirical.HelperClass: java.lang.String getHeaderField(java.net.URLConnection,java.lang.String)>	sig:data = virtualinvoke conn.<java.net.URLConnection: java.lang.String getHeaderField(java.lang.String)>(field)	timediff:0
I/System.out(29239): body:<empirical.HelperClass: java.lang.String getHeaderField(java.net.URLConnection,java.lang.String)>	sig:data = virtualinvoke conn.<java.net.URLConnection: java.lang.String getHeaderField(java.lang.String)>(field)	timediff:0
I/System.out(29239): body:<empirical.HelperClass: java.lang.String getHeaderField(java.net.URLConnection,java.lang.String)>	sig:data = virtualinvoke conn.<java.net.URLConnection: java.lang.String getHeaderField(java.lang.String)>(field)	timediff:1
I/System.out(29239): body:<empirical.HelperClass: java.lang.String getHeaderField(java.net.URLConnection,java.lang.String)>	sig:data = virtualinvoke conn.<java.net.URLConnection: java.lang.String getHeaderField(java.lang.String)>(field)	timediff:0
I/System.out(29239): body:<empirical.HelperClass: java.lang.String getHeaderField(java.net.URLConnection,java.lang.String)>	sig:data = virtualinvoke conn.<java.net.URLConnection: java.lang.String getHeaderField(java.lang.String)>(field)	timediff:0
I/System.out(29239): URLConn;%;1;%;<com.android.volley.toolbox.HurlStack: org.apache.http.HttpEntity entityFromConnection(java.net.HttpURLConnection)>;%;$r1 = virtualinvoke $r0.<java.net.HttpURLConnection: java.io.InputStream getInputStream()>();%;http://goappdl.goforandroid.com/soft/go_launcherzstoremanage/2018021117/151834293513021613391.jpg;%;false;%;183687;%;Not found;%;Not found;%;38169;%;Not found
I/System.out(29239): body:<com.android.volley.toolbox.HurlStack: org.apache.http.HttpEntity entityFromConnection(java.net.HttpURLConnection)>	sig:$i1 = virtualinvoke $r0.<java.net.HttpURLConnection: int getContentLength()>()	timediff:0
I/System.out(29239): body:<com.android.volley.toolbox.HurlStack: org.apache.http.HttpEntity entityFromConnection(java.net.HttpURLConnection)>	sig:$r3 = virtualinvoke $r0.<java.net.HttpURLConnection: java.lang.String getContentEncoding()>()	timediff:0
I/System.out(29239): body:<com.android.volley.toolbox.HurlStack: org.apache.http.HttpEntity entityFromConnection(java.net.HttpURLConnection)>	sig:$r3 = virtualinvoke $r0.<java.net.HttpURLConnection: java.lang.String getContentType()>()	timediff:0
I/System.out(29239): body:<com.android.volley.toolbox.HurlStack: org.apache.http.HttpResponse performRequest(com.android.volley.Request,java.util.Map)>	sig:$r5 = virtualinvoke $r12.<java.net.HttpURLConnection: java.util.Map getHeaderFields()>()	timediff:1
I/System.out(29239): body:<com.android.volley.toolbox.HurlStack: org.apache.http.HttpResponse performRequest(com.android.volley.Request,java.util.Map)>	sig:$i0 = virtualinvoke $r12.<java.net.HttpURLConnection: int getResponseCode()>()	timediff:24
I/System.out(29239): body:<com.android.volley.toolbox.HurlStack: org.apache.http.HttpResponse performRequest(com.android.volley.Request,java.util.Map)>	sig:$i0 = virtualinvoke $r12.<java.net.HttpURLConnection: int getResponseCode()>()	timediff:0
I/System.out(29239): body:<com.android.volley.toolbox.HurlStack: org.apache.http.HttpResponse performRequest(com.android.volley.Request,java.util.Map)>	sig:$r8 = virtualinvoke $r12.<java.net.HttpURLConnection: java.lang.String getResponseMessage()>()	timediff:0
I/System.out(29239): body:<com.android.volley.toolbox.HurlStack: org.apache.http.HttpEntity entityFromConnection(java.net.HttpURLConnection)>	sig:$r1 = virtualinvoke $r0.<java.net.HttpURLConnection: java.io.InputStream getInputStream()>()	timediff:0
I/System.out(29239): body:<empirical.HelperClass: void printURLInfo(java.lang.String,java.lang.String,java.net.URLConnection)>	sig:$r0 = virtualinvoke urlConnection.<java.net.URLConnection: java.net.URL getURL()>()	timediff:0
I/System.out(29239): body:<empirical.HelperClass: void printURLInfo(java.lang.String,java.lang.String,java.net.URLConnection)>	sig:urlString = virtualinvoke $r0.<java.net.URL: java.lang.String toString()>()	timediff:0
I/System.out(29239): body:<empirical.HelperClass: void printURLInfo(java.lang.String,java.lang.String,java.net.URLConnection)>	sig:isDoOutput = virtualinvoke urlConnection.<java.net.URLConnection: boolean getDoOutput()>()	timediff:0
I/chromium(29239): [INFO:simple_index_file.cc(397)] Simple Cache Index is being restored from disk.
I/System.out(29239): body:<empirical.HelperClass: java.lang.String getHeaderField(java.net.URLConnection,java.lang.String)>	sig:data = virtualinvoke conn.<java.net.URLConnection: java.lang.String getHeaderField(java.lang.String)>(field)	timediff:0
I/System.out(29239): body:<empirical.HelperClass: java.lang.String getHeaderField(java.net.URLConnection,java.lang.String)>	sig:data = virtualinvoke conn.<java.net.URLConnection: java.lang.String getHeaderField(java.lang.String)>(field)	timediff:0
I/System.out(29239): body:<empirical.HelperClass: java.lang.String getHeaderField(java.net.URLConnection,java.lang.String)>	sig:data = virtualinvoke conn.<java.net.URLConnection: java.lang.String getHeaderField(java.lang.String)>(field)	timediff:0
I/System.out(29239): body:<empirical.HelperClass: java.lang.String getHeaderField(java.net.URLConnection,java.lang.String)>	sig:data = virtualinvoke conn.<java.net.URLConnection: java.lang.String getHeaderField(java.lang.String)>(field)	timediff:0
I/System.out(29239): body:<empirical.HelperClass: java.lang.String getHeaderField(java.net.URLConnection,java.lang.String)>	sig:data = virtualinvoke conn.<java.net.URLConnection: java.lang.String getHeaderField(java.lang.String)>(field)	timediff:0
I/System.out(29239): URLConn;%;2;%;<com.android.volley.toolbox.HurlStack: org.apache.http.HttpEntity entityFromConnection(java.net.HttpURLConnection)>;%;$r1 = virtualinvoke $r0.<java.net.HttpURLConnection: java.io.InputStream getInputStream()>();%;http://goappdl.goforandroid.com/soft/go_launcherzstoremanage/2018011817/151626901183236434779.jpg;%;false;%;143670;%;Not found;%;Not found;%;39676;%;Not found
D/dalvikvm(29239): GC_CONCURRENT freed 1581K, 21% free 9548K/11944K, paused 3ms+2ms, total 23ms
I/System.out(29239): body:<com.android.volley.toolbox.HurlStack: org.apache.http.HttpResponse performRequest(com.android.volley.Request,java.util.Map)>	sig:specialinvoke $r11.<java.net.URL: void <init>(java.lang.String)>($r8)	timediff:0
D/dalvikvm(29239): WAIT_FOR_CONCURRENT_GC blocked 2ms
I/System.out(29239): body:<com.android.volley.toolbox.HurlStack: org.apache.http.HttpEntity entityFromConnection(java.net.HttpURLConnection)>	sig:$i1 = virtualinvoke $r0.<java.net.HttpURLConnection: int getContentLength()>()	timediff:0
D/dalvikvm(29239): WAIT_FOR_CONCURRENT_GC blocked 8ms
I/System.out(29239): <com.android.volley.toolbox.HurlStack: org.apache.http.HttpResponse performRequest(com.android.volley.Request,java.util.Map)>###specialinvoke $r11.<java.net.URL: void <init>(java.lang.String)>($r8)###http://goappdl.goforandroid.com/soft/repository/5/icon/20170406/mUBxcfLq.png
I/System.out(29239): body:<com.android.volley.toolbox.HurlStack: org.apache.http.HttpResponse performRequest(com.android.volley.Request,java.util.Map)>	sig:specialinvoke $r11.<java.net.URL: void <init>(java.lang.String)>($r8)	timediff:0
D/dalvikvm(29239): GC_FOR_ALLOC freed 230K, 21% free 9500K/11944K, paused 16ms, total 16ms
I/dalvikvm-heap(29239): Grow heap (frag case) to 12.300MB for 3110412-byte allocation
D/dalvikvm(29239): GC_FOR_ALLOC freed 15K, 17% free 12523K/14984K, paused 9ms, total 9ms
I/System.out(29239): body:<com.android.volley.toolbox.HurlStack: java.net.HttpURLConnection createConnection(java.net.URL)>	sig:$r2 = virtualinvoke $r1.<java.net.URL: java.net.URLConnection openConnection()>()	timediff:26
D/dalvikvm(29239): GC_CONCURRENT freed 5K, 17% free 12550K/14984K, paused 1ms+1ms, total 5ms
I/System.out(29239): body:<com.android.volley.toolbox.HurlStack: org.apache.http.HttpEntity entityFromConnection(java.net.HttpURLConnection)>	sig:$r3 = virtualinvoke $r0.<java.net.HttpURLConnection: java.lang.String getContentEncoding()>()	timediff:0
I/System.out(29239): body:<com.android.volley.toolbox.HurlStack: org.apache.http.HttpEntity entityFromConnection(java.net.HttpURLConnection)>	sig:$r3 = virtualinvoke $r0.<java.net.HttpURLConnection: java.lang.String getContentType()>()	timediff:0
I/System.out(29239): body:<com.android.volley.toolbox.HurlStack: org.apache.http.HttpResponse performRequest(com.android.volley.Request,java.util.Map)>	sig:$r5 = virtualinvoke $r12.<java.net.HttpURLConnection: java.util.Map getHeaderFields()>()	timediff:0
I/System.out(29239): <com.android.volley.toolbox.HurlStack: org.apache.http.HttpResponse performRequest(com.android.volley.Request,java.util.Map)>###specialinvoke $r11.<java.net.URL: void <init>(java.lang.String)>($r8)###http://goappdl.goforandroid.com/soft/repository/5/icon/20170405/6h1AaRMC.png
I/System.out(29239): body:<com.android.volley.toolbox.HurlStack: java.net.HttpURLConnection createConnection(java.net.URL)>	sig:$r2 = virtualinvoke $r1.<java.net.URL: java.net.URLConnection openConnection()>()	timediff:0
I/System.out(29239): body:<com.android.volley.toolbox.HurlStack: java.net.HttpURLConnection openConnection(java.net.URL,com.android.volley.Request)>	sig:virtualinvoke $r3.<java.net.HttpURLConnection: void setConnectTimeout(int)>($i0)	timediff:0
I/System.out(29239): body:<com.android.volley.toolbox.HurlStack: java.net.HttpURLConnection openConnection(java.net.URL,com.android.volley.Request)>	sig:virtualinvoke $r3.<java.net.HttpURLConnection: void setReadTimeout(int)>($i0)	timediff:0
I/System.out(29239): body:<com.android.volley.toolbox.HurlStack: java.net.HttpURLConnection openConnection(java.net.URL,com.android.volley.Request)>	sig:virtualinvoke $r3.<java.net.HttpURLConnection: void setUseCaches(boolean)>(0)	timediff:0
I/System.out(29239): body:<com.android.volley.toolbox.HurlStack: java.net.HttpURLConnection openConnection(java.net.URL,com.android.volley.Request)>	sig:virtualinvoke $r3.<java.net.HttpURLConnection: void setDoInput(boolean)>(1)	timediff:0
I/System.out(29239): body:<com.android.volley.toolbox.HurlStack: java.net.HttpURLConnection openConnection(java.net.URL,com.android.volley.Request)>	sig:$r5 = virtualinvoke $r1.<java.net.URL: java.lang.String getProtocol()>()	timediff:0
I/System.out(29239): body:<com.android.volley.toolbox.HurlStack: void setConnectionParametersForRequest(java.net.HttpURLConnection,com.android.volley.Request)>	sig:virtualinvoke $r0.<java.net.HttpURLConnection: void setRequestMethod(java.lang.String)>("GET")	timediff:0
I/System.out(29239): body:<com.android.volley.toolbox.HurlStack: java.net.HttpURLConnection openConnection(java.net.URL,com.android.volley.Request)>	sig:virtualinvoke $r3.<java.net.HttpURLConnection: void setConnectTimeout(int)>($i0)	timediff:0
I/System.out(29239): body:<com.android.volley.toolbox.HurlStack: java.net.HttpURLConnection openConnection(java.net.URL,com.android.volley.Request)>	sig:virtualinvoke $r3.<java.net.HttpURLConnection: void setReadTimeout(int)>($i0)	timediff:0
I/System.out(29239): body:<com.android.volley.toolbox.HurlStack: java.net.HttpURLConnection openConnection(java.net.URL,com.android.volley.Request)>	sig:virtualinvoke $r3.<java.net.HttpURLConnection: void setUseCaches(boolean)>(0)	timediff:0
I/System.out(29239): body:<com.android.volley.toolbox.HurlStack: java.net.HttpURLConnection openConnection(java.net.URL,com.android.volley.Request)>	sig:virtualinvoke $r3.<java.net.HttpURLConnection: void setDoInput(boolean)>(1)	timediff:0
I/System.out(29239): body:<com.android.volley.toolbox.HurlStack: java.net.HttpURLConnection openConnection(java.net.URL,com.android.volley.Request)>	sig:$r5 = virtualinvoke $r1.<java.net.URL: java.lang.String getProtocol()>()	timediff:0
I/System.out(29239): body:<com.android.volley.toolbox.HurlStack: org.apache.http.HttpResponse performRequest(com.android.volley.Request,java.util.Map)>	sig:$i0 = virtualinvoke $r12.<java.net.HttpURLConnection: int getResponseCode()>()	timediff:22
I/System.out(29239): body:<com.android.volley.toolbox.HurlStack: void setConnectionParametersForRequest(java.net.HttpURLConnection,com.android.volley.Request)>	sig:virtualinvoke $r0.<java.net.HttpURLConnection: void setRequestMethod(java.lang.String)>("GET")	timediff:0
I/System.out(29239): body:<com.android.volley.toolbox.HurlStack: org.apache.http.HttpResponse performRequest(com.android.volley.Request,java.util.Map)>	sig:$i0 = virtualinvoke $r12.<java.net.HttpURLConnection: int getResponseCode()>()	timediff:1
I/System.out(29239): body:<com.android.volley.toolbox.HurlStack: org.apache.http.HttpResponse performRequest(com.android.volley.Request,java.util.Map)>	sig:$r8 = virtualinvoke $r12.<java.net.HttpURLConnection: java.lang.String getResponseMessage()>()	timediff:0
I/System.out(29239): body:<com.android.volley.toolbox.HurlStack: org.apache.http.HttpEntity entityFromConnection(java.net.HttpURLConnection)>	sig:$r1 = virtualinvoke $r0.<java.net.HttpURLConnection: java.io.InputStream getInputStream()>()	timediff:0
I/System.out(29239): body:<empirical.HelperClass: void printURLInfo(java.lang.String,java.lang.String,java.net.URLConnection)>	sig:$r0 = virtualinvoke urlConnection.<java.net.URLConnection: java.net.URL getURL()>()	timediff:0
I/System.out(29239): body:<empirical.HelperClass: void printURLInfo(java.lang.String,java.lang.String,java.net.URLConnection)>	sig:urlString = virtualinvoke $r0.<java.net.URL: java.lang.String toString()>()	timediff:0
I/System.out(29239): body:<empirical.HelperClass: void printURLInfo(java.lang.String,java.lang.String,java.net.URLConnection)>	sig:isDoOutput = virtualinvoke urlConnection.<java.net.URLConnection: boolean getDoOutput()>()	timediff:0
I/System.out(29239): body:<empirical.HelperClass: java.lang.String getHeaderField(java.net.URLConnection,java.lang.String)>	sig:data = virtualinvoke conn.<java.net.URLConnection: java.lang.String getHeaderField(java.lang.String)>(field)	timediff:0
I/System.out(29239): body:<empirical.HelperClass: java.lang.String getHeaderField(java.net.URLConnection,java.lang.String)>	sig:data = virtualinvoke conn.<java.net.URLConnection: java.lang.String getHeaderField(java.lang.String)>(field)	timediff:0
I/System.out(29239): body:<empirical.HelperClass: java.lang.String getHeaderField(java.net.URLConnection,java.lang.String)>	sig:data = virtualinvoke conn.<java.net.URLConnection: java.lang.String getHeaderField(java.lang.String)>(field)	timediff:0
I/System.out(29239): body:<empirical.HelperClass: java.lang.String getHeaderField(java.net.URLConnection,java.lang.String)>	sig:data = virtualinvoke conn.<java.net.URLConnection: java.lang.String getHeaderField(java.lang.String)>(field)	timediff:0
I/System.out(29239): body:<empirical.HelperClass: java.lang.String getHeaderField(java.net.URLConnection,java.lang.String)>	sig:data = virtualinvoke conn.<java.net.URLConnection: java.lang.String getHeaderField(java.lang.String)>(field)	timediff:0
I/System.out(29239): URLConn;%;3;%;<com.android.volley.toolbox.HurlStack: org.apache.http.HttpEntity entityFromConnection(java.net.HttpURLConnection)>;%;$r1 = virtualinvoke $r0.<java.net.HttpURLConnection: java.io.InputStream getInputStream()>();%;http://goappdl.goforandroid.com/soft/repository/5/icon/20170405/6h1AaRMC.png;%;false;%;105450;%;Not found;%;Not found;%;39313;%;Not found
I/System.out(29239): body:<com.android.volley.toolbox.HurlStack: org.apache.http.HttpEntity entityFromConnection(java.net.HttpURLConnection)>	sig:$i1 = virtualinvoke $r0.<java.net.HttpURLConnection: int getContentLength()>()	timediff:0
I/System.out(29239): body:<com.android.volley.toolbox.HurlStack: org.apache.http.HttpEntity entityFromConnection(java.net.HttpURLConnection)>	sig:$r3 = virtualinvoke $r0.<java.net.HttpURLConnection: java.lang.String getContentEncoding()>()	timediff:0
I/System.out(29239): body:<com.android.volley.toolbox.HurlStack: org.apache.http.HttpEntity entityFromConnection(java.net.HttpURLConnection)>	sig:$r3 = virtualinvoke $r0.<java.net.HttpURLConnection: java.lang.String getContentType()>()	timediff:0
I/System.out(29239): body:<com.android.volley.toolbox.HurlStack: org.apache.http.HttpResponse performRequest(com.android.volley.Request,java.util.Map)>	sig:$r5 = virtualinvoke $r12.<java.net.HttpURLConnection: java.util.Map getHeaderFields()>()	timediff:0
I/System.out(29239): body:<com.android.volley.toolbox.HurlStack: org.apache.http.HttpResponse performRequest(com.android.volley.Request,java.util.Map)>	sig:$i0 = virtualinvoke $r12.<java.net.HttpURLConnection: int getResponseCode()>()	timediff:7
I/System.out(29239): body:<com.android.volley.toolbox.HurlStack: org.apache.http.HttpResponse performRequest(com.android.volley.Request,java.util.Map)>	sig:$i0 = virtualinvoke $r12.<java.net.HttpURLConnection: int getResponseCode()>()	timediff:0
I/System.out(29239): body:<com.android.volley.toolbox.HurlStack: org.apache.http.HttpResponse performRequest(com.android.volley.Request,java.util.Map)>	sig:$r8 = virtualinvoke $r12.<java.net.HttpURLConnection: java.lang.String getResponseMessage()>()	timediff:0
I/System.out(29239): body:<com.android.volley.toolbox.HurlStack: org.apache.http.HttpEntity entityFromConnection(java.net.HttpURLConnection)>	sig:$r1 = virtualinvoke $r0.<java.net.HttpURLConnection: java.io.InputStream getInputStream()>()	timediff:0
I/System.out(29239): body:<empirical.HelperClass: void printURLInfo(java.lang.String,java.lang.String,java.net.URLConnection)>	sig:$r0 = virtualinvoke urlConnection.<java.net.URLConnection: java.net.URL getURL()>()	timediff:0
