I/System.out(16322): body:<com.batch.android.c.ai: java.net.HttpURLConnection w()>	sig:virtualinvoke $r4.<java.net.HttpURLConnection: void setRequestMethod(java.lang.String)>("POST")	timediff:0
I/System.out(16322): body:<com.batch.android.c.ai: java.net.HttpURLConnection w()>	sig:virtualinvoke $r4.<java.net.HttpURLConnection: void setRequestProperty(java.lang.String,java.lang.String)>("Content-Type", $r9)	timediff:0
W/Herrevad(  700): [1093] sjl.a: On wifi, but couldn't get security type
W/DebugConnManager(  700): getNetworkInfo() on networkType 0
I/System.out(16322): body:<com.mobile.bizo.common.ConfigDownloadTask: java.lang.String downloadConfigAsString(java.lang.String)>	sig:$r7 = virtualinvoke $r5.<java.net.URLConnection: java.io.InputStream getInputStream()>()	timediff:181
I/System.out(16322): body:<empirical.HelperClass: void printURLInfo(java.lang.String,java.lang.String,java.net.URLConnection)>	sig:$r0 = virtualinvoke urlConnection.<java.net.URLConnection: java.net.URL getURL()>()	timediff:0
I/System.out(16322): body:<empirical.HelperClass: void printURLInfo(java.lang.String,java.lang.String,java.net.URLConnection)>	sig:urlString = virtualinvoke $r0.<java.net.URL: java.lang.String toString()>()	timediff:0
I/System.out(16322): body:<empirical.HelperClass: void printURLInfo(java.lang.String,java.lang.String,java.net.URLConnection)>	sig:isDoOutput = virtualinvoke urlConnection.<java.net.URLConnection: boolean getDoOutput()>()	timediff:0
I/System.out(16322): body:<empirical.HelperClass: java.lang.String getHeaderField(java.net.URLConnection,java.lang.String)>	sig:data = virtualinvoke conn.<java.net.URLConnection: java.lang.String getHeaderField(java.lang.String)>(field)	timediff:0
I/System.out(16322): body:<empirical.HelperClass: java.lang.String getHeaderField(java.net.URLConnection,java.lang.String)>	sig:data = virtualinvoke conn.<java.net.URLConnection: java.lang.String getHeaderField(java.lang.String)>(field)	timediff:0
I/System.out(16322): body:<empirical.HelperClass: java.lang.String getHeaderField(java.net.URLConnection,java.lang.String)>	sig:data = virtualinvoke conn.<java.net.URLConnection: java.lang.String getHeaderField(java.lang.String)>(field)	timediff:0
I/System.out(16322): body:<empirical.HelperClass: java.lang.String getHeaderField(java.net.URLConnection,java.lang.String)>	sig:data = virtualinvoke conn.<java.net.URLConnection: java.lang.String getHeaderField(java.lang.String)>(field)	timediff:0
I/System.out(16322): body:<empirical.HelperClass: java.lang.String getHeaderField(java.net.URLConnection,java.lang.String)>	sig:data = virtualinvoke conn.<java.net.URLConnection: java.lang.String getHeaderField(java.lang.String)>(field)	timediff:0
I/System.out(16322): URLConn;%;0;%;<com.mobile.bizo.common.ConfigDownloadTask: java.lang.String downloadConfigAsString(java.lang.String)>;%;$r7 = virtualinvoke $r5.<java.net.URLConnection: java.io.InputStream getInputStream()>();%;http://serwer1399792.home.pl/zmasowany/more_apps/config.txt;%;false;%;Not found;%;Not found;%;Not found;%;Not found;%;Not found
D/dalvikvm(16322): GC_CONCURRENT freed 1535K, 15% free 9594K/11208K, paused 1ms+1ms, total 7ms
I/System.out(16322): body:<com.mobile.bizo.common.ConfigDownloadTask: boolean downloadFile(java.lang.String,java.io.File,com.mobile.bizo.common.ConfigDownloadTask$FileDownloadListener)>	sig:specialinvoke $r5.<java.net.URL: void <init>(java.lang.String)>($r1)	timediff:0
I/System.out(16322): <com.mobile.bizo.common.ConfigDownloadTask: boolean downloadFile(java.lang.String,java.io.File,com.mobile.bizo.common.ConfigDownloadTask$FileDownloadListener)>###specialinvoke $r5.<java.net.URL: void <init>(java.lang.String)>($r1)###http://serwer1399792.home.pl/zmasowany/more_apps/v2artBaner.jpg
I/System.out(16322): body:<com.mobile.bizo.common.ConfigDownloadTask: boolean downloadFile(java.lang.String,java.io.File,com.mobile.bizo.common.ConfigDownloadTask$FileDownloadListener)>	sig:$r6 = virtualinvoke $r5.<java.net.URL: java.net.URLConnection openConnection()>()	timediff:0
I/System.out(16322): body:<com.mobile.bizo.common.ConfigDownloadTask: boolean downloadFile(java.lang.String,java.io.File,com.mobile.bizo.common.ConfigDownloadTask$FileDownloadListener)>	sig:virtualinvoke $r6.<java.net.URLConnection: void setConnectTimeout(int)>(5000)	timediff:0
I/System.out(16322): body:<com.mobile.bizo.common.ConfigDownloadTask: boolean downloadFile(java.lang.String,java.io.File,com.mobile.bizo.common.ConfigDownloadTask$FileDownloadListener)>	sig:virtualinvoke $r6.<java.net.URLConnection: void setReadTimeout(int)>(5000)	timediff:0
I/System.out(16322): body:<com.mobile.bizo.common.ConfigDownloadTask: boolean downloadFile(java.lang.String,java.io.File,com.mobile.bizo.common.ConfigDownloadTask$FileDownloadListener)>	sig:virtualinvoke $r6.<java.net.URLConnection: void connect()>()	timediff:0
I/System.out(16322): body:<com.facebook.ads.internal.thirdparty.http.a: com.facebook.ads.internal.thirdparty.http.n a(java.lang.String,com.facebook.ads.internal.thirdparty.http.j,java.lang.String,byte[])>	sig:virtualinvoke $r7.<java.net.HttpURLConnection: void connect()>()	timediff:198
I/System.out(16322): body:<com.facebook.ads.internal.thirdparty.http.a: com.facebook.ads.internal.thirdparty.http.n a(java.lang.String,com.facebook.ads.internal.thirdparty.http.j,java.lang.String,byte[])>	sig:$z0 = virtualinvoke $r7.<java.net.HttpURLConnection: boolean getDoOutput()>()	timediff:0
I/System.out(16322): body:<com.facebook.ads.internal.thirdparty.http.f: java.io.OutputStream a(java.net.HttpURLConnection)>	sig:$r2 = virtualinvoke $r1.<java.net.HttpURLConnection: java.io.OutputStream getOutputStream()>()	timediff:0
I/System.out(16322): body:<com.applovin.impl.sdk.aO: java.net.HttpURLConnection a(java.lang.String,java.lang.String,int)>	sig:specialinvoke $r3.<java.net.URL: void <init>(java.lang.String)>($r1)	timediff:0
I/System.out(16322): <com.applovin.impl.sdk.aO: java.net.HttpURLConnection a(java.lang.String,java.lang.String,int)>###specialinvoke $r3.<java.net.URL: void <init>(java.lang.String)>($r1)###http://a.applovin.com/2.0/ad?os=4.4.2&platform=android&model=SM-G955N&dx=720&dy=1280&accept=custom_size,launch_app,video,widget&api_did=&locale=en_US&sdk_version=6.0.1&format=json&dnt=false&sdk_key=LoFNoossW4rqeioGn7soc5eaNTrP3b1POGnB3d1ahsOKTBaKIR7wWmUvEJIHwJgJaSUe4WDmMc4wofF55N0c8U&network=wifi&size=BANNER&si=0&li=0&revision=dream2lteks&preloading=true&vz=2e0332cc40d10d15&brand=samsung&carrier=&require=REGULAR&idfa=3ae8f2f4-1b58-4ed6-816b-3ee6c7e3745e
I/System.out(16322): body:<com.applovin.impl.sdk.aO: java.net.HttpURLConnection a(java.lang.String,java.lang.String,int)>	sig:$r6 = virtualinvoke $r3.<java.net.URL: java.net.URLConnection openConnection()>()	timediff:0
I/System.out(16322): body:<com.applovin.impl.sdk.aO: java.net.HttpURLConnection a(java.lang.String,java.lang.String,int)>	sig:virtualinvoke $r7.<java.net.HttpURLConnection: void setRequestMethod(java.lang.String)>($r2)	timediff:0
I/System.out(16322): body:<com.applovin.impl.sdk.aO: java.net.HttpURLConnection a(java.lang.String,java.lang.String,int)>	sig:virtualinvoke $r7.<java.net.HttpURLConnection: void setConnectTimeout(int)>($i1)	timediff:0
I/System.out(16322): body:<com.applovin.impl.sdk.aO: java.net.HttpURLConnection a(java.lang.String,java.lang.String,int)>	sig:virtualinvoke $r7.<java.net.HttpURLConnection: void setReadTimeout(int)>($i0)	timediff:0
I/System.out(16322): body:<com.applovin.impl.sdk.aO: java.net.HttpURLConnection a(java.lang.String,java.lang.String,int)>	sig:virtualinvoke $r7.<java.net.HttpURLConnection: void setDefaultUseCaches(boolean)>(0)	timediff:0
I/System.out(16322): body:<com.applovin.impl.sdk.aO: java.net.HttpURLConnection a(java.lang.String,java.lang.String,int)>	sig:virtualinvoke $r7.<java.net.HttpURLConnection: void setAllowUserInteraction(boolean)>(0)	timediff:0
I/System.out(16322): body:<com.applovin.impl.sdk.aO: java.net.HttpURLConnection a(java.lang.String,java.lang.String,int)>	sig:virtualinvoke $r7.<java.net.HttpURLConnection: void setUseCaches(boolean)>(0)	timediff:0
I/System.out(16322): body:<com.applovin.impl.sdk.aO: java.net.HttpURLConnection a(java.lang.String,java.lang.String,int)>	sig:virtualinvoke $r7.<java.net.HttpURLConnection: void setInstanceFollowRedirects(boolean)>(1)	timediff:0
I/System.out(16322): body:<com.applovin.impl.sdk.aO: java.net.HttpURLConnection a(java.lang.String,java.lang.String,int)>	sig:virtualinvoke $r7.<java.net.HttpURLConnection: void setDoInput(boolean)>(1)	timediff:0
I/ActivityManager(  470): Displayed com.mobile.bizo.piercing.photo/.TattooMainActivity: +802ms
I/qtaguid (  700): Tagging socket 259 with tag 3000010500000000(805306629) for uid -1 failed errno=-13
I/NetworkManagementSocketTagger(  700): tagSocketFd(259, 805306629, -1) failed with errno-13
W/GLSUser (  711): [DeviceKeyStore] Cannot load key: Device key file not found.
I/chromium(16322): [INFO:simple_index_file.cc(397)] Simple Cache Index is being restored from disk.
I/System.out(16322): body:<com.mobile.bizo.common.ConfigDownloadTask: java.lang.String downloadConfigAsString(java.lang.String)>	sig:$r7 = virtualinvoke $r5.<java.net.URLConnection: java.io.InputStream getInputStream()>()	timediff:258
I/System.out(16322): body:<empirical.HelperClass: void printURLInfo(java.lang.String,java.lang.String,java.net.URLConnection)>	sig:$r0 = virtualinvoke urlConnection.<java.net.URLConnection: java.net.URL getURL()>()	timediff:0
I/System.out(16322): body:<empirical.HelperClass: void printURLInfo(java.lang.String,java.lang.String,java.net.URLConnection)>	sig:urlString = virtualinvoke $r0.<java.net.URL: java.lang.String toString()>()	timediff:0
I/System.out(16322): body:<empirical.HelperClass: void printURLInfo(java.lang.String,java.lang.String,java.net.URLConnection)>	sig:isDoOutput = virtualinvoke urlConnection.<java.net.URLConnection: boolean getDoOutput()>()	timediff:0
I/System.out(16322): body:<empirical.HelperClass: java.lang.String getHeaderField(java.net.URLConnection,java.lang.String)>	sig:data = virtualinvoke conn.<java.net.URLConnection: java.lang.String getHeaderField(java.lang.String)>(field)	timediff:0
I/System.out(16322): body:<empirical.HelperClass: java.lang.String getHeaderField(java.net.URLConnection,java.lang.String)>	sig:data = virtualinvoke conn.<java.net.URLConnection: java.lang.String getHeaderField(java.lang.String)>(field)	timediff:0
I/System.out(16322): body:<empirical.HelperClass: java.lang.String getHeaderField(java.net.URLConnection,java.lang.String)>	sig:data = virtualinvoke conn.<java.net.URLConnection: java.lang.String getHeaderField(java.lang.String)>(field)	timediff:0
I/System.out(16322): body:<empirical.HelperClass: java.lang.String getHeaderField(java.net.URLConnection,java.lang.String)>	sig:data = virtualinvoke conn.<java.net.URLConnection: java.lang.String getHeaderField(java.lang.String)>(field)	timediff:0
I/System.out(16322): body:<empirical.HelperClass: java.lang.String getHeaderField(java.net.URLConnection,java.lang.String)>	sig:data = virtualinvoke conn.<java.net.URLConnection: java.lang.String getHeaderField(java.lang.String)>(field)	timediff:0
I/System.out(16322): URLConn;%;1;%;<com.mobile.bizo.common.ConfigDownloadTask: java.lang.String downloadConfigAsString(java.lang.String)>;%;$r7 = virtualinvoke $r5.<java.net.URLConnection: java.io.InputStream getInputStream()>();%;http://serwer1399792.home.pl/zmasowany/more_apps/ads_config.txt;%;false;%;Not found;%;Not found;%;Not found;%;Not found;%;Not found
I/System.out(16322): body:<com.mobile.bizo.common.ConfigDownloadTask: boolean downloadFile(java.lang.String,java.io.File,com.mobile.bizo.common.ConfigDownloadTask$FileDownloadListener)>	sig:specialinvoke $r5.<java.net.URL: void <init>(java.lang.String)>($r1)	timediff:0
I/System.out(16322): <com.mobile.bizo.common.ConfigDownloadTask: boolean downloadFile(java.lang.String,java.io.File,com.mobile.bizo.common.ConfigDownloadTask$FileDownloadListener)>###specialinvoke $r5.<java.net.URL: void <init>(java.lang.String)>($r1)###http://serwer1399792.home.pl/zmasowany/more_apps/slow_zmas.jpg
I/System.out(16322): body:<com.mobile.bizo.common.ConfigDownloadTask: boolean downloadFile(java.lang.String,java.io.File,com.mobile.bizo.common.ConfigDownloadTask$FileDownloadListener)>	sig:$r6 = virtualinvoke $r5.<java.net.URL: java.net.URLConnection openConnection()>()	timediff:0
I/System.out(16322): body:<com.mobile.bizo.common.ConfigDownloadTask: boolean downloadFile(java.lang.String,java.io.File,com.mobile.bizo.common.ConfigDownloadTask$FileDownloadListener)>	sig:virtualinvoke $r6.<java.net.URLConnection: void setConnectTimeout(int)>(5000)	timediff:0
I/System.out(16322): body:<com.mobile.bizo.common.ConfigDownloadTask: boolean downloadFile(java.lang.String,java.io.File,com.mobile.bizo.common.ConfigDownloadTask$FileDownloadListener)>	sig:virtualinvoke $r6.<java.net.URLConnection: void setReadTimeout(int)>(5000)	timediff:0
I/System.out(16322): body:<com.mobile.bizo.common.ConfigDownloadTask: boolean downloadFile(java.lang.String,java.io.File,com.mobile.bizo.common.ConfigDownloadTask$FileDownloadListener)>	sig:virtualinvoke $r6.<java.net.URLConnection: void connect()>()	timediff:0
I/WindowManager(  470): Screen frozen for +821ms due to Window{4afdfc58 u0 Starting com.mobile.bizo.piercing.photo}
W/NetworkManagementSocketTagger(  470): setKernelCountSet(10007, 0) failed with errno -13
W/Herrevad(  700): [1093] sjl.a: On wifi, but couldn't get security type
W/DebugConnManager(  700): getNetworkInfo() on networkType 0
I/System.out(16322): body:<com.applovin.impl.sdk.aO: void a(java.lang.String,java.lang.String,int,org.json.JSONObject,boolean,com.applovin.impl.sdk.aP)>	sig:$i0 = virtualinvoke $r10.<java.net.HttpURLConnection: int getResponseCode()>()	timediff:54
I/System.out(16322): body:<com.applovin.impl.sdk.aO: void a(java.lang.String,java.lang.String,int,org.json.JSONObject,boolean,com.applovin.impl.sdk.aP)>	sig:$r18 = virtualinvoke $r10.<java.net.HttpURLConnection: java.io.InputStream getInputStream()>()	timediff:0
I/System.out(16322): body:<empirical.HelperClass: void printURLInfo(java.lang.String,java.lang.String,java.net.URLConnection)>	sig:$r0 = virtualinvoke urlConnection.<java.net.URLConnection: java.net.URL getURL()>()	timediff:0
I/System.out(16322): body:<empirical.HelperClass: void printURLInfo(java.lang.String,java.lang.String,java.net.URLConnection)>	sig:urlString = virtualinvoke $r0.<java.net.URL: java.lang.String toString()>()	timediff:0
I/System.out(16322): body:<empirical.HelperClass: void printURLInfo(java.lang.String,java.lang.String,java.net.URLConnection)>	sig:isDoOutput = virtualinvoke urlConnection.<java.net.URLConnection: boolean getDoOutput()>()	timediff:0
I/System.out(16322): body:<empirical.HelperClass: java.lang.String getHeaderField(java.net.URLConnection,java.lang.String)>	sig:data = virtualinvoke conn.<java.net.URLConnection: java.lang.String getHeaderField(java.lang.String)>(field)	timediff:0
I/System.out(16322): body:<empirical.HelperClass: java.lang.String getHeaderField(java.net.URLConnection,java.lang.String)>	sig:data = virtualinvoke conn.<java.net.URLConnection: java.lang.String getHeaderField(java.lang.String)>(field)	timediff:0
I/System.out(16322): body:<empirical.HelperClass: java.lang.String getHeaderField(java.net.URLConnection,java.lang.String)>	sig:data = virtualinvoke conn.<java.net.URLConnection: java.lang.String getHeaderField(java.lang.String)>(field)	timediff:0
I/System.out(16322): body:<empirical.HelperClass: java.lang.String getHeaderField(java.net.URLConnection,java.lang.String)>	sig:data = virtualinvoke conn.<java.net.URLConnection: java.lang.String getHeaderField(java.lang.String)>(field)	timediff:0
I/System.out(16322): body:<empirical.HelperClass: java.lang.String getHeaderField(java.net.URLConnection,java.lang.String)>	sig:data = virtualinvoke conn.<java.net.URLConnection: java.lang.String getHeaderField(java.lang.String)>(field)	timediff:0
I/System.out(16322): URLConn;%;2;%;<com.applovin.impl.sdk.aO: void a(java.lang.String,java.lang.String,int,org.json.JSONObject,boolean,com.applovin.impl.sdk.aP)>;%;$r18 = virtualinvoke $r10.<java.net.HttpURLConnection: java.io.InputStream getInputStream()>();%;http://a.applovin.com/2.0/ad?os=4.4.2&platform=android&model=SM-G955N&dx=720&dy=1280&accept=custom_size,launch_app,video,widget&api_did=&locale=en_US&sdk_version=6.0.1&format=json&dnt=false&sdk_key=LoFNoossW4rqeioGn7soc5eaNTrP3b1POGnB3d1ahsOKTBaKIR7wWmUvEJIHwJgJaSUe4WDmMc4wofF55N0c8U&network=wifi&size=BANNER&si=0&li=0&revision=dream2lteks&preloading=true&vz=2e0332cc40d10d15&brand=samsung&carrier=&require=REGULAR&idfa=3ae8f2f4-1b58-4ed6-816b-3ee6c7e3745e;%;false;%;Not found;%;Not found;%;Not found;%;Not found;%;Not found
I/System.out(16322): body:<com.applovin.impl.sdk.aO: void a(java.lang.String,java.lang.String,int,org.json.JSONObject,boolean,com.applovin.impl.sdk.aP)>	sig:$i0 = virtualinvoke $r10.<java.net.HttpURLConnection: int getResponseCode()>()	timediff:0
I/System.out(16322): body:<com.applovin.impl.sdk.aO: void a(java.net.HttpURLConnection)>	sig:virtualinvoke $r0.<java.net.HttpURLConnection: void disconnect()>()	timediff:0
I/qtaguid ( 1194): Tagging socket 47 with tag 3000180300000000(805312515) for uid -1 failed errno=-13
I/NetworkManagementSocketTagger( 1194): tagSocketFd(47, 805312515, -1) failed with errno-13
I/System.out(16322): body:<com.applovin.impl.sdk.aO: java.net.HttpURLConnection a(java.lang.String,java.lang.String,int)>	sig:specialinvoke $r3.<java.net.URL: void <init>(java.lang.String)>($r1)	timediff:0
I/System.out(16322): <com.applovin.impl.sdk.aO: java.net.HttpURLConnection a(java.lang.String,java.lang.String,int)>###specialinvoke $r3.<java.net.URL: void <init>(java.lang.String)>($r1)###http://a.applovin.com/2.0/ad?os=4.4.2&platform=android&model=SM-G955N&etf=228&dx=720&dy=1280&accept=custom_size,launch_app,video,widget&api_did=&locale=en_US&sdk_version=6.0.1&format=json&dnt=false&sdk_key=LoFNoossW4rqeioGn7soc5eaNTrP3b1POGnB3d1ahsOKTBaKIR7wWmUvEJIHwJgJaSUe4WDmMc4wofF55N0c8U&network=wifi&size=INTER&si=0&li=0&revision=dream2lteks&preloading=true&vz=2e0332cc40d10d15&brand=samsung&carrier=&require=REGULAR&ntf=wifi&idfa=3ae8f2f4-1b58-4ed6-816b-3ee6c7e3745e
I/System.out(16322): body:<com.applovin.impl.sdk.aO: java.net.HttpURLConnection a(java.lang.String,java.lang.String,int)>	sig:$r6 = virtualinvoke $r3.<java.net.URL: java.net.URLConnection openConnection()>()	timediff:1
I/System.out(16322): body:<com.applovin.impl.sdk.aO: java.net.HttpURLConnection a(java.lang.String,java.lang.String,int)>	sig:virtualinvoke $r7.<java.net.HttpURLConnection: void setRequestMethod(java.lang.String)>($r2)	timediff:0
I/System.out(16322): body:<com.applovin.impl.sdk.aO: java.net.HttpURLConnection a(java.lang.String,java.lang.String,int)>	sig:virtualinvoke $r7.<java.net.HttpURLConnection: void setConnectTimeout(int)>($i1)	timediff:0
I/System.out(16322): body:<com.applovin.impl.sdk.aO: java.net.HttpURLConnection a(java.lang.String,java.lang.String,int)>	sig:virtualinvoke $r7.<java.net.HttpURLConnection: void setReadTimeout(int)>($i0)	timediff:0
I/System.out(16322): body:<com.applovin.impl.sdk.aO: java.net.HttpURLConnection a(java.lang.String,java.lang.String,int)>	sig:virtualinvoke $r7.<java.net.HttpURLConnection: void setDefaultUseCaches(boolean)>(0)	timediff:0
I/System.out(16322): body:<com.applovin.impl.sdk.aO: java.net.HttpURLConnection a(java.lang.String,java.lang.String,int)>	sig:virtualinvoke $r7.<java.net.HttpURLConnection: void setAllowUserInteraction(boolean)>(0)	timediff:0
I/System.out(16322): body:<com.applovin.impl.sdk.aO: java.net.HttpURLConnection a(java.lang.String,java.lang.String,int)>	sig:virtualinvoke $r7.<java.net.HttpURLConnection: void setUseCaches(boolean)>(0)	timediff:0
I/System.out(16322): body:<com.applovin.impl.sdk.aO: java.net.HttpURLConnection a(java.lang.String,java.lang.String,int)>	sig:virtualinvoke $r7.<java.net.HttpURLConnection: void setInstanceFollowRedirects(boolean)>(1)	timediff:0
I/System.out(16322): body:<com.applovin.impl.sdk.aO: java.net.HttpURLConnection a(java.lang.String,java.lang.String,int)>	sig:virtualinvoke $r7.<java.net.HttpURLConnection: void setDoInput(boolean)>(1)	timediff:0
I/System.out(16322): body:<com.applovin.impl.sdk.aO: void a(java.lang.String,java.lang.String,int,org.json.JSONObject,boolean,com.applovin.impl.sdk.aP)>	sig:$i0 = virtualinvoke $r10.<java.net.HttpURLConnection: int getResponseCode()>()	timediff:30
I/System.out(16322): body:<com.applovin.impl.sdk.aO: void a(java.lang.String,java.lang.String,int,org.json.JSONObject,boolean,com.applovin.impl.sdk.aP)>	sig:$r18 = virtualinvoke $r10.<java.net.HttpURLConnection: java.io.InputStream getInputStream()>()	timediff:0
I/System.out(16322): body:<empirical.HelperClass: void printURLInfo(java.lang.String,java.lang.String,java.net.URLConnection)>	sig:$r0 = virtualinvoke urlConnection.<java.net.URLConnection: java.net.URL getURL()>()	timediff:0
I/System.out(16322): body:<empirical.HelperClass: void printURLInfo(java.lang.String,java.lang.String,java.net.URLConnection)>	sig:urlString = virtualinvoke $r0.<java.net.URL: java.lang.String toString()>()	timediff:0
I/System.out(16322): body:<empirical.HelperClass: void printURLInfo(java.lang.String,java.lang.String,java.net.URLConnection)>	sig:isDoOutput = virtualinvoke urlConnection.<java.net.URLConnection: boolean getDoOutput()>()	timediff:0
I/System.out(16322): body:<empirical.HelperClass: java.lang.String getHeaderField(java.net.URLConnection,java.lang.String)>	sig:data = virtualinvoke conn.<java.net.URLConnection: java.lang.String getHeaderField(java.lang.String)>(field)	timediff:0
I/System.out(16322): body:<empirical.HelperClass: java.lang.String getHeaderField(java.net.URLConnection,java.lang.String)>	sig:data = virtualinvoke conn.<java.net.URLConnection: java.lang.String getHeaderField(java.lang.String)>(field)	timediff:0
I/System.out(16322): body:<empirical.HelperClass: java.lang.String getHeaderField(java.net.URLConnection,java.lang.String)>	sig:data = virtualinvoke conn.<java.net.URLConnection: java.lang.String getHeaderField(java.lang.String)>(field)	timediff:0
I/System.out(16322): body:<empirical.HelperClass: java.lang.String getHeaderField(java.net.URLConnection,java.lang.String)>	sig:data = virtualinvoke conn.<java.net.URLConnection: java.lang.String getHeaderField(java.lang.String)>(field)	timediff:0
I/System.out(16322): body:<empirical.HelperClass: java.lang.String getHeaderField(java.net.URLConnection,java.lang.String)>	sig:data = virtualinvoke conn.<java.net.URLConnection: java.lang.String getHeaderField(java.lang.String)>(field)	timediff:0
I/System.out(16322): URLConn;%;3;%;<com.applovin.impl.sdk.aO: void a(java.lang.String,java.lang.String,int,org.json.JSONObject,boolean,com.applovin.impl.sdk.aP)>;%;$r18 = virtualinvoke $r10.<java.net.HttpURLConnection: java.io.InputStream getInputStream()>();%;http://a.applovin.com/2.0/ad?os=4.4.2&platform=android&model=SM-G955N&etf=228&dx=720&dy=1280&accept=custom_size,launch_app,video,widget&api_did=&locale=en_US&sdk_version=6.0.1&format=json&dnt=false&sdk_key=LoFNoossW4rqeioGn7soc5eaNTrP3b1POGnB3d1ahsOKTBaKIR7wWmUvEJIHwJgJaSUe4WDmMc4wofF55N0c8U&network=wifi&size=INTER&si=0&li=0&revision=dream2lteks&preloading=true&vz=2e0332cc40d10d15&brand=samsung&carrier=&require=REGULAR&ntf=wifi&idfa=3ae8f2f4-1b58-4ed6-816b-3ee6c7e3745e;%;false;%;Not found;%;Not found;%;Not found;%;Not found;%;Not found
I/System.out(16322): body:<com.applovin.impl.sdk.aO: void a(java.lang.String,java.lang.String,int,org.json.JSONObject,boolean,com.applovin.impl.sdk.aP)>	sig:$i0 = virtualinvoke $r10.<java.net.HttpURLConnection: int getResponseCode()>()	timediff:0
I/System.out(16322): body:<com.applovin.impl.sdk.aO: void a(java.net.HttpURLConnection)>	sig:virtualinvoke $r0.<java.net.HttpURLConnection: void disconnect()>()	timediff:0
I/System.out(16322): body:<com.applovin.impl.sdk.aO: java.net.HttpURLConnection a(java.lang.String,java.lang.String,int)>	sig:specialinvoke $r3.<java.net.URL: void <init>(java.lang.String)>($r1)	timediff:0
I/System.out(16322): <com.applovin.impl.sdk.aO: java.net.HttpURLConnection a(java.lang.String,java.lang.String,int)>###specialinvoke $r3.<java.net.URL: void <init>(java.lang.String)>($r1)###http://a.applovin.com/2.0/ad?os=4.4.2&platform=android&model=SM-G955N&etf=43&dx=720&dy=1280&accept=custom_size,launch_app,video,widget&api_did=&locale=en_US&sdk_version=6.0.1&format=json&dnt=false&sdk_key=LoFNoossW4rqeioGn7soc5eaNTrP3b1POGnB3d1ahsOKTBaKIR7wWmUvEJIHwJgJaSUe4WDmMc4wofF55N0c8U&network=wifi&size=INTER&si=0&li=0&revision=dream2lteks&preloading=true&vz=2e0332cc40d10d15&brand=samsung&carrier=&require=VIDEOA&ntf=wifi&idfa=3ae8f2f4-1b58-4ed6-816b-3ee6c7e3745e
I/System.out(16322): body:<com.applovin.impl.sdk.aO: java.net.HttpURLConnection a(java.lang.String,java.lang.String,int)>	sig:$r6 = virtualinvoke $r3.<java.net.URL: java.net.URLConnection openConnection()>()	timediff:0
I/System.out(16322): body:<com.applovin.impl.sdk.aO: java.net.HttpURLConnection a(java.lang.String,java.lang.String,int)>	sig:virtualinvoke $r7.<java.net.HttpURLConnection: void setRequestMethod(java.lang.String)>($r2)	timediff:0
I/System.out(16322): body:<com.applovin.impl.sdk.aO: java.net.HttpURLConnection a(java.lang.String,java.lang.String,int)>	sig:virtualinvoke $r7.<java.net.HttpURLConnection: void setConnectTimeout(int)>($i1)	timediff:0
I/System.out(16322): body:<com.applovin.impl.sdk.aO: java.net.HttpURLConnection a(java.lang.String,java.lang.String,int)>	sig:virtualinvoke $r7.<java.net.HttpURLConnection: void setReadTimeout(int)>($i0)	timediff:0
I/System.out(16322): body:<com.applovin.impl.sdk.aO: java.net.HttpURLConnection a(java.lang.String,java.lang.String,int)>	sig:virtualinvoke $r7.<java.net.HttpURLConnection: void setDefaultUseCaches(boolean)>(0)	timediff:0
I/System.out(16322): body:<com.applovin.impl.sdk.aO: java.net.HttpURLConnection a(java.lang.String,java.lang.String,int)>	sig:virtualinvoke $r7.<java.net.HttpURLConnection: void setAllowUserInteraction(boolean)>(0)	timediff:0
I/System.out(16322): body:<com.applovin.impl.sdk.aO: java.net.HttpURLConnection a(java.lang.String,java.lang.String,int)>	sig:virtualinvoke $r7.<java.net.HttpURLConnection: void setUseCaches(boolean)>(0)	timediff:0
I/System.out(16322): body:<com.applovin.impl.sdk.aO: java.net.HttpURLConnection a(java.lang.String,java.lang.String,int)>	sig:virtualinvoke $r7.<java.net.HttpURLConnection: void setInstanceFollowRedirects(boolean)>(1)	timediff:0
I/System.out(16322): body:<com.applovin.impl.sdk.aO: java.net.HttpURLConnection a(java.lang.String,java.lang.String,int)>	sig:virtualinvoke $r7.<java.net.HttpURLConnection: void setDoInput(boolean)>(1)	timediff:1
I/System.out(16322): body:<com.facebook.ads.internal.thirdparty.http.a: int a(java.net.HttpURLConnection,byte[])>	sig:$i0 = virtualinvoke $r1.<java.net.HttpURLConnection: int getResponseCode()>()	timediff:155
I/System.out(16322): body:<com.facebook.ads.internal.thirdparty.http.a: com.facebook.ads.internal.thirdparty.http.n a(java.lang.String,com.facebook.ads.internal.thirdparty.http.j,java.lang.String,byte[])>	sig:$z0 = virtualinvoke $r7.<java.net.HttpURLConnection: boolean getDoInput()>()	timediff:0
I/System.out(16322): body:<com.facebook.ads.internal.thirdparty.http.a: com.facebook.ads.internal.thirdparty.http.n b(java.net.HttpURLConnection)>	sig:$r5 = virtualinvoke $r1.<java.net.HttpURLConnection: java.io.InputStream getErrorStream()>()	timediff:0
I/System.out(16322): body:<com.facebook.ads.internal.thirdparty.http.n: void <init>(java.net.HttpURLConnection,byte[])>	sig:$i0 = virtualinvoke $r1.<java.net.HttpURLConnection: int getResponseCode()>()	timediff:0
I/System.out(16322): body:<com.facebook.ads.internal.thirdparty.http.n: void <init>(java.net.HttpURLConnection,byte[])>	sig:$r3 = virtualinvoke $r1.<java.net.HttpURLConnection: java.net.URL getURL()>()	timediff:0
I/System.out(16322): body:<com.facebook.ads.internal.thirdparty.http.n: void <init>(java.net.HttpURLConnection,byte[])>	sig:$r4 = virtualinvoke $r3.<java.net.URL: java.lang.String toString()>()	timediff:0
I/System.out(16322): body:<com.facebook.ads.internal.thirdparty.http.n: void <init>(java.net.HttpURLConnection,byte[])>	sig:$r5 = virtualinvoke $r1.<java.net.HttpURLConnection: java.util.Map getHeaderFields()>()	timediff:0
I/System.out(16322): body:<com.facebook.ads.internal.thirdparty.http.a: com.facebook.ads.internal.thirdparty.http.n a(java.lang.String,com.facebook.ads.internal.thirdparty.http.j,java.lang.String,byte[])>	sig:virtualinvoke $r7.<java.net.HttpURLConnection: void disconnect()>()	timediff:0
I/System.out(16322): body:<com.mobile.bizo.common.ConfigDownloadTask: java.lang.String downloadConfigAsString(java.lang.String)>	sig:specialinvoke $r2.<java.net.URL: void <init>(java.lang.String)>($r1)	timediff:0
I/System.out(16322): <com.mobile.bizo.common.ConfigDownloadTask: java.lang.String downloadConfigAsString(java.lang.String)>###specialinvoke $r2.<java.net.URL: void <init>(java.lang.String)>($r1)###http://serwer1510602.home.pl/extraPiercingConfigList.txt
I/System.out(16322): body:<com.mobile.bizo.common.ConfigDownloadTask: java.lang.String downloadConfigAsString(java.lang.String)>	sig:$r5 = virtualinvoke $r2.<java.net.URL: java.net.URLConnection openConnection()>()	timediff:0
I/System.out(16322): body:<com.mobile.bizo.common.ConfigDownloadTask: java.lang.String downloadConfigAsString(java.lang.String)>	sig:virtualinvoke $r5.<java.net.URLConnection: void setConnectTimeout(int)>(5000)	timediff:0
I/System.out(16322): body:<com.mobile.bizo.common.ConfigDownloadTask: java.lang.String downloadConfigAsString(java.lang.String)>	sig:virtualinvoke $r5.<java.net.URLConnection: void setReadTimeout(int)>(5000)	timediff:0
I/qtaguid ( 1194): Untagging socket 47 failed errno=-13
W/NetworkManagementSocketTagger( 1194): untagSocket(47) failed with errno -13
I/qtaguid (  700): Tagging socket 161 with tag 3000010500000000(805306629) for uid -1 failed errno=-13
I/NetworkManagementSocketTagger(  700): tagSocketFd(161, 805306629, -1) failed with errno-13
I/chromium(16322): [INFO:CONSOLE(7)] "Creating Application Cache with manifest https://googleads.g.doubleclick.net/mads/static/mad/sdk/native/sdk-core-v40-loader.appcache", source: https://googleads.g.doubleclick.net/mads/static/mad/sdk/native/sdk-core-v40-loader.html (7)
I/chromium(16322): [INFO:CONSOLE(7)] "Application Cache Checking event", source: https://googleads.g.doubleclick.net/mads/static/mad/sdk/native/sdk-core-v40-loader.html (7)
I/chromium(16322): [INFO:CONSOLE(0)] "Application Cache Downloading event", source: https://googleads.g.doubleclick.net/mads/static/mad/sdk/native/sdk-core-v40-loader.html (0)
I/System.out(16322): body:<com.mobile.bizo.common.ConfigDataManager$AdditionalDataDownloadConfiguration: boolean isExistingFileUpToDate(java.net.URLConnection,java.io.File)>	sig:$i2 = virtualinvoke $r1.<java.net.URLConnection: int getContentLength()>()	timediff:207
I/System.out(16322): body:<com.batch.android.c.ai: java.net.HttpURLConnection w()>	sig:$r15 = virtualinvoke $r4.<java.net.HttpURLConnection: java.io.OutputStream getOutputStream()>()	timediff:450
I/System.out(16322): body:<com.batch.android.c.ai: byte[] t()>	sig:virtualinvoke $r6.<java.net.HttpURLConnection: void connect()>()	timediff:0
I/System.out(16322): body:<com.mobile.bizo.common.ConfigDataManager$AdditionalDataDownloadConfiguration: boolean isExistingFileUpToDate(java.net.URLConnection,java.io.File)>	sig:$i2 = virtualinvoke $r1.<java.net.URLConnection: int getContentLength()>()	timediff:178
I/chromium(16322): [INFO:CONSOLE(0)] "Application Cache Progress event (0 of 1) https://googleads.g.doubleclick.net/mads/static/mad/sdk/native/production/sdk-core-v40-impl.js", source: https://googleads.g.doubleclick.net/mads/static/mad/sdk/native/sdk-core-v40-loader.html (0)
I/chromium(16322): [INFO:CONSOLE(0)] "Application Cache Progress event (1 of 1) ", source: https://googleads.g.doubleclick.net/mads/static/mad/sdk/native/sdk-core-v40-loader.html (0)
I/chromium(16322): [INFO:CONSOLE(0)] "Application Cache Cached event", source: https://googleads.g.doubleclick.net/mads/static/mad/sdk/native/sdk-core-v40-loader.html (0)
I/System.out(16322): body:<com.applovin.impl.sdk.aO: void a(java.lang.String,java.lang.String,int,org.json.JSONObject,boolean,com.applovin.impl.sdk.aP)>	sig:$i0 = virtualinvoke $r10.<java.net.HttpURLConnection: int getResponseCode()>()	timediff:183
I/System.out(16322): body:<com.applovin.impl.sdk.aO: void a(java.lang.String,java.lang.String,int,org.json.JSONObject,boolean,com.applovin.impl.sdk.aP)>	sig:$r18 = virtualinvoke $r10.<java.net.HttpURLConnection: java.io.InputStream getInputStream()>()	timediff:0
I/System.out(16322): body:<empirical.HelperClass: void printURLInfo(java.lang.String,java.lang.String,java.net.URLConnection)>	sig:$r0 = virtualinvoke urlConnection.<java.net.URLConnection: java.net.URL getURL()>()	timediff:0
I/System.out(16322): body:<empirical.HelperClass: void printURLInfo(java.lang.String,java.lang.String,java.net.URLConnection)>	sig:urlString = virtualinvoke $r0.<java.net.URL: java.lang.String toString()>()	timediff:0
I/System.out(16322): body:<empirical.HelperClass: void printURLInfo(java.lang.String,java.lang.String,java.net.URLConnection)>	sig:isDoOutput = virtualinvoke urlConnection.<java.net.URLConnection: boolean getDoOutput()>()	timediff:0
I/System.out(16322): body:<empirical.HelperClass: java.lang.String getHeaderField(java.net.URLConnection,java.lang.String)>	sig:data = virtualinvoke conn.<java.net.URLConnection: java.lang.String getHeaderField(java.lang.String)>(field)	timediff:0
I/System.out(16322): body:<empirical.HelperClass: java.lang.String getHeaderField(java.net.URLConnection,java.lang.String)>	sig:data = virtualinvoke conn.<java.net.URLConnection: java.lang.String getHeaderField(java.lang.String)>(field)	timediff:0
I/System.out(16322): body:<empirical.HelperClass: java.lang.String getHeaderField(java.net.URLConnection,java.lang.String)>	sig:data = virtualinvoke conn.<java.net.URLConnection: java.lang.String getHeaderField(java.lang.String)>(field)	timediff:0
I/System.out(16322): body:<empirical.HelperClass: java.lang.String getHeaderField(java.net.URLConnection,java.lang.String)>	sig:data = virtualinvoke conn.<java.net.URLConnection: java.lang.String getHeaderField(java.lang.String)>(field)	timediff:0
I/System.out(16322): body:<empirical.HelperClass: java.lang.String getHeaderField(java.net.URLConnection,java.lang.String)>	sig:data = virtualinvoke conn.<java.net.URLConnection: java.lang.String getHeaderField(java.lang.String)>(field)	timediff:0
I/System.out(16322): URLConn;%;4;%;<com.applovin.impl.sdk.aO: void a(java.lang.String,java.lang.String,int,org.json.JSONObject,boolean,com.applovin.impl.sdk.aP)>;%;$r18 = virtualinvoke $r10.<java.net.HttpURLConnection: java.io.InputStream getInputStream()>();%;http://a.applovin.com/2.0/ad?os=4.4.2&platform=android&model=SM-G955N&etf=43&dx=720&dy=1280&accept=custom_size,launch_app,video,widget&api_did=&locale=en_US&sdk_version=6.0.1&format=json&dnt=false&sdk_key=LoFNoossW4rqeioGn7soc5eaNTrP3b1POGnB3d1ahsOKTBaKIR7wWmUvEJIHwJgJaSUe4WDmMc4wofF55N0c8U&network=wifi&size=INTER&si=0&li=0&revision=dream2lteks&preloading=true&vz=2e0332cc40d10d15&brand=samsung&carrier=&require=VIDEOA&ntf=wifi&idfa=3ae8f2f4-1b58-4ed6-816b-3ee6c7e3745e;%;false;%;Not found;%;no-store, no-cache, must-revalidate, post-check=0, pre-check=0;%;Tue, 2 Jan 2001 08:00:00 GMT;%;Not found;%;Not found
E/getConfigAsString(16322): error
I/System.out(16322): body:<com.mobile.bizo.common.ConfigDownloadTask: java.lang.String downloadConfigAsString(java.lang.String)>	sig:specialinvoke $r2.<java.net.URL: void <init>(java.lang.String)>($r1)	timediff:0
I/System.out(16322): <com.mobile.bizo.common.ConfigDownloadTask: java.lang.String downloadConfigAsString(java.lang.String)>###specialinvoke $r2.<java.net.URL: void <init>(java.lang.String)>($r1)###http://serwer1590684.home.pl/extraPiercingConfigList.txt
I/System.out(16322): body:<com.mobile.bizo.common.ConfigDownloadTask: java.lang.String downloadConfigAsString(java.lang.String)>	sig:$r5 = virtualinvoke $r2.<java.net.URL: java.net.URLConnection openConnection()>()	timediff:0
I/System.out(16322): body:<com.mobile.bizo.common.ConfigDownloadTask: java.lang.String downloadConfigAsString(java.lang.String)>	sig:virtualinvoke $r5.<java.net.URLConnection: void setConnectTimeout(int)>(5000)	timediff:0
I/System.out(16322): body:<com.mobile.bizo.common.ConfigDownloadTask: java.lang.String downloadConfigAsString(java.lang.String)>	sig:virtualinvoke $r5.<java.net.URLConnection: void setReadTimeout(int)>(5000)	timediff:0
D/dalvikvm(16322): GC_CONCURRENT freed 1933K, 17% free 10008K/11940K, paused 0ms+1ms, total 20ms
D/dalvikvm(16322): WAIT_FOR_CONCURRENT_GC blocked 4ms
I/System.out(16322): body:<com.applovin.impl.sdk.aO: void a(java.lang.String,java.lang.String,int,org.json.JSONObject,boolean,com.applovin.impl.sdk.aP)>	sig:$i0 = virtualinvoke $r10.<java.net.HttpURLConnection: int getResponseCode()>()	timediff:0
I/System.out(16322): body:<com.applovin.impl.sdk.aX: boolean a(java.io.File,java.lang.String)>	sig:specialinvoke $r9.<java.net.URL: void <init>(java.lang.String)>($r2)	timediff:0
I/System.out(16322): <com.applovin.impl.sdk.aX: boolean a(java.io.File,java.lang.String)>###specialinvoke $r9.<java.net.URL: void <init>(java.lang.String)>($r2)###http://pdn.applovin.com/closeOptOut.png
I/System.out(16322): body:<com.applovin.impl.sdk.aX: boolean a(java.io.File,java.lang.String)>	sig:$r10 = virtualinvoke $r9.<java.net.URL: java.net.URLConnection openConnection()>()	timediff:0
I/System.out(16322): body:<com.applovin.impl.sdk.aX: boolean a(java.io.File,java.lang.String)>	sig:virtualinvoke $r11.<java.net.HttpURLConnection: void setConnectTimeout(int)>($i0)	timediff:0
I/System.out(16322): body:<com.applovin.impl.sdk.aX: boolean a(java.io.File,java.lang.String)>	sig:virtualinvoke $r11.<java.net.HttpURLConnection: void setReadTimeout(int)>($i0)	timediff:0
I/System.out(16322): body:<com.applovin.impl.sdk.aX: boolean a(java.io.File,java.lang.String)>	sig:virtualinvoke $r11.<java.net.HttpURLConnection: void setDefaultUseCaches(boolean)>(1)	timediff:0
I/System.out(16322): body:<com.applovin.impl.sdk.aX: boolean a(java.io.File,java.lang.String)>	sig:virtualinvoke $r11.<java.net.HttpURLConnection: void setUseCaches(boolean)>(1)	timediff:0
I/System.out(16322): body:<com.applovin.impl.sdk.aX: boolean a(java.io.File,java.lang.String)>	sig:virtualinvoke $r11.<java.net.HttpURLConnection: void setAllowUserInteraction(boolean)>(0)	timediff:0
I/System.out(16322): body:<com.applovin.impl.sdk.aX: boolean a(java.io.File,java.lang.String)>	sig:virtualinvoke $r11.<java.net.HttpURLConnection: void setInstanceFollowRedirects(boolean)>(1)	timediff:0
I/System.out(16322): body:<com.applovin.impl.sdk.aO: void a(java.net.HttpURLConnection)>	sig:virtualinvoke $r0.<java.net.HttpURLConnection: void disconnect()>()	timediff:0
I/System.out(16322): body:<com.batch.android.c.ai: java.net.HttpURLConnection w()>	sig:$r15 = virtualinvoke $r4.<java.net.HttpURLConnection: java.io.OutputStream getOutputStream()>()	timediff:428
I/System.out(16322): body:<com.batch.android.c.ai: byte[] t()>	sig:virtualinvoke $r6.<java.net.HttpURLConnection: void connect()>()	timediff:0
I/System.out(16322): body:<com.applovin.impl.sdk.aO: java.net.HttpURLConnection a(java.lang.String,java.lang.String,int)>	sig:specialinvoke $r3.<java.net.URL: void <init>(java.lang.String)>($r1)	timediff:0
I/System.out(16322): <com.applovin.impl.sdk.aO: java.net.HttpURLConnection a(java.lang.String,java.lang.String,int)>###specialinvoke $r3.<java.net.URL: void <init>(java.lang.String)>($r1)###http://a.applovin.com/2.0/ad?os=4.4.2&platform=android&model=SM-G955N&etf=226&dx=720&dy=1280&accept=custom_size,launch_app,video,widget&api_did=&locale=en_US&sdk_version=6.0.1&format=json&dnt=false&sdk_key=LoFNoossW4rqeioGn7soc5eaNTrP3b1POGnB3d1ahsOKTBaKIR7wWmUvEJIHwJgJaSUe4WDmMc4wofF55N0c8U&network=wifi&size=INTER&si=0&li=0&revision=dream2lteks&preloading=true&vz=2e0332cc40d10d15&brand=samsung&carrier=&require=VIDEOA&ntf=wifi&idfa=3ae8f2f4-1b58-4ed6-816b-3ee6c7e3745e
I/System.out(16322): body:<com.applovin.impl.sdk.aO: java.net.HttpURLConnection a(java.lang.String,java.lang.String,int)>	sig:$r6 = virtualinvoke $r3.<java.net.URL: java.net.URLConnection openConnection()>()	timediff:1
I/System.out(16322): body:<com.applovin.impl.sdk.aO: java.net.HttpURLConnection a(java.lang.String,java.lang.String,int)>	sig:virtualinvoke $r7.<java.net.HttpURLConnection: void setRequestMethod(java.lang.String)>($r2)	timediff:0
I/System.out(16322): body:<com.applovin.impl.sdk.aO: java.net.HttpURLConnection a(java.lang.String,java.lang.String,int)>	sig:virtualinvoke $r7.<java.net.HttpURLConnection: void setConnectTimeout(int)>($i1)	timediff:0
I/System.out(16322): body:<com.applovin.impl.sdk.aO: java.net.HttpURLConnection a(java.lang.String,java.lang.String,int)>	sig:virtualinvoke $r7.<java.net.HttpURLConnection: void setReadTimeout(int)>($i0)	timediff:1
I/System.out(16322): body:<com.applovin.impl.sdk.aO: java.net.HttpURLConnection a(java.lang.String,java.lang.String,int)>	sig:virtualinvoke $r7.<java.net.HttpURLConnection: void setDefaultUseCaches(boolean)>(0)	timediff:0
I/System.out(16322): body:<com.applovin.impl.sdk.aO: java.net.HttpURLConnection a(java.lang.String,java.lang.String,int)>	sig:virtualinvoke $r7.<java.net.HttpURLConnection: void setAllowUserInteraction(boolean)>(0)	timediff:0
I/System.out(16322): body:<com.applovin.impl.sdk.aO: java.net.HttpURLConnection a(java.lang.String,java.lang.String,int)>	sig:virtualinvoke $r7.<java.net.HttpURLConnection: void setUseCaches(boolean)>(0)	timediff:0
I/System.out(16322): body:<com.applovin.impl.sdk.aO: java.net.HttpURLConnection a(java.lang.String,java.lang.String,int)>	sig:virtualinvoke $r7.<java.net.HttpURLConnection: void setInstanceFollowRedirects(boolean)>(1)	timediff:0
I/System.out(16322): body:<com.applovin.impl.sdk.aO: java.net.HttpURLConnection a(java.lang.String,java.lang.String,int)>	sig:virtualinvoke $r7.<java.net.HttpURLConnection: void setDoInput(boolean)>(1)	timediff:0
I/System.out(16322): body:<com.applovin.impl.sdk.aX: boolean a(java.io.File,java.lang.String)>	sig:$r16 = virtualinvoke $r11.<java.net.HttpURLConnection: java.io.InputStream getInputStream()>()	timediff:27
I/System.out(16322): body:<empirical.HelperClass: void printURLInfo(java.lang.String,java.lang.String,java.net.URLConnection)>	sig:$r0 = virtualinvoke urlConnection.<java.net.URLConnection: java.net.URL getURL()>()	timediff:0
I/System.out(16322): body:<empirical.HelperClass: void printURLInfo(java.lang.String,java.lang.String,java.net.URLConnection)>	sig:urlString = virtualinvoke $r0.<java.net.URL: java.lang.String toString()>()	timediff:0
I/System.out(16322): body:<empirical.HelperClass: void printURLInfo(java.lang.String,java.lang.String,java.net.URLConnection)>	sig:isDoOutput = virtualinvoke urlConnection.<java.net.URLConnection: boolean getDoOutput()>()	timediff:0
I/System.out(16322): body:<empirical.HelperClass: java.lang.String getHeaderField(java.net.URLConnection,java.lang.String)>	sig:data = virtualinvoke conn.<java.net.URLConnection: java.lang.String getHeaderField(java.lang.String)>(field)	timediff:0
I/System.out(16322): body:<empirical.HelperClass: java.lang.String getHeaderField(java.net.URLConnection,java.lang.String)>	sig:data = virtualinvoke conn.<java.net.URLConnection: java.lang.String getHeaderField(java.lang.String)>(field)	timediff:0
I/System.out(16322): body:<empirical.HelperClass: java.lang.String getHeaderField(java.net.URLConnection,java.lang.String)>	sig:data = virtualinvoke conn.<java.net.URLConnection: java.lang.String getHeaderField(java.lang.String)>(field)	timediff:0
I/System.out(16322): body:<empirical.HelperClass: java.lang.String getHeaderField(java.net.URLConnection,java.lang.String)>	sig:data = virtualinvoke conn.<java.net.URLConnection: java.lang.String getHeaderField(java.lang.String)>(field)	timediff:0
I/System.out(16322): body:<empirical.HelperClass: java.lang.String getHeaderField(java.net.URLConnection,java.lang.String)>	sig:data = virtualinvoke conn.<java.net.URLConnection: java.lang.String getHeaderField(java.lang.String)>(field)	timediff:0
I/System.out(16322): URLConn;%;5;%;<com.applovin.impl.sdk.aX: boolean a(java.io.File,java.lang.String)>;%;$r16 = virtualinvoke $r11.<java.net.HttpURLConnection: java.io.InputStream getInputStream()>();%;http://pdn.applovin.com/closeOptOut.png;%;false;%;720;%;public, max-age=604800;%;Wed, 25 Apr 2018 06:15:42 GMT;%;Not found;%;Not found
I/System.out(16322): body:<com.applovin.impl.sdk.aX: boolean a(java.io.File,java.lang.String)>	sig:virtualinvoke $r11.<java.net.HttpURLConnection: void disconnect()>()	timediff:0
I/System.out(16322): body:<com.applovin.impl.sdk.aX: boolean a(java.io.File,java.lang.String)>	sig:specialinvoke $r9.<java.net.URL: void <init>(java.lang.String)>($r2)	timediff:0
I/System.out(16322): <com.applovin.impl.sdk.aX: boolean a(java.io.File,java.lang.String)>###specialinvoke $r9.<java.net.URL: void <init>(java.lang.String)>($r2)###http://img.applovin.com/jquery-1.9.1.min.js
I/System.out(16322): body:<com.applovin.impl.sdk.aX: boolean a(java.io.File,java.lang.String)>	sig:$r10 = virtualinvoke $r9.<java.net.URL: java.net.URLConnection openConnection()>()	timediff:0
I/System.out(16322): body:<com.applovin.impl.sdk.aX: boolean a(java.io.File,java.lang.String)>	sig:virtualinvoke $r11.<java.net.HttpURLConnection: void setConnectTimeout(int)>($i0)	timediff:0
I/System.out(16322): body:<com.applovin.impl.sdk.aX: boolean a(java.io.File,java.lang.String)>	sig:virtualinvoke $r11.<java.net.HttpURLConnection: void setReadTimeout(int)>($i0)	timediff:0
I/System.out(16322): body:<com.applovin.impl.sdk.aX: boolean a(java.io.File,java.lang.String)>	sig:virtualinvoke $r11.<java.net.HttpURLConnection: void setDefaultUseCaches(boolean)>(1)	timediff:0
I/System.out(16322): body:<com.applovin.impl.sdk.aX: boolean a(java.io.File,java.lang.String)>	sig:virtualinvoke $r11.<java.net.HttpURLConnection: void setUseCaches(boolean)>(1)	timediff:0
I/System.out(16322): body:<com.applovin.impl.sdk.aX: boolean a(java.io.File,java.lang.String)>	sig:virtualinvoke $r11.<java.net.HttpURLConnection: void setAllowUserInteraction(boolean)>(0)	timediff:0
I/System.out(16322): body:<com.applovin.impl.sdk.aX: boolean a(java.io.File,java.lang.String)>	sig:virtualinvoke $r11.<java.net.HttpURLConnection: void setInstanceFollowRedirects(boolean)>(1)	timediff:0
D/dalvikvm( 1194): GC_CONCURRENT freed 1059K, 18% free 5999K/7256K, paused 2ms+2ms, total 8ms
I/System.out(16322): body:<com.applovin.impl.sdk.aX: boolean a(java.io.File,java.lang.String)>	sig:$r16 = virtualinvoke $r11.<java.net.HttpURLConnection: java.io.InputStream getInputStream()>()	timediff:35
I/System.out(16322): body:<empirical.HelperClass: void printURLInfo(java.lang.String,java.lang.String,java.net.URLConnection)>	sig:$r0 = virtualinvoke urlConnection.<java.net.URLConnection: java.net.URL getURL()>()	timediff:0
I/System.out(16322): body:<empirical.HelperClass: void printURLInfo(java.lang.String,java.lang.String,java.net.URLConnection)>	sig:urlString = virtualinvoke $r0.<java.net.URL: java.lang.String toString()>()	timediff:0
I/System.out(16322): body:<empirical.HelperClass: void printURLInfo(java.lang.String,java.lang.String,java.net.URLConnection)>	sig:isDoOutput = virtualinvoke urlConnection.<java.net.URLConnection: boolean getDoOutput()>()	timediff:0
I/System.out(16322): body:<empirical.HelperClass: java.lang.String getHeaderField(java.net.URLConnection,java.lang.String)>	sig:data = virtualinvoke conn.<java.net.URLConnection: java.lang.String getHeaderField(java.lang.String)>(field)	timediff:0
I/System.out(16322): body:<empirical.HelperClass: java.lang.String getHeaderField(java.net.URLConnection,java.lang.String)>	sig:data = virtualinvoke conn.<java.net.URLConnection: java.lang.String getHeaderField(java.lang.String)>(field)	timediff:0
I/System.out(16322): body:<empirical.HelperClass: java.lang.String getHeaderField(java.net.URLConnection,java.lang.String)>	sig:data = virtualinvoke conn.<java.net.URLConnection: java.lang.String getHeaderField(java.lang.String)>(field)	timediff:0
I/System.out(16322): body:<empirical.HelperClass: java.lang.String getHeaderField(java.net.URLConnection,java.lang.String)>	sig:data = virtualinvoke conn.<java.net.URLConnection: java.lang.String getHeaderField(java.lang.String)>(field)	timediff:0
I/System.out(16322): body:<empirical.HelperClass: java.lang.String getHeaderField(java.net.URLConnection,java.lang.String)>	sig:data = virtualinvoke conn.<java.net.URLConnection: java.lang.String getHeaderField(java.lang.String)>(field)	timediff:0
I/System.out(16322): URLConn;%;6;%;<com.applovin.impl.sdk.aX: boolean a(java.io.File,java.lang.String)>;%;$r16 = virtualinvoke $r11.<java.net.HttpURLConnection: java.io.InputStream getInputStream()>();%;http://img.applovin.com/jquery-1.9.1.min.js;%;false;%;Not found;%;public, max-age=604800;%;Wed, 25 Apr 2018 06:15:42 GMT;%;Not found;%;Not found
I/System.out(16322): body:<com.applovin.impl.sdk.aX: boolean a(java.io.File,java.lang.String)>	sig:virtualinvoke $r11.<java.net.HttpURLConnection: void disconnect()>()	timediff:0
I/System.out(16322): body:<com.applovin.impl.sdk.aX: boolean a(java.io.File,java.lang.String)>	sig:specialinvoke $r9.<java.net.URL: void <init>(java.lang.String)>($r2)	timediff:1
I/System.out(16322): <com.applovin.impl.sdk.aX: boolean a(java.io.File,java.lang.String)>###specialinvoke $r9.<java.net.URL: void <init>(java.lang.String)>($r2)###http://img.applovin.com/jquery.knob.js
