--------- beginning of /dev/log/main
I/Icing   (  716): Indexing F4FAA6262FE39DDD50BAE6B7AF5CDB8D73BA0DB0 from com.google.android.gms
I/Icing   (  716): Indexing done F4FAA6262FE39DDD50BAE6B7AF5CDB8D73BA0DB0
D/dalvikvm(  653): GC_FOR_ALLOC freed 1754K, 2% free 402338K/408664K, paused 42ms, total 43ms
D/dalvikvm(  653): GC_FOR_ALLOC freed 398K, 2% free 404325K/410536K, paused 40ms, total 40ms
D/dalvikvm(  653): GC_FOR_ALLOC freed 106K, 2% free 406384K/412408K, paused 44ms, total 45ms
D/dalvikvm(  653): GC_FOR_ALLOC freed 489K, 2% free 408172K/414280K, paused 52ms, total 52ms
D/AndroidRuntime(23663): 
D/AndroidRuntime(23663): >>>>>> AndroidRuntime START com.android.internal.os.RuntimeInit <<<<<<
D/AndroidRuntime(23663): CheckJNI is OFF
D/dalvikvm(23663): Using executionMode 2
D/dalvikvm(23663): Trying to load lib libjavacore.so 0x0
D/dalvikvm(23663): Added shared lib libjavacore.so 0x0
D/dalvikvm(23663): Trying to load lib libnativehelper.so 0x0
D/dalvikvm(23663): Added shared lib libnativehelper.so 0x0
D/dalvikvm(23663): No JNI_OnLoad found in libnativehelper.so 0x0, skipping init
D/dalvikvm(23663): Note: class Landroid/app/ActivityManagerNative; has 179 unimplemented (abstract) methods
E/memtrack(23663): Couldn't load memtrack module (No such file or directory)
E/android.os.Debug(23663): failed to load memtrack module: -2
D/AndroidRuntime(23663): Calling main entry com.android.commands.monkey.Monkey
--------- beginning of /dev/log/system
W/BroadcastQueue(  478): Skipping deliver [background] BroadcastRecord{4b2ce7e4 u-1 android.net.conn.CONNECTIVITY_CHANGE} to ReceiverList{4b083524 23663 (unknown name)/0/u-1 remote:4abb0b20}: process crashing
D/yeshen  (  653): launcher onpause
I/ActivityManager(  478): START u0 {act=android.intent.action.MAIN cat=[android.intent.category.LAUNCHER] flg=0x10200000 cmp=com.camerasideas.instashot/.DummyActivity} from pid 23663
I/ActivityManager(  478): Start proc com.camerasideas.instashot for activity com.camerasideas.instashot/.DummyActivity: pid=23673 uid=10066 gids={50066, 1028, 1015, 1023, 3003}
W/PropertyValuesHolder(  653): Method setBrightness() with type int not found on target class class ph
W/PropertyValuesHolder(  653): Method getBrightness() with type int not found on target class class ph
E/SurfaceFlinger(  166): glCheckFramebufferStatusOES error 36054
E/SurfaceFlinger(  166): got GL_FRAMEBUFFER_COMPLETE_OES error while taking screenshot
D/SurfaceFlinger(  166): setOrientation, mFbdev=0xb94ea050, mFbDev->setOrientation=0xb69bbce0, orientation=3
I/gralloc_nox(  166): setOrientation: orientation=3
I/InputReader(  478): Reconfiguring input devices.  changes=0x00000004
I/InputReader(  478): Device reconfigured: id=1, name='seamless mouse', size 1280x720, orientation 3, mode 1, display id 0
I/InputReader(  478): Device reconfigured: id=3, name='Android Input', size 1280x720, orientation 3, mode 1, display id 0
I/InputReader(  478): Device reconfigured: id=8, name='VirtualBox USB Tablet', size 1280x720, orientation 3, mode 1, display id 0
I/ActivityManager(  478): Config changes=480 {1.0 310mcc16mnc en_US ldltr sw480dp w480dp h828dp 240dpi lrg long port finger qwerty/v/v dpad/v s.75}
D/PhoneStatusBar(  537): mSettingsPanelGravity = 55
D/Sensors (  478): Client connection accepted (187)
I/ActivityManager(  478): START u0 {act=android.intent.action.MAIN cat=[android.intent.category.LAUNCHER] flg=0x10200000 cmp=com.facebook.lite/.MainActivity bnds=[538,301][742,428] (has extras)} from pid 653
W/NetworkManagementSocketTagger(  478): setKernelCountSet(10066, 1) failed with errno -13
W/PropertyValuesHolder(  653): Method setBrightness() with type int not found on target class class ph
W/PropertyValuesHolder(  653): Method getBrightness() with type int not found on target class class ph
W/ContextImpl(  653): Calling a method in the system process without a qualified user: android.app.ContextImpl.sendBroadcast:1137 android.content.ContextWrapper.sendBroadcast:370 com.vphone.launcher.Stats.recordLaunch:129 com.vphone.launcher.Launcher.c:3192 com.vphone.launcher.Launcher.onClickAppShortcut:3144 
I/dalvikvm(23673): ignoring registerObject request in thread=1
I/dalvikvm(23673): ignoring registerObject request in thread=1
D/dalvikvm(  537): GC_FOR_ALLOC freed 6456K, 24% free 14151K/18568K, paused 7ms, total 7ms
I/MultiDex(23673): VM with version 1.6.0 does not have multidex support
I/MultiDex(23673): install
I/MultiDex(23673): MultiDexExtractor.load(/data/app/com.camerasideas.instashot-1.apk, false)
I/MultiDex(23673): Detected that extraction must be performed.
I/dalvikvm-heap(  537): Grow heap (frag case) to 20.128MB for 6553612-byte allocation
D/dalvikvm(  537): GC_CONCURRENT freed 3K, 18% free 20547K/24972K, paused 1ms+1ms, total 5ms
D/dalvikvm(23673): JIT code cache reset in 0 ms (0 bytes 1/0)
D/dalvikvm(23673): GC_CONCURRENT freed 145K, 7% free 3028K/3236K, paused 2ms+1ms, total 5ms
D/dalvikvm(23673): GC_CONCURRENT freed 110K, 6% free 3303K/3484K, paused 2ms+0ms, total 4ms
I/MultiDex(23673): load found 0 secondary dex files
I/MultiDex(23673): install done
D/Tinker.DefaultAppLike(  653): onConfigurationChanged:{1.0 310mcc16mnc en_US ldltr sw480dp w480dp h828dp 240dpi lrg long port finger qwerty/v/v dpad/v s.75}
I/ActivityManager(  478): Activity reported stop, but no longer stopping: ActivityRecord{4a90541c u0 com.vphone.launcher/.Launcher t1}
D/yeshen  (  653): launcher onstop
D/dalvikvm(23673): GC_CONCURRENT freed 157K, 7% free 3531K/3760K, paused 1ms+1ms, total 3ms
W/DebugConnManager(  653): getNetworkInfo() on networkType 1
W/Launcher(  653): setApplicationContext called twice! old=com.vphone.launcher.LauncherApplicationEx@4a7945ec new=com.vphone.launcher.LauncherApplicationEx@4a7945ec
D/dalvikvm(23673): GC_CONCURRENT freed 739K, 21% free 3178K/3984K, paused 1ms+1ms, total 3ms
W/ResourceType(  653): Attempt to retrieve bag 0x7f0b0001 which is invalid or in a cycle.
D/dalvikvm(23673): GC_CONCURRENT freed 117K, 14% free 3460K/3984K, paused 2ms+0ms, total 4ms
D/dalvikvm(23673): GC_FOR_ALLOC freed 133K, 13% free 3518K/4024K, paused 4ms, total 4ms
I/CrashlyticsCore(23673): Initializing Crashlytics 2.3.5.79
I/dalvikvm(23673): Could not find method android.app.Notification$Builder.setLocalOnly, referenced from method com.google.android.gms.common.GooglePlayServicesUtil.zza
E/com.mobvista.msdk(23673): 无法初始化MMSDK
E/com.mobvista.msdk(23673): java.lang.NoSuchMethodException: <init> [class android.content.Context, class android.webkit.WebView]
E/com.mobvista.msdk(23673): 	at java.lang.Class.getConstructorOrMethod(Class.java:472)
E/com.mobvista.msdk(23673): 	at java.lang.Class.getDeclaredConstructor(Class.java:562)
E/com.mobvista.msdk(23673): 	at com.mobvista.msdk.base.utils.b.n(SourceFile:476)
E/com.mobvista.msdk(23673): 	at com.mobvista.msdk.base.c.b.a(SourceFile:99)
E/com.mobvista.msdk(23673): 	at com.mobvista.msdk.config.system.a.a(SourceFile:52)
E/com.mobvista.msdk(23673): 	at com.mobvista.msdk.config.system.a.init(SourceFile:140)
E/com.mobvista.msdk(23673): 	at com.camerasideas.instashot.InstashotApplication.onCreate(SourceFile:2030)
E/com.mobvista.msdk(23673): 	at android.app.Instrumentation.callApplicationOnCreate(Instrumentation.java:1024)
E/com.mobvista.msdk(23673): 	at android.app.ActivityThread.handleBindApplication(ActivityThread.java:4346)
E/com.mobvista.msdk(23673): 	at android.app.ActivityThread.access$1500(ActivityThread.java:135)
E/com.mobvista.msdk(23673): 	at android.app.ActivityThread$H.handleMessage(ActivityThread.java:1256)
E/com.mobvista.msdk(23673): 	at android.os.Handler.dispatchMessage(Handler.java:102)
E/com.mobvista.msdk(23673): 	at android.os.Looper.loop(Looper.java:136)
E/com.mobvista.msdk(23673): 	at android.app.ActivityThread.main(ActivityThread.java:5019)
E/com.mobvista.msdk(23673): 	at java.lang.reflect.Method.invokeNative(Native Method)
E/com.mobvista.msdk(23673): 	at java.lang.reflect.Method.invoke(Method.java:515)
E/com.mobvista.msdk(23673): 	at com.android.internal.os.ZygoteInit$MethodAndArgsCaller.run(ZygoteInit.java:779)
E/com.mobvista.msdk(23673): 	at com.android.internal.os.ZygoteInit.main(ZygoteInit.java:595)
E/com.mobvista.msdk(23673): 	at dalvik.system.NativeStart.main(Native Method)
W/System.err(23673): java.lang.NoSuchMethodException: <init> [class android.content.Context, class android.webkit.WebView]
W/System.err(23673): 	at java.lang.Class.getConstructorOrMethod(Class.java:472)
W/System.err(23673): 	at java.lang.Class.getDeclaredConstructor(Class.java:562)
W/System.err(23673): 	at com.mobvista.msdk.base.utils.b.n(SourceFile:476)
W/System.err(23673): 	at com.mobvista.msdk.base.c.b.a(SourceFile:99)
W/System.err(23673): 	at com.mobvista.msdk.config.system.a.a(SourceFile:52)
W/System.err(23673): 	at com.mobvista.msdk.config.system.a.init(SourceFile:140)
W/System.err(23673): 	at com.camerasideas.instashot.InstashotApplication.onCreate(SourceFile:2030)
W/System.err(23673): 	at android.app.Instrumentation.callApplicationOnCreate(Instrumentation.java:1024)
W/System.err(23673): 	at android.app.ActivityThread.handleBindApplication(ActivityThread.java:4346)
W/System.err(23673): 	at android.app.ActivityThread.access$1500(ActivityThread.java:135)
W/System.err(23673): 	at android.app.ActivityThread$H.handleMessage(ActivityThread.java:1256)
W/System.err(23673): 	at android.os.Handler.dispatchMessage(Handler.java:102)
W/System.err(23673): 	at android.os.Looper.loop(Looper.java:136)
W/System.err(23673): 	at android.app.ActivityThread.main(ActivityThread.java:5019)
W/System.err(23673): 	at java.lang.reflect.Method.invokeNative(Native Method)
W/System.err(23673): 	at java.lang.reflect.Method.invoke(Method.java:515)
W/System.err(23673): 	at com.android.internal.os.ZygoteInit$MethodAndArgsCaller.run(ZygoteInit.java:779)
W/System.err(23673): 	at com.android.internal.os.ZygoteInit.main(ZygoteInit.java:595)
W/System.err(23673): 	at dalvik.system.NativeStart.main(Native Method)
D/Launcher(  653): 11683562 - bindAddScreens()
D/Launcher(  653): 11683562 -   orderedScreenIds: 1
D/Launcher.Workspace(  653): 11683562 - insertNewWorkspaceScreen(): 1 at index: 0
W/dalvikvm(23673): VFY: unable to resolve virtual method 950: Landroid/app/Notification$Builder;.setLocalOnly (Z)Landroid/app/Notification$Builder;
D/dalvikvm(23673): VFY: replacing opcode 0x6e at 0x00fb
I/dalvikvm(23673): Could not find method android.content.pm.PackageManager.getPackageInstaller, referenced from method com.google.android.gms.common.m.zzl
W/dalvikvm(23673): VFY: unable to resolve virtual method 1278: Landroid/content/pm/PackageManager;.getPackageInstaller ()Landroid/content/pm/PackageInstaller;
D/dalvikvm(23673): VFY: replacing opcode 0x6e at 0x0010
E/        (23673): Log instance=null
E/        (23673): Log instance=com.camerasideas.c.bi@4a7b830c
E/UA-48460438-1(23673): Screen:DummyActivity
I/com.camerasideas.instashot.DummyActivity(23673): DummyActivity
I/GAv4    (23673): Google Analytics 9.4.52 is starting up. To enable debug logging on a device run:
I/GAv4    (23673):   adb shell setprop log.tag.GAv4 DEBUG
I/GAv4    (23673):   adb logcat -s GAv4
D/dalvikvm(23673): GC_CONCURRENT freed 289K, 10% free 3627K/4024K, paused 2ms+0ms, total 6ms
W/System.err(23673): java.lang.IllegalArgumentException: Unknown package: com.facebook.katana
W/System.err(23673): 	at android.os.Parcel.readException(Parcel.java:1469)
W/System.err(23673): 	at android.os.Parcel.readException(Parcel.java:1419)
W/System.err(23673): 	at android.content.pm.IPackageManager$Stub$Proxy.getApplicationEnabledSetting(IPackageManager.java:3013)
W/System.err(23673): 	at android.app.ApplicationPackageManager.getApplicationEnabledSetting(ApplicationPackageManager.java:1327)
W/System.err(23673): 	at com.camerasideas.c.bz.b(SourceFile:495)
W/System.err(23673): 	at com.camerasideas.instashot.DummyActivity.onCreate(SourceFile:4470)
W/System.err(23673): 	at android.app.Activity.performCreate(Activity.java:5231)
W/System.err(23673): 	at android.app.Instrumentation.callActivityOnCreate(Instrumentation.java:1104)
W/System.err(23673): 	at android.app.ActivityThread.performLaunchActivity(ActivityThread.java:2157)
W/System.err(23673): 	at android.app.ActivityThread.handleLaunchActivity(ActivityThread.java:2243)
W/System.err(23673): 	at android.app.ActivityThread.access$800(ActivityThread.java:135)
W/System.err(23673): 	at android.app.ActivityThread$H.handleMessage(ActivityThread.java:1196)
W/System.err(23673): 	at android.os.Handler.dispatchMessage(Handler.java:102)
W/System.err(23673): 	at android.os.Looper.loop(Looper.java:136)
W/System.err(23673): 	at android.app.ActivityThread.main(ActivityThread.java:5019)
W/System.err(23673): 	at java.lang.reflect.Method.invokeNative(Native Method)
W/System.err(23673): 	at java.lang.reflect.Method.invoke(Method.java:515)
W/System.err(23673): 	at com.android.internal.os.ZygoteInit$MethodAndArgsCaller.run(ZygoteInit.java:779)
W/System.err(23673): 	at com.android.internal.os.ZygoteInit.main(ZygoteInit.java:595)
W/System.err(23673): 	at dalvik.system.NativeStart.main(Native Method)
W/EGL_emulation(  537): eglSurfaceAttrib not implemented 3093 12436
W/GAv4    (23673): AnalyticsReceiver is not registered or is disabled. Register the receiver for reliable dispatching on non-Google Play devices. See http://goo.gl/8Rd3yj for instructions.
W/GAv4    (23673): AnalyticsService not registered in the app manifest. Hits might not be delivered reliably. See http://goo.gl/8Rd3yj for instructions.
D/dalvikvm(23673): GC_CONCURRENT freed 964K, 27% free 3072K/4176K, paused 2ms+1ms, total 6ms
D/dalvikvm(  653): GC_FOR_ALLOC freed 2149K, 2% free 411929K/416232K, paused 80ms, total 81ms
W/dalvikvm(23673): VFY: unable to find class referenced in signature (Lokhttp3/Request;)
W/dalvikvm(23673): VFY: unable to find class referenced in signature (Lokhttp3/Response;)
I/dalvikvm(23673): Could not find method okhttp3.Response.headers, referenced from method empirical.HelperClass.printOkHttpInfo
W/dalvikvm(23673): VFY: unable to resolve virtual method 55015: Lokhttp3/Response;.headers ()Lokhttp3/Headers;
D/dalvikvm(23673): VFY: replacing opcode 0x6e at 0x0006
W/dalvikvm(23673): VFY: unable to find class referenced in signature (Lokhttp3/Call;)
W/dalvikvm(23673): VFY: unable to find class referenced in signature (Lokhttp3/Response;)
I/dalvikvm(23673): Could not find method okhttp3.Call.request, referenced from method empirical.HelperClass.printOkHttpInfoFromCall
W/dalvikvm(23673): VFY: unable to resolve interface method 55009: Lokhttp3/Call;.request ()Lokhttp3/Request;
D/dalvikvm(23673): VFY: replacing opcode 0x72 at 0x0006
I/System.out(23673): body:<com.camerasideas.c.f: void run()>	sig:specialinvoke r24.<java.net.URL: void <init>(java.lang.String)>($r2)	timediff:1
I/System.out(23673): <com.camerasideas.c.f: void run()>###specialinvoke r24.<java.net.URL: void <init>(java.lang.String)>($r2)###http://www.myinstashot.com/setting.html
W/ContextImpl(  653): Calling a method in the system process without a qualified user: android.app.ContextImpl.startService:1492 android.content.ContextWrapper.startService:494 com.vphone.launcher.Launcher.i:690 com.vphone.launcher.Launcher.b:182 com.vphone.launcher.Launcher$11.run:650 
E/checkUpdate(23673): start.....
I/ActivityManager(  478): START u0 {cmp=com.camerasideas.instashot/.MainActivity} from pid 23673
I/WindowManager(  478): Screen frozen for +263ms due to AppWindowToken{4a925a38 token=Token{4a924cec ActivityRecord{4a90541c u0 com.vphone.launcher/.Launcher t1}}}
I/System.out(23673): body:<com.cc.promote.utils.b: java.lang.String a()>	sig:specialinvoke r33.<java.net.URL: void <init>(java.lang.String)>($r5)	timediff:0
I/System.out(23673): <com.cc.promote.utils.b: java.lang.String a()>###specialinvoke r33.<java.net.URL: void <init>(java.lang.String)>($r5)###http://ad.myinstashot.com/inshot
D/yeshen  (  653): launcher onpause
I/dalvikvm(23673): Could not find method android.view.Window.setStatusBarColor, referenced from method com.camerasideas.instashot.BaseActivity.onCreate
W/dalvikvm(23673): VFY: unable to resolve virtual method 17959: Landroid/view/Window;.setStatusBarColor (I)V
D/dalvikvm(23673): VFY: replacing opcode 0x6e at 0x0051
I/dalvikvm(23673): Could not find method android.view.Window.setStatusBarColor, referenced from method com.camerasideas.instashot.BaseActivity.onCreate
W/dalvikvm(23673): VFY: unable to resolve virtual method 17959: Landroid/view/Window;.setStatusBarColor (I)V
D/dalvikvm(23673): VFY: replacing opcode 0x6e at 0x0078
I/dalvikvm(23673): Could not find method android.view.Window.setStatusBarColor, referenced from method com.camerasideas.instashot.BaseActivity.onCreate
W/dalvikvm(23673): VFY: unable to resolve virtual method 17959: Landroid/view/Window;.setStatusBarColor (I)V
D/dalvikvm(23673): VFY: replacing opcode 0x6e at 0x007f
D/dalvikvm(23673): GC_CONCURRENT freed 262K, 22% free 3298K/4176K, paused 1ms+7ms, total 13ms
W/dalvikvm(23673): VFY: unable to find class referenced in signature (Landroid/view/SearchEvent;)
I/dalvikvm(23673): Could not find method android.view.Window$Callback.onSearchRequested, referenced from method android.support.v7.view.j.onSearchRequested
W/dalvikvm(23673): VFY: unable to resolve interface method 17937: Landroid/view/Window$Callback;.onSearchRequested (Landroid/view/SearchEvent;)Z
D/dalvikvm(23673): VFY: replacing opcode 0x72 at 0x0002
I/dalvikvm(23673): Could not find method android.view.Window$Callback.onWindowStartingActionMode, referenced from method android.support.v7.view.j.onWindowStartingActionMode
W/dalvikvm(23673): VFY: unable to resolve interface method 17941: Landroid/view/Window$Callback;.onWindowStartingActionMode (Landroid/view/ActionMode$Callback;I)Landroid/view/ActionMode;
D/dalvikvm(23673): VFY: replacing opcode 0x72 at 0x0002
I/System.out(23673): body:<com.cc.promote.utils.b: java.lang.String a()>	sig:$r6 = virtualinvoke $r1.<java.net.URL: java.net.URLConnection openConnection()>()	timediff:22
I/System.out(23673): body:<com.cc.promote.utils.b: java.lang.String a()>	sig:virtualinvoke $r7.<java.net.HttpURLConnection: void setDoOutput(boolean)>(1)	timediff:0
I/System.out(23673): body:<com.cc.promote.utils.b: java.lang.String a()>	sig:virtualinvoke $r7.<java.net.HttpURLConnection: void setDoInput(boolean)>(1)	timediff:0
I/System.out(23673): body:<com.cc.promote.utils.b: java.lang.String a()>	sig:virtualinvoke $r7.<java.net.HttpURLConnection: void setConnectTimeout(int)>(10000)	timediff:0
I/System.out(23673): body:<com.cc.promote.utils.b: java.lang.String a()>	sig:virtualinvoke $r7.<java.net.HttpURLConnection: void setReadTimeout(int)>(10000)	timediff:0
I/System.out(23673): body:<com.cc.promote.utils.b: java.lang.String a()>	sig:virtualinvoke $r7.<java.net.HttpURLConnection: void setRequestMethod(java.lang.String)>("POST")	timediff:0
I/System.out(23673): body:<com.cc.promote.utils.b: java.lang.String a()>	sig:virtualinvoke $r7.<java.net.HttpURLConnection: void setRequestProperty(java.lang.String,java.lang.String)>("Content-Type", "application/x-www-form-urlencoded")	timediff:0
I/System.out(23673): body:<com.cc.promote.utils.b: java.lang.String a()>	sig:virtualinvoke $r7.<java.net.HttpURLConnection: void setRequestProperty(java.lang.String,java.lang.String)>("Charset", "utf-8")	timediff:0
I/System.out(23673): body:<com.camerasideas.c.f: void run()>	sig:$r6 = virtualinvoke $r1.<java.net.URL: java.net.URLConnection openConnection()>()	timediff:45
I/System.out(23673): body:<com.camerasideas.c.f: void run()>	sig:virtualinvoke $r7.<java.net.HttpURLConnection: void setDoInput(boolean)>(1)	timediff:0
I/System.out(23673): body:<com.camerasideas.c.f: void run()>	sig:virtualinvoke $r7.<java.net.HttpURLConnection: void setConnectTimeout(int)>(10000)	timediff:0
I/System.out(23673): body:<com.camerasideas.c.f: void run()>	sig:virtualinvoke $r7.<java.net.HttpURLConnection: void setReadTimeout(int)>(10000)	timediff:0
I/System.out(23673): body:<com.camerasideas.c.f: void run()>	sig:virtualinvoke $r7.<java.net.HttpURLConnection: void setRequestMethod(java.lang.String)>("GET")	timediff:0
I/System.out(23673): body:<com.camerasideas.c.f: void run()>	sig:virtualinvoke $r7.<java.net.HttpURLConnection: void setDoInput(boolean)>(1)	timediff:0
I/dalvikvm(23673): Could not find method android.content.Context.getDrawable, referenced from method com.camerasideas.instashot.widget.RippleImageView.a
W/dalvikvm(23673): VFY: unable to resolve virtual method 1103: Landroid/content/Context;.getDrawable (I)Landroid/graphics/drawable/Drawable;
D/dalvikvm(23673): VFY: replacing opcode 0x6e at 0x0015
I/dalvikvm(23673): Could not find method android.widget.ImageView.drawableHotspotChanged, referenced from method com.camerasideas.instashot.widget.RippleImageView.drawableHotspotChanged
W/dalvikvm(23673): VFY: unable to resolve virtual method 18670: Landroid/widget/ImageView;.drawableHotspotChanged (FF)V
D/dalvikvm(23673): VFY: replacing opcode 0x6f at 0x0006
D/dalvikvm(23673): GC_CONCURRENT freed 295K, 19% free 3387K/4176K, paused 1ms+1ms, total 6ms
I/System.out(23673): body:<com.camerasideas.c.f: void run()>	sig:virtualinvoke $r7.<java.net.HttpURLConnection: void connect()>()	timediff:50
D/dalvikvm(  653): GC_FOR_ALLOC freed 3130K, 2% free 413220K/419984K, paused 74ms, total 74ms
D/yeshen  (  653): launcher onstop
I/System.out(23673): body:<com.cc.promote.utils.b: java.lang.String a()>	sig:$r14 = virtualinvoke $r7.<java.net.HttpURLConnection: java.io.OutputStream getOutputStream()>()	timediff:75
D/dalvikvm(23673): GC_CONCURRENT freed 169K, 14% free 3604K/4176K, paused 1ms+0ms, total 3ms
D/FirebaseApp(  653): Notifying background state change listeners.
D/Tinker.DefaultAppLike(  653): onTrimMemory level:20
D/dalvikvm(23673): GC_FOR_ALLOC freed 15K, 14% free 3606K/4176K, paused 6ms, total 6ms
I/dalvikvm-heap(23673): Grow heap (frag case) to 5.727MB for 2254264-byte allocation
D/dalvikvm(23673): GC_FOR_ALLOC freed <1K, 9% free 5807K/6380K, paused 4ms, total 4ms
I/System.out(23673): body:<com.camerasideas.c.f: void run()>	sig:$i0 = virtualinvoke $r7.<java.net.HttpURLConnection: int getResponseCode()>()	timediff:76
I/System.out(23673): body:<com.camerasideas.c.f: void run()>	sig:$r8 = virtualinvoke $r7.<java.net.HttpURLConnection: java.io.InputStream getInputStream()>()	timediff:0
I/System.out(23673): body:<empirical.HelperClass: void printURLInfo(java.lang.String,java.lang.String,java.net.URLConnection)>	sig:$r0 = virtualinvoke urlConnection.<java.net.URLConnection: java.net.URL getURL()>()	timediff:0
I/System.out(23673): body:<empirical.HelperClass: void printURLInfo(java.lang.String,java.lang.String,java.net.URLConnection)>	sig:urlString = virtualinvoke $r0.<java.net.URL: java.lang.String toString()>()	timediff:0
I/System.out(23673): body:<empirical.HelperClass: void printURLInfo(java.lang.String,java.lang.String,java.net.URLConnection)>	sig:isDoOutput = virtualinvoke urlConnection.<java.net.URLConnection: boolean getDoOutput()>()	timediff:0
I/System.out(23673): body:<empirical.HelperClass: java.lang.String getHeaderField(java.net.URLConnection,java.lang.String)>	sig:data = virtualinvoke conn.<java.net.URLConnection: java.lang.String getHeaderField(java.lang.String)>(field)	timediff:0
I/System.out(23673): body:<empirical.HelperClass: java.lang.String getHeaderField(java.net.URLConnection,java.lang.String)>	sig:data = virtualinvoke conn.<java.net.URLConnection: java.lang.String getHeaderField(java.lang.String)>(field)	timediff:0
I/System.out(23673): body:<empirical.HelperClass: java.lang.String getHeaderField(java.net.URLConnection,java.lang.String)>	sig:data = virtualinvoke conn.<java.net.URLConnection: java.lang.String getHeaderField(java.lang.String)>(field)	timediff:0
I/System.out(23673): body:<empirical.HelperClass: java.lang.String getHeaderField(java.net.URLConnection,java.lang.String)>	sig:data = virtualinvoke conn.<java.net.URLConnection: java.lang.String getHeaderField(java.lang.String)>(field)	timediff:0
I/System.out(23673): body:<empirical.HelperClass: java.lang.String getHeaderField(java.net.URLConnection,java.lang.String)>	sig:data = virtualinvoke conn.<java.net.URLConnection: java.lang.String getHeaderField(java.lang.String)>(field)	timediff:0
I/System.out(23673): URLConn;%;0;%;<com.camerasideas.c.f: void run()>;%;$r8 = virtualinvoke $r7.<java.net.HttpURLConnection: java.io.InputStream getInputStream()>();%;http://www.myinstashot.com/setting.html;%;false;%;5765;%;Not found;%;Not found;%;Not found;%;Not found
I/System.out(23673): body:<com.camerasideas.c.f: void run()>	sig:$r11 = virtualinvoke $r7.<java.net.HttpURLConnection: java.io.InputStream getInputStream()>()	timediff:0
I/System.out(23673): body:<empirical.HelperClass: void printURLInfo(java.lang.String,java.lang.String,java.net.URLConnection)>	sig:$r0 = virtualinvoke urlConnection.<java.net.URLConnection: java.net.URL getURL()>()	timediff:0
I/System.out(23673): body:<empirical.HelperClass: void printURLInfo(java.lang.String,java.lang.String,java.net.URLConnection)>	sig:urlString = virtualinvoke $r0.<java.net.URL: java.lang.String toString()>()	timediff:0
I/System.out(23673): body:<empirical.HelperClass: void printURLInfo(java.lang.String,java.lang.String,java.net.URLConnection)>	sig:isDoOutput = virtualinvoke urlConnection.<java.net.URLConnection: boolean getDoOutput()>()	timediff:0
I/System.out(23673): body:<empirical.HelperClass: java.lang.String getHeaderField(java.net.URLConnection,java.lang.String)>	sig:data = virtualinvoke conn.<java.net.URLConnection: java.lang.String getHeaderField(java.lang.String)>(field)	timediff:0
I/System.out(23673): body:<empirical.HelperClass: java.lang.String getHeaderField(java.net.URLConnection,java.lang.String)>	sig:data = virtualinvoke conn.<java.net.URLConnection: java.lang.String getHeaderField(java.lang.String)>(field)	timediff:0
I/System.out(23673): body:<empirical.HelperClass: java.lang.String getHeaderField(java.net.URLConnection,java.lang.String)>	sig:data = virtualinvoke conn.<java.net.URLConnection: java.lang.String getHeaderField(java.lang.String)>(field)	timediff:0
I/System.out(23673): body:<empirical.HelperClass: java.lang.String getHeaderField(java.net.URLConnection,java.lang.String)>	sig:data = virtualinvoke conn.<java.net.URLConnection: java.lang.String getHeaderField(java.lang.String)>(field)	timediff:0
I/System.out(23673): body:<empirical.HelperClass: java.lang.String getHeaderField(java.net.URLConnection,java.lang.String)>	sig:data = virtualinvoke conn.<java.net.URLConnection: java.lang.String getHeaderField(java.lang.String)>(field)	timediff:0
I/System.out(23673): URLConn;%;1;%;<com.camerasideas.c.f: void run()>;%;$r11 = virtualinvoke $r7.<java.net.HttpURLConnection: java.io.InputStream getInputStream()>();%;http://www.myinstashot.com/setting.html;%;false;%;5765;%;Not found;%;Not found;%;Not found;%;Not found
D/dalvikvm(23673): GC_CONCURRENT freed 31K, 9% free 5841K/6380K, paused 1ms+8ms, total 11ms
I/System.out(23673): body:<com.cc.promote.utils.b: java.lang.String a()>	sig:$i0 = virtualinvoke $r7.<java.net.HttpURLConnection: int getResponseCode()>()	timediff:75
I/System.out(23673): body:<com.cc.promote.utils.b: java.lang.String a()>	sig:$r18 = virtualinvoke $r7.<java.net.HttpURLConnection: java.io.InputStream getInputStream()>()	timediff:0
I/System.out(23673): body:<empirical.HelperClass: void printURLInfo(java.lang.String,java.lang.String,java.net.URLConnection)>	sig:$r0 = virtualinvoke urlConnection.<java.net.URLConnection: java.net.URL getURL()>()	timediff:0
I/System.out(23673): body:<empirical.HelperClass: void printURLInfo(java.lang.String,java.lang.String,java.net.URLConnection)>	sig:urlString = virtualinvoke $r0.<java.net.URL: java.lang.String toString()>()	timediff:0
I/System.out(23673): body:<empirical.HelperClass: void printURLInfo(java.lang.String,java.lang.String,java.net.URLConnection)>	sig:isDoOutput = virtualinvoke urlConnection.<java.net.URLConnection: boolean getDoOutput()>()	timediff:0
I/System.out(23673): body:<empirical.HelperClass: java.lang.String getHeaderField(java.net.URLConnection,java.lang.String)>	sig:data = virtualinvoke conn.<java.net.URLConnection: java.lang.String getHeaderField(java.lang.String)>(field)	timediff:0
I/System.out(23673): body:<empirical.HelperClass: java.lang.String getHeaderField(java.net.URLConnection,java.lang.String)>	sig:data = virtualinvoke conn.<java.net.URLConnection: java.lang.String getHeaderField(java.lang.String)>(field)	timediff:0
I/System.out(23673): body:<empirical.HelperClass: java.lang.String getHeaderField(java.net.URLConnection,java.lang.String)>	sig:data = virtualinvoke conn.<java.net.URLConnection: java.lang.String getHeaderField(java.lang.String)>(field)	timediff:0
I/System.out(23673): body:<empirical.HelperClass: java.lang.String getHeaderField(java.net.URLConnection,java.lang.String)>	sig:data = virtualinvoke conn.<java.net.URLConnection: java.lang.String getHeaderField(java.lang.String)>(field)	timediff:0
I/System.out(23673): body:<empirical.HelperClass: java.lang.String getHeaderField(java.net.URLConnection,java.lang.String)>	sig:data = virtualinvoke conn.<java.net.URLConnection: java.lang.String getHeaderField(java.lang.String)>(field)	timediff:0
I/System.out(23673): URLConn;%;2;%;<com.cc.promote.utils.b: java.lang.String a()>;%;$r18 = virtualinvoke $r7.<java.net.HttpURLConnection: java.io.InputStream getInputStream()>();%;http://ad.myinstashot.com/inshot;%;true;%;4845;%;Not found;%;Not found;%;Not found;%;Not found
I/System.out(23673): body:<com.camerasideas.c.f: void run()>	sig:virtualinvoke $r7.<java.net.HttpURLConnection: void disconnect()>()	timediff:0
W/DebugConnManager(  653): getNetworkInfo() on networkType 1
I/dalvikvm(23673): Failed resolving Lcom/vungle/publisher/location/GoogleLocationClientDetailedLocationProvider; interface 5082 'Lcom/google/android/gms/common/GooglePlayServicesClient$ConnectionCallbacks;'
W/dalvikvm(23673): Link of class 'Lcom/vungle/publisher/location/GoogleLocationClientDetailedLocationProvider;' failed
E/dalvikvm(23673): Could not find class 'com.vungle.publisher.location.GoogleLocationClientDetailedLocationProvider', referenced from method com.vungle.publisher.inject.ConfigurablePublisherModule.a
W/dalvikvm(23673): VFY: unable to resolve new-instance 7900 (Lcom/vungle/publisher/location/GoogleLocationClientDetailedLocationProvider;) in Lcom/vungle/publisher/inject/ConfigurablePublisherModule;
D/dalvikvm(23673): VFY: replacing opcode 0x22 at 0x0000
I/dalvikvm(23673): Failed resolving Lcom/vungle/publisher/location/GoogleLocationClientDetailedLocationProvider; interface 5082 'Lcom/google/android/gms/common/GooglePlayServicesClient$ConnectionCallbacks;'
W/dalvikvm(23673): Link of class 'Lcom/vungle/publisher/location/GoogleLocationClientDetailedLocationProvider;' failed
D/dalvikvm(23673): DexOpt: unable to opt direct call 0xc9ac at 0x02 in Lcom/vungle/publisher/inject/ConfigurablePublisherModule;.a
D/dalvikvm(23673): GC_CONCURRENT freed 872K, 14% free 5938K/6872K, paused 3ms+1ms, total 8ms
E/result  (23673): {
E/result  (23673):   "version": 1,
E/result  (23673):   "update_interval": 1,
E/result  (23673):   "ad_type": 0,
E/result  (23673):   "self_ads": [
E/result  (23673):     {
E/result  (23673):       "app_name": "Perfect Body Shape Editor",
E/result  (23673):       "package": "breastenlarger.bodyeditor.photoeditor",
E/result  (23673):       "market_url": "https://play.google.com/store/apps/details?id=breastenlarger.bodyeditor.photoeditor&referrer=utm_source%3DInshot%26utm_medium%3Dinshot_banner",
E/result  (23673):       "app_icon": "http://ad.myinstashot.com/images/bodyeditor/hdpi/icon.png",
E/result  (23673):       "app_cover": "http://ad.myinstashot.com/images/bodyeditor/cover.jpg",
E/result  (23673):       "app_des": "Breast Enlarger, Abs Photo Editor, Body Slimming, Height Correction, etc.",
E/result  (23673):       "action": "Install"
E/result  (23673):     },
E/result  (23673):     {
E/result  (23673):       "app_name": "Video Downloader for Instagram",
E/result  (23673):       "package": "com.popularapp.videodownloaderforinstagram",
E/result  (23673):       "market_url": "https://play.google.com/store/apps/details?id=com.popularapp.videodownloaderforinstagram&referrer=utm_source%3DInshot%26utm_medium%3Dinshot_banner",
E/result  (23673):       "app_icon": "http://ad.myinstashot.com/images/instaget/hdpi/icon.png",
E/result  (23673):       "app_cover": "http://ad.myinstashot.com/images/instaget/cover.jpg",
E/result  (23673):       "app_des": "Photo, video & tags downloader",
E/result  (23673):       "action": "Install"
E/result  (23673):     },
E/result  (23673):     {
E/result  (23673):       "package": "com.northpark.drinkwater",
E/result  (23673):       "app_name": "Water Your Body",
E/result  (23673):       "app_icon": "http://ad.myinstashot.com/images/water/hdpi/icon.png",
E/result  (23673):       "app_cover": "http://ad.myinstashot.com/images/water/cover.jpg",
E/result  (23673):       "market_url": "https://play.google.com/store/apps/details?id=com.northpark.drinkwater&referrer=utm_source%3DInshot%26utm_medium%3Dinshot_banner",
E/result  (23673):       "app_des": "Did you drink enough water today? It‘s good for your skin health and loss weight",
E/result  (23673):       "action": "Install"
E/result  (23673):     },
E/result  (23673):     {
E/result  (23673):       "app_name": "Photo Collage Maker",
E/result  (23673):       "package": "photocollage.photoeditor.collagemaker",
E/result  (23673):       "market_url": "https://play.google.com/store/apps/details?id=photocollage.photoeditor.collagemaker&referrer=utm_source%3DInshot%26utm_medium%3Dinshot_banner",
E/result  (23673):       "app_icon": "http://ad.myinstashot.com/images/incollage/xxhdpi/icon.png",
E/result  (23673):       "app_cover": "http://ad.myinstashot.com/images/incollage/cover.png",
E/result  (23673):       "app_des": "Best collage maker with 100+ layouts, filter, sticker, text, etc.",
E/result  (23673):       "action": "Install"
E/result  (23673):     },
E/result  (23673):     {
E/result  (23673):       "app_name": "Music Player from InShot",
E/result  (23673):       "package": "musicplayer.musicapps.music.mp3player",
E/result  (23673):       "market_url": "https://play.google.com/store/apps/details?id=musicplayer.musicapps.music.mp3player&referrer=utm_source%3DInshot%26utm_medium%3Dinshot_banner",
E/result  (23673):       "app_icon": "http://ad.myinstashot.com/images/xmusic/hdpi/icon.png",
E/result  (23673):       "app_cover": "http://ad.myinstashot.com/images/xmusic/cover/en/hdpi/cover.jpg",
E/result  (23673):       "app_des": "Clean, Simple & Powerful.",
E/result  (23673):       "action": "Install"
E/result  (23673):     },
E/result  (23673):     {
E/result  (23673):       "app_name": "Video Player from InShot",
E/result  (23673):       "package": "video.player.videoplayer",
E/result  (23673):       "market_url": "https://play.google.com/store/apps/details?id=video.player.videoplayer&referrer=utm_source%3DinShot_banner",
E/result  (23673):       "app_icon": "http://ad.myinstashot.com/images/player/icon.png",
E/result  (23673):       "app_cover": "http://ad.myinstashot.com/images/player/cover.png",
E/result  (23673):       "app_des": "Clean, Powerful, Support All Format",
E/result  (23673):       "action": "INSTALL"
E/result  (23673):     }
E/result  (23673):   ],
E/result  (23673):   "extends_data": {
E/result  (23673):     "interstitialad": {
E/result  (23673):       "interstitialad_type": 1,
E/result  (23673):       "interstitialad_update_interval": 0,
E/result  (23673):       "interstitialad_count": 10000000
E/result  (23673):     },
E/result  (23673):     "enableVideoInterstitial": true,
E/result  (23673):     "enablePhotoInterstitial": true,
E/result  (23673):     "videoInterstitialInterval": 1,
E/result  (23673):     "photoInterstitialInterval": 2,
E/result  (23673):     "firstVideoInterstitialInterval": 1,
E/result  (23673):     "firstPhotoInterstitialInterval": 1,
E/result  (23673):     "AD_R_N_PHOTO": "[\"a-a-h\",\"m\",\"f-h\",\"a-r\"]",
E/result  (23673):     "AD_R_N_VIDEO": "[\"a-a-h\", \"f-h\",\"a-r\",\"m\"]",
E/result  (23673):     "AD_R_N_HOME": "[\"a-a-h\", \"f-h\",\"a-r\"]",
E/result  (23673):     "enabledUseRateSDK": false,
E/result  (23673):     "enabledUseMobvistaWall": false,
E/result  (23673):     "update": {
E/result  (23673):       "info": "",
E/result  (23673):       "type": 3,
E/result  (23673):       "url_market": "com.camerasideas.instashot",
E/result  (23673):       "url_download": "",
E/result  (23673):       "title_notification": "",
E/result  (23673):       "update_ver": 2,
E/result  (23673):       "package": "com.camerasideas.instashot",
E/result  (23673):       "app
I/System.out(23673): body:<com.cc.promote.utils.b: java.lang.String a()>	sig:virtualinvoke $r7.<java.net.HttpURLConnection: void disconnect()>()	timediff:0
I/System.out(23673): body:<com.cc.promote.service.DownloadService: java.lang.String b(java.lang.String,java.io.File)>	sig:specialinvoke $r2.<java.net.URL: void <init>(java.lang.String)>($r0)	timediff:0
I/System.out(23673): <com.cc.promote.service.DownloadService: java.lang.String b(java.lang.String,java.io.File)>###specialinvoke $r2.<java.net.URL: void <init>(java.lang.String)>($r0)###http://ad.myinstashot.com/images/bodyeditor/hdpi/icon.png
I/System.out(23673): body:<com.cc.promote.service.DownloadService: java.lang.String b(java.lang.String,java.io.File)>	sig:$r5 = virtualinvoke $r2.<java.net.URL: java.net.URLConnection openConnection()>()	timediff:0
I/System.out(23673): body:<com.cc.promote.service.DownloadService: java.lang.String b(java.lang.String,java.io.File)>	sig:virtualinvoke $r6.<java.net.HttpURLConnection: void setConnectTimeout(int)>(30000)	timediff:0
I/System.out(23673): body:<com.cc.promote.service.DownloadService: java.lang.String b(java.lang.String,java.io.File)>	sig:virtualinvoke $r6.<java.net.HttpURLConnection: void setReadTimeout(int)>(30000)	timediff:0
I/System.out(23673): body:<com.cc.promote.service.DownloadService: java.lang.String b(java.lang.String,java.io.File)>	sig:virtualinvoke $r6.<java.net.HttpURLConnection: void setRequestMethod(java.lang.String)>("GET")	timediff:0
D/dalvikvm(23673): GC_CONCURRENT freed 809K, 13% free 6183K/7052K, paused 1ms+1ms, total 11ms
D/dalvikvm(23673): WAIT_FOR_CONCURRENT_GC blocked 2ms
W/dalvikvm(23673): VFY: unable to resolve static field 18257 (FusedLocationApi) in Lcom/google/android/gms/location/LocationServices;
D/dalvikvm(23673): VFY: replacing opcode 0x62 at 0x0004
W/dalvikvm(23673): VFY: unable to resolve static field 18256 (API) in Lcom/google/android/gms/location/LocationServices;
D/dalvikvm(23673): VFY: replacing opcode 0x62 at 0x0002
E/StickerUpgradeService(23673): checkSeasonalUpdate
I/System.out(23673): body:<com.camerasideas.instashot.udpate.b: java.lang.String b(android.content.Context,java.lang.String)>	sig:specialinvoke r27.<java.net.URL: void <init>(java.lang.String)>($r1)	timediff:0
I/System.out(23673): <com.camerasideas.instashot.udpate.b: java.lang.String b(android.content.Context,java.lang.String)>###specialinvoke r27.<java.net.URL: void <init>(java.lang.String)>($r1)###http://myinstashot.com/cloud-packages/android_sticker_seasonal.json
I/System.out(23673): body:<com.camerasideas.instashot.udpate.b: java.lang.String b(android.content.Context,java.lang.String)>	sig:$r9 = virtualinvoke $r8.<java.net.URL: java.net.URLConnection openConnection()>()	timediff:0
I/System.out(23673): body:<com.camerasideas.instashot.udpate.b: java.lang.String b(android.content.Context,java.lang.String)>	sig:virtualinvoke $r10.<java.net.HttpURLConnection: void setDoInput(boolean)>(1)	timediff:0
I/System.out(23673): body:<com.camerasideas.instashot.udpate.b: java.lang.String b(android.content.Context,java.lang.String)>	sig:virtualinvoke $r10.<java.net.HttpURLConnection: void setConnectTimeout(int)>(10000)	timediff:0
I/System.out(23673): body:<com.camerasideas.instashot.udpate.b: java.lang.String b(android.content.Context,java.lang.String)>	sig:virtualinvoke $r10.<java.net.HttpURLConnection: void setReadTimeout(int)>(10000)	timediff:0
I/System.out(23673): body:<com.camerasideas.instashot.udpate.b: java.lang.String b(android.content.Context,java.lang.String)>	sig:virtualinvoke $r10.<java.net.HttpURLConnection: void setRequestMethod(java.lang.String)>("GET")	timediff:0
I/System.out(23673): body:<com.camerasideas.instashot.udpate.b: java.lang.String b(android.content.Context,java.lang.String)>	sig:virtualinvoke $r10.<java.net.HttpURLConnection: void setDoInput(boolean)>(1)	timediff:0
I/System.out(23673): body:<com.cc.promote.service.DownloadService: java.lang.String b(java.lang.String,java.io.File)>	sig:$i0 = virtualinvoke $r6.<java.net.HttpURLConnection: int getResponseCode()>()	timediff:75
E/image url(23673): 200/http://ad.myinstashot.com/images/bodyeditor/hdpi/icon.png
I/System.out(23673): body:<com.cc.promote.service.DownloadService: java.lang.String b(java.lang.String,java.io.File)>	sig:$r7 = virtualinvoke $r6.<java.net.HttpURLConnection: java.io.InputStream getInputStream()>()	timediff:0
I/System.out(23673): body:<empirical.HelperClass: void printURLInfo(java.lang.String,java.lang.String,java.net.URLConnection)>	sig:$r0 = virtualinvoke urlConnection.<java.net.URLConnection: java.net.URL getURL()>()	timediff:0
I/System.out(23673): body:<empirical.HelperClass: void printURLInfo(java.lang.String,java.lang.String,java.net.URLConnection)>	sig:urlString = virtualinvoke $r0.<java.net.URL: java.lang.String toString()>()	timediff:0
I/System.out(23673): body:<empirical.HelperClass: void printURLInfo(java.lang.String,java.lang.String,java.net.URLConnection)>	sig:isDoOutput = virtualinvoke urlConnection.<java.net.URLConnection: boolean getDoOutput()>()	timediff:0
I/System.out(23673): body:<empirical.HelperClass: java.lang.String getHeaderField(java.net.URLConnection,java.lang.String)>	sig:data = virtualinvoke conn.<java.net.URLConnection: java.lang.String getHeaderField(java.lang.String)>(field)	timediff:0
I/System.out(23673): body:<empirical.HelperClass: java.lang.String getHeaderField(java.net.URLConnection,java.lang.String)>	sig:data = virtualinvoke conn.<java.net.URLConnection: java.lang.String getHeaderField(java.lang.String)>(field)	timediff:0
I/System.out(23673): body:<empirical.HelperClass: java.lang.String getHeaderField(java.net.URLConnection,java.lang.String)>	sig:data = virtualinvoke conn.<java.net.URLConnection: java.lang.String getHeaderField(java.lang.String)>(field)	timediff:0
I/System.out(23673): body:<empirical.HelperClass: java.lang.String getHeaderField(java.net.URLConnection,java.lang.String)>	sig:data = virtualinvoke conn.<java.net.URLConnection: java.lang.String getHeaderField(java.lang.String)>(field)	timediff:0
I/System.out(23673): body:<empirical.HelperClass: java.lang.String getHeaderField(java.net.URLConnection,java.lang.String)>	sig:data = virtualinvoke conn.<java.net.URLConnection: java.lang.String getHeaderField(java.lang.String)>(field)	timediff:0
I/System.out(23673): URLConn;%;3;%;<com.cc.promote.service.DownloadService: java.lang.String b(java.lang.String,java.io.File)>;%;$r7 = virtualinvoke $r6.<java.net.HttpURLConnection: java.io.InputStream getInputStream()>();%;http://ad.myinstashot.com/images/bodyeditor/hdpi/icon.png;%;false;%;9247;%;public, max-age=0;%;Not found;%;Not found;%;Not found
I/System.out(23673): body:<com.camerasideas.instashot.udpate.b: java.lang.String b(android.content.Context,java.lang.String)>	sig:virtualinvoke $r10.<java.net.HttpURLConnection: void connect()>()	timediff:16
D/dalvikvm(  716): GC_CONCURRENT freed 2168K, 37% free 9614K/15128K, paused 2ms+1ms, total 26ms
I/System.out(23673): body:<com.camerasideas.instashot.udpate.b: java.lang.String b(android.content.Context,java.lang.String)>	sig:$i0 = virtualinvoke $r10.<java.net.HttpURLConnection: int getResponseCode()>()	timediff:43
I/System.out(23673): body:<com.camerasideas.instashot.udpate.b: java.lang.String b(android.content.Context,java.lang.String)>	sig:$r11 = virtualinvoke $r10.<java.net.HttpURLConnection: java.io.InputStream getInputStream()>()	timediff:0
I/System.out(23673): body:<empirical.HelperClass: void printURLInfo(java.lang.String,java.lang.String,java.net.URLConnection)>	sig:$r0 = virtualinvoke urlConnection.<java.net.URLConnection: java.net.URL getURL()>()	timediff:0
I/System.out(23673): body:<empirical.HelperClass: void printURLInfo(java.lang.String,java.lang.String,java.net.URLConnection)>	sig:urlString = virtualinvoke $r0.<java.net.URL: java.lang.String toString()>()	timediff:0
I/System.out(23673): body:<empirical.HelperClass: void printURLInfo(java.lang.String,java.lang.String,java.net.URLConnection)>	sig:isDoOutput = virtualinvoke urlConnection.<java.net.URLConnection: boolean getDoOutput()>()	timediff:0
I/System.out(23673): body:<empirical.HelperClass: java.lang.String getHeaderField(java.net.URLConnection,java.lang.String)>	sig:data = virtualinvoke conn.<java.net.URLConnection: java.lang.String getHeaderField(java.lang.String)>(field)	timediff:0
I/System.out(23673): body:<empirical.HelperClass: java.lang.String getHeaderField(java.net.URLConnection,java.lang.String)>	sig:data = virtualinvoke conn.<java.net.URLConnection: java.lang.String getHeaderField(java.lang.String)>(field)	timediff:0
I/System.out(23673): body:<empirical.HelperClass: java.lang.String getHeaderField(java.net.URLConnection,java.lang.String)>	sig:data = virtualinvoke conn.<java.net.URLConnection: java.lang.String getHeaderField(java.lang.String)>(field)	timediff:0
I/System.out(23673): body:<empirical.HelperClass: java.lang.String getHeaderField(java.net.URLConnection,java.lang.String)>	sig:data = virtualinvoke conn.<java.net.URLConnection: java.lang.String getHeaderField(java.lang.String)>(field)	timediff:0
I/System.out(23673): body:<empirical.HelperClass: java.lang.String getHeaderField(java.net.URLConnection,java.lang.String)>	sig:data = virtualinvoke conn.<java.net.URLConnection: java.lang.String getHeaderField(java.lang.String)>(field)	timediff:0
I/System.out(23673): URLConn;%;4;%;<com.camerasideas.instashot.udpate.b: java.lang.String b(android.content.Context,java.lang.String)>;%;$r11 = virtualinvoke $r10.<java.net.HttpURLConnection: java.io.InputStream getInputStream()>();%;http://myinstashot.com/cloud-packages/android_sticker_seasonal.json;%;false;%;12543;%;Not found;%;Not found;%;Not found;%;Not found
I/System.out(23673): body:<com.camerasideas.instashot.udpate.b: java.lang.String b(android.content.Context,java.lang.String)>	sig:$r14 = virtualinvoke $r10.<java.net.HttpURLConnection: java.io.InputStream getInputStream()>()	timediff:0
I/System.out(23673): body:<empirical.HelperClass: void printURLInfo(java.lang.String,java.lang.String,java.net.URLConnection)>	sig:$r0 = virtualinvoke urlConnection.<java.net.URLConnection: java.net.URL getURL()>()	timediff:0
I/System.out(23673): body:<empirical.HelperClass: void printURLInfo(java.lang.String,java.lang.String,java.net.URLConnection)>	sig:urlString = virtualinvoke $r0.<java.net.URL: java.lang.String toString()>()	timediff:0
I/System.out(23673): body:<empirical.HelperClass: void printURLInfo(java.lang.String,java.lang.String,java.net.URLConnection)>	sig:isDoOutput = virtualinvoke urlConnection.<java.net.URLConnection: boolean getDoOutput()>()	timediff:0
I/System.out(23673): body:<empirical.HelperClass: java.lang.String getHeaderField(java.net.URLConnection,java.lang.String)>	sig:data = virtualinvoke conn.<java.net.URLConnection: java.lang.String getHeaderField(java.lang.String)>(field)	timediff:0
I/System.out(23673): body:<empirical.HelperClass: java.lang.String getHeaderField(java.net.URLConnection,java.lang.String)>	sig:data = virtualinvoke conn.<java.net.URLConnection: java.lang.String getHeaderField(java.lang.String)>(field)	timediff:0
I/System.out(23673): body:<empirical.HelperClass: java.lang.String getHeaderField(java.net.URLConnection,java.lang.String)>	sig:data = virtualinvoke conn.<java.net.URLConnection: java.lang.String getHeaderField(java.lang.String)>(field)	timediff:0
I/System.out(23673): body:<empirical.HelperClass: java.lang.String getHeaderField(java.net.URLConnection,java.lang.String)>	sig:data = virtualinvoke conn.<java.net.URLConnection: java.lang.String getHeaderField(java.lang.String)>(field)	timediff:0
I/System.out(23673): body:<empirical.HelperClass: java.lang.String getHeaderField(java.net.URLConnection,java.lang.String)>	sig:data = virtualinvoke conn.<java.net.URLConnection: java.lang.String getHeaderField(java.lang.String)>(field)	timediff:0
I/System.out(23673): URLConn;%;5;%;<com.camerasideas.instashot.udpate.b: java.lang.String b(android.content.Context,java.lang.String)>;%;$r14 = virtualinvoke $r10.<java.net.HttpURLConnection: java.io.InputStream getInputStream()>();%;http://myinstashot.com/cloud-packages/android_sticker_seasonal.json;%;false;%;12543;%;Not found;%;Not found;%;Not found;%;Not found
D/dalvikvm(23673): GC_CONCURRENT freed 800K, 12% free 6405K/7276K, paused 0ms+0ms, total 5ms
I/System.out(23673): body:<com.camerasideas.instashot.udpate.b: java.lang.String b(android.content.Context,java.lang.String)>	sig:virtualinvoke $r10.<java.net.HttpURLConnection: void disconnect()>()	timediff:0
I/System.out(23673): body:<com.cc.promote.service.DownloadService: java.lang.String b(java.lang.String,java.io.File)>	sig:specialinvoke $r2.<java.net.URL: void <init>(java.lang.String)>($r0)	timediff:0
