I/ActivityManager(  464): Start proc com.fotoable.makeup for activity com.fotoable.makeup/com.fotoable.fotobeauty.SplashScreenActivity: pid=11408 uid=10186 gids={50186, 3003, 1028, 1015, 1023}
W/ViewRootImpl(24744): Dropping event due to no window focus: KeyEvent { action=ACTION_DOWN, keyCode=KEYCODE_DPAD_DOWN, scanCode=0, metaState=0, flags=0x400, repeatCount=0, eventTime=16175709, downTime=16175709, deviceId=-1, source=0x101 }
W/ViewRootImpl(24744): Dropping event due to no window focus: KeyEvent { action=ACTION_DOWN, keyCode=KEYCODE_DPAD_DOWN, scanCode=0, metaState=0, flags=0x400, repeatCount=0, eventTime=16175709, downTime=16175709, deviceId=-1, source=0x101 }
W/ViewRootImpl(24744): Dropping event due to no window focus: KeyEvent { action=ACTION_DOWN, keyCode=KEYCODE_DPAD_DOWN, scanCode=0, metaState=0, flags=0x400, repeatCount=0, eventTime=16175709, downTime=16175709, deviceId=-1, source=0x101 }
W/ViewRootImpl(24744): Dropping event due to no window focus: KeyEvent { action=ACTION_DOWN, keyCode=KEYCODE_DPAD_DOWN, scanCode=0, metaState=0, flags=0x400, repeatCount=0, eventTime=16175709, downTime=16175709, deviceId=-1, source=0x101 }
I/dalvikvm(11408): ignoring registerObject request in thread=1
I/dalvikvm(11408): ignoring registerObject request in thread=1
D/dalvikvm(11408): WAIT_FOR_CONCURRENT_GC blocked 1ms
D/dalvikvm(11408): DexOpt: couldn't find static field Landroid/os/Build;.SUPPORTED_32_BIT_ABIS
W/dalvikvm(11408): VFY: unable to resolve static field 3 (SUPPORTED_32_BIT_ABIS) in Landroid/os/Build;
D/dalvikvm(11408): VFY: replacing opcode 0x62 at 0x0000
D/dalvikvm(11408): JIT code cache reset in 0 ms (0 bytes 1/0)
D/dalvikvm(11408): GC_FOR_ALLOC freed 34K, 3% free 3158K/3256K, paused 7ms, total 7ms
D/dalvikvm(11408): GC_CONCURRENT freed <1K, 3% free 3491K/3592K, paused 2ms+0ms, total 5ms
D/dalvikvm(11408): Trying to load lib /data/data/com.fotoable.makeup/.jiagu/libjiagu.so 0x94fd1d38
D/dalvikvm(11408): Added shared lib /data/data/com.fotoable.makeup/.jiagu/libjiagu.so 0x94fd1d38
D/AndroidRuntime(11408): Shutting down VM
W/dalvikvm(11408): threadid=1: thread exiting with uncaught exception (group=0x94d12b20)
I/Process (  464): Sending signal. PID: 11408 SIG: 9
E/AndroidRuntime(11408): FATAL EXCEPTION: main
E/AndroidRuntime(11408): Process: com.fotoable.makeup, PID: 11408
E/AndroidRuntime(11408): java.lang.UnsatisfiedLinkError: JNI_ERR returned from JNI_OnLoad in "/data/data/com.fotoable.makeup/.jiagu/libjiagu.so"
E/AndroidRuntime(11408): 	at java.lang.Runtime.load(Runtime.java:333)
E/AndroidRuntime(11408): 	at java.lang.System.load(System.java:512)
E/AndroidRuntime(11408): 	at com.qihoo.util.StubApp3842184947.attachBaseContext(StubApp3842184947.java:191)
E/AndroidRuntime(11408): 	at android.app.Application.attach(Application.java:181)
E/AndroidRuntime(11408): 	at android.app.Instrumentation.newApplication(Instrumentation.java:1008)
E/AndroidRuntime(11408): 	at android.app.Instrumentation.newApplication(Instrumentation.java:992)
E/AndroidRuntime(11408): 	at android.app.LoadedApk.makeApplication(LoadedApk.java:511)
E/AndroidRuntime(11408): 	at android.app.ActivityThread.handleBindApplication(ActivityThread.java:4319)
E/AndroidRuntime(11408): 	at android.app.ActivityThread.access$1500(ActivityThread.java:135)
E/AndroidRuntime(11408): 	at android.app.ActivityThread$H.handleMessage(ActivityThread.java:1256)
E/AndroidRuntime(11408): 	at android.os.Handler.dispatchMessage(Handler.java:102)
E/AndroidRuntime(11408): 	at android.os.Looper.loop(Looper.java:136)
E/AndroidRuntime(11408): 	at android.app.ActivityThread.main(ActivityThread.java:5019)
E/AndroidRuntime(11408): 	at java.lang.reflect.Method.invokeNative(Native Method)
E/AndroidRuntime(11408): 	at java.lang.reflect.Method.invoke(Method.java:515)
E/AndroidRuntime(11408): 	at com.android.internal.os.ZygoteInit$MethodAndArgsCaller.run(ZygoteInit.java:779)
E/AndroidRuntime(11408): 	at com.android.internal.os.ZygoteInit.main(ZygoteInit.java:595)
E/AndroidRuntime(11408): 	at dalvik.system.NativeStart.main(Native Method)
W/ActivityManager(  464): Force-killing crashed app com.fotoable.makeup at watcher's request
W/ContextImpl(  464): Calling a method in the system process without a qualified user: android.app.ContextImpl.sendBroadcast:1123 com.android.server.am.ActivityManagerService.handleApplicationCrashInner:9670 com.android.server.am.ActivityManagerService.handleApplicationCrash:9644 android.app.ActivityManagerNative.onTransact:1311 com.android.server.am.ActivityManagerService.onTransact:2071 
W/NetworkManagementSocketTagger(  464): setKernelCountSet(10186, 0) failed with errno -13
I/ActivityManager(  464): Process com.fotoable.makeup (pid 11408) has died.
I/ActivityManager(  464): Start proc com.fotoable.makeup for activity com.fotoable.makeup/com.fotoable.fotobeauty.SplashScreenActivity: pid=11424 uid=10186 gids={50186, 3003, 1028, 1015, 1023}
W/NetworkManagementSocketTagger(  464): setKernelCountSet(10186, 1) failed with errno -13
I/dalvikvm(11424): ignoring registerObject request in thread=1
I/dalvikvm(11424): ignoring registerObject request in thread=1
D/dalvikvm(11424): DexOpt: couldn't find static field Landroid/os/Build;.SUPPORTED_32_BIT_ABIS
W/dalvikvm(11424): VFY: unable to resolve static field 3 (SUPPORTED_32_BIT_ABIS) in Landroid/os/Build;
D/dalvikvm(11424): VFY: replacing opcode 0x62 at 0x0000
D/dalvikvm(11424): JIT code cache reset in 0 ms (0 bytes 1/0)
D/dalvikvm(11424): GC_CONCURRENT freed 38K, 4% free 3158K/3260K, paused 2ms+0ms, total 4ms
D/dalvikvm(11424): WAIT_FOR_CONCURRENT_GC blocked 5ms
D/dalvikvm(11424): Trying to load lib /data/data/com.fotoable.makeup/.jiagu/libjiagu.so 0x94fd3048
D/dalvikvm(11424): Added shared lib /data/data/com.fotoable.makeup/.jiagu/libjiagu.so 0x94fd3048
D/AndroidRuntime(11424): Shutting down VM
W/dalvikvm(11424): threadid=1: thread exiting with uncaught exception (group=0x94d12b20)
I/Process (  464): Sending signal. PID: 11424 SIG: 9
E/AndroidRuntime(11424): FATAL EXCEPTION: main
E/AndroidRuntime(11424): Process: com.fotoable.makeup, PID: 11424
E/AndroidRuntime(11424): java.lang.UnsatisfiedLinkError: JNI_ERR returned from JNI_OnLoad in "/data/data/com.fotoable.makeup/.jiagu/libjiagu.so"
E/AndroidRuntime(11424): 	at java.lang.Runtime.load(Runtime.java:333)
E/AndroidRuntime(11424): 	at java.lang.System.load(System.java:512)
E/AndroidRuntime(11424): 	at com.qihoo.util.StubApp3842184947.attachBaseContext(StubApp3842184947.java:191)
E/AndroidRuntime(11424): 	at android.app.Application.attach(Application.java:181)
E/AndroidRuntime(11424): 	at android.app.Instrumentation.newApplication(Instrumentation.java:1008)
E/AndroidRuntime(11424): 	at android.app.Instrumentation.newApplication(Instrumentation.java:992)
E/AndroidRuntime(11424): 	at android.app.LoadedApk.makeApplication(LoadedApk.java:511)
E/AndroidRuntime(11424): 	at android.app.ActivityThread.handleBindApplication(ActivityThread.java:4319)
E/AndroidRuntime(11424): 	at android.app.ActivityThread.access$1500(ActivityThread.java:135)
E/AndroidRuntime(11424): 	at android.app.ActivityThread$H.handleMessage(ActivityThread.java:1256)
E/AndroidRuntime(11424): 	at android.os.Handler.dispatchMessage(Handler.java:102)
E/AndroidRuntime(11424): 	at android.os.Looper.loop(Looper.java:136)
E/AndroidRuntime(11424): 	at android.app.ActivityThread.main(ActivityThread.java:5019)
E/AndroidRuntime(11424): 	at java.lang.reflect.Method.invokeNative(Native Method)
E/AndroidRuntime(11424): 	at java.lang.reflect.Method.invoke(Method.java:515)
E/AndroidRuntime(11424): 	at com.android.internal.os.ZygoteInit$MethodAndArgsCaller.run(ZygoteInit.java:779)
E/AndroidRuntime(11424): 	at com.android.internal.os.ZygoteInit.main(ZygoteInit.java:595)
E/AndroidRuntime(11424): 	at dalvik.system.NativeStart.main(Native Method)
W/ActivityManager(  464): Force-killing crashed app com.fotoable.makeup at watcher's request
W/ContextImpl(  464): Calling a method in the system process without a qualified user: android.app.ContextImpl.sendBroadcast:1123 com.android.server.am.ActivityManagerService.handleApplicationCrashInner:9670 com.android.server.am.ActivityManagerService.handleApplicationCrash:9644 android.app.ActivityManagerNative.onTransact:1311 com.android.server.am.ActivityManagerService.onTransact:2071 
I/ActivityManager(  464): Process com.fotoable.makeup (pid 11424) has died.
W/NetworkManagementSocketTagger(  464): setKernelCountSet(10186, 0) failed with errno -13
I/ActivityManager(  464): Start proc com.fotoable.makeup for activity com.fotoable.makeup/com.fotoable.fotobeauty.SplashScreenActivity: pid=11442 uid=10186 gids={50186, 3003, 1028, 1015, 1023}
W/NetworkManagementSocketTagger(  464): setKernelCountSet(10186, 1) failed with errno -13
I/dalvikvm(11442): ignoring registerObject request in thread=1
I/dalvikvm(11442): ignoring registerObject request in thread=1
D/dalvikvm(11442): WAIT_FOR_CONCURRENT_GC blocked 1ms
D/dalvikvm(11442): DexOpt: couldn't find static field Landroid/os/Build;.SUPPORTED_32_BIT_ABIS
W/dalvikvm(11442): VFY: unable to resolve static field 3 (SUPPORTED_32_BIT_ABIS) in Landroid/os/Build;
D/dalvikvm(11442): VFY: replacing opcode 0x62 at 0x0000
D/dalvikvm(11442): JIT code cache reset in 0 ms (0 bytes 1/0)
D/dalvikvm(11442): GC_FOR_ALLOC freed 42K, 4% free 3158K/3264K, paused 3ms, total 3ms
D/dalvikvm(11442): GC_CONCURRENT freed <1K, 4% free 3491K/3600K, paused 2ms+0ms, total 4ms
D/dalvikvm(11442): Trying to load lib /data/data/com.fotoable.makeup/.jiagu/libjiagu.so 0x94fd3f30
D/dalvikvm(11442): Added shared lib /data/data/com.fotoable.makeup/.jiagu/libjiagu.so 0x94fd3f30
D/AndroidRuntime(11442): Shutting down VM
W/dalvikvm(11442): threadid=1: thread exiting with uncaught exception (group=0x94d12b20)
I/Process (  464): Sending signal. PID: 11442 SIG: 9
E/AndroidRuntime(11442): FATAL EXCEPTION: main
E/AndroidRuntime(11442): Process: com.fotoable.makeup, PID: 11442
E/AndroidRuntime(11442): java.lang.UnsatisfiedLinkError: JNI_ERR returned from JNI_OnLoad in "/data/data/com.fotoable.makeup/.jiagu/libjiagu.so"
E/AndroidRuntime(11442): 	at java.lang.Runtime.load(Runtime.java:333)
E/AndroidRuntime(11442): 	at java.lang.System.load(System.java:512)
E/AndroidRuntime(11442): 	at com.qihoo.util.StubApp3842184947.attachBaseContext(StubApp3842184947.java:191)
E/AndroidRuntime(11442): 	at android.app.Application.attach(Application.java:181)
E/AndroidRuntime(11442): 	at android.app.Instrumentation.newApplication(Instrumentation.java:1008)
E/AndroidRuntime(11442): 	at android.app.Instrumentation.newApplication(Instrumentation.java:992)
E/AndroidRuntime(11442): 	at android.app.LoadedApk.makeApplication(LoadedApk.java:511)
E/AndroidRuntime(11442): 	at android.app.ActivityThread.handleBindApplication(ActivityThread.java:4319)
E/AndroidRuntime(11442): 	at android.app.ActivityThread.access$1500(ActivityThread.java:135)
E/AndroidRuntime(11442): 	at android.app.ActivityThread$H.handleMessage(ActivityThread.java:1256)
E/AndroidRuntime(11442): 	at android.os.Handler.dispatchMessage(Handler.java:102)
E/AndroidRuntime(11442): 	at android.os.Looper.loop(Looper.java:136)
E/AndroidRuntime(11442): 	at android.app.ActivityThread.main(ActivityThread.java:5019)
E/AndroidRuntime(11442): 	at java.lang.reflect.Method.invokeNative(Native Method)
E/AndroidRuntime(11442): 	at java.lang.reflect.Method.invoke(Method.java:515)
E/AndroidRuntime(11442): 	at com.android.internal.os.ZygoteInit$MethodAndArgsCaller.run(ZygoteInit.java:779)
E/AndroidRuntime(11442): 	at com.android.internal.os.ZygoteInit.main(ZygoteInit.java:595)
E/AndroidRuntime(11442): 	at dalvik.system.NativeStart.main(Native Method)
W/ActivityManager(  464): Force-killing crashed app com.fotoable.makeup at watcher's request
W/ContextImpl(  464): Calling a method in the system process without a qualified user: android.app.ContextImpl.sendBroadcast:1123 com.android.server.am.ActivityManagerService.handleApplicationCrashInner:9670 com.android.server.am.ActivityManagerService.handleApplicationCrash:9644 android.app.ActivityManagerNative.onTransact:1311 com.android.server.am.ActivityManagerService.onTransact:2071 
I/ActivityManager(  464): Process com.fotoable.makeup (pid 11442) has died.
W/NetworkManagementSocketTagger(  464): setKernelCountSet(10186, 0) failed with errno -13
W/ActivityManager(  464): Force removing ActivityRecord{4ac0b6c8 u0 com.fotoable.makeup/com.fotoable.fotobeauty.SplashScreenActivity t558}: app died, no saved state
W/ViewRootImpl(24744): Dropping event due to no window focus: KeyEvent { action=ACTION_DOWN, keyCode=KEYCODE_DPAD_DOWN, scanCode=0, metaState=0, flags=0x8, repeatCount=0, eventTime=16175605, downTime=16175605, deviceId=-1, source=0x101 }
W/InputMethodManagerService(  464): Window already focused, ignoring focus gain of: com.android.internal.view.IInputMethodClient$Stub$Proxy@4af689ac attribute=null, token = android.os.BinderProxy@4aae970c
I/ActivityManager(  464): START u0 {act=android.intent.action.MAIN cat=[android.intent.category.LAUNCHER] flg=0x10200000 cmp=com.fotoable.makeup/com.fotoable.fotobeauty.SplashScreenActivity} from pid 10604
D/yeshen  (24744): launcher onpause
I/ActivityManager(  464): Start proc com.fotoable.makeup for activity com.fotoable.makeup/com.fotoable.fotobeauty.SplashScreenActivity: pid=11459 uid=10186 gids={50186, 3003, 1028, 1015, 1023}
W/NetworkManagementSocketTagger(  464): setKernelCountSet(10186, 1) failed with errno -13
D/dalvikvm(  464): GC_CONCURRENT freed 1979K, 54% free 11699K/25208K, paused 1ms+8ms, total 27ms
I/dalvikvm(11459): ignoring registerObject request in thread=1
I/dalvikvm(11459): ignoring registerObject request in thread=1
D/dalvikvm(11459): DexOpt: couldn't find static field Landroid/os/Build;.SUPPORTED_32_BIT_ABIS
W/dalvikvm(11459): VFY: unable to resolve static field 3 (SUPPORTED_32_BIT_ABIS) in Landroid/os/Build;
D/dalvikvm(11459): VFY: replacing opcode 0x62 at 0x0000
D/dalvikvm(11459): JIT code cache reset in 0 ms (0 bytes 1/0)
D/dalvikvm(11459): GC_FOR_ALLOC freed 45K, 4% free 3158K/3268K, paused 6ms, total 6ms
D/dalvikvm(11459): GC_CONCURRENT freed <1K, 4% free 3491K/3604K, paused 2ms+1ms, total 5ms
D/dalvikvm(11459): Trying to load lib /data/data/com.fotoable.makeup/.jiagu/libjiagu.so 0x94fd4dc0
D/dalvikvm(11459): Added shared lib /data/data/com.fotoable.makeup/.jiagu/libjiagu.so 0x94fd4dc0
D/AndroidRuntime(11459): Shutting down VM
W/dalvikvm(11459): threadid=1: thread exiting with uncaught exception (group=0x94d12b20)
I/Process (  464): Sending signal. PID: 11459 SIG: 9
E/AndroidRuntime(11459): FATAL EXCEPTION: main
E/AndroidRuntime(11459): Process: com.fotoable.makeup, PID: 11459
E/AndroidRuntime(11459): java.lang.UnsatisfiedLinkError: JNI_ERR returned from JNI_OnLoad in "/data/data/com.fotoable.makeup/.jiagu/libjiagu.so"
E/AndroidRuntime(11459): 	at java.lang.Runtime.load(Runtime.java:333)
E/AndroidRuntime(11459): 	at java.lang.System.load(System.java:512)
E/AndroidRuntime(11459): 	at com.qihoo.util.StubApp3842184947.attachBaseContext(StubApp3842184947.java:191)
E/AndroidRuntime(11459): 	at android.app.Application.attach(Application.java:181)
E/AndroidRuntime(11459): 	at android.app.Instrumentation.newApplication(Instrumentation.java:1008)
E/AndroidRuntime(11459): 	at android.app.Instrumentation.newApplication(Instrumentation.java:992)
E/AndroidRuntime(11459): 	at android.app.LoadedApk.makeApplication(LoadedApk.java:511)
E/AndroidRuntime(11459): 	at android.app.ActivityThread.handleBindApplication(ActivityThread.java:4319)
E/AndroidRuntime(11459): 	at android.app.ActivityThread.access$1500(ActivityThread.java:135)
E/AndroidRuntime(11459): 	at android.app.ActivityThread$H.handleMessage(ActivityThread.java:1256)
E/AndroidRuntime(11459): 	at android.os.Handler.dispatchMessage(Handler.java:102)
E/AndroidRuntime(11459): 	at android.os.Looper.loop(Looper.java:136)
E/AndroidRuntime(11459): 	at android.app.ActivityThread.main(ActivityThread.java:5019)
E/AndroidRuntime(11459): 	at java.lang.reflect.Method.invokeNative(Native Method)
E/AndroidRuntime(11459): 	at java.lang.reflect.Method.invoke(Method.java:515)
E/AndroidRuntime(11459): 	at com.android.internal.os.ZygoteInit$MethodAndArgsCaller.run(ZygoteInit.java:779)
E/AndroidRuntime(11459): 	at com.android.internal.os.ZygoteInit.main(ZygoteInit.java:595)
E/AndroidRuntime(11459): 	at dalvik.system.NativeStart.main(Native Method)
W/ActivityManager(  464): Force-killing crashed app com.fotoable.makeup at watcher's request
W/ContextImpl(  464): Calling a method in the system process without a qualified user: android.app.ContextImpl.sendBroadcast:1123 com.android.server.am.ActivityManagerService.handleApplicationCrashInner:9670 com.android.server.am.ActivityManagerService.handleApplicationCrash:9644 android.app.ActivityManagerNative.onTransact:1311 com.android.server.am.ActivityManagerService.onTransact:2071 
W/NetworkManagementSocketTagger(  464): setKernelCountSet(10186, 0) failed with errno -13
I/ActivityManager(  464): Process com.fotoable.makeup (pid 11459) has died.
I/ActivityManager(  464): Start proc com.fotoable.makeup for activity com.fotoable.makeup/com.fotoable.fotobeauty.SplashScreenActivity: pid=11476 uid=10186 gids={50186, 3003, 1028, 1015, 1023}
W/NetworkManagementSocketTagger(  464): setKernelCountSet(10186, 1) failed with errno -13
I/dalvikvm(11476): ignoring registerObject request in thread=1
I/dalvikvm(11476): ignoring registerObject request in thread=1
D/dalvikvm(11476): DexOpt: couldn't find static field Landroid/os/Build;.SUPPORTED_32_BIT_ABIS
W/dalvikvm(11476): VFY: unable to resolve static field 3 (SUPPORTED_32_BIT_ABIS) in Landroid/os/Build;
D/dalvikvm(11476): VFY: replacing opcode 0x62 at 0x0000
D/dalvikvm(11476): JIT code cache reset in 0 ms (0 bytes 1/0)
D/dalvikvm(11476): GC_CONCURRENT freed 49K, 4% free 3158K/3272K, paused 3ms+1ms, total 6ms
D/dalvikvm(11476): WAIT_FOR_CONCURRENT_GC blocked 3ms
D/dalvikvm(11476): Trying to load lib /data/data/com.fotoable.makeup/.jiagu/libjiagu.so 0x94fd5c70
D/dalvikvm(11476): Added shared lib /data/data/com.fotoable.makeup/.jiagu/libjiagu.so 0x94fd5c70
D/AndroidRuntime(11476): Shutting down VM
W/dalvikvm(11476): threadid=1: thread exiting with uncaught exception (group=0x94d12b20)
I/Process (  464): Sending signal. PID: 11476 SIG: 9
E/AndroidRuntime(11476): FATAL EXCEPTION: main
E/AndroidRuntime(11476): Process: com.fotoable.makeup, PID: 11476
E/AndroidRuntime(11476): java.lang.UnsatisfiedLinkError: JNI_ERR returned from JNI_OnLoad in "/data/data/com.fotoable.makeup/.jiagu/libjiagu.so"
E/AndroidRuntime(11476): 	at java.lang.Runtime.load(Runtime.java:333)
E/AndroidRuntime(11476): 	at java.lang.System.load(System.java:512)
E/AndroidRuntime(11476): 	at com.qihoo.util.StubApp3842184947.attachBaseContext(StubApp3842184947.java:191)
E/AndroidRuntime(11476): 	at android.app.Application.attach(Application.java:181)
E/AndroidRuntime(11476): 	at android.app.Instrumentation.newApplication(Instrumentation.java:1008)
E/AndroidRuntime(11476): 	at android.app.Instrumentation.newApplication(Instrumentation.java:992)
E/AndroidRuntime(11476): 	at android.app.LoadedApk.makeApplication(LoadedApk.java:511)
E/AndroidRuntime(11476): 	at android.app.ActivityThread.handleBindApplication(ActivityThread.java:4319)
E/AndroidRuntime(11476): 	at android.app.ActivityThread.access$1500(ActivityThread.java:135)
E/AndroidRuntime(11476): 	at android.app.ActivityThread$H.handleMessage(ActivityThread.java:1256)
E/AndroidRuntime(11476): 	at android.os.Handler.dispatchMessage(Handler.java:102)
E/AndroidRuntime(11476): 	at android.os.Looper.loop(Looper.java:136)
E/AndroidRuntime(11476): 	at android.app.ActivityThread.main(ActivityThread.java:5019)
E/AndroidRuntime(11476): 	at java.lang.reflect.Method.invokeNative(Native Method)
E/AndroidRuntime(11476): 	at java.lang.reflect.Method.invoke(Method.java:515)
E/AndroidRuntime(11476): 	at com.android.internal.os.ZygoteInit$MethodAndArgsCaller.run(ZygoteInit.java:779)
E/AndroidRuntime(11476): 	at com.android.internal.os.ZygoteInit.main(ZygoteInit.java:595)
E/AndroidRuntime(11476): 	at dalvik.system.NativeStart.main(Native Method)
W/ActivityManager(  464): Force-killing crashed app com.fotoable.makeup at watcher's request
W/ContextImpl(  464): Calling a method in the system process without a qualified user: android.app.ContextImpl.sendBroadcast:1123 com.android.server.am.ActivityManagerService.handleApplicationCrashInner:9670 com.android.server.am.ActivityManagerService.handleApplicationCrash:9644 android.app.ActivityManagerNative.onTransact:1311 com.android.server.am.ActivityManagerService.onTransact:2071 
W/NetworkManagementSocketTagger(  464): setKernelCountSet(10186, 0) failed with errno -13
I/ActivityManager(  464): Process com.fotoable.makeup (pid 11476) has died.
I/ActivityManager(  464): Start proc com.fotoable.makeup for activity com.fotoable.makeup/com.fotoable.fotobeauty.SplashScreenActivity: pid=11493 uid=10186 gids={50186, 3003, 1028, 1015, 1023}
W/NetworkManagementSocketTagger(  464): setKernelCountSet(10186, 1) failed with errno -13
I/dalvikvm(11493): ignoring registerObject request in thread=1
I/dalvikvm(11493): ignoring registerObject request in thread=1
D/dalvikvm(11493): DexOpt: couldn't find static field Landroid/os/Build;.SUPPORTED_32_BIT_ABIS
W/dalvikvm(11493): VFY: unable to resolve static field 3 (SUPPORTED_32_BIT_ABIS) in Landroid/os/Build;
D/dalvikvm(11493): VFY: replacing opcode 0x62 at 0x0000
D/dalvikvm(11493): JIT code cache reset in 0 ms (0 bytes 1/0)
D/dalvikvm(11493): GC_CONCURRENT freed 53K, 4% free 3158K/3276K, paused 3ms+1ms, total 6ms
D/dalvikvm(11493): WAIT_FOR_CONCURRENT_GC blocked 3ms
D/dalvikvm(11493): Trying to load lib /data/data/com.fotoable.makeup/.jiagu/libjiagu.so 0x94fd6b20
D/dalvikvm(11493): Added shared lib /data/data/com.fotoable.makeup/.jiagu/libjiagu.so 0x94fd6b20
D/AndroidRuntime(11493): Shutting down VM
W/dalvikvm(11493): threadid=1: thread exiting with uncaught exception (group=0x94d12b20)
I/Process (  464): Sending signal. PID: 11493 SIG: 9
E/AndroidRuntime(11493): FATAL EXCEPTION: main
E/AndroidRuntime(11493): Process: com.fotoable.makeup, PID: 11493
E/AndroidRuntime(11493): java.lang.UnsatisfiedLinkError: JNI_ERR returned from JNI_OnLoad in "/data/data/com.fotoable.makeup/.jiagu/libjiagu.so"
E/AndroidRuntime(11493): 	at java.lang.Runtime.load(Runtime.java:333)
E/AndroidRuntime(11493): 	at java.lang.System.load(System.java:512)
E/AndroidRuntime(11493): 	at com.qihoo.util.StubApp3842184947.attachBaseContext(StubApp3842184947.java:191)
E/AndroidRuntime(11493): 	at android.app.Application.attach(Application.java:181)
E/AndroidRuntime(11493): 	at android.app.Instrumentation.newApplication(Instrumentation.java:1008)
E/AndroidRuntime(11493): 	at android.app.Instrumentation.newApplication(Instrumentation.java:992)
E/AndroidRuntime(11493): 	at android.app.LoadedApk.makeApplication(LoadedApk.java:511)
E/AndroidRuntime(11493): 	at android.app.ActivityThread.handleBindApplication(ActivityThread.java:4319)
E/AndroidRuntime(11493): 	at android.app.ActivityThread.access$1500(ActivityThread.java:135)
E/AndroidRuntime(11493): 	at android.app.ActivityThread$H.handleMessage(ActivityThread.java:1256)
E/AndroidRuntime(11493): 	at android.os.Handler.dispatchMessage(Handler.java:102)
E/AndroidRuntime(11493): 	at android.os.Looper.loop(Looper.java:136)
E/AndroidRuntime(11493): 	at android.app.ActivityThread.main(ActivityThread.java:5019)
E/AndroidRuntime(11493): 	at java.lang.reflect.Method.invokeNative(Native Method)
E/AndroidRuntime(11493): 	at java.lang.reflect.Method.invoke(Method.java:515)
E/AndroidRuntime(11493): 	at com.android.internal.os.ZygoteInit$MethodAndArgsCaller.run(ZygoteInit.java:779)
E/AndroidRuntime(11493): 	at com.android.internal.os.ZygoteInit.main(ZygoteInit.java:595)
E/AndroidRuntime(11493): 	at dalvik.system.NativeStart.main(Native Method)
W/ActivityManager(  464): Force-killing crashed app com.fotoable.makeup at watcher's request
W/ContextImpl(  464): Calling a method in the system process without a qualified user: android.app.ContextImpl.sendBroadcast:1123 com.android.server.am.ActivityManagerService.handleApplicationCrashInner:9670 com.android.server.am.ActivityManagerService.handleApplicationCrash:9644 android.app.ActivityManagerNative.onTransact:1311 com.android.server.am.ActivityManagerService.onTransact:2071 
W/NetworkManagementSocketTagger(  464): setKernelCountSet(10186, 0) failed with errno -13
I/ActivityManager(  464): Process com.fotoable.makeup (pid 11493) has died.
W/ActivityManager(  464): Force removing ActivityRecord{4b020004 u0 com.fotoable.makeup/com.fotoable.fotobeauty.SplashScreenActivity t559}: app died, no saved state
W/ViewRootImpl(24744): Dropping event due to no window focus: KeyEvent { action=ACTION_DOWN, keyCode=KEYCODE_DPAD_CENTER, scanCode=0, metaState=0, flags=0x8, repeatCount=0, eventTime=16176440, downTime=16176440, deviceId=-1, source=0x101 }
W/ViewRootImpl(24744): Dropping event due to no window focus: KeyEvent { action=ACTION_DOWN, keyCode=KEYCODE_DPAD_RIGHT, scanCode=0, metaState=0, flags=0x8, repeatCount=0, eventTime=16176979, downTime=16176979, deviceId=-1, source=0x101 }
W/InputMethodManagerService(  464): Window already focused, ignoring focus gain of: com.android.internal.view.IInputMethodClient$Stub$Proxy@4aa4e8e8 attribute=null, token = android.os.BinderProxy@4aae970c
W/PropertyValuesHolder(24744): Method setBrightness() with type int not found on target class class ph
W/PropertyValuesHolder(24744): Method getBrightness() with type int not found on target class class ph
I/ActivityManager(  464): START u0 {act=android.intent.action.MAIN cat=[android.intent.category.LAUNCHER] flg=0x10200000 cmp=com.cyanogenmod.filemanager/.activities.NavigationActivity bnds=[149,388][290,618] (has extras)} from pid 24744
W/ContextImpl(24744): Calling a method in the system process without a qualified user: android.app.ContextImpl.sendBroadcast:1137 android.content.ContextWrapper.sendBroadcast:370 com.vphone.launcher.Stats.recordLaunch:129 com.vphone.launcher.Launcher.c:3192 com.vphone.launcher.Launcher.onClickAppShortcut:3144 
W/PropertyValuesHolder(24744): Method setBrightness() with type int not found on target class class ph
W/PropertyValuesHolder(24744): Method getBrightness() with type int not found on target class class ph
W/Launcher(24744): No global search activity found.
W/DebugConnManager(24744): getNetworkInfo() on networkType 1
I/ActivityManager(  464): START u0 {act=android.intent.action.VIEW dat=http://launcher.us.yeshen.com/api/app/detail?id=com.extremefungames.mototrafficrace2 flg=0x10000000 cmp=com.android.browser/.BrowserActivity} from pid 24744
W/DebugConnManager(24744): getNetworkInfo() on networkType 1
W/DebugConnManager(24744): getNetworkInfo() on networkType 1
I/ActivityManager(  464): START u0 {act=android.intent.action.VIEW dat=http://launcher.us.yeshen.com/api/app/detail?id=com.outfit7.mytalkingangelafree flg=0x10000000 cmp=com.android.browser/.BrowserActivity} from pid 24744
W/DebugConnManager(24744): getNetworkInfo() on networkType 1
I/ActivityManager(  464): START u0 {act=android.intent.action.VIEW dat=http://launcher.us.yeshen.com/api/app/detail?id=air.com.hypah.io.slither flg=0x10000000 cmp=com.android.browser/.BrowserActivity} from pid 24744
I/ActivityManager(  464): START u0 {act=android.intent.action.CALL_BUTTON flg=0x10000000} from pid 24744
W/PhoneFallbackEventHandler(24744): No activity found for android.intent.action.CALL_BUTTON.
W/DebugConnManager(24744): getNetworkInfo() on networkType 1
I/ActivityManager(  464): START u0 {act=android.intent.action.VIEW dat=http://launcher.us.yeshen.com/api/app/detail?id=com.outfit7.mytalkingangelafree flg=0x10000000 cmp=com.android.browser/.BrowserActivity} from pid 24744
W/Launcher(24744): No global search activity found.
I/ActivityManager(  464): START u0 {act=android.intent.action.MAIN cat=[android.intent.category.LAUNCHER] flg=0x10200000 cmp=com.fotoable.makeup/com.fotoable.fotobeauty.SplashScreenActivity} from pid 10604
D/yeshen  (24744): launcher onpause
I/ActivityManager(  464): Start proc com.fotoable.makeup for activity com.fotoable.makeup/com.fotoable.fotobeauty.SplashScreenActivity: pid=11510 uid=10186 gids={50186, 3003, 1028, 1015, 1023}
W/NetworkManagementSocketTagger(  464): setKernelCountSet(10186, 1) failed with errno -13
I/dalvikvm(11510): ignoring registerObject request in thread=1
I/dalvikvm(11510): ignoring registerObject request in thread=1
D/dalvikvm(11510): DexOpt: couldn't find static field Landroid/os/Build;.SUPPORTED_32_BIT_ABIS
W/dalvikvm(11510): VFY: unable to resolve static field 3 (SUPPORTED_32_BIT_ABIS) in Landroid/os/Build;
D/dalvikvm(11510): VFY: replacing opcode 0x62 at 0x0000
D/dalvikvm(11510): JIT code cache reset in 0 ms (0 bytes 1/0)
D/dalvikvm(11510): GC_FOR_ALLOC freed 56K, 4% free 3158K/3280K, paused 4ms, total 5ms
D/dalvikvm(11510): GC_CONCURRENT freed <1K, 4% free 3491K/3616K, paused 1ms+2ms, total 10ms
D/dalvikvm(11510): Trying to load lib /data/data/com.fotoable.makeup/.jiagu/libjiagu.so 0x94fd79d8
D/dalvikvm(11510): Added shared lib /data/data/com.fotoable.makeup/.jiagu/libjiagu.so 0x94fd79d8
D/AndroidRuntime(11510): Shutting down VM
W/dalvikvm(11510): threadid=1: thread exiting with uncaught exception (group=0x94d12b20)
E/AndroidRuntime(11510): FATAL EXCEPTION: main
E/AndroidRuntime(11510): Process: com.fotoable.makeup, PID: 11510
E/AndroidRuntime(11510): java.lang.UnsatisfiedLinkError: JNI_ERR returned from JNI_OnLoad in "/data/data/com.fotoable.makeup/.jiagu/libjiagu.so"
E/AndroidRuntime(11510): 	at java.lang.Runtime.load(Runtime.java:333)
E/AndroidRuntime(11510): 	at java.lang.System.load(System.java:512)
E/AndroidRuntime(11510): 	at com.qihoo.util.StubApp3842184947.attachBaseContext(StubApp3842184947.java:191)
E/AndroidRuntime(11510): 	at android.app.Application.attach(Application.java:181)
E/AndroidRuntime(11510): 	at android.app.Instrumentation.newApplication(Instrumentation.java:1008)
E/AndroidRuntime(11510): 	at android.app.Instrumentation.newApplication(Instrumentation.java:992)
E/AndroidRuntime(11510): 	at android.app.LoadedApk.makeApplication(LoadedApk.java:511)
E/AndroidRuntime(11510): 	at android.app.ActivityThread.handleBindApplication(ActivityThread.java:4319)
E/AndroidRuntime(11510): 	at android.app.ActivityThread.access$1500(ActivityThread.java:135)
E/AndroidRuntime(11510): 	at android.app.ActivityThread$H.handleMessage(ActivityThread.java:1256)
E/AndroidRuntime(11510): 	at android.os.Handler.dispatchMessage(Handler.java:102)
E/AndroidRuntime(11510): 	at android.os.Looper.loop(Looper.java:136)
E/AndroidRuntime(11510): 	at android.app.ActivityThread.main(ActivityThread.java:5019)
E/AndroidRuntime(11510): 	at java.lang.reflect.Method.invokeNative(Native Method)
E/AndroidRuntime(11510): 	at java.lang.reflect.Method.invoke(Method.java:515)
E/AndroidRuntime(11510): 	at com.android.internal.os.ZygoteInit$MethodAndArgsCaller.run(ZygoteInit.java:779)
E/AndroidRuntime(11510): 	at com.android.internal.os.ZygoteInit.main(ZygoteInit.java:595)
E/AndroidRuntime(11510): 	at dalvik.system.NativeStart.main(Native Method)
I/Process (  464): Sending signal. PID: 11510 SIG: 9
W/ActivityManager(  464): Force-killing crashed app com.fotoable.makeup at watcher's request
W/ContextImpl(  464): Calling a method in the system process without a qualified user: android.app.ContextImpl.sendBroadcast:1123 com.android.server.am.ActivityManagerService.handleApplicationCrashInner:9670 com.android.server.am.ActivityManagerService.handleApplicationCrash:9644 android.app.ActivityManagerNative.onTransact:1311 com.android.server.am.ActivityManagerService.onTransact:2071 
I/ActivityManager(  464): Process com.fotoable.makeup (pid 11510) has died.
I/ActivityManager(  464): Start proc com.fotoable.makeup for activity com.fotoable.makeup/com.fotoable.fotobeauty.SplashScreenActivity: pid=11526 uid=10186 gids={50186, 3003, 1028, 1015, 1023}
W/NetworkManagementSocketTagger(  464): setKernelCountSet(10186, 0) failed with errno -13
W/NetworkManagementSocketTagger(  464): setKernelCountSet(10186, 1) failed with errno -13
I/dalvikvm(11526): ignoring registerObject request in thread=1
I/dalvikvm(11526): ignoring registerObject request in thread=1
D/dalvikvm(11526): DexOpt: couldn't find static field Landroid/os/Build;.SUPPORTED_32_BIT_ABIS
W/dalvikvm(11526): VFY: unable to resolve static field 3 (SUPPORTED_32_BIT_ABIS) in Landroid/os/Build;
D/dalvikvm(11526): VFY: replacing opcode 0x62 at 0x0000
D/dalvikvm(11526): JIT code cache reset in 0 ms (0 bytes 1/0)
D/dalvikvm(11526): GC_FOR_ALLOC freed 60K, 4% free 3158K/3284K, paused 2ms, total 2ms
D/dalvikvm(11526): GC_CONCURRENT freed <1K, 4% free 3491K/3620K, paused 2ms+0ms, total 4ms
D/dalvikvm(11526): Trying to load lib /data/data/com.fotoable.makeup/.jiagu/libjiagu.so 0x94fd8880
D/dalvikvm(11526): Added shared lib /data/data/com.fotoable.makeup/.jiagu/libjiagu.so 0x94fd8880
D/AndroidRuntime(11526): Shutting down VM
W/dalvikvm(11526): threadid=1: thread exiting with uncaught exception (group=0x94d12b20)
I/Process (  464): Sending signal. PID: 11526 SIG: 9
E/AndroidRuntime(11526): FATAL EXCEPTION: main
E/AndroidRuntime(11526): Process: com.fotoable.makeup, PID: 11526
E/AndroidRuntime(11526): java.lang.UnsatisfiedLinkError: JNI_ERR returned from JNI_OnLoad in "/data/data/com.fotoable.makeup/.jiagu/libjiagu.so"
E/AndroidRuntime(11526): 	at java.lang.Runtime.load(Runtime.java:333)
E/AndroidRuntime(11526): 	at java.lang.System.load(System.java:512)
E/AndroidRuntime(11526): 	at com.qihoo.util.StubApp3842184947.attachBaseContext(StubApp3842184947.java:191)
E/AndroidRuntime(11526): 	at android.app.Application.attach(Application.java:181)
E/AndroidRuntime(11526): 	at android.app.Instrumentation.newApplication(Instrumentation.java:1008)
E/AndroidRuntime(11526): 	at android.app.Instrumentation.newApplication(Instrumentation.java:992)
E/AndroidRuntime(11526): 	at android.app.LoadedApk.makeApplication(LoadedApk.java:511)
E/AndroidRuntime(11526): 	at android.app.ActivityThread.handleBindApplication(ActivityThread.java:4319)
E/AndroidRuntime(11526): 	at android.app.ActivityThread.access$1500(ActivityThread.java:135)
E/AndroidRuntime(11526): 	at android.app.ActivityThread$H.handleMessage(ActivityThread.java:1256)
E/AndroidRuntime(11526): 	at android.os.Handler.dispatchMessage(Handler.java:102)
E/AndroidRuntime(11526): 	at android.os.Looper.loop(Looper.java:136)
E/AndroidRuntime(11526): 	at android.app.ActivityThread.main(ActivityThread.java:5019)
E/AndroidRuntime(11526): 	at java.lang.reflect.Method.invokeNative(Native Method)
E/AndroidRuntime(11526): 	at java.lang.reflect.Method.invoke(Method.java:515)
E/AndroidRuntime(11526): 	at com.android.internal.os.ZygoteInit$MethodAndArgsCaller.run(ZygoteInit.java:779)
E/AndroidRuntime(11526): 	at com.android.internal.os.ZygoteInit.main(ZygoteInit.java:595)
E/AndroidRuntime(11526): 	at dalvik.system.NativeStart.main(Native Method)
W/ActivityManager(  464): Force-killing crashed app com.fotoable.makeup at watcher's request
W/ContextImpl(  464): Calling a method in the system process without a qualified user: android.app.ContextImpl.sendBroadcast:1123 com.android.server.am.ActivityManagerService.handleApplicationCrashInner:9670 com.android.server.am.ActivityManagerService.handleApplicationCrash:9644 android.app.ActivityManagerNative.onTransact:1311 com.android.server.am.ActivityManagerService.onTransact:2071 
W/NetworkManagementSocketTagger(  464): setKernelCountSet(10186, 0) failed with errno -13
I/ActivityManager(  464): Process com.fotoable.makeup (pid 11526) has died.
I/ActivityManager(  464): Start proc com.fotoable.makeup for activity com.fotoable.makeup/com.fotoable.fotobeauty.SplashScreenActivity: pid=11543 uid=10186 gids={50186, 3003, 1028, 1015, 1023}
W/NetworkManagementSocketTagger(  464): setKernelCountSet(10186, 1) failed with errno -13
I/dalvikvm(11543): ignoring registerObject request in thread=1
I/dalvikvm(11543): ignoring registerObject request in thread=1
D/dalvikvm(11543): DexOpt: couldn't find static field Landroid/os/Build;.SUPPORTED_32_BIT_ABIS
W/dalvikvm(11543): VFY: unable to resolve static field 3 (SUPPORTED_32_BIT_ABIS) in Landroid/os/Build;
D/dalvikvm(11543): VFY: replacing opcode 0x62 at 0x0000
D/dalvikvm(11543): JIT code cache reset in 0 ms (0 bytes 1/0)
D/dalvikvm(11543): GC_CONCURRENT freed 64K, 4% free 3158K/3288K, paused 2ms+1ms, total 5ms
D/dalvikvm(11543): Trying to load lib /data/data/com.fotoable.makeup/.jiagu/libjiagu.so 0x94fd9730
D/dalvikvm(11543): Added shared lib /data/data/com.fotoable.makeup/.jiagu/libjiagu.so 0x94fd9730
D/dalvikvm(  713): GC_EXPLICIT freed 617K, 40% free 9542K/15900K, paused 2ms+2ms, total 23ms
D/AndroidRuntime(11543): Shutting down VM
W/dalvikvm(11543): threadid=1: thread exiting with uncaught exception (group=0x94d12b20)
I/Process (  464): Sending signal. PID: 11543 SIG: 9
E/AndroidRuntime(11543): FATAL EXCEPTION: main
E/AndroidRuntime(11543): Process: com.fotoable.makeup, PID: 11543
E/AndroidRuntime(11543): java.lang.UnsatisfiedLinkError: JNI_ERR returned from JNI_OnLoad in "/data/data/com.fotoable.makeup/.jiagu/libjiagu.so"
E/AndroidRuntime(11543): 	at java.lang.Runtime.load(Runtime.java:333)
E/AndroidRuntime(11543): 	at java.lang.System.load(System.java:512)
E/AndroidRuntime(11543): 	at com.qihoo.util.StubApp3842184947.attachBaseContext(StubApp3842184947.java:191)
E/AndroidRuntime(11543): 	at android.app.Application.attach(Application.java:181)
E/AndroidRuntime(11543): 	at android.app.Instrumentation.newApplication(Instrumentation.java:1008)
E/AndroidRuntime(11543): 	at android.app.Instrumentation.newApplication(Instrumentation.java:992)
E/AndroidRuntime(11543): 	at android.app.LoadedApk.makeApplication(LoadedApk.java:511)
E/AndroidRuntime(11543): 	at android.app.ActivityThread.handleBindApplication(ActivityThread.java:4319)
E/AndroidRuntime(11543): 	at android.app.ActivityThread.access$1500(ActivityThread.java:135)
E/AndroidRuntime(11543): 	at android.app.ActivityThread$H.handleMessage(ActivityThread.java:1256)
E/AndroidRuntime(11543): 	at android.os.Handler.dispatchMessage(Handler.java:102)
E/AndroidRuntime(11543): 	at android.os.Looper.loop(Looper.java:136)
E/AndroidRuntime(11543): 	at android.app.ActivityThread.main(ActivityThread.java:5019)
E/AndroidRuntime(11543): 	at java.lang.reflect.Method.invokeNative(Native Method)
E/AndroidRuntime(11543): 	at java.lang.reflect.Method.invoke(Method.java:515)
E/AndroidRuntime(11543): 	at com.android.internal.os.ZygoteInit$MethodAndArgsCaller.run(ZygoteInit.java:779)
E/AndroidRuntime(11543): 	at com.android.internal.os.ZygoteInit.main(ZygoteInit.java:595)
E/AndroidRuntime(11543): 	at dalvik.system.NativeStart.main(Native Method)
W/ActivityManager(  464): Force-killing crashed app com.fotoable.makeup at watcher's request
W/ContextImpl(  464): Calling a method in the system process without a qualified user: android.app.ContextImpl.sendBroadcast:1123 com.android.server.am.ActivityManagerService.handleApplicationCrashInner:9670 com.android.server.am.ActivityManagerService.handleApplicationCrash:9644 android.app.ActivityManagerNative.onTransact:1311 com.android.server.am.ActivityManagerService.onTransact:2071 
I/ActivityManager(  464): Process com.fotoable.makeup (pid 11543) has died.
W/NetworkManagementSocketTagger(  464): setKernelCountSet(10186, 0) failed with errno -13
W/ActivityManager(  464): Force removing ActivityRecord{4aa0e6b0 u0 com.fotoable.makeup/com.fotoable.fotobeauty.SplashScreenActivity t560}: app died, no saved state
W/ViewRootImpl(24744): Dropping event due to no window focus: KeyEvent { action=ACTION_DOWN, keyCode=KEYCODE_DPAD_RIGHT, scanCode=0, metaState=0, flags=0x8, repeatCount=0, eventTime=16179685, downTime=16179685, deviceId=-1, source=0x101 }
W/InputMethodManagerService(  464): Window already focused, ignoring focus gain of: com.android.internal.view.IInputMethodClient$Stub$Proxy@4aa0ef34 attribute=null, token = android.os.BinderProxy@4aae970c
W/DebugConnManager(24744): getNetworkInfo() on networkType 1
I/ActivityManager(  464): START u0 {act=android.intent.action.VIEW dat=http://launcher.us.yeshen.com/api/app/detail?id=com.extremefungames.mototrafficrace2 flg=0x10000000 cmp=com.android.browser/.BrowserActivity} from pid 24744
I/ActivityManager(  464): START u0 {act=android.intent.action.MAIN cat=[android.intent.category.LAUNCHER] flg=0x10200000 cmp=com.fotoable.makeup/com.fotoable.fotobeauty.SplashScreenActivity} from pid 10604
D/yeshen  (24744): launcher onpause
I/ActivityManager(  464): Start proc com.fotoable.makeup for activity com.fotoable.makeup/com.fotoable.fotobeauty.SplashScreenActivity: pid=11561 uid=10186 gids={50186, 3003, 1028, 1015, 1023}
W/NetworkManagementSocketTagger(  464): setKernelCountSet(10186, 1) failed with errno -13
I/dalvikvm(11561): ignoring registerObject request in thread=1
I/dalvikvm(11561): ignoring registerObject request in thread=1
D/dalvikvm(11561): DexOpt: couldn't find static field Landroid/os/Build;.SUPPORTED_32_BIT_ABIS
W/dalvikvm(11561): VFY: unable to resolve static field 3 (SUPPORTED_32_BIT_ABIS) in Landroid/os/Build;
D/dalvikvm(11561): VFY: replacing opcode 0x62 at 0x0000
D/dalvikvm(11561): JIT code cache reset in 0 ms (0 bytes 1/0)
D/dalvikvm(11561): GC_FOR_ALLOC freed 67K, 5% free 3158K/3292K, paused 6ms, total 6ms
D/dalvikvm(11561): GC_CONCURRENT freed <1K, 4% free 3491K/3628K, paused 2ms+2ms, total 5ms
D/dalvikvm(11561): Trying to load lib /data/data/com.fotoable.makeup/.jiagu/libjiagu.so 0x94fda5e8
D/dalvikvm(11561): Added shared lib /data/data/com.fotoable.makeup/.jiagu/libjiagu.so 0x94fda5e8
D/AndroidRuntime(11561): Shutting down VM
W/dalvikvm(11561): threadid=1: thread exiting with uncaught exception (group=0x94d12b20)
E/AndroidRuntime(11561): FATAL EXCEPTION: main
E/AndroidRuntime(11561): Process: com.fotoable.makeup, PID: 11561
E/AndroidRuntime(11561): java.lang.UnsatisfiedLinkError: JNI_ERR returned from JNI_OnLoad in "/data/data/com.fotoable.makeup/.jiagu/libjiagu.so"
E/AndroidRuntime(11561): 	at java.lang.Runtime.load(Runtime.java:333)
E/AndroidRuntime(11561): 	at java.lang.System.load(System.java:512)
E/AndroidRuntime(11561): 	at com.qihoo.util.StubApp3842184947.attachBaseContext(StubApp3842184947.java:191)
E/AndroidRuntime(11561): 	at android.app.Application.attach(Application.java:181)
E/AndroidRuntime(11561): 	at android.app.Instrumentation.newApplication(Instrumentation.java:1008)
E/AndroidRuntime(11561): 	at android.app.Instrumentation.newApplication(Instrumentation.java:992)
E/AndroidRuntime(11561): 	at android.app.LoadedApk.makeApplication(LoadedApk.java:511)
E/AndroidRuntime(11561): 	at android.app.ActivityThread.handleBindApplication(ActivityThread.java:4319)
E/AndroidRuntime(11561): 	at android.app.ActivityThread.access$1500(ActivityThread.java:135)
E/AndroidRuntime(11561): 	at android.app.ActivityThread$H.handleMessage(ActivityThread.java:1256)
E/AndroidRuntime(11561): 	at android.os.Handler.dispatchMessage(Handler.java:102)
E/AndroidRuntime(11561): 	at android.os.Looper.loop(Looper.java:136)
E/AndroidRuntime(11561): 	at android.app.ActivityThread.main(ActivityThread.java:5019)
E/AndroidRuntime(11561): 	at java.lang.reflect.Method.invokeNative(Native Method)
E/AndroidRuntime(11561): 	at java.lang.reflect.Method.invoke(Method.java:515)
E/AndroidRuntime(11561): 	at com.android.internal.os.ZygoteInit$MethodAndArgsCaller.run(ZygoteInit.java:779)
E/AndroidRuntime(11561): 	at com.android.internal.os.ZygoteInit.main(ZygoteInit.java:595)
E/AndroidRuntime(11561): 	at dalvik.system.NativeStart.main(Native Method)
I/Process (  464): Sending signal. PID: 11561 SIG: 9
W/ActivityManager(  464): Force-killing crashed app com.fotoable.makeup at watcher's request
W/ContextImpl(  464): Calling a method in the system process without a qualified user: android.app.ContextImpl.sendBroadcast:1123 com.android.server.am.ActivityManagerService.handleApplicationCrashInner:9670 com.android.server.am.ActivityManagerService.handleApplicationCrash:9644 android.app.ActivityManagerNative.onTransact:1311 com.android.server.am.ActivityManagerService.onTransact:2071 
W/NetworkManagementSocketTagger(  464): setKernelCountSet(10186, 0) failed with errno -13
I/ActivityManager(  464): Process com.fotoable.makeup (pid 11561) has died.
D/dalvikvm(  168): GC_EXPLICIT freed 40K, 4% free 2787K/2884K, paused 1ms+0ms, total 5ms
I/ActivityManager(  464): Start proc com.fotoable.makeup for activity com.fotoable.makeup/com.fotoable.fotobeauty.SplashScreenActivity: pid=11578 uid=10186 gids={50186, 3003, 1028, 1015, 1023}
D/dalvikvm(  168): GC_EXPLICIT freed <1K, 4% free 2787K/2884K, paused 2ms+1ms, total 5ms
D/dalvikvm(  168): GC_EXPLICIT freed <1K, 4% free 2787K/2884K, paused 0ms+0ms, total 3ms
I/dalvikvm(11578): ignoring registerObject request in thread=1
I/dalvikvm(11578): ignoring registerObject request in thread=1
W/NetworkManagementSocketTagger(  464): setKernelCountSet(10186, 1) failed with errno -13
D/dalvikvm(11578): DexOpt: couldn't find static field Landroid/os/Build;.SUPPORTED_32_BIT_ABIS
W/dalvikvm(11578): VFY: unable to resolve static field 3 (SUPPORTED_32_BIT_ABIS) in Landroid/os/Build;
D/dalvikvm(11578): VFY: replacing opcode 0x62 at 0x0000
D/dalvikvm(11578): JIT code cache reset in 0 ms (0 bytes 1/0)
D/dalvikvm(11578): GC_CONCURRENT freed 71K, 5% free 3158K/3296K, paused 2ms+1ms, total 5ms
D/dalvikvm(11578): Trying to load lib /data/data/com.fotoable.makeup/.jiagu/libjiagu.so 0x94fdb490
D/dalvikvm(11578): Added shared lib /data/data/com.fotoable.makeup/.jiagu/libjiagu.so 0x94fdb490
D/AndroidRuntime(11578): Shutting down VM
W/dalvikvm(11578): threadid=1: thread exiting with uncaught exception (group=0x94d12b20)
I/Process (  464): Sending signal. PID: 11578 SIG: 9
E/AndroidRuntime(11578): FATAL EXCEPTION: main
E/AndroidRuntime(11578): Process: com.fotoable.makeup, PID: 11578
E/AndroidRuntime(11578): java.lang.UnsatisfiedLinkError: JNI_ERR returned from JNI_OnLoad in "/data/data/com.fotoable.makeup/.jiagu/libjiagu.so"
E/AndroidRuntime(11578): 	at java.lang.Runtime.load(Runtime.java:333)
E/AndroidRuntime(11578): 	at java.lang.System.load(System.java:512)
E/AndroidRuntime(11578): 	at com.qihoo.util.StubApp3842184947.attachBaseContext(StubApp3842184947.java:191)
E/AndroidRuntime(11578): 	at android.app.Application.attach(Application.java:181)
E/AndroidRuntime(11578): 	at android.app.Instrumentation.newApplication(Instrumentation.java:1008)
E/AndroidRuntime(11578): 	at android.app.Instrumentation.newApplication(Instrumentation.java:992)
E/AndroidRuntime(11578): 	at android.app.LoadedApk.makeApplication(LoadedApk.java:511)
E/AndroidRuntime(11578): 	at android.app.ActivityThread.handleBindApplication(ActivityThread.java:4319)
E/AndroidRuntime(11578): 	at android.app.ActivityThread.access$1500(ActivityThread.java:135)
E/AndroidRuntime(11578): 	at android.app.ActivityThread$H.handleMessage(ActivityThread.java:1256)
E/AndroidRuntime(11578): 	at android.os.Handler.dispatchMessage(Handler.java:102)
E/AndroidRuntime(11578): 	at android.os.Looper.loop(Looper.java:136)
E/AndroidRuntime(11578): 	at android.app.ActivityThread.main(ActivityThread.java:5019)
E/AndroidRuntime(11578): 	at java.lang.reflect.Method.invokeNative(Native Method)
E/AndroidRuntime(11578): 	at java.lang.reflect.Method.invoke(Method.java:515)
E/AndroidRuntime(11578): 	at com.android.internal.os.ZygoteInit$MethodAndArgsCaller.run(ZygoteInit.java:779)
E/AndroidRuntime(11578): 	at com.android.internal.os.ZygoteInit.main(ZygoteInit.java:595)
E/AndroidRuntime(11578): 	at dalvik.system.NativeStart.main(Native Method)
W/ActivityManager(  464): Force-killing crashed app com.fotoable.makeup at watcher's request
W/ContextImpl(  464): Calling a method in the system process without a qualified user: android.app.ContextImpl.sendBroadcast:1123 com.android.server.am.ActivityManagerService.handleApplicationCrashInner:9670 com.android.server.am.ActivityManagerService.handleApplicationCrash:9644 android.app.ActivityManagerNative.onTransact:1311 com.android.server.am.ActivityManagerService.onTransact:2071 
W/NetworkManagementSocketTagger(  464): setKernelCountSet(10186, 0) failed with errno -13
I/ActivityManager(  464): Process com.fotoable.makeup (pid 11578) has died.
I/ActivityManager(  464): Start proc com.fotoable.makeup for activity com.fotoable.makeup/com.fotoable.fotobeauty.SplashScreenActivity: pid=11594 uid=10186 gids={50186, 3003, 1028, 1015, 1023}
W/NetworkManagementSocketTagger(  464): setKernelCountSet(10186, 1) failed with errno -13
I/dalvikvm(11594): ignoring registerObject request in thread=1
I/dalvikvm(11594): ignoring registerObject request in thread=1
D/dalvikvm(11594): DexOpt: couldn't find static field Landroid/os/Build;.SUPPORTED_32_BIT_ABIS
W/dalvikvm(11594): VFY: unable to resolve static field 3 (SUPPORTED_32_BIT_ABIS) in Landroid/os/Build;
D/dalvikvm(11594): VFY: replacing opcode 0x62 at 0x0000
D/dalvikvm(11594): JIT code cache reset in 0 ms (0 bytes 1/0)
D/dalvikvm(11594): GC_FOR_ALLOC freed 34K, 3% free 3158K/3256K, paused 3ms, total 3ms
D/dalvikvm(11594): GC_CONCURRENT freed 0K, 3% free 3491K/3592K, paused 0ms+4ms, total 5ms
D/dalvikvm(11594): Trying to load lib /data/data/com.fotoable.makeup/.jiagu/libjiagu.so 0x94fd1c38
D/dalvikvm(11594): Added shared lib /data/data/com.fotoable.makeup/.jiagu/libjiagu.so 0x94fd1c38
D/AndroidRuntime(11594): Shutting down VM
W/dalvikvm(11594): threadid=1: thread exiting with uncaught exception (group=0x94d12b20)
I/Process (  464): Sending signal. PID: 11594 SIG: 9
