D/ColorInfoDao(23984): Failure of cursor.moveToFirst().
D/PanelDataCenter(23984): formatEngineColorString(), Info. engineColorString is null
D/ColorInfoDao(23984): Failure of cursor.moveToFirst().
D/PanelDataCenter(23984): formatEngineColorString(), Info. engineColorString is null
D/ColorInfoDao(23984): Failure of cursor.moveToFirst().
D/PanelDataCenter(23984): formatEngineColorString(), Info. engineColorString is null
D/ColorInfoDao(23984): Failure of cursor.moveToFirst().
D/PanelDataCenter(23984): formatEngineColorString(), Info. engineColorString is null
D/ColorInfoDao(23984): Failure of cursor.moveToFirst().
D/PanelDataCenter(23984): formatEngineColorString(), Info. engineColorString is null
D/ColorInfoDao(23984): Failure of cursor.moveToFirst().
D/PanelDataCenter(23984): formatEngineColorString(), Info. engineColorString is null
D/ColorInfoDao(23984): Failure of cursor.moveToFirst().
D/PanelDataCenter(23984): formatEngineColorString(), Info. engineColorString is null
D/ColorInfoDao(23984): Failure of cursor.moveToFirst().
D/PanelDataCenter(23984): formatEngineColorString(), Info. engineColorString is null
D/ColorInfoDao(23984): Failure of cursor.moveToFirst().
D/PanelDataCenter(23984): formatEngineColorString(), Info. engineColorString is null
D/ColorInfoDao(23984): Failure of cursor.moveToFirst().
D/PanelDataCenter(23984): formatEngineColorString(), Info. engineColorString is null
D/ColorInfoDao(23984): Failure of cursor.moveToFirst().
D/PanelDataCenter(23984): formatEngineColorString(), Info. engineColorString is null
D/ColorInfoDao(23984): Failure of cursor.moveToFirst().
D/PanelDataCenter(23984): formatEngineColorString(), Info. engineColorString is null
D/ColorInfoDao(23984): Failure of cursor.moveToFirst().
D/PanelDataCenter(23984): formatEngineColorString(), Info. engineColorString is null
D/ColorInfoDao(23984): Failure of cursor.moveToFirst().
D/PanelDataCenter(23984): formatEngineColorString(), Info. engineColorString is null
D/ColorInfoDao(23984): Failure of cursor.moveToFirst().
D/PanelDataCenter(23984): formatEngineColorString(), Info. engineColorString is null
D/ColorInfoDao(23984): Failure of cursor.moveToFirst().
D/PanelDataCenter(23984): formatEngineColorString(), Info. engineColorString is null
D/ColorInfoDao(23984): Failure of cursor.moveToFirst().
D/PanelDataCenter(23984): formatEngineColorString(), Info. engineColorString is null
D/ColorInfoDao(23984): Failure of cursor.moveToFirst().
D/PanelDataCenter(23984): formatEngineColorString(), Info. engineColorString is null
D/ColorInfoDao(23984): Failure of cursor.moveToFirst().
D/PanelDataCenter(23984): formatEngineColorString(), Info. engineColorString is null
D/ColorInfoDao(23984): Failure of cursor.moveToFirst().
D/PanelDataCenter(23984): formatEngineColorString(), Info. engineColorString is null
D/ColorInfoDao(23984): Failure of cursor.moveToFirst().
D/PanelDataCenter(23984): formatEngineColorString(), Info. engineColorString is null
D/ColorInfoDao(23984): Failure of cursor.moveToFirst().
D/PanelDataCenter(23984): formatEngineColorString(), Info. engineColorString is null
D/ColorInfoDao(23984): Failure of cursor.moveToFirst().
D/PanelDataCenter(23984): formatEngineColorString(), Info. engineColorString is null
D/ColorInfoDao(23984): Failure of cursor.moveToFirst().
D/PanelDataCenter(23984): formatEngineColorString(), Info. engineColorString is null
D/ColorInfoDao(23984): Failure of cursor.moveToFirst().
D/PanelDataCenter(23984): formatEngineColorString(), Info. engineColorString is null
D/ColorInfoDao(23984): Failure of cursor.moveToFirst().
D/PanelDataCenter(23984): formatEngineColorString(), Info. engineColorString is null
W/EGL_emulation(23984): eglSurfaceAttrib not implemented 3093 12436
D/ColorInfoDao(23984): Failure of cursor.moveToFirst().
D/PanelDataCenter(23984): formatEngineColorString(), Info. engineColorString is null
D/ColorInfoDao(23984): Failure of cursor.moveToFirst().
D/PanelDataCenter(23984): formatEngineColorString(), Info. engineColorString is null
D/ColorInfoDao(23984): Failure of cursor.moveToFirst().
D/PanelDataCenter(23984): formatEngineColorString(), Info. engineColorString is null
D/ColorInfoDao(23984): Failure of cursor.moveToFirst().
D/PanelDataCenter(23984): formatEngineColorString(), Info. engineColorString is null
D/ColorInfoDao(23984): Failure of cursor.moveToFirst().
D/PanelDataCenter(23984): formatEngineColorString(), Info. engineColorString is null
D/ColorInfoDao(23984): Failure of cursor.moveToFirst().
D/PanelDataCenter(23984): formatEngineColorString(), Info. engineColorString is null
D/ColorInfoDao(23984): Failure of cursor.moveToFirst().
D/PanelDataCenter(23984): formatEngineColorString(), Info. engineColorString is null
D/ColorInfoDao(23984): Failure of cursor.moveToFirst().
D/PanelDataCenter(23984): formatEngineColorString(), Info. engineColorString is null
D/ColorInfoDao(23984): Failure of cursor.moveToFirst().
D/PanelDataCenter(23984): formatEngineColorString(), Info. engineColorString is null
D/ColorInfoDao(23984): Failure of cursor.moveToFirst().
D/PanelDataCenter(23984): formatEngineColorString(), Info. engineColorString is null
D/ColorInfoDao(23984): Failure of cursor.moveToFirst().
D/PanelDataCenter(23984): formatEngineColorString(), Info. engineColorString is null
D/ColorInfoDao(23984): Failure of cursor.moveToFirst().
D/PanelDataCenter(23984): formatEngineColorString(), Info. engineColorString is null
D/ColorInfoDao(23984): Failure of cursor.moveToFirst().
D/PanelDataCenter(23984): formatEngineColorString(), Info. engineColorString is null
D/ColorInfoDao(23984): Failure of cursor.moveToFirst().
D/PanelDataCenter(23984): formatEngineColorString(), Info. engineColorString is null
D/ColorInfoDao(23984): Failure of cursor.moveToFirst().
D/PanelDataCenter(23984): formatEngineColorString(), Info. engineColorString is null
D/ColorInfoDao(23984): Failure of cursor.moveToFirst().
D/PanelDataCenter(23984): formatEngineColorString(), Info. engineColorString is null
D/ColorInfoDao(23984): Failure of cursor.moveToFirst().
D/PanelDataCenter(23984): formatEngineColorString(), Info. engineColorString is null
D/ColorInfoDao(23984): Failure of cursor.moveToFirst().
D/PanelDataCenter(23984): formatEngineColorString(), Info. engineColorString is null
D/ColorInfoDao(23984): Failure of cursor.moveToFirst().
D/PanelDataCenter(23984): formatEngineColorString(), Info. engineColorString is null
D/ColorInfoDao(23984): Failure of cursor.moveToFirst().
D/PanelDataCenter(23984): formatEngineColorString(), Info. engineColorString is null
D/ColorInfoDao(23984): Failure of cursor.moveToFirst().
D/PanelDataCenter(23984): formatEngineColorString(), Info. engineColorString is null
D/ColorInfoDao(23984): Failure of cursor.moveToFirst().
D/PanelDataCenter(23984): formatEngineColorString(), Info. engineColorString is null
D/ColorInfoDao(23984): Failure of cursor.moveToFirst().
D/PanelDataCenter(23984): formatEngineColorString(), Info. engineColorString is null
D/ColorInfoDao(23984): Failure of cursor.moveToFirst().
D/PanelDataCenter(23984): formatEngineColorString(), Info. engineColorString is null
D/ColorInfoDao(23984): Failure of cursor.moveToFirst().
D/PanelDataCenter(23984): formatEngineColorString(), Info. engineColorString is null
D/ColorInfoDao(23984): Failure of cursor.moveToFirst().
D/PanelDataCenter(23984): formatEngineColorString(), Info. engineColorString is null
D/ColorInfoDao(23984): Failure of cursor.moveToFirst().
D/PanelDataCenter(23984): formatEngineColorString(), Info. engineColorString is null
D/ColorInfoDao(23984): Failure of cursor.moveToFirst().
D/PanelDataCenter(23984): formatEngineColorString(), Info. engineColorString is null
D/ColorInfoDao(23984): Failure of cursor.moveToFirst().
D/PanelDataCenter(23984): formatEngineColorString(), Info. engineColorString is null
W/ViewRootImpl(23984): Dropping event due to no window focus: KeyEvent { action=ACTION_DOWN, keyCode=KEYCODE_4, scanCode=0, metaState=0, flags=0x8, repeatCount=0, eventTime=5819954, downTime=5819954, deviceId=-1, source=0x101 }
W/ContextImpl(  478): Calling a method in the system process without a qualified user: android.app.ContextImpl.sendBroadcast:1123 com.android.server.InputMethodManagerService.hideCurrentInputLocked:1880 com.android.server.InputMethodManagerService.windowGainedFocus:1968 com.android.internal.view.IInputMethodManager$Stub.onTransact:221 com.android.server.InputMethodManagerService.onTransact:818 
D/ColorInfoDao(23984): Failure of cursor.moveToFirst().
D/PanelDataCenter(23984): formatEngineColorString(), Info. engineColorString is null
D/ColorInfoDao(23984): Failure of cursor.moveToFirst().
D/PanelDataCenter(23984): formatEngineColorString(), Info. engineColorString is null
D/ColorInfoDao(23984): Failure of cursor.moveToFirst().
D/PanelDataCenter(23984): formatEngineColorString(), Info. engineColorString is null
D/ColorInfoDao(23984): Failure of cursor.moveToFirst().
D/PanelDataCenter(23984): formatEngineColorString(), Info. engineColorString is null
D/ColorInfoDao(23984): Failure of cursor.moveToFirst().
D/PanelDataCenter(23984): formatEngineColorString(), Info. engineColorString is null
D/ColorInfoDao(23984): Failure of cursor.moveToFirst().
D/PanelDataCenter(23984): formatEngineColorString(), Info. engineColorString is null
D/ColorInfoDao(23984): Failure of cursor.moveToFirst().
D/PanelDataCenter(23984): formatEngineColorString(), Info. engineColorString is null
D/ColorInfoDao(23984): Failure of cursor.moveToFirst().
D/PanelDataCenter(23984): formatEngineColorString(), Info. engineColorString is null
D/ColorInfoDao(23984): Failure of cursor.moveToFirst().
D/PanelDataCenter(23984): formatEngineColorString(), Info. engineColorString is null
D/ColorInfoDao(23984): Failure of cursor.moveToFirst().
D/PanelDataCenter(23984): formatEngineColorString(), Info. engineColorString is null
D/ColorInfoDao(23984): Failure of cursor.moveToFirst().
D/PanelDataCenter(23984): formatEngineColorString(), Info. engineColorString is null
D/ColorInfoDao(23984): Failure of cursor.moveToFirst().
D/PanelDataCenter(23984): formatEngineColorString(), Info. engineColorString is null
D/ColorInfoDao(23984): Failure of cursor.moveToFirst().
D/PanelDataCenter(23984): formatEngineColorString(), Info. engineColorString is null
D/ColorInfoDao(23984): Failure of cursor.moveToFirst().
D/PanelDataCenter(23984): formatEngineColorString(), Info. engineColorString is null
D/ColorInfoDao(23984): Failure of cursor.moveToFirst().
D/PanelDataCenter(23984): formatEngineColorString(), Info. engineColorString is null
D/ColorInfoDao(23984): Failure of cursor.moveToFirst().
D/PanelDataCenter(23984): formatEngineColorString(), Info. engineColorString is null
D/ColorInfoDao(23984): Failure of cursor.moveToFirst().
D/PanelDataCenter(23984): formatEngineColorString(), Info. engineColorString is null
D/ColorInfoDao(23984): Failure of cursor.moveToFirst().
D/PanelDataCenter(23984): formatEngineColorString(), Info. engineColorString is null
D/ColorInfoDao(23984): Failure of cursor.moveToFirst().
D/PanelDataCenter(23984): formatEngineColorString(), Info. engineColorString is null
D/ColorInfoDao(23984): Failure of cursor.moveToFirst().
D/PanelDataCenter(23984): formatEngineColorString(), Info. engineColorString is null
D/ColorInfoDao(23984): Failure of cursor.moveToFirst().
D/PanelDataCenter(23984): formatEngineColorString(), Info. engineColorString is null
D/ColorInfoDao(23984): Failure of cursor.moveToFirst().
D/PanelDataCenter(23984): formatEngineColorString(), Info. engineColorString is null
D/ColorInfoDao(23984): Failure of cursor.moveToFirst().
D/PanelDataCenter(23984): formatEngineColorString(), Info. engineColorString is null
D/ColorInfoDao(23984): Failure of cursor.moveToFirst().
D/PanelDataCenter(23984): formatEngineColorString(), Info. engineColorString is null
D/ColorInfoDao(23984): Failure of cursor.moveToFirst().
D/PanelDataCenter(23984): formatEngineColorString(), Info. engineColorString is null
D/ColorInfoDao(23984): Failure of cursor.moveToFirst().
D/PanelDataCenter(23984): formatEngineColorString(), Info. engineColorString is null
D/ColorInfoDao(23984): Failure of cursor.moveToFirst().
D/PanelDataCenter(23984): formatEngineColorString(), Info. engineColorString is null
D/ColorInfoDao(23984): Failure of cursor.moveToFirst().
D/PanelDataCenter(23984): formatEngineColorString(), Info. engineColorString is null
D/ColorInfoDao(23984): Failure of cursor.moveToFirst().
D/PanelDataCenter(23984): formatEngineColorString(), Info. engineColorString is null
D/ColorInfoDao(23984): Failure of cursor.moveToFirst().
D/PanelDataCenter(23984): formatEngineColorString(), Info. engineColorString is null
D/ColorInfoDao(23984): Failure of cursor.moveToFirst().
D/PanelDataCenter(23984): formatEngineColorString(), Info. engineColorString is null
D/ColorInfoDao(23984): Failure of cursor.moveToFirst().
D/PanelDataCenter(23984): formatEngineColorString(), Info. engineColorString is null
D/ColorInfoDao(23984): Failure of cursor.moveToFirst().
D/PanelDataCenter(23984): formatEngineColorString(), Info. engineColorString is null
D/dalvikvm(23984): GC_CONCURRENT freed 1429K, 24% free 9352K/12156K, paused 1ms+6ms, total 16ms
D/ColorInfoDao(23984): Failure of cursor.moveToFirst().
D/PanelDataCenter(23984): formatEngineColorString(), Info. engineColorString is null
D/ColorInfoDao(23984): Failure of cursor.moveToFirst().
D/PanelDataCenter(23984): formatEngineColorString(), Info. engineColorString is null
D/ColorInfoDao(23984): Failure of cursor.moveToFirst().
D/PanelDataCenter(23984): formatEngineColorString(), Info. engineColorString is null
D/ColorInfoDao(23984): Failure of cursor.moveToFirst().
D/PanelDataCenter(23984): formatEngineColorString(), Info. engineColorString is null
D/ColorInfoDao(23984): Failure of cursor.moveToFirst().
D/PanelDataCenter(23984): formatEngineColorString(), Info. engineColorString is null
D/ColorInfoDao(23984): Failure of cursor.moveToFirst().
D/PanelDataCenter(23984): formatEngineColorString(), Info. engineColorString is null
D/ColorInfoDao(23984): Failure of cursor.moveToFirst().
D/PanelDataCenter(23984): formatEngineColorString(), Info. engineColorString is null
D/ColorInfoDao(23984): Failure of cursor.moveToFirst().
D/PanelDataCenter(23984): formatEngineColorString(), Info. engineColorString is null
D/ColorInfoDao(23984): Failure of cursor.moveToFirst().
D/PanelDataCenter(23984): formatEngineColorString(), Info. engineColorString is null
D/ColorInfoDao(23984): Failure of cursor.moveToFirst().
D/PanelDataCenter(23984): formatEngineColorString(), Info. engineColorString is null
D/ColorInfoDao(23984): Failure of cursor.moveToFirst().
D/PanelDataCenter(23984): formatEngineColorString(), Info. engineColorString is null
D/ColorInfoDao(23984): Failure of cursor.moveToFirst().
D/PanelDataCenter(23984): formatEngineColorString(), Info. engineColorString is null
D/ColorInfoDao(23984): Failure of cursor.moveToFirst().
D/PanelDataCenter(23984): formatEngineColorString(), Info. engineColorString is null
D/ColorInfoDao(23984): Failure of cursor.moveToFirst().
D/PanelDataCenter(23984): formatEngineColorString(), Info. engineColorString is null
D/ColorInfoDao(23984): Failure of cursor.moveToFirst().
D/PanelDataCenter(23984): formatEngineColorString(), Info. engineColorString is null
D/ColorInfoDao(23984): Failure of cursor.moveToFirst().
D/PanelDataCenter(23984): formatEngineColorString(), Info. engineColorString is null
W/ViewRootImpl(23984): Dropping event due to no window focus: KeyEvent { action=ACTION_DOWN, keyCode=KEYCODE_DPAD_CENTER, scanCode=0, metaState=0, flags=0x8, repeatCount=0, eventTime=5820086, downTime=5820086, deviceId=-1, source=0x101 }
W/ViewRootImpl(23984): Dropping event due to no window focus: KeyEvent { action=ACTION_DOWN, keyCode=KEYCODE_DPAD_CENTER, scanCode=0, metaState=0, flags=0x8, repeatCount=0, eventTime=5820088, downTime=5820088, deviceId=-1, source=0x101 }
I/ActivityManager(  478): START u0 {act=android.intent.action.MAIN cat=[android.intent.category.LAUNCHER] flg=0x10200000 cmp=com.cyberlink.youcammakeup/.activity.SplashActivity} from pid 23974
D/ColorInfoDao(23984): Failure of cursor.moveToFirst().
D/PanelDataCenter(23984): formatEngineColorString(), Info. engineColorString is null
W/ViewRootImpl(23984): Dropping event due to no window focus: KeyEvent { action=ACTION_DOWN, keyCode=KEYCODE_DPAD_DOWN, scanCode=0, metaState=0, flags=0x8, repeatCount=0, eventTime=5820089, downTime=5820089, deviceId=-1, source=0x101 }
W/ViewRootImpl(23984): Dropping event due to no window focus: KeyEvent { action=ACTION_DOWN, keyCode=KEYCODE_DPAD_RIGHT, scanCode=0, metaState=0, flags=0x8, repeatCount=0, eventTime=5820090, downTime=5820090, deviceId=-1, source=0x101 }
W/ViewRootImpl(23984): Dropping event due to no window focus: KeyEvent { action=ACTION_DOWN, keyCode=KEYCODE_BACK, scanCode=0, metaState=0, flags=0x8, repeatCount=0, eventTime=5820091, downTime=5820091, deviceId=-1, source=0x101 }
W/ViewRootImpl(23984): Dropping event due to no window focus: KeyEvent { action=ACTION_DOWN, keyCode=KEYCODE_CAMERA, scanCode=0, metaState=0, flags=0x8, repeatCount=0, eventTime=5820091, downTime=5820091, deviceId=-1, source=0x101 }
W/ViewRootImpl(23984): Dropping event due to no window focus: KeyEvent { action=ACTION_DOWN, keyCode=KEYCODE_NUM_LOCK, scanCode=0, metaState=0, flags=0x8, repeatCount=0, eventTime=5820092, downTime=5820092, deviceId=-1, source=0x101 }
W/ViewRootImpl(23984): Dropping event due to no window focus: KeyEvent { action=ACTION_DOWN, keyCode=KEYCODE_DPAD_RIGHT, scanCode=0, metaState=0, flags=0x8, repeatCount=0, eventTime=5820095, downTime=5820095, deviceId=-1, source=0x101 }
W/ViewRootImpl(23984): Dropping event due to no window focus: KeyEvent { action=ACTION_DOWN, keyCode=KEYCODE_ZOOM_IN, scanCode=0, metaState=0, flags=0x8, repeatCount=0, eventTime=5820096, downTime=5820096, deviceId=-1, source=0x101 }
W/ViewRootImpl(23984): Dropping event due to no window focus: KeyEvent { action=ACTION_DOWN, keyCode=KEYCODE_SHIFT_LEFT, scanCode=0, metaState=0, flags=0x8, repeatCount=0, eventTime=5820097, downTime=5820097, deviceId=-1, source=0x101 }
D/ColorInfoDao(23984): Failure of cursor.moveToFirst().
D/PanelDataCenter(23984): formatEngineColorString(), Info. engineColorString is null
D/ColorInfoDao(23984): Failure of cursor.moveToFirst().
D/PanelDataCenter(23984): formatEngineColorString(), Info. engineColorString is null
D/ColorInfoDao(23984): Failure of cursor.moveToFirst().
D/PanelDataCenter(23984): formatEngineColorString(), Info. engineColorString is null
D/ColorInfoDao(23984): Failure of cursor.moveToFirst().
D/PanelDataCenter(23984): formatEngineColorString(), Info. engineColorString is null
D/ColorInfoDao(23984): Failure of cursor.moveToFirst().
D/PanelDataCenter(23984): formatEngineColorString(), Info. engineColorString is null
D/ColorInfoDao(23984): Failure of cursor.moveToFirst().
D/PanelDataCenter(23984): formatEngineColorString(), Info. engineColorString is null
D/ColorInfoDao(23984): Failure of cursor.moveToFirst().
D/PanelDataCenter(23984): formatEngineColorString(), Info. engineColorString is null
D/ColorInfoDao(23984): Failure of cursor.moveToFirst().
D/PanelDataCenter(23984): formatEngineColorString(), Info. engineColorString is null
D/ColorInfoDao(23984): Failure of cursor.moveToFirst().
D/PanelDataCenter(23984): formatEngineColorString(), Info. engineColorString is null
D/ColorInfoDao(23984): Failure of cursor.moveToFirst().
D/PanelDataCenter(23984): formatEngineColorString(), Info. engineColorString is null
D/ColorInfoDao(23984): Failure of cursor.moveToFirst().
D/PanelDataCenter(23984): formatEngineColorString(), Info. engineColorString is null
D/ColorInfoDao(23984): Failure of cursor.moveToFirst().
D/PanelDataCenter(23984): formatEngineColorString(), Info. engineColorString is null
D/ColorInfoDao(23984): Failure of cursor.moveToFirst().
D/PanelDataCenter(23984): formatEngineColorString(), Info. engineColorString is null
D/ColorInfoDao(23984): Failure of cursor.moveToFirst().
D/PanelDataCenter(23984): formatEngineColorString(), Info. engineColorString is null
D/ColorInfoDao(23984): Failure of cursor.moveToFirst().
D/PanelDataCenter(23984): formatEngineColorString(), Info. engineColorString is null
D/ColorInfoDao(23984): Failure of cursor.moveToFirst().
D/PanelDataCenter(23984): formatEngineColorString(), Info. engineColorString is null
D/ColorInfoDao(23984): Failure of cursor.moveToFirst().
D/PanelDataCenter(23984): formatEngineColorString(), Info. engineColorString is null
W/EGL_emulation(23984): eglSurfaceAttrib not implemented 3093 12436
D/ColorInfoDao(23984): Failure of cursor.moveToFirst().
D/Answers (23984): Logged lifecycle event: PAUSE
D/Answers (23984): Logged lifecycle event: RESUME
D/Answers (23984): Skipping filtered event: [SessionEvent: timestamp=1523565420155, type=PAUSE, details={activity=com.cyberlink.youcammakeup.activity.SplashActivity}, customType=null, customAttributes={}, predefinedType=null, predefinedAttributes={}, metadata=[appBundleId=com.cyberlink.youcammakeup, executionId=e871b779-4c99-4b15-bd7a-2126cb7263eb, installationId=d78b39e8e7844ce4957a711e5e35e6a6, androidId=b083feaa75293926, advertisingId=3ae8f2f4-1b58-4ed6-816b-3ee6c7e3745e, limitAdTrackingEnabled=false, betaDeviceToken=null, buildId=e1d2a6af-f9a8-46f6-b686-b2b136f50859, osVersion=4.4.2/381180401, deviceModel=samsung/SM-G955N, appVersionCode=41530, appVersionName=4.15.3]]
D/Answers (23984): Skipping filtered event: [SessionEvent: timestamp=1523565420155, type=RESUME, details={activity=com.cyberlink.youcammakeup.activity.SplashActivity}, customType=null, customAttributes={}, predefinedType=null, predefinedAttributes={}, metadata=[appBundleId=com.cyberlink.youcammakeup, executionId=e871b779-4c99-4b15-bd7a-2126cb7263eb, installationId=d78b39e8e7844ce4957a711e5e35e6a6, androidId=b083feaa75293926, advertisingId=3ae8f2f4-1b58-4ed6-816b-3ee6c7e3745e, limitAdTrackingEnabled=false, betaDeviceToken=null, buildId=e1d2a6af-f9a8-46f6-b686-b2b136f50859, osVersion=4.4.2/381180401, deviceModel=samsung/SM-G955N, appVersionCode=41530, appVersionName=4.15.3]]
D/PanelDataCenter(23984): formatEngineColorString(), Info. engineColorString is null
D/ColorInfoDao(23984): Failure of cursor.moveToFirst().
D/PanelDataCenter(23984): formatEngineColorString(), Info. engineColorString is null
W/ViewRootImpl(23984): Dropping event due to no window focus: KeyEvent { action=ACTION_DOWN, keyCode=KEYCODE_MEDIA_STOP, scanCode=0, metaState=0, flags=0x8, repeatCount=0, eventTime=5820099, downTime=5820099, deviceId=-1, source=0x101 }
D/ColorInfoDao(23984): Failure of cursor.moveToFirst().
D/PanelDataCenter(23984): formatEngineColorString(), Info. engineColorString is null
W/InputMethodManagerService(  478): Window already focused, ignoring focus gain of: com.android.internal.view.IInputMethodClient$Stub$Proxy@4ac109c8 attribute=null, token = android.os.BinderProxy@4ad54544
D/ColorInfoDao(23984): Failure of cursor.moveToFirst().
D/PanelDataCenter(23984): formatEngineColorString(), Info. engineColorString is null
D/ColorInfoDao(23984): Failure of cursor.moveToFirst().
D/PanelDataCenter(23984): formatEngineColorString(), Info. engineColorString is null
D/ColorInfoDao(23984): Failure of cursor.moveToFirst().
D/PanelDataCenter(23984): formatEngineColorString(), Info. engineColorString is null
D/ColorInfoDao(23984): Failure of cursor.moveToFirst().
D/PanelDataCenter(23984): formatEngineColorString(), Info. engineColorString is null
D/ColorInfoDao(23984): Failure of cursor.moveToFirst().
D/PanelDataCenter(23984): formatEngineColorString(), Info. engineColorString is null
D/ColorInfoDao(23984): Failure of cursor.moveToFirst().
D/PanelDataCenter(23984): formatEngineColorString(), Info. engineColorString is null
D/ColorInfoDao(23984): Failure of cursor.moveToFirst().
D/PanelDataCenter(23984): formatEngineColorString(), Info. engineColorString is null
D/ColorInfoDao(23984): Failure of cursor.moveToFirst().
D/PanelDataCenter(23984): formatEngineColorString(), Info. engineColorString is null
D/ColorInfoDao(23984): Failure of cursor.moveToFirst().
D/PanelDataCenter(23984): formatEngineColorString(), Info. engineColorString is null
D/ColorInfoDao(23984): Failure of cursor.moveToFirst().
D/PanelDataCenter(23984): formatEngineColorString(), Info. engineColorString is null
D/ColorInfoDao(23984): Failure of cursor.moveToFirst().
D/PanelDataCenter(23984): formatEngineColorString(), Info. engineColorString is null
D/ColorInfoDao(23984): Failure of cursor.moveToFirst().
D/PanelDataCenter(23984): formatEngineColorString(), Info. engineColorString is null
D/ColorInfoDao(23984): Failure of cursor.moveToFirst().
D/PanelDataCenter(23984): formatEngineColorString(), Info. engineColorString is null
D/ColorInfoDao(23984): Failure of cursor.moveToFirst().
D/PanelDataCenter(23984): formatEngineColorString(), Info. engineColorString is null
D/ColorInfoDao(23984): Failure of cursor.moveToFirst().
D/PanelDataCenter(23984): formatEngineColorString(), Info. engineColorString is null
D/ColorInfoDao(23984): Failure of cursor.moveToFirst().
D/PanelDataCenter(23984): formatEngineColorString(), Info. engineColorString is null
D/ColorInfoDao(23984): Failure of cursor.moveToFirst().
D/PanelDataCenter(23984): formatEngineColorString(), Info. engineColorString is null
D/ColorInfoDao(23984): Failure of cursor.moveToFirst().
D/PanelDataCenter(23984): formatEngineColorString(), Info. engineColorString is null
D/ColorInfoDao(23984): Failure of cursor.moveToFirst().
D/PanelDataCenter(23984): formatEngineColorString(), Info. engineColorString is null
D/ColorInfoDao(23984): Failure of cursor.moveToFirst().
D/PanelDataCenter(23984): formatEngineColorString(), Info. engineColorString is null
D/ColorInfoDao(23984): Failure of cursor.moveToFirst().
D/PanelDataCenter(23984): formatEngineColorString(), Info. engineColorString is null
D/ColorInfoDao(23984): Failure of cursor.moveToFirst().
D/PanelDataCenter(23984): formatEngineColorString(), Info. engineColorString is null
D/ColorInfoDao(23984): Failure of cursor.moveToFirst().
D/PanelDataCenter(23984): formatEngineColorString(), Info. engineColorString is null
D/ColorInfoDao(23984): Failure of cursor.moveToFirst().
D/PanelDataCenter(23984): formatEngineColorString(), Info. engineColorString is null
D/ColorInfoDao(23984): Failure of cursor.moveToFirst().
D/PanelDataCenter(23984): formatEngineColorString(), Info. engineColorString is null
D/ColorInfoDao(23984): Failure of cursor.moveToFirst().
D/PanelDataCenter(23984): formatEngineColorString(), Info. engineColorString is null
D/ColorInfoDao(23984): Failure of cursor.moveToFirst().
W/ViewRootImpl(23984): Dropping event due to no window focus: KeyEvent { action=ACTION_DOWN, keyCode=KEYCODE_BUTTON_4, scanCode=0, metaState=0, flags=0x8, repeatCount=0, eventTime=5820171, downTime=5820171, deviceId=-1, source=0x101 }
W/ViewRootImpl(23984): Dropping event due to no window focus: KeyEvent { action=ACTION_DOWN, keyCode=KEYCODE_DPAD_CENTER, scanCode=0, metaState=0, flags=0x8, repeatCount=0, eventTime=5820171, downTime=5820171, deviceId=-1, source=0x101 }
W/ViewRootImpl(23984): Dropping event due to no window focus: KeyEvent { action=ACTION_DOWN, keyCode=KEYCODE_NOTIFICATION, scanCode=0, metaState=0, flags=0x8, repeatCount=0, eventTime=5820175, downTime=5820175, deviceId=-1, source=0x101 }
D/PatternInfoDao(23984): Failure of cursor.moveToFirst().
D/PatternInfoDao(23984): Failure of cursor.moveToFirst().
W/ViewRootImpl(23984): Dropping event due to no window focus: MotionEvent { action=ACTION_MOVE, id[0]=0, x[0]=-2.0, y[0]=-4.0, toolType[0]=TOOL_TYPE_UNKNOWN, buttonState=0, metaState=0, flags=0x0, edgeFlags=0x0, pointerCount=1, historySize=9, eventTime=5820178, downTime=-1, deviceId=0, source=0x10004 }
D/PatternInfoDao(23984): Failure of cursor.moveToFirst().
D/PatternInfoDao(23984): Failure of cursor.moveToFirst().
D/PatternInfoDao(23984): Failure of cursor.moveToFirst().
W/EGL_emulation(23984): eglSurfaceAttrib not implemented 3093 12436
D/PatternInfoDao(23984): Failure of cursor.moveToFirst().
D/PatternInfoDao(23984): Failure of cursor.moveToFirst().
D/PatternInfoDao(23984): Failure of cursor.moveToFirst().
D/PatternInfoDao(23984): Failure of cursor.moveToFirst().
D/PatternInfoDao(23984): Failure of cursor.moveToFirst().
D/PatternInfoDao(23984): Failure of cursor.moveToFirst().
D/PatternInfoDao(23984): Failure of cursor.moveToFirst().
D/PatternInfoDao(23984): Failure of cursor.moveToFirst().
D/PaletteInfoDao(23984): Failure of cursor.moveToFirst().
D/PanelDataCenter(23984): formatEngineColorString(), Info. engineColorString is null
D/PaletteInfoDao(23984): Failure of cursor.moveToFirst().
D/PanelDataCenter(23984): formatEngineColorString(), Info. engineColorString is null
D/PaletteInfoDao(23984): Failure of cursor.moveToFirst().
D/PanelDataCenter(23984): formatEngineColorString(), Info. engineColorString is null
D/PaletteInfoDao(23984): Failure of cursor.moveToFirst().
D/PanelDataCenter(23984): formatEngineColorString(), Info. engineColorString is null
D/PaletteInfoDao(23984): Failure of cursor.moveToFirst().
D/PanelDataCenter(23984): formatEngineColorString(), Info. engineColorString is null
D/PaletteInfoDao(23984): Failure of cursor.moveToFirst().
D/PanelDataCenter(23984): formatEngineColorString(), Info. engineColorString is null
D/PaletteInfoDao(23984): Failure of cursor.moveToFirst().
D/PanelDataCenter(23984): formatEngineColorString(), Info. engineColorString is null
D/PaletteInfoDao(23984): Failure of cursor.moveToFirst().
D/PanelDataCenter(23984): formatEngineColorString(), Info. engineColorString is null
D/PaletteInfoDao(23984): Failure of cursor.moveToFirst().
D/PanelDataCenter(23984): formatEngineColorString(), Info. engineColorString is null
D/PatternInfoDao(23984): Failure of cursor.moveToFirst().
D/PatternInfoDao(23984): Failure of cursor.moveToFirst().
D/PatternInfoDao(23984): Failure of cursor.moveToFirst().
D/PatternInfoDao(23984): Failure of cursor.moveToFirst().
D/PatternInfoDao(23984): Failure of cursor.moveToFirst().
D/PatternInfoDao(23984): Failure of cursor.moveToFirst().
D/PatternInfoDao(23984): Failure of cursor.moveToFirst().
D/PatternInfoDao(23984): Failure of cursor.moveToFirst().
D/PatternInfoDao(23984): Failure of cursor.moveToFirst().
D/PatternInfoDao(23984): Failure of cursor.moveToFirst().
D/PatternInfoDao(23984): Failure of cursor.moveToFirst().
D/PatternInfoDao(23984): Failure of cursor.moveToFirst().
D/PatternInfoDao(23984): Failure of cursor.moveToFirst().
D/PatternInfoDao(23984): Failure of cursor.moveToFirst().
D/PaletteInfoDao(23984): Failure of cursor.moveToFirst().
D/PanelDataCenter(23984): formatEngineColorString(), Info. engineColorString is null
D/PaletteInfoDao(23984): Failure of cursor.moveToFirst().
D/PanelDataCenter(23984): formatEngineColorString(), Info. engineColorString is null
D/PaletteInfoDao(23984): Failure of cursor.moveToFirst().
D/PanelDataCenter(23984): formatEngineColorString(), Info. engineColorString is null
D/PaletteInfoDao(23984): Failure of cursor.moveToFirst().
D/PanelDataCenter(23984): formatEngineColorString(), Info. engineColorString is null
D/PaletteInfoDao(23984): Failure of cursor.moveToFirst().
D/PanelDataCenter(23984): formatEngineColorString(), Info. engineColorString is null
D/PaletteInfoDao(23984): Failure of cursor.moveToFirst().
D/PanelDataCenter(23984): formatEngineColorString(), Info. engineColorString is null
D/PaletteInfoDao(23984): Failure of cursor.moveToFirst().
D/PanelDataCenter(23984): formatEngineColorString(), Info. engineColorString is null
D/PaletteInfoDao(23984): Failure of cursor.moveToFirst().
W/InputMethodManagerService(  478): Window already focused, ignoring focus gain of: com.android.internal.view.IInputMethodClient$Stub$Proxy@4ac14500 attribute=null, token = android.os.BinderProxy@4ad54544
D/PanelDataCenter(23984): formatEngineColorString(), Info. engineColorString is null
D/PaletteInfoDao(23984): Failure of cursor.moveToFirst().
D/PanelDataCenter(23984): formatEngineColorString(), Info. engineColorString is null
W/ViewRootImpl(23984): Dropping event due to no window focus: KeyEvent { action=ACTION_DOWN, keyCode=KEYCODE_PERIOD, scanCode=0, metaState=0, flags=0x8, repeatCount=0, eventTime=5820296, downTime=5820296, deviceId=-1, source=0x101 }
W/ViewRootImpl(23984): Dropping event due to no window focus: KeyEvent { action=ACTION_DOWN, keyCode=KEYCODE_DPAD_CENTER, scanCode=0, metaState=0, flags=0x8, repeatCount=0, eventTime=5820298, downTime=5820298, deviceId=-1, source=0x101 }
W/ViewRootImpl(23984): Dropping event due to no window focus: KeyEvent { action=ACTION_DOWN, keyCode=KEYCODE_DPAD_RIGHT, scanCode=0, metaState=0, flags=0x8, repeatCount=0, eventTime=5820299, downTime=5820299, deviceId=-1, source=0x101 }
W/EGL_emulation(23984): eglSurfaceAttrib not implemented 3093 12436
W/ViewRootImpl(23984): Dropping event due to no window focus: KeyEvent { action=ACTION_DOWN, keyCode=KEYCODE_DPAD_DOWN, scanCode=0, metaState=0, flags=0x8, repeatCount=0, eventTime=5820300, downTime=5820300, deviceId=-1, source=0x101 }
D/PatternInfoDao(23984): Failure of cursor.moveToFirst().
D/PatternInfoDao(23984): Failure of cursor.moveToFirst().
D/PatternInfoDao(23984): Failure of cursor.moveToFirst().
D/PatternInfoDao(23984): Failure of cursor.moveToFirst().
W/InputManager(  478): Input event injection from pid 23974 failed.
W/InputManager(  478): Input event injection from pid 23974 failed.
W/InputMethodManagerService(  478): Window already focused, ignoring focus gain of: com.android.internal.view.IInputMethodClient$Stub$Proxy@4ac17748 attribute=null, token = android.os.BinderProxy@4ad54544
D/PatternInfoDao(23984): Failure of cursor.moveToFirst().
D/PatternInfoDao(23984): Failure of cursor.moveToFirst().
D/PatternInfoDao(23984): Failure of cursor.moveToFirst().
D/PatternInfoDao(23984): Failure of cursor.moveToFirst().
D/PatternInfoDao(23984): Failure of cursor.moveToFirst().
W/ViewRootImpl(23984): Dropping event due to no window focus: KeyEvent { action=ACTION_DOWN, keyCode=KEYCODE_CALL, scanCode=0, metaState=0, flags=0x8, repeatCount=0, eventTime=5820377, downTime=5820377, deviceId=-1, source=0x101 }
D/PaletteInfoDao(23984): Failure of cursor.moveToFirst().
W/ViewRootImpl(23984): Dropping event due to no window focus: KeyEvent { action=ACTION_DOWN, keyCode=KEYCODE_MENU, scanCode=0, metaState=0, flags=0x8, repeatCount=0, eventTime=5820380, downTime=5820380, deviceId=-1, source=0x101 }
W/ViewRootImpl(23984): Dropping event due to no window focus: KeyEvent { action=ACTION_DOWN, keyCode=KEYCODE_DPAD_RIGHT, scanCode=0, metaState=0, flags=0x8, repeatCount=0, eventTime=5820381, downTime=5820381, deviceId=-1, source=0x101 }
D/dalvikvm(23984): GC_CONCURRENT freed 1947K, 22% free 9545K/12156K, paused 1ms+4ms, total 29ms
D/PanelDataCenter(23984): formatEngineColorString(), Info. engineColorString is null
D/PaletteInfoDao(23984): Failure of cursor.moveToFirst().
D/PanelDataCenter(23984): formatEngineColorString(), Info. engineColorString is null
W/EGL_emulation(23984): eglSurfaceAttrib not implemented 3093 12436
D/PaletteInfoDao(23984): Failure of cursor.moveToFirst().
D/PanelDataCenter(23984): formatEngineColorString(), Info. engineColorString is null
D/PaletteInfoDao(23984): Failure of cursor.moveToFirst().
D/PanelDataCenter(23984): formatEngineColorString(), Info. engineColorString is null
W/ViewRootImpl(23984): Dropping event due to no window focus: KeyEvent { action=ACTION_DOWN, keyCode=KEYCODE_DPAD_DOWN, scanCode=0, metaState=0, flags=0x8, repeatCount=0, eventTime=5820390, downTime=5820390, deviceId=-1, source=0x101 }
D/PaletteInfoDao(23984): Failure of cursor.moveToFirst().
D/PanelDataCenter(23984): formatEngineColorString(), Info. engineColorString is null
D/PaletteInfoDao(23984): Failure of cursor.moveToFirst().
D/PanelDataCenter(23984): formatEngineColorString(), Info. engineColorString is null
D/PaletteInfoDao(23984): Failure of cursor.moveToFirst().
D/PanelDataCenter(23984): formatEngineColorString(), Info. engineColorString is null
D/PaletteInfoDao(23984): Failure of cursor.moveToFirst().
D/PanelDataCenter(23984): formatEngineColorString(), Info. engineColorString is null
D/PaletteInfoDao(23984): Failure of cursor.moveToFirst().
D/PanelDataCenter(23984): formatEngineColorString(), Info. engineColorString is null
W/InputMethodManagerService(  478): Window already focused, ignoring focus gain of: com.android.internal.view.IInputMethodClient$Stub$Proxy@4ac19cb8 attribute=null, token = android.os.BinderProxy@4ad54544
I/ActivityManager(  478): START u0 {act=android.intent.action.MAIN cat=[android.intent.category.LAUNCHER] flg=0x10000000 sel={act=android.intent.action.MAIN cat=[android.intent.category.APP_EMAIL]}} from pid 478
W/ViewRootImpl(23984): Dropping event due to no window focus: KeyEvent { action=ACTION_DOWN, keyCode=KEYCODE_G, scanCode=0, metaState=0, flags=0x8, repeatCount=0, eventTime=5820445, downTime=5820445, deviceId=-1, source=0x101 }
W/EGL_emulation(23984): eglSurfaceAttrib not implemented 3093 12436
D/PatternInfoDao(23984): Failure of cursor.moveToFirst().
D/PatternInfoDao(23984): Failure of cursor.moveToFirst().
D/PatternInfoDao(23984): Failure of cursor.moveToFirst().
D/Answers (23984): Logged lifecycle event: PAUSE
D/Answers (23984): Logged lifecycle event: RESUME
D/Answers (23984): Skipping filtered event: [SessionEvent: timestamp=1523565420512, type=PAUSE, details={activity=com.cyberlink.youcammakeup.activity.SplashActivity}, customType=null, customAttributes={}, predefinedType=null, predefinedAttributes={}, metadata=[appBundleId=com.cyberlink.youcammakeup, executionId=e871b779-4c99-4b15-bd7a-2126cb7263eb, installationId=d78b39e8e7844ce4957a711e5e35e6a6, androidId=b083feaa75293926, advertisingId=3ae8f2f4-1b58-4ed6-816b-3ee6c7e3745e, limitAdTrackingEnabled=false, betaDeviceToken=null, buildId=e1d2a6af-f9a8-46f6-b686-b2b136f50859, osVersion=4.4.2/381180401, deviceModel=samsung/SM-G955N, appVersionCode=41530, appVersionName=4.15.3]]
D/Answers (23984): Skipping filtered event: [SessionEvent: timestamp=1523565420512, type=RESUME, details={activity=com.cyberlink.youcammakeup.activity.SplashActivity}, customType=null, customAttributes={}, predefinedType=null, predefinedAttributes={}, metadata=[appBundleId=com.cyberlink.youcammakeup, executionId=e871b779-4c99-4b15-bd7a-2126cb7263eb, installationId=d78b39e8e7844ce4957a711e5e35e6a6, androidId=b083feaa75293926, advertisingId=3ae8f2f4-1b58-4ed6-816b-3ee6c7e3745e, limitAdTrackingEnabled=false, betaDeviceToken=null, buildId=e1d2a6af-f9a8-46f6-b686-b2b136f50859, osVersion=4.4.2/381180401, deviceModel=samsung/SM-G955N, appVersionCode=41530, appVersionName=4.15.3]]
I/ActivityManager(  478): START u0 {act=android.intent.action.MAIN cat=[android.intent.category.LAUNCHER] flg=0x10200000 cmp=com.cyberlink.youcammakeup/.activity.SplashActivity} from pid 23974
W/ViewRootImpl(23984): Dropping event due to no window focus: KeyEvent { action=ACTION_DOWN, keyCode=KEYCODE_DPAD_DOWN, scanCode=0, metaState=0, flags=0x8, repeatCount=0, eventTime=5820474, downTime=5820474, deviceId=-1, source=0x101 }
D/PatternInfoDao(23984): Failure of cursor.moveToFirst().
D/PatternInfoDao(23984): Failure of cursor.moveToFirst().
W/InputMethodManagerService(  478): Window already focused, ignoring focus gain of: com.android.internal.view.IInputMethodClient$Stub$Proxy@4ac1cc34 attribute=null, token = android.os.BinderProxy@4ad54544
W/ViewRootImpl(23984): Dropping event due to no window focus: KeyEvent { action=ACTION_DOWN, keyCode=KEYCODE_R, scanCode=0, metaState=0, flags=0x8, repeatCount=0, eventTime=5820478, downTime=5820478, deviceId=-1, source=0x101 }
D/PatternInfoDao(23984): Failure of cursor.moveToFirst().
D/PanelDataCenter(23984): formatEngineColorString(), Info. engineColorString is null
D/ColorInfoDao(23984): Failure of cursor.moveToFirst().
W/ViewRootImpl(23984): Dropping event due to no window focus: KeyEvent { action=ACTION_DOWN, keyCode=KEYCODE_F8, scanCode=0, metaState=0, flags=0x8, repeatCount=0, eventTime=5820480, downTime=5820480, deviceId=-1, source=0x101 }
W/ViewRootImpl(23984): Dropping event due to no window focus: KeyEvent { action=ACTION_DOWN, keyCode=KEYCODE_DPAD_DOWN, scanCode=0, metaState=0, flags=0x8, repeatCount=0, eventTime=5820481, downTime=5820481, deviceId=-1, source=0x101 }
W/ViewRootImpl(23984): Dropping event due to no window focus: KeyEvent { action=ACTION_DOWN, keyCode=KEYCODE_DPAD_DOWN, scanCode=0, metaState=0, flags=0x8, repeatCount=0, eventTime=5820482, downTime=5820482, deviceId=-1, source=0x101 }
D/PatternInfoDao(23984): Failure of cursor.moveToFirst().
D/PatternInfoDao(23984): Failure of cursor.moveToFirst().
W/EGL_emulation(23984): eglSurfaceAttrib not implemented 3093 12436
D/PatternInfoDao(23984): Failure of cursor.moveToFirst().
D/PaletteInfoDao(23984): Failure of cursor.moveToFirst().
D/PaletteInfoDao(23984): Failure of cursor.moveToFirst().
D/PaletteInfoDao(23984): Failure of cursor.moveToFirst().
D/PaletteInfoDao(23984): Failure of cursor.moveToFirst().
D/PaletteInfoDao(23984): Failure of cursor.moveToFirst().
D/PaletteInfoDao(23984): Failure of cursor.moveToFirst().
D/PaletteInfoDao(23984): Failure of cursor.moveToFirst().
W/InputMethodManagerService(  478): Window already focused, ignoring focus gain of: com.android.internal.view.IInputMethodClient$Stub$Proxy@4ac1eab8 attribute=null, token = android.os.BinderProxy@4ad54544
D/PaletteInfoDao(23984): Failure of cursor.moveToFirst().
D/PaletteInfoDao(23984): Failure of cursor.moveToFirst().
D/PaletteInfoDao(23984): Failure of cursor.moveToFirst().
D/PaletteInfoDao(23984): Failure of cursor.moveToFirst().
D/PaletteInfoDao(23984): Failure of cursor.moveToFirst().
D/PaletteInfoDao(23984): Failure of cursor.moveToFirst().
D/PaletteInfoDao(23984): Failure of cursor.moveToFirst().
D/PaletteInfoDao(23984): Failure of cursor.moveToFirst().
D/PaletteInfoDao(23984): Failure of cursor.moveToFirst().
D/PaletteInfoDao(23984): Failure of cursor.moveToFirst().
D/PaletteInfoDao(23984): Failure of cursor.moveToFirst().
D/PaletteInfoDao(23984): Failure of cursor.moveToFirst().
D/PaletteInfoDao(23984): Failure of cursor.moveToFirst().
D/PaletteInfoDao(23984): Failure of cursor.moveToFirst().
D/PaletteInfoDao(23984): Failure of cursor.moveToFirst().
D/PaletteInfoDao(23984): Failure of cursor.moveToFirst().
D/PaletteInfoDao(23984): Failure of cursor.moveToFirst().
D/PaletteInfoDao(23984): Failure of cursor.moveToFirst().
D/PaletteInfoDao(23984): Failure of cursor.moveToFirst().
D/PaletteInfoDao(23984): Failure of cursor.moveToFirst().
D/PaletteInfoDao(23984): Failure of cursor.moveToFirst().
D/PaletteInfoDao(23984): Failure of cursor.moveToFirst().
D/PaletteInfoDao(23984): Failure of cursor.moveToFirst().
D/PaletteInfoDao(23984): Failure of cursor.moveToFirst().
D/PaletteInfoDao(23984): Failure of cursor.moveToFirst().
D/PaletteInfoDao(23984): Failure of cursor.moveToFirst().
D/PaletteInfoDao(23984): Failure of cursor.moveToFirst().
D/PaletteInfoDao(23984): Failure of cursor.moveToFirst().
D/PaletteInfoDao(23984): Failure of cursor.moveToFirst().
D/PaletteInfoDao(23984): Failure of cursor.moveToFirst().
D/PaletteInfoDao(23984): Failure of cursor.moveToFirst().
D/PaletteInfoDao(23984): Failure of cursor.moveToFirst().
D/PaletteInfoDao(23984): Failure of cursor.moveToFirst().
D/PaletteInfoDao(23984): Failure of cursor.moveToFirst().
D/PaletteInfoDao(23984): Failure of cursor.moveToFirst().
D/PaletteInfoDao(23984): Failure of cursor.moveToFirst().
D/PaletteInfoDao(23984): Failure of cursor.moveToFirst().
D/PaletteInfoDao(23984): Failure of cursor.moveToFirst().
D/PaletteInfoDao(23984): Failure of cursor.moveToFirst().
D/PaletteInfoDao(23984): Failure of cursor.moveToFirst().
D/PaletteInfoDao(23984): Failure of cursor.moveToFirst().
D/PaletteInfoDao(23984): Failure of cursor.moveToFirst().
D/PaletteInfoDao(23984): Failure of cursor.moveToFirst().
D/PaletteInfoDao(23984): Failure of cursor.moveToFirst().
D/Answers (23984): Logged lifecycle event: PAUSE
D/Answers (23984): Skipping filtered event: [SessionEvent: timestamp=1523565420597, type=PAUSE, details={activity=com.cyberlink.youcammakeup.activity.SplashActivity}, customType=null, customAttributes={}, predefinedType=null, predefinedAttributes={}, metadata=[appBundleId=com.cyberlink.youcammakeup, executionId=e871b779-4c99-4b15-bd7a-2126cb7263eb, installationId=d78b39e8e7844ce4957a711e5e35e6a6, androidId=b083feaa75293926, advertisingId=3ae8f2f4-1b58-4ed6-816b-3ee6c7e3745e, limitAdTrackingEnabled=false, betaDeviceToken=null, buildId=e1d2a6af-f9a8-46f6-b686-b2b136f50859, osVersion=4.4.2/381180401, deviceModel=samsung/SM-G955N, appVersionCode=41530, appVersionName=4.15.3]]
W/ViewRootImpl(23984): Dropping event due to no window focus: KeyEvent { action=ACTION_DOWN, keyCode=KEYCODE_DPAD_DOWN, scanCode=0, metaState=0, flags=0x8, repeatCount=0, eventTime=5820539, downTime=5820539, deviceId=-1, source=0x101 }
D/PatternInfoDao(23984): Failure of cursor.moveToFirst().
D/PatternInfoDao(23984): Failure of cursor.moveToFirst().
D/PatternInfoDao(23984): Failure of cursor.moveToFirst().
D/PatternInfoDao(23984): Failure of cursor.moveToFirst().
D/PaletteInfoDao(23984): Failure of cursor.moveToFirst().
D/PanelDataCenter(23984): formatEngineColorString(), Info. engineColorString is null
D/PaletteInfoDao(23984): Failure of cursor.moveToFirst().
D/PanelDataCenter(23984): formatEngineColorString(), Info. engineColorString is null
D/PaletteInfoDao(23984): Failure of cursor.moveToFirst().
D/PanelDataCenter(23984): formatEngineColorString(), Info. engineColorString is null
D/PaletteInfoDao(23984): Failure of cursor.moveToFirst().
D/PanelDataCenter(23984): formatEngineColorString(), Info. engineColorString is null
D/PaletteInfoDao(23984): Failure of cursor.moveToFirst().
D/PanelDataCenter(23984): formatEngineColorString(), Info. engineColorString is null
D/PaletteInfoDao(23984): Failure of cursor.moveToFirst().
D/PanelDataCenter(23984): formatEngineColorString(), Info. engineColorString is null
D/PaletteInfoDao(23984): Failure of cursor.moveToFirst().
D/PanelDataCenter(23984): formatEngineColorString(), Info. engineColorString is null
D/PaletteInfoDao(23984): Failure of cursor.moveToFirst().
D/PanelDataCenter(23984): formatEngineColorString(), Info. engineColorString is null
D/PaletteInfoDao(23984): Failure of cursor.moveToFirst().
W/Launcher(  653): setApplicationContext called twice! old=com.vphone.launcher.LauncherApplicationEx@4a7945ec new=com.vphone.launcher.LauncherApplicationEx@4a7945ec
D/PanelDataCenter(23984): formatEngineColorString(), Info. engineColorString is null
D/PaletteInfoDao(23984): Failure of cursor.moveToFirst().
D/PanelDataCenter(23984): formatEngineColorString(), Info. engineColorString is null
D/PaletteInfoDao(23984): Failure of cursor.moveToFirst().
D/PanelDataCenter(23984): formatEngineColorString(), Info. engineColorString is null
D/PaletteInfoDao(23984): Failure of cursor.moveToFirst().
D/PanelDataCenter(23984): formatEngineColorString(), Info. engineColorString is null
D/PaletteInfoDao(23984): Failure of cursor.moveToFirst().
D/PanelDataCenter(23984): formatEngineColorString(), Info. engineColorString is null
D/PaletteInfoDao(23984): Failure of cursor.moveToFirst().
D/PanelDataCenter(23984): formatEngineColorString(), Info. engineColorString is null
W/ResourceType(  653): Attempt to retrieve bag 0x7f0b0001 which is invalid or in a cycle.
D/PaletteInfoDao(23984): Failure of cursor.moveToFirst().
D/PanelDataCenter(23984): formatEngineColorString(), Info. engineColorString is null
D/PaletteInfoDao(23984): Failure of cursor.moveToFirst().
D/PanelDataCenter(23984): formatEngineColorString(), Info. engineColorString is null
D/PaletteInfoDao(23984): Failure of cursor.moveToFirst().
D/PanelDataCenter(23984): formatEngineColorString(), Info. engineColorString is null
D/PaletteInfoDao(23984): Failure of cursor.moveToFirst().
D/PanelDataCenter(23984): formatEngineColorString(), Info. engineColorString is null
D/Launcher(  653): 11683562 - bindAddScreens()
D/Launcher(  653): 11683562 -   orderedScreenIds: 1
D/Launcher.Workspace(  653): 11683562 - insertNewWorkspaceScreen(): 1 at index: 0
D/PanelDataCenter(23984): formatEngineColorString(), Info. engineColorString is null
D/ColorInfoDao(23984): Failure of cursor.moveToFirst().
D/PanelDataCenter(23984): formatEngineColorString(), Info. engineColorString is null
D/ColorInfoDao(23984): Failure of cursor.moveToFirst().
D/PanelDataCenter(23984): formatEngineColorString(), Info. engineColorString is null
D/ColorInfoDao(23984): Failure of cursor.moveToFirst().
D/PanelDataCenter(23984): formatEngineColorString(), Info. engineColorString is null
D/ColorInfoDao(23984): Failure of cursor.moveToFirst().
D/PanelDataCenter(23984): formatEngineColorString(), Info. engineColorString is null
D/ColorInfoDao(23984): Failure of cursor.moveToFirst().
D/PanelDataCenter(23984): formatEngineColorString(), Info. engineColorString is null
D/ColorInfoDao(23984): Failure of cursor.moveToFirst().
D/PanelDataCenter(23984): formatEngineColorString(), Info. engineColorString is null
D/ColorInfoDao(23984): Failure of cursor.moveToFirst().
D/PanelDataCenter(23984): formatEngineColorString(), Info. engineColorString is null
D/ColorInfoDao(23984): Failure of cursor.moveToFirst().
D/PanelDataCenter(23984): formatEngineColorString(), Info. engineColorString is null
