I/System.out(22977): body:<empirical.HelperClass: java.lang.String getHeaderField(java.net.URLConnection,java.lang.String)>	sig:data = virtualinvoke conn.<java.net.URLConnection: java.lang.String getHeaderField(java.lang.String)>(field)	timediff:1
I/System.out(22977): body:<empirical.HelperClass: java.lang.String getHeaderField(java.net.URLConnection,java.lang.String)>	sig:data = virtualinvoke conn.<java.net.URLConnection: java.lang.String getHeaderField(java.lang.String)>(field)	timediff:0
I/System.out(22977): body:<empirical.HelperClass: java.lang.String getHeaderField(java.net.URLConnection,java.lang.String)>	sig:data = virtualinvoke conn.<java.net.URLConnection: java.lang.String getHeaderField(java.lang.String)>(field)	timediff:0
I/System.out(22977): body:<empirical.HelperClass: java.lang.String getHeaderField(java.net.URLConnection,java.lang.String)>	sig:data = virtualinvoke conn.<java.net.URLConnection: java.lang.String getHeaderField(java.lang.String)>(field)	timediff:0
I/System.out(22977): URLConn;%;3;%;<com.adobe.mobile.RequestHandler: boolean sendAnalyticsRequest(java.lang.String,java.util.Map,int)>;%;$r11 = virtualinvoke $r4.<java.net.HttpURLConnection: java.io.InputStream getInputStream()>();%;https://sstats.adobe.com/b/ss/adbemdigitalmedia.rebootprod2%2Cadcpsxandtotals/0/JAVA-4.0.3-AN/s30101669?AQB=1&ndh=1&pageName=GettingStarted%3A%20Main&t=00%2F00%2F0000%2000%3A00%3A00%200%20420&aid=2D67E19205030AB3-4000119AE00054A9&ts=1523565349&ce=UTF-8&c.&adb.&user.&profile.&attributes.&clientId=PSXAndroid1&.attributes&.profile&.user&page.&pageInfo.&productVersion=2.6.3&productCategory=mobile&namespace=psxAndroid&language=en_US&.pageInfo&.page&.adb&a.&privacy.&mode=unknown&.privacy&DeviceName=SM-G955N&AppID=Photoshop%20Express%2F2.6.3&Resolution=720x1280&OSVersion=Android%204.4.2&CarrierName=T-Mobile&.a&.c&AQE=1;%;false;%;1;%;no-cache, no-store, max-age=0, no-transform, private;%;Wed, 11 Apr 2018 20:35:50 GMT;%;Not found;%;Not found
I/System.out(22977): body:<com.adobe.mobile.RequestHandler: boolean sendAnalyticsRequest(java.lang.String,java.util.Map,int)>	sig:virtualinvoke $r4.<java.net.HttpURLConnection: void disconnect()>()	timediff:0
I/System.out(22977): body:<com.adobe.mobile.RequestHandler: java.net.HttpURLConnection requestConnect(java.lang.String)>	sig:specialinvoke $r2.<java.net.URL: void <init>(java.lang.String)>($r0)	timediff:0
I/System.out(22977): <com.adobe.mobile.RequestHandler: java.net.HttpURLConnection requestConnect(java.lang.String)>###specialinvoke $r2.<java.net.URL: void <init>(java.lang.String)>($r0)###https://sstats.adobe.com/b/ss/adbemdigitalmedia.rebootprod2%2Cadcpsxandtotals/0/JAVA-4.0.3-AN/s25275113?AQB=1&ndh=1&pageName=Organizer%3A%20Main&t=00%2F00%2F0000%2000%3A00%3A00%200%20420&aid=2D67E19205030AB3-4000119AE00054A9&ts=1523565350&ce=UTF-8&c.&adb.&user.&profile.&attributes.&clientId=PSXAndroid1&.attributes&.profile&.user&page.&pageInfo.&productVersion=2.6.3&productCategory=mobile&namespace=psxAndroid&language=en_US&.pageInfo&.page&.adb&a.&privacy.&mode=unknown&.privacy&DeviceName=SM-G955N&AppID=Photoshop%20Express%2F2.6.3&Resolution=720x1280&OSVersion=Android%204.4.2&CarrierName=T-Mobile&.a&.c&AQE=1
I/System.out(22977): body:<com.adobe.mobile.RequestHandler: java.net.HttpURLConnection requestConnect(java.lang.String)>	sig:$r0 = virtualinvoke $r2.<java.net.URL: java.lang.String getProtocol()>()	timediff:0
I/System.out(22977): body:<com.adobe.mobile.RequestHandler: java.net.HttpURLConnection requestConnect(java.lang.String)>	sig:$r3 = virtualinvoke $r2.<java.net.URL: java.net.URLConnection openConnection()>()	timediff:0
I/System.out(22977): body:<com.adobe.mobile.RequestHandler: boolean sendAnalyticsRequest(java.lang.String,java.util.Map,int)>	sig:virtualinvoke $r4.<java.net.HttpURLConnection: void setConnectTimeout(int)>($i0)	timediff:0
I/System.out(22977): body:<com.adobe.mobile.RequestHandler: boolean sendAnalyticsRequest(java.lang.String,java.util.Map,int)>	sig:virtualinvoke $r4.<java.net.HttpURLConnection: void setReadTimeout(int)>($i0)	timediff:0
I/System.out(22977): body:<com.adobe.mobile.RequestHandler: boolean sendAnalyticsRequest(java.lang.String,java.util.Map,int)>	sig:virtualinvoke $r4.<java.net.HttpURLConnection: void setRequestProperty(java.lang.String,java.lang.String)>($r10, $r9)	timediff:0
I/System.out(22977): body:<com.adobe.mobile.RequestHandler: boolean sendAnalyticsRequest(java.lang.String,java.util.Map,int)>	sig:virtualinvoke $r4.<java.net.HttpURLConnection: void setRequestProperty(java.lang.String,java.lang.String)>($r10, $r9)	timediff:0
D/psexpress_lifecycle(22977): Lifecyle: onStop : class com.adobe.psmobile.StartupActivity
D/psexpress_lifecycle(22977): Lifecyle: onDestroy : class com.adobe.psmobile.StartupActivity
V/PanelView(  537): animationTick called with dtms=0; nothing to do (h=0.0 v=0.0)
W/ViewRootImpl(22977): Dropping event due to no window focus: KeyEvent { action=ACTION_DOWN, keyCode=KEYCODE_DPAD_UP, scanCode=0, metaState=0, flags=0x8, repeatCount=0, eventTime=5750547, downTime=5750547, deviceId=-1, source=0x101 }
W/ViewRootImpl(22977): Dropping event due to no window focus: KeyEvent { action=ACTION_DOWN, keyCode=KEYCODE_CAMERA, scanCode=0, metaState=0, flags=0x8, repeatCount=0, eventTime=5750548, downTime=5750548, deviceId=-1, source=0x101 }
W/ViewRootImpl(22977): Dropping event due to no window focus: KeyEvent { action=ACTION_DOWN, keyCode=KEYCODE_I, scanCode=0, metaState=0, flags=0x8, repeatCount=0, eventTime=5750549, downTime=5750549, deviceId=-1, source=0x101 }
W/EGL_emulation(22977): eglSurfaceAttrib not implemented 3093 12436
W/ViewRootImpl(22977): Dropping event due to no window focus: KeyEvent { action=ACTION_DOWN, keyCode=KEYCODE_DPAD_DOWN, scanCode=0, metaState=0, flags=0x8, repeatCount=0, eventTime=5750554, downTime=5750554, deviceId=-1, source=0x101 }
W/ViewRootImpl(22977): Dropping event due to no window focus: KeyEvent { action=ACTION_DOWN, keyCode=KEYCODE_DPAD_RIGHT, scanCode=0, metaState=0, flags=0x8, repeatCount=0, eventTime=5750562, downTime=5750562, deviceId=-1, source=0x101 }
W/InputMethodManagerService(  478): Window already focused, ignoring focus gain of: com.android.internal.view.IInputMethodClient$Stub$Proxy@4ab55e44 attribute=android.view.inputmethod.EditorInfo@4abbe070, token = android.os.BinderProxy@4a92b270
W/ViewRootImpl(22977): Dropping event due to no window focus: KeyEvent { action=ACTION_DOWN, keyCode=KEYCODE_DPAD_CENTER, scanCode=0, metaState=0, flags=0x8, repeatCount=0, eventTime=5750614, downTime=5750614, deviceId=-1, source=0x101 }
W/EGL_emulation(22977): eglSurfaceAttrib not implemented 3093 12436
I/System.out(22977): body:<com.adobe.mobile.RequestHandler: boolean sendAnalyticsRequest(java.lang.String,java.util.Map,int)>	sig:virtualinvoke $r4.<java.net.HttpURLConnection: int getResponseCode()>()	timediff:152
I/System.out(22977): body:<com.adobe.mobile.RequestHandler: boolean sendAnalyticsRequest(java.lang.String,java.util.Map,int)>	sig:$r11 = virtualinvoke $r4.<java.net.HttpURLConnection: java.io.InputStream getInputStream()>()	timediff:0
I/System.out(22977): body:<empirical.HelperClass: void printURLInfo(java.lang.String,java.lang.String,java.net.URLConnection)>	sig:$r0 = virtualinvoke urlConnection.<java.net.URLConnection: java.net.URL getURL()>()	timediff:0
I/System.out(22977): body:<empirical.HelperClass: void printURLInfo(java.lang.String,java.lang.String,java.net.URLConnection)>	sig:urlString = virtualinvoke $r0.<java.net.URL: java.lang.String toString()>()	timediff:0
I/System.out(22977): body:<empirical.HelperClass: void printURLInfo(java.lang.String,java.lang.String,java.net.URLConnection)>	sig:isDoOutput = virtualinvoke urlConnection.<java.net.URLConnection: boolean getDoOutput()>()	timediff:0
I/System.out(22977): body:<empirical.HelperClass: java.lang.String getHeaderField(java.net.URLConnection,java.lang.String)>	sig:data = virtualinvoke conn.<java.net.URLConnection: java.lang.String getHeaderField(java.lang.String)>(field)	timediff:0
I/System.out(22977): body:<empirical.HelperClass: java.lang.String getHeaderField(java.net.URLConnection,java.lang.String)>	sig:data = virtualinvoke conn.<java.net.URLConnection: java.lang.String getHeaderField(java.lang.String)>(field)	timediff:0
I/System.out(22977): body:<empirical.HelperClass: java.lang.String getHeaderField(java.net.URLConnection,java.lang.String)>	sig:data = virtualinvoke conn.<java.net.URLConnection: java.lang.String getHeaderField(java.lang.String)>(field)	timediff:0
I/System.out(22977): body:<empirical.HelperClass: java.lang.String getHeaderField(java.net.URLConnection,java.lang.String)>	sig:data = virtualinvoke conn.<java.net.URLConnection: java.lang.String getHeaderField(java.lang.String)>(field)	timediff:0
I/System.out(22977): body:<empirical.HelperClass: java.lang.String getHeaderField(java.net.URLConnection,java.lang.String)>	sig:data = virtualinvoke conn.<java.net.URLConnection: java.lang.String getHeaderField(java.lang.String)>(field)	timediff:0
I/System.out(22977): URLConn;%;4;%;<com.adobe.mobile.RequestHandler: boolean sendAnalyticsRequest(java.lang.String,java.util.Map,int)>;%;$r11 = virtualinvoke $r4.<java.net.HttpURLConnection: java.io.InputStream getInputStream()>();%;https://sstats.adobe.com/b/ss/adbemdigitalmedia.rebootprod2%2Cadcpsxandtotals/0/JAVA-4.0.3-AN/s25275113?AQB=1&ndh=1&pageName=Organizer%3A%20Main&t=00%2F00%2F0000%2000%3A00%3A00%200%20420&aid=2D67E19205030AB3-4000119AE00054A9&ts=1523565350&ce=UTF-8&c.&adb.&user.&profile.&attributes.&clientId=PSXAndroid1&.attributes&.profile&.user&page.&pageInfo.&productVersion=2.6.3&productCategory=mobile&namespace=psxAndroid&language=en_US&.pageInfo&.page&.adb&a.&privacy.&mode=unknown&.privacy&DeviceName=SM-G955N&AppID=Photoshop%20Express%2F2.6.3&Resolution=720x1280&OSVersion=Android%204.4.2&CarrierName=T-Mobile&.a&.c&AQE=1;%;false;%;1;%;no-cache, no-store, max-age=0, no-transform, private;%;Wed, 11 Apr 2018 20:35:50 GMT;%;Not found;%;Not found
I/System.out(22977): body:<com.adobe.mobile.RequestHandler: boolean sendAnalyticsRequest(java.lang.String,java.util.Map,int)>	sig:virtualinvoke $r4.<java.net.HttpURLConnection: void disconnect()>()	timediff:0
W/ViewRootImpl(22977): Dropping event due to no window focus: KeyEvent { action=ACTION_DOWN, keyCode=KEYCODE_DPAD_DOWN, scanCode=0, metaState=0, flags=0x8, repeatCount=0, eventTime=5750622, downTime=5750622, deviceId=-1, source=0x101 }
W/InputEventReceiver(22977): Attempted to finish an input event but the input event receiver has already been disposed.
W/ViewRootImpl(22977): Dropping event due to no window focus: KeyEvent { action=ACTION_DOWN, keyCode=KEYCODE_DPAD_RIGHT, scanCode=0, metaState=0, flags=0x8, repeatCount=0, eventTime=5750656, downTime=5750656, deviceId=-1, source=0x101 }
W/InputMethodManagerService(  478): Window already focused, ignoring focus gain of: com.android.internal.view.IInputMethodClient$Stub$Proxy@4a8ebc98 attribute=android.view.inputmethod.EditorInfo@4aa1ee9c, token = android.os.BinderProxy@4a92b270
W/ViewRootImpl(22977): Dropping event due to no window focus: MotionEvent { action=ACTION_MOVE, id[0]=0, x[0]=0.0, y[0]=2.0, toolType[0]=TOOL_TYPE_UNKNOWN, buttonState=0, metaState=0, flags=0x0, edgeFlags=0x0, pointerCount=1, historySize=9, eventTime=5750661, downTime=-1, deviceId=0, source=0x10004 }
W/ViewRootImpl(22977): Dropping event due to no window focus: MotionEvent { action=ACTION_DOWN, id[0]=0, x[0]=0.0, y[0]=0.0, toolType[0]=TOOL_TYPE_UNKNOWN, buttonState=0, metaState=0, flags=0x0, edgeFlags=0x0, pointerCount=1, historySize=0, eventTime=5750662, downTime=5750660, deviceId=0, source=0x10004 }
W/ViewRootImpl(22977): Dropping event due to no window focus: KeyEvent { action=ACTION_DOWN, keyCode=KEYCODE_DPAD_UP, scanCode=0, metaState=0, flags=0x8, repeatCount=0, eventTime=5750662, downTime=5750662, deviceId=-1, source=0x101 }
W/ViewRootImpl(22977): Dropping event due to no window focus: KeyEvent { action=ACTION_DOWN, keyCode=KEYCODE_BACK, scanCode=0, metaState=0, flags=0x8, repeatCount=0, eventTime=5750663, downTime=5750663, deviceId=-1, source=0x101 }
W/ViewRootImpl(22977): Dropping event due to no window focus: KeyEvent { action=ACTION_DOWN, keyCode=KEYCODE_F5, scanCode=0, metaState=0, flags=0x8, repeatCount=0, eventTime=5750663, downTime=5750663, deviceId=-1, source=0x101 }
W/EGL_emulation(22977): eglSurfaceAttrib not implemented 3093 12436
V/FlingTracker(  537): computeCurrentVelocity warning: totalweight=0
V/FlingTracker(  537): java.lang.Throwable
V/FlingTracker(  537): 	at com.android.systemui.statusbar.phone.PanelView$FlingTracker.computeCurrentVelocity(PanelView.java:162)
V/FlingTracker(  537): 	at com.android.systemui.statusbar.phone.PanelView$3.onTouch(PanelView.java:462)
V/FlingTracker(  537): 	at android.view.View.dispatchTouchEvent(View.java:7701)
V/FlingTracker(  537): 	at com.android.systemui.statusbar.phone.NotificationPanelView.onTouchEvent(NotificationPanelView.java:138)
V/FlingTracker(  537): 	at com.android.systemui.statusbar.phone.PanelBar.onTouchEvent(PanelBar.java:130)
V/FlingTracker(  537): 	at com.android.systemui.statusbar.phone.PhoneStatusBarView.onTouchEvent(PhoneStatusBarView.java:201)
V/FlingTracker(  537): 	at android.view.View.dispatchTouchEvent(View.java:7706)
V/FlingTracker(  537): 	at android.view.ViewGroup.dispatchTransformedTouchEvent(ViewGroup.java:2210)
V/FlingTracker(  537): 	at android.view.ViewGroup.dispatchTouchEvent(ViewGroup.java:1945)
V/FlingTracker(  537): 	at android.view.ViewGroup.dispatchTransformedTouchEvent(ViewGroup.java:2216)
V/FlingTracker(  537): 	at android.view.ViewGroup.dispatchTouchEvent(ViewGroup.java:1959)
V/FlingTracker(  537): 	at android.view.View.dispatchPointerEvent(View.java:7886)
V/FlingTracker(  537): 	at android.view.ViewRootImpl$ViewPostImeInputStage.processPointerEvent(ViewRootImpl.java:3978)
V/FlingTracker(  537): 	at android.view.ViewRootImpl$ViewPostImeInputStage.onProcess(ViewRootImpl.java:3857)
V/FlingTracker(  537): 	at android.view.ViewRootImpl$InputStage.deliver(ViewRootImpl.java:3423)
V/FlingTracker(  537): 	at android.view.ViewRootImpl$InputStage.onDeliverToNext(ViewRootImpl.java:3473)
V/FlingTracker(  537): 	at android.view.ViewRootImpl$InputStage.forward(ViewRootImpl.java:3442)
V/FlingTracker(  537): 	at android.view.ViewRootImpl$AsyncInputStage.forward(ViewRootImpl.java:3549)
V/FlingTracker(  537): 	at android.view.ViewRootImpl$InputStage.apply(ViewRootImpl.java:3450)
V/FlingTracker(  537): 	at android.view.ViewRootImpl$AsyncInputStage.apply(ViewRootImpl.java:3606)
V/FlingTracker(  537): 	at android.view.ViewRootImpl$InputStage.deliver(ViewRootImpl.java:3423)
V/FlingTracker(  537): 	at android.view.ViewRootImpl$InputStage.onDeliverToNext(ViewRootImpl.java:3473)
V/FlingTracker(  537): 	at android.view.ViewRootImpl$InputStage.forward(ViewRootImpl.java:3442)
V/FlingTracker(  537): 	at android.view.ViewRootImpl$InputStage.apply(ViewRootImpl.java:3450)
V/FlingTracker(  537): 	at android.view.ViewRootImpl$InputStage.deliver(ViewRootImpl.java:3423)
V/FlingTracker(  537): 	at android.view.ViewRootImpl.deliverInputEvent(ViewRootImpl.java:5626)
V/FlingTracker(  537): 	at android.view.ViewRootImpl.doProcessInputEvents(ViewRootImpl.java:5606)
V/FlingTracker(  537): 	at android.view.ViewRootImpl.enqueueInputEvent(ViewRootImpl.java:5577)
V/FlingTracker(  537): 	at android.view.ViewRootImpl$WindowInputEventReceiver.onInputEvent(ViewRootImpl.java:5706)
V/FlingTracker(  537): 	at android.view.InputEventReceiver.dispatchInputEvent(InputEventReceiver.java:185)
V/FlingTracker(  537): 	at android.os.MessageQueue.nativePollOnce(Native Method)
V/FlingTracker(  537): 	at android.os.MessageQueue.next(MessageQueue.java:138)
V/FlingTracker(  537): 	at android.os.Looper.loop(Looper.java:123)
V/FlingTracker(  537): 	at android.app.ActivityThread.main(ActivityThread.java:5019)
V/FlingTracker(  537): 	at java.lang.reflect.Method.invokeNative(Native Method)
V/FlingTracker(  537): 	at java.lang.reflect.Method.invoke(Method.java:515)
V/FlingTracker(  537): 	at com.android.internal.os.ZygoteInit$MethodAndArgsCaller.run(ZygoteInit.java:779)
V/FlingTracker(  537): 	at com.android.internal.os.ZygoteInit.main(ZygoteInit.java:595)
V/FlingTracker(  537): 	at dalvik.system.NativeStart.main(Native Method)
V/PanelView(  537): animationTick called with dtms=0; nothing to do (h=0.0 v=0.0)
W/InputMethodManagerService(  478): Window already focused, ignoring focus gain of: com.android.internal.view.IInputMethodClient$Stub$Proxy@4a8e07bc attribute=android.view.inputmethod.EditorInfo@4aed0f58, token = android.os.BinderProxy@4a92b270
I/ActivityManager(  478): START u0 {act=android.intent.action.MAIN cat=[android.intent.category.LAUNCHER] flg=0x10200000 cmp=com.adobe.psmobile/.SplashScreen} from pid 22965
D/Omniture Tracking(22977): Tracking Pagename: CreativeCloud , pageType: Organizer
V/PanelView(  537): animationTick called with dtms=0; nothing to do (h=0.0 v=-0.0)
D/Omniture Tracking(22977): Tracking Pagename: UserNotLoggedIn , pageType: CreativeCloud
I/ActivityManager(  478): START u0 {cmp=com.adobe.psmobile/com.adobe.ozintegration.LoginActivity} from pid 22977
D/psexpress_lifecycle(22977): Lifecyle: onPause : class com.adobe.psmobile.MainActivity
I/System.out(22977): body:<com.adobe.mobile.RequestHandler: java.net.HttpURLConnection requestConnect(java.lang.String)>	sig:specialinvoke $r2.<java.net.URL: void <init>(java.lang.String)>($r0)	timediff:0
I/System.out(22977): <com.adobe.mobile.RequestHandler: java.net.HttpURLConnection requestConnect(java.lang.String)>###specialinvoke $r2.<java.net.URL: void <init>(java.lang.String)>($r0)###https://sstats.adobe.com/b/ss/adbemdigitalmedia.rebootprod2%2Cadcpsxandtotals/0/JAVA-4.0.3-AN/s15203739?AQB=1&ndh=1&pageName=Organizer%3A%20CreativeCloud&t=00%2F00%2F0000%2000%3A00%3A00%200%20420&aid=2D67E19205030AB3-4000119AE00054A9&ts=1523565350&ce=UTF-8&c.&adb.&user.&profile.&attributes.&clientId=PSXAndroid1&.attributes&.profile&.user&page.&pageInfo.&productVersion=2.6.3&productCategory=mobile&namespace=psxAndroid&language=en_US&.pageInfo&.page&.adb&a.&DeviceName=SM-G955N&AppID=Photoshop%20Express%2F2.6.3&Resolution=720x1280&OSVersion=Android%204.4.2&CarrierName=T-Mobile&.a&.c&AQE=1
I/System.out(22977): body:<com.adobe.mobile.RequestHandler: java.net.HttpURLConnection requestConnect(java.lang.String)>	sig:$r0 = virtualinvoke $r2.<java.net.URL: java.lang.String getProtocol()>()	timediff:0
I/System.out(22977): body:<com.adobe.mobile.RequestHandler: java.net.HttpURLConnection requestConnect(java.lang.String)>	sig:$r3 = virtualinvoke $r2.<java.net.URL: java.net.URLConnection openConnection()>()	timediff:0
I/System.out(22977): body:<com.adobe.mobile.RequestHandler: boolean sendAnalyticsRequest(java.lang.String,java.util.Map,int)>	sig:virtualinvoke $r4.<java.net.HttpURLConnection: void setConnectTimeout(int)>($i0)	timediff:0
I/System.out(22977): body:<com.adobe.mobile.RequestHandler: boolean sendAnalyticsRequest(java.lang.String,java.util.Map,int)>	sig:virtualinvoke $r4.<java.net.HttpURLConnection: void setReadTimeout(int)>($i0)	timediff:0
I/System.out(22977): body:<com.adobe.mobile.RequestHandler: boolean sendAnalyticsRequest(java.lang.String,java.util.Map,int)>	sig:virtualinvoke $r4.<java.net.HttpURLConnection: void setRequestProperty(java.lang.String,java.lang.String)>($r10, $r9)	timediff:0
I/System.out(22977): body:<com.adobe.mobile.RequestHandler: boolean sendAnalyticsRequest(java.lang.String,java.util.Map,int)>	sig:virtualinvoke $r4.<java.net.HttpURLConnection: void setRequestProperty(java.lang.String,java.lang.String)>($r10, $r9)	timediff:0
D/psexpress_lifecycle(22977): Lifecyle: OnCreate : class com.adobe.ozintegration.LoginActivity
D/dalvikvm(22977): GC_FOR_ALLOC freed 1492K, 31% free 10471K/15068K, paused 3ms, total 3ms
I/dalvikvm-heap(22977): Grow heap (frag case) to 26.282MB for 16777228-byte allocation
D/dalvikvm(22977): GC_FOR_ALLOC freed <1K, 15% free 26854K/31456K, paused 4ms, total 4ms
D/dalvikvm(22977): GC_CONCURRENT freed 2208K, 22% free 24692K/31456K, paused 0ms+1ms, total 3ms
D/psexpress_lifecycle(22977): Lifecyle: onStart : class com.adobe.ozintegration.LoginActivity
D/Omniture Tracking(22977): Tracking Pagename: Main , pageType: Revel
D/psexpress_lifecycle(22977): Lifecyle: onResume : class com.adobe.ozintegration.LoginActivity
I/System.out(22977): body:<com.adobe.mobile.RequestHandler: boolean sendAnalyticsRequest(java.lang.String,java.util.Map,int)>	sig:virtualinvoke $r4.<java.net.HttpURLConnection: int getResponseCode()>()	timediff:131
I/System.out(22977): body:<com.adobe.mobile.RequestHandler: boolean sendAnalyticsRequest(java.lang.String,java.util.Map,int)>	sig:$r11 = virtualinvoke $r4.<java.net.HttpURLConnection: java.io.InputStream getInputStream()>()	timediff:0
I/System.out(22977): body:<empirical.HelperClass: void printURLInfo(java.lang.String,java.lang.String,java.net.URLConnection)>	sig:$r0 = virtualinvoke urlConnection.<java.net.URLConnection: java.net.URL getURL()>()	timediff:0
I/System.out(22977): body:<empirical.HelperClass: void printURLInfo(java.lang.String,java.lang.String,java.net.URLConnection)>	sig:urlString = virtualinvoke $r0.<java.net.URL: java.lang.String toString()>()	timediff:0
I/System.out(22977): body:<empirical.HelperClass: void printURLInfo(java.lang.String,java.lang.String,java.net.URLConnection)>	sig:isDoOutput = virtualinvoke urlConnection.<java.net.URLConnection: boolean getDoOutput()>()	timediff:0
I/System.out(22977): body:<empirical.HelperClass: java.lang.String getHeaderField(java.net.URLConnection,java.lang.String)>	sig:data = virtualinvoke conn.<java.net.URLConnection: java.lang.String getHeaderField(java.lang.String)>(field)	timediff:0
I/System.out(22977): body:<empirical.HelperClass: java.lang.String getHeaderField(java.net.URLConnection,java.lang.String)>	sig:data = virtualinvoke conn.<java.net.URLConnection: java.lang.String getHeaderField(java.lang.String)>(field)	timediff:0
I/System.out(22977): body:<empirical.HelperClass: java.lang.String getHeaderField(java.net.URLConnection,java.lang.String)>	sig:data = virtualinvoke conn.<java.net.URLConnection: java.lang.String getHeaderField(java.lang.String)>(field)	timediff:0
I/System.out(22977): body:<empirical.HelperClass: java.lang.String getHeaderField(java.net.URLConnection,java.lang.String)>	sig:data = virtualinvoke conn.<java.net.URLConnection: java.lang.String getHeaderField(java.lang.String)>(field)	timediff:0
I/System.out(22977): body:<empirical.HelperClass: java.lang.String getHeaderField(java.net.URLConnection,java.lang.String)>	sig:data = virtualinvoke conn.<java.net.URLConnection: java.lang.String getHeaderField(java.lang.String)>(field)	timediff:0
I/System.out(22977): URLConn;%;5;%;<com.adobe.mobile.RequestHandler: boolean sendAnalyticsRequest(java.lang.String,java.util.Map,int)>;%;$r11 = virtualinvoke $r4.<java.net.HttpURLConnection: java.io.InputStream getInputStream()>();%;https://sstats.adobe.com/b/ss/adbemdigitalmedia.rebootprod2%2Cadcpsxandtotals/0/JAVA-4.0.3-AN/s15203739?AQB=1&ndh=1&pageName=Organizer%3A%20CreativeCloud&t=00%2F00%2F0000%2000%3A00%3A00%200%20420&aid=2D67E19205030AB3-4000119AE00054A9&ts=1523565350&ce=UTF-8&c.&adb.&user.&profile.&attributes.&clientId=PSXAndroid1&.attributes&.profile&.user&page.&pageInfo.&productVersion=2.6.3&productCategory=mobile&namespace=psxAndroid&language=en_US&.pageInfo&.page&.adb&a.&DeviceName=SM-G955N&AppID=Photoshop%20Express%2F2.6.3&Resolution=720x1280&OSVersion=Android%204.4.2&CarrierName=T-Mobile&.a&.c&AQE=1;%;false;%;1;%;no-cache, no-store, max-age=0, no-transform, private;%;Wed, 11 Apr 2018 20:35:50 GMT;%;Not found;%;Not found
I/System.out(22977): body:<com.adobe.mobile.RequestHandler: boolean sendAnalyticsRequest(java.lang.String,java.util.Map,int)>	sig:virtualinvoke $r4.<java.net.HttpURLConnection: void disconnect()>()	timediff:0
I/System.out(22977): body:<com.adobe.mobile.RequestHandler: java.net.HttpURLConnection requestConnect(java.lang.String)>	sig:specialinvoke $r2.<java.net.URL: void <init>(java.lang.String)>($r0)	timediff:0
I/System.out(22977): <com.adobe.mobile.RequestHandler: java.net.HttpURLConnection requestConnect(java.lang.String)>###specialinvoke $r2.<java.net.URL: void <init>(java.lang.String)>($r0)###https://sstats.adobe.com/b/ss/adbemdigitalmedia.rebootprod2%2Cadcpsxandtotals/0/JAVA-4.0.3-AN/s70725429?AQB=1&ndh=1&pageName=CreativeCloud%3A%20UserNotLoggedIn&t=00%2F00%2F0000%2000%3A00%3A00%200%20420&aid=2D67E19205030AB3-4000119AE00054A9&ts=1523565350&ce=UTF-8&c.&adb.&user.&profile.&attributes.&clientId=PSXAndroid1&.attributes&.profile&.user&page.&pageInfo.&productVersion=2.6.3&productCategory=mobile&namespace=psxAndroid&language=en_US&.pageInfo&.page&.adb&a.&DeviceName=SM-G955N&AppID=Photoshop%20Express%2F2.6.3&Resolution=720x1280&OSVersion=Android%204.4.2&CarrierName=T-Mobile&.a&.c&AQE=1
I/System.out(22977): body:<com.adobe.mobile.RequestHandler: java.net.HttpURLConnection requestConnect(java.lang.String)>	sig:$r0 = virtualinvoke $r2.<java.net.URL: java.lang.String getProtocol()>()	timediff:0
I/System.out(22977): body:<com.adobe.mobile.RequestHandler: java.net.HttpURLConnection requestConnect(java.lang.String)>	sig:$r3 = virtualinvoke $r2.<java.net.URL: java.net.URLConnection openConnection()>()	timediff:0
I/System.out(22977): body:<com.adobe.mobile.RequestHandler: boolean sendAnalyticsRequest(java.lang.String,java.util.Map,int)>	sig:virtualinvoke $r4.<java.net.HttpURLConnection: void setConnectTimeout(int)>($i0)	timediff:0
I/System.out(22977): body:<com.adobe.mobile.RequestHandler: boolean sendAnalyticsRequest(java.lang.String,java.util.Map,int)>	sig:virtualinvoke $r4.<java.net.HttpURLConnection: void setReadTimeout(int)>($i0)	timediff:0
I/System.out(22977): body:<com.adobe.mobile.RequestHandler: boolean sendAnalyticsRequest(java.lang.String,java.util.Map,int)>	sig:virtualinvoke $r4.<java.net.HttpURLConnection: void setRequestProperty(java.lang.String,java.lang.String)>($r10, $r9)	timediff:0
I/System.out(22977): body:<com.adobe.mobile.RequestHandler: boolean sendAnalyticsRequest(java.lang.String,java.util.Map,int)>	sig:virtualinvoke $r4.<java.net.HttpURLConnection: void setRequestProperty(java.lang.String,java.lang.String)>($r10, $r9)	timediff:0
W/EGL_emulation(22977): eglSurfaceAttrib not implemented 3093 12436
W/ViewRootImpl(22977): Dropping event due to no window focus: KeyEvent { action=ACTION_DOWN, keyCode=KEYCODE_DPAD_CENTER, scanCode=0, metaState=0, flags=0x8, repeatCount=0, eventTime=5750743, downTime=5750743, deviceId=-1, source=0x101 }
W/ContextImpl(  478): Calling a method in the system process without a qualified user: android.app.ContextImpl.sendBroadcast:1123 com.android.server.InputMethodManagerService.hideCurrentInputLocked:1880 com.android.server.InputMethodManagerService.windowGainedFocus:1968 com.android.internal.view.IInputMethodManager$Stub.onTransact:221 com.android.server.InputMethodManagerService.onTransact:818 
I/System.out(22977): body:<com.adobe.mobile.RequestHandler: boolean sendAnalyticsRequest(java.lang.String,java.util.Map,int)>	sig:virtualinvoke $r4.<java.net.HttpURLConnection: int getResponseCode()>()	timediff:138
I/System.out(22977): body:<com.adobe.mobile.RequestHandler: boolean sendAnalyticsRequest(java.lang.String,java.util.Map,int)>	sig:$r11 = virtualinvoke $r4.<java.net.HttpURLConnection: java.io.InputStream getInputStream()>()	timediff:0
I/System.out(22977): body:<empirical.HelperClass: void printURLInfo(java.lang.String,java.lang.String,java.net.URLConnection)>	sig:$r0 = virtualinvoke urlConnection.<java.net.URLConnection: java.net.URL getURL()>()	timediff:0
I/System.out(22977): body:<empirical.HelperClass: void printURLInfo(java.lang.String,java.lang.String,java.net.URLConnection)>	sig:urlString = virtualinvoke $r0.<java.net.URL: java.lang.String toString()>()	timediff:0
I/System.out(22977): body:<empirical.HelperClass: void printURLInfo(java.lang.String,java.lang.String,java.net.URLConnection)>	sig:isDoOutput = virtualinvoke urlConnection.<java.net.URLConnection: boolean getDoOutput()>()	timediff:0
I/System.out(22977): body:<empirical.HelperClass: java.lang.String getHeaderField(java.net.URLConnection,java.lang.String)>	sig:data = virtualinvoke conn.<java.net.URLConnection: java.lang.String getHeaderField(java.lang.String)>(field)	timediff:0
I/System.out(22977): body:<empirical.HelperClass: java.lang.String getHeaderField(java.net.URLConnection,java.lang.String)>	sig:data = virtualinvoke conn.<java.net.URLConnection: java.lang.String getHeaderField(java.lang.String)>(field)	timediff:0
I/System.out(22977): body:<empirical.HelperClass: java.lang.String getHeaderField(java.net.URLConnection,java.lang.String)>	sig:data = virtualinvoke conn.<java.net.URLConnection: java.lang.String getHeaderField(java.lang.String)>(field)	timediff:0
I/System.out(22977): body:<empirical.HelperClass: java.lang.String getHeaderField(java.net.URLConnection,java.lang.String)>	sig:data = virtualinvoke conn.<java.net.URLConnection: java.lang.String getHeaderField(java.lang.String)>(field)	timediff:0
I/System.out(22977): body:<empirical.HelperClass: java.lang.String getHeaderField(java.net.URLConnection,java.lang.String)>	sig:data = virtualinvoke conn.<java.net.URLConnection: java.lang.String getHeaderField(java.lang.String)>(field)	timediff:0
I/System.out(22977): URLConn;%;6;%;<com.adobe.mobile.RequestHandler: boolean sendAnalyticsRequest(java.lang.String,java.util.Map,int)>;%;$r11 = virtualinvoke $r4.<java.net.HttpURLConnection: java.io.InputStream getInputStream()>();%;https://sstats.adobe.com/b/ss/adbemdigitalmedia.rebootprod2%2Cadcpsxandtotals/0/JAVA-4.0.3-AN/s70725429?AQB=1&ndh=1&pageName=CreativeCloud%3A%20UserNotLoggedIn&t=00%2F00%2F0000%2000%3A00%3A00%200%20420&aid=2D67E19205030AB3-4000119AE00054A9&ts=1523565350&ce=UTF-8&c.&adb.&user.&profile.&attributes.&clientId=PSXAndroid1&.attributes&.profile&.user&page.&pageInfo.&productVersion=2.6.3&productCategory=mobile&namespace=psxAndroid&language=en_US&.pageInfo&.page&.adb&a.&DeviceName=SM-G955N&AppID=Photoshop%20Express%2F2.6.3&Resolution=720x1280&OSVersion=Android%204.4.2&CarrierName=T-Mobile&.a&.c&AQE=1;%;false;%;1;%;no-cache, no-store, max-age=0, no-transform, private;%;Wed, 11 Apr 2018 20:35:51 GMT;%;Not found;%;Not found
I/System.out(22977): body:<com.adobe.mobile.RequestHandler: boolean sendAnalyticsRequest(java.lang.String,java.util.Map,int)>	sig:virtualinvoke $r4.<java.net.HttpURLConnection: void disconnect()>()	timediff:0
I/System.out(22977): body:<com.adobe.mobile.RequestHandler: java.net.HttpURLConnection requestConnect(java.lang.String)>	sig:specialinvoke $r2.<java.net.URL: void <init>(java.lang.String)>($r0)	timediff:0
I/System.out(22977): <com.adobe.mobile.RequestHandler: java.net.HttpURLConnection requestConnect(java.lang.String)>###specialinvoke $r2.<java.net.URL: void <init>(java.lang.String)>($r0)###https://sstats.adobe.com/b/ss/adbemdigitalmedia.rebootprod2%2Cadcpsxandtotals/0/JAVA-4.0.3-AN/s50255858?AQB=1&ndh=1&pageName=Revel%3A%20Main&t=00%2F00%2F0000%2000%3A00%3A00%200%20420&aid=2D67E19205030AB3-4000119AE00054A9&ts=1523565350&ce=UTF-8&c.&adb.&user.&profile.&attributes.&clientId=PSXAndroid1&.attributes&.profile&.user&page.&pageInfo.&productVersion=2.6.3&productCategory=mobile&namespace=psxAndroid&language=en_US&.pageInfo&.page&.adb&a.&DeviceName=SM-G955N&AppID=Photoshop%20Express%2F2.6.3&Resolution=720x1280&OSVersion=Android%204.4.2&CarrierName=T-Mobile&.a&.c&AQE=1
I/System.out(22977): body:<com.adobe.mobile.RequestHandler: java.net.HttpURLConnection requestConnect(java.lang.String)>	sig:$r0 = virtualinvoke $r2.<java.net.URL: java.lang.String getProtocol()>()	timediff:0
I/System.out(22977): body:<com.adobe.mobile.RequestHandler: java.net.HttpURLConnection requestConnect(java.lang.String)>	sig:$r3 = virtualinvoke $r2.<java.net.URL: java.net.URLConnection openConnection()>()	timediff:0
I/System.out(22977): body:<com.adobe.mobile.RequestHandler: boolean sendAnalyticsRequest(java.lang.String,java.util.Map,int)>	sig:virtualinvoke $r4.<java.net.HttpURLConnection: void setConnectTimeout(int)>($i0)	timediff:0
I/System.out(22977): body:<com.adobe.mobile.RequestHandler: boolean sendAnalyticsRequest(java.lang.String,java.util.Map,int)>	sig:virtualinvoke $r4.<java.net.HttpURLConnection: void setReadTimeout(int)>($i0)	timediff:0
I/System.out(22977): body:<com.adobe.mobile.RequestHandler: boolean sendAnalyticsRequest(java.lang.String,java.util.Map,int)>	sig:virtualinvoke $r4.<java.net.HttpURLConnection: void setRequestProperty(java.lang.String,java.lang.String)>($r10, $r9)	timediff:0
I/System.out(22977): body:<com.adobe.mobile.RequestHandler: boolean sendAnalyticsRequest(java.lang.String,java.util.Map,int)>	sig:virtualinvoke $r4.<java.net.HttpURLConnection: void setRequestProperty(java.lang.String,java.lang.String)>($r10, $r9)	timediff:0
I/ActivityManager(  478): Displayed com.adobe.psmobile/com.adobe.ozintegration.LoginActivity: +320ms
I/System.out(22977): body:<com.adobe.mobile.RequestHandler: boolean sendAnalyticsRequest(java.lang.String,java.util.Map,int)>	sig:virtualinvoke $r4.<java.net.HttpURLConnection: int getResponseCode()>()	timediff:128
I/System.out(22977): body:<com.adobe.mobile.RequestHandler: boolean sendAnalyticsRequest(java.lang.String,java.util.Map,int)>	sig:$r11 = virtualinvoke $r4.<java.net.HttpURLConnection: java.io.InputStream getInputStream()>()	timediff:0
I/System.out(22977): body:<empirical.HelperClass: void printURLInfo(java.lang.String,java.lang.String,java.net.URLConnection)>	sig:$r0 = virtualinvoke urlConnection.<java.net.URLConnection: java.net.URL getURL()>()	timediff:0
I/System.out(22977): body:<empirical.HelperClass: void printURLInfo(java.lang.String,java.lang.String,java.net.URLConnection)>	sig:urlString = virtualinvoke $r0.<java.net.URL: java.lang.String toString()>()	timediff:0
I/System.out(22977): body:<empirical.HelperClass: void printURLInfo(java.lang.String,java.lang.String,java.net.URLConnection)>	sig:isDoOutput = virtualinvoke urlConnection.<java.net.URLConnection: boolean getDoOutput()>()	timediff:0
I/System.out(22977): body:<empirical.HelperClass: java.lang.String getHeaderField(java.net.URLConnection,java.lang.String)>	sig:data = virtualinvoke conn.<java.net.URLConnection: java.lang.String getHeaderField(java.lang.String)>(field)	timediff:0
I/System.out(22977): body:<empirical.HelperClass: java.lang.String getHeaderField(java.net.URLConnection,java.lang.String)>	sig:data = virtualinvoke conn.<java.net.URLConnection: java.lang.String getHeaderField(java.lang.String)>(field)	timediff:0
I/System.out(22977): body:<empirical.HelperClass: java.lang.String getHeaderField(java.net.URLConnection,java.lang.String)>	sig:data = virtualinvoke conn.<java.net.URLConnection: java.lang.String getHeaderField(java.lang.String)>(field)	timediff:0
I/System.out(22977): body:<empirical.HelperClass: java.lang.String getHeaderField(java.net.URLConnection,java.lang.String)>	sig:data = virtualinvoke conn.<java.net.URLConnection: java.lang.String getHeaderField(java.lang.String)>(field)	timediff:0
I/System.out(22977): body:<empirical.HelperClass: java.lang.String getHeaderField(java.net.URLConnection,java.lang.String)>	sig:data = virtualinvoke conn.<java.net.URLConnection: java.lang.String getHeaderField(java.lang.String)>(field)	timediff:0
I/System.out(22977): URLConn;%;7;%;<com.adobe.mobile.RequestHandler: boolean sendAnalyticsRequest(java.lang.String,java.util.Map,int)>;%;$r11 = virtualinvoke $r4.<java.net.HttpURLConnection: java.io.InputStream getInputStream()>();%;https://sstats.adobe.com/b/ss/adbemdigitalmedia.rebootprod2%2Cadcpsxandtotals/0/JAVA-4.0.3-AN/s50255858?AQB=1&ndh=1&pageName=Revel%3A%20Main&t=00%2F00%2F0000%2000%3A00%3A00%200%20420&aid=2D67E19205030AB3-4000119AE00054A9&ts=1523565350&ce=UTF-8&c.&adb.&user.&profile.&attributes.&clientId=PSXAndroid1&.attributes&.profile&.user&page.&pageInfo.&productVersion=2.6.3&productCategory=mobile&namespace=psxAndroid&language=en_US&.pageInfo&.page&.adb&a.&DeviceName=SM-G955N&AppID=Photoshop%20Express%2F2.6.3&Resolution=720x1280&OSVersion=Android%204.4.2&CarrierName=T-Mobile&.a&.c&AQE=1;%;false;%;1;%;no-cache, no-store, max-age=0, no-transform, private;%;Wed, 11 Apr 2018 20:35:51 GMT;%;Not found;%;Not found
I/System.out(22977): body:<com.adobe.mobile.RequestHandler: boolean sendAnalyticsRequest(java.lang.String,java.util.Map,int)>	sig:virtualinvoke $r4.<java.net.HttpURLConnection: void disconnect()>()	timediff:0
I/ActivityManager(  478): START u0 {cmp=com.adobe.psmobile/com.adobe.ozintegration.IMSLoginActivity (has extras)} from pid 22977
D/psexpress_lifecycle(22977): Lifecyle: onPause : class com.adobe.ozintegration.LoginActivity
D/psexpress_lifecycle(22977): Lifecyle: onStop : class com.adobe.psmobile.MainActivity
D/psexpress_lifecycle(22977): Lifecyle: OnCreate : class com.adobe.ozintegration.IMSLoginActivity
D/Oz      (22977): IMSLogin on create
V/WebViewChromium(22977): Binding Chromium to the background looper Looper (main, tid 1) {4a790bec}
I/chromium(22977): [INFO:library_loader_hooks.cc(112)] Chromium logging enabled: level = 0, default verbosity = 0
I/BrowserProcessMain(22977): Initializing chromium process, renderers=0
W/chromium(22977): [WARNING:proxy_service.cc(888)] PAC support disabled because there is no system implementation
D/Omniture Tracking(22977): Tracking Pagename: AdobeIDSignIn , pageType: Revel
D/psexpress_lifecycle(22977): Lifecyle: onStart : class com.adobe.ozintegration.IMSLoginActivity
D/psexpress_lifecycle(22977): Lifecyle: onResume : class com.adobe.ozintegration.IMSLoginActivity
I/System.out(22977): body:<com.adobe.mobile.RequestHandler: java.net.HttpURLConnection requestConnect(java.lang.String)>	sig:specialinvoke $r2.<java.net.URL: void <init>(java.lang.String)>($r0)	timediff:0
I/System.out(22977): <com.adobe.mobile.RequestHandler: java.net.HttpURLConnection requestConnect(java.lang.String)>###specialinvoke $r2.<java.net.URL: void <init>(java.lang.String)>($r0)###https://sstats.adobe.com/b/ss/adbemdigitalmedia.rebootprod2%2Cadcpsxandtotals/0/JAVA-4.0.3-AN/s34981180?AQB=1&ndh=1&pageName=Revel%3A%20AdobeIDSignIn&t=00%2F00%2F0000%2000%3A00%3A00%200%20420&aid=2D67E19205030AB3-4000119AE00054A9&ts=1523565351&ce=UTF-8&c.&adb.&user.&profile.&attributes.&clientId=PSXAndroid1&.attributes&.profile&.user&page.&pageInfo.&productVersion=2.6.3&productCategory=mobile&namespace=psxAndroid&language=en_US&.pageInfo&.page&.adb&a.&DeviceName=SM-G955N&AppID=Photoshop%20Express%2F2.6.3&Resolution=720x1280&OSVersion=Android%204.4.2&CarrierName=T-Mobile&.a&.c&AQE=1
I/System.out(22977): body:<com.adobe.mobile.RequestHandler: java.net.HttpURLConnection requestConnect(java.lang.String)>	sig:$r0 = virtualinvoke $r2.<java.net.URL: java.lang.String getProtocol()>()	timediff:0
I/System.out(22977): body:<com.adobe.mobile.RequestHandler: java.net.HttpURLConnection requestConnect(java.lang.String)>	sig:$r3 = virtualinvoke $r2.<java.net.URL: java.net.URLConnection openConnection()>()	timediff:1
I/System.out(22977): body:<com.adobe.mobile.RequestHandler: boolean sendAnalyticsRequest(java.lang.String,java.util.Map,int)>	sig:virtualinvoke $r4.<java.net.HttpURLConnection: void setConnectTimeout(int)>($i0)	timediff:0
I/System.out(22977): body:<com.adobe.mobile.RequestHandler: boolean sendAnalyticsRequest(java.lang.String,java.util.Map,int)>	sig:virtualinvoke $r4.<java.net.HttpURLConnection: void setReadTimeout(int)>($i0)	timediff:0
I/System.out(22977): body:<com.adobe.mobile.RequestHandler: boolean sendAnalyticsRequest(java.lang.String,java.util.Map,int)>	sig:virtualinvoke $r4.<java.net.HttpURLConnection: void setRequestProperty(java.lang.String,java.lang.String)>($r10, $r9)	timediff:0
I/System.out(22977): body:<com.adobe.mobile.RequestHandler: boolean sendAnalyticsRequest(java.lang.String,java.util.Map,int)>	sig:virtualinvoke $r4.<java.net.HttpURLConnection: void setRequestProperty(java.lang.String,java.lang.String)>($r10, $r9)	timediff:0
W/EGL_emulation(22977): eglSurfaceAttrib not implemented 3093 12436
W/ViewRootImpl(22977): Dropping event due to no window focus: KeyEvent { action=ACTION_DOWN, keyCode=KEYCODE_MENU, scanCode=0, metaState=0, flags=0x8, repeatCount=0, eventTime=5751161, downTime=5751161, deviceId=-1, source=0x101 }
W/ViewRootImpl(22977): Dropping event due to no window focus: KeyEvent { action=ACTION_DOWN, keyCode=KEYCODE_DPAD_RIGHT, scanCode=0, metaState=0, flags=0x8, repeatCount=0, eventTime=5751485, downTime=5751485, deviceId=-1, source=0x101 }
W/ContextImpl(  478): Calling a method in the system process without a qualified user: android.app.ContextImpl.sendBroadcast:1123 com.android.server.InputMethodManagerService.hideCurrentInputLocked:1880 com.android.server.InputMethodManagerService.windowGainedFocus:1968 com.android.internal.view.IInputMethodManager$Stub.onTransact:221 com.android.server.InputMethodManagerService.onTransact:818 
I/ActivityManager(  478): START u0 {act=android.intent.action.MAIN cat=[android.intent.category.LAUNCHER] flg=0x10000000 sel={act=android.intent.action.MAIN cat=[android.intent.category.APP_EMAIL]}} from pid 478
I/ActivityManager(  478): START u0 {act=android.intent.action.MAIN cat=[android.intent.category.LAUNCHER] flg=0x10000000 sel={act=android.intent.action.MAIN cat=[android.intent.category.APP_CALCULATOR]}} from pid 478
W/UnimplementedWebViewApi(22977): Unimplemented WebView method onKeyDown called from: android.webkit.WebView.onKeyDown(WebView.java:2169)
W/UnimplementedWebViewApi(22977): Unimplemented WebView method onKeyDown called from: android.webkit.WebView.onKeyDown(WebView.java:2169)
W/AwContents(22977): nativeOnDraw failed; clearing to background color.
I/ActivityManager(  478): START u0 {act=android.intent.action.CALL_BUTTON flg=0x10000000} from pid 22977
W/PhoneFallbackEventHandler(22977): No activity found for android.intent.action.CALL_BUTTON.
W/ResourceType(  478): Skipping entry 0x7f04000a in package table 0 because it is not complex!
W/ResourceType(  478): Skipping entry 0x7f04000b in package table 0 because it is not complex!
I/ActivityManager(  478): Displayed com.adobe.psmobile/com.adobe.ozintegration.IMSLoginActivity: +128ms
I/chromium(22977): [INFO:simple_index_file.cc(397)] Simple Cache Index is being restored from disk.
I/chromium(22977): [INFO:async_pixel_transfer_manager_android.cc(56)] Async pixel transfers not supported
I/System.out(22977): body:<com.adobe.mobile.RequestHandler: boolean sendAnalyticsRequest(java.lang.String,java.util.Map,int)>	sig:virtualinvoke $r4.<java.net.HttpURLConnection: int getResponseCode()>()	timediff:139
I/System.out(22977): body:<com.adobe.mobile.RequestHandler: boolean sendAnalyticsRequest(java.lang.String,java.util.Map,int)>	sig:$r11 = virtualinvoke $r4.<java.net.HttpURLConnection: java.io.InputStream getInputStream()>()	timediff:0
I/System.out(22977): body:<empirical.HelperClass: void printURLInfo(java.lang.String,java.lang.String,java.net.URLConnection)>	sig:$r0 = virtualinvoke urlConnection.<java.net.URLConnection: java.net.URL getURL()>()	timediff:0
I/System.out(22977): body:<empirical.HelperClass: void printURLInfo(java.lang.String,java.lang.String,java.net.URLConnection)>	sig:urlString = virtualinvoke $r0.<java.net.URL: java.lang.String toString()>()	timediff:0
I/System.out(22977): body:<empirical.HelperClass: void printURLInfo(java.lang.String,java.lang.String,java.net.URLConnection)>	sig:isDoOutput = virtualinvoke urlConnection.<java.net.URLConnection: boolean getDoOutput()>()	timediff:0
I/System.out(22977): body:<empirical.HelperClass: java.lang.String getHeaderField(java.net.URLConnection,java.lang.String)>	sig:data = virtualinvoke conn.<java.net.URLConnection: java.lang.String getHeaderField(java.lang.String)>(field)	timediff:0
I/System.out(22977): body:<empirical.HelperClass: java.lang.String getHeaderField(java.net.URLConnection,java.lang.String)>	sig:data = virtualinvoke conn.<java.net.URLConnection: java.lang.String getHeaderField(java.lang.String)>(field)	timediff:0
I/System.out(22977): body:<empirical.HelperClass: java.lang.String getHeaderField(java.net.URLConnection,java.lang.String)>	sig:data = virtualinvoke conn.<java.net.URLConnection: java.lang.String getHeaderField(java.lang.String)>(field)	timediff:0
I/System.out(22977): body:<empirical.HelperClass: java.lang.String getHeaderField(java.net.URLConnection,java.lang.String)>	sig:data = virtualinvoke conn.<java.net.URLConnection: java.lang.String getHeaderField(java.lang.String)>(field)	timediff:0
I/System.out(22977): body:<empirical.HelperClass: java.lang.String getHeaderField(java.net.URLConnection,java.lang.String)>	sig:data = virtualinvoke conn.<java.net.URLConnection: java.lang.String getHeaderField(java.lang.String)>(field)	timediff:0
I/System.out(22977): URLConn;%;8;%;<com.adobe.mobile.RequestHandler: boolean sendAnalyticsRequest(java.lang.String,java.util.Map,int)>;%;$r11 = virtualinvoke $r4.<java.net.HttpURLConnection: java.io.InputStream getInputStream()>();%;https://sstats.adobe.com/b/ss/adbemdigitalmedia.rebootprod2%2Cadcpsxandtotals/0/JAVA-4.0.3-AN/s34981180?AQB=1&ndh=1&pageName=Revel%3A%20AdobeIDSignIn&t=00%2F00%2F0000%2000%3A00%3A00%200%20420&aid=2D67E19205030AB3-4000119AE00054A9&ts=1523565351&ce=UTF-8&c.&adb.&user.&profile.&attributes.&clientId=PSXAndroid1&.attributes&.profile&.user&page.&pageInfo.&productVersion=2.6.3&productCategory=mobile&namespace=psxAndroid&language=en_US&.pageInfo&.page&.adb&a.&DeviceName=SM-G955N&AppID=Photoshop%20Express%2F2.6.3&Resolution=720x1280&OSVersion=Android%204.4.2&CarrierName=T-Mobile&.a&.c&AQE=1;%;false;%;1;%;no-cache, no-store, max-age=0, no-transform, private;%;Wed, 11 Apr 2018 20:35:51 GMT;%;Not found;%;Not found
I/System.out(22977): body:<com.adobe.mobile.RequestHandler: boolean sendAnalyticsRequest(java.lang.String,java.util.Map,int)>	sig:virtualinvoke $r4.<java.net.HttpURLConnection: void disconnect()>()	timediff:0
I/chromium(22977): [INFO:async_pixel_transfer_manager_android.cc(56)] Async pixel transfers not supported
W/UnimplementedWebViewApi(22977): Unimplemented WebView method onKeyDown called from: android.webkit.WebView.onKeyDown(WebView.java:2169)
D/Oz      (22977): Loaded url : https://adobeid-na1.services.adobe.com/renga-idprovider/pages/login?callback=https%3A%2F%2Fims-na1.adobelogin.com%2Fims%2Fadobeid%2FPSXAndroid1%2FAdobeID%2Fcode%3Fredirect_uri%3Dair-auth%253A%252F%252Fape&client_id=PSXAndroid1&scope=AdobeID%2Copenid%2Ccreative_sdk&denied_callback=https%3A%2F%2Fims-na1.adobelogin.com%2Fims%2Fdenied%2FPSXAndroid1%3Fredirect_uri%3Dair-auth%253A%252F%252Fape%26response_type%3Dcode&display=web_v2&relay=1f78b8d6-51da-48b9-a2b1-f073abd8ad9f&locale=en_US&flow_type=code&idp_flow_type=login
I/SnapScrollController(22977): setSnapScrollingMode case-default no-op
I/SnapScrollController(22977): setSnapScrollingMode case-default no-op
W/ViewRootImpl(22977): Dropping event due to no window focus: KeyEvent { action=ACTION_DOWN, keyCode=KEYCODE_PROG_BLUE, scanCode=0, metaState=0, flags=0x8, repeatCount=0, eventTime=5751871, downTime=5751871, deviceId=-1, source=0x101 }
W/ViewRootImpl(22977): Dropping event due to no window focus: KeyEvent { action=ACTION_DOWN, keyCode=KEYCODE_MENU, scanCode=0, metaState=0, flags=0x8, repeatCount=0, eventTime=5751876, downTime=5751876, deviceId=-1, source=0x101 }
W/EGL_emulation(22977): eglSurfaceAttrib not implemented 3093 12436
D/psexpress_lifecycle(22977): Lifecyle: onStop : class com.adobe.ozintegration.LoginActivity
W/ViewRootImpl(22977): Dropping event due to no window focus: KeyEvent { action=ACTION_DOWN, keyCode=KEYCODE_NUMPAD_EQUALS, scanCode=0, metaState=0, flags=0x8, repeatCount=0, eventTime=5751878, downTime=5751878, deviceId=-1, source=0x101 }
W/ViewRootImpl(22977): Dropping event due to no window focus: KeyEvent { action=ACTION_DOWN, keyCode=KEYCODE_DPAD_UP, scanCode=0, metaState=0, flags=0x8, repeatCount=0, eventTime=5751893, downTime=5751893, deviceId=-1, source=0x101 }
V/PanelView(  537): animationTick called with dtms=0; nothing to do (h=0.0 v=-0.0)
W/InputEventReceiver(22977): Attempted to finish an input event but the input event receiver has already been disposed.
W/ViewRootImpl(22977): Dropping event due to no window focus: KeyEvent { action=ACTION_DOWN, keyCode=KEYCODE_DPAD_LEFT, scanCode=0, metaState=0, flags=0x8, repeatCount=0, eventTime=5751982, downTime=5751982, deviceId=-1, source=0x101 }
W/EGL_emulation(22977): eglSurfaceAttrib not implemented 3093 12436
W/ViewRootImpl(22977): Dropping event due to no window focus: KeyEvent { action=ACTION_DOWN, keyCode=KEYCODE_DPAD_LEFT, scanCode=0, metaState=0, flags=0x8, repeatCount=0, eventTime=5751984, downTime=5751984, deviceId=-1, source=0x101 }
W/InputMethodManagerService(  478): Window already focused, ignoring focus gain of: com.android.internal.view.IInputMethodClient$Stub$Proxy@4aa74a10 attribute=null, token = android.os.BinderProxy@4afc22c8
W/ViewRootImpl(22977): Dropping event due to no window focus: KeyEvent { action=ACTION_DOWN, keyCode=KEYCODE_BOOKMARK, scanCode=0, metaState=0, flags=0x8, repeatCount=0, eventTime=5752137, downTime=5752137, deviceId=-1, source=0x101 }
W/InputMethodManagerService(  478): Window already focused, ignoring focus gain of: com.android.internal.view.IInputMethodClient$Stub$Proxy@4ab3759c attribute=null, token = android.os.BinderProxy@4afc22c8
W/UnimplementedWebViewApi(22977): Unimplemented WebView method onKeyDown called from: android.webkit.WebView.onKeyDown(WebView.java:2169)
W/ViewRootImpl(22977): Dropping event due to no window focus: KeyEvent { action=ACTION_DOWN, keyCode=KEYCODE_DPAD_RIGHT, scanCode=0, metaState=0, flags=0x8, repeatCount=0, eventTime=5752227, downTime=5752227, deviceId=-1, source=0x101 }
V/PanelView(  537): animationTick called with dtms=0; nothing to do (h=0.0 v=0.0)
