I/qtaguid (  700): Tagging socket 155 with tag 3000010500000000(805306629) for uid -1 failed errno=-13
I/NetworkManagementSocketTagger(  700): tagSocketFd(155, 805306629, -1) failed with errno-13
I/qtaguid (  700): Untagging socket 155 failed errno=-13
W/Herrevad(  700): [1330] sjl.a: On wifi, but couldn't get security type
W/NetworkManagementSocketTagger(  700): untagSocket(155) failed with errno -13
W/EGL_emulation(20690): eglSurfaceAttrib not implemented 3093 12436
W/ViewRootImpl(20690): Dropping event due to no window focus: KeyEvent { action=ACTION_DOWN, keyCode=KEYCODE_DPAD_LEFT, scanCode=0, metaState=0, flags=0x8, repeatCount=0, eventTime=835921, downTime=835921, deviceId=-1, source=0x101 }
W/ContextImpl(  470): Calling a method in the system process without a qualified user: android.app.ContextImpl.sendBroadcast:1123 com.android.server.InputMethodManagerService.hideCurrentInputLocked:1880 com.android.server.InputMethodManagerService.windowGainedFocus:1968 com.android.internal.view.IInputMethodManager$Stub.onTransact:221 com.android.server.InputMethodManagerService.onTransact:818 
D/dalvikvm(  700): GC_CONCURRENT freed 2458K, 23% free 12848K/16644K, paused 2ms+2ms, total 47ms
D/dalvikvm(  700): WAIT_FOR_CONCURRENT_GC blocked 16ms
D/dalvikvm(  700): WAIT_FOR_CONCURRENT_GC blocked 17ms
D/dalvikvm(  700): WAIT_FOR_CONCURRENT_GC blocked 17ms
D/dalvikvm(  700): WAIT_FOR_CONCURRENT_GC blocked 18ms
W/DebugConnManager(  700): getNetworkInfo() on networkType 0
W/Herrevad(  700): [1330] sjl.a: On wifi, but couldn't get security type
I/qtaguid (  700): Untagging socket 245 failed errno=-13
I/qtaguid (  700): Untagging socket 161 failed errno=-13
W/NetworkManagementSocketTagger(  700): untagSocket(161) failed with errno -13
W/NetworkManagementSocketTagger(  700): untagSocket(245) failed with errno -13
W/DebugConnManager(  700): getNetworkInfo() on networkType 0
W/EGL_emulation(20690): eglSurfaceAttrib not implemented 3093 12436
W/ViewRootImpl(20690): Dropping event due to no window focus: KeyEvent { action=ACTION_DOWN, keyCode=KEYCODE_META_LEFT, scanCode=0, metaState=0, flags=0x8, repeatCount=0, eventTime=835947, downTime=835947, deviceId=-1, source=0x101 }
I/qtaguid (  700): Tagging socket 245 with tag 3000010500000000(805306629) for uid -1 failed errno=-13
I/NetworkManagementSocketTagger(  700): tagSocketFd(245, 805306629, -1) failed with errno-13
I/ActivityManager(  470): Displayed jp.co.pointblur.android.app.quick/.ATop: +210ms (total +307ms)
I/ActivityManager(  470): START u0 {act=android.intent.action.MAIN cat=[android.intent.category.LAUNCHER] flg=0x10200000 cmp=jp.co.pointblur.android.app.quick/.ATop} from pid 20680
D/dalvikvm(20690): GC_EXPLICIT freed 1051K, 13% free 8322K/9516K, paused 0ms+1ms, total 6ms
D/dalvikvm(20690): GC_EXPLICIT freed 663K, 20% free 7661K/9516K, paused 0ms+1ms, total 7ms
I/ActivityManager(  470): START u0 {act=android.intent.action.MAIN cat=[android.intent.category.HOME] flg=0x10200000 cmp=com.vphone.launcher/.Launcher} from pid 470
I/qtaguid (  700): Untagging socket 259 failed errno=-13
W/NetworkManagementSocketTagger(  700): untagSocket(259) failed with errno -13
W/InputMethodManagerService(  470): Window already focused, ignoring focus gain of: com.android.internal.view.IInputMethodClient$Stub$Proxy@4ac49288 attribute=null, token = android.os.BinderProxy@4ac16c1c
V/FlingTracker(  528): computeCurrentVelocity warning: totalweight=0
V/FlingTracker(  528): java.lang.Throwable
V/FlingTracker(  528): 	at com.android.systemui.statusbar.phone.PanelView$FlingTracker.computeCurrentVelocity(PanelView.java:162)
V/FlingTracker(  528): 	at com.android.systemui.statusbar.phone.PanelView$3.onTouch(PanelView.java:462)
V/FlingTracker(  528): 	at android.view.View.dispatchTouchEvent(View.java:7701)
V/FlingTracker(  528): 	at com.android.systemui.statusbar.phone.NotificationPanelView.onTouchEvent(NotificationPanelView.java:138)
V/FlingTracker(  528): 	at com.android.systemui.statusbar.phone.PanelBar.onTouchEvent(PanelBar.java:130)
V/FlingTracker(  528): 	at com.android.systemui.statusbar.phone.PhoneStatusBarView.onTouchEvent(PhoneStatusBarView.java:201)
V/FlingTracker(  528): 	at android.view.View.dispatchTouchEvent(View.java:7706)
V/FlingTracker(  528): 	at android.view.ViewGroup.dispatchTransformedTouchEvent(ViewGroup.java:2210)
V/FlingTracker(  528): 	at android.view.ViewGroup.dispatchTouchEvent(ViewGroup.java:1945)
V/FlingTracker(  528): 	at android.view.ViewGroup.dispatchTransformedTouchEvent(ViewGroup.java:2216)
V/FlingTracker(  528): 	at android.view.ViewGroup.dispatchTouchEvent(ViewGroup.java:1959)
V/FlingTracker(  528): 	at android.view.View.dispatchPointerEvent(View.java:7886)
V/FlingTracker(  528): 	at android.view.ViewRootImpl$ViewPostImeInputStage.processPointerEvent(ViewRootImpl.java:3978)
V/FlingTracker(  528): 	at android.view.ViewRootImpl$ViewPostImeInputStage.onProcess(ViewRootImpl.java:3857)
V/FlingTracker(  528): 	at android.view.ViewRootImpl$InputStage.deliver(ViewRootImpl.java:3423)
V/FlingTracker(  528): 	at android.view.ViewRootImpl$InputStage.onDeliverToNext(ViewRootImpl.java:3473)
V/FlingTracker(  528): 	at android.view.ViewRootImpl$InputStage.forward(ViewRootImpl.java:3442)
V/FlingTracker(  528): 	at android.view.ViewRootImpl$AsyncInputStage.forward(ViewRootImpl.java:3549)
V/FlingTracker(  528): 	at android.view.ViewRootImpl$InputStage.apply(ViewRootImpl.java:3450)
V/FlingTracker(  528): 	at android.view.ViewRootImpl$AsyncInputStage.apply(ViewRootImpl.java:3606)
V/FlingTracker(  528): 	at android.view.ViewRootImpl$InputStage.deliver(ViewRootImpl.java:3423)
V/FlingTracker(  528): 	at android.view.ViewRootImpl$InputStage.onDeliverToNext(ViewRootImpl.java:3473)
V/FlingTracker(  528): 	at android.view.ViewRootImpl$InputStage.forward(ViewRootImpl.java:3442)
V/FlingTracker(  528): 	at android.view.ViewRootImpl$InputStage.apply(ViewRootImpl.java:3450)
V/FlingTracker(  528): 	at android.view.ViewRootImpl$InputStage.deliver(ViewRootImpl.java:3423)
V/FlingTracker(  528): 	at android.view.ViewRootImpl.deliverInputEvent(ViewRootImpl.java:5626)
V/FlingTracker(  528): 	at android.view.ViewRootImpl.doProcessInputEvents(ViewRootImpl.java:5606)
V/FlingTracker(  528): 	at android.view.ViewRootImpl.enqueueInputEvent(ViewRootImpl.java:5577)
V/FlingTracker(  528): 	at android.view.ViewRootImpl$WindowInputEventReceiver.onInputEvent(ViewRootImpl.java:5706)
V/FlingTracker(  528): 	at android.view.InputEventReceiver.dispatchInputEvent(InputEventReceiver.java:185)
V/FlingTracker(  528): 	at android.os.MessageQueue.nativePollOnce(Native Method)
V/FlingTracker(  528): 	at android.os.MessageQueue.next(MessageQueue.java:138)
V/FlingTracker(  528): 	at android.os.Looper.loop(Looper.java:123)
V/FlingTracker(  528): 	at android.app.ActivityThread.main(ActivityThread.java:5019)
V/FlingTracker(  528): 	at java.lang.reflect.Method.invokeNative(Native Method)
V/FlingTracker(  528): 	at java.lang.reflect.Method.invoke(Method.java:515)
V/FlingTracker(  528): 	at com.android.internal.os.ZygoteInit$MethodAndArgsCaller.run(ZygoteInit.java:779)
V/FlingTracker(  528): 	at com.android.internal.os.ZygoteInit.main(ZygoteInit.java:595)
V/FlingTracker(  528): 	at dalvik.system.NativeStart.main(Native Method)
V/PanelView(  528): animationTick called with dtms=0; nothing to do (h=0.0 v=0.0)
D/dalvikvm(  700): GC_CONCURRENT freed 6041K, 40% free 10105K/16644K, paused 2ms+1ms, total 24ms
W/ViewRootImpl(20690): Dropping event due to no window focus: KeyEvent { action=ACTION_DOWN, keyCode=KEYCODE_DPAD_CENTER, scanCode=0, metaState=0, flags=0x8, repeatCount=0, eventTime=836218, downTime=836218, deviceId=-1, source=0x101 }
I/qtaguid (  700): Untagging socket 125 failed errno=-13
W/NetworkManagementSocketTagger(  700): untagSocket(125) failed with errno -13
W/EGL_emulation(20690): eglSurfaceAttrib not implemented 3093 12436
W/InputManager(  470): Input event injection from pid 20680 failed.
W/InputManager(  470): Input event injection from pid 20680 failed.
W/InputMethodManagerService(  470): Window already focused, ignoring focus gain of: com.android.internal.view.IInputMethodClient$Stub$Proxy@4aa6213c attribute=android.view.inputmethod.EditorInfo@4aa62144, token = android.os.BinderProxy@4ac16c1c
D/dalvikvm(  700): GC_CONCURRENT freed 686K, 30% free 11777K/16644K, paused 2ms+4ms, total 23ms
I/ActivityManager(  470): START u0 {act=android.intent.action.MAIN cat=[android.intent.category.LAUNCHER] flg=0x10200000 cmp=jp.co.pointblur.android.app.quick/.ATop} from pid 20680
I/qtaguid (  700): Untagging socket 245 failed errno=-13
W/NetworkManagementSocketTagger(  700): untagSocket(245) failed with errno -13
W/EGL_emulation(20690): eglSurfaceAttrib not implemented 3093 12436
W/ViewRootImpl(20690): Dropping event due to no window focus: KeyEvent { action=ACTION_DOWN, keyCode=KEYCODE_DPAD_RIGHT, scanCode=0, metaState=0, flags=0x8, repeatCount=0, eventTime=836385, downTime=836385, deviceId=-1, source=0x101 }
I/ActivityManager(  470): START u0 {act=android.intent.action.SEND typ=text/plain flg=0x10000001 cmp=com.facebook.lite/.composer.activities.ShareIntentDefaultAlias (has clip) (has extras)} from pid 20690
W/InputMethodManagerService(  470): Window already focused, ignoring focus gain of: com.android.internal.view.IInputMethodClient$Stub$Proxy@4aee5e1c attribute=android.view.inputmethod.EditorInfo@4aee5e24, token = android.os.BinderProxy@4ac16c1c
V/FlingTracker(  528): computeCurrentVelocity warning: totalweight=0
V/FlingTracker(  528): java.lang.Throwable
V/FlingTracker(  528): 	at com.android.systemui.statusbar.phone.PanelView$FlingTracker.computeCurrentVelocity(PanelView.java:162)
V/FlingTracker(  528): 	at com.android.systemui.statusbar.phone.PanelView$3.onTouch(PanelView.java:462)
V/FlingTracker(  528): 	at android.view.View.dispatchTouchEvent(View.java:7701)
V/FlingTracker(  528): 	at com.android.systemui.statusbar.phone.NotificationPanelView.onTouchEvent(NotificationPanelView.java:138)
V/FlingTracker(  528): 	at com.android.systemui.statusbar.phone.PanelBar.onTouchEvent(PanelBar.java:130)
V/FlingTracker(  528): 	at com.android.systemui.statusbar.phone.PhoneStatusBarView.onTouchEvent(PhoneStatusBarView.java:201)
V/FlingTracker(  528): 	at android.view.View.dispatchTouchEvent(View.java:7706)
V/FlingTracker(  528): 	at android.view.ViewGroup.dispatchTransformedTouchEvent(ViewGroup.java:2210)
V/FlingTracker(  528): 	at android.view.ViewGroup.dispatchTouchEvent(ViewGroup.java:1945)
V/FlingTracker(  528): 	at android.view.ViewGroup.dispatchTransformedTouchEvent(ViewGroup.java:2216)
V/FlingTracker(  528): 	at android.view.ViewGroup.dispatchTouchEvent(ViewGroup.java:1959)
V/FlingTracker(  528): 	at android.view.View.dispatchPointerEvent(View.java:7886)
V/FlingTracker(  528): 	at android.view.ViewRootImpl$ViewPostImeInputStage.processPointerEvent(ViewRootImpl.java:3978)
V/FlingTracker(  528): 	at android.view.ViewRootImpl$ViewPostImeInputStage.onProcess(ViewRootImpl.java:3857)
V/FlingTracker(  528): 	at android.view.ViewRootImpl$InputStage.deliver(ViewRootImpl.java:3423)
V/FlingTracker(  528): 	at android.view.ViewRootImpl$InputStage.onDeliverToNext(ViewRootImpl.java:3473)
V/FlingTracker(  528): 	at android.view.ViewRootImpl$InputStage.forward(ViewRootImpl.java:3442)
V/FlingTracker(  528): 	at android.view.ViewRootImpl$AsyncInputStage.forward(ViewRootImpl.java:3549)
V/FlingTracker(  528): 	at android.view.ViewRootImpl$InputStage.apply(ViewRootImpl.java:3450)
V/FlingTracker(  528): 	at android.view.ViewRootImpl$AsyncInputStage.apply(ViewRootImpl.java:3606)
V/FlingTracker(  528): 	at android.view.ViewRootImpl$InputStage.deliver(ViewRootImpl.java:3423)
V/FlingTracker(  528): 	at android.view.ViewRootImpl$InputStage.onDeliverToNext(ViewRootImpl.java:3473)
V/FlingTracker(  528): 	at android.view.ViewRootImpl$InputStage.forward(ViewRootImpl.java:3442)
V/FlingTracker(  528): 	at android.view.ViewRootImpl$InputStage.apply(ViewRootImpl.java:3450)
V/FlingTracker(  528): 	at android.view.ViewRootImpl$InputStage.deliver(ViewRootImpl.java:3423)
V/FlingTracker(  528): 	at android.view.ViewRootImpl.deliverInputEvent(ViewRootImpl.java:5626)
V/FlingTracker(  528): 	at android.view.ViewRootImpl.doProcessInputEvents(ViewRootImpl.java:5606)
V/FlingTracker(  528): 	at android.view.ViewRootImpl.enqueueInputEvent(ViewRootImpl.java:5577)
V/FlingTracker(  528): 	at android.view.ViewRootImpl$WindowInputEventReceiver.onInputEvent(ViewRootImpl.java:5706)
V/FlingTracker(  528): 	at android.view.InputEventReceiver.dispatchInputEvent(InputEventReceiver.java:185)
V/FlingTracker(  528): 	at android.os.MessageQueue.nativePollOnce(Native Method)
V/FlingTracker(  528): 	at android.os.MessageQueue.next(MessageQueue.java:138)
V/FlingTracker(  528): 	at android.os.Looper.loop(Looper.java:123)
V/FlingTracker(  528): 	at android.app.ActivityThread.main(ActivityThread.java:5019)
V/FlingTracker(  528): 	at java.lang.reflect.Method.invokeNative(Native Method)
V/FlingTracker(  528): 	at java.lang.reflect.Method.invoke(Method.java:515)
V/FlingTracker(  528): 	at com.android.internal.os.ZygoteInit$MethodAndArgsCaller.run(ZygoteInit.java:779)
V/FlingTracker(  528): 	at com.android.internal.os.ZygoteInit.main(ZygoteInit.java:595)
V/FlingTracker(  528): 	at dalvik.system.NativeStart.main(Native Method)
V/PanelView(  528): animationTick called with dtms=0; nothing to do (h=0.0 v=0.0)
I/qtaguid (  700): Untagging socket 152 failed errno=-13
W/NetworkManagementSocketTagger(  700): untagSocket(152) failed with errno -13
D/dalvikvm(  700): GC_CONCURRENT freed 1999K, 24% free 12799K/16644K, paused 2ms+2ms, total 32ms
D/dalvikvm(  700): WAIT_FOR_CONCURRENT_GC blocked 19ms
I/InputDispatcher(  470): Dropped event because of pending overdue app switch.
W/InputManager(  470): Input event injection from pid 20680 failed.
W/EGL_emulation(20690): eglSurfaceAttrib not implemented 3093 12436
I/ExoPlayerImpl(20690): Init 1.3.1
I/dalvikvm(20690): Could not find method android.media.MediaCodec.releaseOutputBuffer, referenced from method com.google.android.gms.ads.exoplayer1.ab.a
W/dalvikvm(20690): VFY: unable to resolve virtual method 2257: Landroid/media/MediaCodec;.releaseOutputBuffer (IJ)V
D/dalvikvm(20690): VFY: replacing opcode 0x6e at 0x007d
I/dalvikvm(20690): Could not find method android.media.AudioTrack.write, referenced from method com.google.android.gms.ads.exoplayer1.l.a
W/dalvikvm(20690): VFY: unable to resolve virtual method 2236: Landroid/media/AudioTrack;.write (Ljava/nio/ByteBuffer;II)I
D/dalvikvm(20690): VFY: replacing opcode 0x6e at 0x01cb
W/ViewRootImpl(20690): Dropping event due to no window focus: KeyEvent { action=ACTION_DOWN, keyCode=KEYCODE_DPAD_DOWN, scanCode=0, metaState=0, flags=0x400, repeatCount=0, eventTime=836656, downTime=836656, deviceId=-1, source=0x101 }
W/ViewRootImpl(20690): Dropping event due to no window focus: KeyEvent { action=ACTION_DOWN, keyCode=KEYCODE_DPAD_DOWN, scanCode=0, metaState=0, flags=0x400, repeatCount=0, eventTime=836656, downTime=836656, deviceId=-1, source=0x101 }
W/InputMethodManagerService(  470): Window already focused, ignoring focus gain of: com.android.internal.view.IInputMethodClient$Stub$Proxy@4ae1c7c0 attribute=android.view.inputmethod.EditorInfo@4ae1c7c8, token = android.os.BinderProxy@4ac16c1c
W/ViewRootImpl(20690): Dropping event due to no window focus: KeyEvent { action=ACTION_DOWN, keyCode=KEYCODE_DPAD_CENTER, scanCode=0, metaState=0, flags=0x8, repeatCount=0, eventTime=836685, downTime=836685, deviceId=-1, source=0x101 }
W/ViewRootImpl(20690): Dropping event due to no window focus: KeyEvent { action=ACTION_DOWN, keyCode=KEYCODE_DPAD_DOWN, scanCode=0, metaState=0, flags=0x8, repeatCount=0, eventTime=836687, downTime=836687, deviceId=-1, source=0x101 }
W/EGL_emulation(20690): eglSurfaceAttrib not implemented 3093 12436
W/ViewRootImpl(20690): Dropping event due to no window focus: KeyEvent { action=ACTION_DOWN, keyCode=KEYCODE_GUIDE, scanCode=0, metaState=0, flags=0x8, repeatCount=0, eventTime=836720, downTime=836720, deviceId=-1, source=0x101 }
W/InputMethodManagerService(  470): Window already focused, ignoring focus gain of: com.android.internal.view.IInputMethodClient$Stub$Proxy@4b01ef88 attribute=android.view.inputmethod.EditorInfo@4b01ef90, token = android.os.BinderProxy@4ac16c1c
I/OMXClient(20690): Using client-side OMX mux.
D/dalvikvm(20690): GC_CONCURRENT freed 1406K, 18% free 7843K/9516K, paused 1ms+4ms, total 19ms
D/dalvikvm(20690): WAIT_FOR_CONCURRENT_GC blocked 15ms
I/dalvikvm-heap(20690): Grow heap (frag case) to 8.044MB for 262156-byte allocation
D/dalvikvm(20690): GC_FOR_ALLOC freed 146K, 19% free 7953K/9776K, paused 4ms, total 5ms
I/OMXClient(20690): Using client-side OMX mux.
D/dalvikvm(  700): GC_CONCURRENT freed 4657K, 31% free 11506K/16644K, paused 1ms+18ms, total 58ms
D/dalvikvm(20690): GC_FOR_ALLOC freed 48K, 19% free 7920K/9776K, paused 4ms, total 4ms
I/dalvikvm-heap(20690): Grow heap (frag case) to 8.120MB for 262156-byte allocation
D/dalvikvm(20690): GC_FOR_ALLOC freed <1K, 19% free 8175K/10036K, paused 5ms, total 5ms
I/ActivityManager(  470): START u0 {act=android.intent.action.VIEW dat=http://addquick.website cmp=com.android.browser/.BrowserActivity} from pid 20690
D/dalvikvm(20690): GC_FOR_ALLOC freed 14K, 19% free 8181K/10036K, paused 5ms, total 5ms
I/dalvikvm-heap(20690): Grow heap (frag case) to 8.375MB for 262156-byte allocation
D/dalvikvm(20690): GC_FOR_ALLOC freed 0K, 19% free 8437K/10296K, paused 6ms, total 6ms
I/dalvikvm(20690): Could not find method android.os.PowerManager.isInteractive, referenced from method com.google.android.gms.ads.internal.activeview.c.g
W/dalvikvm(20690): VFY: unable to resolve virtual method 2559: Landroid/os/PowerManager;.isInteractive ()Z
D/dalvikvm(20690): VFY: replacing opcode 0x6e at 0x0008
D/dalvikvm(20690): GC_FOR_ALLOC freed 65K, 18% free 8444K/10296K, paused 5ms, total 5ms
I/dalvikvm-heap(20690): Grow heap (frag case) to 8.631MB for 262156-byte allocation
D/dalvikvm(20690): GC_FOR_ALLOC freed 0K, 18% free 8700K/10556K, paused 3ms, total 3ms
I/Ads     (20690): Ad finished loading.
W/ViewRootImpl(20690): Dropping event due to no window focus: KeyEvent { action=ACTION_DOWN, keyCode=KEYCODE_DPAD_UP, scanCode=0, metaState=0, flags=0x8, repeatCount=0, eventTime=836847, downTime=836847, deviceId=-1, source=0x101 }
D/dalvikvm(20690): GC_FOR_ALLOC freed 24K, 17% free 8980K/10816K, paused 5ms, total 5ms
D/dalvikvm(20690): GC_FOR_ALLOC freed <1K, 17% free 9236K/11076K, paused 5ms, total 5ms
W/EGL_emulation(20690): eglSurfaceAttrib not implemented 3093 12436
W/ViewRootImpl(20690): Dropping event due to no window focus: KeyEvent { action=ACTION_DOWN, keyCode=KEYCODE_DPAD_LEFT, scanCode=0, metaState=0, flags=0x8, repeatCount=0, eventTime=836849, downTime=836849, deviceId=-1, source=0x101 }
W/InputMethodManagerService(  470): Window already focused, ignoring focus gain of: com.android.internal.view.IInputMethodClient$Stub$Proxy@4aa2f180 attribute=android.view.inputmethod.EditorInfo@4aa2f188, token = android.os.BinderProxy@4ac16c1c
I/ActivityManager(  470): START u0 {act=android.intent.action.VIEW dat=http://addquick.website cmp=com.android.browser/.BrowserActivity} from pid 20690
W/ViewRootImpl(20690): Dropping event due to no window focus: KeyEvent { action=ACTION_DOWN, keyCode=KEYCODE_F6, scanCode=0, metaState=0, flags=0x8, repeatCount=0, eventTime=836956, downTime=836956, deviceId=-1, source=0x101 }
W/ViewRootImpl(20690): Dropping event due to no window focus: MotionEvent { action=ACTION_MOVE, id[0]=0, x[0]=1.0, y[0]=3.0, toolType[0]=TOOL_TYPE_UNKNOWN, buttonState=0, metaState=0, flags=0x0, edgeFlags=0x0, pointerCount=1, historySize=16, eventTime=836961, downTime=-1, deviceId=0, source=0x10004 }
D/dalvikvm(  700): GC_CONCURRENT freed 1635K, 23% free 12934K/16644K, paused 2ms+1ms, total 50ms
W/EGL_emulation(20690): eglSurfaceAttrib not implemented 3093 12436
I/Ads     (20690): Ad finished loading.
W/InputMethodManagerService(  470): Window already focused, ignoring focus gain of: com.android.internal.view.IInputMethodClient$Stub$Proxy@4adc7bcc attribute=android.view.inputmethod.EditorInfo@4adc7bd4, token = android.os.BinderProxy@4ac16c1c
W/ViewRootImpl(20690): Dropping event due to no window focus: MotionEvent { action=ACTION_MOVE, id[0]=0, x[0]=2.0, y[0]=1.0, toolType[0]=TOOL_TYPE_UNKNOWN, buttonState=0, metaState=0, flags=0x0, edgeFlags=0x0, pointerCount=1, historySize=1, eventTime=837011, downTime=-1, deviceId=0, source=0x10004 }
W/EGL_emulation(20690): eglSurfaceAttrib not implemented 3093 12436
I/ActivityManager(  470): START u0 {act=android.intent.action.MAIN cat=[android.intent.category.LAUNCHER] flg=0x10200000 cmp=jp.co.pointblur.android.app.quick/.ATop} from pid 20680
W/InputMethodManagerService(  470): Window already focused, ignoring focus gain of: com.android.internal.view.IInputMethodClient$Stub$Proxy@4ac29510 attribute=null, token = android.os.BinderProxy@4ac16c1c
I/ActivityManager(  470): START u0 {act=android.intent.action.MAIN cat=[android.intent.category.HOME] flg=0x10200000 cmp=com.vphone.launcher/.Launcher} from pid 470
W/EGL_emulation(20690): eglSurfaceAttrib not implemented 3093 12436
W/ViewRootImpl(20690): Dropping event due to no window focus: KeyEvent { action=ACTION_DOWN, keyCode=KEYCODE_VOLUME_UP, scanCode=0, metaState=0, flags=0x8, repeatCount=0, eventTime=837101, downTime=837101, deviceId=-1, source=0x101 }
W/ViewRootImpl(20690): Dropping event due to no window focus: KeyEvent { action=ACTION_DOWN, keyCode=KEYCODE_NUMPAD_ENTER, scanCode=0, metaState=0, flags=0x8, repeatCount=0, eventTime=837127, downTime=837127, deviceId=-1, source=0x101 }
I/ActivityManager(  470): START u0 {cmp=jp.co.pointblur.android.app.quick/.AEdit (has extras)} from pid 20690
W/NetworkManagementSocketTagger(  470): setKernelCountSet(10012, 0) failed with errno -13
W/NetworkManagementSocketTagger(  470): setKernelCountSet(10007, 0) failed with errno -13
I/Finsky  (  947): [1] com.google.android.finsky.ch.a.onTrimMemory(5): Memory trim requested to level 20
I/Finsky  (  947): [1] com.google.android.finsky.ch.a.onTrimMemory(11): Flushing in-memory image cache
D/DynamitePackage(20690): Instantiating com.google.android.gms.ads.ChimeraAdManagerCreatorImpl
I/Ads     (20690): Starting ad request.
I/Ads     (20690): Use AdRequest.Builder.addTestDevice("DADDEACD506FD4BD02989AD39CCF21B7") to get test ads on this device.
W/Ads     (20690): Not retrying to fetch app settings
I/Ads     (20690): Please set theme of AdActivity to @android:style/Theme.Translucent to enable transparent background interstitial ad.
D/DynamitePackage(20690): Instantiating com.google.android.gms.ads.ChimeraAdManagerCreatorImpl
I/Ads     (20690): Starting ad request.
I/Ads     (20690): Use AdRequest.Builder.addTestDevice("DADDEACD506FD4BD02989AD39CCF21B7") to get test ads on this device.
W/Ads     (20690): Not retrying to fetch app settings
I/Ads     (20690): Please set theme of AdActivity to @android:style/Theme.Translucent to enable transparent background interstitial ad.
E/sidth   (20690): width : 720.0
D/dalvikvm(20690): GC_EXPLICIT freed 399K, 8% free 10640K/11512K, paused 3ms+2ms, total 12ms
D/dalvikvm(20690): GC_EXPLICIT freed 42K, 8% free 10611K/11512K, paused 1ms+1ms, total 11ms
W/Ads     (  700): App does not have the required permissions to get location
W/Ads     (  700): App does not have the required permissions to get location
W/Herrevad(  700): [1255] sjl.a: On wifi, but couldn't get security type
I/ActivityManager(  470): START u0 {act=android.intent.action.GET_CONTENT typ=image/* cmp=com.android.documentsui/.DocumentsActivity} from pid 20690
I/ActivityManager(  470): START u0 {cmp=jp.co.pointblur.android.app.quick/.ATop} from pid 20690
W/DebugConnManager(  700): getNetworkInfo() on networkType 0
W/EGL_emulation(20690): eglSurfaceAttrib not implemented 3093 12436
W/NetworkManagementSocketTagger(  470): setKernelCountSet(10012, 1) failed with errno -13
W/NetworkManagementSocketTagger(  470): setKernelCountSet(10007, 1) failed with errno -13
I/qtaguid (  700): Tagging socket 161 with tag 3000010500000000(805306629) for uid -1 failed errno=-13
I/NetworkManagementSocketTagger(  700): tagSocketFd(161, 805306629, -1) failed with errno-13
I/qtaguid (  700): Tagging socket 259 with tag 3000010500000000(805306629) for uid -1 failed errno=-13
I/NetworkManagementSocketTagger(  700): tagSocketFd(259, 805306629, -1) failed with errno-13
W/EGL_emulation(  947): eglSurfaceAttrib not implemented 3093 12436
D/emuglGLESv2_enc(  947): #00  pc 0000f45a  /system/lib/egl/libGLESv2_adreno.so (glStartTilingQCOM+90)
D/emuglGLESv2_enc(  947): #01  pc 000199c7  /system/lib/libhwui.so (android::uirenderer::Caches::startTiling(unsigned int, unsigned int, unsigned int, unsigned int, bool)+87)
D/emuglGLESv2_enc(  947): #02  pc 00037572  /system/lib/libhwui.so
D/emuglGLESv2_enc(  947): #03  pc 00038d8f  /system/lib/libhwui.so
D/emuglGLESv2_enc(  947): #04  pc 000c14a3  /system/lib/libandroid_runtime.so
D/emuglGLESv2_enc(  947): #05  pc 00034b9b  /system/lib/libdvm.so (dvmPlatformInvoke+79)
E/emuglGLESv2_enc(  947): Function is unsupported
D/emuglGLESv2_enc(  947): #00  pc 0000f3e0  /system/lib/egl/libGLESv2_adreno.so (glEndTilingQCOM+64)
D/emuglGLESv2_enc(  947): #01  pc 00019a01  /system/lib/libhwui.so (android::uirenderer::Caches::endTiling()+49)
D/emuglGLESv2_enc(  947): #02  pc 000389a9  /system/lib/libhwui.so
D/emuglGLESv2_enc(  947): #03  pc 000be13f  /system/lib/libandroid_runtime.so
D/emuglGLESv2_enc(  947): #04  pc 00034b9b  /system/lib/libdvm.so (dvmPlatformInvoke+79)
E/emuglGLESv2_enc(  947): Function is unsupported
W/EGL_emulation( 2074): eglSurfaceAttrib not implemented 3093 12436
D/DynamitePackage(20690): Instantiating com.google.android.gms.ads.ChimeraAdManagerCreatorImpl
I/Ads     (20690): Starting ad request.
I/Ads     (20690): Use AdRequest.Builder.addTestDevice("DADDEACD506FD4BD02989AD39CCF21B7") to get test ads on this device.
W/Ads     (20690): Not retrying to fetch app settings
I/Ads     (20690): Please set theme of AdActivity to @android:style/Theme.Translucent to enable transparent background interstitial ad.
E/sidth   (20690): width : 720.0
E/sidth   (20690): txtW : 324
W/Ads     (  700): App does not have the required permissions to get location
W/Herrevad(  700): [1255] sjl.a: On wifi, but couldn't get security type
W/DebugConnManager(  700): getNetworkInfo() on networkType 0
V/PanelView(  528): animationTick called with dtms=0; nothing to do (h=0.0 v=0.0)
I/ActivityManager(  470): START u0 {act=android.intent.action.MAIN cat=[android.intent.category.LAUNCHER] flg=0x10200000 cmp=jp.co.pointblur.android.app.quick/.ATop} from pid 20680
W/EGL_emulation(20690): eglSurfaceAttrib not implemented 3093 12436
W/Herrevad(  700): [1255] sjl.a: On wifi, but couldn't get security type
W/ContextImpl(  470): Calling a method in the system process without a qualified user: android.app.ContextImpl.sendBroadcast:1123 com.android.server.InputMethodManagerService.hideCurrentInputLocked:1880 com.android.server.InputMethodManagerService.windowGainedFocus:1968 com.android.internal.view.IInputMethodManager$Stub.onTransact:221 com.android.server.InputMethodManagerService.onTransact:818 
W/DebugConnManager(  700): getNetworkInfo() on networkType 0
I/qtaguid (  700): Tagging socket 125 with tag 3000010500000000(805306629) for uid -1 failed errno=-13
I/ActivityManager(  470): Displayed jp.co.pointblur.android.app.quick/.ATop: +144ms (total +254ms)
I/NetworkManagementSocketTagger(  700): tagSocketFd(125, 805306629, -1) failed with errno-13
E/WindowManager(20690): 
E/WindowManager(20690): android.view.WindowLeaked: Activity jp.co.pointblur.android.app.quick.ATop has leaked window com.android.internal.policy.impl.PhoneWindow$DecorView{4a9b3444 V.E..... ......ID 0,0-720,0} that was originally added here
E/WindowManager(20690): 	at android.view.ViewRootImpl.<init>(ViewRootImpl.java:348)
E/WindowManager(20690): 	at android.view.WindowManagerGlobal.addView(WindowManagerGlobal.java:248)
E/WindowManager(20690): 	at android.view.WindowManagerImpl.addView(WindowManagerImpl.java:69)
E/WindowManager(20690): 	at com.android.internal.policy.impl.PhoneWindow.openPanel(PhoneWindow.java:672)
E/WindowManager(20690): 	at com.android.internal.policy.impl.PhoneWindow.onKeyUpPanel(PhoneWindow.java:879)
E/WindowManager(20690): 	at com.android.internal.policy.impl.PhoneWindow.onKeyUp(PhoneWindow.java:1630)
E/WindowManager(20690): 	at com.android.internal.policy.impl.PhoneWindow$DecorView.dispatchKeyEvent(PhoneWindow.java:1969)
E/WindowManager(20690): 	at android.view.ViewRootImpl$ViewPostImeInputStage.processKeyEvent(ViewRootImpl.java:3876)
E/WindowManager(20690): 	at android.view.ViewRootImpl$ViewPostImeInputStage.onProcess(ViewRootImpl.java:3850)
E/WindowManager(20690): 	at android.view.ViewRootImpl$InputStage.deliver(ViewRootImpl.java:3423)
E/WindowManager(20690): 	at android.view.ViewRootImpl$InputStage.onDeliverToNext(ViewRootImpl.java:3473)
E/WindowManager(20690): 	at android.view.ViewRootImpl$InputStage.forward(ViewRootImpl.java:3442)
E/WindowManager(20690): 	at android.view.ViewRootImpl$AsyncInputStage.forward(ViewRootImpl.java:3549)
E/WindowManager(20690): 	at android.view.ViewRootImpl$InputStage.apply(ViewRootImpl.java:3450)
E/WindowManager(20690): 	at android.view.ViewRootImpl$AsyncInputStage.apply(ViewRootImpl.java:3606)
E/WindowManager(20690): 	at android.view.ViewRootImpl$InputStage.deliver(ViewRootImpl.java:3423)
E/WindowManager(20690): 	at android.view.ViewRootImpl$InputStage.onDeliverToNext(ViewRootImpl.java:3473)
E/WindowManager(20690): 	at android.view.ViewRootImpl$InputStage.forward(ViewRootImpl.java:3442)
E/WindowManager(20690): 	at android.view.ViewRootImpl$InputStage.apply(ViewRootImpl.java:3450)
E/WindowManager(20690): 	at android.view.ViewRootImpl$InputStage.deliver(ViewRootImpl.java:3423)
E/WindowManager(20690): 	at android.view.ViewRootImpl$InputStage.onDeliverToNext(ViewRootImpl.java:3473)
E/WindowManager(20690): 	at android.view.ViewRootImpl$InputStage.forward(ViewRootImpl.java:3442)
E/WindowManager(20690): 	at android.view.ViewRootImpl$AsyncInputStage.forward(ViewRootImpl.java:3582)
E/WindowManager(20690): 	at android.view.ViewRootImpl$ImeInputStage.onFinishedInputEvent(ViewRootImpl.java:3742)
E/WindowManager(20690): 	at android.view.inputmethod.InputMethodManager$PendingEvent.run(InputMethodManager.java:2010)
E/WindowManager(20690): 	at android.view.inputmethod.InputMethodManager.invokeFinishedInputEventCallback(InputMethodManager.java:1704)
E/WindowManager(20690): 	at android.view.inputmethod.InputMethodManager.finishedInputEvent(InputMethodManager.java:1695)
E/WindowManager(20690): 	at android.view.inputmethod.InputMethodManager$ImeInputEventSender.onInputEventFinished(InputMethodManager.java:1987)
E/WindowManager(20690): 	at android.view.InputEventSender.dispatchInputEventFinished(InputEventSender.java:141)
E/WindowManager(20690): 	at android.os.MessageQueue.nativePollOnce(Native Method)
E/WindowManager(20690): 	at android.os.MessageQueue.next(MessageQueue.java:138)
E/WindowManager(20690): 	at android.os.Looper.loop(Looper.java:123)
E/WindowManager(20690): 	at android.app.ActivityThread.main(ActivityThread.java:5019)
E/WindowManager(20690): 	at java.lang.reflect.Method.invokeNative(Native Method)
E/WindowManager(20690): 	at java.lang.reflect.Method.invoke(Method.java:515)
E/WindowManager(20690): 	at com.android.internal.os.ZygoteInit$MethodAndArgsCaller.run(ZygoteInit.java:779)
E/WindowManager(20690): 	at com.android.internal.os.ZygoteInit.main(ZygoteInit.java:595)
E/WindowManager(20690): 	at dalvik.system.NativeStart.main(Native Method)
D/dalvikvm(20690): GC_EXPLICIT freed 204K, 7% free 10907K/11656K, paused 1ms+1ms, total 10ms
D/dalvikvm(20690): GC_EXPLICIT freed 787K, 14% free 10122K/11656K, paused 0ms+1ms, total 5ms
I/InputDispatcher(  470): Dropped event because of pending overdue app switch.
W/InputManager(  470): Input event injection from pid 20680 failed.
I/qtaguid (  700): Untagging socket 259 failed errno=-13
W/NetworkManagementSocketTagger(  700): untagSocket(259) failed with errno -13
I/qtaguid (  700): Untagging socket 161 failed errno=-13
W/NetworkManagementSocketTagger(  700): untagSocket(161) failed with errno -13
I/ActivityManager(  470): START u0 {act=android.intent.action.MAIN cat=[android.intent.category.LAUNCHER] flg=0x10200000 cmp=jp.co.pointblur.android.app.quick/.ATop} from pid 20680
W/WindowManager(  470): Rebuild removed 7 windows but added 4
W/WindowManager(  470): java.lang.RuntimeException: here
W/WindowManager(  470): 	at com.android.server.wm.WindowManagerService.rebuildAppWindowListLocked(WindowManagerService.java:8184)
W/WindowManager(  470): 	at com.android.server.wm.WindowManagerService.rebuildAppWindowListLocked(WindowManagerService.java:8120)
W/WindowManager(  470): 	at com.android.server.wm.WindowManagerService.handleAnimatingStoppedAndTransitionLocked(WindowManagerService.java:8864)
W/WindowManager(  470): 	at com.android.server.wm.WindowManagerService.performLayoutAndPlaceSurfacesLockedInner(WindowManagerService.java:9378)
W/WindowManager(  470): 	at com.android.server.wm.WindowManagerService.performLayoutAndPlaceSurfacesLockedLoop(WindowManagerService.java:8336)
W/WindowManager(  470): 	at com.android.server.wm.WindowManagerService.performLayoutAndPlaceSurfacesLocked(WindowManagerService.java:8278)
W/WindowManager(  470): 	at com.android.server.wm.WindowManagerService.access$400(WindowManagerService.java:165)
W/WindowManager(  470): 	at com.android.server.wm.WindowManagerService$H.handleMessage(WindowManagerService.java:7312)
W/WindowManager(  470): 	at android.os.Handler.dispatchMessage(Handler.java:102)
W/WindowManager(  470): 	at android.os.Looper.loop(Looper.java:136)
W/WindowManager(  470): 	at android.os.HandlerThread.run(HandlerThread.java:61)
W/WindowManager(  470): This window was lost: Window{4ac63c9c u0 jp.co.pointblur.android.app.quick/jp.co.pointblur.android.app.quick.ATop}
W/WindowManager(  470): mDisplayId=0 mSession=Session{4aa4e0d4 20690:u0a10067} mClient=android.os.BinderProxy@4ac16c1c
W/WindowManager(  470): mOwnerUid=10067 mShowToOwnerOnly=true package=jp.co.pointblur.android.app.quick appop=NONE
W/WindowManager(  470): mAttrs=WM.LayoutParams{(0,0)(fillxfill) sim=#120 ty=1 fl=#1810100 pfl=0x8 fmt=-2 wanim=0x1030000}
W/WindowManager(  470): Requested w=720 h=1280 mLayoutSeq=9650
W/WindowManager(  470): mBaseLayer=21000 mSubLayer=0 mAnimLayer=21020+0=21020 mLastLayer=21020
W/WindowManager(  470): mToken=AppWindowToken{4ac19bb0 token=Token{4ac12fb4 ActivityRecord{4ac19aa8 u0 jp.co.pointblur.android.app.quick/.ATop t155}}}
W/WindowManager(  470): mRootToken=AppWindowToken{4ac19bb0 token=Token{4ac12fb4 ActivityRecord{4ac19aa8 u0 jp.co.pointblur.android.app.quick/.ATop t155}}}
W/WindowManager(  470): mAppToken=AppWindowToken{4ac19bb0 token=Token{4ac12fb4 ActivityRecord{4ac19aa8 u0 jp.co.pointblur.android.app.quick/.ATop t155}}}
W/WindowManager(  470): mViewVisibility=0x8 mHaveFrame=true mObscured=false
W/WindowManager(  470): mSeq=0 mSystemUiVisibility=0x0
W/WindowManager(  470): mGivenContentInsets=[0,0][0,0] mGivenVisibleInsets=[0,0][0,0]
W/WindowManager(  470): mConfiguration={1.0 ?mcc?mnc en_US ldltr sw480dp w480dp h828dp 240dpi lrg long port finger -keyb/v/h dpad/v s.43}
W/WindowManager(  470): mHasSurface=true mShownFrame=[0.0,0.0][720.0,1280.0] isReadyForDisplay()=false
W/WindowManager(  470): mFrame=[0,0][720,1280] last=[0,0][720,1280]
W/WindowManager(  470): mSystemDecorRect=[0,38][720,1280] last=[0,38][720,1280]
W/WindowManager(  470): Frames: containing=[0,0][720,1280] parent=[0,0][720,1280]
W/WindowManager(  470):     display=[0,0][720,1280] overscan=[0,0][720,1280]
W/WindowManager(  470):     content=[0,38][720,1280] visible=[0,38][720,1280]
W/WindowManager(  470):     decor=[0,38][720,1280]
W/WindowManager(  470): Cur insets: overscan=[0,0][0,0] content=[0,38][0,0] visible=[0,38][0,0]
W/WindowManager(  470): Lst insets: overscan=[0,0][0,0] content=[0,38][0,0] visible=[0,38][0,0]
W/WindowManager(  470): WindowStateAnimator{4ac67ce8 jp.co.pointblur.android.app.quick/jp.co.pointblur.android.app.quick.ATop}:
W/WindowManager(  470):   mSurface=Surface(name=jp.co.pointblur.android.app.quick/jp.co.pointblur.android.app.quick.ATop)
W/WindowManager(  470):   mDrawState=HAS_DRAWN mLastHidden=true
W/WindowManager(  470):   Surface: shown=false layer=21020 alpha=0.0 rect=(0.0,0.0) 720.0 x 1280.0
W/WindowManager(  470):   mShownAlpha=0.0 mAlpha=1.0 mLastAlpha=0.0
W/WindowManager(  470):   mGlobalScale=1.0 mDsDx=1.0 mDtDx=0.0 mDsDy=0.0 mDtDy=1.0
W/WindowManager(  470): mExiting=false mRemoveOnExit=false mDestroying=true mRemoved=false
W/WindowManager(  470): This window was lost: Window{4afc69ac u0 AtchDlg:jp.co.pointblur.android.app.quick/jp.co.pointblur.android.app.quick.ATop}
W/WindowManager(  470): mDisplayId=0 mSession=Session{4aa4e0d4 20690:u0a10067} mClient=android.os.BinderProxy@4afa59d0
W/WindowManager(  470): mOwnerUid=10067 mShowToOwnerOnly=true package=jp.co.pointblur.android.app.quick appop=NONE
W/WindowManager(  470): mAttrs=WM.LayoutParams{(0,0)(fillxwrap) gr=#51 sim=#20 ty=1003 fl=#1820000 wanim=0x10301eb}
W/WindowManager(  470): Requested w=720 h=0 mLayoutSeq=9650
W/WindowManager(  470): mAttachedWindow=Window{4ac63c9c u0 jp.co.pointblur.android.app.quick/jp.co.pointblur.android.app.quick.ATop} mLayoutAttached=false
W/WindowManager(  470): mBaseLayer=21000 mSubLayer=1 mAnimLayer=21025+0=21025 mLastLayer=21025
W/WindowManager(  470): mToken=WindowToken{4af3ddd4 android.os.BinderProxy@4ac16c1c}
W/WindowManager(  470): mRootToken=AppWindowToken{4ac19bb0 token=Token{4ac12fb4 ActivityRecord{4ac19aa8 u0 jp.co.pointblur.android.app.quick/.ATop t155}}}
W/WindowManager(  470): mAppToken=AppWindowToken{4ac19bb0 token=Token{4ac12fb4 ActivityRecord{4ac19aa8 u0 jp.co.pointblur.android.app.quick/.ATop t155}}}
W/WindowManager(  470): mViewVisibility=0x8 mHaveFrame=true mObscured=false
W/WindowManager(  470): mSeq=0 mSystemUiVisibility=0x0
W/WindowManager(  470): mPolicyVisibility=true mPolicyVisibilityAfterAnim=true mAppOpVisibility=true mAttachedHidden=true
W/WindowManager(  470): mGivenContentInsets=[0,0][0,0] mGivenVisibleInsets=[0,0][0,0]
W/WindowManager(  470): mConfiguration={1.0 ?mcc?mnc en_US ldltr sw480dp w480dp h828dp 240dpi lrg long port finger -keyb/v/h dpad/v s.43}
W/WindowManager(  470): mHasSurface=false mShownFrame=[0.0,1280.0][720.0,1280.0] isReadyForDisplay()=false
W/WindowManager(  470): mFrame=[0,1280][720,1280] last=[0,1280][720,1280]
W/WindowManager(  470): mSystemDecorRect=[0,0][720,0] last=[0,0][720,0]
W/WindowManager(  470): Frames: containing=[0,38][720,1280] parent=[0,38][720,1280]
W/WindowManager(  470):     display=[0,38][720,1280] overscan=[0,38][720,1280]
W/WindowManager(  470):     content=[0,1280][720,1280] visible=[0,1280][720,1280]
W/WindowManager(  470):     decor=[0,38][720,1280]
W/WindowManager(  470): Cur insets: overscan=[0,0][0,0] content=[0,0][0,0] visible=[0,0][0,0]
W/WindowManager(  470): Lst insets: overscan=[0,0][0,0] content=[0,0][0,0] visible=[0,0][0,0]
W/WindowManager(  470): WindowStateAnimator{4ad03e58 AtchDlg:jp.co.pointblur.android.app.quick/jp.co.pointblur.android.app.quick.ATop}:
W/WindowManager(  470):   mShownAlpha=0.0 mAlpha=1.0 mLastAlpha=0.0
W/WindowManager(  470):   mGlobalScale=1.0 mDsDx=1.0 mDtDx=0.0 mDsDy=0.0 mDtDy=1.0
W/WindowManager(  470): This window was lost: Window{4afe5040 u0 AtchDlg:jp.co.pointblur.android.app.quick/jp.co.pointblur.android.app.quick.ATop}
W/WindowManager(  470): mDisplayId=0 mSession=Session{4aa4e0d4 20690:u0a10067} mClient=android.os.BinderProxy@4ac60e78
W/WindowManager(  470): mOwnerUid=10067 mShowToOwnerOnly=true package=jp.co.pointblur.android.app.quick appop=NONE
W/WindowManager(  470): mAttrs=WM.LayoutParams{(0,0)(fillxwrap) gr=#51 sim=#20 ty=1003 fl=#1820000 wanim=0x10301eb}
W/WindowManager(  470): Requested w=720 h=0 mLayoutSeq=9650
W/WindowManager(  470): mAttachedWindow=Window{4ac63c9c u0 jp.co.pointblur.android.app.quick/jp.co.pointblur.android.app.quick.ATop} mLayoutAttached=false
W/WindowManager(  470): mBaseLayer=21000 mSubLayer=1 mAnimLayer=21030+0=21030 mLastLayer=21030
W/WindowManager(  470): mToken=WindowToken{4af3ddd4 android.os.BinderProxy@4ac16c1c}
W/WindowManager(  470): mRootToken=AppWindowToken{4ac19bb0 token=Token{4ac12fb4 ActivityRecord{4ac19aa8 u0 jp.co.pointblur.android.app.quick/.ATop t155}}}
W/WindowManager(  470): mAppToken=AppWindowToken{4ac19bb0 token=Token{4ac12fb4 ActivityRecord{4ac19aa8 u0 jp.co.pointblur.android.app.quick/.ATop t155}}}
W/WindowManager(  470): mViewVisibility=0x0 mHaveFrame=true mObscured=false
W/WindowManager(  470): mSeq=0 mSystemUiVisibility=0x0
W/WindowManager(  470): mPolicyVisibility=true mPolicyVisibilityAfterAnim=true mAppOpVisibility=true mAttachedHidden=true
W/WindowManager(  470): mGivenContentInsets=[0,0][0,0] mGivenVisibleInsets=[0,0][0,0]
W/WindowManager(  470): mConfiguration={1.0 ?mcc?mnc en_US ldltr sw480dp w480dp h828dp 240dpi lrg long port finger -keyb/v/h dpad/v s.43}
W/WindowManager(  470): mHasSurface=true mShownFrame=[0.0,1280.0][720.0,1280.0] isReadyForDisplay()=false
W/WindowManager(  470): mFrame=[0,1280][720,1280] last=[0,1280][720,1280]
W/WindowManager(  470): mSystemDecorRect=[0,0][720,0] last=[0,0][720,0]
W/WindowManager(  470): Frames: containing=[0,38][720,1280] parent=[0,38][720,1280]
W/WindowManager(  470):     display=[0,38][720,1280] overscan=[0,38][720,1280]
W/WindowManager(  470):     content=[0,1280][720,1280] visible=[0,1280][720,1280]
W/WindowManager(  470):     decor=[0,38][720,1280]
W/WindowManager(  470): Cur insets: overscan=[0,0][0,0] content=[0,0][0,0] visible=[0,0][0,0]
W/WindowManager(  470): Lst insets: overscan=[0,0][0,0] content=[0,0][0,0] visible=[0,0][0,0]
W/WindowManager(  470): WindowStateAnimator{4afe52cc AtchDlg:jp.co.pointblur.android.app.quick/jp.co.pointblur.android.app.quick.ATop}:
W/WindowManager(  470):   mAnimating=false mLocalAnimating=false mAnimationIsEntrance=true mAnimation=null
W/WindowManager(  470):   mSurface=Surface(name=AtchDlg:jp.co.pointblur.android.app.quick/jp.co.pointblur.android.app.quick.ATop)
W/WindowManager(  470):   mDrawState=HAS_DRAWN mLastHidden=true
W/WindowManager(  470):   Surface: shown=false layer=21030 alpha=0.0 rect=(0.0,1280.0) 720.0 x 1.0
W/WindowManager(  470):   mShownAlpha=0.0 mAlpha=1.0 mLastAlpha=0.0
W/WindowManager(  470):   mGlobalScale=1.0 mDsDx=1.0 mDtDx=0.0 mDsDy=0.0 mDtDy=1.0
W/WindowManager(  470): mExiting=false mRemoveOnExit=false mDestroying=true mRemoved=false
W/WindowManager(  470): Current app token list:
V/WindowManager(  470):   Display 0
V/WindowManager(  470):   #3: Token{4ac45990 ActivityRecord{4ae6993c u0 jp.co.pointblur.android.app.quick/.ATop t155}}
V/WindowManager(  470):   #2: Token{4abefe40 ActivityRecord{4a97d3f8 u0 com.google.android.gsf.login/.AccountIntroActivity t97}}
V/WindowManager(  470):   #1: Token{4a9c3ce0 ActivityRecord{4a971940 u0 com.android.vending/com.google.android.finsky.activities.MainActivity t97}}
V/WindowManager(  470):   #0: Token{4a971690 ActivityRecord{4a9255d4 u0 com.vphone.launcher/.Launcher t1}}
W/WindowManager(  470): Final window list:
V/WindowManager(  470):   #0: Window{4a9310d4 u0 StatusBar}
V/WindowManager(  470):   #1: Window{4a913420 u0 KeyguardScrim}
V/WindowManager(  470):   #2: Window{4ac5dfe0 u0 InputMethod}
V/WindowManager(  470):   #3: Window{4abd660c u0 jp.co.pointblur.android.app.quick/jp.co.pointblur.android.app.quick.ATop}
V/WindowManager(  470):   #4: Window{4ae3bb48 u0 com.google.android.gsf.login/com.google.android.gsf.login.AccountIntroActivity}
V/WindowManager(  470):   #5: Window{4ae3bfb4 u0 com.android.vending/com.google.android.finsky.activities.MainActivity}
V/WindowManager(  470):   #6: Window{4aa1e270 u0 com.vphone.launcher/com.vphone.launcher.Launcher}
V/WindowManager(  470):   #7: Window{4abecf5c u0 com.android.systemui.ImageWallpaper}
W/ViewRootImpl(20690): Dropping event due to no window focus: KeyEvent { action=ACTION_DOWN, keyCode=KEYCODE_DPAD_UP, scanCode=0, metaState=0, flags=0x8, repeatCount=0, eventTime=837735, downTime=837735, deviceId=-1, source=0x101 }
W/EGL_emulation(20690): eglSurfaceAttrib not implemented 3093 12436
I/ExoPlayerImpl(20690): Init 1.3.1
D/dalvikvm(  700): GC_CONCURRENT freed 6360K, 41% free 9880K/16644K, paused 0ms+1ms, total 23ms
I/qtaguid (  700): Untagging socket 125 failed errno=-13
W/NetworkManagementSocketTagger(  700): untagSocket(125) failed with errno -13
W/InputMethodManagerService(  470): Window already focused, ignoring focus gain of: com.android.internal.view.IInputMethodClient$Stub$Proxy@4ac59cf4 attribute=null, token = android.os.BinderProxy@4afe34d8
W/ViewRootImpl(20690): Dropping event due to no window focus: KeyEvent { action=ACTION_DOWN, keyCode=KEYCODE_MOVE_END, scanCode=0, metaState=0, flags=0x8, repeatCount=0, eventTime=837814, downTime=837814, deviceId=-1, source=0x101 }
W/ViewRootImpl(20690): Dropping event due to no window focus: KeyEvent { action=ACTION_DOWN, keyCode=KEYCODE_DPAD_UP, scanCode=0, metaState=0, flags=0x8, repeatCount=0, eventTime=837816, downTime=837816, deviceId=-1, source=0x101 }
W/EGL_emulation(20690): eglSurfaceAttrib not implemented 3093 12436
W/InputMethodManagerService(  470): Window already focused, ignoring focus gain of: com.android.internal.view.IInputMethodClient$Stub$Proxy@4a9b48f4 attribute=android.view.inputmethod.EditorInfo@4a9b48fc, token = android.os.BinderProxy@4afe34d8
I/ActivityManager(  470): START u0 {act=android.intent.action.MAIN cat=[android.intent.category.LAUNCHER] flg=0x10000000 sel={act=android.intent.action.MAIN cat=[android.intent.category.APP_CALCULATOR]}} from pid 470
I/ActivityManager(  470): START u0 {act=android.intent.action.VIEW dat=http://addquick.website cmp=com.android.browser/.BrowserActivity} from pid 20690
W/ViewRootImpl(20690): Dropping event due to no window focus: KeyEvent { action=ACTION_DOWN, keyCode=KEYCODE_DPAD_UP, scanCode=0, metaState=0, flags=0x8, repeatCount=0, eventTime=837965, downTime=837965, deviceId=-1, source=0x101 }
W/EGL_emulation(20690): eglSurfaceAttrib not implemented 3093 12436
I/ExoPlayerImpl(20690): Init 1.3.1
I/ActivityManager(  470): START u0 {cmp=jp.co.pointblur.android.app.quick/.AEdit (has extras)} from pid 20690
W/ViewRootImpl(20690): Dropping event due to no window focus: KeyEvent { action=ACTION_DOWN, keyCode=KEYCODE_DPAD_DOWN, scanCode=0, metaState=0, flags=0x8, repeatCount=0, eventTime=837967, downTime=837967, deviceId=-1, source=0x101 }
W/NetworkManagementSocketTagger(  470): setKernelCountSet(10012, 0) failed with errno -13
W/NetworkManagementSocketTagger(  470): setKernelCountSet(10007, 0) failed with errno -13
I/Finsky  (  947): [1] com.google.android.finsky.ch.a.onTrimMemory(5): Memory trim requested to level 20
I/Finsky  (  947): [1] com.google.android.finsky.ch.a.onTrimMemory(11): Flushing in-memory image cache
D/dalvikvm(20690): GC_CONCURRENT freed 1406K, 13% free 11142K/12720K, paused 1ms+2ms, total 9ms
D/dalvikvm(20690): WAIT_FOR_CONCURRENT_GC blocked 8ms
D/DynamitePackage(20690): Instantiating com.google.android.gms.ads.ChimeraAdManagerCreatorImpl
I/OMXClient(20690): Using client-side OMX mux.
I/Ads     (20690): Starting ad request.
I/Ads     (20690): Use AdRequest.Builder.addTestDevice("DADDEACD506FD4BD02989AD39CCF21B7") to get test ads on this device.
W/Ads     (20690): Not retrying to fetch app settings
I/Ads     (20690): Please set theme of AdActivity to @android:style/Theme.Translucent to enable transparent background interstitial ad.
D/DynamitePackage(20690): Instantiating com.google.android.gms.ads.ChimeraAdManagerCreatorImpl
I/Ads     (20690): Starting ad request.
I/Ads     (20690): Use AdRequest.Builder.addTestDevice("DADDEACD506FD4BD02989AD39CCF21B7") to get test ads on this device.
W/Ads     (20690): Not retrying to fetch app settings
I/Ads     (20690): Please set theme of AdActivity to @android:style/Theme.Translucent to enable transparent background interstitial ad.
E/sidth   (20690): width : 720.0
D/dalvikvm(20690): GC_EXPLICIT freed 581K, 11% free 12509K/14020K, paused 1ms+2ms, total 12ms
D/dalvikvm(20690): GC_EXPLICIT freed 16K, 11% free 12500K/14020K, paused 2ms+1ms, total 10ms
W/Ads     (  700): App does not have the required permissions to get location
I/ActivityManager(  470): START u0 {act=android.intent.action.GET_CONTENT typ=image/* cmp=com.android.documentsui/.DocumentsActivity} from pid 20690
W/Ads     (  700): App does not have the required permissions to get location
W/Herrevad(  700): [1038] sjl.a: On wifi, but couldn't get security type
I/OMXClient(20690): Using client-side OMX mux.
I/ActivityManager(  470): START u0 {cmp=jp.co.pointblur.android.app.quick/.ATop} from pid 20690
W/DebugConnManager(  700): getNetworkInfo() on networkType 0
W/EGL_emulation(20690): eglSurfaceAttrib not implemented 3093 12436
D/dalvikvm(  700): GC_CONCURRENT freed 2413K, 41% free 9950K/16644K, paused 2ms+1ms, total 17ms
W/NetworkManagementSocketTagger(  470): setKernelCountSet(10012, 1) failed with errno -13
W/NetworkManagementSocketTagger(  470): setKernelCountSet(10007, 1) failed with errno -13
I/qtaguid (  700): Tagging socket 152 with tag 3000010500000000(805306629) for uid -1 failed errno=-13
I/NetworkManagementSocketTagger(  700): tagSocketFd(152, 805306629, -1) failed with errno-13
I/qtaguid (  700): Tagging socket 259 with tag 3000010500000000(805306629) for uid -1 failed errno=-13
