I/ActivityManager(  496): START u0 {act=android.intent.action.MAIN cat=[android.intent.category.LAUNCHER] flg=0x10200000 cmp=com.wsandroid.suite/com.mcafee.app.LauncherDelegateActivity} from pid 10874
D/dalvikvm(  167): GC_EXPLICIT freed 41K, 4% free 2788K/2888K, paused 1ms+0ms, total 3ms
D/dalvikvm(  167): GC_EXPLICIT freed <1K, 4% free 2788K/2888K, paused 1ms+0ms, total 3ms
D/dalvikvm(  167): GC_EXPLICIT freed <1K, 4% free 2788K/2888K, paused 0ms+1ms, total 3ms
I/ActivityManager(  496): Start proc com.wsandroid.suite for activity com.wsandroid.suite/com.mcafee.app.LauncherDelegateActivity: pid=11059 uid=10048 gids={50048, 3003, 1028, 1015, 1023, 3002, 3001}
W/NetworkManagementSocketTagger(  496): setKernelCountSet(10048, 1) failed with errno -13
I/dalvikvm(11059): ignoring registerObject request in thread=1
I/dalvikvm(11059): ignoring registerObject request in thread=1
W/EGL_emulation( 6119): eglSurfaceAttrib not implemented 3093 12436
W/EGL_emulation( 1107): eglSurfaceAttrib not implemented 3093 12436
W/EGL_emulation( 6119): eglSurfaceAttrib not implemented 3093 12436
D/Zygote  (  167): Process 10884 terminated by signal (6)
D/emuglGLESv2_enc( 1107): #00  pc 0000f45a  /system/lib/egl/libGLESv2_adreno.so (glStartTilingQCOM+90)
D/emuglGLESv2_enc( 1107): #01  pc 000199c7  /system/lib/libhwui.so (android::uirenderer::Caches::startTiling(unsigned int, unsigned int, unsigned int, unsigned int, bool)+87)
D/emuglGLESv2_enc( 1107): #02  pc 00037572  /system/lib/libhwui.so
D/emuglGLESv2_enc( 1107): #03  pc 00038d8f  /system/lib/libhwui.so
D/emuglGLESv2_enc( 1107): #04  pc 000c14a3  /system/lib/libandroid_runtime.so
D/emuglGLESv2_enc( 1107): #05  pc 00034b9b  /system/lib/libdvm.so (dvmPlatformInvoke+79)
E/emuglGLESv2_enc( 1107): Function is unsupported
D/emuglGLESv2_enc( 1107): #00  pc 0000f3e0  /system/lib/egl/libGLESv2_adreno.so (glEndTilingQCOM+64)
D/emuglGLESv2_enc( 1107): #01  pc 00019a01  /system/lib/libhwui.so (android::uirenderer::Caches::endTiling()+49)
D/emuglGLESv2_enc( 1107): #02  pc 000389a9  /system/lib/libhwui.so
D/emuglGLESv2_enc( 1107): #03  pc 000be13f  /system/lib/libandroid_runtime.so
D/emuglGLESv2_enc( 1107): #04  pc 00034b9b  /system/lib/libdvm.so (dvmPlatformInvoke+79)
E/emuglGLESv2_enc( 1107): Function is unsupported
W/Herrevad(  788): [564] sjl.a: On wifi, but couldn't get security type
W/DebugConnManager(  788): getNetworkInfo() on networkType 0
I/MultiDex(11059): VM with version 1.6.0 does not have multidex support
I/MultiDex(11059): install
I/MultiDex(11059): MultiDexExtractor.load(/data/app/com.wsandroid.suite-1.apk, false)
I/MultiDex(11059): loading existing secondary dex files
I/MultiDex(11059): load found 0 secondary dex files
I/MultiDex(11059): install done
I/FirebaseInitProvider(11059): FirebaseApp initialization unsuccessful
V/WebViewChromium(11059): Binding Chromium to the main looper Looper (main, tid 1) {4a7ac718}
I/chromium(11059): [INFO:library_loader_hooks.cc(112)] Chromium logging enabled: level = 0, default verbosity = 0
I/BrowserProcessMain(11059): Initializing chromium process, renderers=0
W/chromium(11059): [WARNING:proxy_service.cc(888)] PAC support disabled because there is no system implementation
D/libEGL  (11059): loaded /system/lib/egl/libEGL_adreno.so
D/        (11059): HostConnection::get() New Host Connection established 0xb7c6bab0, tid 11059
D/libEGL  (11059): loaded /system/lib/egl/libGLESv1_CM_adreno.so
D/libEGL  (11059): loaded /system/lib/egl/libGLESv2_adreno.so
D/dalvikvm(11059): JIT code cache reset in 0 ms (0 bytes 1/0)
D/dalvikvm(11059): GC_CONCURRENT freed 321K, 12% free 2899K/3284K, paused 1ms+0ms, total 4ms
D/dalvikvm(11059): GC_CONCURRENT freed 347K, 14% free 2947K/3424K, paused 0ms+2ms, total 4ms
D/dalvikvm(11059): GC_CONCURRENT freed 418K, 15% free 2955K/3456K, paused 1ms+0ms, total 3ms
D/dalvikvm(11059): GC_CONCURRENT freed 418K, 14% free 3037K/3512K, paused 2ms+0ms, total 8ms
D/dalvikvm(11059): WAIT_FOR_CONCURRENT_GC blocked 4ms
W/dalvikvm(11059): VFY: unable to find class referenced in signature (Lcom/amazon/device/messaging/ADM;)
I/dalvikvm(11059): Could not find method com.amazon.device.messaging.ADM.startRegister, referenced from method com.mcafee.messaging.amazon.AmazonMessagingService.a
W/dalvikvm(11059): VFY: unable to resolve virtual method 6224: Lcom/amazon/device/messaging/ADM;.startRegister ()V
D/dalvikvm(11059): VFY: replacing opcode 0x6e at 0x000e
I/dalvikvm(11059): Could not find method com.amazon.device.messaging.ADM.isSupported, referenced from method com.mcafee.messaging.amazon.AmazonMessagingService.b
W/dalvikvm(11059): VFY: unable to resolve virtual method 6223: Lcom/amazon/device/messaging/ADM;.isSupported ()Z
D/dalvikvm(11059): VFY: replacing opcode 0x6e at 0x0006
E/dalvikvm(11059): Could not find class 'com.amazon.device.messaging.ADM', referenced from method com.mcafee.messaging.amazon.AmazonMessagingService.c
W/dalvikvm(11059): VFY: unable to resolve new-instance 1024 (Lcom/amazon/device/messaging/ADM;) in Lcom/mcafee/messaging/amazon/AmazonMessagingService;
D/dalvikvm(11059): VFY: replacing opcode 0x22 at 0x0000
I/dalvikvm(11059): Could not find method com.amazon.device.messaging.ADM.getRegistrationId, referenced from method com.mcafee.messaging.amazon.AmazonMessagingService.d
W/dalvikvm(11059): VFY: unable to resolve virtual method 6222: Lcom/amazon/device/messaging/ADM;.getRegistrationId ()Ljava/lang/String;
D/dalvikvm(11059): VFY: replacing opcode 0x6e at 0x0008
W/dalvikvm(11059): VFY: unable to find class referenced in signature (Lcom/amazon/device/messaging/ADM;)
D/dalvikvm(11059): DexOpt: unable to opt direct call 0x184d at 0x04 in Lcom/mcafee/messaging/amazon/AmazonMessagingService;.c
D/dalvikvm(11059): GC_CONCURRENT freed 399K, 13% free 3083K/3540K, paused 1ms+0ms, total 4ms
I/ActivityManager(  496): START u0 {act=mcafee.intent.action.launcher flg=0x20000000 pkg=com.wsandroid.suite cmp=com.wsandroid.suite/com.mcafee.app.SplashActivity (has extras)} from pid 11059
W/NetworkManagementSocketTagger(  496): setKernelCountSet(10012, 0) failed with errno -13
I/Finsky  ( 1107): [1] com.google.android.finsky.cg.a.onTrimMemory(5): Memory trim requested to level 20
I/Finsky  ( 1107): [1] com.google.android.finsky.cg.a.onTrimMemory(11): Flushing in-memory image cache
D/dalvikvm(11059): GC_CONCURRENT freed 255K, 9% free 3245K/3560K, paused 2ms+0ms, total 5ms
I/dalvikvm(11059): Could not find method android.content.res.TypedArray.<init>, referenced from method android.content.a.a.<init>
W/dalvikvm(11059): VFY: unable to resolve direct method 792: Landroid/content/res/TypedArray;.<init> ()V
D/dalvikvm(11059): VFY: replacing opcode 0x70 at 0x0000
D/dalvikvm(11059): GC_CONCURRENT freed 77K, 3% free 3600K/3704K, paused 2ms+2ms, total 7ms
D/dalvikvm(11059): GC_CONCURRENT freed 188K, 6% free 3922K/4168K, paused 2ms+1ms, total 6ms
D/dalvikvm(11059): WAIT_FOR_CONCURRENT_GC blocked 4ms
D/dalvikvm(11059): WAIT_FOR_CONCURRENT_GC blocked 3ms
I/dalvikvm(11059): Could not find method android.content.pm.PackageManager.getPackageInstaller, referenced from method com.google.android.gms.common.f.a
W/dalvikvm(11059): VFY: unable to resolve virtual method 721: Landroid/content/pm/PackageManager;.getPackageInstaller ()Landroid/content/pm/PackageInstaller;
D/dalvikvm(11059): VFY: replacing opcode 0x6e at 0x000a
I/GAv4    (11059): Google Analytics 9.0.80 is starting up. To enable debug logging on a device run:
I/GAv4    (11059):   adb shell setprop log.tag.GAv4 DEBUG
I/GAv4    (11059):   adb logcat -s GAv4
D/dalvikvm(11059): WAIT_FOR_CONCURRENT_GC blocked 5ms
D/dalvikvm(11059): WAIT_FOR_CONCURRENT_GC blocked 6ms
D/dalvikvm(11059): GC_CONCURRENT freed 214K, 7% free 4219K/4492K, paused 2ms+0ms, total 7ms
D/dalvikvm(11059): WAIT_FOR_CONCURRENT_GC blocked 3ms
I/GAv4    (11059): Logger is deprecated. To enable debug logging, please run:
I/GAv4    (11059): adb shell setprop log.tag.GAv4 DEBUG
D/dalvikvm(11059): GC_CONCURRENT freed 200K, 6% free 4519K/4788K, paused 2ms+0ms, total 7ms
D/dalvikvm(11059): WAIT_FOR_CONCURRENT_GC blocked 3ms
D/dalvikvm(11059): WAIT_FOR_CONCURRENT_GC blocked 4ms
D/dalvikvm(11059): WAIT_FOR_CONCURRENT_GC blocked 6ms
D/dalvikvm(11059): GC_CONCURRENT freed 303K, 8% free 4793K/5156K, paused 0ms+1ms, total 5ms
D/dalvikvm(11059): WAIT_FOR_CONCURRENT_GC blocked 2ms
D/dalvikvm(11059): WAIT_FOR_CONCURRENT_GC blocked 3ms
D/dalvikvm(11059): WAIT_FOR_CONCURRENT_GC blocked 6ms
W/GAv4    (11059): CampaignTrackingReceiver is not registered, not exported or is disabled. Installation campaign tracking is not possible. See http://goo.gl/8Rd3yj for instructions.
W/dalvikvm(11059): VFY: unable to find class referenced in signature (Lokhttp3/Request;)
W/dalvikvm(11059): VFY: unable to find class referenced in signature (Lokhttp3/Response;)
I/dalvikvm(11059): Could not find method okhttp3.Response.headers, referenced from method empirical.HelperClass.printOkHttpInfo
W/dalvikvm(11059): VFY: unable to resolve virtual method 52945: Lokhttp3/Response;.headers ()Lokhttp3/Headers;
D/dalvikvm(11059): VFY: replacing opcode 0x6e at 0x0006
W/dalvikvm(11059): VFY: unable to find class referenced in signature (Lokhttp3/Call;)
W/dalvikvm(11059): VFY: unable to find class referenced in signature (Lokhttp3/Response;)
I/dalvikvm(11059): Could not find method okhttp3.Call.request, referenced from method empirical.HelperClass.printOkHttpInfoFromCall
W/dalvikvm(11059): VFY: unable to resolve interface method 52939: Lokhttp3/Call;.request ()Lokhttp3/Request;
D/dalvikvm(11059): VFY: replacing opcode 0x72 at 0x0006
I/System.out(11059): body:<com.mcafee.network.d: void <init>(android.content.Context)>	sig:$r2 = staticinvoke <java.net.ProxySelector: java.net.ProxySelector getDefault()>()	timediff:0
I/System.out(11059): body:<com.mcafee.network.d$b: void <init>(com.mcafee.network.d)>	sig:specialinvoke $r0.<java.net.Authenticator: void <init>()>()	timediff:0
I/System.out(11059): body:<com.mcafee.network.d: void a()>	sig:staticinvoke <java.net.Authenticator: void setDefault(java.net.Authenticator)>($r2)	timediff:0
I/System.out(11059): body:<com.mcafee.network.d$a: void <init>(com.mcafee.network.d)>	sig:specialinvoke $r0.<java.net.ProxySelector: void <init>()>()	timediff:0
I/System.out(11059): body:<com.mcafee.network.d: void a()>	sig:staticinvoke <java.net.ProxySelector: void setDefault(java.net.ProxySelector)>($r3)	timediff:0
I/dalvikvm(11059): Could not find method android.app.Notification$Builder.setLocalOnly, referenced from method com.google.android.gms.common.GooglePlayServicesUtil.a
W/dalvikvm(11059): VFY: unable to resolve virtual method 358: Landroid/app/Notification$Builder;.setLocalOnly (Z)Landroid/app/Notification$Builder;
D/dalvikvm(11059): VFY: replacing opcode 0x6e at 0x00fb
V/GoogleSignatureVerifier(11059): com.google.android.gms signature not valid.  Found: 
V/GoogleSignatureVerifier(11059): MIIEQzCCAyugAwIBAgIJAMLgh0ZkSjCNMA0GCSqGSIb3DQEBBAUAMHQxCzAJBgNVBAYTAlVTMRMw
V/GoogleSignatureVerifier(11059): EQYDVQQIEwpDYWxpZm9ybmlhMRYwFAYDVQQHEw1Nb3VudGFpbiBWaWV3MRQwEgYDVQQKEwtHb29n
V/GoogleSignatureVerifier(11059): bGUgSW5jLjEQMA4GA1UECxMHQW5kcm9pZDEQMA4GA1UEAxMHQW5kcm9pZDAeFw0wODA4MjEyMzEz
V/GoogleSignatureVerifier(11059): MzRaFw0zNjAxMDcyMzEzMzRaMHQxCzAJBgNVBAYTAlVTMRMwEQYDVQQIEwpDYWxpZm9ybmlhMRYw
V/GoogleSignatureVerifier(11059): FAYDVQQHEw1Nb3VudGFpbiBWaWV3MRQwEgYDVQQKEwtHb29nbGUgSW5jLjEQMA4GA1UECxMHQW5k
V/GoogleSignatureVerifier(11059): cm9pZDEQMA4GA1UEAxMHQW5kcm9pZDCCASAwDQYJKoZIhvcNAQEBBQADggENADCCAQgCggEBAKtW
V/GoogleSignatureVerifier(11059): LgDYO6IIrgqWbxJOKdoR8qtW0I9Y4sypEwPpt1TTcvZApxsdyxMJZ2JORland2qSGT2y5b+3JKke
V/GoogleSignatureVerifier(11059): dxiLDmpHpDsz2WCbdxgxRczfey5YZnTJ4VZbH0xqWVW/8lGmPav5xVwnIiJS6HXk+BVKZF+JcWjA
V/GoogleSignatureVerifier(11059): sb/GEuq/eFdpuzSqeYTcfi6idkyugwfYwXFU1+5fZKUaRKYCwkkFQVfcAs1fXA5V+++FGfvjJ/Cx
V/GoogleSignatureVerifier(11059): URaSxaBvGdGDhfXE28LWuT9ozCl5xw4Yq5OGazvV24mZVSoOO0yZ31j7kYvtwYK6NeADwbSxDdJE
V/GoogleSignatureVerifier(11059): qO4k//0zOHKrUiGYXtqw/A0LFFtqoZKFjnkCAQOjgdkwgdYwHQYDVR0OBBYEFMd9jMIhF1Ylmn/T
V/GoogleSignatureVerifier(11059): gt9r45jk14alMIGmBgNVHSMEgZ4wgZuAFMd9jMIhF1Ylmn/Tgt9r45jk14aloXikdjB0MQswCQYD
V/GoogleSignatureVerifier(11059): VQQGEwJVUzETMBEGA1UECBMKQ2FsaWZvcm5pYTEWMBQGA1UEBxMNTW91bnRhaW4gVmlldzEUMBIG
V/GoogleSignatureVerifier(11059): A1UEChMLR29vZ2xlIEluYy4xEDAOBgNVBAsTB0FuZHJvaWQxEDAOBgNVBAMTB0FuZHJvaWSCCQDC
V/GoogleSignatureVerifier(11059): 4IdGZEowjTAMBgNVHRMEBTADAQH/MA0GCSqGSIb3DQEBBAUAA4IBAQBt0lLO74UwLDYKqs6Tm8/y
V/GoogleSignatureVerifier(11059): zKkEu116FmH4rkaymUIE0P9KaMftGlMexFlaYjzmB2OxZyl6euNXEsQH8gjwyxCUKRJNexBiGcCE
V/GoogleSignatureVerifier(11059): yj6z+a1fuHHvkiaai+KL8W1EyNmgjmyy8AW7P+LLlkR+ho5zEHatRbM/YAnqGcFh5iZBqpknHf1S
V/GoogleSignatureVerifier(11059): KMXFh4dd239FJ1jWYfbMDMy3NS5CTMQ2XFI1MvcyUTdZPErjQfTbQe3aDQsQcafEQPD+nqActifK
V/GoogleSignatureVerifier(11059): Z0Np0IS9L9kR/wbNvyz6ENwPiTrjV2KRkEjH78ZMcUQXg0L3BYHJ3lc69Vs5Ddf9uUGGMYldX3Wf
V/GoogleSignatureVerifier(11059): MBEmh/9iFBDAaTCK
D/dalvikvm(11059): GC_CONCURRENT freed 490K, 11% free 4904K/5452K, paused 2ms+0ms, total 7ms
I/Broadcaster(11059): before::{"Screen":"Application - Main Screen","Event.Value":"0","Type":"Event","Engagement.Interactive":"Interactive","Engagement.UserInitiated":"User Initiated","Event.Action":"Launched","UniqueId":"application_launch_launcher","Event.Category":"Application","Trigger":"Splash","Feature":"General"}
I/GASinkPlugin(11059): after::{"&t":"event","&ni":"0","&cd":"Application - Main Screen","&ea":"Launched","&cd2":"General","&cd1":"application_launch_launcher","&cd4":"User Initiated","&ev":"0","&cd3":"Splash","&cd6":"1","&ec":"Application"}
W/ContextImpl(  496): Calling a method in the system process without a qualified user: android.app.ContextImpl.sendBroadcast:1123 com.android.server.InputMethodManagerService.hideCurrentInputLocked:1880 com.android.server.InputMethodManagerService.windowGainedFocus:1968 com.android.internal.view.IInputMethodManager$Stub.onTransact:221 com.android.server.InputMethodManagerService.onTransact:818 
W/Binder  (  646): Caught a RuntimeException from the binder stub implementation.
W/Binder  (  646): java.lang.NullPointerException
W/Binder  (  646): 	at android.inputmethodservice.IInputMethodWrapper.setSessionEnabled(IInputMethodWrapper.java:280)
W/Binder  (  646): 	at com.android.internal.view.IInputMethod$Stub.onTransact(IInputMethod.java:129)
W/Binder  (  646): 	at android.os.Binder.execTransact(Binder.java:404)
W/Binder  (  646): 	at dalvik.system.NativeStart.run(Native Method)
W/InputMethodManagerService(  496): Got RemoteException sending setActive(false) notification to pid 10884 uid 10048
D/dalvikvm(11059): DexOpt: couldn't find static field Landroid/hardware/camera2/CameraCharacteristics;.LENS_FACING
W/dalvikvm(11059): VFY: unable to resolve static field 158 (LENS_FACING) in Landroid/hardware/camera2/CameraCharacteristics;
D/dalvikvm(11059): VFY: replacing opcode 0x62 at 0x0022
D/dalvikvm(11059): GC_CONCURRENT freed 591K, 11% free 5008K/5600K, paused 1ms+1ms, total 9ms
I/ActivityManager(  496): Displayed com.wsandroid.suite/com.mcafee.app.SplashActivity: +304ms (total +563ms)
W/NetworkManagementSocketTagger(  496): setKernelCountSet(10007, 0) failed with errno -13
D/dalvikvm(11059): GC_CONCURRENT freed 707K, 14% free 4952K/5720K, paused 0ms+0ms, total 7ms
V/PanelView(  558): animationTick called with dtms=0; nothing to do (h=0.0 v=-4500.0)
I/dalvikvm(11059): Could not find method android.content.Context.getExternalMediaDirs, referenced from method com.mcafee.utils.n.b
W/dalvikvm(11059): VFY: unable to resolve virtual method 528: Landroid/content/Context;.getExternalMediaDirs ()[Ljava/io/File;
D/dalvikvm(11059): VFY: replacing opcode 0x6e at 0x0006
D/dalvikvm(11059): Trying to load lib /data/app-lib/com.wsandroid.suite-1/libmcseng.so 0x94f5f2d0
D/dalvikvm(11059): Added shared lib /data/app-lib/com.wsandroid.suite-1/libmcseng.so 0x94f5f2d0
D/dalvikvm(  683): GC_CONCURRENT freed 356K, 12% free 3308K/3740K, paused 1ms+1ms, total 3ms
D/dalvikvm(11059): GC_CONCURRENT freed 532K, 12% free 5083K/5720K, paused 1ms+0ms, total 7ms
I/ActivityManager(  496): START u0 {act=android.intent.action.MAIN cat=[android.intent.category.LAUNCHER] flg=0x10000000 sel={act=android.intent.action.MAIN cat=[android.intent.category.APP_CALCULATOR]}} from pid 496
D/dalvikvm(11059): GC_CONCURRENT freed 523K, 12% free 5208K/5904K, paused 2ms+1ms, total 5ms
D/dalvikvm(11059): GC_CONCURRENT freed 527K, 10% free 5435K/5976K, paused 2ms+1ms, total 12ms
W/DebugConnManager(11059): getNetworkInfo() on networkType 1
D/BluetoothManagerService(  496): Message: 20
D/BluetoothManagerService(  496): Added callback: android.bluetooth.IBluetoothManagerCallback$Stub$Proxy@4b038398:true
D/BluetoothAdapter(11059): 1249950936: getState() :  mService = null. Returning STATE_OFF
W/DebugConnManager(11059): getNetworkInfo() on networkType 0
D/BluetoothAdapter(11059): 1249950936: getState() :  mService = null. Returning STATE_OFF
W/DebugConnManager(11059): getNetworkInfo() on networkType 1
W/DebugConnManager(11059): getNetworkInfo() on networkType 0
W/DebugConnManager(11059): getNetworkInfo() on networkType 0
D/BluetoothAdapter(11059): 1249950936: getState() :  mService = null. Returning STATE_OFF
W/DebugConnManager(11059): getNetworkInfo() on networkType 0
W/DebugConnManager(11059): getNetworkInfo() on networkType 0
W/DebugConnManager(11059): getNetworkInfo() on networkType 1
W/DebugConnManager(11059): getNetworkInfo() on networkType 1
W/DebugConnManager(11059): getNetworkInfo() on networkType 0
W/DebugConnManager(11059): getNetworkInfo() on networkType 0
W/DebugConnManager(11059): getNetworkInfo() on networkType 1
W/DebugConnManager(11059): getNetworkInfo() on networkType 0
I/ActivityManager(  496): START u0 {act=android.intent.action.MAIN cat=[android.intent.category.LAUNCHER] flg=0x10200000 cmp=com.wsandroid.suite/com.mcafee.app.LauncherDelegateActivity} from pid 10874
W/DebugConnManager(11059): getNetworkInfo() on networkType 0
D/dalvikvm(11059): GC_CONCURRENT freed 423K, 8% free 5801K/6288K, paused 1ms+2ms, total 9ms
W/DebugConnManager(11059): getNetworkInfo() on networkType 0
W/DebugConnManager(11059): getNetworkInfo() on networkType 0
W/DebugConnManager(11059): getNetworkInfo() on networkType 1
I/WearableService(  661): Wearable Services not starting - Wear is not available on this device.
W/WearableService(  661): onGetService - Wear is not available on this device.
D/dalvikvm(  496): GC_EXPLICIT freed 2285K, 59% free 10076K/24508K, paused 0ms+2ms, total 17ms
I/ActivityManager(  496): START u0 {act=android.intent.action.MAIN cat=[android.intent.category.HOME] flg=0x10200000 cmp=com.vphone.launcher/.Launcher} from pid 496
I/AppsFlyer_1.18(11059): Start tracking package: com.wsandroid.suite
W/WearableService(  661): onGetService - Wear is not available on this device.
I/AppsFlyer_1.18-571581880(11059): ******* sendTrackingWithEvent: Launch
E/ActivityThread(11059): Failed to find provider info for com.facebook.katana.provider.AttributionIdProvider
D/Facebook-publish(11059): FacebookException: No attribution id returned from the Facebook application
W/dalvikvm(11059): VFY: unable to resolve static field 3317 (com_facebook_requesterror_permissions) in Lcom/facebook/android/R$string;
D/dalvikvm(11059): VFY: replacing opcode 0x60 at 0x0064
W/dalvikvm(11059): VFY: unable to resolve static field 3320 (com_facebook_requesterror_web_login) in Lcom/facebook/android/R$string;
D/dalvikvm(11059): VFY: replacing opcode 0x60 at 0x0079
W/dalvikvm(11059): VFY: unable to resolve static field 3319 (com_facebook_requesterror_relogin) in Lcom/facebook/android/R$string;
D/dalvikvm(11059): VFY: replacing opcode 0x60 at 0x0087
W/dalvikvm(11059): VFY: unable to resolve static field 3316 (com_facebook_requesterror_password_changed) in Lcom/facebook/android/R$string;
D/dalvikvm(11059): VFY: replacing opcode 0x60 at 0x008e
W/dalvikvm(11059): VFY: unable to resolve static field 3318 (com_facebook_requesterror_reconnect) in Lcom/facebook/android/R$string;
D/dalvikvm(11059): VFY: replacing opcode 0x60 at 0x0091
I/System.out(11059): body:<com.facebook.Request: java.net.HttpURLConnection toHttpConnection(com.facebook.RequestBatch)>	sig:specialinvoke $r3.<java.net.URL: void <init>(java.lang.String)>($r4)	timediff:0
I/System.out(11059): <com.facebook.Request: java.net.HttpURLConnection toHttpConnection(com.facebook.RequestBatch)>###specialinvoke $r3.<java.net.URL: void <init>(java.lang.String)>($r4)###https://graph.facebook.com/131718076998959?fields=supports_attribution%2Csupports_implicit_sdk_logging&format=json&sdk=android
I/System.out(11059): body:<com.facebook.Request: java.net.HttpURLConnection toHttpConnection(com.facebook.RequestBatch)>	sig:specialinvoke $r3.<java.net.URL: void <init>(java.lang.String)>($r4)	timediff:1
I/System.out(11059): <com.facebook.Request: java.net.HttpURLConnection toHttpConnection(com.facebook.RequestBatch)>###specialinvoke $r3.<java.net.URL: void <init>(java.lang.String)>($r4)###https://graph.facebook.com/131718076998959?fields=supports_attribution%2Csupports_implicit_sdk_logging&format=json&sdk=android
W/DebugConnManager(11059): getNetworkInfo() on networkType 1
E/ActivityThread(11059): Failed to find provider info for com.facebook.katana.provider.AttributionIdProvider
E/ActivityThread(11059): Failed to find provider info for com.facebook.katana.provider.AttributionIdProvider
I/AppsFlyer_1.18(11059): WARNING:checkPlatform Not Built using Unity 22.
D/AppsFlyer_1.18(11059): AppsFlyer: first launch detected
I/AppsFlyer_1.18(11059): AppsFlyer: first launch date: 2018-04-12_0319-0700
I/System.out(11059): AppsFlyerLib.sendTrackingWithEvent
D/dalvikvm(11059): GC_CONCURRENT freed 982K, 16% free 5789K/6816K, paused 2ms+0ms, total 10ms
I/System.out(11059): body:<com.appsflyer.AppsFlyerLib: java.lang.String d(java.util.Map)>	sig:$r6 = staticinvoke <java.net.URLEncoder: java.lang.String encode(java.lang.String,java.lang.String)>($r6, "UTF-8")	timediff:0
I/System.out(11059): body:<com.appsflyer.AppsFlyerLib: java.lang.String d(java.util.Map)>	sig:$r6 = staticinvoke <java.net.URLEncoder: java.lang.String encode(java.lang.String,java.lang.String)>($r6, "UTF-8")	timediff:0
I/System.out(11059): body:<com.appsflyer.AppsFlyerLib: java.lang.String d(java.util.Map)>	sig:$r6 = staticinvoke <java.net.URLEncoder: java.lang.String encode(java.lang.String,java.lang.String)>($r6, "UTF-8")	timediff:0
I/System.out(11059): body:<com.appsflyer.AppsFlyerLib: java.lang.String d(java.util.Map)>	sig:$r6 = staticinvoke <java.net.URLEncoder: java.lang.String encode(java.lang.String,java.lang.String)>($r6, "UTF-8")	timediff:0
I/System.out(11059): body:<com.appsflyer.AppsFlyerLib: java.lang.String d(java.util.Map)>	sig:$r6 = staticinvoke <java.net.URLEncoder: java.lang.String encode(java.lang.String,java.lang.String)>($r6, "UTF-8")	timediff:0
I/System.out(11059): body:<com.appsflyer.AppsFlyerLib: java.lang.String d(java.util.Map)>	sig:$r6 = staticinvoke <java.net.URLEncoder: java.lang.String encode(java.lang.String,java.lang.String)>($r6, "UTF-8")	timediff:0
I/System.out(11059): body:<com.appsflyer.AppsFlyerLib: java.lang.String d(java.util.Map)>	sig:$r6 = staticinvoke <java.net.URLEncoder: java.lang.String encode(java.lang.String,java.lang.String)>($r6, "UTF-8")	timediff:0
I/System.out(11059): body:<com.appsflyer.AppsFlyerLib: java.lang.String d(java.util.Map)>	sig:$r6 = staticinvoke <java.net.URLEncoder: java.lang.String encode(java.lang.String,java.lang.String)>($r6, "UTF-8")	timediff:0
I/System.out(11059): body:<com.appsflyer.AppsFlyerLib: java.lang.String d(java.util.Map)>	sig:$r6 = staticinvoke <java.net.URLEncoder: java.lang.String encode(java.lang.String,java.lang.String)>($r6, "UTF-8")	timediff:0
I/System.out(11059): body:<com.appsflyer.AppsFlyerLib: java.lang.String d(java.util.Map)>	sig:$r6 = staticinvoke <java.net.URLEncoder: java.lang.String encode(java.lang.String,java.lang.String)>($r6, "UTF-8")	timediff:0
I/System.out(11059): body:<com.appsflyer.AppsFlyerLib: java.lang.String d(java.util.Map)>	sig:$r6 = staticinvoke <java.net.URLEncoder: java.lang.String encode(java.lang.String,java.lang.String)>($r6, "UTF-8")	timediff:0
I/System.out(11059): body:<com.appsflyer.AppsFlyerLib: java.lang.String d(java.util.Map)>	sig:$r6 = staticinvoke <java.net.URLEncoder: java.lang.String encode(java.lang.String,java.lang.String)>($r6, "UTF-8")	timediff:0
I/System.out(11059): body:<com.appsflyer.AppsFlyerLib: java.lang.String d(java.util.Map)>	sig:$r6 = staticinvoke <java.net.URLEncoder: java.lang.String encode(java.lang.String,java.lang.String)>($r6, "UTF-8")	timediff:0
I/System.out(11059): body:<com.appsflyer.AppsFlyerLib: java.lang.String d(java.util.Map)>	sig:$r6 = staticinvoke <java.net.URLEncoder: java.lang.String encode(java.lang.String,java.lang.String)>($r6, "UTF-8")	timediff:0
I/System.out(11059): body:<com.appsflyer.AppsFlyerLib: java.lang.String d(java.util.Map)>	sig:$r6 = staticinvoke <java.net.URLEncoder: java.lang.String encode(java.lang.String,java.lang.String)>($r6, "UTF-8")	timediff:0
I/System.out(11059): body:<com.appsflyer.AppsFlyerLib: java.lang.String d(java.util.Map)>	sig:$r6 = staticinvoke <java.net.URLEncoder: java.lang.String encode(java.lang.String,java.lang.String)>($r6, "UTF-8")	timediff:0
I/System.out(11059): body:<com.appsflyer.AppsFlyerLib: java.lang.String d(java.util.Map)>	sig:$r6 = staticinvoke <java.net.URLEncoder: java.lang.String encode(java.lang.String,java.lang.String)>($r6, "UTF-8")	timediff:0
I/System.out(11059): body:<com.appsflyer.AppsFlyerLib: java.lang.String d(java.util.Map)>	sig:$r6 = staticinvoke <java.net.URLEncoder: java.lang.String encode(java.lang.String,java.lang.String)>($r6, "UTF-8")	timediff:0
I/System.out(11059): body:<com.appsflyer.AppsFlyerLib: java.lang.String d(java.util.Map)>	sig:$r6 = staticinvoke <java.net.URLEncoder: java.lang.String encode(java.lang.String,java.lang.String)>($r6, "UTF-8")	timediff:0
I/System.out(11059): body:<com.appsflyer.AppsFlyerLib: java.lang.String d(java.util.Map)>	sig:$r6 = staticinvoke <java.net.URLEncoder: java.lang.String encode(java.lang.String,java.lang.String)>($r6, "UTF-8")	timediff:0
I/System.out(11059): body:<com.appsflyer.AppsFlyerLib: java.lang.String d(java.util.Map)>	sig:$r6 = staticinvoke <java.net.URLEncoder: java.lang.String encode(java.lang.String,java.lang.String)>($r6, "UTF-8")	timediff:0
I/System.out(11059): body:<com.appsflyer.AppsFlyerLib: java.lang.String d(java.util.Map)>	sig:$r6 = staticinvoke <java.net.URLEncoder: java.lang.String encode(java.lang.String,java.lang.String)>($r6, "UTF-8")	timediff:0
I/System.out(11059): body:<com.appsflyer.AppsFlyerLib: java.lang.String d(java.util.Map)>	sig:$r6 = staticinvoke <java.net.URLEncoder: java.lang.String encode(java.lang.String,java.lang.String)>($r6, "UTF-8")	timediff:0
I/System.out(11059): body:<com.appsflyer.AppsFlyerLib: java.lang.String d(java.util.Map)>	sig:$r6 = staticinvoke <java.net.URLEncoder: java.lang.String encode(java.lang.String,java.lang.String)>($r6, "UTF-8")	timediff:0
I/System.out(11059): body:<com.appsflyer.AppsFlyerLib: java.lang.String d(java.util.Map)>	sig:$r6 = staticinvoke <java.net.URLEncoder: java.lang.String encode(java.lang.String,java.lang.String)>($r6, "UTF-8")	timediff:0
I/System.out(11059): body:<com.appsflyer.AppsFlyerLib: java.lang.String d(java.util.Map)>	sig:$r6 = staticinvoke <java.net.URLEncoder: java.lang.String encode(java.lang.String,java.lang.String)>($r6, "UTF-8")	timediff:0
I/System.out(11059): body:<com.appsflyer.AppsFlyerLib: java.lang.String d(java.util.Map)>	sig:$r6 = staticinvoke <java.net.URLEncoder: java.lang.String encode(java.lang.String,java.lang.String)>($r6, "UTF-8")	timediff:0
I/System.out(11059): body:<com.appsflyer.AppsFlyerLib: java.lang.String d(java.util.Map)>	sig:$r6 = staticinvoke <java.net.URLEncoder: java.lang.String encode(java.lang.String,java.lang.String)>($r6, "UTF-8")	timediff:0
I/System.out(11059): body:<com.appsflyer.AppsFlyerLib: java.lang.String d(java.util.Map)>	sig:$r6 = staticinvoke <java.net.URLEncoder: java.lang.String encode(java.lang.String,java.lang.String)>($r6, "UTF-8")	timediff:0
I/System.out(11059): body:<com.appsflyer.AppsFlyerLib: java.lang.String d(java.util.Map)>	sig:$r6 = staticinvoke <java.net.URLEncoder: java.lang.String encode(java.lang.String,java.lang.String)>($r6, "UTF-8")	timediff:0
I/System.out(11059): body:<com.appsflyer.AppsFlyerLib: java.lang.String d(java.util.Map)>	sig:$r6 = staticinvoke <java.net.URLEncoder: java.lang.String encode(java.lang.String,java.lang.String)>($r6, "UTF-8")	timediff:0
I/System.out(11059): body:<com.appsflyer.AppsFlyerLib: java.lang.String d(java.util.Map)>	sig:$r6 = staticinvoke <java.net.URLEncoder: java.lang.String encode(java.lang.String,java.lang.String)>($r6, "UTF-8")	timediff:0
I/System.out(11059): body:<com.appsflyer.AppsFlyerLib: void b(java.lang.String,java.lang.String,java.lang.String,java.lang.ref.WeakReference,java.lang.String,java.lang.String,boolean)>	sig:specialinvoke $r6.<java.net.URL: void <init>(java.lang.String)>($r0)	timediff:0
I/System.out(11059): <com.appsflyer.AppsFlyerLib: void b(java.lang.String,java.lang.String,java.lang.String,java.lang.ref.WeakReference,java.lang.String,java.lang.String,boolean)>###specialinvoke $r6.<java.net.URL: void <init>(java.lang.String)>($r0)###https://t.appsflyer.com/api/v2.3/androidevent?buildnumber=1.18&app_id=com.wsandroid.suite
I/System.out(11059): body:<com.appsflyer.AppsFlyerLib: void b(java.lang.String,java.lang.String,java.lang.String,java.lang.ref.WeakReference,java.lang.String,java.lang.String,boolean)>	sig:$r10 = virtualinvoke $r6.<java.net.URL: java.lang.String toString()>()	timediff:0
I/AppsFlyer_1.18-571581880(11059): url: https://t.appsflyer.com/api/v2.3/androidevent?buildnumber=1.18&app_id=com.wsandroid.suite
I/System.out(11059): body:<com.appsflyer.AppsFlyerLib: void b(java.lang.String,java.lang.String,java.lang.String,java.lang.ref.WeakReference,java.lang.String,java.lang.String,boolean)>	sig:$r10 = virtualinvoke $r6.<java.net.URL: java.lang.String toString()>()	timediff:0
I/AppsFlyer_(11059): data: uid=1523571569970-4302206515434604609&model=SM-G955N&af_v=6aeb584dfd8c8e32e7b757f17842717dbdd108d5&app_version_code=4710853&af_preinstalled=false&lang=English&network=WIFI&currency=USD&firstLaunchDate=2018-04-12_0319-0700&installDate=2018-04-12_0319-0700&deviceType=user&date2=2018-04-12_0319-0700&carrier=T-Mobile&iaecounter=1&advertiserIdEnabled=true&sdk=19&timepassedsincelastlaunch=0&dkh=QRG2iSnH&date1=2018-04-12_0319-0700&appsflyerKey=QR****************pken&counter=1&operator=T-Mobile&country=US&isFirstCall=true&product=SM-G955N&af_timestamp=1523571581880&device=dream2lteks&deviceTrackingDisabled=true&brand=samsung&app_version_name=4.7.1.853&lang_code=en&advertiserId=3ae8f2f4-1b58-4ed6-816b-3ee6c7e3745e
I/System.out(11059): body:<com.appsflyer.AppsFlyerLib: void a(java.net.URL,java.lang.String,java.lang.String,java.lang.ref.WeakReference,java.lang.String,java.lang.String,boolean)>	sig:$r9 = virtualinvoke $r0.<java.net.URL: java.net.URLConnection openConnection()>()	timediff:7
I/System.out(11059): body:<com.appsflyer.AppsFlyerLib: void a(java.net.URL,java.lang.String,java.lang.String,java.lang.ref.WeakReference,java.lang.String,java.lang.String,boolean)>	sig:virtualinvoke $r10.<java.net.HttpURLConnection: void setRequestMethod(java.lang.String)>("POST")	timediff:0
I/System.out(11059): body:<com.appsflyer.AppsFlyerLib: void a(java.net.URL,java.lang.String,java.lang.String,java.lang.ref.WeakReference,java.lang.String,java.lang.String,boolean)>	sig:virtualinvoke $r10.<java.net.HttpURLConnection: void setRequestProperty(java.lang.String,java.lang.String)>("Content-Length", $r12)	timediff:0
I/System.out(11059): body:<com.appsflyer.AppsFlyerLib: void a(java.net.URL,java.lang.String,java.lang.String,java.lang.ref.WeakReference,java.lang.String,java.lang.String,boolean)>	sig:virtualinvoke $r10.<java.net.HttpURLConnection: void setRequestProperty(java.lang.String,java.lang.String)>("Connection", "close")	timediff:0
I/System.out(11059): body:<com.appsflyer.AppsFlyerLib: void a(java.net.URL,java.lang.String,java.lang.String,java.lang.ref.WeakReference,java.lang.String,java.lang.String,boolean)>	sig:virtualinvoke $r10.<java.net.HttpURLConnection: void setConnectTimeout(int)>(10000)	timediff:0
I/System.out(11059): body:<com.appsflyer.AppsFlyerLib: void a(java.net.URL,java.lang.String,java.lang.String,java.lang.ref.WeakReference,java.lang.String,java.lang.String,boolean)>	sig:virtualinvoke $r10.<java.net.HttpURLConnection: void setDoOutput(boolean)>(1)	timediff:0
I/System.out(11059): body:<com.mcafee.network.d: java.util.List a(java.net.URI)>	sig:$r2 = virtualinvoke $r3.<java.net.ProxySelector: java.util.List select(java.net.URI)>($r1)	timediff:0
I/System.out(11059): body:<com.facebook.Request: java.net.HttpURLConnection createConnection(java.net.URL)>	sig:$r1 = virtualinvoke $r0.<java.net.URL: java.net.URLConnection openConnection()>()	timediff:26
I/System.out(11059): body:<com.facebook.Request: java.net.HttpURLConnection createConnection(java.net.URL)>	sig:$r1 = virtualinvoke $r0.<java.net.URL: java.net.URLConnection openConnection()>()	timediff:26
I/System.out(11059): body:<com.facebook.Request: java.net.HttpURLConnection createConnection(java.net.URL)>	sig:virtualinvoke $r2.<java.net.HttpURLConnection: void setRequestProperty(java.lang.String,java.lang.String)>("User-Agent", $r3)	timediff:0
I/System.out(11059): body:<com.facebook.Request: java.net.HttpURLConnection createConnection(java.net.URL)>	sig:virtualinvoke $r2.<java.net.HttpURLConnection: void setRequestProperty(java.lang.String,java.lang.String)>("Content-Type", $r3)	timediff:0
I/System.out(11059): body:<com.facebook.Request: java.net.HttpURLConnection createConnection(java.net.URL)>	sig:virtualinvoke $r2.<java.net.HttpURLConnection: void setChunkedStreamingMode(int)>(0)	timediff:0
I/System.out(11059): body:<com.facebook.Request: void serializeToUrlConnection(com.facebook.RequestBatch,java.net.HttpURLConnection)>	sig:virtualinvoke $r1.<java.net.HttpURLConnection: void setRequestMethod(java.lang.String)>($r6)	timediff:0
I/System.out(11059): body:<com.facebook.Request: void serializeToUrlConnection(com.facebook.RequestBatch,java.net.HttpURLConnection)>	sig:$r7 = virtualinvoke $r1.<java.net.HttpURLConnection: java.net.URL getURL()>()	timediff:0
I/System.out(11059): body:<com.facebook.Request: void serializeToUrlConnection(com.facebook.RequestBatch,java.net.HttpURLConnection)>	sig:$r6 = virtualinvoke $r1.<java.net.HttpURLConnection: java.lang.String getRequestMethod()>()	timediff:0
I/System.out(11059): body:<com.facebook.Request: void serializeToUrlConnection(com.facebook.RequestBatch,java.net.HttpURLConnection)>	sig:$r6 = virtualinvoke $r1.<java.net.HttpURLConnection: java.lang.String getRequestProperty(java.lang.String)>("User-Agent")	timediff:0
I/System.out(11059): body:<com.facebook.Request: void serializeToUrlConnection(com.facebook.RequestBatch,java.net.HttpURLConnection)>	sig:$r6 = virtualinvoke $r1.<java.net.HttpURLConnection: java.lang.String getRequestProperty(java.lang.String)>("Content-Type")	timediff:0
I/System.out(11059): body:<com.facebook.Request: void serializeToUrlConnection(com.facebook.RequestBatch,java.net.HttpURLConnection)>	sig:virtualinvoke $r1.<java.net.HttpURLConnection: void setConnectTimeout(int)>($i1)	timediff:0
I/System.out(11059): body:<com.facebook.Request: void serializeToUrlConnection(com.facebook.RequestBatch,java.net.HttpURLConnection)>	sig:virtualinvoke $r1.<java.net.HttpURLConnection: void setReadTimeout(int)>($i1)	timediff:0
I/System.out(11059): body:<com.mcafee.network.d: java.util.List a(java.net.URI)>	sig:$r2 = virtualinvoke $r3.<java.net.ProxySelector: java.util.List select(java.net.URI)>($r1)	timediff:0
I/System.out(11059): body:<com.facebook.Request: java.net.HttpURLConnection createConnection(java.net.URL)>	sig:virtualinvoke $r2.<java.net.HttpURLConnection: void setRequestProperty(java.lang.String,java.lang.String)>("User-Agent", $r3)	timediff:0
I/System.out(11059): body:<com.facebook.Request: java.net.HttpURLConnection createConnection(java.net.URL)>	sig:virtualinvoke $r2.<java.net.HttpURLConnection: void setRequestProperty(java.lang.String,java.lang.String)>("Content-Type", $r3)	timediff:0
I/System.out(11059): body:<com.facebook.Request: java.net.HttpURLConnection createConnection(java.net.URL)>	sig:virtualinvoke $r2.<java.net.HttpURLConnection: void setChunkedStreamingMode(int)>(0)	timediff:0
I/System.out(11059): body:<com.facebook.Request: void serializeToUrlConnection(com.facebook.RequestBatch,java.net.HttpURLConnection)>	sig:virtualinvoke $r1.<java.net.HttpURLConnection: void setRequestMethod(java.lang.String)>($r6)	timediff:0
I/System.out(11059): body:<com.facebook.Request: void serializeToUrlConnection(com.facebook.RequestBatch,java.net.HttpURLConnection)>	sig:$r7 = virtualinvoke $r1.<java.net.HttpURLConnection: java.net.URL getURL()>()	timediff:0
I/System.out(11059): body:<com.facebook.Request: void serializeToUrlConnection(com.facebook.RequestBatch,java.net.HttpURLConnection)>	sig:$r6 = virtualinvoke $r1.<java.net.HttpURLConnection: java.lang.String getRequestMethod()>()	timediff:0
I/System.out(11059): body:<com.facebook.Request: void serializeToUrlConnection(com.facebook.RequestBatch,java.net.HttpURLConnection)>	sig:$r6 = virtualinvoke $r1.<java.net.HttpURLConnection: java.lang.String getRequestProperty(java.lang.String)>("User-Agent")	timediff:0
I/System.out(11059): body:<com.facebook.Request: void serializeToUrlConnection(com.facebook.RequestBatch,java.net.HttpURLConnection)>	sig:$r6 = virtualinvoke $r1.<java.net.HttpURLConnection: java.lang.String getRequestProperty(java.lang.String)>("Content-Type")	timediff:0
I/System.out(11059): body:<com.facebook.Request: void serializeToUrlConnection(com.facebook.RequestBatch,java.net.HttpURLConnection)>	sig:virtualinvoke $r1.<java.net.HttpURLConnection: void setConnectTimeout(int)>($i1)	timediff:0
I/System.out(11059): body:<com.facebook.Request: void serializeToUrlConnection(com.facebook.RequestBatch,java.net.HttpURLConnection)>	sig:virtualinvoke $r1.<java.net.HttpURLConnection: void setReadTimeout(int)>($i1)	timediff:0
I/System.out(11059): body:<com.mcafee.network.d: java.util.List a(java.net.URI)>	sig:$r2 = virtualinvoke $r3.<java.net.ProxySelector: java.util.List select(java.net.URI)>($r1)	timediff:0
I/System.out(11059): body:<com.facebook.Response: java.util.List fromHttpConnection(java.net.HttpURLConnection,com.facebook.RequestBatch)>	sig:$i0 = virtualinvoke $r0.<java.net.HttpURLConnection: int getResponseCode()>()	timediff:76
I/System.out(11059): body:<com.facebook.Response: java.util.List fromHttpConnection(java.net.HttpURLConnection,com.facebook.RequestBatch)>	sig:$r8 = virtualinvoke $r0.<java.net.HttpURLConnection: java.io.InputStream getInputStream()>()	timediff:0
I/System.out(11059): body:<empirical.HelperClass: void printURLInfo(java.lang.String,java.lang.String,java.net.URLConnection)>	sig:$r0 = virtualinvoke urlConnection.<java.net.URLConnection: java.net.URL getURL()>()	timediff:0
I/System.out(11059): body:<empirical.HelperClass: void printURLInfo(java.lang.String,java.lang.String,java.net.URLConnection)>	sig:urlString = virtualinvoke $r0.<java.net.URL: java.lang.String toString()>()	timediff:0
I/System.out(11059): body:<empirical.HelperClass: void printURLInfo(java.lang.String,java.lang.String,java.net.URLConnection)>	sig:isDoOutput = virtualinvoke urlConnection.<java.net.URLConnection: boolean getDoOutput()>()	timediff:0
I/System.out(11059): body:<empirical.HelperClass: java.lang.String getHeaderField(java.net.URLConnection,java.lang.String)>	sig:data = virtualinvoke conn.<java.net.URLConnection: java.lang.String getHeaderField(java.lang.String)>(field)	timediff:0
I/System.out(11059): body:<empirical.HelperClass: java.lang.String getHeaderField(java.net.URLConnection,java.lang.String)>	sig:data = virtualinvoke conn.<java.net.URLConnection: java.lang.String getHeaderField(java.lang.String)>(field)	timediff:0
I/System.out(11059): body:<empirical.HelperClass: java.lang.String getHeaderField(java.net.URLConnection,java.lang.String)>	sig:data = virtualinvoke conn.<java.net.URLConnection: java.lang.String getHeaderField(java.lang.String)>(field)	timediff:0
I/System.out(11059): body:<empirical.HelperClass: java.lang.String getHeaderField(java.net.URLConnection,java.lang.String)>	sig:data = virtualinvoke conn.<java.net.URLConnection: java.lang.String getHeaderField(java.lang.String)>(field)	timediff:0
I/System.out(11059): body:<empirical.HelperClass: java.lang.String getHeaderField(java.net.URLConnection,java.lang.String)>	sig:data = virtualinvoke conn.<java.net.URLConnection: java.lang.String getHeaderField(java.lang.String)>(field)	timediff:0
I/System.out(11059): URLConn;%;0;%;<com.facebook.Response: java.util.List fromHttpConnection(java.net.HttpURLConnection,com.facebook.RequestBatch)>;%;$r8 = virtualinvoke $r0.<java.net.HttpURLConnection: java.io.InputStream getInputStream()>();%;https://graph.facebook.com/131718076998959?fields=supports_attribution%2Csupports_implicit_sdk_logging&format=json&sdk=android;%;false;%;89;%;private, no-cache, no-store, must-revalidate;%;Sat, 01 Jan 2000 00:00:00 GMT;%;Not found;%;Not found
I/System.out(11059): body:<com.facebook.Response: java.util.List fromHttpConnection(java.net.HttpURLConnection,com.facebook.RequestBatch)>	sig:$i0 = virtualinvoke $r0.<java.net.HttpURLConnection: int getResponseCode()>()	timediff:80
I/System.out(11059): body:<com.facebook.Response: java.util.List fromHttpConnection(java.net.HttpURLConnection,com.facebook.RequestBatch)>	sig:$r8 = virtualinvoke $r0.<java.net.HttpURLConnection: java.io.InputStream getInputStream()>()	timediff:0
I/System.out(11059): body:<empirical.HelperClass: void printURLInfo(java.lang.String,java.lang.String,java.net.URLConnection)>	sig:$r0 = virtualinvoke urlConnection.<java.net.URLConnection: java.net.URL getURL()>()	timediff:0
I/System.out(11059): body:<empirical.HelperClass: void printURLInfo(java.lang.String,java.lang.String,java.net.URLConnection)>	sig:urlString = virtualinvoke $r0.<java.net.URL: java.lang.String toString()>()	timediff:0
I/System.out(11059): body:<empirical.HelperClass: void printURLInfo(java.lang.String,java.lang.String,java.net.URLConnection)>	sig:isDoOutput = virtualinvoke urlConnection.<java.net.URLConnection: boolean getDoOutput()>()	timediff:0
I/System.out(11059): body:<empirical.HelperClass: java.lang.String getHeaderField(java.net.URLConnection,java.lang.String)>	sig:data = virtualinvoke conn.<java.net.URLConnection: java.lang.String getHeaderField(java.lang.String)>(field)	timediff:0
I/System.out(11059): body:<empirical.HelperClass: java.lang.String getHeaderField(java.net.URLConnection,java.lang.String)>	sig:data = virtualinvoke conn.<java.net.URLConnection: java.lang.String getHeaderField(java.lang.String)>(field)	timediff:0
I/System.out(11059): body:<empirical.HelperClass: java.lang.String getHeaderField(java.net.URLConnection,java.lang.String)>	sig:data = virtualinvoke conn.<java.net.URLConnection: java.lang.String getHeaderField(java.lang.String)>(field)	timediff:0
I/System.out(11059): body:<empirical.HelperClass: java.lang.String getHeaderField(java.net.URLConnection,java.lang.String)>	sig:data = virtualinvoke conn.<java.net.URLConnection: java.lang.String getHeaderField(java.lang.String)>(field)	timediff:0
I/System.out(11059): body:<empirical.HelperClass: java.lang.String getHeaderField(java.net.URLConnection,java.lang.String)>	sig:data = virtualinvoke conn.<java.net.URLConnection: java.lang.String getHeaderField(java.lang.String)>(field)	timediff:0
I/System.out(11059): URLConn;%;1;%;<com.facebook.Response: java.util.List fromHttpConnection(java.net.HttpURLConnection,com.facebook.RequestBatch)>;%;$r8 = virtualinvoke $r0.<java.net.HttpURLConnection: java.io.InputStream getInputStream()>();%;https://graph.facebook.com/131718076998959?fields=supports_attribution%2Csupports_implicit_sdk_logging&format=json&sdk=android;%;false;%;89;%;private, no-cache, no-store, must-revalidate;%;Sat, 01 Jan 2000 00:00:00 GMT;%;Not found;%;Not found
I/System.out(11059): body:<com.facebook.Response: java.util.List createResponsesFromObject(java.net.HttpURLConnection,java.util.List,java.lang.Object,boolean)>	sig:$i2 = virtualinvoke $r0.<java.net.HttpURLConnection: int getResponseCode()>()	timediff:1
I/System.out(11059): body:<com.facebook.internal.Utility: void disconnectQuietly(java.net.URLConnection)>	sig:virtualinvoke $r1.<java.net.HttpURLConnection: void disconnect()>()	timediff:0
I/System.out(11059): body:<com.facebook.Request: java.net.HttpURLConnection toHttpConnection(com.facebook.RequestBatch)>	sig:specialinvoke $r3.<java.net.URL: void <init>(java.lang.String)>($r4)	timediff:0
I/System.out(11059): <com.facebook.Request: java.net.HttpURLConnection toHttpConnection(com.facebook.RequestBatch)>###specialinvoke $r3.<java.net.URL: void <init>(java.lang.String)>($r4)###https://graph.facebook.com/131718076998959/activities?access_token=&format=json&migration_bundle=fbsdk%3A20131203&sdk=android
I/System.out(11059): body:<com.facebook.Request: java.net.HttpURLConnection createConnection(java.net.URL)>	sig:$r1 = virtualinvoke $r0.<java.net.URL: java.net.URLConnection openConnection()>()	timediff:0
I/System.out(11059): body:<com.facebook.Request: java.net.HttpURLConnection createConnection(java.net.URL)>	sig:virtualinvoke $r2.<java.net.HttpURLConnection: void setRequestProperty(java.lang.String,java.lang.String)>("User-Agent", $r3)	timediff:0
I/System.out(11059): body:<com.facebook.Request: java.net.HttpURLConnection createConnection(java.net.URL)>	sig:virtualinvoke $r2.<java.net.HttpURLConnection: void setRequestProperty(java.lang.String,java.lang.String)>("Content-Type", $r3)	timediff:0
I/System.out(11059): body:<com.facebook.Request: java.net.HttpURLConnection createConnection(java.net.URL)>	sig:virtualinvoke $r2.<java.net.HttpURLConnection: void setChunkedStreamingMode(int)>(0)	timediff:0
I/System.out(11059): body:<com.facebook.Request: void serializeToUrlConnection(com.facebook.RequestBatch,java.net.HttpURLConnection)>	sig:virtualinvoke $r1.<java.net.HttpURLConnection: void setRequestMethod(java.lang.String)>($r6)	timediff:0
I/System.out(11059): body:<com.facebook.Request: void serializeToUrlConnection(com.facebook.RequestBatch,java.net.HttpURLConnection)>	sig:$r7 = virtualinvoke $r1.<java.net.HttpURLConnection: java.net.URL getURL()>()	timediff:0
I/System.out(11059): body:<com.facebook.Request: void serializeToUrlConnection(com.facebook.RequestBatch,java.net.HttpURLConnection)>	sig:$r6 = virtualinvoke $r1.<java.net.HttpURLConnection: java.lang.String getRequestMethod()>()	timediff:0
I/System.out(11059): body:<com.facebook.Request: void serializeToUrlConnection(com.facebook.RequestBatch,java.net.HttpURLConnection)>	sig:$r6 = virtualinvoke $r1.<java.net.HttpURLConnection: java.lang.String getRequestProperty(java.lang.String)>("User-Agent")	timediff:0
I/System.out(11059): body:<com.facebook.Request: void serializeToUrlConnection(com.facebook.RequestBatch,java.net.HttpURLConnection)>	sig:$r6 = virtualinvoke $r1.<java.net.HttpURLConnection: java.lang.String getRequestProperty(java.lang.String)>("Content-Type")	timediff:0
I/System.out(11059): body:<com.facebook.Request: void serializeToUrlConnection(com.facebook.RequestBatch,java.net.HttpURLConnection)>	sig:virtualinvoke $r1.<java.net.HttpURLConnection: void setConnectTimeout(int)>($i1)	timediff:0
I/System.out(11059): body:<com.facebook.Request: void serializeToUrlConnection(com.facebook.RequestBatch,java.net.HttpURLConnection)>	sig:virtualinvoke $r1.<java.net.HttpURLConnection: void setReadTimeout(int)>($i1)	timediff:0
I/System.out(11059): body:<com.facebook.Request: void serializeToUrlConnection(com.facebook.RequestBatch,java.net.HttpURLConnection)>	sig:virtualinvoke $r1.<java.net.HttpURLConnection: void setDoOutput(boolean)>(1)	timediff:0
I/System.out(11059): body:<com.mcafee.network.d: java.util.List a(java.net.URI)>	sig:$r2 = virtualinvoke $r3.<java.net.ProxySelector: java.util.List select(java.net.URI)>($r1)	timediff:0
I/System.out(11059): body:<com.facebook.Response: java.util.List createResponsesFromObject(java.net.HttpURLConnection,java.util.List,java.lang.Object,boolean)>	sig:$i2 = virtualinvoke $r0.<java.net.HttpURLConnection: int getResponseCode()>()	timediff:0
I/System.out(11059): body:<com.facebook.internal.Utility: void disconnectQuietly(java.net.URLConnection)>	sig:virtualinvoke $r1.<java.net.HttpURLConnection: void disconnect()>()	timediff:0
D/dalvikvm(11059): GC_CONCURRENT freed 960K, 15% free 5795K/6816K, paused 1ms+1ms, total 7ms
I/System.out(11059): body:<com.facebook.Request: void serializeToUrlConnection(com.facebook.RequestBatch,java.net.HttpURLConnection)>	sig:$r10 = virtualinvoke $r1.<java.net.HttpURLConnection: java.io.OutputStream getOutputStream()>()	timediff:10
I/System.out(11059): body:<com.facebook.Request: void serializeToUrlConnection(com.facebook.RequestBatch,java.net.HttpURLConnection)>	sig:$r6 = virtualinvoke $r7.<java.net.URL: java.lang.String getPath()>()	timediff:0
W/DebugConnManager(11059): getNetworkInfo() on networkType 0
I/ActivityManager(  496): START u0 {act=android.intent.action.MAIN cat=[android.intent.category.LAUNCHER] flg=0x10200000 cmp=com.wsandroid.suite/com.mcafee.app.LauncherDelegateActivity} from pid 10874
