I/System.out(28295): body:<com.microsoft.applications.telemetry.http.WrappedHttpRequest$SendRequestTask: void run()>	sig:$r11 = virtualinvoke $r5.<java.net.URI: java.lang.String getScheme()>()	timediff:0
I/System.out(28295): body:<com.microsoft.applications.telemetry.http.WrappedHttpRequest$SendRequestTask: void run()>	sig:$r10 = virtualinvoke $r5.<java.net.URI: java.lang.String toASCIIString()>()	timediff:0
D/WrappedHttpRequest(28295): Send url:https://pipe.skype.com/Collector/3.0/|port:443|scheme:https
V/InputMethodService(  626): onEvaluateInputViewShown: config.hardKeyboardHidden = 1
W/ContextImpl(  470): Calling a method in the system process without a qualified user: android.app.ContextImpl.sendBroadcast:1123 com.android.server.InputMethodManagerService.showCurrentInputLocked:1791 com.android.server.InputMethodManagerService.attachNewInputLocked:1095 com.android.server.InputMethodManagerService.startInputUncheckedLocked:1166 com.android.server.InputMethodManagerService.startInputLocked:1128 
V/BaseInstrumentedActivity(28295): onStop
V/LogManager(28295): getLogger
V/Logger  (28295): logAppLifeCycle|appState: 3|properties: null
V/SettingsPage(28295): onStop
D/WrappedHttpRequest(28295): Processing the response
D/WrappedHttpRequest(28295): status:200|reason:OK
D/WrappedHttpRequest(28295): ResponseEntity|contentLength:0|data length:0
D/WrappedHttpRequest(28295): Native response callback with mCallback:0xffffffffb859d1b0|contentLength:0|statusCode:200
V/SendFeedbackActivity(28295): Send button clicked.
V/SendFeedbackActivity(28295): Comment box is empty. Displaying warning.
W/ViewRootImpl(28295): Dropping event due to no window focus: KeyEvent { action=ACTION_DOWN, keyCode=KEYCODE_DPAD_LEFT, scanCode=0, metaState=0, flags=0x8, repeatCount=0, eventTime=1576031, downTime=1576031, deviceId=-1, source=0x101 }
W/EGL_emulation(28295): eglSurfaceAttrib not implemented 3093 12436
V/InputMethodService(  626): onEvaluateInputViewShown: config.hardKeyboardHidden = 1
V/InputMethodService(  626): onEvaluateInputViewShown: config.hardKeyboardHidden = 1
W/ContextImpl(  470): Calling a method in the system process without a qualified user: android.app.ContextImpl.sendBroadcast:1123 com.android.server.InputMethodManagerService.showCurrentInputLocked:1791 com.android.server.InputMethodManagerService.attachNewInputLocked:1095 com.android.server.InputMethodManagerService.startInputUncheckedLocked:1166 com.android.server.InputMethodManagerService.startInputLocked:1128 
W/ContextImpl(  470): Calling a method in the system process without a qualified user: android.app.ContextImpl.sendBroadcast:1123 com.android.server.InputMethodManagerService.showCurrentInputLocked:1791 com.android.server.InputMethodManagerService.showSoftInput:1753 com.android.internal.view.IInputMethodManager$Stub.onTransact:175 com.android.server.InputMethodManagerService.onTransact:818 
W/ViewRootImpl(28295): Dropping event due to no window focus: KeyEvent { action=ACTION_DOWN, keyCode=KEYCODE_MENU, scanCode=0, metaState=0, flags=0x8, repeatCount=0, eventTime=1576041, downTime=1576041, deviceId=-1, source=0x101 }
W/ViewRootImpl(28295): Dropping event due to no window focus: KeyEvent { action=ACTION_DOWN, keyCode=KEYCODE_DPAD_CENTER, scanCode=0, metaState=0, flags=0x8, repeatCount=0, eventTime=1576063, downTime=1576063, deviceId=-1, source=0x101 }
W/InputEventReceiver(28295): Attempted to finish an input event but the input event receiver has already been disposed.
W/InputEventReceiver(28295): Attempted to finish an input event but the input event receiver has already been disposed.
W/InputEventReceiver(28295): Attempted to finish an input event but the input event receiver has already been disposed.
W/InputEventReceiver(28295): Attempted to finish an input event but the input event receiver has already been disposed.
W/InputEventReceiver(28295): Attempted to finish an input event but the input event receiver has already been disposed.
W/InputEventReceiver(28295): Attempted to finish an input event but the input event receiver has already been disposed.
W/InputEventReceiver(28295): Attempted to finish an input event but the input event receiver has already been disposed.
W/InputEventReceiver(28295): Attempted to finish an input event but the input event receiver has already been disposed.
W/ViewRootImpl(28295): Dropping event due to root view being removed: MotionEvent { action=ACTION_POINTER_DOWN(1), id[0]=0, x[0]=267.03714, y[0]=571.3696, toolType[0]=TOOL_TYPE_UNKNOWN, id[1]=1, x[1]=54.0, y[1]=-163.0, toolType[1]=TOOL_TYPE_UNKNOWN, buttonState=0, metaState=0, flags=0x0, edgeFlags=0x0, pointerCount=2, historySize=0, eventTime=1576112, downTime=1576112, deviceId=0, source=0x1002 }
W/ViewRootImpl(28295): Dropping event due to root view being removed: MotionEvent { action=ACTION_MOVE, id[0]=0, x[0]=180.5543, y[0]=508.9049, toolType[0]=TOOL_TYPE_UNKNOWN, id[1]=1, x[1]=-15.675113, y[1]=-93.030945, toolType[1]=TOOL_TYPE_UNKNOWN, buttonState=0, metaState=0, flags=0x0, edgeFlags=0x0, pointerCount=2, historySize=7, eventTime=1576114, downTime=1576112, deviceId=0, source=0x1002 }
W/ViewRootImpl(28295): Dropping event due to root view being removed: MotionEvent { action=ACTION_POINTER_UP(1), id[0]=0, x[0]=177.66766, y[0]=496.31348, toolType[0]=TOOL_TYPE_UNKNOWN, id[1]=1, x[1]=-15.786608, y[1]=-79.61548, toolType[1]=TOOL_TYPE_UNKNOWN, buttonState=0, metaState=0, flags=0x0, edgeFlags=0x0, pointerCount=2, historySize=0, eventTime=1576114, downTime=1576112, deviceId=0, source=0x1002 }
W/ViewRootImpl(28295): Dropping event due to root view being removed: MotionEvent { action=ACTION_UP, id[0]=0, x[0]=158.14288, y[0]=492.33862, toolType[0]=TOOL_TYPE_UNKNOWN, buttonState=0, metaState=0, flags=0x0, edgeFlags=0x0, pointerCount=1, historySize=0, eventTime=1576114, downTime=1576112, deviceId=0, source=0x1002 }
W/ViewRootImpl(28295): Dropping event due to root view being removed: MotionEvent { action=ACTION_DOWN, id[0]=0, x[0]=208.0, y[0]=231.0, toolType[0]=TOOL_TYPE_UNKNOWN, buttonState=0, metaState=0, flags=0x0, edgeFlags=0x0, pointerCount=1, historySize=0, eventTime=1576115, downTime=1576115, deviceId=0, source=0x1002 }
W/ViewRootImpl(28295): Dropping event due to root view being removed: MotionEvent { action=ACTION_MOVE, id[0]=0, x[0]=198.42203, y[0]=230.45422, toolType[0]=TOOL_TYPE_UNKNOWN, buttonState=0, metaState=0, flags=0x0, edgeFlags=0x0, pointerCount=1, historySize=0, eventTime=1576115, downTime=1576115, deviceId=0, source=0x1002 }
W/ViewRootImpl(28295): Dropping event due to root view being removed: MotionEvent { action=ACTION_UP, id[0]=0, x[0]=187.30399, y[0]=225.59326, toolType[0]=TOOL_TYPE_UNKNOWN, buttonState=0, metaState=0, flags=0x0, edgeFlags=0x0, pointerCount=1, historySize=0, eventTime=1576115, downTime=1576115, deviceId=0, source=0x1002 }
W/ViewRootImpl(28295): Dropping event due to no window focus: KeyEvent { action=ACTION_DOWN, keyCode=KEYCODE_MENU, scanCode=0, metaState=0, flags=0x8, repeatCount=0, eventTime=1576125, downTime=1576125, deviceId=-1, source=0x101 }
W/InputMethodManagerService(  470): Window already focused, ignoring focus gain of: com.android.internal.view.IInputMethodClient$Stub$Proxy@4ac19ba0 attribute=null, token = android.os.BinderProxy@4ae9c3bc
W/EGL_emulation(28295): eglSurfaceAttrib not implemented 3093 12436
W/EGL_emulation(28295): eglSurfaceAttrib not implemented 3093 12436
W/ViewRootImpl(28295): Dropping event due to no window focus: KeyEvent { action=ACTION_DOWN, keyCode=KEYCODE_DPAD_UP, scanCode=0, metaState=0, flags=0x8, repeatCount=0, eventTime=1576157, downTime=1576157, deviceId=-1, source=0x101 }
W/ContextImpl(  470): Calling a method in the system process without a qualified user: android.app.ContextImpl.sendBroadcast:1123 com.android.server.InputMethodManagerService.hideCurrentInputLocked:1880 com.android.server.InputMethodManagerService.windowGainedFocus:1968 com.android.internal.view.IInputMethodManager$Stub.onTransact:221 com.android.server.InputMethodManagerService.onTransact:818 
V/Utils   (28295): Selected feedback option: 2
W/InputEventReceiver(28295): Attempted to finish an input event but the input event receiver has already been disposed.
W/InputEventReceiver(28295): Attempted to finish an input event but the input event receiver has already been disposed.
I/ActivityManager(  470): START u0 {flg=0x2 cmp=com.microsoft.omeviewer/.SendFeedbackActivity (has extras)} from pid 28295
W/ViewRootImpl(28295): Dropping event due to root view being removed: MotionEvent { action=ACTION_UP, id[0]=0, x[0]=314.51703, y[0]=-221.40573, toolType[0]=TOOL_TYPE_UNKNOWN, buttonState=0, metaState=0, flags=0x0, edgeFlags=0x0, pointerCount=1, historySize=0, eventTime=1576243, downTime=1576242, deviceId=0, source=0x1002 }
V/LogManager(28295): getLogger
V/SendFeedbackActivity(28295): OnCreate
W/EGL_emulation(28295): eglSurfaceAttrib not implemented 3093 12436
V/InputMethodService(  626): onEvaluateInputViewShown: config.hardKeyboardHidden = 1
W/ViewRootImpl(28295): Dropping event due to no window focus: KeyEvent { action=ACTION_DOWN, keyCode=KEYCODE_DPAD_CENTER, scanCode=0, metaState=0, flags=0x8, repeatCount=0, eventTime=1576243, downTime=1576243, deviceId=-1, source=0x101 }
W/ContextImpl(  470): Calling a method in the system process without a qualified user: android.app.ContextImpl.sendBroadcast:1123 com.android.server.InputMethodManagerService.showCurrentInputLocked:1791 com.android.server.InputMethodManagerService.windowGainedFocus:1985 com.android.internal.view.IInputMethodManager$Stub.onTransact:221 com.android.server.InputMethodManagerService.onTransact:818 
I/ActivityManager(  470): Displayed com.microsoft.omeviewer/.SendFeedbackActivity: +113ms
V/InputMethodService(  626): onEvaluateInputViewShown: config.hardKeyboardHidden = 1
W/ContextImpl(  470): Calling a method in the system process without a qualified user: android.app.ContextImpl.sendBroadcast:1123 com.android.server.InputMethodManagerService.showCurrentInputLocked:1791 com.android.server.InputMethodManagerService.showSoftInput:1753 com.android.internal.view.IInputMethodManager$Stub.onTransact:175 com.android.server.InputMethodManagerService.onTransact:818 
V/InputMethodService(  626): onEvaluateInputViewShown: config.hardKeyboardHidden = 1
W/ContextImpl(  470): Calling a method in the system process without a qualified user: android.app.ContextImpl.sendBroadcast:1123 com.android.server.InputMethodManagerService.showCurrentInputLocked:1791 com.android.server.InputMethodManagerService.attachNewInputLocked:1095 com.android.server.InputMethodManagerService.startInputUncheckedLocked:1166 com.android.server.InputMethodManagerService.startInputLocked:1128 
V/FlingTracker(  528): computeCurrentVelocity warning: totalweight=0
V/FlingTracker(  528): java.lang.Throwable
V/FlingTracker(  528): 	at com.android.systemui.statusbar.phone.PanelView$FlingTracker.computeCurrentVelocity(PanelView.java:162)
V/FlingTracker(  528): 	at com.android.systemui.statusbar.phone.PanelView$3.onTouch(PanelView.java:462)
V/FlingTracker(  528): 	at android.view.View.dispatchTouchEvent(View.java:7701)
V/FlingTracker(  528): 	at com.android.systemui.statusbar.phone.NotificationPanelView.onTouchEvent(NotificationPanelView.java:138)
V/FlingTracker(  528): 	at com.android.systemui.statusbar.phone.PanelBar.onTouchEvent(PanelBar.java:130)
V/FlingTracker(  528): 	at com.android.systemui.statusbar.phone.PhoneStatusBarView.onTouchEvent(PhoneStatusBarView.java:201)
V/FlingTracker(  528): 	at android.view.View.dispatchTouchEvent(View.java:7706)
V/FlingTracker(  528): 	at android.view.ViewGroup.dispatchTransformedTouchEvent(ViewGroup.java:2210)
V/FlingTracker(  528): 	at android.view.ViewGroup.dispatchTouchEvent(ViewGroup.java:1945)
V/FlingTracker(  528): 	at android.view.ViewGroup.dispatchTransformedTouchEvent(ViewGroup.java:2216)
V/FlingTracker(  528): 	at android.view.ViewGroup.dispatchTouchEvent(ViewGroup.java:1959)
V/FlingTracker(  528): 	at android.view.View.dispatchPointerEvent(View.java:7886)
V/FlingTracker(  528): 	at android.view.ViewRootImpl$ViewPostImeInputStage.processPointerEvent(ViewRootImpl.java:3978)
V/FlingTracker(  528): 	at android.view.ViewRootImpl$ViewPostImeInputStage.onProcess(ViewRootImpl.java:3857)
V/FlingTracker(  528): 	at android.view.ViewRootImpl$InputStage.deliver(ViewRootImpl.java:3423)
V/FlingTracker(  528): 	at android.view.ViewRootImpl$InputStage.onDeliverToNext(ViewRootImpl.java:3473)
V/FlingTracker(  528): 	at android.view.ViewRootImpl$InputStage.forward(ViewRootImpl.java:3442)
V/FlingTracker(  528): 	at android.view.ViewRootImpl$AsyncInputStage.forward(ViewRootImpl.java:3549)
V/FlingTracker(  528): 	at android.view.ViewRootImpl$InputStage.apply(ViewRootImpl.java:3450)
V/FlingTracker(  528): 	at android.view.ViewRootImpl$AsyncInputStage.apply(ViewRootImpl.java:3606)
V/FlingTracker(  528): 	at android.view.ViewRootImpl$InputStage.deliver(ViewRootImpl.java:3423)
V/FlingTracker(  528): 	at android.view.ViewRootImpl$InputStage.onDeliverToNext(ViewRootImpl.java:3473)
V/FlingTracker(  528): 	at android.view.ViewRootImpl$InputStage.forward(ViewRootImpl.java:3442)
V/FlingTracker(  528): 	at android.view.ViewRootImpl$InputStage.apply(ViewRootImpl.java:3450)
V/FlingTracker(  528): 	at android.view.ViewRootImpl$InputStage.deliver(ViewRootImpl.java:3423)
V/FlingTracker(  528): 	at android.view.ViewRootImpl.deliverInputEvent(ViewRootImpl.java:5626)
V/FlingTracker(  528): 	at android.view.ViewRootImpl.doProcessInputEvents(ViewRootImpl.java:5606)
V/FlingTracker(  528): 	at android.view.ViewRootImpl.enqueueInputEvent(ViewRootImpl.java:5577)
V/FlingTracker(  528): 	at android.view.ViewRootImpl$WindowInputEventReceiver.onInputEvent(ViewRootImpl.java:5706)
V/FlingTracker(  528): 	at android.view.InputEventReceiver.dispatchInputEvent(InputEventReceiver.java:185)
V/FlingTracker(  528): 	at android.os.MessageQueue.nativePollOnce(Native Method)
V/FlingTracker(  528): 	at android.os.MessageQueue.next(MessageQueue.java:138)
V/FlingTracker(  528): 	at android.os.Looper.loop(Looper.java:123)
V/FlingTracker(  528): 	at android.app.ActivityThread.main(ActivityThread.java:5019)
V/FlingTracker(  528): 	at java.lang.reflect.Method.invokeNative(Native Method)
V/FlingTracker(  528): 	at java.lang.reflect.Method.invoke(Method.java:515)
V/FlingTracker(  528): 	at com.android.internal.os.ZygoteInit$MethodAndArgsCaller.run(ZygoteInit.java:779)
V/FlingTracker(  528): 	at com.android.internal.os.ZygoteInit.main(ZygoteInit.java:595)
V/FlingTracker(  528): 	at dalvik.system.NativeStart.main(Native Method)
V/PanelView(  528): animationTick called with dtms=0; nothing to do (h=0.0 v=0.0)
V/PanelView(  528): animationTick called with dtms=0; nothing to do (h=0.0 v=0.0)
V/InputMethodService(  626): onEvaluateInputViewShown: config.hardKeyboardHidden = 1
W/ContextImpl(  470): Calling a method in the system process without a qualified user: android.app.ContextImpl.sendBroadcast:1123 com.android.server.InputMethodManagerService.showCurrentInputLocked:1791 com.android.server.InputMethodManagerService.attachNewInputLocked:1095 com.android.server.InputMethodManagerService.startInputUncheckedLocked:1166 com.android.server.InputMethodManagerService.startInputLocked:1128 
W/InputManager(  470): Input event injection from pid 28285 failed.
W/InputManager(  470): Input event injection from pid 28285 failed.
W/InputManager(  470): Input event injection from pid 28285 failed.
W/InputManager(  470): Input event injection from pid 28285 failed.
W/EGL_emulation(28295): eglSurfaceAttrib not implemented 3093 12436
W/ContextImpl(  470): Calling a method in the system process without a qualified user: android.app.ContextImpl.sendBroadcast:1123 com.android.server.InputMethodManagerService.hideCurrentInputLocked:1880 com.android.server.InputMethodManagerService.windowGainedFocus:1968 com.android.internal.view.IInputMethodManager$Stub.onTransact:221 com.android.server.InputMethodManagerService.onTransact:818 
W/ViewRootImpl(28295): Dropping event due to no window focus: MotionEvent { action=ACTION_MOVE, id[0]=0, x[0]=-3.0, y[0]=-2.0, toolType[0]=TOOL_TYPE_UNKNOWN, buttonState=0, metaState=0, flags=0x0, edgeFlags=0x0, pointerCount=1, historySize=9, eventTime=1576582, downTime=-1, deviceId=0, source=0x10004 }
V/Settingspage(28295): Term button clicked
I/ActivityManager(  470): START u0 {cmp=com.microsoft.omeviewer/.TermsActivity} from pid 28295
W/ViewRootImpl(28295): Dropping event due to no window focus: MotionEvent { action=ACTION_MOVE, id[0]=0, x[0]=0.0, y[0]=1.0, toolType[0]=TOOL_TYPE_UNKNOWN, buttonState=0, metaState=0, flags=0x0, edgeFlags=0x0, pointerCount=1, historySize=9, eventTime=1576664, downTime=-1, deviceId=0, source=0x10004 }
D/dalvikvm(28295): GC_CONCURRENT freed 489K, 10% free 5655K/6220K, paused 0ms+1ms, total 5ms
V/EventProperties(28295): destroyNative: 0xffffffffb86e0d30
V/EventProperties(28295): destroyNative: 0xffffffffb866cec0
W/EGL_emulation(28295): eglSurfaceAttrib not implemented 3093 12436
W/ViewRootImpl(28295): Dropping event due to no window focus: KeyEvent { action=ACTION_DOWN, keyCode=KEYCODE_MENU, scanCode=0, metaState=0, flags=0x8, repeatCount=0, eventTime=1576664, downTime=1576664, deviceId=-1, source=0x101 }
W/ViewRootImpl(28295): Dropping event due to no window focus: KeyEvent { action=ACTION_DOWN, keyCode=KEYCODE_CALL, scanCode=0, metaState=0, flags=0x8, repeatCount=0, eventTime=1576730, downTime=1576730, deviceId=-1, source=0x101 }
I/ActivityManager(  470): Displayed com.microsoft.omeviewer/.TermsActivity: +96ms
W/ViewRootImpl(28295): Dropping event due to no window focus: KeyEvent { action=ACTION_DOWN, keyCode=KEYCODE_ALT_LEFT, scanCode=0, metaState=0, flags=0x8, repeatCount=0, eventTime=1576770, downTime=1576770, deviceId=-1, source=0x101 }
W/ViewRootImpl(28295): Dropping event due to no window focus: KeyEvent { action=ACTION_DOWN, keyCode=KEYCODE_DPAD_DOWN, scanCode=0, metaState=0, flags=0x8, repeatCount=0, eventTime=1576772, downTime=1576772, deviceId=-1, source=0x101 }
W/ContextImpl(  470): Calling a method in the system process without a qualified user: android.app.ContextImpl.sendBroadcast:1123 com.android.server.InputMethodManagerService.hideCurrentInputLocked:1880 com.android.server.InputMethodManagerService.windowGainedFocus:1968 com.android.internal.view.IInputMethodManager$Stub.onTransact:221 com.android.server.InputMethodManagerService.onTransact:818 
W/EGL_emulation(28295): eglSurfaceAttrib not implemented 3093 12436
W/ViewRootImpl(28295): Dropping event due to no window focus: KeyEvent { action=ACTION_DOWN, keyCode=KEYCODE_DPAD_RIGHT, scanCode=0, metaState=0, flags=0x8, repeatCount=0, eventTime=1576779, downTime=1576779, deviceId=-1, source=0x101 }
W/ContextImpl(  470): Calling a method in the system process without a qualified user: android.app.ContextImpl.sendBroadcast:1123 com.android.server.InputMethodManagerService.hideCurrentInputLocked:1880 com.android.server.InputMethodManagerService.windowGainedFocus:1968 com.android.internal.view.IInputMethodManager$Stub.onTransact:221 com.android.server.InputMethodManagerService.onTransact:818 
V/BaseInstrumentedActivity(28295): onStart
V/LogManager(28295): getLogger
V/Logger  (28295): logAppLifeCycle|appState: 4|properties: null
V/MessageViewer(28295): App is resumed
V/BaseInstrumentedActivity(28295): onResume
V/LogManager(28295): getLogger
V/Logger  (28295): logAppLifeCycle|appState: 5|properties: null
V/MessageViewer(28295): Cleaning up
V/MessageViewer(28295): Deleting file cache from previous uploads
D/HockeyApp(28295): Looking for exceptions in: /data/data/com.microsoft.omeviewer/files
D/HockeyApp(28295): Current handler class = net.hockeyapp.android.j
W/InputManager(  470): Input event injection from pid 28285 failed.
W/InputManager(  470): Input event injection from pid 28285 failed.
W/InputManager(  470): Input event injection from pid 28285 failed.
W/InputManager(  470): Input event injection from pid 28285 failed.
W/EGL_emulation(28295): eglSurfaceAttrib not implemented 3093 12436
W/ViewRootImpl(28295): Dropping event due to no window focus: KeyEvent { action=ACTION_DOWN, keyCode=KEYCODE_CTRL_LEFT, scanCode=0, metaState=0, flags=0x8, repeatCount=0, eventTime=1576890, downTime=1576890, deviceId=-1, source=0x101 }
W/ContextImpl(  470): Calling a method in the system process without a qualified user: android.app.ContextImpl.sendBroadcast:1123 com.android.server.InputMethodManagerService.hideCurrentInputLocked:1880 com.android.server.InputMethodManagerService.windowGainedFocus:1968 com.android.internal.view.IInputMethodManager$Stub.onTransact:221 com.android.server.InputMethodManagerService.onTransact:818 
W/ViewRootImpl(28295): Dropping event due to no window focus: KeyEvent { action=ACTION_DOWN, keyCode=KEYCODE_DPAD_DOWN, scanCode=0, metaState=0, flags=0x8, repeatCount=0, eventTime=1576918, downTime=1576918, deviceId=-1, source=0x101 }
W/EGL_emulation(28295): eglSurfaceAttrib not implemented 3093 12436
W/InputEventReceiver(28295): Attempted to finish an input event but the input event receiver has already been disposed.
V/SettingsPage(28295): onStop
W/InputMethodManagerService(  470): Window already focused, ignoring focus gain of: com.android.internal.view.IInputMethodClient$Stub$Proxy@4a997144 attribute=null, token = android.os.BinderProxy@4a9caa38
I/ActivityManager(  470): START u0 {act=android.intent.action.MAIN cat=[android.intent.category.LAUNCHER] flg=0x10200000 cmp=com.microsoft.omeviewer/.MessageViewer} from pid 28285
I/ActivityManager(  470): START u0 {act=android.intent.action.MAIN cat=[android.intent.category.LAUNCHER] flg=0x10200000 cmp=com.microsoft.omeviewer/.MessageViewer} from pid 28285
I/ActivityManager(  470): START u0 {act=android.intent.action.CALL_BUTTON flg=0x10000000} from pid 28295
W/PhoneFallbackEventHandler(28295): No activity found for android.intent.action.CALL_BUTTON.
V/MessageViewer(28295): App is paused.  Saving paused time to cache
V/BaseInstrumentedActivity(28295): onPause
V/LogManager(28295): getLogger
V/Logger  (28295): logAppLifeCycle|appState: 6|properties: null
V/MessageViewer(28295): onNewIntent
V/EventProperties(28295): Created EventProperties: 0xffffffffb86618f0
V/EventProperties(28295): setProperty|name: LaunchedBy|value: HomeScreen|piiKind: 0
V/EventProperties(28295): setProperty|name: State|value: onNewIntent|piiKind: 0
V/Logger  (28295): logEvent|properties: 0xffffffffb86618f0
V/EventProperties(28295): getName: AppLaunched
V/MessageViewer(28295): Relaunching app from app launcher
V/MessageViewer(28295): App is resumed
V/BaseInstrumentedActivity(28295): onResume
V/LogManager(28295): getLogger
V/Logger  (28295): logAppLifeCycle|appState: 5|properties: null
V/MessageViewer(28295): Cleaning up
V/MessageViewer(28295): Deleting file cache from previous uploads
D/HockeyApp(28295): Looking for exceptions in: /data/data/com.microsoft.omeviewer/files
D/HockeyApp(28295): Current handler class = net.hockeyapp.android.j
V/MessageViewer(28295): App is paused.  Saving paused time to cache
V/BaseInstrumentedActivity(28295): onPause
V/LogManager(28295): getLogger
V/Logger  (28295): logAppLifeCycle|appState: 6|properties: null
W/ViewRootImpl(28295): Dropping event due to no window focus: KeyEvent { action=ACTION_DOWN, keyCode=KEYCODE_DPAD_DOWN, scanCode=0, metaState=0, flags=0x8, repeatCount=0, eventTime=1577046, downTime=1577046, deviceId=-1, source=0x101 }
V/MessageViewer(28295): onNewIntent
V/EventProperties(28295): Created EventProperties: 0xffffffffb8683280
V/EventProperties(28295): setProperty|name: LaunchedBy|value: HomeScreen|piiKind: 0
V/EventProperties(28295): setProperty|name: State|value: onNewIntent|piiKind: 0
V/Logger  (28295): logEvent|properties: 0xffffffffb8683280
V/EventProperties(28295): getName: AppLaunched
V/MessageViewer(28295): Relaunching app from app launcher
V/MessageViewer(28295): App is resumed
V/BaseInstrumentedActivity(28295): onResume
V/LogManager(28295): getLogger
V/Logger  (28295): logAppLifeCycle|appState: 5|properties: null
V/MessageViewer(28295): Cleaning up
V/MessageViewer(28295): Deleting file cache from previous uploads
D/HockeyApp(28295): Looking for exceptions in: /data/data/com.microsoft.omeviewer/files
D/HockeyApp(28295): Current handler class = net.hockeyapp.android.j
W/ViewRootImpl(28295): Dropping event due to no window focus: KeyEvent { action=ACTION_DOWN, keyCode=KEYCODE_DPAD_RIGHT, scanCode=0, metaState=0, flags=0x8, repeatCount=0, eventTime=1577058, downTime=1577058, deviceId=-1, source=0x101 }
W/EGL_emulation(28295): eglSurfaceAttrib not implemented 3093 12436
V/EventProperties(28295): Created EventProperties: 0xffffffffb8710600
V/EventProperties(28295): setProperty|name: Type|value: FeedbackButton|piiKind: 0
V/EventProperties(28295): setProperty|name: From|value: MessageViewer|piiKind: 0
V/EventProperties(28295): setProperty|name: IsMessageLoaded|value: false|piiKind: 0
V/Logger  (28295): logEvent|properties: 0xffffffffb8710600
V/EventProperties(28295): getName: ButtonClicked
V/MessageViewer(28295): Going to Feedback page
V/Utils   (28295): Show feedback option dialog.
W/InputEventReceiver(28295): Attempted to finish an input event but the input event receiver has already been disposed.
W/InputEventReceiver(28295): Attempted to finish an input event but the input event receiver has already been disposed.
W/InputEventReceiver(28295): Attempted to finish an input event but the input event receiver has already been disposed.
W/InputEventReceiver(28295): Attempted to finish an input event but the input event receiver has already been disposed.
W/ViewRootImpl(28295): Dropping event due to root view being removed: KeyEvent { action=ACTION_DOWN, keyCode=KEYCODE_VOLUME_UP, scanCode=0, metaState=0, flags=0x8, repeatCount=0, eventTime=1577098, downTime=1577098, deviceId=-1, source=0x101 }
W/ViewRootImpl(28295): Dropping event due to root view being removed: KeyEvent { action=ACTION_UP, keyCode=KEYCODE_VOLUME_UP, scanCode=0, metaState=0, flags=0x28, repeatCount=0, eventTime=1577107, downTime=1577098, deviceId=-1, source=0x101 }
W/ViewRootImpl(28295): Dropping event due to root view being removed: MotionEvent { action=ACTION_DOWN, id[0]=0, x[0]=-298.0, y[0]=32.0, toolType[0]=TOOL_TYPE_UNKNOWN, buttonState=0, metaState=0, flags=0x0, edgeFlags=0x0, pointerCount=1, historySize=0, eventTime=1577107, downTime=1577107, deviceId=0, source=0x1002 }
W/ViewRootImpl(28295): Dropping event due to root view being removed: MotionEvent { action=ACTION_UP, id[0]=0, x[0]=-302.44946, y[0]=29.669144, toolType[0]=TOOL_TYPE_UNKNOWN, buttonState=0, metaState=0, flags=0x0, edgeFlags=0x0, pointerCount=1, historySize=0, eventTime=1577107, downTime=1577107, deviceId=0, source=0x1002 }
W/ViewRootImpl(28295): Dropping event due to no window focus: KeyEvent { action=ACTION_DOWN, keyCode=KEYCODE_DPAD_CENTER, scanCode=0, metaState=0, flags=0x8, repeatCount=0, eventTime=1577108, downTime=1577108, deviceId=-1, source=0x101 }
W/EGL_emulation(28295): eglSurfaceAttrib not implemented 3093 12436
V/Utils   (28295): Selected feedback option: 0
W/InputEventReceiver(28295): Attempted to finish an input event but the input event receiver has already been disposed.
I/ActivityManager(  470): START u0 {cmp=com.microsoft.omeviewer/.SendFeedbackActivity (has extras)} from pid 28295
V/MessageViewer(28295): App is paused.  Saving paused time to cache
V/BaseInstrumentedActivity(28295): onPause
V/LogManager(28295): getLogger
V/Logger  (28295): logAppLifeCycle|appState: 6|properties: null
V/LogManager(28295): getLogger
V/SendFeedbackActivity(28295): OnCreate
W/EGL_emulation(28295): eglSurfaceAttrib not implemented 3093 12436
V/InputMethodService(  626): onEvaluateInputViewShown: config.hardKeyboardHidden = 1
W/ViewRootImpl(28295): Dropping event due to no window focus: KeyEvent { action=ACTION_DOWN, keyCode=KEYCODE_W, scanCode=0, metaState=0, flags=0x8, repeatCount=0, eventTime=1577142, downTime=1577142, deviceId=-1, source=0x101 }
W/ContextImpl(  470): Calling a method in the system process without a qualified user: android.app.ContextImpl.sendBroadcast:1123 com.android.server.InputMethodManagerService.showCurrentInputLocked:1791 com.android.server.InputMethodManagerService.windowGainedFocus:1985 com.android.internal.view.IInputMethodManager$Stub.onTransact:221 com.android.server.InputMethodManagerService.onTransact:818 
I/ActivityManager(  470): Displayed com.microsoft.omeviewer/.SendFeedbackActivity: +73ms
V/InputMethodService(  626): onEvaluateInputViewShown: config.hardKeyboardHidden = 1
W/ContextImpl(  470): Calling a method in the system process without a qualified user: android.app.ContextImpl.sendBroadcast:1123 com.android.server.InputMethodManagerService.showCurrentInputLocked:1791 com.android.server.InputMethodManagerService.showSoftInput:1753 com.android.internal.view.IInputMethodManager$Stub.onTransact:175 com.android.server.InputMethodManagerService.onTransact:818 
V/InputMethodService(  626): onEvaluateInputViewShown: config.hardKeyboardHidden = 1
W/ContextImpl(  470): Calling a method in the system process without a qualified user: android.app.ContextImpl.sendBroadcast:1123 com.android.server.InputMethodManagerService.showCurrentInputLocked:1791 com.android.server.InputMethodManagerService.attachNewInputLocked:1095 com.android.server.InputMethodManagerService.startInputUncheckedLocked:1166 com.android.server.InputMethodManagerService.startInputLocked:1128 
V/InputMethodService(  626): onEvaluateInputViewShown: config.hardKeyboardHidden = 1
V/InputMethodService(  626): onEvaluateInputViewShown: config.hardKeyboardHidden = 1
W/ContextImpl(  470): Calling a method in the system process without a qualified user: android.app.ContextImpl.sendBroadcast:1123 com.android.server.InputMethodManagerService.showCurrentInputLocked:1791 com.android.server.InputMethodManagerService.attachNewInputLocked:1095 com.android.server.InputMethodManagerService.startInputUncheckedLocked:1166 com.android.server.InputMethodManagerService.startInputLocked:1128 
W/ContextImpl(  470): Calling a method in the system process without a qualified user: android.app.ContextImpl.sendBroadcast:1123 com.android.server.InputMethodManagerService.showCurrentInputLocked:1791 com.android.server.InputMethodManagerService.showSoftInput:1753 com.android.internal.view.IInputMethodManager$Stub.onTransact:175 com.android.server.InputMethodManagerService.onTransact:818 
V/InputMethodService(  626): onEvaluateInputViewShown: config.hardKeyboardHidden = 1
W/ContextImpl(  470): Calling a method in the system process without a qualified user: android.app.ContextImpl.sendBroadcast:1123 com.android.server.InputMethodManagerService.showCurrentInputLocked:1791 com.android.server.InputMethodManagerService.attachNewInputLocked:1095 com.android.server.InputMethodManagerService.startInputUncheckedLocked:1166 com.android.server.InputMethodManagerService.startInputLocked:1128 
V/InputMethodService(  626): onEvaluateInputViewShown: config.hardKeyboardHidden = 1
W/ContextImpl(  470): Calling a method in the system process without a qualified user: android.app.ContextImpl.sendBroadcast:1123 com.android.server.InputMethodManagerService.showCurrentInputLocked:1791 com.android.server.InputMethodManagerService.attachNewInputLocked:1095 com.android.server.InputMethodManagerService.startInputUncheckedLocked:1166 com.android.server.InputMethodManagerService.startInputLocked:1128 
V/SendFeedbackActivity(28295): Send button clicked.
V/SendFeedbackActivity(28295): Comment box is empty. Displaying warning.
W/ViewRootImpl(28295): Dropping event due to no window focus: KeyEvent { action=ACTION_DOWN, keyCode=KEYCODE_DPAD_DOWN, scanCode=0, metaState=0, flags=0x8, repeatCount=0, eventTime=1577489, downTime=1577489, deviceId=-1, source=0x101 }
W/ViewRootImpl(28295): Dropping event due to no window focus: KeyEvent { action=ACTION_DOWN, keyCode=KEYCODE_DPAD_CENTER, scanCode=0, metaState=0, flags=0x8, repeatCount=0, eventTime=1577494, downTime=1577494, deviceId=-1, source=0x101 }
W/ViewRootImpl(28295): Dropping event due to no window focus: KeyEvent { action=ACTION_DOWN, keyCode=KEYCODE_DPAD_CENTER, scanCode=0, metaState=0, flags=0x8, repeatCount=0, eventTime=1577496, downTime=1577496, deviceId=-1, source=0x101 }
V/InputMethodService(  626): onEvaluateInputViewShown: config.hardKeyboardHidden = 1
W/ContextImpl(  470): Calling a method in the system process without a qualified user: android.app.ContextImpl.sendBroadcast:1123 com.android.server.InputMethodManagerService.showCurrentInputLocked:1791 com.android.server.InputMethodManagerService.attachNewInputLocked:1095 com.android.server.InputMethodManagerService.startInputUncheckedLocked:1166 com.android.server.InputMethodManagerService.startInputLocked:1128 
W/EGL_emulation(28295): eglSurfaceAttrib not implemented 3093 12436
W/InputEventReceiver(28295): Attempted to finish an input event but the input event receiver has already been disposed.
W/InputEventReceiver(28295): Attempted to finish an input event but the input event receiver has already been disposed.
W/InputEventReceiver(28295): Attempted to finish an input event but the input event receiver has already been disposed.
W/ViewRootImpl(28295): Dropping event due to root view being removed: MotionEvent { action=ACTION_MOVE, id[0]=0, x[0]=65.99467, y[0]=-88.24106, toolType[0]=TOOL_TYPE_UNKNOWN, buttonState=0, metaState=0, flags=0x0, edgeFlags=0x0, pointerCount=1, historySize=8, eventTime=1577556, downTime=1577553, deviceId=0, source=0x1002 }
W/ViewRootImpl(28295): Dropping event due to root view being removed: MotionEvent { action=ACTION_UP, id[0]=0, x[0]=70.96283, y[0]=-98.23276, toolType[0]=TOOL_TYPE_UNKNOWN, buttonState=0, metaState=0, flags=0x0, edgeFlags=0x0, pointerCount=1, historySize=0, eventTime=1577556, downTime=1577553, deviceId=0, source=0x1002 }
W/ViewRootImpl(28295): Dropping event due to no window focus: KeyEvent { action=ACTION_DOWN, keyCode=KEYCODE_DPAD_RIGHT, scanCode=0, metaState=0, flags=0x8, repeatCount=0, eventTime=1577572, downTime=1577572, deviceId=-1, source=0x101 }
W/ViewRootImpl(28295): Dropping event due to no window focus: KeyEvent { action=ACTION_DOWN, keyCode=KEYCODE_Y, scanCode=0, metaState=0, flags=0x8, repeatCount=0, eventTime=1577579, downTime=1577579, deviceId=-1, source=0x101 }
V/InputMethodService(  626): onEvaluateInputViewShown: config.hardKeyboardHidden = 1
W/InputMethodManagerService(  470): Window already focused, ignoring focus gain of: com.android.internal.view.IInputMethodClient$Stub$Proxy@4a99ef00 attribute=android.view.inputmethod.EditorInfo@4a99ef08, token = android.os.BinderProxy@4af9bcb4
W/ContextImpl(  470): Calling a method in the system process without a qualified user: android.app.ContextImpl.sendBroadcast:1123 com.android.server.InputMethodManagerService.showCurrentInputLocked:1791 com.android.server.InputMethodManagerService.attachNewInputLocked:1095 com.android.server.InputMethodManagerService.startInputUncheckedLocked:1166 com.android.server.InputMethodManagerService.windowGainedFocus:1932 
V/InputMethodService(  626): onEvaluateInputViewShown: config.hardKeyboardHidden = 1
W/ContextImpl(  470): Calling a method in the system process without a qualified user: android.app.ContextImpl.sendBroadcast:1123 com.android.server.InputMethodManagerService.showCurrentInputLocked:1791 com.android.server.InputMethodManagerService.attachNewInputLocked:1095 com.android.server.InputMethodManagerService.startInputUncheckedLocked:1166 com.android.server.InputMethodManagerService.startInputLocked:1128 
V/MessageViewer(28295): App is resumed
V/BaseInstrumentedActivity(28295): onResume
V/LogManager(28295): getLogger
V/Logger  (28295): logAppLifeCycle|appState: 5|properties: null
V/MessageViewer(28295): Cleaning up
V/MessageViewer(28295): Deleting file cache from previous uploads
D/HockeyApp(28295): Looking for exceptions in: /data/data/com.microsoft.omeviewer/files
D/HockeyApp(28295): Current handler class = net.hockeyapp.android.j
W/InputManager(  470): Input event injection from pid 28285 failed.
W/InputManager(  470): Input event injection from pid 28285 failed.
W/InputManager(  470): Input event injection from pid 28285 failed.
W/InputManager(  470): Input event injection from pid 28285 failed.
I/ActivityManager(  470): START u0 {act=android.intent.action.MAIN cat=[android.intent.category.LAUNCHER] flg=0x10200000 cmp=com.microsoft.omeviewer/.MessageViewer} from pid 28285
W/EGL_emulation(28295): eglSurfaceAttrib not implemented 3093 12436
V/MessageViewer(28295): App is paused.  Saving paused time to cache
V/BaseInstrumentedActivity(28295): onPause
V/LogManager(28295): getLogger
V/Logger  (28295): logAppLifeCycle|appState: 6|properties: null
W/ViewRootImpl(28295): Dropping event due to no window focus: KeyEvent { action=ACTION_DOWN, keyCode=KEYCODE_DPAD_LEFT, scanCode=0, metaState=0, flags=0x8, repeatCount=0, eventTime=1577623, downTime=1577623, deviceId=-1, source=0x101 }
V/MessageViewer(28295): onNewIntent
V/EventProperties(28295): Created EventProperties: 0xffffffffb871c2a0
V/EventProperties(28295): setProperty|name: LaunchedBy|value: HomeScreen|piiKind: 0
V/EventProperties(28295): setProperty|name: State|value: onNewIntent|piiKind: 0
V/Logger  (28295): logEvent|properties: 0xffffffffb871c2a0
V/EventProperties(28295): getName: AppLaunched
V/MessageViewer(28295): Relaunching app from app launcher
V/MessageViewer(28295): App is resumed
V/BaseInstrumentedActivity(28295): onResume
V/LogManager(28295): getLogger
V/Logger  (28295): logAppLifeCycle|appState: 5|properties: null
V/MessageViewer(28295): Cleaning up
V/MessageViewer(28295): Deleting file cache from previous uploads
D/HockeyApp(28295): Looking for exceptions in: /data/data/com.microsoft.omeviewer/files
D/HockeyApp(28295): Current handler class = net.hockeyapp.android.j
W/ContextImpl(  470): Calling a method in the system process without a qualified user: android.app.ContextImpl.sendBroadcast:1123 com.android.server.InputMethodManagerService.hideCurrentInputLocked:1880 com.android.server.InputMethodManagerService.windowGainedFocus:1968 com.android.internal.view.IInputMethodManager$Stub.onTransact:221 com.android.server.InputMethodManagerService.onTransact:818 
D/dalvikvm(28295): GC_CONCURRENT freed 885K, 15% free 5613K/6584K, paused 1ms+1ms, total 7ms
V/EventProperties(28295): destroyNative: 0xffffffffb86618f0
V/EventProperties(28295): destroyNative: 0xffffffffb8683280
V/EventProperties(28295): destroyNative: 0xffffffffb8710600
V/EventProperties(28295): destroyNative: 0xffffffffb871c2a0
W/ViewRootImpl(28295): Dropping event due to no window focus: KeyEvent { action=ACTION_DOWN, keyCode=KEYCODE_DPAD_DOWN, scanCode=0, metaState=0, flags=0x8, repeatCount=0, eventTime=1577689, downTime=1577689, deviceId=-1, source=0x101 }
I/ActivityManager(  470): START u0 {act=android.intent.action.MAIN cat=[android.intent.category.LAUNCHER] flg=0x10200000 cmp=com.microsoft.omeviewer/.MessageViewer} from pid 28285
W/EGL_emulation(28295): eglSurfaceAttrib not implemented 3093 12436
W/ViewRootImpl(28295): Dropping event due to no window focus: KeyEvent { action=ACTION_DOWN, keyCode=KEYCODE_MEDIA_REWIND, scanCode=0, metaState=0, flags=0x8, repeatCount=0, eventTime=1577709, downTime=1577709, deviceId=-1, source=0x101 }
W/InputEventReceiver(28295): Attempted to finish an input event but the input event receiver has already been disposed.
W/InputEventReceiver(28295): Attempted to finish an input event but the input event receiver has already been disposed.
W/InputEventReceiver(28295): Attempted to finish an input event but the input event receiver has already been disposed.
V/MessageViewer(28295): App is paused.  Saving paused time to cache
V/BaseInstrumentedActivity(28295): onPause
V/LogManager(28295): getLogger
V/Logger  (28295): logAppLifeCycle|appState: 6|properties: null
V/MessageViewer(28295): onNewIntent
V/EventProperties(28295): Created EventProperties: 0xffffffffb86b3060
V/EventProperties(28295): setProperty|name: LaunchedBy|value: HomeScreen|piiKind: 0
V/EventProperties(28295): setProperty|name: State|value: onNewIntent|piiKind: 0
V/Logger  (28295): logEvent|properties: 0xffffffffb86b3060
V/EventProperties(28295): getName: AppLaunched
V/MessageViewer(28295): Relaunching app from app launcher
V/MessageViewer(28295): App is resumed
V/BaseInstrumentedActivity(28295): onResume
V/LogManager(28295): getLogger
V/Logger  (28295): logAppLifeCycle|appState: 5|properties: null
V/MessageViewer(28295): Cleaning up
V/MessageViewer(28295): Deleting file cache from previous uploads
D/HockeyApp(28295): Looking for exceptions in: /data/data/com.microsoft.omeviewer/files
W/ViewRootImpl(28295): Dropping event due to root view being removed: MotionEvent { action=ACTION_UP, id[0]=0, x[0]=-142.76239, y[0]=4.9540787, toolType[0]=TOOL_TYPE_UNKNOWN, buttonState=0, metaState=0, flags=0x0, edgeFlags=0x0, pointerCount=1, historySize=0, eventTime=1577735, downTime=1577735, deviceId=0, source=0x1002 }
W/ViewRootImpl(28295): Dropping event due to root view being removed: MotionEvent { action=ACTION_MOVE, id[0]=0, x[0]=4.0, y[0]=-3.0, toolType[0]=TOOL_TYPE_UNKNOWN, buttonState=0, metaState=0, flags=0x0, edgeFlags=0x0, pointerCount=1, historySize=9, eventTime=1577734, downTime=-1, deviceId=0, source=0x10004 }
D/HockeyApp(28295): Current handler class = net.hockeyapp.android.j
W/InputMethodManagerService(  470): Window already focused, ignoring focus gain of: com.android.internal.view.IInputMethodClient$Stub$Proxy@4aa6186c attribute=null, token = android.os.BinderProxy@4a9caa38
W/ViewRootImpl(28295): Dropping event due to no window focus: KeyEvent { action=ACTION_DOWN, keyCode=KEYCODE_BACK, scanCode=0, metaState=0, flags=0x8, repeatCount=0, eventTime=1577797, downTime=1577797, deviceId=-1, source=0x101 }
W/ViewRootImpl(28295): Dropping event due to no window focus: KeyEvent { action=ACTION_DOWN, keyCode=KEYCODE_O, scanCode=0, metaState=0, flags=0x8, repeatCount=0, eventTime=1577798, downTime=1577798, deviceId=-1, source=0x101 }
W/ViewRootImpl(28295): Dropping event due to no window focus: KeyEvent { action=ACTION_DOWN, keyCode=KEYCODE_DPAD_CENTER, scanCode=0, metaState=0, flags=0x8, repeatCount=0, eventTime=1577800, downTime=1577800, deviceId=-1, source=0x101 }
W/EGL_emulation(28295): eglSurfaceAttrib not implemented 3093 12436
V/EventProperties(28295): Created EventProperties: 0xffffffffb86f1460
V/EventProperties(28295): setProperty|name: Type|value: FeedbackButton|piiKind: 0
V/EventProperties(28295): setProperty|name: From|value: MessageViewer|piiKind: 0
V/EventProperties(28295): setProperty|name: IsMessageLoaded|value: false|piiKind: 0
V/Logger  (28295): logEvent|properties: 0xffffffffb86f1460
V/EventProperties(28295): getName: ButtonClicked
V/MessageViewer(28295): Going to Feedback page
V/Utils   (28295): Show feedback option dialog.
W/InputEventReceiver(28295): Attempted to finish an input event but the input event receiver has already been disposed.
W/ViewRootImpl(28295): Dropping event due to no window focus: KeyEvent { action=ACTION_DOWN, keyCode=KEYCODE_MENU, scanCode=0, metaState=0, flags=0x8, repeatCount=0, eventTime=1577832, downTime=1577832, deviceId=-1, source=0x101 }
W/EGL_emulation(28295): eglSurfaceAttrib not implemented 3093 12436
W/InputEventReceiver(28295): Attempted to finish an input event but the input event receiver has already been disposed.
W/InputEventReceiver(28295): Attempted to finish an input event but the input event receiver has already been disposed.
W/ViewRootImpl(28295): Dropping event due to root view being removed: MotionEvent { action=ACTION_UP, id[0]=0, x[0]=209.77179, y[0]=528.167, toolType[0]=TOOL_TYPE_UNKNOWN, buttonState=0, metaState=0, flags=0x0, edgeFlags=0x0, pointerCount=1, historySize=0, eventTime=1577884, downTime=1577883, deviceId=0, source=0x1002 }
W/ViewRootImpl(28295): Dropping event due to no window focus: KeyEvent { action=ACTION_DOWN, keyCode=KEYCODE_DPAD_CENTER, scanCode=0, metaState=0, flags=0x8, repeatCount=0, eventTime=1577889, downTime=1577889, deviceId=-1, source=0x101 }
W/InputMethodManagerService(  470): Window already focused, ignoring focus gain of: com.android.internal.view.IInputMethodClient$Stub$Proxy@4aa621e0 attribute=android.view.inputmethod.EditorInfo@4afbf3bc, token = android.os.BinderProxy@4a9caa38
W/ViewRootImpl(28295): Dropping event due to no window focus: KeyEvent { action=ACTION_DOWN, keyCode=KEYCODE_DEL, scanCode=0, metaState=0, flags=0x8, repeatCount=0, eventTime=1577967, downTime=1577967, deviceId=-1, source=0x101 }
D/HttpStack(28295): Calling createHttpRequest
D/WrappedHttpRequest(28295): Constructing WrappedHttpRequest
D/WrappedHttpRequest(28295): Calling open with params method:POST|uriString:https://pipe.skype.com/Collector/3.0/
I/System.out(28295): body:<com.microsoft.applications.telemetry.http.WrappedHttpRequest: int open(java.lang.String,java.lang.String,com.microsoft.applications.telemetry.http.ConnectionConfig)>	sig:specialinvoke $r9.<java.net.URI: void <init>(java.lang.String)>($r2)	timediff:0
I/System.out(28295): body:<com.microsoft.applications.telemetry.http.WrappedHttpRequest: int open(java.lang.String,java.lang.String,com.microsoft.applications.telemetry.http.ConnectionConfig)>	sig:$r7 = virtualinvoke $r9.<java.net.URI: java.lang.String getHost()>()	timediff:0
D/WrappedHttpRequest(28295): Calling addHeader with params name:Client-Id|value:NO_AUTH|mode:0
D/WrappedHttpRequest(28295): Calling addHeader with params name:Connection|value:Keep-Alive|mode:0
D/WrappedHttpRequest(28295): Calling addHeader with params name:Content-Length|value:14395|mode:0
I/WrappedHttpRequest(28295): Ignoring header name:Content-Length|value:14395
D/WrappedHttpRequest(28295): Calling addHeader with params name:Content-Type|value:application/bond-compact-binary|mode:0
D/WrappedHttpRequest(28295): Calling addHeader with params name:Expect|value:100-continue|mode:0
D/WrappedHttpRequest(28295): Calling addHeader with params name:x-apikey|value:2d60616836b34b268c1e626d416d88ef-3abb4f96-7989-445e-a886-a83bff8945d6-8097|mode:0
D/WrappedHttpRequest(28295): Sending request with content length: 14395
D/WrappedHttpRequest(28295): Sending the request
I/System.out(28295): body:<com.microsoft.applications.telemetry.http.WrappedHttpRequest$SendRequestTask: void run()>	sig:$r3 = virtualinvoke $r5.<java.net.URI: java.lang.String getScheme()>()	timediff:0
I/System.out(28295): body:<com.microsoft.applications.telemetry.http.WrappedHttpRequest$SendRequestTask: void run()>	sig:$r3 = virtualinvoke $r5.<java.net.URI: java.lang.String getScheme()>()	timediff:0
I/System.out(28295): body:<com.microsoft.applications.telemetry.http.WrappedHttpRequest$SendRequestTask: void run()>	sig:$i0 = virtualinvoke $r5.<java.net.URI: int getPort()>()	timediff:0
I/System.out(28295): body:<com.microsoft.applications.telemetry.http.WrappedHttpRequest$SendRequestTask: void run()>	sig:$r10 = virtualinvoke $r5.<java.net.URI: java.lang.String getHost()>()	timediff:0
I/System.out(28295): body:<com.microsoft.applications.telemetry.http.WrappedHttpRequest$SendRequestTask: void run()>	sig:$r11 = virtualinvoke $r5.<java.net.URI: java.lang.String getScheme()>()	timediff:0
I/System.out(28295): body:<com.microsoft.applications.telemetry.http.WrappedHttpRequest$SendRequestTask: void run()>	sig:$r10 = virtualinvoke $r5.<java.net.URI: java.lang.String toASCIIString()>()	timediff:0
D/WrappedHttpRequest(28295): Send url:https://pipe.skype.com/Collector/3.0/|port:443|scheme:https
W/EGL_emulation(28295): eglSurfaceAttrib not implemented 3093 12436
V/EventProperties(28295): Created EventProperties: 0xffffffffb8699480
V/EventProperties(28295): setProperty|name: Type|value: FeedbackButton|piiKind: 0
V/EventProperties(28295): setProperty|name: From|value: MessageViewer|piiKind: 0
V/EventProperties(28295): setProperty|name: IsMessageLoaded|value: false|piiKind: 0
V/Logger  (28295): logEvent|properties: 0xffffffffb8699480
V/EventProperties(28295): getName: ButtonClicked
V/MessageViewer(28295): Going to Feedback page
V/Utils   (28295): Show feedback option dialog.
W/InputEventReceiver(28295): Attempted to finish an input event but the input event receiver has already been disposed.
W/InputEventReceiver(28295): Attempted to finish an input event but the input event receiver has already been disposed.
W/InputEventReceiver(28295): Attempted to finish an input event but the input event receiver has already been disposed.
W/InputEventReceiver(28295): Attempted to finish an input event but the input event receiver has already been disposed.
W/InputEventReceiver(28295): Attempted to finish an input event but the input event receiver has already been disposed.
W/InputEventReceiver(28295): Attempted to finish an input event but the input event receiver has already been disposed.
V/EventProperties(28295): Created EventProperties: 0xffffffffb849ac00
V/EventProperties(28295): setProperty|name: Type|value: HelpLink|piiKind: 0
D/WrappedHttpRequest(28295): Processing the response
D/WrappedHttpRequest(28295): status:200|reason:OK
D/WrappedHttpRequest(28295): ResponseEntity|contentLength:0|data length:0
D/WrappedHttpRequest(28295): Native response callback with mCallback:0xffffffffb859d1b0|contentLength:0|statusCode:200
V/EventProperties(28295): setProperty|name: From|value: WelcomeScreen|piiKind: 0
V/Logger  (28295): logEvent|properties: 0xffffffffb849ac00
V/EventProperties(28295): getName: ButtonClicked
