--------- beginning of /dev/log/main
I/Icing   (  788): Indexing F4FAA6262FE39DDD50BAE6B7AF5CDB8D73BA0DB0 from com.google.android.gms
I/Icing   (  788): Indexing done F4FAA6262FE39DDD50BAE6B7AF5CDB8D73BA0DB0
D/AndroidRuntime( 9598): 
D/AndroidRuntime( 9598): >>>>>> AndroidRuntime START com.android.internal.os.RuntimeInit <<<<<<
D/AndroidRuntime( 9598): CheckJNI is OFF
D/dalvikvm( 9598): Using executionMode 2
D/dalvikvm( 9598): Trying to load lib libjavacore.so 0x0
D/dalvikvm( 9598): Added shared lib libjavacore.so 0x0
D/dalvikvm( 9598): Trying to load lib libnativehelper.so 0x0
D/dalvikvm( 9598): Added shared lib libnativehelper.so 0x0
D/dalvikvm( 9598): No JNI_OnLoad found in libnativehelper.so 0x0, skipping init
D/dalvikvm( 9598): Note: class Landroid/app/ActivityManagerNative; has 179 unimplemented (abstract) methods
E/memtrack( 9598): Couldn't load memtrack module (No such file or directory)
E/android.os.Debug( 9598): failed to load memtrack module: -2
D/AndroidRuntime( 9598): Calling main entry com.android.commands.monkey.Monkey
--------- beginning of /dev/log/system
W/BroadcastQueue(  496): Skipping deliver [background] BroadcastRecord{4ad78c2c u-1 android.net.conn.CONNECTIVITY_CHANGE} to ReceiverList{4b0e8a78 9598 (unknown name)/0/u-1 remote:4a8ef53c}: process crashing
I/ActivityManager(  496): START u0 {act=android.intent.action.MAIN cat=[android.intent.category.LAUNCHER] flg=0x10200000 cmp=com.microsoft.skydrive/.MainActivity} from pid 9598
I/ActivityManager(  496): Start proc com.microsoft.skydrive for activity com.microsoft.skydrive/.MainActivity: pid=9608 uid=10043 gids={50043, 3003, 1028, 1015, 1023}
W/NetworkManagementSocketTagger(  496): setKernelCountSet(10043, 1) failed with errno -13
W/NetworkManagementSocketTagger(  496): setKernelCountSet(10012, 0) failed with errno -13
I/Finsky  ( 1107): [1] com.google.android.finsky.cg.a.onTrimMemory(5): Memory trim requested to level 20
I/Finsky  ( 1107): [1] com.google.android.finsky.cg.a.onTrimMemory(11): Flushing in-memory image cache
I/dalvikvm( 9608): ignoring registerObject request in thread=1
I/dalvikvm( 9608): ignoring registerObject request in thread=1
I/MAMComponents( 9608): Not initializing MAM classes because the MDM package is not installed.
I/dalvikvm( 9608): Could not find method android.content.pm.PackageManager.getPackageInstaller, referenced from method com.google.android.gms.common.r.a
W/dalvikvm( 9608): VFY: unable to resolve virtual method 1732: Landroid/content/pm/PackageManager;.getPackageInstaller ()Landroid/content/pm/PackageInstaller;
D/dalvikvm( 9608): VFY: replacing opcode 0x6e at 0x000a
D/dalvikvm( 9608): JIT code cache reset in 0 ms (0 bytes 1/0)
D/dalvikvm( 9608): GC_CONCURRENT freed 225K, 9% free 2971K/3252K, paused 0ms+1ms, total 3ms
I/GMPM    ( 9608): App measurement is starting up, version: 8487
I/GMPM    ( 9608): To enable debug logging run: adb shell setprop log.tag.GMPM VERBOSE
E/GMPM    ( 9608): GoogleService failed to initialize, status: 10, Missing an expected resource: 'R.string.google_app_id' for initializing Google services.  Possible causes are missing google-services.json or com.google.gms.google-services gradle plugin.
E/GMPM    ( 9608): Scheduler not set. Not logging error/warn.
E/GMPM    ( 9608): Uploading is not possible. App measurement disabled
D/dalvikvm( 9608): GC_CONCURRENT freed 272K, 10% free 3213K/3540K, paused 1ms+0ms, total 3ms
D/dalvikvm( 9608): WAIT_FOR_CONCURRENT_GC blocked 2ms
D/dalvikvm( 9608): WAIT_FOR_CONCURRENT_GC blocked 3ms
I/Fabric  ( 9608): Initializing Crashlytics 2.3.3.61
D/dalvikvm( 9608): GC_CONCURRENT freed 183K, 7% free 3447K/3688K, paused 1ms+2ms, total 5ms
D/dalvikvm( 9608): GC_CONCURRENT freed 188K, 7% free 3767K/4016K, paused 0ms+0ms, total 4ms
D/dalvikvm( 9608): WAIT_FOR_CONCURRENT_GC blocked 2ms
D/dalvikvm( 9608): WAIT_FOR_CONCURRENT_GC blocked 2ms
D/dalvikvm( 9608): WAIT_FOR_CONCURRENT_GC blocked 2ms
D/dalvikvm( 9608): GC_CONCURRENT freed 144K, 5% free 4122K/4336K, paused 2ms+2ms, total 6ms
D/dalvikvm( 9608): WAIT_FOR_CONCURRENT_GC blocked 3ms
D/dalvikvm( 9608): WAIT_FOR_CONCURRENT_GC blocked 5ms
D/dalvikvm( 9608): WAIT_FOR_CONCURRENT_GC blocked 5ms
D/dalvikvm( 9608): GC_CONCURRENT freed 207K, 7% free 4407K/4692K, paused 2ms+0ms, total 5ms
D/dalvikvm( 9608): WAIT_FOR_CONCURRENT_GC blocked 1ms
D/dalvikvm( 9608): WAIT_FOR_CONCURRENT_GC blocked 2ms
D/dalvikvm( 9608): WAIT_FOR_CONCURRENT_GC blocked 3ms
D/dalvikvm( 9608): GC_CONCURRENT freed 189K, 6% free 4731K/5004K, paused 2ms+1ms, total 5ms
D/dalvikvm( 9608): WAIT_FOR_CONCURRENT_GC blocked 1ms
D/dalvikvm( 9608): WAIT_FOR_CONCURRENT_GC blocked 2ms
D/dalvikvm( 9608): GC_CONCURRENT freed 1096K, 23% free 4223K/5428K, paused 1ms+0ms, total 5ms
D/dalvikvm( 9608): WAIT_FOR_CONCURRENT_GC blocked 4ms
D/dalvikvm( 9608): GC_FOR_ALLOC freed 280K, 23% free 4183K/5428K, paused 2ms, total 2ms
D/dalvikvm( 9608): GC_CONCURRENT freed 399K, 23% free 4231K/5428K, paused 4ms+1ms, total 7ms
D/dalvikvm( 9608): WAIT_FOR_CONCURRENT_GC blocked 1ms
D/dalvikvm( 9608): GC_FOR_ALLOC freed 411K, 23% free 4190K/5428K, paused 5ms, total 6ms
D/dalvikvm( 9608): GC_CONCURRENT freed 494K, 25% free 4087K/5428K, paused 0ms+1ms, total 3ms
W/dalvikvm( 9608): VFY: unable to find class referenced in signature (Lokhttp3/Request;)
W/dalvikvm( 9608): VFY: unable to find class referenced in signature (Lokhttp3/Response;)
I/dalvikvm( 9608): Could not find method okhttp3.Response.headers, referenced from method empirical.HelperClass.printOkHttpInfo
W/dalvikvm( 9608): VFY: unable to resolve virtual method 59552: Lokhttp3/Response;.headers ()Lokhttp3/Headers;
D/dalvikvm( 9608): VFY: replacing opcode 0x6e at 0x0006
W/dalvikvm( 9608): VFY: unable to find class referenced in signature (Lokhttp3/Call;)
W/dalvikvm( 9608): VFY: unable to find class referenced in signature (Lokhttp3/Response;)
I/dalvikvm( 9608): Could not find method okhttp3.Call.request, referenced from method empirical.HelperClass.printOkHttpInfoFromCall
W/dalvikvm( 9608): VFY: unable to resolve interface method 59546: Lokhttp3/Call;.request ()Lokhttp3/Request;
D/dalvikvm( 9608): VFY: replacing opcode 0x72 at 0x0006
I/MediaRouter( 9608): Found default route: MediaRouter.RouteInfo{ uniqueId=android/.support.v7.d.bs:DEFAULT_ROUTE, name=Tablet, description=null, iconUri=null, enabled=true, connecting=false, connectionState=0, canDisconnect=false, playbackType=0, playbackStream=3, deviceType=0, volumeHandling=1, volume=10, volumeMax=15, presentationDisplayId=-1, extras=null, settingsIntent=null, providerPackageName=android }
I/System.out( 9608): body:<a.a.a.a.a.e.e: java.lang.String a(java.lang.CharSequence)>	sig:specialinvoke $r2.<java.net.URL: void <init>(java.lang.String)>($r1)	timediff:1
I/System.out( 9608): <a.a.a.a.a.e.e: java.lang.String a(java.lang.CharSequence)>###specialinvoke $r2.<java.net.URL: void <init>(java.lang.String)>($r1)###https://settings.crashlytics.com/spi/v2/platforms/android/apps/com.microsoft.skydrive/settings?instance=79f4712dd8a0b3df6f549f567409fcec7c8e8c50&source=1&build_version=1420042006&icon_hash=a16cdc374ac20b980b4e95144baa430e4e59f44a&display_version=4.2
I/System.out( 9608): body:<a.a.a.a.a.e.e: java.lang.String a(java.lang.CharSequence)>	sig:$r3 = virtualinvoke $r2.<java.net.URL: java.lang.String getHost()>()	timediff:0
I/System.out( 9608): body:<a.a.a.a.a.e.e: java.lang.String a(java.lang.CharSequence)>	sig:$i0 = virtualinvoke $r2.<java.net.URL: int getPort()>()	timediff:0
I/System.out( 9608): body:<a.a.a.a.a.e.e: java.lang.String a(java.lang.CharSequence)>	sig:$r3 = virtualinvoke $r2.<java.net.URL: java.lang.String getProtocol()>()	timediff:0
I/System.out( 9608): body:<a.a.a.a.a.e.e: java.lang.String a(java.lang.CharSequence)>	sig:$r6 = virtualinvoke $r2.<java.net.URL: java.lang.String getPath()>()	timediff:0
I/System.out( 9608): body:<a.a.a.a.a.e.e: java.lang.String a(java.lang.CharSequence)>	sig:$r7 = virtualinvoke $r2.<java.net.URL: java.lang.String getQuery()>()	timediff:0
I/System.out( 9608): body:<a.a.a.a.a.e.e: java.lang.String a(java.lang.CharSequence)>	sig:specialinvoke $r5.<java.net.URI: void <init>(java.lang.String,java.lang.String,java.lang.String,java.lang.String,java.lang.String)>($r3, $r1, $r6, $r7, null)	timediff:1
I/System.out( 9608): body:<a.a.a.a.a.e.e: java.lang.String a(java.lang.CharSequence)>	sig:$r7 = virtualinvoke $r5.<java.net.URI: java.lang.String toASCIIString()>()	timediff:0
I/System.out( 9608): body:<a.a.a.a.a.e.e: void <init>(java.lang.CharSequence,java.lang.String)>	sig:specialinvoke $r4.<java.net.URL: void <init>(java.lang.String)>($r3)	timediff:0
I/System.out( 9608): <a.a.a.a.a.e.e: void <init>(java.lang.CharSequence,java.lang.String)>###specialinvoke $r4.<java.net.URL: void <init>(java.lang.String)>($r3)###https://settings.crashlytics.com/spi/v2/platforms/android/apps/com.microsoft.skydrive/settings?instance=79f4712dd8a0b3df6f549f567409fcec7c8e8c50&source=1&build_version=1420042006&icon_hash=a16cdc374ac20b980b4e95144baa430e4e59f44a&display_version=4.2
D/TokenSharingManager_v1.1.1( 9608): Library works in release mode
I/AMEnrollmentStatusCache( 9608): No MAM enrollment status found.
W/dalvikvm( 9608): VFY: unable to find class referenced in signature (Landroid/app/assist/AssistContent;)
E/dalvikvm( 9608): Could not find class 'android.app.assist.AssistContent', referenced from method com.microsoft.intune.mam.client.support.v7.app.MAMActionBarActivityBase.onMAMRawProvideAssistContent
W/dalvikvm( 9608): VFY: unable to resolve check-cast 238 (Landroid/app/assist/AssistContent;) in Lcom/microsoft/intune/mam/client/support/v7/app/MAMActionBarActivityBase;
D/dalvikvm( 9608): VFY: replacing opcode 0x1f at 0x0001
E/dalvikvm( 9608): Could not find class 'android.view.SearchEvent', referenced from method com.microsoft.intune.mam.client.support.v7.app.MAMActionBarActivityBase.onMAMRawSearchRequested
W/dalvikvm( 9608): VFY: unable to resolve check-cast 1945 (Landroid/view/SearchEvent;) in Lcom/microsoft/intune/mam/client/support/v7/app/MAMActionBarActivityBase;
D/dalvikvm( 9608): VFY: replacing opcode 0x1f at 0x0001
D/dalvikvm( 9608): GC_CONCURRENT freed 340K, 24% free 4169K/5428K, paused 2ms+1ms, total 10ms
W/dalvikvm( 9608): VFY: unable to find class referenced in signature (Landroid/view/SearchEvent;)
W/dalvikvm( 9608): VFY: unable to find class referenced in signature (Landroid/app/assist/AssistContent;)
E/dalvikvm( 9608): Could not find class 'android.app.assist.AssistContent', referenced from method com.microsoft.intune.mam.client.support.v7.app.MAMActionBarActivityBase.onProvideAssistContentReal
W/dalvikvm( 9608): VFY: unable to resolve check-cast 238 (Landroid/app/assist/AssistContent;) in Lcom/microsoft/intune/mam/client/support/v7/app/MAMActionBarActivityBase;
D/dalvikvm( 9608): VFY: replacing opcode 0x1f at 0x0001
W/dalvikvm( 9608): VFY: unable to find class referenced in signature (Landroid/view/SearchEvent;)
E/dalvikvm( 9608): Could not find class 'android.view.SearchEvent', referenced from method com.microsoft.intune.mam.client.support.v7.app.MAMActionBarActivityBase.onSearchRequestedReal
W/dalvikvm( 9608): VFY: unable to resolve check-cast 1945 (Landroid/view/SearchEvent;) in Lcom/microsoft/intune/mam/client/support/v7/app/MAMActionBarActivityBase;
D/dalvikvm( 9608): VFY: replacing opcode 0x1f at 0x0001
E/dalvikvm( 9608): Could not find class 'android.app.assist.AssistContent', referenced from method com.microsoft.intune.mam.client.app.offline.OfflineActivityBehavior.onMAMProvideAssistContent
W/dalvikvm( 9608): VFY: unable to resolve check-cast 238 (Landroid/app/assist/AssistContent;) in Lcom/microsoft/intune/mam/client/app/offline/OfflineActivityBehavior;
D/dalvikvm( 9608): VFY: replacing opcode 0x1f at 0x0003
E/dalvikvm( 9608): Could not find class 'android.view.SearchEvent', referenced from method com.microsoft.intune.mam.client.app.offline.OfflineActivityBehavior.onMAMSearchRequested
W/dalvikvm( 9608): VFY: unable to resolve check-cast 1945 (Landroid/view/SearchEvent;) in Lcom/microsoft/intune/mam/client/app/offline/OfflineActivityBehavior;
D/dalvikvm( 9608): VFY: replacing opcode 0x1f at 0x0003
W/dalvikvm( 9608): VFY: unable to find class referenced in signature (Landroid/view/SearchEvent;)
I/dalvikvm( 9608): Could not find method android.view.Window$Callback.onSearchRequested, referenced from method android.support.v7.view.n.onSearchRequested
W/dalvikvm( 9608): VFY: unable to resolve interface method 14899: Landroid/view/Window$Callback;.onSearchRequested (Landroid/view/SearchEvent;)Z
D/dalvikvm( 9608): VFY: replacing opcode 0x72 at 0x0002
I/dalvikvm( 9608): Could not find method android.view.Window$Callback.onWindowStartingActionMode, referenced from method android.support.v7.view.n.onWindowStartingActionMode
W/dalvikvm( 9608): VFY: unable to resolve interface method 14903: Landroid/view/Window$Callback;.onWindowStartingActionMode (Landroid/view/ActionMode$Callback;I)Landroid/view/ActionMode;
D/dalvikvm( 9608): VFY: replacing opcode 0x72 at 0x0002
I/System.out( 9608): body:<a.a.a.a.a.e.i: java.net.HttpURLConnection a(java.net.URL)>	sig:$r2 = virtualinvoke $r1.<java.net.URL: java.net.URLConnection openConnection()>()	timediff:30
I/System.out( 9608): body:<a.a.a.a.a.e.e: java.net.HttpURLConnection r()>	sig:virtualinvoke $r5.<java.net.HttpURLConnection: void setRequestMethod(java.lang.String)>($r1)	timediff:0
I/System.out( 9608): body:<a.a.a.a.a.e.e: a.a.a.a.a.e.e a(boolean)>	sig:virtualinvoke $r1.<java.net.HttpURLConnection: void setUseCaches(boolean)>($z0)	timediff:0
D/dalvikvm( 9608): GC_CONCURRENT freed 226K, 20% free 4391K/5428K, paused 0ms+1ms, total 6ms
I/System.out( 9608): body:<a.a.a.a.a.e.e: a.a.a.a.a.e.e a(int)>	sig:virtualinvoke $r1.<java.net.HttpURLConnection: void setConnectTimeout(int)>($i0)	timediff:0
I/System.out( 9608): body:<a.a.a.a.a.e.e: a.a.a.a.a.e.e a(java.lang.String,java.lang.String)>	sig:virtualinvoke $r3.<java.net.HttpURLConnection: void setRequestProperty(java.lang.String,java.lang.String)>($r1, $r2)	timediff:0
I/System.out( 9608): body:<a.a.a.a.a.e.e: a.a.a.a.a.e.e a(java.lang.String,java.lang.String)>	sig:virtualinvoke $r3.<java.net.HttpURLConnection: void setRequestProperty(java.lang.String,java.lang.String)>($r1, $r2)	timediff:0
I/System.out( 9608): body:<a.a.a.a.a.e.e: a.a.a.a.a.e.e a(java.lang.String,java.lang.String)>	sig:virtualinvoke $r3.<java.net.HttpURLConnection: void setRequestProperty(java.lang.String,java.lang.String)>($r1, $r2)	timediff:0
I/System.out( 9608): body:<a.a.a.a.a.e.e: a.a.a.a.a.e.e a(java.lang.String,java.lang.String)>	sig:virtualinvoke $r3.<java.net.HttpURLConnection: void setRequestProperty(java.lang.String,java.lang.String)>($r1, $r2)	timediff:0
I/System.out( 9608): body:<a.a.a.a.a.e.e: a.a.a.a.a.e.e a(java.lang.String,java.lang.String)>	sig:virtualinvoke $r3.<java.net.HttpURLConnection: void setRequestProperty(java.lang.String,java.lang.String)>($r1, $r2)	timediff:0
I/System.out( 9608): body:<a.a.a.a.a.e.e: a.a.a.a.a.e.e a(java.lang.String,java.lang.String)>	sig:virtualinvoke $r3.<java.net.HttpURLConnection: void setRequestProperty(java.lang.String,java.lang.String)>($r1, $r2)	timediff:0
I/AppCompatViewInflater( 9608): app:theme is now deprecated. Please move to using android:theme instead.
I/System.out( 9608): body:<a.a.a.a.a.e.e: a.a.a.a.a.e.e a(java.lang.String,java.lang.String)>	sig:virtualinvoke $r3.<java.net.HttpURLConnection: void setRequestProperty(java.lang.String,java.lang.String)>($r1, $r2)	timediff:0
D/dalvikvm( 9608): GC_FOR_ALLOC freed 143K, 16% free 4567K/5428K, paused 5ms, total 5ms
I/dalvikvm-heap( 9608): Grow heap (frag case) to 5.119MB for 635808-byte allocation
D/dalvikvm( 9608): GC_FOR_ALLOC freed 4K, 15% free 5184K/6052K, paused 3ms, total 3ms
D/dalvikvm( 9608): GC_CONCURRENT freed 23K, 15% free 5202K/6052K, paused 1ms+1ms, total 5ms
I/ActivityManager(  496): START u0 {flg=0x4000000 cmp=com.microsoft.skydrive/.fre.OnboardingExperienceActivity (has extras)} from pid 9608
D/dalvikvm( 9608): GC_CONCURRENT freed 574K, 12% free 5332K/6052K, paused 1ms+0ms, total 6ms
I/System.out( 9608): body:<a.a.a.a.a.e.e: int b()>	sig:$i0 = virtualinvoke $r2.<java.net.HttpURLConnection: int getResponseCode()>()	timediff:337
I/System.out( 9608): body:<a.a.a.a.a.e.e: java.lang.String b(java.lang.String)>	sig:$r1 = virtualinvoke $r2.<java.net.HttpURLConnection: java.lang.String getHeaderField(java.lang.String)>($r1)	timediff:0
I/System.out( 9608): body:<a.a.a.a.a.e.e: int a(java.lang.String,int)>	sig:$i0 = virtualinvoke $r2.<java.net.HttpURLConnection: int getHeaderFieldInt(java.lang.String,int)>($r1, $i0)	timediff:0
I/System.out( 9608): body:<a.a.a.a.a.e.e: int b()>	sig:$i0 = virtualinvoke $r2.<java.net.HttpURLConnection: int getResponseCode()>()	timediff:0
I/System.out( 9608): body:<a.a.a.a.a.e.e: java.io.InputStream g()>	sig:$r2 = virtualinvoke $r1.<java.net.HttpURLConnection: java.io.InputStream getInputStream()>()	timediff:0
I/System.out( 9608): body:<empirical.HelperClass: void printURLInfo(java.lang.String,java.lang.String,java.net.URLConnection)>	sig:$r0 = virtualinvoke urlConnection.<java.net.URLConnection: java.net.URL getURL()>()	timediff:0
I/System.out( 9608): body:<empirical.HelperClass: void printURLInfo(java.lang.String,java.lang.String,java.net.URLConnection)>	sig:urlString = virtualinvoke $r0.<java.net.URL: java.lang.String toString()>()	timediff:0
I/System.out( 9608): body:<empirical.HelperClass: void printURLInfo(java.lang.String,java.lang.String,java.net.URLConnection)>	sig:isDoOutput = virtualinvoke urlConnection.<java.net.URLConnection: boolean getDoOutput()>()	timediff:0
I/System.out( 9608): body:<empirical.HelperClass: java.lang.String getHeaderField(java.net.URLConnection,java.lang.String)>	sig:data = virtualinvoke conn.<java.net.URLConnection: java.lang.String getHeaderField(java.lang.String)>(field)	timediff:0
I/System.out( 9608): body:<empirical.HelperClass: java.lang.String getHeaderField(java.net.URLConnection,java.lang.String)>	sig:data = virtualinvoke conn.<java.net.URLConnection: java.lang.String getHeaderField(java.lang.String)>(field)	timediff:0
I/System.out( 9608): body:<empirical.HelperClass: java.lang.String getHeaderField(java.net.URLConnection,java.lang.String)>	sig:data = virtualinvoke conn.<java.net.URLConnection: java.lang.String getHeaderField(java.lang.String)>(field)	timediff:0
I/System.out( 9608): body:<empirical.HelperClass: java.lang.String getHeaderField(java.net.URLConnection,java.lang.String)>	sig:data = virtualinvoke conn.<java.net.URLConnection: java.lang.String getHeaderField(java.lang.String)>(field)	timediff:0
I/System.out( 9608): body:<empirical.HelperClass: java.lang.String getHeaderField(java.net.URLConnection,java.lang.String)>	sig:data = virtualinvoke conn.<java.net.URLConnection: java.lang.String getHeaderField(java.lang.String)>(field)	timediff:0
I/System.out( 9608): URLConn;%;0;%;<a.a.a.a.a.e.e: java.io.InputStream g()>;%;$r2 = virtualinvoke $r1.<java.net.HttpURLConnection: java.io.InputStream getInputStream()>();%;https://settings.crashlytics.com/spi/v2/platforms/android/apps/com.microsoft.skydrive/settings?instance=79f4712dd8a0b3df6f549f567409fcec7c8e8c50&source=1&build_version=1420042006&icon_hash=a16cdc374ac20b980b4e95144baa430e4e59f44a&display_version=4.2;%;false;%;Not found;%;Not found;%;Not found;%;Not found;%;Not found
I/System.out( 9608): body:<a.a.a.a.a.e.e: java.lang.String b(java.lang.String)>	sig:$r1 = virtualinvoke $r2.<java.net.HttpURLConnection: java.lang.String getHeaderField(java.lang.String)>($r1)	timediff:0
I/System.out( 9608): body:<a.a.a.a.a.e.e: java.lang.String a(java.lang.CharSequence)>	sig:specialinvoke $r2.<java.net.URL: void <init>(java.lang.String)>($r1)	timediff:0
I/System.out( 9608): <a.a.a.a.a.e.e: java.lang.String a(java.lang.CharSequence)>###specialinvoke $r2.<java.net.URL: void <init>(java.lang.String)>($r1)###https://e.crashlytics.com/spi/v2/events
I/System.out( 9608): body:<a.a.a.a.a.e.e: java.lang.String a(java.lang.CharSequence)>	sig:$r3 = virtualinvoke $r2.<java.net.URL: java.lang.String getHost()>()	timediff:0
I/System.out( 9608): body:<a.a.a.a.a.e.e: java.lang.String a(java.lang.CharSequence)>	sig:$i0 = virtualinvoke $r2.<java.net.URL: int getPort()>()	timediff:0
I/System.out( 9608): body:<a.a.a.a.a.e.e: java.lang.String a(java.lang.CharSequence)>	sig:$r3 = virtualinvoke $r2.<java.net.URL: java.lang.String getProtocol()>()	timediff:0
I/System.out( 9608): body:<a.a.a.a.a.e.e: java.lang.String a(java.lang.CharSequence)>	sig:$r6 = virtualinvoke $r2.<java.net.URL: java.lang.String getPath()>()	timediff:0
I/System.out( 9608): body:<a.a.a.a.a.e.e: java.lang.String a(java.lang.CharSequence)>	sig:$r7 = virtualinvoke $r2.<java.net.URL: java.lang.String getQuery()>()	timediff:0
I/System.out( 9608): body:<a.a.a.a.a.e.e: java.lang.String a(java.lang.CharSequence)>	sig:specialinvoke $r5.<java.net.URI: void <init>(java.lang.String,java.lang.String,java.lang.String,java.lang.String,java.lang.String)>($r3, $r1, $r6, $r7, null)	timediff:0
I/System.out( 9608): body:<a.a.a.a.a.e.e: java.lang.String a(java.lang.CharSequence)>	sig:$r7 = virtualinvoke $r5.<java.net.URI: java.lang.String toASCIIString()>()	timediff:0
I/System.out( 9608): body:<a.a.a.a.a.e.e: void <init>(java.lang.CharSequence,java.lang.String)>	sig:specialinvoke $r4.<java.net.URL: void <init>(java.lang.String)>($r3)	timediff:0
I/System.out( 9608): <a.a.a.a.a.e.e: void <init>(java.lang.CharSequence,java.lang.String)>###specialinvoke $r4.<java.net.URL: void <init>(java.lang.String)>($r3)###https://e.crashlytics.com/spi/v2/events
I/System.out( 9608): body:<a.a.a.a.a.e.i: java.net.HttpURLConnection a(java.net.URL)>	sig:$r2 = virtualinvoke $r1.<java.net.URL: java.net.URLConnection openConnection()>()	timediff:0
I/System.out( 9608): body:<a.a.a.a.a.e.e: java.net.HttpURLConnection r()>	sig:virtualinvoke $r5.<java.net.HttpURLConnection: void setRequestMethod(java.lang.String)>($r1)	timediff:0
I/System.out( 9608): body:<a.a.a.a.a.e.e: a.a.a.a.a.e.e a(boolean)>	sig:virtualinvoke $r1.<java.net.HttpURLConnection: void setUseCaches(boolean)>($z0)	timediff:0
I/System.out( 9608): body:<a.a.a.a.a.e.e: a.a.a.a.a.e.e a(int)>	sig:virtualinvoke $r1.<java.net.HttpURLConnection: void setConnectTimeout(int)>($i0)	timediff:0
I/System.out( 9608): body:<a.a.a.a.a.e.e: a.a.a.a.a.e.e a(java.lang.String,java.lang.String)>	sig:virtualinvoke $r3.<java.net.HttpURLConnection: void setRequestProperty(java.lang.String,java.lang.String)>($r1, $r2)	timediff:0
I/System.out( 9608): body:<a.a.a.a.a.e.e: a.a.a.a.a.e.e a(java.lang.String,java.lang.String)>	sig:virtualinvoke $r3.<java.net.HttpURLConnection: void setRequestProperty(java.lang.String,java.lang.String)>($r1, $r2)	timediff:0
I/System.out( 9608): body:<a.a.a.a.a.e.e: a.a.a.a.a.e.e a(java.lang.String,java.lang.String)>	sig:virtualinvoke $r3.<java.net.HttpURLConnection: void setRequestProperty(java.lang.String,java.lang.String)>($r1, $r2)	timediff:0
I/System.out( 9608): body:<a.a.a.a.a.e.e: a.a.a.a.a.e.e a(java.lang.String,java.lang.String)>	sig:virtualinvoke $r3.<java.net.HttpURLConnection: void setRequestProperty(java.lang.String,java.lang.String)>($r1, $r2)	timediff:0
I/System.out( 9608): body:<a.a.a.a.a.e.e: a.a.a.a.a.e.e a(java.lang.String,java.lang.String)>	sig:virtualinvoke $r3.<java.net.HttpURLConnection: void setRequestProperty(java.lang.String,java.lang.String)>($r1, $r2)	timediff:0
I/System.out( 9608): body:<a.a.a.a.a.e.e: a.a.a.a.a.e.e a(java.lang.String,java.lang.String)>	sig:virtualinvoke $r3.<java.net.HttpURLConnection: void setRequestProperty(java.lang.String,java.lang.String)>($r1, $r2)	timediff:0
I/System.out( 9608): body:<a.a.a.a.a.e.e: a.a.a.a.a.e.e m()>	sig:virtualinvoke $r2.<java.net.HttpURLConnection: void setDoOutput(boolean)>(1)	timediff:0
I/System.out( 9608): body:<a.a.a.a.a.e.e: a.a.a.a.a.e.e m()>	sig:$r3 = virtualinvoke $r2.<java.net.HttpURLConnection: java.lang.String getRequestProperty(java.lang.String)>("Content-Type")	timediff:0
W/dalvikvm( 9608): VFY: unable to find class referenced in signature (Landroid/app/assist/AssistContent;)
E/dalvikvm( 9608): Could not find class 'android.app.assist.AssistContent', referenced from method com.microsoft.intune.mam.client.preference.MAMPreferenceActivity.onMAMRawProvideAssistContent
W/dalvikvm( 9608): VFY: unable to resolve check-cast 238 (Landroid/app/assist/AssistContent;) in Lcom/microsoft/intune/mam/client/preference/MAMPreferenceActivity;
D/dalvikvm( 9608): VFY: replacing opcode 0x1f at 0x0001
E/dalvikvm( 9608): Could not find class 'android.view.SearchEvent', referenced from method com.microsoft.intune.mam.client.preference.MAMPreferenceActivity.onMAMRawSearchRequested
W/dalvikvm( 9608): VFY: unable to resolve check-cast 1945 (Landroid/view/SearchEvent;) in Lcom/microsoft/intune/mam/client/preference/MAMPreferenceActivity;
D/dalvikvm( 9608): VFY: replacing opcode 0x1f at 0x0001
W/dalvikvm( 9608): VFY: unable to find class referenced in signature (Landroid/view/SearchEvent;)
W/dalvikvm( 9608): VFY: unable to find class referenced in signature (Landroid/app/assist/AssistContent;)
E/dalvikvm( 9608): Could not find class 'android.app.assist.AssistContent', referenced from method com.microsoft.intune.mam.client.preference.MAMPreferenceActivity.onProvideAssistContentReal
W/dalvikvm( 9608): VFY: unable to resolve check-cast 238 (Landroid/app/assist/AssistContent;) in Lcom/microsoft/intune/mam/client/preference/MAMPreferenceActivity;
D/dalvikvm( 9608): VFY: replacing opcode 0x1f at 0x0001
I/dalvikvm( 9608): Could not find method android.preference.PreferenceActivity.onProvideReferrer, referenced from method com.microsoft.intune.mam.client.preference.MAMPreferenceActivity.onProvideReferrerReal
W/dalvikvm( 9608): VFY: unable to resolve virtual method 2831: Landroid/preference/PreferenceActivity;.onProvideReferrer ()Landroid/net/Uri;
D/dalvikvm( 9608): VFY: replacing opcode 0x6f at 0x0000
W/dalvikvm( 9608): VFY: unable to find class referenced in signature (Landroid/view/SearchEvent;)
E/dalvikvm( 9608): Could not find class 'android.view.SearchEvent', referenced from method com.microsoft.intune.mam.client.preference.MAMPreferenceActivity.onSearchRequestedReal
W/dalvikvm( 9608): VFY: unable to resolve check-cast 1945 (Landroid/view/SearchEvent;) in Lcom/microsoft/intune/mam/client/preference/MAMPreferenceActivity;
D/dalvikvm( 9608): VFY: replacing opcode 0x1f at 0x0001
I/dalvikvm( 9608): Could not find method android.preference.PreferenceActivity.onStateNotSaved, referenced from method com.microsoft.intune.mam.client.preference.MAMPreferenceActivity.onStateNotSavedReal
W/dalvikvm( 9608): VFY: unable to resolve virtual method 2835: Landroid/preference/PreferenceActivity;.onStateNotSaved ()V
D/dalvikvm( 9608): VFY: replacing opcode 0x6f at 0x0000
D/dalvikvm( 9608): GC_CONCURRENT freed 622K, 11% free 5532K/6192K, paused 1ms+1ms, total 8ms
E/SurfaceFlinger(  166): glCheckFramebufferStatusOES error 36054
E/SurfaceFlinger(  166): got GL_FRAMEBUFFER_COMPLETE_OES error while taking screenshot
D/SurfaceFlinger(  166): setOrientation, mFbdev=0xb9585e00, mFbDev->setOrientation=0xb6951ce0, orientation=3
I/gralloc_nox(  166): setOrientation: orientation=3
I/ActivityManager(  496): Config changes=480 {1.0 310mcc16mnc en_US ldltr sw480dp w480dp h828dp 240dpi lrg long port finger -keyb/v/h dpad/v s.14}
D/Tinker.DefaultAppLike(  695): onConfigurationChanged:{1.0 310mcc16mnc en_US ldltr sw480dp w480dp h828dp 240dpi lrg long port finger -keyb/v/h dpad/v s.14}
I/InputReader(  496): Reconfiguring input devices.  changes=0x00000004
I/InputReader(  496): Device reconfigured: id=1, name='seamless mouse', size 1280x720, orientation 3, mode 1, display id 0
I/InputReader(  496): Device reconfigured: id=3, name='Android Input', size 1280x720, orientation 3, mode 1, display id 0
I/InputReader(  496): Device reconfigured: id=8, name='VirtualBox USB Tablet', size 1280x720, orientation 3, mode 1, display id 0
D/PhoneStatusBar(  558): mSettingsPanelGravity = 55
D/Sensors (  496): Client connection accepted (187)
D/dalvikvm( 9608): GC_CONCURRENT freed 790K, 14% free 5542K/6388K, paused 1ms+0ms, total 8ms
I/DiscoveryManager(  788): Filter criteria(805741C9) scannerFlags(2)
D/dalvikvm( 9608): GC_FOR_ALLOC freed 173K, 14% free 5542K/6388K, paused 8ms, total 8ms
I/dalvikvm-heap( 9608): Grow heap (frag case) to 5.704MB for 250332-byte allocation
I/qtaguid (  788): Tagging socket 59 with tag 3000090000000000(805308672) for uid -1 failed errno=-13
I/NetworkManagementSocketTagger(  788): tagSocketFd(59, 805308672, -1) failed with errno-13
I/qtaguid (  788): Tagging socket 64 with tag 3000090000000000(805308672) for uid -1 failed errno=-13
I/NetworkManagementSocketTagger(  788): tagSocketFd(64, 805308672, -1) failed with errno-13
I/qtaguid (  788): Untagging socket 64 failed errno=-13
W/NetworkManagementSocketTagger(  788): untagSocket(64) failed with errno -13
I/qtaguid (  788): Tagging socket 64 with tag 3000090000000000(805308672) for uid -1 failed errno=-13
I/NetworkManagementSocketTagger(  788): tagSocketFd(64, 805308672, -1) failed with errno-13
I/qtaguid (  788): Untagging socket 64 failed errno=-13
W/NetworkManagementSocketTagger(  788): untagSocket(64) failed with errno -13
I/qtaguid (  788): Tagging socket 64 with tag 3000090000000000(805308672) for uid -1 failed errno=-13
I/NetworkManagementSocketTagger(  788): tagSocketFd(64, 805308672, -1) failed with errno-13
I/qtaguid (  788): Untagging socket 64 failed errno=-13
W/NetworkManagementSocketTagger(  788): untagSocket(64) failed with errno -13
I/qtaguid (  788): Tagging socket 64 with tag 3000090000000000(805308672) for uid -1 failed errno=-13
I/NetworkManagementSocketTagger(  788): tagSocketFd(64, 805308672, -1) failed with errno-13
I/qtaguid (  788): Untagging socket 64 failed errno=-13
W/NetworkManagementSocketTagger(  788): untagSocket(64) failed with errno -13
I/qtaguid (  788): Tagging socket 64 with tag 3000090000000000(805308672) for uid -1 failed errno=-13
I/NetworkManagementSocketTagger(  788): tagSocketFd(64, 805308672, -1) failed with errno-13
I/qtaguid (  788): Untagging socket 64 failed errno=-13
W/NetworkManagementSocketTagger(  788): untagSocket(64) failed with errno -13
I/qtaguid (  788): Tagging socket 64 with tag 3000090000000000(805308672) for uid -1 failed errno=-13
I/NetworkManagementSocketTagger(  788): tagSocketFd(64, 805308672, -1) failed with errno-13
I/qtaguid (  788): Untagging socket 64 failed errno=-13
W/NetworkManagementSocketTagger(  788): untagSocket(64) failed with errno -13
D/dalvikvm( 9608): GC_FOR_ALLOC freed <1K, 13% free 5786K/6636K, paused 19ms, total 19ms
D/dalvikvm( 9608): GC_FOR_ALLOC freed 455K, 17% free 5552K/6636K, paused 7ms, total 7ms
I/dalvikvm-heap( 9608): Grow heap (frag case) to 5.977MB for 528012-byte allocation
W/EGL_emulation(  558): eglSurfaceAttrib not implemented 3093 12436
D/dalvikvm( 9608): GC_FOR_ALLOC freed 2K, 16% free 6065K/7152K, paused 7ms, total 7ms
D/dalvikvm( 9608): GC_FOR_ALLOC freed 366K, 16% free 6073K/7152K, paused 6ms, total 6ms
I/dalvikvm-heap( 9608): Grow heap (frag case) to 6.487MB for 528012-byte allocation
I/WindowManager(  496): Screen frozen for +154ms due to Window{4a9757a0 u0 StatusBar}
D/dalvikvm( 9608): GC_FOR_ALLOC freed 1K, 15% free 6588K/7668K, paused 6ms, total 6ms
D/libEGL  ( 9608): loaded /system/lib/egl/libEGL_adreno.so
D/        ( 9608): HostConnection::get() New Host Connection established 0xb7d57200, tid 9608
D/libEGL  ( 9608): loaded /system/lib/egl/libGLESv1_CM_adreno.so
D/libEGL  ( 9608): loaded /system/lib/egl/libGLESv2_adreno.so
I/System.out( 9608): body:<a.a.a.a.a.e.e: a.a.a.a.a.e.e m()>	sig:$r4 = virtualinvoke $r2.<java.net.HttpURLConnection: java.io.OutputStream getOutputStream()>()	timediff:294
W/EGL_emulation( 9608): eglSurfaceAttrib not implemented 3093 12436
D/OpenGLRenderer( 9608): Enabling debug mode 0
W/IInputConnectionWrapper( 6119): showStatusIcon on inactive InputConnection
W/ViewRootImpl( 9608): Dropping event due to no window focus: KeyEvent { action=ACTION_DOWN, keyCode=KEYCODE_BUTTON_6, scanCode=0, metaState=0, flags=0x8, repeatCount=0, eventTime=307321, downTime=307321, deviceId=-1, source=0x101 }
W/ViewRootImpl( 9608): Dropping event due to no window focus: KeyEvent { action=ACTION_DOWN, keyCode=KEYCODE_DPAD_CENTER, scanCode=0, metaState=0, flags=0x8, repeatCount=0, eventTime=307321, downTime=307321, deviceId=-1, source=0x101 }
W/ContextImpl(  496): Calling a method in the system process without a qualified user: android.app.ContextImpl.sendBroadcast:1123 com.android.server.InputMethodManagerService.hideCurrentInputLocked:1880 com.android.server.InputMethodManagerService.windowGainedFocus:1968 com.android.internal.view.IInputMethodManager$Stub.onTransact:221 com.android.server.InputMethodManagerService.onTransact:818 
I/ActivityManager(  496): START u0 {act=android.intent.action.MAIN cat=[android.intent.category.LAUNCHER] flg=0x10200000 cmp=com.microsoft.skydrive/.MainActivity} from pid 9598
I/System.out( 9608): body:<a.a.a.a.a.e.e: int b()>	sig:$i0 = virtualinvoke $r2.<java.net.HttpURLConnection: int getResponseCode()>()	timediff:72
I/System.out( 9608): body:<a.a.a.a.a.e.e: java.lang.String a(java.lang.CharSequence)>	sig:specialinvoke $r2.<java.net.URL: void <init>(java.lang.String)>($r1)	timediff:0
I/System.out( 9608): <a.a.a.a.a.e.e: java.lang.String a(java.lang.CharSequence)>###specialinvoke $r2.<java.net.URL: void <init>(java.lang.String)>($r1)###https://e.crashlytics.com/spi/v2/events
I/System.out( 9608): body:<a.a.a.a.a.e.e: java.lang.String a(java.lang.CharSequence)>	sig:$r3 = virtualinvoke $r2.<java.net.URL: java.lang.String getHost()>()	timediff:0
I/System.out( 9608): body:<a.a.a.a.a.e.e: java.lang.String a(java.lang.CharSequence)>	sig:$i0 = virtualinvoke $r2.<java.net.URL: int getPort()>()	timediff:0
I/System.out( 9608): body:<a.a.a.a.a.e.e: java.lang.String a(java.lang.CharSequence)>	sig:$r3 = virtualinvoke $r2.<java.net.URL: java.lang.String getProtocol()>()	timediff:0
I/System.out( 9608): body:<a.a.a.a.a.e.e: java.lang.String a(java.lang.CharSequence)>	sig:$r6 = virtualinvoke $r2.<java.net.URL: java.lang.String getPath()>()	timediff:0
I/System.out( 9608): body:<a.a.a.a.a.e.e: java.lang.String a(java.lang.CharSequence)>	sig:$r7 = virtualinvoke $r2.<java.net.URL: java.lang.String getQuery()>()	timediff:0
I/System.out( 9608): body:<a.a.a.a.a.e.e: java.lang.String a(java.lang.CharSequence)>	sig:specialinvoke $r5.<java.net.URI: void <init>(java.lang.String,java.lang.String,java.lang.String,java.lang.String,java.lang.String)>($r3, $r1, $r6, $r7, null)	timediff:0
I/System.out( 9608): body:<a.a.a.a.a.e.e: java.lang.String a(java.lang.CharSequence)>	sig:$r7 = virtualinvoke $r5.<java.net.URI: java.lang.String toASCIIString()>()	timediff:0
I/System.out( 9608): body:<a.a.a.a.a.e.e: void <init>(java.lang.CharSequence,java.lang.String)>	sig:specialinvoke $r4.<java.net.URL: void <init>(java.lang.String)>($r3)	timediff:0
I/System.out( 9608): <a.a.a.a.a.e.e: void <init>(java.lang.CharSequence,java.lang.String)>###specialinvoke $r4.<java.net.URL: void <init>(java.lang.String)>($r3)###https://e.crashlytics.com/spi/v2/events
I/System.out( 9608): body:<a.a.a.a.a.e.i: java.net.HttpURLConnection a(java.net.URL)>	sig:$r2 = virtualinvoke $r1.<java.net.URL: java.net.URLConnection openConnection()>()	timediff:0
I/System.out( 9608): body:<a.a.a.a.a.e.e: java.net.HttpURLConnection r()>	sig:virtualinvoke $r5.<java.net.HttpURLConnection: void setRequestMethod(java.lang.String)>($r1)	timediff:0
I/System.out( 9608): body:<a.a.a.a.a.e.e: a.a.a.a.a.e.e a(boolean)>	sig:virtualinvoke $r1.<java.net.HttpURLConnection: void setUseCaches(boolean)>($z0)	timediff:0
I/System.out( 9608): body:<a.a.a.a.a.e.e: a.a.a.a.a.e.e a(int)>	sig:virtualinvoke $r1.<java.net.HttpURLConnection: void setConnectTimeout(int)>($i0)	timediff:0
I/System.out( 9608): body:<a.a.a.a.a.e.e: a.a.a.a.a.e.e a(java.lang.String,java.lang.String)>	sig:virtualinvoke $r3.<java.net.HttpURLConnection: void setRequestProperty(java.lang.String,java.lang.String)>($r1, $r2)	timediff:0
I/System.out( 9608): body:<a.a.a.a.a.e.e: a.a.a.a.a.e.e a(java.lang.String,java.lang.String)>	sig:virtualinvoke $r3.<java.net.HttpURLConnection: void setRequestProperty(java.lang.String,java.lang.String)>($r1, $r2)	timediff:0
I/System.out( 9608): body:<a.a.a.a.a.e.e: a.a.a.a.a.e.e a(java.lang.String,java.lang.String)>	sig:virtualinvoke $r3.<java.net.HttpURLConnection: void setRequestProperty(java.lang.String,java.lang.String)>($r1, $r2)	timediff:0
I/System.out( 9608): body:<a.a.a.a.a.e.e: a.a.a.a.a.e.e a(java.lang.String,java.lang.String)>	sig:virtualinvoke $r3.<java.net.HttpURLConnection: void setRequestProperty(java.lang.String,java.lang.String)>($r1, $r2)	timediff:0
I/System.out( 9608): body:<a.a.a.a.a.e.e: a.a.a.a.a.e.e a(java.lang.String,java.lang.String)>	sig:virtualinvoke $r3.<java.net.HttpURLConnection: void setRequestProperty(java.lang.String,java.lang.String)>($r1, $r2)	timediff:0
I/System.out( 9608): body:<a.a.a.a.a.e.e: a.a.a.a.a.e.e a(java.lang.String,java.lang.String)>	sig:virtualinvoke $r3.<java.net.HttpURLConnection: void setRequestProperty(java.lang.String,java.lang.String)>($r1, $r2)	timediff:0
I/System.out( 9608): body:<a.a.a.a.a.e.e: a.a.a.a.a.e.e m()>	sig:virtualinvoke $r2.<java.net.HttpURLConnection: void setDoOutput(boolean)>(1)	timediff:0
I/System.out( 9608): body:<a.a.a.a.a.e.e: a.a.a.a.a.e.e m()>	sig:$r3 = virtualinvoke $r2.<java.net.HttpURLConnection: java.lang.String getRequestProperty(java.lang.String)>("Content-Type")	timediff:0
I/System.out( 9608): body:<a.a.a.a.a.e.e: a.a.a.a.a.e.e m()>	sig:$r4 = virtualinvoke $r2.<java.net.HttpURLConnection: java.io.OutputStream getOutputStream()>()	timediff:11
I/ActivityManager(  496): Displayed com.microsoft.skydrive/.fre.OnboardingExperienceActivity: +313ms (total +1s108ms)
I/ActivityManager(  496): START u0 {act=android.intent.action.MAIN cat=[android.intent.category.HOME] flg=0x10200000 cmp=com.vphone.launcher/.Launcher} from pid 496
I/DiscoveryManager(  788): Filter criteria(null) scannerFlags(0)
W/NetworkManagementSocketTagger(  496): setKernelCountSet(10007, 0) failed with errno -13
D/dalvikvm( 9608): GC_FOR_ALLOC freed 509K, 14% free 6639K/7668K, paused 4ms, total 4ms
I/dalvikvm-heap( 9608): Grow heap (frag case) to 7.040MB for 528012-byte allocation
D/dalvikvm( 9608): GC_FOR_ALLOC freed <1K, 13% free 7154K/8184K, paused 11ms, total 11ms
I/System.out( 9608): body:<a.a.a.a.a.e.e: int b()>	sig:$i0 = virtualinvoke $r2.<java.net.HttpURLConnection: int getResponseCode()>()	timediff:82
W/EGL_emulation( 9608): eglSurfaceAttrib not implemented 3093 12436
W/ViewRootImpl( 9608): Dropping event due to no window focus: KeyEvent { action=ACTION_DOWN, keyCode=KEYCODE_DPAD_DOWN, scanCode=0, metaState=0, flags=0x400, repeatCount=0, eventTime=308511, downTime=308511, deviceId=-1, source=0x101 }
W/ViewRootImpl( 9608): Dropping event due to no window focus: KeyEvent { action=ACTION_DOWN, keyCode=KEYCODE_DPAD_DOWN, scanCode=0, metaState=0, flags=0x400, repeatCount=0, eventTime=308511, downTime=308511, deviceId=-1, source=0x101 }
W/ViewRootImpl( 9608): Dropping event due to no window focus: KeyEvent { action=ACTION_DOWN, keyCode=KEYCODE_DPAD_DOWN, scanCode=0, metaState=0, flags=0x400, repeatCount=0, eventTime=308511, downTime=308511, deviceId=-1, source=0x101 }
W/InputMethodManagerService(  496): Window already focused, ignoring focus gain of: com.android.internal.view.IInputMethodClient$Stub$Proxy@4ad2c054 attribute=android.view.inputmethod.EditorInfo@4ad1c888, token = android.os.BinderProxy@4ab8e96c
D/dalvikvm( 9608): GC_FOR_ALLOC freed 484K, 13% free 7166K/8184K, paused 4ms, total 4ms
I/dalvikvm-heap( 9608): Grow heap (frag case) to 7.554MB for 528012-byte allocation
D/dalvikvm( 9608): GC_FOR_ALLOC freed <1K, 12% free 7682K/8700K, paused 5ms, total 5ms
I/ActivityManager(  496): START u0 {act=android.intent.action.CALL_BUTTON flg=0x10000000} from pid 9608
W/PhoneFallbackEventHandler( 9608): No activity found for android.intent.action.CALL_BUTTON.
I/ActivityManager(  496): START u0 {cmp=com.microsoft.skydrive/com.microsoft.authorization.StartSignInActivity (has extras)} from pid 9608
I/ActivityManager(  496): START u0 {cmp=com.microsoft.skydrive/com.microsoft.authorization.SignInActivity (has extras)} from pid 9608
D/dalvikvm( 9608): GC_FOR_ALLOC freed 1917K, 22% free 7216K/9192K, paused 6ms, total 6ms
W/EGL_emulation( 9608): eglSurfaceAttrib not implemented 3093 12436
V/WebViewChromium( 9608): Binding Chromium to the background looper Looper (main, tid 1) {4a7a8944}
I/chromium( 9608): [INFO:library_loader_hooks.cc(112)] Chromium logging enabled: level = 0, default verbosity = 0
I/BrowserProcessMain( 9608): Initializing chromium process, renderers=0
W/chromium( 9608): [WARNING:proxy_service.cc(888)] PAC support disabled because there is no system implementation
W/ViewRootImpl( 9608): Dropping event due to no window focus: KeyEvent { action=ACTION_DOWN, keyCode=KEYCODE_DPAD_RIGHT, scanCode=0, metaState=0, flags=0x8, repeatCount=0, eventTime=308732, downTime=308732, deviceId=-1, source=0x101 }
I/chromium( 9608): [INFO:simple_index_file.cc(397)] Simple Cache Index is being restored from disk.
W/ViewRootImpl( 9608): Dropping event due to no window focus: KeyEvent { action=ACTION_DOWN, keyCode=KEYCODE_DPAD_DOWN, scanCode=0, metaState=0, flags=0x8, repeatCount=0, eventTime=308831, downTime=308831, deviceId=-1, source=0x101 }
I/InputDispatcher(  496): Dropped event because of pending overdue app switch.
W/ContextImpl(  496): Calling a method in the system process without a qualified user: android.app.ContextImpl.sendBroadcast:1123 com.android.server.InputMethodManagerService.hideCurrentInputLocked:1880 com.android.server.InputMethodManagerService.windowGainedFocus:1968 com.android.internal.view.IInputMethodManager$Stub.onTransact:221 com.android.server.InputMethodManagerService.onTransact:818 
W/InputManager(  496): Input event injection from pid 9598 failed.
I/ActivityManager(  496): Displayed com.microsoft.skydrive/com.microsoft.authorization.SignInActivity: +137ms (total +188ms)
D/dalvikvm( 9608): GC_CONCURRENT freed 833K, 15% free 7861K/9192K, paused 1ms+3ms, total 10ms
D/dalvikvm( 9608): WAIT_FOR_CONCURRENT_GC blocked 6ms
V/PanelView(  558): animationTick called with dtms=0; nothing to do (h=0.0 v=-0.0)
I/ActivityManager(  496): START u0 {act=android.intent.action.MAIN cat=[android.intent.category.LAUNCHER] flg=0x10200000 cmp=com.microsoft.skydrive/.MainActivity} from pid 9598
V/FlingTracker(  558): computeCurrentVelocity warning: totalweight=0
V/FlingTracker(  558): java.lang.Throwable
V/FlingTracker(  558): 	at com.android.systemui.statusbar.phone.PanelView$FlingTracker.computeCurrentVelocity(PanelView.java:162)
V/FlingTracker(  558): 	at com.android.systemui.statusbar.phone.PanelView$3.onTouch(PanelView.java:462)
V/FlingTracker(  558): 	at android.view.View.dispatchTouchEvent(View.java:7701)
V/FlingTracker(  558): 	at com.android.systemui.statusbar.phone.NotificationPanelView.onTouchEvent(NotificationPanelView.java:138)
V/FlingTracker(  558): 	at com.android.systemui.statusbar.phone.PanelBar.onTouchEvent(PanelBar.java:130)
V/FlingTracker(  558): 	at com.android.systemui.statusbar.phone.PhoneStatusBarView.onTouchEvent(PhoneStatusBarView.java:201)
V/FlingTracker(  558): 	at android.view.View.dispatchTouchEvent(View.java:7706)
V/FlingTracker(  558): 	at android.view.ViewGroup.dispatchTransformedTouchEvent(ViewGroup.java:2210)
V/FlingTracker(  558): 	at android.view.ViewGroup.dispatchTouchEvent(ViewGroup.java:1945)
V/FlingTracker(  558): 	at android.view.ViewGroup.dispatchTransformedTouchEvent(ViewGroup.java:2216)
V/FlingTracker(  558): 	at android.view.ViewGroup.dispatchTouchEvent(ViewGroup.java:1959)
V/FlingTracker(  558): 	at android.view.View.dispatchPointerEvent(View.java:7886)
V/FlingTracker(  558): 	at android.view.ViewRootImpl$ViewPostImeInputStage.processPointerEvent(ViewRootImpl.java:3978)
V/FlingTracker(  558): 	at android.view.ViewRootImpl$ViewPostImeInputStage.onProcess(ViewRootImpl.java:3857)
V/FlingTracker(  558): 	at android.view.ViewRootImpl$InputStage.deliver(ViewRootImpl.java:3423)
V/FlingTracker(  558): 	at android.view.ViewRootImpl$InputStage.onDeliverToNext(ViewRootImpl.java:3473)
V/FlingTracker(  558): 	at android.view.ViewRootImpl$InputStage.forward(ViewRootImpl.java:3442)
V/FlingTracker(  558): 	at android.view.ViewRootImpl$AsyncInputStage.forward(ViewRootImpl.java:3549)
V/FlingTracker(  558): 	at android.view.ViewRootImpl$InputStage.apply(ViewRootImpl.java:3450)
V/FlingTracker(  558): 	at android.view.ViewRootImpl$AsyncInputStage.apply(ViewRootImpl.java:3606)
V/FlingTracker(  558): 	at android.view.ViewRootImpl$InputStage.deliver(ViewRootImpl.java:3423)
V/FlingTracker(  558): 	at android.view.ViewRootImpl$InputStage.onDeliverToNext(ViewRootImpl.java:3473)
V/FlingTracker(  558): 	at android.view.ViewRootImpl$InputStage.forward(ViewRootImpl.java:3442)
V/FlingTracker(  558): 	at android.view.ViewRootImpl$InputStage.apply(ViewRootImpl.java:3450)
V/FlingTracker(  558): 	at android.view.ViewRootImpl$InputStage.deliver(ViewRootImpl.java:3423)
V/FlingTracker(  558): 	at android.view.ViewRootImpl.deliverInputEvent(ViewRootImpl.java:5626)
V/FlingTracker(  558): 	at android.view.ViewRootImpl.doProcessInputEvents(ViewRootImpl.java:5606)
V/FlingTracker(  558): 	at android.view.ViewRootImpl.enqueueInputEvent(ViewRootImpl.java:5577)
V/FlingTracker(  558): 	at android.view.ViewRootImpl$WindowInputEventReceiver.onInputEvent(ViewRootImpl.java:5706)
V/FlingTracker(  558): 	at android.view.InputEventReceiver.dispatchInputEvent(InputEventReceiver.java:185)
V/FlingTracker(  558): 	at android.os.MessageQueue.nativePollOnce(Native Method)
V/FlingTracker(  558): 	at android.os.MessageQueue.next(MessageQueue.java:138)
V/FlingTracker(  558): 	at android.os.Looper.loop(Looper.java:123)
V/FlingTracker(  558): 	at android.app.ActivityThread.main(ActivityThread.java:5019)
V/FlingTracker(  558): 	at java.lang.reflect.Method.invokeNative(Native Method)
V/FlingTracker(  558): 	at java.lang.reflect.Method.invoke(Method.java:515)
V/FlingTracker(  558): 	at com.android.internal.os.ZygoteInit$MethodAndArgsCaller.run(ZygoteInit.java:779)
V/FlingTracker(  558): 	at com.android.internal.os.ZygoteInit.main(ZygoteInit.java:595)
V/FlingTracker(  558): 	at dalvik.system.NativeStart.main(Native Method)
V/PanelView(  558): animationTick called with dtms=0; nothing to do (h=0.0 v=0.0)
V/PanelView(  558): animationTick called with dtms=0; nothing to do (h=0.0 v=0.0)
I/ActivityManager(  496): START u0 {act=android.intent.action.MAIN cat=[android.intent.category.LAUNCHER] flg=0x10000000 sel={act=android.intent.action.MAIN cat=[android.intent.category.APP_CALCULATOR]}} from pid 496
W/EGL_emulation( 9608): eglSurfaceAttrib not implemented 3093 12436
W/ViewRootImpl( 9608): Dropping event due to no window focus: KeyEvent { action=ACTION_DOWN, keyCode=KEYCODE_F5, scanCode=0, metaState=0, flags=0x8, repeatCount=0, eventTime=309384, downTime=309384, deviceId=-1, source=0x101 }
I/ActivityManager(  496): START u0 {act=android.intent.action.MAIN cat=[android.intent.category.HOME] flg=0x10200000 cmp=com.vphone.launcher/.Launcher} from pid 496
W/ViewRootImpl( 9608): Dropping event due to no window focus: KeyEvent { action=ACTION_DOWN, keyCode=KEYCODE_MENU, scanCode=0, metaState=0, flags=0x8, repeatCount=0, eventTime=309423, downTime=309423, deviceId=-1, source=0x101 }
W/ViewRootImpl( 9608): Dropping event due to no window focus: KeyEvent { action=ACTION_DOWN, keyCode=KEYCODE_DPAD_DOWN, scanCode=0, metaState=0, flags=0x8, repeatCount=0, eventTime=309424, downTime=309424, deviceId=-1, source=0x101 }
W/InputMethodManagerService(  496): Window already focused, ignoring focus gain of: com.android.internal.view.IInputMethodClient$Stub$Proxy@4ad6c5dc attribute=null, token = android.os.BinderProxy@4b0ec124
W/EGL_emulation( 9608): eglSurfaceAttrib not implemented 3093 12436
W/ViewRootImpl( 9608): Dropping event due to no window focus: KeyEvent { action=ACTION_DOWN, keyCode=KEYCODE_DPAD_LEFT, scanCode=0, metaState=0, flags=0x8, repeatCount=0, eventTime=309485, downTime=309485, deviceId=-1, source=0x101 }
W/ViewRootImpl( 9608): Dropping event due to no window focus: KeyEvent { action=ACTION_DOWN, keyCode=KEYCODE_DPAD_DOWN, scanCode=0, metaState=0, flags=0x8, repeatCount=0, eventTime=309496, downTime=309496, deviceId=-1, source=0x101 }
W/ViewRootImpl( 9608): Dropping event due to no window focus: KeyEvent { action=ACTION_DOWN, keyCode=KEYCODE_DPAD_DOWN, scanCode=0, metaState=0, flags=0x8, repeatCount=0, eventTime=309501, downTime=309501, deviceId=-1, source=0x101 }
I/ActivityManager(  496): START u0 {act=android.intent.action.MAIN cat=[android.intent.category.LAUNCHER] flg=0x10200000 cmp=com.microsoft.skydrive/.MainActivity} from pid 9598
W/InputMethodManagerService(  496): Window already focused, ignoring focus gain of: com.android.internal.view.IInputMethodClient$Stub$Proxy@4b086474 attribute=null, token = android.os.BinderProxy@4b0ec124
V/PanelView(  558): animationTick called with dtms=0; nothing to do (h=0.0 v=-0.0)
W/ViewRootImpl( 9608): Dropping event due to no window focus: KeyEvent { action=ACTION_DOWN, keyCode=KEYCODE_DPAD_UP, scanCode=0, metaState=0, flags=0x8, repeatCount=0, eventTime=309630, downTime=309630, deviceId=-1, source=0x101 }
W/EGL_emulation( 9608): eglSurfaceAttrib not implemented 3093 12436
