W/IInputConnectionWrapper(17569): getCursorCapsMode on inactive InputConnection
W/IInputConnectionWrapper(17569): getCursorCapsMode on inactive InputConnection
W/IInputConnectionWrapper(17569): getCursorCapsMode on inactive InputConnection
I/ActivityManager(  472): START u0 {act=android.intent.action.MAIN cat=[android.intent.category.HOME] flg=0x10200000 cmp=com.vphone.launcher/.Launcher} from pid 472
V/InputMethodService(  661): onEvaluateInputViewShown: config.hardKeyboardHidden = 2
V/InputMethodService(  661): onEvaluateInputViewShown: config.hardKeyboardHidden = 2
W/ContextImpl(  472): Calling a method in the system process without a qualified user: android.app.ContextImpl.sendBroadcast:1123 com.android.server.InputMethodManagerService.showCurrentInputLocked:1791 com.android.server.InputMethodManagerService.showSoftInput:1753 com.android.internal.view.IInputMethodManager$Stub.onTransact:175 com.android.server.InputMethodManagerService.onTransact:818 
W/ContextImpl(  472): Calling a method in the system process without a qualified user: android.app.ContextImpl.sendBroadcast:1123 com.android.server.InputMethodManagerService.hideCurrentInputLocked:1880 com.android.server.InputMethodManagerService.hideSoftInput:1843 com.android.internal.view.IInputMethodManager$Stub.onTransact:194 com.android.server.InputMethodManagerService.onTransact:818 
V/InputMethodService(  661): onEvaluateInputViewShown: config.hardKeyboardHidden = 2
V/InputMethodService(  661): onEvaluateInputViewShown: config.hardKeyboardHidden = 2
W/ContextImpl(  472): Calling a method in the system process without a qualified user: android.app.ContextImpl.sendBroadcast:1123 com.android.server.InputMethodManagerService.showCurrentInputLocked:1791 com.android.server.InputMethodManagerService.showSoftInput:1753 com.android.internal.view.IInputMethodManager$Stub.onTransact:175 com.android.server.InputMethodManagerService.onTransact:818 
W/ContextImpl(  472): Calling a method in the system process without a qualified user: android.app.ContextImpl.sendBroadcast:1123 com.android.server.InputMethodManagerService.showCurrentInputLocked:1791 com.android.server.InputMethodManagerService.attachNewInputLocked:1095 com.android.server.InputMethodManagerService.startInputUncheckedLocked:1166 com.android.server.InputMethodManagerService.startInputLocked:1128 
W/ContextImpl(  472): Calling a method in the system process without a qualified user: android.app.ContextImpl.sendBroadcast:1123 com.android.server.InputMethodManagerService.showCurrentInputLocked:1791 com.android.server.InputMethodManagerService.attachNewInputLocked:1095 com.android.server.InputMethodManagerService.startInputUncheckedLocked:1166 com.android.server.InputMethodManagerService.startInputLocked:1128 
W/IInputConnectionWrapper(17569): getCursorCapsMode on inactive InputConnection
V/InputMethodService(  661): onEvaluateInputViewShown: config.hardKeyboardHidden = 2
V/InputMethodService(  661): onEvaluateInputViewShown: config.hardKeyboardHidden = 2
V/InputMethodService(  661): onEvaluateInputViewShown: config.hardKeyboardHidden = 2
V/InputMethodService(  661): onEvaluateInputViewShown: config.hardKeyboardHidden = 2
W/ContextImpl(  472): Calling a method in the system process without a qualified user: android.app.ContextImpl.sendBroadcast:1123 com.android.server.InputMethodManagerService.showCurrentInputLocked:1791 com.android.server.InputMethodManagerService.attachNewInputLocked:1095 com.android.server.InputMethodManagerService.startInputUncheckedLocked:1166 com.android.server.InputMethodManagerService.startInputLocked:1128 
V/InputMethodService(  661): onEvaluateInputViewShown: config.hardKeyboardHidden = 2
V/InputMethodService(  661): onEvaluateInputViewShown: config.hardKeyboardHidden = 2
W/ContextImpl(  472): Calling a method in the system process without a qualified user: android.app.ContextImpl.sendBroadcast:1123 com.android.server.InputMethodManagerService.hideCurrentInputLocked:1880 com.android.server.InputMethodManagerService.hideSoftInput:1843 com.android.internal.view.IInputMethodManager$Stub.onTransact:194 com.android.server.InputMethodManagerService.onTransact:818 
W/ContextImpl(  472): Calling a method in the system process without a qualified user: android.app.ContextImpl.sendBroadcast:1123 com.android.server.InputMethodManagerService.hideCurrentInputLocked:1880 com.android.server.InputMethodManagerService.hideSoftInput:1843 com.android.internal.view.IInputMethodManager$Stub.onTransact:194 com.android.server.InputMethodManagerService.onTransact:818 
W/ContextImpl(  472): Calling a method in the system process without a qualified user: android.app.ContextImpl.sendBroadcast:1123 com.android.server.InputMethodManagerService.hideCurrentInputLocked:1880 com.android.server.InputMethodManagerService.hideSoftInput:1843 com.android.internal.view.IInputMethodManager$Stub.onTransact:194 com.android.server.InputMethodManagerService.onTransact:818 
W/ContextImpl(  472): Calling a method in the system process without a qualified user: android.app.ContextImpl.sendBroadcast:1123 com.android.server.InputMethodManagerService.hideCurrentInputLocked:1880 com.android.server.InputMethodManagerService.hideSoftInput:1843 com.android.internal.view.IInputMethodManager$Stub.onTransact:194 com.android.server.InputMethodManagerService.onTransact:818 
W/ContextImpl(  472): Calling a method in the system process without a qualified user: android.app.ContextImpl.sendBroadcast:1123 com.android.server.InputMethodManagerService.hideCurrentInputLocked:1880 com.android.server.InputMethodManagerService.hideSoftInput:1843 com.android.internal.view.IInputMethodManager$Stub.onTransact:194 com.android.server.InputMethodManagerService.onTransact:818 
W/IInputConnectionWrapper(17569): getCursorCapsMode on inactive InputConnection
W/IInputConnectionWrapper(17569): getCursorCapsMode on inactive InputConnection
W/IInputConnectionWrapper(17569): getCursorCapsMode on inactive InputConnection
W/ContextImpl(  472): Calling a method in the system process without a qualified user: android.app.ContextImpl.sendBroadcast:1123 com.android.server.InputMethodManagerService.hideCurrentInputLocked:1880 com.android.server.InputMethodManagerService.hideSoftInput:1843 com.android.internal.view.IInputMethodManager$Stub.onTransact:194 com.android.server.InputMethodManagerService.onTransact:818 
W/ContextImpl(  472): Calling a method in the system process without a qualified user: android.app.ContextImpl.sendBroadcast:1123 com.android.server.InputMethodManagerService.hideCurrentInputLocked:1880 com.android.server.InputMethodManagerService.hideSoftInput:1843 com.android.internal.view.IInputMethodManager$Stub.onTransact:194 com.android.server.InputMethodManagerService.onTransact:818 
I/System.out(17569): body:<com.teamviewer.filetransferlib.filetransfer.TVFile: void <init>(java.lang.String,java.lang.String,com.teamviewer.filetransferlib.filetransfer.TVFile$FileType,com.teamviewer.filetransferlib.filetransfer.TVFile$Source,int)>	sig:$r1 = staticinvoke <java.net.URLConnection: java.lang.String guessContentTypeFromName(java.lang.String)>($r1)	timediff:0
I/System.out(17569): body:<com.teamviewer.filetransferlib.filetransfer.TVFile: void <init>(java.lang.String,java.lang.String,com.teamviewer.filetransferlib.filetransfer.TVFile$FileType,com.teamviewer.filetransferlib.filetransfer.TVFile$Source,int)>	sig:$r1 = staticinvoke <java.net.URLConnection: java.lang.String guessContentTypeFromName(java.lang.String)>($r1)	timediff:0
I/System.out(17569): body:<com.teamviewer.filetransferlib.filetransfer.TVFile: void <init>(java.lang.String,java.lang.String,com.teamviewer.filetransferlib.filetransfer.TVFile$FileType,com.teamviewer.filetransferlib.filetransfer.TVFile$Source,int)>	sig:$r1 = staticinvoke <java.net.URLConnection: java.lang.String guessContentTypeFromName(java.lang.String)>($r1)	timediff:0
I/InputDispatcher(  472): Dropped event because of pending overdue app switch.
W/InputManager(  472): Input event injection from pid 17559 failed.
W/ContextImpl(  472): Calling a method in the system process without a qualified user: android.app.ContextImpl.sendBroadcast:1123 com.android.server.InputMethodManagerService.hideCurrentInputLocked:1880 com.android.server.InputMethodManagerService.hideSoftInput:1843 com.android.internal.view.IInputMethodManager$Stub.onTransact:194 com.android.server.InputMethodManagerService.onTransact:818 
W/ContextImpl(  472): Calling a method in the system process without a qualified user: android.app.ContextImpl.sendBroadcast:1123 com.android.server.InputMethodManagerService.hideCurrentInputLocked:1880 com.android.server.InputMethodManagerService.hideSoftInput:1843 com.android.internal.view.IInputMethodManager$Stub.onTransact:194 com.android.server.InputMethodManagerService.onTransact:818 
W/ContextImpl(  472): Calling a method in the system process without a qualified user: android.app.ContextImpl.sendBroadcast:1123 com.android.server.InputMethodManagerService.hideCurrentInputLocked:1880 com.android.server.InputMethodManagerService.hideSoftInput:1843 com.android.internal.view.IInputMethodManager$Stub.onTransact:194 com.android.server.InputMethodManagerService.onTransact:818 
W/WindowManager(  472): updateFocusedWindowLocked, focusedAppToken is null.
W/ViewRootImpl(  472): Dropping event due to no window focus: MotionEvent { action=ACTION_MOVE, id[0]=0, x[0]=0.0, y[0]=-5.0, toolType[0]=TOOL_TYPE_UNKNOWN, buttonState=0, metaState=0, flags=0x0, edgeFlags=0x0, pointerCount=1, historySize=1, eventTime=883889, downTime=-1, deviceId=0, source=0x10004 }
W/ViewRootImpl(  472): Dropping event due to no window focus: MotionEvent { action=ACTION_DOWN, id[0]=0, x[0]=0.0, y[0]=0.0, toolType[0]=TOOL_TYPE_UNKNOWN, buttonState=0, metaState=0, flags=0x0, edgeFlags=0x0, pointerCount=1, historySize=0, eventTime=883892, downTime=883874, deviceId=0, source=0x10004 }
W/ContextImpl(  472): Calling a method in the system process without a qualified user: android.app.ContextImpl.sendBroadcast:1123 com.android.server.InputMethodManagerService.hideCurrentInputLocked:1880 com.android.server.InputMethodManagerService.hideSoftInput:1843 com.android.internal.view.IInputMethodManager$Stub.onTransact:194 com.android.server.InputMethodManagerService.onTransact:818 
W/InputEventReceiver(  472): Attempted to finish an input event but the input event receiver has already been disposed.
W/InputEventReceiver(  472): Attempted to finish an input event but the input event receiver has already been disposed.
W/ViewRootImpl(17569): Dropping event due to no window focus: KeyEvent { action=ACTION_DOWN, keyCode=KEYCODE_MENU, scanCode=0, metaState=0, flags=0x8, repeatCount=0, eventTime=884003, downTime=884003, deviceId=-1, source=0x101 }
W/ViewRootImpl(  472): Dropping event due to root view being removed: MotionEvent { action=ACTION_UP, id[0]=0, x[0]=794.61084, y[0]=-55.400238, toolType[0]=TOOL_TYPE_UNKNOWN, buttonState=0, metaState=0, flags=0x0, edgeFlags=0x0, pointerCount=1, historySize=0, eventTime=883983, downTime=883981, deviceId=0, source=0x1002 }
W/InputEventReceiver(  472): Attempted to finish an input event but the input event receiver has already been disposed.
W/ViewRootImpl(  472): Dropping event due to root view being removed: MotionEvent { action=ACTION_MOVE, id[0]=0, x[0]=-3.0, y[0]=-1.0, toolType[0]=TOOL_TYPE_UNKNOWN, buttonState=0, metaState=0, flags=0x0, edgeFlags=0x0, pointerCount=1, historySize=7, eventTime=883979, downTime=-1, deviceId=0, source=0x10004 }
W/ViewRootImpl(17569): Dropping event due to no window focus: MotionEvent { action=ACTION_MOVE, id[0]=0, x[0]=1.0, y[0]=-3.0, toolType[0]=TOOL_TYPE_UNKNOWN, buttonState=0, metaState=0, flags=0x0, edgeFlags=0x0, pointerCount=1, historySize=1, eventTime=884011, downTime=-1, deviceId=0, source=0x10004 }
W/InputMethodManagerService(  472): Window already focused, ignoring focus gain of: com.android.internal.view.IInputMethodClient$Stub$Proxy@4b0022b8 attribute=android.view.inputmethod.EditorInfo@4a9e26a4, token = android.os.BinderProxy@4a9684b4
W/ContextImpl(  472): Calling a method in the system process without a qualified user: android.app.ContextImpl.sendBroadcast:1123 com.android.server.InputMethodManagerService.hideCurrentInputLocked:1880 com.android.server.InputMethodManagerService.hideSoftInput:1843 com.android.internal.view.IInputMethodManager$Stub.onTransact:194 com.android.server.InputMethodManagerService.onTransact:818 
I/ActivityManager(  472): START u0 {act=android.intent.action.MAIN cat=[android.intent.category.LAUNCHER] flg=0x10200000 cmp=com.teamviewer.teamviewer.market.mobile/com.teamviewer.remotecontrollib.activity.MainActivity} from pid 17559
W/ContextImpl(  472): Calling a method in the system process without a qualified user: android.app.ContextImpl.sendBroadcast:1123 com.android.server.InputMethodManagerService.hideCurrentInputLocked:1880 com.android.server.InputMethodManagerService.hideSoftInput:1843 com.android.internal.view.IInputMethodManager$Stub.onTransact:194 com.android.server.InputMethodManagerService.onTransact:818 
I/ActivityManager(  472): START u0 {act=android.intent.action.CALL_BUTTON flg=0x10000000} from pid 17569
W/PhoneFallbackEventHandler(17569): No activity found for android.intent.action.CALL_BUTTON.
W/ContextImpl(  472): Calling a method in the system process without a qualified user: android.app.ContextImpl.sendBroadcast:1123 com.android.server.InputMethodManagerService.hideCurrentInputLocked:1880 com.android.server.InputMethodManagerService.hideSoftInput:1843 com.android.internal.view.IInputMethodManager$Stub.onTransact:194 com.android.server.InputMethodManagerService.onTransact:818 
W/ContextImpl(  472): Calling a method in the system process without a qualified user: android.app.ContextImpl.sendBroadcast:1123 com.android.server.InputMethodManagerService.hideCurrentInputLocked:1880 com.android.server.InputMethodManagerService.hideSoftInput:1843 com.android.internal.view.IInputMethodManager$Stub.onTransact:194 com.android.server.InputMethodManagerService.onTransact:818 
W/ContextImpl(  472): Calling a method in the system process without a qualified user: android.app.ContextImpl.sendBroadcast:1123 com.android.server.InputMethodManagerService.hideCurrentInputLocked:1880 com.android.server.InputMethodManagerService.hideSoftInput:1843 com.android.internal.view.IInputMethodManager$Stub.onTransact:194 com.android.server.InputMethodManagerService.onTransact:818 
W/ContextImpl(  472): Calling a method in the system process without a qualified user: android.app.ContextImpl.sendBroadcast:1123 com.android.server.InputMethodManagerService.showCurrentInputLocked:1791 com.android.server.InputMethodManagerService.showSoftInput:1753 com.android.internal.view.IInputMethodManager$Stub.onTransact:175 com.android.server.InputMethodManagerService.onTransact:818 
V/InputMethodService(  661): onEvaluateInputViewShown: config.hardKeyboardHidden = 2
V/InputMethodService(  661): onEvaluateInputViewShown: config.hardKeyboardHidden = 2
I/System.out(17569): body:<com.teamviewer.filetransferlib.filetransfer.TVFile: void <init>(java.lang.String,java.lang.String,com.teamviewer.filetransferlib.filetransfer.TVFile$FileType,com.teamviewer.filetransferlib.filetransfer.TVFile$Source,int)>	sig:$r1 = staticinvoke <java.net.URLConnection: java.lang.String guessContentTypeFromName(java.lang.String)>($r1)	timediff:1
I/System.out(17569): body:<com.teamviewer.filetransferlib.filetransfer.TVFile: void <init>(java.lang.String,java.lang.String,com.teamviewer.filetransferlib.filetransfer.TVFile$FileType,com.teamviewer.filetransferlib.filetransfer.TVFile$Source,int)>	sig:$r1 = staticinvoke <java.net.URLConnection: java.lang.String guessContentTypeFromName(java.lang.String)>($r1)	timediff:0
I/System.out(17569): body:<com.teamviewer.filetransferlib.filetransfer.TVFile: void <init>(java.lang.String,java.lang.String,com.teamviewer.filetransferlib.filetransfer.TVFile$FileType,com.teamviewer.filetransferlib.filetransfer.TVFile$Source,int)>	sig:$r1 = staticinvoke <java.net.URLConnection: java.lang.String guessContentTypeFromName(java.lang.String)>($r1)	timediff:0
V/InputMethodService(  661): onEvaluateInputViewShown: config.hardKeyboardHidden = 2
V/InputMethodService(  661): onEvaluateInputViewShown: config.hardKeyboardHidden = 2
W/ContextImpl(  472): Calling a method in the system process without a qualified user: android.app.ContextImpl.sendBroadcast:1123 com.android.server.InputMethodManagerService.showCurrentInputLocked:1791 com.android.server.InputMethodManagerService.attachNewInputLocked:1095 com.android.server.InputMethodManagerService.startInputUncheckedLocked:1166 com.android.server.InputMethodManagerService.startInputLocked:1128 
V/InputMethodService(  661): onEvaluateInputViewShown: config.hardKeyboardHidden = 2
V/InputMethodService(  661): onEvaluateInputViewShown: config.hardKeyboardHidden = 2
W/ContextImpl(  472): Calling a method in the system process without a qualified user: android.app.ContextImpl.sendBroadcast:1123 com.android.server.InputMethodManagerService.showCurrentInputLocked:1791 com.android.server.InputMethodManagerService.attachNewInputLocked:1095 com.android.server.InputMethodManagerService.startInputUncheckedLocked:1166 com.android.server.InputMethodManagerService.startInputLocked:1128 
W/ContextImpl(  472): Calling a method in the system process without a qualified user: android.app.ContextImpl.sendBroadcast:1123 com.android.server.InputMethodManagerService.hideCurrentInputLocked:1880 com.android.server.InputMethodManagerService.hideSoftInput:1843 com.android.internal.view.IInputMethodManager$Stub.onTransact:194 com.android.server.InputMethodManagerService.onTransact:818 
D/dalvikvm(  472): GC_CONCURRENT freed 4637K, 44% free 17049K/30296K, paused 1ms+8ms, total 38ms
V/PanelView(  564): animationTick called with dtms=0; nothing to do (h=0.0 v=-0.0)
W/EGL_emulation(17569): eglSurfaceAttrib not implemented 3093 12436
W/ViewRootImpl(17569): Dropping event due to no window focus: KeyEvent { action=ACTION_DOWN, keyCode=KEYCODE_DPAD_DOWN, scanCode=0, metaState=0, flags=0x8, repeatCount=0, eventTime=885508, downTime=885508, deviceId=-1, source=0x101 }
W/ContextImpl(  472): Calling a method in the system process without a qualified user: android.app.ContextImpl.sendBroadcast:1123 com.android.server.InputMethodManagerService.hideCurrentInputLocked:1880 com.android.server.InputMethodManagerService.windowGainedFocus:1968 com.android.internal.view.IInputMethodManager$Stub.onTransact:221 com.android.server.InputMethodManagerService.onTransact:818 
W/InputEventReceiver(17569): Attempted to finish an input event but the input event receiver has already been disposed.
W/InputEventReceiver(17569): Attempted to finish an input event but the input event receiver has already been disposed.
W/InputEventReceiver(17569): Attempted to finish an input event but the input event receiver has already been disposed.
W/InputEventReceiver(17569): Attempted to finish an input event but the input event receiver has already been disposed.
W/ViewRootImpl(17569): Dropping event due to root view being removed: MotionEvent { action=ACTION_MOVE, id[0]=0, x[0]=60.88324, y[0]=328.20673, toolType[0]=TOOL_TYPE_UNKNOWN, buttonState=0, metaState=0, flags=0x0, edgeFlags=0x0, pointerCount=1, historySize=8, eventTime=885643, downTime=885629, deviceId=0, source=0x1002 }
W/ViewRootImpl(17569): Dropping event due to root view being removed: MotionEvent { action=ACTION_UP, id[0]=0, x[0]=67.38577, y[0]=343.02808, toolType[0]=TOOL_TYPE_UNKNOWN, buttonState=0, metaState=0, flags=0x0, edgeFlags=0x0, pointerCount=1, historySize=0, eventTime=885644, downTime=885629, deviceId=0, source=0x1002 }
W/ViewRootImpl(17569): Dropping event due to root view being removed: KeyEvent { action=ACTION_UP, keyCode=KEYCODE_DPAD_CENTER, scanCode=0, metaState=0, flags=0x8, repeatCount=0, eventTime=885625, downTime=885625, deviceId=-1, source=0x101 }
W/ViewRootImpl(17569): Dropping event due to no window focus: KeyEvent { action=ACTION_DOWN, keyCode=KEYCODE_DPAD_CENTER, scanCode=0, metaState=0, flags=0x8, repeatCount=0, eventTime=885689, downTime=885689, deviceId=-1, source=0x101 }
I/ActivityManager(  472): START u0 {act=android.intent.action.MAIN cat=[android.intent.category.LAUNCHER] flg=0x10200000 cmp=com.teamviewer.teamviewer.market.mobile/com.teamviewer.remotecontrollib.activity.MainActivity} from pid 17559
I/ActivityManager(  472): START u0 {act=android.intent.action.MAIN cat=[android.intent.category.LAUNCHER] flg=0x10000000 cmp=com.android.browser/.BrowserActivity sel={act=android.intent.action.MAIN cat=[android.intent.category.APP_BROWSER]}} from pid 472
I/System.out(17569): body:<com.teamviewer.filetransferlib.filetransfer.TVFile: void <init>(java.lang.String,java.lang.String,com.teamviewer.filetransferlib.filetransfer.TVFile$FileType,com.teamviewer.filetransferlib.filetransfer.TVFile$Source,int)>	sig:$r1 = staticinvoke <java.net.URLConnection: java.lang.String guessContentTypeFromName(java.lang.String)>($r1)	timediff:0
I/System.out(17569): body:<com.teamviewer.filetransferlib.filetransfer.TVFile: void <init>(java.lang.String,java.lang.String,com.teamviewer.filetransferlib.filetransfer.TVFile$FileType,com.teamviewer.filetransferlib.filetransfer.TVFile$Source,int)>	sig:$r1 = staticinvoke <java.net.URLConnection: java.lang.String guessContentTypeFromName(java.lang.String)>($r1)	timediff:0
I/System.out(17569): body:<com.teamviewer.filetransferlib.filetransfer.TVFile: void <init>(java.lang.String,java.lang.String,com.teamviewer.filetransferlib.filetransfer.TVFile$FileType,com.teamviewer.filetransferlib.filetransfer.TVFile$Source,int)>	sig:$r1 = staticinvoke <java.net.URLConnection: java.lang.String guessContentTypeFromName(java.lang.String)>($r1)	timediff:0
I/ActivityManager(  472): START u0 {act=android.intent.action.MAIN cat=[android.intent.category.LAUNCHER] flg=0x10200000 cmp=com.teamviewer.teamviewer.market.mobile/com.teamviewer.remotecontrollib.activity.MainActivity} from pid 17559
I/System.out(17569): body:<com.teamviewer.filetransferlib.filetransfer.TVFile: void <init>(java.lang.String,java.lang.String,com.teamviewer.filetransferlib.filetransfer.TVFile$FileType,com.teamviewer.filetransferlib.filetransfer.TVFile$Source,int)>	sig:$r1 = staticinvoke <java.net.URLConnection: java.lang.String guessContentTypeFromName(java.lang.String)>($r1)	timediff:0
I/System.out(17569): body:<com.teamviewer.filetransferlib.filetransfer.TVFile: void <init>(java.lang.String,java.lang.String,com.teamviewer.filetransferlib.filetransfer.TVFile$FileType,com.teamviewer.filetransferlib.filetransfer.TVFile$Source,int)>	sig:$r1 = staticinvoke <java.net.URLConnection: java.lang.String guessContentTypeFromName(java.lang.String)>($r1)	timediff:0
I/System.out(17569): body:<com.teamviewer.filetransferlib.filetransfer.TVFile: void <init>(java.lang.String,java.lang.String,com.teamviewer.filetransferlib.filetransfer.TVFile$FileType,com.teamviewer.filetransferlib.filetransfer.TVFile$Source,int)>	sig:$r1 = staticinvoke <java.net.URLConnection: java.lang.String guessContentTypeFromName(java.lang.String)>($r1)	timediff:0
I/GMPM    (17569): Tag Manager is not found and thus will not be used
I/System.out(17569): body:<com.teamviewer.filetransferlib.filetransfer.TVFile: void <init>(java.lang.String,java.lang.String,com.teamviewer.filetransferlib.filetransfer.TVFile$FileType,com.teamviewer.filetransferlib.filetransfer.TVFile$Source,int)>	sig:$r1 = staticinvoke <java.net.URLConnection: java.lang.String guessContentTypeFromName(java.lang.String)>($r1)	timediff:0
I/System.out(17569): body:<com.teamviewer.filetransferlib.filetransfer.TVFile: void <init>(java.lang.String,java.lang.String,com.teamviewer.filetransferlib.filetransfer.TVFile$FileType,com.teamviewer.filetransferlib.filetransfer.TVFile$Source,int)>	sig:$r1 = staticinvoke <java.net.URLConnection: java.lang.String guessContentTypeFromName(java.lang.String)>($r1)	timediff:0
I/System.out(17569): body:<com.teamviewer.filetransferlib.filetransfer.TVFile: void <init>(java.lang.String,java.lang.String,com.teamviewer.filetransferlib.filetransfer.TVFile$FileType,com.teamviewer.filetransferlib.filetransfer.TVFile$Source,int)>	sig:$r1 = staticinvoke <java.net.URLConnection: java.lang.String guessContentTypeFromName(java.lang.String)>($r1)	timediff:0
I/System.out(17569): body:<com.teamviewer.filetransferlib.filetransfer.TVFile: void <init>(java.lang.String,java.lang.String,com.teamviewer.filetransferlib.filetransfer.TVFile$FileType,com.teamviewer.filetransferlib.filetransfer.TVFile$Source,int)>	sig:$r1 = staticinvoke <java.net.URLConnection: java.lang.String guessContentTypeFromName(java.lang.String)>($r1)	timediff:0
I/System.out(17569): body:<com.teamviewer.filetransferlib.filetransfer.TVFile: void <init>(java.lang.String,java.lang.String,com.teamviewer.filetransferlib.filetransfer.TVFile$FileType,com.teamviewer.filetransferlib.filetransfer.TVFile$Source,int)>	sig:$r1 = staticinvoke <java.net.URLConnection: java.lang.String guessContentTypeFromName(java.lang.String)>($r1)	timediff:0
I/System.out(17569): body:<com.teamviewer.filetransferlib.filetransfer.TVFile: void <init>(java.lang.String,java.lang.String,com.teamviewer.filetransferlib.filetransfer.TVFile$FileType,com.teamviewer.filetransferlib.filetransfer.TVFile$Source,int)>	sig:$r1 = staticinvoke <java.net.URLConnection: java.lang.String guessContentTypeFromName(java.lang.String)>($r1)	timediff:0
I/System.out(17569): body:<com.teamviewer.filetransferlib.filetransfer.TVFile: void <init>(java.lang.String,java.lang.String,com.teamviewer.filetransferlib.filetransfer.TVFile$FileType,com.teamviewer.filetransferlib.filetransfer.TVFile$Source,int)>	sig:$r1 = staticinvoke <java.net.URLConnection: java.lang.String guessContentTypeFromName(java.lang.String)>($r1)	timediff:0
I/System.out(17569): body:<com.teamviewer.filetransferlib.filetransfer.TVFile: void <init>(java.lang.String,java.lang.String,com.teamviewer.filetransferlib.filetransfer.TVFile$FileType,com.teamviewer.filetransferlib.filetransfer.TVFile$Source,int)>	sig:$r1 = staticinvoke <java.net.URLConnection: java.lang.String guessContentTypeFromName(java.lang.String)>($r1)	timediff:0
I/System.out(17569): body:<com.teamviewer.filetransferlib.filetransfer.TVFile: void <init>(java.lang.String,java.lang.String,com.teamviewer.filetransferlib.filetransfer.TVFile$FileType,com.teamviewer.filetransferlib.filetransfer.TVFile$Source,int)>	sig:$r1 = staticinvoke <java.net.URLConnection: java.lang.String guessContentTypeFromName(java.lang.String)>($r1)	timediff:0
W/ViewRootImpl(17569): Dropping event due to no window focus: KeyEvent { action=ACTION_DOWN, keyCode=KEYCODE_DPAD_RIGHT, scanCode=0, metaState=0, flags=0x8, repeatCount=0, eventTime=887006, downTime=887006, deviceId=-1, source=0x101 }
W/EGL_emulation(17569): eglSurfaceAttrib not implemented 3093 12436
W/InputEventReceiver(17569): Attempted to finish an input event but the input event receiver has already been disposed.
W/EGL_emulation(17569): eglSurfaceAttrib not implemented 3093 12436
W/ViewRootImpl(17569): Dropping event due to no window focus: KeyEvent { action=ACTION_DOWN, keyCode=KEYCODE_DPAD_CENTER, scanCode=0, metaState=0, flags=0x8, repeatCount=0, eventTime=888030, downTime=888030, deviceId=-1, source=0x101 }
W/EGL_emulation(17569): eglSurfaceAttrib not implemented 3093 12436
W/ViewRootImpl(17569): Dropping event due to no window focus: KeyEvent { action=ACTION_DOWN, keyCode=KEYCODE_DPAD_RIGHT, scanCode=0, metaState=0, flags=0x8, repeatCount=0, eventTime=888045, downTime=888045, deviceId=-1, source=0x101 }
W/InputEventReceiver(17569): Attempted to finish an input event but the input event receiver has already been disposed.
W/InputEventReceiver(17569): Attempted to finish an input event but the input event receiver has already been disposed.
W/InputEventReceiver(17569): Attempted to finish an input event but the input event receiver has already been disposed.
W/InputEventReceiver(17569): Attempted to finish an input event but the input event receiver has already been disposed.
W/ViewRootImpl(17569): Dropping event due to root view being removed: MotionEvent { action=ACTION_MOVE, id[0]=0, x[0]=962.3446, y[0]=459.39435, toolType[0]=TOOL_TYPE_UNKNOWN, buttonState=0, metaState=0, flags=0x0, edgeFlags=0x0, pointerCount=1, historySize=0, eventTime=888260, downTime=888258, deviceId=0, source=0x1002 }
W/ViewRootImpl(17569): Dropping event due to root view being removed: MotionEvent { action=ACTION_UP, id[0]=0, x[0]=946.51416, y[0]=465.59192, toolType[0]=TOOL_TYPE_UNKNOWN, buttonState=0, metaState=0, flags=0x0, edgeFlags=0x0, pointerCount=1, historySize=0, eventTime=888262, downTime=888258, deviceId=0, source=0x1002 }
W/ViewRootImpl(17569): Dropping event due to root view being removed: MotionEvent { action=ACTION_MOVE, id[0]=0, x[0]=-3.0, y[0]=1.0, toolType[0]=TOOL_TYPE_UNKNOWN, buttonState=0, metaState=0, flags=0x0, edgeFlags=0x0, pointerCount=1, historySize=4, eventTime=888256, downTime=-1, deviceId=0, source=0x10004 }
W/ViewRootImpl(17569): Dropping event due to root view being removed: KeyEvent { action=ACTION_MULTIPLE, keyCode=KEYCODE_DPAD_RIGHT, scanCode=0, metaState=0, flags=0x400, repeatCount=2, eventTime=888261, downTime=888261, deviceId=-1, source=0x101 }
W/ViewRootImpl(17569): Dropping event due to root view being removed: KeyEvent { action=ACTION_DOWN, keyCode=KEYCODE_DPAD_RIGHT, scanCode=0, metaState=0, flags=0x400, repeatCount=0, eventTime=888261, downTime=888261, deviceId=-1, source=0x101 }
W/ViewRootImpl(17569): Dropping event due to root view being removed: KeyEvent { action=ACTION_UP, keyCode=KEYCODE_DPAD_RIGHT, scanCode=0, metaState=0, flags=0x400, repeatCount=0, eventTime=888261, downTime=888261, deviceId=-1, source=0x101 }
W/ViewRootImpl(17569): Dropping event due to root view being removed: KeyEvent { action=ACTION_DOWN, keyCode=KEYCODE_DPAD_RIGHT, scanCode=0, metaState=0, flags=0x400, repeatCount=0, eventTime=888261, downTime=888261, deviceId=-1, source=0x101 }
W/ViewRootImpl(17569): Dropping event due to root view being removed: KeyEvent { action=ACTION_UP, keyCode=KEYCODE_DPAD_RIGHT, scanCode=0, metaState=0, flags=0x400, repeatCount=0, eventTime=888261, downTime=888261, deviceId=-1, source=0x101 }
W/ViewRootImpl(17569): Dropping event due to root view being removed: KeyEvent { action=ACTION_DOWN, keyCode=KEYCODE_DPAD_RIGHT, scanCode=0, metaState=0, flags=0x400, repeatCount=0, eventTime=888261, downTime=888261, deviceId=-1, source=0x101 }
W/ViewRootImpl(17569): Dropping event due to root view being removed: KeyEvent { action=ACTION_UP, keyCode=KEYCODE_DPAD_RIGHT, scanCode=0, metaState=0, flags=0x400, repeatCount=0, eventTime=888261, downTime=888261, deviceId=-1, source=0x101 }
W/ContextImpl(  472): Calling a method in the system process without a qualified user: android.app.ContextImpl.sendBroadcast:1123 com.android.server.InputMethodManagerService.hideCurrentInputLocked:1880 com.android.server.InputMethodManagerService.hideSoftInput:1843 com.android.internal.view.IInputMethodManager$Stub.onTransact:194 com.android.server.InputMethodManagerService.onTransact:818 
W/ContextImpl(  472): Calling a method in the system process without a qualified user: android.app.ContextImpl.sendBroadcast:1123 com.android.server.InputMethodManagerService.hideCurrentInputLocked:1880 com.android.server.InputMethodManagerService.hideSoftInput:1843 com.android.internal.view.IInputMethodManager$Stub.onTransact:194 com.android.server.InputMethodManagerService.onTransact:818 
W/ContextImpl(  472): Calling a method in the system process without a qualified user: android.app.ContextImpl.sendBroadcast:1123 com.android.server.InputMethodManagerService.hideCurrentInputLocked:1880 com.android.server.InputMethodManagerService.hideSoftInput:1843 com.android.internal.view.IInputMethodManager$Stub.onTransact:194 com.android.server.InputMethodManagerService.onTransact:818 
W/ContextImpl(  472): Calling a method in the system process without a qualified user: android.app.ContextImpl.sendBroadcast:1123 com.android.server.InputMethodManagerService.hideCurrentInputLocked:1880 com.android.server.InputMethodManagerService.hideSoftInput:1843 com.android.internal.view.IInputMethodManager$Stub.onTransact:194 com.android.server.InputMethodManagerService.onTransact:818 
W/IInputConnectionWrapper(17569): getCursorCapsMode on inactive InputConnection
W/IInputConnectionWrapper(17569): getCursorCapsMode on inactive InputConnection
W/IInputConnectionWrapper(17569): getCursorCapsMode on inactive InputConnection
W/IInputConnectionWrapper(17569): getCursorCapsMode on inactive InputConnection
W/ContextImpl(  472): Calling a method in the system process without a qualified user: android.app.ContextImpl.sendBroadcast:1123 com.android.server.InputMethodManagerService.hideCurrentInputLocked:1880 com.android.server.InputMethodManagerService.hideSoftInput:1843 com.android.internal.view.IInputMethodManager$Stub.onTransact:194 com.android.server.InputMethodManagerService.onTransact:818 
W/ContextImpl(  472): Calling a method in the system process without a qualified user: android.app.ContextImpl.sendBroadcast:1123 com.android.server.InputMethodManagerService.hideCurrentInputLocked:1880 com.android.server.InputMethodManagerService.hideSoftInput:1843 com.android.internal.view.IInputMethodManager$Stub.onTransact:194 com.android.server.InputMethodManagerService.onTransact:818 
W/ContextImpl(  472): Calling a method in the system process without a qualified user: android.app.ContextImpl.sendBroadcast:1123 com.android.server.InputMethodManagerService.hideCurrentInputLocked:1880 com.android.server.InputMethodManagerService.hideSoftInput:1843 com.android.internal.view.IInputMethodManager$Stub.onTransact:194 com.android.server.InputMethodManagerService.onTransact:818 
W/ContextImpl(  472): Calling a method in the system process without a qualified user: android.app.ContextImpl.sendBroadcast:1123 com.android.server.InputMethodManagerService.hideCurrentInputLocked:1880 com.android.server.InputMethodManagerService.hideSoftInput:1843 com.android.internal.view.IInputMethodManager$Stub.onTransact:194 com.android.server.InputMethodManagerService.onTransact:818 
W/ContextImpl(  472): Calling a method in the system process without a qualified user: android.app.ContextImpl.sendBroadcast:1123 com.android.server.InputMethodManagerService.hideCurrentInputLocked:1880 com.android.server.InputMethodManagerService.hideSoftInput:1843 com.android.internal.view.IInputMethodManager$Stub.onTransact:194 com.android.server.InputMethodManagerService.onTransact:818 
W/ContextImpl(  472): Calling a method in the system process without a qualified user: android.app.ContextImpl.sendBroadcast:1123 com.android.server.InputMethodManagerService.hideCurrentInputLocked:1880 com.android.server.InputMethodManagerService.hideSoftInput:1843 com.android.internal.view.IInputMethodManager$Stub.onTransact:194 com.android.server.InputMethodManagerService.onTransact:818 
W/ContextImpl(  472): Calling a method in the system process without a qualified user: android.app.ContextImpl.sendBroadcast:1123 com.android.server.InputMethodManagerService.hideCurrentInputLocked:1880 com.android.server.InputMethodManagerService.hideSoftInput:1843 com.android.internal.view.IInputMethodManager$Stub.onTransact:194 com.android.server.InputMethodManagerService.onTransact:818 
W/ContextImpl(  472): Calling a method in the system process without a qualified user: android.app.ContextImpl.sendBroadcast:1123 com.android.server.InputMethodManagerService.hideCurrentInputLocked:1880 com.android.server.InputMethodManagerService.hideSoftInput:1843 com.android.internal.view.IInputMethodManager$Stub.onTransact:194 com.android.server.InputMethodManagerService.onTransact:818 
V/InputMethodService(  661): onEvaluateInputViewShown: config.hardKeyboardHidden = 2
V/InputMethodService(  661): onEvaluateInputViewShown: config.hardKeyboardHidden = 2
W/ContextImpl(  472): Calling a method in the system process without a qualified user: android.app.ContextImpl.sendBroadcast:1123 com.android.server.InputMethodManagerService.showCurrentInputLocked:1791 com.android.server.InputMethodManagerService.showSoftInput:1753 com.android.internal.view.IInputMethodManager$Stub.onTransact:175 com.android.server.InputMethodManagerService.onTransact:818 
I/ActivityManager(  472): START u0 {act=android.intent.action.CALL_BUTTON flg=0x10000000} from pid 17569
W/PhoneFallbackEventHandler(17569): No activity found for android.intent.action.CALL_BUTTON.
V/InputMethodService(  661): onEvaluateInputViewShown: config.hardKeyboardHidden = 2
V/InputMethodService(  661): onEvaluateInputViewShown: config.hardKeyboardHidden = 2
W/ContextImpl(  472): Calling a method in the system process without a qualified user: android.app.ContextImpl.sendBroadcast:1123 com.android.server.InputMethodManagerService.showCurrentInputLocked:1791 com.android.server.InputMethodManagerService.attachNewInputLocked:1095 com.android.server.InputMethodManagerService.startInputUncheckedLocked:1166 com.android.server.InputMethodManagerService.startInputLocked:1128 
W/ContextImpl(  472): Calling a method in the system process without a qualified user: android.app.ContextImpl.sendBroadcast:1123 com.android.server.InputMethodManagerService.hideCurrentInputLocked:1880 com.android.server.InputMethodManagerService.hideSoftInput:1843 com.android.internal.view.IInputMethodManager$Stub.onTransact:194 com.android.server.InputMethodManagerService.onTransact:818 
W/IInputConnectionWrapper(17569): getCursorCapsMode on inactive InputConnection
W/IInputConnectionWrapper(17569): getCursorCapsMode on inactive InputConnection
W/IInputConnectionWrapper(17569): getCursorCapsMode on inactive InputConnection
V/InputMethodService(  661): onEvaluateInputViewShown: config.hardKeyboardHidden = 2
V/InputMethodService(  661): onEvaluateInputViewShown: config.hardKeyboardHidden = 2
W/ContextImpl(  472): Calling a method in the system process without a qualified user: android.app.ContextImpl.sendBroadcast:1123 com.android.server.InputMethodManagerService.showCurrentInputLocked:1791 com.android.server.InputMethodManagerService.showSoftInput:1753 com.android.internal.view.IInputMethodManager$Stub.onTransact:175 com.android.server.InputMethodManagerService.onTransact:818 
W/ContextImpl(  472): Calling a method in the system process without a qualified user: android.app.ContextImpl.sendBroadcast:1123 com.android.server.InputMethodManagerService.showCurrentInputLocked:1791 com.android.server.InputMethodManagerService.showSoftInput:1753 com.android.internal.view.IInputMethodManager$Stub.onTransact:175 com.android.server.InputMethodManagerService.onTransact:818 
V/InputMethodService(  661): onEvaluateInputViewShown: config.hardKeyboardHidden = 2
V/InputMethodService(  661): onEvaluateInputViewShown: config.hardKeyboardHidden = 2
W/ContextImpl(  472): Calling a method in the system process without a qualified user: android.app.ContextImpl.sendBroadcast:1123 com.android.server.InputMethodManagerService.showCurrentInputLocked:1791 com.android.server.InputMethodManagerService.attachNewInputLocked:1095 com.android.server.InputMethodManagerService.startInputUncheckedLocked:1166 com.android.server.InputMethodManagerService.startInputLocked:1128 
W/ContextImpl(  472): Calling a method in the system process without a qualified user: android.app.ContextImpl.sendBroadcast:1123 com.android.server.InputMethodManagerService.showCurrentInputLocked:1791 com.android.server.InputMethodManagerService.attachNewInputLocked:1095 com.android.server.InputMethodManagerService.startInputUncheckedLocked:1166 com.android.server.InputMethodManagerService.startInputLocked:1128 
W/ContextImpl(  472): Calling a method in the system process without a qualified user: android.app.ContextImpl.sendBroadcast:1123 com.android.server.InputMethodManagerService.showCurrentInputLocked:1791 com.android.server.InputMethodManagerService.attachNewInputLocked:1095 com.android.server.InputMethodManagerService.startInputUncheckedLocked:1166 com.android.server.InputMethodManagerService.startInputLocked:1128 
W/IInputConnectionWrapper(17569): getCursorCapsMode on inactive InputConnection
V/InputMethodService(  661): onEvaluateInputViewShown: config.hardKeyboardHidden = 2
V/InputMethodService(  661): onEvaluateInputViewShown: config.hardKeyboardHidden = 2
W/IInputConnectionWrapper(17569): getCursorCapsMode on inactive InputConnection
V/InputMethodService(  661): onEvaluateInputViewShown: config.hardKeyboardHidden = 2
V/InputMethodService(  661): onEvaluateInputViewShown: config.hardKeyboardHidden = 2
V/InputMethodService(  661): onEvaluateInputViewShown: config.hardKeyboardHidden = 2
V/InputMethodService(  661): onEvaluateInputViewShown: config.hardKeyboardHidden = 2
V/InputMethodService(  661): onEvaluateInputViewShown: config.hardKeyboardHidden = 2
V/InputMethodService(  661): onEvaluateInputViewShown: config.hardKeyboardHidden = 2
W/ContextImpl(  472): Calling a method in the system process without a qualified user: android.app.ContextImpl.sendBroadcast:1123 com.android.server.InputMethodManagerService.showCurrentInputLocked:1791 com.android.server.InputMethodManagerService.attachNewInputLocked:1095 com.android.server.InputMethodManagerService.startInputUncheckedLocked:1166 com.android.server.InputMethodManagerService.startInputLocked:1128 
V/InputMethodService(  661): onEvaluateInputViewShown: config.hardKeyboardHidden = 2
V/InputMethodService(  661): onEvaluateInputViewShown: config.hardKeyboardHidden = 2
W/ContextImpl(  472): Calling a method in the system process without a qualified user: android.app.ContextImpl.sendBroadcast:1123 com.android.server.InputMethodManagerService.showCurrentInputLocked:1791 com.android.server.InputMethodManagerService.attachNewInputLocked:1095 com.android.server.InputMethodManagerService.startInputUncheckedLocked:1166 com.android.server.InputMethodManagerService.startInputLocked:1128 
W/ContextImpl(  472): Calling a method in the system process without a qualified user: android.app.ContextImpl.sendBroadcast:1123 com.android.server.InputMethodManagerService.hideCurrentInputLocked:1880 com.android.server.InputMethodManagerService.hideSoftInput:1843 com.android.internal.view.IInputMethodManager$Stub.onTransact:194 com.android.server.InputMethodManagerService.onTransact:818 
W/ContextImpl(  472): Calling a method in the system process without a qualified user: android.app.ContextImpl.sendBroadcast:1123 com.android.server.InputMethodManagerService.hideCurrentInputLocked:1880 com.android.server.InputMethodManagerService.hideSoftInput:1843 com.android.internal.view.IInputMethodManager$Stub.onTransact:194 com.android.server.InputMethodManagerService.onTransact:818 
I/ActivityManager(  472): START u0 {act=android.intent.action.MAIN cat=[android.intent.category.LAUNCHER] flg=0x10200000 cmp=com.teamviewer.teamviewer.market.mobile/com.teamviewer.remotecontrollib.activity.MainActivity} from pid 17559
W/ContextImpl(  472): Calling a method in the system process without a qualified user: android.app.ContextImpl.sendBroadcast:1123 com.android.server.InputMethodManagerService.hideCurrentInputLocked:1880 com.android.server.InputMethodManagerService.hideSoftInput:1843 com.android.internal.view.IInputMethodManager$Stub.onTransact:194 com.android.server.InputMethodManagerService.onTransact:818 
I/ActivityManager(  472): START u0 {act=android.intent.action.MAIN cat=[android.intent.category.HOME] flg=0x10200000 cmp=com.vphone.launcher/.Launcher} from pid 472
W/ContextImpl(  472): Calling a method in the system process without a qualified user: android.app.ContextImpl.sendBroadcast:1123 com.android.server.InputMethodManagerService.hideCurrentInputLocked:1880 com.android.server.InputMethodManagerService.hideSoftInput:1843 com.android.internal.view.IInputMethodManager$Stub.onTransact:194 com.android.server.InputMethodManagerService.onTransact:818 
I/ActivityManager(  472): START u0 {act=android.intent.action.MAIN cat=[android.intent.category.LAUNCHER] flg=0x10200000 cmp=com.teamviewer.teamviewer.market.mobile/com.teamviewer.remotecontrollib.activity.MainActivity} from pid 17559
W/ContextImpl(  472): Calling a method in the system process without a qualified user: android.app.ContextImpl.sendBroadcast:1123 com.android.server.InputMethodManagerService.hideCurrentInputLocked:1880 com.android.server.InputMethodManagerService.hideSoftInput:1843 com.android.internal.view.IInputMethodManager$Stub.onTransact:194 com.android.server.InputMethodManagerService.onTransact:818 
W/ContextImpl(  472): Calling a method in the system process without a qualified user: android.app.ContextImpl.sendBroadcast:1123 com.android.server.InputMethodManagerService.hideCurrentInputLocked:1880 com.android.server.InputMethodManagerService.hideSoftInput:1843 com.android.internal.view.IInputMethodManager$Stub.onTransact:194 com.android.server.InputMethodManagerService.onTransact:818 
W/ContextImpl(  472): Calling a method in the system process without a qualified user: android.app.ContextImpl.sendBroadcast:1123 com.android.server.InputMethodManagerService.hideCurrentInputLocked:1880 com.android.server.InputMethodManagerService.hideSoftInput:1843 com.android.internal.view.IInputMethodManager$Stub.onTransact:194 com.android.server.InputMethodManagerService.onTransact:818 
W/ContextImpl(  472): Calling a method in the system process without a qualified user: android.app.ContextImpl.sendBroadcast:1123 com.android.server.InputMethodManagerService.hideCurrentInputLocked:1880 com.android.server.InputMethodManagerService.hideSoftInput:1843 com.android.internal.view.IInputMethodManager$Stub.onTransact:194 com.android.server.InputMethodManagerService.onTransact:818 
W/InputManager(  472): Input event injection from pid 17559 failed.
W/InputManager(  472): Input event injection from pid 17559 failed.
I/InputDispatcher(  472): Dropped event because of pending overdue app switch.
W/InputManager(  472): Input event injection from pid 17559 failed.
W/IInputConnectionWrapper(17569): getCursorCapsMode on inactive InputConnection
W/IInputConnectionWrapper(17569): getCursorCapsMode on inactive InputConnection
W/ContextImpl(  472): Calling a method in the system process without a qualified user: android.app.ContextImpl.sendBroadcast:1123 com.android.server.InputMethodManagerService.showCurrentInputLocked:1791 com.android.server.InputMethodManagerService.showSoftInput:1753 com.android.internal.view.IInputMethodManager$Stub.onTransact:175 com.android.server.InputMethodManagerService.onTransact:818 
V/InputMethodService(  661): onEvaluateInputViewShown: config.hardKeyboardHidden = 2
V/InputMethodService(  661): onEvaluateInputViewShown: config.hardKeyboardHidden = 2
W/ContextImpl(  472): Calling a method in the system process without a qualified user: android.app.ContextImpl.sendBroadcast:1123 com.android.server.InputMethodManagerService.hideCurrentInputLocked:1880 com.android.server.InputMethodManagerService.hideSoftInput:1843 com.android.internal.view.IInputMethodManager$Stub.onTransact:194 com.android.server.InputMethodManagerService.onTransact:818 
W/ContextImpl(  472): Calling a method in the system process without a qualified user: android.app.ContextImpl.sendBroadcast:1123 com.android.server.InputMethodManagerService.hideCurrentInputLocked:1880 com.android.server.InputMethodManagerService.hideSoftInput:1843 com.android.internal.view.IInputMethodManager$Stub.onTransact:194 com.android.server.InputMethodManagerService.onTransact:818 
W/ContextImpl(  472): Calling a method in the system process without a qualified user: android.app.ContextImpl.sendBroadcast:1123 com.android.server.InputMethodManagerService.hideCurrentInputLocked:1880 com.android.server.InputMethodManagerService.hideSoftInput:1843 com.android.internal.view.IInputMethodManager$Stub.onTransact:194 com.android.server.InputMethodManagerService.onTransact:818 
W/ContextImpl(  472): Calling a method in the system process without a qualified user: android.app.ContextImpl.sendBroadcast:1123 com.android.server.InputMethodManagerService.hideCurrentInputLocked:1880 com.android.server.InputMethodManagerService.hideSoftInput:1843 com.android.internal.view.IInputMethodManager$Stub.onTransact:194 com.android.server.InputMethodManagerService.onTransact:818 
W/ContextImpl(  472): Calling a method in the system process without a qualified user: android.app.ContextImpl.sendBroadcast:1123 com.android.server.InputMethodManagerService.hideCurrentInputLocked:1880 com.android.server.InputMethodManagerService.hideSoftInput:1843 com.android.internal.view.IInputMethodManager$Stub.onTransact:194 com.android.server.InputMethodManagerService.onTransact:818 
W/ContextImpl(  472): Calling a method in the system process without a qualified user: android.app.ContextImpl.sendBroadcast:1123 com.android.server.InputMethodManagerService.hideCurrentInputLocked:1880 com.android.server.InputMethodManagerService.hideSoftInput:1843 com.android.internal.view.IInputMethodManager$Stub.onTransact:194 com.android.server.InputMethodManagerService.onTransact:818 
W/ContextImpl(  472): Calling a method in the system process without a qualified user: android.app.ContextImpl.sendBroadcast:1123 com.android.server.InputMethodManagerService.hideCurrentInputLocked:1880 com.android.server.InputMethodManagerService.hideSoftInput:1843 com.android.internal.view.IInputMethodManager$Stub.onTransact:194 com.android.server.InputMethodManagerService.onTransact:818 
W/IInputConnectionWrapper(17569): getCursorCapsMode on inactive InputConnection
