W/ViewRootImpl( 7025): Dropping event due to no window focus: MotionEvent { action=ACTION_MOVE, id[0]=0, x[0]=-3.0, y[0]=-1.0, toolType[0]=TOOL_TYPE_UNKNOWN, buttonState=0, metaState=0, flags=0x0, edgeFlags=0x0, pointerCount=1, historySize=9, eventTime=406837, downTime=-1, deviceId=0, source=0x10004 }
W/InputEventReceiver( 7025): Attempted to finish an input event but the input event receiver has already been disposed.
W/InputEventReceiver( 7025): Attempted to finish an input event but the input event receiver has already been disposed.
W/InputEventReceiver( 7025): Attempted to finish an input event but the input event receiver has already been disposed.
W/InputEventReceiver( 7025): Attempted to finish an input event but the input event receiver has already been disposed.
W/InputEventReceiver( 7025): Attempted to finish an input event but the input event receiver has already been disposed.
W/InputEventReceiver( 7025): Attempted to finish an input event but the input event receiver has already been disposed.
W/ViewRootImpl( 7025): Dropping event due to no window focus: MotionEvent { action=ACTION_DOWN, id[0]=0, x[0]=0.0, y[0]=0.0, toolType[0]=TOOL_TYPE_UNKNOWN, buttonState=0, metaState=0, flags=0x0, edgeFlags=0x0, pointerCount=1, historySize=0, eventTime=406837, downTime=406815, deviceId=0, source=0x10004 }
W/ViewRootImpl( 7025): Dropping event due to root view being removed: MotionEvent { action=ACTION_UP, id[0]=0, x[0]=-797.916, y[0]=221.47803, toolType[0]=TOOL_TYPE_UNKNOWN, buttonState=0, metaState=0, flags=0x0, edgeFlags=0x0, pointerCount=1, historySize=0, eventTime=406841, downTime=406840, deviceId=0, source=0x1002 }
W/ViewRootImpl( 7025): Dropping event due to root view being removed: MotionEvent { action=ACTION_DOWN, id[0]=0, x[0]=-278.0, y[0]=232.0, toolType[0]=TOOL_TYPE_UNKNOWN, buttonState=0, metaState=0, flags=0x0, edgeFlags=0x0, pointerCount=1, historySize=0, eventTime=406844, downTime=406844, deviceId=0, source=0x1002 }
W/ViewRootImpl( 7025): Dropping event due to root view being removed: MotionEvent { action=ACTION_POINTER_DOWN(1), id[0]=0, x[0]=-275.18347, y[0]=228.34952, toolType[0]=TOOL_TYPE_UNKNOWN, id[1]=1, x[1]=-123.0, y[1]=15.0, toolType[1]=TOOL_TYPE_UNKNOWN, buttonState=0, metaState=0, flags=0x0, edgeFlags=0x0, pointerCount=2, historySize=0, eventTime=406845, downTime=406844, deviceId=0, source=0x1002 }
W/ViewRootImpl( 7025): Dropping event due to root view being removed: MotionEvent { action=ACTION_POINTER_UP(1), id[0]=0, x[0]=-273.3863, y[0]=223.79202, toolType[0]=TOOL_TYPE_UNKNOWN, id[1]=1, x[1]=-119.27112, y[1]=16.712029, toolType[1]=TOOL_TYPE_UNKNOWN, buttonState=0, metaState=0, flags=0x0, edgeFlags=0x0, pointerCount=2, historySize=0, eventTime=406846, downTime=406844, deviceId=0, source=0x1002 }
W/ViewRootImpl( 7025): Dropping event due to root view being removed: MotionEvent { action=ACTION_UP, id[0]=0, x[0]=-272.74664, y[0]=221.7344, toolType[0]=TOOL_TYPE_UNKNOWN, buttonState=0, metaState=0, flags=0x0, edgeFlags=0x0, pointerCount=1, historySize=0, eventTime=406847, downTime=406844, deviceId=0, source=0x1002 }
W/System.err( 7025): android.content.pm.PackageManager$NameNotFoundException: com.emojifamily.emoji.keyboard.tool.adunlocker
W/System.err( 7025): 	at android.app.ApplicationPackageManager.getPackageInfo(ApplicationPackageManager.java:82)
W/System.err( 7025): 	at com.emojifamily.emoji.keyboard.font.utils.Util.isInstalled(SourceFile:47)
W/System.err( 7025): 	at com.emojifamily.emoji.keyboard.font.utils.Util.isAppUsedInCN(SourceFile:119)
W/System.err( 7025): 	at com.emojifamily.emoji.keyboard.font.twitteremoji.MainActivity.onResume(SourceFile:240)
W/System.err( 7025): 	at android.app.Instrumentation.callActivityOnResume(Instrumentation.java:1209)
W/System.err( 7025): 	at android.app.Activity.performResume(Activity.java:5310)
W/System.err( 7025): 	at android.app.ActivityThread.performNewIntents(ActivityThread.java:2327)
W/System.err( 7025): 	at android.app.ActivityThread.handleNewIntent(ActivityThread.java:2334)
W/System.err( 7025): 	at android.app.ActivityThread.access$1600(ActivityThread.java:135)
W/System.err( 7025): 	at android.app.ActivityThread$H.handleMessage(ActivityThread.java:1267)
W/System.err( 7025): 	at android.os.Handler.dispatchMessage(Handler.java:102)
W/System.err( 7025): 	at android.os.Looper.loop(Looper.java:136)
W/System.err( 7025): 	at android.app.ActivityThread.main(ActivityThread.java:5019)
W/System.err( 7025): 	at java.lang.reflect.Method.invokeNative(Native Method)
W/System.err( 7025): 	at java.lang.reflect.Method.invoke(Method.java:515)
W/System.err( 7025): 	at com.android.internal.os.ZygoteInit$MethodAndArgsCaller.run(ZygoteInit.java:779)
W/System.err( 7025): 	at com.android.internal.os.ZygoteInit.main(ZygoteInit.java:595)
W/System.err( 7025): 	at dalvik.system.NativeStart.main(Native Method)
D/MoPub   ( 7025): Loading ad from: http://ads.mopub.com/m/ad?id=559ba0c9040c4ab4b2217d6215428923&nsv=4.7.1&dn=samsung%2CSM-G955N%2CSM-G955N&bundle=com.emojifamily.emoji.keyboard.font.twitteremoji&ll=35.71659%2C139.72598166666666&lla=1&llf=-21591094&llsdk=1&z=-0300&o=l&w=1280&h=720&sc_a=1.5&mcc=310&mnc=16&iso=US&cn=T-Mobile&ct=2&av=3.1.3&udid=mp_tmpl_advertising_id&dnt=mp_tmpl_do_not_track&MAGIC_NO=0
W/InputMethodManagerService(  472): Window already focused, ignoring focus gain of: com.android.internal.view.IInputMethodClient$Stub$Proxy@4aede134 attribute=android.view.inputmethod.EditorInfo@4ad037e0, token = android.os.BinderProxy@4aa8b2f8
I/System.out( 7025): body:<com.mopub.volley.toolbox.HurlStack: org.apache.http.HttpResponse performRequest(com.mopub.volley.Request,java.util.Map)>	sig:specialinvoke $r11.<java.net.URL: void <init>(java.lang.String)>($r8)	timediff:0
I/System.out( 7025): <com.mopub.volley.toolbox.HurlStack: org.apache.http.HttpResponse performRequest(com.mopub.volley.Request,java.util.Map)>###specialinvoke $r11.<java.net.URL: void <init>(java.lang.String)>($r8)###http://ads.mopub.com/m/ad?id=559ba0c9040c4ab4b2217d6215428923&nsv=4.7.1&dn=samsung%2CSM-G955N%2CSM-G955N&bundle=com.emojifamily.emoji.keyboard.font.twitteremoji&ll=35.71659%2C139.72598166666666&lla=1&llf=-21591094&llsdk=1&z=-0300&o=l&w=1280&h=720&sc_a=1.5&mcc=310&mnc=16&iso=US&cn=T-Mobile&ct=2&av=3.1.3&udid=ifa%3Ae4382e3f-a082-4060-b970-a4dd13ffa2b6&dnt=0&MAGIC_NO=0
I/System.out( 7025): body:<com.mopub.volley.toolbox.HurlStack: java.net.HttpURLConnection createConnection(java.net.URL)>	sig:$r2 = virtualinvoke $r1.<java.net.URL: java.net.URLConnection openConnection()>()	timediff:0
I/System.out( 7025): body:<com.mopub.volley.toolbox.HurlStack: java.net.HttpURLConnection openConnection(java.net.URL,com.mopub.volley.Request)>	sig:virtualinvoke $r3.<java.net.HttpURLConnection: void setConnectTimeout(int)>($i0)	timediff:0
I/System.out( 7025): body:<com.mopub.volley.toolbox.HurlStack: java.net.HttpURLConnection openConnection(java.net.URL,com.mopub.volley.Request)>	sig:virtualinvoke $r3.<java.net.HttpURLConnection: void setReadTimeout(int)>($i0)	timediff:1
I/System.out( 7025): body:<com.mopub.volley.toolbox.HurlStack: java.net.HttpURLConnection openConnection(java.net.URL,com.mopub.volley.Request)>	sig:virtualinvoke $r3.<java.net.HttpURLConnection: void setUseCaches(boolean)>(0)	timediff:0
I/System.out( 7025): body:<com.mopub.volley.toolbox.HurlStack: java.net.HttpURLConnection openConnection(java.net.URL,com.mopub.volley.Request)>	sig:virtualinvoke $r3.<java.net.HttpURLConnection: void setDoInput(boolean)>(1)	timediff:0
I/System.out( 7025): body:<com.mopub.volley.toolbox.HurlStack: java.net.HttpURLConnection openConnection(java.net.URL,com.mopub.volley.Request)>	sig:$r5 = virtualinvoke $r1.<java.net.URL: java.lang.String getProtocol()>()	timediff:0
I/System.out( 7025): body:<com.mopub.volley.toolbox.HurlStack: org.apache.http.HttpResponse performRequest(com.mopub.volley.Request,java.util.Map)>	sig:virtualinvoke $r12.<java.net.HttpURLConnection: void addRequestProperty(java.lang.String,java.lang.String)>($r8, $r7)	timediff:0
I/System.out( 7025): body:<com.mopub.volley.toolbox.HurlStack: org.apache.http.HttpResponse performRequest(com.mopub.volley.Request,java.util.Map)>	sig:virtualinvoke $r12.<java.net.HttpURLConnection: void addRequestProperty(java.lang.String,java.lang.String)>($r8, $r7)	timediff:0
I/System.out( 7025): body:<com.mopub.volley.toolbox.HurlStack: void setConnectionParametersForRequest(java.net.HttpURLConnection,com.mopub.volley.Request)>	sig:virtualinvoke $r0.<java.net.HttpURLConnection: void setRequestMethod(java.lang.String)>("GET")	timediff:0
I/qtaguid ( 7025): Tagging socket 57 with tag 469abf7000000000(1184546672) for uid -1 failed errno=-13
I/NetworkManagementSocketTagger( 7025): tagSocketFd(57, 1184546672, -1) failed with errno-13
W/System.err( 7025): android.content.pm.PackageManager$NameNotFoundException: com.emojifamily.emoji.keyboard.tool.adunlocker
W/System.err( 7025): 	at android.app.ApplicationPackageManager.getPackageInfo(ApplicationPackageManager.java:82)
W/System.err( 7025): 	at com.emojifamily.emoji.keyboard.font.utils.Util.isInstalled(SourceFile:47)
W/System.err( 7025): 	at com.emojifamily.emoji.keyboard.font.utils.Util.isAppUsedInCN(SourceFile:119)
W/System.err( 7025): 	at com.emojifamily.emoji.keyboard.font.twitteremoji.MainActivity.onPageSelected(SourceFile:684)
W/System.err( 7025): 	at com.emojifamily.emoji.keyboard.font.view.CirclePageIndicator.onPageSelected(SourceFile:439)
W/System.err( 7025): 	at android.support.v4.view.ViewPager.dispatchOnPageSelected(SourceFile:1788)
W/System.err( 7025): 	at android.support.v4.view.ViewPager.scrollToItem(SourceFile:569)
W/System.err( 7025): 	at android.support.v4.view.ViewPager.setCurrentItemInternal(SourceFile:553)
W/System.err( 7025): 	at android.support.v4.view.ViewPager.onTouchEvent(SourceFile:2103)
W/System.err( 7025): 	at android.view.View.dispatchTouchEvent(View.java:7706)
W/System.err( 7025): 	at android.view.ViewGroup.dispatchTransformedTouchEvent(ViewGroup.java:2210)
W/System.err( 7025): 	at android.view.ViewGroup.dispatchTouchEvent(ViewGroup.java:1945)
W/System.err( 7025): 	at android.view.ViewGroup.dispatchTransformedTouchEvent(ViewGroup.java:2216)
W/System.err( 7025): 	at android.view.ViewGroup.dispatchTouchEvent(ViewGroup.java:1959)
W/System.err( 7025): 	at android.view.ViewGroup.dispatchTransformedTouchEvent(ViewGroup.java:2216)
W/System.err( 7025): 	at android.view.ViewGroup.dispatchTouchEvent(ViewGroup.java:1959)
W/System.err( 7025): 	at android.view.ViewGroup.dispatchTransformedTouchEvent(ViewGroup.java:2216)
W/System.err( 7025): 	at android.view.ViewGroup.dispatchTouchEvent(ViewGroup.java:1959)
W/System.err( 7025): 	at android.view.ViewGroup.dispatchTransformedTouchEvent(ViewGroup.java:2216)
W/System.err( 7025): 	at android.view.ViewGroup.dispatchTouchEvent(ViewGroup.java:1959)
W/System.err( 7025): 	at com.android.internal.policy.impl.PhoneWindow$DecorView.superDispatchTouchEvent(PhoneWindow.java:2068)
W/System.err( 7025): 	at com.android.internal.policy.impl.PhoneWindow.superDispatchTouchEvent(PhoneWindow.java:1515)
W/System.err( 7025): 	at android.app.Activity.dispatchTouchEvent(Activity.java:2458)
W/System.err( 7025): 	at com.android.internal.policy.impl.PhoneWindow$DecorView.dispatchTouchEvent(PhoneWindow.java:2016)
W/System.err( 7025): 	at android.view.View.dispatchPointerEvent(View.java:7886)
W/System.err( 7025): 	at android.view.ViewRootImpl$ViewPostImeInputStage.processPointerEvent(ViewRootImpl.java:3978)
W/System.err( 7025): 	at android.view.ViewRootImpl$ViewPostImeInputStage.onProcess(ViewRootImpl.java:3857)
W/System.err( 7025): 	at android.view.ViewRootImpl$InputStage.deliver(ViewRootImpl.java:3423)
W/System.err( 7025): 	at android.view.ViewRootImpl$InputStage.onDeliverToNext(ViewRootImpl.java:3473)
W/System.err( 7025): 	at android.view.ViewRootImpl$InputStage.forward(ViewRootImpl.java:3442)
W/System.err( 7025): 	at android.view.ViewRootImpl$AsyncInputStage.forward(ViewRootImpl.java:3549)
W/System.err( 7025): 	at android.view.ViewRootImpl$InputStage.apply(ViewRootImpl.java:3450)
W/System.err( 7025): 	at android.view.ViewRootImpl$AsyncInputStage.apply(ViewRootImpl.java:3606)
W/System.err( 7025): 	at android.view.ViewRootImpl$InputStage.deliver(ViewRootImpl.java:3423)
W/System.err( 7025): 	at android.view.ViewRootImpl$InputStage.onDeliverToNext(ViewRootImpl.java:3473)
W/System.err( 7025): 	at android.view.ViewRootImpl$InputStage.forward(ViewRootImpl.java:3442)
W/System.err( 7025): 	at android.view.ViewRootImpl$InputStage.apply(ViewRootImpl.java:3450)
W/System.err( 7025): 	at android.view.ViewRootImpl$InputStage.deliver(ViewRootImpl.java:3423)
W/System.err( 7025): 	at android.view.ViewRootImpl.deliverInputEvent(ViewRootImpl.java:5626)
W/System.err( 7025): 	at android.view.ViewRootImpl.doProcessInputEvents(ViewRootImpl.java:5606)
W/System.err( 7025): 	at android.view.ViewRootImpl.enqueueInputEvent(ViewRootImpl.java:5577)
W/System.err( 7025): 	at android.view.ViewRootImpl$WindowInputEventReceiver.onInputEvent(ViewRootImpl.java:5706)
W/System.err( 7025): 	at android.view.InputEventReceiver.dispatchInputEvent(InputEventReceiver.java:185)
W/System.err( 7025): 	at android.os.MessageQueue.nativePollOnce(Native Method)
W/System.err( 7025): 	at android.os.MessageQueue.next(MessageQueue.java:138)
W/System.err( 7025): 	at android.os.Looper.loop(Looper.java:123)
W/System.err( 7025): 	at android.app.ActivityThread.main(ActivityThread.java:5019)
W/System.err( 7025): 	at java.lang.reflect.Method.invokeNative(Native Method)
W/System.err( 7025): 	at java.lang.reflect.Method.invoke(Method.java:515)
W/System.err( 7025): 	at com.android.internal.os.ZygoteInit$MethodAndArgsCaller.run(ZygoteInit.java:779)
W/System.err( 7025): 	at com.android.internal.os.ZygoteInit.main(ZygoteInit.java:595)
W/System.err( 7025): 	at dalvik.system.NativeStart.main(Native Method)
D/MoPub   ( 7025): Loading ad from: http://ads.mopub.com/m/ad?id=559ba0c9040c4ab4b2217d6215428923&nsv=4.7.1&dn=samsung%2CSM-G955N%2CSM-G955N&bundle=com.emojifamily.emoji.keyboard.font.twitteremoji&ll=35.71659%2C139.72598166666666&lla=1&llf=-21590842&llsdk=1&z=-0300&o=l&w=1280&h=720&sc_a=1.5&mcc=310&mnc=16&iso=US&cn=T-Mobile&ct=2&av=3.1.3&udid=mp_tmpl_advertising_id&dnt=mp_tmpl_do_not_track&MAGIC_NO=0
I/System.out( 7025): body:<com.mopub.volley.toolbox.HurlStack: org.apache.http.HttpResponse performRequest(com.mopub.volley.Request,java.util.Map)>	sig:specialinvoke $r11.<java.net.URL: void <init>(java.lang.String)>($r8)	timediff:0
I/System.out( 7025): <com.mopub.volley.toolbox.HurlStack: org.apache.http.HttpResponse performRequest(com.mopub.volley.Request,java.util.Map)>###specialinvoke $r11.<java.net.URL: void <init>(java.lang.String)>($r8)###http://ads.mopub.com/m/ad?id=559ba0c9040c4ab4b2217d6215428923&nsv=4.7.1&dn=samsung%2CSM-G955N%2CSM-G955N&bundle=com.emojifamily.emoji.keyboard.font.twitteremoji&ll=35.71659%2C139.72598166666666&lla=1&llf=-21590842&llsdk=1&z=-0300&o=l&w=1280&h=720&sc_a=1.5&mcc=310&mnc=16&iso=US&cn=T-Mobile&ct=2&av=3.1.3&udid=ifa%3Ae4382e3f-a082-4060-b970-a4dd13ffa2b6&dnt=0&MAGIC_NO=0
I/System.out( 7025): body:<com.mopub.volley.toolbox.HurlStack: java.net.HttpURLConnection createConnection(java.net.URL)>	sig:$r2 = virtualinvoke $r1.<java.net.URL: java.net.URLConnection openConnection()>()	timediff:0
I/System.out( 7025): body:<com.mopub.volley.toolbox.HurlStack: java.net.HttpURLConnection openConnection(java.net.URL,com.mopub.volley.Request)>	sig:virtualinvoke $r3.<java.net.HttpURLConnection: void setConnectTimeout(int)>($i0)	timediff:0
I/System.out( 7025): body:<com.mopub.volley.toolbox.HurlStack: java.net.HttpURLConnection openConnection(java.net.URL,com.mopub.volley.Request)>	sig:virtualinvoke $r3.<java.net.HttpURLConnection: void setReadTimeout(int)>($i0)	timediff:0
I/System.out( 7025): body:<com.mopub.volley.toolbox.HurlStack: java.net.HttpURLConnection openConnection(java.net.URL,com.mopub.volley.Request)>	sig:virtualinvoke $r3.<java.net.HttpURLConnection: void setUseCaches(boolean)>(0)	timediff:0
I/System.out( 7025): body:<com.mopub.volley.toolbox.HurlStack: java.net.HttpURLConnection openConnection(java.net.URL,com.mopub.volley.Request)>	sig:virtualinvoke $r3.<java.net.HttpURLConnection: void setDoInput(boolean)>(1)	timediff:0
I/System.out( 7025): body:<com.mopub.volley.toolbox.HurlStack: java.net.HttpURLConnection openConnection(java.net.URL,com.mopub.volley.Request)>	sig:$r5 = virtualinvoke $r1.<java.net.URL: java.lang.String getProtocol()>()	timediff:0
I/System.out( 7025): body:<com.mopub.volley.toolbox.HurlStack: org.apache.http.HttpResponse performRequest(com.mopub.volley.Request,java.util.Map)>	sig:virtualinvoke $r12.<java.net.HttpURLConnection: void addRequestProperty(java.lang.String,java.lang.String)>($r8, $r7)	timediff:0
I/System.out( 7025): body:<com.mopub.volley.toolbox.HurlStack: org.apache.http.HttpResponse performRequest(com.mopub.volley.Request,java.util.Map)>	sig:virtualinvoke $r12.<java.net.HttpURLConnection: void addRequestProperty(java.lang.String,java.lang.String)>($r8, $r7)	timediff:0
I/System.out( 7025): body:<com.mopub.volley.toolbox.HurlStack: void setConnectionParametersForRequest(java.net.HttpURLConnection,com.mopub.volley.Request)>	sig:virtualinvoke $r0.<java.net.HttpURLConnection: void setRequestMethod(java.lang.String)>("GET")	timediff:0
I/qtaguid ( 7025): Tagging socket 139 with tag 469abf7000000000(1184546672) for uid -1 failed errno=-13
I/NetworkManagementSocketTagger( 7025): tagSocketFd(139, 1184546672, -1) failed with errno-13
W/System.err( 7025): android.content.pm.PackageManager$NameNotFoundException: emoji.keyboard.emoticonkeyboard
W/System.err( 7025): 	at android.app.ApplicationPackageManager.getPackageInfo(ApplicationPackageManager.java:82)
W/System.err( 7025): 	at com.emojifamily.emoji.keyboard.font.utils.Util.isInstalled(SourceFile:47)
W/System.err( 7025): 	at com.emojifamily.emoji.keyboard.font.twitteremoji.MainActivity.i(SourceFile:8486)
W/System.err( 7025): 	at com.emojifamily.emoji.keyboard.font.twitteremoji.MainActivity$b.onClick(SourceFile:443)
W/System.err( 7025): 	at android.view.View.performClick(View.java:4438)
W/System.err( 7025): 	at android.view.View$PerformClick.run(View.java:18422)
W/System.err( 7025): 	at android.os.Handler.handleCallback(Handler.java:733)
W/System.err( 7025): 	at android.os.Handler.dispatchMessage(Handler.java:95)
W/System.err( 7025): 	at android.os.Looper.loop(Looper.java:136)
W/System.err( 7025): 	at android.app.ActivityThread.main(ActivityThread.java:5019)
W/System.err( 7025): 	at java.lang.reflect.Method.invokeNative(Native Method)
W/System.err( 7025): 	at java.lang.reflect.Method.invoke(Method.java:515)
W/System.err( 7025): 	at com.android.internal.os.ZygoteInit$MethodAndArgsCaller.run(ZygoteInit.java:779)
W/System.err( 7025): 	at com.android.internal.os.ZygoteInit.main(ZygoteInit.java:595)
W/System.err( 7025): 	at dalvik.system.NativeStart.main(Native Method)
D/dalvikvm( 7025): GC_FOR_ALLOC freed 3238K, 18% free 15559K/18872K, paused 10ms, total 11ms
W/ViewRootImpl( 7025): Dropping event due to no window focus: KeyEvent { action=ACTION_DOWN, keyCode=KEYCODE_MENU, scanCode=0, metaState=0, flags=0x8, repeatCount=0, eventTime=407175, downTime=407175, deviceId=-1, source=0x101 }
W/EGL_emulation( 7025): eglSurfaceAttrib not implemented 3093 12436
W/ContextImpl(  472): Calling a method in the system process without a qualified user: android.app.ContextImpl.sendBroadcast:1123 com.android.server.InputMethodManagerService.hideCurrentInputLocked:1880 com.android.server.InputMethodManagerService.windowGainedFocus:1968 com.android.internal.view.IInputMethodManager$Stub.onTransact:221 com.android.server.InputMethodManagerService.onTransact:818 
I/System.out( 7025): body:<com.mopub.volley.toolbox.HurlStack: org.apache.http.HttpResponse performRequest(com.mopub.volley.Request,java.util.Map)>	sig:$i0 = virtualinvoke $r12.<java.net.HttpURLConnection: int getResponseCode()>()	timediff:534
I/System.out( 7025): body:<com.mopub.volley.toolbox.HurlStack: org.apache.http.HttpResponse performRequest(com.mopub.volley.Request,java.util.Map)>	sig:$i0 = virtualinvoke $r12.<java.net.HttpURLConnection: int getResponseCode()>()	timediff:0
I/System.out( 7025): body:<com.mopub.volley.toolbox.HurlStack: org.apache.http.HttpResponse performRequest(com.mopub.volley.Request,java.util.Map)>	sig:$r8 = virtualinvoke $r12.<java.net.HttpURLConnection: java.lang.String getResponseMessage()>()	timediff:0
I/System.out( 7025): body:<com.mopub.volley.toolbox.HurlStack: org.apache.http.HttpEntity entityFromConnection(java.net.HttpURLConnection)>	sig:$r1 = virtualinvoke $r0.<java.net.HttpURLConnection: java.io.InputStream getInputStream()>()	timediff:1
I/System.out( 7025): body:<empirical.HelperClass: void printURLInfo(java.lang.String,java.lang.String,java.net.URLConnection)>	sig:$r0 = virtualinvoke urlConnection.<java.net.URLConnection: java.net.URL getURL()>()	timediff:0
I/System.out( 7025): body:<empirical.HelperClass: void printURLInfo(java.lang.String,java.lang.String,java.net.URLConnection)>	sig:urlString = virtualinvoke $r0.<java.net.URL: java.lang.String toString()>()	timediff:0
I/System.out( 7025): body:<empirical.HelperClass: void printURLInfo(java.lang.String,java.lang.String,java.net.URLConnection)>	sig:isDoOutput = virtualinvoke urlConnection.<java.net.URLConnection: boolean getDoOutput()>()	timediff:0
I/System.out( 7025): body:<empirical.HelperClass: java.lang.String getHeaderField(java.net.URLConnection,java.lang.String)>	sig:data = virtualinvoke conn.<java.net.URLConnection: java.lang.String getHeaderField(java.lang.String)>(field)	timediff:0
I/System.out( 7025): body:<empirical.HelperClass: java.lang.String getHeaderField(java.net.URLConnection,java.lang.String)>	sig:data = virtualinvoke conn.<java.net.URLConnection: java.lang.String getHeaderField(java.lang.String)>(field)	timediff:0
I/System.out( 7025): body:<empirical.HelperClass: java.lang.String getHeaderField(java.net.URLConnection,java.lang.String)>	sig:data = virtualinvoke conn.<java.net.URLConnection: java.lang.String getHeaderField(java.lang.String)>(field)	timediff:0
I/System.out( 7025): body:<empirical.HelperClass: java.lang.String getHeaderField(java.net.URLConnection,java.lang.String)>	sig:data = virtualinvoke conn.<java.net.URLConnection: java.lang.String getHeaderField(java.lang.String)>(field)	timediff:0
I/System.out( 7025): body:<empirical.HelperClass: java.lang.String getHeaderField(java.net.URLConnection,java.lang.String)>	sig:data = virtualinvoke conn.<java.net.URLConnection: java.lang.String getHeaderField(java.lang.String)>(field)	timediff:0
I/System.out( 7025): URLConn;%;22;%;<com.mopub.volley.toolbox.HurlStack: org.apache.http.HttpEntity entityFromConnection(java.net.HttpURLConnection)>;%;$r1 = virtualinvoke $r0.<java.net.HttpURLConnection: java.io.InputStream getInputStream()>();%;http://ads.mopub.com/m/ad?id=559ba0c9040c4ab4b2217d6215428923&nsv=4.7.1&dn=samsung%2CSM-G955N%2CSM-G955N&bundle=com.emojifamily.emoji.keyboard.font.twitteremoji&ll=35.71659%2C139.72598166666666&lla=1&llf=-21591315&llsdk=1&z=-0300&o=l&w=1280&h=720&sc_a=1.5&mcc=310&mnc=16&iso=US&cn=T-Mobile&ct=2&av=3.1.3&udid=ifa%3Ae4382e3f-a082-4060-b970-a4dd13ffa2b6&dnt=0&MAGIC_NO=0;%;false;%;Not found;%;Not found;%;Not found;%;Not found;%;Not found
I/System.out( 7025): body:<com.mopub.volley.toolbox.HurlStack: org.apache.http.HttpEntity entityFromConnection(java.net.HttpURLConnection)>	sig:$i1 = virtualinvoke $r0.<java.net.HttpURLConnection: int getContentLength()>()	timediff:0
I/System.out( 7025): body:<com.mopub.volley.toolbox.HurlStack: org.apache.http.HttpEntity entityFromConnection(java.net.HttpURLConnection)>	sig:$r3 = virtualinvoke $r0.<java.net.HttpURLConnection: java.lang.String getContentEncoding()>()	timediff:0
I/System.out( 7025): body:<com.mopub.volley.toolbox.HurlStack: org.apache.http.HttpEntity entityFromConnection(java.net.HttpURLConnection)>	sig:$r3 = virtualinvoke $r0.<java.net.HttpURLConnection: java.lang.String getContentType()>()	timediff:0
I/System.out( 7025): body:<com.mopub.volley.toolbox.HurlStack: org.apache.http.HttpResponse performRequest(com.mopub.volley.Request,java.util.Map)>	sig:$r5 = virtualinvoke $r12.<java.net.HttpURLConnection: java.util.Map getHeaderFields()>()	timediff:1
I/qtaguid ( 7025): Untagging socket 79 failed errno=-13
W/NetworkManagementSocketTagger( 7025): untagSocket(79) failed with errno -13
W/InputEventReceiver( 7025): Attempted to finish an input event but the input event receiver has already been disposed.
W/ViewRootImpl( 7025): Dropping event due to no window focus: KeyEvent { action=ACTION_DOWN, keyCode=KEYCODE_DPAD_RIGHT, scanCode=0, metaState=0, flags=0x8, repeatCount=0, eventTime=407427, downTime=407427, deviceId=-1, source=0x101 }
W/ContextImpl(  472): Calling a method in the system process without a qualified user: android.app.ContextImpl.sendBroadcast:1123 com.android.server.InputMethodManagerService.hideCurrentInputLocked:1880 com.android.server.InputMethodManagerService.windowGainedFocus:1968 com.android.internal.view.IInputMethodManager$Stub.onTransact:221 com.android.server.InputMethodManagerService.onTransact:818 
I/System.out( 7025): body:<com.mopub.volley.toolbox.HurlStack: org.apache.http.HttpResponse performRequest(com.mopub.volley.Request,java.util.Map)>	sig:$i0 = virtualinvoke $r12.<java.net.HttpURLConnection: int getResponseCode()>()	timediff:541
I/System.out( 7025): body:<com.mopub.volley.toolbox.HurlStack: org.apache.http.HttpResponse performRequest(com.mopub.volley.Request,java.util.Map)>	sig:$i0 = virtualinvoke $r12.<java.net.HttpURLConnection: int getResponseCode()>()	timediff:1
I/System.out( 7025): body:<com.mopub.volley.toolbox.HurlStack: org.apache.http.HttpResponse performRequest(com.mopub.volley.Request,java.util.Map)>	sig:$r8 = virtualinvoke $r12.<java.net.HttpURLConnection: java.lang.String getResponseMessage()>()	timediff:0
I/System.out( 7025): body:<com.mopub.volley.toolbox.HurlStack: org.apache.http.HttpEntity entityFromConnection(java.net.HttpURLConnection)>	sig:$r1 = virtualinvoke $r0.<java.net.HttpURLConnection: java.io.InputStream getInputStream()>()	timediff:0
I/System.out( 7025): body:<empirical.HelperClass: void printURLInfo(java.lang.String,java.lang.String,java.net.URLConnection)>	sig:$r0 = virtualinvoke urlConnection.<java.net.URLConnection: java.net.URL getURL()>()	timediff:0
I/System.out( 7025): body:<empirical.HelperClass: void printURLInfo(java.lang.String,java.lang.String,java.net.URLConnection)>	sig:urlString = virtualinvoke $r0.<java.net.URL: java.lang.String toString()>()	timediff:0
I/System.out( 7025): body:<empirical.HelperClass: void printURLInfo(java.lang.String,java.lang.String,java.net.URLConnection)>	sig:isDoOutput = virtualinvoke urlConnection.<java.net.URLConnection: boolean getDoOutput()>()	timediff:0
I/System.out( 7025): body:<empirical.HelperClass: java.lang.String getHeaderField(java.net.URLConnection,java.lang.String)>	sig:data = virtualinvoke conn.<java.net.URLConnection: java.lang.String getHeaderField(java.lang.String)>(field)	timediff:1
I/System.out( 7025): body:<empirical.HelperClass: java.lang.String getHeaderField(java.net.URLConnection,java.lang.String)>	sig:data = virtualinvoke conn.<java.net.URLConnection: java.lang.String getHeaderField(java.lang.String)>(field)	timediff:0
I/System.out( 7025): body:<empirical.HelperClass: java.lang.String getHeaderField(java.net.URLConnection,java.lang.String)>	sig:data = virtualinvoke conn.<java.net.URLConnection: java.lang.String getHeaderField(java.lang.String)>(field)	timediff:0
I/System.out( 7025): body:<empirical.HelperClass: java.lang.String getHeaderField(java.net.URLConnection,java.lang.String)>	sig:data = virtualinvoke conn.<java.net.URLConnection: java.lang.String getHeaderField(java.lang.String)>(field)	timediff:0
I/System.out( 7025): body:<empirical.HelperClass: java.lang.String getHeaderField(java.net.URLConnection,java.lang.String)>	sig:data = virtualinvoke conn.<java.net.URLConnection: java.lang.String getHeaderField(java.lang.String)>(field)	timediff:0
I/System.out( 7025): URLConn;%;23;%;<com.mopub.volley.toolbox.HurlStack: org.apache.http.HttpEntity entityFromConnection(java.net.HttpURLConnection)>;%;$r1 = virtualinvoke $r0.<java.net.HttpURLConnection: java.io.InputStream getInputStream()>();%;http://ads.mopub.com/m/ad?id=559ba0c9040c4ab4b2217d6215428923&nsv=4.7.1&dn=samsung%2CSM-G955N%2CSM-G955N&bundle=com.emojifamily.emoji.keyboard.font.twitteremoji&ll=35.71659%2C139.72598166666666&lla=1&llf=-21591094&llsdk=1&z=-0300&o=l&w=1280&h=720&sc_a=1.5&mcc=310&mnc=16&iso=US&cn=T-Mobile&ct=2&av=3.1.3&udid=ifa%3Ae4382e3f-a082-4060-b970-a4dd13ffa2b6&dnt=0&MAGIC_NO=0;%;false;%;Not found;%;Not found;%;Not found;%;Not found;%;Not found
I/System.out( 7025): body:<com.mopub.volley.toolbox.HurlStack: org.apache.http.HttpEntity entityFromConnection(java.net.HttpURLConnection)>	sig:$i1 = virtualinvoke $r0.<java.net.HttpURLConnection: int getContentLength()>()	timediff:0
I/System.out( 7025): body:<com.mopub.volley.toolbox.HurlStack: org.apache.http.HttpEntity entityFromConnection(java.net.HttpURLConnection)>	sig:$r3 = virtualinvoke $r0.<java.net.HttpURLConnection: java.lang.String getContentEncoding()>()	timediff:0
I/System.out( 7025): body:<com.mopub.volley.toolbox.HurlStack: org.apache.http.HttpEntity entityFromConnection(java.net.HttpURLConnection)>	sig:$r3 = virtualinvoke $r0.<java.net.HttpURLConnection: java.lang.String getContentType()>()	timediff:0
I/System.out( 7025): body:<com.mopub.volley.toolbox.HurlStack: org.apache.http.HttpResponse performRequest(com.mopub.volley.Request,java.util.Map)>	sig:$r5 = virtualinvoke $r12.<java.net.HttpURLConnection: java.util.Map getHeaderFields()>()	timediff:0
I/qtaguid ( 7025): Untagging socket 57 failed errno=-13
W/NetworkManagementSocketTagger( 7025): untagSocket(57) failed with errno -13
W/ViewRootImpl( 7025): Dropping event due to no window focus: KeyEvent { action=ACTION_DOWN, keyCode=KEYCODE_DPAD_UP, scanCode=0, metaState=0, flags=0x8, repeatCount=0, eventTime=407482, downTime=407482, deviceId=-1, source=0x101 }
W/EGL_emulation( 7025): eglSurfaceAttrib not implemented 3093 12436
W/ViewRootImpl( 7025): Dropping event due to no window focus: KeyEvent { action=ACTION_DOWN, keyCode=KEYCODE_DPAD_DOWN, scanCode=0, metaState=0, flags=0x8, repeatCount=0, eventTime=407502, downTime=407502, deviceId=-1, source=0x101 }
I/System.out( 7025): body:<com.mopub.volley.toolbox.HurlStack: org.apache.http.HttpResponse performRequest(com.mopub.volley.Request,java.util.Map)>	sig:$i0 = virtualinvoke $r12.<java.net.HttpURLConnection: int getResponseCode()>()	timediff:411
I/System.out( 7025): body:<com.mopub.volley.toolbox.HurlStack: org.apache.http.HttpResponse performRequest(com.mopub.volley.Request,java.util.Map)>	sig:$i0 = virtualinvoke $r12.<java.net.HttpURLConnection: int getResponseCode()>()	timediff:0
I/System.out( 7025): body:<com.mopub.volley.toolbox.HurlStack: org.apache.http.HttpResponse performRequest(com.mopub.volley.Request,java.util.Map)>	sig:$r8 = virtualinvoke $r12.<java.net.HttpURLConnection: java.lang.String getResponseMessage()>()	timediff:0
I/System.out( 7025): body:<com.mopub.volley.toolbox.HurlStack: org.apache.http.HttpEntity entityFromConnection(java.net.HttpURLConnection)>	sig:$r1 = virtualinvoke $r0.<java.net.HttpURLConnection: java.io.InputStream getInputStream()>()	timediff:0
I/System.out( 7025): body:<empirical.HelperClass: void printURLInfo(java.lang.String,java.lang.String,java.net.URLConnection)>	sig:$r0 = virtualinvoke urlConnection.<java.net.URLConnection: java.net.URL getURL()>()	timediff:0
I/System.out( 7025): body:<empirical.HelperClass: void printURLInfo(java.lang.String,java.lang.String,java.net.URLConnection)>	sig:urlString = virtualinvoke $r0.<java.net.URL: java.lang.String toString()>()	timediff:0
I/System.out( 7025): body:<empirical.HelperClass: void printURLInfo(java.lang.String,java.lang.String,java.net.URLConnection)>	sig:isDoOutput = virtualinvoke urlConnection.<java.net.URLConnection: boolean getDoOutput()>()	timediff:0
I/System.out( 7025): body:<empirical.HelperClass: java.lang.String getHeaderField(java.net.URLConnection,java.lang.String)>	sig:data = virtualinvoke conn.<java.net.URLConnection: java.lang.String getHeaderField(java.lang.String)>(field)	timediff:3
I/System.out( 7025): body:<empirical.HelperClass: java.lang.String getHeaderField(java.net.URLConnection,java.lang.String)>	sig:data = virtualinvoke conn.<java.net.URLConnection: java.lang.String getHeaderField(java.lang.String)>(field)	timediff:0
I/System.out( 7025): body:<empirical.HelperClass: java.lang.String getHeaderField(java.net.URLConnection,java.lang.String)>	sig:data = virtualinvoke conn.<java.net.URLConnection: java.lang.String getHeaderField(java.lang.String)>(field)	timediff:0
I/System.out( 7025): body:<empirical.HelperClass: java.lang.String getHeaderField(java.net.URLConnection,java.lang.String)>	sig:data = virtualinvoke conn.<java.net.URLConnection: java.lang.String getHeaderField(java.lang.String)>(field)	timediff:0
I/System.out( 7025): body:<empirical.HelperClass: java.lang.String getHeaderField(java.net.URLConnection,java.lang.String)>	sig:data = virtualinvoke conn.<java.net.URLConnection: java.lang.String getHeaderField(java.lang.String)>(field)	timediff:0
I/System.out( 7025): URLConn;%;24;%;<com.mopub.volley.toolbox.HurlStack: org.apache.http.HttpEntity entityFromConnection(java.net.HttpURLConnection)>;%;$r1 = virtualinvoke $r0.<java.net.HttpURLConnection: java.io.InputStream getInputStream()>();%;http://ads.mopub.com/m/ad?id=559ba0c9040c4ab4b2217d6215428923&nsv=4.7.1&dn=samsung%2CSM-G955N%2CSM-G955N&bundle=com.emojifamily.emoji.keyboard.font.twitteremoji&ll=35.71659%2C139.72598166666666&lla=1&llf=-21590842&llsdk=1&z=-0300&o=l&w=1280&h=720&sc_a=1.5&mcc=310&mnc=16&iso=US&cn=T-Mobile&ct=2&av=3.1.3&udid=ifa%3Ae4382e3f-a082-4060-b970-a4dd13ffa2b6&dnt=0&MAGIC_NO=0;%;false;%;Not found;%;Not found;%;Not found;%;Not found;%;Not found
I/System.out( 7025): body:<com.mopub.volley.toolbox.HurlStack: org.apache.http.HttpEntity entityFromConnection(java.net.HttpURLConnection)>	sig:$i1 = virtualinvoke $r0.<java.net.HttpURLConnection: int getContentLength()>()	timediff:0
I/System.out( 7025): body:<com.mopub.volley.toolbox.HurlStack: org.apache.http.HttpEntity entityFromConnection(java.net.HttpURLConnection)>	sig:$r3 = virtualinvoke $r0.<java.net.HttpURLConnection: java.lang.String getContentEncoding()>()	timediff:0
I/System.out( 7025): body:<com.mopub.volley.toolbox.HurlStack: org.apache.http.HttpEntity entityFromConnection(java.net.HttpURLConnection)>	sig:$r3 = virtualinvoke $r0.<java.net.HttpURLConnection: java.lang.String getContentType()>()	timediff:0
I/System.out( 7025): body:<com.mopub.volley.toolbox.HurlStack: org.apache.http.HttpResponse performRequest(com.mopub.volley.Request,java.util.Map)>	sig:$r5 = virtualinvoke $r12.<java.net.HttpURLConnection: java.util.Map getHeaderFields()>()	timediff:0
I/qtaguid ( 7025): Untagging socket 139 failed errno=-13
W/NetworkManagementSocketTagger( 7025): untagSocket(139) failed with errno -13
W/InputEventReceiver( 7025): Attempted to finish an input event but the input event receiver has already been disposed.
W/InputEventReceiver( 7025): Attempted to finish an input event but the input event receiver has already been disposed.
W/InputEventReceiver( 7025): Attempted to finish an input event but the input event receiver has already been disposed.
W/ViewRootImpl( 7025): Dropping event due to root view being removed: MotionEvent { action=ACTION_MOVE, id[0]=0, x[0]=-560.3013, y[0]=427.1761, toolType[0]=TOOL_TYPE_UNKNOWN, buttonState=0, metaState=0, flags=0x0, edgeFlags=0x0, pointerCount=1, historySize=2, eventTime=407549, downTime=407542, deviceId=0, source=0x1002 }
W/ViewRootImpl( 7025): Dropping event due to root view being removed: MotionEvent { action=ACTION_UP, id[0]=0, x[0]=-562.6495, y[0]=441.87738, toolType[0]=TOOL_TYPE_UNKNOWN, buttonState=0, metaState=0, flags=0x0, edgeFlags=0x0, pointerCount=1, historySize=0, eventTime=407551, downTime=407542, deviceId=0, source=0x1002 }
D/MoPub   ( 7025): Attempting to invoke custom event: com.mopub.nativeads.FacebookNative
W/ViewRootImpl( 7025): Dropping event due to no window focus: KeyEvent { action=ACTION_DOWN, keyCode=KEYCODE_DPAD_CENTER, scanCode=0, metaState=0, flags=0x8, repeatCount=0, eventTime=407599, downTime=407599, deviceId=-1, source=0x101 }
E/ActivityThread( 7025): Failed to find provider info for com.facebook.katana.provider.AttributionIdProvider
D/dalvikvm(  472): GC_EXPLICIT freed 5439K, 40% free 15914K/26248K, paused 1ms+12ms, total 44ms
W/InputMethodManagerService(  472): Window already focused, ignoring focus gain of: com.android.internal.view.IInputMethodClient$Stub$Proxy@4aeda8d0 attribute=android.view.inputmethod.EditorInfo@4aee9704, token = android.os.BinderProxy@4aa8b2f8
I/System.out( 7025): body:<com.facebook.ads.internal.g.a.o: java.lang.String a()>	sig:$r6 = staticinvoke <java.net.URLEncoder: java.lang.String encode(java.lang.String,java.lang.String)>($r6, "UTF-8")	timediff:0
I/System.out( 7025): body:<com.facebook.ads.internal.g.a.o: java.lang.String a()>	sig:$r6 = staticinvoke <java.net.URLEncoder: java.lang.String encode(java.lang.String,java.lang.String)>($r6, "UTF-8")	timediff:0
I/System.out( 7025): body:<com.facebook.ads.internal.g.a.o: java.lang.String a()>	sig:$r6 = staticinvoke <java.net.URLEncoder: java.lang.String encode(java.lang.String,java.lang.String)>($r6, "UTF-8")	timediff:0
I/System.out( 7025): body:<com.facebook.ads.internal.g.a.o: java.lang.String a()>	sig:$r6 = staticinvoke <java.net.URLEncoder: java.lang.String encode(java.lang.String,java.lang.String)>($r6, "UTF-8")	timediff:0
I/System.out( 7025): body:<com.facebook.ads.internal.g.a.o: java.lang.String a()>	sig:$r6 = staticinvoke <java.net.URLEncoder: java.lang.String encode(java.lang.String,java.lang.String)>($r6, "UTF-8")	timediff:0
I/System.out( 7025): body:<com.facebook.ads.internal.g.a.o: java.lang.String a()>	sig:$r6 = staticinvoke <java.net.URLEncoder: java.lang.String encode(java.lang.String,java.lang.String)>($r6, "UTF-8")	timediff:0
I/System.out( 7025): body:<com.facebook.ads.internal.g.a.o: java.lang.String a()>	sig:$r6 = staticinvoke <java.net.URLEncoder: java.lang.String encode(java.lang.String,java.lang.String)>($r6, "UTF-8")	timediff:0
I/System.out( 7025): body:<com.facebook.ads.internal.g.a.o: java.lang.String a()>	sig:$r6 = staticinvoke <java.net.URLEncoder: java.lang.String encode(java.lang.String,java.lang.String)>($r6, "UTF-8")	timediff:0
I/System.out( 7025): body:<com.facebook.ads.internal.g.a.o: java.lang.String a()>	sig:$r6 = staticinvoke <java.net.URLEncoder: java.lang.String encode(java.lang.String,java.lang.String)>($r6, "UTF-8")	timediff:0
I/System.out( 7025): body:<com.facebook.ads.internal.g.a.o: java.lang.String a()>	sig:$r6 = staticinvoke <java.net.URLEncoder: java.lang.String encode(java.lang.String,java.lang.String)>($r6, "UTF-8")	timediff:0
I/System.out( 7025): body:<com.facebook.ads.internal.g.a.o: java.lang.String a()>	sig:$r6 = staticinvoke <java.net.URLEncoder: java.lang.String encode(java.lang.String,java.lang.String)>($r6, "UTF-8")	timediff:0
I/System.out( 7025): body:<com.facebook.ads.internal.g.a.o: java.lang.String a()>	sig:$r6 = staticinvoke <java.net.URLEncoder: java.lang.String encode(java.lang.String,java.lang.String)>($r6, "UTF-8")	timediff:0
I/System.out( 7025): body:<com.facebook.ads.internal.g.a.o: java.lang.String a()>	sig:$r6 = staticinvoke <java.net.URLEncoder: java.lang.String encode(java.lang.String,java.lang.String)>($r6, "UTF-8")	timediff:0
I/System.out( 7025): body:<com.facebook.ads.internal.g.a.o: java.lang.String a()>	sig:$r6 = staticinvoke <java.net.URLEncoder: java.lang.String encode(java.lang.String,java.lang.String)>($r6, "UTF-8")	timediff:0
I/System.out( 7025): body:<com.facebook.ads.internal.g.a.o: java.lang.String a()>	sig:$r6 = staticinvoke <java.net.URLEncoder: java.lang.String encode(java.lang.String,java.lang.String)>($r6, "UTF-8")	timediff:0
I/System.out( 7025): body:<com.facebook.ads.internal.g.a.o: java.lang.String a()>	sig:$r6 = staticinvoke <java.net.URLEncoder: java.lang.String encode(java.lang.String,java.lang.String)>($r6, "UTF-8")	timediff:0
I/System.out( 7025): body:<com.facebook.ads.internal.g.a.o: java.lang.String a()>	sig:$r6 = staticinvoke <java.net.URLEncoder: java.lang.String encode(java.lang.String,java.lang.String)>($r6, "UTF-8")	timediff:0
I/System.out( 7025): body:<com.facebook.ads.internal.g.a.o: java.lang.String a()>	sig:$r6 = staticinvoke <java.net.URLEncoder: java.lang.String encode(java.lang.String,java.lang.String)>($r6, "UTF-8")	timediff:0
I/System.out( 7025): body:<com.facebook.ads.internal.g.a.o: java.lang.String a()>	sig:$r6 = staticinvoke <java.net.URLEncoder: java.lang.String encode(java.lang.String,java.lang.String)>($r6, "UTF-8")	timediff:0
I/System.out( 7025): body:<com.facebook.ads.internal.g.a.o: java.lang.String a()>	sig:$r6 = staticinvoke <java.net.URLEncoder: java.lang.String encode(java.lang.String,java.lang.String)>($r6, "UTF-8")	timediff:0
I/System.out( 7025): body:<com.facebook.ads.internal.g.a.o: java.lang.String a()>	sig:$r6 = staticinvoke <java.net.URLEncoder: java.lang.String encode(java.lang.String,java.lang.String)>($r6, "UTF-8")	timediff:0
I/System.out( 7025): body:<com.facebook.ads.internal.g.a.o: java.lang.String a()>	sig:$r6 = staticinvoke <java.net.URLEncoder: java.lang.String encode(java.lang.String,java.lang.String)>($r6, "UTF-8")	timediff:1
I/System.out( 7025): body:<com.facebook.ads.internal.g.a.o: java.lang.String a()>	sig:$r6 = staticinvoke <java.net.URLEncoder: java.lang.String encode(java.lang.String,java.lang.String)>($r6, "UTF-8")	timediff:0
I/System.out( 7025): body:<com.facebook.ads.internal.g.a.o: java.lang.String a()>	sig:$r6 = staticinvoke <java.net.URLEncoder: java.lang.String encode(java.lang.String,java.lang.String)>($r6, "UTF-8")	timediff:0
I/System.out( 7025): body:<com.facebook.ads.internal.g.a.o: java.lang.String a()>	sig:$r6 = staticinvoke <java.net.URLEncoder: java.lang.String encode(java.lang.String,java.lang.String)>($r6, "UTF-8")	timediff:0
I/System.out( 7025): body:<com.facebook.ads.internal.g.a.o: java.lang.String a()>	sig:$r6 = staticinvoke <java.net.URLEncoder: java.lang.String encode(java.lang.String,java.lang.String)>($r6, "UTF-8")	timediff:0
I/System.out( 7025): body:<com.facebook.ads.internal.g.a.o: java.lang.String a()>	sig:$r6 = staticinvoke <java.net.URLEncoder: java.lang.String encode(java.lang.String,java.lang.String)>($r6, "UTF-8")	timediff:0
I/System.out( 7025): body:<com.facebook.ads.internal.g.a.o: java.lang.String a()>	sig:$r6 = staticinvoke <java.net.URLEncoder: java.lang.String encode(java.lang.String,java.lang.String)>($r6, "UTF-8")	timediff:0
I/System.out( 7025): body:<com.facebook.ads.internal.g.a.o: java.lang.String a()>	sig:$r6 = staticinvoke <java.net.URLEncoder: java.lang.String encode(java.lang.String,java.lang.String)>($r6, "UTF-8")	timediff:0
I/System.out( 7025): body:<com.facebook.ads.internal.g.a.o: java.lang.String a()>	sig:$r6 = staticinvoke <java.net.URLEncoder: java.lang.String encode(java.lang.String,java.lang.String)>($r6, "UTF-8")	timediff:0
I/System.out( 7025): body:<com.facebook.ads.internal.g.a.a: java.net.HttpURLConnection a(java.lang.String)>	sig:specialinvoke $r5.<java.net.URL: void <init>(java.lang.String)>($r3)	timediff:0
I/System.out( 7025): <com.facebook.ads.internal.g.a.a: java.net.HttpURLConnection a(java.lang.String)>###specialinvoke $r5.<java.net.URL: void <init>(java.lang.String)>($r3)###https://graph.facebook.com/network_ads_common/
I/System.out( 7025): body:<com.facebook.ads.internal.g.a.f: java.net.HttpURLConnection a(java.lang.String)>	sig:specialinvoke $r2.<java.net.URL: void <init>(java.lang.String)>($r1)	timediff:1
I/System.out( 7025): <com.facebook.ads.internal.g.a.f: java.net.HttpURLConnection a(java.lang.String)>###specialinvoke $r2.<java.net.URL: void <init>(java.lang.String)>($r1)###https://graph.facebook.com/network_ads_common/
I/System.out( 7025): body:<com.facebook.ads.internal.g.a.f: java.net.HttpURLConnection a(java.lang.String)>	sig:$r3 = virtualinvoke $r2.<java.net.URL: java.net.URLConnection openConnection()>()	timediff:0
I/System.out( 7025): body:<com.facebook.ads.internal.g.a.a: void a(java.net.HttpURLConnection,com.facebook.ads.internal.g.a.j,java.lang.String)>	sig:virtualinvoke $r1.<java.net.HttpURLConnection: void setConnectTimeout(int)>($i0)	timediff:0
I/System.out( 7025): body:<com.facebook.ads.internal.g.a.a: void a(java.net.HttpURLConnection,com.facebook.ads.internal.g.a.j,java.lang.String)>	sig:virtualinvoke $r1.<java.net.HttpURLConnection: void setReadTimeout(int)>($i0)	timediff:0
I/System.out( 7025): body:<com.facebook.ads.internal.g.a.f: void a(java.net.HttpURLConnection,com.facebook.ads.internal.g.a.j,java.lang.String)>	sig:virtualinvoke $r1.<java.net.HttpURLConnection: void setRequestMethod(java.lang.String)>($r4)	timediff:0
I/System.out( 7025): body:<com.facebook.ads.internal.g.a.f: void a(java.net.HttpURLConnection,com.facebook.ads.internal.g.a.j,java.lang.String)>	sig:virtualinvoke $r1.<java.net.HttpURLConnection: void setDoOutput(boolean)>($z0)	timediff:0
I/System.out( 7025): body:<com.facebook.ads.internal.g.a.f: void a(java.net.HttpURLConnection,com.facebook.ads.internal.g.a.j,java.lang.String)>	sig:virtualinvoke $r1.<java.net.HttpURLConnection: void setDoInput(boolean)>($z0)	timediff:0
I/System.out( 7025): body:<com.facebook.ads.internal.g.a.f: void a(java.net.HttpURLConnection,com.facebook.ads.internal.g.a.j,java.lang.String)>	sig:virtualinvoke $r1.<java.net.HttpURLConnection: void setRequestProperty(java.lang.String,java.lang.String)>("Content-Type", $r3)	timediff:0
I/System.out( 7025): body:<com.facebook.ads.internal.g.a.f: void a(java.net.HttpURLConnection,com.facebook.ads.internal.g.a.j,java.lang.String)>	sig:virtualinvoke $r1.<java.net.HttpURLConnection: void setRequestProperty(java.lang.String,java.lang.String)>("Accept-Charset", "UTF-8")	timediff:1
I/System.out( 7025): body:<com.facebook.ads.internal.g.a.a: void c(java.net.HttpURLConnection)>	sig:virtualinvoke $r1.<java.net.HttpURLConnection: void setRequestProperty(java.lang.String,java.lang.String)>($r6, $r7)	timediff:0
W/SurfaceFlinger(  167): couldn't log to binary event log: overflow.
I/System.out( 7025): body:<com.facebook.ads.internal.g.a.a: com.facebook.ads.internal.g.a.n a(java.lang.String,com.facebook.ads.internal.g.a.j,java.lang.String,byte[])>	sig:virtualinvoke $r7.<java.net.HttpURLConnection: void connect()>()	timediff:13
I/System.out( 7025): body:<com.facebook.ads.internal.g.a.a: com.facebook.ads.internal.g.a.n a(java.lang.String,com.facebook.ads.internal.g.a.j,java.lang.String,byte[])>	sig:$z0 = virtualinvoke $r7.<java.net.HttpURLConnection: boolean getDoOutput()>()	timediff:1
I/System.out( 7025): body:<com.facebook.ads.internal.g.a.f: java.io.OutputStream a(java.net.HttpURLConnection)>	sig:$r2 = virtualinvoke $r1.<java.net.HttpURLConnection: java.io.OutputStream getOutputStream()>()	timediff:0
I/Ads     ( 7025): Ad finished loading.
D/MoPub   ( 7025): Google Play Services interstitial ad loaded successfully.
I/dalvikvm( 7025): Could not find method android.os.PowerManager.isInteractive, referenced from method com.google.android.gms.ads.internal.activeview.c.g
W/dalvikvm( 7025): VFY: unable to resolve virtual method 2559: Landroid/os/PowerManager;.isInteractive ()Z
D/dalvikvm( 7025): VFY: replacing opcode 0x6e at 0x0008
I/ActivityManager(  472): START u0 {flg=0x80000 cmp=com.emojifamily.emoji.keyboard.font.twitteremoji/com.google.android.gms.ads.AdActivity (has extras)} from pid 7025
W/System.err( 7025): android.content.pm.PackageManager$NameNotFoundException: com.emojifamily.emoji.keyboard.tool.adunlocker
W/System.err( 7025): 	at android.app.ApplicationPackageManager.getPackageInfo(ApplicationPackageManager.java:82)
W/System.err( 7025): 	at com.emojifamily.emoji.keyboard.font.utils.Util.isInstalled(SourceFile:47)
W/System.err( 7025): 	at com.emojifamily.emoji.keyboard.font.utils.Util.isAppUsedInCN(SourceFile:119)
W/System.err( 7025): 	at com.emojifamily.emoji.keyboard.font.twitteremoji.SplashActivity.onDestroy(SourceFile:95)
W/System.err( 7025): 	at android.app.Activity.performDestroy(Activity.java:5403)
W/System.err( 7025): 	at android.app.Instrumentation.callActivityOnDestroy(Instrumentation.java:1134)
W/System.err( 7025): 	at android.app.ActivityThread.performDestroyActivity(ActivityThread.java:3482)
W/System.err( 7025): 	at android.app.ActivityThread.handleDestroyActivity(ActivityThread.java:3513)
W/System.err( 7025): 	at android.app.ActivityThread.access$1400(ActivityThread.java:135)
W/System.err( 7025): 	at android.app.ActivityThread$H.handleMessage(ActivityThread.java:1249)
W/System.err( 7025): 	at android.os.Handler.dispatchMessage(Handler.java:102)
W/System.err( 7025): 	at android.os.Looper.loop(Looper.java:136)
W/System.err( 7025): 	at android.app.ActivityThread.main(ActivityThread.java:5019)
W/System.err( 7025): 	at java.lang.reflect.Method.invokeNative(Native Method)
W/System.err( 7025): 	at java.lang.reflect.Method.invoke(Method.java:515)
W/System.err( 7025): 	at com.android.internal.os.ZygoteInit$MethodAndArgsCaller.run(ZygoteInit.java:779)
W/System.err( 7025): 	at com.android.internal.os.ZygoteInit.main(ZygoteInit.java:595)
W/System.err( 7025): 	at dalvik.system.NativeStart.main(Native Method)
D/MoPub   ( 7025): Ad event URL: mopub://failLoad
V/MoPub   ( 7025): MoPubErrorCode: Unspecified error.
