E/GcmPushIntentOperation(  661): 	at java.lang.Thread.run(Thread.java:841)
I/Finsky  ( 1107): [1] com.google.android.finsky.hygiene.DailyHygiene.b(147): Logging device features
I/dalvikvm( 1107): Could not find method android.content.Context.startForegroundService, referenced from method com.google.android.finsky.setup.VpaService.a
W/dalvikvm( 1107): VFY: unable to resolve virtual method 819: Landroid/content/Context;.startForegroundService (Landroid/content/Intent;)Landroid/content/ComponentName;
D/dalvikvm( 1107): VFY: replacing opcode 0x6e at 0x0014
W/Settings( 1107): Setting download_manager_max_bytes_over_mobile has moved from android.provider.Settings.Secure to android.provider.Settings.Global.
I/dalvikvm( 1107): Could not find method android.app.NotificationManager.areNotificationsEnabled, referenced from method android.support.v4.app.cq.a
W/dalvikvm( 1107): VFY: unable to resolve virtual method 596: Landroid/app/NotificationManager;.areNotificationsEnabled ()Z
D/dalvikvm( 1107): VFY: replacing opcode 0x6e at 0x000a
I/Finsky  ( 1107): [98] com.google.android.finsky.datasync.x.a(14): [Cache and Sync] mode not available for any accounts.
I/dalvikvm( 1107): Could not find method android.content.pm.PackageManager.getPackageInstaller, referenced from method com.google.android.finsky.splitinstallservice.bh.<init>
W/dalvikvm( 1107): VFY: unable to resolve virtual method 1042: Landroid/content/pm/PackageManager;.getPackageInstaller ()Landroid/content/pm/PackageInstaller;
D/dalvikvm( 1107): VFY: replacing opcode 0x6e at 0x0011
I/dalvikvm( 1107): Could not find method android.content.pm.PackageInstaller$Session.close, referenced from method com.google.android.finsky.splitinstallservice.bh.a
W/dalvikvm( 1107): VFY: unable to resolve virtual method 986: Landroid/content/pm/PackageInstaller$Session;.close ()V
D/dalvikvm( 1107): VFY: replacing opcode 0x6e at 0x0000
I/dalvikvm( 1107): Could not find method android.content.pm.PackageInstaller$Session.abandon, referenced from method com.google.android.finsky.splitinstallservice.bh.a
W/dalvikvm( 1107): VFY: unable to resolve virtual method 985: Landroid/content/pm/PackageInstaller$Session;.abandon ()V
D/dalvikvm( 1107): VFY: replacing opcode 0x6e at 0x0003
E/dalvikvm( 1107): Could not find class 'android.content.pm.PackageInstaller$SessionParams', referenced from method com.google.android.finsky.splitinstallservice.bh.a
W/dalvikvm( 1107): VFY: unable to resolve new-instance 207 (Landroid/content/pm/PackageInstaller$SessionParams;) in Lcom/google/android/finsky/splitinstallservice/bh;
D/dalvikvm( 1107): VFY: replacing opcode 0x22 at 0x0000
I/dalvikvm( 1107): Could not find method android.content.pm.PackageInstaller$SessionInfo.getSessionId, referenced from method com.google.android.finsky.splitinstallservice.bh.a
W/dalvikvm( 1107): VFY: unable to resolve virtual method 995: Landroid/content/pm/PackageInstaller$SessionInfo;.getSessionId ()I
D/dalvikvm( 1107): VFY: replacing opcode 0x6e at 0x000c
D/dalvikvm( 1107): DexOpt: unable to opt direct call 0x03e4 at 0x02 in Lcom/google/android/finsky/splitinstallservice/bh;.a
I/dalvikvm( 1107): Could not find method android.content.pm.PackageInstaller$SessionInfo.getSessionId, referenced from method com.google.android.finsky.splitinstallservice.al.a
W/dalvikvm( 1107): VFY: unable to resolve virtual method 995: Landroid/content/pm/PackageInstaller$SessionInfo;.getSessionId ()I
D/dalvikvm( 1107): VFY: replacing opcode 0x6e at 0x03d9
D/dalvikvm( 1107): DexOpt: couldn't find field Landroid/content/pm/PackageInfo;.splitNames
W/dalvikvm( 1107): VFY: unable to resolve instance field 184
D/dalvikvm( 1107): VFY: replacing opcode 0x54 at 0x04c8
D/dalvikvm( 1107): DexOpt: couldn't find field Landroid/content/pm/ApplicationInfo;.splitSourceDirs
I/dalvikvm( 1107): DexOpt: unable to optimize instance field ref 0x009a at 0x4cc in Lcom/google/android/finsky/splitinstallservice/al;.a
D/dalvikvm( 1107): DexOpt: couldn't find field Landroid/content/pm/ApplicationInfo;.splitPublicSourceDirs
I/dalvikvm( 1107): DexOpt: unable to optimize instance field ref 0x0099 at 0x4d0 in Lcom/google/android/finsky/splitinstallservice/al;.a
D/dalvikvm( 1107): DexOpt: couldn't find field Landroid/content/pm/PackageInfo;.splitNames
I/dalvikvm( 1107): DexOpt: unable to optimize instance field ref 0x00b8 at 0x4d7 in Lcom/google/android/finsky/splitinstallservice/al;.a
D/dalvikvm( 1107): DexOpt: couldn't find field Landroid/content/pm/ApplicationInfo;.splitSourceDirs
I/dalvikvm( 1107): DexOpt: unable to optimize instance field ref 0x009a at 0x4da in Lcom/google/android/finsky/splitinstallservice/al;.a
D/dalvikvm( 1107): DexOpt: couldn't find field Landroid/content/pm/PackageInfo;.splitNames
I/dalvikvm( 1107): DexOpt: unable to optimize instance field ref 0x00b8 at 0x4df in Lcom/google/android/finsky/splitinstallservice/al;.a
D/dalvikvm( 1107): DexOpt: couldn't find field Landroid/content/pm/ApplicationInfo;.splitPublicSourceDirs
I/dalvikvm( 1107): DexOpt: unable to optimize instance field ref 0x0099 at 0x4e2 in Lcom/google/android/finsky/splitinstallservice/al;.a
D/dalvikvm( 1107): DexOpt: couldn't find field Landroid/content/pm/PackageInfo;.splitNames
I/dalvikvm( 1107): DexOpt: unable to optimize instance field ref 0x00b8 at 0x4f1 in Lcom/google/android/finsky/splitinstallservice/al;.a
D/dalvikvm( 1107): DexOpt: couldn't find field Landroid/content/pm/ApplicationInfo;.splitSourceDirs
I/dalvikvm( 1107): DexOpt: unable to optimize instance field ref 0x009a at 0x4f6 in Lcom/google/android/finsky/splitinstallservice/al;.a
D/dalvikvm( 1107): DexOpt: couldn't find field Landroid/content/pm/ApplicationInfo;.splitPublicSourceDirs
I/dalvikvm( 1107): DexOpt: unable to optimize instance field ref 0x0099 at 0x4fa in Lcom/google/android/finsky/splitinstallservice/al;.a
D/dalvikvm( 1107): DexOpt: couldn't find field Landroid/content/pm/PackageInfo;.splitNames
I/dalvikvm( 1107): DexOpt: unable to optimize instance field ref 0x00b8 at 0x537 in Lcom/google/android/finsky/splitinstallservice/al;.a
D/dalvikvm( 1107): DexOpt: couldn't find field Landroid/content/pm/PackageInfo;.splitNames
I/dalvikvm( 1107): DexOpt: unable to optimize instance field ref 0x00b8 at 0x549 in Lcom/google/android/finsky/splitinstallservice/al;.a
D/dalvikvm( 1107): GC_CONCURRENT freed 574K, 12% free 4850K/5484K, paused 1ms+2ms, total 7ms
W/DebugConnManager(  788): getNetworkInfo() on networkType 0
I/qtaguid (  661): Tagging socket 136 with tag 3000040700000000(805307399) for uid -1 failed errno=-13
I/NetworkManagementSocketTagger(  661): tagSocketFd(136, 805307399, -1) failed with errno-13
W/ContextImpl(  496): Calling a method in the system process without a qualified user: android.app.ContextImpl.sendBroadcast:1123 com.android.server.InputMethodManagerService.hideCurrentInputLocked:1880 com.android.server.InputMethodManagerService.hideSoftInput:1843 com.android.internal.view.IInputMethodManager$Stub.onTransact:194 com.android.server.InputMethodManagerService.onTransact:818 
I/ActivityManager(  496): START u0 {cmp=com.apalon.myclockfree/com.apalon.am3.ui.MessageActivity (has extras)} from pid 1821
D/dalvikvm( 1821): GC_FOR_ALLOC freed 1316K, 15% free 27362K/31956K, paused 11ms, total 11ms
W/com.facebook.appevents.internal.ActivityLifecycleTracker( 1821): Unexpected activity pause without a matching activity resume. Logging data may be incorrect. Make sure you call activateApp from your Application's onCreate method
W/com.facebook.appevents.AppEventsLogger( 1821): deactivateApp events are being logged automatically. There's no need to call deactivateApp, this is safe to remove.
I/dalvikvm(  788): Could not find method android.webkit.WebSettings.setMixedContentMode, referenced from method com.google.android.gms.ads.internal.webview.h.<init>
W/dalvikvm(  788): VFY: unable to resolve virtual method 7951: Landroid/webkit/WebSettings;.setMixedContentMode (I)V
D/dalvikvm(  788): VFY: replacing opcode 0x6e at 0x005e
V/WebViewChromium(  788): Binding Chromium to the background looper Looper (main, tid 1) {4a7ab310}
I/chromium(  788): [INFO:library_loader_hooks.cc(112)] Chromium logging enabled: level = 0, default verbosity = 0
I/BrowserProcessMain(  788): Initializing chromium process, renderers=0
I/qtaguid ( 1821): Untagging socket 112 failed errno=-13
W/NetworkManagementSocketTagger( 1821): untagSocket(112) failed with errno -13
W/ViewRootImpl( 1821): Dropping event due to no window focus: KeyEvent { action=ACTION_DOWN, keyCode=KEYCODE_0, scanCode=0, metaState=0, flags=0x8, repeatCount=0, eventTime=100080, downTime=100080, deviceId=-1, source=0x101 }
W/chromium(  788): [WARNING:proxy_service.cc(888)] PAC support disabled because there is no system implementation
W/EGL_emulation( 1821): eglSurfaceAttrib not implemented 3093 12436
W/EGL_emulation( 1821): eglSurfaceAttrib not implemented 3093 12436
W/ViewRootImpl( 1821): Dropping event due to no window focus: KeyEvent { action=ACTION_DOWN, keyCode=KEYCODE_DPAD_RIGHT, scanCode=0, metaState=0, flags=0x8, repeatCount=0, eventTime=100175, downTime=100175, deviceId=-1, source=0x101 }
I/ActivityManager(  496): Displayed com.apalon.myclockfree/com.apalon.am3.ui.MessageActivity: +98ms
D/MoPub   ( 1821): Loading custom event adapter.
D/MoPub   ( 1821): Attempting to invoke custom event: com.mopub.mobileads.GooglePlayServicesBanner
D/DynamitePackage( 1821): Instantiating com.google.android.gms.ads.ChimeraAdManagerCreatorImpl
I/Ads     ( 1821): Starting ad request.
I/Ads     ( 1821): Use AdRequest.Builder.addTestDevice("DADDEACD506FD4BD02989AD39CCF21B7") to get test ads on this device.
W/Ads     ( 1821): Not retrying to fetch app settings
D/libEGL  (  788): loaded /system/lib/egl/libEGL_adreno.so
D/        (  788): HostConnection::get() New Host Connection established 0xb7fd44b0, tid 788
D/libEGL  (  788): loaded /system/lib/egl/libGLESv1_CM_adreno.so
D/libEGL  (  788): loaded /system/lib/egl/libGLESv2_adreno.so
D/dalvikvm(  788): GC_CONCURRENT freed 1341K, 16% free 7766K/9228K, paused 3ms+1ms, total 18ms
D/dalvikvm(  788): WAIT_FOR_CONCURRENT_GC blocked 9ms
I/dalvikvm-heap(  788): Grow heap (frag case) to 8.305MB for 635808-byte allocation
D/dalvikvm(  788): GC_FOR_ALLOC freed 8K, 15% free 8379K/9852K, paused 12ms, total 12ms
W/Herrevad(  788): [63] sjl.a: On wifi, but couldn't get security type
W/DebugConnManager(  788): getNetworkInfo() on networkType 0
W/ActivityManager(  496): Duplicate finish request for ActivityRecord{4aa0b304 u0 com.apalon.myclockfree/com.apalon.am3.ui.MessageActivity t2 f}
W/ViewRootImpl( 1821): Dropping event due to no window focus: KeyEvent { action=ACTION_DOWN, keyCode=KEYCODE_STB_POWER, scanCode=0, metaState=0, flags=0x8, repeatCount=0, eventTime=100302, downTime=100302, deviceId=-1, source=0x101 }
W/com.facebook.appevents.AppEventsLogger( 1821): activateApp events are being logged automatically. There's no need to call activateApp explicitly, this is safe to remove.
W/InputMethodManagerService(  496): Window already focused, ignoring focus gain of: com.android.internal.view.IInputMethodClient$Stub$Proxy@4aad7e14 attribute=null, token = android.os.BinderProxy@4aadd668
D/dalvikvm( 1821): GC_FOR_ALLOC freed 4391K, 23% free 27441K/35560K, paused 10ms, total 10ms
D/dalvikvm( 1821): GC_FOR_ALLOC freed 5242K, 20% free 25585K/31948K, paused 8ms, total 8ms
I/dalvikvm-heap( 1821): Grow heap (frag case) to 28.554MB for 3686412-byte allocation
D/dalvikvm( 1821): GC_FOR_ALLOC freed <1K, 18% free 29185K/35552K, paused 10ms, total 10ms
D/        (  166): HostConnection::get() New Host Connection established 0xb95a23c0, tid 1932
D/dalvikvm(  496): GC_FOR_ALLOC freed 798K, 20% free 8001K/9948K, paused 9ms, total 10ms
I/dalvikvm-heap(  496): Grow heap (frag case) to 8.077MB for 214524-byte allocation
D/dalvikvm(  496): GC_FOR_ALLOC freed 57K, 20% free 8153K/10160K, paused 10ms, total 10ms
D/dalvikvm(  496): GC_FOR_ALLOC freed 62K, 21% free 8091K/10160K, paused 8ms, total 8ms
I/dalvikvm-heap(  496): Grow heap (frag case) to 8.165MB for 214524-byte allocation
D/dalvikvm(  496): GC_FOR_ALLOC freed <1K, 20% free 8300K/10372K, paused 13ms, total 13ms
D/Volley  ( 1107): [98] d.b: Cache cleared.
W/com.facebook.appevents.AppEventsLogger( 1821): deactivateApp events are being logged automatically. There's no need to call deactivateApp, this is safe to remove.
D/FirebaseApp(  695): Notifying background state change listeners.
D/dalvikvm( 1107): GC_CONCURRENT freed 505K, 11% free 4935K/5508K, paused 11ms+1ms, total 23ms
I/System.out( 1821): body:<com.adjust.sdk.Util: com.adjust.sdk.AdjustFactory$URLGetConnection createGETHttpsURLConnection(java.lang.String,java.lang.String)>	sig:specialinvoke $r2.<java.net.URL: void <init>(java.lang.String)>($r0)	timediff:0
I/System.out( 1821): <com.adjust.sdk.Util: com.adjust.sdk.AdjustFactory$URLGetConnection createGETHttpsURLConnection(java.lang.String,java.lang.String)>###specialinvoke $r2.<java.net.URL: void <init>(java.lang.String)>($r0)###https://app.adjust.com/attribution?environment=production&event_buffering_enabled=1&tracking_enabled=1&created_at=2018-04-12T15%3A14%3A40.037Z-0700&app_token=wdzsntx3l9xz&attribution_deeplink=1&needs_response_details=1&gps_adid=3ae8f2f4-1b58-4ed6-816b-3ee6c7e3745e&sent_at=2018-04-12T15%3A14%3A43.011Z-0700
I/System.out( 1821): body:<com.adjust.sdk.AdjustFactory: com.adjust.sdk.AdjustFactory$URLGetConnection getHttpsURLGetConnection(java.net.URL)>	sig:$r3 = virtualinvoke $r0.<java.net.URL: java.net.URLConnection openConnection()>()	timediff:0
I/System.out( 1821): body:<com.adjust.sdk.Util: void setDefaultHttpsUrlConnectionProperties(javax.net.ssl.HttpsURLConnection,java.lang.String)>	sig:virtualinvoke $r0.<javax.net.ssl.HttpsURLConnection: void setRequestProperty(java.lang.String,java.lang.String)>("Client-SDK", $r1)	timediff:0
I/System.out( 1821): body:<com.adjust.sdk.Util: void setDefaultHttpsUrlConnectionProperties(javax.net.ssl.HttpsURLConnection,java.lang.String)>	sig:virtualinvoke $r0.<javax.net.ssl.HttpsURLConnection: void setConnectTimeout(int)>(60000)	timediff:0
I/System.out( 1821): body:<com.adjust.sdk.Util: void setDefaultHttpsUrlConnectionProperties(javax.net.ssl.HttpsURLConnection,java.lang.String)>	sig:virtualinvoke $r0.<javax.net.ssl.HttpsURLConnection: void setReadTimeout(int)>(60000)	timediff:0
I/System.out( 1821): body:<com.adjust.sdk.Util: com.adjust.sdk.AdjustFactory$URLGetConnection createGETHttpsURLConnection(java.lang.String,java.lang.String)>	sig:virtualinvoke $r3.<javax.net.ssl.HttpsURLConnection: void setRequestMethod(java.lang.String)>("GET")	timediff:0
I/qtaguid (  661): Untagging socket 136 failed errno=-13
W/NetworkManagementSocketTagger(  661): untagSocket(136) failed with errno -13
I/ActivityManager(  496): Delay finish: com.android.vending/com.google.android.finsky.flushlogs.FlushLogsReceiver
I/Finsky  ( 1107): [80] com.google.android.finsky.cy.a.a.a.b(28): Triggered update for experiment package com.google.android.finsky.stable.
I/Finsky  ( 1107): [79] com.google.android.finsky.cy.a.a.a.b(28): Triggered update for experiment package com.google.android.finsky.regular.
I/Finsky  ( 1107): [80] com.google.android.finsky.cy.a.a.a.b(73): Already at the latest configurations for experiment package com.google.android.finsky.stable.
W/ProxyAndroidLoggerBackend( 1107): Too many Flogger logs received before configuration. Dropping old logs.
W/ProxyAndroidLoggerBackend( 1107): Too many Flogger logs received before configuration. Dropping old logs.
W/ProxyAndroidLoggerBackend( 1107): Too many Flogger logs received before configuration. Dropping old logs.
I/Finsky  ( 1107): [79] com.google.android.finsky.cy.a.a.a.b(73): Already at the latest configurations for experiment package com.google.android.finsky.regular.
I/qtaguid (  661): Tagging socket 136 with tag 3000040700000000(805307399) for uid -1 failed errno=-13
I/NetworkManagementSocketTagger(  661): tagSocketFd(136, 805307399, -1) failed with errno-13
I/System.out( 1821): body:<com.adjust.sdk.Util: com.adjust.sdk.ResponseData readHttpResponse(javax.net.ssl.HttpsURLConnection,com.adjust.sdk.ActivityPackage)>	sig:virtualinvoke $r0.<javax.net.ssl.HttpsURLConnection: void connect()>()	timediff:311
I/System.out( 1821): body:<com.adjust.sdk.Util: com.adjust.sdk.ResponseData readHttpResponse(javax.net.ssl.HttpsURLConnection,com.adjust.sdk.ActivityPackage)>	sig:$i0 = virtualinvoke $r0.<javax.net.ssl.HttpsURLConnection: int getResponseCode()>()	timediff:365
I/System.out( 1821): body:<com.adjust.sdk.Util: com.adjust.sdk.ResponseData readHttpResponse(javax.net.ssl.HttpsURLConnection,com.adjust.sdk.ActivityPackage)>	sig:$r6 = virtualinvoke $r0.<javax.net.ssl.HttpsURLConnection: java.io.InputStream getInputStream()>()	timediff:0
I/System.out( 1821): body:<empirical.HelperClass: void printURLInfo(java.lang.String,java.lang.String,java.net.URLConnection)>	sig:$r0 = virtualinvoke urlConnection.<java.net.URLConnection: java.net.URL getURL()>()	timediff:0
I/System.out( 1821): body:<empirical.HelperClass: void printURLInfo(java.lang.String,java.lang.String,java.net.URLConnection)>	sig:urlString = virtualinvoke $r0.<java.net.URL: java.lang.String toString()>()	timediff:0
I/System.out( 1821): body:<empirical.HelperClass: void printURLInfo(java.lang.String,java.lang.String,java.net.URLConnection)>	sig:isDoOutput = virtualinvoke urlConnection.<java.net.URLConnection: boolean getDoOutput()>()	timediff:0
I/System.out( 1821): body:<empirical.HelperClass: java.lang.String getHeaderField(java.net.URLConnection,java.lang.String)>	sig:data = virtualinvoke conn.<java.net.URLConnection: java.lang.String getHeaderField(java.lang.String)>(field)	timediff:0
I/System.out( 1821): body:<empirical.HelperClass: java.lang.String getHeaderField(java.net.URLConnection,java.lang.String)>	sig:data = virtualinvoke conn.<java.net.URLConnection: java.lang.String getHeaderField(java.lang.String)>(field)	timediff:0
I/System.out( 1821): body:<empirical.HelperClass: java.lang.String getHeaderField(java.net.URLConnection,java.lang.String)>	sig:data = virtualinvoke conn.<java.net.URLConnection: java.lang.String getHeaderField(java.lang.String)>(field)	timediff:0
I/System.out( 1821): body:<empirical.HelperClass: java.lang.String getHeaderField(java.net.URLConnection,java.lang.String)>	sig:data = virtualinvoke conn.<java.net.URLConnection: java.lang.String getHeaderField(java.lang.String)>(field)	timediff:0
I/System.out( 1821): body:<empirical.HelperClass: java.lang.String getHeaderField(java.net.URLConnection,java.lang.String)>	sig:data = virtualinvoke conn.<java.net.URLConnection: java.lang.String getHeaderField(java.lang.String)>(field)	timediff:0
I/System.out( 1821): URLConn;%;8;%;<com.adjust.sdk.Util: com.adjust.sdk.ResponseData readHttpResponse(javax.net.ssl.HttpsURLConnection,com.adjust.sdk.ActivityPackage)>;%;$r6 = virtualinvoke $r0.<javax.net.ssl.HttpsURLConnection: java.io.InputStream getInputStream()>();%;https://app.adjust.com/attribution?environment=production&event_buffering_enabled=1&tracking_enabled=1&created_at=2018-04-12T15%3A14%3A40.037Z-0700&app_token=wdzsntx3l9xz&attribution_deeplink=1&needs_response_details=1&gps_adid=3ae8f2f4-1b58-4ed6-816b-3ee6c7e3745e&sent_at=2018-04-12T15%3A14%3A43.011Z-0700;%;false;%;156;%;Not found;%;Not found;%;Not found;%;Not found
I/System.out( 1821): body:<com.adjust.sdk.Util: com.adjust.sdk.ResponseData readHttpResponse(javax.net.ssl.HttpsURLConnection,com.adjust.sdk.ActivityPackage)>	sig:virtualinvoke $r0.<javax.net.ssl.HttpsURLConnection: void disconnect()>()	timediff:0
D/MoPub   ( 1821): adLoadingStarted
D/MoPub   ( 1821): Loading url: http://ads.mopub.com/m/ad?v=6&id=8a16ae1f69b2450290545ee15c828ce0&nv=4.8.0&dn=samsung%2CSM-G955N%2CSM-G955N&bundle=com.apalon.myclockfree&ll=33.985805%2C-118.25411166666666&lla=1&llf=-50394596&llsdk=1&z=-0700&o=l&w=1280&h=720&sc_a=1.5&mcc=310&mnc=16&iso=US&cn=T-Mobile&ct=2&av=2.28&udid=mp_tmpl_advertising_id&dnt=mp_tmpl_do_not_track&mr=1&android_perms_ext_storage=1
I/qtaguid ( 1821): Tagging socket 114 with tag 469abf7000000000(1184546672) for uid -1 failed errno=-13
I/NetworkManagementSocketTagger( 1821): tagSocketFd(114, 1184546672, -1) failed with errno-13
I/qtaguid (  661): Untagging socket 136 failed errno=-13
W/NetworkManagementSocketTagger(  661): untagSocket(136) failed with errno -13
W/DebugConnManager(  695): getNetworkInfo() on networkType 1
I/qtaguid ( 1821): Untagging socket 114 failed errno=-13
W/NetworkManagementSocketTagger( 1821): untagSocket(114) failed with errno -13
D/MoPub   ( 1821): Loading custom event adapter.
D/MoPub   ( 1821): Attempting to invoke custom event: com.mopub.mobileads.GooglePlayServicesBanner
D/DynamitePackage( 1821): Instantiating com.google.android.gms.ads.ChimeraAdManagerCreatorImpl
I/Ads     ( 1821): Starting ad request.
I/Ads     ( 1821): Use AdRequest.Builder.addTestDevice("DADDEACD506FD4BD02989AD39CCF21B7") to get test ads on this device.
W/Ads     ( 1821): Not retrying to fetch app settings
W/Herrevad(  788): [158] sjl.a: On wifi, but couldn't get security type
W/DebugConnManager(  788): getNetworkInfo() on networkType 0
E/ClockAdjustHelper( 1821): attribution: tt:ufdp4g tn:Organic net:Organic cam:null adg:null cre:null cl:null
E/ClockAdjustHelper( 1821): attribution.campaign: null
E/ClockAdjustHelper( 1821): attribution.network: Organic
I/qtaguid (  661): Tagging socket 136 with tag 3000040700000000(805307399) for uid -1 failed errno=-13
I/NetworkManagementSocketTagger(  661): tagSocketFd(136, 805307399, -1) failed with errno-13
I/chromium( 1821): [INFO:simple_index_file.cc(397)] Simple Cache Index is being restored from disk.
I/Finsky  ( 1107): [1] com.google.android.finsky.wear.WearSupportService.onStartCommand(21): Starting WearSupportService for hygiene
I/Finsky  ( 1107): [1] com.google.android.finsky.wear.ar.a(80): Connecting to wearable; initiated by: com.google.android.finsky.wear.WearSupportService
I/WearableService(  661): Wearable Services not starting - Wear is not available on this device.
I/Finsky  ( 1107): [1] com.google.android.finsky.hygiene.f.a(2): Account synced successfully.
D/dalvikvm(  788): GC_CONCURRENT freed 750K, 9% free 9456K/10328K, paused 0ms+1ms, total 9ms
I/Choreographer(  695): Skipped 186 frames!  The application may be doing too much work on its main thread.
W/EGL_emulation(  695): eglSurfaceAttrib not implemented 3093 12436
W/ViewRootImpl(  695): Dropping event due to no window focus: KeyEvent { action=ACTION_DOWN, keyCode=KEYCODE_VOLUME_UP, scanCode=0, metaState=0, flags=0x8, repeatCount=0, eventTime=100510, downTime=100510, deviceId=-1, source=0x101 }
I/Finsky  ( 1107): [1] com.google.android.finsky.scheduler.AlarmEngineService.onStartCommand(6): AlarmManagerEngine onStart
I/PlayCommon( 1107): [57] com.google.android.play.b.h.e(263): Preparing logs for uploading
I/Finsky  ( 1107): [1] com.google.android.finsky.scheduler.AlarmEngineService.onStartCommand(18): onAlarmManagerWakeup
I/Finsky  ( 1107): [1] com.google.android.finsky.scheduler.p.a(22): Scheduling fallback in 43199998 (absolute: 43303814)
W/ViewRootImpl(  695): Dropping event due to no window focus: KeyEvent { action=ACTION_DOWN, keyCode=KEYCODE_PERIOD, scanCode=0, metaState=0, flags=0x8, repeatCount=0, eventTime=103771, downTime=103771, deviceId=-1, source=0x101 }
D/MoPub   ( 1821): Refresh disabled for ad unit (8a16ae1f69b2450290545ee15c828ce0).
W/ContextImpl(  496): Calling a method in the system process without a qualified user: android.app.ContextImpl.sendBroadcast:1123 com.android.server.InputMethodManagerService.hideCurrentInputLocked:1880 com.android.server.InputMethodManagerService.windowGainedFocus:1968 com.android.internal.view.IInputMethodManager$Stub.onTransact:221 com.android.server.InputMethodManagerService.onTransact:818 
I/PlayCommon( 1107): [57] com.google.android.play.b.y.a(18): Connecting to server for timestamp: https://play.googleapis.com/play/log/timestamp
I/Finsky  ( 1107): [1] com.google.android.finsky.scheduler.p.a(22): Scheduling fallback in 64799999 (absolute: 64903844)
I/Finsky  ( 1107): [1] com.google.android.finsky.scheduler.r.a(279): Will halt after 600000
D/dalvikvm( 1107): GC_CONCURRENT freed 658K, 13% free 4972K/5692K, paused 252ms+1ms, total 300ms
W/WearableService(  661): onGetService - Wear is not available on this device.
W/DebugConnManager(  695): getNetworkInfo() on networkType 1
I/Finsky  ( 1107): [1] com.google.android.finsky.scheduler.w.handleMessage(32): DeviceState: DeviceState{currentTime=1523571286011, isCharging=true, isIdle=false, netAny=true, netNotRoaming=true, netUnmetered=true}
E/Finsky  ( 1107): [1] com.google.android.finsky.wear.au.a(3): onConnectionFailed: ConnectionResult{statusCode=API_UNAVAILABLE, resolution=null, message=null}
W/Finsky  ( 1107): [1] com.google.android.finsky.wear.cd.run(12): Dropping command=hygiene due to Gms not connected
I/Finsky  ( 1107): [1] com.google.android.finsky.wear.WearSupportService.b(67): Stopping WearSupportService
I/ActivityManager(  496): Resuming delayed broadcast
I/Finsky  ( 1107): [1] com.google.android.finsky.verifier.impl.VerifyInstalledPackagesReceiver.onReceive(28): Verify installed apps requested
D/dalvikvm(  827): GC_EXPLICIT freed 262K, 31% free 4396K/6288K, paused 1ms+3ms, total 12ms
I/chromium(  788): [INFO:CONSOLE(0)] "Document was loaded from Application Cache with manifest https://googleads.g.doubleclick.net/mads/static/mad/sdk/native/sdk-core-v40-loader.appcache", source: https://googleads.g.doubleclick.net/mads/static/mad/sdk/native/sdk-core-v40-loader.html (0)
I/chromium(  788): [INFO:CONSOLE(0)] "Application Cache Checking event", source: https://googleads.g.doubleclick.net/mads/static/mad/sdk/native/sdk-core-v40-loader.html (0)
I/ActivityManager(  496): START u0 {cmp=com.vphone.launcher/.game.GpLoadingActivity (has extras)} from pid 695
I/Finsky  ( 1107): [80] com.google.android.finsky.verifier.impl.dy.a(17): Verifying installed packages
I/chromium( 1821): [INFO:CONSOLE(7)] "Creating Application Cache with manifest https://googleads.g.doubleclick.net/mads/static/mad/sdk/native/sdk-core-v40-loader.appcache", source: https://googleads.g.doubleclick.net/mads/static/mad/sdk/native/sdk-core-v40-loader.html (7)
I/chromium( 1821): [INFO:CONSOLE(7)] "Application Cache Checking event", source: https://googleads.g.doubleclick.net/mads/static/mad/sdk/native/sdk-core-v40-loader.html (7)
W/ContextImpl(  695): Calling a method in the system process without a qualified user: android.app.ContextImpl.bindService:1556 android.content.ContextWrapper.bindService:517 com.google.android.gms.common.stats.zzb.zza:-1 com.google.android.gms.common.stats.zzb.zza:-1 com.google.android.gms.ads.identifier.AdvertisingIdClient.zzh:-1 
I/chromium( 1821): [INFO:CONSOLE(0)] "Application Cache Downloading event", source: https://googleads.g.doubleclick.net/mads/static/mad/sdk/native/sdk-core-v40-loader.html (0)
I/Finsky  ( 1107): [1] com.google.android.finsky.scheduler.r.a(88): Running job: 1 (12)
I/chromium( 1821): [INFO:CONSOLE(0)] "Application Cache Progress event (0 of 1) https://googleads.g.doubleclick.net/mads/static/mad/sdk/native/production/sdk-core-v40-impl.js", source: https://googleads.g.doubleclick.net/mads/static/mad/sdk/native/sdk-core-v40-loader.html (0)
I/Finsky  ( 1107): [1] com.google.android.finsky.ah.c.a(41): ContentSyncJob started
I/Finsky  ( 1107): [1] com.google.android.finsky.scheduler.r.a(160): RunningQueue size: 1
I/Finsky  ( 1107): [1] com.google.android.finsky.scheduler.r.a(161): PendingQueue size: 0
I/qtaguid (  695): Untagging socket 88 failed errno=-13
W/NetworkManagementSocketTagger(  695): untagSocket(88) failed with errno -13
I/qtaguid (  695): Tagging socket 88 with tag 49e2824000000000(1239581248) for uid -1 failed errno=-13
I/NetworkManagementSocketTagger(  695): tagSocketFd(88, 1239581248, -1) failed with errno-13
I/qtaguid (  661): Untagging socket 136 failed errno=-13
I/qtaguid (  695): Tagging socket 128 with tag 49e2824000000000(1239581248) for uid -1 failed errno=-13
I/NetworkManagementSocketTagger(  695): tagSocketFd(128, 1239581248, -1) failed with errno-13
W/NetworkManagementSocketTagger(  661): untagSocket(136) failed with errno -13
D/dalvikvm( 1107): GC_CONCURRENT freed 353K, 9% free 5225K/5692K, paused 1ms+1ms, total 9ms
I/chromium(  788): [INFO:CONSOLE(0)] "Application Cache NoUpdate event", source: https://googleads.g.doubleclick.net/mads/static/mad/sdk/native/sdk-core-v40-loader.html (0)
I/qtaguid (  661): Tagging socket 136 with tag 3000040700000000(805307399) for uid -1 failed errno=-13
I/qtaguid (  695): Untagging socket 87 failed errno=-13
W/NetworkManagementSocketTagger(  695): untagSocket(87) failed with errno -13
I/qtaguid (  695): Untagging socket 102 failed errno=-13
W/DebugConnManager(  695): getNetworkInfo() on networkType 1
I/NetworkManagementSocketTagger(  661): tagSocketFd(136, 805307399, -1) failed with errno-13
W/PlayCommon( 1107): [57] com.google.android.play.b.h.a(675): No account for auth token provided
I/PlayCommon( 1107): [57] com.google.android.play.b.h.a(522): Connecting to server: https://play.googleapis.com/play/log?format=raw&proto_v2=true
W/NetworkManagementSocketTagger(  695): untagSocket(102) failed with errno -13
I/qtaguid (  695): Untagging socket 104 failed errno=-13
W/NetworkManagementSocketTagger(  695): untagSocket(104) failed with errno -13
I/qtaguid (  695): Untagging socket 103 failed errno=-13
W/NetworkManagementSocketTagger(  695): untagSocket(103) failed with errno -13
I/ActivityManager(  496): START u0 {act=android.intent.action.MAIN cat=[android.intent.category.LAUNCHER] flg=0x10200000 cmp=com.apalon.myclockfree/.activity.MainAdsActivity} from pid 1810
D/dalvikvm(  496): GC_FOR_ALLOC freed 921K, 21% free 8194K/10368K, paused 14ms, total 14ms
I/qtaguid (  695): Tagging socket 87 with tag 1b8a7d1b00000000(462060827) for uid -1 failed errno=-13
I/NetworkManagementSocketTagger(  695): tagSocketFd(87, 462060827, -1) failed with errno-13
D/yeshen  (  695): launcher onpause
I/qtaguid (  695): Tagging socket 104 with tag 1b8a7d1b00000000(462060827) for uid -1 failed errno=-13
I/NetworkManagementSocketTagger(  695): tagSocketFd(104, 462060827, -1) failed with errno-13
I/Finsky  ( 1107): [60] com.google.android.finsky.n.c.a(24): Completed 0 account content syncs with 0 successful.
I/Finsky  ( 1107): [1] com.google.android.finsky.ah.c.a(5): Installation state replication succeeded.
I/Finsky  ( 1107): [1] com.google.android.finsky.scheduler.aq.b(12): jobFinished: 1 12
I/Finsky  ( 1107): [1] com.google.android.finsky.scheduler.r.a(185): Job 1 (12) finished
I/Finsky  ( 1107): [1] com.google.android.finsky.scheduler.r.a(160): RunningQueue size: 0
I/Finsky  ( 1107): [1] com.google.android.finsky.scheduler.r.a(161): PendingQueue size: 0
I/Finsky  ( 1107): [1] com.google.android.finsky.scheduler.w.handleMessage(220): Executor finished
I/PlayCommon( 1107): [57] com.google.android.play.b.h.a(579): Successfully uploaded logs.
D/MoPub   ( 1821): Refresh enabled for ad unit (8a16ae1f69b2450290545ee15c828ce0).
D/MoPub   ( 1821): adLoadingStarted
D/MoPub   ( 1821): Loading url: http://ads.mopub.com/m/ad?v=6&id=8a16ae1f69b2450290545ee15c828ce0&nv=4.8.0&dn=samsung%2CSM-G955N%2CSM-G955N&bundle=com.apalon.myclockfree&ll=33.985805%2C-118.25411166666666&lla=1&llf=-50392531&llsdk=1&z=-0700&o=l&w=1280&h=720&sc_a=1.5&mcc=310&mnc=16&iso=US&cn=T-Mobile&ct=2&av=2.28&udid=mp_tmpl_advertising_id&dnt=mp_tmpl_do_not_track&mr=1&android_perms_ext_storage=1
D/MoPub   ( 1821): Refresh disabled for ad unit (null).
D/MoPub   ( 1821): adLoadingStarted
D/MoPub   ( 1821): Loading url: http://ads.mopub.com/m/ad?v=6&id=7bf4ebc0696149c9ba085c731e39187a&nv=4.8.0&dn=samsung%2CSM-G955N%2CSM-G955N&bundle=com.apalon.myclockfree&ll=33.985805%2C-118.25411166666666&lla=1&llf=-50392516&llsdk=1&z=-0700&o=l&w=1280&h=720&sc_a=1.5&mcc=310&mnc=16&iso=US&cn=T-Mobile&ct=2&av=2.28&udid=mp_tmpl_advertising_id&dnt=mp_tmpl_do_not_track&mr=1&android_perms_ext_storage=1
I/        (  695): {"errNum":0,"message":"SUCCESS"}
D/dalvikvm(  788): GC_CONCURRENT freed 680K, 7% free 11025K/11824K, paused 0ms+2ms, total 19ms
D/dalvikvm(  788): WAIT_FOR_CONCURRENT_GC blocked 4ms
I/PlayCommon( 1107): [57] com.google.android.play.b.h.e(263): Preparing logs for uploading
I/PlayCommon( 1107): [57] com.google.android.play.b.h.e(267): No file ready to send
D/MoPub   ( 1821): Refresh disabled for ad unit (8a16ae1f69b2450290545ee15c828ce0).
D/MoPub   ( 1821): adLoadingStarted
D/MoPub   ( 1821): Loading url: http://ads.mopub.com/m/ad?v=6&id=8a16ae1f69b2450290545ee15c828ce0&nv=4.8.0&dn=samsung%2CSM-G955N%2CSM-G955N&bundle=com.apalon.myclockfree&ll=33.985805%2C-118.25411166666666&lla=1&llf=-50392359&llsdk=1&z=-0700&o=l&w=1280&h=720&sc_a=1.5&mcc=310&mnc=16&iso=US&cn=T-Mobile&ct=2&av=2.28&udid=mp_tmpl_advertising_id&dnt=mp_tmpl_do_not_track&mr=1&android_perms_ext_storage=1
D/MoPub   ( 1821): Refresh disabled for ad unit (null).
D/MoPub   ( 1821): adLoadingStarted
D/MoPub   ( 1821): Loading url: http://ads.mopub.com/m/ad?v=6&id=7bf4ebc0696149c9ba085c731e39187a&nv=4.8.0&dn=samsung%2CSM-G955N%2CSM-G955N&bundle=com.apalon.myclockfree&ll=33.985805%2C-118.25411166666666&lla=1&llf=-50392354&llsdk=1&z=-0700&o=l&w=1280&h=720&sc_a=1.5&mcc=310&mnc=16&iso=US&cn=T-Mobile&ct=2&av=2.28&udid=mp_tmpl_advertising_id&dnt=mp_tmpl_do_not_track&mr=1&android_perms_ext_storage=1
I/Advertiser( 1821): loadInterstitial
I/Advertiser( 1821): mInterstitial != null. Destroy? true
D/MoPub   ( 1821): Refresh disabled for ad unit (null).
D/MoPub   ( 1821): adLoadingStarted
D/MoPub   ( 1821): Loading url: http://ads.mopub.com/m/ad?v=6&id=55c62455e40649f7b73c034d9245b782&nv=4.8.0&dn=samsung%2CSM-G955N%2CSM-G955N&bundle=com.apalon.myclockfree&ll=33.985805%2C-118.25411166666666&lla=1&llf=-50392348&llsdk=1&z=-0700&o=l&w=1280&h=720&sc_a=1.5&mcc=310&mnc=16&iso=US&cn=T-Mobile&ct=2&av=2.28&udid=mp_tmpl_advertising_id&dnt=mp_tmpl_do_not_track&mr=1&android_perms_ext_storage=1
W/com.facebook.appevents.AppEventsLogger( 1821): activateApp events are being logged automatically. There's no need to call activateApp explicitly, this is safe to remove.
D/MoPub   ( 1821): Refresh enabled for ad unit (8a16ae1f69b2450290545ee15c828ce0).
D/MoPub   ( 1821): Refresh disabled for ad unit (8a16ae1f69b2450290545ee15c828ce0).
I/Advertiser( 1821): release
D/Event   ( 1821): No subscribers registered for event class com.apalon.myclockfree.h.o
D/Event   ( 1821): No subscribers registered for event class b.a.a.g
D/Event   ( 1821): No subscribers registered for event class com.apalon.myclockfree.h.o
D/Event   ( 1821): No subscribers registered for event class b.a.a.g
I/chromium( 1821): [INFO:CONSOLE(0)] "Application Cache Progress event (1 of 1) ", source: https://googleads.g.doubleclick.net/mads/static/mad/sdk/native/sdk-core-v40-loader.html (0)
I/chromium( 1821): [INFO:CONSOLE(0)] "Application Cache Cached event", source: https://googleads.g.doubleclick.net/mads/static/mad/sdk/native/sdk-core-v40-loader.html (0)
I/qtaguid ( 1821): Tagging socket 101 with tag 469abf7000000000(1184546672) for uid -1 failed errno=-13
I/NetworkManagementSocketTagger( 1821): tagSocketFd(101, 1184546672, -1) failed with errno-13
D/WEATHER_SPEED: getWeatherCondition:( 1821): 0 ms
I/qtaguid ( 1821): Tagging socket 112 with tag 469abf7000000000(1184546672) for uid -1 failed errno=-13
I/NetworkManagementSocketTagger( 1821): tagSocketFd(112, 1184546672, -1) failed with errno-13
I/Advertiser( 1821): onRequestSuccess {force_ban_refresh=false, inter_interval=40, int_per_session=2, inter_ads=true}
D/WEATHER_SPEED: getWeatherCondition:( 1821): 2 ms
D/dalvikvm(  788): GC_CONCURRENT freed 1843K, 15% free 11953K/13916K, paused 2ms+2ms, total 37ms
D/dalvikvm(  788): WAIT_FOR_CONCURRENT_GC blocked 12ms
D/dalvikvm(  788): WAIT_FOR_CONCURRENT_GC blocked 16ms
W/EGL_emulation( 1821): eglSurfaceAttrib not implemented 3093 12436
I/qtaguid (  788): Tagging socket 213 with tag 3000010500000000(805306629) for uid -1 failed errno=-13
I/NetworkManagementSocketTagger(  788): tagSocketFd(213, 805306629, -1) failed with errno-13
I/qtaguid (  788): Tagging socket 215 with tag 3000010500000000(805306629) for uid -1 failed errno=-13
I/NetworkManagementSocketTagger(  788): tagSocketFd(215, 805306629, -1) failed with errno-13
D/dalvikvm( 1821): GC_FOR_ALLOC freed 15699K, 45% free 20455K/37152K, paused 16ms, total 17ms
I/qtaguid (  788): Tagging socket 221 with tag 3000010500000000(805306629) for uid -1 failed errno=-13
I/qtaguid ( 1821): Tagging socket 114 with tag 469abf7000000000(1184546672) for uid -1 failed errno=-13
I/NetworkManagementSocketTagger( 1821): tagSocketFd(114, 1184546672, -1) failed with errno-13
I/NetworkManagementSocketTagger(  788): tagSocketFd(221, 805306629, -1) failed with errno-13
W/ViewRootImpl( 1821): Dropping event due to no window focus: KeyEvent { action=ACTION_DOWN, keyCode=KEYCODE_BUTTON_R2, scanCode=0, metaState=0, flags=0x8, repeatCount=0, eventTime=104275, downTime=104275, deviceId=-1, source=0x101 }
I/Advertiser( 1821): Received notification optimizer config loaded 
W/ContextImpl(  496): Calling a method in the system process without a qualified user: android.app.ContextImpl.sendBroadcast:1123 com.android.server.InputMethodManagerService.hideCurrentInputLocked:1880 com.android.server.InputMethodManagerService.windowGainedFocus:1968 com.android.internal.view.IInputMethodManager$Stub.onTransact:221 com.android.server.InputMethodManagerService.onTransact:818 
I/qtaguid (  788): Tagging socket 226 with tag 3000010500000000(805306629) for uid -1 failed errno=-13
I/NetworkManagementSocketTagger(  788): tagSocketFd(226, 805306629, -1) failed with errno-13
I/qtaguid (  788): Untagging socket 226 failed errno=-13
W/NetworkManagementSocketTagger(  788): untagSocket(226) failed with errno -13
I/qtaguid (  788): Tagging socket 226 with tag 3000010500000000(805306629) for uid -1 failed errno=-13
I/NetworkManagementSocketTagger(  788): tagSocketFd(226, 805306629, -1) failed with errno-13
I/qtaguid (  788): Untagging socket 226 failed errno=-13
W/NetworkManagementSocketTagger(  788): untagSocket(226) failed with errno -13
I/qtaguid (  788): Tagging socket 226 with tag 3000010500000000(805306629) for uid -1 failed errno=-13
I/NetworkManagementSocketTagger(  788): tagSocketFd(226, 805306629, -1) failed with errno-13
I/qtaguid (  788): Untagging socket 226 failed errno=-13
W/NetworkManagementSocketTagger(  788): untagSocket(226) failed with errno -13
I/qtaguid (  788): Tagging socket 226 with tag 3000010500000000(805306629) for uid -1 failed errno=-13
I/NetworkManagementSocketTagger(  788): tagSocketFd(226, 805306629, -1) failed with errno-13
I/qtaguid (  788): Untagging socket 226 failed errno=-13
W/NetworkManagementSocketTagger(  788): untagSocket(226) failed with errno -13
I/qtaguid (  788): Tagging socket 226 with tag 3000010500000000(805306629) for uid -1 failed errno=-13
I/NetworkManagementSocketTagger(  788): tagSocketFd(226, 805306629, -1) failed with errno-13
I/qtaguid (  788): Untagging socket 226 failed errno=-13
W/NetworkManagementSocketTagger(  788): untagSocket(226) failed with errno -13
I/qtaguid (  788): Tagging socket 226 with tag 3000010500000000(805306629) for uid -1 failed errno=-13
I/NetworkManagementSocketTagger(  788): tagSocketFd(226, 805306629, -1) failed with errno-13
I/qtaguid (  788): Untagging socket 226 failed errno=-13
W/NetworkManagementSocketTagger(  788): untagSocket(226) failed with errno -13
I/qtaguid ( 1821): Tagging socket 83 with tag 469abf7000000000(1184546672) for uid -1 failed errno=-13
I/NetworkManagementSocketTagger( 1821): tagSocketFd(83, 1184546672, -1) failed with errno-13
I/qtaguid (  661): Untagging socket 136 failed errno=-13
W/NetworkManagementSocketTagger(  661): untagSocket(136) failed with errno -13
I/qtaguid (  788): Tagging socket 227 with tag 3000010500000000(805306629) for uid -1 failed errno=-13
I/NetworkManagementSocketTagger(  788): tagSocketFd(227, 805306629, -1) failed with errno-13
I/qtaguid (  788): Untagging socket 227 failed errno=-13
W/NetworkManagementSocketTagger(  788): untagSocket(227) failed with errno -13
I/qtaguid (  788): Tagging socket 226 with tag 3000010500000000(805306629) for uid -1 failed errno=-13
I/NetworkManagementSocketTagger(  788): tagSocketFd(226, 805306629, -1) failed with errno-13
I/qtaguid (  788): Untagging socket 226 failed errno=-13
W/NetworkManagementSocketTagger(  788): untagSocket(226) failed with errno -13
I/qtaguid (  788): Tagging socket 226 with tag 3000010500000000(805306629) for uid -1 failed errno=-13
I/NetworkManagementSocketTagger(  788): tagSocketFd(226, 805306629, -1) failed with errno-13
I/qtaguid (  788): Untagging socket 226 failed errno=-13
W/NetworkManagementSocketTagger(  788): untagSocket(226) failed with errno -13
I/qtaguid (  788): Tagging socket 226 with tag 3000010500000000(805306629) for uid -1 failed errno=-13
I/NetworkManagementSocketTagger(  788): tagSocketFd(226, 805306629, -1) failed with errno-13
I/qtaguid (  788): Untagging socket 226 failed errno=-13
W/NetworkManagementSocketTagger(  788): untagSocket(226) failed with errno -13
I/qtaguid (  788): Tagging socket 226 with tag 3000010500000000(805306629) for uid -1 failed errno=-13
I/NetworkManagementSocketTagger(  788): tagSocketFd(226, 805306629, -1) failed with errno-13
I/qtaguid (  788): Untagging socket 226 failed errno=-13
W/NetworkManagementSocketTagger(  788): untagSocket(226) failed with errno -13
I/qtaguid (  788): Tagging socket 226 with tag 3000010500000000(805306629) for uid -1 failed errno=-13
I/NetworkManagementSocketTagger(  788): tagSocketFd(226, 805306629, -1) failed with errno-13
I/qtaguid (  788): Untagging socket 226 failed errno=-13
W/NetworkManagementSocketTagger(  788): untagSocket(226) failed with errno -13
I/qtaguid (  661): Tagging socket 136 with tag 3000040700000000(805307399) for uid -1 failed errno=-13
I/NetworkManagementSocketTagger(  661): tagSocketFd(136, 805307399, -1) failed with errno-13
I/qtaguid (  788): Tagging socket 226 with tag 3000010500000000(805306629) for uid -1 failed errno=-13
I/NetworkManagementSocketTagger(  788): tagSocketFd(226, 805306629, -1) failed with errno-13
I/qtaguid (  788): Untagging socket 226 failed errno=-13
W/NetworkManagementSocketTagger(  788): untagSocket(226) failed with errno -13
I/qtaguid (  788): Tagging socket 226 with tag 3000010500000000(805306629) for uid -1 failed errno=-13
I/NetworkManagementSocketTagger(  788): tagSocketFd(226, 805306629, -1) failed with errno-13
I/qtaguid (  788): Untagging socket 226 failed errno=-13
W/NetworkManagementSocketTagger(  788): untagSocket(226) failed with errno -13
I/qtaguid (  788): Tagging socket 226 with tag 3000010500000000(805306629) for uid -1 failed errno=-13
I/NetworkManagementSocketTagger(  788): tagSocketFd(226, 805306629, -1) failed with errno-13
I/qtaguid (  788): Untagging socket 226 failed errno=-13
W/NetworkManagementSocketTagger(  788): untagSocket(226) failed with errno -13
I/qtaguid (  788): Tagging socket 226 with tag 3000010500000000(805306629) for uid -1 failed errno=-13
I/NetworkManagementSocketTagger(  788): tagSocketFd(226, 805306629, -1) failed with errno-13
I/qtaguid (  788): Untagging socket 226 failed errno=-13
W/NetworkManagementSocketTagger(  788): untagSocket(226) failed with errno -13
I/qtaguid (  788): Tagging socket 226 with tag 3000010500000000(805306629) for uid -1 failed errno=-13
I/NetworkManagementSocketTagger(  788): tagSocketFd(226, 805306629, -1) failed with errno-13
I/qtaguid (  788): Untagging socket 226 failed errno=-13
W/NetworkManagementSocketTagger(  788): untagSocket(226) failed with errno -13
I/qtaguid (  788): Tagging socket 226 with tag 3000010500000000(805306629) for uid -1 failed errno=-13
I/NetworkManagementSocketTagger(  788): tagSocketFd(226, 805306629, -1) failed with errno-13
I/qtaguid (  788): Untagging socket 226 failed errno=-13
W/NetworkManagementSocketTagger(  788): untagSocket(226) failed with errno -13
I/qtaguid ( 1821): Untagging socket 112 failed errno=-13
W/NetworkManagementSocketTagger( 1821): untagSocket(112) failed with errno -13
I/qtaguid ( 1821): Tagging socket 159 with tag 469abf7000000000(1184546672) for uid -1 failed errno=-13
I/NetworkManagementSocketTagger( 1821): tagSocketFd(159, 1184546672, -1) failed with errno-13
I/qtaguid ( 1821): Untagging socket 159 failed errno=-13
W/NetworkManagementSocketTagger( 1821): untagSocket(159) failed with errno -13
I/qtaguid ( 1821): Tagging socket 159 with tag 469abf7000000000(1184546672) for uid -1 failed errno=-13
I/NetworkManagementSocketTagger( 1821): tagSocketFd(159, 1184546672, -1) failed with errno-13
I/qtaguid ( 1821): Untagging socket 159 failed errno=-13
W/NetworkManagementSocketTagger( 1821): untagSocket(159) failed with errno -13
I/qtaguid ( 1821): Tagging socket 159 with tag 469abf7000000000(1184546672) for uid -1 failed errno=-13
I/NetworkManagementSocketTagger( 1821): tagSocketFd(159, 1184546672, -1) failed with errno-13
I/qtaguid ( 1821): Untagging socket 159 failed errno=-13
W/NetworkManagementSocketTagger( 1821): untagSocket(159) failed with errno -13
I/qtaguid ( 1821): Tagging socket 159 with tag 469abf7000000000(1184546672) for uid -1 failed errno=-13
I/NetworkManagementSocketTagger( 1821): tagSocketFd(159, 1184546672, -1) failed with errno-13
I/ActivityManager(  496): Displayed com.apalon.myclockfree/.activity.MainAdsActivity: +560ms
I/qtaguid ( 1821): Untagging socket 159 failed errno=-13
W/NetworkManagementSocketTagger( 1821): untagSocket(159) failed with errno -13
I/qtaguid ( 1821): Tagging socket 159 with tag 469abf7000000000(1184546672) for uid -1 failed errno=-13
I/NetworkManagementSocketTagger( 1821): tagSocketFd(159, 1184546672, -1) failed with errno-13
I/qtaguid ( 1821): Untagging socket 159 failed errno=-13
W/NetworkManagementSocketTagger( 1821): untagSocket(159) failed with errno -13
I/qtaguid ( 1821): Tagging socket 159 with tag 469abf7000000000(1184546672) for uid -1 failed errno=-13
I/NetworkManagementSocketTagger( 1821): tagSocketFd(159, 1184546672, -1) failed with errno-13
I/qtaguid ( 1821): Untagging socket 159 failed errno=-13
W/NetworkManagementSocketTagger( 1821): untagSocket(159) failed with errno -13
D/dalvikvm( 1821): GC_CONCURRENT freed 2435K, 24% free 23889K/31276K, paused 1ms+1ms, total 28ms
I/qtaguid ( 1821): Untagging socket 101 failed errno=-13
W/NetworkManagementSocketTagger( 1821): untagSocket(101) failed with errno -13
I/ActivityManager(  496): START u0 {act=android.intent.action.MAIN cat=[android.intent.category.HOME] flg=0x10200000 cmp=com.vphone.launcher/.Launcher} from pid 496
D/dalvikvm(  496): GC_FOR_ALLOC freed 602K, 21% free 8205K/10368K, paused 11ms, total 12ms
D/dalvikvm(  496): GC_FOR_ALLOC freed 248K, 22% free 8169K/10368K, paused 10ms, total 10ms
D/dalvikvm(  496): GC_FOR_ALLOC freed 210K, 22% free 8168K/10368K, paused 8ms, total 9ms
D/dalvikvm(  496): GC_FOR_ALLOC freed 210K, 22% free 8168K/10368K, paused 13ms, total 14ms
I/qtaguid ( 1821): Untagging socket 114 failed errno=-13
W/NetworkManagementSocketTagger( 1821): untagSocket(114) failed with errno -13
I/qtaguid (  788): Untagging socket 215 failed errno=-13
W/NetworkManagementSocketTagger(  788): untagSocket(215) failed with errno -13
D/MoPub   ( 1821): Loading custom event adapter.
D/MoPub   ( 1821): Attempting to invoke custom event: com.mopub.mobileads.GooglePlayServicesBanner
D/DynamitePackage( 1821): Instantiating com.google.android.gms.ads.ChimeraAdManagerCreatorImpl
I/Ads     ( 1821): Starting ad request.
I/Ads     ( 1821): Use AdRequest.Builder.addTestDevice("DADDEACD506FD4BD02989AD39CCF21B7") to get test ads on this device.
I/qtaguid (  788): Untagging socket 213 failed errno=-13
W/NetworkManagementSocketTagger(  788): untagSocket(213) failed with errno -13
D/dalvikvm( 1107): GC_CONCURRENT freed 701K, 13% free 5213K/5972K, paused 1ms+1ms, total 12ms
I/Ads     ( 1821): Trying mediation network: 
I/Ads     ( 1821): Trying mediation network: 
W/Herrevad(  788): [63] sjl.a: On wifi, but couldn't get security type
W/DebugConnManager(  788): getNetworkInfo() on networkType 0
I/Ads     ( 1821): Instantiating mediation adapter: com.google.DummyAdapter
I/Ads     ( 1821): No fill from any mediation ad networks.
I/Ads     ( 1821): Instantiating mediation adapter: com.google.DummyAdapter
W/Ads     ( 1821): Failed to load ad: 3
I/Ads     ( 1821): No fill from any mediation ad networks.
D/dalvikvm(  661): GC_CONCURRENT freed 1241K, 19% free 7240K/8832K, paused 1ms+2ms, total 13ms
I/ActivityManager(  496): START u0 {act=android.intent.action.MAIN cat=[android.intent.category.HOME] flg=0x10200000 cmp=com.vphone.launcher/.Launcher} from pid 496
D/dalvikvm(  788): GC_CONCURRENT freed 5383K, 37% free 9635K/15140K, paused 5ms+4ms, total 33ms
D/dalvikvm(  496): GC_FOR_ALLOC freed 297K, 22% free 8169K/10368K, paused 13ms, total 13ms
I/qtaguid ( 1821): Untagging socket 83 failed errno=-13
W/NetworkManagementSocketTagger( 1821): untagSocket(83) failed with errno -13
D/dalvikvm(  496): GC_FOR_ALLOC freed 234K, 22% free 8145K/10368K, paused 11ms, total 11ms
I/qtaguid (  788): Untagging socket 221 failed errno=-13
W/NetworkManagementSocketTagger(  788): untagSocket(221) failed with errno -13
D/dalvikvm(  496): GC_FOR_ALLOC freed 215K, 22% free 8142K/10368K, paused 17ms, total 17ms
D/dalvikvm(  496): GC_FOR_ALLOC freed 209K, 22% free 8142K/10368K, paused 11ms, total 11ms
I/Ads     ( 1821): Trying mediation network: 
W/Ads     ( 1821): Failed to load ad: 3
I/qtaguid (  788): Tagging socket 215 with tag 3000010500000000(805306629) for uid -1 failed errno=-13
