W/ViewRootImpl( 7357): Dropping event due to no window focus: KeyEvent { action=ACTION_DOWN, keyCode=KEYCODE_MOVE_HOME, scanCode=0, metaState=0, flags=0x8, repeatCount=0, eventTime=654431, downTime=654431, deviceId=-1, source=0x101 }
W/InputMethodManagerService(  473): Window already focused, ignoring focus gain of: com.android.internal.view.IInputMethodClient$Stub$Proxy@4afd369c attribute=null, token = android.os.BinderProxy@4b254160
D/ScreenSaverConflic( 4235): dead com.ksmobile.launcher
D/ScreenSaverConflic( 4235): 1updateCandidate caller:mPackage:com.ksmobile.launcher;  mPackageLifeState:3;  mSaverSwitchState:false;  mScreenActualState:true;  mGuideAcutalState:false;  mLockerActualState:false;  mLockerSwitchState:false
D/ScreenSaverConflic( 4235): getLockerSwitchOnList : mPackage:com.ksmobile.launcher;  mPackageLifeState:3;  mSaverSwitchState:false;  mScreenActualState:true;  mGuideAcutalState:false;  mLockerActualState:false;  mLockerSwitchState:false
D/ScreenSaverConflic( 4235): getSwitchOnList : mPackage:com.ksmobile.launcher;  mPackageLifeState:3;  mSaverSwitchState:false;  mScreenActualState:true;  mGuideAcutalState:false;  mLockerActualState:false;  mLockerSwitchState:false
D/ScreenSaverConflic( 4235): shouldShowScreenSaver pkgName:com.ksmobile.launcher  ids:com.cmcm.locker
D/ScreenSaverConflic( 4235): shouldShowScreenSaver pkgName:com.ksmobile.launcher  ids:com.ijinshan.kbatterydoctor_en
D/ScreenSaverConflic( 4235): shouldShowScreenSaver pkgName:com.ksmobile.launcher  ids:com.ijinshan.kbatterydoctor
D/ScreenSaverConflic( 4235): shouldShowScreenSaver pkgName:com.ksmobile.launcher  ids:com.cleanmaster.mguard_cn
D/ScreenSaverConflic( 4235): shouldShowScreenSaver pkgName:com.ksmobile.launcher  ids:com.cleanmaster.mguard
D/ScreenSaverConflic( 4235): shouldShowScreenSaver pkgName:com.ksmobile.launcher  ids:com.cleanmaster.security
D/ScreenSaverConflic( 4235): shouldShowScreenSaver pkgName:com.ksmobile.launcher  ids:com.cleanmaster.security_cn
D/ScreenSaverConflic( 4235): shouldShowScreenSaver pkgName:com.ksmobile.launcher  ids:com.ksmobile.launcher
D/ScreenSaverConflic( 4235): queryguide
D/ScreenSaverConflic( 4235): onShouldGuideRuleChangedfalse   false
D/ScreenSaverConflic( 4235): onShouldGuideRuleChanged endfalse   false
D/ScreenSaverConflic( 4235): queryshow
D/ScreenSaverConflic( 4235): getSwitchOnList : mPackage:com.ksmobile.launcher;  mPackageLifeState:3;  mSaverSwitchState:false;  mScreenActualState:true;  mGuideAcutalState:false;  mLockerActualState:false;  mLockerSwitchState:false
D/ScreenSaverConflic( 4235): shouldShowScreenSaver pkgName:com.ksmobile.launcher  ids:com.cmcm.locker
D/ScreenSaverConflic( 4235): shouldShowScreenSaver pkgName:com.ksmobile.launcher  ids:com.ijinshan.kbatterydoctor_en
D/ScreenSaverConflic( 4235): shouldShowScreenSaver pkgName:com.ksmobile.launcher  ids:com.ijinshan.kbatterydoctor
D/ScreenSaverConflic( 4235): shouldShowScreenSaver pkgName:com.ksmobile.launcher  ids:com.cleanmaster.mguard_cn
D/ScreenSaverConflic( 4235): shouldShowScreenSaver pkgName:com.ksmobile.launcher  ids:com.cleanmaster.mguard
D/ScreenSaverConflic( 4235): shouldShowScreenSaver pkgName:com.ksmobile.launcher  ids:com.cleanmaster.security
D/ScreenSaverConflic( 4235): shouldShowScreenSaver pkgName:com.ksmobile.launcher  ids:com.cleanmaster.security_cn
D/ScreenSaverConflic( 4235): shouldShowScreenSaver pkgName:com.ksmobile.launcher  ids:com.ksmobile.launcher
D/ScreenSaverConflic( 4235): onShouldShowRuleChanged true   true
D/ScreenSaverConflic( 4235): onShouldShowRuleChanged endtrue   true
D/ScreenSaverConflic( 4235): getLockerSwitchOnList : mPackage:com.ksmobile.launcher;  mPackageLifeState:3;  mSaverSwitchState:false;  mScreenActualState:true;  mGuideAcutalState:false;  mLockerActualState:false;  mLockerSwitchState:false
D/ScreenSaverConflic( 4235): onShouldShowLockerRuleChanged false   false
D/ScreenSaverConflic( 4235): onShouldShowLockerRuleChanged endfalse   false
D/ScreenSaverConflic( 4235): query.end
W/ViewRootImpl( 7357): Dropping event due to no window focus: KeyEvent { action=ACTION_DOWN, keyCode=KEYCODE_D, scanCode=0, metaState=0, flags=0x8, repeatCount=0, eventTime=654529, downTime=654529, deviceId=-1, source=0x101 }
W/EGL_emulation( 7357): eglSurfaceAttrib not implemented 3093 12436
W/InputMethodManagerService(  473): Window already focused, ignoring focus gain of: com.android.internal.view.IInputMethodClient$Stub$Proxy@4afd78ac attribute=null, token = android.os.BinderProxy@4b254160
D/LockerService( 4272): close reason:homekey
I/ActivityManager(  473): START u0 {act=android.intent.action.MAIN cat=[android.intent.category.HOME] flg=0x10200000 cmp=com.vphone.launcher/.Launcher} from pid 473
I/ActivityManager(  473): START u0 {act=android.intent.action.MAIN cat=[android.intent.category.LAUNCHER] flg=0x10200000 cmp=com.google.android.apps.docs.editors.docs/com.google.android.apps.docs.app.NewMainProxyActivity} from pid 7346
W/ViewRootImpl( 7357): Dropping event due to no window focus: KeyEvent { action=ACTION_DOWN, keyCode=KEYCODE_MENU, scanCode=0, metaState=0, flags=0x8, repeatCount=0, eventTime=654741, downTime=654741, deviceId=-1, source=0x101 }
W/ViewRootImpl( 7357): Dropping event due to no window focus: KeyEvent { action=ACTION_DOWN, keyCode=KEYCODE_DPAD_CENTER, scanCode=0, metaState=0, flags=0x8, repeatCount=0, eventTime=654744, downTime=654744, deviceId=-1, source=0x101 }
W/EGL_emulation( 7357): eglSurfaceAttrib not implemented 3093 12436
W/ViewRootImpl( 7357): Dropping event due to no window focus: KeyEvent { action=ACTION_DOWN, keyCode=KEYCODE_FOCUS, scanCode=0, metaState=0, flags=0x8, repeatCount=0, eventTime=654754, downTime=654754, deviceId=-1, source=0x101 }
W/InputManager(  473): Input event injection from pid 7346 failed.
W/InputMethodManagerService(  473): Window already focused, ignoring focus gain of: com.android.internal.view.IInputMethodClient$Stub$Proxy@4b2ca30c attribute=null, token = android.os.BinderProxy@4b254160
W/ViewRootImpl( 7357): Dropping event due to no window focus: KeyEvent { action=ACTION_DOWN, keyCode=KEYCODE_DPAD_CENTER, scanCode=0, metaState=0, flags=0x8, repeatCount=0, eventTime=654880, downTime=654880, deviceId=-1, source=0x101 }
W/EGL_emulation( 7357): eglSurfaceAttrib not implemented 3093 12436
W/ViewRootImpl( 7357): Dropping event due to no window focus: KeyEvent { action=ACTION_DOWN, keyCode=KEYCODE_DPAD_CENTER, scanCode=0, metaState=0, flags=0x8, repeatCount=0, eventTime=654886, downTime=654886, deviceId=-1, source=0x101 }
W/InputMethodManagerService(  473): Window already focused, ignoring focus gain of: com.android.internal.view.IInputMethodClient$Stub$Proxy@4b2cc05c attribute=null, token = android.os.BinderProxy@4b254160
W/InputManager(  473): Input event injection from pid 7346 failed.
W/InputManager(  473): Input event injection from pid 7346 failed.
W/ViewRootImpl( 7357): Dropping event due to no window focus: KeyEvent { action=ACTION_DOWN, keyCode=KEYCODE_DPAD_RIGHT, scanCode=0, metaState=0, flags=0x8, repeatCount=0, eventTime=654913, downTime=654913, deviceId=-1, source=0x101 }
W/ViewRootImpl( 7357): Dropping event due to no window focus: KeyEvent { action=ACTION_DOWN, keyCode=KEYCODE_MENU, scanCode=0, metaState=0, flags=0x8, repeatCount=0, eventTime=654922, downTime=654922, deviceId=-1, source=0x101 }
W/EGL_emulation( 7357): eglSurfaceAttrib not implemented 3093 12436
W/InputMethodManagerService(  473): Window already focused, ignoring focus gain of: com.android.internal.view.IInputMethodClient$Stub$Proxy@4b05b194 attribute=null, token = android.os.BinderProxy@4b254160
I/InputDispatcher(  473): Dropped event because of pending overdue app switch.
W/InputManager(  473): Input event injection from pid 7346 failed.
D/FirebaseApp(  717): Notifying background state change listeners.
D/dalvikvm(  473): GC_CONCURRENT freed 6683K, 31% free 20909K/30060K, paused 3ms+5ms, total 48ms
D/dalvikvm(  473): WAIT_FOR_CONCURRENT_GC blocked 4ms
D/dalvikvm(  473): GC_EXPLICIT freed 83K, 31% free 20826K/30060K, paused 2ms+2ms, total 38ms
W/EGL_emulation(  717): eglSurfaceAttrib not implemented 3093 12436
W/PropertyValuesHolder(  717): Method setBrightness() with type int not found on target class class ml
W/PropertyValuesHolder(  717): Method getBrightness() with type int not found on target class class ml
W/PropertyValuesHolder(  717): Method setBrightness() with type int not found on target class class ml
W/PropertyValuesHolder(  717): Method getBrightness() with type int not found on target class class ml
W/PropertyValuesHolder(  717): Method setBrightness() with type int not found on target class class ml
W/PropertyValuesHolder(  717): Method getBrightness() with type int not found on target class class ml
W/ContextImpl(  473): Calling a method in the system process without a qualified user: android.app.ContextImpl.sendBroadcast:1123 com.android.server.InputMethodManagerService.hideCurrentInputLocked:1880 com.android.server.InputMethodManagerService.windowGainedFocus:1968 com.android.internal.view.IInputMethodManager$Stub.onTransact:221 com.android.server.InputMethodManagerService.onTransact:818 
I/ActivityManager(  473): START u0 {act=android.intent.action.MAIN cat=[android.intent.category.LAUNCHER] flg=0x10200000 cmp=com.android.chrome/com.google.android.apps.chrome.Main bnds=[8,848][149,1078] (has extras)} from pid 717
W/ContextImpl(  717): Calling a method in the system process without a qualified user: android.app.ContextImpl.sendBroadcast:1137 android.content.ContextWrapper.sendBroadcast:370 com.vphone.launcher.Stats.recordLaunch:129 com.vphone.launcher.Launcher.c:3163 com.vphone.launcher.Launcher.onClickAppShortcut:3115 
D/dalvikvm(  676): JIT code cache reset in 0 ms (0 bytes 1/0)
D/dalvikvm(  676): GC_CONCURRENT freed 244K, 10% free 2920K/3216K, paused 0ms+0ms, total 2ms
W/ContextImpl(  717): Calling a method in the system process without a qualified user: android.app.ContextImpl.bindService:1556 android.content.ContextWrapper.bindService:517 com.google.android.gms.common.stats.zzb.zza:-1 com.google.android.gms.common.stats.zzb.zza:-1 com.google.android.gms.ads.identifier.AdvertisingIdClient.zzh:-1 
W/WindowManager(  473): updateFocusedWindowLocked, focusedAppToken is null.
W/ViewRootImpl(  535): Dropping event due to no window focus: KeyEvent { action=ACTION_DOWN, keyCode=KEYCODE_VOLUME_UP, scanCode=0, metaState=0, flags=0x8, repeatCount=0, eventTime=655413, downTime=655413, deviceId=-1, source=0x101 }
I/ActivityManager(  473): Killing 6794:com.microsoft.office.word/u0a64 (adj 15): empty #17
W/PropertyValuesHolder(  717): Method setBrightness() with type int not found on target class class ml
W/PropertyValuesHolder(  717): Method getBrightness() with type int not found on target class class ml
W/ViewRootImpl(  535): Dropping event due to no window focus: KeyEvent { action=ACTION_DOWN, keyCode=KEYCODE_DPAD_RIGHT, scanCode=0, metaState=0, flags=0x8, repeatCount=0, eventTime=655444, downTime=655444, deviceId=-1, source=0x101 }
W/ViewRootImpl(  535): Dropping event due to no window focus: MotionEvent { action=ACTION_MOVE, id[0]=0, x[0]=4.0, y[0]=1.0, toolType[0]=TOOL_TYPE_UNKNOWN, buttonState=0, metaState=0, flags=0x0, edgeFlags=0x0, pointerCount=1, historySize=9, eventTime=655497, downTime=-1, deviceId=0, source=0x10004 }
W/ViewRootImpl(  535): Dropping event due to no window focus: MotionEvent { action=ACTION_DOWN, id[0]=0, x[0]=0.0, y[0]=0.0, toolType[0]=TOOL_TYPE_UNKNOWN, buttonState=0, metaState=0, flags=0x0, edgeFlags=0x0, pointerCount=1, historySize=0, eventTime=655497, downTime=655492, deviceId=0, source=0x10004 }
W/InputEventReceiver(  535): Attempted to finish an input event but the input event receiver has already been disposed.
W/InputEventReceiver(  535): Attempted to finish an input event but the input event receiver has already been disposed.
W/ViewRootImpl(  535): Dropping event due to root view being removed: MotionEvent { action=ACTION_UP, id[0]=0, x[0]=507.69815, y[0]=461.98535, toolType[0]=TOOL_TYPE_UNKNOWN, buttonState=0, metaState=0, flags=0x0, edgeFlags=0x0, pointerCount=1, historySize=0, eventTime=655499, downTime=655498, deviceId=0, source=0x1002 }
I/qtaguid (  717): Untagging socket 69 failed errno=-13
W/NetworkManagementSocketTagger(  717): untagSocket(69) failed with errno -13
I/qtaguid (  717): Untagging socket 95 failed errno=-13
W/NetworkManagementSocketTagger(  717): untagSocket(95) failed with errno -13
I/ActivityManager(  473): START u0 {act=android.intent.action.MAIN cat=[android.intent.category.LAUNCHER] flg=0x10200000 cmp=com.vphone.helper/.MainActivity bnds=[572,388][713,618] (has extras)} from pid 717
W/ContextImpl(  717): Calling a method in the system process without a qualified user: android.app.ContextImpl.sendBroadcast:1137 android.content.ContextWrapper.sendBroadcast:370 com.vphone.launcher.Stats.recordLaunch:129 com.vphone.launcher.Launcher.c:3163 com.vphone.launcher.Launcher.onClickAppShortcut:3115 
W/ContextImpl(  717): Calling a method in the system process without a qualified user: android.app.ContextImpl.bindService:1556 android.content.ContextWrapper.bindService:517 com.google.android.gms.common.stats.zzb.zza:-1 com.google.android.gms.common.stats.zzb.zza:-1 com.google.android.gms.ads.identifier.AdvertisingIdClient.zzh:-1 
W/InputMethodManagerService(  473): Window already focused, ignoring focus gain of: com.android.internal.view.IInputMethodClient$Stub$Proxy@4ae177d0 attribute=android.view.inputmethod.EditorInfo@4afa38d8, token = android.os.BinderProxy@4aa0ff54
I/ActivityManager(  473): START u0 {act=android.intent.action.MAIN cat=[android.intent.category.LAUNCHER] flg=0x10200000 cmp=com.google.android.apps.docs.editors.docs/com.google.android.apps.docs.app.NewMainProxyActivity} from pid 7346
D/yeshen  (  717): launcher onpause
D/dalvikvm(  535): GC_EXPLICIT freed 2145K, 50% free 7565K/15000K, paused 1ms+1ms, total 48ms
F/libc    ( 7438): Fatal signal 13 (SIGPIPE) at 0x00001d0e (code=0), thread 7438 (busybox)
I/qtaguid (  717): Tagging socket 67 with tag 49e2824000000000(1239581248) for uid -1 failed errno=-13
I/NetworkManagementSocketTagger(  717): tagSocketFd(67, 1239581248, -1) failed with errno-13
I/qtaguid (  717): Tagging socket 96 with tag 49e2824000000000(1239581248) for uid -1 failed errno=-13
I/NetworkManagementSocketTagger(  717): tagSocketFd(96, 1239581248, -1) failed with errno-13
I/ActivityManager(  473): START u0 {act=android.intent.action.MAIN cat=[android.intent.category.LAUNCHER] flg=0x10200000 cmp=com.google.android.apps.docs.editors.docs/com.google.android.apps.docs.app.NewMainProxyActivity (has extras)} from pid 7357
I/ActivityManager(  473): START u0 {flg=0x80000 cmp=com.google.android.gsf.login/.AccountIntroActivity (has extras)} from pid 7357
I/DEBUG   (  166): *** *** *** *** *** *** *** *** *** *** *** *** *** *** *** ***
I/DEBUG   (  166): Build fingerprint: 'samsung/SM-G9350/SM-G9350:4.4.2/JLS36C/381180120:user/release-keys'
I/DEBUG   (  166): Revision: '0'
I/DEBUG   (  166): pid: 7438, tid: 7438, name: busybox  >>> busybox <<<
I/DEBUG   (  166): signal 13 (SIGPIPE), code -6 (SI_TKILL), fault addr --------
I/DEBUG   (  166):     eax ffffffe0  ebx 00000001  ecx b8847fd0  edx 00000002
I/DEBUG   (  166): AM write failure (32 / Broken pipe)
I/DEBUG   (  166):     esi b7669214  edi b8847fd0
W/NativeCrashListener(  473): Couldn't find ProcessRecord for pid 7438
I/DEBUG   (  166):     xcs 00000073  xds 0000007b  xes 0000007b  xfs 00000000  xss 0000007b
I/DEBUG   (  166):     eip b7604456  ebp b7669214  esp bf99e130  flags 00000202
I/DEBUG   (  166): 
I/DEBUG   (  166): backtrace:
I/DEBUG   (  166):     #00  pc 0003c456  /system/lib/libc.so (write+22)
I/DEBUG   (  166):     #01  pc 0000bab7  <unknown>
I/DEBUG   (  166): 
I/DEBUG   (  166): stack:
I/DEBUG   (  166):          bf99e0f0  b75e6fd7  /system/lib/libc.so (__swsetup+7)
I/DEBUG   (  166):          bf99e0f4  b7669214  /system/lib/libc.so
I/DEBUG   (  166):          bf99e0f8  00000888  
I/DEBUG   (  166):          bf99e0fc  b760f6e7  /system/lib/libc.so
I/DEBUG   (  166):          bf99e100  b8847fd1  [heap]
I/DEBUG   (  166):          bf99e104  b8846920  [heap]
I/DEBUG   (  166):          bf99e108  00000001  
I/DEBUG   (  166):          bf99e10c  b75dad4f  /system/lib/libc.so (dlmalloc+351)
I/DEBUG   (  166):          bf99e110  00000000  
I/DEBUG   (  166):          bf99e114  00000000  
I/DEBUG   (  166):          bf99e118  b77bcb90  /system/bin/busybox
I/DEBUG   (  166):          bf99e11c  b76e5cc7  /system/bin/busybox (next_token+359)
I/DEBUG   (  166):          bf99e120  b8846921  [heap]
I/DEBUG   (  166):          bf99e124  00000001  
I/DEBUG   (  166):          bf99e128  bf99e184  [stack]
I/DEBUG   (  166):          bf99e12c  b7668fcc  /system/lib/libc.so
I/DEBUG   (  166):     #00  bf99e130  b7677ab8  
I/DEBUG   (  166):          bf99e134  00001000  
I/DEBUG   (  166):          bf99e138  b7668fcc  /system/lib/libc.so
I/DEBUG   (  166):          bf99e13c  b760ff17  /system/lib/libc.so (__swrite+103)
I/DEBUG   (  166):          bf99e140  00000001  
I/DEBUG   (  166):          bf99e144  b8847fd0  [heap]
I/DEBUG   (  166):          bf99e148  00000002  
I/DEBUG   (  166):          bf99e14c  b75e5b33  /system/lib/libc.so (fputs+99)
I/DEBUG   (  166):          bf99e150  b7669214  /system/lib/libc.so
I/DEBUG   (  166):          bf99e154  b7668fcc  /system/lib/libc.so
I/DEBUG   (  166):          bf99e158  00000002  
I/DEBUG   (  166):          bf99e15c  b760e0e9  /system/lib/libc.so (fflush+185)
I/DEBUG   (  166):          bf99e160  b7669214  /system/lib/libc.so
I/DEBUG   (  166):          bf99e164  b8847fd0  [heap]
I/DEBUG   (  166):          bf99e168  00000002  
I/DEBUG   (  166):          bf99e16c  b8847980  [heap]
I/BootReceiver(  473): Copying /data/tombstones/tombstone_02 to DropBox (SYSTEM_TOMBSTONE)
I/qtaguid (  717): Tagging socket 69 with tag 49e2824000000000(1239581248) for uid -1 failed errno=-13
I/NetworkManagementSocketTagger(  717): tagSocketFd(69, 1239581248, -1) failed with errno-13
I/qtaguid (  717): Tagging socket 115 with tag 49e2824000000000(1239581248) for uid -1 failed errno=-13
I/NetworkManagementSocketTagger(  717): tagSocketFd(115, 1239581248, -1) failed with errno-13
W/EGL_emulation( 7357): eglSurfaceAttrib not implemented 3093 12436
W/ViewRootImpl( 7357): Dropping event due to no window focus: KeyEvent { action=ACTION_DOWN, keyCode=KEYCODE_DPAD_UP, scanCode=0, metaState=0, flags=0x8, repeatCount=0, eventTime=655726, downTime=655726, deviceId=-1, source=0x101 }
W/ContextImpl(  473): Calling a method in the system process without a qualified user: android.app.ContextImpl.sendBroadcast:1123 com.android.server.InputMethodManagerService.hideCurrentInputLocked:1880 com.android.server.InputMethodManagerService.windowGainedFocus:1968 com.android.internal.view.IInputMethodManager$Stub.onTransact:221 com.android.server.InputMethodManagerService.onTransact:818 
I/ActivityManager(  473): Displayed com.google.android.apps.docs.editors.docs/com.google.android.apps.docs.app.NewMainProxyActivity: +182ms (total +316ms)
V/FlingTracker(  535): computeCurrentVelocity warning: totalweight=0
V/FlingTracker(  535): java.lang.Throwable
V/FlingTracker(  535): 	at com.android.systemui.statusbar.phone.PanelView$FlingTracker.computeCurrentVelocity(PanelView.java:162)
V/FlingTracker(  535): 	at com.android.systemui.statusbar.phone.PanelView$3.onTouch(PanelView.java:462)
V/FlingTracker(  535): 	at android.view.View.dispatchTouchEvent(View.java:7701)
V/FlingTracker(  535): 	at com.android.systemui.statusbar.phone.NotificationPanelView.onTouchEvent(NotificationPanelView.java:138)
V/FlingTracker(  535): 	at com.android.systemui.statusbar.phone.PanelBar.onTouchEvent(PanelBar.java:130)
V/FlingTracker(  535): 	at com.android.systemui.statusbar.phone.PhoneStatusBarView.onTouchEvent(PhoneStatusBarView.java:201)
V/FlingTracker(  535): 	at android.view.View.dispatchTouchEvent(View.java:7706)
V/FlingTracker(  535): 	at android.view.ViewGroup.dispatchTransformedTouchEvent(ViewGroup.java:2210)
V/FlingTracker(  535): 	at android.view.ViewGroup.dispatchTouchEvent(ViewGroup.java:1945)
V/FlingTracker(  535): 	at android.view.ViewGroup.dispatchTransformedTouchEvent(ViewGroup.java:2216)
V/FlingTracker(  535): 	at android.view.ViewGroup.dispatchTouchEvent(ViewGroup.java:1959)
V/FlingTracker(  535): 	at android.view.View.dispatchPointerEvent(View.java:7886)
V/FlingTracker(  535): 	at android.view.ViewRootImpl$ViewPostImeInputStage.processPointerEvent(ViewRootImpl.java:3978)
V/FlingTracker(  535): 	at android.view.ViewRootImpl$ViewPostImeInputStage.onProcess(ViewRootImpl.java:3857)
V/FlingTracker(  535): 	at android.view.ViewRootImpl$InputStage.deliver(ViewRootImpl.java:3423)
V/FlingTracker(  535): 	at android.view.ViewRootImpl$InputStage.onDeliverToNext(ViewRootImpl.java:3473)
V/FlingTracker(  535): 	at android.view.ViewRootImpl$InputStage.forward(ViewRootImpl.java:3442)
V/FlingTracker(  535): 	at android.view.ViewRootImpl$AsyncInputStage.forward(ViewRootImpl.java:3549)
V/FlingTracker(  535): 	at android.view.ViewRootImpl$InputStage.apply(ViewRootImpl.java:3450)
V/FlingTracker(  535): 	at android.view.ViewRootImpl$AsyncInputStage.apply(ViewRootImpl.java:3606)
V/FlingTracker(  535): 	at android.view.ViewRootImpl$InputStage.deliver(ViewRootImpl.java:3423)
V/FlingTracker(  535): 	at android.view.ViewRootImpl$InputStage.onDeliverToNext(ViewRootImpl.java:3473)
V/FlingTracker(  535): 	at android.view.ViewRootImpl$InputStage.forward(ViewRootImpl.java:3442)
V/FlingTracker(  535): 	at android.view.ViewRootImpl$InputStage.apply(ViewRootImpl.java:3450)
V/FlingTracker(  535): 	at android.view.ViewRootImpl$InputStage.deliver(ViewRootImpl.java:3423)
V/FlingTracker(  535): 	at android.view.ViewRootImpl.deliverInputEvent(ViewRootImpl.java:5626)
V/FlingTracker(  535): 	at android.view.ViewRootImpl.doProcessInputEvents(ViewRootImpl.java:5606)
V/FlingTracker(  535): 	at android.view.ViewRootImpl.enqueueInputEvent(ViewRootImpl.java:5577)
V/FlingTracker(  535): 	at android.view.ViewRootImpl$WindowInputEventReceiver.onInputEvent(ViewRootImpl.java:5706)
V/FlingTracker(  535): 	at android.view.InputEventReceiver.dispatchInputEvent(InputEventReceiver.java:185)
V/FlingTracker(  535): 	at android.os.MessageQueue.nativePollOnce(Native Method)
V/FlingTracker(  535): 	at android.os.MessageQueue.next(MessageQueue.java:138)
V/FlingTracker(  535): 	at android.os.Looper.loop(Looper.java:123)
V/FlingTracker(  535): 	at android.app.ActivityThread.main(ActivityThread.java:5019)
V/FlingTracker(  535): 	at java.lang.reflect.Method.invokeNative(Native Method)
V/FlingTracker(  535): 	at java.lang.reflect.Method.invoke(Method.java:515)
V/FlingTracker(  535): 	at com.android.internal.os.ZygoteInit$MethodAndArgsCaller.run(ZygoteInit.java:779)
V/FlingTracker(  535): 	at com.android.internal.os.ZygoteInit.main(ZygoteInit.java:595)
V/FlingTracker(  535): 	at dalvik.system.NativeStart.main(Native Method)
V/PanelView(  535): animationTick called with dtms=0; nothing to do (h=0.0 v=0.0)
V/PanelView(  535): animationTick called with dtms=-12; nothing to do (h=0.0 v=0.0)
I/ActivityManager(  473): START u0 {act=android.intent.action.MAIN cat=[android.intent.category.LAUNCHER] flg=0x10200000 cmp=com.google.android.apps.docs.editors.docs/com.google.android.apps.docs.app.NewMainProxyActivity} from pid 7346
V/FlingTracker(  535): computeCurrentVelocity warning: totalweight=0
V/FlingTracker(  535): java.lang.Throwable
V/FlingTracker(  535): 	at com.android.systemui.statusbar.phone.PanelView$FlingTracker.computeCurrentVelocity(PanelView.java:162)
V/FlingTracker(  535): 	at com.android.systemui.statusbar.phone.PanelView$3.onTouch(PanelView.java:462)
V/FlingTracker(  535): 	at android.view.View.dispatchTouchEvent(View.java:7701)
V/FlingTracker(  535): 	at com.android.systemui.statusbar.phone.NotificationPanelView.onTouchEvent(NotificationPanelView.java:138)
V/FlingTracker(  535): 	at com.android.systemui.statusbar.phone.PanelBar.onTouchEvent(PanelBar.java:130)
V/FlingTracker(  535): 	at com.android.systemui.statusbar.phone.PhoneStatusBarView.onTouchEvent(PhoneStatusBarView.java:201)
V/FlingTracker(  535): 	at android.view.View.dispatchTouchEvent(View.java:7706)
V/FlingTracker(  535): 	at android.view.ViewGroup.dispatchTransformedTouchEvent(ViewGroup.java:2210)
V/FlingTracker(  535): 	at android.view.ViewGroup.dispatchTouchEvent(ViewGroup.java:1945)
V/FlingTracker(  535): 	at android.view.ViewGroup.dispatchTransformedTouchEvent(ViewGroup.java:2216)
V/FlingTracker(  535): 	at android.view.ViewGroup.dispatchTouchEvent(ViewGroup.java:1959)
V/FlingTracker(  535): 	at android.view.View.dispatchPointerEvent(View.java:7886)
V/FlingTracker(  535): 	at android.view.ViewRootImpl$ViewPostImeInputStage.processPointerEvent(ViewRootImpl.java:3978)
V/FlingTracker(  535): 	at android.view.ViewRootImpl$ViewPostImeInputStage.onProcess(ViewRootImpl.java:3857)
V/FlingTracker(  535): 	at android.view.ViewRootImpl$InputStage.deliver(ViewRootImpl.java:3423)
V/FlingTracker(  535): 	at android.view.ViewRootImpl$InputStage.onDeliverToNext(ViewRootImpl.java:3473)
V/FlingTracker(  535): 	at android.view.ViewRootImpl$InputStage.forward(ViewRootImpl.java:3442)
V/FlingTracker(  535): 	at android.view.ViewRootImpl$AsyncInputStage.forward(ViewRootImpl.java:3549)
V/FlingTracker(  535): 	at android.view.ViewRootImpl$InputStage.apply(ViewRootImpl.java:3450)
V/FlingTracker(  535): 	at android.view.ViewRootImpl$AsyncInputStage.apply(ViewRootImpl.java:3606)
V/FlingTracker(  535): 	at android.view.ViewRootImpl$InputStage.deliver(ViewRootImpl.java:3423)
V/FlingTracker(  535): 	at android.view.ViewRootImpl$InputStage.onDeliverToNext(ViewRootImpl.java:3473)
V/FlingTracker(  535): 	at android.view.ViewRootImpl$InputStage.forward(ViewRootImpl.java:3442)
V/FlingTracker(  535): 	at android.view.ViewRootImpl$InputStage.apply(ViewRootImpl.java:3450)
V/FlingTracker(  535): 	at android.view.ViewRootImpl$InputStage.deliver(ViewRootImpl.java:3423)
V/FlingTracker(  535): 	at android.view.ViewRootImpl.deliverInputEvent(ViewRootImpl.java:5626)
V/FlingTracker(  535): 	at android.view.ViewRootImpl.doProcessInputEvents(ViewRootImpl.java:5606)
V/FlingTracker(  535): 	at android.view.ViewRootImpl.enqueueInputEvent(ViewRootImpl.java:5577)
V/FlingTracker(  535): 	at android.view.ViewRootImpl$WindowInputEventReceiver.onInputEvent(ViewRootImpl.java:5706)
V/FlingTracker(  535): 	at android.view.InputEventReceiver.dispatchInputEvent(InputEventReceiver.java:185)
V/FlingTracker(  535): 	at android.os.MessageQueue.nativePollOnce(Native Method)
V/FlingTracker(  535): 	at android.os.MessageQueue.next(MessageQueue.java:138)
V/FlingTracker(  535): 	at android.os.Looper.loop(Looper.java:123)
V/FlingTracker(  535): 	at android.app.ActivityThread.main(ActivityThread.java:5019)
V/FlingTracker(  535): 	at java.lang.reflect.Method.invokeNative(Native Method)
V/FlingTracker(  535): 	at java.lang.reflect.Method.invoke(Method.java:515)
V/FlingTracker(  535): 	at com.android.internal.os.ZygoteInit$MethodAndArgsCaller.run(ZygoteInit.java:779)
V/FlingTracker(  535): 	at com.android.internal.os.ZygoteInit.main(ZygoteInit.java:595)
V/FlingTracker(  535): 	at dalvik.system.NativeStart.main(Native Method)
V/PanelView(  535): animationTick called with dtms=0; nothing to do (h=0.0 v=0.0)
W/EGL_emulation(  717): eglSurfaceAttrib not implemented 3093 12436
W/ViewRootImpl(  717): Dropping event due to no window focus: KeyEvent { action=ACTION_DOWN, keyCode=KEYCODE_DPAD_DOWN, scanCode=0, metaState=0, flags=0x8, repeatCount=0, eventTime=656147, downTime=656147, deviceId=-1, source=0x101 }
D/dalvikvm(  473): GC_CONCURRENT freed 5000K, 33% free 20343K/30060K, paused 0ms+2ms, total 41ms
D/dalvikvm(  473): WAIT_FOR_CONCURRENT_GC blocked 30ms
D/dalvikvm(  473): WAIT_FOR_CONCURRENT_GC blocked 27ms
D/dalvikvm(  473): WAIT_FOR_CONCURRENT_GC blocked 43ms
W/ContextImpl(  473): Calling a method in the system process without a qualified user: android.app.ContextImpl.sendBroadcast:1123 com.android.server.InputMethodManagerService.hideCurrentInputLocked:1880 com.android.server.InputMethodManagerService.windowGainedFocus:1968 com.android.internal.view.IInputMethodManager$Stub.onTransact:221 com.android.server.InputMethodManagerService.onTransact:818 
W/DebugConnManager(  717): getNetworkInfo() on networkType 1
D/dalvikvm( 4104): GC_FOR_ALLOC freed 479K, 17% free 3795K/4564K, paused 4ms, total 4ms
D/dalvikvm( 4104): GC_FOR_ALLOC freed 332K, 16% free 3856K/4564K, paused 11ms, total 12ms
D/dalvikvm( 4104): GC_FOR_ALLOC freed 162K, 17% free 3805K/4564K, paused 2ms, total 2ms
I/ActivityManager(  473): START u0 {flg=0x10000000 cmp=com.kiloo.subwaysurf/com.kiloo.unityutilities.UnityPluginActivity} from pid 717
D/dalvikvm( 4104): GC_CONCURRENT freed 110K, 16% free 3847K/4564K, paused 0ms+0ms, total 10ms
D/dalvikvm( 4104): GC_FOR_ALLOC freed <1K, 15% free 3898K/4564K, paused 9ms, total 9ms
I/dalvikvm-heap( 4104): Grow heap (frag case) to 3.957MB for 106340-byte allocation
D/dalvikvm( 4104): GC_FOR_ALLOC freed 129K, 18% free 3872K/4668K, paused 7ms, total 7ms
W/DebugConnManager(  717): getNetworkInfo() on networkType 1
I/ActivityManager(  473): START u0 {cmp=com.vphone.launcher/.game.GpLoadingActivity (has extras)} from pid 717
W/DebugConnManager(  717): getNetworkInfo() on networkType 1
I/ActivityManager(  473): START u0 {cmp=com.vphone.launcher/.game.GpLoadingActivity (has extras)} from pid 717
I/ActivityManager(  473): Killing 6922:com.groupme.android/u0a43 (adj 15): empty #17
W/NetworkManagementSocketTagger(  473): setKernelCountSet(10038, 0) failed with errno -13
W/DebugConnManager(  717): getNetworkInfo() on networkType 1
I/ActivityManager(  473): START u0 {cmp=com.vphone.launcher/.game.GpLoadingActivity (has extras)} from pid 717
W/PropertyValuesHolder(  717): Method setBrightness() with type int not found on target class class ml
W/PropertyValuesHolder(  717): Method getBrightness() with type int not found on target class class ml
I/ActivityManager(  473): START u0 {act=android.intent.action.MAIN cat=[android.intent.category.LAUNCHER] flg=0x10200000 cmp=com.enflick.android.TextNow/.activities.WelcomeActivity bnds=[1171,158][1312,388] (has extras)} from pid 717
W/ContextImpl(  717): Calling a method in the system process without a qualified user: android.app.ContextImpl.sendBroadcast:1137 android.content.ContextWrapper.sendBroadcast:370 com.vphone.launcher.Stats.recordLaunch:129 com.vphone.launcher.Launcher.c:3163 com.vphone.launcher.Launcher.onClickAppShortcut:3115 
W/ContextImpl(  717): Calling a method in the system process without a qualified user: android.app.ContextImpl.bindService:1556 android.content.ContextWrapper.bindService:517 com.google.android.gms.common.stats.zzb.zza:-1 com.google.android.gms.common.stats.zzb.zza:-1 com.google.android.gms.ads.identifier.AdvertisingIdClient.zzh:-1 
V/PanelView(  535): animationTick called with dtms=0; nothing to do (h=0.0 v=-1740.3378)
V/PanelView(  535): animationTick called with dtms=-8; nothing to do (h=0.0 v=-1740.3378)
W/Ads     ( 1771): The interstitial is already showing.
I/ActivityManager(  473): START u0 {flg=0x10000000 cmp=com.kiloo.subwaysurf/com.kiloo.unityutilities.UnityPluginActivity} from pid 717
W/Launcher(  717): No global search activity found.
I/ActivityManager(  473): START u0 {act=android.intent.action.MAIN cat=[android.intent.category.LAUNCHER] flg=0x10000000 cmp=com.android.contacts/.activities.PeopleActivity sel={act=android.intent.action.MAIN cat=[android.intent.category.APP_CONTACTS]}} from pid 473
W/DebugConnManager(  717): getNetworkInfo() on networkType 1
I/ActivityManager(  473): START u0 {cmp=com.vphone.launcher/.game.GpLoadingActivity (has extras)} from pid 717
W/DebugConnManager(  717): getNetworkInfo() on networkType 1
I/ActivityManager(  473): START u0 {cmp=com.vphone.launcher/.game.GpLoadingActivity (has extras)} from pid 717
W/Launcher(  717): No global search activity found.
D/SizeAdaptiveLayout(  535): com.android.internal.widget.SizeAdaptiveLayout{4a83d9cc V.E..... ......ID 0,0-720,96 #7f07004f app:id/adaptive}child view android.widget.LinearLayout{4a7aa344 V.E..... ......ID 0,0-720,96} measured out of bounds at 95px clamped to 96px
D/SizeAdaptiveLayout(  535): com.android.internal.widget.SizeAdaptiveLayout{4ac373b4 V.E..... ......I. 0,0-0,0 #7f07004f app:id/adaptive}child view android.widget.FrameLayout{4ad49c54 G.E..... ......ID 0,0-0,0 #10202d6 android:id/status_bar_latest_event_content} measured out of bounds at 95px clamped to 96px
W/WindowManager(  473): updateFocusedWindowLocked, focusedAppToken is null.
W/EGL_emulation(  535): eglSurfaceAttrib not implemented 3093 12436
D/SizeAdaptiveLayout(  535): com.android.internal.widget.SizeAdaptiveLayout{4a83d9cc V.E..... ......ID 0,0-720,96 #7f07004f app:id/adaptive}child view android.widget.LinearLayout{4a7aa344 V.E..... ......ID 0,0-720,96} measured out of bounds at 95px clamped to 96px
D/SizeAdaptiveLayout(  535): com.android.internal.widget.SizeAdaptiveLayout{4ac373b4 V.E..... ......I. 0,0-0,0 #7f07004f app:id/adaptive}child view android.widget.FrameLayout{4ad49c54 G.E..... ......ID 0,0-0,0 #10202d6 android:id/status_bar_latest_event_content} measured out of bounds at 95px clamped to 96px
D/CF      ( 2423): ALARM_SERVICE_START_TIME = 1521953666041
V/PanelView(  535): animationTick called with dtms=0; nothing to do (h=0.13859583 v=-3000.0)
V/PanelView(  535): animationTick called with dtms=0; nothing to do (h=0.13859583 v=-3000.0)
V/PanelView(  535): animationTick called with dtms=0; nothing to do (h=0.13859583 v=-3000.0)
V/PanelView(  535): animationTick called with dtms=0; nothing to do (h=0.13859583 v=-3000.0)
V/PanelView(  535): animationTick called with dtms=-8; nothing to do (h=0.13859583 v=-3000.0)
W/ViewRootImpl(  535): Dropping event due to no window focus: MotionEvent { action=ACTION_MOVE, id[0]=0, x[0]=0.0, y[0]=0.0, toolType[0]=TOOL_TYPE_UNKNOWN, buttonState=0, metaState=0, flags=0x0, edgeFlags=0x0, pointerCount=1, historySize=9, eventTime=657441, downTime=-1, deviceId=0, source=0x10004 }
W/ViewRootImpl(  717): Dropping event due to no window focus: KeyEvent { action=ACTION_DOWN, keyCode=KEYCODE_DPAD_CENTER, scanCode=0, metaState=0, flags=0x8, repeatCount=0, eventTime=657549, downTime=657549, deviceId=-1, source=0x101 }
W/ViewRootImpl(  535): Dropping event due to no window focus: KeyEvent { action=ACTION_DOWN, keyCode=KEYCODE_DPAD_LEFT, scanCode=0, metaState=0, flags=0x8, repeatCount=0, eventTime=657449, downTime=657449, deviceId=-1, source=0x101 }
W/InputMethodManagerService(  473): Window already focused, ignoring focus gain of: com.android.internal.view.IInputMethodClient$Stub$Proxy@4afa48ec attribute=null, token = android.os.BinderProxy@4aa0ff54
W/EGL_emulation(  535): eglSurfaceAttrib not implemented 3093 12436
W/DebugConnManager(  717): getNetworkInfo() on networkType 1
I/ActivityManager(  473): START u0 {cmp=com.vphone.launcher/.game.GpLoadingActivity (has extras)} from pid 717
W/DebugConnManager(  717): getNetworkInfo() on networkType 1
I/ActivityManager(  473): START u0 {cmp=com.vphone.launcher/.game.GpLoadingActivity (has extras)} from pid 717
I/ActivityManager(  473): START u0 {act=android.intent.action.MAIN cat=[android.intent.category.LAUNCHER] flg=0x10200000 cmp=com.google.android.apps.docs.editors.docs/com.google.android.apps.docs.app.NewMainProxyActivity} from pid 7346
D/yeshen  (  717): launcher onpause
W/NetworkManagementSocketTagger(  473): setKernelCountSet(10038, 1) failed with errno -13
W/DebugConnManager(  717): getNetworkInfo() on networkType 1
I/ActivityManager(  473): START u0 {cmp=com.vphone.launcher/.game.GpLoadingActivity (has extras)} from pid 717
I/ActivityManager(  473): START u0 {act=android.intent.action.MAIN cat=[android.intent.category.LAUNCHER] flg=0x10200000 cmp=com.google.android.apps.docs.editors.docs/com.google.android.apps.docs.app.NewMainProxyActivity (has extras)} from pid 7357
I/ActivityManager(  473): START u0 {flg=0x80000 cmp=com.google.android.gsf.login/.AccountIntroActivity (has extras)} from pid 7357
W/EGL_emulation( 7357): eglSurfaceAttrib not implemented 3093 12436
W/ViewRootImpl( 7357): Dropping event due to no window focus: KeyEvent { action=ACTION_DOWN, keyCode=KEYCODE_DPAD_LEFT, scanCode=0, metaState=0, flags=0x8, repeatCount=0, eventTime=658055, downTime=658055, deviceId=-1, source=0x101 }
W/ContextImpl(  473): Calling a method in the system process without a qualified user: android.app.ContextImpl.sendBroadcast:1123 com.android.server.InputMethodManagerService.hideCurrentInputLocked:1880 com.android.server.InputMethodManagerService.windowGainedFocus:1968 com.android.internal.view.IInputMethodManager$Stub.onTransact:221 com.android.server.InputMethodManagerService.onTransact:818 
I/ActivityManager(  473): Displayed com.google.android.apps.docs.editors.docs/com.google.android.apps.docs.app.NewMainProxyActivity: +170ms (total +302ms)
D/LockerService( 4272): close reason:search
W/ViewRootImpl( 7357): Dropping event due to no window focus: KeyEvent { action=ACTION_DOWN, keyCode=KEYCODE_MENU, scanCode=0, metaState=0, flags=0x8, repeatCount=0, eventTime=658410, downTime=658410, deviceId=-1, source=0x101 }
W/EGL_emulation( 7357): eglSurfaceAttrib not implemented 3093 12436
W/InputMethodManagerService(  473): Window already focused, ignoring focus gain of: com.android.internal.view.IInputMethodClient$Stub$Proxy@4af9a868 attribute=null, token = android.os.BinderProxy@4ae0df84
D/LockerService( 4272): close reason:recentapps
W/EGL_emulation( 7357): eglSurfaceAttrib not implemented 3093 12436
V/FlingTracker(  535): computeCurrentVelocity warning: totalweight=0
V/FlingTracker(  535): java.lang.Throwable
V/FlingTracker(  535): 	at com.android.systemui.statusbar.phone.PanelView$FlingTracker.computeCurrentVelocity(PanelView.java:162)
V/FlingTracker(  535): 	at com.android.systemui.statusbar.phone.PanelView$3.onTouch(PanelView.java:462)
V/FlingTracker(  535): 	at android.view.View.dispatchTouchEvent(View.java:7701)
V/FlingTracker(  535): 	at com.android.systemui.statusbar.phone.NotificationPanelView.onTouchEvent(NotificationPanelView.java:138)
V/FlingTracker(  535): 	at com.android.systemui.statusbar.phone.PanelBar.onTouchEvent(PanelBar.java:130)
V/FlingTracker(  535): 	at com.android.systemui.statusbar.phone.PhoneStatusBarView.onTouchEvent(PhoneStatusBarView.java:201)
V/FlingTracker(  535): 	at android.view.View.dispatchTouchEvent(View.java:7706)
V/FlingTracker(  535): 	at android.view.ViewGroup.dispatchTransformedTouchEvent(ViewGroup.java:2210)
V/FlingTracker(  535): 	at android.view.ViewGroup.dispatchTouchEvent(ViewGroup.java:1945)
V/FlingTracker(  535): 	at android.view.ViewGroup.dispatchTransformedTouchEvent(ViewGroup.java:2216)
V/FlingTracker(  535): 	at android.view.ViewGroup.dispatchTouchEvent(ViewGroup.java:1959)
V/FlingTracker(  535): 	at android.view.View.dispatchPointerEvent(View.java:7886)
V/FlingTracker(  535): 	at android.view.ViewRootImpl$ViewPostImeInputStage.processPointerEvent(ViewRootImpl.java:3978)
V/FlingTracker(  535): 	at android.view.ViewRootImpl$ViewPostImeInputStage.onProcess(ViewRootImpl.java:3857)
V/FlingTracker(  535): 	at android.view.ViewRootImpl$InputStage.deliver(ViewRootImpl.java:3423)
V/FlingTracker(  535): 	at android.view.ViewRootImpl$InputStage.onDeliverToNext(ViewRootImpl.java:3473)
V/FlingTracker(  535): 	at android.view.ViewRootImpl$InputStage.forward(ViewRootImpl.java:3442)
V/FlingTracker(  535): 	at android.view.ViewRootImpl$AsyncInputStage.forward(ViewRootImpl.java:3549)
V/FlingTracker(  535): 	at android.view.ViewRootImpl$InputStage.apply(ViewRootImpl.java:3450)
V/FlingTracker(  535): 	at android.view.ViewRootImpl$AsyncInputStage.apply(ViewRootImpl.java:3606)
V/FlingTracker(  535): 	at android.view.ViewRootImpl$InputStage.deliver(ViewRootImpl.java:3423)
V/FlingTracker(  535): 	at android.view.ViewRootImpl$InputStage.onDeliverToNext(ViewRootImpl.java:3473)
V/FlingTracker(  535): 	at android.view.ViewRootImpl$InputStage.forward(ViewRootImpl.java:3442)
V/FlingTracker(  535): 	at android.view.ViewRootImpl$InputStage.apply(ViewRootImpl.java:3450)
V/FlingTracker(  535): 	at android.view.ViewRootImpl$InputStage.deliver(ViewRootImpl.java:3423)
V/FlingTracker(  535): 	at android.view.ViewRootImpl.deliverInputEvent(ViewRootImpl.java:5626)
V/FlingTracker(  535): 	at android.view.ViewRootImpl.doProcessInputEvents(ViewRootImpl.java:5606)
V/FlingTracker(  535): 	at android.view.ViewRootImpl.enqueueInputEvent(ViewRootImpl.java:5577)
V/FlingTracker(  535): 	at android.view.ViewRootImpl$WindowInputEventReceiver.onInputEvent(ViewRootImpl.java:5706)
V/FlingTracker(  535): 	at android.view.InputEventReceiver.dispatchInputEvent(InputEventReceiver.java:185)
V/FlingTracker(  535): 	at android.os.MessageQueue.nativePollOnce(Native Method)
V/FlingTracker(  535): 	at android.os.MessageQueue.next(MessageQueue.java:138)
V/FlingTracker(  535): 	at android.os.Looper.loop(Looper.java:123)
V/FlingTracker(  535): 	at android.app.ActivityThread.main(ActivityThread.java:5019)
V/FlingTracker(  535): 	at java.lang.reflect.Method.invokeNative(Native Method)
V/FlingTracker(  535): 	at java.lang.reflect.Method.invoke(Method.java:515)
V/FlingTracker(  535): 	at com.android.internal.os.ZygoteInit$MethodAndArgsCaller.run(ZygoteInit.java:779)
V/FlingTracker(  535): 	at com.android.internal.os.ZygoteInit.main(ZygoteInit.java:595)
V/FlingTracker(  535): 	at dalvik.system.NativeStart.main(Native Method)
V/PanelView(  535): animationTick called with dtms=0; nothing to do (h=0.0 v=0.0)
V/PanelView(  535): animationTick called with dtms=-10; nothing to do (h=0.0 v=0.0)
W/InputMethodManagerService(  473): Window already focused, ignoring focus gain of: com.android.internal.view.IInputMethodClient$Stub$Proxy@4afd4b4c attribute=null, token = android.os.BinderProxy@4ae0df84
D/dalvikvm(  473): GC_FOR_ALLOC freed 3454K, 33% free 20234K/30060K, paused 25ms, total 26ms
I/ActivityManager(  473): START u0 {act=android.intent.action.MAIN cat=[android.intent.category.LAUNCHER] flg=0x10200000 cmp=com.google.android.apps.docs.editors.docs/com.google.android.apps.docs.app.NewMainProxyActivity} from pid 7346
V/ClClient( 2481): SEND(57)	KeepAliveRequest_4{}	UID:a6007201-9444-4c6c-937a-2fa8ccfa6320
I/ActivityManager(  473): START u0 {act=com.android.systemui.recent.action.TOGGLE_RECENTS flg=0x10800000 cmp=com.android.systemui/.recent.RecentsActivity (has extras)} from pid 535
W/ViewRootImpl( 7357): Dropping event due to no window focus: KeyEvent { action=ACTION_DOWN, keyCode=KEYCODE_DPAD_CENTER, scanCode=0, metaState=0, flags=0x8, repeatCount=0, eventTime=658668, downTime=658668, deviceId=-1, source=0x101 }
W/ViewRootImpl( 7357): Dropping event due to no window focus: KeyEvent { action=ACTION_DOWN, keyCode=KEYCODE_MENU, scanCode=0, metaState=0, flags=0x8, repeatCount=0, eventTime=658676, downTime=658676, deviceId=-1, source=0x101 }
W/ViewRootImpl( 7357): Dropping event due to no window focus: KeyEvent { action=ACTION_DOWN, keyCode=KEYCODE_DPAD_UP, scanCode=0, metaState=0, flags=0x8, repeatCount=0, eventTime=658679, downTime=658679, deviceId=-1, source=0x101 }
D/LockerService( 4272): close reason:recentapps
W/EGL_emulation( 7357): eglSurfaceAttrib not implemented 3093 12436
W/ViewRootImpl( 7357): Dropping event due to no window focus: KeyEvent { action=ACTION_DOWN, keyCode=KEYCODE_DPAD_RIGHT, scanCode=0, metaState=0, flags=0x8, repeatCount=0, eventTime=658693, downTime=658693, deviceId=-1, source=0x101 }
I/ActivityManager(  473): Start proc com.android.systemui:screenshot for service com.android.systemui/.screenshot.TakeScreenshotService: pid=7510 uid=10010 gids={50010, 1028, 1015, 1023, 1035, 3002, 3001}
W/InputMethodManagerService(  473): Window already focused, ignoring focus gain of: com.android.internal.view.IInputMethodClient$Stub$Proxy@4ae07298 attribute=null, token = android.os.BinderProxy@4ae0df84
D/dalvikvm(  473): GC_FOR_ALLOC freed 1709K, 34% free 19912K/30060K, paused 20ms, total 21ms
V/ClClient( 2481): RECV(57)  +0.2s	KeepAliveResponse_5{hasEstablishedSession=true}
I/ActivityManager(  473): START u0 {act=com.android.systemui.recent.action.TOGGLE_RECENTS flg=0x10800000 cmp=com.android.systemui/.recent.RecentsActivity (has extras)} from pid 535
I/dalvikvm( 7510): ignoring registerObject request in thread=1
I/dalvikvm( 7510): ignoring registerObject request in thread=1
W/WindowManager(  473): updateFocusedWindowLocked, focusedAppToken is null.
W/ViewRootImpl(  535): Dropping event due to no window focus: KeyEvent { action=ACTION_DOWN, keyCode=KEYCODE_MENU, scanCode=0, metaState=0, flags=0x8, repeatCount=0, eventTime=658798, downTime=658798, deviceId=-1, source=0x101 }
W/ViewRootImpl(  535): Dropping event due to no window focus: KeyEvent { action=ACTION_DOWN, keyCode=KEYCODE_NUMPAD_DIVIDE, scanCode=0, metaState=0, flags=0x8, repeatCount=0, eventTime=658808, downTime=658808, deviceId=-1, source=0x101 }
I/ActivityManager(  473): START u0 {act=android.intent.action.MAIN cat=[android.intent.category.LAUNCHER] flg=0x10000000 cmp=com.android.contacts/.activities.PeopleActivity sel={act=android.intent.action.MAIN cat=[android.intent.category.APP_CONTACTS]}} from pid 473
W/ViewRootImpl(  535): Dropping event due to no window focus: KeyEvent { action=ACTION_DOWN, keyCode=KEYCODE_MENU, scanCode=0, metaState=0, flags=0x8, repeatCount=0, eventTime=658812, downTime=658812, deviceId=-1, source=0x101 }
W/ViewRootImpl(  535): Dropping event due to no window focus: KeyEvent { action=ACTION_DOWN, keyCode=KEYCODE_DPAD_DOWN, scanCode=0, metaState=0, flags=0x8, repeatCount=0, eventTime=658813, downTime=658813, deviceId=-1, source=0x101 }
W/ViewRootImpl(  535): Dropping event due to no window focus: KeyEvent { action=ACTION_DOWN, keyCode=KEYCODE_DPAD_LEFT, scanCode=0, metaState=0, flags=0x8, repeatCount=0, eventTime=658815, downTime=658815, deviceId=-1, source=0x101 }
W/Ads     ( 1771): The interstitial is already showing.
W/ContextImpl(  473): Calling a method in the system process without a qualified user: android.app.ContextImpl.sendBroadcast:1123 com.android.server.InputMethodManagerService.hideCurrentInputLocked:1880 com.android.server.InputMethodManagerService.windowGainedFocus:1968 com.android.internal.view.IInputMethodManager$Stub.onTransact:221 com.android.server.InputMethodManagerService.onTransact:818 
W/InputMethodManagerService(  473): Starting input on non-focused client com.android.internal.view.IInputMethodClient$Stub$Proxy@4b15e48c (uid=10038 pid=7357)
W/InputEventReceiver(  535): Attempted to finish an input event but the input event receiver has already been disposed.
W/InputEventReceiver(  535): Attempted to finish an input event but the input event receiver has already been disposed.
W/ViewRootImpl(  535): Dropping event due to root view being removed: MotionEvent { action=ACTION_UP, id[0]=0, x[0]=96.02628, y[0]=-427.82608, toolType[0]=TOOL_TYPE_UNKNOWN, buttonState=0, metaState=0, flags=0x0, edgeFlags=0x0, pointerCount=1, historySize=0, eventTime=658928, downTime=658928, deviceId=0, source=0x1002 }
W/ContextImpl(  473): Calling a method in the system process without a qualified user: android.app.ContextImpl.sendBroadcast:1123 com.android.server.InputMethodManagerService.hideCurrentInputLocked:1880 com.android.server.InputMethodManagerService.windowGainedFocus:1968 com.android.internal.view.IInputMethodManager$Stub.onTransact:221 com.android.server.InputMethodManagerService.onTransact:818 
D/libEGL  ( 7510): loaded /system/lib/egl/libEGL_adreno.so
I/ActivityManager(  473): START u0 {act=android.intent.action.MAIN cat=[android.intent.category.LAUNCHER] flg=0x10200000 cmp=com.google.android.apps.docs.editors.docs/com.google.android.apps.docs.app.NewMainProxyActivity} from pid 7346
D/        ( 7510): HostConnection::get() New Host Connection established 0xb8143a90, tid 7510
D/libEGL  ( 7510): loaded /system/lib/egl/libGLESv1_CM_adreno.so
D/libEGL  ( 7510): loaded /system/lib/egl/libGLESv2_adreno.so
W/ViewRootImpl( 7357): Dropping event due to no window focus: KeyEvent { action=ACTION_DOWN, keyCode=KEYCODE_KANA, scanCode=0, metaState=0, flags=0x8, repeatCount=0, eventTime=658987, downTime=658987, deviceId=-1, source=0x101 }
W/ViewRootImpl( 7357): Dropping event due to no window focus: KeyEvent { action=ACTION_DOWN, keyCode=KEYCODE_R, scanCode=0, metaState=0, flags=0x8, repeatCount=0, eventTime=658998, downTime=658998, deviceId=-1, source=0x101 }
W/EGL_emulation( 7510): eglSurfaceAttrib not implemented 3093 12436
W/EGL_emulation( 7357): eglSurfaceAttrib not implemented 3093 12436
D/OpenGLRenderer( 7510): Enabling debug mode 0
W/InputMethodManagerService(  473): Window already focused, ignoring focus gain of: com.android.internal.view.IInputMethodClient$Stub$Proxy@4ad0ff54 attribute=null, token = android.os.BinderProxy@4ae0df84
D/LockerService( 4272): close reason:recentapps
D/LockerService( 4272): close reason:null
I/ActivityManager(  473): START u0 {act=android.intent.action.CALL_BUTTON flg=0x10000000} from pid 7357
W/PhoneFallbackEventHandler( 7357): No activity found for android.intent.action.CALL_BUTTON.
D/dalvikvm(  535): GC_CONCURRENT freed 934K, 46% free 8179K/15000K, paused 15ms+1ms, total 50ms
I/ActivityManager(  473): START u0 {act=android.intent.action.MAIN cat=[android.intent.category.LAUNCHER] flg=0x10200000 cmp=com.google.android.apps.docs.editors.docs/com.google.android.apps.docs.app.NewMainProxyActivity} from pid 7346
