W/ContextImpl(  470): Calling a method in the system process without a qualified user: android.app.ContextImpl.sendBroadcast:1123 com.android.server.NotificationManagerService$6.run:1838 android.os.Handler.handleCallback:733 android.os.Handler.dispatchMessage:95 android.os.Looper.loop:136 
D/dalvikvm(  528): GC_FOR_ALLOC freed 3978K, 65% free 7798K/21844K, paused 4ms, total 4ms
I/dalvikvm-heap(  528): Grow heap (frag case) to 9.667MB for 2073612-byte allocation
D/dalvikvm(  528): GC_CONCURRENT freed <1K, 56% free 9822K/21844K, paused 1ms+2ms, total 6ms
D/dalvikvm(  470): GC_FOR_ALLOC freed 13K, 40% free 15462K/25596K, paused 23ms, total 23ms
I/dalvikvm-heap(  470): Grow heap (frag case) to 17.155MB for 2073612-byte allocation
D/dalvikvm(  470): GC_FOR_ALLOC freed <1K, 37% free 17486K/27624K, paused 16ms, total 16ms
I/ActivityManager(  470): START u0 {cmp=org.isoron.uhabits/.MainActivity} from pid 1506
D/dalvikvm(  470): GC_FOR_ALLOC freed 2043K, 44% free 15575K/27624K, paused 22ms, total 22ms
D/dalvikvm( 1506): GC_CONCURRENT freed 9115K, 60% free 6184K/15388K, paused 1ms+3ms, total 8ms
D/dalvikvm( 1506): WAIT_FOR_CONCURRENT_GC blocked 5ms
D/dalvikvm(  470): GC_FOR_ALLOC freed 5K, 37% free 17601K/27624K, paused 22ms, total 22ms
I/dalvikvm-heap(  470): Grow heap (frag case) to 19.244MB for 2073612-byte allocation
D/dalvikvm(  470): GC_FOR_ALLOC freed 1K, 34% free 19624K/29652K, paused 24ms, total 24ms
D/dalvikvm(  528): GC_FOR_ALLOC freed 2911K, 65% free 7862K/21844K, paused 5ms, total 5ms
I/dalvikvm-heap(  528): Grow heap (frag case) to 9.731MB for 2073612-byte allocation
D/dalvikvm(  470): GC_FOR_ALLOC freed 1K, 34% free 19737K/29652K, paused 19ms, total 19ms
D/dalvikvm(  528): GC_CONCURRENT freed <1K, 55% free 9887K/21844K, paused 3ms+8ms, total 16ms
D/dalvikvm(  528): WAIT_FOR_CONCURRENT_GC blocked 10ms
D/dalvikvm(  528): WAIT_FOR_CONCURRENT_GC blocked 14ms
I/dalvikvm-heap(  470): Grow heap (frag case) to 21.330MB for 2073612-byte allocation
D/dalvikvm(  470): GC_FOR_ALLOC freed <1K, 32% free 21761K/31680K, paused 19ms, total 19ms
W/EGL_emulation( 1506): eglSurfaceAttrib not implemented 3093 12436
W/ViewRootImpl( 1506): Dropping event due to no window focus: KeyEvent { action=ACTION_DOWN, keyCode=KEYCODE_DPAD_DOWN, scanCode=0, metaState=0, flags=0x8, repeatCount=0, eventTime=1823045, downTime=1823045, deviceId=-1, source=0x101 }
W/ViewRootImpl( 1506): Dropping event due to no window focus: KeyEvent { action=ACTION_DOWN, keyCode=KEYCODE_DPAD_CENTER, scanCode=0, metaState=0, flags=0x8, repeatCount=0, eventTime=1823284, downTime=1823284, deviceId=-1, source=0x101 }
W/ViewRootImpl( 1506): Dropping event due to no window focus: KeyEvent { action=ACTION_DOWN, keyCode=KEYCODE_BUTTON_10, scanCode=0, metaState=0, flags=0x8, repeatCount=0, eventTime=1823285, downTime=1823285, deviceId=-1, source=0x101 }
W/ViewRootImpl( 1506): Dropping event due to no window focus: KeyEvent { action=ACTION_DOWN, keyCode=KEYCODE_DPAD_CENTER, scanCode=0, metaState=0, flags=0x8, repeatCount=0, eventTime=1823285, downTime=1823285, deviceId=-1, source=0x101 }
I/ActivityManager(  470): Displayed org.isoron.uhabits/.MainActivity: +259ms
W/ViewRootImpl( 1506): Dropping event due to no window focus: KeyEvent { action=ACTION_DOWN, keyCode=KEYCODE_ESCAPE, scanCode=0, metaState=0, flags=0x8, repeatCount=0, eventTime=1823291, downTime=1823291, deviceId=-1, source=0x101 }
W/ContextImpl(  470): Calling a method in the system process without a qualified user: android.app.ContextImpl.sendBroadcast:1123 com.android.server.InputMethodManagerService.hideCurrentInputLocked:1880 com.android.server.InputMethodManagerService.windowGainedFocus:1968 com.android.internal.view.IInputMethodManager$Stub.onTransact:221 com.android.server.InputMethodManagerService.onTransact:818 
W/InputManager(  470): Input event injection from pid 1496 failed.
W/InputManager(  470): Input event injection from pid 1496 failed.
W/EGL_emulation( 1506): eglSurfaceAttrib not implemented 3093 12436
W/EGL_emulation( 1506): eglSurfaceAttrib not implemented 3093 12436
W/EGL_emulation( 1506): eglSurfaceAttrib not implemented 3093 12436
W/ViewRootImpl( 1506): Dropping event due to no window focus: KeyEvent { action=ACTION_DOWN, keyCode=KEYCODE_DPAD_LEFT, scanCode=0, metaState=0, flags=0x8, repeatCount=0, eventTime=1823684, downTime=1823684, deviceId=-1, source=0x101 }
W/ViewRootImpl( 1506): Dropping event due to no window focus: KeyEvent { action=ACTION_DOWN, keyCode=KEYCODE_ALT_LEFT, scanCode=0, metaState=0, flags=0x8, repeatCount=0, eventTime=1823713, downTime=1823713, deviceId=-1, source=0x101 }
W/ContextImpl(  470): Calling a method in the system process without a qualified user: android.app.ContextImpl.sendBroadcast:1123 com.android.server.InputMethodManagerService.hideCurrentInputLocked:1880 com.android.server.InputMethodManagerService.windowGainedFocus:1968 com.android.internal.view.IInputMethodManager$Stub.onTransact:221 com.android.server.InputMethodManagerService.onTransact:818 
W/ViewRootImpl( 1506): Dropping event due to no window focus: MotionEvent { action=ACTION_MOVE, id[0]=0, x[0]=-3.0, y[0]=-4.0, toolType[0]=TOOL_TYPE_UNKNOWN, buttonState=0, metaState=0, flags=0x0, edgeFlags=0x0, pointerCount=1, historySize=9, eventTime=1823713, downTime=-1, deviceId=0, source=0x10004 }
W/IInputConnectionWrapper( 1506): getCursorCapsMode on inactive InputConnection
W/ViewRootImpl( 1506): Dropping event due to no window focus: KeyEvent { action=ACTION_MULTIPLE, keyCode=KEYCODE_DPAD_LEFT, scanCode=0, metaState=0, flags=0x400, repeatCount=4, eventTime=1823787, downTime=1823787, deviceId=-1, source=0x101 }
W/ViewRootImpl( 1506): Dropping event due to no window focus: KeyEvent { action=ACTION_DOWN, keyCode=KEYCODE_DPAD_LEFT, scanCode=0, metaState=0, flags=0x400, repeatCount=0, eventTime=1823788, downTime=1823788, deviceId=-1, source=0x101 }
W/ViewRootImpl( 1506): Dropping event due to no window focus: KeyEvent { action=ACTION_DOWN, keyCode=KEYCODE_DPAD_LEFT, scanCode=0, metaState=0, flags=0x400, repeatCount=0, eventTime=1823788, downTime=1823788, deviceId=-1, source=0x101 }
W/ViewRootImpl( 1506): Dropping event due to no window focus: KeyEvent { action=ACTION_DOWN, keyCode=KEYCODE_DPAD_LEFT, scanCode=0, metaState=0, flags=0x400, repeatCount=0, eventTime=1823788, downTime=1823788, deviceId=-1, source=0x101 }
W/ViewRootImpl( 1506): Dropping event due to no window focus: KeyEvent { action=ACTION_DOWN, keyCode=KEYCODE_DPAD_LEFT, scanCode=0, metaState=0, flags=0x400, repeatCount=0, eventTime=1823788, downTime=1823788, deviceId=-1, source=0x101 }
W/InputEventReceiver( 1506): Attempted to finish an input event but the input event receiver has already been disposed.
W/InputEventReceiver( 1506): Attempted to finish an input event but the input event receiver has already been disposed.
W/InputEventReceiver( 1506): Attempted to finish an input event but the input event receiver has already been disposed.
W/InputEventReceiver( 1506): Attempted to finish an input event but the input event receiver has already been disposed.
W/InputEventReceiver( 1506): Attempted to finish an input event but the input event receiver has already been disposed.
W/ViewRootImpl( 1506): Dropping event due to root view being removed: MotionEvent { action=ACTION_UP, id[0]=0, x[0]=-163.23001, y[0]=-39.989754, toolType[0]=TOOL_TYPE_UNKNOWN, buttonState=0, metaState=0, flags=0x0, edgeFlags=0x0, pointerCount=1, historySize=0, eventTime=1823849, downTime=1823849, deviceId=0, source=0x1002 }
W/ViewRootImpl( 1506): Dropping event due to root view being removed: MotionEvent { action=ACTION_DOWN, id[0]=0, x[0]=116.0, y[0]=371.0, toolType[0]=TOOL_TYPE_UNKNOWN, buttonState=0, metaState=0, flags=0x0, edgeFlags=0x0, pointerCount=1, historySize=0, eventTime=1823852, downTime=1823852, deviceId=0, source=0x1002 }
W/ViewRootImpl( 1506): Dropping event due to root view being removed: MotionEvent { action=ACTION_UP, id[0]=0, x[0]=132.50479, y[0]=373.4299, toolType[0]=TOOL_TYPE_UNKNOWN, buttonState=0, metaState=0, flags=0x0, edgeFlags=0x0, pointerCount=1, historySize=0, eventTime=1823852, downTime=1823852, deviceId=0, source=0x1002 }
W/ViewRootImpl( 1506): Dropping event due to root view being removed: MotionEvent { action=ACTION_MOVE, id[0]=0, x[0]=1.0, y[0]=-2.0, toolType[0]=TOOL_TYPE_UNKNOWN, buttonState=0, metaState=0, flags=0x0, edgeFlags=0x0, pointerCount=1, historySize=19, eventTime=1823851, downTime=-1, deviceId=0, source=0x10004 }
W/ViewRootImpl( 1506): Dropping event due to no window focus: KeyEvent { action=ACTION_DOWN, keyCode=KEYCODE_L, scanCode=0, metaState=0, flags=0x8, repeatCount=0, eventTime=1823860, downTime=1823860, deviceId=-1, source=0x101 }
V/InputMethodService(  626): onEvaluateInputViewShown: config.hardKeyboardHidden = 2
V/InputMethodService(  626): onEvaluateInputViewShown: config.hardKeyboardHidden = 2
I/ActivityManager(  470): START u0 {act=android.intent.action.MAIN cat=[android.intent.category.LAUNCHER] flg=0x10200000 cmp=org.isoron.uhabits/.MainActivity} from pid 1496
W/ContextImpl(  470): Calling a method in the system process without a qualified user: android.app.ContextImpl.sendBroadcast:1123 com.android.server.InputMethodManagerService.showCurrentInputLocked:1791 com.android.server.InputMethodManagerService.showSoftInput:1753 com.android.internal.view.IInputMethodManager$Stub.onTransact:175 com.android.server.InputMethodManagerService.onTransact:818 
I/ActivityManager(  470): START u0 {act=android.intent.action.MAIN cat=[android.intent.category.LAUNCHER] flg=0x10200000 cmp=org.isoron.uhabits/.MainActivity} from pid 1496
W/ContextImpl(  470): Calling a method in the system process without a qualified user: android.app.ContextImpl.sendBroadcast:1123 com.android.server.InputMethodManagerService.showCurrentInputLocked:1791 com.android.server.InputMethodManagerService.attachNewInputLocked:1095 com.android.server.InputMethodManagerService.startInputUncheckedLocked:1166 com.android.server.InputMethodManagerService.startInputLocked:1128 
V/InputMethodService(  626): onEvaluateInputViewShown: config.hardKeyboardHidden = 2
V/InputMethodService(  626): onEvaluateInputViewShown: config.hardKeyboardHidden = 2
D/dalvikvm(  626): GC_CONCURRENT freed 409K, 14% free 3058K/3548K, paused 1ms+0ms, total 3ms
W/ContextImpl(  470): Calling a method in the system process without a qualified user: android.app.ContextImpl.sendBroadcast:1123 com.android.server.InputMethodManagerService.showCurrentInputLocked:1791 com.android.server.InputMethodManagerService.attachNewInputLocked:1095 com.android.server.InputMethodManagerService.startInputUncheckedLocked:1166 com.android.server.InputMethodManagerService.startInputLocked:1128 
W/ContextImpl(  470): Calling a method in the system process without a qualified user: android.app.ContextImpl.sendBroadcast:1123 com.android.server.InputMethodManagerService.showCurrentInputLocked:1791 com.android.server.InputMethodManagerService.showSoftInput:1753 com.android.internal.view.IInputMethodManager$Stub.onTransact:175 com.android.server.InputMethodManagerService.onTransact:818 
W/ContextImpl(  470): Calling a method in the system process without a qualified user: android.app.ContextImpl.sendBroadcast:1123 com.android.server.InputMethodManagerService.showCurrentInputLocked:1791 com.android.server.InputMethodManagerService.attachNewInputLocked:1095 com.android.server.InputMethodManagerService.startInputUncheckedLocked:1166 com.android.server.InputMethodManagerService.startInputLocked:1128 
W/ContextImpl(  470): Calling a method in the system process without a qualified user: android.app.ContextImpl.sendBroadcast:1123 com.android.server.InputMethodManagerService.showCurrentInputLocked:1791 com.android.server.InputMethodManagerService.showSoftInput:1753 com.android.internal.view.IInputMethodManager$Stub.onTransact:175 com.android.server.InputMethodManagerService.onTransact:818 
W/InputEventReceiver( 1506): Attempted to finish an input event but the input event receiver has already been disposed.
W/InputEventReceiver( 1506): Attempted to finish an input event but the input event receiver has already been disposed.
W/InputEventReceiver( 1506): Attempted to finish an input event but the input event receiver has already been disposed.
W/InputEventReceiver( 1506): Attempted to finish an input event but the input event receiver has already been disposed.
W/ViewRootImpl( 1506): Dropping event due to root view being removed: MotionEvent { action=ACTION_UP, id[0]=0, x[0]=-79.29651, y[0]=173.3005, toolType[0]=TOOL_TYPE_UNKNOWN, buttonState=0, metaState=0, flags=0x0, edgeFlags=0x0, pointerCount=1, historySize=0, eventTime=1823904, downTime=1823903, deviceId=0, source=0x1002 }
W/ViewRootImpl( 1506): Dropping event due to root view being removed: MotionEvent { action=ACTION_DOWN, id[0]=0, x[0]=-83.0, y[0]=-69.0, toolType[0]=TOOL_TYPE_UNKNOWN, buttonState=0, metaState=0, flags=0x0, edgeFlags=0x0, pointerCount=1, historySize=0, eventTime=1823904, downTime=1823904, deviceId=0, source=0x1002 }
W/ViewRootImpl( 1506): Dropping event due to root view being removed: MotionEvent { action=ACTION_UP, id[0]=0, x[0]=-78.19725, y[0]=-79.04195, toolType[0]=TOOL_TYPE_UNKNOWN, buttonState=0, metaState=0, flags=0x0, edgeFlags=0x0, pointerCount=1, historySize=0, eventTime=1823905, downTime=1823904, deviceId=0, source=0x1002 }
W/IInputConnectionWrapper( 1506): getCursorCapsMode on inactive InputConnection
V/InputMethodService(  626): onEvaluateInputViewShown: config.hardKeyboardHidden = 2
V/InputMethodService(  626): onEvaluateInputViewShown: config.hardKeyboardHidden = 2
V/InputMethodService(  626): onEvaluateInputViewShown: config.hardKeyboardHidden = 2
V/InputMethodService(  626): onEvaluateInputViewShown: config.hardKeyboardHidden = 2
W/ViewRootImpl( 1506): Dropping event due to no window focus: KeyEvent { action=ACTION_DOWN, keyCode=KEYCODE_DPAD_RIGHT, scanCode=0, metaState=0, flags=0x8, repeatCount=0, eventTime=1823928, downTime=1823928, deviceId=-1, source=0x101 }
W/EGL_emulation( 1506): eglSurfaceAttrib not implemented 3093 12436
W/IInputConnectionWrapper( 1506): getCursorCapsMode on inactive InputConnection
V/InputMethodService(  626): onEvaluateInputViewShown: config.hardKeyboardHidden = 2
V/InputMethodService(  626): onEvaluateInputViewShown: config.hardKeyboardHidden = 2
V/InputMethodService(  626): onEvaluateInputViewShown: config.hardKeyboardHidden = 2
V/InputMethodService(  626): onEvaluateInputViewShown: config.hardKeyboardHidden = 2
W/ViewRootImpl( 1506): Dropping event due to no window focus: KeyEvent { action=ACTION_DOWN, keyCode=KEYCODE_NUMPAD_9, scanCode=0, metaState=0, flags=0x8, repeatCount=0, eventTime=1823940, downTime=1823940, deviceId=-1, source=0x101 }
W/ContextImpl(  470): Calling a method in the system process without a qualified user: android.app.ContextImpl.sendBroadcast:1123 com.android.server.InputMethodManagerService.hideCurrentInputLocked:1880 com.android.server.InputMethodManagerService.windowGainedFocus:1968 com.android.internal.view.IInputMethodManager$Stub.onTransact:221 com.android.server.InputMethodManagerService.onTransact:818 
W/ViewRootImpl( 1506): Dropping event due to no window focus: KeyEvent { action=ACTION_DOWN, keyCode=KEYCODE_PAGE_UP, scanCode=0, metaState=0, flags=0x8, repeatCount=0, eventTime=1823940, downTime=1823940, deviceId=-1, source=0x101 }
I/ActivityManager(  470): START u0 {act=android.intent.action.MAIN cat=[android.intent.category.LAUNCHER] flg=0x10200000 cmp=org.isoron.uhabits/.MainActivity} from pid 1496
W/InputEventReceiver( 1506): Attempted to finish an input event but the input event receiver has already been disposed.
W/InputEventReceiver( 1506): Attempted to finish an input event but the input event receiver has already been disposed.
W/InputEventReceiver( 1506): Attempted to finish an input event but the input event receiver has already been disposed.
W/InputEventReceiver( 1506): Attempted to finish an input event but the input event receiver has already been disposed.
W/InputEventReceiver( 1506): Attempted to finish an input event but the input event receiver has already been disposed.
W/InputEventReceiver( 1506): Attempted to finish an input event but the input event receiver has already been disposed.
W/ViewRootImpl( 1506): Dropping event due to root view being removed: MotionEvent { action=ACTION_POINTER_DOWN(1), id[0]=0, x[0]=-230.69934, y[0]=539.142, toolType[0]=TOOL_TYPE_UNKNOWN, id[1]=1, x[1]=685.0, y[1]=24.0, toolType[1]=TOOL_TYPE_UNKNOWN, buttonState=0, metaState=0, flags=0x0, edgeFlags=0x0, pointerCount=2, historySize=0, eventTime=1824044, downTime=1824044, deviceId=0, source=0x1002 }
W/ViewRootImpl( 1506): Dropping event due to root view being removed: MotionEvent { action=ACTION_MOVE, id[0]=0, x[0]=-215.2605, y[0]=609.0, toolType[0]=TOOL_TYPE_UNKNOWN, id[1]=1, x[1]=623.9986, y[1]=65.47287, toolType[1]=TOOL_TYPE_UNKNOWN, buttonState=0, metaState=0, flags=0x0, edgeFlags=0x0, pointerCount=2, historySize=6, eventTime=1824045, downTime=1824044, deviceId=0, source=0x1002 }
W/ViewRootImpl( 1506): Dropping event due to root view being removed: MotionEvent { action=ACTION_POINTER_UP(1), id[0]=0, x[0]=-214.99184, y[0]=609.0, toolType[0]=TOOL_TYPE_UNKNOWN, id[1]=1, x[1]=613.5407, y[1]=78.372604, toolType[1]=TOOL_TYPE_UNKNOWN, buttonState=0, metaState=0, flags=0x0, edgeFlags=0x0, pointerCount=2, historySize=0, eventTime=1824045, downTime=1824044, deviceId=0, source=0x1002 }
W/ViewRootImpl( 1506): Dropping event due to root view being removed: MotionEvent { action=ACTION_UP, id[0]=0, x[0]=-214.14845, y[0]=609.0, toolType[0]=TOOL_TYPE_UNKNOWN, buttonState=0, metaState=0, flags=0x0, edgeFlags=0x0, pointerCount=1, historySize=0, eventTime=1824046, downTime=1824044, deviceId=0, source=0x1002 }
W/ViewRootImpl( 1506): Dropping event due to root view being removed: MotionEvent { action=ACTION_MOVE, id[0]=0, x[0]=0.0, y[0]=1.0, toolType[0]=TOOL_TYPE_UNKNOWN, buttonState=0, metaState=0, flags=0x0, edgeFlags=0x0, pointerCount=1, historySize=19, eventTime=1824041, downTime=-1, deviceId=0, source=0x10004 }
W/InputMethodManagerService(  470): Window already focused, ignoring focus gain of: com.android.internal.view.IInputMethodClient$Stub$Proxy@4aa2e86c attribute=null, token = android.os.BinderProxy@4aa0fda0
W/ViewRootImpl( 1506): Dropping event due to no window focus: KeyEvent { action=ACTION_DOWN, keyCode=KEYCODE_DPAD_RIGHT, scanCode=0, metaState=0, flags=0x8, repeatCount=0, eventTime=1824115, downTime=1824115, deviceId=-1, source=0x101 }
W/EGL_emulation( 1506): eglSurfaceAttrib not implemented 3093 12436
W/ViewRootImpl( 1506): Dropping event due to no window focus: KeyEvent { action=ACTION_DOWN, keyCode=KEYCODE_F7, scanCode=0, metaState=0, flags=0x8, repeatCount=0, eventTime=1824120, downTime=1824120, deviceId=-1, source=0x101 }
D/dalvikvm( 1506): GC_CONCURRENT freed 1121K, 61% free 6087K/15388K, paused 1ms+1ms, total 5ms
V/FlingTracker(  528): computeCurrentVelocity warning: totalweight=0
V/FlingTracker(  528): java.lang.Throwable
V/FlingTracker(  528): 	at com.android.systemui.statusbar.phone.PanelView$FlingTracker.computeCurrentVelocity(PanelView.java:162)
V/FlingTracker(  528): 	at com.android.systemui.statusbar.phone.PanelView$3.onTouch(PanelView.java:462)
V/FlingTracker(  528): 	at android.view.View.dispatchTouchEvent(View.java:7701)
V/FlingTracker(  528): 	at com.android.systemui.statusbar.phone.NotificationPanelView.onTouchEvent(NotificationPanelView.java:138)
V/FlingTracker(  528): 	at com.android.systemui.statusbar.phone.PanelBar.onTouchEvent(PanelBar.java:130)
V/FlingTracker(  528): 	at com.android.systemui.statusbar.phone.PhoneStatusBarView.onTouchEvent(PhoneStatusBarView.java:201)
V/FlingTracker(  528): 	at android.view.View.dispatchTouchEvent(View.java:7706)
V/FlingTracker(  528): 	at android.view.ViewGroup.dispatchTransformedTouchEvent(ViewGroup.java:2210)
V/FlingTracker(  528): 	at android.view.ViewGroup.dispatchTouchEvent(ViewGroup.java:1945)
V/FlingTracker(  528): 	at android.view.ViewGroup.dispatchTransformedTouchEvent(ViewGroup.java:2216)
V/FlingTracker(  528): 	at android.view.ViewGroup.dispatchTouchEvent(ViewGroup.java:1959)
V/FlingTracker(  528): 	at android.view.View.dispatchPointerEvent(View.java:7886)
V/FlingTracker(  528): 	at android.view.ViewRootImpl$ViewPostImeInputStage.processPointerEvent(ViewRootImpl.java:3978)
V/FlingTracker(  528): 	at android.view.ViewRootImpl$ViewPostImeInputStage.onProcess(ViewRootImpl.java:3857)
V/FlingTracker(  528): 	at android.view.ViewRootImpl$InputStage.deliver(ViewRootImpl.java:3423)
V/FlingTracker(  528): 	at android.view.ViewRootImpl$InputStage.onDeliverToNext(ViewRootImpl.java:3473)
V/FlingTracker(  528): 	at android.view.ViewRootImpl$InputStage.forward(ViewRootImpl.java:3442)
V/FlingTracker(  528): 	at android.view.ViewRootImpl$AsyncInputStage.forward(ViewRootImpl.java:3549)
V/FlingTracker(  528): 	at android.view.ViewRootImpl$InputStage.apply(ViewRootImpl.java:3450)
V/FlingTracker(  528): 	at android.view.ViewRootImpl$AsyncInputStage.apply(ViewRootImpl.java:3606)
V/FlingTracker(  528): 	at android.view.ViewRootImpl$InputStage.deliver(ViewRootImpl.java:3423)
V/FlingTracker(  528): 	at android.view.ViewRootImpl$InputStage.onDeliverToNext(ViewRootImpl.java:3473)
V/FlingTracker(  528): 	at android.view.ViewRootImpl$InputStage.forward(ViewRootImpl.java:3442)
V/FlingTracker(  528): 	at android.view.ViewRootImpl$InputStage.apply(ViewRootImpl.java:3450)
V/FlingTracker(  528): 	at android.view.ViewRootImpl$InputStage.deliver(ViewRootImpl.java:3423)
V/FlingTracker(  528): 	at android.view.ViewRootImpl.deliverInputEvent(ViewRootImpl.java:5626)
V/FlingTracker(  528): 	at android.view.ViewRootImpl.doProcessInputEvents(ViewRootImpl.java:5606)
V/FlingTracker(  528): 	at android.view.ViewRootImpl.enqueueInputEvent(ViewRootImpl.java:5577)
V/FlingTracker(  528): 	at android.view.ViewRootImpl$WindowInputEventReceiver.onInputEvent(ViewRootImpl.java:5706)
V/FlingTracker(  528): 	at android.view.InputEventReceiver.dispatchInputEvent(InputEventReceiver.java:185)
V/FlingTracker(  528): 	at android.os.MessageQueue.nativePollOnce(Native Method)
V/FlingTracker(  528): 	at android.os.MessageQueue.next(MessageQueue.java:138)
V/FlingTracker(  528): 	at android.os.Looper.loop(Looper.java:123)
V/FlingTracker(  528): 	at android.app.ActivityThread.main(ActivityThread.java:5019)
V/FlingTracker(  528): 	at java.lang.reflect.Method.invokeNative(Native Method)
V/FlingTracker(  528): 	at java.lang.reflect.Method.invoke(Method.java:515)
V/FlingTracker(  528): 	at com.android.internal.os.ZygoteInit$MethodAndArgsCaller.run(ZygoteInit.java:779)
V/FlingTracker(  528): 	at com.android.internal.os.ZygoteInit.main(ZygoteInit.java:595)
V/FlingTracker(  528): 	at dalvik.system.NativeStart.main(Native Method)
V/PanelView(  528): animationTick called with dtms=0; nothing to do (h=0.0 v=0.0)
V/PanelView(  528): animationTick called with dtms=-2; nothing to do (h=0.0 v=0.0)
W/InputMethodManagerService(  470): Window already focused, ignoring focus gain of: com.android.internal.view.IInputMethodClient$Stub$Proxy@4a95a488 attribute=android.view.inputmethod.EditorInfo@4af97ef8, token = android.os.BinderProxy@4aa0fda0
W/ViewRootImpl( 1506): Dropping event due to no window focus: KeyEvent { action=ACTION_DOWN, keyCode=KEYCODE_DPAD_RIGHT, scanCode=0, metaState=0, flags=0x8, repeatCount=0, eventTime=1824221, downTime=1824221, deviceId=-1, source=0x101 }
W/EGL_emulation( 1506): eglSurfaceAttrib not implemented 3093 12436
W/InputMethodManagerService(  470): Window already focused, ignoring focus gain of: com.android.internal.view.IInputMethodClient$Stub$Proxy@4af205d4 attribute=null, token = android.os.BinderProxy@4aa0fda0
W/dalvikvm( 1506): method Landroid/support/v7/widget/ListViewCompat;.lookForSelectablePosition incorrectly overrides package-private method with same name in Landroid/widget/ListView;
I/dalvikvm( 1506): Could not find method android.view.View.drawableHotspotChanged, referenced from method android.support.v7.widget.ListPopupWindow$DropDownListView.setPressedItem
W/dalvikvm( 1506): VFY: unable to resolve virtual method 19486: Landroid/view/View;.drawableHotspotChanged (FF)V
D/dalvikvm( 1506): VFY: replacing opcode 0x6e at 0x004e
W/ViewRootImpl( 1506): Dropping event due to no window focus: KeyEvent { action=ACTION_DOWN, keyCode=KEYCODE_DPAD_LEFT, scanCode=0, metaState=0, flags=0x8, repeatCount=0, eventTime=1824366, downTime=1824366, deviceId=-1, source=0x101 }
I/ActivityManager(  470): START u0 {act=android.intent.action.MAIN cat=[android.intent.category.LAUNCHER] flg=0x10200000 cmp=org.isoron.uhabits/.MainActivity} from pid 1496
I/ActivityManager(  470): START u0 {act=android.intent.action.MAIN cat=[android.intent.category.LAUNCHER] flg=0x10000000 cmp=com.android.contacts/.activities.PeopleActivity sel={act=android.intent.action.MAIN cat=[android.intent.category.APP_CONTACTS]}} from pid 470
W/EGL_emulation( 1506): eglSurfaceAttrib not implemented 3093 12436
W/InputManager(  470): Input event injection from pid 1496 failed.
W/InputManager(  470): Input event injection from pid 1496 failed.
W/InputManager(  470): Input event injection from pid 1496 failed.
W/InputManager(  470): Input event injection from pid 1496 failed.
W/ViewRootImpl( 1506): Dropping event due to root view being removed: MotionEvent { action=ACTION_MOVE, id[0]=0, x[0]=2.0, y[0]=2.0, toolType[0]=TOOL_TYPE_UNKNOWN, buttonState=0, metaState=0, flags=0x0, edgeFlags=0x0, pointerCount=1, historySize=9, eventTime=1824383, downTime=-1, deviceId=0, source=0x10004 }
W/InputEventReceiver( 1506): Attempted to finish an input event but the input event receiver has already been disposed.
W/ViewRootImpl( 1506): Dropping event due to no window focus: KeyEvent { action=ACTION_DOWN, keyCode=KEYCODE_DPAD_RIGHT, scanCode=0, metaState=0, flags=0x8, repeatCount=0, eventTime=1824424, downTime=1824424, deviceId=-1, source=0x101 }
W/InputMethodManagerService(  470): Window already focused, ignoring focus gain of: com.android.internal.view.IInputMethodClient$Stub$Proxy@4afb6ebc attribute=null, token = android.os.BinderProxy@4aa0fda0
W/EGL_emulation( 1506): eglSurfaceAttrib not implemented 3093 12436
W/ContextImpl(  470): Calling a method in the system process without a qualified user: android.app.ContextImpl.sendBroadcast:1123 com.android.server.InputMethodManagerService.showCurrentInputLocked:1791 com.android.server.InputMethodManagerService.windowGainedFocus:1985 com.android.internal.view.IInputMethodManager$Stub.onTransact:221 com.android.server.InputMethodManagerService.onTransact:818 
V/InputMethodService(  626): onEvaluateInputViewShown: config.hardKeyboardHidden = 2
V/InputMethodService(  626): onEvaluateInputViewShown: config.hardKeyboardHidden = 2
W/InputEventReceiver( 1506): Attempted to finish an input event but the input event receiver has already been disposed.
W/InputEventReceiver( 1506): Attempted to finish an input event but the input event receiver has already been disposed.
W/InputEventReceiver( 1506): Attempted to finish an input event but the input event receiver has already been disposed.
V/PanelView(  528): animationTick called with dtms=0; nothing to do (h=0.0 v=-0.0)
W/ViewRootImpl( 1506): Dropping event due to root view being removed: MotionEvent { action=ACTION_UP, id[0]=0, x[0]=-54.05005, y[0]=398.99347, toolType[0]=TOOL_TYPE_UNKNOWN, buttonState=0, metaState=0, flags=0x0, edgeFlags=0x0, pointerCount=1, historySize=0, eventTime=1824541, downTime=1824541, deviceId=0, source=0x1002 }
W/ViewRootImpl( 1506): Dropping event due to root view being removed: MotionEvent { action=ACTION_MOVE, id[0]=0, x[0]=1.0, y[0]=-5.0, toolType[0]=TOOL_TYPE_UNKNOWN, buttonState=0, metaState=0, flags=0x0, edgeFlags=0x0, pointerCount=1, historySize=9, eventTime=1824543, downTime=-1, deviceId=0, source=0x10004 }
W/ViewRootImpl( 1506): Dropping event due to no window focus: KeyEvent { action=ACTION_DOWN, keyCode=KEYCODE_DPAD_CENTER, scanCode=0, metaState=0, flags=0x8, repeatCount=0, eventTime=1824545, downTime=1824545, deviceId=-1, source=0x101 }
V/PanelView(  528): animationTick called with dtms=0; nothing to do (h=0.0 v=-0.0)
W/ViewRootImpl( 1506): Dropping event due to no window focus: KeyEvent { action=ACTION_DOWN, keyCode=KEYCODE_DPAD_CENTER, scanCode=0, metaState=0, flags=0x8, repeatCount=0, eventTime=1824553, downTime=1824553, deviceId=-1, source=0x101 }
W/ContextImpl(  470): Calling a method in the system process without a qualified user: android.app.ContextImpl.sendBroadcast:1123 com.android.server.InputMethodManagerService.hideCurrentInputLocked:1880 com.android.server.InputMethodManagerService.windowGainedFocus:1968 com.android.internal.view.IInputMethodManager$Stub.onTransact:221 com.android.server.InputMethodManagerService.onTransact:818 
I/ActivityManager(  470): START u0 {act=com.android.systemui.recent.action.TOGGLE_RECENTS flg=0x10800000 cmp=com.android.systemui/.recent.RecentsActivity (has extras)} from pid 528
W/ViewRootImpl( 1506): Dropping event due to no window focus: KeyEvent { action=ACTION_DOWN, keyCode=KEYCODE_DPAD_LEFT, scanCode=0, metaState=0, flags=0x8, repeatCount=0, eventTime=1824658, downTime=1824658, deviceId=-1, source=0x101 }
W/EGL_emulation( 1506): eglSurfaceAttrib not implemented 3093 12436
I/ActivityManager(  470): START u0 {cmp=org.isoron.uhabits/.MainActivity} from pid 1506
D/dalvikvm( 1506): GC_CONCURRENT freed 789K, 59% free 6344K/15388K, paused 2ms+1ms, total 7ms
W/EGL_emulation( 1506): eglSurfaceAttrib not implemented 3093 12436
W/ViewRootImpl( 1506): Dropping event due to no window focus: MotionEvent { action=ACTION_MOVE, id[0]=0, x[0]=-3.0, y[0]=-4.0, toolType[0]=TOOL_TYPE_UNKNOWN, buttonState=0, metaState=0, flags=0x0, edgeFlags=0x0, pointerCount=1, historySize=9, eventTime=1824803, downTime=-1, deviceId=0, source=0x10004 }
W/ViewRootImpl( 1506): Dropping event due to no window focus: MotionEvent { action=ACTION_DOWN, id[0]=0, x[0]=0.0, y[0]=0.0, toolType[0]=TOOL_TYPE_UNKNOWN, buttonState=0, metaState=0, flags=0x0, edgeFlags=0x0, pointerCount=1, historySize=0, eventTime=1824803, downTime=1824801, deviceId=0, source=0x10004 }
W/ViewRootImpl( 1506): Dropping event due to no window focus: KeyEvent { action=ACTION_DOWN, keyCode=KEYCODE_DPAD_CENTER, scanCode=0, metaState=0, flags=0x8, repeatCount=0, eventTime=1824804, downTime=1824804, deviceId=-1, source=0x101 }
W/ViewRootImpl( 1506): Dropping event due to no window focus: KeyEvent { action=ACTION_DOWN, keyCode=KEYCODE_DPAD_CENTER, scanCode=0, metaState=0, flags=0x8, repeatCount=0, eventTime=1824815, downTime=1824815, deviceId=-1, source=0x101 }
I/ActivityManager(  470): Displayed org.isoron.uhabits/.MainActivity: +99ms
W/ViewRootImpl( 1506): Dropping event due to no window focus: MotionEvent { action=ACTION_MOVE, id[0]=0, x[0]=0.0, y[0]=2.0, toolType[0]=TOOL_TYPE_UNKNOWN, buttonState=0, metaState=0, flags=0x0, edgeFlags=0x0, pointerCount=1, historySize=9, eventTime=1824825, downTime=-1, deviceId=0, source=0x10004 }
W/ViewRootImpl( 1506): Dropping event due to no window focus: MotionEvent { action=ACTION_DOWN, id[0]=0, x[0]=0.0, y[0]=0.0, toolType[0]=TOOL_TYPE_UNKNOWN, buttonState=0, metaState=0, flags=0x0, edgeFlags=0x0, pointerCount=1, historySize=0, eventTime=1824825, downTime=1824823, deviceId=0, source=0x10004 }
W/ViewRootImpl( 1506): Dropping event due to no window focus: KeyEvent { action=ACTION_DOWN, keyCode=KEYCODE_DPAD_UP, scanCode=0, metaState=0, flags=0x8, repeatCount=0, eventTime=1824826, downTime=1824826, deviceId=-1, source=0x101 }
W/ContextImpl(  470): Calling a method in the system process without a qualified user: android.app.ContextImpl.sendBroadcast:1123 com.android.server.InputMethodManagerService.hideCurrentInputLocked:1880 com.android.server.InputMethodManagerService.windowGainedFocus:1968 com.android.internal.view.IInputMethodManager$Stub.onTransact:221 com.android.server.InputMethodManagerService.onTransact:818 
V/PanelView(  528): animationTick called with dtms=0; nothing to do (h=0.0 v=4500.0)
W/WindowManager(  470): updateFocusedWindowLocked, focusedAppToken is null.
I/InputDispatcher(  470): Dropped event because of pending overdue app switch.
W/InputManager(  470): Input event injection from pid 1496 failed.
W/EGL_emulation(  528): eglSurfaceAttrib not implemented 3093 12436
W/ViewRootImpl(  528): Dropping event due to no window focus: KeyEvent { action=ACTION_DOWN, keyCode=KEYCODE_MENU, scanCode=0, metaState=0, flags=0x8, repeatCount=0, eventTime=1825050, downTime=1825050, deviceId=-1, source=0x101 }
W/EGL_emulation( 1506): eglSurfaceAttrib not implemented 3093 12436
W/ViewRootImpl(  528): Dropping event due to no window focus: MotionEvent { action=ACTION_MOVE, id[0]=0, x[0]=-2.0, y[0]=-4.0, toolType[0]=TOOL_TYPE_UNKNOWN, buttonState=0, metaState=0, flags=0x0, edgeFlags=0x0, pointerCount=1, historySize=19, eventTime=1825090, downTime=-1, deviceId=0, source=0x10004 }
W/ViewRootImpl(  528): Dropping event due to no window focus: MotionEvent { action=ACTION_DOWN, id[0]=0, x[0]=0.0, y[0]=0.0, toolType[0]=TOOL_TYPE_UNKNOWN, buttonState=0, metaState=0, flags=0x0, edgeFlags=0x0, pointerCount=1, historySize=0, eventTime=1825090, downTime=1825088, deviceId=0, source=0x10004 }
W/ViewRootImpl(  528): Dropping event due to no window focus: KeyEvent { action=ACTION_DOWN, keyCode=KEYCODE_DPAD_LEFT, scanCode=0, metaState=0, flags=0x8, repeatCount=0, eventTime=1825091, downTime=1825091, deviceId=-1, source=0x101 }
V/PanelView(  528): animationTick called with dtms=0; nothing to do (h=589.5 v=-3000.0)
V/FlingTracker(  528): computeCurrentVelocity warning: totalweight=0
V/FlingTracker(  528): java.lang.Throwable
V/FlingTracker(  528): 	at com.android.systemui.statusbar.phone.PanelView$FlingTracker.computeCurrentVelocity(PanelView.java:162)
V/FlingTracker(  528): 	at com.android.systemui.statusbar.phone.PanelView$3.onTouch(PanelView.java:462)
V/FlingTracker(  528): 	at android.view.View.dispatchTouchEvent(View.java:7701)
V/FlingTracker(  528): 	at com.android.systemui.statusbar.phone.NotificationPanelView.onTouchEvent(NotificationPanelView.java:138)
V/FlingTracker(  528): 	at android.view.View.dispatchTouchEvent(View.java:7706)
V/FlingTracker(  528): 	at android.view.ViewGroup.dispatchTransformedTouchEvent(ViewGroup.java:2210)
V/FlingTracker(  528): 	at android.view.ViewGroup.dispatchTouchEvent(ViewGroup.java:1945)
V/FlingTracker(  528): 	at android.view.ViewGroup.dispatchTransformedTouchEvent(ViewGroup.java:2216)
V/FlingTracker(  528): 	at android.view.ViewGroup.dispatchTouchEvent(ViewGroup.java:1959)
V/FlingTracker(  528): 	at android.view.ViewGroup.dispatchTransformedTouchEvent(ViewGroup.java:2216)
V/FlingTracker(  528): 	at android.view.ViewGroup.dispatchTouchEvent(ViewGroup.java:1959)
V/FlingTracker(  528): 	at android.view.View.dispatchPointerEvent(View.java:7886)
V/FlingTracker(  528): 	at android.view.ViewRootImpl$ViewPostImeInputStage.processPointerEvent(ViewRootImpl.java:3978)
V/FlingTracker(  528): 	at android.view.ViewRootImpl$ViewPostImeInputStage.onProcess(ViewRootImpl.java:3857)
V/FlingTracker(  528): 	at android.view.ViewRootImpl$InputStage.deliver(ViewRootImpl.java:3423)
V/FlingTracker(  528): 	at android.view.ViewRootImpl$InputStage.onDeliverToNext(ViewRootImpl.java:3473)
V/FlingTracker(  528): 	at android.view.ViewRootImpl$InputStage.forward(ViewRootImpl.java:3442)
V/FlingTracker(  528): 	at android.view.ViewRootImpl$AsyncInputStage.forward(ViewRootImpl.java:3549)
V/FlingTracker(  528): 	at android.view.ViewRootImpl$InputStage.apply(ViewRootImpl.java:3450)
V/FlingTracker(  528): 	at android.view.ViewRootImpl$AsyncInputStage.apply(ViewRootImpl.java:3606)
V/FlingTracker(  528): 	at android.view.ViewRootImpl$InputStage.deliver(ViewRootImpl.java:3423)
V/FlingTracker(  528): 	at android.view.ViewRootImpl$InputStage.onDeliverToNext(ViewRootImpl.java:3473)
V/FlingTracker(  528): 	at android.view.ViewRootImpl$InputStage.forward(ViewRootImpl.java:3442)
V/FlingTracker(  528): 	at android.view.ViewRootImpl$InputStage.apply(ViewRootImpl.java:3450)
V/FlingTracker(  528): 	at android.view.ViewRootImpl$InputStage.deliver(ViewRootImpl.java:3423)
V/FlingTracker(  528): 	at android.view.ViewRootImpl.deliverInputEvent(ViewRootImpl.java:5626)
V/FlingTracker(  528): 	at android.view.ViewRootImpl.doProcessInputEvents(ViewRootImpl.java:5606)
V/FlingTracker(  528): 	at android.view.ViewRootImpl.enqueueInputEvent(ViewRootImpl.java:5577)
V/FlingTracker(  528): 	at android.view.ViewRootImpl$WindowInputEventReceiver.onInputEvent(ViewRootImpl.java:5706)
V/FlingTracker(  528): 	at android.view.InputEventReceiver.dispatchInputEvent(InputEventReceiver.java:185)
V/FlingTracker(  528): 	at android.os.MessageQueue.nativePollOnce(Native Method)
V/FlingTracker(  528): 	at android.os.MessageQueue.next(MessageQueue.java:138)
V/FlingTracker(  528): 	at android.os.Looper.loop(Looper.java:123)
V/FlingTracker(  528): 	at android.app.ActivityThread.main(ActivityThread.java:5019)
V/FlingTracker(  528): 	at java.lang.reflect.Method.invokeNative(Native Method)
V/FlingTracker(  528): 	at java.lang.reflect.Method.invoke(Method.java:515)
V/FlingTracker(  528): 	at com.android.internal.os.ZygoteInit$MethodAndArgsCaller.run(ZygoteInit.java:779)
V/FlingTracker(  528): 	at com.android.internal.os.ZygoteInit.main(ZygoteInit.java:595)
V/FlingTracker(  528): 	at dalvik.system.NativeStart.main(Native Method)
V/PanelView(  528): animationTick called with dtms=0; nothing to do (h=589.5 v=0.0)
V/PanelView(  528): animationTick called with dtms=0; nothing to do (h=672.7027 v=4500.0)
V/PanelView(  528): animationTick called with dtms=0; nothing to do (h=672.7027 v=-3000.0)
V/PanelView(  528): animationTick called with dtms=0; nothing to do (h=672.7027 v=-3000.0)
V/PanelView(  528): animationTick called with dtms=-2; nothing to do (h=672.7027 v=-3000.0)
W/ViewRootImpl( 1506): Dropping event due to no window focus: KeyEvent { action=ACTION_DOWN, keyCode=KEYCODE_DPAD_LEFT, scanCode=0, metaState=0, flags=0x8, repeatCount=0, eventTime=1825169, downTime=1825169, deviceId=-1, source=0x101 }
V/PanelView(  528): animationTick called with dtms=0; nothing to do (h=672.7027 v=-3000.0)
I/ActivityManager(  470): START u0 {act=android.intent.action.CHOOSER flg=0x10008001 cmp=android/com.android.internal.app.ChooserActivity bnds=[96,389][1280,461] (has clip) (has extras)} from pid -1
W/ViewRootImpl( 1506): Dropping event due to no window focus: KeyEvent { action=ACTION_DOWN, keyCode=KEYCODE_DPAD_RIGHT, scanCode=0, metaState=0, flags=0x8, repeatCount=0, eventTime=1825227, downTime=1825227, deviceId=-1, source=0x101 }
W/InputMethodManagerService(  470): Window already focused, ignoring focus gain of: com.android.internal.view.IInputMethodClient$Stub$Proxy@4b01f970 attribute=android.view.inputmethod.EditorInfo@4afbdf40, token = android.os.BinderProxy@4aee1b2c
W/ViewRootImpl( 1506): Dropping event due to no window focus: KeyEvent { action=ACTION_DOWN, keyCode=KEYCODE_DPAD_DOWN, scanCode=0, metaState=0, flags=0x8, repeatCount=0, eventTime=1825231, downTime=1825231, deviceId=-1, source=0x101 }
V/PanelView(  528): animationTick called with dtms=0; nothing to do (h=565.0416 v=-3000.0)
V/PanelView(  528): animationTick called with dtms=0; nothing to do (h=565.0416 v=-3000.0)
V/PanelView(  528): animationTick called with dtms=0; nothing to do (h=565.0416 v=-3000.0)
V/PanelView(  528): animationTick called with dtms=0; nothing to do (h=565.0416 v=-3000.0)
V/PanelView(  528): animationTick called with dtms=0; nothing to do (h=565.0416 v=-3000.0)
V/PanelView(  528): animationTick called with dtms=-5; nothing to do (h=565.0416 v=-3000.0)
I/ActivityManager(  470): START u0 {act=android.intent.action.VIEW dat=content://media/external/images/media/2120 typ=image/png flg=0x10000000 cmp=android/com.android.internal.app.ResolverActivity bnds=[0,77][1280,461]} from pid -1
W/EGL_emulation( 1506): eglSurfaceAttrib not implemented 3093 12436
W/ViewRootImpl( 1506): Dropping event due to no window focus: KeyEvent { action=ACTION_DOWN, keyCode=KEYCODE_BUTTON_R2, scanCode=0, metaState=0, flags=0x8, repeatCount=0, eventTime=1825235, downTime=1825235, deviceId=-1, source=0x101 }
W/ViewRootImpl( 1506): Dropping event due to no window focus: KeyEvent { action=ACTION_DOWN, keyCode=KEYCODE_DPAD_CENTER, scanCode=0, metaState=0, flags=0x8, repeatCount=0, eventTime=1825278, downTime=1825278, deviceId=-1, source=0x101 }
V/PanelView(  528): animationTick called with dtms=0; nothing to do (h=565.0416 v=-3000.0)
V/PanelView(  528): animationTick called with dtms=0; nothing to do (h=565.0416 v=-3000.0)
V/PanelView(  528): animationTick called with dtms=-10; nothing to do (h=565.0416 v=-3000.0)
I/ActivityManager(  470): START u0 {act=android.intent.action.VIEW dat=content://media/external/images/media/2120 typ=image/png flg=0x10000000 cmp=android/com.android.internal.app.ResolverActivity bnds=[0,77][1280,461]} from pid -1
V/PanelView(  528): animationTick called with dtms=0; nothing to do (h=565.0416 v=0.0)
V/PanelView(  528): animationTick called with dtms=-14; nothing to do (h=565.0416 v=0.0)
W/EGL_emulation( 1915): eglSurfaceAttrib not implemented 3093 12436
V/PanelView(  528): animationTick called with dtms=0; nothing to do (h=575.9586 v=-3000.0)
V/PanelView(  528): animationTick called with dtms=0; nothing to do (h=575.9586 v=-3000.0)
V/PanelView(  528): animationTick called with dtms=-2; nothing to do (h=575.9586 v=-3000.0)
W/ViewRootImpl( 1506): Dropping event due to no window focus: KeyEvent { action=ACTION_DOWN, keyCode=KEYCODE_DPAD_DOWN, scanCode=0, metaState=0, flags=0x8, repeatCount=0, eventTime=1825382, downTime=1825382, deviceId=-1, source=0x101 }
W/InputMethodManagerService(  470): Window already focused, ignoring focus gain of: com.android.internal.view.IInputMethodClient$Stub$Proxy@4af16410 attribute=android.view.inputmethod.EditorInfo@4af10d7c, token = android.os.BinderProxy@4aee1b2c
V/PanelView(  528): animationTick called with dtms=0; nothing to do (h=473.69162 v=-0.0)
V/PanelView(  528): animationTick called with dtms=-11; nothing to do (h=473.69162 v=-0.0)
I/ActivityManager(  470): START u0 {act=android.intent.action.MAIN cat=[android.intent.category.LAUNCHER] flg=0x10000000 sel={act=android.intent.action.MAIN cat=[android.intent.category.APP_MUSIC]}} from pid 470
V/PanelView(  528): animationTick called with dtms=0; nothing to do (h=424.20343 v=-4500.0)
V/PanelView(  528): animationTick called with dtms=-2; nothing to do (h=424.20343 v=-4500.0)
W/EGL_emulation( 1506): eglSurfaceAttrib not implemented 3093 12436
W/ViewRootImpl( 1506): Dropping event due to no window focus: KeyEvent { action=ACTION_DOWN, keyCode=KEYCODE_MENU, scanCode=0, metaState=0, flags=0x8, repeatCount=0, eventTime=1825452, downTime=1825452, deviceId=-1, source=0x101 }
V/PanelView(  528): animationTick called with dtms=0; nothing to do (h=194.20241 v=-3000.0)
V/PanelView(  528): animationTick called with dtms=0; nothing to do (h=194.20241 v=-3000.0)
V/FlingTracker(  528): computeCurrentVelocity warning: totalweight=0
V/FlingTracker(  528): java.lang.Throwable
V/FlingTracker(  528): 	at com.android.systemui.statusbar.phone.PanelView$FlingTracker.computeCurrentVelocity(PanelView.java:162)
V/FlingTracker(  528): 	at com.android.systemui.statusbar.phone.PanelView$3.onTouch(PanelView.java:462)
V/FlingTracker(  528): 	at android.view.View.dispatchTouchEvent(View.java:7701)
V/FlingTracker(  528): 	at com.android.systemui.statusbar.phone.NotificationPanelView.onTouchEvent(NotificationPanelView.java:138)
V/FlingTracker(  528): 	at android.view.View.dispatchTouchEvent(View.java:7706)
V/FlingTracker(  528): 	at android.view.ViewGroup.dispatchTransformedTouchEvent(ViewGroup.java:2210)
V/FlingTracker(  528): 	at android.view.ViewGroup.dispatchTouchEvent(ViewGroup.java:1945)
V/FlingTracker(  528): 	at android.view.ViewGroup.dispatchTransformedTouchEvent(ViewGroup.java:2216)
V/FlingTracker(  528): 	at android.view.ViewGroup.dispatchTouchEvent(ViewGroup.java:1959)
V/FlingTracker(  528): 	at android.view.ViewGroup.dispatchTransformedTouchEvent(ViewGroup.java:2216)
V/FlingTracker(  528): 	at android.view.ViewGroup.dispatchTouchEvent(ViewGroup.java:1959)
V/FlingTracker(  528): 	at android.view.View.dispatchPointerEvent(View.java:7886)
V/FlingTracker(  528): 	at android.view.ViewRootImpl$ViewPostImeInputStage.processPointerEvent(ViewRootImpl.java:3978)
V/FlingTracker(  528): 	at android.view.ViewRootImpl$ViewPostImeInputStage.onProcess(ViewRootImpl.java:3857)
V/FlingTracker(  528): 	at android.view.ViewRootImpl$InputStage.deliver(ViewRootImpl.java:3423)
V/FlingTracker(  528): 	at android.view.ViewRootImpl$InputStage.onDeliverToNext(ViewRootImpl.java:3473)
V/FlingTracker(  528): 	at android.view.ViewRootImpl$InputStage.forward(ViewRootImpl.java:3442)
V/FlingTracker(  528): 	at android.view.ViewRootImpl$AsyncInputStage.forward(ViewRootImpl.java:3549)
V/FlingTracker(  528): 	at android.view.ViewRootImpl$InputStage.apply(ViewRootImpl.java:3450)
V/FlingTracker(  528): 	at android.view.ViewRootImpl$AsyncInputStage.apply(ViewRootImpl.java:3606)
V/FlingTracker(  528): 	at android.view.ViewRootImpl$InputStage.deliver(ViewRootImpl.java:3423)
V/FlingTracker(  528): 	at android.view.ViewRootImpl$InputStage.onDeliverToNext(ViewRootImpl.java:3473)
V/FlingTracker(  528): 	at android.view.ViewRootImpl$InputStage.forward(ViewRootImpl.java:3442)
V/FlingTracker(  528): 	at android.view.ViewRootImpl$InputStage.apply(ViewRootImpl.java:3450)
V/FlingTracker(  528): 	at android.view.ViewRootImpl$InputStage.deliver(ViewRootImpl.java:3423)
V/FlingTracker(  528): 	at android.view.ViewRootImpl.deliverInputEvent(ViewRootImpl.java:5626)
V/FlingTracker(  528): 	at android.view.ViewRootImpl.doProcessInputEvents(ViewRootImpl.java:5606)
V/FlingTracker(  528): 	at android.view.ViewRootImpl.enqueueInputEvent(ViewRootImpl.java:5577)
V/FlingTracker(  528): 	at android.view.ViewRootImpl$WindowInputEventReceiver.onInputEvent(ViewRootImpl.java:5706)
V/FlingTracker(  528): 	at android.view.InputEventReceiver.dispatchInputEvent(InputEventReceiver.java:185)
V/FlingTracker(  528): 	at android.os.MessageQueue.nativePollOnce(Native Method)
V/FlingTracker(  528): 	at android.os.MessageQueue.next(MessageQueue.java:138)
V/FlingTracker(  528): 	at android.os.Looper.loop(Looper.java:123)
V/FlingTracker(  528): 	at android.app.ActivityThread.main(ActivityThread.java:5019)
V/FlingTracker(  528): 	at java.lang.reflect.Method.invokeNative(Native Method)
V/FlingTracker(  528): 	at java.lang.reflect.Method.invoke(Method.java:515)
V/FlingTracker(  528): 	at com.android.internal.os.ZygoteInit$MethodAndArgsCaller.run(ZygoteInit.java:779)
V/FlingTracker(  528): 	at com.android.internal.os.ZygoteInit.main(ZygoteInit.java:595)
V/FlingTracker(  528): 	at dalvik.system.NativeStart.main(Native Method)
V/PanelView(  528): animationTick called with dtms=0; nothing to do (h=194.20241 v=0.0)
V/PanelView(  528): animationTick called with dtms=-2; nothing to do (h=194.20241 v=0.0)
W/InputEventReceiver( 1506): Attempted to finish an input event but the input event receiver has already been disposed.
W/ViewRootImpl( 1506): Dropping event due to no window focus: KeyEvent { action=ACTION_DOWN, keyCode=KEYCODE_DPAD_RIGHT, scanCode=0, metaState=0, flags=0x8, repeatCount=0, eventTime=1825566, downTime=1825566, deviceId=-1, source=0x101 }
W/EGL_emulation( 1506): eglSurfaceAttrib not implemented 3093 12436
W/ViewRootImpl( 1506): Dropping event due to no window focus: KeyEvent { action=ACTION_DOWN, keyCode=KEYCODE_CTRL_RIGHT, scanCode=0, metaState=0, flags=0x8, repeatCount=0, eventTime=1825569, downTime=1825569, deviceId=-1, source=0x101 }
W/InputMethodManagerService(  470): Window already focused, ignoring focus gain of: com.android.internal.view.IInputMethodClient$Stub$Proxy@4a9c14bc attribute=null, token = android.os.BinderProxy@4aee1b2c
I/ActivityManager(  470): START u0 {cmp=org.isoron.uhabits/.AboutActivity} from pid 1506
D/dalvikvm( 1506): GC_FOR_ALLOC freed 521K, 58% free 6541K/15388K, paused 5ms, total 6ms
I/dalvikvm-heap( 1506): Grow heap (frag case) to 8.471MB for 2108316-byte allocation
D/dalvikvm( 1506): GC_FOR_ALLOC freed 33K, 45% free 8567K/15388K, paused 5ms, total 5ms
D/dalvikvm( 1506): GC_CONCURRENT freed 29K, 45% free 8538K/15388K, paused 2ms+0ms, total 5ms
W/EGL_emulation( 1506): eglSurfaceAttrib not implemented 3093 12436
W/ViewRootImpl( 1506): Dropping event due to no window focus: KeyEvent { action=ACTION_DOWN, keyCode=KEYCODE_DPAD_DOWN, scanCode=0, metaState=0, flags=0x8, repeatCount=0, eventTime=1825702, downTime=1825702, deviceId=-1, source=0x101 }
W/ViewRootImpl( 1506): Dropping event due to no window focus: KeyEvent { action=ACTION_DOWN, keyCode=KEYCODE_MENU, scanCode=0, metaState=0, flags=0x8, repeatCount=0, eventTime=1825851, downTime=1825851, deviceId=-1, source=0x101 }
I/ActivityManager(  470): Displayed org.isoron.uhabits/.AboutActivity: +168ms
W/ContextImpl(  470): Calling a method in the system process without a qualified user: android.app.ContextImpl.sendBroadcast:1123 com.android.server.InputMethodManagerService.hideCurrentInputLocked:1880 com.android.server.InputMethodManagerService.windowGainedFocus:1968 com.android.internal.view.IInputMethodManager$Stub.onTransact:221 com.android.server.InputMethodManagerService.onTransact:818 
W/EGL_emulation(  528): eglSurfaceAttrib not implemented 3093 12436
I/ActivityManager(  470): START u0 {act=android.intent.action.MAIN cat=[android.intent.category.LAUNCHER] cmp=org.isoron.uhabits/.MainActivity} from pid 1506
W/EGL_emulation( 1506): eglSurfaceAttrib not implemented 3093 12436
