W/InputManager(  464): Input event injection from pid 18276 failed.
W/InputManager(  464): Input event injection from pid 18276 failed.
W/InputManager(  464): Input event injection from pid 18276 failed.
W/InputManager(  464): Input event injection from pid 18276 failed.
W/InputManager(  464): Input event injection from pid 18276 failed.
W/InputManager(  464): Input event injection from pid 18276 failed.
W/InputManager(  464): Input event injection from pid 18276 failed.
W/InputManager(  464): Input event injection from pid 18276 failed.
D/WebViewTimersControl(31805): onBrowserActivityResume
D/WebViewTimersControl(31805): Resuming webview timers, view=com.android.browser.BrowserWebView{4a81bb20 VFEDHVCL .F...... 0,0-720,1164}
I/InputDispatcher(  464): Dropping event because there is no focused window or focused application.
I/InputDispatcher(  464): Dropping event because there is no focused window or focused application.
W/InputManager(  464): Input event injection from pid 18276 failed.
W/InputManager(  464): Input event injection from pid 18276 failed.
I/InputDispatcher(  464): Dropping event because there is no focused window or focused application.
I/InputDispatcher(  464): Dropping event because there is no focused window or focused application.
I/InputDispatcher(  464): Dropping event because there is no focused window or focused application.
I/InputDispatcher(  464): Dropping event because there is no focused window or focused application.
I/InputDispatcher(  464): Dropping event because there is no focused window or focused application.
I/InputDispatcher(  464): Dropping event because there is no focused window or focused application.
W/InputManager(  464): Input event injection from pid 18276 failed.
W/InputManager(  464): Input event injection from pid 18276 failed.
W/InputManager(  464): Input event injection from pid 18276 failed.
W/InputManager(  464): Input event injection from pid 18276 failed.
W/InputManager(  464): Input event injection from pid 18276 failed.
W/InputManager(  464): Input event injection from pid 18276 failed.
W/InputManager(  464): Input event injection from pid 18276 failed.
V/PanelView(  532): animationTick called with dtms=0; nothing to do (h=0.0 v=0.0)
W/EGL_emulation(31805): eglSurfaceAttrib not implemented 3093 12436
W/ViewRootImpl(31805): Dropping event due to no window focus: MotionEvent { action=ACTION_MOVE, id[0]=0, x[0]=2.0, y[0]=2.0, toolType[0]=TOOL_TYPE_UNKNOWN, buttonState=0, metaState=0, flags=0x0, edgeFlags=0x0, pointerCount=1, historySize=1, eventTime=12748404, downTime=-1, deviceId=0, source=0x10004 }
W/ViewRootImpl(31805): Dropping event due to no window focus: KeyEvent { action=ACTION_DOWN, keyCode=KEYCODE_DPAD_LEFT, scanCode=0, metaState=0, flags=0x8, repeatCount=0, eventTime=12748423, downTime=12748423, deviceId=-1, source=0x101 }
W/InputMethodManagerService(  464): Window already focused, ignoring focus gain of: com.android.internal.view.IInputMethodClient$Stub$Proxy@4a935984 attribute=null, token = android.os.BinderProxy@4b19d894
I/ActivityManager(  464): START u0 {act=android.intent.action.MAIN cat=[android.intent.category.LAUNCHER] flg=0x10200000 cmp=com.nextmd.nextgenpp/.MainActivity} from pid 18276
D/WebViewTimersControl(31805): onBrowserActivityPause
D/WebViewTimersControl(31805): Pausing webview timers, view=com.android.browser.BrowserWebView{4a81bb20 VFEDHVCL .F...... 0,0-720,1164}
D/dalvikvm(  168): GC_EXPLICIT freed 38K, 4% free 2787K/2884K, paused 0ms+0ms, total 3ms
D/dalvikvm(  168): GC_EXPLICIT freed <1K, 4% free 2787K/2884K, paused 1ms+0ms, total 6ms
D/dalvikvm(  168): GC_EXPLICIT freed <1K, 4% free 2787K/2884K, paused 1ms+0ms, total 3ms
I/ActivityManager(  464): Start proc com.nextmd.nextgenpp for activity com.nextmd.nextgenpp/.MainActivity: pid=18640 uid=10142 gids={50142, 3003}
W/NetworkManagementSocketTagger(  464): setKernelCountSet(10142, 1) failed with errno -13
W/ViewRootImpl(31805): Dropping event due to no window focus: KeyEvent { action=ACTION_MULTIPLE, keyCode=KEYCODE_DPAD_LEFT, scanCode=0, metaState=0, flags=0x400, repeatCount=4, eventTime=12748898, downTime=12748898, deviceId=-1, source=0x101 }
W/ViewRootImpl(31805): Dropping event due to no window focus: KeyEvent { action=ACTION_DOWN, keyCode=KEYCODE_DPAD_LEFT, scanCode=0, metaState=0, flags=0x400, repeatCount=0, eventTime=12748898, downTime=12748898, deviceId=-1, source=0x101 }
W/ViewRootImpl(31805): Dropping event due to no window focus: KeyEvent { action=ACTION_DOWN, keyCode=KEYCODE_DPAD_LEFT, scanCode=0, metaState=0, flags=0x400, repeatCount=0, eventTime=12748898, downTime=12748898, deviceId=-1, source=0x101 }
W/ViewRootImpl(31805): Dropping event due to no window focus: KeyEvent { action=ACTION_DOWN, keyCode=KEYCODE_DPAD_LEFT, scanCode=0, metaState=0, flags=0x400, repeatCount=0, eventTime=12748898, downTime=12748898, deviceId=-1, source=0x101 }
W/ViewRootImpl(31805): Dropping event due to no window focus: KeyEvent { action=ACTION_DOWN, keyCode=KEYCODE_DPAD_LEFT, scanCode=0, metaState=0, flags=0x400, repeatCount=0, eventTime=12748898, downTime=12748898, deviceId=-1, source=0x101 }
I/dalvikvm(18640): ignoring registerObject request in thread=1
I/dalvikvm(18640): ignoring registerObject request in thread=1
W/dalvikvm(18640): VFY: unable to find class referenced in signature (Landroid/view/SearchEvent;)
I/dalvikvm(18640): Could not find method android.view.Window$Callback.onSearchRequested, referenced from method android.support.v7.view.WindowCallbackWrapper.onSearchRequested
W/dalvikvm(18640): VFY: unable to resolve interface method 15849: Landroid/view/Window$Callback;.onSearchRequested (Landroid/view/SearchEvent;)Z
D/dalvikvm(18640): VFY: replacing opcode 0x72 at 0x0002
I/dalvikvm(18640): Could not find method android.view.Window$Callback.onWindowStartingActionMode, referenced from method android.support.v7.view.WindowCallbackWrapper.onWindowStartingActionMode
W/dalvikvm(18640): VFY: unable to resolve interface method 15853: Landroid/view/Window$Callback;.onWindowStartingActionMode (Landroid/view/ActionMode$Callback;I)Landroid/view/ActionMode;
D/dalvikvm(18640): VFY: replacing opcode 0x72 at 0x0002
I/ActivityManager(  464): START u0 {act=android.intent.action.VIEW dat=https://nextmd.com cmp=com.android.browser/.BrowserActivity} from pid 18640
I/AndroidRuntime(18640): VM exiting with result code 0, cleanup skipped.
W/NetworkManagementSocketTagger(  464): setKernelCountSet(10142, 0) failed with errno -13
I/ActivityManager(  464): Process com.nextmd.nextgenpp (pid 18640) has died.
I/ActivityManager(  464): Start proc com.nextmd.nextgenpp for activity com.nextmd.nextgenpp/.MainActivity: pid=18652 uid=10142 gids={50142, 3003}
W/NetworkManagementSocketTagger(  464): setKernelCountSet(10142, 1) failed with errno -13
I/dalvikvm(18652): ignoring registerObject request in thread=1
I/dalvikvm(18652): ignoring registerObject request in thread=1
W/dalvikvm(18652): VFY: unable to find class referenced in signature (Landroid/view/SearchEvent;)
I/dalvikvm(18652): Could not find method android.view.Window$Callback.onSearchRequested, referenced from method android.support.v7.view.WindowCallbackWrapper.onSearchRequested
W/dalvikvm(18652): VFY: unable to resolve interface method 15849: Landroid/view/Window$Callback;.onSearchRequested (Landroid/view/SearchEvent;)Z
D/dalvikvm(18652): VFY: replacing opcode 0x72 at 0x0002
I/dalvikvm(18652): Could not find method android.view.Window$Callback.onWindowStartingActionMode, referenced from method android.support.v7.view.WindowCallbackWrapper.onWindowStartingActionMode
W/dalvikvm(18652): VFY: unable to resolve interface method 15853: Landroid/view/Window$Callback;.onWindowStartingActionMode (Landroid/view/ActionMode$Callback;I)Landroid/view/ActionMode;
D/dalvikvm(18652): VFY: replacing opcode 0x72 at 0x0002
I/AndroidRuntime(18652): VM exiting with result code 0, cleanup skipped.
W/NetworkManagementSocketTagger(  464): setKernelCountSet(10142, 0) failed with errno -13
I/ActivityManager(  464): START u0 {act=android.intent.action.VIEW dat=https://nextmd.com cmp=com.android.browser/.BrowserActivity} from pid 18652
I/ActivityManager(  464): Process com.nextmd.nextgenpp (pid 18652) has died.
I/ActivityManager(  464): Start proc com.nextmd.nextgenpp for activity com.nextmd.nextgenpp/.MainActivity: pid=18664 uid=10142 gids={50142, 3003}
W/NetworkManagementSocketTagger(  464): setKernelCountSet(10142, 1) failed with errno -13
I/dalvikvm(18664): ignoring registerObject request in thread=1
I/dalvikvm(18664): ignoring registerObject request in thread=1
W/dalvikvm(18664): VFY: unable to find class referenced in signature (Landroid/view/SearchEvent;)
I/dalvikvm(18664): Could not find method android.view.Window$Callback.onSearchRequested, referenced from method android.support.v7.view.WindowCallbackWrapper.onSearchRequested
W/dalvikvm(18664): VFY: unable to resolve interface method 15849: Landroid/view/Window$Callback;.onSearchRequested (Landroid/view/SearchEvent;)Z
D/dalvikvm(18664): VFY: replacing opcode 0x72 at 0x0002
I/dalvikvm(18664): Could not find method android.view.Window$Callback.onWindowStartingActionMode, referenced from method android.support.v7.view.WindowCallbackWrapper.onWindowStartingActionMode
W/dalvikvm(18664): VFY: unable to resolve interface method 15853: Landroid/view/Window$Callback;.onWindowStartingActionMode (Landroid/view/ActionMode$Callback;I)Landroid/view/ActionMode;
D/dalvikvm(18664): VFY: replacing opcode 0x72 at 0x0002
I/AndroidRuntime(18664): VM exiting with result code 0, cleanup skipped.
I/ActivityManager(  464): START u0 {act=android.intent.action.VIEW dat=https://nextmd.com cmp=com.android.browser/.BrowserActivity} from pid 18664
I/InputDispatcher(  464): Dropping event because there is no focused window or focused application.
W/NetworkManagementSocketTagger(  464): setKernelCountSet(10142, 0) failed with errno -13
I/InputDispatcher(  464): Dropping event because there is no focused window or focused application.
I/InputDispatcher(  464): Dropping event because there is no focused window or focused application.
I/InputDispatcher(  464): Dropping event because there is no focused window or focused application.
I/ActivityManager(  464): Process com.nextmd.nextgenpp (pid 18664) has died.
W/ActivityManager(  464): Force removing ActivityRecord{4a9efecc u0 com.nextmd.nextgenpp/.MainActivity t364}: app died, no saved state
W/InputManager(  464): Input event injection from pid 18276 failed.
W/InputManager(  464): Input event injection from pid 18276 failed.
W/InputManager(  464): Input event injection from pid 18276 failed.
W/InputManager(  464): Input event injection from pid 18276 failed.
I/InputDispatcher(  464): Dropping event because there is no focused window or focused application.
I/InputDispatcher(  464): Dropping event because there is no focused window or focused application.
I/InputDispatcher(  464): Dropping event because there is no focused window or focused application.
I/InputDispatcher(  464): Dropping event because there is no focused window or focused application.
I/InputDispatcher(  464): Dropping event because there is no focused window or focused application.
I/InputDispatcher(  464): Dropping event because there is no focused window or focused application.
W/InputManager(  464): Input event injection from pid 18276 failed.
W/InputManager(  464): Input event injection from pid 18276 failed.
W/InputManager(  464): Input event injection from pid 18276 failed.
W/InputManager(  464): Input event injection from pid 18276 failed.
W/InputManager(  464): Input event injection from pid 18276 failed.
W/InputManager(  464): Input event injection from pid 18276 failed.
I/InputDispatcher(  464): Dropping event because there is no focused window or focused application.
V/PanelView(  532): animationTick called with dtms=0; nothing to do (h=0.0 v=0.0)
W/InputManager(  464): Input event injection from pid 18276 failed.
W/EGL_emulation(31805): eglSurfaceAttrib not implemented 3093 12436
D/WebViewTimersControl(31805): onBrowserActivityResume
D/WebViewTimersControl(31805): Resuming webview timers, view=com.android.browser.BrowserWebView{4a81bb20 VFEDHVCL ......ID 0,0-720,1164}
W/ViewRootImpl(31805): Dropping event due to no window focus: KeyEvent { action=ACTION_DOWN, keyCode=KEYCODE_DPAD_DOWN, scanCode=0, metaState=0, flags=0x8, repeatCount=0, eventTime=12749726, downTime=12749726, deviceId=-1, source=0x101 }
I/Choreographer(31805): Skipped 31 frames!  The application may be doing too much work on its main thread.
W/UnimplementedWebViewApi(31805): Unimplemented WebView method onKeyDown called from: android.webkit.WebView.onKeyDown(WebView.java:2169)
W/InputMethodManagerService(  464): Window already focused, ignoring focus gain of: com.android.internal.view.IInputMethodClient$Stub$Proxy@4aa04ba8 attribute=null, token = android.os.BinderProxy@4b19d894
W/ViewRootImpl(31805): Dropping event due to no window focus: MotionEvent { action=ACTION_MOVE, id[0]=0, x[0]=-1.0, y[0]=3.0, toolType[0]=TOOL_TYPE_UNKNOWN, buttonState=0, metaState=0, flags=0x0, edgeFlags=0x0, pointerCount=1, historySize=4, eventTime=12750306, downTime=-1, deviceId=0, source=0x10004 }
W/ViewRootImpl(31805): Dropping event due to no window focus: MotionEvent { action=ACTION_DOWN, id[0]=0, x[0]=0.0, y[0]=0.0, toolType[0]=TOOL_TYPE_UNKNOWN, buttonState=0, metaState=0, flags=0x0, edgeFlags=0x0, pointerCount=1, historySize=0, eventTime=12750307, downTime=12750293, deviceId=0, source=0x10004 }
W/ViewRootImpl(31805): Dropping event due to no window focus: KeyEvent { action=ACTION_DOWN, keyCode=KEYCODE_DPAD_CENTER, scanCode=0, metaState=0, flags=0x8, repeatCount=0, eventTime=12750321, downTime=12750321, deviceId=-1, source=0x101 }
W/EGL_emulation(31805): eglSurfaceAttrib not implemented 3093 12436
W/ViewRootImpl(31805): Dropping event due to no window focus: KeyEvent { action=ACTION_DOWN, keyCode=KEYCODE_CALL, scanCode=0, metaState=0, flags=0x8, repeatCount=0, eventTime=12750329, downTime=12750329, deviceId=-1, source=0x101 }
I/Choreographer(31805): Skipped 32 frames!  The application may be doing too much work on its main thread.
D/dalvikvm(31805): GC_FOR_ALLOC freed 1959K, 26% free 8453K/11336K, paused 5ms, total 6ms
W/UnimplementedWebViewApi(31805): Unimplemented WebView method onKeyDown called from: android.webkit.WebView.onKeyDown(WebView.java:2169)
W/ViewRootImpl(31805): Dropping event due to no window focus: KeyEvent { action=ACTION_DOWN, keyCode=KEYCODE_DPAD_DOWN, scanCode=0, metaState=0, flags=0x8, repeatCount=0, eventTime=12751015, downTime=12751015, deviceId=-1, source=0x101 }
W/ViewRootImpl(31805): Dropping event due to no window focus: KeyEvent { action=ACTION_DOWN, keyCode=KEYCODE_NUMPAD_LEFT_PAREN, scanCode=0, metaState=0, flags=0x8, repeatCount=0, eventTime=12751025, downTime=12751025, deviceId=-1, source=0x101 }
W/ViewRootImpl(31805): Dropping event due to no window focus: KeyEvent { action=ACTION_DOWN, keyCode=KEYCODE_DVR, scanCode=0, metaState=0, flags=0x8, repeatCount=0, eventTime=12751037, downTime=12751037, deviceId=-1, source=0x101 }
W/EGL_emulation(31805): eglSurfaceAttrib not implemented 3093 12436
W/ViewRootImpl(31805): Dropping event due to no window focus: KeyEvent { action=ACTION_DOWN, keyCode=KEYCODE_DPAD_RIGHT, scanCode=0, metaState=0, flags=0x8, repeatCount=0, eventTime=12751039, downTime=12751039, deviceId=-1, source=0x101 }
W/ViewRootImpl(31805): Dropping event due to no window focus: KeyEvent { action=ACTION_DOWN, keyCode=KEYCODE_DPAD_RIGHT, scanCode=0, metaState=0, flags=0x8, repeatCount=0, eventTime=12751346, downTime=12751346, deviceId=-1, source=0x101 }
W/ViewRootImpl(31805): Dropping event due to no window focus: KeyEvent { action=ACTION_DOWN, keyCode=KEYCODE_MENU, scanCode=0, metaState=0, flags=0x8, repeatCount=0, eventTime=12751350, downTime=12751350, deviceId=-1, source=0x101 }
W/ViewRootImpl(31805): Dropping event due to no window focus: KeyEvent { action=ACTION_DOWN, keyCode=KEYCODE_DPAD_UP, scanCode=0, metaState=0, flags=0x8, repeatCount=0, eventTime=12751380, downTime=12751380, deviceId=-1, source=0x101 }
W/InputMethodManagerService(  464): Window already focused, ignoring focus gain of: com.android.internal.view.IInputMethodClient$Stub$Proxy@4acd5ef4 attribute=null, token = android.os.BinderProxy@4b19d894
W/ViewRootImpl(31805): Dropping event due to no window focus: KeyEvent { action=ACTION_DOWN, keyCode=KEYCODE_DPAD_RIGHT, scanCode=0, metaState=0, flags=0x8, repeatCount=0, eventTime=12751398, downTime=12751398, deviceId=-1, source=0x101 }
D/dalvikvm(31805): GC_FOR_ALLOC freed 938K, 24% free 8640K/11336K, paused 3ms, total 3ms
I/ActivityManager(  464): START u0 {act=android.intent.action.MAIN cat=[android.intent.category.HOME] flg=0x10200000 cmp=com.vphone.launcher/.Launcher} from pid 464
D/dalvikvm(  464): GC_CONCURRENT freed 2870K, 55% free 15091K/33316K, paused 2ms+2ms, total 31ms
W/ViewRootImpl(31805): Dropping event due to no window focus: KeyEvent { action=ACTION_DOWN, keyCode=KEYCODE_MENU, scanCode=0, metaState=0, flags=0x8, repeatCount=0, eventTime=12751825, downTime=12751825, deviceId=-1, source=0x101 }
W/InputMethodManagerService(  464): Window already focused, ignoring focus gain of: com.android.internal.view.IInputMethodClient$Stub$Proxy@4b0259b8 attribute=null, token = android.os.BinderProxy@4b19d894
I/InputDispatcher(  464): Dropped event because of pending overdue app switch.
W/InputManager(  464): Input event injection from pid 18276 failed.
V/PanelView(  532): animationTick called with dtms=0; nothing to do (h=0.0 v=-0.0)
I/ActivityManager(  464): START u0 {act=android.intent.action.MAIN cat=[android.intent.category.LAUNCHER] flg=0x10200000 cmp=com.nextmd.nextgenpp/.MainActivity} from pid 18276
D/WebViewTimersControl(31805): onBrowserActivityPause
D/WebViewTimersControl(31805): Pausing webview timers, view=com.android.browser.BrowserWebView{4a81bb20 VFEDHVCL ......I. 0,0-720,1164}
I/ActivityManager(  464): Start proc com.nextmd.nextgenpp for activity com.nextmd.nextgenpp/.MainActivity: pid=18680 uid=10142 gids={50142, 3003}
W/ContextImpl(  464): Calling a method in the system process without a qualified user: android.app.ContextImpl.sendBroadcast:1123 com.android.server.InputMethodManagerService.hideCurrentInputLocked:1880 com.android.server.InputMethodManagerService.hideSoftInput:1843 com.android.internal.view.IInputMethodManager$Stub.onTransact:194 com.android.server.InputMethodManagerService.onTransact:818 
W/NetworkManagementSocketTagger(  464): setKernelCountSet(10142, 1) failed with errno -13
I/dalvikvm(18680): ignoring registerObject request in thread=1
I/dalvikvm(18680): ignoring registerObject request in thread=1
W/dalvikvm(18680): VFY: unable to find class referenced in signature (Landroid/view/SearchEvent;)
I/dalvikvm(18680): Could not find method android.view.Window$Callback.onSearchRequested, referenced from method android.support.v7.view.WindowCallbackWrapper.onSearchRequested
W/dalvikvm(18680): VFY: unable to resolve interface method 15849: Landroid/view/Window$Callback;.onSearchRequested (Landroid/view/SearchEvent;)Z
D/dalvikvm(18680): VFY: replacing opcode 0x72 at 0x0002
I/dalvikvm(18680): Could not find method android.view.Window$Callback.onWindowStartingActionMode, referenced from method android.support.v7.view.WindowCallbackWrapper.onWindowStartingActionMode
W/dalvikvm(18680): VFY: unable to resolve interface method 15853: Landroid/view/Window$Callback;.onWindowStartingActionMode (Landroid/view/ActionMode$Callback;I)Landroid/view/ActionMode;
D/dalvikvm(18680): VFY: replacing opcode 0x72 at 0x0002
I/ActivityManager(  464): START u0 {act=android.intent.action.VIEW dat=https://nextmd.com cmp=com.android.browser/.BrowserActivity} from pid 18680
I/AndroidRuntime(18680): VM exiting with result code 0, cleanup skipped.
I/ActivityManager(  464): Process com.nextmd.nextgenpp (pid 18680) has died.
W/NetworkManagementSocketTagger(  464): setKernelCountSet(10142, 0) failed with errno -13
I/ActivityManager(  464): Start proc com.nextmd.nextgenpp for activity com.nextmd.nextgenpp/.MainActivity: pid=18693 uid=10142 gids={50142, 3003}
W/NetworkManagementSocketTagger(  464): setKernelCountSet(10142, 1) failed with errno -13
I/dalvikvm(18693): ignoring registerObject request in thread=1
I/dalvikvm(18693): ignoring registerObject request in thread=1
W/dalvikvm(18693): VFY: unable to find class referenced in signature (Landroid/view/SearchEvent;)
I/dalvikvm(18693): Could not find method android.view.Window$Callback.onSearchRequested, referenced from method android.support.v7.view.WindowCallbackWrapper.onSearchRequested
W/dalvikvm(18693): VFY: unable to resolve interface method 15849: Landroid/view/Window$Callback;.onSearchRequested (Landroid/view/SearchEvent;)Z
D/dalvikvm(18693): VFY: replacing opcode 0x72 at 0x0002
I/dalvikvm(18693): Could not find method android.view.Window$Callback.onWindowStartingActionMode, referenced from method android.support.v7.view.WindowCallbackWrapper.onWindowStartingActionMode
W/dalvikvm(18693): VFY: unable to resolve interface method 15853: Landroid/view/Window$Callback;.onWindowStartingActionMode (Landroid/view/ActionMode$Callback;I)Landroid/view/ActionMode;
D/dalvikvm(18693): VFY: replacing opcode 0x72 at 0x0002
I/AndroidRuntime(18693): VM exiting with result code 0, cleanup skipped.
I/ActivityManager(  464): START u0 {act=android.intent.action.VIEW dat=https://nextmd.com cmp=com.android.browser/.BrowserActivity} from pid 18693
W/NetworkManagementSocketTagger(  464): setKernelCountSet(10142, 0) failed with errno -13
I/ActivityManager(  464): Process com.nextmd.nextgenpp (pid 18693) has died.
W/NetworkManagementSocketTagger(  464): setKernelCountSet(10142, 1) failed with errno -13
I/dalvikvm(18705): ignoring registerObject request in thread=1
I/ActivityManager(  464): Start proc com.nextmd.nextgenpp for activity com.nextmd.nextgenpp/.MainActivity: pid=18705 uid=10142 gids={50142, 3003}
I/dalvikvm(18705): ignoring registerObject request in thread=1
W/dalvikvm(18705): VFY: unable to find class referenced in signature (Landroid/view/SearchEvent;)
I/dalvikvm(18705): Could not find method android.view.Window$Callback.onSearchRequested, referenced from method android.support.v7.view.WindowCallbackWrapper.onSearchRequested
W/dalvikvm(18705): VFY: unable to resolve interface method 15849: Landroid/view/Window$Callback;.onSearchRequested (Landroid/view/SearchEvent;)Z
D/dalvikvm(18705): VFY: replacing opcode 0x72 at 0x0002
I/dalvikvm(18705): Could not find method android.view.Window$Callback.onWindowStartingActionMode, referenced from method android.support.v7.view.WindowCallbackWrapper.onWindowStartingActionMode
W/dalvikvm(18705): VFY: unable to resolve interface method 15853: Landroid/view/Window$Callback;.onWindowStartingActionMode (Landroid/view/ActionMode$Callback;I)Landroid/view/ActionMode;
D/dalvikvm(18705): VFY: replacing opcode 0x72 at 0x0002
I/AndroidRuntime(18705): VM exiting with result code 0, cleanup skipped.
I/ActivityManager(  464): START u0 {act=android.intent.action.VIEW dat=https://nextmd.com cmp=com.android.browser/.BrowserActivity} from pid 18705
W/NetworkManagementSocketTagger(  464): setKernelCountSet(10142, 0) failed with errno -13
D/WebViewTimersControl(31805): onBrowserActivityResume
D/WebViewTimersControl(31805): Resuming webview timers, view=com.android.browser.BrowserWebView{4a81bb20 VFEDHVCL .F....ID 0,0-720,1164}
I/InputDispatcher(  464): Dropping event because there is no focused window or focused application.
I/InputDispatcher(  464): Dropping event because there is no focused window or focused application.
I/ActivityManager(  464): Process com.nextmd.nextgenpp (pid 18705) has died.
W/ActivityManager(  464): Force removing ActivityRecord{4aa0f0f4 u0 com.nextmd.nextgenpp/.MainActivity t365}: app died, no saved state
W/InputManager(  464): Input event injection from pid 18276 failed.
W/InputManager(  464): Input event injection from pid 18276 failed.
W/InputManager(  464): Input event injection from pid 18276 failed.
W/InputManager(  464): Input event injection from pid 18276 failed.
W/InputManager(  464): Input event injection from pid 18276 failed.
W/InputManager(  464): Input event injection from pid 18276 failed.
W/InputManager(  464): Input event injection from pid 18276 failed.
W/InputManager(  464): Input event injection from pid 18276 failed.
W/InputManager(  464): Input event injection from pid 18276 failed.
W/InputManager(  464): Input event injection from pid 18276 failed.
W/InputManager(  464): Input event injection from pid 18276 failed.
I/InputDispatcher(  464): Dropping event because there is no focused window or focused application.
W/InputManager(  464): Input event injection from pid 18276 failed.
W/InputManager(  464): Input event injection from pid 18276 failed.
W/InputManager(  464): Input event injection from pid 18276 failed.
W/InputManager(  464): Input event injection from pid 18276 failed.
I/InputDispatcher(  464): Dropping event because there is no focused window or focused application.
I/InputDispatcher(  464): Dropping event because there is no focused window or focused application.
I/InputDispatcher(  464): Dropping event because there is no focused window or focused application.
I/InputDispatcher(  464): Dropping event because there is no focused window or focused application.
I/InputDispatcher(  464): Dropping event because there is no focused window or focused application.
W/InputManager(  464): Input event injection from pid 18276 failed.
W/InputManager(  464): Input event injection from pid 18276 failed.
W/InputManager(  464): Input event injection from pid 18276 failed.
W/InputManager(  464): Input event injection from pid 18276 failed.
W/InputManager(  464): Input event injection from pid 18276 failed.
I/InputDispatcher(  464): Dropping event because there is no focused window or focused application.
W/InputManager(  464): Input event injection from pid 18276 failed.
W/InputManager(  464): Input event injection from pid 18276 failed.
W/InputManager(  464): Input event injection from pid 18276 failed.
W/InputMethodManagerService(  464): Starting input on non-focused client com.android.internal.view.IInputMethodClient$Stub$Proxy@4b19d7a8 (uid=10017 pid=31805)
I/InputDispatcher(  464): Dropping event because there is no focused window or focused application.
I/InputDispatcher(  464): Dropping event because there is no focused window or focused application.
W/InputManager(  464): Input event injection from pid 18276 failed.
W/InputManager(  464): Input event injection from pid 18276 failed.
W/EGL_emulation(31805): eglSurfaceAttrib not implemented 3093 12436
I/SnapScrollController(31805): setSnapScrollingMode case-default no-op
I/SnapScrollController(31805): setSnapScrollingMode case-default no-op
W/ViewRootImpl(31805): Dropping event due to no window focus: MotionEvent { action=ACTION_MOVE, id[0]=0, x[0]=-1.0, y[0]=0.0, toolType[0]=TOOL_TYPE_UNKNOWN, buttonState=0, metaState=0, flags=0x0, edgeFlags=0x0, pointerCount=1, historySize=10, eventTime=12752909, downTime=-1, deviceId=0, source=0x10004 }
I/ActivityManager(  464): START u0 {act=android.intent.action.MAIN cat=[android.intent.category.LAUNCHER] flg=0x10200000 cmp=com.nextmd.nextgenpp/.MainActivity} from pid 18276
D/WebViewTimersControl(31805): onBrowserActivityPause
D/WebViewTimersControl(31805): Pausing webview timers, view=com.android.browser.BrowserWebView{4a81bb20 VFEDHVCL .F...... 0,0-720,1164}
W/InputMethodManagerService(  464): Window already focused, ignoring focus gain of: com.android.internal.view.IInputMethodClient$Stub$Proxy@4ab90294 attribute=android.view.inputmethod.EditorInfo@4ae57e14, token = android.os.BinderProxy@4b19d894
I/ActivityManager(  464): Start proc com.nextmd.nextgenpp for activity com.nextmd.nextgenpp/.MainActivity: pid=18717 uid=10142 gids={50142, 3003}
W/NetworkManagementSocketTagger(  464): setKernelCountSet(10142, 1) failed with errno -13
I/dalvikvm(18717): ignoring registerObject request in thread=1
I/dalvikvm(18717): ignoring registerObject request in thread=1
W/dalvikvm(18717): VFY: unable to find class referenced in signature (Landroid/view/SearchEvent;)
I/dalvikvm(18717): Could not find method android.view.Window$Callback.onSearchRequested, referenced from method android.support.v7.view.WindowCallbackWrapper.onSearchRequested
W/dalvikvm(18717): VFY: unable to resolve interface method 15849: Landroid/view/Window$Callback;.onSearchRequested (Landroid/view/SearchEvent;)Z
D/dalvikvm(18717): VFY: replacing opcode 0x72 at 0x0002
I/dalvikvm(18717): Could not find method android.view.Window$Callback.onWindowStartingActionMode, referenced from method android.support.v7.view.WindowCallbackWrapper.onWindowStartingActionMode
W/dalvikvm(18717): VFY: unable to resolve interface method 15853: Landroid/view/Window$Callback;.onWindowStartingActionMode (Landroid/view/ActionMode$Callback;I)Landroid/view/ActionMode;
D/dalvikvm(18717): VFY: replacing opcode 0x72 at 0x0002
W/ViewRootImpl(31805): Dropping event due to no window focus: KeyEvent { action=ACTION_DOWN, keyCode=KEYCODE_DPAD_UP, scanCode=0, metaState=0, flags=0x400, repeatCount=0, eventTime=12753214, downTime=12753214, deviceId=-1, source=0x101 }
W/ViewRootImpl(31805): Dropping event due to no window focus: KeyEvent { action=ACTION_DOWN, keyCode=KEYCODE_DPAD_UP, scanCode=0, metaState=0, flags=0x400, repeatCount=0, eventTime=12753214, downTime=12753214, deviceId=-1, source=0x101 }
W/ViewRootImpl(31805): Dropping event due to no window focus: KeyEvent { action=ACTION_DOWN, keyCode=KEYCODE_DPAD_UP, scanCode=0, metaState=0, flags=0x400, repeatCount=0, eventTime=12753214, downTime=12753214, deviceId=-1, source=0x101 }
W/ViewRootImpl(31805): Dropping event due to no window focus: KeyEvent { action=ACTION_DOWN, keyCode=KEYCODE_DPAD_UP, scanCode=0, metaState=0, flags=0x400, repeatCount=0, eventTime=12753214, downTime=12753214, deviceId=-1, source=0x101 }
I/ActivityManager(  464): START u0 {act=android.intent.action.VIEW dat=https://nextmd.com cmp=com.android.browser/.BrowserActivity} from pid 18717
I/AndroidRuntime(18717): VM exiting with result code 0, cleanup skipped.
W/NetworkManagementSocketTagger(  464): setKernelCountSet(10142, 0) failed with errno -13
I/ActivityManager(  464): Process com.nextmd.nextgenpp (pid 18717) has died.
I/ActivityManager(  464): Start proc com.nextmd.nextgenpp for activity com.nextmd.nextgenpp/.MainActivity: pid=18729 uid=10142 gids={50142, 3003}
W/NetworkManagementSocketTagger(  464): setKernelCountSet(10142, 1) failed with errno -13
W/NetworkManagementSocketTagger(  464): setKernelCountSet(10017, 0) failed with errno -13
I/dalvikvm(18729): ignoring registerObject request in thread=1
I/dalvikvm(18729): ignoring registerObject request in thread=1
W/dalvikvm(18729): VFY: unable to find class referenced in signature (Landroid/view/SearchEvent;)
I/dalvikvm(18729): Could not find method android.view.Window$Callback.onSearchRequested, referenced from method android.support.v7.view.WindowCallbackWrapper.onSearchRequested
W/dalvikvm(18729): VFY: unable to resolve interface method 15849: Landroid/view/Window$Callback;.onSearchRequested (Landroid/view/SearchEvent;)Z
D/dalvikvm(18729): VFY: replacing opcode 0x72 at 0x0002
I/dalvikvm(18729): Could not find method android.view.Window$Callback.onWindowStartingActionMode, referenced from method android.support.v7.view.WindowCallbackWrapper.onWindowStartingActionMode
W/dalvikvm(18729): VFY: unable to resolve interface method 15853: Landroid/view/Window$Callback;.onWindowStartingActionMode (Landroid/view/ActionMode$Callback;I)Landroid/view/ActionMode;
D/dalvikvm(18729): VFY: replacing opcode 0x72 at 0x0002
I/AndroidRuntime(18729): VM exiting with result code 0, cleanup skipped.
I/ActivityManager(  464): START u0 {act=android.intent.action.VIEW dat=https://nextmd.com cmp=com.android.browser/.BrowserActivity} from pid 18729
W/NetworkManagementSocketTagger(  464): setKernelCountSet(10142, 0) failed with errno -13
I/ActivityManager(  464): Process com.nextmd.nextgenpp (pid 18729) has died.
I/ActivityManager(  464): Start proc com.nextmd.nextgenpp for activity com.nextmd.nextgenpp/.MainActivity: pid=18741 uid=10142 gids={50142, 3003}
W/NetworkManagementSocketTagger(  464): setKernelCountSet(10142, 1) failed with errno -13
I/dalvikvm(18741): ignoring registerObject request in thread=1
I/dalvikvm(18741): ignoring registerObject request in thread=1
W/dalvikvm(18741): VFY: unable to find class referenced in signature (Landroid/view/SearchEvent;)
I/dalvikvm(18741): Could not find method android.view.Window$Callback.onSearchRequested, referenced from method android.support.v7.view.WindowCallbackWrapper.onSearchRequested
W/dalvikvm(18741): VFY: unable to resolve interface method 15849: Landroid/view/Window$Callback;.onSearchRequested (Landroid/view/SearchEvent;)Z
D/dalvikvm(18741): VFY: replacing opcode 0x72 at 0x0002
I/dalvikvm(18741): Could not find method android.view.Window$Callback.onWindowStartingActionMode, referenced from method android.support.v7.view.WindowCallbackWrapper.onWindowStartingActionMode
W/dalvikvm(18741): VFY: unable to resolve interface method 15853: Landroid/view/Window$Callback;.onWindowStartingActionMode (Landroid/view/ActionMode$Callback;I)Landroid/view/ActionMode;
D/dalvikvm(18741): VFY: replacing opcode 0x72 at 0x0002
I/AndroidRuntime(18741): VM exiting with result code 0, cleanup skipped.
I/ActivityManager(  464): START u0 {act=android.intent.action.VIEW dat=https://nextmd.com cmp=com.android.browser/.BrowserActivity} from pid 18741
W/NetworkManagementSocketTagger(  464): setKernelCountSet(10142, 0) failed with errno -13
I/InputDispatcher(  464): Dropping event because there is no focused window or focused application.
I/InputDispatcher(  464): Dropping event because there is no focused window or focused application.
W/NetworkManagementSocketTagger(  464): setKernelCountSet(10017, 1) failed with errno -13
I/InputDispatcher(  464): Dropping event because there is no focused window or focused application.
I/ActivityManager(  464): Process com.nextmd.nextgenpp (pid 18741) has died.
W/ActivityManager(  464): Force removing ActivityRecord{4aa317e0 u0 com.nextmd.nextgenpp/.MainActivity t366}: app died, no saved state
W/InputManager(  464): Input event injection from pid 18276 failed.
W/InputManager(  464): Input event injection from pid 18276 failed.
W/InputManager(  464): Input event injection from pid 18276 failed.
I/InputDispatcher(  464): Dropping event because there is no focused window or focused application.
I/InputDispatcher(  464): Dropping event because there is no focused window or focused application.
I/InputDispatcher(  464): Dropping event because there is no focused window or focused application.
I/InputDispatcher(  464): Dropping event because there is no focused window or focused application.
I/InputDispatcher(  464): Dropping event because there is no focused window or focused application.
I/InputDispatcher(  464): Dropping event because there is no focused window or focused application.
W/InputManager(  464): Input event injection from pid 18276 failed.
W/InputManager(  464): Input event injection from pid 18276 failed.
W/InputManager(  464): Input event injection from pid 18276 failed.
W/InputManager(  464): Input event injection from pid 18276 failed.
W/InputManager(  464): Input event injection from pid 18276 failed.
D/WebViewTimersControl(31805): onBrowserActivityResume
D/WebViewTimersControl(31805): Resuming webview timers, view=com.android.browser.BrowserWebView{4a81bb20 VFEDHVCL .F....ID 0,0-720,1164}
I/InputDispatcher(  464): Dropping event because there is no focused window or focused application.
I/InputDispatcher(  464): Dropping event because there is no focused window or focused application.
I/InputDispatcher(  464): Dropping event because there is no focused window or focused application.
W/InputManager(  464): Input event injection from pid 18276 failed.
W/InputManager(  464): Input event injection from pid 18276 failed.
W/InputManager(  464): Input event injection from pid 18276 failed.
W/InputManager(  464): Input event injection from pid 18276 failed.
I/InputDispatcher(  464): Dropping event because there is no focused window or focused application.
I/InputDispatcher(  464): Dropping event because there is no focused window or focused application.
I/InputDispatcher(  464): Dropping event because there is no focused window or focused application.
I/InputDispatcher(  464): Dropping event because there is no focused window or focused application.
I/InputDispatcher(  464): Dropping event because there is no focused window or focused application.
W/InputManager(  464): Input event injection from pid 18276 failed.
W/InputManager(  464): Input event injection from pid 18276 failed.
W/InputManager(  464): Input event injection from pid 18276 failed.
W/InputManager(  464): Input event injection from pid 18276 failed.
I/InputDispatcher(  464): Dropping event because there is no focused window or focused application.
W/InputManager(  464): Input event injection from pid 18276 failed.
W/InputManager(  464): Input event injection from pid 18276 failed.
W/EGL_emulation(31805): eglSurfaceAttrib not implemented 3093 12436
W/InputMethodManagerService(  464): Window already focused, ignoring focus gain of: com.android.internal.view.IInputMethodClient$Stub$Proxy@4a99fdc0 attribute=null, token = android.os.BinderProxy@4b19d894
W/UnimplementedWebViewApi(31805): Unimplemented WebView method onKeyMultiple called from: android.webkit.WebView.onKeyMultiple(WebView.java:2179)
W/UnimplementedWebViewApi(31805): Unimplemented WebView method onKeyDown called from: android.webkit.WebView.onKeyDown(WebView.java:2169)
I/ActivityManager(  464): START u0 {act=android.intent.action.MAIN cat=[android.intent.category.HOME] flg=0x10200000 cmp=com.vphone.launcher/.Launcher} from pid 464
V/InputMethodService(  644): onEvaluateInputViewShown: config.hardKeyboardHidden = 1
W/ContextImpl(  464): Calling a method in the system process without a qualified user: android.app.ContextImpl.sendBroadcast:1123 com.android.server.InputMethodManagerService.showCurrentInputLocked:1791 com.android.server.InputMethodManagerService.showSoftInput:1753 com.android.internal.view.IInputMethodManager$Stub.onTransact:175 com.android.server.InputMethodManagerService.onTransact:818 
V/InputMethodService(  644): onEvaluateInputViewShown: config.hardKeyboardHidden = 1
W/ContextImpl(  464): Calling a method in the system process without a qualified user: android.app.ContextImpl.sendBroadcast:1123 com.android.server.InputMethodManagerService.showCurrentInputLocked:1791 com.android.server.InputMethodManagerService.attachNewInputLocked:1095 com.android.server.InputMethodManagerService.startInputUncheckedLocked:1166 com.android.server.InputMethodManagerService.startInputLocked:1128 
W/ContextImpl(  464): Calling a method in the system process without a qualified user: android.app.ContextImpl.sendBroadcast:1123 com.android.server.InputMethodManagerService.hideCurrentInputLocked:1880 com.android.server.InputMethodManagerService.hideSoftInput:1843 com.android.internal.view.IInputMethodManager$Stub.onTransact:194 com.android.server.InputMethodManagerService.onTransact:818 
W/UnimplementedWebViewApi(31805): Unimplemented WebView method onKeyMultiple called from: android.webkit.WebView.onKeyMultiple(WebView.java:2179)
W/UnimplementedWebViewApi(31805): Unimplemented WebView method onKeyDown called from: android.webkit.WebView.onKeyDown(WebView.java:2169)
W/UnimplementedWebViewApi(31805): Unimplemented WebView method onKeyDown called from: android.webkit.WebView.onKeyDown(WebView.java:2169)
I/SnapScrollController(31805): setSnapScrollingMode case-default no-op
I/SnapScrollController(31805): setSnapScrollingMode case-default no-op
W/ViewRootImpl(31805): Dropping event due to no window focus: KeyEvent { action=ACTION_DOWN, keyCode=KEYCODE_MENU, scanCode=0, metaState=0, flags=0x8, repeatCount=0, eventTime=12754219, downTime=12754219, deviceId=-1, source=0x101 }
W/EGL_emulation(31805): eglSurfaceAttrib not implemented 3093 12436
W/SocketClient(  163): write error (Broken pipe)
D/dalvikvm(31805): GC_FOR_ALLOC freed 1296K, 23% free 8726K/11304K, paused 4ms, total 4ms
W/ContextImpl(  464): Calling a method in the system process without a qualified user: android.app.ContextImpl.sendBroadcast:1123 com.android.server.InputMethodManagerService.hideCurrentInputLocked:1880 com.android.server.InputMethodManagerService.hideSoftInput:1843 com.android.internal.view.IInputMethodManager$Stub.onTransact:194 com.android.server.InputMethodManagerService.onTransact:818 
W/ContextImpl(  464): Calling a method in the system process without a qualified user: android.app.ContextImpl.sendBroadcast:1123 com.android.server.InputMethodManagerService.showCurrentInputLocked:1791 com.android.server.InputMethodManagerService.showSoftInput:1753 com.android.internal.view.IInputMethodManager$Stub.onTransact:175 com.android.server.InputMethodManagerService.onTransact:818 
V/InputMethodService(  644): onEvaluateInputViewShown: config.hardKeyboardHidden = 1
W/InputMethodManagerService(  464): Window already focused, ignoring focus gain of: com.android.internal.view.IInputMethodClient$Stub$Proxy@4a98cdd0 attribute=null, token = android.os.BinderProxy@4b19d894
W/SocketClient(  163): write error (Broken pipe)
I/SnapScrollController(31805): setSnapScrollingMode case-default no-op
I/SnapScrollController(31805): setSnapScrollingMode case-default no-op
V/InputMethodService(  644): onEvaluateInputViewShown: config.hardKeyboardHidden = 1
W/ContextImpl(  464): Calling a method in the system process without a qualified user: android.app.ContextImpl.sendBroadcast:1123 com.android.server.InputMethodManagerService.showCurrentInputLocked:1791 com.android.server.InputMethodManagerService.attachNewInputLocked:1095 com.android.server.InputMethodManagerService.startInputUncheckedLocked:1166 com.android.server.InputMethodManagerService.startInputLocked:1128 
W/ContextImpl(  464): Calling a method in the system process without a qualified user: android.app.ContextImpl.sendBroadcast:1123 com.android.server.InputMethodManagerService.hideCurrentInputLocked:1880 com.android.server.InputMethodManagerService.hideSoftInput:1843 com.android.internal.view.IInputMethodManager$Stub.onTransact:194 com.android.server.InputMethodManagerService.onTransact:818 
W/UnimplementedWebViewApi(31805): Unimplemented WebView method onKeyMultiple called from: android.webkit.WebView.onKeyMultiple(WebView.java:2179)
W/UnimplementedWebViewApi(31805): Unimplemented WebView method onKeyDown called from: android.webkit.WebView.onKeyDown(WebView.java:2169)
W/UnimplementedWebViewApi(31805): Unimplemented WebView method onKeyDown called from: android.webkit.WebView.onKeyDown(WebView.java:2169)
E/browser (31805): Console: Not allowed to load local resource: file:///android_asset/webkit/android-weberror.png data:text/html,chromewebdata:12
W/ViewRootImpl(31805): Dropping event due to no window focus: MotionEvent { action=ACTION_MOVE, id[0]=0, x[0]=-3.0, y[0]=-3.0, toolType[0]=TOOL_TYPE_UNKNOWN, buttonState=0, metaState=0, flags=0x0, edgeFlags=0x0, pointerCount=1, historySize=1, eventTime=12755260, downTime=-1, deviceId=0, source=0x10004 }
W/EGL_emulation(31805): eglSurfaceAttrib not implemented 3093 12436
W/ContextImpl(  464): Calling a method in the system process without a qualified user: android.app.ContextImpl.sendBroadcast:1123 com.android.server.InputMethodManagerService.hideCurrentInputLocked:1880 com.android.server.InputMethodManagerService.hideSoftInput:1843 com.android.internal.view.IInputMethodManager$Stub.onTransact:194 com.android.server.InputMethodManagerService.onTransact:818 
W/InputManager(  464): Input event injection from pid 18276 failed.
W/InputManager(  464): Input event injection from pid 18276 failed.
W/ViewRootImpl(31805): Dropping event due to no window focus: KeyEvent { action=ACTION_DOWN, keyCode=KEYCODE_DPAD_DOWN, scanCode=0, metaState=0, flags=0x8, repeatCount=0, eventTime=12756030, downTime=12756030, deviceId=-1, source=0x101 }
W/ViewRootImpl(31805): Dropping event due to no window focus: KeyEvent { action=ACTION_DOWN, keyCode=KEYCODE_VOLUME_UP, scanCode=0, metaState=0, flags=0x8, repeatCount=0, eventTime=12756038, downTime=12756038, deviceId=-1, source=0x101 }
W/ViewRootImpl(31805): Dropping event due to no window focus: KeyEvent { action=ACTION_DOWN, keyCode=KEYCODE_DPAD_LEFT, scanCode=0, metaState=0, flags=0x8, repeatCount=0, eventTime=12756061, downTime=12756061, deviceId=-1, source=0x101 }
W/SocketClient(  163): write error (Broken pipe)
W/ViewRootImpl(31805): Dropping event due to no window focus: KeyEvent { action=ACTION_DOWN, keyCode=KEYCODE_MENU, scanCode=0, metaState=0, flags=0x8, repeatCount=0, eventTime=12756223, downTime=12756223, deviceId=-1, source=0x101 }
W/ViewRootImpl(31805): Dropping event due to no window focus: KeyEvent { action=ACTION_DOWN, keyCode=KEYCODE_MENU, scanCode=0, metaState=0, flags=0x8, repeatCount=0, eventTime=12756244, downTime=12756244, deviceId=-1, source=0x101 }
W/InputMethodManagerService(  464): Window already focused, ignoring focus gain of: com.android.internal.view.IInputMethodClient$Stub$Proxy@4ab8e500 attribute=null, token = android.os.BinderProxy@4b19d894
W/UnimplementedWebViewApi(31805): Unimplemented WebView method onKeyDown called from: android.webkit.WebView.onKeyDown(WebView.java:2169)
W/ViewRootImpl(31805): Dropping event due to no window focus: KeyEvent { action=ACTION_DOWN, keyCode=KEYCODE_MENU, scanCode=0, metaState=0, flags=0x8, repeatCount=0, eventTime=12756517, downTime=12756517, deviceId=-1, source=0x101 }
E/browser (31805): Console: Not allowed to load local resource: file:///android_asset/webkit/android-weberror.png data:text/html,chromewebdata:12
W/ViewRootImpl(31805): Dropping event due to no window focus: KeyEvent { action=ACTION_DOWN, keyCode=KEYCODE_DPAD_UP, scanCode=0, metaState=0, flags=0x8, repeatCount=0, eventTime=12756532, downTime=12756532, deviceId=-1, source=0x101 }
W/ViewRootImpl(31805): Dropping event due to no window focus: KeyEvent { action=ACTION_DOWN, keyCode=KEYCODE_DPAD_RIGHT, scanCode=0, metaState=0, flags=0x8, repeatCount=0, eventTime=12756534, downTime=12756534, deviceId=-1, source=0x101 }
W/ViewRootImpl(31805): Dropping event due to no window focus: KeyEvent { action=ACTION_DOWN, keyCode=KEYCODE_MENU, scanCode=0, metaState=0, flags=0x8, repeatCount=0, eventTime=12756542, downTime=12756542, deviceId=-1, source=0x101 }
W/ViewRootImpl(31805): Dropping event due to no window focus: KeyEvent { action=ACTION_DOWN, keyCode=KEYCODE_DPAD_LEFT, scanCode=0, metaState=0, flags=0x8, repeatCount=0, eventTime=12756545, downTime=12756545, deviceId=-1, source=0x101 }
V/PanelView(  532): animationTick called with dtms=0; nothing to do (h=0.0 v=-0.0)
W/EGL_emulation(31805): eglSurfaceAttrib not implemented 3093 12436
W/ViewRootImpl(31805): Dropping event due to no window focus: KeyEvent { action=ACTION_DOWN, keyCode=KEYCODE_F, scanCode=0, metaState=0, flags=0x8, repeatCount=0, eventTime=12756560, downTime=12756560, deviceId=-1, source=0x101 }
W/ViewRootImpl(31805): Dropping event due to no window focus: KeyEvent { action=ACTION_DOWN, keyCode=KEYCODE_DPAD_UP, scanCode=0, metaState=0, flags=0x8, repeatCount=0, eventTime=12756681, downTime=12756681, deviceId=-1, source=0x101 }
W/WindowManager(  464): updateFocusedWindowLocked, focusedAppToken is null.
W/ContextImpl(  464): Calling a method in the system process without a qualified user: android.app.ContextImpl.sendBroadcast:1123 com.android.server.InputMethodManagerService.hideCurrentInputLocked:1880 com.android.server.InputMethodManagerService.windowGainedFocus:1968 com.android.internal.view.IInputMethodManager$Stub.onTransact:221 com.android.server.InputMethodManagerService.onTransact:818 
I/ActivityManager(  464): START u0 {cmp=com.android.browser/.AddBookmarkPage (has extras)} from pid 31805
W/BackupManagerService(  464): dataChanged but no participant pkg='com.android.providers.settings' uid=10010
W/InputEventReceiver(  532): Attempted to finish an input event but the input event receiver has already been disposed.
W/InputEventReceiver(  532): Attempted to finish an input event but the input event receiver has already been disposed.
W/InputEventReceiver(  532): Attempted to finish an input event but the input event receiver has already been disposed.
W/InputEventReceiver(  532): Attempted to finish an input event but the input event receiver has already been disposed.
W/ViewRootImpl(  532): Dropping event due to root view being removed: MotionEvent { action=ACTION_MOVE, id[0]=0, x[0]=192.0523, y[0]=-61.009094, toolType[0]=TOOL_TYPE_UNKNOWN, buttonState=0, metaState=0, flags=0x0, edgeFlags=0x0, pointerCount=1, historySize=2, eventTime=12757089, downTime=12757084, deviceId=0, source=0x1002 }
W/ViewRootImpl(  532): Dropping event due to root view being removed: MotionEvent { action=ACTION_UP, id[0]=0, x[0]=185.90593, y[0]=-60.784424, toolType[0]=TOOL_TYPE_UNKNOWN, buttonState=0, metaState=0, flags=0x0, edgeFlags=0x0, pointerCount=1, historySize=0, eventTime=12757091, downTime=12757084, deviceId=0, source=0x1002 }
W/ViewRootImpl(  532): Dropping event due to root view being removed: KeyEvent { action=ACTION_UP, keyCode=KEYCODE_DPAD_CENTER, scanCode=0, metaState=0, flags=0x8, repeatCount=0, eventTime=12757071, downTime=12757071, deviceId=-1, source=0x101 }
