--------- beginning of /dev/log/system
I/ActivityManager(  481): Resuming delayed broadcast
--------- beginning of /dev/log/main
I/Icing   (  711): Indexing F4FAA6262FE39DDD50BAE6B7AF5CDB8D73BA0DB0 from com.google.android.gms
D/dalvikvm(  711): GC_CONCURRENT freed 2971K, 37% free 9216K/14604K, paused 4ms+4ms, total 35ms
D/dalvikvm(  711): WAIT_FOR_CONCURRENT_GC blocked 19ms
I/Icing   (  711): Indexing done F4FAA6262FE39DDD50BAE6B7AF5CDB8D73BA0DB0
I/WearableService(  641): Wearable Services stopping
D/AndroidRuntime(12685): 
D/AndroidRuntime(12685): >>>>>> AndroidRuntime START com.android.internal.os.RuntimeInit <<<<<<
D/AndroidRuntime(12685): CheckJNI is OFF
D/dalvikvm(12685): Using executionMode 2
D/dalvikvm(12685): Trying to load lib libjavacore.so 0x0
D/dalvikvm(12685): Added shared lib libjavacore.so 0x0
D/dalvikvm(12685): Trying to load lib libnativehelper.so 0x0
D/dalvikvm(12685): Added shared lib libnativehelper.so 0x0
D/dalvikvm(12685): No JNI_OnLoad found in libnativehelper.so 0x0, skipping init
D/dalvikvm(12685): Note: class Landroid/app/ActivityManagerNative; has 179 unimplemented (abstract) methods
E/memtrack(12685): Couldn't load memtrack module (No such file or directory)
E/android.os.Debug(12685): failed to load memtrack module: -2
D/AndroidRuntime(12685): Calling main entry com.android.commands.monkey.Monkey
W/BroadcastQueue(  481): Skipping deliver [background] BroadcastRecord{4ade74bc u-1 android.net.conn.CONNECTIVITY_CHANGE} to ReceiverList{4abc6b2c 12685 (unknown name)/0/u-1 remote:4a8d6068}: process crashing
I/ActivityManager(  481): START u0 {act=android.intent.action.MAIN cat=[android.intent.category.LAUNCHER] flg=0x10200000 cmp=com.smsrobot.period/.StartActivity} from pid 12685
D/dalvikvm(  167): GC_EXPLICIT freed 40K, 4% free 2788K/2892K, paused 0ms+0ms, total 4ms
D/dalvikvm(  167): GC_EXPLICIT freed <1K, 4% free 2788K/2892K, paused 2ms+1ms, total 4ms
W/NetworkManagementSocketTagger(  481): setKernelCountSet(10176, 1) failed with errno -13
I/dalvikvm(12695): ignoring registerObject request in thread=1
I/dalvikvm(12695): ignoring registerObject request in thread=1
D/dalvikvm(  167): GC_EXPLICIT freed <1K, 4% free 2788K/2892K, paused 0ms+0ms, total 4ms
I/ActivityManager(  481): Start proc com.smsrobot.period for activity com.smsrobot.period/.StartActivity: pid=12695 uid=10176 gids={50176, 3003}
I/MultiDex(12695): VM with version 1.6.0 does not have multidex support
I/MultiDex(12695): install
I/MultiDex(12695): MultiDexExtractor.load(/data/app/com.smsrobot.period-1.apk, false)
I/MultiDex(12695): Detected that extraction must be performed.
D/dalvikvm(12695): JIT code cache reset in 0 ms (0 bytes 1/0)
D/dalvikvm(12695): GC_CONCURRENT freed 191K, 8% free 3074K/3328K, paused 2ms+8ms, total 13ms
I/MultiDex(12695): load found 0 secondary dex files
I/MultiDex(12695): install done
D/FirebaseApp(12695): com.google.firebase.auth.FirebaseAuth is not linked. Skipping initialization.
D/FirebaseApp(12695): com.google.firebase.iid.FirebaseInstanceId is not linked. Skipping initialization.
D/FirebaseApp(12695): com.google.firebase.crash.FirebaseCrash is not linked. Skipping initialization.
D/FirebaseApp(12695): com.google.android.gms.measurement.AppMeasurement is not linked. Skipping initialization.
I/FirebaseInitProvider(12695): FirebaseApp initialization successful
W/dalvikvm(12695): VFY: unable to find class referenced in signature (Lokhttp3/Request;)
W/dalvikvm(12695): VFY: unable to find class referenced in signature (Lokhttp3/Response;)
I/dalvikvm(12695): Could not find method okhttp3.Response.headers, referenced from method empirical.HelperClass.printOkHttpInfo
W/dalvikvm(12695): VFY: unable to resolve virtual method 58701: Lokhttp3/Response;.headers ()Lokhttp3/Headers;
D/dalvikvm(12695): VFY: replacing opcode 0x6e at 0x0006
W/dalvikvm(12695): VFY: unable to find class referenced in signature (Lokhttp3/Call;)
W/dalvikvm(12695): VFY: unable to find class referenced in signature (Lokhttp3/Response;)
I/dalvikvm(12695): Could not find method okhttp3.Call.request, referenced from method empirical.HelperClass.printOkHttpInfoFromCall
W/dalvikvm(12695): VFY: unable to resolve interface method 58695: Lokhttp3/Call;.request ()Lokhttp3/Request;
D/dalvikvm(12695): VFY: replacing opcode 0x72 at 0x0006
I/System.out(12695): body:<com.facebook.GraphRequest: java.net.HttpURLConnection toHttpConnection(com.facebook.GraphRequestBatch)>	sig:specialinvoke $r2.<java.net.URL: void <init>(java.lang.String)>($r3)	timediff:0
I/System.out(12695): <com.facebook.GraphRequest: java.net.HttpURLConnection toHttpConnection(com.facebook.GraphRequestBatch)>###specialinvoke $r2.<java.net.URL: void <init>(java.lang.String)>($r3)###https://graph.facebook.com/v2.4/388874054595695?fields=supports_implicit_sdk_logging%2Cgdpv4_nux_content%2Cgdpv4_nux_enabled%2Candroid_dialog_configs%2Candroid_sdk_error_categories&format=json&sdk=android
D/dalvikvm(12695): GC_CONCURRENT freed 268K, 9% free 3313K/3640K, paused 2ms+2ms, total 6ms
D/dalvikvm(12695): WAIT_FOR_CONCURRENT_GC blocked 3ms
I/CrashlyticsCore(12695): Initializing Crashlytics 2.3.14.151
D/dalvikvm(12695): GC_CONCURRENT freed 544K, 16% free 3253K/3860K, paused 3ms+0ms, total 5ms
D/dalvikvm(12695): GC_FOR_ALLOC freed 163K, 11% free 3469K/3860K, paused 3ms, total 3ms
E/FlurryAgent(12695): Listener cannot be null
I/System.out(12695): body:<com.facebook.GraphRequest: java.net.HttpURLConnection createConnection(java.net.URL)>	sig:$r1 = virtualinvoke $r0.<java.net.URL: java.net.URLConnection openConnection()>()	timediff:44
I/System.out(12695): body:<com.facebook.GraphRequest: java.net.HttpURLConnection createConnection(java.net.URL)>	sig:virtualinvoke $r2.<java.net.HttpURLConnection: void setRequestProperty(java.lang.String,java.lang.String)>("User-Agent", $r3)	timediff:0
I/System.out(12695): body:<com.facebook.GraphRequest: java.net.HttpURLConnection createConnection(java.net.URL)>	sig:virtualinvoke $r2.<java.net.HttpURLConnection: void setRequestProperty(java.lang.String,java.lang.String)>("Accept-Language", $r3)	timediff:0
I/System.out(12695): body:<com.facebook.GraphRequest: java.net.HttpURLConnection createConnection(java.net.URL)>	sig:virtualinvoke $r2.<java.net.HttpURLConnection: void setChunkedStreamingMode(int)>(0)	timediff:0
I/System.out(12695): body:<com.facebook.GraphRequest: void serializeToUrlConnection(com.facebook.GraphRequestBatch,java.net.HttpURLConnection)>	sig:virtualinvoke $r1.<java.net.HttpURLConnection: void setRequestMethod(java.lang.String)>($r6)	timediff:0
I/System.out(12695): body:<com.facebook.GraphRequest: void setConnectionContentType(java.net.HttpURLConnection,boolean)>	sig:virtualinvoke $r0.<java.net.HttpURLConnection: void setRequestProperty(java.lang.String,java.lang.String)>("Content-Type", "application/x-www-form-urlencoded")	timediff:0
I/System.out(12695): body:<com.facebook.GraphRequest: void setConnectionContentType(java.net.HttpURLConnection,boolean)>	sig:virtualinvoke $r0.<java.net.HttpURLConnection: void setRequestProperty(java.lang.String,java.lang.String)>("Content-Encoding", "gzip")	timediff:0
I/System.out(12695): body:<com.facebook.GraphRequest: void serializeToUrlConnection(com.facebook.GraphRequestBatch,java.net.HttpURLConnection)>	sig:$r7 = virtualinvoke $r1.<java.net.HttpURLConnection: java.net.URL getURL()>()	timediff:0
I/System.out(12695): body:<com.facebook.GraphRequest: void serializeToUrlConnection(com.facebook.GraphRequestBatch,java.net.HttpURLConnection)>	sig:$r6 = virtualinvoke $r1.<java.net.HttpURLConnection: java.lang.String getRequestMethod()>()	timediff:0
I/System.out(12695): body:<com.facebook.GraphRequest: void serializeToUrlConnection(com.facebook.GraphRequestBatch,java.net.HttpURLConnection)>	sig:$r6 = virtualinvoke $r1.<java.net.HttpURLConnection: java.lang.String getRequestProperty(java.lang.String)>("User-Agent")	timediff:0
I/System.out(12695): body:<com.facebook.GraphRequest: void serializeToUrlConnection(com.facebook.GraphRequestBatch,java.net.HttpURLConnection)>	sig:$r6 = virtualinvoke $r1.<java.net.HttpURLConnection: java.lang.String getRequestProperty(java.lang.String)>("Content-Type")	timediff:0
I/System.out(12695): body:<com.facebook.GraphRequest: void serializeToUrlConnection(com.facebook.GraphRequestBatch,java.net.HttpURLConnection)>	sig:virtualinvoke $r1.<java.net.HttpURLConnection: void setConnectTimeout(int)>($i2)	timediff:0
I/System.out(12695): body:<com.facebook.GraphRequest: void serializeToUrlConnection(com.facebook.GraphRequestBatch,java.net.HttpURLConnection)>	sig:virtualinvoke $r1.<java.net.HttpURLConnection: void setReadTimeout(int)>($i2)	timediff:0
I/dalvikvm(12695): Could not find method android.content.pm.PackageManager.getPackageInstaller, referenced from method com.google.android.gms.common.zze.zzs
W/dalvikvm(12695): VFY: unable to resolve virtual method 694: Landroid/content/pm/PackageManager;.getPackageInstaller ()Landroid/content/pm/PackageInstaller;
D/dalvikvm(12695): VFY: replacing opcode 0x6e at 0x001a
D/dalvikvm(12695): GC_CONCURRENT freed 273K, 9% free 3584K/3920K, paused 1ms+0ms, total 3ms
I/ActivityManager(  481): START u0 {cmp=com.smsrobot.period/.SetupActivity} from pid 12695
D/dalvikvm(12695): GC_CONCURRENT freed 695K, 19% free 3338K/4092K, paused 1ms+1ms, total 5ms
I/System.out(12695): body:<com.facebook.GraphResponse: java.util.List fromHttpConnection(java.net.HttpURLConnection,com.facebook.GraphRequestBatch)>	sig:$i0 = virtualinvoke $r0.<java.net.HttpURLConnection: int getResponseCode()>()	timediff:119
I/System.out(12695): body:<com.facebook.GraphResponse: java.util.List fromHttpConnection(java.net.HttpURLConnection,com.facebook.GraphRequestBatch)>	sig:$r3 = virtualinvoke $r0.<java.net.HttpURLConnection: java.io.InputStream getInputStream()>()	timediff:0
I/System.out(12695): body:<empirical.HelperClass: void printURLInfo(java.lang.String,java.lang.String,java.net.URLConnection)>	sig:$r0 = virtualinvoke urlConnection.<java.net.URLConnection: java.net.URL getURL()>()	timediff:0
I/System.out(12695): body:<empirical.HelperClass: void printURLInfo(java.lang.String,java.lang.String,java.net.URLConnection)>	sig:urlString = virtualinvoke $r0.<java.net.URL: java.lang.String toString()>()	timediff:0
I/System.out(12695): body:<empirical.HelperClass: void printURLInfo(java.lang.String,java.lang.String,java.net.URLConnection)>	sig:isDoOutput = virtualinvoke urlConnection.<java.net.URLConnection: boolean getDoOutput()>()	timediff:0
I/System.out(12695): body:<empirical.HelperClass: java.lang.String getHeaderField(java.net.URLConnection,java.lang.String)>	sig:data = virtualinvoke conn.<java.net.URLConnection: java.lang.String getHeaderField(java.lang.String)>(field)	timediff:0
I/System.out(12695): body:<empirical.HelperClass: java.lang.String getHeaderField(java.net.URLConnection,java.lang.String)>	sig:data = virtualinvoke conn.<java.net.URLConnection: java.lang.String getHeaderField(java.lang.String)>(field)	timediff:0
I/System.out(12695): body:<empirical.HelperClass: java.lang.String getHeaderField(java.net.URLConnection,java.lang.String)>	sig:data = virtualinvoke conn.<java.net.URLConnection: java.lang.String getHeaderField(java.lang.String)>(field)	timediff:0
I/System.out(12695): body:<empirical.HelperClass: java.lang.String getHeaderField(java.net.URLConnection,java.lang.String)>	sig:data = virtualinvoke conn.<java.net.URLConnection: java.lang.String getHeaderField(java.lang.String)>(field)	timediff:0
I/System.out(12695): body:<empirical.HelperClass: java.lang.String getHeaderField(java.net.URLConnection,java.lang.String)>	sig:data = virtualinvoke conn.<java.net.URLConnection: java.lang.String getHeaderField(java.lang.String)>(field)	timediff:0
I/System.out(12695): URLConn;%;0;%;<com.facebook.GraphResponse: java.util.List fromHttpConnection(java.net.HttpURLConnection,com.facebook.GraphRequestBatch)>;%;$r3 = virtualinvoke $r0.<java.net.HttpURLConnection: java.io.InputStream getInputStream()>();%;https://graph.facebook.com/v2.4/388874054595695?fields=supports_implicit_sdk_logging%2Cgdpv4_nux_content%2Cgdpv4_nux_enabled%2Candroid_dialog_configs%2Candroid_sdk_error_categories&format=json&sdk=android;%;false;%;Not found;%;private, no-cache, no-store, must-revalidate;%;Sat, 01 Jan 2000 00:00:00 GMT;%;Not found;%;Not found
I/System.out(12695): body:<com.facebook.GraphResponse: java.util.List createResponsesFromObject(java.net.HttpURLConnection,java.util.List,java.lang.Object)>	sig:$i2 = virtualinvoke $r0.<java.net.HttpURLConnection: int getResponseCode()>()	timediff:0
I/System.out(12695): body:<com.facebook.internal.Utility: void disconnectQuietly(java.net.URLConnection)>	sig:virtualinvoke $r1.<java.net.HttpURLConnection: void disconnect()>()	timediff:0
I/dalvikvm(12695): Could not find method android.view.Window$Callback.onProvideKeyboardShortcuts, referenced from method android.support.v7.view.WindowCallbackWrapper.onProvideKeyboardShortcuts
W/dalvikvm(12695): VFY: unable to resolve interface method 15755: Landroid/view/Window$Callback;.onProvideKeyboardShortcuts (Ljava/util/List;Landroid/view/Menu;I)V
D/dalvikvm(12695): VFY: replacing opcode 0x72 at 0x0002
W/dalvikvm(12695): VFY: unable to find class referenced in signature (Landroid/view/SearchEvent;)
I/dalvikvm(12695): Could not find method android.view.Window$Callback.onSearchRequested, referenced from method android.support.v7.view.WindowCallbackWrapper.onSearchRequested
W/dalvikvm(12695): VFY: unable to resolve interface method 15757: Landroid/view/Window$Callback;.onSearchRequested (Landroid/view/SearchEvent;)Z
D/dalvikvm(12695): VFY: replacing opcode 0x72 at 0x0002
I/dalvikvm(12695): Could not find method android.view.Window$Callback.onWindowStartingActionMode, referenced from method android.support.v7.view.WindowCallbackWrapper.onWindowStartingActionMode
W/dalvikvm(12695): VFY: unable to resolve interface method 15761: Landroid/view/Window$Callback;.onWindowStartingActionMode (Landroid/view/ActionMode$Callback;I)Landroid/view/ActionMode;
D/dalvikvm(12695): VFY: replacing opcode 0x72 at 0x0002
I/dalvikvm(12695): Could not find method android.content.res.TypedArray.getChangingConfigurations, referenced from method android.support.v7.widget.TintTypedArray.getChangingConfigurations
W/dalvikvm(12695): VFY: unable to resolve virtual method 780: Landroid/content/res/TypedArray;.getChangingConfigurations ()I
D/dalvikvm(12695): VFY: replacing opcode 0x6e at 0x0002
I/dalvikvm(12695): Could not find method android.content.res.TypedArray.getType, referenced from method android.support.v7.widget.TintTypedArray.getType
W/dalvikvm(12695): VFY: unable to resolve virtual method 802: Landroid/content/res/TypedArray;.getType (I)I
D/dalvikvm(12695): VFY: replacing opcode 0x6e at 0x0008
I/dalvikvm(12695): Could not find method android.view.Window.setStatusBarColor, referenced from method com.smsrobot.period.utils.ao.b
W/dalvikvm(12695): VFY: unable to resolve virtual method 15779: Landroid/view/Window;.setStatusBarColor (I)V
D/dalvikvm(12695): VFY: replacing opcode 0x6e at 0x0008
D/dalvikvm(12695): GC_CONCURRENT freed 359K, 17% free 3400K/4092K, paused 1ms+1ms, total 4ms
D/dalvikvm(12695): GC_FOR_ALLOC freed 28K, 17% free 3412K/4092K, paused 2ms, total 2ms
I/dalvikvm-heap(12695): Grow heap (frag case) to 3.442MB for 56388-byte allocation
D/dalvikvm(12695): GC_FOR_ALLOC freed <1K, 17% free 3466K/4148K, paused 2ms, total 2ms
D/dalvikvm(12695): GC_FOR_ALLOC freed <1K, 17% free 3467K/4148K, paused 2ms, total 2ms
I/dalvikvm-heap(12695): Grow heap (frag case) to 4.048MB for 635808-byte allocation
D/dalvikvm(12695): GC_FOR_ALLOC freed <1K, 15% free 4087K/4772K, paused 2ms, total 2ms
D/dalvikvm(12695): GC_CONCURRENT freed 7K, 15% free 4091K/4772K, paused 1ms+0ms, total 4ms
I/dalvikvm(12695): Could not find method android.content.res.Resources.getDrawable, referenced from method android.support.v7.widget.ResourcesWrapper.getDrawable
W/dalvikvm(12695): VFY: unable to resolve virtual method 743: Landroid/content/res/Resources;.getDrawable (ILandroid/content/res/Resources$Theme;)Landroid/graphics/drawable/Drawable;
D/dalvikvm(12695): VFY: replacing opcode 0x6e at 0x0002
I/dalvikvm(12695): Could not find method android.content.res.Resources.getDrawableForDensity, referenced from method android.support.v7.widget.ResourcesWrapper.getDrawableForDensity
W/dalvikvm(12695): VFY: unable to resolve virtual method 745: Landroid/content/res/Resources;.getDrawableForDensity (IILandroid/content/res/Resources$Theme;)Landroid/graphics/drawable/Drawable;
D/dalvikvm(12695): VFY: replacing opcode 0x6e at 0x0002
I/dalvikvm(12695): Could not find method android.content.Context.getColorStateList, referenced from method android.support.v7.content.res.AppCompatResources.getColorStateList
W/dalvikvm(12695): VFY: unable to resolve virtual method 533: Landroid/content/Context;.getColorStateList (I)Landroid/content/res/ColorStateList;
D/dalvikvm(12695): VFY: replacing opcode 0x6e at 0x0006
I/dalvikvm(12695): Could not find method android.widget.EditText.setTextAppearance, referenced from method com.smsrobot.period.wizard.ui.d.a
W/dalvikvm(12695): VFY: unable to resolve virtual method 16200: Landroid/widget/EditText;.setTextAppearance (I)V
D/dalvikvm(12695): VFY: replacing opcode 0x6e at 0x002d
I/dalvikvm(12695): Could not find method android.widget.EditText.setTextAppearance, referenced from method com.smsrobot.period.wizard.ui.d.onCreateView
W/dalvikvm(12695): VFY: unable to resolve virtual method 16200: Landroid/widget/EditText;.setTextAppearance (I)V
D/dalvikvm(12695): VFY: replacing opcode 0x6e at 0x023b
I/dalvikvm(12695): Could not find method android.app.AlarmManager.setExactAndAllowWhileIdle, referenced from method com.smsrobot.period.backup.a.a
W/dalvikvm(12695): VFY: unable to resolve virtual method 227: Landroid/app/AlarmManager;.setExactAndAllowWhileIdle (IJLandroid/app/PendingIntent;)V
D/dalvikvm(12695): VFY: replacing opcode 0x6e at 0x007a
E/dalvikvm(12695): Could not find class 'android.graphics.drawable.RippleDrawable', referenced from method android.support.v7.widget.AppCompatImageHelper.hasOverlappingRendering
W/dalvikvm(12695): VFY: unable to resolve instanceof 220 (Landroid/graphics/drawable/RippleDrawable;) in Landroid/support/v7/widget/AppCompatImageHelper;
D/dalvikvm(12695): VFY: replacing opcode 0x20 at 0x000c
I/TextInputLayout(12695): EditText added is not a TextInputEditText. Please switch to using that class instead.
D/dalvikvm(12695): GC_CONCURRENT freed 224K, 11% free 4251K/4772K, paused 2ms+1ms, total 4ms
I/TextInputLayout(12695): EditText added is not a TextInputEditText. Please switch to using that class instead.
D/libEGL  (12695): loaded /system/lib/egl/libEGL_adreno.so
D/        (12695): HostConnection::get() New Host Connection established 0xb81da3a0, tid 12695
D/libEGL  (12695): loaded /system/lib/egl/libGLESv1_CM_adreno.so
D/libEGL  (12695): loaded /system/lib/egl/libGLESv2_adreno.so
W/EGL_emulation(12695): eglSurfaceAttrib not implemented 3093 12436
D/OpenGLRenderer(12695): Enabling debug mode 0
W/ViewRootImpl(12695): Dropping event due to no window focus: KeyEvent { action=ACTION_DOWN, keyCode=KEYCODE_DPAD_RIGHT, scanCode=0, metaState=0, flags=0x8, repeatCount=0, eventTime=647613, downTime=647613, deviceId=-1, source=0x101 }
I/System.out(12695): body:<com.flurry.sdk.kn: void i()>	sig:specialinvoke $r6.<java.net.URL: void <init>(java.lang.String)>($r1)	timediff:0
I/System.out(12695): <com.flurry.sdk.kn: void i()>###specialinvoke $r6.<java.net.URL: void <init>(java.lang.String)>($r1)###https://data.flurry.com/aap.do
I/System.out(12695): body:<com.flurry.sdk.kn: void i()>	sig:$r7 = virtualinvoke $r6.<java.net.URL: java.net.URLConnection openConnection()>()	timediff:0
I/System.out(12695): body:<com.flurry.sdk.kn: void i()>	sig:virtualinvoke $r4.<java.net.HttpURLConnection: void setConnectTimeout(int)>($i0)	timediff:0
I/System.out(12695): body:<com.flurry.sdk.kn: void i()>	sig:virtualinvoke $r4.<java.net.HttpURLConnection: void setReadTimeout(int)>($i0)	timediff:0
I/System.out(12695): body:<com.flurry.sdk.kn: void i()>	sig:virtualinvoke $r4.<java.net.HttpURLConnection: void setRequestMethod(java.lang.String)>($r1)	timediff:0
I/System.out(12695): body:<com.flurry.sdk.kn: void i()>	sig:virtualinvoke $r4.<java.net.HttpURLConnection: void setInstanceFollowRedirects(boolean)>($z0)	timediff:0
I/System.out(12695): body:<com.flurry.sdk.kn: void i()>	sig:virtualinvoke $r4.<java.net.HttpURLConnection: void setDoOutput(boolean)>($z0)	timediff:0
I/System.out(12695): body:<com.flurry.sdk.kn: void i()>	sig:virtualinvoke $r4.<java.net.HttpURLConnection: void setDoInput(boolean)>(1)	timediff:0
I/System.out(12695): body:<com.flurry.sdk.kn: void i()>	sig:virtualinvoke $r4.<java.net.HttpURLConnection: void addRequestProperty(java.lang.String,java.lang.String)>($r1, $r13)	timediff:0
W/ViewRootImpl(12695): Dropping event due to no window focus: KeyEvent { action=ACTION_DOWN, keyCode=KEYCODE_DPAD_CENTER, scanCode=0, metaState=0, flags=0x8, repeatCount=0, eventTime=648353, downTime=648353, deviceId=-1, source=0x101 }
W/ContextImpl(  481): Calling a method in the system process without a qualified user: android.app.ContextImpl.sendBroadcast:1123 com.android.server.InputMethodManagerService.hideCurrentInputLocked:1880 com.android.server.InputMethodManagerService.windowGainedFocus:2000 com.android.internal.view.IInputMethodManager$Stub.onTransact:221 com.android.server.InputMethodManagerService.onTransact:818 
I/ActivityManager(  481): Displayed com.smsrobot.period/.SetupActivity: +216ms (total +7s836ms)
D/dalvikvm(12695): GC_CONCURRENT freed 308K, 10% free 4339K/4772K, paused 1ms+2ms, total 9ms
W/NetworkManagementSocketTagger(  481): setKernelCountSet(10007, 0) failed with errno -13
I/ActivityManager(  481): START u0 {act=android.intent.action.MAIN cat=[android.intent.category.LAUNCHER] flg=0x10200000 cmp=com.smsrobot.period/.StartActivity} from pid 12685
W/ViewRootImpl(12695): Dropping event due to no window focus: KeyEvent { action=ACTION_DOWN, keyCode=KEYCODE_VOLUME_UP, scanCode=0, metaState=0, flags=0x8, repeatCount=0, eventTime=648466, downTime=648466, deviceId=-1, source=0x101 }
I/System.out(12695): body:<com.flurry.sdk.kn: void i()>	sig:$r15 = virtualinvoke $r4.<java.net.HttpURLConnection: java.io.OutputStream getOutputStream()>()	timediff:113
W/EGL_emulation(12695): eglSurfaceAttrib not implemented 3093 12436
W/InputMethodManagerService(  481): Window already focused, ignoring focus gain of: com.android.internal.view.IInputMethodClient$Stub$Proxy@4aa9f6e4 attribute=null, token = android.os.BinderProxy@4a9ce388
I/System.out(12695): body:<com.flurry.sdk.kn: void i()>	sig:$i0 = virtualinvoke $r4.<java.net.HttpURLConnection: int getResponseCode()>()	timediff:61
I/System.out(12695): body:<com.flurry.sdk.kn: void i()>	sig:$r19 = virtualinvoke $r4.<java.net.HttpURLConnection: java.util.Map getHeaderFields()>()	timediff:0
I/System.out(12695): body:<com.flurry.sdk.kn: void i()>	sig:$r24 = virtualinvoke $r4.<java.net.HttpURLConnection: java.io.InputStream getInputStream()>()	timediff:0
I/System.out(12695): body:<empirical.HelperClass: void printURLInfo(java.lang.String,java.lang.String,java.net.URLConnection)>	sig:$r0 = virtualinvoke urlConnection.<java.net.URLConnection: java.net.URL getURL()>()	timediff:0
I/System.out(12695): body:<empirical.HelperClass: void printURLInfo(java.lang.String,java.lang.String,java.net.URLConnection)>	sig:urlString = virtualinvoke $r0.<java.net.URL: java.lang.String toString()>()	timediff:0
I/System.out(12695): body:<empirical.HelperClass: void printURLInfo(java.lang.String,java.lang.String,java.net.URLConnection)>	sig:isDoOutput = virtualinvoke urlConnection.<java.net.URLConnection: boolean getDoOutput()>()	timediff:0
I/System.out(12695): body:<empirical.HelperClass: java.lang.String getHeaderField(java.net.URLConnection,java.lang.String)>	sig:data = virtualinvoke conn.<java.net.URLConnection: java.lang.String getHeaderField(java.lang.String)>(field)	timediff:0
I/System.out(12695): body:<empirical.HelperClass: java.lang.String getHeaderField(java.net.URLConnection,java.lang.String)>	sig:data = virtualinvoke conn.<java.net.URLConnection: java.lang.String getHeaderField(java.lang.String)>(field)	timediff:0
I/System.out(12695): body:<empirical.HelperClass: java.lang.String getHeaderField(java.net.URLConnection,java.lang.String)>	sig:data = virtualinvoke conn.<java.net.URLConnection: java.lang.String getHeaderField(java.lang.String)>(field)	timediff:0
I/System.out(12695): body:<empirical.HelperClass: java.lang.String getHeaderField(java.net.URLConnection,java.lang.String)>	sig:data = virtualinvoke conn.<java.net.URLConnection: java.lang.String getHeaderField(java.lang.String)>(field)	timediff:0
I/System.out(12695): body:<empirical.HelperClass: java.lang.String getHeaderField(java.net.URLConnection,java.lang.String)>	sig:data = virtualinvoke conn.<java.net.URLConnection: java.lang.String getHeaderField(java.lang.String)>(field)	timediff:0
I/System.out(12695): URLConn;%;1;%;<com.flurry.sdk.kn: void i()>;%;$r24 = virtualinvoke $r4.<java.net.HttpURLConnection: java.io.InputStream getInputStream()>();%;https://data.flurry.com/aap.do;%;true;%;Not found;%;Not found;%;Not found;%;0;%;Not found
I/System.out(12695): body:<com.flurry.sdk.kn: void j()>	sig:virtualinvoke $r1.<java.net.HttpURLConnection: void disconnect()>()	timediff:0
D/dalvikvm(12695): GC_CONCURRENT freed 330K, 9% free 4430K/4820K, paused 1ms+0ms, total 4ms
W/ContextImpl(  481): Calling a method in the system process without a qualified user: android.app.ContextImpl.sendBroadcast:1123 com.android.server.InputMethodManagerService.hideCurrentInputLocked:1880 com.android.server.InputMethodManagerService.hideSoftInput:1843 com.android.internal.view.IInputMethodManager$Stub.onTransact:194 com.android.server.InputMethodManagerService.onTransact:818 
I/System.out(12695): body:<b.a.a.a.a.e.d: java.lang.String a(java.lang.CharSequence)>	sig:specialinvoke $r2.<java.net.URL: void <init>(java.lang.String)>($r1)	timediff:1
I/System.out(12695): <b.a.a.a.a.e.d: java.lang.String a(java.lang.CharSequence)>###specialinvoke $r2.<java.net.URL: void <init>(java.lang.String)>($r1)###https://settings.crashlytics.com/spi/v2/platforms/android/apps/com.smsrobot.period/settings?instance=af8e7d37082c8e0f1b8394a8eefde342edc27541&source=1&build_version=25&icon_hash=11f7909907a62984d54eb3aa6509e5d6df1a05cb&display_version=3.4
I/System.out(12695): body:<b.a.a.a.a.e.d: java.lang.String a(java.lang.CharSequence)>	sig:$r3 = virtualinvoke $r2.<java.net.URL: java.lang.String getHost()>()	timediff:0
I/System.out(12695): body:<b.a.a.a.a.e.d: java.lang.String a(java.lang.CharSequence)>	sig:$i0 = virtualinvoke $r2.<java.net.URL: int getPort()>()	timediff:0
I/System.out(12695): body:<b.a.a.a.a.e.d: java.lang.String a(java.lang.CharSequence)>	sig:$r3 = virtualinvoke $r2.<java.net.URL: java.lang.String getProtocol()>()	timediff:0
I/System.out(12695): body:<b.a.a.a.a.e.d: java.lang.String a(java.lang.CharSequence)>	sig:$r6 = virtualinvoke $r2.<java.net.URL: java.lang.String getPath()>()	timediff:0
I/System.out(12695): body:<b.a.a.a.a.e.d: java.lang.String a(java.lang.CharSequence)>	sig:$r7 = virtualinvoke $r2.<java.net.URL: java.lang.String getQuery()>()	timediff:0
I/System.out(12695): body:<b.a.a.a.a.e.d: java.lang.String a(java.lang.CharSequence)>	sig:specialinvoke $r5.<java.net.URI: void <init>(java.lang.String,java.lang.String,java.lang.String,java.lang.String,java.lang.String)>($r3, $r1, $r6, $r7, null)	timediff:0
I/System.out(12695): body:<b.a.a.a.a.e.d: java.lang.String a(java.lang.CharSequence)>	sig:$r7 = virtualinvoke $r5.<java.net.URI: java.lang.String toASCIIString()>()	timediff:0
I/System.out(12695): body:<b.a.a.a.a.e.d: void <init>(java.lang.CharSequence,java.lang.String)>	sig:specialinvoke $r4.<java.net.URL: void <init>(java.lang.String)>($r3)	timediff:1
I/System.out(12695): <b.a.a.a.a.e.d: void <init>(java.lang.CharSequence,java.lang.String)>###specialinvoke $r4.<java.net.URL: void <init>(java.lang.String)>($r3)###https://settings.crashlytics.com/spi/v2/platforms/android/apps/com.smsrobot.period/settings?instance=af8e7d37082c8e0f1b8394a8eefde342edc27541&source=1&build_version=25&icon_hash=11f7909907a62984d54eb3aa6509e5d6df1a05cb&display_version=3.4
I/System.out(12695): body:<b.a.a.a.a.e.d$b$1: java.net.HttpURLConnection a(java.net.URL)>	sig:$r2 = virtualinvoke $r1.<java.net.URL: java.net.URLConnection openConnection()>()	timediff:0
I/System.out(12695): body:<b.a.a.a.a.e.d: java.net.HttpURLConnection r()>	sig:virtualinvoke $r5.<java.net.HttpURLConnection: void setRequestMethod(java.lang.String)>($r1)	timediff:0
I/System.out(12695): body:<b.a.a.a.a.e.d: b.a.a.a.a.e.d a(boolean)>	sig:virtualinvoke $r1.<java.net.HttpURLConnection: void setUseCaches(boolean)>($z0)	timediff:0
I/System.out(12695): body:<b.a.a.a.a.e.d: b.a.a.a.a.e.d a(int)>	sig:virtualinvoke $r1.<java.net.HttpURLConnection: void setConnectTimeout(int)>($i0)	timediff:0
I/System.out(12695): body:<b.a.a.a.a.e.d: b.a.a.a.a.e.d a(java.lang.String,java.lang.String)>	sig:virtualinvoke $r3.<java.net.HttpURLConnection: void setRequestProperty(java.lang.String,java.lang.String)>($r1, $r2)	timediff:0
I/System.out(12695): body:<b.a.a.a.a.e.d: b.a.a.a.a.e.d a(java.lang.String,java.lang.String)>	sig:virtualinvoke $r3.<java.net.HttpURLConnection: void setRequestProperty(java.lang.String,java.lang.String)>($r1, $r2)	timediff:0
I/System.out(12695): body:<b.a.a.a.a.e.d: b.a.a.a.a.e.d a(java.lang.String,java.lang.String)>	sig:virtualinvoke $r3.<java.net.HttpURLConnection: void setRequestProperty(java.lang.String,java.lang.String)>($r1, $r2)	timediff:0
I/System.out(12695): body:<b.a.a.a.a.e.d: b.a.a.a.a.e.d a(java.lang.String,java.lang.String)>	sig:virtualinvoke $r3.<java.net.HttpURLConnection: void setRequestProperty(java.lang.String,java.lang.String)>($r1, $r2)	timediff:1
I/System.out(12695): body:<b.a.a.a.a.e.d: b.a.a.a.a.e.d a(java.lang.String,java.lang.String)>	sig:virtualinvoke $r3.<java.net.HttpURLConnection: void setRequestProperty(java.lang.String,java.lang.String)>($r1, $r2)	timediff:0
I/System.out(12695): body:<b.a.a.a.a.e.d: b.a.a.a.a.e.d a(java.lang.String,java.lang.String)>	sig:virtualinvoke $r3.<java.net.HttpURLConnection: void setRequestProperty(java.lang.String,java.lang.String)>($r1, $r2)	timediff:0
I/System.out(12695): body:<b.a.a.a.a.e.d: b.a.a.a.a.e.d a(java.lang.String,java.lang.String)>	sig:virtualinvoke $r3.<java.net.HttpURLConnection: void setRequestProperty(java.lang.String,java.lang.String)>($r1, $r2)	timediff:0
I/System.out(12695): body:<b.a.a.a.a.e.d: b.a.a.a.a.e.d a(java.lang.String,java.lang.String)>	sig:virtualinvoke $r3.<java.net.HttpURLConnection: void setRequestProperty(java.lang.String,java.lang.String)>($r1, $r2)	timediff:0
I/System.out(12695): body:<b.a.a.a.a.e.d: b.a.a.a.a.e.d a(java.lang.String,java.lang.String)>	sig:virtualinvoke $r3.<java.net.HttpURLConnection: void setRequestProperty(java.lang.String,java.lang.String)>($r1, $r2)	timediff:0
I/System.out(12695): body:<b.a.a.a.a.e.d: b.a.a.a.a.e.d a(java.lang.String,java.lang.String)>	sig:virtualinvoke $r3.<java.net.HttpURLConnection: void setRequestProperty(java.lang.String,java.lang.String)>($r1, $r2)	timediff:0
I/System.out(12695): body:<b.a.a.a.a.e.d: b.a.a.a.a.e.d a(java.lang.String,java.lang.String)>	sig:virtualinvoke $r3.<java.net.HttpURLConnection: void setRequestProperty(java.lang.String,java.lang.String)>($r1, $r2)	timediff:0
I/System.out(12695): body:<b.a.a.a.a.e.d: b.a.a.a.a.e.d a(java.lang.String,java.lang.String)>	sig:virtualinvoke $r3.<java.net.HttpURLConnection: void setRequestProperty(java.lang.String,java.lang.String)>($r1, $r2)	timediff:0
W/ContextImpl(  481): Calling a method in the system process without a qualified user: android.app.ContextImpl.sendBroadcast:1123 com.android.server.InputMethodManagerService.hideCurrentInputLocked:1880 com.android.server.InputMethodManagerService.hideSoftInput:1843 com.android.internal.view.IInputMethodManager$Stub.onTransact:194 com.android.server.InputMethodManagerService.onTransact:818 
W/ContextImpl(  481): Calling a method in the system process without a qualified user: android.app.ContextImpl.sendBroadcast:1123 com.android.server.InputMethodManagerService.hideCurrentInputLocked:1880 com.android.server.InputMethodManagerService.hideSoftInput:1843 com.android.internal.view.IInputMethodManager$Stub.onTransact:194 com.android.server.InputMethodManagerService.onTransact:818 
D/dalvikvm(12695): GC_CONCURRENT freed 431K, 10% free 4515K/5004K, paused 0ms+1ms, total 5ms
V/FlingTracker(  533): computeCurrentVelocity warning: totalweight=0
V/FlingTracker(  533): java.lang.Throwable
V/FlingTracker(  533): 	at com.android.systemui.statusbar.phone.PanelView$FlingTracker.computeCurrentVelocity(PanelView.java:162)
V/FlingTracker(  533): 	at com.android.systemui.statusbar.phone.PanelView$3.onTouch(PanelView.java:462)
V/FlingTracker(  533): 	at android.view.View.dispatchTouchEvent(View.java:7701)
V/FlingTracker(  533): 	at com.android.systemui.statusbar.phone.NotificationPanelView.onTouchEvent(NotificationPanelView.java:138)
V/FlingTracker(  533): 	at com.android.systemui.statusbar.phone.PanelBar.onTouchEvent(PanelBar.java:130)
V/FlingTracker(  533): 	at com.android.systemui.statusbar.phone.PhoneStatusBarView.onTouchEvent(PhoneStatusBarView.java:201)
V/FlingTracker(  533): 	at android.view.View.dispatchTouchEvent(View.java:7706)
V/FlingTracker(  533): 	at android.view.ViewGroup.dispatchTransformedTouchEvent(ViewGroup.java:2210)
V/FlingTracker(  533): 	at android.view.ViewGroup.dispatchTouchEvent(ViewGroup.java:1945)
V/FlingTracker(  533): 	at android.view.ViewGroup.dispatchTransformedTouchEvent(ViewGroup.java:2216)
V/FlingTracker(  533): 	at android.view.ViewGroup.dispatchTouchEvent(ViewGroup.java:1959)
V/FlingTracker(  533): 	at android.view.View.dispatchPointerEvent(View.java:7886)
V/FlingTracker(  533): 	at android.view.ViewRootImpl$ViewPostImeInputStage.processPointerEvent(ViewRootImpl.java:3978)
V/FlingTracker(  533): 	at android.view.ViewRootImpl$ViewPostImeInputStage.onProcess(ViewRootImpl.java:3857)
V/FlingTracker(  533): 	at android.view.ViewRootImpl$InputStage.deliver(ViewRootImpl.java:3423)
V/FlingTracker(  533): 	at android.view.ViewRootImpl$InputStage.onDeliverToNext(ViewRootImpl.java:3473)
V/FlingTracker(  533): 	at android.view.ViewRootImpl$InputStage.forward(ViewRootImpl.java:3442)
V/FlingTracker(  533): 	at android.view.ViewRootImpl$AsyncInputStage.forward(ViewRootImpl.java:3549)
V/FlingTracker(  533): 	at android.view.ViewRootImpl$InputStage.apply(ViewRootImpl.java:3450)
V/FlingTracker(  533): 	at android.view.ViewRootImpl$AsyncInputStage.apply(ViewRootImpl.java:3606)
V/FlingTracker(  533): 	at android.view.ViewRootImpl$InputStage.deliver(ViewRootImpl.java:3423)
V/FlingTracker(  533): 	at android.view.ViewRootImpl$InputStage.onDeliverToNext(ViewRootImpl.java:3473)
V/FlingTracker(  533): 	at android.view.ViewRootImpl$InputStage.forward(ViewRootImpl.java:3442)
V/FlingTracker(  533): 	at android.view.ViewRootImpl$InputStage.apply(ViewRootImpl.java:3450)
V/FlingTracker(  533): 	at android.view.ViewRootImpl$InputStage.deliver(ViewRootImpl.java:3423)
V/FlingTracker(  533): 	at android.view.ViewRootImpl.deliverInputEvent(ViewRootImpl.java:5626)
V/FlingTracker(  533): 	at android.view.ViewRootImpl.doProcessInputEvents(ViewRootImpl.java:5606)
V/FlingTracker(  533): 	at android.view.ViewRootImpl.enqueueInputEvent(ViewRootImpl.java:5577)
V/FlingTracker(  533): 	at android.view.ViewRootImpl$WindowInputEventReceiver.onInputEvent(ViewRootImpl.java:5706)
V/FlingTracker(  533): 	at android.view.InputEventReceiver.dispatchInputEvent(InputEventReceiver.java:185)
V/FlingTracker(  533): 	at android.os.MessageQueue.nativePollOnce(Native Method)
V/FlingTracker(  533): 	at android.os.MessageQueue.next(MessageQueue.java:138)
V/FlingTracker(  533): 	at android.os.Looper.loop(Looper.java:123)
V/FlingTracker(  533): 	at android.app.ActivityThread.main(ActivityThread.java:5019)
V/FlingTracker(  533): 	at java.lang.reflect.Method.invokeNative(Native Method)
V/FlingTracker(  533): 	at java.lang.reflect.Method.invoke(Method.java:515)
V/FlingTracker(  533): 	at com.android.internal.os.ZygoteInit$MethodAndArgsCaller.run(ZygoteInit.java:779)
V/FlingTracker(  533): 	at com.android.internal.os.ZygoteInit.main(ZygoteInit.java:595)
V/FlingTracker(  533): 	at dalvik.system.NativeStart.main(Native Method)
V/PanelView(  533): animationTick called with dtms=0; nothing to do (h=0.0 v=0.0)
I/System.out(12695): body:<b.a.a.a.a.e.d: int b()>	sig:$i0 = virtualinvoke $r2.<java.net.HttpURLConnection: int getResponseCode()>()	timediff:342
I/System.out(12695): body:<b.a.a.a.a.e.d: java.lang.String b(java.lang.String)>	sig:$r1 = virtualinvoke $r2.<java.net.HttpURLConnection: java.lang.String getHeaderField(java.lang.String)>($r1)	timediff:0
I/System.out(12695): body:<b.a.a.a.a.e.d: int a(java.lang.String,int)>	sig:$i0 = virtualinvoke $r2.<java.net.HttpURLConnection: int getHeaderFieldInt(java.lang.String,int)>($r1, $i0)	timediff:1
I/System.out(12695): body:<b.a.a.a.a.e.d: int b()>	sig:$i0 = virtualinvoke $r2.<java.net.HttpURLConnection: int getResponseCode()>()	timediff:0
I/System.out(12695): body:<b.a.a.a.a.e.d: java.io.InputStream g()>	sig:$r2 = virtualinvoke $r1.<java.net.HttpURLConnection: java.io.InputStream getInputStream()>()	timediff:0
I/System.out(12695): body:<empirical.HelperClass: void printURLInfo(java.lang.String,java.lang.String,java.net.URLConnection)>	sig:$r0 = virtualinvoke urlConnection.<java.net.URLConnection: java.net.URL getURL()>()	timediff:0
I/System.out(12695): body:<empirical.HelperClass: void printURLInfo(java.lang.String,java.lang.String,java.net.URLConnection)>	sig:urlString = virtualinvoke $r0.<java.net.URL: java.lang.String toString()>()	timediff:0
I/System.out(12695): body:<empirical.HelperClass: void printURLInfo(java.lang.String,java.lang.String,java.net.URLConnection)>	sig:isDoOutput = virtualinvoke urlConnection.<java.net.URLConnection: boolean getDoOutput()>()	timediff:0
I/System.out(12695): body:<empirical.HelperClass: java.lang.String getHeaderField(java.net.URLConnection,java.lang.String)>	sig:data = virtualinvoke conn.<java.net.URLConnection: java.lang.String getHeaderField(java.lang.String)>(field)	timediff:0
I/System.out(12695): body:<empirical.HelperClass: java.lang.String getHeaderField(java.net.URLConnection,java.lang.String)>	sig:data = virtualinvoke conn.<java.net.URLConnection: java.lang.String getHeaderField(java.lang.String)>(field)	timediff:0
I/System.out(12695): body:<empirical.HelperClass: java.lang.String getHeaderField(java.net.URLConnection,java.lang.String)>	sig:data = virtualinvoke conn.<java.net.URLConnection: java.lang.String getHeaderField(java.lang.String)>(field)	timediff:0
I/System.out(12695): body:<empirical.HelperClass: java.lang.String getHeaderField(java.net.URLConnection,java.lang.String)>	sig:data = virtualinvoke conn.<java.net.URLConnection: java.lang.String getHeaderField(java.lang.String)>(field)	timediff:0
I/System.out(12695): body:<empirical.HelperClass: java.lang.String getHeaderField(java.net.URLConnection,java.lang.String)>	sig:data = virtualinvoke conn.<java.net.URLConnection: java.lang.String getHeaderField(java.lang.String)>(field)	timediff:0
I/System.out(12695): URLConn;%;2;%;<b.a.a.a.a.e.d: java.io.InputStream g()>;%;$r2 = virtualinvoke $r1.<java.net.HttpURLConnection: java.io.InputStream getInputStream()>();%;https://settings.crashlytics.com/spi/v2/platforms/android/apps/com.smsrobot.period/settings?instance=af8e7d37082c8e0f1b8394a8eefde342edc27541&source=1&build_version=25&icon_hash=11f7909907a62984d54eb3aa6509e5d6df1a05cb&display_version=3.4;%;false;%;Not found;%;Not found;%;Not found;%;Not found;%;Not found
I/System.out(12695): body:<b.a.a.a.a.e.d: java.lang.String b(java.lang.String)>	sig:$r1 = virtualinvoke $r2.<java.net.HttpURLConnection: java.lang.String getHeaderField(java.lang.String)>($r1)	timediff:0
I/System.out(12695): body:<b.a.a.a.a.e.d: java.lang.String a(java.lang.CharSequence)>	sig:specialinvoke $r2.<java.net.URL: void <init>(java.lang.String)>($r1)	timediff:0
I/System.out(12695): <b.a.a.a.a.e.d: java.lang.String a(java.lang.CharSequence)>###specialinvoke $r2.<java.net.URL: void <init>(java.lang.String)>($r1)###https://e.crashlytics.com/spi/v2/events
I/System.out(12695): body:<b.a.a.a.a.e.d: java.lang.String a(java.lang.CharSequence)>	sig:$r3 = virtualinvoke $r2.<java.net.URL: java.lang.String getHost()>()	timediff:0
I/System.out(12695): body:<b.a.a.a.a.e.d: java.lang.String a(java.lang.CharSequence)>	sig:$i0 = virtualinvoke $r2.<java.net.URL: int getPort()>()	timediff:0
I/System.out(12695): body:<b.a.a.a.a.e.d: java.lang.String a(java.lang.CharSequence)>	sig:$r3 = virtualinvoke $r2.<java.net.URL: java.lang.String getProtocol()>()	timediff:0
I/System.out(12695): body:<b.a.a.a.a.e.d: java.lang.String a(java.lang.CharSequence)>	sig:$r6 = virtualinvoke $r2.<java.net.URL: java.lang.String getPath()>()	timediff:0
I/System.out(12695): body:<b.a.a.a.a.e.d: java.lang.String a(java.lang.CharSequence)>	sig:$r7 = virtualinvoke $r2.<java.net.URL: java.lang.String getQuery()>()	timediff:0
I/System.out(12695): body:<b.a.a.a.a.e.d: java.lang.String a(java.lang.CharSequence)>	sig:specialinvoke $r5.<java.net.URI: void <init>(java.lang.String,java.lang.String,java.lang.String,java.lang.String,java.lang.String)>($r3, $r1, $r6, $r7, null)	timediff:0
I/System.out(12695): body:<b.a.a.a.a.e.d: java.lang.String a(java.lang.CharSequence)>	sig:$r7 = virtualinvoke $r5.<java.net.URI: java.lang.String toASCIIString()>()	timediff:0
I/System.out(12695): body:<b.a.a.a.a.e.d: void <init>(java.lang.CharSequence,java.lang.String)>	sig:specialinvoke $r4.<java.net.URL: void <init>(java.lang.String)>($r3)	timediff:0
I/System.out(12695): <b.a.a.a.a.e.d: void <init>(java.lang.CharSequence,java.lang.String)>###specialinvoke $r4.<java.net.URL: void <init>(java.lang.String)>($r3)###https://e.crashlytics.com/spi/v2/events
I/System.out(12695): body:<b.a.a.a.a.e.d$b$1: java.net.HttpURLConnection a(java.net.URL)>	sig:$r2 = virtualinvoke $r1.<java.net.URL: java.net.URLConnection openConnection()>()	timediff:0
I/System.out(12695): body:<b.a.a.a.a.e.d: java.net.HttpURLConnection r()>	sig:virtualinvoke $r5.<java.net.HttpURLConnection: void setRequestMethod(java.lang.String)>($r1)	timediff:0
I/System.out(12695): body:<b.a.a.a.a.e.d: b.a.a.a.a.e.d a(boolean)>	sig:virtualinvoke $r1.<java.net.HttpURLConnection: void setUseCaches(boolean)>($z0)	timediff:0
I/System.out(12695): body:<b.a.a.a.a.e.d: b.a.a.a.a.e.d a(int)>	sig:virtualinvoke $r1.<java.net.HttpURLConnection: void setConnectTimeout(int)>($i0)	timediff:0
I/System.out(12695): body:<b.a.a.a.a.e.d: b.a.a.a.a.e.d a(java.lang.String,java.lang.String)>	sig:virtualinvoke $r3.<java.net.HttpURLConnection: void setRequestProperty(java.lang.String,java.lang.String)>($r1, $r2)	timediff:0
I/System.out(12695): body:<b.a.a.a.a.e.d: b.a.a.a.a.e.d a(java.lang.String,java.lang.String)>	sig:virtualinvoke $r3.<java.net.HttpURLConnection: void setRequestProperty(java.lang.String,java.lang.String)>($r1, $r2)	timediff:0
I/System.out(12695): body:<b.a.a.a.a.e.d: b.a.a.a.a.e.d a(java.lang.String,java.lang.String)>	sig:virtualinvoke $r3.<java.net.HttpURLConnection: void setRequestProperty(java.lang.String,java.lang.String)>($r1, $r2)	timediff:0
I/System.out(12695): body:<b.a.a.a.a.e.d: b.a.a.a.a.e.d a(java.lang.String,java.lang.String)>	sig:virtualinvoke $r3.<java.net.HttpURLConnection: void setRequestProperty(java.lang.String,java.lang.String)>($r1, $r2)	timediff:0
I/System.out(12695): body:<b.a.a.a.a.e.d: b.a.a.a.a.e.d a(java.lang.String,java.lang.String)>	sig:virtualinvoke $r3.<java.net.HttpURLConnection: void setRequestProperty(java.lang.String,java.lang.String)>($r1, $r2)	timediff:0
I/System.out(12695): body:<b.a.a.a.a.e.d: b.a.a.a.a.e.d a(java.lang.String,java.lang.String)>	sig:virtualinvoke $r3.<java.net.HttpURLConnection: void setRequestProperty(java.lang.String,java.lang.String)>($r1, $r2)	timediff:0
I/System.out(12695): body:<b.a.a.a.a.e.d: b.a.a.a.a.e.d m()>	sig:virtualinvoke $r2.<java.net.HttpURLConnection: void setDoOutput(boolean)>(1)	timediff:0
I/System.out(12695): body:<b.a.a.a.a.e.d: b.a.a.a.a.e.d m()>	sig:$r3 = virtualinvoke $r2.<java.net.HttpURLConnection: java.lang.String getRequestProperty(java.lang.String)>("Content-Type")	timediff:0
V/InputMethodService(  616): onEvaluateInputViewShown: config.hardKeyboardHidden = 1
W/ContextImpl(  481): Calling a method in the system process without a qualified user: android.app.ContextImpl.sendBroadcast:1123 com.android.server.InputMethodManagerService.showCurrentInputLocked:1791 com.android.server.InputMethodManagerService.showSoftInput:1753 com.android.internal.view.IInputMethodManager$Stub.onTransact:175 com.android.server.InputMethodManagerService.onTransact:818 
W/EGL_emulation(12695): eglSurfaceAttrib not implemented 3093 12436
W/ContextImpl(  481): Calling a method in the system process without a qualified user: android.app.ContextImpl.sendBroadcast:1123 com.android.server.InputMethodManagerService.showCurrentInputLocked:1791 com.android.server.InputMethodManagerService.attachNewInputLocked:1095 com.android.server.InputMethodManagerService.startInputUncheckedLocked:1166 com.android.server.InputMethodManagerService.startInputLocked:1128 
V/InputMethodService(  616): onEvaluateInputViewShown: config.hardKeyboardHidden = 1
V/InputMethodService(  616): onEvaluateInputViewShown: config.hardKeyboardHidden = 1
W/ContextImpl(  481): Calling a method in the system process without a qualified user: android.app.ContextImpl.sendBroadcast:1123 com.android.server.InputMethodManagerService.showCurrentInputLocked:1791 com.android.server.InputMethodManagerService.attachNewInputLocked:1095 com.android.server.InputMethodManagerService.startInputUncheckedLocked:1166 com.android.server.InputMethodManagerService.startInputLocked:1128 
V/InputMethodService(  616): onEvaluateInputViewShown: config.hardKeyboardHidden = 1
W/ContextImpl(  481): Calling a method in the system process without a qualified user: android.app.ContextImpl.sendBroadcast:1123 com.android.server.InputMethodManagerService.showCurrentInputLocked:1791 com.android.server.InputMethodManagerService.attachNewInputLocked:1095 com.android.server.InputMethodManagerService.startInputUncheckedLocked:1166 com.android.server.InputMethodManagerService.startInputLocked:1128 
D/dalvikvm(12695): GC_CONCURRENT freed 424K, 10% free 4554K/5040K, paused 1ms+0ms, total 7ms
V/InputMethodService(  616): onEvaluateInputViewShown: config.hardKeyboardHidden = 1
W/ContextImpl(  481): Calling a method in the system process without a qualified user: android.app.ContextImpl.sendBroadcast:1123 com.android.server.InputMethodManagerService.showCurrentInputLocked:1791 com.android.server.InputMethodManagerService.attachNewInputLocked:1095 com.android.server.InputMethodManagerService.startInputUncheckedLocked:1166 com.android.server.InputMethodManagerService.startInputLocked:1128 
V/InputMethodService(  616): onEvaluateInputViewShown: config.hardKeyboardHidden = 1
V/InputMethodService(  616): onEvaluateInputViewShown: config.hardKeyboardHidden = 1
W/ContextImpl(  481): Calling a method in the system process without a qualified user: android.app.ContextImpl.sendBroadcast:1123 com.android.server.InputMethodManagerService.showCurrentInputLocked:1791 com.android.server.InputMethodManagerService.attachNewInputLocked:1095 com.android.server.InputMethodManagerService.startInputUncheckedLocked:1166 com.android.server.InputMethodManagerService.startInputLocked:1128 
W/ContextImpl(  481): Calling a method in the system process without a qualified user: android.app.ContextImpl.sendBroadcast:1123 com.android.server.InputMethodManagerService.showCurrentInputLocked:1791 com.android.server.InputMethodManagerService.showSoftInput:1753 com.android.internal.view.IInputMethodManager$Stub.onTransact:175 com.android.server.InputMethodManagerService.onTransact:818 
V/InputMethodService(  616): onEvaluateInputViewShown: config.hardKeyboardHidden = 1
W/ContextImpl(  481): Calling a method in the system process without a qualified user: android.app.ContextImpl.sendBroadcast:1123 com.android.server.InputMethodManagerService.showCurrentInputLocked:1791 com.android.server.InputMethodManagerService.attachNewInputLocked:1095 com.android.server.InputMethodManagerService.startInputUncheckedLocked:1166 com.android.server.InputMethodManagerService.startInputLocked:1128 
W/ContextImpl(  481): Calling a method in the system process without a qualified user: android.app.ContextImpl.sendBroadcast:1123 com.android.server.InputMethodManagerService.hideCurrentInputLocked:1880 com.android.server.InputMethodManagerService.hideSoftInput:1843 com.android.internal.view.IInputMethodManager$Stub.onTransact:194 com.android.server.InputMethodManagerService.onTransact:818 
I/System.out(12695): body:<b.a.a.a.a.e.d: b.a.a.a.a.e.d m()>	sig:$r4 = virtualinvoke $r2.<java.net.HttpURLConnection: java.io.OutputStream getOutputStream()>()	timediff:230
V/InputMethodService(  616): onEvaluateInputViewShown: config.hardKeyboardHidden = 1
W/ContextImpl(  481): Calling a method in the system process without a qualified user: android.app.ContextImpl.sendBroadcast:1123 com.android.server.InputMethodManagerService.showCurrentInputLocked:1791 com.android.server.InputMethodManagerService.showSoftInput:1753 com.android.internal.view.IInputMethodManager$Stub.onTransact:175 com.android.server.InputMethodManagerService.onTransact:818 
V/InputMethodService(  616): onEvaluateInputViewShown: config.hardKeyboardHidden = 1
