W/ContextImpl(  481): Calling a method in the system process without a qualified user: android.app.ContextImpl.sendBroadcast:1123 com.android.server.InputMethodManagerService.hideCurrentInputLocked:1880 com.android.server.InputMethodManagerService.windowGainedFocus:1968 com.android.internal.view.IInputMethodManager$Stub.onTransact:221 com.android.server.InputMethodManagerService.onTransact:818 
I/System.out(13353): body:<b.a.a.a.a.e.d: int b()>	sig:$i0 = virtualinvoke $r2.<java.net.HttpURLConnection: int getResponseCode()>()	timediff:73
W/ViewRootImpl(13353): Dropping event due to no window focus: KeyEvent { action=ACTION_DOWN, keyCode=KEYCODE_DPAD_CENTER, scanCode=0, metaState=0, flags=0x8, repeatCount=0, eventTime=686041, downTime=686041, deviceId=-1, source=0x101 }
W/ViewRootImpl(13353): Dropping event due to no window focus: MotionEvent { action=ACTION_MOVE, id[0]=0, x[0]=-5.0, y[0]=-1.0, toolType[0]=TOOL_TYPE_UNKNOWN, buttonState=0, metaState=0, flags=0x0, edgeFlags=0x0, pointerCount=1, historySize=4, eventTime=686044, downTime=-1, deviceId=0, source=0x10004 }
W/InputMethodManagerService(  481): Focus gain on non-focused client com.android.internal.view.IInputMethodClient$Stub$Proxy@4aa06d20 (uid=10150 pid=13353)
W/ViewRootImpl(13353): Dropping event due to no window focus: MotionEvent { action=ACTION_MOVE, id[0]=0, x[0]=3.0, y[0]=4.0, toolType[0]=TOOL_TYPE_UNKNOWN, buttonState=0, metaState=0, flags=0x0, edgeFlags=0x0, pointerCount=1, historySize=24, eventTime=686048, downTime=-1, deviceId=0, source=0x10004 }
W/EGL_emulation(13353): eglSurfaceAttrib not implemented 3093 12436
W/ViewRootImpl(13353): Dropping event due to no window focus: KeyEvent { action=ACTION_DOWN, keyCode=KEYCODE_NUMPAD_DIVIDE, scanCode=0, metaState=0, flags=0x8, repeatCount=0, eventTime=686052, downTime=686052, deviceId=-1, source=0x101 }
W/ContextImpl(  481): Calling a method in the system process without a qualified user: android.app.ContextImpl.sendBroadcast:1123 com.android.server.InputMethodManagerService.hideCurrentInputLocked:1880 com.android.server.InputMethodManagerService.windowGainedFocus:1968 com.android.internal.view.IInputMethodManager$Stub.onTransact:221 com.android.server.InputMethodManagerService.onTransact:818 
W/FlurryAgent(13353): Flurry session paused for context:com.xlabz.homeremedies.actvities.DetailActivity@4a9a0778
I/Ads     (13353): Scheduling ad refresh 30000 milliseconds from now.
I/Ads     (13353): Ad finished loading.
D/dalvikvm(13353): GC_CONCURRENT freed 846K, 11% free 8059K/8968K, paused 1ms+0ms, total 5ms
W/EGL_emulation(13353): eglSurfaceAttrib not implemented 3093 12436
W/ViewRootImpl(13353): Dropping event due to no window focus: KeyEvent { action=ACTION_DOWN, keyCode=KEYCODE_SEMICOLON, scanCode=0, metaState=0, flags=0x8, repeatCount=0, eventTime=686219, downTime=686219, deviceId=-1, source=0x101 }
W/ContextImpl(  481): Calling a method in the system process without a qualified user: android.app.ContextImpl.sendBroadcast:1123 com.android.server.InputMethodManagerService.hideCurrentInputLocked:1880 com.android.server.InputMethodManagerService.windowGainedFocus:1968 com.android.internal.view.IInputMethodManager$Stub.onTransact:221 com.android.server.InputMethodManagerService.onTransact:818 
I/chromium(13353): [INFO:CONSOLE(0)] "Document was loaded from Application Cache with manifest https://googleads.g.doubleclick.net/mads/static/mad/sdk/native/sdk-core-v40-loader.appcache", source: https://googleads.g.doubleclick.net/mads/static/mad/sdk/native/sdk-core-v40-loader.html (0)
I/chromium(13353): [INFO:CONSOLE(0)] "Application Cache Checking event", source: https://googleads.g.doubleclick.net/mads/static/mad/sdk/native/sdk-core-v40-loader.html (0)
I/chromium(13353): [INFO:CONSOLE(0)] "Application Cache Checking event", source: https://googleads.g.doubleclick.net/mads/static/mad/sdk/native/sdk-core-v40-loader.html (0)
I/chromium(13353): [INFO:CONSOLE(0)] "Application Cache NoUpdate event", source: https://googleads.g.doubleclick.net/mads/static/mad/sdk/native/sdk-core-v40-loader.html (0)
I/chromium(13353): [INFO:CONSOLE(0)] "Application Cache NoUpdate event", source: https://googleads.g.doubleclick.net/mads/static/mad/sdk/native/sdk-core-v40-loader.html (0)
I/Ads     (13353): Scheduling ad refresh 30000 milliseconds from now.
I/Ads     (13353): Ad finished loading.
I/ActivityManager(  481): START u0 {cmp=com.xlabz.homeremedies/.actvities.DetailActivity (has extras)} from pid 13353
I/ActivityManager(  481): START u0 {cmp=com.xlabz.homeremedies/.actvities.DetailActivity (has extras)} from pid 13353
I/qtaguid (  711): Untagging socket 169 failed errno=-13
W/NetworkManagementSocketTagger(  711): untagSocket(169) failed with errno -13
I/qtaguid (  711): Untagging socket 253 failed errno=-13
W/NetworkManagementSocketTagger(  711): untagSocket(253) failed with errno -13
D/DynamitePackage(13353): Instantiating com.google.android.gms.ads.ChimeraAdManagerCreatorImpl
I/Ads     (13353): Starting ad request.
I/Ads     (13353): Use AdRequest.Builder.addTestDevice("DADDEACD506FD4BD02989AD39CCF21B7") to get test ads on this device.
W/Ads     (13353): Not retrying to fetch app settings
W/FlurryAgent(13353): Flurry session resumed for context:com.xlabz.homeremedies.actvities.DetailActivity@4a888ad4
W/FlurryAgent(13353): Event count incremented: Disease
W/FlurryAgent(13353): Flurry session paused for context:com.xlabz.homeremedies.actvities.DetailActivity@4a9cbf14
W/Ads     (  711): App does not have the required permissions to get location
W/Herrevad(  711): [917] sjl.a: On wifi, but couldn't get security type
W/DebugConnManager(  711): getNetworkInfo() on networkType 0
I/qtaguid (  711): Untagging socket 243 failed errno=-13
I/ActivityManager(  481): START u0 {cmp=com.xlabz.homeremedies/.actvities.DetailActivity (has extras)} from pid 13353
W/NetworkManagementSocketTagger(  711): untagSocket(243) failed with errno -13
W/EGL_emulation(13353): eglSurfaceAttrib not implemented 3093 12436
D/dalvikvm(  711): GC_CONCURRENT freed 2307K, 38% free 9195K/14604K, paused 2ms+1ms, total 19ms
D/dalvikvm(  711): WAIT_FOR_CONCURRENT_GC blocked 11ms
D/dalvikvm(  711): WAIT_FOR_CONCURRENT_GC blocked 11ms
W/SupportMenuInflater(13353): Cannot instantiate class: android.support.v7.widget.Button
W/SupportMenuInflater(13353): java.lang.ClassNotFoundException: Didn't find class "android.support.v7.widget.Button" on path: DexPathList[[zip file "/data/app/com.xlabz.homeremedies-2.apk"],nativeLibraryDirectories=[/data/app-lib/com.xlabz.homeremedies-2, /system/lib]]
W/SupportMenuInflater(13353): 	at dalvik.system.BaseDexClassLoader.findClass(BaseDexClassLoader.java:56)
W/SupportMenuInflater(13353): 	at java.lang.ClassLoader.loadClass(ClassLoader.java:497)
W/SupportMenuInflater(13353): 	at java.lang.ClassLoader.loadClass(ClassLoader.java:457)
W/SupportMenuInflater(13353): 	at android.support.v7.view.g$b.a(dalvik_source_com.xlabz.homeremedies.apk)
W/SupportMenuInflater(13353): 	at android.support.v7.view.g$b.a(dalvik_source_com.xlabz.homeremedies.apk)
W/SupportMenuInflater(13353): 	at android.support.v7.view.g$b.b(dalvik_source_com.xlabz.homeremedies.apk)
W/SupportMenuInflater(13353): 	at android.support.v7.view.g.a(dalvik_source_com.xlabz.homeremedies.apk)
W/SupportMenuInflater(13353): 	at android.support.v7.view.g.inflate(dalvik_source_com.xlabz.homeremedies.apk)
W/SupportMenuInflater(13353): 	at com.xlabz.homeremedies.actvities.DetailActivity.onCreateOptionsMenu(dalvik_source_com.xlabz.homeremedies.apk)
W/SupportMenuInflater(13353): 	at android.app.Activity.onCreatePanelMenu(Activity.java:2538)
W/SupportMenuInflater(13353): 	at android.support.v4.app.FragmentActivity.onCreatePanelMenu(dalvik_source_com.xlabz.homeremedies.apk)
W/SupportMenuInflater(13353): 	at android.support.v7.view.i.onCreatePanelMenu(dalvik_source_com.xlabz.homeremedies.apk)
W/SupportMenuInflater(13353): 	at android.support.v7.app.f$b.onCreatePanelMenu(dalvik_source_com.xlabz.homeremedies.apk)
W/SupportMenuInflater(13353): 	at android.support.v7.app.k.b(dalvik_source_com.xlabz.homeremedies.apk)
W/SupportMenuInflater(13353): 	at android.support.v7.app.k.f(dalvik_source_com.xlabz.homeremedies.apk)
W/SupportMenuInflater(13353): 	at android.support.v7.app.k$1.run(dalvik_source_com.xlabz.homeremedies.apk)
W/SupportMenuInflater(13353): 	at android.os.Handler.handleCallback(Handler.java:733)
W/SupportMenuInflater(13353): 	at android.os.Handler.dispatchMessage(Handler.java:95)
W/SupportMenuInflater(13353): 	at android.os.Looper.loop(Looper.java:136)
W/SupportMenuInflater(13353): 	at android.app.ActivityThread.main(ActivityThread.java:5019)
W/SupportMenuInflater(13353): 	at java.lang.reflect.Method.invokeNative(Native Method)
W/SupportMenuInflater(13353): 	at java.lang.reflect.Method.invoke(Method.java:515)
W/SupportMenuInflater(13353): 	at com.android.internal.os.ZygoteInit$MethodAndArgsCaller.run(ZygoteInit.java:779)
W/SupportMenuInflater(13353): 	at com.android.internal.os.ZygoteInit.main(ZygoteInit.java:595)
W/SupportMenuInflater(13353): 	at dalvik.system.NativeStart.main(Native Method)
D/dalvikvm(13353): GC_CONCURRENT freed 719K, 9% free 8992K/9848K, paused 2ms+1ms, total 7ms
I/dalvikvm(13353): Could not find method android.app.NotificationManager.getNotificationChannel, referenced from method jh.a
W/dalvikvm(13353): VFY: unable to resolve virtual method 1943: Landroid/app/NotificationManager;.getNotificationChannel (Ljava/lang/String;)Landroid/app/NotificationChannel;
D/dalvikvm(13353): VFY: replacing opcode 0x6e at 0x000c
I/dalvikvm(13353): Could not find method android.app.Notification$Builder.setChannelId, referenced from method jh.a
W/dalvikvm(13353): VFY: unable to resolve virtual method 1899: Landroid/app/Notification$Builder;.setChannelId (Ljava/lang/String;)Landroid/app/Notification$Builder;
D/dalvikvm(13353): VFY: replacing opcode 0x6e at 0x0086
D/dalvikvm(13353): DexOpt: unable to opt direct call 0x0792 at 0x19 in Ljh;.a
I/qtaguid (  711): Tagging socket 248 with tag 3000010500000000(805306629) for uid -1 failed errno=-13
I/NetworkManagementSocketTagger(  711): tagSocketFd(248, 805306629, -1) failed with errno-13
D/DynamitePackage(13353): Instantiating com.google.android.gms.ads.ChimeraAdManagerCreatorImpl
I/Ads     (13353): Starting ad request.
I/Ads     (13353): Use AdRequest.Builder.addTestDevice("DADDEACD506FD4BD02989AD39CCF21B7") to get test ads on this device.
W/Ads     (13353): Not retrying to fetch app settings
D/DynamitePackage(13353): Instantiating com.google.android.gms.ads.ChimeraAdManagerCreatorImpl
I/Ads     (13353): Starting ad request.
I/Ads     (13353): Use AdRequest.Builder.addTestDevice("DADDEACD506FD4BD02989AD39CCF21B7") to get test ads on this device.
W/Ads     (13353): Not retrying to fetch app settings
W/FlurryAgent(13353): Flurry session resumed for context:com.xlabz.homeremedies.actvities.DetailActivity@4a8bc134
W/FlurryAgent(13353): Event count incremented: Disease
W/Ads     (  711): App does not have the required permissions to get location
W/Herrevad(  711): [917] sjl.a: On wifi, but couldn't get security type
W/Ads     (  711): App does not have the required permissions to get location
W/DebugConnManager(  711): getNetworkInfo() on networkType 0
I/ActivityManager(  481): START u0 {act=android.intent.action.MAIN cat=[android.intent.category.LAUNCHER] flg=0x10000000 sel={act=android.intent.action.MAIN cat=[android.intent.category.APP_CALCULATOR]}} from pid 481
W/EGL_emulation(13353): eglSurfaceAttrib not implemented 3093 12436
W/SupportMenuInflater(13353): Cannot instantiate class: android.support.v7.widget.Button
W/SupportMenuInflater(13353): java.lang.ClassNotFoundException: Didn't find class "android.support.v7.widget.Button" on path: DexPathList[[zip file "/data/app/com.xlabz.homeremedies-2.apk"],nativeLibraryDirectories=[/data/app-lib/com.xlabz.homeremedies-2, /system/lib]]
W/SupportMenuInflater(13353): 	at dalvik.system.BaseDexClassLoader.findClass(BaseDexClassLoader.java:56)
W/SupportMenuInflater(13353): 	at java.lang.ClassLoader.loadClass(ClassLoader.java:497)
W/SupportMenuInflater(13353): 	at java.lang.ClassLoader.loadClass(ClassLoader.java:457)
W/SupportMenuInflater(13353): 	at android.support.v7.view.g$b.a(dalvik_source_com.xlabz.homeremedies.apk)
W/SupportMenuInflater(13353): 	at android.support.v7.view.g$b.a(dalvik_source_com.xlabz.homeremedies.apk)
W/SupportMenuInflater(13353): 	at android.support.v7.view.g$b.b(dalvik_source_com.xlabz.homeremedies.apk)
W/SupportMenuInflater(13353): 	at android.support.v7.view.g.a(dalvik_source_com.xlabz.homeremedies.apk)
W/SupportMenuInflater(13353): 	at android.support.v7.view.g.inflate(dalvik_source_com.xlabz.homeremedies.apk)
W/SupportMenuInflater(13353): 	at com.xlabz.homeremedies.actvities.DetailActivity.onCreateOptionsMenu(dalvik_source_com.xlabz.homeremedies.apk)
W/SupportMenuInflater(13353): 	at android.app.Activity.onCreatePanelMenu(Activity.java:2538)
W/SupportMenuInflater(13353): 	at android.support.v4.app.FragmentActivity.onCreatePanelMenu(dalvik_source_com.xlabz.homeremedies.apk)
W/SupportMenuInflater(13353): 	at android.support.v7.view.i.onCreatePanelMenu(dalvik_source_com.xlabz.homeremedies.apk)
W/SupportMenuInflater(13353): 	at android.support.v7.app.f$b.onCreatePanelMenu(dalvik_source_com.xlabz.homeremedies.apk)
W/SupportMenuInflater(13353): 	at android.support.v7.app.k.b(dalvik_source_com.xlabz.homeremedies.apk)
W/SupportMenuInflater(13353): 	at android.support.v7.app.k.f(dalvik_source_com.xlabz.homeremedies.apk)
W/SupportMenuInflater(13353): 	at android.support.v7.app.k$1.run(dalvik_source_com.xlabz.homeremedies.apk)
W/SupportMenuInflater(13353): 	at android.os.Handler.handleCallback(Handler.java:733)
W/SupportMenuInflater(13353): 	at android.os.Handler.dispatchMessage(Handler.java:95)
W/SupportMenuInflater(13353): 	at android.os.Looper.loop(Looper.java:136)
W/SupportMenuInflater(13353): 	at android.app.ActivityThread.main(ActivityThread.java:5019)
W/SupportMenuInflater(13353): 	at java.lang.reflect.Method.invokeNative(Native Method)
W/SupportMenuInflater(13353): 	at java.lang.reflect.Method.invoke(Method.java:515)
W/SupportMenuInflater(13353): 	at com.android.internal.os.ZygoteInit$MethodAndArgsCaller.run(ZygoteInit.java:779)
W/SupportMenuInflater(13353): 	at com.android.internal.os.ZygoteInit.main(ZygoteInit.java:595)
W/SupportMenuInflater(13353): 	at dalvik.system.NativeStart.main(Native Method)
W/ViewRootImpl(13353): Dropping event due to no window focus: KeyEvent { action=ACTION_DOWN, keyCode=KEYCODE_MEDIA_PREVIOUS, scanCode=0, metaState=0, flags=0x8, repeatCount=0, eventTime=686563, downTime=686563, deviceId=-1, source=0x101 }
I/qtaguid (  711): Tagging socket 169 with tag 3000010500000000(805306629) for uid -1 failed errno=-13
I/ActivityManager(  481): Displayed com.xlabz.homeremedies/.actvities.DetailActivity: +161ms (total +249ms)
W/ContextImpl(  481): Calling a method in the system process without a qualified user: android.app.ContextImpl.sendBroadcast:1123 com.android.server.InputMethodManagerService.hideCurrentInputLocked:1880 com.android.server.InputMethodManagerService.windowGainedFocus:1968 com.android.internal.view.IInputMethodManager$Stub.onTransact:221 com.android.server.InputMethodManagerService.onTransact:818 
I/NetworkManagementSocketTagger(  711): tagSocketFd(169, 805306629, -1) failed with errno-13
I/qtaguid (  711): Tagging socket 253 with tag 3000010500000000(805306629) for uid -1 failed errno=-13
I/NetworkManagementSocketTagger(  711): tagSocketFd(253, 805306629, -1) failed with errno-13
D/dalvikvm(  711): GC_CONCURRENT freed 1551K, 34% free 9682K/14604K, paused 2ms+9ms, total 24ms
W/InputManager(  481): Input event injection from pid 13343 failed.
W/InputManager(  481): Input event injection from pid 13343 failed.
W/InputManager(  481): Input event injection from pid 13343 failed.
W/InputManager(  481): Input event injection from pid 13343 failed.
W/EGL_emulation(13353): eglSurfaceAttrib not implemented 3093 12436
W/ContextImpl(  481): Calling a method in the system process without a qualified user: android.app.ContextImpl.sendBroadcast:1123 com.android.server.InputMethodManagerService.hideCurrentInputLocked:1880 com.android.server.InputMethodManagerService.windowGainedFocus:1968 com.android.internal.view.IInputMethodManager$Stub.onTransact:221 com.android.server.InputMethodManagerService.onTransact:818 
I/ActivityManager(  481): START u0 {act=android.intent.action.MAIN cat=[android.intent.category.LAUNCHER] flg=0x10200000 cmp=com.xlabz.homeremedies/.actvities.MainActivity} from pid 13343
I/qtaguid (  711): Untagging socket 248 failed errno=-13
W/NetworkManagementSocketTagger(  711): untagSocket(248) failed with errno -13
W/FlurryAgent(13353): Flurry session paused for context:com.xlabz.homeremedies.actvities.DetailActivity@4a8bc134
I/Ads     (13353): Trying mediation network: 
I/Ads     (13353): Instantiating mediation adapter: com.google.DummyAdapter
I/Ads     (13353): No fill from any mediation ad networks.
I/Ads     (13353): Scheduling ad refresh 30000 milliseconds from now.
W/Ads     (13353): Failed to load ad: 3
D/dalvikvm(  711): GC_CONCURRENT freed 425K, 21% free 11548K/14604K, paused 2ms+1ms, total 18ms
I/System.out(13353): body:<com.parse.dr: java.net.HttpURLConnection b(com.parse.a.b)>	sig:specialinvoke $r2.<java.net.URL: void <init>(java.lang.String)>($r3)	timediff:1
I/System.out(13353): <com.parse.dr: java.net.HttpURLConnection b(com.parse.a.b)>###specialinvoke $r2.<java.net.URL: void <init>(java.lang.String)>($r3)###https://promotion.xlabzapi.com/parse/classes/UserDetails
D/dalvikvm(13353): GC_CONCURRENT freed 2077K, 20% free 8964K/11104K, paused 2ms+2ms, total 17ms
I/System.out(13353): body:<com.parse.dr: java.net.HttpURLConnection b(com.parse.a.b)>	sig:$r4 = virtualinvoke $r2.<java.net.URL: java.net.URLConnection openConnection()>()	timediff:0
I/System.out(13353): body:<com.parse.dr: java.net.HttpURLConnection b(com.parse.a.b)>	sig:virtualinvoke $r5.<java.net.HttpURLConnection: void setRequestMethod(java.lang.String)>($r3)	timediff:0
I/System.out(13353): body:<com.parse.dr: java.net.HttpURLConnection b(com.parse.a.b)>	sig:virtualinvoke $r5.<java.net.HttpURLConnection: void setConnectTimeout(int)>($i0)	timediff:0
I/System.out(13353): body:<com.parse.dr: java.net.HttpURLConnection b(com.parse.a.b)>	sig:virtualinvoke $r5.<java.net.HttpURLConnection: void setReadTimeout(int)>($i0)	timediff:0
I/System.out(13353): body:<com.parse.dr: java.net.HttpURLConnection b(com.parse.a.b)>	sig:virtualinvoke $r5.<java.net.HttpURLConnection: void setDoInput(boolean)>(1)	timediff:0
I/System.out(13353): body:<com.parse.dr: java.net.HttpURLConnection b(com.parse.a.b)>	sig:virtualinvoke $r5.<java.net.HttpURLConnection: void setInstanceFollowRedirects(boolean)>(0)	timediff:0
I/System.out(13353): body:<com.parse.dr: java.net.HttpURLConnection b(com.parse.a.b)>	sig:virtualinvoke $r5.<java.net.HttpURLConnection: void setRequestProperty(java.lang.String,java.lang.String)>($r3, $r12)	timediff:0
I/System.out(13353): body:<com.parse.dr: java.net.HttpURLConnection b(com.parse.a.b)>	sig:virtualinvoke $r5.<java.net.HttpURLConnection: void setRequestProperty(java.lang.String,java.lang.String)>($r3, $r12)	timediff:0
I/System.out(13353): body:<com.parse.dr: java.net.HttpURLConnection b(com.parse.a.b)>	sig:virtualinvoke $r5.<java.net.HttpURLConnection: void setRequestProperty(java.lang.String,java.lang.String)>($r3, $r12)	timediff:0
I/System.out(13353): body:<com.parse.dr: java.net.HttpURLConnection b(com.parse.a.b)>	sig:virtualinvoke $r5.<java.net.HttpURLConnection: void setRequestProperty(java.lang.String,java.lang.String)>($r3, $r12)	timediff:0
I/System.out(13353): body:<com.parse.dr: java.net.HttpURLConnection b(com.parse.a.b)>	sig:virtualinvoke $r5.<java.net.HttpURLConnection: void setRequestProperty(java.lang.String,java.lang.String)>($r3, $r12)	timediff:0
I/System.out(13353): body:<com.parse.dr: java.net.HttpURLConnection b(com.parse.a.b)>	sig:virtualinvoke $r5.<java.net.HttpURLConnection: void setRequestProperty(java.lang.String,java.lang.String)>($r3, $r12)	timediff:0
I/System.out(13353): body:<com.parse.dr: java.net.HttpURLConnection b(com.parse.a.b)>	sig:virtualinvoke $r5.<java.net.HttpURLConnection: void setRequestProperty(java.lang.String,java.lang.String)>($r3, $r12)	timediff:0
I/System.out(13353): body:<com.parse.dr: java.net.HttpURLConnection b(com.parse.a.b)>	sig:virtualinvoke $r5.<java.net.HttpURLConnection: void setRequestProperty(java.lang.String,java.lang.String)>($r3, $r12)	timediff:0
I/System.out(13353): body:<com.parse.dr: java.net.HttpURLConnection b(com.parse.a.b)>	sig:virtualinvoke $r5.<java.net.HttpURLConnection: void setRequestProperty(java.lang.String,java.lang.String)>("Content-Length", $r12)	timediff:0
I/System.out(13353): body:<com.parse.dr: java.net.HttpURLConnection b(com.parse.a.b)>	sig:virtualinvoke $r5.<java.net.HttpURLConnection: void setRequestProperty(java.lang.String,java.lang.String)>("Content-Type", $r12)	timediff:0
I/System.out(13353): body:<com.parse.dr: java.net.HttpURLConnection b(com.parse.a.b)>	sig:virtualinvoke $r5.<java.net.HttpURLConnection: void setFixedLengthStreamingMode(long)>($l1)	timediff:0
I/System.out(13353): body:<com.parse.dr: java.net.HttpURLConnection b(com.parse.a.b)>	sig:virtualinvoke $r5.<java.net.HttpURLConnection: void setDoOutput(boolean)>(1)	timediff:0
W/EGL_emulation(13353): eglSurfaceAttrib not implemented 3093 12436
W/ContextImpl(  481): Calling a method in the system process without a qualified user: android.app.ContextImpl.sendBroadcast:1123 com.android.server.InputMethodManagerService.hideCurrentInputLocked:1880 com.android.server.InputMethodManagerService.windowGainedFocus:1968 com.android.internal.view.IInputMethodManager$Stub.onTransact:221 com.android.server.InputMethodManagerService.onTransact:818 
W/FlurryAgent(13353): Flurry session paused for context:com.xlabz.homeremedies.actvities.DetailActivity@4a888ad4
V/PanelView(  533): animationTick called with dtms=0; nothing to do (h=0.0 v=0.0)
I/qtaguid (  711): Untagging socket 253 failed errno=-13
W/NetworkManagementSocketTagger(  711): untagSocket(253) failed with errno -13
I/Ads     (13353): Trying mediation network: 
I/Ads     (13353): Instantiating mediation adapter: com.google.DummyAdapter
I/Ads     (13353): No fill from any mediation ad networks.
I/Ads     (13353): Scheduling ad refresh 30000 milliseconds from now.
W/Ads     (13353): Failed to load ad: 3
I/Ads     (13353): Scheduling ad refresh 30000 milliseconds from now.
I/Ads     (13353): Ad finished loading.
I/ActivityManager(  481): START u0 {cmp=com.xlabz.homeremedies/.actvities.DetailActivity (has extras)} from pid 13353
W/ViewRootImpl(13353): Dropping event due to no window focus: KeyEvent { action=ACTION_DOWN, keyCode=KEYCODE_DPAD_DOWN, scanCode=0, metaState=0, flags=0x400, repeatCount=0, eventTime=687011, downTime=687011, deviceId=-1, source=0x101 }
W/ViewRootImpl(13353): Dropping event due to no window focus: KeyEvent { action=ACTION_DOWN, keyCode=KEYCODE_DPAD_CENTER, scanCode=0, metaState=0, flags=0x400, repeatCount=0, eventTime=687011, downTime=687011, deviceId=-1, source=0x101 }
D/DynamitePackage(13353): Instantiating com.google.android.gms.ads.ChimeraAdManagerCreatorImpl
I/Ads     (13353): Starting ad request.
I/Ads     (13353): Use AdRequest.Builder.addTestDevice("DADDEACD506FD4BD02989AD39CCF21B7") to get test ads on this device.
W/Ads     (13353): Not retrying to fetch app settings
W/FlurryAgent(13353): Flurry session resumed for context:com.xlabz.homeremedies.actvities.DetailActivity@4ab532c0
W/FlurryAgent(13353): Event count incremented: Disease
D/dalvikvm(  711): GC_CONCURRENT freed 1915K, 14% free 12580K/14620K, paused 2ms+1ms, total 42ms
W/EGL_emulation(13353): eglSurfaceAttrib not implemented 3093 12436
W/SupportMenuInflater(13353): Cannot instantiate class: android.support.v7.widget.Button
W/SupportMenuInflater(13353): java.lang.ClassNotFoundException: Didn't find class "android.support.v7.widget.Button" on path: DexPathList[[zip file "/data/app/com.xlabz.homeremedies-2.apk"],nativeLibraryDirectories=[/data/app-lib/com.xlabz.homeremedies-2, /system/lib]]
W/SupportMenuInflater(13353): 	at dalvik.system.BaseDexClassLoader.findClass(BaseDexClassLoader.java:56)
W/SupportMenuInflater(13353): 	at java.lang.ClassLoader.loadClass(ClassLoader.java:497)
W/SupportMenuInflater(13353): 	at java.lang.ClassLoader.loadClass(ClassLoader.java:457)
W/SupportMenuInflater(13353): 	at android.support.v7.view.g$b.a(dalvik_source_com.xlabz.homeremedies.apk)
W/SupportMenuInflater(13353): 	at android.support.v7.view.g$b.a(dalvik_source_com.xlabz.homeremedies.apk)
W/SupportMenuInflater(13353): 	at android.support.v7.view.g$b.b(dalvik_source_com.xlabz.homeremedies.apk)
W/SupportMenuInflater(13353): 	at android.support.v7.view.g.a(dalvik_source_com.xlabz.homeremedies.apk)
W/SupportMenuInflater(13353): 	at android.support.v7.view.g.inflate(dalvik_source_com.xlabz.homeremedies.apk)
W/SupportMenuInflater(13353): 	at com.xlabz.homeremedies.actvities.DetailActivity.onCreateOptionsMenu(dalvik_source_com.xlabz.homeremedies.apk)
W/SupportMenuInflater(13353): 	at android.app.Activity.onCreatePanelMenu(Activity.java:2538)
W/SupportMenuInflater(13353): 	at android.support.v4.app.FragmentActivity.onCreatePanelMenu(dalvik_source_com.xlabz.homeremedies.apk)
W/SupportMenuInflater(13353): 	at android.support.v7.view.i.onCreatePanelMenu(dalvik_source_com.xlabz.homeremedies.apk)
W/SupportMenuInflater(13353): 	at android.support.v7.app.f$b.onCreatePanelMenu(dalvik_source_com.xlabz.homeremedies.apk)
W/SupportMenuInflater(13353): 	at android.support.v7.app.k.b(dalvik_source_com.xlabz.homeremedies.apk)
W/SupportMenuInflater(13353): 	at android.support.v7.app.k.f(dalvik_source_com.xlabz.homeremedies.apk)
W/SupportMenuInflater(13353): 	at android.support.v7.app.k$1.run(dalvik_source_com.xlabz.homeremedies.apk)
W/SupportMenuInflater(13353): 	at android.os.Handler.handleCallback(Handler.java:733)
W/SupportMenuInflater(13353): 	at android.os.Handler.dispatchMessage(Handler.java:95)
W/SupportMenuInflater(13353): 	at android.os.Looper.loop(Looper.java:136)
W/SupportMenuInflater(13353): 	at android.app.ActivityThread.main(ActivityThread.java:5019)
W/SupportMenuInflater(13353): 	at java.lang.reflect.Method.invokeNative(Native Method)
W/SupportMenuInflater(13353): 	at java.lang.reflect.Method.invoke(Method.java:515)
W/SupportMenuInflater(13353): 	at com.android.internal.os.ZygoteInit$MethodAndArgsCaller.run(ZygoteInit.java:779)
W/SupportMenuInflater(13353): 	at com.android.internal.os.ZygoteInit.main(ZygoteInit.java:595)
W/SupportMenuInflater(13353): 	at dalvik.system.NativeStart.main(Native Method)
W/ViewRootImpl(13353): Dropping event due to no window focus: KeyEvent { action=ACTION_DOWN, keyCode=KEYCODE_META_RIGHT, scanCode=0, metaState=0, flags=0x8, repeatCount=0, eventTime=687003, downTime=687003, deviceId=-1, source=0x101 }
W/Ads     (  711): App does not have the required permissions to get location
D/dalvikvm(  711): WAIT_FOR_CONCURRENT_GC blocked 23ms
W/Herrevad(  711): [740] sjl.a: On wifi, but couldn't get security type
W/DebugConnManager(  711): getNetworkInfo() on networkType 0
I/ActivityManager(  481): Displayed com.xlabz.homeremedies/.actvities.DetailActivity: +84ms
W/ContextImpl(  481): Calling a method in the system process without a qualified user: android.app.ContextImpl.sendBroadcast:1123 com.android.server.InputMethodManagerService.hideCurrentInputLocked:1880 com.android.server.InputMethodManagerService.windowGainedFocus:1968 com.android.internal.view.IInputMethodManager$Stub.onTransact:221 com.android.server.InputMethodManagerService.onTransact:818 
I/qtaguid (  711): Untagging socket 169 failed errno=-13
W/NetworkManagementSocketTagger(  711): untagSocket(169) failed with errno -13
I/qtaguid (  711): Tagging socket 243 with tag 3000010500000000(805306629) for uid -1 failed errno=-13
I/NetworkManagementSocketTagger(  711): tagSocketFd(243, 805306629, -1) failed with errno-13
D/dalvikvm(13353): GC_FOR_ALLOC freed 1802K, 19% free 9076K/11104K, paused 6ms, total 7ms
I/Ads     (13353): Scheduling ad refresh 30000 milliseconds from now.
I/Ads     (13353): Ad finished loading.
V/FlingTracker(  533): computeCurrentVelocity warning: totalweight=0
V/FlingTracker(  533): java.lang.Throwable
V/FlingTracker(  533): 	at com.android.systemui.statusbar.phone.PanelView$FlingTracker.computeCurrentVelocity(PanelView.java:162)
V/FlingTracker(  533): 	at com.android.systemui.statusbar.phone.PanelView$3.onTouch(PanelView.java:462)
V/FlingTracker(  533): 	at android.view.View.dispatchTouchEvent(View.java:7701)
V/FlingTracker(  533): 	at com.android.systemui.statusbar.phone.NotificationPanelView.onTouchEvent(NotificationPanelView.java:138)
V/FlingTracker(  533): 	at com.android.systemui.statusbar.phone.PanelBar.onTouchEvent(PanelBar.java:130)
V/FlingTracker(  533): 	at com.android.systemui.statusbar.phone.PhoneStatusBarView.onTouchEvent(PhoneStatusBarView.java:201)
V/FlingTracker(  533): 	at android.view.View.dispatchTouchEvent(View.java:7706)
V/FlingTracker(  533): 	at android.view.ViewGroup.dispatchTransformedTouchEvent(ViewGroup.java:2210)
V/FlingTracker(  533): 	at android.view.ViewGroup.dispatchTouchEvent(ViewGroup.java:1945)
V/FlingTracker(  533): 	at android.view.ViewGroup.dispatchTransformedTouchEvent(ViewGroup.java:2216)
V/FlingTracker(  533): 	at android.view.ViewGroup.dispatchTouchEvent(ViewGroup.java:1959)
V/FlingTracker(  533): 	at android.view.View.dispatchPointerEvent(View.java:7886)
V/FlingTracker(  533): 	at android.view.ViewRootImpl$ViewPostImeInputStage.processPointerEvent(ViewRootImpl.java:3978)
V/FlingTracker(  533): 	at android.view.ViewRootImpl$ViewPostImeInputStage.onProcess(ViewRootImpl.java:3857)
V/FlingTracker(  533): 	at android.view.ViewRootImpl$InputStage.deliver(ViewRootImpl.java:3423)
V/FlingTracker(  533): 	at android.view.ViewRootImpl$InputStage.onDeliverToNext(ViewRootImpl.java:3473)
V/FlingTracker(  533): 	at android.view.ViewRootImpl$InputStage.forward(ViewRootImpl.java:3442)
V/FlingTracker(  533): 	at android.view.ViewRootImpl$AsyncInputStage.forward(ViewRootImpl.java:3549)
V/FlingTracker(  533): 	at android.view.ViewRootImpl$InputStage.apply(ViewRootImpl.java:3450)
V/FlingTracker(  533): 	at android.view.ViewRootImpl$AsyncInputStage.apply(ViewRootImpl.java:3606)
V/FlingTracker(  533): 	at android.view.ViewRootImpl$InputStage.deliver(ViewRootImpl.java:3423)
V/FlingTracker(  533): 	at android.view.ViewRootImpl$InputStage.onDeliverToNext(ViewRootImpl.java:3473)
V/FlingTracker(  533): 	at android.view.ViewRootImpl$InputStage.forward(ViewRootImpl.java:3442)
V/FlingTracker(  533): 	at android.view.ViewRootImpl$InputStage.apply(ViewRootImpl.java:3450)
V/FlingTracker(  533): 	at android.view.ViewRootImpl$InputStage.deliver(ViewRootImpl.java:3423)
V/FlingTracker(  533): 	at android.view.ViewRootImpl.deliverInputEvent(ViewRootImpl.java:5626)
V/FlingTracker(  533): 	at android.view.ViewRootImpl.doProcessInputEvents(ViewRootImpl.java:5606)
V/FlingTracker(  533): 	at android.view.ViewRootImpl.enqueueInputEvent(ViewRootImpl.java:5577)
V/FlingTracker(  533): 	at android.view.ViewRootImpl$WindowInputEventReceiver.onInputEvent(ViewRootImpl.java:5706)
V/FlingTracker(  533): 	at android.view.InputEventReceiver.dispatchInputEvent(InputEventReceiver.java:185)
V/FlingTracker(  533): 	at android.os.MessageQueue.nativePollOnce(Native Method)
V/FlingTracker(  533): 	at android.os.MessageQueue.next(MessageQueue.java:138)
V/FlingTracker(  533): 	at android.os.Looper.loop(Looper.java:123)
V/FlingTracker(  533): 	at android.app.ActivityThread.main(ActivityThread.java:5019)
V/FlingTracker(  533): 	at java.lang.reflect.Method.invokeNative(Native Method)
V/FlingTracker(  533): 	at java.lang.reflect.Method.invoke(Method.java:515)
V/FlingTracker(  533): 	at com.android.internal.os.ZygoteInit$MethodAndArgsCaller.run(ZygoteInit.java:779)
V/FlingTracker(  533): 	at com.android.internal.os.ZygoteInit.main(ZygoteInit.java:595)
V/FlingTracker(  533): 	at dalvik.system.NativeStart.main(Native Method)
V/PanelView(  533): animationTick called with dtms=0; nothing to do (h=0.0 v=0.0)
D/dalvikvm(  711): GC_CONCURRENT freed 5207K, 34% free 10664K/15996K, paused 2ms+2ms, total 26ms
D/dalvikvm(  711): WAIT_FOR_CONCURRENT_GC blocked 10ms
W/EGL_emulation(13353): eglSurfaceAttrib not implemented 3093 12436
W/ViewRootImpl(13353): Dropping event due to no window focus: KeyEvent { action=ACTION_DOWN, keyCode=KEYCODE_MEDIA_RECORD, scanCode=0, metaState=0, flags=0x8, repeatCount=0, eventTime=687268, downTime=687268, deviceId=-1, source=0x101 }
W/ContextImpl(  481): Calling a method in the system process without a qualified user: android.app.ContextImpl.sendBroadcast:1123 com.android.server.InputMethodManagerService.hideCurrentInputLocked:1880 com.android.server.InputMethodManagerService.windowGainedFocus:1968 com.android.internal.view.IInputMethodManager$Stub.onTransact:221 com.android.server.InputMethodManagerService.onTransact:818 
W/ViewRootImpl(13353): Dropping event due to no window focus: KeyEvent { action=ACTION_DOWN, keyCode=KEYCODE_DPAD_UP, scanCode=0, metaState=0, flags=0x400, repeatCount=0, eventTime=687297, downTime=687297, deviceId=-1, source=0x101 }
W/ViewRootImpl(13353): Dropping event due to no window focus: KeyEvent { action=ACTION_DOWN, keyCode=KEYCODE_DPAD_UP, scanCode=0, metaState=0, flags=0x400, repeatCount=0, eventTime=687297, downTime=687297, deviceId=-1, source=0x101 }
W/ViewRootImpl(13353): Dropping event due to no window focus: KeyEvent { action=ACTION_DOWN, keyCode=KEYCODE_DPAD_UP, scanCode=0, metaState=0, flags=0x400, repeatCount=0, eventTime=687297, downTime=687297, deviceId=-1, source=0x101 }
W/ViewRootImpl(13353): Dropping event due to no window focus: KeyEvent { action=ACTION_DOWN, keyCode=KEYCODE_DPAD_CENTER, scanCode=0, metaState=0, flags=0x400, repeatCount=0, eventTime=687297, downTime=687297, deviceId=-1, source=0x101 }
W/ViewRootImpl(13353): Dropping event due to no window focus: KeyEvent { action=ACTION_DOWN, keyCode=KEYCODE_DPAD_RIGHT, scanCode=0, metaState=0, flags=0x8, repeatCount=0, eventTime=687327, downTime=687327, deviceId=-1, source=0x101 }
W/EGL_emulation(13353): eglSurfaceAttrib not implemented 3093 12436
W/ViewRootImpl(13353): Dropping event due to no window focus: KeyEvent { action=ACTION_DOWN, keyCode=KEYCODE_DPAD_LEFT, scanCode=0, metaState=0, flags=0x8, repeatCount=0, eventTime=687353, downTime=687353, deviceId=-1, source=0x101 }
I/ActivityManager(  481): START u0 {act=android.intent.action.MAIN cat=[android.intent.category.LAUNCHER] flg=0x10000000 sel={act=android.intent.action.MAIN cat=[android.intent.category.APP_EMAIL]}} from pid 481
I/ActivityManager(  481): START u0 {act=android.intent.action.MAIN cat=[android.intent.category.LAUNCHER] flg=0x10000000 sel={act=android.intent.action.MAIN cat=[android.intent.category.APP_CALCULATOR]}} from pid 481
I/ActivityManager(  481): START u0 {cmp=com.xlabz.homeremedies/.actvities.DetailActivity (has extras)} from pid 13353
D/DynamitePackage(13353): Instantiating com.google.android.gms.ads.ChimeraAdManagerCreatorImpl
I/Ads     (13353): Starting ad request.
I/Ads     (13353): Use AdRequest.Builder.addTestDevice("DADDEACD506FD4BD02989AD39CCF21B7") to get test ads on this device.
W/Ads     (13353): Not retrying to fetch app settings
W/FlurryAgent(13353): Flurry session resumed for context:com.xlabz.homeremedies.actvities.DetailActivity@4a86d244
W/FlurryAgent(13353): Event count incremented: Disease
W/FlurryAgent(13353): Flurry session paused for context:com.xlabz.homeremedies.actvities.DetailActivity@4ab532c0
W/Ads     (  711): App does not have the required permissions to get location
W/Herrevad(  711): [740] sjl.a: On wifi, but couldn't get security type
W/DebugConnManager(  711): getNetworkInfo() on networkType 0
W/EGL_emulation(13353): eglSurfaceAttrib not implemented 3093 12436
W/ViewRootImpl(13353): Dropping event due to no window focus: KeyEvent { action=ACTION_DOWN, keyCode=KEYCODE_DPAD_DOWN, scanCode=0, metaState=0, flags=0x8, repeatCount=0, eventTime=687442, downTime=687442, deviceId=-1, source=0x101 }
W/SupportMenuInflater(13353): Cannot instantiate class: android.support.v7.widget.Button
W/SupportMenuInflater(13353): java.lang.ClassNotFoundException: Didn't find class "android.support.v7.widget.Button" on path: DexPathList[[zip file "/data/app/com.xlabz.homeremedies-2.apk"],nativeLibraryDirectories=[/data/app-lib/com.xlabz.homeremedies-2, /system/lib]]
W/SupportMenuInflater(13353): 	at dalvik.system.BaseDexClassLoader.findClass(BaseDexClassLoader.java:56)
W/SupportMenuInflater(13353): 	at java.lang.ClassLoader.loadClass(ClassLoader.java:497)
W/SupportMenuInflater(13353): 	at java.lang.ClassLoader.loadClass(ClassLoader.java:457)
W/SupportMenuInflater(13353): 	at android.support.v7.view.g$b.a(dalvik_source_com.xlabz.homeremedies.apk)
W/SupportMenuInflater(13353): 	at android.support.v7.view.g$b.a(dalvik_source_com.xlabz.homeremedies.apk)
W/SupportMenuInflater(13353): 	at android.support.v7.view.g$b.b(dalvik_source_com.xlabz.homeremedies.apk)
W/SupportMenuInflater(13353): 	at android.support.v7.view.g.a(dalvik_source_com.xlabz.homeremedies.apk)
W/SupportMenuInflater(13353): 	at android.support.v7.view.g.inflate(dalvik_source_com.xlabz.homeremedies.apk)
W/SupportMenuInflater(13353): 	at com.xlabz.homeremedies.actvities.DetailActivity.onCreateOptionsMenu(dalvik_source_com.xlabz.homeremedies.apk)
W/SupportMenuInflater(13353): 	at android.app.Activity.onCreatePanelMenu(Activity.java:2538)
W/SupportMenuInflater(13353): 	at android.support.v4.app.FragmentActivity.onCreatePanelMenu(dalvik_source_com.xlabz.homeremedies.apk)
W/SupportMenuInflater(13353): 	at android.support.v7.view.i.onCreatePanelMenu(dalvik_source_com.xlabz.homeremedies.apk)
W/SupportMenuInflater(13353): 	at android.support.v7.app.f$b.onCreatePanelMenu(dalvik_source_com.xlabz.homeremedies.apk)
W/SupportMenuInflater(13353): 	at android.support.v7.app.k.b(dalvik_source_com.xlabz.homeremedies.apk)
W/SupportMenuInflater(13353): 	at android.support.v7.app.k.f(dalvik_source_com.xlabz.homeremedies.apk)
W/SupportMenuInflater(13353): 	at android.support.v7.app.k$1.run(dalvik_source_com.xlabz.homeremedies.apk)
W/SupportMenuInflater(13353): 	at android.os.Handler.handleCallback(Handler.java:733)
W/SupportMenuInflater(13353): 	at android.os.Handler.dispatchMessage(Handler.java:95)
W/SupportMenuInflater(13353): 	at android.os.Looper.loop(Looper.java:136)
W/SupportMenuInflater(13353): 	at android.app.ActivityThread.main(ActivityThread.java:5019)
W/SupportMenuInflater(13353): 	at java.lang.reflect.Method.invokeNative(Native Method)
W/SupportMenuInflater(13353): 	at java.lang.reflect.Method.invoke(Method.java:515)
W/SupportMenuInflater(13353): 	at com.android.internal.os.ZygoteInit$MethodAndArgsCaller.run(ZygoteInit.java:779)
W/SupportMenuInflater(13353): 	at com.android.internal.os.ZygoteInit.main(ZygoteInit.java:595)
W/SupportMenuInflater(13353): 	at dalvik.system.NativeStart.main(Native Method)
W/ViewRootImpl(13353): Dropping event due to no window focus: KeyEvent { action=ACTION_DOWN, keyCode=KEYCODE_DPAD_CENTER, scanCode=0, metaState=0, flags=0x8, repeatCount=0, eventTime=687530, downTime=687530, deviceId=-1, source=0x101 }
W/ContextImpl(  481): Calling a method in the system process without a qualified user: android.app.ContextImpl.sendBroadcast:1123 com.android.server.InputMethodManagerService.hideCurrentInputLocked:1880 com.android.server.InputMethodManagerService.windowGainedFocus:1968 com.android.internal.view.IInputMethodManager$Stub.onTransact:221 com.android.server.InputMethodManagerService.onTransact:818 
I/ActivityManager(  481): Displayed com.xlabz.homeremedies/.actvities.DetailActivity: +120ms
D/dalvikvm(  711): GC_CONCURRENT freed 819K, 22% free 12488K/15996K, paused 2ms+19ms, total 40ms
D/dalvikvm(  711): WAIT_FOR_CONCURRENT_GC blocked 28ms
I/qtaguid (  711): Untagging socket 243 failed errno=-13
W/NetworkManagementSocketTagger(  711): untagSocket(243) failed with errno -13
I/Ads     (13353): Trying mediation network: 
I/qtaguid (  711): Tagging socket 248 with tag 3000010500000000(805306629) for uid -1 failed errno=-13
I/NetworkManagementSocketTagger(  711): tagSocketFd(248, 805306629, -1) failed with errno-13
I/Ads     (13353): Instantiating mediation adapter: com.google.DummyAdapter
I/Ads     (13353): No fill from any mediation ad networks.
D/dalvikvm(  711): GC_CONCURRENT freed 5698K, 38% free 10023K/15996K, paused 1ms+2ms, total 18ms
D/dalvikvm(  711): WAIT_FOR_CONCURRENT_GC blocked 12ms
I/Ads     (13353): Scheduling ad refresh 30000 milliseconds from now.
W/Ads     (13353): Failed to load ad: 3
W/FlurryAgent(13353): Flurry session paused for context:com.xlabz.homeremedies.actvities.MainActivity@4a787008
I/ActivityManager(  481): START u0 {act=android.intent.action.MAIN cat=[android.intent.category.LAUNCHER] flg=0x10200000 cmp=com.xlabz.homeremedies/.actvities.MainActivity} from pid 13343
I/ActivityManager(  481): START u0 {act=android.intent.action.MAIN cat=[android.intent.category.LAUNCHER] flg=0x10200000 cmp=com.xlabz.homeremedies/.actvities.MainActivity} from pid 13343
I/ActivityManager(  481): START u0 {act=android.intent.action.MAIN cat=[android.intent.category.LAUNCHER] flg=0x10200000 cmp=com.xlabz.homeremedies/.actvities.MainActivity} from pid 13343
D/dalvikvm(  711): GC_CONCURRENT freed 362K, 25% free 12096K/15996K, paused 3ms+1ms, total 28ms
D/dalvikvm(  711): WAIT_FOR_CONCURRENT_GC blocked 11ms
V/PanelView(  533): animationTick called with dtms=0; nothing to do (h=0.0 v=0.0)
D/dalvikvm(13353): GC_CONCURRENT freed 1806K, 17% free 9364K/11232K, paused 1ms+2ms, total 12ms
D/dalvikvm(13353): WAIT_FOR_CONCURRENT_GC blocked 8ms
I/qtaguid (  711): Untagging socket 248 failed errno=-13
W/NetworkManagementSocketTagger(  711): untagSocket(248) failed with errno -13
D/d       (13353): Initialize ImageLoader with configuration
I/System.out(13353): body:<com.xlabz.common.util.CommonUtil: java.lang.String loadStringFromURL(java.lang.String)>	sig:specialinvoke $r1.<java.net.URL: void <init>(java.lang.String)>($r0)	timediff:0
I/System.out(13353): <com.xlabz.common.util.CommonUtil: java.lang.String loadStringFromURL(java.lang.String)>###specialinvoke $r1.<java.net.URL: void <init>(java.lang.String)>($r0)###https://www.xlabz.com/app/crosspromote/products.xml
I/System.out(13353): body:<com.xlabz.common.util.CommonUtil: java.lang.String loadStringFromURL(java.lang.String)>	sig:$r3 = virtualinvoke $r1.<java.net.URL: java.net.URLConnection openConnection()>()	timediff:0
I/System.out(13353): body:<com.xlabz.common.util.CommonUtil: java.lang.String loadStringFromURL(java.lang.String)>	sig:virtualinvoke $r4.<java.net.HttpURLConnection: void setConnectTimeout(int)>(5000)	timediff:0
I/System.out(13353): body:<com.xlabz.common.util.CommonUtil: java.lang.String loadStringFromURL(java.lang.String)>	sig:virtualinvoke $r4.<java.net.HttpURLConnection: void setReadTimeout(int)>(30000)	timediff:0
I/System.out(13353): body:<com.xlabz.common.util.CommonUtil: java.lang.String loadStringFromURL(java.lang.String)>	sig:virtualinvoke $r4.<java.net.HttpURLConnection: void setInstanceFollowRedirects(boolean)>(1)	timediff:0
I/Ads     (13353): Trying mediation network: 
W/ViewRootImpl(13353): Dropping event due to no window focus: KeyEvent { action=ACTION_DOWN, keyCode=KEYCODE_DPAD_LEFT, scanCode=0, metaState=0, flags=0x8, repeatCount=0, eventTime=687974, downTime=687974, deviceId=-1, source=0x101 }
W/EGL_emulation(13353): eglSurfaceAttrib not implemented 3093 12436
I/Ads     (13353): Instantiating mediation adapter: com.google.DummyAdapter
I/Ads     (13353): No fill from any mediation ad networks.
W/ContextImpl(  481): Calling a method in the system process without a qualified user: android.app.ContextImpl.sendBroadcast:1123 com.android.server.InputMethodManagerService.hideCurrentInputLocked:1880 com.android.server.InputMethodManagerService.windowGainedFocus:1968 com.android.internal.view.IInputMethodManager$Stub.onTransact:221 com.android.server.InputMethodManagerService.onTransact:818 
I/Ads     (13353): Scheduling ad refresh 30000 milliseconds from now.
W/Ads     (13353): Failed to load ad: 3
V/FlingTracker(  533): computeCurrentVelocity warning: totalweight=0
V/FlingTracker(  533): java.lang.Throwable
V/FlingTracker(  533): 	at com.android.systemui.statusbar.phone.PanelView$FlingTracker.computeCurrentVelocity(PanelView.java:162)
V/FlingTracker(  533): 	at com.android.systemui.statusbar.phone.PanelView$3.onTouch(PanelView.java:462)
V/FlingTracker(  533): 	at android.view.View.dispatchTouchEvent(View.java:7701)
V/FlingTracker(  533): 	at com.android.systemui.statusbar.phone.NotificationPanelView.onTouchEvent(NotificationPanelView.java:138)
V/FlingTracker(  533): 	at com.android.systemui.statusbar.phone.PanelBar.onTouchEvent(PanelBar.java:130)
V/FlingTracker(  533): 	at com.android.systemui.statusbar.phone.PhoneStatusBarView.onTouchEvent(PhoneStatusBarView.java:201)
V/FlingTracker(  533): 	at android.view.View.dispatchTouchEvent(View.java:7706)
V/FlingTracker(  533): 	at android.view.ViewGroup.dispatchTransformedTouchEvent(ViewGroup.java:2210)
V/FlingTracker(  533): 	at android.view.ViewGroup.dispatchTouchEvent(ViewGroup.java:1945)
V/FlingTracker(  533): 	at android.view.ViewGroup.dispatchTransformedTouchEvent(ViewGroup.java:2216)
V/FlingTracker(  533): 	at android.view.ViewGroup.dispatchTouchEvent(ViewGroup.java:1959)
V/FlingTracker(  533): 	at android.view.View.dispatchPointerEvent(View.java:7886)
V/FlingTracker(  533): 	at android.view.ViewRootImpl$ViewPostImeInputStage.processPointerEvent(ViewRootImpl.java:3978)
V/FlingTracker(  533): 	at android.view.ViewRootImpl$ViewPostImeInputStage.onProcess(ViewRootImpl.java:3857)
V/FlingTracker(  533): 	at android.view.ViewRootImpl$InputStage.deliver(ViewRootImpl.java:3423)
V/FlingTracker(  533): 	at android.view.ViewRootImpl$InputStage.onDeliverToNext(ViewRootImpl.java:3473)
V/FlingTracker(  533): 	at android.view.ViewRootImpl$InputStage.forward(ViewRootImpl.java:3442)
V/FlingTracker(  533): 	at android.view.ViewRootImpl$AsyncInputStage.forward(ViewRootImpl.java:3549)
V/FlingTracker(  533): 	at android.view.ViewRootImpl$InputStage.apply(ViewRootImpl.java:3450)
V/FlingTracker(  533): 	at android.view.ViewRootImpl$AsyncInputStage.apply(ViewRootImpl.java:3606)
V/FlingTracker(  533): 	at android.view.ViewRootImpl$InputStage.deliver(ViewRootImpl.java:3423)
V/FlingTracker(  533): 	at android.view.ViewRootImpl$InputStage.onDeliverToNext(ViewRootImpl.java:3473)
V/FlingTracker(  533): 	at android.view.ViewRootImpl$InputStage.forward(ViewRootImpl.java:3442)
V/FlingTracker(  533): 	at android.view.ViewRootImpl$InputStage.apply(ViewRootImpl.java:3450)
V/FlingTracker(  533): 	at android.view.ViewRootImpl$InputStage.deliver(ViewRootImpl.java:3423)
V/FlingTracker(  533): 	at android.view.ViewRootImpl.deliverInputEvent(ViewRootImpl.java:5626)
V/FlingTracker(  533): 	at android.view.ViewRootImpl.doProcessInputEvents(ViewRootImpl.java:5606)
V/FlingTracker(  533): 	at android.view.ViewRootImpl.enqueueInputEvent(ViewRootImpl.java:5577)
V/FlingTracker(  533): 	at android.view.ViewRootImpl$WindowInputEventReceiver.onInputEvent(ViewRootImpl.java:5706)
V/FlingTracker(  533): 	at android.view.InputEventReceiver.dispatchInputEvent(InputEventReceiver.java:185)
V/FlingTracker(  533): 	at android.os.MessageQueue.nativePollOnce(Native Method)
V/FlingTracker(  533): 	at android.os.MessageQueue.next(MessageQueue.java:138)
V/FlingTracker(  533): 	at android.os.Looper.loop(Looper.java:123)
V/FlingTracker(  533): 	at android.app.ActivityThread.main(ActivityThread.java:5019)
V/FlingTracker(  533): 	at java.lang.reflect.Method.invokeNative(Native Method)
V/FlingTracker(  533): 	at java.lang.reflect.Method.invoke(Method.java:515)
V/FlingTracker(  533): 	at com.android.internal.os.ZygoteInit$MethodAndArgsCaller.run(ZygoteInit.java:779)
V/FlingTracker(  533): 	at com.android.internal.os.ZygoteInit.main(ZygoteInit.java:595)
V/FlingTracker(  533): 	at dalvik.system.NativeStart.main(Native Method)
V/PanelView(  533): animationTick called with dtms=0; nothing to do (h=0.0 v=0.0)
D/Print   (13353): On post exceute :0
W/InputEventReceiver(13353): Attempted to finish an input event but the input event receiver has already been disposed.
W/ViewRootImpl(13353): Dropping event due to root view being removed: KeyEvent { action=ACTION_DOWN, keyCode=KEYCODE_DPAD_RIGHT, scanCode=0, metaState=0, flags=0x8, repeatCount=0, eventTime=688328, downTime=688328, deviceId=-1, source=0x101 }
W/ContextImpl(  481): Calling a method in the system process without a qualified user: android.app.ContextImpl.sendBroadcast:1123 com.android.server.InputMethodManagerService.hideCurrentInputLocked:1880 com.android.server.InputMethodManagerService.windowGainedFocus:1968 com.android.internal.view.IInputMethodManager$Stub.onTransact:221 com.android.server.InputMethodManagerService.onTransact:818 
I/ActivityManager(  481): START u0 {act=android.intent.action.MAIN cat=[android.intent.category.LAUNCHER] flg=0x10200000 cmp=com.xlabz.homeremedies/.actvities.MainActivity} from pid 13343
I/ExoPlayerImpl(13353): Init 1.3.1
I/dalvikvm(13353): Could not find method android.media.MediaCodec.releaseOutputBuffer, referenced from method com.google.android.gms.ads.exoplayer1.ab.a
W/dalvikvm(13353): VFY: unable to resolve virtual method 2257: Landroid/media/MediaCodec;.releaseOutputBuffer (IJ)V
D/dalvikvm(13353): VFY: replacing opcode 0x6e at 0x007d
