W/InputMethodManagerService(  464): Window already focused, ignoring focus gain of: com.android.internal.view.IInputMethodClient$Stub$Proxy@4ad2c234 attribute=null, token = android.os.BinderProxy@4abdbd28
E/SoundPool(  464): Error creating AudioTrack
W/ViewRootImpl(20013): Dropping event due to no window focus: KeyEvent { action=ACTION_DOWN, keyCode=KEYCODE_DPAD_CENTER, scanCode=0, metaState=0, flags=0x8, repeatCount=0, eventTime=12868822, downTime=12868822, deviceId=-1, source=0x101 }
W/ViewRootImpl(20013): Dropping event due to no window focus: KeyEvent { action=ACTION_DOWN, keyCode=KEYCODE_DPAD_CENTER, scanCode=0, metaState=0, flags=0x8, repeatCount=0, eventTime=12868861, downTime=12868861, deviceId=-1, source=0x101 }
W/ViewRootImpl(20013): Dropping event due to no window focus: KeyEvent { action=ACTION_DOWN, keyCode=KEYCODE_DPAD_DOWN, scanCode=0, metaState=0, flags=0x8, repeatCount=0, eventTime=12868866, downTime=12868866, deviceId=-1, source=0x101 }
W/ViewRootImpl(20013): Dropping event due to no window focus: KeyEvent { action=ACTION_DOWN, keyCode=KEYCODE_DPAD_DOWN, scanCode=0, metaState=0, flags=0x8, repeatCount=0, eventTime=12868919, downTime=12868919, deviceId=-1, source=0x101 }
W/InputManager(  464): Input event injection from pid 20003 failed.
W/InputManager(  464): Input event injection from pid 20003 failed.
W/InputManager(  464): Input event injection from pid 20003 failed.
W/InputManager(  464): Input event injection from pid 20003 failed.
W/InputManager(  464): Input event injection from pid 20003 failed.
W/InputManager(  464): Input event injection from pid 20003 failed.
W/InputEventReceiver(20013): Attempted to finish an input event but the input event receiver has already been disposed.
W/InputEventReceiver(20013): Attempted to finish an input event but the input event receiver has already been disposed.
W/ViewRootImpl(20013): Dropping event due to root view being removed: MotionEvent { action=ACTION_POINTER_DOWN(1), id[0]=0, x[0]=-212.37964, y[0]=-16.059105, toolType[0]=TOOL_TYPE_UNKNOWN, id[1]=1, x[1]=-296.0, y[1]=273.0, toolType[1]=TOOL_TYPE_UNKNOWN, buttonState=0, metaState=0, flags=0x0, edgeFlags=0x0, pointerCount=2, historySize=0, eventTime=12868925, downTime=12868923, deviceId=0, source=0x1002 }
W/InputMethodManagerService(  464): Window already focused, ignoring focus gain of: com.android.internal.view.IInputMethodClient$Stub$Proxy@4acc5198 attribute=null, token = android.os.BinderProxy@4abdbd28
W/SocketClient(  163): write error (Broken pipe)
E/AudioFlinger(  170): no more track names available
E/AudioTrack(  464): AudioFlinger could not create track, status: -12
E/SoundPool(  464): Error creating AudioTrack
E/AudioFlinger(  170): no more track names available
E/AudioTrack(  464): AudioFlinger could not create track, status: -12
E/SoundPool(  464): Error creating AudioTrack
E/AudioFlinger(  170): no more track names available
E/AudioTrack(  464): AudioFlinger could not create track, status: -12
E/SoundPool(  464): Error creating AudioTrack
W/UnimplementedWebViewApi(20013): Unimplemented WebView method onKeyDown called from: android.webkit.WebView.onKeyDown(WebView.java:2169)
V/PanelView(  532): animationTick called with dtms=0; nothing to do (h=0.0 v=-0.0)
I/chromium(20013): [INFO:CONSOLE(12)] "Not allowed to load local resource: file:///android_asset/webkit/android-weberror.png", source: data:text/html,chromewebdata (12)
W/ViewRootImpl(20013): Dropping event due to no window focus: KeyEvent { action=ACTION_DOWN, keyCode=KEYCODE_DPAD_RIGHT, scanCode=0, metaState=0, flags=0x8, repeatCount=0, eventTime=12869166, downTime=12869166, deviceId=-1, source=0x101 }
W/InputEventReceiver(20013): Attempted to finish an input event but the input event receiver has already been disposed.
W/InputEventReceiver(20013): Attempted to finish an input event but the input event receiver has already been disposed.
W/ViewRootImpl(20013): Dropping event due to root view being removed: MotionEvent { action=ACTION_MOVE, id[0]=0, x[0]=1.0, y[0]=-5.0, toolType[0]=TOOL_TYPE_UNKNOWN, buttonState=0, metaState=0, flags=0x0, edgeFlags=0x0, pointerCount=1, historySize=9, eventTime=12869240, downTime=-1, deviceId=0, source=0x10004 }
W/InputMethodManagerService(  464): Window already focused, ignoring focus gain of: com.android.internal.view.IInputMethodClient$Stub$Proxy@4ac694a4 attribute=null, token = android.os.BinderProxy@4abdbd28
W/ActivityManager(  464): Launch timeout has expired, giving up wake lock!
E/AudioFlinger(  170): no more track names available
E/AudioTrack(  464): AudioFlinger could not create track, status: -12
E/SoundPool(  464): Error creating AudioTrack
E/AudioFlinger(  170): no more track names available
E/AudioTrack(  464): AudioFlinger could not create track, status: -12
E/SoundPool(  464): Error creating AudioTrack
E/AudioFlinger(  170): no more track names available
E/AudioTrack(  464): AudioFlinger could not create track, status: -12
E/SoundPool(  464): Error creating AudioTrack
W/InputEventReceiver(20013): Attempted to finish an input event but the input event receiver has already been disposed.
W/InputEventReceiver(20013): Attempted to finish an input event but the input event receiver has already been disposed.
W/ViewRootImpl(20013): Dropping event due to root view being removed: MotionEvent { action=ACTION_DOWN, id[0]=0, x[0]=-312.0, y[0]=432.0, toolType[0]=TOOL_TYPE_UNKNOWN, buttonState=0, metaState=0, flags=0x0, edgeFlags=0x0, pointerCount=1, historySize=0, eventTime=12869593, downTime=12869593, deviceId=0, source=0x1002 }
W/ViewRootImpl(20013): Dropping event due to root view being removed: MotionEvent { action=ACTION_UP, id[0]=0, x[0]=-309.81805, y[0]=427.83606, toolType[0]=TOOL_TYPE_UNKNOWN, buttonState=0, metaState=0, flags=0x0, edgeFlags=0x0, pointerCount=1, historySize=0, eventTime=12869593, downTime=12869593, deviceId=0, source=0x1002 }
W/UnimplementedWebViewApi(20013): Unimplemented WebView method onKeyDown called from: android.webkit.WebView.onKeyDown(WebView.java:2169)
E/AudioFlinger(  170): no more track names available
E/AudioTrack(  464): AudioFlinger could not create track, status: -12
V/PanelView(  532): animationTick called with dtms=0; nothing to do (h=0.0 v=-0.0)
E/SoundPool(  464): Error creating AudioTrack
W/ViewRootImpl(20013): Dropping event due to no window focus: MotionEvent { action=ACTION_MOVE, id[0]=0, x[0]=-2.0, y[0]=-4.0, toolType[0]=TOOL_TYPE_UNKNOWN, buttonState=0, metaState=0, flags=0x0, edgeFlags=0x0, pointerCount=1, historySize=9, eventTime=12869699, downTime=-1, deviceId=0, source=0x10004 }
W/ViewRootImpl(20013): Dropping event due to no window focus: MotionEvent { action=ACTION_DOWN, id[0]=0, x[0]=0.0, y[0]=0.0, toolType[0]=TOOL_TYPE_UNKNOWN, buttonState=0, metaState=0, flags=0x0, edgeFlags=0x0, pointerCount=1, historySize=0, eventTime=12869702, downTime=12869687, deviceId=0, source=0x10004 }
W/ViewRootImpl(20013): Dropping event due to no window focus: KeyEvent { action=ACTION_DOWN, keyCode=KEYCODE_DVR, scanCode=0, metaState=0, flags=0x8, repeatCount=0, eventTime=12869707, downTime=12869707, deviceId=-1, source=0x101 }
W/InputMethodManagerService(  464): Window already focused, ignoring focus gain of: com.android.internal.view.IInputMethodClient$Stub$Proxy@4aa4d4e0 attribute=android.view.inputmethod.EditorInfo@4ae6e118, token = android.os.BinderProxy@4abdbd28
W/ViewRootImpl(20013): Dropping event due to no window focus: KeyEvent { action=ACTION_DOWN, keyCode=KEYCODE_MENU, scanCode=0, metaState=0, flags=0x8, repeatCount=0, eventTime=12869759, downTime=12869759, deviceId=-1, source=0x101 }
W/InputEventReceiver(20013): Attempted to finish an input event but the input event receiver has already been disposed.
I/ActivityManager(  464): START u0 {act=android.intent.action.MAIN cat=[android.intent.category.LAUNCHER] flg=0x10200000 cmp=com.sdk.blood_pressure/.MainActivity} from pid 20003
W/InputMethodManagerService(  464): Window already focused, ignoring focus gain of: com.android.internal.view.IInputMethodClient$Stub$Proxy@4aa6dbc0 attribute=android.view.inputmethod.EditorInfo@4ae5b408, token = android.os.BinderProxy@4abdbd28
W/UnimplementedWebViewApi(20013): Unimplemented WebView method onKeyDown called from: android.webkit.WebView.onKeyDown(WebView.java:2169)
W/UnimplementedWebViewApi(20013): Unimplemented WebView method onKeyMultiple called from: android.webkit.WebView.onKeyMultiple(WebView.java:2179)
W/UnimplementedWebViewApi(20013): Unimplemented WebView method onKeyDown called from: android.webkit.WebView.onKeyDown(WebView.java:2169)
W/UnimplementedWebViewApi(20013): Unimplemented WebView method onKeyMultiple called from: android.webkit.WebView.onKeyMultiple(WebView.java:2179)
W/UnimplementedWebViewApi(20013): Unimplemented WebView method onKeyDown called from: android.webkit.WebView.onKeyDown(WebView.java:2169)
W/UnimplementedWebViewApi(20013): Unimplemented WebView method onKeyDown called from: android.webkit.WebView.onKeyDown(WebView.java:2169)
E/AudioFlinger(  170): no more track names available
E/AudioTrack(  464): AudioFlinger could not create track, status: -12
E/SoundPool(  464): Error creating AudioTrack
W/InputEventReceiver(20013): Attempted to finish an input event but the input event receiver has already been disposed.
W/ViewRootImpl(20013): Dropping event due to root view being removed: MotionEvent { action=ACTION_MOVE, id[0]=0, x[0]=-5.0, y[0]=0.0, toolType[0]=TOOL_TYPE_UNKNOWN, buttonState=0, metaState=0, flags=0x0, edgeFlags=0x0, pointerCount=1, historySize=3, eventTime=12870541, downTime=-1, deviceId=0, source=0x10004 }
W/InputMethodManagerService(  464): Window already focused, ignoring focus gain of: com.android.internal.view.IInputMethodClient$Stub$Proxy@4adbe730 attribute=android.view.inputmethod.EditorInfo@4adb5e94, token = android.os.BinderProxy@4abdbd28
E/AudioFlinger(  170): no more track names available
E/AudioTrack(  464): AudioFlinger could not create track, status: -12
E/SoundPool(  464): Error creating AudioTrack
I/ActivityManager(  464): START u0 {act=android.intent.action.MAIN cat=[android.intent.category.LAUNCHER] flg=0x10000000 sel={act=android.intent.action.MAIN cat=[android.intent.category.APP_CALENDAR]}} from pid 464
W/UnimplementedWebViewApi(20013): Unimplemented WebView method onKeyMultiple called from: android.webkit.WebView.onKeyMultiple(WebView.java:2179)
W/UnimplementedWebViewApi(20013): Unimplemented WebView method onKeyDown called from: android.webkit.WebView.onKeyDown(WebView.java:2169)
W/UnimplementedWebViewApi(20013): Unimplemented WebView method onKeyDown called from: android.webkit.WebView.onKeyDown(WebView.java:2169)
E/AudioFlinger(  170): no more track names available
E/AudioTrack(  464): AudioFlinger could not create track, status: -12
E/SoundPool(  464): Error creating AudioTrack
W/ViewRootImpl(20013): Dropping event due to no window focus: KeyEvent { action=ACTION_DOWN, keyCode=KEYCODE_DPAD_DOWN, scanCode=0, metaState=0, flags=0x8, repeatCount=0, eventTime=12870945, downTime=12870945, deviceId=-1, source=0x101 }
W/AudioFlinger(  170): write blocked for 9833 msecs, 98 delayed writes, thread 0xb4233010
W/SocketClient(  163): write error (Broken pipe)
W/ViewRootImpl(20013): Dropping event due to no window focus: MotionEvent { action=ACTION_MOVE, id[0]=0, x[0]=2.0, y[0]=-1.0, toolType[0]=TOOL_TYPE_UNKNOWN, buttonState=0, metaState=0, flags=0x0, edgeFlags=0x0, pointerCount=1, historySize=6, eventTime=12871010, downTime=-1, deviceId=0, source=0x10004 }
V/PanelView(  532): animationTick called with dtms=0; nothing to do (h=0.0 v=0.0)
I/chromium(20013): [INFO:CONSOLE(12)] "Not allowed to load local resource: file:///android_asset/webkit/android-weberror.png", source: data:text/html,chromewebdata (12)
W/ActivityThread(20013): ClassLoader.loadClass: The class loader returned by Thread.getContextClassLoader() may fail for processes that host multiple applications. You should explicitly specify a context class loader. For example: Thread.setContextClassLoader(getClass().getClassLoader());
W/Ads     (20013): Error while pinging URL: https://pagead2.googlesyndication.com/pagead/gen_204?is_aia=false&id=gmob-apps-report-exception&os=4.4.2&api=19&device=samsung%20SM-G955N&js=afma-sdk-a-v12221070.8298000.1&appid=com.sdk.blood_pressure&exceptiontype=com.google.android.gms.ads.internal.js.function.a&stacktrace=com.google.android.gms.ads.internal.js.function.a%3A%20Unable%20to%20obtain%20a%20JavascriptEngine.%0A%09at%20com.google.android.gms.ads.internal.js.function.m.a(com.google.android.gms.DynamiteModulesA%4012221070%4012.2.21%20(070-188803320)%3A2)%0A%09at%20com.google.android.gms.ads.internal.util.promise.e.d(com.google.android.gms.DynamiteModulesA%4012221070%4012.2.21%20(070-188803320)%3A28)%0A%09at%20com.google.android.gms.ads.internal.js.ad.a(com.google.android.gms.DynamiteModulesA%4012221070%4012.2.21%20(070-188803320)%3A2)%0A%09at%20com.google.android.gms.ads.internal.util.promise.e.d(com.google.android.gms.DynamiteModulesA%4012221070%4012.2.21%20(070-188803320)%3A28)%0A%09at%20com.google.android.gms.ads.internal.js.n.run(Unknown%20Source)%0A%09at%20android.os.Handler.handleCallback(Handler.java%3A733)%0A%09at%20android.os.Handler.dispatchMessage(Handler.java%3A95)%0A%09at%20android.os.Looper.loop(Looper.java%3A136)%0A%09at%20android.app.ActivityThread.main(ActivityThread.java%3A5019)%0A%09at%20java.lang.reflect.Method.invokeNative(Native%20Method)%0A%09at%20java.lang.reflect.Method.invoke(Method.java%3A515)%0A%09at%20com.android.internal.os.ZygoteInit%24MethodAndArgsCaller.run(ZygoteInit.java%3A779)%0A%09at%20com.android.internal.os.ZygoteInit.main(ZygoteInit.java%3A595)%0A%09at%20dalvik.system.NativeStart.main(Native%20Method)%0A&eids=318475418%2C%2C318480178&exceptionkey=ConfigLoader.maybeFetchNewAppSettings&cl=188803320&rc=dev&session_id=17376929928977208139&sampling_rate=1&pb_tm=1.0. Unable to resolve host "pagead2.googlesyndication.com": No address associated with hostname
W/SocketClient(  163): write error (Broken pipe)
W/InputEventReceiver(20013): Attempted to finish an input event but the input event receiver has already been disposed.
W/InputEventReceiver(20013): Attempted to finish an input event but the input event receiver has already been disposed.
W/ViewRootImpl(20013): Dropping event due to root view being removed: MotionEvent { action=ACTION_UP, id[0]=0, x[0]=-730.65265, y[0]=236.51544, toolType[0]=TOOL_TYPE_UNKNOWN, buttonState=0, metaState=0, flags=0x0, edgeFlags=0x0, pointerCount=1, historySize=0, eventTime=12871219, downTime=12871216, deviceId=0, source=0x1002 }
W/InputMethodManagerService(  464): Window already focused, ignoring focus gain of: com.android.internal.view.IInputMethodClient$Stub$Proxy@4ae333cc attribute=null, token = android.os.BinderProxy@4abdbd28
W/UnimplementedWebViewApi(20013): Unimplemented WebView method onKeyDown called from: android.webkit.WebView.onKeyDown(WebView.java:2169)
W/UnimplementedWebViewApi(20013): Unimplemented WebView method onKeyMultiple called from: android.webkit.WebView.onKeyMultiple(WebView.java:2179)
W/UnimplementedWebViewApi(20013): Unimplemented WebView method onKeyDown called from: android.webkit.WebView.onKeyDown(WebView.java:2169)
W/UnimplementedWebViewApi(20013): Unimplemented WebView method onKeyMultiple called from: android.webkit.WebView.onKeyMultiple(WebView.java:2179)
W/UnimplementedWebViewApi(20013): Unimplemented WebView method onKeyDown called from: android.webkit.WebView.onKeyDown(WebView.java:2169)
W/ViewRootImpl(20013): Dropping event due to no window focus: KeyEvent { action=ACTION_DOWN, keyCode=KEYCODE_P, scanCode=0, metaState=0, flags=0x8, repeatCount=0, eventTime=12871540, downTime=12871540, deviceId=-1, source=0x101 }
I/ActivityManager(  464): START u0 {act=android.intent.action.MAIN cat=[android.intent.category.LAUNCHER] flg=0x10200000 cmp=com.sdk.blood_pressure/.MainActivity} from pid 20003
W/UnimplementedWebViewApi(20013): Unimplemented WebView method onKeyMultiple called from: android.webkit.WebView.onKeyMultiple(WebView.java:2179)
W/UnimplementedWebViewApi(20013): Unimplemented WebView method onKeyDown called from: android.webkit.WebView.onKeyDown(WebView.java:2169)
W/ViewRootImpl(20013): Dropping event due to no window focus: KeyEvent { action=ACTION_DOWN, keyCode=KEYCODE_DPAD_DOWN, scanCode=0, metaState=0, flags=0x8, repeatCount=0, eventTime=12871603, downTime=12871603, deviceId=-1, source=0x101 }
W/InputEventReceiver(20013): Attempted to finish an input event but the input event receiver has already been disposed.
W/ViewRootImpl(20013): Dropping event due to root view being removed: KeyEvent { action=ACTION_DOWN, keyCode=KEYCODE_NUMPAD_8, scanCode=0, metaState=0, flags=0x8, repeatCount=0, eventTime=12871689, downTime=12871689, deviceId=-1, source=0x101 }
W/UnimplementedWebViewApi(20013): Unimplemented WebView method onKeyDown called from: android.webkit.WebView.onKeyDown(WebView.java:2169)
I/SnapScrollController(20013): setSnapScrollingMode case-default no-op
I/SnapScrollController(20013): setSnapScrollingMode case-default no-op
W/InputMethodManagerService(  464): Window already focused, ignoring focus gain of: com.android.internal.view.IInputMethodClient$Stub$Proxy@4aa3adcc attribute=android.view.inputmethod.EditorInfo@4aa1ef30, token = android.os.BinderProxy@4abdbd28
V/PanelView(  532): animationTick called with dtms=0; nothing to do (h=0.0 v=0.0)
I/chromium(20013): [INFO:CONSOLE(12)] "Not allowed to load local resource: file:///android_asset/webkit/android-weberror.png", source: data:text/html,chromewebdata (12)
W/ViewRootImpl(20013): Dropping event due to no window focus: MotionEvent { action=ACTION_MOVE, id[0]=0, x[0]=-2.0, y[0]=2.0, toolType[0]=TOOL_TYPE_UNKNOWN, buttonState=0, metaState=0, flags=0x0, edgeFlags=0x0, pointerCount=1, historySize=1, eventTime=12871841, downTime=-1, deviceId=0, source=0x10004 }
W/ViewRootImpl(20013): Dropping event due to no window focus: KeyEvent { action=ACTION_DOWN, keyCode=KEYCODE_MENU, scanCode=0, metaState=0, flags=0x8, repeatCount=0, eventTime=12871847, downTime=12871847, deviceId=-1, source=0x101 }
I/ActivityManager(  464): START u0 {act=android.intent.action.MAIN cat=[android.intent.category.LAUNCHER] flg=0x10000000 cmp=com.android.browser/.BrowserActivity sel={act=android.intent.action.MAIN cat=[android.intent.category.APP_BROWSER]}} from pid 464
W/ViewRootImpl(20013): Dropping event due to no window focus: KeyEvent { action=ACTION_DOWN, keyCode=KEYCODE_MENU, scanCode=0, metaState=0, flags=0x8, repeatCount=0, eventTime=12871869, downTime=12871869, deviceId=-1, source=0x101 }
W/InputEventReceiver(20013): Attempted to finish an input event but the input event receiver has already been disposed.
I/ActivityManager(  464): START u0 {act=android.intent.action.MAIN cat=[android.intent.category.HOME] flg=0x10200000 cmp=com.vphone.launcher/.Launcher} from pid 464
W/InputMethodManagerService(  464): Window already focused, ignoring focus gain of: com.android.internal.view.IInputMethodClient$Stub$Proxy@4ac533ac attribute=null, token = android.os.BinderProxy@4abdbd28
W/SocketClient(  163): write error (Broken pipe)
W/UnimplementedWebViewApi(20013): Unimplemented WebView method onKeyMultiple called from: android.webkit.WebView.onKeyMultiple(WebView.java:2179)
W/UnimplementedWebViewApi(20013): Unimplemented WebView method onKeyDown called from: android.webkit.WebView.onKeyDown(WebView.java:2169)
I/ActivityManager(  464): START u0 {act=android.intent.action.MAIN cat=[android.intent.category.LAUNCHER] flg=0x10000000 sel={act=android.intent.action.MAIN cat=[android.intent.category.APP_CALENDAR]}} from pid 464
I/ActivityManager(  464): START u0 {act=android.intent.action.MAIN cat=[android.intent.category.HOME] flg=0x10200000 cmp=com.vphone.launcher/.Launcher} from pid 464
W/ViewRootImpl(20013): Dropping event due to no window focus: KeyEvent { action=ACTION_DOWN, keyCode=KEYCODE_DPAD_UP, scanCode=0, metaState=0, flags=0x8, repeatCount=0, eventTime=12872266, downTime=12872266, deviceId=-1, source=0x101 }
D/dalvikvm(  464): GC_FOR_ALLOC freed 2027K, 57% free 10911K/25208K, paused 14ms, total 21ms
I/chromium(20013): [INFO:CONSOLE(12)] "Not allowed to load local resource: file:///android_asset/webkit/android-weberror.png", source: data:text/html,chromewebdata (12)
W/InputEventReceiver(20013): Attempted to finish an input event but the input event receiver has already been disposed.
W/InputEventReceiver(20013): Attempted to finish an input event but the input event receiver has already been disposed.
W/InputEventReceiver(20013): Attempted to finish an input event but the input event receiver has already been disposed.
W/ViewRootImpl(20013): Dropping event due to root view being removed: MotionEvent { action=ACTION_MOVE, id[0]=0, x[0]=318.0, y[0]=241.18997, toolType[0]=TOOL_TYPE_UNKNOWN, buttonState=0, metaState=0, flags=0x0, edgeFlags=0x0, pointerCount=1, historySize=6, eventTime=12872767, downTime=12872758, deviceId=0, source=0x1002 }
W/ViewRootImpl(20013): Dropping event due to root view being removed: MotionEvent { action=ACTION_UP, id[0]=0, x[0]=318.0, y[0]=239.965, toolType[0]=TOOL_TYPE_UNKNOWN, buttonState=0, metaState=0, flags=0x0, edgeFlags=0x0, pointerCount=1, historySize=0, eventTime=12872769, downTime=12872758, deviceId=0, source=0x1002 }
W/ViewRootImpl(20013): Dropping event due to no window focus: KeyEvent { action=ACTION_DOWN, keyCode=KEYCODE_DPAD_LEFT, scanCode=0, metaState=0, flags=0x8, repeatCount=0, eventTime=12872775, downTime=12872775, deviceId=-1, source=0x101 }
W/ViewRootImpl(20013): Dropping event due to no window focus: KeyEvent { action=ACTION_DOWN, keyCode=KEYCODE_DPAD_CENTER, scanCode=0, metaState=0, flags=0x8, repeatCount=0, eventTime=12872779, downTime=12872779, deviceId=-1, source=0x101 }
W/InputMethodManagerService(  464): Window already focused, ignoring focus gain of: com.android.internal.view.IInputMethodClient$Stub$Proxy@4ae32560 attribute=android.view.inputmethod.EditorInfo@4b1de6e8, token = android.os.BinderProxy@4abdbd28
I/chromium(20013): [INFO:CONSOLE(12)] "Not allowed to load local resource: file:///android_asset/webkit/android-weberror.png", source: data:text/html,chromewebdata (12)
I/SnapScrollController(20013): setSnapScrollingMode case-default no-op
I/SnapScrollController(20013): setSnapScrollingMode case-default no-op
W/ViewRootImpl(20013): Dropping event due to no window focus: KeyEvent { action=ACTION_DOWN, keyCode=KEYCODE_DPAD_DOWN, scanCode=0, metaState=0, flags=0x8, repeatCount=0, eventTime=12873174, downTime=12873174, deviceId=-1, source=0x101 }
W/ViewRootImpl(20013): Dropping event due to no window focus: KeyEvent { action=ACTION_DOWN, keyCode=KEYCODE_CALL, scanCode=0, metaState=0, flags=0x8, repeatCount=0, eventTime=12873178, downTime=12873178, deviceId=-1, source=0x101 }
W/InputEventReceiver(20013): Attempted to finish an input event but the input event receiver has already been disposed.
W/ViewRootImpl(20013): Dropping event due to no window focus: KeyEvent { action=ACTION_DOWN, keyCode=KEYCODE_SOFT_LEFT, scanCode=0, metaState=0, flags=0x8, repeatCount=0, eventTime=12873545, downTime=12873545, deviceId=-1, source=0x101 }
W/ViewRootImpl(20013): Dropping event due to no window focus: KeyEvent { action=ACTION_DOWN, keyCode=KEYCODE_MENU, scanCode=0, metaState=0, flags=0x8, repeatCount=0, eventTime=12873581, downTime=12873581, deviceId=-1, source=0x101 }
W/InputMethodManagerService(  464): Window already focused, ignoring focus gain of: com.android.internal.view.IInputMethodClient$Stub$Proxy@4acc72b0 attribute=null, token = android.os.BinderProxy@4abdbd28
W/UnimplementedWebViewApi(20013): Unimplemented WebView method onKeyDown called from: android.webkit.WebView.onKeyDown(WebView.java:2169)
I/ActivityManager(  464): START u0 {act=android.intent.action.MAIN cat=[android.intent.category.HOME] flg=0x10200000 cmp=com.vphone.launcher/.Launcher} from pid 464
I/ActivityManager(  464): START u0 {act=android.intent.action.CALL_BUTTON flg=0x10000000} from pid 20013
W/PhoneFallbackEventHandler(20013): No activity found for android.intent.action.CALL_BUTTON.
W/WindowManager(  464): updateFocusedWindowLocked, focusedAppToken is null.
W/ViewRootImpl(  532): Dropping event due to no window focus: KeyEvent { action=ACTION_DOWN, keyCode=KEYCODE_DPAD_CENTER, scanCode=0, metaState=0, flags=0x8, repeatCount=0, eventTime=12873866, downTime=12873866, deviceId=-1, source=0x101 }
W/ContextImpl(  464): Calling a method in the system process without a qualified user: android.app.ContextImpl.sendBroadcast:1123 com.android.server.InputMethodManagerService.hideCurrentInputLocked:1880 com.android.server.InputMethodManagerService.windowGainedFocus:1968 com.android.internal.view.IInputMethodManager$Stub.onTransact:221 com.android.server.InputMethodManagerService.onTransact:818 
W/InputEventReceiver(  532): Attempted to finish an input event but the input event receiver has already been disposed.
W/InputEventReceiver(  532): Attempted to finish an input event but the input event receiver has already been disposed.
W/InputMethodManagerService(  464): Starting input on non-focused client com.android.internal.view.IInputMethodClient$Stub$Proxy@4a9f44dc (uid=10144 pid=20013)
W/InputManager(  464): Input event injection from pid 20003 failed.
W/ViewRootImpl(  532): Dropping event due to root view being removed: KeyEvent { action=ACTION_UP, keyCode=KEYCODE_DPAD_CENTER, scanCode=0, metaState=0, flags=0x8, repeatCount=0, eventTime=12873869, downTime=12873869, deviceId=-1, source=0x101 }
W/IInputConnectionWrapper(20013): showStatusIcon on inactive InputConnection
W/ContextImpl(  464): Calling a method in the system process without a qualified user: android.app.ContextImpl.sendBroadcast:1123 com.android.server.InputMethodManagerService.hideCurrentInputLocked:1880 com.android.server.InputMethodManagerService.windowGainedFocus:1968 com.android.internal.view.IInputMethodManager$Stub.onTransact:221 com.android.server.InputMethodManagerService.onTransact:818 
W/UnimplementedWebViewApi(20013): Unimplemented WebView method onKeyDown called from: android.webkit.WebView.onKeyDown(WebView.java:2169)
W/UnimplementedWebViewApi(20013): Unimplemented WebView method onKeyDown called from: android.webkit.WebView.onKeyDown(WebView.java:2169)
W/ViewRootImpl(20013): Dropping event due to no window focus: KeyEvent { action=ACTION_DOWN, keyCode=KEYCODE_DPAD_LEFT, scanCode=0, metaState=0, flags=0x8, repeatCount=0, eventTime=12874155, downTime=12874155, deviceId=-1, source=0x101 }
I/InputDispatcher(  464): Dropped event because of pending overdue app switch.
W/InputManager(  464): Input event injection from pid 20003 failed.
W/InputMethodManagerService(  464): Window already focused, ignoring focus gain of: com.android.internal.view.IInputMethodClient$Stub$Proxy@4aae875c attribute=null, token = android.os.BinderProxy@4abdbd28
W/UnimplementedWebViewApi(20013): Unimplemented WebView method onKeyDown called from: android.webkit.WebView.onKeyDown(WebView.java:2169)
W/ViewRootImpl(20013): Dropping event due to no window focus: KeyEvent { action=ACTION_DOWN, keyCode=KEYCODE_FUNCTION, scanCode=0, metaState=0, flags=0x8, repeatCount=0, eventTime=12874516, downTime=12874516, deviceId=-1, source=0x101 }
W/InputEventReceiver(20013): Attempted to finish an input event but the input event receiver has already been disposed.
W/InputEventReceiver(20013): Attempted to finish an input event but the input event receiver has already been disposed.
W/InputManager(  464): Input event injection from pid 20003 failed.
W/ViewRootImpl(20013): Dropping event due to root view being removed: MotionEvent { action=ACTION_POINTER_DOWN(1), id[0]=0, x[0]=-509.56308, y[0]=117.60414, toolType[0]=TOOL_TYPE_UNKNOWN, id[1]=1, x[1]=-31.0, y[1]=160.0, toolType[1]=TOOL_TYPE_UNKNOWN, buttonState=0, metaState=0, flags=0x0, edgeFlags=0x0, pointerCount=2, historySize=0, eventTime=12874532, downTime=12874526, deviceId=0, source=0x1002 }
W/InputManager(  464): Input event injection from pid 20003 failed.
W/InputManager(  464): Input event injection from pid 20003 failed.
W/InputMethodManagerService(  464): Window already focused, ignoring focus gain of: com.android.internal.view.IInputMethodClient$Stub$Proxy@4a9b8134 attribute=null, token = android.os.BinderProxy@4abdbd28
W/UnimplementedWebViewApi(20013): Unimplemented WebView method onKeyMultiple called from: android.webkit.WebView.onKeyMultiple(WebView.java:2179)
W/UnimplementedWebViewApi(20013): Unimplemented WebView method onKeyDown called from: android.webkit.WebView.onKeyDown(WebView.java:2169)
W/UnimplementedWebViewApi(20013): Unimplemented WebView method onKeyDown called from: android.webkit.WebView.onKeyDown(WebView.java:2169)
W/UnimplementedWebViewApi(20013): Unimplemented WebView method onKeyDown called from: android.webkit.WebView.onKeyDown(WebView.java:2169)
W/UnimplementedWebViewApi(20013): Unimplemented WebView method onKeyDown called from: android.webkit.WebView.onKeyDown(WebView.java:2169)
D/dalvikvm(20013): GC_CONCURRENT freed 2842K, 17% free 14919K/17816K, paused 0ms+1ms, total 6ms
W/UnimplementedWebViewApi(20013): Unimplemented WebView method onKeyDown called from: android.webkit.WebView.onKeyDown(WebView.java:2169)
W/ViewRootImpl(20013): Dropping event due to no window focus: KeyEvent { action=ACTION_DOWN, keyCode=KEYCODE_DPAD_DOWN, scanCode=0, metaState=0, flags=0x8, repeatCount=0, eventTime=12874802, downTime=12874802, deviceId=-1, source=0x101 }
W/ViewRootImpl(20013): Dropping event due to no window focus: KeyEvent { action=ACTION_DOWN, keyCode=KEYCODE_MENU, scanCode=0, metaState=0, flags=0x8, repeatCount=0, eventTime=12874812, downTime=12874812, deviceId=-1, source=0x101 }
W/SocketClient(  163): write error (Broken pipe)
W/InputMethodManagerService(  464): Window already focused, ignoring focus gain of: com.android.internal.view.IInputMethodClient$Stub$Proxy@4aa19e7c attribute=null, token = android.os.BinderProxy@4abdbd28
W/UnimplementedWebViewApi(20013): Unimplemented WebView method onKeyMultiple called from: android.webkit.WebView.onKeyMultiple(WebView.java:2179)
W/UnimplementedWebViewApi(20013): Unimplemented WebView method onKeyDown called from: android.webkit.WebView.onKeyDown(WebView.java:2169)
W/UnimplementedWebViewApi(20013): Unimplemented WebView method onKeyDown called from: android.webkit.WebView.onKeyDown(WebView.java:2169)
I/ActivityManager(  464): START u0 {act=android.intent.action.MAIN cat=[android.intent.category.LAUNCHER] flg=0x10000000 sel={act=android.intent.action.MAIN cat=[android.intent.category.APP_MUSIC]}} from pid 464
W/ViewRootImpl(20013): Dropping event due to no window focus: KeyEvent { action=ACTION_DOWN, keyCode=KEYCODE_1, scanCode=0, metaState=0, flags=0x8, repeatCount=0, eventTime=12874973, downTime=12874973, deviceId=-1, source=0x101 }
W/ViewRootImpl(20013): Dropping event due to no window focus: KeyEvent { action=ACTION_DOWN, keyCode=KEYCODE_DPAD_UP, scanCode=0, metaState=0, flags=0x8, repeatCount=0, eventTime=12874982, downTime=12874982, deviceId=-1, source=0x101 }
W/ViewRootImpl(20013): Dropping event due to no window focus: KeyEvent { action=ACTION_DOWN, keyCode=KEYCODE_PAGE_UP, scanCode=0, metaState=0, flags=0x8, repeatCount=0, eventTime=12874984, downTime=12874984, deviceId=-1, source=0x101 }
I/SnapScrollController(20013): setSnapScrollingMode case-default no-op
I/SnapScrollController(20013): setSnapScrollingMode case-default no-op
I/chromium(20013): [INFO:CONSOLE(12)] "Not allowed to load local resource: file:///android_asset/webkit/android-weberror.png", source: data:text/html,chromewebdata (12)
W/InputEventReceiver(20013): Attempted to finish an input event but the input event receiver has already been disposed.
W/InputEventReceiver(20013): Attempted to finish an input event but the input event receiver has already been disposed.
W/InputEventReceiver(20013): Attempted to finish an input event but the input event receiver has already been disposed.
W/InputEventReceiver(20013): Attempted to finish an input event but the input event receiver has already been disposed.
W/ViewRootImpl(20013): Dropping event due to root view being removed: MotionEvent { action=ACTION_MOVE, id[0]=0, x[0]=-731.3554, y[0]=406.8895, toolType[0]=TOOL_TYPE_UNKNOWN, buttonState=0, metaState=0, flags=0x0, edgeFlags=0x0, pointerCount=1, historySize=8, eventTime=12875101, downTime=12875088, deviceId=0, source=0x1002 }
W/ViewRootImpl(20013): Dropping event due to root view being removed: MotionEvent { action=ACTION_UP, id[0]=0, x[0]=-719.7848, y[0]=408.95792, toolType[0]=TOOL_TYPE_UNKNOWN, buttonState=0, metaState=0, flags=0x0, edgeFlags=0x0, pointerCount=1, historySize=0, eventTime=12875103, downTime=12875088, deviceId=0, source=0x1002 }
W/ViewRootImpl(20013): Dropping event due to root view being removed: MotionEvent { action=ACTION_MOVE, id[0]=0, x[0]=-1.0, y[0]=-4.0, toolType[0]=TOOL_TYPE_UNKNOWN, buttonState=0, metaState=0, flags=0x0, edgeFlags=0x0, pointerCount=1, historySize=29, eventTime=12875116, downTime=-1, deviceId=0, source=0x10004 }
W/InputMethodManagerService(  464): Window already focused, ignoring focus gain of: com.android.internal.view.IInputMethodClient$Stub$Proxy@4a994ef4 attribute=null, token = android.os.BinderProxy@4abdbd28
W/UnimplementedWebViewApi(20013): Unimplemented WebView method onKeyMultiple called from: android.webkit.WebView.onKeyMultiple(WebView.java:2179)
W/UnimplementedWebViewApi(20013): Unimplemented WebView method onKeyDown called from: android.webkit.WebView.onKeyDown(WebView.java:2169)
W/UnimplementedWebViewApi(20013): Unimplemented WebView method onKeyDown called from: android.webkit.WebView.onKeyDown(WebView.java:2169)
I/ActivityManager(  464): START u0 {act=android.intent.action.CALL_BUTTON flg=0x10000000} from pid 20013
W/PhoneFallbackEventHandler(20013): No activity found for android.intent.action.CALL_BUTTON.
I/SnapScrollController(20013): setSnapScrollingMode case-default no-op
I/SnapScrollController(20013): setSnapScrollingMode case-default no-op
I/ActivityManager(  464): START u0 {act=android.intent.action.MAIN cat=[android.intent.category.LAUNCHER] flg=0x10200000 cmp=com.sdk.blood_pressure/.MainActivity} from pid 20003
I/ActivityManager(  464): START u0 {act=android.intent.action.MAIN cat=[android.intent.category.LAUNCHER] flg=0x10200000 cmp=com.sdk.blood_pressure/.MainActivity} from pid 20003
W/UnimplementedWebViewApi(20013): Unimplemented WebView method onKeyMultiple called from: android.webkit.WebView.onKeyMultiple(WebView.java:2179)
W/UnimplementedWebViewApi(20013): Unimplemented WebView method onKeyDown called from: android.webkit.WebView.onKeyDown(WebView.java:2169)
W/UnimplementedWebViewApi(20013): Unimplemented WebView method onKeyMultiple called from: android.webkit.WebView.onKeyMultiple(WebView.java:2179)
W/UnimplementedWebViewApi(20013): Unimplemented WebView method onKeyDown called from: android.webkit.WebView.onKeyDown(WebView.java:2169)
W/UnimplementedWebViewApi(20013): Unimplemented WebView method onKeyMultiple called from: android.webkit.WebView.onKeyMultiple(WebView.java:2179)
W/UnimplementedWebViewApi(20013): Unimplemented WebView method onKeyDown called from: android.webkit.WebView.onKeyDown(WebView.java:2169)
W/UnimplementedWebViewApi(20013): Unimplemented WebView method onKeyDown called from: android.webkit.WebView.onKeyDown(WebView.java:2169)
W/UnimplementedWebViewApi(20013): Unimplemented WebView method onKeyMultiple called from: android.webkit.WebView.onKeyMultiple(WebView.java:2179)
W/UnimplementedWebViewApi(20013): Unimplemented WebView method onKeyDown called from: android.webkit.WebView.onKeyDown(WebView.java:2169)
W/UnimplementedWebViewApi(20013): Unimplemented WebView method onKeyDown called from: android.webkit.WebView.onKeyDown(WebView.java:2169)
E/AudioFlinger(  170): no more track names available
E/AudioTrack(  464): AudioFlinger could not create track, status: -12
E/SoundPool(  464): Error creating AudioTrack
W/ViewRootImpl(20013): Dropping event due to no window focus: KeyEvent { action=ACTION_DOWN, keyCode=KEYCODE_DPAD_CENTER, scanCode=0, metaState=0, flags=0x8, repeatCount=0, eventTime=12876181, downTime=12876181, deviceId=-1, source=0x101 }
W/ViewRootImpl(20013): Dropping event due to no window focus: KeyEvent { action=ACTION_DOWN, keyCode=KEYCODE_DPAD_DOWN, scanCode=0, metaState=0, flags=0x8, repeatCount=0, eventTime=12876187, downTime=12876187, deviceId=-1, source=0x101 }
W/SocketClient(  163): write error (Broken pipe)
W/ViewRootImpl(20013): Dropping event due to no window focus: KeyEvent { action=ACTION_DOWN, keyCode=KEYCODE_AT, scanCode=0, metaState=0, flags=0x8, repeatCount=0, eventTime=12876195, downTime=12876195, deviceId=-1, source=0x101 }
I/chromium(20013): [INFO:CONSOLE(12)] "Not allowed to load local resource: file:///android_asset/webkit/android-weberror.png", source: data:text/html,chromewebdata (12)
W/InputEventReceiver(20013): Attempted to finish an input event but the input event receiver has already been disposed.
W/InputEventReceiver(20013): Attempted to finish an input event but the input event receiver has already been disposed.
W/InputEventReceiver(20013): Attempted to finish an input event but the input event receiver has already been disposed.
W/ViewRootImpl(20013): Dropping event due to root view being removed: MotionEvent { action=ACTION_MOVE, id[0]=0, x[0]=-290.27643, y[0]=221.43335, toolType[0]=TOOL_TYPE_UNKNOWN, buttonState=0, metaState=0, flags=0x0, edgeFlags=0x0, pointerCount=1, historySize=0, eventTime=12876514, downTime=12876511, deviceId=0, source=0x1002 }
W/ViewRootImpl(20013): Dropping event due to root view being removed: MotionEvent { action=ACTION_UP, id[0]=0, x[0]=-292.10925, y[0]=220.56332, toolType[0]=TOOL_TYPE_UNKNOWN, buttonState=0, metaState=0, flags=0x0, edgeFlags=0x0, pointerCount=1, historySize=0, eventTime=12876515, downTime=12876511, deviceId=0, source=0x1002 }
W/ViewRootImpl(20013): Dropping event due to no window focus: KeyEvent { action=ACTION_DOWN, keyCode=KEYCODE_NUMPAD_4, scanCode=0, metaState=0, flags=0x8, repeatCount=0, eventTime=12876519, downTime=12876519, deviceId=-1, source=0x101 }
W/ViewRootImpl(20013): Dropping event due to no window focus: KeyEvent { action=ACTION_DOWN, keyCode=KEYCODE_DPAD_LEFT, scanCode=0, metaState=0, flags=0x8, repeatCount=0, eventTime=12876519, downTime=12876519, deviceId=-1, source=0x101 }
W/InputMethodManagerService(  464): Window already focused, ignoring focus gain of: com.android.internal.view.IInputMethodClient$Stub$Proxy@4acf1390 attribute=android.view.inputmethod.EditorInfo@4a9e6d38, token = android.os.BinderProxy@4abdbd28
I/SnapScrollController(20013): setSnapScrollingMode case-default no-op
I/SnapScrollController(20013): setSnapScrollingMode case-default no-op
E/AudioFlinger(  170): no more track names available
E/AudioTrack(  464): AudioFlinger could not create track, status: -12
E/SoundPool(  464): Error creating AudioTrack
W/ViewRootImpl(20013): Dropping event due to no window focus: KeyEvent { action=ACTION_DOWN, keyCode=KEYCODE_MENU, scanCode=0, metaState=0, flags=0x8, repeatCount=0, eventTime=12877278, downTime=12877278, deviceId=-1, source=0x101 }
W/ViewRootImpl(20013): Dropping event due to no window focus: KeyEvent { action=ACTION_DOWN, keyCode=KEYCODE_DPAD_RIGHT, scanCode=0, metaState=0, flags=0x8, repeatCount=0, eventTime=12877284, downTime=12877284, deviceId=-1, source=0x101 }
W/InputEventReceiver(20013): Attempted to finish an input event but the input event receiver has already been disposed.
W/InputEventReceiver(20013): Attempted to finish an input event but the input event receiver has already been disposed.
W/InputEventReceiver(20013): Attempted to finish an input event but the input event receiver has already been disposed.
W/ViewRootImpl(20013): Dropping event due to root view being removed: MotionEvent { action=ACTION_UP, id[0]=0, x[0]=-576.90497, y[0]=479.9607, toolType[0]=TOOL_TYPE_UNKNOWN, buttonState=0, metaState=0, flags=0x0, edgeFlags=0x0, pointerCount=1, historySize=0, eventTime=12877391, downTime=12877390, deviceId=0, source=0x1002 }
W/ViewRootImpl(20013): Dropping event due to root view being removed: MotionEvent { action=ACTION_MOVE, id[0]=0, x[0]=1.0, y[0]=-5.0, toolType[0]=TOOL_TYPE_UNKNOWN, buttonState=0, metaState=0, flags=0x0, edgeFlags=0x0, pointerCount=1, historySize=19, eventTime=12877386, downTime=-1, deviceId=0, source=0x10004 }
W/InputMethodManagerService(  464): Window already focused, ignoring focus gain of: com.android.internal.view.IInputMethodClient$Stub$Proxy@4acaf388 attribute=android.view.inputmethod.EditorInfo@4ac99ac8, token = android.os.BinderProxy@4abdbd28
I/ActivityManager(  464): START u0 {act=android.intent.action.MAIN cat=[android.intent.category.LAUNCHER] flg=0x10200000 cmp=com.sdk.blood_pressure/.MainActivity} from pid 20003
E/AudioFlinger(  170): no more track names available
E/AudioTrack(  464): AudioFlinger could not create track, status: -12
E/SoundPool(  464): Error creating AudioTrack
E/AudioFlinger(  170): no more track names available
E/AudioTrack(  464): AudioFlinger could not create track, status: -12
E/SoundPool(  464): Error creating AudioTrack
E/AudioFlinger(  170): no more track names available
E/AudioTrack(  464): AudioFlinger could not create track, status: -12
E/SoundPool(  464): Error creating AudioTrack
W/ViewRootImpl(20013): Dropping event due to no window focus: MotionEvent { action=ACTION_MOVE, id[0]=0, x[0]=-4.0, y[0]=0.0, toolType[0]=TOOL_TYPE_UNKNOWN, buttonState=0, metaState=0, flags=0x0, edgeFlags=0x0, pointerCount=1, historySize=0, eventTime=12877894, downTime=-1, deviceId=0, source=0x10004 }
E/AudioFlinger(  170): no more track names available
E/AudioTrack(  464): AudioFlinger could not create track, status: -12
W/InputEventReceiver(20013): Attempted to finish an input event but the input event receiver has already been disposed.
W/InputEventReceiver(20013): Attempted to finish an input event but the input event receiver has already been disposed.
E/SoundPool(  464): Error creating AudioTrack
E/AudioFlinger(  170): no more track names available
E/AudioTrack(  464): AudioFlinger could not create track, status: -12
E/SoundPool(  464): Error creating AudioTrack
W/ViewRootImpl(20013): Dropping event due to root view being removed: MotionEvent { action=ACTION_DOWN, id[0]=0, x[0]=19.0, y[0]=156.0, toolType[0]=TOOL_TYPE_UNKNOWN, buttonState=0, metaState=0, flags=0x0, edgeFlags=0x0, pointerCount=1, historySize=0, eventTime=12877926, downTime=12877925, deviceId=0, source=0x1002 }
W/ViewRootImpl(20013): Dropping event due to root view being removed: MotionEvent { action=ACTION_UP, id[0]=0, x[0]=21.712341, y[0]=154.58392, toolType[0]=TOOL_TYPE_UNKNOWN, buttonState=0, metaState=0, flags=0x0, edgeFlags=0x0, pointerCount=1, historySize=0, eventTime=12877927, downTime=12877925, deviceId=0, source=0x1002 }
W/ViewRootImpl(20013): Dropping event due to no window focus: KeyEvent { action=ACTION_DOWN, keyCode=KEYCODE_CALL, scanCode=0, metaState=0, flags=0x8, repeatCount=0, eventTime=12877954, downTime=12877954, deviceId=-1, source=0x101 }
W/InputMethodManagerService(  464): Window already focused, ignoring focus gain of: com.android.internal.view.IInputMethodClient$Stub$Proxy@4a9ac548 attribute=android.view.inputmethod.EditorInfo@4ad365b8, token = android.os.BinderProxy@4abdbd28
W/UnimplementedWebViewApi(20013): Unimplemented WebView method onKeyMultiple called from: android.webkit.WebView.onKeyMultiple(WebView.java:2179)
W/UnimplementedWebViewApi(20013): Unimplemented WebView method onKeyDown called from: android.webkit.WebView.onKeyDown(WebView.java:2169)
I/ActivityManager(  464): START u0 {act=android.intent.action.MAIN cat=[android.intent.category.LAUNCHER] flg=0x10000000 cmp=com.android.browser/.BrowserActivity sel={act=android.intent.action.MAIN cat=[android.intent.category.APP_BROWSER]}} from pid 464
E/AudioFlinger(  170): no more track names available
E/AudioTrack(  464): AudioFlinger could not create track, status: -12
E/SoundPool(  464): Error creating AudioTrack
E/AudioFlinger(  170): no more track names available
E/AudioTrack(  464): AudioFlinger could not create track, status: -12
E/SoundPool(  464): Error creating AudioTrack
I/ActivityManager(  464): START u0 {act=android.intent.action.MAIN cat=[android.intent.category.LAUNCHER] flg=0x10200000 cmp=com.sdk.blood_pressure/.MainActivity} from pid 20003
E/AudioFlinger(  170): no more track names available
E/AudioTrack(  464): AudioFlinger could not create track, status: -12
E/SoundPool(  464): Error creating AudioTrack
W/ViewRootImpl(20013): Dropping event due to no window focus: KeyEvent { action=ACTION_DOWN, keyCode=KEYCODE_DPAD_UP, scanCode=0, metaState=0, flags=0x8, repeatCount=0, eventTime=12878469, downTime=12878469, deviceId=-1, source=0x101 }
W/InputEventReceiver(20013): Attempted to finish an input event but the input event receiver has already been disposed.
W/InputEventReceiver(20013): Attempted to finish an input event but the input event receiver has already been disposed.
W/InputEventReceiver(20013): Attempted to finish an input event but the input event receiver has already been disposed.
W/InputEventReceiver(20013): Attempted to finish an input event but the input event receiver has already been disposed.
W/InputEventReceiver(20013): Attempted to finish an input event but the input event receiver has already been disposed.
W/ViewRootImpl(20013): Dropping event due to root view being removed: MotionEvent { action=ACTION_UP, id[0]=0, x[0]=123.00305, y[0]=219.34543, toolType[0]=TOOL_TYPE_UNKNOWN, buttonState=0, metaState=0, flags=0x0, edgeFlags=0x0, pointerCount=1, historySize=0, eventTime=12878508, downTime=12878507, deviceId=0, source=0x1002 }
W/ViewRootImpl(20013): Dropping event due to root view being removed: MotionEvent { action=ACTION_DOWN, id[0]=0, x[0]=257.0, y[0]=615.0, toolType[0]=TOOL_TYPE_UNKNOWN, buttonState=0, metaState=0, flags=0x0, edgeFlags=0x0, pointerCount=1, historySize=0, eventTime=12878509, downTime=12878509, deviceId=0, source=0x1002 }
W/ViewRootImpl(20013): Dropping event due to root view being removed: MotionEvent { action=ACTION_MOVE, id[0]=0, x[0]=258.531, y[0]=608.55273, toolType[0]=TOOL_TYPE_UNKNOWN, buttonState=0, metaState=0, flags=0x0, edgeFlags=0x0, pointerCount=1, historySize=0, eventTime=12878511, downTime=12878509, deviceId=0, source=0x1002 }
W/ViewRootImpl(20013): Dropping event due to root view being removed: MotionEvent { action=ACTION_UP, id[0]=0, x[0]=275.43323, y[0]=595.4498, toolType[0]=TOOL_TYPE_UNKNOWN, buttonState=0, metaState=0, flags=0x0, edgeFlags=0x0, pointerCount=1, historySize=0, eventTime=12878512, downTime=12878509, deviceId=0, source=0x1002 }
V/PanelView(  532): animationTick called with dtms=0; nothing to do (h=0.0 v=0.0)
W/SocketClient(  163): write error (Broken pipe)
W/InputMethodManagerService(  464): Window already focused, ignoring focus gain of: com.android.internal.view.IInputMethodClient$Stub$Proxy@4acb0c14 attribute=android.view.inputmethod.EditorInfo@4ac95118, token = android.os.BinderProxy@4abdbd28
I/chromium(20013): [INFO:CONSOLE(12)] "Not allowed to load local resource: file:///android_asset/webkit/android-weberror.png", source: data:text/html,chromewebdata (12)
E/AudioFlinger(  170): no more track names available
E/AudioTrack(  464): AudioFlinger could not create track, status: -12
E/SoundPool(  464): Error creating AudioTrack
E/AudioFlinger(  170): no more track names available
E/AudioTrack(  464): AudioFlinger could not create track, status: -12
E/SoundPool(  464): Error creating AudioTrack
E/AudioFlinger(  170): no more track names available
E/AudioTrack(  464): AudioFlinger could not create track, status: -12
E/SoundPool(  464): Error creating AudioTrack
W/ViewRootImpl(20013): Dropping event due to no window focus: KeyEvent { action=ACTION_DOWN, keyCode=KEYCODE_DPAD_CENTER, scanCode=0, metaState=0, flags=0x8, repeatCount=0, eventTime=12878774, downTime=12878774, deviceId=-1, source=0x101 }
I/ActivityManager(  464): START u0 {act=android.intent.action.MAIN cat=[android.intent.category.LAUNCHER] flg=0x10000000 cmp=com.android.contacts/.activities.PeopleActivity sel={act=android.intent.action.MAIN cat=[android.intent.category.APP_CONTACTS]}} from pid 464
E/AudioFlinger(  170): no more track names available
E/AudioTrack(  464): AudioFlinger could not create track, status: -12
E/SoundPool(  464): Error creating AudioTrack
W/InputEventReceiver(20013): Attempted to finish an input event but the input event receiver has already been disposed.
W/InputEventReceiver(20013): Attempted to finish an input event but the input event receiver has already been disposed.
W/ViewRootImpl(20013): Dropping event due to root view being removed: MotionEvent { action=ACTION_DOWN, id[0]=0, x[0]=-16.0, y[0]=125.0, toolType[0]=TOOL_TYPE_UNKNOWN, buttonState=0, metaState=0, flags=0x0, edgeFlags=0x0, pointerCount=1, historySize=0, eventTime=12878875, downTime=12878875, deviceId=0, source=0x1002 }
W/ViewRootImpl(20013): Dropping event due to root view being removed: MotionEvent { action=ACTION_UP, id[0]=0, x[0]=-17.920471, y[0]=123.08621, toolType[0]=TOOL_TYPE_UNKNOWN, buttonState=0, metaState=0, flags=0x0, edgeFlags=0x0, pointerCount=1, historySize=0, eventTime=12878877, downTime=12878875, deviceId=0, source=0x1002 }
W/InputMethodManagerService(  464): Window already focused, ignoring focus gain of: com.android.internal.view.IInputMethodClient$Stub$Proxy@4ae3ba1c attribute=null, token = android.os.BinderProxy@4abdbd28
V/PanelView(  532): animationTick called with dtms=0; nothing to do (h=0.0 v=0.0)
E/AudioFlinger(  170): no more track names available
