--------- beginning of /dev/log/main
I/Icing   (  713): Indexing F4FAA6262FE39DDD50BAE6B7AF5CDB8D73BA0DB0 from com.google.android.gms
D/dalvikvm(  713): GC_CONCURRENT freed 2101K, 41% free 9510K/15900K, paused 1ms+1ms, total 13ms
I/Icing   (  713): Indexing done F4FAA6262FE39DDD50BAE6B7AF5CDB8D73BA0DB0
D/AndroidRuntime(14537): 
D/AndroidRuntime(14537): >>>>>> AndroidRuntime START com.android.internal.os.RuntimeInit <<<<<<
D/AndroidRuntime(14537): CheckJNI is OFF
D/dalvikvm(14537): Using executionMode 2
D/dalvikvm(14537): Trying to load lib libjavacore.so 0x0
D/dalvikvm(14537): Added shared lib libjavacore.so 0x0
D/dalvikvm(14537): Trying to load lib libnativehelper.so 0x0
D/dalvikvm(14537): Added shared lib libnativehelper.so 0x0
D/dalvikvm(14537): No JNI_OnLoad found in libnativehelper.so 0x0, skipping init
D/dalvikvm(14537): Note: class Landroid/app/ActivityManagerNative; has 179 unimplemented (abstract) methods
E/memtrack(14537): Couldn't load memtrack module (No such file or directory)
E/android.os.Debug(14537): failed to load memtrack module: -2
D/AndroidRuntime(14537): Calling main entry com.android.commands.monkey.Monkey
--------- beginning of /dev/log/system
W/BroadcastQueue(  464): Skipping deliver [background] BroadcastRecord{4ab4b80c u-1 android.net.conn.CONNECTIVITY_CHANGE} to ReceiverList{4ac1d9a4 14537 (unknown name)/0/u-1 remote:4a9a324c}: process crashing
I/ActivityManager(  464): START u0 {act=android.intent.action.MAIN cat=[android.intent.category.LAUNCHER] flg=0x10200000 cmp=com.alivecor.aliveecg/.MainActivity} from pid 14537
D/WebViewTimersControl(31805): onBrowserActivityPause
D/WebViewTimersControl(31805): Pausing webview timers, view=com.android.browser.BrowserWebView{4a80fad4 VFEDHVCL .F...... 0,0-720,1164}
D/dalvikvm(  168): GC_EXPLICIT freed 40K, 4% free 2787K/2884K, paused 1ms+1ms, total 4ms
D/dalvikvm(  168): GC_EXPLICIT freed <1K, 4% free 2788K/2884K, paused 2ms+0ms, total 4ms
I/ActivityManager(  464): Start proc com.alivecor.aliveecg for activity com.alivecor.aliveecg/.MainActivity: pid=14547 uid=10132 gids={50132, 3003, 1028, 1015, 1023}
W/NetworkManagementSocketTagger(  464): setKernelCountSet(10132, 1) failed with errno -13
D/dalvikvm(  168): GC_EXPLICIT freed <1K, 4% free 2788K/2884K, paused 2ms+0ms, total 4ms
I/dalvikvm(14547): ignoring registerObject request in thread=1
I/dalvikvm(14547): ignoring registerObject request in thread=1
I/MultiDex(14547): VM with version 1.6.0 does not have multidex support
I/MultiDex(14547): install
I/MultiDex(14547): MultiDexExtractor.load(/data/app/com.alivecor.aliveecg-1.apk, false)
I/MultiDex(14547): Detected that extraction must be performed.
D/dalvikvm(14547): JIT code cache reset in 0 ms (0 bytes 1/0)
D/dalvikvm(14547): GC_CONCURRENT freed 163K, 7% free 3009K/3228K, paused 2ms+0ms, total 5ms
D/dalvikvm(14547): GC_CONCURRENT freed 113K, 5% free 3284K/3456K, paused 2ms+1ms, total 4ms
I/MultiDex(14547): load found 0 secondary dex files
I/MultiDex(14547): install done
D/dalvikvm(14547): Trying to load lib /data/app-lib/com.alivecor.aliveecg-1/libcrashlytics.so 0x94fdadb8
D/dalvikvm(14547): Added shared lib /data/app-lib/com.alivecor.aliveecg-1/libcrashlytics.so 0x94fdadb8
D/dalvikvm(14547): GC_CONCURRENT freed 185K, 5% free 3614K/3788K, paused 1ms+2ms, total 10ms
D/libcrashlytics(14547): Initializing libcrashlytics version 1.1.1
D/libcrashlytics(14547): Attempting to load unwinder...
D/libcrashlytics(14547): Done; using libcorkscrew
D/libcrashlytics(14547): Attempting to register signal handler...
D/libcrashlytics(14547): Signal handler registered.
D/libcrashlytics(14547): Initializing native crash handling successful.
I/CrashlyticsCore(14547): Initializing Crashlytics 2.3.5.79
D/dalvikvm(14547): GC_CONCURRENT freed 849K, 23% free 3194K/4108K, paused 2ms+0ms, total 7ms
D/dalvikvm(14547): GC_CONCURRENT freed 164K, 15% free 3501K/4108K, paused 3ms+1ms, total 7ms
I/dalvikvm(14547): Could not find method android.app.Notification$Builder.setLocalOnly, referenced from method com.google.android.gms.common.GooglePlayServicesUtil.zza
W/dalvikvm(14547): VFY: unable to resolve virtual method 333: Landroid/app/Notification$Builder;.setLocalOnly (Z)Landroid/app/Notification$Builder;
D/dalvikvm(14547): VFY: replacing opcode 0x6e at 0x0100
I/dalvikvm(14547): Could not find method android.content.pm.PackageManager.getPackageInstaller, referenced from method com.google.android.gms.common.GooglePlayServicesUtil.zzj
W/dalvikvm(14547): VFY: unable to resolve virtual method 706: Landroid/content/pm/PackageManager;.getPackageInstaller ()Landroid/content/pm/PackageInstaller;
D/dalvikvm(14547): VFY: replacing opcode 0x6e at 0x000a
I/GAv4    (14547): Google Analytics 8.1.15 is starting up. To enable debug logging on a device run:
I/GAv4    (14547):   adb shell setprop log.tag.GAv4 DEBUG
I/GAv4    (14547):   adb logcat -s GAv4
D/dalvikvm(14547): GC_CONCURRENT freed 249K, 9% free 3771K/4108K, paused 6ms+0ms, total 11ms
D/dalvikvm(14547): WAIT_FOR_CONCURRENT_GC blocked 8ms
D/dalvikvm(14547): WAIT_FOR_CONCURRENT_GC blocked 7ms
W/GAv4    (14547): AnalyticsReceiver is not registered or is disabled. Register the receiver for reliable dispatching on non-Google Play devices. See http://goo.gl/8Rd3yj for instructions.
W/GAv4    (14547): CampaignTrackingReceiver is not registered, not exported or is disabled. Installation campaign tracking is not possible. See http://goo.gl/8Rd3yj for instructions.
W/GAv4    (14547): AnalyticsService not registered in the app manifest. Hits might not be delivered reliably. See http://goo.gl/8Rd3yj for instructions.
D/dalvikvm(14547): GC_CONCURRENT freed 380K, 11% free 3898K/4336K, paused 2ms+1ms, total 14ms
D/dalvikvm(14547): WAIT_FOR_CONCURRENT_GC blocked 4ms
D/dalvikvm(14547): WAIT_FOR_CONCURRENT_GC blocked 6ms
D/dalvikvm(14547): WAIT_FOR_CONCURRENT_GC blocked 14ms
V/MixpanelAPI.Conf(14547): Mixpanel configured with:
V/MixpanelAPI.Conf(14547):     AutoShowMixpanelUpdates true
V/MixpanelAPI.Conf(14547):     BulkUploadLimit 40
V/MixpanelAPI.Conf(14547):     FlushInterval 60000
V/MixpanelAPI.Conf(14547):     DataExpiration 432000000
V/MixpanelAPI.Conf(14547):     MinimumDatabaseLimit 20971520
V/MixpanelAPI.Conf(14547):     DisableFallback true
V/MixpanelAPI.Conf(14547):     DisableAppOpenEvent true
V/MixpanelAPI.Conf(14547):     DisableDeviceUIBinding false
V/MixpanelAPI.Conf(14547):     DisableEmulatorUIBinding false
V/MixpanelAPI.Conf(14547):     EnableDebugLogging true
V/MixpanelAPI.Conf(14547):     TestMode false
V/MixpanelAPI.Conf(14547):     EventsEndpoint https://api.mixpanel.com/track?ip=1
V/MixpanelAPI.Conf(14547):     PeopleEndpoint https://api.mixpanel.com/engage
V/MixpanelAPI.Conf(14547):     DecideEndpoint https://decide.mixpanel.com/decide
V/MixpanelAPI.Conf(14547):     EventsFallbackEndpoint http://api.mixpanel.com/track?ip=1
V/MixpanelAPI.Conf(14547):     PeopleFallbackEndpoint http://api.mixpanel.com/engage
V/MixpanelAPI.Conf(14547):     DecideFallbackEndpoint http://decide.mixpanel.com/decide
V/MixpanelAPI.Conf(14547):     EditorUrl wss://switchboard.mixpanel.com/connect/
D/MixpanelAPI.AL(14547): Context is not an instance of Activity. To detect inbound App Links, pass an instance of an Activity to getInstance.
V/MixpanelAPI.PIdentity(14547): Loading Super Properties {}
V/MixpanelAPI.PIdentity(14547): Storing Super Properties {"Total Normal Recordings":0,"Total Noise Recordings":0,"Total AF Recordings":0,"Saved Short Recordings":0,"Total Unclassified Recordings":0}
V/MixpanelAPI.PIdentity(14547): Storing Super Properties {"Total Normal Recordings":0,"Total Noise Recordings":0,"Total AF Recordings":0,"Record Again":0,"Saved Short Recordings":0,"Total Unclassified Recordings":0}
V/MixpanelAPI.PIdentity(14547): Storing Super Properties {"Total Tags Created":0,"Total Normal Recordings":0,"Total Noise Recordings":0,"Total AF Recordings":0,"Record Again":0,"Saved Short Recordings":0,"Total Unclassified Recordings":0}
V/MixpanelAPI.PIdentity(14547): Storing Super Properties {"Total Tags Created":0,"Total Normal Recordings":0,"Total AF Recordings":0,"Total User Recordings":0,"Total Noise Recordings":0,"Record Again":0,"Saved Short Recordings":0,"Total Unclassified Recordings":0}
D/dalvikvm(14547): GC_CONCURRENT freed 845K, 21% free 3504K/4384K, paused 6ms+3ms, total 18ms
V/MixpanelAPI.PIdentity(14547): Storing Super Properties {"Total Tags Created":0,"Total Normal Recordings":0,"Total AF Recordings":0,"Total User Recordings":0,"Total Noise Recordings":0,"Total Guest Recordings":0,"Record Again":0,"Saved Short Recordings":0,"Total Unclassified Recordings":0}
V/MixpanelAPI.PIdentity(14547): Storing Super Properties {"Total Tags Created":0,"Total Normal Recordings":0,"Total AF Recordings":0,"Total User Recordings":0,"Total Noise Recordings":0,"Total Guest Recordings":0,"Total Starred ECGs":0,"Record Again":0,"Saved Short Recordings":0,"Total Unclassified Recordings":0}
V/MixpanelAPI.PIdentity(14547): Storing Super Properties {"Total Tags Created":0,"Total Normal Recordings":0,"Total AF Recordings":0,"Total User Recordings":0,"Total Noise Recordings":0,"Total shared emails":0,"Total Guest Recordings":0,"Total Starred ECGs":0,"Record Again":0,"Saved Short Recordings":0,"Total Unclassified Recordings":0}
V/MixpanelAPI.PIdentity(14547): Storing Super Properties {"Total Tags Created":0,"Total Normal Recordings":0,"Total AF Recordings":0,"Total User Recordings":0,"Total Noise Recordings":0,"Total overreads":0,"Total shared emails":0,"Total Guest Recordings":0,"Total Starred ECGs":0,"Record Again":0,"Saved Short Recordings":0,"Total Unclassified Recordings":0}
V/MixpanelAPI.PIdentity(14547): Storing Super Properties {"Total Tags Created":0,"Total Normal Recordings":0,"Total AF Recordings":0,"Total saved PDFs":0,"Total User Recordings":0,"Total Noise Recordings":0,"Total overreads":0,"Total shared emails":0,"Total Guest Recordings":0,"Total Starred ECGs":0,"Record Again":0,"Saved Short Recordings":0,"Total Unclassified Recordings":0}
V/MixpanelAPI.PIdentity(14547): Storing Super Properties {"Total Normal Recordings":0,"Population total time in Education Area":0,"Total AF Recordings":0,"Total User Recordings":0,"Total overreads":0,"Total Guest Recordings":0,"Total Starred ECGs":0,"Record Again":0,"Saved Short Recordings":0,"Total Unclassified Recordings":0,"Total Tags Created":0,"Total saved PDFs":0,"Total Noise Recordings":0,"Total shared emails":0}
V/MixpanelAPI.PIdentity(14547): Storing Super Properties {"Total Normal Recordings":0,"Population total time in Education Area":0,"Total AF Recordings":0,"Clicked Education Item":0,"Total User Recordings":0,"Total overreads":0,"Total Guest Recordings":0,"Total Starred ECGs":0,"Record Again":0,"Saved Short Recordings":0,"Total Unclassified Recordings":0,"Total Tags Created":0,"Total saved PDFs":0,"Total Noise Recordings":0,"Total shared emails":0}
V/MixpanelAPI.PIdentity(14547): Storing Super Properties {"Total Normal Recordings":0,"Population total time in Education Area":0,"Total AF Recordings":0,"Clicked Education Item":0,"Total User Recordings":0,"Total overreads":0,"Total Guest Recordings":0,"Total Starred ECGs":0,"Record Again":0,"Saved Short Recordings":0,"Total Unclassified Recordings":0,"Total Tags Created":0,"Total saved PDFs":0,"Total Noise Recordings":0,"Total shared emails":0,"Viewed Cardiac Anatomy":0}
V/MixpanelAPI.PIdentity(14547): Storing Super Properties {"Total Normal Recordings":0,"Population total time in Education Area":0,"Total AF Recordings":0,"Clicked Education Item":0,"Total User Recordings":0,"Total overreads":0,"Viewed What Is an ECG":0,"Total Guest Recordings":0,"Total Starred ECGs":0,"Record Again":0,"Saved Short Recordings":0,"Total Unclassified Recordings":0,"Total Tags Created":0,"Total saved PDFs":0,"Total Noise Recordings":0,"Total shared emails":0,"Viewed Cardiac Anatomy":0}
V/MixpanelAPI.PIdentity(14547): Storing Super Properties {"Total Normal Recordings":0,"Population total time in Education Area":0,"Total AF Recordings":0,"Clicked Education Item":0,"Total User Recordings":0,"Total overreads":0,"Viewed What Is an ECG":0,"Total Guest Recordings":0,"Total Starred ECGs":0,"Record Again":0,"Saved Short Recordings":0,"Total Unclassified Recordings":0,"Total Tags Created":0,"Total saved PDFs":0,"Total Noise Recordings":0,"Viewed an External Resource":0,"Total shared emails":0,"Viewed Cardiac Anatomy":0}
V/MixpanelAPI.PIdentity(14547): Storing Super Properties {"Total Normal Recordings":0,"Population total time in Education Area":0,"Total AF Recordings":0,"Clicked Education Item":0,"Total User Recordings":0,"Total overreads":0,"Viewed help item":0,"Viewed What Is an ECG":0,"Total Guest Recordings":0,"Total Starred ECGs":0,"Record Again":0,"Saved Short Recordings":0,"Total Unclassified Recordings":0,"Total Tags Created":0,"Total saved PDFs":0,"Total Noise Recordings":0,"Viewed an External Resource":0,"Total shared emails":0,"Viewed Cardiac Anatomy":0}
V/MixpanelAPI.PIdentity(14547): Storing Super Properties {"Total Normal Recordings":0,"Population total time in Education Area":0,"Total AF Recordings":0,"Viewed Quick Tutorial":0,"Clicked Education Item":0,"Total User Recordings":0,"Total overreads":0,"Viewed help item":0,"Viewed What Is an ECG":0,"Total Guest Recordings":0,"Total Starred ECGs":0,"Record Again":0,"Saved Short Recordings":0,"Total Unclassified Recordings":0,"Total Tags Created":0,"Total saved PDFs":0,"Total Noise Recordings":0,"Viewed an External Resource":0,"Total shared emails":0,"Viewed Cardiac Anatomy":0}
V/MixpanelAPI.PIdentity(14547): Storing Super Properties {"Total Normal Recordings":0,"Population total time in Education Area":0,"Total AF Recordings":0,"Viewed Quick Tutorial":0,"Clicked Education Item":0,"Total User Recordings":0,"Total overreads":0,"Viewed help item":0,"Viewed What Is an ECG":0,"Total Guest Recordings":0,"Total Starred ECGs":0,"Record Again":0,"Saved Short Recordings":0,"Total Unclassified Recordings":0,"Total Tags Created":0,"Total saved PDFs":0,"Total Noise Recordings":0,"Viewed an External Resource":0,"Total shared emails":0,"Viewed Recording an ECG":0,"Viewed Cardiac Anatomy":0}
V/MixpanelAPI.PIdentity(14547): Storing Super Properties {"Total Normal Recordings":0,"Population total time in Education Area":0,"Total AF Recordings":0,"Viewed Quick Tutorial":0,"Clicked Education Item":0,"Total User Recordings":0,"Total overreads":0,"Viewed help item":0,"Viewed What Is an ECG":0,"Total Guest Recordings":0,"Viewed Sending ECG For Analysis":0,"Total Starred ECGs":0,"Record Again":0,"Saved Short Recordings":0,"Total Unclassified Recordings":0,"Total Tags Created":0,"Total saved PDFs":0,"Total Noise Recordings":0,"Viewed an External Resource":0,"Total shared emails":0,"Viewed Recording an ECG":0,"Viewed Cardiac Anatomy":0}
V/MixpanelAPI.PIdentity(14547): Storing Super Properties {"Viewed Retrieving ECG Analysis":0,"Total Normal Recordings":0,"Population total time in Education Area":0,"Total AF Recordings":0,"Viewed Quick Tutorial":0,"Clicked Education Item":0,"Total User Recordings":0,"Total overreads":0,"Viewed help item":0,"Viewed What Is an ECG":0,"Total Guest Recordings":0,"Viewed Sending ECG For Analysis":0,"Total Starred ECGs":0,"Record Again":0,"Saved Short Recordings":0,"Total Unclassified Recordings":0,"Total Tags Created":0,"Total saved PDFs":0,"Total Noise Recordings":0,"Viewed an External Resource":0,"Total shared emails":0,"Viewed Recording an ECG":0,"Viewed Cardiac Anatomy":0}
V/MixpanelAPI.PIdentity(14547): Storing Super Properties {"Viewed Retrieving ECG Analysis":0,"Total Normal Recordings":0,"Population total time in Education Area":0,"Total AF Recordings":0,"Viewed Quick Tutorial":0,"Clicked Education Item":0,"Total User Recordings":0,"Total overreads":0,"Viewed help item":0,"Viewed What Is an ECG":0,"Total Guest Recordings":0,"Viewed Sending ECG For Analysis":0,"Total Starred ECGs":0,"Record Again":0,"Saved Short Recordings":0,"Total Unclassified Recordings":0,"Total Tags Created":0,"Total saved PDFs":0,"Viewed Alternate Positions":0,"Total Noise Recordings":0,"Viewed an External Resource":0,"Total shared emails":0,"Viewed Recording an ECG":0,"Viewed Cardiac Anatomy":0}
V/MixpanelAPI.PIdentity(14547): Storing Super Properties {"Viewed Retrieving ECG Analysis":0,"Total Normal Recordings":0,"Population total time in Education Area":0,"Total AF Recordings":0,"Viewed Quick Tutorial":0,"Clicked Education Item":0,"Total User Recordings":0,"Total overreads":0,"Viewed help item":0,"Viewed What Is an ECG":0,"Total Guest Recordings":0,"Viewed Sending ECG For Analysis":0,"Total Starred ECGs":0,"Record Again":0,"Saved Short Recordings":0,"Total Unclassified Recordings":0,"Total Tags Created":0,"Total saved PDFs":0,"Viewed Alternate Positions":0,"Total Noise Recordings":0,"Viewed an External Resource":0,"Total shared emails":0,"Viewed User Manual":0,"Viewed Recording an ECG":0,"Viewed Cardiac Anatomy":0}
V/MixpanelAPI.PIdentity(14547): Storing Super Properties {"Total Normal Recordings":0,"Viewed Quick Tutorial":0,"Total User Recordings":0,"Total overreads":0,"Viewed help item":0,"Viewed What Is an ECG":0,"Total Guest Recordings":0,"Viewed Sending ECG For Analysis":0,"Total Starred ECGs":0,"Saved Short Recordings":0,"Total saved PDFs":0,"Viewed Alternate Positions":0,"Total Noise Recordings":0,"Viewed Recording an ECG":0,"Viewed Retrieving ECG Analysis":0,"Population total time in Education Area":0,"Total AF Recordings":0,"Clicked Education Item":0,"Viewed Privacy and Terms":0,"Record Again":0,"Total Unclassified Recordings":0,"Total Tags Created":0,"Viewed an External Resource":0,"Total shared emails":0,"Viewed User Manual":0,"Viewed Cardiac Anatomy":0}
V/MixpanelAPI.PIdentity(14547): Storing Super Properties {"Total Normal Recordings":0,"Viewed Quick Tutorial":0,"Total User Recordings":0,"Total overreads":0,"Viewed help item":0,"Viewed What Is an ECG":0,"Total Guest Recordings":0,"Viewed Sending ECG For Analysis":0,"Total Starred ECGs":0,"Saved Short Recordings":0,"Total saved PDFs":0,"Viewed Alternate Positions":0,"Total Noise Recordings":0,"Viewed Recording an ECG":0,"Viewed Retrieving ECG Analysis":0,"Population total time in Education Area":0,"Total AF Recordings":0,"Clicked Education Item":0,"Viewed Privacy and Terms":0,"Record Again":0,"Total Unclassified Recordings":0,"Total Tags Created":0,"Total App Launches":1,"Viewed an External Resource":0,"Total shared emails":0,"Viewed User Manual":0,"Viewed Cardiac Anatomy":0}
V/MixpanelAPI.PIdentity(14547): Storing Super Properties {"Total Normal Recordings":0,"Last App Launch":"2018-04-13T22:06:24.706-03:00","Viewed Quick Tutorial":0,"Total User Recordings":0,"Total overreads":0,"Viewed help item":0,"Viewed What Is an ECG":0,"Total Guest Recordings":0,"Viewed Sending ECG For Analysis":0,"Total Starred ECGs":0,"Saved Short Recordings":0,"Total saved PDFs":0,"Viewed Alternate Positions":0,"Total Noise Recordings":0,"Viewed Recording an ECG":0,"Viewed Retrieving ECG Analysis":0,"Population total time in Education Area":0,"Total AF Recordings":0,"Clicked Education Item":0,"Viewed Privacy and Terms":0,"Record Again":0,"Total Unclassified Recordings":0,"Total Tags Created":0,"Total App Launches":1,"Viewed an External Resource":0,"Total shared emails":0,"Viewed User Manual":0,"Viewed Cardiac Anatomy":0}
W/Resources(14547): Converting to string: TypedValue{t=0x10/d=0x1e a=-1}
W/Resources(14547): Converting to string: TypedValue{t=0x10/d=0x0 a=-1}
W/Resources(14547): Converting to string: TypedValue{t=0x10/d=0x1 a=-1}
W/Resources(14547): Converting to string: TypedValue{t=0x10/d=0x19 a=-1}
D/dalvikvm(14547): GC_CONCURRENT freed 354K, 19% free 3569K/4384K, paused 1ms+0ms, total 4ms
W/Resources(14547): Converting to string: TypedValue{t=0x10/d=0xa a=-1}
D/dalvikvm(14547): GC_FOR_ALLOC freed 145K, 19% free 3558K/4384K, paused 3ms, total 3ms
V/MixpanelAPI.Database(14547): Creating a new Mixpanel events DB
D/dalvikvm(14547): GC_FOR_ALLOC freed 138K, 20% free 3548K/4384K, paused 3ms, total 3ms
V/MixpanelAPI.Messages(14547): Installing a check for surveys and in-app notifications (Thread 1247)
W/dalvikvm(14547): VFY: unable to find class referenced in signature (Lokhttp3/Request;)
W/dalvikvm(14547): VFY: unable to find class referenced in signature (Lokhttp3/Response;)
I/dalvikvm(14547): Could not find method okhttp3.Response.headers, referenced from method empirical.HelperClass.printOkHttpInfo
W/dalvikvm(14547): VFY: unable to resolve virtual method 49912: Lokhttp3/Response;.headers ()Lokhttp3/Headers;
D/dalvikvm(14547): VFY: replacing opcode 0x6e at 0x0006
W/dalvikvm(14547): VFY: unable to find class referenced in signature (Lokhttp3/Call;)
W/dalvikvm(14547): VFY: unable to find class referenced in signature (Lokhttp3/Response;)
I/dalvikvm(14547): Could not find method okhttp3.Call.request, referenced from method empirical.HelperClass.printOkHttpInfoFromCall
W/dalvikvm(14547): VFY: unable to resolve interface method 49906: Lokhttp3/Call;.request ()Lokhttp3/Request;
D/dalvikvm(14547): VFY: replacing opcode 0x72 at 0x0006
I/System.out(14547): body:<com.mixpanel.android.mpmetrics.DecideChecker: java.lang.String getDecideResponseFromServer(java.lang.String,java.lang.String,com.mixpanel.android.util.RemoteService)>	sig:$r1 = staticinvoke <java.net.URLEncoder: java.lang.String encode(java.lang.String,java.lang.String)>($r1, "utf-8")	timediff:0
I/System.out(14547): body:<com.mixpanel.android.mpmetrics.DecideChecker: java.lang.String getDecideResponseFromServer(java.lang.String,java.lang.String,com.mixpanel.android.util.RemoteService)>	sig:$r2 = staticinvoke <java.net.URLEncoder: java.lang.String encode(java.lang.String,java.lang.String)>($r2, "utf-8")	timediff:0
V/MixpanelAPI.DChecker(14547): Querying decide server, urls:
V/MixpanelAPI.DChecker(14547):     >> https://decide.mixpanel.com/decide?version=1&lib=android&token=ba903733cb17ed050a41e5bf344e09dd&distinct_id=82e831f5-50c1-47e2-9db8-c87e184a58c9
V/MixpanelAPI.Message(14547): ConnectivityManager says we are not online
V/MixpanelAPI.DChecker(14547): Mixpanel decide server response was:
V/MixpanelAPI.DChecker(14547): null
D/dalvikvm(14547): GC_FOR_ALLOC freed 171K, 20% free 3544K/4384K, paused 6ms, total 6ms
I/System.out(14547): Files=>noise_det.RF
V/MixpanelAPI.DecideUpdts(14547): New Decide content has become available. 0 surveys, 0 notifications and 0 experiments have been added.
D/dalvikvm(14547): GC_FOR_ALLOC freed 139K, 20% free 3536K/4384K, paused 8ms, total 8ms
I/System.out(14547): Files=>nsr_model.RF
I/MainActivity(14547): onCreate(). savedInstanceState=null
D/dalvikvm(14547): GC_FOR_ALLOC freed 151K, 19% free 3565K/4384K, paused 4ms, total 4ms
I/AppPreferences(14547): Auto mains freq:60Hz  Country:US
I/ActivityManager(  464): START u0 {cmp=com.alivecor.aliveecg/.TosActivity (has extras)} from pid 14547
V/MixpanelAPI.DecideUpdts(14547): No unseen notifications exist, none will be returned.
V/MixpanelAPI.API(14547): No notification available, will not show.
W/MixpanelAPI.ConfigurationChecker(14547): com.mixpanel.android.surveys.SurveyActivity is not registered as an activity in your application, so surveys can't be shown.
I/MixpanelAPI.ConfigurationChecker(14547): Please add the child tag <activity android:name="com.mixpanel.android.surveys.SurveyActivity" /> to your <application> tag.
V/MixpanelAPI.API(14547): Will not show survey, application isn't configured appropriately.
D/AppLaunchTracker(14547): onActivityStarted: MainActivity
I/MainActivity(14547): onStart()
D/AppLaunchTracker(14547): onActivityResumed: MainActivity
D/AppLaunchTracker(14547): Starting new session
V/MixpanelAPI.PIdentity(14547): Storing Super Properties {"Total Normal Recordings":0,"Last App Launch":"2018-04-13T22:06:24.706-03:00","Viewed Quick Tutorial":0,"Total User Recordings":0,"Total overreads":0,"Viewed help item":0,"Viewed What Is an ECG":0,"Total Guest Recordings":0,"Viewed Sending ECG For Analysis":0,"Total Starred ECGs":0,"Saved Short Recordings":0,"Total saved PDFs":0,"Viewed Alternate Positions":0,"Total Noise Recordings":0,"Viewed Recording an ECG":0,"Viewed Retrieving ECG Analysis":0,"Population total time in Education Area":0,"Total AF Recordings":0,"Clicked Education Item":0,"Viewed Privacy and Terms":0,"Record Again":0,"Total Unclassified Recordings":0,"Total Tags Created":0,"Total App Launches":2,"Viewed an External Resource":0,"Total shared emails":0,"Viewed User Manual":0,"Viewed Cardiac Anatomy":0}
W/DebugConnManager(14547): getNetworkInfo() on networkType 1
D/BluetoothManagerService(  464): Message: 20
D/BluetoothManagerService(  464): Added callback: android.bluetooth.IBluetoothManagerCallback$Stub$Proxy@4aa9fddc:true
V/MixpanelAPI.Messages(14547): Queuing event for sending later (Thread 1247)
V/MixpanelAPI.PIdentity(14547): Storing Super Properties {"Total Normal Recordings":0,"Last App Launch":"2018-04-13T22:06:24.995-03:00","Viewed Quick Tutorial":0,"Total User Recordings":0,"Total overreads":0,"Viewed help item":0,"Viewed What Is an ECG":0,"Total Guest Recordings":0,"Viewed Sending ECG For Analysis":0,"Total Starred ECGs":0,"Saved Short Recordings":0,"Total saved PDFs":0,"Viewed Alternate Positions":0,"Total Noise Recordings":0,"Viewed Recording an ECG":0,"Viewed Retrieving ECG Analysis":0,"Population total time in Education Area":0,"Total AF Recordings":0,"Clicked Education Item":0,"Viewed Privacy and Terms":0,"Record Again":0,"Total Unclassified Recordings":0,"Total Tags Created":0,"Total App Launches":2,"Viewed an External Resource":0,"Total shared emails":0,"Viewed User Manual":0,"Viewed Cardiac Anatomy":0}
I/MainActivity(14547): onResume()
V/MixpanelAPI.Messages(14547):     {"event":"App Launch","properties":{"Total Normal Recordings":0,"$bluetooth_version":"ble","Last App Launch":"2018-04-13T22:06:24.706-03:00","$has_telephone":true,"Viewed Quick Tutorial":0,"Total User Recordings":0,"$lib_version":"4.6.4","Total overreads":0,"$has_nfc":true,"Viewed help item":0,"$screen_dpi":240,"Viewed What Is an ECG":0,"Total Guest Recordings":0,"Viewed Sending ECG For Analysis":0,"Total Starred ECGs":0,"Saved Short Recordings":0,"$google_play_services":"available","$screen_height":1280,"time":1523667984,"Total saved PDFs":0,"Viewed Alternate Positions":0,"token":"ba903733cb17ed050a41e5bf344e09dd","$bluetooth_enabled":false,"$screen_width":720,"Total Noise Recordings":0,"Viewed Recording an ECG":0,"$app_version":"2.2.1-dae6b06","Viewed Retrieving ECG Analysis":0,"$brand":"samsung","Population total time in Education Area":0,"Total AF Recordings":0,"$os_version":"4.4.2","Clicked Education Item":0,"mp_lib":"android","$wifi":false,"$manufacturer":"samsung","Viewed Privacy and Terms":0,"Record Again":0,"Total Unclassified Recordings":0,"Total Tags Created":0,"distinct_id":"82e831f5-50c1-47e2-9db8-c87e184a58c9","Total App Launches":1,"Viewed an External Resource":0,"Total shared emails":0,"$os":"Android","$carrier":"T-Mobile","Viewed User Manual":0,"Viewed Cardiac Anatomy":0,"$model":"SM-G955N"}} (Thread 1247)
D/dalvikvm(14547): GC_FOR_ALLOC freed 222K, 18% free 3624K/4384K, paused 6ms, total 6ms
V/MixpanelAPI.Messages(14547): Queue depth 1 - Adding flush in 60000 (Thread 1247)
V/MixpanelAPI.FlipGesture(14547): Flip gesture abandoned
I/MainActivity(14547): onPause()
D/AppLaunchTracker(14547): onActivityPaused: MainActivity
D/AliveCheckVersionService(14547): start checking service!
I/System.out(14547): body:<retrofit.RequestBuilder: void addPathParam(java.lang.String,java.lang.String,boolean)>	sig:$r6 = staticinvoke <java.net.URLEncoder: java.lang.String encode(java.lang.String,java.lang.String)>($r6, "UTF-8")	timediff:0
D/Retrofit(14547): ---> HTTP GET https://app.alivecor.com/api/v1/versions/check?app=com.alivecor.aliveecg&version=2.2.1
D/Retrofit(14547): ---> END HTTP (no body)
I/System.out(14547): body:<com.squareup.okhttp.HttpUrl$Builder: java.lang.String domainToAscii(java.lang.String)>	sig:$r0 = staticinvoke <java.net.IDN: java.lang.String toASCII(java.lang.String)>($r0)	timediff:0
I/System.out(14547): body:<com.squareup.okhttp.OkHttpClient: com.squareup.okhttp.OkHttpClient copyWithDefaults()>	sig:$r2 = staticinvoke <java.net.ProxySelector: java.net.ProxySelector getDefault()>()	timediff:0
I/System.out(14547): body:<com.squareup.okhttp.OkHttpClient: com.squareup.okhttp.OkHttpClient copyWithDefaults()>	sig:$r3 = staticinvoke <java.net.CookieHandler: java.net.CookieHandler getDefault()>()	timediff:0
W/dalvikvm(14547): VFY: unable to find class referenced in signature (Ljava/nio/file/Path;)
W/dalvikvm(14547): VFY: unable to find class referenced in signature ([Ljava/nio/file/OpenOption;)
I/dalvikvm(14547): Could not find method java.nio.file.Files.newOutputStream, referenced from method okio.Okio.sink
W/dalvikvm(14547): VFY: unable to resolve static method 49006: Ljava/nio/file/Files;.newOutputStream (Ljava/nio/file/Path;[Ljava/nio/file/OpenOption;)Ljava/io/OutputStream;
D/dalvikvm(14547): VFY: replacing opcode 0x71 at 0x000a
W/dalvikvm(14547): VFY: unable to find class referenced in signature (Ljava/nio/file/Path;)
W/dalvikvm(14547): VFY: unable to find class referenced in signature ([Ljava/nio/file/OpenOption;)
I/dalvikvm(14547): Could not find method java.nio.file.Files.newInputStream, referenced from method okio.Okio.source
W/dalvikvm(14547): VFY: unable to resolve static method 49005: Ljava/nio/file/Files;.newInputStream (Ljava/nio/file/Path;[Ljava/nio/file/OpenOption;)Ljava/io/InputStream;
D/dalvikvm(14547): VFY: replacing opcode 0x71 at 0x000a
I/System.out(14547): body:<com.squareup.okhttp.HttpUrl: java.net.URI uri()>	sig:specialinvoke $r2.<java.net.URI: void <init>(java.lang.String)>($r3)	timediff:0
I/System.out(14547): body:<com.squareup.okhttp.internal.http.RouteSelector: void resetNextProxy(com.squareup.okhttp.HttpUrl,java.net.Proxy)>	sig:$r3 = virtualinvoke $r6.<java.net.ProxySelector: java.util.List select(java.net.URI)>($r7)	timediff:1
I/System.out(14547): body:<com.squareup.okhttp.internal.http.RouteSelector: void resetNextInetSocketAddress(java.net.Proxy)>	sig:$r8 = virtualinvoke $r1.<java.net.Proxy: java.net.Proxy$Type type()>()	timediff:0
D/Retrofit(14547): ---- ERROR https://app.alivecor.com/api/v1/versions/check?app=com.alivecor.aliveecg&version=2.2.1
D/Retrofit(14547): java.net.UnknownHostException: Unable to resolve host "app.alivecor.com": No address associated with hostname
D/Retrofit(14547): 	at java.net.InetAddress.lookupHostByName(InetAddress.java:424)
D/Retrofit(14547): 	at java.net.InetAddress.getAllByNameImpl(InetAddress.java:236)
D/Retrofit(14547): 	at java.net.InetAddress.getAllByName(InetAddress.java:214)
D/Retrofit(14547): 	at com.squareup.okhttp.internal.Network$1.resolveInetAddresses(Network.java:29)
D/Retrofit(14547): 	at com.squareup.okhttp.internal.http.RouteSelector.resetNextInetSocketAddress(RouteSelector.java:187)
D/Retrofit(14547): 	at com.squareup.okhttp.internal.http.RouteSelector.nextProxy(RouteSelector.java:156)
D/Retrofit(14547): 	at com.squareup.okhttp.internal.http.RouteSelector.next(RouteSelector.java:98)
D/Retrofit(14547): 	at com.squareup.okhttp.internal.http.HttpEngine.createNextConnection(HttpEngine.java:344)
D/Retrofit(14547): 	at com.squareup.okhttp.internal.http.HttpEngine.connect(HttpEngine.java:327)
D/Retrofit(14547): 	at com.squareup.okhttp.internal.http.HttpEngine.sendRequest(HttpEngine.java:245)
D/Retrofit(14547): 	at com.squareup.okhttp.Call.getResponse(Call.java:267)
D/Retrofit(14547): 	at com.squareup.okhttp.Call$ApplicationInterceptorChain.proceed(Call.java:224)
D/Retrofit(14547): 	at com.alivecor.sync.api.AliveRestClient$1.intercept(AliveRestClient.java:123)
D/Retrofit(14547): 	at com.squareup.okhttp.Call$ApplicationInterceptorChain.proceed(Call.java:221)
D/Retrofit(14547): 	at com.squareup.okhttp.Call.getResponseWithInterceptorChain(Call.java:195)
D/Retrofit(14547): 	at com.squareup.okhttp.Call.execute(Call.java:79)
D/Retrofit(14547): 	at retrofit.client.OkClient.execute(OkClient.java:53)
D/Retrofit(14547): 	at retrofit.RestAdapter$RestHandler.invokeRequest(RestAdapter.java:326)
D/Retrofit(14547): 	at retrofit.RestAdapter$RestHandler.access$100(RestAdapter.java:220)
D/Retrofit(14547): 	at retrofit.RestAdapter$RestHandler$2.obtainResponse(RestAdapter.java:278)
D/Retrofit(14547): 	at retrofit.CallbackRunnable.run(CallbackRunnable.java:42)
D/Retrofit(14547): 	at java.util.concurrent.ThreadPoolExecutor.runWorker(ThreadPoolExecutor.java:1112)
D/Retrofit(14547): 	at java.util.concurrent.ThreadPoolExecutor$Worker.run(ThreadPoolExecutor.java:587)
D/Retrofit(14547): 	at retrofit.Platform$Android$2$1.run(Platform.java:142)
D/Retrofit(14547): 	at java.lang.Thread.run(Thread.java:841)
D/Retrofit(14547): Caused by: libcore.io.GaiException: getaddrinfo failed: EAI_NODATA (No address associated with hostname)
D/Retrofit(14547): 	at libcore.io.Posix.getaddrinfo(Native Method)
D/Retrofit(14547): 	at libcore.io.ForwardingOs.getaddrinfo(ForwardingOs.java:61)
D/Retrofit(14547): 	at java.net.InetAddress.lookupHostByName(InetAddress.java:405)
D/Retrofit(14547): 	... 24 more
D/Retrofit(14547): ---- END ERROR
E/AliveCheckVersionService(14547): retrofit.RetrofitError: Unable to resolve host "app.alivecor.com": No address associated with hostname
W/dalvikvm(14547): VFY: unable to find class referenced in signature (Landroid/view/SearchEvent;)
I/dalvikvm(14547): Could not find method android.view.Window$Callback.onSearchRequested, referenced from method android.support.v7.view.WindowCallbackWrapper.onSearchRequested
W/dalvikvm(14547): VFY: unable to resolve interface method 18929: Landroid/view/Window$Callback;.onSearchRequested (Landroid/view/SearchEvent;)Z
D/dalvikvm(14547): VFY: replacing opcode 0x72 at 0x0002
I/dalvikvm(14547): Could not find method android.view.Window$Callback.onWindowStartingActionMode, referenced from method android.support.v7.view.WindowCallbackWrapper.onWindowStartingActionMode
W/dalvikvm(14547): VFY: unable to resolve interface method 18933: Landroid/view/Window$Callback;.onWindowStartingActionMode (Landroid/view/ActionMode$Callback;I)Landroid/view/ActionMode;
D/dalvikvm(14547): VFY: replacing opcode 0x72 at 0x0002
D/dalvikvm(14547): GC_CONCURRENT freed 340K, 15% free 3732K/4384K, paused 3ms+1ms, total 8ms
I/dalvikvm(14547): Could not find method android.content.res.TypedArray.getChangingConfigurations, referenced from method android.support.v7.widget.TintTypedArray.getChangingConfigurations
W/dalvikvm(14547): VFY: unable to resolve virtual method 788: Landroid/content/res/TypedArray;.getChangingConfigurations ()I
D/dalvikvm(14547): VFY: replacing opcode 0x6e at 0x0002
I/dalvikvm(14547): Could not find method android.content.res.TypedArray.getType, referenced from method android.support.v7.widget.TintTypedArray.getType
W/dalvikvm(14547): VFY: unable to resolve virtual method 810: Landroid/content/res/TypedArray;.getType (I)I
D/dalvikvm(14547): VFY: replacing opcode 0x6e at 0x0002
D/dalvikvm(14547): GC_FOR_ALLOC freed 58K, 14% free 3780K/4384K, paused 3ms, total 4ms
I/dalvikvm-heap(14547): Grow heap (frag case) to 3.794MB for 56388-byte allocation
D/dalvikvm(14547): GC_FOR_ALLOC freed 5K, 14% free 3830K/4440K, paused 4ms, total 4ms
D/dalvikvm(14547): GC_FOR_ALLOC freed 2K, 14% free 3828K/4440K, paused 2ms, total 3ms
I/dalvikvm-heap(14547): Grow heap (frag case) to 4.393MB for 635808-byte allocation
D/dalvikvm(14547): GC_FOR_ALLOC freed 0K, 13% free 4449K/5064K, paused 3ms, total 3ms
D/dalvikvm(14547): GC_CONCURRENT freed 1K, 13% free 4448K/5064K, paused 0ms+0ms, total 2ms
D/AppLaunchTracker(14547): onActivityStarted: TosActivity
D/AppLaunchTracker(14547): onActivityResumed: TosActivity
I/System.out(14547): body:<io.fabric.sdk.android.services.network.HttpRequest: java.lang.String encode(java.lang.CharSequence)>	sig:specialinvoke $r3.<java.net.URL: void <init>(java.lang.String)>($r1)	timediff:0
I/System.out(14547): <io.fabric.sdk.android.services.network.HttpRequest: java.lang.String encode(java.lang.CharSequence)>###specialinvoke $r3.<java.net.URL: void <init>(java.lang.String)>($r1)###https://settings.crashlytics.com/spi/v2/platforms/android/apps/com.alivecor.aliveecg/settings?instance=edcaa809f328efab1aec027ff1594820a575b61f&source=1&build_version=86&icon_hash=cf6f49040a623029cb564b65542165ca3ae67332&display_version=2.2.1-dae6b06
I/System.out(14547): body:<io.fabric.sdk.android.services.network.HttpRequest: java.lang.String encode(java.lang.CharSequence)>	sig:$r4 = virtualinvoke $r3.<java.net.URL: java.lang.String getHost()>()	timediff:0
I/System.out(14547): body:<io.fabric.sdk.android.services.network.HttpRequest: java.lang.String encode(java.lang.CharSequence)>	sig:$i0 = virtualinvoke $r3.<java.net.URL: int getPort()>()	timediff:0
I/System.out(14547): body:<io.fabric.sdk.android.services.network.HttpRequest: java.lang.String encode(java.lang.CharSequence)>	sig:$r4 = virtualinvoke $r3.<java.net.URL: java.lang.String getProtocol()>()	timediff:3
I/System.out(14547): body:<io.fabric.sdk.android.services.network.HttpRequest: java.lang.String encode(java.lang.CharSequence)>	sig:$r7 = virtualinvoke $r3.<java.net.URL: java.lang.String getPath()>()	timediff:0
I/System.out(14547): body:<io.fabric.sdk.android.services.network.HttpRequest: java.lang.String encode(java.lang.CharSequence)>	sig:$r8 = virtualinvoke $r3.<java.net.URL: java.lang.String getQuery()>()	timediff:0
I/System.out(14547): body:<io.fabric.sdk.android.services.network.HttpRequest: java.lang.String encode(java.lang.CharSequence)>	sig:specialinvoke $r6.<java.net.URI: void <init>(java.lang.String,java.lang.String,java.lang.String,java.lang.String,java.lang.String)>($r4, $r1, $r7, $r8, null)	timediff:0
I/System.out(14547): body:<io.fabric.sdk.android.services.network.HttpRequest: java.lang.String encode(java.lang.CharSequence)>	sig:$r8 = virtualinvoke $r6.<java.net.URI: java.lang.String toASCIIString()>()	timediff:0
I/System.out(14547): body:<io.fabric.sdk.android.services.network.HttpRequest: void <init>(java.lang.CharSequence,java.lang.String)>	sig:specialinvoke $r5.<java.net.URL: void <init>(java.lang.String)>($r4)	timediff:0
I/System.out(14547): <io.fabric.sdk.android.services.network.HttpRequest: void <init>(java.lang.CharSequence,java.lang.String)>###specialinvoke $r5.<java.net.URL: void <init>(java.lang.String)>($r4)###https://settings.crashlytics.com/spi/v2/platforms/android/apps/com.alivecor.aliveecg/settings?instance=edcaa809f328efab1aec027ff1594820a575b61f&source=1&build_version=86&icon_hash=cf6f49040a623029cb564b65542165ca3ae67332&display_version=2.2.1-dae6b06
I/System.out(14547): body:<io.fabric.sdk.android.services.network.HttpRequest$ConnectionFactory$1: java.net.HttpURLConnection create(java.net.URL)>	sig:$r2 = virtualinvoke $r1.<java.net.URL: java.net.URLConnection openConnection()>()	timediff:1
I/System.out(14547): body:<io.fabric.sdk.android.services.network.HttpRequest: java.net.HttpURLConnection createConnection()>	sig:virtualinvoke $r1.<java.net.HttpURLConnection: void setRequestMethod(java.lang.String)>($r3)	timediff:0
I/System.out(14547): body:<io.fabric.sdk.android.services.network.HttpRequest: io.fabric.sdk.android.services.network.HttpRequest useCaches(boolean)>	sig:virtualinvoke $r1.<java.net.HttpURLConnection: void setUseCaches(boolean)>($z0)	timediff:0
I/System.out(14547): body:<io.fabric.sdk.android.services.network.HttpRequest: io.fabric.sdk.android.services.network.HttpRequest connectTimeout(int)>	sig:virtualinvoke $r1.<java.net.HttpURLConnection: void setConnectTimeout(int)>($i0)	timediff:0
I/System.out(14547): body:<io.fabric.sdk.android.services.network.HttpRequest: io.fabric.sdk.android.services.network.HttpRequest header(java.lang.String,java.lang.String)>	sig:virtualinvoke $r3.<java.net.HttpURLConnection: void setRequestProperty(java.lang.String,java.lang.String)>($r1, $r2)	timediff:0
I/System.out(14547): body:<io.fabric.sdk.android.services.network.HttpRequest: io.fabric.sdk.android.services.network.HttpRequest header(java.lang.String,java.lang.String)>	sig:virtualinvoke $r3.<java.net.HttpURLConnection: void setRequestProperty(java.lang.String,java.lang.String)>($r1, $r2)	timediff:0
I/System.out(14547): body:<io.fabric.sdk.android.services.network.HttpRequest: io.fabric.sdk.android.services.network.HttpRequest header(java.lang.String,java.lang.String)>	sig:virtualinvoke $r3.<java.net.HttpURLConnection: void setRequestProperty(java.lang.String,java.lang.String)>($r1, $r2)	timediff:1
I/System.out(14547): body:<io.fabric.sdk.android.services.network.HttpRequest: io.fabric.sdk.android.services.network.HttpRequest header(java.lang.String,java.lang.String)>	sig:virtualinvoke $r3.<java.net.HttpURLConnection: void setRequestProperty(java.lang.String,java.lang.String)>($r1, $r2)	timediff:0
I/System.out(14547): body:<io.fabric.sdk.android.services.network.HttpRequest: io.fabric.sdk.android.services.network.HttpRequest header(java.lang.String,java.lang.String)>	sig:virtualinvoke $r3.<java.net.HttpURLConnection: void setRequestProperty(java.lang.String,java.lang.String)>($r1, $r2)	timediff:0
I/System.out(14547): body:<io.fabric.sdk.android.services.network.HttpRequest: io.fabric.sdk.android.services.network.HttpRequest header(java.lang.String,java.lang.String)>	sig:virtualinvoke $r3.<java.net.HttpURLConnection: void setRequestProperty(java.lang.String,java.lang.String)>($r1, $r2)	timediff:0
I/System.out(14547): body:<io.fabric.sdk.android.services.network.HttpRequest: io.fabric.sdk.android.services.network.HttpRequest header(java.lang.String,java.lang.String)>	sig:virtualinvoke $r3.<java.net.HttpURLConnection: void setRequestProperty(java.lang.String,java.lang.String)>($r1, $r2)	timediff:0
I/System.out(14547): body:<io.fabric.sdk.android.services.network.HttpRequest: java.lang.String header(java.lang.String)>	sig:$r1 = virtualinvoke $r2.<java.net.HttpURLConnection: java.lang.String getHeaderField(java.lang.String)>($r1)	timediff:0
E/Fabric  (14547): Unknown error while loading Crashlytics settings. Crashes will be cached until settings can be retrieved.
E/Answers (14547): Failed to retrieve settings
D/libEGL  (14547): loaded /system/lib/egl/libEGL_adreno.so
D/        (14547): HostConnection::get() New Host Connection established 0xb87c71a0, tid 14547
D/libEGL  (14547): loaded /system/lib/egl/libGLESv1_CM_adreno.so
D/libEGL  (14547): loaded /system/lib/egl/libGLESv2_adreno.so
W/EGL_emulation(14547): eglSurfaceAttrib not implemented 3093 12436
D/OpenGLRenderer(14547): Enabling debug mode 0
W/ViewRootImpl(14547): Dropping event due to no window focus: KeyEvent { action=ACTION_DOWN, keyCode=KEYCODE_DPAD_CENTER, scanCode=0, metaState=0, flags=0x8, repeatCount=0, eventTime=12310389, downTime=12310389, deviceId=-1, source=0x101 }
W/CrashlyticsCore(14547): Received null settings, skipping initialization!
D/dalvikvm(14547): GC_CONCURRENT freed 299K, 10% free 4589K/5064K, paused 3ms+1ms, total 10ms
W/ContextImpl(  464): Calling a method in the system process without a qualified user: android.app.ContextImpl.sendBroadcast:1123 com.android.server.InputMethodManagerService.hideCurrentInputLocked:1880 com.android.server.InputMethodManagerService.windowGainedFocus:1968 com.android.internal.view.IInputMethodManager$Stub.onTransact:221 com.android.server.InputMethodManagerService.onTransact:818 
W/IInputConnectionWrapper(31805): showStatusIcon on inactive InputConnection
I/ActivityManager(  464): Displayed com.alivecor.aliveecg/.TosActivity: +599ms (total +1s348ms)
W/InputMethodManager(14547): Ignoring onBind: cur seq=5679, given seq=5678
D/MainActivity(14547): Saving Activity state
D/AppLaunchTracker(14547): onActivityStopped: MainActivity
W/NetworkManagementSocketTagger(  464): setKernelCountSet(10017, 0) failed with errno -13
I/MainActivity(14547): onStop()
D/AppLaunchTracker(14547): onActivityPaused: TosActivity
V/MixpanelAPI.DecideUpdts(14547): No unseen notifications exist, none will be returned.
V/MixpanelAPI.API(14547): No notification available, will not show.
W/MixpanelAPI.ConfigurationChecker(14547): com.mixpanel.android.surveys.SurveyActivity is not registered as an activity in your application, so surveys can't be shown.
I/MixpanelAPI.ConfigurationChecker(14547): Please add the child tag <activity android:name="com.mixpanel.android.surveys.SurveyActivity" /> to your <application> tag.
V/MixpanelAPI.API(14547): Will not show survey, application isn't configured appropriately.
D/AppLaunchTracker(14547): onActivityStarted: MainActivity
I/MainActivity(14547): onStart()
D/AppLaunchTracker(14547): onActivityResumed: MainActivity
I/MainActivity(14547): onResume()
W/EGL_emulation(14547): eglSurfaceAttrib not implemented 3093 12436
W/ContextImpl(  464): Calling a method in the system process without a qualified user: android.app.ContextImpl.sendBroadcast:1123 com.android.server.InputMethodManagerService.hideCurrentInputLocked:1880 com.android.server.InputMethodManagerService.windowGainedFocus:1968 com.android.internal.view.IInputMethodManager$Stub.onTransact:221 com.android.server.InputMethodManagerService.onTransact:818 
D/AppLaunchTracker(14547): onActivityStopped: TosActivity
D/dalvikvm( 8629): GC_FOR_ALLOC freed 7790K, 62% free 4893K/12744K, paused 2ms, total 5ms
I/dalvikvm-heap( 8629): Grow heap (frag case) to 8.343MB for 3686412-byte allocation
D/dalvikvm( 8629): GC_CONCURRENT freed 8K, 34% free 8485K/12744K, paused 5ms+1ms, total 7ms
I/ActivityManager(  464): START u0 {act=android.intent.action.CALL_BUTTON flg=0x10000000} from pid 14547
W/PhoneFallbackEventHandler(14547): No activity found for android.intent.action.CALL_BUTTON.
W/EGL_emulation( 8629): eglSurfaceAttrib not implemented 3093 12436
W/ViewRootImpl(14547): Dropping event due to no window focus: KeyEvent { action=ACTION_DOWN, keyCode=KEYCODE_CTRL_RIGHT, scanCode=0, metaState=0, flags=0x8, repeatCount=0, eventTime=12313010, downTime=12313010, deviceId=-1, source=0x101 }
W/EGL_emulation(14547): eglSurfaceAttrib not implemented 3093 12436
W/InputMethodManagerService(  464): Window already focused, ignoring focus gain of: com.android.internal.view.IInputMethodClient$Stub$Proxy@4ac60e94 attribute=null, token = android.os.BinderProxy@4ab90a20
I/ActivityManager(  464): START u0 {act=android.intent.action.MAIN cat=[android.intent.category.LAUNCHER] flg=0x10200000 cmp=com.alivecor.aliveecg/.MainActivity} from pid 14537
W/ViewRootImpl(14547): Dropping event due to no window focus: KeyEvent { action=ACTION_DOWN, keyCode=KEYCODE_DPAD_RIGHT, scanCode=0, metaState=0, flags=0x8, repeatCount=0, eventTime=12313182, downTime=12313182, deviceId=-1, source=0x101 }
W/EGL_emulation(14547): eglSurfaceAttrib not implemented 3093 12436
W/InputMethodManagerService(  464): Window already focused, ignoring focus gain of: com.android.internal.view.IInputMethodClient$Stub$Proxy@4ae70870 attribute=null, token = android.os.BinderProxy@4ab90a20
I/WearableService(  654): Wearable Services stopping
I/ActivityManager(  464): START u0 {act=android.intent.action.CALL_BUTTON flg=0x10000000} from pid 14547
W/PhoneFallbackEventHandler(14547): No activity found for android.intent.action.CALL_BUTTON.
I/ActivityManager(  464): START u0 {act=android.intent.action.MAIN cat=[android.intent.category.LAUNCHER] flg=0x10200000 cmp=com.alivecor.aliveecg/.MainActivity} from pid 14537
I/ActivityManager(  464): START u0 {act=android.intent.action.CALL_BUTTON flg=0x10000000} from pid 14547
W/PhoneFallbackEventHandler(14547): No activity found for android.intent.action.CALL_BUTTON.
W/ViewRootImpl(14547): Dropping event due to no window focus: KeyEvent { action=ACTION_DOWN, keyCode=KEYCODE_DPAD_CENTER, scanCode=0, metaState=0, flags=0x8, repeatCount=0, eventTime=12314071, downTime=12314071, deviceId=-1, source=0x101 }
I/ActivityManager(  464): START u0 {act=android.intent.action.MAIN cat=[android.intent.category.LAUNCHER] flg=0x10200000 cmp=com.alivecor.aliveecg/.MainActivity} from pid 14537
W/EGL_emulation(14547): eglSurfaceAttrib not implemented 3093 12436
W/ViewRootImpl(14547): Dropping event due to no window focus: KeyEvent { action=ACTION_DOWN, keyCode=KEYCODE_DPAD_DOWN, scanCode=0, metaState=0, flags=0x8, repeatCount=0, eventTime=12314081, downTime=12314081, deviceId=-1, source=0x101 }
V/PanelView(  532): animationTick called with dtms=0; nothing to do (h=0.0 v=-0.0)
V/PanelView(  532): animationTick called with dtms=-5; nothing to do (h=0.0 v=-0.0)
D/dalvikvm( 8629): GC_FOR_ALLOC freed 17K, 34% free 8485K/12744K, paused 2ms, total 2ms
I/dalvikvm-heap( 8629): Grow heap (frag case) to 10.312MB for 2073612-byte allocation
D/dalvikvm( 8629): GC_FOR_ALLOC freed <1K, 18% free 10509K/12744K, paused 6ms, total 6ms
D/dalvikvm( 8629): GC_CONCURRENT freed <1K, 18% free 10509K/12744K, paused 2ms+0ms, total 4ms
W/ViewRootImpl(14547): Dropping event due to no window focus: KeyEvent { action=ACTION_DOWN, keyCode=KEYCODE_ZOOM_IN, scanCode=0, metaState=0, flags=0x8, repeatCount=0, eventTime=12314210, downTime=12314210, deviceId=-1, source=0x101 }
W/InputMethodManagerService(  464): Window already focused, ignoring focus gain of: com.android.internal.view.IInputMethodClient$Stub$Proxy@4aae5458 attribute=null, token = android.os.BinderProxy@4ab90a20
D/dalvikvm(  464): GC_FOR_ALLOC freed 3395K, 46% free 16971K/31284K, paused 17ms, total 17ms
D/dalvikvm(  464): GC_FOR_ALLOC freed 30K, 40% free 18981K/31284K, paused 16ms, total 16ms
I/dalvikvm-heap(  464): Grow heap (frag case) to 20.568MB for 2073612-byte allocation
D/dalvikvm(  464): GC_FOR_ALLOC freed 26K, 38% free 20979K/33312K, paused 13ms, total 13ms
D/dalvikvm(  464): GC_FOR_ALLOC freed 6301K, 46% free 14804K/27232K, paused 11ms, total 12ms
I/dalvikvm-heap(  464): Grow heap (frag case) to 16.490MB for 2073612-byte allocation
