I/InputDispatcher(  481): Dropping event because there is no focused window or focused application.
I/InputDispatcher(  481): Dropping event because there is no focused window or focused application.
I/InputDispatcher(  481): Dropping event because there is no focused window or focused application.
I/InputDispatcher(  481): Dropping event because there is no focused window or focused application.
I/InputDispatcher(  481): Dropping event because there is no focused window or focused application.
I/InputDispatcher(  481): Dropping event because there is no focused window or focused application.
I/InputDispatcher(  481): Dropping event because there is no focused window or focused application.
I/InputDispatcher(  481): Dropping event because there is no focused window or focused application.
I/InputDispatcher(  481): Dropping event because there is no focused window or focused application.
I/InputDispatcher(  481): Dropping event because there is no focused window or focused application.
I/InputDispatcher(  481): Dropping event because there is no focused window or focused application.
I/InputDispatcher(  481): Dropping event because there is no focused window or focused application.
I/InputDispatcher(  481): Dropping event because there is no focused window or focused application.
I/InputDispatcher(  481): Dropping event because there is no focused window or focused application.
I/InputDispatcher(  481): Dropping event because there is no focused window or focused application.
I/InputDispatcher(  481): Dropping event because there is no focused window or focused application.
I/InputDispatcher(  481): Dropping event because there is no focused window or focused application.
I/InputDispatcher(  481): Dropping event because there is no focused window or focused application.
I/InputDispatcher(  481): Dropping event because there is no focused window or focused application.
I/ActivityManager(  481): Process com.farlex.dictionary.medical (pid 5677) has died.
W/ActivityManager(  481): Force removing ActivityRecord{4a9d4108 u0 com.farlex.dictionary.medical/farlex.mobidic.droid.LaunchActivity t60}: app died, no saved state
W/InputManager(  481): Input event injection from pid 5483 failed.
W/InputManager(  481): Input event injection from pid 5483 failed.
W/InputManager(  481): Input event injection from pid 5483 failed.
W/InputManager(  481): Input event injection from pid 5483 failed.
W/InputManager(  481): Input event injection from pid 5483 failed.
W/InputManager(  481): Input event injection from pid 5483 failed.
W/InputManager(  481): Input event injection from pid 5483 failed.
W/InputManager(  481): Input event injection from pid 5483 failed.
W/InputManager(  481): Input event injection from pid 5483 failed.
W/InputManager(  481): Input event injection from pid 5483 failed.
W/InputManager(  481): Input event injection from pid 5483 failed.
W/InputManager(  481): Input event injection from pid 5483 failed.
W/InputManager(  481): Input event injection from pid 5483 failed.
W/InputManager(  481): Input event injection from pid 5483 failed.
W/InputManager(  481): Input event injection from pid 5483 failed.
W/InputManager(  481): Input event injection from pid 5483 failed.
W/InputManager(  481): Input event injection from pid 5483 failed.
W/InputManager(  481): Input event injection from pid 5483 failed.
W/InputManager(  481): Input event injection from pid 5483 failed.
W/InputManager(  481): Input event injection from pid 5483 failed.
W/InputManager(  481): Input event injection from pid 5483 failed.
W/InputManager(  481): Input event injection from pid 5483 failed.
W/InputManager(  481): Input event injection from pid 5483 failed.
W/InputManager(  481): Input event injection from pid 5483 failed.
W/InputManager(  481): Input event injection from pid 5483 failed.
I/InputDispatcher(  481): Dropping event because there is no focused window or focused application.
D/Zygote  (  167): Process 5677 exited cleanly (90)
I/InputDispatcher(  481): Dropping event because there is no focused window or focused application.
I/InputDispatcher(  481): Dropping event because there is no focused window or focused application.
I/InputDispatcher(  481): Dropping event because there is no focused window or focused application.
W/InputManager(  481): Input event injection from pid 5483 failed.
W/InputManager(  481): Input event injection from pid 5483 failed.
W/InputManager(  481): Input event injection from pid 5483 failed.
W/InputManager(  481): Input event injection from pid 5483 failed.
I/ActivityManager(  481): START u0 {act=android.intent.action.MAIN cat=[android.intent.category.LAUNCHER] flg=0x10200000 cmp=com.farlex.dictionary.medical/farlex.mobidic.droid.LaunchActivity} from pid 5483
W/InputManager(  481): Input event injection from pid 5483 failed.
W/InputManager(  481): Input event injection from pid 5483 failed.
W/InputManager(  481): Input event injection from pid 5483 failed.
W/InputManager(  481): Input event injection from pid 5483 failed.
W/EGL_emulation( 4342): eglSurfaceAttrib not implemented 3093 12436
D/WebViewTimersControl( 4342): onBrowserActivityResume
D/WebViewTimersControl( 4342): Resuming webview timers, view=com.android.browser.BrowserWebView{4a98cb80 VFEDHVCL .F....ID 0,0-720,1164}
D/dalvikvm(  481): GC_CONCURRENT freed 3500K, 35% free 15742K/23876K, paused 1ms+3ms, total 21ms
D/WebViewTimersControl( 4342): onBrowserActivityPause
D/WebViewTimersControl( 4342): Pausing webview timers, view=com.android.browser.BrowserWebView{4a98cb80 VFEDHVCL .F....ID 0,0-720,1164}
I/ActivityManager(  481): Start proc com.farlex.dictionary.medical for activity com.farlex.dictionary.medical/farlex.mobidic.droid.LaunchActivity: pid=5688 uid=10161 gids={50161, 3003, 1028, 1015, 1023}
W/NetworkManagementSocketTagger(  481): setKernelCountSet(10161, 1) failed with errno -13
I/dalvikvm( 5688): ignoring registerObject request in thread=1
I/dalvikvm( 5688): ignoring registerObject request in thread=1
D/dalvikvm( 5688): Trying to load lib /data/app-lib/com.farlex.dictionary.medical-1/libmonodroid.so 0x94f08690
D/dalvikvm( 5688): Added shared lib /data/app-lib/com.farlex.dictionary.medical-1/libmonodroid.so 0x94f08690
F/monodroid-assembly( 5688): Assembly 'assemblies/Farlex.MobiDic.Droid.dll' is located at a bad address 0x7e0728be
F/monodroid-assembly( 5688): You MUST run `zipalign` on com.farlex.dictionary.medical-1.apk
W/NetworkManagementSocketTagger(  481): setKernelCountSet(10161, 0) failed with errno -13
I/ActivityManager(  481): Process com.farlex.dictionary.medical (pid 5688) has died.
I/ActivityManager(  481): Start proc com.farlex.dictionary.medical for activity com.farlex.dictionary.medical/farlex.mobidic.droid.LaunchActivity: pid=5702 uid=10161 gids={50161, 3003, 1028, 1015, 1023}
D/Zygote  (  167): Process 5688 exited cleanly (90)
W/NetworkManagementSocketTagger(  481): setKernelCountSet(10161, 1) failed with errno -13
W/NetworkManagementSocketTagger(  481): setKernelCountSet(10017, 0) failed with errno -13
I/dalvikvm( 5702): ignoring registerObject request in thread=1
I/dalvikvm( 5702): ignoring registerObject request in thread=1
D/dalvikvm( 5702): Trying to load lib /data/app-lib/com.farlex.dictionary.medical-1/libmonodroid.so 0x94f09680
D/dalvikvm( 5702): Added shared lib /data/app-lib/com.farlex.dictionary.medical-1/libmonodroid.so 0x94f09680
F/monodroid-assembly( 5702): Assembly 'assemblies/Farlex.MobiDic.Droid.dll' is located at a bad address 0x7e0728be
F/monodroid-assembly( 5702): You MUST run `zipalign` on com.farlex.dictionary.medical-1.apk
W/NetworkManagementSocketTagger(  481): setKernelCountSet(10161, 0) failed with errno -13
I/ActivityManager(  481): Process com.farlex.dictionary.medical (pid 5702) has died.
W/NetworkManagementSocketTagger(  481): setKernelCountSet(10161, 1) failed with errno -13
I/ActivityManager(  481): Start proc com.farlex.dictionary.medical for activity com.farlex.dictionary.medical/farlex.mobidic.droid.LaunchActivity: pid=5713 uid=10161 gids={50161, 3003, 1028, 1015, 1023}
D/Zygote  (  167): Process 5702 exited cleanly (90)
I/dalvikvm( 5713): ignoring registerObject request in thread=1
I/dalvikvm( 5713): ignoring registerObject request in thread=1
D/dalvikvm( 5713): Trying to load lib /data/app-lib/com.farlex.dictionary.medical-1/libmonodroid.so 0x94f0a580
D/dalvikvm( 5713): Added shared lib /data/app-lib/com.farlex.dictionary.medical-1/libmonodroid.so 0x94f0a580
F/monodroid-assembly( 5713): Assembly 'assemblies/Farlex.MobiDic.Droid.dll' is located at a bad address 0x7e0728be
F/monodroid-assembly( 5713): You MUST run `zipalign` on com.farlex.dictionary.medical-1.apk
I/InputDispatcher(  481): Dropping event because there is no focused window or focused application.
W/NetworkManagementSocketTagger(  481): setKernelCountSet(10161, 0) failed with errno -13
I/InputDispatcher(  481): Dropping event because there is no focused window or focused application.
I/InputDispatcher(  481): Dropping event because there is no focused window or focused application.
I/InputDispatcher(  481): Dropping event because there is no focused window or focused application.
I/InputDispatcher(  481): Dropping event because there is no focused window or focused application.
W/NetworkManagementSocketTagger(  481): setKernelCountSet(10017, 1) failed with errno -13
I/ActivityManager(  481): Process com.farlex.dictionary.medical (pid 5713) has died.
W/ActivityManager(  481): Force removing ActivityRecord{4aa9d04c u0 com.farlex.dictionary.medical/farlex.mobidic.droid.LaunchActivity t61}: app died, no saved state
W/InputManager(  481): Input event injection from pid 5483 failed.
W/InputManager(  481): Input event injection from pid 5483 failed.
W/InputManager(  481): Input event injection from pid 5483 failed.
W/InputManager(  481): Input event injection from pid 5483 failed.
W/InputManager(  481): Input event injection from pid 5483 failed.
I/InputDispatcher(  481): Dropping event because there is no focused window or focused application.
D/Zygote  (  167): Process 5713 exited cleanly (90)
I/InputDispatcher(  481): Dropping event because there is no focused window or focused application.
I/InputDispatcher(  481): Dropping event because there is no focused window or focused application.
W/InputManager(  481): Input event injection from pid 5483 failed.
W/InputManager(  481): Input event injection from pid 5483 failed.
W/InputManager(  481): Input event injection from pid 5483 failed.
W/InputManager(  481): Input event injection from pid 5483 failed.
W/InputManager(  481): Input event injection from pid 5483 failed.
W/InputManager(  481): Input event injection from pid 5483 failed.
W/InputManager(  481): Input event injection from pid 5483 failed.
I/ActivityManager(  481): START u0 {act=android.intent.action.MAIN cat=[android.intent.category.LAUNCHER] flg=0x10200000 cmp=com.farlex.dictionary.medical/farlex.mobidic.droid.LaunchActivity} from pid 5483
I/WearableService(  641): Wearable Services stopping
D/WebViewTimersControl( 4342): onBrowserActivityResume
D/WebViewTimersControl( 4342): Resuming webview timers, view=com.android.browser.BrowserWebView{4a98cb80 VFEDHVCL .F....ID 0,0-720,1164}
W/InputMethodManagerService(  481): Starting input on non-focused client com.android.internal.view.IInputMethodClient$Stub$Proxy@4aab2b50 (uid=10017 pid=4342)
D/WebViewTimersControl( 4342): onBrowserActivityPause
D/WebViewTimersControl( 4342): Pausing webview timers, view=com.android.browser.BrowserWebView{4a98cb80 VFEDHVCL .F....ID 0,0-720,1164}
W/NetworkManagementSocketTagger(  481): setKernelCountSet(10161, 1) failed with errno -13
I/dalvikvm( 5724): ignoring registerObject request in thread=1
I/dalvikvm( 5724): ignoring registerObject request in thread=1
I/ActivityManager(  481): Start proc com.farlex.dictionary.medical for activity com.farlex.dictionary.medical/farlex.mobidic.droid.LaunchActivity: pid=5724 uid=10161 gids={50161, 3003, 1028, 1015, 1023}
D/dalvikvm( 5724): Trying to load lib /data/app-lib/com.farlex.dictionary.medical-1/libmonodroid.so 0x94f0b470
D/dalvikvm( 5724): Added shared lib /data/app-lib/com.farlex.dictionary.medical-1/libmonodroid.so 0x94f0b470
W/EGL_emulation( 4342): eglSurfaceAttrib not implemented 3093 12436
E/browser ( 4342): Console: Uncaught TypeError: Cannot call method 'trigger' of undefined https://en.bignox.com/scripts/new_search_2/e787b202.vender.min.js:2
E/browser ( 4342): Console: Uncaught TypeError: Cannot call method 'trigger' of undefined https://en.bignox.com/scripts/new_search_2/e787b202.vender.min.js:2
F/monodroid-assembly( 5724): Assembly 'assemblies/Farlex.MobiDic.Droid.dll' is located at a bad address 0x7e0728be
F/monodroid-assembly( 5724): You MUST run `zipalign` on com.farlex.dictionary.medical-1.apk
W/NetworkManagementSocketTagger(  481): setKernelCountSet(10161, 0) failed with errno -13
I/ActivityManager(  481): Process com.farlex.dictionary.medical (pid 5724) has died.
W/NetworkManagementSocketTagger(  481): setKernelCountSet(10161, 1) failed with errno -13
I/dalvikvm( 5735): ignoring registerObject request in thread=1
I/dalvikvm( 5735): ignoring registerObject request in thread=1
I/ActivityManager(  481): Start proc com.farlex.dictionary.medical for activity com.farlex.dictionary.medical/farlex.mobidic.droid.LaunchActivity: pid=5735 uid=10161 gids={50161, 3003, 1028, 1015, 1023}
D/dalvikvm( 5735): Trying to load lib /data/app-lib/com.farlex.dictionary.medical-1/libmonodroid.so 0x94f0c368
D/dalvikvm( 5735): Added shared lib /data/app-lib/com.farlex.dictionary.medical-1/libmonodroid.so 0x94f0c368
D/Zygote  (  167): Process 5724 exited cleanly (90)
F/monodroid-assembly( 5735): Assembly 'assemblies/Farlex.MobiDic.Droid.dll' is located at a bad address 0x7e0728be
F/monodroid-assembly( 5735): You MUST run `zipalign` on com.farlex.dictionary.medical-1.apk
W/NetworkManagementSocketTagger(  481): setKernelCountSet(10161, 0) failed with errno -13
I/ActivityManager(  481): Process com.farlex.dictionary.medical (pid 5735) has died.
W/NetworkManagementSocketTagger(  481): setKernelCountSet(10161, 1) failed with errno -13
I/dalvikvm( 5746): ignoring registerObject request in thread=1
I/dalvikvm( 5746): ignoring registerObject request in thread=1
I/ActivityManager(  481): Start proc com.farlex.dictionary.medical for activity com.farlex.dictionary.medical/farlex.mobidic.droid.LaunchActivity: pid=5746 uid=10161 gids={50161, 3003, 1028, 1015, 1023}
D/dalvikvm( 5746): Trying to load lib /data/app-lib/com.farlex.dictionary.medical-1/libmonodroid.so 0x94f0d260
D/dalvikvm( 5746): Added shared lib /data/app-lib/com.farlex.dictionary.medical-1/libmonodroid.so 0x94f0d260
F/monodroid-assembly( 5746): Assembly 'assemblies/Farlex.MobiDic.Droid.dll' is located at a bad address 0x7e0728be
F/monodroid-assembly( 5746): You MUST run `zipalign` on com.farlex.dictionary.medical-1.apk
W/NetworkManagementSocketTagger(  481): setKernelCountSet(10161, 0) failed with errno -13
I/InputDispatcher(  481): Dropping event because there is no focused window or focused application.
I/InputDispatcher(  481): Dropping event because there is no focused window or focused application.
D/Zygote  (  167): Process 5735 exited cleanly (90)
I/ActivityManager(  481): Process com.farlex.dictionary.medical (pid 5746) has died.
W/ActivityManager(  481): Force removing ActivityRecord{4a887f20 u0 com.farlex.dictionary.medical/farlex.mobidic.droid.LaunchActivity t62}: app died, no saved state
W/InputManager(  481): Input event injection from pid 5483 failed.
W/InputManager(  481): Input event injection from pid 5483 failed.
W/InputManager(  481): Input event injection from pid 5483 failed.
W/InputManager(  481): Input event injection from pid 5483 failed.
D/Zygote  (  167): Process 5746 exited cleanly (90)
W/InputManager(  481): Input event injection from pid 5483 failed.
W/InputManager(  481): Input event injection from pid 5483 failed.
W/EGL_emulation( 4342): eglSurfaceAttrib not implemented 3093 12436
D/WebViewTimersControl( 4342): onBrowserActivityResume
D/WebViewTimersControl( 4342): Resuming webview timers, view=com.android.browser.BrowserWebView{4a98cb80 VFEDHVCL .F....ID 0,0-720,1164}
W/ViewRootImpl( 4342): Dropping event due to no window focus: KeyEvent { action=ACTION_DOWN, keyCode=KEYCODE_MENU, scanCode=0, metaState=0, flags=0x8, repeatCount=0, eventTime=351160, downTime=351160, deviceId=-1, source=0x101 }
W/InputMethodManagerService(  481): Window already focused, ignoring focus gain of: com.android.internal.view.IInputMethodClient$Stub$Proxy@4a9b3634 attribute=android.view.inputmethod.EditorInfo@4aa62e40, token = android.os.BinderProxy@4abdc3a0
I/SnapScrollController( 4342): setSnapScrollingMode case-default no-op
I/SnapScrollController( 4342): setSnapScrollingMode case-default no-op
W/UnimplementedWebViewApi( 4342): Unimplemented WebView method onKeyMultiple called from: android.webkit.WebView.onKeyMultiple(WebView.java:2179)
W/UnimplementedWebViewApi( 4342): Unimplemented WebView method onKeyDown called from: android.webkit.WebView.onKeyDown(WebView.java:2169)
V/InputMethodService(  616): onEvaluateInputViewShown: config.hardKeyboardHidden = 1
I/SnapScrollController( 4342): setSnapScrollingMode case-default no-op
I/SnapScrollController( 4342): setSnapScrollingMode case-default no-op
V/InputMethodService(  616): onEvaluateInputViewShown: config.hardKeyboardHidden = 1
W/ContextImpl(  481): Calling a method in the system process without a qualified user: android.app.ContextImpl.sendBroadcast:1123 com.android.server.InputMethodManagerService.showCurrentInputLocked:1791 com.android.server.InputMethodManagerService.showSoftInput:1753 com.android.internal.view.IInputMethodManager$Stub.onTransact:175 com.android.server.InputMethodManagerService.onTransact:818 
W/ContextImpl(  481): Calling a method in the system process without a qualified user: android.app.ContextImpl.sendBroadcast:1123 com.android.server.InputMethodManagerService.showCurrentInputLocked:1791 com.android.server.InputMethodManagerService.showSoftInput:1753 com.android.internal.view.IInputMethodManager$Stub.onTransact:175 com.android.server.InputMethodManagerService.onTransact:818 
W/ViewRootImpl( 4342): Dropping event due to no window focus: KeyEvent { action=ACTION_DOWN, keyCode=KEYCODE_CALL, scanCode=0, metaState=0, flags=0x8, repeatCount=0, eventTime=351349, downTime=351349, deviceId=-1, source=0x101 }
W/ViewRootImpl( 4342): Dropping event due to no window focus: KeyEvent { action=ACTION_DOWN, keyCode=KEYCODE_DPAD_CENTER, scanCode=0, metaState=0, flags=0x8, repeatCount=0, eventTime=351354, downTime=351354, deviceId=-1, source=0x101 }
W/ViewRootImpl( 4342): Dropping event due to no window focus: KeyEvent { action=ACTION_DOWN, keyCode=KEYCODE_DPAD_CENTER, scanCode=0, metaState=0, flags=0x8, repeatCount=0, eventTime=351355, downTime=351355, deviceId=-1, source=0x101 }
W/EGL_emulation( 4342): eglSurfaceAttrib not implemented 3093 12436
W/ViewRootImpl( 4342): Dropping event due to no window focus: KeyEvent { action=ACTION_DOWN, keyCode=KEYCODE_DPAD_LEFT, scanCode=0, metaState=0, flags=0x8, repeatCount=0, eventTime=351357, downTime=351357, deviceId=-1, source=0x101 }
W/ViewRootImpl( 4342): Dropping event due to no window focus: KeyEvent { action=ACTION_DOWN, keyCode=KEYCODE_DPAD_RIGHT, scanCode=0, metaState=0, flags=0x8, repeatCount=0, eventTime=351397, downTime=351397, deviceId=-1, source=0x101 }
W/ViewRootImpl( 4342): Dropping event due to no window focus: KeyEvent { action=ACTION_DOWN, keyCode=KEYCODE_DPAD_LEFT, scanCode=0, metaState=0, flags=0x8, repeatCount=0, eventTime=351397, downTime=351397, deviceId=-1, source=0x101 }
D/dalvikvm( 4342): GC_CONCURRENT freed 1486K, 25% free 8058K/10652K, paused 0ms+1ms, total 6ms
V/InputMethodService(  616): onEvaluateInputViewShown: config.hardKeyboardHidden = 1
W/ContextImpl(  481): Calling a method in the system process without a qualified user: android.app.ContextImpl.sendBroadcast:1123 com.android.server.InputMethodManagerService.showCurrentInputLocked:1791 com.android.server.InputMethodManagerService.attachNewInputLocked:1095 com.android.server.InputMethodManagerService.startInputUncheckedLocked:1166 com.android.server.InputMethodManagerService.startInputLocked:1128 
W/ContextImpl(  481): Calling a method in the system process without a qualified user: android.app.ContextImpl.sendBroadcast:1123 com.android.server.InputMethodManagerService.hideCurrentInputLocked:1880 com.android.server.InputMethodManagerService.hideSoftInput:1843 com.android.internal.view.IInputMethodManager$Stub.onTransact:194 com.android.server.InputMethodManagerService.onTransact:818 
W/ViewRootImpl( 4342): Dropping event due to no window focus: KeyEvent { action=ACTION_DOWN, keyCode=KEYCODE_M, scanCode=0, metaState=0, flags=0x8, repeatCount=0, eventTime=351624, downTime=351624, deviceId=-1, source=0x101 }
W/ViewRootImpl( 4342): Dropping event due to no window focus: KeyEvent { action=ACTION_DOWN, keyCode=KEYCODE_DPAD_UP, scanCode=0, metaState=0, flags=0x8, repeatCount=0, eventTime=351626, downTime=351626, deviceId=-1, source=0x101 }
W/InputMethodManagerService(  481): Window already focused, ignoring focus gain of: com.android.internal.view.IInputMethodClient$Stub$Proxy@4aa192f4 attribute=android.view.inputmethod.EditorInfo@4aa0a45c, token = android.os.BinderProxy@4abdc3a0
W/UnimplementedWebViewApi( 4342): Unimplemented WebView method onKeyDown called from: android.webkit.WebView.onKeyDown(WebView.java:2169)
I/ActivityManager(  481): START u0 {act=android.intent.action.MAIN cat=[android.intent.category.HOME] flg=0x10200000 cmp=com.vphone.launcher/.Launcher} from pid 481
W/UnimplementedWebViewApi( 4342): Unimplemented WebView method onKeyMultiple called from: android.webkit.WebView.onKeyMultiple(WebView.java:2179)
W/UnimplementedWebViewApi( 4342): Unimplemented WebView method onKeyDown called from: android.webkit.WebView.onKeyDown(WebView.java:2169)
W/UnimplementedWebViewApi( 4342): Unimplemented WebView method onKeyDown called from: android.webkit.WebView.onKeyDown(WebView.java:2169)
W/ViewRootImpl( 4342): Dropping event due to no window focus: KeyEvent { action=ACTION_DOWN, keyCode=KEYCODE_NUMPAD_2, scanCode=0, metaState=0, flags=0x8, repeatCount=0, eventTime=351822, downTime=351822, deviceId=-1, source=0x101 }
W/ViewRootImpl( 4342): Dropping event due to no window focus: KeyEvent { action=ACTION_DOWN, keyCode=KEYCODE_DPAD_DOWN, scanCode=0, metaState=0, flags=0x8, repeatCount=0, eventTime=351822, downTime=351822, deviceId=-1, source=0x101 }
W/EGL_emulation( 4342): eglSurfaceAttrib not implemented 3093 12436
V/FlingTracker(  533): computeCurrentVelocity warning: totalweight=0
V/FlingTracker(  533): java.lang.Throwable
V/FlingTracker(  533): 	at com.android.systemui.statusbar.phone.PanelView$FlingTracker.computeCurrentVelocity(PanelView.java:162)
V/FlingTracker(  533): 	at com.android.systemui.statusbar.phone.PanelView$3.onTouch(PanelView.java:462)
V/FlingTracker(  533): 	at android.view.View.dispatchTouchEvent(View.java:7701)
V/FlingTracker(  533): 	at com.android.systemui.statusbar.phone.NotificationPanelView.onTouchEvent(NotificationPanelView.java:138)
V/FlingTracker(  533): 	at com.android.systemui.statusbar.phone.PanelBar.onTouchEvent(PanelBar.java:130)
V/FlingTracker(  533): 	at com.android.systemui.statusbar.phone.PhoneStatusBarView.onTouchEvent(PhoneStatusBarView.java:201)
V/FlingTracker(  533): 	at android.view.View.dispatchTouchEvent(View.java:7706)
V/FlingTracker(  533): 	at android.view.ViewGroup.dispatchTransformedTouchEvent(ViewGroup.java:2210)
V/FlingTracker(  533): 	at android.view.ViewGroup.dispatchTouchEvent(ViewGroup.java:1945)
V/FlingTracker(  533): 	at android.view.ViewGroup.dispatchTransformedTouchEvent(ViewGroup.java:2216)
V/FlingTracker(  533): 	at android.view.ViewGroup.dispatchTouchEvent(ViewGroup.java:1959)
V/FlingTracker(  533): 	at android.view.View.dispatchPointerEvent(View.java:7886)
V/FlingTracker(  533): 	at android.view.ViewRootImpl$ViewPostImeInputStage.processPointerEvent(ViewRootImpl.java:3978)
V/FlingTracker(  533): 	at android.view.ViewRootImpl$ViewPostImeInputStage.onProcess(ViewRootImpl.java:3857)
V/FlingTracker(  533): 	at android.view.ViewRootImpl$InputStage.deliver(ViewRootImpl.java:3423)
V/FlingTracker(  533): 	at android.view.ViewRootImpl$InputStage.onDeliverToNext(ViewRootImpl.java:3473)
V/FlingTracker(  533): 	at android.view.ViewRootImpl$InputStage.forward(ViewRootImpl.java:3442)
V/FlingTracker(  533): 	at android.view.ViewRootImpl$AsyncInputStage.forward(ViewRootImpl.java:3549)
V/FlingTracker(  533): 	at android.view.ViewRootImpl$InputStage.apply(ViewRootImpl.java:3450)
V/FlingTracker(  533): 	at android.view.ViewRootImpl$AsyncInputStage.apply(ViewRootImpl.java:3606)
V/FlingTracker(  533): 	at android.view.ViewRootImpl$InputStage.deliver(ViewRootImpl.java:3423)
V/FlingTracker(  533): 	at android.view.ViewRootImpl$InputStage.onDeliverToNext(ViewRootImpl.java:3473)
V/FlingTracker(  533): 	at android.view.ViewRootImpl$InputStage.forward(ViewRootImpl.java:3442)
V/FlingTracker(  533): 	at android.view.ViewRootImpl$InputStage.apply(ViewRootImpl.java:3450)
V/FlingTracker(  533): 	at android.view.ViewRootImpl$InputStage.deliver(ViewRootImpl.java:3423)
V/FlingTracker(  533): 	at android.view.ViewRootImpl.deliverInputEvent(ViewRootImpl.java:5626)
V/FlingTracker(  533): 	at android.view.ViewRootImpl.doProcessInputEvents(ViewRootImpl.java:5606)
V/FlingTracker(  533): 	at android.view.ViewRootImpl.enqueueInputEvent(ViewRootImpl.java:5577)
V/FlingTracker(  533): 	at android.view.ViewRootImpl$WindowInputEventReceiver.onInputEvent(ViewRootImpl.java:5706)
V/FlingTracker(  533): 	at android.view.InputEventReceiver.dispatchInputEvent(InputEventReceiver.java:185)
V/FlingTracker(  533): 	at android.os.MessageQueue.nativePollOnce(Native Method)
V/FlingTracker(  533): 	at android.os.MessageQueue.next(MessageQueue.java:138)
V/FlingTracker(  533): 	at android.os.Looper.loop(Looper.java:123)
V/FlingTracker(  533): 	at android.app.ActivityThread.main(ActivityThread.java:5019)
V/FlingTracker(  533): 	at java.lang.reflect.Method.invokeNative(Native Method)
V/FlingTracker(  533): 	at java.lang.reflect.Method.invoke(Method.java:515)
V/FlingTracker(  533): 	at com.android.internal.os.ZygoteInit$MethodAndArgsCaller.run(ZygoteInit.java:779)
V/FlingTracker(  533): 	at com.android.internal.os.ZygoteInit.main(ZygoteInit.java:595)
V/FlingTracker(  533): 	at dalvik.system.NativeStart.main(Native Method)
V/PanelView(  533): animationTick called with dtms=0; nothing to do (h=0.0 v=0.0)
V/PanelView(  533): animationTick called with dtms=-2; nothing to do (h=0.0 v=0.0)
W/ContextImpl(  481): Calling a method in the system process without a qualified user: android.app.ContextImpl.sendBroadcast:1123 com.android.server.InputMethodManagerService.showCurrentInputLocked:1791 com.android.server.InputMethodManagerService.showSoftInput:1753 com.android.internal.view.IInputMethodManager$Stub.onTransact:175 com.android.server.InputMethodManagerService.onTransact:818 
V/InputMethodService(  616): onEvaluateInputViewShown: config.hardKeyboardHidden = 1
W/ContextImpl(  481): Calling a method in the system process without a qualified user: android.app.ContextImpl.sendBroadcast:1123 com.android.server.InputMethodManagerService.hideCurrentInputLocked:1880 com.android.server.InputMethodManagerService.hideSoftInput:1843 com.android.internal.view.IInputMethodManager$Stub.onTransact:194 com.android.server.InputMethodManagerService.onTransact:818 
V/InputMethodService(  616): onEvaluateInputViewShown: config.hardKeyboardHidden = 1
W/InputEventReceiver( 4342): Attempted to finish an input event but the input event receiver has already been disposed.
W/InputEventReceiver( 4342): Attempted to finish an input event but the input event receiver has already been disposed.
W/InputEventReceiver( 4342): Attempted to finish an input event but the input event receiver has already been disposed.
W/InputEventReceiver( 4342): Attempted to finish an input event but the input event receiver has already been disposed.
W/InputEventReceiver( 4342): Attempted to finish an input event but the input event receiver has already been disposed.
W/InputEventReceiver( 4342): Attempted to finish an input event but the input event receiver has already been disposed.
W/InputEventReceiver( 4342): Attempted to finish an input event but the input event receiver has already been disposed.
W/InputEventReceiver( 4342): Attempted to finish an input event but the input event receiver has already been disposed.
W/InputEventReceiver( 4342): Attempted to finish an input event but the input event receiver has already been disposed.
W/ContextImpl(  481): Calling a method in the system process without a qualified user: android.app.ContextImpl.sendBroadcast:1123 com.android.server.InputMethodManagerService.showCurrentInputLocked:1791 com.android.server.InputMethodManagerService.showSoftInput:1753 com.android.internal.view.IInputMethodManager$Stub.onTransact:175 com.android.server.InputMethodManagerService.onTransact:818 
W/ViewRootImpl( 4342): Dropping event due to root view being removed: MotionEvent { action=ACTION_DOWN, id[0]=0, x[0]=548.0, y[0]=-463.0, toolType[0]=TOOL_TYPE_UNKNOWN, buttonState=0, metaState=0, flags=0x0, edgeFlags=0x0, pointerCount=1, historySize=0, eventTime=351964, downTime=351964, deviceId=0, source=0x1002 }
W/ViewRootImpl( 4342): Dropping event due to root view being removed: MotionEvent { action=ACTION_MOVE, id[0]=0, x[0]=549.76135, y[0]=-430.47818, toolType[0]=TOOL_TYPE_UNKNOWN, buttonState=0, metaState=0, flags=0x0, edgeFlags=0x0, pointerCount=1, historySize=3, eventTime=351965, downTime=351964, deviceId=0, source=0x1002 }
W/ViewRootImpl( 4342): Dropping event due to root view being removed: MotionEvent { action=ACTION_UP, id[0]=0, x[0]=550.1658, y[0]=-426.76944, toolType[0]=TOOL_TYPE_UNKNOWN, buttonState=0, metaState=0, flags=0x0, edgeFlags=0x0, pointerCount=1, historySize=0, eventTime=351965, downTime=351964, deviceId=0, source=0x1002 }
W/ViewRootImpl( 4342): Dropping event due to root view being removed: MotionEvent { action=ACTION_DOWN, id[0]=0, x[0]=309.0, y[0]=262.0, toolType[0]=TOOL_TYPE_UNKNOWN, buttonState=0, metaState=0, flags=0x0, edgeFlags=0x0, pointerCount=1, historySize=0, eventTime=351966, downTime=351966, deviceId=0, source=0x1002 }
W/ViewRootImpl( 4342): Dropping event due to root view being removed: MotionEvent { action=ACTION_UP, id[0]=0, x[0]=300.18866, y[0]=271.2257, toolType[0]=TOOL_TYPE_UNKNOWN, buttonState=0, metaState=0, flags=0x0, edgeFlags=0x0, pointerCount=1, historySize=0, eventTime=351966, downTime=351966, deviceId=0, source=0x1002 }
W/ViewRootImpl( 4342): Dropping event due to root view being removed: MotionEvent { action=ACTION_DOWN, id[0]=0, x[0]=-26.0, y[0]=417.0, toolType[0]=TOOL_TYPE_UNKNOWN, buttonState=0, metaState=0, flags=0x0, edgeFlags=0x0, pointerCount=1, historySize=0, eventTime=351969, downTime=351969, deviceId=0, source=0x1002 }
W/ViewRootImpl( 4342): Dropping event due to root view being removed: MotionEvent { action=ACTION_MOVE, id[0]=0, x[0]=-48.03282, y[0]=451.48206, toolType[0]=TOOL_TYPE_UNKNOWN, buttonState=0, metaState=0, flags=0x0, edgeFlags=0x0, pointerCount=1, historySize=4, eventTime=351970, downTime=351969, deviceId=0, source=0x1002 }
W/ViewRootImpl( 4342): Dropping event due to root view being removed: MotionEvent { action=ACTION_UP, id[0]=0, x[0]=-60.87703, y[0]=459.85852, toolType[0]=TOOL_TYPE_UNKNOWN, buttonState=0, metaState=0, flags=0x0, edgeFlags=0x0, pointerCount=1, historySize=0, eventTime=351970, downTime=351969, deviceId=0, source=0x1002 }
W/EGL_emulation( 4342): eglSurfaceAttrib not implemented 3093 12436
W/InputMethodManagerService(  481): Window already focused, ignoring focus gain of: com.android.internal.view.IInputMethodClient$Stub$Proxy@4ab78950 attribute=null, token = android.os.BinderProxy@4abdc3a0
V/InputMethodService(  616): onEvaluateInputViewShown: config.hardKeyboardHidden = 1
W/ContextImpl(  481): Calling a method in the system process without a qualified user: android.app.ContextImpl.sendBroadcast:1123 com.android.server.InputMethodManagerService.showCurrentInputLocked:1791 com.android.server.InputMethodManagerService.attachNewInputLocked:1095 com.android.server.InputMethodManagerService.startInputUncheckedLocked:1166 com.android.server.InputMethodManagerService.startInputLocked:1128 
W/ContextImpl(  481): Calling a method in the system process without a qualified user: android.app.ContextImpl.sendBroadcast:1123 com.android.server.InputMethodManagerService.hideCurrentInputLocked:1880 com.android.server.InputMethodManagerService.hideSoftInput:1843 com.android.internal.view.IInputMethodManager$Stub.onTransact:194 com.android.server.InputMethodManagerService.onTransact:818 
I/ActivityManager(  481): START u0 {act=android.intent.action.MAIN cat=[android.intent.category.LAUNCHER] flg=0x10000000 cmp=com.android.contacts/.activities.PeopleActivity sel={act=android.intent.action.MAIN cat=[android.intent.category.APP_CONTACTS]}} from pid 481
W/InputEventReceiver( 4342): Attempted to finish an input event but the input event receiver has already been disposed.
W/InputManager(  481): Input event injection from pid 5483 failed.
W/EGL_emulation( 4342): eglSurfaceAttrib not implemented 3093 12436
I/SnapScrollController( 4342): setSnapScrollingMode case-default no-op
I/SnapScrollController( 4342): setSnapScrollingMode case-default no-op
W/InputMethodManagerService(  481): Window already focused, ignoring focus gain of: com.android.internal.view.IInputMethodClient$Stub$Proxy@4a95e510 attribute=null, token = android.os.BinderProxy@4abdc3a0
I/InputDispatcher(  481): Dropped event because of pending overdue app switch.
W/InputManager(  481): Input event injection from pid 5483 failed.
D/dalvikvm( 4342): GC_FOR_ALLOC freed 576K, 22% free 8362K/10652K, paused 4ms, total 4ms
I/dalvikvm-heap( 4342): Grow heap (frag case) to 8.326MB for 108012-byte allocation
D/dalvikvm( 4342): GC_FOR_ALLOC freed <1K, 22% free 8468K/10760K, paused 3ms, total 3ms
D/dalvikvm( 4342): GC_FOR_ALLOC freed 6K, 22% free 8462K/10760K, paused 6ms, total 6ms
I/dalvikvm-heap( 4342): Grow heap (frag case) to 8.422MB for 108012-byte allocation
D/dalvikvm( 4342): GC_FOR_ALLOC freed 11K, 22% free 8556K/10868K, paused 3ms, total 3ms
D/dalvikvm( 4342): GC_FOR_ALLOC freed 11K, 22% free 8545K/10868K, paused 3ms, total 3ms
I/dalvikvm-heap( 4342): Grow heap (frag case) to 8.503MB for 108012-byte allocation
D/dalvikvm( 4342): GC_FOR_ALLOC freed <1K, 22% free 8649K/10976K, paused 2ms, total 2ms
D/dalvikvm( 4342): GC_FOR_ALLOC freed 26K, 22% free 8623K/10976K, paused 6ms, total 6ms
I/dalvikvm-heap( 4342): Grow heap (frag case) to 8.581MB for 108012-byte allocation
D/dalvikvm( 4342): GC_FOR_ALLOC freed <1K, 22% free 8729K/11084K, paused 3ms, total 3ms
D/dalvikvm( 4342): GC_FOR_ALLOC freed <1K, 22% free 8729K/11084K, paused 4ms, total 4ms
I/dalvikvm-heap( 4342): Grow heap (frag case) to 8.684MB for 108012-byte allocation
D/dalvikvm( 4342): GC_FOR_ALLOC freed <1K, 22% free 8834K/11192K, paused 3ms, total 3ms
D/dalvikvm( 4342): GC_FOR_ALLOC freed 8K, 22% free 8826K/11192K, paused 4ms, total 4ms
I/dalvikvm-heap( 4342): Grow heap (frag case) to 8.779MB for 108012-byte allocation
D/dalvikvm( 4342): GC_FOR_ALLOC freed <1K, 21% free 8931K/11300K, paused 4ms, total 4ms
D/dalvikvm( 4342): GC_FOR_ALLOC freed <1K, 21% free 8931K/11300K, paused 2ms, total 2ms
I/dalvikvm-heap( 4342): Grow heap (frag case) to 8.881MB for 108012-byte allocation
D/dalvikvm( 4342): GC_FOR_ALLOC freed 0K, 21% free 9037K/11408K, paused 3ms, total 3ms
W/ViewRootImpl( 4342): Dropping event due to no window focus: KeyEvent { action=ACTION_DOWN, keyCode=KEYCODE_DPAD_LEFT, scanCode=0, metaState=0, flags=0x8, repeatCount=0, eventTime=352241, downTime=352241, deviceId=-1, source=0x101 }
W/ViewRootImpl( 4342): Dropping event due to no window focus: KeyEvent { action=ACTION_DOWN, keyCode=KEYCODE_STB_INPUT, scanCode=0, metaState=0, flags=0x8, repeatCount=0, eventTime=352242, downTime=352242, deviceId=-1, source=0x101 }
W/ViewRootImpl( 4342): Dropping event due to no window focus: KeyEvent { action=ACTION_DOWN, keyCode=KEYCODE_DPAD_LEFT, scanCode=0, metaState=0, flags=0x8, repeatCount=0, eventTime=352257, downTime=352257, deviceId=-1, source=0x101 }
W/InputMethodManagerService(  481): Window already focused, ignoring focus gain of: com.android.internal.view.IInputMethodClient$Stub$Proxy@4ab7d068 attribute=null, token = android.os.BinderProxy@4abdc3a0
W/UnimplementedWebViewApi( 4342): Unimplemented WebView method onKeyMultiple called from: android.webkit.WebView.onKeyMultiple(WebView.java:2179)
W/UnimplementedWebViewApi( 4342): Unimplemented WebView method onKeyDown called from: android.webkit.WebView.onKeyDown(WebView.java:2169)
D/dalvikvm(  616): GC_CONCURRENT freed 387K, 14% free 2853K/3300K, paused 0ms+0ms, total 2ms
V/InputMethodService(  616): onEvaluateInputViewShown: config.hardKeyboardHidden = 1
W/ContextImpl(  481): Calling a method in the system process without a qualified user: android.app.ContextImpl.sendBroadcast:1123 com.android.server.InputMethodManagerService.showCurrentInputLocked:1791 com.android.server.InputMethodManagerService.showSoftInput:1753 com.android.internal.view.IInputMethodManager$Stub.onTransact:175 com.android.server.InputMethodManagerService.onTransact:818 
V/InputMethodService(  616): onEvaluateInputViewShown: config.hardKeyboardHidden = 1
W/ContextImpl(  481): Calling a method in the system process without a qualified user: android.app.ContextImpl.sendBroadcast:1123 com.android.server.InputMethodManagerService.showCurrentInputLocked:1791 com.android.server.InputMethodManagerService.attachNewInputLocked:1095 com.android.server.InputMethodManagerService.startInputUncheckedLocked:1166 com.android.server.InputMethodManagerService.startInputLocked:1128 
W/ContextImpl(  481): Calling a method in the system process without a qualified user: android.app.ContextImpl.sendBroadcast:1123 com.android.server.InputMethodManagerService.hideCurrentInputLocked:1880 com.android.server.InputMethodManagerService.hideSoftInput:1843 com.android.internal.view.IInputMethodManager$Stub.onTransact:194 com.android.server.InputMethodManagerService.onTransact:818 
W/UnimplementedWebViewApi( 4342): Unimplemented WebView method onKeyDown called from: android.webkit.WebView.onKeyDown(WebView.java:2169)
W/ViewRootImpl( 4342): Dropping event due to no window focus: KeyEvent { action=ACTION_DOWN, keyCode=KEYCODE_DPAD_CENTER, scanCode=0, metaState=0, flags=0x8, repeatCount=0, eventTime=352397, downTime=352397, deviceId=-1, source=0x101 }
W/EGL_emulation( 4342): eglSurfaceAttrib not implemented 3093 12436
W/ViewRootImpl( 4342): Dropping event due to no window focus: KeyEvent { action=ACTION_DOWN, keyCode=KEYCODE_FUNCTION, scanCode=0, metaState=0, flags=0x8, repeatCount=0, eventTime=352404, downTime=352404, deviceId=-1, source=0x101 }
W/ViewRootImpl( 4342): Dropping event due to no window focus: KeyEvent { action=ACTION_DOWN, keyCode=KEYCODE_DPAD_DOWN, scanCode=0, metaState=0, flags=0x8, repeatCount=0, eventTime=352443, downTime=352443, deviceId=-1, source=0x101 }
W/ViewRootImpl( 4342): Dropping event due to no window focus: KeyEvent { action=ACTION_DOWN, keyCode=KEYCODE_MENU, scanCode=0, metaState=0, flags=0x8, repeatCount=0, eventTime=352445, downTime=352445, deviceId=-1, source=0x101 }
D/dalvikvm( 4342): GC_FOR_ALLOC freed 1165K, 29% free 8206K/11408K, paused 3ms, total 3ms
I/ActivityManager(  481): START u0 {cmp=com.android.browser/.ComboViewActivity (has extras)} from pid 4342
W/ViewRootImpl( 4342): Dropping event due to no window focus: KeyEvent { action=ACTION_DOWN, keyCode=KEYCODE_DPAD_LEFT, scanCode=0, metaState=0, flags=0x8, repeatCount=0, eventTime=352492, downTime=352492, deviceId=-1, source=0x101 }
W/ViewRootImpl( 4342): Dropping event due to no window focus: KeyEvent { action=ACTION_DOWN, keyCode=KEYCODE_DPAD_CENTER, scanCode=0, metaState=0, flags=0x408, repeatCount=0, eventTime=352330, downTime=352330, deviceId=-1, source=0x101 }
W/ViewRootImpl( 4342): Dropping event due to no window focus: MotionEvent { action=ACTION_MOVE, id[0]=0, x[0]=-4.0, y[0]=1.0, toolType[0]=TOOL_TYPE_UNKNOWN, buttonState=0, metaState=0, flags=0x0, edgeFlags=0x0, pointerCount=1, historySize=5, eventTime=352494, downTime=-1, deviceId=0, source=0x10004 }
W/InputMethodManagerService(  481): Window already focused, ignoring focus gain of: com.android.internal.view.IInputMethodClient$Stub$Proxy@4a9f6480 attribute=null, token = android.os.BinderProxy@4abdc3a0
I/ActivityManager(  481): START u0 {act=android.intent.action.VIEW cat=[android.intent.category.BROWSABLE] dat=market://details?id=com.netmarble.lin2ws&referrer=mat_click_id=50cb0308a8c15ed61a3f60e60fe29fa1-20180418-175038 cmp=com.android.vending/com.google.android.finsky.activities.LaunchUrlHandlerActivity (has extras)} from pid 4342
W/ViewRootImpl( 4342): Dropping event due to no window focus: KeyEvent { action=ACTION_DOWN, keyCode=KEYCODE_DPAD_UP, scanCode=0, metaState=0, flags=0x8, repeatCount=0, eventTime=352614, downTime=352614, deviceId=-1, source=0x101 }
I/ActivityManager(  481): START u0 {act=android.intent.action.MAIN cat=[android.intent.category.LAUNCHER] flg=0x10200000 cmp=com.farlex.dictionary.medical/farlex.mobidic.droid.LaunchActivity} from pid 5483
W/EGL_emulation( 4342): eglSurfaceAttrib not implemented 3093 12436
V/InputMethodService(  616): onEvaluateInputViewShown: config.hardKeyboardHidden = 1
W/ContextImpl(  481): Calling a method in the system process without a qualified user: android.app.ContextImpl.sendBroadcast:1123 com.android.server.InputMethodManagerService.showCurrentInputLocked:1791 com.android.server.InputMethodManagerService.showSoftInput:1753 com.android.internal.view.IInputMethodManager$Stub.onTransact:175 com.android.server.InputMethodManagerService.onTransact:818 
D/WebViewTimersControl( 4342): onBrowserActivityPause
D/WebViewTimersControl( 4342): Pausing webview timers, view=com.android.browser.BrowserWebView{4a98cb80 VFEDHVCL ......ID 0,0-720,1164}
I/ActivityManager(  481): Start proc com.farlex.dictionary.medical for activity com.farlex.dictionary.medical/farlex.mobidic.droid.LaunchActivity: pid=5783 uid=10161 gids={50161, 3003, 1028, 1015, 1023}
W/NetworkManagementSocketTagger(  481): setKernelCountSet(10161, 1) failed with errno -13
I/dalvikvm( 5783): ignoring registerObject request in thread=1
I/dalvikvm( 5783): ignoring registerObject request in thread=1
D/dalvikvm( 5783): Trying to load lib /data/app-lib/com.farlex.dictionary.medical-1/libmonodroid.so 0x94f0e158
D/dalvikvm( 5783): Added shared lib /data/app-lib/com.farlex.dictionary.medical-1/libmonodroid.so 0x94f0e158
F/monodroid-assembly( 5783): Assembly 'assemblies/Farlex.MobiDic.Droid.dll' is located at a bad address 0x7e0728be
F/monodroid-assembly( 5783): You MUST run `zipalign` on com.farlex.dictionary.medical-1.apk
W/NetworkManagementSocketTagger(  481): setKernelCountSet(10161, 0) failed with errno -13
I/ActivityManager(  481): Process com.farlex.dictionary.medical (pid 5783) has died.
D/Zygote  (  167): Process 5783 exited cleanly (90)
D/dalvikvm(  167): GC_EXPLICIT freed 41K, 4% free 2788K/2892K, paused 0ms+0ms, total 4ms
D/dalvikvm(  167): GC_EXPLICIT freed <1K, 4% free 2788K/2892K, paused 0ms+0ms, total 3ms
D/dalvikvm(  167): GC_EXPLICIT freed <1K, 4% free 2788K/2892K, paused 2ms+0ms, total 4ms
I/ActivityManager(  481): Start proc com.farlex.dictionary.medical for activity com.farlex.dictionary.medical/farlex.mobidic.droid.LaunchActivity: pid=5794 uid=10161 gids={50161, 3003, 1028, 1015, 1023}
W/InputMethodManagerService(  481): Starting input on non-focused client com.android.internal.view.IInputMethodClient$Stub$Proxy@4aab2b50 (uid=10017 pid=4342)
W/NetworkManagementSocketTagger(  481): setKernelCountSet(10161, 1) failed with errno -13
W/ContextImpl(  481): Calling a method in the system process without a qualified user: android.app.ContextImpl.sendBroadcast:1123 com.android.server.InputMethodManagerService.hideCurrentInputLocked:1880 com.android.server.InputMethodManagerService.hideSoftInput:1843 com.android.internal.view.IInputMethodManager$Stub.onTransact:194 com.android.server.InputMethodManagerService.onTransact:818 
I/dalvikvm( 5794): ignoring registerObject request in thread=1
I/dalvikvm( 5794): ignoring registerObject request in thread=1
D/dalvikvm( 5794): Trying to load lib /data/app-lib/com.farlex.dictionary.medical-1/libmonodroid.so 0x94f0f050
D/dalvikvm( 5794): Added shared lib /data/app-lib/com.farlex.dictionary.medical-1/libmonodroid.so 0x94f0f050
F/monodroid-assembly( 5794): Assembly 'assemblies/Farlex.MobiDic.Droid.dll' is located at a bad address 0x7e0728be
F/monodroid-assembly( 5794): You MUST run `zipalign` on com.farlex.dictionary.medical-1.apk
W/NetworkManagementSocketTagger(  481): setKernelCountSet(10161, 0) failed with errno -13
I/ActivityManager(  481): Process com.farlex.dictionary.medical (pid 5794) has died.
D/Zygote  (  167): Process 5794 exited cleanly (90)
W/InputMethodManagerService(  481): Starting input on non-focused client com.android.internal.view.IInputMethodClient$Stub$Proxy@4aab2b50 (uid=10017 pid=4342)
I/ActivityManager(  481): Start proc com.farlex.dictionary.medical for activity com.farlex.dictionary.medical/farlex.mobidic.droid.LaunchActivity: pid=5805 uid=10161 gids={50161, 3003, 1028, 1015, 1023}
W/NetworkManagementSocketTagger(  481): setKernelCountSet(10161, 1) failed with errno -13
I/dalvikvm( 5805): ignoring registerObject request in thread=1
I/dalvikvm( 5805): ignoring registerObject request in thread=1
D/WebViewTimersControl( 4342): onBrowserActivityPause
D/WebViewTimersControl( 4342): Pausing webview timers, view=com.android.browser.BrowserWebView{4a98cb80 VFEDHVCL .F....ID 0,0-720,1164}
D/WebViewTimersControl( 4342): onBrowserActivityResume
D/WebViewTimersControl( 4342): Resuming webview timers, view=com.android.browser.BrowserWebView{4a98cb80 VFEDHVCL .F....ID 0,0-720,1164}
D/dalvikvm( 5805): Trying to load lib /data/app-lib/com.farlex.dictionary.medical-1/libmonodroid.so 0x94f03968
D/dalvikvm( 5805): Added shared lib /data/app-lib/com.farlex.dictionary.medical-1/libmonodroid.so 0x94f03968
F/monodroid-assembly( 5805): Assembly 'assemblies/Farlex.MobiDic.Droid.dll' is located at a bad address 0x7e0728be
F/monodroid-assembly( 5805): You MUST run `zipalign` on com.farlex.dictionary.medical-1.apk
I/InputDispatcher(  481): Dropping event because there is no focused window or focused application.
I/ActivityManager(  481): Process com.farlex.dictionary.medical (pid 5805) has died.
W/ActivityManager(  481): Force removing ActivityRecord{4a964634 u0 com.farlex.dictionary.medical/farlex.mobidic.droid.LaunchActivity t63}: app died, no saved state
W/NetworkManagementSocketTagger(  481): setKernelCountSet(10161, 0) failed with errno -13
I/InputDispatcher(  481): Dropping event because there is no focused window or focused application.
I/InputDispatcher(  481): Dropping event because there is no focused window or focused application.
I/InputDispatcher(  481): Dropping event because there is no focused window or focused application.
I/InputDispatcher(  481): Dropping event because there is no focused window or focused application.
I/InputDispatcher(  481): Dropping event because there is no focused window or focused application.
I/InputDispatcher(  481): Dropping event because there is no focused window or focused application.
I/InputDispatcher(  481): Dropping event because there is no focused window or focused application.
I/InputDispatcher(  481): Dropping event because there is no focused window or focused application.
I/InputDispatcher(  481): Dropping event because there is no focused window or focused application.
I/InputDispatcher(  481): Dropping event because there is no focused window or focused application.
I/InputDispatcher(  481): Dropping event because there is no focused window or focused application.
I/InputDispatcher(  481): Dropping event because there is no focused window or focused application.
I/InputDispatcher(  481): Dropping event because there is no focused window or focused application.
I/InputDispatcher(  481): Dropping event because there is no focused window or focused application.
I/InputDispatcher(  481): Dropping event because there is no focused window or focused application.
I/InputDispatcher(  481): Dropping event because there is no focused window or focused application.
I/InputDispatcher(  481): Dropping event because there is no focused window or focused application.
I/InputDispatcher(  481): Dropping event because there is no focused window or focused application.
I/InputDispatcher(  481): Dropping event because there is no focused window or focused application.
I/InputDispatcher(  481): Dropping event because there is no focused window or focused application.
I/InputDispatcher(  481): Dropping event because there is no focused window or focused application.
I/InputDispatcher(  481): Dropping event because there is no focused window or focused application.
I/InputDispatcher(  481): Dropping event because there is no focused window or focused application.
W/InputManager(  481): Input event injection from pid 5483 failed.
W/InputManager(  481): Input event injection from pid 5483 failed.
W/InputManager(  481): Input event injection from pid 5483 failed.
W/InputManager(  481): Input event injection from pid 5483 failed.
W/InputManager(  481): Input event injection from pid 5483 failed.
