I/System.out(17638): body:<io.fabric.sdk.android.services.network.HttpRequest: io.fabric.sdk.android.services.network.HttpRequest openOutput()>	sig:$r3 = virtualinvoke $r2.<java.net.HttpURLConnection: java.lang.String getRequestProperty(java.lang.String)>("Content-Type")	timediff:0
W/DebugConnManager(17638): getNetworkInfo() on networkType 1
W/FlurryAgent(17638): Flurry session started for context:com.pzizz.android.VideoSplash@4a7c6760
W/FlurryAgent(17638): Flurry session resumed for context:com.pzizz.android.VideoSplash@4a7c6760
E/FlurryAgent(17638): GOOGLE PLAY SERVICES ERROR: com.google.android.gms.ads.identifier.AdvertisingIdClient
E/FlurryAgent(17638): There is a problem with the Google Play Services library, which is required for Android Advertising ID support. The Google Play Services library should be integrated in any app shipping in the Play Store that uses analytics or advertising.
I/System.out(17638): body:<io.branch.referral.RemoteInterface: io.branch.referral.ServerResponse make_restful_post(org.json.JSONObject,java.lang.String,java.lang.String,int,int,boolean)>	sig:specialinvoke $r10.<java.net.URL: void <init>(java.lang.String)>($r2)	timediff:0
I/System.out(17638): <io.branch.referral.RemoteInterface: io.branch.referral.ServerResponse make_restful_post(org.json.JSONObject,java.lang.String,java.lang.String,int,int,boolean)>###specialinvoke $r10.<java.net.URL: void <init>(java.lang.String)>($r2)###https://api.branch.io/v1/open
I/System.out(17638): body:<io.branch.referral.RemoteInterface: io.branch.referral.ServerResponse make_restful_post(org.json.JSONObject,java.lang.String,java.lang.String,int,int,boolean)>	sig:$r16 = virtualinvoke $r10.<java.net.URL: java.net.URLConnection openConnection()>()	timediff:1
I/System.out(17638): body:<io.branch.referral.RemoteInterface: io.branch.referral.ServerResponse make_restful_post(org.json.JSONObject,java.lang.String,java.lang.String,int,int,boolean)>	sig:virtualinvoke $r17.<java.net.HttpURLConnection: void setConnectTimeout(int)>($i0)	timediff:0
I/System.out(17638): body:<io.branch.referral.RemoteInterface: io.branch.referral.ServerResponse make_restful_post(org.json.JSONObject,java.lang.String,java.lang.String,int,int,boolean)>	sig:virtualinvoke $r17.<java.net.HttpURLConnection: void setReadTimeout(int)>($i0)	timediff:0
I/System.out(17638): body:<io.branch.referral.RemoteInterface: io.branch.referral.ServerResponse make_restful_post(org.json.JSONObject,java.lang.String,java.lang.String,int,int,boolean)>	sig:virtualinvoke $r17.<java.net.HttpURLConnection: void setDoInput(boolean)>(1)	timediff:0
I/System.out(17638): body:<io.branch.referral.RemoteInterface: io.branch.referral.ServerResponse make_restful_post(org.json.JSONObject,java.lang.String,java.lang.String,int,int,boolean)>	sig:virtualinvoke $r17.<java.net.HttpURLConnection: void setDoOutput(boolean)>(1)	timediff:0
I/System.out(17638): body:<io.branch.referral.RemoteInterface: io.branch.referral.ServerResponse make_restful_post(org.json.JSONObject,java.lang.String,java.lang.String,int,int,boolean)>	sig:virtualinvoke $r17.<java.net.HttpURLConnection: void setRequestProperty(java.lang.String,java.lang.String)>("Content-Type", "application/json")	timediff:0
I/System.out(17638): body:<io.branch.referral.RemoteInterface: io.branch.referral.ServerResponse make_restful_post(org.json.JSONObject,java.lang.String,java.lang.String,int,int,boolean)>	sig:virtualinvoke $r17.<java.net.HttpURLConnection: void setRequestProperty(java.lang.String,java.lang.String)>("Accept", "application/json")	timediff:0
I/System.out(17638): body:<io.branch.referral.RemoteInterface: io.branch.referral.ServerResponse make_restful_post(org.json.JSONObject,java.lang.String,java.lang.String,int,int,boolean)>	sig:virtualinvoke $r17.<java.net.HttpURLConnection: void setRequestMethod(java.lang.String)>("POST")	timediff:0
I/System.out(17638): body:<com.flurry.sdk.kp: void r()>	sig:specialinvoke $r6.<java.net.URL: void <init>(java.lang.String)>($r1)	timediff:0
I/System.out(17638): <com.flurry.sdk.kp: void r()>###specialinvoke $r6.<java.net.URL: void <init>(java.lang.String)>($r1)###https://data.flurry.com/aap.do
I/System.out(17638): body:<com.flurry.sdk.kp: void r()>	sig:$r7 = virtualinvoke $r6.<java.net.URL: java.net.URLConnection openConnection()>()	timediff:0
I/System.out(17638): body:<com.flurry.sdk.kp: void r()>	sig:virtualinvoke $r4.<java.net.HttpURLConnection: void setConnectTimeout(int)>($i0)	timediff:0
I/System.out(17638): body:<com.flurry.sdk.kp: void r()>	sig:virtualinvoke $r4.<java.net.HttpURLConnection: void setReadTimeout(int)>($i0)	timediff:0
I/System.out(17638): body:<com.flurry.sdk.kp: void r()>	sig:virtualinvoke $r4.<java.net.HttpURLConnection: void setRequestMethod(java.lang.String)>($r1)	timediff:0
I/System.out(17638): body:<com.flurry.sdk.kp: void r()>	sig:virtualinvoke $r4.<java.net.HttpURLConnection: void setInstanceFollowRedirects(boolean)>($z0)	timediff:0
I/System.out(17638): body:<com.flurry.sdk.kp: void r()>	sig:virtualinvoke $r4.<java.net.HttpURLConnection: void setDoOutput(boolean)>($z0)	timediff:0
I/System.out(17638): body:<com.flurry.sdk.kp: void r()>	sig:virtualinvoke $r4.<java.net.HttpURLConnection: void setDoInput(boolean)>(1)	timediff:0
I/System.out(17638): body:<com.flurry.sdk.kp: void r()>	sig:virtualinvoke $r4.<java.net.HttpURLConnection: void addRequestProperty(java.lang.String,java.lang.String)>($r1, $r13)	timediff:0
D/dalvikvm(17638): GC_CONCURRENT freed 280K, 9% free 4823K/5252K, paused 0ms+2ms, total 6ms
I/System.out(17638): body:<io.branch.referral.RemoteInterface: io.branch.referral.ServerResponse make_restful_post(org.json.JSONObject,java.lang.String,java.lang.String,int,int,boolean)>	sig:$r18 = virtualinvoke $r17.<java.net.HttpURLConnection: java.io.OutputStream getOutputStream()>()	timediff:50
D/LVLDL   (17638): Service Bound
D/dalvikvm(17638): GC_CONCURRENT freed 1255K, 24% free 4227K/5528K, paused 1ms+1ms, total 15ms
D/dalvikvm(17638): GC_CONCURRENT freed 405K, 24% free 4205K/5528K, paused 2ms+0ms, total 5ms
D/libEGL  (17638): loaded /system/lib/egl/libEGL_adreno.so
I/System.out(17638): body:<com.flurry.sdk.kp: void r()>	sig:$r15 = virtualinvoke $r4.<java.net.HttpURLConnection: java.io.OutputStream getOutputStream()>()	timediff:132
I/System.out(17638): body:<io.branch.referral.RemoteInterface: io.branch.referral.ServerResponse make_restful_post(org.json.JSONObject,java.lang.String,java.lang.String,int,int,boolean)>	sig:$i4 = virtualinvoke $r17.<java.net.HttpURLConnection: int getResponseCode()>()	timediff:102
I/System.out(17638): body:<io.branch.referral.RemoteInterface: io.branch.referral.ServerResponse make_restful_post(org.json.JSONObject,java.lang.String,java.lang.String,int,int,boolean)>	sig:$i4 = virtualinvoke $r17.<java.net.HttpURLConnection: int getResponseCode()>()	timediff:0
I/System.out(17638): body:<io.branch.referral.RemoteInterface: io.branch.referral.ServerResponse make_restful_post(org.json.JSONObject,java.lang.String,java.lang.String,int,int,boolean)>	sig:$r25 = virtualinvoke $r17.<java.net.HttpURLConnection: java.io.InputStream getInputStream()>()	timediff:0
I/System.out(17638): body:<empirical.HelperClass: void printURLInfo(java.lang.String,java.lang.String,java.net.URLConnection)>	sig:$r0 = virtualinvoke urlConnection.<java.net.URLConnection: java.net.URL getURL()>()	timediff:0
I/System.out(17638): body:<empirical.HelperClass: void printURLInfo(java.lang.String,java.lang.String,java.net.URLConnection)>	sig:urlString = virtualinvoke $r0.<java.net.URL: java.lang.String toString()>()	timediff:0
I/System.out(17638): body:<empirical.HelperClass: void printURLInfo(java.lang.String,java.lang.String,java.net.URLConnection)>	sig:isDoOutput = virtualinvoke urlConnection.<java.net.URLConnection: boolean getDoOutput()>()	timediff:0
I/System.out(17638): body:<empirical.HelperClass: java.lang.String getHeaderField(java.net.URLConnection,java.lang.String)>	sig:data = virtualinvoke conn.<java.net.URLConnection: java.lang.String getHeaderField(java.lang.String)>(field)	timediff:0
I/System.out(17638): body:<empirical.HelperClass: java.lang.String getHeaderField(java.net.URLConnection,java.lang.String)>	sig:data = virtualinvoke conn.<java.net.URLConnection: java.lang.String getHeaderField(java.lang.String)>(field)	timediff:0
I/System.out(17638): body:<empirical.HelperClass: java.lang.String getHeaderField(java.net.URLConnection,java.lang.String)>	sig:data = virtualinvoke conn.<java.net.URLConnection: java.lang.String getHeaderField(java.lang.String)>(field)	timediff:0
I/System.out(17638): body:<empirical.HelperClass: java.lang.String getHeaderField(java.net.URLConnection,java.lang.String)>	sig:data = virtualinvoke conn.<java.net.URLConnection: java.lang.String getHeaderField(java.lang.String)>(field)	timediff:0
I/System.out(17638): body:<empirical.HelperClass: java.lang.String getHeaderField(java.net.URLConnection,java.lang.String)>	sig:data = virtualinvoke conn.<java.net.URLConnection: java.lang.String getHeaderField(java.lang.String)>(field)	timediff:0
I/System.out(17638): URLConn;%;0;%;<io.branch.referral.RemoteInterface: io.branch.referral.ServerResponse make_restful_post(org.json.JSONObject,java.lang.String,java.lang.String,int,int,boolean)>;%;$r25 = virtualinvoke $r17.<java.net.HttpURLConnection: java.io.InputStream getInputStream()>();%;https://api.branch.io/v1/open;%;true;%;250;%;no-cache;%;Not found;%;Not found;%;Not found
I/System.out(17638): body:<io.branch.referral.RemoteInterface: io.branch.referral.ServerResponse make_restful_post(org.json.JSONObject,java.lang.String,java.lang.String,int,int,boolean)>	sig:$i4 = virtualinvoke $r17.<java.net.HttpURLConnection: int getResponseCode()>()	timediff:0
I/System.out(17638): body:<io.branch.referral.RemoteInterface: io.branch.referral.ServerResponse make_restful_post(org.json.JSONObject,java.lang.String,java.lang.String,int,int,boolean)>	sig:virtualinvoke $r17.<java.net.HttpURLConnection: void disconnect()>()	timediff:0
D/        (17638): HostConnection::get() New Host Connection established 0xb87687a0, tid 17638
D/libEGL  (17638): loaded /system/lib/egl/libGLESv1_CM_adreno.so
D/libEGL  (17638): loaded /system/lib/egl/libGLESv2_adreno.so
W/EGL_emulation(17638): eglSurfaceAttrib not implemented 3093 12436
D/OpenGLRenderer(17638): Enabling debug mode 0
W/ViewRootImpl(17638): Dropping event due to no window focus: KeyEvent { action=ACTION_DOWN, keyCode=KEYCODE_MEDIA_PLAY_PAUSE, scanCode=0, metaState=0, flags=0x8, repeatCount=0, eventTime=8445990, downTime=8445990, deviceId=-1, source=0x101 }
D/dalvikvm(  540): GC_CONCURRENT freed 4528K, 53% free 11152K/23600K, paused 1ms+0ms, total 7ms
D/dalvikvm(  540): WAIT_FOR_CONCURRENT_GC blocked 1ms
I/LicenseChecker(17638): Binding to licensing service.
I/System.out(17638): body:<com.flurry.sdk.kp: void r()>	sig:$i0 = virtualinvoke $r4.<java.net.HttpURLConnection: int getResponseCode()>()	timediff:51
I/System.out(17638): body:<com.flurry.sdk.kp: void r()>	sig:$r18 = virtualinvoke $r4.<java.net.HttpURLConnection: java.util.Map getHeaderFields()>()	timediff:0
I/System.out(17638): body:<com.flurry.sdk.kp: void r()>	sig:$r23 = virtualinvoke $r4.<java.net.HttpURLConnection: java.io.InputStream getInputStream()>()	timediff:0
I/System.out(17638): body:<empirical.HelperClass: void printURLInfo(java.lang.String,java.lang.String,java.net.URLConnection)>	sig:$r0 = virtualinvoke urlConnection.<java.net.URLConnection: java.net.URL getURL()>()	timediff:0
I/System.out(17638): body:<empirical.HelperClass: void printURLInfo(java.lang.String,java.lang.String,java.net.URLConnection)>	sig:urlString = virtualinvoke $r0.<java.net.URL: java.lang.String toString()>()	timediff:0
I/System.out(17638): body:<empirical.HelperClass: void printURLInfo(java.lang.String,java.lang.String,java.net.URLConnection)>	sig:isDoOutput = virtualinvoke urlConnection.<java.net.URLConnection: boolean getDoOutput()>()	timediff:0
I/System.out(17638): body:<empirical.HelperClass: java.lang.String getHeaderField(java.net.URLConnection,java.lang.String)>	sig:data = virtualinvoke conn.<java.net.URLConnection: java.lang.String getHeaderField(java.lang.String)>(field)	timediff:0
I/System.out(17638): body:<empirical.HelperClass: java.lang.String getHeaderField(java.net.URLConnection,java.lang.String)>	sig:data = virtualinvoke conn.<java.net.URLConnection: java.lang.String getHeaderField(java.lang.String)>(field)	timediff:0
I/System.out(17638): body:<empirical.HelperClass: java.lang.String getHeaderField(java.net.URLConnection,java.lang.String)>	sig:data = virtualinvoke conn.<java.net.URLConnection: java.lang.String getHeaderField(java.lang.String)>(field)	timediff:0
I/System.out(17638): body:<empirical.HelperClass: java.lang.String getHeaderField(java.net.URLConnection,java.lang.String)>	sig:data = virtualinvoke conn.<java.net.URLConnection: java.lang.String getHeaderField(java.lang.String)>(field)	timediff:0
I/System.out(17638): body:<empirical.HelperClass: java.lang.String getHeaderField(java.net.URLConnection,java.lang.String)>	sig:data = virtualinvoke conn.<java.net.URLConnection: java.lang.String getHeaderField(java.lang.String)>(field)	timediff:0
I/System.out(17638): URLConn;%;1;%;<com.flurry.sdk.kp: void r()>;%;$r23 = virtualinvoke $r4.<java.net.HttpURLConnection: java.io.InputStream getInputStream()>();%;https://data.flurry.com/aap.do;%;true;%;Not found;%;Not found;%;Not found;%;0;%;Not found
I/System.out(17638): body:<com.flurry.sdk.kp: void t()>	sig:virtualinvoke $r1.<java.net.HttpURLConnection: void disconnect()>()	timediff:0
W/FlurryAgent(17638): Analytics report sent.
W/ContextImpl(  327): Calling a method in the system process without a qualified user: android.app.ContextImpl.sendBroadcast:1123 com.android.server.InputMethodManagerService.hideCurrentInputLocked:1880 com.android.server.InputMethodManagerService.windowGainedFocus:1968 com.android.internal.view.IInputMethodManager$Stub.onTransact:221 com.android.server.InputMethodManagerService.onTransact:818 
I/System.out(17638): body:<io.fabric.sdk.android.services.network.HttpRequest: io.fabric.sdk.android.services.network.HttpRequest openOutput()>	sig:$r4 = virtualinvoke $r2.<java.net.HttpURLConnection: java.io.OutputStream getOutputStream()>()	timediff:235
D/dalvikvm(17638): GC_CONCURRENT freed 440K, 24% free 4231K/5528K, paused 1ms+0ms, total 5ms
I/System.out(17638): body:<io.fabric.sdk.android.services.network.HttpRequest: int code()>	sig:$i0 = virtualinvoke $r2.<java.net.HttpURLConnection: int getResponseCode()>()	timediff:72
I/LicenseChecker(17638): Calling checkLicense on service for com.pzizz.android
I/LicenseChecker(17638): Start monitoring timeout.
I/LicenseChecker(17638): Received response.
I/LicenseChecker(17638): Clearing timeout.
W/dalvikvm(17638): threadid=24: thread exiting with uncaught exception (group=0x94c8fb20)
D/dalvikvm(17638): GC_CONCURRENT freed 452K, 23% free 4290K/5528K, paused 0ms+0ms, total 4ms
D/dalvikvm(17638): WAIT_FOR_CONCURRENT_GC blocked 2ms
W/System.err(17638): java.lang.NullPointerException
W/System.err(17638): 	at com.google.android.vending.licensing.LicenseValidator.verify(LicenseValidator.java:99)
W/System.err(17638): 	at com.google.android.vending.licensing.LicenseChecker$ResultListener$2.run(LicenseChecker.java:232)
W/System.err(17638): 	at android.os.Handler.handleCallback(Handler.java:733)
W/System.err(17638): 	at android.os.Handler.dispatchMessage(Handler.java:95)
W/System.err(17638): 	at android.os.Looper.loop(Looper.java:136)
W/System.err(17638): 	at android.os.HandlerThread.run(HandlerThread.java:61)
W/FlurryAgent(17638): Error logged: uncaught
I/Process (  327): Sending signal. PID: 17638 SIG: 9
W/InputDispatcher(  327): channel '4ab133f4 com.pzizz.android/com.pzizz.android.VideoSplash (server)' ~ Consumer closed input channel or an error occurred.  events=0xd
E/InputDispatcher(  327): channel '4ab133f4 com.pzizz.android/com.pzizz.android.VideoSplash (server)' ~ Channel is unrecoverably broken and will be disposed!
W/NetworkManagementSocketTagger(  327): setKernelCountSet(10054, 0) failed with errno -13
W/InputDispatcher(  327): Attempted to unregister already unregistered input channel '4ab133f4 com.pzizz.android/com.pzizz.android.VideoSplash (server)'
I/InputDispatcher(  327): Dropping event because there is no focused window or focused application.
E/AndroidRuntime(17638): FATAL EXCEPTION: background thread
E/AndroidRuntime(17638): Process: com.pzizz.android, PID: 17638
E/AndroidRuntime(17638): java.lang.NullPointerException
E/AndroidRuntime(17638): 	at com.google.android.vending.licensing.LicenseValidator.verify(LicenseValidator.java:99)
E/AndroidRuntime(17638): 	at com.google.android.vending.licensing.LicenseChecker$ResultListener$2.run(LicenseChecker.java:232)
E/AndroidRuntime(17638): 	at android.os.Handler.handleCallback(Handler.java:733)
E/AndroidRuntime(17638): 	at android.os.Handler.dispatchMessage(Handler.java:95)
E/AndroidRuntime(17638): 	at android.os.Looper.loop(Looper.java:136)
E/AndroidRuntime(17638): 	at android.os.HandlerThread.run(HandlerThread.java:61)
W/ActivityManager(  327): Force-killing crashed app com.pzizz.android at watcher's request
W/ContextImpl(  327): Calling a method in the system process without a qualified user: android.app.ContextImpl.sendBroadcast:1123 com.android.server.am.ActivityManagerService.handleApplicationCrashInner:9670 com.android.server.am.ActivityManagerService.handleApplicationCrash:9644 android.app.ActivityManagerNative.onTransact:1311 com.android.server.am.ActivityManagerService.onTransact:2071 
I/ActivityManager(  327): Process com.pzizz.android (pid 17638) has died.
W/ActivityManager(  327): Force removing ActivityRecord{4a8cee10 u0 com.pzizz.android/.VideoSplash t88}: app died, no saved state
I/WindowState(  327): WIN DEATH: Window{4ab133f4 u0 com.pzizz.android/com.pzizz.android.VideoSplash}
W/InputManager(  327): Input event injection from pid 17288 failed.
I/ActivityManager(  327): Displayed com.pzizz.android/.VideoSplash: +621ms
W/InputManager(  327): Input event injection from pid 17288 failed.
W/InputManager(  327): Input event injection from pid 17288 failed.
I/InputDispatcher(  327): Dropping event because there is no focused window or focused application.
I/InputDispatcher(  327): Dropping event because there is no focused window or focused application.
I/InputDispatcher(  327): Dropping event because there is no focused window or focused application.
I/InputDispatcher(  327): Dropping event because there is no focused window or focused application.
I/InputDispatcher(  327): Dropping event because there is no focused window or focused application.
I/InputDispatcher(  327): Dropping event because there is no focused window or focused application.
I/InputDispatcher(  327): Dropping event because there is no focused window or focused application.
I/InputDispatcher(  327): Dropping event because there is no focused window or focused application.
I/InputDispatcher(  327): Dropping event because there is no focused window or focused application.
I/InputDispatcher(  327): Dropping event because there is no focused window or focused application.
I/InputDispatcher(  327): Dropping event because there is no focused window or focused application.
I/InputDispatcher(  327): Dropping event because there is no focused window or focused application.
I/InputDispatcher(  327): Dropping event because there is no focused window or focused application.
I/InputDispatcher(  327): Dropping event because there is no focused window or focused application.
I/InputDispatcher(  327): Dropping event because there is no focused window or focused application.
I/InputDispatcher(  327): Dropping event because there is no focused window or focused application.
I/InputDispatcher(  327): Dropping event because there is no focused window or focused application.
W/InputManager(  327): Input event injection from pid 17288 failed.
W/InputManager(  327): Input event injection from pid 17288 failed.
W/InputManager(  327): Input event injection from pid 17288 failed.
W/InputManager(  327): Input event injection from pid 17288 failed.
W/InputManager(  327): Input event injection from pid 17288 failed.
W/InputManager(  327): Input event injection from pid 17288 failed.
W/InputManager(  327): Input event injection from pid 17288 failed.
W/InputManager(  327): Input event injection from pid 17288 failed.
W/InputManager(  327): Input event injection from pid 17288 failed.
W/InputManager(  327): Input event injection from pid 17288 failed.
W/InputManager(  327): Input event injection from pid 17288 failed.
W/InputManager(  327): Input event injection from pid 17288 failed.
W/InputManager(  327): Input event injection from pid 17288 failed.
W/InputManager(  327): Input event injection from pid 17288 failed.
W/InputManager(  327): Input event injection from pid 17288 failed.
W/InputManager(  327): Input event injection from pid 17288 failed.
W/InputManager(  327): Input event injection from pid 17288 failed.
I/InputDispatcher(  327): Dropping event because there is no focused window or focused application.
I/InputDispatcher(  327): Dropping event because there is no focused window or focused application.
I/InputDispatcher(  327): Dropping event because there is no focused window or focused application.
I/InputDispatcher(  327): Dropping event because there is no focused window or focused application.
I/InputDispatcher(  327): Dropping event because there is no focused window or focused application.
I/InputDispatcher(  327): Dropping event because there is no focused window or focused application.
I/InputDispatcher(  327): Dropping event because there is no focused window or focused application.
I/InputDispatcher(  327): Dropping event because there is no focused window or focused application.
I/InputDispatcher(  327): Dropping event because there is no focused window or focused application.
I/InputDispatcher(  327): Dropping event because there is no focused window or focused application.
I/InputDispatcher(  327): Dropping event because there is no focused window or focused application.
I/InputDispatcher(  327): Dropping event because there is no focused window or focused application.
I/InputDispatcher(  327): Dropping event because there is no focused window or focused application.
I/InputDispatcher(  327): Dropping event because there is no focused window or focused application.
I/InputDispatcher(  327): Dropping event because there is no focused window or focused application.
I/InputDispatcher(  327): Dropping event because there is no focused window or focused application.
I/InputDispatcher(  327): Dropping event because there is no focused window or focused application.
I/InputDispatcher(  327): Dropping event because there is no focused window or focused application.
I/InputDispatcher(  327): Dropping event because there is no focused window or focused application.
I/InputDispatcher(  327): Dropping event because there is no focused window or focused application.
I/InputDispatcher(  327): Dropping event because there is no focused window or focused application.
I/InputDispatcher(  327): Dropping event because there is no focused window or focused application.
I/InputDispatcher(  327): Dropping event because there is no focused window or focused application.
I/InputDispatcher(  327): Dropping event because there is no focused window or focused application.
I/InputDispatcher(  327): Dropping event because there is no focused window or focused application.
I/InputDispatcher(  327): Dropping event because there is no focused window or focused application.
I/InputDispatcher(  327): Dropping event because there is no focused window or focused application.
I/InputDispatcher(  327): Dropping event because there is no focused window or focused application.
I/InputDispatcher(  327): Dropping event because there is no focused window or focused application.
I/InputDispatcher(  327): Dropping event because there is no focused window or focused application.
W/InputManager(  327): Input event injection from pid 17288 failed.
W/InputManager(  327): Input event injection from pid 17288 failed.
W/InputManager(  327): Input event injection from pid 17288 failed.
W/InputManager(  327): Input event injection from pid 17288 failed.
W/InputManager(  327): Input event injection from pid 17288 failed.
W/InputManager(  327): Input event injection from pid 17288 failed.
W/InputManager(  327): Input event injection from pid 17288 failed.
W/InputManager(  327): Input event injection from pid 17288 failed.
W/InputManager(  327): Input event injection from pid 17288 failed.
W/InputManager(  327): Input event injection from pid 17288 failed.
W/InputManager(  327): Input event injection from pid 17288 failed.
W/InputManager(  327): Input event injection from pid 17288 failed.
W/InputManager(  327): Input event injection from pid 17288 failed.
W/InputManager(  327): Input event injection from pid 17288 failed.
W/InputManager(  327): Input event injection from pid 17288 failed.
W/InputManager(  327): Input event injection from pid 17288 failed.
W/InputManager(  327): Input event injection from pid 17288 failed.
W/InputManager(  327): Input event injection from pid 17288 failed.
W/InputManager(  327): Input event injection from pid 17288 failed.
W/InputManager(  327): Input event injection from pid 17288 failed.
W/InputManager(  327): Input event injection from pid 17288 failed.
W/InputManager(  327): Input event injection from pid 17288 failed.
W/InputManager(  327): Input event injection from pid 17288 failed.
W/InputManager(  327): Input event injection from pid 17288 failed.
W/InputManager(  327): Input event injection from pid 17288 failed.
W/InputManager(  327): Input event injection from pid 17288 failed.
W/InputManager(  327): Input event injection from pid 17288 failed.
W/InputManager(  327): Input event injection from pid 17288 failed.
W/InputManager(  327): Input event injection from pid 17288 failed.
W/InputManager(  327): Input event injection from pid 17288 failed.
W/InputManager(  327): Input event injection from pid 17288 failed.
W/InputManager(  327): Input event injection from pid 17288 failed.
W/InputManager(  327): Input event injection from pid 17288 failed.
W/InputManager(  327): Input event injection from pid 17288 failed.
W/InputManager(  327): Input event injection from pid 17288 failed.
W/InputManager(  327): Input event injection from pid 17288 failed.
W/InputManager(  327): Input event injection from pid 17288 failed.
W/InputManager(  327): Input event injection from pid 17288 failed.
W/InputManager(  327): Input event injection from pid 17288 failed.
W/InputManager(  327): Input event injection from pid 17288 failed.
W/InputManager(  327): Input event injection from pid 17288 failed.
W/InputManager(  327): Input event injection from pid 17288 failed.
W/InputManager(  327): Input event injection from pid 17288 failed.
W/InputManager(  327): Input event injection from pid 17288 failed.
W/InputManager(  327): Input event injection from pid 17288 failed.
W/InputManager(  327): Input event injection from pid 17288 failed.
I/InputDispatcher(  327): Dropping event because there is no focused window or focused application.
I/InputDispatcher(  327): Dropping event because there is no focused window or focused application.
I/InputDispatcher(  327): Dropping event because there is no focused window or focused application.
I/InputDispatcher(  327): Dropping event because there is no focused window or focused application.
I/InputDispatcher(  327): Dropping event because there is no focused window or focused application.
I/InputDispatcher(  327): Dropping event because there is no focused window or focused application.
I/InputDispatcher(  327): Dropping event because there is no focused window or focused application.
I/InputDispatcher(  327): Dropping event because there is no focused window or focused application.
I/InputDispatcher(  327): Dropping event because there is no focused window or focused application.
I/InputDispatcher(  327): Dropping event because there is no focused window or focused application.
I/InputDispatcher(  327): Dropping event because there is no focused window or focused application.
I/InputDispatcher(  327): Dropping event because there is no focused window or focused application.
I/InputDispatcher(  327): Dropping event because there is no focused window or focused application.
I/InputDispatcher(  327): Dropping event because there is no focused window or focused application.
I/InputDispatcher(  327): Dropping event because there is no focused window or focused application.
I/InputDispatcher(  327): Dropping event because there is no focused window or focused application.
I/InputDispatcher(  327): Dropping event because there is no focused window or focused application.
I/InputDispatcher(  327): Dropping event because there is no focused window or focused application.
I/InputDispatcher(  327): Dropping event because there is no focused window or focused application.
I/InputDispatcher(  327): Dropping event because there is no focused window or focused application.
I/InputDispatcher(  327): Dropping event because there is no focused window or focused application.
I/InputDispatcher(  327): Dropping event because there is no focused window or focused application.
I/InputDispatcher(  327): Dropping event because there is no focused window or focused application.
I/InputDispatcher(  327): Dropping event because there is no focused window or focused application.
I/InputDispatcher(  327): Dropping event because there is no focused window or focused application.
I/InputDispatcher(  327): Dropping event because there is no focused window or focused application.
I/InputDispatcher(  327): Dropping event because there is no focused window or focused application.
I/InputDispatcher(  327): Dropping event because there is no focused window or focused application.
I/InputDispatcher(  327): Dropping event because there is no focused window or focused application.
I/InputDispatcher(  327): Dropping event because there is no focused window or focused application.
I/InputDispatcher(  327): Dropping event because there is no focused window or focused application.
I/InputDispatcher(  327): Dropping event because there is no focused window or focused application.
I/InputDispatcher(  327): Dropping event because there is no focused window or focused application.
I/InputDispatcher(  327): Dropping event because there is no focused window or focused application.
I/InputDispatcher(  327): Dropping event because there is no focused window or focused application.
I/InputDispatcher(  327): Dropping event because there is no focused window or focused application.
I/InputDispatcher(  327): Dropping event because there is no focused window or focused application.
I/InputDispatcher(  327): Dropping event because there is no focused window or focused application.
I/InputDispatcher(  327): Dropping event because there is no focused window or focused application.
I/InputDispatcher(  327): Dropping event because there is no focused window or focused application.
I/InputDispatcher(  327): Dropping event because there is no focused window or focused application.
I/InputDispatcher(  327): Dropping event because there is no focused window or focused application.
I/InputDispatcher(  327): Dropping event because there is no focused window or focused application.
I/InputDispatcher(  327): Dropping event because there is no focused window or focused application.
I/InputDispatcher(  327): Dropping event because there is no focused window or focused application.
W/InputManager(  327): Input event injection from pid 17288 failed.
W/InputManager(  327): Input event injection from pid 17288 failed.
W/InputManager(  327): Input event injection from pid 17288 failed.
W/InputManager(  327): Input event injection from pid 17288 failed.
W/InputManager(  327): Input event injection from pid 17288 failed.
W/InputManager(  327): Input event injection from pid 17288 failed.
W/InputManager(  327): Input event injection from pid 17288 failed.
W/InputManager(  327): Input event injection from pid 17288 failed.
W/InputManager(  327): Input event injection from pid 17288 failed.
W/InputManager(  327): Input event injection from pid 17288 failed.
W/InputManager(  327): Input event injection from pid 17288 failed.
W/InputManager(  327): Input event injection from pid 17288 failed.
W/InputManager(  327): Input event injection from pid 17288 failed.
W/InputManager(  327): Input event injection from pid 17288 failed.
W/InputManager(  327): Input event injection from pid 17288 failed.
W/InputManager(  327): Input event injection from pid 17288 failed.
W/InputManager(  327): Input event injection from pid 17288 failed.
W/InputManager(  327): Input event injection from pid 17288 failed.
W/InputManager(  327): Input event injection from pid 17288 failed.
W/InputManager(  327): Input event injection from pid 17288 failed.
W/InputManager(  327): Input event injection from pid 17288 failed.
W/InputManager(  327): Input event injection from pid 17288 failed.
W/InputManager(  327): Input event injection from pid 17288 failed.
W/InputManager(  327): Input event injection from pid 17288 failed.
W/InputManager(  327): Input event injection from pid 17288 failed.
W/InputManager(  327): Input event injection from pid 17288 failed.
W/InputManager(  327): Input event injection from pid 17288 failed.
W/InputManager(  327): Input event injection from pid 17288 failed.
W/InputManager(  327): Input event injection from pid 17288 failed.
W/InputManager(  327): Input event injection from pid 17288 failed.
W/InputManager(  327): Input event injection from pid 17288 failed.
W/InputManager(  327): Input event injection from pid 17288 failed.
W/InputManager(  327): Input event injection from pid 17288 failed.
W/InputManager(  327): Input event injection from pid 17288 failed.
W/InputManager(  327): Input event injection from pid 17288 failed.
W/InputManager(  327): Input event injection from pid 17288 failed.
W/InputManager(  327): Input event injection from pid 17288 failed.
W/InputManager(  327): Input event injection from pid 17288 failed.
W/InputManager(  327): Input event injection from pid 17288 failed.
W/InputManager(  327): Input event injection from pid 17288 failed.
W/InputManager(  327): Input event injection from pid 17288 failed.
W/InputManager(  327): Input event injection from pid 17288 failed.
W/InputManager(  327): Input event injection from pid 17288 failed.
W/InputManager(  327): Input event injection from pid 17288 failed.
W/InputManager(  327): Input event injection from pid 17288 failed.
W/InputManager(  327): Input event injection from pid 17288 failed.
W/InputManager(  327): Input event injection from pid 17288 failed.
W/InputManager(  327): Input event injection from pid 17288 failed.
W/InputManager(  327): Input event injection from pid 17288 failed.
W/InputManager(  327): Input event injection from pid 17288 failed.
W/InputManager(  327): Input event injection from pid 17288 failed.
W/InputManager(  327): Input event injection from pid 17288 failed.
W/InputManager(  327): Input event injection from pid 17288 failed.
W/InputManager(  327): Input event injection from pid 17288 failed.
W/InputManager(  327): Input event injection from pid 17288 failed.
W/InputManager(  327): Input event injection from pid 17288 failed.
W/InputManager(  327): Input event injection from pid 17288 failed.
W/InputManager(  327): Input event injection from pid 17288 failed.
W/InputManager(  327): Input event injection from pid 17288 failed.
W/InputManager(  327): Input event injection from pid 17288 failed.
W/InputManager(  327): Input event injection from pid 17288 failed.
W/InputManager(  327): Input event injection from pid 17288 failed.
I/InputDispatcher(  327): Dropping event because there is no focused window or focused application.
I/InputDispatcher(  327): Dropping event because there is no focused window or focused application.
I/InputDispatcher(  327): Dropping event because there is no focused window or focused application.
I/InputDispatcher(  327): Dropping event because there is no focused window or focused application.
I/InputDispatcher(  327): Dropping event because there is no focused window or focused application.
I/InputDispatcher(  327): Dropping event because there is no focused window or focused application.
I/InputDispatcher(  327): Dropping event because there is no focused window or focused application.
I/InputDispatcher(  327): Dropping event because there is no focused window or focused application.
I/InputDispatcher(  327): Dropping event because there is no focused window or focused application.
I/InputDispatcher(  327): Dropping event because there is no focused window or focused application.
I/InputDispatcher(  327): Dropping event because there is no focused window or focused application.
I/InputDispatcher(  327): Dropping event because there is no focused window or focused application.
I/InputDispatcher(  327): Dropping event because there is no focused window or focused application.
I/InputDispatcher(  327): Dropping event because there is no focused window or focused application.
V/PanelView(  540): animationTick called with dtms=0; nothing to do (h=0.0 v=4500.0)
I/InputDispatcher(  327): Dropping event because there is no focused window or focused application.
I/InputDispatcher(  327): Dropping event because there is no focused window or focused application.
I/InputDispatcher(  327): Dropping event because there is no focused window or focused application.
I/InputDispatcher(  327): Dropping event because there is no focused window or focused application.
I/InputDispatcher(  327): Dropping event because there is no focused window or focused application.
D/SizeAdaptiveLayout(  540): com.android.internal.widget.SizeAdaptiveLayout{4ac62bdc V.E..... ......I. 0,0-0,0 #7f07004f app:id/adaptive}child view android.widget.FrameLayout{4ac68558 G.E..... ......ID 0,0-0,0 #10202d6 android:id/status_bar_latest_event_content} measured out of bounds at 95px clamped to 96px
D/SizeAdaptiveLayout(  540): com.android.internal.widget.SizeAdaptiveLayout{4ac739b0 V.E..... ......I. 0,0-0,0 #7f07004f app:id/adaptive}child view android.widget.FrameLayout{4acd8edc G.E..... ......ID 0,0-0,0 #10202d6 android:id/status_bar_latest_event_content} measured out of bounds at 95px clamped to 96px
I/InputDispatcher(  327): Dropping event because there is no focused window or focused application.
I/InputDispatcher(  327): Dropping event because there is no focused window or focused application.
I/InputDispatcher(  327): Dropping event because there is no focused window or focused application.
I/InputDispatcher(  327): Dropping event because there is no focused window or focused application.
I/InputDispatcher(  327): Dropping event because there is no focused window or focused application.
I/InputDispatcher(  327): Dropping event because there is no focused window or focused application.
I/InputDispatcher(  327): Dropping event because there is no focused window or focused application.
I/InputDispatcher(  327): Dropping event because there is no focused window or focused application.
I/InputDispatcher(  327): Dropping event because there is no focused window or focused application.
I/InputDispatcher(  327): Dropping event because there is no focused window or focused application.
I/InputDispatcher(  327): Dropping event because there is no focused window or focused application.
I/InputDispatcher(  327): Dropping event because there is no focused window or focused application.
W/InputManager(  327): Input event injection from pid 17288 failed.
W/InputManager(  327): Input event injection from pid 17288 failed.
W/InputManager(  327): Input event injection from pid 17288 failed.
W/InputManager(  327): Input event injection from pid 17288 failed.
W/InputManager(  327): Input event injection from pid 17288 failed.
W/InputManager(  327): Input event injection from pid 17288 failed.
W/InputManager(  327): Input event injection from pid 17288 failed.
W/InputManager(  327): Input event injection from pid 17288 failed.
W/InputManager(  327): Input event injection from pid 17288 failed.
W/InputManager(  327): Input event injection from pid 17288 failed.
W/InputManager(  327): Input event injection from pid 17288 failed.
W/InputManager(  327): Input event injection from pid 17288 failed.
W/InputManager(  327): Input event injection from pid 17288 failed.
W/InputManager(  327): Input event injection from pid 17288 failed.
W/InputManager(  327): Input event injection from pid 17288 failed.
W/InputManager(  327): Input event injection from pid 17288 failed.
W/InputManager(  327): Input event injection from pid 17288 failed.
W/InputManager(  327): Input event injection from pid 17288 failed.
W/InputManager(  327): Input event injection from pid 17288 failed.
W/InputManager(  327): Input event injection from pid 17288 failed.
W/InputManager(  327): Input event injection from pid 17288 failed.
W/InputManager(  327): Input event injection from pid 17288 failed.
W/InputManager(  327): Input event injection from pid 17288 failed.
W/InputManager(  327): Input event injection from pid 17288 failed.
W/InputManager(  327): Input event injection from pid 17288 failed.
W/InputManager(  327): Input event injection from pid 17288 failed.
W/InputManager(  327): Input event injection from pid 17288 failed.
W/InputManager(  327): Input event injection from pid 17288 failed.
W/InputManager(  327): Input event injection from pid 17288 failed.
W/InputManager(  327): Input event injection from pid 17288 failed.
W/InputManager(  327): Input event injection from pid 17288 failed.
W/InputManager(  327): Input event injection from pid 17288 failed.
W/InputManager(  327): Input event injection from pid 17288 failed.
W/InputManager(  327): Input event injection from pid 17288 failed.
W/InputManager(  327): Input event injection from pid 17288 failed.
I/InputDispatcher(  327): Dropping event because there is no focused window or focused application.
I/InputDispatcher(  327): Dropping event because there is no focused window or focused application.
I/InputDispatcher(  327): Dropping event because there is no focused window or focused application.
I/InputDispatcher(  327): Dropping event because there is no focused window or focused application.
I/InputDispatcher(  327): Dropping event because there is no focused window or focused application.
I/InputDispatcher(  327): Dropping event because there is no focused window or focused application.
I/InputDispatcher(  327): Dropping event because there is no focused window or focused application.
I/InputDispatcher(  327): Dropping event because there is no focused window or focused application.
I/InputDispatcher(  327): Dropping event because there is no focused window or focused application.
I/InputDispatcher(  327): Dropping event because there is no focused window or focused application.
I/InputDispatcher(  327): Dropping event because there is no focused window or focused application.
D/dalvikvm(12011): GC_FOR_ALLOC freed 5684K, 62% free 4882K/12744K, paused 2ms, total 2ms
I/dalvikvm-heap(12011): Grow heap (frag case) to 8.342MB for 3686412-byte allocation
W/WindowManager(  327): updateFocusedWindowLocked, focusedAppToken is null.
D/dalvikvm(12011): GC_FOR_ALLOC freed <1K, 34% free 8482K/12744K, paused 2ms, total 2ms
I/InputDispatcher(  327): Dropping event because there is no focused window or focused application.
I/InputDispatcher(  327): Dropping event because there is no focused window or focused application.
D/dalvikvm(12011): GC_CONCURRENT freed 6K, 34% free 8475K/12744K, paused 0ms+1ms, total 2ms
W/InputManager(  327): Input event injection from pid 17288 failed.
W/InputManager(  327): Input event injection from pid 17288 failed.
W/InputManager(  327): Input event injection from pid 17288 failed.
W/InputManager(  327): Input event injection from pid 17288 failed.
W/InputManager(  327): Input event injection from pid 17288 failed.
W/InputManager(  327): Input event injection from pid 17288 failed.
W/InputManager(  327): Input event injection from pid 17288 failed.
W/InputManager(  327): Input event injection from pid 17288 failed.
W/InputManager(  327): Input event injection from pid 17288 failed.
W/InputManager(  327): Input event injection from pid 17288 failed.
W/InputManager(  327): Input event injection from pid 17288 failed.
W/InputManager(  327): Input event injection from pid 17288 failed.
W/InputManager(  327): Input event injection from pid 17288 failed.
W/InputManager(  327): Input event injection from pid 17288 failed.
W/InputManager(  327): Input event injection from pid 17288 failed.
W/EGL_emulation(10441): eglSurfaceAttrib not implemented 3093 12436
W/EGL_emulation(  540): eglSurfaceAttrib not implemented 3093 12436
D/SizeAdaptiveLayout(  540): com.android.internal.widget.SizeAdaptiveLayout{4ac62bdc V.E..... ......I. 0,0-0,0 #7f07004f app:id/adaptive}child view android.widget.FrameLayout{4ac68558 G.E..... ......ID 0,0-0,0 #10202d6 android:id/status_bar_latest_event_content} measured out of bounds at 95px clamped to 96px
D/SizeAdaptiveLayout(  540): com.android.internal.widget.SizeAdaptiveLayout{4ac739b0 V.E..... ......I. 0,0-0,0 #7f07004f app:id/adaptive}child view android.widget.FrameLayout{4acd8edc G.E..... ......ID 0,0-0,0 #10202d6 android:id/status_bar_latest_event_content} measured out of bounds at 95px clamped to 96px
W/ViewRootImpl(  540): Dropping event due to no window focus: KeyEvent { action=ACTION_DOWN, keyCode=KEYCODE_DPAD_RIGHT, scanCode=0, metaState=0, flags=0x8, repeatCount=0, eventTime=8446336, downTime=8446336, deviceId=-1, source=0x101 }
W/ViewRootImpl(  540): Dropping event due to no window focus: KeyEvent { action=ACTION_DOWN, keyCode=KEYCODE_DPAD_UP, scanCode=0, metaState=0, flags=0x8, repeatCount=0, eventTime=8446382, downTime=8446382, deviceId=-1, source=0x101 }
W/ViewRootImpl(  540): Dropping event due to no window focus: KeyEvent { action=ACTION_DOWN, keyCode=KEYCODE_DPAD_CENTER, scanCode=0, metaState=0, flags=0x8, repeatCount=0, eventTime=8446383, downTime=8446383, deviceId=-1, source=0x101 }
W/ViewRootImpl(  540): Dropping event due to no window focus: KeyEvent { action=ACTION_DOWN, keyCode=KEYCODE_BUTTON_B, scanCode=0, metaState=0, flags=0x8, repeatCount=0, eventTime=8446384, downTime=8446384, deviceId=-1, source=0x101 }
V/PanelView(  540): animationTick called with dtms=0; nothing to do (h=4.5 v=-3000.0)
V/PanelView(  540): animationTick called with dtms=0; nothing to do (h=4.5 v=-3000.0)
V/PanelView(  540): animationTick called with dtms=0; nothing to do (h=4.5 v=-3000.0)
W/EGL_emulation(10441): eglSurfaceAttrib not implemented 3093 12436
W/EGL_emulation(12011): eglSurfaceAttrib not implemented 3093 12436
V/PanelView(  540): animationTick called with dtms=-4; nothing to do (h=4.5 v=-3000.0)
W/ViewRootImpl(  540): Dropping event due to no window focus: KeyEvent { action=ACTION_DOWN, keyCode=KEYCODE_BACK, scanCode=0, metaState=0, flags=0x8, repeatCount=0, eventTime=8446384, downTime=8446384, deviceId=-1, source=0x101 }
W/ViewRootImpl(  540): Dropping event due to no window focus: KeyEvent { action=ACTION_DOWN, keyCode=KEYCODE_DPAD_RIGHT, scanCode=0, metaState=0, flags=0x8, repeatCount=0, eventTime=8446386, downTime=8446386, deviceId=-1, source=0x101 }
W/ViewRootImpl(  540): Dropping event due to no window focus: KeyEvent { action=ACTION_DOWN, keyCode=KEYCODE_BUTTON_L2, scanCode=0, metaState=0, flags=0x8, repeatCount=0, eventTime=8446387, downTime=8446387, deviceId=-1, source=0x101 }
W/ViewRootImpl(  540): Dropping event due to no window focus: KeyEvent { action=ACTION_DOWN, keyCode=KEYCODE_DPAD_UP, scanCode=0, metaState=0, flags=0x8, repeatCount=0, eventTime=8446388, downTime=8446388, deviceId=-1, source=0x101 }
W/ViewRootImpl(10441): Dropping event due to no window focus: MotionEvent { action=ACTION_MOVE, id[0]=0, x[0]=2.0, y[0]=-2.0, toolType[0]=TOOL_TYPE_UNKNOWN, buttonState=0, metaState=0, flags=0x0, edgeFlags=0x0, pointerCount=1, historySize=6, eventTime=8446396, downTime=-1, deviceId=0, source=0x10004 }
W/ViewRootImpl(10441): Dropping event due to no window focus: MotionEvent { action=ACTION_DOWN, id[0]=0, x[0]=0.0, y[0]=0.0, toolType[0]=TOOL_TYPE_UNKNOWN, buttonState=0, metaState=0, flags=0x0, edgeFlags=0x0, pointerCount=1, historySize=0, eventTime=8446396, downTime=8446389, deviceId=0, source=0x10004 }
W/ViewRootImpl(10441): Dropping event due to no window focus: KeyEvent { action=ACTION_DOWN, keyCode=KEYCODE_DPAD_DOWN, scanCode=0, metaState=0, flags=0x8, repeatCount=0, eventTime=8446396, downTime=8446396, deviceId=-1, source=0x101 }
I/ActivityManager(  327): START u0 {act=android.intent.action.MAIN cat=[android.intent.category.LAUNCHER] flg=0x10200000 cmp=com.pzizz.android/.VideoSplash} from pid 17288
W/Binder  (  639): Caught a RuntimeException from the binder stub implementation.
W/Binder  (  639): java.lang.NullPointerException
W/Binder  (  639): 	at android.inputmethodservice.IInputMethodWrapper.setSessionEnabled(IInputMethodWrapper.java:280)
W/Binder  (  639): 	at com.android.internal.view.IInputMethod$Stub.onTransact(IInputMethod.java:129)
W/Binder  (  639): 	at android.os.Binder.execTransact(Binder.java:404)
W/Binder  (  639): 	at dalvik.system.NativeStart.run(Native Method)
W/InputMethodManagerService(  327): Got RemoteException sending setActive(false) notification to pid 17638 uid 10054
