I/chromium( 3627): [INFO:CONSOLE(0)] "Blocked a frame with origin "https://googleads.g.doubleclick.net" from accessing a frame with origin "https://s0.2mdn.net". Protocols, domains, and ports must match.", source:  (0)
W/UnimplementedWebViewApi( 3627): Unimplemented WebView method onKeyMultiple called from: android.webkit.WebView.onKeyMultiple(WebView.java:2179)
W/UnimplementedWebViewApi( 3627): Unimplemented WebView method onKeyDown called from: android.webkit.WebView.onKeyDown(WebView.java:2169)
W/UnimplementedWebViewApi( 3627): Unimplemented WebView method onKeyDown called from: android.webkit.WebView.onKeyDown(WebView.java:2169)
W/UnimplementedWebViewApi( 3627): Unimplemented WebView method onKeyDown called from: android.webkit.WebView.onKeyDown(WebView.java:2169)
E/Ads     ( 3627): JS: Blocked a frame with origin "https://googleads.g.doubleclick.net" from accessing a frame with origin "https://s0.2mdn.net". Protocols, domains, and ports must match. (:0)
I/chromium( 3627): [INFO:CONSOLE(0)] "Blocked a frame with origin "https://googleads.g.doubleclick.net" from accessing a frame with origin "https://s0.2mdn.net". Protocols, domains, and ports must match.", source:  (0)
E/Ads     ( 3627): JS: Blocked a frame with origin "https://googleads.g.doubleclick.net" from accessing a frame with origin "https://s0.2mdn.net". Protocols, domains, and ports must match. (:0)
I/chromium( 3627): [INFO:CONSOLE(0)] "Blocked a frame with origin "https://googleads.g.doubleclick.net" from accessing a frame with origin "https://s0.2mdn.net". Protocols, domains, and ports must match.", source:  (0)
E/Ads     ( 3627): JS: Blocked a frame with origin "https://googleads.g.doubleclick.net" from accessing a frame with origin "https://s0.2mdn.net". Protocols, domains, and ports must match. (:0)
I/chromium( 3627): [INFO:CONSOLE(0)] "Blocked a frame with origin "https://googleads.g.doubleclick.net" from accessing a frame with origin "https://s0.2mdn.net". Protocols, domains, and ports must match.", source:  (0)
E/Ads     ( 3627): JS: Blocked a frame with origin "https://googleads.g.doubleclick.net" from accessing a frame with origin "https://s0.2mdn.net". Protocols, domains, and ports must match. (:0)
I/chromium( 3627): [INFO:CONSOLE(0)] "Blocked a frame with origin "https://googleads.g.doubleclick.net" from accessing a frame with origin "https://s0.2mdn.net". Protocols, domains, and ports must match.", source:  (0)
E/Ads     ( 3627): JS: Blocked a frame with origin "https://googleads.g.doubleclick.net" from accessing a frame with origin "https://s0.2mdn.net". Protocols, domains, and ports must match. (:0)
I/chromium( 3627): [INFO:CONSOLE(0)] "Blocked a frame with origin "https://googleads.g.doubleclick.net" from accessing a frame with origin "https://s0.2mdn.net". Protocols, domains, and ports must match.", source:  (0)
E/Ads     ( 3627): JS: Blocked a frame with origin "https://googleads.g.doubleclick.net" from accessing a frame with origin "https://s0.2mdn.net". Protocols, domains, and ports must match. (:0)
I/chromium( 3627): [INFO:CONSOLE(0)] "Blocked a frame with origin "https://googleads.g.doubleclick.net" from accessing a frame with origin "https://s0.2mdn.net". Protocols, domains, and ports must match.", source:  (0)
E/Ads     ( 3627): JS: Blocked a frame with origin "https://googleads.g.doubleclick.net" from accessing a frame with origin "https://s0.2mdn.net". Protocols, domains, and ports must match. (:0)
I/chromium( 3627): [INFO:CONSOLE(0)] "Blocked a frame with origin "https://googleads.g.doubleclick.net" from accessing a frame with origin "https://s0.2mdn.net". Protocols, domains, and ports must match.", source:  (0)
E/Ads     ( 3627): JS: Blocked a frame with origin "https://googleads.g.doubleclick.net" from accessing a frame with origin "https://s0.2mdn.net". Protocols, domains, and ports must match. (:0)
I/chromium( 3627): [INFO:CONSOLE(0)] "Blocked a frame with origin "https://googleads.g.doubleclick.net" from accessing a frame with origin "https://s0.2mdn.net". Protocols, domains, and ports must match.", source:  (0)
E/Ads     ( 3627): JS: Blocked a frame with origin "https://googleads.g.doubleclick.net" from accessing a frame with origin "https://s0.2mdn.net". Protocols, domains, and ports must match. (:0)
I/chromium( 3627): [INFO:CONSOLE(0)] "Blocked a frame with origin "https://googleads.g.doubleclick.net" from accessing a frame with origin "https://s0.2mdn.net". Protocols, domains, and ports must match.", source:  (0)
E/Ads     ( 3627): JS: Blocked a frame with origin "https://googleads.g.doubleclick.net" from accessing a frame with origin "https://s0.2mdn.net". Protocols, domains, and ports must match. (:0)
I/chromium( 3627): [INFO:CONSOLE(0)] "Blocked a frame with origin "https://googleads.g.doubleclick.net" from accessing a frame with origin "https://s0.2mdn.net". Protocols, domains, and ports must match.", source:  (0)
E/Ads     ( 3627): JS: Blocked a frame with origin "https://googleads.g.doubleclick.net" from accessing a frame with origin "https://s0.2mdn.net". Protocols, domains, and ports must match. (:0)
I/chromium( 3627): [INFO:CONSOLE(0)] "Blocked a frame with origin "https://googleads.g.doubleclick.net" from accessing a frame with origin "https://s0.2mdn.net". Protocols, domains, and ports must match.", source:  (0)
E/Ads     ( 3627): JS: Blocked a frame with origin "https://googleads.g.doubleclick.net" from accessing a frame with origin "https://s0.2mdn.net". Protocols, domains, and ports must match. (:0)
I/chromium( 3627): [INFO:CONSOLE(0)] "Blocked a frame with origin "https://googleads.g.doubleclick.net" from accessing a frame with origin "https://s0.2mdn.net". Protocols, domains, and ports must match.", source:  (0)
W/ViewRootImpl( 3627): Dropping event due to no window focus: KeyEvent { action=ACTION_DOWN, keyCode=KEYCODE_NOTIFICATION, scanCode=0, metaState=0, flags=0x8, repeatCount=0, eventTime=250395, downTime=250395, deviceId=-1, source=0x101 }
W/ViewRootImpl( 3627): Dropping event due to no window focus: KeyEvent { action=ACTION_DOWN, keyCode=KEYCODE_DPAD_RIGHT, scanCode=0, metaState=0, flags=0x8, repeatCount=0, eventTime=250424, downTime=250424, deviceId=-1, source=0x101 }
W/EGL_emulation( 3627): eglSurfaceAttrib not implemented 3093 12436
W/InputMethodManagerService(  481): Window already focused, ignoring focus gain of: com.android.internal.view.IInputMethodClient$Stub$Proxy@4a952234 attribute=null, token = android.os.BinderProxy@4a9afd40
I/ActivityManager(  481): START u0 {act=android.intent.action.MAIN cat=[android.intent.category.LAUNCHER] flg=0x10200000 cmp=com.andromo.dev462136.app489914/.Dashboard_000} from pid 3617
I/Ads     ( 3627): Ad closing.
W/ActivityManager(  481): Duplicate finish request for ActivityRecord{4a9bd6a4 u0 com.andromo.dev462136.app489914/com.google.android.gms.ads.AdActivity t46 f}
I/ActivityManager(  481): START u0 {flg=0x4000000 cmp=com.andromo.dev462136.app489914/.Custompage269810} from pid 3627
W/InputMethodManagerService(  481): Starting input on non-focused client com.android.internal.view.IInputMethodClient$Stub$Proxy@4a9962f4 (uid=10155 pid=3627)
D/DynamitePackage( 3627): Instantiating com.google.android.gms.ads.ChimeraAdManagerCreatorImpl
I/Ads     ( 3627): Starting ad request.
I/Ads     ( 3627): Use AdRequest.Builder.addTestDevice("DADDEACD506FD4BD02989AD39CCF21B7") to get test ads on this device.
W/Ads     ( 3627): Not retrying to fetch app settings
W/Ads     (  711): App does not have the required permissions to get location
W/Herrevad(  711): [239] sjl.a: On wifi, but couldn't get security type
W/DebugConnManager(  711): getNetworkInfo() on networkType 0
W/EGL_emulation( 3627): eglSurfaceAttrib not implemented 3093 12436
W/ViewRootImpl( 3627): Dropping event due to no window focus: MotionEvent { action=ACTION_MOVE, id[0]=0, x[0]=0.0, y[0]=3.0, toolType[0]=TOOL_TYPE_UNKNOWN, buttonState=0, metaState=0, flags=0x0, edgeFlags=0x0, pointerCount=1, historySize=9, eventTime=250760, downTime=-1, deviceId=0, source=0x10004 }
W/ViewRootImpl( 3627): Dropping event due to no window focus: MotionEvent { action=ACTION_DOWN, id[0]=0, x[0]=0.0, y[0]=0.0, toolType[0]=TOOL_TYPE_UNKNOWN, buttonState=0, metaState=0, flags=0x0, edgeFlags=0x0, pointerCount=1, historySize=0, eventTime=250760, downTime=250693, deviceId=0, source=0x10004 }
W/ViewRootImpl( 3627): Dropping event due to no window focus: KeyEvent { action=ACTION_DOWN, keyCode=KEYCODE_DPAD_DOWN, scanCode=0, metaState=0, flags=0x8, repeatCount=0, eventTime=250760, downTime=250760, deviceId=-1, source=0x101 }
W/ViewRootImpl( 3627): Dropping event due to no window focus: KeyEvent { action=ACTION_DOWN, keyCode=KEYCODE_NUMPAD_MULTIPLY, scanCode=0, metaState=0, flags=0x8, repeatCount=0, eventTime=250777, downTime=250777, deviceId=-1, source=0x101 }
W/AwContents( 3627): nativeOnDraw failed; clearing to background color.
I/qtaguid (  711): Tagging socket 248 with tag 3000010500000000(805306629) for uid -1 failed errno=-13
I/NetworkManagementSocketTagger(  711): tagSocketFd(248, 805306629, -1) failed with errno-13
I/ActivityManager(  481): Displayed com.andromo.dev462136.app489914/.Custompage269810: +125ms
W/AwContents( 3627): nativeOnDraw failed; clearing to background color.
W/ContextImpl(  481): Calling a method in the system process without a qualified user: android.app.ContextImpl.sendBroadcast:1123 com.android.server.InputMethodManagerService.hideCurrentInputLocked:1880 com.android.server.InputMethodManagerService.windowGainedFocus:1968 com.android.internal.view.IInputMethodManager$Stub.onTransact:221 com.android.server.InputMethodManagerService.onTransact:818 
W/UnimplementedWebViewApi( 3627): Unimplemented WebView method onKeyDown called from: android.webkit.WebView.onKeyDown(WebView.java:2169)
W/UnimplementedWebViewApi( 3627): Unimplemented WebView method onKeyDown called from: android.webkit.WebView.onKeyDown(WebView.java:2169)
W/UnimplementedWebViewApi( 3627): Unimplemented WebView method onKeyDown called from: android.webkit.WebView.onKeyDown(WebView.java:2169)
W/UnimplementedWebViewApi( 3627): Unimplemented WebView method onKeyDown called from: android.webkit.WebView.onKeyDown(WebView.java:2169)
W/UnimplementedWebViewApi( 3627): Unimplemented WebView method onKeyDown called from: android.webkit.WebView.onKeyDown(WebView.java:2169)
I/chromium( 3627): [INFO:async_pixel_transfer_manager_android.cc(56)] Async pixel transfers not supported
W/UnimplementedWebViewApi( 3627): Unimplemented WebView method onKeyMultiple called from: android.webkit.WebView.onKeyMultiple(WebView.java:2179)
W/UnimplementedWebViewApi( 3627): Unimplemented WebView method onKeyDown called from: android.webkit.WebView.onKeyDown(WebView.java:2169)
I/ActivityManager(  481): START u0 {act=android.intent.action.MAIN cat=[android.intent.category.LAUNCHER] flg=0x10200000 cmp=com.andromo.dev462136.app489914/.Dashboard_000} from pid 3617
W/InputManager(  481): Input event injection from pid 3617 failed.
W/InputManager(  481): Input event injection from pid 3617 failed.
W/UnimplementedWebViewApi( 3627): Unimplemented WebView method onKeyMultiple called from: android.webkit.WebView.onKeyMultiple(WebView.java:2179)
W/UnimplementedWebViewApi( 3627): Unimplemented WebView method onKeyDown called from: android.webkit.WebView.onKeyDown(WebView.java:2169)
W/UnimplementedWebViewApi( 3627): Unimplemented WebView method onKeyDown called from: android.webkit.WebView.onKeyDown(WebView.java:2169)
I/Ads     ( 3627): Scheduling ad refresh 70000 milliseconds from now.
W/EGL_emulation( 3627): eglSurfaceAttrib not implemented 3093 12436
W/EGL_emulation( 3627): eglSurfaceAttrib not implemented 3093 12436
W/ViewRootImpl( 3627): Dropping event due to no window focus: KeyEvent { action=ACTION_DOWN, keyCode=KEYCODE_DPAD_RIGHT, scanCode=0, metaState=0, flags=0x8, repeatCount=0, eventTime=251142, downTime=251142, deviceId=-1, source=0x101 }
W/ViewRootImpl( 3627): Dropping event due to no window focus: KeyEvent { action=ACTION_DOWN, keyCode=KEYCODE_DPAD_UP, scanCode=0, metaState=0, flags=0x8, repeatCount=0, eventTime=251210, downTime=251210, deviceId=-1, source=0x101 }
W/ViewRootImpl( 3627): Dropping event due to no window focus: KeyEvent { action=ACTION_DOWN, keyCode=KEYCODE_DPAD_UP, scanCode=0, metaState=0, flags=0x8, repeatCount=0, eventTime=251212, downTime=251212, deviceId=-1, source=0x101 }
D/dalvikvm(  711): GC_CONCURRENT freed 2333K, 34% free 9706K/14604K, paused 2ms+2ms, total 14ms
D/dalvikvm(  711): WAIT_FOR_CONCURRENT_GC blocked 10ms
I/qtaguid (  711): Untagging socket 248 failed errno=-13
W/NetworkManagementSocketTagger(  711): untagSocket(248) failed with errno -13
W/ContextImpl(  481): Calling a method in the system process without a qualified user: android.app.ContextImpl.sendBroadcast:1123 com.android.server.InputMethodManagerService.hideCurrentInputLocked:1880 com.android.server.InputMethodManagerService.windowGainedFocus:1968 com.android.internal.view.IInputMethodManager$Stub.onTransact:221 com.android.server.InputMethodManagerService.onTransact:818 
W/ViewRootImpl( 3627): Dropping event due to no window focus: KeyEvent { action=ACTION_MULTIPLE, keyCode=KEYCODE_DPAD_DOWN, scanCode=0, metaState=0, flags=0x400, repeatCount=2, eventTime=251314, downTime=251314, deviceId=-1, source=0x101 }
W/ViewRootImpl( 3627): Dropping event due to no window focus: KeyEvent { action=ACTION_DOWN, keyCode=KEYCODE_DPAD_DOWN, scanCode=0, metaState=0, flags=0x400, repeatCount=0, eventTime=251314, downTime=251314, deviceId=-1, source=0x101 }
W/ViewRootImpl( 3627): Dropping event due to no window focus: KeyEvent { action=ACTION_DOWN, keyCode=KEYCODE_DPAD_DOWN, scanCode=0, metaState=0, flags=0x400, repeatCount=0, eventTime=251314, downTime=251314, deviceId=-1, source=0x101 }
W/ViewRootImpl( 3627): Dropping event due to no window focus: KeyEvent { action=ACTION_DOWN, keyCode=KEYCODE_DPAD_DOWN, scanCode=0, metaState=0, flags=0x400, repeatCount=0, eventTime=251314, downTime=251314, deviceId=-1, source=0x101 }
W/UnimplementedWebViewApi( 3627): Unimplemented WebView method onKeyMultiple called from: android.webkit.WebView.onKeyMultiple(WebView.java:2179)
W/UnimplementedWebViewApi( 3627): Unimplemented WebView method onKeyDown called from: android.webkit.WebView.onKeyDown(WebView.java:2169)
W/UnimplementedWebViewApi( 3627): Unimplemented WebView method onKeyMultiple called from: android.webkit.WebView.onKeyMultiple(WebView.java:2179)
W/UnimplementedWebViewApi( 3627): Unimplemented WebView method onKeyDown called from: android.webkit.WebView.onKeyDown(WebView.java:2169)
W/ViewRootImpl( 3627): Dropping event due to no window focus: KeyEvent { action=ACTION_DOWN, keyCode=KEYCODE_DPAD_CENTER, scanCode=0, metaState=0, flags=0x8, repeatCount=0, eventTime=251705, downTime=251705, deviceId=-1, source=0x101 }
I/ActivityManager(  481): START u0 {act=android.intent.action.MAIN cat=[android.intent.category.LAUNCHER] flg=0x10200000 cmp=com.andromo.dev462136.app489914/.Dashboard_000} from pid 3617
W/EGL_emulation( 3627): eglSurfaceAttrib not implemented 3093 12436
W/ViewRootImpl( 3627): Dropping event due to no window focus: KeyEvent { action=ACTION_DOWN, keyCode=KEYCODE_DPAD_CENTER, scanCode=0, metaState=0, flags=0x8, repeatCount=0, eventTime=251709, downTime=251709, deviceId=-1, source=0x101 }
W/InputEventReceiver( 3627): Attempted to finish an input event but the input event receiver has already been disposed.
W/InputEventReceiver( 3627): Attempted to finish an input event but the input event receiver has already been disposed.
W/InputEventReceiver( 3627): Attempted to finish an input event but the input event receiver has already been disposed.
W/InputEventReceiver( 3627): Attempted to finish an input event but the input event receiver has already been disposed.
W/ViewRootImpl( 3627): Dropping event due to root view being removed: MotionEvent { action=ACTION_DOWN, id[0]=0, x[0]=141.0, y[0]=598.0, toolType[0]=TOOL_TYPE_UNKNOWN, buttonState=0, metaState=0, flags=0x0, edgeFlags=0x0, pointerCount=1, historySize=0, eventTime=251774, downTime=251774, deviceId=0, source=0x1002 }
W/ViewRootImpl( 3627): Dropping event due to root view being removed: MotionEvent { action=ACTION_MOVE, id[0]=0, x[0]=97.65015, y[0]=558.7432, toolType[0]=TOOL_TYPE_UNKNOWN, buttonState=0, metaState=0, flags=0x0, edgeFlags=0x0, pointerCount=1, historySize=4, eventTime=251775, downTime=251774, deviceId=0, source=0x1002 }
W/ViewRootImpl( 3627): Dropping event due to root view being removed: MotionEvent { action=ACTION_UP, id[0]=0, x[0]=87.11728, y[0]=546.52515, toolType[0]=TOOL_TYPE_UNKNOWN, buttonState=0, metaState=0, flags=0x0, edgeFlags=0x0, pointerCount=1, historySize=0, eventTime=251775, downTime=251774, deviceId=0, source=0x1002 }
W/InputMethodManagerService(  481): Window already focused, ignoring focus gain of: com.android.internal.view.IInputMethodClient$Stub$Proxy@4a94ef9c attribute=null, token = android.os.BinderProxy@4aa00dc8
W/UnimplementedWebViewApi( 3627): Unimplemented WebView method onKeyMultiple called from: android.webkit.WebView.onKeyMultiple(WebView.java:2179)
W/UnimplementedWebViewApi( 3627): Unimplemented WebView method onKeyDown called from: android.webkit.WebView.onKeyDown(WebView.java:2169)
W/UnimplementedWebViewApi( 3627): Unimplemented WebView method onKeyMultiple called from: android.webkit.WebView.onKeyMultiple(WebView.java:2179)
W/UnimplementedWebViewApi( 3627): Unimplemented WebView method onKeyDown called from: android.webkit.WebView.onKeyDown(WebView.java:2169)
W/UnimplementedWebViewApi( 3627): Unimplemented WebView method onKeyMultiple called from: android.webkit.WebView.onKeyMultiple(WebView.java:2179)
W/UnimplementedWebViewApi( 3627): Unimplemented WebView method onKeyDown called from: android.webkit.WebView.onKeyDown(WebView.java:2169)
W/ViewRootImpl( 3627): Dropping event due to no window focus: KeyEvent { action=ACTION_DOWN, keyCode=KEYCODE_DPAD_DOWN, scanCode=0, metaState=0, flags=0x8, repeatCount=0, eventTime=252083, downTime=252083, deviceId=-1, source=0x101 }
W/EGL_emulation( 3627): eglSurfaceAttrib not implemented 3093 12436
W/InputEventReceiver( 3627): Attempted to finish an input event but the input event receiver has already been disposed.
W/InputEventReceiver( 3627): Attempted to finish an input event but the input event receiver has already been disposed.
W/UnimplementedWebViewApi( 3627): Unimplemented WebView method onKeyMultiple called from: android.webkit.WebView.onKeyMultiple(WebView.java:2179)
W/UnimplementedWebViewApi( 3627): Unimplemented WebView method onKeyDown called from: android.webkit.WebView.onKeyDown(WebView.java:2169)
W/ViewRootImpl( 3627): Dropping event due to no window focus: KeyEvent { action=ACTION_DOWN, keyCode=KEYCODE_DPAD_DOWN, scanCode=0, metaState=0, flags=0x8, repeatCount=0, eventTime=252113, downTime=252113, deviceId=-1, source=0x101 }
W/ViewRootImpl( 3627): Dropping event due to root view being removed: MotionEvent { action=ACTION_UP, id[0]=0, x[0]=-839.4793, y[0]=-4.8832855, toolType[0]=TOOL_TYPE_UNKNOWN, buttonState=0, metaState=0, flags=0x0, edgeFlags=0x0, pointerCount=1, historySize=0, eventTime=252144, downTime=252144, deviceId=0, source=0x1002 }
W/UnimplementedWebViewApi( 3627): Unimplemented WebView method onKeyDown called from: android.webkit.WebView.onKeyDown(WebView.java:2169)
W/InputMethodManagerService(  481): Window already focused, ignoring focus gain of: com.android.internal.view.IInputMethodClient$Stub$Proxy@4a92b230 attribute=null, token = android.os.BinderProxy@4aa00dc8
W/UnimplementedWebViewApi( 3627): Unimplemented WebView method onKeyDown called from: android.webkit.WebView.onKeyDown(WebView.java:2169)
V/PanelView(  533): animationTick called with dtms=0; nothing to do (h=0.0 v=-0.0)
W/UnimplementedWebViewApi( 3627): Unimplemented WebView method onKeyDown called from: android.webkit.WebView.onKeyDown(WebView.java:2169)
D/dalvikvm( 3627): GC_CONCURRENT freed 3434K, 25% free 10812K/14304K, paused 2ms+2ms, total 15ms
I/ActivityManager(  481): START u0 {act=android.intent.action.CALL_BUTTON flg=0x10000000} from pid 3627
W/PhoneFallbackEventHandler( 3627): No activity found for android.intent.action.CALL_BUTTON.
W/UnimplementedWebViewApi( 3627): Unimplemented WebView method onKeyDown called from: android.webkit.WebView.onKeyDown(WebView.java:2169)
W/UnimplementedWebViewApi( 3627): Unimplemented WebView method onKeyDown called from: android.webkit.WebView.onKeyDown(WebView.java:2169)
W/ViewRootImpl( 3627): Dropping event due to no window focus: KeyEvent { action=ACTION_DOWN, keyCode=KEYCODE_DPAD_DOWN, scanCode=0, metaState=0, flags=0x8, repeatCount=0, eventTime=252417, downTime=252417, deviceId=-1, source=0x101 }
W/ViewRootImpl( 3627): Dropping event due to no window focus: KeyEvent { action=ACTION_DOWN, keyCode=KEYCODE_MENU, scanCode=0, metaState=0, flags=0x8, repeatCount=0, eventTime=252440, downTime=252440, deviceId=-1, source=0x101 }
W/EGL_emulation( 3627): eglSurfaceAttrib not implemented 3093 12436
W/ViewRootImpl( 3627): Dropping event due to no window focus: KeyEvent { action=ACTION_DOWN, keyCode=KEYCODE_DPAD_DOWN, scanCode=0, metaState=0, flags=0x8, repeatCount=0, eventTime=252445, downTime=252445, deviceId=-1, source=0x101 }
W/InputEventReceiver( 3627): Attempted to finish an input event but the input event receiver has already been disposed.
W/InputEventReceiver( 3627): Attempted to finish an input event but the input event receiver has already been disposed.
W/InputEventReceiver( 3627): Attempted to finish an input event but the input event receiver has already been disposed.
W/InputEventReceiver( 3627): Attempted to finish an input event but the input event receiver has already been disposed.
W/InputEventReceiver( 3627): Attempted to finish an input event but the input event receiver has already been disposed.
W/InputEventReceiver( 3627): Attempted to finish an input event but the input event receiver has already been disposed.
W/InputManager(  481): Input event injection from pid 3617 failed.
W/ViewRootImpl( 3627): Dropping event due to root view being removed: MotionEvent { action=ACTION_MOVE, id[0]=0, x[0]=-739.84644, y[0]=23.463966, toolType[0]=TOOL_TYPE_UNKNOWN, buttonState=0, metaState=0, flags=0x0, edgeFlags=0x0, pointerCount=1, historySize=1, eventTime=252459, downTime=252458, deviceId=0, source=0x1002 }
W/InputManager(  481): Input event injection from pid 3617 failed.
W/InputManager(  481): Input event injection from pid 3617 failed.
W/ViewRootImpl( 3627): Dropping event due to root view being removed: MotionEvent { action=ACTION_UP, id[0]=0, x[0]=-752.32654, y[0]=43.666763, toolType[0]=TOOL_TYPE_UNKNOWN, buttonState=0, metaState=0, flags=0x0, edgeFlags=0x0, pointerCount=1, historySize=0, eventTime=252459, downTime=252458, deviceId=0, source=0x1002 }
W/ViewRootImpl( 3627): Dropping event due to root view being removed: MotionEvent { action=ACTION_DOWN, id[0]=0, x[0]=-515.0, y[0]=249.0, toolType[0]=TOOL_TYPE_UNKNOWN, buttonState=0, metaState=0, flags=0x0, edgeFlags=0x0, pointerCount=1, historySize=0, eventTime=252460, downTime=252460, deviceId=0, source=0x1002 }
W/InputManager(  481): Input event injection from pid 3617 failed.
W/InputManager(  481): Input event injection from pid 3617 failed.
W/ViewRootImpl( 3627): Dropping event due to root view being removed: MotionEvent { action=ACTION_MOVE, id[0]=0, x[0]=-482.99936, y[0]=254.95822, toolType[0]=TOOL_TYPE_UNKNOWN, buttonState=0, metaState=0, flags=0x0, edgeFlags=0x0, pointerCount=1, historySize=3, eventTime=252460, downTime=252460, deviceId=0, source=0x1002 }
W/InputManager(  481): Input event injection from pid 3617 failed.
W/ViewRootImpl( 3627): Dropping event due to root view being removed: MotionEvent { action=ACTION_UP, id[0]=0, x[0]=-467.0158, y[0]=255.74649, toolType[0]=TOOL_TYPE_UNKNOWN, buttonState=0, metaState=0, flags=0x0, edgeFlags=0x0, pointerCount=1, historySize=0, eventTime=252461, downTime=252460, deviceId=0, source=0x1002 }
W/InputManager(  481): Input event injection from pid 3617 failed.
W/InputManager(  481): Input event injection from pid 3617 failed.
W/InputMethodManagerService(  481): Window already focused, ignoring focus gain of: com.android.internal.view.IInputMethodClient$Stub$Proxy@4abc8f44 attribute=android.view.inputmethod.EditorInfo@4aca2cdc, token = android.os.BinderProxy@4aa00dc8
I/SnapScrollController( 3627): setSnapScrollingMode case-default no-op
I/SnapScrollController( 3627): setSnapScrollingMode case-default no-op
I/ActivityManager(  481): START u0 {flg=0x10080000 cmp=com.andromo.dev462136.app489914/com.google.android.gms.ads.AdActivity (has extras)} from pid 3627
W/UnimplementedWebViewApi( 3627): Unimplemented WebView method onKeyMultiple called from: android.webkit.WebView.onKeyMultiple(WebView.java:2179)
W/UnimplementedWebViewApi( 3627): Unimplemented WebView method onKeyDown called from: android.webkit.WebView.onKeyDown(WebView.java:2169)
D/DynamitePackage( 3627): Instantiating com.google.android.gms.ads.ChimeraAdOverlayCreatorImpl
I/Ads     ( 3627): Ad opening.
I/Ads     ( 3627): Ad leaving application.
I/ActivityManager(  481): START u0 {act=android.intent.action.VIEW dat=https://adclick.g.doubleclick.net/aclk?fbs_aeid=-431915599346532352&sa=l&ai=CBebcrtPWWpnnHoSRigOZpofQCvTn1JxRnZbBycMGtJAfEAEg9qzvKWDJ3uiGyKOQGaABrvy7jwPIAQmoAwHIA4oEqgTjAU_Q-bq9wZTZ5nMHEXFrMZYEv5MBAtABtnY7wVcEepwHG464TqBJANE2-QgJ5HptAJNCFWJqmBAXuiHPAd4E68fW1I66SPe0yxCK_8BCJ2-c6ZD481dqN9JrUbWOQcNnOVPJCvIEka6PiiUszylyurLE68EvDB2CC3KJJHBDycqNyJh3102wtNvNgPBSRB5EjWG7UqppfpnyO03Y08PI4xKmIM7P7dzM7DH-9ZB6FTDqBMHN_c4NGTpzDw2sCWWCFc90On66OPdDcbLCgWfFiDEvzf2Qvw-kKvT1_JaPAgXSFMGzwASD9rnEyQGIBZm7mfIDkAYBoAYu2AYCgAe6g8RwmAcBqAeOzhuoB9XJG6gH98wbqAfZyxuoB6a-G9gHAKAIsOapBLAIAtIIBwiAYRABGAKxCfjOFatDfaftgAoC2BMCghQuGixtb2JpbGVhcHA6OjItY29tLmFuZHJvbW8uZGV2NDYyMTM2LmFwcDQ4OTkxNA&num=1&cid=CAASUeRomJln_yj3rawZ7IrKfH0Cp1ORaXWnqhYDvPfkpCEIyIUG34UlX7LyQEiawZ6Pdmk3onn3BW3NVpm0N52jICfnbGLjlhnYeqEbB0ya1kWIiQ&sig=AOD64_02LblZnDM7SAFpCpa6xGqHKJzIkg&client=ca-app-pub-9808864480203382&nx=121&ny=38&mb=1&nb=2&ms=CoACY-E9qkbWlYMXoXFlStYCUDLw23iaNEzhCXfXrKCGps4nx3sI_2M57mmYUb4PFy7dW44E1QF7agmG5zE_xhMujR4JS9QDEZbHfQ9BcAii6a-ukfqJrAIv3qlvgWctc6WQ2fwo5uKKp2O3W2S8jsb9bdUgphXviU6h1OSPnkR93_jxPtLesvmmVsT1tTLJIMYMg-Nox28ZG1vNEmpykKWi7GT1ewyIhO2hONgAPKanIZOSBWmog2igSBXdknOoGybHJJ3vCUYyOhBCzpvNZbXaPIdMtPHeUUxHq3875OZYgUjw_DRz5BqXE1QVEKBD9RJ77GuqRVN1wr06r_n47uniugqAAqwPs_H7u9pMh03F565nPgPM9d56xCqTjEpL4M2eYtH99JwxCHq59KlHqhr0lFXgJNITgPeiigVN_ZwoMMGBVrRbB998I2djfcPbx3IyU5SGPx5e-6l5c9aPrPHC-04Xeie1WuBU7PYhBvgYkLr9oKUMvGa9ZPcdfwtBATalxTb_eNvruKoe_LWyPy2S9Ph0WVMQpMKY3bTyqv3XV5k8nEKnuK3oRtoWwGQYk0c4Yco87HOEqk6b31djzE-KDxlnA6nNfOXZ9uFutNVULSUb3pU_ddq0QeVpYDxSJfyfi3xXX0OdDR7o093o3T2X-Y9YgN2hSlkmFh0WVOXzqYWtMSMSEGcmzPtOEJgD8kDm4ty_ky4&adurl=http://nucific.com/3harmfulfoods/index_bt_m.php flg=0x10000000 cmp=com.android.browser/.BrowserActivity (has extras)} from pid 3627
W/EGL_emulation( 3627): eglSurfaceAttrib not implemented 3093 12436
W/ViewRootImpl( 3627): Dropping event due to no window focus: KeyEvent { action=ACTION_DOWN, keyCode=KEYCODE_DPAD_CENTER, scanCode=0, metaState=0, flags=0x8, repeatCount=0, eventTime=252720, downTime=252720, deviceId=-1, source=0x101 }
W/ViewRootImpl( 3627): Dropping event due to no window focus: KeyEvent { action=ACTION_DOWN, keyCode=KEYCODE_F2, scanCode=0, metaState=0, flags=0x8, repeatCount=0, eventTime=252731, downTime=252731, deviceId=-1, source=0x101 }
W/ViewRootImpl( 3627): Dropping event due to no window focus: KeyEvent { action=ACTION_DOWN, keyCode=KEYCODE_NUM_LOCK, scanCode=0, metaState=0, flags=0x8, repeatCount=0, eventTime=252732, downTime=252732, deviceId=-1, source=0x101 }
W/ViewRootImpl( 3627): Dropping event due to no window focus: KeyEvent { action=ACTION_DOWN, keyCode=KEYCODE_DPAD_CENTER, scanCode=0, metaState=0, flags=0x8, repeatCount=0, eventTime=252737, downTime=252737, deviceId=-1, source=0x101 }
W/ViewRootImpl( 3627): Dropping event due to no window focus: KeyEvent { action=ACTION_DOWN, keyCode=KEYCODE_DPAD_RIGHT, scanCode=0, metaState=0, flags=0x8, repeatCount=0, eventTime=252740, downTime=252740, deviceId=-1, source=0x101 }
I/ActivityManager(  481): Displayed com.andromo.dev462136.app489914/com.google.android.gms.ads.AdActivity: +119ms
I/ActivityManager(  481): START u0 {act=android.intent.action.MAIN cat=[android.intent.category.LAUNCHER] flg=0x10000000 sel={act=android.intent.action.MAIN cat=[android.intent.category.APP_CALENDAR]}} from pid 481
W/ContextImpl(  481): Calling a method in the system process without a qualified user: android.app.ContextImpl.sendBroadcast:1123 com.android.server.InputMethodManagerService.hideCurrentInputLocked:1880 com.android.server.InputMethodManagerService.windowGainedFocus:1968 com.android.internal.view.IInputMethodManager$Stub.onTransact:221 com.android.server.InputMethodManagerService.onTransact:818 
V/FlingTracker(  533): computeCurrentVelocity warning: totalweight=0
V/FlingTracker(  533): java.lang.Throwable
V/FlingTracker(  533): 	at com.android.systemui.statusbar.phone.PanelView$FlingTracker.computeCurrentVelocity(PanelView.java:162)
V/FlingTracker(  533): 	at com.android.systemui.statusbar.phone.PanelView$3.onTouch(PanelView.java:462)
V/FlingTracker(  533): 	at android.view.View.dispatchTouchEvent(View.java:7701)
V/FlingTracker(  533): 	at com.android.systemui.statusbar.phone.NotificationPanelView.onTouchEvent(NotificationPanelView.java:138)
V/FlingTracker(  533): 	at com.android.systemui.statusbar.phone.PanelBar.onTouchEvent(PanelBar.java:130)
V/FlingTracker(  533): 	at com.android.systemui.statusbar.phone.PhoneStatusBarView.onTouchEvent(PhoneStatusBarView.java:201)
V/FlingTracker(  533): 	at android.view.View.dispatchTouchEvent(View.java:7706)
V/FlingTracker(  533): 	at android.view.ViewGroup.dispatchTransformedTouchEvent(ViewGroup.java:2210)
V/FlingTracker(  533): 	at android.view.ViewGroup.dispatchTouchEvent(ViewGroup.java:1945)
V/FlingTracker(  533): 	at android.view.ViewGroup.dispatchTransformedTouchEvent(ViewGroup.java:2216)
V/FlingTracker(  533): 	at android.view.ViewGroup.dispatchTouchEvent(ViewGroup.java:1959)
V/FlingTracker(  533): 	at android.view.View.dispatchPointerEvent(View.java:7886)
V/FlingTracker(  533): 	at android.view.ViewRootImpl$ViewPostImeInputStage.processPointerEvent(ViewRootImpl.java:3978)
V/FlingTracker(  533): 	at android.view.ViewRootImpl$ViewPostImeInputStage.onProcess(ViewRootImpl.java:3857)
V/FlingTracker(  533): 	at android.view.ViewRootImpl$InputStage.deliver(ViewRootImpl.java:3423)
V/FlingTracker(  533): 	at android.view.ViewRootImpl$InputStage.onDeliverToNext(ViewRootImpl.java:3473)
V/FlingTracker(  533): 	at android.view.ViewRootImpl$InputStage.forward(ViewRootImpl.java:3442)
V/FlingTracker(  533): 	at android.view.ViewRootImpl$AsyncInputStage.forward(ViewRootImpl.java:3549)
V/FlingTracker(  533): 	at android.view.ViewRootImpl$InputStage.apply(ViewRootImpl.java:3450)
V/FlingTracker(  533): 	at android.view.ViewRootImpl$AsyncInputStage.apply(ViewRootImpl.java:3606)
V/FlingTracker(  533): 	at android.view.ViewRootImpl$InputStage.deliver(ViewRootImpl.java:3423)
V/FlingTracker(  533): 	at android.view.ViewRootImpl$InputStage.onDeliverToNext(ViewRootImpl.java:3473)
V/FlingTracker(  533): 	at android.view.ViewRootImpl$InputStage.forward(ViewRootImpl.java:3442)
V/FlingTracker(  533): 	at android.view.ViewRootImpl$InputStage.apply(ViewRootImpl.java:3450)
V/FlingTracker(  533): 	at android.view.ViewRootImpl$InputStage.deliver(ViewRootImpl.java:3423)
V/FlingTracker(  533): 	at android.view.ViewRootImpl.deliverInputEvent(ViewRootImpl.java:5626)
V/FlingTracker(  533): 	at android.view.ViewRootImpl.doProcessInputEvents(ViewRootImpl.java:5606)
V/FlingTracker(  533): 	at android.view.ViewRootImpl.enqueueInputEvent(ViewRootImpl.java:5577)
V/FlingTracker(  533): 	at android.view.ViewRootImpl$WindowInputEventReceiver.onInputEvent(ViewRootImpl.java:5706)
V/FlingTracker(  533): 	at android.view.InputEventReceiver.dispatchInputEvent(InputEventReceiver.java:185)
V/FlingTracker(  533): 	at android.os.MessageQueue.nativePollOnce(Native Method)
V/FlingTracker(  533): 	at android.os.MessageQueue.next(MessageQueue.java:138)
V/FlingTracker(  533): 	at android.os.Looper.loop(Looper.java:123)
V/FlingTracker(  533): 	at android.app.ActivityThread.main(ActivityThread.java:5019)
V/FlingTracker(  533): 	at java.lang.reflect.Method.invokeNative(Native Method)
V/FlingTracker(  533): 	at java.lang.reflect.Method.invoke(Method.java:515)
V/FlingTracker(  533): 	at com.android.internal.os.ZygoteInit$MethodAndArgsCaller.run(ZygoteInit.java:779)
V/FlingTracker(  533): 	at com.android.internal.os.ZygoteInit.main(ZygoteInit.java:595)
V/FlingTracker(  533): 	at dalvik.system.NativeStart.main(Native Method)
V/PanelView(  533): animationTick called with dtms=0; nothing to do (h=0.0 v=0.0)
W/ViewRootImpl( 3627): Dropping event due to no window focus: KeyEvent { action=ACTION_DOWN, keyCode=KEYCODE_DPAD_RIGHT, scanCode=0, metaState=0, flags=0x8, repeatCount=0, eventTime=253019, downTime=253019, deviceId=-1, source=0x101 }
W/EGL_emulation( 3627): eglSurfaceAttrib not implemented 3093 12436
W/ViewRootImpl( 3627): Dropping event due to no window focus: KeyEvent { action=ACTION_DOWN, keyCode=KEYCODE_DPAD_DOWN, scanCode=0, metaState=0, flags=0x8, repeatCount=0, eventTime=253024, downTime=253024, deviceId=-1, source=0x101 }
W/ViewRootImpl( 3627): Dropping event due to no window focus: KeyEvent { action=ACTION_DOWN, keyCode=KEYCODE_MENU, scanCode=0, metaState=0, flags=0x8, repeatCount=0, eventTime=253059, downTime=253059, deviceId=-1, source=0x101 }
I/ActivityManager(  481): START u0 {act=android.intent.action.MAIN cat=[android.intent.category.LAUNCHER] flg=0x10200000 cmp=com.andromo.dev462136.app489914/.Dashboard_000} from pid 3617
W/InputMethodManagerService(  481): Window already focused, ignoring focus gain of: com.android.internal.view.IInputMethodClient$Stub$Proxy@4a90947c attribute=null, token = android.os.BinderProxy@4acad638
I/Ads     ( 3627): Ad closing.
I/Ads     ( 3627): Scheduling ad refresh 70000 milliseconds from now.
V/PanelView(  533): animationTick called with dtms=0; nothing to do (h=0.0 v=0.0)
D/dalvikvm(  616): GC_CONCURRENT freed 388K, 14% free 2853K/3300K, paused 0ms+0ms, total 2ms
W/ViewRootImpl( 3627): Dropping event due to no window focus: KeyEvent { action=ACTION_DOWN, keyCode=KEYCODE_DPAD_UP, scanCode=0, metaState=0, flags=0x8, repeatCount=0, eventTime=253137, downTime=253137, deviceId=-1, source=0x101 }
W/ContextImpl(  481): Calling a method in the system process without a qualified user: android.app.ContextImpl.sendBroadcast:1123 com.android.server.InputMethodManagerService.hideCurrentInputLocked:1880 com.android.server.InputMethodManagerService.windowGainedFocus:1968 com.android.internal.view.IInputMethodManager$Stub.onTransact:221 com.android.server.InputMethodManagerService.onTransact:818 
W/ViewRootImpl( 3627): Dropping event due to no window focus: KeyEvent { action=ACTION_DOWN, keyCode=KEYCODE_DPAD_DOWN, scanCode=0, metaState=0, flags=0x400, repeatCount=0, eventTime=253144, downTime=253144, deviceId=-1, source=0x101 }
W/ViewRootImpl( 3627): Dropping event due to no window focus: KeyEvent { action=ACTION_DOWN, keyCode=KEYCODE_DPAD_DOWN, scanCode=0, metaState=0, flags=0x400, repeatCount=0, eventTime=253144, downTime=253144, deviceId=-1, source=0x101 }
W/ViewRootImpl( 3627): Dropping event due to no window focus: KeyEvent { action=ACTION_DOWN, keyCode=KEYCODE_DPAD_DOWN, scanCode=0, metaState=0, flags=0x400, repeatCount=0, eventTime=253144, downTime=253144, deviceId=-1, source=0x101 }
W/ViewRootImpl( 3627): Dropping event due to no window focus: KeyEvent { action=ACTION_DOWN, keyCode=KEYCODE_DPAD_DOWN, scanCode=0, metaState=0, flags=0x400, repeatCount=0, eventTime=253144, downTime=253144, deviceId=-1, source=0x101 }
W/EGL_emulation( 2623): eglSurfaceAttrib not implemented 3093 12436
W/WindowManager(  481): Force-removing child win Window{4a9f1174 u0 AtchDlg:com.andromo.dev462136.app489914/com.google.android.gms.ads.AdActivity EXITING} from container Window{4aa2b1d4 u0 com.andromo.dev462136.app489914/com.google.android.gms.ads.AdActivity}
W/UnimplementedWebViewApi( 3627): Unimplemented WebView method onKeyDown called from: android.webkit.WebView.onKeyDown(WebView.java:2169)
W/UnimplementedWebViewApi( 3627): Unimplemented WebView method onKeyDown called from: android.webkit.WebView.onKeyDown(WebView.java:2169)
W/ViewRootImpl( 3627): Dropping event due to no window focus: KeyEvent { action=ACTION_DOWN, keyCode=KEYCODE_PROG_YELLOW, scanCode=0, metaState=0, flags=0x8, repeatCount=0, eventTime=253398, downTime=253398, deviceId=-1, source=0x101 }
W/ViewRootImpl( 3627): Dropping event due to no window focus: KeyEvent { action=ACTION_DOWN, keyCode=KEYCODE_DPAD_LEFT, scanCode=0, metaState=0, flags=0x8, repeatCount=0, eventTime=253429, downTime=253429, deviceId=-1, source=0x101 }
W/EGL_emulation( 3627): eglSurfaceAttrib not implemented 3093 12436
I/SnapScrollController( 3627): setSnapScrollingMode case-default no-op
I/SnapScrollController( 3627): setSnapScrollingMode case-default no-op
W/ViewRootImpl( 3627): Dropping event due to no window focus: KeyEvent { action=ACTION_DOWN, keyCode=KEYCODE_MENU, scanCode=0, metaState=0, flags=0x8, repeatCount=0, eventTime=253433, downTime=253433, deviceId=-1, source=0x101 }
W/InputEventReceiver( 3627): Attempted to finish an input event but the input event receiver has already been disposed.
W/InputEventReceiver( 3627): Attempted to finish an input event but the input event receiver has already been disposed.
W/ViewRootImpl( 3627): Dropping event due to root view being removed: MotionEvent { action=ACTION_MOVE, id[0]=0, x[0]=-1.0, y[0]=0.0, toolType[0]=TOOL_TYPE_UNKNOWN, buttonState=0, metaState=0, flags=0x0, edgeFlags=0x0, pointerCount=1, historySize=3, eventTime=253499, downTime=-1, deviceId=0, source=0x10004 }
W/InputMethodManagerService(  481): Window already focused, ignoring focus gain of: com.android.internal.view.IInputMethodClient$Stub$Proxy@4a8244e0 attribute=null, token = android.os.BinderProxy@4aa00dc8
W/UnimplementedWebViewApi( 3627): Unimplemented WebView method onKeyMultiple called from: android.webkit.WebView.onKeyMultiple(WebView.java:2179)
W/UnimplementedWebViewApi( 3627): Unimplemented WebView method onKeyDown called from: android.webkit.WebView.onKeyDown(WebView.java:2169)
W/UnimplementedWebViewApi( 3627): Unimplemented WebView method onKeyDown called from: android.webkit.WebView.onKeyDown(WebView.java:2169)
W/ViewRootImpl( 3627): Dropping event due to no window focus: KeyEvent { action=ACTION_DOWN, keyCode=KEYCODE_DPAD_UP, scanCode=0, metaState=0, flags=0x8, repeatCount=0, eventTime=253610, downTime=253610, deviceId=-1, source=0x101 }
W/EGL_emulation( 3627): eglSurfaceAttrib not implemented 3093 12436
W/ViewRootImpl( 3627): Dropping event due to no window focus: KeyEvent { action=ACTION_DOWN, keyCode=KEYCODE_MEDIA_STOP, scanCode=0, metaState=0, flags=0x8, repeatCount=0, eventTime=253613, downTime=253613, deviceId=-1, source=0x101 }
W/ViewRootImpl( 3627): Dropping event due to no window focus: KeyEvent { action=ACTION_DOWN, keyCode=KEYCODE_NUMPAD_LEFT_PAREN, scanCode=0, metaState=0, flags=0x8, repeatCount=0, eventTime=253694, downTime=253694, deviceId=-1, source=0x101 }
W/InputEventReceiver( 3627): Attempted to finish an input event but the input event receiver has already been disposed.
W/UnimplementedWebViewApi( 3627): Unimplemented WebView method onKeyDown called from: android.webkit.WebView.onKeyDown(WebView.java:2169)
W/InputMethodManagerService(  481): Window already focused, ignoring focus gain of: com.android.internal.view.IInputMethodClient$Stub$Proxy@4a9b62b4 attribute=null, token = android.os.BinderProxy@4aa00dc8
I/qtaguid (  711): Tagging socket 124 with tag 3000020000000000(805306880) for uid 10007 failed errno=-13
I/NetworkManagementSocketTagger(  711): tagSocketFd(124, 805306880, 10007) failed with errno-13
I/qtaguid (  711): Tagging socket 169 with tag 3000020000000000(805306880) for uid 10007 failed errno=-13
I/NetworkManagementSocketTagger(  711): tagSocketFd(169, 805306880, 10007) failed with errno-13
I/qtaguid (  711): Untagging socket 169 failed errno=-13
W/NetworkManagementSocketTagger(  711): untagSocket(169) failed with errno -13
I/qtaguid (  711): Tagging socket 169 with tag 3000020000000000(805306880) for uid 10007 failed errno=-13
I/NetworkManagementSocketTagger(  711): tagSocketFd(169, 805306880, 10007) failed with errno-13
I/qtaguid (  711): Untagging socket 169 failed errno=-13
W/NetworkManagementSocketTagger(  711): untagSocket(169) failed with errno -13
I/qtaguid (  711): Tagging socket 169 with tag 3000020000000000(805306880) for uid 10007 failed errno=-13
I/NetworkManagementSocketTagger(  711): tagSocketFd(169, 805306880, 10007) failed with errno-13
I/qtaguid (  711): Untagging socket 169 failed errno=-13
W/NetworkManagementSocketTagger(  711): untagSocket(169) failed with errno -13
I/qtaguid (  711): Tagging socket 169 with tag 3000020000000000(805306880) for uid 10007 failed errno=-13
I/NetworkManagementSocketTagger(  711): tagSocketFd(169, 805306880, 10007) failed with errno-13
I/qtaguid (  711): Untagging socket 169 failed errno=-13
W/NetworkManagementSocketTagger(  711): untagSocket(169) failed with errno -13
I/qtaguid (  711): Tagging socket 169 with tag 3000020000000000(805306880) for uid 10007 failed errno=-13
I/NetworkManagementSocketTagger(  711): tagSocketFd(169, 805306880, 10007) failed with errno-13
I/qtaguid (  711): Untagging socket 169 failed errno=-13
W/NetworkManagementSocketTagger(  711): untagSocket(169) failed with errno -13
I/qtaguid (  711): Tagging socket 169 with tag 3000020000000000(805306880) for uid 10007 failed errno=-13
I/NetworkManagementSocketTagger(  711): tagSocketFd(169, 805306880, 10007) failed with errno-13
I/qtaguid (  711): Untagging socket 169 failed errno=-13
W/NetworkManagementSocketTagger(  711): untagSocket(169) failed with errno -13
W/ViewRootImpl( 3627): Dropping event due to no window focus: KeyEvent { action=ACTION_DOWN, keyCode=KEYCODE_DPAD_LEFT, scanCode=0, metaState=0, flags=0x8, repeatCount=0, eventTime=253815, downTime=253815, deviceId=-1, source=0x101 }
W/EGL_emulation( 3627): eglSurfaceAttrib not implemented 3093 12436
W/ViewRootImpl( 3627): Dropping event due to no window focus: KeyEvent { action=ACTION_DOWN, keyCode=KEYCODE_DPAD_LEFT, scanCode=0, metaState=0, flags=0x8, repeatCount=0, eventTime=253843, downTime=253843, deviceId=-1, source=0x101 }
I/qtaguid (  711): Untagging socket 124 failed errno=-13
W/NetworkManagementSocketTagger(  711): untagSocket(124) failed with errno -13
V/PanelView(  533): animationTick called with dtms=0; nothing to do (h=0.0 v=0.0)
W/InputEventReceiver( 3627): Attempted to finish an input event but the input event receiver has already been disposed.
W/InputEventReceiver( 3627): Attempted to finish an input event but the input event receiver has already been disposed.
W/ViewRootImpl( 3627): Dropping event due to root view being removed: MotionEvent { action=ACTION_UP, id[0]=0, x[0]=-169.83826, y[0]=247.2508, toolType[0]=TOOL_TYPE_UNKNOWN, buttonState=0, metaState=0, flags=0x0, edgeFlags=0x0, pointerCount=1, historySize=0, eventTime=253926, downTime=253925, deviceId=0, source=0x1002 }
W/InputMethodManagerService(  481): Window already focused, ignoring focus gain of: com.android.internal.view.IInputMethodClient$Stub$Proxy@4aa36444 attribute=null, token = android.os.BinderProxy@4aa00dc8
W/UnimplementedWebViewApi( 3627): Unimplemented WebView method onKeyDown called from: android.webkit.WebView.onKeyDown(WebView.java:2169)
W/ViewRootImpl( 3627): Dropping event due to no window focus: KeyEvent { action=ACTION_DOWN, keyCode=KEYCODE_DPAD_CENTER, scanCode=0, metaState=0, flags=0x8, repeatCount=0, eventTime=254009, downTime=254009, deviceId=-1, source=0x101 }
W/ViewRootImpl( 3627): Dropping event due to no window focus: KeyEvent { action=ACTION_DOWN, keyCode=KEYCODE_MENU, scanCode=0, metaState=0, flags=0x8, repeatCount=0, eventTime=254010, downTime=254010, deviceId=-1, source=0x101 }
W/ViewRootImpl( 3627): Dropping event due to no window focus: KeyEvent { action=ACTION_DOWN, keyCode=KEYCODE_DPAD_LEFT, scanCode=0, metaState=0, flags=0x8, repeatCount=0, eventTime=254010, downTime=254010, deviceId=-1, source=0x101 }
W/ViewRootImpl( 3627): Dropping event due to no window focus: KeyEvent { action=ACTION_DOWN, keyCode=KEYCODE_DPAD_RIGHT, scanCode=0, metaState=0, flags=0x8, repeatCount=0, eventTime=254012, downTime=254012, deviceId=-1, source=0x101 }
W/ViewRootImpl( 3627): Dropping event due to no window focus: KeyEvent { action=ACTION_DOWN, keyCode=KEYCODE_DPAD_RIGHT, scanCode=0, metaState=0, flags=0x8, repeatCount=0, eventTime=254013, downTime=254013, deviceId=-1, source=0x101 }
W/EGL_emulation( 3627): eglSurfaceAttrib not implemented 3093 12436
W/InputEventReceiver( 3627): Attempted to finish an input event but the input event receiver has already been disposed.
W/InputMethodManagerService(  481): Window already focused, ignoring focus gain of: com.android.internal.view.IInputMethodClient$Stub$Proxy@4aa96d74 attribute=android.view.inputmethod.EditorInfo@4aa33ffc, token = android.os.BinderProxy@4aa00dc8
W/UnimplementedWebViewApi( 3627): Unimplemented WebView method onKeyMultiple called from: android.webkit.WebView.onKeyMultiple(WebView.java:2179)
W/UnimplementedWebViewApi( 3627): Unimplemented WebView method onKeyDown called from: android.webkit.WebView.onKeyDown(WebView.java:2169)
W/ViewRootImpl( 3627): Dropping event due to no window focus: KeyEvent { action=ACTION_DOWN, keyCode=KEYCODE_MENU, scanCode=0, metaState=0, flags=0x8, repeatCount=0, eventTime=254404, downTime=254404, deviceId=-1, source=0x101 }
W/ViewRootImpl( 3627): Dropping event due to no window focus: KeyEvent { action=ACTION_DOWN, keyCode=KEYCODE_DPAD_CENTER, scanCode=0, metaState=0, flags=0x8, repeatCount=0, eventTime=254446, downTime=254446, deviceId=-1, source=0x101 }
I/SnapScrollController( 3627): setSnapScrollingMode case-default no-op
I/SnapScrollController( 3627): setSnapScrollingMode case-default no-op
D/dalvikvm( 2623): GC_FOR_ALLOC freed 3671K, 44% free 4889K/8620K, paused 1ms, total 1ms
I/dalvikvm-heap( 2623): Grow heap (frag case) to 6.808MB for 2073612-byte allocation
D/dalvikvm( 2623): GC_FOR_ALLOC freed 6K, 20% free 6907K/8620K, paused 3ms, total 3ms
D/dalvikvm( 2623): GC_CONCURRENT freed <1K, 20% free 6907K/8620K, paused 0ms+0ms, total 3ms
D/dalvikvm(  481): GC_FOR_ALLOC freed 1265K, 31% free 10748K/15364K, paused 10ms, total 10ms
I/dalvikvm-heap(  481): Grow heap (frag case) to 12.537MB for 2073612-byte allocation
D/dalvikvm(  481): GC_FOR_ALLOC freed 67K, 27% free 12706K/17392K, paused 7ms, total 7ms
D/dalvikvm(  481): GC_CONCURRENT freed 131K, 28% free 12589K/17392K, paused 3ms+2ms, total 18ms
D/dalvikvm(  481): WAIT_FOR_CONCURRENT_GC blocked 9ms
I/dalvikvm-heap(  481): Grow heap (frag case) to 14.334MB for 2073612-byte allocation
W/EGL_emulation( 3627): eglSurfaceAttrib not implemented 3093 12436
D/dalvikvm(  481): GC_FOR_ALLOC freed 61K, 26% free 14553K/19420K, paused 13ms, total 13ms
D/dalvikvm(  533): GC_FOR_ALLOC freed 1035K, 52% free 6523K/13360K, paused 2ms, total 2ms
I/dalvikvm-heap(  533): Grow heap (frag case) to 8.407MB for 2073612-byte allocation
D/dalvikvm(  533): GC_FOR_ALLOC freed <1K, 37% free 8547K/13360K, paused 4ms, total 4ms
D/dalvikvm(  533): GC_CONCURRENT freed 0K, 37% free 8548K/13360K, paused 1ms+0ms, total 5ms
W/ContextImpl(  481): Calling a method in the system process without a qualified user: android.app.ContextImpl.sendBroadcast:1123 com.android.server.NotificationManagerService$6.run:1838 android.os.Handler.handleCallback:733 android.os.Handler.dispatchMessage:95 android.os.Looper.loop:136 
D/dalvikvm(  481): GC_FOR_ALLOC freed 14K, 26% free 14560K/19420K, paused 10ms, total 10ms
I/dalvikvm-heap(  481): Grow heap (frag case) to 16.258MB for 2073612-byte allocation
D/dalvikvm(  481): GC_FOR_ALLOC freed 1K, 23% free 16583K/21448K, paused 20ms, total 20ms
I/iu.UploadsManager(  711): End new media; added: 1, uploading: 0, time: 82 ms
I/ActivityManager(  481): START u0 {flg=0x4000000 cmp=com.andromo.dev462136.app489914/.AndromoPreferencesActivity} from pid 3627
W/InputEventReceiver( 3627): Attempted to finish an input event but the input event receiver has already been disposed.
W/ViewRootImpl( 3627): Dropping event due to root view being removed: MotionEvent { action=ACTION_MOVE, id[0]=0, x[0]=-1.0, y[0]=4.0, toolType[0]=TOOL_TYPE_UNKNOWN, buttonState=0, metaState=0, flags=0x0, edgeFlags=0x0, pointerCount=1, historySize=0, eventTime=254619, downTime=-1, deviceId=0, source=0x10004 }
D/dalvikvm(  481): GC_FOR_ALLOC freed 2049K, 32% free 14675K/21448K, paused 21ms, total 21ms
D/dalvikvm(  481): GC_FOR_ALLOC freed 7K, 23% free 16699K/21448K, paused 14ms, total 15ms
I/dalvikvm-heap(  481): Grow heap (frag case) to 18.347MB for 2073612-byte allocation
D/dalvikvm(  481): GC_FOR_ALLOC freed <1K, 21% free 18723K/23476K, paused 15ms, total 15ms
D/dalvikvm(  533): GC_FOR_ALLOC freed 2270K, 46% free 7227K/13360K, paused 7ms, total 7ms
I/dalvikvm-heap(  533): Grow heap (frag case) to 9.094MB for 2073612-byte allocation
D/dalvikvm(  533): GC_FOR_ALLOC freed 1K, 31% free 9250K/13360K, paused 3ms, total 3ms
D/dalvikvm(  533): GC_CONCURRENT freed 8K, 31% free 9245K/13360K, paused 0ms+0ms, total 4ms
D/dalvikvm(  481): GC_FOR_ALLOC freed 1K, 20% free 18836K/23476K, paused 19ms, total 23ms
I/dalvikvm-heap(  481): Grow heap (frag case) to 20.435MB for 2073612-byte allocation
