I/System.out(15310): body:<tw: java.net.HttpURLConnection d(tx)>	sig:virtualinvoke $r6.<java.net.HttpURLConnection: void setConnectTimeout(int)>($i0)	timediff:0
I/System.out(15310): body:<tw: java.net.HttpURLConnection d(tx)>	sig:virtualinvoke $r6.<java.net.HttpURLConnection: void setReadTimeout(int)>($i0)	timediff:0
E/HyperApi(15310): Error checking outage web page.
I/System.out(15310): body:<tw: java.net.HttpURLConnection d(tx)>	sig:specialinvoke $r2.<java.net.URL: void <init>(java.lang.String)>($r4)	timediff:4
I/System.out(15310): <tw: java.net.HttpURLConnection d(tx)>###specialinvoke $r2.<java.net.URL: void <init>(java.lang.String)>($r4)###https://api.figure1.com/user/email-domains
I/System.out(15310): body:<tw: java.net.HttpURLConnection d(tx)>	sig:$r5 = virtualinvoke $r2.<java.net.URL: java.net.URLConnection openConnection()>()	timediff:0
I/System.out(15310): body:<tw: java.net.HttpURLConnection d(tx)>	sig:virtualinvoke $r6.<java.net.HttpURLConnection: void setRequestMethod(java.lang.String)>($r4)	timediff:1
I/System.out(15310): body:<tw: java.net.HttpURLConnection d(tx)>	sig:virtualinvoke $r6.<java.net.HttpURLConnection: void setConnectTimeout(int)>($i0)	timediff:0
I/System.out(15310): body:<tw: java.net.HttpURLConnection d(tx)>	sig:virtualinvoke $r6.<java.net.HttpURLConnection: void setReadTimeout(int)>($i0)	timediff:0
I/System.out(15310): body:<tw: java.net.HttpURLConnection d(tx)>	sig:virtualinvoke $r6.<java.net.HttpURLConnection: void setRequestProperty(java.lang.String,java.lang.String)>($r4, $r11)	timediff:0
I/System.out(15310): body:<tw: java.net.HttpURLConnection d(tx)>	sig:virtualinvoke $r6.<java.net.HttpURLConnection: void setRequestProperty(java.lang.String,java.lang.String)>($r4, $r11)	timediff:1
I/System.out(15310): body:<tw: java.net.HttpURLConnection d(tx)>	sig:virtualinvoke $r6.<java.net.HttpURLConnection: void setRequestProperty(java.lang.String,java.lang.String)>($r4, $r11)	timediff:1
I/System.out(15310): body:<tw: java.net.HttpURLConnection d(tx)>	sig:virtualinvoke $r6.<java.net.HttpURLConnection: void setRequestProperty(java.lang.String,java.lang.String)>($r4, $r11)	timediff:0
I/System.out(15310): body:<tw: java.net.HttpURLConnection d(tx)>	sig:virtualinvoke $r6.<java.net.HttpURLConnection: void setRequestProperty(java.lang.String,java.lang.String)>($r4, $r11)	timediff:2
I/System.out(15310): body:<tw: java.net.HttpURLConnection d(tx)>	sig:virtualinvoke $r6.<java.net.HttpURLConnection: void setRequestProperty(java.lang.String,java.lang.String)>($r4, $r11)	timediff:0
I/System.out(15310): body:<tw: java.net.HttpURLConnection d(tx)>	sig:virtualinvoke $r6.<java.net.HttpURLConnection: void setRequestProperty(java.lang.String,java.lang.String)>($r4, $r11)	timediff:1
I/System.out(15310): body:<tw: java.net.HttpURLConnection d(tx)>	sig:specialinvoke $r2.<java.net.URL: void <init>(java.lang.String)>($r4)	timediff:0
I/System.out(15310): <tw: java.net.HttpURLConnection d(tx)>###specialinvoke $r2.<java.net.URL: void <init>(java.lang.String)>($r4)###http://static.figure1.com/sys/notice/outage.html
I/System.out(15310): body:<tw: java.net.HttpURLConnection d(tx)>	sig:$r5 = virtualinvoke $r2.<java.net.URL: java.net.URLConnection openConnection()>()	timediff:0
I/System.out(15310): body:<tw: java.net.HttpURLConnection d(tx)>	sig:virtualinvoke $r6.<java.net.HttpURLConnection: void setRequestMethod(java.lang.String)>($r4)	timediff:0
I/System.out(15310): body:<tw: java.net.HttpURLConnection d(tx)>	sig:virtualinvoke $r6.<java.net.HttpURLConnection: void setConnectTimeout(int)>($i0)	timediff:0
I/System.out(15310): body:<tw: java.net.HttpURLConnection d(tx)>	sig:virtualinvoke $r6.<java.net.HttpURLConnection: void setReadTimeout(int)>($i0)	timediff:0
E/HyperApi(15310): Error checking outage web page.
D/libEGL  (15310): loaded /system/lib/egl/libEGL_adreno.so
D/        (15310): HostConnection::get() New Host Connection established 0xb87b0600, tid 15310
D/libEGL  (15310): loaded /system/lib/egl/libGLESv1_CM_adreno.so
D/libEGL  (15310): loaded /system/lib/egl/libGLESv2_adreno.so
W/EGL_emulation(15310): eglSurfaceAttrib not implemented 3093 12436
D/OpenGLRenderer(15310): Enabling debug mode 0
W/ViewRootImpl(15310): Dropping event due to no window focus: KeyEvent { action=ACTION_DOWN, keyCode=KEYCODE_DPAD_CENTER, scanCode=0, metaState=0, flags=0x8, repeatCount=0, eventTime=12440858, downTime=12440858, deviceId=-1, source=0x101 }
I/System.out(15310): body:<auo: avg a(azj,java.lang.String,java.lang.String,int,int,boolean,aui)>	sig:specialinvoke $r15.<java.net.URL: void <init>(java.lang.String)>($r2)	timediff:0
I/System.out(15310): <auo: avg a(azj,java.lang.String,java.lang.String,int,int,boolean,aui)>###specialinvoke $r15.<java.net.URL: void <init>(java.lang.String)>($r2)###https://api.branch.io/v1/install
I/System.out(15310): body:<auo: avg a(azj,java.lang.String,java.lang.String,int,int,boolean,aui)>	sig:$r16 = virtualinvoke $r15.<java.net.URL: java.net.URLConnection openConnection()>()	timediff:0
I/System.out(15310): body:<auo: avg a(azj,java.lang.String,java.lang.String,int,int,boolean,aui)>	sig:virtualinvoke $r17.<java.net.HttpURLConnection: void setConnectTimeout(int)>($i0)	timediff:0
I/System.out(15310): body:<auo: avg a(azj,java.lang.String,java.lang.String,int,int,boolean,aui)>	sig:virtualinvoke $r17.<java.net.HttpURLConnection: void setReadTimeout(int)>($i0)	timediff:0
I/System.out(15310): body:<auo: avg a(azj,java.lang.String,java.lang.String,int,int,boolean,aui)>	sig:virtualinvoke $r17.<java.net.HttpURLConnection: void setDoInput(boolean)>(1)	timediff:0
I/System.out(15310): body:<auo: avg a(azj,java.lang.String,java.lang.String,int,int,boolean,aui)>	sig:virtualinvoke $r17.<java.net.HttpURLConnection: void setDoOutput(boolean)>(1)	timediff:1
I/System.out(15310): body:<auo: avg a(azj,java.lang.String,java.lang.String,int,int,boolean,aui)>	sig:virtualinvoke $r17.<java.net.HttpURLConnection: void setRequestProperty(java.lang.String,java.lang.String)>("Content-Type", "application/json")	timediff:0
I/System.out(15310): body:<auo: avg a(azj,java.lang.String,java.lang.String,int,int,boolean,aui)>	sig:virtualinvoke $r17.<java.net.HttpURLConnection: void setRequestProperty(java.lang.String,java.lang.String)>("Accept", "application/json")	timediff:0
I/System.out(15310): body:<auo: avg a(azj,java.lang.String,java.lang.String,int,int,boolean,aui)>	sig:virtualinvoke $r17.<java.net.HttpURLConnection: void setRequestMethod(java.lang.String)>("POST")	timediff:0
D/AndroidRuntime(15310): Shutting down VM
W/dalvikvm(15310): threadid=1: thread exiting with uncaught exception (group=0x94d12b20)
I/System.out(15310): body:<auo: avg a(azj,java.lang.String,java.lang.String,int,int,boolean,aui)>	sig:virtualinvoke $r6.<java.net.HttpURLConnection: void disconnect()>()	timediff:0
W/SocketClient(  163): write error (Broken pipe)
D/dalvikvm(15310): GC_CONCURRENT freed 594K, 12% free 4929K/5576K, paused 1ms+1ms, total 5ms
D/dalvikvm(15310): WAIT_FOR_CONCURRENT_GC blocked 2ms
I/Process (  464): Sending signal. PID: 15310 SIG: 9
W/InputDispatcher(  464): channel '4ae0a0f0 com.figure1.android/com.figure1.android.screens.login.LoginActivity (server)' ~ Consumer closed input channel or an error occurred.  events=0xd
E/InputDispatcher(  464): channel '4ae0a0f0 com.figure1.android/com.figure1.android.screens.login.LoginActivity (server)' ~ Channel is unrecoverably broken and will be disposed!
E/AndroidRuntime(15310): FATAL EXCEPTION: main
E/AndroidRuntime(15310): Process: com.figure1.android, PID: 15310
E/AndroidRuntime(15310): java.lang.Error: Unresolved compilation error: Method <ao: int getLayoutDirection()> does not exist!
E/AndroidRuntime(15310): 	at ao.getLayoutDirection(SourceFile)
E/AndroidRuntime(15310): 	at android.graphics.drawable.Drawable.setLayoutDirection(Drawable.java:403)
E/AndroidRuntime(15310): 	at android.widget.ImageView.updateDrawable(ImageView.java:712)
E/AndroidRuntime(15310): 	at android.widget.ImageView.setImageDrawable(ImageView.java:421)
E/AndroidRuntime(15310): 	at ns.a(SourceFile:56)
E/AndroidRuntime(15310): 	at android.support.v7.widget.AppCompatImageView.<init>(SourceFile:66)
E/AndroidRuntime(15310): 	at android.support.v7.widget.ActionMenuPresenter$d.<init>(SourceFile:643)
E/AndroidRuntime(15310): 	at android.support.v7.widget.ActionMenuPresenter.a(SourceFile:114)
E/AndroidRuntime(15310): 	at mv.a(SourceFile:262)
E/AndroidRuntime(15310): 	at android.support.v7.widget.ActionMenuView.getMenu(SourceFile:656)
E/AndroidRuntime(15310): 	at android.support.v7.widget.Toolbar.n(SourceFile:1037)
E/AndroidRuntime(15310): 	at android.support.v7.widget.Toolbar.getMenu(SourceFile:1008)
E/AndroidRuntime(15310): 	at pd.r(SourceFile:676)
E/AndroidRuntime(15310): 	at ls.k(SourceFile:595)
E/AndroidRuntime(15310): 	at ls.j(SourceFile:447)
E/AndroidRuntime(15310): 	at ls$1.run(SourceFile:61)
E/AndroidRuntime(15310): 	at android.os.Handler.handleCallback(Handler.java:733)
E/AndroidRuntime(15310): 	at android.os.Handler.dispatchMessage(Handler.java:95)
E/AndroidRuntime(15310): 	at android.os.Looper.loop(Looper.java:136)
E/AndroidRuntime(15310): 	at android.app.ActivityThread.main(ActivityThread.java:5019)
E/AndroidRuntime(15310): 	at java.lang.reflect.Method.invokeNative(Native Method)
E/AndroidRuntime(15310): 	at java.lang.reflect.Method.invoke(Method.java:515)
E/AndroidRuntime(15310): 	at com.android.internal.os.ZygoteInit$MethodAndArgsCaller.run(ZygoteInit.java:779)
E/AndroidRuntime(15310): 	at com.android.internal.os.ZygoteInit.main(ZygoteInit.java:595)
E/AndroidRuntime(15310): 	at dalvik.system.NativeStart.main(Native Method)
W/ActivityManager(  464): Force-killing crashed app com.figure1.android at watcher's request
W/ContextImpl(  464): Calling a method in the system process without a qualified user: android.app.ContextImpl.sendBroadcast:1123 com.android.server.am.ActivityManagerService.handleApplicationCrashInner:9670 com.android.server.am.ActivityManagerService.handleApplicationCrash:9644 android.app.ActivityManagerNative.onTransact:1311 com.android.server.am.ActivityManagerService.onTransact:2071 
W/InputDispatcher(  464): Attempted to unregister already unregistered input channel '4ae0a0f0 com.figure1.android/com.figure1.android.screens.login.LoginActivity (server)'
I/WindowState(  464): WIN DEATH: Window{4ae0a0f0 u0 com.figure1.android/com.figure1.android.screens.login.LoginActivity}
I/InputDispatcher(  464): Dropping event because there is no focused window or focused application.
I/InputDispatcher(  464): Dropping event because there is no focused window or focused application.
I/InputDispatcher(  464): Dropping event because there is no focused window or focused application.
W/NetworkManagementSocketTagger(  464): setKernelCountSet(10135, 0) failed with errno -13
I/InputDispatcher(  464): Dropping event because there is no focused window or focused application.
I/InputDispatcher(  464): Dropping event because there is no focused window or focused application.
I/InputDispatcher(  464): Dropping event because there is no focused window or focused application.
I/ActivityManager(  464): Process com.figure1.android (pid 15310) has died.
W/ActivityManager(  464): Force removing ActivityRecord{4ae32a8c u0 com.figure1.android/.screens.login.LoginActivity t331}: app died, no saved state
W/ActivityManager(  464): Force removing ActivityRecord{4aa9f56c u0 com.figure1.android/.screens.MainActivity t331}: app died, no saved state
W/InputManager(  464): Input event injection from pid 15243 failed.
W/InputManager(  464): Input event injection from pid 15243 failed.
W/InputManager(  464): Input event injection from pid 15243 failed.
W/InputManager(  464): Input event injection from pid 15243 failed.
W/InputManager(  464): Input event injection from pid 15243 failed.
W/InputManager(  464): Input event injection from pid 15243 failed.
I/InputDispatcher(  464): Dropping event because there is no focused window or focused application.
I/InputDispatcher(  464): Dropping event because there is no focused window or focused application.
I/InputDispatcher(  464): Dropping event because there is no focused window or focused application.
I/InputDispatcher(  464): Dropping event because there is no focused window or focused application.
W/InputManager(  464): Input event injection from pid 15243 failed.
W/InputManager(  464): Input event injection from pid 15243 failed.
W/InputManager(  464): Input event injection from pid 15243 failed.
W/InputManager(  464): Input event injection from pid 15243 failed.
W/InputManager(  464): Input event injection from pid 15243 failed.
W/InputManager(  464): Input event injection from pid 15243 failed.
W/InputManager(  464): Input event injection from pid 15243 failed.
W/InputManager(  464): Input event injection from pid 15243 failed.
W/InputManager(  464): Input event injection from pid 15243 failed.
W/InputManager(  464): Input event injection from pid 15243 failed.
W/InputManager(  464): Input event injection from pid 15243 failed.
W/InputManager(  464): Input event injection from pid 15243 failed.
W/EGL_emulation(31805): eglSurfaceAttrib not implemented 3093 12436
D/WebViewTimersControl(31805): onBrowserActivityResume
D/WebViewTimersControl(31805): Resuming webview timers, view=com.android.browser.BrowserWebView{4a80fad4 VFEDHVCL ......ID 0,0-720,1164}
W/ViewRootImpl(31805): Dropping event due to no window focus: KeyEvent { action=ACTION_DOWN, keyCode=KEYCODE_DPAD_LEFT, scanCode=0, metaState=0, flags=0x8, repeatCount=0, eventTime=12441835, downTime=12441835, deviceId=-1, source=0x101 }
W/ContextImpl(  464): Calling a method in the system process without a qualified user: android.app.ContextImpl.sendBroadcast:1123 com.android.server.InputMethodManagerService.hideCurrentInputLocked:1880 com.android.server.InputMethodManagerService.hideSoftInput:1843 com.android.internal.view.IInputMethodManager$Stub.onTransact:194 com.android.server.InputMethodManagerService.onTransact:818 
W/InputMethodManagerService(  464): Window already focused, ignoring focus gain of: com.android.internal.view.IInputMethodClient$Stub$Proxy@4a9c5740 attribute=android.view.inputmethod.EditorInfo@4af6d31c, token = android.os.BinderProxy@4b19d894
W/UnimplementedWebViewApi(31805): Unimplemented WebView method onKeyDown called from: android.webkit.WebView.onKeyDown(WebView.java:2169)
D/dalvikvm( 8629): GC_FOR_ALLOC freed 9K, 34% free 8484K/12744K, paused 1ms, total 1ms
I/dalvikvm-heap( 8629): Grow heap (frag case) to 10.312MB for 2073612-byte allocation
D/dalvikvm( 8629): GC_FOR_ALLOC freed <1K, 18% free 10509K/12744K, paused 2ms, total 2ms
D/dalvikvm( 8629): GC_CONCURRENT freed 0K, 18% free 10510K/12744K, paused 0ms+0ms, total 3ms
D/dalvikvm(  464): GC_FOR_ALLOC freed 2826K, 47% free 16803K/31284K, paused 16ms, total 16ms
D/dalvikvm(  532): GC_FOR_ALLOC freed 4262K, 32% free 16903K/24556K, paused 3ms, total 3ms
D/dalvikvm(  464): GC_FOR_ALLOC freed 47K, 40% free 18790K/31284K, paused 15ms, total 16ms
I/dalvikvm-heap(  464): Grow heap (frag case) to 20.382MB for 2073612-byte allocation
D/dalvikvm(  464): GC_FOR_ALLOC freed 1K, 38% free 20814K/33312K, paused 18ms, total 18ms
W/EGL_emulation(31805): eglSurfaceAttrib not implemented 3093 12436
W/ViewRootImpl(31805): Dropping event due to no window focus: KeyEvent { action=ACTION_DOWN, keyCode=KEYCODE_MEDIA_EJECT, scanCode=0, metaState=0, flags=0x8, repeatCount=0, eventTime=12442081, downTime=12442081, deviceId=-1, source=0x101 }
D/dalvikvm(  464): GC_FOR_ALLOC freed 6283K, 47% free 14653K/27232K, paused 12ms, total 13ms
I/dalvikvm-heap(  464): Grow heap (frag case) to 16.341MB for 2073612-byte allocation
D/dalvikvm(  464): GC_FOR_ALLOC freed 7K, 44% free 16670K/29260K, paused 14ms, total 14ms
D/dalvikvm(  464): GC_FOR_ALLOC freed 2K, 44% free 16674K/29260K, paused 29ms, total 29ms
I/dalvikvm-heap(  464): Grow heap (frag case) to 18.315MB for 2073612-byte allocation
D/dalvikvm(  464): GC_FOR_ALLOC freed <1K, 41% free 18698K/31288K, paused 18ms, total 18ms
D/dalvikvm(  464): GC_FOR_ALLOC freed 1K, 40% free 18811K/31288K, paused 21ms, total 21ms
I/dalvikvm-heap(  464): Grow heap (frag case) to 20.403MB for 2073612-byte allocation
D/dalvikvm(  464): GC_FOR_ALLOC freed <1K, 38% free 20836K/33316K, paused 16ms, total 16ms
W/InputEventReceiver(31805): Attempted to finish an input event but the input event receiver has already been disposed.
W/EGL_emulation(31805): eglSurfaceAttrib not implemented 3093 12436
W/InputMethodManagerService(  464): Window already focused, ignoring focus gain of: com.android.internal.view.IInputMethodClient$Stub$Proxy@4ae3984c attribute=null, token = android.os.BinderProxy@4b19d894
I/ActivityManager(  464): START u0 {act=android.intent.action.MAIN cat=[android.intent.category.LAUNCHER] flg=0x10200000 cmp=com.figure1.android/.screens.MainActivity} from pid 15243
D/WebViewTimersControl(31805): onBrowserActivityPause
D/WebViewTimersControl(31805): Pausing webview timers, view=com.android.browser.BrowserWebView{4a80fad4 VFEDHVCL .F...... 0,0-720,1164}
I/ActivityManager(  464): Start proc com.figure1.android for activity com.figure1.android/.screens.MainActivity: pid=15369 uid=10135 gids={50135, 3003, 1028}
W/NetworkManagementSocketTagger(  464): setKernelCountSet(10135, 1) failed with errno -13
W/UnimplementedWebViewApi(31805): Unimplemented WebView method onKeyMultiple called from: android.webkit.WebView.onKeyMultiple(WebView.java:2179)
W/UnimplementedWebViewApi(31805): Unimplemented WebView method onKeyDown called from: android.webkit.WebView.onKeyDown(WebView.java:2169)
I/dalvikvm(15369): ignoring registerObject request in thread=1
I/dalvikvm(15369): ignoring registerObject request in thread=1
F/Adjust  (15369): PRODUCTION: Adjust is running in Production mode. Use this setting only for the build that you want to publish. Set the environment to `sandbox` if you want to test your app!
I/dalvikvm(15369): Could not find method android.content.pm.PackageManager.getPackageInstaller, referenced from method com.google.android.gms.common.zze.zzs
W/dalvikvm(15369): VFY: unable to resolve virtual method 6537: Landroid/content/pm/PackageManager;.getPackageInstaller ()Landroid/content/pm/PackageInstaller;
D/dalvikvm(15369): VFY: replacing opcode 0x6e at 0x001a
D/dalvikvm(15369): JIT code cache reset in 0 ms (0 bytes 1/0)
D/dalvikvm(15369): GC_CONCURRENT freed 219K, 9% free 2954K/3228K, paused 2ms+0ms, total 4ms
I/CrashlyticsCore(15369): Initializing Crashlytics 2.3.8.97
D/WebViewTimersControl(31805): onBrowserActivityPause
D/WebViewTimersControl(31805): Pausing webview timers, view=com.android.browser.BrowserWebView{4a80fad4 VFEDHVCL .F....ID 0,0-720,1164}
D/WebViewTimersControl(31805): onBrowserActivityResume
D/WebViewTimersControl(31805): Resuming webview timers, view=com.android.browser.BrowserWebView{4a80fad4 VFEDHVCL .F....ID 0,0-720,1164}
D/dalvikvm(15369): GC_CONCURRENT freed 265K, 8% free 3264K/3520K, paused 7ms+0ms, total 10ms
D/dalvikvm(15369): WAIT_FOR_CONCURRENT_GC blocked 2ms
I/dalvikvm(15369): Could not find method android.view.Window$Callback.onProvideKeyboardShortcuts, referenced from method mn.onProvideKeyboardShortcuts
W/dalvikvm(15369): VFY: unable to resolve interface method 13540: Landroid/view/Window$Callback;.onProvideKeyboardShortcuts (Ljava/util/List;Landroid/view/Menu;I)V
D/dalvikvm(15369): VFY: replacing opcode 0x72 at 0x0002
W/dalvikvm(15369): VFY: unable to find class referenced in signature (Landroid/view/SearchEvent;)
I/dalvikvm(15369): Could not find method android.view.Window$Callback.onSearchRequested, referenced from method mn.onSearchRequested
W/dalvikvm(15369): VFY: unable to resolve interface method 13542: Landroid/view/Window$Callback;.onSearchRequested (Landroid/view/SearchEvent;)Z
D/dalvikvm(15369): VFY: replacing opcode 0x72 at 0x0002
I/dalvikvm(15369): Could not find method android.view.Window$Callback.onWindowStartingActionMode, referenced from method mn.onWindowStartingActionMode
W/dalvikvm(15369): VFY: unable to resolve interface method 13546: Landroid/view/Window$Callback;.onWindowStartingActionMode (Landroid/view/ActionMode$Callback;I)Landroid/view/ActionMode;
D/dalvikvm(15369): VFY: replacing opcode 0x72 at 0x0002
D/WebViewTimersControl(31805): onBrowserActivityPause
D/WebViewTimersControl(31805): Pausing webview timers, view=com.android.browser.BrowserWebView{4a80fad4 VFEDHVCL .F....ID 0,0-720,1164}
D/dalvikvm(15369): GC_CONCURRENT freed 220K, 8% free 3432K/3720K, paused 2ms+0ms, total 5ms
W/dalvikvm(15369): VFY: unable to find class referenced in signature (Lokhttp3/Request;)
W/dalvikvm(15369): VFY: unable to find class referenced in signature (Lokhttp3/Response;)
I/dalvikvm(15369): Could not find method okhttp3.Response.headers, referenced from method empirical.HelperClass.printOkHttpInfo
W/dalvikvm(15369): VFY: unable to resolve virtual method 34396: Lokhttp3/Response;.headers ()Lokhttp3/Headers;
D/dalvikvm(15369): VFY: replacing opcode 0x6e at 0x0006
W/dalvikvm(15369): VFY: unable to find class referenced in signature (Lokhttp3/Call;)
W/dalvikvm(15369): VFY: unable to find class referenced in signature (Lokhttp3/Response;)
I/dalvikvm(15369): Could not find method okhttp3.Call.request, referenced from method empirical.HelperClass.printOkHttpInfoFromCall
W/dalvikvm(15369): VFY: unable to resolve interface method 34390: Lokhttp3/Call;.request ()Lokhttp3/Request;
D/dalvikvm(15369): VFY: replacing opcode 0x72 at 0x0006
I/System.out(15369): body:<ato: java.lang.String a(java.lang.String)>	sig:$r1 = staticinvoke <java.net.URLEncoder: java.lang.String encode(java.lang.String,java.lang.String)>($r1, "UTF-8")	timediff:0
I/System.out(15369): body:<atz: java.lang.String a(java.lang.String)>	sig:$r0 = staticinvoke <java.net.URLEncoder: java.lang.String encode(java.lang.String,java.lang.String)>($r0, "UTF-8")	timediff:0
I/System.out(15369): body:<atz: java.lang.String a(java.lang.String)>	sig:$r0 = staticinvoke <java.net.URLEncoder: java.lang.String encode(java.lang.String,java.lang.String)>($r0, "UTF-8")	timediff:0
I/System.out(15369): body:<atz: java.lang.String a(java.lang.String)>	sig:$r0 = staticinvoke <java.net.URLEncoder: java.lang.String encode(java.lang.String,java.lang.String)>($r0, "UTF-8")	timediff:0
I/System.out(15369): body:<atz: java.lang.String a(java.lang.String)>	sig:$r0 = staticinvoke <java.net.URLEncoder: java.lang.String encode(java.lang.String,java.lang.String)>($r0, "UTF-8")	timediff:1
I/System.out(15369): body:<axy: java.lang.String a(java.lang.CharSequence)>	sig:specialinvoke $r2.<java.net.URL: void <init>(java.lang.String)>($r1)	timediff:4
I/System.out(15369): <axy: java.lang.String a(java.lang.CharSequence)>###specialinvoke $r2.<java.net.URL: void <init>(java.lang.String)>($r1)###https://settings.crashlytics.com/spi/v2/platforms/android/apps/com.figure1.android/settings?instance=4bf2afc0eceadfa67b61ff072fc02c9564e7d261&source=1&build_version=67&icon_hash=f6a209291a06b0b2750da6e8554382b2415681ac&display_version=5.6.1
I/System.out(15369): body:<axy: java.lang.String a(java.lang.CharSequence)>	sig:$r3 = virtualinvoke $r2.<java.net.URL: java.lang.String getHost()>()	timediff:0
I/System.out(15369): body:<axy: java.lang.String a(java.lang.CharSequence)>	sig:$i0 = virtualinvoke $r2.<java.net.URL: int getPort()>()	timediff:0
I/System.out(15369): body:<axy: java.lang.String a(java.lang.CharSequence)>	sig:$r3 = virtualinvoke $r2.<java.net.URL: java.lang.String getProtocol()>()	timediff:0
I/System.out(15369): body:<axy: java.lang.String a(java.lang.CharSequence)>	sig:$r6 = virtualinvoke $r2.<java.net.URL: java.lang.String getPath()>()	timediff:0
I/System.out(15369): body:<axy: java.lang.String a(java.lang.CharSequence)>	sig:$r7 = virtualinvoke $r2.<java.net.URL: java.lang.String getQuery()>()	timediff:0
I/System.out(15369): body:<axy: java.lang.String a(java.lang.CharSequence)>	sig:specialinvoke $r5.<java.net.URI: void <init>(java.lang.String,java.lang.String,java.lang.String,java.lang.String,java.lang.String)>($r3, $r1, $r6, $r7, null)	timediff:1
I/System.out(15369): body:<com.facebook.GraphRequest: java.net.HttpURLConnection toHttpConnection(com.facebook.GraphRequestBatch)>	sig:specialinvoke $r2.<java.net.URL: void <init>(java.lang.String)>($r3)	timediff:5
I/System.out(15369): <com.facebook.GraphRequest: java.net.HttpURLConnection toHttpConnection(com.facebook.GraphRequestBatch)>###specialinvoke $r2.<java.net.URL: void <init>(java.lang.String)>($r3)###https://graph.facebook.com/v2.3/168975026602081?fields=supports_implicit_sdk_logging%2Cgdpv4_nux_content%2Cgdpv4_nux_enabled%2Candroid_dialog_configs%2Candroid_sdk_error_categories&format=json&sdk=android
D/dalvikvm(15369): GC_CONCURRENT freed 332K, 11% free 3491K/3880K, paused 2ms+2ms, total 6ms
I/System.out(15369): body:<axy: java.lang.String a(java.lang.CharSequence)>	sig:$r7 = virtualinvoke $r5.<java.net.URI: java.lang.String toASCIIString()>()	timediff:0
I/System.out(15369): body:<axy: void <init>(java.lang.CharSequence,java.lang.String)>	sig:specialinvoke $r4.<java.net.URL: void <init>(java.lang.String)>($r3)	timediff:0
I/System.out(15369): <axy: void <init>(java.lang.CharSequence,java.lang.String)>###specialinvoke $r4.<java.net.URL: void <init>(java.lang.String)>($r3)###https://settings.crashlytics.com/spi/v2/platforms/android/apps/com.figure1.android/settings?instance=4bf2afc0eceadfa67b61ff072fc02c9564e7d261&source=1&build_version=67&icon_hash=f6a209291a06b0b2750da6e8554382b2415681ac&display_version=5.6.1
I/System.out(15369): body:<atz: java.lang.String a(java.lang.String)>	sig:$r0 = staticinvoke <java.net.URLEncoder: java.lang.String encode(java.lang.String,java.lang.String)>($r0, "UTF-8")	timediff:0
I/System.out(15369): body:<atz: java.lang.String a(java.lang.String)>	sig:$r0 = staticinvoke <java.net.URLEncoder: java.lang.String encode(java.lang.String,java.lang.String)>($r0, "UTF-8")	timediff:0
I/System.out(15369): body:<atz: java.lang.String a(java.lang.String)>	sig:$r0 = staticinvoke <java.net.URLEncoder: java.lang.String encode(java.lang.String,java.lang.String)>($r0, "UTF-8")	timediff:0
I/System.out(15369): body:<atz: java.lang.String a(java.lang.String)>	sig:$r0 = staticinvoke <java.net.URLEncoder: java.lang.String encode(java.lang.String,java.lang.String)>($r0, "UTF-8")	timediff:0
I/System.out(15369): body:<atz: java.lang.String a(java.lang.String)>	sig:$r0 = staticinvoke <java.net.URLEncoder: java.lang.String encode(java.lang.String,java.lang.String)>($r0, "UTF-8")	timediff:0
I/System.out(15369): body:<atz: java.lang.String a(java.lang.String)>	sig:$r0 = staticinvoke <java.net.URLEncoder: java.lang.String encode(java.lang.String,java.lang.String)>($r0, "UTF-8")	timediff:0
I/System.out(15369): body:<atz: java.lang.String a(java.lang.String)>	sig:$r0 = staticinvoke <java.net.URLEncoder: java.lang.String encode(java.lang.String,java.lang.String)>($r0, "UTF-8")	timediff:0
I/System.out(15369): body:<atz: java.lang.String a(java.lang.String)>	sig:$r0 = staticinvoke <java.net.URLEncoder: java.lang.String encode(java.lang.String,java.lang.String)>($r0, "UTF-8")	timediff:1
I/System.out(15369): body:<atz: java.lang.String a(java.lang.String)>	sig:$r0 = staticinvoke <java.net.URLEncoder: java.lang.String encode(java.lang.String,java.lang.String)>($r0, "UTF-8")	timediff:0
I/System.out(15369): body:<atz: java.lang.String a(java.lang.String)>	sig:$r0 = staticinvoke <java.net.URLEncoder: java.lang.String encode(java.lang.String,java.lang.String)>($r0, "UTF-8")	timediff:0
I/System.out(15369): body:<atz: java.lang.String a(java.lang.String)>	sig:$r0 = staticinvoke <java.net.URLEncoder: java.lang.String encode(java.lang.String,java.lang.String)>($r0, "UTF-8")	timediff:0
I/System.out(15369): body:<atz: java.lang.String a(java.lang.String)>	sig:$r0 = staticinvoke <java.net.URLEncoder: java.lang.String encode(java.lang.String,java.lang.String)>($r0, "UTF-8")	timediff:0
I/System.out(15369): body:<atz: java.lang.String a(java.lang.String)>	sig:$r0 = staticinvoke <java.net.URLEncoder: java.lang.String encode(java.lang.String,java.lang.String)>($r0, "UTF-8")	timediff:0
I/System.out(15369): body:<atz: java.lang.String a(java.lang.String)>	sig:$r0 = staticinvoke <java.net.URLEncoder: java.lang.String encode(java.lang.String,java.lang.String)>($r0, "UTF-8")	timediff:0
I/System.out(15369): body:<atz: java.lang.String a(java.lang.String)>	sig:$r0 = staticinvoke <java.net.URLEncoder: java.lang.String encode(java.lang.String,java.lang.String)>($r0, "UTF-8")	timediff:0
I/System.out(15369): body:<atz: java.lang.String a(java.lang.String)>	sig:$r0 = staticinvoke <java.net.URLEncoder: java.lang.String encode(java.lang.String,java.lang.String)>($r0, "UTF-8")	timediff:0
I/System.out(15369): body:<atz: java.lang.String a(java.lang.String)>	sig:$r0 = staticinvoke <java.net.URLEncoder: java.lang.String encode(java.lang.String,java.lang.String)>($r0, "UTF-8")	timediff:0
I/System.out(15369): body:<atz: java.lang.String a(java.lang.String)>	sig:$r0 = staticinvoke <java.net.URLEncoder: java.lang.String encode(java.lang.String,java.lang.String)>($r0, "UTF-8")	timediff:1
I/System.out(15369): body:<atz: java.lang.String a(java.lang.String)>	sig:$r0 = staticinvoke <java.net.URLEncoder: java.lang.String encode(java.lang.String,java.lang.String)>($r0, "UTF-8")	timediff:0
I/System.out(15369): body:<atz: java.lang.String a(java.lang.String)>	sig:$r0 = staticinvoke <java.net.URLEncoder: java.lang.String encode(java.lang.String,java.lang.String)>($r0, "UTF-8")	timediff:0
I/System.out(15369): body:<atz: java.lang.String a(java.lang.String)>	sig:$r0 = staticinvoke <java.net.URLEncoder: java.lang.String encode(java.lang.String,java.lang.String)>($r0, "UTF-8")	timediff:0
I/System.out(15369): body:<atz: java.lang.String a(java.lang.String)>	sig:$r0 = staticinvoke <java.net.URLEncoder: java.lang.String encode(java.lang.String,java.lang.String)>($r0, "UTF-8")	timediff:0
I/System.out(15369): body:<com.facebook.GraphRequest: java.net.HttpURLConnection createConnection(java.net.URL)>	sig:$r1 = virtualinvoke $r0.<java.net.URL: java.net.URLConnection openConnection()>()	timediff:26
I/System.out(15369): body:<axy$b$1: java.net.HttpURLConnection a(java.net.URL)>	sig:$r2 = virtualinvoke $r1.<java.net.URL: java.net.URLConnection openConnection()>()	timediff:21
I/System.out(15369): body:<com.facebook.GraphRequest: java.net.HttpURLConnection createConnection(java.net.URL)>	sig:virtualinvoke $r2.<java.net.HttpURLConnection: void setRequestProperty(java.lang.String,java.lang.String)>("User-Agent", $r3)	timediff:0
I/System.out(15369): body:<com.facebook.GraphRequest: java.net.HttpURLConnection createConnection(java.net.URL)>	sig:virtualinvoke $r2.<java.net.HttpURLConnection: void setRequestProperty(java.lang.String,java.lang.String)>("Accept-Language", $r3)	timediff:0
I/System.out(15369): body:<com.facebook.GraphRequest: java.net.HttpURLConnection createConnection(java.net.URL)>	sig:virtualinvoke $r2.<java.net.HttpURLConnection: void setChunkedStreamingMode(int)>(0)	timediff:0
I/System.out(15369): body:<axy: java.net.HttpURLConnection r()>	sig:virtualinvoke $r5.<java.net.HttpURLConnection: void setRequestMethod(java.lang.String)>($r1)	timediff:0
I/System.out(15369): body:<axy: axy a(boolean)>	sig:virtualinvoke $r1.<java.net.HttpURLConnection: void setUseCaches(boolean)>($z0)	timediff:1
I/System.out(15369): body:<axy: axy a(int)>	sig:virtualinvoke $r1.<java.net.HttpURLConnection: void setConnectTimeout(int)>($i0)	timediff:0
I/System.out(15369): body:<axy: axy a(java.lang.String,java.lang.String)>	sig:virtualinvoke $r3.<java.net.HttpURLConnection: void setRequestProperty(java.lang.String,java.lang.String)>($r1, $r2)	timediff:0
I/System.out(15369): body:<axy: axy a(java.lang.String,java.lang.String)>	sig:virtualinvoke $r3.<java.net.HttpURLConnection: void setRequestProperty(java.lang.String,java.lang.String)>($r1, $r2)	timediff:0
I/System.out(15369): body:<ats: void a(java.lang.String)>	sig:$r1 = staticinvoke <java.net.URLEncoder: java.lang.String encode(java.lang.String,java.lang.String)>($r1, "UTF-8")	timediff:0
I/System.out(15369): body:<ats: void a(java.lang.String)>	sig:$r1 = staticinvoke <java.net.URLEncoder: java.lang.String encode(java.lang.String,java.lang.String)>($r1, "UTF-8")	timediff:0
I/System.out(15369): body:<axy: axy a(java.lang.String,java.lang.String)>	sig:virtualinvoke $r3.<java.net.HttpURLConnection: void setRequestProperty(java.lang.String,java.lang.String)>($r1, $r2)	timediff:1
I/System.out(15369): body:<axy: axy a(java.lang.String,java.lang.String)>	sig:virtualinvoke $r3.<java.net.HttpURLConnection: void setRequestProperty(java.lang.String,java.lang.String)>($r1, $r2)	timediff:0
I/System.out(15369): body:<axy: axy a(java.lang.String,java.lang.String)>	sig:virtualinvoke $r3.<java.net.HttpURLConnection: void setRequestProperty(java.lang.String,java.lang.String)>($r1, $r2)	timediff:0
I/System.out(15369): body:<axy: axy a(java.lang.String,java.lang.String)>	sig:virtualinvoke $r3.<java.net.HttpURLConnection: void setRequestProperty(java.lang.String,java.lang.String)>($r1, $r2)	timediff:0
I/System.out(15369): body:<axy: axy a(java.lang.String,java.lang.String)>	sig:virtualinvoke $r3.<java.net.HttpURLConnection: void setRequestProperty(java.lang.String,java.lang.String)>($r1, $r2)	timediff:0
I/System.out(15369): body:<axy: axy a(java.lang.String,java.lang.String)>	sig:virtualinvoke $r3.<java.net.HttpURLConnection: void setRequestProperty(java.lang.String,java.lang.String)>($r1, $r2)	timediff:0
I/System.out(15369): body:<axy: axy a(java.lang.String,java.lang.String)>	sig:virtualinvoke $r3.<java.net.HttpURLConnection: void setRequestProperty(java.lang.String,java.lang.String)>($r1, $r2)	timediff:0
I/System.out(15369): body:<axy: axy a(java.lang.String,java.lang.String)>	sig:virtualinvoke $r3.<java.net.HttpURLConnection: void setRequestProperty(java.lang.String,java.lang.String)>($r1, $r2)	timediff:0
I/System.out(15369): body:<axy: axy a(java.lang.String,java.lang.String)>	sig:virtualinvoke $r3.<java.net.HttpURLConnection: void setRequestProperty(java.lang.String,java.lang.String)>($r1, $r2)	timediff:0
I/System.out(15369): body:<axy: axy a(java.lang.String,java.lang.String)>	sig:virtualinvoke $r3.<java.net.HttpURLConnection: void setRequestProperty(java.lang.String,java.lang.String)>($r1, $r2)	timediff:0
I/System.out(15369): body:<com.facebook.GraphRequest: void serializeToUrlConnection(com.facebook.GraphRequestBatch,java.net.HttpURLConnection)>	sig:virtualinvoke $r1.<java.net.HttpURLConnection: void setRequestMethod(java.lang.String)>($r6)	timediff:0
I/System.out(15369): body:<com.facebook.GraphRequest: void setConnectionContentType(java.net.HttpURLConnection,boolean)>	sig:virtualinvoke $r0.<java.net.HttpURLConnection: void setRequestProperty(java.lang.String,java.lang.String)>("Content-Type", "application/x-www-form-urlencoded")	timediff:0
D/dalvikvm(15369): GC_CONCURRENT freed 582K, 17% free 3318K/3960K, paused 5ms+3ms, total 14ms
I/System.out(15369): body:<com.facebook.GraphRequest: void setConnectionContentType(java.net.HttpURLConnection,boolean)>	sig:virtualinvoke $r0.<java.net.HttpURLConnection: void setRequestProperty(java.lang.String,java.lang.String)>("Content-Encoding", "gzip")	timediff:2
I/System.out(15369): body:<com.facebook.GraphRequest: void serializeToUrlConnection(com.facebook.GraphRequestBatch,java.net.HttpURLConnection)>	sig:$r7 = virtualinvoke $r1.<java.net.HttpURLConnection: java.net.URL getURL()>()	timediff:0
I/System.out(15369): body:<com.facebook.GraphRequest: void serializeToUrlConnection(com.facebook.GraphRequestBatch,java.net.HttpURLConnection)>	sig:$r6 = virtualinvoke $r1.<java.net.HttpURLConnection: java.lang.String getRequestMethod()>()	timediff:0
I/System.out(15369): body:<com.facebook.GraphRequest: void serializeToUrlConnection(com.facebook.GraphRequestBatch,java.net.HttpURLConnection)>	sig:$r6 = virtualinvoke $r1.<java.net.HttpURLConnection: java.lang.String getRequestProperty(java.lang.String)>("User-Agent")	timediff:0
I/System.out(15369): body:<com.facebook.GraphRequest: void serializeToUrlConnection(com.facebook.GraphRequestBatch,java.net.HttpURLConnection)>	sig:$r6 = virtualinvoke $r1.<java.net.HttpURLConnection: java.lang.String getRequestProperty(java.lang.String)>("Content-Type")	timediff:0
I/System.out(15369): body:<com.facebook.GraphRequest: void serializeToUrlConnection(com.facebook.GraphRequestBatch,java.net.HttpURLConnection)>	sig:virtualinvoke $r1.<java.net.HttpURLConnection: void setConnectTimeout(int)>($i2)	timediff:0
I/System.out(15369): body:<com.facebook.GraphRequest: void serializeToUrlConnection(com.facebook.GraphRequestBatch,java.net.HttpURLConnection)>	sig:virtualinvoke $r1.<java.net.HttpURLConnection: void setReadTimeout(int)>($i2)	timediff:0
I/dalvikvm(15369): Could not find method android.content.Context.getColorStateList, referenced from method lz.a
W/dalvikvm(15369): VFY: unable to resolve virtual method 6380: Landroid/content/Context;.getColorStateList (I)Landroid/content/res/ColorStateList;
I/System.out(15369): body:<axy: java.lang.String b(java.lang.String)>	sig:$r1 = virtualinvoke $r2.<java.net.HttpURLConnection: java.lang.String getHeaderField(java.lang.String)>($r1)	timediff:0
E/Fabric  (15369): Unknown error while loading Crashlytics settings. Crashes will be cached until settings can be retrieved.
E/Answers (15369): Failed to retrieve settings
W/CrashlyticsCore(15369): Received null settings, skipping initialization!
D/dalvikvm(15369): VFY: replacing opcode 0x6e at 0x0006
I/System.out(15369): body:<com.facebook.internal.Utility: void disconnectQuietly(java.net.URLConnection)>	sig:virtualinvoke $r1.<java.net.HttpURLConnection: void disconnect()>()	timediff:0
I/ActivityManager(  464): START u0 {cmp=com.figure1.android/.screens.login.LoginActivity} from pid 15369
I/System.out(15369): body:<tw: java.net.HttpURLConnection d(tx)>	sig:specialinvoke $r2.<java.net.URL: void <init>(java.lang.String)>($r4)	timediff:0
I/System.out(15369): <tw: java.net.HttpURLConnection d(tx)>###specialinvoke $r2.<java.net.URL: void <init>(java.lang.String)>($r4)###http://static.figure1.com/sys/notice/outage.html
I/System.out(15369): body:<tw: java.net.HttpURLConnection d(tx)>	sig:$r5 = virtualinvoke $r2.<java.net.URL: java.net.URLConnection openConnection()>()	timediff:0
I/System.out(15369): body:<tw: java.net.HttpURLConnection d(tx)>	sig:virtualinvoke $r6.<java.net.HttpURLConnection: void setRequestMethod(java.lang.String)>($r4)	timediff:1
I/System.out(15369): body:<tw: java.net.HttpURLConnection d(tx)>	sig:virtualinvoke $r6.<java.net.HttpURLConnection: void setConnectTimeout(int)>($i0)	timediff:0
I/System.out(15369): body:<tw: java.net.HttpURLConnection d(tx)>	sig:virtualinvoke $r6.<java.net.HttpURLConnection: void setReadTimeout(int)>($i0)	timediff:0
I/dalvikvm(15369): Could not find method android.content.res.Resources.getDrawable, referenced from method oq.getDrawable
W/dalvikvm(15369): VFY: unable to resolve virtual method 6581: Landroid/content/res/Resources;.getDrawable (ILandroid/content/res/Resources$Theme;)Landroid/graphics/drawable/Drawable;
D/dalvikvm(15369): VFY: replacing opcode 0x6e at 0x0002
I/dalvikvm(15369): Could not find method android.content.res.Resources.getDrawableForDensity, referenced from method oq.getDrawableForDensity
W/dalvikvm(15369): VFY: unable to resolve virtual method 6583: Landroid/content/res/Resources;.getDrawableForDensity (IILandroid/content/res/Resources$Theme;)Landroid/graphics/drawable/Drawable;
D/dalvikvm(15369): VFY: replacing opcode 0x6e at 0x0002
E/dalvikvm(15369): Could not find class 'android.graphics.drawable.RippleDrawable', referenced from method ns.a
W/dalvikvm(15369): VFY: unable to resolve instanceof 1190 (Landroid/graphics/drawable/RippleDrawable;) in Lns;
D/dalvikvm(15369): VFY: replacing opcode 0x20 at 0x000c
I/GAv4    (15369): Google Analytics 9.8.77 is starting up. To enable debug logging on a device run:
I/GAv4    (15369):   adb shell setprop log.tag.GAv4 DEBUG
I/GAv4    (15369):   adb logcat -s GAv4
D/dalvikvm(15369): GC_CONCURRENT freed 260K, 10% free 3574K/3960K, paused 2ms+1ms, total 16ms
W/GAv4    (15369): AnalyticsReceiver is not registered or is disabled. Register the receiver for reliable dispatching on non-Google Play devices. See http://goo.gl/8Rd3yj for instructions.
E/dalvikvm(15369): Could not find class 'android.graphics.drawable.RippleDrawable', referenced from method aan.b
W/dalvikvm(15369): VFY: unable to resolve instanceof 1190 (Landroid/graphics/drawable/RippleDrawable;) in Laan;
D/dalvikvm(15369): VFY: replacing opcode 0x20 at 0x000e
I/dalvikvm(15369): Could not find method android.animation.AnimatorInflater.loadStateListAnimator, referenced from method ahe.h
W/dalvikvm(15369): VFY: unable to resolve static method 6035: Landroid/animation/AnimatorInflater;.loadStateListAnimator (Landroid/content/Context;I)Landroid/animation/StateListAnimator;
D/dalvikvm(15369): VFY: replacing opcode 0x71 at 0x0007
W/GAv4    (15369): CampaignTrackingReceiver is not registered, not exported or is disabled. Installation campaign tracking is not possible. See http://goo.gl/8Rd3yj for instructions.
D/dalvikvm(15369): GC_CONCURRENT freed 360K, 11% free 3628K/4056K, paused 2ms+3ms, total 9ms
I/System.out(15369): body:<tw: java.net.HttpURLConnection d(tx)>	sig:specialinvoke $r2.<java.net.URL: void <init>(java.lang.String)>($r4)	timediff:0
I/System.out(15369): <tw: java.net.HttpURLConnection d(tx)>###specialinvoke $r2.<java.net.URL: void <init>(java.lang.String)>($r4)###https://api.figure1.com/user/following
I/System.out(15369): body:<tw: java.net.HttpURLConnection d(tx)>	sig:$r5 = virtualinvoke $r2.<java.net.URL: java.net.URLConnection openConnection()>()	timediff:0
I/System.out(15369): body:<tw: java.net.HttpURLConnection d(tx)>	sig:virtualinvoke $r6.<java.net.HttpURLConnection: void setRequestMethod(java.lang.String)>($r4)	timediff:0
I/System.out(15369): body:<tw: java.net.HttpURLConnection d(tx)>	sig:virtualinvoke $r6.<java.net.HttpURLConnection: void setConnectTimeout(int)>($i0)	timediff:0
I/System.out(15369): body:<tw: java.net.HttpURLConnection d(tx)>	sig:virtualinvoke $r6.<java.net.HttpURLConnection: void setReadTimeout(int)>($i0)	timediff:0
I/System.out(15369): body:<tw: java.net.HttpURLConnection d(tx)>	sig:virtualinvoke $r6.<java.net.HttpURLConnection: void setRequestProperty(java.lang.String,java.lang.String)>($r4, $r11)	timediff:0
I/System.out(15369): body:<tw: java.net.HttpURLConnection d(tx)>	sig:virtualinvoke $r6.<java.net.HttpURLConnection: void setRequestProperty(java.lang.String,java.lang.String)>($r4, $r11)	timediff:0
I/System.out(15369): body:<tw: java.net.HttpURLConnection d(tx)>	sig:virtualinvoke $r6.<java.net.HttpURLConnection: void setRequestProperty(java.lang.String,java.lang.String)>($r4, $r11)	timediff:0
I/System.out(15369): body:<tw: java.net.HttpURLConnection d(tx)>	sig:virtualinvoke $r6.<java.net.HttpURLConnection: void setRequestProperty(java.lang.String,java.lang.String)>($r4, $r11)	timediff:0
I/System.out(15369): body:<tw: java.net.HttpURLConnection d(tx)>	sig:virtualinvoke $r6.<java.net.HttpURLConnection: void setRequestProperty(java.lang.String,java.lang.String)>($r4, $r11)	timediff:0
I/System.out(15369): body:<tw: java.net.HttpURLConnection d(tx)>	sig:virtualinvoke $r6.<java.net.HttpURLConnection: void setRequestProperty(java.lang.String,java.lang.String)>($r4, $r11)	timediff:0
I/System.out(15369): body:<tw: java.net.HttpURLConnection d(tx)>	sig:virtualinvoke $r6.<java.net.HttpURLConnection: void setRequestProperty(java.lang.String,java.lang.String)>($r4, $r11)	timediff:0
E/ActivityThread(15369): Failed to find provider info for com.facebook.katana.provider.AttributionIdProvider
I/System.out(15369): body:<tw: java.net.HttpURLConnection d(tx)>	sig:specialinvoke $r2.<java.net.URL: void <init>(java.lang.String)>($r4)	timediff:0
I/System.out(15369): <tw: java.net.HttpURLConnection d(tx)>###specialinvoke $r2.<java.net.URL: void <init>(java.lang.String)>($r4)###https://api.figure1.com/features
I/System.out(15369): body:<tw: java.net.HttpURLConnection d(tx)>	sig:$r5 = virtualinvoke $r2.<java.net.URL: java.net.URLConnection openConnection()>()	timediff:0
I/System.out(15369): body:<tw: java.net.HttpURLConnection d(tx)>	sig:virtualinvoke $r6.<java.net.HttpURLConnection: void setRequestMethod(java.lang.String)>($r4)	timediff:0
I/System.out(15369): body:<tw: java.net.HttpURLConnection d(tx)>	sig:virtualinvoke $r6.<java.net.HttpURLConnection: void setConnectTimeout(int)>($i0)	timediff:0
I/System.out(15369): body:<tw: java.net.HttpURLConnection d(tx)>	sig:virtualinvoke $r6.<java.net.HttpURLConnection: void setReadTimeout(int)>($i0)	timediff:0
I/System.out(15369): body:<tw: java.net.HttpURLConnection d(tx)>	sig:virtualinvoke $r6.<java.net.HttpURLConnection: void setRequestProperty(java.lang.String,java.lang.String)>($r4, $r11)	timediff:0
I/System.out(15369): body:<tw: java.net.HttpURLConnection d(tx)>	sig:virtualinvoke $r6.<java.net.HttpURLConnection: void setRequestProperty(java.lang.String,java.lang.String)>($r4, $r11)	timediff:0
I/System.out(15369): body:<tw: java.net.HttpURLConnection d(tx)>	sig:virtualinvoke $r6.<java.net.HttpURLConnection: void setRequestProperty(java.lang.String,java.lang.String)>($r4, $r11)	timediff:0
I/System.out(15369): body:<tw: java.net.HttpURLConnection d(tx)>	sig:virtualinvoke $r6.<java.net.HttpURLConnection: void setRequestProperty(java.lang.String,java.lang.String)>($r4, $r11)	timediff:1
I/System.out(15369): body:<tw: java.net.HttpURLConnection d(tx)>	sig:virtualinvoke $r6.<java.net.HttpURLConnection: void setRequestProperty(java.lang.String,java.lang.String)>($r4, $r11)	timediff:0
I/System.out(15369): body:<tw: java.net.HttpURLConnection d(tx)>	sig:virtualinvoke $r6.<java.net.HttpURLConnection: void setRequestProperty(java.lang.String,java.lang.String)>($r4, $r11)	timediff:0
I/System.out(15369): body:<tw: java.net.HttpURLConnection d(tx)>	sig:virtualinvoke $r6.<java.net.HttpURLConnection: void setRequestProperty(java.lang.String,java.lang.String)>($r4, $r11)	timediff:0
D/dalvikvm(15369): GC_CONCURRENT freed 195K, 7% free 3843K/4096K, paused 3ms+1ms, total 6ms
I/System.out(15369): body:<tw: java.net.HttpURLConnection d(tx)>	sig:specialinvoke $r2.<java.net.URL: void <init>(java.lang.String)>($r4)	timediff:0
I/System.out(15369): <tw: java.net.HttpURLConnection d(tx)>###specialinvoke $r2.<java.net.URL: void <init>(java.lang.String)>($r4)###http://static.figure1.com/sys/notice/outage.html
I/System.out(15369): body:<tw: java.net.HttpURLConnection d(tx)>	sig:specialinvoke $r2.<java.net.URL: void <init>(java.lang.String)>($r4)	timediff:0
I/System.out(15369): <tw: java.net.HttpURLConnection d(tx)>###specialinvoke $r2.<java.net.URL: void <init>(java.lang.String)>($r4)###http://static.figure1.com/sys/notice/outage.html
I/System.out(15369): body:<tw: java.net.HttpURLConnection d(tx)>	sig:$r5 = virtualinvoke $r2.<java.net.URL: java.net.URLConnection openConnection()>()	timediff:0
I/System.out(15369): body:<tw: java.net.HttpURLConnection d(tx)>	sig:virtualinvoke $r6.<java.net.HttpURLConnection: void setRequestMethod(java.lang.String)>($r4)	timediff:1
I/System.out(15369): body:<tw: java.net.HttpURLConnection d(tx)>	sig:virtualinvoke $r6.<java.net.HttpURLConnection: void setConnectTimeout(int)>($i0)	timediff:0
I/System.out(15369): body:<tw: java.net.HttpURLConnection d(tx)>	sig:virtualinvoke $r6.<java.net.HttpURLConnection: void setReadTimeout(int)>($i0)	timediff:0
E/HyperApi(15369): Error checking outage web page.
I/System.out(15369): body:<tw: java.net.HttpURLConnection d(tx)>	sig:$r5 = virtualinvoke $r2.<java.net.URL: java.net.URLConnection openConnection()>()	timediff:0
I/System.out(15369): body:<tw: java.net.HttpURLConnection d(tx)>	sig:virtualinvoke $r6.<java.net.HttpURLConnection: void setRequestMethod(java.lang.String)>($r4)	timediff:0
I/System.out(15369): body:<tw: java.net.HttpURLConnection d(tx)>	sig:virtualinvoke $r6.<java.net.HttpURLConnection: void setConnectTimeout(int)>($i0)	timediff:0
I/System.out(15369): body:<tw: java.net.HttpURLConnection d(tx)>	sig:virtualinvoke $r6.<java.net.HttpURLConnection: void setReadTimeout(int)>($i0)	timediff:1
E/HyperApi(15369): Error checking outage web page.
E/FeaturePoll(15369): Failed to retrieve feature flags. Unable to resolve host "api.figure1.com": No address associated with hostname
E/HyperApi(15369): Request failed
D/BluetoothManagerService(  464): Message: 20
D/BluetoothManagerService(  464): Added callback: android.bluetooth.IBluetoothManagerCallback$Stub$Proxy@4abb2d34:true
W/DebugConnManager(15369): getNetworkInfo() on networkType 1
D/dalvikvm(15369): GC_FOR_ALLOC freed 298K, 9% free 3915K/4268K, paused 4ms, total 4ms
I/dalvikvm-heap(15369): Grow heap (frag case) to 4.478MB for 635808-byte allocation
D/dalvikvm(15369): GC_FOR_ALLOC freed 1K, 8% free 4534K/4892K, paused 3ms, total 3ms
D/dalvikvm(15369): GC_CONCURRENT freed 14K, 7% free 4570K/4892K, paused 0ms+1ms, total 6ms
D/dalvikvm(15369): GC_CONCURRENT freed 214K, 6% free 4840K/5100K, paused 5ms+4ms, total 15ms
I/System.out(15369): body:<tw: java.net.HttpURLConnection d(tx)>	sig:specialinvoke $r2.<java.net.URL: void <init>(java.lang.String)>($r4)	timediff:0
I/System.out(15369): <tw: java.net.HttpURLConnection d(tx)>###specialinvoke $r2.<java.net.URL: void <init>(java.lang.String)>($r4)###https://api.figure1.com/confUnauthorized
I/System.out(15369): body:<tw: java.net.HttpURLConnection d(tx)>	sig:$r5 = virtualinvoke $r2.<java.net.URL: java.net.URLConnection openConnection()>()	timediff:1
