W/EGL_emulation(  540): eglSurfaceAttrib not implemented 3093 12436
I/ActivityManager(  327): Start proc com.pzizz.android for activity com.pzizz.android/.VideoSplash: pid=17686 uid=10054 gids={50054, 3003, 1028, 1015, 1023}
W/NetworkManagementSocketTagger(  327): setKernelCountSet(10054, 1) failed with errno -13
I/dalvikvm(17686): ignoring registerObject request in thread=1
I/dalvikvm(17686): ignoring registerObject request in thread=1
I/dalvikvm(17686): Could not find method android.content.res.Resources.getDrawable, referenced from method io.branch.referral.BranchUtil.getDrawable
W/dalvikvm(17686): VFY: unable to resolve virtual method 552: Landroid/content/res/Resources;.getDrawable (ILandroid/content/res/Resources$Theme;)Landroid/graphics/drawable/Drawable;
D/dalvikvm(17686): VFY: replacing opcode 0x6e at 0x000e
E/dalvikvm(17686): Could not find class 'com.flurry.sdk.i', referenced from method com.flurry.sdk.md.a
W/dalvikvm(17686): VFY: unable to resolve const-class 2779 (Lcom/flurry/sdk/i;) in Lcom/flurry/sdk/md;
D/dalvikvm(17686): VFY: replacing opcode 0x1c at 0x0020
D/dalvikvm(17686): JIT code cache reset in 0 ms (0 bytes 1/0)
D/dalvikvm(17686): GC_CONCURRENT freed 279K, 11% free 2960K/3304K, paused 1ms+4ms, total 7ms
E/FlurryAgent(17686): GOOGLE PLAY SERVICES ERROR: com.google.android.gms.ads.identifier.AdvertisingIdClient
E/FlurryAgent(17686): There is a problem with the Google Play Services library, which is required for Android Advertising ID support. The Google Play Services library should be integrated in any app shipping in the Play Store that uses analytics or advertising.
I/CrashlyticsCore(17686): Initializing Crashlytics 2.3.8.97
D/dalvikvm(17686): GC_CONCURRENT freed 297K, 11% free 3126K/3484K, paused 1ms+0ms, total 3ms
W/Fabric  (17686): Could not call getId on com.google.android.gms.ads.identifier.AdvertisingIdClient$Info
W/Fabric  (17686): Could not call isLimitAdTrackingEnabled on com.google.android.gms.ads.identifier.AdvertisingIdClient$Info
D/dalvikvm(17686): GC_CONCURRENT freed 271K, 10% free 3357K/3696K, paused 1ms+1ms, total 3ms
D/dalvikvm(17686): WAIT_FOR_CONCURRENT_GC blocked 2ms
D/dalvikvm(17686): WAIT_FOR_CONCURRENT_GC blocked 2ms
D/dalvikvm(17686): GC_FOR_ALLOC freed 245K, 14% free 3337K/3872K, paused 5ms, total 6ms
I/dalvikvm-heap(17686): Grow heap (frag case) to 3.401MB for 87276-byte allocation
D/dalvikvm(17686): GC_FOR_ALLOC freed <1K, 14% free 3422K/3960K, paused 2ms, total 2ms
D/dalvikvm(17686): GC_FOR_ALLOC freed 4K, 14% free 3427K/3960K, paused 2ms, total 3ms
I/dalvikvm-heap(17686): Grow heap (frag case) to 3.489MB for 87276-byte allocation
D/dalvikvm(17686): GC_FOR_ALLOC freed <1K, 14% free 3512K/4048K, paused 2ms, total 2ms
D/dalvikvm(17686): GC_FOR_ALLOC freed <1K, 14% free 3513K/4048K, paused 3ms, total 3ms
I/dalvikvm-heap(17686): Grow heap (frag case) to 3.572MB for 87276-byte allocation
D/dalvikvm(17686): GC_FOR_ALLOC freed <1K, 14% free 3598K/4136K, paused 1ms, total 1ms
D/dalvikvm(17686): GC_FOR_ALLOC freed <1K, 13% free 3598K/4136K, paused 2ms, total 2ms
I/dalvikvm-heap(17686): Grow heap (frag case) to 3.656MB for 87276-byte allocation
D/dalvikvm(17686): GC_FOR_ALLOC freed 0K, 13% free 3683K/4224K, paused 3ms, total 3ms
D/dalvikvm(17686): GC_FOR_ALLOC freed 8K, 13% free 3686K/4224K, paused 3ms, total 3ms
I/dalvikvm-heap(17686): Grow heap (frag case) to 3.741MB for 87276-byte allocation
D/dalvikvm(17686): GC_FOR_ALLOC freed 1K, 13% free 3769K/4312K, paused 1ms, total 1ms
W/DebugConnManager(17686): getNetworkInfo() on networkType 1
W/FlurryAgent(17686): Flurry session started for context:com.pzizz.android.VideoSplash@4a7c24e4
W/FlurryAgent(17686): Flurry session resumed for context:com.pzizz.android.VideoSplash@4a7c24e4
E/FlurryAgent(17686): GOOGLE PLAY SERVICES ERROR: com.google.android.gms.ads.identifier.AdvertisingIdClient
E/FlurryAgent(17686): There is a problem with the Google Play Services library, which is required for Android Advertising ID support. The Google Play Services library should be integrated in any app shipping in the Play Store that uses analytics or advertising.
D/dalvikvm(17686): GC_CONCURRENT freed 233K, 9% free 3963K/4312K, paused 1ms+2ms, total 7ms
W/dalvikvm(17686): VFY: unable to find class referenced in signature (Lokhttp3/Request;)
W/dalvikvm(17686): VFY: unable to find class referenced in signature (Lokhttp3/Response;)
I/dalvikvm(17686): Could not find method okhttp3.Response.headers, referenced from method empirical.HelperClass.printOkHttpInfo
W/dalvikvm(17686): VFY: unable to resolve virtual method 44399: Lokhttp3/Response;.headers ()Lokhttp3/Headers;
D/dalvikvm(17686): VFY: replacing opcode 0x6e at 0x0006
W/dalvikvm(17686): VFY: unable to find class referenced in signature (Lokhttp3/Call;)
W/dalvikvm(17686): VFY: unable to find class referenced in signature (Lokhttp3/Response;)
I/dalvikvm(17686): Could not find method okhttp3.Call.request, referenced from method empirical.HelperClass.printOkHttpInfoFromCall
W/dalvikvm(17686): VFY: unable to resolve interface method 44393: Lokhttp3/Call;.request ()Lokhttp3/Request;
D/dalvikvm(17686): VFY: replacing opcode 0x72 at 0x0006
I/System.out(17686): body:<io.branch.referral.RemoteInterface: io.branch.referral.ServerResponse make_restful_post(org.json.JSONObject,java.lang.String,java.lang.String,int,int,boolean)>	sig:specialinvoke $r10.<java.net.URL: void <init>(java.lang.String)>($r2)	timediff:0
I/System.out(17686): <io.branch.referral.RemoteInterface: io.branch.referral.ServerResponse make_restful_post(org.json.JSONObject,java.lang.String,java.lang.String,int,int,boolean)>###specialinvoke $r10.<java.net.URL: void <init>(java.lang.String)>($r2)###https://api.branch.io/v1/open
I/System.out(17686): body:<com.flurry.sdk.kp: void r()>	sig:specialinvoke $r6.<java.net.URL: void <init>(java.lang.String)>($r1)	timediff:0
I/System.out(17686): <com.flurry.sdk.kp: void r()>###specialinvoke $r6.<java.net.URL: void <init>(java.lang.String)>($r1)###https://data.flurry.com/aap.do
I/System.out(17686): body:<com.flurry.sdk.kp: void r()>	sig:$r7 = virtualinvoke $r6.<java.net.URL: java.net.URLConnection openConnection()>()	timediff:11
I/System.out(17686): body:<com.flurry.sdk.kp: void r()>	sig:virtualinvoke $r4.<java.net.HttpURLConnection: void setConnectTimeout(int)>($i0)	timediff:0
I/System.out(17686): body:<com.flurry.sdk.kp: void r()>	sig:virtualinvoke $r4.<java.net.HttpURLConnection: void setReadTimeout(int)>($i0)	timediff:0
I/System.out(17686): body:<com.flurry.sdk.kp: void r()>	sig:virtualinvoke $r4.<java.net.HttpURLConnection: void setRequestMethod(java.lang.String)>($r1)	timediff:0
I/System.out(17686): body:<com.flurry.sdk.kp: void r()>	sig:virtualinvoke $r4.<java.net.HttpURLConnection: void setInstanceFollowRedirects(boolean)>($z0)	timediff:0
I/System.out(17686): body:<com.flurry.sdk.kp: void r()>	sig:virtualinvoke $r4.<java.net.HttpURLConnection: void setDoOutput(boolean)>($z0)	timediff:0
I/System.out(17686): body:<com.flurry.sdk.kp: void r()>	sig:virtualinvoke $r4.<java.net.HttpURLConnection: void setDoInput(boolean)>(1)	timediff:0
I/System.out(17686): body:<com.flurry.sdk.kp: void r()>	sig:virtualinvoke $r4.<java.net.HttpURLConnection: void addRequestProperty(java.lang.String,java.lang.String)>($r1, $r13)	timediff:0
I/System.out(17686): body:<io.branch.referral.RemoteInterface: io.branch.referral.ServerResponse make_restful_post(org.json.JSONObject,java.lang.String,java.lang.String,int,int,boolean)>	sig:$r16 = virtualinvoke $r10.<java.net.URL: java.net.URLConnection openConnection()>()	timediff:13
I/System.out(17686): body:<io.branch.referral.RemoteInterface: io.branch.referral.ServerResponse make_restful_post(org.json.JSONObject,java.lang.String,java.lang.String,int,int,boolean)>	sig:virtualinvoke $r17.<java.net.HttpURLConnection: void setConnectTimeout(int)>($i0)	timediff:0
I/System.out(17686): body:<io.branch.referral.RemoteInterface: io.branch.referral.ServerResponse make_restful_post(org.json.JSONObject,java.lang.String,java.lang.String,int,int,boolean)>	sig:virtualinvoke $r17.<java.net.HttpURLConnection: void setReadTimeout(int)>($i0)	timediff:0
I/System.out(17686): body:<io.branch.referral.RemoteInterface: io.branch.referral.ServerResponse make_restful_post(org.json.JSONObject,java.lang.String,java.lang.String,int,int,boolean)>	sig:virtualinvoke $r17.<java.net.HttpURLConnection: void setDoInput(boolean)>(1)	timediff:0
I/System.out(17686): body:<io.branch.referral.RemoteInterface: io.branch.referral.ServerResponse make_restful_post(org.json.JSONObject,java.lang.String,java.lang.String,int,int,boolean)>	sig:virtualinvoke $r17.<java.net.HttpURLConnection: void setDoOutput(boolean)>(1)	timediff:0
I/System.out(17686): body:<io.branch.referral.RemoteInterface: io.branch.referral.ServerResponse make_restful_post(org.json.JSONObject,java.lang.String,java.lang.String,int,int,boolean)>	sig:virtualinvoke $r17.<java.net.HttpURLConnection: void setRequestProperty(java.lang.String,java.lang.String)>("Content-Type", "application/json")	timediff:0
I/System.out(17686): body:<io.branch.referral.RemoteInterface: io.branch.referral.ServerResponse make_restful_post(org.json.JSONObject,java.lang.String,java.lang.String,int,int,boolean)>	sig:virtualinvoke $r17.<java.net.HttpURLConnection: void setRequestProperty(java.lang.String,java.lang.String)>("Accept", "application/json")	timediff:0
I/System.out(17686): body:<io.branch.referral.RemoteInterface: io.branch.referral.ServerResponse make_restful_post(org.json.JSONObject,java.lang.String,java.lang.String,int,int,boolean)>	sig:virtualinvoke $r17.<java.net.HttpURLConnection: void setRequestMethod(java.lang.String)>("POST")	timediff:0
D/dalvikvm(17686): GC_CONCURRENT freed 256K, 8% free 4148K/4472K, paused 1ms+3ms, total 7ms
D/LVLDL   (17686): Service Bound
I/System.out(17686): body:<io.branch.referral.RemoteInterface: io.branch.referral.ServerResponse make_restful_post(org.json.JSONObject,java.lang.String,java.lang.String,int,int,boolean)>	sig:$r18 = virtualinvoke $r17.<java.net.HttpURLConnection: java.io.OutputStream getOutputStream()>()	timediff:70
D/dalvikvm(17686): GC_CONCURRENT freed 404K, 10% free 4173K/4632K, paused 2ms+1ms, total 7ms
I/System.out(17686): body:<io.branch.referral.RemoteInterface: io.branch.referral.ServerResponse make_restful_post(org.json.JSONObject,java.lang.String,java.lang.String,int,int,boolean)>	sig:$i4 = virtualinvoke $r17.<java.net.HttpURLConnection: int getResponseCode()>()	timediff:57
I/System.out(17686): body:<io.branch.referral.RemoteInterface: io.branch.referral.ServerResponse make_restful_post(org.json.JSONObject,java.lang.String,java.lang.String,int,int,boolean)>	sig:$i4 = virtualinvoke $r17.<java.net.HttpURLConnection: int getResponseCode()>()	timediff:0
I/System.out(17686): body:<io.branch.referral.RemoteInterface: io.branch.referral.ServerResponse make_restful_post(org.json.JSONObject,java.lang.String,java.lang.String,int,int,boolean)>	sig:$r25 = virtualinvoke $r17.<java.net.HttpURLConnection: java.io.InputStream getInputStream()>()	timediff:0
I/System.out(17686): body:<empirical.HelperClass: void printURLInfo(java.lang.String,java.lang.String,java.net.URLConnection)>	sig:$r0 = virtualinvoke urlConnection.<java.net.URLConnection: java.net.URL getURL()>()	timediff:0
I/System.out(17686): body:<empirical.HelperClass: void printURLInfo(java.lang.String,java.lang.String,java.net.URLConnection)>	sig:urlString = virtualinvoke $r0.<java.net.URL: java.lang.String toString()>()	timediff:0
I/System.out(17686): body:<empirical.HelperClass: void printURLInfo(java.lang.String,java.lang.String,java.net.URLConnection)>	sig:isDoOutput = virtualinvoke urlConnection.<java.net.URLConnection: boolean getDoOutput()>()	timediff:0
I/System.out(17686): body:<empirical.HelperClass: java.lang.String getHeaderField(java.net.URLConnection,java.lang.String)>	sig:data = virtualinvoke conn.<java.net.URLConnection: java.lang.String getHeaderField(java.lang.String)>(field)	timediff:0
I/System.out(17686): body:<empirical.HelperClass: java.lang.String getHeaderField(java.net.URLConnection,java.lang.String)>	sig:data = virtualinvoke conn.<java.net.URLConnection: java.lang.String getHeaderField(java.lang.String)>(field)	timediff:0
I/System.out(17686): body:<empirical.HelperClass: java.lang.String getHeaderField(java.net.URLConnection,java.lang.String)>	sig:data = virtualinvoke conn.<java.net.URLConnection: java.lang.String getHeaderField(java.lang.String)>(field)	timediff:0
I/System.out(17686): body:<empirical.HelperClass: java.lang.String getHeaderField(java.net.URLConnection,java.lang.String)>	sig:data = virtualinvoke conn.<java.net.URLConnection: java.lang.String getHeaderField(java.lang.String)>(field)	timediff:0
I/System.out(17686): body:<empirical.HelperClass: java.lang.String getHeaderField(java.net.URLConnection,java.lang.String)>	sig:data = virtualinvoke conn.<java.net.URLConnection: java.lang.String getHeaderField(java.lang.String)>(field)	timediff:0
I/System.out(17686): URLConn;%;0;%;<io.branch.referral.RemoteInterface: io.branch.referral.ServerResponse make_restful_post(org.json.JSONObject,java.lang.String,java.lang.String,int,int,boolean)>;%;$r25 = virtualinvoke $r17.<java.net.HttpURLConnection: java.io.InputStream getInputStream()>();%;https://api.branch.io/v1/open;%;true;%;250;%;no-cache;%;Not found;%;Not found;%;Not found
I/System.out(17686): body:<io.branch.referral.RemoteInterface: io.branch.referral.ServerResponse make_restful_post(org.json.JSONObject,java.lang.String,java.lang.String,int,int,boolean)>	sig:$i4 = virtualinvoke $r17.<java.net.HttpURLConnection: int getResponseCode()>()	timediff:0
I/System.out(17686): body:<io.branch.referral.RemoteInterface: io.branch.referral.ServerResponse make_restful_post(org.json.JSONObject,java.lang.String,java.lang.String,int,int,boolean)>	sig:virtualinvoke $r17.<java.net.HttpURLConnection: void disconnect()>()	timediff:0
I/System.out(17686): body:<com.flurry.sdk.kp: void r()>	sig:$r15 = virtualinvoke $r4.<java.net.HttpURLConnection: java.io.OutputStream getOutputStream()>()	timediff:152
D/dalvikvm(17686): GC_CONCURRENT freed 456K, 12% free 4174K/4696K, paused 0ms+2ms, total 4ms
I/System.out(17686): body:<io.fabric.sdk.android.services.network.HttpRequest: java.lang.String encode(java.lang.CharSequence)>	sig:specialinvoke $r3.<java.net.URL: void <init>(java.lang.String)>($r1)	timediff:0
I/System.out(17686): <io.fabric.sdk.android.services.network.HttpRequest: java.lang.String encode(java.lang.CharSequence)>###specialinvoke $r3.<java.net.URL: void <init>(java.lang.String)>($r1)###https://e.crashlytics.com/spi/v2/events
I/System.out(17686): body:<io.fabric.sdk.android.services.network.HttpRequest: java.lang.String encode(java.lang.CharSequence)>	sig:$r4 = virtualinvoke $r3.<java.net.URL: java.lang.String getHost()>()	timediff:0
I/System.out(17686): body:<io.fabric.sdk.android.services.network.HttpRequest: java.lang.String encode(java.lang.CharSequence)>	sig:$i0 = virtualinvoke $r3.<java.net.URL: int getPort()>()	timediff:0
I/System.out(17686): body:<io.fabric.sdk.android.services.network.HttpRequest: java.lang.String encode(java.lang.CharSequence)>	sig:$r4 = virtualinvoke $r3.<java.net.URL: java.lang.String getProtocol()>()	timediff:0
I/System.out(17686): body:<io.fabric.sdk.android.services.network.HttpRequest: java.lang.String encode(java.lang.CharSequence)>	sig:$r7 = virtualinvoke $r3.<java.net.URL: java.lang.String getPath()>()	timediff:0
I/System.out(17686): body:<io.fabric.sdk.android.services.network.HttpRequest: java.lang.String encode(java.lang.CharSequence)>	sig:$r8 = virtualinvoke $r3.<java.net.URL: java.lang.String getQuery()>()	timediff:0
I/System.out(17686): body:<io.fabric.sdk.android.services.network.HttpRequest: java.lang.String encode(java.lang.CharSequence)>	sig:specialinvoke $r6.<java.net.URI: void <init>(java.lang.String,java.lang.String,java.lang.String,java.lang.String,java.lang.String)>($r4, $r1, $r7, $r8, null)	timediff:0
I/System.out(17686): body:<io.fabric.sdk.android.services.network.HttpRequest: java.lang.String encode(java.lang.CharSequence)>	sig:$r8 = virtualinvoke $r6.<java.net.URI: java.lang.String toASCIIString()>()	timediff:0
I/System.out(17686): body:<io.fabric.sdk.android.services.network.HttpRequest: void <init>(java.lang.CharSequence,java.lang.String)>	sig:specialinvoke $r5.<java.net.URL: void <init>(java.lang.String)>($r4)	timediff:0
I/System.out(17686): <io.fabric.sdk.android.services.network.HttpRequest: void <init>(java.lang.CharSequence,java.lang.String)>###specialinvoke $r5.<java.net.URL: void <init>(java.lang.String)>($r4)###https://e.crashlytics.com/spi/v2/events
I/System.out(17686): body:<io.fabric.sdk.android.services.network.HttpRequest$ConnectionFactory$1: java.net.HttpURLConnection create(java.net.URL)>	sig:$r2 = virtualinvoke $r1.<java.net.URL: java.net.URLConnection openConnection()>()	timediff:0
I/System.out(17686): body:<io.fabric.sdk.android.services.network.HttpRequest: java.net.HttpURLConnection createConnection()>	sig:virtualinvoke $r1.<java.net.HttpURLConnection: void setRequestMethod(java.lang.String)>($r3)	timediff:0
I/System.out(17686): body:<io.fabric.sdk.android.services.network.HttpRequest: io.fabric.sdk.android.services.network.HttpRequest useCaches(boolean)>	sig:virtualinvoke $r1.<java.net.HttpURLConnection: void setUseCaches(boolean)>($z0)	timediff:0
I/System.out(17686): body:<io.fabric.sdk.android.services.network.HttpRequest: io.fabric.sdk.android.services.network.HttpRequest connectTimeout(int)>	sig:virtualinvoke $r1.<java.net.HttpURLConnection: void setConnectTimeout(int)>($i0)	timediff:0
I/System.out(17686): body:<io.fabric.sdk.android.services.network.HttpRequest: io.fabric.sdk.android.services.network.HttpRequest header(java.lang.String,java.lang.String)>	sig:virtualinvoke $r3.<java.net.HttpURLConnection: void setRequestProperty(java.lang.String,java.lang.String)>($r1, $r2)	timediff:0
I/System.out(17686): body:<io.fabric.sdk.android.services.network.HttpRequest: io.fabric.sdk.android.services.network.HttpRequest header(java.lang.String,java.lang.String)>	sig:virtualinvoke $r3.<java.net.HttpURLConnection: void setRequestProperty(java.lang.String,java.lang.String)>($r1, $r2)	timediff:0
I/System.out(17686): body:<io.fabric.sdk.android.services.network.HttpRequest: io.fabric.sdk.android.services.network.HttpRequest header(java.lang.String,java.lang.String)>	sig:virtualinvoke $r3.<java.net.HttpURLConnection: void setRequestProperty(java.lang.String,java.lang.String)>($r1, $r2)	timediff:0
I/System.out(17686): body:<io.fabric.sdk.android.services.network.HttpRequest: io.fabric.sdk.android.services.network.HttpRequest header(java.lang.String,java.lang.String)>	sig:virtualinvoke $r3.<java.net.HttpURLConnection: void setRequestProperty(java.lang.String,java.lang.String)>($r1, $r2)	timediff:0
I/System.out(17686): body:<io.fabric.sdk.android.services.network.HttpRequest: io.fabric.sdk.android.services.network.HttpRequest header(java.lang.String,java.lang.String)>	sig:virtualinvoke $r3.<java.net.HttpURLConnection: void setRequestProperty(java.lang.String,java.lang.String)>($r1, $r2)	timediff:0
I/System.out(17686): body:<io.fabric.sdk.android.services.network.HttpRequest: io.fabric.sdk.android.services.network.HttpRequest header(java.lang.String,java.lang.String)>	sig:virtualinvoke $r3.<java.net.HttpURLConnection: void setRequestProperty(java.lang.String,java.lang.String)>($r1, $r2)	timediff:0
I/System.out(17686): body:<io.fabric.sdk.android.services.network.HttpRequest: io.fabric.sdk.android.services.network.HttpRequest openOutput()>	sig:virtualinvoke $r2.<java.net.HttpURLConnection: void setDoOutput(boolean)>(1)	timediff:0
I/System.out(17686): body:<io.fabric.sdk.android.services.network.HttpRequest: io.fabric.sdk.android.services.network.HttpRequest openOutput()>	sig:$r3 = virtualinvoke $r2.<java.net.HttpURLConnection: java.lang.String getRequestProperty(java.lang.String)>("Content-Type")	timediff:0
I/System.out(17686): body:<com.flurry.sdk.kp: void r()>	sig:$i0 = virtualinvoke $r4.<java.net.HttpURLConnection: int getResponseCode()>()	timediff:51
I/System.out(17686): body:<com.flurry.sdk.kp: void r()>	sig:$r18 = virtualinvoke $r4.<java.net.HttpURLConnection: java.util.Map getHeaderFields()>()	timediff:1
I/System.out(17686): body:<com.flurry.sdk.kp: void r()>	sig:$r23 = virtualinvoke $r4.<java.net.HttpURLConnection: java.io.InputStream getInputStream()>()	timediff:0
I/System.out(17686): body:<empirical.HelperClass: void printURLInfo(java.lang.String,java.lang.String,java.net.URLConnection)>	sig:$r0 = virtualinvoke urlConnection.<java.net.URLConnection: java.net.URL getURL()>()	timediff:0
I/System.out(17686): body:<empirical.HelperClass: void printURLInfo(java.lang.String,java.lang.String,java.net.URLConnection)>	sig:urlString = virtualinvoke $r0.<java.net.URL: java.lang.String toString()>()	timediff:0
I/System.out(17686): body:<empirical.HelperClass: void printURLInfo(java.lang.String,java.lang.String,java.net.URLConnection)>	sig:isDoOutput = virtualinvoke urlConnection.<java.net.URLConnection: boolean getDoOutput()>()	timediff:0
I/System.out(17686): body:<empirical.HelperClass: java.lang.String getHeaderField(java.net.URLConnection,java.lang.String)>	sig:data = virtualinvoke conn.<java.net.URLConnection: java.lang.String getHeaderField(java.lang.String)>(field)	timediff:0
I/System.out(17686): body:<empirical.HelperClass: java.lang.String getHeaderField(java.net.URLConnection,java.lang.String)>	sig:data = virtualinvoke conn.<java.net.URLConnection: java.lang.String getHeaderField(java.lang.String)>(field)	timediff:0
I/System.out(17686): body:<empirical.HelperClass: java.lang.String getHeaderField(java.net.URLConnection,java.lang.String)>	sig:data = virtualinvoke conn.<java.net.URLConnection: java.lang.String getHeaderField(java.lang.String)>(field)	timediff:0
I/System.out(17686): body:<empirical.HelperClass: java.lang.String getHeaderField(java.net.URLConnection,java.lang.String)>	sig:data = virtualinvoke conn.<java.net.URLConnection: java.lang.String getHeaderField(java.lang.String)>(field)	timediff:0
I/System.out(17686): body:<empirical.HelperClass: java.lang.String getHeaderField(java.net.URLConnection,java.lang.String)>	sig:data = virtualinvoke conn.<java.net.URLConnection: java.lang.String getHeaderField(java.lang.String)>(field)	timediff:0
I/System.out(17686): URLConn;%;1;%;<com.flurry.sdk.kp: void r()>;%;$r23 = virtualinvoke $r4.<java.net.HttpURLConnection: java.io.InputStream getInputStream()>();%;https://data.flurry.com/aap.do;%;true;%;Not found;%;Not found;%;Not found;%;0;%;Not found
I/System.out(17686): body:<com.flurry.sdk.kp: void t()>	sig:virtualinvoke $r1.<java.net.HttpURLConnection: void disconnect()>()	timediff:0
W/FlurryAgent(17686): Analytics report sent.
D/libEGL  (17686): loaded /system/lib/egl/libEGL_adreno.so
D/        (17686): HostConnection::get() New Host Connection established 0xb875ee50, tid 17686
D/libEGL  (17686): loaded /system/lib/egl/libGLESv1_CM_adreno.so
D/libEGL  (17686): loaded /system/lib/egl/libGLESv2_adreno.so
W/EGL_emulation(17686): eglSurfaceAttrib not implemented 3093 12436
D/OpenGLRenderer(17686): Enabling debug mode 0
W/ViewRootImpl(17686): Dropping event due to no window focus: KeyEvent { action=ACTION_DOWN, keyCode=KEYCODE_DPAD_RIGHT, scanCode=0, metaState=0, flags=0x8, repeatCount=0, eventTime=8446505, downTime=8446505, deviceId=-1, source=0x101 }
D/dalvikvm(17686): GC_CONCURRENT freed 341K, 11% free 4217K/4696K, paused 2ms+2ms, total 6ms
I/LicenseChecker(17686): Binding to licensing service.
I/System.out(17686): body:<io.fabric.sdk.android.services.network.HttpRequest: io.fabric.sdk.android.services.network.HttpRequest openOutput()>	sig:$r4 = virtualinvoke $r2.<java.net.HttpURLConnection: java.io.OutputStream getOutputStream()>()	timediff:252
D/dalvikvm(17686): GC_CONCURRENT freed 383K, 10% free 4231K/4696K, paused 2ms+1ms, total 6ms
W/ViewRootImpl(17686): Dropping event due to no window focus: KeyEvent { action=ACTION_DOWN, keyCode=KEYCODE_DPAD_UP, scanCode=0, metaState=0, flags=0x8, repeatCount=0, eventTime=8447018, downTime=8447018, deviceId=-1, source=0x101 }
I/System.out(17686): body:<io.fabric.sdk.android.services.network.HttpRequest: int code()>	sig:$i0 = virtualinvoke $r2.<java.net.HttpURLConnection: int getResponseCode()>()	timediff:71
W/ContextImpl(  327): Calling a method in the system process without a qualified user: android.app.ContextImpl.sendBroadcast:1123 com.android.server.InputMethodManagerService.hideCurrentInputLocked:1880 com.android.server.InputMethodManagerService.windowGainedFocus:1968 com.android.internal.view.IInputMethodManager$Stub.onTransact:221 com.android.server.InputMethodManagerService.onTransact:818 
I/LicenseChecker(17686): Calling checkLicense on service for com.pzizz.android
I/LicenseChecker(17686): Start monitoring timeout.
I/LicenseChecker(17686): Received response.
I/LicenseChecker(17686): Clearing timeout.
W/dalvikvm(17686): threadid=24: thread exiting with uncaught exception (group=0x94c8fb20)
I/ActivityManager(  327): Displayed com.pzizz.android/.VideoSplash: +833ms
D/dalvikvm(17686): GC_CONCURRENT freed 448K, 11% free 4292K/4804K, paused 1ms+1ms, total 3ms
D/dalvikvm(17686): WAIT_FOR_CONCURRENT_GC blocked 1ms
W/System.err(17686): java.lang.NullPointerException
W/System.err(17686): 	at com.google.android.vending.licensing.LicenseValidator.verify(LicenseValidator.java:99)
W/System.err(17686): 	at com.google.android.vending.licensing.LicenseChecker$ResultListener$2.run(LicenseChecker.java:232)
W/System.err(17686): 	at android.os.Handler.handleCallback(Handler.java:733)
W/System.err(17686): 	at android.os.Handler.dispatchMessage(Handler.java:95)
W/System.err(17686): 	at android.os.Looper.loop(Looper.java:136)
W/System.err(17686): 	at android.os.HandlerThread.run(HandlerThread.java:61)
W/FlurryAgent(17686): Error logged: uncaught
I/Process (  327): Sending signal. PID: 17686 SIG: 9
E/AndroidRuntime(17686): FATAL EXCEPTION: background thread
E/AndroidRuntime(17686): Process: com.pzizz.android, PID: 17686
E/AndroidRuntime(17686): java.lang.NullPointerException
E/AndroidRuntime(17686): 	at com.google.android.vending.licensing.LicenseValidator.verify(LicenseValidator.java:99)
E/AndroidRuntime(17686): 	at com.google.android.vending.licensing.LicenseChecker$ResultListener$2.run(LicenseChecker.java:232)
E/AndroidRuntime(17686): 	at android.os.Handler.handleCallback(Handler.java:733)
E/AndroidRuntime(17686): 	at android.os.Handler.dispatchMessage(Handler.java:95)
E/AndroidRuntime(17686): 	at android.os.Looper.loop(Looper.java:136)
E/AndroidRuntime(17686): 	at android.os.HandlerThread.run(HandlerThread.java:61)
W/ActivityManager(  327): Force-killing crashed app com.pzizz.android at watcher's request
W/ContextImpl(  327): Calling a method in the system process without a qualified user: android.app.ContextImpl.sendBroadcast:1123 com.android.server.am.ActivityManagerService.handleApplicationCrashInner:9670 com.android.server.am.ActivityManagerService.handleApplicationCrash:9644 android.app.ActivityManagerNative.onTransact:1311 com.android.server.am.ActivityManagerService.onTransact:2071 
W/InputDispatcher(  327): channel '4acd66fc com.pzizz.android/com.pzizz.android.VideoSplash (server)' ~ Consumer closed input channel or an error occurred.  events=0xd
E/InputDispatcher(  327): channel '4acd66fc com.pzizz.android/com.pzizz.android.VideoSplash (server)' ~ Channel is unrecoverably broken and will be disposed!
I/ActivityManager(  327): Process com.pzizz.android (pid 17686) has died.
W/ActivityManager(  327): Force removing ActivityRecord{4a8e5410 u0 com.pzizz.android/.VideoSplash t89}: app died, no saved state
W/InputDispatcher(  327): Attempted to unregister already unregistered input channel '4acd66fc com.pzizz.android/com.pzizz.android.VideoSplash (server)'
W/NetworkManagementSocketTagger(  327): setKernelCountSet(10054, 0) failed with errno -13
I/InputDispatcher(  327): Dropping event because there is no focused window or focused application.
I/InputDispatcher(  327): Dropping event because there is no focused window or focused application.
I/InputDispatcher(  327): Dropping event because there is no focused window or focused application.
I/InputDispatcher(  327): Dropping event because there is no focused window or focused application.
I/InputDispatcher(  327): Dropping event because there is no focused window or focused application.
I/InputDispatcher(  327): Dropping event because there is no focused window or focused application.
I/WindowState(  327): WIN DEATH: Window{4acd66fc u0 com.pzizz.android/com.pzizz.android.VideoSplash}
W/InputManager(  327): Input event injection from pid 17288 failed.
W/InputManager(  327): Input event injection from pid 17288 failed.
W/InputManager(  327): Input event injection from pid 17288 failed.
W/InputManager(  327): Input event injection from pid 17288 failed.
W/InputManager(  327): Input event injection from pid 17288 failed.
W/InputManager(  327): Input event injection from pid 17288 failed.
W/InputManager(  327): Input event injection from pid 17288 failed.
W/InputManager(  327): Input event injection from pid 17288 failed.
W/InputManager(  327): Input event injection from pid 17288 failed.
W/InputManager(  327): Input event injection from pid 17288 failed.
W/InputManager(  327): Input event injection from pid 17288 failed.
W/InputManager(  327): Input event injection from pid 17288 failed.
I/InputDispatcher(  327): Dropping event because there is no focused window or focused application.
I/InputDispatcher(  327): Dropping event because there is no focused window or focused application.
I/InputDispatcher(  327): Dropping event because there is no focused window or focused application.
I/InputDispatcher(  327): Dropping event because there is no focused window or focused application.
I/InputDispatcher(  327): Dropping event because there is no focused window or focused application.
I/InputDispatcher(  327): Dropping event because there is no focused window or focused application.
I/InputDispatcher(  327): Dropping event because there is no focused window or focused application.
I/InputDispatcher(  327): Dropping event because there is no focused window or focused application.
W/InputManager(  327): Input event injection from pid 17288 failed.
W/InputManager(  327): Input event injection from pid 17288 failed.
W/InputManager(  327): Input event injection from pid 17288 failed.
W/InputManager(  327): Input event injection from pid 17288 failed.
W/InputManager(  327): Input event injection from pid 17288 failed.
W/InputManager(  327): Input event injection from pid 17288 failed.
W/InputManager(  327): Input event injection from pid 17288 failed.
W/InputManager(  327): Input event injection from pid 17288 failed.
W/InputManager(  327): Input event injection from pid 17288 failed.
I/InputDispatcher(  327): Dropping event because there is no focused window or focused application.
I/InputDispatcher(  327): Dropping event because there is no focused window or focused application.
W/InputManager(  327): Input event injection from pid 17288 failed.
W/InputManager(  327): Input event injection from pid 17288 failed.
W/InputManager(  327): Input event injection from pid 17288 failed.
W/InputManager(  327): Input event injection from pid 17288 failed.
W/EGL_emulation(10441): eglSurfaceAttrib not implemented 3093 12436
W/EGL_emulation(10441): eglSurfaceAttrib not implemented 3093 12436
W/ViewRootImpl(10441): Dropping event due to no window focus: KeyEvent { action=ACTION_DOWN, keyCode=KEYCODE_DPAD_CENTER, scanCode=0, metaState=0, flags=0x8, repeatCount=0, eventTime=8447415, downTime=8447415, deviceId=-1, source=0x101 }
W/ContextImpl(  327): Calling a method in the system process without a qualified user: android.app.ContextImpl.sendBroadcast:1123 com.android.server.InputMethodManagerService.hideCurrentInputLocked:1880 com.android.server.InputMethodManagerService.windowGainedFocus:1968 com.android.internal.view.IInputMethodManager$Stub.onTransact:221 com.android.server.InputMethodManagerService.onTransact:818 
W/Binder  (  639): Caught a RuntimeException from the binder stub implementation.
W/Binder  (  639): java.lang.NullPointerException
W/Binder  (  639): 	at android.inputmethodservice.IInputMethodWrapper.setSessionEnabled(IInputMethodWrapper.java:280)
W/Binder  (  639): 	at com.android.internal.view.IInputMethod$Stub.onTransact(IInputMethod.java:129)
W/Binder  (  639): 	at android.os.Binder.execTransact(Binder.java:404)
W/Binder  (  639): 	at dalvik.system.NativeStart.run(Native Method)
D/dalvikvm(  639): GC_CONCURRENT freed 350K, 13% free 3033K/3448K, paused 0ms+0ms, total 2ms
W/InputMethodManagerService(  327): Got RemoteException sending setActive(false) notification to pid 17686 uid 10054
W/WindowManager(  327): Rebuild removed 4 windows but added 3
W/WindowManager(  327): java.lang.RuntimeException: here
W/WindowManager(  327): 	at com.android.server.wm.WindowManagerService.rebuildAppWindowListLocked(WindowManagerService.java:8184)
W/WindowManager(  327): 	at com.android.server.wm.WindowManagerService.rebuildAppWindowListLocked(WindowManagerService.java:8120)
W/WindowManager(  327): 	at com.android.server.wm.WindowManagerService.handleAppTransitionReadyLocked(WindowManagerService.java:8603)
W/WindowManager(  327): 	at com.android.server.wm.WindowManagerService.performLayoutAndPlaceSurfacesLockedInner(WindowManagerService.java:9366)
W/WindowManager(  327): 	at com.android.server.wm.WindowManagerService.performLayoutAndPlaceSurfacesLockedLoop(WindowManagerService.java:8336)
W/WindowManager(  327): 	at com.android.server.wm.WindowManagerService.performLayoutAndPlaceSurfacesLocked(WindowManagerService.java:8278)
W/WindowManager(  327): 	at com.android.server.wm.WindowManagerService.access$400(WindowManagerService.java:165)
W/WindowManager(  327): 	at com.android.server.wm.WindowManagerService$H.handleMessage(WindowManagerService.java:7312)
W/WindowManager(  327): 	at android.os.Handler.dispatchMessage(Handler.java:102)
W/WindowManager(  327): 	at android.os.Looper.loop(Looper.java:136)
W/WindowManager(  327): 	at android.os.HandlerThread.run(HandlerThread.java:61)
W/WindowManager(  327): This window was lost: Window{4abb74c0 u0 Starting com.pzizz.android EXITING}
W/WindowManager(  327): mDisplayId=0 mSession=Session{4a911be4 327:1000} mClient=android.view.ViewRootImpl$W@4abd39e0
W/WindowManager(  327): mOwnerUid=1000 mShowToOwnerOnly=false package=com.pzizz.android appop=NONE
W/WindowManager(  327): mAttrs=WM.LayoutParams{(0,0)(fillxfill) sim=#20 ty=3 fl=#1830118 pfl=0x19 wanim=0x10302f5}
W/WindowManager(  327): Requested w=720 h=1280 mLayoutSeq=6440
W/WindowManager(  327): mBaseLayer=21000 mSubLayer=0 mAnimLayer=21020+0=21020 mLastLayer=21020
W/WindowManager(  327): mToken=AppWindowToken{4aea8fec token=Token{4a7cc6f4 ActivityRecord{4a8e5410 u0 com.pzizz.android/.VideoSplash t89}}}
W/WindowManager(  327): mRootToken=AppWindowToken{4aea8fec token=Token{4a7cc6f4 ActivityRecord{4a8e5410 u0 com.pzizz.android/.VideoSplash t89}}}
W/WindowManager(  327): mAppToken=AppWindowToken{4aea8fec token=Token{4a7cc6f4 ActivityRecord{4a8e5410 u0 com.pzizz.android/.VideoSplash t89}}}
W/WindowManager(  327): mViewVisibility=0x0 mHaveFrame=true mObscured=false
W/WindowManager(  327): mSeq=0 mSystemUiVisibility=0x0
W/WindowManager(  327): mGivenContentInsets=[0,0][0,0] mGivenVisibleInsets=[0,0][0,0]
W/WindowManager(  327): mConfiguration={1.0 310mcc260mnc en_US ldltr sw480dp w480dp h828dp 240dpi lrg long port finger -keyb/v/h dpad/v s.22}
W/WindowManager(  327): mHasSurface=true mShownFrame=[0.0,0.0][720.0,1280.0] isReadyForDisplay()=true
W/WindowManager(  327): mFrame=[0,0][720,1280] last=[0,0][720,1280]
W/WindowManager(  327): mSystemDecorRect=[0,38][720,1280] last=[0,38][720,1280]
W/WindowManager(  327): Frames: containing=[0,0][720,1280] parent=[0,0][720,1280]
W/WindowManager(  327):     display=[0,0][720,1280] overscan=[0,0][720,1280]
W/WindowManager(  327):     content=[0,38][720,1280] visible=[0,38][720,1280]
W/WindowManager(  327):     decor=[0,38][720,1280]
W/WindowManager(  327): Cur insets: overscan=[0,0][0,0] content=[0,38][0,0] visible=[0,38][0,0]
W/WindowManager(  327): Lst insets: overscan=[0,0][0,0] content=[0,38][0,0] visible=[0,38][0,0]
W/WindowManager(  327): WindowStateAnimator{4a9e5b04 Starting com.pzizz.android}:
W/WindowManager(  327):   mAnimating=true mLocalAnimating=true mAnimationIsEntrance=false mAnimation=android.view.animation.AnimationSet@4af3a29c
W/WindowManager(  327):   XForm: has=true hasLocal=true {alpha=0.028476536 matrix=[1.0, 0.0, 0.0][0.0, 1.0, 0.0][0.0, 0.0, 1.0]}
W/WindowManager(  327):   mSurface=Surface(name=Starting com.pzizz.android)
W/WindowManager(  327):   mDrawState=HAS_DRAWN mLastHidden=false
W/WindowManager(  327):   Surface: shown=true layer=21020 alpha=0.028476536 rect=(0.0,0.0) 720.0 x 1280.0
W/WindowManager(  327):   mShownAlpha=0.028476536 mAlpha=1.0 mLastAlpha=0.028476536
W/WindowManager(  327):   mGlobalScale=1.0 mDsDx=1.0 mDtDx=0.0 mDsDy=0.0 mDtDy=1.0
W/WindowManager(  327): mExiting=true mRemoveOnExit=true mDestroying=false mRemoved=false
W/WindowManager(  327): Current app token list:
V/WindowManager(  327):   Display 0
V/WindowManager(  327):   #1: Token{4abefbec ActivityRecord{4abef834 u0 com.cyanogenmod.filemanager/.activities.NavigationActivity t39}}
V/WindowManager(  327):   #0: Token{4a90674c ActivityRecord{4a8e1330 u0 com.vphone.launcher/.Launcher t1}}
W/WindowManager(  327): Final window list:
V/WindowManager(  327):   #0: Window{4ab47214 u0 ScreenshotAnimation}
V/WindowManager(  327):   #1: Window{4a8fac2c u0 StatusBar}
V/WindowManager(  327):   #2: Window{4a912474 u0 KeyguardScrim}
V/WindowManager(  327):   #3: Window{4aaa7f10 u0 InputMethod}
V/WindowManager(  327):   #4: Window{4aa48930 u0 PopupWindow:4a932a38}
V/WindowManager(  327):   #5: Window{4a965604 u0 com.cyanogenmod.filemanager/com.cyanogenmod.filemanager.activities.NavigationActivity}
V/WindowManager(  327):   #6: Window{4acb1bd0 u0 com.vphone.launcher/com.vphone.launcher.Launcher}
V/WindowManager(  327):   #7: Window{4a9712d0 u0 com.android.systemui.ImageWallpaper}
W/InputEventReceiver(10441): Attempted to finish an input event but the input event receiver has already been disposed.
W/InputEventReceiver(10441): Attempted to finish an input event but the input event receiver has already been disposed.
W/InputEventReceiver(10441): Attempted to finish an input event but the input event receiver has already been disposed.
W/InputEventReceiver(10441): Attempted to finish an input event but the input event receiver has already been disposed.
W/InputEventReceiver(10441): Attempted to finish an input event but the input event receiver has already been disposed.
W/InputEventReceiver(10441): Attempted to finish an input event but the input event receiver has already been disposed.
W/InputEventReceiver(10441): Attempted to finish an input event but the input event receiver has already been disposed.
W/InputEventReceiver(10441): Attempted to finish an input event but the input event receiver has already been disposed.
W/InputEventReceiver(10441): Attempted to finish an input event but the input event receiver has already been disposed.
W/ViewRootImpl(10441): Dropping event due to root view being removed: MotionEvent { action=ACTION_MOVE, id[0]=0, x[0]=324.0, y[0]=-339.62103, toolType[0]=TOOL_TYPE_UNKNOWN, buttonState=0, metaState=0, flags=0x0, edgeFlags=0x0, pointerCount=1, historySize=8, eventTime=8447520, downTime=8447517, deviceId=0, source=0x1002 }
W/ViewRootImpl(10441): Dropping event due to root view being removed: MotionEvent { action=ACTION_UP, id[0]=0, x[0]=324.0, y[0]=-337.89227, toolType[0]=TOOL_TYPE_UNKNOWN, buttonState=0, metaState=0, flags=0x0, edgeFlags=0x0, pointerCount=1, historySize=0, eventTime=8447521, downTime=8447517, deviceId=0, source=0x1002 }
W/ViewRootImpl(10441): Dropping event due to root view being removed: MotionEvent { action=ACTION_DOWN, id[0]=0, x[0]=201.0, y[0]=-71.0, toolType[0]=TOOL_TYPE_UNKNOWN, buttonState=0, metaState=0, flags=0x0, edgeFlags=0x0, pointerCount=1, historySize=0, eventTime=8447524, downTime=8447524, deviceId=0, source=0x1002 }
W/ViewRootImpl(10441): Dropping event due to root view being removed: MotionEvent { action=ACTION_UP, id[0]=0, x[0]=209.05548, y[0]=-68.069824, toolType[0]=TOOL_TYPE_UNKNOWN, buttonState=0, metaState=0, flags=0x0, edgeFlags=0x0, pointerCount=1, historySize=0, eventTime=8447525, downTime=8447524, deviceId=0, source=0x1002 }
W/ViewRootImpl(10441): Dropping event due to root view being removed: MotionEvent { action=ACTION_DOWN, id[0]=0, x[0]=-245.0, y[0]=-897.0, toolType[0]=TOOL_TYPE_UNKNOWN, buttonState=0, metaState=0, flags=0x0, edgeFlags=0x0, pointerCount=1, historySize=0, eventTime=8447525, downTime=8447525, deviceId=0, source=0x1002 }
W/ViewRootImpl(10441): Dropping event due to root view being removed: MotionEvent { action=ACTION_MOVE, id[0]=0, x[0]=-244.09064, y[0]=-895.89044, toolType[0]=TOOL_TYPE_UNKNOWN, buttonState=0, metaState=0, flags=0x0, edgeFlags=0x0, pointerCount=1, historySize=0, eventTime=8447525, downTime=8447525, deviceId=0, source=0x1002 }
W/ViewRootImpl(10441): Dropping event due to root view being removed: MotionEvent { action=ACTION_UP, id[0]=0, x[0]=-242.51329, y[0]=-895.71814, toolType[0]=TOOL_TYPE_UNKNOWN, buttonState=0, metaState=0, flags=0x0, edgeFlags=0x0, pointerCount=1, historySize=0, eventTime=8447526, downTime=8447525, deviceId=0, source=0x1002 }
W/ViewRootImpl(10441): Dropping event due to root view being removed: MotionEvent { action=ACTION_MOVE, id[0]=0, x[0]=2.0, y[0]=-2.0, toolType[0]=TOOL_TYPE_UNKNOWN, buttonState=0, metaState=0, flags=0x0, edgeFlags=0x0, pointerCount=1, historySize=9, eventTime=8447524, downTime=-1, deviceId=0, source=0x10004 }
W/InputEventReceiver(10441): Attempted to finish an input event but the input event receiver has already been disposed.
W/ViewRootImpl(10441): Dropping event due to root view being removed: KeyEvent { action=ACTION_UP, keyCode=KEYCODE_DPAD_DOWN, scanCode=0, metaState=0, flags=0x8, repeatCount=0, eventTime=8447451, downTime=8447451, deviceId=-1, source=0x101 }
W/ViewRootImpl(10441): Dropping event due to no window focus: KeyEvent { action=ACTION_DOWN, keyCode=KEYCODE_DPAD_RIGHT, scanCode=0, metaState=0, flags=0x8, repeatCount=0, eventTime=8447526, downTime=8447526, deviceId=-1, source=0x101 }
W/InputMethodManagerService(  327): Window already focused, ignoring focus gain of: com.android.internal.view.IInputMethodClient$Stub$Proxy@4abc0760 attribute=null, token = android.os.BinderProxy@4ab643d8
D/dalvikvm(10441): GC_CONCURRENT freed 673K, 14% free 5283K/6120K, paused 0ms+2ms, total 5ms
D/dalvikvm(12011): GC_FOR_ALLOC freed 10K, 34% free 8481K/12744K, paused 1ms, total 1ms
I/dalvikvm-heap(12011): Grow heap (frag case) to 10.319MB for 2073612-byte allocation
D/dalvikvm(12011): GC_FOR_ALLOC freed <1K, 18% free 10506K/12744K, paused 3ms, total 3ms
D/dalvikvm(12011): GC_CONCURRENT freed <1K, 18% free 10507K/12744K, paused 1ms+0ms, total 3ms
D/dalvikvm(  327): GC_FOR_ALLOC freed 7657K, 55% free 14484K/31824K, paused 15ms, total 15ms
D/dalvikvm(  327): GC_FOR_ALLOC freed 55K, 49% free 16459K/31824K, paused 16ms, total 16ms
D/dalvikvm(  327): GC_FOR_ALLOC freed 229K, 43% free 18265K/31824K, paused 12ms, total 12ms
D/dalvikvm(  540): GC_CONCURRENT freed 817K, 45% free 13084K/23600K, paused 1ms+1ms, total 7ms
I/ActivityManager(  327): START u0 {act=android.intent.action.MAIN cat=[android.intent.category.LAUNCHER] flg=0x10000000 cmp=com.android.contacts/.activities.PeopleActivity sel={act=android.intent.action.MAIN cat=[android.intent.category.APP_CONTACTS]}} from pid 327
D/dalvikvm(  327): GC_FOR_ALLOC freed 6210K, 45% free 14208K/25752K, paused 10ms, total 10ms
I/dalvikvm-heap(  327): Grow heap (frag case) to 15.917MB for 2073612-byte allocation
D/dalvikvm(  327): GC_FOR_ALLOC freed 12K, 42% free 16221K/27780K, paused 15ms, total 15ms
D/dalvikvm(  327): GC_FOR_ALLOC freed 5K, 42% free 16223K/27780K, paused 13ms, total 13ms
I/dalvikvm-heap(  327): Grow heap (frag case) to 17.885MB for 2073612-byte allocation
D/dalvikvm(  327): GC_FOR_ALLOC freed <1K, 39% free 18247K/29808K, paused 15ms, total 15ms
D/dalvikvm(  327): GC_FOR_ALLOC freed 2K, 39% free 18361K/29808K, paused 12ms, total 12ms
I/dalvikvm-heap(  327): Grow heap (frag case) to 19.972MB for 2073612-byte allocation
D/dalvikvm(  327): GC_FOR_ALLOC freed <1K, 36% free 20385K/31836K, paused 15ms, total 15ms
I/ActivityManager(  327): START u0 {act=android.intent.action.MAIN cat=[android.intent.category.HOME] flg=0x10200000 cmp=com.vphone.launcher/.Launcher} from pid 327
D/dalvikvm(10441): GC_CONCURRENT freed 659K, 13% free 5348K/6144K, paused 0ms+0ms, total 5ms
W/ViewRootImpl(10441): Dropping event due to no window focus: KeyEvent { action=ACTION_DOWN, keyCode=KEYCODE_DPAD_UP, scanCode=0, metaState=0, flags=0x8, repeatCount=0, eventTime=8448204, downTime=8448204, deviceId=-1, source=0x101 }
W/EGL_emulation(10441): eglSurfaceAttrib not implemented 3093 12436
W/ViewRootImpl(10441): Dropping event due to no window focus: KeyEvent { action=ACTION_DOWN, keyCode=KEYCODE_DPAD_UP, scanCode=0, metaState=0, flags=0x8, repeatCount=0, eventTime=8448213, downTime=8448213, deviceId=-1, source=0x101 }
W/ViewRootImpl(10441): Dropping event due to no window focus: KeyEvent { action=ACTION_DOWN, keyCode=KEYCODE_VOLUME_UP, scanCode=0, metaState=0, flags=0x8, repeatCount=0, eventTime=8448251, downTime=8448251, deviceId=-1, source=0x101 }
W/InputEventReceiver(10441): Attempted to finish an input event but the input event receiver has already been disposed.
W/InputEventReceiver(10441): Attempted to finish an input event but the input event receiver has already been disposed.
W/InputEventReceiver(10441): Attempted to finish an input event but the input event receiver has already been disposed.
W/InputEventReceiver(10441): Attempted to finish an input event but the input event receiver has already been disposed.
W/InputEventReceiver(10441): Attempted to finish an input event but the input event receiver has already been disposed.
W/InputEventReceiver(10441): Attempted to finish an input event but the input event receiver has already been disposed.
W/InputEventReceiver(10441): Attempted to finish an input event but the input event receiver has already been disposed.
W/ViewRootImpl(10441): Dropping event due to root view being removed: MotionEvent { action=ACTION_UP, id[0]=0, x[0]=-297.21945, y[0]=-595.99396, toolType[0]=TOOL_TYPE_UNKNOWN, buttonState=0, metaState=0, flags=0x0, edgeFlags=0x0, pointerCount=1, historySize=0, eventTime=8448273, downTime=8448272, deviceId=0, source=0x1002 }
W/ViewRootImpl(10441): Dropping event due to root view being removed: MotionEvent { action=ACTION_DOWN, id[0]=0, x[0]=-194.0, y[0]=-52.0, toolType[0]=TOOL_TYPE_UNKNOWN, buttonState=0, metaState=0, flags=0x0, edgeFlags=0x0, pointerCount=1, historySize=0, eventTime=8448273, downTime=8448273, deviceId=0, source=0x1002 }
W/ViewRootImpl(10441): Dropping event due to root view being removed: MotionEvent { action=ACTION_UP, id[0]=0, x[0]=-195.03378, y[0]=-51.825195, toolType[0]=TOOL_TYPE_UNKNOWN, buttonState=0, metaState=0, flags=0x0, edgeFlags=0x0, pointerCount=1, historySize=0, eventTime=8448274, downTime=8448273, deviceId=0, source=0x1002 }
W/ViewRootImpl(10441): Dropping event due to root view being removed: MotionEvent { action=ACTION_DOWN, id[0]=0, x[0]=-376.0, y[0]=-696.0, toolType[0]=TOOL_TYPE_UNKNOWN, buttonState=0, metaState=0, flags=0x0, edgeFlags=0x0, pointerCount=1, historySize=0, eventTime=8448274, downTime=8448274, deviceId=0, source=0x1002 }
W/ViewRootImpl(10441): Dropping event due to root view being removed: MotionEvent { action=ACTION_UP, id[0]=0, x[0]=-393.6988, y[0]=-691.5504, toolType[0]=TOOL_TYPE_UNKNOWN, buttonState=0, metaState=0, flags=0x0, edgeFlags=0x0, pointerCount=1, historySize=0, eventTime=8448274, downTime=8448274, deviceId=0, source=0x1002 }
W/ViewRootImpl(10441): Dropping event due to root view being removed: MotionEvent { action=ACTION_MOVE, id[0]=0, x[0]=-4.0, y[0]=3.0, toolType[0]=TOOL_TYPE_UNKNOWN, buttonState=0, metaState=0, flags=0x0, edgeFlags=0x0, pointerCount=1, historySize=9, eventTime=8448277, downTime=-1, deviceId=0, source=0x10004 }
W/ContextImpl(  327): Calling a method in the system process without a qualified user: android.app.ContextImpl.sendBroadcast:1123 com.android.server.InputMethodManagerService.hideCurrentInputLocked:1880 com.android.server.InputMethodManagerService.windowGainedFocus:1968 com.android.internal.view.IInputMethodManager$Stub.onTransact:221 com.android.server.InputMethodManagerService.onTransact:818 
I/ActivityManager(  327): START u0 {act=android.intent.action.MAIN cat=[android.intent.category.LAUNCHER] flg=0x10200000 cmp=com.pzizz.android/.VideoSplash} from pid 17288
I/ActivityManager(  327): Start proc com.pzizz.android for activity com.pzizz.android/.VideoSplash: pid=17748 uid=10054 gids={50054, 3003, 1028, 1015, 1023}
W/NetworkManagementSocketTagger(  327): setKernelCountSet(10054, 1) failed with errno -13
I/dalvikvm(17748): ignoring registerObject request in thread=1
I/dalvikvm(17748): ignoring registerObject request in thread=1
I/dalvikvm(17748): Could not find method android.content.res.Resources.getDrawable, referenced from method io.branch.referral.BranchUtil.getDrawable
W/dalvikvm(17748): VFY: unable to resolve virtual method 552: Landroid/content/res/Resources;.getDrawable (ILandroid/content/res/Resources$Theme;)Landroid/graphics/drawable/Drawable;
