--------- beginning of /dev/log/main
I/Icing   (  711): Indexing F4FAA6262FE39DDD50BAE6B7AF5CDB8D73BA0DB0 from com.google.android.gms
I/Icing   (  711): Indexing done F4FAA6262FE39DDD50BAE6B7AF5CDB8D73BA0DB0
D/AndroidRuntime( 7967): 
D/AndroidRuntime( 7967): >>>>>> AndroidRuntime START com.android.internal.os.RuntimeInit <<<<<<
D/AndroidRuntime( 7967): CheckJNI is OFF
D/dalvikvm( 7967): Using executionMode 2
D/dalvikvm( 7967): Trying to load lib libjavacore.so 0x0
D/dalvikvm( 7967): Added shared lib libjavacore.so 0x0
D/dalvikvm( 7967): Trying to load lib libnativehelper.so 0x0
D/dalvikvm( 7967): Added shared lib libnativehelper.so 0x0
D/dalvikvm( 7967): No JNI_OnLoad found in libnativehelper.so 0x0, skipping init
D/dalvikvm( 7967): Note: class Landroid/app/ActivityManagerNative; has 179 unimplemented (abstract) methods
E/memtrack( 7967): Couldn't load memtrack module (No such file or directory)
E/android.os.Debug( 7967): failed to load memtrack module: -2
D/AndroidRuntime( 7967): Calling main entry com.android.commands.monkey.Monkey
--------- beginning of /dev/log/system
W/BroadcastQueue(  481): Skipping deliver [background] BroadcastRecord{4acb0bf4 u-1 android.net.conn.CONNECTIVITY_CHANGE} to ReceiverList{4adea1b8 7967 (unknown name)/0/u-1 remote:4ada9da0}: process crashing
I/ActivityManager(  481): START u0 {act=android.intent.action.MAIN cat=[android.intent.category.LAUNCHER] flg=0x10200000 cmp=com.hrfy.plus/.activities.SplashActivity} from pid 7967
D/WebViewTimersControl( 4342): onBrowserActivityPause
D/WebViewTimersControl( 4342): Pausing webview timers, view=com.android.browser.BrowserWebView{4a98cb80 VFEDHVCL .F...... 0,0-720,1164}
D/dalvikvm(  167): GC_EXPLICIT freed 39K, 4% free 2788K/2892K, paused 1ms+1ms, total 4ms
D/dalvikvm(  167): GC_EXPLICIT freed <1K, 4% free 2788K/2892K, paused 1ms+0ms, total 3ms
D/dalvikvm(  167): GC_EXPLICIT freed <1K, 4% free 2788K/2892K, paused 0ms+0ms, total 2ms
I/ActivityManager(  481): Start proc com.hrfy.plus for activity com.hrfy.plus/.activities.SplashActivity: pid=7977 uid=10167 gids={50167, 3003}
W/NetworkManagementSocketTagger(  481): setKernelCountSet(10167, 1) failed with errno -13
I/dalvikvm( 7977): ignoring registerObject request in thread=1
I/dalvikvm( 7977): ignoring registerObject request in thread=1
D/libEGL  ( 7977): loaded /system/lib/egl/libEGL_adreno.so
D/        ( 7977): HostConnection::get() New Host Connection established 0xb81b8150, tid 7977
D/libEGL  ( 7977): loaded /system/lib/egl/libGLESv1_CM_adreno.so
D/libEGL  ( 7977): loaded /system/lib/egl/libGLESv2_adreno.so
W/EGL_emulation( 7977): eglSurfaceAttrib not implemented 3093 12436
D/OpenGLRenderer( 7977): Enabling debug mode 0
W/IInputConnectionWrapper( 4342): showStatusIcon on inactive InputConnection
W/ContextImpl(  481): Calling a method in the system process without a qualified user: android.app.ContextImpl.sendBroadcast:1123 com.android.server.InputMethodManagerService.hideCurrentInputLocked:1880 com.android.server.InputMethodManagerService.windowGainedFocus:1968 com.android.internal.view.IInputMethodManager$Stub.onTransact:221 com.android.server.InputMethodManagerService.onTransact:818 
I/ActivityManager(  481): Displayed com.hrfy.plus/.activities.SplashActivity: +240ms
W/WindowManager(  481): updateFocusedWindowLocked, focusedAppToken is null.
W/ViewRootImpl(  481): Dropping event due to no window focus: KeyEvent { action=ACTION_DOWN, keyCode=KEYCODE_DPAD_DOWN, scanCode=0, metaState=0, flags=0x8, repeatCount=0, eventTime=445767, downTime=445767, deviceId=-1, source=0x101 }
W/InputEventReceiver(  481): Attempted to finish an input event but the input event receiver has already been disposed.
W/InputEventReceiver(  481): Attempted to finish an input event but the input event receiver has already been disposed.
W/InputEventReceiver(  481): Attempted to finish an input event but the input event receiver has already been disposed.
W/ViewRootImpl(  481): Dropping event due to root view being removed: MotionEvent { action=ACTION_MOVE, id[0]=0, x[0]=315.89462, y[0]=668.6998, toolType[0]=TOOL_TYPE_UNKNOWN, buttonState=0, metaState=0, flags=0x0, edgeFlags=0x0, pointerCount=1, historySize=4, eventTime=445854, downTime=445852, deviceId=0, source=0x1002 }
W/ViewRootImpl(  481): Dropping event due to root view being removed: MotionEvent { action=ACTION_UP, id[0]=0, x[0]=311.45712, y[0]=658.8877, toolType[0]=TOOL_TYPE_UNKNOWN, buttonState=0, metaState=0, flags=0x0, edgeFlags=0x0, pointerCount=1, historySize=0, eventTime=445855, downTime=445852, deviceId=0, source=0x1002 }
I/ActivityManager(  481): START u0 {act=android.intent.action.MAIN cat=[android.intent.category.HOME] flg=0x10200000 cmp=com.vphone.launcher/.Launcher} from pid 481
W/InputMethodManagerService(  481): Window already focused, ignoring focus gain of: com.android.internal.view.IInputMethodClient$Stub$Proxy@4a90dbdc attribute=null, token = android.os.BinderProxy@4aa2ce28
I/ActivityManager(  481): START u0 {act=android.intent.action.CALL_BUTTON flg=0x10000000} from pid 7977
W/PhoneFallbackEventHandler( 7977): No activity found for android.intent.action.CALL_BUTTON.
D/dalvikvm( 7977): JIT code cache reset in 0 ms (0 bytes 1/0)
D/dalvikvm( 7977): GC_CONCURRENT freed 83K, 5% free 3123K/3268K, paused 2ms+0ms, total 3ms
D/dalvikvm( 7977): GC_FOR_ALLOC freed <1K, 5% free 3122K/3268K, paused 1ms, total 1ms
I/dalvikvm-heap( 7977): Grow heap (frag case) to 3.712MB for 635808-byte allocation
D/dalvikvm( 7977): GC_FOR_ALLOC freed <1K, 4% free 3743K/3892K, paused 2ms, total 2ms
D/dalvikvm( 7977): GC_CONCURRENT freed <1K, 4% free 3746K/3892K, paused 0ms+1ms, total 4ms
I/WearableService(  641): Wearable Services stopping
I/ActivityManager(  481): START u0 {act=android.intent.action.MAIN cat=[android.intent.category.LAUNCHER] flg=0x10200000 cmp=com.hrfy.plus/.activities.SplashActivity} from pid 7967
W/NetworkManagementSocketTagger(  481): setKernelCountSet(10017, 0) failed with errno -13
I/InputDispatcher(  481): Dropped event because of pending overdue app switch.
W/InputManager(  481): Input event injection from pid 7967 failed.
W/ViewRootImpl( 7977): Dropping event due to no window focus: KeyEvent { action=ACTION_DOWN, keyCode=KEYCODE_DPAD_RIGHT, scanCode=0, metaState=0, flags=0x8, repeatCount=0, eventTime=446363, downTime=446363, deviceId=-1, source=0x101 }
W/ViewRootImpl( 7977): Dropping event due to no window focus: KeyEvent { action=ACTION_DOWN, keyCode=KEYCODE_DPAD_LEFT, scanCode=0, metaState=0, flags=0x8, repeatCount=0, eventTime=446365, downTime=446365, deviceId=-1, source=0x101 }
W/EGL_emulation( 7977): eglSurfaceAttrib not implemented 3093 12436
I/ActivityManager(  481): START u0 {act=android.intent.action.MAIN cat=[android.intent.category.LAUNCHER] flg=0x10200000 cmp=com.hrfy.plus/.activities.SplashActivity} from pid 7967
W/InputMethodManagerService(  481): Window already focused, ignoring focus gain of: com.android.internal.view.IInputMethodClient$Stub$Proxy@4abad1c8 attribute=null, token = android.os.BinderProxy@4aa2ce28
W/ViewRootImpl( 7977): Dropping event due to no window focus: KeyEvent { action=ACTION_DOWN, keyCode=KEYCODE_DPAD_DOWN, scanCode=0, metaState=0, flags=0x8, repeatCount=0, eventTime=446429, downTime=446429, deviceId=-1, source=0x101 }
W/ViewRootImpl( 7977): Dropping event due to no window focus: KeyEvent { action=ACTION_DOWN, keyCode=KEYCODE_DPAD_UP, scanCode=0, metaState=0, flags=0x8, repeatCount=0, eventTime=446430, downTime=446430, deviceId=-1, source=0x101 }
W/EGL_emulation( 7977): eglSurfaceAttrib not implemented 3093 12436
W/ViewRootImpl( 7977): Dropping event due to no window focus: KeyEvent { action=ACTION_DOWN, keyCode=KEYCODE_DPAD_DOWN, scanCode=0, metaState=0, flags=0x8, repeatCount=0, eventTime=446455, downTime=446455, deviceId=-1, source=0x101 }
W/InputMethodManagerService(  481): Window already focused, ignoring focus gain of: com.android.internal.view.IInputMethodClient$Stub$Proxy@4aa24d60 attribute=null, token = android.os.BinderProxy@4aa2ce28
I/ActivityManager(  481): START u0 {act=android.intent.action.MAIN cat=[android.intent.category.LAUNCHER] flg=0x10200000 cmp=com.hrfy.plus/.activities.SplashActivity} from pid 7967
W/ViewRootImpl( 7977): Dropping event due to no window focus: KeyEvent { action=ACTION_DOWN, keyCode=KEYCODE_DPAD_LEFT, scanCode=0, metaState=0, flags=0x8, repeatCount=0, eventTime=446511, downTime=446511, deviceId=-1, source=0x101 }
W/ViewRootImpl( 7977): Dropping event due to no window focus: KeyEvent { action=ACTION_DOWN, keyCode=KEYCODE_7, scanCode=0, metaState=0, flags=0x8, repeatCount=0, eventTime=446514, downTime=446514, deviceId=-1, source=0x101 }
W/ViewRootImpl( 7977): Dropping event due to no window focus: KeyEvent { action=ACTION_DOWN, keyCode=KEYCODE_DPAD_UP, scanCode=0, metaState=0, flags=0x8, repeatCount=0, eventTime=446515, downTime=446515, deviceId=-1, source=0x101 }
W/EGL_emulation( 7977): eglSurfaceAttrib not implemented 3093 12436
W/ViewRootImpl( 7977): Dropping event due to no window focus: KeyEvent { action=ACTION_DOWN, keyCode=KEYCODE_DPAD_CENTER, scanCode=0, metaState=0, flags=0x8, repeatCount=0, eventTime=446518, downTime=446518, deviceId=-1, source=0x101 }
W/InputEventReceiver( 7977): Attempted to finish an input event but the input event receiver has already been disposed.
W/InputMethodManagerService(  481): Window already focused, ignoring focus gain of: com.android.internal.view.IInputMethodClient$Stub$Proxy@4ac88ec0 attribute=null, token = android.os.BinderProxy@4aa2ce28
W/ViewRootImpl( 7977): Dropping event due to no window focus: MotionEvent { action=ACTION_MOVE, id[0]=0, x[0]=-1.0, y[0]=-1.0, toolType[0]=TOOL_TYPE_UNKNOWN, buttonState=0, metaState=0, flags=0x0, edgeFlags=0x0, pointerCount=1, historySize=9, eventTime=446543, downTime=-1, deviceId=0, source=0x10004 }
W/EGL_emulation( 7977): eglSurfaceAttrib not implemented 3093 12436
W/ViewRootImpl( 7977): Dropping event due to no window focus: KeyEvent { action=ACTION_DOWN, keyCode=KEYCODE_MENU, scanCode=0, metaState=0, flags=0x8, repeatCount=0, eventTime=446543, downTime=446543, deviceId=-1, source=0x101 }
W/InputMethodManagerService(  481): Window already focused, ignoring focus gain of: com.android.internal.view.IInputMethodClient$Stub$Proxy@4aaab330 attribute=null, token = android.os.BinderProxy@4aa2ce28
W/ViewRootImpl( 7977): Dropping event due to no window focus: KeyEvent { action=ACTION_DOWN, keyCode=KEYCODE_ALT_LEFT, scanCode=0, metaState=0, flags=0x8, repeatCount=0, eventTime=446573, downTime=446573, deviceId=-1, source=0x101 }
W/ViewRootImpl( 7977): Dropping event due to no window focus: MotionEvent { action=ACTION_MOVE, id[0]=0, x[0]=4.0, y[0]=-2.0, toolType[0]=TOOL_TYPE_UNKNOWN, buttonState=0, metaState=0, flags=0x0, edgeFlags=0x0, pointerCount=1, historySize=9, eventTime=446577, downTime=-1, deviceId=0, source=0x10004 }
W/ViewRootImpl( 7977): Dropping event due to no window focus: KeyEvent { action=ACTION_DOWN, keyCode=KEYCODE_DPAD_DOWN, scanCode=0, metaState=0, flags=0x8, repeatCount=0, eventTime=446577, downTime=446577, deviceId=-1, source=0x101 }
W/EGL_emulation( 7977): eglSurfaceAttrib not implemented 3093 12436
I/ActivityManager(  481): START u0 {act=android.intent.action.MAIN cat=[android.intent.category.HOME] flg=0x10200000 cmp=com.vphone.launcher/.Launcher} from pid 481
I/ActivityManager(  481): START u0 {act=android.intent.action.MAIN cat=[android.intent.category.HOME] flg=0x10200000 cmp=com.vphone.launcher/.Launcher} from pid 481
W/InputMethodManagerService(  481): Window already focused, ignoring focus gain of: com.android.internal.view.IInputMethodClient$Stub$Proxy@4aa882e0 attribute=null, token = android.os.BinderProxy@4aa2ce28
I/ActivityManager(  481): START u0 {act=android.intent.action.CALL_BUTTON flg=0x10000000} from pid 7977
W/PhoneFallbackEventHandler( 7977): No activity found for android.intent.action.CALL_BUTTON.
W/EGL_emulation( 7977): eglSurfaceAttrib not implemented 3093 12436
W/InputManager(  481): Input event injection from pid 7967 failed.
W/InputManager(  481): Input event injection from pid 7967 failed.
W/InputManager(  481): Input event injection from pid 7967 failed.
W/InputMethodManagerService(  481): Window already focused, ignoring focus gain of: com.android.internal.view.IInputMethodClient$Stub$Proxy@4aa9a43c attribute=null, token = android.os.BinderProxy@4aa2ce28
W/InputManager(  481): Input event injection from pid 7967 failed.
W/InputManager(  481): Input event injection from pid 7967 failed.
W/InputManager(  481): Input event injection from pid 7967 failed.
W/InputManager(  481): Input event injection from pid 7967 failed.
W/InputManager(  481): Input event injection from pid 7967 failed.
W/InputManager(  481): Input event injection from pid 7967 failed.
W/ViewRootImpl( 7977): Dropping event due to no window focus: KeyEvent { action=ACTION_DOWN, keyCode=KEYCODE_DPAD_LEFT, scanCode=0, metaState=0, flags=0x8, repeatCount=0, eventTime=446743, downTime=446743, deviceId=-1, source=0x101 }
W/ViewRootImpl( 7977): Dropping event due to no window focus: KeyEvent { action=ACTION_DOWN, keyCode=KEYCODE_DPAD_LEFT, scanCode=0, metaState=0, flags=0x8, repeatCount=0, eventTime=446747, downTime=446747, deviceId=-1, source=0x101 }
I/ActivityManager(  481): START u0 {act=android.intent.action.MAIN cat=[android.intent.category.LAUNCHER] flg=0x10200000 cmp=com.hrfy.plus/.activities.SplashActivity} from pid 7967
W/ViewRootImpl( 7977): Dropping event due to no window focus: KeyEvent { action=ACTION_DOWN, keyCode=KEYCODE_DPAD_CENTER, scanCode=0, metaState=0, flags=0x8, repeatCount=0, eventTime=446751, downTime=446751, deviceId=-1, source=0x101 }
D/dalvikvm( 2623): GC_FOR_ALLOC freed 7784K, 62% free 4893K/12740K, paused 2ms, total 2ms
I/dalvikvm-heap( 2623): Grow heap (frag case) to 8.351MB for 3686412-byte allocation
D/dalvikvm( 2623): GC_FOR_ALLOC freed 9K, 34% free 8484K/12740K, paused 3ms, total 3ms
D/dalvikvm( 2623): GC_CONCURRENT freed 7K, 34% free 8477K/12740K, paused 1ms+0ms, total 3ms
W/EGL_emulation( 7977): eglSurfaceAttrib not implemented 3093 12436
W/InputMethodManagerService(  481): Window already focused, ignoring focus gain of: com.android.internal.view.IInputMethodClient$Stub$Proxy@4ae3bacc attribute=null, token = android.os.BinderProxy@4aa2ce28
W/ViewRootImpl( 7977): Dropping event due to no window focus: KeyEvent { action=ACTION_DOWN, keyCode=KEYCODE_DPAD_DOWN, scanCode=0, metaState=0, flags=0x8, repeatCount=0, eventTime=446804, downTime=446804, deviceId=-1, source=0x101 }
W/ViewRootImpl( 7977): Dropping event due to no window focus: KeyEvent { action=ACTION_DOWN, keyCode=KEYCODE_F3, scanCode=0, metaState=0, flags=0x8, repeatCount=0, eventTime=446806, downTime=446806, deviceId=-1, source=0x101 }
W/ViewRootImpl( 7977): Dropping event due to no window focus: KeyEvent { action=ACTION_DOWN, keyCode=KEYCODE_DPAD_LEFT, scanCode=0, metaState=0, flags=0x8, repeatCount=0, eventTime=446808, downTime=446808, deviceId=-1, source=0x101 }
W/ViewRootImpl( 7977): Dropping event due to no window focus: KeyEvent { action=ACTION_DOWN, keyCode=KEYCODE_DPAD_CENTER, scanCode=0, metaState=0, flags=0x8, repeatCount=0, eventTime=446811, downTime=446811, deviceId=-1, source=0x101 }
W/ViewRootImpl( 7977): Dropping event due to no window focus: KeyEvent { action=ACTION_DOWN, keyCode=KEYCODE_DPAD_DOWN, scanCode=0, metaState=0, flags=0x8, repeatCount=0, eventTime=446813, downTime=446813, deviceId=-1, source=0x101 }
W/ViewRootImpl( 7977): Dropping event due to no window focus: KeyEvent { action=ACTION_DOWN, keyCode=KEYCODE_SOFT_LEFT, scanCode=0, metaState=0, flags=0x8, repeatCount=0, eventTime=446814, downTime=446814, deviceId=-1, source=0x101 }
W/ViewRootImpl( 7977): Dropping event due to no window focus: KeyEvent { action=ACTION_DOWN, keyCode=KEYCODE_MENU, scanCode=0, metaState=0, flags=0x8, repeatCount=0, eventTime=446815, downTime=446815, deviceId=-1, source=0x101 }
W/EGL_emulation( 7977): eglSurfaceAttrib not implemented 3093 12436
W/EGL_emulation( 2623): eglSurfaceAttrib not implemented 3093 12436
W/ViewRootImpl( 7977): Dropping event due to no window focus: KeyEvent { action=ACTION_DOWN, keyCode=KEYCODE_DPAD_DOWN, scanCode=0, metaState=0, flags=0x8, repeatCount=0, eventTime=446816, downTime=446816, deviceId=-1, source=0x101 }
I/ActivityManager(  481): START u0 {act=android.intent.action.MAIN cat=[android.intent.category.LAUNCHER] flg=0x10000000 sel={act=android.intent.action.MAIN cat=[android.intent.category.APP_CALENDAR]}} from pid 481
W/InputMethodManagerService(  481): Window already focused, ignoring focus gain of: com.android.internal.view.IInputMethodClient$Stub$Proxy@4aa1a88c attribute=null, token = android.os.BinderProxy@4aa2ce28
W/ViewRootImpl( 7977): Dropping event due to no window focus: KeyEvent { action=ACTION_DOWN, keyCode=KEYCODE_DPAD_DOWN, scanCode=0, metaState=0, flags=0x8, repeatCount=0, eventTime=446845, downTime=446845, deviceId=-1, source=0x101 }
W/ViewRootImpl( 7977): Dropping event due to no window focus: KeyEvent { action=ACTION_DOWN, keyCode=KEYCODE_DPAD_UP, scanCode=0, metaState=0, flags=0x8, repeatCount=0, eventTime=446846, downTime=446846, deviceId=-1, source=0x101 }
W/ViewRootImpl( 7977): Dropping event due to no window focus: KeyEvent { action=ACTION_DOWN, keyCode=KEYCODE_E, scanCode=0, metaState=0, flags=0x8, repeatCount=0, eventTime=446848, downTime=446848, deviceId=-1, source=0x101 }
W/ViewRootImpl( 7977): Dropping event due to no window focus: KeyEvent { action=ACTION_DOWN, keyCode=KEYCODE_DPAD_RIGHT, scanCode=0, metaState=0, flags=0x8, repeatCount=0, eventTime=446849, downTime=446849, deviceId=-1, source=0x101 }
I/ActivityManager(  481): START u0 {act=android.intent.action.MAIN cat=[android.intent.category.LAUNCHER] flg=0x10200000 cmp=com.hrfy.plus/.activities.SplashActivity} from pid 7967
W/EGL_emulation( 7977): eglSurfaceAttrib not implemented 3093 12436
W/InputMethodManagerService(  481): Window already focused, ignoring focus gain of: com.android.internal.view.IInputMethodClient$Stub$Proxy@4aa441b4 attribute=null, token = android.os.BinderProxy@4aa2ce28
W/ViewRootImpl( 7977): Dropping event due to no window focus: KeyEvent { action=ACTION_DOWN, keyCode=KEYCODE_MENU, scanCode=0, metaState=0, flags=0x8, repeatCount=0, eventTime=446936, downTime=446936, deviceId=-1, source=0x101 }
W/ViewRootImpl( 7977): Dropping event due to no window focus: KeyEvent { action=ACTION_DOWN, keyCode=KEYCODE_DPAD_LEFT, scanCode=0, metaState=0, flags=0x8, repeatCount=0, eventTime=446938, downTime=446938, deviceId=-1, source=0x101 }
W/ViewRootImpl( 7977): Dropping event due to no window focus: KeyEvent { action=ACTION_DOWN, keyCode=KEYCODE_DPAD_LEFT, scanCode=0, metaState=0, flags=0x8, repeatCount=0, eventTime=446940, downTime=446940, deviceId=-1, source=0x101 }
W/ViewRootImpl( 7977): Dropping event due to no window focus: KeyEvent { action=ACTION_DOWN, keyCode=KEYCODE_DPAD_RIGHT, scanCode=0, metaState=0, flags=0x8, repeatCount=0, eventTime=446942, downTime=446942, deviceId=-1, source=0x101 }
W/ViewRootImpl( 7977): Dropping event due to no window focus: KeyEvent { action=ACTION_DOWN, keyCode=KEYCODE_DPAD_LEFT, scanCode=0, metaState=0, flags=0x8, repeatCount=0, eventTime=446943, downTime=446943, deviceId=-1, source=0x101 }
W/ViewRootImpl( 7977): Dropping event due to no window focus: KeyEvent { action=ACTION_DOWN, keyCode=KEYCODE_DPAD_CENTER, scanCode=0, metaState=0, flags=0x8, repeatCount=0, eventTime=446945, downTime=446945, deviceId=-1, source=0x101 }
W/ViewRootImpl( 7977): Dropping event due to no window focus: KeyEvent { action=ACTION_DOWN, keyCode=KEYCODE_BUTTON_15, scanCode=0, metaState=0, flags=0x8, repeatCount=0, eventTime=446947, downTime=446947, deviceId=-1, source=0x101 }
W/ViewRootImpl( 7977): Dropping event due to no window focus: KeyEvent { action=ACTION_DOWN, keyCode=KEYCODE_DPAD_CENTER, scanCode=0, metaState=0, flags=0x8, repeatCount=0, eventTime=446947, downTime=446947, deviceId=-1, source=0x101 }
W/ViewRootImpl( 7977): Dropping event due to no window focus: KeyEvent { action=ACTION_DOWN, keyCode=KEYCODE_MENU, scanCode=0, metaState=0, flags=0x8, repeatCount=0, eventTime=446948, downTime=446948, deviceId=-1, source=0x101 }
W/EGL_emulation( 7977): eglSurfaceAttrib not implemented 3093 12436
W/InputMethodManagerService(  481): Window already focused, ignoring focus gain of: com.android.internal.view.IInputMethodClient$Stub$Proxy@4aa63b40 attribute=null, token = android.os.BinderProxy@4aa2ce28
W/ViewRootImpl( 7977): Dropping event due to no window focus: KeyEvent { action=ACTION_DOWN, keyCode=KEYCODE_DPAD_UP, scanCode=0, metaState=0, flags=0x8, repeatCount=0, eventTime=446980, downTime=446980, deviceId=-1, source=0x101 }
W/ViewRootImpl( 7977): Dropping event due to no window focus: KeyEvent { action=ACTION_DOWN, keyCode=KEYCODE_BUTTON_6, scanCode=0, metaState=0, flags=0x8, repeatCount=0, eventTime=446982, downTime=446982, deviceId=-1, source=0x101 }
W/ViewRootImpl( 7977): Dropping event due to no window focus: KeyEvent { action=ACTION_DOWN, keyCode=KEYCODE_DPAD_CENTER, scanCode=0, metaState=0, flags=0x8, repeatCount=0, eventTime=446982, downTime=446982, deviceId=-1, source=0x101 }
W/EGL_emulation( 7977): eglSurfaceAttrib not implemented 3093 12436
W/ViewRootImpl( 7977): Dropping event due to no window focus: KeyEvent { action=ACTION_DOWN, keyCode=KEYCODE_DPAD_UP, scanCode=0, metaState=0, flags=0x8, repeatCount=0, eventTime=446985, downTime=446985, deviceId=-1, source=0x101 }
W/InputMethodManagerService(  481): Window already focused, ignoring focus gain of: com.android.internal.view.IInputMethodClient$Stub$Proxy@4ad9e68c attribute=null, token = android.os.BinderProxy@4aa2ce28
V/FlingTracker(  533): computeCurrentVelocity warning: totalweight=0
V/FlingTracker(  533): java.lang.Throwable
V/FlingTracker(  533): 	at com.android.systemui.statusbar.phone.PanelView$FlingTracker.computeCurrentVelocity(PanelView.java:162)
V/FlingTracker(  533): 	at com.android.systemui.statusbar.phone.PanelView$3.onTouch(PanelView.java:462)
V/FlingTracker(  533): 	at android.view.View.dispatchTouchEvent(View.java:7701)
V/FlingTracker(  533): 	at com.android.systemui.statusbar.phone.NotificationPanelView.onTouchEvent(NotificationPanelView.java:138)
V/FlingTracker(  533): 	at com.android.systemui.statusbar.phone.PanelBar.onTouchEvent(PanelBar.java:130)
V/FlingTracker(  533): 	at com.android.systemui.statusbar.phone.PhoneStatusBarView.onTouchEvent(PhoneStatusBarView.java:201)
V/FlingTracker(  533): 	at android.view.View.dispatchTouchEvent(View.java:7706)
V/FlingTracker(  533): 	at android.view.ViewGroup.dispatchTransformedTouchEvent(ViewGroup.java:2210)
V/FlingTracker(  533): 	at android.view.ViewGroup.dispatchTouchEvent(ViewGroup.java:1945)
V/FlingTracker(  533): 	at android.view.ViewGroup.dispatchTransformedTouchEvent(ViewGroup.java:2216)
V/FlingTracker(  533): 	at android.view.ViewGroup.dispatchTouchEvent(ViewGroup.java:1959)
V/FlingTracker(  533): 	at android.view.View.dispatchPointerEvent(View.java:7886)
V/FlingTracker(  533): 	at android.view.ViewRootImpl$ViewPostImeInputStage.processPointerEvent(ViewRootImpl.java:3978)
V/FlingTracker(  533): 	at android.view.ViewRootImpl$ViewPostImeInputStage.onProcess(ViewRootImpl.java:3857)
V/FlingTracker(  533): 	at android.view.ViewRootImpl$InputStage.deliver(ViewRootImpl.java:3423)
V/FlingTracker(  533): 	at android.view.ViewRootImpl$InputStage.onDeliverToNext(ViewRootImpl.java:3473)
V/FlingTracker(  533): 	at android.view.ViewRootImpl$InputStage.forward(ViewRootImpl.java:3442)
V/FlingTracker(  533): 	at android.view.ViewRootImpl$AsyncInputStage.forward(ViewRootImpl.java:3549)
V/FlingTracker(  533): 	at android.view.ViewRootImpl$InputStage.apply(ViewRootImpl.java:3450)
V/FlingTracker(  533): 	at android.view.ViewRootImpl$AsyncInputStage.apply(ViewRootImpl.java:3606)
V/FlingTracker(  533): 	at android.view.ViewRootImpl$InputStage.deliver(ViewRootImpl.java:3423)
V/FlingTracker(  533): 	at android.view.ViewRootImpl$InputStage.onDeliverToNext(ViewRootImpl.java:3473)
V/FlingTracker(  533): 	at android.view.ViewRootImpl$InputStage.forward(ViewRootImpl.java:3442)
V/FlingTracker(  533): 	at android.view.ViewRootImpl$InputStage.apply(ViewRootImpl.java:3450)
V/FlingTracker(  533): 	at android.view.ViewRootImpl$InputStage.deliver(ViewRootImpl.java:3423)
V/FlingTracker(  533): 	at android.view.ViewRootImpl.deliverInputEvent(ViewRootImpl.java:5626)
V/FlingTracker(  533): 	at android.view.ViewRootImpl.doProcessInputEvents(ViewRootImpl.java:5606)
V/FlingTracker(  533): 	at android.view.ViewRootImpl.enqueueInputEvent(ViewRootImpl.java:5577)
V/FlingTracker(  533): 	at android.view.ViewRootImpl$WindowInputEventReceiver.onInputEvent(ViewRootImpl.java:5706)
V/FlingTracker(  533): 	at android.view.InputEventReceiver.dispatchInputEvent(InputEventReceiver.java:185)
V/FlingTracker(  533): 	at android.os.MessageQueue.nativePollOnce(Native Method)
V/FlingTracker(  533): 	at android.os.MessageQueue.next(MessageQueue.java:138)
V/FlingTracker(  533): 	at android.os.Looper.loop(Looper.java:123)
V/FlingTracker(  533): 	at android.app.ActivityThread.main(ActivityThread.java:5019)
V/FlingTracker(  533): 	at java.lang.reflect.Method.invokeNative(Native Method)
V/FlingTracker(  533): 	at java.lang.reflect.Method.invoke(Method.java:515)
V/FlingTracker(  533): 	at com.android.internal.os.ZygoteInit$MethodAndArgsCaller.run(ZygoteInit.java:779)
V/FlingTracker(  533): 	at com.android.internal.os.ZygoteInit.main(ZygoteInit.java:595)
V/FlingTracker(  533): 	at dalvik.system.NativeStart.main(Native Method)
V/PanelView(  533): animationTick called with dtms=0; nothing to do (h=0.0 v=0.0)
W/ViewRootImpl( 7977): Dropping event due to no window focus: KeyEvent { action=ACTION_DOWN, keyCode=KEYCODE_MENU, scanCode=0, metaState=0, flags=0x8, repeatCount=0, eventTime=447074, downTime=447074, deviceId=-1, source=0x101 }
W/ViewRootImpl( 7977): Dropping event due to no window focus: KeyEvent { action=ACTION_DOWN, keyCode=KEYCODE_HEADSETHOOK, scanCode=0, metaState=0, flags=0x8, repeatCount=0, eventTime=447078, downTime=447078, deviceId=-1, source=0x101 }
W/ViewRootImpl( 7977): Dropping event due to no window focus: KeyEvent { action=ACTION_DOWN, keyCode=KEYCODE_DPAD_RIGHT, scanCode=0, metaState=0, flags=0x8, repeatCount=0, eventTime=447079, downTime=447079, deviceId=-1, source=0x101 }
W/ViewRootImpl( 7977): Dropping event due to no window focus: KeyEvent { action=ACTION_DOWN, keyCode=KEYCODE_SOFT_LEFT, scanCode=0, metaState=0, flags=0x8, repeatCount=0, eventTime=447080, downTime=447080, deviceId=-1, source=0x101 }
W/ViewRootImpl( 7977): Dropping event due to no window focus: KeyEvent { action=ACTION_DOWN, keyCode=KEYCODE_DPAD_CENTER, scanCode=0, metaState=0, flags=0x8, repeatCount=0, eventTime=447081, downTime=447081, deviceId=-1, source=0x101 }
W/ViewRootImpl( 7977): Dropping event due to no window focus: KeyEvent { action=ACTION_DOWN, keyCode=KEYCODE_TV_INPUT, scanCode=0, metaState=0, flags=0x8, repeatCount=0, eventTime=447082, downTime=447082, deviceId=-1, source=0x101 }
I/InputDispatcher(  481): Dropped event because of pending overdue app switch.
W/EGL_emulation( 7977): eglSurfaceAttrib not implemented 3093 12436
W/InputManager(  481): Input event injection from pid 7967 failed.
I/ActivityManager(  481): START u0 {act=android.intent.action.MAIN cat=[android.intent.category.LAUNCHER] flg=0x10200000 cmp=com.hrfy.plus/.activities.SplashActivity} from pid 7967
W/InputMethodManagerService(  481): Window already focused, ignoring focus gain of: com.android.internal.view.IInputMethodClient$Stub$Proxy@4a9adf5c attribute=null, token = android.os.BinderProxy@4aa2ce28
W/ViewRootImpl( 7977): Dropping event due to no window focus: KeyEvent { action=ACTION_DOWN, keyCode=KEYCODE_DPAD_CENTER, scanCode=0, metaState=0, flags=0x8, repeatCount=0, eventTime=447141, downTime=447141, deviceId=-1, source=0x101 }
W/ViewRootImpl( 7977): Dropping event due to no window focus: KeyEvent { action=ACTION_DOWN, keyCode=KEYCODE_DPAD_LEFT, scanCode=0, metaState=0, flags=0x8, repeatCount=0, eventTime=447144, downTime=447144, deviceId=-1, source=0x101 }
W/EGL_emulation( 7977): eglSurfaceAttrib not implemented 3093 12436
W/InputMethodManagerService(  481): Window already focused, ignoring focus gain of: com.android.internal.view.IInputMethodClient$Stub$Proxy@4a9f5d80 attribute=null, token = android.os.BinderProxy@4aa2ce28
I/ActivityManager(  481): START u0 {act=android.intent.action.MAIN cat=[android.intent.category.LAUNCHER] flg=0x10200000 cmp=com.hrfy.plus/.activities.SplashActivity} from pid 7967
I/ActivityManager(  481): START u0 {act=android.intent.action.MAIN cat=[android.intent.category.LAUNCHER] flg=0x10200000 cmp=com.hrfy.plus/.activities.SplashActivity} from pid 7967
I/ActivityManager(  481): START u0 {act=android.intent.action.MAIN cat=[android.intent.category.LAUNCHER] flg=0x10200000 cmp=com.hrfy.plus/.activities.SplashActivity} from pid 7967
D/BluetoothAdapter(  828): 1249413012: getState() :  mService = null. Returning STATE_OFF
W/WindowManager(  481): updateFocusedWindowLocked, focusedAppToken is null.
V/FlingTracker(  533): computeCurrentVelocity warning: totalweight=0
V/FlingTracker(  533): java.lang.Throwable
V/FlingTracker(  533): 	at com.android.systemui.statusbar.phone.PanelView$FlingTracker.computeCurrentVelocity(PanelView.java:162)
V/FlingTracker(  533): 	at com.android.systemui.statusbar.phone.PanelView$3.onTouch(PanelView.java:462)
V/FlingTracker(  533): 	at android.view.View.dispatchTouchEvent(View.java:7701)
V/FlingTracker(  533): 	at com.android.systemui.statusbar.phone.NotificationPanelView.onTouchEvent(NotificationPanelView.java:138)
V/FlingTracker(  533): 	at com.android.systemui.statusbar.phone.PanelBar.onTouchEvent(PanelBar.java:130)
V/FlingTracker(  533): 	at com.android.systemui.statusbar.phone.PhoneStatusBarView.onTouchEvent(PhoneStatusBarView.java:201)
V/FlingTracker(  533): 	at android.view.View.dispatchTouchEvent(View.java:7706)
V/FlingTracker(  533): 	at android.view.ViewGroup.dispatchTransformedTouchEvent(ViewGroup.java:2210)
V/FlingTracker(  533): 	at android.view.ViewGroup.dispatchTouchEvent(ViewGroup.java:1945)
V/FlingTracker(  533): 	at android.view.ViewGroup.dispatchTransformedTouchEvent(ViewGroup.java:2216)
V/FlingTracker(  533): 	at android.view.ViewGroup.dispatchTouchEvent(ViewGroup.java:1959)
V/FlingTracker(  533): 	at android.view.View.dispatchPointerEvent(View.java:7886)
V/FlingTracker(  533): 	at android.view.ViewRootImpl$ViewPostImeInputStage.processPointerEvent(ViewRootImpl.java:3978)
V/FlingTracker(  533): 	at android.view.ViewRootImpl$ViewPostImeInputStage.onProcess(ViewRootImpl.java:3857)
V/FlingTracker(  533): 	at android.view.ViewRootImpl$InputStage.deliver(ViewRootImpl.java:3423)
V/FlingTracker(  533): 	at android.view.ViewRootImpl$InputStage.onDeliverToNext(ViewRootImpl.java:3473)
V/FlingTracker(  533): 	at android.view.ViewRootImpl$InputStage.forward(ViewRootImpl.java:3442)
V/FlingTracker(  533): 	at android.view.ViewRootImpl$AsyncInputStage.forward(ViewRootImpl.java:3549)
V/FlingTracker(  533): 	at android.view.ViewRootImpl$InputStage.apply(ViewRootImpl.java:3450)
V/FlingTracker(  533): 	at android.view.ViewRootImpl$AsyncInputStage.apply(ViewRootImpl.java:3606)
V/FlingTracker(  533): 	at android.view.ViewRootImpl$InputStage.deliver(ViewRootImpl.java:3423)
V/FlingTracker(  533): 	at android.view.ViewRootImpl$InputStage.onDeliverToNext(ViewRootImpl.java:3473)
V/FlingTracker(  533): 	at android.view.ViewRootImpl$InputStage.forward(ViewRootImpl.java:3442)
V/FlingTracker(  533): 	at android.view.ViewRootImpl$InputStage.apply(ViewRootImpl.java:3450)
V/FlingTracker(  533): 	at android.view.ViewRootImpl$InputStage.deliver(ViewRootImpl.java:3423)
V/FlingTracker(  533): 	at android.view.ViewRootImpl.deliverInputEvent(ViewRootImpl.java:5626)
V/FlingTracker(  533): 	at android.view.ViewRootImpl.doProcessInputEvents(ViewRootImpl.java:5606)
V/FlingTracker(  533): 	at android.view.ViewRootImpl.enqueueInputEvent(ViewRootImpl.java:5577)
V/FlingTracker(  533): 	at android.view.ViewRootImpl$WindowInputEventReceiver.onInputEvent(ViewRootImpl.java:5706)
V/FlingTracker(  533): 	at android.view.InputEventReceiver.dispatchInputEvent(InputEventReceiver.java:185)
V/FlingTracker(  533): 	at android.os.MessageQueue.nativePollOnce(Native Method)
V/FlingTracker(  533): 	at android.os.MessageQueue.next(MessageQueue.java:138)
V/FlingTracker(  533): 	at android.os.Looper.loop(Looper.java:123)
V/FlingTracker(  533): 	at android.app.ActivityThread.main(ActivityThread.java:5019)
V/FlingTracker(  533): 	at java.lang.reflect.Method.invokeNative(Native Method)
V/FlingTracker(  533): 	at java.lang.reflect.Method.invoke(Method.java:515)
V/FlingTracker(  533): 	at com.android.internal.os.ZygoteInit$MethodAndArgsCaller.run(ZygoteInit.java:779)
V/FlingTracker(  533): 	at com.android.internal.os.ZygoteInit.main(ZygoteInit.java:595)
V/FlingTracker(  533): 	at dalvik.system.NativeStart.main(Native Method)
V/PanelView(  533): animationTick called with dtms=0; nothing to do (h=0.0 v=0.0)
V/PanelView(  533): animationTick called with dtms=-5; nothing to do (h=0.0 v=0.0)
W/ViewRootImpl(  533): Dropping event due to no window focus: KeyEvent { action=ACTION_DOWN, keyCode=KEYCODE_DPAD_UP, scanCode=0, metaState=0, flags=0x8, repeatCount=0, eventTime=447271, downTime=447271, deviceId=-1, source=0x101 }
W/ViewRootImpl(  533): Dropping event due to no window focus: KeyEvent { action=ACTION_DOWN, keyCode=KEYCODE_DPAD_CENTER, scanCode=0, metaState=0, flags=0x8, repeatCount=0, eventTime=447288, downTime=447288, deviceId=-1, source=0x101 }
W/ContextImpl(  481): Calling a method in the system process without a qualified user: android.app.ContextImpl.sendBroadcast:1123 com.android.server.InputMethodManagerService.hideCurrentInputLocked:1880 com.android.server.InputMethodManagerService.windowGainedFocus:1968 com.android.internal.view.IInputMethodManager$Stub.onTransact:221 com.android.server.InputMethodManagerService.onTransact:818 
W/InputEventReceiver(  533): Attempted to finish an input event but the input event receiver has already been disposed.
W/InputEventReceiver(  533): Attempted to finish an input event but the input event receiver has already been disposed.
W/InputEventReceiver(  533): Attempted to finish an input event but the input event receiver has already been disposed.
W/InputEventReceiver(  533): Attempted to finish an input event but the input event receiver has already been disposed.
W/InputEventReceiver(  533): Attempted to finish an input event but the input event receiver has already been disposed.
W/InputEventReceiver(  533): Attempted to finish an input event but the input event receiver has already been disposed.
W/EGL_emulation( 7977): eglSurfaceAttrib not implemented 3093 12436
W/InputEventReceiver(  533): Attempted to finish an input event but the input event receiver has already been disposed.
W/InputEventReceiver(  533): Attempted to finish an input event but the input event receiver has already been disposed.
I/ActivityManager(  481): START u0 {act=android.intent.action.MAIN cat=[android.intent.category.LAUNCHER] flg=0x10200000 cmp=com.hrfy.plus/.activities.SplashActivity} from pid 7967
W/ViewRootImpl(  533): Dropping event due to root view being removed: MotionEvent { action=ACTION_UP, id[0]=0, x[0]=556.4145, y[0]=289.36975, toolType[0]=TOOL_TYPE_UNKNOWN, buttonState=0, metaState=0, flags=0x0, edgeFlags=0x0, pointerCount=1, historySize=0, eventTime=447320, downTime=447319, deviceId=0, source=0x1002 }
W/ViewRootImpl(  533): Dropping event due to root view being removed: MotionEvent { action=ACTION_DOWN, id[0]=0, x[0]=76.0, y[0]=147.0, toolType[0]=TOOL_TYPE_UNKNOWN, buttonState=0, metaState=0, flags=0x0, edgeFlags=0x0, pointerCount=1, historySize=0, eventTime=447320, downTime=447320, deviceId=0, source=0x1002 }
W/ViewRootImpl(  533): Dropping event due to root view being removed: MotionEvent { action=ACTION_UP, id[0]=0, x[0]=65.255684, y[0]=156.03088, toolType[0]=TOOL_TYPE_UNKNOWN, buttonState=0, metaState=0, flags=0x0, edgeFlags=0x0, pointerCount=1, historySize=0, eventTime=447321, downTime=447320, deviceId=0, source=0x1002 }
W/ViewRootImpl(  533): Dropping event due to root view being removed: MotionEvent { action=ACTION_DOWN, id[0]=0, x[0]=401.0, y[0]=211.0, toolType[0]=TOOL_TYPE_UNKNOWN, buttonState=0, metaState=0, flags=0x0, edgeFlags=0x0, pointerCount=1, historySize=0, eventTime=447321, downTime=447321, deviceId=0, source=0x1002 }
W/ViewRootImpl(  533): Dropping event due to root view being removed: MotionEvent { action=ACTION_MOVE, id[0]=0, x[0]=366.24683, y[0]=267.9746, toolType[0]=TOOL_TYPE_UNKNOWN, buttonState=0, metaState=0, flags=0x0, edgeFlags=0x0, pointerCount=1, historySize=7, eventTime=447323, downTime=447321, deviceId=0, source=0x1002 }
W/ViewRootImpl(  533): Dropping event due to root view being removed: MotionEvent { action=ACTION_UP, id[0]=0, x[0]=365.27945, y[0]=273.3, toolType[0]=TOOL_TYPE_UNKNOWN, buttonState=0, metaState=0, flags=0x0, edgeFlags=0x0, pointerCount=1, historySize=0, eventTime=447324, downTime=447321, deviceId=0, source=0x1002 }
W/ViewRootImpl(  533): Dropping event due to root view being removed: KeyEvent { action=ACTION_UP, keyCode=KEYCODE_DPAD_CENTER, scanCode=0, metaState=0, flags=0x8, repeatCount=0, eventTime=447290, downTime=447290, deviceId=-1, source=0x101 }
W/ViewRootImpl( 7977): Dropping event due to no window focus: KeyEvent { action=ACTION_DOWN, keyCode=KEYCODE_DPAD_CENTER, scanCode=0, metaState=0, flags=0x8, repeatCount=0, eventTime=447327, downTime=447327, deviceId=-1, source=0x101 }
W/ContextImpl(  481): Calling a method in the system process without a qualified user: android.app.ContextImpl.sendBroadcast:1123 com.android.server.InputMethodManagerService.hideCurrentInputLocked:1880 com.android.server.InputMethodManagerService.windowGainedFocus:1968 com.android.internal.view.IInputMethodManager$Stub.onTransact:221 com.android.server.InputMethodManagerService.onTransact:818 
I/ActivityManager(  481): START u0 {act=android.intent.action.MAIN cat=[android.intent.category.LAUNCHER] flg=0x10200000 cmp=com.hrfy.plus/.activities.SplashActivity} from pid 7967
W/ViewRootImpl( 7977): Dropping event due to no window focus: KeyEvent { action=ACTION_DOWN, keyCode=KEYCODE_HEADSETHOOK, scanCode=0, metaState=0, flags=0x8, repeatCount=0, eventTime=447427, downTime=447427, deviceId=-1, source=0x101 }
W/ViewRootImpl( 7977): Dropping event due to no window focus: KeyEvent { action=ACTION_DOWN, keyCode=KEYCODE_HEADSETHOOK, scanCode=0, metaState=0, flags=0x8, repeatCount=0, eventTime=447428, downTime=447428, deviceId=-1, source=0x101 }
W/EGL_emulation( 7977): eglSurfaceAttrib not implemented 3093 12436
W/InputMethodManagerService(  481): Window already focused, ignoring focus gain of: com.android.internal.view.IInputMethodClient$Stub$Proxy@4ab79f3c attribute=null, token = android.os.BinderProxy@4aa2ce28
I/ActivityManager(  481): START u0 {act=android.intent.action.MAIN cat=[android.intent.category.LAUNCHER] flg=0x10200000 cmp=com.hrfy.plus/.activities.SplashActivity} from pid 7967
W/ViewRootImpl( 7977): Dropping event due to no window focus: KeyEvent { action=ACTION_DOWN, keyCode=KEYCODE_DPAD_LEFT, scanCode=0, metaState=0, flags=0x8, repeatCount=0, eventTime=447623, downTime=447623, deviceId=-1, source=0x101 }
W/ViewRootImpl( 7977): Dropping event due to no window focus: KeyEvent { action=ACTION_DOWN, keyCode=KEYCODE_DPAD_RIGHT, scanCode=0, metaState=0, flags=0x8, repeatCount=0, eventTime=447627, downTime=447627, deviceId=-1, source=0x101 }
W/ViewRootImpl( 7977): Dropping event due to no window focus: KeyEvent { action=ACTION_DOWN, keyCode=KEYCODE_DPAD_RIGHT, scanCode=0, metaState=0, flags=0x8, repeatCount=0, eventTime=447628, downTime=447628, deviceId=-1, source=0x101 }
W/ViewRootImpl( 7977): Dropping event due to no window focus: KeyEvent { action=ACTION_DOWN, keyCode=KEYCODE_DPAD_RIGHT, scanCode=0, metaState=0, flags=0x8, repeatCount=0, eventTime=447630, downTime=447630, deviceId=-1, source=0x101 }
W/EGL_emulation( 7977): eglSurfaceAttrib not implemented 3093 12436
W/ViewRootImpl( 7977): Dropping event due to no window focus: KeyEvent { action=ACTION_DOWN, keyCode=KEYCODE_NUMPAD_6, scanCode=0, metaState=0, flags=0x8, repeatCount=0, eventTime=447633, downTime=447633, deviceId=-1, source=0x101 }
I/ActivityManager(  481): START u0 {act=android.intent.action.MAIN cat=[android.intent.category.LAUNCHER] flg=0x10200000 cmp=com.hrfy.plus/.activities.SplashActivity} from pid 7967
W/InputMethodManagerService(  481): Window already focused, ignoring focus gain of: com.android.internal.view.IInputMethodClient$Stub$Proxy@4aa6a46c attribute=null, token = android.os.BinderProxy@4aa2ce28
I/ActivityManager(  481): START u0 {act=android.intent.action.MAIN cat=[android.intent.category.LAUNCHER] flg=0x10200000 cmp=com.hrfy.plus/.activities.SplashActivity} from pid 7967
W/EGL_emulation( 7977): eglSurfaceAttrib not implemented 3093 12436
D/dalvikvm(  481): GC_CONCURRENT freed 3327K, 43% free 16016K/27864K, paused 2ms+5ms, total 29ms
W/InputMethodManagerService(  481): Window already focused, ignoring focus gain of: com.android.internal.view.IInputMethodClient$Stub$Proxy@4ac446dc attribute=null, token = android.os.BinderProxy@4aa2ce28
W/ViewRootImpl( 7977): Dropping event due to no window focus: KeyEvent { action=ACTION_DOWN, keyCode=KEYCODE_DPAD_UP, scanCode=0, metaState=0, flags=0x8, repeatCount=0, eventTime=447758, downTime=447758, deviceId=-1, source=0x101 }
W/ViewRootImpl( 7977): Dropping event due to no window focus: KeyEvent { action=ACTION_DOWN, keyCode=KEYCODE_MENU, scanCode=0, metaState=0, flags=0x8, repeatCount=0, eventTime=447761, downTime=447761, deviceId=-1, source=0x101 }
W/ViewRootImpl( 7977): Dropping event due to no window focus: KeyEvent { action=ACTION_DOWN, keyCode=KEYCODE_ESCAPE, scanCode=0, metaState=0, flags=0x8, repeatCount=0, eventTime=447764, downTime=447764, deviceId=-1, source=0x101 }
W/ViewRootImpl( 7977): Dropping event due to no window focus: KeyEvent { action=ACTION_DOWN, keyCode=KEYCODE_BACK, scanCode=0, metaState=0, flags=0x8, repeatCount=0, eventTime=447764, downTime=447764, deviceId=-1, source=0x101 }
W/EGL_emulation( 7977): eglSurfaceAttrib not implemented 3093 12436
W/InputManager(  481): Input event injection from pid 7967 failed.
W/InputMethodManagerService(  481): Window already focused, ignoring focus gain of: com.android.internal.view.IInputMethodClient$Stub$Proxy@4a9e3150 attribute=null, token = android.os.BinderProxy@4aa2ce28
W/ViewRootImpl( 7977): Dropping event due to no window focus: KeyEvent { action=ACTION_DOWN, keyCode=KEYCODE_DPAD_RIGHT, scanCode=0, metaState=0, flags=0x8, repeatCount=0, eventTime=447882, downTime=447882, deviceId=-1, source=0x101 }
I/ActivityManager(  481): START u0 {act=android.intent.action.MAIN cat=[android.intent.category.LAUNCHER] flg=0x10200000 cmp=com.hrfy.plus/.activities.SplashActivity} from pid 7967
D/dalvikvm(  711): GC_CONCURRENT freed 2370K, 36% free 9478K/14604K, paused 1ms+2ms, total 21ms
W/EGL_emulation( 7977): eglSurfaceAttrib not implemented 3093 12436
W/InputMethodManagerService(  481): Window already focused, ignoring focus gain of: com.android.internal.view.IInputMethodClient$Stub$Proxy@4a9f4a8c attribute=null, token = android.os.BinderProxy@4aa2ce28
D/dalvikvm(  616): GC_CONCURRENT freed 378K, 14% free 2853K/3296K, paused 1ms+1ms, total 3ms
D/dalvikvm( 7977): GC_CONCURRENT freed 244K, 8% free 3889K/4196K, paused 1ms+1ms, total 4ms
W/ViewRootImpl( 7977): Dropping event due to no window focus: MotionEvent { action=ACTION_MOVE, id[0]=0, x[0]=3.0, y[0]=0.0, toolType[0]=TOOL_TYPE_UNKNOWN, buttonState=0, metaState=0, flags=0x0, edgeFlags=0x0, pointerCount=1, historySize=9, eventTime=447976, downTime=-1, deviceId=0, source=0x10004 }
W/ViewRootImpl( 7977): Dropping event due to no window focus: KeyEvent { action=ACTION_DOWN, keyCode=KEYCODE_DPAD_DOWN, scanCode=0, metaState=0, flags=0x8, repeatCount=0, eventTime=447976, downTime=447976, deviceId=-1, source=0x101 }
W/EGL_emulation( 7977): eglSurfaceAttrib not implemented 3093 12436
W/InputManager(  481): Input event injection from pid 7967 failed.
W/InputMethodManagerService(  481): Window already focused, ignoring focus gain of: com.android.internal.view.IInputMethodClient$Stub$Proxy@4a9be03c attribute=null, token = android.os.BinderProxy@4aa2ce28
I/ActivityManager(  481): START u0 {act=android.intent.action.MAIN cat=[android.intent.category.LAUNCHER] flg=0x10200000 cmp=com.hrfy.plus/.activities.SplashActivity} from pid 7967
D/dalvikvm(  828): GC_CONCURRENT freed 320K, 12% free 2854K/3236K, paused 0ms+0ms, total 2ms
D/BluetoothAdapter(  828): 1249413012: getState() :  mService = null. Returning STATE_OFF
W/WindowManager(  481): updateFocusedWindowLocked, focusedAppToken is null.
W/ViewRootImpl(  533): Dropping event due to no window focus: KeyEvent { action=ACTION_DOWN, keyCode=KEYCODE_DPAD_UP, scanCode=0, metaState=0, flags=0x8, repeatCount=0, eventTime=448018, downTime=448018, deviceId=-1, source=0x101 }
W/ContextImpl(  481): Calling a method in the system process without a qualified user: android.app.ContextImpl.sendBroadcast:1123 com.android.server.InputMethodManagerService.hideCurrentInputLocked:1880 com.android.server.InputMethodManagerService.windowGainedFocus:1968 com.android.internal.view.IInputMethodManager$Stub.onTransact:221 com.android.server.InputMethodManagerService.onTransact:818 
W/InputMethodManagerService(  481): Starting input on non-focused client com.android.internal.view.IInputMethodClient$Stub$Proxy@4a9a7f78 (uid=10167 pid=7977)
D/BluetoothAdapter(  828): 1249413012: getState() :  mService = null. Returning STATE_OFF
W/BackupManagerService(  481): dataChanged but no participant pkg='com.android.providers.settings' uid=10010
W/InputEventReceiver(  533): Attempted to finish an input event but the input event receiver has already been disposed.
W/InputEventReceiver(  533): Attempted to finish an input event but the input event receiver has already been disposed.
W/ContextImpl(  481): Calling a method in the system process without a qualified user: android.app.ContextImpl.sendBroadcast:1123 com.android.server.InputMethodManagerService.hideCurrentInputLocked:1880 com.android.server.InputMethodManagerService.windowGainedFocus:1968 com.android.internal.view.IInputMethodManager$Stub.onTransact:221 com.android.server.InputMethodManagerService.onTransact:818 
W/ViewRootImpl(  533): Dropping event due to root view being removed: MotionEvent { action=ACTION_UP, id[0]=0, x[0]=287.42053, y[0]=376.44598, toolType[0]=TOOL_TYPE_UNKNOWN, buttonState=0, metaState=0, flags=0x0, edgeFlags=0x0, pointerCount=1, historySize=0, eventTime=448048, downTime=448048, deviceId=0, source=0x1002 }
W/BackupManagerService(  481): dataChanged but no participant pkg='com.android.providers.settings' uid=10010
D/BluetoothAdapter(  828): 1249413012: getState() :  mService = null. Returning STATE_OFF
I/ActivityManager(  481): START u0 {act=android.intent.action.MAIN cat=[android.intent.category.LAUNCHER] flg=0x10200000 cmp=com.hrfy.plus/.activities.SplashActivity} from pid 7967
W/ViewRootImpl( 7977): Dropping event due to no window focus: KeyEvent { action=ACTION_DOWN, keyCode=KEYCODE_DPAD_DOWN, scanCode=0, metaState=0, flags=0x8, repeatCount=0, eventTime=448111, downTime=448111, deviceId=-1, source=0x101 }
W/EGL_emulation( 7977): eglSurfaceAttrib not implemented 3093 12436
D/dalvikvm( 2623): GC_FOR_ALLOC freed 10K, 34% free 8484K/12740K, paused 4ms, total 5ms
I/dalvikvm-heap( 2623): Grow heap (frag case) to 10.320MB for 2073612-byte allocation
D/dalvikvm( 2623): GC_CONCURRENT freed <1K, 18% free 10508K/12740K, paused 2ms+0ms, total 4ms
W/InputMethodManagerService(  481): Window already focused, ignoring focus gain of: com.android.internal.view.IInputMethodClient$Stub$Proxy@4ac6daf8 attribute=null, token = android.os.BinderProxy@4aa2ce28
D/dalvikvm(  481): GC_FOR_ALLOC freed 770K, 37% free 17601K/27864K, paused 14ms, total 15ms
D/BluetoothAdapter(  828): 1249413012: getState() :  mService = null. Returning STATE_OFF
D/dalvikvm(  533): GC_FOR_ALLOC freed 1473K, 39% free 9451K/15388K, paused 3ms, total 3ms
W/WindowManager(  481): updateFocusedWindowLocked, focusedAppToken is null.
W/ViewRootImpl(  533): Dropping event due to no window focus: KeyEvent { action=ACTION_DOWN, keyCode=KEYCODE_DPAD_UP, scanCode=0, metaState=0, flags=0x8, repeatCount=0, eventTime=448204, downTime=448204, deviceId=-1, source=0x101 }
I/ActivityManager(  481): START u0 {act=android.intent.action.CALL_BUTTON flg=0x10000000} from pid 7977
W/PhoneFallbackEventHandler( 7977): No activity found for android.intent.action.CALL_BUTTON.
W/ViewRootImpl(  533): Dropping event due to no window focus: KeyEvent { action=ACTION_DOWN, keyCode=KEYCODE_DPAD_UP, scanCode=0, metaState=0, flags=0x8, repeatCount=0, eventTime=448206, downTime=448206, deviceId=-1, source=0x101 }
W/ViewRootImpl(  533): Dropping event due to no window focus: KeyEvent { action=ACTION_DOWN, keyCode=KEYCODE_MENU, scanCode=0, metaState=0, flags=0x8, repeatCount=0, eventTime=448208, downTime=448208, deviceId=-1, source=0x101 }
W/ViewRootImpl(  533): Dropping event due to no window focus: KeyEvent { action=ACTION_DOWN, keyCode=KEYCODE_MENU, scanCode=0, metaState=0, flags=0x8, repeatCount=0, eventTime=448208, downTime=448208, deviceId=-1, source=0x101 }
W/ViewRootImpl(  533): Dropping event due to no window focus: KeyEvent { action=ACTION_DOWN, keyCode=KEYCODE_DPAD_RIGHT, scanCode=0, metaState=0, flags=0x8, repeatCount=0, eventTime=448211, downTime=448211, deviceId=-1, source=0x101 }
