W/ViewRootImpl(11760): Dropping event due to no window focus: KeyEvent { action=ACTION_DOWN, keyCode=KEYCODE_MENU, scanCode=0, metaState=0, flags=0x8, repeatCount=0, eventTime=860819, downTime=860819, deviceId=-1, source=0x101 }
W/ViewRootImpl(11760): Dropping event due to no window focus: KeyEvent { action=ACTION_DOWN, keyCode=KEYCODE_DPAD_UP, scanCode=0, metaState=0, flags=0x8, repeatCount=0, eventTime=860823, downTime=860823, deviceId=-1, source=0x101 }
W/ViewRootImpl(11760): Dropping event due to no window focus: KeyEvent { action=ACTION_DOWN, keyCode=KEYCODE_PERIOD, scanCode=0, metaState=0, flags=0x8, repeatCount=0, eventTime=860824, downTime=860824, deviceId=-1, source=0x101 }
W/ViewRootImpl(11760): Dropping event due to no window focus: MotionEvent { action=ACTION_MOVE, id[0]=0, x[0]=-4.0, y[0]=-1.0, toolType[0]=TOOL_TYPE_UNKNOWN, buttonState=0, metaState=0, flags=0x0, edgeFlags=0x0, pointerCount=1, historySize=9, eventTime=860828, downTime=-1, deviceId=0, source=0x10004 }
W/ViewRootImpl(11760): Dropping event due to no window focus: KeyEvent { action=ACTION_DOWN, keyCode=KEYCODE_NUMPAD_3, scanCode=0, metaState=0, flags=0x8, repeatCount=0, eventTime=860828, downTime=860828, deviceId=-1, source=0x101 }
W/EGL_emulation(11760): eglSurfaceAttrib not implemented 3093 12436
I/System.out(11760): body:<com.crashlytics.android.internal.ay: int b()>	sig:$i0 = virtualinvoke $r2.<java.net.HttpURLConnection: int getResponseCode()>()	timediff:139
W/ViewRootImpl(11760): Dropping event due to no window focus: KeyEvent { action=ACTION_DOWN, keyCode=KEYCODE_PAGE_DOWN, scanCode=0, metaState=0, flags=0x8, repeatCount=0, eventTime=860828, downTime=860828, deviceId=-1, source=0x101 }
W/InputMethodManagerService(  469): Window already focused, ignoring focus gain of: com.android.internal.view.IInputMethodClient$Stub$Proxy@4aa528e0 attribute=null, token = android.os.BinderProxy@4a9cba88
I/ActivityManager(  469): START u0 {act=android.intent.action.MAIN cat=[android.intent.category.LAUNCHER] flg=0x10200000 cmp=com.famousfootwear.android/.HomeActivity} from pid 11750
W/InputManager(  469): Input event injection from pid 11750 failed.
I/BugSenseHandler(11760): Registering default exceptions handler
W/InputManager(  469): Input event injection from pid 11750 failed.
I/BugSenseHandler(11760): Flushing...
I/BugSenseHandler(11760): Registering default exceptions handler
W/Apptentive(11760): Error communicating with server.
W/Apptentive(11760): Unable to resolve host "api.apptentive-beta.com": No address associated with hostname
I/Apptentive(11760): Starting PayloadSendWorker.
I/Apptentive(11760): Starting MessagePollingWorker.
I/Apptentive(11760): No conversation token yet.
I/ActivityManager(  469): START u0 {flg=0x4000000 cmp=com.famousfootwear.android/.ffuser.SignInActivityV2} from pid 11760
W/FlurryAgent(11760): Continuing previous session
D/Facebook-publish(11760): NullPointerException: null
E/ActivityThread(11760): Failed to find provider info for com.facebook.katana.provider.AttributionIdProvider
I/FF.USR.SignInActivityV2(11760): onCreate()
I/FF.USR.SignInActivityV2(11760):  - getBackStackEntryCount:0
D/dalvikvm(11760): GC_CONCURRENT freed 2705K, 21% free 11314K/14224K, paused 1ms+1ms, total 6ms
W/EGL_emulation(11760): eglSurfaceAttrib not implemented 3093 12436
I/SampleTable(  169): There are reordered frames present.
I/OMXCodec(  169): [OMX.ffmpeg.h264.decoder] AVC profile = 77 (Main), level = 31
I/OMXCodec(  169): [OMX.ffmpeg.h264.decoder] video dimensions are 320 x 240
W/ViewRootImpl(11760): Dropping event due to no window focus: MotionEvent { action=ACTION_MOVE, id[0]=0, x[0]=-2.0, y[0]=-2.0, toolType[0]=TOOL_TYPE_UNKNOWN, buttonState=0, metaState=0, flags=0x0, edgeFlags=0x0, pointerCount=1, historySize=19, eventTime=860990, downTime=-1, deviceId=0, source=0x10004 }
W/ViewRootImpl(11760): Dropping event due to no window focus: KeyEvent { action=ACTION_DOWN, keyCode=KEYCODE_DEL, scanCode=0, metaState=0, flags=0x8, repeatCount=0, eventTime=860990, downTime=860990, deviceId=-1, source=0x101 }
I/ActivityManager(  469): START u0 {act=android.intent.action.MAIN cat=[android.intent.category.LAUNCHER] flg=0x10200000 cmp=com.famousfootwear.android/.HomeActivity} from pid 11750
D/MediaPlayer(11760): getMetadata
W/ContextImpl(  469): Calling a method in the system process without a qualified user: android.app.ContextImpl.sendBroadcast:1123 com.android.server.InputMethodManagerService.hideCurrentInputLocked:1880 com.android.server.InputMethodManagerService.windowGainedFocus:1968 com.android.internal.view.IInputMethodManager$Stub.onTransact:221 com.android.server.InputMethodManagerService.onTransact:818 
I/OMXCodec(  169): [OMX.ffmpeg.h264.decoder] video dimensions are 640 x 1136
D/        (  169): HostConnection::get() New Host Connection established 0xb7f75420, tid 11951
W/MediaPlayer(11760): info/warning (3, 0)
W/TimedEventQueue(  169): Event 53 was not found in the queue, already cancelled?
I/ActivityManager(  469): START u0 {flg=0x4000000 cmp=com.famousfootwear.android/.ffuser.SignInActivityV2} from pid 11760
D/Facebook-publish(11760): NullPointerException: null
E/ActivityThread(11760): Failed to find provider info for com.facebook.katana.provider.AttributionIdProvider
I/FF.USR.SignInActivityV2(11760): onCreate()
I/FF.USR.SignInActivityV2(11760):  - getBackStackEntryCount:0
W/TimedEventQueue(  169): Event 22 was not found in the queue, already cancelled?
W/EGL_emulation(11760): eglSurfaceAttrib not implemented 3093 12436
I/SampleTable(  169): There are reordered frames present.
I/OMXCodec(  169): [OMX.ffmpeg.h264.decoder] AVC profile = 77 (Main), level = 31
I/OMXCodec(  169): [OMX.ffmpeg.h264.decoder] video dimensions are 320 x 240
W/ViewRootImpl(11760): Dropping event due to no window focus: KeyEvent { action=ACTION_DOWN, keyCode=KEYCODE_DPAD_LEFT, scanCode=0, metaState=0, flags=0x8, repeatCount=0, eventTime=861028, downTime=861028, deviceId=-1, source=0x101 }
W/ViewRootImpl(11760): Dropping event due to no window focus: KeyEvent { action=ACTION_DOWN, keyCode=KEYCODE_DPAD_UP, scanCode=0, metaState=0, flags=0x8, repeatCount=0, eventTime=861423, downTime=861423, deviceId=-1, source=0x101 }
I/ActivityManager(  469): Displayed com.famousfootwear.android/.ffuser.SignInActivityV2: +64ms (total +492ms)
D/MediaPlayer(11760): getMetadata
W/ContextImpl(  469): Calling a method in the system process without a qualified user: android.app.ContextImpl.sendBroadcast:1123 com.android.server.InputMethodManagerService.hideCurrentInputLocked:1880 com.android.server.InputMethodManagerService.windowGainedFocus:1968 com.android.internal.view.IInputMethodManager$Stub.onTransact:221 com.android.server.InputMethodManagerService.onTransact:818 
I/OMXCodec(  169): [OMX.ffmpeg.h264.decoder] video dimensions are 640 x 1136
W/ViewRootImpl(11760): Dropping event due to no window focus: KeyEvent { action=ACTION_DOWN, keyCode=KEYCODE_MENU, scanCode=0, metaState=0, flags=0x8, repeatCount=0, eventTime=861491, downTime=861491, deviceId=-1, source=0x101 }
W/ViewRootImpl(11760): Dropping event due to no window focus: KeyEvent { action=ACTION_DOWN, keyCode=KEYCODE_MENU, scanCode=0, metaState=0, flags=0x8, repeatCount=0, eventTime=861492, downTime=861492, deviceId=-1, source=0x101 }
W/ViewRootImpl(11760): Dropping event due to no window focus: KeyEvent { action=ACTION_DOWN, keyCode=KEYCODE_MENU, scanCode=0, metaState=0, flags=0x8, repeatCount=0, eventTime=861493, downTime=861493, deviceId=-1, source=0x101 }
I/ActivityManager(  469): START u0 {act=android.intent.action.MAIN cat=[android.intent.category.LAUNCHER] flg=0x10200000 cmp=com.famousfootwear.android/.HomeActivity} from pid 11750
D/        (  169): HostConnection::get() New Host Connection established 0xb7dae7e0, tid 11954
W/EGL_emulation(11760): eglSurfaceAttrib not implemented 3093 12436
W/MediaPlayer(11760): info/warning (3, 0)
I/ActivityManager(  469): START u0 {flg=0x4000000 cmp=com.famousfootwear.android/.ffuser.SignInActivityV2} from pid 11760
D/Facebook-publish(11760): NullPointerException: null
E/ActivityThread(11760): Failed to find provider info for com.facebook.katana.provider.AttributionIdProvider
I/FF.USR.SignInActivityV2(11760): onCreate()
I/FF.USR.SignInActivityV2(11760):  - getBackStackEntryCount:0
W/TimedEventQueue(  169): Event 4 was not found in the queue, already cancelled?
E/WindowManager(11760): 
E/WindowManager(11760): android.view.WindowLeaked: Activity com.famousfootwear.android.ffuser.SignInActivityV2 has leaked window com.android.internal.policy.impl.PhoneWindow$DecorView{4ac71a28 V.E..... ......I. 0,0-0,0} that was originally added here
E/WindowManager(11760): 	at android.view.ViewRootImpl.<init>(ViewRootImpl.java:348)
E/WindowManager(11760): 	at android.view.WindowManagerGlobal.addView(WindowManagerGlobal.java:248)
E/WindowManager(11760): 	at android.view.WindowManagerImpl.addView(WindowManagerImpl.java:69)
E/WindowManager(11760): 	at com.android.internal.policy.impl.PhoneWindow.openPanel(PhoneWindow.java:672)
E/WindowManager(11760): 	at com.android.internal.policy.impl.PhoneWindow.onKeyUpPanel(PhoneWindow.java:879)
E/WindowManager(11760): 	at com.android.internal.policy.impl.PhoneWindow.onKeyUp(PhoneWindow.java:1630)
E/WindowManager(11760): 	at com.android.internal.policy.impl.PhoneWindow$DecorView.dispatchKeyEvent(PhoneWindow.java:1969)
E/WindowManager(11760): 	at android.view.ViewRootImpl$ViewPostImeInputStage.processKeyEvent(ViewRootImpl.java:3876)
E/WindowManager(11760): 	at android.view.ViewRootImpl$ViewPostImeInputStage.onProcess(ViewRootImpl.java:3850)
E/WindowManager(11760): 	at android.view.ViewRootImpl$InputStage.deliver(ViewRootImpl.java:3423)
E/WindowManager(11760): 	at android.view.ViewRootImpl$InputStage.onDeliverToNext(ViewRootImpl.java:3473)
E/WindowManager(11760): 	at android.view.ViewRootImpl$InputStage.forward(ViewRootImpl.java:3442)
E/WindowManager(11760): 	at android.view.ViewRootImpl$AsyncInputStage.forward(ViewRootImpl.java:3549)
E/WindowManager(11760): 	at android.view.ViewRootImpl$InputStage.apply(ViewRootImpl.java:3450)
E/WindowManager(11760): 	at android.view.ViewRootImpl$AsyncInputStage.apply(ViewRootImpl.java:3606)
E/WindowManager(11760): 	at android.view.ViewRootImpl$InputStage.deliver(ViewRootImpl.java:3423)
E/WindowManager(11760): 	at android.view.ViewRootImpl$InputStage.onDeliverToNext(ViewRootImpl.java:3473)
E/WindowManager(11760): 	at android.view.ViewRootImpl$InputStage.forward(ViewRootImpl.java:3442)
E/WindowManager(11760): 	at android.view.ViewRootImpl$InputStage.apply(ViewRootImpl.java:3450)
E/WindowManager(11760): 	at android.view.ViewRootImpl$InputStage.deliver(ViewRootImpl.java:3423)
E/WindowManager(11760): 	at android.view.ViewRootImpl$InputStage.onDeliverToNext(ViewRootImpl.java:3473)
E/WindowManager(11760): 	at android.view.ViewRootImpl$InputStage.forward(ViewRootImpl.java:3442)
E/WindowManager(11760): 	at android.view.ViewRootImpl$AsyncInputStage.forward(ViewRootImpl.java:3582)
E/WindowManager(11760): 	at android.view.ViewRootImpl$ImeInputStage.onFinishedInputEvent(ViewRootImpl.java:3742)
E/WindowManager(11760): 	at android.view.inputmethod.InputMethodManager$PendingEvent.run(InputMethodManager.java:2010)
E/WindowManager(11760): 	at android.view.inputmethod.InputMethodManager.invokeFinishedInputEventCallback(InputMethodManager.java:1704)
E/WindowManager(11760): 	at android.view.inputmethod.InputMethodManager.finishedInputEvent(InputMethodManager.java:1695)
E/WindowManager(11760): 	at android.view.inputmethod.InputMethodManager$ImeInputEventSender.onInputEventFinished(InputMethodManager.java:1987)
E/WindowManager(11760): 	at android.view.InputEventSender.dispatchInputEventFinished(InputEventSender.java:141)
E/WindowManager(11760): 	at android.os.MessageQueue.nativePollOnce(Native Method)
E/WindowManager(11760): 	at android.os.MessageQueue.next(MessageQueue.java:138)
E/WindowManager(11760): 	at android.os.Looper.loop(Looper.java:123)
E/WindowManager(11760): 	at android.app.ActivityThread.main(ActivityThread.java:5019)
E/WindowManager(11760): 	at java.lang.reflect.Method.invokeNative(Native Method)
E/WindowManager(11760): 	at java.lang.reflect.Method.invoke(Method.java:515)
E/WindowManager(11760): 	at com.android.internal.os.ZygoteInit$MethodAndArgsCaller.run(ZygoteInit.java:779)
E/WindowManager(11760): 	at com.android.internal.os.ZygoteInit.main(ZygoteInit.java:595)
E/WindowManager(11760): 	at dalvik.system.NativeStart.main(Native Method)
W/EGL_emulation(11760): eglSurfaceAttrib not implemented 3093 12436
I/SampleTable(  169): There are reordered frames present.
I/OMXCodec(  169): [OMX.ffmpeg.h264.decoder] AVC profile = 77 (Main), level = 31
I/OMXCodec(  169): [OMX.ffmpeg.h264.decoder] video dimensions are 320 x 240
W/ViewRootImpl(11760): Dropping event due to no window focus: KeyEvent { action=ACTION_DOWN, keyCode=KEYCODE_NUMPAD_7, scanCode=0, metaState=0, flags=0x8, repeatCount=0, eventTime=861495, downTime=861495, deviceId=-1, source=0x101 }
W/ViewRootImpl(11760): Dropping event due to no window focus: KeyEvent { action=ACTION_DOWN, keyCode=KEYCODE_MOVE_HOME, scanCode=0, metaState=0, flags=0x8, repeatCount=0, eventTime=861495, downTime=861495, deviceId=-1, source=0x101 }
I/ActivityManager(  469): Displayed com.famousfootwear.android/.ffuser.SignInActivityV2: +59ms
D/MediaPlayer(11760): getMetadata
W/ViewRootImpl(11760): Dropping event due to no window focus: KeyEvent { action=ACTION_DOWN, keyCode=KEYCODE_DPAD_CENTER, scanCode=0, metaState=0, flags=0x8, repeatCount=0, eventTime=861582, downTime=861582, deviceId=-1, source=0x101 }
W/ContextImpl(  469): Calling a method in the system process without a qualified user: android.app.ContextImpl.sendBroadcast:1123 com.android.server.InputMethodManagerService.hideCurrentInputLocked:1880 com.android.server.InputMethodManagerService.windowGainedFocus:1968 com.android.internal.view.IInputMethodManager$Stub.onTransact:221 com.android.server.InputMethodManagerService.onTransact:818 
W/WindowManager(  469): Force-removing child win Window{4aaa62b4 u0 AtchDlg:com.famousfootwear.android/com.famousfootwear.android.ffuser.SignInActivityV2 EXITING} from container Window{4aa87dec u0 com.famousfootwear.android/com.famousfootwear.android.ffuser.SignInActivityV2}
I/OMXCodec(  169): [OMX.ffmpeg.h264.decoder] video dimensions are 640 x 1136
D/        (  169): HostConnection::get() New Host Connection established 0xb815e4f0, tid 11959
W/MediaPlayer(11760): info/warning (3, 0)
W/ViewRootImpl(11760): Dropping event due to no window focus: KeyEvent { action=ACTION_DOWN, keyCode=KEYCODE_MENU, scanCode=0, metaState=0, flags=0x8, repeatCount=0, eventTime=861838, downTime=861838, deviceId=-1, source=0x101 }
W/ViewRootImpl(11760): Dropping event due to no window focus: MotionEvent { action=ACTION_MOVE, id[0]=0, x[0]=-3.0, y[0]=-3.0, toolType[0]=TOOL_TYPE_UNKNOWN, buttonState=0, metaState=0, flags=0x0, edgeFlags=0x0, pointerCount=1, historySize=9, eventTime=861860, downTime=-1, deviceId=0, source=0x10004 }
W/EGL_emulation(11760): eglSurfaceAttrib not implemented 3093 12436
W/ViewRootImpl(11760): Dropping event due to no window focus: KeyEvent { action=ACTION_DOWN, keyCode=KEYCODE_SPACE, scanCode=0, metaState=0, flags=0x8, repeatCount=0, eventTime=861861, downTime=861861, deviceId=-1, source=0x101 }
W/InputMethodManagerService(  469): Window already focused, ignoring focus gain of: com.android.internal.view.IInputMethodClient$Stub$Proxy@4ac9efe0 attribute=null, token = android.os.BinderProxy@4af21600
W/ViewRootImpl(11760): Dropping event due to no window focus: MotionEvent { action=ACTION_MOVE, id[0]=0, x[0]=1.0, y[0]=1.0, toolType[0]=TOOL_TYPE_UNKNOWN, buttonState=0, metaState=0, flags=0x0, edgeFlags=0x0, pointerCount=1, historySize=2, eventTime=861942, downTime=-1, deviceId=0, source=0x10004 }
W/EGL_emulation(11760): eglSurfaceAttrib not implemented 3093 12436
W/ViewRootImpl(11760): Dropping event due to no window focus: KeyEvent { action=ACTION_DOWN, keyCode=KEYCODE_DPAD_CENTER, scanCode=0, metaState=0, flags=0x8, repeatCount=0, eventTime=861943, downTime=861943, deviceId=-1, source=0x101 }
I/ActivityManager(  469): START u0 {act=android.intent.action.MAIN cat=[android.intent.category.HOME] flg=0x10200000 cmp=com.vphone.launcher/.Launcher} from pid 469
W/InputMethodManagerService(  469): Window already focused, ignoring focus gain of: com.android.internal.view.IInputMethodClient$Stub$Proxy@4a9b4fc4 attribute=null, token = android.os.BinderProxy@4af21600
I/ActivityManager(  469): START u0 {act=android.intent.action.MAIN cat=[android.intent.category.LAUNCHER] flg=0x10200000 cmp=com.famousfootwear.android/.HomeActivity} from pid 11750
W/InputManager(  469): Input event injection from pid 11750 failed.
W/InputManager(  469): Input event injection from pid 11750 failed.
W/InputManager(  469): Input event injection from pid 11750 failed.
W/InputManager(  469): Input event injection from pid 11750 failed.
D/dalvikvm(11760): GC_CONCURRENT freed 2132K, 17% free 11902K/14224K, paused 0ms+1ms, total 6ms
I/ActivityManager(  469): START u0 {flg=0x4000000 cmp=com.famousfootwear.android/.ffuser.SignInActivityV2} from pid 11760
D/Facebook-publish(11760): NullPointerException: null
I/FF.USR.SignInActivityV2(11760): onCreate()
I/FF.USR.SignInActivityV2(11760):  - getBackStackEntryCount:0
E/ActivityThread(11760): Failed to find provider info for com.facebook.katana.provider.AttributionIdProvider
W/TimedEventQueue(  169): Event 22 was not found in the queue, already cancelled?
W/EGL_emulation(11760): eglSurfaceAttrib not implemented 3093 12436
I/SampleTable(  169): There are reordered frames present.
I/OMXCodec(  169): [OMX.ffmpeg.h264.decoder] AVC profile = 77 (Main), level = 31
I/OMXCodec(  169): [OMX.ffmpeg.h264.decoder] video dimensions are 320 x 240
W/ViewRootImpl(11760): Dropping event due to no window focus: MotionEvent { action=ACTION_MOVE, id[0]=0, x[0]=-3.0, y[0]=-2.0, toolType[0]=TOOL_TYPE_UNKNOWN, buttonState=0, metaState=0, flags=0x0, edgeFlags=0x0, pointerCount=1, historySize=9, eventTime=862073, downTime=-1, deviceId=0, source=0x10004 }
W/ViewRootImpl(11760): Dropping event due to no window focus: KeyEvent { action=ACTION_DOWN, keyCode=KEYCODE_6, scanCode=0, metaState=0, flags=0x8, repeatCount=0, eventTime=862074, downTime=862074, deviceId=-1, source=0x101 }
I/ActivityManager(  469): Displayed com.famousfootwear.android/.ffuser.SignInActivityV2: +66ms
D/MediaPlayer(11760): getMetadata
W/ContextImpl(  469): Calling a method in the system process without a qualified user: android.app.ContextImpl.sendBroadcast:1123 com.android.server.InputMethodManagerService.hideCurrentInputLocked:1880 com.android.server.InputMethodManagerService.windowGainedFocus:1968 com.android.internal.view.IInputMethodManager$Stub.onTransact:221 com.android.server.InputMethodManagerService.onTransact:818 
W/WindowManager(  469): Force-removing child win Window{4ac5f184 u0 AtchDlg:com.famousfootwear.android/com.famousfootwear.android.ffuser.SignInActivityV2 EXITING} from container Window{4aaedfd4 u0 com.famousfootwear.android/com.famousfootwear.android.ffuser.SignInActivityV2}
W/WindowManager(  469): Force-removing child win Window{4aa197b8 u0 AtchDlg:com.famousfootwear.android/com.famousfootwear.android.ffuser.SignInActivityV2 EXITING} from container Window{4aaedfd4 u0 com.famousfootwear.android/com.famousfootwear.android.ffuser.SignInActivityV2}
I/OMXCodec(  169): [OMX.ffmpeg.h264.decoder] video dimensions are 640 x 1136
D/        (  169): HostConnection::get() New Host Connection established 0xb7db6df0, tid 11968
W/MediaPlayer(11760): info/warning (3, 0)
W/ViewRootImpl(11760): Dropping event due to no window focus: KeyEvent { action=ACTION_DOWN, keyCode=KEYCODE_DPAD_CENTER, scanCode=0, metaState=0, flags=0x8, repeatCount=0, eventTime=862186, downTime=862186, deviceId=-1, source=0x101 }
W/ViewRootImpl(11760): Dropping event due to no window focus: KeyEvent { action=ACTION_DOWN, keyCode=KEYCODE_DPAD_CENTER, scanCode=0, metaState=0, flags=0x8, repeatCount=0, eventTime=862188, downTime=862188, deviceId=-1, source=0x101 }
W/ViewRootImpl(11760): Dropping event due to no window focus: MotionEvent { action=ACTION_MOVE, id[0]=0, x[0]=-3.0, y[0]=2.0, toolType[0]=TOOL_TYPE_UNKNOWN, buttonState=0, metaState=0, flags=0x0, edgeFlags=0x0, pointerCount=1, historySize=9, eventTime=862193, downTime=-1, deviceId=0, source=0x10004 }
W/EGL_emulation(11760): eglSurfaceAttrib not implemented 3093 12436
W/ViewRootImpl(11760): Dropping event due to no window focus: KeyEvent { action=ACTION_DOWN, keyCode=KEYCODE_DPAD_LEFT, scanCode=0, metaState=0, flags=0x8, repeatCount=0, eventTime=862193, downTime=862193, deviceId=-1, source=0x101 }
W/InputMethodManagerService(  469): Window already focused, ignoring focus gain of: com.android.internal.view.IInputMethodClient$Stub$Proxy@4a96d45c attribute=null, token = android.os.BinderProxy@4aa729e4
I/ActivityManager(  469): START u0 {act=android.intent.action.MAIN cat=[android.intent.category.LAUNCHER] flg=0x10200000 cmp=com.famousfootwear.android/.HomeActivity} from pid 11750
W/InputManager(  469): Input event injection from pid 11750 failed.
W/InputManager(  469): Input event injection from pid 11750 failed.
W/InputManager(  469): Input event injection from pid 11750 failed.
W/InputManager(  469): Input event injection from pid 11750 failed.
W/InputManager(  469): Input event injection from pid 11750 failed.
W/InputManager(  469): Input event injection from pid 11750 failed.
I/ActivityManager(  469): START u0 {flg=0x4000000 cmp=com.famousfootwear.android/.ffuser.SignInActivityV2} from pid 11760
D/Facebook-publish(11760): NullPointerException: null
I/FF.USR.SignInActivityV2(11760): onCreate()
I/FF.USR.SignInActivityV2(11760):  - getBackStackEntryCount:0
E/ActivityThread(11760): Failed to find provider info for com.facebook.katana.provider.AttributionIdProvider
W/TimedEventQueue(  169): Event 9 was not found in the queue, already cancelled?
W/EGL_emulation(11760): eglSurfaceAttrib not implemented 3093 12436
I/SampleTable(  169): There are reordered frames present.
I/OMXCodec(  169): [OMX.ffmpeg.h264.decoder] AVC profile = 77 (Main), level = 31
I/OMXCodec(  169): [OMX.ffmpeg.h264.decoder] video dimensions are 320 x 240
W/ViewRootImpl(11760): Dropping event due to no window focus: KeyEvent { action=ACTION_DOWN, keyCode=KEYCODE_DPAD_DOWN, scanCode=0, metaState=0, flags=0x8, repeatCount=0, eventTime=862261, downTime=862261, deviceId=-1, source=0x101 }
W/ViewRootImpl(11760): Dropping event due to no window focus: KeyEvent { action=ACTION_DOWN, keyCode=KEYCODE_MENU, scanCode=0, metaState=0, flags=0x8, repeatCount=0, eventTime=862317, downTime=862317, deviceId=-1, source=0x101 }
W/ViewRootImpl(11760): Dropping event due to no window focus: KeyEvent { action=ACTION_DOWN, keyCode=KEYCODE_DPAD_CENTER, scanCode=0, metaState=0, flags=0x8, repeatCount=0, eventTime=862319, downTime=862319, deviceId=-1, source=0x101 }
D/MediaPlayer(11760): getMetadata
I/ActivityManager(  469): Displayed com.famousfootwear.android/.ffuser.SignInActivityV2: +59ms
W/ContextImpl(  469): Calling a method in the system process without a qualified user: android.app.ContextImpl.sendBroadcast:1123 com.android.server.InputMethodManagerService.hideCurrentInputLocked:1880 com.android.server.InputMethodManagerService.windowGainedFocus:1968 com.android.internal.view.IInputMethodManager$Stub.onTransact:221 com.android.server.InputMethodManagerService.onTransact:818 
W/WindowManager(  469): Force-removing child win Window{4af2f358 u0 AtchDlg:com.famousfootwear.android/com.famousfootwear.android.ffuser.SignInActivityV2 EXITING} from container Window{4acb879c u0 com.famousfootwear.android/com.famousfootwear.android.ffuser.SignInActivityV2}
I/OMXCodec(  169): [OMX.ffmpeg.h264.decoder] video dimensions are 640 x 1136
D/        (  169): HostConnection::get() New Host Connection established 0xb815aff0, tid 11973
W/MediaPlayer(11760): info/warning (3, 0)
I/InputDispatcher(  469): Dropped event because of pending overdue app switch.
W/InputManager(  469): Input event injection from pid 11750 failed.
W/ViewRootImpl(11760): Dropping event due to no window focus: KeyEvent { action=ACTION_DOWN, keyCode=KEYCODE_NUMPAD_RIGHT_PAREN, scanCode=0, metaState=0, flags=0x8, repeatCount=0, eventTime=862630, downTime=862630, deviceId=-1, source=0x101 }
W/EGL_emulation(11760): eglSurfaceAttrib not implemented 3093 12436
I/ActivityManager(  469): START u0 {act=android.intent.action.MAIN cat=[android.intent.category.LAUNCHER] flg=0x10200000 cmp=com.famousfootwear.android/.HomeActivity} from pid 11750
I/ActivityManager(  469): START u0 {flg=0x4000000 cmp=com.famousfootwear.android/.ffuser.SignInActivityV2} from pid 11760
D/Facebook-publish(11760): NullPointerException: null
I/FF.USR.SignInActivityV2(11760): onCreate()
I/FF.USR.SignInActivityV2(11760):  - getBackStackEntryCount:0
E/ActivityThread(11760): Failed to find provider info for com.facebook.katana.provider.AttributionIdProvider
D/dalvikvm(11760): GC_CONCURRENT freed 2311K, 17% free 12534K/14948K, paused 0ms+0ms, total 8ms
W/TimedEventQueue(  169): Event 19 was not found in the queue, already cancelled?
E/WindowManager(11760): 
E/WindowManager(11760): android.view.WindowLeaked: Activity com.famousfootwear.android.ffuser.SignInActivityV2 has leaked window com.android.internal.policy.impl.PhoneWindow$DecorView{4ab9a0bc V.E..... ......I. 0,0-0,0} that was originally added here
E/WindowManager(11760): 	at android.view.ViewRootImpl.<init>(ViewRootImpl.java:348)
E/WindowManager(11760): 	at android.view.WindowManagerGlobal.addView(WindowManagerGlobal.java:248)
E/WindowManager(11760): 	at android.view.WindowManagerImpl.addView(WindowManagerImpl.java:69)
E/WindowManager(11760): 	at com.android.internal.policy.impl.PhoneWindow.openPanel(PhoneWindow.java:672)
E/WindowManager(11760): 	at com.android.internal.policy.impl.PhoneWindow.onKeyUpPanel(PhoneWindow.java:879)
E/WindowManager(11760): 	at com.android.internal.policy.impl.PhoneWindow.onKeyUp(PhoneWindow.java:1630)
E/WindowManager(11760): 	at com.android.internal.policy.impl.PhoneWindow$DecorView.dispatchKeyEvent(PhoneWindow.java:1969)
E/WindowManager(11760): 	at android.view.ViewRootImpl$ViewPostImeInputStage.processKeyEvent(ViewRootImpl.java:3876)
E/WindowManager(11760): 	at android.view.ViewRootImpl$ViewPostImeInputStage.onProcess(ViewRootImpl.java:3850)
E/WindowManager(11760): 	at android.view.ViewRootImpl$InputStage.deliver(ViewRootImpl.java:3423)
E/WindowManager(11760): 	at android.view.ViewRootImpl$InputStage.onDeliverToNext(ViewRootImpl.java:3473)
E/WindowManager(11760): 	at android.view.ViewRootImpl$InputStage.forward(ViewRootImpl.java:3442)
E/WindowManager(11760): 	at android.view.ViewRootImpl$AsyncInputStage.forward(ViewRootImpl.java:3549)
E/WindowManager(11760): 	at android.view.ViewRootImpl$InputStage.apply(ViewRootImpl.java:3450)
E/WindowManager(11760): 	at android.view.ViewRootImpl$AsyncInputStage.apply(ViewRootImpl.java:3606)
E/WindowManager(11760): 	at android.view.ViewRootImpl$InputStage.deliver(ViewRootImpl.java:3423)
E/WindowManager(11760): 	at android.view.ViewRootImpl$InputStage.onDeliverToNext(ViewRootImpl.java:3473)
E/WindowManager(11760): 	at android.view.ViewRootImpl$InputStage.forward(ViewRootImpl.java:3442)
E/WindowManager(11760): 	at android.view.ViewRootImpl$InputStage.apply(ViewRootImpl.java:3450)
E/WindowManager(11760): 	at android.view.ViewRootImpl$InputStage.deliver(ViewRootImpl.java:3423)
E/WindowManager(11760): 	at android.view.ViewRootImpl$InputStage.onDeliverToNext(ViewRootImpl.java:3473)
E/WindowManager(11760): 	at android.view.ViewRootImpl$InputStage.forward(ViewRootImpl.java:3442)
E/WindowManager(11760): 	at android.view.ViewRootImpl$AsyncInputStage.forward(ViewRootImpl.java:3582)
E/WindowManager(11760): 	at android.view.ViewRootImpl$ImeInputStage.onFinishedInputEvent(ViewRootImpl.java:3742)
E/WindowManager(11760): 	at android.view.inputmethod.InputMethodManager$PendingEvent.run(InputMethodManager.java:2010)
E/WindowManager(11760): 	at android.view.inputmethod.InputMethodManager.invokeFinishedInputEventCallback(InputMethodManager.java:1704)
E/WindowManager(11760): 	at android.view.inputmethod.InputMethodManager.finishedInputEvent(InputMethodManager.java:1695)
E/WindowManager(11760): 	at android.view.inputmethod.InputMethodManager$ImeInputEventSender.onInputEventFinished(InputMethodManager.java:1987)
E/WindowManager(11760): 	at android.view.InputEventSender.dispatchInputEventFinished(InputEventSender.java:141)
E/WindowManager(11760): 	at android.os.MessageQueue.nativePollOnce(Native Method)
E/WindowManager(11760): 	at android.os.MessageQueue.next(MessageQueue.java:138)
E/WindowManager(11760): 	at android.os.Looper.loop(Looper.java:123)
E/WindowManager(11760): 	at android.app.ActivityThread.main(ActivityThread.java:5019)
E/WindowManager(11760): 	at java.lang.reflect.Method.invokeNative(Native Method)
E/WindowManager(11760): 	at java.lang.reflect.Method.invoke(Method.java:515)
E/WindowManager(11760): 	at com.android.internal.os.ZygoteInit$MethodAndArgsCaller.run(ZygoteInit.java:779)
E/WindowManager(11760): 	at com.android.internal.os.ZygoteInit.main(ZygoteInit.java:595)
E/WindowManager(11760): 	at dalvik.system.NativeStart.main(Native Method)
W/EGL_emulation(11760): eglSurfaceAttrib not implemented 3093 12436
I/SampleTable(  169): There are reordered frames present.
I/OMXCodec(  169): [OMX.ffmpeg.h264.decoder] AVC profile = 77 (Main), level = 31
I/OMXCodec(  169): [OMX.ffmpeg.h264.decoder] video dimensions are 320 x 240
W/ViewRootImpl(11760): Dropping event due to no window focus: KeyEvent { action=ACTION_DOWN, keyCode=KEYCODE_SWITCH_CHARSET, scanCode=0, metaState=0, flags=0x8, repeatCount=0, eventTime=862710, downTime=862710, deviceId=-1, source=0x101 }
I/ActivityManager(  469): Displayed com.famousfootwear.android/.ffuser.SignInActivityV2: +68ms
W/ViewRootImpl(11760): Dropping event due to no window focus: KeyEvent { action=ACTION_DOWN, keyCode=KEYCODE_DPAD_RIGHT, scanCode=0, metaState=0, flags=0x8, repeatCount=0, eventTime=862732, downTime=862732, deviceId=-1, source=0x101 }
W/ContextImpl(  469): Calling a method in the system process without a qualified user: android.app.ContextImpl.sendBroadcast:1123 com.android.server.InputMethodManagerService.hideCurrentInputLocked:1880 com.android.server.InputMethodManagerService.windowGainedFocus:1968 com.android.internal.view.IInputMethodManager$Stub.onTransact:221 com.android.server.InputMethodManagerService.onTransact:818 
D/MediaPlayer(11760): getMetadata
W/WindowManager(  469): Force-removing child win Window{4acb0374 u0 AtchDlg:com.famousfootwear.android/com.famousfootwear.android.ffuser.SignInActivityV2 EXITING} from container Window{4abb55f0 u0 com.famousfootwear.android/com.famousfootwear.android.ffuser.SignInActivityV2}
I/OMXCodec(  169): [OMX.ffmpeg.h264.decoder] video dimensions are 640 x 1136
D/        (  169): HostConnection::get() New Host Connection established 0xb7dc3230, tid 11978
W/MediaPlayer(11760): info/warning (3, 0)
I/ActivityManager(  469): START u0 {act=android.intent.action.MAIN cat=[android.intent.category.LAUNCHER] flg=0x10200000 cmp=com.famousfootwear.android/.HomeActivity} from pid 11750
I/ActivityManager(  469): START u0 {flg=0x4000000 cmp=com.famousfootwear.android/.ffuser.SignInActivityV2} from pid 11760
W/InputManager(  469): Input event injection from pid 11750 failed.
W/InputManager(  469): Input event injection from pid 11750 failed.
I/FF.USR.SignInActivityV2(11760): onCreate()
I/FF.USR.SignInActivityV2(11760):  - getBackStackEntryCount:0
D/Facebook-publish(11760): NullPointerException: null
W/ViewRootImpl(11760): Dropping event due to no window focus: KeyEvent { action=ACTION_DOWN, keyCode=KEYCODE_DPAD_LEFT, scanCode=0, metaState=0, flags=0x400, repeatCount=0, eventTime=862833, downTime=862833, deviceId=-1, source=0x101 }
W/ViewRootImpl(11760): Dropping event due to no window focus: KeyEvent { action=ACTION_DOWN, keyCode=KEYCODE_DPAD_LEFT, scanCode=0, metaState=0, flags=0x400, repeatCount=0, eventTime=862833, downTime=862833, deviceId=-1, source=0x101 }
W/ViewRootImpl(11760): Dropping event due to no window focus: KeyEvent { action=ACTION_DOWN, keyCode=KEYCODE_DPAD_LEFT, scanCode=0, metaState=0, flags=0x400, repeatCount=0, eventTime=862833, downTime=862833, deviceId=-1, source=0x101 }
E/ActivityThread(11760): Failed to find provider info for com.facebook.katana.provider.AttributionIdProvider
W/TimedEventQueue(  169): Event 5 was not found in the queue, already cancelled?
W/EGL_emulation(11760): eglSurfaceAttrib not implemented 3093 12436
I/SampleTable(  169): There are reordered frames present.
I/OMXCodec(  169): [OMX.ffmpeg.h264.decoder] AVC profile = 77 (Main), level = 31
I/OMXCodec(  169): [OMX.ffmpeg.h264.decoder] video dimensions are 320 x 240
W/ViewRootImpl(11760): Dropping event due to no window focus: KeyEvent { action=ACTION_DOWN, keyCode=KEYCODE_MENU, scanCode=0, metaState=0, flags=0x8, repeatCount=0, eventTime=862827, downTime=862827, deviceId=-1, source=0x101 }
I/ActivityManager(  469): Displayed com.famousfootwear.android/.ffuser.SignInActivityV2: +51ms
D/MediaPlayer(11760): getMetadata
W/ContextImpl(  469): Calling a method in the system process without a qualified user: android.app.ContextImpl.sendBroadcast:1123 com.android.server.InputMethodManagerService.hideCurrentInputLocked:1880 com.android.server.InputMethodManagerService.windowGainedFocus:1968 com.android.internal.view.IInputMethodManager$Stub.onTransact:221 com.android.server.InputMethodManagerService.onTransact:818 
I/ActivityManager(  469): START u0 {act=android.intent.action.MAIN cat=[android.intent.category.LAUNCHER] flg=0x10200000 cmp=com.famousfootwear.android/.HomeActivity} from pid 11750
W/InputManager(  469): Input event injection from pid 11750 failed.
W/InputManager(  469): Input event injection from pid 11750 failed.
W/InputManager(  469): Input event injection from pid 11750 failed.
W/InputManager(  469): Input event injection from pid 11750 failed.
W/InputManager(  469): Input event injection from pid 11750 failed.
I/OMXCodec(  169): [OMX.ffmpeg.h264.decoder] video dimensions are 640 x 1136
D/        (  169): HostConnection::get() New Host Connection established 0xb7e1cd80, tid 11981
W/FlurryAgent(11760): Trying to end session
W/MediaPlayer(11760): info/warning (3, 0)
I/ActivityManager(  469): Activity reported stop, but no longer stopping: ActivityRecord{4a9925d8 u0 com.famousfootwear.android/.HomeActivity t57}
I/BugSenseHandler(11760): Registering default exceptions handler
I/Apptentive(11760): Starting PayloadSendWorker.
I/Apptentive(11760): Starting MessagePollingWorker.
I/Apptentive(11760): No conversation token yet.
W/Apptentive(11760): Error communicating with server.
W/Apptentive(11760): Unable to resolve host "api.apptentive-beta.com": No address associated with hostname
I/BugSenseHandler(11760): Flushing...
I/BugSenseHandler(11760): Registering default exceptions handler
I/ActivityManager(  469): START u0 {flg=0x4000000 cmp=com.famousfootwear.android/.ffuser.SignInActivityV2} from pid 11760
W/FlurryAgent(11760): Continuing previous session
D/Facebook-publish(11760): NullPointerException: null
E/ActivityThread(11760): Failed to find provider info for com.facebook.katana.provider.AttributionIdProvider
I/FF.USR.SignInActivityV2(11760): onCreate()
I/FF.USR.SignInActivityV2(11760):  - getBackStackEntryCount:0
D/dalvikvm(11760): GC_CONCURRENT freed 3040K, 19% free 12906K/15824K, paused 1ms+2ms, total 11ms
W/TimedEventQueue(  169): Event 6 was not found in the queue, already cancelled?
W/EGL_emulation(11760): eglSurfaceAttrib not implemented 3093 12436
I/SampleTable(  169): There are reordered frames present.
W/ViewRootImpl(11760): Dropping event due to no window focus: KeyEvent { action=ACTION_DOWN, keyCode=KEYCODE_BUTTON_5, scanCode=0, metaState=0, flags=0x8, repeatCount=0, eventTime=862918, downTime=862918, deviceId=-1, source=0x101 }
I/OMXCodec(  169): [OMX.ffmpeg.h264.decoder] AVC profile = 77 (Main), level = 31
I/OMXCodec(  169): [OMX.ffmpeg.h264.decoder] video dimensions are 320 x 240
W/ViewRootImpl(11760): Dropping event due to no window focus: KeyEvent { action=ACTION_DOWN, keyCode=KEYCODE_DPAD_CENTER, scanCode=0, metaState=0, flags=0x8, repeatCount=0, eventTime=862918, downTime=862918, deviceId=-1, source=0x101 }
I/ActivityManager(  469): Displayed com.famousfootwear.android/.ffuser.SignInActivityV2: +77ms
D/MediaPlayer(11760): getMetadata
W/ContextImpl(  469): Calling a method in the system process without a qualified user: android.app.ContextImpl.sendBroadcast:1123 com.android.server.InputMethodManagerService.hideCurrentInputLocked:1880 com.android.server.InputMethodManagerService.windowGainedFocus:1968 com.android.internal.view.IInputMethodManager$Stub.onTransact:221 com.android.server.InputMethodManagerService.onTransact:818 
I/OMXCodec(  169): [OMX.ffmpeg.h264.decoder] video dimensions are 640 x 1136
D/        (  169): HostConnection::get() New Host Connection established 0xb7db7a90, tid 11991
W/ViewRootImpl(11760): Dropping event due to no window focus: KeyEvent { action=ACTION_DOWN, keyCode=KEYCODE_DPAD_UP, scanCode=0, metaState=0, flags=0x8, repeatCount=0, eventTime=863156, downTime=863156, deviceId=-1, source=0x101 }
W/MediaPlayer(11760): info/warning (3, 0)
I/ActivityManager(  469): START u0 {act=android.intent.action.MAIN cat=[android.intent.category.LAUNCHER] flg=0x10200000 cmp=com.famousfootwear.android/.HomeActivity} from pid 11750
W/ViewRootImpl(11760): Dropping event due to no window focus: MotionEvent { action=ACTION_MOVE, id[0]=0, x[0]=-1.0, y[0]=4.0, toolType[0]=TOOL_TYPE_UNKNOWN, buttonState=0, metaState=0, flags=0x0, edgeFlags=0x0, pointerCount=1, historySize=9, eventTime=863161, downTime=-1, deviceId=0, source=0x10004 }
W/EGL_emulation(11760): eglSurfaceAttrib not implemented 3093 12436
I/ActivityManager(  469): START u0 {flg=0x4000000 cmp=com.famousfootwear.android/.ffuser.SignInActivityV2} from pid 11760
D/Facebook-publish(11760): NullPointerException: null
I/FF.USR.SignInActivityV2(11760): onCreate()
I/FF.USR.SignInActivityV2(11760):  - getBackStackEntryCount:0
E/ActivityThread(11760): Failed to find provider info for com.facebook.katana.provider.AttributionIdProvider
W/TimedEventQueue(  169): Event 5 was not found in the queue, already cancelled?
E/WindowManager(11760): 
E/WindowManager(11760): android.view.WindowLeaked: Activity com.famousfootwear.android.ffuser.SignInActivityV2 has leaked window com.android.internal.policy.impl.PhoneWindow$DecorView{4a8b2b98 V.E..... ......I. 0,0-0,0} that was originally added here
E/WindowManager(11760): 	at android.view.ViewRootImpl.<init>(ViewRootImpl.java:348)
E/WindowManager(11760): 	at android.view.WindowManagerGlobal.addView(WindowManagerGlobal.java:248)
E/WindowManager(11760): 	at android.view.WindowManagerImpl.addView(WindowManagerImpl.java:69)
E/WindowManager(11760): 	at com.android.internal.policy.impl.PhoneWindow.openPanel(PhoneWindow.java:672)
E/WindowManager(11760): 	at com.android.internal.policy.impl.PhoneWindow.onKeyUpPanel(PhoneWindow.java:879)
E/WindowManager(11760): 	at com.android.internal.policy.impl.PhoneWindow.onKeyUp(PhoneWindow.java:1630)
E/WindowManager(11760): 	at com.android.internal.policy.impl.PhoneWindow$DecorView.dispatchKeyEvent(PhoneWindow.java:1969)
E/WindowManager(11760): 	at android.view.ViewRootImpl$ViewPostImeInputStage.processKeyEvent(ViewRootImpl.java:3876)
E/WindowManager(11760): 	at android.view.ViewRootImpl$ViewPostImeInputStage.onProcess(ViewRootImpl.java:3850)
E/WindowManager(11760): 	at android.view.ViewRootImpl$InputStage.deliver(ViewRootImpl.java:3423)
E/WindowManager(11760): 	at android.view.ViewRootImpl$InputStage.onDeliverToNext(ViewRootImpl.java:3473)
E/WindowManager(11760): 	at android.view.ViewRootImpl$InputStage.forward(ViewRootImpl.java:3442)
E/WindowManager(11760): 	at android.view.ViewRootImpl$AsyncInputStage.forward(ViewRootImpl.java:3549)
E/WindowManager(11760): 	at android.view.ViewRootImpl$InputStage.apply(ViewRootImpl.java:3450)
E/WindowManager(11760): 	at android.view.ViewRootImpl$AsyncInputStage.apply(ViewRootImpl.java:3606)
E/WindowManager(11760): 	at android.view.ViewRootImpl$InputStage.deliver(ViewRootImpl.java:3423)
E/WindowManager(11760): 	at android.view.ViewRootImpl$InputStage.onDeliverToNext(ViewRootImpl.java:3473)
E/WindowManager(11760): 	at android.view.ViewRootImpl$InputStage.forward(ViewRootImpl.java:3442)
E/WindowManager(11760): 	at android.view.ViewRootImpl$InputStage.apply(ViewRootImpl.java:3450)
E/WindowManager(11760): 	at android.view.ViewRootImpl$InputStage.deliver(ViewRootImpl.java:3423)
E/WindowManager(11760): 	at android.view.ViewRootImpl$InputStage.onDeliverToNext(ViewRootImpl.java:3473)
E/WindowManager(11760): 	at android.view.ViewRootImpl$InputStage.forward(ViewRootImpl.java:3442)
E/WindowManager(11760): 	at android.view.ViewRootImpl$AsyncInputStage.forward(ViewRootImpl.java:3582)
E/WindowManager(11760): 	at android.view.ViewRootImpl$ImeInputStage.onFinishedInputEvent(ViewRootImpl.java:3742)
E/WindowManager(11760): 	at android.view.inputmethod.InputMethodManager$PendingEvent.run(InputMethodManager.java:2010)
E/WindowManager(11760): 	at android.view.inputmethod.InputMethodManager.invokeFinishedInputEventCallback(InputMethodManager.java:1704)
E/WindowManager(11760): 	at android.view.inputmethod.InputMethodManager.finishedInputEvent(InputMethodManager.java:1695)
E/WindowManager(11760): 	at android.view.inputmethod.InputMethodManager$ImeInputEventSender.onInputEventFinished(InputMethodManager.java:1987)
E/WindowManager(11760): 	at android.view.InputEventSender.dispatchInputEventFinished(InputEventSender.java:141)
E/WindowManager(11760): 	at android.os.MessageQueue.nativePollOnce(Native Method)
E/WindowManager(11760): 	at android.os.MessageQueue.next(MessageQueue.java:138)
E/WindowManager(11760): 	at android.os.Looper.loop(Looper.java:123)
E/WindowManager(11760): 	at android.app.ActivityThread.main(ActivityThread.java:5019)
E/WindowManager(11760): 	at java.lang.reflect.Method.invokeNative(Native Method)
E/WindowManager(11760): 	at java.lang.reflect.Method.invoke(Method.java:515)
E/WindowManager(11760): 	at com.android.internal.os.ZygoteInit$MethodAndArgsCaller.run(ZygoteInit.java:779)
E/WindowManager(11760): 	at com.android.internal.os.ZygoteInit.main(ZygoteInit.java:595)
E/WindowManager(11760): 	at dalvik.system.NativeStart.main(Native Method)
W/EGL_emulation(11760): eglSurfaceAttrib not implemented 3093 12436
I/SampleTable(  169): There are reordered frames present.
I/OMXCodec(  169): [OMX.ffmpeg.h264.decoder] AVC profile = 77 (Main), level = 31
I/OMXCodec(  169): [OMX.ffmpeg.h264.decoder] video dimensions are 320 x 240
W/ViewRootImpl(11760): Dropping event due to no window focus: KeyEvent { action=ACTION_DOWN, keyCode=KEYCODE_MENU, scanCode=0, metaState=0, flags=0x8, repeatCount=0, eventTime=863162, downTime=863162, deviceId=-1, source=0x101 }
W/ViewRootImpl(11760): Dropping event due to no window focus: KeyEvent { action=ACTION_DOWN, keyCode=KEYCODE_MOVE_HOME, scanCode=0, metaState=0, flags=0x8, repeatCount=0, eventTime=863253, downTime=863253, deviceId=-1, source=0x101 }
I/ActivityManager(  469): Displayed com.famousfootwear.android/.ffuser.SignInActivityV2: +65ms
D/MediaPlayer(11760): getMetadata
W/ViewRootImpl(11760): Dropping event due to no window focus: KeyEvent { action=ACTION_DOWN, keyCode=KEYCODE_DPAD_CENTER, scanCode=0, metaState=0, flags=0x8, repeatCount=0, eventTime=863256, downTime=863256, deviceId=-1, source=0x101 }
W/ContextImpl(  469): Calling a method in the system process without a qualified user: android.app.ContextImpl.sendBroadcast:1123 com.android.server.InputMethodManagerService.hideCurrentInputLocked:1880 com.android.server.InputMethodManagerService.windowGainedFocus:1968 com.android.internal.view.IInputMethodManager$Stub.onTransact:221 com.android.server.InputMethodManagerService.onTransact:818 
W/WindowManager(  469): Force-removing child win Window{4ae938d4 u0 AtchDlg:com.famousfootwear.android/com.famousfootwear.android.ffuser.SignInActivityV2 EXITING} from container Window{4aa1bacc u0 com.famousfootwear.android/com.famousfootwear.android.ffuser.SignInActivityV2}
I/OMXCodec(  169): [OMX.ffmpeg.h264.decoder] video dimensions are 640 x 1136
D/        (  169): HostConnection::get() New Host Connection established 0xb7e1e700, tid 11996
W/MediaPlayer(11760): info/warning (3, 0)
I/FF.USR.SignInActivityV2(11760): onBackPressed()
I/FF.USR.SignInActivityV2(11760):  - backStackCount:0
W/ViewRootImpl(11760): Dropping event due to no window focus: KeyEvent { action=ACTION_DOWN, keyCode=KEYCODE_DPAD_DOWN, scanCode=0, metaState=0, flags=0x8, repeatCount=0, eventTime=863353, downTime=863353, deviceId=-1, source=0x101 }
W/ViewRootImpl(11760): Dropping event due to no window focus: KeyEvent { action=ACTION_DOWN, keyCode=KEYCODE_DPAD_CENTER, scanCode=0, metaState=0, flags=0x8, repeatCount=0, eventTime=863356, downTime=863356, deviceId=-1, source=0x101 }
I/ActivityManager(  469): START u0 {act=android.intent.action.MAIN cat=[android.intent.category.LAUNCHER] flg=0x10200000 cmp=com.famousfootwear.android/.HomeActivity} from pid 11750
W/EGL_emulation(11760): eglSurfaceAttrib not implemented 3093 12436
I/BugSenseHandler(11760): Registering default exceptions handler
W/Apptentive(11760): Error communicating with server.
W/Apptentive(11760): Unable to resolve host "api.apptentive-beta.com": No address associated with hostname
I/ActivityManager(  469): START u0 {flg=0x4000000 cmp=com.famousfootwear.android/.ffuser.SignInActivityV2} from pid 11760
I/BugSenseHandler(11760): Flushing...
I/BugSenseHandler(11760): Registering default exceptions handler
D/dalvikvm(11760): GC_CONCURRENT freed 4759K, 30% free 11417K/16276K, paused 1ms+1ms, total 8ms
I/FF.USR.SignInActivityV2(11760): onCreate()
I/FF.USR.SignInActivityV2(11760):  - getBackStackEntryCount:0
E/ActivityThread(11760): Failed to find provider info for com.facebook.katana.provider.AttributionIdProvider
D/Facebook-publish(11760): NullPointerException: null
W/EGL_emulation(11760): eglSurfaceAttrib not implemented 3093 12436
I/SampleTable(  169): There are reordered frames present.
W/ViewRootImpl(11760): Dropping event due to no window focus: KeyEvent { action=ACTION_DOWN, keyCode=KEYCODE_DPAD_CENTER, scanCode=0, metaState=0, flags=0x8, repeatCount=0, eventTime=863358, downTime=863358, deviceId=-1, source=0x101 }
W/ViewRootImpl(11760): Dropping event due to no window focus: KeyEvent { action=ACTION_DOWN, keyCode=KEYCODE_DPAD_LEFT, scanCode=0, metaState=0, flags=0x8, repeatCount=0, eventTime=863521, downTime=863521, deviceId=-1, source=0x101 }
I/OMXCodec(  169): [OMX.ffmpeg.h264.decoder] AVC profile = 77 (Main), level = 31
I/OMXCodec(  169): [OMX.ffmpeg.h264.decoder] video dimensions are 320 x 240
I/ActivityManager(  469): Displayed com.famousfootwear.android/.ffuser.SignInActivityV2: +84ms (total +161ms)
D/MediaPlayer(11760): getMetadata
W/ViewRootImpl(11760): Dropping event due to no window focus: KeyEvent { action=ACTION_DOWN, keyCode=KEYCODE_MENU, scanCode=0, metaState=0, flags=0x8, repeatCount=0, eventTime=863524, downTime=863524, deviceId=-1, source=0x101 }
W/ContextImpl(  469): Calling a method in the system process without a qualified user: android.app.ContextImpl.sendBroadcast:1123 com.android.server.InputMethodManagerService.hideCurrentInputLocked:1880 com.android.server.InputMethodManagerService.windowGainedFocus:1968 com.android.internal.view.IInputMethodManager$Stub.onTransact:221 com.android.server.InputMethodManagerService.onTransact:818 
I/OMXCodec(  169): [OMX.ffmpeg.h264.decoder] video dimensions are 640 x 1136
D/        (  169): HostConnection::get() New Host Connection established 0xb7dc2180, tid 12004
W/MediaPlayer(11760): info/warning (3, 0)
W/TimedEventQueue(  169): Event 26 was not found in the queue, already cancelled?
E/WindowManager(11760): 
E/WindowManager(11760): android.view.WindowLeaked: Activity com.famousfootwear.android.ffuser.SignInActivityV2 has leaked window com.android.internal.policy.impl.PhoneWindow$DecorView{4ac66b74 V.E..... ......I. 0,0-0,0} that was originally added here
E/WindowManager(11760): 	at android.view.ViewRootImpl.<init>(ViewRootImpl.java:348)
E/WindowManager(11760): 	at android.view.WindowManagerGlobal.addView(WindowManagerGlobal.java:248)
E/WindowManager(11760): 	at android.view.WindowManagerImpl.addView(WindowManagerImpl.java:69)
E/WindowManager(11760): 	at com.android.internal.policy.impl.PhoneWindow.openPanel(PhoneWindow.java:672)
E/WindowManager(11760): 	at com.android.internal.policy.impl.PhoneWindow.onKeyUpPanel(PhoneWindow.java:879)
E/WindowManager(11760): 	at com.android.internal.policy.impl.PhoneWindow.onKeyUp(PhoneWindow.java:1630)
E/WindowManager(11760): 	at com.android.internal.policy.impl.PhoneWindow$DecorView.dispatchKeyEvent(PhoneWindow.java:1969)
E/WindowManager(11760): 	at android.view.ViewRootImpl$ViewPostImeInputStage.processKeyEvent(ViewRootImpl.java:3876)
E/WindowManager(11760): 	at android.view.ViewRootImpl$ViewPostImeInputStage.onProcess(ViewRootImpl.java:3850)
E/WindowManager(11760): 	at android.view.ViewRootImpl$InputStage.deliver(ViewRootImpl.java:3423)
E/WindowManager(11760): 	at android.view.ViewRootImpl$InputStage.onDeliverToNext(ViewRootImpl.java:3473)
E/WindowManager(11760): 	at android.view.ViewRootImpl$InputStage.forward(ViewRootImpl.java:3442)
E/WindowManager(11760): 	at android.view.ViewRootImpl$AsyncInputStage.forward(ViewRootImpl.java:3549)
