I/System.out( 2438): body:<android.taobao.windvane.c.c: android.taobao.windvane.c.e a(android.taobao.windvane.c.d)>	sig:$r28 = virtualinvoke $r18.<java.net.HttpURLConnection: java.lang.String getHeaderFieldKey(int)>($i1)	timediff:0
I/System.out( 2438): body:<android.taobao.windvane.c.c: android.taobao.windvane.c.e a(android.taobao.windvane.c.d)>	sig:$r19 = virtualinvoke $r18.<java.net.HttpURLConnection: java.lang.String getHeaderField(java.lang.String)>($r28)	timediff:0
I/System.out( 2438): body:<android.taobao.windvane.c.c: android.taobao.windvane.c.e a(android.taobao.windvane.c.d)>	sig:$r28 = virtualinvoke $r18.<java.net.HttpURLConnection: java.lang.String getHeaderFieldKey(int)>($i1)	timediff:0
I/System.out( 2438): body:<android.taobao.windvane.c.c: android.taobao.windvane.c.e a(android.taobao.windvane.c.d)>	sig:$r19 = virtualinvoke $r18.<java.net.HttpURLConnection: java.lang.String getHeaderField(java.lang.String)>($r28)	timediff:0
I/System.out( 2438): body:<android.taobao.windvane.c.c: android.taobao.windvane.c.e a(android.taobao.windvane.c.d)>	sig:$r28 = virtualinvoke $r18.<java.net.HttpURLConnection: java.lang.String getHeaderFieldKey(int)>($i1)	timediff:0
I/System.out( 2438): body:<android.taobao.windvane.c.c: android.taobao.windvane.c.e a(android.taobao.windvane.c.d)>	sig:$r19 = virtualinvoke $r18.<java.net.HttpURLConnection: java.lang.String getHeaderField(java.lang.String)>($r28)	timediff:0
I/System.out( 2438): body:<android.taobao.windvane.c.c: android.taobao.windvane.c.e a(android.taobao.windvane.c.d)>	sig:$r28 = virtualinvoke $r18.<java.net.HttpURLConnection: java.lang.String getHeaderFieldKey(int)>($i1)	timediff:0
I/System.out( 2438): body:<android.taobao.windvane.c.c: android.taobao.windvane.c.e a(android.taobao.windvane.c.d)>	sig:$r19 = virtualinvoke $r18.<java.net.HttpURLConnection: java.lang.String getHeaderField(java.lang.String)>($r28)	timediff:0
I/System.out( 2438): body:<android.taobao.windvane.c.c: android.taobao.windvane.c.e a(android.taobao.windvane.c.d)>	sig:$r28 = virtualinvoke $r18.<java.net.HttpURLConnection: java.lang.String getHeaderFieldKey(int)>($i1)	timediff:0
I/System.out( 2438): body:<android.taobao.windvane.c.c: android.taobao.windvane.c.e a(android.taobao.windvane.c.d)>	sig:$r19 = virtualinvoke $r18.<java.net.HttpURLConnection: java.lang.String getHeaderField(java.lang.String)>($r28)	timediff:0
I/System.out( 2438): body:<android.taobao.windvane.c.c: android.taobao.windvane.c.e a(android.taobao.windvane.c.d)>	sig:$r28 = virtualinvoke $r18.<java.net.HttpURLConnection: java.lang.String getHeaderFieldKey(int)>($i1)	timediff:0
I/System.out( 2438): body:<android.taobao.windvane.c.c: android.taobao.windvane.c.e a(android.taobao.windvane.c.d)>	sig:$r19 = virtualinvoke $r18.<java.net.HttpURLConnection: java.lang.String getHeaderField(java.lang.String)>($r28)	timediff:0
I/System.out( 2438): body:<android.taobao.windvane.c.c: android.taobao.windvane.c.e a(android.taobao.windvane.c.d)>	sig:$r28 = virtualinvoke $r18.<java.net.HttpURLConnection: java.lang.String getHeaderFieldKey(int)>($i1)	timediff:0
I/System.out( 2438): body:<android.taobao.windvane.c.c: android.taobao.windvane.c.e a(android.taobao.windvane.c.d)>	sig:$r19 = virtualinvoke $r18.<java.net.HttpURLConnection: java.lang.String getHeaderField(java.lang.String)>($r28)	timediff:0
I/System.out( 2438): body:<android.taobao.windvane.c.c: android.taobao.windvane.c.e a(android.taobao.windvane.c.d)>	sig:$r28 = virtualinvoke $r18.<java.net.HttpURLConnection: java.lang.String getHeaderFieldKey(int)>($i1)	timediff:0
I/System.out( 2438): body:<android.taobao.windvane.c.c: android.taobao.windvane.c.e a(android.taobao.windvane.c.d)>	sig:$r19 = virtualinvoke $r18.<java.net.HttpURLConnection: java.lang.String getHeaderField(java.lang.String)>($r28)	timediff:0
I/System.out( 2438): body:<android.taobao.windvane.c.c: android.taobao.windvane.c.e a(android.taobao.windvane.c.d)>	sig:$r28 = virtualinvoke $r18.<java.net.HttpURLConnection: java.lang.String getHeaderFieldKey(int)>($i1)	timediff:0
I/System.out( 2438): body:<android.taobao.windvane.c.c: android.taobao.windvane.c.e a(android.taobao.windvane.c.d)>	sig:$r19 = virtualinvoke $r18.<java.net.HttpURLConnection: java.lang.String getHeaderField(java.lang.String)>($r28)	timediff:0
I/System.out( 2438): body:<android.taobao.windvane.c.c: android.taobao.windvane.c.e a(android.taobao.windvane.c.d)>	sig:$r28 = virtualinvoke $r18.<java.net.HttpURLConnection: java.lang.String getHeaderFieldKey(int)>($i1)	timediff:0
I/System.out( 2438): body:<android.taobao.windvane.c.c: android.taobao.windvane.c.e a(android.taobao.windvane.c.d)>	sig:$r19 = virtualinvoke $r18.<java.net.HttpURLConnection: java.lang.String getHeaderField(java.lang.String)>($r28)	timediff:0
I/System.out( 2438): body:<android.taobao.windvane.c.c: android.taobao.windvane.c.e a(android.taobao.windvane.c.d)>	sig:$r28 = virtualinvoke $r18.<java.net.HttpURLConnection: java.lang.String getHeaderFieldKey(int)>($i1)	timediff:0
I/System.out( 2438): body:<android.taobao.windvane.c.c: android.taobao.windvane.c.e a(android.taobao.windvane.c.d)>	sig:$r19 = virtualinvoke $r18.<java.net.HttpURLConnection: java.lang.String getHeaderField(java.lang.String)>($r28)	timediff:0
I/System.out( 2438): body:<android.taobao.windvane.c.c: android.taobao.windvane.c.e a(android.taobao.windvane.c.d)>	sig:$r28 = virtualinvoke $r18.<java.net.HttpURLConnection: java.lang.String getHeaderFieldKey(int)>($i1)	timediff:0
I/System.out( 2438): body:<android.taobao.windvane.c.c: android.taobao.windvane.c.e a(android.taobao.windvane.c.d)>	sig:$r19 = virtualinvoke $r18.<java.net.HttpURLConnection: java.lang.String getHeaderField(java.lang.String)>($r28)	timediff:0
I/System.out( 2438): body:<android.taobao.windvane.c.c: android.taobao.windvane.c.e a(android.taobao.windvane.c.d)>	sig:$r28 = virtualinvoke $r18.<java.net.HttpURLConnection: java.lang.String getHeaderFieldKey(int)>($i1)	timediff:0
I/System.out( 2438): body:<android.taobao.windvane.c.c: android.taobao.windvane.c.e a(android.taobao.windvane.c.d)>	sig:$r19 = virtualinvoke $r18.<java.net.HttpURLConnection: java.lang.String getHeaderField(java.lang.String)>($r28)	timediff:0
I/System.out( 2438): body:<android.taobao.windvane.c.c: android.taobao.windvane.c.e a(android.taobao.windvane.c.d)>	sig:$r28 = virtualinvoke $r18.<java.net.HttpURLConnection: java.lang.String getHeaderFieldKey(int)>($i1)	timediff:0
I/System.out( 2438): body:<android.taobao.windvane.c.c: android.taobao.windvane.c.e a(android.taobao.windvane.c.d)>	sig:$r19 = virtualinvoke $r18.<java.net.HttpURLConnection: java.lang.String getHeaderField(java.lang.String)>($r28)	timediff:0
I/System.out( 2438): body:<android.taobao.windvane.c.c: android.taobao.windvane.c.e a(android.taobao.windvane.c.d)>	sig:$r28 = virtualinvoke $r18.<java.net.HttpURLConnection: java.lang.String getHeaderFieldKey(int)>($i1)	timediff:0
I/System.out( 2438): body:<android.taobao.windvane.c.c: android.taobao.windvane.c.e a(android.taobao.windvane.c.d)>	sig:$r19 = virtualinvoke $r18.<java.net.HttpURLConnection: java.lang.String getHeaderField(java.lang.String)>($r28)	timediff:0
I/System.out( 2438): body:<android.taobao.windvane.c.c: android.taobao.windvane.c.e a(android.taobao.windvane.c.d)>	sig:$r28 = virtualinvoke $r18.<java.net.HttpURLConnection: java.lang.String getHeaderFieldKey(int)>($i1)	timediff:0
I/System.out( 2438): body:<android.taobao.windvane.c.c: android.taobao.windvane.c.e a(android.taobao.windvane.c.d)>	sig:$i1 = virtualinvoke $r18.<java.net.HttpURLConnection: int getContentLength()>()	timediff:0
I/System.out( 2438): body:<android.taobao.windvane.c.c: android.taobao.windvane.c.e a(android.taobao.windvane.c.d)>	sig:$r42 = virtualinvoke $r18.<java.net.HttpURLConnection: java.io.InputStream getInputStream()>()	timediff:0
I/System.out( 2438): body:<empirical.HelperClass: void printURLInfo(java.lang.String,java.lang.String,java.net.URLConnection)>	sig:$r0 = virtualinvoke urlConnection.<java.net.URLConnection: java.net.URL getURL()>()	timediff:0
I/System.out( 2438): body:<empirical.HelperClass: void printURLInfo(java.lang.String,java.lang.String,java.net.URLConnection)>	sig:urlString = virtualinvoke $r0.<java.net.URL: java.lang.String toString()>()	timediff:0
I/System.out( 2438): body:<empirical.HelperClass: void printURLInfo(java.lang.String,java.lang.String,java.net.URLConnection)>	sig:isDoOutput = virtualinvoke urlConnection.<java.net.URLConnection: boolean getDoOutput()>()	timediff:0
I/System.out( 2438): body:<empirical.HelperClass: java.lang.String getHeaderField(java.net.URLConnection,java.lang.String)>	sig:data = virtualinvoke conn.<java.net.URLConnection: java.lang.String getHeaderField(java.lang.String)>(field)	timediff:0
I/System.out( 2438): body:<empirical.HelperClass: java.lang.String getHeaderField(java.net.URLConnection,java.lang.String)>	sig:data = virtualinvoke conn.<java.net.URLConnection: java.lang.String getHeaderField(java.lang.String)>(field)	timediff:0
I/System.out( 2438): body:<empirical.HelperClass: java.lang.String getHeaderField(java.net.URLConnection,java.lang.String)>	sig:data = virtualinvoke conn.<java.net.URLConnection: java.lang.String getHeaderField(java.lang.String)>(field)	timediff:0
I/System.out( 2438): body:<empirical.HelperClass: java.lang.String getHeaderField(java.net.URLConnection,java.lang.String)>	sig:data = virtualinvoke conn.<java.net.URLConnection: java.lang.String getHeaderField(java.lang.String)>(field)	timediff:0
I/System.out( 2438): body:<empirical.HelperClass: java.lang.String getHeaderField(java.net.URLConnection,java.lang.String)>	sig:data = virtualinvoke conn.<java.net.URLConnection: java.lang.String getHeaderField(java.lang.String)>(field)	timediff:0
I/System.out( 2438): URLConn;%;1;%;<android.taobao.windvane.c.c: android.taobao.windvane.c.e a(android.taobao.windvane.c.d)>;%;$r42 = virtualinvoke $r18.<java.net.HttpURLConnection: java.io.InputStream getInputStream()>();%;https://h5.m.taobao.com/bizcache/5/windvane/5/0-0/21371601-5.3.4/a/settings.json;%;false;%;151;%;max-age=300, s-maxage=600;%;Not found;%;1;%;Not found
I/System.out( 2438): body:<android.taobao.windvane.c.c: android.taobao.windvane.c.e a(android.taobao.windvane.c.d)>	sig:$r28 = virtualinvoke $r18.<java.net.HttpURLConnection: java.lang.String getContentEncoding()>()	timediff:0
E/dalvikvm( 2438): Could not find class 'com.taobao.downloader.request.DownloadRequest', referenced from method com.taobao.h.a.b.a
W/dalvikvm( 2438): VFY: unable to resolve new-instance 6759 (Lcom/taobao/downloader/request/DownloadRequest;) in Lcom/taobao/h/a/b;
D/dalvikvm( 2438): VFY: replacing opcode 0x22 at 0x0008
D/dalvikvm( 2438): DexOpt: unable to opt direct call 0x9527 at 0x0c in Lcom/taobao/h/a/b;.a
I/dalvikvm( 2438): DexOpt: unable to optimize instance field ref 0x826f at 0x0f in Lcom/taobao/h/a/b;.a
I/dalvikvm( 2438): DexOpt: unable to optimize instance field ref 0x8270 at 0x14 in Lcom/taobao/h/a/b;.a
I/dalvikvm( 2438): DexOpt: unable to optimize instance field ref 0x826f at 0x16 in Lcom/taobao/h/a/b;.a
I/dalvikvm( 2438): DexOpt: unable to optimize instance field ref 0x8271 at 0x19 in Lcom/taobao/h/a/b;.a
I/dalvikvm( 2438): Failed resolving Lcom/taobao/h/a/b$1; interface 6758 'Lcom/taobao/downloader/request/DownloadListener;'
W/dalvikvm( 2438): Link of class 'Lcom/taobao/h/a/b$1;' failed
D/dalvikvm( 2438): DexOpt: unable to opt direct call 0x957f at 0x1d in Lcom/taobao/h/a/b;.a
I/dalvikvm( 2438): DexOpt: unable to optimize instance field ref 0x826f at 0x5e in Lcom/taobao/h/a/b;.a
I/dalvikvm( 2438): DexOpt: unable to optimize instance field ref 0x8272 at 0x60 in Lcom/taobao/h/a/b;.a
I/System.out( 2438): body:<android.taobao.windvane.c.c: android.taobao.windvane.c.e a(android.taobao.windvane.c.d)>	sig:virtualinvoke $r18.<java.net.HttpURLConnection: void disconnect()>()	timediff:0
I/System.out( 2438): body:<android.taobao.windvane.c.c: android.taobao.windvane.c.e a(android.taobao.windvane.c.d)>	sig:$i0 = virtualinvoke $r18.<java.net.HttpURLConnection: int getResponseCode()>()	timediff:1549
I/System.out( 2438): body:<android.taobao.windvane.c.c: android.taobao.windvane.c.e a(android.taobao.windvane.c.d)>	sig:$r28 = virtualinvoke $r18.<java.net.HttpURLConnection: java.lang.String getHeaderFieldKey(int)>($i1)	timediff:0
I/System.out( 2438): body:<android.taobao.windvane.c.c: android.taobao.windvane.c.e a(android.taobao.windvane.c.d)>	sig:$r19 = virtualinvoke $r18.<java.net.HttpURLConnection: java.lang.String getHeaderField(java.lang.String)>($r28)	timediff:0
I/System.out( 2438): body:<android.taobao.windvane.c.c: android.taobao.windvane.c.e a(android.taobao.windvane.c.d)>	sig:$r28 = virtualinvoke $r18.<java.net.HttpURLConnection: java.lang.String getHeaderFieldKey(int)>($i1)	timediff:0
I/System.out( 2438): body:<android.taobao.windvane.c.c: android.taobao.windvane.c.e a(android.taobao.windvane.c.d)>	sig:$r19 = virtualinvoke $r18.<java.net.HttpURLConnection: java.lang.String getHeaderField(java.lang.String)>($r28)	timediff:0
I/System.out( 2438): body:<android.taobao.windvane.c.c: android.taobao.windvane.c.e a(android.taobao.windvane.c.d)>	sig:$r28 = virtualinvoke $r18.<java.net.HttpURLConnection: java.lang.String getHeaderFieldKey(int)>($i1)	timediff:0
I/System.out( 2438): body:<android.taobao.windvane.c.c: android.taobao.windvane.c.e a(android.taobao.windvane.c.d)>	sig:$r19 = virtualinvoke $r18.<java.net.HttpURLConnection: java.lang.String getHeaderField(java.lang.String)>($r28)	timediff:0
I/System.out( 2438): body:<android.taobao.windvane.c.c: android.taobao.windvane.c.e a(android.taobao.windvane.c.d)>	sig:$r28 = virtualinvoke $r18.<java.net.HttpURLConnection: java.lang.String getHeaderFieldKey(int)>($i1)	timediff:0
I/System.out( 2438): body:<android.taobao.windvane.c.c: android.taobao.windvane.c.e a(android.taobao.windvane.c.d)>	sig:$r19 = virtualinvoke $r18.<java.net.HttpURLConnection: java.lang.String getHeaderField(java.lang.String)>($r28)	timediff:0
I/System.out( 2438): body:<android.taobao.windvane.c.c: android.taobao.windvane.c.e a(android.taobao.windvane.c.d)>	sig:$r28 = virtualinvoke $r18.<java.net.HttpURLConnection: java.lang.String getHeaderFieldKey(int)>($i1)	timediff:0
I/System.out( 2438): body:<android.taobao.windvane.c.c: android.taobao.windvane.c.e a(android.taobao.windvane.c.d)>	sig:$r19 = virtualinvoke $r18.<java.net.HttpURLConnection: java.lang.String getHeaderField(java.lang.String)>($r28)	timediff:0
I/System.out( 2438): body:<android.taobao.windvane.c.c: android.taobao.windvane.c.e a(android.taobao.windvane.c.d)>	sig:$r28 = virtualinvoke $r18.<java.net.HttpURLConnection: java.lang.String getHeaderFieldKey(int)>($i1)	timediff:0
I/System.out( 2438): body:<android.taobao.windvane.c.c: android.taobao.windvane.c.e a(android.taobao.windvane.c.d)>	sig:$r19 = virtualinvoke $r18.<java.net.HttpURLConnection: java.lang.String getHeaderField(java.lang.String)>($r28)	timediff:0
I/System.out( 2438): body:<android.taobao.windvane.c.c: android.taobao.windvane.c.e a(android.taobao.windvane.c.d)>	sig:$r28 = virtualinvoke $r18.<java.net.HttpURLConnection: java.lang.String getHeaderFieldKey(int)>($i1)	timediff:0
I/System.out( 2438): body:<android.taobao.windvane.c.c: android.taobao.windvane.c.e a(android.taobao.windvane.c.d)>	sig:$r19 = virtualinvoke $r18.<java.net.HttpURLConnection: java.lang.String getHeaderField(java.lang.String)>($r28)	timediff:0
I/System.out( 2438): body:<android.taobao.windvane.c.c: android.taobao.windvane.c.e a(android.taobao.windvane.c.d)>	sig:$r28 = virtualinvoke $r18.<java.net.HttpURLConnection: java.lang.String getHeaderFieldKey(int)>($i1)	timediff:0
I/System.out( 2438): body:<android.taobao.windvane.c.c: android.taobao.windvane.c.e a(android.taobao.windvane.c.d)>	sig:$r19 = virtualinvoke $r18.<java.net.HttpURLConnection: java.lang.String getHeaderField(java.lang.String)>($r28)	timediff:0
I/System.out( 2438): body:<android.taobao.windvane.c.c: android.taobao.windvane.c.e a(android.taobao.windvane.c.d)>	sig:$r28 = virtualinvoke $r18.<java.net.HttpURLConnection: java.lang.String getHeaderFieldKey(int)>($i1)	timediff:0
I/System.out( 2438): body:<android.taobao.windvane.c.c: android.taobao.windvane.c.e a(android.taobao.windvane.c.d)>	sig:$r19 = virtualinvoke $r18.<java.net.HttpURLConnection: java.lang.String getHeaderField(java.lang.String)>($r28)	timediff:0
I/System.out( 2438): body:<android.taobao.windvane.c.c: android.taobao.windvane.c.e a(android.taobao.windvane.c.d)>	sig:$r28 = virtualinvoke $r18.<java.net.HttpURLConnection: java.lang.String getHeaderFieldKey(int)>($i1)	timediff:0
I/System.out( 2438): body:<android.taobao.windvane.c.c: android.taobao.windvane.c.e a(android.taobao.windvane.c.d)>	sig:$r19 = virtualinvoke $r18.<java.net.HttpURLConnection: java.lang.String getHeaderField(java.lang.String)>($r28)	timediff:0
I/System.out( 2438): body:<android.taobao.windvane.c.c: android.taobao.windvane.c.e a(android.taobao.windvane.c.d)>	sig:$r28 = virtualinvoke $r18.<java.net.HttpURLConnection: java.lang.String getHeaderFieldKey(int)>($i1)	timediff:0
I/System.out( 2438): body:<android.taobao.windvane.c.c: android.taobao.windvane.c.e a(android.taobao.windvane.c.d)>	sig:$r19 = virtualinvoke $r18.<java.net.HttpURLConnection: java.lang.String getHeaderField(java.lang.String)>($r28)	timediff:0
I/System.out( 2438): body:<android.taobao.windvane.c.c: android.taobao.windvane.c.e a(android.taobao.windvane.c.d)>	sig:$r28 = virtualinvoke $r18.<java.net.HttpURLConnection: java.lang.String getHeaderFieldKey(int)>($i1)	timediff:0
I/System.out( 2438): body:<android.taobao.windvane.c.c: android.taobao.windvane.c.e a(android.taobao.windvane.c.d)>	sig:$r19 = virtualinvoke $r18.<java.net.HttpURLConnection: java.lang.String getHeaderField(java.lang.String)>($r28)	timediff:0
I/System.out( 2438): body:<android.taobao.windvane.c.c: android.taobao.windvane.c.e a(android.taobao.windvane.c.d)>	sig:$r28 = virtualinvoke $r18.<java.net.HttpURLConnection: java.lang.String getHeaderFieldKey(int)>($i1)	timediff:0
I/System.out( 2438): body:<android.taobao.windvane.c.c: android.taobao.windvane.c.e a(android.taobao.windvane.c.d)>	sig:$r19 = virtualinvoke $r18.<java.net.HttpURLConnection: java.lang.String getHeaderField(java.lang.String)>($r28)	timediff:0
I/System.out( 2438): body:<android.taobao.windvane.c.c: android.taobao.windvane.c.e a(android.taobao.windvane.c.d)>	sig:$r28 = virtualinvoke $r18.<java.net.HttpURLConnection: java.lang.String getHeaderFieldKey(int)>($i1)	timediff:0
I/System.out( 2438): body:<android.taobao.windvane.c.c: android.taobao.windvane.c.e a(android.taobao.windvane.c.d)>	sig:$r19 = virtualinvoke $r18.<java.net.HttpURLConnection: java.lang.String getHeaderField(java.lang.String)>($r28)	timediff:0
I/System.out( 2438): body:<android.taobao.windvane.c.c: android.taobao.windvane.c.e a(android.taobao.windvane.c.d)>	sig:$r28 = virtualinvoke $r18.<java.net.HttpURLConnection: java.lang.String getHeaderFieldKey(int)>($i1)	timediff:0
I/System.out( 2438): body:<android.taobao.windvane.c.c: android.taobao.windvane.c.e a(android.taobao.windvane.c.d)>	sig:$r19 = virtualinvoke $r18.<java.net.HttpURLConnection: java.lang.String getHeaderField(java.lang.String)>($r28)	timediff:0
I/System.out( 2438): body:<android.taobao.windvane.c.c: android.taobao.windvane.c.e a(android.taobao.windvane.c.d)>	sig:$r28 = virtualinvoke $r18.<java.net.HttpURLConnection: java.lang.String getHeaderFieldKey(int)>($i1)	timediff:0
I/System.out( 2438): body:<android.taobao.windvane.c.c: android.taobao.windvane.c.e a(android.taobao.windvane.c.d)>	sig:$r19 = virtualinvoke $r18.<java.net.HttpURLConnection: java.lang.String getHeaderField(java.lang.String)>($r28)	timediff:0
I/System.out( 2438): body:<android.taobao.windvane.c.c: android.taobao.windvane.c.e a(android.taobao.windvane.c.d)>	sig:$r28 = virtualinvoke $r18.<java.net.HttpURLConnection: java.lang.String getHeaderFieldKey(int)>($i1)	timediff:0
I/System.out( 2438): body:<android.taobao.windvane.c.c: android.taobao.windvane.c.e a(android.taobao.windvane.c.d)>	sig:$r19 = virtualinvoke $r18.<java.net.HttpURLConnection: java.lang.String getHeaderField(java.lang.String)>($r28)	timediff:0
I/System.out( 2438): body:<android.taobao.windvane.c.c: android.taobao.windvane.c.e a(android.taobao.windvane.c.d)>	sig:$r28 = virtualinvoke $r18.<java.net.HttpURLConnection: java.lang.String getHeaderFieldKey(int)>($i1)	timediff:0
I/System.out( 2438): body:<android.taobao.windvane.c.c: android.taobao.windvane.c.e a(android.taobao.windvane.c.d)>	sig:$r19 = virtualinvoke $r18.<java.net.HttpURLConnection: java.lang.String getHeaderField(java.lang.String)>($r28)	timediff:0
I/System.out( 2438): body:<android.taobao.windvane.c.c: android.taobao.windvane.c.e a(android.taobao.windvane.c.d)>	sig:$r28 = virtualinvoke $r18.<java.net.HttpURLConnection: java.lang.String getHeaderFieldKey(int)>($i1)	timediff:0
I/System.out( 2438): body:<android.taobao.windvane.c.c: android.taobao.windvane.c.e a(android.taobao.windvane.c.d)>	sig:$r19 = virtualinvoke $r18.<java.net.HttpURLConnection: java.lang.String getHeaderField(java.lang.String)>($r28)	timediff:0
I/System.out( 2438): body:<android.taobao.windvane.c.c: android.taobao.windvane.c.e a(android.taobao.windvane.c.d)>	sig:$r28 = virtualinvoke $r18.<java.net.HttpURLConnection: java.lang.String getHeaderFieldKey(int)>($i1)	timediff:0
I/System.out( 2438): body:<android.taobao.windvane.c.c: android.taobao.windvane.c.e a(android.taobao.windvane.c.d)>	sig:$r19 = virtualinvoke $r18.<java.net.HttpURLConnection: java.lang.String getHeaderField(java.lang.String)>($r28)	timediff:0
I/System.out( 2438): body:<android.taobao.windvane.c.c: android.taobao.windvane.c.e a(android.taobao.windvane.c.d)>	sig:$r28 = virtualinvoke $r18.<java.net.HttpURLConnection: java.lang.String getHeaderFieldKey(int)>($i1)	timediff:0
I/System.out( 2438): body:<android.taobao.windvane.c.c: android.taobao.windvane.c.e a(android.taobao.windvane.c.d)>	sig:$i1 = virtualinvoke $r18.<java.net.HttpURLConnection: int getContentLength()>()	timediff:0
I/System.out( 2438): body:<android.taobao.windvane.c.c: android.taobao.windvane.c.e a(android.taobao.windvane.c.d)>	sig:$r42 = virtualinvoke $r18.<java.net.HttpURLConnection: java.io.InputStream getInputStream()>()	timediff:0
I/System.out( 2438): body:<empirical.HelperClass: void printURLInfo(java.lang.String,java.lang.String,java.net.URLConnection)>	sig:$r0 = virtualinvoke urlConnection.<java.net.URLConnection: java.net.URL getURL()>()	timediff:0
I/System.out( 2438): body:<empirical.HelperClass: void printURLInfo(java.lang.String,java.lang.String,java.net.URLConnection)>	sig:urlString = virtualinvoke $r0.<java.net.URL: java.lang.String toString()>()	timediff:0
I/System.out( 2438): body:<empirical.HelperClass: void printURLInfo(java.lang.String,java.lang.String,java.net.URLConnection)>	sig:isDoOutput = virtualinvoke urlConnection.<java.net.URLConnection: boolean getDoOutput()>()	timediff:0
I/System.out( 2438): body:<empirical.HelperClass: java.lang.String getHeaderField(java.net.URLConnection,java.lang.String)>	sig:data = virtualinvoke conn.<java.net.URLConnection: java.lang.String getHeaderField(java.lang.String)>(field)	timediff:0
I/System.out( 2438): body:<empirical.HelperClass: java.lang.String getHeaderField(java.net.URLConnection,java.lang.String)>	sig:data = virtualinvoke conn.<java.net.URLConnection: java.lang.String getHeaderField(java.lang.String)>(field)	timediff:0
I/System.out( 2438): body:<empirical.HelperClass: java.lang.String getHeaderField(java.net.URLConnection,java.lang.String)>	sig:data = virtualinvoke conn.<java.net.URLConnection: java.lang.String getHeaderField(java.lang.String)>(field)	timediff:0
I/System.out( 2438): body:<empirical.HelperClass: java.lang.String getHeaderField(java.net.URLConnection,java.lang.String)>	sig:data = virtualinvoke conn.<java.net.URLConnection: java.lang.String getHeaderField(java.lang.String)>(field)	timediff:0
I/System.out( 2438): body:<empirical.HelperClass: java.lang.String getHeaderField(java.net.URLConnection,java.lang.String)>	sig:data = virtualinvoke conn.<java.net.URLConnection: java.lang.String getHeaderField(java.lang.String)>(field)	timediff:0
I/System.out( 2438): URLConn;%;2;%;<android.taobao.windvane.c.c: android.taobao.windvane.c.e a(android.taobao.windvane.c.d)>;%;$r42 = virtualinvoke $r18.<java.net.HttpURLConnection: java.io.InputStream getInputStream()>();%;https://h5.m.taobao.com/bizcache/5/windvane/1/0-374/21371601-5.3.4/a/settings.json;%;false;%;532;%;max-age=300, s-maxage=600;%;Not found;%;1;%;Not found
I/System.out( 2438): body:<android.taobao.windvane.c.c: android.taobao.windvane.c.e a(android.taobao.windvane.c.d)>	sig:$r28 = virtualinvoke $r18.<java.net.HttpURLConnection: java.lang.String getContentEncoding()>()	timediff:1
I/System.out( 2438): body:<android.taobao.windvane.c.c: android.taobao.windvane.c.e a(android.taobao.windvane.c.d)>	sig:virtualinvoke $r18.<java.net.HttpURLConnection: void disconnect()>()	timediff:0
D/dalvikvm( 2438): GC_CONCURRENT freed 4951K, 22% free 18381K/23396K, paused 1ms+1ms, total 19ms
D/dalvikvm( 2438): WAIT_FOR_CONCURRENT_GC blocked 5ms
D/dalvikvm( 2438): WAIT_FOR_CONCURRENT_GC blocked 18ms
W/System.err( 2438): ErrorCode = 607
W/System.err( 2438): com.alibaba.wireless.security.open.SecException: 
W/System.err( 2438): 	at com.taobao.wireless.security.adapter.JNICLibrary.doCommandNative(Native Method)
W/System.err( 2438): 	at com.alibaba.wireless.security.mainplugin.a.doCommand(Unknown Source)
W/System.err( 2438): 	at com.taobao.wireless.security.adapter.b.b.a(Unknown Source)
W/System.err( 2438): 	at com.taobao.wireless.security.adapter.b.b.a(Unknown Source)
W/System.err( 2438): 	at com.taobao.wireless.security.adapter.b.b.a(Unknown Source)
W/System.err( 2438): 	at com.taobao.wireless.security.a.f.a.signRequest(Unknown Source)
W/System.err( 2438): 	at java.lang.reflect.Method.invokeNative(Native Method)
W/System.err( 2438): 	at java.lang.reflect.Method.invoke(Method.java:515)
W/System.err( 2438): 	at com.ut.mini.core.sign.UTSecuritySDKRequestAuthentication.getSign(SourceFile:138)
W/System.err( 2438): 	at com.ut.mini.core.request.UTMCUrlWrapper._wrapUrl(SourceFile:184)
W/System.err( 2438): 	at com.ut.mini.core.request.UTMCUrlWrapper.getSignedTransferUrl(SourceFile:63)
W/System.err( 2438): 	at com.ut.mini.core.UTMCLogTransfer$UTMCTransferLogRunnable.run(SourceFile:335)
W/System.err( 2438): 	at java.util.concurrent.Executors$RunnableAdapter.call(Executors.java:422)
W/System.err( 2438): 	at java.util.concurrent.FutureTask.run(FutureTask.java:237)
W/System.err( 2438): 	at java.util.concurrent.ScheduledThreadPoolExecutor$ScheduledFutureTask.access$201(ScheduledThreadPoolExecutor.java:152)
W/System.err( 2438): 	at java.util.concurrent.ScheduledThreadPoolExecutor$ScheduledFutureTask.run(ScheduledThreadPoolExecutor.java:265)
W/System.err( 2438): 	at java.util.concurrent.ThreadPoolExecutor.runWorker(ThreadPoolExecutor.java:1112)
W/System.err( 2438): 	at java.util.concurrent.ThreadPoolExecutor$Worker.run(ThreadPoolExecutor.java:587)
W/System.err( 2438): 	at java.lang.Thread.run(Thread.java:841)
W/ActivityManager(  483): Launch timeout has expired, giving up wake lock!
W/System.err( 2438): ErrorCode = 607
W/System.err( 2438): com.alibaba.wireless.security.open.SecException: 
W/System.err( 2438): 	at com.taobao.wireless.security.adapter.JNICLibrary.doCommandNative(Native Method)
W/System.err( 2438): 	at com.alibaba.wireless.security.mainplugin.a.doCommand(Unknown Source)
W/System.err( 2438): 	at com.taobao.wireless.security.adapter.b.b.a(Unknown Source)
W/System.err( 2438): 	at com.taobao.wireless.security.adapter.b.b.a(Unknown Source)
W/System.err( 2438): 	at com.taobao.wireless.security.adapter.b.b.a(Unknown Source)
W/System.err( 2438): 	at com.taobao.wireless.security.a.f.a.signRequest(Unknown Source)
W/System.err( 2438): 	at java.lang.reflect.Method.invokeNative(Native Method)
W/System.err( 2438): 	at java.lang.reflect.Method.invoke(Method.java:515)
W/System.err( 2438): 	at com.ut.mini.core.sign.UTSecuritySDKRequestAuthentication.getSign(SourceFile:138)
W/System.err( 2438): 	at com.ut.mini.core.request.UTMCUrlWrapper._wrapUrl(SourceFile:184)
W/System.err( 2438): 	at com.ut.mini.core.request.UTMCUrlWrapper.getSignedTransferUrl(SourceFile:63)
W/System.err( 2438): 	at com.ut.mini.core.UTMCLogTransfer$UTMCTransferLogRunnable.run(SourceFile:335)
W/System.err( 2438): 	at java.util.concurrent.Executors$RunnableAdapter.call(Executors.java:422)
W/System.err( 2438): 	at java.util.concurrent.FutureTask.run(FutureTask.java:237)
W/System.err( 2438): 	at java.util.concurrent.ScheduledThreadPoolExecutor$ScheduledFutureTask.access$201(ScheduledThreadPoolExecutor.java:152)
W/System.err( 2438): 	at java.util.concurrent.ScheduledThreadPoolExecutor$ScheduledFutureTask.run(ScheduledThreadPoolExecutor.java:265)
W/System.err( 2438): 	at java.util.concurrent.ThreadPoolExecutor.runWorker(ThreadPoolExecutor.java:1112)
W/System.err( 2438): 	at java.util.concurrent.ThreadPoolExecutor$Worker.run(ThreadPoolExecutor.java:587)
W/System.err( 2438): 	at java.lang.Thread.run(Thread.java:841)
W/System.err( 2438): ErrorCode = 607
W/System.err( 2438): com.alibaba.wireless.security.open.SecException: 
W/System.err( 2438): 	at com.taobao.wireless.security.adapter.JNICLibrary.doCommandNative(Native Method)
W/System.err( 2438): 	at com.alibaba.wireless.security.mainplugin.a.doCommand(Unknown Source)
W/System.err( 2438): 	at com.taobao.wireless.security.adapter.b.b.a(Unknown Source)
W/System.err( 2438): 	at com.taobao.wireless.security.adapter.b.b.a(Unknown Source)
W/System.err( 2438): 	at com.taobao.wireless.security.adapter.b.b.a(Unknown Source)
W/System.err( 2438): 	at com.taobao.wireless.security.a.f.a.signRequest(Unknown Source)
W/System.err( 2438): 	at java.lang.reflect.Method.invokeNative(Native Method)
W/System.err( 2438): 	at java.lang.reflect.Method.invoke(Method.java:515)
W/System.err( 2438): 	at com.ut.mini.core.sign.UTSecuritySDKRequestAuthentication.getSign(SourceFile:138)
W/System.err( 2438): 	at com.ut.mini.core.request.UTMCUrlWrapper._wrapUrl(SourceFile:184)
W/System.err( 2438): 	at com.ut.mini.core.request.UTMCUrlWrapper.getSignedTransferUrl(SourceFile:63)
W/System.err( 2438): 	at com.ut.mini.core.UTMCLogTransfer$UTMCTransferLogRunnable.run(SourceFile:335)
W/System.err( 2438): 	at java.util.concurrent.Executors$RunnableAdapter.call(Executors.java:422)
W/System.err( 2438): 	at java.util.concurrent.FutureTask.run(FutureTask.java:237)
W/System.err( 2438): 	at java.util.concurrent.ScheduledThreadPoolExecutor$ScheduledFutureTask.access$201(ScheduledThreadPoolExecutor.java:152)
W/System.err( 2438): 	at java.util.concurrent.ScheduledThreadPoolExecutor$ScheduledFutureTask.run(ScheduledThreadPoolExecutor.java:265)
W/System.err( 2438): 	at java.util.concurrent.ThreadPoolExecutor.runWorker(ThreadPoolExecutor.java:1112)
W/System.err( 2438): 	at java.util.concurrent.ThreadPoolExecutor$Worker.run(ThreadPoolExecutor.java:587)
W/System.err( 2438): 	at java.lang.Thread.run(Thread.java:841)
I/Choreographer( 2438): Skipped 301 frames!  The application may be doing too much work on its main thread.
W/EGL_emulation( 2438): eglSurfaceAttrib not implemented 3093 12436
W/ContextImpl(  483): Calling a method in the system process without a qualified user: android.app.ContextImpl.sendBroadcast:1123 com.android.server.InputMethodManagerService.hideCurrentInputLocked:1880 com.android.server.InputMethodManagerService.windowGainedFocus:1968 com.android.internal.view.IInputMethodManager$Stub.onTransact:221 com.android.server.InputMethodManagerService.onTransact:818 
I/dalvikvm( 2438): Could not find method android.view.Window.getStatusBarColor, referenced from method com.alibaba.felin.core.c.b.a
W/dalvikvm( 2438): VFY: unable to resolve virtual method 18924: Landroid/view/Window;.getStatusBarColor ()I
D/dalvikvm( 2438): VFY: replacing opcode 0x6e at 0x0017
I/dalvikvm( 2438): Could not find method android.view.Window.getStatusBarColor, referenced from method com.alibaba.felin.core.c.b.a
W/dalvikvm( 2438): VFY: unable to resolve virtual method 18924: Landroid/view/Window;.getStatusBarColor ()I
D/dalvikvm( 2438): VFY: replacing opcode 0x6e at 0x0017
W/dalvikvm( 2438): VFY: unable to resolve static field 9546 (BOUNDS) in Landroid/view/ViewOutlineProvider;
D/dalvikvm( 2438): VFY: replacing opcode 0x62 at 0x000e
I/dalvikvm( 2438): Could not find method android.view.Window.getStatusBarColor, referenced from method com.alibaba.felin.core.c.b.b
W/dalvikvm( 2438): VFY: unable to resolve virtual method 18924: Landroid/view/Window;.getStatusBarColor ()I
D/dalvikvm( 2438): VFY: replacing opcode 0x6e at 0x0018
I/dalvikvm( 2438): Could not find method android.view.Window.getStatusBarColor, referenced from method com.alibaba.felin.core.c.b.b
W/dalvikvm( 2438): VFY: unable to resolve virtual method 18924: Landroid/view/Window;.getStatusBarColor ()I
D/dalvikvm( 2438): VFY: replacing opcode 0x6e at 0x0017
I/System.out( 2438): body:<com.alibaba.aliexpresshd.module.hybrid.b$al: void a(android.webkit.WebView,android.app.Activity,java.lang.String,android.support.v4.app.Fragment)>	sig:$r7 = staticinvoke <java.net.URLDecoder: java.lang.String decode(java.lang.String,java.lang.String)>($r7, "utf-8")	timediff:0
I/System.out( 2438): body:<com.alibaba.aliexpresshd.module.hybrid.b$al: void a(android.webkit.WebView,android.app.Activity,java.lang.String,android.support.v4.app.Fragment)>	sig:$r7 = staticinvoke <java.net.URLDecoder: java.lang.String decode(java.lang.String,java.lang.String)>($r7, "utf-8")	timediff:0
I/System.out( 2438): body:<com.alibaba.aliexpresshd.module.hybrid.b$al: void a(android.webkit.WebView,android.app.Activity,java.lang.String,android.support.v4.app.Fragment)>	sig:$r7 = staticinvoke <java.net.URLDecoder: java.lang.String decode(java.lang.String,java.lang.String)>($r7, "utf-8")	timediff:0
I/System.out( 2438): body:<com.alibaba.aliexpresshd.module.hybrid.b$al: void a(android.webkit.WebView,android.app.Activity,java.lang.String,android.support.v4.app.Fragment)>	sig:$r7 = staticinvoke <java.net.URLDecoder: java.lang.String decode(java.lang.String,java.lang.String)>($r7, "utf-8")	timediff:0
I/ActivityManager(  483): START u0 {cmp=com.alibaba.aliexpresshd/.module.product.SearchCategoryNaviActivity (has extras)} from pid 2438
I/AppCompatViewInflater( 2438): app:theme is now deprecated. Please move to using android:theme instead.
I/System.out( 2438): body:<com.alibaba.aliexpress.gundam.a.a: void <init>(java.lang.String)>	sig:specialinvoke $r2.<java.net.URL: void <init>(java.lang.String)>($r1)	timediff:0
I/System.out( 2438): <com.alibaba.aliexpress.gundam.a.a: void <init>(java.lang.String)>###specialinvoke $r2.<java.net.URL: void <init>(java.lang.String)>($r1)###https://api.aliexpress.com/openapi/param2/100/aliexpress.mobile/search.category/13022
I/System.out( 2438): body:<com.alibaba.aliexpress.gundam.a.a: void <init>(java.lang.String)>	sig:$r1 = virtualinvoke $r2.<java.net.URL: java.lang.String getHost()>()	timediff:0
I/System.out( 2438): body:<com.alibaba.aliexpress.gundam.a.a: void <init>(java.lang.String)>	sig:$r5 = virtualinvoke $r2.<java.net.URL: java.lang.String getProtocol()>()	timediff:0
W/EGL_emulation( 2438): eglSurfaceAttrib not implemented 3093 12436
W/System.err( 2438): ErrorCode = 607
W/System.err( 2438): com.alibaba.wireless.security.open.SecException: 
I/ActivityManager(  483): Displayed com.alibaba.aliexpresshd/.module.product.SearchCategoryNaviActivity: +134ms
W/System.err( 2438): 	at com.taobao.wireless.security.adapter.JNICLibrary.doCommandNative(Native Method)
W/System.err( 2438): 	at com.alibaba.wireless.security.mainplugin.a.doCommand(Unknown Source)
W/System.err( 2438): 	at com.taobao.wireless.security.adapter.b.b.a(Unknown Source)
W/System.err( 2438): 	at com.taobao.wireless.security.adapter.b.b.a(Unknown Source)
W/System.err( 2438): 	at com.taobao.wireless.security.adapter.b.b.a(Unknown Source)
W/System.err( 2438): 	at com.taobao.wireless.security.a.f.a.signRequest(Unknown Source)
W/System.err( 2438): 	at com.alibaba.aliexpress.gundam.ocean.f.b.a(SourceFile:85)
W/System.err( 2438): 	at com.alibaba.aliexpress.gundam.ocean.f.b.a(SourceFile:52)
W/System.err( 2438): 	at com.alibaba.aliexpress.gundam.ocean.f.a.a(SourceFile:43)
W/System.err( 2438): 	at com.alibaba.aliexpress.gundam.ocean.net.GdmNetApiImpl.a(SourceFile:304)
W/System.err( 2438): 	at com.alibaba.aliexpress.gundam.ocean.net.GdmNetApiImpl.a(SourceFile:115)
W/System.err( 2438): 	at com.alibaba.aliexpress.gundam.ocean.netscene.f.p(SourceFile:152)
W/System.err( 2438): 	at com.aliexpress.service.apibase.b.a.p(SourceFile:73)
W/System.err( 2438): 	at com.alibaba.aliexpress.gundam.ocean.a.e.a(SourceFile:86)
W/System.err( 2438): 	at com.aliexpress.service.e.a.e$2.a(SourceFile:80)
W/System.err( 2438): 	at com.aliexpress.service.e.b.d$b.a(SourceFile:155)
W/System.err( 2438): 	at com.aliexpress.service.e.b.f$f.run(SourceFile:167)
W/System.err( 2438): 	at java.util.concurrent.ThreadPoolExecutor.runWorker(ThreadPoolExecutor.java:1112)
W/System.err( 2438): 	at java.util.concurrent.ThreadPoolExecutor$Worker.run(ThreadPoolExecutor.java:587)
W/System.err( 2438): 	at java.lang.Thread.run(Thread.java:841)
W/System.err( 2438): 	at com.aliexpress.service.e.b.c$1.run(SourceFile:32)
W/ContextImpl(  483): Calling a method in the system process without a qualified user: android.app.ContextImpl.sendBroadcast:1123 com.android.server.InputMethodManagerService.hideCurrentInputLocked:1880 com.android.server.InputMethodManagerService.windowGainedFocus:1968 com.android.internal.view.IInputMethodManager$Stub.onTransact:221 com.android.server.InputMethodManagerService.onTransact:818 
I/System.out( 2438): body:<c.a.i: java.lang.String a(java.lang.String)>	sig:$r0 = staticinvoke <java.net.IDN: java.lang.String toASCII(java.lang.String)>($r0)	timediff:0
I/System.out( 2438): body:<c.a.i: java.lang.String a(java.lang.String)>	sig:$r0 = staticinvoke <java.net.IDN: java.lang.String toASCII(java.lang.String)>($r0)	timediff:0
I/System.out( 2438): body:<c.r: java.net.URI a()>	sig:specialinvoke $r3.<java.net.URI: void <init>(java.lang.String)>($r2)	timediff:0
I/System.out( 2438): body:<c.a.b.p: void a(c.r,java.net.Proxy)>	sig:$r3 = virtualinvoke $r6.<java.net.ProxySelector: java.util.List select(java.net.URI)>($r7)	timediff:0
I/System.out( 2438): body:<c.a.c.b: boolean a(boolean)>	sig:$z1 = virtualinvoke $r1.<java.net.Socket: boolean isClosed()>()	timediff:0
I/System.out( 2438): body:<c.a.c.b: boolean a(boolean)>	sig:$z1 = virtualinvoke $r1.<java.net.Socket: boolean isInputShutdown()>()	timediff:0
I/System.out( 2438): body:<c.a.c.b: boolean a(boolean)>	sig:$z1 = virtualinvoke $r1.<java.net.Socket: boolean isOutputShutdown()>()	timediff:0
I/System.out( 2438): body:<c.a.c.b: boolean a(boolean)>	sig:$i0 = virtualinvoke $r1.<java.net.Socket: int getSoTimeout()>()	timediff:0
I/System.out( 2438): body:<c.a.c.b: boolean a(boolean)>	sig:virtualinvoke $r1.<java.net.Socket: void setSoTimeout(int)>(1)	timediff:0
I/System.out( 2438): body:<c.a.c.b: boolean a(boolean)>	sig:virtualinvoke $r1.<java.net.Socket: void setSoTimeout(int)>($i0)	timediff:0
I/System.out( 2438): body:<c.a.b.r: c.a.b.i a(int,int,int,boolean,boolean)>	sig:virtualinvoke $r6.<java.net.Socket: void setSoTimeout(int)>($i1)	timediff:0
I/System.out( 2438): body:<c.a.b.d: void a(c.y)>	sig:$r6 = virtualinvoke $r5.<java.net.Proxy: java.net.Proxy$Type type()>()	timediff:0
I/System.out( 2438): body:<com.alibaba.aliexpress.gundam.ocean.net.GdmNetApiImpl$1: void a(com.alibaba.aliexpress.gundam.a.l,com.alibaba.aliexpress.gundam.a.e,com.alibaba.aliexpress.gundam.a.g$a)>	sig:$r6 = virtualinvoke $r13.<java.net.URL: java.lang.String getHost()>()	timediff:0
I/System.out( 2438): body:<c.a.i: java.lang.String a(java.lang.String)>	sig:$r0 = staticinvoke <java.net.IDN: java.lang.String toASCII(java.lang.String)>($r0)	timediff:0
I/System.out( 2438): body:<c.a.i: java.lang.String a(java.lang.String)>	sig:$r0 = staticinvoke <java.net.IDN: java.lang.String toASCII(java.lang.String)>($r0)	timediff:0
I/System.out( 2438): body:<c.r: java.net.URI a()>	sig:specialinvoke $r3.<java.net.URI: void <init>(java.lang.String)>($r2)	timediff:0
I/System.out( 2438): body:<c.a.b.p: void a(c.r,java.net.Proxy)>	sig:$r3 = virtualinvoke $r6.<java.net.ProxySelector: java.util.List select(java.net.URI)>($r7)	timediff:0
I/System.out( 2438): body:<c.a.c.b: boolean a(boolean)>	sig:$z1 = virtualinvoke $r1.<java.net.Socket: boolean isClosed()>()	timediff:0
I/System.out( 2438): body:<c.a.c.b: boolean a(boolean)>	sig:$z1 = virtualinvoke $r1.<java.net.Socket: boolean isInputShutdown()>()	timediff:0
I/System.out( 2438): body:<c.a.c.b: boolean a(boolean)>	sig:$z1 = virtualinvoke $r1.<java.net.Socket: boolean isOutputShutdown()>()	timediff:0
I/System.out( 2438): body:<c.a.c.b: boolean a(boolean)>	sig:$i0 = virtualinvoke $r1.<java.net.Socket: int getSoTimeout()>()	timediff:0
I/System.out( 2438): body:<c.a.c.b: boolean a(boolean)>	sig:virtualinvoke $r1.<java.net.Socket: void setSoTimeout(int)>(1)	timediff:0
I/System.out( 2438): body:<c.a.c.b: boolean a(boolean)>	sig:virtualinvoke $r1.<java.net.Socket: void setSoTimeout(int)>($i0)	timediff:0
I/System.out( 2438): body:<c.a.b.r: c.a.b.i a(int,int,int,boolean,boolean)>	sig:virtualinvoke $r6.<java.net.Socket: void setSoTimeout(int)>($i1)	timediff:0
I/System.out( 2438): body:<c.a.b.d: void a(c.y)>	sig:$r6 = virtualinvoke $r5.<java.net.Proxy: java.net.Proxy$Type type()>()	timediff:0
I/System.out( 2438): body:<com.alibaba.aliexpress.gundam.a.h: com.alibaba.aliexpress.gundam.a.f a(com.alibaba.aliexpress.gundam.a.e,java.lang.String)>	sig:$r13 = virtualinvoke $r34.<java.net.URL: java.lang.String getHost()>()	timediff:0
I/System.out( 2438): body:<com.alibaba.aliexpress.gundam.a.a: void <init>(java.lang.String)>	sig:specialinvoke $r2.<java.net.URL: void <init>(java.lang.String)>($r1)	timediff:0
I/System.out( 2438): <com.alibaba.aliexpress.gundam.a.a: void <init>(java.lang.String)>###specialinvoke $r2.<java.net.URL: void <init>(java.lang.String)>($r1)###https://api.aliexpress.com/openapi/param2/100/aliexpress.mobile/search.category/13022
I/System.out( 2438): body:<com.alibaba.aliexpress.gundam.a.a: void <init>(java.lang.String)>	sig:$r1 = virtualinvoke $r2.<java.net.URL: java.lang.String getHost()>()	timediff:0
I/System.out( 2438): body:<com.alibaba.aliexpress.gundam.a.a: void <init>(java.lang.String)>	sig:$r5 = virtualinvoke $r2.<java.net.URL: java.lang.String getProtocol()>()	timediff:0
W/System.err( 2438): ErrorCode = 607
W/System.err( 2438): com.alibaba.wireless.security.open.SecException: 
W/System.err( 2438): 	at com.taobao.wireless.security.adapter.JNICLibrary.doCommandNative(Native Method)
W/System.err( 2438): 	at com.alibaba.wireless.security.mainplugin.a.doCommand(Unknown Source)
W/System.err( 2438): 	at com.taobao.wireless.security.adapter.b.b.a(Unknown Source)
W/System.err( 2438): 	at com.taobao.wireless.security.adapter.b.b.a(Unknown Source)
W/System.err( 2438): 	at com.taobao.wireless.security.adapter.b.b.a(Unknown Source)
W/System.err( 2438): 	at com.taobao.wireless.security.a.f.a.signRequest(Unknown Source)
W/System.err( 2438): 	at com.alibaba.aliexpress.gundam.ocean.f.b.a(SourceFile:85)
W/System.err( 2438): 	at com.alibaba.aliexpress.gundam.ocean.f.b.a(SourceFile:52)
W/System.err( 2438): 	at com.alibaba.aliexpress.gundam.ocean.f.a.a(SourceFile:43)
W/System.err( 2438): 	at com.alibaba.aliexpress.gundam.ocean.net.GdmNetApiImpl.a(SourceFile:304)
W/System.err( 2438): 	at com.alibaba.aliexpress.gundam.ocean.net.GdmNetApiImpl.a(SourceFile:115)
W/System.err( 2438): 	at com.alibaba.aliexpress.gundam.ocean.netscene.f.p(SourceFile:152)
W/System.err( 2438): 	at com.aliexpress.service.apibase.b.a.p(SourceFile:73)
W/System.err( 2438): 	at com.alibaba.aliexpress.gundam.ocean.a.e.a(SourceFile:86)
W/System.err( 2438): 	at com.aliexpress.service.e.a.e$2.a(SourceFile:80)
W/System.err( 2438): 	at com.aliexpress.service.e.b.d$b.a(SourceFile:155)
W/System.err( 2438): 	at com.aliexpress.service.e.b.f$f.run(SourceFile:167)
W/System.err( 2438): 	at java.util.concurrent.ThreadPoolExecutor.runWorker(ThreadPoolExecutor.java:1112)
W/System.err( 2438): 	at java.util.concurrent.ThreadPoolExecutor$Worker.run(ThreadPoolExecutor.java:587)
W/System.err( 2438): 	at java.lang.Thread.run(Thread.java:841)
W/System.err( 2438): 	at com.aliexpress.service.e.b.c$1.run(SourceFile:32)
I/System.out( 2438): body:<c.a.i: java.lang.String a(java.lang.String)>	sig:$r0 = staticinvoke <java.net.IDN: java.lang.String toASCII(java.lang.String)>($r0)	timediff:0
I/System.out( 2438): body:<c.a.i: java.lang.String a(java.lang.String)>	sig:$r0 = staticinvoke <java.net.IDN: java.lang.String toASCII(java.lang.String)>($r0)	timediff:0
I/System.out( 2438): body:<c.r: java.net.URI a()>	sig:specialinvoke $r3.<java.net.URI: void <init>(java.lang.String)>($r2)	timediff:0
I/System.out( 2438): body:<c.a.b.p: void a(c.r,java.net.Proxy)>	sig:$r3 = virtualinvoke $r6.<java.net.ProxySelector: java.util.List select(java.net.URI)>($r7)	timediff:0
I/System.out( 2438): body:<c.a.c.b: boolean a(boolean)>	sig:$z1 = virtualinvoke $r1.<java.net.Socket: boolean isClosed()>()	timediff:0
I/System.out( 2438): body:<c.a.c.b: boolean a(boolean)>	sig:$z1 = virtualinvoke $r1.<java.net.Socket: boolean isInputShutdown()>()	timediff:0
I/System.out( 2438): body:<c.a.c.b: boolean a(boolean)>	sig:$z1 = virtualinvoke $r1.<java.net.Socket: boolean isOutputShutdown()>()	timediff:0
I/System.out( 2438): body:<c.a.c.b: boolean a(boolean)>	sig:$i0 = virtualinvoke $r1.<java.net.Socket: int getSoTimeout()>()	timediff:0
I/System.out( 2438): body:<c.a.c.b: boolean a(boolean)>	sig:virtualinvoke $r1.<java.net.Socket: void setSoTimeout(int)>(1)	timediff:0
I/System.out( 2438): body:<c.a.c.b: boolean a(boolean)>	sig:virtualinvoke $r1.<java.net.Socket: void setSoTimeout(int)>($i0)	timediff:0
I/System.out( 2438): body:<c.a.b.r: c.a.b.i a(int,int,int,boolean,boolean)>	sig:virtualinvoke $r6.<java.net.Socket: void setSoTimeout(int)>($i1)	timediff:0
I/System.out( 2438): body:<c.a.b.d: void a(c.y)>	sig:$r6 = virtualinvoke $r5.<java.net.Proxy: java.net.Proxy$Type type()>()	timediff:0
I/System.out( 2438): body:<com.alibaba.aliexpress.gundam.ocean.net.GdmNetApiImpl$1: void a(com.alibaba.aliexpress.gundam.a.l,com.alibaba.aliexpress.gundam.a.e,com.alibaba.aliexpress.gundam.a.g$a)>	sig:$r6 = virtualinvoke $r13.<java.net.URL: java.lang.String getHost()>()	timediff:0
I/System.out( 2438): body:<c.a.i: java.lang.String a(java.lang.String)>	sig:$r0 = staticinvoke <java.net.IDN: java.lang.String toASCII(java.lang.String)>($r0)	timediff:0
I/System.out( 2438): body:<c.a.i: java.lang.String a(java.lang.String)>	sig:$r0 = staticinvoke <java.net.IDN: java.lang.String toASCII(java.lang.String)>($r0)	timediff:0
I/System.out( 2438): body:<c.r: java.net.URI a()>	sig:specialinvoke $r3.<java.net.URI: void <init>(java.lang.String)>($r2)	timediff:0
I/System.out( 2438): body:<c.a.b.p: void a(c.r,java.net.Proxy)>	sig:$r3 = virtualinvoke $r6.<java.net.ProxySelector: java.util.List select(java.net.URI)>($r7)	timediff:0
I/System.out( 2438): body:<c.a.c.b: boolean a(boolean)>	sig:$z1 = virtualinvoke $r1.<java.net.Socket: boolean isClosed()>()	timediff:0
I/System.out( 2438): body:<c.a.c.b: boolean a(boolean)>	sig:$z1 = virtualinvoke $r1.<java.net.Socket: boolean isInputShutdown()>()	timediff:0
I/System.out( 2438): body:<c.a.c.b: boolean a(boolean)>	sig:$z1 = virtualinvoke $r1.<java.net.Socket: boolean isOutputShutdown()>()	timediff:0
I/System.out( 2438): body:<c.a.c.b: boolean a(boolean)>	sig:$i0 = virtualinvoke $r1.<java.net.Socket: int getSoTimeout()>()	timediff:0
I/System.out( 2438): body:<c.a.c.b: boolean a(boolean)>	sig:virtualinvoke $r1.<java.net.Socket: void setSoTimeout(int)>(1)	timediff:0
I/System.out( 2438): body:<c.a.c.b: boolean a(boolean)>	sig:virtualinvoke $r1.<java.net.Socket: void setSoTimeout(int)>($i0)	timediff:0
I/System.out( 2438): body:<c.a.b.r: c.a.b.i a(int,int,int,boolean,boolean)>	sig:virtualinvoke $r6.<java.net.Socket: void setSoTimeout(int)>($i1)	timediff:0
I/System.out( 2438): body:<c.a.b.d: void a(c.y)>	sig:$r6 = virtualinvoke $r5.<java.net.Proxy: java.net.Proxy$Type type()>()	timediff:0
I/System.out( 2438): body:<com.alibaba.aliexpress.gundam.a.h: com.alibaba.aliexpress.gundam.a.f a(com.alibaba.aliexpress.gundam.a.e,java.lang.String)>	sig:$r13 = virtualinvoke $r34.<java.net.URL: java.lang.String getHost()>()	timediff:0
W/EGL_emulation( 2438): eglSurfaceAttrib not implemented 3093 12436
W/ContextImpl(  483): Calling a method in the system process without a qualified user: android.app.ContextImpl.sendBroadcast:1123 com.android.server.InputMethodManagerService.hideCurrentInputLocked:1880 com.android.server.InputMethodManagerService.windowGainedFocus:1968 com.android.internal.view.IInputMethodManager$Stub.onTransact:221 com.android.server.InputMethodManagerService.onTransact:818 
W/SurfaceFlinger(  165): couldn't log to binary event log: overflow.
I/System.out( 2438): body:<com.alibaba.aliexpresshd.module.hybrid.b$am: void a(java.util.HashMap,android.app.Activity)>	sig:$r13 = staticinvoke <java.net.URLDecoder: java.lang.String decode(java.lang.String,java.lang.String)>($r5, "utf-8")	timediff:0
I/ActivityManager(  483): START u0 {cmp=com.alibaba.aliexpresshd/.module.channel.childchannelactivity.CoinChannelActivity (has extras)} from pid 2438
I/AppCompatViewInflater( 2438): app:theme is now deprecated. Please move to using android:theme instead.
