I/DEBUG   (  163):          bf8de614  00000bc3  
I/DEBUG   (  163):          bf8de618  b76fafcc  /system/lib/libc.so
I/DEBUG   (  163):          bf8de61c  b76724a6  /system/lib/libc.so (pthread_kill+102)
I/DEBUG   (  163):          bf8de620  00000bc3  
I/DEBUG   (  163):          bf8de624  00000bc3  
I/DEBUG   (  163):          bf8de628  00000006  
I/DEBUG   (  163):          bf8de62c  00000000  
I/DEBUG   (  163):          bf8de630  b76fb268  /system/lib/libc.so
I/DEBUG   (  163):          bf8de634  94f374e8  /dev/ashmem/dalvik-heap (deleted)
I/DEBUG   (  163):          bf8de638  b7672449  /system/lib/libc.so (pthread_kill+9)
I/DEBUG   (  163):          bf8de63c  b76fafcc  /system/lib/libc.so
I/DEBUG   (  163):          bf8de640  bf8de68c  [stack]
I/DEBUG   (  163):          bf8de644  bf8de8c0  [stack]
I/DEBUG   (  163):          bf8de648  00000000  
I/DEBUG   (  163):          bf8de64c  b767282c  /system/lib/libc.so (raise+44)
I/BootReceiver(  480): Copying /data/tombstones/tombstone_07 to DropBox (SYSTEM_TOMBSTONE)
I/Process (  480): Sending signal. PID: 3011 SIG: 9
W/NetworkManagementSocketTagger(  480): setKernelCountSet(10126, 0) failed with errno -13
I/InputDispatcher(  480): Dropping event because there is no focused window or focused application.
I/InputDispatcher(  480): Dropping event because there is no focused window or focused application.
I/InputDispatcher(  480): Dropping event because there is no focused window or focused application.
I/InputDispatcher(  480): Dropping event because there is no focused window or focused application.
I/InputDispatcher(  480): Dropping event because there is no focused window or focused application.
I/InputDispatcher(  480): Dropping event because there is no focused window or focused application.
I/InputDispatcher(  480): Dropping event because there is no focused window or focused application.
I/InputDispatcher(  480): Dropping event because there is no focused window or focused application.
W/ActivityManager(  480): Force-killing crashed app com.appnana.android.giftcardrewards at watcher's request
W/ContextImpl(  480): Calling a method in the system process without a qualified user: android.app.ContextImpl.sendBroadcast:1123 com.android.server.am.ActivityManagerService.handleApplicationCrashInner:9670 com.android.server.am.NativeCrashListener$NativeCrashReporter.run:86 <bottom of call stack> <bottom of call stack> 
I/ActivityManager(  480): Process com.appnana.android.giftcardrewards (pid 3011) has died.
W/ActivityManager(  480): Force removing ActivityRecord{4b1c9290 u0 com.appnana.android.giftcardrewards/.MainActivity t11}: app died, no saved state
W/InputManager(  480): Input event injection from pid 2623 failed.
W/InputManager(  480): Input event injection from pid 2623 failed.
W/InputManager(  480): Input event injection from pid 2623 failed.
W/InputManager(  480): Input event injection from pid 2623 failed.
W/InputManager(  480): Input event injection from pid 2623 failed.
W/InputManager(  480): Input event injection from pid 2623 failed.
W/InputManager(  480): Input event injection from pid 2623 failed.
W/InputManager(  480): Input event injection from pid 2623 failed.
I/InputDispatcher(  480): Dropping event because there is no focused window or focused application.
I/InputDispatcher(  480): Dropping event because there is no focused window or focused application.
I/InputDispatcher(  480): Dropping event because there is no focused window or focused application.
I/InputDispatcher(  480): Dropping event because there is no focused window or focused application.
I/InputDispatcher(  480): Dropping event because there is no focused window or focused application.
I/InputDispatcher(  480): Dropping event because there is no focused window or focused application.
I/InputDispatcher(  480): Dropping event because there is no focused window or focused application.
I/InputDispatcher(  480): Dropping event because there is no focused window or focused application.
I/InputDispatcher(  480): Dropping event because there is no focused window or focused application.
I/InputDispatcher(  480): Dropping event because there is no focused window or focused application.
I/InputDispatcher(  480): Dropping event because there is no focused window or focused application.
I/InputDispatcher(  480): Dropping event because there is no focused window or focused application.
I/InputDispatcher(  480): Dropping event because there is no focused window or focused application.
D/FirebaseApp(  669): Notifying background state change listeners.
W/InputManager(  480): Input event injection from pid 2623 failed.
I/InputDispatcher(  480): Dropping event because there is no focused window or focused application.
W/InputManager(  480): Input event injection from pid 2623 failed.
I/InputDispatcher(  480): Dropping event because there is no focused window or focused application.
W/InputManager(  480): Input event injection from pid 2623 failed.
I/InputDispatcher(  480): Dropping event because there is no focused window or focused application.
W/InputManager(  480): Input event injection from pid 2623 failed.
I/InputDispatcher(  480): Dropping event because there is no focused window or focused application.
W/InputManager(  480): Input event injection from pid 2623 failed.
I/InputDispatcher(  480): Dropping event because there is no focused window or focused application.
W/InputManager(  480): Input event injection from pid 2623 failed.
I/InputDispatcher(  480): Dropping event because there is no focused window or focused application.
W/InputManager(  480): Input event injection from pid 2623 failed.
I/InputDispatcher(  480): Dropping event because there is no focused window or focused application.
I/InputDispatcher(  480): Dropping event because there is no focused window or focused application.
W/InputManager(  480): Input event injection from pid 2623 failed.
W/InputManager(  480): Input event injection from pid 2623 failed.
W/InputManager(  480): Input event injection from pid 2623 failed.
I/InputDispatcher(  480): Dropping event because there is no focused window or focused application.
W/InputManager(  480): Input event injection from pid 2623 failed.
W/InputManager(  480): Input event injection from pid 2623 failed.
D/Zygote  (  167): Process 3011 terminated by signal (6)
I/InputDispatcher(  480): Dropping event because there is no focused window or focused application.
W/InputManager(  480): Input event injection from pid 2623 failed.
I/InputDispatcher(  480): Dropping event because there is no focused window or focused application.
W/InputManager(  480): Input event injection from pid 2623 failed.
W/InputManager(  480): Input event injection from pid 2623 failed.
W/InputManager(  480): Input event injection from pid 2623 failed.
W/InputManager(  480): Input event injection from pid 2623 failed.
W/InputManager(  480): Input event injection from pid 2623 failed.
W/InputManager(  480): Input event injection from pid 2623 failed.
W/InputManager(  480): Input event injection from pid 2623 failed.
W/InputManager(  480): Input event injection from pid 2623 failed.
W/InputManager(  480): Input event injection from pid 2623 failed.
W/InputManager(  480): Input event injection from pid 2623 failed.
W/InputManager(  480): Input event injection from pid 2623 failed.
W/InputManager(  480): Input event injection from pid 2623 failed.
W/InputManager(  480): Input event injection from pid 2623 failed.
I/InputDispatcher(  480): Dropping event because there is no focused window or focused application.
I/InputDispatcher(  480): Dropping event because there is no focused window or focused application.
I/InputDispatcher(  480): Dropping event because there is no focused window or focused application.
I/InputDispatcher(  480): Dropping event because there is no focused window or focused application.
I/InputDispatcher(  480): Dropping event because there is no focused window or focused application.
I/InputDispatcher(  480): Dropping event because there is no focused window or focused application.
I/InputDispatcher(  480): Dropping event because there is no focused window or focused application.
I/InputDispatcher(  480): Dropping event because there is no focused window or focused application.
I/InputDispatcher(  480): Dropping event because there is no focused window or focused application.
I/InputDispatcher(  480): Dropping event because there is no focused window or focused application.
I/InputDispatcher(  480): Dropping event because there is no focused window or focused application.
I/InputDispatcher(  480): Dropping event because there is no focused window or focused application.
I/InputDispatcher(  480): Dropping event because there is no focused window or focused application.
I/InputDispatcher(  480): Dropping event because there is no focused window or focused application.
I/InputDispatcher(  480): Dropping event because there is no focused window or focused application.
I/InputDispatcher(  480): Dropping event because there is no focused window or focused application.
W/InputManager(  480): Input event injection from pid 2623 failed.
W/InputManager(  480): Input event injection from pid 2623 failed.
W/InputManager(  480): Input event injection from pid 2623 failed.
W/InputManager(  480): Input event injection from pid 2623 failed.
W/InputManager(  480): Input event injection from pid 2623 failed.
W/InputManager(  480): Input event injection from pid 2623 failed.
W/InputManager(  480): Input event injection from pid 2623 failed.
W/InputManager(  480): Input event injection from pid 2623 failed.
W/InputManager(  480): Input event injection from pid 2623 failed.
W/InputManager(  480): Input event injection from pid 2623 failed.
W/InputManager(  480): Input event injection from pid 2623 failed.
W/InputManager(  480): Input event injection from pid 2623 failed.
W/InputManager(  480): Input event injection from pid 2623 failed.
W/InputManager(  480): Input event injection from pid 2623 failed.
W/InputManager(  480): Input event injection from pid 2623 failed.
W/InputManager(  480): Input event injection from pid 2623 failed.
I/InputDispatcher(  480): Dropping event because there is no focused window or focused application.
I/InputDispatcher(  480): Dropping event because there is no focused window or focused application.
I/InputDispatcher(  480): Dropping event because there is no focused window or focused application.
I/InputDispatcher(  480): Dropping event because there is no focused window or focused application.
I/InputDispatcher(  480): Dropping event because there is no focused window or focused application.
I/InputDispatcher(  480): Dropping event because there is no focused window or focused application.
I/InputDispatcher(  480): Dropping event because there is no focused window or focused application.
W/InputManager(  480): Input event injection from pid 2623 failed.
W/InputManager(  480): Input event injection from pid 2623 failed.
W/InputManager(  480): Input event injection from pid 2623 failed.
W/InputManager(  480): Input event injection from pid 2623 failed.
W/InputManager(  480): Input event injection from pid 2623 failed.
W/InputManager(  480): Input event injection from pid 2623 failed.
W/InputManager(  480): Input event injection from pid 2623 failed.
W/InputManager(  480): Input event injection from pid 2623 failed.
W/InputManager(  480): Input event injection from pid 2623 failed.
W/InputManager(  480): Input event injection from pid 2623 failed.
W/InputManager(  480): Input event injection from pid 2623 failed.
W/InputManager(  480): Input event injection from pid 2623 failed.
W/EGL_emulation(  669): eglSurfaceAttrib not implemented 3093 12436
W/Binder  (  618): Caught a RuntimeException from the binder stub implementation.
W/Binder  (  618): java.lang.NullPointerException
W/Binder  (  618): 	at android.inputmethodservice.IInputMethodWrapper.setSessionEnabled(IInputMethodWrapper.java:280)
W/Binder  (  618): 	at com.android.internal.view.IInputMethod$Stub.onTransact(IInputMethod.java:129)
W/Binder  (  618): 	at android.os.Binder.execTransact(Binder.java:404)
W/Binder  (  618): 	at dalvik.system.NativeStart.run(Native Method)
W/Launcher(  669): No global search activity found.
D/Sensors (  480): Client connection accepted (167)
W/ContextImpl(  480): Calling a method in the system process without a qualified user: android.app.ContextImpl.sendBroadcast:1123 com.android.server.InputMethodManagerService.hideCurrentInputLocked:1880 com.android.server.InputMethodManagerService.windowGainedFocus:1968 com.android.internal.view.IInputMethodManager$Stub.onTransact:221 com.android.server.InputMethodManagerService.onTransact:818 
W/InputMethodManagerService(  480): Got RemoteException sending setActive(false) notification to pid 2945 uid 10126
D/dalvikvm(  618): JIT code cache reset in 0 ms (0 bytes 1/0)
D/dalvikvm(  618): GC_CONCURRENT freed 302K, 12% free 2862K/3220K, paused 0ms+0ms, total 3ms
W/PropertyValuesHolder(  669): Method setBrightness() with type int not found on target class class ph
W/PropertyValuesHolder(  669): Method getBrightness() with type int not found on target class class ph
I/ActivityManager(  480): START u0 {act=android.intent.action.MAIN cat=[android.intent.category.LAUNCHER] flg=0x10200000 cmp=com.android.browser/.BrowserActivity bnds=[8,388][149,618] (has extras)} from pid 669
W/ContextImpl(  669): Calling a method in the system process without a qualified user: android.app.ContextImpl.sendBroadcast:1137 android.content.ContextWrapper.sendBroadcast:370 com.vphone.launcher.Stats.recordLaunch:129 com.vphone.launcher.Launcher.c:3192 com.vphone.launcher.Launcher.onClickAppShortcut:3144 
W/Launcher(  669): No global search activity found.
I/ActivityManager(  480): START u0 {act=android.intent.action.MAIN cat=[android.intent.category.LAUNCHER] flg=0x10200000 cmp=com.appnana.android.giftcardrewards/.SplashActivity} from pid 2623
I/ActivityManager(  480): START u0 {act=android.intent.action.MAIN cat=[android.intent.category.LAUNCHER] flg=0x10200000 cmp=com.appnana.android.giftcardrewards/.SplashActivity} from pid 2623
D/yeshen  (  669): launcher onpause
W/NetworkManagementSocketTagger(  480): setKernelCountSet(10126, 1) failed with errno -13
I/dalvikvm( 3034): ignoring registerObject request in thread=1
I/dalvikvm( 3034): ignoring registerObject request in thread=1
I/ActivityManager(  480): Start proc com.appnana.android.giftcardrewards for activity com.appnana.android.giftcardrewards/.SplashActivity: pid=3034 uid=10126 gids={50126, 3003, 1028, 1015, 1023}
I/MultiDex( 3034): VM with version 1.6.0 does not have multidex support
I/MultiDex( 3034): install
I/MultiDex( 3034): MultiDexExtractor.load(/data/app/com.appnana.android.giftcardrewards-1.apk, false)
I/MultiDex( 3034): loading existing secondary dex files
I/MultiDex( 3034): load found 0 secondary dex files
I/MultiDex( 3034): install done
I/MapizLog( 3034): enableLogging: false
E/dalvikvm( 3034): Could not find class 'com.flurry.sdk.i', referenced from method com.flurry.sdk.ju.a
W/dalvikvm( 3034): VFY: unable to resolve const-class 3455 (Lcom/flurry/sdk/i;) in Lcom/flurry/sdk/ju;
D/dalvikvm( 3034): VFY: replacing opcode 0x1c at 0x0020
I/dalvikvm( 3034): Could not find method android.app.Notification$Builder.setLocalOnly, referenced from method com.google.android.gms.common.GooglePlayServicesUtil.zza
W/dalvikvm( 3034): VFY: unable to resolve virtual method 625: Landroid/app/Notification$Builder;.setLocalOnly (Z)Landroid/app/Notification$Builder;
D/dalvikvm( 3034): VFY: replacing opcode 0x6e at 0x0100
I/dalvikvm( 3034): Could not find method android.content.pm.PackageManager.getPackageInstaller, referenced from method com.google.android.gms.common.GooglePlayServicesUtil.zzj
W/dalvikvm( 3034): VFY: unable to resolve virtual method 992: Landroid/content/pm/PackageManager;.getPackageInstaller ()Landroid/content/pm/PackageInstaller;
D/dalvikvm( 3034): VFY: replacing opcode 0x6e at 0x000a
D/yeshen  (  669): launcher onstop
D/FirebaseApp(  669): Notifying background state change listeners.
D/Tinker.DefaultAppLike(  669): onTrimMemory level:20
W/DebugConnManager(  669): getNetworkInfo() on networkType 1
D/dalvikvm( 3034): JIT code cache reset in 0 ms (0 bytes 1/0)
D/dalvikvm( 3034): GC_FOR_ALLOC freed 205K, 9% free 2895K/3156K, paused 5ms, total 5ms
I/dalvikvm-heap( 3034): Grow heap (frag case) to 4.374MB for 1566732-byte allocation
D/dalvikvm( 3034): GC_FOR_ALLOC freed <1K, 6% free 4424K/4688K, paused 3ms, total 3ms
D/dalvikvm( 3034): GC_CONCURRENT freed 2K, 6% free 4429K/4688K, paused 1ms+2ms, total 4ms
W/ProcessManager( 3034): waitpid on failed exec failed: No child processes
I/GAv4    ( 3034): Google Analytics 8.1.15 is starting up. To enable debug logging on a device run:
I/GAv4    ( 3034):   adb shell setprop log.tag.GAv4 DEBUG
I/GAv4    ( 3034):   adb logcat -s GAv4
W/GAv4    ( 3034): AnalyticsReceiver is not registered or is disabled. Register the receiver for reliable dispatching on non-Google Play devices. See http://goo.gl/8Rd3yj for instructions.
D/dalvikvm( 3034): GC_CONCURRENT freed 260K, 7% free 4632K/4952K, paused 2ms+2ms, total 7ms
W/GAv4    ( 3034): CampaignTrackingReceiver is not registered, not exported or is disabled. Installation campaign tracking is not possible. See http://goo.gl/8Rd3yj for instructions.
W/GAv4    ( 3034): AnalyticsService not registered in the app manifest. Hits might not be delivered reliably. See http://goo.gl/8Rd3yj for instructions.
D/dalvikvm( 3034): GC_CONCURRENT freed 314K, 8% free 4824K/5188K, paused 2ms+2ms, total 11ms
W/dalvikvm( 3034): VFY: unable to find class referenced in signature (Lokhttp3/Request;)
W/dalvikvm( 3034): VFY: unable to find class referenced in signature (Lokhttp3/Response;)
I/dalvikvm( 3034): Could not find method okhttp3.Response.headers, referenced from method empirical.HelperClass.printOkHttpInfo
W/dalvikvm( 3034): VFY: unable to resolve virtual method 50031: Lokhttp3/Response;.headers ()Lokhttp3/Headers;
D/dalvikvm( 3034): VFY: replacing opcode 0x6e at 0x0006
W/dalvikvm( 3034): VFY: unable to find class referenced in signature (Lokhttp3/Call;)
W/dalvikvm( 3034): VFY: unable to find class referenced in signature (Lokhttp3/Response;)
I/dalvikvm( 3034): Could not find method okhttp3.Call.request, referenced from method empirical.HelperClass.printOkHttpInfoFromCall
W/dalvikvm( 3034): VFY: unable to resolve interface method 50025: Lokhttp3/Call;.request ()Lokhttp3/Request;
D/dalvikvm( 3034): VFY: replacing opcode 0x72 at 0x0006
I/System.out( 3034): body:<com.chartboost.sdk.impl.y: org.apache.http.HttpResponse a(com.chartboost.sdk.impl.k,java.util.Map)>	sig:specialinvoke $r11.<java.net.URL: void <init>(java.lang.String)>($r8)	timediff:0
I/System.out( 3034): <com.chartboost.sdk.impl.y: org.apache.http.HttpResponse a(com.chartboost.sdk.impl.k,java.util.Map)>###specialinvoke $r11.<java.net.URL: void <init>(java.lang.String)>($r8)###https://live.chartboost.com/api/config
I/System.out( 3034): body:<com.chartboost.sdk.impl.ch: java.net.HttpURLConnection a(java.net.URL,java.net.Proxy)>	sig:$r3 = virtualinvoke $r1.<java.net.URL: java.lang.String getProtocol()>()	timediff:0
I/System.out( 3034): body:<com.chartboost.sdk.impl.ch: com.chartboost.sdk.impl.ch n()>	sig:$r1 = staticinvoke <java.net.ProxySelector: java.net.ProxySelector getDefault()>()	timediff:0
I/System.out( 3034): body:<com.chartboost.sdk.impl.ch: com.chartboost.sdk.impl.ch n()>	sig:$r3 = staticinvoke <java.net.CookieHandler: java.net.CookieHandler getDefault()>()	timediff:0
I/System.out( 3034): body:<com.chartboost.sdk.impl.ch: com.chartboost.sdk.impl.ch n()>	sig:$r5 = staticinvoke <java.net.ResponseCache: java.net.ResponseCache getDefault()>()	timediff:0
I/System.out( 3034): body:<com.chartboost.sdk.impl.y: org.apache.http.HttpResponse a(com.chartboost.sdk.impl.k,java.util.Map)>	sig:specialinvoke $r11.<java.net.URL: void <init>(java.lang.String)>($r8)	timediff:0
I/System.out( 3034): <com.chartboost.sdk.impl.y: org.apache.http.HttpResponse a(com.chartboost.sdk.impl.k,java.util.Map)>###specialinvoke $r11.<java.net.URL: void <init>(java.lang.String)>($r8)###https://live.chartboost.com/interstitial/get
I/System.out( 3034): body:<com.chartboost.sdk.impl.ch: java.net.HttpURLConnection a(java.net.URL,java.net.Proxy)>	sig:$r3 = virtualinvoke $r1.<java.net.URL: java.lang.String getProtocol()>()	timediff:0
I/System.out( 3034): body:<com.chartboost.sdk.impl.ch: com.chartboost.sdk.impl.ch n()>	sig:$r1 = staticinvoke <java.net.ProxySelector: java.net.ProxySelector getDefault()>()	timediff:0
I/System.out( 3034): body:<com.chartboost.sdk.impl.ch: com.chartboost.sdk.impl.ch n()>	sig:$r3 = staticinvoke <java.net.CookieHandler: java.net.CookieHandler getDefault()>()	timediff:0
I/System.out( 3034): body:<com.chartboost.sdk.impl.ch: com.chartboost.sdk.impl.ch n()>	sig:$r5 = staticinvoke <java.net.ResponseCache: java.net.ResponseCache getDefault()>()	timediff:0
I/System.out( 3034): body:<com.chartboost.sdk.impl.dd: void <init>(java.net.URL,com.chartboost.sdk.impl.ch)>	sig:specialinvoke $r0.<java.net.HttpURLConnection: void <init>(java.net.URL)>($r1)	timediff:0
I/System.out( 3034): body:<com.chartboost.sdk.impl.cu: void <init>(java.net.HttpURLConnection)>	sig:$r2 = virtualinvoke $r1.<java.net.HttpURLConnection: java.net.URL getURL()>()	timediff:0
I/System.out( 3034): body:<com.chartboost.sdk.impl.cu: void setConnectTimeout(int)>	sig:virtualinvoke $r1.<java.net.HttpURLConnection: void setConnectTimeout(int)>($i0)	timediff:0
I/System.out( 3034): body:<com.chartboost.sdk.impl.y: java.net.HttpURLConnection a(java.net.URL,com.chartboost.sdk.impl.k)>	sig:virtualinvoke $r3.<java.net.HttpURLConnection: void setConnectTimeout(int)>($i0)	timediff:0
I/System.out( 3034): body:<com.chartboost.sdk.impl.cu: void setReadTimeout(int)>	sig:virtualinvoke $r1.<java.net.HttpURLConnection: void setReadTimeout(int)>($i0)	timediff:0
I/System.out( 3034): body:<com.chartboost.sdk.impl.y: java.net.HttpURLConnection a(java.net.URL,com.chartboost.sdk.impl.k)>	sig:virtualinvoke $r3.<java.net.HttpURLConnection: void setReadTimeout(int)>($i0)	timediff:0
I/System.out( 3034): body:<com.chartboost.sdk.impl.cu: void setUseCaches(boolean)>	sig:virtualinvoke $r1.<java.net.HttpURLConnection: void setUseCaches(boolean)>($z0)	timediff:0
I/System.out( 3034): body:<com.chartboost.sdk.impl.y: java.net.HttpURLConnection a(java.net.URL,com.chartboost.sdk.impl.k)>	sig:virtualinvoke $r3.<java.net.HttpURLConnection: void setUseCaches(boolean)>(0)	timediff:0
I/System.out( 3034): body:<com.chartboost.sdk.impl.cu: void setDoInput(boolean)>	sig:virtualinvoke $r1.<java.net.HttpURLConnection: void setDoInput(boolean)>($z0)	timediff:0
I/System.out( 3034): body:<com.chartboost.sdk.impl.y: java.net.HttpURLConnection a(java.net.URL,com.chartboost.sdk.impl.k)>	sig:virtualinvoke $r3.<java.net.HttpURLConnection: void setDoInput(boolean)>(1)	timediff:0
I/System.out( 3034): body:<com.chartboost.sdk.impl.y: java.net.HttpURLConnection a(java.net.URL,com.chartboost.sdk.impl.k)>	sig:$r5 = virtualinvoke $r1.<java.net.URL: java.lang.String getProtocol()>()	timediff:0
I/System.out( 3034): body:<com.chartboost.sdk.impl.cu: void addRequestProperty(java.lang.String,java.lang.String)>	sig:virtualinvoke $r3.<java.net.HttpURLConnection: void addRequestProperty(java.lang.String,java.lang.String)>($r1, $r2)	timediff:0
I/System.out( 3034): body:<com.chartboost.sdk.impl.y: org.apache.http.HttpResponse a(com.chartboost.sdk.impl.k,java.util.Map)>	sig:virtualinvoke $r12.<java.net.HttpURLConnection: void addRequestProperty(java.lang.String,java.lang.String)>($r8, $r7)	timediff:0
I/System.out( 3034): body:<com.chartboost.sdk.impl.cu: void addRequestProperty(java.lang.String,java.lang.String)>	sig:virtualinvoke $r3.<java.net.HttpURLConnection: void addRequestProperty(java.lang.String,java.lang.String)>($r1, $r2)	timediff:0
I/System.out( 3034): body:<com.chartboost.sdk.impl.y: org.apache.http.HttpResponse a(com.chartboost.sdk.impl.k,java.util.Map)>	sig:virtualinvoke $r12.<java.net.HttpURLConnection: void addRequestProperty(java.lang.String,java.lang.String)>($r8, $r7)	timediff:0
I/System.out( 3034): body:<com.chartboost.sdk.impl.cu: void addRequestProperty(java.lang.String,java.lang.String)>	sig:virtualinvoke $r3.<java.net.HttpURLConnection: void addRequestProperty(java.lang.String,java.lang.String)>($r1, $r2)	timediff:0
I/System.out( 3034): body:<com.chartboost.sdk.impl.y: org.apache.http.HttpResponse a(com.chartboost.sdk.impl.k,java.util.Map)>	sig:virtualinvoke $r12.<java.net.HttpURLConnection: void addRequestProperty(java.lang.String,java.lang.String)>($r8, $r7)	timediff:0
I/System.out( 3034): body:<com.chartboost.sdk.impl.cu: void addRequestProperty(java.lang.String,java.lang.String)>	sig:virtualinvoke $r3.<java.net.HttpURLConnection: void addRequestProperty(java.lang.String,java.lang.String)>($r1, $r2)	timediff:0
I/System.out( 3034): body:<com.chartboost.sdk.impl.y: org.apache.http.HttpResponse a(com.chartboost.sdk.impl.k,java.util.Map)>	sig:virtualinvoke $r12.<java.net.HttpURLConnection: void addRequestProperty(java.lang.String,java.lang.String)>($r8, $r7)	timediff:0
I/System.out( 3034): body:<com.chartboost.sdk.impl.cu: void addRequestProperty(java.lang.String,java.lang.String)>	sig:virtualinvoke $r3.<java.net.HttpURLConnection: void addRequestProperty(java.lang.String,java.lang.String)>($r1, $r2)	timediff:0
I/System.out( 3034): body:<com.chartboost.sdk.impl.y: org.apache.http.HttpResponse a(com.chartboost.sdk.impl.k,java.util.Map)>	sig:virtualinvoke $r12.<java.net.HttpURLConnection: void addRequestProperty(java.lang.String,java.lang.String)>($r8, $r7)	timediff:0
I/System.out( 3034): body:<com.chartboost.sdk.impl.cu: void setRequestMethod(java.lang.String)>	sig:virtualinvoke $r2.<java.net.HttpURLConnection: void setRequestMethod(java.lang.String)>($r1)	timediff:1
I/System.out( 3034): body:<com.chartboost.sdk.impl.y: void a(java.net.HttpURLConnection,com.chartboost.sdk.impl.k)>	sig:virtualinvoke $r0.<java.net.HttpURLConnection: void setRequestMethod(java.lang.String)>("POST")	timediff:1
I/System.out( 3034): body:<com.chartboost.sdk.impl.cu: void setDoOutput(boolean)>	sig:virtualinvoke $r1.<java.net.HttpURLConnection: void setDoOutput(boolean)>($z0)	timediff:0
I/System.out( 3034): body:<com.chartboost.sdk.impl.y: void b(java.net.HttpURLConnection,com.chartboost.sdk.impl.k)>	sig:virtualinvoke $r0.<java.net.HttpURLConnection: void setDoOutput(boolean)>(1)	timediff:0
I/System.out( 3034): body:<com.chartboost.sdk.impl.cu: void addRequestProperty(java.lang.String,java.lang.String)>	sig:virtualinvoke $r3.<java.net.HttpURLConnection: void addRequestProperty(java.lang.String,java.lang.String)>($r1, $r2)	timediff:0
I/System.out( 3034): body:<com.chartboost.sdk.impl.y: void b(java.net.HttpURLConnection,com.chartboost.sdk.impl.k)>	sig:virtualinvoke $r0.<java.net.HttpURLConnection: void addRequestProperty(java.lang.String,java.lang.String)>("Content-Type", $r3)	timediff:1
I/System.out( 3034): body:<com.chartboost.sdk.impl.dd: void <init>(java.net.URL,com.chartboost.sdk.impl.ch)>	sig:specialinvoke $r0.<java.net.HttpURLConnection: void <init>(java.net.URL)>($r1)	timediff:0
I/System.out( 3034): body:<com.chartboost.sdk.impl.cu: void <init>(java.net.HttpURLConnection)>	sig:$r2 = virtualinvoke $r1.<java.net.HttpURLConnection: java.net.URL getURL()>()	timediff:0
I/System.out( 3034): body:<com.chartboost.sdk.impl.cu: void setConnectTimeout(int)>	sig:virtualinvoke $r1.<java.net.HttpURLConnection: void setConnectTimeout(int)>($i0)	timediff:0
I/System.out( 3034): body:<com.chartboost.sdk.impl.y: java.net.HttpURLConnection a(java.net.URL,com.chartboost.sdk.impl.k)>	sig:virtualinvoke $r3.<java.net.HttpURLConnection: void setConnectTimeout(int)>($i0)	timediff:0
I/System.out( 3034): body:<com.chartboost.sdk.impl.cu: void setReadTimeout(int)>	sig:virtualinvoke $r1.<java.net.HttpURLConnection: void setReadTimeout(int)>($i0)	timediff:0
I/System.out( 3034): body:<com.chartboost.sdk.impl.y: java.net.HttpURLConnection a(java.net.URL,com.chartboost.sdk.impl.k)>	sig:virtualinvoke $r3.<java.net.HttpURLConnection: void setReadTimeout(int)>($i0)	timediff:0
I/System.out( 3034): body:<com.chartboost.sdk.impl.cu: void setUseCaches(boolean)>	sig:virtualinvoke $r1.<java.net.HttpURLConnection: void setUseCaches(boolean)>($z0)	timediff:0
I/System.out( 3034): body:<com.chartboost.sdk.impl.y: java.net.HttpURLConnection a(java.net.URL,com.chartboost.sdk.impl.k)>	sig:virtualinvoke $r3.<java.net.HttpURLConnection: void setUseCaches(boolean)>(0)	timediff:0
I/System.out( 3034): body:<com.chartboost.sdk.impl.cu: void setDoInput(boolean)>	sig:virtualinvoke $r1.<java.net.HttpURLConnection: void setDoInput(boolean)>($z0)	timediff:0
I/System.out( 3034): body:<com.chartboost.sdk.impl.y: java.net.HttpURLConnection a(java.net.URL,com.chartboost.sdk.impl.k)>	sig:virtualinvoke $r3.<java.net.HttpURLConnection: void setDoInput(boolean)>(1)	timediff:0
I/System.out( 3034): body:<com.chartboost.sdk.impl.y: java.net.HttpURLConnection a(java.net.URL,com.chartboost.sdk.impl.k)>	sig:$r5 = virtualinvoke $r1.<java.net.URL: java.lang.String getProtocol()>()	timediff:0
I/System.out( 3034): body:<com.chartboost.sdk.impl.cu: void addRequestProperty(java.lang.String,java.lang.String)>	sig:virtualinvoke $r3.<java.net.HttpURLConnection: void addRequestProperty(java.lang.String,java.lang.String)>($r1, $r2)	timediff:0
I/System.out( 3034): body:<com.chartboost.sdk.impl.y: org.apache.http.HttpResponse a(com.chartboost.sdk.impl.k,java.util.Map)>	sig:virtualinvoke $r12.<java.net.HttpURLConnection: void addRequestProperty(java.lang.String,java.lang.String)>($r8, $r7)	timediff:0
I/System.out( 3034): body:<com.chartboost.sdk.impl.cu: void addRequestProperty(java.lang.String,java.lang.String)>	sig:virtualinvoke $r3.<java.net.HttpURLConnection: void addRequestProperty(java.lang.String,java.lang.String)>($r1, $r2)	timediff:0
I/System.out( 3034): body:<com.chartboost.sdk.impl.y: org.apache.http.HttpResponse a(com.chartboost.sdk.impl.k,java.util.Map)>	sig:virtualinvoke $r12.<java.net.HttpURLConnection: void addRequestProperty(java.lang.String,java.lang.String)>($r8, $r7)	timediff:0
I/System.out( 3034): body:<com.chartboost.sdk.impl.cu: void addRequestProperty(java.lang.String,java.lang.String)>	sig:virtualinvoke $r3.<java.net.HttpURLConnection: void addRequestProperty(java.lang.String,java.lang.String)>($r1, $r2)	timediff:0
I/System.out( 3034): body:<com.chartboost.sdk.impl.y: org.apache.http.HttpResponse a(com.chartboost.sdk.impl.k,java.util.Map)>	sig:virtualinvoke $r12.<java.net.HttpURLConnection: void addRequestProperty(java.lang.String,java.lang.String)>($r8, $r7)	timediff:0
I/System.out( 3034): body:<com.chartboost.sdk.impl.cu: void addRequestProperty(java.lang.String,java.lang.String)>	sig:virtualinvoke $r3.<java.net.HttpURLConnection: void addRequestProperty(java.lang.String,java.lang.String)>($r1, $r2)	timediff:0
I/System.out( 3034): body:<com.chartboost.sdk.impl.y: org.apache.http.HttpResponse a(com.chartboost.sdk.impl.k,java.util.Map)>	sig:virtualinvoke $r12.<java.net.HttpURLConnection: void addRequestProperty(java.lang.String,java.lang.String)>($r8, $r7)	timediff:0
I/System.out( 3034): body:<com.chartboost.sdk.impl.cu: void addRequestProperty(java.lang.String,java.lang.String)>	sig:virtualinvoke $r3.<java.net.HttpURLConnection: void addRequestProperty(java.lang.String,java.lang.String)>($r1, $r2)	timediff:0
I/System.out( 3034): body:<com.chartboost.sdk.impl.y: org.apache.http.HttpResponse a(com.chartboost.sdk.impl.k,java.util.Map)>	sig:virtualinvoke $r12.<java.net.HttpURLConnection: void addRequestProperty(java.lang.String,java.lang.String)>($r8, $r7)	timediff:0
I/System.out( 3034): body:<com.chartboost.sdk.impl.cu: void setRequestMethod(java.lang.String)>	sig:virtualinvoke $r2.<java.net.HttpURLConnection: void setRequestMethod(java.lang.String)>($r1)	timediff:0
I/System.out( 3034): body:<com.chartboost.sdk.impl.y: void a(java.net.HttpURLConnection,com.chartboost.sdk.impl.k)>	sig:virtualinvoke $r0.<java.net.HttpURLConnection: void setRequestMethod(java.lang.String)>("POST")	timediff:0
I/System.out( 3034): body:<com.chartboost.sdk.impl.cu: void setDoOutput(boolean)>	sig:virtualinvoke $r1.<java.net.HttpURLConnection: void setDoOutput(boolean)>($z0)	timediff:0
I/System.out( 3034): body:<com.chartboost.sdk.impl.y: void b(java.net.HttpURLConnection,com.chartboost.sdk.impl.k)>	sig:virtualinvoke $r0.<java.net.HttpURLConnection: void setDoOutput(boolean)>(1)	timediff:0
I/System.out( 3034): body:<com.chartboost.sdk.impl.cu: void addRequestProperty(java.lang.String,java.lang.String)>	sig:virtualinvoke $r3.<java.net.HttpURLConnection: void addRequestProperty(java.lang.String,java.lang.String)>($r1, $r2)	timediff:0
I/System.out( 3034): body:<com.chartboost.sdk.impl.y: void b(java.net.HttpURLConnection,com.chartboost.sdk.impl.k)>	sig:virtualinvoke $r0.<java.net.HttpURLConnection: void addRequestProperty(java.lang.String,java.lang.String)>("Content-Type", $r3)	timediff:0
I/System.out( 3034): body:<com.chartboost.sdk.impl.dd: com.chartboost.sdk.impl.da a(java.lang.String,com.chartboost.sdk.impl.cd,com.chartboost.sdk.impl.dk)>	sig:$r5 = virtualinvoke $r0.<com.chartboost.sdk.impl.dd: java.net.URL getURL()>()	timediff:0
I/System.out( 3034): body:<com.chartboost.sdk.impl.dd: com.chartboost.sdk.impl.da a(java.lang.String,com.chartboost.sdk.impl.cd,com.chartboost.sdk.impl.dk)>	sig:$r5 = virtualinvoke $r0.<com.chartboost.sdk.impl.dd: java.net.URL getURL()>()	timediff:0
I/System.out( 3034): body:<com.chartboost.sdk.impl.cs: int a(java.net.URL)>	sig:$r1 = virtualinvoke $r0.<java.net.URL: java.lang.String getProtocol()>()	timediff:0
I/System.out( 3034): body:<com.chartboost.sdk.impl.cs: int a(java.net.URL)>	sig:$i0 = virtualinvoke $r0.<java.net.URL: int getPort()>()	timediff:0
I/System.out( 3034): body:<com.chartboost.sdk.impl.da: java.lang.String a(java.net.URL)>	sig:$r1 = virtualinvoke $r0.<java.net.URL: java.lang.String getProtocol()>()	timediff:0
I/System.out( 3034): body:<com.chartboost.sdk.impl.cs: int a(java.net.URL)>	sig:$r1 = virtualinvoke $r0.<java.net.URL: java.lang.String getProtocol()>()	timediff:0
I/System.out( 3034): body:<com.chartboost.sdk.impl.da: java.lang.String a(java.net.URL)>	sig:$r1 = virtualinvoke $r0.<java.net.URL: java.lang.String getHost()>()	timediff:0
I/System.out( 3034): body:<com.chartboost.sdk.impl.cs: int a(java.net.URL)>	sig:$i0 = virtualinvoke $r0.<java.net.URL: int getPort()>()	timediff:0
I/System.out( 3034): body:<com.chartboost.sdk.impl.da: java.lang.String a(java.net.URL)>	sig:$r1 = virtualinvoke $r0.<java.net.URL: java.lang.String getProtocol()>()	timediff:0
I/System.out( 3034): body:<com.chartboost.sdk.impl.da: java.lang.String a(java.net.URL)>	sig:$r1 = virtualinvoke $r0.<java.net.URL: java.lang.String getHost()>()	timediff:0
I/System.out( 3034): body:<com.chartboost.sdk.impl.da: void s()>	sig:$r9 = virtualinvoke $r6.<java.net.URL: java.lang.String getHost()>()	timediff:0
I/System.out( 3034): body:<com.chartboost.sdk.impl.dg: boolean k()>	sig:$r2 = virtualinvoke $r1.<java.net.URL: java.lang.String getProtocol()>()	timediff:0
I/System.out( 3034): body:<com.chartboost.sdk.impl.cs: int a(java.net.URL)>	sig:$r1 = virtualinvoke $r0.<java.net.URL: java.lang.String getProtocol()>()	timediff:0
I/System.out( 3034): body:<com.chartboost.sdk.impl.cs: int a(java.net.URL)>	sig:$i0 = virtualinvoke $r0.<java.net.URL: int getPort()>()	timediff:0
I/System.out( 3034): body:<com.chartboost.sdk.impl.cr: java.net.URI a(java.net.URL)>	sig:$r2 = virtualinvoke $r1.<java.net.URL: java.net.URI toURI()>()	timediff:0
I/System.out( 3034): body:<com.chartboost.sdk.impl.dl: void a(java.net.URI,java.net.Proxy)>	sig:$r3 = virtualinvoke $r4.<java.net.ProxySelector: java.util.List select(java.net.URI)>($r1)	timediff:0
I/System.out( 3034): body:<com.chartboost.sdk.impl.da: void s()>	sig:$r9 = virtualinvoke $r6.<java.net.URL: java.lang.String getHost()>()	timediff:0
I/System.out( 3034): body:<com.chartboost.sdk.impl.dg: boolean k()>	sig:$r2 = virtualinvoke $r1.<java.net.URL: java.lang.String getProtocol()>()	timediff:0
I/System.out( 3034): body:<com.chartboost.sdk.impl.cs: int a(java.net.URL)>	sig:$r1 = virtualinvoke $r0.<java.net.URL: java.lang.String getProtocol()>()	timediff:0
I/System.out( 3034): body:<com.chartboost.sdk.impl.cs: int a(java.net.URL)>	sig:$i0 = virtualinvoke $r0.<java.net.URL: int getPort()>()	timediff:0
I/System.out( 3034): body:<com.chartboost.sdk.impl.cr: java.net.URI a(java.net.URL)>	sig:$r2 = virtualinvoke $r1.<java.net.URL: java.net.URI toURI()>()	timediff:0
I/System.out( 3034): body:<com.chartboost.sdk.impl.dl: void a(java.net.URI,java.net.Proxy)>	sig:$r3 = virtualinvoke $r4.<java.net.ProxySelector: java.util.List select(java.net.URI)>($r1)	timediff:0
I/System.out( 3034): body:<com.chartboost.sdk.impl.dl: java.net.Proxy c()>	sig:$r5 = virtualinvoke $r1.<java.net.Proxy: java.net.Proxy$Type type()>()	timediff:0
I/System.out( 3034): body:<com.chartboost.sdk.impl.dl: java.net.Proxy c()>	sig:$r5 = virtualinvoke $r1.<java.net.Proxy: java.net.Proxy$Type type()>()	timediff:0
I/System.out( 3034): body:<com.chartboost.sdk.impl.dl: void a(java.net.Proxy)>	sig:$r4 = virtualinvoke $r1.<java.net.Proxy: java.net.Proxy$Type type()>()	timediff:0
I/System.out( 3034): body:<com.chartboost.sdk.impl.dl: void a(java.net.Proxy)>	sig:$r6 = virtualinvoke $r5.<java.net.URI: java.lang.String getHost()>()	timediff:0
I/System.out( 3034): body:<com.chartboost.sdk.impl.cs: int a(java.net.URI)>	sig:$r1 = virtualinvoke $r0.<java.net.URI: java.lang.String getScheme()>()	timediff:0
I/System.out( 3034): body:<com.chartboost.sdk.impl.cs: int a(java.net.URI)>	sig:$i0 = virtualinvoke $r0.<java.net.URI: int getPort()>()	timediff:0
I/System.out( 3034): body:<com.chartboost.sdk.impl.cp$1: java.net.InetAddress[] a(java.lang.String)>	sig:$r3 = staticinvoke <java.net.InetAddress: java.net.InetAddress[] getAllByName(java.lang.String)>($r1)	timediff:1
I/System.out( 3034): body:<com.chartboost.sdk.impl.dl: java.net.InetSocketAddress e()>	sig:specialinvoke $r1.<java.net.InetSocketAddress: void <init>(java.net.InetAddress,int)>($r3, $i1)	timediff:0
I/System.out( 3034): body:<com.chartboost.sdk.impl.dl: void a(java.net.Proxy)>	sig:$r4 = virtualinvoke $r1.<java.net.Proxy: java.net.Proxy$Type type()>()	timediff:0
I/System.out( 3034): body:<com.chartboost.sdk.impl.dl: void a(java.net.Proxy)>	sig:$r6 = virtualinvoke $r5.<java.net.URI: java.lang.String getHost()>()	timediff:0
I/System.out( 3034): body:<com.chartboost.sdk.impl.cs: int a(java.net.URI)>	sig:$r1 = virtualinvoke $r0.<java.net.URI: java.lang.String getScheme()>()	timediff:0
I/System.out( 3034): body:<com.chartboost.sdk.impl.cs: int a(java.net.URI)>	sig:$i0 = virtualinvoke $r0.<java.net.URI: int getPort()>()	timediff:0
I/System.out( 3034): body:<com.chartboost.sdk.impl.cp$1: java.net.InetAddress[] a(java.lang.String)>	sig:$r3 = staticinvoke <java.net.InetAddress: java.net.InetAddress[] getAllByName(java.lang.String)>($r1)	timediff:1
I/System.out( 3034): body:<com.chartboost.sdk.impl.dl: java.net.InetSocketAddress e()>	sig:specialinvoke $r1.<java.net.InetSocketAddress: void <init>(java.net.InetAddress,int)>($r3, $i1)	timediff:0
I/System.out( 3034): body:<com.chartboost.sdk.impl.cl: int hashCode()>	sig:$i1 = virtualinvoke $r2.<java.net.Proxy: int hashCode()>()	timediff:0
I/System.out( 3034): body:<com.chartboost.sdk.impl.cl: int hashCode()>	sig:$i0 = virtualinvoke $r3.<java.net.InetSocketAddress: int hashCode()>()	timediff:0
I/System.out( 3034): body:<com.chartboost.sdk.impl.dg: boolean k()>	sig:$r2 = virtualinvoke $r1.<java.net.URL: java.lang.String getProtocol()>()	timediff:0
I/System.out( 3034): body:<com.chartboost.sdk.impl.da: com.chartboost.sdk.impl.cn v()>	sig:$r2 = virtualinvoke $r4.<java.net.URL: java.lang.String getHost()>()	timediff:0
I/System.out( 3034): body:<com.chartboost.sdk.impl.cs: int a(java.net.URL)>	sig:$r1 = virtualinvoke $r0.<java.net.URL: java.lang.String getProtocol()>()	timediff:0
I/System.out( 3034): body:<com.chartboost.sdk.impl.cs: int a(java.net.URL)>	sig:$i0 = virtualinvoke $r0.<java.net.URL: int getPort()>()	timediff:0
I/System.out( 3034): body:<com.chartboost.sdk.impl.cd: void a(int,int,com.chartboost.sdk.impl.cn)>	sig:$r4 = virtualinvoke $r6.<java.net.Proxy: java.net.Proxy$Type type()>()	timediff:0
I/System.out( 3034): body:<com.chartboost.sdk.impl.cd: void a(int,int,com.chartboost.sdk.impl.cn)>	sig:specialinvoke $r8.<java.net.Socket: void <init>(java.net.Proxy)>($r6)	timediff:0
I/qtaguid ( 3034): Tagging socket 47 with tag 64ca17da00000000(1690965978) for uid -1 failed errno=-13
I/System.out( 3034): body:<com.chartboost.sdk.impl.cl: int hashCode()>	sig:$i1 = virtualinvoke $r2.<java.net.Proxy: int hashCode()>()	timediff:0
I/System.out( 3034): body:<com.chartboost.sdk.impl.cl: int hashCode()>	sig:$i0 = virtualinvoke $r3.<java.net.InetSocketAddress: int hashCode()>()	timediff:0
I/System.out( 3034): body:<com.chartboost.sdk.impl.dg: boolean k()>	sig:$r2 = virtualinvoke $r1.<java.net.URL: java.lang.String getProtocol()>()	timediff:0
I/System.out( 3034): body:<com.chartboost.sdk.impl.da: com.chartboost.sdk.impl.cn v()>	sig:$r2 = virtualinvoke $r4.<java.net.URL: java.lang.String getHost()>()	timediff:0
I/System.out( 3034): body:<com.chartboost.sdk.impl.cs: int a(java.net.URL)>	sig:$r1 = virtualinvoke $r0.<java.net.URL: java.lang.String getProtocol()>()	timediff:0
I/System.out( 3034): body:<com.chartboost.sdk.impl.cs: int a(java.net.URL)>	sig:$i0 = virtualinvoke $r0.<java.net.URL: int getPort()>()	timediff:0
I/System.out( 3034): body:<com.chartboost.sdk.impl.cd: void a(int,int,com.chartboost.sdk.impl.cn)>	sig:$r4 = virtualinvoke $r6.<java.net.Proxy: java.net.Proxy$Type type()>()	timediff:0
I/System.out( 3034): body:<com.chartboost.sdk.impl.cd: void a(int,int,com.chartboost.sdk.impl.cn)>	sig:specialinvoke $r8.<java.net.Socket: void <init>(java.net.Proxy)>($r6)	timediff:0
I/qtaguid ( 3034): Tagging socket 50 with tag 64ca17da00000000(1690965978) for uid -1 failed errno=-13
I/NetworkManagementSocketTagger( 3034): tagSocketFd(50, 1690965978, -1) failed with errno-13
I/NetworkManagementSocketTagger( 3034): tagSocketFd(47, 1690965978, -1) failed with errno-13
D/dalvikvm( 3034): GC_CONCURRENT freed 480K, 10% free 4901K/5440K, paused 1ms+0ms, total 4ms
D/libEGL  ( 3034): loaded /system/lib/egl/libEGL_adreno.so
D/        ( 3034): HostConnection::get() New Host Connection established 0xb7d7be80, tid 3034
D/libEGL  ( 3034): loaded /system/lib/egl/libGLESv1_CM_adreno.so
D/libEGL  ( 3034): loaded /system/lib/egl/libGLESv2_adreno.so
W/EGL_emulation( 3034): eglSurfaceAttrib not implemented 3093 12436
I/System.out( 3034): body:<com.chartboost.sdk.impl.cr$a: void a(java.net.Socket,java.net.InetSocketAddress,int)>	sig:virtualinvoke $r1.<java.net.Socket: void connect(java.net.SocketAddress,int)>($r2, $i0)	timediff:71
I/System.out( 3034): body:<com.chartboost.sdk.impl.cd: void a(int,int,com.chartboost.sdk.impl.cn)>	sig:virtualinvoke $r8.<java.net.Socket: void setSoTimeout(int)>($i1)	timediff:0
I/System.out( 3034): body:<com.chartboost.sdk.impl.cd: void a(int,int,com.chartboost.sdk.impl.cn)>	sig:$r11 = virtualinvoke $r8.<java.net.Socket: java.io.InputStream getInputStream()>()	timediff:0
I/System.out( 3034): body:<com.chartboost.sdk.impl.cd: void a(int,int,com.chartboost.sdk.impl.cn)>	sig:$r12 = virtualinvoke $r8.<java.net.Socket: java.io.OutputStream getOutputStream()>()	timediff:0
I/System.out( 3034): body:<com.chartboost.sdk.impl.cd: boolean l()>	sig:$r3 = virtualinvoke $r6.<java.net.Proxy: java.net.Proxy$Type type()>()	timediff:0
I/System.out( 3034): body:<com.chartboost.sdk.impl.cr$a: void a(java.net.Socket,java.net.InetSocketAddress,int)>	sig:virtualinvoke $r1.<java.net.Socket: void connect(java.net.SocketAddress,int)>($r2, $i0)	timediff:73
I/System.out( 3034): body:<com.chartboost.sdk.impl.cd: void a(int,int,com.chartboost.sdk.impl.cn)>	sig:virtualinvoke $r8.<java.net.Socket: void setSoTimeout(int)>($i1)	timediff:0
I/System.out( 3034): body:<com.chartboost.sdk.impl.cd: void a(int,int,com.chartboost.sdk.impl.cn)>	sig:$r11 = virtualinvoke $r8.<java.net.Socket: java.io.InputStream getInputStream()>()	timediff:0
I/System.out( 3034): body:<com.chartboost.sdk.impl.cd: void a(int,int,com.chartboost.sdk.impl.cn)>	sig:$r12 = virtualinvoke $r8.<java.net.Socket: java.io.OutputStream getOutputStream()>()	timediff:0
I/System.out( 3034): body:<com.chartboost.sdk.impl.cd: boolean l()>	sig:$r3 = virtualinvoke $r6.<java.net.Proxy: java.net.Proxy$Type type()>()	timediff:0
D/OpenGLRenderer( 3034): Enabling debug mode 0
W/ViewRootImpl( 3034): Dropping event due to no window focus: KeyEvent { action=ACTION_DOWN, keyCode=KEYCODE_DPAD_DOWN, scanCode=0, metaState=0, flags=0x8, repeatCount=0, eventTime=97646, downTime=97646, deviceId=-1, source=0x101 }
I/ActivityManager(  480): START u0 {act=android.intent.action.MAIN cat=[android.intent.category.LAUNCHER] flg=0x10000000 sel={act=android.intent.action.MAIN cat=[android.intent.category.APP_EMAIL]}} from pid 480
W/ContextImpl(  480): Calling a method in the system process without a qualified user: android.app.ContextImpl.sendBroadcast:1123 com.android.server.InputMethodManagerService.hideCurrentInputLocked:1880 com.android.server.InputMethodManagerService.windowGainedFocus:1968 com.android.internal.view.IInputMethodManager$Stub.onTransact:221 com.android.server.InputMethodManagerService.onTransact:818 
I/System.out( 3034): body:<com.flurry.sdk.ij: void n()>	sig:specialinvoke $r6.<java.net.URL: void <init>(java.lang.String)>($r1)	timediff:0
I/System.out( 3034): <com.flurry.sdk.ij: void n()>###specialinvoke $r6.<java.net.URL: void <init>(java.lang.String)>($r1)###https://data.flurry.com/aap.do
I/System.out( 3034): body:<com.flurry.sdk.ij: void n()>	sig:$r7 = virtualinvoke $r6.<java.net.URL: java.net.URLConnection openConnection()>()	timediff:1
I/System.out( 3034): body:<com.flurry.sdk.ij: void n()>	sig:virtualinvoke $r4.<java.net.HttpURLConnection: void setConnectTimeout(int)>($i0)	timediff:0
I/System.out( 3034): body:<com.flurry.sdk.ij: void n()>	sig:virtualinvoke $r4.<java.net.HttpURLConnection: void setReadTimeout(int)>($i0)	timediff:0
I/System.out( 3034): body:<com.flurry.sdk.ij: void n()>	sig:virtualinvoke $r4.<java.net.HttpURLConnection: void setRequestMethod(java.lang.String)>($r1)	timediff:0
I/System.out( 3034): body:<com.flurry.sdk.ij: void n()>	sig:virtualinvoke $r4.<java.net.HttpURLConnection: void setInstanceFollowRedirects(boolean)>($z0)	timediff:0
I/System.out( 3034): body:<com.flurry.sdk.ij: void n()>	sig:virtualinvoke $r4.<java.net.HttpURLConnection: void setDoOutput(boolean)>($z0)	timediff:0
I/System.out( 3034): body:<com.flurry.sdk.ij: void n()>	sig:virtualinvoke $r4.<java.net.HttpURLConnection: void setDoInput(boolean)>(1)	timediff:0
I/System.out( 3034): body:<com.flurry.sdk.ij: void n()>	sig:virtualinvoke $r4.<java.net.HttpURLConnection: void addRequestProperty(java.lang.String,java.lang.String)>($r1, $r13)	timediff:0
D/dalvikvm( 3034): GC_CONCURRENT freed 443K, 10% free 5038K/5540K, paused 2ms+0ms, total 7ms
I/System.out( 3034): body:<com.appnana.android.giftcardrewards.service.WebService: java.lang.String getFieldString(java.util.List)>	sig:$r2 = staticinvoke <java.net.URLEncoder: java.lang.String encode(java.lang.String)>($r2)	timediff:0
I/System.out( 3034): body:<com.appnana.android.giftcardrewards.service.WebService: java.lang.String getFieldString(java.util.List)>	sig:$r2 = staticinvoke <java.net.URLEncoder: java.lang.String encode(java.lang.String)>($r2)	timediff:0
I/ActivityManager(  480): Displayed com.appnana.android.giftcardrewards/.SplashActivity: +278ms
D/dalvikvm( 3034): GC_CONCURRENT freed 595K, 12% free 5071K/5728K, paused 0ms+1ms, total 5ms
D/dalvikvm( 3034): GC_CONCURRENT freed 674K, 13% free 5053K/5784K, paused 0ms+0ms, total 3ms
I/System.out( 3034): body:<com.flurry.sdk.ij: void n()>	sig:$r15 = virtualinvoke $r4.<java.net.HttpURLConnection: java.io.OutputStream getOutputStream()>()	timediff:122
I/System.out( 3034): body:<com.chartboost.sdk.impl.cd: void a(com.chartboost.sdk.impl.cn)>	sig:$r15 = virtualinvoke $r8.<javax.net.ssl.SSLSocket: java.io.OutputStream getOutputStream()>()	timediff:0
I/System.out( 3034): body:<com.chartboost.sdk.impl.cd: void a(com.chartboost.sdk.impl.cn)>	sig:$r16 = virtualinvoke $r8.<javax.net.ssl.SSLSocket: java.io.InputStream getInputStream()>()	timediff:0
I/System.out( 3034): body:<com.chartboost.sdk.impl.cl: int hashCode()>	sig:$i1 = virtualinvoke $r2.<java.net.Proxy: int hashCode()>()	timediff:0
I/System.out( 3034): body:<com.chartboost.sdk.impl.cl: int hashCode()>	sig:$i0 = virtualinvoke $r3.<java.net.InetSocketAddress: int hashCode()>()	timediff:0
I/System.out( 3034): body:<com.chartboost.sdk.impl.cu: java.io.OutputStream getOutputStream()>	sig:$r2 = virtualinvoke $r1.<java.net.HttpURLConnection: java.io.OutputStream getOutputStream()>()	timediff:263
I/System.out( 3034): body:<com.chartboost.sdk.impl.y: void b(java.net.HttpURLConnection,com.chartboost.sdk.impl.k)>	sig:$r5 = virtualinvoke $r0.<java.net.HttpURLConnection: java.io.OutputStream getOutputStream()>()	timediff:263
I/System.out( 3034): body:<com.chartboost.sdk.impl.dc: void b(com.chartboost.sdk.impl.dg)>	sig:$r6 = virtualinvoke $r5.<java.net.Proxy: java.net.Proxy$Type type()>()	timediff:0
I/System.out( 3034): body:<com.chartboost.sdk.impl.dg: boolean k()>	sig:$r2 = virtualinvoke $r1.<java.net.URL: java.lang.String getProtocol()>()	timediff:0
