I/System.out( 2008): body:<com.amazonaws.AmazonWebServiceClient: java.net.URI c(java.lang.String)>	sig:specialinvoke $r6.<java.net.URI: void <init>(java.lang.String)>($r1)	timediff:0
V/SessionClientState( 2008): Firing Session Event: _session.start
D/MobileAnalyticsManager( 2008): Amazon Mobile Analytics SDK(2.3.8) initialization successfully completed
D/dalvikvm( 2008): GC_CONCURRENT freed 350K, 10% free 3771K/4180K, paused 1ms+1ms, total 4ms
I/DefaultDeliveryClient( 2008): Event: '_sess...' recorded to local filestore
D/DefaultDeliveryClient( 2008): Time of enqueueEventForDelivery: 6
I/DefaultDeliveryClient( 2008): Event: '_sess...' recorded to local filestore
D/DefaultDeliveryClient( 2008): Time of enqueueEventForDelivery: 1
V/SessionClientState( 2008): Firing Session Event: _session.stop
I/dalvikvm( 2008): Could not find method android.view.Window$Callback.onProvideKeyboardShortcuts, referenced from method android.support.v7.view.i.onProvideKeyboardShortcuts
W/dalvikvm( 2008): VFY: unable to resolve interface method 12390: Landroid/view/Window$Callback;.onProvideKeyboardShortcuts (Ljava/util/List;Landroid/view/Menu;I)V
D/dalvikvm( 2008): VFY: replacing opcode 0x72 at 0x0002
W/dalvikvm( 2008): VFY: unable to find class referenced in signature (Landroid/view/SearchEvent;)
I/dalvikvm( 2008): Could not find method android.view.Window$Callback.onSearchRequested, referenced from method android.support.v7.view.i.onSearchRequested
W/dalvikvm( 2008): VFY: unable to resolve interface method 12392: Landroid/view/Window$Callback;.onSearchRequested (Landroid/view/SearchEvent;)Z
D/dalvikvm( 2008): VFY: replacing opcode 0x72 at 0x0002
I/dalvikvm( 2008): Could not find method android.view.Window$Callback.onWindowStartingActionMode, referenced from method android.support.v7.view.i.onWindowStartingActionMode
W/dalvikvm( 2008): VFY: unable to resolve interface method 12396: Landroid/view/Window$Callback;.onWindowStartingActionMode (Landroid/view/ActionMode$Callback;I)Landroid/view/ActionMode;
D/dalvikvm( 2008): VFY: replacing opcode 0x72 at 0x0002
D/dalvikvm( 2008): GC_CONCURRENT freed 339K, 10% free 3845K/4252K, paused 1ms+0ms, total 3ms
I/dalvikvm( 2008): Could not find method android.content.res.Resources.getDrawable, referenced from method android.support.v7.widget.ax.getDrawable
W/dalvikvm( 2008): VFY: unable to resolve virtual method 655: Landroid/content/res/Resources;.getDrawable (ILandroid/content/res/Resources$Theme;)Landroid/graphics/drawable/Drawable;
D/dalvikvm( 2008): VFY: replacing opcode 0x6e at 0x0002
I/dalvikvm( 2008): Could not find method android.content.res.Resources.getDrawableForDensity, referenced from method android.support.v7.widget.ax.getDrawableForDensity
W/dalvikvm( 2008): VFY: unable to resolve virtual method 657: Landroid/content/res/Resources;.getDrawableForDensity (IILandroid/content/res/Resources$Theme;)Landroid/graphics/drawable/Drawable;
D/dalvikvm( 2008): VFY: replacing opcode 0x6e at 0x0002
D/AndroidRuntime( 2007): CheckJNI is OFF
D/dalvikvm( 2007): Using executionMode 2
D/dalvikvm( 2007): Trying to load lib libjavacore.so 0x0
D/dalvikvm( 2008): GC_FOR_ALLOC freed 78K, 10% free 3860K/4252K, paused 3ms, total 3ms
D/dalvikvm( 2007): Added shared lib libjavacore.so 0x0
I/dalvikvm-heap( 2008): Grow heap (frag case) to 9.745MB for 6210012-byte allocation
D/dalvikvm( 2008): GC_FOR_ALLOC freed <1K, 4% free 9924K/10320K, paused 5ms, total 5ms
D/dalvikvm( 2007): Trying to load lib libnativehelper.so 0x0
D/dalvikvm( 2007): Added shared lib libnativehelper.so 0x0
D/dalvikvm( 2007): No JNI_OnLoad found in libnativehelper.so 0x0, skipping init
D/dalvikvm( 2008): GC_CONCURRENT freed 7K, 4% free 9918K/10320K, paused 0ms+0ms, total 4ms
D/dalvikvm( 2007): Note: class Landroid/app/ActivityManagerNative; has 179 unimplemented (abstract) methods
I/System.out( 2008): body:<com.facebook.r: java.util.List a(java.net.HttpURLConnection,com.facebook.q)>	sig:$i0 = virtualinvoke $r0.<java.net.HttpURLConnection: int getResponseCode()>()	timediff:127
I/System.out( 2008): body:<com.facebook.r: java.util.List a(java.net.HttpURLConnection,com.facebook.q)>	sig:$r3 = virtualinvoke $r0.<java.net.HttpURLConnection: java.io.InputStream getInputStream()>()	timediff:1
I/System.out( 2008): body:<empirical.HelperClass: void printURLInfo(java.lang.String,java.lang.String,java.net.URLConnection)>	sig:$r0 = virtualinvoke urlConnection.<java.net.URLConnection: java.net.URL getURL()>()	timediff:0
I/System.out( 2008): body:<empirical.HelperClass: void printURLInfo(java.lang.String,java.lang.String,java.net.URLConnection)>	sig:urlString = virtualinvoke $r0.<java.net.URL: java.lang.String toString()>()	timediff:0
I/System.out( 2008): body:<empirical.HelperClass: void printURLInfo(java.lang.String,java.lang.String,java.net.URLConnection)>	sig:isDoOutput = virtualinvoke urlConnection.<java.net.URLConnection: boolean getDoOutput()>()	timediff:0
I/System.out( 2008): body:<empirical.HelperClass: java.lang.String getHeaderField(java.net.URLConnection,java.lang.String)>	sig:data = virtualinvoke conn.<java.net.URLConnection: java.lang.String getHeaderField(java.lang.String)>(field)	timediff:0
I/System.out( 2008): body:<empirical.HelperClass: java.lang.String getHeaderField(java.net.URLConnection,java.lang.String)>	sig:data = virtualinvoke conn.<java.net.URLConnection: java.lang.String getHeaderField(java.lang.String)>(field)	timediff:0
I/System.out( 2008): body:<empirical.HelperClass: java.lang.String getHeaderField(java.net.URLConnection,java.lang.String)>	sig:data = virtualinvoke conn.<java.net.URLConnection: java.lang.String getHeaderField(java.lang.String)>(field)	timediff:0
I/System.out( 2008): body:<empirical.HelperClass: java.lang.String getHeaderField(java.net.URLConnection,java.lang.String)>	sig:data = virtualinvoke conn.<java.net.URLConnection: java.lang.String getHeaderField(java.lang.String)>(field)	timediff:0
I/System.out( 2008): body:<empirical.HelperClass: java.lang.String getHeaderField(java.net.URLConnection,java.lang.String)>	sig:data = virtualinvoke conn.<java.net.URLConnection: java.lang.String getHeaderField(java.lang.String)>(field)	timediff:0
I/System.out( 2008): URLConn;%;0;%;<com.facebook.r: java.util.List a(java.net.HttpURLConnection,com.facebook.q)>;%;$r3 = virtualinvoke $r0.<java.net.HttpURLConnection: java.io.InputStream getInputStream()>();%;https://graph.facebook.com/v2.7/628197333983380?fields=supports_implicit_sdk_logging%2Cgdpv4_nux_content%2Cgdpv4_nux_enabled%2Cgdpv4_chrome_custom_tabs_enabled%2Candroid_dialog_configs%2Candroid_sdk_error_categories%2Capp_events_session_timeout&format=json&sdk=android;%;false;%;Not found;%;private, no-cache, no-store, must-revalidate;%;Sat, 01 Jan 2000 00:00:00 GMT;%;Not found;%;Not found
I/System.out( 2008): body:<com.facebook.r: java.util.List a(java.net.HttpURLConnection,java.util.List,java.lang.Object)>	sig:$i2 = virtualinvoke $r0.<java.net.HttpURLConnection: int getResponseCode()>()	timediff:0
I/System.out( 2008): body:<com.facebook.b.w: void a(java.net.URLConnection)>	sig:virtualinvoke $r1.<java.net.HttpURLConnection: void disconnect()>()	timediff:0
I/System.out( 2008): body:<com.facebook.b.w: void a(java.net.URLConnection)>	sig:virtualinvoke $r1.<java.net.HttpURLConnection: void disconnect()>()	timediff:0
E/dalvikvm( 2008): Could not find class 'android.graphics.drawable.RippleDrawable', referenced from method android.support.v7.widget.p.a
W/dalvikvm( 2008): VFY: unable to resolve instanceof 185 (Landroid/graphics/drawable/RippleDrawable;) in Landroid/support/v7/widget/p;
D/dalvikvm( 2008): VFY: replacing opcode 0x20 at 0x000c
I/System.out( 2008): body:<com.lidroid.xutils.http.client.util.URIBuilder: void <init>(java.lang.String)>	sig:specialinvoke $r2.<java.net.URI: void <init>(java.lang.String)>($r1)	timediff:0
I/System.out( 2008): body:<com.lidroid.xutils.http.client.util.URIBuilder: void digestURI(java.net.URI)>	sig:$r2 = virtualinvoke $r1.<java.net.URI: java.lang.String getScheme()>()	timediff:0
I/System.out( 2008): body:<com.lidroid.xutils.http.client.util.URIBuilder: void digestURI(java.net.URI)>	sig:$r2 = virtualinvoke $r1.<java.net.URI: java.lang.String getRawSchemeSpecificPart()>()	timediff:0
I/System.out( 2008): body:<com.lidroid.xutils.http.client.util.URIBuilder: void digestURI(java.net.URI)>	sig:$r2 = virtualinvoke $r1.<java.net.URI: java.lang.String getRawAuthority()>()	timediff:0
I/System.out( 2008): body:<com.lidroid.xutils.http.client.util.URIBuilder: void digestURI(java.net.URI)>	sig:$r2 = virtualinvoke $r1.<java.net.URI: java.lang.String getHost()>()	timediff:0
I/System.out( 2008): body:<com.lidroid.xutils.http.client.util.URIBuilder: void digestURI(java.net.URI)>	sig:$i0 = virtualinvoke $r1.<java.net.URI: int getPort()>()	timediff:0
I/System.out( 2008): body:<com.lidroid.xutils.http.client.util.URIBuilder: void digestURI(java.net.URI)>	sig:$r2 = virtualinvoke $r1.<java.net.URI: java.lang.String getRawUserInfo()>()	timediff:0
I/System.out( 2008): body:<com.lidroid.xutils.http.client.util.URIBuilder: void digestURI(java.net.URI)>	sig:$r2 = virtualinvoke $r1.<java.net.URI: java.lang.String getUserInfo()>()	timediff:0
I/System.out( 2008): body:<com.lidroid.xutils.http.client.util.URIBuilder: void digestURI(java.net.URI)>	sig:$r2 = virtualinvoke $r1.<java.net.URI: java.lang.String getRawPath()>()	timediff:0
I/System.out( 2008): body:<com.lidroid.xutils.http.client.util.URIBuilder: void digestURI(java.net.URI)>	sig:$r2 = virtualinvoke $r1.<java.net.URI: java.lang.String getPath()>()	timediff:0
I/System.out( 2008): body:<com.lidroid.xutils.http.client.util.URIBuilder: void digestURI(java.net.URI)>	sig:$r2 = virtualinvoke $r1.<java.net.URI: java.lang.String getRawQuery()>()	timediff:0
I/System.out( 2008): body:<com.lidroid.xutils.http.client.util.URIBuilder: void digestURI(java.net.URI)>	sig:$r2 = virtualinvoke $r1.<java.net.URI: java.lang.String getRawQuery()>()	timediff:0
I/System.out( 2008): body:<com.lidroid.xutils.http.client.util.URIBuilder: void digestURI(java.net.URI)>	sig:$r2 = virtualinvoke $r1.<java.net.URI: java.lang.String getRawFragment()>()	timediff:0
I/System.out( 2008): body:<com.lidroid.xutils.http.client.util.URIBuilder: void digestURI(java.net.URI)>	sig:$r2 = virtualinvoke $r1.<java.net.URI: java.lang.String getFragment()>()	timediff:0
E/memtrack( 2007): Couldn't load memtrack module (No such file or directory)
I/System.out( 2008): body:<com.lidroid.xutils.http.client.util.URIBuilder: java.net.URI build(java.nio.charset.Charset)>	sig:specialinvoke $r2.<java.net.URI: void <init>(java.lang.String)>($r3)	timediff:0
I/System.out( 2008): body:<com.lidroid.xutils.http.HttpHandler: java.lang.Void doInBackground(java.lang.Object[])>	sig:$r4 = virtualinvoke $r8.<java.net.URI: java.lang.String toString()>()	timediff:0
E/android.os.Debug( 2007): failed to load memtrack module: -2
I/System.out( 2008): body:<com.lidroid.xutils.http.client.util.URIBuilder: java.net.URI build(java.nio.charset.Charset)>	sig:specialinvoke $r2.<java.net.URI: void <init>(java.lang.String)>($r3)	timediff:0
I/System.out( 2008): body:<com.lidroid.xutils.http.client.util.URIBuilder: java.net.URI build(java.nio.charset.Charset)>	sig:specialinvoke $r2.<java.net.URI: void <init>(java.lang.String)>($r3)	timediff:0
I/System.out( 2008): body:<com.lidroid.xutils.http.client.util.URIBuilder: void <init>(java.lang.String)>	sig:specialinvoke $r2.<java.net.URI: void <init>(java.lang.String)>($r1)	timediff:0
I/System.out( 2008): body:<com.lidroid.xutils.http.client.util.URIBuilder: void digestURI(java.net.URI)>	sig:$r2 = virtualinvoke $r1.<java.net.URI: java.lang.String getScheme()>()	timediff:0
I/System.out( 2008): body:<com.lidroid.xutils.http.client.util.URIBuilder: void digestURI(java.net.URI)>	sig:$r2 = virtualinvoke $r1.<java.net.URI: java.lang.String getRawSchemeSpecificPart()>()	timediff:0
I/System.out( 2008): body:<com.lidroid.xutils.http.client.util.URIBuilder: void digestURI(java.net.URI)>	sig:$r2 = virtualinvoke $r1.<java.net.URI: java.lang.String getRawAuthority()>()	timediff:0
I/System.out( 2008): body:<com.lidroid.xutils.http.client.util.URIBuilder: void digestURI(java.net.URI)>	sig:$r2 = virtualinvoke $r1.<java.net.URI: java.lang.String getHost()>()	timediff:0
I/System.out( 2008): body:<com.lidroid.xutils.http.client.util.URIBuilder: void digestURI(java.net.URI)>	sig:$i0 = virtualinvoke $r1.<java.net.URI: int getPort()>()	timediff:0
I/System.out( 2008): body:<com.lidroid.xutils.http.client.util.URIBuilder: void digestURI(java.net.URI)>	sig:$r2 = virtualinvoke $r1.<java.net.URI: java.lang.String getRawUserInfo()>()	timediff:0
I/System.out( 2008): body:<com.lidroid.xutils.http.client.util.URIBuilder: void digestURI(java.net.URI)>	sig:$r2 = virtualinvoke $r1.<java.net.URI: java.lang.String getUserInfo()>()	timediff:0
I/System.out( 2008): body:<com.lidroid.xutils.http.client.util.URIBuilder: void digestURI(java.net.URI)>	sig:$r2 = virtualinvoke $r1.<java.net.URI: java.lang.String getRawPath()>()	timediff:0
I/System.out( 2008): body:<com.lidroid.xutils.http.client.util.URIBuilder: void digestURI(java.net.URI)>	sig:$r2 = virtualinvoke $r1.<java.net.URI: java.lang.String getPath()>()	timediff:0
I/System.out( 2008): body:<com.lidroid.xutils.http.client.util.URIBuilder: void digestURI(java.net.URI)>	sig:$r2 = virtualinvoke $r1.<java.net.URI: java.lang.String getRawQuery()>()	timediff:0
I/System.out( 2008): body:<com.lidroid.xutils.http.client.util.URIBuilder: void digestURI(java.net.URI)>	sig:$r2 = virtualinvoke $r1.<java.net.URI: java.lang.String getRawQuery()>()	timediff:0
I/System.out( 2008): body:<com.lidroid.xutils.http.client.util.URIBuilder: void digestURI(java.net.URI)>	sig:$r2 = virtualinvoke $r1.<java.net.URI: java.lang.String getRawFragment()>()	timediff:0
I/System.out( 2008): body:<com.lidroid.xutils.http.client.util.URIBuilder: void digestURI(java.net.URI)>	sig:$r2 = virtualinvoke $r1.<java.net.URI: java.lang.String getFragment()>()	timediff:0
I/System.out( 2008): body:<com.lidroid.xutils.http.client.util.URIBuilder: java.net.URI build(java.nio.charset.Charset)>	sig:specialinvoke $r2.<java.net.URI: void <init>(java.lang.String)>($r3)	timediff:0
I/System.out( 2008): body:<com.lidroid.xutils.http.HttpHandler: java.lang.Void doInBackground(java.lang.Object[])>	sig:$r4 = virtualinvoke $r8.<java.net.URI: java.lang.String toString()>()	timediff:0
I/System.out( 2008): body:<com.lidroid.xutils.http.client.util.URIBuilder: void <init>(java.lang.String)>	sig:specialinvoke $r2.<java.net.URI: void <init>(java.lang.String)>($r1)	timediff:0
I/System.out( 2008): body:<com.lidroid.xutils.http.client.util.URIBuilder: void digestURI(java.net.URI)>	sig:$r2 = virtualinvoke $r1.<java.net.URI: java.lang.String getScheme()>()	timediff:0
I/System.out( 2008): body:<com.lidroid.xutils.http.client.util.URIBuilder: void digestURI(java.net.URI)>	sig:$r2 = virtualinvoke $r1.<java.net.URI: java.lang.String getRawSchemeSpecificPart()>()	timediff:0
I/System.out( 2008): body:<com.lidroid.xutils.http.client.util.URIBuilder: void digestURI(java.net.URI)>	sig:$r2 = virtualinvoke $r1.<java.net.URI: java.lang.String getRawAuthority()>()	timediff:0
I/System.out( 2008): body:<com.lidroid.xutils.http.client.util.URIBuilder: void digestURI(java.net.URI)>	sig:$r2 = virtualinvoke $r1.<java.net.URI: java.lang.String getHost()>()	timediff:0
I/System.out( 2008): body:<com.lidroid.xutils.http.client.util.URIBuilder: void digestURI(java.net.URI)>	sig:$i0 = virtualinvoke $r1.<java.net.URI: int getPort()>()	timediff:0
I/System.out( 2008): body:<com.lidroid.xutils.http.client.util.URIBuilder: void digestURI(java.net.URI)>	sig:$r2 = virtualinvoke $r1.<java.net.URI: java.lang.String getRawUserInfo()>()	timediff:0
I/System.out( 2008): body:<com.lidroid.xutils.http.client.util.URIBuilder: void digestURI(java.net.URI)>	sig:$r2 = virtualinvoke $r1.<java.net.URI: java.lang.String getUserInfo()>()	timediff:0
I/System.out( 2008): body:<com.lidroid.xutils.http.client.util.URIBuilder: void digestURI(java.net.URI)>	sig:$r2 = virtualinvoke $r1.<java.net.URI: java.lang.String getRawPath()>()	timediff:0
I/System.out( 2008): body:<com.lidroid.xutils.http.client.util.URIBuilder: void digestURI(java.net.URI)>	sig:$r2 = virtualinvoke $r1.<java.net.URI: java.lang.String getPath()>()	timediff:0
I/System.out( 2008): body:<com.lidroid.xutils.http.client.util.URIBuilder: void digestURI(java.net.URI)>	sig:$r2 = virtualinvoke $r1.<java.net.URI: java.lang.String getRawQuery()>()	timediff:0
I/System.out( 2008): body:<com.lidroid.xutils.http.client.util.URIBuilder: void digestURI(java.net.URI)>	sig:$r2 = virtualinvoke $r1.<java.net.URI: java.lang.String getRawQuery()>()	timediff:0
I/System.out( 2008): body:<com.lidroid.xutils.http.client.util.URIBuilder: void digestURI(java.net.URI)>	sig:$r2 = virtualinvoke $r1.<java.net.URI: java.lang.String getRawFragment()>()	timediff:0
I/System.out( 2008): body:<com.lidroid.xutils.http.client.util.URIBuilder: void digestURI(java.net.URI)>	sig:$r2 = virtualinvoke $r1.<java.net.URI: java.lang.String getFragment()>()	timediff:0
I/System.out( 2008): body:<com.lidroid.xutils.http.client.util.URIBuilder: java.net.URI build(java.nio.charset.Charset)>	sig:specialinvoke $r2.<java.net.URI: void <init>(java.lang.String)>($r3)	timediff:0
I/System.out( 2008): body:<com.lidroid.xutils.http.client.util.URIBuilder: java.net.URI build(java.nio.charset.Charset)>	sig:specialinvoke $r2.<java.net.URI: void <init>(java.lang.String)>($r3)	timediff:0
I/System.out( 2008): body:<com.lidroid.xutils.http.client.util.URIBuilder: java.net.URI build(java.nio.charset.Charset)>	sig:specialinvoke $r2.<java.net.URI: void <init>(java.lang.String)>($r3)	timediff:0
I/System.out( 2008): body:<com.lidroid.xutils.http.HttpHandler: java.lang.Void doInBackground(java.lang.Object[])>	sig:$r4 = virtualinvoke $r8.<java.net.URI: java.lang.String toString()>()	timediff:0
I/System.out( 2008): body:<com.lidroid.xutils.http.client.util.URIBuilder: java.net.URI build(java.nio.charset.Charset)>	sig:specialinvoke $r2.<java.net.URI: void <init>(java.lang.String)>($r3)	timediff:0
I/System.out( 2008): body:<com.lidroid.xutils.http.client.util.URIBuilder: java.net.URI build(java.nio.charset.Charset)>	sig:specialinvoke $r2.<java.net.URI: void <init>(java.lang.String)>($r3)	timediff:1
I/System.out( 2008): body:<com.lidroid.xutils.http.client.util.URIBuilder: void <init>(java.lang.String)>	sig:specialinvoke $r2.<java.net.URI: void <init>(java.lang.String)>($r1)	timediff:0
I/System.out( 2008): body:<com.lidroid.xutils.http.client.util.URIBuilder: void digestURI(java.net.URI)>	sig:$r2 = virtualinvoke $r1.<java.net.URI: java.lang.String getScheme()>()	timediff:0
I/System.out( 2008): body:<com.lidroid.xutils.http.client.util.URIBuilder: void digestURI(java.net.URI)>	sig:$r2 = virtualinvoke $r1.<java.net.URI: java.lang.String getRawSchemeSpecificPart()>()	timediff:0
I/System.out( 2008): body:<com.lidroid.xutils.http.client.util.URIBuilder: void digestURI(java.net.URI)>	sig:$r2 = virtualinvoke $r1.<java.net.URI: java.lang.String getRawAuthority()>()	timediff:0
I/System.out( 2008): body:<com.lidroid.xutils.http.client.util.URIBuilder: void digestURI(java.net.URI)>	sig:$r2 = virtualinvoke $r1.<java.net.URI: java.lang.String getHost()>()	timediff:0
I/System.out( 2008): body:<com.lidroid.xutils.http.client.util.URIBuilder: void digestURI(java.net.URI)>	sig:$i0 = virtualinvoke $r1.<java.net.URI: int getPort()>()	timediff:0
I/System.out( 2008): body:<com.lidroid.xutils.http.client.util.URIBuilder: void digestURI(java.net.URI)>	sig:$r2 = virtualinvoke $r1.<java.net.URI: java.lang.String getRawUserInfo()>()	timediff:0
I/System.out( 2008): body:<com.lidroid.xutils.http.client.util.URIBuilder: void digestURI(java.net.URI)>	sig:$r2 = virtualinvoke $r1.<java.net.URI: java.lang.String getUserInfo()>()	timediff:0
I/System.out( 2008): body:<com.lidroid.xutils.http.client.util.URIBuilder: void digestURI(java.net.URI)>	sig:$r2 = virtualinvoke $r1.<java.net.URI: java.lang.String getRawPath()>()	timediff:0
I/System.out( 2008): body:<com.lidroid.xutils.http.client.util.URIBuilder: void digestURI(java.net.URI)>	sig:$r2 = virtualinvoke $r1.<java.net.URI: java.lang.String getPath()>()	timediff:0
I/System.out( 2008): body:<com.lidroid.xutils.http.client.util.URIBuilder: void digestURI(java.net.URI)>	sig:$r2 = virtualinvoke $r1.<java.net.URI: java.lang.String getRawQuery()>()	timediff:0
I/System.out( 2008): body:<com.lidroid.xutils.http.client.util.URIBuilder: void digestURI(java.net.URI)>	sig:$r2 = virtualinvoke $r1.<java.net.URI: java.lang.String getRawQuery()>()	timediff:0
I/System.out( 2008): body:<com.lidroid.xutils.http.client.util.URIBuilder: void digestURI(java.net.URI)>	sig:$r2 = virtualinvoke $r1.<java.net.URI: java.lang.String getRawFragment()>()	timediff:0
I/System.out( 2008): body:<com.lidroid.xutils.http.client.util.URIBuilder: void digestURI(java.net.URI)>	sig:$r2 = virtualinvoke $r1.<java.net.URI: java.lang.String getFragment()>()	timediff:0
I/HomeWatcherReceiver( 2008): registerHomeKeyReceiver
D/AndroidRuntime( 2007): Calling main entry com.android.commands.settings.SettingsCmd
I/dalvikvm( 2008): Could not find method android.content.Context.getNoBackupFilesDir, referenced from method com.google.android.gms.common.util.zzw.getNoBackupFilesDir
W/dalvikvm( 2008): VFY: unable to resolve virtual method 400: Landroid/content/Context;.getNoBackupFilesDir ()Ljava/io/File;
D/dalvikvm( 2008): VFY: replacing opcode 0x6e at 0x0006
D/AndroidRuntime( 2007): Shutting down VM
E/cutils-trace( 2007): Error opening trace file: No such file or directory (2)
D/dalvikvm( 2007): GC_CONCURRENT freed 95K, 15% free 562K/660K, paused 1ms+0ms, total 1ms
I/RegIntentService( 2008): GCM Registration Token: fGEwLj-437c:APA91bHsIl3icwTs1Yey7xUQDOMBjEqqIaLeswyG1UtcYgLzSH-FbvEk-nb98ei2-9XIgmpnrFItwxW46enQItCKroOZrb22-zSLbLCY3dElV3gqgPxmTlz8AB0J_HGSCqAOJS3Yuy9Q
D/dalvikvm( 2008): GC_CONCURRENT freed 917K, 8% free 11329K/12300K, paused 2ms+1ms, total 8ms
D/libEGL  ( 2008): loaded /system/lib/egl/libEGL_adreno.so
D/        ( 2008): HostConnection::get() New Host Connection established 0xb7d72ec0, tid 2008
D/libEGL  ( 2008): loaded /system/lib/egl/libGLESv1_CM_adreno.so
D/libEGL  ( 2008): loaded /system/lib/egl/libGLESv2_adreno.so
I/System.out( 2008): body:<io.fabric.sdk.android.services.d.d: io.fabric.sdk.android.services.d.d m()>	sig:$r4 = virtualinvoke $r2.<java.net.HttpURLConnection: java.io.OutputStream getOutputStream()>()	timediff:292
W/EGL_emulation( 2008): eglSurfaceAttrib not implemented 3093 12436
D/OpenGLRenderer( 2008): Enabling debug mode 0
W/ContextImpl(  480): Calling a method in the system process without a qualified user: android.app.ContextImpl.sendBroadcast:1123 com.android.server.InputMethodManagerService.hideCurrentInputLocked:1880 com.android.server.InputMethodManagerService.windowGainedFocus:1968 com.android.internal.view.IInputMethodManager$Stub.onTransact:221 com.android.server.InputMethodManagerService.onTransact:818 
W/IInputConnectionWrapper(  669): showStatusIcon on inactive InputConnection
I/System.out( 2008): body:<io.fabric.sdk.android.services.d.d: int b()>	sig:$i0 = virtualinvoke $r2.<java.net.HttpURLConnection: int getResponseCode()>()	timediff:76
I/ActivityManager(  480): Displayed com.amour.chicme/.activity.SplashActivity: +634ms
I/System.out( 2008): body:<com.lidroid.xutils.http.client.util.URIBuilder: java.net.URI build(java.nio.charset.Charset)>	sig:specialinvoke $r2.<java.net.URI: void <init>(java.lang.String)>($r3)	timediff:0
I/System.out( 2008): body:<com.lidroid.xutils.http.HttpHandler: java.lang.Void doInBackground(java.lang.Object[])>	sig:$r4 = virtualinvoke $r8.<java.net.URI: java.lang.String toString()>()	timediff:0
I/System.out( 2008): body:<com.lidroid.xutils.http.client.util.URIBuilder: java.net.URI build(java.nio.charset.Charset)>	sig:specialinvoke $r2.<java.net.URI: void <init>(java.lang.String)>($r3)	timediff:0
I/System.out( 2008): body:<com.lidroid.xutils.http.client.util.URIBuilder: java.net.URI build(java.nio.charset.Charset)>	sig:specialinvoke $r2.<java.net.URI: void <init>(java.lang.String)>($r3)	timediff:0
E/cookie--->( 2008): [[version: 0][name: suid][value: 8081fdc2-e37e-4465-96a8-4f7bbba293fe][domain: www.chicme.com][path: /][expiry: null]]
E/ConfigCallBack( 2008): {"success":true,"code":200,"result":{"app-cache":"7","app-config-v":"56.0","android-app-min-v":"14","ip":"68.181.99.207","ios-app-v":"3.3.1","android-app-v":"44","ios-app-min-v":"2.0.1"}}
I/WindowManager(  480): Screen frozen for +639ms due to Window{4ab52ebc u0 Starting com.amour.chicme}
I/ActiveSessoinState( 2008): Session Resume Failed: Session is already running.
D/SessionClientState( 2008): Session Paused: 24b0a71e-20180418-175804399
V/SessionClientState( 2008): Firing Session Event: _session.pause
I/DefaultDeliveryClient( 2008): Event: 'APP_L...' recorded to local filestore
D/DefaultDeliveryClient( 2008): Time of enqueueEventForDelivery: 1
V/DefaultEventClient( 2008): Notifying deliveryClient
I/DefaultDeliveryClient( 2008): Event: '_sess...' recorded to local filestore
D/DefaultDeliveryClient( 2008): Time of enqueueEventForDelivery: 1
W/Settings( 2008): Setting airplane_mode_on has moved from android.provider.Settings.System to android.provider.Settings.Global, returning read-only value.
V/AndroidConnectivity( 2008): Airplane mode: false
I/ActivityManager(  480): START u0 {cmp=com.amour.chicme/.activity.MainActivity (has extras)} from pid 2008
E/cookie--->( 2008): [[version: 0][name: suid][value: 4634c575-92ca-431c-abd7-9a59f9e78262][domain: www.chicme.com][path: /][expiry: null]]
V/AndroidConnectivity( 2008): Device Connectivity (On Wifi)
E/ShareMessage( 2008): {"success":true,"code":200,"result":[{"id":"RE001","title":"wishlistShareMsg","discription":"Hey I am shopping at Chic Me, check out my wishlist here and help me to select which all you like it for me, as there are many variants to select, your suggestions help me!!","shareUrl":"","imageUrl":null,"isEnabled":true},{"id":"RE002","title":"Join me at Chic me","discription":"Hey I'm shopping on Chic me right now. The prices are so amazingly low. If you sign up for the app they'll give you a coupon for Extra 10% off!","shareUrl":"/msite/page/download","imageUrl":"http://image.chic-fusion.com/shareMessage/1r4l5z413e9G3I7l3Z0K9A511c","isEnabled":true},{"id":"RE003","title":"Chic Me's new Street Style collection is here!","discription":"You guys have GOT to check out the new collection from Chic Me. Its the best! Get Extra 10% off your order if youre a first-time customer","shareUrl":"/w-site/anon/collections?utm_source=Facebook","imageUrl":"","isEnabled":true},{"id":"RE004","title":"Chic Me's new Street Style collection is here!","discription":"Chic Me has got you guys covered on all of your fashion needs. Check out the new {0} collection! If youre a first-time customer you get Extra 10% off your order.","shareUrl":"/w-site/anon/collection/products?collectionId={0}&utm_source=Facebook","imageUrl":"","isEnabled":true},{"id":"RE005","title":"Play Shake-Shake to win big","discription":"Hey, I won a coupon in the Chic Me app, can't wait to tell you that thepriceshere aresoamazingly low.If you sign up for the app they'll give you a coupon for Extra 10% off!","shareUrl":"/msite/page/download?utm_source=Facebook","imageUrl":"http://image.chic-fusion.com/shareMessage/1L415E4c4q1t9c7o0b2J8A0T5S","isEnabled":true},{"id":"RE006","title":"","discription":"","shareUrl":"/p/{0}","imageUrl":"","isEnabled":true},{"id":"RE007","title":"","discription":"","shareUrl":"/s/{0}","imageUrl":"","isEnabled":true},{"id":"RE008","title":"","discription":"","shareUrl":"/pc/{0}/get-by-store-id","imageUrl":"","isEnabled":true}]}
I/HomeWatcherReceiver( 2008): unregisterHomeKeyReceiver
E/cookie--->( 2008): [[version: 0][name: suid][value: 4634c575-92ca-431c-abd7-9a59f9e78262][domain: www.chicme.com][path: /][expiry: null]]
E/AllMsg  ( 2008): {"success":true,"code":200,"result":[]}
D/CognitoCachingCredentialsProvider( 2008): Loading credentials from SharedPreferences
D/CognitoCachingCredentialsProvider( 2008): No valid credentials found in SharedPreferences
I/System.out( 2008): body:<com.amazonaws.AmazonWebServiceClient: com.amazonaws.auth.Signer a(java.net.URI,java.lang.String,boolean)>	sig:$r5 = virtualinvoke $r1.<java.net.URI: java.lang.String getHost()>()	timediff:0
I/System.out( 2008): body:<com.amazonaws.http.HttpRequestFactory: com.amazonaws.http.HttpRequest a(com.amazonaws.Request,com.amazonaws.ClientConfiguration,com.amazonaws.http.ExecutionContext)>	sig:$r6 = virtualinvoke $r5.<java.net.URI: java.lang.String toString()>()	timediff:0
I/System.out( 2008): body:<com.amazonaws.util.HttpUtils: java.lang.String a(java.lang.String,boolean)>	sig:$r0 = staticinvoke <java.net.URLEncoder: java.lang.String encode(java.lang.String,java.lang.String)>($r0, "UTF-8")	timediff:0
I/System.out( 2008): body:<com.amazonaws.http.HttpRequestFactory: void a(java.util.Map,com.amazonaws.Request,com.amazonaws.http.ExecutionContext,com.amazonaws.ClientConfiguration)>	sig:$r7 = virtualinvoke $r6.<java.net.URI: java.lang.String getHost()>()	timediff:0
I/System.out( 2008): body:<com.amazonaws.util.HttpUtils: boolean a(java.net.URI)>	sig:$r1 = virtualinvoke $r0.<java.net.URI: java.lang.String getScheme()>()	timediff:0
I/System.out( 2008): body:<com.amazonaws.util.HttpUtils: boolean a(java.net.URI)>	sig:$i0 = virtualinvoke $r0.<java.net.URI: int getPort()>()	timediff:0
I/System.out( 2008): body:<com.amazonaws.http.HttpRequestFactory: com.amazonaws.http.HttpRequest a(com.amazonaws.Request,com.amazonaws.ClientConfiguration,com.amazonaws.http.ExecutionContext)>	sig:$r5 = staticinvoke <java.net.URI: java.net.URI create(java.lang.String)>($r7)	timediff:0
I/System.out( 2008): body:<com.amazonaws.http.UrlHttpClient: com.amazonaws.http.HttpResponse a(com.amazonaws.http.HttpRequest)>	sig:$r4 = virtualinvoke $r3.<java.net.URI: java.net.URL toURL()>()	timediff:0
I/System.out( 2008): body:<com.amazonaws.http.UrlHttpClient: com.amazonaws.http.HttpResponse a(com.amazonaws.http.HttpRequest)>	sig:$r5 = virtualinvoke $r4.<java.net.URL: java.net.URLConnection openConnection()>()	timediff:1
I/System.out( 2008): body:<com.amazonaws.http.UrlHttpClient: void b(com.amazonaws.http.HttpRequest,java.net.HttpURLConnection)>	sig:virtualinvoke $r2.<java.net.HttpURLConnection: void setConnectTimeout(int)>($i0)	timediff:0
I/System.out( 2008): body:<com.amazonaws.http.UrlHttpClient: void b(com.amazonaws.http.HttpRequest,java.net.HttpURLConnection)>	sig:virtualinvoke $r2.<java.net.HttpURLConnection: void setReadTimeout(int)>($i0)	timediff:0
I/System.out( 2008): body:<com.amazonaws.http.UrlHttpClient: void b(com.amazonaws.http.HttpRequest,java.net.HttpURLConnection)>	sig:virtualinvoke $r2.<java.net.HttpURLConnection: void setInstanceFollowRedirects(boolean)>(0)	timediff:0
I/System.out( 2008): body:<com.amazonaws.http.UrlHttpClient: void b(com.amazonaws.http.HttpRequest,java.net.HttpURLConnection)>	sig:virtualinvoke $r2.<java.net.HttpURLConnection: void setUseCaches(boolean)>(0)	timediff:0
I/System.out( 2008): body:<com.amazonaws.http.UrlHttpClient: java.net.HttpURLConnection b(com.amazonaws.http.HttpRequest,java.net.HttpURLConnection,com.amazonaws.http.UrlHttpClient$CurlBuilder)>	sig:virtualinvoke $r2.<java.net.HttpURLConnection: void setRequestProperty(java.lang.String,java.lang.String)>($r9, $r10)	timediff:0
I/System.out( 2008): body:<com.amazonaws.http.UrlHttpClient: java.net.HttpURLConnection b(com.amazonaws.http.HttpRequest,java.net.HttpURLConnection,com.amazonaws.http.UrlHttpClient$CurlBuilder)>	sig:virtualinvoke $r2.<java.net.HttpURLConnection: void setRequestProperty(java.lang.String,java.lang.String)>($r9, $r10)	timediff:0
I/System.out( 2008): body:<com.amazonaws.http.UrlHttpClient: java.net.HttpURLConnection b(com.amazonaws.http.HttpRequest,java.net.HttpURLConnection,com.amazonaws.http.UrlHttpClient$CurlBuilder)>	sig:virtualinvoke $r2.<java.net.HttpURLConnection: void setRequestProperty(java.lang.String,java.lang.String)>($r9, $r10)	timediff:0
I/System.out( 2008): body:<com.amazonaws.http.UrlHttpClient: java.net.HttpURLConnection b(com.amazonaws.http.HttpRequest,java.net.HttpURLConnection,com.amazonaws.http.UrlHttpClient$CurlBuilder)>	sig:virtualinvoke $r2.<java.net.HttpURLConnection: void setRequestProperty(java.lang.String,java.lang.String)>($r9, $r10)	timediff:0
I/System.out( 2008): body:<com.amazonaws.http.UrlHttpClient: java.net.HttpURLConnection b(com.amazonaws.http.HttpRequest,java.net.HttpURLConnection,com.amazonaws.http.UrlHttpClient$CurlBuilder)>	sig:virtualinvoke $r2.<java.net.HttpURLConnection: void setRequestProperty(java.lang.String,java.lang.String)>($r9, $r10)	timediff:0
I/System.out( 2008): body:<com.amazonaws.http.UrlHttpClient: java.net.HttpURLConnection b(com.amazonaws.http.HttpRequest,java.net.HttpURLConnection,com.amazonaws.http.UrlHttpClient$CurlBuilder)>	sig:virtualinvoke $r2.<java.net.HttpURLConnection: void setRequestProperty(java.lang.String,java.lang.String)>($r9, $r10)	timediff:0
I/System.out( 2008): body:<com.amazonaws.http.UrlHttpClient: java.net.HttpURLConnection b(com.amazonaws.http.HttpRequest,java.net.HttpURLConnection,com.amazonaws.http.UrlHttpClient$CurlBuilder)>	sig:virtualinvoke $r2.<java.net.HttpURLConnection: void setRequestMethod(java.lang.String)>($r10)	timediff:0
I/System.out( 2008): body:<com.amazonaws.http.UrlHttpClient: void a(com.amazonaws.http.HttpRequest,java.net.HttpURLConnection,com.amazonaws.http.UrlHttpClient$CurlBuilder)>	sig:virtualinvoke $r2.<java.net.HttpURLConnection: void setDoOutput(boolean)>(1)	timediff:0
I/System.out( 2008): body:<com.amazonaws.http.UrlHttpClient: void a(com.amazonaws.http.HttpRequest,java.net.HttpURLConnection,com.amazonaws.http.UrlHttpClient$CurlBuilder)>	sig:virtualinvoke $r2.<java.net.HttpURLConnection: void setFixedLengthStreamingMode(int)>($i2)	timediff:0
I/dalvikvm( 2008): Could not find method android.content.Context.getColorStateList, referenced from method android.support.v7.c.a.b.a
W/dalvikvm( 2008): VFY: unable to resolve virtual method 389: Landroid/content/Context;.getColorStateList (I)Landroid/content/res/ColorStateList;
D/dalvikvm( 2008): VFY: replacing opcode 0x6e at 0x0006
D/dalvikvm( 2008): GC_CONCURRENT freed 1755K, 13% free 12338K/14152K, paused 0ms+0ms, total 5ms
I/dalvikvm( 2008): Could not find method android.content.pm.PackageManager.getActivityBanner, referenced from method com.google.ads.conversiontracking.a$b.getActivityBanner
W/dalvikvm( 2008): VFY: unable to resolve virtual method 551: Landroid/content/pm/PackageManager;.getActivityBanner (Landroid/content/ComponentName;)Landroid/graphics/drawable/Drawable;
D/dalvikvm( 2008): VFY: replacing opcode 0x6e at 0x0002
I/dalvikvm( 2008): Could not find method android.content.pm.PackageManager.getActivityBanner, referenced from method com.google.ads.conversiontracking.a$b.getActivityBanner
W/dalvikvm( 2008): VFY: unable to resolve virtual method 552: Landroid/content/pm/PackageManager;.getActivityBanner (Landroid/content/Intent;)Landroid/graphics/drawable/Drawable;
D/dalvikvm( 2008): VFY: replacing opcode 0x6e at 0x0002
I/HomeWatcherReceiver( 2008): registerHomeKeyReceiver
I/dalvikvm( 2008): Could not find method android.content.pm.PackageManager.getApplicationBanner, referenced from method com.google.ads.conversiontracking.a$b.getApplicationBanner
W/dalvikvm( 2008): VFY: unable to resolve virtual method 559: Landroid/content/pm/PackageManager;.getApplicationBanner (Landroid/content/pm/ApplicationInfo;)Landroid/graphics/drawable/Drawable;
D/dalvikvm( 2008): VFY: replacing opcode 0x6e at 0x0002
I/dalvikvm( 2008): Could not find method android.content.pm.PackageManager.getApplicationBanner, referenced from method com.google.ads.conversiontracking.a$b.getApplicationBanner
W/dalvikvm( 2008): VFY: unable to resolve virtual method 560: Landroid/content/pm/PackageManager;.getApplicationBanner (Ljava/lang/String;)Landroid/graphics/drawable/Drawable;
D/dalvikvm( 2008): VFY: replacing opcode 0x6e at 0x0002
I/dalvikvm( 2008): Could not find method android.content.pm.PackageManager.getLeanbackLaunchIntentForPackage, referenced from method com.google.ads.conversiontracking.a$b.getLeanbackLaunchIntentForPackage
W/dalvikvm( 2008): VFY: unable to resolve virtual method 576: Landroid/content/pm/PackageManager;.getLeanbackLaunchIntentForPackage (Ljava/lang/String;)Landroid/content/Intent;
D/dalvikvm( 2008): VFY: replacing opcode 0x6e at 0x0002
I/dalvikvm( 2008): Could not find method android.content.pm.PackageManager.getPackageInstaller, referenced from method com.google.ads.conversiontracking.a$b.getPackageInstaller
W/dalvikvm( 2008): VFY: unable to resolve virtual method 580: Landroid/content/pm/PackageManager;.getPackageInstaller ()Landroid/content/pm/PackageInstaller;
D/dalvikvm( 2008): VFY: replacing opcode 0x6e at 0x0002
I/dalvikvm( 2008): Could not find method android.content.pm.PackageManager.getUserBadgedDrawableForDensity, referenced from method com.google.ads.conversiontracking.a$b.getUserBadgedDrawableForDensity
W/dalvikvm( 2008): VFY: unable to resolve virtual method 596: Landroid/content/pm/PackageManager;.getUserBadgedDrawableForDensity (Landroid/graphics/drawable/Drawable;Landroid/os/UserHandle;Landroid/graphics/Rect;I)Landroid/graphics/drawable/Drawable;
D/dalvikvm( 2008): VFY: replacing opcode 0x6e at 0x0002
I/dalvikvm( 2008): Could not find method android.content.pm.PackageManager.getUserBadgedIcon, referenced from method com.google.ads.conversiontracking.a$b.getUserBadgedIcon
W/dalvikvm( 2008): VFY: unable to resolve virtual method 597: Landroid/content/pm/PackageManager;.getUserBadgedIcon (Landroid/graphics/drawable/Drawable;Landroid/os/UserHandle;)Landroid/graphics/drawable/Drawable;
D/dalvikvm( 2008): VFY: replacing opcode 0x6e at 0x0002
I/dalvikvm( 2008): Could not find method android.content.pm.PackageManager.getUserBadgedLabel, referenced from method com.google.ads.conversiontracking.a$b.getUserBadgedLabel
W/dalvikvm( 2008): VFY: unable to resolve virtual method 598: Landroid/content/pm/PackageManager;.getUserBadgedLabel (Ljava/lang/CharSequence;Landroid/os/UserHandle;)Ljava/lang/CharSequence;
D/dalvikvm( 2008): VFY: replacing opcode 0x6e at 0x0002
I/System.out( 2008): body:<com.lidroid.xutils.http.client.util.URIBuilder: void <init>(java.lang.String)>	sig:specialinvoke $r2.<java.net.URI: void <init>(java.lang.String)>($r1)	timediff:0
I/System.out( 2008): body:<com.lidroid.xutils.http.client.util.URIBuilder: void digestURI(java.net.URI)>	sig:$r2 = virtualinvoke $r1.<java.net.URI: java.lang.String getScheme()>()	timediff:0
I/System.out( 2008): body:<com.lidroid.xutils.http.client.util.URIBuilder: void digestURI(java.net.URI)>	sig:$r2 = virtualinvoke $r1.<java.net.URI: java.lang.String getRawSchemeSpecificPart()>()	timediff:0
I/System.out( 2008): body:<com.lidroid.xutils.http.client.util.URIBuilder: void digestURI(java.net.URI)>	sig:$r2 = virtualinvoke $r1.<java.net.URI: java.lang.String getRawAuthority()>()	timediff:0
I/System.out( 2008): body:<com.lidroid.xutils.http.client.util.URIBuilder: void digestURI(java.net.URI)>	sig:$r2 = virtualinvoke $r1.<java.net.URI: java.lang.String getHost()>()	timediff:0
I/System.out( 2008): body:<com.lidroid.xutils.http.client.util.URIBuilder: void digestURI(java.net.URI)>	sig:$i0 = virtualinvoke $r1.<java.net.URI: int getPort()>()	timediff:0
I/System.out( 2008): body:<com.lidroid.xutils.http.client.util.URIBuilder: void digestURI(java.net.URI)>	sig:$r2 = virtualinvoke $r1.<java.net.URI: java.lang.String getRawUserInfo()>()	timediff:0
I/System.out( 2008): body:<com.lidroid.xutils.http.client.util.URIBuilder: void digestURI(java.net.URI)>	sig:$r2 = virtualinvoke $r1.<java.net.URI: java.lang.String getUserInfo()>()	timediff:0
I/System.out( 2008): body:<com.lidroid.xutils.http.client.util.URIBuilder: void digestURI(java.net.URI)>	sig:$r2 = virtualinvoke $r1.<java.net.URI: java.lang.String getRawPath()>()	timediff:0
I/System.out( 2008): body:<com.lidroid.xutils.http.client.util.URIBuilder: void digestURI(java.net.URI)>	sig:$r2 = virtualinvoke $r1.<java.net.URI: java.lang.String getPath()>()	timediff:0
I/System.out( 2008): body:<com.lidroid.xutils.http.client.util.URIBuilder: void digestURI(java.net.URI)>	sig:$r2 = virtualinvoke $r1.<java.net.URI: java.lang.String getRawQuery()>()	timediff:0
I/System.out( 2008): body:<com.lidroid.xutils.http.client.util.URIBuilder: void digestURI(java.net.URI)>	sig:$r2 = virtualinvoke $r1.<java.net.URI: java.lang.String getRawQuery()>()	timediff:0
I/System.out( 2008): body:<com.lidroid.xutils.http.client.util.URIBuilder: void digestURI(java.net.URI)>	sig:$r2 = virtualinvoke $r1.<java.net.URI: java.lang.String getRawFragment()>()	timediff:0
I/System.out( 2008): body:<com.lidroid.xutils.http.client.util.URIBuilder: void digestURI(java.net.URI)>	sig:$r2 = virtualinvoke $r1.<java.net.URI: java.lang.String getFragment()>()	timediff:0
I/System.out( 2008): body:<com.lidroid.xutils.http.client.util.URIBuilder: java.net.URI build(java.nio.charset.Charset)>	sig:specialinvoke $r2.<java.net.URI: void <init>(java.lang.String)>($r3)	timediff:0
I/System.out( 2008): body:<com.lidroid.xutils.http.HttpHandler: java.lang.Void doInBackground(java.lang.Object[])>	sig:$r4 = virtualinvoke $r8.<java.net.URI: java.lang.String toString()>()	timediff:0
I/System.out( 2008): body:<com.lidroid.xutils.http.client.util.URIBuilder: java.net.URI build(java.nio.charset.Charset)>	sig:specialinvoke $r2.<java.net.URI: void <init>(java.lang.String)>($r3)	timediff:0
I/System.out( 2008): body:<com.lidroid.xutils.http.client.util.URIBuilder: java.net.URI build(java.nio.charset.Charset)>	sig:specialinvoke $r2.<java.net.URI: void <init>(java.lang.String)>($r3)	timediff:0
I/System.out( 2008): body:<com.lidroid.xutils.http.client.util.URIBuilder: void <init>(java.lang.String)>	sig:specialinvoke $r2.<java.net.URI: void <init>(java.lang.String)>($r1)	timediff:0
I/System.out( 2008): body:<com.lidroid.xutils.http.client.util.URIBuilder: void digestURI(java.net.URI)>	sig:$r2 = virtualinvoke $r1.<java.net.URI: java.lang.String getScheme()>()	timediff:0
I/System.out( 2008): body:<com.lidroid.xutils.http.client.util.URIBuilder: void digestURI(java.net.URI)>	sig:$r2 = virtualinvoke $r1.<java.net.URI: java.lang.String getRawSchemeSpecificPart()>()	timediff:0
I/System.out( 2008): body:<com.lidroid.xutils.http.client.util.URIBuilder: void digestURI(java.net.URI)>	sig:$r2 = virtualinvoke $r1.<java.net.URI: java.lang.String getRawAuthority()>()	timediff:0
I/System.out( 2008): body:<com.lidroid.xutils.http.client.util.URIBuilder: void digestURI(java.net.URI)>	sig:$r2 = virtualinvoke $r1.<java.net.URI: java.lang.String getHost()>()	timediff:0
I/System.out( 2008): body:<com.lidroid.xutils.http.client.util.URIBuilder: void digestURI(java.net.URI)>	sig:$i0 = virtualinvoke $r1.<java.net.URI: int getPort()>()	timediff:0
I/System.out( 2008): body:<com.lidroid.xutils.http.client.util.URIBuilder: void digestURI(java.net.URI)>	sig:$r2 = virtualinvoke $r1.<java.net.URI: java.lang.String getRawUserInfo()>()	timediff:0
I/System.out( 2008): body:<com.lidroid.xutils.http.client.util.URIBuilder: void digestURI(java.net.URI)>	sig:$r2 = virtualinvoke $r1.<java.net.URI: java.lang.String getUserInfo()>()	timediff:0
I/System.out( 2008): body:<com.lidroid.xutils.http.client.util.URIBuilder: void digestURI(java.net.URI)>	sig:$r2 = virtualinvoke $r1.<java.net.URI: java.lang.String getRawPath()>()	timediff:0
I/System.out( 2008): body:<com.lidroid.xutils.http.client.util.URIBuilder: void digestURI(java.net.URI)>	sig:$r2 = virtualinvoke $r1.<java.net.URI: java.lang.String getPath()>()	timediff:0
I/System.out( 2008): body:<com.lidroid.xutils.http.client.util.URIBuilder: void digestURI(java.net.URI)>	sig:$r2 = virtualinvoke $r1.<java.net.URI: java.lang.String getRawQuery()>()	timediff:0
I/System.out( 2008): body:<com.lidroid.xutils.http.client.util.URIBuilder: void digestURI(java.net.URI)>	sig:$r2 = virtualinvoke $r1.<java.net.URI: java.lang.String getRawQuery()>()	timediff:0
I/System.out( 2008): body:<com.lidroid.xutils.http.client.util.URIBuilder: void digestURI(java.net.URI)>	sig:$r2 = virtualinvoke $r1.<java.net.URI: java.lang.String getRawFragment()>()	timediff:0
I/System.out( 2008): body:<com.lidroid.xutils.http.client.util.URIBuilder: void digestURI(java.net.URI)>	sig:$r2 = virtualinvoke $r1.<java.net.URI: java.lang.String getFragment()>()	timediff:0
I/System.out( 2008): body:<com.lidroid.xutils.http.client.util.URIBuilder: java.net.URI build(java.nio.charset.Charset)>	sig:specialinvoke $r2.<java.net.URI: void <init>(java.lang.String)>($r3)	timediff:0
I/System.out( 2008): body:<com.lidroid.xutils.http.HttpHandler: java.lang.Void doInBackground(java.lang.Object[])>	sig:$r4 = virtualinvoke $r8.<java.net.URI: java.lang.String toString()>()	timediff:0
I/System.out( 2008): body:<com.lidroid.xutils.http.client.util.URIBuilder: java.net.URI build(java.nio.charset.Charset)>	sig:specialinvoke $r2.<java.net.URI: void <init>(java.lang.String)>($r3)	timediff:0
I/System.out( 2008): body:<com.lidroid.xutils.http.client.util.URIBuilder: java.net.URI build(java.nio.charset.Charset)>	sig:specialinvoke $r2.<java.net.URI: void <init>(java.lang.String)>($r3)	timediff:0
I/System.out( 2008): body:<com.lidroid.xutils.http.client.util.URIBuilder: void <init>(java.lang.String)>	sig:specialinvoke $r2.<java.net.URI: void <init>(java.lang.String)>($r1)	timediff:0
I/System.out( 2008): body:<com.lidroid.xutils.http.client.util.URIBuilder: void digestURI(java.net.URI)>	sig:$r2 = virtualinvoke $r1.<java.net.URI: java.lang.String getScheme()>()	timediff:0
I/System.out( 2008): body:<com.lidroid.xutils.http.client.util.URIBuilder: void digestURI(java.net.URI)>	sig:$r2 = virtualinvoke $r1.<java.net.URI: java.lang.String getRawSchemeSpecificPart()>()	timediff:0
I/System.out( 2008): body:<com.lidroid.xutils.http.client.util.URIBuilder: void digestURI(java.net.URI)>	sig:$r2 = virtualinvoke $r1.<java.net.URI: java.lang.String getRawAuthority()>()	timediff:0
I/System.out( 2008): body:<com.lidroid.xutils.http.client.util.URIBuilder: void digestURI(java.net.URI)>	sig:$r2 = virtualinvoke $r1.<java.net.URI: java.lang.String getHost()>()	timediff:0
I/System.out( 2008): body:<com.lidroid.xutils.http.client.util.URIBuilder: void digestURI(java.net.URI)>	sig:$i0 = virtualinvoke $r1.<java.net.URI: int getPort()>()	timediff:0
I/System.out( 2008): body:<com.lidroid.xutils.http.client.util.URIBuilder: void digestURI(java.net.URI)>	sig:$r2 = virtualinvoke $r1.<java.net.URI: java.lang.String getRawUserInfo()>()	timediff:0
I/System.out( 2008): body:<com.lidroid.xutils.http.client.util.URIBuilder: void digestURI(java.net.URI)>	sig:$r2 = virtualinvoke $r1.<java.net.URI: java.lang.String getUserInfo()>()	timediff:0
I/System.out( 2008): body:<com.lidroid.xutils.http.client.util.URIBuilder: void digestURI(java.net.URI)>	sig:$r2 = virtualinvoke $r1.<java.net.URI: java.lang.String getRawPath()>()	timediff:0
I/System.out( 2008): body:<com.lidroid.xutils.http.client.util.URIBuilder: void digestURI(java.net.URI)>	sig:$r2 = virtualinvoke $r1.<java.net.URI: java.lang.String getPath()>()	timediff:0
I/System.out( 2008): body:<com.lidroid.xutils.http.client.util.URIBuilder: void digestURI(java.net.URI)>	sig:$r2 = virtualinvoke $r1.<java.net.URI: java.lang.String getRawQuery()>()	timediff:0
I/System.out( 2008): body:<com.lidroid.xutils.http.client.util.URIBuilder: void digestURI(java.net.URI)>	sig:$r2 = virtualinvoke $r1.<java.net.URI: java.lang.String getRawQuery()>()	timediff:0
I/System.out( 2008): body:<com.lidroid.xutils.http.client.util.URIBuilder: void digestURI(java.net.URI)>	sig:$r2 = virtualinvoke $r1.<java.net.URI: java.lang.String getRawFragment()>()	timediff:0
I/System.out( 2008): body:<com.lidroid.xutils.http.client.util.URIBuilder: void digestURI(java.net.URI)>	sig:$r2 = virtualinvoke $r1.<java.net.URI: java.lang.String getFragment()>()	timediff:0
E/MeLike  ( 2008): lazyLoad
E/screenInches( 2008): 6.119186583561939
E/MeLike  ( 2008): lazyLoad
E/screenInches( 2008): 6.119186583561939
E/MeLike  ( 2008): lazyLoad
E/screenInches( 2008): 6.119186583561939
E/MeLike  ( 2008): lazyLoad
E/MeLike  ( 2008): lazyLoad
E/MeLike  ( 2008): lazyLoad
W/EGL_emulation( 2008): eglSurfaceAttrib not implemented 3093 12436
D/AndroidRuntime( 2008): Shutting down VM
W/dalvikvm( 2008): threadid=1: thread exiting with uncaught exception (group=0x94c6eb20)
D/dalvikvm( 2008): GC_CONCURRENT freed 1292K, 9% free 14233K/15580K, paused 1ms+2ms, total 12ms
D/dalvikvm( 2008): WAIT_FOR_CONCURRENT_GC blocked 6ms
D/dalvikvm( 2008): WAIT_FOR_CONCURRENT_GC blocked 8ms
E/AndroidRuntime( 2008): FATAL EXCEPTION: main
E/AndroidRuntime( 2008): Process: com.amour.chicme, PID: 2008
E/AndroidRuntime( 2008): java.lang.Error: Unresolved compilation error: Method <android.support.b.a.f: int getLayoutDirection()> does not exist!
E/AndroidRuntime( 2008): 	at android.support.b.a.f.getLayoutDirection(dalvik_source_com.amour.chicme.apk)
E/AndroidRuntime( 2008): 	at android.graphics.drawable.Drawable.setLayoutDirection(Drawable.java:403)
E/AndroidRuntime( 2008): 	at android.widget.ImageView.updateDrawable(ImageView.java:712)
E/AndroidRuntime( 2008): 	at android.widget.ImageView.setImageDrawable(ImageView.java:421)
E/AndroidRuntime( 2008): 	at android.support.v7.widget.p.a(dalvik_source_com.amour.chicme.apk)
E/AndroidRuntime( 2008): 	at android.support.v7.widget.q.<init>(dalvik_source_com.amour.chicme.apk)
E/AndroidRuntime( 2008): 	at android.support.v7.widget.d$d.<init>(dalvik_source_com.amour.chicme.apk)
E/AndroidRuntime( 2008): 	at android.support.v7.widget.d.a(dalvik_source_com.amour.chicme.apk)
