V/FlingTracker(  535): 	at android.view.ViewRootImpl$InputStage.apply(ViewRootImpl.java:3450)
V/FlingTracker(  535): 	at android.view.ViewRootImpl$AsyncInputStage.apply(ViewRootImpl.java:3606)
V/FlingTracker(  535): 	at android.view.ViewRootImpl$InputStage.deliver(ViewRootImpl.java:3423)
V/FlingTracker(  535): 	at android.view.ViewRootImpl$InputStage.onDeliverToNext(ViewRootImpl.java:3473)
V/FlingTracker(  535): 	at android.view.ViewRootImpl$InputStage.forward(ViewRootImpl.java:3442)
V/FlingTracker(  535): 	at android.view.ViewRootImpl$InputStage.apply(ViewRootImpl.java:3450)
V/FlingTracker(  535): 	at android.view.ViewRootImpl$InputStage.deliver(ViewRootImpl.java:3423)
V/FlingTracker(  535): 	at android.view.ViewRootImpl.deliverInputEvent(ViewRootImpl.java:5626)
V/FlingTracker(  535): 	at android.view.ViewRootImpl.doProcessInputEvents(ViewRootImpl.java:5606)
V/FlingTracker(  535): 	at android.view.ViewRootImpl.enqueueInputEvent(ViewRootImpl.java:5577)
V/FlingTracker(  535): 	at android.view.ViewRootImpl$WindowInputEventReceiver.onInputEvent(ViewRootImpl.java:5706)
V/FlingTracker(  535): 	at android.view.InputEventReceiver.dispatchInputEvent(InputEventReceiver.java:185)
V/FlingTracker(  535): 	at android.os.MessageQueue.nativePollOnce(Native Method)
V/FlingTracker(  535): 	at android.os.MessageQueue.next(MessageQueue.java:138)
V/FlingTracker(  535): 	at android.os.Looper.loop(Looper.java:123)
V/FlingTracker(  535): 	at android.app.ActivityThread.main(ActivityThread.java:5019)
V/FlingTracker(  535): 	at java.lang.reflect.Method.invokeNative(Native Method)
V/FlingTracker(  535): 	at java.lang.reflect.Method.invoke(Method.java:515)
V/FlingTracker(  535): 	at com.android.internal.os.ZygoteInit$MethodAndArgsCaller.run(ZygoteInit.java:779)
V/FlingTracker(  535): 	at com.android.internal.os.ZygoteInit.main(ZygoteInit.java:595)
V/FlingTracker(  535): 	at dalvik.system.NativeStart.main(Native Method)
V/PanelView(  535): animationTick called with dtms=0; nothing to do (h=0.0 v=0.0)
I/ActivityManager(  480): START u0 {act=android.intent.action.MAIN cat=[android.intent.category.LAUNCHER] flg=0x10200000 cmp=com.freeosk.freeosk/.activities.DiscoverActivity} from pid 6107
D/yeshen  (  669): launcher onpause
I/ActivityManager(  480): Start proc com.freeosk.freeosk for activity com.freeosk.freeosk/.activities.DiscoverActivity: pid=6293 uid=10132 gids={50132, 3003, 1028, 1015, 1023}
W/ViewRootImpl(  669): Dropping event due to no window focus: KeyEvent { action=ACTION_MULTIPLE, keyCode=KEYCODE_DPAD_DOWN, scanCode=0, metaState=0, flags=0x400, repeatCount=40, eventTime=219828, downTime=219828, deviceId=-1, source=0x101 }
W/ViewRootImpl(  669): Dropping event due to no window focus: KeyEvent { action=ACTION_DOWN, keyCode=KEYCODE_DPAD_DOWN, scanCode=0, metaState=0, flags=0x400, repeatCount=0, eventTime=219828, downTime=219828, deviceId=-1, source=0x101 }
W/ViewRootImpl(  669): Dropping event due to no window focus: KeyEvent { action=ACTION_DOWN, keyCode=KEYCODE_DPAD_DOWN, scanCode=0, metaState=0, flags=0x400, repeatCount=0, eventTime=219828, downTime=219828, deviceId=-1, source=0x101 }
W/NetworkManagementSocketTagger(  480): setKernelCountSet(10132, 1) failed with errno -13
I/dalvikvm( 6293): ignoring registerObject request in thread=1
I/dalvikvm( 6293): ignoring registerObject request in thread=1
W/ViewRootImpl(  669): Dropping event due to no window focus: MotionEvent { action=ACTION_MOVE, id[0]=0, x[0]=3.0, y[0]=0.0, toolType[0]=TOOL_TYPE_UNKNOWN, buttonState=0, metaState=0, flags=0x0, edgeFlags=0x0, pointerCount=1, historySize=6, eventTime=219813, downTime=-1, deviceId=0, source=0x10004 }
I/FirebaseInitProvider( 6293): FirebaseApp initialization unsuccessful
D/yeshen  (  669): launcher onstop
W/DebugConnManager(  669): getNetworkInfo() on networkType 1
D/dalvikvm( 6293): JIT code cache reset in 0 ms (0 bytes 1/0)
D/dalvikvm( 6293): GC_CONCURRENT freed 197K, 8% free 3027K/3280K, paused 2ms+4ms, total 8ms
D/FirebaseApp(  669): Notifying background state change listeners.
D/Tinker.DefaultAppLike(  669): onTrimMemory level:20
I/CrashlyticsCore( 6293): Initializing Crashlytics 2.3.14.151
D/dalvikvm( 6293): GC_CONCURRENT freed 297K, 10% free 3197K/3548K, paused 2ms+1ms, total 5ms
I/dalvikvm( 6293): Could not find method android.app.Notification$Builder.setLocalOnly, referenced from method com.google.android.gms.common.GooglePlayServicesUtil.zza
W/dalvikvm( 6293): VFY: unable to resolve virtual method 2565: Landroid/app/Notification$Builder;.setLocalOnly (Z)Landroid/app/Notification$Builder;
D/dalvikvm( 6293): VFY: replacing opcode 0x6e at 0x00fb
I/dalvikvm( 6293): Could not find method android.content.pm.PackageManager.getPackageInstaller, referenced from method com.google.android.gms.common.k.zzk
W/dalvikvm( 6293): VFY: unable to resolve virtual method 2903: Landroid/content/pm/PackageManager;.getPackageInstaller ()Landroid/content/pm/PackageInstaller;
D/dalvikvm( 6293): VFY: replacing opcode 0x6e at 0x000a
V/GoogleSignatureVerifier( 6293): com.google.android.gms signature not valid.  Found: 
V/GoogleSignatureVerifier( 6293): MIIEQzCCAyugAwIBAgIJAMLgh0ZkSjCNMA0GCSqGSIb3DQEBBAUAMHQxCzAJBgNVBAYTAlVTMRMw
V/GoogleSignatureVerifier( 6293): EQYDVQQIEwpDYWxpZm9ybmlhMRYwFAYDVQQHEw1Nb3VudGFpbiBWaWV3MRQwEgYDVQQKEwtHb29n
V/GoogleSignatureVerifier( 6293): bGUgSW5jLjEQMA4GA1UECxMHQW5kcm9pZDEQMA4GA1UEAxMHQW5kcm9pZDAeFw0wODA4MjEyMzEz
V/GoogleSignatureVerifier( 6293): MzRaFw0zNjAxMDcyMzEzMzRaMHQxCzAJBgNVBAYTAlVTMRMwEQYDVQQIEwpDYWxpZm9ybmlhMRYw
V/GoogleSignatureVerifier( 6293): FAYDVQQHEw1Nb3VudGFpbiBWaWV3MRQwEgYDVQQKEwtHb29nbGUgSW5jLjEQMA4GA1UECxMHQW5k
V/GoogleSignatureVerifier( 6293): cm9pZDEQMA4GA1UEAxMHQW5kcm9pZDCCASAwDQYJKoZIhvcNAQEBBQADggENADCCAQgCggEBAKtW
V/GoogleSignatureVerifier( 6293): LgDYO6IIrgqWbxJOKdoR8qtW0I9Y4sypEwPpt1TTcvZApxsdyxMJZ2JORland2qSGT2y5b+3JKke
V/GoogleSignatureVerifier( 6293): dxiLDmpHpDsz2WCbdxgxRczfey5YZnTJ4VZbH0xqWVW/8lGmPav5xVwnIiJS6HXk+BVKZF+JcWjA
V/GoogleSignatureVerifier( 6293): sb/GEuq/eFdpuzSqeYTcfi6idkyugwfYwXFU1+5fZKUaRKYCwkkFQVfcAs1fXA5V+++FGfvjJ/Cx
V/GoogleSignatureVerifier( 6293): URaSxaBvGdGDhfXE28LWuT9ozCl5xw4Yq5OGazvV24mZVSoOO0yZ31j7kYvtwYK6NeADwbSxDdJE
V/GoogleSignatureVerifier( 6293): qO4k//0zOHKrUiGYXtqw/A0LFFtqoZKFjnkCAQOjgdkwgdYwHQYDVR0OBBYEFMd9jMIhF1Ylmn/T
V/GoogleSignatureVerifier( 6293): gt9r45jk14alMIGmBgNVHSMEgZ4wgZuAFMd9jMIhF1Ylmn/Tgt9r45jk14aloXikdjB0MQswCQYD
V/GoogleSignatureVerifier( 6293): VQQGEwJVUzETMBEGA1UECBMKQ2FsaWZvcm5pYTEWMBQGA1UEBxMNTW91bnRhaW4gVmlldzEUMBIG
V/GoogleSignatureVerifier( 6293): A1UEChMLR29vZ2xlIEluYy4xEDAOBgNVBAsTB0FuZHJvaWQxEDAOBgNVBAMTB0FuZHJvaWSCCQDC
V/GoogleSignatureVerifier( 6293): 4IdGZEowjTAMBgNVHRMEBTADAQH/MA0GCSqGSIb3DQEBBAUAA4IBAQBt0lLO74UwLDYKqs6Tm8/y
V/GoogleSignatureVerifier( 6293): zKkEu116FmH4rkaymUIE0P9KaMftGlMexFlaYjzmB2OxZyl6euNXEsQH8gjwyxCUKRJNexBiGcCE
V/GoogleSignatureVerifier( 6293): yj6z+a1fuHHvkiaai+KL8W1EyNmgjmyy8AW7P+LLlkR+ho5zEHatRbM/YAnqGcFh5iZBqpknHf1S
V/GoogleSignatureVerifier( 6293): KMXFh4dd239FJ1jWYfbMDMy3NS5CTMQ2XFI1MvcyUTdZPErjQfTbQe3aDQsQcafEQPD+nqActifK
V/GoogleSignatureVerifier( 6293): Z0Np0IS9L9kR/wbNvyz6ENwPiTrjV2KRkEjH78ZMcUQXg0L3BYHJ3lc69Vs5Ddf9uUGGMYldX3Wf
V/GoogleSignatureVerifier( 6293): MBEmh/9iFBDAaTCK
D/dalvikvm( 6293): GC_CONCURRENT freed 600K, 18% free 3088K/3748K, paused 1ms+3ms, total 7ms
I/com.newrelic.agent.android( 6293): Loaded configuration: HarvestConfiguration{collect_network_errors=true, cross_process_id='UgEDWFVWGwIDU1BRDwUO', data_report_period=60, data_token=[13713849, 39288017], error_limit=50, report_max_transaction_age=600, report_max_transaction_count=1000, response_body_limit=2048, server_timestamp=1489367158, stack_trace_limit=100, activity_trace_max_size=65534, activity_trace_max_report_attempts=1, activity_trace_min_utilization=0.30000001192092896, at_capture=ActivityTraceConfiguration{maxTotalTraceCount=1}}
I/com.newrelic.agent.android( 6293): Application state monitor has started
W/dalvikvm( 6293): VFY: unable to find class referenced in signature (Lokhttp3/Request;)
W/dalvikvm( 6293): VFY: unable to find class referenced in signature (Lokhttp3/Response;)
I/dalvikvm( 6293): Could not find method okhttp3.Response.headers, referenced from method empirical.HelperClass.printOkHttpInfo
W/dalvikvm( 6293): VFY: unable to resolve virtual method 52330: Lokhttp3/Response;.headers ()Lokhttp3/Headers;
D/dalvikvm( 6293): VFY: replacing opcode 0x6e at 0x0006
W/dalvikvm( 6293): VFY: unable to find class referenced in signature (Lokhttp3/Call;)
W/dalvikvm( 6293): VFY: unable to find class referenced in signature (Lokhttp3/Response;)
I/dalvikvm( 6293): Could not find method okhttp3.Call.request, referenced from method empirical.HelperClass.printOkHttpInfoFromCall
W/dalvikvm( 6293): VFY: unable to resolve interface method 52285: Lokhttp3/Call;.request ()Lokhttp3/Request;
D/dalvikvm( 6293): VFY: replacing opcode 0x72 at 0x0006
I/com.newrelic.agent.android( 6293): Analytics Controller started.
I/System.out( 6293): body:<io.a.a.a.a.e.d: java.lang.String a(java.lang.CharSequence)>	sig:specialinvoke $r2.<java.net.URL: void <init>(java.lang.String)>($r1)	timediff:0
I/System.out( 6293): <io.a.a.a.a.e.d: java.lang.String a(java.lang.CharSequence)>###specialinvoke $r2.<java.net.URL: void <init>(java.lang.String)>($r1)###https://e.crashlytics.com/spi/v2/events
I/com.newrelic.agent.android( 6293): Measurement Engine initialized.
I/System.out( 6293): body:<io.a.a.a.a.e.d: java.lang.String a(java.lang.CharSequence)>	sig:$r3 = virtualinvoke $r2.<java.net.URL: java.lang.String getHost()>()	timediff:0
I/System.out( 6293): body:<io.a.a.a.a.e.d: java.lang.String a(java.lang.CharSequence)>	sig:$i0 = virtualinvoke $r2.<java.net.URL: int getPort()>()	timediff:0
I/com.newrelic.agent.android( 6293): New Relic Agent v5.8.4
I/System.out( 6293): body:<io.a.a.a.a.e.d: java.lang.String a(java.lang.CharSequence)>	sig:$r3 = virtualinvoke $r2.<java.net.URL: java.lang.String getProtocol()>()	timediff:0
I/System.out( 6293): body:<io.a.a.a.a.e.d: java.lang.String a(java.lang.CharSequence)>	sig:$r6 = virtualinvoke $r2.<java.net.URL: java.lang.String getPath()>()	timediff:0
I/System.out( 6293): body:<io.a.a.a.a.e.d: java.lang.String a(java.lang.CharSequence)>	sig:$r7 = virtualinvoke $r2.<java.net.URL: java.lang.String getQuery()>()	timediff:0
I/System.out( 6293): body:<io.a.a.a.a.e.d: java.lang.String a(java.lang.CharSequence)>	sig:specialinvoke $r5.<java.net.URI: void <init>(java.lang.String,java.lang.String,java.lang.String,java.lang.String,java.lang.String)>($r3, $r1, $r6, $r7, null)	timediff:0
I/System.out( 6293): body:<io.a.a.a.a.e.d: java.lang.String a(java.lang.CharSequence)>	sig:$r7 = virtualinvoke $r5.<java.net.URI: java.lang.String toASCIIString()>()	timediff:0
I/System.out( 6293): body:<io.a.a.a.a.e.d: void <init>(java.lang.CharSequence,java.lang.String)>	sig:specialinvoke $r4.<java.net.URL: void <init>(java.lang.String)>($r3)	timediff:0
I/System.out( 6293): <io.a.a.a.a.e.d: void <init>(java.lang.CharSequence,java.lang.String)>###specialinvoke $r4.<java.net.URL: void <init>(java.lang.String)>($r3)###https://e.crashlytics.com/spi/v2/events
D/dalvikvm( 6293): GC_FOR_ALLOC freed 342K, 17% free 3119K/3748K, paused 3ms, total 4ms
I/dalvikvm-heap( 6293): Grow heap (frag case) to 3.136MB for 39950-byte allocation
D/dalvikvm( 6293): GC_FOR_ALLOC freed 1K, 17% free 3157K/3788K, paused 2ms, total 2ms
D/dalvikvm( 6293): GC_FOR_ALLOC freed 22K, 17% free 3151K/3788K, paused 1ms, total 2ms
I/dalvikvm-heap( 6293): Grow heap (frag case) to 3.206MB for 79888-byte allocation
D/dalvikvm( 6293): GC_FOR_ALLOC freed <1K, 17% free 3228K/3868K, paused 5ms, total 5ms
I/System.out( 6293): body:<com.newrelic.agent.android.crashes.CrashReporter: boolean hasReachableNetworkConnection()>	sig:$r3 = staticinvoke <java.net.InetAddress: java.net.InetAddress getByName(java.lang.String)>($r2)	timediff:23
I/com.newrelic.agent.android( 6293): Harvester: connected
I/com.newrelic.agent.android( 6293): Harvester: Sending 0 HTTP transactions.
I/com.newrelic.agent.android( 6293): Harvester: Sending 0 HTTP errors.
I/com.newrelic.agent.android( 6293): Harvester: Sending 0 activity traces.
I/com.newrelic.agent.android( 6293): Harvester: Sending 0 analytics events.
I/System.out( 6293): body:<io.a.a.a.a.e.d$b$1: java.net.HttpURLConnection a(java.net.URL)>	sig:$r2 = virtualinvoke $r1.<java.net.URL: java.net.URLConnection openConnection()>()	timediff:40
I/System.out( 6293): body:<com.newrelic.agent.android.instrumentation.HttpsURLConnectionExtension: void <init>(javax.net.ssl.HttpsURLConnection)>	sig:$r2 = virtualinvoke $r1.<javax.net.ssl.HttpsURLConnection: java.net.URL getURL()>()	timediff:0
I/System.out( 6293): body:<com.newrelic.agent.android.instrumentation.TransactionStateUtil: void setCrossProcessHeader(java.net.HttpURLConnection)>	sig:virtualinvoke $r0.<java.net.HttpURLConnection: void setRequestProperty(java.lang.String,java.lang.String)>("X-NewRelic-ID", $r1)	timediff:0
I/System.out( 6293): body:<com.newrelic.agent.android.instrumentation.HttpsURLConnectionExtension: void setRequestMethod(java.lang.String)>	sig:virtualinvoke $r2.<javax.net.ssl.HttpsURLConnection: void setRequestMethod(java.lang.String)>($r1)	timediff:0
I/System.out( 6293): body:<io.a.a.a.a.e.d: java.net.HttpURLConnection r()>	sig:virtualinvoke $r5.<java.net.HttpURLConnection: void setRequestMethod(java.lang.String)>($r1)	timediff:0
I/System.out( 6293): body:<com.newrelic.agent.android.instrumentation.HttpsURLConnectionExtension: void setUseCaches(boolean)>	sig:virtualinvoke $r1.<javax.net.ssl.HttpsURLConnection: void setUseCaches(boolean)>($z0)	timediff:0
I/System.out( 6293): body:<io.a.a.a.a.e.d: io.a.a.a.a.e.d a(boolean)>	sig:virtualinvoke $r1.<java.net.HttpURLConnection: void setUseCaches(boolean)>($z0)	timediff:0
I/System.out( 6293): body:<com.newrelic.agent.android.instrumentation.HttpsURLConnectionExtension: void setConnectTimeout(int)>	sig:virtualinvoke $r1.<javax.net.ssl.HttpsURLConnection: void setConnectTimeout(int)>($i0)	timediff:0
I/System.out( 6293): body:<io.a.a.a.a.e.d: io.a.a.a.a.e.d a(int)>	sig:virtualinvoke $r1.<java.net.HttpURLConnection: void setConnectTimeout(int)>($i0)	timediff:0
I/System.out( 6293): body:<com.newrelic.agent.android.instrumentation.HttpsURLConnectionExtension: void setRequestProperty(java.lang.String,java.lang.String)>	sig:virtualinvoke $r3.<javax.net.ssl.HttpsURLConnection: void setRequestProperty(java.lang.String,java.lang.String)>($r1, $r2)	timediff:0
I/System.out( 6293): body:<io.a.a.a.a.e.d: io.a.a.a.a.e.d a(java.lang.String,java.lang.String)>	sig:virtualinvoke $r3.<java.net.HttpURLConnection: void setRequestProperty(java.lang.String,java.lang.String)>($r1, $r2)	timediff:0
I/System.out( 6293): body:<com.newrelic.agent.android.instrumentation.HttpsURLConnectionExtension: void setRequestProperty(java.lang.String,java.lang.String)>	sig:virtualinvoke $r3.<javax.net.ssl.HttpsURLConnection: void setRequestProperty(java.lang.String,java.lang.String)>($r1, $r2)	timediff:0
I/System.out( 6293): body:<io.a.a.a.a.e.d: io.a.a.a.a.e.d a(java.lang.String,java.lang.String)>	sig:virtualinvoke $r3.<java.net.HttpURLConnection: void setRequestProperty(java.lang.String,java.lang.String)>($r1, $r2)	timediff:0
I/System.out( 6293): body:<com.newrelic.agent.android.instrumentation.HttpsURLConnectionExtension: void setRequestProperty(java.lang.String,java.lang.String)>	sig:virtualinvoke $r3.<javax.net.ssl.HttpsURLConnection: void setRequestProperty(java.lang.String,java.lang.String)>($r1, $r2)	timediff:0
I/System.out( 6293): body:<io.a.a.a.a.e.d: io.a.a.a.a.e.d a(java.lang.String,java.lang.String)>	sig:virtualinvoke $r3.<java.net.HttpURLConnection: void setRequestProperty(java.lang.String,java.lang.String)>($r1, $r2)	timediff:1
I/System.out( 6293): body:<com.newrelic.agent.android.instrumentation.HttpsURLConnectionExtension: void setRequestProperty(java.lang.String,java.lang.String)>	sig:virtualinvoke $r3.<javax.net.ssl.HttpsURLConnection: void setRequestProperty(java.lang.String,java.lang.String)>($r1, $r2)	timediff:0
I/System.out( 6293): body:<io.a.a.a.a.e.d: io.a.a.a.a.e.d a(java.lang.String,java.lang.String)>	sig:virtualinvoke $r3.<java.net.HttpURLConnection: void setRequestProperty(java.lang.String,java.lang.String)>($r1, $r2)	timediff:0
I/System.out( 6293): body:<com.newrelic.agent.android.instrumentation.HttpsURLConnectionExtension: void setRequestProperty(java.lang.String,java.lang.String)>	sig:virtualinvoke $r3.<javax.net.ssl.HttpsURLConnection: void setRequestProperty(java.lang.String,java.lang.String)>($r1, $r2)	timediff:0
I/System.out( 6293): body:<io.a.a.a.a.e.d: io.a.a.a.a.e.d a(java.lang.String,java.lang.String)>	sig:virtualinvoke $r3.<java.net.HttpURLConnection: void setRequestProperty(java.lang.String,java.lang.String)>($r1, $r2)	timediff:0
I/System.out( 6293): body:<com.newrelic.agent.android.instrumentation.HttpsURLConnectionExtension: void setRequestProperty(java.lang.String,java.lang.String)>	sig:virtualinvoke $r3.<javax.net.ssl.HttpsURLConnection: void setRequestProperty(java.lang.String,java.lang.String)>($r1, $r2)	timediff:0
I/System.out( 6293): body:<io.a.a.a.a.e.d: io.a.a.a.a.e.d a(java.lang.String,java.lang.String)>	sig:virtualinvoke $r3.<java.net.HttpURLConnection: void setRequestProperty(java.lang.String,java.lang.String)>($r1, $r2)	timediff:0
I/System.out( 6293): body:<com.newrelic.agent.android.instrumentation.HttpsURLConnectionExtension: void setDoOutput(boolean)>	sig:virtualinvoke $r1.<javax.net.ssl.HttpsURLConnection: void setDoOutput(boolean)>($z0)	timediff:0
I/System.out( 6293): body:<io.a.a.a.a.e.d: io.a.a.a.a.e.d m()>	sig:virtualinvoke $r2.<java.net.HttpURLConnection: void setDoOutput(boolean)>(1)	timediff:0
I/System.out( 6293): body:<com.newrelic.agent.android.instrumentation.HttpsURLConnectionExtension: java.lang.String getRequestProperty(java.lang.String)>	sig:$r1 = virtualinvoke $r2.<javax.net.ssl.HttpsURLConnection: java.lang.String getRequestProperty(java.lang.String)>($r1)	timediff:0
I/System.out( 6293): body:<io.a.a.a.a.e.d: io.a.a.a.a.e.d m()>	sig:$r3 = virtualinvoke $r2.<java.net.HttpURLConnection: java.lang.String getRequestProperty(java.lang.String)>("Content-Type")	timediff:1
I/System.out( 6293): body:<com.newrelic.agent.android.instrumentation.TransactionStateUtil: void inspectAndInstrument(com.newrelic.agent.android.instrumentation.TransactionState,java.net.HttpURLConnection)>	sig:$r2 = virtualinvoke $r1.<java.net.HttpURLConnection: java.net.URL getURL()>()	timediff:0
I/System.out( 6293): body:<com.newrelic.agent.android.instrumentation.TransactionStateUtil: void inspectAndInstrument(com.newrelic.agent.android.instrumentation.TransactionState,java.net.HttpURLConnection)>	sig:$r3 = virtualinvoke $r2.<java.net.URL: java.lang.String toString()>()	timediff:0
I/System.out( 6293): body:<com.newrelic.agent.android.instrumentation.TransactionStateUtil: void inspectAndInstrument(com.newrelic.agent.android.instrumentation.TransactionState,java.net.HttpURLConnection)>	sig:$r4 = virtualinvoke $r1.<java.net.HttpURLConnection: java.lang.String getRequestMethod()>()	timediff:0
I/System.out( 6293): body:<com.newrelic.agent.android.util.Util: java.lang.String sanitizeUrl(java.lang.String)>	sig:specialinvoke $r1.<java.net.URL: void <init>(java.lang.String)>($r0)	timediff:0
I/System.out( 6293): <com.newrelic.agent.android.util.Util: java.lang.String sanitizeUrl(java.lang.String)>###specialinvoke $r1.<java.net.URL: void <init>(java.lang.String)>($r0)###https://e.crashlytics.com/spi/v2/events
I/System.out( 6293): body:<com.newrelic.agent.android.util.Util: java.lang.String sanitizeUrl(java.lang.String)>	sig:$r0 = virtualinvoke $r1.<java.net.URL: java.lang.String getProtocol()>()	timediff:0
I/System.out( 6293): body:<com.newrelic.agent.android.util.Util: java.lang.String sanitizeUrl(java.lang.String)>	sig:$r0 = virtualinvoke $r1.<java.net.URL: java.lang.String getHost()>()	timediff:0
I/System.out( 6293): body:<com.newrelic.agent.android.util.Util: java.lang.String sanitizeUrl(java.lang.String)>	sig:$i0 = virtualinvoke $r1.<java.net.URL: int getPort()>()	timediff:0
I/System.out( 6293): body:<com.newrelic.agent.android.util.Util: java.lang.String sanitizeUrl(java.lang.String)>	sig:$r0 = virtualinvoke $r1.<java.net.URL: java.lang.String getPath()>()	timediff:0
I/System.out( 6293): body:<com.newrelic.agent.android.instrumentation.TransactionState: void setUrl(java.lang.String)>	sig:specialinvoke $r3.<java.net.URL: void <init>(java.lang.String)>($r1)	timediff:0
I/System.out( 6293): <com.newrelic.agent.android.instrumentation.TransactionState: void setUrl(java.lang.String)>###specialinvoke $r3.<java.net.URL: void <init>(java.lang.String)>($r1)###https://e.crashlytics.com/spi/v2/events
I/System.out( 6293): body:<com.newrelic.agent.android.instrumentation.TransactionState: void setUrl(java.lang.String)>	sig:$r4 = virtualinvoke $r3.<java.net.URL: java.lang.String getHost()>()	timediff:0
D/dalvikvm( 6293): GC_CONCURRENT freed 332K, 14% free 3333K/3868K, paused 0ms+0ms, total 2ms
I/dalvikvm( 6293): Could not find method android.content.Context.getNoBackupFilesDir, referenced from method com.urbanairship.d.b.<init>
W/dalvikvm( 6293): VFY: unable to resolve virtual method 2731: Landroid/content/Context;.getNoBackupFilesDir ()Ljava/io/File;
D/dalvikvm( 6293): VFY: replacing opcode 0x6e at 0x000f
D/dalvikvm( 6293): GC_CONCURRENT freed 383K, 14% free 3352K/3868K, paused 1ms+1ms, total 5ms
E/dalvikvm( 6293): Could not find class 'android.content.pm.ShortcutManager', referenced from method com.freeosk.freeosk.activities.DiscoverActivity.onCreate
W/dalvikvm( 6293): VFY: unable to resolve const-class 515 (Landroid/content/pm/ShortcutManager;) in Lcom/freeosk/freeosk/activities/DiscoverActivity;
D/dalvikvm( 6293): VFY: replacing opcode 0x1c at 0x001d
I/dalvikvm( 6293): Could not find method android.provider.Settings.canDrawOverlays, referenced from method com.freeosk.freeosk.activities.a.a
W/dalvikvm( 6293): VFY: unable to resolve static method 4163: Landroid/provider/Settings;.canDrawOverlays (Landroid/content/Context;)Z
D/dalvikvm( 6293): VFY: replacing opcode 0x71 at 0x003a
E/dalvikvm( 6293): Could not find class 'android.content.pm.ShortcutManager', referenced from method com.freeosk.freeosk.activities.a.onCreate
W/dalvikvm( 6293): VFY: unable to resolve const-class 515 (Landroid/content/pm/ShortcutManager;) in Lcom/freeosk/freeosk/activities/a;
D/dalvikvm( 6293): VFY: replacing opcode 0x1c at 0x001f
D/dalvikvm( 6293): DexOpt: unable to opt direct call 0x0b6a at 0x31 in Lcom/freeosk/freeosk/activities/a;.onCreate
D/dalvikvm( 6293): DexOpt: unable to opt direct call 0x0b6a at 0x76 in Lcom/freeosk/freeosk/activities/a;.onCreate
D/dalvikvm( 6293): DexOpt: unable to opt direct call 0x0b6a at 0xbb in Lcom/freeosk/freeosk/activities/a;.onCreate
D/dalvikvm( 6293): DexOpt: couldn't find field Landroid/support/v7/app/e;._nr_trace
W/dalvikvm( 6293): VFY: unable to resolve instance field 6973
D/dalvikvm( 6293): VFY: replacing opcode 0x54 at 0x0005
D/dalvikvm( 6293): GC_CONCURRENT freed 239K, 10% free 3502K/3868K, paused 2ms+2ms, total 8ms
I/dalvikvm( 6293): Could not find method android.view.Window$Callback.onProvideKeyboardShortcuts, referenced from method android.support.v7.view.i.onProvideKeyboardShortcuts
W/dalvikvm( 6293): VFY: unable to resolve interface method 23202: Landroid/view/Window$Callback;.onProvideKeyboardShortcuts (Ljava/util/List;Landroid/view/Menu;I)V
D/dalvikvm( 6293): VFY: replacing opcode 0x72 at 0x0002
W/dalvikvm( 6293): VFY: unable to find class referenced in signature (Landroid/view/SearchEvent;)
I/dalvikvm( 6293): Could not find method android.view.Window$Callback.onSearchRequested, referenced from method android.support.v7.view.i.onSearchRequested
W/dalvikvm( 6293): VFY: unable to resolve interface method 23204: Landroid/view/Window$Callback;.onSearchRequested (Landroid/view/SearchEvent;)Z
D/dalvikvm( 6293): VFY: replacing opcode 0x72 at 0x0002
I/dalvikvm( 6293): Could not find method android.view.Window$Callback.onWindowStartingActionMode, referenced from method android.support.v7.view.i.onWindowStartingActionMode
W/dalvikvm( 6293): VFY: unable to resolve interface method 23208: Landroid/view/Window$Callback;.onWindowStartingActionMode (Landroid/view/ActionMode$Callback;I)Landroid/view/ActionMode;
D/dalvikvm( 6293): VFY: replacing opcode 0x72 at 0x0002
I/dalvikvm( 6293): Could not find method android.content.res.TypedArray.getChangingConfigurations, referenced from method android.support.v7.widget.TintTypedArray.getChangingConfigurations
W/dalvikvm( 6293): VFY: unable to resolve virtual method 2999: Landroid/content/res/TypedArray;.getChangingConfigurations ()I
D/dalvikvm( 6293): VFY: replacing opcode 0x6e at 0x0002
I/dalvikvm( 6293): Could not find method android.content.res.TypedArray.getType, referenced from method android.support.v7.widget.TintTypedArray.getType
W/dalvikvm( 6293): VFY: unable to resolve virtual method 3021: Landroid/content/res/TypedArray;.getType (I)I
D/dalvikvm( 6293): VFY: replacing opcode 0x6e at 0x0008
I/ActivityManager(  480): START u0 {flg=0x10008000 cmp=com.freeosk.freeosk/.activities.WelcomeActivity} from pid 6293
I/dalvikvm( 6293): Could not find method android.content.Context.getColorStateList, referenced from method android.support.v7.a.a.b.a
W/dalvikvm( 6293): VFY: unable to resolve virtual method 2719: Landroid/content/Context;.getColorStateList (I)Landroid/content/res/ColorStateList;
D/dalvikvm( 6293): VFY: replacing opcode 0x6e at 0x0006
I/dalvikvm( 6293): Could not find method android.content.res.Resources.getDrawable, referenced from method android.support.v7.widget.u.getDrawable
W/dalvikvm( 6293): VFY: unable to resolve virtual method 2962: Landroid/content/res/Resources;.getDrawable (ILandroid/content/res/Resources$Theme;)Landroid/graphics/drawable/Drawable;
D/dalvikvm( 6293): VFY: replacing opcode 0x6e at 0x0002
I/dalvikvm( 6293): Could not find method android.content.res.Resources.getDrawableForDensity, referenced from method android.support.v7.widget.u.getDrawableForDensity
W/dalvikvm( 6293): VFY: unable to resolve virtual method 2964: Landroid/content/res/Resources;.getDrawableForDensity (IILandroid/content/res/Resources$Theme;)Landroid/graphics/drawable/Drawable;
D/dalvikvm( 6293): VFY: replacing opcode 0x6e at 0x0002
E/dalvikvm( 6293): Could not find class 'android.graphics.drawable.RippleDrawable', referenced from method android.support.v7.widget.AppCompatImageHelper.hasOverlappingRendering
W/dalvikvm( 6293): VFY: unable to resolve instanceof 597 (Landroid/graphics/drawable/RippleDrawable;) in Landroid/support/v7/widget/AppCompatImageHelper;
D/dalvikvm( 6293): VFY: replacing opcode 0x20 at 0x000c
D/dalvikvm( 6293): GC_FOR_ALLOC freed 208K, 7% free 3643K/3908K, paused 4ms, total 4ms
I/dalvikvm-heap( 6293): Grow heap (frag case) to 4.682MB for 1125012-byte allocation
D/dalvikvm( 6293): GC_FOR_ALLOC freed 2K, 6% free 4739K/5008K, paused 3ms, total 3ms
D/dalvikvm( 6293): GC_CONCURRENT freed 74K, 7% free 4751K/5060K, paused 0ms+1ms, total 3ms
I/dalvikvm( 6293): Could not find method android.view.Window.setStatusBarColor, referenced from method com.mikepenz.materialize.b.a
W/dalvikvm( 6293): VFY: unable to resolve virtual method 23225: Landroid/view/Window;.setStatusBarColor (I)V
D/dalvikvm( 6293): VFY: replacing opcode 0x6e at 0x01cc
I/dalvikvm( 6293): Could not find method android.view.Window.setNavigationBarColor, referenced from method com.mikepenz.materialize.b.a
W/dalvikvm( 6293): VFY: unable to resolve virtual method 23224: Landroid/view/Window;.setNavigationBarColor (I)V
D/dalvikvm( 6293): VFY: replacing opcode 0x6e at 0x01ee
I/dalvikvm( 6293): Could not find method android.content.res.Resources.getDrawable, referenced from method com.mikepenz.materialize.c.b.b
W/dalvikvm( 6293): VFY: unable to resolve virtual method 2962: Landroid/content/res/Resources;.getDrawable (ILandroid/content/res/Resources$Theme;)Landroid/graphics/drawable/Drawable;
D/dalvikvm( 6293): VFY: replacing opcode 0x6e at 0x0017
D/dalvikvm( 6293): GC_CONCURRENT freed 400K, 9% free 4959K/5420K, paused 1ms+2ms, total 6ms
I/dalvikvm( 6293): Could not find method android.view.View.setElevation, referenced from method com.mikepenz.materialdrawer.e.a
W/dalvikvm( 6293): VFY: unable to resolve virtual method 22935: Landroid/view/View;.setElevation (F)V
D/dalvikvm( 6293): VFY: replacing opcode 0x6e at 0x0089
I/System.out( 6293): body:<com.a.a.a.a: java.lang.String a(boolean,java.lang.String,com.a.a.a.s)>	sig:$r3 = staticinvoke <java.net.URLDecoder: java.lang.String decode(java.lang.String,java.lang.String)>($r0, "UTF-8")	timediff:0
I/System.out( 6293): body:<com.a.a.a.a: java.lang.String a(boolean,java.lang.String,com.a.a.a.s)>	sig:specialinvoke $r2.<java.net.URL: void <init>(java.lang.String)>($r3)	timediff:1
I/System.out( 6293): <com.a.a.a.a: java.lang.String a(boolean,java.lang.String,com.a.a.a.s)>###specialinvoke $r2.<java.net.URL: void <init>(java.lang.String)>($r3)###https://mobile.thefreeosk.com/api/v1/post_sample_sequences
I/System.out( 6293): body:<com.a.a.a.a: java.lang.String a(boolean,java.lang.String,com.a.a.a.s)>	sig:$r3 = virtualinvoke $r2.<java.net.URL: java.lang.String getProtocol()>()	timediff:0
I/System.out( 6293): body:<com.a.a.a.a: java.lang.String a(boolean,java.lang.String,com.a.a.a.s)>	sig:$r5 = virtualinvoke $r2.<java.net.URL: java.lang.String getUserInfo()>()	timediff:0
I/System.out( 6293): body:<com.a.a.a.a: java.lang.String a(boolean,java.lang.String,com.a.a.a.s)>	sig:$r6 = virtualinvoke $r2.<java.net.URL: java.lang.String getHost()>()	timediff:0
I/System.out( 6293): body:<com.a.a.a.a: java.lang.String a(boolean,java.lang.String,com.a.a.a.s)>	sig:$i0 = virtualinvoke $r2.<java.net.URL: int getPort()>()	timediff:0
I/System.out( 6293): body:<com.a.a.a.a: java.lang.String a(boolean,java.lang.String,com.a.a.a.s)>	sig:$r7 = virtualinvoke $r2.<java.net.URL: java.lang.String getPath()>()	timediff:0
I/System.out( 6293): body:<com.a.a.a.a: java.lang.String a(boolean,java.lang.String,com.a.a.a.s)>	sig:$r8 = virtualinvoke $r2.<java.net.URL: java.lang.String getQuery()>()	timediff:0
I/System.out( 6293): body:<com.a.a.a.a: java.lang.String a(boolean,java.lang.String,com.a.a.a.s)>	sig:$r9 = virtualinvoke $r2.<java.net.URL: java.lang.String getRef()>()	timediff:0
I/System.out( 6293): body:<com.a.a.a.a: java.lang.String a(boolean,java.lang.String,com.a.a.a.s)>	sig:specialinvoke $r4.<java.net.URI: void <init>(java.lang.String,java.lang.String,java.lang.String,int,java.lang.String,java.lang.String,java.lang.String)>($r3, $r5, $r6, $i0, $r7, $r8, $r9)	timediff:0
I/System.out( 6293): body:<com.a.a.a.a: java.lang.String a(boolean,java.lang.String,com.a.a.a.s)>	sig:$r9 = virtualinvoke $r4.<java.net.URI: java.lang.String toASCIIString()>()	timediff:0
I/System.out( 6293): body:<com.a.a.a.i: void <init>(java.lang.String)>	sig:$r2 = staticinvoke <java.net.URI: java.net.URI create(java.lang.String)>($r1)	timediff:0
I/System.out( 6293): body:<com.a.a.a.b: void c()>	sig:$r4 = virtualinvoke $r3.<java.net.URI: java.lang.String getScheme()>()	timediff:0
I/System.out( 6293): body:<a.a.a.a.i.b.h: a.a.a.a.n a(a.a.a.a.b.c.k)>	sig:$z0 = virtualinvoke $r2.<java.net.URI: boolean isAbsolute()>()	timediff:0
I/System.out( 6293): body:<a.a.a.a.b.f.d: a.a.a.a.n b(java.net.URI)>	sig:$z0 = virtualinvoke $r0.<java.net.URI: boolean isAbsolute()>()	timediff:0
I/System.out( 6293): body:<a.a.a.a.b.f.d: a.a.a.a.n b(java.net.URI)>	sig:$i2 = virtualinvoke $r0.<java.net.URI: int getPort()>()	timediff:0
I/System.out( 6293): body:<a.a.a.a.b.f.d: a.a.a.a.n b(java.net.URI)>	sig:$r1 = virtualinvoke $r0.<java.net.URI: java.lang.String getHost()>()	timediff:0
I/System.out( 6293): body:<a.a.a.a.b.f.d: a.a.a.a.n b(java.net.URI)>	sig:$r1 = virtualinvoke $r0.<java.net.URI: java.lang.String getScheme()>()	timediff:0
I/System.out( 6293): body:<com.a.a.a.a: java.lang.String a(boolean,java.lang.String,com.a.a.a.s)>	sig:$r3 = staticinvoke <java.net.URLDecoder: java.lang.String decode(java.lang.String,java.lang.String)>($r0, "UTF-8")	timediff:1
I/System.out( 6293): body:<com.a.a.a.a: java.lang.String a(boolean,java.lang.String,com.a.a.a.s)>	sig:specialinvoke $r2.<java.net.URL: void <init>(java.lang.String)>($r3)	timediff:0
I/System.out( 6293): <com.a.a.a.a: java.lang.String a(boolean,java.lang.String,com.a.a.a.s)>###specialinvoke $r2.<java.net.URL: void <init>(java.lang.String)>($r3)###https://mobile.thefreeosk.com/api/v1/offers
I/System.out( 6293): body:<com.a.a.a.a: java.lang.String a(boolean,java.lang.String,com.a.a.a.s)>	sig:$r3 = virtualinvoke $r2.<java.net.URL: java.lang.String getProtocol()>()	timediff:0
I/System.out( 6293): body:<com.a.a.a.a: java.lang.String a(boolean,java.lang.String,com.a.a.a.s)>	sig:$r5 = virtualinvoke $r2.<java.net.URL: java.lang.String getUserInfo()>()	timediff:0
I/System.out( 6293): body:<com.a.a.a.a: java.lang.String a(boolean,java.lang.String,com.a.a.a.s)>	sig:$r6 = virtualinvoke $r2.<java.net.URL: java.lang.String getHost()>()	timediff:0
I/System.out( 6293): body:<com.a.a.a.a: java.lang.String a(boolean,java.lang.String,com.a.a.a.s)>	sig:$i0 = virtualinvoke $r2.<java.net.URL: int getPort()>()	timediff:0
I/System.out( 6293): body:<com.a.a.a.a: java.lang.String a(boolean,java.lang.String,com.a.a.a.s)>	sig:$r7 = virtualinvoke $r2.<java.net.URL: java.lang.String getPath()>()	timediff:0
I/System.out( 6293): body:<com.a.a.a.a: java.lang.String a(boolean,java.lang.String,com.a.a.a.s)>	sig:$r8 = virtualinvoke $r2.<java.net.URL: java.lang.String getQuery()>()	timediff:0
I/System.out( 6293): body:<com.a.a.a.a: java.lang.String a(boolean,java.lang.String,com.a.a.a.s)>	sig:$r9 = virtualinvoke $r2.<java.net.URL: java.lang.String getRef()>()	timediff:0
I/System.out( 6293): body:<com.a.a.a.a: java.lang.String a(boolean,java.lang.String,com.a.a.a.s)>	sig:specialinvoke $r4.<java.net.URI: void <init>(java.lang.String,java.lang.String,java.lang.String,int,java.lang.String,java.lang.String,java.lang.String)>($r3, $r5, $r6, $i0, $r7, $r8, $r9)	timediff:0
I/System.out( 6293): body:<com.a.a.a.a: java.lang.String a(boolean,java.lang.String,com.a.a.a.s)>	sig:$r9 = virtualinvoke $r4.<java.net.URI: java.lang.String toASCIIString()>()	timediff:0
I/System.out( 6293): body:<com.a.a.a.i: void <init>(java.lang.String)>	sig:$r2 = staticinvoke <java.net.URI: java.net.URI create(java.lang.String)>($r1)	timediff:0
I/System.out( 6293): body:<com.a.a.a.a: java.lang.String a(boolean,java.lang.String,com.a.a.a.s)>	sig:$r3 = staticinvoke <java.net.URLDecoder: java.lang.String decode(java.lang.String,java.lang.String)>($r0, "UTF-8")	timediff:0
I/System.out( 6293): body:<com.a.a.a.a: java.lang.String a(boolean,java.lang.String,com.a.a.a.s)>	sig:specialinvoke $r2.<java.net.URL: void <init>(java.lang.String)>($r3)	timediff:0
I/System.out( 6293): <com.a.a.a.a: java.lang.String a(boolean,java.lang.String,com.a.a.a.s)>###specialinvoke $r2.<java.net.URL: void <init>(java.lang.String)>($r3)###https://mobile.thefreeosk.com/api/v1/membership_programs
I/System.out( 6293): body:<com.a.a.a.a: java.lang.String a(boolean,java.lang.String,com.a.a.a.s)>	sig:$r3 = virtualinvoke $r2.<java.net.URL: java.lang.String getProtocol()>()	timediff:0
I/System.out( 6293): body:<com.a.a.a.a: java.lang.String a(boolean,java.lang.String,com.a.a.a.s)>	sig:$r5 = virtualinvoke $r2.<java.net.URL: java.lang.String getUserInfo()>()	timediff:0
I/System.out( 6293): body:<com.a.a.a.a: java.lang.String a(boolean,java.lang.String,com.a.a.a.s)>	sig:$r6 = virtualinvoke $r2.<java.net.URL: java.lang.String getHost()>()	timediff:0
I/System.out( 6293): body:<com.a.a.a.a: java.lang.String a(boolean,java.lang.String,com.a.a.a.s)>	sig:$i0 = virtualinvoke $r2.<java.net.URL: int getPort()>()	timediff:0
I/System.out( 6293): body:<com.a.a.a.a: java.lang.String a(boolean,java.lang.String,com.a.a.a.s)>	sig:$r7 = virtualinvoke $r2.<java.net.URL: java.lang.String getPath()>()	timediff:0
I/System.out( 6293): body:<com.a.a.a.a: java.lang.String a(boolean,java.lang.String,com.a.a.a.s)>	sig:$r8 = virtualinvoke $r2.<java.net.URL: java.lang.String getQuery()>()	timediff:0
I/System.out( 6293): body:<com.a.a.a.a: java.lang.String a(boolean,java.lang.String,com.a.a.a.s)>	sig:$r9 = virtualinvoke $r2.<java.net.URL: java.lang.String getRef()>()	timediff:0
I/System.out( 6293): body:<com.a.a.a.a: java.lang.String a(boolean,java.lang.String,com.a.a.a.s)>	sig:specialinvoke $r4.<java.net.URI: void <init>(java.lang.String,java.lang.String,java.lang.String,int,java.lang.String,java.lang.String,java.lang.String)>($r3, $r5, $r6, $i0, $r7, $r8, $r9)	timediff:0
I/System.out( 6293): body:<com.a.a.a.a: java.lang.String a(boolean,java.lang.String,com.a.a.a.s)>	sig:$r9 = virtualinvoke $r4.<java.net.URI: java.lang.String toASCIIString()>()	timediff:0
I/System.out( 6293): body:<com.a.a.a.i: void <init>(java.lang.String)>	sig:$r2 = staticinvoke <java.net.URI: java.net.URI create(java.lang.String)>($r1)	timediff:0
I/System.out( 6293): body:<com.a.a.a.a: java.lang.String a(boolean,java.lang.String,com.a.a.a.s)>	sig:$r3 = staticinvoke <java.net.URLDecoder: java.lang.String decode(java.lang.String,java.lang.String)>($r0, "UTF-8")	timediff:0
I/System.out( 6293): body:<com.a.a.a.a: java.lang.String a(boolean,java.lang.String,com.a.a.a.s)>	sig:specialinvoke $r2.<java.net.URL: void <init>(java.lang.String)>($r3)	timediff:0
I/System.out( 6293): <com.a.a.a.a: java.lang.String a(boolean,java.lang.String,com.a.a.a.s)>###specialinvoke $r2.<java.net.URL: void <init>(java.lang.String)>($r3)###https://mobile.thefreeosk.com/api/v1/contents
I/System.out( 6293): body:<com.a.a.a.a: java.lang.String a(boolean,java.lang.String,com.a.a.a.s)>	sig:$r3 = virtualinvoke $r2.<java.net.URL: java.lang.String getProtocol()>()	timediff:0
I/System.out( 6293): body:<com.a.a.a.a: java.lang.String a(boolean,java.lang.String,com.a.a.a.s)>	sig:$r5 = virtualinvoke $r2.<java.net.URL: java.lang.String getUserInfo()>()	timediff:0
I/System.out( 6293): body:<com.a.a.a.a: java.lang.String a(boolean,java.lang.String,com.a.a.a.s)>	sig:$r6 = virtualinvoke $r2.<java.net.URL: java.lang.String getHost()>()	timediff:0
I/System.out( 6293): body:<com.a.a.a.a: java.lang.String a(boolean,java.lang.String,com.a.a.a.s)>	sig:$i0 = virtualinvoke $r2.<java.net.URL: int getPort()>()	timediff:0
I/System.out( 6293): body:<com.a.a.a.a: java.lang.String a(boolean,java.lang.String,com.a.a.a.s)>	sig:$r7 = virtualinvoke $r2.<java.net.URL: java.lang.String getPath()>()	timediff:0
I/System.out( 6293): body:<com.a.a.a.a: java.lang.String a(boolean,java.lang.String,com.a.a.a.s)>	sig:$r8 = virtualinvoke $r2.<java.net.URL: java.lang.String getQuery()>()	timediff:0
I/System.out( 6293): body:<com.a.a.a.a: java.lang.String a(boolean,java.lang.String,com.a.a.a.s)>	sig:$r9 = virtualinvoke $r2.<java.net.URL: java.lang.String getRef()>()	timediff:0
I/System.out( 6293): body:<com.a.a.a.a: java.lang.String a(boolean,java.lang.String,com.a.a.a.s)>	sig:specialinvoke $r4.<java.net.URI: void <init>(java.lang.String,java.lang.String,java.lang.String,int,java.lang.String,java.lang.String,java.lang.String)>($r3, $r5, $r6, $i0, $r7, $r8, $r9)	timediff:0
I/System.out( 6293): body:<com.a.a.a.a: java.lang.String a(boolean,java.lang.String,com.a.a.a.s)>	sig:$r9 = virtualinvoke $r4.<java.net.URI: java.lang.String toASCIIString()>()	timediff:0
I/System.out( 6293): body:<com.a.a.a.i: void <init>(java.lang.String)>	sig:$r2 = staticinvoke <java.net.URI: java.net.URI create(java.lang.String)>($r1)	timediff:0
I/System.out( 6293): body:<com.a.a.a.b: void c()>	sig:$r4 = virtualinvoke $r3.<java.net.URI: java.lang.String getScheme()>()	timediff:0
I/System.out( 6293): body:<a.a.a.a.i.b.h: a.a.a.a.n a(a.a.a.a.b.c.k)>	sig:$z0 = virtualinvoke $r2.<java.net.URI: boolean isAbsolute()>()	timediff:0
I/System.out( 6293): body:<a.a.a.a.b.f.d: a.a.a.a.n b(java.net.URI)>	sig:$z0 = virtualinvoke $r0.<java.net.URI: boolean isAbsolute()>()	timediff:0
I/System.out( 6293): body:<a.a.a.a.b.f.d: a.a.a.a.n b(java.net.URI)>	sig:$i2 = virtualinvoke $r0.<java.net.URI: int getPort()>()	timediff:0
I/System.out( 6293): body:<a.a.a.a.b.f.d: a.a.a.a.n b(java.net.URI)>	sig:$r1 = virtualinvoke $r0.<java.net.URI: java.lang.String getHost()>()	timediff:0
I/System.out( 6293): body:<a.a.a.a.b.f.d: a.a.a.a.n b(java.net.URI)>	sig:$r1 = virtualinvoke $r0.<java.net.URI: java.lang.String getScheme()>()	timediff:0
I/System.out( 6293): body:<com.a.a.a.b: void c()>	sig:$r4 = virtualinvoke $r3.<java.net.URI: java.lang.String getScheme()>()	timediff:0
I/System.out( 6293): body:<a.a.a.a.i.b.h: a.a.a.a.n a(a.a.a.a.b.c.k)>	sig:$z0 = virtualinvoke $r2.<java.net.URI: boolean isAbsolute()>()	timediff:0
I/System.out( 6293): body:<a.a.a.a.b.f.d: a.a.a.a.n b(java.net.URI)>	sig:$z0 = virtualinvoke $r0.<java.net.URI: boolean isAbsolute()>()	timediff:0
I/System.out( 6293): body:<a.a.a.a.b.f.d: a.a.a.a.n b(java.net.URI)>	sig:$i2 = virtualinvoke $r0.<java.net.URI: int getPort()>()	timediff:0
I/System.out( 6293): body:<a.a.a.a.b.f.d: a.a.a.a.n b(java.net.URI)>	sig:$r1 = virtualinvoke $r0.<java.net.URI: java.lang.String getHost()>()	timediff:0
I/System.out( 6293): body:<a.a.a.a.b.f.d: a.a.a.a.n b(java.net.URI)>	sig:$r1 = virtualinvoke $r0.<java.net.URI: java.lang.String getScheme()>()	timediff:0
I/System.out( 6293): body:<a.a.a.a.i.c.q: java.net.InetAddress[] a(java.lang.String)>	sig:$r2 = staticinvoke <java.net.InetAddress: java.net.InetAddress[] getAllByName(java.lang.String)>($r1)	timediff:1
I/System.out( 6293): body:<a.a.a.a.e.m: void <init>(a.a.a.a.n,java.net.InetAddress,int)>	sig:specialinvoke $r0.<java.net.InetSocketAddress: void <init>(java.net.InetAddress,int)>($r2, $i0)	timediff:0
D/dalvikvm( 6293): DexOpt: couldn't find field Lcom/freeosk/freeosk/c/f;._nr_trace
I/System.out( 6293): body:<a.a.a.a.e.c.k: java.net.Socket a(java.net.Socket,java.net.InetSocketAddress,java.net.InetSocketAddress,a.a.a.a.l.e)>	sig:$r7 = virtualinvoke $r2.<java.net.InetSocketAddress: java.lang.String getHostName()>()	timediff:0
W/dalvikvm( 6293): VFY: unable to resolve instance field 15671
D/dalvikvm( 6293): VFY: replacing opcode 0x54 at 0x0007
I/System.out( 6293): body:<a.a.a.a.e.c.k: java.net.Socket a(java.net.Socket,java.net.InetSocketAddress,java.net.InetSocketAddress,a.a.a.a.l.e)>	sig:$i1 = virtualinvoke $r2.<java.net.InetSocketAddress: int getPort()>()	timediff:0
I/System.out( 6293): body:<a.a.a.a.e.d.g: java.net.Socket a(java.net.Socket,java.lang.String,int,java.net.InetAddress,int,a.a.a.a.l.e)>	sig:$r6 = staticinvoke <java.net.InetAddress: java.net.InetAddress getByName(java.lang.String)>($r2)	timediff:0
D/dalvikvm( 6293): DexOpt: couldn't find field Lcom/freeosk/freeosk/c/f;._nr_trace
W/dalvikvm( 6293): VFY: unable to resolve instance field 15671
D/dalvikvm( 6293): VFY: replacing opcode 0x54 at 0x0002
I/System.out( 6293): body:<a.a.a.a.e.m: void <init>(a.a.a.a.n,java.net.InetAddress,int)>	sig:specialinvoke $r0.<java.net.InetSocketAddress: void <init>(java.net.InetAddress,int)>($r2, $i0)	timediff:0
I/System.out( 6293): body:<a.a.a.a.e.d.g: java.net.Socket a(java.net.Socket,java.net.InetSocketAddress,java.net.InetSocketAddress,a.a.a.a.l.e)>	sig:virtualinvoke $r1.<java.net.Socket: void setSoTimeout(int)>($i0)	timediff:0
I/System.out( 6293): body:<a.a.a.a.i.c.q: java.net.InetAddress[] a(java.lang.String)>	sig:$r2 = staticinvoke <java.net.InetAddress: java.net.InetAddress[] getAllByName(java.lang.String)>($r1)	timediff:0
I/System.out( 6293): body:<a.a.a.a.e.m: void <init>(a.a.a.a.n,java.net.InetAddress,int)>	sig:specialinvoke $r0.<java.net.InetSocketAddress: void <init>(java.net.InetAddress,int)>($r2, $i0)	timediff:0
I/System.out( 6293): body:<a.a.a.a.e.c.k: java.net.Socket a(java.net.Socket,java.net.InetSocketAddress,java.net.InetSocketAddress,a.a.a.a.l.e)>	sig:$r7 = virtualinvoke $r2.<java.net.InetSocketAddress: java.lang.String getHostName()>()	timediff:0
I/System.out( 6293): body:<a.a.a.a.e.c.k: java.net.Socket a(java.net.Socket,java.net.InetSocketAddress,java.net.InetSocketAddress,a.a.a.a.l.e)>	sig:$i1 = virtualinvoke $r2.<java.net.InetSocketAddress: int getPort()>()	timediff:0
I/System.out( 6293): body:<a.a.a.a.i.c.q: java.net.InetAddress[] a(java.lang.String)>	sig:$r2 = staticinvoke <java.net.InetAddress: java.net.InetAddress[] getAllByName(java.lang.String)>($r1)	timediff:2
I/System.out( 6293): body:<a.a.a.a.e.d.g: java.net.Socket a(java.net.Socket,java.lang.String,int,java.net.InetAddress,int,a.a.a.a.l.e)>	sig:$r6 = staticinvoke <java.net.InetAddress: java.net.InetAddress getByName(java.lang.String)>($r2)	timediff:0
I/System.out( 6293): body:<a.a.a.a.e.m: void <init>(a.a.a.a.n,java.net.InetAddress,int)>	sig:specialinvoke $r0.<java.net.InetSocketAddress: void <init>(java.net.InetAddress,int)>($r2, $i0)	timediff:0
I/System.out( 6293): body:<a.a.a.a.e.m: void <init>(a.a.a.a.n,java.net.InetAddress,int)>	sig:specialinvoke $r0.<java.net.InetSocketAddress: void <init>(java.net.InetAddress,int)>($r2, $i0)	timediff:0
I/System.out( 6293): body:<a.a.a.a.e.c.k: java.net.Socket a(java.net.Socket,java.net.InetSocketAddress,java.net.InetSocketAddress,a.a.a.a.l.e)>	sig:$r7 = virtualinvoke $r2.<java.net.InetSocketAddress: java.lang.String getHostName()>()	timediff:0
I/System.out( 6293): body:<a.a.a.a.e.c.k: java.net.Socket a(java.net.Socket,java.net.InetSocketAddress,java.net.InetSocketAddress,a.a.a.a.l.e)>	sig:$i1 = virtualinvoke $r2.<java.net.InetSocketAddress: int getPort()>()	timediff:0
I/System.out( 6293): body:<a.a.a.a.e.d.g: java.net.Socket a(java.net.Socket,java.net.InetSocketAddress,java.net.InetSocketAddress,a.a.a.a.l.e)>	sig:virtualinvoke $r1.<java.net.Socket: void setSoTimeout(int)>($i0)	timediff:0
I/System.out( 6293): body:<a.a.a.a.e.d.g: java.net.Socket a(java.net.Socket,java.lang.String,int,java.net.InetAddress,int,a.a.a.a.l.e)>	sig:$r6 = staticinvoke <java.net.InetAddress: java.net.InetAddress getByName(java.lang.String)>($r2)	timediff:1
I/System.out( 6293): body:<a.a.a.a.e.m: void <init>(a.a.a.a.n,java.net.InetAddress,int)>	sig:specialinvoke $r0.<java.net.InetSocketAddress: void <init>(java.net.InetAddress,int)>($r2, $i0)	timediff:0
I/System.out( 6293): body:<a.a.a.a.e.d.g: java.net.Socket a(java.net.Socket,java.net.InetSocketAddress,java.net.InetSocketAddress,a.a.a.a.l.e)>	sig:virtualinvoke $r1.<java.net.Socket: void setSoTimeout(int)>($i0)	timediff:0
I/System.out( 6293): body:<com.a.a.a.b: void c()>	sig:$r4 = virtualinvoke $r3.<java.net.URI: java.lang.String getScheme()>()	timediff:0
I/System.out( 6293): body:<a.a.a.a.i.b.h: a.a.a.a.n a(a.a.a.a.b.c.k)>	sig:$z0 = virtualinvoke $r2.<java.net.URI: boolean isAbsolute()>()	timediff:5
I/System.out( 6293): body:<a.a.a.a.b.f.d: a.a.a.a.n b(java.net.URI)>	sig:$z0 = virtualinvoke $r0.<java.net.URI: boolean isAbsolute()>()	timediff:0
I/System.out( 6293): body:<a.a.a.a.b.f.d: a.a.a.a.n b(java.net.URI)>	sig:$i2 = virtualinvoke $r0.<java.net.URI: int getPort()>()	timediff:0
I/System.out( 6293): body:<a.a.a.a.b.f.d: a.a.a.a.n b(java.net.URI)>	sig:$r1 = virtualinvoke $r0.<java.net.URI: java.lang.String getHost()>()	timediff:0
I/System.out( 6293): body:<a.a.a.a.b.f.d: a.a.a.a.n b(java.net.URI)>	sig:$r1 = virtualinvoke $r0.<java.net.URI: java.lang.String getScheme()>()	timediff:0
I/System.out( 6293): body:<a.a.a.a.i.c.q: java.net.InetAddress[] a(java.lang.String)>	sig:$r2 = staticinvoke <java.net.InetAddress: java.net.InetAddress[] getAllByName(java.lang.String)>($r1)	timediff:0
I/System.out( 6293): body:<a.a.a.a.e.m: void <init>(a.a.a.a.n,java.net.InetAddress,int)>	sig:specialinvoke $r0.<java.net.InetSocketAddress: void <init>(java.net.InetAddress,int)>($r2, $i0)	timediff:0
I/System.out( 6293): body:<a.a.a.a.e.c.k: java.net.Socket a(java.net.Socket,java.net.InetSocketAddress,java.net.InetSocketAddress,a.a.a.a.l.e)>	sig:$r7 = virtualinvoke $r2.<java.net.InetSocketAddress: java.lang.String getHostName()>()	timediff:0
I/System.out( 6293): body:<a.a.a.a.e.c.k: java.net.Socket a(java.net.Socket,java.net.InetSocketAddress,java.net.InetSocketAddress,a.a.a.a.l.e)>	sig:$i1 = virtualinvoke $r2.<java.net.InetSocketAddress: int getPort()>()	timediff:0
I/System.out( 6293): body:<a.a.a.a.e.d.g: java.net.Socket a(java.net.Socket,java.lang.String,int,java.net.InetAddress,int,a.a.a.a.l.e)>	sig:$r6 = staticinvoke <java.net.InetAddress: java.net.InetAddress getByName(java.lang.String)>($r2)	timediff:0
I/System.out( 6293): body:<a.a.a.a.e.m: void <init>(a.a.a.a.n,java.net.InetAddress,int)>	sig:specialinvoke $r0.<java.net.InetSocketAddress: void <init>(java.net.InetAddress,int)>($r2, $i0)	timediff:0
I/System.out( 6293): body:<a.a.a.a.e.d.g: java.net.Socket a(java.net.Socket,java.net.InetSocketAddress,java.net.InetSocketAddress,a.a.a.a.l.e)>	sig:virtualinvoke $r1.<java.net.Socket: void setSoTimeout(int)>($i0)	timediff:0
D/dalvikvm( 6293): GC_FOR_ALLOC freed 301K, 7% free 5054K/5420K, paused 4ms, total 4ms
I/dalvikvm-heap( 6293): Grow heap (frag case) to 5.621MB for 662412-byte allocation
D/dalvikvm( 6293): GC_FOR_ALLOC freed <1K, 7% free 5700K/6068K, paused 3ms, total 3ms
D/dalvikvm( 6293): GC_CONCURRENT freed 2K, 7% free 5698K/6068K, paused 0ms+0ms, total 3ms
V/WebViewChromium( 6293): Binding Chromium to the background looper Looper (main, tid 1) {4a794c48}
I/chromium( 6293): [INFO:library_loader_hooks.cc(112)] Chromium logging enabled: level = 0, default verbosity = 0
I/BrowserProcessMain( 6293): Initializing chromium process, renderers=0
W/chromium( 6293): [WARNING:proxy_service.cc(888)] PAC support disabled because there is no system implementation
