I/System.out( 7767): <com.android.volley.toolbox.HurlStack: org.apache.http.HttpResponse performRequest(com.android.volley.Request,java.util.Map)>###specialinvoke $r10.<java.net.URL: void <init>(java.lang.String)>($r8)###https://cloudservices.predictspring.com/search/activemobileconfig?deviceOS=ANDROID_TABLET&merchantID=CHARLOTTERUSSE593188
I/System.out( 7767): body:<com.android.volley.toolbox.HurlStack: java.net.HttpURLConnection createConnection(java.net.URL)>	sig:$r2 = virtualinvoke $r1.<java.net.URL: java.net.URLConnection openConnection()>()	timediff:0
I/System.out( 7767): body:<com.android.volley.toolbox.HurlStack: java.net.HttpURLConnection createConnection(java.net.URL)>	sig:$z0 = staticinvoke <java.net.HttpURLConnection: boolean getFollowRedirects()>()	timediff:0
I/System.out( 7767): body:<com.android.volley.toolbox.HurlStack: java.net.HttpURLConnection createConnection(java.net.URL)>	sig:virtualinvoke $r3.<java.net.HttpURLConnection: void setInstanceFollowRedirects(boolean)>($z0)	timediff:0
I/System.out( 7767): body:<com.android.volley.toolbox.HurlStack: java.net.HttpURLConnection openConnection(java.net.URL,com.android.volley.Request)>	sig:virtualinvoke $r3.<java.net.HttpURLConnection: void setConnectTimeout(int)>($i0)	timediff:0
I/System.out( 7767): body:<com.android.volley.toolbox.HurlStack: java.net.HttpURLConnection openConnection(java.net.URL,com.android.volley.Request)>	sig:virtualinvoke $r3.<java.net.HttpURLConnection: void setReadTimeout(int)>($i0)	timediff:0
I/System.out( 7767): body:<com.android.volley.toolbox.HurlStack: java.net.HttpURLConnection openConnection(java.net.URL,com.android.volley.Request)>	sig:virtualinvoke $r3.<java.net.HttpURLConnection: void setUseCaches(boolean)>(0)	timediff:0
I/System.out( 7767): body:<com.android.volley.toolbox.HurlStack: java.net.HttpURLConnection openConnection(java.net.URL,com.android.volley.Request)>	sig:virtualinvoke $r3.<java.net.HttpURLConnection: void setDoInput(boolean)>(1)	timediff:0
I/System.out( 7767): body:<com.android.volley.toolbox.HurlStack: java.net.HttpURLConnection openConnection(java.net.URL,com.android.volley.Request)>	sig:$r5 = virtualinvoke $r1.<java.net.URL: java.lang.String getProtocol()>()	timediff:0
I/System.out( 7767): body:<com.android.volley.toolbox.HurlStack: org.apache.http.HttpResponse performRequest(com.android.volley.Request,java.util.Map)>	sig:virtualinvoke $r11.<java.net.HttpURLConnection: void addRequestProperty(java.lang.String,java.lang.String)>($r8, $r5)	timediff:0
I/System.out( 7767): body:<com.android.volley.toolbox.HurlStack: org.apache.http.HttpResponse performRequest(com.android.volley.Request,java.util.Map)>	sig:virtualinvoke $r11.<java.net.HttpURLConnection: void addRequestProperty(java.lang.String,java.lang.String)>($r8, $r5)	timediff:0
I/System.out( 7767): body:<com.android.volley.toolbox.HurlStack: org.apache.http.HttpResponse performRequest(com.android.volley.Request,java.util.Map)>	sig:virtualinvoke $r11.<java.net.HttpURLConnection: void addRequestProperty(java.lang.String,java.lang.String)>($r8, $r5)	timediff:0
I/System.out( 7767): body:<com.android.volley.toolbox.HurlStack: org.apache.http.HttpResponse performRequest(com.android.volley.Request,java.util.Map)>	sig:virtualinvoke $r11.<java.net.HttpURLConnection: void addRequestProperty(java.lang.String,java.lang.String)>($r8, $r5)	timediff:0
I/System.out( 7767): body:<com.android.volley.toolbox.HurlStack: void setConnectionParametersForRequest(java.net.HttpURLConnection,com.android.volley.Request)>	sig:virtualinvoke $r0.<java.net.HttpURLConnection: void setRequestMethod(java.lang.String)>("GET")	timediff:0
I/qtaguid ( 7767): Tagging socket 41 with tag 4931441e00000000(1227965470) for uid -1 failed errno=-13
I/NetworkManagementSocketTagger( 7767): tagSocketFd(41, 1227965470, -1) failed with errno-13
I/qtaguid ( 7767): Untagging socket 41 failed errno=-13
W/NetworkManagementSocketTagger( 7767): untagSocket(41) failed with errno -13
I/qtaguid ( 7767): Tagging socket 41 with tag 4931441e00000000(1227965470) for uid -1 failed errno=-13
I/NetworkManagementSocketTagger( 7767): tagSocketFd(41, 1227965470, -1) failed with errno-13
I/qtaguid ( 7767): Untagging socket 41 failed errno=-13
W/NetworkManagementSocketTagger( 7767): untagSocket(41) failed with errno -13
I/qtaguid ( 7767): Tagging socket 41 with tag 4931441e00000000(1227965470) for uid -1 failed errno=-13
I/NetworkManagementSocketTagger( 7767): tagSocketFd(41, 1227965470, -1) failed with errno-13
I/qtaguid ( 7767): Untagging socket 41 failed errno=-13
W/NetworkManagementSocketTagger( 7767): untagSocket(41) failed with errno -13
I/qtaguid ( 7767): Tagging socket 41 with tag 4931441e00000000(1227965470) for uid -1 failed errno=-13
I/NetworkManagementSocketTagger( 7767): tagSocketFd(41, 1227965470, -1) failed with errno-13
I/qtaguid ( 7767): Untagging socket 41 failed errno=-13
W/NetworkManagementSocketTagger( 7767): untagSocket(41) failed with errno -13
I/qtaguid ( 7767): Tagging socket 41 with tag 4931441e00000000(1227965470) for uid -1 failed errno=-13
I/NetworkManagementSocketTagger( 7767): tagSocketFd(41, 1227965470, -1) failed with errno-13
I/qtaguid ( 7767): Untagging socket 41 failed errno=-13
W/NetworkManagementSocketTagger( 7767): untagSocket(41) failed with errno -13
I/qtaguid ( 7767): Tagging socket 41 with tag 4931441e00000000(1227965470) for uid -1 failed errno=-13
I/NetworkManagementSocketTagger( 7767): tagSocketFd(41, 1227965470, -1) failed with errno-13
I/qtaguid ( 7767): Untagging socket 41 failed errno=-13
W/NetworkManagementSocketTagger( 7767): untagSocket(41) failed with errno -13
I/qtaguid ( 7767): Tagging socket 41 with tag 4931441e00000000(1227965470) for uid -1 failed errno=-13
I/NetworkManagementSocketTagger( 7767): tagSocketFd(41, 1227965470, -1) failed with errno-13
I/qtaguid ( 7767): Untagging socket 41 failed errno=-13
W/NetworkManagementSocketTagger( 7767): untagSocket(41) failed with errno -13
I/qtaguid ( 7767): Tagging socket 41 with tag 4931441e00000000(1227965470) for uid -1 failed errno=-13
I/NetworkManagementSocketTagger( 7767): tagSocketFd(41, 1227965470, -1) failed with errno-13
I/qtaguid ( 7767): Untagging socket 41 failed errno=-13
W/NetworkManagementSocketTagger( 7767): untagSocket(41) failed with errno -13
I/qtaguid ( 7767): Tagging socket 41 with tag 4931441e00000000(1227965470) for uid -1 failed errno=-13
I/NetworkManagementSocketTagger( 7767): tagSocketFd(41, 1227965470, -1) failed with errno-13
I/qtaguid ( 7767): Untagging socket 41 failed errno=-13
W/NetworkManagementSocketTagger( 7767): untagSocket(41) failed with errno -13
I/qtaguid ( 7767): Tagging socket 41 with tag 4931441e00000000(1227965470) for uid -1 failed errno=-13
I/NetworkManagementSocketTagger( 7767): tagSocketFd(41, 1227965470, -1) failed with errno-13
I/qtaguid ( 7767): Untagging socket 41 failed errno=-13
W/NetworkManagementSocketTagger( 7767): untagSocket(41) failed with errno -13
I/qtaguid ( 7767): Tagging socket 41 with tag 4931441e00000000(1227965470) for uid -1 failed errno=-13
I/NetworkManagementSocketTagger( 7767): tagSocketFd(41, 1227965470, -1) failed with errno-13
I/qtaguid ( 7767): Untagging socket 41 failed errno=-13
W/NetworkManagementSocketTagger( 7767): untagSocket(41) failed with errno -13
I/qtaguid ( 7767): Tagging socket 41 with tag 4931441e00000000(1227965470) for uid -1 failed errno=-13
I/NetworkManagementSocketTagger( 7767): tagSocketFd(41, 1227965470, -1) failed with errno-13
I/qtaguid ( 7767): Untagging socket 41 failed errno=-13
W/NetworkManagementSocketTagger( 7767): untagSocket(41) failed with errno -13
I/qtaguid ( 7767): Tagging socket 41 with tag 4931441e00000000(1227965470) for uid -1 failed errno=-13
I/NetworkManagementSocketTagger( 7767): tagSocketFd(41, 1227965470, -1) failed with errno-13
I/qtaguid ( 7767): Untagging socket 41 failed errno=-13
W/NetworkManagementSocketTagger( 7767): untagSocket(41) failed with errno -13
I/qtaguid ( 7767): Tagging socket 41 with tag 4931441e00000000(1227965470) for uid -1 failed errno=-13
I/NetworkManagementSocketTagger( 7767): tagSocketFd(41, 1227965470, -1) failed with errno-13
I/qtaguid ( 7767): Untagging socket 41 failed errno=-13
W/NetworkManagementSocketTagger( 7767): untagSocket(41) failed with errno -13
I/qtaguid ( 7767): Tagging socket 41 with tag 4931441e00000000(1227965470) for uid -1 failed errno=-13
I/NetworkManagementSocketTagger( 7767): tagSocketFd(41, 1227965470, -1) failed with errno-13
I/qtaguid ( 7767): Untagging socket 41 failed errno=-13
W/NetworkManagementSocketTagger( 7767): untagSocket(41) failed with errno -13
I/qtaguid ( 7767): Tagging socket 41 with tag 4931441e00000000(1227965470) for uid -1 failed errno=-13
I/NetworkManagementSocketTagger( 7767): tagSocketFd(41, 1227965470, -1) failed with errno-13
I/qtaguid ( 7767): Untagging socket 41 failed errno=-13
W/NetworkManagementSocketTagger( 7767): untagSocket(41) failed with errno -13
V/FlingTracker(  535): computeCurrentVelocity warning: totalweight=0
V/FlingTracker(  535): java.lang.Throwable
V/FlingTracker(  535): 	at com.android.systemui.statusbar.phone.PanelView$FlingTracker.computeCurrentVelocity(PanelView.java:162)
V/FlingTracker(  535): 	at com.android.systemui.statusbar.phone.PanelView$3.onTouch(PanelView.java:462)
V/FlingTracker(  535): 	at android.view.View.dispatchTouchEvent(View.java:7701)
V/FlingTracker(  535): 	at com.android.systemui.statusbar.phone.NotificationPanelView.onTouchEvent(NotificationPanelView.java:138)
V/FlingTracker(  535): 	at com.android.systemui.statusbar.phone.PanelBar.onTouchEvent(PanelBar.java:130)
V/FlingTracker(  535): 	at com.android.systemui.statusbar.phone.PhoneStatusBarView.onTouchEvent(PhoneStatusBarView.java:201)
V/FlingTracker(  535): 	at android.view.View.dispatchTouchEvent(View.java:7706)
V/FlingTracker(  535): 	at android.view.ViewGroup.dispatchTransformedTouchEvent(ViewGroup.java:2210)
V/FlingTracker(  535): 	at android.view.ViewGroup.dispatchTouchEvent(ViewGroup.java:1945)
V/FlingTracker(  535): 	at android.view.ViewGroup.dispatchTransformedTouchEvent(ViewGroup.java:2216)
V/FlingTracker(  535): 	at android.view.ViewGroup.dispatchTouchEvent(ViewGroup.java:1959)
V/FlingTracker(  535): 	at android.view.View.dispatchPointerEvent(View.java:7886)
V/FlingTracker(  535): 	at android.view.ViewRootImpl$ViewPostImeInputStage.processPointerEvent(ViewRootImpl.java:3978)
V/FlingTracker(  535): 	at android.view.ViewRootImpl$ViewPostImeInputStage.onProcess(ViewRootImpl.java:3857)
V/FlingTracker(  535): 	at android.view.ViewRootImpl$InputStage.deliver(ViewRootImpl.java:3423)
V/FlingTracker(  535): 	at android.view.ViewRootImpl$InputStage.onDeliverToNext(ViewRootImpl.java:3473)
V/FlingTracker(  535): 	at android.view.ViewRootImpl$InputStage.forward(ViewRootImpl.java:3442)
V/FlingTracker(  535): 	at android.view.ViewRootImpl$AsyncInputStage.forward(ViewRootImpl.java:3549)
V/FlingTracker(  535): 	at android.view.ViewRootImpl$InputStage.apply(ViewRootImpl.java:3450)
V/FlingTracker(  535): 	at android.view.ViewRootImpl$AsyncInputStage.apply(ViewRootImpl.java:3606)
V/FlingTracker(  535): 	at android.view.ViewRootImpl$InputStage.deliver(ViewRootImpl.java:3423)
V/FlingTracker(  535): 	at android.view.ViewRootImpl$InputStage.onDeliverToNext(ViewRootImpl.java:3473)
V/FlingTracker(  535): 	at android.view.ViewRootImpl$InputStage.forward(ViewRootImpl.java:3442)
V/FlingTracker(  535): 	at android.view.ViewRootImpl$InputStage.apply(ViewRootImpl.java:3450)
V/FlingTracker(  535): 	at android.view.ViewRootImpl$InputStage.deliver(ViewRootImpl.java:3423)
V/FlingTracker(  535): 	at android.view.ViewRootImpl.deliverInputEvent(ViewRootImpl.java:5626)
V/FlingTracker(  535): 	at android.view.ViewRootImpl.doProcessInputEvents(ViewRootImpl.java:5606)
V/FlingTracker(  535): 	at android.view.ViewRootImpl.enqueueInputEvent(ViewRootImpl.java:5577)
V/FlingTracker(  535): 	at android.view.ViewRootImpl$WindowInputEventReceiver.onInputEvent(ViewRootImpl.java:5706)
V/FlingTracker(  535): 	at android.view.InputEventReceiver.dispatchInputEvent(InputEventReceiver.java:185)
V/FlingTracker(  535): 	at android.os.MessageQueue.nativePollOnce(Native Method)
V/FlingTracker(  535): 	at android.os.MessageQueue.next(MessageQueue.java:138)
V/FlingTracker(  535): 	at android.os.Looper.loop(Looper.java:123)
V/FlingTracker(  535): 	at android.app.ActivityThread.main(ActivityThread.java:5019)
V/FlingTracker(  535): 	at java.lang.reflect.Method.invokeNative(Native Method)
V/FlingTracker(  535): 	at java.lang.reflect.Method.invoke(Method.java:515)
V/FlingTracker(  535): 	at com.android.internal.os.ZygoteInit$MethodAndArgsCaller.run(ZygoteInit.java:779)
V/FlingTracker(  535): 	at com.android.internal.os.ZygoteInit.main(ZygoteInit.java:595)
V/FlingTracker(  535): 	at dalvik.system.NativeStart.main(Native Method)
V/PanelView(  535): animationTick called with dtms=0; nothing to do (h=0.0 v=0.0)
I/ActivityManager(  480): START u0 {act=android.intent.action.MAIN cat=[android.intent.category.HOME] flg=0x10200000 cmp=com.vphone.launcher/.Launcher} from pid 480
I/System.out( 7767): body:<com.predictspring.mobile.consumer.predictspringapi.a.b: java.lang.String a(com.google.a.b.s)>	sig:$r10 = staticinvoke <java.net.URLEncoder: java.lang.String encode(java.lang.String,java.lang.String)>($r10, "UTF-8")	timediff:0
I/System.out( 7767): body:<com.predictspring.mobile.consumer.predictspringapi.a.b: java.lang.String a(com.google.a.b.s)>	sig:$r10 = staticinvoke <java.net.URLEncoder: java.lang.String encode(java.lang.String,java.lang.String)>($r10, "UTF-8")	timediff:0
I/System.out( 7767): body:<com.android.volley.toolbox.HurlStack: org.apache.http.HttpResponse performRequest(com.android.volley.Request,java.util.Map)>	sig:specialinvoke $r10.<java.net.URL: void <init>(java.lang.String)>($r8)	timediff:1
I/System.out( 7767): <com.android.volley.toolbox.HurlStack: org.apache.http.HttpResponse performRequest(com.android.volley.Request,java.util.Map)>###specialinvoke $r10.<java.net.URL: void <init>(java.lang.String)>($r8)###https://cloudservices.predictspring.com/search/activemobileconfig?deviceOS=ANDROID_TABLET&merchantID=CHARLOTTERUSSE593188
I/System.out( 7767): body:<com.android.volley.toolbox.HurlStack: java.net.HttpURLConnection createConnection(java.net.URL)>	sig:$r2 = virtualinvoke $r1.<java.net.URL: java.net.URLConnection openConnection()>()	timediff:0
I/System.out( 7767): body:<com.android.volley.toolbox.HurlStack: java.net.HttpURLConnection createConnection(java.net.URL)>	sig:$z0 = staticinvoke <java.net.HttpURLConnection: boolean getFollowRedirects()>()	timediff:0
I/System.out( 7767): body:<com.android.volley.toolbox.HurlStack: java.net.HttpURLConnection createConnection(java.net.URL)>	sig:virtualinvoke $r3.<java.net.HttpURLConnection: void setInstanceFollowRedirects(boolean)>($z0)	timediff:0
I/System.out( 7767): body:<com.android.volley.toolbox.HurlStack: java.net.HttpURLConnection openConnection(java.net.URL,com.android.volley.Request)>	sig:virtualinvoke $r3.<java.net.HttpURLConnection: void setConnectTimeout(int)>($i0)	timediff:0
I/System.out( 7767): body:<com.android.volley.toolbox.HurlStack: java.net.HttpURLConnection openConnection(java.net.URL,com.android.volley.Request)>	sig:virtualinvoke $r3.<java.net.HttpURLConnection: void setReadTimeout(int)>($i0)	timediff:0
I/System.out( 7767): body:<com.android.volley.toolbox.HurlStack: java.net.HttpURLConnection openConnection(java.net.URL,com.android.volley.Request)>	sig:virtualinvoke $r3.<java.net.HttpURLConnection: void setUseCaches(boolean)>(0)	timediff:0
I/System.out( 7767): body:<com.android.volley.toolbox.HurlStack: java.net.HttpURLConnection openConnection(java.net.URL,com.android.volley.Request)>	sig:virtualinvoke $r3.<java.net.HttpURLConnection: void setDoInput(boolean)>(1)	timediff:0
I/System.out( 7767): body:<com.android.volley.toolbox.HurlStack: java.net.HttpURLConnection openConnection(java.net.URL,com.android.volley.Request)>	sig:$r5 = virtualinvoke $r1.<java.net.URL: java.lang.String getProtocol()>()	timediff:0
I/System.out( 7767): body:<com.android.volley.toolbox.HurlStack: org.apache.http.HttpResponse performRequest(com.android.volley.Request,java.util.Map)>	sig:virtualinvoke $r11.<java.net.HttpURLConnection: void addRequestProperty(java.lang.String,java.lang.String)>($r8, $r5)	timediff:0
I/System.out( 7767): body:<com.android.volley.toolbox.HurlStack: org.apache.http.HttpResponse performRequest(com.android.volley.Request,java.util.Map)>	sig:virtualinvoke $r11.<java.net.HttpURLConnection: void addRequestProperty(java.lang.String,java.lang.String)>($r8, $r5)	timediff:0
I/System.out( 7767): body:<com.android.volley.toolbox.HurlStack: org.apache.http.HttpResponse performRequest(com.android.volley.Request,java.util.Map)>	sig:virtualinvoke $r11.<java.net.HttpURLConnection: void addRequestProperty(java.lang.String,java.lang.String)>($r8, $r5)	timediff:0
I/System.out( 7767): body:<com.android.volley.toolbox.HurlStack: org.apache.http.HttpResponse performRequest(com.android.volley.Request,java.util.Map)>	sig:virtualinvoke $r11.<java.net.HttpURLConnection: void addRequestProperty(java.lang.String,java.lang.String)>($r8, $r5)	timediff:0
I/System.out( 7767): body:<com.android.volley.toolbox.HurlStack: void setConnectionParametersForRequest(java.net.HttpURLConnection,com.android.volley.Request)>	sig:virtualinvoke $r0.<java.net.HttpURLConnection: void setRequestMethod(java.lang.String)>("GET")	timediff:0
I/qtaguid ( 7767): Tagging socket 41 with tag 4931441e00000000(1227965470) for uid -1 failed errno=-13
I/NetworkManagementSocketTagger( 7767): tagSocketFd(41, 1227965470, -1) failed with errno-13
I/qtaguid ( 7767): Untagging socket 41 failed errno=-13
W/NetworkManagementSocketTagger( 7767): untagSocket(41) failed with errno -13
I/qtaguid ( 7767): Tagging socket 41 with tag 4931441e00000000(1227965470) for uid -1 failed errno=-13
I/NetworkManagementSocketTagger( 7767): tagSocketFd(41, 1227965470, -1) failed with errno-13
I/qtaguid ( 7767): Untagging socket 41 failed errno=-13
W/NetworkManagementSocketTagger( 7767): untagSocket(41) failed with errno -13
I/qtaguid ( 7767): Tagging socket 41 with tag 4931441e00000000(1227965470) for uid -1 failed errno=-13
I/NetworkManagementSocketTagger( 7767): tagSocketFd(41, 1227965470, -1) failed with errno-13
I/qtaguid ( 7767): Untagging socket 41 failed errno=-13
W/NetworkManagementSocketTagger( 7767): untagSocket(41) failed with errno -13
I/qtaguid ( 7767): Tagging socket 41 with tag 4931441e00000000(1227965470) for uid -1 failed errno=-13
I/NetworkManagementSocketTagger( 7767): tagSocketFd(41, 1227965470, -1) failed with errno-13
D/FirebaseApp(  669): Notifying background state change listeners.
I/qtaguid ( 7767): Untagging socket 41 failed errno=-13
W/NetworkManagementSocketTagger( 7767): untagSocket(41) failed with errno -13
I/qtaguid ( 7767): Tagging socket 41 with tag 4931441e00000000(1227965470) for uid -1 failed errno=-13
I/NetworkManagementSocketTagger( 7767): tagSocketFd(41, 1227965470, -1) failed with errno-13
I/qtaguid ( 7767): Untagging socket 41 failed errno=-13
W/NetworkManagementSocketTagger( 7767): untagSocket(41) failed with errno -13
I/qtaguid ( 7767): Tagging socket 41 with tag 4931441e00000000(1227965470) for uid -1 failed errno=-13
I/NetworkManagementSocketTagger( 7767): tagSocketFd(41, 1227965470, -1) failed with errno-13
I/qtaguid ( 7767): Untagging socket 41 failed errno=-13
W/NetworkManagementSocketTagger( 7767): untagSocket(41) failed with errno -13
I/qtaguid ( 7767): Tagging socket 41 with tag 4931441e00000000(1227965470) for uid -1 failed errno=-13
I/NetworkManagementSocketTagger( 7767): tagSocketFd(41, 1227965470, -1) failed with errno-13
W/EGL_emulation(  669): eglSurfaceAttrib not implemented 3093 12436
D/Sensors (  480): Client connection accepted (185)
W/ViewRootImpl(  669): Dropping event due to no window focus: KeyEvent { action=ACTION_DOWN, keyCode=KEYCODE_MENU, scanCode=0, metaState=0, flags=0x8, repeatCount=0, eventTime=268682, downTime=268682, deviceId=-1, source=0x101 }
W/ContextImpl(  480): Calling a method in the system process without a qualified user: android.app.ContextImpl.sendBroadcast:1123 com.android.server.InputMethodManagerService.hideCurrentInputLocked:1880 com.android.server.InputMethodManagerService.windowGainedFocus:1968 com.android.internal.view.IInputMethodManager$Stub.onTransact:221 com.android.server.InputMethodManagerService.onTransact:818 
W/PropertyValuesHolder(  669): Method setBrightness() with type int not found on target class class ph
W/PropertyValuesHolder(  669): Method getBrightness() with type int not found on target class class ph
I/qtaguid ( 7767): Untagging socket 41 failed errno=-13
W/NetworkManagementSocketTagger( 7767): untagSocket(41) failed with errno -13
I/qtaguid ( 7767): Tagging socket 41 with tag 4931441e00000000(1227965470) for uid -1 failed errno=-13
I/NetworkManagementSocketTagger( 7767): tagSocketFd(41, 1227965470, -1) failed with errno-13
I/qtaguid ( 7767): Untagging socket 41 failed errno=-13
W/NetworkManagementSocketTagger( 7767): untagSocket(41) failed with errno -13
I/qtaguid ( 7767): Tagging socket 41 with tag 4931441e00000000(1227965470) for uid -1 failed errno=-13
I/NetworkManagementSocketTagger( 7767): tagSocketFd(41, 1227965470, -1) failed with errno-13
I/qtaguid ( 7767): Untagging socket 41 failed errno=-13
W/NetworkManagementSocketTagger( 7767): untagSocket(41) failed with errno -13
I/qtaguid ( 7767): Tagging socket 41 with tag 4931441e00000000(1227965470) for uid -1 failed errno=-13
I/NetworkManagementSocketTagger( 7767): tagSocketFd(41, 1227965470, -1) failed with errno-13
I/qtaguid ( 7767): Untagging socket 41 failed errno=-13
W/NetworkManagementSocketTagger( 7767): untagSocket(41) failed with errno -13
I/qtaguid ( 7767): Tagging socket 41 with tag 4931441e00000000(1227965470) for uid -1 failed errno=-13
I/NetworkManagementSocketTagger( 7767): tagSocketFd(41, 1227965470, -1) failed with errno-13
W/PropertyValuesHolder(  669): Method setBrightness() with type int not found on target class class ph
W/PropertyValuesHolder(  669): Method getBrightness() with type int not found on target class class ph
I/qtaguid ( 7767): Untagging socket 41 failed errno=-13
W/NetworkManagementSocketTagger( 7767): untagSocket(41) failed with errno -13
I/qtaguid ( 7767): Tagging socket 41 with tag 4931441e00000000(1227965470) for uid -1 failed errno=-13
I/NetworkManagementSocketTagger( 7767): tagSocketFd(41, 1227965470, -1) failed with errno-13
I/qtaguid ( 7767): Untagging socket 41 failed errno=-13
W/NetworkManagementSocketTagger( 7767): untagSocket(41) failed with errno -13
I/qtaguid ( 7767): Tagging socket 41 with tag 4931441e00000000(1227965470) for uid -1 failed errno=-13
I/NetworkManagementSocketTagger( 7767): tagSocketFd(41, 1227965470, -1) failed with errno-13
I/qtaguid ( 7767): Untagging socket 41 failed errno=-13
W/NetworkManagementSocketTagger( 7767): untagSocket(41) failed with errno -13
I/qtaguid ( 7767): Tagging socket 41 with tag 4931441e00000000(1227965470) for uid -1 failed errno=-13
I/NetworkManagementSocketTagger( 7767): tagSocketFd(41, 1227965470, -1) failed with errno-13
I/ActivityManager(  480): START u0 {act=android.intent.action.MAIN cat=[android.intent.category.LAUNCHER] flg=0x10200000 cmp=com.vphone.helper/.MainActivity bnds=[572,388][713,618] (has extras)} from pid 669
W/ContextImpl(  669): Calling a method in the system process without a qualified user: android.app.ContextImpl.sendBroadcast:1137 android.content.ContextWrapper.sendBroadcast:370 com.vphone.launcher.Stats.recordLaunch:129 com.vphone.launcher.Launcher.c:3192 com.vphone.launcher.Launcher.onClickAppShortcut:3144 
I/qtaguid ( 7767): Untagging socket 41 failed errno=-13
W/NetworkManagementSocketTagger( 7767): untagSocket(41) failed with errno -13
I/qtaguid ( 7767): Tagging socket 41 with tag 4931441e00000000(1227965470) for uid -1 failed errno=-13
I/NetworkManagementSocketTagger( 7767): tagSocketFd(41, 1227965470, -1) failed with errno-13
I/qtaguid ( 7767): Untagging socket 41 failed errno=-13
W/NetworkManagementSocketTagger( 7767): untagSocket(41) failed with errno -13
I/qtaguid ( 7767): Tagging socket 41 with tag 4931441e00000000(1227965470) for uid -1 failed errno=-13
I/NetworkManagementSocketTagger( 7767): tagSocketFd(41, 1227965470, -1) failed with errno-13
I/qtaguid ( 7767): Untagging socket 41 failed errno=-13
W/NetworkManagementSocketTagger( 7767): untagSocket(41) failed with errno -13
I/ActivityManager(  480): START u0 {act=android.intent.action.MAIN cat=[android.intent.category.LAUNCHER] flg=0x10000000 sel={act=android.intent.action.MAIN cat=[android.intent.category.APP_CALENDAR]}} from pid 480
I/ActivityManager(  480): START u0 {flg=0x10000000 cmp=com.vphone.launcher/.game.SearchActivity} from pid 669
W/DebugConnManager(  669): getNetworkInfo() on networkType 1
W/PropertyValuesHolder(  669): Method setBrightness() with type int not found on target class class ph
W/PropertyValuesHolder(  669): Method getBrightness() with type int not found on target class class ph
W/PropertyValuesHolder(  669): Method setBrightness() with type int not found on target class class ph
W/PropertyValuesHolder(  669): Method getBrightness() with type int not found on target class class ph
I/InputDispatcher(  480): Dropped event because of pending overdue app switch.
W/InputManager(  480): Input event injection from pid 7757 failed.
I/ActivityManager(  480): START u0 {act=android.intent.action.MAIN cat=[android.intent.category.LAUNCHER] flg=0x10200000 cmp=com.cyanogenmod.filemanager/.activities.NavigationActivity bnds=[149,388][290,618] (has extras)} from pid 669
W/ContextImpl(  669): Calling a method in the system process without a qualified user: android.app.ContextImpl.sendBroadcast:1137 android.content.ContextWrapper.sendBroadcast:370 com.vphone.launcher.Stats.recordLaunch:129 com.vphone.launcher.Launcher.c:3192 com.vphone.launcher.Launcher.onClickAppShortcut:3144 
W/SurfaceFlinger(  166): couldn't log to binary event log: overflow.
I/ActivityManager(  480): START u0 {act=android.intent.action.MAIN cat=[android.intent.category.LAUNCHER] flg=0x10200000 cmp=com.cyanogenmod.filemanager/.activities.NavigationActivity bnds=[149,388][290,618] (has extras)} from pid 669
W/ContextImpl(  669): Calling a method in the system process without a qualified user: android.app.ContextImpl.sendBroadcast:1137 android.content.ContextWrapper.sendBroadcast:370 com.vphone.launcher.Stats.recordLaunch:129 com.vphone.launcher.Launcher.c:3192 com.vphone.launcher.Launcher.onClickAppShortcut:3144 
D/Sensors (  480): Client connection accepted (194)
I/ActivityManager(  480): START u0 {act=android.intent.action.MAIN cat=[android.intent.category.HOME] flg=0x10200000 cmp=com.vphone.launcher/.Launcher} from pid 480
I/ActivityManager(  480): START u0 {act=android.intent.action.MAIN cat=[android.intent.category.LAUNCHER] flg=0x10200000 cmp=com.gpshopper.charlotterusse/com.predictspring.mobile.consumer.ui.login.LoginActivity} from pid 7757
D/dalvikvm(  480): GC_FOR_ALLOC freed 9827K, 44% free 15822K/28212K, paused 16ms, total 16ms
D/yeshen  (  669): launcher onpause
D/dalvikvm( 7767): GC_FOR_ALLOC freed 1309K, 9% free 14468K/15840K, paused 6ms, total 6ms
I/System.out( 7767): body:<com.adobe.mobile.an: java.net.HttpURLConnection a(java.lang.String)>	sig:specialinvoke $r1.<java.net.URL: void <init>(java.lang.String)>($r0)	timediff:0
I/System.out( 7767): <com.adobe.mobile.an: java.net.HttpURLConnection a(java.lang.String)>###specialinvoke $r1.<java.net.URL: void <init>(java.lang.String)>($r0)###https://charlotterusse.sc.omtrdc.net/b/ss/crcr-mobile-ps-prod/0/JAVA-4.8.1-AN/s53679075
I/System.out( 7767): body:<com.adobe.mobile.an: java.net.HttpURLConnection a(java.lang.String)>	sig:$r2 = virtualinvoke $r1.<java.net.URL: java.net.URLConnection openConnection()>()	timediff:0
I/System.out( 7767): body:<com.adobe.mobile.an: byte[] a(java.lang.String,java.lang.String,java.util.Map,int,java.lang.String)>	sig:virtualinvoke $r5.<java.net.HttpURLConnection: void setConnectTimeout(int)>($i0)	timediff:0
I/System.out( 7767): body:<com.adobe.mobile.an: byte[] a(java.lang.String,java.lang.String,java.util.Map,int,java.lang.String)>	sig:virtualinvoke $r5.<java.net.HttpURLConnection: void setReadTimeout(int)>($i0)	timediff:0
I/System.out( 7767): body:<com.adobe.mobile.an: byte[] a(java.lang.String,java.lang.String,java.util.Map,int,java.lang.String)>	sig:virtualinvoke $r5.<java.net.HttpURLConnection: void setRequestMethod(java.lang.String)>("POST")	timediff:0
I/System.out( 7767): body:<com.adobe.mobile.an: byte[] a(java.lang.String,java.lang.String,java.util.Map,int,java.lang.String)>	sig:virtualinvoke $r5.<java.net.HttpURLConnection: void setFixedLengthStreamingMode(int)>($i0)	timediff:0
I/System.out( 7767): body:<com.adobe.mobile.an: byte[] a(java.lang.String,java.lang.String,java.util.Map,int,java.lang.String)>	sig:virtualinvoke $r5.<java.net.HttpURLConnection: void setRequestProperty(java.lang.String,java.lang.String)>("Content-Type", "application/x-www-form-urlencoded")	timediff:0
I/System.out( 7767): body:<com.adobe.mobile.an: byte[] a(java.lang.String,java.lang.String,java.util.Map,int,java.lang.String)>	sig:virtualinvoke $r5.<java.net.HttpURLConnection: void setRequestProperty(java.lang.String,java.lang.String)>($r0, $r11)	timediff:0
I/System.out( 7767): body:<com.adobe.mobile.an: byte[] a(java.lang.String,java.lang.String,java.util.Map,int,java.lang.String)>	sig:virtualinvoke $r5.<java.net.HttpURLConnection: void setRequestProperty(java.lang.String,java.lang.String)>($r0, $r11)	timediff:0
I/System.out( 7767): body:<com.adobe.mobile.an: byte[] a(java.lang.String,java.lang.String,java.util.Map,int,java.lang.String)>	sig:$r15 = virtualinvoke $r5.<java.net.HttpURLConnection: java.io.OutputStream getOutputStream()>()	timediff:11
W/EGL_emulation( 7767): eglSurfaceAttrib not implemented 3093 12436
W/ViewRootImpl( 7767): Dropping event due to no window focus: KeyEvent { action=ACTION_DOWN, keyCode=KEYCODE_DPAD_RIGHT, scanCode=0, metaState=0, flags=0x8, repeatCount=0, eventTime=269301, downTime=269301, deviceId=-1, source=0x101 }
W/ViewRootImpl( 7767): Dropping event due to no window focus: KeyEvent { action=ACTION_DOWN, keyCode=KEYCODE_BUTTON_1, scanCode=0, metaState=0, flags=0x8, repeatCount=0, eventTime=269485, downTime=269485, deviceId=-1, source=0x101 }
W/ViewRootImpl( 7767): Dropping event due to no window focus: KeyEvent { action=ACTION_DOWN, keyCode=KEYCODE_DPAD_CENTER, scanCode=0, metaState=0, flags=0x8, repeatCount=0, eventTime=269485, downTime=269485, deviceId=-1, source=0x101 }
W/ViewRootImpl( 7767): Dropping event due to no window focus: KeyEvent { action=ACTION_DOWN, keyCode=KEYCODE_CAPTIONS, scanCode=0, metaState=0, flags=0x8, repeatCount=0, eventTime=269489, downTime=269489, deviceId=-1, source=0x101 }
W/ContextImpl(  480): Calling a method in the system process without a qualified user: android.app.ContextImpl.sendBroadcast:1123 com.android.server.InputMethodManagerService.hideCurrentInputLocked:1880 com.android.server.InputMethodManagerService.windowGainedFocus:1968 com.android.internal.view.IInputMethodManager$Stub.onTransact:221 com.android.server.InputMethodManagerService.onTransact:818 
I/System.out( 7767): body:<com.adobe.mobile.an: byte[] a(java.lang.String,java.lang.String,java.util.Map,int,java.lang.String)>	sig:$r16 = virtualinvoke $r5.<java.net.HttpURLConnection: java.io.InputStream getInputStream()>()	timediff:34
I/System.out( 7767): body:<empirical.HelperClass: void printURLInfo(java.lang.String,java.lang.String,java.net.URLConnection)>	sig:$r0 = virtualinvoke urlConnection.<java.net.URLConnection: java.net.URL getURL()>()	timediff:0
I/System.out( 7767): body:<empirical.HelperClass: void printURLInfo(java.lang.String,java.lang.String,java.net.URLConnection)>	sig:urlString = virtualinvoke $r0.<java.net.URL: java.lang.String toString()>()	timediff:0
I/System.out( 7767): body:<empirical.HelperClass: void printURLInfo(java.lang.String,java.lang.String,java.net.URLConnection)>	sig:isDoOutput = virtualinvoke urlConnection.<java.net.URLConnection: boolean getDoOutput()>()	timediff:0
I/System.out( 7767): body:<empirical.HelperClass: java.lang.String getHeaderField(java.net.URLConnection,java.lang.String)>	sig:data = virtualinvoke conn.<java.net.URLConnection: java.lang.String getHeaderField(java.lang.String)>(field)	timediff:0
I/System.out( 7767): body:<empirical.HelperClass: java.lang.String getHeaderField(java.net.URLConnection,java.lang.String)>	sig:data = virtualinvoke conn.<java.net.URLConnection: java.lang.String getHeaderField(java.lang.String)>(field)	timediff:0
I/System.out( 7767): body:<empirical.HelperClass: java.lang.String getHeaderField(java.net.URLConnection,java.lang.String)>	sig:data = virtualinvoke conn.<java.net.URLConnection: java.lang.String getHeaderField(java.lang.String)>(field)	timediff:0
I/System.out( 7767): body:<empirical.HelperClass: java.lang.String getHeaderField(java.net.URLConnection,java.lang.String)>	sig:data = virtualinvoke conn.<java.net.URLConnection: java.lang.String getHeaderField(java.lang.String)>(field)	timediff:0
I/System.out( 7767): body:<empirical.HelperClass: java.lang.String getHeaderField(java.net.URLConnection,java.lang.String)>	sig:data = virtualinvoke conn.<java.net.URLConnection: java.lang.String getHeaderField(java.lang.String)>(field)	timediff:0
I/System.out( 7767): URLConn;%;22;%;<com.adobe.mobile.an: byte[] a(java.lang.String,java.lang.String,java.util.Map,int,java.lang.String)>;%;$r16 = virtualinvoke $r5.<java.net.HttpURLConnection: java.io.InputStream getInputStream()>();%;https://charlotterusse.sc.omtrdc.net/b/ss/crcr-mobile-ps-prod/0/JAVA-4.8.1-AN/s53679075;%;false;%;1;%;no-cache, no-store, max-age=0, no-transform, private;%;Tue, 17 Apr 2018 18:01:20 GMT;%;Not found;%;Not found
I/ActivityManager(  480): Displayed com.gpshopper.charlotterusse/com.predictspring.mobile.consumer.ui.login.LoginActivity: +194ms
D/yeshen  (  669): launcher onstop
W/DebugConnManager(  669): getNetworkInfo() on networkType 1
D/FirebaseApp(  669): Notifying background state change listeners.
D/Tinker.DefaultAppLike(  669): onTrimMemory level:20
V/PanelView(  535): animationTick called with dtms=0; nothing to do (h=0.0 v=0.0)
I/ActivityManager(  480): START u0 {cmp=com.gpshopper.charlotterusse/com.predictspring.mobile.consumer.ui.login.MerchantSignUpActivity} from pid 7767
I/System.out( 7767): body:<com.adobe.mobile.an: java.net.HttpURLConnection a(java.lang.String)>	sig:specialinvoke $r1.<java.net.URL: void <init>(java.lang.String)>($r0)	timediff:0
I/System.out( 7767): <com.adobe.mobile.an: java.net.HttpURLConnection a(java.lang.String)>###specialinvoke $r1.<java.net.URL: void <init>(java.lang.String)>($r0)###https://charlotterusse.sc.omtrdc.net/b/ss/crcr-mobile-ps-prod/0/JAVA-4.8.1-AN/s12233439
I/System.out( 7767): body:<com.adobe.mobile.an: java.net.HttpURLConnection a(java.lang.String)>	sig:$r2 = virtualinvoke $r1.<java.net.URL: java.net.URLConnection openConnection()>()	timediff:0
I/System.out( 7767): body:<com.adobe.mobile.an: byte[] a(java.lang.String,java.lang.String,java.util.Map,int,java.lang.String)>	sig:virtualinvoke $r5.<java.net.HttpURLConnection: void setConnectTimeout(int)>($i0)	timediff:0
I/System.out( 7767): body:<com.adobe.mobile.an: byte[] a(java.lang.String,java.lang.String,java.util.Map,int,java.lang.String)>	sig:virtualinvoke $r5.<java.net.HttpURLConnection: void setReadTimeout(int)>($i0)	timediff:0
I/System.out( 7767): body:<com.adobe.mobile.an: byte[] a(java.lang.String,java.lang.String,java.util.Map,int,java.lang.String)>	sig:virtualinvoke $r5.<java.net.HttpURLConnection: void setRequestMethod(java.lang.String)>("POST")	timediff:0
I/System.out( 7767): body:<com.adobe.mobile.an: byte[] a(java.lang.String,java.lang.String,java.util.Map,int,java.lang.String)>	sig:virtualinvoke $r5.<java.net.HttpURLConnection: void setFixedLengthStreamingMode(int)>($i0)	timediff:0
I/System.out( 7767): body:<com.adobe.mobile.an: byte[] a(java.lang.String,java.lang.String,java.util.Map,int,java.lang.String)>	sig:virtualinvoke $r5.<java.net.HttpURLConnection: void setRequestProperty(java.lang.String,java.lang.String)>("Content-Type", "application/x-www-form-urlencoded")	timediff:0
I/System.out( 7767): body:<com.adobe.mobile.an: byte[] a(java.lang.String,java.lang.String,java.util.Map,int,java.lang.String)>	sig:virtualinvoke $r5.<java.net.HttpURLConnection: void setRequestProperty(java.lang.String,java.lang.String)>($r0, $r11)	timediff:0
I/System.out( 7767): body:<com.adobe.mobile.an: byte[] a(java.lang.String,java.lang.String,java.util.Map,int,java.lang.String)>	sig:virtualinvoke $r5.<java.net.HttpURLConnection: void setRequestProperty(java.lang.String,java.lang.String)>($r0, $r11)	timediff:0
W/ViewRootImpl( 7767): Dropping event due to no window focus: MotionEvent { action=ACTION_MOVE, id[0]=0, x[0]=2.0, y[0]=2.0, toolType[0]=TOOL_TYPE_UNKNOWN, buttonState=0, metaState=0, flags=0x0, edgeFlags=0x0, pointerCount=1, historySize=9, eventTime=269701, downTime=-1, deviceId=0, source=0x10004 }
I/System.out( 7767): body:<com.adobe.mobile.an: byte[] a(java.lang.String,java.lang.String,java.util.Map,int,java.lang.String)>	sig:$r15 = virtualinvoke $r5.<java.net.HttpURLConnection: java.io.OutputStream getOutputStream()>()	timediff:11
I/InputDispatcher(  480): Dropped event because of pending overdue app switch.
W/InputManager(  480): Input event injection from pid 7757 failed.
W/EGL_emulation( 7767): eglSurfaceAttrib not implemented 3093 12436
W/ViewRootImpl( 7767): Dropping event due to no window focus: KeyEvent { action=ACTION_DOWN, keyCode=KEYCODE_PROG_GREEN, scanCode=0, metaState=0, flags=0x8, repeatCount=0, eventTime=269753, downTime=269753, deviceId=-1, source=0x101 }
I/System.out( 7767): body:<com.adobe.mobile.an: byte[] a(java.lang.String,java.lang.String,java.util.Map,int,java.lang.String)>	sig:$r16 = virtualinvoke $r5.<java.net.HttpURLConnection: java.io.InputStream getInputStream()>()	timediff:37
I/System.out( 7767): body:<empirical.HelperClass: void printURLInfo(java.lang.String,java.lang.String,java.net.URLConnection)>	sig:$r0 = virtualinvoke urlConnection.<java.net.URLConnection: java.net.URL getURL()>()	timediff:0
I/System.out( 7767): body:<empirical.HelperClass: void printURLInfo(java.lang.String,java.lang.String,java.net.URLConnection)>	sig:urlString = virtualinvoke $r0.<java.net.URL: java.lang.String toString()>()	timediff:0
I/System.out( 7767): body:<empirical.HelperClass: void printURLInfo(java.lang.String,java.lang.String,java.net.URLConnection)>	sig:isDoOutput = virtualinvoke urlConnection.<java.net.URLConnection: boolean getDoOutput()>()	timediff:0
I/System.out( 7767): body:<empirical.HelperClass: java.lang.String getHeaderField(java.net.URLConnection,java.lang.String)>	sig:data = virtualinvoke conn.<java.net.URLConnection: java.lang.String getHeaderField(java.lang.String)>(field)	timediff:0
I/System.out( 7767): body:<empirical.HelperClass: java.lang.String getHeaderField(java.net.URLConnection,java.lang.String)>	sig:data = virtualinvoke conn.<java.net.URLConnection: java.lang.String getHeaderField(java.lang.String)>(field)	timediff:0
I/System.out( 7767): body:<empirical.HelperClass: java.lang.String getHeaderField(java.net.URLConnection,java.lang.String)>	sig:data = virtualinvoke conn.<java.net.URLConnection: java.lang.String getHeaderField(java.lang.String)>(field)	timediff:0
I/System.out( 7767): body:<empirical.HelperClass: java.lang.String getHeaderField(java.net.URLConnection,java.lang.String)>	sig:data = virtualinvoke conn.<java.net.URLConnection: java.lang.String getHeaderField(java.lang.String)>(field)	timediff:0
I/System.out( 7767): body:<empirical.HelperClass: java.lang.String getHeaderField(java.net.URLConnection,java.lang.String)>	sig:data = virtualinvoke conn.<java.net.URLConnection: java.lang.String getHeaderField(java.lang.String)>(field)	timediff:0
I/System.out( 7767): URLConn;%;23;%;<com.adobe.mobile.an: byte[] a(java.lang.String,java.lang.String,java.util.Map,int,java.lang.String)>;%;$r16 = virtualinvoke $r5.<java.net.HttpURLConnection: java.io.InputStream getInputStream()>();%;https://charlotterusse.sc.omtrdc.net/b/ss/crcr-mobile-ps-prod/0/JAVA-4.8.1-AN/s12233439;%;false;%;1;%;no-cache, no-store, max-age=0, no-transform, private;%;Tue, 17 Apr 2018 18:01:20 GMT;%;Not found;%;Not found
I/ActivityManager(  480): Displayed com.gpshopper.charlotterusse/com.predictspring.mobile.consumer.ui.login.MerchantSignUpActivity: +101ms
V/InputMethodService(  618): onEvaluateInputViewShown: config.hardKeyboardHidden = 1
W/ContextImpl(  480): Calling a method in the system process without a qualified user: android.app.ContextImpl.sendBroadcast:1123 com.android.server.InputMethodManagerService.showCurrentInputLocked:1791 com.android.server.InputMethodManagerService.windowGainedFocus:1985 com.android.internal.view.IInputMethodManager$Stub.onTransact:221 com.android.server.InputMethodManagerService.onTransact:818 
I/ActivityManager(  480): START u0 {act=android.intent.action.MAIN cat=[android.intent.category.LAUNCHER] flg=0x10200000 cmp=com.gpshopper.charlotterusse/com.predictspring.mobile.consumer.ui.login.LoginActivity} from pid 7757
I/ActivityManager(  480): START u0 {act=android.intent.action.MAIN cat=[android.intent.category.LAUNCHER] flg=0x10000000 cmp=com.android.contacts/.activities.PeopleActivity sel={act=android.intent.action.MAIN cat=[android.intent.category.APP_CONTACTS]}} from pid 480
V/InputMethodService(  618): onEvaluateInputViewShown: config.hardKeyboardHidden = 1
W/ContextImpl(  480): Calling a method in the system process without a qualified user: android.app.ContextImpl.sendBroadcast:1123 com.android.server.InputMethodManagerService.showCurrentInputLocked:1791 com.android.server.InputMethodManagerService.attachNewInputLocked:1095 com.android.server.InputMethodManagerService.startInputUncheckedLocked:1166 com.android.server.InputMethodManagerService.startInputLocked:1128 
V/InputMethodService(  618): onEvaluateInputViewShown: config.hardKeyboardHidden = 1
V/InputMethodService(  618): onEvaluateInputViewShown: config.hardKeyboardHidden = 1
W/ContextImpl(  480): Calling a method in the system process without a qualified user: android.app.ContextImpl.sendBroadcast:1123 com.android.server.InputMethodManagerService.showCurrentInputLocked:1791 com.android.server.InputMethodManagerService.attachNewInputLocked:1095 com.android.server.InputMethodManagerService.startInputUncheckedLocked:1166 com.android.server.InputMethodManagerService.startInputLocked:1128 
W/ContextImpl(  480): Calling a method in the system process without a qualified user: android.app.ContextImpl.sendBroadcast:1123 com.android.server.InputMethodManagerService.showCurrentInputLocked:1791 com.android.server.InputMethodManagerService.showSoftInput:1753 com.android.internal.view.IInputMethodManager$Stub.onTransact:175 com.android.server.InputMethodManagerService.onTransact:818 
I/System.out( 7767): body:<com.android.volley.toolbox.HurlStack: org.apache.http.HttpResponse performRequest(com.android.volley.Request,java.util.Map)>	sig:specialinvoke $r10.<java.net.URL: void <init>(java.lang.String)>($r8)	timediff:0
I/System.out( 7767): <com.android.volley.toolbox.HurlStack: org.apache.http.HttpResponse performRequest(com.android.volley.Request,java.util.Map)>###specialinvoke $r10.<java.net.URL: void <init>(java.lang.String)>($r8)###https://cloudservices.predictspring.com/search/v1/customer
I/System.out( 7767): body:<com.android.volley.toolbox.HurlStack: java.net.HttpURLConnection createConnection(java.net.URL)>	sig:$r2 = virtualinvoke $r1.<java.net.URL: java.net.URLConnection openConnection()>()	timediff:0
I/System.out( 7767): body:<com.android.volley.toolbox.HurlStack: java.net.HttpURLConnection createConnection(java.net.URL)>	sig:$z0 = staticinvoke <java.net.HttpURLConnection: boolean getFollowRedirects()>()	timediff:0
I/System.out( 7767): body:<com.android.volley.toolbox.HurlStack: java.net.HttpURLConnection createConnection(java.net.URL)>	sig:virtualinvoke $r3.<java.net.HttpURLConnection: void setInstanceFollowRedirects(boolean)>($z0)	timediff:0
I/System.out( 7767): body:<com.android.volley.toolbox.HurlStack: java.net.HttpURLConnection openConnection(java.net.URL,com.android.volley.Request)>	sig:virtualinvoke $r3.<java.net.HttpURLConnection: void setConnectTimeout(int)>($i0)	timediff:0
I/System.out( 7767): body:<com.android.volley.toolbox.HurlStack: java.net.HttpURLConnection openConnection(java.net.URL,com.android.volley.Request)>	sig:virtualinvoke $r3.<java.net.HttpURLConnection: void setReadTimeout(int)>($i0)	timediff:0
I/System.out( 7767): body:<com.android.volley.toolbox.HurlStack: java.net.HttpURLConnection openConnection(java.net.URL,com.android.volley.Request)>	sig:virtualinvoke $r3.<java.net.HttpURLConnection: void setUseCaches(boolean)>(0)	timediff:0
I/System.out( 7767): body:<com.android.volley.toolbox.HurlStack: java.net.HttpURLConnection openConnection(java.net.URL,com.android.volley.Request)>	sig:virtualinvoke $r3.<java.net.HttpURLConnection: void setDoInput(boolean)>(1)	timediff:0
I/System.out( 7767): body:<com.android.volley.toolbox.HurlStack: java.net.HttpURLConnection openConnection(java.net.URL,com.android.volley.Request)>	sig:$r5 = virtualinvoke $r1.<java.net.URL: java.lang.String getProtocol()>()	timediff:0
I/System.out( 7767): body:<com.android.volley.toolbox.HurlStack: org.apache.http.HttpResponse performRequest(com.android.volley.Request,java.util.Map)>	sig:virtualinvoke $r11.<java.net.HttpURLConnection: void addRequestProperty(java.lang.String,java.lang.String)>($r8, $r5)	timediff:0
I/System.out( 7767): body:<com.android.volley.toolbox.HurlStack: org.apache.http.HttpResponse performRequest(com.android.volley.Request,java.util.Map)>	sig:virtualinvoke $r11.<java.net.HttpURLConnection: void addRequestProperty(java.lang.String,java.lang.String)>($r8, $r5)	timediff:0
I/System.out( 7767): body:<com.android.volley.toolbox.HurlStack: org.apache.http.HttpResponse performRequest(com.android.volley.Request,java.util.Map)>	sig:virtualinvoke $r11.<java.net.HttpURLConnection: void addRequestProperty(java.lang.String,java.lang.String)>($r8, $r5)	timediff:0
I/System.out( 7767): body:<com.android.volley.toolbox.HurlStack: org.apache.http.HttpResponse performRequest(com.android.volley.Request,java.util.Map)>	sig:virtualinvoke $r11.<java.net.HttpURLConnection: void addRequestProperty(java.lang.String,java.lang.String)>($r8, $r5)	timediff:0
I/System.out( 7767): body:<com.android.volley.toolbox.HurlStack: void setConnectionParametersForRequest(java.net.HttpURLConnection,com.android.volley.Request)>	sig:virtualinvoke $r0.<java.net.HttpURLConnection: void setRequestMethod(java.lang.String)>("POST")	timediff:0
I/System.out( 7767): body:<com.android.volley.toolbox.HurlStack: void addBodyIfExists(java.net.HttpURLConnection,com.android.volley.Request)>	sig:virtualinvoke $r0.<java.net.HttpURLConnection: void setDoOutput(boolean)>(1)	timediff:0
I/System.out( 7767): body:<com.android.volley.toolbox.HurlStack: void addBodyIfExists(java.net.HttpURLConnection,com.android.volley.Request)>	sig:virtualinvoke $r0.<java.net.HttpURLConnection: void addRequestProperty(java.lang.String,java.lang.String)>("Content-Type", $r3)	timediff:0
I/qtaguid ( 7767): Tagging socket 41 with tag 4931441e00000000(1227965470) for uid -1 failed errno=-13
I/NetworkManagementSocketTagger( 7767): tagSocketFd(41, 1227965470, -1) failed with errno-13
I/qtaguid ( 7767): Untagging socket 41 failed errno=-13
W/NetworkManagementSocketTagger( 7767): untagSocket(41) failed with errno -13
I/qtaguid ( 7767): Tagging socket 41 with tag 4931441e00000000(1227965470) for uid -1 failed errno=-13
I/NetworkManagementSocketTagger( 7767): tagSocketFd(41, 1227965470, -1) failed with errno-13
V/InputMethodService(  618): onEvaluateInputViewShown: config.hardKeyboardHidden = 1
W/ContextImpl(  480): Calling a method in the system process without a qualified user: android.app.ContextImpl.sendBroadcast:1123 com.android.server.InputMethodManagerService.showCurrentInputLocked:1791 com.android.server.InputMethodManagerService.attachNewInputLocked:1095 com.android.server.InputMethodManagerService.startInputUncheckedLocked:1166 com.android.server.InputMethodManagerService.startInputLocked:1128 
I/qtaguid ( 7767): Untagging socket 41 failed errno=-13
W/NetworkManagementSocketTagger( 7767): untagSocket(41) failed with errno -13
I/qtaguid ( 7767): Tagging socket 41 with tag 4931441e00000000(1227965470) for uid -1 failed errno=-13
I/NetworkManagementSocketTagger( 7767): tagSocketFd(41, 1227965470, -1) failed with errno-13
V/InputMethodService(  618): onEvaluateInputViewShown: config.hardKeyboardHidden = 1
W/ContextImpl(  480): Calling a method in the system process without a qualified user: android.app.ContextImpl.sendBroadcast:1123 com.android.server.InputMethodManagerService.showCurrentInputLocked:1791 com.android.server.InputMethodManagerService.showSoftInput:1753 com.android.internal.view.IInputMethodManager$Stub.onTransact:175 com.android.server.InputMethodManagerService.onTransact:818 
I/qtaguid ( 7767): Untagging socket 41 failed errno=-13
W/NetworkManagementSocketTagger( 7767): untagSocket(41) failed with errno -13
I/qtaguid ( 7767): Tagging socket 41 with tag 4931441e00000000(1227965470) for uid -1 failed errno=-13
I/NetworkManagementSocketTagger( 7767): tagSocketFd(41, 1227965470, -1) failed with errno-13
I/qtaguid ( 7767): Untagging socket 41 failed errno=-13
W/NetworkManagementSocketTagger( 7767): untagSocket(41) failed with errno -13
