V/FlingTracker(  535): 	at android.os.Looper.loop(Looper.java:123)
V/FlingTracker(  535): 	at android.app.ActivityThread.main(ActivityThread.java:5019)
V/FlingTracker(  535): 	at java.lang.reflect.Method.invokeNative(Native Method)
V/FlingTracker(  535): 	at java.lang.reflect.Method.invoke(Method.java:515)
V/FlingTracker(  535): 	at com.android.internal.os.ZygoteInit$MethodAndArgsCaller.run(ZygoteInit.java:779)
V/FlingTracker(  535): 	at com.android.internal.os.ZygoteInit.main(ZygoteInit.java:595)
V/FlingTracker(  535): 	at dalvik.system.NativeStart.main(Native Method)
V/PanelView(  535): animationTick called with dtms=0; nothing to do (h=465.34024 v=0.0)
V/PanelView(  535): animationTick called with dtms=0; nothing to do (h=465.34024 v=-3000.0)
V/PanelView(  535): animationTick called with dtms=0; nothing to do (h=465.34024 v=-3000.0)
I/ActivityManager(  480): START u0 {act=android.intent.action.MAIN cat=[android.intent.category.LAUNCHER] flg=0x10200000 cmp=de.locanto.app/.MainActivity} from pid 14528
V/FlingTracker(  535): computeCurrentVelocity warning: totalweight=0
V/FlingTracker(  535): java.lang.Throwable
V/FlingTracker(  535): 	at com.android.systemui.statusbar.phone.PanelView$FlingTracker.computeCurrentVelocity(PanelView.java:162)
V/FlingTracker(  535): 	at com.android.systemui.statusbar.phone.PanelView$3.onTouch(PanelView.java:462)
V/FlingTracker(  535): 	at android.view.View.dispatchTouchEvent(View.java:7701)
V/FlingTracker(  535): 	at com.android.systemui.statusbar.phone.NotificationPanelView.onTouchEvent(NotificationPanelView.java:138)
V/FlingTracker(  535): 	at android.view.View.dispatchTouchEvent(View.java:7706)
V/FlingTracker(  535): 	at android.view.ViewGroup.dispatchTransformedTouchEvent(ViewGroup.java:2210)
V/FlingTracker(  535): 	at android.view.ViewGroup.dispatchTouchEvent(ViewGroup.java:1945)
V/FlingTracker(  535): 	at android.view.ViewGroup.dispatchTransformedTouchEvent(ViewGroup.java:2216)
V/FlingTracker(  535): 	at android.view.ViewGroup.dispatchTouchEvent(ViewGroup.java:1959)
V/FlingTracker(  535): 	at android.view.ViewGroup.dispatchTransformedTouchEvent(ViewGroup.java:2216)
V/FlingTracker(  535): 	at android.view.ViewGroup.dispatchTouchEvent(ViewGroup.java:1959)
V/FlingTracker(  535): 	at android.view.View.dispatchPointerEvent(View.java:7886)
V/FlingTracker(  535): 	at android.view.ViewRootImpl$ViewPostImeInputStage.processPointerEvent(ViewRootImpl.java:3978)
V/FlingTracker(  535): 	at android.view.ViewRootImpl$ViewPostImeInputStage.onProcess(ViewRootImpl.java:3857)
V/FlingTracker(  535): 	at android.view.ViewRootImpl$InputStage.deliver(ViewRootImpl.java:3423)
V/FlingTracker(  535): 	at android.view.ViewRootImpl$InputStage.onDeliverToNext(ViewRootImpl.java:3473)
V/FlingTracker(  535): 	at android.view.ViewRootImpl$InputStage.forward(ViewRootImpl.java:3442)
V/FlingTracker(  535): 	at android.view.ViewRootImpl$AsyncInputStage.forward(ViewRootImpl.java:3549)
V/FlingTracker(  535): 	at android.view.ViewRootImpl$InputStage.apply(ViewRootImpl.java:3450)
V/FlingTracker(  535): 	at android.view.ViewRootImpl$AsyncInputStage.apply(ViewRootImpl.java:3606)
V/FlingTracker(  535): 	at android.view.ViewRootImpl$InputStage.deliver(ViewRootImpl.java:3423)
V/FlingTracker(  535): 	at android.view.ViewRootImpl$InputStage.onDeliverToNext(ViewRootImpl.java:3473)
V/FlingTracker(  535): 	at android.view.ViewRootImpl$InputStage.forward(ViewRootImpl.java:3442)
V/FlingTracker(  535): 	at android.view.ViewRootImpl$InputStage.apply(ViewRootImpl.java:3450)
V/FlingTracker(  535): 	at android.view.ViewRootImpl$InputStage.deliver(ViewRootImpl.java:3423)
V/FlingTracker(  535): 	at android.view.ViewRootImpl.deliverInputEvent(ViewRootImpl.java:5626)
V/FlingTracker(  535): 	at android.view.ViewRootImpl.doProcessInputEvents(ViewRootImpl.java:5606)
V/FlingTracker(  535): 	at android.view.ViewRootImpl.enqueueInputEvent(ViewRootImpl.java:5577)
V/FlingTracker(  535): 	at android.view.ViewRootImpl$WindowInputEventReceiver.onInputEvent(ViewRootImpl.java:5706)
V/FlingTracker(  535): 	at android.view.InputEventReceiver.dispatchInputEvent(InputEventReceiver.java:185)
V/FlingTracker(  535): 	at android.os.MessageQueue.nativePollOnce(Native Method)
V/FlingTracker(  535): 	at android.os.MessageQueue.next(MessageQueue.java:138)
V/FlingTracker(  535): 	at android.os.Looper.loop(Looper.java:123)
V/FlingTracker(  535): 	at android.app.ActivityThread.main(ActivityThread.java:5019)
V/FlingTracker(  535): 	at java.lang.reflect.Method.invokeNative(Native Method)
V/FlingTracker(  535): 	at java.lang.reflect.Method.invoke(Method.java:515)
V/FlingTracker(  535): 	at com.android.internal.os.ZygoteInit$MethodAndArgsCaller.run(ZygoteInit.java:779)
V/FlingTracker(  535): 	at com.android.internal.os.ZygoteInit.main(ZygoteInit.java:595)
V/FlingTracker(  535): 	at dalvik.system.NativeStart.main(Native Method)
V/PanelView(  535): animationTick called with dtms=0; nothing to do (h=465.34024 v=0.0)
V/PanelView(  535): animationTick called with dtms=0; nothing to do (h=465.34024 v=-3000.0)
V/PanelView(  535): animationTick called with dtms=0; nothing to do (h=465.34024 v=-3000.0)
V/PanelView(  535): animationTick called with dtms=0; nothing to do (h=465.34024 v=-3000.0)
V/PanelView(  535): animationTick called with dtms=0; nothing to do (h=465.34024 v=-3000.0)
V/PanelView(  535): animationTick called with dtms=-10; nothing to do (h=465.34024 v=-3000.0)
W/InputMethodManagerService(  480): Window already focused, ignoring focus gain of: com.android.internal.view.IInputMethodClient$Stub$Proxy@4a9cb160 attribute=null, token = android.os.BinderProxy@4a9995b4
D/dalvikvm(14538): GC_CONCURRENT freed 343K, 7% free 5301K/5680K, paused 0ms+0ms, total 11ms
D/CordovaNetworkManager(14538): Connection Type: wifi
D/CordovaNetworkManager(14538): Connection Extra Info: "AndroidAP"
I/chromium(14538): [INFO:async_pixel_transfer_manager_android.cc(56)] Async pixel transfers not supported
I/chromium(14538): [INFO:async_pixel_transfer_manager_android.cc(56)] Async pixel transfers not supported
W/DebugConnManager(  669): getNetworkInfo() on networkType 1
D/CordovaNetworkManager(14538): Connection Type: wifi
D/CordovaNetworkManager(14538): Connection Extra Info: "AndroidAP"
W/EGL_emulation(  535): eglSurfaceAttrib not implemented 3093 12436
W/UnimplementedWebViewApi(14538): Unimplemented WebView method onKeyDown called from: android.webkit.WebView.onKeyDown(WebView.java:2169)
W/UnimplementedWebViewApi(14538): Unimplemented WebView method onKeyDown called from: android.webkit.WebView.onKeyDown(WebView.java:2169)
W/ViewRootImpl(14538): Dropping event due to no window focus: KeyEvent { action=ACTION_DOWN, keyCode=KEYCODE_DPAD_LEFT, scanCode=0, metaState=0, flags=0x8, repeatCount=0, eventTime=521055, downTime=521055, deviceId=-1, source=0x101 }
I/ActivityManager(  480): START u0 {act=android.intent.action.MAIN cat=[android.intent.category.LAUNCHER] flg=0x10000000 sel={act=android.intent.action.MAIN cat=[android.intent.category.APP_EMAIL]}} from pid 480
W/ViewRootImpl(14538): Dropping event due to no window focus: KeyEvent { action=ACTION_DOWN, keyCode=KEYCODE_F12, scanCode=0, metaState=0, flags=0x8, repeatCount=0, eventTime=521076, downTime=521076, deviceId=-1, source=0x101 }
W/EGL_emulation(14538): eglSurfaceAttrib not implemented 3093 12436
I/SnapScrollController(14538): setSnapScrollingMode case-default no-op
I/SnapScrollController(14538): setSnapScrollingMode case-default no-op
W/InputMethodManagerService(  480): Window already focused, ignoring focus gain of: com.android.internal.view.IInputMethodClient$Stub$Proxy@4b1306a8 attribute=null, token = android.os.BinderProxy@4a9995b4
W/UnimplementedWebViewApi(14538): Unimplemented WebView method onKeyDown called from: android.webkit.WebView.onKeyDown(WebView.java:2169)
W/UnimplementedWebViewApi(14538): Unimplemented WebView method onKeyDown called from: android.webkit.WebView.onKeyDown(WebView.java:2169)
W/ViewRootImpl(14538): Dropping event due to no window focus: KeyEvent { action=ACTION_DOWN, keyCode=KEYCODE_DPAD_RIGHT, scanCode=0, metaState=0, flags=0x8, repeatCount=0, eventTime=521328, downTime=521328, deviceId=-1, source=0x101 }
W/EGL_emulation(14538): eglSurfaceAttrib not implemented 3093 12436
W/UnimplementedWebViewApi(14538): Unimplemented WebView method onKeyMultiple called from: android.webkit.WebView.onKeyMultiple(WebView.java:2179)
W/UnimplementedWebViewApi(14538): Unimplemented WebView method onKeyDown called from: android.webkit.WebView.onKeyDown(WebView.java:2169)
W/InputMethodManagerService(  480): Window already focused, ignoring focus gain of: com.android.internal.view.IInputMethodClient$Stub$Proxy@4aa1e9d0 attribute=null, token = android.os.BinderProxy@4a9995b4
W/UnimplementedWebViewApi(14538): Unimplemented WebView method onKeyMultiple called from: android.webkit.WebView.onKeyMultiple(WebView.java:2179)
W/UnimplementedWebViewApi(14538): Unimplemented WebView method onKeyDown called from: android.webkit.WebView.onKeyDown(WebView.java:2169)
W/UnimplementedWebViewApi(14538): Unimplemented WebView method onKeyDown called from: android.webkit.WebView.onKeyDown(WebView.java:2169)
W/UnimplementedWebViewApi(14538): Unimplemented WebView method onKeyDown called from: android.webkit.WebView.onKeyDown(WebView.java:2169)
W/ViewRootImpl(14538): Dropping event due to no window focus: KeyEvent { action=ACTION_DOWN, keyCode=KEYCODE_DPAD_LEFT, scanCode=0, metaState=0, flags=0x8, repeatCount=0, eventTime=521608, downTime=521608, deviceId=-1, source=0x101 }
W/EGL_emulation(14538): eglSurfaceAttrib not implemented 3093 12436
W/ViewRootImpl(14538): Dropping event due to no window focus: KeyEvent { action=ACTION_DOWN, keyCode=KEYCODE_DPAD_LEFT, scanCode=0, metaState=0, flags=0x8, repeatCount=0, eventTime=521611, downTime=521611, deviceId=-1, source=0x101 }
I/ActivityManager(  480): START u0 {act=android.intent.action.MAIN cat=[android.intent.category.LAUNCHER] flg=0x10200000 cmp=de.locanto.app/.MainActivity} from pid 14528
W/UnimplementedWebViewApi(14538): Unimplemented WebView method onKeyDown called from: android.webkit.WebView.onKeyDown(WebView.java:2169)
W/InputMethodManagerService(  480): Window already focused, ignoring focus gain of: com.android.internal.view.IInputMethodClient$Stub$Proxy@4aa06f60 attribute=null, token = android.os.BinderProxy@4a9995b4
W/ViewRootImpl(14538): Dropping event due to no window focus: KeyEvent { action=ACTION_DOWN, keyCode=KEYCODE_DPAD_UP, scanCode=0, metaState=0, flags=0x8, repeatCount=0, eventTime=521674, downTime=521674, deviceId=-1, source=0x101 }
D/dalvikvm(14538): GC_CONCURRENT freed 2000K, 34% free 4036K/6092K, paused 3ms+1ms, total 6ms
W/EGL_emulation(14538): eglSurfaceAttrib not implemented 3093 12436
W/ViewRootImpl(14538): Dropping event due to no window focus: KeyEvent { action=ACTION_DOWN, keyCode=KEYCODE_DPAD_RIGHT, scanCode=0, metaState=0, flags=0x8, repeatCount=0, eventTime=521690, downTime=521690, deviceId=-1, source=0x101 }
I/ActivityManager(  480): START u0 {act=android.intent.action.MAIN cat=[android.intent.category.LAUNCHER] flg=0x10200000 cmp=de.locanto.app/.MainActivity} from pid 14528
W/ViewRootImpl(14538): Dropping event due to no window focus: KeyEvent { action=ACTION_DOWN, keyCode=KEYCODE_NUM, scanCode=0, metaState=0, flags=0x8, repeatCount=0, eventTime=521839, downTime=521839, deviceId=-1, source=0x101 }
W/ViewRootImpl(14538): Dropping event due to no window focus: KeyEvent { action=ACTION_DOWN, keyCode=KEYCODE_DPAD_LEFT, scanCode=0, metaState=0, flags=0x8, repeatCount=0, eventTime=521855, downTime=521855, deviceId=-1, source=0x101 }
W/InputMethodManagerService(  480): Window already focused, ignoring focus gain of: com.android.internal.view.IInputMethodClient$Stub$Proxy@4aa01024 attribute=null, token = android.os.BinderProxy@4a9995b4
I/ActivityManager(  480): START u0 {act=android.intent.action.MAIN cat=[android.intent.category.LAUNCHER] flg=0x10200000 cmp=de.locanto.app/.MainActivity} from pid 14528
W/UnimplementedWebViewApi(14538): Unimplemented WebView method onKeyMultiple called from: android.webkit.WebView.onKeyMultiple(WebView.java:2179)
W/UnimplementedWebViewApi(14538): Unimplemented WebView method onKeyDown called from: android.webkit.WebView.onKeyDown(WebView.java:2169)
W/UnimplementedWebViewApi(14538): Unimplemented WebView method onKeyDown called from: android.webkit.WebView.onKeyDown(WebView.java:2169)
W/UnimplementedWebViewApi(14538): Unimplemented WebView method onKeyMultiple called from: android.webkit.WebView.onKeyMultiple(WebView.java:2179)
D/dalvikvm(14538): GC_CONCURRENT freed 375K, 34% free 4045K/6092K, paused 2ms+0ms, total 4ms
W/UnimplementedWebViewApi(14538): Unimplemented WebView method onKeyDown called from: android.webkit.WebView.onKeyDown(WebView.java:2169)
W/UnimplementedWebViewApi(14538): Unimplemented WebView method onKeyMultiple called from: android.webkit.WebView.onKeyMultiple(WebView.java:2179)
W/UnimplementedWebViewApi(14538): Unimplemented WebView method onKeyDown called from: android.webkit.WebView.onKeyDown(WebView.java:2169)
W/UnimplementedWebViewApi(14538): Unimplemented WebView method onKeyDown called from: android.webkit.WebView.onKeyDown(WebView.java:2169)
W/EGL_emulation(14538): eglSurfaceAttrib not implemented 3093 12436
W/UnimplementedWebViewApi(14538): Unimplemented WebView method onKeyMultiple called from: android.webkit.WebView.onKeyMultiple(WebView.java:2179)
W/UnimplementedWebViewApi(14538): Unimplemented WebView method onKeyDown called from: android.webkit.WebView.onKeyDown(WebView.java:2169)
W/ViewRootImpl(14538): Dropping event due to no window focus: KeyEvent { action=ACTION_DOWN, keyCode=KEYCODE_DPAD_RIGHT, scanCode=0, metaState=0, flags=0x8, repeatCount=0, eventTime=522475, downTime=522475, deviceId=-1, source=0x101 }
W/InputMethodManagerService(  480): Window already focused, ignoring focus gain of: com.android.internal.view.IInputMethodClient$Stub$Proxy@4a9f82f4 attribute=null, token = android.os.BinderProxy@4a9995b4
W/UnimplementedWebViewApi(14538): Unimplemented WebView method onKeyDown called from: android.webkit.WebView.onKeyDown(WebView.java:2169)
W/ViewRootImpl(14538): Dropping event due to no window focus: KeyEvent { action=ACTION_DOWN, keyCode=KEYCODE_BUTTON_L1, scanCode=0, metaState=0, flags=0x8, repeatCount=0, eventTime=522521, downTime=522521, deviceId=-1, source=0x101 }
W/EGL_emulation(14538): eglSurfaceAttrib not implemented 3093 12436
W/ViewRootImpl(14538): Dropping event due to no window focus: KeyEvent { action=ACTION_DOWN, keyCode=KEYCODE_DPAD_LEFT, scanCode=0, metaState=0, flags=0x8, repeatCount=0, eventTime=522524, downTime=522524, deviceId=-1, source=0x101 }
W/ViewRootImpl(14538): Dropping event due to no window focus: KeyEvent { action=ACTION_DOWN, keyCode=KEYCODE_DPAD_RIGHT, scanCode=0, metaState=0, flags=0x8, repeatCount=0, eventTime=522598, downTime=522598, deviceId=-1, source=0x101 }
W/InputMethodManagerService(  480): Window already focused, ignoring focus gain of: com.android.internal.view.IInputMethodClient$Stub$Proxy@4aaca820 attribute=null, token = android.os.BinderProxy@4a9995b4
W/UnimplementedWebViewApi(14538): Unimplemented WebView method onKeyMultiple called from: android.webkit.WebView.onKeyMultiple(WebView.java:2179)
W/UnimplementedWebViewApi(14538): Unimplemented WebView method onKeyDown called from: android.webkit.WebView.onKeyDown(WebView.java:2169)
W/UnimplementedWebViewApi(14538): Unimplemented WebView method onKeyDown called from: android.webkit.WebView.onKeyDown(WebView.java:2169)
D/dalvikvm(  669): GC_FOR_ALLOC freed 1642K, 5% free 199823K/209052K, paused 38ms, total 38ms
I/dalvikvm-heap(  669): Grow heap (frag case) to 196.167MB for 956556-byte allocation
W/UnimplementedWebViewApi(14538): Unimplemented WebView method onKeyDown called from: android.webkit.WebView.onKeyDown(WebView.java:2169)
W/ViewRootImpl(14538): Dropping event due to no window focus: KeyEvent { action=ACTION_DOWN, keyCode=KEYCODE_DPAD_CENTER, scanCode=0, metaState=0, flags=0x8, repeatCount=0, eventTime=522812, downTime=522812, deviceId=-1, source=0x101 }
D/dalvikvm(  669): GC_FOR_ALLOC freed 4K, 5% free 200753K/209988K, paused 47ms, total 47ms
D/dalvikvm(  669): GC_FOR_ALLOC freed 53K, 5% free 200752K/209988K, paused 39ms, total 39ms
I/dalvikvm-heap(  669): Grow heap (frag case) to 197.075MB for 956556-byte allocation
W/EGL_emulation(14538): eglSurfaceAttrib not implemented 3093 12436
W/ViewRootImpl(14538): Dropping event due to no window focus: KeyEvent { action=ACTION_DOWN, keyCode=KEYCODE_DPAD_RIGHT, scanCode=0, metaState=0, flags=0x8, repeatCount=0, eventTime=522840, downTime=522840, deviceId=-1, source=0x101 }
D/dalvikvm(  669): GC_FOR_ALLOC freed <1K, 5% free 201686K/210924K, paused 38ms, total 38ms
I/ActivityManager(  480): START u0 {act=android.intent.action.MAIN cat=[android.intent.category.LAUNCHER] flg=0x10200000 cmp=de.locanto.app/.MainActivity} from pid 14528
D/dalvikvm(  669): GC_FOR_ALLOC freed 226K, 5% free 201711K/210924K, paused 37ms, total 37ms
I/dalvikvm-heap(  669): Grow heap (frag case) to 198.012MB for 956556-byte allocation
W/ViewRootImpl(14538): Dropping event due to no window focus: KeyEvent { action=ACTION_DOWN, keyCode=KEYCODE_MENU, scanCode=0, metaState=0, flags=0x8, repeatCount=0, eventTime=522982, downTime=522982, deviceId=-1, source=0x101 }
W/ViewRootImpl(14538): Dropping event due to no window focus: KeyEvent { action=ACTION_DOWN, keyCode=KEYCODE_DPAD_LEFT, scanCode=0, metaState=0, flags=0x8, repeatCount=0, eventTime=522985, downTime=522985, deviceId=-1, source=0x101 }
I/ActivityManager(  480): START u0 {act=android.intent.action.MAIN cat=[android.intent.category.LAUNCHER] flg=0x10000000 sel={act=android.intent.action.MAIN cat=[android.intent.category.APP_CALCULATOR]}} from pid 480
W/ViewRootImpl(14538): Dropping event due to no window focus: KeyEvent { action=ACTION_DOWN, keyCode=KEYCODE_DPAD_DOWN, scanCode=0, metaState=0, flags=0x8, repeatCount=0, eventTime=522999, downTime=522999, deviceId=-1, source=0x101 }
W/UnimplementedWebViewApi(14538): Unimplemented WebView method onKeyDown called from: android.webkit.WebView.onKeyDown(WebView.java:2169)
D/dalvikvm(  669): GC_FOR_ALLOC freed 0K, 5% free 202645K/211860K, paused 51ms, total 51ms
W/InputMethodManagerService(  480): Window already focused, ignoring focus gain of: com.android.internal.view.IInputMethodClient$Stub$Proxy@4abd0dcc attribute=null, token = android.os.BinderProxy@4a9995b4
D/dalvikvm(  669): GC_FOR_ALLOC freed 103K, 5% free 202822K/211860K, paused 46ms, total 46ms
I/dalvikvm-heap(  669): Grow heap (frag case) to 199.097MB for 956556-byte allocation
D/dalvikvm(  669): GC_FOR_ALLOC freed <1K, 5% free 203756K/212796K, paused 36ms, total 36ms
D/dalvikvm(  669): GC_FOR_ALLOC freed 336K, 5% free 203537K/212796K, paused 37ms, total 37ms
I/dalvikvm-heap(  669): Grow heap (frag case) to 199.794MB for 956556-byte allocation
D/dalvikvm(  669): GC_FOR_ALLOC freed <1K, 5% free 204470K/213732K, paused 44ms, total 44ms
D/dalvikvm(  669): GC_FOR_ALLOC freed 51K, 5% free 204518K/213732K, paused 35ms, total 35ms
I/dalvikvm-heap(  669): Grow heap (frag case) to 200.752MB for 956556-byte allocation
W/UnimplementedWebViewApi(14538): Unimplemented WebView method onKeyMultiple called from: android.webkit.WebView.onKeyMultiple(WebView.java:2179)
W/UnimplementedWebViewApi(14538): Unimplemented WebView method onKeyDown called from: android.webkit.WebView.onKeyDown(WebView.java:2169)
W/UnimplementedWebViewApi(14538): Unimplemented WebView method onKeyDown called from: android.webkit.WebView.onKeyDown(WebView.java:2169)
W/ViewRootImpl(14538): Dropping event due to no window focus: KeyEvent { action=ACTION_DOWN, keyCode=KEYCODE_DPAD_DOWN, scanCode=0, metaState=0, flags=0x8, repeatCount=0, eventTime=523234, downTime=523234, deviceId=-1, source=0x101 }
W/ViewRootImpl(14538): Dropping event due to no window focus: KeyEvent { action=ACTION_DOWN, keyCode=KEYCODE_NOTIFICATION, scanCode=0, metaState=0, flags=0x8, repeatCount=0, eventTime=523247, downTime=523247, deviceId=-1, source=0x101 }
W/ViewRootImpl(14538): Dropping event due to no window focus: KeyEvent { action=ACTION_DOWN, keyCode=KEYCODE_DPAD_DOWN, scanCode=0, metaState=0, flags=0x8, repeatCount=0, eventTime=523248, downTime=523248, deviceId=-1, source=0x101 }
W/ViewRootImpl(14538): Dropping event due to no window focus: KeyEvent { action=ACTION_DOWN, keyCode=KEYCODE_DPAD_RIGHT, scanCode=0, metaState=0, flags=0x8, repeatCount=0, eventTime=523249, downTime=523249, deviceId=-1, source=0x101 }
I/ActivityManager(  480): START u0 {act=android.intent.action.MAIN cat=[android.intent.category.LAUNCHER] flg=0x10200000 cmp=de.locanto.app/.MainActivity} from pid 14528
D/dalvikvm(  669): GC_FOR_ALLOC freed <1K, 5% free 205452K/214668K, paused 40ms, total 40ms
D/dalvikvm(  669): GC_FOR_ALLOC freed 100K, 5% free 205453K/214668K, paused 31ms, total 31ms
I/dalvikvm-heap(  669): Grow heap (frag case) to 201.666MB for 956556-byte allocation
W/EGL_emulation(14538): eglSurfaceAttrib not implemented 3093 12436
D/dalvikvm(  669): GC_FOR_ALLOC freed <1K, 5% free 206387K/215604K, paused 37ms, total 37ms
W/InputEventReceiver(14538): Attempted to finish an input event but the input event receiver has already been disposed.
W/ViewRootImpl(14538): Dropping event due to no window focus: KeyEvent { action=ACTION_DOWN, keyCode=KEYCODE_MENU, scanCode=0, metaState=0, flags=0x8, repeatCount=0, eventTime=523371, downTime=523371, deviceId=-1, source=0x101 }
D/dalvikvm(  669): GC_FOR_ALLOC freed 101K, 5% free 206387K/215604K, paused 40ms, total 40ms
I/dalvikvm-heap(  669): Grow heap (frag case) to 202.578MB for 956556-byte allocation
W/EGL_emulation(14538): eglSurfaceAttrib not implemented 3093 12436
W/InputMethodManagerService(  480): Window already focused, ignoring focus gain of: com.android.internal.view.IInputMethodClient$Stub$Proxy@4a9cf218 attribute=null, token = android.os.BinderProxy@4a9995b4
D/dalvikvm(  669): GC_FOR_ALLOC freed 0K, 5% free 207321K/216540K, paused 41ms, total 41ms
W/ViewRootImpl(14538): Dropping event due to no window focus: KeyEvent { action=ACTION_DOWN, keyCode=KEYCODE_DPAD_RIGHT, scanCode=0, metaState=0, flags=0x8, repeatCount=0, eventTime=523442, downTime=523442, deviceId=-1, source=0x101 }
W/ViewRootImpl(14538): Dropping event due to no window focus: KeyEvent { action=ACTION_DOWN, keyCode=KEYCODE_DPAD_UP, scanCode=0, metaState=0, flags=0x8, repeatCount=0, eventTime=523444, downTime=523444, deviceId=-1, source=0x101 }
W/InputMethodManagerService(  480): Window already focused, ignoring focus gain of: com.android.internal.view.IInputMethodClient$Stub$Proxy@4b161b0c attribute=null, token = android.os.BinderProxy@4a9995b4
D/dalvikvm(14538): GC_CONCURRENT freed 380K, 34% free 4048K/6092K, paused 2ms+1ms, total 4ms
W/UnimplementedWebViewApi(14538): Unimplemented WebView method onKeyMultiple called from: android.webkit.WebView.onKeyMultiple(WebView.java:2179)
W/UnimplementedWebViewApi(14538): Unimplemented WebView method onKeyDown called from: android.webkit.WebView.onKeyDown(WebView.java:2169)
W/UnimplementedWebViewApi(14538): Unimplemented WebView method onKeyDown called from: android.webkit.WebView.onKeyDown(WebView.java:2169)
W/ViewRootImpl(14538): Dropping event due to no window focus: KeyEvent { action=ACTION_DOWN, keyCode=KEYCODE_MENU, scanCode=0, metaState=0, flags=0x8, repeatCount=0, eventTime=523514, downTime=523514, deviceId=-1, source=0x101 }
W/ViewRootImpl(14538): Dropping event due to no window focus: KeyEvent { action=ACTION_DOWN, keyCode=KEYCODE_MENU, scanCode=0, metaState=0, flags=0x8, repeatCount=0, eventTime=523516, downTime=523516, deviceId=-1, source=0x101 }
W/EGL_emulation(14538): eglSurfaceAttrib not implemented 3093 12436
W/ViewRootImpl(14538): Dropping event due to no window focus: KeyEvent { action=ACTION_DOWN, keyCode=KEYCODE_MENU, scanCode=0, metaState=0, flags=0x8, repeatCount=0, eventTime=523519, downTime=523519, deviceId=-1, source=0x101 }
W/ViewRootImpl(14538): Dropping event due to no window focus: KeyEvent { action=ACTION_DOWN, keyCode=KEYCODE_DPAD_UP, scanCode=0, metaState=0, flags=0x8, repeatCount=0, eventTime=523543, downTime=523543, deviceId=-1, source=0x101 }
W/ViewRootImpl(14538): Dropping event due to no window focus: KeyEvent { action=ACTION_DOWN, keyCode=KEYCODE_MENU, scanCode=0, metaState=0, flags=0x8, repeatCount=0, eventTime=523544, downTime=523544, deviceId=-1, source=0x101 }
I/ActivityManager(  480): START u0 {act=android.intent.action.MAIN cat=[android.intent.category.LAUNCHER] flg=0x10200000 cmp=de.locanto.app/.MainActivity} from pid 14528
W/UnimplementedWebViewApi(14538): Unimplemented WebView method onKeyDown called from: android.webkit.WebView.onKeyDown(WebView.java:2169)
W/ViewRootImpl(14538): Dropping event due to no window focus: KeyEvent { action=ACTION_DOWN, keyCode=KEYCODE_DPAD_UP, scanCode=0, metaState=0, flags=0x8, repeatCount=0, eventTime=523588, downTime=523588, deviceId=-1, source=0x101 }
W/InputMethodManagerService(  480): Window already focused, ignoring focus gain of: com.android.internal.view.IInputMethodClient$Stub$Proxy@4a9b67f8 attribute=null, token = android.os.BinderProxy@4a9995b4
W/EGL_emulation(14538): eglSurfaceAttrib not implemented 3093 12436
W/InputMethodManagerService(  480): Window already focused, ignoring focus gain of: com.android.internal.view.IInputMethodClient$Stub$Proxy@4aafee88 attribute=null, token = android.os.BinderProxy@4a9995b4
W/UnimplementedWebViewApi(14538): Unimplemented WebView method onKeyDown called from: android.webkit.WebView.onKeyDown(WebView.java:2169)
W/ViewRootImpl(14538): Dropping event due to no window focus: KeyEvent { action=ACTION_DOWN, keyCode=KEYCODE_DPAD_RIGHT, scanCode=0, metaState=0, flags=0x8, repeatCount=0, eventTime=523776, downTime=523776, deviceId=-1, source=0x101 }
W/EGL_emulation(14538): eglSurfaceAttrib not implemented 3093 12436
W/ViewRootImpl(14538): Dropping event due to no window focus: KeyEvent { action=ACTION_DOWN, keyCode=KEYCODE_DPAD_LEFT, scanCode=0, metaState=0, flags=0x8, repeatCount=0, eventTime=523787, downTime=523787, deviceId=-1, source=0x101 }
W/ViewRootImpl(14538): Dropping event due to no window focus: KeyEvent { action=ACTION_DOWN, keyCode=KEYCODE_DPAD_LEFT, scanCode=0, metaState=0, flags=0x8, repeatCount=0, eventTime=523826, downTime=523826, deviceId=-1, source=0x101 }
W/UnimplementedWebViewApi(14538): Unimplemented WebView method onKeyMultiple called from: android.webkit.WebView.onKeyMultiple(WebView.java:2179)
W/UnimplementedWebViewApi(14538): Unimplemented WebView method onKeyDown called from: android.webkit.WebView.onKeyDown(WebView.java:2169)
W/InputMethodManagerService(  480): Window already focused, ignoring focus gain of: com.android.internal.view.IInputMethodClient$Stub$Proxy@4a99f6e4 attribute=null, token = android.os.BinderProxy@4a9995b4
W/UnimplementedWebViewApi(14538): Unimplemented WebView method onKeyDown called from: android.webkit.WebView.onKeyDown(WebView.java:2169)
W/UnimplementedWebViewApi(14538): Unimplemented WebView method onKeyMultiple called from: android.webkit.WebView.onKeyMultiple(WebView.java:2179)
W/UnimplementedWebViewApi(14538): Unimplemented WebView method onKeyDown called from: android.webkit.WebView.onKeyDown(WebView.java:2169)
W/UnimplementedWebViewApi(14538): Unimplemented WebView method onKeyMultiple called from: android.webkit.WebView.onKeyMultiple(WebView.java:2179)
W/UnimplementedWebViewApi(14538): Unimplemented WebView method onKeyDown called from: android.webkit.WebView.onKeyDown(WebView.java:2169)
W/UnimplementedWebViewApi(14538): Unimplemented WebView method onKeyDown called from: android.webkit.WebView.onKeyDown(WebView.java:2169)
I/ActivityManager(  480): START u0 {act=android.intent.action.CALL_BUTTON flg=0x10000000} from pid 14538
W/PhoneFallbackEventHandler(14538): No activity found for android.intent.action.CALL_BUTTON.
W/UnimplementedWebViewApi(14538): Unimplemented WebView method onKeyDown called from: android.webkit.WebView.onKeyDown(WebView.java:2169)
V/PanelView(  535): animationTick called with dtms=0; nothing to do (h=0.0 v=0.0)
W/UnimplementedWebViewApi(14538): Unimplemented WebView method onKeyDown called from: android.webkit.WebView.onKeyDown(WebView.java:2169)
W/ViewRootImpl(14538): Dropping event due to no window focus: KeyEvent { action=ACTION_DOWN, keyCode=KEYCODE_DPAD_LEFT, scanCode=0, metaState=0, flags=0x8, repeatCount=0, eventTime=524506, downTime=524506, deviceId=-1, source=0x101 }
W/ViewRootImpl(14538): Dropping event due to no window focus: KeyEvent { action=ACTION_DOWN, keyCode=KEYCODE_DPAD_LEFT, scanCode=0, metaState=0, flags=0x8, repeatCount=0, eventTime=524523, downTime=524523, deviceId=-1, source=0x101 }
W/ViewRootImpl(14538): Dropping event due to no window focus: KeyEvent { action=ACTION_DOWN, keyCode=KEYCODE_ZOOM_IN, scanCode=0, metaState=0, flags=0x8, repeatCount=0, eventTime=524526, downTime=524526, deviceId=-1, source=0x101 }
W/ViewRootImpl(14538): Dropping event due to no window focus: KeyEvent { action=ACTION_DOWN, keyCode=KEYCODE_DPAD_CENTER, scanCode=0, metaState=0, flags=0x8, repeatCount=0, eventTime=524528, downTime=524528, deviceId=-1, source=0x101 }
W/ViewRootImpl(14538): Dropping event due to no window focus: KeyEvent { action=ACTION_DOWN, keyCode=KEYCODE_DPAD_LEFT, scanCode=0, metaState=0, flags=0x8, repeatCount=0, eventTime=524534, downTime=524534, deviceId=-1, source=0x101 }
W/EGL_emulation(14538): eglSurfaceAttrib not implemented 3093 12436
W/ViewRootImpl(14538): Dropping event due to no window focus: KeyEvent { action=ACTION_DOWN, keyCode=KEYCODE_DPAD_DOWN, scanCode=0, metaState=0, flags=0x8, repeatCount=0, eventTime=524535, downTime=524535, deviceId=-1, source=0x101 }
W/InputManager(  480): Input event injection from pid 14528 failed.
W/InputManager(  480): Input event injection from pid 14528 failed.
W/InputManager(  480): Input event injection from pid 14528 failed.
W/InputManager(  480): Input event injection from pid 14528 failed.
W/ViewRootImpl(14538): Dropping event due to no window focus: KeyEvent { action=ACTION_DOWN, keyCode=KEYCODE_DPAD_CENTER, scanCode=0, metaState=0, flags=0x8, repeatCount=0, eventTime=524628, downTime=524628, deviceId=-1, source=0x101 }
W/ViewRootImpl(14538): Dropping event due to no window focus: KeyEvent { action=ACTION_DOWN, keyCode=KEYCODE_BUTTON_Z, scanCode=0, metaState=0, flags=0x8, repeatCount=0, eventTime=524629, downTime=524629, deviceId=-1, source=0x101 }
W/ViewRootImpl(14538): Dropping event due to no window focus: KeyEvent { action=ACTION_DOWN, keyCode=KEYCODE_DPAD_CENTER, scanCode=0, metaState=0, flags=0x8, repeatCount=0, eventTime=524629, downTime=524629, deviceId=-1, source=0x101 }
W/ViewRootImpl(14538): Dropping event due to no window focus: KeyEvent { action=ACTION_DOWN, keyCode=KEYCODE_DPAD_LEFT, scanCode=0, metaState=0, flags=0x8, repeatCount=0, eventTime=524630, downTime=524630, deviceId=-1, source=0x101 }
W/ViewRootImpl(14538): Dropping event due to no window focus: KeyEvent { action=ACTION_DOWN, keyCode=KEYCODE_NUMPAD_LEFT_PAREN, scanCode=0, metaState=0, flags=0x8, repeatCount=0, eventTime=524631, downTime=524631, deviceId=-1, source=0x101 }
W/ViewRootImpl(14538): Dropping event due to no window focus: KeyEvent { action=ACTION_DOWN, keyCode=KEYCODE_DPAD_UP, scanCode=0, metaState=0, flags=0x8, repeatCount=0, eventTime=524632, downTime=524632, deviceId=-1, source=0x101 }
W/ViewRootImpl(14538): Dropping event due to no window focus: KeyEvent { action=ACTION_DOWN, keyCode=KEYCODE_DPAD_DOWN, scanCode=0, metaState=0, flags=0x8, repeatCount=0, eventTime=524633, downTime=524633, deviceId=-1, source=0x101 }
W/ViewRootImpl(14538): Dropping event due to no window focus: KeyEvent { action=ACTION_DOWN, keyCode=KEYCODE_FOCUS, scanCode=0, metaState=0, flags=0x8, repeatCount=0, eventTime=524667, downTime=524667, deviceId=-1, source=0x101 }
W/InputMethodManagerService(  480): Window already focused, ignoring focus gain of: com.android.internal.view.IInputMethodClient$Stub$Proxy@4a94f384 attribute=null, token = android.os.BinderProxy@4a9995b4
D/dalvikvm(14538): GC_CONCURRENT freed 399K, 34% free 4037K/6092K, paused 1ms+1ms, total 9ms
W/UnimplementedWebViewApi(14538): Unimplemented WebView method onKeyDown called from: android.webkit.WebView.onKeyDown(WebView.java:2169)
W/ViewRootImpl(14538): Dropping event due to no window focus: KeyEvent { action=ACTION_DOWN, keyCode=KEYCODE_DPAD_LEFT, scanCode=0, metaState=0, flags=0x8, repeatCount=0, eventTime=524760, downTime=524760, deviceId=-1, source=0x101 }
W/ViewRootImpl(14538): Dropping event due to no window focus: KeyEvent { action=ACTION_DOWN, keyCode=KEYCODE_BUTTON_A, scanCode=0, metaState=0, flags=0x8, repeatCount=0, eventTime=524763, downTime=524763, deviceId=-1, source=0x101 }
W/ViewRootImpl(14538): Dropping event due to no window focus: KeyEvent { action=ACTION_DOWN, keyCode=KEYCODE_DPAD_CENTER, scanCode=0, metaState=0, flags=0x8, repeatCount=0, eventTime=524763, downTime=524763, deviceId=-1, source=0x101 }
W/ViewRootImpl(14538): Dropping event due to no window focus: KeyEvent { action=ACTION_DOWN, keyCode=KEYCODE_SYM, scanCode=0, metaState=0, flags=0x8, repeatCount=0, eventTime=524766, downTime=524766, deviceId=-1, source=0x101 }
W/ViewRootImpl(14538): Dropping event due to no window focus: KeyEvent { action=ACTION_DOWN, keyCode=KEYCODE_DPAD_UP, scanCode=0, metaState=0, flags=0x8, repeatCount=0, eventTime=524767, downTime=524767, deviceId=-1, source=0x101 }
W/ViewRootImpl(14538): Dropping event due to no window focus: KeyEvent { action=ACTION_DOWN, keyCode=KEYCODE_DPAD_CENTER, scanCode=0, metaState=0, flags=0x8, repeatCount=0, eventTime=524768, downTime=524768, deviceId=-1, source=0x101 }
I/ActivityManager(  480): START u0 {act=android.intent.action.MAIN cat=[android.intent.category.HOME] flg=0x10200000 cmp=com.vphone.launcher/.Launcher} from pid 480
W/ViewRootImpl(14538): Dropping event due to no window focus: MotionEvent { action=ACTION_MOVE, id[0]=0, x[0]=-2.0, y[0]=-5.0, toolType[0]=TOOL_TYPE_UNKNOWN, buttonState=0, metaState=0, flags=0x0, edgeFlags=0x0, pointerCount=1, historySize=9, eventTime=524773, downTime=-1, deviceId=0, source=0x10004 }
W/EGL_emulation(14538): eglSurfaceAttrib not implemented 3093 12436
W/ViewRootImpl(14538): Dropping event due to no window focus: KeyEvent { action=ACTION_DOWN, keyCode=KEYCODE_DPAD_DOWN, scanCode=0, metaState=0, flags=0x8, repeatCount=0, eventTime=524778, downTime=524778, deviceId=-1, source=0x101 }
I/ActivityManager(  480): START u0 {act=android.intent.action.MAIN cat=[android.intent.category.LAUNCHER] flg=0x10200000 cmp=de.locanto.app/.MainActivity} from pid 14528
W/ViewRootImpl(14538): Dropping event due to no window focus: KeyEvent { action=ACTION_DOWN, keyCode=KEYCODE_DPAD_LEFT, scanCode=0, metaState=0, flags=0x8, repeatCount=0, eventTime=524826, downTime=524826, deviceId=-1, source=0x101 }
W/InputMethodManagerService(  480): Window already focused, ignoring focus gain of: com.android.internal.view.IInputMethodClient$Stub$Proxy@4a93be48 attribute=null, token = android.os.BinderProxy@4a9995b4
W/UnimplementedWebViewApi(14538): Unimplemented WebView method onKeyDown called from: android.webkit.WebView.onKeyDown(WebView.java:2169)
W/ViewRootImpl(14538): Dropping event due to no window focus: KeyEvent { action=ACTION_DOWN, keyCode=KEYCODE_1, scanCode=0, metaState=0, flags=0x8, repeatCount=0, eventTime=524843, downTime=524843, deviceId=-1, source=0x101 }
W/ViewRootImpl(14538): Dropping event due to no window focus: KeyEvent { action=ACTION_DOWN, keyCode=KEYCODE_DPAD_DOWN, scanCode=0, metaState=0, flags=0x8, repeatCount=0, eventTime=524845, downTime=524845, deviceId=-1, source=0x101 }
W/ViewRootImpl(14538): Dropping event due to no window focus: KeyEvent { action=ACTION_DOWN, keyCode=KEYCODE_DPAD_DOWN, scanCode=0, metaState=0, flags=0x8, repeatCount=0, eventTime=524846, downTime=524846, deviceId=-1, source=0x101 }
W/ViewRootImpl(14538): Dropping event due to no window focus: MotionEvent { action=ACTION_MOVE, id[0]=0, x[0]=-3.0, y[0]=2.0, toolType[0]=TOOL_TYPE_UNKNOWN, buttonState=0, metaState=0, flags=0x0, edgeFlags=0x0, pointerCount=1, historySize=9, eventTime=524849, downTime=-1, deviceId=0, source=0x10004 }
W/ViewRootImpl(14538): Dropping event due to no window focus: MotionEvent { action=ACTION_DOWN, id[0]=0, x[0]=0.0, y[0]=0.0, toolType[0]=TOOL_TYPE_UNKNOWN, buttonState=0, metaState=0, flags=0x0, edgeFlags=0x0, pointerCount=1, historySize=0, eventTime=524850, downTime=524848, deviceId=0, source=0x10004 }
W/EGL_emulation(14538): eglSurfaceAttrib not implemented 3093 12436
I/ActivityManager(  480): START u0 {act=android.intent.action.MAIN cat=[android.intent.category.LAUNCHER] flg=0x10000000 sel={act=android.intent.action.MAIN cat=[android.intent.category.APP_CALCULATOR]}} from pid 480
W/InputMethodManagerService(  480): Window already focused, ignoring focus gain of: com.android.internal.view.IInputMethodClient$Stub$Proxy@4a924fd8 attribute=null, token = android.os.BinderProxy@4a9995b4
W/UnimplementedWebViewApi(14538): Unimplemented WebView method onKeyDown called from: android.webkit.WebView.onKeyDown(WebView.java:2169)
W/ViewRootImpl(14538): Dropping event due to no window focus: KeyEvent { action=ACTION_DOWN, keyCode=KEYCODE_BACK, scanCode=0, metaState=0, flags=0x8, repeatCount=0, eventTime=524926, downTime=524926, deviceId=-1, source=0x101 }
W/ViewRootImpl(14538): Dropping event due to no window focus: MotionEvent { action=ACTION_MOVE, id[0]=0, x[0]=2.0, y[0]=2.0, toolType[0]=TOOL_TYPE_UNKNOWN, buttonState=0, metaState=0, flags=0x0, edgeFlags=0x0, pointerCount=1, historySize=2, eventTime=524928, downTime=-1, deviceId=0, source=0x10004 }
W/EGL_emulation(14538): eglSurfaceAttrib not implemented 3093 12436
W/InputMethodManagerService(  480): Window already focused, ignoring focus gain of: com.android.internal.view.IInputMethodClient$Stub$Proxy@4a8db258 attribute=null, token = android.os.BinderProxy@4a9995b4
I/ActivityManager(  480): START u0 {act=android.intent.action.MAIN cat=[android.intent.category.LAUNCHER] flg=0x10200000 cmp=de.locanto.app/.MainActivity} from pid 14528
W/UnimplementedWebViewApi(14538): Unimplemented WebView method onKeyMultiple called from: android.webkit.WebView.onKeyMultiple(WebView.java:2179)
W/UnimplementedWebViewApi(14538): Unimplemented WebView method onKeyDown called from: android.webkit.WebView.onKeyDown(WebView.java:2169)
I/SnapScrollController(14538): setSnapScrollingMode case-default no-op
I/SnapScrollController(14538): setSnapScrollingMode case-default no-op
I/ActivityManager(  480): START u0 {act=android.intent.action.MAIN cat=[android.intent.category.HOME] flg=0x10200000 cmp=com.vphone.launcher/.Launcher} from pid 480
D/dalvikvm(  480): GC_CONCURRENT freed 1320K, 43% free 13980K/24156K, paused 1ms+2ms, total 21ms
W/UnimplementedWebViewApi(14538): Unimplemented WebView method onKeyMultiple called from: android.webkit.WebView.onKeyMultiple(WebView.java:2179)
W/UnimplementedWebViewApi(14538): Unimplemented WebView method onKeyDown called from: android.webkit.WebView.onKeyDown(WebView.java:2169)
W/UnimplementedWebViewApi(14538): Unimplemented WebView method onKeyMultiple called from: android.webkit.WebView.onKeyMultiple(WebView.java:2179)
W/UnimplementedWebViewApi(14538): Unimplemented WebView method onKeyDown called from: android.webkit.WebView.onKeyDown(WebView.java:2169)
W/UnimplementedWebViewApi(14538): Unimplemented WebView method onKeyDown called from: android.webkit.WebView.onKeyDown(WebView.java:2169)
W/EGL_emulation(14538): eglSurfaceAttrib not implemented 3093 12436
W/ViewRootImpl(14538): Dropping event due to no window focus: MotionEvent { action=ACTION_MOVE, id[0]=0, x[0]=-4.0, y[0]=-5.0, toolType[0]=TOOL_TYPE_UNKNOWN, buttonState=0, metaState=0, flags=0x0, edgeFlags=0x0, pointerCount=1, historySize=6, eventTime=525070, downTime=-1, deviceId=0, source=0x10004 }
W/UnimplementedWebViewApi(14538): Unimplemented WebView method onKeyMultiple called from: android.webkit.WebView.onKeyMultiple(WebView.java:2179)
W/UnimplementedWebViewApi(14538): Unimplemented WebView method onKeyDown called from: android.webkit.WebView.onKeyDown(WebView.java:2169)
W/ViewRootImpl(14538): Dropping event due to no window focus: KeyEvent { action=ACTION_DOWN, keyCode=KEYCODE_DPAD_DOWN, scanCode=0, metaState=0, flags=0x8, repeatCount=0, eventTime=525070, downTime=525070, deviceId=-1, source=0x101 }
V/PanelView(  535): animationTick called with dtms=0; nothing to do (h=0.0 v=-0.0)
W/ViewRootImpl(14538): Dropping event due to no window focus: KeyEvent { action=ACTION_DOWN, keyCode=KEYCODE_DPAD_LEFT, scanCode=0, metaState=0, flags=0x8, repeatCount=0, eventTime=525234, downTime=525234, deviceId=-1, source=0x101 }
W/ViewRootImpl(14538): Dropping event due to no window focus: KeyEvent { action=ACTION_DOWN, keyCode=KEYCODE_DPAD_DOWN, scanCode=0, metaState=0, flags=0x8, repeatCount=0, eventTime=525237, downTime=525237, deviceId=-1, source=0x101 }
W/ViewRootImpl(14538): Dropping event due to no window focus: KeyEvent { action=ACTION_DOWN, keyCode=KEYCODE_MENU, scanCode=0, metaState=0, flags=0x8, repeatCount=0, eventTime=525238, downTime=525238, deviceId=-1, source=0x101 }
W/InputMethodManagerService(  480): Window already focused, ignoring focus gain of: com.android.internal.view.IInputMethodClient$Stub$Proxy@4b0b26ec attribute=null, token = android.os.BinderProxy@4a9995b4
W/UnimplementedWebViewApi(14538): Unimplemented WebView method onKeyMultiple called from: android.webkit.WebView.onKeyMultiple(WebView.java:2179)
W/UnimplementedWebViewApi(14538): Unimplemented WebView method onKeyDown called from: android.webkit.WebView.onKeyDown(WebView.java:2169)
W/UnimplementedWebViewApi(14538): Unimplemented WebView method onKeyMultiple called from: android.webkit.WebView.onKeyMultiple(WebView.java:2179)
W/UnimplementedWebViewApi(14538): Unimplemented WebView method onKeyDown called from: android.webkit.WebView.onKeyDown(WebView.java:2169)
W/UnimplementedWebViewApi(14538): Unimplemented WebView method onKeyDown called from: android.webkit.WebView.onKeyDown(WebView.java:2169)
D/dalvikvm(14538): GC_CONCURRENT freed 407K, 34% free 4059K/6092K, paused 0ms+1ms, total 4ms
W/UnimplementedWebViewApi(14538): Unimplemented WebView method onKeyMultiple called from: android.webkit.WebView.onKeyMultiple(WebView.java:2179)
W/UnimplementedWebViewApi(14538): Unimplemented WebView method onKeyDown called from: android.webkit.WebView.onKeyDown(WebView.java:2169)
I/InputDispatcher(  480): Dropped event because of pending overdue app switch.
W/InputManager(  480): Input event injection from pid 14528 failed.
V/PanelView(  535): animationTick called with dtms=0; nothing to do (h=0.0 v=4500.0)
I/ActivityManager(  480): START u0 {act=android.intent.action.MAIN cat=[android.intent.category.LAUNCHER] flg=0x10200000 cmp=de.locanto.app/.MainActivity} from pid 14528
I/SnapScrollController(14538): setSnapScrollingMode case-default no-op
I/SnapScrollController(14538): setSnapScrollingMode case-default no-op
W/WindowManager(  480): updateFocusedWindowLocked, focusedAppToken is null.
W/EGL_emulation(  535): eglSurfaceAttrib not implemented 3093 12436
V/PanelView(  535): animationTick called with dtms=0; nothing to do (h=22.500002 v=-3000.0)
V/PanelView(  535): animationTick called with dtms=-5; nothing to do (h=22.500002 v=-3000.0)
W/ViewRootImpl(  535): Dropping event due to no window focus: KeyEvent { action=ACTION_DOWN, keyCode=KEYCODE_DPAD_DOWN, scanCode=0, metaState=0, flags=0x8, repeatCount=0, eventTime=525552, downTime=525552, deviceId=-1, source=0x101 }
W/ViewRootImpl(  535): Dropping event due to no window focus: KeyEvent { action=ACTION_DOWN, keyCode=KEYCODE_DPAD_CENTER, scanCode=0, metaState=0, flags=0x8, repeatCount=0, eventTime=525604, downTime=525604, deviceId=-1, source=0x101 }
W/ViewRootImpl(14538): Dropping event due to no window focus: KeyEvent { action=ACTION_DOWN, keyCode=KEYCODE_DPAD_DOWN, scanCode=0, metaState=0, flags=0x8, repeatCount=0, eventTime=525606, downTime=525606, deviceId=-1, source=0x101 }
W/InputMethodManagerService(  480): Window already focused, ignoring focus gain of: com.android.internal.view.IInputMethodClient$Stub$Proxy@4ae78e08 attribute=null, token = android.os.BinderProxy@4a9995b4
I/ActivityManager(  480): START u0 {act=com.android.systemui.recent.action.TOGGLE_RECENTS flg=0x10800000 cmp=com.android.systemui/.recent.RecentsActivity (has extras)} from pid 535
W/UnimplementedWebViewApi(14538): Unimplemented WebView method onKeyDown called from: android.webkit.WebView.onKeyDown(WebView.java:2169)
W/ViewRootImpl(14538): Dropping event due to no window focus: KeyEvent { action=ACTION_DOWN, keyCode=KEYCODE_EISU, scanCode=0, metaState=0, flags=0x8, repeatCount=0, eventTime=525714, downTime=525714, deviceId=-1, source=0x101 }
W/ViewRootImpl(14538): Dropping event due to no window focus: KeyEvent { action=ACTION_DOWN, keyCode=KEYCODE_DPAD_CENTER, scanCode=0, metaState=0, flags=0x8, repeatCount=0, eventTime=525718, downTime=525718, deviceId=-1, source=0x101 }
W/EGL_emulation(14538): eglSurfaceAttrib not implemented 3093 12436
W/ViewRootImpl(14538): Dropping event due to no window focus: KeyEvent { action=ACTION_DOWN, keyCode=KEYCODE_DPAD_UP, scanCode=0, metaState=0, flags=0x8, repeatCount=0, eventTime=525718, downTime=525718, deviceId=-1, source=0x101 }
W/EGL_emulation(  535): eglSurfaceAttrib not implemented 3093 12436
W/InputEventReceiver(14538): Attempted to finish an input event but the input event receiver has already been disposed.
W/ViewRootImpl(14538): Dropping event due to no window focus: KeyEvent { action=ACTION_DOWN, keyCode=KEYCODE_DPAD_RIGHT, scanCode=0, metaState=0, flags=0x8, repeatCount=0, eventTime=525797, downTime=525797, deviceId=-1, source=0x101 }
W/EGL_emulation(14538): eglSurfaceAttrib not implemented 3093 12436
W/ViewRootImpl(14538): Dropping event due to no window focus: KeyEvent { action=ACTION_DOWN, keyCode=KEYCODE_NUMPAD_0, scanCode=0, metaState=0, flags=0x8, repeatCount=0, eventTime=525803, downTime=525803, deviceId=-1, source=0x101 }
W/ViewRootImpl(14538): Dropping event due to no window focus: KeyEvent { action=ACTION_DOWN, keyCode=KEYCODE_INSERT, scanCode=0, metaState=0, flags=0x8, repeatCount=0, eventTime=525803, downTime=525803, deviceId=-1, source=0x101 }
W/ViewRootImpl(14538): Dropping event due to no window focus: KeyEvent { action=ACTION_DOWN, keyCode=KEYCODE_DPAD_LEFT, scanCode=0, metaState=0, flags=0x8, repeatCount=0, eventTime=525864, downTime=525864, deviceId=-1, source=0x101 }
W/InputMethodManagerService(  480): Window already focused, ignoring focus gain of: com.android.internal.view.IInputMethodClient$Stub$Proxy@4aed1184 attribute=null, token = android.os.BinderProxy@4a9995b4
W/ViewRootImpl(14538): Dropping event due to no window focus: MotionEvent { action=ACTION_MOVE, id[0]=0, x[0]=-4.0, y[0]=-3.0, toolType[0]=TOOL_TYPE_UNKNOWN, buttonState=0, metaState=0, flags=0x0, edgeFlags=0x0, pointerCount=1, historySize=8, eventTime=525925, downTime=-1, deviceId=0, source=0x10004 }
W/ViewRootImpl(14538): Dropping event due to no window focus: MotionEvent { action=ACTION_DOWN, id[0]=0, x[0]=0.0, y[0]=0.0, toolType[0]=TOOL_TYPE_UNKNOWN, buttonState=0, metaState=0, flags=0x0, edgeFlags=0x0, pointerCount=1, historySize=0, eventTime=525926, downTime=525923, deviceId=0, source=0x10004 }
W/ViewRootImpl(14538): Dropping event due to no window focus: KeyEvent { action=ACTION_DOWN, keyCode=KEYCODE_MENU, scanCode=0, metaState=0, flags=0x8, repeatCount=0, eventTime=525926, downTime=525926, deviceId=-1, source=0x101 }
W/InputMethodManagerService(  480): Window already focused, ignoring focus gain of: com.android.internal.view.IInputMethodClient$Stub$Proxy@4ab3d9c8 attribute=null, token = android.os.BinderProxy@4a9995b4
W/UnimplementedWebViewApi(14538): Unimplemented WebView method onKeyMultiple called from: android.webkit.WebView.onKeyMultiple(WebView.java:2179)
W/UnimplementedWebViewApi(14538): Unimplemented WebView method onKeyDown called from: android.webkit.WebView.onKeyDown(WebView.java:2169)
W/UnimplementedWebViewApi(14538): Unimplemented WebView method onKeyMultiple called from: android.webkit.WebView.onKeyMultiple(WebView.java:2179)
W/UnimplementedWebViewApi(14538): Unimplemented WebView method onKeyDown called from: android.webkit.WebView.onKeyDown(WebView.java:2169)
W/UnimplementedWebViewApi(14538): Unimplemented WebView method onKeyDown called from: android.webkit.WebView.onKeyDown(WebView.java:2169)
I/ActivityManager(  480): START u0 {act=android.intent.action.MAIN cat=[android.intent.category.HOME] flg=0x10200000 cmp=com.vphone.launcher/.Launcher} from pid 480
W/EGL_emulation(14538): eglSurfaceAttrib not implemented 3093 12436
W/ViewRootImpl(14538): Dropping event due to no window focus: MotionEvent { action=ACTION_MOVE, id[0]=0, x[0]=-3.0, y[0]=-5.0, toolType[0]=TOOL_TYPE_UNKNOWN, buttonState=0, metaState=0, flags=0x0, edgeFlags=0x0, pointerCount=1, historySize=9, eventTime=526053, downTime=-1, deviceId=0, source=0x10004 }
W/ViewRootImpl(14538): Dropping event due to no window focus: MotionEvent { action=ACTION_DOWN, id[0]=0, x[0]=0.0, y[0]=0.0, toolType[0]=TOOL_TYPE_UNKNOWN, buttonState=0, metaState=0, flags=0x0, edgeFlags=0x0, pointerCount=1, historySize=0, eventTime=526053, downTime=526049, deviceId=0, source=0x10004 }
W/ViewRootImpl(14538): Dropping event due to no window focus: KeyEvent { action=ACTION_DOWN, keyCode=KEYCODE_DPAD_CENTER, scanCode=0, metaState=0, flags=0x8, repeatCount=0, eventTime=526053, downTime=526053, deviceId=-1, source=0x101 }
