W/ViewRootImpl(14538): Dropping event due to no window focus: KeyEvent { action=ACTION_DOWN, keyCode=KEYCODE_DPAD_CENTER, scanCode=0, metaState=0, flags=0x8, repeatCount=0, eventTime=526077, downTime=526077, deviceId=-1, source=0x101 }
V/FlingTracker(  535): computeCurrentVelocity warning: totalweight=0
V/FlingTracker(  535): java.lang.Throwable
V/FlingTracker(  535): 	at com.android.systemui.statusbar.phone.PanelView$FlingTracker.computeCurrentVelocity(PanelView.java:162)
V/FlingTracker(  535): 	at com.android.systemui.statusbar.phone.PanelView$3.onTouch(PanelView.java:462)
V/FlingTracker(  535): 	at android.view.View.dispatchTouchEvent(View.java:7701)
V/FlingTracker(  535): 	at com.android.systemui.statusbar.phone.NotificationPanelView.onTouchEvent(NotificationPanelView.java:138)
V/FlingTracker(  535): 	at com.android.systemui.statusbar.phone.PanelBar.onTouchEvent(PanelBar.java:130)
V/FlingTracker(  535): 	at com.android.systemui.statusbar.phone.PhoneStatusBarView.onTouchEvent(PhoneStatusBarView.java:201)
V/FlingTracker(  535): 	at android.view.View.dispatchTouchEvent(View.java:7706)
V/FlingTracker(  535): 	at android.view.ViewGroup.dispatchTransformedTouchEvent(ViewGroup.java:2210)
V/FlingTracker(  535): 	at android.view.ViewGroup.dispatchTouchEvent(ViewGroup.java:1945)
V/FlingTracker(  535): 	at android.view.ViewGroup.dispatchTransformedTouchEvent(ViewGroup.java:2216)
V/FlingTracker(  535): 	at android.view.ViewGroup.dispatchTouchEvent(ViewGroup.java:1959)
V/FlingTracker(  535): 	at android.view.View.dispatchPointerEvent(View.java:7886)
V/FlingTracker(  535): 	at android.view.ViewRootImpl$ViewPostImeInputStage.processPointerEvent(ViewRootImpl.java:3978)
V/FlingTracker(  535): 	at android.view.ViewRootImpl$ViewPostImeInputStage.onProcess(ViewRootImpl.java:3857)
V/FlingTracker(  535): 	at android.view.ViewRootImpl$InputStage.deliver(ViewRootImpl.java:3423)
V/FlingTracker(  535): 	at android.view.ViewRootImpl$InputStage.onDeliverToNext(ViewRootImpl.java:3473)
V/FlingTracker(  535): 	at android.view.ViewRootImpl$InputStage.forward(ViewRootImpl.java:3442)
V/FlingTracker(  535): 	at android.view.ViewRootImpl$AsyncInputStage.forward(ViewRootImpl.java:3549)
V/FlingTracker(  535): 	at android.view.ViewRootImpl$InputStage.apply(ViewRootImpl.java:3450)
V/FlingTracker(  535): 	at android.view.ViewRootImpl$AsyncInputStage.apply(ViewRootImpl.java:3606)
V/FlingTracker(  535): 	at android.view.ViewRootImpl$InputStage.deliver(ViewRootImpl.java:3423)
V/FlingTracker(  535): 	at android.view.ViewRootImpl$InputStage.onDeliverToNext(ViewRootImpl.java:3473)
V/FlingTracker(  535): 	at android.view.ViewRootImpl$InputStage.forward(ViewRootImpl.java:3442)
V/FlingTracker(  535): 	at android.view.ViewRootImpl$InputStage.apply(ViewRootImpl.java:3450)
V/FlingTracker(  535): 	at android.view.ViewRootImpl$InputStage.deliver(ViewRootImpl.java:3423)
V/FlingTracker(  535): 	at android.view.ViewRootImpl.deliverInputEvent(ViewRootImpl.java:5626)
V/FlingTracker(  535): 	at android.view.ViewRootImpl.doProcessInputEvents(ViewRootImpl.java:5606)
V/FlingTracker(  535): 	at android.view.ViewRootImpl.enqueueInputEvent(ViewRootImpl.java:5577)
V/FlingTracker(  535): 	at android.view.ViewRootImpl$WindowInputEventReceiver.onInputEvent(ViewRootImpl.java:5706)
V/FlingTracker(  535): 	at android.view.InputEventReceiver.dispatchInputEvent(InputEventReceiver.java:185)
V/FlingTracker(  535): 	at android.os.MessageQueue.nativePollOnce(Native Method)
V/FlingTracker(  535): 	at android.os.MessageQueue.next(MessageQueue.java:138)
V/FlingTracker(  535): 	at android.os.Looper.loop(Looper.java:123)
V/FlingTracker(  535): 	at android.app.ActivityThread.main(ActivityThread.java:5019)
V/FlingTracker(  535): 	at java.lang.reflect.Method.invokeNative(Native Method)
V/FlingTracker(  535): 	at java.lang.reflect.Method.invoke(Method.java:515)
V/FlingTracker(  535): 	at com.android.internal.os.ZygoteInit$MethodAndArgsCaller.run(ZygoteInit.java:779)
V/FlingTracker(  535): 	at com.android.internal.os.ZygoteInit.main(ZygoteInit.java:595)
V/FlingTracker(  535): 	at dalvik.system.NativeStart.main(Native Method)
V/PanelView(  535): animationTick called with dtms=0; nothing to do (h=0.0 v=0.0)
W/InputMethodManagerService(  480): Window already focused, ignoring focus gain of: com.android.internal.view.IInputMethodClient$Stub$Proxy@4ab09fa4 attribute=null, token = android.os.BinderProxy@4a9995b4
W/UnimplementedWebViewApi(14538): Unimplemented WebView method onKeyMultiple called from: android.webkit.WebView.onKeyMultiple(WebView.java:2179)
W/UnimplementedWebViewApi(14538): Unimplemented WebView method onKeyDown called from: android.webkit.WebView.onKeyDown(WebView.java:2169)
W/UnimplementedWebViewApi(14538): Unimplemented WebView method onKeyDown called from: android.webkit.WebView.onKeyDown(WebView.java:2169)
W/ViewRootImpl(14538): Dropping event due to no window focus: KeyEvent { action=ACTION_DOWN, keyCode=KEYCODE_SOFT_RIGHT, scanCode=0, metaState=0, flags=0x8, repeatCount=0, eventTime=526275, downTime=526275, deviceId=-1, source=0x101 }
W/ViewRootImpl(14538): Dropping event due to no window focus: KeyEvent { action=ACTION_DOWN, keyCode=KEYCODE_DPAD_RIGHT, scanCode=0, metaState=0, flags=0x8, repeatCount=0, eventTime=526306, downTime=526306, deviceId=-1, source=0x101 }
I/ActivityManager(  480): START u0 {act=android.intent.action.MAIN cat=[android.intent.category.LAUNCHER] flg=0x10200000 cmp=de.locanto.app/.MainActivity} from pid 14528
W/EGL_emulation(14538): eglSurfaceAttrib not implemented 3093 12436
V/PanelView(  535): animationTick called with dtms=0; nothing to do (h=0.0 v=0.0)
W/ViewRootImpl(14538): Dropping event due to no window focus: KeyEvent { action=ACTION_DOWN, keyCode=KEYCODE_DPAD_RIGHT, scanCode=0, metaState=0, flags=0x8, repeatCount=0, eventTime=526308, downTime=526308, deviceId=-1, source=0x101 }
W/ViewRootImpl(14538): Dropping event due to no window focus: KeyEvent { action=ACTION_DOWN, keyCode=KEYCODE_DPAD_CENTER, scanCode=0, metaState=0, flags=0x8, repeatCount=0, eventTime=526346, downTime=526346, deviceId=-1, source=0x101 }
V/PanelView(  535): animationTick called with dtms=0; nothing to do (h=0.0 v=0.0)
W/ViewRootImpl(14538): Dropping event due to no window focus: KeyEvent { action=ACTION_DOWN, keyCode=KEYCODE_MENU, scanCode=0, metaState=0, flags=0x8, repeatCount=0, eventTime=526389, downTime=526389, deviceId=-1, source=0x101 }
W/ViewRootImpl(14538): Dropping event due to no window focus: KeyEvent { action=ACTION_DOWN, keyCode=KEYCODE_NUMPAD_ADD, scanCode=0, metaState=0, flags=0x8, repeatCount=0, eventTime=526391, downTime=526391, deviceId=-1, source=0x101 }
W/ViewRootImpl(14538): Dropping event due to no window focus: KeyEvent { action=ACTION_DOWN, keyCode=KEYCODE_DPAD_CENTER, scanCode=0, metaState=0, flags=0x8, repeatCount=0, eventTime=526406, downTime=526406, deviceId=-1, source=0x101 }
W/InputMethodManagerService(  480): Window already focused, ignoring focus gain of: com.android.internal.view.IInputMethodClient$Stub$Proxy@4ab13188 attribute=null, token = android.os.BinderProxy@4a9995b4
W/UnimplementedWebViewApi(14538): Unimplemented WebView method onKeyDown called from: android.webkit.WebView.onKeyDown(WebView.java:2169)
W/EGL_emulation(14538): eglSurfaceAttrib not implemented 3093 12436
I/ActivityManager(  480): START u0 {act=android.intent.action.CALL_BUTTON flg=0x10000000} from pid 14538
V/PanelView(  535): animationTick called with dtms=0; nothing to do (h=0.0 v=0.0)
W/PhoneFallbackEventHandler(14538): No activity found for android.intent.action.CALL_BUTTON.
W/UnimplementedWebViewApi(14538): Unimplemented WebView method onKeyMultiple called from: android.webkit.WebView.onKeyMultiple(WebView.java:2179)
W/UnimplementedWebViewApi(14538): Unimplemented WebView method onKeyDown called from: android.webkit.WebView.onKeyDown(WebView.java:2169)
D/dalvikvm(14538): GC_CONCURRENT freed 403K, 34% free 4045K/6092K, paused 0ms+1ms, total 3ms
W/InputMethodManagerService(  480): Window already focused, ignoring focus gain of: com.android.internal.view.IInputMethodClient$Stub$Proxy@4ab25cbc attribute=null, token = android.os.BinderProxy@4a9995b4
I/InputDispatcher(  480): Dropped event because of pending overdue app switch.
W/InputManager(  480): Input event injection from pid 14528 failed.
I/ActivityManager(  480): START u0 {act=android.intent.action.MAIN cat=[android.intent.category.LAUNCHER] flg=0x10200000 cmp=de.locanto.app/.MainActivity} from pid 14528
W/UnimplementedWebViewApi(14538): Unimplemented WebView method onKeyDown called from: android.webkit.WebView.onKeyDown(WebView.java:2169)
W/ViewRootImpl(14538): Dropping event due to no window focus: KeyEvent { action=ACTION_DOWN, keyCode=KEYCODE_DPAD_DOWN, scanCode=0, metaState=0, flags=0x8, repeatCount=0, eventTime=526639, downTime=526639, deviceId=-1, source=0x101 }
W/EGL_emulation(14538): eglSurfaceAttrib not implemented 3093 12436
W/InputEventReceiver(14538): Attempted to finish an input event but the input event receiver has already been disposed.
W/ViewRootImpl(14538): Dropping event due to no window focus: KeyEvent { action=ACTION_DOWN, keyCode=KEYCODE_DPAD_LEFT, scanCode=0, metaState=0, flags=0x8, repeatCount=0, eventTime=526709, downTime=526709, deviceId=-1, source=0x101 }
W/EGL_emulation(14538): eglSurfaceAttrib not implemented 3093 12436
W/ViewRootImpl(14538): Dropping event due to no window focus: KeyEvent { action=ACTION_DOWN, keyCode=KEYCODE_TAB, scanCode=0, metaState=0, flags=0x8, repeatCount=0, eventTime=526711, downTime=526711, deviceId=-1, source=0x101 }
W/InputMethodManagerService(  480): Window already focused, ignoring focus gain of: com.android.internal.view.IInputMethodClient$Stub$Proxy@4a994840 attribute=null, token = android.os.BinderProxy@4a9995b4
W/InputEventReceiver(14538): Attempted to finish an input event but the input event receiver has already been disposed.
W/ViewRootImpl(14538): Dropping event due to no window focus: KeyEvent { action=ACTION_DOWN, keyCode=KEYCODE_DPAD_CENTER, scanCode=0, metaState=0, flags=0x8, repeatCount=0, eventTime=526935, downTime=526935, deviceId=-1, source=0x101 }
I/ActivityManager(  480): START u0 {act=android.intent.action.MAIN cat=[android.intent.category.LAUNCHER] flg=0x10200000 cmp=de.locanto.app/.MainActivity} from pid 14528
W/EGL_emulation(14538): eglSurfaceAttrib not implemented 3093 12436
W/ViewRootImpl(14538): Dropping event due to no window focus: KeyEvent { action=ACTION_DOWN, keyCode=KEYCODE_DPAD_UP, scanCode=0, metaState=0, flags=0x8, repeatCount=0, eventTime=526953, downTime=526953, deviceId=-1, source=0x101 }
W/InputMethodManagerService(  480): Window already focused, ignoring focus gain of: com.android.internal.view.IInputMethodClient$Stub$Proxy@4aa16fe4 attribute=null, token = android.os.BinderProxy@4a9995b4
W/UnimplementedWebViewApi(14538): Unimplemented WebView method onKeyDown called from: android.webkit.WebView.onKeyDown(WebView.java:2169)
W/InputMethodManagerService(  480): Window already focused, ignoring focus gain of: com.android.internal.view.IInputMethodClient$Stub$Proxy@4aaf5384 attribute=null, token = android.os.BinderProxy@4a9995b4
I/ActivityManager(  480): START u0 {act=android.intent.action.MAIN cat=[android.intent.category.HOME] flg=0x10200000 cmp=com.vphone.launcher/.Launcher} from pid 480
D/dalvikvm(  480): GC_FOR_ALLOC freed 3168K, 45% free 13452K/24156K, paused 12ms, total 13ms
W/UnimplementedWebViewApi(14538): Unimplemented WebView method onKeyMultiple called from: android.webkit.WebView.onKeyMultiple(WebView.java:2179)
W/UnimplementedWebViewApi(14538): Unimplemented WebView method onKeyDown called from: android.webkit.WebView.onKeyDown(WebView.java:2169)
W/UnimplementedWebViewApi(14538): Unimplemented WebView method onKeyDown called from: android.webkit.WebView.onKeyDown(WebView.java:2169)
I/ActivityManager(  480): START u0 {act=android.intent.action.CALL_BUTTON flg=0x10000000} from pid 14538
W/PhoneFallbackEventHandler(14538): No activity found for android.intent.action.CALL_BUTTON.
W/UnimplementedWebViewApi(14538): Unimplemented WebView method onKeyMultiple called from: android.webkit.WebView.onKeyMultiple(WebView.java:2179)
W/UnimplementedWebViewApi(14538): Unimplemented WebView method onKeyDown called from: android.webkit.WebView.onKeyDown(WebView.java:2169)
W/UnimplementedWebViewApi(14538): Unimplemented WebView method onKeyDown called from: android.webkit.WebView.onKeyDown(WebView.java:2169)
W/ViewRootImpl(14538): Dropping event due to no window focus: KeyEvent { action=ACTION_DOWN, keyCode=KEYCODE_DPAD_LEFT, scanCode=0, metaState=0, flags=0x8, repeatCount=0, eventTime=527096, downTime=527096, deviceId=-1, source=0x101 }
W/EGL_emulation(14538): eglSurfaceAttrib not implemented 3093 12436
W/InputMethodManagerService(  480): Window already focused, ignoring focus gain of: com.android.internal.view.IInputMethodClient$Stub$Proxy@4aa5b2c8 attribute=null, token = android.os.BinderProxy@4a9995b4
W/UnimplementedWebViewApi(14538): Unimplemented WebView method onKeyDown called from: android.webkit.WebView.onKeyDown(WebView.java:2169)
W/ViewRootImpl(14538): Dropping event due to no window focus: KeyEvent { action=ACTION_DOWN, keyCode=KEYCODE_WINDOW, scanCode=0, metaState=0, flags=0x8, repeatCount=0, eventTime=527175, downTime=527175, deviceId=-1, source=0x101 }
W/ViewRootImpl(14538): Dropping event due to no window focus: KeyEvent { action=ACTION_DOWN, keyCode=KEYCODE_AVR_POWER, scanCode=0, metaState=0, flags=0x8, repeatCount=0, eventTime=527182, downTime=527182, deviceId=-1, source=0x101 }
W/EGL_emulation(14538): eglSurfaceAttrib not implemented 3093 12436
W/ViewRootImpl(14538): Dropping event due to no window focus: KeyEvent { action=ACTION_DOWN, keyCode=KEYCODE_DPAD_DOWN, scanCode=0, metaState=0, flags=0x8, repeatCount=0, eventTime=527188, downTime=527188, deviceId=-1, source=0x101 }
W/ViewRootImpl(14538): Dropping event due to no window focus: KeyEvent { action=ACTION_DOWN, keyCode=KEYCODE_PAGE_UP, scanCode=0, metaState=0, flags=0x8, repeatCount=0, eventTime=527233, downTime=527233, deviceId=-1, source=0x101 }
W/InputMethodManagerService(  480): Window already focused, ignoring focus gain of: com.android.internal.view.IInputMethodClient$Stub$Proxy@4a98b4b4 attribute=null, token = android.os.BinderProxy@4a9995b4
W/UnimplementedWebViewApi(14538): Unimplemented WebView method onKeyDown called from: android.webkit.WebView.onKeyDown(WebView.java:2169)
W/ViewRootImpl(14538): Dropping event due to no window focus: KeyEvent { action=ACTION_DOWN, keyCode=KEYCODE_MENU, scanCode=0, metaState=0, flags=0x8, repeatCount=0, eventTime=527241, downTime=527241, deviceId=-1, source=0x101 }
W/ViewRootImpl(14538): Dropping event due to no window focus: MotionEvent { action=ACTION_MOVE, id[0]=0, x[0]=-3.0, y[0]=-4.0, toolType[0]=TOOL_TYPE_UNKNOWN, buttonState=0, metaState=0, flags=0x0, edgeFlags=0x0, pointerCount=1, historySize=8, eventTime=527244, downTime=-1, deviceId=0, source=0x10004 }
W/EGL_emulation(14538): eglSurfaceAttrib not implemented 3093 12436
W/ViewRootImpl(14538): Dropping event due to no window focus: KeyEvent { action=ACTION_DOWN, keyCode=KEYCODE_PAGE_UP, scanCode=0, metaState=0, flags=0x408, repeatCount=0, eventTime=527239, downTime=527239, deviceId=-1, source=0x101 }
W/ViewRootImpl(14538): Dropping event due to no window focus: KeyEvent { action=ACTION_DOWN, keyCode=KEYCODE_PAGE_DOWN, scanCode=0, metaState=0, flags=0x8, repeatCount=0, eventTime=527299, downTime=527299, deviceId=-1, source=0x101 }
W/InputMethodManagerService(  480): Window already focused, ignoring focus gain of: com.android.internal.view.IInputMethodClient$Stub$Proxy@4aa14450 attribute=null, token = android.os.BinderProxy@4a9995b4
I/SnapScrollController(14538): setSnapScrollingMode case-default no-op
I/SnapScrollController(14538): setSnapScrollingMode case-default no-op
W/UnimplementedWebViewApi(14538): Unimplemented WebView method onKeyMultiple called from: android.webkit.WebView.onKeyMultiple(WebView.java:2179)
W/UnimplementedWebViewApi(14538): Unimplemented WebView method onKeyDown called from: android.webkit.WebView.onKeyDown(WebView.java:2169)
W/UnimplementedWebViewApi(14538): Unimplemented WebView method onKeyMultiple called from: android.webkit.WebView.onKeyMultiple(WebView.java:2179)
W/UnimplementedWebViewApi(14538): Unimplemented WebView method onKeyDown called from: android.webkit.WebView.onKeyDown(WebView.java:2169)
I/ActivityManager(  480): START u0 {act=android.intent.action.MAIN cat=[android.intent.category.HOME] flg=0x10200000 cmp=com.vphone.launcher/.Launcher} from pid 480
V/FlingTracker(  535): computeCurrentVelocity warning: totalweight=0
V/FlingTracker(  535): java.lang.Throwable
V/FlingTracker(  535): 	at com.android.systemui.statusbar.phone.PanelView$FlingTracker.computeCurrentVelocity(PanelView.java:162)
V/FlingTracker(  535): 	at com.android.systemui.statusbar.phone.PanelView$3.onTouch(PanelView.java:462)
V/FlingTracker(  535): 	at android.view.View.dispatchTouchEvent(View.java:7701)
V/FlingTracker(  535): 	at com.android.systemui.statusbar.phone.NotificationPanelView.onTouchEvent(NotificationPanelView.java:138)
V/FlingTracker(  535): 	at com.android.systemui.statusbar.phone.PanelBar.onTouchEvent(PanelBar.java:130)
V/FlingTracker(  535): 	at com.android.systemui.statusbar.phone.PhoneStatusBarView.onTouchEvent(PhoneStatusBarView.java:201)
V/FlingTracker(  535): 	at android.view.View.dispatchTouchEvent(View.java:7706)
V/FlingTracker(  535): 	at android.view.ViewGroup.dispatchTransformedTouchEvent(ViewGroup.java:2210)
V/FlingTracker(  535): 	at android.view.ViewGroup.dispatchTouchEvent(ViewGroup.java:1945)
V/FlingTracker(  535): 	at android.view.ViewGroup.dispatchTransformedTouchEvent(ViewGroup.java:2216)
V/FlingTracker(  535): 	at android.view.ViewGroup.dispatchTouchEvent(ViewGroup.java:1959)
V/FlingTracker(  535): 	at android.view.View.dispatchPointerEvent(View.java:7886)
V/FlingTracker(  535): 	at android.view.ViewRootImpl$ViewPostImeInputStage.processPointerEvent(ViewRootImpl.java:3978)
V/FlingTracker(  535): 	at android.view.ViewRootImpl$ViewPostImeInputStage.onProcess(ViewRootImpl.java:3857)
V/FlingTracker(  535): 	at android.view.ViewRootImpl$InputStage.deliver(ViewRootImpl.java:3423)
V/FlingTracker(  535): 	at android.view.ViewRootImpl$InputStage.onDeliverToNext(ViewRootImpl.java:3473)
V/FlingTracker(  535): 	at android.view.ViewRootImpl$InputStage.forward(ViewRootImpl.java:3442)
V/FlingTracker(  535): 	at android.view.ViewRootImpl$AsyncInputStage.forward(ViewRootImpl.java:3549)
V/FlingTracker(  535): 	at android.view.ViewRootImpl$InputStage.apply(ViewRootImpl.java:3450)
V/FlingTracker(  535): 	at android.view.ViewRootImpl$AsyncInputStage.apply(ViewRootImpl.java:3606)
V/FlingTracker(  535): 	at android.view.ViewRootImpl$InputStage.deliver(ViewRootImpl.java:3423)
V/FlingTracker(  535): 	at android.view.ViewRootImpl$InputStage.onDeliverToNext(ViewRootImpl.java:3473)
V/FlingTracker(  535): 	at android.view.ViewRootImpl$InputStage.forward(ViewRootImpl.java:3442)
V/FlingTracker(  535): 	at android.view.ViewRootImpl$InputStage.apply(ViewRootImpl.java:3450)
V/FlingTracker(  535): 	at android.view.ViewRootImpl$InputStage.deliver(ViewRootImpl.java:3423)
V/FlingTracker(  535): 	at android.view.ViewRootImpl.deliverInputEvent(ViewRootImpl.java:5626)
V/FlingTracker(  535): 	at android.view.ViewRootImpl.doProcessInputEvents(ViewRootImpl.java:5606)
V/FlingTracker(  535): 	at android.view.ViewRootImpl.enqueueInputEvent(ViewRootImpl.java:5577)
V/FlingTracker(  535): 	at android.view.ViewRootImpl$WindowInputEventReceiver.onInputEvent(ViewRootImpl.java:5706)
V/FlingTracker(  535): 	at android.view.InputEventReceiver.dispatchInputEvent(InputEventReceiver.java:185)
V/FlingTracker(  535): 	at android.os.MessageQueue.nativePollOnce(Native Method)
V/FlingTracker(  535): 	at android.os.MessageQueue.next(MessageQueue.java:138)
V/FlingTracker(  535): 	at android.os.Looper.loop(Looper.java:123)
V/FlingTracker(  535): 	at android.app.ActivityThread.main(ActivityThread.java:5019)
V/FlingTracker(  535): 	at java.lang.reflect.Method.invokeNative(Native Method)
V/FlingTracker(  535): 	at java.lang.reflect.Method.invoke(Method.java:515)
V/FlingTracker(  535): 	at com.android.internal.os.ZygoteInit$MethodAndArgsCaller.run(ZygoteInit.java:779)
V/FlingTracker(  535): 	at com.android.internal.os.ZygoteInit.main(ZygoteInit.java:595)
V/FlingTracker(  535): 	at dalvik.system.NativeStart.main(Native Method)
V/PanelView(  535): animationTick called with dtms=0; nothing to do (h=0.0 v=0.0)
W/UnimplementedWebViewApi(14538): Unimplemented WebView method onKeyDown called from: android.webkit.WebView.onKeyDown(WebView.java:2169)
D/dalvikvm(14538): GC_CONCURRENT freed 367K, 34% free 4076K/6092K, paused 0ms+1ms, total 3ms
W/ViewRootImpl(14538): Dropping event due to no window focus: KeyEvent { action=ACTION_DOWN, keyCode=KEYCODE_NUMPAD_DOT, scanCode=0, metaState=0, flags=0x8, repeatCount=0, eventTime=527399, downTime=527399, deviceId=-1, source=0x101 }
W/EGL_emulation(14538): eglSurfaceAttrib not implemented 3093 12436
W/ViewRootImpl(14538): Dropping event due to no window focus: KeyEvent { action=ACTION_DOWN, keyCode=KEYCODE_FORWARD_DEL, scanCode=0, metaState=0, flags=0x8, repeatCount=0, eventTime=527399, downTime=527399, deviceId=-1, source=0x101 }
I/ActivityManager(  480): START u0 {act=android.intent.action.MAIN cat=[android.intent.category.LAUNCHER] flg=0x10200000 cmp=de.locanto.app/.MainActivity} from pid 14528
W/UnimplementedWebViewApi(14538): Unimplemented WebView method onKeyDown called from: android.webkit.WebView.onKeyDown(WebView.java:2169)
W/UnimplementedWebViewApi(14538): Unimplemented WebView method onKeyDown called from: android.webkit.WebView.onKeyDown(WebView.java:2169)
W/InputMethodManagerService(  480): Window already focused, ignoring focus gain of: com.android.internal.view.IInputMethodClient$Stub$Proxy@4aa9c764 attribute=null, token = android.os.BinderProxy@4a9995b4
I/AndroidRuntime(14528): VM exiting with result code 0.
D/InAppBrowser(14538): target = _blank
