I/System.out(15186): body:<axq: axq a(java.lang.String,java.lang.String)>	sig:virtualinvoke $r3.<java.net.HttpURLConnection: void setRequestProperty(java.lang.String,java.lang.String)>($r1, $r2)	timediff:0
I/System.out(15186): body:<axq: axq a(java.lang.String,java.lang.String)>	sig:virtualinvoke $r3.<java.net.HttpURLConnection: void setRequestProperty(java.lang.String,java.lang.String)>($r1, $r2)	timediff:0
I/System.out(15186): body:<axq: axq a(java.lang.String,java.lang.String)>	sig:virtualinvoke $r3.<java.net.HttpURLConnection: void setRequestProperty(java.lang.String,java.lang.String)>($r1, $r2)	timediff:0
I/System.out(15186): body:<axq: axq m()>	sig:virtualinvoke $r2.<java.net.HttpURLConnection: void setDoOutput(boolean)>(1)	timediff:0
I/System.out(15186): body:<axq: axq m()>	sig:$r3 = virtualinvoke $r2.<java.net.HttpURLConnection: java.lang.String getRequestProperty(java.lang.String)>("Content-Type")	timediff:0
D/dalvikvm(15186): GC_CONCURRENT freed 352K, 29% free 3485K/4856K, paused 2ms+0ms, total 6ms
I/System.out(15186): body:<com.squareup.okhttp.Connection: boolean isAlive()>	sig:$z0 = virtualinvoke $r1.<java.net.Socket: boolean isClosed()>()	timediff:0
I/System.out(15186): body:<com.squareup.okhttp.Connection: boolean isAlive()>	sig:$z0 = virtualinvoke $r1.<java.net.Socket: boolean isInputShutdown()>()	timediff:0
I/System.out(15186): body:<com.squareup.okhttp.Connection: boolean isAlive()>	sig:$z0 = virtualinvoke $r1.<java.net.Socket: boolean isOutputShutdown()>()	timediff:0
I/System.out(15186): body:<com.squareup.okhttp.Connection: boolean isAlive()>	sig:$z0 = virtualinvoke $r1.<java.net.Socket: boolean isClosed()>()	timediff:0
I/System.out(15186): body:<com.squareup.okhttp.Connection: boolean isAlive()>	sig:$z0 = virtualinvoke $r1.<java.net.Socket: boolean isInputShutdown()>()	timediff:0
I/System.out(15186): body:<com.squareup.okhttp.Connection: boolean isAlive()>	sig:$z0 = virtualinvoke $r1.<java.net.Socket: boolean isOutputShutdown()>()	timediff:0
I/System.out(15186): body:<axq: axq m()>	sig:$r4 = virtualinvoke $r2.<java.net.HttpURLConnection: java.io.OutputStream getOutputStream()>()	timediff:267
I/System.out(15186): body:<axq: int b()>	sig:$i0 = virtualinvoke $r2.<java.net.HttpURLConnection: int getResponseCode()>()	timediff:73
D/Event   (15186): No subscribers registered for event class de.stocard.events.AppInitDoneEvent
E/dalvikvm(15186): Could not find class 'com.flurry.sdk.i', referenced from method com.flurry.sdk.ju.a
W/dalvikvm(15186): VFY: unable to resolve const-class 3312 (Lcom/flurry/sdk/i;) in Lcom/flurry/sdk/ju;
D/dalvikvm(15186): VFY: replacing opcode 0x1c at 0x0020
W/InstanceID/Rpc(15186): Found 10007
E/ActivityThread(15186): Failed to find provider info for com.facebook.katana.provider.AttributionIdProvider
D/dalvikvm(15186): GC_CONCURRENT freed 475K, 28% free 3506K/4856K, paused 3ms+6ms, total 25ms
I/qtaguid (  643): Tagging socket 117 with tag 3000040700000000(805307399) for uid -1 failed errno=-13
I/NetworkManagementSocketTagger(  643): tagSocketFd(117, 805307399, -1) failed with errno-13
W/dalvikvm(15186): Unable to match class for part: 'Landroid/app/ActivityManager$TaskDescription;)V'
D/AndroidRuntime(15186): Shutting down VM
W/dalvikvm(15186): threadid=1: thread exiting with uncaught exception (group=0x94c6eb20)
W/System.err(15186): java.lang.NoClassDefFoundError: android/app/ActivityManager$TaskDescription
W/System.err(15186): 	at java.lang.Class.getDeclaredMethods(Native Method)
W/System.err(15186): 	at java.lang.Class.getPublicMethodsRecursive(Class.java:894)
W/System.err(15186): 	at java.lang.Class.getMethods(Class.java:877)
W/System.err(15186): 	at de.greenrobot.event.SubscriberMethodFinder.findSubscriberMethods(SubscriberMethodFinder.java:55)
W/System.err(15186): 	at de.greenrobot.event.EventBus.register(EventBus.java:186)
W/System.err(15186): 	at de.greenrobot.event.EventBus.registerSticky(EventBus.java:166)
W/System.err(15186): 	at de.stocard.ui.main.InitActivity.onStart(InitActivity.java:29)
W/System.err(15186): 	at android.app.Instrumentation.callActivityOnStart(Instrumentation.java:1188)
W/System.err(15186): 	at android.app.Activity.performStart(Activity.java:5241)
W/System.err(15186): 	at android.app.ActivityThread.performLaunchActivity(ActivityThread.java:2166)
W/System.err(15186): 	at android.app.ActivityThread.handleLaunchActivity(ActivityThread.java:2243)
W/System.err(15186): 	at android.app.ActivityThread.access$800(ActivityThread.java:135)
W/System.err(15186): 	at android.app.ActivityThread$H.handleMessage(ActivityThread.java:1196)
W/System.err(15186): 	at android.os.Handler.dispatchMessage(Handler.java:102)
W/System.err(15186): 	at android.os.Looper.loop(Looper.java:136)
W/System.err(15186): 	at android.app.ActivityThread.main(ActivityThread.java:5019)
W/System.err(15186): 	at java.lang.reflect.Method.invokeNative(Native Method)
W/System.err(15186): 	at java.lang.reflect.Method.invoke(Method.java:515)
W/System.err(15186): 	at com.android.internal.os.ZygoteInit$MethodAndArgsCaller.run(ZygoteInit.java:779)
W/System.err(15186): 	at com.android.internal.os.ZygoteInit.main(ZygoteInit.java:595)
W/System.err(15186): 	at dalvik.system.NativeStart.main(Native Method)
W/System.err(15186): Caused by: java.lang.ClassNotFoundException: Didn't find class "android.app.ActivityManager$TaskDescription" on path: DexPathList[[zip file "/data/app/de.stocard.stocard-1.apk"],nativeLibraryDirectories=[/data/app-lib/de.stocard.stocard-1, /system/lib]]
W/System.err(15186): 	at dalvik.system.BaseDexClassLoader.findClass(BaseDexClassLoader.java:56)
W/System.err(15186): 	at java.lang.ClassLoader.loadClass(ClassLoader.java:497)
W/System.err(15186): 	at java.lang.ClassLoader.loadClass(ClassLoader.java:457)
W/System.err(15186): 	... 21 more
D/dalvikvm(15186): GC_CONCURRENT freed 308K, 27% free 3582K/4856K, paused 2ms+0ms, total 4ms
D/dalvikvm(15186): GC_CONCURRENT freed 388K, 27% free 3578K/4856K, paused 2ms+1ms, total 4ms
I/qtaguid (  643): Untagging socket 117 failed errno=-13
W/NetworkManagementSocketTagger(  643): untagSocket(117) failed with errno -13
I/Process (  480): Sending signal. PID: 15186 SIG: 9
E/AndroidRuntime(15186): FATAL EXCEPTION: main
E/AndroidRuntime(15186): Process: de.stocard.stocard, PID: 15186
E/AndroidRuntime(15186): java.lang.NoClassDefFoundError: android/app/ActivityManager$TaskDescription
E/AndroidRuntime(15186): 	at java.lang.Class.getDeclaredMethods(Native Method)
E/AndroidRuntime(15186): 	at java.lang.Class.getPublicMethodsRecursive(Class.java:894)
E/AndroidRuntime(15186): 	at java.lang.Class.getMethods(Class.java:877)
E/AndroidRuntime(15186): 	at de.greenrobot.event.SubscriberMethodFinder.findSubscriberMethods(SubscriberMethodFinder.java:55)
E/AndroidRuntime(15186): 	at de.greenrobot.event.EventBus.register(EventBus.java:186)
E/AndroidRuntime(15186): 	at de.greenrobot.event.EventBus.registerSticky(EventBus.java:166)
E/AndroidRuntime(15186): 	at de.stocard.ui.main.InitActivity.onStart(InitActivity.java:29)
E/AndroidRuntime(15186): 	at android.app.Instrumentation.callActivityOnStart(Instrumentation.java:1188)
E/AndroidRuntime(15186): 	at android.app.Activity.performStart(Activity.java:5241)
E/AndroidRuntime(15186): 	at android.app.ActivityThread.performLaunchActivity(ActivityThread.java:2166)
E/AndroidRuntime(15186): 	at android.app.ActivityThread.handleLaunchActivity(ActivityThread.java:2243)
E/AndroidRuntime(15186): 	at android.app.ActivityThread.access$800(ActivityThread.java:135)
E/AndroidRuntime(15186): 	at android.app.ActivityThread$H.handleMessage(ActivityThread.java:1196)
E/AndroidRuntime(15186): 	at android.os.Handler.dispatchMessage(Handler.java:102)
E/AndroidRuntime(15186): 	at android.os.Looper.loop(Looper.java:136)
E/AndroidRuntime(15186): 	at android.app.ActivityThread.main(ActivityThread.java:5019)
E/AndroidRuntime(15186): 	at java.lang.reflect.Method.invokeNative(Native Method)
E/AndroidRuntime(15186): 	at java.lang.reflect.Method.invoke(Method.java:515)
E/AndroidRuntime(15186): 	at com.android.internal.os.ZygoteInit$MethodAndArgsCaller.run(ZygoteInit.java:779)
E/AndroidRuntime(15186): 	at com.android.internal.os.ZygoteInit.main(ZygoteInit.java:595)
E/AndroidRuntime(15186): 	at dalvik.system.NativeStart.main(Native Method)
E/AndroidRuntime(15186): Caused by: java.lang.ClassNotFoundException: Didn't find class "android.app.ActivityManager$TaskDescription" on path: DexPathList[[zip file "/data/app/de.stocard.stocard-1.apk"],nativeLibraryDirectories=[/data/app-lib/de.stocard.stocard-1, /system/lib]]
E/AndroidRuntime(15186): 	at dalvik.system.BaseDexClassLoader.findClass(BaseDexClassLoader.java:56)
E/AndroidRuntime(15186): 	at java.lang.ClassLoader.loadClass(ClassLoader.java:497)
E/AndroidRuntime(15186): 	at java.lang.ClassLoader.loadClass(ClassLoader.java:457)
E/AndroidRuntime(15186): 	... 21 more
W/ActivityManager(  480): Force-killing crashed app de.stocard.stocard at watcher's request
W/ContextImpl(  480): Calling a method in the system process without a qualified user: android.app.ContextImpl.sendBroadcast:1123 com.android.server.am.ActivityManagerService.handleApplicationCrashInner:9670 com.android.server.am.ActivityManagerService.handleApplicationCrash:9644 android.app.ActivityManagerNative.onTransact:1311 com.android.server.am.ActivityManagerService.onTransact:2071 
I/ActivityManager(  480): Process de.stocard.stocard (pid 15186) has died.
W/NetworkManagementSocketTagger(  480): setKernelCountSet(10146, 0) failed with errno -13
I/ActivityManager(  480): Start proc de.stocard.stocard for activity de.stocard.stocard/de.stocard.ui.main.InitActivity: pid=15222 uid=10146 gids={50146, 1028, 1015, 1023, 3003}
W/NetworkManagementSocketTagger(  480): setKernelCountSet(10146, 1) failed with errno -13
I/dalvikvm(15222): ignoring registerObject request in thread=1
I/dalvikvm(15222): ignoring registerObject request in thread=1
D/dalvikvm(15222): JIT code cache reset in 0 ms (0 bytes 1/0)
D/dalvikvm(15222): GC_CONCURRENT freed 171K, 8% free 3035K/3264K, paused 4ms+0ms, total 6ms
I/Fabric  (15222): Initializing Crashlytics 2.3.3.61
D/dalvikvm(15222): GC_FOR_ALLOC freed 241K, 9% free 3306K/3604K, paused 3ms, total 3ms
D/dalvikvm(15222): GC_CONCURRENT freed 25K, 7% free 3377K/3604K, paused 1ms+1ms, total 4ms
D/dalvikvm(15222): GC_CONCURRENT freed 197K, 7% free 3685K/3940K, paused 2ms+0ms, total 4ms
D/dalvikvm(15222): WAIT_FOR_CONCURRENT_GC blocked 3ms
D/dalvikvm(15222): GC_FOR_ALLOC freed 168K, 6% free 4016K/4252K, paused 2ms, total 2ms
D/dalvikvm(15222): GC_CONCURRENT freed 27K, 5% free 4061K/4252K, paused 3ms+3ms, total 12ms
W/dalvikvm(15222): VFY: unable to find class referenced in signature (Lokhttp3/Request;)
W/dalvikvm(15222): VFY: unable to find class referenced in signature (Lokhttp3/Response;)
I/dalvikvm(15222): Could not find method okhttp3.Response.headers, referenced from method empirical.HelperClass.printOkHttpInfo
W/dalvikvm(15222): VFY: unable to resolve virtual method 46955: Lokhttp3/Response;.headers ()Lokhttp3/Headers;
D/dalvikvm(15222): VFY: replacing opcode 0x6e at 0x0006
W/dalvikvm(15222): VFY: unable to find class referenced in signature (Lokhttp3/Call;)
W/dalvikvm(15222): VFY: unable to find class referenced in signature (Lokhttp3/Response;)
I/dalvikvm(15222): Could not find method okhttp3.Call.request, referenced from method empirical.HelperClass.printOkHttpInfoFromCall
W/dalvikvm(15222): VFY: unable to resolve interface method 46949: Lokhttp3/Call;.request ()Lokhttp3/Request;
D/dalvikvm(15222): VFY: replacing opcode 0x72 at 0x0006
D/dalvikvm(15222): GC_CONCURRENT freed 255K, 7% free 4332K/4624K, paused 1ms+1ms, total 6ms
I/System.out(15222): body:<com.squareup.okhttp.HttpUrl$Builder: java.lang.String domainToAscii(java.lang.String)>	sig:$r0 = staticinvoke <java.net.IDN: java.lang.String toASCII(java.lang.String)>($r0)	timediff:0
I/System.out(15222): body:<com.squareup.okhttp.OkHttpClient: com.squareup.okhttp.OkHttpClient copyWithDefaults()>	sig:$r2 = staticinvoke <java.net.ProxySelector: java.net.ProxySelector getDefault()>()	timediff:0
I/System.out(15222): body:<com.squareup.okhttp.OkHttpClient: com.squareup.okhttp.OkHttpClient copyWithDefaults()>	sig:$r3 = staticinvoke <java.net.CookieHandler: java.net.CookieHandler getDefault()>()	timediff:0
I/dalvikvm(15222): Could not find method android.content.pm.PackageManager.getPackageInstaller, referenced from method com.google.android.gms.common.e.a
W/dalvikvm(15222): VFY: unable to resolve virtual method 2900: Landroid/content/pm/PackageManager;.getPackageInstaller ()Landroid/content/pm/PackageInstaller;
D/dalvikvm(15222): VFY: replacing opcode 0x6e at 0x000a
I/System.out(15222): body:<com.squareup.okhttp.HttpUrl: java.net.URI uri()>	sig:specialinvoke $r1.<java.net.URI: void <init>(java.lang.String)>($r2)	timediff:0
I/System.out(15222): body:<com.squareup.okhttp.internal.http.RouteSelector: void resetNextProxy(com.squareup.okhttp.HttpUrl,java.net.Proxy)>	sig:$r3 = virtualinvoke $r6.<java.net.ProxySelector: java.util.List select(java.net.URI)>($r7)	timediff:0
I/System.out(15222): body:<com.squareup.okhttp.internal.http.RouteSelector: void resetNextInetSocketAddress(java.net.Proxy)>	sig:$r7 = virtualinvoke $r1.<java.net.Proxy: java.net.Proxy$Type type()>()	timediff:0
I/System.out(15222): body:<com.squareup.okhttp.internal.Network$1: java.net.InetAddress[] resolveInetAddresses(java.lang.String)>	sig:$r3 = staticinvoke <java.net.InetAddress: java.net.InetAddress[] getAllByName(java.lang.String)>($r1)	timediff:1
I/System.out(15222): body:<com.squareup.okhttp.internal.http.RouteSelector: void resetNextInetSocketAddress(java.net.Proxy)>	sig:specialinvoke $r6.<java.net.InetSocketAddress: void <init>(java.net.InetAddress,int)>($r4, $i0)	timediff:0
I/System.out(15222): body:<com.squareup.okhttp.internal.http.RouteSelector: void resetNextInetSocketAddress(java.net.Proxy)>	sig:specialinvoke $r6.<java.net.InetSocketAddress: void <init>(java.net.InetAddress,int)>($r4, $i0)	timediff:0
I/System.out(15222): body:<com.squareup.okhttp.internal.http.RouteSelector: void resetNextInetSocketAddress(java.net.Proxy)>	sig:specialinvoke $r6.<java.net.InetSocketAddress: void <init>(java.net.InetAddress,int)>($r4, $i0)	timediff:0
I/System.out(15222): body:<com.squareup.okhttp.Route: int hashCode()>	sig:$i1 = virtualinvoke $r2.<java.net.Proxy: int hashCode()>()	timediff:0
I/System.out(15222): body:<com.squareup.okhttp.Route: int hashCode()>	sig:$i0 = virtualinvoke $r3.<java.net.InetSocketAddress: int hashCode()>()	timediff:0
I/System.out(15222): body:<com.squareup.okhttp.Connection: void connect(int,int,int,com.squareup.okhttp.Request,java.util.List,boolean)>	sig:$r16 = virtualinvoke $r6.<java.net.Proxy: java.net.Proxy$Type type()>()	timediff:0
I/System.out(15222): body:<com.squareup.okhttp.Connection: void connectSocket(int,int,int,com.squareup.okhttp.Request,com.squareup.okhttp.internal.ConnectionSpecSelector)>	sig:virtualinvoke $r3.<java.net.Socket: void setSoTimeout(int)>($i1)	timediff:0
D/dalvikvm(15222): GC_CONCURRENT freed 318K, 8% free 4445K/4832K, paused 0ms+2ms, total 4ms
I/System.out(15222): body:<com.squareup.okhttp.internal.Platform$Android: void connectSocket(java.net.Socket,java.net.InetSocketAddress,int)>	sig:virtualinvoke $r1.<java.net.Socket: void connect(java.net.SocketAddress,int)>($r2, $i0)	timediff:132
I/System.out(15222): body:<com.squareup.okhttp.Route: boolean requiresTunnel()>	sig:$r3 = virtualinvoke $r5.<java.net.Proxy: java.net.Proxy$Type type()>()	timediff:0
D/dalvikvm(15222): GC_CONCURRENT freed 1441K, 31% free 3434K/4940K, paused 3ms+1ms, total 15ms
I/System.out(15222): body:<axq: java.lang.String a(java.lang.CharSequence)>	sig:specialinvoke $r2.<java.net.URL: void <init>(java.lang.String)>($r1)	timediff:1
I/System.out(15222): <axq: java.lang.String a(java.lang.CharSequence)>###specialinvoke $r2.<java.net.URL: void <init>(java.lang.String)>($r1)###https://e.crashlytics.com/spi/v2/events
I/System.out(15222): body:<axq: java.lang.String a(java.lang.CharSequence)>	sig:$r3 = virtualinvoke $r2.<java.net.URL: java.lang.String getHost()>()	timediff:0
I/System.out(15222): body:<axq: java.lang.String a(java.lang.CharSequence)>	sig:$i0 = virtualinvoke $r2.<java.net.URL: int getPort()>()	timediff:0
I/System.out(15222): body:<axq: java.lang.String a(java.lang.CharSequence)>	sig:$r3 = virtualinvoke $r2.<java.net.URL: java.lang.String getProtocol()>()	timediff:0
I/System.out(15222): body:<axq: java.lang.String a(java.lang.CharSequence)>	sig:$r6 = virtualinvoke $r2.<java.net.URL: java.lang.String getPath()>()	timediff:0
I/System.out(15222): body:<axq: java.lang.String a(java.lang.CharSequence)>	sig:$r7 = virtualinvoke $r2.<java.net.URL: java.lang.String getQuery()>()	timediff:0
I/System.out(15222): body:<axq: java.lang.String a(java.lang.CharSequence)>	sig:specialinvoke $r5.<java.net.URI: void <init>(java.lang.String,java.lang.String,java.lang.String,java.lang.String,java.lang.String)>($r3, $r1, $r6, $r7, null)	timediff:0
I/System.out(15222): body:<axq: java.lang.String a(java.lang.CharSequence)>	sig:$r7 = virtualinvoke $r5.<java.net.URI: java.lang.String toASCIIString()>()	timediff:0
I/System.out(15222): body:<axq: void <init>(java.lang.CharSequence,java.lang.String)>	sig:specialinvoke $r4.<java.net.URL: void <init>(java.lang.String)>($r3)	timediff:0
I/System.out(15222): <axq: void <init>(java.lang.CharSequence,java.lang.String)>###specialinvoke $r4.<java.net.URL: void <init>(java.lang.String)>($r3)###https://e.crashlytics.com/spi/v2/events
I/System.out(15222): body:<axu: java.net.HttpURLConnection a(java.net.URL)>	sig:$r2 = virtualinvoke $r1.<java.net.URL: java.net.URLConnection openConnection()>()	timediff:6
I/System.out(15222): body:<axq: java.net.HttpURLConnection r()>	sig:virtualinvoke $r5.<java.net.HttpURLConnection: void setRequestMethod(java.lang.String)>($r1)	timediff:0
I/System.out(15222): body:<axq: axq a(boolean)>	sig:virtualinvoke $r1.<java.net.HttpURLConnection: void setUseCaches(boolean)>($z0)	timediff:0
I/System.out(15222): body:<axq: axq a(int)>	sig:virtualinvoke $r1.<java.net.HttpURLConnection: void setConnectTimeout(int)>($i0)	timediff:0
I/System.out(15222): body:<axq: axq a(java.lang.String,java.lang.String)>	sig:virtualinvoke $r3.<java.net.HttpURLConnection: void setRequestProperty(java.lang.String,java.lang.String)>($r1, $r2)	timediff:0
I/System.out(15222): body:<axq: axq a(java.lang.String,java.lang.String)>	sig:virtualinvoke $r3.<java.net.HttpURLConnection: void setRequestProperty(java.lang.String,java.lang.String)>($r1, $r2)	timediff:0
I/System.out(15222): body:<axq: axq a(java.lang.String,java.lang.String)>	sig:virtualinvoke $r3.<java.net.HttpURLConnection: void setRequestProperty(java.lang.String,java.lang.String)>($r1, $r2)	timediff:0
I/System.out(15222): body:<axq: axq a(java.lang.String,java.lang.String)>	sig:virtualinvoke $r3.<java.net.HttpURLConnection: void setRequestProperty(java.lang.String,java.lang.String)>($r1, $r2)	timediff:1
I/System.out(15222): body:<axq: axq a(java.lang.String,java.lang.String)>	sig:virtualinvoke $r3.<java.net.HttpURLConnection: void setRequestProperty(java.lang.String,java.lang.String)>($r1, $r2)	timediff:0
I/System.out(15222): body:<axq: axq a(java.lang.String,java.lang.String)>	sig:virtualinvoke $r3.<java.net.HttpURLConnection: void setRequestProperty(java.lang.String,java.lang.String)>($r1, $r2)	timediff:0
I/System.out(15222): body:<axq: axq m()>	sig:virtualinvoke $r2.<java.net.HttpURLConnection: void setDoOutput(boolean)>(1)	timediff:0
I/System.out(15222): body:<axq: axq m()>	sig:$r3 = virtualinvoke $r2.<java.net.HttpURLConnection: java.lang.String getRequestProperty(java.lang.String)>("Content-Type")	timediff:0
I/System.out(15222): body:<azz: bal b(java.net.Socket)>	sig:$r3 = virtualinvoke $r0.<java.net.Socket: java.io.InputStream getInputStream()>()	timediff:0
I/System.out(15222): body:<azz: bak a(java.net.Socket)>	sig:$r3 = virtualinvoke $r0.<java.net.Socket: java.io.OutputStream getOutputStream()>()	timediff:0
I/System.out(15222): body:<com.squareup.okhttp.Route: int hashCode()>	sig:$i1 = virtualinvoke $r2.<java.net.Proxy: int hashCode()>()	timediff:0
I/System.out(15222): body:<com.squareup.okhttp.Route: int hashCode()>	sig:$i0 = virtualinvoke $r3.<java.net.InetSocketAddress: int hashCode()>()	timediff:0
I/System.out(15222): body:<com.squareup.okhttp.Connection: void setTimeouts(int,int)>	sig:virtualinvoke $r3.<java.net.Socket: void setSoTimeout(int)>($i0)	timediff:0
I/System.out(15222): body:<com.squareup.okhttp.internal.http.HttpTransport: void writeRequestHeaders(com.squareup.okhttp.Request)>	sig:$r6 = virtualinvoke $r5.<java.net.Proxy: java.net.Proxy$Type type()>()	timediff:0
D/dalvikvm(15222): GC_CONCURRENT freed 341K, 30% free 3476K/4940K, paused 1ms+0ms, total 6ms
I/System.out(15222): body:<axq: axq m()>	sig:$r4 = virtualinvoke $r2.<java.net.HttpURLConnection: java.io.OutputStream getOutputStream()>()	timediff:257
D/dalvikvm(15222): GC_CONCURRENT freed 453K, 30% free 3478K/4940K, paused 0ms+1ms, total 3ms
I/System.out(15222): body:<com.squareup.okhttp.Connection: boolean isAlive()>	sig:$z0 = virtualinvoke $r1.<java.net.Socket: boolean isClosed()>()	timediff:0
I/System.out(15222): body:<com.squareup.okhttp.Connection: boolean isAlive()>	sig:$z0 = virtualinvoke $r1.<java.net.Socket: boolean isInputShutdown()>()	timediff:0
I/System.out(15222): body:<com.squareup.okhttp.Connection: boolean isAlive()>	sig:$z0 = virtualinvoke $r1.<java.net.Socket: boolean isOutputShutdown()>()	timediff:0
I/System.out(15222): body:<com.squareup.okhttp.Connection: boolean isAlive()>	sig:$z0 = virtualinvoke $r1.<java.net.Socket: boolean isClosed()>()	timediff:0
I/System.out(15222): body:<com.squareup.okhttp.Connection: boolean isAlive()>	sig:$z0 = virtualinvoke $r1.<java.net.Socket: boolean isInputShutdown()>()	timediff:0
I/System.out(15222): body:<com.squareup.okhttp.Connection: boolean isAlive()>	sig:$z0 = virtualinvoke $r1.<java.net.Socket: boolean isOutputShutdown()>()	timediff:0
I/System.out(15222): body:<axq: int b()>	sig:$i0 = virtualinvoke $r2.<java.net.HttpURLConnection: int getResponseCode()>()	timediff:76
D/Event   (15222): No subscribers registered for event class de.stocard.events.AppInitDoneEvent
E/dalvikvm(15222): Could not find class 'com.flurry.sdk.i', referenced from method com.flurry.sdk.ju.a
W/dalvikvm(15222): VFY: unable to resolve const-class 3312 (Lcom/flurry/sdk/i;) in Lcom/flurry/sdk/ju;
D/dalvikvm(15222): VFY: replacing opcode 0x1c at 0x0020
W/InstanceID/Rpc(15222): Found 10007
E/ActivityThread(15222): Failed to find provider info for com.facebook.katana.provider.AttributionIdProvider
I/qtaguid (  643): Tagging socket 116 with tag 3000040700000000(805307399) for uid -1 failed errno=-13
I/NetworkManagementSocketTagger(  643): tagSocketFd(116, 805307399, -1) failed with errno-13
D/dalvikvm(15222): GC_CONCURRENT freed 375K, 30% free 3503K/4940K, paused 1ms+1ms, total 6ms
W/dalvikvm(15222): Unable to match class for part: 'Landroid/app/ActivityManager$TaskDescription;)V'
D/AndroidRuntime(15222): Shutting down VM
W/dalvikvm(15222): threadid=1: thread exiting with uncaught exception (group=0x94c6eb20)
W/System.err(15222): java.lang.NoClassDefFoundError: android/app/ActivityManager$TaskDescription
W/System.err(15222): 	at java.lang.Class.getDeclaredMethods(Native Method)
W/System.err(15222): 	at java.lang.Class.getPublicMethodsRecursive(Class.java:894)
W/System.err(15222): 	at java.lang.Class.getMethods(Class.java:877)
W/System.err(15222): 	at de.greenrobot.event.SubscriberMethodFinder.findSubscriberMethods(SubscriberMethodFinder.java:55)
W/System.err(15222): 	at de.greenrobot.event.EventBus.register(EventBus.java:186)
W/System.err(15222): 	at de.greenrobot.event.EventBus.registerSticky(EventBus.java:166)
W/System.err(15222): 	at de.stocard.ui.main.InitActivity.onStart(InitActivity.java:29)
W/System.err(15222): 	at android.app.Instrumentation.callActivityOnStart(Instrumentation.java:1188)
W/System.err(15222): 	at android.app.Activity.performStart(Activity.java:5241)
W/System.err(15222): 	at android.app.ActivityThread.performLaunchActivity(ActivityThread.java:2166)
W/System.err(15222): 	at android.app.ActivityThread.handleLaunchActivity(ActivityThread.java:2243)
W/System.err(15222): 	at android.app.ActivityThread.access$800(ActivityThread.java:135)
W/System.err(15222): 	at android.app.ActivityThread$H.handleMessage(ActivityThread.java:1196)
W/System.err(15222): 	at android.os.Handler.dispatchMessage(Handler.java:102)
W/System.err(15222): 	at android.os.Looper.loop(Looper.java:136)
W/System.err(15222): 	at android.app.ActivityThread.main(ActivityThread.java:5019)
W/System.err(15222): 	at java.lang.reflect.Method.invokeNative(Native Method)
W/System.err(15222): 	at java.lang.reflect.Method.invoke(Method.java:515)
W/System.err(15222): 	at com.android.internal.os.ZygoteInit$MethodAndArgsCaller.run(ZygoteInit.java:779)
W/System.err(15222): 	at com.android.internal.os.ZygoteInit.main(ZygoteInit.java:595)
W/System.err(15222): 	at dalvik.system.NativeStart.main(Native Method)
W/System.err(15222): Caused by: java.lang.ClassNotFoundException: Didn't find class "android.app.ActivityManager$TaskDescription" on path: DexPathList[[zip file "/data/app/de.stocard.stocard-1.apk"],nativeLibraryDirectories=[/data/app-lib/de.stocard.stocard-1, /system/lib]]
W/System.err(15222): 	at dalvik.system.BaseDexClassLoader.findClass(BaseDexClassLoader.java:56)
W/System.err(15222): 	at java.lang.ClassLoader.loadClass(ClassLoader.java:497)
W/System.err(15222): 	at java.lang.ClassLoader.loadClass(ClassLoader.java:457)
W/System.err(15222): 	... 21 more
D/dalvikvm(15222): GC_CONCURRENT freed 436K, 28% free 3579K/4940K, paused 0ms+1ms, total 3ms
D/dalvikvm(15222): WAIT_FOR_CONCURRENT_GC blocked 1ms
D/dalvikvm(15222): GC_CONCURRENT freed 411K, 28% free 3594K/4940K, paused 3ms+0ms, total 7ms
I/qtaguid (  643): Untagging socket 116 failed errno=-13
W/NetworkManagementSocketTagger(  643): untagSocket(116) failed with errno -13
I/Process (  480): Sending signal. PID: 15222 SIG: 9
E/AndroidRuntime(15222): FATAL EXCEPTION: main
E/AndroidRuntime(15222): Process: de.stocard.stocard, PID: 15222
E/AndroidRuntime(15222): java.lang.NoClassDefFoundError: android/app/ActivityManager$TaskDescription
E/AndroidRuntime(15222): 	at java.lang.Class.getDeclaredMethods(Native Method)
E/AndroidRuntime(15222): 	at java.lang.Class.getPublicMethodsRecursive(Class.java:894)
E/AndroidRuntime(15222): 	at java.lang.Class.getMethods(Class.java:877)
E/AndroidRuntime(15222): 	at de.greenrobot.event.SubscriberMethodFinder.findSubscriberMethods(SubscriberMethodFinder.java:55)
E/AndroidRuntime(15222): 	at de.greenrobot.event.EventBus.register(EventBus.java:186)
E/AndroidRuntime(15222): 	at de.greenrobot.event.EventBus.registerSticky(EventBus.java:166)
E/AndroidRuntime(15222): 	at de.stocard.ui.main.InitActivity.onStart(InitActivity.java:29)
E/AndroidRuntime(15222): 	at android.app.Instrumentation.callActivityOnStart(Instrumentation.java:1188)
E/AndroidRuntime(15222): 	at android.app.Activity.performStart(Activity.java:5241)
E/AndroidRuntime(15222): 	at android.app.ActivityThread.performLaunchActivity(ActivityThread.java:2166)
E/AndroidRuntime(15222): 	at android.app.ActivityThread.handleLaunchActivity(ActivityThread.java:2243)
E/AndroidRuntime(15222): 	at android.app.ActivityThread.access$800(ActivityThread.java:135)
E/AndroidRuntime(15222): 	at android.app.ActivityThread$H.handleMessage(ActivityThread.java:1196)
E/AndroidRuntime(15222): 	at android.os.Handler.dispatchMessage(Handler.java:102)
E/AndroidRuntime(15222): 	at android.os.Looper.loop(Looper.java:136)
E/AndroidRuntime(15222): 	at android.app.ActivityThread.main(ActivityThread.java:5019)
E/AndroidRuntime(15222): 	at java.lang.reflect.Method.invokeNative(Native Method)
E/AndroidRuntime(15222): 	at java.lang.reflect.Method.invoke(Method.java:515)
E/AndroidRuntime(15222): 	at com.android.internal.os.ZygoteInit$MethodAndArgsCaller.run(ZygoteInit.java:779)
E/AndroidRuntime(15222): 	at com.android.internal.os.ZygoteInit.main(ZygoteInit.java:595)
E/AndroidRuntime(15222): 	at dalvik.system.NativeStart.main(Native Method)
E/AndroidRuntime(15222): Caused by: java.lang.ClassNotFoundException: Didn't find class "android.app.ActivityManager$TaskDescription" on path: DexPathList[[zip file "/data/app/de.stocard.stocard-1.apk"],nativeLibraryDirectories=[/data/app-lib/de.stocard.stocard-1, /system/lib]]
E/AndroidRuntime(15222): 	at dalvik.system.BaseDexClassLoader.findClass(BaseDexClassLoader.java:56)
E/AndroidRuntime(15222): 	at java.lang.ClassLoader.loadClass(ClassLoader.java:497)
E/AndroidRuntime(15222): 	at java.lang.ClassLoader.loadClass(ClassLoader.java:457)
E/AndroidRuntime(15222): 	... 21 more
W/ActivityManager(  480): Force-killing crashed app de.stocard.stocard at watcher's request
W/ContextImpl(  480): Calling a method in the system process without a qualified user: android.app.ContextImpl.sendBroadcast:1123 com.android.server.am.ActivityManagerService.handleApplicationCrashInner:9670 com.android.server.am.ActivityManagerService.handleApplicationCrash:9644 android.app.ActivityManagerNative.onTransact:1311 com.android.server.am.ActivityManagerService.onTransact:2071 
W/NetworkManagementSocketTagger(  480): setKernelCountSet(10146, 0) failed with errno -13
I/InputDispatcher(  480): Dropping event because there is no focused window or focused application.
I/InputDispatcher(  480): Dropping event because there is no focused window or focused application.
I/InputDispatcher(  480): Dropping event because there is no focused window or focused application.
I/InputDispatcher(  480): Dropping event because there is no focused window or focused application.
I/ActivityManager(  480): Process de.stocard.stocard (pid 15222) has died.
W/ActivityManager(  480): Force removing ActivityRecord{4a978b98 u0 de.stocard.stocard/de.stocard.ui.main.InitActivity t113}: app died, no saved state
W/InputManager(  480): Input event injection from pid 14734 failed.
W/InputManager(  480): Input event injection from pid 14734 failed.
W/InputManager(  480): Input event injection from pid 14734 failed.
W/InputManager(  480): Input event injection from pid 14734 failed.
W/InputManager(  480): Input event injection from pid 14734 failed.
W/InputManager(  480): Input event injection from pid 14734 failed.
I/InputDispatcher(  480): Dropping event because there is no focused window or focused application.
I/InputDispatcher(  480): Dropping event because there is no focused window or focused application.
I/InputDispatcher(  480): Dropping event because there is no focused window or focused application.
I/InputDispatcher(  480): Dropping event because there is no focused window or focused application.
I/InputDispatcher(  480): Dropping event because there is no focused window or focused application.
I/InputDispatcher(  480): Dropping event because there is no focused window or focused application.
I/InputDispatcher(  480): Dropping event because there is no focused window or focused application.
I/InputDispatcher(  480): Dropping event because there is no focused window or focused application.
I/InputDispatcher(  480): Dropping event because there is no focused window or focused application.
I/InputDispatcher(  480): Dropping event because there is no focused window or focused application.
W/InputManager(  480): Input event injection from pid 14734 failed.
W/InputManager(  480): Input event injection from pid 14734 failed.
W/InputManager(  480): Input event injection from pid 14734 failed.
W/InputManager(  480): Input event injection from pid 14734 failed.
W/InputManager(  480): Input event injection from pid 14734 failed.
W/InputManager(  480): Input event injection from pid 14734 failed.
W/InputManager(  480): Input event injection from pid 14734 failed.
W/InputManager(  480): Input event injection from pid 14734 failed.
W/InputManager(  480): Input event injection from pid 14734 failed.
W/InputManager(  480): Input event injection from pid 14734 failed.
D/FirebaseApp(  669): Notifying background state change listeners.
I/InputDispatcher(  480): Dropping event because there is no focused window or focused application.
W/InputManager(  480): Input event injection from pid 14734 failed.
W/InputManager(  480): Input event injection from pid 14734 failed.
I/InputDispatcher(  480): Dropping event because there is no focused window or focused application.
I/InputDispatcher(  480): Dropping event because there is no focused window or focused application.
I/InputDispatcher(  480): Dropping event because there is no focused window or focused application.
I/InputDispatcher(  480): Dropping event because there is no focused window or focused application.
I/InputDispatcher(  480): Dropping event because there is no focused window or focused application.
I/InputDispatcher(  480): Dropping event because there is no focused window or focused application.
W/InputManager(  480): Input event injection from pid 14734 failed.
W/InputManager(  480): Input event injection from pid 14734 failed.
W/InputManager(  480): Input event injection from pid 14734 failed.
W/InputManager(  480): Input event injection from pid 14734 failed.
W/InputManager(  480): Input event injection from pid 14734 failed.
W/InputManager(  480): Input event injection from pid 14734 failed.
W/InputManager(  480): Input event injection from pid 14734 failed.
W/InputManager(  480): Input event injection from pid 14734 failed.
W/InputManager(  480): Input event injection from pid 14734 failed.
W/InputManager(  480): Input event injection from pid 14734 failed.
W/InputManager(  480): Input event injection from pid 14734 failed.
W/InputManager(  480): Input event injection from pid 14734 failed.
W/InputManager(  480): Input event injection from pid 14734 failed.
W/InputManager(  480): Input event injection from pid 14734 failed.
W/InputManager(  480): Input event injection from pid 14734 failed.
W/InputManager(  480): Input event injection from pid 14734 failed.
W/InputManager(  480): Input event injection from pid 14734 failed.
W/InputManager(  480): Input event injection from pid 14734 failed.
W/InputManager(  480): Input event injection from pid 14734 failed.
W/EGL_emulation(  669): eglSurfaceAttrib not implemented 3093 12436
W/InputMethodManagerService(  480): Window already focused, ignoring focus gain of: com.android.internal.view.IInputMethodClient$Stub$Proxy@4a9852c0 attribute=null, token = android.os.BinderProxy@4ac4ed80
W/DebugConnManager(  669): getNetworkInfo() on networkType 1
W/ActivityManager(  480): Launch timeout has expired, giving up wake lock!
D/dalvikvm(  669): GC_CONCURRENT freed 7115K, 4% free 221986K/229220K, paused 2ms+12ms, total 61ms
D/dalvikvm(  669): WAIT_FOR_CONCURRENT_GC blocked 37ms
D/dalvikvm(  669): WAIT_FOR_CONCURRENT_GC blocked 48ms
D/dalvikvm(  669): WAIT_FOR_CONCURRENT_GC blocked 58ms
W/DebugConnManager(  669): getNetworkInfo() on networkType 1
I/ActivityManager(  480): START u0 {cmp=com.vphone.launcher/.game.GpLoadingActivity (has extras)} from pid 669
W/DebugConnManager(  669): getNetworkInfo() on networkType 1
I/ActivityManager(  480): START u0 {cmp=com.vphone.launcher/.game.GpLoadingActivity (has extras)} from pid 669
W/DebugConnManager(  669): getNetworkInfo() on networkType 1
I/ActivityManager(  480): START u0 {cmp=com.vphone.launcher/.game.GpLoadingActivity (has extras)} from pid 669
W/DebugConnManager(  669): getNetworkInfo() on networkType 1
I/ActivityManager(  480): START u0 {cmp=com.vphone.launcher/.game.GpLoadingActivity (has extras)} from pid 669
W/Launcher(  669): No global search activity found.
W/DebugConnManager(  669): getNetworkInfo() on networkType 1
I/ActivityManager(  480): START u0 {cmp=com.vphone.launcher/.game.GpLoadingActivity (has extras)} from pid 669
W/DebugConnManager(  669): getNetworkInfo() on networkType 1
I/ActivityManager(  480): START u0 {cmp=com.vphone.launcher/.game.GpLoadingActivity (has extras)} from pid 669
W/DebugConnManager(  669): getNetworkInfo() on networkType 1
I/ActivityManager(  480): START u0 {cmp=com.vphone.launcher/.game.GpLoadingActivity (has extras)} from pid 669
W/DebugConnManager(  669): getNetworkInfo() on networkType 1
I/ActivityManager(  480): START u0 {cmp=com.vphone.launcher/.game.GpLoadingActivity (has extras)} from pid 669
W/PropertyValuesHolder(  669): Method setBrightness() with type int not found on target class class ph
W/PropertyValuesHolder(  669): Method getBrightness() with type int not found on target class class ph
I/ActivityManager(  480): START u0 {act=android.intent.action.MAIN cat=[android.intent.category.LAUNCHER] flg=0x10200000 cmp=de.stocard.stocard/de.stocard.ui.main.InitActivity bnds=[431,618][572,848]} from pid 669
W/ContextImpl(  669): Calling a method in the system process without a qualified user: android.app.ContextImpl.sendBroadcast:1137 android.content.ContextWrapper.sendBroadcast:370 com.vphone.launcher.Stats.recordLaunch:129 com.vphone.launcher.Launcher.c:3192 com.vphone.launcher.Launcher.onClickAppShortcut:3144 
D/yeshen  (  669): launcher onpause
D/dalvikvm(  167): GC_EXPLICIT freed 40K, 4% free 2788K/2888K, paused 1ms+0ms, total 4ms
D/dalvikvm(  167): GC_EXPLICIT freed <1K, 4% free 2788K/2888K, paused 0ms+0ms, total 3ms
W/NetworkManagementSocketTagger(  480): setKernelCountSet(10146, 1) failed with errno -13
I/ActivityManager(  480): Start proc de.stocard.stocard for activity de.stocard.stocard/de.stocard.ui.main.InitActivity: pid=15292 uid=10146 gids={50146, 1028, 1015, 1023, 3003}
I/dalvikvm(15292): ignoring registerObject request in thread=1
I/dalvikvm(15292): ignoring registerObject request in thread=1
D/dalvikvm(  167): GC_EXPLICIT freed <1K, 4% free 2788K/2888K, paused 0ms+5ms, total 10ms
D/yeshen  (  669): launcher onstop
D/FirebaseApp(  669): Notifying background state change listeners.
D/Tinker.DefaultAppLike(  669): onTrimMemory level:20
W/DebugConnManager(  669): getNetworkInfo() on networkType 1
I/Fabric  (15292): Initializing Crashlytics 2.3.3.61
D/dalvikvm(15292): JIT code cache reset in 0 ms (0 bytes 1/0)
D/dalvikvm(15292): GC_CONCURRENT freed 200K, 8% free 3102K/3340K, paused 1ms+3ms, total 7ms
D/dalvikvm(15292): GC_CONCURRENT freed 202K, 8% free 3288K/3548K, paused 0ms+1ms, total 2ms
D/dalvikvm(15292): GC_CONCURRENT freed 140K, 6% free 3559K/3760K, paused 2ms+1ms, total 4ms
D/dalvikvm(15292): GC_CONCURRENT freed 198K, 7% free 3867K/4128K, paused 1ms+1ms, total 4ms
D/dalvikvm(15292): WAIT_FOR_CONCURRENT_GC blocked 2ms
D/dalvikvm(15292): WAIT_FOR_CONCURRENT_GC blocked 3ms
D/dalvikvm(15292): WAIT_FOR_CONCURRENT_GC blocked 3ms
D/dalvikvm(15292): GC_CONCURRENT freed 180K, 6% free 4132K/4372K, paused 1ms+2ms, total 9ms
W/dalvikvm(15292): VFY: unable to find class referenced in signature (Lokhttp3/Request;)
W/dalvikvm(15292): VFY: unable to find class referenced in signature (Lokhttp3/Response;)
I/dalvikvm(15292): Could not find method okhttp3.Response.headers, referenced from method empirical.HelperClass.printOkHttpInfo
W/dalvikvm(15292): VFY: unable to resolve virtual method 46955: Lokhttp3/Response;.headers ()Lokhttp3/Headers;
D/dalvikvm(15292): VFY: replacing opcode 0x6e at 0x0006
W/dalvikvm(15292): VFY: unable to find class referenced in signature (Lokhttp3/Call;)
W/dalvikvm(15292): VFY: unable to find class referenced in signature (Lokhttp3/Response;)
I/dalvikvm(15292): Could not find method okhttp3.Call.request, referenced from method empirical.HelperClass.printOkHttpInfoFromCall
W/dalvikvm(15292): VFY: unable to resolve interface method 46949: Lokhttp3/Call;.request ()Lokhttp3/Request;
D/dalvikvm(15292): VFY: replacing opcode 0x72 at 0x0006
I/System.out(15292): body:<com.squareup.okhttp.HttpUrl$Builder: java.lang.String domainToAscii(java.lang.String)>	sig:$r0 = staticinvoke <java.net.IDN: java.lang.String toASCII(java.lang.String)>($r0)	timediff:0
D/dalvikvm(15292): GC_CONCURRENT freed 308K, 9% free 4278K/4652K, paused 1ms+1ms, total 6ms
I/System.out(15292): body:<com.squareup.okhttp.OkHttpClient: com.squareup.okhttp.OkHttpClient copyWithDefaults()>	sig:$r2 = staticinvoke <java.net.ProxySelector: java.net.ProxySelector getDefault()>()	timediff:0
I/System.out(15292): body:<com.squareup.okhttp.OkHttpClient: com.squareup.okhttp.OkHttpClient copyWithDefaults()>	sig:$r3 = staticinvoke <java.net.CookieHandler: java.net.CookieHandler getDefault()>()	timediff:0
I/dalvikvm(15292): Could not find method android.content.pm.PackageManager.getPackageInstaller, referenced from method com.google.android.gms.common.e.a
W/dalvikvm(15292): VFY: unable to resolve virtual method 2900: Landroid/content/pm/PackageManager;.getPackageInstaller ()Landroid/content/pm/PackageInstaller;
D/dalvikvm(15292): VFY: replacing opcode 0x6e at 0x000a
I/System.out(15292): body:<com.squareup.okhttp.HttpUrl: java.net.URI uri()>	sig:specialinvoke $r1.<java.net.URI: void <init>(java.lang.String)>($r2)	timediff:0
I/System.out(15292): body:<com.squareup.okhttp.internal.http.RouteSelector: void resetNextProxy(com.squareup.okhttp.HttpUrl,java.net.Proxy)>	sig:$r3 = virtualinvoke $r6.<java.net.ProxySelector: java.util.List select(java.net.URI)>($r7)	timediff:0
I/System.out(15292): body:<com.squareup.okhttp.internal.http.RouteSelector: void resetNextInetSocketAddress(java.net.Proxy)>	sig:$r7 = virtualinvoke $r1.<java.net.Proxy: java.net.Proxy$Type type()>()	timediff:0
I/System.out(15292): body:<com.squareup.okhttp.internal.Network$1: java.net.InetAddress[] resolveInetAddresses(java.lang.String)>	sig:$r3 = staticinvoke <java.net.InetAddress: java.net.InetAddress[] getAllByName(java.lang.String)>($r1)	timediff:1
I/System.out(15292): body:<com.squareup.okhttp.internal.http.RouteSelector: void resetNextInetSocketAddress(java.net.Proxy)>	sig:specialinvoke $r6.<java.net.InetSocketAddress: void <init>(java.net.InetAddress,int)>($r4, $i0)	timediff:0
I/System.out(15292): body:<com.squareup.okhttp.internal.http.RouteSelector: void resetNextInetSocketAddress(java.net.Proxy)>	sig:specialinvoke $r6.<java.net.InetSocketAddress: void <init>(java.net.InetAddress,int)>($r4, $i0)	timediff:0
I/System.out(15292): body:<com.squareup.okhttp.internal.http.RouteSelector: void resetNextInetSocketAddress(java.net.Proxy)>	sig:specialinvoke $r6.<java.net.InetSocketAddress: void <init>(java.net.InetAddress,int)>($r4, $i0)	timediff:0
I/System.out(15292): body:<com.squareup.okhttp.Route: int hashCode()>	sig:$i1 = virtualinvoke $r2.<java.net.Proxy: int hashCode()>()	timediff:0
I/System.out(15292): body:<com.squareup.okhttp.Route: int hashCode()>	sig:$i0 = virtualinvoke $r3.<java.net.InetSocketAddress: int hashCode()>()	timediff:0
I/System.out(15292): body:<com.squareup.okhttp.Connection: void connect(int,int,int,com.squareup.okhttp.Request,java.util.List,boolean)>	sig:$r16 = virtualinvoke $r6.<java.net.Proxy: java.net.Proxy$Type type()>()	timediff:0
I/System.out(15292): body:<com.squareup.okhttp.Connection: void connectSocket(int,int,int,com.squareup.okhttp.Request,com.squareup.okhttp.internal.ConnectionSpecSelector)>	sig:virtualinvoke $r3.<java.net.Socket: void setSoTimeout(int)>($i1)	timediff:0
I/System.out(15292): body:<com.squareup.okhttp.internal.Platform$Android: void connectSocket(java.net.Socket,java.net.InetSocketAddress,int)>	sig:virtualinvoke $r1.<java.net.Socket: void connect(java.net.SocketAddress,int)>($r2, $i0)	timediff:131
I/System.out(15292): body:<com.squareup.okhttp.Route: boolean requiresTunnel()>	sig:$r3 = virtualinvoke $r5.<java.net.Proxy: java.net.Proxy$Type type()>()	timediff:0
D/dalvikvm(15292): GC_CONCURRENT freed 1245K, 28% free 3442K/4772K, paused 1ms+1ms, total 5ms
D/dalvikvm(15292): GC_CONCURRENT freed 443K, 28% free 3451K/4772K, paused 5ms+1ms, total 7ms
I/System.out(15292): body:<axq: java.lang.String a(java.lang.CharSequence)>	sig:specialinvoke $r2.<java.net.URL: void <init>(java.lang.String)>($r1)	timediff:0
I/System.out(15292): <axq: java.lang.String a(java.lang.CharSequence)>###specialinvoke $r2.<java.net.URL: void <init>(java.lang.String)>($r1)###https://e.crashlytics.com/spi/v2/events
I/System.out(15292): body:<axq: java.lang.String a(java.lang.CharSequence)>	sig:$r3 = virtualinvoke $r2.<java.net.URL: java.lang.String getHost()>()	timediff:0
I/System.out(15292): body:<axq: java.lang.String a(java.lang.CharSequence)>	sig:$i0 = virtualinvoke $r2.<java.net.URL: int getPort()>()	timediff:0
I/System.out(15292): body:<axq: java.lang.String a(java.lang.CharSequence)>	sig:$r3 = virtualinvoke $r2.<java.net.URL: java.lang.String getProtocol()>()	timediff:0
I/System.out(15292): body:<axq: java.lang.String a(java.lang.CharSequence)>	sig:$r6 = virtualinvoke $r2.<java.net.URL: java.lang.String getPath()>()	timediff:0
I/System.out(15292): body:<axq: java.lang.String a(java.lang.CharSequence)>	sig:$r7 = virtualinvoke $r2.<java.net.URL: java.lang.String getQuery()>()	timediff:0
I/System.out(15292): body:<axq: java.lang.String a(java.lang.CharSequence)>	sig:specialinvoke $r5.<java.net.URI: void <init>(java.lang.String,java.lang.String,java.lang.String,java.lang.String,java.lang.String)>($r3, $r1, $r6, $r7, null)	timediff:0
I/System.out(15292): body:<axq: java.lang.String a(java.lang.CharSequence)>	sig:$r7 = virtualinvoke $r5.<java.net.URI: java.lang.String toASCIIString()>()	timediff:0
I/System.out(15292): body:<axq: void <init>(java.lang.CharSequence,java.lang.String)>	sig:specialinvoke $r4.<java.net.URL: void <init>(java.lang.String)>($r3)	timediff:0
I/System.out(15292): <axq: void <init>(java.lang.CharSequence,java.lang.String)>###specialinvoke $r4.<java.net.URL: void <init>(java.lang.String)>($r3)###https://e.crashlytics.com/spi/v2/events
I/System.out(15292): body:<axu: java.net.HttpURLConnection a(java.net.URL)>	sig:$r2 = virtualinvoke $r1.<java.net.URL: java.net.URLConnection openConnection()>()	timediff:1
I/System.out(15292): body:<axq: java.net.HttpURLConnection r()>	sig:virtualinvoke $r5.<java.net.HttpURLConnection: void setRequestMethod(java.lang.String)>($r1)	timediff:0
I/System.out(15292): body:<axq: axq a(boolean)>	sig:virtualinvoke $r1.<java.net.HttpURLConnection: void setUseCaches(boolean)>($z0)	timediff:0
I/System.out(15292): body:<axq: axq a(int)>	sig:virtualinvoke $r1.<java.net.HttpURLConnection: void setConnectTimeout(int)>($i0)	timediff:0
I/System.out(15292): body:<axq: axq a(java.lang.String,java.lang.String)>	sig:virtualinvoke $r3.<java.net.HttpURLConnection: void setRequestProperty(java.lang.String,java.lang.String)>($r1, $r2)	timediff:0
I/System.out(15292): body:<axq: axq a(java.lang.String,java.lang.String)>	sig:virtualinvoke $r3.<java.net.HttpURLConnection: void setRequestProperty(java.lang.String,java.lang.String)>($r1, $r2)	timediff:0
I/System.out(15292): body:<axq: axq a(java.lang.String,java.lang.String)>	sig:virtualinvoke $r3.<java.net.HttpURLConnection: void setRequestProperty(java.lang.String,java.lang.String)>($r1, $r2)	timediff:0
I/System.out(15292): body:<axq: axq a(java.lang.String,java.lang.String)>	sig:virtualinvoke $r3.<java.net.HttpURLConnection: void setRequestProperty(java.lang.String,java.lang.String)>($r1, $r2)	timediff:0
I/System.out(15292): body:<axq: axq a(java.lang.String,java.lang.String)>	sig:virtualinvoke $r3.<java.net.HttpURLConnection: void setRequestProperty(java.lang.String,java.lang.String)>($r1, $r2)	timediff:0
I/System.out(15292): body:<axq: axq a(java.lang.String,java.lang.String)>	sig:virtualinvoke $r3.<java.net.HttpURLConnection: void setRequestProperty(java.lang.String,java.lang.String)>($r1, $r2)	timediff:0
I/System.out(15292): body:<axq: axq m()>	sig:virtualinvoke $r2.<java.net.HttpURLConnection: void setDoOutput(boolean)>(1)	timediff:0
I/System.out(15292): body:<axq: axq m()>	sig:$r3 = virtualinvoke $r2.<java.net.HttpURLConnection: java.lang.String getRequestProperty(java.lang.String)>("Content-Type")	timediff:0
I/System.out(15292): body:<azz: bal b(java.net.Socket)>	sig:$r3 = virtualinvoke $r0.<java.net.Socket: java.io.InputStream getInputStream()>()	timediff:0
I/System.out(15292): body:<azz: bak a(java.net.Socket)>	sig:$r3 = virtualinvoke $r0.<java.net.Socket: java.io.OutputStream getOutputStream()>()	timediff:0
I/System.out(15292): body:<com.squareup.okhttp.Route: int hashCode()>	sig:$i1 = virtualinvoke $r2.<java.net.Proxy: int hashCode()>()	timediff:0
I/System.out(15292): body:<com.squareup.okhttp.Route: int hashCode()>	sig:$i0 = virtualinvoke $r3.<java.net.InetSocketAddress: int hashCode()>()	timediff:0
I/System.out(15292): body:<com.squareup.okhttp.Connection: void setTimeouts(int,int)>	sig:virtualinvoke $r3.<java.net.Socket: void setSoTimeout(int)>($i0)	timediff:0
I/System.out(15292): body:<com.squareup.okhttp.internal.http.HttpTransport: void writeRequestHeaders(com.squareup.okhttp.Request)>	sig:$r6 = virtualinvoke $r5.<java.net.Proxy: java.net.Proxy$Type type()>()	timediff:0
D/dalvikvm(15292): GC_CONCURRENT freed 391K, 27% free 3484K/4772K, paused 1ms+1ms, total 12ms
I/System.out(15292): body:<com.squareup.okhttp.Connection: boolean isAlive()>	sig:$z0 = virtualinvoke $r1.<java.net.Socket: boolean isClosed()>()	timediff:0
I/System.out(15292): body:<com.squareup.okhttp.Connection: boolean isAlive()>	sig:$z0 = virtualinvoke $r1.<java.net.Socket: boolean isInputShutdown()>()	timediff:0
I/System.out(15292): body:<com.squareup.okhttp.Connection: boolean isAlive()>	sig:$z0 = virtualinvoke $r1.<java.net.Socket: boolean isOutputShutdown()>()	timediff:0
I/System.out(15292): body:<com.squareup.okhttp.Connection: boolean isAlive()>	sig:$z0 = virtualinvoke $r1.<java.net.Socket: boolean isClosed()>()	timediff:0
