W/ViewRootImpl( 5042): Dropping event due to no window focus: KeyEvent { action=ACTION_MULTIPLE, keyCode=KEYCODE_DPAD_LEFT, scanCode=0, metaState=0, flags=0x400, repeatCount=2, eventTime=7717118, downTime=7717118, deviceId=-1, source=0x101 }
W/ViewRootImpl( 5042): Dropping event due to no window focus: KeyEvent { action=ACTION_DOWN, keyCode=KEYCODE_DPAD_LEFT, scanCode=0, metaState=0, flags=0x400, repeatCount=0, eventTime=7717118, downTime=7717118, deviceId=-1, source=0x101 }
W/ViewRootImpl( 5042): Dropping event due to no window focus: KeyEvent { action=ACTION_DOWN, keyCode=KEYCODE_DPAD_LEFT, scanCode=0, metaState=0, flags=0x400, repeatCount=0, eventTime=7717118, downTime=7717118, deviceId=-1, source=0x101 }
W/ViewRootImpl( 5042): Dropping event due to no window focus: KeyEvent { action=ACTION_DOWN, keyCode=KEYCODE_DPAD_LEFT, scanCode=0, metaState=0, flags=0x400, repeatCount=0, eventTime=7717118, downTime=7717118, deviceId=-1, source=0x101 }
W/ViewRootImpl( 5042): Dropping event due to no window focus: KeyEvent { action=ACTION_DOWN, keyCode=KEYCODE_DPAD_LEFT, scanCode=0, metaState=0, flags=0x400, repeatCount=0, eventTime=7717118, downTime=7717118, deviceId=-1, source=0x101 }
W/ViewRootImpl( 5042): Dropping event due to no window focus: MotionEvent { action=ACTION_MOVE, id[0]=0, x[0]=-2.0, y[0]=4.0, toolType[0]=TOOL_TYPE_UNKNOWN, buttonState=0, metaState=0, flags=0x0, edgeFlags=0x0, pointerCount=1, historySize=1, eventTime=7717098, downTime=-1, deviceId=0, source=0x10004 }
W/EGL_emulation( 5042): eglSurfaceAttrib not implemented 3093 12436
W/Finsky  (32476): [927] com.google.android.finsky.billing.iab.ab.b(48): com.aadhk.time: No account found.
W/ViewRootImpl( 5042): Dropping event due to no window focus: MotionEvent { action=ACTION_MOVE, id[0]=0, x[0]=3.0, y[0]=-3.0, toolType[0]=TOOL_TYPE_UNKNOWN, buttonState=0, metaState=0, flags=0x0, edgeFlags=0x0, pointerCount=1, historySize=5, eventTime=7717224, downTime=-1, deviceId=0, source=0x10004 }
W/ViewRootImpl( 5042): Dropping event due to no window focus: KeyEvent { action=ACTION_DOWN, keyCode=KEYCODE_DPAD_CENTER, scanCode=0, metaState=0, flags=0x8, repeatCount=0, eventTime=7717224, downTime=7717224, deviceId=-1, source=0x101 }
I/ActivityManager(  484): Displayed com.aadhk.time/.InvoiceListActivity: +341ms
W/ContextImpl(  484): Calling a method in the system process without a qualified user: android.app.ContextImpl.sendBroadcast:1123 com.android.server.InputMethodManagerService.hideCurrentInputLocked:1880 com.android.server.InputMethodManagerService.windowGainedFocus:1968 com.android.internal.view.IInputMethodManager$Stub.onTransact:221 com.android.server.InputMethodManagerService.onTransact:818 
I/ActivityManager(  484): START u0 {act=android.intent.action.CALL_BUTTON flg=0x10000000} from pid 5042
W/PhoneFallbackEventHandler( 5042): No activity found for android.intent.action.CALL_BUTTON.
I/System.out( 5042): body:<com.google.analytics.tracking.android.HitBuilder: java.lang.String encode(java.lang.String)>	sig:$r2 = staticinvoke <java.net.URLEncoder: java.lang.String encode(java.lang.String,java.lang.String)>($r0, "UTF-8")	timediff:0
I/System.out( 5042): body:<com.google.analytics.tracking.android.HitBuilder: java.lang.String encode(java.lang.String)>	sig:$r2 = staticinvoke <java.net.URLEncoder: java.lang.String encode(java.lang.String,java.lang.String)>($r0, "UTF-8")	timediff:0
I/System.out( 5042): body:<com.google.analytics.tracking.android.HitBuilder: java.lang.String encode(java.lang.String)>	sig:$r2 = staticinvoke <java.net.URLEncoder: java.lang.String encode(java.lang.String,java.lang.String)>($r0, "UTF-8")	timediff:0
I/System.out( 5042): body:<com.google.analytics.tracking.android.HitBuilder: java.lang.String encode(java.lang.String)>	sig:$r2 = staticinvoke <java.net.URLEncoder: java.lang.String encode(java.lang.String,java.lang.String)>($r0, "UTF-8")	timediff:0
I/System.out( 5042): body:<com.google.analytics.tracking.android.HitBuilder: java.lang.String encode(java.lang.String)>	sig:$r2 = staticinvoke <java.net.URLEncoder: java.lang.String encode(java.lang.String,java.lang.String)>($r0, "UTF-8")	timediff:0
I/System.out( 5042): body:<com.google.analytics.tracking.android.HitBuilder: java.lang.String encode(java.lang.String)>	sig:$r2 = staticinvoke <java.net.URLEncoder: java.lang.String encode(java.lang.String,java.lang.String)>($r0, "UTF-8")	timediff:0
I/System.out( 5042): body:<com.google.analytics.tracking.android.HitBuilder: java.lang.String encode(java.lang.String)>	sig:$r2 = staticinvoke <java.net.URLEncoder: java.lang.String encode(java.lang.String,java.lang.String)>($r0, "UTF-8")	timediff:0
I/System.out( 5042): body:<com.google.analytics.tracking.android.HitBuilder: java.lang.String encode(java.lang.String)>	sig:$r2 = staticinvoke <java.net.URLEncoder: java.lang.String encode(java.lang.String,java.lang.String)>($r0, "UTF-8")	timediff:0
I/System.out( 5042): body:<com.google.analytics.tracking.android.HitBuilder: java.lang.String encode(java.lang.String)>	sig:$r2 = staticinvoke <java.net.URLEncoder: java.lang.String encode(java.lang.String,java.lang.String)>($r0, "UTF-8")	timediff:0
I/System.out( 5042): body:<com.google.analytics.tracking.android.HitBuilder: java.lang.String encode(java.lang.String)>	sig:$r2 = staticinvoke <java.net.URLEncoder: java.lang.String encode(java.lang.String,java.lang.String)>($r0, "UTF-8")	timediff:0
I/System.out( 5042): body:<com.google.analytics.tracking.android.HitBuilder: java.lang.String encode(java.lang.String)>	sig:$r2 = staticinvoke <java.net.URLEncoder: java.lang.String encode(java.lang.String,java.lang.String)>($r0, "UTF-8")	timediff:0
I/System.out( 5042): body:<com.google.analytics.tracking.android.HitBuilder: java.lang.String encode(java.lang.String)>	sig:$r2 = staticinvoke <java.net.URLEncoder: java.lang.String encode(java.lang.String,java.lang.String)>($r0, "UTF-8")	timediff:0
I/System.out( 5042): body:<com.google.analytics.tracking.android.HitBuilder: java.lang.String encode(java.lang.String)>	sig:$r2 = staticinvoke <java.net.URLEncoder: java.lang.String encode(java.lang.String,java.lang.String)>($r0, "UTF-8")	timediff:0
I/System.out( 5042): body:<com.google.analytics.tracking.android.HitBuilder: java.lang.String encode(java.lang.String)>	sig:$r2 = staticinvoke <java.net.URLEncoder: java.lang.String encode(java.lang.String,java.lang.String)>($r0, "UTF-8")	timediff:0
W/EGL_emulation( 5042): eglSurfaceAttrib not implemented 3093 12436
W/ViewRootImpl( 5042): Dropping event due to no window focus: KeyEvent { action=ACTION_DOWN, keyCode=KEYCODE_ALT_LEFT, scanCode=0, metaState=0, flags=0x8, repeatCount=0, eventTime=7717904, downTime=7717904, deviceId=-1, source=0x101 }
W/ContextImpl(  484): Calling a method in the system process without a qualified user: android.app.ContextImpl.sendBroadcast:1123 com.android.server.InputMethodManagerService.hideCurrentInputLocked:1880 com.android.server.InputMethodManagerService.windowGainedFocus:1968 com.android.internal.view.IInputMethodManager$Stub.onTransact:221 com.android.server.InputMethodManagerService.onTransact:818 
W/EGL_emulation( 5042): eglSurfaceAttrib not implemented 3093 12436
W/ViewRootImpl( 5042): Dropping event due to no window focus: KeyEvent { action=ACTION_DOWN, keyCode=KEYCODE_MENU, scanCode=0, metaState=0, flags=0x8, repeatCount=0, eventTime=7718651, downTime=7718651, deviceId=-1, source=0x101 }
W/InputEventReceiver( 5042): Attempted to finish an input event but the input event receiver has already been disposed.
W/InputEventReceiver( 5042): Attempted to finish an input event but the input event receiver has already been disposed.
W/InputEventReceiver( 5042): Attempted to finish an input event but the input event receiver has already been disposed.
W/InputEventReceiver( 5042): Attempted to finish an input event but the input event receiver has already been disposed.
W/InputEventReceiver( 5042): Attempted to finish an input event but the input event receiver has already been disposed.
W/ViewRootImpl( 5042): Dropping event due to root view being removed: MotionEvent { action=ACTION_DOWN, id[0]=0, x[0]=-250.0, y[0]=677.0, toolType[0]=TOOL_TYPE_UNKNOWN, buttonState=0, metaState=0, flags=0x0, edgeFlags=0x0, pointerCount=1, historySize=0, eventTime=7718709, downTime=7718709, deviceId=0, source=0x1002 }
W/ViewRootImpl( 5042): Dropping event due to root view being removed: MotionEvent { action=ACTION_MOVE, id[0]=0, x[0]=-231.5227, y[0]=680.7504, toolType[0]=TOOL_TYPE_UNKNOWN, buttonState=0, metaState=0, flags=0x0, edgeFlags=0x0, pointerCount=1, historySize=0, eventTime=7718711, downTime=7718709, deviceId=0, source=0x1002 }
W/ViewRootImpl( 5042): Dropping event due to root view being removed: MotionEvent { action=ACTION_UP, id[0]=0, x[0]=-222.08902, y[0]=683.674, toolType[0]=TOOL_TYPE_UNKNOWN, buttonState=0, metaState=0, flags=0x0, edgeFlags=0x0, pointerCount=1, historySize=0, eventTime=7718712, downTime=7718709, deviceId=0, source=0x1002 }
W/ViewRootImpl( 5042): Dropping event due to root view being removed: MotionEvent { action=ACTION_MOVE, id[0]=0, x[0]=-2.0, y[0]=-5.0, toolType[0]=TOOL_TYPE_UNKNOWN, buttonState=0, metaState=0, flags=0x0, edgeFlags=0x0, pointerCount=1, historySize=9, eventTime=7718744, downTime=-1, deviceId=0, source=0x10004 }
W/InputMethodManagerService(  484): Window already focused, ignoring focus gain of: com.android.internal.view.IInputMethodClient$Stub$Proxy@4ab845fc attribute=null, token = android.os.BinderProxy@4a9570f4
W/EGL_emulation( 5042): eglSurfaceAttrib not implemented 3093 12436
W/InputEventReceiver( 5042): Attempted to finish an input event but the input event receiver has already been disposed.
W/InputEventReceiver( 5042): Attempted to finish an input event but the input event receiver has already been disposed.
W/ViewRootImpl( 5042): Dropping event due to root view being removed: MotionEvent { action=ACTION_UP, id[0]=0, x[0]=-190.79053, y[0]=398.4316, toolType[0]=TOOL_TYPE_UNKNOWN, buttonState=0, metaState=0, flags=0x0, edgeFlags=0x0, pointerCount=1, historySize=0, eventTime=7719269, downTime=7719267, deviceId=0, source=0x1002 }
W/ViewRootImpl( 5042): Dropping event due to no window focus: KeyEvent { action=ACTION_DOWN, keyCode=KEYCODE_DPAD_DOWN, scanCode=0, metaState=0, flags=0x8, repeatCount=0, eventTime=7719304, downTime=7719304, deviceId=-1, source=0x101 }
W/ViewRootImpl( 5042): Dropping event due to no window focus: KeyEvent { action=ACTION_DOWN, keyCode=KEYCODE_DPAD_LEFT, scanCode=0, metaState=0, flags=0x8, repeatCount=0, eventTime=7719308, downTime=7719308, deviceId=-1, source=0x101 }
W/ViewRootImpl( 5042): Dropping event due to no window focus: KeyEvent { action=ACTION_DOWN, keyCode=KEYCODE_DPAD_CENTER, scanCode=0, metaState=0, flags=0x8, repeatCount=0, eventTime=7719316, downTime=7719316, deviceId=-1, source=0x101 }
W/ViewRootImpl( 5042): Dropping event due to no window focus: KeyEvent { action=ACTION_DOWN, keyCode=KEYCODE_DPAD_UP, scanCode=0, metaState=0, flags=0x8, repeatCount=0, eventTime=7719321, downTime=7719321, deviceId=-1, source=0x101 }
W/InputMethodManagerService(  484): Window already focused, ignoring focus gain of: com.android.internal.view.IInputMethodClient$Stub$Proxy@4ae73d38 attribute=android.view.inputmethod.EditorInfo@4ae73d40, token = android.os.BinderProxy@4a9570f4
I/ActivityManager(  484): START u0 {cmp=com.aadhk.time/.SettingActivity} from pid 5042
W/ViewRootImpl( 5042): Dropping event due to no window focus: KeyEvent { action=ACTION_DOWN, keyCode=KEYCODE_DPAD_DOWN, scanCode=0, metaState=0, flags=0x400, repeatCount=0, eventTime=7719741, downTime=7719741, deviceId=-1, source=0x101 }
W/ViewRootImpl( 5042): Dropping event due to no window focus: KeyEvent { action=ACTION_DOWN, keyCode=KEYCODE_DPAD_DOWN, scanCode=0, metaState=0, flags=0x400, repeatCount=0, eventTime=7719741, downTime=7719741, deviceId=-1, source=0x101 }
W/ViewRootImpl( 5042): Dropping event due to no window focus: KeyEvent { action=ACTION_DOWN, keyCode=KEYCODE_DPAD_DOWN, scanCode=0, metaState=0, flags=0x400, repeatCount=0, eventTime=7719741, downTime=7719741, deviceId=-1, source=0x101 }
W/ViewRootImpl( 5042): Dropping event due to no window focus: KeyEvent { action=ACTION_DOWN, keyCode=KEYCODE_DPAD_DOWN, scanCode=0, metaState=0, flags=0x400, repeatCount=0, eventTime=7719741, downTime=7719741, deviceId=-1, source=0x101 }
W/Resources( 5042): Converting to string: TypedValue{t=0x10/d=0x2 a=-1}
W/Resources( 5042): Converting to string: TypedValue{t=0x10/d=0x1 a=-1}
W/Resources( 5042): Converting to string: TypedValue{t=0x10/d=0x0 a=-1}
W/Resources( 5042): Converting to string: TypedValue{t=0x10/d=0x0 a=-1}
W/Resources( 5042): Converting to string: TypedValue{t=0x10/d=0x0 a=-1}
I/System.out( 5042): body:<com.google.analytics.tracking.android.HitBuilder: java.lang.String encode(java.lang.String)>	sig:$r2 = staticinvoke <java.net.URLEncoder: java.lang.String encode(java.lang.String,java.lang.String)>($r0, "UTF-8")	timediff:0
I/System.out( 5042): body:<com.google.analytics.tracking.android.HitBuilder: java.lang.String encode(java.lang.String)>	sig:$r2 = staticinvoke <java.net.URLEncoder: java.lang.String encode(java.lang.String,java.lang.String)>($r0, "UTF-8")	timediff:0
I/System.out( 5042): body:<com.google.analytics.tracking.android.HitBuilder: java.lang.String encode(java.lang.String)>	sig:$r2 = staticinvoke <java.net.URLEncoder: java.lang.String encode(java.lang.String,java.lang.String)>($r0, "UTF-8")	timediff:0
I/System.out( 5042): body:<com.google.analytics.tracking.android.HitBuilder: java.lang.String encode(java.lang.String)>	sig:$r2 = staticinvoke <java.net.URLEncoder: java.lang.String encode(java.lang.String,java.lang.String)>($r0, "UTF-8")	timediff:0
I/System.out( 5042): body:<com.google.analytics.tracking.android.HitBuilder: java.lang.String encode(java.lang.String)>	sig:$r2 = staticinvoke <java.net.URLEncoder: java.lang.String encode(java.lang.String,java.lang.String)>($r0, "UTF-8")	timediff:0
I/System.out( 5042): body:<com.google.analytics.tracking.android.HitBuilder: java.lang.String encode(java.lang.String)>	sig:$r2 = staticinvoke <java.net.URLEncoder: java.lang.String encode(java.lang.String,java.lang.String)>($r0, "UTF-8")	timediff:0
I/System.out( 5042): body:<com.google.analytics.tracking.android.HitBuilder: java.lang.String encode(java.lang.String)>	sig:$r2 = staticinvoke <java.net.URLEncoder: java.lang.String encode(java.lang.String,java.lang.String)>($r0, "UTF-8")	timediff:2
I/System.out( 5042): body:<com.google.analytics.tracking.android.HitBuilder: java.lang.String encode(java.lang.String)>	sig:$r2 = staticinvoke <java.net.URLEncoder: java.lang.String encode(java.lang.String,java.lang.String)>($r0, "UTF-8")	timediff:0
I/System.out( 5042): body:<com.google.analytics.tracking.android.HitBuilder: java.lang.String encode(java.lang.String)>	sig:$r2 = staticinvoke <java.net.URLEncoder: java.lang.String encode(java.lang.String,java.lang.String)>($r0, "UTF-8")	timediff:0
I/System.out( 5042): body:<com.google.analytics.tracking.android.HitBuilder: java.lang.String encode(java.lang.String)>	sig:$r2 = staticinvoke <java.net.URLEncoder: java.lang.String encode(java.lang.String,java.lang.String)>($r0, "UTF-8")	timediff:0
I/System.out( 5042): body:<com.google.analytics.tracking.android.HitBuilder: java.lang.String encode(java.lang.String)>	sig:$r2 = staticinvoke <java.net.URLEncoder: java.lang.String encode(java.lang.String,java.lang.String)>($r0, "UTF-8")	timediff:0
I/System.out( 5042): body:<com.google.analytics.tracking.android.HitBuilder: java.lang.String encode(java.lang.String)>	sig:$r2 = staticinvoke <java.net.URLEncoder: java.lang.String encode(java.lang.String,java.lang.String)>($r0, "UTF-8")	timediff:0
I/System.out( 5042): body:<com.google.analytics.tracking.android.HitBuilder: java.lang.String encode(java.lang.String)>	sig:$r2 = staticinvoke <java.net.URLEncoder: java.lang.String encode(java.lang.String,java.lang.String)>($r0, "UTF-8")	timediff:0
I/System.out( 5042): body:<com.google.analytics.tracking.android.HitBuilder: java.lang.String encode(java.lang.String)>	sig:$r2 = staticinvoke <java.net.URLEncoder: java.lang.String encode(java.lang.String,java.lang.String)>($r0, "UTF-8")	timediff:0
D/dalvikvm( 5042): GC_CONCURRENT freed 2397K, 23% free 5182K/6724K, paused 2ms+1ms, total 9ms
I/ActivityManager(  484): START u0 {act=android.intent.action.MAIN cat=[android.intent.category.LAUNCHER] flg=0x10000000 sel={act=android.intent.action.MAIN cat=[android.intent.category.APP_MUSIC]}} from pid 484
W/EGL_emulation( 5042): eglSurfaceAttrib not implemented 3093 12436
W/ViewRootImpl( 5042): Dropping event due to no window focus: MotionEvent { action=ACTION_MOVE, id[0]=0, x[0]=4.0, y[0]=0.0, toolType[0]=TOOL_TYPE_UNKNOWN, buttonState=0, metaState=0, flags=0x0, edgeFlags=0x0, pointerCount=1, historySize=7, eventTime=7719931, downTime=-1, deviceId=0, source=0x10004 }
I/ActivityManager(  484): Displayed com.aadhk.time/.SettingActivity: +741ms
W/ContextImpl(  484): Calling a method in the system process without a qualified user: android.app.ContextImpl.sendBroadcast:1123 com.android.server.InputMethodManagerService.hideCurrentInputLocked:1880 com.android.server.InputMethodManagerService.windowGainedFocus:1968 com.android.internal.view.IInputMethodManager$Stub.onTransact:221 com.android.server.InputMethodManagerService.onTransact:818 
D/dalvikvm( 5042): GC_CONCURRENT freed 599K, 22% free 5268K/6724K, paused 0ms+0ms, total 4ms
W/ActivityManager(  484): Duplicate finish request for ActivityRecord{4b044e9c u0 com.aadhk.time/.SettingActivity t358 f}
W/InputManager(  484): Input event injection from pid 5022 failed.
I/ActivityManager(  484): START u0 {act=android.intent.action.MAIN cat=[android.intent.category.LAUNCHER] flg=0x10210000 cmp=com.aadhk.time/.MainActivity} from pid 5042
W/InputManager(  484): Input event injection from pid 5022 failed.
W/InputManager(  484): Input event injection from pid 5022 failed.
W/InputManager(  484): Input event injection from pid 5022 failed.
W/InputManager(  484): Input event injection from pid 5022 failed.
W/InputManager(  484): Input event injection from pid 5022 failed.
W/InputManager(  484): Input event injection from pid 5022 failed.
W/InputManager(  484): Input event injection from pid 5022 failed.
W/InputManager(  484): Input event injection from pid 5022 failed.
W/InputManager(  484): Input event injection from pid 5022 failed.
W/InputManager(  484): Input event injection from pid 5022 failed.
W/InputManager(  484): Input event injection from pid 5022 failed.
W/InputManager(  484): Input event injection from pid 5022 failed.
I/System.out( 5042): body:<com.google.analytics.tracking.android.HitBuilder: java.lang.String encode(java.lang.String)>	sig:$r2 = staticinvoke <java.net.URLEncoder: java.lang.String encode(java.lang.String,java.lang.String)>($r0, "UTF-8")	timediff:0
I/System.out( 5042): body:<com.google.analytics.tracking.android.HitBuilder: java.lang.String encode(java.lang.String)>	sig:$r2 = staticinvoke <java.net.URLEncoder: java.lang.String encode(java.lang.String,java.lang.String)>($r0, "UTF-8")	timediff:1
I/System.out( 5042): body:<com.google.analytics.tracking.android.HitBuilder: java.lang.String encode(java.lang.String)>	sig:$r2 = staticinvoke <java.net.URLEncoder: java.lang.String encode(java.lang.String,java.lang.String)>($r0, "UTF-8")	timediff:0
I/System.out( 5042): body:<com.google.analytics.tracking.android.HitBuilder: java.lang.String encode(java.lang.String)>	sig:$r2 = staticinvoke <java.net.URLEncoder: java.lang.String encode(java.lang.String,java.lang.String)>($r0, "UTF-8")	timediff:0
I/System.out( 5042): body:<com.google.analytics.tracking.android.HitBuilder: java.lang.String encode(java.lang.String)>	sig:$r2 = staticinvoke <java.net.URLEncoder: java.lang.String encode(java.lang.String,java.lang.String)>($r0, "UTF-8")	timediff:0
I/System.out( 5042): body:<com.google.analytics.tracking.android.HitBuilder: java.lang.String encode(java.lang.String)>	sig:$r2 = staticinvoke <java.net.URLEncoder: java.lang.String encode(java.lang.String,java.lang.String)>($r0, "UTF-8")	timediff:0
I/System.out( 5042): body:<com.google.analytics.tracking.android.HitBuilder: java.lang.String encode(java.lang.String)>	sig:$r2 = staticinvoke <java.net.URLEncoder: java.lang.String encode(java.lang.String,java.lang.String)>($r0, "UTF-8")	timediff:0
I/System.out( 5042): body:<com.google.analytics.tracking.android.HitBuilder: java.lang.String encode(java.lang.String)>	sig:$r2 = staticinvoke <java.net.URLEncoder: java.lang.String encode(java.lang.String,java.lang.String)>($r0, "UTF-8")	timediff:0
I/System.out( 5042): body:<com.google.analytics.tracking.android.HitBuilder: java.lang.String encode(java.lang.String)>	sig:$r2 = staticinvoke <java.net.URLEncoder: java.lang.String encode(java.lang.String,java.lang.String)>($r0, "UTF-8")	timediff:0
I/System.out( 5042): body:<com.google.analytics.tracking.android.HitBuilder: java.lang.String encode(java.lang.String)>	sig:$r2 = staticinvoke <java.net.URLEncoder: java.lang.String encode(java.lang.String,java.lang.String)>($r0, "UTF-8")	timediff:0
I/System.out( 5042): body:<com.google.analytics.tracking.android.HitBuilder: java.lang.String encode(java.lang.String)>	sig:$r2 = staticinvoke <java.net.URLEncoder: java.lang.String encode(java.lang.String,java.lang.String)>($r0, "UTF-8")	timediff:0
I/System.out( 5042): body:<com.google.analytics.tracking.android.HitBuilder: java.lang.String encode(java.lang.String)>	sig:$r2 = staticinvoke <java.net.URLEncoder: java.lang.String encode(java.lang.String,java.lang.String)>($r0, "UTF-8")	timediff:0
I/System.out( 5042): body:<com.google.analytics.tracking.android.HitBuilder: java.lang.String encode(java.lang.String)>	sig:$r2 = staticinvoke <java.net.URLEncoder: java.lang.String encode(java.lang.String,java.lang.String)>($r0, "UTF-8")	timediff:0
I/System.out( 5042): body:<com.google.analytics.tracking.android.HitBuilder: java.lang.String encode(java.lang.String)>	sig:$r2 = staticinvoke <java.net.URLEncoder: java.lang.String encode(java.lang.String,java.lang.String)>($r0, "UTF-8")	timediff:0
W/EGL_emulation( 5042): eglSurfaceAttrib not implemented 3093 12436
W/ViewRootImpl( 5042): Dropping event due to no window focus: KeyEvent { action=ACTION_DOWN, keyCode=KEYCODE_DPAD_LEFT, scanCode=0, metaState=0, flags=0x8, repeatCount=0, eventTime=7721059, downTime=7721059, deviceId=-1, source=0x101 }
W/ContextImpl(  484): Calling a method in the system process without a qualified user: android.app.ContextImpl.sendBroadcast:1123 com.android.server.InputMethodManagerService.hideCurrentInputLocked:1880 com.android.server.InputMethodManagerService.windowGainedFocus:1968 com.android.internal.view.IInputMethodManager$Stub.onTransact:221 com.android.server.InputMethodManagerService.onTransact:818 
I/ActivityManager(  484): Displayed com.aadhk.time/.MainActivity: +261ms
I/ActivityManager(  484): START u0 {cmp=com.aadhk.time/.InvoiceListActivity} from pid 5042
D/dalvikvm( 5042): GC_CONCURRENT freed 572K, 19% free 5455K/6724K, paused 0ms+0ms, total 5ms
W/ViewRootImpl( 5042): Dropping event due to no window focus: KeyEvent { action=ACTION_DOWN, keyCode=KEYCODE_DPAD_UP, scanCode=0, metaState=0, flags=0x400, repeatCount=0, eventTime=7721719, downTime=7721719, deviceId=-1, source=0x101 }
W/ViewRootImpl( 5042): Dropping event due to no window focus: KeyEvent { action=ACTION_DOWN, keyCode=KEYCODE_DPAD_UP, scanCode=0, metaState=0, flags=0x400, repeatCount=0, eventTime=7721719, downTime=7721719, deviceId=-1, source=0x101 }
W/ViewRootImpl( 5042): Dropping event due to no window focus: KeyEvent { action=ACTION_DOWN, keyCode=KEYCODE_DPAD_UP, scanCode=0, metaState=0, flags=0x400, repeatCount=0, eventTime=7721719, downTime=7721719, deviceId=-1, source=0x101 }
I/System.out( 5042): body:<com.google.analytics.tracking.android.HitBuilder: java.lang.String encode(java.lang.String)>	sig:$r2 = staticinvoke <java.net.URLEncoder: java.lang.String encode(java.lang.String,java.lang.String)>($r0, "UTF-8")	timediff:0
I/System.out( 5042): body:<com.google.analytics.tracking.android.HitBuilder: java.lang.String encode(java.lang.String)>	sig:$r2 = staticinvoke <java.net.URLEncoder: java.lang.String encode(java.lang.String,java.lang.String)>($r0, "UTF-8")	timediff:0
I/System.out( 5042): body:<com.google.analytics.tracking.android.HitBuilder: java.lang.String encode(java.lang.String)>	sig:$r2 = staticinvoke <java.net.URLEncoder: java.lang.String encode(java.lang.String,java.lang.String)>($r0, "UTF-8")	timediff:0
I/System.out( 5042): body:<com.google.analytics.tracking.android.HitBuilder: java.lang.String encode(java.lang.String)>	sig:$r2 = staticinvoke <java.net.URLEncoder: java.lang.String encode(java.lang.String,java.lang.String)>($r0, "UTF-8")	timediff:0
I/System.out( 5042): body:<com.google.analytics.tracking.android.HitBuilder: java.lang.String encode(java.lang.String)>	sig:$r2 = staticinvoke <java.net.URLEncoder: java.lang.String encode(java.lang.String,java.lang.String)>($r0, "UTF-8")	timediff:0
I/System.out( 5042): body:<com.google.analytics.tracking.android.HitBuilder: java.lang.String encode(java.lang.String)>	sig:$r2 = staticinvoke <java.net.URLEncoder: java.lang.String encode(java.lang.String,java.lang.String)>($r0, "UTF-8")	timediff:0
I/System.out( 5042): body:<com.google.analytics.tracking.android.HitBuilder: java.lang.String encode(java.lang.String)>	sig:$r2 = staticinvoke <java.net.URLEncoder: java.lang.String encode(java.lang.String,java.lang.String)>($r0, "UTF-8")	timediff:0
I/System.out( 5042): body:<com.google.analytics.tracking.android.HitBuilder: java.lang.String encode(java.lang.String)>	sig:$r2 = staticinvoke <java.net.URLEncoder: java.lang.String encode(java.lang.String,java.lang.String)>($r0, "UTF-8")	timediff:0
I/System.out( 5042): body:<com.google.analytics.tracking.android.HitBuilder: java.lang.String encode(java.lang.String)>	sig:$r2 = staticinvoke <java.net.URLEncoder: java.lang.String encode(java.lang.String,java.lang.String)>($r0, "UTF-8")	timediff:0
I/System.out( 5042): body:<com.google.analytics.tracking.android.HitBuilder: java.lang.String encode(java.lang.String)>	sig:$r2 = staticinvoke <java.net.URLEncoder: java.lang.String encode(java.lang.String,java.lang.String)>($r0, "UTF-8")	timediff:0
I/System.out( 5042): body:<com.google.analytics.tracking.android.HitBuilder: java.lang.String encode(java.lang.String)>	sig:$r2 = staticinvoke <java.net.URLEncoder: java.lang.String encode(java.lang.String,java.lang.String)>($r0, "UTF-8")	timediff:0
I/System.out( 5042): body:<com.google.analytics.tracking.android.HitBuilder: java.lang.String encode(java.lang.String)>	sig:$r2 = staticinvoke <java.net.URLEncoder: java.lang.String encode(java.lang.String,java.lang.String)>($r0, "UTF-8")	timediff:0
I/System.out( 5042): body:<com.google.analytics.tracking.android.HitBuilder: java.lang.String encode(java.lang.String)>	sig:$r2 = staticinvoke <java.net.URLEncoder: java.lang.String encode(java.lang.String,java.lang.String)>($r0, "UTF-8")	timediff:1
I/System.out( 5042): body:<com.google.analytics.tracking.android.HitBuilder: java.lang.String encode(java.lang.String)>	sig:$r2 = staticinvoke <java.net.URLEncoder: java.lang.String encode(java.lang.String,java.lang.String)>($r0, "UTF-8")	timediff:0
W/Finsky  (32476): [926] com.google.android.finsky.billing.iab.ab.b(48): com.aadhk.time: No account found.
W/EGL_emulation( 5042): eglSurfaceAttrib not implemented 3093 12436
W/ViewRootImpl( 5042): Dropping event due to no window focus: KeyEvent { action=ACTION_DOWN, keyCode=KEYCODE_MENU, scanCode=0, metaState=0, flags=0x8, repeatCount=0, eventTime=7721338, downTime=7721338, deviceId=-1, source=0x101 }
I/ActivityManager(  484): Displayed com.aadhk.time/.InvoiceListActivity: +291ms
W/ContextImpl(  484): Calling a method in the system process without a qualified user: android.app.ContextImpl.sendBroadcast:1123 com.android.server.InputMethodManagerService.hideCurrentInputLocked:1880 com.android.server.InputMethodManagerService.windowGainedFocus:1968 com.android.internal.view.IInputMethodManager$Stub.onTransact:221 com.android.server.InputMethodManagerService.onTransact:818 
D/dalvikvm( 5042): GC_FOR_ALLOC freed 455K, 20% free 5441K/6724K, paused 6ms, total 31ms
I/System.out( 5042): body:<com.google.analytics.tracking.android.HitBuilder: java.lang.String encode(java.lang.String)>	sig:$r2 = staticinvoke <java.net.URLEncoder: java.lang.String encode(java.lang.String,java.lang.String)>($r0, "UTF-8")	timediff:0
I/System.out( 5042): body:<com.google.analytics.tracking.android.HitBuilder: java.lang.String encode(java.lang.String)>	sig:$r2 = staticinvoke <java.net.URLEncoder: java.lang.String encode(java.lang.String,java.lang.String)>($r0, "UTF-8")	timediff:0
I/System.out( 5042): body:<com.google.analytics.tracking.android.HitBuilder: java.lang.String encode(java.lang.String)>	sig:$r2 = staticinvoke <java.net.URLEncoder: java.lang.String encode(java.lang.String,java.lang.String)>($r0, "UTF-8")	timediff:0
I/System.out( 5042): body:<com.google.analytics.tracking.android.HitBuilder: java.lang.String encode(java.lang.String)>	sig:$r2 = staticinvoke <java.net.URLEncoder: java.lang.String encode(java.lang.String,java.lang.String)>($r0, "UTF-8")	timediff:0
I/System.out( 5042): body:<com.google.analytics.tracking.android.HitBuilder: java.lang.String encode(java.lang.String)>	sig:$r2 = staticinvoke <java.net.URLEncoder: java.lang.String encode(java.lang.String,java.lang.String)>($r0, "UTF-8")	timediff:1
I/System.out( 5042): body:<com.google.analytics.tracking.android.HitBuilder: java.lang.String encode(java.lang.String)>	sig:$r2 = staticinvoke <java.net.URLEncoder: java.lang.String encode(java.lang.String,java.lang.String)>($r0, "UTF-8")	timediff:0
I/System.out( 5042): body:<com.google.analytics.tracking.android.HitBuilder: java.lang.String encode(java.lang.String)>	sig:$r2 = staticinvoke <java.net.URLEncoder: java.lang.String encode(java.lang.String,java.lang.String)>($r0, "UTF-8")	timediff:0
I/System.out( 5042): body:<com.google.analytics.tracking.android.HitBuilder: java.lang.String encode(java.lang.String)>	sig:$r2 = staticinvoke <java.net.URLEncoder: java.lang.String encode(java.lang.String,java.lang.String)>($r0, "UTF-8")	timediff:0
I/System.out( 5042): body:<com.google.analytics.tracking.android.HitBuilder: java.lang.String encode(java.lang.String)>	sig:$r2 = staticinvoke <java.net.URLEncoder: java.lang.String encode(java.lang.String,java.lang.String)>($r0, "UTF-8")	timediff:0
I/System.out( 5042): body:<com.google.analytics.tracking.android.HitBuilder: java.lang.String encode(java.lang.String)>	sig:$r2 = staticinvoke <java.net.URLEncoder: java.lang.String encode(java.lang.String,java.lang.String)>($r0, "UTF-8")	timediff:0
I/System.out( 5042): body:<com.google.analytics.tracking.android.HitBuilder: java.lang.String encode(java.lang.String)>	sig:$r2 = staticinvoke <java.net.URLEncoder: java.lang.String encode(java.lang.String,java.lang.String)>($r0, "UTF-8")	timediff:0
I/System.out( 5042): body:<com.google.analytics.tracking.android.HitBuilder: java.lang.String encode(java.lang.String)>	sig:$r2 = staticinvoke <java.net.URLEncoder: java.lang.String encode(java.lang.String,java.lang.String)>($r0, "UTF-8")	timediff:0
I/System.out( 5042): body:<com.google.analytics.tracking.android.HitBuilder: java.lang.String encode(java.lang.String)>	sig:$r2 = staticinvoke <java.net.URLEncoder: java.lang.String encode(java.lang.String,java.lang.String)>($r0, "UTF-8")	timediff:0
I/System.out( 5042): body:<com.google.analytics.tracking.android.HitBuilder: java.lang.String encode(java.lang.String)>	sig:$r2 = staticinvoke <java.net.URLEncoder: java.lang.String encode(java.lang.String,java.lang.String)>($r0, "UTF-8")	timediff:7
W/InputManager(  484): Input event injection from pid 5022 failed.
W/InputManager(  484): Input event injection from pid 5022 failed.
W/EGL_emulation( 5042): eglSurfaceAttrib not implemented 3093 12436
W/ViewRootImpl( 5042): Dropping event due to no window focus: MotionEvent { action=ACTION_MOVE, id[0]=0, x[0]=2.0, y[0]=3.0, toolType[0]=TOOL_TYPE_UNKNOWN, buttonState=0, metaState=0, flags=0x0, edgeFlags=0x0, pointerCount=1, historySize=1, eventTime=7722476, downTime=-1, deviceId=0, source=0x10004 }
I/ActivityManager(  484): START u0 {act=android.intent.action.MAIN cat=[android.intent.category.LAUNCHER] flg=0x10200000 cmp=com.aadhk.time/.MainActivity} from pid 5022
I/PlayCommon(32476): [936] com.google.android.play.b.h.e(263): Preparing logs for uploading
W/PlayCommon(32476): [936] com.google.android.play.b.h.a(675): No account for auth token provided
I/PlayCommon(32476): [936] com.google.android.play.b.h.a(522): Connecting to server: https://play.googleapis.com/play/log?format=raw&proto_v2=true
W/ContextImpl(  484): Calling a method in the system process without a qualified user: android.app.ContextImpl.sendBroadcast:1123 com.android.server.InputMethodManagerService.hideCurrentInputLocked:1880 com.android.server.InputMethodManagerService.windowGainedFocus:1968 com.android.internal.view.IInputMethodManager$Stub.onTransact:221 com.android.server.InputMethodManagerService.onTransact:818 
I/Choreographer( 5042): Skipped 51 frames!  The application may be doing too much work on its main thread.
I/PlayCommon(32476): [936] com.google.android.play.b.h.a(579): Successfully uploaded logs.
D/dalvikvm( 1323): GC_CONCURRENT freed 1379K, 22% free 7156K/9116K, paused 2ms+1ms, total 14ms
W/ViewRootImpl( 5042): Dropping event due to no window focus: KeyEvent { action=ACTION_DOWN, keyCode=KEYCODE_DPAD_LEFT, scanCode=0, metaState=0, flags=0x8, repeatCount=0, eventTime=7723771, downTime=7723771, deviceId=-1, source=0x101 }
W/EGL_emulation( 5042): eglSurfaceAttrib not implemented 3093 12436
W/InputEventReceiver( 5042): Attempted to finish an input event but the input event receiver has already been disposed.
W/InputEventReceiver( 5042): Attempted to finish an input event but the input event receiver has already been disposed.
W/InputEventReceiver( 5042): Attempted to finish an input event but the input event receiver has already been disposed.
W/ViewRootImpl( 5042): Dropping event due to root view being removed: MotionEvent { action=ACTION_MOVE, id[0]=0, x[0]=171.87659, y[0]=531.0014, toolType[0]=TOOL_TYPE_UNKNOWN, buttonState=0, metaState=0, flags=0x0, edgeFlags=0x0, pointerCount=1, historySize=0, eventTime=7723861, downTime=7723858, deviceId=0, source=0x1002 }
W/ViewRootImpl( 5042): Dropping event due to root view being removed: MotionEvent { action=ACTION_UP, id[0]=0, x[0]=149.93152, y[0]=522.6148, toolType[0]=TOOL_TYPE_UNKNOWN, buttonState=0, metaState=0, flags=0x0, edgeFlags=0x0, pointerCount=1, historySize=0, eventTime=7723862, downTime=7723858, deviceId=0, source=0x1002 }
W/InputMethodManagerService(  484): Window already focused, ignoring focus gain of: com.android.internal.view.IInputMethodClient$Stub$Proxy@4aa0d8b0 attribute=android.view.inputmethod.EditorInfo@4ae848a4, token = android.os.BinderProxy@4ae681b4
V/PanelView(  536): animationTick called with dtms=0; nothing to do (h=0.0 v=0.0)
I/ActivityManager(  484): START u0 {act=android.intent.action.MAIN cat=[android.intent.category.LAUNCHER] flg=0x10200000 cmp=com.aadhk.time/.MainActivity} from pid 5022
I/ActivityManager(  484): START u0 {cmp=com.aadhk.time/.SettingActivity} from pid 5042
W/ViewRootImpl( 5042): Dropping event due to no window focus: KeyEvent { action=ACTION_DOWN, keyCode=KEYCODE_DPAD_DOWN, scanCode=0, metaState=0, flags=0x400, repeatCount=0, eventTime=7724218, downTime=7724218, deviceId=-1, source=0x101 }
W/ViewRootImpl( 5042): Dropping event due to no window focus: KeyEvent { action=ACTION_DOWN, keyCode=KEYCODE_DPAD_DOWN, scanCode=0, metaState=0, flags=0x400, repeatCount=0, eventTime=7724218, downTime=7724218, deviceId=-1, source=0x101 }
W/ViewRootImpl( 5042): Dropping event due to no window focus: KeyEvent { action=ACTION_DOWN, keyCode=KEYCODE_DPAD_DOWN, scanCode=0, metaState=0, flags=0x400, repeatCount=0, eventTime=7724218, downTime=7724218, deviceId=-1, source=0x101 }
W/ViewRootImpl( 5042): Dropping event due to no window focus: KeyEvent { action=ACTION_DOWN, keyCode=KEYCODE_DPAD_DOWN, scanCode=0, metaState=0, flags=0x400, repeatCount=0, eventTime=7724218, downTime=7724218, deviceId=-1, source=0x101 }
D/dalvikvm( 5042): GC_CONCURRENT freed 1005K, 22% free 5266K/6724K, paused 2ms+1ms, total 26ms
W/Resources( 5042): Converting to string: TypedValue{t=0x10/d=0x2 a=-1}
W/Resources( 5042): Converting to string: TypedValue{t=0x10/d=0x1 a=-1}
W/Resources( 5042): Converting to string: TypedValue{t=0x10/d=0x0 a=-1}
W/Resources( 5042): Converting to string: TypedValue{t=0x10/d=0x0 a=-1}
W/Resources( 5042): Converting to string: TypedValue{t=0x10/d=0x0 a=-1}
I/System.out( 5042): body:<com.google.analytics.tracking.android.HitBuilder: java.lang.String encode(java.lang.String)>	sig:$r2 = staticinvoke <java.net.URLEncoder: java.lang.String encode(java.lang.String,java.lang.String)>($r0, "UTF-8")	timediff:0
I/System.out( 5042): body:<com.google.analytics.tracking.android.HitBuilder: java.lang.String encode(java.lang.String)>	sig:$r2 = staticinvoke <java.net.URLEncoder: java.lang.String encode(java.lang.String,java.lang.String)>($r0, "UTF-8")	timediff:1
I/System.out( 5042): body:<com.google.analytics.tracking.android.HitBuilder: java.lang.String encode(java.lang.String)>	sig:$r2 = staticinvoke <java.net.URLEncoder: java.lang.String encode(java.lang.String,java.lang.String)>($r0, "UTF-8")	timediff:0
I/System.out( 5042): body:<com.google.analytics.tracking.android.HitBuilder: java.lang.String encode(java.lang.String)>	sig:$r2 = staticinvoke <java.net.URLEncoder: java.lang.String encode(java.lang.String,java.lang.String)>($r0, "UTF-8")	timediff:0
I/System.out( 5042): body:<com.google.analytics.tracking.android.HitBuilder: java.lang.String encode(java.lang.String)>	sig:$r2 = staticinvoke <java.net.URLEncoder: java.lang.String encode(java.lang.String,java.lang.String)>($r0, "UTF-8")	timediff:0
I/System.out( 5042): body:<com.google.analytics.tracking.android.HitBuilder: java.lang.String encode(java.lang.String)>	sig:$r2 = staticinvoke <java.net.URLEncoder: java.lang.String encode(java.lang.String,java.lang.String)>($r0, "UTF-8")	timediff:0
I/System.out( 5042): body:<com.google.analytics.tracking.android.HitBuilder: java.lang.String encode(java.lang.String)>	sig:$r2 = staticinvoke <java.net.URLEncoder: java.lang.String encode(java.lang.String,java.lang.String)>($r0, "UTF-8")	timediff:0
I/System.out( 5042): body:<com.google.analytics.tracking.android.HitBuilder: java.lang.String encode(java.lang.String)>	sig:$r2 = staticinvoke <java.net.URLEncoder: java.lang.String encode(java.lang.String,java.lang.String)>($r0, "UTF-8")	timediff:0
I/System.out( 5042): body:<com.google.analytics.tracking.android.HitBuilder: java.lang.String encode(java.lang.String)>	sig:$r2 = staticinvoke <java.net.URLEncoder: java.lang.String encode(java.lang.String,java.lang.String)>($r0, "UTF-8")	timediff:0
I/System.out( 5042): body:<com.google.analytics.tracking.android.HitBuilder: java.lang.String encode(java.lang.String)>	sig:$r2 = staticinvoke <java.net.URLEncoder: java.lang.String encode(java.lang.String,java.lang.String)>($r0, "UTF-8")	timediff:0
I/System.out( 5042): body:<com.google.analytics.tracking.android.HitBuilder: java.lang.String encode(java.lang.String)>	sig:$r2 = staticinvoke <java.net.URLEncoder: java.lang.String encode(java.lang.String,java.lang.String)>($r0, "UTF-8")	timediff:1
I/System.out( 5042): body:<com.google.analytics.tracking.android.HitBuilder: java.lang.String encode(java.lang.String)>	sig:$r2 = staticinvoke <java.net.URLEncoder: java.lang.String encode(java.lang.String,java.lang.String)>($r0, "UTF-8")	timediff:0
I/System.out( 5042): body:<com.google.analytics.tracking.android.HitBuilder: java.lang.String encode(java.lang.String)>	sig:$r2 = staticinvoke <java.net.URLEncoder: java.lang.String encode(java.lang.String,java.lang.String)>($r0, "UTF-8")	timediff:0
I/System.out( 5042): body:<com.google.analytics.tracking.android.HitBuilder: java.lang.String encode(java.lang.String)>	sig:$r2 = staticinvoke <java.net.URLEncoder: java.lang.String encode(java.lang.String,java.lang.String)>($r0, "UTF-8")	timediff:0
D/dalvikvm(  484): GC_EXPLICIT freed 3552K, 49% free 18710K/36204K, paused 1ms+4ms, total 45ms
W/EGL_emulation( 5042): eglSurfaceAttrib not implemented 3093 12436
W/ViewRootImpl( 5042): Dropping event due to no window focus: KeyEvent { action=ACTION_DOWN, keyCode=KEYCODE_E, scanCode=0, metaState=0, flags=0x8, repeatCount=0, eventTime=7724112, downTime=7724112, deviceId=-1, source=0x101 }
D/dalvikvm( 5042): GC_CONCURRENT freed 799K, 22% free 5258K/6724K, paused 0ms+0ms, total 4ms
W/ContextImpl(  484): Calling a method in the system process without a qualified user: android.app.ContextImpl.sendBroadcast:1123 com.android.server.InputMethodManagerService.hideCurrentInputLocked:1880 com.android.server.InputMethodManagerService.windowGainedFocus:1968 com.android.internal.view.IInputMethodManager$Stub.onTransact:221 com.android.server.InputMethodManagerService.onTransact:818 
I/ActivityManager(  484): Displayed com.aadhk.time/.SettingActivity: +870ms
I/ActivityManager(  484): START u0 {cmp=com.aadhk.time/.ProjectActivity} from pid 5042
I/ActivityManager(  484): START u0 {cmp=com.aadhk.time/.ProjectActivity} from pid 5042
I/System.out( 5042): body:<com.google.analytics.tracking.android.HitBuilder: java.lang.String encode(java.lang.String)>	sig:$r2 = staticinvoke <java.net.URLEncoder: java.lang.String encode(java.lang.String,java.lang.String)>($r0, "UTF-8")	timediff:0
I/System.out( 5042): body:<com.google.analytics.tracking.android.HitBuilder: java.lang.String encode(java.lang.String)>	sig:$r2 = staticinvoke <java.net.URLEncoder: java.lang.String encode(java.lang.String,java.lang.String)>($r0, "UTF-8")	timediff:0
I/System.out( 5042): body:<com.google.analytics.tracking.android.HitBuilder: java.lang.String encode(java.lang.String)>	sig:$r2 = staticinvoke <java.net.URLEncoder: java.lang.String encode(java.lang.String,java.lang.String)>($r0, "UTF-8")	timediff:0
I/System.out( 5042): body:<com.google.analytics.tracking.android.HitBuilder: java.lang.String encode(java.lang.String)>	sig:$r2 = staticinvoke <java.net.URLEncoder: java.lang.String encode(java.lang.String,java.lang.String)>($r0, "UTF-8")	timediff:1
I/System.out( 5042): body:<com.google.analytics.tracking.android.HitBuilder: java.lang.String encode(java.lang.String)>	sig:$r2 = staticinvoke <java.net.URLEncoder: java.lang.String encode(java.lang.String,java.lang.String)>($r0, "UTF-8")	timediff:0
I/System.out( 5042): body:<com.google.analytics.tracking.android.HitBuilder: java.lang.String encode(java.lang.String)>	sig:$r2 = staticinvoke <java.net.URLEncoder: java.lang.String encode(java.lang.String,java.lang.String)>($r0, "UTF-8")	timediff:0
I/System.out( 5042): body:<com.google.analytics.tracking.android.HitBuilder: java.lang.String encode(java.lang.String)>	sig:$r2 = staticinvoke <java.net.URLEncoder: java.lang.String encode(java.lang.String,java.lang.String)>($r0, "UTF-8")	timediff:0
I/System.out( 5042): body:<com.google.analytics.tracking.android.HitBuilder: java.lang.String encode(java.lang.String)>	sig:$r2 = staticinvoke <java.net.URLEncoder: java.lang.String encode(java.lang.String,java.lang.String)>($r0, "UTF-8")	timediff:0
I/System.out( 5042): body:<com.google.analytics.tracking.android.HitBuilder: java.lang.String encode(java.lang.String)>	sig:$r2 = staticinvoke <java.net.URLEncoder: java.lang.String encode(java.lang.String,java.lang.String)>($r0, "UTF-8")	timediff:0
I/System.out( 5042): body:<com.google.analytics.tracking.android.HitBuilder: java.lang.String encode(java.lang.String)>	sig:$r2 = staticinvoke <java.net.URLEncoder: java.lang.String encode(java.lang.String,java.lang.String)>($r0, "UTF-8")	timediff:0
I/System.out( 5042): body:<com.google.analytics.tracking.android.HitBuilder: java.lang.String encode(java.lang.String)>	sig:$r2 = staticinvoke <java.net.URLEncoder: java.lang.String encode(java.lang.String,java.lang.String)>($r0, "UTF-8")	timediff:0
I/System.out( 5042): body:<com.google.analytics.tracking.android.HitBuilder: java.lang.String encode(java.lang.String)>	sig:$r2 = staticinvoke <java.net.URLEncoder: java.lang.String encode(java.lang.String,java.lang.String)>($r0, "UTF-8")	timediff:0
I/System.out( 5042): body:<com.google.analytics.tracking.android.HitBuilder: java.lang.String encode(java.lang.String)>	sig:$r2 = staticinvoke <java.net.URLEncoder: java.lang.String encode(java.lang.String,java.lang.String)>($r0, "UTF-8")	timediff:0
I/System.out( 5042): body:<com.google.analytics.tracking.android.HitBuilder: java.lang.String encode(java.lang.String)>	sig:$r2 = staticinvoke <java.net.URLEncoder: java.lang.String encode(java.lang.String,java.lang.String)>($r0, "UTF-8")	timediff:0
W/EGL_emulation( 5042): eglSurfaceAttrib not implemented 3093 12436
W/ViewRootImpl( 5042): Dropping event due to no window focus: KeyEvent { action=ACTION_DOWN, keyCode=KEYCODE_META_RIGHT, scanCode=0, metaState=0, flags=0x8, repeatCount=0, eventTime=7725564, downTime=7725564, deviceId=-1, source=0x101 }
D/dalvikvm( 5042): GC_CONCURRENT freed 501K, 19% free 5463K/6724K, paused 1ms+1ms, total 6ms
W/ContextImpl(  484): Calling a method in the system process without a qualified user: android.app.ContextImpl.sendBroadcast:1123 com.android.server.InputMethodManagerService.hideCurrentInputLocked:1880 com.android.server.InputMethodManagerService.windowGainedFocus:1968 com.android.internal.view.IInputMethodManager$Stub.onTransact:221 com.android.server.InputMethodManagerService.onTransact:818 
I/ActivityManager(  484): Displayed com.aadhk.time/.ProjectActivity: +1s97ms
I/System.out( 5042): body:<com.google.analytics.tracking.android.HitBuilder: java.lang.String encode(java.lang.String)>	sig:$r2 = staticinvoke <java.net.URLEncoder: java.lang.String encode(java.lang.String,java.lang.String)>($r0, "UTF-8")	timediff:0
I/System.out( 5042): body:<com.google.analytics.tracking.android.HitBuilder: java.lang.String encode(java.lang.String)>	sig:$r2 = staticinvoke <java.net.URLEncoder: java.lang.String encode(java.lang.String,java.lang.String)>($r0, "UTF-8")	timediff:0
I/System.out( 5042): body:<com.google.analytics.tracking.android.HitBuilder: java.lang.String encode(java.lang.String)>	sig:$r2 = staticinvoke <java.net.URLEncoder: java.lang.String encode(java.lang.String,java.lang.String)>($r0, "UTF-8")	timediff:0
I/System.out( 5042): body:<com.google.analytics.tracking.android.HitBuilder: java.lang.String encode(java.lang.String)>	sig:$r2 = staticinvoke <java.net.URLEncoder: java.lang.String encode(java.lang.String,java.lang.String)>($r0, "UTF-8")	timediff:0
I/System.out( 5042): body:<com.google.analytics.tracking.android.HitBuilder: java.lang.String encode(java.lang.String)>	sig:$r2 = staticinvoke <java.net.URLEncoder: java.lang.String encode(java.lang.String,java.lang.String)>($r0, "UTF-8")	timediff:0
I/System.out( 5042): body:<com.google.analytics.tracking.android.HitBuilder: java.lang.String encode(java.lang.String)>	sig:$r2 = staticinvoke <java.net.URLEncoder: java.lang.String encode(java.lang.String,java.lang.String)>($r0, "UTF-8")	timediff:0
I/System.out( 5042): body:<com.google.analytics.tracking.android.HitBuilder: java.lang.String encode(java.lang.String)>	sig:$r2 = staticinvoke <java.net.URLEncoder: java.lang.String encode(java.lang.String,java.lang.String)>($r0, "UTF-8")	timediff:0
I/System.out( 5042): body:<com.google.analytics.tracking.android.HitBuilder: java.lang.String encode(java.lang.String)>	sig:$r2 = staticinvoke <java.net.URLEncoder: java.lang.String encode(java.lang.String,java.lang.String)>($r0, "UTF-8")	timediff:0
I/System.out( 5042): body:<com.google.analytics.tracking.android.HitBuilder: java.lang.String encode(java.lang.String)>	sig:$r2 = staticinvoke <java.net.URLEncoder: java.lang.String encode(java.lang.String,java.lang.String)>($r0, "UTF-8")	timediff:0
I/System.out( 5042): body:<com.google.analytics.tracking.android.HitBuilder: java.lang.String encode(java.lang.String)>	sig:$r2 = staticinvoke <java.net.URLEncoder: java.lang.String encode(java.lang.String,java.lang.String)>($r0, "UTF-8")	timediff:0
I/System.out( 5042): body:<com.google.analytics.tracking.android.HitBuilder: java.lang.String encode(java.lang.String)>	sig:$r2 = staticinvoke <java.net.URLEncoder: java.lang.String encode(java.lang.String,java.lang.String)>($r0, "UTF-8")	timediff:0
I/System.out( 5042): body:<com.google.analytics.tracking.android.HitBuilder: java.lang.String encode(java.lang.String)>	sig:$r2 = staticinvoke <java.net.URLEncoder: java.lang.String encode(java.lang.String,java.lang.String)>($r0, "UTF-8")	timediff:0
I/System.out( 5042): body:<com.google.analytics.tracking.android.HitBuilder: java.lang.String encode(java.lang.String)>	sig:$r2 = staticinvoke <java.net.URLEncoder: java.lang.String encode(java.lang.String,java.lang.String)>($r0, "UTF-8")	timediff:0
I/System.out( 5042): body:<com.google.analytics.tracking.android.HitBuilder: java.lang.String encode(java.lang.String)>	sig:$r2 = staticinvoke <java.net.URLEncoder: java.lang.String encode(java.lang.String,java.lang.String)>($r0, "UTF-8")	timediff:0
D/dalvikvm( 5042): GC_FOR_ALLOC freed 433K, 21% free 5356K/6724K, paused 21ms, total 23ms
W/EGL_emulation( 5042): eglSurfaceAttrib not implemented 3093 12436
W/ViewRootImpl( 5042): Dropping event due to no window focus: KeyEvent { action=ACTION_DOWN, keyCode=KEYCODE_3, scanCode=0, metaState=0, flags=0x8, repeatCount=0, eventTime=7727645, downTime=7727645, deviceId=-1, source=0x101 }
