I/System.out(11884): body:<com.google.android.gms.internal.zzsk: void zze(java.net.HttpURLConnection)>	sig:virtualinvoke $r1.<java.net.HttpURLConnection: void disconnect()>()	timediff:0
V/GoogleTagManager(11884): Load resource from network finished.
W/ViewRootImpl(11884): Dropping event due to no window focus: KeyEvent { action=ACTION_DOWN, keyCode=KEYCODE_DPAD_DOWN, scanCode=0, metaState=0, flags=0x8, repeatCount=0, eventTime=1226397, downTime=1226397, deviceId=-1, source=0x101 }
W/InputMethodManagerService(  464): Window already focused, ignoring focus gain of: com.android.internal.view.IInputMethodClient$Stub$Proxy@4ade63a8 attribute=null, token = android.os.BinderProxy@4aad67e0
I/GoogleTagManager(11884): Obtained fresh AdvertisingId info from GmsCore.
W/ViewRootImpl(11884): Dropping event due to no window focus: KeyEvent { action=ACTION_DOWN, keyCode=KEYCODE_DPAD_RIGHT, scanCode=0, metaState=0, flags=0x8, repeatCount=0, eventTime=1226542, downTime=1226542, deviceId=-1, source=0x101 }
W/EGL_emulation(11884): eglSurfaceAttrib not implemented 3093 12436
W/ViewRootImpl(11884): Dropping event due to no window focus: KeyEvent { action=ACTION_DOWN, keyCode=KEYCODE_DPAD_CENTER, scanCode=0, metaState=0, flags=0x8, repeatCount=0, eventTime=1226555, downTime=1226555, deviceId=-1, source=0x101 }
W/ViewRootImpl(11884): Dropping event due to no window focus: KeyEvent { action=ACTION_DOWN, keyCode=KEYCODE_DPAD_RIGHT, scanCode=0, metaState=0, flags=0x8, repeatCount=0, eventTime=1226587, downTime=1226587, deviceId=-1, source=0x101 }
D/HttpConnection(11884): Unable to execute http request. Exception: javax.net.ssl.SSLPeerUnverifiedException: No peer certificate
D/HttpConnection(11884): Loading Cookie Store from Cache
D/HttpConnection(11884): Strict certificate: https://www.efax.com
D/HttpConnection(11884): Unable to execute http request. Exception: javax.net.ssl.SSLPeerUnverifiedException: No peer certificate
I/HttpConnection(11884): !****** HTTP GET ******!: https://api.mobile.j2.com/signup/v1/billing/payment_methods?locale=en-US
D/HttpConnection(11884): Loading Cookie Store from Cache
D/HttpConnection(11884): Strict certificate: https://www.efax.com
I/System.out(11884): body:<com.j2.fax.http.HttpConnection: org.apache.http.HttpResponse executeHttpRequest(org.apache.http.client.methods.HttpRequestBase)>	sig:$r4 = virtualinvoke $r3.<java.net.URI: java.lang.String toString()>()	timediff:0
D/HttpConnection(11884): Checking for network connectivity... (0ms elapsed)
D/FaxActivity(11884): API Request: https://api.mobile.j2.com/signup/v1/general/geolocations?locale=en-US
D/FaxActivity(11884): API Results: 
D/FaxActivity(11884): API Request: https://api.mobile.j2.com/signup/v1/inventory/countries?locale=en-US
D/FaxActivity(11884): API Results: 
I/HttpConnection(11884): !****** HTTP GET ******!: https://api.mobile.j2.com/signup/v1/general/currencies
I/System.out(11884): body:<com.j2.fax.http.HttpConnection: org.apache.http.HttpResponse executeHttpRequest(org.apache.http.client.methods.HttpRequestBase)>	sig:$r4 = virtualinvoke $r3.<java.net.URI: java.lang.String toString()>()	timediff:0
D/HttpConnection(11884): Checking for network connectivity... (0ms elapsed)
W/InputMethodManagerService(  464): Window already focused, ignoring focus gain of: com.android.internal.view.IInputMethodClient$Stub$Proxy@4abe257c attribute=null, token = android.os.BinderProxy@4aad67e0
W/ViewRootImpl(11884): Dropping event due to no window focus: KeyEvent { action=ACTION_DOWN, keyCode=KEYCODE_MENU, scanCode=0, metaState=0, flags=0x8, repeatCount=0, eventTime=1226724, downTime=1226724, deviceId=-1, source=0x101 }
W/ViewRootImpl(11884): Dropping event due to no window focus: KeyEvent { action=ACTION_DOWN, keyCode=KEYCODE_DPAD_RIGHT, scanCode=0, metaState=0, flags=0x8, repeatCount=0, eventTime=1226727, downTime=1226727, deviceId=-1, source=0x101 }
W/ViewRootImpl(11884): Dropping event due to no window focus: KeyEvent { action=ACTION_DOWN, keyCode=KEYCODE_DPAD_CENTER, scanCode=0, metaState=0, flags=0x8, repeatCount=0, eventTime=1226740, downTime=1226740, deviceId=-1, source=0x101 }
D/dalvikvm(11884): GC_CONCURRENT freed 458K, 12% free 4984K/5604K, paused 2ms+1ms, total 5ms
D/HttpConnection(11884): Unable to execute http request. Exception: javax.net.ssl.SSLPeerUnverifiedException: No peer certificate
D/HttpConnection(11884): Loading Cookie Store from Cache
D/HttpConnection(11884): Strict certificate: https://www.efax.com
I/HttpConnection(11884): !****** HTTP GET ******!: https://api.mobile.j2.com/signup/v1/billing/send_rates?currency_code=USD&locale=en-US
I/System.out(11884): body:<com.j2.fax.http.HttpConnection: org.apache.http.HttpResponse executeHttpRequest(org.apache.http.client.methods.HttpRequestBase)>	sig:$r4 = virtualinvoke $r3.<java.net.URI: java.lang.String toString()>()	timediff:0
D/HttpConnection(11884): Checking for network connectivity... (0ms elapsed)
I/System.out(11884): body:<com.leanplum.Util: org.json.JSONObject a(java.net.HttpURLConnection)>	sig:$i0 = virtualinvoke $r0.<java.net.HttpURLConnection: int getResponseCode()>()	timediff:740
I/System.out(11884): body:<com.leanplum.Util: org.json.JSONObject a(java.net.HttpURLConnection)>	sig:$r2 = virtualinvoke $r0.<java.net.HttpURLConnection: java.io.InputStream getInputStream()>()	timediff:0
I/System.out(11884): body:<empirical.HelperClass: void printURLInfo(java.lang.String,java.lang.String,java.net.URLConnection)>	sig:$r0 = virtualinvoke urlConnection.<java.net.URLConnection: java.net.URL getURL()>()	timediff:0
I/System.out(11884): body:<empirical.HelperClass: void printURLInfo(java.lang.String,java.lang.String,java.net.URLConnection)>	sig:urlString = virtualinvoke $r0.<java.net.URL: java.lang.String toString()>()	timediff:0
I/System.out(11884): body:<empirical.HelperClass: void printURLInfo(java.lang.String,java.lang.String,java.net.URLConnection)>	sig:isDoOutput = virtualinvoke urlConnection.<java.net.URLConnection: boolean getDoOutput()>()	timediff:0
I/System.out(11884): body:<empirical.HelperClass: java.lang.String getHeaderField(java.net.URLConnection,java.lang.String)>	sig:data = virtualinvoke conn.<java.net.URLConnection: java.lang.String getHeaderField(java.lang.String)>(field)	timediff:0
I/System.out(11884): body:<empirical.HelperClass: java.lang.String getHeaderField(java.net.URLConnection,java.lang.String)>	sig:data = virtualinvoke conn.<java.net.URLConnection: java.lang.String getHeaderField(java.lang.String)>(field)	timediff:0
I/System.out(11884): body:<empirical.HelperClass: java.lang.String getHeaderField(java.net.URLConnection,java.lang.String)>	sig:data = virtualinvoke conn.<java.net.URLConnection: java.lang.String getHeaderField(java.lang.String)>(field)	timediff:0
I/System.out(11884): body:<empirical.HelperClass: java.lang.String getHeaderField(java.net.URLConnection,java.lang.String)>	sig:data = virtualinvoke conn.<java.net.URLConnection: java.lang.String getHeaderField(java.lang.String)>(field)	timediff:1
I/System.out(11884): body:<empirical.HelperClass: java.lang.String getHeaderField(java.net.URLConnection,java.lang.String)>	sig:data = virtualinvoke conn.<java.net.URLConnection: java.lang.String getHeaderField(java.lang.String)>(field)	timediff:0
I/System.out(11884): URLConn;%;1;%;<com.leanplum.Util: org.json.JSONObject a(java.net.HttpURLConnection)>;%;$r2 = virtualinvoke $r0.<java.net.HttpURLConnection: java.io.InputStream getInputStream()>();%;https://www.leanplum.com/api;%;true;%;378;%;Not found;%;Not found;%;Not found;%;Not found
I/System.out(11884): body:<com.leanplum.Z: java.lang.Void a()>	sig:$i0 = virtualinvoke $r6.<java.net.HttpURLConnection: int getResponseCode()>()	timediff:1
W/EGL_emulation(11884): eglSurfaceAttrib not implemented 3093 12436
I/System.out(11884): body:<com.leanplum.Z: java.lang.Void a()>	sig:virtualinvoke $r6.<java.net.HttpURLConnection: void disconnect()>()	timediff:1
D/FaxActivity(11884): API Request: https://api.mobile.j2.com/signup/v1/billing/countries?locale=en-US
D/FaxActivity(11884): API Results: 
V/PanelView(  532): animationTick called with dtms=0; nothing to do (h=0.0 v=-0.0)
V/PanelView(  532): animationTick called with dtms=-6; nothing to do (h=0.0 v=-0.0)
W/InputMethodManagerService(  464): Window already focused, ignoring focus gain of: com.android.internal.view.IInputMethodClient$Stub$Proxy@4a9f1f34 attribute=null, token = android.os.BinderProxy@4aad67e0
I/ActivityManager(  464): START u0 {act=android.intent.action.MAIN cat=[android.intent.category.LAUNCHER] flg=0x10000000 sel={act=android.intent.action.MAIN cat=[android.intent.category.APP_CALCULATOR]}} from pid 464
I/ActivityManager(  464): START u0 {act=android.intent.action.MAIN cat=[android.intent.category.HOME] flg=0x10200000 cmp=com.vphone.launcher/.Launcher} from pid 464
D/HttpConnection(11884): Unable to execute http request. Exception: javax.net.ssl.SSLPeerUnverifiedException: No peer certificate
D/HttpConnection(11884): Loading Cookie Store from Cache
D/HttpConnection(11884): Strict certificate: https://www.efax.com
I/ActivityManager(  464): moveTaskToBack: 57
W/ActivityManager(  464): Duplicate finish request for ActivityRecord{4ab969e0 u0 com.j2.efax/.EfaxMain t57 f}
D/FirebaseApp(  681): Notifying background state change listeners.
D/FaxActivity(11884): API Request: https://api.mobile.j2.com/signup/v1/billing/payment_methods?locale=en-US
D/FaxActivity(11884): API Results: 
D/HttpConnection(11884): Unable to execute http request. Exception: javax.net.ssl.SSLPeerUnverifiedException: No peer certificate
D/FaxActivity(11884): API Request: https://api.mobile.j2.com/signup/v1/general/currencies
D/FaxActivity(11884): API Results: 
W/EGL_emulation(  681): eglSurfaceAttrib not implemented 3093 12436
W/ViewRootImpl(  681): Dropping event due to no window focus: KeyEvent { action=ACTION_DOWN, keyCode=KEYCODE_DPAD_UP, scanCode=0, metaState=0, flags=0x8, repeatCount=0, eventTime=1227016, downTime=1227016, deviceId=-1, source=0x101 }
W/ContextImpl(  464): Calling a method in the system process without a qualified user: android.app.ContextImpl.sendBroadcast:1123 com.android.server.InputMethodManagerService.hideCurrentInputLocked:1880 com.android.server.InputMethodManagerService.windowGainedFocus:1968 com.android.internal.view.IInputMethodManager$Stub.onTransact:221 com.android.server.InputMethodManagerService.onTransact:818 
W/DebugConnManager(  681): getNetworkInfo() on networkType 1
D/HttpConnection(11884): Unable to execute http request. Exception: javax.net.ssl.SSLPeerUnverifiedException: No peer certificate
I/ActivityManager(  464): START u0 {act=android.intent.action.VIEW dat=http://launcher.us.yeshen.com/api/app/detail?id=com.namcobandaigames.pacmantournaments flg=0x10000000 cmp=com.android.browser/.BrowserActivity} from pid 681
D/FaxActivity(11884): API Request: https://api.mobile.j2.com/signup/v1/billing/send_rates?currency_code=USD&locale=en-US
D/FaxActivity(11884): API Results: 
I/ActivityManager(  464): START u0 {act=android.intent.action.MAIN cat=[android.intent.category.LAUNCHER] flg=0x10200000 cmp=com.j2.efax/.EfaxMain} from pid 11874
D/yeshen  (  681): launcher onpause
D/Main    (11884): onCreate()
D/HttpConnection(11884): Loading Cookie Store from Cache
D/HttpConnection(11884): Strict certificate: https://www.efax.com
D/GoogleApiClientHelper(11884): getLastLocation() Latitude: 35.71659, Longitude: 139.7259817
D/Main    (11884): appPackageName=com.j2.efax
I/InputDispatcher(  464): Dropped event because of pending overdue app switch.
D/Main    (11884): appVersion=4.10.0
D/Main    (11884): appVersionNumber=4.10.0
D/Main    (11884): getBuildType() appName: 4.10.0
D/Main    (11884): getBuildType() brand: efax
D/HttpConnection(11884): Loading Cookie Store from Cache
D/HttpConnection(11884): Strict certificate: https://www.efax.com
W/Leanplum(11884): You should not create new variables after calling start (name=new_wel_show)
W/Leanplum(11884): You should not create new variables after calling start (name=new_wel_title)
W/Leanplum(11884): You should not create new variables after calling start (name=New_wel_title_trial)
W/Leanplum(11884): You should not create new variables after calling start (name=New_wel_is_free_trial)
W/Leanplum(11884): You should not create new variables after calling start (name=new_wel_free_show_text_cont)
W/Leanplum(11884): You should not create new variables after calling start (name=new_wel_free_cnt_text)
W/Leanplum(11884): You should not create new variables after calling start (name=new_wel_free_cnt_text_title)
W/Leanplum(11884): You should not create new variables after calling start (name=new_wel_paid_btn_text)
W/Leanplum(11884): You should not create new variables after calling start (name=new_wel_free_btn_text)
W/Leanplum(11884): You should not create new variables after calling start (name=welcome_sendLink)
W/Leanplum(11884): You should not create new variables after calling start (name=welcome_receiveLink)
W/Leanplum(11884): You should not create new variables after calling start (name=welcome_plusLink)
W/Leanplum(11884): You should not create new variables after calling start (name=welcome_newCustomerTitle)
W/Leanplum(11884): You should not create new variables after calling start (name=welcome_existCustomerTitle)
W/Leanplum(11884): You should not create new variables after calling start (name=welcome_tagLine)
W/Leanplum(11884): You should not create new variables after calling start (name=welcome_PaidSignupLabel)
W/Leanplum(11884): You should not create new variables after calling start (name=welcome_paidSignUpFirst)
W/Leanplum(11884): You should not create new variables after calling start (name=welcome_hide_freeSignUp)
W/Leanplum(11884): You should not create new variables after calling start (name=welcome_hide_paidSignUpSection)
W/Leanplum(11884): You should not create new variables after calling start (name=welcome_hide_paidSignUp)
W/Leanplum(11884): You should not create new variables after calling start (name=welcome_hide_freeSignUpRow_1)
W/Leanplum(11884): You should not create new variables after calling start (name=welcome_hide_freeSignUpRow_2)
W/Leanplum(11884): You should not create new variables after calling start (name=welcome_paidDetail_row_one)
W/Leanplum(11884): You should not create new variables after calling start (name=welcome_paidDetail_row_four)
W/Leanplum(11884): You should not create new variables after calling start (name=new_wel_screen_title)
W/Leanplum(11884): You should not create new variables after calling start (name=new_wel_login_text)
W/Leanplum(11884): You should not create new variables after calling start (name=welcome_bg)
W/Leanplum(11884): You should not create new variables after calling start (name=new_wel_item_img_1)
W/Leanplum(11884): You should not create new variables after calling start (name=new_wel_item_img_2)
W/Leanplum(11884): You should not create new variables after calling start (name=new_wel_item_img_3)
W/Leanplum(11884): You should not create new variables after calling start (name=new_wel_item_img_4)
W/Leanplum(11884): You should not create new variables after calling start (name=new_wel_item_img_5)
W/Leanplum(11884): You should not create new variables after calling start (name=new_wel_item_img_6)
W/Leanplum(11884): You should not create new variables after calling start (name=new_wel_item_img_7)
W/Leanplum(11884): You should not create new variables after calling start (name=new_wel_item_img_8)
W/Leanplum(11884): You should not create new variables after calling start (name=new_wel_item_cnt_1)
W/Leanplum(11884): You should not create new variables after calling start (name=new_wel_item_cnt_2)
W/Leanplum(11884): You should not create new variables after calling start (name=new_wel_item_cnt_3)
W/Leanplum(11884): You should not create new variables after calling start (name=new_wel_item_cnt_4)
W/Leanplum(11884): You should not create new variables after calling start (name=new_wel_item_cnt_5)
W/Leanplum(11884): You should not create new variables after calling start (name=new_wel_item_cnt_6)
W/Leanplum(11884): You should not create new variables after calling start (name=new_wel_item_cnt_7)
W/Leanplum(11884): You should not create new variables after calling start (name=new_wel_item_cnt_8)
W/Leanplum(11884): You should not create new variables after calling start (name=new_wel_efax_free_text)
W/Leanplum(11884): You should not create new variables after calling start (name=new_wel_efax_free_link_text)
W/Leanplum(11884): You should not create new variables after calling start (name=new_wel_efax_free_link_color)
W/Leanplum(11884): You should not create new variables after calling start (name=new_wel_efax_free_link_text_add)
W/Leanplum(11884): You should not create new variables after calling start (name=paid_signup_screen_title)
W/Leanplum(11884): You should not create new variables after calling start (name=paid_signup_title)
W/Leanplum(11884): You should not create new variables after calling start (name=paid_signup_item_img_1)
W/Leanplum(11884): You should not create new variables after calling start (name=paid_signup_item_img_2)
W/Leanplum(11884): You should not create new variables after calling start (name=paid_signup_item_img_3)
W/Leanplum(11884): You should not create new variables after calling start (name=paid_signup_item_img_4)
W/Leanplum(11884): You should not create new variables after calling start (name=paid_signup_item_img_5)
W/Leanplum(11884): You should not create new variables after calling start (name=paid_signup_item_img_6)
W/Leanplum(11884): You should not create new variables after calling start (name=paid_signup_item_img_7)
W/Leanplum(11884): You should not create new variables after calling start (name=paid_signup_item_img_8)
W/Leanplum(11884): You should not create new variables after calling start (name=paid_signup_item_cnt_1)
W/Leanplum(11884): You should not create new variables after calling start (name=paid_signup_item_cnt_2)
W/Leanplum(11884): You should not create new variables after calling start (name=paid_signup_item_cnt_3)
W/Leanplum(11884): You should not create new variables after calling start (name=paid_signup_item_cnt_4)
W/Leanplum(11884): You should not create new variables after calling start (name=paid_signup_item_cnt_5)
W/Leanplum(11884): You should not create new variables after calling start (name=paid_signup_item_cnt_6)
W/Leanplum(11884): You should not create new variables after calling start (name=paid_signup_item_cnt_7)
W/Leanplum(11884): You should not create new variables after calling start (name=paid_signup_item_cnt_8)
W/Leanplum(11884): You should not create new variables after calling start (name=new_wel_item_visibility.bold_1)
W/Leanplum(11884): You should not create new variables after calling start (name=new_wel_item_visibility.bold_2)
W/Leanplum(11884): You should not create new variables after calling start (name=new_wel_item_visibility.bold_3)
W/Leanplum(11884): You should not create new variables after calling start (name=new_wel_item_visibility.bold_4)
W/Leanplum(11884): You should not create new variables after calling start (name=new_wel_item_visibility.bold_5)
W/Leanplum(11884): You should not create new variables after calling start (name=new_wel_item_visibility.bold_6)
W/Leanplum(11884): You should not create new variables after calling start (name=new_wel_item_visibility.bold_7)
W/Leanplum(11884): You should not create new variables after calling start (name=new_wel_item_visibility.bold_8)
W/Leanplum(11884): You should not create new variables after calling start (name=new_wel_item_visibility.italic_1)
W/Leanplum(11884): You should not create new variables after calling start (name=new_wel_item_visibility.italic_2)
W/Leanplum(11884): You should not create new variables after calling start (name=new_wel_item_visibility.italic_3)
W/Leanplum(11884): You should not create new variables after calling start (name=new_wel_item_visibility.italic_4)
W/Leanplum(11884): You should not create new variables after calling start (name=new_wel_item_visibility.italic_5)
W/Leanplum(11884): You should not create new variables after calling start (name=new_wel_item_visibility.italic_6)
W/Leanplum(11884): You should not create new variables after calling start (name=new_wel_item_visibility.italic_7)
W/Leanplum(11884): You should not create new variables after calling start (name=new_wel_item_visibility.italic_8)
W/Leanplum(11884): You should not create new variables after calling start (name=mWelcomeSignupLinkOrders)
W/Leanplum(11884): You should not create new variables after calling start (name=paid_signup_item_visibility.paid_signup_show_1)
W/Leanplum(11884): You should not create new variables after calling start (name=paid_signup_item_visibility.paid_signup_show_2)
W/Leanplum(11884): You should not create new variables after calling start (name=paid_signup_item_visibility.paid_signup_show_3)
W/Leanplum(11884): You should not create new variables after calling start (name=paid_signup_item_visibility.paid_signup_show_4)
W/Leanplum(11884): You should not create new variables after calling start (name=paid_signup_item_visibility.paid_signup_show_5)
W/Leanplum(11884): You should not create new variables after calling start (name=paid_signup_item_visibility.paid_signup_show_6)
W/Leanplum(11884): You should not create new variables after calling start (name=paid_signup_item_visibility.paid_signup_show_7)
W/Leanplum(11884): You should not create new variables after calling start (name=paid_signup_item_visibility.paid_signup_show_8)
W/Leanplum(11884): You should not create new variables after calling start (name=new_wel_item_visibility.show_1)
W/Leanplum(11884): You should not create new variables after calling start (name=new_wel_item_visibility.show_2)
W/Leanplum(11884): You should not create new variables after calling start (name=new_wel_item_visibility.show_3)
W/Leanplum(11884): You should not create new variables after calling start (name=new_wel_item_visibility.show_4)
W/Leanplum(11884): You should not create new variables after calling start (name=new_wel_item_visibility.show_5)
W/Leanplum(11884): You should not create new variables after calling start (name=new_wel_item_visibility.show_6)
W/Leanplum(11884): You should not create new variables after calling start (name=new_wel_item_visibility.show_7)
W/Leanplum(11884): You should not create new variables after calling start (name=new_wel_item_visibility.show_8)
I/Leanplum(11884): Already called start
W/InputManager(  464): Input event injection from pid 11874 failed.
D/FaxActionBarActivity(11884): initActionBar()
D/Main    (11884): onResume()
D/C2DMessaging(11884): register()
D/CacheController(11884): File Not Found: java.io.FileNotFoundException: /data/data/com.j2.efax/files/FolderListCache.txt: open failed: ENOENT (No such file or directory)
W/System.err(11884): java.io.FileNotFoundException: /data/data/com.j2.efax/files/FolderListCache.txt: open failed: ENOENT (No such file or directory)
W/System.err(11884): 	at libcore.io.IoBridge.open(IoBridge.java:409)
W/System.err(11884): 	at java.io.FileInputStream.<init>(FileInputStream.java:78)
W/System.err(11884): 	at android.app.ContextImpl.openFileInput(ContextImpl.java:780)
W/System.err(11884): 	at android.content.ContextWrapper.openFileInput(ContextWrapper.java:179)
W/System.err(11884): 	at com.j2.fax.cache.CacheController.loadCacheData(CacheController.java:74)
W/System.err(11884): 	at com.j2.fax.cache.CacheController.loadAllCachedData(CacheController.java:165)
W/System.err(11884): 	at com.j2.fax.cache.CacheController.access$000(CacheController.java:18)
W/System.err(11884): 	at com.j2.fax.cache.CacheController$1.run(CacheController.java:66)
W/System.err(11884): 	at java.lang.Thread.run(Thread.java:841)
W/System.err(11884): Caused by: libcore.io.ErrnoException: open failed: ENOENT (No such file or directory)
W/System.err(11884): 	at libcore.io.Posix.open(Native Method)
W/System.err(11884): 	at libcore.io.BlockGuardOs.open(BlockGuardOs.java:110)
W/System.err(11884): 	at libcore.io.IoBridge.open(IoBridge.java:393)
W/System.err(11884): 	... 8 more
D/CacheController(11884): File Not Found: java.io.FileNotFoundException: /data/data/com.j2.efax/files/FaxMessageListCache.txt: open failed: ENOENT (No such file or directory)
W/System.err(11884): java.io.FileNotFoundException: /data/data/com.j2.efax/files/FaxMessageListCache.txt: open failed: ENOENT (No such file or directory)
W/System.err(11884): 	at libcore.io.IoBridge.open(IoBridge.java:409)
W/System.err(11884): 	at java.io.FileInputStream.<init>(FileInputStream.java:78)
W/System.err(11884): 	at android.app.ContextImpl.openFileInput(ContextImpl.java:780)
W/System.err(11884): 	at android.content.ContextWrapper.openFileInput(ContextWrapper.java:179)
W/System.err(11884): 	at com.j2.fax.cache.CacheController.loadCacheData(CacheController.java:74)
W/System.err(11884): 	at com.j2.fax.cache.CacheController.loadAllCachedData(CacheController.java:166)
W/System.err(11884): 	at com.j2.fax.cache.CacheController.access$000(CacheController.java:18)
D/C2DMessaging(11884): enableC2DM() ENABLE Registration SenderID = 189123171918 , Uses GCM = true
V/GoogleTagManager(11884): Attempting to load a container from the resource ID 2131099651 (com.j2.efax:raw/gtm_psjkdc_v6)
W/GoogleTagManager(11884): Failed to extract the container from the resource file. Resource is a UTF-8 encoded string but doesn't contain a JSON container
E/GoogleTagManager(11884): The resource file is corrupted. The container cannot be extracted from the binary file
W/System.err(11884): 	at com.j2.fax.cache.CacheController$1.run(CacheController.java:66)
W/System.err(11884): 	at java.lang.Thread.run(Thread.java:841)
W/System.err(11884): Caused by: libcore.io.ErrnoException: open failed: ENOENT (No such file or directory)
W/System.err(11884): 	at libcore.io.Posix.open(Native Method)
W/System.err(11884): 	at libcore.io.BlockGuardOs.open(BlockGuardOs.java:110)
W/System.err(11884): 	at libcore.io.IoBridge.open(IoBridge.java:393)
W/System.err(11884): 	... 8 more
D/CacheController(11884): File Not Found: java.io.FileNotFoundException: /data/data/com.j2.efax/files/SignatureHashCache.txt: open failed: ENOENT (No such file or directory)
W/System.err(11884): java.io.FileNotFoundException: /data/data/com.j2.efax/files/SignatureHashCache.txt: open failed: ENOENT (No such file or directory)
W/System.err(11884): 	at libcore.io.IoBridge.open(IoBridge.java:409)
W/System.err(11884): 	at java.io.FileInputStream.<init>(FileInputStream.java:78)
W/System.err(11884): 	at android.app.ContextImpl.openFileInput(ContextImpl.java:780)
W/System.err(11884): 	at android.content.ContextWrapper.openFileInput(ContextWrapper.java:179)
W/System.err(11884): 	at com.j2.fax.cache.CacheController.loadCacheData(CacheController.java:74)
W/System.err(11884): 	at com.j2.fax.cache.CacheController.loadAllCachedData(CacheController.java:167)
W/System.err(11884): 	at com.j2.fax.cache.CacheController.access$000(CacheController.java:18)
W/System.err(11884): 	at com.j2.fax.cache.CacheController$1.run(CacheController.java:66)
W/System.err(11884): 	at java.lang.Thread.run(Thread.java:841)
W/System.err(11884): Caused by: libcore.io.ErrnoException: open failed: ENOENT (No such file or directory)
W/System.err(11884): 	at libcore.io.Posix.open(Native Method)
W/System.err(11884): 	at libcore.io.BlockGuardOs.open(BlockGuardOs.java:110)
W/System.err(11884): 	at libcore.io.IoBridge.open(IoBridge.java:393)
W/System.err(11884): 	... 8 more
D/CacheController(11884): File Not Found: java.io.FileNotFoundException: /data/data/com.j2.efax/files/ContactsListCache.txt: open failed: ENOENT (No such file or directory)
W/System.err(11884): java.io.FileNotFoundException: /data/data/com.j2.efax/files/ContactsListCache.txt: open failed: ENOENT (No such file or directory)
W/System.err(11884): 	at libcore.io.IoBridge.open(IoBridge.java:409)
W/System.err(11884): 	at java.io.FileInputStream.<init>(FileInputStream.java:78)
W/System.err(11884): 	at android.app.ContextImpl.openFileInput(ContextImpl.java:780)
W/System.err(11884): 	at android.content.ContextWrapper.openFileInput(ContextWrapper.java:179)
W/System.err(11884): 	at com.j2.fax.cache.CacheController.loadCacheData(CacheController.java:74)
W/System.err(11884): 	at com.j2.fax.cache.CacheController.loadAllCachedData(CacheController.java:168)
W/System.err(11884): 	at com.j2.fax.cache.CacheController.access$000(CacheController.java:18)
W/System.err(11884): 	at com.j2.fax.cache.CacheController$1.run(CacheController.java:66)
W/System.err(11884): 	at java.lang.Thread.run(Thread.java:841)
W/System.err(11884): Caused by: libcore.io.ErrnoException: open failed: ENOENT (No such file or directory)
W/System.err(11884): 	at libcore.io.Posix.open(Native Method)
W/System.err(11884): 	at libcore.io.BlockGuardOs.open(BlockGuardOs.java:110)
W/System.err(11884): 	at libcore.io.IoBridge.open(IoBridge.java:393)
W/System.err(11884): 	... 8 more
D/CacheController(11884): File Not Found: java.io.FileNotFoundException: /data/data/com.j2.efax/files/OutgoingFaxCache.txt: open failed: ENOENT (No such file or directory)
W/System.err(11884): java.io.FileNotFoundException: /data/data/com.j2.efax/files/OutgoingFaxCache.txt: open failed: ENOENT (No such file or directory)
W/System.err(11884): 	at libcore.io.IoBridge.open(IoBridge.java:409)
W/System.err(11884): 	at java.io.FileInputStream.<init>(FileInputStream.java:78)
W/System.err(11884): 	at android.app.ContextImpl.openFileInput(ContextImpl.java:780)
W/System.err(11884): 	at android.content.ContextWrapper.openFileInput(ContextWrapper.java:179)
W/System.err(11884): 	at com.j2.fax.cache.CacheController.loadCacheData(CacheController.java:74)
W/System.err(11884): 	at com.j2.fax.cache.CacheController.loadAllCachedData(CacheController.java:169)
W/System.err(11884): 	at com.j2.fax.cache.CacheController.access$000(CacheController.java:18)
W/System.err(11884): 	at com.j2.fax.cache.CacheController$1.run(CacheController.java:66)
W/System.err(11884): 	at java.lang.Thread.run(Thread.java:841)
W/System.err(11884): Caused by: libcore.io.ErrnoException: open failed: ENOENT (No such file or directory)
W/System.err(11884): 	at libcore.io.Posix.open(Native Method)
W/System.err(11884): 	at libcore.io.BlockGuardOs.open(BlockGuardOs.java:110)
W/System.err(11884): 	at libcore.io.IoBridge.open(IoBridge.java:393)
W/System.err(11884): 	... 8 more
D/FaxActivity(11884): Starting api call to url: https://api.mobile.j2.com/signup/v1/signup/offers?offer_code=EFAX_MOBILE_USD_1695_MON_NOACT_NOTRI_150PGIFT_1500SEND
D/FaxActivity(11884): Starting api call to url: https://api.mobile.j2.com/signup/v1/general/geolocations?locale=en-US
D/FaxActivity(11884): Starting api call to url: https://api.mobile.j2.com/signup/v1/inventory/countries?locale=en-US
D/FaxActivity(11884): Starting api call to url: https://api.mobile.j2.com/signup/v1/billing/countries?locale=en-US
D/FaxActivity(11884): Starting api call to url: https://api.mobile.j2.com/signup/v1/billing/payment_methods?locale=en-US
D/FaxActivity(11884): Starting api call to url: https://api.mobile.j2.com/signup/v1/general/currencies
D/FaxActivity(11884): Starting api call to url: https://api.mobile.j2.com/signup/v1/billing/send_rates?currency_code=USD&locale=en-US
D/Main    (11884): onResume() IsFirstLaunch: false
V/GoogleTagManager(11884): Attempting to load resource from disk
D/dalvikvm(11884): GC_FOR_ALLOC freed 623K, 13% free 5068K/5764K, paused 12ms, total 12ms
D/dalvikvm(11884): GC_CONCURRENT freed <1K, 12% free 5140K/5840K, paused 2ms+0ms, total 5ms
V/GoogleTagManager(11884): loadAfterDelay: containerId=GTM-5K3JB7 delay=43198940
D/GoogleTagManager(11884): Setting previous container version: MTg$0
D/HttpConnection(11884): Loading Cookie Store from Cache
D/HttpConnection(11884): Strict certificate: https://www.efax.com
D/HttpConnection(11884): Loading Cookie Store from Cache
D/HttpConnection(11884): Strict certificate: https://www.efax.com
D/HttpConnection(11884): Loading Cookie Store from Cache
D/HttpConnection(11884): Strict certificate: https://www.efax.com
D/dalvikvm(11884): GC_FOR_ALLOC freed 149K, 12% free 5254K/5968K, paused 8ms, total 8ms
I/HttpConnection(11884): !****** HTTP GET ******!: https://api.mobile.j2.com/signup/v1/general/geolocations?locale=en-US
I/System.out(11884): body:<com.j2.fax.http.HttpConnection: org.apache.http.HttpResponse executeHttpRequest(org.apache.http.client.methods.HttpRequestBase)>	sig:$r4 = virtualinvoke $r3.<java.net.URI: java.lang.String toString()>()	timediff:0
D/HttpConnection(11884): Checking for network connectivity... (0ms elapsed)
I/HttpConnection(11884): !****** HTTP GET ******!: https://api.mobile.j2.com/signup/v1/signup/offers?offer_code=EFAX_MOBILE_USD_1695_MON_NOACT_NOTRI_150PGIFT_1500SEND
I/System.out(11884): body:<com.j2.fax.http.HttpConnection: org.apache.http.HttpResponse executeHttpRequest(org.apache.http.client.methods.HttpRequestBase)>	sig:$r4 = virtualinvoke $r3.<java.net.URI: java.lang.String toString()>()	timediff:0
D/HttpConnection(11884): Checking for network connectivity... (0ms elapsed)
I/HttpConnection(11884): !****** HTTP GET ******!: https://api.mobile.j2.com/signup/v1/inventory/countries?locale=en-US
I/System.out(11884): body:<com.j2.fax.http.HttpConnection: org.apache.http.HttpResponse executeHttpRequest(org.apache.http.client.methods.HttpRequestBase)>	sig:$r4 = virtualinvoke $r3.<java.net.URI: java.lang.String toString()>()	timediff:0
D/HttpConnection(11884): Checking for network connectivity... (0ms elapsed)
E/GoogleTagManager(11884): Invalid macro: _gtm.loadEventEnabled
V/GoogleTagManager(11884): The Disk resource was successfully read.
D/dalvikvm(11884): GC_FOR_ALLOC freed 422K, 13% free 5350K/6096K, paused 5ms, total 5ms
D/HttpConnection(11884): Loading Cookie Store from Cache
D/HttpConnection(11884): Strict certificate: https://www.efax.com
W/InputMethodManagerService(  464): Starting input on non-focused client com.android.internal.view.IInputMethodClient$Stub$Proxy@4a98e5dc (uid=1000 pid=681)
W/EGL_emulation(11884): eglSurfaceAttrib not implemented 3093 12436
W/ViewRootImpl(11884): Dropping event due to no window focus: MotionEvent { action=ACTION_MOVE, id[0]=0, x[0]=0.0, y[0]=-5.0, toolType[0]=TOOL_TYPE_UNKNOWN, buttonState=0, metaState=0, flags=0x0, edgeFlags=0x0, pointerCount=1, historySize=19, eventTime=1227511, downTime=-1, deviceId=0, source=0x10004 }
W/ViewRootImpl(11884): Dropping event due to no window focus: KeyEvent { action=ACTION_DOWN, keyCode=KEYCODE_DPAD_CENTER, scanCode=0, metaState=0, flags=0x8, repeatCount=0, eventTime=1227512, downTime=1227512, deviceId=-1, source=0x101 }
W/ContextImpl(  464): Calling a method in the system process without a qualified user: android.app.ContextImpl.sendBroadcast:1123 com.android.server.InputMethodManagerService.hideCurrentInputLocked:1880 com.android.server.InputMethodManagerService.windowGainedFocus:1968 com.android.internal.view.IInputMethodManager$Stub.onTransact:221 com.android.server.InputMethodManagerService.onTransact:818 
I/ActivityManager(  464): Displayed com.j2.efax/.EfaxMain: +325ms
V/PanelView(  532): animationTick called with dtms=0; nothing to do (h=0.0 v=-0.0)
V/PanelView(  532): animationTick called with dtms=-3; nothing to do (h=0.0 v=-0.0)
D/yeshen  (  681): launcher onstop
W/DebugConnManager(  681): getNetworkInfo() on networkType 1
D/FirebaseApp(  681): Notifying background state change listeners.
D/Tinker.DefaultAppLike(  681): onTrimMemory level:20
D/HttpConnection(11884): Unable to execute http request. Exception: javax.net.ssl.SSLPeerUnverifiedException: No peer certificate
D/HttpConnection(11884): Loading Cookie Store from Cache
D/HttpConnection(11884): Strict certificate: https://www.efax.com
I/HttpConnection(11884): !****** HTTP GET ******!: https://api.mobile.j2.com/signup/v1/billing/countries?locale=en-US
I/System.out(11884): body:<com.j2.fax.http.HttpConnection: org.apache.http.HttpResponse executeHttpRequest(org.apache.http.client.methods.HttpRequestBase)>	sig:$r4 = virtualinvoke $r3.<java.net.URI: java.lang.String toString()>()	timediff:0
D/HttpConnection(11884): Checking for network connectivity... (0ms elapsed)
D/HttpConnection(11884): Unable to execute http request. Exception: javax.net.ssl.SSLPeerUnverifiedException: No peer certificate
D/HttpConnection(11884): Loading Cookie Store from Cache
D/HttpConnection(11884): Strict certificate: https://www.efax.com
D/HttpConnection(11884): Unable to execute http request. Exception: javax.net.ssl.SSLPeerUnverifiedException: No peer certificate
D/HttpConnection(11884): Loading Cookie Store from Cache
D/HttpConnection(11884): Strict certificate: https://www.efax.com
I/HttpConnection(11884): !****** HTTP GET ******!: https://api.mobile.j2.com/signup/v1/general/currencies
I/System.out(11884): body:<com.j2.fax.http.HttpConnection: org.apache.http.HttpResponse executeHttpRequest(org.apache.http.client.methods.HttpRequestBase)>	sig:$r4 = virtualinvoke $r3.<java.net.URI: java.lang.String toString()>()	timediff:0
D/HttpConnection(11884): Checking for network connectivity... (0ms elapsed)
I/HttpConnection(11884): !****** HTTP GET ******!: https://api.mobile.j2.com/signup/v1/billing/payment_methods?locale=en-US
I/System.out(11884): body:<com.j2.fax.http.HttpConnection: org.apache.http.HttpResponse executeHttpRequest(org.apache.http.client.methods.HttpRequestBase)>	sig:$r4 = virtualinvoke $r3.<java.net.URI: java.lang.String toString()>()	timediff:0
D/HttpConnection(11884): Checking for network connectivity... (0ms elapsed)
I/ActivityManager(  464): START u0 {act=android.intent.action.MAIN cat=[android.intent.category.LAUNCHER] flg=0x10200000 cmp=com.j2.efax/.EfaxMain} from pid 11874
D/FaxActivity(11884): API Request: https://api.mobile.j2.com/signup/v1/signup/offers?offer_code=EFAX_MOBILE_USD_1695_MON_NOACT_NOTRI_150PGIFT_1500SEND
D/FaxActivity(11884): API Results: 
D/FaxActivity(11884): API Request: https://api.mobile.j2.com/signup/v1/inventory/countries?locale=en-US
D/FaxActivity(11884): API Results: 
D/FaxActivity(11884): API Request: https://api.mobile.j2.com/signup/v1/general/geolocations?locale=en-US
D/FaxActivity(11884): API Results: 
D/HttpConnection(11884): Loading Cookie Store from Cache
D/HttpConnection(11884): Strict certificate: https://www.efax.com
D/Main    (11884): onNewIntent()
D/FaxActionBarActivity(11884): initActionBar()
D/Main    (11884): onResume()
D/C2DMessaging(11884): register()
D/CacheController(11884): File Not Found: java.io.FileNotFoundException: /data/data/com.j2.efax/files/FolderListCache.txt: open failed: ENOENT (No such file or directory)
W/System.err(11884): java.io.FileNotFoundException: /data/data/com.j2.efax/files/FolderListCache.txt: open failed: ENOENT (No such file or directory)
W/System.err(11884): 	at libcore.io.IoBridge.open(IoBridge.java:409)
W/System.err(11884): 	at java.io.FileInputStream.<init>(FileInputStream.java:78)
W/System.err(11884): 	at android.app.ContextImpl.openFileInput(ContextImpl.java:780)
W/System.err(11884): 	at android.content.ContextWrapper.openFileInput(ContextWrapper.java:179)
D/C2DMessaging(11884): enableC2DM() ENABLE Registration SenderID = 189123171918 , Uses GCM = true
V/GoogleTagManager(11884): Attempting to load a container from the resource ID 2131099651 (com.j2.efax:raw/gtm_psjkdc_v6)
W/GoogleTagManager(11884): Failed to extract the container from the resource file. Resource is a UTF-8 encoded string but doesn't contain a JSON container
E/GoogleTagManager(11884): The resource file is corrupted. The container cannot be extracted from the binary file
D/FaxActivity(11884): Starting api call to url: https://api.mobile.j2.com/signup/v1/signup/offers?offer_code=EFAX_MOBILE_USD_1695_MON_NOACT_NOTRI_150PGIFT_1500SEND
D/FaxActivity(11884): Starting api call to url: https://api.mobile.j2.com/signup/v1/general/geolocations?locale=en-US
D/FaxActivity(11884): Starting api call to url: https://api.mobile.j2.com/signup/v1/inventory/countries?locale=en-US
D/FaxActivity(11884): Starting api call to url: https://api.mobile.j2.com/signup/v1/billing/countries?locale=en-US
D/FaxActivity(11884): Starting api call to url: https://api.mobile.j2.com/signup/v1/billing/payment_methods?locale=en-US
D/FaxActivity(11884): Starting api call to url: https://api.mobile.j2.com/signup/v1/general/currencies
D/FaxActivity(11884): Starting api call to url: https://api.mobile.j2.com/signup/v1/billing/send_rates?currency_code=USD&locale=en-US
D/Main    (11884): onResume() IsFirstLaunch: false
D/dalvikvm(11884): GC_FOR_ALLOC freed 648K, 15% free 5314K/6232K, paused 4ms, total 4ms
V/GoogleTagManager(11884): Attempting to load resource from disk
D/dalvikvm(11884): GC_FOR_ALLOC freed 416K, 13% free 5434K/6232K, paused 9ms, total 9ms
W/System.err(11884): 	at com.j2.fax.cache.CacheController.loadCacheData(CacheController.java:74)
W/System.err(11884): 	at com.j2.fax.cache.CacheController.loadAllCachedData(CacheController.java:165)
W/System.err(11884): 	at com.j2.fax.cache.CacheController.access$000(CacheController.java:18)
W/System.err(11884): 	at com.j2.fax.cache.CacheController$1.run(CacheController.java:66)
W/System.err(11884): 	at java.lang.Thread.run(Thread.java:841)
W/System.err(11884): Caused by: libcore.io.ErrnoException: open failed: ENOENT (No such file or directory)
W/System.err(11884): 	at libcore.io.Posix.open(Native Method)
W/System.err(11884): 	at libcore.io.BlockGuardOs.open(BlockGuardOs.java:110)
W/System.err(11884): 	at libcore.io.IoBridge.open(IoBridge.java:393)
W/System.err(11884): 	... 8 more
D/CacheController(11884): File Not Found: java.io.FileNotFoundException: /data/data/com.j2.efax/files/FaxMessageListCache.txt: open failed: ENOENT (No such file or directory)
W/System.err(11884): java.io.FileNotFoundException: /data/data/com.j2.efax/files/FaxMessageListCache.txt: open failed: ENOENT (No such file or directory)
W/System.err(11884): 	at libcore.io.IoBridge.open(IoBridge.java:409)
W/System.err(11884): 	at java.io.FileInputStream.<init>(FileInputStream.java:78)
W/System.err(11884): 	at android.app.ContextImpl.openFileInput(ContextImpl.java:780)
W/System.err(11884): 	at android.content.ContextWrapper.openFileInput(ContextWrapper.java:179)
W/System.err(11884): 	at com.j2.fax.cache.CacheController.loadCacheData(CacheController.java:74)
W/System.err(11884): 	at com.j2.fax.cache.CacheController.loadAllCachedData(CacheController.java:166)
W/System.err(11884): 	at com.j2.fax.cache.CacheController.access$000(CacheController.java:18)
W/System.err(11884): 	at com.j2.fax.cache.CacheController$1.run(CacheController.java:66)
W/System.err(11884): 	at java.lang.Thread.run(Thread.java:841)
W/System.err(11884): Caused by: libcore.io.ErrnoException: open failed: ENOENT (No such file or directory)
W/System.err(11884): 	at libcore.io.Posix.open(Native Method)
W/System.err(11884): 	at libcore.io.BlockGuardOs.open(BlockGuardOs.java:110)
W/System.err(11884): 	at libcore.io.IoBridge.open(IoBridge.java:393)
W/System.err(11884): 	... 8 more
D/CacheController(11884): File Not Found: java.io.FileNotFoundException: /data/data/com.j2.efax/files/SignatureHashCache.txt: open failed: ENOENT (No such file or directory)
W/System.err(11884): java.io.FileNotFoundException: /data/data/com.j2.efax/files/SignatureHashCache.txt: open failed: ENOENT (No such file or directory)
W/System.err(11884): 	at libcore.io.IoBridge.open(IoBridge.java:409)
W/System.err(11884): 	at java.io.FileInputStream.<init>(FileInputStream.java:78)
W/System.err(11884): 	at android.app.ContextImpl.openFileInput(ContextImpl.java:780)
W/System.err(11884): 	at android.content.ContextWrapper.openFileInput(ContextWrapper.java:179)
W/System.err(11884): 	at com.j2.fax.cache.CacheController.loadCacheData(CacheController.java:74)
W/System.err(11884): 	at com.j2.fax.cache.CacheController.loadAllCachedData(CacheController.java:167)
W/System.err(11884): 	at com.j2.fax.cache.CacheController.access$000(CacheController.java:18)
W/System.err(11884): 	at com.j2.fax.cache.CacheController$1.run(CacheController.java:66)
W/System.err(11884): 	at java.lang.Thread.run(Thread.java:841)
W/System.err(11884): Caused by: libcore.io.ErrnoException: open failed: ENOENT (No such file or directory)
W/System.err(11884): 	at libcore.io.Posix.open(Native Method)
W/System.err(11884): 	at libcore.io.BlockGuardOs.open(BlockGuardOs.java:110)
W/System.err(11884): 	at libcore.io.IoBridge.open(IoBridge.java:393)
W/System.err(11884): 	... 8 more
D/HttpConnection(11884): Loading Cookie Store from Cache
D/HttpConnection(11884): Strict certificate: https://www.efax.com
V/GoogleTagManager(11884): loadAfterDelay: containerId=GTM-5K3JB7 delay=43198430
D/GoogleTagManager(11884): Setting previous container version: MTg$0
D/CacheController(11884): File Not Found: java.io.FileNotFoundException: /data/data/com.j2.efax/files/ContactsListCache.txt: open failed: ENOENT (No such file or directory)
W/System.err(11884): java.io.FileNotFoundException: /data/data/com.j2.efax/files/ContactsListCache.txt: open failed: ENOENT (No such file or directory)
W/System.err(11884): 	at libcore.io.IoBridge.open(IoBridge.java:409)
W/System.err(11884): 	at java.io.FileInputStream.<init>(FileInputStream.java:78)
W/System.err(11884): 	at android.app.ContextImpl.openFileInput(ContextImpl.java:780)
W/System.err(11884): 	at android.content.ContextWrapper.openFileInput(ContextWrapper.java:179)
D/C2DMBroadcastReceiver(11884): C2DM Registration REGISTRATION_ID = APA91bGnEJOJ-d6RfvLbs0PaaSAzOg0cNLCInvvI5VuZMG0faHyp3xJdOSmKQOXKg1QyU-VupEwNmSa8psOyrTWslMSRYwP_kAzbjrhzpdUCj4ZPV3nQhe8 , UNREGISTERED = null , ERROR = null
W/System.err(11884): 	at com.j2.fax.cache.CacheController.loadCacheData(CacheController.java:74)
W/System.err(11884): 	at com.j2.fax.cache.CacheController.loadAllCachedData(CacheController.java:168)
W/System.err(11884): 	at com.j2.fax.cache.CacheController.access$000(CacheController.java:18)
W/System.err(11884): 	at com.j2.fax.cache.CacheController$1.run(CacheController.java:66)
W/System.err(11884): 	at java.lang.Thread.run(Thread.java:841)
W/System.err(11884): Caused by: libcore.io.ErrnoException: open failed: ENOENT (No such file or directory)
W/System.err(11884): 	at libcore.io.Posix.open(Native Method)
W/System.err(11884): 	at libcore.io.BlockGuardOs.open(BlockGuardOs.java:110)
W/System.err(11884): 	at libcore.io.IoBridge.open(IoBridge.java:393)
W/System.err(11884): 	... 8 more
D/CacheController(11884): File Not Found: java.io.FileNotFoundException: /data/data/com.j2.efax/files/OutgoingFaxCache.txt: open failed: ENOENT (No such file or directory)
W/System.err(11884): java.io.FileNotFoundException: /data/data/com.j2.efax/files/OutgoingFaxCache.txt: open failed: ENOENT (No such file or directory)
W/System.err(11884): 	at libcore.io.IoBridge.open(IoBridge.java:409)
W/System.err(11884): 	at java.io.FileInputStream.<init>(FileInputStream.java:78)
W/System.err(11884): 	at android.app.ContextImpl.openFileInput(ContextImpl.java:780)
W/System.err(11884): 	at android.content.ContextWrapper.openFileInput(ContextWrapper.java:179)
W/System.err(11884): 	at com.j2.fax.cache.CacheController.loadCacheData(CacheController.java:74)
W/System.err(11884): 	at com.j2.fax.cache.CacheController.loadAllCachedData(CacheController.java:169)
W/System.err(11884): 	at com.j2.fax.cache.CacheController.access$000(CacheController.java:18)
W/System.err(11884): 	at com.j2.fax.cache.CacheController$1.run(CacheController.java:66)
W/System.err(11884): 	at java.lang.Thread.run(Thread.java:841)
W/System.err(11884): Caused by: libcore.io.ErrnoException: open failed: ENOENT (No such file or directory)
W/System.err(11884): 	at libcore.io.Posix.open(Native Method)
W/System.err(11884): 	at libcore.io.BlockGuardOs.open(BlockGuardOs.java:110)
W/System.err(11884): 	at libcore.io.IoBridge.open(IoBridge.java:393)
W/System.err(11884): 	... 8 more
E/GoogleTagManager(11884): Invalid macro: _gtm.loadEventEnabled
V/GoogleTagManager(11884): The Disk resource was successfully read.
D/C2DMReceiver(11884): onRegistered() Registration ID: APA91bGnEJOJ-d6RfvLbs0PaaSAzOg0cNLCInvvI5VuZMG0faHyp3xJdOSmKQOXKg1QyU-VupEwNmSa8psOyrTWslMSRYwP_kAzbjrhzpdUCj4ZPV3nQhe8
D/HttpConnection(11884): Loading Cookie Store from Cache
D/HttpConnection(11884): Strict certificate: https://www.efax.com
I/ActivityManager(  464): START u0 {act=android.intent.action.MAIN cat=[android.intent.category.LAUNCHER] flg=0x10200000 cmp=com.j2.efax/.EfaxMain} from pid 11874
D/Main    (11884): onNewIntent()
D/FaxActionBarActivity(11884): initActionBar()
D/Main    (11884): onResume()
D/C2DMessaging(11884): register()
D/C2DMessaging(11884): enableC2DM() ENABLE Registration SenderID = 189123171918 , Uses GCM = true
V/GoogleTagManager(11884): Attempting to load a container from the resource ID 2131099651 (com.j2.efax:raw/gtm_psjkdc_v6)
W/GoogleTagManager(11884): Failed to extract the container from the resource file. Resource is a UTF-8 encoded string but doesn't contain a JSON container
E/GoogleTagManager(11884): The resource file is corrupted. The container cannot be extracted from the binary file
D/FaxActivity(11884): Starting api call to url: https://api.mobile.j2.com/signup/v1/signup/offers?offer_code=EFAX_MOBILE_USD_1695_MON_NOACT_NOTRI_150PGIFT_1500SEND
D/FaxActivity(11884): Starting api call to url: https://api.mobile.j2.com/signup/v1/general/geolocations?locale=en-US
D/FaxActivity(11884): Starting api call to url: https://api.mobile.j2.com/signup/v1/inventory/countries?locale=en-US
