--------- beginning of /dev/log/main
D/AndroidRuntime(12701): 
D/AndroidRuntime(12701): >>>>>> AndroidRuntime START com.android.internal.os.RuntimeInit <<<<<<
D/AndroidRuntime(12701): CheckJNI is OFF
D/dalvikvm(12701): Using executionMode 2
D/dalvikvm(12701): Trying to load lib libjavacore.so 0x0
D/dalvikvm(12701): Added shared lib libjavacore.so 0x0
D/dalvikvm(12701): Trying to load lib libnativehelper.so 0x0
D/dalvikvm(12701): Added shared lib libnativehelper.so 0x0
D/dalvikvm(12701): No JNI_OnLoad found in libnativehelper.so 0x0, skipping init
D/dalvikvm(12701): Note: class Landroid/app/ActivityManagerNative; has 179 unimplemented (abstract) methods
E/memtrack(12701): Couldn't load memtrack module (No such file or directory)
E/android.os.Debug(12701): failed to load memtrack module: -2
D/AndroidRuntime(12701): Calling main entry com.android.commands.monkey.Monkey
--------- beginning of /dev/log/system
W/BroadcastQueue(  484): Skipping deliver [background] BroadcastRecord{4b102fb8 u-1 android.net.conn.CONNECTIVITY_CHANGE} to ReceiverList{4b0a2648 12701 (unknown name)/0/u-1 remote:4ab12864}: process crashing
I/ActivityManager(  484): START u0 {act=android.intent.action.MAIN cat=[android.intent.category.LAUNCHER] flg=0x10200000 cmp=com.intsig.BCRLite/com.intsig.camcard.BcrFirstLaunchGuide} from pid 12701
D/yeshen  (  689): launcher onpause
I/ActivityManager(  484): Start proc com.intsig.BCRLite for activity com.intsig.BCRLite/com.intsig.camcard.BcrFirstLaunchGuide: pid=12711 uid=10092 gids={50092, 1028, 1015, 1023, 3003}
W/NetworkManagementSocketTagger(  484): setKernelCountSet(10092, 1) failed with errno -13
I/dalvikvm(12711): ignoring registerObject request in thread=1
I/dalvikvm(12711): ignoring registerObject request in thread=1
D/dalvikvm(12711): Trying to load lib /data/app-lib/com.intsig.BCRLite-1/libencryptfile.so 0x94eeae78
D/dalvikvm(12711): Added shared lib /data/app-lib/com.intsig.BCRLite-1/libencryptfile.so 0x94eeae78
D/dalvikvm(12711): Trying to load lib /data/app-lib/com.intsig.BCRLite-1/libscanner6.so 0x94eeae78
D/dalvikvm(12711): Added shared lib /data/app-lib/com.intsig.BCRLite-1/libscanner6.so 0x94eeae78
E/libscanner(12711): >>>Version: 2013/12/17<<<818, WB_Engine_20140818_188.release
E/ActivityThread(12711): Failed to find provider info for com.intsig.lic.BCREA.provider
E/ActivityThread(12711): Failed to find provider info for com.intsig.lic.BCRWE.provider
E/BcrApplication(12711): Pkg com.intsig.BCRLite
E/dalvikvm(12711): Could not find class 'android.app.Notification$Action$Builder', referenced from method android.support.v4.app.b.a
W/dalvikvm(12711): VFY: unable to resolve new-instance 28 (Landroid/app/Notification$Action$Builder;) in Landroid/support/v4/app/b;
D/dalvikvm(12711): VFY: replacing opcode 0x22 at 0x0000
W/dalvikvm(12711): Unable to resolve superclass of Landroid/support/v4/app/ap; (817)
W/dalvikvm(12711): Link of class 'Landroid/support/v4/app/ap;' failed
E/dalvikvm(12711): Could not find class 'android.support.v4.app.ap', referenced from method android.support.v4.app.b.a
W/dalvikvm(12711): VFY: unable to resolve new-instance 294 (Landroid/support/v4/app/ap;) in Landroid/support/v4/app/b;
D/dalvikvm(12711): VFY: replacing opcode 0x22 at 0x0008
W/dalvikvm(12711): Unable to resolve superclass of Landroid/support/v4/app/ar; (817)
W/dalvikvm(12711): Link of class 'Landroid/support/v4/app/ar;' failed
E/dalvikvm(12711): Could not find class 'android.support.v4.app.ar', referenced from method android.support.v4.app.b.a
W/dalvikvm(12711): VFY: unable to resolve new-instance 296 (Landroid/support/v4/app/ar;) in Landroid/support/v4/app/b;
D/dalvikvm(12711): VFY: replacing opcode 0x22 at 0x0037
I/dalvikvm(12711): Could not find method android.transition.TransitionSet.getTransitionCount, referenced from method android.support.v4.app.b.a
W/dalvikvm(12711): VFY: unable to resolve virtual method 6209: Landroid/transition/TransitionSet;.getTransitionCount ()I
D/dalvikvm(12711): VFY: replacing opcode 0x6e at 0x000c
I/dalvikvm(12711): Could not find method android.view.View.getTransitionName, referenced from method android.support.v4.app.b.a
W/dalvikvm(12711): VFY: unable to resolve virtual method 6496: Landroid/view/View;.getTransitionName ()Ljava/lang/String;
D/dalvikvm(12711): VFY: replacing opcode 0x6e at 0x0006
I/dalvikvm(12711): Could not find method android.transition.Transition.getTargetNames, referenced from method android.support.v4.app.b.a
W/dalvikvm(12711): VFY: unable to resolve virtual method 6199: Landroid/transition/Transition;.getTargetNames ()Ljava/util/List;
D/dalvikvm(12711): VFY: replacing opcode 0x6e at 0x000a
W/dalvikvm(12711): VFY: unable to find class referenced in signature ([Landroid/app/RemoteInput;)
E/dalvikvm(12711): Could not find class 'android.app.RemoteInput[]', referenced from method android.support.v4.app.b.a
W/dalvikvm(12711): VFY: unable to resolve new-array 4597 ([Landroid/app/RemoteInput;) in Landroid/support/v4/app/b;
D/dalvikvm(12711): VFY: replacing opcode 0x23 at 0x0005
I/dalvikvm(12711): Could not find method android.transition.TransitionSet.getTransitionCount, referenced from method android.support.v4.app.b.b
W/dalvikvm(12711): VFY: unable to resolve virtual method 6209: Landroid/transition/TransitionSet;.getTransitionCount ()I
D/dalvikvm(12711): VFY: replacing opcode 0x6e at 0x000d
I/dalvikvm(12711): Could not find method android.view.ViewGroup.isTransitionGroup, referenced from method android.support.v4.app.b.b
W/dalvikvm(12711): VFY: unable to resolve virtual method 6633: Landroid/view/ViewGroup;.isTransitionGroup ()Z
D/dalvikvm(12711): VFY: replacing opcode 0x6e at 0x000e
D/dalvikvm(12711): DexOpt: unable to opt direct call 0x00a8 at 0x0e in Landroid/support/v4/app/b;.a
W/dalvikvm(12711): Unable to resolve superclass of Landroid/support/v4/app/ap; (817)
W/dalvikvm(12711): Link of class 'Landroid/support/v4/app/ap;' failed
D/dalvikvm(12711): DexOpt: unable to opt direct call 0x06bc at 0x0a in Landroid/support/v4/app/b;.a
W/dalvikvm(12711): Unable to resolve superclass of Landroid/support/v4/app/ar; (817)
W/dalvikvm(12711): Link of class 'Landroid/support/v4/app/ar;' failed
D/dalvikvm(12711): DexOpt: unable to opt direct call 0x06c0 at 0x3b in Landroid/support/v4/app/b;.a
D/dalvikvm(12711): DexOpt: unable to opt direct call 0x00f6 at 0x13 in Landroid/support/v4/app/b;.a
D/dalvikvm(12711): JIT code cache reset in 0 ms (0 bytes 1/0)
D/dalvikvm(12711): GC_CONCURRENT freed 304K, 12% free 2994K/3380K, paused 2ms+0ms, total 14ms
D/dalvikvm(12711): WAIT_FOR_CONCURRENT_GC blocked 7ms
D/dalvikvm(12711): Trying to load lib /data/app-lib/com.intsig.BCRLite-1/libbcr6.so 0x94eeae78
D/dalvikvm(12711): Added shared lib /data/app-lib/com.intsig.BCRLite-1/libbcr6.so 0x94eeae78
D/dalvikvm(12711): No JNI_OnLoad found in /data/app-lib/com.intsig.BCRLite-1/libbcr6.so 0x94eeae78, skipping init
I/dalvikvm(12711): Could not find method android.app.Activity.finishAfterTransition, referenced from method android.support.v4.app.FragmentActivity.onBackPressed
W/dalvikvm(12711): VFY: unable to resolve virtual method 33: Landroid/app/Activity;.finishAfterTransition ()V
D/dalvikvm(12711): VFY: replacing opcode 0x6e at 0x0012
D/dalvikvm(12711): GC_FOR_ALLOC freed 91K, 10% free 3102K/3436K, paused 1ms, total 2ms
I/dalvikvm-heap(12711): Grow heap (frag case) to 3.713MB for 635808-byte allocation
D/dalvikvm(12711): GC_FOR_ALLOC freed <1K, 9% free 3722K/4060K, paused 4ms, total 4ms
D/dalvikvm(12711): GC_CONCURRENT freed 2K, 9% free 3721K/4060K, paused 2ms+1ms, total 4ms
I/dalvikvm(12711): Could not find method android.view.ViewParent.onNestedPreFling, referenced from method android.support.v4.view.c.a
W/dalvikvm(12711): VFY: unable to resolve interface method 6665: Landroid/view/ViewParent;.onNestedPreFling (Landroid/view/View;FF)Z
D/dalvikvm(12711): VFY: replacing opcode 0x72 at 0x0000
I/dalvikvm(12711): Could not find method android.view.ViewParent.onNestedFling, referenced from method android.support.v4.view.c.a
W/dalvikvm(12711): VFY: unable to resolve interface method 6664: Landroid/view/ViewParent;.onNestedFling (Landroid/view/View;FFZ)Z
D/dalvikvm(12711): VFY: replacing opcode 0x72 at 0x0000
I/dalvikvm(12711): Could not find method android.view.ViewParent.onStartNestedScroll, referenced from method android.support.v4.view.c.a
W/dalvikvm(12711): VFY: unable to resolve interface method 6669: Landroid/view/ViewParent;.onStartNestedScroll (Landroid/view/View;Landroid/view/View;I)Z
D/dalvikvm(12711): VFY: replacing opcode 0x72 at 0x0000
W/ContextImpl(  689): Calling a method in the system process without a qualified user: android.app.ContextImpl.bindService:1556 android.content.ContextWrapper.bindService:517 com.google.android.gms.common.stats.zzb.zza:-1 com.google.android.gms.common.stats.zzb.zza:-1 com.google.android.gms.ads.identifier.AdvertisingIdClient.zzh:-1 
D/dalvikvm(12711): GC_FOR_ALLOC freed 25K, 7% free 3862K/4148K, paused 11ms, total 13ms
W/GAV2    (12711): Thread[main,5,main]: dispatch call queued.  Need to call GAServiceManager.getInstance().initialize().
I/System.out(12711): ssssssssss0000000last_num     : -1
W/dalvikvm(12711): VFY: unable to find class referenced in signature (Lokhttp3/Request;)
W/dalvikvm(12711): VFY: unable to find class referenced in signature (Lokhttp3/Response;)
I/dalvikvm(12711): Could not find method okhttp3.Response.headers, referenced from method empirical.HelperClass.printOkHttpInfo
W/dalvikvm(12711): VFY: unable to resolve virtual method 28612: Lokhttp3/Response;.headers ()Lokhttp3/Headers;
D/dalvikvm(12711): VFY: replacing opcode 0x6e at 0x0006
W/dalvikvm(12711): VFY: unable to find class referenced in signature (Lokhttp3/Call;)
W/dalvikvm(12711): VFY: unable to find class referenced in signature (Lokhttp3/Response;)
I/dalvikvm(12711): Could not find method okhttp3.Call.request, referenced from method empirical.HelperClass.printOkHttpInfoFromCall
W/dalvikvm(12711): VFY: unable to resolve interface method 28606: Lokhttp3/Call;.request ()Lokhttp3/Request;
D/dalvikvm(12711): VFY: replacing opcode 0x72 at 0x0006
I/System.out(12711): body:<com.intsig.tsapp.ak: void <init>(java.lang.String,int,int)>	sig:specialinvoke $r3.<java.net.URL: void <init>(java.lang.String)>($r1)	timediff:1
I/System.out(12711): <com.intsig.tsapp.ak: void <init>(java.lang.String,int,int)>###specialinvoke $r3.<java.net.URL: void <init>(java.lang.String)>($r1)###https://download.intsig.net/app/query_updates2?ID=355325040445621&D=20180419&P=CamCard_AD_LITE_2@5%2E6%2E5%2E20160902&PL=Android4%2E4%2E2&PV=5%2E6%2E5%2E20160902&LANG=en_US&VE=Market&M=samsung@SM-G930K&N=31016&L=US&IMEI=355325040445621&LNN=-1&GCM=APA91bFidm_JmYLueSAlINid5lWtJ7e-rcfuSXWM7VDJx1tPIUwWSTCPNg7dm9EQNaefoAa799Y8iDizB9-HQdRlK78ZiAiHGTs-_7nB6s9KhJW92PLw_8V9ravBGAvU2nmYeLqapnjO
I/System.out(12711): body:<com.intsig.tsapp.ak: void <init>(java.lang.String,int,int)>	sig:staticinvoke <java.net.HttpURLConnection: void setFollowRedirects(boolean)>(0)	timediff:0
D/dalvikvm(12711): GC_CONCURRENT freed 69K, 6% free 4211K/4456K, paused 2ms+0ms, total 3ms
I/System.out(12711): body:<com.intsig.tsapp.ak: void <init>(java.lang.String,int,int)>	sig:$r2 = virtualinvoke $r3.<java.net.URL: java.net.URLConnection openConnection()>()	timediff:16
I/System.out(12711): body:<com.intsig.tsapp.ak: void <init>(java.lang.String,int,int)>	sig:virtualinvoke $r4.<java.net.HttpURLConnection: void setConnectTimeout(int)>($i0)	timediff:0
I/System.out(12711): body:<com.intsig.tsapp.ak: void <init>(java.lang.String,int,int)>	sig:virtualinvoke $r4.<java.net.HttpURLConnection: void setReadTimeout(int)>($i0)	timediff:0
I/System.out(12711): body:<com.intsig.tsapp.ak: void <init>(java.lang.String,int,int)>	sig:virtualinvoke $r4.<java.net.HttpURLConnection: void setRequestProperty(java.lang.String,java.lang.String)>("Accept-Encoding", "default,gzip")	timediff:0
I/System.out(12711): body:<com.intsig.tsapp.ak: void a(java.lang.String,java.lang.String)>	sig:virtualinvoke $r3.<java.net.HttpURLConnection: void setRequestProperty(java.lang.String,java.lang.String)>($r1, $r2)	timediff:0
I/System.out(12711): body:<com.intsig.camcard.bb: void run()>	sig:specialinvoke $r7.<java.net.URL: void <init>(java.lang.String)>("http://s.intsig.net/r/appdata/camcard/grayscale_release.json")	timediff:0
I/System.out(12711): <com.intsig.camcard.bb: void run()>###specialinvoke $r7.<java.net.URL: void <init>(java.lang.String)>("http://s.intsig.net/r/appdata/camcard/grayscale_release.json")###http://s.intsig.net/r/appdata/camcard/grayscale_release.json
I/System.out(12711): body:<com.intsig.tsapp.ak: void <init>(java.lang.String,int,int)>	sig:specialinvoke $r3.<java.net.URL: void <init>(java.lang.String)>($r1)	timediff:1
I/System.out(12711): <com.intsig.tsapp.ak: void <init>(java.lang.String,int,int)>###specialinvoke $r3.<java.net.URL: void <init>(java.lang.String)>($r1)###https://api.intsig.net/user/gcm?method=set_gcm&user_id=noaccount@default&device_id=355325040445621&sig=b769db30d13072e6e0440d3cb9fe957e
I/System.out(12711): body:<com.intsig.tsapp.ak: void <init>(java.lang.String,int,int)>	sig:staticinvoke <java.net.HttpURLConnection: void setFollowRedirects(boolean)>(0)	timediff:0
I/System.out(12711): body:<com.intsig.tsapp.ak: void <init>(java.lang.String,int,int)>	sig:$r2 = virtualinvoke $r3.<java.net.URL: java.net.URLConnection openConnection()>()	timediff:0
I/System.out(12711): body:<com.intsig.tsapp.ak: void <init>(java.lang.String,int,int)>	sig:virtualinvoke $r4.<java.net.HttpURLConnection: void setConnectTimeout(int)>($i0)	timediff:0
I/System.out(12711): body:<com.intsig.tsapp.ak: void <init>(java.lang.String,int,int)>	sig:virtualinvoke $r4.<java.net.HttpURLConnection: void setReadTimeout(int)>($i0)	timediff:0
I/System.out(12711): body:<com.intsig.tsapp.ak: void <init>(java.lang.String,int,int)>	sig:virtualinvoke $r4.<java.net.HttpURLConnection: void setRequestProperty(java.lang.String,java.lang.String)>("Accept-Encoding", "default,gzip")	timediff:0
I/System.out(12711): body:<com.intsig.tsapp.ak: void a(java.lang.String,java.lang.String)>	sig:virtualinvoke $r3.<java.net.HttpURLConnection: void setRequestProperty(java.lang.String,java.lang.String)>($r1, $r2)	timediff:0
I/System.out(12711): body:<com.intsig.tsapp.ak: void b(boolean)>	sig:virtualinvoke $r1.<java.net.HttpURLConnection: void setDoOutput(boolean)>(1)	timediff:0
I/System.out(12711): body:<com.intsig.tsapp.ak: void b(java.lang.String)>	sig:virtualinvoke $r2.<java.net.HttpURLConnection: void setRequestMethod(java.lang.String)>($r1)	timediff:0
I/System.out(12711): body:<com.intsig.tsapp.ak: void a(int)>	sig:virtualinvoke $r1.<java.net.HttpURLConnection: void setFixedLengthStreamingMode(int)>($i0)	timediff:0
I/System.out(12711): body:<com.intsig.camcard.bb: void run()>	sig:$r8 = virtualinvoke $r7.<java.net.URL: java.net.URLConnection openConnection()>()	timediff:38
I/System.out(12711): body:<com.intsig.camcard.bb: void run()>	sig:virtualinvoke $r9.<java.net.HttpURLConnection: void setUseCaches(boolean)>(0)	timediff:1
I/GAV2    (12711): Thread[main,5,main]: setting appName to CamCard
W/GAV2    (12711): Thread[main,5,main]: Need to call initialize() and be in fallback mode to start dispatch.
E/libbcr  (12711): Version: 2016/07/18  574 
E/libbcr  (12711): setLanguage finish 
W/ViewRootImpl(12711): Dropping event due to no window focus: KeyEvent { action=ACTION_DOWN, keyCode=KEYCODE_TV_INPUT, scanCode=0, metaState=0, flags=0x8, repeatCount=0, eventTime=8236325, downTime=8236325, deviceId=-1, source=0x101 }
W/ContextImpl(  484): Calling a method in the system process without a qualified user: android.app.ContextImpl.sendBroadcast:1123 com.android.server.InputMethodManagerService.hideCurrentInputLocked:1880 com.android.server.InputMethodManagerService.windowGainedFocus:1968 com.android.internal.view.IInputMethodManager$Stub.onTransact:221 com.android.server.InputMethodManagerService.onTransact:818 
D/        (12711): HostConnection::get() New Host Connection established 0xb7f55010, tid 12711
D/dalvikvm(12711): GC_CONCURRENT freed 280K, 8% free 4346K/4712K, paused 0ms+1ms, total 3ms
D/dalvikvm(  689): GC_CONCURRENT freed 7400K, 5% free 179892K/189072K, paused 2ms+31ms, total 163ms
D/dalvikvm(  689): WAIT_FOR_CONCURRENT_GC blocked 146ms
D/dalvikvm(  689): WAIT_FOR_CONCURRENT_GC blocked 151ms
D/dalvikvm(  689): WAIT_FOR_CONCURRENT_GC blocked 152ms
D/dalvikvm(  689): WAIT_FOR_CONCURRENT_GC blocked 157ms
I/ActivityManager(  484): Displayed com.intsig.BCRLite/com.intsig.camcard.BcrFirstLaunchGuide: +867ms
I/System.out(12711): body:<com.intsig.camcard.bb: void run()>	sig:$i1 = virtualinvoke $r9.<java.net.HttpURLConnection: int getResponseCode()>()	timediff:523
I/System.out(12711): body:<com.intsig.camcard.bb: void run()>	sig:$r10 = virtualinvoke $r9.<java.net.HttpURLConnection: java.io.InputStream getInputStream()>()	timediff:0
I/System.out(12711): body:<empirical.HelperClass: void printURLInfo(java.lang.String,java.lang.String,java.net.URLConnection)>	sig:$r0 = virtualinvoke urlConnection.<java.net.URLConnection: java.net.URL getURL()>()	timediff:0
I/System.out(12711): body:<empirical.HelperClass: void printURLInfo(java.lang.String,java.lang.String,java.net.URLConnection)>	sig:urlString = virtualinvoke $r0.<java.net.URL: java.lang.String toString()>()	timediff:0
I/System.out(12711): body:<empirical.HelperClass: void printURLInfo(java.lang.String,java.lang.String,java.net.URLConnection)>	sig:isDoOutput = virtualinvoke urlConnection.<java.net.URLConnection: boolean getDoOutput()>()	timediff:0
I/System.out(12711): body:<empirical.HelperClass: java.lang.String getHeaderField(java.net.URLConnection,java.lang.String)>	sig:data = virtualinvoke conn.<java.net.URLConnection: java.lang.String getHeaderField(java.lang.String)>(field)	timediff:0
I/System.out(12711): body:<empirical.HelperClass: java.lang.String getHeaderField(java.net.URLConnection,java.lang.String)>	sig:data = virtualinvoke conn.<java.net.URLConnection: java.lang.String getHeaderField(java.lang.String)>(field)	timediff:0
I/System.out(12711): body:<empirical.HelperClass: java.lang.String getHeaderField(java.net.URLConnection,java.lang.String)>	sig:data = virtualinvoke conn.<java.net.URLConnection: java.lang.String getHeaderField(java.lang.String)>(field)	timediff:0
I/System.out(12711): body:<empirical.HelperClass: java.lang.String getHeaderField(java.net.URLConnection,java.lang.String)>	sig:data = virtualinvoke conn.<java.net.URLConnection: java.lang.String getHeaderField(java.lang.String)>(field)	timediff:0
I/System.out(12711): body:<empirical.HelperClass: java.lang.String getHeaderField(java.net.URLConnection,java.lang.String)>	sig:data = virtualinvoke conn.<java.net.URLConnection: java.lang.String getHeaderField(java.lang.String)>(field)	timediff:0
I/System.out(12711): URLConn;%;0;%;<com.intsig.camcard.bb: void run()>;%;$r10 = virtualinvoke $r9.<java.net.HttpURLConnection: java.io.InputStream getInputStream()>();%;http://s.intsig.net/r/appdata/camcard/grayscale_release.json;%;false;%;67;%;Not found;%;Not found;%;3721;%;Not found
I/System.out(12711): body:<com.intsig.camcard.bb: void run()>	sig:virtualinvoke $r9.<java.net.HttpURLConnection: void disconnect()>()	timediff:0
W/InputMethodManager(12711): Ignoring onBind: cur seq=4645, given seq=4644
I/ActivityManager(  484): START u0 {cmp=com.intsig.BCRLite/com.intsig.tsapp.LoginAccountActivity} from pid 12711
I/ActivityManager(  484): START u0 {cmp=com.intsig.BCRLite/com.intsig.tsapp.LoginAccountActivity} from pid 12711
D/dalvikvm(12711): GC_CONCURRENT freed 480K, 12% free 4353K/4916K, paused 0ms+4ms, total 8ms
I/System.out(12711): body:<com.intsig.tsapp.ak: java.io.OutputStream a(boolean)>	sig:$r3 = virtualinvoke $r2.<java.net.HttpURLConnection: java.io.OutputStream getOutputStream()>()	timediff:935
I/dalvikvm(12711): Could not find method android.view.View.getTransitionName, referenced from method android.support.v4.app.m.a
W/dalvikvm(12711): VFY: unable to resolve virtual method 6496: Landroid/view/View;.getTransitionName ()Ljava/lang/String;
D/dalvikvm(12711): VFY: replacing opcode 0x6e at 0x0026
I/dalvikvm(12711): Could not find method android.view.View.getTransitionName, referenced from method android.support.v4.app.m.b
W/dalvikvm(12711): VFY: unable to resolve virtual method 6496: Landroid/view/View;.getTransitionName ()Ljava/lang/String;
D/dalvikvm(12711): VFY: replacing opcode 0x6e at 0x0017
D/yeshen  (  689): launcher onstop
W/DebugConnManager(  689): getNetworkInfo() on networkType 1
V/WebViewChromium(12711): Binding Chromium to the background looper Looper (main, tid 1) {4a772268}
I/chromium(12711): [INFO:library_loader_hooks.cc(112)] Chromium logging enabled: level = 0, default verbosity = 0
I/BrowserProcessMain(12711): Initializing chromium process, renderers=0
W/chromium(12711): [WARNING:proxy_service.cc(888)] PAC support disabled because there is no system implementation
D/FirebaseApp(  689): Notifying background state change listeners.
D/Tinker.DefaultAppLike(  689): onTrimMemory level:20
D/libEGL  (12711): loaded /system/lib/egl/libEGL_adreno.so
D/libEGL  (12711): loaded /system/lib/egl/libGLESv1_CM_adreno.so
D/libEGL  (12711): loaded /system/lib/egl/libGLESv2_adreno.so
D/dalvikvm(12711): GC_CONCURRENT freed 153K, 7% free 4598K/4916K, paused 2ms+0ms, total 4ms
W/ViewRootImpl(12711): Dropping event due to no window focus: KeyEvent { action=ACTION_DOWN, keyCode=KEYCODE_DPAD_LEFT, scanCode=0, metaState=0, flags=0x8, repeatCount=0, eventTime=8237918, downTime=8237918, deviceId=-1, source=0x101 }
I/System.out(12711): body:<com.intsig.tsapp.ak: int d()>	sig:$i0 = virtualinvoke $r1.<java.net.HttpURLConnection: int getResponseCode()>()	timediff:405
I/System.out(12711): body:<com.intsig.tsapp.ak: int a(java.lang.String,int)>	sig:$i0 = virtualinvoke $r2.<java.net.HttpURLConnection: int getHeaderFieldInt(java.lang.String,int)>($r1, $i0)	timediff:0
I/System.out(12711): body:<com.intsig.tsapp.ak: java.lang.String a(java.lang.String)>	sig:$r1 = virtualinvoke $r2.<java.net.HttpURLConnection: java.lang.String getHeaderField(java.lang.String)>($r1)	timediff:0
I/System.out(12711): body:<com.intsig.tsapp.ak: void a()>	sig:virtualinvoke $r1.<java.net.HttpURLConnection: void disconnect()>()	timediff:1
I/System.out(12711): body:<com.intsig.tsapp.ak: void <init>(java.lang.String,int,int)>	sig:specialinvoke $r3.<java.net.URL: void <init>(java.lang.String)>($r1)	timediff:0
I/System.out(12711): <com.intsig.tsapp.ak: void <init>(java.lang.String,int,int)>###specialinvoke $r3.<java.net.URL: void <init>(java.lang.String)>($r1)###https://a.intsig.net/mobile/startpic?language=en&resolution=720x1280&product=camcard&platform=android&version=1201&country=us&client_type=lite&client_version=5.6.5&account_type=normal&account_status=unregister&vendor=Market
I/System.out(12711): body:<com.intsig.tsapp.ak: void <init>(java.lang.String,int,int)>	sig:staticinvoke <java.net.HttpURLConnection: void setFollowRedirects(boolean)>(0)	timediff:2
I/System.out(12711): body:<com.intsig.tsapp.ak: void <init>(java.lang.String,int,int)>	sig:$r2 = virtualinvoke $r3.<java.net.URL: java.net.URLConnection openConnection()>()	timediff:0
I/System.out(12711): body:<com.intsig.tsapp.ak: void <init>(java.lang.String,int,int)>	sig:virtualinvoke $r4.<java.net.HttpURLConnection: void setConnectTimeout(int)>($i0)	timediff:0
I/System.out(12711): body:<com.intsig.tsapp.ak: void <init>(java.lang.String,int,int)>	sig:virtualinvoke $r4.<java.net.HttpURLConnection: void setReadTimeout(int)>($i0)	timediff:0
I/System.out(12711): body:<com.intsig.tsapp.ak: void <init>(java.lang.String,int,int)>	sig:virtualinvoke $r4.<java.net.HttpURLConnection: void setRequestProperty(java.lang.String,java.lang.String)>("Accept-Encoding", "default,gzip")	timediff:2
I/System.out(12711): body:<com.intsig.tsapp.ak: void a(java.lang.String,java.lang.String)>	sig:virtualinvoke $r3.<java.net.HttpURLConnection: void setRequestProperty(java.lang.String,java.lang.String)>($r1, $r2)	timediff:0
W/ContextImpl(  484): Calling a method in the system process without a qualified user: android.app.ContextImpl.sendBroadcast:1123 com.android.server.InputMethodManagerService.hideCurrentInputLocked:1880 com.android.server.InputMethodManagerService.windowGainedFocus:1995 com.android.internal.view.IInputMethodManager$Stub.onTransact:221 com.android.server.InputMethodManagerService.onTransact:818 
I/ActivityManager(  484): Displayed com.intsig.BCRLite/com.intsig.tsapp.LoginAccountActivity: +550ms
I/System.out(12711): body:<com.intsig.tsapp.ak: int d()>	sig:$i0 = virtualinvoke $r1.<java.net.HttpURLConnection: int getResponseCode()>()	timediff:1812
I/System.out(12711): body:<com.intsig.tsapp.ak: java.lang.String a(java.lang.String)>	sig:$r1 = virtualinvoke $r2.<java.net.HttpURLConnection: java.lang.String getHeaderField(java.lang.String)>($r1)	timediff:0
I/System.out(12711): body:<com.intsig.tsapp.ak: java.lang.String a(java.lang.String)>	sig:$r1 = virtualinvoke $r2.<java.net.HttpURLConnection: java.lang.String getHeaderField(java.lang.String)>($r1)	timediff:0
I/System.out(12711): body:<com.intsig.tsapp.ak: int a(java.lang.String,int)>	sig:$i0 = virtualinvoke $r2.<java.net.HttpURLConnection: int getHeaderFieldInt(java.lang.String,int)>($r1, $i0)	timediff:0
I/System.out(12711): body:<com.intsig.tsapp.ak: java.lang.String a(java.lang.String)>	sig:$r1 = virtualinvoke $r2.<java.net.HttpURLConnection: java.lang.String getHeaderField(java.lang.String)>($r1)	timediff:0
I/System.out(12711): body:<com.intsig.tsapp.ak: java.lang.String a(java.lang.String)>	sig:$r1 = virtualinvoke $r2.<java.net.HttpURLConnection: java.lang.String getHeaderField(java.lang.String)>($r1)	timediff:0
I/System.out(12711): body:<com.intsig.tsapp.ak: int a(java.lang.String,int)>	sig:$i0 = virtualinvoke $r2.<java.net.HttpURLConnection: int getHeaderFieldInt(java.lang.String,int)>($r1, $i0)	timediff:0
I/System.out(12711): body:<com.intsig.tsapp.ak: int a(java.lang.String,int)>	sig:$i0 = virtualinvoke $r2.<java.net.HttpURLConnection: int getHeaderFieldInt(java.lang.String,int)>($r1, $i0)	timediff:0
I/System.out(12711): body:<com.intsig.tsapp.ak: java.lang.String a(java.lang.String)>	sig:$r1 = virtualinvoke $r2.<java.net.HttpURLConnection: java.lang.String getHeaderField(java.lang.String)>($r1)	timediff:0
I/System.out(12711): body:<com.intsig.tsapp.ak: int a(java.lang.String,int)>	sig:$i0 = virtualinvoke $r2.<java.net.HttpURLConnection: int getHeaderFieldInt(java.lang.String,int)>($r1, $i0)	timediff:0
I/System.out(12711): body:<com.intsig.tsapp.ak: int a(java.lang.String,int)>	sig:$i0 = virtualinvoke $r2.<java.net.HttpURLConnection: int getHeaderFieldInt(java.lang.String,int)>($r1, $i0)	timediff:0
I/System.out(12711): body:<com.intsig.tsapp.ak: void a()>	sig:virtualinvoke $r1.<java.net.HttpURLConnection: void disconnect()>()	timediff:0
W/ViewRootImpl(12711): Dropping event due to no window focus: KeyEvent { action=ACTION_DOWN, keyCode=KEYCODE_F8, scanCode=0, metaState=0, flags=0x8, repeatCount=0, eventTime=8238779, downTime=8238779, deviceId=-1, source=0x101 }
D/dalvikvm(12711): GC_CONCURRENT freed 359K, 9% free 4719K/5164K, paused 3ms+1ms, total 6ms
I/ActivityManager(  484): Displayed com.intsig.BCRLite/com.intsig.tsapp.LoginAccountActivity: +470ms
W/ViewRootImpl(12711): Dropping event due to no window focus: KeyEvent { action=ACTION_DOWN, keyCode=KEYCODE_MENU, scanCode=0, metaState=0, flags=0x8, repeatCount=0, eventTime=8238839, downTime=8238839, deviceId=-1, source=0x101 }
I/ActivityManager(  484): START u0 {cmp=com.intsig.BCRLite/.CCMainActivity (has extras)} from pid 12711
I/System.out(12711): body:<com.intsig.tsapp.ak: int d()>	sig:$i0 = virtualinvoke $r1.<java.net.HttpURLConnection: int getResponseCode()>()	timediff:1941
I/System.out(12711): body:<com.intsig.tsapp.ak: java.io.InputStream b()>	sig:$r2 = virtualinvoke $r1.<java.net.HttpURLConnection: java.lang.String getHeaderField(java.lang.String)>("Content-Encoding")	timediff:0
I/System.out(12711): body:<com.intsig.tsapp.ak: java.io.InputStream b()>	sig:$r4 = virtualinvoke $r1.<java.net.HttpURLConnection: java.io.InputStream getInputStream()>()	timediff:0
I/System.out(12711): body:<empirical.HelperClass: void printURLInfo(java.lang.String,java.lang.String,java.net.URLConnection)>	sig:$r0 = virtualinvoke urlConnection.<java.net.URLConnection: java.net.URL getURL()>()	timediff:0
I/System.out(12711): body:<empirical.HelperClass: void printURLInfo(java.lang.String,java.lang.String,java.net.URLConnection)>	sig:urlString = virtualinvoke $r0.<java.net.URL: java.lang.String toString()>()	timediff:1
I/System.out(12711): body:<empirical.HelperClass: void printURLInfo(java.lang.String,java.lang.String,java.net.URLConnection)>	sig:isDoOutput = virtualinvoke urlConnection.<java.net.URLConnection: boolean getDoOutput()>()	timediff:0
I/System.out(12711): body:<empirical.HelperClass: java.lang.String getHeaderField(java.net.URLConnection,java.lang.String)>	sig:data = virtualinvoke conn.<java.net.URLConnection: java.lang.String getHeaderField(java.lang.String)>(field)	timediff:0
I/System.out(12711): body:<empirical.HelperClass: java.lang.String getHeaderField(java.net.URLConnection,java.lang.String)>	sig:data = virtualinvoke conn.<java.net.URLConnection: java.lang.String getHeaderField(java.lang.String)>(field)	timediff:0
I/System.out(12711): body:<empirical.HelperClass: java.lang.String getHeaderField(java.net.URLConnection,java.lang.String)>	sig:data = virtualinvoke conn.<java.net.URLConnection: java.lang.String getHeaderField(java.lang.String)>(field)	timediff:0
I/System.out(12711): body:<empirical.HelperClass: java.lang.String getHeaderField(java.net.URLConnection,java.lang.String)>	sig:data = virtualinvoke conn.<java.net.URLConnection: java.lang.String getHeaderField(java.lang.String)>(field)	timediff:0
I/System.out(12711): body:<empirical.HelperClass: java.lang.String getHeaderField(java.net.URLConnection,java.lang.String)>	sig:data = virtualinvoke conn.<java.net.URLConnection: java.lang.String getHeaderField(java.lang.String)>(field)	timediff:0
I/System.out(12711): URLConn;%;1;%;<com.intsig.tsapp.ak: java.io.InputStream b()>;%;$r4 = virtualinvoke $r1.<java.net.HttpURLConnection: java.io.InputStream getInputStream()>();%;https://a.intsig.net/mobile/startpic?language=en&resolution=720x1280&product=camcard&platform=android&version=1201&country=us&client_type=lite&client_version=5.6.5&account_type=normal&account_status=unregister&vendor=Market;%;false;%;Not found;%;Not found;%;Not found;%;Not found;%;Not found
I/System.out(12711): body:<com.intsig.tsapp.ak: void a()>	sig:virtualinvoke $r1.<java.net.HttpURLConnection: void disconnect()>()	timediff:0
I/dalvikvm(12711): Could not find method android.content.Context.getDrawable, referenced from method android.support.v4.content.d.a
W/dalvikvm(12711): VFY: unable to resolve virtual method 335: Landroid/content/Context;.getDrawable (I)Landroid/graphics/drawable/Drawable;
D/dalvikvm(12711): VFY: replacing opcode 0x6e at 0x0006
D/dalvikvm(12711): GC_CONCURRENT freed 254K, 7% free 5012K/5348K, paused 0ms+0ms, total 7ms
I/System.out(12711): body:<com.intsig.isad.IntsigAdView: java.util.List a()>	sig:specialinvoke $r1.<java.net.URL: void <init>(java.lang.String)>($r2)	timediff:0
I/System.out(12711): <com.intsig.isad.IntsigAdView: java.util.List a()>###specialinvoke $r1.<java.net.URL: void <init>(java.lang.String)>($r2)###http://s.intsig.net/r/appdata/ISAd_Andr_version.xml
I/System.out(12711): body:<com.intsig.isad.IntsigAdView: java.util.List a()>	sig:$r5 = virtualinvoke $r1.<java.net.URL: java.net.URLConnection openConnection()>()	timediff:0
I/System.out(12711): body:<com.intsig.isad.IntsigAdView: java.util.List a()>	sig:virtualinvoke $r6.<java.net.HttpURLConnection: void setConnectTimeout(int)>(5000)	timediff:0
I/System.out(12711): body:<com.intsig.isad.IntsigAdView: java.util.List a()>	sig:virtualinvoke $r6.<java.net.HttpURLConnection: void setReadTimeout(int)>(10000)	timediff:0
D/dalvikvm(12711): GC_CONCURRENT freed 120K, 4% free 5554K/5768K, paused 1ms+0ms, total 3ms
I/System.out(12711): body:<com.intsig.isad.IntsigAdView: java.util.List a()>	sig:$i0 = virtualinvoke $r6.<java.net.HttpURLConnection: int getResponseCode()>()	timediff:162
I/System.out(12711): body:<com.intsig.isad.IntsigAdView: java.util.List a()>	sig:$r7 = virtualinvoke $r6.<java.net.HttpURLConnection: java.io.InputStream getInputStream()>()	timediff:0
I/System.out(12711): body:<empirical.HelperClass: void printURLInfo(java.lang.String,java.lang.String,java.net.URLConnection)>	sig:$r0 = virtualinvoke urlConnection.<java.net.URLConnection: java.net.URL getURL()>()	timediff:0
I/System.out(12711): body:<empirical.HelperClass: void printURLInfo(java.lang.String,java.lang.String,java.net.URLConnection)>	sig:urlString = virtualinvoke $r0.<java.net.URL: java.lang.String toString()>()	timediff:0
I/System.out(12711): body:<empirical.HelperClass: void printURLInfo(java.lang.String,java.lang.String,java.net.URLConnection)>	sig:isDoOutput = virtualinvoke urlConnection.<java.net.URLConnection: boolean getDoOutput()>()	timediff:0
I/System.out(12711): body:<empirical.HelperClass: java.lang.String getHeaderField(java.net.URLConnection,java.lang.String)>	sig:data = virtualinvoke conn.<java.net.URLConnection: java.lang.String getHeaderField(java.lang.String)>(field)	timediff:0
I/System.out(12711): body:<empirical.HelperClass: java.lang.String getHeaderField(java.net.URLConnection,java.lang.String)>	sig:data = virtualinvoke conn.<java.net.URLConnection: java.lang.String getHeaderField(java.lang.String)>(field)	timediff:0
I/System.out(12711): body:<empirical.HelperClass: java.lang.String getHeaderField(java.net.URLConnection,java.lang.String)>	sig:data = virtualinvoke conn.<java.net.URLConnection: java.lang.String getHeaderField(java.lang.String)>(field)	timediff:0
I/System.out(12711): body:<empirical.HelperClass: java.lang.String getHeaderField(java.net.URLConnection,java.lang.String)>	sig:data = virtualinvoke conn.<java.net.URLConnection: java.lang.String getHeaderField(java.lang.String)>(field)	timediff:0
I/System.out(12711): body:<empirical.HelperClass: java.lang.String getHeaderField(java.net.URLConnection,java.lang.String)>	sig:data = virtualinvoke conn.<java.net.URLConnection: java.lang.String getHeaderField(java.lang.String)>(field)	timediff:0
I/System.out(12711): URLConn;%;2;%;<com.intsig.isad.IntsigAdView: java.util.List a()>;%;$r7 = virtualinvoke $r6.<java.net.HttpURLConnection: java.io.InputStream getInputStream()>();%;http://s.intsig.net/r/appdata/ISAd_Andr_version.xml;%;false;%;2962;%;Not found;%;Not found;%;47052;%;Not found
I/System.out(12711): body:<com.intsig.isad.IntsigAdView: java.util.List a()>	sig:specialinvoke $r1.<java.net.URL: void <init>(java.lang.String)>($r2)	timediff:0
I/System.out(12711): <com.intsig.isad.IntsigAdView: java.util.List a()>###specialinvoke $r1.<java.net.URL: void <init>(java.lang.String)>($r2)###http://s.intsig.net/r/appdata/ad/ISAd_Andr_CamCardLite_en.xml
I/System.out(12711): body:<com.intsig.isad.IntsigAdView: java.util.List a()>	sig:$r5 = virtualinvoke $r1.<java.net.URL: java.net.URLConnection openConnection()>()	timediff:0
I/System.out(12711): body:<com.intsig.isad.IntsigAdView: java.util.List a()>	sig:virtualinvoke $r9.<java.net.HttpURLConnection: void setConnectTimeout(int)>(5000)	timediff:0
I/System.out(12711): body:<com.intsig.isad.IntsigAdView: java.util.List a()>	sig:virtualinvoke $r9.<java.net.HttpURLConnection: void setReadTimeout(int)>(30000)	timediff:1
E/ActivityThread(12711): Failed to find provider info for com.intsig.lic.BCREA.provider
E/ActivityThread(12711): Failed to find provider info for com.intsig.lic.BCRWE.provider
I/CloudUtil(12711): isCloudAvailableCost=false
I/System.out(12711): body:<com.intsig.isad.IntsigAdView: java.util.List a()>	sig:$i0 = virtualinvoke $r9.<java.net.HttpURLConnection: int getResponseCode()>()	timediff:80
I/System.out(12711): body:<com.intsig.isad.IntsigAdView: java.util.List a()>	sig:$r7 = virtualinvoke $r9.<java.net.HttpURLConnection: java.io.InputStream getInputStream()>()	timediff:0
I/System.out(12711): body:<empirical.HelperClass: void printURLInfo(java.lang.String,java.lang.String,java.net.URLConnection)>	sig:$r0 = virtualinvoke urlConnection.<java.net.URLConnection: java.net.URL getURL()>()	timediff:0
I/System.out(12711): body:<empirical.HelperClass: void printURLInfo(java.lang.String,java.lang.String,java.net.URLConnection)>	sig:urlString = virtualinvoke $r0.<java.net.URL: java.lang.String toString()>()	timediff:1
I/System.out(12711): body:<empirical.HelperClass: void printURLInfo(java.lang.String,java.lang.String,java.net.URLConnection)>	sig:isDoOutput = virtualinvoke urlConnection.<java.net.URLConnection: boolean getDoOutput()>()	timediff:0
I/System.out(12711): body:<empirical.HelperClass: java.lang.String getHeaderField(java.net.URLConnection,java.lang.String)>	sig:data = virtualinvoke conn.<java.net.URLConnection: java.lang.String getHeaderField(java.lang.String)>(field)	timediff:0
I/System.out(12711): body:<empirical.HelperClass: java.lang.String getHeaderField(java.net.URLConnection,java.lang.String)>	sig:data = virtualinvoke conn.<java.net.URLConnection: java.lang.String getHeaderField(java.lang.String)>(field)	timediff:0
I/System.out(12711): body:<empirical.HelperClass: java.lang.String getHeaderField(java.net.URLConnection,java.lang.String)>	sig:data = virtualinvoke conn.<java.net.URLConnection: java.lang.String getHeaderField(java.lang.String)>(field)	timediff:0
I/System.out(12711): body:<empirical.HelperClass: java.lang.String getHeaderField(java.net.URLConnection,java.lang.String)>	sig:data = virtualinvoke conn.<java.net.URLConnection: java.lang.String getHeaderField(java.lang.String)>(field)	timediff:0
I/System.out(12711): body:<empirical.HelperClass: java.lang.String getHeaderField(java.net.URLConnection,java.lang.String)>	sig:data = virtualinvoke conn.<java.net.URLConnection: java.lang.String getHeaderField(java.lang.String)>(field)	timediff:0
I/System.out(12711): URLConn;%;3;%;<com.intsig.isad.IntsigAdView: java.util.List a()>;%;$r7 = virtualinvoke $r9.<java.net.HttpURLConnection: java.io.InputStream getInputStream()>();%;http://s.intsig.net/r/appdata/ad/ISAd_Andr_CamCardLite_en.xml;%;false;%;8880;%;Not found;%;Not found;%;39907;%;Not found
I/System.out(12711): body:<com.intsig.isad.IntsigAdView: java.util.ArrayList b(java.io.InputStream)>	sig:$r6 = staticinvoke <java.net.URLDecoder: java.lang.String decode(java.lang.String,java.lang.String)>($r6, "utf-8")	timediff:5
I/System.out(12711): body:<com.intsig.isad.IntsigAdView: java.util.ArrayList b(java.io.InputStream)>	sig:$r6 = staticinvoke <java.net.URLDecoder: java.lang.String decode(java.lang.String,java.lang.String)>($r6, "utf-8")	timediff:0
I/Choreographer(12711): Skipped 43 frames!  The application may be doing too much work on its main thread.
I/System.out(12711): body:<com.intsig.isad.IntsigAdView: java.util.ArrayList b(java.io.InputStream)>	sig:$r6 = staticinvoke <java.net.URLDecoder: java.lang.String decode(java.lang.String,java.lang.String)>($r6, "utf-8")	timediff:0
I/System.out(12711): body:<com.intsig.isad.IntsigAdView: java.util.List a()>	sig:virtualinvoke $r6.<java.net.HttpURLConnection: void disconnect()>()	timediff:0
I/System.out(12711): body:<com.intsig.isad.IntsigAdView: java.util.List a()>	sig:virtualinvoke $r3.<java.net.HttpURLConnection: void disconnect()>()	timediff:0
I/System.out(12711): body:<com.intsig.isad.IntsigAdView: void a(java.util.List)>	sig:$r5 = staticinvoke <java.net.URLEncoder: java.lang.String encode(java.lang.String,java.lang.String)>($r5, "utf-8")	timediff:0
W/System.err(12711): java.lang.NullPointerException
W/System.err(12711): 	at com.intsig.isad.IntsigAdView.a(IntsigAdView.java:447)
W/System.err(12711): 	at com.intsig.isad.i.run(IntsigAdView.java:334)
W/EGL_emulation(12711): eglSurfaceAttrib not implemented 3093 12436
D/OpenGLRenderer(12711): Enabling debug mode 0
W/ViewRootImpl(12711): Dropping event due to no window focus: KeyEvent { action=ACTION_DOWN, keyCode=KEYCODE_R, scanCode=0, metaState=0, flags=0x8, repeatCount=0, eventTime=8239317, downTime=8239317, deviceId=-1, source=0x101 }
I/ActivityManager(  484): START u0 {act=android.intent.action.MAIN cat=[android.intent.category.LAUNCHER] flg=0x10200000 cmp=com.intsig.BCRLite/com.intsig.camcard.BcrFirstLaunchGuide} from pid 12701
W/ViewRootImpl(12711): Dropping event due to no window focus: MotionEvent { action=ACTION_MOVE, id[0]=0, x[0]=-5.0, y[0]=2.0, toolType[0]=TOOL_TYPE_UNKNOWN, buttonState=0, metaState=0, flags=0x0, edgeFlags=0x0, pointerCount=1, historySize=9, eventTime=8241146, downTime=-1, deviceId=0, source=0x10004 }
W/ViewRootImpl(12711): Dropping event due to no window focus: MotionEvent { action=ACTION_DOWN, id[0]=0, x[0]=0.0, y[0]=0.0, toolType[0]=TOOL_TYPE_UNKNOWN, buttonState=0, metaState=0, flags=0x0, edgeFlags=0x0, pointerCount=1, historySize=0, eventTime=8241147, downTime=8241130, deviceId=0, source=0x10004 }
W/ViewRootImpl(12711): Dropping event due to no window focus: KeyEvent { action=ACTION_DOWN, keyCode=KEYCODE_MENU, scanCode=0, metaState=0, flags=0x8, repeatCount=0, eventTime=8241249, downTime=8241249, deviceId=-1, source=0x101 }
V/PanelView(  536): animationTick called with dtms=0; nothing to do (h=0.0 v=-0.0)
V/PanelView(  536): animationTick called with dtms=0; nothing to do (h=0.0 v=-0.0)
W/ViewRootImpl(12711): Dropping event due to no window focus: KeyEvent { action=ACTION_DOWN, keyCode=KEYCODE_W, scanCode=0, metaState=0, flags=0x8, repeatCount=0, eventTime=8241532, downTime=8241532, deviceId=-1, source=0x101 }
I/Choreographer(12711): Skipped 37 frames!  The application may be doing too much work on its main thread.
I/ActivityManager(  484): START u0 {act=android.intent.action.MAIN cat=[android.intent.category.HOME] flg=0x10200000 cmp=com.vphone.launcher/.Launcher} from pid 484
I/ActivityManager(  484): START u0 {act=android.intent.action.MAIN cat=[android.intent.category.HOME] flg=0x10200000 cmp=com.vphone.launcher/.Launcher} from pid 484
W/ContextImpl(12711): Implicit intents with startService are not safe: Intent { act=com.google.android.gms.analytics.service.START (has extras) } android.content.ContextWrapper.bindService:517 com.google.analytics.tracking.android.d.b:82 com.google.analytics.tracking.android.v.i:279 
D/dalvikvm(12711): GC_CONCURRENT freed 426K, 8% free 5935K/6444K, paused 1ms+1ms, total 4ms
W/GAV2    (12711): Thread[GAThread,5,main]: Service unavailable (code=1), will retry.
I/GAV2    (12711): Thread[GAThread,5,main]: No campaign data found.
W/ActivityManager(  484): Unable to start service Intent { act=com.google.android.gms.analytics.service.START (has extras) } U=0: not found
I/InputDispatcher(  484): Dropped event because of pending overdue app switch.
W/InputManager(  484): Input event injection from pid 12701 failed.
W/GAV2    (12711): Thread[initWork,5,main]: Need to call initialize() and be in fallback mode to start dispatch.
I/WindowManager(  484): Screenshot max retries 4 of Token{4ac01f04 ActivityRecord{4a93ba48 u0 com.intsig.BCRLite/.CCMainActivity t417}} appWin=Window{4aaef3b4 u0 com.intsig.BCRLite/com.intsig.BCRLite.CCMainActivity} drawState=2
W/WindowManager(  484): Screenshot failure taking screenshot for (1280x720) to layer 21030
W/DebugConnManager(  689): getNetworkInfo() on networkType 1
I/ActivityManager(  484): Displayed com.intsig.BCRLite/.CCMainActivity: +4s10ms
I/InputDispatcher(  484): Window 'Window{4aaef3b4 u0 com.intsig.BCRLite/com.intsig.BCRLite.CCMainActivity}' spent 2457.9ms processing the last input event: MotionEvent(deviceId=0, source=0x00001002, action=0, flags=0x00000000, metaState=0x00000000, buttonState=0x00000000, edgeFlags=0x00000000, xPrecision=1.0, yPrecision=1.0, displayId=0, pointers=[0: (916.0, 163.0)]), policyFlags=0x4b000000
I/InputDispatcher(  484): Window 'Window{4aaef3b4 u0 com.intsig.BCRLite/com.intsig.BCRLite.CCMainActivity}' spent 2456.9ms processing the last input event: MotionEvent(deviceId=0, source=0x00001002, action=1, flags=0x00000000, metaState=0x00000000, buttonState=0x00000000, edgeFlags=0x00000000, xPrecision=1.0, yPrecision=1.0, displayId=0, pointers=[0: (928.9, 153.3)]), policyFlags=0x4b000000
I/InputDispatcher(  484): Window 'Window{4aaef3b4 u0 com.intsig.BCRLite/com.intsig.BCRLite.CCMainActivity}' spent 2455.4ms processing the last input event: MotionEvent(deviceId=0, source=0x00001002, action=0, flags=0x00000000, metaState=0x00000000, buttonState=0x00000000, edgeFlags=0x00000000, xPrecision=1.0, yPrecision=1.0, displayId=0, pointers=[0: (592.0, 141.0)]), policyFlags=0x4b000000
I/InputDispatcher(  484): Window 'Window{4aaef3b4 u0 com.intsig.BCRLite/com.intsig.BCRLite.CCMainActivity}' spent 2452.3ms processing the last input event: MotionEvent(deviceId=0, source=0x00001002, action=1, flags=0x00000000, metaState=0x00000000, buttonState=0x00000000, edgeFlags=0x00000000, xPrecision=1.0, yPrecision=1.0, displayId=0, pointers=[0: (594.6, 138.1)]), policyFlags=0x4b000000
I/InputDispatcher(  484): Window 'Window{4aaef3b4 u0 com.intsig.BCRLite/com.intsig.BCRLite.CCMainActivity}' spent 2425.6ms processing the last input event: MotionEvent(deviceId=0, source=0x00001002, action=0, flags=0x00000000, metaState=0x00000000, buttonState=0x00000000, edgeFlags=0x00000000, xPrecision=1.0, yPrecision=1.0, displayId=0, pointers=[0: (1217.0, 216.0)]), policyFlags=0x4b000000
I/InputDispatcher(  484): Window 'Window{4aaef3b4 u0 com.intsig.BCRLite/com.intsig.BCRLite.CCMainActivity}' spent 2423.5ms processing the last input event: MotionEvent(deviceId=0, source=0x00001002, action=2, flags=0x00000000, metaState=0x00000000, buttonState=0x00000000, edgeFlags=0x00000000, xPrecision=1.0, yPrecision=1.0, displayId=0, pointers=[0: (1213.3, 211.6)]), policyFlags=0x4b000000
I/InputDispatcher(  484): Window 'Window{4aaef3b4 u0 com.intsig.BCRLite/com.intsig.BCRLite.CCMainActivity}' spent 2422.8ms processing the last input event: MotionEvent(deviceId=0, source=0x00001002, action=2, flags=0x00000000, metaState=0x00000000, buttonState=0x00000000, edgeFlags=0x00000000, xPrecision=1.0, yPrecision=1.0, displayId=0, pointers=[0: (1212.3, 205.6)]), policyFlags=0x4b000000
I/InputDispatcher(  484): Window 'Window{4aaef3b4 u0 com.intsig.BCRLite/com.intsig.BCRLite.CCMainActivity}' spent 2421.7ms processing the last input event: MotionEvent(deviceId=0, source=0x00001002, action=2, flags=0x00000000, metaState=0x00000000, buttonState=0x00000000, edgeFlags=0x00000000, xPrecision=1.0, yPrecision=1.0, displayId=0, pointers=[0: (1209.4, 202.0)]), policyFlags=0x4b000000
I/InputDispatcher(  484): Window 'Window{4aaef3b4 u0 com.intsig.BCRLite/com.intsig.BCRLite.CCMainActivity}' spent 2420.9ms processing the last input event: MotionEvent(deviceId=0, source=0x00001002, action=2, flags=0x00000000, metaState=0x00000000, buttonState=0x00000000, edgeFlags=0x00000000, xPrecision=1.0, yPrecision=1.0, displayId=0, pointers=[0: (1207.5, 196.8)]), policyFlags=0x4b000000
I/InputDispatcher(  484): Window 'Window{4aaef3b4 u0 com.intsig.BCRLite/com.intsig.BCRLite.CCMainActivity}' spent 2418.1ms processing the last input event: MotionEvent(deviceId=0, source=0x00001002, action=2, flags=0x00000000, metaState=0x00000000, buttonState=0x00000000, edgeFlags=0x00000000, xPrecision=1.0, yPrecision=1.0, displayId=0, pointers=[0: (1203.8, 194.6)]), policyFlags=0x4b000000
I/InputDispatcher(  484): Window 'Window{4aaef3b4 u0 com.intsig.BCRLite/com.intsig.BCRLite.CCMainActivity}' spent 2417.4ms processing the last input event: MotionEvent(deviceId=0, source=0x00001002, action=2, flags=0x00000000, metaState=0x00000000, buttonState=0x00000000, edgeFlags=0x00000000, xPrecision=1.0, yPrecision=1.0, displayId=0, pointers=[0: (1199.8, 191.9)]), policyFlags=0x4b000000
I/InputDispatcher(  484): Window 'Window{4aaef3b4 u0 com.intsig.BCRLite/com.intsig.BCRLite.CCMainActivity}' spent 2416.7ms processing the last input event: MotionEvent(deviceId=0, source=0x00001002, action=2, flags=0x00000000, metaState=0x00000000, buttonState=0x00000000, edgeFlags=0x00000000, xPrecision=1.0, yPrecision=1.0, displayId=0, pointers=[0: (1197.4, 185.4)]), policyFlags=0x4b000000
I/InputDispatcher(  484): Window 'Window{4aaef3b4 u0 com.intsig.BCRLite/com.intsig.BCRLite.CCMainActivity}' spent 2414.0ms processing the last input event: MotionEvent(deviceId=0, source=0x00001002, action=1, flags=0x00000000, metaState=0x00000000, buttonState=0x00000000, edgeFlags=0x00000000, xPrecision=1.0, yPrecision=1.0, displayId=0, pointers=[0: (1194.9, 179.4)]), policyFlags=0x4b000000
W/ContextImpl(  484): Calling a method in the system process without a qualified user: android.app.ContextImpl.sendBroadcast:1123 com.android.server.InputMethodManagerService.hideCurrentInputLocked:1880 com.android.server.InputMethodManagerService.windowGainedFocus:1968 com.android.internal.view.IInputMethodManager$Stub.onTransact:221 com.android.server.InputMethodManagerService.onTransact:818 
I/Choreographer(12711): Skipped 31 frames!  The application may be doing too much work on its main thread.
I/InputDispatcher(  484): Window 'Window{4aaef3b4 u0 com.intsig.BCRLite/com.intsig.BCRLite.CCMainActivity}' spent 2995.1ms processing the last input event: MotionEvent(deviceId=0, source=0x00010004, action=2, flags=0x00000000, metaState=0x00000000, buttonState=0x00000000, edgeFlags=0x00000000, xPrecision=1.0, yPrecision=1.0, displayId=0, pointers=[0: (3.0, -4.0)]), policyFlags=0x4b000000
