W/ViewRootImpl(17763): Dropping event due to no window focus: KeyEvent { action=ACTION_DOWN, keyCode=KEYCODE_DPAD_CENTER, scanCode=0, metaState=0, flags=0x8, repeatCount=0, eventTime=8766688, downTime=8766688, deviceId=-1, source=0x101 }
V/InputMethodService(  651): onEvaluateInputViewShown: config.hardKeyboardHidden = 1
W/ContextImpl(  484): Calling a method in the system process without a qualified user: android.app.ContextImpl.sendBroadcast:1123 com.android.server.InputMethodManagerService.showCurrentInputLocked:1791 com.android.server.InputMethodManagerService.attachNewInputLocked:1095 com.android.server.InputMethodManagerService.startInputUncheckedLocked:1166 com.android.server.InputMethodManagerService.startInputLocked:1128 
W/ViewRootImpl(17763): Dropping event due to no window focus: KeyEvent { action=ACTION_DOWN, keyCode=KEYCODE_MENU, scanCode=0, metaState=0, flags=0x8, repeatCount=0, eventTime=8767149, downTime=8767149, deviceId=-1, source=0x101 }
W/InputMethodManagerService(  484): Window already focused, ignoring focus gain of: com.android.internal.view.IInputMethodClient$Stub$Proxy@4ad86204 attribute=null, token = android.os.BinderProxy@4a9fb360
V/InputMethodService(  651): onEvaluateInputViewShown: config.hardKeyboardHidden = 1
W/ContextImpl(  484): Calling a method in the system process without a qualified user: android.app.ContextImpl.sendBroadcast:1123 com.android.server.InputMethodManagerService.showCurrentInputLocked:1791 com.android.server.InputMethodManagerService.attachNewInputLocked:1095 com.android.server.InputMethodManagerService.startInputUncheckedLocked:1166 com.android.server.InputMethodManagerService.startInputLocked:1128 
V/InputMethodService(  651): onEvaluateInputViewShown: config.hardKeyboardHidden = 1
W/ContextImpl(  484): Calling a method in the system process without a qualified user: android.app.ContextImpl.sendBroadcast:1123 com.android.server.InputMethodManagerService.showCurrentInputLocked:1791 com.android.server.InputMethodManagerService.attachNewInputLocked:1095 com.android.server.InputMethodManagerService.startInputUncheckedLocked:1166 com.android.server.InputMethodManagerService.startInputLocked:1128 
V/InputMethodService(  651): onEvaluateInputViewShown: config.hardKeyboardHidden = 1
W/ContextImpl(  484): Calling a method in the system process without a qualified user: android.app.ContextImpl.sendBroadcast:1123 com.android.server.InputMethodManagerService.showCurrentInputLocked:1791 com.android.server.InputMethodManagerService.attachNewInputLocked:1095 com.android.server.InputMethodManagerService.startInputUncheckedLocked:1166 com.android.server.InputMethodManagerService.startInputLocked:1128 
V/InputMethodService(  651): onEvaluateInputViewShown: config.hardKeyboardHidden = 1
W/ContextImpl(  484): Calling a method in the system process without a qualified user: android.app.ContextImpl.sendBroadcast:1123 com.android.server.InputMethodManagerService.showCurrentInputLocked:1791 com.android.server.InputMethodManagerService.attachNewInputLocked:1095 com.android.server.InputMethodManagerService.startInputUncheckedLocked:1166 com.android.server.InputMethodManagerService.startInputLocked:1128 
W/ContextImpl(  484): Calling a method in the system process without a qualified user: android.app.ContextImpl.sendBroadcast:1123 com.android.server.InputMethodManagerService.showCurrentInputLocked:1791 com.android.server.InputMethodManagerService.attachNewInputLocked:1095 com.android.server.InputMethodManagerService.startInputUncheckedLocked:1166 com.android.server.InputMethodManagerService.startInputLocked:1128 
V/InputMethodService(  651): onEvaluateInputViewShown: config.hardKeyboardHidden = 1
V/InputMethodService(  651): onEvaluateInputViewShown: config.hardKeyboardHidden = 1
W/ContextImpl(  484): Calling a method in the system process without a qualified user: android.app.ContextImpl.sendBroadcast:1123 com.android.server.InputMethodManagerService.showCurrentInputLocked:1791 com.android.server.InputMethodManagerService.attachNewInputLocked:1095 com.android.server.InputMethodManagerService.startInputUncheckedLocked:1166 com.android.server.InputMethodManagerService.startInputLocked:1128 
W/ContextImpl(  484): Calling a method in the system process without a qualified user: android.app.ContextImpl.sendBroadcast:1123 com.android.server.InputMethodManagerService.showCurrentInputLocked:1791 com.android.server.InputMethodManagerService.showSoftInput:1753 com.android.internal.view.IInputMethodManager$Stub.onTransact:175 com.android.server.InputMethodManagerService.onTransact:818 
V/InputMethodService(  651): onEvaluateInputViewShown: config.hardKeyboardHidden = 1
V/InputMethodService(  651): onEvaluateInputViewShown: config.hardKeyboardHidden = 1
V/InputMethodService(  651): onEvaluateInputViewShown: config.hardKeyboardHidden = 1
W/ContextImpl(  484): Calling a method in the system process without a qualified user: android.app.ContextImpl.sendBroadcast:1123 com.android.server.InputMethodManagerService.showCurrentInputLocked:1791 com.android.server.InputMethodManagerService.attachNewInputLocked:1095 com.android.server.InputMethodManagerService.startInputUncheckedLocked:1166 com.android.server.InputMethodManagerService.startInputLocked:1128 
W/ContextImpl(  484): Calling a method in the system process without a qualified user: android.app.ContextImpl.sendBroadcast:1123 com.android.server.InputMethodManagerService.showCurrentInputLocked:1791 com.android.server.InputMethodManagerService.attachNewInputLocked:1095 com.android.server.InputMethodManagerService.startInputUncheckedLocked:1166 com.android.server.InputMethodManagerService.startInputLocked:1128 
W/EGL_emulation(17763): eglSurfaceAttrib not implemented 3093 12436
W/EGL_emulation(17763): eglSurfaceAttrib not implemented 3093 12436
W/ActivityManager(  484): Duplicate finish request for ActivityRecord{4b0719b4 u0 com.yammer.v1/com.yammer.droid.ui.login.LoginActivity t449 f}
I/Choreographer(17763): Skipped 50 frames!  The application may be doing too much work on its main thread.
W/ContextImpl(  484): Calling a method in the system process without a qualified user: android.app.ContextImpl.sendBroadcast:1123 com.android.server.InputMethodManagerService.hideCurrentInputLocked:1880 com.android.server.InputMethodManagerService.windowGainedFocus:2000 com.android.internal.view.IInputMethodManager$Stub.onTransact:221 com.android.server.InputMethodManagerService.onTransact:818 
I/ActivityManager(  484): START u0 {cmp=com.yammer.v1/com.yammer.droid.ui.login.LoginActivity} from pid 17763
W/ActivityManager(  484): Activity pause timeout for ActivityRecord{4a9cb988 u0 com.yammer.v1/com.yammer.droid.ui.login.LoginSignupActivity t449}
D/dalvikvm(17763): GC_FOR_ALLOC freed 903K, 21% free 5947K/7448K, paused 6ms, total 7ms
D/com.yammer.droid.ui.DaggerFragment(17763): onAttach
D/com.yammer.droid.ui.DaggerFragment(17763): onCreate
D/dalvikvm(17763): GC_EXPLICIT freed 730K, 20% free 5986K/7448K, paused 0ms+1ms, total 11ms
E/WindowManager(17763): 
E/WindowManager(17763): android.view.WindowLeaked: Activity com.yammer.droid.ui.login.LoginActivity has leaked window android.support.v7.app.AppCompatDelegateImplV9$ListMenuDecorView{4a88f6c4 V.E..... ......ID 0,0-468,84} that was originally added here
E/WindowManager(17763): 	at android.view.ViewRootImpl.<init>(ViewRootImpl.java:348)
E/WindowManager(17763): 	at android.view.WindowManagerGlobal.addView(WindowManagerGlobal.java:248)
E/WindowManager(17763): 	at android.view.WindowManagerImpl.addView(WindowManagerImpl.java:69)
E/WindowManager(17763): 	at android.support.v7.app.AppCompatDelegateImplV9.openPanel(AppCompatDelegateImplV9.java:1183)
E/WindowManager(17763): 	at android.support.v7.app.AppCompatDelegateImplV9.onKeyUpPanel(AppCompatDelegateImplV9.java:1502)
E/WindowManager(17763): 	at android.support.v7.app.AppCompatDelegateImplV9.onKeyUp(AppCompatDelegateImplV9.java:952)
E/WindowManager(17763): 	at android.support.v7.app.AppCompatDelegateImplV9.dispatchKeyEvent(AppCompatDelegateImplV9.java:946)
E/WindowManager(17763): 	at android.support.v7.app.AppCompatDelegateImplBase$AppCompatWindowCallbackBase.dispatchKeyEvent(AppCompatDelegateImplBase.java:314)
E/WindowManager(17763): 	at android.support.v7.view.WindowCallbackWrapper.dispatchKeyEvent(WindowCallbackWrapper.java:53)
E/WindowManager(17763): 	at com.android.internal.policy.impl.PhoneWindow$DecorView.dispatchKeyEvent(PhoneWindow.java:1962)
E/WindowManager(17763): 	at android.view.ViewRootImpl$ViewPostImeInputStage.processKeyEvent(ViewRootImpl.java:3876)
E/WindowManager(17763): 	at android.view.ViewRootImpl$ViewPostImeInputStage.onProcess(ViewRootImpl.java:3850)
E/WindowManager(17763): 	at android.view.ViewRootImpl$InputStage.deliver(ViewRootImpl.java:3423)
E/WindowManager(17763): 	at android.view.ViewRootImpl$InputStage.onDeliverToNext(ViewRootImpl.java:3473)
E/WindowManager(17763): 	at android.view.ViewRootImpl$InputStage.forward(ViewRootImpl.java:3442)
E/WindowManager(17763): 	at android.view.ViewRootImpl$AsyncInputStage.forward(ViewRootImpl.java:3549)
E/WindowManager(17763): 	at android.view.ViewRootImpl$InputStage.apply(ViewRootImpl.java:3450)
E/WindowManager(17763): 	at android.view.ViewRootImpl$AsyncInputStage.apply(ViewRootImpl.java:3606)
E/WindowManager(17763): 	at android.view.ViewRootImpl$InputStage.deliver(ViewRootImpl.java:3423)
E/WindowManager(17763): 	at android.view.ViewRootImpl$InputStage.onDeliverToNext(ViewRootImpl.java:3473)
E/WindowManager(17763): 	at android.view.ViewRootImpl$InputStage.forward(ViewRootImpl.java:3442)
E/WindowManager(17763): 	at android.view.ViewRootImpl$InputStage.apply(ViewRootImpl.java:3450)
E/WindowManager(17763): 	at android.view.ViewRootImpl$InputStage.deliver(ViewRootImpl.java:3423)
E/WindowManager(17763): 	at android.view.ViewRootImpl$InputStage.onDeliverToNext(ViewRootImpl.java:3473)
E/WindowManager(17763): 	at android.view.ViewRootImpl$InputStage.forward(ViewRootImpl.java:3442)
E/WindowManager(17763): 	at android.view.ViewRootImpl$AsyncInputStage.forward(ViewRootImpl.java:3582)
E/WindowManager(17763): 	at android.view.ViewRootImpl$ImeInputStage.onFinishedInputEvent(ViewRootImpl.java:3742)
E/WindowManager(17763): 	at android.view.inputmethod.InputMethodManager$PendingEvent.run(InputMethodManager.java:2010)
E/WindowManager(17763): 	at android.view.inputmethod.InputMethodManager.invokeFinishedInputEventCallback(InputMethodManager.java:1704)
E/WindowManager(17763): 	at android.view.inputmethod.InputMethodManager.finishedInputEvent(InputMethodManager.java:1695)
E/WindowManager(17763): 	at android.view.inputmethod.InputMethodManager$ImeInputEventSender.onInputEventFinished(InputMethodManager.java:1987)
E/WindowManager(17763): 	at android.view.InputEventSender.dispatchInputEventFinished(InputEventSender.java:141)
E/WindowManager(17763): 	at android.os.MessageQueue.nativePollOnce(Native Method)
E/WindowManager(17763): 	at android.os.MessageQueue.next(MessageQueue.java:138)
E/WindowManager(17763): 	at android.os.Looper.loop(Looper.java:123)
E/WindowManager(17763): 	at android.app.ActivityThread.main(ActivityThread.java:5019)
E/WindowManager(17763): 	at java.lang.reflect.Method.invokeNative(Native Method)
E/WindowManager(17763): 	at java.lang.reflect.Method.invoke(Method.java:515)
E/WindowManager(17763): 	at com.android.internal.os.ZygoteInit$MethodAndArgsCaller.run(ZygoteInit.java:779)
E/WindowManager(17763): 	at com.android.internal.os.ZygoteInit.main(ZygoteInit.java:595)
E/WindowManager(17763): 	at dalvik.system.NativeStart.main(Native Method)
W/EGL_emulation(17763): eglSurfaceAttrib not implemented 3093 12436
W/ViewRootImpl(17763): Dropping event due to no window focus: KeyEvent { action=ACTION_DOWN, keyCode=KEYCODE_DPAD_CENTER, scanCode=0, metaState=0, flags=0x8, repeatCount=0, eventTime=8769897, downTime=8769897, deviceId=-1, source=0x101 }
D/dalvikvm(17763): GC_FOR_ALLOC freed 214K, 19% free 6096K/7448K, paused 6ms, total 9ms
I/dalvikvm-heap(17763): Grow heap (frag case) to 6.163MB for 71214-byte allocation
D/dalvikvm(17763): GC_FOR_ALLOC freed 8K, 19% free 6157K/7520K, paused 8ms, total 8ms
D/dalvikvm(17763): GC_FOR_ALLOC freed 186K, 21% free 6012K/7520K, paused 4ms, total 4ms
W/ViewRootImpl(17763): Dropping event due to no window focus: KeyEvent { action=ACTION_DOWN, keyCode=KEYCODE_DPAD_CENTER, scanCode=0, metaState=0, flags=0x8, repeatCount=0, eventTime=8770888, downTime=8770888, deviceId=-1, source=0x101 }
D/dalvikvm(17763): GC_FOR_ALLOC freed 241K, 20% free 6049K/7520K, paused 6ms, total 7ms
D/dalvikvm(17763): GC_FOR_ALLOC freed 102K, 20% free 6052K/7520K, paused 6ms, total 11ms
W/ContextImpl(  484): Calling a method in the system process without a qualified user: android.app.ContextImpl.sendBroadcast:1123 com.android.server.InputMethodManagerService.hideCurrentInputLocked:1880 com.android.server.InputMethodManagerService.windowGainedFocus:1995 com.android.internal.view.IInputMethodManager$Stub.onTransact:221 com.android.server.InputMethodManagerService.onTransact:818 
I/ActivityManager(  484): Displayed com.yammer.v1/com.yammer.droid.ui.login.LoginActivity: +1s531ms
V/PanelView(  536): animationTick called with dtms=0; nothing to do (h=0.0 v=-0.0)
V/InputMethodService(  651): onEvaluateInputViewShown: config.hardKeyboardHidden = 1
W/ContextImpl(  484): Calling a method in the system process without a qualified user: android.app.ContextImpl.sendBroadcast:1123 com.android.server.InputMethodManagerService.showCurrentInputLocked:1791 com.android.server.InputMethodManagerService.showSoftInput:1753 com.android.internal.view.IInputMethodManager$Stub.onTransact:175 com.android.server.InputMethodManagerService.onTransact:818 
V/InputMethodService(  651): onEvaluateInputViewShown: config.hardKeyboardHidden = 1
W/ContextImpl(  484): Calling a method in the system process without a qualified user: android.app.ContextImpl.sendBroadcast:1123 com.android.server.InputMethodManagerService.showCurrentInputLocked:1791 com.android.server.InputMethodManagerService.attachNewInputLocked:1095 com.android.server.InputMethodManagerService.startInputUncheckedLocked:1166 com.android.server.InputMethodManagerService.startInputLocked:1128 
W/ContextImpl(  484): Calling a method in the system process without a qualified user: android.app.ContextImpl.sendBroadcast:1123 com.android.server.InputMethodManagerService.showCurrentInputLocked:1791 com.android.server.InputMethodManagerService.attachNewInputLocked:1095 com.android.server.InputMethodManagerService.startInputUncheckedLocked:1166 com.android.server.InputMethodManagerService.startInputLocked:1128 
V/InputMethodService(  651): onEvaluateInputViewShown: config.hardKeyboardHidden = 1
V/PanelView(  536): animationTick called with dtms=0; nothing to do (h=0.0 v=-0.0)
W/ContextImpl(  484): Calling a method in the system process without a qualified user: android.app.ContextImpl.sendBroadcast:1123 com.android.server.InputMethodManagerService.showCurrentInputLocked:1791 com.android.server.InputMethodManagerService.attachNewInputLocked:1095 com.android.server.InputMethodManagerService.startInputUncheckedLocked:1166 com.android.server.InputMethodManagerService.startInputLocked:1128 
W/ContextImpl(  484): Calling a method in the system process without a qualified user: android.app.ContextImpl.sendBroadcast:1123 com.android.server.InputMethodManagerService.showCurrentInputLocked:1791 com.android.server.InputMethodManagerService.attachNewInputLocked:1095 com.android.server.InputMethodManagerService.startInputUncheckedLocked:1166 com.android.server.InputMethodManagerService.startInputLocked:1128 
V/InputMethodService(  651): onEvaluateInputViewShown: config.hardKeyboardHidden = 1
V/InputMethodService(  651): onEvaluateInputViewShown: config.hardKeyboardHidden = 1
V/InputMethodService(  651): onEvaluateInputViewShown: config.hardKeyboardHidden = 1
W/ContextImpl(  484): Calling a method in the system process without a qualified user: android.app.ContextImpl.sendBroadcast:1123 com.android.server.InputMethodManagerService.showCurrentInputLocked:1791 com.android.server.InputMethodManagerService.attachNewInputLocked:1095 com.android.server.InputMethodManagerService.startInputUncheckedLocked:1166 com.android.server.InputMethodManagerService.startInputLocked:1128 
W/ViewRootImpl(17763): Dropping event due to no window focus: KeyEvent { action=ACTION_DOWN, keyCode=KEYCODE_DPAD_LEFT, scanCode=0, metaState=0, flags=0x8, repeatCount=0, eventTime=8772623, downTime=8772623, deviceId=-1, source=0x101 }
W/ViewRootImpl(17763): Dropping event due to no window focus: KeyEvent { action=ACTION_DOWN, keyCode=KEYCODE_DPAD_UP, scanCode=0, metaState=0, flags=0x8, repeatCount=0, eventTime=8772632, downTime=8772632, deviceId=-1, source=0x101 }
I/ActivityManager(  484): START u0 {act=android.intent.action.MAIN cat=[android.intent.category.LAUNCHER] flg=0x10000000 cmp=com.android.contacts/.activities.PeopleActivity sel={act=android.intent.action.MAIN cat=[android.intent.category.APP_CONTACTS]}} from pid 484
W/EGL_emulation(17763): eglSurfaceAttrib not implemented 3093 12436
V/PanelView(  536): animationTick called with dtms=0; nothing to do (h=0.0 v=-0.0)
W/InputEventReceiver(17763): Attempted to finish an input event but the input event receiver has already been disposed.
W/InputEventReceiver(17763): Attempted to finish an input event but the input event receiver has already been disposed.
W/InputEventReceiver(17763): Attempted to finish an input event but the input event receiver has already been disposed.
W/ViewRootImpl(17763): Dropping event due to root view being removed: MotionEvent { action=ACTION_MOVE, id[0]=0, x[0]=2.0, y[0]=1.0, toolType[0]=TOOL_TYPE_UNKNOWN, buttonState=0, metaState=0, flags=0x0, edgeFlags=0x0, pointerCount=1, historySize=9, eventTime=8772830, downTime=-1, deviceId=0, source=0x10004 }
W/ViewRootImpl(17763): Dropping event due to root view being removed: MotionEvent { action=ACTION_DOWN, id[0]=0, x[0]=0.0, y[0]=0.0, toolType[0]=TOOL_TYPE_UNKNOWN, buttonState=0, metaState=0, flags=0x0, edgeFlags=0x0, pointerCount=1, historySize=0, eventTime=8772832, downTime=8772822, deviceId=0, source=0x10004 }
W/ViewRootImpl(17763): Dropping event due to no window focus: KeyEvent { action=ACTION_DOWN, keyCode=KEYCODE_MENU, scanCode=0, metaState=0, flags=0x8, repeatCount=0, eventTime=8772842, downTime=8772842, deviceId=-1, source=0x101 }
W/ViewRootImpl(17763): Dropping event due to no window focus: MotionEvent { action=ACTION_MOVE, id[0]=0, x[0]=1.0, y[0]=1.0, toolType[0]=TOOL_TYPE_UNKNOWN, buttonState=0, metaState=0, flags=0x0, edgeFlags=0x0, pointerCount=1, historySize=19, eventTime=8772872, downTime=-1, deviceId=0, source=0x10004 }
W/InputMethodManagerService(  484): Focus gain on non-focused client com.android.internal.view.IInputMethodClient$Stub$Proxy@4ab03c6c (uid=10103 pid=17763)
W/EGL_emulation(17763): eglSurfaceAttrib not implemented 3093 12436
W/ViewRootImpl(17763): Dropping event due to no window focus: KeyEvent { action=ACTION_DOWN, keyCode=KEYCODE_MENU, scanCode=0, metaState=0, flags=0x8, repeatCount=0, eventTime=8772873, downTime=8772873, deviceId=-1, source=0x101 }
V/PanelView(  536): animationTick called with dtms=0; nothing to do (h=0.0 v=-0.0)
W/ContextImpl(  484): Calling a method in the system process without a qualified user: android.app.ContextImpl.sendBroadcast:1123 com.android.server.InputMethodManagerService.hideCurrentInputLocked:1880 com.android.server.InputMethodManagerService.windowGainedFocus:2000 com.android.internal.view.IInputMethodManager$Stub.onTransact:221 com.android.server.InputMethodManagerService.onTransact:818 
D/dalvikvm(17763): GC_EXPLICIT freed 815K, 22% free 5896K/7520K, paused 0ms+1ms, total 8ms
I/ActivityManager(  484): START u0 {cmp=com.yammer.v1/com.yammer.droid.ui.login.LoginActivity} from pid 17763
W/ViewRootImpl(17763): Dropping event due to no window focus: MotionEvent { action=ACTION_MOVE, id[0]=0, x[0]=2.0, y[0]=3.0, toolType[0]=TOOL_TYPE_UNKNOWN, buttonState=0, metaState=0, flags=0x0, edgeFlags=0x0, pointerCount=1, historySize=1, eventTime=8775519, downTime=-1, deviceId=0, source=0x10004 }
D/com.yammer.droid.ui.DaggerFragment(17763): onAttach
D/com.yammer.droid.ui.DaggerFragment(17763): onCreate
D/dalvikvm(17763): GC_FOR_ALLOC freed 783K, 20% free 6076K/7520K, paused 9ms, total 9ms
I/Quasar.Processor(17763): start to send events
V/Quasar.Processor(17763): Sending 28events
I/System.out(17763): body:<com.microsoft.bing.datamining.quasar.api.IPETransport: boolean sendEvents(java.util.List,boolean)>	sig:specialinvoke $r5.<java.net.URL: void <init>(java.lang.String)>($r7)	timediff:0
I/System.out(17763): <com.microsoft.bing.datamining.quasar.api.IPETransport: boolean sendEvents(java.util.List,boolean)>###specialinvoke $r5.<java.net.URL: void <init>(java.lang.String)>($r7)###https://receiver.yamalytics.yammer.com/api/clientlogger/prod/yammerandroidapp
I/System.out(17763): body:<com.microsoft.bing.datamining.quasar.api.IPETransport: boolean sendEvents(java.util.List,boolean)>	sig:$r8 = virtualinvoke $r5.<java.net.URL: java.net.URLConnection openConnection()>()	timediff:0
I/System.out(17763): body:<com.microsoft.bing.datamining.quasar.api.IPETransport: boolean sendEvents(java.util.List,boolean)>	sig:virtualinvoke $r8.<java.net.URLConnection: void setConnectTimeout(int)>($i0)	timediff:0
I/System.out(17763): body:<com.microsoft.bing.datamining.quasar.api.IPETransport: boolean sendEvents(java.util.List,boolean)>	sig:virtualinvoke $r8.<java.net.URLConnection: void setReadTimeout(int)>($i0)	timediff:1
I/System.out(17763): body:<com.microsoft.bing.datamining.quasar.api.IPETransport: boolean sendEvents(java.util.List,boolean)>	sig:virtualinvoke $r8.<java.net.URLConnection: void setDoInput(boolean)>(1)	timediff:0
I/System.out(17763): body:<com.microsoft.bing.datamining.quasar.api.IPETransport: boolean sendEvents(java.util.List,boolean)>	sig:virtualinvoke $r8.<java.net.URLConnection: void setDoOutput(boolean)>(1)	timediff:0
I/Quasar.Processor(17763): start to send events
D/dalvikvm(17763): GC_CONCURRENT freed 366K, 18% free 6191K/7520K, paused 1ms+1ms, total 23ms
D/dalvikvm(17763): WAIT_FOR_CONCURRENT_GC blocked 18ms
I/System.out(17763): body:<com.microsoft.bing.datamining.quasar.api.IPETransport: boolean sendEvents(java.util.List,boolean)>	sig:$r9 = virtualinvoke $r8.<java.net.URLConnection: java.io.OutputStream getOutputStream()>()	timediff:11
W/EGL_emulation(17763): eglSurfaceAttrib not implemented 3093 12436
W/ViewRootImpl(17763): Dropping event due to no window focus: MotionEvent { action=ACTION_MOVE, id[0]=0, x[0]=-4.0, y[0]=0.0, toolType[0]=TOOL_TYPE_UNKNOWN, buttonState=0, metaState=0, flags=0x0, edgeFlags=0x0, pointerCount=1, historySize=7, eventTime=8775640, downTime=-1, deviceId=0, source=0x10004 }
W/ViewRootImpl(17763): Dropping event due to no window focus: KeyEvent { action=ACTION_DOWN, keyCode=KEYCODE_DPAD_RIGHT, scanCode=0, metaState=0, flags=0x8, repeatCount=0, eventTime=8775641, downTime=8775641, deviceId=-1, source=0x101 }
W/ContextImpl(  484): Calling a method in the system process without a qualified user: android.app.ContextImpl.sendBroadcast:1123 com.android.server.InputMethodManagerService.hideCurrentInputLocked:1880 com.android.server.InputMethodManagerService.windowGainedFocus:1995 com.android.internal.view.IInputMethodManager$Stub.onTransact:221 com.android.server.InputMethodManagerService.onTransact:818 
I/ActivityManager(  484): Displayed com.yammer.v1/com.yammer.droid.ui.login.LoginActivity: +248ms
I/System.out(17763): body:<com.microsoft.bing.datamining.quasar.api.IPETransport: boolean sendEvents(java.util.List,boolean)>	sig:$r11 = virtualinvoke $r8.<java.net.URLConnection: java.io.InputStream getInputStream()>()	timediff:546
I/System.out(17763): body:<empirical.HelperClass: void printURLInfo(java.lang.String,java.lang.String,java.net.URLConnection)>	sig:$r0 = virtualinvoke urlConnection.<java.net.URLConnection: java.net.URL getURL()>()	timediff:0
I/System.out(17763): body:<empirical.HelperClass: void printURLInfo(java.lang.String,java.lang.String,java.net.URLConnection)>	sig:urlString = virtualinvoke $r0.<java.net.URL: java.lang.String toString()>()	timediff:0
I/System.out(17763): body:<empirical.HelperClass: void printURLInfo(java.lang.String,java.lang.String,java.net.URLConnection)>	sig:isDoOutput = virtualinvoke urlConnection.<java.net.URLConnection: boolean getDoOutput()>()	timediff:0
I/System.out(17763): body:<empirical.HelperClass: java.lang.String getHeaderField(java.net.URLConnection,java.lang.String)>	sig:data = virtualinvoke conn.<java.net.URLConnection: java.lang.String getHeaderField(java.lang.String)>(field)	timediff:0
I/System.out(17763): body:<empirical.HelperClass: java.lang.String getHeaderField(java.net.URLConnection,java.lang.String)>	sig:data = virtualinvoke conn.<java.net.URLConnection: java.lang.String getHeaderField(java.lang.String)>(field)	timediff:0
I/System.out(17763): body:<empirical.HelperClass: java.lang.String getHeaderField(java.net.URLConnection,java.lang.String)>	sig:data = virtualinvoke conn.<java.net.URLConnection: java.lang.String getHeaderField(java.lang.String)>(field)	timediff:0
I/System.out(17763): body:<empirical.HelperClass: java.lang.String getHeaderField(java.net.URLConnection,java.lang.String)>	sig:data = virtualinvoke conn.<java.net.URLConnection: java.lang.String getHeaderField(java.lang.String)>(field)	timediff:0
I/System.out(17763): body:<empirical.HelperClass: java.lang.String getHeaderField(java.net.URLConnection,java.lang.String)>	sig:data = virtualinvoke conn.<java.net.URLConnection: java.lang.String getHeaderField(java.lang.String)>(field)	timediff:0
I/System.out(17763): URLConn;%;1;%;<com.microsoft.bing.datamining.quasar.api.IPETransport: boolean sendEvents(java.util.List,boolean)>;%;$r11 = virtualinvoke $r8.<java.net.URLConnection: java.io.InputStream getInputStream()>();%;https://receiver.yamalytics.yammer.com/api/clientlogger/prod/yammerandroidapp;%;true;%;212;%;private;%;Not found;%;Not found;%;Not found
I/System.out(17763): body:<com.microsoft.bing.datamining.quasar.api.IPETransport: boolean sendEvents(java.util.List,boolean)>	sig:$i0 = virtualinvoke $r12.<java.net.HttpURLConnection: int getResponseCode()>()	timediff:0
I/Quasar  (17763): 200:{"Message":"Finished storing the data","StatusCode":200,"Details":[{"Message":"Finished storing the data","StatusCode":200,"Details":null},{"Message":"Finished storing the data","StatusCode":200,"Details":null}]}
W/EGL_emulation(17763): eglSurfaceAttrib not implemented 3093 12436
W/ViewRootImpl(17763): Dropping event due to no window focus: KeyEvent { action=ACTION_DOWN, keyCode=KEYCODE_DPAD_LEFT, scanCode=0, metaState=0, flags=0x8, repeatCount=0, eventTime=8776271, downTime=8776271, deviceId=-1, source=0x101 }
W/InputMethodManagerService(  484): Window already focused, ignoring focus gain of: com.android.internal.view.IInputMethodClient$Stub$Proxy@4a9144e0 attribute=null, token = android.os.BinderProxy@4b0aee80
W/ViewRootImpl(17763): Dropping event due to no window focus: KeyEvent { action=ACTION_DOWN, keyCode=KEYCODE_DPAD_RIGHT, scanCode=0, metaState=0, flags=0x8, repeatCount=0, eventTime=8777284, downTime=8777284, deviceId=-1, source=0x101 }
W/EGL_emulation(17763): eglSurfaceAttrib not implemented 3093 12436
W/ViewRootImpl(17763): Dropping event due to no window focus: KeyEvent { action=ACTION_DOWN, keyCode=KEYCODE_DPAD_LEFT, scanCode=0, metaState=0, flags=0x8, repeatCount=0, eventTime=8777332, downTime=8777332, deviceId=-1, source=0x101 }
V/PanelView(  536): animationTick called with dtms=0; nothing to do (h=0.0 v=-0.0)
V/PanelView(  536): animationTick called with dtms=-2; nothing to do (h=0.0 v=-0.0)
W/ViewRootImpl(17763): Dropping event due to no window focus: MotionEvent { action=ACTION_MOVE, id[0]=0, x[0]=4.0, y[0]=-3.0, toolType[0]=TOOL_TYPE_UNKNOWN, buttonState=0, metaState=0, flags=0x0, edgeFlags=0x0, pointerCount=1, historySize=6, eventTime=8777761, downTime=-1, deviceId=0, source=0x10004 }
W/InputMethodManagerService(  484): Window already focused, ignoring focus gain of: com.android.internal.view.IInputMethodClient$Stub$Proxy@4aa5cb3c attribute=null, token = android.os.BinderProxy@4b0aee80
I/ActivityManager(  484): START u0 {act=android.intent.action.VIEW dat=https://www.yammer.com/forgotten_password/new cmp=com.android.browser/.BrowserActivity} from pid 17763
V/InputMethodService(  651): onEvaluateInputViewShown: config.hardKeyboardHidden = 1
W/ContextImpl(  484): Calling a method in the system process without a qualified user: android.app.ContextImpl.sendBroadcast:1123 com.android.server.InputMethodManagerService.showCurrentInputLocked:1791 com.android.server.InputMethodManagerService.showSoftInput:1753 com.android.internal.view.IInputMethodManager$Stub.onTransact:175 com.android.server.InputMethodManagerService.onTransact:818 
V/InputMethodService(  651): onEvaluateInputViewShown: config.hardKeyboardHidden = 1
W/ContextImpl(  484): Calling a method in the system process without a qualified user: android.app.ContextImpl.sendBroadcast:1123 com.android.server.InputMethodManagerService.showCurrentInputLocked:1791 com.android.server.InputMethodManagerService.showSoftInput:1753 com.android.internal.view.IInputMethodManager$Stub.onTransact:175 com.android.server.InputMethodManagerService.onTransact:818 
V/PanelView(  536): animationTick called with dtms=0; nothing to do (h=0.0 v=0.0)
W/InputManager(  484): Input event injection from pid 17753 failed.
W/InputManager(  484): Input event injection from pid 17753 failed.
W/EGL_emulation(17763): eglSurfaceAttrib not implemented 3093 12436
W/ViewRootImpl(17763): Dropping event due to no window focus: KeyEvent { action=ACTION_DOWN, keyCode=KEYCODE_DPAD_UP, scanCode=0, metaState=0, flags=0x8, repeatCount=0, eventTime=8778204, downTime=8778204, deviceId=-1, source=0x101 }
W/ContextImpl(  484): Calling a method in the system process without a qualified user: android.app.ContextImpl.sendBroadcast:1123 com.android.server.InputMethodManagerService.hideCurrentInputLocked:1880 com.android.server.InputMethodManagerService.windowGainedFocus:2000 com.android.internal.view.IInputMethodManager$Stub.onTransact:221 com.android.server.InputMethodManagerService.onTransact:818 
D/dalvikvm(17763): GC_EXPLICIT freed 1319K, 23% free 5839K/7520K, paused 0ms+2ms, total 15ms
I/ActivityManager(  484): START u0 {cmp=com.yammer.v1/com.yammer.droid.ui.signup.SignupActivity} from pid 17763
D/com.yammer.droid.ui.DaggerFragment(17763): onAttach
D/com.yammer.droid.ui.DaggerFragment(17763): onCreate
W/EGL_emulation(17763): eglSurfaceAttrib not implemented 3093 12436
W/ViewRootImpl(17763): Dropping event due to no window focus: KeyEvent { action=ACTION_DOWN, keyCode=KEYCODE_ALT_RIGHT, scanCode=0, metaState=0, flags=0x8, repeatCount=0, eventTime=8779028, downTime=8779028, deviceId=-1, source=0x101 }
D/dalvikvm(17763): GC_CONCURRENT freed 819K, 21% free 5961K/7520K, paused 1ms+1ms, total 7ms
W/ViewRootImpl(17763): Dropping event due to no window focus: KeyEvent { action=ACTION_DOWN, keyCode=KEYCODE_DPAD_RIGHT, scanCode=0, metaState=0, flags=0x8, repeatCount=0, eventTime=8779168, downTime=8779168, deviceId=-1, source=0x101 }
I/ActivityManager(  484): Displayed com.yammer.v1/com.yammer.droid.ui.signup.SignupActivity: +1s45ms
W/ContextImpl(  484): Calling a method in the system process without a qualified user: android.app.ContextImpl.sendBroadcast:1123 com.android.server.InputMethodManagerService.hideCurrentInputLocked:1880 com.android.server.InputMethodManagerService.windowGainedFocus:1995 com.android.internal.view.IInputMethodManager$Stub.onTransact:221 com.android.server.InputMethodManagerService.onTransact:818 
V/InputMethodService(  651): onEvaluateInputViewShown: config.hardKeyboardHidden = 1
W/ContextImpl(  484): Calling a method in the system process without a qualified user: android.app.ContextImpl.sendBroadcast:1123 com.android.server.InputMethodManagerService.showCurrentInputLocked:1791 com.android.server.InputMethodManagerService.showSoftInput:1753 com.android.internal.view.IInputMethodManager$Stub.onTransact:175 com.android.server.InputMethodManagerService.onTransact:818 
W/ContextImpl(  484): Calling a method in the system process without a qualified user: android.app.ContextImpl.sendBroadcast:1123 com.android.server.InputMethodManagerService.showCurrentInputLocked:1791 com.android.server.InputMethodManagerService.attachNewInputLocked:1095 com.android.server.InputMethodManagerService.startInputUncheckedLocked:1166 com.android.server.InputMethodManagerService.startInputLocked:1128 
V/InputMethodService(  651): onEvaluateInputViewShown: config.hardKeyboardHidden = 1
V/InputMethodService(  651): onEvaluateInputViewShown: config.hardKeyboardHidden = 1
W/ContextImpl(  484): Calling a method in the system process without a qualified user: android.app.ContextImpl.sendBroadcast:1123 com.android.server.InputMethodManagerService.showCurrentInputLocked:1791 com.android.server.InputMethodManagerService.showSoftInput:1753 com.android.internal.view.IInputMethodManager$Stub.onTransact:175 com.android.server.InputMethodManagerService.onTransact:818 
V/InputMethodService(  651): onEvaluateInputViewShown: config.hardKeyboardHidden = 1
V/InputMethodService(  651): onEvaluateInputViewShown: config.hardKeyboardHidden = 1
W/ContextImpl(  484): Calling a method in the system process without a qualified user: android.app.ContextImpl.sendBroadcast:1123 com.android.server.InputMethodManagerService.showCurrentInputLocked:1791 com.android.server.InputMethodManagerService.attachNewInputLocked:1095 com.android.server.InputMethodManagerService.startInputUncheckedLocked:1166 com.android.server.InputMethodManagerService.startInputLocked:1128 
W/ContextImpl(  484): Calling a method in the system process without a qualified user: android.app.ContextImpl.sendBroadcast:1123 com.android.server.InputMethodManagerService.showCurrentInputLocked:1791 com.android.server.InputMethodManagerService.showSoftInput:1753 com.android.internal.view.IInputMethodManager$Stub.onTransact:175 com.android.server.InputMethodManagerService.onTransact:818 
V/InputMethodService(  651): onEvaluateInputViewShown: config.hardKeyboardHidden = 1
W/ContextImpl(  484): Calling a method in the system process without a qualified user: android.app.ContextImpl.sendBroadcast:1123 com.android.server.InputMethodManagerService.showCurrentInputLocked:1791 com.android.server.InputMethodManagerService.attachNewInputLocked:1095 com.android.server.InputMethodManagerService.startInputUncheckedLocked:1166 com.android.server.InputMethodManagerService.startInputLocked:1128 
V/InputMethodService(  651): onEvaluateInputViewShown: config.hardKeyboardHidden = 1
W/ContextImpl(  484): Calling a method in the system process without a qualified user: android.app.ContextImpl.sendBroadcast:1123 com.android.server.InputMethodManagerService.showCurrentInputLocked:1791 com.android.server.InputMethodManagerService.attachNewInputLocked:1095 com.android.server.InputMethodManagerService.startInputUncheckedLocked:1166 com.android.server.InputMethodManagerService.startInputLocked:1128 
V/InputMethodService(  651): onEvaluateInputViewShown: config.hardKeyboardHidden = 1
W/ContextImpl(  484): Calling a method in the system process without a qualified user: android.app.ContextImpl.sendBroadcast:1123 com.android.server.InputMethodManagerService.showCurrentInputLocked:1791 com.android.server.InputMethodManagerService.showSoftInput:1753 com.android.internal.view.IInputMethodManager$Stub.onTransact:175 com.android.server.InputMethodManagerService.onTransact:818 
I/ActivityManager(  484): START u0 {act=android.intent.action.MAIN cat=[android.intent.category.LAUNCHER] flg=0x10000000 cmp=com.android.browser/.BrowserActivity sel={act=android.intent.action.MAIN cat=[android.intent.category.APP_BROWSER]}} from pid 484
V/InputMethodService(  651): onEvaluateInputViewShown: config.hardKeyboardHidden = 1
V/InputMethodService(  651): onEvaluateInputViewShown: config.hardKeyboardHidden = 1
W/ContextImpl(  484): Calling a method in the system process without a qualified user: android.app.ContextImpl.sendBroadcast:1123 com.android.server.InputMethodManagerService.showCurrentInputLocked:1791 com.android.server.InputMethodManagerService.attachNewInputLocked:1095 com.android.server.InputMethodManagerService.startInputUncheckedLocked:1166 com.android.server.InputMethodManagerService.startInputLocked:1128 
W/ContextImpl(  484): Calling a method in the system process without a qualified user: android.app.ContextImpl.sendBroadcast:1123 com.android.server.InputMethodManagerService.showCurrentInputLocked:1791 com.android.server.InputMethodManagerService.attachNewInputLocked:1095 com.android.server.InputMethodManagerService.startInputUncheckedLocked:1166 com.android.server.InputMethodManagerService.startInputLocked:1128 
V/InputMethodService(  651): onEvaluateInputViewShown: config.hardKeyboardHidden = 1
W/ContextImpl(  484): Calling a method in the system process without a qualified user: android.app.ContextImpl.sendBroadcast:1123 com.android.server.InputMethodManagerService.showCurrentInputLocked:1791 com.android.server.InputMethodManagerService.attachNewInputLocked:1095 com.android.server.InputMethodManagerService.startInputUncheckedLocked:1166 com.android.server.InputMethodManagerService.startInputLocked:1128 
W/EGL_emulation(17763): eglSurfaceAttrib not implemented 3093 12436
W/ContextImpl(  484): Calling a method in the system process without a qualified user: android.app.ContextImpl.sendBroadcast:1123 com.android.server.InputMethodManagerService.hideCurrentInputLocked:1880 com.android.server.InputMethodManagerService.windowGainedFocus:2000 com.android.internal.view.IInputMethodManager$Stub.onTransact:221 com.android.server.InputMethodManagerService.onTransact:818 
I/Choreographer(17763): Skipped 31 frames!  The application may be doing too much work on its main thread.
I/ActivityManager(  484): START u0 {act=android.intent.action.VIEW dat=https://go.microsoft.com/fwlink/?LinkID=825561 cmp=com.android.browser/.BrowserActivity (has extras)} from pid 17763
D/dalvikvm(17763): GC_EXPLICIT freed 472K, 23% free 5806K/7520K, paused 0ms+0ms, total 15ms
I/ActivityManager(  484): START u0 {cmp=com.yammer.v1/com.yammer.droid.ui.login.LoginActivity} from pid 17763
D/com.yammer.droid.ui.DaggerFragment(17763): onAttach
D/com.yammer.droid.ui.DaggerFragment(17763): onCreate
D/dalvikvm(17763): GC_CONCURRENT freed 858K, 21% free 5970K/7520K, paused 3ms+2ms, total 10ms
D/dalvikvm(17763): WAIT_FOR_CONCURRENT_GC blocked 4ms
W/EGL_emulation(17763): eglSurfaceAttrib not implemented 3093 12436
W/ViewRootImpl(17763): Dropping event due to no window focus: KeyEvent { action=ACTION_DOWN, keyCode=KEYCODE_DPAD_UP, scanCode=0, metaState=0, flags=0x8, repeatCount=0, eventTime=8782948, downTime=8782948, deviceId=-1, source=0x101 }
W/ViewRootImpl(17763): Dropping event due to no window focus: KeyEvent { action=ACTION_DOWN, keyCode=KEYCODE_DPAD_LEFT, scanCode=0, metaState=0, flags=0x8, repeatCount=0, eventTime=8783119, downTime=8783119, deviceId=-1, source=0x101 }
W/ContextImpl(  484): Calling a method in the system process without a qualified user: android.app.ContextImpl.sendBroadcast:1123 com.android.server.InputMethodManagerService.hideCurrentInputLocked:1880 com.android.server.InputMethodManagerService.windowGainedFocus:1995 com.android.internal.view.IInputMethodManager$Stub.onTransact:221 com.android.server.InputMethodManagerService.onTransact:818 
I/ActivityManager(  484): Displayed com.yammer.v1/com.yammer.droid.ui.login.LoginActivity: +752ms
W/ViewRootImpl(17763): Dropping event due to no window focus: KeyEvent { action=ACTION_DOWN, keyCode=KEYCODE_MENU, scanCode=0, metaState=0, flags=0x8, repeatCount=0, eventTime=8784381, downTime=8784381, deviceId=-1, source=0x101 }
W/ViewRootImpl(17763): Dropping event due to no window focus: KeyEvent { action=ACTION_DOWN, keyCode=KEYCODE_1, scanCode=0, metaState=0, flags=0x8, repeatCount=0, eventTime=8784392, downTime=8784392, deviceId=-1, source=0x101 }
W/InputMethodManagerService(  484): Window already focused, ignoring focus gain of: com.android.internal.view.IInputMethodClient$Stub$Proxy@4b08b8cc attribute=null, token = android.os.BinderProxy@4adbfbd4
W/ViewRootImpl(17763): Dropping event due to no window focus: KeyEvent { action=ACTION_DOWN, keyCode=KEYCODE_DPAD_LEFT, scanCode=0, metaState=0, flags=0x8, repeatCount=0, eventTime=8784490, downTime=8784490, deviceId=-1, source=0x101 }
D/dalvikvm( 6267): GC_FOR_ALLOC freed 5702K, 55% free 4883K/10668K, paused 1ms, total 1ms
I/dalvikvm-heap( 6267): Grow heap (frag case) to 8.363MB for 3686412-byte allocation
D/dalvikvm( 6267): GC_CONCURRENT freed 7K, 21% free 8476K/10668K, paused 2ms+1ms, total 4ms
W/EGL_emulation(17763): eglSurfaceAttrib not implemented 3093 12436
W/EGL_emulation( 6267): eglSurfaceAttrib not implemented 3093 12436
W/InputEventReceiver(17763): Attempted to finish an input event but the input event receiver has already been disposed.
W/ViewRootImpl(17763): Dropping event due to no window focus: KeyEvent { action=ACTION_DOWN, keyCode=KEYCODE_NUMPAD_RIGHT_PAREN, scanCode=0, metaState=0, flags=0x8, repeatCount=0, eventTime=8785319, downTime=8785319, deviceId=-1, source=0x101 }
W/ViewRootImpl(17763): Dropping event due to no window focus: KeyEvent { action=ACTION_DOWN, keyCode=KEYCODE_DPAD_CENTER, scanCode=0, metaState=0, flags=0x8, repeatCount=0, eventTime=8785325, downTime=8785325, deviceId=-1, source=0x101 }
W/EGL_emulation(17763): eglSurfaceAttrib not implemented 3093 12436
W/InputMethodManagerService(  484): Window already focused, ignoring focus gain of: com.android.internal.view.IInputMethodClient$Stub$Proxy@4b097d28 attribute=android.view.inputmethod.EditorInfo@4b097d30, token = android.os.BinderProxy@4adbfbd4
W/ViewRootImpl(17763): Dropping event due to no window focus: KeyEvent { action=ACTION_DOWN, keyCode=KEYCODE_BUTTON_14, scanCode=0, metaState=0, flags=0x8, repeatCount=0, eventTime=8785799, downTime=8785799, deviceId=-1, source=0x101 }
W/InputMethodManagerService(  484): Window already focused, ignoring focus gain of: com.android.internal.view.IInputMethodClient$Stub$Proxy@4b07d0a0 attribute=android.view.inputmethod.EditorInfo@4a9fa628, token = android.os.BinderProxy@4adbfbd4
W/EGL_emulation(17763): eglSurfaceAttrib not implemented 3093 12436
I/Choreographer(17763): Skipped 34 frames!  The application may be doing too much work on its main thread.
W/ViewRootImpl(17763): Dropping event due to no window focus: KeyEvent { action=ACTION_DOWN, keyCode=KEYCODE_DPAD_UP, scanCode=0, metaState=0, flags=0x8, repeatCount=0, eventTime=8786174, downTime=8786174, deviceId=-1, source=0x101 }
I/Choreographer( 6267): Skipped 31 frames!  The application may be doing too much work on its main thread.
D/dalvikvm( 6267): GC_FOR_ALLOC freed 9K, 21% free 8483K/10668K, paused 1ms, total 1ms
I/dalvikvm-heap( 6267): Grow heap (frag case) to 10.340MB for 2073612-byte allocation
D/dalvikvm( 6267): GC_FOR_ALLOC freed 0K, 2% free 10508K/10668K, paused 1ms, total 1ms
D/dalvikvm( 6267): GC_CONCURRENT freed 1K, 2% free 10547K/10668K, paused 1ms+1ms, total 18ms
D/dalvikvm(  484): GC_FOR_ALLOC freed 2699K, 48% free 19120K/36204K, paused 24ms, total 38ms
W/ContextImpl(  484): Calling a method in the system process without a qualified user: android.app.ContextImpl.sendBroadcast:1123 com.android.server.InputMethodManagerService.hideCurrentInputLocked:1880 com.android.server.InputMethodManagerService.windowGainedFocus:2000 com.android.internal.view.IInputMethodManager$Stub.onTransact:221 com.android.server.InputMethodManagerService.onTransact:818 
D/dalvikvm(  484): GC_CONCURRENT freed 284K, 37% free 22911K/36204K, paused 5ms+3ms, total 35ms
W/ContextImpl(  484): Calling a method in the system process without a qualified user: android.app.ContextImpl.sendBroadcast:1123 com.android.server.NotificationManagerService$6.run:1838 android.os.Handler.handleCallback:733 android.os.Handler.dispatchMessage:95 android.os.Looper.loop:136 
I/iu.UploadsManager( 1295): End new media; added: 1, uploading: 0, time: 166 ms
D/dalvikvm(  484): GC_FOR_ALLOC freed 2357K, 38% free 22734K/36204K, paused 14ms, total 17ms
D/dalvikvm(  484): GC_FOR_ALLOC freed 8K, 32% free 24758K/36204K, paused 30ms, total 31ms
I/dalvikvm-heap(  484): Grow heap (frag case) to 26.241MB for 2073612-byte allocation
D/dalvikvm(  484): GC_FOR_ALLOC freed <1K, 30% free 26783K/38232K, paused 16ms, total 17ms
D/dalvikvm(  536): GC_FOR_ALLOC freed 9014K, 44% free 12285K/21796K, paused 4ms, total 5ms
D/dalvikvm(  484): GC_FOR_ALLOC freed 212K, 30% free 27103K/38232K, paused 43ms, total 43ms
I/dalvikvm-heap(  484): Grow heap (frag case) to 28.532MB for 2073612-byte allocation
D/dalvikvm(  484): GC_FOR_ALLOC freed 2K, 28% free 29126K/40260K, paused 13ms, total 13ms
W/ViewRootImpl(17763): Dropping event due to no window focus: MotionEvent { action=ACTION_MOVE, id[0]=0, x[0]=4.0, y[0]=-5.0, toolType[0]=TOOL_TYPE_UNKNOWN, buttonState=0, metaState=0, flags=0x0, edgeFlags=0x0, pointerCount=1, historySize=6, eventTime=8787245, downTime=-1, deviceId=0, source=0x10004 }
D/FirebaseApp(  689): Notifying background state change listeners.
W/EGL_emulation(  689): eglSurfaceAttrib not implemented 3093 12436
W/ViewRootImpl(  689): Dropping event due to no window focus: MotionEvent { action=ACTION_MOVE, id[0]=0, x[0]=2.0, y[0]=0.0, toolType[0]=TOOL_TYPE_UNKNOWN, buttonState=0, metaState=0, flags=0x0, edgeFlags=0x0, pointerCount=1, historySize=2, eventTime=8787604, downTime=-1, deviceId=0, source=0x10004 }
W/ViewRootImpl(  689): Dropping event due to no window focus: KeyEvent { action=ACTION_DOWN, keyCode=KEYCODE_MENU, scanCode=0, metaState=0, flags=0x8, repeatCount=0, eventTime=8787606, downTime=8787606, deviceId=-1, source=0x101 }
W/ContextImpl(  484): Calling a method in the system process without a qualified user: android.app.ContextImpl.sendBroadcast:1123 com.android.server.InputMethodManagerService.hideCurrentInputLocked:1880 com.android.server.InputMethodManagerService.windowGainedFocus:1968 com.android.internal.view.IInputMethodManager$Stub.onTransact:221 com.android.server.InputMethodManagerService.onTransact:818 
D/dalvikvm(17763): GC_EXPLICIT freed 831K, 19% free 5811K/7168K, paused 0ms+1ms, total 7ms
W/NetworkManagementSocketTagger(  484): setKernelCountSet(10103, 0) failed with errno -13
D/dalvikvm(17763): GC_EXPLICIT freed 143K, 20% free 5764K/7168K, paused 0ms+1ms, total 7ms
W/DebugConnManager(  689): getNetworkInfo() on networkType 1
I/ActivityManager(  484): START u0 {act=android.intent.action.VIEW dat=https://tracking.apptrackerlink.com/ws/action/click?offer_id=894727&bid_id=8rJxqqNnEKupr1K66xzxFn0Y2B8R&imp_id=A592xMRqPyc87JWV1M3nIL8oDxx&p_id=a57d1f0d-3e45-4524-8e9b-4f61b8d09b3a&mac=2C:56:DC:4E:22:14&gaid=32c3adf2-4ef0-4bfa-9817-0931a0a194ab cmp=com.android.browser/.BrowserActivity} from pid 689
W/ContextImpl(  689): Calling a method in the system process without a qualified user: android.app.ContextImpl.bindService:1556 android.content.ContextWrapper.bindService:517 com.google.android.gms.common.stats.zzb.zza:-1 com.google.android.gms.common.stats.zzb.zza:-1 com.google.android.gms.ads.identifier.AdvertisingIdClient.zzh:-1 
I/qtaguid (  689): Untagging socket 148 failed errno=-13
W/NetworkManagementSocketTagger(  689): untagSocket(148) failed with errno -13
I/qtaguid (  689): Tagging socket 148 with tag 49e2824000000000(1239581248) for uid -1 failed errno=-13
I/NetworkManagementSocketTagger(  689): tagSocketFd(148, 1239581248, -1) failed with errno-13
I/qtaguid (  689): Tagging socket 215 with tag 49e2824000000000(1239581248) for uid -1 failed errno=-13
I/NetworkManagementSocketTagger(  689): tagSocketFd(215, 1239581248, -1) failed with errno-13
W/PropertyValuesHolder(  689): Method setBrightness() with type int not found on target class class ph
W/PropertyValuesHolder(  689): Method getBrightness() with type int not found on target class class ph
D/dalvikvm(  689): GC_CONCURRENT freed 5697K, 3% free 208028K/213876K, paused 2ms+17ms, total 112ms
I/ActivityManager(  484): START u0 {act=android.intent.action.MAIN cat=[android.intent.category.LAUNCHER] flg=0x10200000 cmp=com.vphone.helper/.MainActivity bnds=[288,388][429,618] (has extras)} from pid 689
W/ContextImpl(  689): Calling a method in the system process without a qualified user: android.app.ContextImpl.sendBroadcast:1137 android.content.ContextWrapper.sendBroadcast:370 com.vphone.launcher.Stats.recordLaunch:129 com.vphone.launcher.Launcher.c:3192 com.vphone.launcher.Launcher.onClickAppShortcut:3144 
W/PropertyValuesHolder(  689): Method setBrightness() with type int not found on target class class ph
W/PropertyValuesHolder(  689): Method getBrightness() with type int not found on target class class ph
W/WindowManager(  484): updateFocusedWindowLocked, focusedAppToken is null.
W/ViewRootImpl(  536): Dropping event due to no window focus: KeyEvent { action=ACTION_DOWN, keyCode=KEYCODE_DPAD_DOWN, scanCode=0, metaState=0, flags=0x8, repeatCount=0, eventTime=8789804, downTime=8789804, deviceId=-1, source=0x101 }
W/ViewRootImpl(  536): Dropping event due to no window focus: KeyEvent { action=ACTION_DOWN, keyCode=KEYCODE_DPAD_LEFT, scanCode=0, metaState=0, flags=0x8, repeatCount=0, eventTime=8789811, downTime=8789811, deviceId=-1, source=0x101 }
