I/System.out(11089): body:<okhttp3.Headers: java.lang.String toString()>	sig:$r2 = virtualinvoke $r0.<okhttp3.Headers: java.lang.String value(int)>($i0)	timediff:0
I/System.out(11089): body:<okhttp3.Headers: java.lang.String toString()>	sig:$r2 = virtualinvoke $r0.<okhttp3.Headers: java.lang.String name(int)>($i0)	timediff:1
I/System.out(11089): body:<okhttp3.Headers: java.lang.String toString()>	sig:$r2 = virtualinvoke $r0.<okhttp3.Headers: java.lang.String value(int)>($i0)	timediff:0
I/System.out(11089): body:<okhttp3.Headers: java.lang.String toString()>	sig:$r2 = virtualinvoke $r0.<okhttp3.Headers: java.lang.String name(int)>($i0)	timediff:0
I/System.out(11089): body:<okhttp3.Headers: java.lang.String toString()>	sig:$r2 = virtualinvoke $r0.<okhttp3.Headers: java.lang.String value(int)>($i0)	timediff:0
I/System.out(11089): body:<okhttp3.Headers: java.lang.String toString()>	sig:$r2 = virtualinvoke $r0.<okhttp3.Headers: java.lang.String name(int)>($i0)	timediff:0
I/System.out(11089): body:<okhttp3.Headers: java.lang.String toString()>	sig:$r2 = virtualinvoke $r0.<okhttp3.Headers: java.lang.String value(int)>($i0)	timediff:3
I/System.out(11089): body:<empirical.HelperClass: void printOkHttpInfo(java.lang.String,java.lang.String,okhttp3.Request,okhttp3.Response)>	sig:$r48 = virtualinvoke responseHeaders.<okhttp3.Headers: java.lang.String toString()>()	timediff:5
I/System.out(11089): header:Content-Type: text/html
I/System.out(11089): Last-Modified: Fri, 16 Mar 2018 16:14:13 GMT
I/System.out(11089): Accept-Ranges: bytes
I/System.out(11089): ETag: "fba4d341bdd31:0"
I/System.out(11089): Vary: Accept-Encoding
I/System.out(11089): Server: Microsoft-IIS/10.0
I/System.out(11089): Date: Fri, 13 Apr 2018 21:59:53 GMT
I/System.out(11089): Strict-Transport-Security: max-age=157680000
I/System.out(11089): body:<com.dayforce.mobile.service.a$1: okhttp3.Response intercept(okhttp3.Interceptor$Chain)>	sig:$r12 = interfaceinvoke $r1.<okhttp3.Interceptor$Chain: okhttp3.Response proceed(okhttp3.Request)>($r7)	timediff:1416
I/System.out(11089): body:<okhttp3.internal.http.RealInterceptorChain: okhttp3.Response proceed(okhttp3.Request,okhttp3.internal.connection.StreamAllocation,okhttp3.internal.http.HttpStream,okhttp3.Connection)>	sig:$r16 = interfaceinvoke $r15.<okhttp3.Interceptor: okhttp3.Response intercept(okhttp3.Interceptor$Chain)>($r14)	timediff:1437
I/System.out(11089): body:<okhttp3.internal.http.RealInterceptorChain: okhttp3.Response proceed(okhttp3.Request)>	sig:$r5 = virtualinvoke $r0.<okhttp3.internal.http.RealInterceptorChain: okhttp3.Response proceed(okhttp3.Request,okhttp3.internal.connection.StreamAllocation,okhttp3.internal.http.HttpStream,okhttp3.Connection)>($r1, $r2, $r3, $r4)	timediff:1437
I/System.out(11089): body:<empirical.HelperClass: void printOkHttpInfo(java.lang.String,java.lang.String,okhttp3.Request,okhttp3.Response)>	sig:responseHeaders = virtualinvoke resp.<okhttp3.Response: okhttp3.Headers headers()>()	timediff:0
I/System.out(11089): body:<okhttp3.Headers: java.util.List values(java.lang.String)>	sig:$i0 = virtualinvoke $r0.<okhttp3.Headers: int size()>()	timediff:0
I/System.out(11089): body:<okhttp3.Headers: java.util.List values(java.lang.String)>	sig:$r3 = virtualinvoke $r0.<okhttp3.Headers: java.lang.String name(int)>($i1)	timediff:0
I/System.out(11089): body:<okhttp3.Headers: java.util.List values(java.lang.String)>	sig:$r3 = virtualinvoke $r0.<okhttp3.Headers: java.lang.String name(int)>($i1)	timediff:1
I/System.out(11089): body:<okhttp3.Headers: java.util.List values(java.lang.String)>	sig:$r3 = virtualinvoke $r0.<okhttp3.Headers: java.lang.String name(int)>($i1)	timediff:0
I/System.out(11089): body:<okhttp3.Headers: java.util.List values(java.lang.String)>	sig:$r3 = virtualinvoke $r0.<okhttp3.Headers: java.lang.String name(int)>($i1)	timediff:0
I/System.out(11089): body:<okhttp3.Headers: java.util.List values(java.lang.String)>	sig:$r3 = virtualinvoke $r0.<okhttp3.Headers: java.lang.String name(int)>($i1)	timediff:0
I/System.out(11089): body:<okhttp3.Headers: java.util.List values(java.lang.String)>	sig:$r3 = virtualinvoke $r0.<okhttp3.Headers: java.lang.String name(int)>($i1)	timediff:0
I/System.out(11089): body:<okhttp3.Headers: java.util.List values(java.lang.String)>	sig:$r3 = virtualinvoke $r0.<okhttp3.Headers: java.lang.String name(int)>($i1)	timediff:0
I/System.out(11089): body:<okhttp3.Headers: java.util.List values(java.lang.String)>	sig:$r3 = virtualinvoke $r0.<okhttp3.Headers: java.lang.String name(int)>($i1)	timediff:0
I/System.out(11089): body:<empirical.HelperClass: void printOkHttpInfo(java.lang.String,java.lang.String,okhttp3.Request,okhttp3.Response)>	sig:$r0 = virtualinvoke responseHeaders.<okhttp3.Headers: java.util.List values(java.lang.String)>("Content-Length")	timediff:1
I/System.out(11089): body:<okhttp3.Headers: java.util.List values(java.lang.String)>	sig:$i0 = virtualinvoke $r0.<okhttp3.Headers: int size()>()	timediff:0
I/System.out(11089): body:<okhttp3.Headers: java.util.List values(java.lang.String)>	sig:$r3 = virtualinvoke $r0.<okhttp3.Headers: java.lang.String name(int)>($i1)	timediff:0
I/System.out(11089): body:<okhttp3.Headers: java.util.List values(java.lang.String)>	sig:$r3 = virtualinvoke $r0.<okhttp3.Headers: java.lang.String name(int)>($i1)	timediff:0
I/System.out(11089): body:<okhttp3.Headers: java.util.List values(java.lang.String)>	sig:$r3 = virtualinvoke $r0.<okhttp3.Headers: java.lang.String name(int)>($i1)	timediff:0
I/System.out(11089): body:<okhttp3.Headers: java.util.List values(java.lang.String)>	sig:$r3 = virtualinvoke $r0.<okhttp3.Headers: java.lang.String name(int)>($i1)	timediff:0
I/System.out(11089): body:<okhttp3.Headers: java.util.List values(java.lang.String)>	sig:$r3 = virtualinvoke $r0.<okhttp3.Headers: java.lang.String name(int)>($i1)	timediff:0
I/System.out(11089): body:<okhttp3.Headers: java.util.List values(java.lang.String)>	sig:$r3 = virtualinvoke $r0.<okhttp3.Headers: java.lang.String name(int)>($i1)	timediff:0
I/System.out(11089): body:<okhttp3.Headers: java.util.List values(java.lang.String)>	sig:$r3 = virtualinvoke $r0.<okhttp3.Headers: java.lang.String name(int)>($i1)	timediff:0
I/System.out(11089): body:<okhttp3.Headers: java.util.List values(java.lang.String)>	sig:$r3 = virtualinvoke $r0.<okhttp3.Headers: java.lang.String name(int)>($i1)	timediff:0
I/System.out(11089): body:<empirical.HelperClass: void printOkHttpInfo(java.lang.String,java.lang.String,okhttp3.Request,okhttp3.Response)>	sig:$r1 = virtualinvoke responseHeaders.<okhttp3.Headers: java.util.List values(java.lang.String)>("Cache-Control")	timediff:1
I/System.out(11089): body:<okhttp3.Headers: java.util.List values(java.lang.String)>	sig:$i0 = virtualinvoke $r0.<okhttp3.Headers: int size()>()	timediff:0
I/System.out(11089): body:<okhttp3.Headers: java.util.List values(java.lang.String)>	sig:$r3 = virtualinvoke $r0.<okhttp3.Headers: java.lang.String name(int)>($i1)	timediff:0
I/System.out(11089): body:<okhttp3.Headers: java.util.List values(java.lang.String)>	sig:$r3 = virtualinvoke $r0.<okhttp3.Headers: java.lang.String name(int)>($i1)	timediff:0
I/System.out(11089): body:<okhttp3.Headers: java.util.List values(java.lang.String)>	sig:$r3 = virtualinvoke $r0.<okhttp3.Headers: java.lang.String name(int)>($i1)	timediff:0
I/System.out(11089): body:<okhttp3.Headers: java.util.List values(java.lang.String)>	sig:$r3 = virtualinvoke $r0.<okhttp3.Headers: java.lang.String name(int)>($i1)	timediff:0
I/System.out(11089): body:<okhttp3.Headers: java.util.List values(java.lang.String)>	sig:$r3 = virtualinvoke $r0.<okhttp3.Headers: java.lang.String name(int)>($i1)	timediff:0
I/System.out(11089): body:<okhttp3.Headers: java.util.List values(java.lang.String)>	sig:$r3 = virtualinvoke $r0.<okhttp3.Headers: java.lang.String name(int)>($i1)	timediff:0
I/System.out(11089): body:<okhttp3.Headers: java.util.List values(java.lang.String)>	sig:$r3 = virtualinvoke $r0.<okhttp3.Headers: java.lang.String name(int)>($i1)	timediff:0
I/System.out(11089): body:<okhttp3.Headers: java.util.List values(java.lang.String)>	sig:$r3 = virtualinvoke $r0.<okhttp3.Headers: java.lang.String name(int)>($i1)	timediff:0
I/System.out(11089): body:<empirical.HelperClass: void printOkHttpInfo(java.lang.String,java.lang.String,okhttp3.Request,okhttp3.Response)>	sig:$r2 = virtualinvoke responseHeaders.<okhttp3.Headers: java.util.List values(java.lang.String)>("Expires")	timediff:1
I/System.out(11089): body:<okhttp3.Headers: java.util.List values(java.lang.String)>	sig:$i0 = virtualinvoke $r0.<okhttp3.Headers: int size()>()	timediff:0
I/System.out(11089): body:<okhttp3.Headers: java.util.List values(java.lang.String)>	sig:$r3 = virtualinvoke $r0.<okhttp3.Headers: java.lang.String name(int)>($i1)	timediff:0
I/System.out(11089): body:<okhttp3.Headers: java.util.List values(java.lang.String)>	sig:$r3 = virtualinvoke $r0.<okhttp3.Headers: java.lang.String name(int)>($i1)	timediff:0
I/System.out(11089): body:<okhttp3.Headers: java.util.List values(java.lang.String)>	sig:$r3 = virtualinvoke $r0.<okhttp3.Headers: java.lang.String name(int)>($i1)	timediff:0
I/System.out(11089): body:<okhttp3.Headers: java.util.List values(java.lang.String)>	sig:$r3 = virtualinvoke $r0.<okhttp3.Headers: java.lang.String name(int)>($i1)	timediff:0
I/System.out(11089): body:<okhttp3.Headers: java.util.List values(java.lang.String)>	sig:$r3 = virtualinvoke $r0.<okhttp3.Headers: java.lang.String name(int)>($i1)	timediff:0
I/System.out(11089): body:<okhttp3.Headers: java.util.List values(java.lang.String)>	sig:$r3 = virtualinvoke $r0.<okhttp3.Headers: java.lang.String name(int)>($i1)	timediff:0
I/System.out(11089): body:<okhttp3.Headers: java.util.List values(java.lang.String)>	sig:$r3 = virtualinvoke $r0.<okhttp3.Headers: java.lang.String name(int)>($i1)	timediff:0
I/System.out(11089): body:<okhttp3.Headers: java.util.List values(java.lang.String)>	sig:$r3 = virtualinvoke $r0.<okhttp3.Headers: java.lang.String name(int)>($i1)	timediff:0
I/System.out(11089): body:<empirical.HelperClass: void printOkHttpInfo(java.lang.String,java.lang.String,okhttp3.Request,okhttp3.Response)>	sig:$r3 = virtualinvoke responseHeaders.<okhttp3.Headers: java.util.List values(java.lang.String)>("Age")	timediff:1
I/System.out(11089): body:<okhttp3.Headers: java.util.List values(java.lang.String)>	sig:$i0 = virtualinvoke $r0.<okhttp3.Headers: int size()>()	timediff:0
I/System.out(11089): body:<okhttp3.Headers: java.util.List values(java.lang.String)>	sig:$r3 = virtualinvoke $r0.<okhttp3.Headers: java.lang.String name(int)>($i1)	timediff:0
I/System.out(11089): body:<okhttp3.Headers: java.util.List values(java.lang.String)>	sig:$r3 = virtualinvoke $r0.<okhttp3.Headers: java.lang.String name(int)>($i1)	timediff:0
I/System.out(11089): body:<okhttp3.Headers: java.util.List values(java.lang.String)>	sig:$r3 = virtualinvoke $r0.<okhttp3.Headers: java.lang.String name(int)>($i1)	timediff:0
I/System.out(11089): body:<okhttp3.Headers: java.util.List values(java.lang.String)>	sig:$r3 = virtualinvoke $r0.<okhttp3.Headers: java.lang.String name(int)>($i1)	timediff:0
I/System.out(11089): body:<okhttp3.Headers: java.util.List values(java.lang.String)>	sig:$r3 = virtualinvoke $r0.<okhttp3.Headers: java.lang.String name(int)>($i1)	timediff:0
I/System.out(11089): body:<okhttp3.Headers: java.util.List values(java.lang.String)>	sig:$r3 = virtualinvoke $r0.<okhttp3.Headers: java.lang.String name(int)>($i1)	timediff:0
I/System.out(11089): body:<okhttp3.Headers: java.util.List values(java.lang.String)>	sig:$r3 = virtualinvoke $r0.<okhttp3.Headers: java.lang.String name(int)>($i1)	timediff:0
I/System.out(11089): body:<okhttp3.Headers: java.util.List values(java.lang.String)>	sig:$r3 = virtualinvoke $r0.<okhttp3.Headers: java.lang.String name(int)>($i1)	timediff:0
I/System.out(11089): body:<empirical.HelperClass: void printOkHttpInfo(java.lang.String,java.lang.String,okhttp3.Request,okhttp3.Response)>	sig:$r4 = virtualinvoke responseHeaders.<okhttp3.Headers: java.util.List values(java.lang.String)>("Set-Cookie")	timediff:0
I/System.out(11089): body:<empirical.HelperClass: void printOkHttpInfo(java.lang.String,java.lang.String,okhttp3.Request,okhttp3.Response)>	sig:$r13 = virtualinvoke req.<okhttp3.Request: okhttp3.HttpUrl url()>()	timediff:0
I/System.out(11089): body:<empirical.HelperClass: void printOkHttpInfo(java.lang.String,java.lang.String,okhttp3.Request,okhttp3.Response)>	sig:$r14 = virtualinvoke $r13.<okhttp3.HttpUrl: java.lang.String toString()>()	timediff:0
I/System.out(11089): body:<empirical.HelperClass: void printOkHttpInfo(java.lang.String,java.lang.String,okhttp3.Request,okhttp3.Response)>	sig:$r17 = virtualinvoke req.<okhttp3.Request: java.lang.String method()>()	timediff:0
I/System.out(11089): OkHttpP;%;5;%;<okhttp3.RealCall: okhttp3.Response getResponseWithInterceptorChain()>;%;$r13 = interfaceinvoke $r12.<okhttp3.Interceptor$Chain: okhttp3.Response proceed(okhttp3.Request)>($r3);%;https://dfonlinehelp.dayforcehcm.com/Global/Legal/English%2FPrivacyPolicy.html;%;GET;%;[];%;[];%;[];%;[];%;[];%;
I/System.out(11089): body:<okhttp3.Headers: java.lang.String toString()>	sig:$i1 = virtualinvoke $r0.<okhttp3.Headers: int size()>()	timediff:0
I/System.out(11089): body:<okhttp3.Headers: java.lang.String toString()>	sig:$r2 = virtualinvoke $r0.<okhttp3.Headers: java.lang.String name(int)>($i0)	timediff:0
I/System.out(11089): body:<okhttp3.Headers: java.lang.String toString()>	sig:$r2 = virtualinvoke $r0.<okhttp3.Headers: java.lang.String value(int)>($i0)	timediff:0
I/System.out(11089): body:<okhttp3.Headers: java.lang.String toString()>	sig:$r2 = virtualinvoke $r0.<okhttp3.Headers: java.lang.String name(int)>($i0)	timediff:0
I/System.out(11089): body:<okhttp3.Headers: java.lang.String toString()>	sig:$r2 = virtualinvoke $r0.<okhttp3.Headers: java.lang.String value(int)>($i0)	timediff:0
I/System.out(11089): body:<okhttp3.Headers: java.lang.String toString()>	sig:$r2 = virtualinvoke $r0.<okhttp3.Headers: java.lang.String name(int)>($i0)	timediff:0
I/System.out(11089): body:<okhttp3.Headers: java.lang.String toString()>	sig:$r2 = virtualinvoke $r0.<okhttp3.Headers: java.lang.String value(int)>($i0)	timediff:0
I/System.out(11089): body:<okhttp3.Headers: java.lang.String toString()>	sig:$r2 = virtualinvoke $r0.<okhttp3.Headers: java.lang.String name(int)>($i0)	timediff:0
I/System.out(11089): body:<okhttp3.Headers: java.lang.String toString()>	sig:$r2 = virtualinvoke $r0.<okhttp3.Headers: java.lang.String value(int)>($i0)	timediff:0
I/System.out(11089): body:<okhttp3.Headers: java.lang.String toString()>	sig:$r2 = virtualinvoke $r0.<okhttp3.Headers: java.lang.String name(int)>($i0)	timediff:0
I/System.out(11089): body:<okhttp3.Headers: java.lang.String toString()>	sig:$r2 = virtualinvoke $r0.<okhttp3.Headers: java.lang.String value(int)>($i0)	timediff:0
I/System.out(11089): body:<okhttp3.Headers: java.lang.String toString()>	sig:$r2 = virtualinvoke $r0.<okhttp3.Headers: java.lang.String name(int)>($i0)	timediff:0
I/System.out(11089): body:<okhttp3.Headers: java.lang.String toString()>	sig:$r2 = virtualinvoke $r0.<okhttp3.Headers: java.lang.String value(int)>($i0)	timediff:1
I/System.out(11089): body:<okhttp3.Headers: java.lang.String toString()>	sig:$r2 = virtualinvoke $r0.<okhttp3.Headers: java.lang.String name(int)>($i0)	timediff:0
I/System.out(11089): body:<okhttp3.Headers: java.lang.String toString()>	sig:$r2 = virtualinvoke $r0.<okhttp3.Headers: java.lang.String value(int)>($i0)	timediff:0
I/System.out(11089): body:<okhttp3.Headers: java.lang.String toString()>	sig:$r2 = virtualinvoke $r0.<okhttp3.Headers: java.lang.String name(int)>($i0)	timediff:0
I/System.out(11089): body:<okhttp3.Headers: java.lang.String toString()>	sig:$r2 = virtualinvoke $r0.<okhttp3.Headers: java.lang.String value(int)>($i0)	timediff:0
I/System.out(11089): body:<empirical.HelperClass: void printOkHttpInfo(java.lang.String,java.lang.String,okhttp3.Request,okhttp3.Response)>	sig:$r48 = virtualinvoke responseHeaders.<okhttp3.Headers: java.lang.String toString()>()	timediff:3
I/System.out(11089): header:Content-Type: text/html
I/System.out(11089): Last-Modified: Fri, 16 Mar 2018 16:14:13 GMT
I/System.out(11089): Accept-Ranges: bytes
I/System.out(11089): ETag: "fba4d341bdd31:0"
I/System.out(11089): Vary: Accept-Encoding
I/System.out(11089): Server: Microsoft-IIS/10.0
I/System.out(11089): Date: Fri, 13 Apr 2018 21:59:53 GMT
I/System.out(11089): Strict-Transport-Security: max-age=157680000
I/System.out(11089): body:<okhttp3.RealCall: okhttp3.Response getResponseWithInterceptorChain()>	sig:$r13 = interfaceinvoke $r12.<okhttp3.Interceptor$Chain: okhttp3.Response proceed(okhttp3.Request)>($r3)	timediff:1445
I/System.out(11089): body:<okhttp3.RealCall: okhttp3.Response access$100(okhttp3.RealCall)>	sig:$r1 = specialinvoke $r0.<okhttp3.RealCall: okhttp3.Response getResponseWithInterceptorChain()>()	timediff:1465
I/System.out(11089): body:<okhttp3.RealCall$AsyncCall: void execute()>	sig:$r2 = staticinvoke <okhttp3.RealCall: okhttp3.Response access$100(okhttp3.RealCall)>($r1)	timediff:1465
I/System.out(11089): body:<okhttp3.RealCall$AsyncCall: void execute()>	sig:$r3 = staticinvoke <okhttp3.RealCall: okhttp3.internal.http.RetryAndFollowUpInterceptor access$200(okhttp3.RealCall)>($r1)	timediff:0
I/System.out(11089): body:<okhttp3.RealCall$AsyncCall: void execute()>	sig:$z1 = virtualinvoke $r3.<okhttp3.internal.http.RetryAndFollowUpInterceptor: boolean isCanceled()>()	timediff:0
W/WindowManager(  464): updateFocusedWindowLocked, focusedAppToken is null.
I/System.out(11089): body:<retrofit2.q: retrofit2.ao a(okhttp3.Response)>	sig:$r3 = virtualinvoke $r1.<okhttp3.Response: okhttp3.ResponseBody body()>()	timediff:0
I/System.out(11089): body:<okhttp3.Response$Builder: void <init>(okhttp3.Response)>	sig:$r2 = staticinvoke <okhttp3.Response: okhttp3.Request access$1300(okhttp3.Response)>($r1)	timediff:0
I/System.out(11089): body:<okhttp3.Response$Builder: void <init>(okhttp3.Response)>	sig:$r3 = staticinvoke <okhttp3.Response: okhttp3.Protocol access$1400(okhttp3.Response)>($r1)	timediff:0
I/System.out(11089): body:<okhttp3.Response$Builder: void <init>(okhttp3.Response)>	sig:$i0 = staticinvoke <okhttp3.Response: int access$1500(okhttp3.Response)>($r1)	timediff:0
I/System.out(11089): body:<okhttp3.Response$Builder: void <init>(okhttp3.Response)>	sig:$r4 = staticinvoke <okhttp3.Response: java.lang.String access$1600(okhttp3.Response)>($r1)	timediff:0
I/System.out(11089): body:<okhttp3.Response$Builder: void <init>(okhttp3.Response)>	sig:$r5 = staticinvoke <okhttp3.Response: okhttp3.Handshake access$1700(okhttp3.Response)>($r1)	timediff:0
I/System.out(11089): body:<okhttp3.Response$Builder: void <init>(okhttp3.Response)>	sig:$r6 = staticinvoke <okhttp3.Response: okhttp3.Headers access$1800(okhttp3.Response)>($r1)	timediff:0
I/System.out(11089): body:<okhttp3.Headers: okhttp3.Headers$Builder newBuilder()>	sig:specialinvoke $r1.<okhttp3.Headers$Builder: void <init>()>()	timediff:0
I/System.out(11089): body:<okhttp3.Headers: okhttp3.Headers$Builder newBuilder()>	sig:$r3 = staticinvoke <okhttp3.Headers$Builder: java.util.List access$000(okhttp3.Headers$Builder)>($r1)	timediff:0
I/System.out(11089): body:<okhttp3.Response$Builder: void <init>(okhttp3.Response)>	sig:$r7 = virtualinvoke $r6.<okhttp3.Headers: okhttp3.Headers$Builder newBuilder()>()	timediff:0
I/System.out(11089): body:<okhttp3.Response$Builder: void <init>(okhttp3.Response)>	sig:$r8 = staticinvoke <okhttp3.Response: okhttp3.ResponseBody access$1900(okhttp3.Response)>($r1)	timediff:1
I/System.out(11089): body:<okhttp3.Response$Builder: void <init>(okhttp3.Response)>	sig:$r9 = staticinvoke <okhttp3.Response: okhttp3.Response access$2000(okhttp3.Response)>($r1)	timediff:0
I/System.out(11089): body:<okhttp3.Response$Builder: void <init>(okhttp3.Response)>	sig:$r9 = staticinvoke <okhttp3.Response: okhttp3.Response access$2100(okhttp3.Response)>($r1)	timediff:0
I/System.out(11089): body:<okhttp3.Response$Builder: void <init>(okhttp3.Response)>	sig:$r9 = staticinvoke <okhttp3.Response: okhttp3.Response access$2200(okhttp3.Response)>($r1)	timediff:0
I/System.out(11089): body:<okhttp3.Response$Builder: void <init>(okhttp3.Response)>	sig:$l1 = staticinvoke <okhttp3.Response: long access$2300(okhttp3.Response)>($r1)	timediff:0
I/System.out(11089): body:<okhttp3.Response$Builder: void <init>(okhttp3.Response)>	sig:$l1 = staticinvoke <okhttp3.Response: long access$2400(okhttp3.Response)>($r1)	timediff:0
I/System.out(11089): body:<okhttp3.Response$Builder: void <init>(okhttp3.Response,okhttp3.Response$1)>	sig:specialinvoke $r0.<okhttp3.Response$Builder: void <init>(okhttp3.Response)>($r1)	timediff:3
I/System.out(11089): body:<okhttp3.Response: okhttp3.Response$Builder newBuilder()>	sig:specialinvoke $r1.<okhttp3.Response$Builder: void <init>(okhttp3.Response,okhttp3.Response$1)>($r0, null)	timediff:3
I/System.out(11089): body:<retrofit2.q: retrofit2.ao a(okhttp3.Response)>	sig:$r4 = virtualinvoke $r1.<okhttp3.Response: okhttp3.Response$Builder newBuilder()>()	timediff:3
I/System.out(11089): body:<okhttp3.Headers: java.lang.String get(java.lang.String)>	sig:$r1 = staticinvoke <okhttp3.Headers: java.lang.String get(java.lang.String[],java.lang.String)>($r2, $r1)	timediff:0
I/System.out(11089): body:<okhttp3.internal.http.RealResponseBody: okhttp3.MediaType contentType()>	sig:$r2 = virtualinvoke $r1.<okhttp3.Headers: java.lang.String get(java.lang.String)>("Content-Type")	timediff:1
I/System.out(11089): body:<okhttp3.MediaType: okhttp3.MediaType parse(java.lang.String)>	sig:specialinvoke $r11.<okhttp3.MediaType: void <init>(java.lang.String,java.lang.String,java.lang.String,java.lang.String)>($r0, $r4, $r5, $r7)	timediff:0
I/System.out(11089): body:<okhttp3.internal.http.RealResponseBody: okhttp3.MediaType contentType()>	sig:$r3 = staticinvoke <okhttp3.MediaType: okhttp3.MediaType parse(java.lang.String)>($r2)	timediff:0
I/System.out(11089): body:<retrofit2.q: retrofit2.ao a(okhttp3.Response)>	sig:$r5 = virtualinvoke $r3.<okhttp3.ResponseBody: okhttp3.MediaType contentType()>()	timediff:1
I/System.out(11089): body:<okhttp3.Headers: java.lang.String get(java.lang.String)>	sig:$r1 = staticinvoke <okhttp3.Headers: java.lang.String get(java.lang.String[],java.lang.String)>($r2, $r1)	timediff:0
I/System.out(11089): body:<okhttp3.internal.http.HttpHeaders: long contentLength(okhttp3.Headers)>	sig:$r1 = virtualinvoke $r0.<okhttp3.Headers: java.lang.String get(java.lang.String)>("Content-Length")	timediff:0
I/System.out(11089): body:<okhttp3.internal.http.HttpHeaders: long contentLength(okhttp3.Headers)>	sig:$l0 = staticinvoke <okhttp3.internal.http.HttpHeaders: long stringToLong(java.lang.String)>($r1)	timediff:0
I/System.out(11089): body:<okhttp3.internal.http.RealResponseBody: long contentLength()>	sig:$l0 = staticinvoke <okhttp3.internal.http.HttpHeaders: long contentLength(okhttp3.Headers)>($r1)	timediff:0
I/System.out(11089): body:<retrofit2.q: retrofit2.ao a(okhttp3.Response)>	sig:$l0 = virtualinvoke $r3.<okhttp3.ResponseBody: long contentLength()>()	timediff:0
I/System.out(11089): body:<retrofit2.s: void <init>(okhttp3.MediaType,long)>	sig:specialinvoke $r0.<okhttp3.ResponseBody: void <init>()>()	timediff:0
I/System.out(11089): body:<retrofit2.q: retrofit2.ao a(okhttp3.Response)>	sig:$r4 = virtualinvoke $r4.<okhttp3.Response$Builder: okhttp3.Response$Builder body(okhttp3.ResponseBody)>($r2)	timediff:0
I/System.out(11089): body:<okhttp3.Response: void <init>(okhttp3.Response$Builder)>	sig:$r2 = staticinvoke <okhttp3.Response$Builder: okhttp3.Request access$000(okhttp3.Response$Builder)>($r1)	timediff:0
I/System.out(11089): body:<okhttp3.Response: void <init>(okhttp3.Response$Builder)>	sig:$r3 = staticinvoke <okhttp3.Response$Builder: okhttp3.Protocol access$100(okhttp3.Response$Builder)>($r1)	timediff:0
I/System.out(11089): body:<okhttp3.Response: void <init>(okhttp3.Response$Builder)>	sig:$i0 = staticinvoke <okhttp3.Response$Builder: int access$200(okhttp3.Response$Builder)>($r1)	timediff:0
I/System.out(11089): body:<okhttp3.Response: void <init>(okhttp3.Response$Builder)>	sig:$r4 = staticinvoke <okhttp3.Response$Builder: java.lang.String access$300(okhttp3.Response$Builder)>($r1)	timediff:0
I/System.out(11089): body:<okhttp3.Response: void <init>(okhttp3.Response$Builder)>	sig:$r5 = staticinvoke <okhttp3.Response$Builder: okhttp3.Handshake access$400(okhttp3.Response$Builder)>($r1)	timediff:0
I/System.out(11089): body:<okhttp3.Response: void <init>(okhttp3.Response$Builder)>	sig:$r6 = staticinvoke <okhttp3.Response$Builder: okhttp3.Headers$Builder access$500(okhttp3.Response$Builder)>($r1)	timediff:0
I/System.out(11089): body:<okhttp3.Headers: void <init>(okhttp3.Headers$Builder)>	sig:$r2 = staticinvoke <okhttp3.Headers$Builder: java.util.List access$000(okhttp3.Headers$Builder)>($r1)	timediff:0
I/System.out(11089): body:<okhttp3.Headers: void <init>(okhttp3.Headers$Builder)>	sig:$r3 = staticinvoke <okhttp3.Headers$Builder: java.util.List access$000(okhttp3.Headers$Builder)>($r1)	timediff:0
I/System.out(11089): body:<okhttp3.Headers: void <init>(okhttp3.Headers$Builder,okhttp3.Headers$1)>	sig:specialinvoke $r0.<okhttp3.Headers: void <init>(okhttp3.Headers$Builder)>($r1)	timediff:0
I/System.out(11089): body:<okhttp3.Headers$Builder: okhttp3.Headers build()>	sig:specialinvoke $r1.<okhttp3.Headers: void <init>(okhttp3.Headers$Builder,okhttp3.Headers$1)>($r0, null)	timediff:0
I/System.out(11089): body:<okhttp3.Response: void <init>(okhttp3.Response$Builder)>	sig:$r7 = virtualinvoke $r6.<okhttp3.Headers$Builder: okhttp3.Headers build()>()	timediff:0
I/System.out(11089): body:<okhttp3.Response: void <init>(okhttp3.Response$Builder)>	sig:$r8 = staticinvoke <okhttp3.Response$Builder: okhttp3.ResponseBody access$600(okhttp3.Response$Builder)>($r1)	timediff:0
I/System.out(11089): body:<okhttp3.Response: void <init>(okhttp3.Response$Builder)>	sig:$r9 = staticinvoke <okhttp3.Response$Builder: okhttp3.Response access$700(okhttp3.Response$Builder)>($r1)	timediff:0
I/System.out(11089): body:<okhttp3.Response: void <init>(okhttp3.Response$Builder)>	sig:$r9 = staticinvoke <okhttp3.Response$Builder: okhttp3.Response access$800(okhttp3.Response$Builder)>($r1)	timediff:0
I/System.out(11089): body:<okhttp3.Response: void <init>(okhttp3.Response$Builder)>	sig:$r9 = staticinvoke <okhttp3.Response$Builder: okhttp3.Response access$900(okhttp3.Response$Builder)>($r1)	timediff:0
I/System.out(11089): body:<okhttp3.Response: void <init>(okhttp3.Response$Builder)>	sig:$l1 = staticinvoke <okhttp3.Response$Builder: long access$1000(okhttp3.Response$Builder)>($r1)	timediff:0
I/System.out(11089): body:<okhttp3.Response: void <init>(okhttp3.Response$Builder)>	sig:$l1 = staticinvoke <okhttp3.Response$Builder: long access$1100(okhttp3.Response$Builder)>($r1)	timediff:0
I/System.out(11089): body:<okhttp3.Response: void <init>(okhttp3.Response$Builder,okhttp3.Response$1)>	sig:specialinvoke $r0.<okhttp3.Response: void <init>(okhttp3.Response$Builder)>($r1)	timediff:1
I/System.out(11089): body:<okhttp3.Response$Builder: okhttp3.Response build()>	sig:specialinvoke $r6.<okhttp3.Response: void <init>(okhttp3.Response$Builder,okhttp3.Response$1)>($r0, null)	timediff:3
I/System.out(11089): body:<retrofit2.q: retrofit2.ao a(okhttp3.Response)>	sig:$r1 = virtualinvoke $r4.<okhttp3.Response$Builder: okhttp3.Response build()>()	timediff:3
I/System.out(11089): body:<retrofit2.q: retrofit2.ao a(okhttp3.Response)>	sig:$i1 = virtualinvoke $r1.<okhttp3.Response: int code()>()	timediff:0
I/System.out(11089): body:<retrofit2.r: void <init>(okhttp3.ResponseBody)>	sig:specialinvoke $r0.<okhttp3.ResponseBody: void <init>()>()	timediff:0
I/System.out(11089): body:<retrofit2.r: okio.f source()>	sig:$r3 = virtualinvoke $r2.<okhttp3.ResponseBody: okio.f source()>()	timediff:0
I/System.out(11089): body:<retrofit2.at: okhttp3.ResponseBody a(okhttp3.ResponseBody)>	sig:$r2 = virtualinvoke $r0.<okhttp3.ResponseBody: okio.f source()>()	timediff:0
I/System.out(11089): body:<okhttp3.internal.http.Http1xStream$FixedLengthSource: long read(okio.d,long)>	sig:$r7 = staticinvoke <okhttp3.internal.http.Http1xStream: okio.f access$600(okhttp3.internal.http.Http1xStream)>($r6)	timediff:0
I/System.out(11089): body:<okhttp3.internal.http.Http1xStream$AbstractSource: void endOfInput(boolean)>	sig:$i0 = staticinvoke <okhttp3.internal.http.Http1xStream: int access$500(okhttp3.internal.http.Http1xStream)>($r1)	timediff:0
I/System.out(11089): body:<okhttp3.internal.http.Http1xStream$AbstractSource: void endOfInput(boolean)>	sig:$i0 = staticinvoke <okhttp3.internal.http.Http1xStream: int access$500(okhttp3.internal.http.Http1xStream)>($r1)	timediff:0
I/System.out(11089): body:<okhttp3.internal.http.Http1xStream: void access$400(okhttp3.internal.http.Http1xStream,okio.j)>	sig:specialinvoke $r0.<okhttp3.internal.http.Http1xStream: void detachTimeout(okio.j)>($r1)	timediff:0
I/System.out(11089): body:<okhttp3.internal.http.Http1xStream$AbstractSource: void endOfInput(boolean)>	sig:staticinvoke <okhttp3.internal.http.Http1xStream: void access$400(okhttp3.internal.http.Http1xStream,okio.j)>($r1, $r5)	timediff:0
I/System.out(11089): body:<okhttp3.internal.http.Http1xStream$AbstractSource: void endOfInput(boolean)>	sig:staticinvoke <okhttp3.internal.http.Http1xStream: int access$502(okhttp3.internal.http.Http1xStream,int)>($r1, 6)	timediff:0
I/System.out(11089): body:<okhttp3.internal.http.Http1xStream$AbstractSource: void endOfInput(boolean)>	sig:$r6 = staticinvoke <okhttp3.internal.http.Http1xStream: okhttp3.internal.connection.StreamAllocation access$700(okhttp3.internal.http.Http1xStream)>($r1)	timediff:0
I/System.out(11089): body:<okhttp3.internal.http.Http1xStream$AbstractSource: void endOfInput(boolean)>	sig:$r6 = staticinvoke <okhttp3.internal.http.Http1xStream: okhttp3.internal.connection.StreamAllocation access$700(okhttp3.internal.http.Http1xStream)>($r1)	timediff:0
I/System.out(11089): body:<okhttp3.internal.connection.StreamAllocation: void deallocate(boolean,boolean,boolean)>	sig:specialinvoke $r0.<okhttp3.internal.connection.StreamAllocation: void release(okhttp3.internal.connection.RealConnection)>($r3)	timediff:0
I/System.out(11089): body:<okhttp3.OkHttpClient$1: boolean connectionBecameIdle(okhttp3.ConnectionPool,okhttp3.internal.connection.RealConnection)>	sig:$z0 = virtualinvoke $r1.<okhttp3.ConnectionPool: boolean connectionBecameIdle(okhttp3.internal.connection.RealConnection)>($r2)	timediff:0
I/System.out(11089): body:<okhttp3.internal.connection.StreamAllocation: void deallocate(boolean,boolean,boolean)>	sig:$z2 = virtualinvoke $r6.<okhttp3.internal.Internal: boolean connectionBecameIdle(okhttp3.ConnectionPool,okhttp3.internal.connection.RealConnection)>($r7, $r3)	timediff:0
I/System.out(11089): body:<okhttp3.ConnectionPool: long cleanup(long)>	sig:$i5 = specialinvoke $r0.<okhttp3.ConnectionPool: int pruneAndGetAllocationCount(okhttp3.internal.connection.RealConnection,long)>($r5, $l0)	timediff:0
I/System.out(11089): body:<okhttp3.ConnectionPool$1: void run()>	sig:$l1 = virtualinvoke $r1.<okhttp3.ConnectionPool: long cleanup(long)>($l0)	timediff:0
I/System.out(11089): body:<okhttp3.internal.connection.StreamAllocation: void streamFinished(boolean,okhttp3.internal.http.HttpStream)>	sig:specialinvoke $r0.<okhttp3.internal.connection.StreamAllocation: void deallocate(boolean,boolean,boolean)>($z0, 0, 1)	timediff:1
I/System.out(11089): body:<okhttp3.internal.http.Http1xStream$AbstractSource: void endOfInput(boolean)>	sig:virtualinvoke $r6.<okhttp3.internal.connection.StreamAllocation: void streamFinished(boolean,okhttp3.internal.http.HttpStream)>($z0, $r1)	timediff:1
I/System.out(11089): body:<okhttp3.internal.http.Http1xStream$FixedLengthSource: long read(okio.d,long)>	sig:virtualinvoke $r0.<okhttp3.internal.http.Http1xStream$FixedLengthSource: void endOfInput(boolean)>(1)	timediff:2
I/System.out(11089): body:<okhttp3.Headers: java.lang.String get(java.lang.String)>	sig:$r1 = staticinvoke <okhttp3.Headers: java.lang.String get(java.lang.String[],java.lang.String)>($r2, $r1)	timediff:0
I/System.out(11089): body:<okhttp3.internal.http.RealResponseBody: okhttp3.MediaType contentType()>	sig:$r2 = virtualinvoke $r1.<okhttp3.Headers: java.lang.String get(java.lang.String)>("Content-Type")	timediff:0
I/System.out(11089): body:<okhttp3.MediaType: okhttp3.MediaType parse(java.lang.String)>	sig:specialinvoke $r11.<okhttp3.MediaType: void <init>(java.lang.String,java.lang.String,java.lang.String,java.lang.String)>($r0, $r4, $r5, $r7)	timediff:0
I/System.out(11089): body:<okhttp3.internal.http.RealResponseBody: okhttp3.MediaType contentType()>	sig:$r3 = staticinvoke <okhttp3.MediaType: okhttp3.MediaType parse(java.lang.String)>($r2)	timediff:1
I/System.out(11089): body:<retrofit2.r: okhttp3.MediaType contentType()>	sig:$r2 = virtualinvoke $r1.<okhttp3.ResponseBody: okhttp3.MediaType contentType()>()	timediff:1
I/System.out(11089): body:<retrofit2.at: okhttp3.ResponseBody a(okhttp3.ResponseBody)>	sig:$r3 = virtualinvoke $r0.<okhttp3.ResponseBody: okhttp3.MediaType contentType()>()	timediff:1
I/System.out(11089): body:<okhttp3.Headers: java.lang.String get(java.lang.String)>	sig:$r1 = staticinvoke <okhttp3.Headers: java.lang.String get(java.lang.String[],java.lang.String)>($r2, $r1)	timediff:0
I/System.out(11089): body:<okhttp3.internal.http.HttpHeaders: long contentLength(okhttp3.Headers)>	sig:$r1 = virtualinvoke $r0.<okhttp3.Headers: java.lang.String get(java.lang.String)>("Content-Length")	timediff:0
I/System.out(11089): body:<okhttp3.internal.http.HttpHeaders: long contentLength(okhttp3.Headers)>	sig:$l0 = staticinvoke <okhttp3.internal.http.HttpHeaders: long stringToLong(java.lang.String)>($r1)	timediff:0
I/System.out(11089): body:<okhttp3.internal.http.RealResponseBody: long contentLength()>	sig:$l0 = staticinvoke <okhttp3.internal.http.HttpHeaders: long contentLength(okhttp3.Headers)>($r1)	timediff:0
I/System.out(11089): body:<retrofit2.r: long contentLength()>	sig:$l0 = virtualinvoke $r1.<okhttp3.ResponseBody: long contentLength()>()	timediff:0
I/System.out(11089): body:<retrofit2.at: okhttp3.ResponseBody a(okhttp3.ResponseBody)>	sig:$l0 = virtualinvoke $r0.<okhttp3.ResponseBody: long contentLength()>()	timediff:0
W/ViewRootImpl(  532): Dropping event due to no window focus: KeyEvent { action=ACTION_DOWN, keyCode=KEYCODE_DPAD_LEFT, scanCode=0, metaState=0, flags=0x8, repeatCount=0, eventTime=1120597, downTime=1120597, deviceId=-1, source=0x101 }
W/ViewRootImpl(  532): Dropping event due to no window focus: KeyEvent { action=ACTION_DOWN, keyCode=KEYCODE_DPAD_RIGHT, scanCode=0, metaState=0, flags=0x8, repeatCount=0, eventTime=1120622, downTime=1120622, deviceId=-1, source=0x101 }
W/ViewRootImpl(  532): Dropping event due to no window focus: KeyEvent { action=ACTION_DOWN, keyCode=KEYCODE_DPAD_DOWN, scanCode=0, metaState=0, flags=0x8, repeatCount=0, eventTime=1120625, downTime=1120625, deviceId=-1, source=0x101 }
W/ViewRootImpl(  532): Dropping event due to no window focus: KeyEvent { action=ACTION_DOWN, keyCode=KEYCODE_DPAD_UP, scanCode=0, metaState=0, flags=0x8, repeatCount=0, eventTime=1120627, downTime=1120627, deviceId=-1, source=0x101 }
I/System.out(11089): body:<okhttp3.ResponseBody$1: void <init>(okhttp3.MediaType,long,okio.f)>	sig:specialinvoke $r0.<okhttp3.ResponseBody: void <init>()>()	timediff:1
I/System.out(11089): body:<okhttp3.ResponseBody: okhttp3.ResponseBody create(okhttp3.MediaType,long,okio.f)>	sig:specialinvoke $r3.<okhttp3.ResponseBody$1: void <init>(okhttp3.MediaType,long,okio.f)>($r0, $l0, $r1)	timediff:1
I/System.out(11089): body:<retrofit2.at: okhttp3.ResponseBody a(okhttp3.ResponseBody)>	sig:$r0 = staticinvoke <okhttp3.ResponseBody: okhttp3.ResponseBody create(okhttp3.MediaType,long,okio.f)>($r3, $l0, $r1)	timediff:1
I/System.out(11089): body:<okhttp3.ResponseBody: void close()>	sig:$r1 = virtualinvoke $r0.<okhttp3.ResponseBody: okio.f source()>()	timediff:0
I/System.out(11089): body:<okhttp3.ResponseBody: void close()>	sig:staticinvoke <okhttp3.internal.Util: void closeQuietly(java.io.Closeable)>($r1)	timediff:0
I/System.out(11089): body:<retrofit2.r: void close()>	sig:virtualinvoke $r1.<okhttp3.ResponseBody: void close()>()	timediff:0
I/System.out(11089): body:<retrofit2.b: okhttp3.ResponseBody a(okhttp3.ResponseBody)>	sig:virtualinvoke $r1.<okhttp3.ResponseBody: void close()>()	timediff:0
I/System.out(11089): body:<retrofit2.ao: retrofit2.ao a(java.lang.Object,okhttp3.Response)>	sig:$z0 = virtualinvoke $r1.<okhttp3.Response: boolean isSuccessful()>()	timediff:1
I/System.out(11089): body:<okhttp3.RealCall$AsyncCall: void execute()>	sig:interfaceinvoke $r4.<okhttp3.Callback: void onResponse(okhttp3.Call,okhttp3.Response)>($r1, $r2)	timediff:13
I/System.out(11089): body:<okhttp3.RealCall$AsyncCall: void execute()>	sig:$r6 = staticinvoke <okhttp3.RealCall: okhttp3.OkHttpClient access$400(okhttp3.RealCall)>($r1)	timediff:0
I/System.out(11089): body:<okhttp3.RealCall$AsyncCall: void execute()>	sig:$r7 = virtualinvoke $r6.<okhttp3.OkHttpClient: okhttp3.Dispatcher dispatcher()>()	timediff:0
I/System.out(11089): body:<okhttp3.Dispatcher: void finished(java.util.Deque,java.lang.Object,boolean)>	sig:specialinvoke $r0.<okhttp3.Dispatcher: void promoteCalls()>()	timediff:0
I/System.out(11089): body:<okhttp3.Dispatcher: void finished(java.util.Deque,java.lang.Object,boolean)>	sig:$i0 = virtualinvoke $r0.<okhttp3.Dispatcher: int runningCallsCount()>()	timediff:0
I/System.out(11089): body:<okhttp3.Dispatcher: void finished(okhttp3.RealCall$AsyncCall)>	sig:specialinvoke $r0.<okhttp3.Dispatcher: void finished(java.util.Deque,java.lang.Object,boolean)>($r2, $r1, 1)	timediff:0
I/System.out(11089): body:<okhttp3.RealCall$AsyncCall: void execute()>	sig:virtualinvoke $r7.<okhttp3.Dispatcher: void finished(okhttp3.RealCall$AsyncCall)>($r0)	timediff:0
I/System.out(11089): body:<okhttp3.internal.NamedRunnable: void run()>	sig:virtualinvoke $r0.<okhttp3.internal.NamedRunnable: void execute()>()	timediff:1478
I/System.out(11089): body:<retrofit2.ao: int a()>	sig:$i0 = virtualinvoke $r1.<okhttp3.Response: int code()>()	timediff:0
I/System.out(11089): body:<retrofit2.ao: boolean c()>	sig:$z0 = virtualinvoke $r1.<okhttp3.Response: boolean isSuccessful()>()	timediff:0
I/System.out(11089): body:<okhttp3.ResponseBody: byte[] bytes()>	sig:$l0 = virtualinvoke $r0.<okhttp3.ResponseBody: long contentLength()>()	timediff:0
I/System.out(11089): body:<okhttp3.ResponseBody: byte[] bytes()>	sig:$r4 = virtualinvoke $r0.<okhttp3.ResponseBody: okio.f source()>()	timediff:0
I/System.out(11089): body:<okhttp3.ResponseBody: byte[] bytes()>	sig:staticinvoke <okhttp3.internal.Util: void closeQuietly(java.io.Closeable)>($r4)	timediff:0
I/System.out(11089): body:<okhttp3.ResponseBody: java.lang.String string()>	sig:$r2 = virtualinvoke $r0.<okhttp3.ResponseBody: byte[] bytes()>()	timediff:0
I/System.out(11089): body:<okhttp3.ResponseBody: java.nio.charset.Charset charset()>	sig:$r2 = virtualinvoke $r0.<okhttp3.ResponseBody: okhttp3.MediaType contentType()>()	timediff:0
I/System.out(11089): body:<okhttp3.ResponseBody: java.nio.charset.Charset charset()>	sig:$r1 = virtualinvoke $r2.<okhttp3.MediaType: java.nio.charset.Charset charset(java.nio.charset.Charset)>($r1)	timediff:1
I/System.out(11089): body:<okhttp3.ResponseBody: java.lang.String string()>	sig:$r3 = specialinvoke $r0.<okhttp3.ResponseBody: java.nio.charset.Charset charset()>()	timediff:1
I/System.out(11089): body:<com.dayforce.mobile.ui_legal.LegalDocumentActivity$7: void a(retrofit2.h,retrofit2.ao)>	sig:$r8 = virtualinvoke $r7.<okhttp3.ResponseBody: java.lang.String string()>()	timediff:1
I/System.out(11089): body:<com.dayforce.mobile.ui_legal.LegalDocumentActivity$7: void a(retrofit2.h,retrofit2.ao)>	sig:$r9 = virtualinvoke $r7.<okhttp3.ResponseBody: okhttp3.MediaType contentType()>()	timediff:1
I/System.out(11089): body:<com.dayforce.mobile.ui_legal.LegalDocumentActivity$7: void a(retrofit2.h,retrofit2.ao)>	sig:$r3 = virtualinvoke $r9.<okhttp3.MediaType: java.lang.String toString()>()	timediff:0
I/System.out(11089): body:<com.dayforce.mobile.ui_legal.LegalDocumentActivity$7: void a(retrofit2.h,retrofit2.ao)>	sig:$r10 = virtualinvoke $r9.<okhttp3.MediaType: java.nio.charset.Charset charset()>()	timediff:0
W/ViewRootImpl(  532): Dropping event due to no window focus: MotionEvent { action=ACTION_MOVE, id[0]=0, x[0]=1.0, y[0]=-1.0, toolType[0]=TOOL_TYPE_UNKNOWN, buttonState=0, metaState=0, flags=0x0, edgeFlags=0x0, pointerCount=1, historySize=9, eventTime=1120676, downTime=-1, deviceId=0, source=0x10004 }
W/ViewRootImpl(  532): Dropping event due to no window focus: KeyEvent { action=ACTION_DOWN, keyCode=KEYCODE_DPAD_UP, scanCode=0, metaState=0, flags=0x8, repeatCount=0, eventTime=1120677, downTime=1120677, deviceId=-1, source=0x101 }
W/ContextImpl(  464): Calling a method in the system process without a qualified user: android.app.ContextImpl.sendBroadcast:1123 com.android.server.InputMethodManagerService.hideCurrentInputLocked:1880 com.android.server.InputMethodManagerService.windowGainedFocus:1968 com.android.internal.view.IInputMethodManager$Stub.onTransact:221 com.android.server.InputMethodManagerService.onTransact:818 
W/InputEventReceiver(  532): Attempted to finish an input event but the input event receiver has already been disposed.
W/InputEventReceiver(  532): Attempted to finish an input event but the input event receiver has already been disposed.
W/InputEventReceiver(  532): Attempted to finish an input event but the input event receiver has already been disposed.
W/ViewRootImpl(  532): Dropping event due to root view being removed: MotionEvent { action=ACTION_MOVE, id[0]=0, x[0]=462.8648, y[0]=283.3545, toolType[0]=TOOL_TYPE_UNKNOWN, buttonState=0, metaState=0, flags=0x0, edgeFlags=0x0, pointerCount=1, historySize=8, eventTime=1120769, downTime=1120689, deviceId=0, source=0x1002 }
W/ViewRootImpl(  532): Dropping event due to root view being removed: MotionEvent { action=ACTION_UP, id[0]=0, x[0]=476.94464, y[0]=284.35205, toolType[0]=TOOL_TYPE_UNKNOWN, buttonState=0, metaState=0, flags=0x0, edgeFlags=0x0, pointerCount=1, historySize=0, eventTime=1120778, downTime=1120689, deviceId=0, source=0x1002 }
W/ViewRootImpl(11089): Dropping event due to no window focus: KeyEvent { action=ACTION_DOWN, keyCode=KEYCODE_DPAD_UP, scanCode=0, metaState=0, flags=0x8, repeatCount=0, eventTime=1120809, downTime=1120809, deviceId=-1, source=0x101 }
I/ActivityManager(  464): START u0 {act=android.intent.action.MAIN cat=[android.intent.category.HOME] flg=0x10200000 cmp=com.vphone.launcher/.Launcher} from pid 464
W/ViewRootImpl(11089): Dropping event due to no window focus: KeyEvent { action=ACTION_DOWN, keyCode=KEYCODE_DPAD_RIGHT, scanCode=0, metaState=0, flags=0x8, repeatCount=0, eventTime=1121070, downTime=1121070, deviceId=-1, source=0x101 }
I/chromium(11089): [INFO:async_pixel_transfer_manager_android.cc(56)] Async pixel transfers not supported
I/chromium(11089): [INFO:simple_index_file.cc(397)] Simple Cache Index is being restored from disk.
I/chromium(11089): [INFO:async_pixel_transfer_manager_android.cc(56)] Async pixel transfers not supported
I/SnapScrollController(11089): setSnapScrollingMode case-default no-op
I/SnapScrollController(11089): setSnapScrollingMode case-default no-op
W/ContextImpl(  464): Calling a method in the system process without a qualified user: android.app.ContextImpl.sendBroadcast:1123 com.android.server.InputMethodManagerService.hideCurrentInputLocked:1880 com.android.server.InputMethodManagerService.windowGainedFocus:1968 com.android.internal.view.IInputMethodManager$Stub.onTransact:221 com.android.server.InputMethodManagerService.onTransact:818 
I/InputDispatcher(  464): Dropped event because of pending overdue app switch.
W/InputManager(  464): Input event injection from pid 11079 failed.
D/dalvikvm(11089): GC_FOR_ALLOC freed 1212K, 16% free 7408K/8804K, paused 4ms, total 4ms
W/UnimplementedWebViewApi(11089): Unimplemented WebView method onKeyDown called from: android.webkit.WebView.onKeyDown(WebView.java:2169)
W/FlurryAgent(11089): Flurry session resumed for context:com.dayforce.mobile.ui_legal.LegalDocumentListActivity@4aa1ac68
I/ActivityManager(  464): START u0 {act=android.intent.action.VIEW dat=http://www.flurry.com/privacy-policy.html cmp=com.android.browser/.BrowserActivity} from pid 11089
W/InputManager(  464): Input event injection from pid 11079 failed.
W/InputManager(  464): Input event injection from pid 11079 failed.
W/InputManager(  464): Input event injection from pid 11079 failed.
W/EGL_emulation(11089): eglSurfaceAttrib not implemented 3093 12436
W/ViewRootImpl(11089): Dropping event due to no window focus: KeyEvent { action=ACTION_DOWN, keyCode=KEYCODE_DPAD_CENTER, scanCode=0, metaState=0, flags=0x8, repeatCount=0, eventTime=1122334, downTime=1122334, deviceId=-1, source=0x101 }
W/ViewRootImpl(11089): Dropping event due to no window focus: KeyEvent { action=ACTION_DOWN, keyCode=KEYCODE_DPAD_LEFT, scanCode=0, metaState=0, flags=0x8, repeatCount=0, eventTime=1122457, downTime=1122457, deviceId=-1, source=0x101 }
W/ViewRootImpl(11089): Dropping event due to no window focus: KeyEvent { action=ACTION_DOWN, keyCode=KEYCODE_MENU, scanCode=0, metaState=0, flags=0x8, repeatCount=0, eventTime=1122476, downTime=1122476, deviceId=-1, source=0x101 }
W/ViewRootImpl(11089): Dropping event due to no window focus: KeyEvent { action=ACTION_DOWN, keyCode=KEYCODE_DPAD_UP, scanCode=0, metaState=0, flags=0x8, repeatCount=0, eventTime=1122479, downTime=1122479, deviceId=-1, source=0x101 }
W/EGL_emulation(11089): eglSurfaceAttrib not implemented 3093 12436
W/ContextImpl(  464): Calling a method in the system process without a qualified user: android.app.ContextImpl.sendBroadcast:1123 com.android.server.InputMethodManagerService.hideCurrentInputLocked:1880 com.android.server.InputMethodManagerService.windowGainedFocus:1968 com.android.internal.view.IInputMethodManager$Stub.onTransact:221 com.android.server.InputMethodManagerService.onTransact:818 
W/ViewRootImpl(11089): Dropping event due to no window focus: KeyEvent { action=ACTION_DOWN, keyCode=KEYCODE_DPAD_DOWN, scanCode=0, metaState=0, flags=0x8, repeatCount=0, eventTime=1122491, downTime=1122491, deviceId=-1, source=0x101 }
W/ViewRootImpl(11089): Dropping event due to no window focus: KeyEvent { action=ACTION_DOWN, keyCode=KEYCODE_9, scanCode=0, metaState=0, flags=0x8, repeatCount=0, eventTime=1122730, downTime=1122730, deviceId=-1, source=0x101 }
W/InputMethodManagerService(  464): Window already focused, ignoring focus gain of: com.android.internal.view.IInputMethodClient$Stub$Proxy@4a8b888c attribute=null, token = android.os.BinderProxy@4a9ad8b0
W/FlurryAgent(11089): Flurry session paused for context:com.dayforce.mobile.ui_legal.LegalDocumentActivity@4a8069b4
I/ActivityManager(  464): START u0 {act=android.intent.action.MAIN cat=[android.intent.category.HOME] flg=0x10200000 cmp=com.vphone.launcher/.Launcher} from pid 464
V/PanelView(  532): animationTick called with dtms=0; nothing to do (h=0.0 v=-0.0)
I/ActivityManager(  464): START u0 {act=android.intent.action.MAIN cat=[android.intent.category.LAUNCHER] flg=0x10200000 cmp=com.dayforce.mobile/.ui_login.ActivityLoginNormal} from pid 11079
I/ActivityManager(  464): START u0 {cmp=com.dayforce.mobile/.ui_legal.LegalDocumentActivity (has extras)} from pid 11089
I/System.out(11089): body:<okhttp3.HttpUrl: okhttp3.HttpUrl parse(java.lang.String)>	sig:specialinvoke $r1.<okhttp3.HttpUrl$Builder: void <init>()>()	timediff:0
I/System.out(11089): body:<okhttp3.HttpUrl$Builder: okhttp3.HttpUrl$Builder$ParseResult parse(okhttp3.HttpUrl,java.lang.String)>	sig:$i1 = staticinvoke <okhttp3.internal.Util: int skipLeadingAsciiWhitespace(java.lang.String,int,int)>($r2, 0, $i0)	timediff:0
I/System.out(11089): body:<okhttp3.HttpUrl$Build