W/AwContents(10777): nativeOnDraw failed; clearing to background color.
I/chromium(10777): [INFO:async_pixel_transfer_manager_android.cc(56)] Async pixel transfers not supported
I/chromium(10777): [INFO:async_pixel_transfer_manager_android.cc(56)] Async pixel transfers not supported
I/Launcher(  681): Deferring update until onResume
D/Documents( 1983): Used cached roots for com.android.providers.downloads.documents
D/Documents( 1983): Used cached roots for com.android.externalstorage.documents
D/Documents( 1983): Used cached roots for com.android.providers.media.documents
D/Documents( 1983): Update found 6 roots in 5ms
I/InputReader(  464): Reconfiguring input devices.  changes=0x00000010
I/Launcher(  681): Deferring update until onResume
I/Launcher(  681): Deferring update until onResume
W/Launcher(  681): setApplicationContext called twice! old=com.vphone.launcher.LauncherApplicationEx@4a7eccd8 new=com.vphone.launcher.LauncherApplicationEx@4a7eccd8
W/Searchables(  464): No global search activity found
I/Icing   (  713): IndexChimeraService.getServiceInterface callingPackage=com.google.android.gms componentName=AppsCorpus serviceId=36
I/Icing   (  713): IndexChimeraService.getServiceInterface callingPackage=com.google.android.gms componentName=AppsCorpus serviceId=32
I/Icing   (  713): Usage reports ok 0, Failed Usage reports 0, indexed 0, rejected 0, imm upload false
W/ViewRootImpl(10777): Dropping event due to no window focus: MotionEvent { action=ACTION_MOVE, id[0]=0, x[0]=0.0, y[0]=-2.0, toolType[0]=TOOL_TYPE_UNKNOWN, buttonState=0, metaState=0, flags=0x0, edgeFlags=0x0, pointerCount=1, historySize=7, eventTime=1086892, downTime=-1, deviceId=0, source=0x10004 }
W/ViewRootImpl(10777): Dropping event due to no window focus: KeyEvent { action=ACTION_DOWN, keyCode=KEYCODE_DPAD_UP, scanCode=0, metaState=0, flags=0x8, repeatCount=0, eventTime=1086893, downTime=1086893, deviceId=-1, source=0x101 }
I/Icing   (  713): Usage reports ok 0, Failed Usage reports 0, indexed 0, rejected 0, imm upload false
W/ContextImpl(  464): Calling a method in the system process without a qualified user: android.app.ContextImpl.sendBroadcast:1123 com.android.server.InputMethodManagerService.hideCurrentInputLocked:1880 com.android.server.InputMethodManagerService.windowGainedFocus:1995 com.android.internal.view.IInputMethodManager$Stub.onTransact:221 com.android.server.InputMethodManagerService.onTransact:818 
W/UnimplementedWebViewApi(10777): Unimplemented WebView method onKeyDown called from: android.webkit.WebView.onKeyDown(WebView.java:2169)
I/SnapScrollController(10777): setSnapScrollingMode case-default no-op
I/SnapScrollController(10777): setSnapScrollingMode case-default no-op
W/UnimplementedWebViewApi(10777): Unimplemented WebView method onKeyMultiple called from: android.webkit.WebView.onKeyMultiple(WebView.java:2179)
W/UnimplementedWebViewApi(10777): Unimplemented WebView method onKeyDown called from: android.webkit.WebView.onKeyDown(WebView.java:2169)
W/UnimplementedWebViewApi(10777): Unimplemented WebView method onKeyDown called from: android.webkit.WebView.onKeyDown(WebView.java:2169)
W/ViewRootImpl(10777): Dropping event due to no window focus: KeyEvent { action=ACTION_DOWN, keyCode=KEYCODE_CHANNEL_UP, scanCode=0, metaState=0, flags=0x8, repeatCount=0, eventTime=1087369, downTime=1087369, deviceId=-1, source=0x101 }
W/EGL_emulation(10777): eglSurfaceAttrib not implemented 3093 12436
I/System.out(10777): body:<com.box.android.views.BoxOAuthWebView$BoxOAuthWebViewClient: void handleSsoUrl(java.lang.String)>	sig:$r2 = staticinvoke <java.net.URI: java.net.URI create(java.lang.String)>($r1)	timediff:0
I/System.out(10777): body:<com.box.android.views.BoxOAuthWebView$BoxOAuthWebViewClient: void handleSsoUrl(java.lang.String)>	sig:$r1 = virtualinvoke $r2.<java.net.URI: java.lang.String getHost()>()	timediff:0
I/System.out(10777): body:<com.box.restclientv2.httpclientsupport.HttpClientURIBuilder: void <init>(java.lang.String)>	sig:specialinvoke $r2.<java.net.URI: void <init>(java.lang.String)>($r1)	timediff:0
I/System.out(10777): body:<com.box.restclientv2.httpclientsupport.HttpClientURIBuilder: void digestURI(java.net.URI)>	sig:$r3 = virtualinvoke $r1.<java.net.URI: java.lang.String getScheme()>()	timediff:0
I/System.out(10777): body:<com.box.restclientv2.httpclientsupport.HttpClientURIBuilder: void digestURI(java.net.URI)>	sig:$r3 = virtualinvoke $r1.<java.net.URI: java.lang.String getRawSchemeSpecificPart()>()	timediff:0
I/System.out(10777): body:<com.box.restclientv2.httpclientsupport.HttpClientURIBuilder: void digestURI(java.net.URI)>	sig:$r3 = virtualinvoke $r1.<java.net.URI: java.lang.String getRawAuthority()>()	timediff:0
I/System.out(10777): body:<com.box.restclientv2.httpclientsupport.HttpClientURIBuilder: void digestURI(java.net.URI)>	sig:$r3 = virtualinvoke $r1.<java.net.URI: java.lang.String getHost()>()	timediff:0
I/System.out(10777): body:<com.box.restclientv2.httpclientsupport.HttpClientURIBuilder: void digestURI(java.net.URI)>	sig:$i0 = virtualinvoke $r1.<java.net.URI: int getPort()>()	timediff:0
I/System.out(10777): body:<com.box.restclientv2.httpclientsupport.HttpClientURIBuilder: void digestURI(java.net.URI)>	sig:$r3 = virtualinvoke $r1.<java.net.URI: java.lang.String getRawUserInfo()>()	timediff:0
I/System.out(10777): body:<com.box.restclientv2.httpclientsupport.HttpClientURIBuilder: void digestURI(java.net.URI)>	sig:$r3 = virtualinvoke $r1.<java.net.URI: java.lang.String getUserInfo()>()	timediff:0
I/System.out(10777): body:<com.box.restclientv2.httpclientsupport.HttpClientURIBuilder: void digestURI(java.net.URI)>	sig:$r3 = virtualinvoke $r1.<java.net.URI: java.lang.String getRawPath()>()	timediff:0
I/System.out(10777): body:<com.box.restclientv2.httpclientsupport.HttpClientURIBuilder: void digestURI(java.net.URI)>	sig:$r3 = virtualinvoke $r1.<java.net.URI: java.lang.String getPath()>()	timediff:1
I/System.out(10777): body:<com.box.restclientv2.httpclientsupport.HttpClientURIBuilder: void digestURI(java.net.URI)>	sig:$r3 = virtualinvoke $r1.<java.net.URI: java.lang.String getRawQuery()>()	timediff:0
I/System.out(10777): body:<com.box.restclientv2.httpclientsupport.HttpClientURIBuilder: void digestURI(java.net.URI)>	sig:$r3 = virtualinvoke $r1.<java.net.URI: java.lang.String getRawQuery()>()	timediff:0
I/System.out(10777): body:<com.box.restclientv2.httpclientsupport.HttpClientURIBuilder: void digestURI(java.net.URI)>	sig:$r3 = virtualinvoke $r1.<java.net.URI: java.lang.String getRawFragment()>()	timediff:0
I/System.out(10777): body:<com.box.restclientv2.httpclientsupport.HttpClientURIBuilder: void digestURI(java.net.URI)>	sig:$r3 = virtualinvoke $r1.<java.net.URI: java.lang.String getFragment()>()	timediff:0
W/ViewRootImpl(10777): Dropping event due to no window focus: KeyEvent { action=ACTION_DOWN, keyCode=KEYCODE_DPAD_CENTER, scanCode=0, metaState=0, flags=0x8, repeatCount=0, eventTime=1087387, downTime=1087387, deviceId=-1, source=0x101 }
W/ViewRootImpl(10777): Dropping event due to no window focus: KeyEvent { action=ACTION_DOWN, keyCode=KEYCODE_DPAD_UP, scanCode=0, metaState=0, flags=0x8, repeatCount=0, eventTime=1087452, downTime=1087452, deviceId=-1, source=0x101 }
I/System.out(10777): body:<com.box.android.views.BoxOAuthWebView$BoxOAuthWebViewClient: void handleSsoUrl(java.lang.String)>	sig:$r2 = staticinvoke <java.net.URI: java.net.URI create(java.lang.String)>($r1)	timediff:0
I/System.out(10777): body:<com.box.android.views.BoxOAuthWebView$BoxOAuthWebViewClient: void handleSsoUrl(java.lang.String)>	sig:$r1 = virtualinvoke $r2.<java.net.URI: java.lang.String getHost()>()	timediff:0
I/System.out(10777): body:<com.box.restclientv2.httpclientsupport.HttpClientURIBuilder: void <init>(java.lang.String)>	sig:specialinvoke $r2.<java.net.URI: void <init>(java.lang.String)>($r1)	timediff:0
I/System.out(10777): body:<com.box.restclientv2.httpclientsupport.HttpClientURIBuilder: void digestURI(java.net.URI)>	sig:$r3 = virtualinvoke $r1.<java.net.URI: java.lang.String getScheme()>()	timediff:1
I/System.out(10777): body:<com.box.restclientv2.httpclientsupport.HttpClientURIBuilder: void digestURI(java.net.URI)>	sig:$r3 = virtualinvoke $r1.<java.net.URI: java.lang.String getRawSchemeSpecificPart()>()	timediff:0
I/System.out(10777): body:<com.box.restclientv2.httpclientsupport.HttpClientURIBuilder: void digestURI(java.net.URI)>	sig:$r3 = virtualinvoke $r1.<java.net.URI: java.lang.String getRawAuthority()>()	timediff:0
I/System.out(10777): body:<com.box.restclientv2.httpclientsupport.HttpClientURIBuilder: void digestURI(java.net.URI)>	sig:$r3 = virtualinvoke $r1.<java.net.URI: java.lang.String getHost()>()	timediff:0
I/System.out(10777): body:<com.box.restclientv2.httpclientsupport.HttpClientURIBuilder: void digestURI(java.net.URI)>	sig:$i0 = virtualinvoke $r1.<java.net.URI: int getPort()>()	timediff:1
I/System.out(10777): body:<com.box.restclientv2.httpclientsupport.HttpClientURIBuilder: void digestURI(java.net.URI)>	sig:$r3 = virtualinvoke $r1.<java.net.URI: java.lang.String getRawUserInfo()>()	timediff:0
I/System.out(10777): body:<com.box.restclientv2.httpclientsupport.HttpClientURIBuilder: void digestURI(java.net.URI)>	sig:$r3 = virtualinvoke $r1.<java.net.URI: java.lang.String getUserInfo()>()	timediff:0
I/System.out(10777): body:<com.box.restclientv2.httpclientsupport.HttpClientURIBuilder: void digestURI(java.net.URI)>	sig:$r3 = virtualinvoke $r1.<java.net.URI: java.lang.String getRawPath()>()	timediff:0
I/System.out(10777): body:<com.box.restclientv2.httpclientsupport.HttpClientURIBuilder: void digestURI(java.net.URI)>	sig:$r3 = virtualinvoke $r1.<java.net.URI: java.lang.String getPath()>()	timediff:0
I/System.out(10777): body:<com.box.restclientv2.httpclientsupport.HttpClientURIBuilder: void digestURI(java.net.URI)>	sig:$r3 = virtualinvoke $r1.<java.net.URI: java.lang.String getRawQuery()>()	timediff:0
I/System.out(10777): body:<com.box.restclientv2.httpclientsupport.HttpClientURIBuilder: void digestURI(java.net.URI)>	sig:$r3 = virtualinvoke $r1.<java.net.URI: java.lang.String getRawQuery()>()	timediff:0
I/System.out(10777): body:<com.box.restclientv2.httpclientsupport.HttpClientURIBuilder: void digestURI(java.net.URI)>	sig:$r3 = virtualinvoke $r1.<java.net.URI: java.lang.String getRawFragment()>()	timediff:0
I/System.out(10777): body:<com.box.restclientv2.httpclientsupport.HttpClientURIBuilder: void digestURI(java.net.URI)>	sig:$r3 = virtualinvoke $r1.<java.net.URI: java.lang.String getFragment()>()	timediff:0
W/ViewRootImpl(10777): Dropping event due to no window focus: KeyEvent { action=ACTION_DOWN, keyCode=KEYCODE_DPAD_CENTER, scanCode=0, metaState=0, flags=0x408, repeatCount=0, eventTime=1087275, downTime=1087275, deviceId=-1, source=0x101 }
W/ViewRootImpl(10777): Dropping event due to no window focus: KeyEvent { action=ACTION_DOWN, keyCode=KEYCODE_DPAD_RIGHT, scanCode=0, metaState=0, flags=0x8, repeatCount=0, eventTime=1087708, downTime=1087708, deviceId=-1, source=0x101 }
W/ViewRootImpl(10777): Dropping event due to no window focus: MotionEvent { action=ACTION_MOVE, id[0]=0, x[0]=1.0, y[0]=-5.0, toolType[0]=TOOL_TYPE_UNKNOWN, buttonState=0, metaState=0, flags=0x0, edgeFlags=0x0, pointerCount=1, historySize=1, eventTime=1087711, downTime=-1, deviceId=0, source=0x10004 }
W/InputMethodManagerService(  464): Window already focused, ignoring focus gain of: com.android.internal.view.IInputMethodClient$Stub$Proxy@4a9fe804 attribute=null, token = android.os.BinderProxy@4aa5e43c
W/UnimplementedWebViewApi(10777): Unimplemented WebView method onKeyDown called from: android.webkit.WebView.onKeyDown(WebView.java:2169)
I/System.out(10777): body:<com.box.android.views.BoxOAuthWebView$BoxOAuthWebViewClient: void handleSsoUrl(java.lang.String)>	sig:$r2 = staticinvoke <java.net.URI: java.net.URI create(java.lang.String)>($r1)	timediff:0
I/System.out(10777): body:<com.box.android.views.BoxOAuthWebView$BoxOAuthWebViewClient: void handleSsoUrl(java.lang.String)>	sig:$r1 = virtualinvoke $r2.<java.net.URI: java.lang.String getHost()>()	timediff:0
I/System.out(10777): body:<com.box.restclientv2.httpclientsupport.HttpClientURIBuilder: void <init>(java.lang.String)>	sig:specialinvoke $r2.<java.net.URI: void <init>(java.lang.String)>($r1)	timediff:1
I/System.out(10777): body:<com.box.restclientv2.httpclientsupport.HttpClientURIBuilder: void digestURI(java.net.URI)>	sig:$r3 = virtualinvoke $r1.<java.net.URI: java.lang.String getScheme()>()	timediff:0
I/System.out(10777): body:<com.box.restclientv2.httpclientsupport.HttpClientURIBuilder: void digestURI(java.net.URI)>	sig:$r3 = virtualinvoke $r1.<java.net.URI: java.lang.String getRawSchemeSpecificPart()>()	timediff:0
I/System.out(10777): body:<com.box.restclientv2.httpclientsupport.HttpClientURIBuilder: void digestURI(java.net.URI)>	sig:$r3 = virtualinvoke $r1.<java.net.URI: java.lang.String getRawAuthority()>()	timediff:0
I/System.out(10777): body:<com.box.restclientv2.httpclientsupport.HttpClientURIBuilder: void digestURI(java.net.URI)>	sig:$r3 = virtualinvoke $r1.<java.net.URI: java.lang.String getHost()>()	timediff:0
I/System.out(10777): body:<com.box.restclientv2.httpclientsupport.HttpClientURIBuilder: void digestURI(java.net.URI)>	sig:$i0 = virtualinvoke $r1.<java.net.URI: int getPort()>()	timediff:0
I/System.out(10777): body:<com.box.restclientv2.httpclientsupport.HttpClientURIBuilder: void digestURI(java.net.URI)>	sig:$r3 = virtualinvoke $r1.<java.net.URI: java.lang.String getRawUserInfo()>()	timediff:0
I/System.out(10777): body:<com.box.restclientv2.httpclientsupport.HttpClientURIBuilder: void digestURI(java.net.URI)>	sig:$r3 = virtualinvoke $r1.<java.net.URI: java.lang.String getUserInfo()>()	timediff:0
I/System.out(10777): body:<com.box.restclientv2.httpclientsupport.HttpClientURIBuilder: void digestURI(java.net.URI)>	sig:$r3 = virtualinvoke $r1.<java.net.URI: java.lang.String getRawPath()>()	timediff:1
I/System.out(10777): body:<com.box.restclientv2.httpclientsupport.HttpClientURIBuilder: void digestURI(java.net.URI)>	sig:$r3 = virtualinvoke $r1.<java.net.URI: java.lang.String getPath()>()	timediff:0
I/System.out(10777): body:<com.box.restclientv2.httpclientsupport.HttpClientURIBuilder: void digestURI(java.net.URI)>	sig:$r3 = virtualinvoke $r1.<java.net.URI: java.lang.String getRawQuery()>()	timediff:0
I/System.out(10777): body:<com.box.restclientv2.httpclientsupport.HttpClientURIBuilder: void digestURI(java.net.URI)>	sig:$r3 = virtualinvoke $r1.<java.net.URI: java.lang.String getRawQuery()>()	timediff:0
I/System.out(10777): body:<com.box.restclientv2.httpclientsupport.HttpClientURIBuilder: void digestURI(java.net.URI)>	sig:$r3 = virtualinvoke $r1.<java.net.URI: java.lang.String getRawFragment()>()	timediff:0
I/System.out(10777): body:<com.box.restclientv2.httpclientsupport.HttpClientURIBuilder: void digestURI(java.net.URI)>	sig:$r3 = virtualinvoke $r1.<java.net.URI: java.lang.String getFragment()>()	timediff:0
W/ViewRootImpl(10777): Dropping event due to no window focus: KeyEvent { action=ACTION_DOWN, keyCode=KEYCODE_DPAD_CENTER, scanCode=0, metaState=0, flags=0x8, repeatCount=0, eventTime=1087846, downTime=1087846, deviceId=-1, source=0x101 }
W/EGL_emulation(10777): eglSurfaceAttrib not implemented 3093 12436
I/Icing   (  713): Indexing F4FAA6262FE39DDD50BAE6B7AF5CDB8D73BA0DB0 from com.google.android.gms
D/dalvikvm(  713): GC_CONCURRENT freed 2383K, 28% free 9640K/13384K, paused 3ms+3ms, total 25ms
I/Icing   (  713): Indexing done F4FAA6262FE39DDD50BAE6B7AF5CDB8D73BA0DB0
W/ViewRootImpl(10777): Dropping event due to no window focus: KeyEvent { action=ACTION_DOWN, keyCode=KEYCODE_5, scanCode=0, metaState=0, flags=0x8, repeatCount=0, eventTime=1087871, downTime=1087871, deviceId=-1, source=0x101 }
V/PanelView(  532): animationTick called with dtms=0; nothing to do (h=0.0 v=0.0)
W/InputManager(  464): Input event injection from pid 10767 failed.
W/InputManager(  464): Input event injection from pid 10767 failed.
W/InputManager(  464): Input event injection from pid 10767 failed.
W/InputManager(  464): Input event injection from pid 10767 failed.
W/InputManager(  464): Input event injection from pid 10767 failed.
W/InputManager(  464): Input event injection from pid 10767 failed.
W/InputManager(  464): Input event injection from pid 10767 failed.
W/ViewRootImpl(10777): Dropping event due to no window focus: KeyEvent { action=ACTION_DOWN, keyCode=KEYCODE_DPAD_CENTER, scanCode=0, metaState=0, flags=0x8, repeatCount=0, eventTime=1088140, downTime=1088140, deviceId=-1, source=0x101 }
W/UnimplementedWebViewApi(10777): Unimplemented WebView method onKeyDown called from: android.webkit.WebView.onKeyDown(WebView.java:2169)
W/InputMethodManagerService(  464): Window already focused, ignoring focus gain of: com.android.internal.view.IInputMethodClient$Stub$Proxy@4ad38300 attribute=null, token = android.os.BinderProxy@4aa5e43c
W/ViewRootImpl(10777): Dropping event due to no window focus: KeyEvent { action=ACTION_DOWN, keyCode=KEYCODE_CHANNEL_DOWN, scanCode=0, metaState=0, flags=0x8, repeatCount=0, eventTime=1088160, downTime=1088160, deviceId=-1, source=0x101 }
W/EGL_emulation(10777): eglSurfaceAttrib not implemented 3093 12436
I/System.out(10777): body:<com.box.android.views.BoxOAuthWebView$BoxOAuthWebViewClient: void handleSsoUrl(java.lang.String)>	sig:$r2 = staticinvoke <java.net.URI: java.net.URI create(java.lang.String)>($r1)	timediff:0
I/System.out(10777): body:<com.box.android.views.BoxOAuthWebView$BoxOAuthWebViewClient: void handleSsoUrl(java.lang.String)>	sig:$r1 = virtualinvoke $r2.<java.net.URI: java.lang.String getHost()>()	timediff:0
I/System.out(10777): body:<com.box.restclientv2.httpclientsupport.HttpClientURIBuilder: void <init>(java.lang.String)>	sig:specialinvoke $r2.<java.net.URI: void <init>(java.lang.String)>($r1)	timediff:0
I/System.out(10777): body:<com.box.restclientv2.httpclientsupport.HttpClientURIBuilder: void digestURI(java.net.URI)>	sig:$r3 = virtualinvoke $r1.<java.net.URI: java.lang.String getScheme()>()	timediff:0
I/System.out(10777): body:<com.box.restclientv2.httpclientsupport.HttpClientURIBuilder: void digestURI(java.net.URI)>	sig:$r3 = virtualinvoke $r1.<java.net.URI: java.lang.String getRawSchemeSpecificPart()>()	timediff:0
I/System.out(10777): body:<com.box.restclientv2.httpclientsupport.HttpClientURIBuilder: void digestURI(java.net.URI)>	sig:$r3 = virtualinvoke $r1.<java.net.URI: java.lang.String getRawAuthority()>()	timediff:1
I/System.out(10777): body:<com.box.restclientv2.httpclientsupport.HttpClientURIBuilder: void digestURI(java.net.URI)>	sig:$r3 = virtualinvoke $r1.<java.net.URI: java.lang.String getHost()>()	timediff:0
I/System.out(10777): body:<com.box.restclientv2.httpclientsupport.HttpClientURIBuilder: void digestURI(java.net.URI)>	sig:$i0 = virtualinvoke $r1.<java.net.URI: int getPort()>()	timediff:0
I/System.out(10777): body:<com.box.restclientv2.httpclientsupport.HttpClientURIBuilder: void digestURI(java.net.URI)>	sig:$r3 = virtualinvoke $r1.<java.net.URI: java.lang.String getRawUserInfo()>()	timediff:0
I/System.out(10777): body:<com.box.restclientv2.httpclientsupport.HttpClientURIBuilder: void digestURI(java.net.URI)>	sig:$r3 = virtualinvoke $r1.<java.net.URI: java.lang.String getUserInfo()>()	timediff:0
I/System.out(10777): body:<com.box.restclientv2.httpclientsupport.HttpClientURIBuilder: void digestURI(java.net.URI)>	sig:$r3 = virtualinvoke $r1.<java.net.URI: java.lang.String getRawPath()>()	timediff:2
I/System.out(10777): body:<com.box.restclientv2.httpclientsupport.HttpClientURIBuilder: void digestURI(java.net.URI)>	sig:$r3 = virtualinvoke $r1.<java.net.URI: java.lang.String getPath()>()	timediff:0
I/System.out(10777): body:<com.box.restclientv2.httpclientsupport.HttpClientURIBuilder: void digestURI(java.net.URI)>	sig:$r3 = virtualinvoke $r1.<java.net.URI: java.lang.String getRawQuery()>()	timediff:0
I/System.out(10777): body:<com.box.restclientv2.httpclientsupport.HttpClientURIBuilder: void digestURI(java.net.URI)>	sig:$r3 = virtualinvoke $r1.<java.net.URI: java.lang.String getRawQuery()>()	timediff:0
I/System.out(10777): body:<com.box.restclientv2.httpclientsupport.HttpClientURIBuilder: void digestURI(java.net.URI)>	sig:$r3 = virtualinvoke $r1.<java.net.URI: java.lang.String getRawFragment()>()	timediff:0
I/System.out(10777): body:<com.box.restclientv2.httpclientsupport.HttpClientURIBuilder: void digestURI(java.net.URI)>	sig:$r3 = virtualinvoke $r1.<java.net.URI: java.lang.String getFragment()>()	timediff:0
W/InputMethodManagerService(  464): Window already focused, ignoring focus gain of: com.android.internal.view.IInputMethodClient$Stub$Proxy@4acce3c8 attribute=null, token = android.os.BinderProxy@4aa5e43c
I/System.out(10777): body:<com.box.android.views.BoxOAuthWebView$BoxOAuthWebViewClient: void handleSsoUrl(java.lang.String)>	sig:$r2 = staticinvoke <java.net.URI: java.net.URI create(java.lang.String)>($r1)	timediff:0
I/System.out(10777): body:<com.box.android.views.BoxOAuthWebView$BoxOAuthWebViewClient: void handleSsoUrl(java.lang.String)>	sig:$r1 = virtualinvoke $r2.<java.net.URI: java.lang.String getHost()>()	timediff:0
I/System.out(10777): body:<com.box.restclientv2.httpclientsupport.HttpClientURIBuilder: void <init>(java.lang.String)>	sig:specialinvoke $r2.<java.net.URI: void <init>(java.lang.String)>($r1)	timediff:0
I/System.out(10777): body:<com.box.restclientv2.httpclientsupport.HttpClientURIBuilder: void digestURI(java.net.URI)>	sig:$r3 = virtualinvoke $r1.<java.net.URI: java.lang.String getScheme()>()	timediff:0
I/System.out(10777): body:<com.box.restclientv2.httpclientsupport.HttpClientURIBuilder: void digestURI(java.net.URI)>	sig:$r3 = virtualinvoke $r1.<java.net.URI: java.lang.String getRawSchemeSpecificPart()>()	timediff:0
I/System.out(10777): body:<com.box.restclientv2.httpclientsupport.HttpClientURIBuilder: void digestURI(java.net.URI)>	sig:$r3 = virtualinvoke $r1.<java.net.URI: java.lang.String getRawAuthority()>()	timediff:0
I/System.out(10777): body:<com.box.restclientv2.httpclientsupport.HttpClientURIBuilder: void digestURI(java.net.URI)>	sig:$r3 = virtualinvoke $r1.<java.net.URI: java.lang.String getHost()>()	timediff:1
I/System.out(10777): body:<com.box.restclientv2.httpclientsupport.HttpClientURIBuilder: void digestURI(java.net.URI)>	sig:$i0 = virtualinvoke $r1.<java.net.URI: int getPort()>()	timediff:0
I/System.out(10777): body:<com.box.restclientv2.httpclientsupport.HttpClientURIBuilder: void digestURI(java.net.URI)>	sig:$r3 = virtualinvoke $r1.<java.net.URI: java.lang.String getRawUserInfo()>()	timediff:0
I/System.out(10777): body:<com.box.restclientv2.httpclientsupport.HttpClientURIBuilder: void digestURI(java.net.URI)>	sig:$r3 = virtualinvoke $r1.<java.net.URI: java.lang.String getUserInfo()>()	timediff:1
I/System.out(10777): body:<com.box.restclientv2.httpclientsupport.HttpClientURIBuilder: void digestURI(java.net.URI)>	sig:$r3 = virtualinvoke $r1.<java.net.URI: java.lang.String getRawPath()>()	timediff:0
D/dalvikvm(10777): GC_CONCURRENT freed 1636K, 16% free 9029K/10720K, paused 2ms+6ms, total 14ms
I/System.out(10777): body:<com.box.restclientv2.httpclientsupport.HttpClientURIBuilder: void digestURI(java.net.URI)>	sig:$r3 = virtualinvoke $r1.<java.net.URI: java.lang.String getPath()>()	timediff:0
I/System.out(10777): body:<com.box.restclientv2.httpclientsupport.HttpClientURIBuilder: void digestURI(java.net.URI)>	sig:$r3 = virtualinvoke $r1.<java.net.URI: java.lang.String getRawQuery()>()	timediff:0
I/System.out(10777): body:<com.box.restclientv2.httpclientsupport.HttpClientURIBuilder: void digestURI(java.net.URI)>	sig:$r3 = virtualinvoke $r1.<java.net.URI: java.lang.String getRawQuery()>()	timediff:0
I/System.out(10777): body:<com.box.restclientv2.httpclientsupport.HttpClientURIBuilder: void digestURI(java.net.URI)>	sig:$r3 = virtualinvoke $r1.<java.net.URI: java.lang.String getRawFragment()>()	timediff:0
I/System.out(10777): body:<com.box.restclientv2.httpclientsupport.HttpClientURIBuilder: void digestURI(java.net.URI)>	sig:$r3 = virtualinvoke $r1.<java.net.URI: java.lang.String getFragment()>()	timediff:0
W/UnimplementedWebViewApi(10777): Unimplemented WebView method onKeyDown called from: android.webkit.WebView.onKeyDown(WebView.java:2169)
I/System.out(10777): body:<com.box.android.views.BoxOAuthWebView$BoxOAuthWebViewClient: void handleSsoUrl(java.lang.String)>	sig:$r2 = staticinvoke <java.net.URI: java.net.URI create(java.lang.String)>($r1)	timediff:0
I/System.out(10777): body:<com.box.android.views.BoxOAuthWebView$BoxOAuthWebViewClient: void handleSsoUrl(java.lang.String)>	sig:$r1 = virtualinvoke $r2.<java.net.URI: java.lang.String getHost()>()	timediff:0
I/System.out(10777): body:<com.box.restclientv2.httpclientsupport.HttpClientURIBuilder: void <init>(java.lang.String)>	sig:specialinvoke $r2.<java.net.URI: void <init>(java.lang.String)>($r1)	timediff:1
I/System.out(10777): body:<com.box.restclientv2.httpclientsupport.HttpClientURIBuilder: void digestURI(java.net.URI)>	sig:$r3 = virtualinvoke $r1.<java.net.URI: java.lang.String getScheme()>()	timediff:0
I/System.out(10777): body:<com.box.restclientv2.httpclientsupport.HttpClientURIBuilder: void digestURI(java.net.URI)>	sig:$r3 = virtualinvoke $r1.<java.net.URI: java.lang.String getRawSchemeSpecificPart()>()	timediff:0
I/System.out(10777): body:<com.box.restclientv2.httpclientsupport.HttpClientURIBuilder: void digestURI(java.net.URI)>	sig:$r3 = virtualinvoke $r1.<java.net.URI: java.lang.String getRawAuthority()>()	timediff:0
I/System.out(10777): body:<com.box.restclientv2.httpclientsupport.HttpClientURIBuilder: void digestURI(java.net.URI)>	sig:$r3 = virtualinvoke $r1.<java.net.URI: java.lang.String getHost()>()	timediff:0
I/System.out(10777): body:<com.box.restclientv2.httpclientsupport.HttpClientURIBuilder: void digestURI(java.net.URI)>	sig:$i0 = virtualinvoke $r1.<java.net.URI: int getPort()>()	timediff:0
I/System.out(10777): body:<com.box.restclientv2.httpclientsupport.HttpClientURIBuilder: void digestURI(java.net.URI)>	sig:$r3 = virtualinvoke $r1.<java.net.URI: java.lang.String getRawUserInfo()>()	timediff:0
I/System.out(10777): body:<com.box.restclientv2.httpclientsupport.HttpClientURIBuilder: void digestURI(java.net.URI)>	sig:$r3 = virtualinvoke $r1.<java.net.URI: java.lang.String getUserInfo()>()	timediff:0
I/System.out(10777): body:<com.box.restclientv2.httpclientsupport.HttpClientURIBuilder: void digestURI(java.net.URI)>	sig:$r3 = virtualinvoke $r1.<java.net.URI: java.lang.String getRawPath()>()	timediff:0
I/System.out(10777): body:<com.box.restclientv2.httpclientsupport.HttpClientURIBuilder: void digestURI(java.net.URI)>	sig:$r3 = virtualinvoke $r1.<java.net.URI: java.lang.String getPath()>()	timediff:1
I/System.out(10777): body:<com.box.restclientv2.httpclientsupport.HttpClientURIBuilder: void digestURI(java.net.URI)>	sig:$r3 = virtualinvoke $r1.<java.net.URI: java.lang.String getRawQuery()>()	timediff:0
I/System.out(10777): body:<com.box.restclientv2.httpclientsupport.HttpClientURIBuilder: void digestURI(java.net.URI)>	sig:$r3 = virtualinvoke $r1.<java.net.URI: java.lang.String getRawQuery()>()	timediff:0
I/System.out(10777): body:<com.box.restclientv2.httpclientsupport.HttpClientURIBuilder: void digestURI(java.net.URI)>	sig:$r3 = virtualinvoke $r1.<java.net.URI: java.lang.String getRawFragment()>()	timediff:0
I/System.out(10777): body:<com.box.restclientv2.httpclientsupport.HttpClientURIBuilder: void digestURI(java.net.URI)>	sig:$r3 = virtualinvoke $r1.<java.net.URI: java.lang.String getFragment()>()	timediff:0
W/UnimplementedWebViewApi(10777): Unimplemented WebView method onKeyMultiple called from: android.webkit.WebView.onKeyMultiple(WebView.java:2179)
W/UnimplementedWebViewApi(10777): Unimplemented WebView method onKeyDown called from: android.webkit.WebView.onKeyDown(WebView.java:2169)
W/UnimplementedWebViewApi(10777): Unimplemented WebView method onKeyDown called from: android.webkit.WebView.onKeyDown(WebView.java:2169)
W/DebugConnManager(  681): getNetworkInfo() on networkType 1
W/EGL_emulation(10777): eglSurfaceAttrib not implemented 3093 12436
I/System.out(10777): body:<com.box.android.views.BoxOAuthWebView$BoxOAuthWebViewClient: void handleSsoUrl(java.lang.String)>	sig:$r2 = staticinvoke <java.net.URI: java.net.URI create(java.lang.String)>($r1)	timediff:0
I/System.out(10777): body:<com.box.android.views.BoxOAuthWebView$BoxOAuthWebViewClient: void handleSsoUrl(java.lang.String)>	sig:$r1 = virtualinvoke $r2.<java.net.URI: java.lang.String getHost()>()	timediff:0
I/System.out(10777): body:<com.box.restclientv2.httpclientsupport.HttpClientURIBuilder: void <init>(java.lang.String)>	sig:specialinvoke $r2.<java.net.URI: void <init>(java.lang.String)>($r1)	timediff:0
I/System.out(10777): body:<com.box.restclientv2.httpclientsupport.HttpClientURIBuilder: void digestURI(java.net.URI)>	sig:$r3 = virtualinvoke $r1.<java.net.URI: java.lang.String getScheme()>()	timediff:0
I/System.out(10777): body:<com.box.restclientv2.httpclientsupport.HttpClientURIBuilder: void digestURI(java.net.URI)>	sig:$r3 = virtualinvoke $r1.<java.net.URI: java.lang.String getRawSchemeSpecificPart()>()	timediff:0
I/System.out(10777): body:<com.box.restclientv2.httpclientsupport.HttpClientURIBuilder: void digestURI(java.net.URI)>	sig:$r3 = virtualinvoke $r1.<java.net.URI: java.lang.String getRawAuthority()>()	timediff:0
I/System.out(10777): body:<com.box.restclientv2.httpclientsupport.HttpClientURIBuilder: void digestURI(java.net.URI)>	sig:$r3 = virtualinvoke $r1.<java.net.URI: java.lang.String getHost()>()	timediff:0
I/System.out(10777): body:<com.box.restclientv2.httpclientsupport.HttpClientURIBuilder: void digestURI(java.net.URI)>	sig:$i0 = virtualinvoke $r1.<java.net.URI: int getPort()>()	timediff:0
I/System.out(10777): body:<com.box.restclientv2.httpclientsupport.HttpClientURIBuilder: void digestURI(java.net.URI)>	sig:$r3 = virtualinvoke $r1.<java.net.URI: java.lang.String getRawUserInfo()>()	timediff:0
I/System.out(10777): body:<com.box.restclientv2.httpclientsupport.HttpClientURIBuilder: void digestURI(java.net.URI)>	sig:$r3 = virtualinvoke $r1.<java.net.URI: java.lang.String getUserInfo()>()	timediff:0
I/System.out(10777): body:<com.box.restclientv2.httpclientsupport.HttpClientURIBuilder: void digestURI(java.net.URI)>	sig:$r3 = virtualinvoke $r1.<java.net.URI: java.lang.String getRawPath()>()	timediff:0
I/System.out(10777): body:<com.box.restclientv2.httpclientsupport.HttpClientURIBuilder: void digestURI(java.net.URI)>	sig:$r3 = virtualinvoke $r1.<java.net.URI: java.lang.String getPath()>()	timediff:0
I/System.out(10777): body:<com.box.restclientv2.httpclientsupport.HttpClientURIBuilder: void digestURI(java.net.URI)>	sig:$r3 = virtualinvoke $r1.<java.net.URI: java.lang.String getRawQuery()>()	timediff:0
I/System.out(10777): body:<com.box.restclientv2.httpclientsupport.HttpClientURIBuilder: void digestURI(java.net.URI)>	sig:$r3 = virtualinvoke $r1.<java.net.URI: java.lang.String getRawQuery()>()	timediff:0
I/System.out(10777): body:<com.box.restclientv2.httpclientsupport.HttpClientURIBuilder: void digestURI(java.net.URI)>	sig:$r3 = virtualinvoke $r1.<java.net.URI: java.lang.String getRawFragment()>()	timediff:0
I/System.out(10777): body:<com.box.restclientv2.httpclientsupport.HttpClientURIBuilder: void digestURI(java.net.URI)>	sig:$r3 = virtualinvoke $r1.<java.net.URI: java.lang.String getFragment()>()	timediff:0
W/ViewRootImpl(10777): Dropping event due to no window focus: KeyEvent { action=ACTION_DOWN, keyCode=KEYCODE_FORWARD_DEL, scanCode=0, metaState=0, flags=0x8, repeatCount=0, eventTime=1089188, downTime=1089188, deviceId=-1, source=0x101 }
W/ViewRootImpl(10777): Dropping event due to no window focus: KeyEvent { action=ACTION_DOWN, keyCode=KEYCODE_MENU, scanCode=0, metaState=0, flags=0x8, repeatCount=0, eventTime=1089349, downTime=1089349, deviceId=-1, source=0x101 }
W/ViewRootImpl(10777): Dropping event due to no window focus: KeyEvent { action=ACTION_DOWN, keyCode=KEYCODE_MENU, scanCode=0, metaState=0, flags=0x8, repeatCount=0, eventTime=1089355, downTime=1089355, deviceId=-1, source=0x101 }
W/InputMethodManagerService(  464): Window already focused, ignoring focus gain of: com.android.internal.view.IInputMethodClient$Stub$Proxy@4ae2d948 attribute=null, token = android.os.BinderProxy@4aa5e43c
W/ViewRootImpl(10777): Dropping event due to no window focus: MotionEvent { action=ACTION_MOVE, id[0]=0, x[0]=-1.0, y[0]=-4.0, toolType[0]=TOOL_TYPE_UNKNOWN, buttonState=0, metaState=0, flags=0x0, edgeFlags=0x0, pointerCount=1, historySize=15, eventTime=1089422, downTime=-1, deviceId=0, source=0x10004 }
W/EGL_emulation(10777): eglSurfaceAttrib not implemented 3093 12436
W/ViewRootImpl(10777): Dropping event due to no window focus: MotionEvent { action=ACTION_MOVE, id[0]=0, x[0]=1.0, y[0]=-1.0, toolType[0]=TOOL_TYPE_UNKNOWN, buttonState=0, metaState=0, flags=0x0, edgeFlags=0x0, pointerCount=1, historySize=3, eventTime=1089462, downTime=-1, deviceId=0, source=0x10004 }
W/ViewRootImpl(10777): Dropping event due to no window focus: MotionEvent { action=ACTION_DOWN, id[0]=0, x[0]=0.0, y[0]=0.0, toolType[0]=TOOL_TYPE_UNKNOWN, buttonState=0, metaState=0, flags=0x0, edgeFlags=0x0, pointerCount=1, historySize=0, eventTime=1089463, downTime=1089418, deviceId=0, source=0x10004 }
W/ViewRootImpl(10777): Dropping event due to no window focus: KeyEvent { action=ACTION_DOWN, keyCode=KEYCODE_MENU, scanCode=0, metaState=0, flags=0x8, repeatCount=0, eventTime=1089464, downTime=1089464, deviceId=-1, source=0x101 }
I/System.out(10777): body:<com.box.android.views.BoxOAuthWebView$BoxOAuthWebViewClient: void handleSsoUrl(java.lang.String)>	sig:$r2 = staticinvoke <java.net.URI: java.net.URI create(java.lang.String)>($r1)	timediff:0
I/System.out(10777): body:<com.box.android.views.BoxOAuthWebView$BoxOAuthWebViewClient: void handleSsoUrl(java.lang.String)>	sig:$r1 = virtualinvoke $r2.<java.net.URI: java.lang.String getHost()>()	timediff:0
I/System.out(10777): body:<com.box.restclientv2.httpclientsupport.HttpClientURIBuilder: void <init>(java.lang.String)>	sig:specialinvoke $r2.<java.net.URI: void <init>(java.lang.String)>($r1)	timediff:0
I/System.out(10777): body:<com.box.restclientv2.httpclientsupport.HttpClientURIBuilder: void digestURI(java.net.URI)>	sig:$r3 = virtualinvoke $r1.<java.net.URI: java.lang.String getScheme()>()	timediff:0
I/System.out(10777): body:<com.box.restclientv2.httpclientsupport.HttpClientURIBuilder: void digestURI(java.net.URI)>	sig:$r3 = virtualinvoke $r1.<java.net.URI: java.lang.String getRawSchemeSpecificPart()>()	timediff:0
I/System.out(10777): body:<com.box.restclientv2.httpclientsupport.HttpClientURIBuilder: void digestURI(java.net.URI)>	sig:$r3 = virtualinvoke $r1.<java.net.URI: java.lang.String getRawAuthority()>()	timediff:0
I/System.out(10777): body:<com.box.restclientv2.httpclientsupport.HttpClientURIBuilder: void digestURI(java.net.URI)>	sig:$r3 = virtualinvoke $r1.<java.net.URI: java.lang.String getHost()>()	timediff:0
I/System.out(10777): body:<com.box.restclientv2.httpclientsupport.HttpClientURIBuilder: void digestURI(java.net.URI)>	sig:$i0 = virtualinvoke $r1.<java.net.URI: int getPort()>()	timediff:0
I/System.out(10777): body:<com.box.restclientv2.httpclientsupport.HttpClientURIBuilder: void digestURI(java.net.URI)>	sig:$r3 = virtualinvoke $r1.<java.net.URI: java.lang.String getRawUserInfo()>()	timediff:0
I/System.out(10777): body:<com.box.restclientv2.httpclientsupport.HttpClientURIBuilder: void digestURI(java.net.URI)>	sig:$r3 = virtualinvoke $r1.<java.net.URI: java.lang.String getUserInfo()>()	timediff:0
I/System.out(10777): body:<com.box.restclientv2.httpclientsupport.HttpClientURIBuilder: void digestURI(java.net.URI)>	sig:$r3 = virtualinvoke $r1.<java.net.URI: java.lang.String getRawPath()>()	timediff:0
I/System.out(10777): body:<com.box.restclientv2.httpclientsupport.HttpClientURIBuilder: void digestURI(java.net.URI)>	sig:$r3 = virtualinvoke $r1.<java.net.URI: java.lang.String getPath()>()	timediff:0
I/System.out(10777): body:<com.box.restclientv2.httpclientsupport.HttpClientURIBuilder: void digestURI(java.net.URI)>	sig:$r3 = virtualinvoke $r1.<java.net.URI: java.lang.String getRawQuery()>()	timediff:0
I/System.out(10777): body:<com.box.restclientv2.httpclientsupport.HttpClientURIBuilder: void digestURI(java.net.URI)>	sig:$r3 = virtualinvoke $r1.<java.net.URI: java.lang.String getRawQuery()>()	timediff:0
I/System.out(10777): body:<com.box.restclientv2.httpclientsupport.HttpClientURIBuilder: void digestURI(java.net.URI)>	sig:$r3 = virtualinvoke $r1.<java.net.URI: java.lang.String getRawFragment()>()	timediff:0
I/System.out(10777): body:<com.box.restclientv2.httpclientsupport.HttpClientURIBuilder: void digestURI(java.net.URI)>	sig:$r3 = virtualinvoke $r1.<java.net.URI: java.lang.String getFragment()>()	timediff:0
W/ViewRootImpl(10777): Dropping event due to no window focus: KeyEvent { action=ACTION_DOWN, keyCode=KEYCODE_MENU, scanCode=0, metaState=0, flags=0x8, repeatCount=0, eventTime=1089538, downTime=1089538, deviceId=-1, source=0x101 }
W/ViewRootImpl(10777): Dropping event due to no window focus: KeyEvent { action=ACTION_DOWN, keyCode=KEYCODE_MENU, scanCode=0, metaState=0, flags=0x8, repeatCount=0, eventTime=1089545, downTime=1089545, deviceId=-1, source=0x101 }
V/PanelView(  532): animationTick called with dtms=0; nothing to do (h=0.0 v=-1275.7743)
V/PanelView(  532): animationTick called with dtms=-5; nothing to do (h=0.0 v=-1275.7743)
I/System.out(10777): body:<com.box.android.views.BoxOAuthWebView$BoxOAuthWebViewClient: void handleSsoUrl(java.lang.String)>	sig:$r2 = staticinvoke <java.net.URI: java.net.URI create(java.lang.String)>($r1)	timediff:1
I/System.out(10777): body:<com.box.android.views.BoxOAuthWebView$BoxOAuthWebViewClient: void handleSsoUrl(java.lang.String)>	sig:$r1 = virtualinvoke $r2.<java.net.URI: java.lang.String getHost()>()	timediff:0
I/System.out(10777): body:<com.box.restclientv2.httpclientsupport.HttpClientURIBuilder: void <init>(java.lang.String)>	sig:specialinvoke $r2.<java.net.URI: void <init>(java.lang.String)>($r1)	timediff:0
I/System.out(10777): body:<com.box.restclientv2.httpclientsupport.HttpClientURIBuilder: void digestURI(java.net.URI)>	sig:$r3 = virtualinvoke $r1.<java.net.URI: java.lang.String getScheme()>()	timediff:0
I/System.out(10777): body:<com.box.restclientv2.httpclientsupport.HttpClientURIBuilder: void digestURI(java.net.URI)>	sig:$r3 = virtualinvoke $r1.<java.net.URI: java.lang.String getRawSchemeSpecificPart()>()	timediff:0
I/System.out(10777): body:<com.box.restclientv2.httpclientsupport.HttpClientURIBuilder: void digestURI(java.net.URI)>	sig:$r3 = virtualinvoke $r1.<java.net.URI: java.lang.String getRawAuthority()>()	timediff:0
I/System.out(10777): body:<com.box.restclientv2.httpclientsupport.HttpClientURIBuilder: void digestURI(java.net.URI)>	sig:$r3 = virtualinvoke $r1.<java.net.URI: java.lang.String getHost()>()	timediff:0
I/System.out(10777): body:<com.box.restclientv2.httpclientsupport.HttpClientURIBuilder: void digestURI(java.net.URI)>	sig:$i0 = virtualinvoke $r1.<java.net.URI: int getPort()>()	timediff:0
I/System.out(10777): body:<com.box.restclientv2.httpclientsupport.HttpClientURIBuilder: void digestURI(java.net.URI)>	sig:$r3 = virtualinvoke $r1.<java.net.URI: java.lang.String getRawUserInfo()>()	timediff:0
I/System.out(10777): body:<com.box.restclientv2.httpclientsupport.HttpClientURIBuilder: void digestURI(java.net.URI)>	sig:$r3 = virtualinvoke $r1.<java.net.URI: java.lang.String getUserInfo()>()	timediff:0
I/System.out(10777): body:<com.box.restclientv2.httpclientsupport.HttpClientURIBuilder: void digestURI(java.net.URI)>	sig:$r3 = virtualinvoke $r1.<java.net.URI: java.lang.String getRawPath()>()	timediff:0
I/System.out(10777): body:<com.box.restclientv2.httpclientsupport.HttpClientURIBuilder: void digestURI(java.net.URI)>	sig:$r3 = virtualinvoke $r1.<java.net.URI: java.lang.String getPath()>()	timediff:0
I/System.out(10777): body:<com.box.restclientv2.httpclientsupport.HttpClientURIBuilder: void digestURI(java.net.URI)>	sig:$r3 = virtualinvoke $r1.<java.net.URI: java.lang.String getRawQuery()>()	timediff:0
I/System.out(10777): body:<com.box.restclientv2.httpclientsupport.HttpClientURIBuilder: void digestURI(java.net.URI)>	sig:$r3 = virtualinvoke $r1.<java.net.URI: java.lang.String getRawQuery()>()	timediff:0
I/System.out(10777): body:<com.box.restclientv2.httpclientsupport.HttpClientURIBuilder: void digestURI(java.net.URI)>	sig:$r3 = virtualinvoke $r1.<java.net.URI: java.lang.String getRawFragment()>()	timediff:0
I/System.out(10777): body:<com.box.restclientv2.httpclientsupport.HttpClientURIBuilder: void digestURI(java.net.URI)>	sig:$r3 = virtualinvoke $r1.<java.net.URI: java.lang.String getFragment()>()	timediff:0
W/ViewRootImpl(10777): Dropping event due to no window focus: MotionEvent { action=ACTION_MOVE, id[0]=0, x[0]=2.0, y[0]=1.0, toolType[0]=TOOL_TYPE_UNKNOWN, buttonState=0, metaState=0, flags=0x0, edgeFlags=0x0, pointerCount=1, historySize=29, eventTime=1089818, downTime=-1, deviceId=0, source=0x10004 }
W/ViewRootImpl(10777): Dropping event due to no window focus: KeyEvent { action=ACTION_DOWN, keyCode=KEYCODE_DPAD_CENTER, scanCode=0, metaState=0, flags=0x8, repeatCount=0, eventTime=1089819, downTime=1089819, deviceId=-1, source=0x101 }
W/InputMethodManagerService(  464): Window already focused, ignoring focus gain of: com.android.internal.view.IInputMethodClient$Stub$Proxy@4ac2aefc attribute=null, token = android.os.BinderProxy@4aa5e43c
I/System.out(10777): body:<com.box.android.views.BoxOAuthWebView$BoxOAuthWebViewClient: void handleSsoUrl(java.lang.String)>	sig:$r2 = staticinvoke <java.net.URI: java.net.URI create(java.lang.String)>($r1)	timediff:0
I/System.out(10777): body:<com.box.android.views.BoxOAuthWebView$BoxOAuthWebViewClient: void handleSsoUrl(java.lang.String)>	sig:$r1 = virtualinvoke $r2.<java.net.URI: java.lang.String getHost()>()	timediff:0
I/System.out(10777): body:<com.box.restclientv2.httpclientsupport.HttpClientURIBuilder: void <init>(java.lang.String)>	sig:specialinvoke $r2.<java.net.URI: void <init>(java.lang.String)>($r1)	timediff:0
I/System.out(10777): body:<com.box.restclientv2.httpclientsupport.HttpClientURIBuilder: void digestURI(java.net.URI)>	sig:$r3 = virtualinvoke $r1.<java.net.URI: java.lang.String getScheme()>()	timediff:0
I/System.out(10777): body:<com.box.restclientv2.httpclientsupport.HttpClientURIBuilder: void digestURI(java.net.URI)>	sig:$r3 = virtualinvoke $r1.<java.net.URI: java.lang.String getRawSchemeSpecificPart()>()	timediff:0
I/System.out(10777): body:<com.box.restclientv2.httpclientsupport.HttpClientURIBuilder: void digestURI(java.net.URI)>	sig:$r3 = virtualinvoke $r1.<java.net.URI: java.lang.String getRawAuthority()>()	timediff:0
I/System.out(10777): body:<com.box.restclientv2.httpclientsupport.HttpClientURIBuilder: void digestURI(java.net.URI)>	sig:$r3 = virtualinvoke $r1.<java.net.URI: java.lang.String getHost()>()	timediff:0
I/System.out(10777): body:<com.box.restclientv2.httpclientsupport.HttpClientURIBuilder: void digestURI(java.net.URI)>	sig:$i0 = virtualinvoke $r1.<java.net.URI: int getPort()>()	timediff:1
I/System.out(10777): body:<com.box.restclientv2.httpclientsupport.HttpClientURIBuilder: void digestURI(java.net.URI)>	sig:$r3 = virtualinvoke $r1.<java.net.URI: java.lang.String getRawUserInfo()>()	timediff:0
I/System.out(10777): body:<com.box.restclientv2.httpclientsupport.HttpClientURIBuilder: void digestURI(java.net.URI)>	sig:$r3 = virtualinvoke $r1.<java.net.URI: java.lang.String getUserInfo()>()	timediff:0
I/System.out(10777): body:<com.box.restclientv2.httpclientsupport.HttpClientURIBuilder: void digestURI(java.net.URI)>	sig:$r3 = virtualinvoke $r1.<java.net.URI: java.lang.String getRawPath()>()	timediff:0
I/System.out(10777): body:<com.box.restclientv2.httpclientsupport.HttpClientURIBuilder: void digestURI(java.net.URI)>	sig:$r3 = virtualinvoke $r1.<java.net.URI: java.lang.String getPath()>()	timediff:0
I/System.out(10777): body:<com.box.restclientv2.httpclientsupport.HttpClientURIBuilder: void digestURI(java.net.URI)>	sig:$r3 = virtualinvoke $r1.<java.net.URI: java.lang.String getRawQuery()>()	timediff:0
I/System.out(10777): body:<com.box.restclientv2.httpclientsupport.HttpClientURIBuilder: void digestURI(java.net.URI)>	sig:$r3 = virtualinvoke $r1.<java.net.URI: java.lang.String getRawQuery()>()	timediff:0
I/System.out(10777): body:<com.box.restclientv2.httpclientsupport.HttpClientURIBuilder: void digestURI(java.net.URI)>	sig:$r3 = virtualinvoke $r1.<java.net.URI: java.lang.String getRawFragment()>()	timediff:0
I/System.out(10777): body:<com.box.restclientv2.httpclientsupport.HttpClientURIBuilder: void digestURI(java.net.URI)>	sig:$r3 = virtualinvoke $r1.<java.net.URI: java.lang.String getFragment()>()	timediff:0
W/WindowManager(  464): updateFocusedWindowLocked, focusedAppToken is null.
W/EGL_emulation(  532): eglSurfaceAttrib not implemented 3093 12436
V/PanelView(  532): animationTick called with dtms=0; nothing to do (h=0.4458372 v=-3000.0)
V/PanelView(  532): animationTick called with dtms=0; nothing to do (h=0.4458372 v=-3000.0)
V/PanelView(  532): animationTick called with dtms=-2; nothing to do (h=0.4458372 v=-3000.0)
W/ViewRootImpl(  532): Dropping event due to no window focus: MotionEvent { action=ACTION_MOVE, id[0]=0, x[0]=-1.0, y[0]=1.0, toolType[0]=TOOL_TYPE_UNKNOWN, buttonState=0, metaState=0, flags=0x0, edgeFlags=0x0, pointerCount=1, historySize=0, eventTime=1090051, downTime=-1, deviceId=0, source=0x10004 }
W/ViewRootImpl(  532): Dropping event due to no window focus: KeyEvent { action=ACTION_DOWN, keyCode=KEYCODE_DPAD_LEFT, scanCode=0, metaState=0, flags=0x8, repeatCount=0, eventTime=1090058, downTime=1090058, deviceId=-1, source=0x101 }
W/ViewRootImpl(10777): Dropping event due to no window focus: KeyEvent { action=ACTION_DOWN, keyCode=KEYCODE_DPAD_UP, scanCode=0, metaState=0, flags=0x400, repeatCount=0, eventTime=1090196, downTime=1090196, deviceId=-1, source=0x101 }
W/ViewRootImpl(10777): Dropping event due to no window focus: KeyEvent { action=ACTION_DOWN, keyCode=KEYCODE_DPAD_UP, scanCode=0, metaState=0, flags=0x400, repeatCount=0, eventTime=1090196, downTime=1090196, deviceId=-1, source=0x101 }
W/ViewRootImpl(10777): Dropping event due to no window focus: KeyEvent { action=ACTION_DOWN, keyCode=KEYCODE_DPAD_LEFT, scanCode=0, metaState=0, flags=0x8, repeatCount=0, eventTime=1090197, downTime=1090197, deviceId=-1, source=0x101 }
W/ViewRootImpl(10777): Dropping event due to no window focus: KeyEvent { action=ACTION_DOWN, keyCode=KEYCODE_CAPTIONS, scanCode=0, metaState=0, flags=0x8, repeatCount=0, eventTime=1090211, downTime=1090211, deviceId=-1, source=0x101 }
W/InputMethodManagerService(  464): Window already focused, ignoring focus gain of: com.android.internal.view.IInputMethodClient$Stub$Proxy@4a9c722c attribute=null, token = android.os.BinderProxy@4aa5e43c
W/EGL_emulation(  532): eglSurfaceAttrib not implemented 3093 12436
I/ActivityManager(  464): START u0 {act=android.intent.action.MAIN cat=[android.intent.category.LAUNCHER] flg=0x10200000 cmp=com.box.android/.activities.login.SplashScreenActivity} from pid 10767
W/UnimplementedWebViewApi(10777): Unimplemented WebView method onKeyMultiple called from: android.webkit.WebView.onKeyMultiple(WebView.java:2179)
W/UnimplementedWebViewApi(10777): Unimplemented WebView method onKeyDown called from: android.webkit.WebView.onKeyDown(WebView.java:2169)
W/UnimplementedWebViewApi(10777): Unimplemented WebView method onKeyMultiple called from: android.webkit.WebView.onKeyMultiple(WebView.java:2179)
W/UnimplementedWebViewApi(10777): Unimplemented WebView method onKeyDown called from: android.webkit.WebView.onKeyDown(WebView.java:2169)
I/System.out(10777): body:<com.box.android.views.BoxOAuthWebView$BoxOAuthWebViewClient: void handleSsoUrl(java.lang.String)>	sig:$r2 = staticinvoke <java.net.URI: java.net.URI create(java.lang.String)>($r1)	timediff:0
I/System.out(10777): body:<com.box.android.views.BoxOAuthWebView$BoxOAuthWebViewClient: void handleSsoUrl(java.lang.String)>	sig:$r1 = virtualinvoke $r2.<java.net.URI: java.lang.String getHost()>()	timediff:0
I/System.out(10777): body:<com.box.restclientv2.httpclientsupport.HttpClientURIBuilder: void <init>(java.lang.String)>	sig:specialinvoke $r2.<java.net.URI: void <init>(java.lang.String)>($r1)	timediff:0
I/System.out(10777): body:<com.box.restclientv2.httpclientsupport.HttpClientURIBuilder: void digestURI(java.net.URI)>	sig:$r3 = virtualinvoke $r1.<java.net.URI: java.lang.String getScheme()>()	timediff:0
I/System.out(10777): body:<com.box.restclientv2.httpclientsupport.HttpClientURIBuilder: void digestURI(java.net.URI)>	sig:$r3 = virtualinvoke $r1.<java.net.URI: java.lang.String getRawSchemeSpecificPart()>()	timediff:0
I/System.out(10777): body:<com.box.restclientv2.httpclientsupport.HttpClientURIBuilder: void digestURI(java.net.URI)>	sig:$r3 = virtualinvoke $r1.<java.net.URI: java.lang.String getRawAuthority()>()	timediff:0
I/System.out(10777): body:<com.box.restclientv2.httpclientsupport.HttpClientURIBuilder: void digestURI(java.net.URI)>	sig:$r3 = virtualinvoke $r1.<java.net.URI: java.lang.String getHost()>()	timediff:0
I/System.out(10777): body:<com.box.restclientv2.httpclientsupport.HttpClientURIBuilder: void digestURI(java.net.URI)>	sig:$i0 = virtualinvoke $r1.<java.net.URI: int getPort()>()	timediff:1
I/System.out(10777): body:<com.box.restclientv2.httpclientsupport.HttpClientURIBuilder: void digestURI(java.net.URI)>	sig:$r3 = virtualinvoke $r1.<java.net.URI: java.lang.String getRawUserInfo()>()	timediff:0
