W/DebugConnManager(  689): getNetworkInfo() on networkType 1
I/ActivityManager(  484): START u0 {act=android.intent.action.VIEW dat=http://launcher.us.yeshen.com/api/app/detail?id=com.supercell.clashroyale flg=0x10000000 cmp=com.android.browser/.BrowserActivity} from pid 689
W/DebugConnManager(  689): getNetworkInfo() on networkType 1
I/ActivityManager(  484): START u0 {act=android.intent.action.VIEW dat=http://launcher.us.yeshen.com/api/app/detail?id=me.pou.app flg=0x10000000 cmp=com.android.browser/.BrowserActivity} from pid 689
W/DebugConnManager(  689): getNetworkInfo() on networkType 1
I/ActivityManager(  484): START u0 {act=android.intent.action.VIEW dat=http://launcher.us.yeshen.com/api/app/detail?id=me.pou.app flg=0x10000000 cmp=com.android.browser/.BrowserActivity} from pid 689
W/DebugConnManager(  689): getNetworkInfo() on networkType 1
I/ActivityManager(  484): START u0 {act=android.intent.action.VIEW dat=http://launcher.us.yeshen.com/api/app/detail?id=com.outfit7.mytalkingangelafree flg=0x10000000 cmp=com.android.browser/.BrowserActivity} from pid 689
W/DebugConnManager(  689): getNetworkInfo() on networkType 1
I/ActivityManager(  484): START u0 {act=android.intent.action.VIEW dat=http://launcher.us.yeshen.com/api/app/detail?id=com.outfit7.mytalkingangelafree flg=0x10000000 cmp=com.android.browser/.BrowserActivity} from pid 689
W/DebugConnManager(  689): getNetworkInfo() on networkType 1
I/ActivityManager(  484): START u0 {act=android.intent.action.VIEW dat=http://launcher.us.yeshen.com/api/app/detail?id=com.billiards.city.pool.nation.club flg=0x10000000 cmp=com.android.browser/.BrowserActivity} from pid 689
D/dalvikvm(  689): GC_FOR_ALLOC freed 7040K, 5% free 185004K/193364K, paused 97ms, total 97ms
W/ActivityManager(  484): Launch timeout has expired, giving up wake lock!
D/GoogleApiClientHelper(14159): endAppIndexApi() actionType: http://schema.org/ViewAction, objectName: MyFax Signup, objectId: null, objectAppUri: android-app://com.j2.myfax/http/myfax.com/welcome
W/NetworkManagementSocketTagger(  484): setKernelCountSet(10094, 0) failed with errno -13
E/Leanplum(14159): You cannot call pause before calling start
W/Icing   ( 1323): isOptedInForAppHistory: empty Account Name encountered
V/GoogleTagManager(14159): Dispatch call queued. Dispatch will run once initialization is complete.
E/Leanplum(14159): You cannot call pause before calling start
D/GoogleApiClientHelper(14159): endAppIndexApi(): null
I/ActivityManager(  484): START u0 {act=android.intent.action.CALL_BUTTON flg=0x10000000} from pid 689
W/PhoneFallbackEventHandler(  689): No activity found for android.intent.action.CALL_BUTTON.
I/ActivityManager(  484): START u0 {act=android.intent.action.MAIN cat=[android.intent.category.LAUNCHER] flg=0x10200000 cmp=com.j2.myfax/.MyFaxMain} from pid 14149
D/yeshen  (  689): launcher onpause
D/Main    (14159): onCreate()
D/HttpConnection(14159): Loading Cookie Store from Cache
D/HttpConnection(14159): Strict certificate: https://central.myfax.com
W/NetworkManagementSocketTagger(  484): setKernelCountSet(10094, 1) failed with errno -13
W/GCoreFlp( 1323): No location to return for getLastLocation()
D/Main    (14159): appPackageName=com.j2.myfax
D/Main    (14159): appVersion=4.10.0
D/Main    (14159): appVersionNumber=4.10.0
D/Main    (14159): getBuildType() appName: 4.10.0
D/Main    (14159): getBuildType() brand: myfax
D/HttpConnection(14159): Loading Cookie Store from Cache
D/HttpConnection(14159): Strict certificate: https://central.myfax.com
D/AppsFlyer_4.5.1(14159): Build Number: 242
I/AppsFlyer_4.5.1(14159): onBecameForeground
D/FaxActionBarActivity(14159): initActionBar()
D/Main    (14159): onResume()
D/C2DMessaging(14159): register()
D/CacheController(14159): File Not Found: java.io.FileNotFoundException: /data/data/com.j2.myfax/files/FolderListCache.txt: open failed: ENOENT (No such file or directory)
W/System.err(14159): java.io.FileNotFoundException: /data/data/com.j2.myfax/files/FolderListCache.txt: open failed: ENOENT (No such file or directory)
W/System.err(14159): 	at libcore.io.IoBridge.open(IoBridge.java:409)
W/System.err(14159): 	at java.io.FileInputStream.<init>(FileInputStream.java:78)
W/System.err(14159): 	at android.app.ContextImpl.openFileInput(ContextImpl.java:780)
W/System.err(14159): 	at android.content.ContextWrapper.openFileInput(ContextWrapper.java:179)
D/C2DMessaging(14159): enableC2DM() ENABLE Registration SenderID = 984131513025 , Uses GCM = true
V/GoogleTagManager(14159): Attempting to load a container from the resource ID 2131099651 (com.j2.myfax:raw/gtm_psjkdc_v6)
I/AppsFlyer_4.5.1(14159): AsendTrackingWithEvent from activity: com.j2.myfax.MyFaxMain
I/AppsFlyer_4.5.1(14159): ******* sendTrackingWithEvent: Launch
W/AppsFlyer_4.5.1(14159): Permission android.permission.ACCESS_WIFI_STATE is missing in the AndroidManifest.xml
I/AppsFlyer_4.5.1(14159): IMEI was not collected.
W/GoogleTagManager(14159): Failed to extract the container from the resource file. Resource is a UTF-8 encoded string but doesn't contain a JSON container
I/AppsFlyer_4.5.1(14159): Android ID was not collected.
E/ActivityThread(14159): Failed to find provider info for com.facebook.katana.provider.AttributionIdProvider
E/GoogleTagManager(14159): The resource file is corrupted. The container cannot be extracted from the binary file
W/System.err(14159): 	at com.j2.fax.cache.CacheController.loadCacheData(CacheController.java:74)
W/System.err(14159): 	at com.j2.fax.cache.CacheController.loadAllCachedData(CacheController.java:165)
W/System.err(14159): 	at com.j2.fax.cache.CacheController.access$000(CacheController.java:18)
W/System.err(14159): 	at com.j2.fax.cache.CacheController$1.run(CacheController.java:66)
W/System.err(14159): 	at java.lang.Thread.run(Thread.java:841)
W/System.err(14159): Caused by: libcore.io.ErrnoException: open failed: ENOENT (No such file or directory)
W/System.err(14159): 	at libcore.io.Posix.open(Native Method)
W/System.err(14159): 	at libcore.io.BlockGuardOs.open(BlockGuardOs.java:110)
W/System.err(14159): 	at libcore.io.IoBridge.open(IoBridge.java:393)
W/System.err(14159): 	... 8 more
D/CacheController(14159): File Not Found: java.io.FileNotFoundException: /data/data/com.j2.myfax/files/FaxMessageListCache.txt: open failed: ENOENT (No such file or directory)
W/System.err(14159): java.io.FileNotFoundException: /data/data/com.j2.myfax/files/FaxMessageListCache.txt: open failed: ENOENT (No such file or directory)
W/System.err(14159): 	at libcore.io.IoBridge.open(IoBridge.java:409)
W/System.err(14159): 	at java.io.FileInputStream.<init>(FileInputStream.java:78)
W/System.err(14159): 	at android.app.ContextImpl.openFileInput(ContextImpl.java:780)
W/System.err(14159): 	at android.content.ContextWrapper.openFileInput(ContextWrapper.java:179)
W/System.err(14159): 	at com.j2.fax.cache.CacheController.loadCacheData(CacheController.java:74)
W/System.err(14159): 	at com.j2.fax.cache.CacheController.loadAllCachedData(CacheController.java:166)
W/System.err(14159): 	at com.j2.fax.cache.CacheController.access$000(CacheController.java:18)
W/System.err(14159): 	at com.j2.fax.cache.CacheController$1.run(CacheController.java:66)
W/System.err(14159): 	at java.lang.Thread.run(Thread.java:841)
W/System.err(14159): Caused by: libcore.io.ErrnoException: open failed: ENOENT (No such file or directory)
W/System.err(14159): 	at libcore.io.Posix.open(Native Method)
W/System.err(14159): 	at libcore.io.BlockGuardOs.open(BlockGuardOs.java:110)
W/System.err(14159): 	at libcore.io.IoBridge.open(IoBridge.java:393)
W/System.err(14159): 	... 8 more
D/CacheController(14159): File Not Found: java.io.FileNotFoundException: /data/data/com.j2.myfax/files/SignatureHashCache.txt: open failed: ENOENT (No such file or directory)
W/System.err(14159): java.io.FileNotFoundException: /data/data/com.j2.myfax/files/SignatureHashCache.txt: open failed: ENOENT (No such file or directory)
W/System.err(14159): 	at libcore.io.IoBridge.open(IoBridge.java:409)
W/System.err(14159): 	at java.io.FileInputStream.<init>(FileInputStream.java:78)
W/System.err(14159): 	at android.app.ContextImpl.openFileInput(ContextImpl.java:780)
W/System.err(14159): 	at android.content.ContextWrapper.openFileInput(ContextWrapper.java:179)
D/FaxActivity(14159): Starting api call to url: https://api.mobile.j2.com/signup/v1/signup/offers?offer_code=MYFAX_BESTVALUE_USD_1000_1MO_NOACT_30DAY_200PGIFT_1000SEND
D/FaxActivity(14159): Starting api call to url: https://api.mobile.j2.com/signup/v1/general/geolocations?locale=en-US
D/FaxActivity(14159): Starting api call to url: https://api.mobile.j2.com/signup/v1/inventory/countries?locale=en-US
D/FaxActivity(14159): Starting api call to url: https://api.mobile.j2.com/signup/v1/billing/countries?locale=en-US
D/FaxActivity(14159): Starting api call to url: https://api.mobile.j2.com/signup/v1/billing/payment_methods?locale=en-US
D/FaxActivity(14159): Starting api call to url: https://api.mobile.j2.com/signup/v1/general/currencies
V/GoogleTagManager(14159): Attempting to load resource from disk
D/FaxActivity(14159): Trying api call to url: https://api.mobile.j2.com/signup/v1/signup/offers?offer_code=MYFAX_BESTVALUE_USD_1000_1MO_NOACT_30DAY_200PGIFT_1000SEND
D/HttpConnection(14159): Loading Cookie Store from Cache
D/HttpConnection(14159): Strict certificate: https://central.myfax.com
D/FaxActivity(14159): Trying api call to url: https://api.mobile.j2.com/signup/v1/general/geolocations?locale=en-US
D/HttpConnection(14159): Loading Cookie Store from Cache
D/HttpConnection(14159): Strict certificate: https://central.myfax.com
I/HttpConnection(14159): !****** HTTP GET ******!: https://api.mobile.j2.com/signup/v1/signup/offers?offer_code=MYFAX_BESTVALUE_USD_1000_1MO_NOACT_30DAY_200PGIFT_1000SEND
D/FaxActivity(14159): Trying api call to url: https://api.mobile.j2.com/signup/v1/inventory/countries?locale=en-US
D/HttpConnection(14159): Loading Cookie Store from Cache
D/HttpConnection(14159): Strict certificate: https://central.myfax.com
I/System.out(14159): body:<com.j2.fax.http.HttpConnection: org.apache.http.HttpResponse executeHttpRequest(org.apache.http.client.methods.HttpRequestBase)>	sig:$r4 = virtualinvoke $r3.<java.net.URI: java.lang.String toString()>()	timediff:0
D/HttpConnection(14159): Checking for network connectivity... (0ms elapsed)
D/FaxActivity(14159): Starting api call to url: https://api.mobile.j2.com/signup/v1/billing/send_rates?currency_code=USD&locale=en-US
D/Main    (14159): onResume() IsFirstLaunch: false
D/dalvikvm(14159): GC_FOR_ALLOC freed 1483K, 16% free 8484K/10068K, paused 11ms, total 11ms
D/HttpConnection(14159): Loading Cookie Store from Cache
D/HttpConnection(14159): Strict certificate: https://central.myfax.com
V/GoogleTagManager(14159): loadAfterDelay: containerId=GTM-WKT9H4 delay=41738208
D/GoogleTagManager(14159): Setting previous container version: Nw$0
W/System.err(14159): 	at com.j2.fax.cache.CacheController.loadCacheData(CacheController.java:74)
W/System.err(14159): 	at com.j2.fax.cache.CacheController.loadAllCachedData(CacheController.java:167)
W/System.err(14159): 	at com.j2.fax.cache.CacheController.access$000(CacheController.java:18)
W/System.err(14159): 	at com.j2.fax.cache.CacheController$1.run(CacheController.java:66)
W/System.err(14159): 	at java.lang.Thread.run(Thread.java:841)
W/System.err(14159): Caused by: libcore.io.ErrnoException: open failed: ENOENT (No such file or directory)
W/System.err(14159): 	at libcore.io.Posix.open(Native Method)
W/System.err(14159): 	at libcore.io.BlockGuardOs.open(BlockGuardOs.java:110)
W/System.err(14159): 	at libcore.io.IoBridge.open(IoBridge.java:393)
W/System.err(14159): 	... 8 more
D/CacheController(14159): File Not Found: java.io.FileNotFoundException: /data/data/com.j2.myfax/files/ContactsListCache.txt: open failed: ENOENT (No such file or directory)
W/System.err(14159): java.io.FileNotFoundException: /data/data/com.j2.myfax/files/ContactsListCache.txt: open failed: ENOENT (No such file or directory)
W/System.err(14159): 	at libcore.io.IoBridge.open(IoBridge.java:409)
W/System.err(14159): 	at java.io.FileInputStream.<init>(FileInputStream.java:78)
W/System.err(14159): 	at android.app.ContextImpl.openFileInput(ContextImpl.java:780)
W/System.err(14159): 	at android.content.ContextWrapper.openFileInput(ContextWrapper.java:179)
W/System.err(14159): 	at com.j2.fax.cache.CacheController.loadCacheData(CacheController.java:74)
W/System.err(14159): 	at com.j2.fax.cache.CacheController.loadAllCachedData(CacheController.java:168)
W/System.err(14159): 	at com.j2.fax.cache.CacheController.access$000(CacheController.java:18)
W/System.err(14159): 	at com.j2.fax.cache.CacheController$1.run(CacheController.java:66)
W/System.err(14159): 	at java.lang.Thread.run(Thread.java:841)
W/System.err(14159): Caused by: libcore.io.ErrnoException: open failed: ENOENT (No such file or directory)
W/System.err(14159): 	at libcore.io.Posix.open(Native Method)
W/System.err(14159): 	at libcore.io.BlockGuardOs.open(BlockGuardOs.java:110)
W/System.err(14159): 	at libcore.io.IoBridge.open(IoBridge.java:393)
W/System.err(14159): 	... 8 more
D/CacheController(14159): File Not Found: java.io.FileNotFoundException: /data/data/com.j2.myfax/files/OutgoingFaxCache.txt: open failed: ENOENT (No such file or directory)
W/System.err(14159): java.io.FileNotFoundException: /data/data/com.j2.myfax/files/OutgoingFaxCache.txt: open failed: ENOENT (No such file or directory)
W/System.err(14159): 	at libcore.io.IoBridge.open(IoBridge.java:409)
W/System.err(14159): 	at java.io.FileInputStream.<init>(FileInputStream.java:78)
W/System.err(14159): 	at android.app.ContextImpl.openFileInput(ContextImpl.java:780)
W/System.err(14159): 	at android.content.ContextWrapper.openFileInput(ContextWrapper.java:179)
W/System.err(14159): 	at com.j2.fax.cache.CacheController.loadCacheData(CacheController.java:74)
W/System.err(14159): 	at com.j2.fax.cache.CacheController.loadAllCachedData(CacheController.java:169)
W/System.err(14159): 	at com.j2.fax.cache.CacheController.access$000(CacheController.java:18)
W/System.err(14159): 	at com.j2.fax.cache.CacheController$1.run(CacheController.java:66)
W/System.err(14159): 	at java.lang.Thread.run(Thread.java:841)
W/System.err(14159): Caused by: libcore.io.ErrnoException: open failed: ENOENT (No such file or directory)
W/System.err(14159): 	at libcore.io.Posix.open(Native Method)
W/System.err(14159): 	at libcore.io.BlockGuardOs.open(BlockGuardOs.java:110)
W/System.err(14159): 	at libcore.io.IoBridge.open(IoBridge.java:393)
W/System.err(14159): 	... 8 more
I/HttpConnection(14159): !****** HTTP GET ******!: https://api.mobile.j2.com/signup/v1/general/geolocations?locale=en-US
I/System.out(14159): body:<com.j2.fax.http.HttpConnection: org.apache.http.HttpResponse executeHttpRequest(org.apache.http.client.methods.HttpRequestBase)>	sig:$r4 = virtualinvoke $r3.<java.net.URI: java.lang.String toString()>()	timediff:0
D/HttpConnection(14159): Checking for network connectivity... (0ms elapsed)
I/HttpConnection(14159): !****** HTTP GET ******!: https://api.mobile.j2.com/signup/v1/inventory/countries?locale=en-US
I/System.out(14159): body:<com.j2.fax.http.HttpConnection: org.apache.http.HttpResponse executeHttpRequest(org.apache.http.client.methods.HttpRequestBase)>	sig:$r4 = virtualinvoke $r3.<java.net.URI: java.lang.String toString()>()	timediff:1
D/HttpConnection(14159): Checking for network connectivity... (0ms elapsed)
E/GoogleTagManager(14159): Invalid macro: _gtm.loadEventEnabled
V/GoogleTagManager(14159): The Disk resource was successfully read.
D/dalvikvm(14159): GC_CONCURRENT freed 1011K, 18% free 8556K/10412K, paused 0ms+2ms, total 34ms
W/EGL_emulation(14159): eglSurfaceAttrib not implemented 3093 12436
W/ViewRootImpl(14159): Dropping event due to no window focus: KeyEvent { action=ACTION_DOWN, keyCode=KEYCODE_DPAD_UP, scanCode=0, metaState=0, flags=0x8, repeatCount=0, eventTime=8396509, downTime=8396509, deviceId=-1, source=0x101 }
W/ViewRootImpl(14159): Dropping event due to no window focus: KeyEvent { action=ACTION_DOWN, keyCode=KEYCODE_SOFT_RIGHT, scanCode=0, metaState=0, flags=0x8, repeatCount=0, eventTime=8396948, downTime=8396948, deviceId=-1, source=0x101 }
I/AppsFlyer_4.5.1(14159): AppsFlyer: first launch date: 2018-04-19_1954-0300
I/AppsFlyer_4.5.1(14159): AppsFlyerLib.sendTrackingWithEvent
I/System.out(14159): body:<com.appsflyer.AppsFlyerLib: void sendRequestToServer(java.lang.String,java.lang.String,java.lang.String,java.lang.ref.WeakReference,java.lang.String,boolean)>	sig:specialinvoke $r7.<java.net.URL: void <init>(java.lang.String)>($r1)	timediff:0
I/System.out(14159): <com.appsflyer.AppsFlyerLib: void sendRequestToServer(java.lang.String,java.lang.String,java.lang.String,java.lang.ref.WeakReference,java.lang.String,boolean)>###specialinvoke $r7.<java.net.URL: void <init>(java.lang.String)>($r1)###https://t.appsflyer.com/api/v4/androidevent?buildnumber=5.1&app_id=com.j2.myfax
I/System.out(14159): body:<com.appsflyer.AppsFlyerLib: void sendRequestToServer(java.lang.String,java.lang.String,java.lang.String,java.lang.ref.WeakReference,java.lang.String,boolean)>	sig:$r9 = virtualinvoke $r7.<java.net.URL: java.lang.String toString()>()	timediff:0
I/AppsFlyer_4.5.1(14159): url: https://t.appsflyer.com/api/v4/androidevent?buildnumber=5.1&app_id=com.j2.myfax
I/System.out(14159): body:<com.appsflyer.AppsFlyerLib: void sendRequestToServer(java.lang.String,java.lang.String,java.lang.String,java.lang.ref.WeakReference,java.lang.String,boolean)>	sig:$r9 = virtualinvoke $r7.<java.net.URL: java.lang.String toString()>()	timediff:1
I/AppsFlyer_4.5.1(14159): data: {"uid":"1524177727614-7335882776957600567","model":"SM-G930K","app_version_code":"5","af_v":"7e6cd0dffaf8f0b483a6da380d971da90c2bd87a","isGaidWithGps":"true","af_preinstalled":"false","deviceFingerPrintId":"ffffffff-f5c1-e66a-0000-00006e77cb58","lang":"English","network":"WIFI","installDate":"2018-04-19_1942-0300","firstLaunchDate":"2018-04-19_1954-0300","deviceType":"user","carrier":"T-Mobile","date2":"2018-04-19_1942-0300","sdk":"19","advertiserIdEnabled":"true","iaecounter":"0","timepassedsincelastlaunch":"17","dkh":"UA-47092","date1":"2018-04-19_1942-0300","appsflyerKey":"UA*******25-8","counter":"4","operator":"T-Mobile","af_events_api":"1","country":"US","product":"heroltektt","isFirstCall":"false","af_timestamp":"1524179944572","device":"heroltektt","brand":"samsung","lang_code":"en","app_version_name":"4.10.0","platformextension":"android_native","advertiserId":"32c3adf2-4ef0-4bfa-9817-0931a0a194ab"}
I/System.out(14159): body:<com.appsflyer.AppsFlyerLib: void callServer(java.net.URL,java.lang.String,java.lang.String,java.lang.ref.WeakReference,java.lang.String,boolean)>	sig:$r12 = virtualinvoke $r1.<java.net.URL: java.net.URLConnection openConnection()>()	timediff:0
I/System.out(14159): body:<com.appsflyer.AppsFlyerLib: void callServer(java.net.URL,java.lang.String,java.lang.String,java.lang.ref.WeakReference,java.lang.String,boolean)>	sig:virtualinvoke $r13.<java.net.HttpURLConnection: void setRequestMethod(java.lang.String)>("POST")	timediff:0
I/System.out(14159): body:<com.appsflyer.AppsFlyerLib: void callServer(java.net.URL,java.lang.String,java.lang.String,java.lang.ref.WeakReference,java.lang.String,boolean)>	sig:virtualinvoke $r13.<java.net.HttpURLConnection: void setRequestProperty(java.lang.String,java.lang.String)>("Content-Length", $r15)	timediff:0
I/System.out(14159): body:<com.appsflyer.AppsFlyerLib: void callServer(java.net.URL,java.lang.String,java.lang.String,java.lang.ref.WeakReference,java.lang.String,boolean)>	sig:virtualinvoke $r13.<java.net.HttpURLConnection: void setRequestProperty(java.lang.String,java.lang.String)>("Content-Type", "application/json")	timediff:0
I/System.out(14159): body:<com.appsflyer.AppsFlyerLib: void callServer(java.net.URL,java.lang.String,java.lang.String,java.lang.ref.WeakReference,java.lang.String,boolean)>	sig:virtualinvoke $r13.<java.net.HttpURLConnection: void setConnectTimeout(int)>(10000)	timediff:0
I/System.out(14159): body:<com.appsflyer.AppsFlyerLib: void callServer(java.net.URL,java.lang.String,java.lang.String,java.lang.ref.WeakReference,java.lang.String,boolean)>	sig:virtualinvoke $r13.<java.net.HttpURLConnection: void setDoOutput(boolean)>(1)	timediff:0
W/ContextImpl(  484): Calling a method in the system process without a qualified user: android.app.ContextImpl.sendBroadcast:1123 com.android.server.InputMethodManagerService.hideCurrentInputLocked:1880 com.android.server.InputMethodManagerService.windowGainedFocus:1968 com.android.internal.view.IInputMethodManager$Stub.onTransact:221 com.android.server.InputMethodManagerService.onTransact:818 
I/System.out(14159): body:<com.appsflyer.AppsFlyerLib: void callServer(java.net.URL,java.lang.String,java.lang.String,java.lang.ref.WeakReference,java.lang.String,boolean)>	sig:$r16 = virtualinvoke $r13.<java.net.HttpURLConnection: java.io.OutputStream getOutputStream()>()	timediff:13
I/ActivityManager(  484): Displayed com.j2.myfax/.MyFaxMain: +494ms
D/HttpConnection(14159): Unable to execute http request. Exception: javax.net.ssl.SSLPeerUnverifiedException: No peer certificate
D/FaxActivity(14159): Trying api call to url: https://api.mobile.j2.com/signup/v1/billing/countries?locale=en-US
D/HttpConnection(14159): Loading Cookie Store from Cache
D/HttpConnection(14159): Strict certificate: https://central.myfax.com
I/HttpConnection(14159): !****** HTTP GET ******!: https://api.mobile.j2.com/signup/v1/billing/countries?locale=en-US
I/System.out(14159): body:<com.j2.fax.http.HttpConnection: org.apache.http.HttpResponse executeHttpRequest(org.apache.http.client.methods.HttpRequestBase)>	sig:$r4 = virtualinvoke $r3.<java.net.URI: java.lang.String toString()>()	timediff:0
D/HttpConnection(14159): Checking for network connectivity... (0ms elapsed)
D/HttpConnection(14159): Unable to execute http request. Exception: javax.net.ssl.SSLPeerUnverifiedException: No peer certificate
D/HttpConnection(14159): Unable to execute http request. Exception: javax.net.ssl.SSLPeerUnverifiedException: No peer certificate
D/FaxActivity(14159): Trying api call to url: https://api.mobile.j2.com/signup/v1/billing/payment_methods?locale=en-US
D/HttpConnection(14159): Loading Cookie Store from Cache
D/HttpConnection(14159): Strict certificate: https://central.myfax.com
I/HttpConnection(14159): !****** HTTP GET ******!: https://api.mobile.j2.com/signup/v1/billing/payment_methods?locale=en-US
I/System.out(14159): body:<com.j2.fax.http.HttpConnection: org.apache.http.HttpResponse executeHttpRequest(org.apache.http.client.methods.HttpRequestBase)>	sig:$r4 = virtualinvoke $r3.<java.net.URI: java.lang.String toString()>()	timediff:0
D/HttpConnection(14159): Checking for network connectivity... (0ms elapsed)
D/FaxActivity(14159): Trying api call to url: https://api.mobile.j2.com/signup/v1/general/currencies
D/HttpConnection(14159): Loading Cookie Store from Cache
D/HttpConnection(14159): Strict certificate: https://central.myfax.com
I/HttpConnection(14159): !****** HTTP GET ******!: https://api.mobile.j2.com/signup/v1/general/currencies
I/System.out(14159): body:<com.j2.fax.http.HttpConnection: org.apache.http.HttpResponse executeHttpRequest(org.apache.http.client.methods.HttpRequestBase)>	sig:$r4 = virtualinvoke $r3.<java.net.URI: java.lang.String toString()>()	timediff:1
D/HttpConnection(14159): Checking for network connectivity... (0ms elapsed)
D/FaxActivity(14159): API Request: https://api.mobile.j2.com/signup/v1/signup/offers?offer_code=MYFAX_BESTVALUE_USD_1000_1MO_NOACT_30DAY_200PGIFT_1000SEND
D/FaxActivity(14159): API Results: 
D/FaxActivity(14159): API Request: https://api.mobile.j2.com/signup/v1/inventory/countries?locale=en-US
D/FaxActivity(14159): API Results: 
D/FaxActivity(14159): API Request: https://api.mobile.j2.com/signup/v1/general/geolocations?locale=en-US
D/FaxActivity(14159): API Results: 
D/C2DMBroadcastReceiver(14159): C2DM Registration REGISTRATION_ID = APA91bFgTAMLChifZShpXenQaiOFQZT5Itp5asQySvcPNyirB1qCf85lCS7VNOl7_OnW19i53K3BfZDbz9Rkhf_b3hBzMLmCyvWHbh7f307_7A8Bm5hXtPs , UNREGISTERED = null , ERROR = null
D/C2DMReceiver(14159): onRegistered() Registration ID: APA91bFgTAMLChifZShpXenQaiOFQZT5Itp5asQySvcPNyirB1qCf85lCS7VNOl7_OnW19i53K3BfZDbz9Rkhf_b3hBzMLmCyvWHbh7f307_7A8Bm5hXtPs
I/System.out(14159): body:<com.appsflyer.AppsFlyerLib: void callServer(java.net.URL,java.lang.String,java.lang.String,java.lang.ref.WeakReference,java.lang.String,boolean)>	sig:$i0 = virtualinvoke $r13.<java.net.HttpURLConnection: int getResponseCode()>()	timediff:261
D/AppsFlyer_4.5.1(14159): response code: 200
I/System.out(14159): body:<com.appsflyer.AppsFlyerLib: void callServer(java.net.URL,java.lang.String,java.lang.String,java.lang.ref.WeakReference,java.lang.String,boolean)>	sig:virtualinvoke $r13.<java.net.HttpURLConnection: void disconnect()>()	timediff:0
D/yeshen  (  689): launcher onstop
W/DebugConnManager(  689): getNetworkInfo() on networkType 1
D/FirebaseApp(  689): Notifying background state change listeners.
D/Tinker.DefaultAppLike(  689): onTrimMemory level:20
W/ViewRootImpl(14159): Dropping event due to no window focus: KeyEvent { action=ACTION_DOWN, keyCode=KEYCODE_DPAD_RIGHT, scanCode=0, metaState=0, flags=0x8, repeatCount=0, eventTime=8397441, downTime=8397441, deviceId=-1, source=0x101 }
I/ActivityManager(  484): START u0 {act=android.intent.action.MAIN cat=[android.intent.category.LAUNCHER] flg=0x10000000 sel={act=android.intent.action.MAIN cat=[android.intent.category.APP_MUSIC]}} from pid 484
W/EGL_emulation(14159): eglSurfaceAttrib not implemented 3093 12436
D/HttpConnection(14159): Unable to execute http request. Exception: javax.net.ssl.SSLPeerUnverifiedException: No peer certificate
D/HttpConnection(14159): Unable to execute http request. Exception: javax.net.ssl.SSLPeerUnverifiedException: No peer certificate
D/FaxActivity(14159): Trying api call to url: https://api.mobile.j2.com/signup/v1/billing/send_rates?currency_code=USD&locale=en-US
D/HttpConnection(14159): Loading Cookie Store from Cache
D/HttpConnection(14159): Strict certificate: https://central.myfax.com
I/HttpConnection(14159): !****** HTTP GET ******!: https://api.mobile.j2.com/signup/v1/billing/send_rates?currency_code=USD&locale=en-US
I/System.out(14159): body:<com.j2.fax.http.HttpConnection: org.apache.http.HttpResponse executeHttpRequest(org.apache.http.client.methods.HttpRequestBase)>	sig:$r4 = virtualinvoke $r3.<java.net.URI: java.lang.String toString()>()	timediff:0
D/HttpConnection(14159): Checking for network connectivity... (0ms elapsed)
D/HttpConnection(14159): Unable to execute http request. Exception: javax.net.ssl.SSLPeerUnverifiedException: No peer certificate
D/FaxActivity(14159): API Request: https://api.mobile.j2.com/signup/v1/billing/payment_methods?locale=en-US
D/FaxActivity(14159): API Results: 
D/FaxActivity(14159): API Request: https://api.mobile.j2.com/signup/v1/billing/countries?locale=en-US
D/FaxActivity(14159): API Results: 
D/FaxActivity(14159): API Request: https://api.mobile.j2.com/signup/v1/general/currencies
D/FaxActivity(14159): API Results: 
D/Main    (14159): startStartupActivity()
I/ActivityManager(  484): START u0 {cmp=com.j2.myfax/com.j2.fax.activity.FirstScreenActivity} from pid 14159
D/HttpConnection(14159): Loading Cookie Store from Cache
D/HttpConnection(14159): Strict certificate: https://central.myfax.com
D/HttpConnection(14159): Loading Cookie Store from Cache
D/HttpConnection(14159): Strict certificate: https://central.myfax.com
D/FaxActivity(14159): Starting api call to url: https://api.mobile.j2.com/signup/v1/signup/offers?offer_code=EFAX_MOBILE_USD_1695_MON_NOACT_NOTRI_150PGIFT_1500SEND
D/FaxActivity(14159): Starting api call to url: https://api.mobile.j2.com/signup/v1/signup/offers?offer_code=EFAX_PLUS_USD_1695_1MO_NOACT_30DAY_150PGIFT_1500SEND
D/FaxActivity(14159): Starting api call to url: https://api.mobile.j2.com/signup/v1/signup/offers?offer_code=MYFAX_BESTVALUE_USD_1000_1MO_NOACT_30DAY_200PGIFT_1000SEND
D/FaxActivity(14159): Starting api call to url: https://api.mobile.j2.com/signup/v1/general/geolocations?locale=en-US
D/FaxActivity(14159): Starting api call to url: https://api.mobile.j2.com/signup/v1/inventory/countries?locale=en-US
D/FaxActivity(14159): Starting api call to url: https://api.mobile.j2.com/signup/v1/billing/countries?locale=en-US
D/FaxActivity(14159): Starting api call to url: https://api.mobile.j2.com/signup/v1/billing/payment_methods?locale=en-US
D/FaxActivity(14159): Starting api call to url: https://api.mobile.j2.com/signup/v1/general/currencies
D/FaxActivity(14159): Starting api call to url: https://api.mobile.j2.com/signup/v1/billing/send_rates?currency_code=USD&locale=en-US
D/GoogleApiClientHelper(14159): startAppIndexApi() actionType: http://schema.org/ViewAction, objectName: MyFax Signup, objectId: null, objectAppUri: android-app://com.j2.myfax/http/myfax.com/welcome
D/FaxActivity(14159): Trying api call to url: https://api.mobile.j2.com/signup/v1/signup/offers?offer_code=EFAX_MOBILE_USD_1695_MON_NOACT_NOTRI_150PGIFT_1500SEND
D/HttpConnection(14159): Loading Cookie Store from Cache
D/HttpConnection(14159): Strict certificate: https://central.myfax.com
D/FaxActivity(14159): Trying api call to url: https://api.mobile.j2.com/signup/v1/signup/offers?offer_code=EFAX_PLUS_USD_1695_1MO_NOACT_30DAY_150PGIFT_1500SEND
D/HttpConnection(14159): Loading Cookie Store from Cache
D/HttpConnection(14159): Strict certificate: https://central.myfax.com
D/FaxActionBarActivity(14159): initActionBar()
I/HttpConnection(14159): !****** HTTP GET ******!: https://api.mobile.j2.com/signup/v1/signup/offers?offer_code=EFAX_MOBILE_USD_1695_MON_NOACT_NOTRI_150PGIFT_1500SEND
I/System.out(14159): body:<com.j2.fax.http.HttpConnection: org.apache.http.HttpResponse executeHttpRequest(org.apache.http.client.methods.HttpRequestBase)>	sig:$r4 = virtualinvoke $r3.<java.net.URI: java.lang.String toString()>()	timediff:0
D/HttpConnection(14159): Checking for network connectivity... (0ms elapsed)
I/HttpConnection(14159): !****** HTTP GET ******!: https://api.mobile.j2.com/signup/v1/signup/offers?offer_code=EFAX_PLUS_USD_1695_1MO_NOACT_30DAY_150PGIFT_1500SEND
I/System.out(14159): body:<com.j2.fax.http.HttpConnection: org.apache.http.HttpResponse executeHttpRequest(org.apache.http.client.methods.HttpRequestBase)>	sig:$r4 = virtualinvoke $r3.<java.net.URI: java.lang.String toString()>()	timediff:0
D/HttpConnection(14159): Checking for network connectivity... (0ms elapsed)
W/Icing   ( 1323): isOptedInForAppHistory: empty Account Name encountered
D/HttpConnection(14159): Unable to execute http request. Exception: javax.net.ssl.SSLPeerUnverifiedException: No peer certificate
D/FaxActivity(14159): Trying api call to url: https://api.mobile.j2.com/signup/v1/signup/offers?offer_code=MYFAX_BESTVALUE_USD_1000_1MO_NOACT_30DAY_200PGIFT_1000SEND
D/HttpConnection(14159): Loading Cookie Store from Cache
D/HttpConnection(14159): Strict certificate: https://central.myfax.com
I/HttpConnection(14159): !****** HTTP GET ******!: https://api.mobile.j2.com/signup/v1/signup/offers?offer_code=MYFAX_BESTVALUE_USD_1000_1MO_NOACT_30DAY_200PGIFT_1000SEND
I/System.out(14159): body:<com.j2.fax.http.HttpConnection: org.apache.http.HttpResponse executeHttpRequest(org.apache.http.client.methods.HttpRequestBase)>	sig:$r4 = virtualinvoke $r3.<java.net.URI: java.lang.String toString()>()	timediff:0
D/HttpConnection(14159): Checking for network connectivity... (0ms elapsed)
W/EGL_emulation(14159): eglSurfaceAttrib not implemented 3093 12436
D/GoogleApiClientHelper(14159): startAppIndexApi() Successful: null
D/FaxActivity(14159): API Request: https://api.mobile.j2.com/signup/v1/billing/send_rates?currency_code=USD&locale=en-US
D/FaxActivity(14159): API Results: 
W/ViewRootImpl(14159): Dropping event due to no window focus: MotionEvent { action=ACTION_MOVE, id[0]=0, x[0]=-3.0, y[0]=4.0, toolType[0]=TOOL_TYPE_UNKNOWN, buttonState=0, metaState=0, flags=0x0, edgeFlags=0x0, pointerCount=1, historySize=9, eventTime=8397989, downTime=-1, deviceId=0, source=0x10004 }
D/HttpConnection(14159): Unable to execute http request. Exception: javax.net.ssl.SSLPeerUnverifiedException: No peer certificate
D/FaxActivity(14159): Trying api call to url: https://api.mobile.j2.com/signup/v1/general/geolocations?locale=en-US
D/HttpConnection(14159): Loading Cookie Store from Cache
D/HttpConnection(14159): Strict certificate: https://central.myfax.com
D/HttpConnection(14159): Unable to execute http request. Exception: javax.net.ssl.SSLPeerUnverifiedException: No peer certificate
D/FaxActivity(14159): Trying api call to url: https://api.mobile.j2.com/signup/v1/inventory/countries?locale=en-US
D/HttpConnection(14159): Loading Cookie Store from Cache
D/HttpConnection(14159): Strict certificate: https://central.myfax.com
I/HttpConnection(14159): !****** HTTP GET ******!: https://api.mobile.j2.com/signup/v1/inventory/countries?locale=en-US
I/System.out(14159): body:<com.j2.fax.http.HttpConnection: org.apache.http.HttpResponse executeHttpRequest(org.apache.http.client.methods.HttpRequestBase)>	sig:$r4 = virtualinvoke $r3.<java.net.URI: java.lang.String toString()>()	timediff:0
D/HttpConnection(14159): Checking for network connectivity... (0ms elapsed)
I/HttpConnection(14159): !****** HTTP GET ******!: https://api.mobile.j2.com/signup/v1/general/geolocations?locale=en-US
I/System.out(14159): body:<com.j2.fax.http.HttpConnection: org.apache.http.HttpResponse executeHttpRequest(org.apache.http.client.methods.HttpRequestBase)>	sig:$r4 = virtualinvoke $r3.<java.net.URI: java.lang.String toString()>()	timediff:0
D/HttpConnection(14159): Checking for network connectivity... (0ms elapsed)
D/HttpConnection(14159): Unable to execute http request. Exception: javax.net.ssl.SSLPeerUnverifiedException: No peer certificate
D/FaxActivity(14159): Trying api call to url: https://api.mobile.j2.com/signup/v1/billing/countries?locale=en-US
D/HttpConnection(14159): Loading Cookie Store from Cache
D/HttpConnection(14159): Strict certificate: https://central.myfax.com
I/HttpConnection(14159): !****** HTTP GET ******!: https://api.mobile.j2.com/signup/v1/billing/countries?locale=en-US
I/System.out(14159): body:<com.j2.fax.http.HttpConnection: org.apache.http.HttpResponse executeHttpRequest(org.apache.http.client.methods.HttpRequestBase)>	sig:$r4 = virtualinvoke $r3.<java.net.URI: java.lang.String toString()>()	timediff:0
D/HttpConnection(14159): Checking for network connectivity... (0ms elapsed)
D/HttpConnection(14159): Unable to execute http request. Exception: javax.net.ssl.SSLPeerUnverifiedException: No peer certificate
D/FaxActivity(14159): Trying api call to url: https://api.mobile.j2.com/signup/v1/billing/payment_methods?locale=en-US
D/HttpConnection(14159): Loading Cookie Store from Cache
D/HttpConnection(14159): Strict certificate: https://central.myfax.com
I/HttpConnection(14159): !****** HTTP GET ******!: https://api.mobile.j2.com/signup/v1/billing/payment_methods?locale=en-US
I/System.out(14159): body:<com.j2.fax.http.HttpConnection: org.apache.http.HttpResponse executeHttpRequest(org.apache.http.client.methods.HttpRequestBase)>	sig:$r4 = virtualinvoke $r3.<java.net.URI: java.lang.String toString()>()	timediff:0
D/HttpConnection(14159): Checking for network connectivity... (0ms elapsed)
D/HttpConnection(14159): Unable to execute http request. Exception: javax.net.ssl.SSLPeerUnverifiedException: No peer certificate
D/FaxActivity(14159): Trying api call to url: https://api.mobile.j2.com/signup/v1/general/currencies
D/HttpConnection(14159): Loading Cookie Store from Cache
D/HttpConnection(14159): Strict certificate: https://central.myfax.com
I/HttpConnection(14159): !****** HTTP GET ******!: https://api.mobile.j2.com/signup/v1/general/currencies
I/System.out(14159): body:<com.j2.fax.http.HttpConnection: org.apache.http.HttpResponse executeHttpRequest(org.apache.http.client.methods.HttpRequestBase)>	sig:$r4 = virtualinvoke $r3.<java.net.URI: java.lang.String toString()>()	timediff:0
D/HttpConnection(14159): Checking for network connectivity... (0ms elapsed)
D/HttpConnection(14159): Unable to execute http request. Exception: javax.net.ssl.SSLPeerUnverifiedException: No peer certificate
D/FaxActivity(14159): Trying api call to url: https://api.mobile.j2.com/signup/v1/billing/send_rates?currency_code=USD&locale=en-US
D/HttpConnection(14159): Loading Cookie Store from Cache
D/HttpConnection(14159): Strict certificate: https://central.myfax.com
I/HttpConnection(14159): !****** HTTP GET ******!: https://api.mobile.j2.com/signup/v1/billing/send_rates?currency_code=USD&locale=en-US
I/System.out(14159): body:<com.j2.fax.http.HttpConnection: org.apache.http.HttpResponse executeHttpRequest(org.apache.http.client.methods.HttpRequestBase)>	sig:$r4 = virtualinvoke $r3.<java.net.URI: java.lang.String toString()>()	timediff:0
D/HttpConnection(14159): Checking for network connectivity... (0ms elapsed)
W/ViewRootImpl(14159): Dropping event due to no window focus: KeyEvent { action=ACTION_DOWN, keyCode=KEYCODE_DPAD_RIGHT, scanCode=0, metaState=0, flags=0x8, repeatCount=0, eventTime=8398003, downTime=8398003, deviceId=-1, source=0x101 }
I/ActivityManager(  484): Displayed com.j2.myfax/com.j2.fax.activity.FirstScreenActivity: +999ms
I/Choreographer(14159): Skipped 42 frames!  The application may be doing too much work on its main thread.
W/ContextImpl(  484): Calling a method in the system process without a qualified user: android.app.ContextImpl.sendBroadcast:1123 com.android.server.InputMethodManagerService.hideCurrentInputLocked:1880 com.android.server.InputMethodManagerService.windowGainedFocus:1968 com.android.internal.view.IInputMethodManager$Stub.onTransact:221 com.android.server.InputMethodManagerService.onTransact:818 
D/HttpConnection(14159): Unable to execute http request. Exception: javax.net.ssl.SSLPeerUnverifiedException: No peer certificate
D/HttpConnection(14159): Unable to execute http request. Exception: javax.net.ssl.SSLPeerUnverifiedException: No peer certificate
D/HttpConnection(14159): Unable to execute http request. Exception: javax.net.ssl.SSLPeerUnverifiedException: No peer certificate
D/FaxActivity(14159): API Request: https://api.mobile.j2.com/signup/v1/signup/offers?offer_code=EFAX_MOBILE_USD_1695_MON_NOACT_NOTRI_150PGIFT_1500SEND
D/FaxActivity(14159): API Results: 
D/FaxActivity(14159): API Request: https://api.mobile.j2.com/signup/v1/signup/offers?offer_code=EFAX_PLUS_USD_1695_1MO_NOACT_30DAY_150PGIFT_1500SEND
D/FaxActivity(14159): API Results: 
D/FaxActivity(14159): API Request: https://api.mobile.j2.com/signup/v1/signup/offers?offer_code=MYFAX_BESTVALUE_USD_1000_1MO_NOACT_30DAY_200PGIFT_1000SEND
D/FaxActivity(14159): API Results: 
D/FaxActivity(14159): API Request: https://api.mobile.j2.com/signup/v1/inventory/countries?locale=en-US
D/FaxActivity(14159): API Results: 
D/FaxActivity(14159): API Request: https://api.mobile.j2.com/signup/v1/general/geolocations?locale=en-US
D/FaxActivity(14159): API Results: 
D/FaxActivity(14159): API Request: https://api.mobile.j2.com/signup/v1/billing/countries?locale=en-US
D/FaxActivity(14159): API Results: 
D/FaxActivity(14159): API Request: https://api.mobile.j2.com/signup/v1/general/currencies
D/FaxActivity(14159): API Results: 
D/FaxActivity(14159): API Request: https://api.mobile.j2.com/signup/v1/billing/payment_methods?locale=en-US
D/FaxActivity(14159): API Results: 
D/FaxActivity(14159): API Request: https://api.mobile.j2.com/signup/v1/billing/send_rates?currency_code=USD&locale=en-US
D/FaxActivity(14159): API Results: 
W/ViewRootImpl(14159): Dropping event due to no window focus: MotionEvent { action=ACTION_MOVE, id[0]=0, x[0]=2.0, y[0]=1.0, toolType[0]=TOOL_TYPE_UNKNOWN, buttonState=0, metaState=0, flags=0x0, edgeFlags=0x0, pointerCount=1, historySize=0, eventTime=8399386, downTime=-1, deviceId=0, source=0x10004 }
I/ActivityManager(  484): START u0 {act=android.intent.action.MAIN cat=[android.intent.category.HOME] flg=0x10200000 cmp=com.vphone.launcher/.Launcher} from pid 484
W/EGL_emulation(14159): eglSurfaceAttrib not implemented 3093 12436
W/InputEventReceiver(14159): Attempted to finish an input event but the input event receiver has already been disposed.
W/InputEventReceiver(14159): Attempted to finish an input event but the input event receiver has already been disposed.
W/InputEventReceiver(14159): Attempted to finish an input event but the input event receiver has already been disposed.
W/InputEventReceiver(14159): Attempted to finish an input event but the input event receiver has already been disposed.
W/InputEventReceiver(14159): Attempted to finish an input event but the input event receiver has already been disposed.
W/ViewRootImpl(14159): Dropping event due to root view being removed: MotionEvent { action=ACTION_UP, id[0]=0, x[0]=203.7994, y[0]=770.6401, toolType[0]=TOOL_TYPE_UNKNOWN, buttonState=0, metaState=0, flags=0x0, edgeFlags=0x0, pointerCount=1, historySize=0, eventTime=8399424, downTime=8399423, deviceId=0, source=0x1002 }
W/ViewRootImpl(14159): Dropping event due to root view being removed: MotionEvent { action=ACTION_DOWN, id[0]=0, x[0]=492.0, y[0]=1006.0, toolType[0]=TOOL_TYPE_UNKNOWN, buttonState=0, metaState=0, flags=0x0, edgeFlags=0x0, pointerCount=1, historySize=0, eventTime=8399424, downTime=8399424, deviceId=0, source=0x1002 }
W/ViewRootImpl(14159): Dropping event due to root view being removed: MotionEvent { action=ACTION_UP, id[0]=0, x[0]=490.45987, y[0]=1004.9481, toolType[0]=TOOL_TYPE_UNKNOWN, buttonState=0, metaState=0, flags=0x0, edgeFlags=0x0, pointerCount=1, historySize=0, eventTime=8399425, downTime=8399424, deviceId=0, source=0x1002 }
W/ViewRootImpl(14159): Dropping event due to root view being removed: MotionEvent { action=ACTION_MOVE, id[0]=0, x[0]=-5.0, y[0]=0.0, toolType[0]=TOOL_TYPE_UNKNOWN, buttonState=0, metaState=0, flags=0x0, edgeFlags=0x0, pointerCount=1, historySize=8, eventTime=8399421, downTime=-1, deviceId=0, source=0x10004 }
W/InputMethodManagerService(  484): Window already focused, ignoring focus gain of: com.android.internal.view.IInputMethodClient$Stub$Proxy@4aa2c2e0 attribute=android.view.inputmethod.EditorInfo@4af7b374, token = android.os.BinderProxy@4a96fb8c
W/EGL_emulation(14159): eglSurfaceAttrib not implemented 3093 12436
W/ViewRootImpl(14159): Dropping event due to no window focus: KeyEvent { action=ACTION_DOWN, keyCode=KEYCODE_DPAD_LEFT, scanCode=0, metaState=0, flags=0x8, repeatCount=0, eventTime=8399554, downTime=8399554, deviceId=-1, source=0x101 }
W/InputEventReceiver(14159): Attempted to finish an input event but the input event receiver has already been disposed.
W/ViewRootImpl(14159): Dropping event due to no window focus: KeyEvent { action=ACTION_DOWN, keyCode=KEYCODE_DPAD_DOWN, scanCode=0, metaState=0, flags=0x8, repeatCount=0, eventTime=8399692, downTime=8399692, deviceId=-1, source=0x101 }
W/ViewRootImpl(14159): Dropping event due to no window focus: KeyEvent { action=ACTION_DOWN, keyCode=KEYCODE_NUMPAD_6, scanCode=0, metaState=0, flags=0x8, repeatCount=0, eventTime=8399695, downTime=8399695, deviceId=-1, source=0x101 }
W/ViewRootImpl(14159): Dropping event due to no window focus: KeyEvent { action=ACTION_DOWN, keyCode=KEYCODE_DPAD_RIGHT, scanCode=0, metaState=0, flags=0x8, repeatCount=0, eventTime=8399695, downTime=8399695, deviceId=-1, source=0x101 }
W/InputMethodManagerService(  484): Window already focused, ignoring focus gain of: com.android.internal.view.IInputMethodClient$Stub$Proxy@4aa0c9b0 attribute=android.view.inputmethod.EditorInfo@4abc1044, token = android.os.BinderProxy@4a96fb8c
I/InputDispatcher(  484): Dropped event because of pending overdue app switch.
W/InputManager(  484): Input event injection from pid 14149 failed.
I/ActivityManager(  484): START u0 {act=android.intent.action.MAIN cat=[android.intent.category.HOME] flg=0x10200000 cmp=com.vphone.launcher/.Launcher} from pid 484
D/HttpConnection(14159): Loading Cookie Store from Cache
D/HttpConnection(14159): Strict certificate: https://central.myfax.com
D/Main    (14159): onActivityResult() requestCode: 22, resultCode: 23
D/HttpConnection(14159): Loading Cookie Store from Cache
D/HttpConnection(14159): Strict certificate: https://central.myfax.com
I/ActivityManager(  484): START u0 {act=android.intent.action.MAIN cat=[android.intent.category.LAUNCHER] flg=0x10200000 cmp=com.j2.myfax/.MyFaxMain} from pid 14149
I/ActivityManager(  484): moveTaskToBack: 430
D/Main    (14159): onNewIntent()
W/ViewRootImpl(14159): Dropping event due to no window focus: KeyEvent { action=ACTION_DOWN, keyCode=KEYCODE_DPAD_LEFT, scanCode=0, metaState=0, flags=0x400, repeatCount=0, eventTime=8400151, downTime=8400151, deviceId=-1, source=0x101 }
W/ViewRootImpl(14159): Dropping event due to no window focus: KeyEvent { action=ACTION_DOWN, keyCode=KEYCODE_DPAD_LEFT, scanCode=0, metaState=0, flags=0x400, repeatCount=0, eventTime=8400151, downTime=8400151, deviceId=-1, source=0x101 }
D/FirebaseApp(  689): Notifying background state change listeners.
W/EGL_emulation(  689): eglSurfaceAttrib not implemented 3093 12436
W/ContextImpl(  484): Calling a method in the system process without a qualified user: android.app.ContextImpl.sendBroadcast:1123 com.android.server.InputMethodManagerService.hideCurrentInputLocked:1880 com.android.server.InputMethodManagerService.windowGainedFocus:1968 com.android.internal.view.IInputMethodManager$Stub.onTransact:221 com.android.server.InputMethodManagerService.onTransact:818 
I/InputDispatcher(  484): Dropped event because of pending overdue app switch.
W/InputManager(  484): Input event injection from pid 14149 failed.
I/AppsFlyer_4.5.1(14159): onBecameBackground
I/AppsFlyer_4.5.1(14159): callStatsBackground background call
I/AppsFlyer_4.5.1(14159): app went to background
I/System.out(14159): body:<com.appsflyer.BackgroundHttpTask: java.lang.String doInBackground(java.lang.String[])>	sig:specialinvoke $r7.<java.net.URL: void <init>(java.lang.String)>($r10)	timediff:2
I/System.out(14159): <com.appsflyer.BackgroundHttpTask: java.lang.String doInBackground(java.lang.String[])>###specialinvoke $r7.<java.net.URL: void <init>(java.lang.String)>($r10)###https://stats.appsflyer.com/stats
I/AppsFlyer_4.5.1(14159): call = https://stats.appsflyer.com/stats parameters = {uid=1524177727614-7335882776957600567, devkey=UA-47092625-8, platform=Android, gcd_conversion_data_timing=0, statType=user_closed_app, deviceFingerPrintId=ffffffff-f5c1-e66a-0000-00006e77cb58, time_in_app=3, app_id=com.j2.myfax, channel=null, launch_counter=4}
I/System.out(14159): body:<com.appsflyer.BackgroundHttpTask: java.lang.String doInBackground(java.lang.String[])>	sig:$r12 = virtualinvoke $r7.<java.net.URL: java.net.URLConnection openConnection()>()	timediff:0
I/System.out(14159): body:<com.appsflyer.BackgroundHttpTask: java.lang.String doInBackground(java.lang.String[])>	sig:virtualinvoke $r13.<javax.net.ssl.HttpsURLConnection: void setReadTimeout(int)>(30000)	timediff:0
I/System.out(14159): body:<com.appsflyer.BackgroundHttpTask: java.lang.String doInBackground(java.lang.String[])>	sig:virtualinvoke $r13.<javax.net.ssl.HttpsURLConnection: void setConnectTimeout(int)>(30000)	timediff:0
I/System.out(14159): body:<com.appsflyer.BackgroundHttpTask: java.lang.String doInBackground(java.lang.String[])>	sig:virtualinvoke $r13.<javax.net.ssl.HttpsURLConnection: void setRequestMethod(java.lang.String)>("POST")	timediff:0
I/System.out(14159): body:<com.appsflyer.BackgroundHttpTask: java.lang.String doInBackground(java.lang.String[])>	sig:virtualinvoke $r13.<javax.net.ssl.HttpsURLConnection: void setDoInput(boolean)>(1)	timediff:0
I/System.out(14159): body:<com.appsflyer.BackgroundHttpTask: java.lang.String doInBackground(java.lang.String[])>	sig:virtualinvoke $r13.<javax.net.ssl.HttpsURLConnection: void setDoOutput(boolean)>(1)	timediff:0
I/System.out(14159): body:<com.appsflyer.BackgroundHttpTask: java.lang.String doInBackground(java.lang.String[])>	sig:virtualinvoke $r13.<javax.net.ssl.HttpsURLConnection: void setRequestProperty(java.lang.String,java.lang.String)>("Content-Type", "application/json")	timediff:0
V/PanelView(  536): animationTick called with dtms=0; nothing to do (h=0.0 v=0.0)
V/PanelView(  536): animationTick called with dtms=-12; nothing to do (h=0.0 v=0.0)
I/System.out(14159): body:<com.appsflyer.BackgroundHttpTask: java.lang.String doInBackground(java.lang.String[])>	sig:$r14 = virtualinvoke $r13.<javax.net.ssl.HttpsURLConnection: java.io.OutputStream getOutputStream()>()	timediff:97
I/System.out(14159): body:<com.appsflyer.BackgroundHttpTask: java.lang.String doInBackground(java.lang.String[])>	sig:virtualinvoke $r13.<javax.net.ssl.HttpsURLConnection: void connect()>()	timediff:0
F/libc    (14762): Fatal signal 13 (SIGPIPE) at 0x000039aa (code=0), thread 14762 (busybox)
I/DEBUG   ( 2894): *** *** *** *** *** *** *** *** *** *** *** *** *** *** *** ***
I/DEBUG   ( 2894): Build fingerprint: 'samsung/heroltektt/heroltektt:4.4.2/NRD90M/381180401:user/release-keys'
I/DEBUG   ( 2894): Revision: '0'
I/DEBUG   ( 2894): pid: 14762, tid: 14762, name: busybox  >>> busybox <<<
I/DEBUG   ( 2894): signal 13 (SIGPIPE), code -6 (SI_TKILL), fault addr --------
I/DEBUG   ( 2894):     eax ffffffe0  ebx 00000001  ecx b9741fd0  edx 00000002
I/DEBUG   ( 2894): AM write failure (32 / Broken pipe)
I/DEBUG   ( 2894):     esi b7617214  edi b9741fd0
I/DEBUG   ( 2894):     xcs 00000073  xds 0000007b  xes 0000007b  xfs 00000000  xss 0000007b
