I/System.out( 9553): body:<com.adjust.sdk.Util: java.lang.String getPostDataString(java.util.Map)>	sig:$r7 = staticinvoke <java.net.URLEncoder: java.lang.String encode(java.lang.String,java.lang.String)>($r2, "UTF-8")	timediff:0
I/System.out( 9553): body:<com.adjust.sdk.Util: java.lang.String getPostDataString(java.util.Map)>	sig:$r2 = staticinvoke <java.net.URLEncoder: java.lang.String encode(java.lang.String,java.lang.String)>($r2, "UTF-8")	timediff:0
I/System.out( 9553): body:<com.adjust.sdk.Util: java.lang.String getPostDataString(java.util.Map)>	sig:$r7 = staticinvoke <java.net.URLEncoder: java.lang.String encode(java.lang.String,java.lang.String)>($r2, "UTF-8")	timediff:0
I/System.out( 9553): body:<com.adjust.sdk.Util: java.lang.String getPostDataString(java.util.Map)>	sig:$r2 = staticinvoke <java.net.URLEncoder: java.lang.String encode(java.lang.String,java.lang.String)>($r2, "UTF-8")	timediff:0
I/System.out( 9553): body:<com.adjust.sdk.Util: java.lang.String getPostDataString(java.util.Map)>	sig:$r2 = staticinvoke <java.net.URLEncoder: java.lang.String encode(java.lang.String,java.lang.String)>("sent_at", "UTF-8")	timediff:0
I/System.out( 9553): body:<com.adjust.sdk.Util: java.lang.String getPostDataString(java.util.Map)>	sig:$r7 = staticinvoke <java.net.URLEncoder: java.lang.String encode(java.lang.String,java.lang.String)>($r7, "UTF-8")	timediff:0
D/dalvikvm( 9553): GC_CONCURRENT freed 2959K, 26% free 10441K/13924K, paused 2ms+1ms, total 12ms
I/System.out( 9553): body:<com.adjust.sdk.Util: org.json.JSONObject readHttpResponse(javax.net.ssl.HttpsURLConnection)>	sig:$i0 = virtualinvoke $r0.<javax.net.ssl.HttpsURLConnection: int getResponseCode()>()	timediff:371
I/System.out( 9553): body:<com.adjust.sdk.Util: org.json.JSONObject readHttpResponse(javax.net.ssl.HttpsURLConnection)>	sig:$r2 = virtualinvoke $r0.<javax.net.ssl.HttpsURLConnection: java.io.InputStream getInputStream()>()	timediff:0
I/System.out( 9553): body:<empirical.HelperClass: void printURLInfo(java.lang.String,java.lang.String,java.net.URLConnection)>	sig:$r0 = virtualinvoke urlConnection.<java.net.URLConnection: java.net.URL getURL()>()	timediff:0
I/System.out( 9553): body:<empirical.HelperClass: void printURLInfo(java.lang.String,java.lang.String,java.net.URLConnection)>	sig:urlString = virtualinvoke $r0.<java.net.URL: java.lang.String toString()>()	timediff:0
I/System.out( 9553): body:<empirical.HelperClass: void printURLInfo(java.lang.String,java.lang.String,java.net.URLConnection)>	sig:isDoOutput = virtualinvoke urlConnection.<java.net.URLConnection: boolean getDoOutput()>()	timediff:0
I/System.out( 9553): body:<empirical.HelperClass: java.lang.String getHeaderField(java.net.URLConnection,java.lang.String)>	sig:data = virtualinvoke conn.<java.net.URLConnection: java.lang.String getHeaderField(java.lang.String)>(field)	timediff:0
I/System.out( 9553): body:<empirical.HelperClass: java.lang.String getHeaderField(java.net.URLConnection,java.lang.String)>	sig:data = virtualinvoke conn.<java.net.URLConnection: java.lang.String getHeaderField(java.lang.String)>(field)	timediff:0
I/System.out( 9553): body:<empirical.HelperClass: java.lang.String getHeaderField(java.net.URLConnection,java.lang.String)>	sig:data = virtualinvoke conn.<java.net.URLConnection: java.lang.String getHeaderField(java.lang.String)>(field)	timediff:0
I/System.out( 9553): body:<empirical.HelperClass: java.lang.String getHeaderField(java.net.URLConnection,java.lang.String)>	sig:data = virtualinvoke conn.<java.net.URLConnection: java.lang.String getHeaderField(java.lang.String)>(field)	timediff:0
I/System.out( 9553): body:<empirical.HelperClass: java.lang.String getHeaderField(java.net.URLConnection,java.lang.String)>	sig:data = virtualinvoke conn.<java.net.URLConnection: java.lang.String getHeaderField(java.lang.String)>(field)	timediff:0
I/System.out( 9553): URLConn;%;14;%;<com.adjust.sdk.Util: org.json.JSONObject readHttpResponse(javax.net.ssl.HttpsURLConnection)>;%;$r2 = virtualinvoke $r0.<javax.net.ssl.HttpsURLConnection: java.io.InputStream getInputStream()>();%;https://app.adjust.com/event;%;true;%;70;%;Not found;%;Not found;%;Not found;%;Not found
I/System.out( 9553): body:<com.adjust.sdk.Util: org.json.JSONObject readHttpResponse(javax.net.ssl.HttpsURLConnection)>	sig:virtualinvoke $r0.<javax.net.ssl.HttpsURLConnection: void disconnect()>()	timediff:0
I/CrashlyticsCore( 9553): Crashlytics report upload complete: 5AD0F7F3037A-0001-2551-609EEF302A06.cls
I/AndroidRuntime( 9553): VM exiting with result code 0, cleanup skipped.
I/ActivityManager(  479): Process com.sideline.phone.number (pid 9553) has died.
W/ActivityManager(  479): Force removing ActivityRecord{4b0a0778 u0 com.sideline.phone.number/com.pinger.textfree.call.activities.SidelineCreateAccount t41}: app died, no saved state
W/NetworkManagementSocketTagger(  479): setKernelCountSet(10058, 0) failed with errno -13
I/InputDispatcher(  479): Dropping event because there is no focused window or focused application.
I/InputDispatcher(  479): Dropping event because there is no focused window or focused application.
I/InputDispatcher(  479): Dropping event because there is no focused window or focused application.
I/InputDispatcher(  479): Dropping event because there is no focused window or focused application.
I/InputDispatcher(  479): Dropping event because there is no focused window or focused application.
I/InputDispatcher(  479): Dropping event because there is no focused window or focused application.
I/InputDispatcher(  479): Dropping event because there is no focused window or focused application.
I/InputDispatcher(  479): Dropping event because there is no focused window or focused application.
I/InputDispatcher(  479): Dropping event because there is no focused window or focused application.
I/InputDispatcher(  479): Dropping event because there is no focused window or focused application.
I/InputDispatcher(  479): Dropping event because there is no focused window or focused application.
I/InputDispatcher(  479): Dropping event because there is no focused window or focused application.
I/InputDispatcher(  479): Dropping event because there is no focused window or focused application.
I/InputDispatcher(  479): Dropping event because there is no focused window or focused application.
I/InputDispatcher(  479): Dropping event because there is no focused window or focused application.
I/InputDispatcher(  479): Dropping event because there is no focused window or focused application.
I/InputDispatcher(  479): Dropping event because there is no focused window or focused application.
I/InputDispatcher(  479): Dropping event because there is no focused window or focused application.
W/NetworkManagementSocketTagger(  479): setKernelCountSet(10007, 1) failed with errno -13
W/InputManager(  479): Input event injection from pid 9543 failed.
W/InputManager(  479): Input event injection from pid 9543 failed.
W/InputManager(  479): Input event injection from pid 9543 failed.
W/InputManager(  479): Input event injection from pid 9543 failed.
W/InputManager(  479): Input event injection from pid 9543 failed.
W/InputManager(  479): Input event injection from pid 9543 failed.
W/InputManager(  479): Input event injection from pid 9543 failed.
W/InputManager(  479): Input event injection from pid 9543 failed.
W/InputManager(  479): Input event injection from pid 9543 failed.
W/InputManager(  479): Input event injection from pid 9543 failed.
W/InputManager(  479): Input event injection from pid 9543 failed.
W/InputManager(  479): Input event injection from pid 9543 failed.
W/InputManager(  479): Input event injection from pid 9543 failed.
W/InputManager(  479): Input event injection from pid 9543 failed.
W/InputManager(  479): Input event injection from pid 9543 failed.
W/InputManager(  479): Input event injection from pid 9543 failed.
W/InputManager(  479): Input event injection from pid 9543 failed.
W/InputManager(  479): Input event injection from pid 9543 failed.
I/WindowState(  479): WIN DEATH: Window{4b0d4bd0 u0 com.sideline.phone.number/com.pinger.textfree.call.activities.SidelineCreateAccount}
W/EGL_emulation( 2025): eglSurfaceAttrib not implemented 3093 12436
W/Binder  ( 5925): Caught a RuntimeException from the binder stub implementation.
W/Binder  ( 5925): java.lang.NullPointerException
W/Binder  ( 5925): 	at android.inputmethodservice.IInputMethodWrapper.setSessionEnabled(IInputMethodWrapper.java:280)
W/Binder  ( 5925): 	at com.android.internal.view.IInputMethod$Stub.onTransact(IInputMethod.java:129)
W/Binder  ( 5925): 	at android.os.Binder.execTransact(Binder.java:404)
W/Binder  ( 5925): 	at dalvik.system.NativeStart.run(Native Method)
W/ContextImpl(  479): Calling a method in the system process without a qualified user: android.app.ContextImpl.sendBroadcast:1123 com.android.server.InputMethodManagerService.hideCurrentInputLocked:1880 com.android.server.InputMethodManagerService.windowGainedFocus:1968 com.android.internal.view.IInputMethodManager$Stub.onTransact:221 com.android.server.InputMethodManagerService.onTransact:818 
W/InputMethodManagerService(  479): Got RemoteException sending setActive(false) notification to pid 9553 uid 10058
W/DnsProxyListener(  162): Error writing DNS result to client
W/SocketClient(  162): write error (Broken pipe)
W/ViewRootImpl( 2025): Dropping event due to no window focus: KeyEvent { action=ACTION_DOWN, keyCode=KEYCODE_MENU, scanCode=0, metaState=0, flags=0x8, repeatCount=0, eventTime=929946, downTime=929946, deviceId=-1, source=0x101 }
W/ViewRootImpl( 2025): Dropping event due to no window focus: KeyEvent { action=ACTION_DOWN, keyCode=KEYCODE_DPAD_LEFT, scanCode=0, metaState=0, flags=0x8, repeatCount=0, eventTime=929949, downTime=929949, deviceId=-1, source=0x101 }
I/ActivityManager(  479): START u0 {act=android.intent.action.MAIN cat=[android.intent.category.HOME] flg=0x10200000 cmp=com.vphone.launcher/.Launcher} from pid 479
W/EGL_emulation( 2025): eglSurfaceAttrib not implemented 3093 12436
I/ActivityManager(  479): START u0 {act=android.intent.action.MAIN cat=[android.intent.category.LAUNCHER] flg=0x10200000 cmp=com.sideline.phone.number/com.pinger.textfree.call.activities.TFSplash} from pid 9543
I/ActivityManager(  479): Start proc com.sideline.phone.number for activity com.sideline.phone.number/com.pinger.textfree.call.activities.TFSplash: pid=9722 uid=10058 gids={50058, 3003, 1028, 1015, 1023}
W/NetworkManagementSocketTagger(  479): setKernelCountSet(10058, 1) failed with errno -13
I/dalvikvm( 9722): ignoring registerObject request in thread=1
I/dalvikvm( 9722): ignoring registerObject request in thread=1
I/MultiDex( 9722): VM with version 1.6.0 does not have multidex support
I/MultiDex( 9722): install
I/MultiDex( 9722): MultiDexExtractor.load(/data/app/com.sideline.phone.number-1.apk, false)
I/MultiDex( 9722): loading existing secondary dex files
I/MultiDex( 9722): load found 1 secondary dex files
I/MultiDex( 9722): install done
I/Log N/A ( 9722): Setting build SKU: SL
I/dalvikvm( 9722): Could not find method android.app.Notification$Builder.setLocalOnly, referenced from method com.google.android.gms.common.GooglePlayServicesUtil.zza
W/dalvikvm( 9722): VFY: unable to resolve virtual method 283: Landroid/app/Notification$Builder;.setLocalOnly (Z)Landroid/app/Notification$Builder;
D/dalvikvm( 9722): VFY: replacing opcode 0x6e at 0x00d4
D/dalvikvm( 9722): JIT code cache reset in 0 ms (0 bytes 1/0)
D/dalvikvm( 9722): GC_CONCURRENT freed 249K, 10% free 2982K/3296K, paused 2ms+1ms, total 5ms
I/dalvikvm( 9722): Could not find method android.content.pm.PackageManager.getPackageInstaller, referenced from method com.google.android.gms.common.zze.zzi
W/dalvikvm( 9722): VFY: unable to resolve virtual method 646: Landroid/content/pm/PackageManager;.getPackageInstaller ()Landroid/content/pm/PackageInstaller;
D/dalvikvm( 9722): VFY: replacing opcode 0x6e at 0x000a
I/PTAPI   ( 9722): PTAPI : Library : ==> loading: webrtc
D/dalvikvm( 9722): Trying to load lib /data/app-lib/com.sideline.phone.number-1/liba.so 0x94fa39b8
D/dalvikvm( 9722): Added shared lib /data/app-lib/com.sideline.phone.number-1/liba.so 0x94fa39b8
D/dalvikvm( 9722): No JNI_OnLoad found in /data/app-lib/com.sideline.phone.number-1/liba.so 0x94fa39b8, skipping init
I/PTAPI   ( 9722): PTAPI : Library : ==> loaded: webrtc
I/PTAPI   ( 9722): PTAPI : Library : ==> loading: pvnpjsip
D/dalvikvm( 9722): Trying to load lib /data/app-lib/com.sideline.phone.number-1/libb.so 0x94fa39b8
D/dalvikvm( 9722): Trying to load lib /data/app-lib/com.sideline.phone.number-1/liba.so 0x94fa39b8
D/dalvikvm( 9722): Shared lib '/data/app-lib/com.sideline.phone.number-1/liba.so' already loaded in same CL 0x94fa39b8
D/dalvikvm( 9722): Added shared lib /data/app-lib/com.sideline.phone.number-1/libb.so 0x94fa39b8
D/dalvikvm( 9722): No JNI_OnLoad found in /data/app-lib/com.sideline.phone.number-1/libb.so 0x94fa39b8, skipping init
I/PTAPI   ( 9722): PTAPI : Library : ==> loaded: pvnpjsip
I/PTAPI   ( 9722): PTAPI : Library : ==> loading: PTAPI
D/dalvikvm( 9722): Trying to load lib /data/app-lib/com.sideline.phone.number-1/libd.so 0x94fa39b8
D/dalvikvm( 9722): Trying to load lib /data/app-lib/com.sideline.phone.number-1/libb.so 0x94fa39b8
D/dalvikvm( 9722): Shared lib '/data/app-lib/com.sideline.phone.number-1/libb.so' already loaded in same CL 0x94fa39b8
D/dalvikvm( 9722): Trying to load lib /data/app-lib/com.sideline.phone.number-1/liba.so 0x94fa39b8
D/dalvikvm( 9722): Shared lib '/data/app-lib/com.sideline.phone.number-1/liba.so' already loaded in same CL 0x94fa39b8
D/dalvikvm( 9722): Added shared lib /data/app-lib/com.sideline.phone.number-1/libd.so 0x94fa39b8
I/PTAPI   ( 9722): PTAPI : Library : PTAPI
D/dalvikvm( 9722): GC_CONCURRENT freed 280K, 11% free 3086K/3432K, paused 2ms+1ms, total 4ms
I/dalvikvm( 9722): Could not find method android.telephony.SubscriptionManager.from, referenced from method o.Qb.ˏ
W/dalvikvm( 9722): VFY: unable to resolve static method 7417: Landroid/telephony/SubscriptionManager;.from (Landroid/content/Context;)Landroid/telephony/SubscriptionManager;
D/dalvikvm( 9722): VFY: replacing opcode 0x71 at 0x0006
I/dalvikvm( 9722): Could not find method android.telephony.SubscriptionManager.from, referenced from method o.Qb.ˏ
W/dalvikvm( 9722): VFY: unable to resolve static method 7417: Landroid/telephony/SubscriptionManager;.from (Landroid/content/Context;)Landroid/telephony/SubscriptionManager;
D/dalvikvm( 9722): VFY: replacing opcode 0x71 at 0x01a0
I/slb.log ( 9722): Logger Level is OFF
D/dalvikvm( 9722): GC_CONCURRENT freed 247K, 9% free 3321K/3632K, paused 2ms+1ms, total 4ms
D/dalvikvm( 9722): GC_CONCURRENT freed 244K, 8% free 3588K/3896K, paused 2ms+0ms, total 8ms
D/dalvikvm( 9722): WAIT_FOR_CONCURRENT_GC blocked 2ms
D/dalvikvm( 9722): WAIT_FOR_CONCURRENT_GC blocked 3ms
I/CrashlyticsCore( 9722): Initializing Crashlytics 2.3.8.97
D/dalvikvm( 9722): WAIT_FOR_CONCURRENT_GC blocked 5ms
D/dalvikvm( 9722): GC_CONCURRENT freed 223K, 8% free 3871K/4164K, paused 3ms+3ms, total 9ms
D/dalvikvm( 9722): WAIT_FOR_CONCURRENT_GC blocked 1ms
D/dalvikvm( 9722): WAIT_FOR_CONCURRENT_GC blocked 4ms
D/dalvikvm( 9722): WAIT_FOR_CONCURRENT_GC blocked 5ms
D/dalvikvm( 9722): WAIT_FOR_CONCURRENT_GC blocked 9ms
D/dalvikvm( 9722): GC_CONCURRENT freed 187K, 6% free 4185K/4444K, paused 1ms+2ms, total 17ms
D/dalvikvm( 9722): WAIT_FOR_CONCURRENT_GC blocked 16ms
D/dalvikvm( 9722): WAIT_FOR_CONCURRENT_GC blocked 16ms
D/dalvikvm( 9722): WAIT_FOR_CONCURRENT_GC blocked 17ms
D/dalvikvm( 9722): WAIT_FOR_CONCURRENT_GC blocked 10ms
D/dalvikvm( 9722): WAIT_FOR_CONCURRENT_GC blocked 10ms
D/dalvikvm( 9722): GC_CONCURRENT freed 341K, 10% free 4230K/4668K, paused 2ms+0ms, total 7ms
I/InputDispatcher(  479): Dropped event because of pending overdue app switch.
W/InputManager(  479): Input event injection from pid 9543 failed.
V/WebViewChromium( 9722): Binding Chromium to the main looper Looper (main, tid 1) {4a7cee30}
D/dalvikvm( 9722): GC_CONCURRENT freed 1172K, 27% free 3443K/4692K, paused 1ms+0ms, total 5ms
I/chromium( 9722): [INFO:library_loader_hooks.cc(112)] Chromium logging enabled: level = 0, default verbosity = 0
D/dalvikvm( 9722): GC_FOR_ALLOC freed 40K, 26% free 3486K/4692K, paused 4ms, total 4ms
I/dalvikvm-heap( 9722): Grow heap (frag case) to 3.540MB for 79888-byte allocation
D/dalvikvm( 9722): GC_FOR_ALLOC freed <1K, 26% free 3564K/4772K, paused 4ms, total 4ms
I/BrowserProcessMain( 9722): Initializing chromium process, renderers=0
W/chromium( 9722): [WARNING:proxy_service.cc(888)] PAC support disabled because there is no system implementation
D/libEGL  ( 9722): loaded /system/lib/egl/libEGL_adreno.so
D/        ( 9722): HostConnection::get() New Host Connection established 0xb8c36b20, tid 9722
D/libEGL  ( 9722): loaded /system/lib/egl/libGLESv1_CM_adreno.so
D/libEGL  ( 9722): loaded /system/lib/egl/libGLESv2_adreno.so
F/Adjust  ( 9722): PRODUCTION: Adjust is running in Production mode. Use this setting only for the build that you want to publish. Set the environment to `sandbox` if you want to test your app!
W/dalvikvm( 9722): VFY: unable to find class referenced in signature (Landroid/view/SearchEvent;)
I/dalvikvm( 9722): Could not find method android.view.Window$Callback.onSearchRequested, referenced from method o.Ῑ.onSearchRequested
W/dalvikvm( 9722): VFY: unable to resolve interface method 8201: Landroid/view/Window$Callback;.onSearchRequested (Landroid/view/SearchEvent;)Z
D/dalvikvm( 9722): VFY: replacing opcode 0x72 at 0x0002
I/dalvikvm( 9722): Could not find method android.view.Window$Callback.onWindowStartingActionMode, referenced from method o.Ῑ.onWindowStartingActionMode
W/dalvikvm( 9722): VFY: unable to resolve interface method 8205: Landroid/view/Window$Callback;.onWindowStartingActionMode (Landroid/view/ActionMode$Callback;I)Landroid/view/ActionMode;
D/dalvikvm( 9722): VFY: replacing opcode 0x72 at 0x0002
I/GAv4    ( 9722): Google Analytics 8.4.87 is starting up. To enable debug logging on a device run:
I/GAv4    ( 9722):   adb shell setprop log.tag.GAv4 DEBUG
I/GAv4    ( 9722):   adb logcat -s GAv4
W/GAv4    ( 9722): AnalyticsReceiver is not registered or is disabled. Register the receiver for reliable dispatching on non-Google Play devices. See http://goo.gl/8Rd3yj for instructions.
W/GAv4    ( 9722): CampaignTrackingReceiver is not registered, not exported or is disabled. Installation campaign tracking is not possible. See http://goo.gl/8Rd3yj for instructions.
D/dalvikvm( 9722): GC_CONCURRENT freed 260K, 21% free 3816K/4772K, paused 2ms+5ms, total 14ms
D/dalvikvm( 9722): WAIT_FOR_CONCURRENT_GC blocked 2ms
D/dalvikvm( 9722): WAIT_FOR_CONCURRENT_GC blocked 1ms
W/GAv4    ( 9722): string configuration name not recognized: ga_logLevel
D/dalvikvm( 9722): GC_FOR_ALLOC freed 378K, 23% free 3699K/4772K, paused 3ms, total 3ms
I/dalvikvm-heap( 9722): Grow heap (frag case) to 3.750MB for 82956-byte allocation
D/dalvikvm( 9722): GC_FOR_ALLOC freed 1K, 23% free 3779K/4856K, paused 5ms, total 5ms
W/dalvikvm( 9722): Found non-abstract interface method Lcom/crashlytics/android/answers/SessionAnalyticsManagerStrategy;.rollFileOver ()Z
I/dalvikvm( 9722): Could not find method com.crashlytics.android.answers.SessionAnalyticsManagerStrategy.rollFileOver, referenced from method com.crashlytics.android.answers.AnswersEventsHandler$6.run
W/dalvikvm( 9722): VFY: unable to resolve interface method 10089: Lcom/crashlytics/android/answers/SessionAnalyticsManagerStrategy;.rollFileOver ()Z
D/dalvikvm( 9722): VFY: replacing opcode 0x72 at 0x0011
W/GAv4    ( 9722): AnalyticsService not registered in the app manifest. Hits might not be delivered reliably. See http://goo.gl/8Rd3yj for instructions.
D/dalvikvm( 9722): GC_CONCURRENT freed 317K, 21% free 3845K/4856K, paused 2ms+1ms, total 6ms
W/FlurryAgent( 9722): Flurry session started for context:com.pinger.textfree.call.activities.TFSplash@4a7fe788
W/FlurryAgent( 9722): Flurry session resumed for context:com.pinger.textfree.call.activities.TFSplash@4a7fe788
D/dalvikvm( 9722): GC_CONCURRENT freed 417K, 19% free 3939K/4856K, paused 1ms+0ms, total 20ms
D/dalvikvm( 9722): WAIT_FOR_CONCURRENT_GC blocked 7ms
D/dalvikvm( 9722): WAIT_FOR_CONCURRENT_GC blocked 8ms
D/dalvikvm( 9722): WAIT_FOR_CONCURRENT_GC blocked 7ms
W/NetworkManagementSocketTagger(  479): setKernelCountSet(10007, 0) failed with errno -13
D/dalvikvm( 9722): WAIT_FOR_CONCURRENT_GC blocked 15ms
I/System.out( 9722): body:<com.flurry.sdk.lp: java.lang.String c(java.lang.String)>	sig:$r3 = staticinvoke <java.net.URLEncoder: java.lang.String encode(java.lang.String,java.lang.String)>($r0, "UTF-8")	timediff:16
I/System.out( 9722): body:<com.flurry.sdk.lp: java.lang.String c(java.lang.String)>	sig:$r3 = staticinvoke <java.net.URLEncoder: java.lang.String encode(java.lang.String,java.lang.String)>($r0, "UTF-8")	timediff:0
E/ActivityThread( 9722): Failed to find provider info for com.facebook.katana.provider.AttributionIdProvider
D/dalvikvm( 9722): WAIT_FOR_CONCURRENT_GC blocked 29ms
D/dalvikvm( 9722): GC_FOR_ALLOC freed 285K, 15% free 4163K/4856K, paused 4ms, total 4ms
I/System.out( 9722): body:<com.flurry.sdk.kl: void r()>	sig:specialinvoke $r2.<java.net.URL: void <init>(java.lang.String)>($r6)	timediff:0
I/System.out( 9722): <com.flurry.sdk.kl: void r()>###specialinvoke $r2.<java.net.URL: void <init>(java.lang.String)>($r6)###https://analytics.query.yahoo.com/v1/public/yql?q=select+bid+from+data.utilities+where+_di%3D%27242c1c174e0d01c98e205e68ff2ddac2e769ce00%27+and+_diaid%3D%27242c1c174e0d01c98e205e68ff2ddac2e769ce00%27+and+_diaidu%3D%2773ebbf1f-6d54-4944-bef3-a8c0b54838e4%27
I/System.out( 9722): body:<com.flurry.sdk.kl: void r()>	sig:$r7 = virtualinvoke $r2.<java.net.URL: java.net.URLConnection openConnection()>()	timediff:0
I/System.out( 9722): body:<com.flurry.sdk.kl: void r()>	sig:virtualinvoke $r8.<java.net.HttpURLConnection: void setConnectTimeout(int)>($i0)	timediff:0
I/System.out( 9722): body:<com.flurry.sdk.kl: void r()>	sig:virtualinvoke $r8.<java.net.HttpURLConnection: void setReadTimeout(int)>($i0)	timediff:0
I/System.out( 9722): body:<com.flurry.sdk.kl: void r()>	sig:virtualinvoke $r8.<java.net.HttpURLConnection: void setRequestMethod(java.lang.String)>($r6)	timediff:0
I/System.out( 9722): body:<com.flurry.sdk.kl: void r()>	sig:virtualinvoke $r8.<java.net.HttpURLConnection: void setInstanceFollowRedirects(boolean)>($z0)	timediff:0
I/System.out( 9722): body:<com.flurry.sdk.kl: void r()>	sig:virtualinvoke $r8.<java.net.HttpURLConnection: void setDoOutput(boolean)>($z0)	timediff:0
I/System.out( 9722): body:<com.flurry.sdk.kl: void r()>	sig:virtualinvoke $r8.<java.net.HttpURLConnection: void setDoInput(boolean)>(1)	timediff:0
I/System.out( 9722): body:<o.AD: void ˊ(java.lang.String,java.lang.String,boolean)>	sig:specialinvoke $r3.<java.net.URL: void <init>(java.lang.String)>($r1)	timediff:0
I/System.out( 9722): <o.AD: void ˊ(java.lang.String,java.lang.String,boolean)>###specialinvoke $r3.<java.net.URL: void <init>(java.lang.String)>($r1)###https://api.pinger.com/1.0/batch
I/System.out( 9722): body:<o.AD: void ˊ(java.lang.String,java.lang.String,boolean)>	sig:$r4 = virtualinvoke $r3.<java.net.URL: java.net.URLConnection openConnection()>()	timediff:0
I/System.out( 9722): body:<o.AD: void ˊ(java.lang.String,java.lang.String,boolean)>	sig:virtualinvoke $r5.<java.net.HttpURLConnection: void setRequestMethod(java.lang.String)>($r2)	timediff:0
I/System.out( 9722): body:<o.AD: void ˊ(java.lang.String,java.lang.String)>	sig:virtualinvoke $r4.<java.net.HttpURLConnection: void addRequestProperty(java.lang.String,java.lang.String)>($r1, $r2)	timediff:0
I/System.out( 9722): body:<o.AD: void ˊ(java.lang.String,java.lang.String)>	sig:virtualinvoke $r4.<java.net.HttpURLConnection: void addRequestProperty(java.lang.String,java.lang.String)>($r1, $r2)	timediff:0
I/System.out( 9722): body:<o.AD: java.net.URL ˊ()>	sig:$r2 = virtualinvoke $r1.<java.net.HttpURLConnection: java.net.URL getURL()>()	timediff:0
D/dalvikvm( 9722): GC_CONCURRENT freed 231K, 9% free 4444K/4856K, paused 4ms+0ms, total 7ms
D/dalvikvm( 9722): WAIT_FOR_CONCURRENT_GC blocked 3ms
D/dalvikvm( 9722): WAIT_FOR_CONCURRENT_GC blocked 4ms
D/dalvikvm( 9722): WAIT_FOR_CONCURRENT_GC blocked 9ms
D/dalvikvm( 9722): WAIT_FOR_CONCURRENT_GC blocked 9ms
D/dalvikvm( 9722): WAIT_FOR_CONCURRENT_GC blocked 9ms
D/dalvikvm( 9722): WAIT_FOR_CONCURRENT_GC blocked 77ms
D/dalvikvm( 9722): WAIT_FOR_CONCURRENT_GC blocked 10ms
I/System.out( 9722): body:<o.AR: java.lang.String ˊ(java.lang.String)>	sig:$r0 = staticinvoke <java.net.URLEncoder: java.lang.String encode(java.lang.String,java.lang.String)>($r0, "UTF-8")	timediff:0
I/System.out( 9722): body:<o.Aa: java.util.List ˊ(java.net.URL,java.lang.String,int,int,boolean,boolean)>	sig:$r13 = virtualinvoke $r1.<java.net.URL: java.lang.String getProtocol()>()	timediff:0
I/System.out( 9722): body:<o.Aa: java.util.List ˊ(java.net.URL,java.lang.String,int,int,boolean,boolean)>	sig:$r13 = virtualinvoke $r1.<java.net.URL: java.lang.String getHost()>()	timediff:0
I/System.out( 9722): body:<o.Aa: java.util.List ˊ(java.net.URL,java.lang.String,int,int,boolean,boolean)>	sig:$r14 = virtualinvoke $r1.<java.net.URL: java.lang.String getPath()>()	timediff:0
I/System.out( 9722): body:<o.AR: java.lang.String ˊ(java.lang.String)>	sig:$r0 = staticinvoke <java.net.URLEncoder: java.lang.String encode(java.lang.String,java.lang.String)>($r0, "UTF-8")	timediff:0
I/System.out( 9722): body:<o.AR: java.lang.String ˊ(java.lang.String)>	sig:$r0 = staticinvoke <java.net.URLEncoder: java.lang.String encode(java.lang.String,java.lang.String)>($r0, "UTF-8")	timediff:0
I/System.out( 9722): body:<o.AD: void ˊ(java.lang.String,java.lang.String)>	sig:virtualinvoke $r4.<java.net.HttpURLConnection: void addRequestProperty(java.lang.String,java.lang.String)>($r1, $r2)	timediff:0
I/System.out( 9722): body:<o.AD: void ˊ(java.lang.String,java.lang.String)>	sig:virtualinvoke $r4.<java.net.HttpURLConnection: void addRequestProperty(java.lang.String,java.lang.String)>($r1, $r2)	timediff:0
I/System.out( 9722): body:<o.AD: void ˊ(java.lang.String,java.lang.String)>	sig:virtualinvoke $r4.<java.net.HttpURLConnection: void addRequestProperty(java.lang.String,java.lang.String)>($r1, $r2)	timediff:0
I/System.out( 9722): body:<o.AD: void ˊ(java.lang.String,java.lang.String)>	sig:virtualinvoke $r4.<java.net.HttpURLConnection: void addRequestProperty(java.lang.String,java.lang.String)>($r1, $r2)	timediff:0
I/System.out( 9722): body:<o.AD: void ˊ(java.lang.String,java.lang.String)>	sig:virtualinvoke $r4.<java.net.HttpURLConnection: void addRequestProperty(java.lang.String,java.lang.String)>($r1, $r2)	timediff:0
I/System.out( 9722): body:<o.AD: void ˊ(java.lang.String,java.lang.String)>	sig:virtualinvoke $r4.<java.net.HttpURLConnection: void addRequestProperty(java.lang.String,java.lang.String)>($r1, $r2)	timediff:0
D/dalvikvm( 9722): GC_FOR_ALLOC freed 258K, 7% free 4713K/5044K, paused 4ms, total 4ms
I/System.out( 9722): body:<o.AD: void ˊ(byte[])>	sig:virtualinvoke $r2.<java.net.HttpURLConnection: void setDoOutput(boolean)>(1)	timediff:0
W/EGL_emulation( 9722): eglSurfaceAttrib not implemented 3093 12436
D/dalvikvm( 9722): GC_CONCURRENT freed 248K, 6% free 5077K/5400K, paused 8ms+1ms, total 17ms
D/dalvikvm( 9722): WAIT_FOR_CONCURRENT_GC blocked 3ms
D/dalvikvm( 9722): WAIT_FOR_CONCURRENT_GC blocked 7ms
D/dalvikvm( 9722): WAIT_FOR_CONCURRENT_GC blocked 7ms
D/dalvikvm( 9722): WAIT_FOR_CONCURRENT_GC blocked 6ms
D/dalvikvm( 9722): WAIT_FOR_CONCURRENT_GC blocked 5ms
D/OpenGLRenderer( 9722): Enabling debug mode 0
W/ViewRootImpl( 9722): Dropping event due to no window focus: KeyEvent { action=ACTION_DOWN, keyCode=KEYCODE_DPAD_CENTER, scanCode=0, metaState=0, flags=0x8, repeatCount=0, eventTime=930955, downTime=930955, deviceId=-1, source=0x101 }
W/ContextImpl(  479): Calling a method in the system process without a qualified user: android.app.ContextImpl.sendBroadcast:1123 com.android.server.InputMethodManagerService.hideCurrentInputLocked:1880 com.android.server.InputMethodManagerService.windowGainedFocus:1968 com.android.internal.view.IInputMethodManager$Stub.onTransact:221 com.android.server.InputMethodManagerService.onTransact:818 
W/InputMethodManagerService(  479): Starting input on non-focused client com.android.internal.view.IInputMethodClient$Stub$Proxy@4a9b6788 (uid=10007 pid=2025)
D/dalvikvm( 9722): GC_FOR_ALLOC freed 258K, 6% free 5553K/5888K, paused 14ms, total 14ms
D/dalvikvm( 9722): GC_CONCURRENT freed 590K, 11% free 5849K/6520K, paused 9ms+1ms, total 15ms
D/dalvikvm( 9722): WAIT_FOR_CONCURRENT_GC blocked 6ms
D/dalvikvm( 9722): WAIT_FOR_CONCURRENT_GC blocked 7ms
D/dalvikvm( 9722): WAIT_FOR_CONCURRENT_GC blocked 11ms
D/dalvikvm( 9722): WAIT_FOR_CONCURRENT_GC blocked 14ms
D/dalvikvm( 9722): WAIT_FOR_CONCURRENT_GC blocked 14ms
D/dalvikvm( 9722): WAIT_FOR_CONCURRENT_GC blocked 14ms
D/dalvikvm( 9722): WAIT_FOR_CONCURRENT_GC blocked 15ms
D/dalvikvm( 9722): GC_FOR_ALLOC freed 580K, 11% free 5976K/6712K, paused 25ms, total 25ms
I/ActivityManager(  479): Displayed com.sideline.phone.number/com.pinger.textfree.call.activities.TFSplash: +1s65ms
D/dalvikvm( 9722): GC_FOR_ALLOC freed 355K, 13% free 6104K/6968K, paused 8ms, total 8ms
I/dalvikvm-heap( 9722): Grow heap (frag case) to 6.517MB for 521534-byte allocation
D/dalvikvm( 9722): GC_FOR_ALLOC freed 3K, 12% free 6609K/7480K, paused 6ms, total 6ms
I/System.out( 9722): body:<o.AD: void ˊ(byte[])>	sig:$r3 = virtualinvoke $r2.<java.net.HttpURLConnection: java.io.OutputStream getOutputStream()>()	timediff:218
I/System.out( 9722): body:<o.AD: void ˊ(int)>	sig:virtualinvoke $r1.<java.net.HttpURLConnection: void setConnectTimeout(int)>($i0)	timediff:0
I/System.out( 9722): body:<o.AD: void ˋ(int)>	sig:virtualinvoke $r1.<java.net.HttpURLConnection: void setReadTimeout(int)>($i0)	timediff:0
D/dalvikvm( 9722): GC_FOR_ALLOC freed 976K, 20% free 6286K/7800K, paused 11ms, total 11ms
D/dalvikvm( 9722): GC_FOR_ALLOC freed 201K, 17% free 6485K/7800K, paused 8ms, total 8ms
I/dalvikvm-heap( 9722): Grow heap (frag case) to 6.998MB for 635808-byte allocation
D/dalvikvm( 9722): GC_FOR_ALLOC freed 1K, 16% free 7105K/8424K, paused 11ms, total 11ms
D/dalvikvm( 9722): GC_FOR_ALLOC freed 261K, 13% free 7356K/8424K, paused 8ms, total 8ms
I/System.out( 9722): body:<o.AD: o.AC$if ˎ()>	sig:$i0 = virtualinvoke $r1.<java.net.HttpURLConnection: int getResponseCode()>()	timediff:48
W/GCoreFlp(  654): No location to return for getLastLocation()
I/System.out( 9722): body:<o.AD$if: java.io.InputStream ˊ()>	sig:$r2 = virtualinvoke $r1.<java.net.HttpURLConnection: java.io.InputStream getInputStream()>()	timediff:0
I/System.out( 9722): body:<empirical.HelperClass: void printURLInfo(java.lang.String,java.lang.String,java.net.URLConnection)>	sig:$r0 = virtualinvoke urlConnection.<java.net.URLConnection: java.net.URL getURL()>()	timediff:0
I/System.out( 9722): body:<empirical.HelperClass: void printURLInfo(java.lang.String,java.lang.String,java.net.URLConnection)>	sig:urlString = virtualinvoke $r0.<java.net.URL: java.lang.String toString()>()	timediff:0
I/System.out( 9722): body:<empirical.HelperClass: void printURLInfo(java.lang.String,java.lang.String,java.net.URLConnection)>	sig:isDoOutput = virtualinvoke urlConnection.<java.net.URLConnection: boolean getDoOutput()>()	timediff:0
I/System.out( 9722): body:<empirical.HelperClass: java.lang.String getHeaderField(java.net.URLConnection,java.lang.String)>	sig:data = virtualinvoke conn.<java.net.URLConnection: java.lang.String getHeaderField(java.lang.String)>(field)	timediff:0
I/System.out( 9722): body:<empirical.HelperClass: java.lang.String getHeaderField(java.net.URLConnection,java.lang.String)>	sig:data = virtualinvoke conn.<java.net.URLConnection: java.lang.String getHeaderField(java.lang.String)>(field)	timediff:0
I/System.out( 9722): body:<empirical.HelperClass: java.lang.String getHeaderField(java.net.URLConnection,java.lang.String)>	sig:data = virtualinvoke conn.<java.net.URLConnection: java.lang.String getHeaderField(java.lang.String)>(field)	timediff:0
I/System.out( 9722): body:<empirical.HelperClass: java.lang.String getHeaderField(java.net.URLConnection,java.lang.String)>	sig:data = virtualinvoke conn.<java.net.URLConnection: java.lang.String getHeaderField(java.lang.String)>(field)	timediff:0
I/System.out( 9722): body:<empirical.HelperClass: java.lang.String getHeaderField(java.net.URLConnection,java.lang.String)>	sig:data = virtualinvoke conn.<java.net.URLConnection: java.lang.String getHeaderField(java.lang.String)>(field)	timediff:0
I/System.out( 9722): URLConn;%;0;%;<o.AD$if: java.io.InputStream ˊ()>;%;$r2 = virtualinvoke $r1.<java.net.HttpURLConnection: java.io.InputStream getInputStream()>();%;https://api.pinger.com/1.0/batch;%;true;%;665;%;no-cache, must-revalidate;%;Fri, 01 Jan 1990 00:00:00 GMT;%;Not found;%;Not found
W/FlurryAgent( 9722): Event count started: Delay
D/dalvikvm( 9722): GC_FOR_ALLOC freed 958K, 15% free 7551K/8808K, paused 9ms, total 10ms
I/System.out( 9722): body:<com.flurry.sdk.kl: void r()>	sig:$i0 = virtualinvoke $r8.<java.net.HttpURLConnection: int getResponseCode()>()	timediff:416
I/System.out( 9722): body:<com.flurry.sdk.kl: void r()>	sig:$r21 = virtualinvoke $r8.<java.net.HttpURLConnection: java.util.Map getHeaderFields()>()	timediff:0
I/System.out( 9722): body:<com.flurry.sdk.kl: void r()>	sig:$r27 = virtualinvoke $r8.<java.net.HttpURLConnection: java.io.InputStream getInputStream()>()	timediff:0
I/System.out( 9722): body:<empirical.HelperClass: void printURLInfo(java.lang.String,java.lang.String,java.net.URLConnection)>	sig:$r0 = virtualinvoke urlConnection.<java.net.URLConnection: java.net.URL getURL()>()	timediff:0
I/System.out( 9722): body:<empirical.HelperClass: void printURLInfo(java.lang.String,java.lang.String,java.net.URLConnection)>	sig:urlString = virtualinvoke $r0.<java.net.URL: java.lang.String toString()>()	timediff:0
I/System.out( 9722): body:<empirical.HelperClass: void printURLInfo(java.lang.String,java.lang.String,java.net.URLConnection)>	sig:isDoOutput = virtualinvoke urlConnection.<java.net.URLConnection: boolean getDoOutput()>()	timediff:0
I/System.out( 9722): body:<empirical.HelperClass: java.lang.String getHeaderField(java.net.URLConnection,java.lang.String)>	sig:data = virtualinvoke conn.<java.net.URLConnection: java.lang.String getHeaderField(java.lang.String)>(field)	timediff:0
I/System.out( 9722): body:<empirical.HelperClass: java.lang.String getHeaderField(java.net.URLConnection,java.lang.String)>	sig:data = virtualinvoke conn.<java.net.URLConnection: java.lang.String getHeaderField(java.lang.String)>(field)	timediff:0
I/System.out( 9722): body:<empirical.HelperClass: java.lang.String getHeaderField(java.net.URLConnection,java.lang.String)>	sig:data = virtualinvoke conn.<java.net.URLConnection: java.lang.String getHeaderField(java.lang.String)>(field)	timediff:0
I/System.out( 9722): body:<empirical.HelperClass: java.lang.String getHeaderField(java.net.URLConnection,java.lang.String)>	sig:data = virtualinvoke conn.<java.net.URLConnection: java.lang.String getHeaderField(java.lang.String)>(field)	timediff:0
I/System.out( 9722): body:<empirical.HelperClass: java.lang.String getHeaderField(java.net.URLConnection,java.lang.String)>	sig:data = virtualinvoke conn.<java.net.URLConnection: java.lang.String getHeaderField(java.lang.String)>(field)	timediff:0
I/System.out( 9722): URLConn;%;1;%;<com.flurry.sdk.kl: void r()>;%;$r27 = virtualinvoke $r8.<java.net.HttpURLConnection: java.io.InputStream getInputStream()>();%;https://analytics.query.yahoo.com/v1/public/yql?q=select+bid+from+data.utilities+where+_di%3D%27242c1c174e0d01c98e205e68ff2ddac2e769ce00%27+and+_diaid%3D%27242c1c174e0d01c98e205e68ff2ddac2e769ce00%27+and+_diaidu%3D%2773ebbf1f-6d54-4944-bef3-a8c0b54838e4%27;%;false;%;Not found;%;no-cache;%;Thu, 01 Jan 1970 00:00:00 GMT;%;0;%;B=28b0s2t70q0e9;Path=/;Domain=.yahoo.com;Expires=Sun, 12-Apr-2020 18:33:45 GMT
I/System.out( 9722): body:<com.flurry.sdk.kl: void t()>	sig:virtualinvoke $r1.<java.net.HttpURLConnection: void disconnect()>()	timediff:0
I/System.out( 9722): body:<com.flurry.sdk.o$4: void a(com.flurry.sdk.kj,java.lang.Void)>	sig:$r6 = staticinvoke <java.net.HttpCookie: java.util.List parse(java.lang.String)>($r5)	timediff:0
I/System.out( 9722): body:<com.flurry.sdk.o$4: void a(com.flurry.sdk.kj,java.lang.Void)>	sig:$r5 = virtualinvoke $r10.<java.net.HttpCookie: java.lang.String getDomain()>()	timediff:0
I/System.out( 9722): body:<com.flurry.sdk.o$4: void a(com.flurry.sdk.kj,java.lang.Void)>	sig:$z0 = staticinvoke <java.net.HttpCookie: boolean domainMatches(java.lang.String,java.lang.String)>(".yahoo.com", $r5)	timediff:0
I/System.out( 9722): body:<com.flurry.sdk.o$4: void a(com.flurry.sdk.kj,java.lang.Void)>	sig:$r4 = virtualinvoke $r10.<java.net.HttpCookie: java.lang.String getName()>()	timediff:0
I/System.out( 9722): body:<com.flurry.sdk.o$4: void a(com.flurry.sdk.kj,java.lang.Void)>	sig:$r5 = virtualinvoke $r10.<java.net.HttpCookie: java.lang.String getValue()>()	timediff:0
I/System.out( 9722): body:<com.flurry.sdk.o$4: void a(com.flurry.sdk.kj,java.lang.Void)>	sig:$r5 = virtualinvoke $r10.<java.net.HttpCookie: java.lang.String getDomain()>()	timediff:0
I/System.out( 9722): body:<com.flurry.sdk.kl: void r()>	sig:specialinvoke $r2.<java.net.URL: void <init>(java.lang.String)>($r6)	timediff:0
I/System.out( 9722): <com.flurry.sdk.kl: void r()>###specialinvoke $r2.<java.net.URL: void <init>(java.lang.String)>($r6)###https://data.flurry.com/aap.do
I/System.out( 9722): body:<com.flurry.sdk.kl: void r()>	sig:$r7 = virtualinvoke $r2.<java.net.URL: java.net.URLConnection openConnection()>()	timediff:0
I/System.out( 9722): body:<com.flurry.sdk.kl: void r()>	sig:virtualinvoke $r8.<java.net.HttpURLConnection: void setConnectTimeout(int)>($i0)	timediff:0
I/System.out( 9722): body:<com.flurry.sdk.kl: void r()>	sig:virtualinvoke $r8.<java.net.HttpURLConnection: void setReadTimeout(int)>($i0)	timediff:0
I/System.out( 9722): body:<com.flurry.sdk.kl: void r()>	sig:virtualinvoke $r8.<java.net.HttpURLConnection: void setRequestMethod(java.lang.String)>($r6)	timediff:0
I/System.out( 9722): body:<com.flurry.sdk.kl: void r()>	sig:virtualinvoke $r8.<java.net.HttpURLConnection: void setInstanceFollowRedirects(boolean)>($z0)	timediff:0
I/System.out( 9722): body:<com.flurry.sdk.kl: void r()>	sig:virtualinvoke $r8.<java.net.HttpURLConnection: void setDoOutput(boolean)>($z0)	timediff:0
I/System.out( 9722): body:<com.flurry.sdk.kl: void r()>	sig:virtualinvoke $r8.<java.net.HttpURLConnection: void setDoInput(boolean)>(1)	timediff:0
I/System.out( 9722): body:<com.flurry.sdk.kl: void r()>	sig:virtualinvoke $r8.<java.net.HttpURLConnection: void addRequestProperty(java.lang.String,java.lang.String)>($r6, $r15)	timediff:0
W/ViewRootImpl( 9722): Dropping event due to no window focus: KeyEvent { action=ACTION_DOWN, keyCode=KEYCODE_DPAD_DOWN, scanCode=0, metaState=0, flags=0x8, repeatCount=0, eventTime=931321, downTime=931321, deviceId=-1, source=0x101 }
W/ViewRootImpl( 9722): Dropping event due to no window focus: KeyEvent { action=ACTION_DOWN, keyCode=KEYCODE_DPAD_CENTER, scanCode=0, metaState=0, flags=0x8, repeatCount=0, eventTime=931324, downTime=931324, deviceId=-1, source=0x101 }
W/ViewRootImpl( 9722): Dropping event due to no window focus: KeyEvent { action=ACTION_DOWN, keyCode=KEYCODE_DPAD_RIGHT, scanCode=0, metaState=0, flags=0x8, repeatCount=0, eventTime=931326, downTime=931326, deviceId=-1, source=0x101 }
W/ViewRootImpl( 9722): Dropping event due to no window focus: KeyEvent { action=ACTION_DOWN, keyCode=KEYCODE_DPAD_UP, scanCode=0, metaState=0, flags=0x8, repeatCount=0, eventTime=931327, downTime=931327, deviceId=-1, source=0x101 }
W/ViewRootImpl( 9722): Dropping event due to no window focus: KeyEvent { action=ACTION_DOWN, keyCode=KEYCODE_DPAD_LEFT, scanCode=0, metaState=0, flags=0x8, repeatCount=0, eventTime=931328, downTime=931328, deviceId=-1, source=0x101 }
D/dalvikvm( 9722): GC_CONCURRENT freed 1131K, 14% free 7981K/9184K, paused 2ms+1ms, total 29ms
D/dalvikvm( 9722): WAIT_FOR_CONCURRENT_GC blocked 7ms
D/dalvikvm( 9722): WAIT_FOR_CONCURRENT_GC blocked 13ms
D/dalvikvm( 9722): WAIT_FOR_CONCURRENT_GC blocked 10ms
D/dalvikvm( 9722): WAIT_FOR_CONCURRENT_GC blocked 9ms
W/ActivityManager(  479): stopServiceToken startId 93 is last, but have 2 remaining args
W/EGL_emulation( 9722): eglSurfaceAttrib not implemented 3093 12436
I/ActivityManager(  479): START u0 {flg=0x24000000 cmp=com.sideline.phone.number/com.pinger.textfree.call.activities.SidelineCreateAccount (has extras)} from pid 9722
D/dalvikvm( 9722): GC_CONCURRENT freed 713K, 8% free 8985K/9760K, paused 7ms+1ms, total 17ms
D/dalvikvm( 9722): WAIT_FOR_CONCURRENT_GC blocked 10ms
D/dalvikvm( 9722): WAIT_FOR_CONCURRENT_GC blocked 18ms
D/dalvikvm( 9722): WAIT_FOR_CONCURRENT_GC blocked 19ms
D/dalvikvm( 9722): WAIT_FOR_CONCURRENT_GC blocked 20ms
I/System.out( 9722): body:<com.flurry.sdk.kl: void r()>	sig:$r18 = virtualinvoke $r8.<java.net.HttpURLConnection: java.io.OutputStream getOutputStream()>()	timediff:147
I/AppCompatViewInflater( 9722): app:theme is now deprecated. Please move to using android:theme instead.
W/ResourceType( 9722): Failure getting entry for 0x7f0e0000 (t=13 e=0) in package 0 (error -75)
I/dalvikvm( 9722): Could not find method android.content.res.Resources.getDrawable, referenced from method o.ʌ.getDrawable
W/dalvikvm( 9722): VFY: unable to resolve virtual method 693: Landroid/content/res/Resources;.getDrawable (ILandroid/content/res/Resources$Theme;)Landroid/graphics/drawable/Drawable;
D/dalvikvm( 9722): VFY: replacing opcode 0x6e at 0x0002
I/dalvikvm( 9722): Could not find method android.content.res.Resources.getDrawableForDensity, referenced from method o.ʌ.getDrawableForDensity
W/dalvikvm( 9722): VFY: unable to resolve virtual method 695: Landroid/content/res/Resources;.getDrawableForDensity (IILandroid/content/res/Resources$Theme;)Landroid/graphics/drawable/Drawable;
D/dalvikvm( 9722): VFY: replacing opcode 0x6e at 0x0002
D/dalvikvm( 9722): GC_CONCURRENT freed 1346K, 13% free 9688K/11096K, paused 1ms+1ms, total 15ms
D/dalvikvm( 9722): WAIT_FOR_CONCURRENT_GC blocked 5ms
D/dalvikvm( 9722): WAIT_FOR_CONCURRENT_GC blocked 8ms
W/FlurryAgent( 9722): Flurry session resumed for context:com.pinger.textfree.call.activities.SidelineCreateAccount@4aaed518
W/FlurryAgent( 9722): Event count started: REG1c: On Create Account Screen
I/System.out( 9722): body:<com.flurry.sdk.kl: void r()>	sig:$i0 = virtualinvoke $r8.<java.net.HttpURLConnection: int getResponseCode()>()	timediff:105
I/System.out( 9722): body:<com.flurry.sdk.kl: void r()>	sig:$r21 = virtualinvoke $r8.<java.net.HttpURLConnection: java.util.Map getHeaderFields()>()	timediff:0
I/System.out( 9722): body:<com.flurry.sdk.kl: void r()>	sig:$r27 = virtualinvoke $r8.<java.net.HttpURLConnection: java.io.InputStream getInputStream()>()	timediff:0
I/System.out( 9722): body:<empirical.HelperClass: void printURLInfo(java.lang.String,java.lang.String,java.net.URLConnection)>	sig:$r0 = virtualinvoke urlConnection.<java.net.URLConnection: java.net.URL getURL()>()	timediff:0
I/System.out( 9722): body:<empirical.HelperClass: void printURLInfo(java.lang.String,java.lang.String,java.net.URLConnection)>	sig:urlString = virtualinvoke $r0.<java.net.URL: java.lang.String toString()>()	timediff:0
I/System.out( 9722): body:<empirical.HelperClass: void printURLInfo(java.lang.String,java.lang.String,java.net.URLConnection)>	sig:isDoOutput = virtualinvoke urlConnection.<java.net.URLConnection: boolean getDoOutput()>()	timediff:0
I/System.out( 9722): body:<empirical.HelperClass: java.lang.String getHeaderField(java.net.URLConnection,java.lang.String)>	sig:data = virtualinvoke conn.<java.net.URLConnection: java.lang.String getHeaderField(java.lang.String)>(field)	timediff:0
I/System.out( 9722): body:<empirical.HelperClass: java.lang.String getHeaderField(java.net.URLConnection,java.lang.String)>	sig:data = virtualinvoke conn.<java.net.URLConnection: java.lang.String getHeaderField(java.lang.String)>(field)	timediff:0
I/System.out( 9722): body:<empirical.HelperClass: java.lang.String getHeaderField(java.net.URLConnection,java.lang.String)>	sig:data = virtualinvoke conn.<java.net.URLConnection: java.lang.String getHeaderField(java.lang.String)>(field)	timediff:0
I/System.out( 9722): body:<empirical.HelperClass: java.lang.String getHeaderField(java.net.URLConnection,java.lang.String)>	sig:data = virtualinvoke conn.<java.net.URLConnection: java.lang.String getHeaderField(java.lang.String)>(field)	timediff:0
I/System.out( 9722): body:<empirical.HelperClass: java.lang.String getHeaderField(java.net.URLConnection,java.lang.String)>	sig:data = virtualinvoke conn.<java.net.URLConnection: java.lang.String getHeaderField(java.lang.String)>(field)	timediff:0
I/System.out( 9722): URLConn;%;2;%;<com.flurry.sdk.kl: void r()>;%;$r27 = virtualinvoke $r8.<java.net.HttpURLConnection: java.io.InputStream getInputStream()>();%;https://data.flurry.com/aap.do;%;true;%;Not found;%;Not found;%;Not found;%;0;%;Not found
I/System.out( 9722): body:<com.flurry.sdk.kl: void t()>	sig:virtualinvoke $r1.<java.net.HttpURLConnection: void disconnect()>()	timediff:0
W/FlurryAgent( 9722): Analytics report sent.
I/System.out( 9722): body:<com.facebook.Request: java.net.HttpURLConnection toHttpConnection(com.facebook.RequestBatch)>	sig:specialinvoke $r1.<java.net.URL: void <init>(java.lang.String)>($r4)	timediff:0
I/System.out( 9722): <com.facebook.Request: java.net.HttpURLConnection toHttpConnection(com.facebook.RequestBatch)>###specialinvoke $r1.<java.net.URL: void <init>(java.lang.String)>($r4)###https://graph.facebook.com/v2.2/949760131750117?fields=supports_implicit_sdk_logging%2Cgdpv4_nux_content%2Cgdpv4_nux_enabled%2Candroid_dialog_configs&format=json&sdk=android
I/System.out( 9722): body:<com.facebook.Request: java.net.HttpURLConnection createConnection(java.net.URL)>	sig:$r2 = virtualinvoke $r0.<java.net.URL: java.net.URLConnection openConnection()>()	timediff:0
I/System.out( 9722): body:<com.facebook.Request: java.net.HttpURLConnection createConnection(java.net.URL)>	sig:virtualinvoke $r3.<java.net.HttpURLConnection: void setRequestProperty(java.lang.String,java.lang.String)>("User-Agent", $r4)	timediff:0
I/System.out( 9722): body:<com.facebook.Request: java.net.HttpURLConnection createConnection(java.net.URL)>	sig:virtualinvoke $r3.<java.net.HttpURLConnection: void setRequestProperty(java.lang.String,java.lang.String)>("Accept-Language", $r4)	timediff:0
I/System.out( 9722): body:<com.facebook.Request: java.net.HttpURLConnection createConnection(java.net.URL)>	sig:virtualinvoke $r3.<java.net.HttpURLConnection: void setChunkedStreamingMode(int)>(0)	timediff:0
I/System.out( 9722): body:<com.facebook.Request: void serializeToUrlConnection(com.facebook.RequestBatch,java.net.HttpURLConnection)>	sig:virtualinvoke $r1.<java.net.HttpURLConnection: void setRequestMethod(java.lang.String)>($r15)	timediff:0
I/System.out( 9722): body:<com.facebook.Request: void setConnectionContentType(java.net.HttpURLConnection,boolean)>	sig:virtualinvoke $r0.<java.net.HttpURLConnection: void setRequestProperty(java.lang.String,java.lang.String)>("Content-Type", "application/x-www-form-urlencoded")	timediff:0
I/System.out( 9722): body:<com.facebook.Request: void setConnectionContentType(java.net.HttpURLConnection,boolean)>	sig:virtualinvoke $r0.<java.net.HttpURLConnection: void setRequestProperty(java.lang.String,java.lang.String)>("Content-Encoding", "gzip")	timediff:0
I/System.out( 9722): body:<com.facebook.Request: void serializeToUrlConnection(com.facebook.RequestBatch,java.net.HttpURLConnection)>	sig:$r16 = virtualinvoke $r1.<java.net.HttpURLConnection: java.net.URL getURL()>()	timediff:0
I/System.out( 9722): body:<com.facebook.Request: void serializeToUrlConnection(com.facebook.RequestBatch,java.net.HttpURLConnection)>	sig:$r15 = virtualinvoke $r1.<java.net.HttpURLConnection: java.lang.String getRequestMethod()>()	timediff:0
I/System.out( 9722): body:<com.facebook.Request: void serializeToUrlConnection(com.facebook.RequestBatch,java.net.HttpURLConnection)>	sig:$r15 = virtualinvoke $r1.<java.net.HttpURLConnection: java.lang.String getRequestProperty(java.lang.String)>("User-Agent")	timediff:0
I/System.out( 9722): body:<com.facebook.Request: void serializeToUrlConnection(com.facebook.RequestBatch,java.net.HttpURLConnection)>	sig:$r15 = virtualinvoke $r1.<java.net.HttpURLConnection: java.lang.String getRequestProperty(java.lang.String)>("Content-Type")	timediff:0
I/System.out( 9722): body:<com.facebook.Request: void serializeToUrlConnection(com.facebook.RequestBatch,java.net.HttpURLConnection)>	sig:virtualinvoke $r1.<java.net.HttpURLConnection: void setConnectTimeout(int)>($i2)	timediff:0
I/System.out( 9722): body:<com.facebook.Request: void serializeToUrlConnection(com.facebook.RequestBatch,java.net.HttpURLConnection)>	sig:virtualinvoke $r1.<java.net.HttpURLConnection: void setReadTimeout(int)>($i2)	timediff:0
W/EGL_emulation( 9722): eglSurfaceAttrib not implemented 3093 12436
D/dalvikvm( 9722): GC_CONCURRENT freed 1003K, 9% free 10971K/12036K, paused 5ms+1ms, total 23ms
D/dalvikvm( 9722): WAIT_FOR_CONCURRENT_GC blocked 14ms
D/dalvikvm( 9722): WAIT_FOR_CONCURRENT_GC blocked 16ms
D/dalvikvm( 9722): WAIT_FOR_CONCURRENT_GC blocked 12ms
