I/dalvikvm(11604): DexOpt: unable to optimize instance field ref 0x0441 at 0x57 in Lksq;.d
I/dalvikvm(11604): Could not find method android.content.ContextWrapper.createCredentialProtectedStorageContext, referenced from method com.google.android.chimera.ModuleContext.createCredentialProtectedStorageContext
W/dalvikvm(11604): VFY: unable to resolve virtual method 2411: Landroid/content/ContextWrapper;.createCredentialProtectedStorageContext ()Landroid/content/Context;
D/dalvikvm(11604): VFY: replacing opcode 0x6f at 0x0002
I/dalvikvm(11604): Could not find method android.content.ContextWrapper.createDeviceProtectedStorageContext, referenced from method com.google.android.chimera.ModuleContext.createDeviceProtectedStorageContext
W/dalvikvm(11604): VFY: unable to resolve virtual method 2412: Landroid/content/ContextWrapper;.createDeviceProtectedStorageContext ()Landroid/content/Context;
D/dalvikvm(11604): VFY: replacing opcode 0x6f at 0x0002
W/dalvikvm(11604): VFY: unable to find class referenced in signature (Latwe;)
I/dalvikvm(11604): Could not find method android.content.Context.isDeviceProtectedStorage, referenced from method kqa.d
W/dalvikvm(11604): VFY: unable to resolve virtual method 2392: Landroid/content/Context;.isDeviceProtectedStorage ()Z
D/dalvikvm(11604): VFY: replacing opcode 0x6e at 0x0006
I/dalvikvm(11604): Could not find method android.os.UserHandle.isOwner, referenced from method kqa.i
W/dalvikvm(11604): VFY: unable to resolve virtual method 3021: Landroid/os/UserHandle;.isOwner ()Z
D/dalvikvm(11604): VFY: replacing opcode 0x6e at 0x000a
I/dalvikvm(11604): Could not find method android.content.Context.createDeviceProtectedStorageContext, referenced from method jvu.a
W/dalvikvm(11604): VFY: unable to resolve virtual method 2362: Landroid/content/Context;.createDeviceProtectedStorageContext ()Landroid/content/Context;
D/dalvikvm(11604): VFY: replacing opcode 0x6e at 0x0029
I/dalvikvm(11604): Could not find method android.content.Context.getSystemService, referenced from method jvu.b
W/dalvikvm(11604): VFY: unable to resolve virtual method 2387: Landroid/content/Context;.getSystemService (Ljava/lang/Class;)Ljava/lang/Object;
D/dalvikvm(11604): VFY: replacing opcode 0x6e at 0x000b
I/dalvikvm(11604): Could not find method android.system.Os.stat, referenced from method kro.a
W/dalvikvm(11604): VFY: unable to resolve static method 3048: Landroid/system/Os;.stat (Ljava/lang/String;)Landroid/system/StructStat;
D/dalvikvm(11604): VFY: replacing opcode 0x71 at 0x0041
I/dalvikvm(11604): DexOpt: unable to optimize instance field ref 0x04a2 at 0x45 in Lkro;.a
I/dalvikvm(11604): DexOpt: unable to optimize instance field ref 0x04a1 at 0x51 in Lkro;.a
I/dalvikvm(11604): DexOpt: unable to optimize static field ref 0x049e at 0x53 in Lkro;.a
I/dalvikvm(11604): DexOpt: unable to optimize static field ref 0x049f at 0x58 in Lkro;.a
I/dalvikvm(11604): DexOpt: unable to optimize static field ref 0x04a0 at 0x5d in Lkro;.a
W/common.FileUtils(11604): Failed to set dir world executable: java.io.FileNotFoundException: /data/data/com.google.android.gms/files/gmscore_global_dirs.txt: open failed: EACCES (Permission denied)
W/common.FileUtils(11604): Failed to set dir world executable: java.io.FileNotFoundException: /data/data/com.google.android.gms/files/gmscore_global_dirs.txt: open failed: EACCES (Permission denied)
D/dalvikvm(11604): Trying to load lib /data/data/com.google.android.gms/app_extracted_libs/x86/libgmscore.so 0x94f0e368
D/dalvikvm(11604): Added shared lib /data/data/com.google.android.gms/app_extracted_libs/x86/libgmscore.so 0x94f0e368
D/dalvikvm(11604): No JNI_OnLoad found in /data/data/com.google.android.gms/app_extracted_libs/x86/libgmscore.so 0x94f0e368, skipping init
I/dalvikvm(11604): Could not find method android.content.pm.PackageManager.isInstantApp, referenced from method kwe.a
W/dalvikvm(11604): VFY: unable to resolve virtual method 2511: Landroid/content/pm/PackageManager;.isInstantApp (Ljava/lang/String;)Z
D/dalvikvm(11604): VFY: replacing opcode 0x6e at 0x002d
W/common.FileUtils(11604): Failed to set dir world executable: java.io.FileNotFoundException: /data/data/com.google.android.gms/files/gmscore_global_dirs.txt: open failed: EACCES (Permission denied)
W/common.FileUtils(11604): Failed to set dir world executable: java.io.FileNotFoundException: /data/data/com.google.android.gms/files/gmscore_global_dirs.txt: open failed: EACCES (Permission denied)
D/dalvikvm(11604): Trying to load lib /data/data/com.google.android.gms/app_extracted_libs/x86/libconscrypt_gmscore_jni.so 0x94f0e368
D/dalvikvm(11604): Added shared lib /data/data/com.google.android.gms/app_extracted_libs/x86/libconscrypt_gmscore_jni.so 0x94f0e368
V/NativeCrypto(11604): Registering com/google/android/gms/org/conscrypt/NativeCrypto's 279 native methods...
D/dalvikvm(11604): Trying to load lib /data/data/com.google.android.gms/app_extracted_libs/x86/libgmscore.so 0x94f0e368
D/dalvikvm(11604): Shared lib '/data/data/com.google.android.gms/app_extracted_libs/x86/libgmscore.so' already loaded in same CL 0x94f0e368
D/dalvikvm(11604): Trying to load lib /data/data/com.google.android.gms/app_extracted_libs/x86/libconscrypt_gmscore_jni.so 0x94f0e368
D/dalvikvm(11604): Shared lib '/data/data/com.google.android.gms/app_extracted_libs/x86/libconscrypt_gmscore_jni.so' already loaded in same CL 0x94f0e368
E/dalvikvm(11604): Could not find class 'javax.net.ssl.SNIServerName', referenced from method com.google.android.gms.org.conscrypt.Platform.getSniHostnameFromParams
W/dalvikvm(11604): VFY: unable to resolve check-cast 2477 (Ljavax/net/ssl/SNIServerName;) in Lcom/google/android/gms/org/conscrypt/Platform;
D/dalvikvm(11604): VFY: replacing opcode 0x1f at 0x0025
E/dalvikvm(11604): Could not find class 'javax.net.ssl.SNIHostName', referenced from method com.google.android.gms.org.conscrypt.Platform.setParametersSniHostname
W/dalvikvm(11604): VFY: unable to resolve new-instance 2476 (Ljavax/net/ssl/SNIHostName;) in Lcom/google/android/gms/org/conscrypt/Platform;
D/dalvikvm(11604): VFY: replacing opcode 0x22 at 0x0024
D/dalvikvm(11604): JIT code cache reset in 0 ms (0 bytes 1/0)
D/dalvikvm(11604): GC_CONCURRENT freed 316K, 13% free 2855K/3256K, paused 2ms+0ms, total 4ms
E/dalvikvm(11604): Could not find class 'javax.net.ssl.SNIHostName', referenced from method com.google.android.gms.org.conscrypt.Platform.setParametersSniHostname
W/dalvikvm(11604): VFY: unable to resolve new-instance 2476 (Ljavax/net/ssl/SNIHostName;) in Lcom/google/android/gms/org/conscrypt/Platform;
D/dalvikvm(11604): VFY: replacing opcode 0x22 at 0x0024
W/dalvikvm(11604): Unable to resolve superclass of Lcom/google/android/gms/org/conscrypt/Java7SessionWrapper; (2467)
W/dalvikvm(11604): Link of class 'Lcom/google/android/gms/org/conscrypt/Java7SessionWrapper;' failed
I/dalvikvm(11604): Could not find method com.google.android.gms.org.conscrypt.Java7SessionWrapper.getDelegate, referenced from method com.google.android.gms.org.conscrypt.Platform.unwrapSSLSession
W/dalvikvm(11604): VFY: unable to resolve static method 8510: Lcom/google/android/gms/org/conscrypt/Java7SessionWrapper;.getDelegate (Ljavax/net/ssl/SSLSession;)Ljavax/net/ssl/SSLSession;
D/dalvikvm(11604): VFY: replacing opcode 0x71 at 0x0007
W/dalvikvm(11604): Unable to resolve superclass of Lcom/google/android/gms/org/conscrypt/Java7SessionWrapper; (2467)
W/dalvikvm(11604): Link of class 'Lcom/google/android/gms/org/conscrypt/Java7SessionWrapper;' failed
E/dalvikvm(11604): Could not find class 'com.google.android.gms.org.conscrypt.Java7SessionWrapper', referenced from method com.google.android.gms.org.conscrypt.Platform.wrapSSLSession
W/dalvikvm(11604): VFY: unable to resolve new-instance 1610 (Lcom/google/android/gms/org/conscrypt/Java7SessionWrapper;) in Lcom/google/android/gms/org/conscrypt/Platform;
D/dalvikvm(11604): VFY: replacing opcode 0x22 at 0x0007
D/dalvikvm(11604): DexOpt: unable to opt direct call 0x35f3 at 0x2a in Lcom/google/android/gms/org/conscrypt/Platform;.setParametersSniHostname
D/dalvikvm(11604): DexOpt: unable to opt direct call 0x35f3 at 0x2a in Lcom/google/android/gms/org/conscrypt/Platform;.setParametersSniHostname
W/dalvikvm(11604): Unable to resolve superclass of Lcom/google/android/gms/org/conscrypt/Java7SessionWrapper; (2467)
W/dalvikvm(11604): Link of class 'Lcom/google/android/gms/org/conscrypt/Java7SessionWrapper;' failed
D/dalvikvm(11604): DexOpt: unable to opt direct call 0x213a at 0x09 in Lcom/google/android/gms/org/conscrypt/Platform;.wrapSSLSession
D/dalvikvm(11604): GC_CONCURRENT freed 233K, 10% free 3005K/3324K, paused 2ms+1ms, total 4ms
D/dalvikvm(11604): GC_CONCURRENT freed 216K, 9% free 3174K/3480K, paused 1ms+1ms, total 4ms
I/ProviderInstaller(11604): Installed default security provider GmsCore_OpenSSL
I/System.out(11566): body:<ewh: java.lang.String a(java.lang.String,java.lang.String)>	sig:$r1 = staticinvoke <java.net.URLDecoder: java.lang.String decode(java.lang.String,java.lang.String)>($r0, $r1)	timediff:0
I/GAv4    (11604): Google Analytics 8.4.87 is starting up. To enable debug logging on a device run:
I/GAv4    (11604):   adb shell setprop log.tag.GAv4 DEBUG
I/GAv4    (11604):   adb logcat -s GAv4
I/System.out(11566): body:<ewh: java.lang.String a(java.lang.String,java.lang.String)>	sig:$r1 = staticinvoke <java.net.URLDecoder: java.lang.String decode(java.lang.String,java.lang.String)>($r0, $r1)	timediff:0
I/System.out(11566): body:<ewh: java.lang.String a(java.lang.String,java.lang.String)>	sig:$r1 = staticinvoke <java.net.URLDecoder: java.lang.String decode(java.lang.String,java.lang.String)>($r0, $r1)	timediff:0
W/GAv4    (11604): AnalyticsReceiver is not registered or is disabled. Register the receiver for reliable dispatching on non-Google Play devices. See http://goo.gl/8Rd3yj for instructions.
I/System.out(11566): body:<ewh: java.lang.String a(java.lang.String,java.lang.String)>	sig:$r1 = staticinvoke <java.net.URLDecoder: java.lang.String decode(java.lang.String,java.lang.String)>($r0, $r1)	timediff:0
I/System.out(11566): body:<ewh: java.lang.String a(java.lang.String,java.lang.String)>	sig:$r1 = staticinvoke <java.net.URLDecoder: java.lang.String decode(java.lang.String,java.lang.String)>($r0, $r1)	timediff:0
W/GAv4    (11604): AnalyticsService not registered in the app manifest. Hits might not be delivered reliably. See http://goo.gl/8Rd3yj for instructions.
I/System.out(11566): body:<ewh: java.lang.String a(java.lang.String,java.lang.String)>	sig:$r1 = staticinvoke <java.net.URLDecoder: java.lang.String decode(java.lang.String,java.lang.String)>($r0, $r1)	timediff:0
I/System.out(11566): body:<ewh: java.lang.String a(java.lang.String,java.lang.String)>	sig:$r1 = staticinvoke <java.net.URLDecoder: java.lang.String decode(java.lang.String,java.lang.String)>($r0, $r1)	timediff:0
I/System.out(11566): body:<ewh: java.lang.String a(java.lang.String,java.lang.String)>	sig:$r1 = staticinvoke <java.net.URLDecoder: java.lang.String decode(java.lang.String,java.lang.String)>($r0, $r1)	timediff:0
I/System.out(11566): body:<ewh: java.lang.String a(java.lang.String,java.lang.String)>	sig:$r1 = staticinvoke <java.net.URLDecoder: java.lang.String decode(java.lang.String,java.lang.String)>($r0, $r1)	timediff:0
D/dalvikvm(11604): GC_CONCURRENT freed 286K, 10% free 3334K/3704K, paused 2ms+1ms, total 10ms
I/System.out(11566): body:<eml: java.util.Map a(java.lang.String)>	sig:specialinvoke $r3.<java.net.URI: void <init>(java.lang.String)>($r1)	timediff:0
I/System.out(11566): body:<ewh: java.util.Map a(java.net.URI,java.lang.String)>	sig:$r4 = virtualinvoke $r0.<java.net.URI: java.lang.String getRawQuery()>()	timediff:0
I/System.out(11566): body:<ewh: java.lang.String a(java.lang.String,java.lang.String)>	sig:$r1 = staticinvoke <java.net.URLDecoder: java.lang.String decode(java.lang.String,java.lang.String)>($r0, $r1)	timediff:0
I/System.out(11566): body:<ewh: java.lang.String a(java.lang.String,java.lang.String)>	sig:$r1 = staticinvoke <java.net.URLDecoder: java.lang.String decode(java.lang.String,java.lang.String)>($r0, $r1)	timediff:0
I/System.out(11566): body:<ewh: java.lang.String a(java.lang.String,java.lang.String)>	sig:$r1 = staticinvoke <java.net.URLDecoder: java.lang.String decode(java.lang.String,java.lang.String)>($r0, $r1)	timediff:0
W/dalvikvm(11604): VFY: unable to find class referenced in signature (Lokhttp3/Request;)
W/dalvikvm(11604): VFY: unable to find class referenced in signature (Lokhttp3/Response;)
I/dalvikvm(11604): Could not find method okhttp3.Response.headers, referenced from method empirical.HelperClass.printOkHttpInfo
W/dalvikvm(11604): VFY: unable to resolve virtual method 59484: Lokhttp3/Response;.headers ()Lokhttp3/Headers;
D/dalvikvm(11604): VFY: replacing opcode 0x6e at 0x0006
W/dalvikvm(11604): VFY: unable to find class referenced in signature (Lokhttp3/Call;)
W/dalvikvm(11604): VFY: unable to find class referenced in signature (Lokhttp3/Response;)
I/dalvikvm(11604): Could not find method okhttp3.Call.request, referenced from method empirical.HelperClass.printOkHttpInfoFromCall
W/dalvikvm(11604): VFY: unable to resolve interface method 59478: Lokhttp3/Call;.request ()Lokhttp3/Request;
D/dalvikvm(11604): VFY: replacing opcode 0x72 at 0x0006
I/System.out(11604): body:<efb: vq a(android.app.Application,zi,javax.net.ssl.SSLContext,javax.net.ssl.HostnameVerifier,egp,boolean,dcc)>	sig:specialinvoke $r15.<java.net.CookieManager: void <init>(java.net.CookieStore,java.net.CookiePolicy)>(null, $r16)	timediff:1
I/System.out(11566): body:<ewh: java.lang.String a(java.lang.String,java.lang.String)>	sig:$r1 = staticinvoke <java.net.URLDecoder: java.lang.String decode(java.lang.String,java.lang.String)>($r0, $r1)	timediff:0
I/System.out(11566): body:<ewh: java.lang.String a(java.lang.String,java.lang.String)>	sig:$r1 = staticinvoke <java.net.URLDecoder: java.lang.String decode(java.lang.String,java.lang.String)>($r0, $r1)	timediff:1
I/System.out(11566): body:<ewh: java.lang.String a(java.lang.String,java.lang.String)>	sig:$r1 = staticinvoke <java.net.URLDecoder: java.lang.String decode(java.lang.String,java.lang.String)>($r0, $r1)	timediff:0
I/System.out(11566): body:<ewh: java.lang.String a(java.lang.String,java.lang.String)>	sig:$r1 = staticinvoke <java.net.URLDecoder: java.lang.String decode(java.lang.String,java.lang.String)>($r0, $r1)	timediff:0
I/System.out(11566): body:<ewh: java.lang.String a(java.lang.String,java.lang.String)>	sig:$r1 = staticinvoke <java.net.URLDecoder: java.lang.String decode(java.lang.String,java.lang.String)>($r0, $r1)	timediff:0
I/System.out(11566): body:<ewh: java.lang.String a(java.lang.String,java.lang.String)>	sig:$r1 = staticinvoke <java.net.URLDecoder: java.lang.String decode(java.lang.String,java.lang.String)>($r0, $r1)	timediff:0
I/System.out(11566): body:<ewh: java.lang.String a(java.lang.String,java.lang.String)>	sig:$r1 = staticinvoke <java.net.URLDecoder: java.lang.String decode(java.lang.String,java.lang.String)>($r0, $r1)	timediff:1
I/System.out(11566): body:<ewh: java.lang.String a(java.lang.String,java.lang.String)>	sig:$r1 = staticinvoke <java.net.URLDecoder: java.lang.String decode(java.lang.String,java.lang.String)>($r0, $r1)	timediff:0
I/System.out(11566): body:<ewh: java.lang.String a(java.lang.String,java.lang.String)>	sig:$r1 = staticinvoke <java.net.URLDecoder: java.lang.String decode(java.lang.String,java.lang.String)>($r0, $r1)	timediff:1
I/System.out(11566): body:<ewh: java.lang.String a(java.lang.String,java.lang.String)>	sig:$r1 = staticinvoke <java.net.URLDecoder: java.lang.String decode(java.lang.String,java.lang.String)>($r0, $r1)	timediff:0
I/System.out(11566): body:<ewh: java.lang.String a(java.lang.String,java.lang.String)>	sig:$r1 = staticinvoke <java.net.URLDecoder: java.lang.String decode(java.lang.String,java.lang.String)>($r0, $r1)	timediff:0
I/System.out(11566): body:<ewh: java.lang.String a(java.lang.String,java.lang.String)>	sig:$r1 = staticinvoke <java.net.URLDecoder: java.lang.String decode(java.lang.String,java.lang.String)>($r0, $r1)	timediff:1
I/System.out(11566): body:<ewh: java.lang.String a(java.lang.String,java.lang.String)>	sig:$r1 = staticinvoke <java.net.URLDecoder: java.lang.String decode(java.lang.String,java.lang.String)>($r0, $r1)	timediff:0
I/System.out(11566): body:<ewh: java.lang.String a(java.lang.String,java.lang.String)>	sig:$r1 = staticinvoke <java.net.URLDecoder: java.lang.String decode(java.lang.String,java.lang.String)>($r0, $r1)	timediff:0
I/System.out(11566): body:<ewh: java.lang.String a(java.lang.String,java.lang.String)>	sig:$r1 = staticinvoke <java.net.URLDecoder: java.lang.String decode(java.lang.String,java.lang.String)>($r0, $r1)	timediff:0
I/System.out(11566): body:<ewh: java.lang.String a(java.lang.String,java.lang.String)>	sig:$r1 = staticinvoke <java.net.URLDecoder: java.lang.String decode(java.lang.String,java.lang.String)>($r0, $r1)	timediff:1
I/System.out(11566): body:<ewh: java.lang.String a(java.lang.String,java.lang.String)>	sig:$r1 = staticinvoke <java.net.URLDecoder: java.lang.String decode(java.lang.String,java.lang.String)>($r0, $r1)	timediff:0
I/System.out(11566): body:<ewh: java.lang.String a(java.lang.String,java.lang.String)>	sig:$r1 = staticinvoke <java.net.URLDecoder: java.lang.String decode(java.lang.String,java.lang.String)>($r0, $r1)	timediff:0
I/System.out(11566): body:<ewh: java.lang.String a(java.lang.String,java.lang.String)>	sig:$r1 = staticinvoke <java.net.URLDecoder: java.lang.String decode(java.lang.String,java.lang.String)>($r0, $r1)	timediff:0
I/System.out(11566): body:<ewh: java.lang.String a(java.lang.String,java.lang.String)>	sig:$r1 = staticinvoke <java.net.URLDecoder: java.lang.String decode(java.lang.String,java.lang.String)>($r0, $r1)	timediff:0
I/System.out(11566): body:<ewh: java.lang.String a(java.lang.String,java.lang.String)>	sig:$r1 = staticinvoke <java.net.URLDecoder: java.lang.String decode(java.lang.String,java.lang.String)>($r0, $r1)	timediff:0
I/System.out(11566): body:<ewh: java.lang.String a(java.lang.String,java.lang.String)>	sig:$r1 = staticinvoke <java.net.URLDecoder: java.lang.String decode(java.lang.String,java.lang.String)>($r0, $r1)	timediff:0
I/System.out(11566): body:<ewh: java.lang.String a(java.lang.String,java.lang.String)>	sig:$r1 = staticinvoke <java.net.URLDecoder: java.lang.String decode(java.lang.String,java.lang.String)>($r0, $r1)	timediff:0
I/System.out(11566): body:<ewh: java.lang.String a(java.lang.String,java.lang.String)>	sig:$r1 = staticinvoke <java.net.URLDecoder: java.lang.String decode(java.lang.String,java.lang.String)>($r0, $r1)	timediff:0
I/System.out(11566): body:<ewh: java.lang.String a(java.lang.String,java.lang.String)>	sig:$r1 = staticinvoke <java.net.URLDecoder: java.lang.String decode(java.lang.String,java.lang.String)>($r0, $r1)	timediff:0
I/System.out(11566): body:<eni: void a(java.lang.StringBuilder,java.lang.String,java.lang.String)>	sig:$r1 = staticinvoke <java.net.URLEncoder: java.lang.String encode(java.lang.String,java.lang.String)>($r1, "UTF-8")	timediff:0
I/System.out(11566): body:<eni: void a(java.lang.StringBuilder,java.lang.String,java.lang.String)>	sig:$r2 = staticinvoke <java.net.URLEncoder: java.lang.String encode(java.lang.String,java.lang.String)>($r2, "UTF-8")	timediff:0
I/System.out(11566): body:<eni: void a(java.lang.StringBuilder,java.lang.String,java.lang.String)>	sig:$r1 = staticinvoke <java.net.URLEncoder: java.lang.String encode(java.lang.String,java.lang.String)>($r1, "UTF-8")	timediff:0
I/System.out(11566): body:<eni: void a(java.lang.StringBuilder,java.lang.String,java.lang.String)>	sig:$r2 = staticinvoke <java.net.URLEncoder: java.lang.String encode(java.lang.String,java.lang.String)>($r2, "UTF-8")	timediff:0
I/System.out(11566): body:<eni: void a(java.lang.StringBuilder,java.lang.String,java.lang.String)>	sig:$r1 = staticinvoke <java.net.URLEncoder: java.lang.String encode(java.lang.String,java.lang.String)>($r1, "UTF-8")	timediff:0
I/System.out(11566): body:<eni: void a(java.lang.StringBuilder,java.lang.String,java.lang.String)>	sig:$r2 = staticinvoke <java.net.URLEncoder: java.lang.String encode(java.lang.String,java.lang.String)>($r2, "UTF-8")	timediff:0
I/System.out(11566): body:<eni: void a(java.lang.StringBuilder,java.lang.String,java.lang.String)>	sig:$r1 = staticinvoke <java.net.URLEncoder: java.lang.String encode(java.lang.String,java.lang.String)>($r1, "UTF-8")	timediff:0
I/System.out(11566): body:<eni: void a(java.lang.StringBuilder,java.lang.String,java.lang.String)>	sig:$r2 = staticinvoke <java.net.URLEncoder: java.lang.String encode(java.lang.String,java.lang.String)>($r2, "UTF-8")	timediff:0
I/System.out(11566): body:<eni: void a(java.lang.StringBuilder,java.lang.String,java.lang.String)>	sig:$r1 = staticinvoke <java.net.URLEncoder: java.lang.String encode(java.lang.String,java.lang.String)>($r1, "UTF-8")	timediff:0
I/System.out(11566): body:<eni: void a(java.lang.StringBuilder,java.lang.String,java.lang.String)>	sig:$r2 = staticinvoke <java.net.URLEncoder: java.lang.String encode(java.lang.String,java.lang.String)>($r2, "UTF-8")	timediff:0
I/System.out(11566): body:<eni: void a(java.lang.StringBuilder,java.lang.String,java.lang.String)>	sig:$r1 = staticinvoke <java.net.URLEncoder: java.lang.String encode(java.lang.String,java.lang.String)>($r1, "UTF-8")	timediff:0
I/System.out(11566): body:<eni: void a(java.lang.StringBuilder,java.lang.String,java.lang.String)>	sig:$r2 = staticinvoke <java.net.URLEncoder: java.lang.String encode(java.lang.String,java.lang.String)>($r2, "UTF-8")	timediff:0
I/System.out(11566): body:<eni: void a(java.lang.StringBuilder,java.lang.String,java.lang.String)>	sig:$r1 = staticinvoke <java.net.URLEncoder: java.lang.String encode(java.lang.String,java.lang.String)>($r1, "UTF-8")	timediff:0
I/System.out(11566): body:<eni: void a(java.lang.StringBuilder,java.lang.String,java.lang.String)>	sig:$r2 = staticinvoke <java.net.URLEncoder: java.lang.String encode(java.lang.String,java.lang.String)>($r2, "UTF-8")	timediff:0
I/System.out(11566): body:<eni: void a(java.lang.StringBuilder,java.lang.String,java.lang.String)>	sig:$r1 = staticinvoke <java.net.URLEncoder: java.lang.String encode(java.lang.String,java.lang.String)>($r1, "UTF-8")	timediff:0
I/System.out(11566): body:<eni: void a(java.lang.StringBuilder,java.lang.String,java.lang.String)>	sig:$r2 = staticinvoke <java.net.URLEncoder: java.lang.String encode(java.lang.String,java.lang.String)>($r2, "UTF-8")	timediff:0
I/System.out(11566): body:<eni: void a(java.lang.StringBuilder,java.lang.String,java.lang.String)>	sig:$r1 = staticinvoke <java.net.URLEncoder: java.lang.String encode(java.lang.String,java.lang.String)>($r1, "UTF-8")	timediff:0
I/System.out(11566): body:<eni: void a(java.lang.StringBuilder,java.lang.String,java.lang.String)>	sig:$r2 = staticinvoke <java.net.URLEncoder: java.lang.String encode(java.lang.String,java.lang.String)>($r2, "UTF-8")	timediff:0
I/System.out(11566): body:<eni: void a(java.lang.StringBuilder,java.lang.String,java.lang.String)>	sig:$r1 = staticinvoke <java.net.URLEncoder: java.lang.String encode(java.lang.String,java.lang.String)>($r1, "UTF-8")	timediff:0
I/System.out(11566): body:<eni: void a(java.lang.StringBuilder,java.lang.String,java.lang.String)>	sig:$r2 = staticinvoke <java.net.URLEncoder: java.lang.String encode(java.lang.String,java.lang.String)>($r2, "UTF-8")	timediff:0
I/System.out(11566): body:<eni: void a(java.lang.StringBuilder,java.lang.String,java.lang.String)>	sig:$r1 = staticinvoke <java.net.URLEncoder: java.lang.String encode(java.lang.String,java.lang.String)>($r1, "UTF-8")	timediff:0
I/System.out(11566): body:<eni: void a(java.lang.StringBuilder,java.lang.String,java.lang.String)>	sig:$r2 = staticinvoke <java.net.URLEncoder: java.lang.String encode(java.lang.String,java.lang.String)>($r2, "UTF-8")	timediff:0
I/System.out(11566): body:<eni: void a(java.lang.StringBuilder,java.lang.String,java.lang.String)>	sig:$r1 = staticinvoke <java.net.URLEncoder: java.lang.String encode(java.lang.String,java.lang.String)>($r1, "UTF-8")	timediff:0
I/System.out(11566): body:<eni: void a(java.lang.StringBuilder,java.lang.String,java.lang.String)>	sig:$r2 = staticinvoke <java.net.URLEncoder: java.lang.String encode(java.lang.String,java.lang.String)>($r2, "UTF-8")	timediff:0
I/System.out(11566): body:<eni: void a(java.lang.StringBuilder,java.lang.String,java.lang.String)>	sig:$r1 = staticinvoke <java.net.URLEncoder: java.lang.String encode(java.lang.String,java.lang.String)>($r1, "UTF-8")	timediff:0
I/System.out(11566): body:<eni: void a(java.lang.StringBuilder,java.lang.String,java.lang.String)>	sig:$r2 = staticinvoke <java.net.URLEncoder: java.lang.String encode(java.lang.String,java.lang.String)>($r2, "UTF-8")	timediff:0
I/System.out(11566): body:<eni: void a(java.lang.StringBuilder,java.lang.String,java.lang.String)>	sig:$r1 = staticinvoke <java.net.URLEncoder: java.lang.String encode(java.lang.String,java.lang.String)>($r1, "UTF-8")	timediff:0
I/System.out(11566): body:<eni: void a(java.lang.StringBuilder,java.lang.String,java.lang.String)>	sig:$r2 = staticinvoke <java.net.URLEncoder: java.lang.String encode(java.lang.String,java.lang.String)>($r2, "UTF-8")	timediff:0
I/System.out(11566): body:<eni: void a(java.lang.StringBuilder,java.lang.String,java.lang.String)>	sig:$r1 = staticinvoke <java.net.URLEncoder: java.lang.String encode(java.lang.String,java.lang.String)>($r1, "UTF-8")	timediff:0
I/System.out(11566): body:<eni: void a(java.lang.StringBuilder,java.lang.String,java.lang.String)>	sig:$r2 = staticinvoke <java.net.URLEncoder: java.lang.String encode(java.lang.String,java.lang.String)>($r2, "UTF-8")	timediff:0
I/System.out(11566): body:<eni: void a(java.lang.StringBuilder,java.lang.String,java.lang.String)>	sig:$r1 = staticinvoke <java.net.URLEncoder: java.lang.String encode(java.lang.String,java.lang.String)>($r1, "UTF-8")	timediff:0
I/System.out(11566): body:<eni: void a(java.lang.StringBuilder,java.lang.String,java.lang.String)>	sig:$r2 = staticinvoke <java.net.URLEncoder: java.lang.String encode(java.lang.String,java.lang.String)>($r2, "UTF-8")	timediff:0
I/System.out(11566): body:<eni: void a(java.lang.StringBuilder,java.lang.String,java.lang.String)>	sig:$r1 = staticinvoke <java.net.URLEncoder: java.lang.String encode(java.lang.String,java.lang.String)>($r1, "UTF-8")	timediff:1
I/System.out(11566): body:<eni: void a(java.lang.StringBuilder,java.lang.String,java.lang.String)>	sig:$r2 = staticinvoke <java.net.URLEncoder: java.lang.String encode(java.lang.String,java.lang.String)>($r2, "UTF-8")	timediff:0
I/System.out(11566): body:<eni: void a(java.lang.StringBuilder,java.lang.String,java.lang.String)>	sig:$r1 = staticinvoke <java.net.URLEncoder: java.lang.String encode(java.lang.String,java.lang.String)>($r1, "UTF-8")	timediff:0
I/System.out(11566): body:<eni: void a(java.lang.StringBuilder,java.lang.String,java.lang.String)>	sig:$r2 = staticinvoke <java.net.URLEncoder: java.lang.String encode(java.lang.String,java.lang.String)>($r2, "UTF-8")	timediff:0
I/System.out(11566): body:<eni: void a(java.lang.StringBuilder,java.lang.String,java.lang.String)>	sig:$r1 = staticinvoke <java.net.URLEncoder: java.lang.String encode(java.lang.String,java.lang.String)>($r1, "UTF-8")	timediff:0
I/System.out(11566): body:<eni: void a(java.lang.StringBuilder,java.lang.String,java.lang.String)>	sig:$r2 = staticinvoke <java.net.URLEncoder: java.lang.String encode(java.lang.String,java.lang.String)>($r2, "UTF-8")	timediff:0
I/System.out(11566): body:<eni: void a(java.lang.StringBuilder,java.lang.String,java.lang.String)>	sig:$r1 = staticinvoke <java.net.URLEncoder: java.lang.String encode(java.lang.String,java.lang.String)>($r1, "UTF-8")	timediff:0
I/System.out(11566): body:<eni: void a(java.lang.StringBuilder,java.lang.String,java.lang.String)>	sig:$r2 = staticinvoke <java.net.URLEncoder: java.lang.String encode(java.lang.String,java.lang.String)>($r2, "UTF-8")	timediff:0
I/System.out(11566): body:<eni: void a(java.lang.StringBuilder,java.lang.String,java.lang.String)>	sig:$r1 = staticinvoke <java.net.URLEncoder: java.lang.String encode(java.lang.String,java.lang.String)>($r1, "UTF-8")	timediff:0
I/System.out(11566): body:<eni: void a(java.lang.StringBuilder,java.lang.String,java.lang.String)>	sig:$r2 = staticinvoke <java.net.URLEncoder: java.lang.String encode(java.lang.String,java.lang.String)>($r2, "UTF-8")	timediff:0
I/System.out(11566): body:<eni: void a(java.lang.StringBuilder,java.lang.String,java.lang.String)>	sig:$r1 = staticinvoke <java.net.URLEncoder: java.lang.String encode(java.lang.String,java.lang.String)>($r1, "UTF-8")	timediff:0
I/System.out(11566): body:<eni: void a(java.lang.StringBuilder,java.lang.String,java.lang.String)>	sig:$r2 = staticinvoke <java.net.URLEncoder: java.lang.String encode(java.lang.String,java.lang.String)>($r2, "UTF-8")	timediff:1
I/System.out(11566): body:<eni: void a(java.lang.StringBuilder,java.lang.String,java.lang.String)>	sig:$r1 = staticinvoke <java.net.URLEncoder: java.lang.String encode(java.lang.String,java.lang.String)>($r1, "UTF-8")	timediff:0
I/System.out(11566): body:<eni: void a(java.lang.StringBuilder,java.lang.String,java.lang.String)>	sig:$r2 = staticinvoke <java.net.URLEncoder: java.lang.String encode(java.lang.String,java.lang.String)>($r2, "UTF-8")	timediff:0
I/System.out(11566): body:<eni: void a(java.lang.StringBuilder,java.lang.String,java.lang.String)>	sig:$r1 = staticinvoke <java.net.URLEncoder: java.lang.String encode(java.lang.String,java.lang.String)>($r1, "UTF-8")	timediff:0
I/System.out(11566): body:<eni: void a(java.lang.StringBuilder,java.lang.String,java.lang.String)>	sig:$r2 = staticinvoke <java.net.URLEncoder: java.lang.String encode(java.lang.String,java.lang.String)>($r2, "UTF-8")	timediff:0
I/System.out(11566): body:<eni: void a(java.lang.StringBuilder,java.lang.String,java.lang.String)>	sig:$r1 = staticinvoke <java.net.URLEncoder: java.lang.String encode(java.lang.String,java.lang.String)>($r1, "UTF-8")	timediff:0
I/System.out(11566): body:<eni: void a(java.lang.StringBuilder,java.lang.String,java.lang.String)>	sig:$r2 = staticinvoke <java.net.URLEncoder: java.lang.String encode(java.lang.String,java.lang.String)>($r2, "UTF-8")	timediff:0
I/System.out(11566): body:<eni: void a(java.lang.StringBuilder,java.lang.String,java.lang.String)>	sig:$r1 = staticinvoke <java.net.URLEncoder: java.lang.String encode(java.lang.String,java.lang.String)>($r1, "UTF-8")	timediff:0
I/System.out(11566): body:<eni: void a(java.lang.StringBuilder,java.lang.String,java.lang.String)>	sig:$r2 = staticinvoke <java.net.URLEncoder: java.lang.String encode(java.lang.String,java.lang.String)>($r2, "UTF-8")	timediff:0
I/System.out(11566): body:<eni: void a(java.lang.StringBuilder,java.lang.String,java.lang.String)>	sig:$r1 = staticinvoke <java.net.URLEncoder: java.lang.String encode(java.lang.String,java.lang.String)>($r1, "UTF-8")	timediff:1
I/System.out(11566): body:<eni: void a(java.lang.StringBuilder,java.lang.String,java.lang.String)>	sig:$r2 = staticinvoke <java.net.URLEncoder: java.lang.String encode(java.lang.String,java.lang.String)>($r2, "UTF-8")	timediff:0
I/System.out(11566): body:<eni: void a(java.lang.StringBuilder,java.lang.String,java.lang.String)>	sig:$r1 = staticinvoke <java.net.URLEncoder: java.lang.String encode(java.lang.String,java.lang.String)>($r1, "UTF-8")	timediff:0
I/System.out(11566): body:<eni: void a(java.lang.StringBuilder,java.lang.String,java.lang.String)>	sig:$r2 = staticinvoke <java.net.URLEncoder: java.lang.String encode(java.lang.String,java.lang.String)>($r2, "UTF-8")	timediff:0
I/System.out(11566): body:<eni: void a(java.lang.StringBuilder,java.lang.String,java.lang.String)>	sig:$r1 = staticinvoke <java.net.URLEncoder: java.lang.String encode(java.lang.String,java.lang.String)>($r1, "UTF-8")	timediff:0
I/System.out(11566): body:<eni: void a(java.lang.StringBuilder,java.lang.String,java.lang.String)>	sig:$r2 = staticinvoke <java.net.URLEncoder: java.lang.String encode(java.lang.String,java.lang.String)>($r2, "UTF-8")	timediff:0
I/System.out(11566): body:<eni: void a(java.lang.StringBuilder,java.lang.String,java.lang.String)>	sig:$r1 = staticinvoke <java.net.URLEncoder: java.lang.String encode(java.lang.String,java.lang.String)>($r1, "UTF-8")	timediff:0
I/System.out(11566): body:<eni: void a(java.lang.StringBuilder,java.lang.String,java.lang.String)>	sig:$r2 = staticinvoke <java.net.URLEncoder: java.lang.String encode(java.lang.String,java.lang.String)>($r2, "UTF-8")	timediff:0
I/System.out(11566): body:<eni: void a(java.lang.StringBuilder,java.lang.String,java.lang.String)>	sig:$r1 = staticinvoke <java.net.URLEncoder: java.lang.String encode(java.lang.String,java.lang.String)>($r1, "UTF-8")	timediff:0
I/System.out(11566): body:<eni: void a(java.lang.StringBuilder,java.lang.String,java.lang.String)>	sig:$r2 = staticinvoke <java.net.URLEncoder: java.lang.String encode(java.lang.String,java.lang.String)>($r2, "UTF-8")	timediff:0
I/System.out(11566): body:<eni: void a(java.lang.StringBuilder,java.lang.String,java.lang.String)>	sig:$r1 = staticinvoke <java.net.URLEncoder: java.lang.String encode(java.lang.String,java.lang.String)>($r1, "UTF-8")	timediff:0
I/System.out(11566): body:<eni: void a(java.lang.StringBuilder,java.lang.String,java.lang.String)>	sig:$r2 = staticinvoke <java.net.URLEncoder: java.lang.String encode(java.lang.String,java.lang.String)>($r2, "UTF-8")	timediff:0
I/System.out(11566): body:<eni: void a(java.lang.StringBuilder,java.lang.String,java.lang.String)>	sig:$r1 = staticinvoke <java.net.URLEncoder: java.lang.String encode(java.lang.String,java.lang.String)>($r1, "UTF-8")	timediff:1
I/System.out(11566): body:<eni: void a(java.lang.StringBuilder,java.lang.String,java.lang.String)>	sig:$r2 = staticinvoke <java.net.URLEncoder: java.lang.String encode(java.lang.String,java.lang.String)>($r2, "UTF-8")	timediff:0
I/System.out(11566): body:<eni: void a(java.lang.StringBuilder,java.lang.String,java.lang.String)>	sig:$r1 = staticinvoke <java.net.URLEncoder: java.lang.String encode(java.lang.String,java.lang.String)>($r1, "UTF-8")	timediff:0
I/System.out(11566): body:<eni: void a(java.lang.StringBuilder,java.lang.String,java.lang.String)>	sig:$r2 = staticinvoke <java.net.URLEncoder: java.lang.String encode(java.lang.String,java.lang.String)>($r2, "UTF-8")	timediff:0
I/System.out(11566): body:<eni: void a(java.lang.StringBuilder,java.lang.String,java.lang.String)>	sig:$r1 = staticinvoke <java.net.URLEncoder: java.lang.String encode(java.lang.String,java.lang.String)>($r1, "UTF-8")	timediff:0
I/System.out(11566): body:<eni: void a(java.lang.StringBuilder,java.lang.String,java.lang.String)>	sig:$r2 = staticinvoke <java.net.URLEncoder: java.lang.String encode(java.lang.String,java.lang.String)>($r2, "UTF-8")	timediff:0
I/System.out(11566): body:<eni: void a(java.lang.StringBuilder,java.lang.String,java.lang.String)>	sig:$r1 = staticinvoke <java.net.URLEncoder: java.lang.String encode(java.lang.String,java.lang.String)>($r1, "UTF-8")	timediff:0
I/System.out(11566): body:<eni: void a(java.lang.StringBuilder,java.lang.String,java.lang.String)>	sig:$r2 = staticinvoke <java.net.URLEncoder: java.lang.String encode(java.lang.String,java.lang.String)>($r2, "UTF-8")	timediff:0
I/System.out(11566): body:<eni: void a(java.lang.StringBuilder,java.lang.String,java.lang.String)>	sig:$r1 = staticinvoke <java.net.URLEncoder: java.lang.String encode(java.lang.String,java.lang.String)>($r1, "UTF-8")	timediff:0
I/System.out(11566): body:<eni: void a(java.lang.StringBuilder,java.lang.String,java.lang.String)>	sig:$r2 = staticinvoke <java.net.URLEncoder: java.lang.String encode(java.lang.String,java.lang.String)>($r2, "UTF-8")	timediff:0
I/System.out(11566): body:<eni: void a(java.lang.StringBuilder,java.lang.String,java.lang.String)>	sig:$r1 = staticinvoke <java.net.URLEncoder: java.lang.String encode(java.lang.String,java.lang.String)>($r1, "UTF-8")	timediff:0
I/System.out(11566): body:<eni: void a(java.lang.StringBuilder,java.lang.String,java.lang.String)>	sig:$r2 = staticinvoke <java.net.URLEncoder: java.lang.String encode(java.lang.String,java.lang.String)>($r2, "UTF-8")	timediff:0
I/System.out(11566): body:<eni: void a(java.lang.StringBuilder,java.lang.String,java.lang.String)>	sig:$r1 = staticinvoke <java.net.URLEncoder: java.lang.String encode(java.lang.String,java.lang.String)>($r1, "UTF-8")	timediff:0
I/System.out(11566): body:<eni: void a(java.lang.StringBuilder,java.lang.String,java.lang.String)>	sig:$r2 = staticinvoke <java.net.URLEncoder: java.lang.String encode(java.lang.String,java.lang.String)>($r2, "UTF-8")	timediff:0
I/System.out(11566): body:<eni: void a(java.lang.StringBuilder,java.lang.String,java.lang.String)>	sig:$r1 = staticinvoke <java.net.URLEncoder: java.lang.String encode(java.lang.String,java.lang.String)>($r1, "UTF-8")	timediff:0
I/System.out(11566): body:<eni: void a(java.lang.StringBuilder,java.lang.String,java.lang.String)>	sig:$r2 = staticinvoke <java.net.URLEncoder: java.lang.String encode(java.lang.String,java.lang.String)>($r2, "UTF-8")	timediff:0
I/System.out(11566): body:<eni: void a(java.lang.StringBuilder,java.lang.String,java.lang.String)>	sig:$r1 = staticinvoke <java.net.URLEncoder: java.lang.String encode(java.lang.String,java.lang.String)>($r1, "UTF-8")	timediff:0
I/System.out(11566): body:<eni: void a(java.lang.StringBuilder,java.lang.String,java.lang.String)>	sig:$r2 = staticinvoke <java.net.URLEncoder: java.lang.String encode(java.lang.String,java.lang.String)>($r2, "UTF-8")	timediff:0
I/System.out(11566): body:<eni: void a(java.lang.StringBuilder,java.lang.String,java.lang.String)>	sig:$r1 = staticinvoke <java.net.URLEncoder: java.lang.String encode(java.lang.String,java.lang.String)>($r1, "UTF-8")	timediff:0
I/System.out(11566): body:<eni: void a(java.lang.StringBuilder,java.lang.String,java.lang.String)>	sig:$r2 = staticinvoke <java.net.URLEncoder: java.lang.String encode(java.lang.String,java.lang.String)>($r2, "UTF-8")	timediff:0
I/System.out(11566): body:<eni: void a(java.lang.StringBuilder,java.lang.String,java.lang.String)>	sig:$r1 = staticinvoke <java.net.URLEncoder: java.lang.String encode(java.lang.String,java.lang.String)>($r1, "UTF-8")	timediff:0
I/System.out(11566): body:<eni: void a(java.lang.StringBuilder,java.lang.String,java.lang.String)>	sig:$r2 = staticinvoke <java.net.URLEncoder: java.lang.String encode(java.lang.String,java.lang.String)>($r2, "UTF-8")	timediff:0
I/System.out(11566): body:<eni: void a(java.lang.StringBuilder,java.lang.String,java.lang.String)>	sig:$r1 = staticinvoke <java.net.URLEncoder: java.lang.String encode(java.lang.String,java.lang.String)>($r1, "UTF-8")	timediff:0
I/System.out(11566): body:<eni: void a(java.lang.StringBuilder,java.lang.String,java.lang.String)>	sig:$r2 = staticinvoke <java.net.URLEncoder: java.lang.String encode(java.lang.String,java.lang.String)>($r2, "UTF-8")	timediff:1
I/System.out(11566): body:<eni: void a(java.lang.StringBuilder,java.lang.String,java.lang.String)>	sig:$r1 = staticinvoke <java.net.URLEncoder: java.lang.String encode(java.lang.String,java.lang.String)>($r1, "UTF-8")	timediff:0
I/System.out(11566): body:<eni: void a(java.lang.StringBuilder,java.lang.String,java.lang.String)>	sig:$r2 = staticinvoke <java.net.URLEncoder: java.lang.String encode(java.lang.String,java.lang.String)>($r2, "UTF-8")	timediff:0
I/System.out(11566): body:<eni: void a(java.lang.StringBuilder,java.lang.String,java.lang.String)>	sig:$r1 = staticinvoke <java.net.URLEncoder: java.lang.String encode(java.lang.String,java.lang.String)>($r1, "UTF-8")	timediff:0
I/System.out(11566): body:<eni: void a(java.lang.StringBuilder,java.lang.String,java.lang.String)>	sig:$r2 = staticinvoke <java.net.URLEncoder: java.lang.String encode(java.lang.String,java.lang.String)>($r2, "UTF-8")	timediff:0
I/System.out(11566): body:<eni: void a(java.lang.StringBuilder,java.lang.String,java.lang.String)>	sig:$r1 = staticinvoke <java.net.URLEncoder: java.lang.String encode(java.lang.String,java.lang.String)>($r1, "UTF-8")	timediff:0
I/System.out(11566): body:<eni: void a(java.lang.StringBuilder,java.lang.String,java.lang.String)>	sig:$r2 = staticinvoke <java.net.URLEncoder: java.lang.String encode(java.lang.String,java.lang.String)>($r2, "UTF-8")	timediff:0
I/System.out(11566): body:<eni: void a(java.lang.StringBuilder,java.lang.String,java.lang.String)>	sig:$r1 = staticinvoke <java.net.URLEncoder: java.lang.String encode(java.lang.String,java.lang.String)>($r1, "UTF-8")	timediff:0
I/System.out(11566): body:<eni: void a(java.lang.StringBuilder,java.lang.String,java.lang.String)>	sig:$r2 = staticinvoke <java.net.URLEncoder: java.lang.String encode(java.lang.String,java.lang.String)>($r2, "UTF-8")	timediff:0
I/System.out(11566): body:<eni: void a(java.lang.StringBuilder,java.lang.String,java.lang.String)>	sig:$r1 = staticinvoke <java.net.URLEncoder: java.lang.String encode(java.lang.String,java.lang.String)>($r1, "UTF-8")	timediff:0
I/System.out(11566): body:<eni: void a(java.lang.StringBuilder,java.lang.String,java.lang.String)>	sig:$r2 = staticinvoke <java.net.URLEncoder: java.lang.String encode(java.lang.String,java.lang.String)>($r2, "UTF-8")	timediff:1
I/System.out(11566): body:<eni: void a(java.lang.StringBuilder,java.lang.String,java.lang.String)>	sig:$r1 = staticinvoke <java.net.URLEncoder: java.lang.String encode(java.lang.String,java.lang.String)>($r1, "UTF-8")	timediff:0
I/System.out(11566): body:<eni: void a(java.lang.StringBuilder,java.lang.String,java.lang.String)>	sig:$r2 = staticinvoke <java.net.URLEncoder: java.lang.String encode(java.lang.String,java.lang.String)>($r2, "UTF-8")	timediff:0
I/System.out(11566): body:<eni: void a(java.lang.StringBuilder,java.lang.String,java.lang.String)>	sig:$r1 = staticinvoke <java.net.URLEncoder: java.lang.String encode(java.lang.String,java.lang.String)>($r1, "UTF-8")	timediff:0
I/System.out(11566): body:<eni: void a(java.lang.StringBuilder,java.lang.String,java.lang.String)>	sig:$r2 = staticinvoke <java.net.URLEncoder: java.lang.String encode(java.lang.String,java.lang.String)>($r2, "UTF-8")	timediff:0
I/System.out(11566): body:<eni: java.net.URL c()>	sig:specialinvoke $r5.<java.net.URL: void <init>(java.lang.String)>($r2)	timediff:1
I/System.out(11566): <eni: java.net.URL c()>###specialinvoke $r5.<java.net.URL: void <init>(java.lang.String)>($r2)###https://ssl.google-analytics.com/batch
I/System.out(11566): body:<eni: java.net.HttpURLConnection b(java.net.URL)>	sig:$r2 = virtualinvoke $r1.<java.net.URL: java.net.URLConnection openConnection()>()	timediff:0
I/System.out(11566): body:<eni: java.net.HttpURLConnection b(java.net.URL)>	sig:virtualinvoke $r4.<java.net.HttpURLConnection: void setDefaultUseCaches(boolean)>(0)	timediff:0
I/System.out(11566): body:<eni: java.net.HttpURLConnection b(java.net.URL)>	sig:virtualinvoke $r4.<java.net.HttpURLConnection: void setConnectTimeout(int)>($i0)	timediff:0
I/System.out(11566): body:<eni: java.net.HttpURLConnection b(java.net.URL)>	sig:virtualinvoke $r4.<java.net.HttpURLConnection: void setReadTimeout(int)>($i0)	timediff:0
I/System.out(11566): body:<eni: java.net.HttpURLConnection b(java.net.URL)>	sig:virtualinvoke $r4.<java.net.HttpURLConnection: void setInstanceFollowRedirects(boolean)>(0)	timediff:0
I/System.out(11566): body:<eni: java.net.HttpURLConnection b(java.net.URL)>	sig:virtualinvoke $r4.<java.net.HttpURLConnection: void setRequestProperty(java.lang.String,java.lang.String)>("User-Agent", $r8)	timediff:1
I/System.out(11566): body:<eni: java.net.HttpURLConnection b(java.net.URL)>	sig:virtualinvoke $r4.<java.net.HttpURLConnection: void setDoInput(boolean)>(1)	timediff:0
I/System.out(11566): body:<eni: int b(java.net.URL,byte[])>	sig:virtualinvoke $r12.<java.net.HttpURLConnection: void setDoOutput(boolean)>(1)	timediff:0
D/dalvikvm(11566): GC_CONCURRENT freed 491K, 11% free 4912K/5492K, paused 3ms+0ms, total 7ms
I/System.out(11566): body:<eni: int b(java.net.URL,byte[])>	sig:virtualinvoke $r12.<java.net.HttpURLConnection: void addRequestProperty(java.lang.String,java.lang.String)>("Content-Encoding", "gzip")	timediff:0
I/System.out(11566): body:<eni: int b(java.net.URL,byte[])>	sig:virtualinvoke $r12.<java.net.HttpURLConnection: void setFixedLengthStreamingMode(int)>($i3)	timediff:0
D/dalvikvm(11604): GC_CONCURRENT freed 293K, 10% free 3426K/3804K, paused 2ms+0ms, total 4ms
W/dalvikvm(11604): VFY: copy1 v6<-v9 type=-1799268208 cat=1
W/dalvikvm(11604): VFY:  rejecting opcode 0x01 at 0x002f
W/dalvikvm(11604): VFY:  rejected Lerd;.b ()Z
W/dalvikvm(11604): Verifier rejected class Lerd;
D/AndroidRuntime(11604): Shutting down VM
W/dalvikvm(11604): threadid=1: thread exiting with uncaught exception (group=0x94c24b20)
I/System.out(11566): body:<eni: int b(java.net.URL,byte[])>	sig:virtualinvoke $r12.<java.net.HttpURLConnection: void connect()>()	timediff:209
I/System.out(11566): body:<eni: int b(java.net.URL,byte[])>	sig:$r14 = virtualinvoke $r12.<java.net.HttpURLConnection: java.io.OutputStream getOutputStream()>()	timediff:0
I/System.out(11566): body:<eni: void a(java.net.HttpURLConnection)>	sig:$r3 = virtualinvoke $r1.<java.net.HttpURLConnection: java.io.InputStream getInputStream()>()	timediff:154
I/System.out(11566): body:<empirical.HelperClass: void printURLInfo(java.lang.String,java.lang.String,java.net.URLConnection)>	sig:$r0 = virtualinvoke urlConnection.<java.net.URLConnection: java.net.URL getURL()>()	timediff:0
I/System.out(11566): body:<empirical.HelperClass: void printURLInfo(java.lang.String,java.lang.String,java.net.URLConnection)>	sig:urlString = virtualinvoke $r0.<java.net.URL: java.lang.String toString()>()	timediff:0
I/System.out(11566): body:<empirical.HelperClass: void printURLInfo(java.lang.String,java.lang.String,java.net.URLConnection)>	sig:isDoOutput = virtualinvoke urlConnection.<java.net.URLConnection: boolean getDoOutput()>()	timediff:1
I/System.out(11566): body:<empirical.HelperClass: java.lang.String getHeaderField(java.net.URLConnection,java.lang.String)>	sig:data = virtualinvoke conn.<java.net.URLConnection: java.lang.String getHeaderField(java.lang.String)>(field)	timediff:0
I/System.out(11566): body:<empirical.HelperClass: java.lang.String getHeaderField(java.net.URLConnection,java.lang.String)>	sig:data = virtualinvoke conn.<java.net.URLConnection: java.lang.String getHeaderField(java.lang.String)>(field)	timediff:0
I/System.out(11566): body:<empirical.HelperClass: java.lang.String getHeaderField(java.net.URLConnection,java.lang.String)>	sig:data = virtualinvoke conn.<java.net.URLConnection: java.lang.String getHeaderField(java.lang.String)>(field)	timediff:1
I/System.out(11566): body:<empirical.HelperClass: java.lang.String getHeaderField(java.net.URLConnection,java.lang.String)>	sig:data = virtualinvoke conn.<java.net.URLConnection: java.lang.String getHeaderField(java.lang.String)>(field)	timediff:0
I/System.out(11566): body:<empirical.HelperClass: java.lang.String getHeaderField(java.net.URLConnection,java.lang.String)>	s