W/ContextImpl(  484): Calling a method in the system process without a qualified user: android.app.ContextImpl.sendBroadcast:1123 com.android.server.InputMethodManagerService.hideCurrentInputLocked:1880 com.android.server.InputMethodManagerService.hideSoftInput:1843 com.android.internal.view.IInputMethodManager$Stub.onTransact:194 com.android.server.InputMethodManagerService.onTransact:818 
I/ActivityManager(  484): START u0 {act=android.intent.action.VIEW dat=tel:xxxxxxxxxxx cmp=com.android.contacts/.NonPhoneActivity} from pid 8323
W/ContextImpl(  484): Calling a method in the system process without a qualified user: android.app.ContextImpl.sendBroadcast:1123 com.android.server.InputMethodManagerService.hideCurrentInputLocked:1880 com.android.server.InputMethodManagerService.hideSoftInput:1843 com.android.internal.view.IInputMethodManager$Stub.onTransact:194 com.android.server.InputMethodManagerService.onTransact:818 
W/ContextImpl(  484): Calling a method in the system process without a qualified user: android.app.ContextImpl.sendBroadcast:1123 com.android.server.InputMethodManagerService.hideCurrentInputLocked:1880 com.android.server.InputMethodManagerService.hideSoftInput:1843 com.android.internal.view.IInputMethodManager$Stub.onTransact:194 com.android.server.InputMethodManagerService.onTransact:818 
I/InputDispatcher(  484): Dropped event because of pending overdue app switch.
W/InputManager(  484): Input event injection from pid 8302 failed.
D/dalvikvm( 8323): GC_FOR_ALLOC freed 87K, 30% free 7762K/11016K, paused 2ms, total 3ms
I/dalvikvm-heap( 8323): Grow heap (frag case) to 9.039MB for 1382412-byte allocation
D/dalvikvm( 8323): GC_FOR_ALLOC freed <1K, 27% free 9111K/12368K, paused 6ms, total 6ms
W/ContextImpl(  484): Calling a method in the system process without a qualified user: android.app.ContextImpl.sendBroadcast:1123 com.android.server.InputMethodManagerService.hideCurrentInputLocked:1880 com.android.server.InputMethodManagerService.hideSoftInput:1843 com.android.internal.view.IInputMethodManager$Stub.onTransact:194 com.android.server.InputMethodManagerService.onTransact:818 
D/dalvikvm( 8323): GC_FOR_ALLOC freed 1863K, 33% free 8341K/12368K, paused 3ms, total 3ms
I/dalvikvm-heap( 8323): Grow heap (frag case) to 11.697MB for 3576972-byte allocation
D/dalvikvm( 8323): GC_FOR_ALLOC freed 5K, 26% free 11828K/15864K, paused 3ms, total 3ms
D/dalvikvm( 8323): GC_CONCURRENT freed 1K, 26% free 11827K/15864K, paused 1ms+0ms, total 4ms
D/dalvikvm( 8323): GC_FOR_ALLOC freed 12K, 26% free 11814K/15864K, paused 3ms, total 3ms
I/dalvikvm-heap( 8323): Grow heap (frag case) to 15.088MB for 3576972-byte allocation
D/dalvikvm( 8323): GC_FOR_ALLOC freed <1K, 21% free 15307K/19360K, paused 3ms, total 3ms
D/dalvikvm( 8323): GC_CONCURRENT freed 0K, 21% free 15307K/19360K, paused 2ms+0ms, total 5ms
W/ContextImpl(  484): Calling a method in the system process without a qualified user: android.app.ContextImpl.sendBroadcast:1123 com.android.server.InputMethodManagerService.hideCurrentInputLocked:1880 com.android.server.InputMethodManagerService.hideSoftInput:1843 com.android.internal.view.IInputMethodManager$Stub.onTransact:194 com.android.server.InputMethodManagerService.onTransact:818 
W/ViewRootImpl( 8323): Dropping event due to no window focus: KeyEvent { action=ACTION_DOWN, keyCode=KEYCODE_CAPTIONS, scanCode=0, metaState=0, flags=0x8, repeatCount=0, eventTime=7945068, downTime=7945068, deviceId=-1, source=0x101 }
W/ContextImpl(  484): Calling a method in the system process without a qualified user: android.app.ContextImpl.sendBroadcast:1123 com.android.server.InputMethodManagerService.hideCurrentInputLocked:1880 com.android.server.InputMethodManagerService.windowGainedFocus:1968 com.android.internal.view.IInputMethodManager$Stub.onTransact:221 com.android.server.InputMethodManagerService.onTransact:818 
I/chromium( 8323): [INFO:CONSOLE(12)] "Not allowed to load local resource: file:///android_asset/webkit/android-weberror.png", source: data:text/html,chromewebdata (12)
W/ContextImpl(  484): Calling a method in the system process without a qualified user: android.app.ContextImpl.sendBroadcast:1123 com.android.server.InputMethodManagerService.hideCurrentInputLocked:1880 com.android.server.InputMethodManagerService.hideSoftInput:1843 com.android.internal.view.IInputMethodManager$Stub.onTransact:194 com.android.server.InputMethodManagerService.onTransact:818 
W/ContextImpl(  484): Calling a method in the system process without a qualified user: android.app.ContextImpl.sendBroadcast:1123 com.android.server.InputMethodManagerService.hideCurrentInputLocked:1880 com.android.server.InputMethodManagerService.hideSoftInput:1843 com.android.internal.view.IInputMethodManager$Stub.onTransact:194 com.android.server.InputMethodManagerService.onTransact:818 
V/PhoneStatusBar(  536): setLightsOn(true)
W/ViewRootImpl( 8323): Dropping event due to root view being removed: KeyEvent { action=ACTION_DOWN, keyCode=KEYCODE_DPAD_UP, scanCode=0, metaState=0, flags=0x400, repeatCount=0, eventTime=7946031, downTime=7946031, deviceId=-1, source=0x101 }
W/ViewRootImpl( 8323): Dropping event due to root view being removed: KeyEvent { action=ACTION_UP, keyCode=KEYCODE_DPAD_UP, scanCode=0, metaState=0, flags=0x400, repeatCount=0, eventTime=7946031, downTime=7946031, deviceId=-1, source=0x101 }
W/ViewRootImpl( 8323): Dropping event due to root view being removed: KeyEvent { action=ACTION_DOWN, keyCode=KEYCODE_DPAD_UP, scanCode=0, metaState=0, flags=0x400, repeatCount=0, eventTime=7946031, downTime=7946031, deviceId=-1, source=0x101 }
W/ViewRootImpl( 8323): Dropping event due to root view being removed: KeyEvent { action=ACTION_UP, keyCode=KEYCODE_DPAD_UP, scanCode=0, metaState=0, flags=0x400, repeatCount=0, eventTime=7946031, downTime=7946031, deviceId=-1, source=0x101 }
W/ViewRootImpl( 8323): Dropping event due to root view being removed: KeyEvent { action=ACTION_DOWN, keyCode=KEYCODE_DPAD_UP, scanCode=0, metaState=0, flags=0x400, repeatCount=0, eventTime=7946031, downTime=7946031, deviceId=-1, source=0x101 }
W/ViewRootImpl( 8323): Dropping event due to root view being removed: KeyEvent { action=ACTION_UP, keyCode=KEYCODE_DPAD_UP, scanCode=0, metaState=0, flags=0x400, repeatCount=0, eventTime=7946031, downTime=7946031, deviceId=-1, source=0x101 }
V/InputMethodService(  651): onEvaluateInputViewShown: config.hardKeyboardHidden = 2
V/InputMethodService(  651): onEvaluateInputViewShown: config.hardKeyboardHidden = 2
W/ContextImpl(  484): Calling a method in the system process without a qualified user: android.app.ContextImpl.sendBroadcast:1123 com.android.server.InputMethodManagerService.showCurrentInputLocked:1791 com.android.server.InputMethodManagerService.showSoftInput:1753 com.android.internal.view.IInputMethodManager$Stub.onTransact:175 com.android.server.InputMethodManagerService.onTransact:818 
I/ActivityManager(  484): START u0 {act=android.intent.action.MAIN cat=[android.intent.category.LAUNCHER] flg=0x10200000 cmp=com.comed.mobile/.exel} from pid 8302
W/ContextImpl(  484): Calling a method in the system process without a qualified user: android.app.ContextImpl.sendBroadcast:1123 com.android.server.InputMethodManagerService.hideCurrentInputLocked:1880 com.android.server.InputMethodManagerService.hideSoftInput:1843 com.android.internal.view.IInputMethodManager$Stub.onTransact:194 com.android.server.InputMethodManagerService.onTransact:818 
D/dalvikvm( 8323): GC_EXPLICIT freed 8454K, 30% free 8718K/12368K, paused 3ms+1ms, total 22ms
W/ContextImpl(  484): Calling a method in the system process without a qualified user: android.app.ContextImpl.sendBroadcast:1123 com.android.server.InputMethodManagerService.hideCurrentInputLocked:1880 com.android.server.InputMethodManagerService.hideSoftInput:1843 com.android.internal.view.IInputMethodManager$Stub.onTransact:194 com.android.server.InputMethodManagerService.onTransact:818 
W/ViewRootImpl( 8323): Dropping event due to no window focus: KeyEvent { action=ACTION_DOWN, keyCode=KEYCODE_DPAD_CENTER, scanCode=0, metaState=0, flags=0x8, repeatCount=0, eventTime=7946358, downTime=7946358, deviceId=-1, source=0x101 }
W/ViewRootImpl( 8323): Dropping event due to no window focus: KeyEvent { action=ACTION_DOWN, keyCode=KEYCODE_CALL, scanCode=0, metaState=0, flags=0x8, repeatCount=0, eventTime=7946379, downTime=7946379, deviceId=-1, source=0x101 }
W/ContextImpl(  484): Calling a method in the system process without a qualified user: android.app.ContextImpl.sendBroadcast:1123 com.android.server.InputMethodManagerService.hideCurrentInputLocked:1880 com.android.server.InputMethodManagerService.windowGainedFocus:1968 com.android.internal.view.IInputMethodManager$Stub.onTransact:221 com.android.server.InputMethodManagerService.onTransact:818 
I/ActivityManager(  484): START u0 {act=android.intent.action.CALL_BUTTON flg=0x10000000} from pid 8323
W/PhoneFallbackEventHandler( 8323): No activity found for android.intent.action.CALL_BUTTON.
I/ActivityManager(  484): START u0 {act=android.intent.action.MAIN cat=[android.intent.category.HOME] flg=0x10200000 cmp=com.vphone.launcher/.Launcher} from pid 484
W/ContextImpl(  484): Calling a method in the system process without a qualified user: android.app.ContextImpl.sendBroadcast:1123 com.android.server.InputMethodManagerService.hideCurrentInputLocked:1880 com.android.server.InputMethodManagerService.hideSoftInput:1843 com.android.internal.view.IInputMethodManager$Stub.onTransact:194 com.android.server.InputMethodManagerService.onTransact:818 
V/PhoneStatusBar(  536): setLightsOn(true)
W/ViewRootImpl( 8323): Dropping event due to no window focus: KeyEvent { action=ACTION_DOWN, keyCode=KEYCODE_DPAD_RIGHT, scanCode=0, metaState=0, flags=0x8, repeatCount=0, eventTime=7947389, downTime=7947389, deviceId=-1, source=0x101 }
W/ContextImpl(  484): Calling a method in the system process without a qualified user: android.app.ContextImpl.sendBroadcast:1123 com.android.server.InputMethodManagerService.hideCurrentInputLocked:1880 com.android.server.InputMethodManagerService.windowGainedFocus:1968 com.android.internal.view.IInputMethodManager$Stub.onTransact:221 com.android.server.InputMethodManagerService.onTransact:818 
W/ContextImpl(  484): Calling a method in the system process without a qualified user: android.app.ContextImpl.sendBroadcast:1123 com.android.server.InputMethodManagerService.hideCurrentInputLocked:1880 com.android.server.InputMethodManagerService.hideSoftInput:1843 com.android.internal.view.IInputMethodManager$Stub.onTransact:194 com.android.server.InputMethodManagerService.onTransact:818 
I/InputDispatcher(  484): Dropped event because of pending overdue app switch.
W/InputManager(  484): Input event injection from pid 8302 failed.
I/ActivityManager(  484): START u0 {act=android.intent.action.MAIN cat=[android.intent.category.LAUNCHER] flg=0x10200000 cmp=com.comed.mobile/.exel} from pid 8302
W/ContextImpl(  484): Calling a method in the system process without a qualified user: android.app.ContextImpl.sendBroadcast:1123 com.android.server.InputMethodManagerService.hideCurrentInputLocked:1880 com.android.server.InputMethodManagerService.hideSoftInput:1843 com.android.internal.view.IInputMethodManager$Stub.onTransact:194 com.android.server.InputMethodManagerService.onTransact:818 
I/ActivityManager(  484): START u0 {act=android.intent.action.MAIN cat=[android.intent.category.LAUNCHER] flg=0x10200000 cmp=com.comed.mobile/.exel} from pid 8302
D/dalvikvm( 8323): GC_FOR_ALLOC freed 1520K, 29% free 8873K/12368K, paused 4ms, total 4ms
W/ContextImpl(  484): Calling a method in the system process without a qualified user: android.app.ContextImpl.sendBroadcast:1123 com.android.server.InputMethodManagerService.hideCurrentInputLocked:1880 com.android.server.InputMethodManagerService.hideSoftInput:1843 com.android.internal.view.IInputMethodManager$Stub.onTransact:194 com.android.server.InputMethodManagerService.onTransact:818 
D/dalvikvm( 8323): GC_FOR_ALLOC freed 2476K, 34% free 8267K/12368K, paused 4ms, total 5ms
I/dalvikvm-heap( 8323): Grow heap (frag case) to 11.625MB for 3576972-byte allocation
D/dalvikvm( 8323): GC_FOR_ALLOC freed 8K, 26% free 11751K/15864K, paused 8ms, total 8ms
D/dalvikvm( 8323): GC_CONCURRENT freed 17K, 27% free 11733K/15864K, paused 0ms+0ms, total 10ms
D/dalvikvm( 8323): GC_FOR_ALLOC freed <1K, 27% free 11733K/15864K, paused 3ms, total 3ms
I/dalvikvm-heap( 8323): Grow heap (frag case) to 15.011MB for 3576972-byte allocation
D/dalvikvm( 8323): GC_FOR_ALLOC freed 0K, 22% free 15226K/19360K, paused 5ms, total 5ms
D/dalvikvm( 8323): GC_CONCURRENT freed <1K, 20% free 15585K/19360K, paused 0ms+1ms, total 8ms
W/ContextImpl(  484): Calling a method in the system process without a qualified user: android.app.ContextImpl.sendBroadcast:1123 com.android.server.InputMethodManagerService.hideCurrentInputLocked:1880 com.android.server.InputMethodManagerService.hideSoftInput:1843 com.android.internal.view.IInputMethodManager$Stub.onTransact:194 com.android.server.InputMethodManagerService.onTransact:818 
D/dalvikvm( 8323): GC_FOR_ALLOC freed 7928K, 26% free 9248K/12368K, paused 5ms, total 5ms
I/dalvikvm-heap( 8323): Grow heap (frag case) to 12.584MB for 3576972-byte allocation
D/dalvikvm( 8323): GC_FOR_ALLOC freed 50K, 20% free 12691K/15864K, paused 4ms, total 4ms
D/dalvikvm( 8323): GC_CONCURRENT freed 0K, 20% free 12691K/15864K, paused 0ms+1ms, total 4ms
D/dalvikvm( 8323): GC_FOR_ALLOC freed 18K, 21% free 12672K/15864K, paused 4ms, total 4ms
I/dalvikvm-heap( 8323): Grow heap (frag case) to 15.928MB for 3576972-byte allocation
D/dalvikvm( 8323): GC_FOR_ALLOC freed <1K, 17% free 16166K/19360K, paused 5ms, total 5ms
D/dalvikvm( 8323): GC_CONCURRENT freed <1K, 17% free 16262K/19360K, paused 3ms+1ms, total 9ms
W/IInputConnectionWrapper( 8323): getCursorCapsMode on inactive InputConnection
I/ActivityManager(  484): START u0 {act=android.intent.action.VIEW dat=tel:xxxxxxxxxxx cmp=com.android.contacts/.NonPhoneActivity} from pid 8323
I/ActivityManager(  484): START u0 {act=android.intent.action.VIEW dat=tel:xxxxxxxxxxx cmp=com.android.contacts/.NonPhoneActivity} from pid 8323
I/ActivityManager(  484): START u0 {act=android.intent.action.VIEW dat=tel:xxxxxxxxxxx cmp=com.android.contacts/.NonPhoneActivity} from pid 8323
I/ActivityManager(  484): START u0 {act=android.intent.action.VIEW dat=tel:xxxxxxxxxxx cmp=com.android.contacts/.NonPhoneActivity} from pid 8323
D/dalvikvm( 8323): GC_EXPLICIT freed 8376K, 29% free 7902K/11016K, paused 1ms+0ms, total 9ms
D/dalvikvm( 8323): GC_EXPLICIT freed 4K, 29% free 7897K/11016K, paused 1ms+1ms, total 5ms
I/ActivityManager(  484): START u0 {act=android.intent.action.VIEW dat=tel:xxxxxxxxxxx cmp=com.android.contacts/.NonPhoneActivity} from pid 8323
I/ActivityManager(  484): START u0 {act=android.intent.action.VIEW dat=tel:xxxxxxxxxxx cmp=com.android.contacts/.NonPhoneActivity} from pid 8323
W/ContextImpl(  484): Calling a method in the system process without a qualified user: android.app.ContextImpl.sendBroadcast:1123 com.android.server.InputMethodManagerService.hideCurrentInputLocked:1880 com.android.server.InputMethodManagerService.hideSoftInput:1843 com.android.internal.view.IInputMethodManager$Stub.onTransact:194 com.android.server.InputMethodManagerService.onTransact:818 
W/ContextImpl(  484): Calling a method in the system process without a qualified user: android.app.ContextImpl.sendBroadcast:1123 com.android.server.InputMethodManagerService.hideCurrentInputLocked:1880 com.android.server.InputMethodManagerService.hideSoftInput:1843 com.android.internal.view.IInputMethodManager$Stub.onTransact:194 com.android.server.InputMethodManagerService.onTransact:818 
W/ContextImpl(  484): Calling a method in the system process without a qualified user: android.app.ContextImpl.sendBroadcast:1123 com.android.server.InputMethodManagerService.hideCurrentInputLocked:1880 com.android.server.InputMethodManagerService.hideSoftInput:1843 com.android.internal.view.IInputMethodManager$Stub.onTransact:194 com.android.server.InputMethodManagerService.onTransact:818 
D/dalvikvm( 8323): GC_FOR_ALLOC freed 80K, 29% free 7910K/11016K, paused 4ms, total 4ms
I/dalvikvm-heap( 8323): Grow heap (frag case) to 9.184MB for 1382412-byte allocation
D/dalvikvm( 8323): GC_FOR_ALLOC freed <1K, 26% free 9259K/12368K, paused 3ms, total 3ms
W/ContextImpl(  484): Calling a method in the system process without a qualified user: android.app.ContextImpl.sendBroadcast:1123 com.android.server.InputMethodManagerService.hideCurrentInputLocked:1880 com.android.server.InputMethodManagerService.hideSoftInput:1843 com.android.internal.view.IInputMethodManager$Stub.onTransact:194 com.android.server.InputMethodManagerService.onTransact:818 
D/dalvikvm( 8323): GC_FOR_ALLOC freed 1864K, 32% free 8489K/12368K, paused 3ms, total 10ms
I/dalvikvm-heap( 8323): Grow heap (frag case) to 11.843MB for 3576972-byte allocation
D/dalvikvm( 8323): GC_CONCURRENT freed 12K, 25% free 11970K/15864K, paused 2ms+0ms, total 5ms
D/dalvikvm( 8323): GC_FOR_ALLOC freed <1K, 25% free 11970K/15864K, paused 3ms, total 3ms
I/dalvikvm-heap( 8323): Grow heap (frag case) to 15.243MB for 3576972-byte allocation
D/dalvikvm( 8323): GC_CONCURRENT freed 0K, 21% free 15464K/19360K, paused 2ms+1ms, total 7ms
I/ActivityManager(  484): START u0 {act=android.intent.action.MAIN cat=[android.intent.category.LAUNCHER] flg=0x10200000 cmp=com.comed.mobile/.exel} from pid 8302
W/ContextImpl(  484): Calling a method in the system process without a qualified user: android.app.ContextImpl.sendBroadcast:1123 com.android.server.InputMethodManagerService.hideCurrentInputLocked:1880 com.android.server.InputMethodManagerService.hideSoftInput:1843 com.android.internal.view.IInputMethodManager$Stub.onTransact:194 com.android.server.InputMethodManagerService.onTransact:818 
V/InputMethodService(  651): onEvaluateInputViewShown: config.hardKeyboardHidden = 2
V/InputMethodService(  651): onEvaluateInputViewShown: config.hardKeyboardHidden = 2
W/ContextImpl(  484): Calling a method in the system process without a qualified user: android.app.ContextImpl.sendBroadcast:1123 com.android.server.InputMethodManagerService.showCurrentInputLocked:1791 com.android.server.InputMethodManagerService.showSoftInput:1753 com.android.internal.view.IInputMethodManager$Stub.onTransact:175 com.android.server.InputMethodManagerService.onTransact:818 
I/ActivityManager(  484): START u0 {act=android.intent.action.CALL_BUTTON flg=0x10000000} from pid 8323
W/PhoneFallbackEventHandler( 8323): No activity found for android.intent.action.CALL_BUTTON.
D/dalvikvm( 8323): GC_FOR_ALLOC freed 3555K, 37% free 12317K/19360K, paused 4ms, total 4ms
I/dalvikvm-heap( 8323): Grow heap (frag case) to 15.575MB for 3571212-byte allocation
D/dalvikvm( 8323): GC_FOR_ALLOC freed <1K, 19% free 15804K/19360K, paused 4ms, total 4ms
D/dalvikvm( 8323): GC_CONCURRENT freed 3K, 19% free 15801K/19360K, paused 0ms+1ms, total 5ms
D/dalvikvm( 8323): GC_FOR_ALLOC freed 3496K, 23% free 12304K/15852K, paused 9ms, total 9ms
I/dalvikvm-heap( 8323): Grow heap (frag case) to 15.563MB for 3571212-byte allocation
D/dalvikvm( 8323): GC_FOR_ALLOC freed 2K, 19% free 15789K/19340K, paused 4ms, total 4ms
W/ContextImpl(  484): Calling a method in the system process without a qualified user: android.app.ContextImpl.sendBroadcast:1123 com.android.server.InputMethodManagerService.showCurrentInputLocked:1791 com.android.server.InputMethodManagerService.attachNewInputLocked:1095 com.android.server.InputMethodManagerService.startInputUncheckedLocked:1166 com.android.server.InputMethodManagerService.startInputLocked:1128 
D/dalvikvm( 8323): GC_CONCURRENT freed 1K, 19% free 15789K/19340K, paused 5ms+1ms, total 18ms
V/InputMethodService(  651): onEvaluateInputViewShown: config.hardKeyboardHidden = 2
V/InputMethodService(  651): onEvaluateInputViewShown: config.hardKeyboardHidden = 2
I/chromium( 8323): [INFO:CONSOLE(12)] "Not allowed to load local resource: file:///android_asset/webkit/android-weberror.png", source: data:text/html,chromewebdata (12)
V/InputMethodService(  651): onEvaluateInputViewShown: config.hardKeyboardHidden = 2
V/InputMethodService(  651): onEvaluateInputViewShown: config.hardKeyboardHidden = 2
W/ContextImpl(  484): Calling a method in the system process without a qualified user: android.app.ContextImpl.sendBroadcast:1123 com.android.server.InputMethodManagerService.showCurrentInputLocked:1791 com.android.server.InputMethodManagerService.attachNewInputLocked:1095 com.android.server.InputMethodManagerService.startInputUncheckedLocked:1166 com.android.server.InputMethodManagerService.startInputLocked:1128 
W/ContextImpl(  484): Calling a method in the system process without a qualified user: android.app.ContextImpl.sendBroadcast:1123 com.android.server.InputMethodManagerService.showCurrentInputLocked:1791 com.android.server.InputMethodManagerService.attachNewInputLocked:1095 com.android.server.InputMethodManagerService.startInputUncheckedLocked:1166 com.android.server.InputMethodManagerService.startInputLocked:1128 
V/InputMethodService(  651): onEvaluateInputViewShown: config.hardKeyboardHidden = 2
V/InputMethodService(  651): onEvaluateInputViewShown: config.hardKeyboardHidden = 2
W/ContextImpl(  484): Calling a method in the system process without a qualified user: android.app.ContextImpl.sendBroadcast:1123 com.android.server.InputMethodManagerService.hideCurrentInputLocked:1880 com.android.server.InputMethodManagerService.hideMySoftInput:2299 com.android.internal.view.IInputMethodManager$Stub.onTransact:288 com.android.server.InputMethodManagerService.onTransact:818 
D/dalvikvm( 8323): GC_EXPLICIT freed 7060K, 29% free 8831K/12368K, paused 0ms+4ms, total 12ms
W/ContextImpl(  484): Calling a method in the system process without a qualified user: android.app.ContextImpl.sendBroadcast:1123 com.android.server.InputMethodManagerService.hideCurrentInputLocked:1880 com.android.server.InputMethodManagerService.hideSoftInput:1843 com.android.internal.view.IInputMethodManager$Stub.onTransact:194 com.android.server.InputMethodManagerService.onTransact:818 
W/ContextImpl(  484): Calling a method in the system process without a qualified user: android.app.ContextImpl.sendBroadcast:1123 com.android.server.InputMethodManagerService.showCurrentInputLocked:1791 com.android.server.InputMethodManagerService.showSoftInput:1753 com.android.internal.view.IInputMethodManager$Stub.onTransact:175 com.android.server.InputMethodManagerService.onTransact:818 
V/InputMethodService(  651): onEvaluateInputViewShown: config.hardKeyboardHidden = 2
V/InputMethodService(  651): onEvaluateInputViewShown: config.hardKeyboardHidden = 2
W/ContextImpl(  484): Calling a method in the system process without a qualified user: android.app.ContextImpl.sendBroadcast:1123 com.android.server.InputMethodManagerService.hideCurrentInputLocked:1880 com.android.server.InputMethodManagerService.hideSoftInput:1843 com.android.internal.view.IInputMethodManager$Stub.onTransact:194 com.android.server.InputMethodManagerService.onTransact:818 
D/dalvikvm( 8323): GC_FOR_ALLOC freed 2564K, 37% free 7888K/12368K, paused 4ms, total 4ms
I/dalvikvm-heap( 8323): Grow heap (frag case) to 11.250MB for 3571212-byte allocation
D/dalvikvm( 8323): GC_CONCURRENT freed 59K, 29% free 11316K/15856K, paused 5ms+0ms, total 14ms
D/dalvikvm( 8323): WAIT_FOR_CONCURRENT_GC blocked 3ms
D/dalvikvm( 8323): WAIT_FOR_CONCURRENT_GC blocked 5ms
D/dalvikvm( 8323): GC_FOR_ALLOC freed 6K, 29% free 11310K/15856K, paused 3ms, total 4ms
I/dalvikvm-heap( 8323): Grow heap (frag case) to 14.591MB for 3571212-byte allocation
D/dalvikvm( 8323): GC_FOR_ALLOC freed <1K, 24% free 14797K/19344K, paused 3ms, total 3ms
D/dalvikvm( 8323): GC_CONCURRENT freed 1K, 24% free 14893K/19344K, paused 0ms+1ms, total 21ms
D/dalvikvm( 8323): GC_FOR_ALLOC freed 3489K, 42% free 11404K/19344K, paused 5ms, total 5ms
I/dalvikvm-heap( 8323): Grow heap (frag case) to 14.689MB for 3576972-byte allocation
D/dalvikvm( 8323): GC_FOR_ALLOC freed 0K, 35% free 14897K/22840K, paused 3ms, total 3ms
D/dalvikvm( 8323): GC_CONCURRENT freed 9K, 35% free 14888K/22840K, paused 15ms+1ms, total 31ms
D/dalvikvm( 8323): WAIT_FOR_CONCURRENT_GC blocked 9ms
I/dalvikvm-heap( 8323): Grow heap (frag case) to 18.091MB for 3576972-byte allocation
D/dalvikvm( 8323): GC_FOR_ALLOC freed 3487K, 44% free 14894K/26336K, paused 7ms, total 7ms
I/CastDatabase( 1295): Saving the database
I/SQLiteCastStore( 1295): [CastNetworkInfo] saved: 0, skipped: 0, [CastDeviceInfo]: saved 0, skipped 0, Paired Guest Mode DeviceInfo] saved: 0, skipped: 0. [ProbedNetworks]: save 0, skipped: 0
W/ContextImpl(  484): Calling a method in the system process without a qualified user: android.app.ContextImpl.sendBroadcast:1123 com.android.server.InputMethodManagerService.hideCurrentInputLocked:1880 com.android.server.InputMethodManagerService.hideSoftInput:1843 com.android.internal.view.IInputMethodManager$Stub.onTransact:194 com.android.server.InputMethodManagerService.onTransact:818 
W/ContextImpl(  484): Calling a method in the system process without a qualified user: android.app.ContextImpl.sendBroadcast:1123 com.android.server.InputMethodManagerService.hideCurrentInputLocked:1880 com.android.server.InputMethodManagerService.hideSoftInput:1843 com.android.internal.view.IInputMethodManager$Stub.onTransact:194 com.android.server.InputMethodManagerService.onTransact:818 
I/ActivityManager(  484): START u0 {act=android.intent.action.VIEW dat=tel:xxxxxxxxxxx cmp=com.android.contacts/.NonPhoneActivity} from pid 8323
W/ContextImpl(  484): Calling a method in the system process without a qualified user: android.app.ContextImpl.sendBroadcast:1123 com.android.server.InputMethodManagerService.hideCurrentInputLocked:1880 com.android.server.InputMethodManagerService.hideSoftInput:1843 com.android.internal.view.IInputMethodManager$Stub.onTransact:194 com.android.server.InputMethodManagerService.onTransact:818 
I/ActivityManager(  484): START u0 {act=android.intent.action.CALL_BUTTON flg=0x10000000} from pid 8323
W/PhoneFallbackEventHandler( 8323): No activity found for android.intent.action.CALL_BUTTON.
W/ContextImpl(  484): Calling a method in the system process without a qualified user: android.app.ContextImpl.sendBroadcast:1123 com.android.server.InputMethodManagerService.hideCurrentInputLocked:1880 com.android.server.InputMethodManagerService.hideSoftInput:1843 com.android.internal.view.IInputMethodManager$Stub.onTransact:194 com.android.server.InputMethodManagerService.onTransact:818 
D/dalvikvm( 8323): GC_FOR_ALLOC freed 8947K, 23% free 8487K/11016K, paused 8ms, total 8ms
I/dalvikvm-heap( 8323): Grow heap (frag case) to 11.840MB for 3576972-byte allocation
D/dalvikvm( 8323): GC_CONCURRENT freed 9K, 18% free 11970K/14512K, paused 2ms+0ms, total 6ms
D/dalvikvm( 8323): WAIT_FOR_CONCURRENT_GC blocked 2ms
D/dalvikvm( 8323): GC_FOR_ALLOC freed 13K, 18% free 11958K/14512K, paused 3ms, total 3ms
I/dalvikvm-heap( 8323): Grow heap (frag case) to 15.230MB for 3576972-byte allocation
D/dalvikvm( 8323): GC_FOR_ALLOC freed <1K, 15% free 15451K/18008K, paused 11ms, total 11ms
D/dalvikvm( 8323): GC_CONCURRENT freed 0K, 15% free 15451K/18008K, paused 2ms+1ms, total 5ms
V/InputMethodService(  651): onEvaluateInputViewShown: config.hardKeyboardHidden = 2
V/InputMethodService(  651): onEvaluateInputViewShown: config.hardKeyboardHidden = 2
W/ContextImpl(  484): Calling a method in the system process without a qualified user: android.app.ContextImpl.sendBroadcast:1123 com.android.server.InputMethodManagerService.showCurrentInputLocked:1791 com.android.server.InputMethodManagerService.showSoftInput:1753 com.android.internal.view.IInputMethodManager$Stub.onTransact:175 com.android.server.InputMethodManagerService.onTransact:818 
I/chromium( 8323): [INFO:CONSOLE(12)] "Not allowed to load local resource: file:///android_asset/webkit/android-weberror.png", source: data:text/html,chromewebdata (12)
W/ContextImpl(  484): Calling a method in the system process without a qualified user: android.app.ContextImpl.sendBroadcast:1123 com.android.server.InputMethodManagerService.showCurrentInputLocked:1791 com.android.server.InputMethodManagerService.attachNewInputLocked:1095 com.android.server.InputMethodManagerService.startInputUncheckedLocked:1166 com.android.server.InputMethodManagerService.startInputLocked:1128 
D/dalvikvm( 8323): GC_FOR_ALLOC freed 3582K, 32% free 12320K/18008K, paused 5ms, total 5ms
I/dalvikvm-heap( 8323): Grow heap (frag case) to 15.579MB for 3571212-byte allocation
D/dalvikvm( 8323): GC_FOR_ALLOC freed 1K, 13% free 15806K/18008K, paused 9ms, total 9ms
D/dalvikvm( 8323): GC_CONCURRENT freed 17K, 13% free 15789K/18008K, paused 0ms+1ms, total 15ms
D/dalvikvm( 8323): GC_FOR_ALLOC freed 3493K, 16% free 12296K/14504K, paused 3ms, total 3ms
I/dalvikvm-heap( 8323): Grow heap (frag case) to 15.555MB for 3571212-byte allocation
D/dalvikvm( 8323): GC_FOR_ALLOC freed <1K, 13% free 15783K/17992K, paused 5ms, total 6ms
D/dalvikvm( 8323): GC_CONCURRENT freed <1K, 13% free 15783K/17992K, paused 1ms+0ms, total 9ms
V/InputMethodService(  651): onEvaluateInputViewShown: config.hardKeyboardHidden = 2
V/InputMethodService(  651): onEvaluateInputViewShown: config.hardKeyboardHidden = 2
V/InputMethodService(  651): onEvaluateInputViewShown: config.hardKeyboardHidden = 2
V/InputMethodService(  651): onEvaluateInputViewShown: config.hardKeyboardHidden = 2
W/ContextImpl(  484): Calling a method in the system process without a qualified user: android.app.ContextImpl.sendBroadcast:1123 com.android.server.InputMethodManagerService.showCurrentInputLocked:1791 com.android.server.InputMethodManagerService.attachNewInputLocked:1095 com.android.server.InputMethodManagerService.startInputUncheckedLocked:1166 com.android.server.InputMethodManagerService.startInputLocked:1128 
W/ContextImpl(  484): Calling a method in the system process without a qualified user: android.app.ContextImpl.sendBroadcast:1123 com.android.server.InputMethodManagerService.showCurrentInputLocked:1791 com.android.server.InputMethodManagerService.attachNewInputLocked:1095 com.android.server.InputMethodManagerService.startInputUncheckedLocked:1166 com.android.server.InputMethodManagerService.startInputLocked:1128 
V/InputMethodService(  651): onEvaluateInputViewShown: config.hardKeyboardHidden = 2
V/InputMethodService(  651): onEvaluateInputViewShown: config.hardKeyboardHidden = 2
D/dalvikvm( 8323): GC_EXPLICIT freed 7008K, 20% free 8813K/11016K, paused 1ms+1ms, total 7ms
V/InputMethodService(  651): onEvaluateInputViewShown: config.hardKeyboardHidden = 2
V/InputMethodService(  651): onEvaluateInputViewShown: config.hardKeyboardHidden = 2
W/ContextImpl(  484): Calling a method in the system process without a qualified user: android.app.ContextImpl.sendBroadcast:1123 com.android.server.InputMethodManagerService.showCurrentInputLocked:1791 com.android.server.InputMethodManagerService.attachNewInputLocked:1095 com.android.server.InputMethodManagerService.startInputUncheckedLocked:1166 com.android.server.InputMethodManagerService.startInputLocked:1128 
W/ContextImpl(  484): Calling a method in the system process without a qualified user: android.app.ContextImpl.sendBroadcast:1123 com.android.server.InputMethodManagerService.showCurrentInputLocked:1791 com.android.server.InputMethodManagerService.attachNewInputLocked:1095 com.android.server.InputMethodManagerService.startInputUncheckedLocked:1166 com.android.server.InputMethodManagerService.startInputLocked:1128 
W/ContextImpl(  484): Calling a method in the system process without a qualified user: android.app.ContextImpl.sendBroadcast:1123 com.android.server.InputMethodManagerService.showCurrentInputLocked:1791 com.android.server.InputMethodManagerService.showSoftInput:1753 com.android.internal.view.IInputMethodManager$Stub.onTransact:175 com.android.server.InputMethodManagerService.onTransact:818 
D/dalvikvm( 8323): GC_EXPLICIT freed 18K, 21% free 8809K/11016K, paused 2ms+0ms, total 7ms
V/InputMethodService(  651): onEvaluateInputViewShown: config.hardKeyboardHidden = 2
V/InputMethodService(  651): onEvaluateInputViewShown: config.hardKeyboardHidden = 2
V/InputMethodService(  651): onEvaluateInputViewShown: config.hardKeyboardHidden = 2
V/InputMethodService(  651): onEvaluateInputViewShown: config.hardKeyboardHidden = 2
W/ContextImpl(  484): Calling a method in the system process without a qualified user: android.app.ContextImpl.sendBroadcast:1123 com.android.server.InputMethodManagerService.hideCurrentInputLocked:1880 com.android.server.InputMethodManagerService.hideSoftInput:1843 com.android.internal.view.IInputMethodManager$Stub.onTransact:194 com.android.server.InputMethodManagerService.onTransact:818 
W/ContextImpl(  484): Calling a method in the system process without a qualified user: android.app.ContextImpl.sendBroadcast:1123 com.android.server.InputMethodManagerService.showCurrentInputLocked:1791 com.android.server.InputMethodManagerService.showSoftInput:1753 com.android.internal.view.IInputMethodManager$Stub.onTransact:175 com.android.server.InputMethodManagerService.onTransact:818 
V/InputMethodService(  651): onEvaluateInputViewShown: config.hardKeyboardHidden = 2
V/InputMethodService(  651): onEvaluateInputViewShown: config.hardKeyboardHidden = 2
W/ContextImpl(  484): Calling a method in the system process without a qualified user: android.app.ContextImpl.sendBroadcast:1123 com.android.server.InputMethodManagerService.showCurrentInputLocked:1791 com.android.server.InputMethodManagerService.showSoftInput:1753 com.android.internal.view.IInputMethodManager$Stub.onTransact:175 com.android.server.InputMethodManagerService.onTransact:818 
V/InputMethodService(  651): onEvaluateInputViewShown: config.hardKeyboardHidden = 2
V/InputMethodService(  651): onEvaluateInputViewShown: config.hardKeyboardHidden = 2
V/InputMethodService(  651): onEvaluateInputViewShown: config.hardKeyboardHidden = 2
V/InputMethodService(  651): onEvaluateInputViewShown: config.hardKeyboardHidden = 2
W/ContextImpl(  484): Calling a method in the system process without a qualified user: android.app.ContextImpl.sendBroadcast:1123 com.android.server.InputMethodManagerService.showCurrentInputLocked:1791 com.android.server.InputMethodManagerService.attachNewInputLocked:1095 com.android.server.InputMethodManagerService.startInputUncheckedLocked:1166 com.android.server.InputMethodManagerService.startInputLocked:1128 
W/ContextImpl(  484): Calling a method in the system process without a qualified user: android.app.ContextImpl.sendBroadcast:1123 com.android.server.InputMethodManagerService.showCurrentInputLocked:1791 com.android.server.InputMethodManagerService.attachNewInputLocked:1095 com.android.server.InputMethodManagerService.startInputUncheckedLocked:1166 com.android.server.InputMethodManagerService.startInputLocked:1128 
W/ContextImpl(  484): Calling a method in the system process without a qualified user: android.app.ContextImpl.sendBroadcast:1123 com.android.server.InputMethodManagerService.showCurrentInputLocked:1791 com.android.server.InputMethodManagerService.attachNewInputLocked:1095 com.android.server.InputMethodManagerService.startInputUncheckedLocked:1166 com.android.server.InputMethodManagerService.startInputLocked:1128 
W/IInputConnectionWrapper( 8323): getCursorCapsMode on inactive InputConnection
V/InputMethodService(  651): onEvaluateInputViewShown: config.hardKeyboardHidden = 2
V/InputMethodService(  651): onEvaluateInputViewShown: config.hardKeyboardHidden = 2
V/InputMethodService(  651): onEvaluateInputViewShown: config.hardKeyboardHidden = 2
V/InputMethodService(  651): onEvaluateInputViewShown: config.hardKeyboardHidden = 2
W/ContextImpl(  484): Calling a method in the system process without a qualified user: android.app.ContextImpl.sendBroadcast:1123 com.android.server.InputMethodManagerService.showCurrentInputLocked:1791 com.android.server.InputMethodManagerService.showSoftInput:1753 com.android.internal.view.IInputMethodManager$Stub.onTransact:175 com.android.server.InputMethodManagerService.onTransact:818 
V/InputMethodService(  651): onEvaluateInputViewShown: config.hardKeyboardHidden = 2
V/InputMethodService(  651): onEvaluateInputViewShown: config.hardKeyboardHidden = 2
W/ContextImpl(  484): Calling a method in the system process without a qualified user: android.app.ContextImpl.sendBroadcast:1123 com.android.server.InputMethodManagerService.showCurrentInputLocked:1791 com.android.server.InputMethodManagerService.attachNewInputLocked:1095 com.android.server.InputMethodManagerService.startInputUncheckedLocked:1166 com.android.server.InputMethodManagerService.startInputLocked:1128 
V/InputMethodService(  651): onEvaluateInputViewShown: config.hardKeyboardHidden = 2
V/InputMethodService(  651): onEvaluateInputViewShown: config.hardKeyboardHidden = 2
V/InputMethodService(  651): onEvaluateInputViewShown: config.hardKeyboardHidden = 2
V/InputMethodService(  651): onEvaluateInputViewShown: config.hardKeyboardHidden = 2
W/ContextImpl(  484): Calling a method in the system process without a qualified user: android.app.ContextImpl.sendBroadcast:1123 com.android.server.InputMethodManagerService.showCurrentInputLocked:1791 com.android.server.InputMethodManagerService.showSoftInput:1753 com.android.internal.view.IInputMethodManager$Stub.onTransact:175 com.android.server.InputMethodManagerService.onTransact:818 
V/InputMethodService(  651): onEvaluateInputViewShown: config.hardKeyboardHidden = 2
V/InputMethodService(  651): onEvaluateInputViewShown: config.hardKeyboardHidden = 2
W/ContextImpl(  484): Calling a method in the system process without a qualified user: android.app.ContextImpl.sendBroadcast:1123 com.android.server.InputMethodManagerService.showCurrentInputLocked:1791 com.android.server.InputMethodManagerService.showSoftInput:1753 com.android.internal.view.IInputMethodManager$Stub.onTransact:175 com.android.server.InputMethodManagerService.onTransact:818 
W/ContextImpl(  484): Calling a method in the system process without a qualified user: android.app.ContextImpl.sendBroadcast:1123 com.android.server.InputMethodManagerService.showCurrentInputLocked:1791 com.android.server.InputMethodManagerService.attachNewInputLocked:1095 com.android.server.InputMethodManagerService.startInputUncheckedLocked:1166 com.android.server.InputMethodManagerService.startInputLocked:1128 
V/InputMethodService(  651): onEvaluateInputViewShown: config.hardKeyboardHidden = 2
V/InputMethodService(  651): onEvaluateInputViewShown: config.hardKeyboardHidden = 2
W/ContextImpl(  484): Calling a method in the system process without a qualified user: android.app.ContextImpl.sendBroadcast:1123 com.android.server.InputMethodManagerService.hideCurrentInputLocked:1880 com.android.server.InputMethodManagerService.hideSoftInput:1843 com.android.internal.view.IInputMethodManager$Stub.onTransact:194 com.android.server.InputMethodManagerService.onTransact:818 
W/ViewRootImpl( 8323): Dropping event due to no window focus: KeyEvent { action=ACTION_DOWN, keyCode=KEYCODE_DPAD_UP, scanCode=0, metaState=0, flags=0x8, repeatCount=0, eventTime=7954560, downTime=7954560, deviceId=-1, source=0x101 }
W/ViewRootImpl( 8323): Dropping event due to no window focus: KeyEvent { action=ACTION_DOWN, keyCode=KEYCODE_DPAD_CENTER, scanCode=0, metaState=0, flags=0x8, repeatCount=0, eventTime=7954565, downTime=7954565, deviceId=-1, source=0x101 }
W/ContextImpl(  484): Calling a method in the system process without a qualified user: android.app.ContextImpl.sendBroadcast:1123 com.android.server.InputMethodManagerService.hideCurrentInputLocked:1880 com.android.server.InputMethodManagerService.windowGainedFocus:1968 com.android.internal.view.IInputMethodManager$Stub.onTransact:221 com.android.server.InputMethodManagerService.onTransact:818 
D/dalvikvm( 8323): GC_FOR_ALLOC freed 81K, 9% free 10100K/11016K, paused 4ms, total 4ms
I/ActivityManager(  484): START u0 {act=android.intent.action.MAIN cat=[android.intent.category.HOME] flg=0x10200000 cmp=com.vphone.launcher/.Launcher} from pid 484
D/dalvikvm(  484): GC_CONCURRENT freed 4213K, 45% free 22530K/40260K, paused 1ms+2ms, total 50ms
I/ActivityManager(  484): START u0 {act=android.intent.action.MAIN cat=[android.intent.category.LAUNCHER] flg=0x10200000 cmp=com.comed.mobile/.exel} from pid 8302
W/ContextImpl(  484): Calling a method in the system process without a qualified user: android.app.ContextImpl.sendBroadcast:1123 com.android.server.InputMethodManagerService.hideCurrentInputLocked:1880 com.android.server.InputMethodManagerService.hideSoftInput:1843 com.android.internal.view.IInputMethodManager$Stub.onTransact:194 com.android.server.InputMethodManagerService.onTransact:818 
W/ContextImpl(  484): Calling a method in the system process without a qualified user: android.app.ContextImpl.sendBroadcast:1123 com.android.server.InputMethodManagerService.hideCurrentInputLocked:1880 com.android.server.InputMethodManagerService.hideSoftInput:1843 com.android.internal.view.IInputMethodManager$Stub.onTransact:194 com.android.server.InputMethodManagerService.onTransact:818 
W/ContextImpl(  484): Calling a method in the system process without a qualified user: android.app.ContextImpl.sendBroadcast:1123 com.android.server.InputMethodManagerService.hideCurrentInputLocked:1880 com.android.server.InputMethodManagerService.hideSoftInput:1843 com.android.internal.view.IInputMethodManager$Stub.onTransact:194 com.android.server.InputMethodManagerService.onTransact:818 
W/InputManager(  484): Input event injection from pid 8302 failed.
W/InputEventReceiver( 8323): Attempted to finish an input event but the input event receiver has already been disposed.
W/InputEventReceiver( 8323): Attempted to finish an input event but the input event receiver has already been disposed.
W/InputEventReceiver( 8323): Attempted to finish an input event but the input event receiver has already been disposed.
W/InputManager(  484): Input event injection from pid 8302 failed.
W/ViewRootImpl( 8323): Dropping event due to root view being removed: KeyEvent { action=ACTION_DOWN, keyCode=KEYCODE_DPAD_LEFT, scanCode=0, metaState=0, flags=0x400, repeatCount=0, eventTime=7955527, downTime=7955527, deviceId=-1, source=0x101 }
W/ViewRootImpl( 8323): Dropping event due to root view being removed: KeyEvent { action=ACTION_UP, keyCode=KEYCODE_DPAD_LEFT, scanCode=0, metaState=0, flags=0x400, repeatCount=0, eventTime=7955527, downTime=7955527, deviceId=-1, source=0x101 }
W/ViewRootImpl( 8323): Dropping event due to root view being removed: KeyEvent { action=ACTION_DOWN, keyCode=KEYCODE_DPAD_LEFT, scanCode=0, metaState=0, flags=0x400, repeatCount=0, eventTime=7955527, downTime=7955527, deviceId=-1, source=0x101 }
W/ViewRootImpl( 8323): Dropping event due to root view being removed: KeyEvent { action=ACTION_UP, keyCode=KEYCODE_DPAD_LEFT, scanCode=0, metaState=0, flags=0x400, repeatCount=0, eventTime=7955527, downTime=7955527, deviceId=-1, source=0x101 }
W/ViewRootImpl( 8323): Dropping event due to root view being removed: KeyEvent { action=ACTION_DOWN, keyCode=KEYCODE_DPAD_LEFT, scanCode=0, metaState=0, flags=0x400, repeatCount=0, eventTime=7955527, downTime=7955527, deviceId=-1, source=0x101 }
W/ViewRootImpl( 8323): Dropping event due to root view being removed: KeyEvent { action=ACTION_UP, keyCode=KEYCODE_DPAD_LEFT, scanCode=0, metaState=0, flags=0x400, repeatCount=0, eventTime=7955527, downTime=7955527, deviceId=-1, source=0x101 }
W/ViewRootImpl( 8323): Dropping event due to root view being removed: KeyEvent { action=ACTION_DOWN, keyCode=KEYCODE_DPAD_LEFT, scanCode=0, metaState=0, flags=0x400, repeatCount=0, eventTime=7955527, downTime=7955527, deviceId=-1, source=0x101 }
W/ViewRootImpl( 8323): Dropping event due to root view being removed: KeyEvent { action=ACTION_UP, keyCode=KEYCODE_DPAD_LEFT, scanCode=0, metaState=0, flags=0x400, repeatCount=0, eventTime=7955527, downTime=7955527, deviceId=-1, source=0x101 }
W/ViewRootImpl( 8323): Dropping event due to root view being removed: MotionEvent { action=ACTION_MOVE, id[0]=0, x[0]=1.0, y[0]=-3.0, toolType[0]=TOOL_TYPE_UNKNOWN, buttonState=0, metaState=0, flags=0x0, edgeFlags=0x0, pointerCount=1, historySize=7, eventTime=7955488, downTime=-1, deviceId=0, source=0x10004 }
W/ViewRootImpl( 8323): Dropping event due to root view being removed: MotionEvent { action=ACTION_DOWN, id[0]=0, x[0]=0.0, y[0]=0.0, toolType[0]=TOOL_TYPE_UNKNOWN, buttonState=0, metaState=0, flags=0x0, edgeFlags=0x0, pointerCount=1, historySize=0, eventTime=7955489, downTime=7955477, deviceId=0, source=0x10004 }
W/ViewRootImpl( 8323): Dropping event due to root view being removed: MotionEvent { action=ACTION_UP, id[0]=0, x[0]=0.0, y[0]=0.0, toolType[0]=TOOL_TYPE_UNKNOWN, buttonState=0, metaState=0, flags=0x0, edgeFlags=0x0, pointerCount=1, historySize=0, eventTime=7955522, downTime=7955477, deviceId=0, source=0x10004 }
V/PhoneStatusBar(  536): setLightsOn(true)
W/IInputConnectionWrapper( 8323): getCursorCapsMode on inactive InputConnection
V/InputMethodService(  651): onEvaluateInputViewShown: config.hardKeyboardHidden = 2
V/InputMethodService(  651): onEvaluateInputViewShown: config.hardKeyboardHidden = 2
W/ContextImpl(  484): Calling a method in the system process without a qualified user: android.app.ContextImpl.sendBroadcast:1123 com.android.server.InputMethodManagerService.showCurrentInputLocked:1791 com.android.server.InputMethodManagerService.showSoftInput:1753 com.android.internal.view.IInputMethodManager$Stub.onTransact:175 com.android.server.InputMethodManagerService.onTransact:818 
I/InputDispatcher(  484): Dropped event because of pending overdue app switch.
W/InputManager(  484): Input event injection from pid 8302 failed.
W/ContextImpl(  484): Calling a method in the system process without a qualified user: android.app.ContextImpl.sendBroadcast:1123 com.android.server.InputMethodManagerService.showCurrentInputLocked:1791 com.android.server.InputMethodManagerService.attachNewInputLocked:1095 com.android.server.InputMethodManagerService.startInputUncheckedLocked:1166 com.android.server.InputMethodManagerService.startInputLocked:1128 
V/InputMethodService(  651): onEvaluateInputViewShown: config.hardKeyboardHidden = 2
V/InputMethodService(  651): onEvaluateInputViewShown: config.hardKeyboardHidden = 2
W/ContextImpl(  484): Calling a method in the system process without a qualified user: android.app.ContextImpl.sendBroadcast:1123 com.android.server.InputMethodManagerService.showCurrentInputLocked:1791 com.android.server.InputMethodManagerService.attachNewInputLocked:1095 com.android.server.InputMethodManagerService.startInputUncheckedLocked:1166 com.android.server.InputMethodManagerService.startInputLocked:1128 
V/InputMethodService(  651): onEvaluateInputViewShown: config.hardKeyboardHidden = 2
V/InputMethodService(  651): onEvaluateInputViewShown: config.hardKeyboardHidden = 2
V/InputMethodService(  651): onEvaluateInputViewShown: config.hardKeyboardHidden = 2
V/InputMethodService(  651): onEvaluateInputViewShown: config.hardKeyboardHidden = 2
W/ContextImpl(  484): Calling a method in the system process without a qualified user: android.app.ContextImpl.sendBroadcast:1123 com.android.server.InputMethodManagerService.showCurrentInputLocked:1791 com.android.server.InputMethodManagerService.showSoftInput:1753 com.android.internal.view.IInputMethodManager$Stub.onTransact:175 com.android.server.InputMethodManagerService.onTransact:818 
W/ContextImpl(  484): Calling a method in the system process without a qualified user: android.app.ContextImpl.sendBroadcast:1123 com.android.server.InputMethodManagerService.showCurrentInputLocked:1791 com.android.server.InputMethodManagerService.attachNewInputLocked:1095 com.android.server.InputMethodManagerService.startInputUncheckedLocked:1166 com.android.server.InputMethodManagerService.startInputLocked:1128 
V/InputMethodService(  651): onEvaluateInputViewShown: config.hardKeyboardHidden = 2
V/InputMethodService(  651): onEvaluateInputViewShown: config.hardKeyboardHidden = 2
V/InputMethodService(  651): onEvaluateInputViewShown: config.hardKeyboardHidden = 2
V/InputMethodService(  651): onEvaluateInputViewShown: config.hardKeyboardHidden = 2
W/ContextImpl(  484): Calling a method in the system process without a qualified user: android.app.ContextImpl.sendBroadcast:1123 com.android.server.InputMethodManagerService.showCurrentInputLocked:1791 com.android.server.InputMethodManagerService.showSoftInput:1753 com.android.internal.view.IInputMethodManager$Stub.onTransact:175 com.android.server.InputMethodManagerService.onTransact:818 
W/ContextImpl(  484): Calling a method in the system process without a qualified user: android.app.ContextImpl.sendBroadcast:1123 com.android.server.InputMethodManagerService.showCurrentInputLocked:1791 com.android.server.InputMethodManagerService.attachNewInputLocked:1095 com.android.server.InputMethodManagerService.startInputUncheckedLocked:1166 com.android.server.InputMethodManagerService.startInputLocked:1128 
V/InputMethodService(  651): onEvaluateInputViewShown: config.hardKeyboardHidden = 2
V/InputMethodService(  651): onEvaluateInputViewShown: config.hardKeyboardHidden = 2
