I/System.out(10406): URLConn;%;8;%;<com.amazonaws.http.UrlHttpClient: com.amazonaws.http.HttpResponse createHttpResponse(com.amazonaws.http.HttpRequest,java.net.HttpURLConnection)>;%;$r5 = virtualinvoke $r2.<java.net.HttpURLConnection: java.io.InputStream getInputStream()>();%;https://cognito-sync.us-east-1.amazonaws.com/identitypools/us-east-1%3A5943c2bc-cb01-49cc-a2f2-433959deeb94/identities/us-east-1%3A7a87b11c-bf46-40d6-bf42-61b54452af69/datasets/DataSet_CreditsHistory;%;true;%;199;%;Not found;%;Not found;%;Not found;%;Not found
I/System.out(10406): body:<com.amazonaws.http.UrlHttpClient: com.amazonaws.http.HttpResponse createHttpResponse(com.amazonaws.http.HttpRequest,java.net.HttpURLConnection)>	sig:$r8 = virtualinvoke $r2.<java.net.HttpURLConnection: java.util.Map getHeaderFields()>()	timediff:0
D/EmulatedCamera_Camera(  170): doStartPreview: preview pixel format yuv420sp
D/EmulatedCamera_Camera(  170): Starting camera: 640x480 -> NV21(yuv420sp)
V/EmulatedCamera_FakeDevice(  170): startDevice
I/DefaultDataset(10406): updated sync count 1
E/p       (10406): 0
I/ActivityManager(  464): Displayed com.appxy.tinyfax/com.example.faxtest.Activity_CameraPreview: +179ms
E/value   (10406): Startadsfa0.0
D/DefaultDataset(10406): successfully synchronize DataSet_CreditsHistory
W/ViewRootImpl(10406): Dropping event due to no window focus: KeyEvent { action=ACTION_DOWN, keyCode=KEYCODE_MENU, scanCode=0, metaState=0, flags=0x8, repeatCount=0, eventTime=1042725, downTime=1042725, deviceId=-1, source=0x101 }
W/ContextImpl(  464): Calling a method in the system process without a qualified user: android.app.ContextImpl.sendBroadcast:1123 com.android.server.InputMethodManagerService.hideCurrentInputLocked:1880 com.android.server.InputMethodManagerService.windowGainedFocus:1968 com.android.internal.view.IInputMethodManager$Stub.onTransact:221 com.android.server.InputMethodManagerService.onTransact:818 
D/        (  170): HostConnection::get() New Host Connection established 0xb87ecbc0, tid 10471
V/PanelView(  532): animationTick called with dtms=0; nothing to do (h=0.0 v=-0.0)
V/PanelView(  532): animationTick called with dtms=-3; nothing to do (h=0.0 v=-0.0)
V/EmulatedCamera_FakeDevice(  170): stopDevice
V/EmulatedCamera_FakeDevice(  170): disconnectDevice
I/CameraClient(  170): Destroying camera 0
E/width   (10406): 720adsfa1280
E/dpi     (10406): 240asdf
W/EGL_emulation(10406): eglSurfaceAttrib not implemented 3093 12436
W/ViewRootImpl(10406): Dropping event due to no window focus: KeyEvent { action=ACTION_DOWN, keyCode=KEYCODE_DPAD_LEFT, scanCode=0, metaState=0, flags=0x8, repeatCount=0, eventTime=1042993, downTime=1042993, deviceId=-1, source=0x101 }
I/System.out(10406): body:<com.amazonaws.http.UrlHttpClient: com.amazonaws.http.HttpResponse createHttpResponse(com.amazonaws.http.HttpRequest,java.net.HttpURLConnection)>	sig:$r4 = virtualinvoke $r2.<java.net.HttpURLConnection: java.lang.String getResponseMessage()>()	timediff:576
I/System.out(10406): body:<com.amazonaws.http.UrlHttpClient: com.amazonaws.http.HttpResponse createHttpResponse(com.amazonaws.http.HttpRequest,java.net.HttpURLConnection)>	sig:$i0 = virtualinvoke $r2.<java.net.HttpURLConnection: int getResponseCode()>()	timediff:0
I/System.out(10406): body:<com.amazonaws.http.UrlHttpClient: com.amazonaws.http.HttpResponse createHttpResponse(com.amazonaws.http.HttpRequest,java.net.HttpURLConnection)>	sig:$r5 = virtualinvoke $r2.<java.net.HttpURLConnection: java.io.InputStream getErrorStream()>()	timediff:0
I/System.out(10406): body:<com.amazonaws.http.UrlHttpClient: com.amazonaws.http.HttpResponse createHttpResponse(com.amazonaws.http.HttpRequest,java.net.HttpURLConnection)>	sig:$r5 = virtualinvoke $r2.<java.net.HttpURLConnection: java.io.InputStream getInputStream()>()	timediff:0
I/System.out(10406): body:<empirical.HelperClass: void printURLInfo(java.lang.String,java.lang.String,java.net.URLConnection)>	sig:$r0 = virtualinvoke urlConnection.<java.net.URLConnection: java.net.URL getURL()>()	timediff:0
I/System.out(10406): body:<empirical.HelperClass: void printURLInfo(java.lang.String,java.lang.String,java.net.URLConnection)>	sig:urlString = virtualinvoke $r0.<java.net.URL: java.lang.String toString()>()	timediff:0
I/System.out(10406): body:<empirical.HelperClass: void printURLInfo(java.lang.String,java.lang.String,java.net.URLConnection)>	sig:isDoOutput = virtualinvoke urlConnection.<java.net.URLConnection: boolean getDoOutput()>()	timediff:0
I/System.out(10406): body:<empirical.HelperClass: java.lang.String getHeaderField(java.net.URLConnection,java.lang.String)>	sig:data = virtualinvoke conn.<java.net.URLConnection: java.lang.String getHeaderField(java.lang.String)>(field)	timediff:0
I/System.out(10406): body:<empirical.HelperClass: java.lang.String getHeaderField(java.net.URLConnection,java.lang.String)>	sig:data = virtualinvoke conn.<java.net.URLConnection: java.lang.String getHeaderField(java.lang.String)>(field)	timediff:0
I/System.out(10406): body:<empirical.HelperClass: java.lang.String getHeaderField(java.net.URLConnection,java.lang.String)>	sig:data = virtualinvoke conn.<java.net.URLConnection: java.lang.String getHeaderField(java.lang.String)>(field)	timediff:0
I/System.out(10406): body:<empirical.HelperClass: java.lang.String getHeaderField(java.net.URLConnection,java.lang.String)>	sig:data = virtualinvoke conn.<java.net.URLConnection: java.lang.String getHeaderField(java.lang.String)>(field)	timediff:1
I/System.out(10406): body:<empirical.HelperClass: java.lang.String getHeaderField(java.net.URLConnection,java.lang.String)>	sig:data = virtualinvoke conn.<java.net.URLConnection: java.lang.String getHeaderField(java.lang.String)>(field)	timediff:0
I/System.out(10406): URLConn;%;9;%;<com.amazonaws.http.UrlHttpClient: com.amazonaws.http.HttpResponse createHttpResponse(com.amazonaws.http.HttpRequest,java.net.HttpURLConnection)>;%;$r5 = virtualinvoke $r2.<java.net.HttpURLConnection: java.io.InputStream getInputStream()>();%;https://cognito-sync.us-east-1.amazonaws.com/identitypools/us-east-1%3A5943c2bc-cb01-49cc-a2f2-433959deeb94/identities/us-east-1%3A7a87b11c-bf46-40d6-bf42-61b54452af69/datasets/DataSet_CreditsHistory;%;true;%;199;%;Not found;%;Not found;%;Not found;%;Not found
I/System.out(10406): body:<com.amazonaws.http.UrlHttpClient: com.amazonaws.http.HttpResponse createHttpResponse(com.amazonaws.http.HttpRequest,java.net.HttpURLConnection)>	sig:$r8 = virtualinvoke $r2.<java.net.HttpURLConnection: java.util.Map getHeaderFields()>()	timediff:0
E/p       (10406): 0
E/value   (10406): Startadsfa0.0
D/DefaultDataset(10406): successfully synchronize DataSet_CreditsHistory
W/ContextImpl(  464): Calling a method in the system process without a qualified user: android.app.ContextImpl.sendBroadcast:1123 com.android.server.InputMethodManagerService.hideCurrentInputLocked:1880 com.android.server.InputMethodManagerService.windowGainedFocus:1968 com.android.internal.view.IInputMethodManager$Stub.onTransact:221 com.android.server.InputMethodManagerService.onTransact:818 
E/onDestroycame(10406): onDestroy
E/syncinfo(10406): Startadsfa0
V/mtest   (10406): inittoken
E/id      (10406): falseasdfd
W/ActivityManager(  464): Duplicate finish request for ActivityRecord{4a9da544 u0 com.appxy.tinyfax/com.example.faxtest.GetPicActivity t48 f}
D/DefaultDataset(10406): start to synchronize DataSet_CreditsHistory
D/DefaultDataset(10406): get latest modified records since 1
I/System.out(10406): body:<com.amazonaws.AmazonWebServiceClient: com.amazonaws.auth.Signer computeSignerByURI(java.net.URI,java.lang.String,boolean)>	sig:$r5 = virtualinvoke $r1.<java.net.URI: java.lang.String getHost()>()	timediff:0
I/System.out(10406): body:<com.amazonaws.auth.AWS4Signer: void addHostHeader(com.amazonaws.Request)>	sig:$r4 = virtualinvoke $r3.<java.net.URI: java.lang.String getHost()>()	timediff:1
I/System.out(10406): body:<com.amazonaws.util.HttpUtils: boolean isUsingNonDefaultPort(java.net.URI)>	sig:$r1 = virtualinvoke $r0.<java.net.URI: java.lang.String getScheme()>()	timediff:0
I/System.out(10406): body:<com.amazonaws.util.HttpUtils: boolean isUsingNonDefaultPort(java.net.URI)>	sig:$i0 = virtualinvoke $r0.<java.net.URI: int getPort()>()	timediff:0
I/System.out(10406): body:<com.amazonaws.auth.AWS4Signer: java.lang.String getCanonicalRequest(com.amazonaws.Request,java.lang.String)>	sig:$r4 = virtualinvoke $r3.<java.net.URI: java.lang.String getPath()>()	timediff:0
I/System.out(10406): body:<com.amazonaws.util.HttpUtils: java.lang.String urlEncode(java.lang.String,boolean)>	sig:$r0 = staticinvoke <java.net.URLEncoder: java.lang.String encode(java.lang.String,java.lang.String)>($r0, "UTF-8")	timediff:0
I/System.out(10406): body:<com.amazonaws.util.HttpUtils: java.lang.String urlEncode(java.lang.String,boolean)>	sig:$r0 = staticinvoke <java.net.URLEncoder: java.lang.String encode(java.lang.String,java.lang.String)>($r0, "UTF-8")	timediff:1
I/System.out(10406): body:<com.amazonaws.util.HttpUtils: java.lang.String urlEncode(java.lang.String,boolean)>	sig:$r0 = staticinvoke <java.net.URLEncoder: java.lang.String encode(java.lang.String,java.lang.String)>($r0, "UTF-8")	timediff:0
I/System.out(10406): body:<com.amazonaws.util.HttpUtils: java.lang.String urlEncode(java.lang.String,boolean)>	sig:$r0 = staticinvoke <java.net.URLEncoder: java.lang.String encode(java.lang.String,java.lang.String)>($r0, "UTF-8")	timediff:0
I/System.out(10406): body:<com.amazonaws.util.HttpUtils: java.lang.String urlEncode(java.lang.String,boolean)>	sig:$r0 = staticinvoke <java.net.URLEncoder: java.lang.String encode(java.lang.String,java.lang.String)>($r0, "UTF-8")	timediff:0
I/System.out(10406): body:<com.amazonaws.util.HttpUtils: java.lang.String urlEncode(java.lang.String,boolean)>	sig:$r0 = staticinvoke <java.net.URLEncoder: java.lang.String encode(java.lang.String,java.lang.String)>($r0, "UTF-8")	timediff:0
W/EGL_emulation(10406): eglSurfaceAttrib not implemented 3093 12436
I/System.out(10406): body:<com.amazonaws.http.HttpRequestFactory: com.amazonaws.http.HttpRequest createHttpRequest(com.amazonaws.Request,com.amazonaws.ClientConfiguration,com.amazonaws.http.ExecutionContext)>	sig:$r6 = virtualinvoke $r7.<java.net.URI: java.lang.String toString()>()	timediff:0
I/System.out(10406): body:<com.amazonaws.util.HttpUtils: java.lang.String urlEncode(java.lang.String,boolean)>	sig:$r0 = staticinvoke <java.net.URLEncoder: java.lang.String encode(java.lang.String,java.lang.String)>($r0, "UTF-8")	timediff:1
W/ViewRootImpl(10406): Dropping event due to no window focus: KeyEvent { action=ACTION_DOWN, keyCode=KEYCODE_DPAD_CENTER, scanCode=0, metaState=0, flags=0x8, repeatCount=0, eventTime=1043494, downTime=1043494, deviceId=-1, source=0x101 }
I/System.out(10406): body:<com.amazonaws.util.HttpUtils: java.lang.String encodeParameters(com.amazonaws.Request)>	sig:$r9 = staticinvoke <java.net.URLEncoder: java.lang.String encode(java.lang.String,java.lang.String)>($r2, "UTF-8")	timediff:0
I/System.out(10406): body:<com.amazonaws.util.HttpUtils: java.lang.String encodeParameters(com.amazonaws.Request)>	sig:$r2 = staticinvoke <java.net.URLEncoder: java.lang.String encode(java.lang.String,java.lang.String)>($r2, "UTF-8")	timediff:0
I/System.out(10406): body:<com.amazonaws.util.HttpUtils: java.lang.String encodeParameters(com.amazonaws.Request)>	sig:$r9 = staticinvoke <java.net.URLEncoder: java.lang.String encode(java.lang.String,java.lang.String)>($r2, "UTF-8")	timediff:0
I/System.out(10406): body:<com.amazonaws.util.HttpUtils: java.lang.String encodeParameters(com.amazonaws.Request)>	sig:$r2 = staticinvoke <java.net.URLEncoder: java.lang.String encode(java.lang.String,java.lang.String)>($r2, "UTF-8")	timediff:0
I/System.out(10406): body:<com.amazonaws.http.HttpRequestFactory: void configureHeaders(java.util.Map,com.amazonaws.Request,com.amazonaws.http.ExecutionContext,com.amazonaws.ClientConfiguration)>	sig:$r7 = virtualinvoke $r6.<java.net.URI: java.lang.String getHost()>()	timediff:0
W/ContextImpl(  464): Calling a method in the system process without a qualified user: android.app.ContextImpl.sendBroadcast:1123 com.android.server.InputMethodManagerService.hideCurrentInputLocked:1880 com.android.server.InputMethodManagerService.windowGainedFocus:1968 com.android.internal.view.IInputMethodManager$Stub.onTransact:221 com.android.server.InputMethodManagerService.onTransact:818 
I/System.out(10406): body:<com.amazonaws.util.HttpUtils: boolean isUsingNonDefaultPort(java.net.URI)>	sig:$r1 = virtualinvoke $r0.<java.net.URI: java.lang.String getScheme()>()	timediff:6
I/System.out(10406): body:<com.amazonaws.util.HttpUtils: boolean isUsingNonDefaultPort(java.net.URI)>	sig:$i0 = virtualinvoke $r0.<java.net.URI: int getPort()>()	timediff:0
I/System.out(10406): body:<com.amazonaws.http.HttpRequestFactory: com.amazonaws.http.HttpRequest createHttpRequest(com.amazonaws.Request,com.amazonaws.ClientConfiguration,com.amazonaws.http.ExecutionContext)>	sig:$r7 = staticinvoke <java.net.URI: java.net.URI create(java.lang.String)>($r6)	timediff:0
I/System.out(10406): body:<com.amazonaws.http.UrlHttpClient: com.amazonaws.http.HttpResponse execute(com.amazonaws.http.HttpRequest)>	sig:$r3 = virtualinvoke $r2.<java.net.URI: java.net.URL toURL()>()	timediff:0
I/System.out(10406): body:<com.amazonaws.http.UrlHttpClient: com.amazonaws.http.HttpResponse execute(com.amazonaws.http.HttpRequest)>	sig:$r4 = virtualinvoke $r3.<java.net.URL: java.net.URLConnection openConnection()>()	timediff:1
I/System.out(10406): body:<com.amazonaws.http.UrlHttpClient: void configureConnection(java.net.HttpURLConnection)>	sig:virtualinvoke $r1.<java.net.HttpURLConnection: void setConnectTimeout(int)>($i0)	timediff:0
I/System.out(10406): body:<com.amazonaws.http.UrlHttpClient: void configureConnection(java.net.HttpURLConnection)>	sig:virtualinvoke $r1.<java.net.HttpURLConnection: void setReadTimeout(int)>($i0)	timediff:0
I/System.out(10406): body:<com.amazonaws.http.UrlHttpClient: void configureConnection(java.net.HttpURLConnection)>	sig:virtualinvoke $r1.<java.net.HttpURLConnection: void setInstanceFollowRedirects(boolean)>(0)	timediff:0
I/System.out(10406): body:<com.amazonaws.http.UrlHttpClient: java.net.HttpURLConnection applyHeadersAndMethod(com.amazonaws.http.HttpRequest,java.net.HttpURLConnection)>	sig:virtualinvoke $r2.<java.net.HttpURLConnection: void setRequestProperty(java.lang.String,java.lang.String)>($r8, $r9)	timediff:0
I/System.out(10406): body:<com.amazonaws.http.UrlHttpClient: java.net.HttpURLConnection applyHeadersAndMethod(com.amazonaws.http.HttpRequest,java.net.HttpURLConnection)>	sig:virtualinvoke $r2.<java.net.HttpURLConnection: void setRequestProperty(java.lang.String,java.lang.String)>($r8, $r9)	timediff:1
I/System.out(10406): body:<com.amazonaws.http.UrlHttpClient: java.net.HttpURLConnection applyHeadersAndMethod(com.amazonaws.http.HttpRequest,java.net.HttpURLConnection)>	sig:virtualinvoke $r2.<java.net.HttpURLConnection: void setRequestProperty(java.lang.String,java.lang.String)>($r8, $r9)	timediff:0
I/System.out(10406): body:<com.amazonaws.http.UrlHttpClient: java.net.HttpURLConnection applyHeadersAndMethod(com.amazonaws.http.HttpRequest,java.net.HttpURLConnection)>	sig:virtualinvoke $r2.<java.net.HttpURLConnection: void setRequestProperty(java.lang.String,java.lang.String)>($r8, $r9)	timediff:0
I/System.out(10406): body:<com.amazonaws.http.UrlHttpClient: java.net.HttpURLConnection applyHeadersAndMethod(com.amazonaws.http.HttpRequest,java.net.HttpURLConnection)>	sig:virtualinvoke $r2.<java.net.HttpURLConnection: void setRequestProperty(java.lang.String,java.lang.String)>($r8, $r9)	timediff:0
I/System.out(10406): body:<com.amazonaws.http.UrlHttpClient: java.net.HttpURLConnection applyHeadersAndMethod(com.amazonaws.http.HttpRequest,java.net.HttpURLConnection)>	sig:virtualinvoke $r2.<java.net.HttpURLConnection: void setRequestProperty(java.lang.String,java.lang.String)>($r8, $r9)	timediff:0
I/System.out(10406): body:<com.amazonaws.http.UrlHttpClient: java.net.HttpURLConnection applyHeadersAndMethod(com.amazonaws.http.HttpRequest,java.net.HttpURLConnection)>	sig:virtualinvoke $r2.<java.net.HttpURLConnection: void setRequestProperty(java.lang.String,java.lang.String)>($r8, $r9)	timediff:1
I/System.out(10406): body:<com.amazonaws.http.UrlHttpClient: java.net.HttpURLConnection applyHeadersAndMethod(com.amazonaws.http.HttpRequest,java.net.HttpURLConnection)>	sig:virtualinvoke $r2.<java.net.HttpURLConnection: void setRequestMethod(java.lang.String)>($r9)	timediff:0
W/ActivityManager(  464): Duplicate finish request for ActivityRecord{4a9da544 u0 com.appxy.tinyfax/com.example.faxtest.GetPicActivity t48 f}
W/Launcher(  681): setApplicationContext called twice! old=com.vphone.launcher.LauncherApplicationEx@4a7eccd8 new=com.vphone.launcher.LauncherApplicationEx@4a7eccd8
W/ResourceType(  681): Attempt to retrieve bag 0x7f0b0001 which is invalid or in a cycle.
D/Launcher(  681): 11683562 - bindAddScreens()
D/Launcher(  681): 11683562 -   orderedScreenIds: 1
D/Launcher.Workspace(  681): 11683562 - insertNewWorkspaceScreen(): 1 at index: 0
I/qtaguid (  681): Untagging socket 82 failed errno=-13
W/NetworkManagementSocketTagger(  681): untagSocket(82) failed with errno -13
I/qtaguid (  681): Tagging socket 82 with tag 49e2824000000000(1239581248) for uid -1 failed errno=-13
I/NetworkManagementSocketTagger(  681): tagSocketFd(82, 1239581248, -1) failed with errno-13
W/PhoneWindow(  681): Previously focused view reported id 2131689766 during save, but can't be found during restore.
W/ContextImpl(  681): Calling a method in the system process without a qualified user: android.app.ContextImpl.startService:1492 android.content.ContextWrapper.startService:494 com.vphone.launcher.Launcher.i:690 com.vphone.launcher.Launcher.b:182 com.vphone.launcher.Launcher$11.run:650 
D/Sensors (  464): Client connection accepted (198)
W/EGL_emulation(  681): eglSurfaceAttrib not implemented 3093 12436
W/ViewRootImpl(  681): Dropping event due to no window focus: KeyEvent { action=ACTION_DOWN, keyCode=KEYCODE_META_LEFT, scanCode=0, metaState=0, flags=0x8, repeatCount=0, eventTime=1043611, downTime=1043611, deviceId=-1, source=0x101 }
W/ViewRootImpl(  681): Dropping event due to no window focus: KeyEvent { action=ACTION_DOWN, keyCode=KEYCODE_X, scanCode=0, metaState=0, flags=0x8, repeatCount=0, eventTime=1043795, downTime=1043795, deviceId=-1, source=0x101 }
W/ViewRootImpl(  681): Dropping event due to no window focus: KeyEvent { action=ACTION_DOWN, keyCode=KEYCODE_DPAD_UP, scanCode=0, metaState=0, flags=0x8, repeatCount=0, eventTime=1043806, downTime=1043806, deviceId=-1, source=0x101 }
W/ViewRootImpl(  681): Dropping event due to no window focus: KeyEvent { action=ACTION_DOWN, keyCode=KEYCODE_DPAD_LEFT, scanCode=0, metaState=0, flags=0x8, repeatCount=0, eventTime=1043826, downTime=1043826, deviceId=-1, source=0x101 }
W/ContextImpl(  464): Calling a method in the system process without a qualified user: android.app.ContextImpl.sendBroadcast:1123 com.android.server.InputMethodManagerService.hideCurrentInputLocked:1880 com.android.server.InputMethodManagerService.windowGainedFocus:1968 com.android.internal.view.IInputMethodManager$Stub.onTransact:221 com.android.server.InputMethodManagerService.onTransact:818 
I/System.out(10406): body:<com.amazonaws.http.UrlHttpClient: com.amazonaws.http.HttpResponse createHttpResponse(com.amazonaws.http.HttpRequest,java.net.HttpURLConnection)>	sig:$r4 = virtualinvoke $r2.<java.net.HttpURLConnection: java.lang.String getResponseMessage()>()	timediff:376
I/System.out(10406): body:<com.amazonaws.http.UrlHttpClient: com.amazonaws.http.HttpResponse createHttpResponse(com.amazonaws.http.HttpRequest,java.net.HttpURLConnection)>	sig:$i0 = virtualinvoke $r2.<java.net.HttpURLConnection: int getResponseCode()>()	timediff:0
I/System.out(10406): body:<com.amazonaws.http.UrlHttpClient: com.amazonaws.http.HttpResponse createHttpResponse(com.amazonaws.http.HttpRequest,java.net.HttpURLConnection)>	sig:$r5 = virtualinvoke $r2.<java.net.HttpURLConnection: java.io.InputStream getErrorStream()>()	timediff:0
I/System.out(10406): body:<com.amazonaws.http.UrlHttpClient: com.amazonaws.http.HttpResponse createHttpResponse(com.amazonaws.http.HttpRequest,java.net.HttpURLConnection)>	sig:$r5 = virtualinvoke $r2.<java.net.HttpURLConnection: java.io.InputStream getInputStream()>()	timediff:0
I/System.out(10406): body:<empirical.HelperClass: void printURLInfo(java.lang.String,java.lang.String,java.net.URLConnection)>	sig:$r0 = virtualinvoke urlConnection.<java.net.URLConnection: java.net.URL getURL()>()	timediff:0
I/System.out(10406): body:<empirical.HelperClass: void printURLInfo(java.lang.String,java.lang.String,java.net.URLConnection)>	sig:urlString = virtualinvoke $r0.<java.net.URL: java.lang.String toString()>()	timediff:0
I/System.out(10406): body:<empirical.HelperClass: void printURLInfo(java.lang.String,java.lang.String,java.net.URLConnection)>	sig:isDoOutput = virtualinvoke urlConnection.<java.net.URLConnection: boolean getDoOutput()>()	timediff:0
I/System.out(10406): body:<empirical.HelperClass: java.lang.String getHeaderField(java.net.URLConnection,java.lang.String)>	sig:data = virtualinvoke conn.<java.net.URLConnection: java.lang.String getHeaderField(java.lang.String)>(field)	timediff:0
I/System.out(10406): body:<empirical.HelperClass: java.lang.String getHeaderField(java.net.URLConnection,java.lang.String)>	sig:data = virtualinvoke conn.<java.net.URLConnection: java.lang.String getHeaderField(java.lang.String)>(field)	timediff:0
I/System.out(10406): body:<empirical.HelperClass: java.lang.String getHeaderField(java.net.URLConnection,java.lang.String)>	sig:data = virtualinvoke conn.<java.net.URLConnection: java.lang.String getHeaderField(java.lang.String)>(field)	timediff:0
I/System.out(10406): body:<empirical.HelperClass: java.lang.String getHeaderField(java.net.URLConnection,java.lang.String)>	sig:data = virtualinvoke conn.<java.net.URLConnection: java.lang.String getHeaderField(java.lang.String)>(field)	timediff:0
I/System.out(10406): body:<empirical.HelperClass: java.lang.String getHeaderField(java.net.URLConnection,java.lang.String)>	sig:data = virtualinvoke conn.<java.net.URLConnection: java.lang.String getHeaderField(java.lang.String)>(field)	timediff:0
I/System.out(10406): URLConn;%;10;%;<com.amazonaws.http.UrlHttpClient: com.amazonaws.http.HttpResponse createHttpResponse(com.amazonaws.http.HttpRequest,java.net.HttpURLConnection)>;%;$r5 = virtualinvoke $r2.<java.net.HttpURLConnection: java.io.InputStream getInputStream()>();%;https://cognito-sync.us-east-1.amazonaws.com/identitypools/us-east-1%3A5943c2bc-cb01-49cc-a2f2-433959deeb94/identities/us-east-1%3A7a87b11c-bf46-40d6-bf42-61b54452af69/datasets/DataSet_CreditsHistory/records?lastSyncCount=1&maxResults=1024;%;false;%;772;%;Not found;%;Not found;%;Not found;%;Not found
I/System.out(10406): body:<com.amazonaws.http.UrlHttpClient: com.amazonaws.http.HttpResponse createHttpResponse(com.amazonaws.http.HttpRequest,java.net.HttpURLConnection)>	sig:$r8 = virtualinvoke $r2.<java.net.HttpURLConnection: java.util.Map getHeaderFields()>()	timediff:0
I/DefaultDataset(10406): save 1 records to local
I/DefaultDataset(10406): updated sync count 2
E/p       (10406): 0
E/value   (10406): Startadsfa0.0
D/DefaultDataset(10406): successfully synchronize DataSet_CreditsHistory
I/qtaguid (  681): Tagging socket 101 with tag 49e2824000000000(1239581248) for uid -1 failed errno=-13
I/NetworkManagementSocketTagger(  681): tagSocketFd(101, 1239581248, -1) failed with errno-13
E/SurfaceFlinger(  167): glCheckFramebufferStatusOES error 36054
E/SurfaceFlinger(  167): got GL_FRAMEBUFFER_COMPLETE_OES error while taking screenshot
D/SurfaceFlinger(  167): setOrientation, mFbdev=0xb85f6050, mFbDev->setOrientation=0xb6945ce0, orientation=0
I/gralloc_nox(  167): setOrientation: orientation=0
I/InputReader(  464): Reconfiguring input devices.  changes=0x00000004
I/InputReader(  464): Device reconfigured: id=1, name='Android Input', size 1280x720, orientation 0, mode 1, display id 0
I/InputReader(  464): Device reconfigured: id=3, name='seamless mouse', size 1280x720, orientation 0, mode 1, display id 0
I/InputReader(  464): Device reconfigured: id=8, name='VirtualBox USB Tablet', size 1280x720, orientation 0, mode 1, display id 0
W/NetworkManagementSocketTagger(  464): setKernelCountSet(10066, 0) failed with errno -13
I/ActivityManager(  464): Config changes=480 {1.0 310mcc16mnc en_US ldltr sw480dp w853dp h454dp 240dpi lrg long land finger qwerty/v/v dpad/v s.28}
D/Sensors (  464): Client connection accepted (195)
D/PhoneStatusBar(  532): mSettingsPanelGravity = 55
W/FlurryAgent(10406): End session with context: com.example.faxtest.Activity_MainPad@4a831da8 count:0
D/dalvikvm(  532): GC_FOR_ALLOC freed 6487K, 39% free 11309K/18480K, paused 6ms, total 7ms
I/dalvikvm-heap(  532): Grow heap (frag case) to 17.346MB for 6553612-byte allocation
D/dalvikvm(  532): GC_FOR_ALLOC freed 3K, 29% free 17706K/24884K, paused 3ms, total 3ms
D/dalvikvm(  532): GC_CONCURRENT freed <1K, 29% free 17707K/24884K, paused 0ms+1ms, total 4ms
D/Tinker.DefaultAppLike(  681): onConfigurationChanged:{1.0 310mcc16mnc en_US ldltr sw480dp w853dp h454dp 240dpi lrg long land finger qwerty/v/v dpad/v s.28}
D/yeshen  (  681): launcher onpause
D/yeshen  (  681): launcher onstop
W/DebugConnManager(  681): getNetworkInfo() on networkType 1
W/ContextImpl(  464): Calling a method in the system process without a qualified user: android.app.ContextImpl.sendBroadcast:1123 com.android.server.InputMethodManagerService.hideCurrentInputLocked:1880 com.android.server.InputMethodManagerService.hideSoftInput:1843 com.android.internal.view.IInputMethodManager$Stub.onTransact:194 com.android.server.InputMethodManagerService.onTransact:818 
W/Launcher(  681): setApplicationContext called twice! old=com.vphone.launcher.LauncherApplicationEx@4a7eccd8 new=com.vphone.launcher.LauncherApplicationEx@4a7eccd8
W/ResourceType(  681): Attempt to retrieve bag 0x7f0b0001 which is invalid or in a cycle.
D/Launcher(  681): 11683562 - bindAddScreens()
D/Launcher(  681): 11683562 -   orderedScreenIds: 1
D/Launcher.Workspace(  681): 11683562 - insertNewWorkspaceScreen(): 1 at index: 0
I/qtaguid (  681): Tagging socket 141 with tag 49e2824000000000(1239581248) for uid -1 failed errno=-13
I/NetworkManagementSocketTagger(  681): tagSocketFd(141, 1239581248, -1) failed with errno-13
W/EGL_emulation(  532): eglSurfaceAttrib not implemented 3093 12436
W/ContextImpl(  681): Calling a method in the system process without a qualified user: android.app.ContextImpl.startService:1492 android.content.ContextWrapper.startService:494 com.vphone.launcher.Launcher.i:690 com.vphone.launcher.Launcher.b:182 com.vphone.launcher.Launcher$11.run:650 
W/EGL_emulation(  681): eglSurfaceAttrib not implemented 3093 12436
W/ContextImpl(  464): Calling a method in the system process without a qualified user: android.app.ContextImpl.sendBroadcast:1123 com.android.server.InputMethodManagerService.hideCurrentInputLocked:1880 com.android.server.InputMethodManagerService.windowGainedFocus:1968 com.android.internal.view.IInputMethodManager$Stub.onTransact:221 com.android.server.InputMethodManagerService.onTransact:818 
I/WindowManager(  464): Screen frozen for +523ms due to Window{4ad0faac u0 com.vphone.launcher/com.vphone.launcher.Launcher}
W/ContextImpl(  681): Calling a method in the system process without a qualified user: android.app.ContextImpl.bindService:1556 android.content.ContextWrapper.bindService:517 com.google.android.gms.common.stats.zzb.zza:-1 com.google.android.gms.common.stats.zzb.zza:-1 com.google.android.gms.ads.identifier.AdvertisingIdClient.zzh:-1 
W/PropertyValuesHolder(  681): Method setBrightness() with type int not found on target class class ph
W/PropertyValuesHolder(  681): Method getBrightness() with type int not found on target class class ph
I/ActivityManager(  464): START u0 {act=android.intent.action.MAIN cat=[android.intent.category.LAUNCHER] flg=0x10200000 cmp=com.android.browser/.BrowserActivity bnds=[130,174][334,301] (has extras)} from pid 681
W/ContextImpl(  681): Calling a method in the system process without a qualified user: android.app.ContextImpl.sendBroadcast:1137 android.content.ContextWrapper.sendBroadcast:370 com.vphone.launcher.Stats.recordLaunch:129 com.vphone.launcher.Launcher.c:3192 com.vphone.launcher.Launcher.onClickAppShortcut:3144 
I/ActivityManager(  464): START u0 {act=android.intent.action.CALL_BUTTON flg=0x10000000} from pid 681
W/PhoneFallbackEventHandler(  681): No activity found for android.intent.action.CALL_BUTTON.
I/ActivityManager(  464): START u0 {act=android.intent.action.MAIN cat=[android.intent.category.LAUNCHER] flg=0x10200000 cmp=com.android.browser/.BrowserActivity bnds=[130,174][334,301] (has extras)} from pid 681
W/ContextImpl(  681): Calling a method in the system process without a qualified user: android.app.ContextImpl.sendBroadcast:1137 android.content.ContextWrapper.sendBroadcast:370 com.vphone.launcher.Stats.recordLaunch:129 com.vphone.launcher.Launcher.c:3192 com.vphone.launcher.Launcher.onClickAppShortcut:3144 
W/Launcher(  681): No global search activity found.
I/qtaguid (  681): Tagging socket 147 with tag 49e2824000000000(1239581248) for uid -1 failed errno=-13
I/NetworkManagementSocketTagger(  681): tagSocketFd(147, 1239581248, -1) failed with errno-13
I/ActivityManager(  464): START u0 {act=android.intent.action.MAIN cat=[android.intent.category.LAUNCHER] flg=0x10200000 cmp=com.android.browser/.BrowserActivity bnds=[130,174][334,301] (has extras)} from pid 681
W/ContextImpl(  681): Calling a method in the system process without a qualified user: android.app.ContextImpl.sendBroadcast:1137 android.content.ContextWrapper.sendBroadcast:370 com.vphone.launcher.Stats.recordLaunch:129 com.vphone.launcher.Launcher.c:3192 com.vphone.launcher.Launcher.onClickAppShortcut:3144 
D/dalvikvm(  681): GC_CONCURRENT freed 6441K, 14% free 45652K/52960K, paused 2ms+4ms, total 29ms
D/dalvikvm(  681): WAIT_FOR_CONCURRENT_GC blocked 23ms
I/qtaguid (  681): Untagging socket 85 failed errno=-13
W/NetworkManagementSocketTagger(  681): untagSocket(85) failed with errno -13
I/qtaguid (  681): Untagging socket 115 failed errno=-13
W/NetworkManagementSocketTagger(  681): untagSocket(115) failed with errno -13
I/qtaguid (  681): Untagging socket 112 failed errno=-13
W/NetworkManagementSocketTagger(  681): untagSocket(112) failed with errno -13
I/qtaguid (  681): Untagging socket 110 failed errno=-13
W/NetworkManagementSocketTagger(  681): untagSocket(110) failed with errno -13
I/qtaguid (  681): Tagging socket 85 with tag 1b8a7d1b00000000(462060827) for uid -1 failed errno=-13
I/NetworkManagementSocketTagger(  681): tagSocketFd(85, 462060827, -1) failed with errno-13
W/DebugConnManager(  681): getNetworkInfo() on networkType 1
I/qtaguid (  681): Tagging socket 96 with tag 1b8a7d1b00000000(462060827) for uid -1 failed errno=-13
I/NetworkManagementSocketTagger(  681): tagSocketFd(96, 462060827, -1) failed with errno-13
W/DebugConnManager(  681): getNetworkInfo() on networkType 1
I/qtaguid (  681): Tagging socket 99 with tag 1b8a7d1b00000000(462060827) for uid -1 failed errno=-13
I/NetworkManagementSocketTagger(  681): tagSocketFd(99, 462060827, -1) failed with errno-13
W/DebugConnManager(  681): getNetworkInfo() on networkType 1
W/DebugConnManager(  681): getNetworkInfo() on networkType 1
I/qtaguid (  681): Tagging socket 104 with tag 1b8a7d1b00000000(462060827) for uid -1 failed errno=-13
I/NetworkManagementSocketTagger(  681): tagSocketFd(104, 462060827, -1) failed with errno-13
W/DebugConnManager(  681): getNetworkInfo() on networkType 1
W/PropertyValuesHolder(  681): Method setBrightness() with type int not found on target class class ph
W/PropertyValuesHolder(  681): Method getBrightness() with type int not found on target class class ph
W/ContextImpl(  681): Calling a method in the system process without a qualified user: android.app.ContextImpl.bindService:1556 android.content.ContextWrapper.bindService:517 com.google.android.gms.common.stats.zzb.zza:-1 com.google.android.gms.common.stats.zzb.zza:-1 com.google.android.gms.ads.identifier.AdvertisingIdClient.zzh:-1 
I/ActivityManager(  464): START u0 {act=android.intent.action.MAIN cat=[android.intent.category.LAUNCHER] flg=0x10200000 cmp=com.android.contacts/.activities.PeopleActivity bnds=[538,174][742,301] (has extras)} from pid 681
W/ContextImpl(  681): Calling a method in the system process without a qualified user: android.app.ContextImpl.sendBroadcast:1137 android.content.ContextWrapper.sendBroadcast:370 com.vphone.launcher.Stats.recordLaunch:129 com.vphone.launcher.Launcher.c:3192 com.vphone.launcher.Launcher.onClickAppShortcut:3144 
W/PropertyValuesHolder(  681): Method setBrightness() with type int not found on target class class ph
W/PropertyValuesHolder(  681): Method getBrightness() with type int not found on target class class ph
I/qtaguid (  681): Tagging socket 133 with tag 1b8a7d1b00000000(462060827) for uid -1 failed errno=-13
I/NetworkManagementSocketTagger(  681): tagSocketFd(133, 462060827, -1) failed with errno-13
W/DebugConnManager(  681): getNetworkInfo() on networkType 1
I/qtaguid (  681): Tagging socket 142 with tag 1b8a7d1b00000000(462060827) for uid -1 failed errno=-13
I/NetworkManagementSocketTagger(  681): tagSocketFd(142, 462060827, -1) failed with errno-13
I/ActivityManager(  464): START u0 {act=android.intent.action.VIEW dat=https://tracking.apptrackerlink.com/ws/action/click?offer_id=885489&bid_id=BAn2vrXVzmSkglVmPM43ixPBM58&imp_id=pjz4ZD5vzrt22k8Xp2A6Crp7OmQ&p_id=f2941347-09b5-42a5-a267-6f46fea242bf&mac=2C:56:DC:4E:22:14&gaid=e4382e3f-a082-4060-b970-a4dd13ffa2b6 flg=0x10000000 cmp=com.android.browser/.BrowserActivity} from pid 681
I/qtaguid (  681): Tagging socket 136 with tag 1b8a7d1b00000000(462060827) for uid -1 failed errno=-13
I/NetworkManagementSocketTagger(  681): tagSocketFd(136, 462060827, -1) failed with errno-13
I/qtaguid (  681): Tagging socket 135 with tag 1b8a7d1b00000000(462060827) for uid -1 failed errno=-13
I/NetworkManagementSocketTagger(  681): tagSocketFd(135, 462060827, -1) failed with errno-13
I/ActivityManager(  464): START u0 {act=android.intent.action.CALL_BUTTON flg=0x10000000} from pid 681
W/PhoneFallbackEventHandler(  681): No activity found for android.intent.action.CALL_BUTTON.
V/PanelView(  532): animationTick called with dtms=0; nothing to do (h=0.0 v=-0.0)
I/ActivityManager(  464): START u0 {act=android.intent.action.MAIN cat=[android.intent.category.LAUNCHER] flg=0x10200000 cmp=com.android.browser/.BrowserActivity bnds=[130,174][334,301] (has extras)} from pid 681
W/ContextImpl(  681): Calling a method in the system process without a qualified user: android.app.ContextImpl.sendBroadcast:1137 android.content.ContextWrapper.sendBroadcast:370 com.vphone.launcher.Stats.recordLaunch:129 com.vphone.launcher.Launcher.c:3192 com.vphone.launcher.Launcher.onClickAppShortcut:3144 
I/ActivityManager(  464): START u0 {act=android.intent.action.MAIN cat=[android.intent.category.LAUNCHER] flg=0x10200000 cmp=com.android.browser/.BrowserActivity bnds=[130,174][334,301] (has extras)} from pid 681
W/ContextImpl(  681): Calling a method in the system process without a qualified user: android.app.ContextImpl.sendBroadcast:1137 android.content.ContextWrapper.sendBroadcast:370 com.vphone.launcher.Stats.recordLaunch:129 com.vphone.launcher.Launcher.c:3192 com.vphone.launcher.Launcher.onClickAppShortcut:3144 
I/        (  681): {"errNum":0,"message":"SUCCESS"}
I/        (  681): {"errNum":0,"message":"SUCCESS"}
I/        (  681): {"errNum":0,"message":"SUCCESS"}
I/        (  681): {"errNum":0,"message":"SUCCESS"}
W/PropertyValuesHolder(  681): Method setBrightness() with type int not found on target class class ph
W/PropertyValuesHolder(  681): Method getBrightness() with type int not found on target class class ph
I/ActivityManager(  464): START u0 {act=android.intent.action.MAIN cat=[android.intent.category.LAUNCHER] flg=0x10200000 cmp=com.appxy.tinyfax/com.example.faxtest.Activity_Start bnds=[130,428][334,555]} from pid 681
W/ContextImpl(  681): Calling a method in the system process without a qualified user: android.app.ContextImpl.sendBroadcast:1137 android.content.ContextWrapper.sendBroadcast:370 com.vphone.launcher.Stats.recordLaunch:129 com.vphone.launcher.Launcher.c:3192 com.vphone.launcher.Launcher.onClickAppShortcut:3144 
W/Launcher(  681): No global search activity found.
W/ContextImpl(  681): Calling a method in the system process without a qualified user: android.app.ContextImpl.bindService:1556 android.content.ContextWrapper.bindService:517 com.google.android.gms.common.stats.zzb.zza:-1 com.google.android.gms.common.stats.zzb.zza:-1 com.google.android.gms.ads.identifier.AdvertisingIdClient.zzh:-1 
D/yeshen  (  681): launcher onpause
E/SurfaceFlinger(  167): glCheckFramebufferStatusOES error 36054
E/SurfaceFlinger(  167): got GL_FRAMEBUFFER_COMPLETE_OES error while taking screenshot
D/SurfaceFlinger(  167): setOrientation, mFbdev=0xb85f6050, mFbDev->setOrientation=0xb6945ce0, orientation=3
I/gralloc_nox(  167): setOrientation: orientation=3
I/ActivityManager(  464): Config changes=480 {1.0 310mcc16mnc en_US ldltr sw480dp w480dp h828dp 240dpi lrg long port finger qwerty/v/v dpad/v s.29}
D/Sensors (  464): Client connection accepted (198)
D/PhoneStatusBar(  532): mSettingsPanelGravity = 55
W/FlurryAgent(10406): Start session with context: com.example.faxtest.Activity_Start@4b614808 count:0
W/NetworkManagementSocketTagger(  464): setKernelCountSet(10066, 1) failed with errno -13
E/login   (10406): true'
E/haslog  (10406): true'
I/ActivityManager(  464): START u0 {cmp=com.appxy.tinyfax/com.example.faxtest.Activity_MainPad} from pid 10406
D/dalvikvm(  532): GC_FOR_ALLOC freed 6461K, 39% free 11310K/18480K, paused 3ms, total 4ms
I/dalvikvm-heap(  532): Grow heap (frag case) to 17.347MB for 6553612-byte allocation
D/dalvikvm(  532): GC_CONCURRENT freed 0K, 29% free 17710K/24884K, paused 0ms+0ms, total 8ms
I/        (  681): {"errNum":0,"message":"SUCCESS"}
D/Tinker.DefaultAppLike(  681): onConfigurationChanged:{1.0 310mcc16mnc en_US ldltr sw480dp w480dp h828dp 240dpi lrg long port finger qwerty/v/v dpad/v s.29}
I/InputReader(  464): Reconfiguring input devices.  changes=0x00000004
I/InputReader(  464): Device reconfigured: id=1, name='Android Input', size 1280x720, orientation 3, mode 1, display id 0
I/InputReader(  464): Device reconfigured: id=3, name='seamless mouse', size 1280x720, orientation 3, mode 1, display id 0
I/InputReader(  464): Device reconfigured: id=8, name='VirtualBox USB Tablet', size 1280x720, orientation 3, mode 1, display id 0
V/mtest   (10406): issettrue
D/dalvikvm(  654): GC_CONCURRENT freed 1247K, 19% free 6579K/8064K, paused 1ms+1ms, total 7ms
W/FlurryAgent(10406): Start session with context: com.example.faxtest.Activity_MainPad@4b6162f0 count:1
V/mtest   (10406): endpointcome
V/mtest   (10406): endpointarn:aws:sns:us-east-1:419081974068:endpoint/GCM/TinyFaxAndroid/06f5baf6-981f-34ab-9497-f4fd82d18ab4
E/syncinfo(10406): Startadsfa0
V/mtest   (10406): inittoken
I/System.out(10406): body:<com.amazonaws.AmazonWebServiceClient: java.net.URI toURI(java.lang.String)>	sig:specialinvoke $r7.<java.net.URI: void <init>(java.lang.String)>($r1)	timediff:0
I/System.out(10406): body:<com.amazonaws.AmazonWebServiceClient: com.amazonaws.auth.Signer computeSignerByURI(java.net.URI,java.lang.String,boolean)>	sig:$r5 = virtualinvoke $r1.<java.net.URI: java.lang.String getHost()>()	timediff:0
I/System.out(10406): body:<com.amazonaws.AmazonWebServiceClient: java.net.URI toURI(java.lang.String)>	sig:specialinvoke $r7.<java.net.URI: void <init>(java.lang.String)>($r1)	timediff:0
D/CognitoCachingCredentialsProvider(10406): Loading credentials from SharedPreferences
V/mtest   (10406): inittoken111
E/sdfa    (10406): us-east-1:7a87b11c-bf46-40d6-bf42-61b54452af69
I/System.out(10406): body:<com.amazonaws.AmazonWebServiceClient: java.net.URI toURI(java.lang.String)>	sig:specialinvoke $r7.<java.net.URI: void <init>(java.lang.String)>($r1)	timediff:0
I/System.out(10406): body:<com.amazonaws.AmazonWebServiceClient: com.amazonaws.auth.Signer computeSignerByURI(java.net.URI,java.lang.String,boolean)>	sig:$r5 = virtualinvoke $r1.<java.net.URI: java.lang.String getHost()>()	timediff:0
I/System.out(10406): body:<com.amazonaws.AmazonWebServiceClient: java.net.URI toURI(java.lang.String)>	sig:specialinvoke $r7.<java.net.URI: void <init>(java.lang.String)>($r1)	timediff:0
E/isre    (10406): {}'
E/id      (10406): falseasdfd
D/DefaultDataset(10406): start to synchronize DataSet_CreditsHistory
D/DefaultDataset(10406): get latest modified records since 2
I/System.out(10406): body:<com.amazonaws.AmazonWebServiceClient: com.amazonaws.auth.Signer computeSignerByURI(java.net.URI,java.lang.String,boolean)>	sig:$r5 = virtualinvoke $r1.<java.net.URI: java.lang.String getHost()>()	timediff:0
I/System.out(10406): body:<com.amazonaws.auth.AWS4Signer: void addHostHeader(com.amazonaws.Request)>	sig:$r4 = virtualinvoke $r3.<java.net.URI: java.lang.String getHost()>()	timediff:0
I/System.out(10406): body:<com.amazonaws.util.HttpUtils: boolean isUsingNonDefaultPort(java.net.URI)>	sig:$r1 = virtualinvoke $r0.<java.net.URI: java.lang.String getScheme()>()	timediff:0
I/System.out(10406): body:<com.amazonaws.util.HttpUtils: boolean isUsingNonDefaultPort(java.net.URI)>	sig:$i0 = virtualinvoke $r0.<java.net.URI: int getPort()>()	timediff:0
I/System.out(10406): body:<com.amazonaws.auth.AWS4Signer: java.lang.String getCanonicalRequest(com.amazonaws.Request,java.lang.String)>	sig:$r4 = virtualinvoke $r3.<java.net.URI: java.lang.String getPath()>()	timediff:0
I/System.out(10406): body:<com.amazonaws.util.HttpUtils: java.lang.String urlEncode(java.lang.String,boolean)>	sig:$r0 = staticinvoke <java.net.URLEncoder: java.lang.String encode(java.lang.String,java.lang.String)>($r0, "UTF-8")	timediff:0
I/System.out(10406): body:<com.amazonaws.util.HttpUtils: java.lang.String urlEncode(java.lang.String,boolean)>	sig:$r0 = staticinvoke <java.net.URLEncoder: java.lang.String encode(java.lang.String,java.lang.String)>($r0, "UTF-8")	timediff:0
I/System.out(10406): body:<com.amazonaws.util.HttpUtils: java.lang.String urlEncode(java.lang.String,boolean)>	sig:$r0 = staticinvoke <java.net.URLEncoder: java.lang.String encode(java.lang.String,java.lang.String)>($r0, "UTF-8")	timediff:0
I/System.out(10406): body:<com.amazonaws.util.HttpUtils: java.lang.String urlEncode(java.lang.String,boolean)>	sig:$r0 = staticinvoke <java.net.URLEncoder: java.lang.String encode(java.lang.String,java.lang.String)>($r0, "UTF-8")	timediff:0
I/System.out(10406): body:<com.amazonaws.util.HttpUtils: java.lang.String urlEncode(java.lang.String,boolean)>	sig:$r0 = staticinvoke <java.net.URLEncoder: java.lang.String encode(java.lang.String,java.lang.String)>($r0, "UTF-8")	timediff:0
I/System.out(10406): body:<com.amazonaws.util.HttpUtils: java.lang.String urlEncode(java.lang.String,boolean)>	sig:$r0 = staticinvoke <java.net.URLEncoder: java.lang.String encode(java.lang.String,java.lang.String)>($r0, "UTF-8")	timediff:0
I/System.out(10406): body:<com.amazonaws.http.HttpRequestFactory: com.amazonaws.http.HttpRequest createHttpRequest(com.amazonaws.Request,com.amazonaws.ClientConfiguration,com.amazonaws.http.ExecutionContext)>	sig:$r6 = virtualinvoke $r7.<java.net.URI: java.lang.String toString()>()	timediff:5
I/System.out(10406): body:<com.amazonaws.util.HttpUtils: java.lang.String urlEncode(java.lang.String,boolean)>	sig:$r0 = staticinvoke <java.net.URLEncoder: java.lang.String encode(java.lang.String,java.lang.String)>($r0, "UTF-8")	timediff:0
I/System.out(10406): body:<com.amazonaws.util.HttpUtils: java.lang.String encodeParameters(com.amazonaws.Request)>	sig:$r9 = staticinvoke <java.net.URLEncoder: java.lang.String encode(java.lang.String,java.lang.String)>($r2, "UTF-8")	timediff:0
I/System.out(10406): body:<com.amazonaws.util.HttpUtils: java.lang.String encodeParameters(com.amazonaws.Request)>	sig:$r2 = staticinvoke <java.net.URLEncoder: java.lang.String encode(java.lang.String,java.lang.String)>($r2, "UTF-8")	timediff:0
I/System.out(10406): body:<com.amazonaws.util.HttpUtils: java.lang.String encodeParameters(com.amazonaws.Request)>	sig:$r9 = staticinvoke <java.net.URLEncoder: java.lang.String encode(java.lang.String,java.lang.String)>($r2, "UTF-8")	timediff:0
I/System.out(10406): body:<com.amazonaws.util.HttpUtils: java.lang.String encodeParameters(com.amazonaws.Request)>	sig:$r2 = staticinvoke <java.net.URLEncoder: java.lang.String encode(java.lang.String,java.lang.String)>($r2, "UTF-8")	timediff:1
I/System.out(10406): body:<com.amazonaws.http.HttpRequestFactory: void configureHeaders(java.util.Map,com.amazonaws.Request,com.amazonaws.http.ExecutionContext,com.amazonaws.ClientConfiguration)>	sig:$r7 = virtualinvoke $r6.<java.net.URI: java.lang.String getHost()>()	timediff:1
I/System.out(10406): body:<com.amazonaws.util.HttpUtils: boolean isUsingNonDefaultPort(java.net.URI)>	sig:$r1 = virtualinvoke $r0.<java.net.URI: java.lang.String getScheme()>()	timediff:0
I/System.out(10406): body:<com.amazonaws.util.HttpUtils: boolean isUsingNonDefaultPort(java.net.URI)>	sig:$i0 = virtualinvoke $r0.<java.net.URI: int getPort()>()	timediff:1
I/System.out(10406): body:<com.amazonaws.http.HttpRequestFactory: com.amazonaws.http.HttpRequest createHttpRequest(com.amazonaws.Request,com.amazonaws.ClientConfiguration,com.amazonaws.http.ExecutionContext)>	sig:$r7 = staticinvoke <java.net.URI: java.net.URI create(java.lang.String)>($r6)	timediff:0
I/System.out(10406): body:<com.amazonaws.http.UrlHttpClient: com.amazonaws.http.HttpResponse execute(com.amazonaws.http.HttpRequest)>	sig:$r3 = virtualinvoke $r2.<java.net.URI: java.net.URL toURL()>()	timediff:0
I/System.out(10406): body:<com.amazonaws.http.UrlHttpClient: com.amazonaws.http.HttpResponse execute(com.amazonaws.http.HttpRequest)>	sig:$r4 = virtualinvoke $r3.<java.net.URL: java.net.URLConnection openConnection()>()	timediff:1
I/System.out(10406): body:<com.amazonaws.http.UrlHttpClient: void configureConnection(java.net.HttpURLConnection)>	sig:virtualinvoke $r1.<java.net.HttpURLConnection: void setConnectTimeout(int)>($i0)	timediff:0
I/System.out(10406): body:<com.amazonaws.http.UrlHttpClient: void configureConnection(java.net.HttpURLConnection)>	sig:virtualinvoke $r1.<java.net.HttpURLConnection: void setReadTimeout(int)>($i0)	timediff:0
I/System.out(10406): body:<com.amazonaws.http.UrlHttpClient: void configureConnection(java.net.HttpURLConnection)>	sig:virtualinvoke $r1.<java.net.HttpURLConnection: void setInstanceFollowRedirects(boolean)>(0)	timediff:0
I/System.out(10406): body:<com.amazonaws.http.UrlHttpClient: java.net.HttpURLConnection applyHeadersAndMethod(com.amazonaws.http.HttpRequest,java.net.HttpURLConnection)>	sig:virtualinvoke $r2.<java.net.HttpURLConnection: void setRequestProperty(java.lang.String,java.lang.String)>($r8, $r9)	timediff:0
I/System.out(10406): body:<com.amazonaws.http.UrlHttpClient: java.net.HttpURLConnection applyHeadersAndMethod(com.amazonaws.http.HttpRequest,java.net.HttpURLConnection)>	sig:virtualinvoke $r2.<java.net.HttpURLConnection: void setRequestProperty(java.lang.String,java.lang.String)>($r8, $r9)	timediff:0
I/System.out(10406): body:<com.amazonaws.http.UrlHttpClient: java.net.HttpURLConnection applyHeadersAndMethod(com.amazonaws.http.HttpRequest,java.net.HttpURLConnection)>	sig:virtualinvoke $r2.<java.net.HttpURLConnection: void setRequestProperty(java.lang.String,java.lang.String)>($r8, $r9)	timediff:0
I/System.out(10406): body:<com.amazonaws.http.UrlHttpClient: java.net.HttpURLConnection applyHeadersAndMethod(com.amazonaws.http.HttpRequest,java.net.HttpURLConnection)>	sig:virtualinvoke $r2.<java.net.HttpURLConnection: void setRequestProperty(java.lang.String,java.lang.String)>($r8, $r9)	timediff:0
I/System.out(10406): body:<com.amazonaws.http.UrlHttpClient: java.net.HttpURLConnection applyHeadersAndMethod(com.amazonaws.http.HttpRequest,java.net.HttpURLConnection)>	sig:virtualinvoke $r2.<java.net.HttpURLConnection: void setRequestProperty(java.lang.String,java.lang.String)>($r8, $r9)	timediff:2
I/System.out(10406): body:<com.amazonaws.http.UrlHttpClient: java.net.HttpURLConnection applyHeadersAndMethod(com.amazonaws.http.HttpRequest,java.net.HttpURLConnection)>	sig:virtualinvoke $r2.<java.net.HttpURLConnection: void setRequestProperty(java.lang.String,java.lang.String)>($r8, $r9)	timediff:1
I/System.out(10406): body:<com.amazonaws.http.UrlHttpClient: java.net.HttpURLConnection applyHeadersAndMethod(com.amazonaws.http.HttpRequest,java.net.HttpURLConnection)>	sig:virtualinvoke $r2.<java.net.HttpURLConnection: void setRequestProperty(java.lang.String,java.lang.String)>($r8, $r9)	timediff:0
I/System.out(10406): body:<com.amazonaws.http.UrlHttpClient: java.net.HttpURLConnection applyHeadersAndMethod(com.amazonaws.http.HttpRequest,java.net.HttpURLConnection)>	sig:virtualinvoke $r2.<java.net.HttpURLConnection: void setRequestMethod(java.lang.String)>($r9)	timediff:0
W/EGL_emulation(10406): eglSurfaceAttrib not implemented 3093 12436
W/EGL_emulation(  532): eglSurfaceAttrib not implemented 3093 12436
I/ActivityManager(  464): Displayed com.appxy.tinyfax/com.example.faxtest.Activity_MainPad: +352ms (total +541ms)
I/WindowManager(  464): Screen frozen for +541ms due to Window{4a983d18 u0 StatusBar}
W/IInputConnectionWrapper(  681): showStatusIcon on inactive InputConnection
