W/InputEventReceiver(32078): Attempted to finish an input event but the input event receiver has already been disposed.
W/ViewRootImpl(32078): Dropping event due to root view being removed: MotionEvent { action=ACTION_MOVE, id[0]=0, x[0]=1.0, y[0]=-3.0, toolType[0]=TOOL_TYPE_UNKNOWN, buttonState=0, metaState=0, flags=0x0, edgeFlags=0x0, pointerCount=1, historySize=0, eventTime=13934963, downTime=-1, deviceId=0, source=0x10004 }
W/EGL_emulation(32078): eglSurfaceAttrib not implemented 3093 12436
W/ViewRootImpl(32078): Dropping event due to no window focus: MotionEvent { action=ACTION_MOVE, id[0]=0, x[0]=-3.0, y[0]=-4.0, toolType[0]=TOOL_TYPE_UNKNOWN, buttonState=0, metaState=0, flags=0x0, edgeFlags=0x0, pointerCount=1, historySize=15, eventTime=13935003, downTime=-1, deviceId=0, source=0x10004 }
W/SocketClient(  163): write error (Broken pipe)
W/ViewRootImpl(32078): Dropping event due to no window focus: MotionEvent { action=ACTION_DOWN, id[0]=0, x[0]=0.0, y[0]=0.0, toolType[0]=TOOL_TYPE_UNKNOWN, buttonState=0, metaState=0, flags=0x0, edgeFlags=0x0, pointerCount=1, historySize=0, eventTime=13935003, downTime=13934988, deviceId=0, source=0x10004 }
W/ViewRootImpl(32078): Dropping event due to no window focus: KeyEvent { action=ACTION_DOWN, keyCode=KEYCODE_MENU, scanCode=0, metaState=0, flags=0x8, repeatCount=0, eventTime=13935006, downTime=13935006, deviceId=-1, source=0x101 }
W/ViewRootImpl(32078): Dropping event due to no window focus: KeyEvent { action=ACTION_DOWN, keyCode=KEYCODE_F6, scanCode=0, metaState=0, flags=0x8, repeatCount=0, eventTime=13935073, downTime=13935073, deviceId=-1, source=0x101 }
W/ViewRootImpl(32078): Dropping event due to no window focus: KeyEvent { action=ACTION_DOWN, keyCode=KEYCODE_DPAD_CENTER, scanCode=0, metaState=0, flags=0x8, repeatCount=0, eventTime=13935082, downTime=13935082, deviceId=-1, source=0x101 }
W/InputMethodManagerService(  464): Window already focused, ignoring focus gain of: com.android.internal.view.IInputMethodClient$Stub$Proxy@4ad23454 attribute=null, token = android.os.BinderProxy@4aa0b14c
I/ActivityManager(  464): START u0 {act=android.intent.action.MAIN cat=[android.intent.category.LAUNCHER] flg=0x10000000 sel={act=android.intent.action.MAIN cat=[android.intent.category.APP_MUSIC]}} from pid 464
I/AVC     (32078): b88119c0
W/InputEventReceiver(32078): Attempted to finish an input event but the input event receiver has already been disposed.
D/com.distriqt.NativeWebView(32078): NativeWebView::onPageFinished( ... , file:///data/data/air.com.launchday.mobile.plantsvszombies/com.launchday.mobile.plantsvszombies/Local%20Store/html/tutorial.html )
D/com.distriqt.NativeWebView(32078): NativeWebView::internalJavascript( try { AirBridge.setUseWindowLocation(false); } catch(error) {} )
W/EGL_emulation(32078): eglSurfaceAttrib not implemented 3093 12436
I/System.out(32078): body:<com.adobe.air.AndroidProxySelector: java.lang.String getProxyUrl(java.lang.String)>	sig:specialinvoke $r1.<java.net.URI: void <init>(java.lang.String)>($r0)	timediff:0
I/System.out(32078): body:<com.adobe.air.AndroidProxySelector: java.lang.String getProxyUrl(java.lang.String)>	sig:$r2 = staticinvoke <java.net.ProxySelector: java.net.ProxySelector getDefault()>()	timediff:0
I/System.out(32078): body:<com.adobe.air.AndroidProxySelector: java.lang.String getProxyUrl(java.lang.String)>	sig:$r3 = virtualinvoke $r2.<java.net.ProxySelector: java.util.List select(java.net.URI)>($r1)	timediff:0
W/InputMethodManagerService(  464): Window already focused, ignoring focus gain of: com.android.internal.view.IInputMethodClient$Stub$Proxy@4a8c4f88 attribute=null, token = android.os.BinderProxy@4aa0b14c
D/dalvikvm(32078): GC_CONCURRENT freed 334K, 16% free 4075K/4828K, paused 2ms+3ms, total 8ms
W/SocketClient(  163): write error (Broken pipe)
W/InputMethodManagerService(  464): Window already focused, ignoring focus gain of: com.android.internal.view.IInputMethodClient$Stub$Proxy@4a9de660 attribute=null, token = android.os.BinderProxy@4aa0b14c
I/AVC     (32078): b88119c0
W/ViewRootImpl(32078): Dropping event due to no window focus: MotionEvent { action=ACTION_MOVE, id[0]=0, x[0]=1.0, y[0]=-4.0, toolType[0]=TOOL_TYPE_UNKNOWN, buttonState=0, metaState=0, flags=0x0, edgeFlags=0x0, pointerCount=1, historySize=1, eventTime=13935444, downTime=-1, deviceId=0, source=0x10004 }
W/EGL_emulation(32078): eglSurfaceAttrib not implemented 3093 12436
W/InputMethodManagerService(  464): Window already focused, ignoring focus gain of: com.android.internal.view.IInputMethodClient$Stub$Proxy@4aadabd0 attribute=null, token = android.os.BinderProxy@4aa0b14c
I/AVC     (32078): b88119c0
I/AVC     (32078): b88119c0
I/AVC     (32078): b88119c0
I/AVC     (32078): b88119c0
W/ViewRootImpl(32078): Dropping event due to no window focus: KeyEvent { action=ACTION_DOWN, keyCode=KEYCODE_MENU, scanCode=0, metaState=0, flags=0x8, repeatCount=0, eventTime=13935988, downTime=13935988, deviceId=-1, source=0x101 }
W/EGL_emulation(32078): eglSurfaceAttrib not implemented 3093 12436
I/ActivityManager(  464): START u0 {act=android.intent.action.MAIN cat=[android.intent.category.HOME] flg=0x10200000 cmp=com.vphone.launcher/.Launcher} from pid 464
W/InputMethodManagerService(  464): Window already focused, ignoring focus gain of: com.android.internal.view.IInputMethodClient$Stub$Proxy@4aa0dd8c attribute=null, token = android.os.BinderProxy@4aa0b14c
W/ViewRootImpl(32078): Dropping event due to no window focus: KeyEvent { action=ACTION_DOWN, keyCode=KEYCODE_MENU, scanCode=0, metaState=0, flags=0x8, repeatCount=0, eventTime=13936152, downTime=13936152, deviceId=-1, source=0x101 }
W/ViewRootImpl(32078): Dropping event due to no window focus: KeyEvent { action=ACTION_DOWN, keyCode=KEYCODE_DPAD_UP, scanCode=0, metaState=0, flags=0x8, repeatCount=0, eventTime=13936163, downTime=13936163, deviceId=-1, source=0x101 }
W/ViewRootImpl(32078): Dropping event due to no window focus: KeyEvent { action=ACTION_DOWN, keyCode=KEYCODE_WINDOW, scanCode=0, metaState=0, flags=0x8, repeatCount=0, eventTime=13936169, downTime=13936169, deviceId=-1, source=0x101 }
W/ViewRootImpl(32078): Dropping event due to no window focus: KeyEvent { action=ACTION_DOWN, keyCode=KEYCODE_DPAD_RIGHT, scanCode=0, metaState=0, flags=0x8, repeatCount=0, eventTime=13936177, downTime=13936177, deviceId=-1, source=0x101 }
W/ViewRootImpl(32078): Dropping event due to no window focus: KeyEvent { action=ACTION_DOWN, keyCode=KEYCODE_DPAD_LEFT, scanCode=0, metaState=0, flags=0x8, repeatCount=0, eventTime=13936196, downTime=13936196, deviceId=-1, source=0x101 }
I/AVC     (32078): b88119c0
W/ViewRootImpl(32078): Dropping event due to no window focus: KeyEvent { action=ACTION_DOWN, keyCode=KEYCODE_DPAD_UP, scanCode=0, metaState=0, flags=0x8, repeatCount=0, eventTime=13936208, downTime=13936208, deviceId=-1, source=0x101 }
I/AVC     (32078): b88119c0
W/ViewRootImpl(32078): Dropping event due to no window focus: MotionEvent { action=ACTION_MOVE, id[0]=0, x[0]=4.0, y[0]=2.0, toolType[0]=TOOL_TYPE_UNKNOWN, buttonState=0, metaState=0, flags=0x0, edgeFlags=0x0, pointerCount=1, historySize=4, eventTime=13936226, downTime=-1, deviceId=0, source=0x10004 }
W/EGL_emulation(32078): eglSurfaceAttrib not implemented 3093 12436
I/AVC     (32078): b88119c0
I/AVC     (32078): b88119c0
I/AVC     (32078): b88119c0
W/InputMethodManagerService(  464): Window already focused, ignoring focus gain of: com.android.internal.view.IInputMethodClient$Stub$Proxy@4aa31868 attribute=null, token = android.os.BinderProxy@4aa0b14c
I/AVC     (32078): b88119c0
W/EGL_emulation(32078): eglSurfaceAttrib not implemented 3093 12436
I/AVC     (32078): b88119c0
I/AVC     (32078): b88119c0
I/AVC     (32078): b88119c0
W/ViewRootImpl(32078): Dropping event due to no window focus: KeyEvent { action=ACTION_MULTIPLE, keyCode=KEYCODE_DPAD_UP, scanCode=0, metaState=0, flags=0x400, repeatCount=2, eventTime=13936698, downTime=13936698, deviceId=-1, source=0x101 }
W/ViewRootImpl(32078): Dropping event due to no window focus: KeyEvent { action=ACTION_DOWN, keyCode=KEYCODE_DPAD_UP, scanCode=0, metaState=0, flags=0x400, repeatCount=0, eventTime=13936698, downTime=13936698, deviceId=-1, source=0x101 }
W/ViewRootImpl(32078): Dropping event due to no window focus: KeyEvent { action=ACTION_DOWN, keyCode=KEYCODE_DPAD_UP, scanCode=0, metaState=0, flags=0x400, repeatCount=0, eventTime=13936698, downTime=13936698, deviceId=-1, source=0x101 }
W/ViewRootImpl(32078): Dropping event due to no window focus: KeyEvent { action=ACTION_DOWN, keyCode=KEYCODE_DPAD_UP, scanCode=0, metaState=0, flags=0x400, repeatCount=0, eventTime=13936698, downTime=13936698, deviceId=-1, source=0x101 }
W/ViewRootImpl(32078): Dropping event due to no window focus: KeyEvent { action=ACTION_DOWN, keyCode=KEYCODE_DPAD_UP, scanCode=0, metaState=0, flags=0x400, repeatCount=0, eventTime=13936698, downTime=13936698, deviceId=-1, source=0x101 }
W/ViewRootImpl(32078): Dropping event due to no window focus: KeyEvent { action=ACTION_DOWN, keyCode=KEYCODE_DPAD_DOWN, scanCode=0, metaState=0, flags=0x8, repeatCount=0, eventTime=13936880, downTime=13936880, deviceId=-1, source=0x101 }
I/ActivityManager(  464): START u0 {act=android.intent.action.MAIN cat=[android.intent.category.LAUNCHER] flg=0x10200000 cmp=air.com.launchday.mobile.plantsvszombies/.AppEntry} from pid 32068
W/InputMethodManagerService(  464): Window already focused, ignoring focus gain of: com.android.internal.view.IInputMethodClient$Stub$Proxy@4a904fbc attribute=null, token = android.os.BinderProxy@4aa0b14c
D/com.distriqt.Dialog(32078): ProgressDialogController::dismissProgressDialog( 123 )
D/com.distriqt.Application::GetDeactivateCodeFunction(32078): call()
D/com.distriqt.Application::ApplicationStateMonitor(32078): getDeactivateCode(): isScreenOn=true ACTION_SCREEN_OFF=false
D/com.distriqt.NativeWebView(32078): NativeWebView::positionAndResizeView()
I/System.out(32078): body:<com.adobe.air.AndroidProxySelector: java.lang.String getProxyUrl(java.lang.String)>	sig:specialinvoke $r1.<java.net.URI: void <init>(java.lang.String)>($r0)	timediff:0
I/System.out(32078): body:<com.adobe.air.AndroidProxySelector: java.lang.String getProxyUrl(java.lang.String)>	sig:$r2 = staticinvoke <java.net.ProxySelector: java.net.ProxySelector getDefault()>()	timediff:0
I/System.out(32078): body:<com.adobe.air.AndroidProxySelector: java.lang.String getProxyUrl(java.lang.String)>	sig:$r3 = virtualinvoke $r2.<java.net.ProxySelector: java.util.List select(java.net.URI)>($r1)	timediff:0
W/SocketClient(  163): write error (Broken pipe)
I/AVC     (32078): b88119c0
I/AVC     (32078): b88119c0
I/AVC     (32078): b88119c0
I/AVC     (32078): b88119c0
I/System.out(32078): body:<com.adobe.air.AndroidProxySelector: java.lang.String getProxyUrl(java.lang.String)>	sig:specialinvoke $r1.<java.net.URI: void <init>(java.lang.String)>($r0)	timediff:1
I/System.out(32078): body:<com.adobe.air.AndroidProxySelector: java.lang.String getProxyUrl(java.lang.String)>	sig:$r2 = staticinvoke <java.net.ProxySelector: java.net.ProxySelector getDefault()>()	timediff:0
I/System.out(32078): body:<com.adobe.air.AndroidProxySelector: java.lang.String getProxyUrl(java.lang.String)>	sig:$r3 = virtualinvoke $r2.<java.net.ProxySelector: java.util.List select(java.net.URI)>($r1)	timediff:0
D/dalvikvm(32078): GC_CONCURRENT freed 374K, 16% free 4085K/4828K, paused 2ms+0ms, total 4ms
V/PanelView(  532): animationTick called with dtms=0; nothing to do (h=0.0 v=-0.0)
I/ActivityManager(  464): START u0 {act=android.intent.action.CALL_BUTTON flg=0x10000000} from pid 32078
W/PhoneFallbackEventHandler(32078): No activity found for android.intent.action.CALL_BUTTON.
I/AVC     (32078): b88119c0
W/ViewRootImpl(32078): Dropping event due to no window focus: MotionEvent { action=ACTION_MOVE, id[0]=0, x[0]=-2.0, y[0]=2.0, toolType[0]=TOOL_TYPE_UNKNOWN, buttonState=0, metaState=0, flags=0x0, edgeFlags=0x0, pointerCount=1, historySize=0, eventTime=13937261, downTime=-1, deviceId=0, source=0x10004 }
W/EGL_emulation(32078): eglSurfaceAttrib not implemented 3093 12436
I/AVC     (32078): b88119c0
I/System.out(32078): body:<com.adobe.air.AndroidProxySelector: java.lang.String getProxyUrl(java.lang.String)>	sig:specialinvoke $r1.<java.net.URI: void <init>(java.lang.String)>($r0)	timediff:0
I/System.out(32078): body:<com.adobe.air.AndroidProxySelector: java.lang.String getProxyUrl(java.lang.String)>	sig:$r2 = staticinvoke <java.net.ProxySelector: java.net.ProxySelector getDefault()>()	timediff:0
I/System.out(32078): body:<com.adobe.air.AndroidProxySelector: java.lang.String getProxyUrl(java.lang.String)>	sig:$r3 = virtualinvoke $r2.<java.net.ProxySelector: java.util.List select(java.net.URI)>($r1)	timediff:0
W/InputEventReceiver(32078): Attempted to finish an input event but the input event receiver has already been disposed.
W/EGL_emulation(32078): eglSurfaceAttrib not implemented 3093 12436
W/ViewRootImpl(32078): Dropping event due to no window focus: KeyEvent { action=ACTION_DOWN, keyCode=KEYCODE_DPAD_LEFT, scanCode=0, metaState=0, flags=0x8, repeatCount=0, eventTime=13937502, downTime=13937502, deviceId=-1, source=0x101 }
W/InputMethodManagerService(  464): Window already focused, ignoring focus gain of: com.android.internal.view.IInputMethodClient$Stub$Proxy@4acc3cf4 attribute=null, token = android.os.BinderProxy@4aa0b14c
W/ViewRootImpl(32078): Dropping event due to no window focus: KeyEvent { action=ACTION_DOWN, keyCode=KEYCODE_MENU, scanCode=0, metaState=0, flags=0x8, repeatCount=0, eventTime=13937590, downTime=13937590, deviceId=-1, source=0x101 }
I/AVC     (32078): b88119c0
W/InputEventReceiver(32078): Attempted to finish an input event but the input event receiver has already been disposed.
W/InputEventReceiver(32078): Attempted to finish an input event but the input event receiver has already been disposed.
W/InputEventReceiver(32078): Attempted to finish an input event but the input event receiver has already been disposed.
W/ViewRootImpl(32078): Dropping event due to root view being removed: MotionEvent { action=ACTION_DOWN, id[0]=0, x[0]=1209.0, y[0]=-509.0, toolType[0]=TOOL_TYPE_UNKNOWN, buttonState=0, metaState=0, flags=0x0, edgeFlags=0x0, pointerCount=1, historySize=0, eventTime=13937805, downTime=13937805, deviceId=0, source=0x1002 }
W/ViewRootImpl(32078): Dropping event due to root view being removed: MotionEvent { action=ACTION_UP, id[0]=0, x[0]=1208.7316, y[0]=-502.54346, toolType[0]=TOOL_TYPE_UNKNOWN, buttonState=0, metaState=0, flags=0x0, edgeFlags=0x0, pointerCount=1, historySize=0, eventTime=13937806, downTime=13937805, deviceId=0, source=0x1002 }
W/ViewRootImpl(32078): Dropping event due to no window focus: KeyEvent { action=ACTION_DOWN, keyCode=KEYCODE_DPAD_DOWN, scanCode=0, metaState=0, flags=0x8, repeatCount=0, eventTime=13937855, downTime=13937855, deviceId=-1, source=0x101 }
I/System.out(32078): body:<com.adobe.air.AndroidProxySelector: java.lang.String getProxyUrl(java.lang.String)>	sig:specialinvoke $r1.<java.net.URI: void <init>(java.lang.String)>($r0)	timediff:0
I/System.out(32078): body:<com.adobe.air.AndroidProxySelector: java.lang.String getProxyUrl(java.lang.String)>	sig:$r2 = staticinvoke <java.net.ProxySelector: java.net.ProxySelector getDefault()>()	timediff:0
I/System.out(32078): body:<com.adobe.air.AndroidProxySelector: java.lang.String getProxyUrl(java.lang.String)>	sig:$r3 = virtualinvoke $r2.<java.net.ProxySelector: java.util.List select(java.net.URI)>($r1)	timediff:1
W/ViewRootImpl(32078): Dropping event due to no window focus: KeyEvent { action=ACTION_DOWN, keyCode=KEYCODE_F, scanCode=0, metaState=0, flags=0x8, repeatCount=0, eventTime=13937960, downTime=13937960, deviceId=-1, source=0x101 }
W/EGL_emulation(32078): eglSurfaceAttrib not implemented 3093 12436
W/SocketClient(  163): write error (Broken pipe)
W/InputMethodManagerService(  464): Window already focused, ignoring focus gain of: com.android.internal.view.IInputMethodClient$Stub$Proxy@4a9a05fc attribute=null, token = android.os.BinderProxy@4aa0b14c
W/ViewRootImpl(32078): Dropping event due to no window focus: KeyEvent { action=ACTION_DOWN, keyCode=KEYCODE_DPAD_DOWN, scanCode=0, metaState=0, flags=0x8, repeatCount=0, eventTime=13937965, downTime=13937965, deviceId=-1, source=0x101 }
V/PanelView(  532): animationTick called with dtms=0; nothing to do (h=0.0 v=4500.0)
V/PanelView(  532): animationTick called with dtms=-2; nothing to do (h=0.0 v=4500.0)
W/WindowManager(  464): updateFocusedWindowLocked, focusedAppToken is null.
I/AVC     (32078): b88119c0
I/AVC     (32078): b88119c0
I/AVC     (32078): b88119c0
W/EGL_emulation(  532): eglSurfaceAttrib not implemented 3093 12436
W/ViewRootImpl(  532): Dropping event due to no window focus: KeyEvent { action=ACTION_DOWN, keyCode=KEYCODE_BUTTON_11, scanCode=0, metaState=0, flags=0x8, repeatCount=0, eventTime=13938161, downTime=13938161, deviceId=-1, source=0x101 }
I/ActivityManager(  464): START u0 {act=android.intent.action.VIEW dat=content://media/external/images/media/190 typ=image/png flg=0x10000000 cmp=android/com.android.internal.app.ResolverActivity bnds=[0,77][1280,461]} from pid -1
V/PanelView(  532): animationTick called with dtms=0; nothing to do (h=720.0 v=-3000.0)
W/InputMethodManagerService(  464): Window already focused, ignoring focus gain of: com.android.internal.view.IInputMethodClient$Stub$Proxy@4adb5f38 attribute=null, token = android.os.BinderProxy@4aa0b14c
V/PanelView(  532): animationTick called with dtms=0; nothing to do (h=701.892 v=-0.0)
V/PanelView(  532): animationTick called with dtms=0; nothing to do (h=701.892 v=-3000.0)
I/ActivityManager(  464): START u0 {act=android.intent.action.VIEW dat=content://media/external/images/media/190 typ=image/png flg=0x10000000 cmp=android/com.android.internal.app.ResolverActivity bnds=[0,77][1280,461]} from pid -1
V/PanelView(  532): animationTick called with dtms=0; nothing to do (h=701.892 v=-3000.0)
V/PanelView(  532): animationTick called with dtms=-7; nothing to do (h=701.892 v=-3000.0)
I/ActivityManager(  464): START u0 {act=android.intent.action.VIEW dat=content://media/external/images/media/190 typ=image/png flg=0x10000000 cmp=android/com.android.internal.app.ResolverActivity bnds=[0,77][1280,461]} from pid -1
V/PanelView(  532): animationTick called with dtms=0; nothing to do (h=701.892 v=-3000.0)
V/PanelView(  532): animationTick called with dtms=0; nothing to do (h=701.892 v=-3000.0)
I/ActivityManager(  464): START u0 {act=android.intent.action.VIEW dat=content://media/external/images/media/190 typ=image/png flg=0x10000000 cmp=android/com.android.internal.app.ResolverActivity bnds=[0,77][1280,461]} from pid -1
V/PanelView(  532): animationTick called with dtms=0; nothing to do (h=701.892 v=-0.0)
V/PanelView(  532): animationTick called with dtms=0; nothing to do (h=700.04584 v=-0.0)
V/PanelView(  532): animationTick called with dtms=-11; nothing to do (h=700.04584 v=-0.0)
W/ViewRootImpl(32078): Dropping event due to no window focus: KeyEvent { action=ACTION_DOWN, keyCode=KEYCODE_DPAD_CENTER, scanCode=0, metaState=0, flags=0x8, repeatCount=0, eventTime=13938729, downTime=13938729, deviceId=-1, source=0x101 }
V/PanelView(  532): animationTick called with dtms=0; nothing to do (h=700.04584 v=-0.0)
V/PanelView(  532): animationTick called with dtms=-1; nothing to do (h=700.04584 v=-0.0)
W/EGL_emulation(32078): eglSurfaceAttrib not implemented 3093 12436
I/ActivityManager(  464): START u0 {act=android.intent.action.MAIN cat=[android.intent.category.LAUNCHER] flg=0x10200000 cmp=air.com.launchday.mobile.plantsvszombies/.AppEntry} from pid 32068
D/com.distriqt.Dialog(32078): ProgressDialogController::dismissProgressDialog( 123 )
D/com.distriqt.Application::GetDeactivateCodeFunction(32078): call()
D/com.distriqt.Application::ApplicationStateMonitor(32078): getDeactivateCode(): isScreenOn=true ACTION_SCREEN_OFF=false
D/com.distriqt.NativeWebView(32078): NativeWebView::positionAndResizeView()
V/PanelView(  532): animationTick called with dtms=0; nothing to do (h=659.64484 v=0.0)
V/PanelView(  532): animationTick called with dtms=-6; nothing to do (h=659.64484 v=0.0)
I/System.out(32078): body:<com.adobe.air.AndroidProxySelector: java.lang.String getProxyUrl(java.lang.String)>	sig:specialinvoke $r1.<java.net.URI: void <init>(java.lang.String)>($r0)	timediff:0
I/System.out(32078): body:<com.adobe.air.AndroidProxySelector: java.lang.String getProxyUrl(java.lang.String)>	sig:$r2 = staticinvoke <java.net.ProxySelector: java.net.ProxySelector getDefault()>()	timediff:0
I/System.out(32078): body:<com.adobe.air.AndroidProxySelector: java.lang.String getProxyUrl(java.lang.String)>	sig:$r3 = virtualinvoke $r2.<java.net.ProxySelector: java.util.List select(java.net.URI)>($r1)	timediff:0
D/dalvikvm(32078): GC_CONCURRENT freed 420K, 16% free 4081K/4828K, paused 3ms+0ms, total 7ms
I/ActivityManager(  464): START u0 {act=android.intent.action.MAIN cat=[android.intent.category.HOME] flg=0x10200000 cmp=com.vphone.launcher/.Launcher} from pid 464
W/SocketClient(  163): write error (Broken pipe)
V/PanelView(  532): animationTick called with dtms=0; nothing to do (h=624.7938 v=-0.0)
V/PanelView(  532): animationTick called with dtms=-3; nothing to do (h=624.7938 v=-0.0)
V/PanelView(  532): animationTick called with dtms=0; nothing to do (h=644.225 v=0.0)
V/PanelView(  532): animationTick called with dtms=0; nothing to do (h=644.225 v=-3000.0)
I/System.out(32078): body:<com.adobe.air.AndroidProxySelector: java.lang.String getProxyUrl(java.lang.String)>	sig:specialinvoke $r1.<java.net.URI: void <init>(java.lang.String)>($r0)	timediff:0
I/System.out(32078): body:<com.adobe.air.AndroidProxySelector: java.lang.String getProxyUrl(java.lang.String)>	sig:$r2 = staticinvoke <java.net.ProxySelector: java.net.ProxySelector getDefault()>()	timediff:0
I/System.out(32078): body:<com.adobe.air.AndroidProxySelector: java.lang.String getProxyUrl(java.lang.String)>	sig:$r3 = virtualinvoke $r2.<java.net.ProxySelector: java.util.List select(java.net.URI)>($r1)	timediff:0
V/PanelView(  532): animationTick called with dtms=0; nothing to do (h=620.03296 v=-0.0)
V/PanelView(  532): animationTick called with dtms=0; nothing to do (h=620.03296 v=-3000.0)
V/PanelView(  532): animationTick called with dtms=-5; nothing to do (h=620.03296 v=-3000.0)
W/InputMethodManagerService(  464): Window already focused, ignoring focus gain of: com.android.internal.view.IInputMethodClient$Stub$Proxy@4acc71f0 attribute=null, token = android.os.BinderProxy@4aa0b14c
V/FlingTracker(  532): computeCurrentVelocity warning: totalweight=0
V/FlingTracker(  532): java.lang.Throwable
V/FlingTracker(  532): 	at com.android.systemui.statusbar.phone.PanelView$FlingTracker.computeCurrentVelocity(PanelView.java:162)
V/FlingTracker(  532): 	at com.android.systemui.statusbar.phone.PanelView$3.onTouch(PanelView.java:462)
V/FlingTracker(  532): 	at android.view.View.dispatchTouchEvent(View.java:7701)
V/FlingTracker(  532): 	at com.android.systemui.statusbar.phone.NotificationPanelView.onTouchEvent(NotificationPanelView.java:138)
V/FlingTracker(  532): 	at android.view.View.dispatchTouchEvent(View.java:7706)
V/FlingTracker(  532): 	at android.view.ViewGroup.dispatchTransformedTouchEvent(ViewGroup.java:2210)
V/FlingTracker(  532): 	at android.view.ViewGroup.dispatchTouchEvent(ViewGroup.java:1945)
V/FlingTracker(  532): 	at android.view.ViewGroup.dispatchTransformedTouchEvent(ViewGroup.java:2216)
V/FlingTracker(  532): 	at android.view.ViewGroup.dispatchTouchEvent(ViewGroup.java:1959)
V/FlingTracker(  532): 	at android.view.ViewGroup.dispatchTransformedTouchEvent(ViewGroup.java:2216)
V/FlingTracker(  532): 	at android.view.ViewGroup.dispatchTouchEvent(ViewGroup.java:1959)
V/FlingTracker(  532): 	at android.view.View.dispatchPointerEvent(View.java:7886)
V/FlingTracker(  532): 	at android.view.ViewRootImpl$ViewPostImeInputStage.processPointerEvent(ViewRootImpl.java:3978)
V/FlingTracker(  532): 	at android.view.ViewRootImpl$ViewPostImeInputStage.onProcess(ViewRootImpl.java:3857)
V/FlingTracker(  532): 	at android.view.ViewRootImpl$InputStage.deliver(ViewRootImpl.java:3423)
V/FlingTracker(  532): 	at android.view.ViewRootImpl$InputStage.onDeliverToNext(ViewRootImpl.java:3473)
V/FlingTracker(  532): 	at android.view.ViewRootImpl$InputStage.forward(ViewRootImpl.java:3442)
V/FlingTracker(  532): 	at android.view.ViewRootImpl$AsyncInputStage.forward(ViewRootImpl.java:3549)
V/FlingTracker(  532): 	at android.view.ViewRootImpl$InputStage.apply(ViewRootImpl.java:3450)
V/FlingTracker(  532): 	at android.view.ViewRootImpl$AsyncInputStage.apply(ViewRootImpl.java:3606)
V/FlingTracker(  532): 	at android.view.ViewRootImpl$InputStage.deliver(ViewRootImpl.java:3423)
V/FlingTracker(  532): 	at android.view.ViewRootImpl$InputStage.onDeliverToNext(ViewRootImpl.java:3473)
V/FlingTracker(  532): 	at android.view.ViewRootImpl$InputStage.forward(ViewRootImpl.java:3442)
V/FlingTracker(  532): 	at android.view.ViewRootImpl$InputStage.apply(ViewRootImpl.java:3450)
V/FlingTracker(  532): 	at android.view.ViewRootImpl$InputStage.deliver(ViewRootImpl.java:3423)
V/FlingTracker(  532): 	at android.view.ViewRootImpl.deliverInputEvent(ViewRootImpl.java:5626)
V/FlingTracker(  532): 	at android.view.ViewRootImpl.doProcessInputEvents(ViewRootImpl.java:5606)
V/FlingTracker(  532): 	at android.view.ViewRootImpl.enqueueInputEvent(ViewRootImpl.java:5577)
V/FlingTracker(  532): 	at android.view.ViewRootImpl$WindowInputEventReceiver.onInputEvent(ViewRootImpl.java:5706)
V/FlingTracker(  532): 	at android.view.InputEventReceiver.dispatchInputEvent(InputEventReceiver.java:185)
V/FlingTracker(  532): 	at android.os.MessageQueue.nativePollOnce(Native Method)
V/FlingTracker(  532): 	at android.os.MessageQueue.next(MessageQueue.java:138)
V/FlingTracker(  532): 	at android.os.Looper.loop(Looper.java:123)
V/FlingTracker(  532): 	at android.app.ActivityThread.main(ActivityThread.java:5019)
V/FlingTracker(  532): 	at java.lang.reflect.Method.invokeNative(Native Method)
V/FlingTracker(  532): 	at java.lang.reflect.Method.invoke(Method.java:515)
V/FlingTracker(  532): 	at com.android.internal.os.ZygoteInit$MethodAndArgsCaller.run(ZygoteInit.java:779)
V/FlingTracker(  532): 	at com.android.internal.os.ZygoteInit.main(ZygoteInit.java:595)
V/FlingTracker(  532): 	at dalvik.system.NativeStart.main(Native Method)
V/PanelView(  532): animationTick called with dtms=0; nothing to do (h=568.16595 v=0.0)
V/PanelView(  532): animationTick called with dtms=-5; nothing to do (h=568.16595 v=0.0)
I/AVC     (32078): b88119c0
I/ActivityManager(  464): moveTaskToBack: 461
I/System.out(32078): body:<com.adobe.air.AndroidProxySelector: java.lang.String getProxyUrl(java.lang.String)>	sig:specialinvoke $r1.<java.net.URI: void <init>(java.lang.String)>($r0)	timediff:0
I/System.out(32078): body:<com.adobe.air.AndroidProxySelector: java.lang.String getProxyUrl(java.lang.String)>	sig:$r2 = staticinvoke <java.net.ProxySelector: java.net.ProxySelector getDefault()>()	timediff:0
I/System.out(32078): body:<com.adobe.air.AndroidProxySelector: java.lang.String getProxyUrl(java.lang.String)>	sig:$r3 = virtualinvoke $r2.<java.net.ProxySelector: java.util.List select(java.net.URI)>($r1)	timediff:0
V/PanelView(  532): animationTick called with dtms=0; nothing to do (h=651.5239 v=2494.2673)
V/PanelView(  532): animationTick called with dtms=-7; nothing to do (h=651.5239 v=2494.2673)
W/SocketClient(  163): write error (Broken pipe)
W/EGL_emulation(32078): eglSurfaceAttrib not implemented 3093 12436
V/PanelView(  532): animationTick called with dtms=0; nothing to do (h=720.0 v=0.0)
W/ViewRootImpl(32078): Dropping event due to no window focus: KeyEvent { action=ACTION_DOWN, keyCode=KEYCODE_DPAD_DOWN, scanCode=0, metaState=0, flags=0x400, repeatCount=0, eventTime=13939654, downTime=13939654, deviceId=-1, source=0x101 }
W/ViewRootImpl(32078): Dropping event due to no window focus: KeyEvent { action=ACTION_DOWN, keyCode=KEYCODE_DPAD_DOWN, scanCode=0, metaState=0, flags=0x400, repeatCount=0, eventTime=13939655, downTime=13939655, deviceId=-1, source=0x101 }
W/ViewRootImpl(32078): Dropping event due to no window focus: KeyEvent { action=ACTION_DOWN, keyCode=KEYCODE_DPAD_DOWN, scanCode=0, metaState=0, flags=0x400, repeatCount=0, eventTime=13939655, downTime=13939655, deviceId=-1, source=0x101 }
I/System.out(32078): body:<com.adobe.air.AndroidProxySelector: java.lang.String getProxyUrl(java.lang.String)>	sig:specialinvoke $r1.<java.net.URI: void <init>(java.lang.String)>($r0)	timediff:0
I/System.out(32078): body:<com.adobe.air.AndroidProxySelector: java.lang.String getProxyUrl(java.lang.String)>	sig:$r2 = staticinvoke <java.net.ProxySelector: java.net.ProxySelector getDefault()>()	timediff:0
I/System.out(32078): body:<com.adobe.air.AndroidProxySelector: java.lang.String getProxyUrl(java.lang.String)>	sig:$r3 = virtualinvoke $r2.<java.net.ProxySelector: java.util.List select(java.net.URI)>($r1)	timediff:0
V/PanelView(  532): animationTick called with dtms=0; nothing to do (h=720.0 v=0.0)
V/PanelView(  532): animationTick called with dtms=0; nothing to do (h=720.0 v=0.0)
W/SocketClient(  163): write error (Broken pipe)
V/PanelView(  532): animationTick called with dtms=0; nothing to do (h=697.749 v=-0.0)
V/PanelView(  532): animationTick called with dtms=-15; nothing to do (h=697.749 v=-0.0)
V/PanelView(  532): animationTick called with dtms=0; nothing to do (h=697.35504 v=-0.0)
V/PanelView(  532): animationTick called with dtms=-2; nothing to do (h=697.35504 v=-0.0)
W/ViewRootImpl(32078): Dropping event due to no window focus: KeyEvent { action=ACTION_DOWN, keyCode=KEYCODE_DPAD_LEFT, scanCode=0, metaState=0, flags=0x8, repeatCount=0, eventTime=13939962, downTime=13939962, deviceId=-1, source=0x101 }
W/InputMethodManagerService(  464): Window already focused, ignoring focus gain of: com.android.internal.view.IInputMethodClient$Stub$Proxy@4aa25574 attribute=null, token = android.os.BinderProxy@4aa0b14c
W/EGL_emulation(32078): eglSurfaceAttrib not implemented 3093 12436
D/dalvikvm(32078): GC_CONCURRENT freed 403K, 16% free 4062K/4828K, paused 1ms+1ms, total 6ms
V/PanelView(  532): animationTick called with dtms=0; nothing to do (h=693.50867 v=-1682.6655)
V/PanelView(  532): animationTick called with dtms=-7; nothing to do (h=693.50867 v=-1682.6655)
V/PanelView(  532): animationTick called with dtms=0; nothing to do (h=693.50867 v=0.0)
V/PanelView(  532): animationTick called with dtms=-15; nothing to do (h=693.50867 v=0.0)
I/ActivityManager(  464): START u0 {act=android.intent.action.CALL_BUTTON flg=0x10000000} from pid 32078
W/PhoneFallbackEventHandler(32078): No activity found for android.intent.action.CALL_BUTTON.
V/PanelView(  532): animationTick called with dtms=0; nothing to do (h=693.50867 v=-3000.0)
V/PanelView(  532): animationTick called with dtms=-14; nothing to do (h=693.50867 v=-3000.0)
W/InputMethodManagerService(  464): Window already focused, ignoring focus gain of: com.android.internal.view.IInputMethodClient$Stub$Proxy@4a9afc00 attribute=null, token = android.os.BinderProxy@4aa0b14c
V/PanelView(  532): animationTick called with dtms=0; nothing to do (h=591.2417 v=-3000.0)
V/PanelView(  532): animationTick called with dtms=0; nothing to do (h=591.2417 v=-3000.0)
V/PanelView(  532): animationTick called with dtms=-11; nothing to do (h=591.2417 v=-3000.0)
V/PanelView(  532): animationTick called with dtms=0; nothing to do (h=591.2417 v=-3000.0)
V/PanelView(  532): animationTick called with dtms=0; nothing to do (h=591.2417 v=-3000.0)
V/PanelView(  532): animationTick called with dtms=0; nothing to do (h=591.2417 v=0.0)
V/PanelView(  532): animationTick called with dtms=-13; nothing to do (h=591.2417 v=0.0)
W/EGL_emulation(32078): eglSurfaceAttrib not implemented 3093 12436
V/PanelView(  532): animationTick called with dtms=0; nothing to do (h=695.99274 v=-0.0)
V/PanelView(  532): animationTick called with dtms=-16; nothing to do (h=695.99274 v=-0.0)
I/ActivityManager(  464): START u0 {act=android.intent.action.MAIN cat=[android.intent.category.LAUNCHER] flg=0x10000000 cmp=com.android.contacts/.activities.PeopleActivity sel={act=android.intent.action.MAIN cat=[android.intent.category.APP_CONTACTS]}} from pid 464
W/InputEventReceiver(32078): Attempted to finish an input event but the input event receiver has already been disposed.
W/ViewRootImpl(32078): Dropping event due to no window focus: KeyEvent { action=ACTION_DOWN, keyCode=KEYCODE_MENU, scanCode=0, metaState=0, flags=0x8, repeatCount=0, eventTime=13941023, downTime=13941023, deviceId=-1, source=0x101 }
W/ViewRootImpl(32078): Dropping event due to no window focus: KeyEvent { action=ACTION_DOWN, keyCode=KEYCODE_DPAD_UP, scanCode=0, metaState=0, flags=0x8, repeatCount=0, eventTime=13941077, downTime=13941077, deviceId=-1, source=0x101 }
W/EGL_emulation(32078): eglSurfaceAttrib not implemented 3093 12436
W/InputMethodManagerService(  464): Window already focused, ignoring focus gain of: com.android.internal.view.IInputMethodClient$Stub$Proxy@4a9fb398 attribute=null, token = android.os.BinderProxy@4aa0b14c
W/ViewRootImpl(32078): Dropping event due to no window focus: KeyEvent { action=ACTION_DOWN, keyCode=KEYCODE_MENU, scanCode=0, metaState=0, flags=0x8, repeatCount=0, eventTime=13941088, downTime=13941088, deviceId=-1, source=0x101 }
V/PanelView(  532): animationTick called with dtms=0; nothing to do (h=687.4368 v=-4500.0)
V/PanelView(  532): animationTick called with dtms=-7; nothing to do (h=687.4368 v=-4500.0)
V/PanelView(  532): animationTick called with dtms=0; nothing to do (h=687.4368 v=0.0)
V/PanelView(  532): animationTick called with dtms=0; nothing to do (h=687.4368 v=-0.0)
V/PanelView(  532): animationTick called with dtms=0; nothing to do (h=687.4368 v=-3000.0)
V/PanelView(  532): animationTick called with dtms=0; nothing to do (h=687.4368 v=-3000.0)
V/PanelView(  532): animationTick called with dtms=-14; nothing to do (h=687.4368 v=-3000.0)
W/ViewRootImpl(32078): Dropping event due to no window focus: KeyEvent { action=ACTION_DOWN, keyCode=KEYCODE_DPAD_UP, scanCode=0, metaState=0, flags=0x8, repeatCount=0, eventTime=13941507, downTime=13941507, deviceId=-1, source=0x101 }
V/PanelView(  532): animationTick called with dtms=0; nothing to do (h=627.5664 v=-4500.0)
V/PanelView(  532): animationTick called with dtms=-14; nothing to do (h=627.5664 v=-4500.0)
W/InputMethodManagerService(  464): Window already focused, ignoring focus gain of: com.android.internal.view.IInputMethodClient$Stub$Proxy@4ada9b18 attribute=null, token = android.os.BinderProxy@4aa0b14c
V/PanelView(  532): animationTick called with dtms=0; nothing to do (h=627.5664 v=-3000.0)
V/PanelView(  532): animationTick called with dtms=-13; nothing to do (h=627.5664 v=-3000.0)
I/ActivityManager(  464): START u0 {act=android.intent.action.MAIN cat=[android.intent.category.LAUNCHER] flg=0x10200000 cmp=air.com.launchday.mobile.plantsvszombies/.AppEntry} from pid 32068
D/com.distriqt.Dialog(32078): ProgressDialogController::dismissProgressDialog( 123 )
D/com.distriqt.Application::GetDeactivateCodeFunction(32078): call()
D/com.distriqt.Application::ApplicationStateMonitor(32078): getDeactivateCode(): isScreenOn=true ACTION_SCREEN_OFF=false
D/com.distriqt.NativeWebView(32078): NativeWebView::positionAndResizeView()
V/PanelView(  532): animationTick called with dtms=0; nothing to do (h=622.7953 v=-0.0)
I/System.out(32078): body:<com.adobe.air.AndroidProxySelector: java.lang.String getProxyUrl(java.lang.String)>	sig:specialinvoke $r1.<java.net.URI: void <init>(java.lang.String)>($r0)	timediff:0
I/System.out(32078): body:<com.adobe.air.AndroidProxySelector: java.lang.String getProxyUrl(java.lang.String)>	sig:$r2 = staticinvoke <java.net.ProxySelector: java.net.ProxySelector getDefault()>()	timediff:0
I/System.out(32078): body:<com.adobe.air.AndroidProxySelector: java.lang.String getProxyUrl(java.lang.String)>	sig:$r3 = virtualinvoke $r2.<java.net.ProxySelector: java.util.List select(java.net.URI)>($r1)	timediff:0
W/SocketClient(  163): write error (Broken pipe)
I/ActivityManager(  464): START u0 {act=com.android.systemui.recent.action.TOGGLE_RECENTS flg=0x10800000 cmp=com.android.systemui/.recent.RecentsActivity (has extras)} from pid 532
D/dalvikvm(  464): GC_CONCURRENT freed 7372K, 50% free 12836K/25208K, paused 1ms+1ms, total 17ms
D/dalvikvm(  464): WAIT_FOR_CONCURRENT_GC blocked 8ms
V/PanelView(  532): animationTick called with dtms=0; nothing to do (h=525.95166 v=-4500.0)
V/PanelView(  532): animationTick called with dtms=-14; nothing to do (h=525.95166 v=-4500.0)
I/System.out(32078): body:<com.adobe.air.AndroidProxySelector: java.lang.String getProxyUrl(java.lang.String)>	sig:specialinvoke $r1.<java.net.URI: void <init>(java.lang.String)>($r0)	timediff:0
I/System.out(32078): body:<com.adobe.air.AndroidProxySelector: java.lang.String getProxyUrl(java.lang.String)>	sig:$r2 = staticinvoke <java.net.ProxySelector: java.net.ProxySelector getDefault()>()	timediff:1
I/System.out(32078): body:<com.adobe.air.AndroidProxySelector: java.lang.String getProxyUrl(java.lang.String)>	sig:$r3 = virtualinvoke $r2.<java.net.ProxySelector: java.util.List select(java.net.URI)>($r1)	timediff:1
W/SocketClient(  163): write error (Broken pipe)
I/AVC     (32078): b88119c0
W/EGL_emulation(  532): eglSurfaceAttrib not implemented 3093 12436
I/System.out(32078): body:<com.adobe.air.AndroidProxySelector: java.lang.String getProxyUrl(java.lang.String)>	sig:specialinvoke $r1.<java.net.URI: void <init>(java.lang.String)>($r0)	timediff:0
I/System.out(32078): body:<com.adobe.air.AndroidProxySelector: java.lang.String getProxyUrl(java.lang.String)>	sig:$r2 = staticinvoke <java.net.ProxySelector: java.net.ProxySelector getDefault()>()	timediff:0
I/System.out(32078): body:<com.adobe.air.AndroidProxySelector: java.lang.String getProxyUrl(java.lang.String)>	sig:$r3 = virtualinvoke $r2.<java.net.ProxySelector: java.util.List select(java.net.URI)>($r1)	timediff:0
D/dalvikvm(32078): GC_CONCURRENT freed 422K, 16% free 4075K/4828K, paused 4ms+0ms, total 8ms
I/ActivityManager(  464): moveTaskToBack: 461
W/SocketClient(  163): write error (Broken pipe)
I/AVC     (32078): b88119c0
I/AVC     (32078): b88119c0
I/AVC     (32078): b88119c0
I/System.out(32078): body:<com.adobe.air.AndroidProxySelector: java.lang.String getProxyUrl(java.lang.String)>	sig:specialinvoke $r1.<java.net.URI: void <init>(java.lang.String)>($r0)	timediff:1
I/System.out(32078): body:<com.adobe.air.AndroidProxySelector: java.lang.String getProxyUrl(java.lang.String)>	sig:$r2 = staticinvoke <java.net.ProxySelector: java.net.ProxySelector getDefault()>()	timediff:0
I/System.out(32078): body:<com.adobe.air.AndroidProxySelector: java.lang.String getProxyUrl(java.lang.String)>	sig:$r3 = virtualinvoke $r2.<java.net.ProxySelector: java.util.List select(java.net.URI)>($r1)	timediff:0
I/ActivityManager(  464): START u0 {act=android.intent.action.CALL_BUTTON flg=0x10000000} from pid 32078
W/PhoneFallbackEventHandler(32078): No activity found for android.intent.action.CALL_BUTTON.
I/AVC     (32078): b88119c0
W/SocketClient(  163): write error (Broken pipe)
I/AVC     (32078): b88119c0
W/ViewRootImpl(32078): Dropping event due to no window focus: KeyEvent { action=ACTION_DOWN, keyCode=KEYCODE_MENU, scanCode=0, metaState=0, flags=0x8, repeatCount=0, eventTime=13942645, downTime=13942645, deviceId=-1, source=0x101 }
W/EGL_emulation(32078): eglSurfaceAttrib not implemented 3093 12436
W/ViewRootImpl(32078): Dropping event due to no window focus: KeyEvent { action=ACTION_DOWN, keyCode=KEYCODE_DPAD_CENTER, scanCode=0, metaState=0, flags=0x8, repeatCount=0, eventTime=13942684, downTime=13942684, deviceId=-1, source=0x101 }
I/AVC     (32078): b88119c0
W/InputEventReceiver(32078): Attempted to finish an input event but the input event receiver has already been disposed.
I/AVC     (32078): b88119c0
W/ViewRootImpl(32078): Dropping event due to no window focus: KeyEvent { action=ACTION_DOWN, keyCode=KEYCODE_ZOOM_IN, scanCode=0, metaState=0, flags=0x8, repeatCount=0, eventTime=13942867, downTime=13942867, deviceId=-1, source=0x101 }
W/EGL_emulation(32078): eglSurfaceAttrib not implemented 3093 12436
W/ViewRootImpl(32078): Dropping event due to no window focus: KeyEvent { action=ACTION_DOWN, keyCode=KEYCODE_TV, scanCode=0, metaState=0, flags=0x8, repeatCount=0, eventTime=13942885, downTime=13942885, deviceId=-1, source=0x101 }
I/ActivityManager(  464): START u0 {act=android.intent.action.MAIN cat=[android.intent.category.LAUNCHER] flg=0x10200000 cmp=air.com.launchday.mobile.plantsvszombies/.AppEntry} from pid 32068
W/AudioFlinger(  170): write blocked for 9840 msecs, 130 delayed writes, thread 0xb4233010
W/ViewRootImpl(32078): Dropping event due to no window focus: KeyEvent { action=ACTION_DOWN, keyCode=KEYCODE_DPAD_UP, scanCode=0, metaState=0, flags=0x8, repeatCount=0, eventTime=13942950, downTime=13942950, deviceId=-1, source=0x101 }
W/InputMethodManagerService(  464): Window already focused, ignoring focus gain of: com.android.internal.view.IInputMethodClient$Stub$Proxy@4a9975fc attribute=null, token = android.os.BinderProxy@4aa0b14c
I/AVC     (32078): b88119c0
I/AVC     (32078): b88119c0
I/AVC     (32078): b88119c0
I/AVC     (32078): b88119c0
D/com.distriqt.Dialog(32078): ProgressDialogController::dismissProgressDialog( 123 )
D/com.distriqt.Application::GetDeactivateCodeFunction(32078): call()
D/com.distriqt.Application::ApplicationStateMonitor(32078): getDeactivateCode(): isScreenOn=true ACTION_SCREEN_OFF=false
D/com.distriqt.NativeWebView(32078): NativeWebView::positionAndResizeView()
I/System.out(32078): body:<com.adobe.air.AndroidProxySelector: java.lang.String getProxyUrl(java.lang.String)>	sig:specialinvoke $r1.<java.net.URI: void <init>(java.lang.String)>($r0)	timediff:0
I/System.out(32078): body:<com.adobe.air.AndroidProxySelector: java.lang.String getProxyUrl(java.lang.String)>	sig:$r2 = staticinvoke <java.net.ProxySelector: java.net.ProxySelector getDefault()>()	timediff:0
I/System.out(32078): body:<com.adobe.air.AndroidProxySelector: java.lang.String getProxyUrl(java.lang.String)>	sig:$r3 = virtualinvoke $r2.<java.net.ProxySelector: java.util.List select(java.net.URI)>($r1)	timediff:0
W/ViewRootImpl(32078): Dropping event due to no window focus: KeyEvent { action=ACTION_DOWN, keyCode=KEYCODE_DPAD_CENTER, scanCode=0, metaState=0, flags=0x8, repeatCount=0, eventTime=13943193, downTime=13943193, deviceId=-1, source=0x101 }
W/InputMethodManagerService(  464): Window already focused, ignoring focus gain of: com.android.internal.view.IInputMethodClient$Stub$Proxy@4a97f60c attribute=null, token = android.os.BinderProxy@4aa0b14c
I/AVC     (32078): b88119c0
I/System.out(32078): body:<com.adobe.air.AndroidProxySelector: java.lang.String getProxyUrl(java.lang.String)>	sig:specialinvoke $r1.<java.net.URI: void <init>(java.lang.String)>($r0)	timediff:0
I/System.out(32078): body:<com.adobe.air.AndroidProxySelector: java.lang.String getProxyUrl(java.lang.String)>	sig:$r2 = staticinvoke <java.net.ProxySelector: java.net.ProxySelector getDefault()>()	timediff:0
I/System.out(32078): body:<com.adobe.air.AndroidProxySelector: java.lang.String getProxyUrl(java.lang.String)>	sig:$r3 = virtualinvoke $r2.<java.net.ProxySelector: java.util.List select(java.net.URI)>($r1)	timediff:2
I/AVC     (32078): b88119c0
I/AVC     (32078): b88119c0
I/AVC     (32078): b88119c0
I/AVC     (32078): b88119c0
D/dalvikvm(32078): GC_CONCURRENT freed 402K, 16% free 4056K/4828K, paused 6ms+0ms, total 9ms
W/SocketClient(  163): write error (Broken pipe)
W/ViewRootImpl(32078): Dropping event due to no window focus: KeyEvent { action=ACTION_DOWN, keyCode=KEYCODE_VOLUME_UP, scanCode=0, metaState=0, flags=0x8, repeatCount=0, eventTime=13943502, downTime=13943502, deviceId=-1, source=0x101 }
W/ViewRootImpl(32078): Dropping event due to no window focus: KeyEvent { action=ACTION_DOWN, keyCode=KEYCODE_DPAD_LEFT, scanCode=0, metaState=0, flags=0x8, repeatCount=0, eventTime=13943514, downTime=13943514, deviceId=-1, source=0x101 }
W/EGL_emulation(32078): eglSurfaceAttrib not implemented 3093 12436
I/System.out(32078): body:<com.adobe.air.AndroidProxySelector: java.lang.String getProxyUrl(java.lang.String)>	sig:specialinvoke $r1.<java.net.URI: void <init>(java.lang.String)>($r0)	timediff:0
I/System.out(32078): body:<com.adobe.air.AndroidProxySelector: java.lang.String getProxyUrl(java.lang.String)>	sig:$r2 = staticinvoke <java.net.ProxySelector: java.net.ProxySelector getDefault()>()	timediff:0
I/System.out(32078): body:<com.adobe.air.AndroidProxySelector: java.lang.String getProxyUrl(java.lang.String)>	sig:$r3 = virtualinvoke $r2.<java.net.ProxySelector: java.util.List select(java.net.URI)>($r1)	timediff:0
I/AVC     (32078): b88119c0
W/InputManager(  464): Input event injection from pid 32068 failed.
W/InputMethodManagerService(  464): Window already focused, ignoring focus gain of: com.android.internal.view.IInputMethodClient$Stub$Proxy@4adce314 attribute=null, token = android.os.BinderProxy@4aa0b14c
I/AVC     (32078): b88119c0
I/AVC     (32078): b88119c0
I/System.out(32078): body:<com.adobe.air.AndroidProxySelector: java.lang.String getProxyUrl(java.lang.String)>	sig:specialinvoke $r1.<java.net.URI: void <init>(java.lang.String)>($r0)	timediff:0
I/System.out(32078): body:<com.adobe.air.AndroidProxySelector: java.lang.String getProxyUrl(java.lang.String)>	sig:$r2 = staticinvoke <java.net.ProxySelector: java.net.ProxySelector getDefault()>()	timediff:0
I/System.out(32078): body:<com.adobe.air.AndroidProxySelector: java.lang.String getProxyUrl(java.lang.String)>	sig:$r3 = virtualinvoke $r2.<java.net.ProxySelector: java.util.List select(java.net.URI)>($r1)	timediff:0
I/AVC     (32078): b88119c0
W/SocketClient(  163): write error (Broken pipe)
I/AVC     (32078): b88119c0
I/AVC     (32078): b88119c0
I/AVC     (32078): b88119c0
I/AVC     (32078): b88119c0
I/AVC     (32078): b88119c0
I/ActivityManager(  464): START u0 {act=android.intent.action.MAIN cat=[android.intent.category.LAUNCHER] flg=0x10000000 sel={act=android.intent.action.MAIN cat=[android.intent.category.APP_CALENDAR]}} from pid 464
W/ViewRootImpl(32078): Dropping event due to no window focus: KeyEvent { action=ACTION_DOWN, keyCode=KEYCODE_MENU, scanCode=0, metaState=0, flags=0x8, repeatCount=0, eventTime=13944365, downTime=13944365, deviceId=-1, source=0x101 }
W/EGL_emulation(32078): eglSurfaceAttrib not implemented 3093 12436
W/ViewRootImpl(32078): Dropping event due to no window focus: KeyEvent { action=ACTION_DOWN, keyCode=KEYCODE_DPAD_RIGHT, scanCode=0, metaState=0, flags=0x8, repeatCount=0, eventTime=13944370, downTime=13944370, deviceId=-1, source=0x101 }
W/InputMethodManagerService(  464): Window already focused, ignoring focus gain of: com.android.internal.view.IInputMethodClient$Stub$Proxy@4aa59fdc attribute=null, token = android.os.BinderProxy@4aa0b14c
I/AVC     (32078): b88119c0
I/ActivityManager(  464): START u0 {act=android.intent.action.MAIN cat=[android.intent.category.LAUNCHER] flg=0x10200000 cmp=air.com.launchday.mobile.plantsvszombies/.AppEntry} from pid 32068
I/AVC     (32078): b88119c0
D/com.distriqt.Dialog(32078): ProgressDialogController::dismissProgressDialog( 123 )
D/com.distriqt.Application::GetDeactivateCodeFunction(32078): call()
D/com.distriqt.Application::ApplicationStateMonitor(32078): getDeactivateCode(): isScreenOn=true ACTION_SCREEN_OFF=false
D/com.distriqt.NativeWebView(32078): NativeWebView::positionAndResizeView()
I/System.out(32078): body:<com.adobe.air.AndroidProxySelector: java.lang.String getProxyUrl(java.lang.String)>	sig:specialinvoke $r1.<java.net.URI: void <init>(java.lang.String)>($r0)	timediff:0
I/System.out(32078): body:<com.adobe.air.AndroidProxySelector: java.lang.String getProxyUrl(java.lang.String)>	sig:$r2 = staticinvoke <java.net.ProxySelector: java.net.ProxySelector getDefault()>()	timediff:0
I/System.out(32078): body:<com.adobe.air.AndroidProxySelector: java.lang.String getProxyUrl(java.lang.String)>	sig:$r3 = virtualinvoke $r2.<java.net.ProxySelector: java.util.List select(java.net.URI)>($r1)	timediff:0
D/dalvikvm(32078): GC_CONCURRENT freed 372K, 16% free 4068K/4828K, paused 2ms+0ms, total 5ms
W/SocketClient(  163): write error (Broken pipe)
I/System.out(32078): body:<com.adobe.air.AndroidProxySelector: java.lang.String getProxyUrl(java.lang.String)>	sig:specialinvoke $r1.<java.net.URI: void <init>(java.lang.String)>($r0)	timediff:0
I/System.out(32078): body:<com.adobe.air.AndroidProxySelector: java.lang.String getProxyUrl(java.lang.String)>	sig:$r2 = staticinvoke <java.net.ProxySelector: java.net.ProxySelector getDefault()>()	timediff:0
I/System.out(32078): body:<com.adobe.air.AndroidProxySelector: java.lang.String getProxyUrl(java.lang.String)>	sig:$r3 = virtualinvoke $r2.<java.net.ProxySelector: java.util.List select(java.net.URI)>($r1)	timediff:0
W/ViewRootImpl(32078): Dropping event due to no window focus: KeyEvent { action=ACTION_DOWN, keyCode=KEYCODE_NUMPAD_2, scanCode=0, metaState=0, flags=0x8, repeatCount=0, eventTime=13944819, downTime=13944819, deviceId=-1, source=0x101 }
I/AVC     (32078): b88119c0
W/ViewRootImpl(32078): Dropping event due to no window focus: KeyEvent { action=ACTION_DOWN, keyCode=KEYCODE_DPAD_DOWN, scanCode=0, metaState=0, flags=0x8, repeatCount=0, eventTime=13944819, downTime=13944819, deviceId=-1, source=0x101 }
W/EGL_emulation(32078): eglSurfaceAttrib not implemented 3093 12436
W/SocketClient(  163): write error (Broken pipe)
