I/System.out( 6108): body:<com.a.a.bh: com.a.a.w a(android.net.Uri,int)>	sig:virtualinvoke $r12.<java.net.HttpURLConnection: void setUseCaches(boolean)>(1)	timediff:0
I/System.out( 6108): body:<com.joshclemm.android.quake.d.d: android.view.View getView(int,android.view.View,android.view.ViewGroup)>	sig:$r15 = virtualinvoke $r16.<java.net.URL: java.lang.String toString()>()	timediff:0
I/System.out( 6108): body:<com.a.a.bh: com.a.a.w a(android.net.Uri,int)>	sig:specialinvoke $r9.<java.net.URL: void <init>(java.lang.String)>($r10)	timediff:0
I/System.out( 6108): <com.a.a.bh: com.a.a.w a(android.net.Uri,int)>###specialinvoke $r9.<java.net.URL: void <init>(java.lang.String)>($r10)###http://t0.gstatic.com/images?q=tbn:ANd9GcS2GfrxEkiyXfyoShdtQ7G8xEo4qbr0br_vPksSmcPeoYmhbDskLlF_SsddXIN_lVox0Qq0x97C
I/System.out( 6108): body:<com.a.a.bh: com.a.a.w a(android.net.Uri,int)>	sig:$r11 = virtualinvoke $r9.<java.net.URL: java.net.URLConnection openConnection()>()	timediff:0
I/System.out( 6108): body:<com.a.a.bh: com.a.a.w a(android.net.Uri,int)>	sig:virtualinvoke $r12.<java.net.HttpURLConnection: void setConnectTimeout(int)>(15000)	timediff:0
I/System.out( 6108): body:<com.a.a.bh: com.a.a.w a(android.net.Uri,int)>	sig:virtualinvoke $r12.<java.net.HttpURLConnection: void setReadTimeout(int)>(20000)	timediff:0
I/System.out( 6108): body:<com.a.a.bh: com.a.a.w a(android.net.Uri,int)>	sig:virtualinvoke $r12.<java.net.HttpURLConnection: void setUseCaches(boolean)>(1)	timediff:0
I/System.out( 6108): body:<com.joshclemm.android.quake.f.t: java.net.URL e()>	sig:specialinvoke $r6.<java.net.URL: void <init>(java.lang.String)>($r4)	timediff:0
I/System.out( 6108): <com.joshclemm.android.quake.f.t: java.net.URL e()>###specialinvoke $r6.<java.net.URL: void <init>(java.lang.String)>($r4)###http://earthquake.usgs.gov/fdsnws/event/1/query?minmagnitude=2.5&orderby=magnitude&limit=1&starttime=2018-04-05T12%3A04%3A04-0700&format=csv
I/System.out( 6108): body:<com.joshclemm.android.quake.f.t: java.net.URL e()>	sig:specialinvoke $r6.<java.net.URL: void <init>(java.lang.String)>($r4)	timediff:0
I/System.out( 6108): <com.joshclemm.android.quake.f.t: java.net.URL e()>###specialinvoke $r6.<java.net.URL: void <init>(java.lang.String)>($r4)###http://earthquake.usgs.gov/fdsnws/event/1/query?minmagnitude=5.0&orderby=magnitude&limit=50&starttime=2018-01-01T12%3A04%3A04-0700&minmmi=5.0&minsig=700&format=geojson
I/System.out( 6108): body:<com.joshclemm.android.quake.f.t: java.net.URL e()>	sig:specialinvoke $r6.<java.net.URL: void <init>(java.lang.String)>($r4)	timediff:0
I/System.out( 6108): <com.joshclemm.android.quake.f.t: java.net.URL e()>###specialinvoke $r6.<java.net.URL: void <init>(java.lang.String)>($r4)###http://earthquake.usgs.gov/fdsnws/event/1/count?minmagnitude=1.0&orderby=magnitude&starttime=2018-04-09T00%3A00%3A04-0700&format=csv
I/System.out( 6108): body:<com.joshclemm.android.quake.f.t: java.net.URL e()>	sig:specialinvoke $r6.<java.net.URL: void <init>(java.lang.String)>($r4)	timediff:0
I/System.out( 6108): <com.joshclemm.android.quake.f.t: java.net.URL e()>###specialinvoke $r6.<java.net.URL: void <init>(java.lang.String)>($r4)###http://earthquake.usgs.gov/fdsnws/event/1/count?minmagnitude=1.0&orderby=magnitude&starttime=2018-04-12T00%3A00%3A04-0700&format=csv
I/System.out( 6108): body:<com.joshclemm.android.quake.f.t: java.net.URL e()>	sig:specialinvoke $r6.<java.net.URL: void <init>(java.lang.String)>($r4)	timediff:0
I/System.out( 6108): <com.joshclemm.android.quake.f.t: java.net.URL e()>###specialinvoke $r6.<java.net.URL: void <init>(java.lang.String)>($r4)###http://earthquake.usgs.gov/fdsnws/event/1/count?minmagnitude=1.0&orderby=magnitude&starttime=2018-04-01T00%3A00%3A04-0700&format=csv
I/System.out( 6108): body:<com.joshclemm.android.quake.f.t: java.net.URL e()>	sig:specialinvoke $r6.<java.net.URL: void <init>(java.lang.String)>($r4)	timediff:0
I/System.out( 6108): <com.joshclemm.android.quake.f.t: java.net.URL e()>###specialinvoke $r6.<java.net.URL: void <init>(java.lang.String)>($r4)###http://earthquake.usgs.gov/fdsnws/event/1/query?minmagnitude=3.0&orderby=magnitude&limit=10&starttime=2018-03-13T12%3A04%3A04-0700&minsig=150&latitude=33.985806&longitude=-118.25411&minradiuskm=0&maxradiuskm=482.8032&format=geojson
I/System.out( 6108): body:<com.joshclemm.android.quake.f.j: java.lang.String a(java.net.URL)>	sig:$r3 = virtualinvoke $r0.<java.net.URL: java.net.URLConnection openConnection()>()	timediff:0
I/System.out( 6108): body:<com.joshclemm.android.quake.f.j: java.lang.String a(java.net.URL)>	sig:$r4 = virtualinvoke $r3.<java.net.URLConnection: java.io.InputStream getInputStream()>()	timediff:5
I/System.out( 6108): body:<empirical.HelperClass: void printURLInfo(java.lang.String,java.lang.String,java.net.URLConnection)>	sig:$r0 = virtualinvoke urlConnection.<java.net.URLConnection: java.net.URL getURL()>()	timediff:0
I/System.out( 6108): body:<empirical.HelperClass: void printURLInfo(java.lang.String,java.lang.String,java.net.URLConnection)>	sig:urlString = virtualinvoke $r0.<java.net.URL: java.lang.String toString()>()	timediff:0
I/System.out( 6108): body:<empirical.HelperClass: void printURLInfo(java.lang.String,java.lang.String,java.net.URLConnection)>	sig:isDoOutput = virtualinvoke urlConnection.<java.net.URLConnection: boolean getDoOutput()>()	timediff:0
I/System.out( 6108): body:<empirical.HelperClass: java.lang.String getHeaderField(java.net.URLConnection,java.lang.String)>	sig:data = virtualinvoke conn.<java.net.URLConnection: java.lang.String getHeaderField(java.lang.String)>(field)	timediff:0
I/System.out( 6108): body:<empirical.HelperClass: java.lang.String getHeaderField(java.net.URLConnection,java.lang.String)>	sig:data = virtualinvoke conn.<java.net.URLConnection: java.lang.String getHeaderField(java.lang.String)>(field)	timediff:0
I/System.out( 6108): body:<empirical.HelperClass: java.lang.String getHeaderField(java.net.URLConnection,java.lang.String)>	sig:data = virtualinvoke conn.<java.net.URLConnection: java.lang.String getHeaderField(java.lang.String)>(field)	timediff:0
I/System.out( 6108): body:<empirical.HelperClass: java.lang.String getHeaderField(java.net.URLConnection,java.lang.String)>	sig:data = virtualinvoke conn.<java.net.URLConnection: java.lang.String getHeaderField(java.lang.String)>(field)	timediff:0
I/System.out( 6108): body:<empirical.HelperClass: java.lang.String getHeaderField(java.net.URLConnection,java.lang.String)>	sig:data = virtualinvoke conn.<java.net.URLConnection: java.lang.String getHeaderField(java.lang.String)>(field)	timediff:0
I/System.out( 6108): URLConn;%;26;%;<com.joshclemm.android.quake.f.j: java.lang.String a(java.net.URL)>;%;$r4 = virtualinvoke $r3.<java.net.URLConnection: java.io.InputStream getInputStream()>();%;https://earthquake.usgs.gov/fdsnws/event/1/query?minmagnitude=3.0&orderby=magnitude&limit=10&starttime=2018-03-13T12%3A04%3A04-0700&minsig=150&latitude=33.985806&longitude=-118.25411&minradiuskm=0&maxradiuskm=482.8032&format=geojson;%;false;%;0;%;max-age=0;%;Thu, 12 Apr 2018 19:04:04 GMT;%;Not found;%;Not found
W/System.err( 6108): org.json.JSONException: End of input at character 0 of 
W/System.err( 6108): 	at org.json.JSONTokener.syntaxError(JSONTokener.java:450)
W/System.err( 6108): 	at org.json.JSONTokener.nextValue(JSONTokener.java:97)
W/System.err( 6108): 	at org.json.JSONObject.<init>(JSONObject.java:155)
W/System.err( 6108): 	at org.json.JSONObject.<init>(JSONObject.java:172)
W/System.err( 6108): 	at com.joshclemm.android.quake.c.d.a(SourceFile:84)
W/System.err( 6108): 	at com.joshclemm.android.quake.fragment.an.run(SourceFile:693)
W/System.err( 6108): 	at java.util.concurrent.ThreadPoolExecutor.runWorker(ThreadPoolExecutor.java:1112)
W/System.err( 6108): 	at java.util.concurrent.ThreadPoolExecutor$Worker.run(ThreadPoolExecutor.java:587)
W/System.err( 6108): 	at java.lang.Thread.run(Thread.java:841)
I/System.out( 6108): body:<com.joshclemm.android.quake.fragment.an: void run()>	sig:$r14 = virtualinvoke $r1.<java.net.URL: java.io.InputStream openStream()>()	timediff:13
I/System.out( 6108): body:<com.joshclemm.android.quake.fragment.an: void run()>	sig:$r2 = virtualinvoke $r1.<java.net.URL: java.lang.String toString()>()	timediff:0
I/System.out( 6108): totalThisWeek timing: 14ms
I/System.out( 6108): http://earthquake.usgs.gov/fdsnws/event/1/count?minmagnitude=1.0&orderby=magnitude&starttime=2018-04-09T00%3A00%3A04-0700&format=csv
I/System.out( 6108): body:<com.joshclemm.android.quake.f.j: java.lang.String a(java.net.URL)>	sig:$r3 = virtualinvoke $r0.<java.net.URL: java.net.URLConnection openConnection()>()	timediff:0
I/System.out( 6108): body:<com.joshclemm.android.quake.fragment.an: void run()>	sig:$r14 = virtualinvoke $r1.<java.net.URL: java.io.InputStream openStream()>()	timediff:23
I/System.out( 6108): body:<com.joshclemm.android.quake.fragment.an: void run()>	sig:$r2 = virtualinvoke $r1.<java.net.URL: java.lang.String toString()>()	timediff:0
I/System.out( 6108): totalThisMonth timing: 23ms
I/System.out( 6108): http://earthquake.usgs.gov/fdsnws/event/1/count?minmagnitude=1.0&orderby=magnitude&starttime=2018-04-01T00%3A00%3A04-0700&format=csv
I/System.out( 6108): body:<com.joshclemm.android.quake.c.b: java.util.ArrayList a(android.location.Location,java.net.URL)>	sig:$r9 = virtualinvoke $r1.<java.net.URL: java.io.InputStream openStream()>()	timediff:34
I/System.out( 6108): body:<com.a.a.bh: com.a.a.w a(android.net.Uri,int)>	sig:$i1 = virtualinvoke $r12.<java.net.HttpURLConnection: int getResponseCode()>()	timediff:48
I/System.out( 6108): body:<com.a.a.bh: com.a.a.w a(android.net.Uri,int)>	sig:$i1 = virtualinvoke $r12.<java.net.HttpURLConnection: int getHeaderFieldInt(java.lang.String,int)>("Content-Length", -1)	timediff:0
I/System.out( 6108): body:<com.a.a.bh: com.a.a.w a(android.net.Uri,int)>	sig:$r10 = virtualinvoke $r12.<java.net.HttpURLConnection: java.lang.String getHeaderField(java.lang.String)>("X-Android-Response-Source")	timediff:0
I/System.out( 6108): body:<com.a.a.bh: com.a.a.w a(android.net.Uri,int)>	sig:$r18 = virtualinvoke $r12.<java.net.HttpURLConnection: java.io.InputStream getInputStream()>()	timediff:0
I/System.out( 6108): body:<empirical.HelperClass: void printURLInfo(java.lang.String,java.lang.String,java.net.URLConnection)>	sig:$r0 = virtualinvoke urlConnection.<java.net.URLConnection: java.net.URL getURL()>()	timediff:0
I/System.out( 6108): body:<empirical.HelperClass: void printURLInfo(java.lang.String,java.lang.String,java.net.URLConnection)>	sig:urlString = virtualinvoke $r0.<java.net.URL: java.lang.String toString()>()	timediff:0
I/System.out( 6108): body:<empirical.HelperClass: void printURLInfo(java.lang.String,java.lang.String,java.net.URLConnection)>	sig:isDoOutput = virtualinvoke urlConnection.<java.net.URLConnection: boolean getDoOutput()>()	timediff:0
D/dalvikvm( 6108): GC_CONCURRENT freed 2615K, 19% free 11889K/14564K, paused 3ms+2ms, total 16ms
D/dalvikvm( 6108): WAIT_FOR_CONCURRENT_GC blocked 5ms
D/dalvikvm( 6108): WAIT_FOR_CONCURRENT_GC blocked 4ms
I/System.out( 6108): body:<empirical.HelperClass: java.lang.String getHeaderField(java.net.URLConnection,java.lang.String)>	sig:data = virtualinvoke conn.<java.net.URLConnection: java.lang.String getHeaderField(java.lang.String)>(field)	timediff:0
I/System.out( 6108): body:<empirical.HelperClass: java.lang.String getHeaderField(java.net.URLConnection,java.lang.String)>	sig:data = virtualinvoke conn.<java.net.URLConnection: java.lang.String getHeaderField(java.lang.String)>(field)	timediff:0
D/dalvikvm( 6108): WAIT_FOR_CONCURRENT_GC blocked 6ms
I/System.out( 6108): body:<empirical.HelperClass: java.lang.String getHeaderField(java.net.URLConnection,java.lang.String)>	sig:data = virtualinvoke conn.<java.net.URLConnection: java.lang.String getHeaderField(java.lang.String)>(field)	timediff:0
I/System.out( 6108): body:<empirical.HelperClass: java.lang.String getHeaderField(java.net.URLConnection,java.lang.String)>	sig:data = virtualinvoke conn.<java.net.URLConnection: java.lang.String getHeaderField(java.lang.String)>(field)	timediff:0
I/System.out( 6108): body:<empirical.HelperClass: java.lang.String getHeaderField(java.net.URLConnection,java.lang.String)>	sig:data = virtualinvoke conn.<java.net.URLConnection: java.lang.String getHeaderField(java.lang.String)>(field)	timediff:0
I/System.out( 6108): URLConn;%;27;%;<com.a.a.bh: com.a.a.w a(android.net.Uri,int)>;%;$r18 = virtualinvoke $r12.<java.net.HttpURLConnection: java.io.InputStream getInputStream()>();%;http://t0.gstatic.com/images?q=tbn:ANd9GcS2GfrxEkiyXfyoShdtQ7G8xEo4qbr0br_vPksSmcPeoYmhbDskLlF_SsddXIN_lVox0Qq0x97C;%;false;%;2584;%;public, max-age=31536000;%;Fri, 12 Apr 2019 19:04:04 GMT;%;Not found;%;Not found
I/System.out( 6108): body:<com.joshclemm.android.quake.fragment.an: void run()>	sig:$r2 = virtualinvoke $r1.<java.net.URL: java.lang.String toString()>()	timediff:0
I/System.out( 6108): largestThisWeek timing: 40ms
I/System.out( 6108): http://earthquake.usgs.gov/fdsnws/event/1/query?minmagnitude=2.5&orderby=magnitude&limit=1&starttime=2018-04-05T12%3A04%3A04-0700&format=csv
I/System.out( 6108): body:<com.joshclemm.android.quake.f.j: java.lang.String a(java.net.URL)>	sig:$r4 = virtualinvoke $r3.<java.net.URLConnection: java.io.InputStream getInputStream()>()	timediff:19
I/System.out( 6108): body:<empirical.HelperClass: void printURLInfo(java.lang.String,java.lang.String,java.net.URLConnection)>	sig:$r0 = virtualinvoke urlConnection.<java.net.URLConnection: java.net.URL getURL()>()	timediff:0
I/System.out( 6108): body:<empirical.HelperClass: void printURLInfo(java.lang.String,java.lang.String,java.net.URLConnection)>	sig:urlString = virtualinvoke $r0.<java.net.URL: java.lang.String toString()>()	timediff:0
I/System.out( 6108): body:<empirical.HelperClass: void printURLInfo(java.lang.String,java.lang.String,java.net.URLConnection)>	sig:isDoOutput = virtualinvoke urlConnection.<java.net.URLConnection: boolean getDoOutput()>()	timediff:0
I/System.out( 6108): body:<empirical.HelperClass: java.lang.String getHeaderField(java.net.URLConnection,java.lang.String)>	sig:data = virtualinvoke conn.<java.net.URLConnection: java.lang.String getHeaderField(java.lang.String)>(field)	timediff:0
I/System.out( 6108): body:<empirical.HelperClass: java.lang.String getHeaderField(java.net.URLConnection,java.lang.String)>	sig:data = virtualinvoke conn.<java.net.URLConnection: java.lang.String getHeaderField(java.lang.String)>(field)	timediff:0
I/System.out( 6108): body:<empirical.HelperClass: java.lang.String getHeaderField(java.net.URLConnection,java.lang.String)>	sig:data = virtualinvoke conn.<java.net.URLConnection: java.lang.String getHeaderField(java.lang.String)>(field)	timediff:0
I/System.out( 6108): body:<empirical.HelperClass: java.lang.String getHeaderField(java.net.URLConnection,java.lang.String)>	sig:data = virtualinvoke conn.<java.net.URLConnection: java.lang.String getHeaderField(java.lang.String)>(field)	timediff:0
I/System.out( 6108): body:<empirical.HelperClass: java.lang.String getHeaderField(java.net.URLConnection,java.lang.String)>	sig:data = virtualinvoke conn.<java.net.URLConnection: java.lang.String getHeaderField(java.lang.String)>(field)	timediff:0
I/System.out( 6108): URLConn;%;28;%;<com.joshclemm.android.quake.f.j: java.lang.String a(java.net.URL)>;%;$r4 = virtualinvoke $r3.<java.net.URLConnection: java.io.InputStream getInputStream()>();%;https://earthquake.usgs.gov/fdsnws/event/1/query?minmagnitude=5.0&orderby=magnitude&limit=50&starttime=2018-01-01T12%3A04%3A04-0700&minmmi=5.0&minsig=700&format=geojson;%;false;%;0;%;max-age=0;%;Thu, 12 Apr 2018 19:04:04 GMT;%;Not found;%;Not found
W/System.err( 6108): org.json.JSONException: End of input at character 0 of 
W/System.err( 6108): 	at org.json.JSONTokener.syntaxError(JSONTokener.java:450)
W/System.err( 6108): 	at org.json.JSONTokener.nextValue(JSONTokener.java:97)
W/System.err( 6108): 	at org.json.JSONObject.<init>(JSONObject.java:155)
W/System.err( 6108): 	at org.json.JSONObject.<init>(JSONObject.java:172)
W/System.err( 6108): 	at com.joshclemm.android.quake.c.d.a(SourceFile:84)
W/System.err( 6108): 	at com.joshclemm.android.quake.fragment.an.run(SourceFile:693)
W/System.err( 6108): 	at java.util.concurrent.ThreadPoolExecutor.runWorker(ThreadPoolExecutor.java:1112)
W/System.err( 6108): 	at java.util.concurrent.ThreadPoolExecutor$Worker.run(ThreadPoolExecutor.java:587)
W/System.err( 6108): 	at java.lang.Thread.run(Thread.java:841)
I/System.out( 6108): OVERALL STATS timing: 54ms
I/System.out( 6108): body:<com.a.a.bh: com.a.a.w a(android.net.Uri,int)>	sig:$i1 = virtualinvoke $r12.<java.net.HttpURLConnection: int getResponseCode()>()	timediff:80
I/System.out( 6108): body:<com.a.a.bh: com.a.a.w a(android.net.Uri,int)>	sig:$i1 = virtualinvoke $r12.<java.net.HttpURLConnection: int getHeaderFieldInt(java.lang.String,int)>("Content-Length", -1)	timediff:0
I/System.out( 6108): body:<com.a.a.bh: com.a.a.w a(android.net.Uri,int)>	sig:$r10 = virtualinvoke $r12.<java.net.HttpURLConnection: java.lang.String getHeaderField(java.lang.String)>("X-Android-Response-Source")	timediff:0
I/System.out( 6108): body:<com.a.a.bh: com.a.a.w a(android.net.Uri,int)>	sig:$r18 = virtualinvoke $r12.<java.net.HttpURLConnection: java.io.InputStream getInputStream()>()	timediff:0
I/System.out( 6108): body:<empirical.HelperClass: void printURLInfo(java.lang.String,java.lang.String,java.net.URLConnection)>	sig:$r0 = virtualinvoke urlConnection.<java.net.URLConnection: java.net.URL getURL()>()	timediff:0
I/System.out( 6108): body:<empirical.HelperClass: void printURLInfo(java.lang.String,java.lang.String,java.net.URLConnection)>	sig:urlString = virtualinvoke $r0.<java.net.URL: java.lang.String toString()>()	timediff:0
I/System.out( 6108): body:<empirical.HelperClass: void printURLInfo(java.lang.String,java.lang.String,java.net.URLConnection)>	sig:isDoOutput = virtualinvoke urlConnection.<java.net.URLConnection: boolean getDoOutput()>()	timediff:0
I/System.out( 6108): body:<empirical.HelperClass: java.lang.String getHeaderField(java.net.URLConnection,java.lang.String)>	sig:data = virtualinvoke conn.<java.net.URLConnection: java.lang.String getHeaderField(java.lang.String)>(field)	timediff:0
I/System.out( 6108): body:<empirical.HelperClass: java.lang.String getHeaderField(java.net.URLConnection,java.lang.String)>	sig:data = virtualinvoke conn.<java.net.URLConnection: java.lang.String getHeaderField(java.lang.String)>(field)	timediff:0
I/System.out( 6108): body:<empirical.HelperClass: java.lang.String getHeaderField(java.net.URLConnection,java.lang.String)>	sig:data = virtualinvoke conn.<java.net.URLConnection: java.lang.String getHeaderField(java.lang.String)>(field)	timediff:0
I/System.out( 6108): body:<empirical.HelperClass: java.lang.String getHeaderField(java.net.URLConnection,java.lang.String)>	sig:data = virtualinvoke conn.<java.net.URLConnection: java.lang.String getHeaderField(java.lang.String)>(field)	timediff:0
I/System.out( 6108): body:<empirical.HelperClass: java.lang.String getHeaderField(java.net.URLConnection,java.lang.String)>	sig:data = virtualinvoke conn.<java.net.URLConnection: java.lang.String getHeaderField(java.lang.String)>(field)	timediff:0
I/System.out( 6108): URLConn;%;29;%;<com.a.a.bh: com.a.a.w a(android.net.Uri,int)>;%;$r18 = virtualinvoke $r12.<java.net.HttpURLConnection: java.io.InputStream getInputStream()>();%;http://t0.gstatic.com/images?q=tbn:ANd9GcRYjFl1Kun_oOPfy8r7OxOSejUrS6R9dDmbPipI3r6MCgzC4YBjfTWWwTuSSkkSewlcSa2HrIvg;%;false;%;1957;%;public, max-age=31536000;%;Fri, 12 Apr 2019 19:04:04 GMT;%;Not found;%;Not found
W/ViewRootImpl( 6108): Dropping event due to no window focus: KeyEvent { action=ACTION_DOWN, keyCode=KEYCODE_BUTTON_THUMBR, scanCode=0, metaState=0, flags=0x8, repeatCount=0, eventTime=244781, downTime=244781, deviceId=-1, source=0x101 }
W/ViewRootImpl( 6108): Dropping event due to no window focus: KeyEvent { action=ACTION_DOWN, keyCode=KEYCODE_DPAD_CENTER, scanCode=0, metaState=0, flags=0x8, repeatCount=0, eventTime=244781, downTime=244781, deviceId=-1, source=0x101 }
W/EGL_emulation( 6108): eglSurfaceAttrib not implemented 3093 12436
W/ViewRootImpl( 6108): Dropping event due to no window focus: KeyEvent { action=ACTION_DOWN, keyCode=KEYCODE_MENU, scanCode=0, metaState=0, flags=0x8, repeatCount=0, eventTime=244783, downTime=244783, deviceId=-1, source=0x101 }
W/InputEventReceiver( 6108): Attempted to finish an input event but the input event receiver has already been disposed.
W/InputEventReceiver( 6108): Attempted to finish an input event but the input event receiver has already been disposed.
W/InputEventReceiver( 6108): Attempted to finish an input event but the input event receiver has already been disposed.
W/InputEventReceiver( 6108): Attempted to finish an input event but the input event receiver has already been disposed.
W/ViewRootImpl( 6108): Dropping event due to root view being removed: MotionEvent { action=ACTION_DOWN, id[0]=0, x[0]=-384.0, y[0]=138.0, toolType[0]=TOOL_TYPE_UNKNOWN, buttonState=0, metaState=0, flags=0x0, edgeFlags=0x0, pointerCount=1, historySize=0, eventTime=244818, downTime=244818, deviceId=0, source=0x1002 }
W/ViewRootImpl( 6108): Dropping event due to root view being removed: MotionEvent { action=ACTION_UP, id[0]=0, x[0]=-377.8772, y[0]=138.07549, toolType[0]=TOOL_TYPE_UNKNOWN, buttonState=0, metaState=0, flags=0x0, edgeFlags=0x0, pointerCount=1, historySize=0, eventTime=244818, downTime=244818, deviceId=0, source=0x1002 }
W/ViewRootImpl( 6108): Dropping event due to root view being removed: MotionEvent { action=ACTION_MOVE, id[0]=0, x[0]=1.0, y[0]=4.0, toolType[0]=TOOL_TYPE_UNKNOWN, buttonState=0, metaState=0, flags=0x0, edgeFlags=0x0, pointerCount=1, historySize=9, eventTime=244820, downTime=-1, deviceId=0, source=0x10004 }
W/InputMethodManagerService(  478): Window already focused, ignoring focus gain of: com.android.internal.view.IInputMethodClient$Stub$Proxy@4a9e6630 attribute=null, token = android.os.BinderProxy@4a9c3eac
W/ViewRootImpl( 6108): Dropping event due to no window focus: KeyEvent { action=ACTION_DOWN, keyCode=KEYCODE_DPAD_RIGHT, scanCode=0, metaState=0, flags=0x8, repeatCount=0, eventTime=244831, downTime=244831, deviceId=-1, source=0x101 }
W/EGL_emulation( 6108): eglSurfaceAttrib not implemented 3093 12436
W/ViewRootImpl( 6108): Dropping event due to no window focus: MotionEvent { action=ACTION_MOVE, id[0]=0, x[0]=0.0, y[0]=-3.0, toolType[0]=TOOL_TYPE_UNKNOWN, buttonState=0, metaState=0, flags=0x0, edgeFlags=0x0, pointerCount=1, historySize=9, eventTime=244839, downTime=-1, deviceId=0, source=0x10004 }
W/ViewRootImpl( 6108): Dropping event due to no window focus: MotionEvent { action=ACTION_DOWN, id[0]=0, x[0]=0.0, y[0]=0.0, toolType[0]=TOOL_TYPE_UNKNOWN, buttonState=0, metaState=0, flags=0x0, edgeFlags=0x0, pointerCount=1, historySize=0, eventTime=244840, downTime=244837, deviceId=0, source=0x10004 }
W/InputEventReceiver( 6108): Attempted to finish an input event but the input event receiver has already been disposed.
W/InputEventReceiver( 6108): Attempted to finish an input event but the input event receiver has already been disposed.
W/InputEventReceiver( 6108): Attempted to finish an input event but the input event receiver has already been disposed.
W/InputEventReceiver( 6108): Attempted to finish an input event but the input event receiver has already been disposed.
W/ViewRootImpl( 6108): Dropping event due to no window focus: KeyEvent { action=ACTION_DOWN, keyCode=KEYCODE_DPAD_CENTER, scanCode=0, metaState=0, flags=0x8, repeatCount=0, eventTime=244842, downTime=244842, deviceId=-1, source=0x101 }
I/ActivityManager(  478): START u0 {cmp=com.joshclemm.android.quake/.preferences.PreferencesActivity} from pid 6108
W/ViewRootImpl( 6108): Dropping event due to root view being removed: MotionEvent { action=ACTION_DOWN, id[0]=0, x[0]=-423.0, y[0]=326.0, toolType[0]=TOOL_TYPE_UNKNOWN, buttonState=0, metaState=0, flags=0x0, edgeFlags=0x0, pointerCount=1, historySize=0, eventTime=244861, downTime=244861, deviceId=0, source=0x1002 }
W/ViewRootImpl( 6108): Dropping event due to root view being removed: MotionEvent { action=ACTION_UP, id[0]=0, x[0]=-427.06232, y[0]=325.83685, toolType[0]=TOOL_TYPE_UNKNOWN, buttonState=0, metaState=0, flags=0x0, edgeFlags=0x0, pointerCount=1, historySize=0, eventTime=244861, downTime=244861, deviceId=0, source=0x1002 }
W/ViewRootImpl( 6108): Dropping event due to root view being removed: MotionEvent { action=ACTION_MOVE, id[0]=0, x[0]=-3.0, y[0]=3.0, toolType[0]=TOOL_TYPE_UNKNOWN, buttonState=0, metaState=0, flags=0x0, edgeFlags=0x0, pointerCount=1, historySize=0, eventTime=244861, downTime=-1, deviceId=0, source=0x10004 }
W/Resources( 6108): Converting to string: TypedValue{t=0x4/d=0x40400000 a=-1}
D/dalvikvm( 6108): GC_FOR_ALLOC freed 2494K, 31% free 10191K/14620K, paused 7ms, total 7ms
W/EGL_emulation( 6108): eglSurfaceAttrib not implemented 3093 12436
W/ViewRootImpl( 6108): Dropping event due to no window focus: MotionEvent { action=ACTION_MOVE, id[0]=0, x[0]=1.0, y[0]=-1.0, toolType[0]=TOOL_TYPE_UNKNOWN, buttonState=0, metaState=0, flags=0x0, edgeFlags=0x0, pointerCount=1, historySize=18, eventTime=244923, downTime=-1, deviceId=0, source=0x10004 }
W/ViewRootImpl( 6108): Dropping event due to no window focus: KeyEvent { action=ACTION_DOWN, keyCode=KEYCODE_DPAD_UP, scanCode=0, metaState=0, flags=0x8, repeatCount=0, eventTime=244923, downTime=244923, deviceId=-1, source=0x101 }
I/ActivityManager(  478): Displayed com.joshclemm.android.quake/.preferences.PreferencesActivity: +94ms
W/ContextImpl(  478): Calling a method in the system process without a qualified user: android.app.ContextImpl.sendBroadcast:1123 com.android.server.InputMethodManagerService.hideCurrentInputLocked:1880 com.android.server.InputMethodManagerService.windowGainedFocus:1968 com.android.internal.view.IInputMethodManager$Stub.onTransact:221 com.android.server.InputMethodManagerService.onTransact:818 
V/FlingTracker(  537): computeCurrentVelocity warning: totalweight=0
V/FlingTracker(  537): java.lang.Throwable
V/FlingTracker(  537): 	at com.android.systemui.statusbar.phone.PanelView$FlingTracker.computeCurrentVelocity(PanelView.java:162)
V/FlingTracker(  537): 	at com.android.systemui.statusbar.phone.PanelView$3.onTouch(PanelView.java:462)
V/FlingTracker(  537): 	at android.view.View.dispatchTouchEvent(View.java:7701)
V/FlingTracker(  537): 	at com.android.systemui.statusbar.phone.NotificationPanelView.onTouchEvent(NotificationPanelView.java:138)
V/FlingTracker(  537): 	at com.android.systemui.statusbar.phone.PanelBar.onTouchEvent(PanelBar.java:130)
V/FlingTracker(  537): 	at com.android.systemui.statusbar.phone.PhoneStatusBarView.onTouchEvent(PhoneStatusBarView.java:201)
V/FlingTracker(  537): 	at android.view.View.dispatchTouchEvent(View.java:7706)
V/FlingTracker(  537): 	at android.view.ViewGroup.dispatchTransformedTouchEvent(ViewGroup.java:2210)
V/FlingTracker(  537): 	at android.view.ViewGroup.dispatchTouchEvent(ViewGroup.java:1945)
V/FlingTracker(  537): 	at android.view.ViewGroup.dispatchTransformedTouchEvent(ViewGroup.java:2216)
V/FlingTracker(  537): 	at android.view.ViewGroup.dispatchTouchEvent(ViewGroup.java:1959)
V/FlingTracker(  537): 	at android.view.View.dispatchPointerEvent(View.java:7886)
V/FlingTracker(  537): 	at android.view.ViewRootImpl$ViewPostImeInputStage.processPointerEvent(ViewRootImpl.java:3978)
V/FlingTracker(  537): 	at android.view.ViewRootImpl$ViewPostImeInputStage.onProcess(ViewRootImpl.java:3857)
V/FlingTracker(  537): 	at android.view.ViewRootImpl$InputStage.deliver(ViewRootImpl.java:3423)
V/FlingTracker(  537): 	at android.view.ViewRootImpl$InputStage.onDeliverToNext(ViewRootImpl.java:3473)
V/FlingTracker(  537): 	at android.view.ViewRootImpl$InputStage.forward(ViewRootImpl.java:3442)
V/FlingTracker(  537): 	at android.view.ViewRootImpl$AsyncInputStage.forward(ViewRootImpl.java:3549)
V/FlingTracker(  537): 	at android.view.ViewRootImpl$InputStage.apply(ViewRootImpl.java:3450)
V/FlingTracker(  537): 	at android.view.ViewRootImpl$AsyncInputStage.apply(ViewRootImpl.java:3606)
V/FlingTracker(  537): 	at android.view.ViewRootImpl$InputStage.deliver(ViewRootImpl.java:3423)
V/FlingTracker(  537): 	at android.view.ViewRootImpl$InputStage.onDeliverToNext(ViewRootImpl.java:3473)
V/FlingTracker(  537): 	at android.view.ViewRootImpl$InputStage.forward(ViewRootImpl.java:3442)
V/FlingTracker(  537): 	at android.view.ViewRootImpl$InputStage.apply(ViewRootImpl.java:3450)
V/FlingTracker(  537): 	at android.view.ViewRootImpl$InputStage.deliver(ViewRootImpl.java:3423)
V/FlingTracker(  537): 	at android.view.ViewRootImpl.deliverInputEvent(ViewRootImpl.java:5626)
V/FlingTracker(  537): 	at android.view.ViewRootImpl.doProcessInputEvents(ViewRootImpl.java:5606)
V/FlingTracker(  537): 	at android.view.ViewRootImpl.enqueueInputEvent(ViewRootImpl.java:5577)
V/FlingTracker(  537): 	at android.view.ViewRootImpl$WindowInputEventReceiver.onInputEvent(ViewRootImpl.java:5706)
V/FlingTracker(  537): 	at android.view.InputEventReceiver.dispatchInputEvent(InputEventReceiver.java:185)
V/FlingTracker(  537): 	at android.os.MessageQueue.nativePollOnce(Native Method)
V/FlingTracker(  537): 	at android.os.MessageQueue.next(MessageQueue.java:138)
V/FlingTracker(  537): 	at android.os.Looper.loop(Looper.java:123)
V/FlingTracker(  537): 	at android.app.ActivityThread.main(ActivityThread.java:5019)
V/FlingTracker(  537): 	at java.lang.reflect.Method.invokeNative(Native Method)
V/FlingTracker(  537): 	at java.lang.reflect.Method.invoke(Method.java:515)
V/FlingTracker(  537): 	at com.android.internal.os.ZygoteInit$MethodAndArgsCaller.run(ZygoteInit.java:779)
V/FlingTracker(  537): 	at com.android.internal.os.ZygoteInit.main(ZygoteInit.java:595)
V/FlingTracker(  537): 	at dalvik.system.NativeStart.main(Native Method)
V/PanelView(  537): animationTick called with dtms=0; nothing to do (h=0.0 v=0.0)
W/InputManager(  478): Input event injection from pid 6098 failed.
W/ActivityManager(  478): Duplicate finish request for ActivityRecord{4ab95084 u0 com.joshclemm.android.quake/.preferences.PreferencesActivity t41 f}
W/InputManager(  478): Input event injection from pid 6098 failed.
I/System.out( 6108): body:<com.joshclemm.android.quake.c.d: java.util.ArrayList a(android.location.Location,boolean)>	sig:specialinvoke $r1.<java.net.URL: void <init>(java.lang.String)>("http://earthquake.usgs.gov/earthquakes/feed/v1.0/summary/1.0_day.geojson")	timediff:0
I/System.out( 6108): <com.joshclemm.android.quake.c.d: java.util.ArrayList a(android.location.Location,boolean)>###specialinvoke $r1.<java.net.URL: void <init>(java.lang.String)>("http://earthquake.usgs.gov/earthquakes/feed/v1.0/summary/1.0_day.geojson")###http://earthquake.usgs.gov/earthquakes/feed/v1.0/summary/1.0_day.geojson
I/System.out( 6108): body:<com.joshclemm.android.quake.f.j: java.lang.String a(java.net.URL)>	sig:$r3 = virtualinvoke $r0.<java.net.URL: java.net.URLConnection openConnection()>()	timediff:0
I/System.out( 6108): body:<com.joshclemm.android.quake.f.j: java.lang.String a(java.net.URL)>	sig:$r4 = virtualinvoke $r3.<java.net.URLConnection: java.io.InputStream getInputStream()>()	timediff:7
I/System.out( 6108): body:<empirical.HelperClass: void printURLInfo(java.lang.String,java.lang.String,java.net.URLConnection)>	sig:$r0 = virtualinvoke urlConnection.<java.net.URLConnection: java.net.URL getURL()>()	timediff:0
I/System.out( 6108): body:<empirical.HelperClass: void printURLInfo(java.lang.String,java.lang.String,java.net.URLConnection)>	sig:urlString = virtualinvoke $r0.<java.net.URL: java.lang.String toString()>()	timediff:0
I/System.out( 6108): body:<empirical.HelperClass: void printURLInfo(java.lang.String,java.lang.String,java.net.URLConnection)>	sig:isDoOutput = virtualinvoke urlConnection.<java.net.URLConnection: boolean getDoOutput()>()	timediff:0
I/System.out( 6108): body:<empirical.HelperClass: java.lang.String getHeaderField(java.net.URLConnection,java.lang.String)>	sig:data = virtualinvoke conn.<java.net.URLConnection: java.lang.String getHeaderField(java.lang.String)>(field)	timediff:0
I/System.out( 6108): body:<empirical.HelperClass: java.lang.String getHeaderField(java.net.URLConnection,java.lang.String)>	sig:data = virtualinvoke conn.<java.net.URLConnection: java.lang.String getHeaderField(java.lang.String)>(field)	timediff:0
I/System.out( 6108): body:<empirical.HelperClass: java.lang.String getHeaderField(java.net.URLConnection,java.lang.String)>	sig:data = virtualinvoke conn.<java.net.URLConnection: java.lang.String getHeaderField(java.lang.String)>(field)	timediff:0
I/System.out( 6108): body:<empirical.HelperClass: java.lang.String getHeaderField(java.net.URLConnection,java.lang.String)>	sig:data = virtualinvoke conn.<java.net.URLConnection: java.lang.String getHeaderField(java.lang.String)>(field)	timediff:0
I/System.out( 6108): body:<empirical.HelperClass: java.lang.String getHeaderField(java.net.URLConnection,java.lang.String)>	sig:data = virtualinvoke conn.<java.net.URLConnection: java.lang.String getHeaderField(java.lang.String)>(field)	timediff:0
I/System.out( 6108): URLConn;%;30;%;<com.joshclemm.android.quake.f.j: java.lang.String a(java.net.URL)>;%;$r4 = virtualinvoke $r3.<java.net.URLConnection: java.io.InputStream getInputStream()>();%;https://earthquake.usgs.gov/earthquakes/feed/v1.0/summary/1.0_day.geojson;%;false;%;0;%;max-age=0;%;Thu, 12 Apr 2018 19:04:05 GMT;%;Not found;%;Not found
W/EGL_emulation( 6108): eglSurfaceAttrib not implemented 3093 12436
W/ViewRootImpl( 6108): Dropping event due to no window focus: KeyEvent { action=ACTION_DOWN, keyCode=KEYCODE_7, scanCode=0, metaState=0, flags=0x8, repeatCount=0, eventTime=245115, downTime=245115, deviceId=-1, source=0x101 }
W/ViewRootImpl( 6108): Dropping event due to no window focus: KeyEvent { action=ACTION_DOWN, keyCode=KEYCODE_DPAD_CENTER, scanCode=0, metaState=0, flags=0x8, repeatCount=0, eventTime=245136, downTime=245136, deviceId=-1, source=0x101 }
W/ViewRootImpl( 6108): Dropping event due to no window focus: KeyEvent { action=ACTION_DOWN, keyCode=KEYCODE_DPAD_UP, scanCode=0, metaState=0, flags=0x8, repeatCount=0, eventTime=245161, downTime=245161, deviceId=-1, source=0x101 }
W/ContextImpl(  478): Calling a method in the system process without a qualified user: android.app.ContextImpl.sendBroadcast:1123 com.android.server.InputMethodManagerService.hideCurrentInputLocked:1880 com.android.server.InputMethodManagerService.windowGainedFocus:1968 com.android.internal.view.IInputMethodManager$Stub.onTransact:221 com.android.server.InputMethodManagerService.onTransact:818 
W/ViewRootImpl( 6108): Dropping event due to no window focus: KeyEvent { action=ACTION_DOWN, keyCode=KEYCODE_DPAD_DOWN, scanCode=0, metaState=0, flags=0x400, repeatCount=0, eventTime=245158, downTime=245158, deviceId=-1, source=0x101 }
W/ViewRootImpl( 6108): Dropping event due to no window focus: KeyEvent { action=ACTION_DOWN, keyCode=KEYCODE_DPAD_DOWN, scanCode=0, metaState=0, flags=0x400, repeatCount=0, eventTime=245158, downTime=245158, deviceId=-1, source=0x101 }
W/ViewRootImpl( 6108): Dropping event due to no window focus: KeyEvent { action=ACTION_DOWN, keyCode=KEYCODE_DPAD_DOWN, scanCode=0, metaState=0, flags=0x400, repeatCount=0, eventTime=245158, downTime=245158, deviceId=-1, source=0x101 }
W/ViewRootImpl( 6108): Dropping event due to no window focus: KeyEvent { action=ACTION_DOWN, keyCode=KEYCODE_DPAD_DOWN, scanCode=0, metaState=0, flags=0x400, repeatCount=0, eventTime=245158, downTime=245158, deviceId=-1, source=0x101 }
I/System.out( 6108): body:<com.joshclemm.android.quake.f.t: java.net.URL e()>	sig:specialinvoke $r6.<java.net.URL: void <init>(java.lang.String)>($r4)	timediff:0
I/System.out( 6108): <com.joshclemm.android.quake.f.t: java.net.URL e()>###specialinvoke $r6.<java.net.URL: void <init>(java.lang.String)>($r4)###http://earthquake.usgs.gov/fdsnws/event/1/query?minmagnitude=2.5&orderby=magnitude&limit=1&starttime=2018-04-12T00%3A00%3A05-0700&format=csv
I/System.out( 6108): body:<com.joshclemm.android.quake.f.t: java.net.URL e()>	sig:specialinvoke $r6.<java.net.URL: void <init>(java.lang.String)>($r4)	timediff:0
I/System.out( 6108): <com.joshclemm.android.quake.f.t: java.net.URL e()>###specialinvoke $r6.<java.net.URL: void <init>(java.lang.String)>($r4)###http://earthquake.usgs.gov/fdsnws/event/1/query?minmagnitude=2.5&orderby=magnitude&limit=1&starttime=2018-04-05T12%3A04%3A05-0700&format=csv
I/System.out( 6108): body:<com.joshclemm.android.quake.f.t: java.net.URL e()>	sig:specialinvoke $r6.<java.net.URL: void <init>(java.lang.String)>($r4)	timediff:0
I/System.out( 6108): <com.joshclemm.android.quake.f.t: java.net.URL e()>###specialinvoke $r6.<java.net.URL: void <init>(java.lang.String)>($r4)###http://earthquake.usgs.gov/fdsnws/event/1/query?minmagnitude=5.0&orderby=magnitude&limit=50&starttime=2018-01-01T12%3A04%3A05-0700&minmmi=5.0&minsig=700&format=geojson
I/System.out( 6108): body:<com.joshclemm.android.quake.f.t: java.net.URL e()>	sig:specialinvoke $r6.<java.net.URL: void <init>(java.lang.String)>($r4)	timediff:0
I/System.out( 6108): <com.joshclemm.android.quake.f.t: java.net.URL e()>###specialinvoke $r6.<java.net.URL: void <init>(java.lang.String)>($r4)###http://earthquake.usgs.gov/fdsnws/event/1/count?minmagnitude=1.0&orderby=magnitude&starttime=2018-04-09T00%3A00%3A05-0700&format=csv
I/System.out( 6108): body:<com.joshclemm.android.quake.f.t: java.net.URL e()>	sig:specialinvoke $r6.<java.net.URL: void <init>(java.lang.String)>($r4)	timediff:1
I/System.out( 6108): <com.joshclemm.android.quake.f.t: java.net.URL e()>###specialinvoke $r6.<java.net.URL: void <init>(java.lang.String)>($r4)###http://earthquake.usgs.gov/fdsnws/event/1/count?minmagnitude=1.0&orderby=magnitude&starttime=2018-04-12T00%3A00%3A05-0700&format=csv
I/System.out( 6108): body:<com.joshclemm.android.quake.f.t: java.net.URL e()>	sig:specialinvoke $r6.<java.net.URL: void <init>(java.lang.String)>($r4)	timediff:0
I/System.out( 6108): <com.joshclemm.android.quake.f.t: java.net.URL e()>###specialinvoke $r6.<java.net.URL: void <init>(java.lang.String)>($r4)###http://earthquake.usgs.gov/fdsnws/event/1/count?minmagnitude=1.0&orderby=magnitude&starttime=2018-04-01T00%3A00%3A05-0700&format=csv
I/System.out( 6108): body:<com.joshclemm.android.quake.f.t: java.net.URL e()>	sig:specialinvoke $r6.<java.net.URL: void <init>(java.lang.String)>($r4)	timediff:0
I/System.out( 6108): <com.joshclemm.android.quake.f.t: java.net.URL e()>###specialinvoke $r6.<java.net.URL: void <init>(java.lang.String)>($r4)###http://earthquake.usgs.gov/fdsnws/event/1/query?minmagnitude=3.0&orderby=magnitude&limit=10&starttime=2018-03-13T12%3A04%3A05-0700&minsig=150&latitude=33.985806&longitude=-118.25411&minradiuskm=0&maxradiuskm=482.8032&format=geojson
I/System.out( 6108): body:<com.joshclemm.android.quake.f.j: java.lang.String a(java.net.URL)>	sig:$r3 = virtualinvoke $r0.<java.net.URL: java.net.URLConnection openConnection()>()	timediff:0
I/System.out( 6108): body:<com.joshclemm.android.quake.f.j: java.lang.String a(java.net.URL)>	sig:$r4 = virtualinvoke $r3.<java.net.URLConnection: java.io.InputStream getInputStream()>()	timediff:6
I/System.out( 6108): body:<empirical.HelperClass: void printURLInfo(java.lang.String,java.lang.String,java.net.URLConnection)>	sig:$r0 = virtualinvoke urlConnection.<java.net.URLConnection: java.net.URL getURL()>()	timediff:0
I/System.out( 6108): body:<empirical.HelperClass: void printURLInfo(java.lang.String,java.lang.String,java.net.URLConnection)>	sig:urlString = virtualinvoke $r0.<java.net.URL: java.lang.String toString()>()	timediff:1
I/System.out( 6108): body:<empirical.HelperClass: void printURLInfo(java.lang.String,java.lang.String,java.net.URLConnection)>	sig:isDoOutput = virtualinvoke urlConnection.<java.net.URLConnection: boolean getDoOutput()>()	timediff:0
I/System.out( 6108): body:<empirical.HelperClass: java.lang.String getHeaderField(java.net.URLConnection,java.lang.String)>	sig:data = virtualinvoke conn.<java.net.URLConnection: java.lang.String getHeaderField(java.lang.String)>(field)	timediff:0
I/System.out( 6108): body:<empirical.HelperClass: java.lang.String getHeaderField(java.net.URLConnection,java.lang.String)>	sig:data = virtualinvoke conn.<java.net.URLConnection: java.lang.String getHeaderField(java.lang.String)>(field)	timediff:0
I/System.out( 6108): body:<empirical.HelperClass: java.lang.String getHeaderField(java.net.URLConnection,java.lang.String)>	sig:data = virtualinvoke conn.<java.net.URLConnection: java.lang.String getHeaderField(java.lang.String)>(field)	timediff:0
I/System.out( 6108): body:<empirical.HelperClass: java.lang.String getHeaderField(java.net.URLConnection,java.lang.String)>	sig:data = virtualinvoke conn.<java.net.URLConnection: java.lang.String getHeaderField(java.lang.String)>(field)	timediff:0
I/System.out( 6108): body:<empirical.HelperClass: java.lang.String getHeaderField(java.net.URLConnection,java.lang.String)>	sig:data = virtualinvoke conn.<java.net.URLConnection: java.lang.String getHeaderField(java.lang.String)>(field)	timediff:0
I/System.out( 6108): URLConn;%;31;%;<com.joshclemm.android.quake.f.j: java.lang.String a(java.net.URL)>;%;$r4 = virtualinvoke $r3.<java.net.URLConnection: java.io.InputStream getInputStream()>();%;https://earthquake.usgs.gov/fdsnws/event/1/query?minmagnitude=3.0&orderby=magnitude&limit=10&starttime=2018-03-13T12%3A04%3A05-0700&minsig=150&latitude=33.985806&longitude=-118.25411&minradiuskm=0&maxradiuskm=482.8032&format=geojson;%;false;%;0;%;max-age=0;%;Thu, 12 Apr 2018 19:04:05 GMT;%;Not found;%;Not found
W/System.err( 6108): org.json.JSONException: End of input at character 0 of 
W/System.err( 6108): 	at org.json.JSONTokener.syntaxError(JSONTokener.java:450)
W/System.err( 6108): 	at org.json.JSONTokener.nextValue(JSONTokener.java:97)
W/System.err( 6108): 	at org.json.JSONObject.<init>(JSONObject.java:155)
W/System.err( 6108): 	at org.json.JSONObject.<init>(JSONObject.java:172)
W/System.err( 6108): 	at com.joshclemm.android.quake.c.d.a(SourceFile:84)
W/System.err( 6108): 	at com.joshclemm.android.quake.fragment.an.run(SourceFile:693)
W/System.err( 6108): 	at java.util.concurrent.ThreadPoolExecutor.runWorker(ThreadPoolExecutor.java:1112)
W/System.err( 6108): 	at java.util.concurrent.ThreadPoolExecutor$Worker.run(ThreadPoolExecutor.java:587)
W/System.err( 6108): 	at java.lang.Thread.run(Thread.java:841)
I/System.out( 6108): body:<com.joshclemm.android.quake.fragment.an: void run()>	sig:$r14 = virtualinvoke $r1.<java.net.URL: java.io.InputStream openStream()>()	timediff:10
I/ActivityManager(  478): START u0 {act=android.intent.action.MAIN cat=[android.intent.category.HOME] flg=0x10200000 cmp=com.vphone.launcher/.Launcher} from pid 478
I/System.out( 6108): body:<com.joshclemm.android.quake.fragment.an: void run()>	sig:$r2 = virtualinvoke $r1.<java.net.URL: java.lang.String toString()>()	timediff:0
I/System.out( 6108): totalThisMonth timing: 13ms
I/System.out( 6108): http://earthquake.usgs.gov/fdsnws/event/1/count?minmagnitude=1.0&orderby=magnitude&starttime=2018-04-01T00%3A00%3A05-0700&format=csv
I/System.out( 6108): body:<com.joshclemm.android.quake.f.j: java.lang.String a(java.net.URL)>	sig:$r3 = virtualinvoke $r0.<java.net.URL: java.net.URLConnection openConnection()>()	timediff:0
I/System.out( 6108): body:<com.joshclemm.android.quake.c.b: java.util.ArrayList a(android.location.Location,java.net.URL)>	sig:$r9 = virtualinvoke $r1.<java.net.URL: java.io.InputStream openStream()>()	timediff:5
I/System.out( 6108): body:<com.joshclemm.android.quake.fragment.an: void run()>	sig:$r2 = virtualinvoke $r1.<java.net.URL: java.lang.String toString()>()	timediff:0
I/System.out( 6108): largestThisWeek timing: 6ms
I/System.out( 6108): http://earthquake.usgs.gov/fdsnws/event/1/query?minmagnitude=2.5&orderby=magnitude&limit=1&starttime=2018-04-05T12%3A04%3A05-0700&format=csv
I/System.out( 6108): body:<com.joshclemm.android.quake.f.j: java.lang.String a(java.net.URL)>	sig:$r4 = virtualinvoke $r3.<java.net.URLConnection: java.io.InputStream getInputStream()>()	timediff:6
I/System.out( 6108): body:<empirical.HelperClass: void printURLInfo(java.lang.String,java.lang.String,java.net.URLConnection)>	sig:$r0 = virtualinvoke urlConnection.<java.net.URLConnection: java.net.URL getURL()>()	timediff:0
I/System.out( 6108): body:<empirical.HelperClass: void printURLInfo(java.lang.String,java.lang.String,java.net.URLConnection)>	sig:urlString = virtualinvoke $r0.<java.net.URL: java.lang.String toString()>()	timediff:0
I/System.out( 6108): body:<empirical.HelperClass: void printURLInfo(java.lang.String,java.lang.String,java.net.URLConnection)>	sig:isDoOutput = virtualinvoke urlConnection.<java.net.URLConnection: boolean getDoOutput()>()	timediff:0
I/System.out( 6108): body:<empirical.HelperClass: java.lang.String getHeaderField(java.net.URLConnection,java.lang.String)>	sig:data = virtualinvoke conn.<java.net.URLConnection: java.lang.String getHeaderField(java.lang.String)>(field)	timediff:0
I/System.out( 6108): body:<empirical.HelperClass: java.lang.String getHeaderField(java.net.URLConnection,java.lang.String)>	sig:data = virtualinvoke conn.<java.net.URLConnection: java.lang.String getHeaderField(java.lang.String)>(field)	timediff:0
I/System.out( 6108): body:<empirical.HelperClass: java.lang.String getHeaderField(java.net.URLConnection,java.lang.String)>	sig:data = virtualinvoke conn.<java.net.URLConnection: java.lang.String getHeaderField(java.lang.String)>(field)	timediff:0
I/System.out( 6108): body:<empirical.HelperClass: java.lang.String getHeaderField(java.net.URLConnection,java.lang.String)>	sig:data = virtualinvoke conn.<java.net.URLConnection: java.lang.String getHeaderField(java.lang.String)>(field)	timediff:0
I/System.out( 6108): body:<empirical.HelperClass: java.lang.String getHeaderField(java.net.URLConnection,java.lang.String)>	sig:data = virtualinvoke conn.<java.net.URLConnection: java.lang.String getHeaderField(java.lang.String)>(field)	timediff:0
I/System.out( 6108): URLConn;%;32;%;<com.joshclemm.android.quake.f.j: java.lang.String a(java.net.URL)>;%;$r4 = virtualinvoke $r3.<java.net.URLConnection: java.io.InputStream getInputStream()>();%;https://earthquake.usgs.gov/fdsnws/event/1/query?minmagnitude=5.0&orderby=magnitude&limit=50&starttime=2018-01-01T12%3A04%3A05-0700&minmmi=5.0&minsig=700&format=geojson;%;false;%;0;%;max-age=0;%;Thu, 12 Apr 2018 19:04:05 GMT;%;Not found;%;Not found
W/System.err( 6108): org.json.JSONException: End of input at character 0 of 
W/System.err( 6108): 	at org.json.JSONTokener.syntaxError(JSONTokener.java:450)
W/System.err( 6108): 	at org.json.JSONTokener.nextValue(JSONTokener.java:97)
W/System.err( 6108): 	at org.json.JSONObject.<init>(JSONObject.java:155)
W/System.err( 6108): 	at org.json.JSONObject.<init>(JSONObject.java:172)
W/System.err( 6108): 	at com.joshclemm.android.quake.c.d.a(SourceFile:84)
W/System.err( 6108): 	at com.joshclemm.android.quake.fragment.an.run(SourceFile:693)
W/System.err( 6108): 	at java.util.concurrent.ThreadPoolExecutor.runWorker(ThreadPoolExecutor.java:1112)
W/System.err( 6108): 	at java.util.concurrent.ThreadPoolExecutor$Worker.run(ThreadPoolExecutor.java:587)
W/System.err( 6108): 	at java.lang.Thread.run(Thread.java:841)
I/System.out( 6108): body:<com.joshclemm.android.quake.fragment.an: void run()>	sig:$r14 = virtualinvoke $r1.<java.net.URL: java.io.InputStream openStream()>()	timediff:10
I/System.out( 6108): body:<com.joshclemm.android.quake.fragment.an: void run()>	sig:$r2 = virtualinvoke $r1.<java.net.URL: java.lang.String toString()>()	timediff:0
I/System.out( 6108): totalThisWeek timing: 10ms
I/System.out( 6108): http://earthquake.usgs.gov/fdsnws/event/1/count?minmagnitude=1.0&orderby=magnitude&starttime=2018-04-09T00%3A00%3A05-0700&format=csv
I/System.out( 6108): OVERALL STATS timing: 24ms
D/dalvikvm(  478): GC_FOR_ALLOC freed 882K, 30% free 14046K/19944K, paused 16ms, total 16ms
D/dalvikvm(  478): GC_FOR_ALLOC freed 645K, 31% free 13826K/19944K, paused 11ms, total 11ms
W/SurfaceFlinger(  166): couldn't log to binary event log: 