--------- beginning of /dev/log/system
I/ActivityManager(  481): Waited long enough for: ServiceRecord{4abb1c28 u0 com.google.android.gms/.chimera.GmsIntentOperationService}
--------- beginning of /dev/log/main
I/Icing   (  711): Indexing F4FAA6262FE39DDD50BAE6B7AF5CDB8D73BA0DB0 from com.google.android.gms
D/dalvikvm(  711): GC_CONCURRENT freed 2477K, 47% free 10155K/19072K, paused 4ms+7ms, total 42ms
D/dalvikvm(  711): WAIT_FOR_CONCURRENT_GC blocked 29ms
I/Icing   (  711): Indexing done F4FAA6262FE39DDD50BAE6B7AF5CDB8D73BA0DB0
D/AndroidRuntime( 1136): 
D/AndroidRuntime( 1136): >>>>>> AndroidRuntime START com.android.internal.os.RuntimeInit <<<<<<
D/AndroidRuntime( 1136): CheckJNI is OFF
D/dalvikvm( 1136): Using executionMode 2
D/dalvikvm( 1136): Trying to load lib libjavacore.so 0x0
D/dalvikvm( 1136): Added shared lib libjavacore.so 0x0
D/dalvikvm( 1136): Trying to load lib libnativehelper.so 0x0
D/dalvikvm( 1136): Added shared lib libnativehelper.so 0x0
D/dalvikvm( 1136): No JNI_OnLoad found in libnativehelper.so 0x0, skipping init
D/dalvikvm( 1136): Note: class Landroid/app/ActivityManagerNative; has 179 unimplemented (abstract) methods
E/memtrack( 1136): Couldn't load memtrack module (No such file or directory)
E/android.os.Debug( 1136): failed to load memtrack module: -2
D/AndroidRuntime( 1136): Calling main entry com.android.commands.monkey.Monkey
W/BroadcastQueue(  481): Skipping deliver [background] BroadcastRecord{4a9d76b4 u-1 android.net.conn.CONNECTIVITY_CHANGE} to ReceiverList{4aa9bcb0 1136 (unknown name)/0/u-1 remote:4a942490}: process crashing
I/ActivityManager(  481): START u0 {act=android.intent.action.MAIN cat=[android.intent.category.LAUNCHER] flg=0x10200000 cmp=com.universal.breakingfoxnews/com.sherdle.universal.MainActivity} from pid 1136
D/WebViewTimersControl(18799): onBrowserActivityPause
D/WebViewTimersControl(18799): Pausing webview timers, view=com.android.browser.BrowserWebView{4a9e0a2c VFEDHVCL .F...... 0,0-720,1164}
I/ActivityManager(  481): Start proc com.universal.breakingfoxnews for activity com.universal.breakingfoxnews/com.sherdle.universal.MainActivity: pid=1146 uid=10222 gids={50222, 3003, 1028, 1015, 1023}
W/NetworkManagementSocketTagger(  481): setKernelCountSet(10222, 1) failed with errno -13
I/dalvikvm( 1146): ignoring registerObject request in thread=1
I/dalvikvm( 1146): ignoring registerObject request in thread=1
I/dalvikvm( 1146): Could not find method android.app.Notification$Builder.setLocalOnly, referenced from method com.google.android.gms.common.GooglePlayServicesUtil.zza
W/dalvikvm( 1146): VFY: unable to resolve virtual method 252: Landroid/app/Notification$Builder;.setLocalOnly (Z)Landroid/app/Notification$Builder;
D/dalvikvm( 1146): VFY: replacing opcode 0x6e at 0x0100
I/dalvikvm( 1146): Could not find method android.content.pm.PackageManager.getPackageInstaller, referenced from method com.google.android.gms.common.GooglePlayServicesUtil.zzj
W/dalvikvm( 1146): VFY: unable to resolve virtual method 570: Landroid/content/pm/PackageManager;.getPackageInstaller ()Landroid/content/pm/PackageInstaller;
D/dalvikvm( 1146): VFY: replacing opcode 0x6e at 0x000a
I/GMPM    ( 1146): App measurement is starting up
I/dalvikvm( 1146): Could not find method com.sherdle.universal.MainActivity.requestPermissions, referenced from method com.sherdle.universal.MainActivity.checkPermissionsHandleIfNeeded
W/dalvikvm( 1146): VFY: unable to resolve virtual method 53869: Lcom/sherdle/universal/MainActivity;.requestPermissions ([Ljava/lang/String;I)V
D/dalvikvm( 1146): VFY: replacing opcode 0x6e at 0x0026
E/GMPM    ( 1146): getGoogleAppId failed with status: 10
E/GMPM    ( 1146): Uploading is not possible. App measurement disabled
W/dalvikvm( 1146): VFY: unable to find class referenced in signature (Landroid/view/SearchEvent;)
I/dalvikvm( 1146): Could not find method android.view.Window$Callback.onSearchRequested, referenced from method android.support.v7.internal.view.WindowCallbackWrapper.onSearchRequested
W/dalvikvm( 1146): VFY: unable to resolve interface method 18009: Landroid/view/Window$Callback;.onSearchRequested (Landroid/view/SearchEvent;)Z
D/dalvikvm( 1146): VFY: replacing opcode 0x72 at 0x0002
I/dalvikvm( 1146): Could not find method android.view.Window$Callback.onWindowStartingActionMode, referenced from method android.support.v7.internal.view.WindowCallbackWrapper.onWindowStartingActionMode
W/dalvikvm( 1146): VFY: unable to resolve interface method 18013: Landroid/view/Window$Callback;.onWindowStartingActionMode (Landroid/view/ActionMode$Callback;I)Landroid/view/ActionMode;
D/dalvikvm( 1146): VFY: replacing opcode 0x72 at 0x0002
D/dalvikvm( 1146): JIT code cache reset in 0 ms (0 bytes 1/0)
D/dalvikvm( 1146): GC_CONCURRENT freed 240K, 10% free 2955K/3248K, paused 4ms+2ms, total 12ms
W/Ads     ( 1146): Required XML attribute "adUnitId" was missing.
I/dalvikvm( 1146): Could not find method android.content.res.TypedArray.getChangingConfigurations, referenced from method android.support.v7.internal.widget.TintTypedArray.getChangingConfigurations
W/dalvikvm( 1146): VFY: unable to resolve virtual method 657: Landroid/content/res/TypedArray;.getChangingConfigurations ()I
D/dalvikvm( 1146): VFY: replacing opcode 0x6e at 0x0002
I/dalvikvm( 1146): Could not find method android.content.res.TypedArray.getType, referenced from method android.support.v7.internal.widget.TintTypedArray.getType
W/dalvikvm( 1146): VFY: unable to resolve virtual method 679: Landroid/content/res/TypedArray;.getType (I)I
D/dalvikvm( 1146): VFY: replacing opcode 0x6e at 0x0002
I/dalvikvm( 1146): Could not find method android.view.ViewAnimationUtils.createCircularReveal, referenced from method com.sherdle.universal.util.Helper.revealView
W/dalvikvm( 1146): VFY: unable to resolve static method 17816: Landroid/view/ViewAnimationUtils;.createCircularReveal (Landroid/view/View;IIFF)Landroid/animation/Animator;
D/dalvikvm( 1146): VFY: replacing opcode 0x71 at 0x002b
I/dalvikvm( 1146): Could not find method android.view.Window.setStatusBarColor, referenced from method com.sherdle.universal.util.Helper.setStatusBarColor
W/dalvikvm( 1146): VFY: unable to resolve virtual method 18028: Landroid/view/Window;.setStatusBarColor (I)V
D/dalvikvm( 1146): VFY: replacing opcode 0x6e at 0x000a
D/dalvikvm( 1146): GC_CONCURRENT freed 258K, 10% free 3106K/3420K, paused 2ms+0ms, total 4ms
V/INFO    ( 1146): Push Notifications Enabled
D/dalvikvm( 1146): GC_FOR_ALLOC freed 58K, 10% free 3138K/3476K, paused 2ms, total 2ms
I/dalvikvm-heap( 1146): Grow heap (frag case) to 3.727MB for 635808-byte allocation
D/dalvikvm( 1146): GC_FOR_ALLOC freed <1K, 9% free 3758K/4100K, paused 1ms, total 1ms
D/dalvikvm( 1146): GC_CONCURRENT freed <1K, 9% free 3758K/4100K, paused 0ms+0ms, total 1ms
W/dalvikvm( 1146): VFY: unable to find class referenced in signature (Lokhttp3/Request;)
W/dalvikvm( 1146): VFY: unable to find class referenced in signature (Lokhttp3/Response;)
I/dalvikvm( 1146): Could not find method okhttp3.Response.headers, referenced from method empirical.HelperClass.printOkHttpInfo
W/dalvikvm( 1146): VFY: unable to resolve virtual method 57289: Lokhttp3/Response;.headers ()Lokhttp3/Headers;
D/dalvikvm( 1146): VFY: replacing opcode 0x6e at 0x0006
W/dalvikvm( 1146): VFY: unable to find class referenced in signature (Lokhttp3/Call;)
W/dalvikvm( 1146): VFY: unable to find class referenced in signature (Lokhttp3/Response;)
I/dalvikvm( 1146): Could not find method okhttp3.Call.request, referenced from method empirical.HelperClass.printOkHttpInfoFromCall
W/dalvikvm( 1146): VFY: unable to resolve interface method 57283: Lokhttp3/Call;.request ()Lokhttp3/Request;
D/dalvikvm( 1146): VFY: replacing opcode 0x72 at 0x0006
I/System.out( 1146): body:<com.sherdle.universal.rss.ui.RssFragment$MyTask: java.lang.Void doInBackground(java.lang.Void[])>	sig:specialinvoke $r5.<java.net.URL: void <init>(java.lang.String)>($r7)	timediff:1
I/System.out( 1146): <com.sherdle.universal.rss.ui.RssFragment$MyTask: java.lang.Void doInBackground(java.lang.Void[])>###specialinvoke $r5.<java.net.URL: void <init>(java.lang.String)>($r7)###http://battlefat.com/rss2txt/makefulltextfeed.php?url=feeds.foxnews.com/foxnews/latest&max=10&links=preserve&exc=1&submit=Create+Feed
D/dalvikvm( 1146): GC_CONCURRENT freed 114K, 6% free 4032K/4284K, paused 0ms+0ms, total 3ms
V/INFO    ( 1146): Status = true
D/libEGL  ( 1146): loaded /system/lib/egl/libEGL_adreno.so
D/        ( 1146): HostConnection::get() New Host Connection established 0xb81f13f0, tid 1146
D/libEGL  ( 1146): loaded /system/lib/egl/libGLESv1_CM_adreno.so
D/libEGL  ( 1146): loaded /system/lib/egl/libGLESv2_adreno.so
W/EGL_emulation( 1146): eglSurfaceAttrib not implemented 3093 12436
D/OpenGLRenderer( 1146): Enabling debug mode 0
D/dalvikvm( 1146): GC_FOR_ALLOC freed 48K, 7% free 4021K/4284K, paused 3ms, total 3ms
I/dalvikvm-heap( 1146): Grow heap (frag case) to 5.249MB for 1327116-byte allocation
D/dalvikvm( 1146): GC_FOR_ALLOC freed <1K, 5% free 5317K/5584K, paused 4ms, total 4ms
D/dalvikvm( 1146): GC_CONCURRENT freed <1K, 5% free 5316K/5584K, paused 0ms+1ms, total 2ms
I/LocalService( 1146): Received start id 1: Intent { cmp=com.universal.breakingfoxnews/com.sherdle.universal.rss.RssService }
V/RSS Service( 1146): started
W/ViewRootImpl( 1146): Dropping event due to no window focus: KeyEvent { action=ACTION_DOWN, keyCode=KEYCODE_DPAD_LEFT, scanCode=0, metaState=0, flags=0x8, repeatCount=0, eventTime=1930524, downTime=1930524, deviceId=-1, source=0x101 }
I/ActivityManager(  481): Displayed com.universal.breakingfoxnews/com.sherdle.universal.MainActivity: +793ms
W/ContextImpl(  481): Calling a method in the system process without a qualified user: android.app.ContextImpl.sendBroadcast:1123 com.android.server.InputMethodManagerService.hideCurrentInputLocked:1880 com.android.server.InputMethodManagerService.windowGainedFocus:1968 com.android.internal.view.IInputMethodManager$Stub.onTransact:221 com.android.server.InputMethodManagerService.onTransact:818 
W/IInputConnectionWrapper(18799): showStatusIcon on inactive InputConnection
W/ViewRootImpl( 1146): Dropping event due to no window focus: KeyEvent { action=ACTION_DOWN, keyCode=KEYCODE_MENU, scanCode=0, metaState=0, flags=0x8, repeatCount=0, eventTime=1931345, downTime=1931345, deviceId=-1, source=0x101 }
I/ActivityManager(  481): START u0 {act=android.intent.action.MAIN cat=[android.intent.category.LAUNCHER] flg=0x10200000 cmp=com.universal.breakingfoxnews/com.sherdle.universal.MainActivity} from pid 1136
W/NetworkManagementSocketTagger(  481): setKernelCountSet(10017, 0) failed with errno -13
W/InputMethodManagerService(  481): Window already focused, ignoring focus gain of: com.android.internal.view.IInputMethodClient$Stub$Proxy@4ab7c6b8 attribute=null, token = android.os.BinderProxy@4aaa003c
W/dalvikvm( 1146): method Landroid/support/v7/internal/widget/ListViewCompat;.lookForSelectablePosition incorrectly overrides package-private method with same name in Landroid/widget/ListView;
I/dalvikvm( 1146): Could not find method android.view.View.drawableHotspotChanged, referenced from method android.support.v7.widget.ListPopupWindow$DropDownListView.setPressedItem
W/dalvikvm( 1146): VFY: unable to resolve virtual method 17607: Landroid/view/View;.drawableHotspotChanged (FF)V
D/dalvikvm( 1146): VFY: replacing opcode 0x6e at 0x004e
W/ViewRootImpl( 1146): Dropping event due to no window focus: KeyEvent { action=ACTION_DOWN, keyCode=KEYCODE_DPAD_RIGHT, scanCode=0, metaState=0, flags=0x8, repeatCount=0, eventTime=1931509, downTime=1931509, deviceId=-1, source=0x101 }
W/EGL_emulation( 1146): eglSurfaceAttrib not implemented 3093 12436
W/ViewRootImpl( 1146): Dropping event due to no window focus: KeyEvent { action=ACTION_DOWN, keyCode=KEYCODE_9, scanCode=0, metaState=0, flags=0x8, repeatCount=0, eventTime=1931528, downTime=1931528, deviceId=-1, source=0x101 }
W/InputEventReceiver( 1146): Attempted to finish an input event but the input event receiver has already been disposed.
W/InputEventReceiver( 1146): Attempted to finish an input event but the input event receiver has already been disposed.
W/InputEventReceiver( 1146): Attempted to finish an input event but the input event receiver has already been disposed.
W/ViewRootImpl( 1146): Dropping event due to root view being removed: MotionEvent { action=ACTION_MOVE, id[0]=0, x[0]=124.477295, y[0]=574.339, toolType[0]=TOOL_TYPE_UNKNOWN, buttonState=0, metaState=0, flags=0x0, edgeFlags=0x0, pointerCount=1, historySize=2, eventTime=1931558, downTime=1931557, deviceId=0, source=0x1002 }
W/ViewRootImpl( 1146): Dropping event due to root view being removed: MotionEvent { action=ACTION_UP, id[0]=0, x[0]=145.84393, y[0]=595.47943, toolType[0]=TOOL_TYPE_UNKNOWN, buttonState=0, metaState=0, flags=0x0, edgeFlags=0x0, pointerCount=1, historySize=0, eventTime=1931558, downTime=1931557, deviceId=0, source=0x1002 }
W/ViewRootImpl( 1146): Dropping event due to no window focus: KeyEvent { action=ACTION_DOWN, keyCode=KEYCODE_DPAD_DOWN, scanCode=0, metaState=0, flags=0x8, repeatCount=0, eventTime=1931573, downTime=1931573, deviceId=-1, source=0x101 }
I/ActivityManager(  481): START u0 {act=android.intent.action.MAIN cat=[android.intent.category.LAUNCHER] flg=0x10000000 sel={act=android.intent.action.MAIN cat=[android.intent.category.APP_EMAIL]}} from pid 481
W/InputMethodManagerService(  481): Window already focused, ignoring focus gain of: com.android.internal.view.IInputMethodClient$Stub$Proxy@4a970e40 attribute=android.view.inputmethod.EditorInfo@4ae2e640, token = android.os.BinderProxy@4aaa003c
W/ViewRootImpl( 1146): Dropping event due to no window focus: KeyEvent { action=ACTION_DOWN, keyCode=KEYCODE_NUMPAD_9, scanCode=0, metaState=0, flags=0x8, repeatCount=0, eventTime=1931917, downTime=1931917, deviceId=-1, source=0x101 }
W/EGL_emulation( 1146): eglSurfaceAttrib not implemented 3093 12436
W/ViewRootImpl( 1146): Dropping event due to no window focus: KeyEvent { action=ACTION_DOWN, keyCode=KEYCODE_PAGE_UP, scanCode=0, metaState=0, flags=0x8, repeatCount=0, eventTime=1931917, downTime=1931917, deviceId=-1, source=0x101 }
W/ViewRootImpl( 1146): Dropping event due to no window focus: KeyEvent { action=ACTION_DOWN, keyCode=KEYCODE_DPAD_LEFT, scanCode=0, metaState=0, flags=0x8, repeatCount=0, eventTime=1932006, downTime=1932006, deviceId=-1, source=0x101 }
W/InputMethodManagerService(  481): Window already focused, ignoring focus gain of: com.android.internal.view.IInputMethodClient$Stub$Proxy@4ac42b9c attribute=null, token = android.os.BinderProxy@4aaa003c
W/ViewRootImpl( 1146): Dropping event due to no window focus: KeyEvent { action=ACTION_DOWN, keyCode=KEYCODE_MENU, scanCode=0, metaState=0, flags=0x8, repeatCount=0, eventTime=1932285, downTime=1932285, deviceId=-1, source=0x101 }
W/EGL_emulation( 1146): eglSurfaceAttrib not implemented 3093 12436
W/InputEventReceiver( 1146): Attempted to finish an input event but the input event receiver has already been disposed.
W/ViewRootImpl( 1146): Dropping event due to no window focus: KeyEvent { action=ACTION_DOWN, keyCode=KEYCODE_DPAD_UP, scanCode=0, metaState=0, flags=0x8, repeatCount=0, eventTime=1932330, downTime=1932330, deviceId=-1, source=0x101 }
W/ViewRootImpl( 1146): Dropping event due to no window focus: KeyEvent { action=ACTION_DOWN, keyCode=KEYCODE_C, scanCode=0, metaState=0, flags=0x8, repeatCount=0, eventTime=1932331, downTime=1932331, deviceId=-1, source=0x101 }
W/EGL_emulation( 1146): eglSurfaceAttrib not implemented 3093 12436
W/InputMethodManagerService(  481): Window already focused, ignoring focus gain of: com.android.internal.view.IInputMethodClient$Stub$Proxy@4abcb7f8 attribute=android.view.inputmethod.EditorInfo@4adf57c4, token = android.os.BinderProxy@4aaa003c
I/ActivityManager(  481): START u0 {act=android.intent.action.MAIN cat=[android.intent.category.HOME] flg=0x10200000 cmp=com.vphone.launcher/.Launcher} from pid 481
W/InputMethodManagerService(  481): Window already focused, ignoring focus gain of: com.android.internal.view.IInputMethodClient$Stub$Proxy@4a9d3668 attribute=android.view.inputmethod.EditorInfo@4adec220, token = android.os.BinderProxy@4aaa003c
W/ViewRootImpl( 1146): Dropping event due to no window focus: KeyEvent { action=ACTION_DOWN, keyCode=KEYCODE_DPAD_RIGHT, scanCode=0, metaState=0, flags=0x8, repeatCount=0, eventTime=1932556, downTime=1932556, deviceId=-1, source=0x101 }
W/EGL_emulation( 1146): eglSurfaceAttrib not implemented 3093 12436
W/ViewRootImpl( 1146): Dropping event due to no window focus: KeyEvent { action=ACTION_DOWN, keyCode=KEYCODE_DPAD_UP, scanCode=0, metaState=0, flags=0x8, repeatCount=0, eventTime=1932571, downTime=1932571, deviceId=-1, source=0x101 }
I/ActivityManager(  481): START u0 {act=android.intent.action.MAIN cat=[android.intent.category.LAUNCHER] flg=0x10200000 cmp=com.universal.breakingfoxnews/com.sherdle.universal.MainActivity} from pid 1136
W/ViewRootImpl( 1146): Dropping event due to no window focus: KeyEvent { action=ACTION_DOWN, keyCode=KEYCODE_MENU, scanCode=0, metaState=0, flags=0x8, repeatCount=0, eventTime=1932685, downTime=1932685, deviceId=-1, source=0x101 }
W/InputMethodManagerService(  481): Window already focused, ignoring focus gain of: com.android.internal.view.IInputMethodClient$Stub$Proxy@4addae08 attribute=null, token = android.os.BinderProxy@4aaa003c
I/InputDispatcher(  481): Dropped event because of pending overdue app switch.
W/InputManager(  481): Input event injection from pid 1136 failed.
I/ActivityManager(  481): START u0 {act=android.intent.action.MAIN cat=[android.intent.category.LAUNCHER] flg=0x10000000 sel={act=android.intent.action.MAIN cat=[android.intent.category.APP_MUSIC]}} from pid 481
I/ActivityManager(  481): START u0 {act=android.intent.action.MAIN cat=[android.intent.category.LAUNCHER] flg=0x10200000 cmp=com.universal.breakingfoxnews/com.sherdle.universal.MainActivity} from pid 1136
I/WearableService(  641): Wearable Services stopping
I/ActivityManager(  481): START u0 {act=android.intent.action.MAIN cat=[android.intent.category.LAUNCHER] flg=0x10200000 cmp=com.universal.breakingfoxnews/com.sherdle.universal.MainActivity} from pid 1136
I/ActivityManager(  481): START u0 {act=android.intent.action.MAIN cat=[android.intent.category.LAUNCHER] flg=0x10200000 cmp=com.universal.breakingfoxnews/com.sherdle.universal.MainActivity} from pid 1136
W/ViewRootImpl( 1146): Dropping event due to no window focus: KeyEvent { action=ACTION_DOWN, keyCode=KEYCODE_DPAD_LEFT, scanCode=0, metaState=0, flags=0x8, repeatCount=0, eventTime=1933957, downTime=1933957, deviceId=-1, source=0x101 }
W/EGL_emulation( 1146): eglSurfaceAttrib not implemented 3093 12436
W/InputMethodManagerService(  481): Window already focused, ignoring focus gain of: com.android.internal.view.IInputMethodClient$Stub$Proxy@4a8ebd3c attribute=null, token = android.os.BinderProxy@4aaa003c
W/ViewRootImpl( 1146): Dropping event due to no window focus: KeyEvent { action=ACTION_DOWN, keyCode=KEYCODE_DPAD_RIGHT, scanCode=0, metaState=0, flags=0x8, repeatCount=0, eventTime=1934255, downTime=1934255, deviceId=-1, source=0x101 }
W/EGL_emulation( 1146): eglSurfaceAttrib not implemented 3093 12436
W/ViewRootImpl( 1146): Dropping event due to no window focus: KeyEvent { action=ACTION_DOWN, keyCode=KEYCODE_DPAD_DOWN, scanCode=0, metaState=0, flags=0x8, repeatCount=0, eventTime=1934275, downTime=1934275, deviceId=-1, source=0x101 }
W/InputEventReceiver( 1146): Attempted to finish an input event but the input event receiver has already been disposed.
W/InputEventReceiver( 1146): Attempted to finish an input event but the input event receiver has already been disposed.
W/ViewRootImpl( 1146): Dropping event due to root view being removed: MotionEvent { action=ACTION_MOVE, id[0]=0, x[0]=1.0, y[0]=-1.0, toolType[0]=TOOL_TYPE_UNKNOWN, buttonState=0, metaState=0, flags=0x0, edgeFlags=0x0, pointerCount=1, historySize=9, eventTime=1934326, downTime=-1, deviceId=0, source=0x10004 }
W/ViewRootImpl( 1146): Dropping event due to no window focus: KeyEvent { action=ACTION_DOWN, keyCode=KEYCODE_DPAD_CENTER, scanCode=0, metaState=0, flags=0x8, repeatCount=0, eventTime=1934330, downTime=1934330, deviceId=-1, source=0x101 }
W/EGL_emulation( 1146): eglSurfaceAttrib not implemented 3093 12436
W/InputMethodManagerService(  481): Window already focused, ignoring focus gain of: com.android.internal.view.IInputMethodClient$Stub$Proxy@4ac15da0 attribute=null, token = android.os.BinderProxy@4aaa003c
W/ViewRootImpl( 1146): Dropping event due to no window focus: KeyEvent { action=ACTION_MULTIPLE, keyCode=KEYCODE_DPAD_LEFT, scanCode=0, metaState=0, flags=0x400, repeatCount=50, eventTime=1934381, downTime=1934381, deviceId=-1, source=0x101 }
W/ViewRootImpl( 1146): Dropping event due to no window focus: KeyEvent { action=ACTION_DOWN, keyCode=KEYCODE_DPAD_LEFT, scanCode=0, metaState=0, flags=0x400, repeatCount=0, eventTime=1934381, downTime=1934381, deviceId=-1, source=0x101 }
W/ViewRootImpl( 1146): Dropping event due to no window focus: KeyEvent { action=ACTION_DOWN, keyCode=KEYCODE_DPAD_LEFT, scanCode=0, metaState=0, flags=0x400, repeatCount=0, eventTime=1934381, downTime=1934381, deviceId=-1, source=0x101 }
W/ViewRootImpl( 1146): Dropping event due to no window focus: KeyEvent { action=ACTION_DOWN, keyCode=KEYCODE_DPAD_LEFT, scanCode=0, metaState=0, flags=0x400, repeatCount=0, eventTime=1934381, downTime=1934381, deviceId=-1, source=0x101 }
W/InputMethodManagerService(  481): Window already focused, ignoring focus gain of: com.android.internal.view.IInputMethodClient$Stub$Proxy@4ade6714 attribute=null, token = android.os.BinderProxy@4aaa003c
W/ViewRootImpl( 1146): Dropping event due to no window focus: KeyEvent { action=ACTION_DOWN, keyCode=KEYCODE_DPAD_LEFT, scanCode=0, metaState=0, flags=0x8, repeatCount=0, eventTime=1934428, downTime=1934428, deviceId=-1, source=0x101 }
W/ViewRootImpl( 1146): Dropping event due to no window focus: KeyEvent { action=ACTION_DOWN, keyCode=KEYCODE_RO, scanCode=0, metaState=0, flags=0x8, repeatCount=0, eventTime=1934431, downTime=1934431, deviceId=-1, source=0x101 }
W/EGL_emulation( 1146): eglSurfaceAttrib not implemented 3093 12436
W/ViewRootImpl( 1146): Dropping event due to no window focus: KeyEvent { action=ACTION_DOWN, keyCode=KEYCODE_DPAD_LEFT, scanCode=0, metaState=0, flags=0x8, repeatCount=0, eventTime=1934494, downTime=1934494, deviceId=-1, source=0x101 }
W/ViewRootImpl( 1146): Dropping event due to no window focus: MotionEvent { action=ACTION_MOVE, id[0]=0, x[0]=3.0, y[0]=-3.0, toolType[0]=TOOL_TYPE_UNKNOWN, buttonState=0, metaState=0, flags=0x0, edgeFlags=0x0, pointerCount=1, historySize=9, eventTime=1934496, downTime=-1, deviceId=0, source=0x10004 }
W/ViewRootImpl( 1146): Dropping event due to no window focus: MotionEvent { action=ACTION_DOWN, id[0]=0, x[0]=0.0, y[0]=0.0, toolType[0]=TOOL_TYPE_UNKNOWN, buttonState=0, metaState=0, flags=0x0, edgeFlags=0x0, pointerCount=1, historySize=0, eventTime=1934496, downTime=1934495, deviceId=0, source=0x10004 }
W/InputMethodManagerService(  481): Window already focused, ignoring focus gain of: com.android.internal.view.IInputMethodClient$Stub$Proxy@4adec574 attribute=null, token = android.os.BinderProxy@4aaa003c
I/ActivityManager(  481): START u0 {act=android.intent.action.MAIN cat=[android.intent.category.LAUNCHER] flg=0x10200000 cmp=com.universal.breakingfoxnews/com.sherdle.universal.MainActivity} from pid 1136
I/ActivityManager(  481): START u0 {act=android.intent.action.MAIN cat=[android.intent.category.LAUNCHER] flg=0x10000000 sel={act=android.intent.action.MAIN cat=[android.intent.category.APP_CALENDAR]}} from pid 481
I/ActivityManager(  481): START u0 {act=android.intent.action.MAIN cat=[android.intent.category.LAUNCHER] flg=0x10200000 cmp=com.universal.breakingfoxnews/com.sherdle.universal.MainActivity} from pid 1136
D/dalvikvm( 1146): GC_CONCURRENT freed 374K, 8% free 5664K/6100K, paused 0ms+0ms, total 4ms
I/ActivityManager(  481): START u0 {act=android.intent.action.MAIN cat=[android.intent.category.LAUNCHER] flg=0x10200000 cmp=com.universal.breakingfoxnews/com.sherdle.universal.MainActivity} from pid 1136
I/ActivityManager(  481): START u0 {act=android.intent.action.CALL_BUTTON flg=0x10000000} from pid 1146
W/PhoneFallbackEventHandler( 1146): No activity found for android.intent.action.CALL_BUTTON.
V/PanelView(  533): animationTick called with dtms=0; nothing to do (h=0.0 v=0.0)
I/ActivityManager(  481): START u0 {act=android.intent.action.CALL_BUTTON flg=0x10000000} from pid 1146
W/PhoneFallbackEventHandler( 1146): No activity found for android.intent.action.CALL_BUTTON.
I/dalvikvm( 1146): Could not find method android.content.res.Resources.getDrawable, referenced from method android.support.v7.internal.widget.ResourcesWrapper.getDrawable
W/dalvikvm( 1146): VFY: unable to resolve virtual method 620: Landroid/content/res/Resources;.getDrawable (ILandroid/content/res/Resources$Theme;)Landroid/graphics/drawable/Drawable;
D/dalvikvm( 1146): VFY: replacing opcode 0x6e at 0x0002
I/dalvikvm( 1146): Could not find method android.content.res.Resources.getDrawableForDensity, referenced from method android.support.v7.internal.widget.ResourcesWrapper.getDrawableForDensity
W/dalvikvm( 1146): VFY: unable to resolve virtual method 622: Landroid/content/res/Resources;.getDrawableForDensity (IILandroid/content/res/Resources$Theme;)Landroid/graphics/drawable/Drawable;
D/dalvikvm( 1146): VFY: replacing opcode 0x6e at 0x0002
I/ActivityManager(  481): START u0 {act=android.intent.action.CALL_BUTTON flg=0x10000000} from pid 1146
W/PhoneFallbackEventHandler( 1146): No activity found for android.intent.action.CALL_BUTTON.
I/ActivityManager(  481): START u0 {act=android.intent.action.MAIN cat=[android.intent.category.LAUNCHER] flg=0x10200000 cmp=com.universal.breakingfoxnews/com.sherdle.universal.MainActivity} from pid 1136
I/ActivityManager(  481): START u0 {act=android.intent.action.MAIN cat=[android.intent.category.LAUNCHER] flg=0x10000000 sel={act=android.intent.action.MAIN cat=[android.intent.category.APP_EMAIL]}} from pid 481
I/ActivityManager(  481): START u0 {act=android.intent.action.MAIN cat=[android.intent.category.LAUNCHER] flg=0x10200000 cmp=com.universal.breakingfoxnews/com.sherdle.universal.MainActivity} from pid 1136
I/qtaguid (  711): Tagging socket 133 with tag 3000020000000000(805306880) for uid 10007 failed errno=-13
I/NetworkManagementSocketTagger(  711): tagSocketFd(133, 805306880, 10007) failed with errno-13
I/qtaguid (  711): Tagging socket 154 with tag 3000020000000000(805306880) for uid 10007 failed errno=-13
I/NetworkManagementSocketTagger(  711): tagSocketFd(154, 805306880, 10007) failed with errno-13
I/qtaguid (  711): Untagging socket 154 failed errno=-13
W/NetworkManagementSocketTagger(  711): untagSocket(154) failed with errno -13
I/qtaguid (  711): Tagging socket 154 with tag 3000020000000000(805306880) for uid 10007 failed errno=-13
I/NetworkManagementSocketTagger(  711): tagSocketFd(154, 805306880, 10007) failed with errno-13
I/qtaguid (  711): Untagging socket 154 failed errno=-13
W/NetworkManagementSocketTagger(  711): untagSocket(154) failed with errno -13
I/qtaguid (  711): Tagging socket 154 with tag 3000020000000000(805306880) for uid 10007 failed errno=-13
I/NetworkManagementSocketTagger(  711): tagSocketFd(154, 805306880, 10007) failed with errno-13
I/qtaguid (  711): Untagging socket 154 failed errno=-13
W/NetworkManagementSocketTagger(  711): untagSocket(154) failed with errno -13
I/qtaguid (  711): Tagging socket 154 with tag 3000020000000000(805306880) for uid 10007 failed errno=-13
I/NetworkManagementSocketTagger(  711): tagSocketFd(154, 805306880, 10007) failed with errno-13
I/qtaguid (  711): Untagging socket 154 failed errno=-13
W/NetworkManagementSocketTagger(  711): untagSocket(154) failed with errno -13
I/qtaguid (  711): Tagging socket 154 with tag 3000020000000000(805306880) for uid 10007 failed errno=-13
I/NetworkManagementSocketTagger(  711): tagSocketFd(154, 805306880, 10007) failed with errno-13
I/qtaguid (  711): Untagging socket 154 failed errno=-13
W/NetworkManagementSocketTagger(  711): untagSocket(154) failed with errno -13
I/qtaguid (  711): Tagging socket 154 with tag 3000020000000000(805306880) for uid 10007 failed errno=-13
I/NetworkManagementSocketTagger(  711): tagSocketFd(154, 805306880, 10007) failed with errno-13
I/qtaguid (  711): Untagging socket 154 failed errno=-13
W/NetworkManagementSocketTagger(  711): untagSocket(154) failed with errno -13
I/qtaguid (  711): Untagging socket 133 failed errno=-13
W/NetworkManagementSocketTagger(  711): untagSocket(133) failed with errno -13
I/qtaguid (  711): Tagging socket 133 with tag 3000020000000000(805306880) for uid 10007 failed errno=-13
I/NetworkManagementSocketTagger(  711): tagSocketFd(133, 805306880, 10007) failed with errno-13
I/qtaguid (  711): Untagging socket 133 failed errno=-13
W/NetworkManagementSocketTagger(  711): untagSocket(133) failed with errno -13
I/ActivityManager(  481): START u0 {act=android.intent.action.MAIN cat=[android.intent.category.LAUNCHER] flg=0x10200000 cmp=com.universal.breakingfoxnews/com.sherdle.universal.MainActivity} from pid 1136
I/ActivityManager(  481): START u0 {act=android.intent.action.MAIN cat=[android.intent.category.LAUNCHER] flg=0x10200000 cmp=com.universal.breakingfoxnews/com.sherdle.universal.MainActivity} from pid 1136
I/qtaguid (  711): Tagging socket 133 with tag 3000020000000000(805306880) for uid 10007 failed errno=-13
I/NetworkManagementSocketTagger(  711): tagSocketFd(133, 805306880, 10007) failed with errno-13
D/dalvikvm(  711): GC_CONCURRENT freed 2605K, 48% free 10021K/19072K, paused 3ms+1ms, total 22ms
I/qtaguid (  711): Untagging socket 133 failed errno=-13
W/NetworkManagementSocketTagger(  711): untagSocket(133) failed with errno -13
I/qtaguid (  711): Tagging socket 133 with tag 3000020000000000(805306880) for uid 10007 failed errno=-13
I/NetworkManagementSocketTagger(  711): tagSocketFd(133, 805306880, 10007) failed with errno-13
I/qtaguid (  711): Untagging socket 133 failed errno=-13
W/NetworkManagementSocketTagger(  711): untagSocket(133) failed with errno -13
I/qtaguid (  711): Tagging socket 133 with tag 3000020000000000(805306880) for uid 10007 failed errno=-13
I/NetworkManagementSocketTagger(  711): tagSocketFd(133, 805306880, 10007) failed with errno-13
I/qtaguid (  711): Untagging socket 133 failed errno=-13
W/NetworkManagementSocketTagger(  711): untagSocket(133) failed with errno -13
I/qtaguid (  711): Tagging socket 133 with tag 3000020000000000(805306880) for uid 10007 failed errno=-13
I/NetworkManagementSocketTagger(  711): tagSocketFd(133, 805306880, 10007) failed with errno-13
I/qtaguid (  711): Untagging socket 133 failed errno=-13
W/NetworkManagementSocketTagger(  711): untagSocket(133) failed with errno -13
I/qtaguid (  711): Tagging socket 133 with tag 3000020000000000(805306880) for uid 10007 failed errno=-13
I/NetworkManagementSocketTagger(  711): tagSocketFd(133, 805306880, 10007) failed with errno-13
I/qtaguid (  711): Untagging socket 133 failed errno=-13
W/NetworkManagementSocketTagger(  711): untagSocket(133) failed with errno -13
D/dalvikvm(  711): GC_CONCURRENT freed 2458K, 48% free 9998K/19072K, paused 1ms+2ms, total 15ms
D/dalvikvm(  711): WAIT_FOR_CONCURRENT_GC blocked 10ms
I/qtaguid (  711): Tagging socket 133 with tag 3000020000000000(805306880) for uid 10007 failed errno=-13
I/NetworkManagementSocketTagger(  711): tagSocketFd(133, 805306880, 10007) failed with errno-13
I/qtaguid (  711): Untagging socket 133 failed errno=-13
W/NetworkManagementSocketTagger(  711): untagSocket(133) failed with errno -13
I/qtaguid (  711): Tagging socket 133 with tag 3000020000000000(805306880) for uid 10007 failed errno=-13
I/NetworkManagementSocketTagger(  711): tagSocketFd(133, 805306880, 10007) failed with errno-13
I/qtaguid (  711): Untagging socket 133 failed errno=-13
W/NetworkManagementSocketTagger(  711): untagSocket(133) failed with errno -13
I/qtaguid (  711): Tagging socket 133 with tag 3000020000000000(805306880) for uid 10007 failed errno=-13
I/NetworkManagementSocketTagger(  711): tagSocketFd(133, 805306880, 10007) failed with errno-13
I/qtaguid (  711): Untagging socket 133 failed errno=-13
W/NetworkManagementSocketTagger(  711): untagSocket(133) failed with errno -13
I/qtaguid (  711): Tagging socket 133 with tag 3000020000000000(805306880) for uid 10007 failed errno=-13
I/NetworkManagementSocketTagger(  711): tagSocketFd(133, 805306880, 10007) failed with errno-13
I/qtaguid (  711): Untagging socket 133 failed errno=-13
W/NetworkManagementSocketTagger(  711): untagSocket(133) failed with errno -13
D/dalvikvm(  711): GC_CONCURRENT freed 2416K, 48% free 10010K/19072K, paused 1ms+1ms, total 15ms
D/dalvikvm(  711): WAIT_FOR_CONCURRENT_GC blocked 12ms
I/qtaguid (  711): Tagging socket 133 with tag 3000020000000000(805306880) for uid 10007 failed errno=-13
I/NetworkManagementSocketTagger(  711): tagSocketFd(133, 805306880, 10007) failed with errno-13
I/qtaguid (  711): Untagging socket 133 failed errno=-13
W/NetworkManagementSocketTagger(  711): untagSocket(133) failed with errno -13
I/qtaguid (  711): Tagging socket 133 with tag 3000020000000000(805306880) for uid 10007 failed errno=-13
I/NetworkManagementSocketTagger(  711): tagSocketFd(133, 805306880, 10007) failed with errno-13
I/qtaguid (  711): Untagging socket 133 failed errno=-13
W/NetworkManagementSocketTagger(  711): untagSocket(133) failed with errno -13
I/qtaguid (  711): Tagging socket 133 with tag 3000020000000000(805306880) for uid 10007 failed errno=-13
I/NetworkManagementSocketTagger(  711): tagSocketFd(133, 805306880, 10007) failed with errno-13
I/qtaguid (  711): Untagging socket 133 failed errno=-13
W/NetworkManagementSocketTagger(  711): untagSocket(133) failed with errno -13
I/ActivityManager(  481): START u0 {act=android.intent.action.MAIN cat=[android.intent.category.HOME] flg=0x10200000 cmp=com.vphone.launcher/.Launcher} from pid 481
D/dalvikvm(  481): GC_CONCURRENT freed 2614K, 45% free 11066K/19764K, paused 1ms+3ms, total 21ms
D/dalvikvm(  481): WAIT_FOR_CONCURRENT_GC blocked 20ms
D/dalvikvm(  533): GC_CONCURRENT freed 2839K, 50% free 11619K/22820K, paused 0ms+1ms, total 4ms
I/ActivityManager(  481): START u0 {act=android.intent.action.MAIN cat=[android.intent.category.LAUNCHER] flg=0x10000000 cmp=com.android.contacts/.activities.PeopleActivity sel={act=android.intent.action.MAIN cat=[android.intent.category.APP_CONTACTS]}} from pid 481
I/InputDispatcher(  481): Dropped event because of pending overdue app switch.
W/InputManager(  481): Input event injection from pid 1136 failed.
I/ActivityManager(  481): START u0 {act=android.intent.action.MAIN cat=[android.intent.category.LAUNCHER] flg=0x10200000 cmp=com.universal.breakingfoxnews/com.sherdle.universal.MainActivity} from pid 1136
I/ActivityManager(  481): START u0 {act=android.intent.action.MAIN cat=[android.intent.category.LAUNCHER] flg=0x10200000 cmp=com.universal.breakingfoxnews/com.sherdle.universal.MainActivity} from pid 1136
I/ActivityManager(  481): START u0 {act=android.intent.action.CALL_BUTTON flg=0x10000000} from pid 1146
W/PhoneFallbackEventHandler( 1146): No activity found for android.intent.action.CALL_BUTTON.
I/ActivityManager(  481): START u0 {act=android.intent.action.MAIN cat=[android.intent.category.LAUNCHER] flg=0x10200000 cmp=com.universal.breakingfoxnews/com.sherdle.universal.MainActivity} from pid 1136
I/ActivityManager(  481): START u0 {act=android.intent.action.MAIN cat=[android.intent.category.LAUNCHER] flg=0x10200000 cmp=com.universal.breakingfoxnews/com.sherdle.universal.MainActivity} from pid 1136
V/PanelView(  533): animationTick called with dtms=0; nothing to do (h=0.0 v=0.0)
D/dalvikvm( 2623): GC_FOR_ALLOC freed 2087K, 62% free 4885K/12752K, paused 2ms, total 2ms
I/dalvikvm-heap( 2623): Grow heap (frag case) to 8.342MB for 3686412-byte allocation
D/dalvikvm( 2623): GC_FOR_ALLOC freed <1K, 34% free 8484K/12752K, paused 2ms, total 2ms
D/dalvikvm( 2623): GC_CONCURRENT freed 7K, 34% free 8477K/12752K, paused 0ms+0ms, total 2ms
W/EGL_emulation( 2623): eglSurfaceAttrib not implemented 3093 12436
V/PanelView(  533): animationTick called with dtms=0; nothing to do (h=0.0 v=0.0)
I/Launcher(  670): Deferring update until onResume
I/InputReader(  481): Reconfiguring input devices.  changes=0x00000010
D/Documents( 1896): Used cached roots for com.android.providers.downloads.documents
D/Documents( 1896): Used cached roots for com.android.externalstorage.documents
D/Documents( 1896): Used cached roots for com.android.providers.media.documents
D/Documents( 1896): Update found 6 roots in 5ms
I/Launcher(  670): Deferring update until onResume
W/Launcher(  670): setApplicationContext called twice! old=com.vphone.launcher.LauncherApplicationEx@4a7865b0 new=com.vphone.launcher.LauncherApplicationEx@4a7865b0
W/Searchables(  481): No global search activity found
I/Icing   (  711): IndexChimeraService.getServiceInterface callingPackage=com.google.android.gms componentName=AppsCorpus serviceId=36
I/Icing   (  711): IndexChimeraService.getServiceInterface callingPackage=com.google.android.gms componentName=AppsCorpus serviceId=32
I/Icing   (  711): Usage reports ok 0, Failed Usage reports 0, indexed 0, rejected 0, imm upload false
I/Icing   (  711): Usage reports ok 0, Failed Usage reports 0, indexed 0, rejected 0, imm upload false
I/ActivityManager(  481): START u0 {act=android.intent.action.MAIN cat=[android.intent.category.LAUNCHER] flg=0x10000000 sel={act=android.intent.action.MAIN cat=[android.intent.category.APP_CALENDAR]}} from pid 481
D/dalvikvm( 2623): GC_FOR_ALLOC freed 10K, 34% free 8484K/12752K, paused 2ms, total 2ms
I/dalvikvm-heap( 2623): Grow heap (frag case) to 10.320MB for 2073612-byte allocation
D/dalvikvm( 2623): GC_CONCURRENT freed <1K, 18% free 10508K/12752K, paused 1ms+0ms, total 3ms
D/dalvikvm( 2623): WAIT_FOR_CONCURRENT_GC blocked 1ms
I/ActivityManager(  481): START u0 {act=android.intent.action.MAIN cat=[android.intent.category.LAUNCHER] flg=0x10200000 cmp=com.universal.breakingfoxnews/com.sherdle.universal.MainActivity} from pid 1136
D/dalvikvm(  481): GC_FOR_ALLOC freed 1528K, 45% free 10961K/19764K, paused 17ms, total 18ms
I/dalvikvm-heap(  481): Grow heap (frag case) to 12.744MB for 2073612-byte allocation
D/dalvikvm(  481): GC_FOR_ALLOC freed 22K, 41% free 12963K/21792K, paused 16ms, total 16ms
D/dalvikvm(  481): GC_CONCURRENT freed 164K, 42% free 12814K/21792K, paused 2ms+3ms, total 24ms
D/dalvikvm(  481): WAIT_FOR_CONCURRENT_GC blocked 21ms
I/dalvikvm-heap(  481): Grow heap (frag case) to 14.553MB for 2073612-byte allocation
D/dalvikvm(  481): GC_FOR_ALLOC freed <1K, 38% free 14838K/23820K, paused 21ms, total 21ms
W/ContextImpl(  481): Calling a method in the system process without a qualified user: android.app.ContextImpl.sendBroadcast:1123 com.android.server.NotificationManagerService$6.run:1838 android.os.Handler.handleCallback:733 android.os.Handler.dispatchMessage:95 android.os.Looper.loop:136 
D/dalvikvm(  533): GC_CONCURRENT freed 426K, 39% free 14035K/22820K, paused 2ms+1ms, total 5ms
D/dalvikvm(  481): GC_FOR_ALLOC freed 13K, 38% free 14846K/23820K, paused 11ms, total 12ms
I/dalvikvm-heap(  481): Grow heap (frag case) to 16.538MB for 2073612-byte allocation
D/dalvikvm(  481): GC_FOR_ALLOC freed 4K, 35% free 16866K/25848K, paused 11ms, total 11ms
I/ActivityManager(  481): START u0 {act=android.intent.action.MAIN cat=[android.intent.category.LAUNCHER] flg=0x10200000 cmp=com.universal.breakingfoxnews/com.sherdle.universal.MainActivity} from pid 1136
I/ActivityManager(  481): START u0 {act=android.intent.action.MAIN cat=[android.intent.category.LAUNCHER] flg=0x10000000 sel={act=android.intent.action.MAIN cat=[android.intent.category.APP_CALCULATOR]}} from pid 481
I/ActivityManager(  481): START u0 {act=android.intent.action.MAIN cat=[android.intent.category.LAUNCHER] flg=0x10200000 cmp=com.universal.breakingfoxnews/com.sherdle.universal.MainActivity} from pid 1136
D/dalvikvm(  481): GC_FOR_ALLOC freed 2058K, 43% free 14955K/25848K, paused 14ms, total 14ms
D/dalvikvm(  481): GC_FOR_ALLOC freed 5K, 35% free 16983K/25848K, paused 14ms, total 14ms
I/dalvikvm-heap(  481): Grow heap (frag case) to 18.625MB for 2073612-byte allocation
D/dalvikvm(  481): GC_FOR_ALLOC freed <1K, 32% free 19007K/27876K, paused 15ms, total 15ms
W/WindowManager(  481): updateFocusedWindowLocked, focusedAppToken is null.
I/ActivityManager(  481): START u0 {act=android.intent.action.MAIN cat=[android.intent.category.LAUNCHER] flg=0x10200000 cmp=com.universal.breakingfoxnews/com.sherdle.universal.MainActivity} from pid 1136
D/dalvikvm(  481): GC_FOR_ALLOC freed 9K, 32% free 19124K/27876K, paused 18ms, total 18ms
I/dalvikvm-heap(  481): Grow heap (frag case) to 20.715MB for 2073612-byte allocation
D/dalvikvm(  481): GC_FOR_ALLOC freed <1K, 30% free 21148K/29904K, paused 20ms, total 20ms
W/InputMethodManagerService(  481): Starting input on non-focused client com.android.internal.view.IInputMethodClient$Stub$Proxy@4a9826ec (uid=10222 pid=1146)
D/dalvikvm(  998): GC_CONCURRENT freed 389K, 16% free 3125K/3688K, paused 2ms+1ms, total 5ms
W/ViewRootImpl(  533): Dropping event due to no window focus: KeyEvent { action=ACTION_DOWN, keyCode=KEYCODE_DPAD_DOWN, scanCode=0, metaState=0, flags=0x8, repeatCount=0, eventTime=1941503, downTime=1941503, deviceId=-1, source=0x101 }
W/ContextImpl(  481): Calling a method in the system process without a qualified user: android.app.ContextImpl.sendBroadcast:1123 com.android.server.InputMethodManagerService.hideCurrentInputLocked:1880 com.android.server.InputMethodManagerService.windowGainedFocus:1968 com.android.internal.view.IInputMethodManager$Stub.onTransact:221 com.android.server.InputMethodManagerService.onTransact:818 
W/InputMethodManagerService(  481): Starting input on non-focused client com.android.internal.view.IInputMethodClient$Stub$Proxy@4a9826ec (uid=10222 pid=1146)
I/iu.UploadsManager(  711): End new media; added: 3, uploading: 0, time: 250 ms
W/BackupManagerService(  481): dataChanged but no participant pkg='com.android.providers.settings' uid=10010
W/BackupManagerService(  481): dataChanged but no participant pkg='com.android.providers.settings' uid=10010
W/ViewRootImpl( 1146): Dropping event due to no window focus: KeyEvent { action=ACTION_DOWN, keyCode=KEYCODE_DPAD_RIGHT, scanCode=0, metaState=0, flags=0x8, repeatCount=0, eventTime=1941664, downTime=1941664, deviceId=-1, source=0x101 }
W/InputEventReceiver(  533): Attempted to finish an input event but the input event receiver has already been disposed.
W/InputEventReceiver(  533): Attempted to finish an input event but the input event receiver has already been disposed.
W/InputEventReceiver(  533): Attempted to finish an input event but the input event receiver has already been disposed.
W/ContextImpl(  481): Calling a method in the system process without a qualified user: android.app.ContextImpl.sendBroadcast:1123 com.android.server.InputMethodManagerService.hideCurrentInputLocked:1880 com.android.server.InputMethodManagerService.windowGainedFocus:1968 com.android.internal.view.IInputMethodManager$Stub.onTransact:221 com.android.server.InputMethodManagerService.onTransact:818 
W/ViewRootImpl(  533): Dropping event due to root view being removed: MotionEvent { action=ACTION_UP, id[0]=0, x[0]=337.05573, y[0]=316.3783, toolType[0]=TOOL_TYPE_UNKNOWN, buttonState=0, metaState=0, flags=0x0, edgeFlags=0x0, pointerCount=1, historySize=0, eventTime=1941660, downTime=1941660, deviceId=0, source=0x1002 }
W/ViewRootImpl(  533): Dropping event due to root view being removed: KeyEvent { action=ACTION_UP, keyCode=KEYCODE_5, scanCode=0, metaState=0, flags=0x8, repeatCount=0, eventTime=1941640, downTime=1941640, deviceId=-1, source=0x101 }
I/Icing   (  711): Indexing F4FAA6262FE39DDD50BAE6B7AF5CDB8D73BA0DB0 from com.google.android.gms
E/SurfaceFlinger(  166): glCheckFramebufferStatusOES error 36054
E/SurfaceFlinger(  166): got GL_FRAMEBUFFER_COMPLETE_OES error while taking screenshot
D/SurfaceFlinger(  166): setOrientation, mFbdev=0xb90b3040, mFbDev->setOrientation=0xb6930ce0, orientation=0
I/gralloc_nox(  166): setOrientation: orientation=0
D/Tinker.DefaultAppLike(  670): onConfigurationChanged:{1.0 ?mcc?mnc en_US ldltr sw480dp w853dp h454dp 240dpi lrg long land finger -keyb/v/h dpad/v s.64}
I/ActivityManager(  481): Config changes=480 {1.0 ?mcc?mnc en_US ldltr sw480dp w853dp h454dp 240dpi lrg long land finger -keyb/v/h dpad/v s.64}
D/dalvikvm(  711): GC_CONCURRENT freed 2278K, 47% free 10171K/19072K, paused 1ms+9ms, total 25ms
D/dalvikvm(  711): WAIT_FOR_CONCURRENT_GC blocked 22ms
I/Icing   (  711): Indexing done F4FAA6262FE39DDD50BAE6B7AF5CDB8D73BA0DB0
I/InputReader(  481): Reconfiguring input devices.  changes=0x00000004
I/InputReader(  481): Device reconfigured: id=1, name='seamless mouse', size 1280x720, orientation 0, mode 1, display id 0
I/InputReader(  481): Device reconfigured: id=3, name='Android Input', size 1280x720, orientation 0, mode 1, display id 0
I/InputReader(  481): Device reconfigured: id=8, name='VirtualBox USB Tablet', size 1280x720, orientation 0, mode 1, display id 0
I/AndroidRuntime( 1136): VM exiting with result code 0.
D/Sensors (  481): Client connection accepted (211)
W/Ads     ( 1146): Required XML attribute "adUnitId" was missing.
D/PhoneStatusBar(  533): mSettingsPanelGravity = 55
W/EGL_emulation( 1146): eglSurfaceAttrib not implemented 3093 12436
D/dalvikvm( 1146): GC_FOR_ALLOC freed 569K, 10% free 5744K/6376K, paused 3ms, total 3ms
I/dalvikvm-heap( 1146): Grow heap (frag case) to 6.931MB for 1327116-byte allocation
D/dalvikvm( 1146): GC_CONCURRENT freed <1K, 9% free 7040K/7676K, paused 1ms+0ms, total 6ms
D/dalvikvm( 1146): WAIT_FOR_CONCURRENT_GC blocked 5ms
W/EGL_emulation(  533): eglSurfaceAttrib not implemented 3093 12436
