--------- beginning of /dev/log/main
I/Icing   (  711): Indexing F4FAA6262FE39DDD50BAE6B7AF5CDB8D73BA0DB0 from com.google.android.gms
D/dalvikvm(  711): GC_FOR_ALLOC freed 3198K, 47% free 10149K/19072K, paused 17ms, total 17ms
I/Icing   (  711): Indexing done F4FAA6262FE39DDD50BAE6B7AF5CDB8D73BA0DB0
D/dalvikvm(  711): GC_CONCURRENT freed 123K, 47% free 10117K/19072K, paused 1ms+2ms, total 13ms
D/AndroidRuntime(32456): 
D/AndroidRuntime(32456): >>>>>> AndroidRuntime START com.android.internal.os.RuntimeInit <<<<<<
D/AndroidRuntime(32456): CheckJNI is OFF
D/dalvikvm(32456): Using executionMode 2
D/dalvikvm(32456): Trying to load lib libjavacore.so 0x0
D/dalvikvm(32456): Added shared lib libjavacore.so 0x0
D/dalvikvm(32456): Trying to load lib libnativehelper.so 0x0
D/dalvikvm(32456): Added shared lib libnativehelper.so 0x0
D/dalvikvm(32456): No JNI_OnLoad found in libnativehelper.so 0x0, skipping init
D/dalvikvm(32456): Note: class Landroid/app/ActivityManagerNative; has 179 unimplemented (abstract) methods
E/memtrack(32456): Couldn't load memtrack module (No such file or directory)
E/android.os.Debug(32456): failed to load memtrack module: -2
D/AndroidRuntime(32456): Calling main entry com.android.commands.monkey.Monkey
--------- beginning of /dev/log/system
W/BroadcastQueue(  481): Skipping deliver [background] BroadcastRecord{4ac41d4c u-1 android.net.conn.CONNECTIVITY_CHANGE} to ReceiverList{4ae33694 32456 (unknown name)/0/u-1 remote:4af02270}: process crashing
I/ActivityManager(  481): START u0 {act=android.intent.action.MAIN cat=[android.intent.category.LAUNCHER] flg=0x10200000 cmp=com.raycom.wdam/.v2.SplashActivity} from pid 32456
D/WebViewTimersControl(18799): onBrowserActivityPause
D/WebViewTimersControl(18799): Pausing webview timers, view=com.android.browser.BrowserWebView{4a9e0a2c VFEDHVCL .F...... 0,0-1280,604}
I/ActivityManager(  481): Start proc com.raycom.wdam for activity com.raycom.wdam/.v2.SplashActivity: pid=32466 uid=10219 gids={50219, 3003, 1028, 1015, 1023, 3002, 3001}
W/NetworkManagementSocketTagger(  481): setKernelCountSet(10219, 1) failed with errno -13
I/dalvikvm(32466): ignoring registerObject request in thread=1
I/dalvikvm(32466): ignoring registerObject request in thread=1
I/MultiDex(32466): VM with version 1.6.0 does not have multidex support
I/MultiDex(32466): install
I/MultiDex(32466): MultiDexExtractor.load(/data/app/com.raycom.wdam-1.apk, false)
I/MultiDex(32466): Detected that extraction must be performed.
D/dalvikvm(32466): JIT code cache reset in 0 ms (0 bytes 1/0)
D/dalvikvm(32466): GC_CONCURRENT freed 142K, 7% free 3031K/3236K, paused 1ms+9ms, total 14ms
I/MultiDex(32466): Extraction is needed for file /data/data/com.raycom.wdam/code_cache/secondary-dexes/com.raycom.wdam-1.apk.classes2.zip
I/MultiDex(32466): Extracting /data/data/com.raycom.wdam/code_cache/secondary-dexes/com.raycom.wdam-1.apk.classes-1416622660.zip
I/MultiDex(32466): Renaming to /data/data/com.raycom.wdam/code_cache/secondary-dexes/com.raycom.wdam-1.apk.classes2.zip
I/MultiDex(32466): Extraction success - length /data/data/com.raycom.wdam/code_cache/secondary-dexes/com.raycom.wdam-1.apk.classes2.zip: 1062457
I/MultiDex(32466): load found 1 secondary dex files
D/dalvikvm(32466): DexOpt: --- BEGIN 'com.raycom.wdam-1.apk.classes2.zip' (bootstrap=0) ---
D/dalvikvm(32480): DexOpt: load 23ms, verify+opt 68ms, 2306276 bytes
D/dalvikvm(32466): DexOpt: --- END 'com.raycom.wdam-1.apk.classes2.zip' (success) ---
D/dalvikvm(32466): DEX prep '/data/data/com.raycom.wdam/code_cache/secondary-dexes/com.raycom.wdam-1.apk.classes2.zip': unzip in 19ms, rewrite 248ms
I/MultiDex(32466): install done
I/MultiDex(32466): install
D/dalvikvm(32466): GC_CONCURRENT freed 172K, 7% free 3253K/3488K, paused 1ms+1ms, total 5ms
I/dalvikvm(32466): Could not find method android.content.pm.PackageManager.getPackageInstaller, referenced from method com.google.android.gms.common.zze.zzi
W/dalvikvm(32466): VFY: unable to resolve virtual method 769: Landroid/content/pm/PackageManager;.getPackageInstaller ()Landroid/content/pm/PackageInstaller;
D/dalvikvm(32466): VFY: replacing opcode 0x6e at 0x000a
I/GMPM    (32466): App measurement is starting up, version: 8487
I/GMPM    (32466): To enable debug logging run: adb shell setprop log.tag.GMPM VERBOSE
E/GMPM    (32466): GoogleService failed to initialize, status: 10, Missing an expected resource: 'R.string.google_app_id' for initializing Google services.  Possible causes are missing google-services.json or com.google.gms.google-services gradle plugin.
E/GMPM    (32466): Scheduler not set. Not logging error/warn.
E/GMPM    (32466): Uploading is not possible. App measurement disabled
I/dalvikvm(32466): Could not find method android.content.res.Resources.getDrawable, referenced from method com.raycom.wdam.v2.VerveUtils.getDefaultWdtWeatherIcon
W/dalvikvm(32466): VFY: unable to resolve virtual method 817: Landroid/content/res/Resources;.getDrawable (ILandroid/content/res/Resources$Theme;)Landroid/graphics/drawable/Drawable;
D/dalvikvm(32466): VFY: replacing opcode 0x6e at 0x0046
D/dalvikvm(32466): GC_CONCURRENT freed 702K, 21% free 2945K/3712K, paused 1ms+2ms, total 6ms
I/dalvikvm(32466): Could not find method android.webkit.WebView.enableSlowWholeDocumentDraw, referenced from method com.raycom.wdam.v2.VerveUtils.handleLollipopWebViewChanges
W/dalvikvm(32466): VFY: unable to resolve static method 17865: Landroid/webkit/WebView;.enableSlowWholeDocumentDraw ()V
D/dalvikvm(32466): VFY: replacing opcode 0x71 at 0x0006
D/dalvikvm(32466): GC_FOR_ALLOC freed 84K, 20% free 2981K/3712K, paused 2ms, total 2ms
I/dalvikvm-heap(32466): Grow heap (frag case) to 3.005MB for 39950-byte allocation
D/dalvikvm(32466): GC_FOR_ALLOC freed <1K, 20% free 3020K/3752K, paused 3ms, total 3ms
D/dalvikvm(32466): GC_FOR_ALLOC freed <1K, 20% free 3020K/3752K, paused 2ms, total 2ms
I/dalvikvm-heap(32466): Grow heap (frag case) to 3.082MB for 79888-byte allocation
D/dalvikvm(32466): GC_FOR_ALLOC freed 0K, 20% free 3098K/3832K, paused 3ms, total 3ms
D/dalvikvm(32466): GC_CONCURRENT freed 198K, 14% free 3323K/3832K, paused 1ms+0ms, total 6ms
D/dalvikvm(32466): GC_CONCURRENT freed 175K, 7% free 3638K/3888K, paused 0ms+2ms, total 4ms
D/dalvikvm(32466): GC_CONCURRENT freed 154K, 6% free 3976K/4212K, paused 1ms+1ms, total 5ms
D/dalvikvm(32466): WAIT_FOR_CONCURRENT_GC blocked 2ms
D/dalvikvm(32466): GC_FOR_ALLOC freed 258K, 10% free 4099K/4512K, paused 2ms, total 2ms
I/dalvikvm-heap(32466): Grow heap (frag case) to 4.308MB for 260108-byte allocation
D/dalvikvm(32466): GC_FOR_ALLOC freed 126K, 12% free 4227K/4768K, paused 3ms, total 3ms
D/dalvikvm(32466): GC_FOR_ALLOC freed 311K, 12% free 4197K/4768K, paused 3ms, total 3ms
D/dalvikvm(32466): GC_FOR_ALLOC freed 62K, 11% free 4261K/4768K, paused 3ms, total 3ms
I/dalvikvm-heap(32466): Grow heap (frag case) to 4.465MB for 260108-byte allocation
D/dalvikvm(32466): GC_FOR_ALLOC freed <1K, 11% free 4515K/5024K, paused 3ms, total 3ms
D/dalvikvm(32466): GC_FOR_ALLOC freed 126K, 13% free 4389K/5024K, paused 2ms, total 2ms
D/dalvikvm(32466): GC_FOR_ALLOC freed 307K, 14% free 4358K/5024K, paused 3ms, total 3ms
D/dalvikvm(32466): GC_FOR_ALLOC freed 62K, 12% free 4422K/5024K, paused 4ms, total 4ms
D/dalvikvm(32466): GC_FOR_ALLOC freed 126K, 10% free 4550K/5024K, paused 2ms, total 2ms
D/dalvikvm(32466): GC_CONCURRENT freed 377K, 9% free 4763K/5200K, paused 1ms+1ms, total 4ms
D/dalvikvm(32466): WAIT_FOR_CONCURRENT_GC blocked 1ms
D/dalvikvm(32466): GC_CONCURRENT freed 187K, 5% free 5237K/5484K, paused 0ms+0ms, total 5ms
D/dalvikvm(32466): WAIT_FOR_CONCURRENT_GC blocked 2ms
D/dalvikvm(32466): GC_CONCURRENT freed 571K, 11% free 5486K/6116K, paused 3ms+1ms, total 8ms
V/WebViewChromium(32466): Binding Chromium to the main looper Looper (main, tid 1) {4a77f2cc}
I/chromium(32466): [INFO:library_loader_hooks.cc(112)] Chromium logging enabled: level = 0, default verbosity = 0
I/BrowserProcessMain(32466): Initializing chromium process, renderers=0
D/dalvikvm(32466): GC_CONCURRENT freed 736K, 13% free 5554K/6348K, paused 1ms+2ms, total 12ms
W/chromium(32466): [WARNING:proxy_service.cc(888)] PAC support disabled because there is no system implementation
D/libEGL  (32466): loaded /system/lib/egl/libEGL_adreno.so
D/        (32466): HostConnection::get() New Host Connection established 0xb81cef40, tid 32466
D/libEGL  (32466): loaded /system/lib/egl/libGLESv1_CM_adreno.so
D/libEGL  (32466): loaded /system/lib/egl/libGLESv2_adreno.so
I/dalvikvm(32466): Could not find method android.content.Context.getNoBackupFilesDir, referenced from method com.urbanairship.util.DataManager.<init>
W/dalvikvm(32466): VFY: unable to resolve virtual method 602: Landroid/content/Context;.getNoBackupFilesDir ()Ljava/io/File;
D/dalvikvm(32466): VFY: replacing opcode 0x6e at 0x0010
I/dalvikvm(32466): Could not find method android.view.Window.setStatusBarColor, referenced from method com.raycom.wdam.v2.flexibleui.FlexibleUiHandler.applyStatusBarColor
W/dalvikvm(32466): VFY: unable to resolve virtual method 17496: Landroid/view/Window;.setStatusBarColor (I)V
D/dalvikvm(32466): VFY: replacing opcode 0x6e at 0x003b
D/dalvikvm(32466): GC_FOR_ALLOC freed 122K, 12% free 5634K/6348K, paused 4ms, total 4ms
I/dalvikvm-heap(32466): Grow heap (frag case) to 8.558MB for 3145740-byte allocation
D/dalvikvm(32466): GC_CONCURRENT freed <1K, 8% free 8705K/9424K, paused 2ms+0ms, total 5ms
I/dalvikvm(32466): Could not find method android.content.Context.checkSelfPermission, referenced from method com.urbanairship.actions.Action.requestPermissions
W/dalvikvm(32466): VFY: unable to resolve virtual method 163: Landroid/content/Context;.checkSelfPermission (Ljava/lang/String;)I
D/dalvikvm(32466): VFY: replacing opcode 0x6e at 0x000e
I/dalvikvm(32466): Could not find method android.os.PowerManager.isPowerSaveMode, referenced from method com.vervewireless.advert.internal.WakeLockManager.createLock
W/dalvikvm(32466): VFY: unable to resolve virtual method 1937: Landroid/os/PowerManager;.isPowerSaveMode ()Z
D/dalvikvm(32466): VFY: replacing opcode 0x6e at 0x0010
I/dalvikvm(32466): Could not find method android.app.Notification$Builder.setLocalOnly, referenced from method com.google.android.gms.common.GooglePlayServicesUtil.zza
W/dalvikvm(32466): VFY: unable to resolve virtual method 397: Landroid/app/Notification$Builder;.setLocalOnly (Z)Landroid/app/Notification$Builder;
D/dalvikvm(32466): VFY: replacing opcode 0x6e at 0x0100
W/EGL_emulation(32466): eglSurfaceAttrib not implemented 3093 12436
D/OpenGLRenderer(32466): Enabling debug mode 0
D/com.vervewireless.capi.GetLocalesTask(32466): Getting locales
D/com.vervewireless.capi.GetLocalesTask(32466): Requesting locales from server
W/ViewRootImpl(32466): Dropping event due to no window focus: KeyEvent { action=ACTION_DOWN, keyCode=KEYCODE_CALL, scanCode=0, metaState=0, flags=0x8, repeatCount=0, eventTime=1880609, downTime=1880609, deviceId=-1, source=0x101 }
W/ViewRootImpl(32466): Dropping event due to no window focus: KeyEvent { action=ACTION_DOWN, keyCode=KEYCODE_DPAD_LEFT, scanCode=0, metaState=0, flags=0x8, repeatCount=0, eventTime=1881593, downTime=1881593, deviceId=-1, source=0x101 }
I/dalvikvm(32466): Could not find method android.content.Context.checkSelfPermission, referenced from method com.urbanairship.analytics.EventAPIClient.getLocationPermission
W/dalvikvm(32466): VFY: unable to resolve virtual method 579: Landroid/content/Context;.checkSelfPermission (Ljava/lang/String;)I
D/dalvikvm(32466): VFY: replacing opcode 0x6e at 0x000c
W/IInputConnectionWrapper(18799): showStatusIcon on inactive InputConnection
W/ContextImpl(  481): Calling a method in the system process without a qualified user: android.app.ContextImpl.sendBroadcast:1123 com.android.server.InputMethodManagerService.hideCurrentInputLocked:1880 com.android.server.InputMethodManagerService.windowGainedFocus:1968 com.android.internal.view.IInputMethodManager$Stub.onTransact:221 com.android.server.InputMethodManagerService.onTransact:818 
I/ActivityManager(  481): Displayed com.raycom.wdam/.v2.SplashActivity: +1s58ms
W/adcell  (32466): Gimbal disabled from Settings or configuration!
D/BeaconParser(32466): Parsing beacon layout: m:2-3=beac,i:4-19,i:20-21,i:22-23,p:24-24,d:25-25
D/BluetoothManagerService(  481): Message: 20
D/BluetoothManagerService(  481): Added callback: android.bluetooth.IBluetoothManagerCallback$Stub$Proxy@4a99c484:true
I/GeofencerStateMachine(  641): removeGeofences: removeRequest=RemoveGeofencingRequest[REMOVE_BY_PENDING_INTENT pendingIntent=PendingIntent[creatorPackage=com.raycom.wdam], packageName=null]
W/NetworkManagementSocketTagger(  481): setKernelCountSet(10017, 0) failed with errno -13
I/ActivityManager(  481): START u0 {act=android.intent.action.CALL_BUTTON flg=0x10000000} from pid 32466
W/PhoneFallbackEventHandler(32466): No activity found for android.intent.action.CALL_BUTTON.
D/dalvikvm(32466): GC_CONCURRENT freed 1459K, 14% free 9203K/10696K, paused 1ms+1ms, total 7ms
I/ActivityManager(  481): START u0 {act=android.intent.action.CALL_BUTTON flg=0x10000000} from pid 32466
W/PhoneFallbackEventHandler(32466): No activity found for android.intent.action.CALL_BUTTON.
I/ActivityManager(  481): START u0 {act=android.intent.action.MAIN cat=[android.intent.category.LAUNCHER] flg=0x10200000 cmp=com.raycom.wdam/.v2.SplashActivity} from pid 32456
V/PanelView(  533): animationTick called with dtms=0; nothing to do (h=0.0 v=-0.0)
I/ActivityManager(  481): START u0 {act=android.intent.action.MAIN cat=[android.intent.category.LAUNCHER] flg=0x10200000 cmp=com.raycom.wdam/.v2.SplashActivity} from pid 32456
I/GeofencerStateMachine(  641): removeGeofences: removeRequest=RemoveGeofencingRequest[REMOVE_BY_PENDING_INTENT pendingIntent=PendingIntent[creatorPackage=com.raycom.wdam], packageName=null]
W/ViewRootImpl(32466): Dropping event due to no window focus: KeyEvent { action=ACTION_DOWN, keyCode=KEYCODE_BUTTON_R2, scanCode=0, metaState=0, flags=0x8, repeatCount=0, eventTime=1881918, downTime=1881918, deviceId=-1, source=0x101 }
D/com.vervewireless.capi.GetLocalesTask(32466): Retrieved 1 locales
W/ViewRootImpl(32466): Dropping event due to no window focus: KeyEvent { action=ACTION_DOWN, keyCode=KEYCODE_DPAD_RIGHT, scanCode=0, metaState=0, flags=0x8, repeatCount=0, eventTime=1881920, downTime=1881920, deviceId=-1, source=0x101 }
W/ViewRootImpl(32466): Dropping event due to no window focus: KeyEvent { action=ACTION_DOWN, keyCode=KEYCODE_F9, scanCode=0, metaState=0, flags=0x8, repeatCount=0, eventTime=1881921, downTime=1881921, deviceId=-1, source=0x101 }
W/ViewRootImpl(32466): Dropping event due to no window focus: KeyEvent { action=ACTION_DOWN, keyCode=KEYCODE_DPAD_UP, scanCode=0, metaState=0, flags=0x8, repeatCount=0, eventTime=1881923, downTime=1881923, deviceId=-1, source=0x101 }
W/ViewRootImpl(32466): Dropping event due to no window focus: KeyEvent { action=ACTION_DOWN, keyCode=KEYCODE_DPAD_UP, scanCode=0, metaState=0, flags=0x8, repeatCount=0, eventTime=1881926, downTime=1881926, deviceId=-1, source=0x101 }
W/ViewRootImpl(32466): Dropping event due to no window focus: MotionEvent { action=ACTION_MOVE, id[0]=0, x[0]=2.0, y[0]=-4.0, toolType[0]=TOOL_TYPE_UNKNOWN, buttonState=0, metaState=0, flags=0x0, edgeFlags=0x0, pointerCount=1, historySize=8, eventTime=1881928, downTime=-1, deviceId=0, source=0x10004 }
W/EGL_emulation(32466): eglSurfaceAttrib not implemented 3093 12436
W/EGL_emulation( 2623): eglSurfaceAttrib not implemented 3093 12436
W/InputMethodManagerService(  481): Window already focused, ignoring focus gain of: com.android.internal.view.IInputMethodClient$Stub$Proxy@4abc55ec attribute=null, token = android.os.BinderProxy@4aaf3148
I/ActivityManager(  481): START u0 {act=android.intent.action.CALL_BUTTON flg=0x10000000} from pid 32466
W/PhoneFallbackEventHandler(32466): No activity found for android.intent.action.CALL_BUTTON.
W/ViewRootImpl(32466): Dropping event due to no window focus: MotionEvent { action=ACTION_MOVE, id[0]=0, x[0]=-3.0, y[0]=-1.0, toolType[0]=TOOL_TYPE_UNKNOWN, buttonState=0, metaState=0, flags=0x0, edgeFlags=0x0, pointerCount=1, historySize=17, eventTime=1882011, downTime=-1, deviceId=0, source=0x10004 }
W/EGL_emulation(32466): eglSurfaceAttrib not implemented 3093 12436
W/InputMethodManagerService(  481): Window already focused, ignoring focus gain of: com.android.internal.view.IInputMethodClient$Stub$Proxy@4abd1440 attribute=null, token = android.os.BinderProxy@4aaf3148
W/ViewRootImpl(32466): Dropping event due to no window focus: KeyEvent { action=ACTION_DOWN, keyCode=KEYCODE_DPAD_LEFT, scanCode=0, metaState=0, flags=0x8, repeatCount=0, eventTime=1882103, downTime=1882103, deviceId=-1, source=0x101 }
W/ViewRootImpl(32466): Dropping event due to no window focus: MotionEvent { action=ACTION_MOVE, id[0]=0, x[0]=4.0, y[0]=-1.0, toolType[0]=TOOL_TYPE_UNKNOWN, buttonState=0, metaState=0, flags=0x0, edgeFlags=0x0, pointerCount=1, historySize=9, eventTime=1882107, downTime=-1, deviceId=0, source=0x10004 }
W/EGL_emulation(32466): eglSurfaceAttrib not implemented 3093 12436
V/FlingTracker(  533): computeCurrentVelocity warning: totalweight=0
V/FlingTracker(  533): java.lang.Throwable
V/FlingTracker(  533): 	at com.android.systemui.statusbar.phone.PanelView$FlingTracker.computeCurrentVelocity(PanelView.java:162)
V/FlingTracker(  533): 	at com.android.systemui.statusbar.phone.PanelView$3.onTouch(PanelView.java:462)
V/FlingTracker(  533): 	at android.view.View.dispatchTouchEvent(View.java:7701)
V/FlingTracker(  533): 	at com.android.systemui.statusbar.phone.NotificationPanelView.onTouchEvent(NotificationPanelView.java:138)
V/FlingTracker(  533): 	at com.android.systemui.statusbar.phone.PanelBar.onTouchEvent(PanelBar.java:130)
V/FlingTracker(  533): 	at com.android.systemui.statusbar.phone.PhoneStatusBarView.onTouchEvent(PhoneStatusBarView.java:201)
V/FlingTracker(  533): 	at android.view.View.dispatchTouchEvent(View.java:7706)
V/FlingTracker(  533): 	at android.view.ViewGroup.dispatchTransformedTouchEvent(ViewGroup.java:2210)
V/FlingTracker(  533): 	at android.view.ViewGroup.dispatchTouchEvent(ViewGroup.java:1945)
V/FlingTracker(  533): 	at android.view.ViewGroup.dispatchTransformedTouchEvent(ViewGroup.java:2216)
V/FlingTracker(  533): 	at android.view.ViewGroup.dispatchTouchEvent(ViewGroup.java:1959)
V/FlingTracker(  533): 	at android.view.View.dispatchPointerEvent(View.java:7886)
V/FlingTracker(  533): 	at android.view.ViewRootImpl$ViewPostImeInputStage.processPointerEvent(ViewRootImpl.java:3978)
V/FlingTracker(  533): 	at android.view.ViewRootImpl$ViewPostImeInputStage.onProcess(ViewRootImpl.java:3857)
V/FlingTracker(  533): 	at android.view.ViewRootImpl$InputStage.deliver(ViewRootImpl.java:3423)
V/FlingTracker(  533): 	at android.view.ViewRootImpl$InputStage.onDeliverToNext(ViewRootImpl.java:3473)
V/FlingTracker(  533): 	at android.view.ViewRootImpl$InputStage.forward(ViewRootImpl.java:3442)
V/FlingTracker(  533): 	at android.view.ViewRootImpl$AsyncInputStage.forward(ViewRootImpl.java:3549)
V/FlingTracker(  533): 	at android.view.ViewRootImpl$InputStage.apply(ViewRootImpl.java:3450)
V/FlingTracker(  533): 	at android.view.ViewRootImpl$AsyncInputStage.apply(ViewRootImpl.java:3606)
V/FlingTracker(  533): 	at android.view.ViewRootImpl$InputStage.deliver(ViewRootImpl.java:3423)
V/FlingTracker(  533): 	at android.view.ViewRootImpl$InputStage.onDeliverToNext(ViewRootImpl.java:3473)
V/FlingTracker(  533): 	at android.view.ViewRootImpl$InputStage.forward(ViewRootImpl.java:3442)
V/FlingTracker(  533): 	at android.view.ViewRootImpl$InputStage.apply(ViewRootImpl.java:3450)
V/FlingTracker(  533): 	at android.view.ViewRootImpl$InputStage.deliver(ViewRootImpl.java:3423)
V/FlingTracker(  533): 	at android.view.ViewRootImpl.deliverInputEvent(ViewRootImpl.java:5626)
V/FlingTracker(  533): 	at android.view.ViewRootImpl.doProcessInputEvents(ViewRootImpl.java:5606)
V/FlingTracker(  533): 	at android.view.ViewRootImpl.enqueueInputEvent(ViewRootImpl.java:5577)
V/FlingTracker(  533): 	at android.view.ViewRootImpl$WindowInputEventReceiver.onInputEvent(ViewRootImpl.java:5706)
V/FlingTracker(  533): 	at android.view.InputEventReceiver.dispatchInputEvent(InputEventReceiver.java:185)
V/FlingTracker(  533): 	at android.os.MessageQueue.nativePollOnce(Native Method)
V/FlingTracker(  533): 	at android.os.MessageQueue.next(MessageQueue.java:138)
V/FlingTracker(  533): 	at android.os.Looper.loop(Looper.java:123)
V/FlingTracker(  533): 	at android.app.ActivityThread.main(ActivityThread.java:5019)
V/FlingTracker(  533): 	at java.lang.reflect.Method.invokeNative(Native Method)
V/FlingTracker(  533): 	at java.lang.reflect.Method.invoke(Method.java:515)
V/FlingTracker(  533): 	at com.android.internal.os.ZygoteInit$MethodAndArgsCaller.run(ZygoteInit.java:779)
V/FlingTracker(  533): 	at com.android.internal.os.ZygoteInit.main(ZygoteInit.java:595)
V/FlingTracker(  533): 	at dalvik.system.NativeStart.main(Native Method)
V/PanelView(  533): animationTick called with dtms=0; nothing to do (h=0.0 v=0.0)
W/ViewRootImpl(32466): Dropping event due to no window focus: KeyEvent { action=ACTION_DOWN, keyCode=KEYCODE_DPAD_CENTER, scanCode=0, metaState=0, flags=0x8, repeatCount=0, eventTime=1882107, downTime=1882107, deviceId=-1, source=0x101 }
V/FlingTracker(  533): computeCurrentVelocity warning: totalweight=0
V/FlingTracker(  533): java.lang.Throwable
V/FlingTracker(  533): 	at com.android.systemui.statusbar.phone.PanelView$FlingTracker.computeCurrentVelocity(PanelView.java:162)
V/FlingTracker(  533): 	at com.android.systemui.statusbar.phone.PanelView$3.onTouch(PanelView.java:462)
V/FlingTracker(  533): 	at android.view.View.dispatchTouchEvent(View.java:7701)
V/FlingTracker(  533): 	at com.android.systemui.statusbar.phone.NotificationPanelView.onTouchEvent(NotificationPanelView.java:138)
V/FlingTracker(  533): 	at com.android.systemui.statusbar.phone.PanelBar.onTouchEvent(PanelBar.java:130)
V/FlingTracker(  533): 	at com.android.systemui.statusbar.phone.PhoneStatusBarView.onTouchEvent(PhoneStatusBarView.java:201)
V/FlingTracker(  533): 	at android.view.View.dispatchTouchEvent(View.java:7706)
V/FlingTracker(  533): 	at android.view.ViewGroup.dispatchTransformedTouchEvent(ViewGroup.java:2210)
V/FlingTracker(  533): 	at android.view.ViewGroup.dispatchTouchEvent(ViewGroup.java:1945)
V/FlingTracker(  533): 	at android.view.ViewGroup.dispatchTransformedTouchEvent(ViewGroup.java:2216)
V/FlingTracker(  533): 	at android.view.ViewGroup.dispatchTouchEvent(ViewGroup.java:1959)
V/FlingTracker(  533): 	at android.view.View.dispatchPointerEvent(View.java:7886)
V/FlingTracker(  533): 	at android.view.ViewRootImpl$ViewPostImeInputStage.processPointerEvent(ViewRootImpl.java:3978)
V/FlingTracker(  533): 	at android.view.ViewRootImpl$ViewPostImeInputStage.onProcess(ViewRootImpl.java:3857)
V/FlingTracker(  533): 	at android.view.ViewRootImpl$InputStage.deliver(ViewRootImpl.java:3423)
V/FlingTracker(  533): 	at android.view.ViewRootImpl$InputStage.onDeliverToNext(ViewRootImpl.java:3473)
V/FlingTracker(  533): 	at android.view.ViewRootImpl$InputStage.forward(ViewRootImpl.java:3442)
V/FlingTracker(  533): 	at android.view.ViewRootImpl$AsyncInputStage.forward(ViewRootImpl.java:3549)
V/FlingTracker(  533): 	at android.view.ViewRootImpl$InputStage.apply(ViewRootImpl.java:3450)
V/FlingTracker(  533): 	at android.view.ViewRootImpl$AsyncInputStage.apply(ViewRootImpl.java:3606)
V/FlingTracker(  533): 	at android.view.ViewRootImpl$InputStage.deliver(ViewRootImpl.java:3423)
V/FlingTracker(  533): 	at android.view.ViewRootImpl$InputStage.onDeliverToNext(ViewRootImpl.java:3473)
V/FlingTracker(  533): 	at android.view.ViewRootImpl$InputStage.forward(ViewRootImpl.java:3442)
V/FlingTracker(  533): 	at android.view.ViewRootImpl$InputStage.apply(ViewRootImpl.java:3450)
V/FlingTracker(  533): 	at android.view.ViewRootImpl$InputStage.deliver(ViewRootImpl.java:3423)
V/FlingTracker(  533): 	at android.view.ViewRootImpl.deliverInputEvent(ViewRootImpl.java:5626)
V/FlingTracker(  533): 	at android.view.ViewRootImpl.doProcessInputEvents(ViewRootImpl.java:5606)
V/FlingTracker(  533): 	at android.view.ViewRootImpl.enqueueInputEvent(ViewRootImpl.java:5577)
V/FlingTracker(  533): 	at android.view.ViewRootImpl$WindowInputEventReceiver.onInputEvent(ViewRootImpl.java:5706)
V/FlingTracker(  533): 	at android.view.InputEventReceiver.dispatchInputEvent(InputEventReceiver.java:185)
V/FlingTracker(  533): 	at android.os.MessageQueue.nativePollOnce(Native Method)
V/FlingTracker(  533): 	at android.os.MessageQueue.next(MessageQueue.java:138)
V/FlingTracker(  533): 	at android.os.Looper.loop(Looper.java:123)
V/FlingTracker(  533): 	at android.app.ActivityThread.main(ActivityThread.java:5019)
V/FlingTracker(  533): 	at java.lang.reflect.Method.invokeNative(Native Method)
V/FlingTracker(  533): 	at java.lang.reflect.Method.invoke(Method.java:515)
V/FlingTracker(  533): 	at com.android.internal.os.ZygoteInit$MethodAndArgsCaller.run(ZygoteInit.java:779)
V/FlingTracker(  533): 	at com.android.internal.os.ZygoteInit.main(ZygoteInit.java:595)
V/FlingTracker(  533): 	at dalvik.system.NativeStart.main(Native Method)
V/PanelView(  533): animationTick called with dtms=0; nothing to do (h=0.0 v=0.0)
W/InputMethodManagerService(  481): Window already focused, ignoring focus gain of: com.android.internal.view.IInputMethodClient$Stub$Proxy@4abdc0b0 attribute=null, token = android.os.BinderProxy@4aaf3148
I/ActivityManager(  481): START u0 {act=android.intent.action.MAIN cat=[android.intent.category.LAUNCHER] flg=0x10200000 cmp=com.raycom.wdam/.v2.SplashActivity} from pid 32456
I/ActivityManager(  481): START u0 {act=android.intent.action.MAIN cat=[android.intent.category.LAUNCHER] flg=0x10200000 cmp=com.raycom.wdam/.v2.SplashActivity} from pid 32456
W/ViewRootImpl(32466): Dropping event due to no window focus: KeyEvent { action=ACTION_DOWN, keyCode=KEYCODE_MENU, scanCode=0, metaState=0, flags=0x8, repeatCount=0, eventTime=1882228, downTime=1882228, deviceId=-1, source=0x101 }
W/EGL_emulation(32466): eglSurfaceAttrib not implemented 3093 12436
W/ViewRootImpl(32466): Dropping event due to no window focus: KeyEvent { action=ACTION_DOWN, keyCode=KEYCODE_DPAD_DOWN, scanCode=0, metaState=0, flags=0x8, repeatCount=0, eventTime=1882258, downTime=1882258, deviceId=-1, source=0x101 }
W/InputMethodManagerService(  481): Window already focused, ignoring focus gain of: com.android.internal.view.IInputMethodClient$Stub$Proxy@4ac49570 attribute=null, token = android.os.BinderProxy@4aaf3148
W/ViewRootImpl(32466): Dropping event due to no window focus: KeyEvent { action=ACTION_DOWN, keyCode=KEYCODE_NUMPAD_ADD, scanCode=0, metaState=0, flags=0x8, repeatCount=0, eventTime=1882293, downTime=1882293, deviceId=-1, source=0x101 }
W/EGL_emulation(32466): eglSurfaceAttrib not implemented 3093 12436
W/dalvikvm(32466): VFY: unable to find class referenced in signature (Lokhttp3/Request;)
W/dalvikvm(32466): VFY: unable to find class referenced in signature (Lokhttp3/Response;)
I/dalvikvm(32466): Could not find method okhttp3.Response.headers, referenced from method empirical.HelperClass.printOkHttpInfo
W/dalvikvm(32466): VFY: unable to resolve virtual method 64012: Lokhttp3/Response;.headers ()Lokhttp3/Headers;
D/dalvikvm(32466): VFY: replacing opcode 0x6e at 0x0006
W/dalvikvm(32466): VFY: unable to find class referenced in signature (Lokhttp3/Call;)
W/dalvikvm(32466): VFY: unable to find class referenced in signature (Lokhttp3/Response;)
I/dalvikvm(32466): Could not find method okhttp3.Call.request, referenced from method empirical.HelperClass.printOkHttpInfoFromCall
W/dalvikvm(32466): VFY: unable to resolve interface method 64006: Lokhttp3/Call;.request ()Lokhttp3/Request;
D/dalvikvm(32466): VFY: replacing opcode 0x72 at 0x0006
I/System.out(32466): body:<com.raycom.wdam.v2.VerveUtils: java.lang.String getDecodedUrl(java.lang.String)>	sig:$r2 = staticinvoke <java.net.URLDecoder: java.lang.String decode(java.lang.String,java.lang.String)>($r0, "UTF-8")	timediff:0
D/dalvikvm(32466): GC_CONCURRENT freed 1358K, 13% free 9986K/11404K, paused 0ms+1ms, total 13ms
D/dalvikvm(32466): WAIT_FOR_CONCURRENT_GC blocked 4ms
W/InputMethodManagerService(  481): Window already focused, ignoring focus gain of: com.android.internal.view.IInputMethodClient$Stub$Proxy@4abfa7d8 attribute=null, token = android.os.BinderProxy@4aaf3148
W/ViewRootImpl(32466): Dropping event due to no window focus: KeyEvent { action=ACTION_DOWN, keyCode=KEYCODE_MENU, scanCode=0, metaState=0, flags=0x8, repeatCount=0, eventTime=1882419, downTime=1882419, deviceId=-1, source=0x101 }
W/WindowManager(  481): updateFocusedWindowLocked, focusedAppToken is null.
W/EGL_emulation(32466): eglSurfaceAttrib not implemented 3093 12436
W/ViewRootImpl(  533): Dropping event due to no window focus: KeyEvent { action=ACTION_DOWN, keyCode=KEYCODE_DPAD_DOWN, scanCode=0, metaState=0, flags=0x8, repeatCount=0, eventTime=1882434, downTime=1882434, deviceId=-1, source=0x101 }
W/ContextImpl(  481): Calling a method in the system process without a qualified user: android.app.ContextImpl.sendBroadcast:1123 com.android.server.InputMethodManagerService.hideCurrentInputLocked:1880 com.android.server.InputMethodManagerService.windowGainedFocus:1968 com.android.internal.view.IInputMethodManager$Stub.onTransact:221 com.android.server.InputMethodManagerService.onTransact:818 
W/InputMethodManagerService(  481): Starting input on non-focused client com.android.internal.view.IInputMethodClient$Stub$Proxy@4ab58cb0 (uid=10219 pid=32466)
W/InputManager(  481): Input event injection from pid 32456 failed.
W/InputManager(  481): Input event injection from pid 32456 failed.
W/InputEventReceiver(  533): Attempted to finish an input event but the input event receiver has already been disposed.
W/InputEventReceiver(  533): Attempted to finish an input event but the input event receiver has already been disposed.
W/InputEventReceiver(  533): Attempted to finish an input event but the input event receiver has already been disposed.
W/InputManager(  481): Input event injection from pid 32456 failed.
W/ViewRootImpl(  533): Dropping event due to root view being removed: MotionEvent { action=ACTION_MOVE, id[0]=0, x[0]=740.73047, y[0]=-164.71936, toolType[0]=TOOL_TYPE_UNKNOWN, buttonState=0, metaState=0, flags=0x0, edgeFlags=0x0, pointerCount=1, historySize=2, eventTime=1882461, downTime=1882460, deviceId=0, source=0x1002 }
W/ViewRootImpl(  533): Dropping event due to root view being removed: MotionEvent { action=ACTION_MOVE, id[0]=0, x[0]=3.0, y[0]=2.0, toolType[0]=TOOL_TYPE_UNKNOWN, buttonState=0, metaState=0, flags=0x0, edgeFlags=0x0, pointerCount=1, historySize=9, eventTime=1882460, downTime=-1, deviceId=0, source=0x10004 }
I/ActivityManager(  481): START u0 {act=android.intent.action.CALL_BUTTON flg=0x10000000} from pid 32466
W/PhoneFallbackEventHandler(32466): No activity found for android.intent.action.CALL_BUTTON.
W/ContextImpl(  481): Calling a method in the system process without a qualified user: android.app.ContextImpl.sendBroadcast:1123 com.android.server.InputMethodManagerService.hideCurrentInputLocked:1880 com.android.server.InputMethodManagerService.windowGainedFocus:1968 com.android.internal.view.IInputMethodManager$Stub.onTransact:221 com.android.server.InputMethodManagerService.onTransact:818 
W/EGL_emulation(32466): eglSurfaceAttrib not implemented 3093 12436
W/InputManager(  481): Input event injection from pid 32456 failed.
W/InputManager(  481): Input event injection from pid 32456 failed.
W/InputManager(  481): Input event injection from pid 32456 failed.
W/InputMethodManagerService(  481): Window already focused, ignoring focus gain of: com.android.internal.view.IInputMethodClient$Stub$Proxy@4aa54220 attribute=null, token = android.os.BinderProxy@4aaf3148
W/InputManager(  481): Input event injection from pid 32456 failed.
W/InputManager(  481): Input event injection from pid 32456 failed.
W/InputManager(  481): Input event injection from pid 32456 failed.
W/InputManager(  481): Input event injection from pid 32456 failed.
D/dalvikvm(  481): GC_EXPLICIT freed 2633K, 50% free 15159K/29904K, paused 0ms+3ms, total 18ms
W/ViewRootImpl(32466): Dropping event due to no window focus: KeyEvent { action=ACTION_DOWN, keyCode=KEYCODE_DPAD_UP, scanCode=0, metaState=0, flags=0x8, repeatCount=0, eventTime=1882591, downTime=1882591, deviceId=-1, source=0x101 }
W/EGL_emulation(32466): eglSurfaceAttrib not implemented 3093 12436
W/InputMethodManagerService(  481): Window already focused, ignoring focus gain of: com.android.internal.view.IInputMethodClient$Stub$Proxy@4adf5e8c attribute=null, token = android.os.BinderProxy@4aaf3148
W/ViewRootImpl(32466): Dropping event due to no window focus: KeyEvent { action=ACTION_DOWN, keyCode=KEYCODE_DPAD_LEFT, scanCode=0, metaState=0, flags=0x8, repeatCount=0, eventTime=1882689, downTime=1882689, deviceId=-1, source=0x101 }
W/ViewRootImpl(32466): Dropping event due to no window focus: KeyEvent { action=ACTION_DOWN, keyCode=KEYCODE_DPAD_UP, scanCode=0, metaState=0, flags=0x8, repeatCount=0, eventTime=1882691, downTime=1882691, deviceId=-1, source=0x101 }
W/ViewRootImpl(32466): Dropping event due to no window focus: KeyEvent { action=ACTION_DOWN, keyCode=KEYCODE_HENKAN, scanCode=0, metaState=0, flags=0x8, repeatCount=0, eventTime=1882693, downTime=1882693, deviceId=-1, source=0x101 }
W/ViewRootImpl(32466): Dropping event due to no window focus: KeyEvent { action=ACTION_DOWN, keyCode=KEYCODE_MENU, scanCode=0, metaState=0, flags=0x8, repeatCount=0, eventTime=1882694, downTime=1882694, deviceId=-1, source=0x101 }
W/ViewRootImpl(32466): Dropping event due to no window focus: KeyEvent { action=ACTION_DOWN, keyCode=KEYCODE_LEFT_BRACKET, scanCode=0, metaState=0, flags=0x8, repeatCount=0, eventTime=1882694, downTime=1882694, deviceId=-1, source=0x101 }
W/ViewRootImpl(32466): Dropping event due to no window focus: KeyEvent { action=ACTION_DOWN, keyCode=KEYCODE_DPAD_LEFT, scanCode=0, metaState=0, flags=0x8, repeatCount=0, eventTime=1882695, downTime=1882695, deviceId=-1, source=0x101 }
W/ViewRootImpl(32466): Dropping event due to no window focus: KeyEvent { action=ACTION_DOWN, keyCode=KEYCODE_DPAD_DOWN, scanCode=0, metaState=0, flags=0x8, repeatCount=0, eventTime=1882696, downTime=1882696, deviceId=-1, source=0x101 }
W/ViewRootImpl(32466): Dropping event due to no window focus: KeyEvent { action=ACTION_DOWN, keyCode=KEYCODE_DPAD_CENTER, scanCode=0, metaState=0, flags=0x8, repeatCount=0, eventTime=1882697, downTime=1882697, deviceId=-1, source=0x101 }
W/EGL_emulation(32466): eglSurfaceAttrib not implemented 3093 12436
W/ViewRootImpl(32466): Dropping event due to no window focus: KeyEvent { action=ACTION_DOWN, keyCode=KEYCODE_DPAD_DOWN, scanCode=0, metaState=0, flags=0x8, repeatCount=0, eventTime=1882700, downTime=1882700, deviceId=-1, source=0x101 }
W/ViewRootImpl(32466): Dropping event due to no window focus: KeyEvent { action=ACTION_DOWN, keyCode=KEYCODE_DPAD_LEFT, scanCode=0, metaState=0, flags=0x8, repeatCount=0, eventTime=1882733, downTime=1882733, deviceId=-1, source=0x101 }
I/ActivityManager(  481): START u0 {cmp=com.raycom.wdam/.v2.NavigationActivity (has extras)} from pid 32466
W/Verve   (32466): Loading splash ad failed.
I/ActivityManager(  481): START u0 {act=com.android.systemui.recent.action.TOGGLE_RECENTS flg=0x10800000 cmp=com.android.systemui/.recent.RecentsActivity (has extras)} from pid 533
W/InputMethodManagerService(  481): Window already focused, ignoring focus gain of: com.android.internal.view.IInputMethodClient$Stub$Proxy@4ac5fb58 attribute=null, token = android.os.BinderProxy@4aaf3148
W/InstanceID/Rpc(32466): Found 10007
W/Verve   (32466): getHomepageRefreshTimeMs: Invalid long: "null"
W/Verve   (32466): getHomepageRefreshTimeMs: Invalid long: "null"
D/dalvikvm(32466): GC_CONCURRENT freed 1168K, 10% free 11220K/12448K, paused 2ms+0ms, total 8ms
D/dalvikvm(32466): WAIT_FOR_CONCURRENT_GC blocked 4ms
D/dalvikvm(32466): WAIT_FOR_CONCURRENT_GC blocked 5ms
W/ViewRootImpl(32466): Dropping event due to no window focus: MotionEvent { action=ACTION_MOVE, id[0]=0, x[0]=2.0, y[0]=0.0, toolType[0]=TOOL_TYPE_UNKNOWN, buttonState=0, metaState=0, flags=0x0, edgeFlags=0x0, pointerCount=1, historySize=9, eventTime=1882737, downTime=-1, deviceId=0, source=0x10004 }
W/ViewRootImpl(32466): Dropping event due to no window focus: KeyEvent { action=ACTION_DOWN, keyCode=KEYCODE_NUM, scanCode=0, metaState=0, flags=0x8, repeatCount=0, eventTime=1882737, downTime=1882737, deviceId=-1, source=0x101 }
V/PanelView(  533): animationTick called with dtms=0; nothing to do (h=0.0 v=4500.0)
W/WindowManager(  481): updateFocusedWindowLocked, focusedAppToken is null.
W/EGL_emulation(32466): eglSurfaceAttrib not implemented 3093 12436
W/EGL_emulation(  533): eglSurfaceAttrib not implemented 3093 12436
W/ViewRootImpl(  533): Dropping event due to no window focus: KeyEvent { action=ACTION_DOWN, keyCode=KEYCODE_DPAD_RIGHT, scanCode=0, metaState=0, flags=0x8, repeatCount=0, eventTime=1882863, downTime=1882863, deviceId=-1, source=0x101 }
W/EGL_emulation(32466): eglSurfaceAttrib not implemented 3093 12436
D/dalvikvm(32466): DexOpt: couldn't find field Landroid/os/Message;.sendingUid
W/dalvikvm(32466): VFY: unable to resolve instance field 203
D/dalvikvm(32466): VFY: replacing opcode 0x52 at 0x0000
I/qtaguid (  641): Tagging socket 67 with tag 3000040700000000(805307399) for uid -1 failed errno=-13
I/NetworkManagementSocketTagger(  641): tagSocketFd(67, 805307399, -1) failed with errno-13
I/chromium(32466): [INFO:simple_index_file.cc(397)] Simple Cache Index is being restored from disk.
I/qtaguid (  641): Untagging socket 67 failed errno=-13
W/NetworkManagementSocketTagger(  641): untagSocket(67) failed with errno -13
V/PanelView(  533): animationTick called with dtms=0; nothing to do (h=697.5 v=-3000.0)
V/PanelView(  533): animationTick called with dtms=-1; nothing to do (h=697.5 v=-3000.0)
I/InputDispatcher(  481): Dropped event because of pending overdue app switch.
W/InputManager(  481): Input event injection from pid 32456 failed.
D/dalvikvm( 2623): GC_FOR_ALLOC freed 2098K, 62% free 4892K/12752K, paused 3ms, total 3ms
I/dalvikvm-heap( 2623): Grow heap (frag case) to 6.811MB for 2073612-byte allocation
D/dalvikvm( 2623): GC_FOR_ALLOC freed 7K, 46% free 6909K/12752K, paused 2ms, total 2ms
D/dalvikvm( 2623): GC_CONCURRENT freed <1K, 46% free 6909K/12752K, paused 0ms+0ms, total 1ms
I/GAv4    (32466): Google Analytics 8.4.87 is starting up. To enable debug logging on a device run:
I/GAv4    (32466):   adb shell setprop log.tag.GAv4 DEBUG
I/GAv4    (32466):   adb logcat -s GAv4
W/Verve   (32466): Chartbeat not configured, page reporting disabled
W/ResourceType(  481): Skipping entry 0x7f04000c in package table 0 because it is not complex!
W/ResourceType(  481): Skipping entry 0x7f04000d in package table 0 because it is not complex!
W/ViewRootImpl(32466): Dropping event due to no window focus: KeyEvent { action=ACTION_DOWN, keyCode=KEYCODE_DPAD_RIGHT, scanCode=0, metaState=0, flags=0x8, repeatCount=0, eventTime=1883201, downTime=1883201, deviceId=-1, source=0x101 }
D/dalvikvm(  481): GC_FOR_ALLOC freed 5894K, 45% free 10900K/19764K, paused 17ms, total 18ms
I/dalvikvm-heap(  481): Grow heap (frag case) to 12.685MB for 2073612-byte allocation
D/dalvikvm(  481): GC_FOR_ALLOC freed 27K, 41% free 12898K/21792K, paused 17ms, total 17ms
I/ActivityManager(  481): Displayed com.raycom.wdam/.v2.NavigationActivity: +608ms
W/ViewRootImpl(32466): Dropping event due to no window focus: KeyEvent { action=ACTION_DOWN, keyCode=KEYCODE_F11, scanCode=0, metaState=0, flags=0x8, repeatCount=0, eventTime=1883316, downTime=1883316, deviceId=-1, source=0x101 }
I/dalvikvm(32466): Could not find method android.content.pm.PackageManager.getPackageInstaller, referenced from method jjw.a
W/dalvikvm(32466): VFY: unable to resolve virtual method 2504: Landroid/content/pm/PackageManager;.getPackageInstaller ()Landroid/content/pm/PackageInstaller;
D/dalvikvm(32466): VFY: replacing opcode 0x6e at 0x001c
I/dalvikvm(32466): Could not find method android.content.ContextWrapper.createCredentialProtectedStorageContext, referenced from method iwr.createCredentialProtectedStorageContext
W/dalvikvm(32466): VFY: unable to resolve virtual method 2411: Landroid/content/ContextWrapper;.createCredentialProtectedStorageContext ()Landroid/content/Context;
D/dalvikvm(32466): VFY: replacing opcode 0x6f at 0x0002
I/dalvikvm(32466): Could not find method android.content.ContextWrapper.createDeviceProtectedStorageContext, referenced from method iwr.createDeviceProtectedStorageContext
W/dalvikvm(32466): VFY: unable to resolve virtual method 2412: Landroid/content/ContextWrapper;.createDeviceProtectedStorageContext ()Landroid/content/Context;
D/dalvikvm(32466): VFY: replacing opcode 0x6f at 0x0002
I/dalvikvm(32466): Could not find method android.content.ContextWrapper.createCredentialProtectedStorageContext, referenced from method com.google.android.chimera.ModuleContext.createCredentialProtectedStorageContext
W/dalvikvm(32466): VFY: unable to resolve virtual method 2411: Landroid/content/ContextWrapper;.createCredentialProtectedStorageContext ()Landroid/content/Context;
D/dalvikvm(32466): VFY: replacing opcode 0x6f at 0x0002
I/dalvikvm(32466): Could not find method android.content.ContextWrapper.createDeviceProtectedStorageContext, referenced from method com.google.android.chimera.ModuleContext.createDeviceProtectedStorageContext
W/dalvikvm(32466): VFY: unable to resolve virtual method 2412: Landroid/content/ContextWrapper;.createDeviceProtectedStorageContext ()Landroid/content/Context;
D/dalvikvm(32466): VFY: replacing opcode 0x6f at 0x0002
I/dalvikvm(32466): Could not find method android.content.Context.isCredentialProtectedStorage, referenced from method cub.a
W/dalvikvm(32466): VFY: unable to resolve virtual method 2391: Landroid/content/Context;.isCredentialProtectedStorage ()Z
D/dalvikvm(32466): VFY: replacing opcode 0x6e at 0x0000
I/dalvikvm(32466): Could not find method android.os.UserManager.isUserUnlocked, referenced from method cub.a
W/dalvikvm(32466): VFY: unable to resolve virtual method 3028: Landroid/os/UserManager;.isUserUnlocked ()Z
D/dalvikvm(32466): VFY: replacing opcode 0x6e at 0x001a
I/dalvikvm(32466): Could not find method android.content.Context.isDeviceProtectedStorage, referenced from method cub.b
W/dalvikvm(32466): VFY: unable to resolve virtual method 2392: Landroid/content/Context;.isDeviceProtectedStorage ()Z
D/dalvikvm(32466): VFY: replacing opcode 0x6e at 0x0000
I/dalvikvm(32466): Could not find method android.content.Context.isDeviceProtectedStorage, referenced from method cub.c
W/dalvikvm(32466): VFY: unable to resolve virtual method 2392: Landroid/content/Context;.isDeviceProtectedStorage ()Z
D/dalvikvm(32466): VFY: replacing opcode 0x6e at 0x0000
I/dalvikvm(32466): Could not find method android.system.Os.readlink, referenced from method cuq.a
W/dalvikvm(32466): VFY: unable to resolve static method 3047: Landroid/system/Os;.readlink (Ljava/lang/String;)Ljava/lang/String;
D/dalvikvm(32466): VFY: replacing opcode 0x71 at 0x0000
I/dalvikvm(32466): Could not find method android.system.Os.stat, referenced from method cuq.a
W/dalvikvm(32466): VFY: unable to resolve static method 3048: Landroid/system/Os;.stat (Ljava/lang/String;)Landroid/system/StructStat;
D/dalvikvm(32466): VFY: replacing opcode 0x71 at 0x0042
I/dalvikvm(32466): Could not find method android.system.Os.symlink, referenced from method cuq.a
W/dalvikvm(32466): VFY: unable to resolve static method 3049: Landroid/system/Os;.symlink (Ljava/lang/String;Ljava/lang/String;)V
D/dalvikvm(32466): VFY: replacing opcode 0x71 at 0x013b
I/dalvikvm(32466): DexOpt: unable to optimize instance field ref 0x04a1 at 0x46 in Lcuq;.a
I/dalvikvm(32466): DexOpt: unable to optimize static field ref 0x049c at 0x48 in Lcuq;.a
I/dalvikvm(32466): DexOpt: unable to optimize static field ref 0x049a at 0x4a in Lcuq;.a
I/dalvikvm(32466): DexOpt: unable to optimize static field ref 0x049b at 0x4d in Lcuq;.a
I/dalvikvm(32466): DexOpt: unable to optimize static field ref 0x049d at 0x57 in Lcuq;.a
I/dalvikvm(32466): DexOpt: unable to optimize static field ref 0x04a0 at 0x5f in Lcuq;.a
I/dalvikvm(32466): DexOpt: unable to optimize static field ref 0x049e at 0x61 in Lcuq;.a
I/dalvikvm(32466): DexOpt: unable to optimize static field ref 0x049f at 0x64 in Lcuq;.a
I/dalvikvm(32466): DexOpt: unable to optimize static field ref 0x049c at 0x7f in Lcuq;.a
I/dalvikvm(32466): DexOpt: unable to optimize static field ref 0x04a0 at 0x90 in Lcuq;.a
I/dalvikvm(32466): Could not find method android.content.Context.createDeviceProtectedStorageContext, referenced from method jvu.a
W/dalvikvm(32466): VFY: unable to resolve virtual method 2362: Landroid/content/Context;.createDeviceProtectedStorageContext ()Landroid/content/Context;
D/dalvikvm(32466): VFY: replacing opcode 0x6e at 0x0029
I/dalvikvm(32466): Could not find method android.content.Context.getSystemService, referenced from method jvu.b
W/dalvikvm(32466): VFY: unable to resolve virtual method 2387: Landroid/content/Context;.getSystemService (Ljava/lang/Class;)Ljava/lang/Object;
D/dalvikvm(32466): VFY: replacing opcode 0x6e at 0x000b
D/dalvikvm(32466): DexOpt: couldn't find static field Landroid/os/Build;.SUPPORTED_64_BIT_ABIS
W/dalvikvm(32466): VFY: unable to resolve static field 1157 (SUPPORTED_64_BIT_ABIS) in Landroid/os/Build;
D/dalvikvm(32466): VFY: replacing opcode 0x62 at 0x0012
D/dalvikvm(32466): DexOpt: couldn't find static field Landroid/os/Build;.SUPPORTED_32_BIT_ABIS
W/dalvikvm(32466): VFY: unable to resolve static field 1156 (SUPPORTED_32_BIT_ABIS) in Landroid/os/Build;
D/dalvikvm(32466): VFY: replacing opcode 0x62 at 0x0021
D/dalvikvm(32466): DexOpt: couldn't find static field Landroid/os/Build;.SUPPORTED_ABIS
W/dalvikvm(32466): VFY: unable to resolve static field 1158 (SUPPORTED_ABIS) in Landroid/os/Build;
D/dalvikvm(32466): VFY: replacing opcode 0x62 at 0x0008
D/dalvikvm(32466): DexOpt: couldn't find static field Landroid/os/Build;.SUPPORTED_64_BIT_ABIS
W/dalvikvm(32466): VFY: unable to resolve static field 1157 (SUPPORTED_64_BIT_ABIS) in Landroid/os/Build;
D/dalvikvm(32466): VFY: replacing opcode 0x62 at 0x0008
D/dalvikvm(32466): DexOpt: couldn't find static field Landroid/os/Build;.SUPPORTED_64_BIT_ABIS
I/dalvikvm(32466): DexOpt: unable to optimize static field ref 0x0485 at 0x17 in Lcwd;.a
D/dalvikvm(32466): DexOpt: couldn't find static field Landroid/os/Build;.SUPPORTED_32_BIT_ABIS
I/dalvikvm(32466): DexOpt: unable to optimize static field ref 0x0484 at 0x26 in Lcwd;.a
D/dalvikvm(32466): DexOpt: couldn't find static field Landroid/os/Build;.SUPPORTED_64_BIT_ABIS
I/dalvikvm(32466): DexOpt: unable to optimize static field ref 0x0485 at 0x0d in Lcwd;.b
D/DynamitePackage(32466): Instantiated singleton DynamitePackage.
D/DynamitePackage(32466): Instantiating com.google.android.gms.ads.ChimeraAdManagerCreatorImpl
I/dalvikvm(32466): Could not find method android.content.pm.PackageManager.getPackageInstaller, referenced from method jn.a
W/dalvikvm(32466): VFY: unable to resolve virtual method 2060: Landroid/content/pm/PackageManager;.getPackageInstaller ()Landroid/content/pm/PackageInstaller;
D/dalvikvm(32466): VFY: replacing opcode 0x6e at 0x0017
I/dalvikvm(32466): Could not find method android.security.NetworkSecurityPolicy.getInstance, referenced from method com.google.android.gms.ads.internal.util.h.b_
W/dalvikvm(32466): VFY: unable to resolve static method 2591: Landroid/security/NetworkSecurityPolicy;.getInstance ()Landroid/security/NetworkSecurityPolicy;
D/dalvikvm(32466): VFY: replacing opcode 0x71 at 0x0022
I/dalvikvm(32466): Could not find method android.content.pm.PackageManager.isInstantApp, referenced from method qp.a
W/dalvikvm(32466): VFY: unable to resolve virtual method 2065: Landroid/content/pm/PackageManager;.isInstantApp (Ljava/lang/String;)Z
D/dalvikvm(32466): VFY: replacing opcode 0x6e at 0x002d
I/dalvikvm(32466): Could not find method android.content.pm.PackageManager.isInstantApp, referenced from method qo.a
W/dalvikvm(32466): VFY: unable to resolve virtual method 2064: Landroid/content/pm/PackageManager;.isInstantApp ()Z
D/dalvikvm(32466): VFY: replacing opcode 0x6e at 0x0028
D/dalvikvm(32466): DexOpt: --- BEGIN '1510898742191.jar' (bootstrap=0) ---
I/qtaguid (  641): Tagging socket 67 with tag 3000040700000000(805307399) for uid -1 failed errno=-13
I/NetworkManagementSocketTagger(  641): tagSocketFd(67, 805307399, -1) failed with errno-13
D/dalvikvm(  481): GC_CONCURRENT freed 50K, 41% free 12892K/21792K, paused 3ms+2ms, total 77ms
D/dalvikvm(  481): WAIT_FOR_CONCURRENT_GC blocked 74ms
I/dalvikvm-heap(  481): Grow heap (frag case) to 14.629MB for 2073612-byte allocation
D/dalvikvm(  481): GC_FOR_ALLOC freed 1K, 38% free 14915K/23820K, paused 25ms, total 25ms
I/Ads     (32466): Starting ad request.
I/Ads     (32466): Use AdRequest.Builder.addTestDevice("DADDEACD506FD4BD02989AD39CCF21B7") to get test ads on this device.
I/dalvikvm(32466): Could not find method android.webkit.WebSettings.setMixedContentMode, referenced from method com.google.android.gms.ads.internal.webview.m.<init>
W/dalvikvm(32466): VFY: unable to resolve virtual method 2893: Landroid/webkit/WebSettings;.setMixedContentMode (I)V
D/dalvikvm(32466): VFY: replacing opcode 0x6e at 0x0069
D/dalvikvm(  533): GC_FOR_ALLOC freed 2660K, 23% free 17745K/22828K, paused 6ms, total 11ms
