I/MultiDex(26335): VM with version 1.6.0 does not have multidex support
I/MultiDex(26335): install
I/MultiDex(26335): MultiDexExtractor.load(/data/app/com.freerange360.mpp.businessinsider-1.apk, false)
I/MultiDex(26335): loading existing secondary dex files
I/MultiDex(26335): load found 0 secondary dex files
I/MultiDex(26335): install done
D/FirebaseApp(26335): com.google.firebase.auth.FirebaseAuth is not linked. Skipping initialization.
D/FirebaseApp(26335): com.google.firebase.iid.FirebaseInstanceId is not linked. Skipping initialization.
D/FirebaseApp(26335): com.google.firebase.crash.FirebaseCrash is not linked. Skipping initialization.
D/FirebaseApp(26335): com.google.android.gms.measurement.AppMeasurement is not linked. Skipping initialization.
I/FirebaseInitProvider(26335): FirebaseApp initialization successful
D/dalvikvm(26335): JIT code cache reset in 0 ms (0 bytes 1/0)
D/dalvikvm(26335): GC_CONCURRENT freed 249K, 7% free 3060K/3284K, paused 0ms+0ms, total 4ms
I/CrashlyticsCore(26335): Initializing Crashlytics 2.3.8.97
I/dalvikvm(26335): Could not find method android.app.Notification$Builder.setLocalOnly, referenced from method com.google.android.gms.common.GooglePlayServicesUtil.zza
W/dalvikvm(26335): VFY: unable to resolve virtual method 268: Landroid/app/Notification$Builder;.setLocalOnly (Z)Landroid/app/Notification$Builder;
D/dalvikvm(26335): VFY: replacing opcode 0x6e at 0x00fb
D/dalvikvm(26335): GC_CONCURRENT freed 310K, 11% free 3159K/3532K, paused 2ms+2ms, total 5ms
I/dalvikvm(26335): Could not find method android.content.pm.PackageManager.getPackageInstaller, referenced from method com.google.android.gms.common.zze.zzk
W/dalvikvm(26335): VFY: unable to resolve virtual method 599: Landroid/content/pm/PackageManager;.getPackageInstaller ()Landroid/content/pm/PackageInstaller;
D/dalvikvm(26335): VFY: replacing opcode 0x6e at 0x000a
V/GoogleSignatureVerifier(26335): com.google.android.gms signature not valid.  Found: 
V/GoogleSignatureVerifier(26335): MIIEQzCCAyugAwIBAgIJAMLgh0ZkSjCNMA0GCSqGSIb3DQEBBAUAMHQxCzAJBgNVBAYTAlVTMRMw
V/GoogleSignatureVerifier(26335): EQYDVQQIEwpDYWxpZm9ybmlhMRYwFAYDVQQHEw1Nb3VudGFpbiBWaWV3MRQwEgYDVQQKEwtHb29n
V/GoogleSignatureVerifier(26335): bGUgSW5jLjEQMA4GA1UECxMHQW5kcm9pZDEQMA4GA1UEAxMHQW5kcm9pZDAeFw0wODA4MjEyMzEz
V/GoogleSignatureVerifier(26335): MzRaFw0zNjAxMDcyMzEzMzRaMHQxCzAJBgNVBAYTAlVTMRMwEQYDVQQIEwpDYWxpZm9ybmlhMRYw
V/GoogleSignatureVerifier(26335): FAYDVQQHEw1Nb3VudGFpbiBWaWV3MRQwEgYDVQQKEwtHb29nbGUgSW5jLjEQMA4GA1UECxMHQW5k
V/GoogleSignatureVerifier(26335): cm9pZDEQMA4GA1UEAxMHQW5kcm9pZDCCASAwDQYJKoZIhvcNAQEBBQADggENADCCAQgCggEBAKtW
V/GoogleSignatureVerifier(26335): LgDYO6IIrgqWbxJOKdoR8qtW0I9Y4sypEwPpt1TTcvZApxsdyxMJZ2JORland2qSGT2y5b+3JKke
V/GoogleSignatureVerifier(26335): dxiLDmpHpDsz2WCbdxgxRczfey5YZnTJ4VZbH0xqWVW/8lGmPav5xVwnIiJS6HXk+BVKZF+JcWjA
V/GoogleSignatureVerifier(26335): sb/GEuq/eFdpuzSqeYTcfi6idkyugwfYwXFU1+5fZKUaRKYCwkkFQVfcAs1fXA5V+++FGfvjJ/Cx
V/GoogleSignatureVerifier(26335): URaSxaBvGdGDhfXE28LWuT9ozCl5xw4Yq5OGazvV24mZVSoOO0yZ31j7kYvtwYK6NeADwbSxDdJE
V/GoogleSignatureVerifier(26335): qO4k//0zOHKrUiGYXtqw/A0LFFtqoZKFjnkCAQOjgdkwgdYwHQYDVR0OBBYEFMd9jMIhF1Ylmn/T
V/GoogleSignatureVerifier(26335): gt9r45jk14alMIGmBgNVHSMEgZ4wgZuAFMd9jMIhF1Ylmn/Tgt9r45jk14aloXikdjB0MQswCQYD
V/GoogleSignatureVerifier(26335): VQQGEwJVUzETMBEGA1UECBMKQ2FsaWZvcm5pYTEWMBQGA1UEBxMNTW91bnRhaW4gVmlldzEUMBIG
V/GoogleSignatureVerifier(26335): A1UEChMLR29vZ2xlIEluYy4xEDAOBgNVBAsTB0FuZHJvaWQxEDAOBgNVBAMTB0FuZHJvaWSCCQDC
V/GoogleSignatureVerifier(26335): 4IdGZEowjTAMBgNVHRMEBTADAQH/MA0GCSqGSIb3DQEBBAUAA4IBAQBt0lLO74UwLDYKqs6Tm8/y
V/GoogleSignatureVerifier(26335): zKkEu116FmH4rkaymUIE0P9KaMftGlMexFlaYjzmB2OxZyl6euNXEsQH8gjwyxCUKRJNexBiGcCE
V/GoogleSignatureVerifier(26335): yj6z+a1fuHHvkiaai+KL8W1EyNmgjmyy8AW7P+LLlkR+ho5zEHatRbM/YAnqGcFh5iZBqpknHf1S
V/GoogleSignatureVerifier(26335): KMXFh4dd239FJ1jWYfbMDMy3NS5CTMQ2XFI1MvcyUTdZPErjQfTbQe3aDQsQcafEQPD+nqActifK
V/GoogleSignatureVerifier(26335): Z0Np0IS9L9kR/wbNvyz6ENwPiTrjV2KRkEjH78ZMcUQXg0L3BYHJ3lc69Vs5Ddf9uUGGMYldX3Wf
V/GoogleSignatureVerifier(26335): MBEmh/9iFBDAaTCK
E/dalvikvm(26335): Bogus static initialization: value type 23 in field type Ljava/lang/Object; for Lcom/google/inject/internal/util/$SourceProvider; at index 1
E/dalvikvm(26335): VM aborting
F/libc    (26335): Fatal signal 6 (SIGABRT) at 0x000066df (code=-6), thread 26335 (businessinsider)
I/DEBUG   (26115): *** *** *** *** *** *** *** *** *** *** *** *** *** *** *** ***
I/DEBUG   (26115): Build fingerprint: 'samsung/SM-G955N/dream2lteks:4.4.2/NRD90M/381180401:user/release-keys'
I/DEBUG   (26115): Revision: '0'
I/DEBUG   (26115): pid: 26335, tid: 26335, name: businessinsider  >>> com.freerange360.mpp.businessinsider <<<
I/DEBUG   (26115): signal 6 (SIGABRT), code -6 (SI_TKILL), fault addr --------
I/DEBUG   (26115):     eax 00000000  ebx 000066df  ecx 000066df  edx 00000006
I/DEBUG   (26115):     esi 000066df  edi 00000000
I/DEBUG   (26115):     xcs 00000073  xds 0000007b  xes 0000007b  xfs 00000000  xss 0000007b
I/DEBUG   (26115):     eip b766c0d6  ebp b76d5ce0  esp bfe46a90  flags 00200207
I/DEBUG   (26115): 
I/DEBUG   (26115): backtrace:
I/DEBUG   (26115):     #00  pc 0003c0d6  /system/lib/libc.so (tgkill+22)
I/DEBUG   (26115):     #01  pc 00000005  <unknown>
I/DEBUG   (26115): 
I/DEBUG   (26115): stack:
I/DEBUG   (26115):          bfe46a50  00000000  
I/DEBUG   (26115):          bfe46a54  b76d1268  /system/lib/libc.so
I/DEBUG   (26115):          bfe46a58  00000000  
I/DEBUG   (26115):          bfe46a5c  b763df39  /system/lib/libc.so (pthread_mutex_unlock+25)
I/DEBUG   (26115):          bfe46a60  b76d118c  /system/lib/libc.so
I/DEBUG   (26115):          bfe46a64  b80eec80  [heap]
I/DEBUG   (26115):          bfe46a68  00000015  
I/DEBUG   (26115):          bfe46a6c  b4e49c40  /system/lib/libdvm.so
I/DEBUG   (26115):          bfe46a70  00000000  
I/DEBUG   (26115):          bfe46a74  b768a926  /system/lib/libc.so (funlockfile+6)
I/DEBUG   (26115):          bfe46a78  b76d0fcc  /system/lib/libc.so
I/DEBUG   (26115):          bfe46a7c  b7676006  /system/lib/libc.so (__sflush_locked+150)
I/DEBUG   (26115):          bfe46a80  00000000  
I/DEBUG   (26115):          bfe46a84  00000000  
I/DEBUG   (26115):          bfe46a88  b763dd69  /system/lib/libc.so (pthread_mutex_lock+9)
I/DEBUG   (26115):          bfe46a8c  b76d0fcc  /system/lib/libc.so
I/DEBUG   (26115):     #00  bfe46a90  00000006  
I/DEBUG   (26115):          bfe46a94  000066df  
I/DEBUG   (26115):          bfe46a98  b76d0fcc  /system/lib/libc.so
I/DEBUG   (26115):          bfe46a9c  b76484a6  /system/lib/libc.so (pthread_kill+102)
I/DEBUG   (26115):          bfe46aa0  000066df  
I/DEBUG   (26115):          bfe46aa4  000066df  
I/DEBUG   (26115):          bfe46aa8  00000006  
I/DEBUG   (26115):          bfe46aac  00000000  
I/DEBUG   (26115):          bfe46ab0  b76d1268  /system/lib/libc.so
I/DEBUG   (26115):          bfe46ab4  94f044e0  /dev/ashmem/dalvik-heap (deleted)
I/DEBUG   (26115):          bfe46ab8  b7648449  /system/lib/libc.so (pthread_kill+9)
I/DEBUG   (26115):          bfe46abc  b76d0fcc  /system/lib/libc.so
I/DEBUG   (26115):          bfe46ac0  bfe46b0c  [stack]
I/DEBUG   (26115):          bfe46ac4  bfe46d40  [stack]
I/DEBUG   (26115):          bfe46ac8  00000001  
I/DEBUG   (26115):          bfe46acc  b764882c  /system/lib/libc.so (raise+44)
I/BootReceiver(  481): Copying /data/tombstones/tombstone_08 to DropBox (SYSTEM_TOMBSTONE)
I/InputDispatcher(  481): Dropping event because there is no focused window or focused application.
W/NetworkManagementSocketTagger(  481): setKernelCountSet(10208, 0) failed with errno -13
I/InputDispatcher(  481): Dropping event because there is no focused window or focused application.
I/InputDispatcher(  481): Dropping event because there is no focused window or focused application.
I/InputDispatcher(  481): Dropping event because there is no focused window or focused application.
I/InputDispatcher(  481): Dropping event because there is no focused window or focused application.
I/InputDispatcher(  481): Dropping event because there is no focused window or focused application.
I/ActivityManager(  481): Process com.freerange360.mpp.businessinsider (pid 26335) has died.
W/ActivityManager(  481): Force removing ActivityRecord{4a9ccc34 u0 com.freerange360.mpp.businessinsider/com.businessinsider.app.MainActivity t264}: app died, no saved state
W/InputManager(  481): Input event injection from pid 25974 failed.
W/InputManager(  481): Input event injection from pid 25974 failed.
W/InputManager(  481): Input event injection from pid 25974 failed.
W/InputManager(  481): Input event injection from pid 25974 failed.
W/InputManager(  481): Input event injection from pid 25974 failed.
W/InputManager(  481): Input event injection from pid 25974 failed.
W/InputManager(  481): Input event injection from pid 25974 failed.
W/InputManager(  481): Input event injection from pid 25974 failed.
W/ActivityManager(  481): Force-killing crashed app com.freerange360.mpp.businessinsider at watcher's request
W/InputManager(  481): Input event injection from pid 25974 failed.
W/ContextImpl(  481): Calling a method in the system process without a qualified user: android.app.ContextImpl.sendBroadcast:1123 com.android.server.am.ActivityManagerService.handleApplicationCrashInner:9670 com.android.server.am.NativeCrashListener$NativeCrashReporter.run:86 <bottom of call stack> <bottom of call stack> 
W/InputManager(  481): Input event injection from pid 25974 failed.
I/InputDispatcher(  481): Dropping event because there is no focused window or focused application.
I/InputDispatcher(  481): Dropping event because there is no focused window or focused application.
I/InputDispatcher(  481): Dropping event because there is no focused window or focused application.
I/InputDispatcher(  481): Dropping event because there is no focused window or focused application.
I/InputDispatcher(  481): Dropping event because there is no focused window or focused application.
I/InputDispatcher(  481): Dropping event because there is no focused window or focused application.
I/InputDispatcher(  481): Dropping event because there is no focused window or focused application.
D/Zygote  (  167): Process 26335 terminated by signal (6)
I/InputDispatcher(  481): Dropping event because there is no focused window or focused application.
I/InputDispatcher(  481): Dropping event because there is no focused window or focused application.
I/InputDispatcher(  481): Dropping event because there is no focused window or focused application.
I/InputDispatcher(  481): Dropping event because there is no focused window or focused application.
I/InputDispatcher(  481): Dropping event because there is no focused window or focused application.
I/InputDispatcher(  481): Dropping event because there is no focused window or focused application.
W/InputManager(  481): Input event injection from pid 25974 failed.
W/InputManager(  481): Input event injection from pid 25974 failed.
W/InputManager(  481): Input event injection from pid 25974 failed.
W/InputManager(  481): Input event injection from pid 25974 failed.
W/InputManager(  481): Input event injection from pid 25974 failed.
W/InputManager(  481): Input event injection from pid 25974 failed.
W/InputManager(  481): Input event injection from pid 25974 failed.
W/InputManager(  481): Input event injection from pid 25974 failed.
W/InputManager(  481): Input event injection from pid 25974 failed.
W/InputManager(  481): Input event injection from pid 25974 failed.
W/InputManager(  481): Input event injection from pid 25974 failed.
W/InputManager(  481): Input event injection from pid 25974 failed.
W/InputManager(  481): Input event injection from pid 25974 failed.
W/InputManager(  481): Input event injection from pid 25974 failed.
W/InputManager(  481): Input event injection from pid 25974 failed.
W/InputManager(  481): Input event injection from pid 25974 failed.
W/InputManager(  481): Input event injection from pid 25974 failed.
W/InputManager(  481): Input event injection from pid 25974 failed.
W/InputManager(  481): Input event injection from pid 25974 failed.
W/InputManager(  481): Input event injection from pid 25974 failed.
W/InputManager(  481): Input event injection from pid 25974 failed.
W/InputManager(  481): Input event injection from pid 25974 failed.
I/InputDispatcher(  481): Dropping event because there is no focused window or focused application.
I/InputDispatcher(  481): Dropping event because there is no focused window or focused application.
W/InputManager(  481): Input event injection from pid 25974 failed.
W/InputManager(  481): Input event injection from pid 25974 failed.
W/EGL_emulation(18799): eglSurfaceAttrib not implemented 3093 12436
W/InputMethodManagerService(  481): Window already focused, ignoring focus gain of: com.android.internal.view.IInputMethodClient$Stub$Proxy@4ac91648 attribute=null, token = android.os.BinderProxy@4aa02634
D/dalvikvm(  711): GC_EXPLICIT freed 606K, 46% free 9176K/16748K, paused 1ms+1ms, total 17ms
W/ContextImpl(  481): Calling a method in the system process without a qualified user: android.app.ContextImpl.sendBroadcast:1123 com.android.server.InputMethodManagerService.showCurrentInputLocked:1791 com.android.server.InputMethodManagerService.showSoftInput:1753 com.android.internal.view.IInputMethodManager$Stub.onTransact:175 com.android.server.InputMethodManagerService.onTransact:818 
W/ContextImpl(  481): Calling a method in the system process without a qualified user: android.app.ContextImpl.sendBroadcast:1123 com.android.server.InputMethodManagerService.showCurrentInputLocked:1791 com.android.server.InputMethodManagerService.attachNewInputLocked:1095 com.android.server.InputMethodManagerService.startInputUncheckedLocked:1166 com.android.server.InputMethodManagerService.startInputLocked:1128 
W/ContextImpl(  481): Calling a method in the system process without a qualified user: android.app.ContextImpl.sendBroadcast:1123 com.android.server.InputMethodManagerService.hideCurrentInputLocked:1880 com.android.server.InputMethodManagerService.hideSoftInput:1843 com.android.internal.view.IInputMethodManager$Stub.onTransact:194 com.android.server.InputMethodManagerService.onTransact:818 
W/IInputConnectionWrapper(18799): getCursorCapsMode on inactive InputConnection
V/InputMethodService(  616): onEvaluateInputViewShown: config.hardKeyboardHidden = 2
V/InputMethodService(  616): onEvaluateInputViewShown: config.hardKeyboardHidden = 2
W/IInputConnectionWrapper(18799): getCursorCapsMode on inactive InputConnection
V/InputMethodService(  616): onEvaluateInputViewShown: config.hardKeyboardHidden = 2
V/InputMethodService(  616): onEvaluateInputViewShown: config.hardKeyboardHidden = 2
D/dalvikvm(  533): GC_CONCURRENT freed 2920K, 42% free 12175K/20796K, paused 1ms+1ms, total 8ms
W/ContextImpl(  481): Calling a method in the system process without a qualified user: android.app.ContextImpl.sendBroadcast:1123 com.android.server.InputMethodManagerService.showCurrentInputLocked:1791 com.android.server.InputMethodManagerService.showSoftInput:1753 com.android.internal.view.IInputMethodManager$Stub.onTransact:175 com.android.server.InputMethodManagerService.onTransact:818 
V/InputMethodService(  616): onEvaluateInputViewShown: config.hardKeyboardHidden = 2
V/InputMethodService(  616): onEvaluateInputViewShown: config.hardKeyboardHidden = 2
W/browser (18799): Console: 'KeyboardEvent.keyLocation'' is deprecated. Please use 'KeyboardEvent.location' instead. :0
W/ContextImpl(  481): Calling a method in the system process without a qualified user: android.app.ContextImpl.sendBroadcast:1123 com.android.server.InputMethodManagerService.showCurrentInputLocked:1791 com.android.server.InputMethodManagerService.attachNewInputLocked:1095 com.android.server.InputMethodManagerService.startInputUncheckedLocked:1166 com.android.server.InputMethodManagerService.startInputLocked:1128 
W/ContextImpl(  481): Calling a method in the system process without a qualified user: android.app.ContextImpl.sendBroadcast:1123 com.android.server.InputMethodManagerService.hideCurrentInputLocked:1880 com.android.server.InputMethodManagerService.hideSoftInput:1843 com.android.internal.view.IInputMethodManager$Stub.onTransact:194 com.android.server.InputMethodManagerService.onTransact:818 
W/IInputConnectionWrapper(18799): getCursorCapsMode on inactive InputConnection
V/InputMethodService(  616): onEvaluateInputViewShown: config.hardKeyboardHidden = 2
V/InputMethodService(  616): onEvaluateInputViewShown: config.hardKeyboardHidden = 2
W/UnimplementedWebViewApi(18799): Unimplemented WebView method onKeyDown called from: android.webkit.WebView.onKeyDown(WebView.java:2169)
W/ViewRootImpl(18799): Dropping event due to no window focus: KeyEvent { action=ACTION_DOWN, keyCode=KEYCODE_DPAD_RIGHT, scanCode=0, metaState=0, flags=0x8, repeatCount=0, eventTime=1656466, downTime=1656466, deviceId=-1, source=0x101 }
V/PanelView(  533): animationTick called with dtms=0; nothing to do (h=0.0 v=-0.0)
W/EGL_emulation(18799): eglSurfaceAttrib not implemented 3093 12436
W/ViewRootImpl(18799): Dropping event due to no window focus: MotionEvent { action=ACTION_MOVE, id[0]=0, x[0]=2.0, y[0]=-5.0, toolType[0]=TOOL_TYPE_UNKNOWN, buttonState=0, metaState=0, flags=0x0, edgeFlags=0x0, pointerCount=1, historySize=29, eventTime=1656479, downTime=-1, deviceId=0, source=0x10004 }
W/ViewRootImpl(18799): Dropping event due to no window focus: MotionEvent { action=ACTION_DOWN, id[0]=0, x[0]=0.0, y[0]=0.0, toolType[0]=TOOL_TYPE_UNKNOWN, buttonState=0, metaState=0, flags=0x0, edgeFlags=0x0, pointerCount=1, historySize=0, eventTime=1656479, downTime=1656477, deviceId=0, source=0x10004 }
W/ViewRootImpl(18799): Dropping event due to no window focus: MotionEvent { action=ACTION_MOVE, id[0]=0, x[0]=3.0, y[0]=1.0, toolType[0]=TOOL_TYPE_UNKNOWN, buttonState=0, metaState=0, flags=0x0, edgeFlags=0x0, pointerCount=1, historySize=9, eventTime=1656483, downTime=-1, deviceId=0, source=0x10004 }
W/ViewRootImpl(18799): Dropping event due to no window focus: MotionEvent { action=ACTION_DOWN, id[0]=0, x[0]=0.0, y[0]=0.0, toolType[0]=TOOL_TYPE_UNKNOWN, buttonState=0, metaState=0, flags=0x0, edgeFlags=0x0, pointerCount=1, historySize=0, eventTime=1656484, downTime=1656482, deviceId=0, source=0x10004 }
W/ViewRootImpl(18799): Dropping event due to no window focus: KeyEvent { action=ACTION_DOWN, keyCode=KEYCODE_DPAD_CENTER, scanCode=0, metaState=0, flags=0x8, repeatCount=0, eventTime=1656486, downTime=1656486, deviceId=-1, source=0x101 }
I/ActivityManager(  481): START u0 {act=android.intent.action.MAIN cat=[android.intent.category.LAUNCHER] flg=0x10200000 cmp=com.freerange360.mpp.businessinsider/com.businessinsider.app.MainActivity} from pid 25974
D/dalvikvm(  481): GC_CONCURRENT freed 2320K, 43% free 11271K/19764K, paused 2ms+2ms, total 21ms
W/UnimplementedWebViewApi(18799): Unimplemented WebView method onKeyMultiple called from: android.webkit.WebView.onKeyMultiple(WebView.java:2179)
W/UnimplementedWebViewApi(18799): Unimplemented WebView method onKeyDown called from: android.webkit.WebView.onKeyDown(WebView.java:2169)
W/NetworkManagementSocketTagger(  481): setKernelCountSet(10208, 1) failed with errno -13
I/ActivityManager(  481): Start proc com.freerange360.mpp.businessinsider for activity com.freerange360.mpp.businessinsider/com.businessinsider.app.MainActivity: pid=26364 uid=10208 gids={50208, 3003, 1028, 1015, 1023}
I/dalvikvm(26364): ignoring registerObject request in thread=1
I/dalvikvm(26364): ignoring registerObject request in thread=1
I/MultiDex(26364): VM with version 1.6.0 does not have multidex support
I/MultiDex(26364): install
I/MultiDex(26364): MultiDexExtractor.load(/data/app/com.freerange360.mpp.businessinsider-1.apk, false)
I/MultiDex(26364): loading existing secondary dex files
I/MultiDex(26364): load found 0 secondary dex files
I/MultiDex(26364): install done
D/FirebaseApp(26364): com.google.firebase.auth.FirebaseAuth is not linked. Skipping initialization.
D/FirebaseApp(26364): com.google.firebase.iid.FirebaseInstanceId is not linked. Skipping initialization.
D/FirebaseApp(26364): com.google.firebase.crash.FirebaseCrash is not linked. Skipping initialization.
D/FirebaseApp(26364): com.google.android.gms.measurement.AppMeasurement is not linked. Skipping initialization.
I/FirebaseInitProvider(26364): FirebaseApp initialization successful
D/dalvikvm(26364): JIT code cache reset in 0 ms (0 bytes 1/0)
D/dalvikvm(26364): GC_CONCURRENT freed 273K, 10% free 3028K/3360K, paused 1ms+3ms, total 6ms
D/dalvikvm(26364): WAIT_FOR_CONCURRENT_GC blocked 2ms
D/dalvikvm(26364): GC_CONCURRENT freed 247K, 9% free 3166K/3476K, paused 0ms+0ms, total 3ms
I/CrashlyticsCore(26364): Initializing Crashlytics 2.3.8.97
I/dalvikvm(26364): Could not find method android.app.Notification$Builder.setLocalOnly, referenced from method com.google.android.gms.common.GooglePlayServicesUtil.zza
W/dalvikvm(26364): VFY: unable to resolve virtual method 268: Landroid/app/Notification$Builder;.setLocalOnly (Z)Landroid/app/Notification$Builder;
D/dalvikvm(26364): VFY: replacing opcode 0x6e at 0x00fb
E/dalvikvm(26364): Bogus static initialization: value type 23 in field type Ljava/lang/Object; for Lcom/google/inject/internal/util/$SourceProvider; at index 1
E/dalvikvm(26364): VM aborting
F/libc    (26364): Fatal signal 6 (SIGABRT) at 0x000066fc (code=-6), thread 26364 (businessinsider)
I/dalvikvm(26364): Could not find method android.content.pm.PackageManager.getPackageInstaller, referenced from method com.google.android.gms.common.zze.zzk
W/dalvikvm(26364): VFY: unable to resolve virtual method 599: Landroid/content/pm/PackageManager;.getPackageInstaller ()Landroid/content/pm/PackageInstaller;
D/dalvikvm(26364): VFY: replacing opcode 0x6e at 0x000a
V/GoogleSignatureVerifier(26364): com.google.android.gms signature not valid.  Found: 
V/GoogleSignatureVerifier(26364): MIIEQzCCAyugAwIBAgIJAMLgh0ZkSjCNMA0GCSqGSIb3DQEBBAUAMHQxCzAJBgNVBAYTAlVTMRMw
V/GoogleSignatureVerifier(26364): EQYDVQQIEwpDYWxpZm9ybmlhMRYwFAYDVQQHEw1Nb3VudGFpbiBWaWV3MRQwEgYDVQQKEwtHb29n
V/GoogleSignatureVerifier(26364): bGUgSW5jLjEQMA4GA1UECxMHQW5kcm9pZDEQMA4GA1UEAxMHQW5kcm9pZDAeFw0wODA4MjEyMzEz
V/GoogleSignatureVerifier(26364): MzRaFw0zNjAxMDcyMzEzMzRaMHQxCzAJBgNVBAYTAlVTMRMwEQYDVQQIEwpDYWxpZm9ybmlhMRYw
V/GoogleSignatureVerifier(26364): FAYDVQQHEw1Nb3VudGFpbiBWaWV3MRQwEgYDVQQKEwtHb29nbGUgSW5jLjEQMA4GA1UECxMHQW5k
V/GoogleSignatureVerifier(26364): cm9pZDEQMA4GA1UEAxMHQW5kcm9pZDCCASAwDQYJKoZIhvcNAQEBBQADggENADCCAQgCggEBAKtW
V/GoogleSignatureVerifier(26364): LgDYO6IIrgqWbxJOKdoR8qtW0I9Y4sypEwPpt1TTcvZApxsdyxMJZ2JORland2qSGT2y5b+3JKke
V/GoogleSignatureVerifier(26364): dxiLDmpHpDsz2WCbdxgxRczfey5YZnTJ4VZbH0xqWVW/8lGmPav5xVwnIiJS6HXk+BVKZF+JcWjA
V/GoogleSignatureVerifier(26364): sb/GEuq/eFdpuzSqeYTcfi6idkyugwfYwXFU1+5fZKUaRKYCwkkFQVfcAs1fXA5V+++FGfvjJ/Cx
V/GoogleSignatureVerifier(26364): URaSxaBvGdGDhfXE28LWuT9ozCl5xw4Yq5OGazvV24mZVSoOO0yZ31j7kYvtwYK6NeADwbSxDdJE
V/GoogleSignatureVerifier(26364): qO4k//0zOHKrUiGYXtqw/A0LFFtqoZKFjnkCAQOjgdkwgdYwHQYDVR0OBBYEFMd9jMIhF1Ylmn/T
V/GoogleSignatureVerifier(26364): gt9r45jk14alMIGmBgNVHSMEgZ4wgZuAFMd9jMIhF1Ylmn/Tgt9r45jk14aloXikdjB0MQswCQYD
V/GoogleSignatureVerifier(26364): VQQGEwJVUzETMBEGA1UECBMKQ2FsaWZvcm5pYTEWMBQGA1UEBxMNTW91bnRhaW4gVmlldzEUMBIG
V/GoogleSignatureVerifier(26364): A1UEChMLR29vZ2xlIEluYy4xEDAOBgNVBAsTB0FuZHJvaWQxEDAOBgNVBAMTB0FuZHJvaWSCCQDC
V/GoogleSignatureVerifier(26364): 4IdGZEowjTAMBgNVHRMEBTADAQH/MA0GCSqGSIb3DQEBBAUAA4IBAQBt0lLO74UwLDYKqs6Tm8/y
V/GoogleSignatureVerifier(26364): zKkEu116FmH4rkaymUIE0P9KaMftGlMexFlaYjzmB2OxZyl6euNXEsQH8gjwyxCUKRJNexBiGcCE
V/GoogleSignatureVerifier(26364): yj6z+a1fuHHvkiaai+KL8W1EyNmgjmyy8AW7P+LLlkR+ho5zEHatRbM/YAnqGcFh5iZBqpknHf1S
V/GoogleSignatureVerifier(26364): KMXFh4dd239FJ1jWYfbMDMy3NS5CTMQ2XFI1MvcyUTdZPErjQfTbQe3aDQsQcafEQPD+nqActifK
V/GoogleSignatureVerifier(26364): Z0Np0IS9L9kR/wbNvyz6ENwPiTrjV2KRkEjH78ZMcUQXg0L3BYHJ3lc69Vs5Ddf9uUGGMYldX3Wf
V/GoogleSignatureVerifier(26364): MBEmh/9iFBDAaTCK
I/DEBUG   (26115): *** *** *** *** *** *** *** *** *** *** *** *** *** *** *** ***
I/DEBUG   (26115): Build fingerprint: 'samsung/SM-G955N/dream2lteks:4.4.2/NRD90M/381180401:user/release-keys'
I/DEBUG   (26115): Revision: '0'
I/DEBUG   (26115): pid: 26364, tid: 26364, name: businessinsider  >>> com.freerange360.mpp.businessinsider <<<
I/DEBUG   (26115): signal 6 (SIGABRT), code -6 (SI_TKILL), fault addr --------
I/DEBUG   (26115):     eax 00000000  ebx 000066fc  ecx 000066fc  edx 00000006
I/DEBUG   (26115):     esi 000066fc  edi 00000000
I/DEBUG   (26115):     xcs 00000073  xds 0000007b  xes 0000007b  xfs 00000000  xss 0000007b
I/DEBUG   (26115):     eip b766c0d6  ebp b76d5ce0  esp bfe46a90  flags 00200203
I/DEBUG   (26115): 
I/DEBUG   (26115): backtrace:
I/DEBUG   (26115):     #00  pc 0003c0d6  /system/lib/libc.so (tgkill+22)
I/DEBUG   (26115):     #01  pc 00000005  <unknown>
I/DEBUG   (26115): 
I/DEBUG   (26115): stack:
I/DEBUG   (26115):          bfe46a50  00000000  
I/DEBUG   (26115):          bfe46a54  b76d1268  /system/lib/libc.so
I/DEBUG   (26115):          bfe46a58  00000000  
I/DEBUG   (26115):          bfe46a5c  b763df39  /system/lib/libc.so (pthread_mutex_unlock+25)
I/DEBUG   (26115):          bfe46a60  b76d118c  /system/lib/libc.so
I/DEBUG   (26115):          bfe46a64  b80eec80  [heap]
I/DEBUG   (26115):          bfe46a68  00000015  
I/DEBUG   (26115):          bfe46a6c  b4e49c40  /system/lib/libdvm.so
I/DEBUG   (26115):          bfe46a70  00000000  
I/DEBUG   (26115):          bfe46a74  b768a926  /system/lib/libc.so (funlockfile+6)
I/DEBUG   (26115):          bfe46a78  b76d0fcc  /system/lib/libc.so
I/DEBUG   (26115):          bfe46a7c  b7676006  /system/lib/libc.so (__sflush_locked+150)
I/DEBUG   (26115):          bfe46a80  00000000  
I/DEBUG   (26115):          bfe46a84  00000000  
I/DEBUG   (26115):          bfe46a88  b763dd69  /system/lib/libc.so (pthread_mutex_lock+9)
I/DEBUG   (26115):          bfe46a8c  b76d0fcc  /system/lib/libc.so
I/DEBUG   (26115):     #00  bfe46a90  00000006  
I/DEBUG   (26115):          bfe46a94  000066fc  
I/DEBUG   (26115):          bfe46a98  b76d0fcc  /system/lib/libc.so
I/DEBUG   (26115):          bfe46a9c  b76484a6  /system/lib/libc.so (pthread_kill+102)
I/DEBUG   (26115):          bfe46aa0  000066fc  
I/DEBUG   (26115):          bfe46aa4  000066fc  
I/DEBUG   (26115):          bfe46aa8  00000006  
I/DEBUG   (26115):          bfe46aac  00000000  
I/DEBUG   (26115):          bfe46ab0  b76d1268  /system/lib/libc.so
I/DEBUG   (26115):          bfe46ab4  94f07230  /dev/ashmem/dalvik-heap (deleted)
I/DEBUG   (26115):          bfe46ab8  b7648449  /system/lib/libc.so (pthread_kill+9)
I/DEBUG   (26115):          bfe46abc  b76d0fcc  /system/lib/libc.so
I/DEBUG   (26115):          bfe46ac0  bfe46b0c  [stack]
I/DEBUG   (26115):          bfe46ac4  bfe46d40  [stack]
I/DEBUG   (26115):          bfe46ac8  00000001  
I/DEBUG   (26115):          bfe46acc  b764882c  /system/lib/libc.so (raise+44)
I/BootReceiver(  481): Copying /data/tombstones/tombstone_09 to DropBox (SYSTEM_TOMBSTONE)
D/WebViewTimersControl(18799): onBrowserActivityPause
D/WebViewTimersControl(18799): Pausing webview timers, view=com.android.browser.BrowserWebView{4a9e0a2c VFEDHVCL .F....ID 0,0-1280,604}
W/NetworkManagementSocketTagger(  481): setKernelCountSet(10208, 0) failed with errno -13
I/ActivityManager(  481): Process com.freerange360.mpp.businessinsider (pid 26364) has died.
D/Zygote  (  167): Process 26364 terminated by signal (6)
I/ActivityManager(  481): Start proc com.freerange360.mpp.businessinsider for activity com.freerange360.mpp.businessinsider/com.businessinsider.app.MainActivity: pid=26385 uid=10208 gids={50208, 3003, 1028, 1015, 1023}
W/NetworkManagementSocketTagger(  481): setKernelCountSet(10208, 1) failed with errno -13
I/dalvikvm(26385): ignoring registerObject request in thread=1
I/dalvikvm(26385): ignoring registerObject request in thread=1
W/NetworkManagementSocketTagger(  481): setKernelCountSet(10017, 0) failed with errno -13
W/ActivityManager(  481): Force-killing crashed app com.freerange360.mpp.businessinsider at watcher's request
W/ContextImpl(  481): Calling a method in the system process without a qualified user: android.app.ContextImpl.sendBroadcast:1123 com.android.server.am.ActivityManagerService.handleApplicationCrashInner:9670 com.android.server.am.NativeCrashListener$NativeCrashReporter.run:86 <bottom of call stack> <bottom of call stack> 
I/MultiDex(26385): VM with version 1.6.0 does not have multidex support
I/MultiDex(26385): install
I/MultiDex(26385): MultiDexExtractor.load(/data/app/com.freerange360.mpp.businessinsider-1.apk, false)
I/MultiDex(26385): loading existing secondary dex files
I/MultiDex(26385): load found 0 secondary dex files
I/MultiDex(26385): install done
D/FirebaseApp(26385): com.google.firebase.auth.FirebaseAuth is not linked. Skipping initialization.
D/FirebaseApp(26385): com.google.firebase.iid.FirebaseInstanceId is not linked. Skipping initialization.
D/FirebaseApp(26385): com.google.firebase.crash.FirebaseCrash is not linked. Skipping initialization.
D/FirebaseApp(26385): com.google.android.gms.measurement.AppMeasurement is not linked. Skipping initialization.
I/FirebaseInitProvider(26385): FirebaseApp initialization successful
D/dalvikvm(26385): JIT code cache reset in 0 ms (0 bytes 1/0)
D/dalvikvm(26385): GC_CONCURRENT freed 265K, 10% free 3009K/3336K, paused 1ms+0ms, total 3ms
D/dalvikvm(26385): GC_CONCURRENT freed 229K, 9% free 3176K/3480K, paused 2ms+0ms, total 3ms
I/CrashlyticsCore(26385): Initializing Crashlytics 2.3.8.97
I/dalvikvm(26385): Could not find method android.app.Notification$Builder.setLocalOnly, referenced from method com.google.android.gms.common.GooglePlayServicesUtil.zza
W/dalvikvm(26385): VFY: unable to resolve virtual method 268: Landroid/app/Notification$Builder;.setLocalOnly (Z)Landroid/app/Notification$Builder;
E/dalvikvm(26385): Bogus static initialization: value type 23 in field type Ljava/lang/Object; for Lcom/google/inject/internal/util/$SourceProvider; at index 1
E/dalvikvm(26385): VM aborting
F/libc    (26385): Fatal signal 6 (SIGABRT) at 0x00006711 (code=-6), thread 26385 (businessinsider)
D/dalvikvm(26385): VFY: replacing opcode 0x6e at 0x00fb
I/dalvikvm(26385): Could not find method android.content.pm.PackageManager.getPackageInstaller, referenced from method com.google.android.gms.common.zze.zzk
W/dalvikvm(26385): VFY: unable to resolve virtual method 599: Landroid/content/pm/PackageManager;.getPackageInstaller ()Landroid/content/pm/PackageInstaller;
D/dalvikvm(26385): VFY: replacing opcode 0x6e at 0x000a
I/DEBUG   (26115): *** *** *** *** *** *** *** *** *** *** *** *** *** *** *** ***
I/DEBUG   (26115): Build fingerprint: 'samsung/SM-G955N/dream2lteks:4.4.2/NRD90M/381180401:user/release-keys'
I/DEBUG   (26115): Revision: '0'
I/DEBUG   (26115): pid: 26385, tid: 26385, name: businessinsider  >>> com.freerange360.mpp.businessinsider <<<
I/DEBUG   (26115): signal 6 (SIGABRT), code -6 (SI_TKILL), fault addr --------
D/dalvikvm(18799): GC_CONCURRENT freed 1769K, 19% free 8208K/10040K, paused 0ms+0ms, total 4ms
I/DEBUG   (26115):     eax 00000000  ebx 00006711  ecx 00006711  edx 00000006
I/DEBUG   (26115):     esi 00006711  edi 00000000
I/DEBUG   (26115):     xcs 00000073  xds 0000007b  xes 0000007b  xfs 00000000  xss 0000007b
I/DEBUG   (26115):     eip b766c0d6  ebp b76d5ce0  esp bfe46a90  flags 00200203
I/DEBUG   (26115): 
I/DEBUG   (26115): backtrace:
I/DEBUG   (26115):     #00  pc 0003c0d6  /system/lib/libc.so (tgkill+22)
I/DEBUG   (26115):     #01  pc 00000005  <unknown>
I/DEBUG   (26115): 
I/DEBUG   (26115): stack:
I/DEBUG   (26115):          bfe46a50  00000000  
I/DEBUG   (26115):          bfe46a54  b76d1268  /system/lib/libc.so
I/DEBUG   (26115):          bfe46a58  00000000  
I/DEBUG   (26115):          bfe46a5c  b763df39  /system/lib/libc.so (pthread_mutex_unlock+25)
I/DEBUG   (26115):          bfe46a60  b76d118c  /system/lib/libc.so
I/DEBUG   (26115):          bfe46a64  b80eec80  [heap]
I/DEBUG   (26115):          bfe46a68  00000015  
I/DEBUG   (26115):          bfe46a6c  b4e49c40  /system/lib/libdvm.so
I/DEBUG   (26115):          bfe46a70  00000000  
I/DEBUG   (26115):          bfe46a74  b768a926  /system/lib/libc.so (funlockfile+6)
I/DEBUG   (26115):          bfe46a78  b76d0fcc  /system/lib/libc.so
I/DEBUG   (26115):          bfe46a7c  b7676006  /system/lib/libc.so (__sflush_locked+150)
I/DEBUG   (26115):          bfe46a80  00000000  
I/DEBUG   (26115):          bfe46a84  00000000  
I/DEBUG   (26115):          bfe46a88  b763dd69  /system/lib/libc.so (pthread_mutex_lock+9)
I/DEBUG   (26115):          bfe46a8c  b76d0fcc  /system/lib/libc.so
I/DEBUG   (26115):     #00  bfe46a90  00000006  
I/DEBUG   (26115):          bfe46a94  00006711  
I/DEBUG   (26115):          bfe46a98  b76d0fcc  /system/lib/libc.so
I/DEBUG   (26115):          bfe46a9c  b76484a6  /system/lib/libc.so (pthread_kill+102)
I/DEBUG   (26115):          bfe46aa0  00006711  
I/DEBUG   (26115):          bfe46aa4  00006711  
I/DEBUG   (26115):          bfe46aa8  00000006  
I/DEBUG   (26115):          bfe46aac  00000000  
I/DEBUG   (26115):          bfe46ab0  b76d1268  /system/lib/libc.so
I/DEBUG   (26115):          bfe46ab4  94f08150  /dev/ashmem/dalvik-heap (deleted)
I/DEBUG   (26115):          bfe46ab8  b7648449  /system/lib/libc.so (pthread_kill+9)
I/DEBUG   (26115):          bfe46abc  b76d0fcc  /system/lib/libc.so
I/DEBUG   (26115):          bfe46ac0  bfe46b0c  [stack]
I/DEBUG   (26115):          bfe46ac4  bfe46d40  [stack]
I/DEBUG   (26115):          bfe46ac8  00000001  
I/DEBUG   (26115):          bfe46acc  b764882c  /system/lib/libc.so (raise+44)
I/BootReceiver(  481): Copying /data/tombstones/tombstone_00 to DropBox (SYSTEM_TOMBSTONE)
I/Process (  481): Sending signal. PID: 26385 SIG: 9
W/NetworkManagementSocketTagger(  481): setKernelCountSet(10208, 0) failed with errno -13
W/ActivityManager(  481): Force-killing crashed app com.freerange360.mpp.businessinsider at watcher's request
W/ContextImpl(  481): Calling a method in the system process without a qualified user: android.app.ContextImpl.sendBroadcast:1123 com.android.server.am.ActivityManagerService.handleApplicationCrashInner:9670 com.android.server.am.NativeCrashListener$NativeCrashReporter.run:86 <bottom of call stack> <bottom of call stack> 
I/ActivityManager(  481): Process com.freerange360.mpp.businessinsider (pid 26385) has died.
W/NetworkManagementSocketTagger(  481): setKernelCountSet(10208, 1) failed with errno -13
I/ActivityManager(  481): Start proc com.freerange360.mpp.businessinsider for activity com.freerange360.mpp.businessinsider/com.businessinsider.app.MainActivity: pid=26409 uid=10208 gids={50208, 3003, 1028, 1015, 1023}
I/dalvikvm(26409): ignoring registerObject request in thread=1
I/dalvikvm(26409): ignoring registerObject request in thread=1
I/MultiDex(26409): VM with version 1.6.0 does not have multidex support
I/MultiDex(26409): install
I/MultiDex(26409): MultiDexExtractor.load(/data/app/com.freerange360.mpp.businessinsider-1.apk, false)
D/Zygote  (  167): Process 26385 terminated by signal (6)
I/MultiDex(26409): loading existing secondary dex files
I/MultiDex(26409): load found 0 secondary dex files
I/MultiDex(26409): install done
D/FirebaseApp(26409): com.google.firebase.auth.FirebaseAuth is not linked. Skipping initialization.
D/FirebaseApp(26409): com.google.firebase.iid.FirebaseInstanceId is not linked. Skipping initialization.
D/FirebaseApp(26409): com.google.firebase.crash.FirebaseCrash is not linked. Skipping initialization.
D/FirebaseApp(26409): com.google.android.gms.measurement.AppMeasurement is not linked. Skipping initialization.
I/FirebaseInitProvider(26409): FirebaseApp initialization successful
D/dalvikvm(  641): GC_EXPLICIT freed 531K, 18% free 6940K/8388K, paused 1ms+1ms, total 21ms
D/dalvikvm(26409): JIT code cache reset in 0 ms (0 bytes 1/0)
D/dalvikvm(26409): GC_CONCURRENT freed 277K, 11% free 2997K/3336K, paused 1ms+2ms, total 4ms
D/dalvikvm(26409): GC_CONCURRENT freed 277K, 10% free 3155K/3504K, paused 1ms+1ms, total 3ms
I/CrashlyticsCore(26409): Initializing Crashlytics 2.3.8.97
I/dalvikvm(26409): Could not find method android.app.Notification$Builder.setLocalOnly, referenced from method com.google.android.gms.common.GooglePlayServicesUtil.zza
W/dalvikvm(26409): VFY: unable to resolve virtual method 268: Landroid/app/Notification$Builder;.setLocalOnly (Z)Landroid/app/Notification$Builder;
D/dalvikvm(26409): VFY: replacing opcode 0x6e at 0x00fb
I/dalvikvm(26409): Could not find method android.content.pm.PackageManager.getPackageInstaller, referenced from method com.google.android.gms.common.zze.zzk
W/dalvikvm(26409): VFY: unable to resolve virtual method 599: Landroid/content/pm/PackageManager;.getPackageInstaller ()Landroid/content/pm/PackageInstaller;
D/dalvikvm(26409): VFY: replacing opcode 0x6e at 0x000a
E/dalvikvm(26409): Bogus static initialization: value type 23 in field type Ljava/lang/Object; for Lcom/google/inject/internal/util/$SourceProvider; at index 1
E/dalvikvm(26409): VM aborting
F/libc    (26409): Fatal signal 6 (SIGABRT) at 0x00006729 (code=-6), thread 26409 (businessinsider)
V/GoogleSignatureVerifier(26409): com.google.android.gms signature not valid.  Found: 
V/GoogleSignatureVerifier(26409): MIIEQzCCAyugAwIBAgIJAMLgh0ZkSjCNMA0GCSqGSIb3DQEBBAUAMHQxCzAJBgNVBAYTAlVTMRMw
V/GoogleSignatureVerifier(26409): EQYDVQQIEwpDYWxpZm9ybmlhMRYwFAYDVQQHEw1Nb3VudGFpbiBWaWV3MRQwEgYDVQQKEwtHb29n
V/GoogleSignatureVerifier(26409): bGUgSW5jLjEQMA4GA1UECxMHQW5kcm9pZDEQMA4GA1UEAxMHQW5kcm9pZDAeFw0wODA4MjEyMzEz
V/GoogleSignatureVerifier(26409): MzRaFw0zNjAxMDcyMzEzMzRaMHQxCzAJBgNVBAYTAlVTMRMwEQYDVQQIEwpDYWxpZm9ybmlhMRYw
V/GoogleSignatureVerifier(26409): FAYDVQQHEw1Nb3VudGFpbiBWaWV3MRQwEgYDVQQKEwtHb29nbGUgSW5jLjEQMA4GA1UECxMHQW5k
V/GoogleSignatureVerifier(26409): cm9pZDEQMA4GA1UEAxMHQW5kcm9pZDCCASAwDQYJKoZIhvcNAQEBBQADggENADCCAQgCggEBAKtW
V/GoogleSignatureVerifier(26409): LgDYO6IIrgqWbxJOKdoR8qtW0I9Y4sypEwPpt1TTcvZApxsdyxMJZ2JORland2qSGT2y5b+3JKke
V/GoogleSignatureVerifier(26409): dxiLDmpHpDsz2WCbdxgxRczfey5YZnTJ4VZbH0xqWVW/8lGmPav5xVwnIiJS6HXk+BVKZF+JcWjA
V/GoogleSignatureVerifier(26409): sb/GEuq/eFdpuzSqeYTcfi6idkyugwfYwXFU1+5fZKUaRKYCwkkFQVfcAs1fXA5V+++FGfvjJ/Cx
V/GoogleSignatureVerifier(26409): URaSxaBvGdGDhfXE28LWuT9ozCl5xw4Yq5OGazvV24mZVSoOO0yZ31j7kYvtwYK6NeADwbSxDdJE
V/GoogleSignatureVerifier(26409): qO4k//0zOHKrUiGYXtqw/A0LFFtqoZKFjnkCAQOjgdkwgdYwHQYDVR0OBBYEFMd9jMIhF1Ylmn/T
V/GoogleSignatureVerifier(26409): gt9r45jk14alMIGmBgNVHSMEgZ4wgZuAFMd9jMIhF1Ylmn/Tgt9r45jk14aloXikdjB0MQswCQYD
V/GoogleSignatureVerifier(26409): VQQGEwJVUzETMBEGA1UECBMKQ2FsaWZvcm5pYTEWMBQGA1UEBxMNTW91bnRhaW4gVmlldzEUMBIG
V/GoogleSignatureVerifier(26409): A1UEChMLR29vZ2xlIEluYy4xEDAOBgNVBAsTB0FuZHJvaWQxEDAOBgNVBAMTB0FuZHJvaWSCCQDC
V/GoogleSignatureVerifier(26409): 4IdGZEowjTAMBgNVHRMEBTADAQH/MA0GCSqGSIb3DQEBBAUAA4IBAQBt0lLO74UwLDYKqs6Tm8/y
V/GoogleSignatureVerifier(26409): zKkEu116FmH4rkaymUIE0P9KaMftGlMexFlaYjzmB2OxZyl6euNXEsQH8gjwyxCUKRJNexBiGcCE
V/GoogleSignatureVerifier(26409): yj6z+a1fuHHvkiaai+KL8W1EyNmgjmyy8AW7P+LLlkR+ho5zEHatRbM/YAnqGcFh5iZBqpknHf1S
V/GoogleSignatureVerifier(26409): KMXFh4dd239FJ1jWYfbMDMy3NS5CTMQ2XFI1MvcyUTdZPErjQfTbQe3aDQsQcafEQPD+nqActifK
V/GoogleSignatureVerifier(26409): Z0Np0IS9L9kR/wbNvyz6ENwPiTrjV2KRkEjH78ZMcUQXg0L3BYHJ3lc69Vs5Ddf9uUGGMYldX3Wf
V/GoogleSignatureVerifier(26409): MBEmh/9iFBDAaTCK
I/DEBUG   (26115): *** *** *** *** *** *** *** *** *** *** *** *** *** *** *** ***
I/DEBUG   (26115): Build fingerprint: 'samsung/SM-G955N/dream2lteks:4.4.2/NRD90M/381180401:user/release-keys'
I/DEBUG   (26115): Revision: '0'
I/DEBUG   (26115): pid: 26409, tid: 26409, name: businessinsider  >>> com.freerange360.mpp.businessinsider <<<
I/DEBUG   (26115): signal 6 (SIGABRT), code -6 (SI_TKILL), fault addr --------
I/DEBUG   (26115):     eax 00000000  ebx 00006729  ecx 00006729  edx 00000006
I/DEBUG   (26115):     esi 00006729  edi 00000000
I/DEBUG   (26115):     xcs 00000073  xds 0000007b  xes 0000007b  xfs 00000000  xss 0000007b
I/DEBUG   (26115):     eip b766c0d6  ebp b76d5ce0  esp bfe46a90  flags 00200207
I/DEBUG   (26115): 
I/DEBUG   (26115): backtrace:
I/DEBUG   (26115):     #00  pc 0003c0d6  /system/lib/libc.so (tgkill+22)
I/DEBUG   (26115):     #01  pc 00000005  <unknown>
I/DEBUG   (26115): 
I/DEBUG   (26115): stack:
I/DEBUG   (26115):          bfe46a50  00000000  
I/DEBUG   (26115):          bfe46a54  b76d1268  /system/lib/libc.so
I/DEBUG   (26115):          bfe46a58  00000000  
I/DEBUG   (26115):          bfe46a5c  b763df39  /system/lib/libc.so (pthread_mutex_unlock+25)
I/DEBUG   (26115):          bfe46a60  b76d118c  /system/lib/libc.so
I/DEBUG   (26115):          bfe46a64  b80eec80  [heap]
I/DEBUG   (26115):          bfe46a68  00000015  
I/DEBUG   (26115):          bfe46a6c  b4e49c40  /system/lib/libdvm.so
I/DEBUG   (26115):          bfe46a70  00000000  
I/DEBUG   (26115):          bfe46a74  b768a926  /system/lib/libc.so (funlockfile+6)
I/DEBUG   (26115):          bfe46a78  b76d0fcc  /system/lib/libc.so
I/DEBUG   (26115):          bfe46a7c  b7676006  /system/lib/libc.so (__sflush_locked+150)
I/DEBUG   (26115):          bfe46a80  00000000  
I/DEBUG   (26115):          bfe46a84  00000000  
I/DEBUG   (26115):          bfe46a88  b763dd69  /system/lib/libc.so (pthread_mutex_lock+9)
I/DEBUG   (26115):          bfe46a8c  b76d0fcc  /system/lib/libc.so
I/DEBUG   (26115):     #00  bfe46a90  00000006  
I/DEBUG   (26115):          bfe46a94  00006729  
I/DEBUG   (26115):          bfe46a98  b76d0fcc  /system/lib/libc.so
I/DEBUG   (26115):          bfe46a9c  b76484a6  /system/lib/libc.so (pthread_kill+102)
I/DEBUG   (26115):          bfe46aa0  00006729  
I/DEBUG   (26115):          bfe46aa4  00006729  
I/DEBUG   (26115):          bfe46aa8  00000006  
I/DEBUG   (26115):          bfe46aac  00000000  
I/DEBUG   (26115):          bfe46ab0  b76d1268  /system/lib/libc.so
I/DEBUG   (26115):          bfe46ab4  94f09060  /dev/ashmem/dalvik-heap (deleted)
I/DEBUG   (26115):          bfe46ab8  b7648449  /system/lib/libc.so (pthread_kill+9)
I/DEBUG   (26115):          bfe46abc  b76d0fcc  /system/lib/libc.so
I/DEBUG   (26115):          bfe46ac0  bfe46b0c  [stack]
I/DEBUG   (26115):          bfe46ac4  bfe46d40  [stack]
I/DEBUG   (26115):          bfe46ac8  00000001  
I/DEBUG   (26115):          bfe46acc  b764882c  /system/lib/libc.so (raise+44)
I/BootReceiver(  481): Copying /data/tombstones/tombstone_01 to DropBox (SYSTEM_TOMBSTONE)
W/NetworkManagementSocketTagger(  481): setKernelCountSet(10208, 0) failed with errno -13
I/InputDispatcher(  481): Dropping event because there is no focused window or focused application.
I/InputDispatcher(  481): Dropping event because there is no focused window or focused application.
I/InputDispatcher(  481): Dropping event because there is no focused window or focused application.
I/InputDispatcher(  481): Dropping event because there is no focused window or focused application.
I/InputDispatcher(  481): Dropping event because there is no focused window or focused application.
I/ActivityManager(  481): Process com.freerange360.mpp.businessinsider (pid 26409) has died.
W/ActivityManager(  481): Force removing ActivityRecord{4ac56418 u0 com.freerange360.mpp.businessinsider/com.businessinsider.app.MainActivity t265}: app died, no saved state
W/InputManager(  481): Input event injection from pid 25974 failed.
W/InputManager(  481): Input event injection from pid 25974 failed.
W/InputManager(  481): Input event injection from pid 25974 failed.
W/InputManager(  481): Input event injection from pid 25974 failed.
W/InputManager(  481): Input event injection from pid 25974 failed.
W/InputManager(  481): Input event injection from pid 25974 failed.
W/InputManager(  481): Input event injection from pid 25974 failed.
W/InputManager(  481): Input event injection from pid 25974 failed.
W/InputManager(  481): Input event injection from pid 25974 failed.
W/NetworkManagementSocketTagger(  481): setKernelCountSet(10017, 1) failed with errno -13
I/InputDispatcher(  481): Dropping event because there is no focused window or focused application.
I/InputDispatcher(  481): Dropping event because there is no focused window or focused application.
I/InputDispatcher(  481): Dropping event because there is no focused window or focused application.
I/InputDispatcher(  481): Dropping event because there is no focused window or focused application.
I/InputDispatcher(  481): Dropping event because there is no focused window or focused application.
I/InputDispatcher(  481): Dropping event because there is no focused window or focused application.
I/InputDispatcher(  481): Dropping event because there is no focused window or focused application.
I/InputDispatcher(  481): Dropping event because there is no focused window or focused application.
I/InputDispatcher(  481): Dropping event because there is no focused window or focused application.
W/ActivityManager(  481): Force-killing crashed app com.freerange360.mpp.businessinsider at watcher's request
W/ContextImpl(  481): Calling a method in the system process without a qualified user: android.app.ContextImpl.sendBroadcast:1123 com.android.server.am.ActivityManagerService.handleApplicationCrashInner:9670 com.android.server.am.NativeCrashListener$NativeCrashReporter.run:86 <bottom of call stack> <bottom of call stack> 
W/InputManager(  481): Input event injection from pid 25974 failed.
W/InputManager(  481): Input event injection from pid 25974 failed.
W/InputManager(  481): Input event injection from pid 25974 failed.
W/InputManager(  481): Input event injection from pid 25974 failed.
W/InputManager(  481): Input event injection from pid 25974 failed.
W/InputManager(  481): Input event injection from pid 25974 failed.
W/InputManager(  481): Input event injection from pid 25974 failed.
W/InputManager(  481): Input event injection from pid 25974 failed.
W/InputManager(  481): Input event injection from pid 25974 failed.
W/InputManager(  481): Input event injection from pid 25974 failed.
W/InputManager(  481): Input event injection from pid 25974 failed.
W/InputManager(  481): Input event injection from pid 25974 failed.
W/InputManager(  481): Input event injection from pid 25974 failed.
I/InputDispatcher(  481): Dropping event because there is no focused window or focused application.
I/InputDispatcher(  481): Dropping event because there is no focused window or focused application.
I/InputDispatcher(  481): Dropping event because there is no focused window or focused application.
I/InputDispatcher(  481): Dropping event because there is no focused window or focused application.
I/InputDispatcher(  481): Dropping event because there is no focused window or focused application.
I/InputDispatcher(  481): Dropping event because there is no focused window or focused application.
I/InputDispatcher(  481): Dropping event because there is no focused window or focused application.
I/InputDispatcher(  481): Dropping event because there is no focused window or focused application.
I/InputDispatcher(  481): Dropping event because there is no focused window or focused application.
I/InputDispatcher(  481): Dropping event because there is no focused window or focused application.
I/InputDispatcher(  481): Dropping event because there is no focused window or focused application.
I/InputDispatcher(  481): Dropping event because there is no focused window or focused application.
I/InputDispatcher(  481): Dropping event because there is no focused window or focused application.
I/InputDispatcher(  481): Dropping event because there is no focused window or focused application.
I/InputDispatcher(  481): Dropping event because there is no focused window or focused application.
I/InputDispatcher(  481): Dropping event because there is no focused window or focused application.
I/InputDispatcher(  481): Dropping event because there is no focused window or focused application.
I/InputDispatcher(  481): Dropping event because there is no focused window or focused application.
W/InputManager(  481): Input event injection from pid 25974 failed.
W/InputManager(  481): Input event injection from pid 25974 failed.
W/InputManager(  481): Input event injection from pid 25974 failed.
W/InputManager(  481): Input event injection from pid 25974 failed.
W/InputManager(  481): Input event injection from pid 25974 failed.
W/InputManager(  481): Input event injection from pid 25974 failed.
W/InputManager(  481): Input event injection from pid 25974 failed.
W/InputManager(  481): Input event injection from pid 25974 failed.
W/InputManager(  481): Input event injection from pid 25974 failed.
W/InputManager(  481): Input event injection from pid 25974 failed.
W/InputManager(  481): Input event injection from pid 25974 failed.
W/InputManager(  481): Input event injection from pid 25974 failed.
W/InputManager(  481): Input event injection from pid 25974 failed.
W/InputManager(  481): Input event injection from pid 25974 failed.
W/InputManager(  481): Input event injection from pid 25974 failed.
W/InputManager(  481): Input event injection from pid 25974 failed.
W/InputManager(  481): Input event injection from pid 25974 failed.
