I/System.out( 7134): body:<com.cleanmaster.base.crash.CrashReportService: void b(java.lang.String)>	sig:specialinvoke $r2.<java.net.URL: void <init>(java.lang.String)>($r1)	timediff:0
I/System.out( 7134): <com.cleanmaster.base.crash.CrashReportService: void b(java.lang.String)>###specialinvoke $r2.<java.net.URL: void <init>(java.lang.String)>($r1)###http://help.pc120.com/dump/publicnet/querydumpkey.php?ver=1.6&upflag=0&dumpkey=445890526&prod_id=44&mdl_file_name=com.mobilesrepublic.appy&mdl_ver=19&proc_name=&proc_ver=7.0.2(7002)&uuid=b083feaa75293926&product_ver=null&calc=2454100204
D/dalvikvm( 7134): GC_CONCURRENT freed 474K, 14% free 3412K/3948K, paused 2ms+0ms, total 4ms
I/System.out( 7134): body:<com.cleanmaster.base.crash.CrashReportService: void b(java.lang.String)>	sig:specialinvoke $r2.<java.net.URL: void <init>(java.lang.String)>($r1)	timediff:0
I/System.out( 7134): <com.cleanmaster.base.crash.CrashReportService: void b(java.lang.String)>###specialinvoke $r2.<java.net.URL: void <init>(java.lang.String)>($r1)###https://sad.ksmobile.net/api/index?ver=1.6&upflag=0&dumpkey=445890526&prod_id=44&mdl_file_name=com.mobilesrepublic.appy&mdl_ver=19&proc_name=&proc_ver=7.0.2(7002)&uuid=b083feaa75293926&product_ver=null&calc=79997112
I/System.out( 7134): body:<com.cleanmaster.base.crash.CrashReportService: void b(java.lang.String)>	sig:$r4 = virtualinvoke $r2.<java.net.URL: java.net.URLConnection openConnection()>()	timediff:27
I/System.out( 7134): body:<com.cleanmaster.base.crash.CrashReportService: void b(java.lang.String)>	sig:virtualinvoke $r5.<java.net.HttpURLConnection: void setConnectTimeout(int)>(30000)	timediff:0
I/System.out( 7134): body:<com.cleanmaster.base.crash.CrashReportService: void b(java.lang.String)>	sig:virtualinvoke $r5.<java.net.HttpURLConnection: void setReadTimeout(int)>(30000)	timediff:0
I/System.out( 7134): body:<com.cleanmaster.base.crash.CrashReportService: void b(java.lang.String)>	sig:$r4 = virtualinvoke $r2.<java.net.URL: java.net.URLConnection openConnection()>()	timediff:10
I/System.out( 7134): body:<com.cleanmaster.base.crash.CrashReportService: void b(java.lang.String)>	sig:virtualinvoke $r5.<java.net.HttpURLConnection: void setConnectTimeout(int)>(30000)	timediff:0
I/System.out( 7134): body:<com.cleanmaster.base.crash.CrashReportService: void b(java.lang.String)>	sig:virtualinvoke $r5.<java.net.HttpURLConnection: void setReadTimeout(int)>(30000)	timediff:0
V/crash_sdk( 7134): thread:
D/dalvikvm( 7134): GC_CONCURRENT freed 293K, 12% free 3504K/3948K, paused 1ms+0ms, total 5ms
I/ActivityManager(  478): START u0 {act=android.intent.action.MAIN cat=[android.intent.category.LAUNCHER] flg=0x10200000 cmp=com.android.camera/.Camera bnds=[431,388][572,618] (has extras)} from pid 653
W/ContextImpl(  653): Calling a method in the system process without a qualified user: android.app.ContextImpl.bindService:1556 android.content.ContextWrapper.bindService:517 com.google.android.gms.common.stats.zzb.zza:-1 com.google.android.gms.common.stats.zzb.zza:-1 com.google.android.gms.ads.identifier.AdvertisingIdClient.zzh:-1 
W/ContextImpl(  653): Calling a method in the system process without a qualified user: android.app.ContextImpl.sendBroadcast:1137 android.content.ContextWrapper.sendBroadcast:370 com.vphone.launcher.Stats.recordLaunch:129 com.vphone.launcher.Launcher.c:3192 com.vphone.launcher.Launcher.onClickAppShortcut:3144 
V/crash_sdk( 7134): crash up
I/System.out( 7134): body:<com.cleanmaster.base.crash.util.e.a: boolean a(java.lang.String,java.lang.String,java.io.File)>	sig:specialinvoke $r5.<java.net.URL: void <init>(java.lang.String)>($r1)	timediff:0
I/System.out( 7134): <com.cleanmaster.base.crash.util.e.a: boolean a(java.lang.String,java.lang.String,java.io.File)>###specialinvoke $r5.<java.net.URL: void <init>(java.lang.String)>($r1)###https://sad.ksmobile.net/common_dump.php?app_name=com.mobilesrepublic.appy&lang=en&type=dump&dks=445890526
I/System.out( 7134): body:<com.cleanmaster.base.crash.util.e.a: boolean a(java.lang.String,java.lang.String,java.io.File)>	sig:$r3 = virtualinvoke $r5.<java.net.URL: java.net.URLConnection openConnection()>()	timediff:0
I/System.out( 7134): body:<com.cleanmaster.base.crash.util.e.a: boolean a(java.lang.String,java.lang.String,java.io.File)>	sig:virtualinvoke $r6.<java.net.HttpURLConnection: void setConnectTimeout(int)>(10000)	timediff:0
I/System.out( 7134): body:<com.cleanmaster.base.crash.util.e.a: boolean a(java.lang.String,java.lang.String,java.io.File)>	sig:virtualinvoke $r6.<java.net.HttpURLConnection: void setReadTimeout(int)>(10000)	timediff:0
I/System.out( 7134): body:<com.cleanmaster.base.crash.util.e.a: boolean a(java.lang.String,java.lang.String,java.io.File)>	sig:virtualinvoke $r6.<java.net.HttpURLConnection: void setDoInput(boolean)>(1)	timediff:0
I/System.out( 7134): body:<com.cleanmaster.base.crash.util.e.a: boolean a(java.lang.String,java.lang.String,java.io.File)>	sig:virtualinvoke $r6.<java.net.HttpURLConnection: void setDoOutput(boolean)>(1)	timediff:0
I/System.out( 7134): body:<com.cleanmaster.base.crash.util.e.a: boolean a(java.lang.String,java.lang.String,java.io.File)>	sig:virtualinvoke $r6.<java.net.HttpURLConnection: void setUseCaches(boolean)>(0)	timediff:0
I/System.out( 7134): body:<com.cleanmaster.base.crash.util.e.a: boolean a(java.lang.String,java.lang.String,java.io.File)>	sig:virtualinvoke $r6.<java.net.HttpURLConnection: void setRequestMethod(java.lang.String)>("POST")	timediff:0
I/System.out( 7134): body:<com.cleanmaster.base.crash.util.e.a: boolean a(java.lang.String,java.lang.String,java.io.File)>	sig:virtualinvoke $r6.<java.net.HttpURLConnection: void setRequestProperty(java.lang.String,java.lang.String)>("Connection", "Keep-Alive")	timediff:0
I/System.out( 7134): body:<com.cleanmaster.base.crash.util.e.a: boolean a(java.lang.String,java.lang.String,java.io.File)>	sig:virtualinvoke $r6.<java.net.HttpURLConnection: void setRequestProperty(java.lang.String,java.lang.String)>("Content-Type", $r1)	timediff:0
I/System.out( 7134): body:<com.cleanmaster.base.crash.util.e.a: boolean a(java.lang.String,java.lang.String,java.io.File)>	sig:virtualinvoke $r6.<java.net.HttpURLConnection: void setRequestProperty(java.lang.String,java.lang.String)>("User-Agent", "Mozilla/4.0 (compatible; MSIE 6.0; Windows NT 5.1; SV1; .NET CLR 1.1.4322;")	timediff:0
W/ContextImpl(  653): Calling a method in the system process without a qualified user: android.app.ContextImpl.bindService:1556 android.content.ContextWrapper.bindService:517 com.google.android.gms.common.stats.zzb.zza:-1 com.google.android.gms.common.stats.zzb.zza:-1 com.google.android.gms.ads.identifier.AdvertisingIdClient.zzh:-1 
D/dalvikvm( 7134): GC_CONCURRENT freed 484K, 14% free 3465K/4012K, paused 0ms+0ms, total 2ms
I/qtaguid (  653): Tagging socket 99 with tag 49e2824000000000(1239581248) for uid -1 failed errno=-13
I/NetworkManagementSocketTagger(  653): tagSocketFd(99, 1239581248, -1) failed with errno-13
I/System.out( 7134): body:<com.cleanmaster.base.crash.util.e.a: boolean a(java.lang.String,java.lang.String,java.io.File)>	sig:$r9 = virtualinvoke $r6.<java.net.HttpURLConnection: java.io.OutputStream getOutputStream()>()	timediff:66
D/dalvikvm( 7134): GC_CONCURRENT freed 461K, 14% free 3479K/4012K, paused 2ms+0ms, total 5ms
I/qtaguid (  653): Tagging socket 122 with tag 49e2824000000000(1239581248) for uid -1 failed errno=-13
I/NetworkManagementSocketTagger(  653): tagSocketFd(122, 1239581248, -1) failed with errno-13
I/System.out( 7134): body:<com.cleanmaster.base.crash.util.e.a: boolean a(java.lang.String,java.lang.String,java.io.File)>	sig:$r12 = virtualinvoke $r6.<java.net.HttpURLConnection: java.io.InputStream getInputStream()>()	timediff:26
I/System.out( 7134): body:<empirical.HelperClass: void printURLInfo(java.lang.String,java.lang.String,java.net.URLConnection)>	sig:$r0 = virtualinvoke urlConnection.<java.net.URLConnection: java.net.URL getURL()>()	timediff:0
I/System.out( 7134): body:<empirical.HelperClass: void printURLInfo(java.lang.String,java.lang.String,java.net.URLConnection)>	sig:urlString = virtualinvoke $r0.<java.net.URL: java.lang.String toString()>()	timediff:0
I/System.out( 7134): body:<empirical.HelperClass: void printURLInfo(java.lang.String,java.lang.String,java.net.URLConnection)>	sig:isDoOutput = virtualinvoke urlConnection.<java.net.URLConnection: boolean getDoOutput()>()	timediff:0
I/System.out( 7134): body:<empirical.HelperClass: java.lang.String getHeaderField(java.net.URLConnection,java.lang.String)>	sig:data = virtualinvoke conn.<java.net.URLConnection: java.lang.String getHeaderField(java.lang.String)>(field)	timediff:0
I/System.out( 7134): body:<empirical.HelperClass: java.lang.String getHeaderField(java.net.URLConnection,java.lang.String)>	sig:data = virtualinvoke conn.<java.net.URLConnection: java.lang.String getHeaderField(java.lang.String)>(field)	timediff:0
I/System.out( 7134): body:<empirical.HelperClass: java.lang.String getHeaderField(java.net.URLConnection,java.lang.String)>	sig:data = virtualinvoke conn.<java.net.URLConnection: java.lang.String getHeaderField(java.lang.String)>(field)	timediff:0
I/System.out( 7134): body:<empirical.HelperClass: java.lang.String getHeaderField(java.net.URLConnection,java.lang.String)>	sig:data = virtualinvoke conn.<java.net.URLConnection: java.lang.String getHeaderField(java.lang.String)>(field)	timediff:0
I/System.out( 7134): body:<empirical.HelperClass: java.lang.String getHeaderField(java.net.URLConnection,java.lang.String)>	sig:data = virtualinvoke conn.<java.net.URLConnection: java.lang.String getHeaderField(java.lang.String)>(field)	timediff:0
I/System.out( 7134): URLConn;%;0;%;<com.cleanmaster.base.crash.util.e.a: boolean a(java.lang.String,java.lang.String,java.io.File)>;%;$r12 = virtualinvoke $r6.<java.net.HttpURLConnection: java.io.InputStream getInputStream()>();%;https://sad.ksmobile.net/common_dump.php?app_name=com.mobilesrepublic.appy&lang=en&type=dump&dks=445890526;%;true;%;28;%;no-store;%;Not found;%;Not found;%;Not found
V/crash_sdk( 7134): crash ret 
V/crash_sdk( 7134): {"code":"0","msg":"success"}
V/crash_sdk( 7134): crash finish
I/System.out( 7134): body:<com.cleanmaster.base.crash.CrashReportService: void b(java.lang.String)>	sig:$i0 = virtualinvoke $r5.<java.net.HttpURLConnection: int getResponseCode()>()	timediff:127
I/System.out( 7134): body:<com.cleanmaster.base.crash.CrashReportService: void b(java.lang.String)>	sig:virtualinvoke $r5.<java.net.HttpURLConnection: void disconnect()>()	timediff:0
I/qtaguid (  653): Untagging socket 74 failed errno=-13
W/NetworkManagementSocketTagger(  653): untagSocket(74) failed with errno -13
W/DebugConnManager(  653): getNetworkInfo() on networkType 1
I/qtaguid (  653): Tagging socket 84 with tag 1b8a7d1b00000000(462060827) for uid -1 failed errno=-13
I/NetworkManagementSocketTagger(  653): tagSocketFd(84, 462060827, -1) failed with errno-13
W/DebugConnManager(  653): getNetworkInfo() on networkType 1
I/qtaguid (  653): Tagging socket 83 with tag 1b8a7d1b00000000(462060827) for uid -1 failed errno=-13
I/qtaguid (  653): Tagging socket 74 with tag 1b8a7d1b00000000(462060827) for uid -1 failed errno=-13
I/NetworkManagementSocketTagger(  653): tagSocketFd(74, 462060827, -1) failed with errno-13
I/NetworkManagementSocketTagger(  653): tagSocketFd(83, 462060827, -1) failed with errno-13
W/DebugConnManager(  653): getNetworkInfo() on networkType 1
I/qtaguid (  653): Tagging socket 102 with tag 1b8a7d1b00000000(462060827) for uid -1 failed errno=-13
I/NetworkManagementSocketTagger(  653): tagSocketFd(102, 462060827, -1) failed with errno-13
W/DebugConnManager(  653): getNetworkInfo() on networkType 1
W/DebugConnManager(  653): getNetworkInfo() on networkType 1
D/dalvikvm(  653): GC_FOR_ALLOC freed 5249K, 15% free 52327K/61316K, paused 18ms, total 18ms
I/qtaguid (  653): Tagging socket 90 with tag 1b8a7d1b00000000(462060827) for uid -1 failed errno=-13
I/qtaguid (  653): Tagging socket 137 with tag 1b8a7d1b00000000(462060827) for uid -1 failed errno=-13
I/NetworkManagementSocketTagger(  653): tagSocketFd(137, 462060827, -1) failed with errno-13
I/qtaguid (  653): Tagging socket 138 with tag 1b8a7d1b00000000(462060827) for uid -1 failed errno=-13
I/NetworkManagementSocketTagger(  653): tagSocketFd(90, 462060827, -1) failed with errno-13
I/NetworkManagementSocketTagger(  653): tagSocketFd(138, 462060827, -1) failed with errno-13
E/SurfaceFlinger(  166): glCheckFramebufferStatusOES error 36054
E/SurfaceFlinger(  166): got GL_FRAMEBUFFER_COMPLETE_OES error while taking screenshot
D/SurfaceFlinger(  166): setOrientation, mFbdev=0xb94ea050, mFbDev->setOrientation=0xb69bbce0, orientation=0
I/gralloc_nox(  166): setOrientation: orientation=0
I/ActivityManager(  478): Config changes=480 {1.0 310mcc16mnc en_US ldltr sw480dp w853dp h454dp 240dpi lrg long land finger qwerty/v/v dpad/v s.18}
D/PhoneStatusBar(  537): mSettingsPanelGravity = 55
D/Sensors (  478): Client connection accepted (185)
I/InputReader(  478): Reconfiguring input devices.  changes=0x00000004
I/InputReader(  478): Device reconfigured: id=1, name='seamless mouse', size 1280x720, orientation 0, mode 1, display id 0
I/InputReader(  478): Device reconfigured: id=3, name='Android Input', size 1280x720, orientation 0, mode 1, display id 0
I/InputReader(  478): Device reconfigured: id=8, name='VirtualBox USB Tablet', size 1280x720, orientation 0, mode 1, display id 0
D/dalvikvm(  537): GC_FOR_ALLOC freed 6779K, 48% free 6302K/12100K, paused 7ms, total 8ms
I/dalvikvm-heap(  537): Grow heap (frag case) to 12.463MB for 6553612-byte allocation
D/dalvikvm(  537): GC_FOR_ALLOC freed 4K, 32% free 12698K/18504K, paused 7ms, total 7ms
D/dalvikvm(  653): GC_FOR_ALLOC freed 280K, 14% free 52899K/61316K, paused 43ms, total 43ms
I/dalvikvm-heap(  653): Grow heap (frag case) to 52.123MB for 360012-byte allocation
D/dalvikvm(  537): GC_CONCURRENT freed <1K, 32% free 12698K/18504K, paused 1ms+1ms, total 3ms
D/dalvikvm(  653): GC_FOR_ALLOC freed <1K, 14% free 53250K/61668K, paused 19ms, total 19ms
I/qtaguid (  653): Tagging socket 136 with tag 1b8a7d1b00000000(462060827) for uid -1 failed errno=-13
I/NetworkManagementSocketTagger(  653): tagSocketFd(136, 462060827, -1) failed with errno-13
D/dalvikvm(  653): GC_FOR_ALLOC freed 379K, 14% free 53201K/61668K, paused 16ms, total 16ms
I/dalvikvm-heap(  653): Grow heap (frag case) to 52.417MB for 360012-byte allocation
D/dalvikvm(  653): GC_FOR_ALLOC freed 1K, 14% free 53551K/62020K, paused 22ms, total 22ms
D/dalvikvm(  653): GC_FOR_ALLOC freed 4K, 14% free 53595K/62020K, paused 17ms, total 17ms
I/dalvikvm-heap(  653): Grow heap (frag case) to 52.954MB for 518412-byte allocation
D/dalvikvm(  653): GC_FOR_ALLOC freed <1K, 14% free 54101K/62528K, paused 11ms, total 11ms
D/Tinker.DefaultAppLike(  653): onConfigurationChanged:{1.0 310mcc16mnc en_US ldltr sw480dp w853dp h454dp 240dpi lrg long land finger qwerty/v/v dpad/v s.18}
D/yeshen  (  653): launcher onpause
D/yeshen  (  653): launcher onstop
W/DebugConnManager(  653): getNetworkInfo() on networkType 1
W/Launcher(  653): setApplicationContext called twice! old=com.vphone.launcher.LauncherApplicationEx@4a7945ec new=com.vphone.launcher.LauncherApplicationEx@4a7945ec
W/ContextImpl(  478): Calling a method in the system process without a qualified user: android.app.ContextImpl.sendBroadcast:1123 com.android.server.InputMethodManagerService.hideCurrentInputLocked:1880 com.android.server.InputMethodManagerService.hideSoftInput:1843 com.android.internal.view.IInputMethodManager$Stub.onTransact:194 com.android.server.InputMethodManagerService.onTransact:818 
W/ResourceType(  653): Attempt to retrieve bag 0x7f0b0001 which is invalid or in a cycle.
D/Launcher(  653): 11683562 - bindAddScreens()
W/EGL_emulation(  537): eglSurfaceAttrib not implemented 3093 12436
D/dalvikvm(  653): GC_FOR_ALLOC freed 1119K, 15% free 53735K/62528K, paused 16ms, total 16ms
D/dalvikvm(  653): GC_FOR_ALLOC freed 48K, 14% free 54088K/62528K, paused 12ms, total 12ms
I/dalvikvm-heap(  653): Grow heap (frag case) to 53.434MB for 518412-byte allocation
D/dalvikvm(  653): GC_FOR_ALLOC freed <1K, 14% free 54594K/63036K, paused 14ms, total 14ms
D/dalvikvm(  653): GC_FOR_ALLOC freed <1K, 14% free 54642K/63036K, paused 12ms, total 12ms
I/dalvikvm-heap(  653): Grow heap (frag case) to 53.825MB for 360012-byte allocation
D/dalvikvm(  653): GC_FOR_ALLOC freed <1K, 14% free 54993K/63388K, paused 11ms, total 11ms
D/Launcher(  653): 11683562 -   orderedScreenIds: 1
D/Launcher.Workspace(  653): 11683562 - insertNewWorkspaceScreen(): 1 at index: 0
D/dalvikvm(  653): GC_FOR_ALLOC freed 374K, 13% free 55184K/63388K, paused 12ms, total 12ms
I/dalvikvm-heap(  653): Grow heap (frag case) to 54.354MB for 360012-byte allocation
D/dalvikvm(  653): GC_FOR_ALLOC freed 1K, 13% free 55533K/63740K, paused 12ms, total 12ms
W/ContextImpl(  653): Calling a method in the system process without a qualified user: android.app.ContextImpl.startService:1492 android.content.ContextWrapper.startService:494 com.vphone.launcher.Launcher.i:690 com.vphone.launcher.Launcher.b:182 com.vphone.launcher.Launcher$11.run:650 
I/        (  653): {"errNum":0,"message":"SUCCESS"}
I/        (  653): {"errNum":0,"message":"SUCCESS"}
I/        (  653): {"errNum":0,"message":"SUCCESS"}
W/EGL_emulation(  653): eglSurfaceAttrib not implemented 3093 12436
I/        (  653): {"errNum":0,"message":"SUCCESS"}
I/        (  653): {"errNum":0,"message":"SUCCESS"}
D/dalvikvm(  653): GC_FOR_ALLOC freed 1469K, 15% free 54715K/63740K, paused 11ms, total 11ms
D/dalvikvm(  653): GC_FOR_ALLOC freed 394K, 15% free 54726K/63740K, paused 15ms, total 15ms
D/dalvikvm(  653): GC_FOR_ALLOC freed 1110K, 15% free 54676K/63740K, paused 9ms, total 9ms
W/ContextImpl(  478): Calling a method in the system process without a qualified user: android.app.ContextImpl.sendBroadcast:1123 com.android.server.InputMethodManagerService.hideCurrentInputLocked:1880 com.android.server.InputMethodManagerService.windowGainedFocus:1968 com.android.internal.view.IInputMethodManager$Stub.onTransact:221 com.android.server.InputMethodManagerService.onTransact:818 
I/WindowManager(  478): Screen frozen for +431ms due to Window{4a981b60 u0 com.vphone.launcher/com.vphone.launcher.Launcher}
W/Launcher(  653): No global search activity found.
W/PropertyValuesHolder(  653): Method setBrightness() with type int not found on target class class ph
W/PropertyValuesHolder(  653): Method getBrightness() with type int not found on target class class ph
I/ActivityManager(  478): START u0 {act=android.intent.action.MAIN cat=[android.intent.category.LAUNCHER] flg=0x10200000 cmp=com.android.browser/.BrowserActivity bnds=[130,174][334,301] (has extras)} from pid 653
W/ContextImpl(  653): Calling a method in the system process without a qualified user: android.app.ContextImpl.sendBroadcast:1137 android.content.ContextWrapper.sendBroadcast:370 com.vphone.launcher.Stats.recordLaunch:129 com.vphone.launcher.Launcher.c:3192 com.vphone.launcher.Launcher.onClickAppShortcut:3144 
I/ActivityManager(  478): START u0 {act=android.intent.action.MAIN cat=[android.intent.category.HOME] flg=0x10200000 cmp=com.vphone.launcher/.Launcher} from pid 478
W/PropertyValuesHolder(  653): Method setBrightness() with type int not found on target class class ph
W/PropertyValuesHolder(  653): Method getBrightness() with type int not found on target class class ph
I/ActivityManager(  478): START u0 {act=android.intent.action.MAIN cat=[android.intent.category.LAUNCHER] flg=0x10200000 cmp=com.mobilesrepublic.appy/.InitActviity bnds=[946,301][1150,428]} from pid 653
W/ContextImpl(  653): Calling a method in the system process without a qualified user: android.app.ContextImpl.sendBroadcast:1137 android.content.ContextWrapper.sendBroadcast:370 com.vphone.launcher.Stats.recordLaunch:129 com.vphone.launcher.Launcher.c:3192 com.vphone.launcher.Launcher.onClickAppShortcut:3144 
W/ContextImpl(  653): Calling a method in the system process without a qualified user: android.app.ContextImpl.bindService:1556 android.content.ContextWrapper.bindService:517 com.google.android.gms.common.stats.zzb.zza:-1 com.google.android.gms.common.stats.zzb.zza:-1 com.google.android.gms.ads.identifier.AdvertisingIdClient.zzh:-1 
D/yeshen  (  653): launcher onpause
W/NetworkManagementSocketTagger(  478): setKernelCountSet(10039, 1) failed with errno -13
I/dalvikvm( 7199): ignoring registerObject request in thread=1
I/dalvikvm( 7199): ignoring registerObject request in thread=1
I/ActivityManager(  478): Start proc com.mobilesrepublic.appy for activity com.mobilesrepublic.appy/.InitActviity: pid=7199 uid=10039 gids={50039, 3003, 1028, 1015, 1023}
D/yeshen  (  653): launcher onstop
W/DebugConnManager(  653): getNetworkInfo() on networkType 1
I/MultiDex( 7199): VM with version 1.6.0 does not have multidex support
I/MultiDex( 7199): install
I/MultiDex( 7199): MultiDexExtractor.load(/data/app/com.mobilesrepublic.appy-1.apk, false)
I/MultiDex( 7199): loading existing secondary dex files
I/MultiDex( 7199): load found 2 secondary dex files
I/MultiDex( 7199): install done
V/NiApplication( 7199): new process com.mobilesrepublic.appy created
I/dalvikvm( 7199): Could not find method android.content.pm.PackageManager.getPackageInstaller, referenced from method com.google.android.gms.common.zze.zzi
W/dalvikvm( 7199): VFY: unable to resolve virtual method 782: Landroid/content/pm/PackageManager;.getPackageInstaller ()Landroid/content/pm/PackageInstaller;
D/dalvikvm( 7199): VFY: replacing opcode 0x6e at 0x000a
D/dalvikvm( 7199): JIT code cache reset in 0 ms (0 bytes 1/0)
D/dalvikvm( 7199): GC_CONCURRENT freed 308K, 11% free 2959K/3296K, paused 0ms+2ms, total 4ms
I/GMPM    ( 7199): App measurement is starting up, version: 8487
I/GMPM    ( 7199): To enable debug logging run: adb shell setprop log.tag.GMPM VERBOSE
E/GMPM    ( 7199): GoogleService failed to initialize, status: 10, Missing an expected resource: 'R.string.google_app_id' for initializing Google services.  Possible causes are missing google-services.json or com.google.gms.google-services gradle plugin.
E/GMPM    ( 7199): Scheduler not set. Not logging error/warn.
E/GMPM    ( 7199): Uploading is not possible. App measurement disabled
W/Settings( 7199): Setting android_id has moved from android.provider.Settings.System to android.provider.Settings.Secure, returning read-only value.
I/onews   ( 7199): ======================= [ ONEWS SDK] =======================
I/onews   ( 7199):   HOST.news    : 
I/onews   ( 7199):      * RELATED : news/recommend?
I/onews   ( 7199):      * REFRESH : news/fresh?
I/onews   ( 7199):      * DETAILS : news/detail?
I/onews   ( 7199):      * INTEREST: news/interest?
I/onews   ( 7199):   HOST.report  : 
I/onews   ( 7199): ------------------------------------------------------------
I/onews   ( 7199):   PRODUCT ID   : 14
I/onews   ( 7199):   CTYPE        : 0x91a67
I/onews   ( 7199):   ACTION       : 0xe72ef
I/onews   ( 7199):   LOG_LEVEL    : 0
I/onews   ( 7199):   SCENARIOS    : [ [Scenario 0x00000101 | ONLINE],  [Scenario 0x00010101 | ONLINE],  [Scenario 0x00020101 | ONLINE],  [Scenario 0x00030101 | ONLINE],  [Scenario 0x00040101 | ONLINE],  [Scenario 0x00050101 | ONLINE],  [Scenario 0x00060101 | ONLINE],  [Scenario 0x00070101 | ONLINE],  [Scenario 0x00080101 | ONLINE],  [Scenario 0x00090101 | ONLINE],  [Scenario 0x000a0101 | ONLINE],  [Scenario 0x000b0101 | ONLINE],  [Scenario 0x000c0101 | ONLINE],  [Scenario 0x000d0101 | ONLINE],  [Scenario 0x000e0101 | ONLINE],  [Scenario 0x000f0101 | ONLINE],  [Scenario 0x00100101 | ONLINE],  [Scenario 0x00110101 | ONLINE],  [Scenario 0x00120101 | ONLINE],  [Scenario 0x00130101 | ONLINE],  [Scenario 0x00140101 | ONLINE],  [Scenario 0x00150101 | ONLINE],  [Scenario 0x00160101 | ONLINE],  [Scenario 0x00170101 | ONLINE],  [Scenario 0x00180101 | ONLINE],  [Scenario 0x00190101 | ONLINE],  [Scenario 0x001a0101 | ONLINE],  [Scenario 0x001b0101 | ONLINE],  [Scenario 0x001c0101 | ONLINE],  [Scenario 0x001d0101 | ONLINE],  [Scenario 0x001e0101 | ONLINE],  [Scenario 0x001f0101 | ONLINE],  [Scenario 0x00200101 | ONLINE]]
I/onews   ( 7199):   Onews DB ver             : 34
I/onews   ( 7199):   ResponseHeader DB ver    : 6
I/onews   ( 7199): 
D/dalvikvm( 7199): GC_CONCURRENT freed 351K, 13% free 3012K/3424K, paused 0ms+1ms, total 2ms
I/dalvikvm( 7199): Could not find method android.view.Window.setStatusBarColor, referenced from method android.ext.app.Activity.b_
W/dalvikvm( 7199): VFY: unable to resolve virtual method 21472: Landroid/view/Window;.setStatusBarColor (I)V
D/dalvikvm( 7199): VFY: replacing opcode 0x6e at 0x000a
D/dalvikvm( 7199): GC_CONCURRENT freed 116K, 8% free 3285K/3568K, paused 1ms+0ms, total 4ms
D/dalvikvm( 7199): WAIT_FOR_CONCURRENT_GC blocked 2ms
V/WebViewChromium( 7199): Binding Chromium to the background looper Looper (main, tid 1) {4a7903e8}
I/chromium( 7199): [INFO:library_loader_hooks.cc(112)] Chromium logging enabled: level = 0, default verbosity = 0
I/BrowserProcessMain( 7199): Initializing chromium process, renderers=0
W/chromium( 7199): [WARNING:proxy_service.cc(888)] PAC support disabled because there is no system implementation
D/libEGL  ( 7199): loaded /system/lib/egl/libEGL_adreno.so
D/        ( 7199): HostConnection::get() New Host Connection established 0xb8ae0dd0, tid 7199
D/libEGL  ( 7199): loaded /system/lib/egl/libGLESv1_CM_adreno.so
D/libEGL  ( 7199): loaded /system/lib/egl/libGLESv2_adreno.so
D/dalvikvm( 7199): GC_FOR_ALLOC freed 107K, 7% free 3427K/3664K, paused 2ms, total 2ms
I/dalvikvm-heap( 7199): Grow heap (frag case) to 4.009MB for 635808-byte allocation
D/dalvikvm( 7199): GC_FOR_ALLOC freed <1K, 6% free 4047K/4288K, paused 2ms, total 2ms
D/dalvikvm( 7199): GC_CONCURRENT freed <1K, 6% free 4047K/4288K, paused 1ms+0ms, total 2ms
D/dalvikvm( 7199): GC_CONCURRENT freed 286K, 8% free 4238K/4588K, paused 0ms+0ms, total 2ms
I/b       ( 7199): facebook = nullappId = 27050appKey = ede933e30cc5e228e6f8c393b1240697
W/a       ( 7199): GET ADID ERROR TRY TO GET FROM GOOGLE PLAY APP
I/b       ( 7199): app setting nexttime is not ready  [settingNextRequestTime= 1523646260580 currentTime = 1523559865401]
D/dalvikvm( 7199): GC_CONCURRENT freed 379K, 10% free 4318K/4760K, paused 3ms+1ms, total 6ms
I/b       ( 7199): app WallSetting timeout or not exists
D/MD5     ( 7199): 27050ede933e30cc5e228e6f8c393b1240697
I/System  ( 7199): Loaded time zone names for "en" in 7ms (6ms in ICU)
D/BaseHttpRequest( 7199): request url: http://setting.rayjump.com/appwall/setting
D/BaseHttpRequest( 7199): request params: app_id=27050&sign=5863f4c43f13389107b7a02db81ced18&platform=1&os_version=4.4.2&package_name=com.mobilesrepublic.appy&app_version_name=7.0.2&app_version_code=7002&orientation=2&model=SM-G955N&brand=samsung&gaid=&mnc=&mcc=&network_type=9&language=en&timezone=MST&useragent=Mozilla/5.0 (Linux; Android 4.4.2; SM-G955N Build/NRD90M) AppleWebKit/537.36 (KHTML, like Gecko) Version/4.0 Chrome/30.0.0.0 Mobile Safari/537.36&sdk_version=MAL_7.6.39&gp_version=9.4.30-all [0] [PR] 191305435&screen_size=1280x720&dvi=4BztYrxBYFQ3+FQ3RUE0DUv9iFHQDkjbfnRPiA3Bf0zK
D/BaseHttpRequest( 7199): request method: GET
D/NetConnectManager( 7199): current net connect type is wifi
D/CommonHttpRequest( 7199): request is started
D/dalvikvm( 7199): GC_CONCURRENT freed 339K, 9% free 4388K/4780K, paused 3ms+1ms, total 8ms
D/dalvikvm( 7199): GC_CONCURRENT freed 227K, 6% free 4695K/4984K, paused 2ms+0ms, total 4ms
D/dalvikvm( 7199): WAIT_FOR_CONCURRENT_GC blocked 2ms
D/dalvikvm( 7199): GC_CONCURRENT freed 460K, 10% free 4871K/5396K, paused 0ms+0ms, total 2ms
D/dalvikvm( 7199): WAIT_FOR_CONCURRENT_GC blocked 1ms
D/dalvikvm( 7199): WAIT_FOR_CONCURRENT_GC blocked 3ms
I/InputDispatcher(  478): Dropped event because of pending overdue app switch.
W/InputManager(  478): Input event injection from pid 6756 failed.
D/dalvikvm( 7199): GC_CONCURRENT freed 291K, 7% free 5264K/5628K, paused 6ms+0ms, total 10ms
D/dalvikvm( 7199): WAIT_FOR_CONCURRENT_GC blocked 2ms
D/dalvikvm( 7199): WAIT_FOR_CONCURRENT_GC blocked 2ms
D/dalvikvm( 7199): GC_CONCURRENT freed 328K, 7% free 5642K/6044K, paused 1ms+1ms, total 4ms
W/DebugConnManager( 6783): getNetworkInfo() on networkType 1
D/dalvikvm( 7199): GC_FOR_ALLOC freed 328K, 11% free 5768K/6448K, paused 3ms, total 3ms
D/dalvikvm( 7199): GC_FOR_ALLOC freed 168K, 10% free 6030K/6692K, paused 4ms, total 4ms
W/dalvikvm( 7199): VFY: unable to find class referenced in signature (Lokhttp3/Request;)
W/dalvikvm( 7199): VFY: unable to find class referenced in signature (Lokhttp3/Response;)
I/dalvikvm( 7199): Could not find method okhttp3.Response.headers, referenced from method empirical.HelperClass.printOkHttpInfo
W/dalvikvm( 7199): VFY: unable to resolve virtual method 64984: Lokhttp3/Response;.headers ()Lokhttp3/Headers;
D/dalvikvm( 7199): VFY: replacing opcode 0x6e at 0x0006
W/dalvikvm( 7199): VFY: unable to find class referenced in signature (Lokhttp3/Call;)
W/dalvikvm( 7199): VFY: unable to find class referenced in signature (Lokhttp3/Response;)
I/dalvikvm( 7199): Could not find method okhttp3.Call.request, referenced from method empirical.HelperClass.printOkHttpInfoFromCall
W/dalvikvm( 7199): VFY: unable to resolve interface method 64978: Lokhttp3/Call;.request ()Lokhttp3/Request;
D/dalvikvm( 7199): VFY: replacing opcode 0x72 at 0x0006
I/System.out( 7199): body:<com.cmcm.onews.util.at: java.lang.String e(java.lang.String)>	sig:$r1 = staticinvoke <java.net.URLEncoder: java.lang.String encode(java.lang.String,java.lang.String)>($r1, "UTF-8")	timediff:0
E/project ( 7199): extsdcard==/storage/emulated/0/Android/data/com.mobilesrepublic.appy/files
I/dalvikvm( 7199): Could not find method android.app.Notification$Builder.setLocalOnly, referenced from method com.google.android.gms.common.GooglePlayServicesUtil.zza
W/dalvikvm( 7199): VFY: unable to resolve virtual method 402: Landroid/app/Notification$Builder;.setLocalOnly (Z)Landroid/app/Notification$Builder;
D/dalvikvm( 7199): VFY: replacing opcode 0x6e at 0x0100
D/dalvikvm( 7199): GC_CONCURRENT freed 821K, 13% free 6296K/7176K, paused 3ms+0ms, total 7ms
D/dalvikvm( 7199): WAIT_FOR_CONCURRENT_GC blocked 3ms
D/dalvikvm( 7199): WAIT_FOR_CONCURRENT_GC blocked 3ms
I/dalvikvm( 7199): Could not find method android.net.ConnectivityManager.getAllNetworks, referenced from method com.cmcm.onews.util.as.a
W/dalvikvm( 7199): VFY: unable to resolve virtual method 3771: Landroid/net/ConnectivityManager;.getAllNetworks ()[Landroid/net/Network;
D/dalvikvm( 7199): VFY: replacing opcode 0x6e at 0x0000
W/DebugConnManager( 7199): getNetworkInfo() on networkType 1
W/DebugConnManager( 7199): getNetworkInfo() on networkType 0
W/System.err( 7134): java.net.ConnectException: failed to connect to help.pc120.com/114.112.93.71 (port 80) after 30000ms: isConnected failed: ECONNREFUSED (Connection refused)
W/System.err( 7134): 	at libcore.io.IoBridge.isConnected(IoBridge.java:223)
W/System.err( 7134): 	at libcore.io.IoBridge.connectErrno(IoBridge.java:161)
W/System.err( 7134): 	at libcore.io.IoBridge.connect(IoBridge.java:112)
W/System.err( 7134): 	at java.net.PlainSocketImpl.connect(PlainSocketImpl.java:192)
W/System.err( 7134): 	at java.net.PlainSocketImpl.connect(PlainSocketImpl.java:459)
W/System.err( 7134): 	at java.net.Socket.connect(Socket.java:843)
W/System.err( 7134): 	at com.android.okhttp.internal.Platform.connectSocket(Platform.java:131)
W/System.err( 7134): 	at com.android.okhttp.Connection.connect(Connection.java:101)
W/System.err( 7134): 	at com.android.okhttp.internal.http.HttpEngine.connect(HttpEngine.java:294)
W/System.err( 7134): 	at com.android.okhttp.internal.http.HttpEngine.sendSocketRequest(HttpEngine.java:255)
W/System.err( 7134): 	at com.android.okhttp.internal.http.HttpEngine.sendRequest(HttpEngine.java:206)
W/System.err( 7134): 	at com.android.okhttp.internal.http.HttpURLConnectionImpl.execute(HttpURLConnectionImpl.java:345)
W/System.err( 7134): 	at com.android.okhttp.internal.http.HttpURLConnectionImpl.getResponse(HttpURLConnectionImpl.java:296)
W/System.err( 7134): 	at com.android.okhttp.internal.http.HttpURLConnectionImpl.getResponseCode(HttpURLConnectionImpl.java:503)
W/System.err( 7134): 	at com.cleanmaster.base.crash.CrashReportService.b(dalvik_source_com.mobilesrepublic.appy.apk:62)
W/System.err( 7134): 	at com.cleanmaster.base.crash.CrashReportService.a(dalvik_source_com.mobilesrepublic.appy.apk:11)
W/System.err( 7134): 	at com.cleanmaster.base.crash.b.run(dalvik_source_com.mobilesrepublic.appy.apk:35)
W/System.err( 7134): 	at java.lang.Thread.run(Thread.java:841)
W/System.err( 7134): Caused by: libcore.io.ErrnoException: isConnected failed: ECONNREFUSED (Connection refused)
W/System.err( 7134): 	at libcore.io.IoBridge.isConnected(IoBridge.java:208)
W/System.err( 7134): 	... 17 more
I/System.out( 7134): body:<com.cleanmaster.base.crash.CrashReportService: void b(java.lang.String)>	sig:virtualinvoke $r3.<java.net.HttpURLConnection: void disconnect()>()	timediff:0
I/ActivityManager(  478): START u0 {cmp=com.mobilesrepublic.appy/com.cmcm.newsindia.MainActivity} from pid 7199
E/SurfaceFlinger(  166): glCheckFramebufferStatusOES error 36054
E/SurfaceFlinger(  166): got GL_FRAMEBUFFER_COMPLETE_OES error while taking screenshot
I/dalvikvm( 7199): Could not find method android.os.Environment.isExternalStorageEmulated, referenced from method com.cmcm.onews.util.bu.b
W/dalvikvm( 7199): VFY: unable to resolve static method 1223: Landroid/os/Environment;.isExternalStorageEmulated (Ljava/io/File;)Z
D/dalvikvm( 7199): VFY: replacing opcode 0x71 at 0x001d
D/dalvikvm( 7199): GC_CONCURRENT freed 763K, 11% free 6705K/7528K, paused 3ms+0ms, total 10ms
D/dalvikvm( 7199): WAIT_FOR_CONCURRENT_GC blocked 2ms
D/dalvikvm( 7199): WAIT_FOR_CONCURRENT_GC blocked 2ms
D/dalvikvm( 7199): WAIT_FOR_CONCURRENT_GC blocked 2ms
D/dalvikvm( 7199): WAIT_FOR_CONCURRENT_GC blocked 3ms
D/dalvikvm( 7199): WAIT_FOR_CONCURRENT_GC blocked 2ms
D/dalvikvm( 7199): WAIT_FOR_CONCURRENT_GC blocked 3ms
D/dalvikvm( 7199): WAIT_FOR_CONCURRENT_GC blocked 3ms
E/LocationUtil( 7199): get location error
D/SurfaceFlinger(  166): setOrientation, mFbdev=0xb94ea050, mFbDev->setOrientation=0xb69bbce0, orientation=3
I/gralloc_nox(  166): setOrientation: orientation=3
I/InputReader(  478): Reconfiguring input devices.  changes=0x00000004
I/InputReader(  478): Device reconfigured: id=1, name='seamless mouse', size 1280x720, orientation 3, mode 1, display id 0
I/InputReader(  478): Device reconfigured: id=3, name='Android Input', size 1280x720, orientation 3, mode 1, display id 0
I/InputReader(  478): Device reconfigured: id=8, name='VirtualBox USB Tablet', size 1280x720, orientation 3, mode 1, display id 0
D/Tinker.DefaultAppLike(  653): onConfigurationChanged:{1.0 310mcc16mnc en_US ldltr sw480dp w480dp h828dp 240dpi lrg long port finger qwerty/v/v dpad/v s.19}
I/ActivityManager(  478): Config changes=480 {1.0 310mcc16mnc en_US ldltr sw480dp w480dp h828dp 240dpi lrg long port finger qwerty/v/v dpad/v s.19}
D/dalvikvm( 7199): WAIT_FOR_CONCURRENT_GC blocked 15ms
D/dalvikvm(  537): GC_FOR_ALLOC freed 6432K, 48% free 6309K/12100K, paused 6ms, total 6ms
D/dalvikvm(  613): GC_CONCURRENT freed 385K, 14% free 2863K/3300K, paused 1ms+0ms, total 11ms
I/dalvikvm-heap(  537): Grow heap (frag case) to 12.471MB for 6553612-byte allocation
D/dalvikvm(  537): GC_FOR_ALLOC freed <1K, 32% free 12709K/18504K, paused 6ms, total 6ms
D/dalvikvm(  537): GC_CONCURRENT freed 1K, 32% free 12708K/18504K, paused 1ms+1ms, total 4ms
D/CommonHttpRequest( 7199): request status code 200
D/CommonHttpRequest( 7199): request is finished
I/DMC     ( 7199): [DmcContext] DMC log disabled
I/System.out( 7199): body:<com.facebook.internal.Utility: void disconnectQuietly(java.net.URLConnection)>	sig:virtualinvoke $r1.<java.net.HttpURLConnection: void disconnect()>()	timediff:0
I/System.out( 7199): body:<com.facebook.internal.Utility: void disconnectQuietly(java.net.URLConnection)>	sig:virtualinvoke $r1.<java.net.HttpURLConnection: void disconnect()>()	timediff:0
D/dalvikvm( 7199): GC_CONCURRENT freed 938K, 13% free 7099K/8076K, paused 1ms+2ms, total 13ms
D/dalvikvm( 7199): WAIT_FOR_CONCURRENT_GC blocked 4ms
D/dalvikvm( 7199): WAIT_FOR_CONCURRENT_GC blocked 5ms
D/dalvikvm( 7199): GC_FOR_ALLOC freed 706K, 9% free 7834K/8600K, paused 8ms, total 8ms
D/PhoneStatusBar(  537): mSettingsPanelGravity = 55
W/EGL_emulation(  537): eglSurfaceAttrib not implemented 3093 12436
D/dalvikvm( 7199): GC_CONCURRENT freed 263K, 5% free 8232K/8600K, paused 1ms+3ms, total 26ms
D/dalvikvm( 7199): GC_FOR_ALLOC freed 1850K, 20% free 8049K/9960K, paused 6ms, total 6ms
I/dalvikvm-heap( 7199): Grow heap (frag case) to 8.273MB for 373336-byte allocation
D/dalvikvm( 7199): GC_FOR_ALLOC freed 243K, 21% free 8171K/10328K, paused 6ms, total 6ms
I/dalvikvm( 7199): Could not find method android.content.pm.PackageManager.getPackageInstaller, referenced from method jjw.a
W/dalvikvm( 7199): VFY: unable to resolve virtual method 2504: Landroid/content/pm/PackageManager;.getPackageInstaller ()Landroid/content/pm/PackageInstaller;
D/dalvikvm( 7199): VFY: replacing opcode 0x6e at 0x001c
D/dalvikvm( 7199): GC_FOR_ALLOC freed 200K, 23% free 8038K/10328K, paused 5ms, total 5ms
I/dalvikvm-heap( 7199): Grow heap (frag case) to 8.252MB for 362898-byte allocation
D/dalvikvm( 7199): GC_FOR_ALLOC freed <1K, 22% free 8392K/10684K, paused 5ms, total 5ms
D/dalvikvm( 7199): GC_FOR_ALLOC freed <1K, 22% free 8392K/10684K, paused 6ms, total 6ms
I/dalvikvm-heap( 7199): Grow heap (frag case) to 8.598MB for 362898-byte allocation
D/dalvikvm( 7199): GC_FOR_ALLOC freed 364K, 25% free 8382K/11040K, paused 6ms, total 6ms
I/dalvikvm( 7199): Could not find method android.content.ContextWrapper.createCredentialProtectedStorageContext, referenced from method iwr.createCredentialProtectedStorageContext
W/dalvikvm( 7199): VFY: unable to resolve virtual method 2411: Landroid/content/ContextWrapper;.createCredentialProtectedStorageContext ()Landroid/content/Context;
D/dalvikvm( 7199): VFY: replacing opcode 0x6f at 0x0002
I/dalvikvm( 7199): Could not find method android.content.ContextWrapper.createDeviceProtectedStorageContext, referenced from method iwr.createDeviceProtectedStorageContext
W/dalvikvm( 7199): VFY: unable to resolve virtual method 2412: Landroid/content/ContextWrapper;.createDeviceProtectedStorageContext ()Landroid/content/Context;
D/dalvikvm( 7199): VFY: replacing opcode 0x6f at 0x0002
I/dalvikvm( 7199): Could not find method android.content.ContextWrapper.createCredentialProtectedStorageContext, referenced from method com.google.android.chimera.ModuleContext.createCredentialProtectedStorageContext
W/dalvikvm( 7199): VFY: unable to resolve virtual method 2411: Landroid/content/ContextWrapper;.createCredentialProtectedStorageContext ()Landroid/content/Context;
D/dalvikvm( 7199): VFY: replacing opcode 0x6f at 0x0002
I/dalvikvm( 7199): Could not find method android.content.ContextWrapper.createDeviceProtectedStorageContext, referenced from method com.google.android.chimera.ModuleContext.createDeviceProtectedStorageContext
W/dalvikvm( 7199): VFY: unable to resolve virtual method 2412: Landroid/content/ContextWrapper;.createDeviceProtectedStorageContext ()Landroid/content/Context;
D/dalvikvm( 7199): VFY: replacing opcode 0x6f at 0x0002
I/dalvikvm( 7199): Could not find method android.content.Context.isCredentialProtectedStorage, referenced from method cub.a
W/dalvikvm( 7199): VFY: unable to resolve virtual method 2391: Landroid/content/Context;.isCredentialProtectedStorage ()Z
D/dalvikvm( 7199): VFY: replacing opcode 0x6e at 0x0000
I/dalvikvm( 7199): Could not find method android.os.UserManager.isUserUnlocked, referenced from method cub.a
W/dalvikvm( 7199): VFY: unable to resolve virtual method 3028: Landroid/os/UserManager;.isUserUnlocked ()Z
D/dalvikvm( 7199): VFY: replacing opcode 0x6e at 0x001a
I/dalvikvm( 7199): Could not find method android.content.Context.isDeviceProtectedStorage, referenced from method cub.b
W/dalvikvm( 7199): VFY: unable to resolve virtual method 2392: Landroid/content/Context;.isDeviceProtectedStorage ()Z
D/dalvikvm( 7199): VFY: replacing opcode 0x6e at 0x0000
I/dalvikvm( 7199): Could not find method android.content.Context.isDeviceProtectedStorage, referenced from method cub.c
W/dalvikvm( 7199): VFY: unable to resolve virtual method 2392: Landroid/content/Context;.isDeviceProtectedStorage ()Z
D/dalvikvm( 7199): VFY: replacing opcode 0x6e at 0x0000
I/dalvikvm( 7199): Could not find method android.system.Os.readlink, referenced from method cuq.a
W/dalvikvm( 7199): VFY: unable to resolve static method 3047: Landroid/system/Os;.readlink (Ljava/lang/String;)Ljava/lang/String;
D/dalvikvm( 7199): VFY: replacing opcode 0x71 at 0x0000
I/dalvikvm( 7199): Could not find method android.system.Os.stat, referenced from method cuq.a
W/dalvikvm( 7199): VFY: unable to resolve static method 3048: Landroid/system/Os;.stat (Ljava/lang/String;)Landroid/system/StructStat;
D/dalvikvm( 7199): VFY: replacing opcode 0x71 at 0x0042
I/dalvikvm( 7199): Could not find method android.system.Os.symlink, referenced from method cuq.a
W/dalvikvm( 7199): VFY: unable to resolve static method 3049: Landroid/system/Os;.symlink (Ljava/lang/String;Ljava/lang/String;)V
D/dalvikvm( 7199): VFY: replacing opcode 0x71 at 0x013b
I/dalvikvm( 7199): DexOpt: unable to optimize instance field ref 0x04a1 at 0x46 in Lcuq;.a
I/dalvikvm( 7199): DexOpt: unable to optimize static field ref 0x049c at 0x48 in Lcuq;.a
I/dalvikvm( 7199): DexOpt: unable to optimize static field ref 0x049a at 0x4a in Lcuq;.a
I/dalvikvm( 7199): DexOpt: unable to optimize static field ref 0x049b at 0x4d in Lcuq;.a
I/dalvikvm( 7199): DexOpt: unable to optimize static field ref 0x049d at 0x57 in Lcuq;.a
I/dalvikvm( 7199): DexOpt: unable to optimize static field ref 0x04a0 at 0x5f in Lcuq;.a
I/dalvikvm( 7199): DexOpt: unable to optimize static field ref 0x049e at 0x61 in Lcuq;.a
I/dalvikvm( 7199): DexOpt: unable to optimize static field ref 0x049f at 0x64 in Lcuq;.a
I/dalvikvm( 7199): DexOpt: unable to optimize static field ref 0x049c at 0x7f in Lcuq;.a
I/dalvikvm( 7199): DexOpt: unable to optimize static field ref 0x04a0 at 0x90 in Lcuq;.a
I/dalvikvm( 7199): Could not find method android.content.Context.createDeviceProtectedStorageContext, referenced from method jvu.a
W/dalvikvm( 7199): VFY: unable to resolve virtual method 2362: Landroid/content/Context;.createDeviceProtectedStorageContext ()Landroid/content/Context;
D/dalvikvm( 7199): VFY: replacing opcode 0x6e at 0x0029
I/dalvikvm( 7199): Could not find method android.content.Context.getSystemService, referenced from method jvu.b
W/dalvikvm( 7199): VFY: unable to resolve virtual method 2387: Landroid/content/Context;.getSystemService (Ljava/lang/Class;)Ljava/lang/Object;
D/dalvikvm( 7199): VFY: replacing opcode 0x6e at 0x000b
D/dalvikvm( 7199): DexOpt: couldn't find static field Landroid/os/Build;.SUPPORTED_64_BIT_ABIS
W/dalvikvm( 7199): VFY: unable to resolve static field 1157 (SUPPORTED_64_BIT_ABIS) in Landroid/os/Build;
D/dalvikvm( 7199): VFY: replacing opcode 0x62 at 0x0012
D/dalvikvm( 7199): DexOpt: couldn't find static field Landroid/os/Build;.SUPPORTED_32_BIT_ABIS
W/dalvikvm( 7199): VFY: unable to resolve static field 1156 (SUPPORTED_32_BIT_ABIS) in Landroid/os/Build;
D/dalvikvm( 7199): VFY: replacing opcode 0x62 at 0x0021
D/dalvikvm( 7199): DexOpt: couldn't find static field Landroid/os/Build;.SUPPORTED_ABIS
W/dalvikvm( 7199): VFY: unable to resolve static field 1158 (SUPPORTED_ABIS) in Landroid/os/Build;
D/dalvikvm( 7199): VFY: replacing opcode 0x62 at 0x0008
D/dalvikvm( 7199): DexOpt: couldn't find static field Landroid/os/Build;.SUPPORTED_64_BIT_ABIS
W/dalvikvm( 7199): VFY: unable to resolve static field 1157 (SUPPORTED_64_BIT_ABIS) in Landroid/os/Build;
D/dalvikvm( 7199): VFY: replacing opcode 0x62 at 0x0008
D/dalvikvm( 7199): DexOpt: couldn't find static field Landroid/os/Build;.SUPPORTED_64_BIT_ABIS
I/dalvikvm( 7199): DexOpt: unable to optimize static field ref 0x0485 at 0x17 in Lcwd;.a
D/dalvikvm( 7199): DexOpt: couldn't find static field Landroid/os/Build;.SUPPORTED_32_BIT_ABIS
I/dalvikvm( 7199): DexOpt: unable to optimize static field ref 0x0484 at 0x26 in Lcwd;.a
D/dalvikvm( 7199): DexOpt: couldn't find static field Landroid/os/Build;.SUPPORTED_64_BIT_ABIS
I/dalvikvm( 7199): DexOpt: unable to optimize static field ref 0x0485 at 0x0d in Lcwd;.b
D/DynamitePackage( 7199): Instantiated singleton DynamitePackage.
D/DynamitePackage( 7199): Instantiating com.google.android.gms.ads.ChimeraAdLoaderBuilderCreatorImpl
I/dalvikvm( 7199): Could not find method android.content.pm.PackageManager.getPackageInstaller, referenced from method jn.a
W/dalvikvm( 7199): VFY: unable to resolve virtual method 2060: Landroid/content/pm/PackageManager;.getPackageInstaller ()Landroid/content/pm/PackageInstaller;
D/dalvikvm( 7199): VFY: replacing opcode 0x6e at 0x0017
D/DynamitePackage( 7199): Instantiating com.google.android.gms.ads.ChimeraAdLoaderBuilderCreatorImpl
D/ONewsAdProvider( 7199): public void initAds() {
D/ONewsAdProvider( 7199): public void initAds() {
D/DynamitePackage( 7199): Instantiating com.google.android.gms.ads.ChimeraAdLoaderBuilderCreatorImpl
D/DynamitePackage( 7199): Instantiating com.google.android.gms.ads.ChimeraAdLoaderBuilderCreatorImpl
D/filesDir( 7199): /data/data/com.mobilesrepublic.appy/files
D/AdSettings( 7199): Test mode device hash: b3c1ed0b699961332581d00abab0e89a
D/AdSettings( 7199): When testing your app with Facebook's ad units you must specify the device hashed ID to ensure the delivery of test ads, add the following code before loading an ad: AdSettings.addTestDevice("b3c1ed0b699961332581d00abab0e89a");
I/b       ( 7199): app setting nexttime is not ready  [settingNextRequestTime= 1523646260580 currentTime = 1523559865864]
D/dalvikvm( 7199): GC_CONCURRENT freed 1314K, 20% free 8930K/11040K, paused 6ms+1ms, total 14ms
I/ProxyCache( 7199): Proxy cache server started. Ping it...
D/mmm     ( 7199): syncKFMT NEW=674d8b109ae94dd9a2db08c7b9f26001 FILE=674d8b109ae94dd9a2db08c7b9f26001 SYNC=false @/data/data/com.mobilesrepublic.appy/files/kfmt.dat
D/mmm     ( 7199): syncCTRL NEW=5ef8bb804136a5cb8b6added6b45b69b FILE=5ef8bb804136a5cb8b6added6b45b69b SYNC=false @/data/data/com.mobilesrepublic.appy/files/kctrl.dat
D/ProxyCache( 7199): Open connection  to http://127.0.0.1:39294/ping
D/ProxyCache( 7199): Accept new socket Socket[address=/127.0.0.1,port=53334,localPort=39294]
I/ProxyCache( 7199): Request to cache proxy:GetRequest{rangeOffset=0, partial=false, uri='ping'}
D/ProxyCache( 7199): Ping response: `ping ok`, pinged? true
D/ProxyCache( 7199): Opened connections: 0
D/dalvikvm( 7199): Trying to load lib /data/data/com.mobilesrepublic.appy/lib/libkcmutil.so 0x94f2a440
E/ActivityThread( 7199): Failed to find provider info for com.facebook.katana.provider.AttributionIdProvider
E/ActivityThread( 7199): Failed to find provider info for com.facebook.katana.provider.AttributionIdProvider
E/ActivityThread( 7199): Failed to find provider info for com.facebook.katana.provider.AttributionIdProvider
D/dalvikvm( 7199): GC_FOR_ALLOC freed 698K, 19% free 9034K/11040K, paused 9ms, total 9ms
I/dalvikvm-heap( 7199): Grow heap (frag case) to 10.410MB for 1604892-byte allocation
D/dalvikvm( 7199): GC_FOR_ALLOC freed <1K, 16% free 10601K/12608K, paused 13ms, total 13ms
D/dalvikvm( 7199): Added shared lib /data/data/com.mobilesrepublic.appy/lib/libkcmutil.so 0x94f2a440
D/DynamitePackage( 7199): Instantiating com.google.android.gms.ads.ChimeraAdLoaderBuilderCreatorImpl
W/Settings( 7199): Setting android_id has moved from android.provider.Settings.System to android.provider.Settings.Secure, returning read-only value.
I/newsindia_public( 7199): public static newsindia_public  channel is  200000 cn2:unknown
E/ActivityThread( 7199): Failed to find provider info for com.facebook.katana.provider.AttributionIdProvider
I/dalvikvm( 7199): Could not find method android.security.NetworkSecurityPolicy.getInstance, referenced from method com.google.android.gms.ads.internal.util.h.b_
W/dalvikvm( 7199): VFY: unable to resolve static method 2591: Landroid/security/NetworkSecurityPolicy;.getInstance ()Landroid/security/NetworkSecurityPolicy;
D/dalvikvm( 7199): VFY: replacing opcode 0x71 at 0x0022
E/ActivityThread( 7199): Failed to find provider info for com.facebook.katana.provider.AttributionIdProvider
I/dalvikvm( 7199): Could not find method android.content.pm.PackageManager.isInstantApp, referenced from method qp.a
W/dalvikvm( 7199): VFY: unable to resolve virtual method 2065: Landroid/content/pm/PackageManager;.isInstantApp (Ljava/lang/String;)Z
D/dalvikvm( 7199): VFY: replacing opcode 0x6e at 0x002d
I/dalvikvm( 7199): Could not find method android.content.pm.PackageManager.isInstantApp, referenced from method qo.a
W/dalvikvm( 7199): VFY: unable to resolve virtual method 2064: Landroid/content/pm/PackageManager;.isInstantApp ()Z
D/dalvikvm( 7199): VFY: replacing opcode 0x6e at 0x0028
I/Ads     ( 7199): Starting ad request.
I/Ads     ( 7199): Use AdRequest.Builder.addTestDevice("DADDEACD506FD4BD02989AD39CCF21B7") to get test ads on this device.
I/Ads     ( 7199): Webview loading for native ads.
I/dalvikvm( 7199): Could not find method android.webkit.WebSettings.setMixedContentMode, referenced from method com.google.android.gms.ads.internal.webview.m.<init>
