I/System.out(32133): body:<com.urbanairship.http.Request: com.urbanairship.http.Response execute()>	sig:virtualinvoke $r8.<java.net.HttpURLConnection: void setRequestProperty(java.lang.String,java.lang.String)>($r6, $r13)	timediff:0
I/System.out(32133): body:<com.urbanairship.http.Request: com.urbanairship.http.Response execute()>	sig:virtualinvoke $r8.<java.net.HttpURLConnection: void setRequestProperty(java.lang.String,java.lang.String)>("Content-Encoding", "gzip")	timediff:0
I/System.out(32133): body:<com.urbanairship.http.Request: com.urbanairship.http.Response execute()>	sig:$r16 = virtualinvoke $r8.<java.net.HttpURLConnection: java.io.OutputStream getOutputStream()>()	timediff:10
I/System.out(32133): body:<com.urbanairship.http.Request: com.urbanairship.http.Response execute()>	sig:$i2 = virtualinvoke $r8.<java.net.HttpURLConnection: int getResponseCode()>()	timediff:119
I/System.out(32133): body:<com.urbanairship.http.Request: com.urbanairship.http.Response execute()>	sig:$r13 = virtualinvoke $r8.<java.net.HttpURLConnection: java.lang.String getResponseMessage()>()	timediff:0
I/System.out(32133): body:<com.urbanairship.http.Request: com.urbanairship.http.Response execute()>	sig:$r9 = virtualinvoke $r8.<java.net.HttpURLConnection: java.util.Map getHeaderFields()>()	timediff:0
I/System.out(32133): body:<com.urbanairship.http.Request: com.urbanairship.http.Response execute()>	sig:$l0 = virtualinvoke $r8.<java.net.HttpURLConnection: long getLastModified()>()	timediff:0
I/System.out(32133): body:<com.urbanairship.http.Request: com.urbanairship.http.Response execute()>	sig:$r18 = virtualinvoke $r8.<java.net.HttpURLConnection: java.io.InputStream getInputStream()>()	timediff:0
I/System.out(32133): body:<empirical.HelperClass: void printURLInfo(java.lang.String,java.lang.String,java.net.URLConnection)>	sig:$r0 = virtualinvoke urlConnection.<java.net.URLConnection: java.net.URL getURL()>()	timediff:0
I/System.out(32133): body:<empirical.HelperClass: void printURLInfo(java.lang.String,java.lang.String,java.net.URLConnection)>	sig:urlString = virtualinvoke $r0.<java.net.URL: java.lang.String toString()>()	timediff:0
I/System.out(32133): body:<empirical.HelperClass: void printURLInfo(java.lang.String,java.lang.String,java.net.URLConnection)>	sig:isDoOutput = virtualinvoke urlConnection.<java.net.URLConnection: boolean getDoOutput()>()	timediff:0
I/System.out(32133): body:<empirical.HelperClass: java.lang.String getHeaderField(java.net.URLConnection,java.lang.String)>	sig:data = virtualinvoke conn.<java.net.URLConnection: java.lang.String getHeaderField(java.lang.String)>(field)	timediff:0
I/System.out(32133): body:<empirical.HelperClass: java.lang.String getHeaderField(java.net.URLConnection,java.lang.String)>	sig:data = virtualinvoke conn.<java.net.URLConnection: java.lang.String getHeaderField(java.lang.String)>(field)	timediff:0
I/System.out(32133): body:<empirical.HelperClass: java.lang.String getHeaderField(java.net.URLConnection,java.lang.String)>	sig:data = virtualinvoke conn.<java.net.URLConnection: java.lang.String getHeaderField(java.lang.String)>(field)	timediff:0
I/System.out(32133): body:<empirical.HelperClass: java.lang.String getHeaderField(java.net.URLConnection,java.lang.String)>	sig:data = virtualinvoke conn.<java.net.URLConnection: java.lang.String getHeaderField(java.lang.String)>(field)	timediff:0
I/System.out(32133): body:<empirical.HelperClass: java.lang.String getHeaderField(java.net.URLConnection,java.lang.String)>	sig:data = virtualinvoke conn.<java.net.URLConnection: java.lang.String getHeaderField(java.lang.String)>(field)	timediff:0
I/System.out(32133): URLConn;%;1;%;<com.urbanairship.http.Request: com.urbanairship.http.Response execute()>;%;$r18 = virtualinvoke $r8.<java.net.HttpURLConnection: java.io.InputStream getInputStream()>();%;https://device-api.urbanairship.com/api/user/;%;true;%;397;%;no-cache, no-store, must revalidate;%;Not found;%;Not found;%;Not found
I/System.out(32133): body:<com.urbanairship.http.Request: com.urbanairship.http.Response execute()>	sig:virtualinvoke $r8.<java.net.HttpURLConnection: void disconnect()>()	timediff:0
I/System.out(32133): body:<com.urbanairship.richpush.RichPushUpdateService: java.net.URL getUserURL(java.lang.String,java.lang.Object[])>	sig:specialinvoke $r7.<java.net.URL: void <init>(java.lang.String)>($r3)	timediff:1
I/System.out(32133): <com.urbanairship.richpush.RichPushUpdateService: java.net.URL getUserURL(java.lang.String,java.lang.Object[])>###specialinvoke $r7.<java.net.URL: void <init>(java.lang.String)>($r3)###https://device-api.urbanairship.com/api/user/Wq-tn5GUSBmofU8UBdd4BA/messages/
I/System.out(32133): body:<com.urbanairship.http.Request: com.urbanairship.http.Response execute()>	sig:$r7 = virtualinvoke $r5.<java.net.URL: java.net.URLConnection openConnection()>()	timediff:0
I/System.out(32133): body:<com.urbanairship.http.Request: com.urbanairship.http.Response execute()>	sig:virtualinvoke $r8.<java.net.HttpURLConnection: void setRequestMethod(java.lang.String)>($r6)	timediff:0
I/System.out(32133): body:<com.urbanairship.http.Request: com.urbanairship.http.Response execute()>	sig:virtualinvoke $r8.<java.net.HttpURLConnection: void setDoInput(boolean)>(1)	timediff:0
I/System.out(32133): body:<com.urbanairship.http.Request: com.urbanairship.http.Response execute()>	sig:virtualinvoke $r8.<java.net.HttpURLConnection: void setUseCaches(boolean)>(0)	timediff:0
I/System.out(32133): body:<com.urbanairship.http.Request: com.urbanairship.http.Response execute()>	sig:virtualinvoke $r8.<java.net.HttpURLConnection: void setAllowUserInteraction(boolean)>(0)	timediff:0
I/System.out(32133): body:<com.urbanairship.http.Request: com.urbanairship.http.Response execute()>	sig:virtualinvoke $r8.<java.net.HttpURLConnection: void setRequestProperty(java.lang.String,java.lang.String)>($r6, $r13)	timediff:0
I/System.out(32133): body:<com.urbanairship.http.Request: com.urbanairship.http.Response execute()>	sig:virtualinvoke $r8.<java.net.HttpURLConnection: void setRequestProperty(java.lang.String,java.lang.String)>($r6, $r13)	timediff:0
I/System.out(32133): body:<com.urbanairship.http.Request: com.urbanairship.http.Response execute()>	sig:virtualinvoke $r8.<java.net.HttpURLConnection: void setRequestProperty(java.lang.String,java.lang.String)>($r6, $r13)	timediff:0
I/System.out(32133): body:<com.urbanairship.http.Request: com.urbanairship.http.Response execute()>	sig:virtualinvoke $r8.<java.net.HttpURLConnection: void setRequestProperty(java.lang.String,java.lang.String)>("Authorization", $r13)	timediff:0
W/Verve   (32133): Loading splash ad failed.
I/ActivityManager(  481): START u0 {cmp=com.raycom.walb/.v2.NavigationActivity (has extras)} from pid 32133
D/dalvikvm(32133): GC_FOR_ALLOC freed 1767K, 15% free 10450K/12280K, paused 8ms, total 8ms
W/Verve   (32133): getHomepageRefreshTimeMs: Invalid long: "null"
W/Verve   (32133): getHomepageRefreshTimeMs: Invalid long: "null"
I/System.out(32133): body:<com.urbanairship.http.Request: com.urbanairship.http.Response execute()>	sig:$i2 = virtualinvoke $r8.<java.net.HttpURLConnection: int getResponseCode()>()	timediff:94
I/System.out(32133): body:<com.urbanairship.http.Request: com.urbanairship.http.Response execute()>	sig:$r13 = virtualinvoke $r8.<java.net.HttpURLConnection: java.lang.String getResponseMessage()>()	timediff:0
I/System.out(32133): body:<com.urbanairship.http.Request: com.urbanairship.http.Response execute()>	sig:$r9 = virtualinvoke $r8.<java.net.HttpURLConnection: java.util.Map getHeaderFields()>()	timediff:0
I/System.out(32133): body:<com.urbanairship.http.Request: com.urbanairship.http.Response execute()>	sig:$l0 = virtualinvoke $r8.<java.net.HttpURLConnection: long getLastModified()>()	timediff:0
I/System.out(32133): body:<com.urbanairship.http.Request: com.urbanairship.http.Response execute()>	sig:$r18 = virtualinvoke $r8.<java.net.HttpURLConnection: java.io.InputStream getInputStream()>()	timediff:0
I/System.out(32133): body:<empirical.HelperClass: void printURLInfo(java.lang.String,java.lang.String,java.net.URLConnection)>	sig:$r0 = virtualinvoke urlConnection.<java.net.URLConnection: java.net.URL getURL()>()	timediff:0
I/System.out(32133): body:<empirical.HelperClass: void printURLInfo(java.lang.String,java.lang.String,java.net.URLConnection)>	sig:urlString = virtualinvoke $r0.<java.net.URL: java.lang.String toString()>()	timediff:0
I/System.out(32133): body:<empirical.HelperClass: void printURLInfo(java.lang.String,java.lang.String,java.net.URLConnection)>	sig:isDoOutput = virtualinvoke urlConnection.<java.net.URLConnection: boolean getDoOutput()>()	timediff:0
I/System.out(32133): body:<empirical.HelperClass: java.lang.String getHeaderField(java.net.URLConnection,java.lang.String)>	sig:data = virtualinvoke conn.<java.net.URLConnection: java.lang.String getHeaderField(java.lang.String)>(field)	timediff:0
I/System.out(32133): body:<empirical.HelperClass: java.lang.String getHeaderField(java.net.URLConnection,java.lang.String)>	sig:data = virtualinvoke conn.<java.net.URLConnection: java.lang.String getHeaderField(java.lang.String)>(field)	timediff:0
I/System.out(32133): body:<empirical.HelperClass: java.lang.String getHeaderField(java.net.URLConnection,java.lang.String)>	sig:data = virtualinvoke conn.<java.net.URLConnection: java.lang.String getHeaderField(java.lang.String)>(field)	timediff:0
I/System.out(32133): body:<empirical.HelperClass: java.lang.String getHeaderField(java.net.URLConnection,java.lang.String)>	sig:data = virtualinvoke conn.<java.net.URLConnection: java.lang.String getHeaderField(java.lang.String)>(field)	timediff:0
I/System.out(32133): body:<empirical.HelperClass: java.lang.String getHeaderField(java.net.URLConnection,java.lang.String)>	sig:data = virtualinvoke conn.<java.net.URLConnection: java.lang.String getHeaderField(java.lang.String)>(field)	timediff:0
I/System.out(32133): URLConn;%;2;%;<com.urbanairship.http.Request: com.urbanairship.http.Response execute()>;%;$r18 = virtualinvoke $r8.<java.net.HttpURLConnection: java.io.InputStream getInputStream()>();%;https://device-api.urbanairship.com/api/user/Wq-tn5GUSBmofU8UBdd4BA/messages/;%;false;%;Not found;%;no-cache, no-store, must revalidate;%;Not found;%;Not found;%;Not found
I/System.out(32133): body:<com.urbanairship.http.Request: com.urbanairship.http.Response execute()>	sig:virtualinvoke $r8.<java.net.HttpURLConnection: void disconnect()>()	timediff:0
W/EGL_emulation(32133): eglSurfaceAttrib not implemented 3093 12436
W/EGL_emulation(32133): eglSurfaceAttrib not implemented 3093 12436
W/ViewRootImpl(32133): Dropping event due to no window focus: KeyEvent { action=ACTION_DOWN, keyCode=KEYCODE_MENU, scanCode=0, metaState=0, flags=0x8, repeatCount=0, eventTime=1868733, downTime=1868733, deviceId=-1, source=0x101 }
I/System.out(32133): body:<com.urbanairship.push.ChannelServiceDelegate: java.net.URL getChannelLocationURL()>	sig:specialinvoke $r4.<java.net.URL: void <init>(java.lang.String)>($r3)	timediff:0
I/System.out(32133): <com.urbanairship.push.ChannelServiceDelegate: java.net.URL getChannelLocationURL()>###specialinvoke $r4.<java.net.URL: void <init>(java.lang.String)>($r3)###https://device-api.urbanairship.com/api/channels/88bafc3b-427a-45d3-89f0-a0fb052ae803
I/System.out(32133): body:<com.urbanairship.http.Request: com.urbanairship.http.Response execute()>	sig:$r7 = virtualinvoke $r5.<java.net.URL: java.net.URLConnection openConnection()>()	timediff:0
I/System.out(32133): body:<com.urbanairship.http.Request: com.urbanairship.http.Response execute()>	sig:virtualinvoke $r8.<java.net.HttpURLConnection: void setRequestMethod(java.lang.String)>($r6)	timediff:0
I/System.out(32133): body:<com.urbanairship.http.Request: com.urbanairship.http.Response execute()>	sig:virtualinvoke $r8.<java.net.HttpURLConnection: void setDoOutput(boolean)>(1)	timediff:0
I/System.out(32133): body:<com.urbanairship.http.Request: com.urbanairship.http.Response execute()>	sig:virtualinvoke $r8.<java.net.HttpURLConnection: void setRequestProperty(java.lang.String,java.lang.String)>("Content-Type", $r6)	timediff:0
I/System.out(32133): body:<com.urbanairship.http.Request: com.urbanairship.http.Response execute()>	sig:virtualinvoke $r8.<java.net.HttpURLConnection: void setDoInput(boolean)>(1)	timediff:0
I/System.out(32133): body:<com.urbanairship.http.Request: com.urbanairship.http.Response execute()>	sig:virtualinvoke $r8.<java.net.HttpURLConnection: void setUseCaches(boolean)>(0)	timediff:0
I/System.out(32133): body:<com.urbanairship.http.Request: com.urbanairship.http.Response execute()>	sig:virtualinvoke $r8.<java.net.HttpURLConnection: void setAllowUserInteraction(boolean)>(0)	timediff:0
I/System.out(32133): body:<com.urbanairship.http.Request: com.urbanairship.http.Response execute()>	sig:virtualinvoke $r8.<java.net.HttpURLConnection: void setRequestProperty(java.lang.String,java.lang.String)>($r6, $r13)	timediff:0
I/System.out(32133): body:<com.urbanairship.http.Request: com.urbanairship.http.Response execute()>	sig:virtualinvoke $r8.<java.net.HttpURLConnection: void setRequestProperty(java.lang.String,java.lang.String)>($r6, $r13)	timediff:0
I/System.out(32133): body:<com.urbanairship.http.Request: com.urbanairship.http.Response execute()>	sig:virtualinvoke $r8.<java.net.HttpURLConnection: void setRequestProperty(java.lang.String,java.lang.String)>("Authorization", $r13)	timediff:0
I/System.out(32133): body:<com.urbanairship.http.Request: com.urbanairship.http.Response execute()>	sig:$r16 = virtualinvoke $r8.<java.net.HttpURLConnection: java.io.OutputStream getOutputStream()>()	timediff:11
I/chromium(32133): [INFO:simple_index_file.cc(397)] Simple Cache Index is being restored from disk.
W/ResourceType(  481): Skipping entry 0x7f04000c in package table 0 because it is not complex!
W/ResourceType(  481): Skipping entry 0x7f04000d in package table 0 because it is not complex!
I/ActivityManager(  481): Displayed com.raycom.walb/.v2.NavigationActivity: +243ms
I/GAv4    (32133): Google Analytics 8.4.87 is starting up. To enable debug logging on a device run:
I/GAv4    (32133):   adb shell setprop log.tag.GAv4 DEBUG
I/GAv4    (32133):   adb logcat -s GAv4
W/Verve   (32133): Chartbeat not configured, page reporting disabled
W/InputEventReceiver(32133): Attempted to finish an input event but the input event receiver has already been disposed.
W/InputEventReceiver(32133): Attempted to finish an input event but the input event receiver has already been disposed.
W/InputEventReceiver(32133): Attempted to finish an input event but the input event receiver has already been disposed.
W/ViewRootImpl(32133): Dropping event due to root view being removed: MotionEvent { action=ACTION_UP, id[0]=0, x[0]=-224.0, y[0]=-16.67015, toolType[0]=TOOL_TYPE_UNKNOWN, buttonState=0, metaState=0, flags=0x0, edgeFlags=0x0, pointerCount=1, historySize=0, eventTime=1868906, downTime=1868905, deviceId=0, source=0x1002 }
W/ViewRootImpl(32133): Dropping event due to root view being removed: MotionEvent { action=ACTION_DOWN, id[0]=0, x[0]=591.0, y[0]=-158.0, toolType[0]=TOOL_TYPE_UNKNOWN, buttonState=0, metaState=0, flags=0x0, edgeFlags=0x0, pointerCount=1, historySize=0, eventTime=1868909, downTime=1868909, deviceId=0, source=0x1002 }
W/ViewRootImpl(32133): Dropping event due to no window focus: KeyEvent { action=ACTION_DOWN, keyCode=KEYCODE_DPAD_LEFT, scanCode=0, metaState=0, flags=0x8, repeatCount=0, eventTime=1868910, downTime=1868910, deviceId=-1, source=0x101 }
W/ViewRootImpl(32133): Dropping event due to no window focus: KeyEvent { action=ACTION_DOWN, keyCode=KEYCODE_CTRL_RIGHT, scanCode=0, metaState=0, flags=0x8, repeatCount=0, eventTime=1868913, downTime=1868913, deviceId=-1, source=0x101 }
W/ViewRootImpl(32133): Dropping event due to no window focus: KeyEvent { action=ACTION_DOWN, keyCode=KEYCODE_MENU, scanCode=0, metaState=0, flags=0x8, repeatCount=0, eventTime=1868962, downTime=1868962, deviceId=-1, source=0x101 }
W/ViewRootImpl(32133): Dropping event due to no window focus: KeyEvent { action=ACTION_DOWN, keyCode=KEYCODE_DPAD_LEFT, scanCode=0, metaState=0, flags=0x8, repeatCount=0, eventTime=1868963, downTime=1868963, deviceId=-1, source=0x101 }
W/ViewRootImpl(32133): Dropping event due to no window focus: KeyEvent { action=ACTION_DOWN, keyCode=KEYCODE_DPAD_CENTER, scanCode=0, metaState=0, flags=0x8, repeatCount=0, eventTime=1868964, downTime=1868964, deviceId=-1, source=0x101 }
W/ViewRootImpl(32133): Dropping event due to no window focus: KeyEvent { action=ACTION_DOWN, keyCode=KEYCODE_DPAD_UP, scanCode=0, metaState=0, flags=0x8, repeatCount=0, eventTime=1868965, downTime=1868965, deviceId=-1, source=0x101 }
W/ViewRootImpl(32133): Dropping event due to no window focus: KeyEvent { action=ACTION_DOWN, keyCode=KEYCODE_DPAD_UP, scanCode=0, metaState=0, flags=0x8, repeatCount=0, eventTime=1868968, downTime=1868968, deviceId=-1, source=0x101 }
I/System.out(32133): body:<com.urbanairship.http.Request: com.urbanairship.http.Response execute()>	sig:$i2 = virtualinvoke $r8.<java.net.HttpURLConnection: int getResponseCode()>()	timediff:143
I/System.out(32133): body:<com.urbanairship.http.Request: com.urbanairship.http.Response execute()>	sig:$r13 = virtualinvoke $r8.<java.net.HttpURLConnection: java.lang.String getResponseMessage()>()	timediff:0
I/System.out(32133): body:<com.urbanairship.http.Request: com.urbanairship.http.Response execute()>	sig:$r9 = virtualinvoke $r8.<java.net.HttpURLConnection: java.util.Map getHeaderFields()>()	timediff:0
I/System.out(32133): body:<com.urbanairship.http.Request: com.urbanairship.http.Response execute()>	sig:$l0 = virtualinvoke $r8.<java.net.HttpURLConnection: long getLastModified()>()	timediff:0
I/System.out(32133): body:<com.urbanairship.http.Request: com.urbanairship.http.Response execute()>	sig:$r18 = virtualinvoke $r8.<java.net.HttpURLConnection: java.io.InputStream getInputStream()>()	timediff:0
I/System.out(32133): body:<empirical.HelperClass: void printURLInfo(java.lang.String,java.lang.String,java.net.URLConnection)>	sig:$r0 = virtualinvoke urlConnection.<java.net.URLConnection: java.net.URL getURL()>()	timediff:0
I/System.out(32133): body:<empirical.HelperClass: void printURLInfo(java.lang.String,java.lang.String,java.net.URLConnection)>	sig:urlString = virtualinvoke $r0.<java.net.URL: java.lang.String toString()>()	timediff:0
I/System.out(32133): body:<empirical.HelperClass: void printURLInfo(java.lang.String,java.lang.String,java.net.URLConnection)>	sig:isDoOutput = virtualinvoke urlConnection.<java.net.URLConnection: boolean getDoOutput()>()	timediff:0
I/System.out(32133): body:<empirical.HelperClass: java.lang.String getHeaderField(java.net.URLConnection,java.lang.String)>	sig:data = virtualinvoke conn.<java.net.URLConnection: java.lang.String getHeaderField(java.lang.String)>(field)	timediff:0
I/System.out(32133): body:<empirical.HelperClass: java.lang.String getHeaderField(java.net.URLConnection,java.lang.String)>	sig:data = virtualinvoke conn.<java.net.URLConnection: java.lang.String getHeaderField(java.lang.String)>(field)	timediff:0
I/System.out(32133): body:<empirical.HelperClass: java.lang.String getHeaderField(java.net.URLConnection,java.lang.String)>	sig:data = virtualinvoke conn.<java.net.URLConnection: java.lang.String getHeaderField(java.lang.String)>(field)	timediff:0
I/System.out(32133): body:<empirical.HelperClass: java.lang.String getHeaderField(java.net.URLConnection,java.lang.String)>	sig:data = virtualinvoke conn.<java.net.URLConnection: java.lang.String getHeaderField(java.lang.String)>(field)	timediff:0
I/System.out(32133): body:<empirical.HelperClass: java.lang.String getHeaderField(java.net.URLConnection,java.lang.String)>	sig:data = virtualinvoke conn.<java.net.URLConnection: java.lang.String getHeaderField(java.lang.String)>(field)	timediff:0
I/System.out(32133): URLConn;%;3;%;<com.urbanairship.http.Request: com.urbanairship.http.Response execute()>;%;$r18 = virtualinvoke $r8.<java.net.HttpURLConnection: java.io.InputStream getInputStream()>();%;https://device-api.urbanairship.com/api/channels/88bafc3b-427a-45d3-89f0-a0fb052ae803;%;true;%;63;%;Not found;%;Not found;%;Not found;%;Not found
I/System.out(32133): body:<com.urbanairship.http.Request: com.urbanairship.http.Response execute()>	sig:virtualinvoke $r8.<java.net.HttpURLConnection: void disconnect()>()	timediff:0
I/ActivityManager(  481): START u0 {act=android.intent.action.MAIN cat=[android.intent.category.LAUNCHER] flg=0x10200000 cmp=com.raycom.walb/.v2.SplashActivity} from pid 32123
D/dalvikvm(32133): GC_CONCURRENT freed 1364K, 11% free 11596K/13020K, paused 1ms+1ms, total 17ms
I/System.out(32133): body:<com.urbanairship.push.ChannelServiceDelegate: java.net.URL getChannelLocationURL()>	sig:specialinvoke $r4.<java.net.URL: void <init>(java.lang.String)>($r3)	timediff:0
I/System.out(32133): <com.urbanairship.push.ChannelServiceDelegate: java.net.URL getChannelLocationURL()>###specialinvoke $r4.<java.net.URL: void <init>(java.lang.String)>($r3)###https://device-api.urbanairship.com/api/channels/88bafc3b-427a-45d3-89f0-a0fb052ae803
I/System.out(32133): body:<com.urbanairship.http.Request: com.urbanairship.http.Response execute()>	sig:$r7 = virtualinvoke $r5.<java.net.URL: java.net.URLConnection openConnection()>()	timediff:0
I/System.out(32133): body:<com.urbanairship.http.Request: com.urbanairship.http.Response execute()>	sig:virtualinvoke $r8.<java.net.HttpURLConnection: void setRequestMethod(java.lang.String)>($r6)	timediff:0
I/System.out(32133): body:<com.urbanairship.http.Request: com.urbanairship.http.Response execute()>	sig:virtualinvoke $r8.<java.net.HttpURLConnection: void setDoOutput(boolean)>(1)	timediff:0
I/System.out(32133): body:<com.urbanairship.http.Request: com.urbanairship.http.Response execute()>	sig:virtualinvoke $r8.<java.net.HttpURLConnection: void setRequestProperty(java.lang.String,java.lang.String)>("Content-Type", $r6)	timediff:0
I/System.out(32133): body:<com.urbanairship.http.Request: com.urbanairship.http.Response execute()>	sig:virtualinvoke $r8.<java.net.HttpURLConnection: void setDoInput(boolean)>(1)	timediff:0
I/System.out(32133): body:<com.urbanairship.http.Request: com.urbanairship.http.Response execute()>	sig:virtualinvoke $r8.<java.net.HttpURLConnection: void setUseCaches(boolean)>(0)	timediff:0
I/System.out(32133): body:<com.urbanairship.http.Request: com.urbanairship.http.Response execute()>	sig:virtualinvoke $r8.<java.net.HttpURLConnection: void setAllowUserInteraction(boolean)>(0)	timediff:0
I/System.out(32133): body:<com.urbanairship.http.Request: com.urbanairship.http.Response execute()>	sig:virtualinvoke $r8.<java.net.HttpURLConnection: void setRequestProperty(java.lang.String,java.lang.String)>($r6, $r13)	timediff:0
I/System.out(32133): body:<com.urbanairship.http.Request: com.urbanairship.http.Response execute()>	sig:virtualinvoke $r8.<java.net.HttpURLConnection: void setRequestProperty(java.lang.String,java.lang.String)>($r6, $r13)	timediff:0
I/System.out(32133): body:<com.urbanairship.http.Request: com.urbanairship.http.Response execute()>	sig:virtualinvoke $r8.<java.net.HttpURLConnection: void setRequestProperty(java.lang.String,java.lang.String)>("Authorization", $r13)	timediff:0
I/VervePush(32133): Registration complete. Channel Id:88bafc3b-427a-45d3-89f0-a0fb052ae803
I/System.out(32133): body:<com.urbanairship.http.Request: com.urbanairship.http.Response execute()>	sig:$r16 = virtualinvoke $r8.<java.net.HttpURLConnection: java.io.OutputStream getOutputStream()>()	timediff:10
I/ActivityManager(  481): START u0 {flg=0x4000000 cmp=com.raycom.walb/.v2.NavigationActivity (has extras)} from pid 32133
W/InputMethodManagerService(  481): Starting input on non-focused client com.android.internal.view.IInputMethodClient$Stub$Proxy@4ac65f44 (uid=10218 pid=32133)
I/System.out(32133): body:<com.urbanairship.http.Request: com.urbanairship.http.Response execute()>	sig:$i2 = virtualinvoke $r8.<java.net.HttpURLConnection: int getResponseCode()>()	timediff:78
I/System.out(32133): body:<com.urbanairship.http.Request: com.urbanairship.http.Response execute()>	sig:$r13 = virtualinvoke $r8.<java.net.HttpURLConnection: java.lang.String getResponseMessage()>()	timediff:0
I/System.out(32133): body:<com.urbanairship.http.Request: com.urbanairship.http.Response execute()>	sig:$r9 = virtualinvoke $r8.<java.net.HttpURLConnection: java.util.Map getHeaderFields()>()	timediff:0
I/System.out(32133): body:<com.urbanairship.http.Request: com.urbanairship.http.Response execute()>	sig:$l0 = virtualinvoke $r8.<java.net.HttpURLConnection: long getLastModified()>()	timediff:0
I/System.out(32133): body:<com.urbanairship.http.Request: com.urbanairship.http.Response execute()>	sig:$r18 = virtualinvoke $r8.<java.net.HttpURLConnection: java.io.InputStream getInputStream()>()	timediff:0
I/System.out(32133): body:<empirical.HelperClass: void printURLInfo(java.lang.String,java.lang.String,java.net.URLConnection)>	sig:$r0 = virtualinvoke urlConnection.<java.net.URLConnection: java.net.URL getURL()>()	timediff:0
I/System.out(32133): body:<empirical.HelperClass: void printURLInfo(java.lang.String,java.lang.String,java.net.URLConnection)>	sig:urlString = virtualinvoke $r0.<java.net.URL: java.lang.String toString()>()	timediff:0
I/System.out(32133): body:<empirical.HelperClass: void printURLInfo(java.lang.String,java.lang.String,java.net.URLConnection)>	sig:isDoOutput = virtualinvoke urlConnection.<java.net.URLConnection: boolean getDoOutput()>()	timediff:0
I/System.out(32133): body:<empirical.HelperClass: java.lang.String getHeaderField(java.net.URLConnection,java.lang.String)>	sig:data = virtualinvoke conn.<java.net.URLConnection: java.lang.String getHeaderField(java.lang.String)>(field)	timediff:0
I/System.out(32133): body:<empirical.HelperClass: java.lang.String getHeaderField(java.net.URLConnection,java.lang.String)>	sig:data = virtualinvoke conn.<java.net.URLConnection: java.lang.String getHeaderField(java.lang.String)>(field)	timediff:0
I/System.out(32133): body:<empirical.HelperClass: java.lang.String getHeaderField(java.net.URLConnection,java.lang.String)>	sig:data = virtualinvoke conn.<java.net.URLConnection: java.lang.String getHeaderField(java.lang.String)>(field)	timediff:0
I/System.out(32133): body:<empirical.HelperClass: java.lang.String getHeaderField(java.net.URLConnection,java.lang.String)>	sig:data = virtualinvoke conn.<java.net.URLConnection: java.lang.String getHeaderField(java.lang.String)>(field)	timediff:0
I/System.out(32133): body:<empirical.HelperClass: java.lang.String getHeaderField(java.net.URLConnection,java.lang.String)>	sig:data = virtualinvoke conn.<java.net.URLConnection: java.lang.String getHeaderField(java.lang.String)>(field)	timediff:0
I/System.out(32133): URLConn;%;4;%;<com.urbanairship.http.Request: com.urbanairship.http.Response execute()>;%;$r18 = virtualinvoke $r8.<java.net.HttpURLConnection: java.io.InputStream getInputStream()>();%;https://device-api.urbanairship.com/api/channels/88bafc3b-427a-45d3-89f0-a0fb052ae803;%;true;%;63;%;Not found;%;Not found;%;Not found;%;Not found
I/System.out(32133): body:<com.urbanairship.http.Request: com.urbanairship.http.Response execute()>	sig:virtualinvoke $r8.<java.net.HttpURLConnection: void disconnect()>()	timediff:0
I/System.out(32133): body:<com.urbanairship.push.ChannelServiceDelegate: java.net.URL getChannelLocationURL()>	sig:specialinvoke $r4.<java.net.URL: void <init>(java.lang.String)>($r3)	timediff:0
I/System.out(32133): <com.urbanairship.push.ChannelServiceDelegate: java.net.URL getChannelLocationURL()>###specialinvoke $r4.<java.net.URL: void <init>(java.lang.String)>($r3)###https://device-api.urbanairship.com/api/channels/88bafc3b-427a-45d3-89f0-a0fb052ae803
I/System.out(32133): body:<com.urbanairship.push.ChannelServiceDelegate: java.net.URL getChannelLocationURL()>	sig:specialinvoke $r4.<java.net.URL: void <init>(java.lang.String)>($r3)	timediff:0
I/System.out(32133): <com.urbanairship.push.ChannelServiceDelegate: java.net.URL getChannelLocationURL()>###specialinvoke $r4.<java.net.URL: void <init>(java.lang.String)>($r3)###https://device-api.urbanairship.com/api/channels/88bafc3b-427a-45d3-89f0-a0fb052ae803
I/System.out(32133): body:<com.urbanairship.push.ChannelServiceDelegate: java.net.URL getChannelLocationURL()>	sig:specialinvoke $r4.<java.net.URL: void <init>(java.lang.String)>($r3)	timediff:0
I/System.out(32133): <com.urbanairship.push.ChannelServiceDelegate: java.net.URL getChannelLocationURL()>###specialinvoke $r4.<java.net.URL: void <init>(java.lang.String)>($r3)###https://device-api.urbanairship.com/api/channels/88bafc3b-427a-45d3-89f0-a0fb052ae803
W/Verve   (32133): getHomepageRefreshTimeMs: Invalid long: "null"
W/Verve   (32133): getHomepageRefreshTimeMs: Invalid long: "null"
W/EGL_emulation(32133): eglSurfaceAttrib not implemented 3093 12436
I/VervePush(32133): Registration complete. Channel Id:88bafc3b-427a-45d3-89f0-a0fb052ae803
W/ViewRootImpl(32133): Dropping event due to no window focus: KeyEvent { action=ACTION_DOWN, keyCode=KEYCODE_DPAD_LEFT, scanCode=0, metaState=0, flags=0x8, repeatCount=0, eventTime=1869065, downTime=1869065, deviceId=-1, source=0x101 }
W/ViewRootImpl(32133): Dropping event due to no window focus: KeyEvent { action=ACTION_DOWN, keyCode=KEYCODE_DPAD_UP, scanCode=0, metaState=0, flags=0x8, repeatCount=0, eventTime=1869183, downTime=1869183, deviceId=-1, source=0x101 }
I/dalvikvm(32133): Could not find method android.content.pm.PackageManager.getPackageInstaller, referenced from method jjw.a
W/dalvikvm(32133): VFY: unable to resolve virtual method 2504: Landroid/content/pm/PackageManager;.getPackageInstaller ()Landroid/content/pm/PackageInstaller;
D/dalvikvm(32133): VFY: replacing opcode 0x6e at 0x001c
I/dalvikvm(32133): Could not find method android.content.ContextWrapper.createCredentialProtectedStorageContext, referenced from method iwr.createCredentialProtectedStorageContext
W/dalvikvm(32133): VFY: unable to resolve virtual method 2411: Landroid/content/ContextWrapper;.createCredentialProtectedStorageContext ()Landroid/content/Context;
D/dalvikvm(32133): VFY: replacing opcode 0x6f at 0x0002
I/dalvikvm(32133): Could not find method android.content.ContextWrapper.createDeviceProtectedStorageContext, referenced from method iwr.createDeviceProtectedStorageContext
W/dalvikvm(32133): VFY: unable to resolve virtual method 2412: Landroid/content/ContextWrapper;.createDeviceProtectedStorageContext ()Landroid/content/Context;
D/dalvikvm(32133): VFY: replacing opcode 0x6f at 0x0002
I/dalvikvm(32133): Could not find method android.content.ContextWrapper.createCredentialProtectedStorageContext, referenced from method com.google.android.chimera.ModuleContext.createCredentialProtectedStorageContext
W/dalvikvm(32133): VFY: unable to resolve virtual method 2411: Landroid/content/ContextWrapper;.createCredentialProtectedStorageContext ()Landroid/content/Context;
D/dalvikvm(32133): VFY: replacing opcode 0x6f at 0x0002
I/dalvikvm(32133): Could not find method android.content.ContextWrapper.createDeviceProtectedStorageContext, referenced from method com.google.android.chimera.ModuleContext.createDeviceProtectedStorageContext
W/dalvikvm(32133): VFY: unable to resolve virtual method 2412: Landroid/content/ContextWrapper;.createDeviceProtectedStorageContext ()Landroid/content/Context;
D/dalvikvm(32133): VFY: replacing opcode 0x6f at 0x0002
I/dalvikvm(32133): Could not find method android.content.Context.isCredentialProtectedStorage, referenced from method cub.a
W/dalvikvm(32133): VFY: unable to resolve virtual method 2391: Landroid/content/Context;.isCredentialProtectedStorage ()Z
D/dalvikvm(32133): VFY: replacing opcode 0x6e at 0x0000
I/dalvikvm(32133): Could not find method android.os.UserManager.isUserUnlocked, referenced from method cub.a
W/dalvikvm(32133): VFY: unable to resolve virtual method 3028: Landroid/os/UserManager;.isUserUnlocked ()Z
D/dalvikvm(32133): VFY: replacing opcode 0x6e at 0x001a
I/dalvikvm(32133): Could not find method android.content.Context.isDeviceProtectedStorage, referenced from method cub.b
W/dalvikvm(32133): VFY: unable to resolve virtual method 2392: Landroid/content/Context;.isDeviceProtectedStorage ()Z
D/dalvikvm(32133): VFY: replacing opcode 0x6e at 0x0000
I/dalvikvm(32133): Could not find method android.content.Context.isDeviceProtectedStorage, referenced from method cub.c
W/dalvikvm(32133): VFY: unable to resolve virtual method 2392: Landroid/content/Context;.isDeviceProtectedStorage ()Z
D/dalvikvm(32133): VFY: replacing opcode 0x6e at 0x0000
I/dalvikvm(32133): Could not find method android.system.Os.readlink, referenced from method cuq.a
W/dalvikvm(32133): VFY: unable to resolve static method 3047: Landroid/system/Os;.readlink (Ljava/lang/String;)Ljava/lang/String;
D/dalvikvm(32133): VFY: replacing opcode 0x71 at 0x0000
I/dalvikvm(32133): Could not find method android.system.Os.stat, referenced from method cuq.a
W/dalvikvm(32133): VFY: unable to resolve static method 3048: Landroid/system/Os;.stat (Ljava/lang/String;)Landroid/system/StructStat;
D/dalvikvm(32133): VFY: replacing opcode 0x71 at 0x0042
I/dalvikvm(32133): Could not find method android.system.Os.symlink, referenced from method cuq.a
W/dalvikvm(32133): VFY: unable to resolve static method 3049: Landroid/system/Os;.symlink (Ljava/lang/String;Ljava/lang/String;)V
D/dalvikvm(32133): VFY: replacing opcode 0x71 at 0x013b
I/dalvikvm(32133): DexOpt: unable to optimize instance field ref 0x04a1 at 0x46 in Lcuq;.a
I/dalvikvm(32133): DexOpt: unable to optimize static field ref 0x049c at 0x48 in Lcuq;.a
I/dalvikvm(32133): DexOpt: unable to optimize static field ref 0x049a at 0x4a in Lcuq;.a
I/dalvikvm(32133): DexOpt: unable to optimize static field ref 0x049b at 0x4d in Lcuq;.a
I/dalvikvm(32133): DexOpt: unable to optimize static field ref 0x049d at 0x57 in Lcuq;.a
I/dalvikvm(32133): DexOpt: unable to optimize static field ref 0x04a0 at 0x5f in Lcuq;.a
I/dalvikvm(32133): DexOpt: unable to optimize static field ref 0x049e at 0x61 in Lcuq;.a
I/dalvikvm(32133): DexOpt: unable to optimize static field ref 0x049f at 0x64 in Lcuq;.a
I/dalvikvm(32133): DexOpt: unable to optimize static field ref 0x049c at 0x7f in Lcuq;.a
I/dalvikvm(32133): DexOpt: unable to optimize static field ref 0x04a0 at 0x90 in Lcuq;.a
I/dalvikvm(32133): Could not find method android.content.Context.createDeviceProtectedStorageContext, referenced from method jvu.a
W/dalvikvm(32133): VFY: unable to resolve virtual method 2362: Landroid/content/Context;.createDeviceProtectedStorageContext ()Landroid/content/Context;
D/dalvikvm(32133): VFY: replacing opcode 0x6e at 0x0029
I/dalvikvm(32133): Could not find method android.content.Context.getSystemService, referenced from method jvu.b
W/dalvikvm(32133): VFY: unable to resolve virtual method 2387: Landroid/content/Context;.getSystemService (Ljava/lang/Class;)Ljava/lang/Object;
D/dalvikvm(32133): VFY: replacing opcode 0x6e at 0x000b
D/dalvikvm(32133): DexOpt: couldn't find static field Landroid/os/Build;.SUPPORTED_64_BIT_ABIS
W/dalvikvm(32133): VFY: unable to resolve static field 1157 (SUPPORTED_64_BIT_ABIS) in Landroid/os/Build;
D/dalvikvm(32133): VFY: replacing opcode 0x62 at 0x0012
D/dalvikvm(32133): DexOpt: couldn't find static field Landroid/os/Build;.SUPPORTED_32_BIT_ABIS
W/dalvikvm(32133): VFY: unable to resolve static field 1156 (SUPPORTED_32_BIT_ABIS) in Landroid/os/Build;
D/dalvikvm(32133): VFY: replacing opcode 0x62 at 0x0021
D/dalvikvm(32133): DexOpt: couldn't find static field Landroid/os/Build;.SUPPORTED_ABIS
W/dalvikvm(32133): VFY: unable to resolve static field 1158 (SUPPORTED_ABIS) in Landroid/os/Build;
D/dalvikvm(32133): VFY: replacing opcode 0x62 at 0x0008
D/dalvikvm(32133): DexOpt: couldn't find static field Landroid/os/Build;.SUPPORTED_64_BIT_ABIS
W/dalvikvm(32133): VFY: unable to resolve static field 1157 (SUPPORTED_64_BIT_ABIS) in Landroid/os/Build;
D/dalvikvm(32133): VFY: replacing opcode 0x62 at 0x0008
D/dalvikvm(32133): DexOpt: couldn't find static field Landroid/os/Build;.SUPPORTED_64_BIT_ABIS
I/dalvikvm(32133): DexOpt: unable to optimize static field ref 0x0485 at 0x17 in Lcwd;.a
D/dalvikvm(32133): DexOpt: couldn't find static field Landroid/os/Build;.SUPPORTED_32_BIT_ABIS
I/dalvikvm(32133): DexOpt: unable to optimize static field ref 0x0484 at 0x26 in Lcwd;.a
D/dalvikvm(32133): DexOpt: couldn't find static field Landroid/os/Build;.SUPPORTED_64_BIT_ABIS
I/dalvikvm(32133): DexOpt: unable to optimize static field ref 0x0485 at 0x0d in Lcwd;.b
D/DynamitePackage(32133): Instantiated singleton DynamitePackage.
D/DynamitePackage(32133): Instantiating com.google.android.gms.ads.ChimeraAdManagerCreatorImpl
I/dalvikvm(32133): Could not find method android.content.pm.PackageManager.getPackageInstaller, referenced from method jn.a
W/dalvikvm(32133): VFY: unable to resolve virtual method 2060: Landroid/content/pm/PackageManager;.getPackageInstaller ()Landroid/content/pm/PackageInstaller;
D/dalvikvm(32133): VFY: replacing opcode 0x6e at 0x0017
I/dalvikvm(32133): Could not find method android.security.NetworkSecurityPolicy.getInstance, referenced from method com.google.android.gms.ads.internal.util.h.b_
W/dalvikvm(32133): VFY: unable to resolve static method 2591: Landroid/security/NetworkSecurityPolicy;.getInstance ()Landroid/security/NetworkSecurityPolicy;
D/dalvikvm(32133): VFY: replacing opcode 0x71 at 0x0022
I/dalvikvm(32133): Could not find method android.content.pm.PackageManager.isInstantApp, referenced from method qp.a
W/dalvikvm(32133): VFY: unable to resolve virtual method 2065: Landroid/content/pm/PackageManager;.isInstantApp (Ljava/lang/String;)Z
D/dalvikvm(32133): VFY: replacing opcode 0x6e at 0x002d
I/dalvikvm(32133): Could not find method android.content.pm.PackageManager.isInstantApp, referenced from method qo.a
W/dalvikvm(32133): VFY: unable to resolve virtual method 2064: Landroid/content/pm/PackageManager;.isInstantApp ()Z
D/dalvikvm(32133): VFY: replacing opcode 0x6e at 0x0028
D/dalvikvm(32133): DexOpt: --- BEGIN '1510898742191.jar' (bootstrap=0) ---
I/Ads     (32133): Starting ad request.
I/Ads     (32133): Use AdRequest.Builder.addTestDevice("DADDEACD506FD4BD02989AD39CCF21B7") to get test ads on this device.
I/dalvikvm(32133): Could not find method android.webkit.WebSettings.setMixedContentMode, referenced from method com.google.android.gms.ads.internal.webview.m.<init>
W/dalvikvm(32133): VFY: unable to resolve virtual method 2893: Landroid/webkit/WebSettings;.setMixedContentMode (I)V
D/dalvikvm(32133): VFY: replacing opcode 0x6e at 0x0069
W/ViewRootImpl(32133): Dropping event due to no window focus: MotionEvent { action=ACTION_MOVE, id[0]=0, x[0]=-4.0, y[0]=-4.0, toolType[0]=TOOL_TYPE_UNKNOWN, buttonState=0, metaState=0, flags=0x0, edgeFlags=0x0, pointerCount=1, historySize=9, eventTime=1869188, downTime=-1, deviceId=0, source=0x10004 }
W/Ads     (32133): Invoke Firebase method getGmpAppId error.
W/Ads     (32133): Invoke Firebase method getGmpAppId error.
W/Ads     (32133): The Google Mobile Ads SDK will not integrate with Firebase. Admob/Firebase integration requires the latest Firebase SDK jar, but Firebase SDK is either missing or out of date
W/Verve   (32133): Chartbeat not configured, page reporting disabled
I/ActivityManager(  481): Displayed com.raycom.walb/.v2.NavigationActivity: +240ms
W/ViewRootImpl(32133): Dropping event due to no window focus: KeyEvent { action=ACTION_DOWN, keyCode=KEYCODE_MANNER_MODE, scanCode=0, metaState=0, flags=0x8, repeatCount=0, eventTime=1869190, downTime=1869190, deviceId=-1, source=0x101 }
D/dalvikvm(32273): DexOpt: load 0ms, verify+opt 5ms, 287892 bytes
D/dalvikvm(32133): DexOpt: --- END '1510898742191.jar' (success) ---
D/dalvikvm(32133): DEX prep '/data/data/com.raycom.walb/cache/1510898742191.jar': unzip in 1ms, rewrite 185ms
D/dalvikvm(32133): GC_CONCURRENT freed 2068K, 15% free 12468K/14596K, paused 1ms+2ms, total 14ms
D/dalvikvm(32133): WAIT_FOR_CONCURRENT_GC blocked 8ms
D/dalvikvm(32133): WAIT_FOR_CONCURRENT_GC blocked 5ms
D/dalvikvm(32133): WAIT_FOR_CONCURRENT_GC blocked 4ms
D/dalvikvm(32133): WAIT_FOR_CONCURRENT_GC blocked 7ms
W/Herrevad(  711): [2076] sjl.a: On wifi, but couldn't get security type
W/DebugConnManager(  711): getNetworkInfo() on networkType 0
D/dalvikvm(  711): GC_EXPLICIT freed 2080K, 48% free 10094K/19204K, paused 1ms+4ms, total 26ms
E/Herrevad(  711): [2300] RemoteReportsRefreshChimeraService.a: want to send authenticated request, but no Google account on device
I/qtaguid (  711): Tagging socket 143 with tag 3000130100000000(805311233) for uid -1 failed errno=-13
I/NetworkManagementSocketTagger(  711): tagSocketFd(143, 805311233, -1) failed with errno-13
W/Conscrypt(  711): Could not set socket write timeout: java.lang.reflect.InvocationTargetException
W/Conscrypt(  711): 	at java.lang.reflect.Method.invokeNative(Native Method)
W/Conscrypt(  711): 	at java.lang.reflect.Method.invoke(Method.java:515)
W/Conscrypt(  711): Caused by: libcore.io.ErrnoException: setsockopt failed: EBADF (Bad file number)
W/Conscrypt(  711): 	at libcore.io.Posix.setsockoptTimeval(Native Method)
W/Conscrypt(  711): 	at libcore.io.ForwardingOs.setsockoptTimeval(ForwardingOs.java:126)
I/qtaguid (  711): Tagging socket 146 with tag 3000010500000000(805306629) for uid -1 failed errno=-13
I/NetworkManagementSocketTagger(  711): tagSocketFd(146, 805306629, -1) failed with errno-13
W/Conscrypt(  711): Could not set socket write timeout: java.lang.reflect.InvocationTargetException
W/Conscrypt(  711): 	at java.lang.reflect.Method.invokeNative(Native Method)
W/Conscrypt(  711): 	at java.lang.reflect.Method.invoke(Method.java:515)
W/Conscrypt(  711): Caused by: libcore.io.ErrnoException: setsockopt failed: EBADF (Bad file number)
W/Conscrypt(  711): 	at libcore.io.Posix.setsockoptTimeval(Native Method)
W/Conscrypt(  711): 	at libcore.io.ForwardingOs.setsockoptTimeval(ForwardingOs.java:126)
I/qtaguid (  711): Tagging socket 153 with tag 3000130100000000(805311233) for uid -1 failed errno=-13
I/NetworkManagementSocketTagger(  711): tagSocketFd(153, 805311233, -1) failed with errno-13
I/qtaguid (  711): Untagging socket 153 failed errno=-13
W/NetworkManagementSocketTagger(  711): untagSocket(153) failed with errno -13
I/qtaguid (  711): Tagging socket 153 with tag 3000130100000000(805311233) for uid -1 failed errno=-13
I/NetworkManagementSocketTagger(  711): tagSocketFd(153, 805311233, -1) failed with errno-13
I/qtaguid (  711): Untagging socket 153 failed errno=-13
W/NetworkManagementSocketTagger(  711): untagSocket(153) failed with errno -13
I/qtaguid (  711): Tagging socket 153 with tag 3000130100000000(805311233) for uid -1 failed errno=-13
I/NetworkManagementSocketTagger(  711): tagSocketFd(153, 805311233, -1) failed with errno-13
I/qtaguid (  711): Untagging socket 153 failed errno=-13
W/NetworkManagementSocketTagger(  711): untagSocket(153) failed with errno -13
I/qtaguid (  711): Tagging socket 150 with tag 3000130100000000(805311233) for uid -1 failed errno=-13
I/NetworkManagementSocketTagger(  711): tagSocketFd(150, 805311233, -1) failed with errno-13
I/qtaguid (  711): Untagging socket 150 failed errno=-13
W/NetworkManagementSocketTagger(  711): untagSocket(150) failed with errno -13
I/qtaguid (  711): Tagging socket 150 with tag 3000130100000000(805311233) for uid -1 failed errno=-13
I/NetworkManagementSocketTagger(  711): tagSocketFd(150, 805311233, -1) failed with errno-13
I/qtaguid (  711): Untagging socket 150 failed errno=-13
W/NetworkManagementSocketTagger(  711): untagSocket(150) failed with errno -13
I/qtaguid (  711): Tagging socket 150 with tag 3000130100000000(805311233) for uid -1 failed errno=-13
I/NetworkManagementSocketTagger(  711): tagSocketFd(150, 805311233, -1) failed with errno-13
I/qtaguid (  711): Untagging socket 150 failed errno=-13
W/NetworkManagementSocketTagger(  711): untagSocket(150) failed with errno -13
I/qtaguid (  711): Tagging socket 150 with tag 3000010500000000(805306629) for uid -1 failed errno=-13
I/NetworkManagementSocketTagger(  711): tagSocketFd(150, 805306629, -1) failed with errno-13
I/qtaguid (  711): Untagging socket 150 failed errno=-13
W/NetworkManagementSocketTagger(  711): untagSocket(150) failed with errno -13
I/qtaguid (  711): Tagging socket 150 with tag 3000010500000000(805306629) for uid -1 failed errno=-13
I/NetworkManagementSocketTagger(  711): tagSocketFd(150, 805306629, -1) failed with errno-13
I/qtaguid (  711): Untagging socket 150 failed errno=-13
W/NetworkManagementSocketTagger(  711): untagSocket(150) failed with errno -13
I/qtaguid (  711): Tagging socket 150 with tag 3000010500000000(805306629) for uid -1 failed errno=-13
I/NetworkManagementSocketTagger(  711): tagSocketFd(150, 805306629, -1) failed with errno-13
I/qtaguid (  711): Untagging socket 150 failed errno=-13
W/NetworkManagementSocketTagger(  711): untagSocket(150) failed with errno -13
I/qtaguid (  711): Tagging socket 150 with tag 3000010500000000(805306629) for uid -1 failed errno=-13
I/NetworkManagementSocketTagger(  711): tagSocketFd(150, 805306629, -1) failed with errno-13
I/qtaguid (  711): Untagging socket 150 failed errno=-13
W/NetworkManagementSocketTagger(  711): untagSocket(150) failed with errno -13
I/qtaguid (  711): Tagging socket 150 with tag 3000010500000000(805306629) for uid -1 failed errno=-13
I/NetworkManagementSocketTagger(  711): tagSocketFd(150, 805306629, -1) failed with errno-13
I/qtaguid (  711): Untagging socket 150 failed errno=-13
W/NetworkManagementSocketTagger(  711): untagSocket(150) failed with errno -13
I/qtaguid (  711): Tagging socket 150 with tag 3000010500000000(805306629) for uid -1 failed errno=-13
I/NetworkManagementSocketTagger(  711): tagSocketFd(150, 805306629, -1) failed with errno-13
I/qtaguid (  711): Untagging socket 150 failed errno=-13
W/NetworkManagementSocketTagger(  711): untagSocket(150) failed with errno -13
D/DynamitePackage(32133): Instantiating com.google.android.gms.ads.ChimeraAdManagerCreatorImpl
I/Ads     (32133): Starting ad request.
I/Ads     (32133): Use AdRequest.Builder.addTestDevice("DADDEACD506FD4BD02989AD39CCF21B7") to get test ads on this device.
W/Ads     (32133): Not retrying to fetch app settings
I/qtaguid (  711): Untagging socket 143 failed errno=-13
W/NetworkManagementSocketTagger(  711): untagSocket(143) failed with errno -13
E/Volley  (  711): [66] BasicNetwork.performRequest: Unexpected response code 307 for https://android.googleapis.com/nova/herrevad/network_quality_info
W/Herrevad(  711): [2300] RemoteReportsRefreshChimeraService.a: java.util.concurrent.ExecutionException: com.android.volley.ServerError
W/Herrevad(  711): java.util.concurrent.ExecutionException: com.android.volley.ServerError
W/Herrevad(  711): 	at com.android.volley.toolbox.RequestFuture.a(com.google.android.gms@12221070@12.2.21 (070-188803320):4)
W/Herrevad(  711): 	at com.android.volley.toolbox.RequestFuture.get(com.google.android.gms@12221070@12.2.21 (070-188803320):2)
W/Herrevad(  711): 	at com.google.android.gms.herrevad.services.RemoteReportsRefreshChimeraService.a(com.google.android.gms@12221070@12.2.21 (070-188803320):25)
W/Herrevad(  711): 	at com.google.android.gms.herrevad.services.ImmediateRemoteReportsRefreshChimeraService.onHandleIntent(com.google.android.gms@12221070@12.2.21 (070-188803320))
W/Herrevad(  711): 	at csq.handleMessage(com.google.android.gms@12221070@12.2.21 (070-188803320))
W/Herrevad(  711): 	at android.os.Handler.dispatchMessage(Handler.java:102)
W/Herrevad(  711): 	at android.os.Looper.loop(Looper.java:136)
W/Herrevad(  711): 	at android.os.HandlerThread.run(HandlerThread.java:61)
W/Herrevad(  711): Caused by: com.android.volley.ServerError
W/Herrevad(  711): 	at com.android.volley.toolbox.BasicNetwork.performRequest(com.google.android.gms@12221070@12.2.21 (070-188803320):36)
W/Herrevad(  711): 	at kiq.performRequest(com.google.android.gms@12221070@12.2.21 (070-188803320):8)
W/Herrevad(  711): 	at com.android.volley.NetworkDispatcher.a(com.google.android.gms@12221070@12.2.21 (070-188803320):7)
W/Herrevad(  711): 	at com.android.volley.NetworkDispatcher.run(com.google.android.gms@12221070@12.2.21 (070-188803320):2)
W/Herrevad(  711): [1930] sjl.a: On wifi, but couldn't get security type
W/DebugConnManager(  711): getNetworkInfo() on networkType 0
E/Herrevad(  711): [2302] RemoteReportsRefreshChimeraService.a: want to send authenticated request, but no Google account on device
I/qtaguid (  711): Tagging socket 143 with tag 3000130100000000(805311233) for uid -1 failed errno=-13
I/NetworkManagementSocketTagger(  711): tagSocketFd(143, 805311233, -1) failed with errno-13
I/qtaguid (  711): Tagging socket 150 with tag 3000010500000000(805306629) for uid -1 failed errno=-13
I/NetworkManagementSocketTagger(  711): tagSocketFd(150, 805306629, -1) failed with errno-13
I/qtaguid (  711): Tagging socket 153 with tag 3000010500000000(805306629) for uid -1 failed errno=-13
I/NetworkManagementSocketTagger(  711): tagSocketFd(153, 805306629, -1) failed with errno-13
I/qtaguid (  711): Untagging socket 153 failed errno=-13
W/NetworkManagementSocketTagger(  711): untagSocket(153) failed with errno -13
I/qtaguid (  711): Tagging socket 153 with tag 3000010500000000(805306629) for uid -1 failed errno=-13
I/NetworkManagementSocketTagger(  711): tagSocketFd(153, 805306629, -1) failed with errno-13
I/qtaguid (  711): Untagging socket 153 failed errno=-13
W/NetworkManagementSocketTagger(  711): untagSocket(153) failed with errno -13
I/qtaguid (  711): Tagging socket 153 with tag 3000010500000000(805306629) for uid -1 failed errno=-13
