I/InputDispatcher(  478): Dropping event because there is no focused window or focused application.
I/InputDispatcher(  478): Dropping event because there is no focused window or focused application.
I/InputDispatcher(  478): Dropping event because there is no focused window or focused application.
W/InputManager(  478): Input event injection from pid 4732 failed.
W/InputManager(  478): Input event injection from pid 4732 failed.
W/InputManager(  478): Input event injection from pid 4732 failed.
W/InputManager(  478): Input event injection from pid 4732 failed.
W/InputManager(  478): Input event injection from pid 4732 failed.
W/InputManager(  478): Input event injection from pid 4732 failed.
W/InputManager(  478): Input event injection from pid 4732 failed.
W/InputManager(  478): Input event injection from pid 4732 failed.
W/InputManager(  478): Input event injection from pid 4732 failed.
W/InputManager(  478): Input event injection from pid 4732 failed.
W/InputManager(  478): Input event injection from pid 4732 failed.
W/InputManager(  478): Input event injection from pid 4732 failed.
W/InputManager(  478): Input event injection from pid 4732 failed.
W/InputManager(  478): Input event injection from pid 4732 failed.
W/InputManager(  478): Input event injection from pid 4732 failed.
W/InputManager(  478): Input event injection from pid 4732 failed.
W/InputManager(  478): Input event injection from pid 4732 failed.
W/InputManager(  478): Input event injection from pid 4732 failed.
W/InputManager(  478): Input event injection from pid 4732 failed.
W/InputManager(  478): Input event injection from pid 4732 failed.
W/InputManager(  478): Input event injection from pid 4732 failed.
W/InputManager(  478): Input event injection from pid 4732 failed.
W/InputManager(  478): Input event injection from pid 4732 failed.
W/InputManager(  478): Input event injection from pid 4732 failed.
I/InputDispatcher(  478): Dropping event because there is no focused window or focused application.
W/SurfaceFlinger(  166): couldn't log to binary event log: overflow.
I/InputDispatcher(  478): Dropping event because there is no focused window or focused application.
I/InputDispatcher(  478): Dropping event because there is no focused window or focused application.
I/InputDispatcher(  478): Dropping event because there is no focused window or focused application.
I/InputDispatcher(  478): Dropping event because there is no focused window or focused application.
I/InputDispatcher(  478): Dropping event because there is no focused window or focused application.
I/InputDispatcher(  478): Dropping event because there is no focused window or focused application.
I/InputDispatcher(  478): Dropping event because there is no focused window or focused application.
I/InputDispatcher(  478): Dropping event because there is no focused window or focused application.
I/InputDispatcher(  478): Dropping event because there is no focused window or focused application.
I/InputDispatcher(  478): Dropping event because there is no focused window or focused application.
I/InputDispatcher(  478): Dropping event because there is no focused window or focused application.
D/FirebaseApp(  653): Notifying background state change listeners.
W/InputManager(  478): Input event injection from pid 4732 failed.
W/InputManager(  478): Input event injection from pid 4732 failed.
W/InputManager(  478): Input event injection from pid 4732 failed.
W/InputManager(  478): Input event injection from pid 4732 failed.
W/InputManager(  478): Input event injection from pid 4732 failed.
W/InputManager(  478): Input event injection from pid 4732 failed.
W/InputManager(  478): Input event injection from pid 4732 failed.
W/InputManager(  478): Input event injection from pid 4732 failed.
W/InputManager(  478): Input event injection from pid 4732 failed.
W/InputManager(  478): Input event injection from pid 4732 failed.
W/InputManager(  478): Input event injection from pid 4732 failed.
W/InputManager(  478): Input event injection from pid 4732 failed.
W/InputManager(  478): Input event injection from pid 4732 failed.
W/InputManager(  478): Input event injection from pid 4732 failed.
I/InputDispatcher(  478): Dropping event because there is no focused window or focused application.
I/InputDispatcher(  478): Dropping event because there is no focused window or focused application.
I/InputDispatcher(  478): Dropping event because there is no focused window or focused application.
I/InputDispatcher(  478): Dropping event because there is no focused window or focused application.
I/InputDispatcher(  478): Dropping event because there is no focused window or focused application.
I/InputDispatcher(  478): Dropping event because there is no focused window or focused application.
I/InputDispatcher(  478): Dropping event because there is no focused window or focused application.
I/InputDispatcher(  478): Dropping event because there is no focused window or focused application.
I/InputDispatcher(  478): Dropping event because there is no focused window or focused application.
I/InputDispatcher(  478): Dropping event because there is no focused window or focused application.
I/InputDispatcher(  478): Dropping event because there is no focused window or focused application.
I/InputDispatcher(  478): Dropping event because there is no focused window or focused application.
W/InputManager(  478): Input event injection from pid 4732 failed.
W/InputManager(  478): Input event injection from pid 4732 failed.
W/InputManager(  478): Input event injection from pid 4732 failed.
W/InputManager(  478): Input event injection from pid 4732 failed.
W/InputManager(  478): Input event injection from pid 4732 failed.
W/InputManager(  478): Input event injection from pid 4732 failed.
W/InputManager(  478): Input event injection from pid 4732 failed.
W/InputManager(  478): Input event injection from pid 4732 failed.
W/InputManager(  478): Input event injection from pid 4732 failed.
W/InputManager(  478): Input event injection from pid 4732 failed.
W/InputManager(  478): Input event injection from pid 4732 failed.
W/InputManager(  478): Input event injection from pid 4732 failed.
I/InputDispatcher(  478): Dropping event because there is no focused window or focused application.
I/InputDispatcher(  478): Dropping event because there is no focused window or focused application.
I/InputDispatcher(  478): Dropping event because there is no focused window or focused application.
I/InputDispatcher(  478): Dropping event because there is no focused window or focused application.
I/InputDispatcher(  478): Dropping event because there is no focused window or focused application.
I/InputDispatcher(  478): Dropping event because there is no focused window or focused application.
W/InputManager(  478): Input event injection from pid 4732 failed.
W/InputManager(  478): Input event injection from pid 4732 failed.
W/InputManager(  478): Input event injection from pid 4732 failed.
W/InputManager(  478): Input event injection from pid 4732 failed.
W/InputManager(  478): Input event injection from pid 4732 failed.
W/InputManager(  478): Input event injection from pid 4732 failed.
W/InputManager(  478): Input event injection from pid 4732 failed.
W/InputManager(  478): Input event injection from pid 4732 failed.
W/InputManager(  478): Input event injection from pid 4732 failed.
W/InputManager(  478): Input event injection from pid 4732 failed.
W/InputManager(  478): Input event injection from pid 4732 failed.
W/InputManager(  478): Input event injection from pid 4732 failed.
W/InputManager(  478): Input event injection from pid 4732 failed.
W/InputManager(  478): Input event injection from pid 4732 failed.
W/InputManager(  478): Input event injection from pid 4732 failed.
W/EGL_emulation(  653): eglSurfaceAttrib not implemented 3093 12436
W/InputMethodManagerService(  478): Window already focused, ignoring focus gain of: com.android.internal.view.IInputMethodClient$Stub$Proxy@4a9ef9f0 attribute=null, token = android.os.BinderProxy@4a959a14
W/DebugConnManager(  653): getNetworkInfo() on networkType 1
I/ActivityManager(  478): START u0 {act=android.intent.action.VIEW dat=https://tracking.apptrackerlink.com/ws/action/click?offer_id=802024&bid_id=Vj4kNyL1wjSKDjLKWnAgFn0QlPy&imp_id=Y3jwz4N7qBS22LxmZL3osXJGKYo&p_id=b0cbfdf2-686b-42e0-99ac-b495323fb030 flg=0x10000000 cmp=com.android.browser/.BrowserActivity} from pid 653
D/dalvikvm(  653): GC_FOR_ALLOC freed 7941K, 15% free 52551K/61492K, paused 15ms, total 15ms
D/dalvikvm(  653): GC_CONCURRENT freed 298K, 15% free 52725K/61492K, paused 1ms+6ms, total 25ms
W/DebugConnManager(  653): getNetworkInfo() on networkType 1
I/ActivityManager(  478): START u0 {cmp=com.vphone.launcher/.game.GpLoadingActivity (has extras)} from pid 653
W/DebugConnManager(  653): getNetworkInfo() on networkType 1
I/ActivityManager(  478): START u0 {cmp=com.vphone.launcher/.game.GpLoadingActivity (has extras)} from pid 653
W/DebugConnManager(  653): getNetworkInfo() on networkType 1
I/ActivityManager(  478): START u0 {cmp=com.vphone.launcher/.game.GpLoadingActivity (has extras)} from pid 653
W/ContextImpl(  653): Calling a method in the system process without a qualified user: android.app.ContextImpl.bindService:1556 android.content.ContextWrapper.bindService:517 com.google.android.gms.common.stats.zzb.zza:-1 com.google.android.gms.common.stats.zzb.zza:-1 com.google.android.gms.ads.identifier.AdvertisingIdClient.zzh:-1 
W/DebugConnManager(  653): getNetworkInfo() on networkType 1
D/dalvikvm(  653): GC_FOR_ALLOC freed 6258K, 14% free 53409K/61492K, paused 8ms, total 9ms
I/dalvikvm-heap(  653): Grow heap (frag case) to 52.770MB for 518412-byte allocation
D/dalvikvm(  653): GC_FOR_ALLOC freed <1K, 14% free 53915K/62000K, paused 10ms, total 10ms
D/dalvikvm(  653): GC_FOR_ALLOC freed 649K, 15% free 53290K/62000K, paused 11ms, total 11ms
I/ActivityManager(  478): START u0 {act=android.intent.action.MAIN cat=[android.intent.category.LAUNCHER] flg=0x10200000 cmp=com.google.android.apps.magazines/com.google.apps.dots.android.app.activity.CurrentsStartActivity} from pid 4732
D/yeshen  (  653): launcher onpause
W/NetworkManagementSocketTagger(  478): setKernelCountSet(10037, 1) failed with errno -13
I/dalvikvm( 5439): ignoring registerObject request in thread=1
I/dalvikvm( 5439): ignoring registerObject request in thread=1
I/ActivityManager(  478): Start proc com.google.android.apps.magazines for activity com.google.android.apps.magazines/com.google.apps.dots.android.app.activity.CurrentsStartActivity: pid=5439 uid=10037 gids={50037, 3003, 1028, 1015, 1023}
I/MultiDex( 5439): VM with version 1.6.0 does not have multidex support
I/MultiDex( 5439): install
I/MultiDex( 5439): MultiDexExtractor.load(/data/app/com.google.android.apps.magazines-1.apk, false)
I/MultiDex( 5439): loading existing secondary dex files
I/MultiDex( 5439): load found 1 secondary dex files
I/MultiDex( 5439): install done
I/dalvikvm( 5439): Could not find method android.os.PowerManager.isInteractive, referenced from method com.google.apps.dots.android.newsstand.util.AndroidUtil.isDeviceInteractive
D/yeshen  (  653): launcher onstop
W/dalvikvm( 5439): VFY: unable to resolve virtual method 1536: Landroid/os/PowerManager;.isInteractive ()Z
D/dalvikvm( 5439): VFY: replacing opcode 0x6e at 0x000a
D/FirebaseApp(  653): Notifying background state change listeners.
D/Tinker.DefaultAppLike(  653): onTrimMemory level:20
W/DebugConnManager(  653): getNetworkInfo() on networkType 1
D/dalvikvm( 5439): JIT code cache reset in 0 ms (0 bytes 1/0)
D/dalvikvm( 5439): GC_CONCURRENT freed 282K, 11% free 2917K/3260K, paused 1ms+3ms, total 6ms
I/dalvikvm( 5439): Could not find method android.accounts.AccountManager.getPreviousName, referenced from method com.google.apps.dots.android.newsstand.auth.AccountManagerDelegate.getPreviousName
W/dalvikvm( 5439): VFY: unable to resolve virtual method 116: Landroid/accounts/AccountManager;.getPreviousName (Landroid/accounts/Account;)Ljava/lang/String;
D/dalvikvm( 5439): VFY: replacing opcode 0x6e at 0x0002
I/dalvikvm( 5439): Could not find method android.os.Environment.isExternalStorageEmulated, referenced from method com.google.apps.dots.android.newsstand.diskcache.StorageHelper.isExternalStorageEmulated
W/dalvikvm( 5439): VFY: unable to resolve static method 1409: Landroid/os/Environment;.isExternalStorageEmulated (Ljava/io/File;)Z
D/dalvikvm( 5439): VFY: replacing opcode 0x71 at 0x0009
I/dalvikvm( 5439): Could not find method android.content.pm.PackageManager.getPackageInstaller, referenced from method com.google.android.gms.common.GooglePlayServicesUtilLight.zzj
W/dalvikvm( 5439): VFY: unable to resolve virtual method 645: Landroid/content/pm/PackageManager;.getPackageInstaller ()Landroid/content/pm/PackageInstaller;
D/dalvikvm( 5439): VFY: replacing opcode 0x6e at 0x000a
I/GAv4    ( 5439): Google Analytics 8.4.87 is starting up. To enable debug logging on a device run:
I/GAv4    ( 5439):   adb shell setprop log.tag.GAv4 DEBUG
I/GAv4    ( 5439):   adb logcat -s GAv4
W/GAv4    ( 5439): AnalyticsReceiver is not registered or is disabled. Register the receiver for reliable dispatching on non-Google Play devices. See http://goo.gl/8Rd3yj for instructions.
D/dalvikvm( 5439): GC_CONCURRENT freed 324K, 11% free 3084K/3452K, paused 1ms+1ms, total 7ms
W/GAv4    ( 5439): AnalyticsService not registered in the app manifest. Hits might not be delivered reliably. See http://goo.gl/8Rd3yj for instructions.
I/dalvikvm( 5439): Could not find method android.os.PowerManager.isPowerSaveMode, referenced from method com.google.apps.dots.android.newsstand.net.NSConnectivityManager.isPowerSaveMode
W/dalvikvm( 5439): VFY: unable to resolve virtual method 1537: Landroid/os/PowerManager;.isPowerSaveMode ()Z
D/dalvikvm( 5439): VFY: replacing opcode 0x6e at 0x0010
D/dalvikvm( 5439): GC_CONCURRENT freed 320K, 11% free 3165K/3548K, paused 2ms+2ms, total 7ms
D/dalvikvm( 5439): GC_CONCURRENT freed 271K, 10% free 3299K/3632K, paused 2ms+1ms, total 5ms
W/dalvikvm( 5439): VFY: unable to find class referenced in signature (Lokhttp3/Request;)
W/dalvikvm( 5439): VFY: unable to find class referenced in signature (Lokhttp3/Response;)
I/dalvikvm( 5439): Could not find method okhttp3.Response.headers, referenced from method empirical.HelperClass.printOkHttpInfo
W/dalvikvm( 5439): VFY: unable to resolve virtual method 63731: Lokhttp3/Response;.headers ()Lokhttp3/Headers;
D/dalvikvm( 5439): VFY: replacing opcode 0x6e at 0x0006
W/dalvikvm( 5439): VFY: unable to find class referenced in signature (Lokhttp3/Call;)
W/dalvikvm( 5439): VFY: unable to find class referenced in signature (Lokhttp3/Response;)
I/dalvikvm( 5439): Could not find method okhttp3.Call.request, referenced from method empirical.HelperClass.printOkHttpInfoFromCall
W/dalvikvm( 5439): VFY: unable to resolve interface method 63725: Lokhttp3/Call;.request ()Lokhttp3/Request;
D/dalvikvm( 5439): VFY: replacing opcode 0x72 at 0x0006
I/System.out( 5439): body:<com.google.apps.dots.android.newsstand.NSDepend: com.google.apps.dots.android.newsstand.http.NSDefaultCookieManager getDefaultCookieManager()>	sig:$r2 = staticinvoke <java.net.CookieHandler: java.net.CookieHandler getDefault()>()	timediff:0
I/System.out( 5439): body:<com.google.apps.dots.android.newsstand.http.NSDefaultCookieManager: void <init>(java.net.CookieHandler)>	sig:specialinvoke $r0.<java.net.CookieHandler: void <init>()>()	timediff:0
I/System.out( 5439): body:<com.google.apps.dots.android.newsstand.NSDepend: com.google.apps.dots.android.newsstand.http.NSDefaultCookieManager getDefaultCookieManager()>	sig:staticinvoke <java.net.CookieHandler: void setDefault(java.net.CookieHandler)>($r1)	timediff:0
I/dalvikvm( 5439): Could not find method com.google.apps.dots.android.newsstand.bindingviewgroup.NSBindingLinearLayout.drawableHotspotChanged, referenced from method com.google.apps.dots.android.newsstand.card.viewgroup.CardLinearLayout.drawableHotspotChanged
W/dalvikvm( 5439): VFY: unable to resolve virtual method 46530: Lcom/google/apps/dots/android/newsstand/bindingviewgroup/NSBindingLinearLayout;.drawableHotspotChanged (FF)V
D/dalvikvm( 5439): VFY: replacing opcode 0x6f at 0x0000
D/dalvikvm( 5439): GC_CONCURRENT freed 287K, 10% free 3414K/3764K, paused 1ms+2ms, total 5ms
I/NSApplication( 5439): Starting up...
I/dalvikvm( 5439): Could not find method android.view.Window.setStatusBarColor, referenced from method com.google.apps.dots.android.newsstand.activity.StartActivity.prepareForReturnFromAuthActivity
W/dalvikvm( 5439): VFY: unable to resolve virtual method 12662: Landroid/view/Window;.setStatusBarColor (I)V
D/dalvikvm( 5439): VFY: replacing opcode 0x6e at 0x0010
D/dalvikvm( 5439): GC_FOR_ALLOC freed 84K, 8% free 3633K/3948K, paused 5ms, total 6ms
D/dalvikvm( 5439): GC_FOR_ALLOC freed <1K, 8% free 3718K/4032K, paused 3ms, total 3ms
I/dalvikvm-heap( 5439): Grow heap (frag case) to 8.424MB for 4968012-byte allocation
D/dalvikvm( 5439): GC_FOR_ALLOC freed <1K, 4% free 8569K/8884K, paused 2ms, total 2ms
D/dalvikvm( 5439): GC_CONCURRENT freed 0K, 4% free 8569K/8884K, paused 1ms+1ms, total 4ms
I/dalvikvm( 5439): Could not find method android.view.View.setTransitionName, referenced from method com.google.android.libraries.bind.data.BoundHelper.bindTransitionName
W/dalvikvm( 5439): VFY: unable to resolve virtual method 12437: Landroid/view/View;.setTransitionName (Ljava/lang/String;)V
D/dalvikvm( 5439): VFY: replacing opcode 0x6e at 0x000b
D/StartActivity( 5439): onStart - processingActivityResult: false
D/NSConnectivityManager( 5439): Network type changed to: 4
E/PlayCommon( 5439): [214] MetalogHelper.<init>: Failed to restore PlayMetalog
E/PlayCommon( 5439): [214] MetalogHelper.<init>: Failed to restore LogsUploadAttempt
I/PlayCommon( 5439): [216] PlayEventLogger.uploadEventsImpl: Preparing logs for uploading
I/PlayCommon( 5439): [216] PlayEventLogger.uploadEventsImpl: No file ready to send
D/dalvikvm(  716): GC_EXPLICIT freed 623K, 33% free 9877K/14616K, paused 1ms+2ms, total 19ms
D/libEGL  ( 5439): loaded /system/lib/egl/libEGL_adreno.so
D/        ( 5439): HostConnection::get() New Host Connection established 0xb8b34d60, tid 5439
D/libEGL  ( 5439): loaded /system/lib/egl/libGLESv1_CM_adreno.so
D/libEGL  ( 5439): loaded /system/lib/egl/libGLESv2_adreno.so
W/EGL_emulation( 5439): eglSurfaceAttrib not implemented 3093 12436
D/OpenGLRenderer( 5439): Enabling debug mode 0
W/ViewRootImpl( 5439): Dropping event due to no window focus: KeyEvent { action=ACTION_DOWN, keyCode=KEYCODE_DPAD_RIGHT, scanCode=0, metaState=0, flags=0x8, repeatCount=0, eventTime=223609, downTime=223609, deviceId=-1, source=0x101 }
W/ShareUrisUtil( 5439): Dropping deep link as it does not match Newsstand protocol patterns. 
D/StartActivity( 5439): StartActivity: Milestone reached: AuthStarted
I/dalvikvm( 5439): Could not find method android.app.ActivityOptions.makeSceneTransitionAnimation, referenced from method com.google.apps.dots.android.newsstand.navigation.NavigationIntentBuilder.getActivityOptions
W/dalvikvm( 5439): VFY: unable to resolve static method 273: Landroid/app/ActivityOptions;.makeSceneTransitionAnimation (Landroid/app/Activity;[Landroid/util/Pair;)Landroid/app/ActivityOptions;
D/dalvikvm( 5439): VFY: replacing opcode 0x71 at 0x0031
I/ActivityManager(  478): START u0 {cmp=com.google.android.apps.magazines/com.google.apps.dots.android.newsstand.onboard.AuthActivity (has extras)} from pid 5439
W/InputMethodManagerService(  478): Focus gain on non-focused client com.android.internal.view.IInputMethodClient$Stub$Proxy@4aa1f3a8 (uid=10037 pid=5439)
D/AndroidRuntime( 5439): Shutting down VM
W/dalvikvm( 5439): threadid=1: thread exiting with uncaught exception (group=0x94c61b20)
I/Process (  478): Sending signal. PID: 5439 SIG: 9
E/AndroidRuntime( 5439): FATAL EXCEPTION: main
E/AndroidRuntime( 5439): Process: com.google.android.apps.magazines, PID: 5439
E/AndroidRuntime( 5439): java.lang.SecurityException: GoogleCertificatesRslt: not whitelisted: pkg=com.google.android.apps.magazines, sha1=09ad9609e4dc4fbfd29aed05941f7191822b42ae, atk=false, ver=12221070.true
E/AndroidRuntime( 5439): 	at android.os.Parcel.readException(Parcel.java:1465)
E/AndroidRuntime( 5439): 	at android.os.Parcel.readException(Parcel.java:1419)
E/AndroidRuntime( 5439): 	at com.google.android.gms.common.internal.zzs$zza$zza.zza(dalvik_source_com.google.android.apps.magazines.apk)
E/AndroidRuntime( 5439): 	at com.google.android.gms.common.internal.zzj.zza(dalvik_source_com.google.android.apps.magazines.apk)
E/AndroidRuntime( 5439): 	at com.google.android.gms.common.api.internal.zzh$zzc.zzpH(dalvik_source_com.google.android.apps.magazines.apk)
E/AndroidRuntime( 5439): 	at com.google.android.gms.common.api.internal.zzh$zzf.run(dalvik_source_com.google.android.apps.magazines.apk)
E/AndroidRuntime( 5439): 	at java.util.concurrent.Executors$RunnableAdapter.call(Executors.java:422)
E/AndroidRuntime( 5439): 	at java.util.concurrent.FutureTask.run(FutureTask.java:237)
E/AndroidRuntime( 5439): 	at java.util.concurrent.ThreadPoolExecutor.runWorker(ThreadPoolExecutor.java:1112)
E/AndroidRuntime( 5439): 	at java.util.concurrent.ThreadPoolExecutor$Worker.run(ThreadPoolExecutor.java:587)
E/AndroidRuntime( 5439): 	at com.google.android.gms.internal.zzob.run(dalvik_source_com.google.android.apps.magazines.apk)
E/AndroidRuntime( 5439): 	at java.lang.Thread.run(Thread.java:841)
W/ActivityManager(  478): Force-killing crashed app com.google.android.apps.magazines at watcher's request
W/ContextImpl(  478): Calling a method in the system process without a qualified user: android.app.ContextImpl.sendBroadcast:1123 com.android.server.am.ActivityManagerService.handleApplicationCrashInner:9670 com.android.server.am.ActivityManagerService.handleApplicationCrash:9644 android.app.ActivityManagerNative.onTransact:1311 com.android.server.am.ActivityManagerService.onTransact:2071 
W/InputDispatcher(  478): channel '4a9fc7d8 com.google.android.apps.magazines/com.google.apps.dots.android.newsstand.onboard.AuthActivity (server)' ~ Consumer closed input channel or an error occurred.  events=0x9
E/InputDispatcher(  478): channel '4a9fc7d8 com.google.android.apps.magazines/com.google.apps.dots.android.newsstand.onboard.AuthActivity (server)' ~ Channel is unrecoverably broken and will be disposed!
I/WindowState(  478): WIN DEATH: Window{4abec534 u0 com.google.android.apps.magazines/com.google.apps.dots.android.app.activity.CurrentsStartActivity}
W/InputDispatcher(  478): Attempted to unregister already unregistered input channel '4a9fc7d8 com.google.android.apps.magazines/com.google.apps.dots.android.newsstand.onboard.AuthActivity (server)'
W/NetworkManagementSocketTagger(  478): setKernelCountSet(10037, 0) failed with errno -13
I/InputDispatcher(  478): Dropping event because there is no focused window or focused application.
I/InputDispatcher(  478): Dropping event because there is no focused window or focused application.
I/InputDispatcher(  478): Dropping event because there is no focused window or focused application.
I/InputDispatcher(  478): Dropping event because there is no focused window or focused application.
I/InputDispatcher(  478): Dropping event because there is no focused window or focused application.
D/FirebaseApp(  653): Notifying background state change listeners.
I/WindowState(  478): WIN DEATH: Window{4a9fc7d8 u0 com.google.android.apps.magazines/com.google.apps.dots.android.newsstand.onboard.AuthActivity}
I/ActivityManager(  478): Process com.google.android.apps.magazines (pid 5439) has died.
W/ActivityManager(  478): Force removing ActivityRecord{4ab3bf54 u0 com.google.android.apps.magazines/com.google.apps.dots.android.newsstand.onboard.AuthActivity t32}: app died, no saved state
W/ActivityManager(  478): Force removing ActivityRecord{4ab38e04 u0 com.google.android.apps.magazines/com.google.apps.dots.android.app.activity.CurrentsStartActivity t32}: app died, no saved state
W/InputManager(  478): Input event injection from pid 4732 failed.
W/InputManager(  478): Input event injection from pid 4732 failed.
W/InputManager(  478): Input event injection from pid 4732 failed.
W/InputManager(  478): Input event injection from pid 4732 failed.
W/InputManager(  478): Input event injection from pid 4732 failed.
I/InputDispatcher(  478): Dropping event because there is no focused window or focused application.
I/InputDispatcher(  478): Dropping event because there is no focused window or focused application.
I/InputDispatcher(  478): Dropping event because there is no focused window or focused application.
W/InputManager(  478): Input event injection from pid 4732 failed.
W/InputManager(  478): Input event injection from pid 4732 failed.
W/InputManager(  478): Input event injection from pid 4732 failed.
W/InputManager(  478): Input event injection from pid 4732 failed.
W/InputManager(  478): Input event injection from pid 4732 failed.
I/ActivityManager(  478): START u0 {act=android.intent.action.MAIN cat=[android.intent.category.LAUNCHER] flg=0x10200000 cmp=com.google.android.apps.magazines/com.google.apps.dots.android.app.activity.CurrentsStartActivity} from pid 4732
W/SurfaceFlinger(  166): couldn't log to binary event log: overflow.
D/dalvikvm(  478): GC_FOR_ALLOC freed 1980K, 31% free 13813K/19944K, paused 13ms, total 13ms
W/EGL_emulation(  653): eglSurfaceAttrib not implemented 3093 12436
D/yeshen  (  653): launcher onpause
I/ActivityManager(  478): Start proc com.google.android.apps.magazines for activity com.google.android.apps.magazines/com.google.apps.dots.android.app.activity.CurrentsStartActivity: pid=5483 uid=10037 gids={50037, 3003, 1028, 1015, 1023}
W/NetworkManagementSocketTagger(  478): setKernelCountSet(10037, 1) failed with errno -13
I/dalvikvm( 5483): ignoring registerObject request in thread=1
I/dalvikvm( 5483): ignoring registerObject request in thread=1
I/MultiDex( 5483): VM with version 1.6.0 does not have multidex support
I/MultiDex( 5483): install
I/MultiDex( 5483): MultiDexExtractor.load(/data/app/com.google.android.apps.magazines-1.apk, false)
I/MultiDex( 5483): loading existing secondary dex files
I/MultiDex( 5483): load found 1 secondary dex files
I/MultiDex( 5483): install done
I/dalvikvm( 5483): Could not find method android.os.PowerManager.isInteractive, referenced from method com.google.apps.dots.android.newsstand.util.AndroidUtil.isDeviceInteractive
W/dalvikvm( 5483): VFY: unable to resolve virtual method 1536: Landroid/os/PowerManager;.isInteractive ()Z
D/dalvikvm( 5483): VFY: replacing opcode 0x6e at 0x000a
D/dalvikvm( 5483): JIT code cache reset in 0 ms (0 bytes 1/0)
D/dalvikvm( 5483): GC_CONCURRENT freed 276K, 11% free 2915K/3252K, paused 1ms+3ms, total 6ms
I/dalvikvm( 5483): Could not find method android.accounts.AccountManager.getPreviousName, referenced from method com.google.apps.dots.android.newsstand.auth.AccountManagerDelegate.getPreviousName
W/dalvikvm( 5483): VFY: unable to resolve virtual method 116: Landroid/accounts/AccountManager;.getPreviousName (Landroid/accounts/Account;)Ljava/lang/String;
D/dalvikvm( 5483): VFY: replacing opcode 0x6e at 0x0002
I/dalvikvm( 5483): Could not find method android.os.Environment.isExternalStorageEmulated, referenced from method com.google.apps.dots.android.newsstand.diskcache.StorageHelper.isExternalStorageEmulated
W/dalvikvm( 5483): VFY: unable to resolve static method 1409: Landroid/os/Environment;.isExternalStorageEmulated (Ljava/io/File;)Z
D/dalvikvm( 5483): VFY: replacing opcode 0x71 at 0x0009
I/dalvikvm( 5483): Could not find method android.content.pm.PackageManager.getPackageInstaller, referenced from method com.google.android.gms.common.GooglePlayServicesUtilLight.zzj
W/dalvikvm( 5483): VFY: unable to resolve virtual method 645: Landroid/content/pm/PackageManager;.getPackageInstaller ()Landroid/content/pm/PackageInstaller;
D/dalvikvm( 5483): VFY: replacing opcode 0x6e at 0x000a
I/GAv4    ( 5483): Google Analytics 8.4.87 is starting up. To enable debug logging on a device run:
I/GAv4    ( 5483):   adb shell setprop log.tag.GAv4 DEBUG
I/GAv4    ( 5483):   adb logcat -s GAv4
D/yeshen  (  653): launcher onstop
D/FirebaseApp(  653): Notifying background state change listeners.
D/Tinker.DefaultAppLike(  653): onTrimMemory level:20
W/DebugConnManager(  653): getNetworkInfo() on networkType 1
W/GAv4    ( 5483): AnalyticsReceiver is not registered or is disabled. Register the receiver for reliable dispatching on non-Google Play devices. See http://goo.gl/8Rd3yj for instructions.
D/dalvikvm( 5483): GC_CONCURRENT freed 284K, 11% free 3022K/3364K, paused 0ms+0ms, total 3ms
W/GAv4    ( 5483): AnalyticsService not registered in the app manifest. Hits might not be delivered reliably. See http://goo.gl/8Rd3yj for instructions.
D/dalvikvm( 5483): GC_CONCURRENT freed 283K, 10% free 3126K/3472K, paused 1ms+0ms, total 3ms
I/dalvikvm( 5483): Could not find method android.os.PowerManager.isPowerSaveMode, referenced from method com.google.apps.dots.android.newsstand.net.NSConnectivityManager.isPowerSaveMode
W/dalvikvm( 5483): VFY: unable to resolve virtual method 1537: Landroid/os/PowerManager;.isPowerSaveMode ()Z
D/dalvikvm( 5483): VFY: replacing opcode 0x6e at 0x0010
D/dalvikvm( 5483): GC_CONCURRENT freed 261K, 10% free 3252K/3576K, paused 2ms+1ms, total 4ms
W/dalvikvm( 5483): VFY: unable to find class referenced in signature (Lokhttp3/Request;)
W/dalvikvm( 5483): VFY: unable to find class referenced in signature (Lokhttp3/Response;)
I/dalvikvm( 5483): Could not find method okhttp3.Response.headers, referenced from method empirical.HelperClass.printOkHttpInfo
W/dalvikvm( 5483): VFY: unable to resolve virtual method 63731: Lokhttp3/Response;.headers ()Lokhttp3/Headers;
D/dalvikvm( 5483): VFY: replacing opcode 0x6e at 0x0006
W/dalvikvm( 5483): VFY: unable to find class referenced in signature (Lokhttp3/Call;)
W/dalvikvm( 5483): VFY: unable to find class referenced in signature (Lokhttp3/Response;)
I/dalvikvm( 5483): Could not find method okhttp3.Call.request, referenced from method empirical.HelperClass.printOkHttpInfoFromCall
W/dalvikvm( 5483): VFY: unable to resolve interface method 63725: Lokhttp3/Call;.request ()Lokhttp3/Request;
D/dalvikvm( 5483): VFY: replacing opcode 0x72 at 0x0006
I/System.out( 5483): body:<com.google.apps.dots.android.newsstand.NSDepend: com.google.apps.dots.android.newsstand.http.NSDefaultCookieManager getDefaultCookieManager()>	sig:$r2 = staticinvoke <java.net.CookieHandler: java.net.CookieHandler getDefault()>()	timediff:0
I/System.out( 5483): body:<com.google.apps.dots.android.newsstand.http.NSDefaultCookieManager: void <init>(java.net.CookieHandler)>	sig:specialinvoke $r0.<java.net.CookieHandler: void <init>()>()	timediff:0
I/System.out( 5483): body:<com.google.apps.dots.android.newsstand.NSDepend: com.google.apps.dots.android.newsstand.http.NSDefaultCookieManager getDefaultCookieManager()>	sig:staticinvoke <java.net.CookieHandler: void setDefault(java.net.CookieHandler)>($r1)	timediff:0
D/dalvikvm( 5483): GC_CONCURRENT freed 300K, 10% free 3365K/3728K, paused 1ms+1ms, total 4ms
I/dalvikvm( 5483): Could not find method com.google.apps.dots.android.newsstand.bindingviewgroup.NSBindingLinearLayout.drawableHotspotChanged, referenced from method com.google.apps.dots.android.newsstand.card.viewgroup.CardLinearLayout.drawableHotspotChanged
W/dalvikvm( 5483): VFY: unable to resolve virtual method 46530: Lcom/google/apps/dots/android/newsstand/bindingviewgroup/NSBindingLinearLayout;.drawableHotspotChanged (FF)V
D/dalvikvm( 5483): VFY: replacing opcode 0x6f at 0x0000
I/NSApplication( 5483): Starting up...
I/dalvikvm( 5483): Could not find method android.view.Window.setStatusBarColor, referenced from method com.google.apps.dots.android.newsstand.activity.StartActivity.prepareForReturnFromAuthActivity
W/dalvikvm( 5483): VFY: unable to resolve virtual method 12662: Landroid/view/Window;.setStatusBarColor (I)V
D/dalvikvm( 5483): VFY: replacing opcode 0x6e at 0x0010
D/dalvikvm( 5483): GC_CONCURRENT freed 166K, 8% free 3633K/3912K, paused 0ms+0ms, total 3ms
D/dalvikvm( 5483): WAIT_FOR_CONCURRENT_GC blocked 1ms
D/dalvikvm( 5483): GC_FOR_ALLOC freed <1K, 7% free 3717K/3996K, paused 3ms, total 3ms
I/dalvikvm-heap( 5483): Grow heap (frag case) to 8.424MB for 4968012-byte allocation
D/dalvikvm( 5483): GC_FOR_ALLOC freed <1K, 4% free 8569K/8848K, paused 2ms, total 2ms
D/dalvikvm( 5483): GC_CONCURRENT freed <1K, 4% free 8569K/8848K, paused 1ms+1ms, total 3ms
I/dalvikvm( 5483): Could not find method android.view.View.setTransitionName, referenced from method com.google.android.libraries.bind.data.BoundHelper.bindTransitionName
W/dalvikvm( 5483): VFY: unable to resolve virtual method 12437: Landroid/view/View;.setTransitionName (Ljava/lang/String;)V
D/dalvikvm( 5483): VFY: replacing opcode 0x6e at 0x000b
D/StartActivity( 5483): onStart - processingActivityResult: false
D/NSConnectivityManager( 5483): Network type changed to: 4
E/PlayCommon( 5483): [217] MetalogHelper.<init>: Failed to restore PlayMetalog
E/PlayCommon( 5483): [217] MetalogHelper.<init>: Failed to restore LogsUploadAttempt
I/PlayCommon( 5483): [220] PlayEventLogger.uploadEventsImpl: Preparing logs for uploading
I/PlayCommon( 5483): [220] PlayEventLogger.uploadEventsImpl: No file ready to send
D/libEGL  ( 5483): loaded /system/lib/egl/libEGL_adreno.so
D/        ( 5483): HostConnection::get() New Host Connection established 0xb8b353b0, tid 5483
D/libEGL  ( 5483): loaded /system/lib/egl/libGLESv1_CM_adreno.so
D/libEGL  ( 5483): loaded /system/lib/egl/libGLESv2_adreno.so
W/EGL_emulation( 5483): eglSurfaceAttrib not implemented 3093 12436
D/OpenGLRenderer( 5483): Enabling debug mode 0
W/ShareUrisUtil( 5483): Dropping deep link as it does not match Newsstand protocol patterns. 
D/StartActivity( 5483): StartActivity: Milestone reached: AuthStarted
I/dalvikvm( 5483): Could not find method android.app.ActivityOptions.makeSceneTransitionAnimation, referenced from method com.google.apps.dots.android.newsstand.navigation.NavigationIntentBuilder.getActivityOptions
W/dalvikvm( 5483): VFY: unable to resolve static method 273: Landroid/app/ActivityOptions;.makeSceneTransitionAnimation (Landroid/app/Activity;[Landroid/util/Pair;)Landroid/app/ActivityOptions;
D/dalvikvm( 5483): VFY: replacing opcode 0x71 at 0x0031
W/ViewRootImpl( 5483): Dropping event due to no window focus: KeyEvent { action=ACTION_DOWN, keyCode=KEYCODE_DPAD_DOWN, scanCode=0, metaState=0, flags=0x8, repeatCount=0, eventTime=224213, downTime=224213, deviceId=-1, source=0x101 }
I/ActivityManager(  478): START u0 {cmp=com.google.android.apps.magazines/com.google.apps.dots.android.newsstand.onboard.AuthActivity (has extras)} from pid 5483
W/ViewRootImpl( 5483): Dropping event due to no window focus: KeyEvent { action=ACTION_DOWN, keyCode=KEYCODE_DPAD_DOWN, scanCode=0, metaState=0, flags=0x8, repeatCount=0, eventTime=224624, downTime=224624, deviceId=-1, source=0x101 }
W/InputMethodManagerService(  478): Focus gain on non-focused client com.android.internal.view.IInputMethodClient$Stub$Proxy@4a8e1d10 (uid=10037 pid=5483)
D/AndroidRuntime( 5483): Shutting down VM
W/dalvikvm( 5483): threadid=1: thread exiting with uncaught exception (group=0x94c61b20)
I/Process (  478): Sending signal. PID: 5483 SIG: 9
E/AndroidRuntime( 5483): FATAL EXCEPTION: main
E/AndroidRuntime( 5483): Process: com.google.android.apps.magazines, PID: 5483
E/AndroidRuntime( 5483): java.lang.SecurityException: GoogleCertificatesRslt: not whitelisted: pkg=com.google.android.apps.magazines, sha1=09ad9609e4dc4fbfd29aed05941f7191822b42ae, atk=false, ver=12221070.true
E/AndroidRuntime( 5483): 	at android.os.Parcel.readException(Parcel.java:1465)
E/AndroidRuntime( 5483): 	at android.os.Parcel.readException(Parcel.java:1419)
E/AndroidRuntime( 5483): 	at com.google.android.gms.common.internal.zzs$zza$zza.zza(dalvik_source_com.google.android.apps.magazines.apk)
E/AndroidRuntime( 5483): 	at com.google.android.gms.common.internal.zzj.zza(dalvik_source_com.google.android.apps.magazines.apk)
E/AndroidRuntime( 5483): 	at com.google.android.gms.common.api.internal.zzh$zzc.zzpH(dalvik_source_com.google.android.apps.magazines.apk)
E/AndroidRuntime( 5483): 	at com.google.android.gms.common.api.internal.zzh$zzf.run(dalvik_source_com.google.android.apps.magazines.apk)
E/AndroidRuntime( 5483): 	at java.util.concurrent.Executors$RunnableAdapter.call(Executors.java:422)
E/AndroidRuntime( 5483): 	at java.util.concurrent.FutureTask.run(FutureTask.java:237)
E/AndroidRuntime( 5483): 	at java.util.concurrent.ThreadPoolExecutor.runWorker(ThreadPoolExecutor.java:1112)
E/AndroidRuntime( 5483): 	at java.util.concurrent.ThreadPoolExecutor$Worker.run(ThreadPoolExecutor.java:587)
E/AndroidRuntime( 5483): 	at com.google.android.gms.internal.zzob.run(dalvik_source_com.google.android.apps.magazines.apk)
E/AndroidRuntime( 5483): 	at java.lang.Thread.run(Thread.java:841)
W/ActivityManager(  478): Force-killing crashed app com.google.android.apps.magazines at watcher's request
W/ContextImpl(  478): Calling a method in the system process without a qualified user: android.app.ContextImpl.sendBroadcast:1123 com.android.server.am.ActivityManagerService.handleApplicationCrashInner:9670 com.android.server.am.ActivityManagerService.handleApplicationCrash:9644 android.app.ActivityManagerNative.onTransact:1311 com.android.server.am.ActivityManagerService.onTransact:2071 
W/NetworkManagementSocketTagger(  478): setKernelCountSet(10037, 0) failed with errno -13
I/InputDispatcher(  478): Dropping event because there is no focused window or focused application.
W/InputDispatcher(  478): channel '4a981b60 com.google.android.apps.magazines/com.google.apps.dots.android.newsstand.onboard.AuthActivity (server)' ~ Consumer closed input channel or an error occurred.  events=0x9
E/InputDispatcher(  478): channel '4a981b60 com.google.android.apps.magazines/com.google.apps.dots.android.newsstand.onboard.AuthActivity (server)' ~ Channel is unrecoverably broken and will be disposed!
W/InputDispatcher(  478): Attempted to unregister already unregistered input channel '4a981b60 com.google.android.apps.magazines/com.google.apps.dots.android.newsstand.onboard.AuthActivity (server)'
I/InputDispatcher(  478): Dropping event because there is no focused window or focused application.
I/ActivityManager(  478): Process com.google.android.apps.magazines (pid 5483) has died.
I/WindowState(  478): WIN DEATH: Window{4a949a24 u0 com.google.android.apps.magazines/com.google.apps.dots.android.app.activity.CurrentsStartActivity}
W/ActivityManager(  478): Force removing ActivityRecord{4a86f6d4 u0 com.google.android.apps.magazines/com.google.apps.dots.android.newsstand.onboard.AuthActivity t33}: app died, no saved state
W/ActivityManager(  478): Force removing ActivityRecord{4ac4917c u0 com.google.android.apps.magazines/com.google.apps.dots.android.app.activity.CurrentsStartActivity t33}: app died, no saved state
W/InputManager(  478): Input event injection from pid 4732 failed.
W/InputManager(  478): Input event injection from pid 4732 failed.
I/WindowState(  478): WIN DEATH: Window{4a981b60 u0 com.google.android.apps.magazines/com.google.apps.dots.android.newsstand.onboard.AuthActivity}
W/InputManager(  478): Input event injection from pid 4732 failed.
D/FirebaseApp(  653): Notifying background state change listeners.
I/InputDispatcher(  478): Dropping event because there is no focused window or focused application.
I/InputDispatcher(  478): Dropping event because there is no focused window or focused application.
I/InputDispatcher(  478): Dropping event because there is no focused window or focused application.
I/InputDispatcher(  478): Dropping event because there is no focused window or focused application.
I/InputDispatcher(  478): Dropping event because there is no focused window or focused application.
I/InputDispatcher(  478): Dropping event because there is no focused window or focused application.
I/InputDispatcher(  478): Dropping event because there is no focused window or focused application.
I/InputDispatcher(  478): Dropping event because there is no focused window or focused application.
I/InputDispatcher(  478): Dropping event because there is no focused window or focused application.
I/InputDispatcher(  478): Dropping event because there is no focused window or focused application.
I/InputDispatcher(  478): Dropping event because there is no focused window or focused application.
I/InputDispatcher(  478): Dropping event because there is no focused window or focused application.
I/InputDispatcher(  478): Dropping event because there is no focused window or focused application.
I/InputDispatcher(  478): Dropping event because there is no focused window or focused application.
I/InputDispatcher(  478): Dropping event because there is no focused window or focused application.
I/InputDispatcher(  478): Dropping event because there is no focused window or focused application.
I/InputDispatcher(  478): Dropping event because there is no focused window or focused application.
I/InputDispatcher(  478): Dropping event because there is no focused window or focused application.
W/InputManager(  478): Input event injection from pid 4732 failed.
W/InputManager(  478): Input event injection from pid 4732 failed.
W/InputManager(  478): Input event injection from pid 4732 failed.
W/InputManager(  478): Input event injection from pid 4732 failed.
W/InputManager(  478): Input event injection from pid 4732 failed.
W/InputManager(  478): Input event injection from pid 4732 failed.
W/InputManager(  478): Input event injection from pid 4732 failed.
W/InputManager(  478): Input event injection from pid 4732 failed.
W/InputManager(  478): Input event injection from pid 4732 failed.
W/InputManager(  478): Input event injection from pid 4732 failed.
W/InputManager(  478): Input event injection from pid 4732 failed.
W/InputManager(  478): Input event injection from pid 4732 failed.
W/InputManager(  478): Input event injection from pid 4732 failed.
W/InputManager(  478): Input event injection from pid 4732 failed.
W/InputManager(  478): Input event injection from pid 4732 failed.
W/InputManager(  478): Input event injection from pid 4732 failed.
W/InputManager(  478): Input event injection from pid 4732 failed.
W/InputManager(  478): Input event injection from pid 4732 failed.
W/InputManager(  478): Input event injection from pid 4732 failed.
W/InputManager(  478): Input event injection from pid 4732 failed.
W/InputManager(  478): Input event injection from pid 4732 failed.
I/InputDispatcher(  478): Dropping event because there is no focused window or focused application.
I/InputDispatcher(  478): Dropping event because there is no focused window or focused application.
I/InputDispatcher(  478): Dropping event because there is no focused window or focused application.
I/InputDispatcher(  478): Dropping event because there is no focused window or focused application.
I/InputDispatcher(  478): Dropping event because there is no focused window or focused application.
I/InputDispatcher(  478): Dropping event because there is no focused window or focused application.
I/InputDispatcher(  478): Dropping event because there is no focused window or focused application.
I/InputDispatcher(  478): Dropping event because there is no focused window or focused application.
I/InputDispatcher(  478): Dropping event because there is no focused window or focused application.
I/InputDispatcher(  478): Dropping event because there is no focused window or focused application.
I/InputDispatcher(  478): Dropping event because there is no focused window or focused application.
I/InputDispatcher(  478): Dropping event because there is no focused window or focused application.
I/InputDispatcher(  478): Dropping event because there is no focused window or focused application.
I/InputDispatcher(  478): Dropping event because there is no focused window or focused application.
I/InputDispatcher(  478): Dropping event because there is no focused window or focused application.
W/InputManager(  478): Input event injection from pid 4732 failed.
W/InputManager(  478): Input event injection from pid 4732 failed.
W/InputManager(  478): Input event injection from pid 4732 failed.
W/InputManager(  478): Input event injection from pid 4732 failed.
W/InputManager(  478): Input event injection from pid 4732 failed.
W/InputManager(  478): Input event injection from pid 4732 failed.
W/InputManager(  478): Input event injection from pid 4732 failed.
W/InputManager(  478): Input event injection from pid 4732 failed.
W/InputManager(  478): Input event injection from pid 4732 failed.
W/InputManager(  478): Input event injection from pid 4732 failed.
W/InputManager(  478): Input event injection from pid 4732 failed.
W/InputManager(  478): Input event injection from pid 4732 failed.
W/InputManager(  478): Input event injection from pid 4732 failed.
W/InputManager(  478): Input event injection from pid 4732 failed.
W/InputManager(  478): Input event injection from pid 4732 failed.
W/InputManager(  478): Input event injection from pid 4732 failed.
W/SurfaceFlinger(  166): couldn't log to binary event log: overflow.
W/InputManager(  478): Input event injection from pid 4732 failed.
W/InputManager(  478): Input event injection from pid 4732 failed.
W/InputManager(  478): Input event injection from pid 4732 failed.
W/InputManager(  478): Input event injection from pid 4732 failed.
W/InputManager(  478): Input event injection from pid 4732 failed.
W/InputManager(  478): Input event injection from pid 4732 failed.
W/InputManager(  478): Input event injection from pid 4732 failed.
W/InputManager(  478): Input event injection from pid 4732 failed.
W/EGL_emulation(  653): eglSurfaceAttrib not implemented 3093 12436
W/ViewRootImpl(  653): Dropping event due to no window focus: KeyEvent { action=ACTION_DOWN, keyCode=KEYCODE_DPAD_UP, scanCode=0, metaState=0, flags=0x8, repeatCount=0, eventTime=224787, downTime=224787, deviceId=-1, source=0x101 }
W/ViewRootImpl(  653): Dropping event due to no window focus: KeyEvent { action=ACTION_DOWN, keyCode=KEYCODE_DPAD_CENTER, scanCode=0, metaState=0, flags=0x8, repeatCount=0, eventTime=224800, downTime=224800, deviceId=-1, source=0x101 }
W/InputMethodManagerService(  478): Window already focused, ignoring focus gain of: com.android.internal.view.IInputMethodClient$Stub$Proxy@4a8e4644 attribute=null, token = android.os.BinderProxy@4a959a14
W/Launcher(  653): No global search activity found.
W/DebugConnManager(  653): getNetworkInfo() on networkType 1
I/ActivityManager(  478): START u0 {cmp=com.vphone.launcher/.game.GpLoadingActivity (has extras)} from pid 653
W/DebugConnManager(  653): getNetworkInfo() on networkType 1
I/ActivityManager(  478): START u0 {cmp=com.vphone.launcher/.game.GpLoadingActivity (has extras)} from pid 653
W/DebugConnManager(  653): getNetworkInfo() on networkType 1
I/ActivityManager(  478): START u0 {cmp=com.vphone.launcher/.game.GpLoadingActivity (has extras)} from pid 653
W/DebugConnManager(  653): getNetworkInfo() on networkType 1
I/ActivityManager(  478): START u0 {cmp=com.vphone.launcher/.game.GpLoadingActivity (has extras)} from pid 653
W/DebugConnManager(  653): getNetworkInfo() on networkType 1
W/DebugConnManager(  653): getNetworkInfo() on networkType 1
I/ActivityManager(  478): START u0 {cmp=com.vphone.launcher/.game.GpLoadingActivity (has extras)} from pid 653
I/ActivityManager(  478): START u0 {cmp=com.vphone.launcher/.game.GpLoadingActivity (has extras)} from pid 653
W/PropertyValuesHolder(  653): Method setBrightness() with type int not found on target class class ph
W/PropertyValuesHolder(  653): Method getBrightness() with type int not found on target class class ph
I/ActivityManager(  478): START u0 {act=android.intent.action.MAIN cat=[android.intent.category.LAUNCHER] flg=0x10200000 cmp=com.android.browser/.BrowserActivity bnds=[130,174][334,301] (has extras)} from pid 653
W/ContextImpl(  653): Calling a method in the system process without a qualified user: android.app.ContextImpl.sendBroadcast:1137 android.content.ContextWrapper.sendBroadcast:370 com.vphone.launcher.Stats.recordLaunch:129 com.vphone.launcher.Launcher.c:3192 com.vphone.launcher.Launcher.onClickAppShortcut:3144 
W/DebugConnManager(  653): getNetworkInfo() on networkType 1
I/ActivityManager(  478): START u0 {flg=0x10000000 cmp=com.vphone.launcher/.game.SearchActivity} from pid 653
I/ActivityManager(  478): START u0 {act=android.intent.action.MAIN cat=[android.intent.category.LAUNCHER] flg=0x10200000 cmp=com.android.contacts/.activities.PeopleActivity bnds=[538,174][742,301] (has extras)} from pid 653
W/ContextImpl(  653): Calling a method in the system process without a qualified user: android.app.ContextImpl.sendBroadcast:1137 android.content.ContextWrapper.sendBroadcast:370 com.vphone.launcher.Stats.recordLaunch:129 com.vphone.launcher.Launcher.c:3192 com.vphone.launcher.Launcher.onClickAppShortcut:3144 
W/DebugConnManager(  653): getNetworkInfo() on networkType 1
I/ActivityManager(  478): START u0 {cmp=com.vphone.launcher/.game.GpLoadingActivity (has extras)} from pid 653
