--------- beginning of /dev/log/main
I/WearableService(  628): Wearable Services stopping
I/Icing   (  716): Indexing F4FAA6262FE39DDD50BAE6B7AF5CDB8D73BA0DB0 from com.google.android.gms
I/Icing   (  716): Indexing done F4FAA6262FE39DDD50BAE6B7AF5CDB8D73BA0DB0
D/AndroidRuntime(13019): 
D/AndroidRuntime(13019): >>>>>> AndroidRuntime START com.android.internal.os.RuntimeInit <<<<<<
D/AndroidRuntime(13019): CheckJNI is OFF
D/dalvikvm(13019): Using executionMode 2
D/dalvikvm(13019): Trying to load lib libjavacore.so 0x0
D/dalvikvm(13019): Added shared lib libjavacore.so 0x0
D/dalvikvm(13019): Trying to load lib libnativehelper.so 0x0
D/dalvikvm(13019): Added shared lib libnativehelper.so 0x0
D/dalvikvm(13019): No JNI_OnLoad found in libnativehelper.so 0x0, skipping init
D/dalvikvm(13019): Note: class Landroid/app/ActivityManagerNative; has 179 unimplemented (abstract) methods
E/memtrack(13019): Couldn't load memtrack module (No such file or directory)
E/android.os.Debug(13019): failed to load memtrack module: -2
D/AndroidRuntime(13019): Calling main entry com.android.commands.monkey.Monkey
--------- beginning of /dev/log/system
W/BroadcastQueue(  478): Skipping deliver [background] BroadcastRecord{4afb620c u-1 android.net.conn.CONNECTIVITY_CHANGE} to ReceiverList{4afa4dac 13019 (unknown name)/0/u-1 remote:4ac52db8}: process crashing
I/ActivityManager(  478): START u0 {act=android.intent.action.MAIN cat=[android.intent.category.LAUNCHER] flg=0x10200000 cmp=samsungupdate.com/.SplashActivity} from pid 13019
D/yeshen  (  653): launcher onpause
I/ActivityManager(  478): Start proc samsungupdate.com for activity samsungupdate.com/.SplashActivity: pid=13029 uid=10046 gids={50046, 3003, 1028, 1015, 1023, 3002, 3001}
W/NetworkManagementSocketTagger(  478): setKernelCountSet(10046, 1) failed with errno -13
D/yeshen  (  653): launcher onstop
W/DebugConnManager(  653): getNetworkInfo() on networkType 1
I/dalvikvm(13029): ignoring registerObject request in thread=1
I/dalvikvm(13029): ignoring registerObject request in thread=1
D/FirebaseApp(  653): Notifying background state change listeners.
D/Tinker.DefaultAppLike(  653): onTrimMemory level:20
I/dalvikvm(13029): Could not find method android.content.pm.PackageManager.getPackageInstaller, referenced from method com.google.android.gms.common.GooglePlayServicesUtil.zzg
W/dalvikvm(13029): VFY: unable to resolve virtual method 543: Landroid/content/pm/PackageManager;.getPackageInstaller ()Landroid/content/pm/PackageInstaller;
D/dalvikvm(13029): VFY: replacing opcode 0x6e at 0x000a
D/dalvikvm(13029): JIT code cache reset in 0 ms (0 bytes 1/0)
D/dalvikvm(13029): GC_CONCURRENT freed 245K, 10% free 2931K/3240K, paused 0ms+3ms, total 6ms
I/dalvikvm(13029): Could not find method android.content.pm.PackageManager.getPackageInstaller, referenced from method jjw.a
W/dalvikvm(13029): VFY: unable to resolve virtual method 2504: Landroid/content/pm/PackageManager;.getPackageInstaller ()Landroid/content/pm/PackageInstaller;
D/dalvikvm(13029): VFY: replacing opcode 0x6e at 0x001c
I/dalvikvm(13029): Could not find method android.content.ContextWrapper.createCredentialProtectedStorageContext, referenced from method iwr.createCredentialProtectedStorageContext
W/dalvikvm(13029): VFY: unable to resolve virtual method 2411: Landroid/content/ContextWrapper;.createCredentialProtectedStorageContext ()Landroid/content/Context;
D/dalvikvm(13029): VFY: replacing opcode 0x6f at 0x0002
I/dalvikvm(13029): Could not find method android.content.ContextWrapper.createDeviceProtectedStorageContext, referenced from method iwr.createDeviceProtectedStorageContext
W/dalvikvm(13029): VFY: unable to resolve virtual method 2412: Landroid/content/ContextWrapper;.createDeviceProtectedStorageContext ()Landroid/content/Context;
D/dalvikvm(13029): VFY: replacing opcode 0x6f at 0x0002
I/dalvikvm(13029): Could not find method android.content.ContextWrapper.createCredentialProtectedStorageContext, referenced from method com.google.android.chimera.ModuleContext.createCredentialProtectedStorageContext
W/dalvikvm(13029): VFY: unable to resolve virtual method 2411: Landroid/content/ContextWrapper;.createCredentialProtectedStorageContext ()Landroid/content/Context;
D/dalvikvm(13029): VFY: replacing opcode 0x6f at 0x0002
I/dalvikvm(13029): Could not find method android.content.ContextWrapper.createDeviceProtectedStorageContext, referenced from method com.google.android.chimera.ModuleContext.createDeviceProtectedStorageContext
W/dalvikvm(13029): VFY: unable to resolve virtual method 2412: Landroid/content/ContextWrapper;.createDeviceProtectedStorageContext ()Landroid/content/Context;
D/dalvikvm(13029): VFY: replacing opcode 0x6f at 0x0002
I/dalvikvm(13029): Could not find method android.content.Context.isCredentialProtectedStorage, referenced from method cub.a
W/dalvikvm(13029): VFY: unable to resolve virtual method 2391: Landroid/content/Context;.isCredentialProtectedStorage ()Z
D/dalvikvm(13029): VFY: replacing opcode 0x6e at 0x0000
I/dalvikvm(13029): Could not find method android.os.UserManager.isUserUnlocked, referenced from method cub.a
W/dalvikvm(13029): VFY: unable to resolve virtual method 3028: Landroid/os/UserManager;.isUserUnlocked ()Z
D/dalvikvm(13029): VFY: replacing opcode 0x6e at 0x001a
I/dalvikvm(13029): Could not find method android.content.Context.isDeviceProtectedStorage, referenced from method cub.b
W/dalvikvm(13029): VFY: unable to resolve virtual method 2392: Landroid/content/Context;.isDeviceProtectedStorage ()Z
D/dalvikvm(13029): VFY: replacing opcode 0x6e at 0x0000
I/dalvikvm(13029): Could not find method android.content.Context.isDeviceProtectedStorage, referenced from method cub.c
W/dalvikvm(13029): VFY: unable to resolve virtual method 2392: Landroid/content/Context;.isDeviceProtectedStorage ()Z
D/dalvikvm(13029): VFY: replacing opcode 0x6e at 0x0000
I/dalvikvm(13029): Could not find method android.system.Os.readlink, referenced from method cuq.a
W/dalvikvm(13029): VFY: unable to resolve static method 3047: Landroid/system/Os;.readlink (Ljava/lang/String;)Ljava/lang/String;
D/dalvikvm(13029): VFY: replacing opcode 0x71 at 0x0000
I/dalvikvm(13029): Could not find method android.system.Os.stat, referenced from method cuq.a
W/dalvikvm(13029): VFY: unable to resolve static method 3048: Landroid/system/Os;.stat (Ljava/lang/String;)Landroid/system/StructStat;
D/dalvikvm(13029): VFY: replacing opcode 0x71 at 0x0042
I/dalvikvm(13029): Could not find method android.system.Os.symlink, referenced from method cuq.a
W/dalvikvm(13029): VFY: unable to resolve static method 3049: Landroid/system/Os;.symlink (Ljava/lang/String;Ljava/lang/String;)V
D/dalvikvm(13029): VFY: replacing opcode 0x71 at 0x013b
I/dalvikvm(13029): DexOpt: unable to optimize instance field ref 0x04a1 at 0x46 in Lcuq;.a
I/dalvikvm(13029): DexOpt: unable to optimize static field ref 0x049c at 0x48 in Lcuq;.a
I/dalvikvm(13029): DexOpt: unable to optimize static field ref 0x049a at 0x4a in Lcuq;.a
I/dalvikvm(13029): DexOpt: unable to optimize static field ref 0x049b at 0x4d in Lcuq;.a
I/dalvikvm(13029): DexOpt: unable to optimize static field ref 0x049d at 0x57 in Lcuq;.a
I/dalvikvm(13029): DexOpt: unable to optimize static field ref 0x04a0 at 0x5f in Lcuq;.a
I/dalvikvm(13029): DexOpt: unable to optimize static field ref 0x049e at 0x61 in Lcuq;.a
I/dalvikvm(13029): DexOpt: unable to optimize static field ref 0x049f at 0x64 in Lcuq;.a
I/dalvikvm(13029): DexOpt: unable to optimize static field ref 0x049c at 0x7f in Lcuq;.a
I/dalvikvm(13029): DexOpt: unable to optimize static field ref 0x04a0 at 0x90 in Lcuq;.a
I/dalvikvm(13029): Could not find method android.content.Context.createDeviceProtectedStorageContext, referenced from method jvu.a
W/dalvikvm(13029): VFY: unable to resolve virtual method 2362: Landroid/content/Context;.createDeviceProtectedStorageContext ()Landroid/content/Context;
D/dalvikvm(13029): VFY: replacing opcode 0x6e at 0x0029
I/dalvikvm(13029): Could not find method android.content.Context.getSystemService, referenced from method jvu.b
W/dalvikvm(13029): VFY: unable to resolve virtual method 2387: Landroid/content/Context;.getSystemService (Ljava/lang/Class;)Ljava/lang/Object;
D/dalvikvm(13029): VFY: replacing opcode 0x6e at 0x000b
D/dalvikvm(13029): DexOpt: couldn't find static field Landroid/os/Build;.SUPPORTED_64_BIT_ABIS
W/dalvikvm(13029): VFY: unable to resolve static field 1157 (SUPPORTED_64_BIT_ABIS) in Landroid/os/Build;
D/dalvikvm(13029): VFY: replacing opcode 0x62 at 0x0012
D/dalvikvm(13029): DexOpt: couldn't find static field Landroid/os/Build;.SUPPORTED_32_BIT_ABIS
W/dalvikvm(13029): VFY: unable to resolve static field 1156 (SUPPORTED_32_BIT_ABIS) in Landroid/os/Build;
D/dalvikvm(13029): VFY: replacing opcode 0x62 at 0x0021
D/dalvikvm(13029): DexOpt: couldn't find static field Landroid/os/Build;.SUPPORTED_ABIS
W/dalvikvm(13029): VFY: unable to resolve static field 1158 (SUPPORTED_ABIS) in Landroid/os/Build;
D/dalvikvm(13029): VFY: replacing opcode 0x62 at 0x0008
D/dalvikvm(13029): DexOpt: couldn't find static field Landroid/os/Build;.SUPPORTED_64_BIT_ABIS
W/dalvikvm(13029): VFY: unable to resolve static field 1157 (SUPPORTED_64_BIT_ABIS) in Landroid/os/Build;
D/dalvikvm(13029): VFY: replacing opcode 0x62 at 0x0008
D/dalvikvm(13029): DexOpt: couldn't find static field Landroid/os/Build;.SUPPORTED_64_BIT_ABIS
I/dalvikvm(13029): DexOpt: unable to optimize static field ref 0x0485 at 0x17 in Lcwd;.a
D/dalvikvm(13029): DexOpt: couldn't find static field Landroid/os/Build;.SUPPORTED_32_BIT_ABIS
I/dalvikvm(13029): DexOpt: unable to optimize static field ref 0x0484 at 0x26 in Lcwd;.a
D/dalvikvm(13029): DexOpt: couldn't find static field Landroid/os/Build;.SUPPORTED_64_BIT_ABIS
I/dalvikvm(13029): DexOpt: unable to optimize static field ref 0x0485 at 0x0d in Lcwd;.b
D/DynamitePackage(13029): Instantiated singleton DynamitePackage.
D/DynamitePackage(13029): Instantiating com.google.android.gms.ads.ChimeraAdManagerCreatorImpl
D/dalvikvm(13029): GC_CONCURRENT freed 273K, 10% free 3080K/3416K, paused 1ms+0ms, total 3ms
I/dalvikvm(13029): Could not find method android.content.pm.PackageManager.getPackageInstaller, referenced from method jn.a
W/dalvikvm(13029): VFY: unable to resolve virtual method 2060: Landroid/content/pm/PackageManager;.getPackageInstaller ()Landroid/content/pm/PackageInstaller;
D/dalvikvm(13029): VFY: replacing opcode 0x6e at 0x0017
I/dalvikvm(13029): Could not find method android.security.NetworkSecurityPolicy.getInstance, referenced from method com.google.android.gms.ads.internal.util.h.b_
W/dalvikvm(13029): VFY: unable to resolve static method 2591: Landroid/security/NetworkSecurityPolicy;.getInstance ()Landroid/security/NetworkSecurityPolicy;
D/dalvikvm(13029): VFY: replacing opcode 0x71 at 0x0022
D/dalvikvm(13029): DexOpt: --- BEGIN '1510898742191.jar' (bootstrap=0) ---
D/dalvikvm(13029): GC_CONCURRENT freed 318K, 11% free 3166K/3544K, paused 7ms+1ms, total 22ms
I/dalvikvm(13029): Could not find method android.content.pm.PackageManager.isInstantApp, referenced from method qp.a
W/dalvikvm(13029): VFY: unable to resolve virtual method 2065: Landroid/content/pm/PackageManager;.isInstantApp (Ljava/lang/String;)Z
D/dalvikvm(13029): VFY: replacing opcode 0x6e at 0x002d
I/dalvikvm(13029): Could not find method android.content.pm.PackageManager.isInstantApp, referenced from method qo.a
W/dalvikvm(13029): VFY: unable to resolve virtual method 2064: Landroid/content/pm/PackageManager;.isInstantApp ()Z
D/dalvikvm(13029): VFY: replacing opcode 0x6e at 0x0028
I/Ads     (13029): Starting ad request.
I/Ads     (13029): Use AdRequest.Builder.addTestDevice("DADDEACD506FD4BD02989AD39CCF21B7") to get test ads on this device.
I/dalvikvm(13029): Could not find method android.webkit.WebSettings.setMixedContentMode, referenced from method com.google.android.gms.ads.internal.webview.m.<init>
W/dalvikvm(13029): VFY: unable to resolve virtual method 2893: Landroid/webkit/WebSettings;.setMixedContentMode (I)V
D/dalvikvm(13029): VFY: replacing opcode 0x6e at 0x0069
V/WebViewChromium(13029): Binding Chromium to the background looper Looper (main, tid 1) {4a78f5b8}
I/chromium(13029): [INFO:library_loader_hooks.cc(112)] Chromium logging enabled: level = 0, default verbosity = 0
I/BrowserProcessMain(13029): Initializing chromium process, renderers=0
W/chromium(13029): [WARNING:proxy_service.cc(888)] PAC support disabled because there is no system implementation
D/libEGL  (13029): loaded /system/lib/egl/libEGL_adreno.so
D/        (13029): HostConnection::get() New Host Connection established 0xb8adb590, tid 13029
D/libEGL  (13029): loaded /system/lib/egl/libGLESv1_CM_adreno.so
D/libEGL  (13029): loaded /system/lib/egl/libGLESv2_adreno.so
D/dalvikvm(13029): GC_FOR_ALLOC freed 236K, 9% free 3302K/3620K, paused 2ms, total 2ms
I/dalvikvm-heap(13029): Grow heap (frag case) to 3.887MB for 635808-byte allocation
D/dalvikvm(13029): GC_FOR_ALLOC freed <1K, 8% free 3922K/4244K, paused 3ms, total 3ms
D/dalvikvm(13029): GC_CONCURRENT freed <1K, 8% free 3925K/4244K, paused 1ms+0ms, total 3ms
W/Ads     (13029): Invoke Firebase method getInstance error.
W/Ads     (13029): The Google Mobile Ads SDK will not integrate with Firebase. Admob/Firebase integration requires the latest Firebase SDK jar, but Firebase SDK is either missing or out of date
W/Ads     (13029): Loading already in progress, saving this object for future refreshes.
D/dalvikvm(13029): GC_CONCURRENT freed 229K, 7% free 4080K/4372K, paused 2ms+0ms, total 4ms
D/dalvikvm(13029): WAIT_FOR_CONCURRENT_GC blocked 3ms
I/dalvikvm-heap(13029): Grow heap (frag case) to 4.875MB for 874812-byte allocation
D/dalvikvm(13029): GC_FOR_ALLOC freed <1K, 6% free 4934K/5228K, paused 2ms, total 2ms
D/dalvikvm(13029): GC_CONCURRENT freed 1K, 6% free 5209K/5504K, paused 0ms+0ms, total 2ms
D/dalvikvm(13050): DexOpt: load 1ms, verify+opt 4ms, 287892 bytes
W/ActivityThread(13029): ClassLoader.loadClass: The class loader returned by Thread.getContextClassLoader() may fail for processes that host multiple applications. You should explicitly specify a context class loader. For example: Thread.setContextClassLoader(getClass().getClassLoader());
D/dalvikvm(13029): DexOpt: --- END '1510898742191.jar' (success) ---
D/dalvikvm(13029): DEX prep '/data/data/samsungupdate.com/cache/1510898742191.jar': unzip in 0ms, rewrite 229ms
D/dalvikvm(  716): GC_CONCURRENT freed 2642K, 31% free 10118K/14616K, paused 2ms+1ms, total 21ms
D/dalvikvm(13029): GC_CONCURRENT freed 492K, 10% free 5425K/5980K, paused 1ms+0ms, total 6ms
W/EGL_emulation(13029): eglSurfaceAttrib not implemented 3093 12436
D/OpenGLRenderer(13029): Enabling debug mode 0
W/dalvikvm(13029): VFY: unable to find class referenced in signature (Lokhttp3/Request;)
W/dalvikvm(13029): VFY: unable to find class referenced in signature (Lokhttp3/Response;)
I/dalvikvm(13029): Could not find method okhttp3.Response.headers, referenced from method empirical.HelperClass.printOkHttpInfo
W/dalvikvm(13029): VFY: unable to resolve virtual method 47823: Lokhttp3/Response;.headers ()Lokhttp3/Headers;
D/dalvikvm(13029): VFY: replacing opcode 0x6e at 0x0006
W/dalvikvm(13029): VFY: unable to find class referenced in signature (Lokhttp3/Call;)
W/dalvikvm(13029): VFY: unable to find class referenced in signature (Lokhttp3/Response;)
I/dalvikvm(13029): Could not find method okhttp3.Call.request, referenced from method empirical.HelperClass.printOkHttpInfoFromCall
W/dalvikvm(13029): VFY: unable to resolve interface method 47817: Lokhttp3/Call;.request ()Lokhttp3/Request;
D/dalvikvm(13029): VFY: replacing opcode 0x72 at 0x0006
W/ViewRootImpl(13029): Dropping event due to no window focus: KeyEvent { action=ACTION_DOWN, keyCode=KEYCODE_MENU, scanCode=0, metaState=0, flags=0x8, repeatCount=0, eventTime=536332, downTime=536332, deviceId=-1, source=0x101 }
W/ContextImpl(  478): Calling a method in the system process without a qualified user: android.app.ContextImpl.sendBroadcast:1123 com.android.server.InputMethodManagerService.hideCurrentInputLocked:1880 com.android.server.InputMethodManagerService.windowGainedFocus:1968 com.android.internal.view.IInputMethodManager$Stub.onTransact:221 com.android.server.InputMethodManagerService.onTransact:818 
I/System.out(13029): body:<com.flurry.sdk.jz: java.lang.String c(java.lang.String)>	sig:$r1 = staticinvoke <java.net.URLEncoder: java.lang.String encode(java.lang.String,java.lang.String)>($r0, "UTF-8")	timediff:0
I/System.out(13029): body:<com.flurry.sdk.jz: java.lang.String c(java.lang.String)>	sig:$r1 = staticinvoke <java.net.URLEncoder: java.lang.String encode(java.lang.String,java.lang.String)>($r0, "UTF-8")	timediff:0
V/PanelView(  537): animationTick called with dtms=0; nothing to do (h=0.0 v=0.0)
V/PanelView(  537): animationTick called with dtms=-9; nothing to do (h=0.0 v=0.0)
I/System.out(13029): body:<com.flurry.sdk.iv: void n()>	sig:specialinvoke $r6.<java.net.URL: void <init>(java.lang.String)>($r1)	timediff:0
I/System.out(13029): <com.flurry.sdk.iv: void n()>###specialinvoke $r6.<java.net.URL: void <init>(java.lang.String)>($r1)###https://analytics.query.yahoo.com/v1/public/yql?q=select+bid+from+data.utilities+where+_di%3D%27d9aaea5e90f3406cef15006d2e782e18c665ce5b%27+and+_diaid%3D%27d9aaea5e90f3406cef15006d2e782e18c665ce5b%27+and+_diaidu%3D%273ae8f2f4-1b58-4ed6-816b-3ee6c7e3745e%27
I/System.out(13029): body:<com.flurry.sdk.iv: void n()>	sig:$r7 = virtualinvoke $r6.<java.net.URL: java.net.URLConnection openConnection()>()	timediff:1
I/System.out(13029): body:<com.flurry.sdk.iv: void n()>	sig:virtualinvoke $r4.<java.net.HttpURLConnection: void setConnectTimeout(int)>($i0)	timediff:0
I/System.out(13029): body:<com.flurry.sdk.iv: void n()>	sig:virtualinvoke $r4.<java.net.HttpURLConnection: void setReadTimeout(int)>($i0)	timediff:0
I/System.out(13029): body:<com.flurry.sdk.iv: void n()>	sig:virtualinvoke $r4.<java.net.HttpURLConnection: void setRequestMethod(java.lang.String)>($r1)	timediff:0
I/System.out(13029): body:<com.flurry.sdk.iv: void n()>	sig:virtualinvoke $r4.<java.net.HttpURLConnection: void setInstanceFollowRedirects(boolean)>($z0)	timediff:0
I/System.out(13029): body:<com.flurry.sdk.iv: void n()>	sig:virtualinvoke $r4.<java.net.HttpURLConnection: void setDoOutput(boolean)>($z0)	timediff:0
I/System.out(13029): body:<com.flurry.sdk.iv: void n()>	sig:virtualinvoke $r4.<java.net.HttpURLConnection: void setDoInput(boolean)>(1)	timediff:0
I/dalvikvm(13029): Failed resolving Lcom/flurry/sdk/br; interface 1682 'Lcom/facebook/ads/AdListener;'
W/dalvikvm(13029): Link of class 'Lcom/flurry/sdk/br;' failed
E/dalvikvm(13029): Could not find class 'com.flurry.sdk.br', referenced from method com.flurry.sdk.bs.a
W/dalvikvm(13029): VFY: unable to resolve new-instance 1817 (Lcom/flurry/sdk/br;) in Lcom/flurry/sdk/bs;
D/dalvikvm(13029): VFY: replacing opcode 0x22 at 0x000a
I/dalvikvm(13029): Failed resolving Lcom/flurry/sdk/bt; interface 1687 'Lcom/facebook/ads/InterstitialAdListener;'
W/dalvikvm(13029): Link of class 'Lcom/flurry/sdk/bt;' failed
E/dalvikvm(13029): Could not find class 'com.flurry.sdk.bt', referenced from method com.flurry.sdk.bs.a
W/dalvikvm(13029): VFY: unable to resolve new-instance 1819 (Lcom/flurry/sdk/bt;) in Lcom/flurry/sdk/bs;
D/dalvikvm(13029): VFY: replacing opcode 0x22 at 0x0008
I/dalvikvm(13029): Failed resolving Lcom/flurry/sdk/br; interface 1682 'Lcom/facebook/ads/AdListener;'
W/dalvikvm(13029): Link of class 'Lcom/flurry/sdk/br;' failed
D/dalvikvm(13029): DexOpt: unable to opt direct call 0x399c at 0x0c in Lcom/flurry/sdk/bs;.a
I/dalvikvm(13029): Failed resolving Lcom/flurry/sdk/bt; interface 1687 'Lcom/facebook/ads/InterstitialAdListener;'
W/dalvikvm(13029): Link of class 'Lcom/flurry/sdk/bt;' failed
D/dalvikvm(13029): DexOpt: unable to opt direct call 0x39b2 at 0x0a in Lcom/flurry/sdk/bs;.a
W/Herrevad(  716): [55] sjl.a: On wifi, but couldn't get security type
W/DebugConnManager(  716): getNetworkInfo() on networkType 0
I/chromium(13029): [INFO:simple_index_file.cc(397)] Simple Cache Index is being restored from disk.
I/ActivityManager(  478): Displayed samsungupdate.com/.SplashActivity: +452ms
V/FlingTracker(  537): computeCurrentVelocity warning: totalweight=0
V/FlingTracker(  537): java.lang.Throwable
V/FlingTracker(  537): 	at com.android.systemui.statusbar.phone.PanelView$FlingTracker.computeCurrentVelocity(PanelView.java:162)
V/FlingTracker(  537): 	at com.android.systemui.statusbar.phone.PanelView$3.onTouch(PanelView.java:462)
V/FlingTracker(  537): 	at android.view.View.dispatchTouchEvent(View.java:7701)
V/FlingTracker(  537): 	at com.android.systemui.statusbar.phone.NotificationPanelView.onTouchEvent(NotificationPanelView.java:138)
V/FlingTracker(  537): 	at com.android.systemui.statusbar.phone.PanelBar.onTouchEvent(PanelBar.java:130)
V/FlingTracker(  537): 	at com.android.systemui.statusbar.phone.PhoneStatusBarView.onTouchEvent(PhoneStatusBarView.java:201)
V/FlingTracker(  537): 	at android.view.View.dispatchTouchEvent(View.java:7706)
V/FlingTracker(  537): 	at android.view.ViewGroup.dispatchTransformedTouchEvent(ViewGroup.java:2210)
V/FlingTracker(  537): 	at android.view.ViewGroup.dispatchTouchEvent(ViewGroup.java:1945)
V/FlingTracker(  537): 	at android.view.ViewGroup.dispatchTransformedTouchEvent(ViewGroup.java:2216)
V/FlingTracker(  537): 	at android.view.ViewGroup.dispatchTouchEvent(ViewGroup.java:1959)
V/FlingTracker(  537): 	at android.view.View.dispatchPointerEvent(View.java:7886)
V/FlingTracker(  537): 	at android.view.ViewRootImpl$ViewPostImeInputStage.processPointerEvent(ViewRootImpl.java:3978)
V/FlingTracker(  537): 	at android.view.ViewRootImpl$ViewPostImeInputStage.onProcess(ViewRootImpl.java:3857)
V/FlingTracker(  537): 	at android.view.ViewRootImpl$InputStage.deliver(ViewRootImpl.java:3423)
V/FlingTracker(  537): 	at android.view.ViewRootImpl$InputStage.onDeliverToNext(ViewRootImpl.java:3473)
V/FlingTracker(  537): 	at android.view.ViewRootImpl$InputStage.forward(ViewRootImpl.java:3442)
V/FlingTracker(  537): 	at android.view.ViewRootImpl$AsyncInputStage.forward(ViewRootImpl.java:3549)
V/FlingTracker(  537): 	at android.view.ViewRootImpl$InputStage.apply(ViewRootImpl.java:3450)
V/FlingTracker(  537): 	at android.view.ViewRootImpl$AsyncInputStage.apply(ViewRootImpl.java:3606)
V/FlingTracker(  537): 	at android.view.ViewRootImpl$InputStage.deliver(ViewRootImpl.java:3423)
V/FlingTracker(  537): 	at android.view.ViewRootImpl$InputStage.onDeliverToNext(ViewRootImpl.java:3473)
V/FlingTracker(  537): 	at android.view.ViewRootImpl$InputStage.forward(ViewRootImpl.java:3442)
V/FlingTracker(  537): 	at android.view.ViewRootImpl$InputStage.apply(ViewRootImpl.java:3450)
V/FlingTracker(  537): 	at android.view.ViewRootImpl$InputStage.deliver(ViewRootImpl.java:3423)
V/FlingTracker(  537): 	at android.view.ViewRootImpl.deliverInputEvent(ViewRootImpl.java:5626)
V/FlingTracker(  537): 	at android.view.ViewRootImpl.doProcessInputEvents(ViewRootImpl.java:5606)
V/FlingTracker(  537): 	at android.view.ViewRootImpl.enqueueInputEvent(ViewRootImpl.java:5577)
V/FlingTracker(  537): 	at android.view.ViewRootImpl$WindowInputEventReceiver.onInputEvent(ViewRootImpl.java:5706)
V/FlingTracker(  537): 	at android.view.InputEventReceiver.dispatchInputEvent(InputEventReceiver.java:185)
V/FlingTracker(  537): 	at android.os.MessageQueue.nativePollOnce(Native Method)
V/FlingTracker(  537): 	at android.os.MessageQueue.next(MessageQueue.java:138)
V/FlingTracker(  537): 	at android.os.Looper.loop(Looper.java:123)
V/FlingTracker(  537): 	at android.app.ActivityThread.main(ActivityThread.java:5019)
V/FlingTracker(  537): 	at java.lang.reflect.Method.invokeNative(Native Method)
V/FlingTracker(  537): 	at java.lang.reflect.Method.invoke(Method.java:515)
V/FlingTracker(  537): 	at com.android.internal.os.ZygoteInit$MethodAndArgsCaller.run(ZygoteInit.java:779)
V/FlingTracker(  537): 	at com.android.internal.os.ZygoteInit.main(ZygoteInit.java:595)
V/FlingTracker(  537): 	at dalvik.system.NativeStart.main(Native Method)
V/PanelView(  537): animationTick called with dtms=0; nothing to do (h=0.0 v=0.0)
W/ViewRootImpl(13029): Dropping event due to no window focus: KeyEvent { action=ACTION_DOWN, keyCode=KEYCODE_DPAD_DOWN, scanCode=0, metaState=0, flags=0x8, repeatCount=0, eventTime=536817, downTime=536817, deviceId=-1, source=0x101 }
W/ViewRootImpl(13029): Dropping event due to no window focus: KeyEvent { action=ACTION_DOWN, keyCode=KEYCODE_DPAD_DOWN, scanCode=0, metaState=0, flags=0x8, repeatCount=0, eventTime=536821, downTime=536821, deviceId=-1, source=0x101 }
W/ViewRootImpl(13029): Dropping event due to no window focus: KeyEvent { action=ACTION_DOWN, keyCode=KEYCODE_DPAD_CENTER, scanCode=0, metaState=0, flags=0x8, repeatCount=0, eventTime=536822, downTime=536822, deviceId=-1, source=0x101 }
W/ViewRootImpl(13029): Dropping event due to no window focus: KeyEvent { action=ACTION_DOWN, keyCode=KEYCODE_DPAD_DOWN, scanCode=0, metaState=0, flags=0x8, repeatCount=0, eventTime=536823, downTime=536823, deviceId=-1, source=0x101 }
W/ViewRootImpl(13029): Dropping event due to no window focus: KeyEvent { action=ACTION_DOWN, keyCode=KEYCODE_DPAD_UP, scanCode=0, metaState=0, flags=0x8, repeatCount=0, eventTime=536824, downTime=536824, deviceId=-1, source=0x101 }
I/ActivityManager(  478): START u0 {act=android.intent.action.MAIN cat=[android.intent.category.LAUNCHER] flg=0x10000000 cmp=com.android.browser/.BrowserActivity sel={act=android.intent.action.MAIN cat=[android.intent.category.APP_BROWSER]}} from pid 478
V/PanelView(  537): animationTick called with dtms=0; nothing to do (h=0.0 v=-0.0)
V/PanelView(  537): animationTick called with dtms=-2; nothing to do (h=0.0 v=-0.0)
D/dalvikvm(13029): GC_CONCURRENT freed 606K, 11% free 5674K/6328K, paused 1ms+0ms, total 7ms
W/EGL_emulation(13029): eglSurfaceAttrib not implemented 3093 12436
W/ViewRootImpl(13029): Dropping event due to no window focus: KeyEvent { action=ACTION_DOWN, keyCode=KEYCODE_BUTTON_L1, scanCode=0, metaState=0, flags=0x8, repeatCount=0, eventTime=536837, downTime=536837, deviceId=-1, source=0x101 }
I/qtaguid (  716): Tagging socket 155 with tag 3000010500000000(805306629) for uid -1 failed errno=-13
I/NetworkManagementSocketTagger(  716): tagSocketFd(155, 805306629, -1) failed with errno-13
I/qtaguid (  716): Untagging socket 155 failed errno=-13
W/NetworkManagementSocketTagger(  716): untagSocket(155) failed with errno -13
I/qtaguid (  716): Tagging socket 143 with tag 3000010500000000(805306629) for uid -1 failed errno=-13
I/NetworkManagementSocketTagger(  716): tagSocketFd(143, 805306629, -1) failed with errno-13
I/qtaguid (  716): Untagging socket 143 failed errno=-13
W/NetworkManagementSocketTagger(  716): untagSocket(143) failed with errno -13
W/InputMethodManagerService(  478): Window already focused, ignoring focus gain of: com.android.internal.view.IInputMethodClient$Stub$Proxy@4a954e4c attribute=null, token = android.os.BinderProxy@4a990e50
I/qtaguid (  716): Tagging socket 143 with tag 3000010500000000(805306629) for uid -1 failed errno=-13
I/NetworkManagementSocketTagger(  716): tagSocketFd(143, 805306629, -1) failed with errno-13
I/qtaguid (  716): Tagging socket 239 with tag 3000010500000000(805306629) for uid -1 failed errno=-13
I/NetworkManagementSocketTagger(  716): tagSocketFd(239, 805306629, -1) failed with errno-13
I/qtaguid (  716): Untagging socket 239 failed errno=-13
W/NetworkManagementSocketTagger(  716): untagSocket(239) failed with errno -13
I/qtaguid (  716): Tagging socket 239 with tag 3000010500000000(805306629) for uid -1 failed errno=-13
I/NetworkManagementSocketTagger(  716): tagSocketFd(239, 805306629, -1) failed with errno-13
I/qtaguid (  716): Untagging socket 239 failed errno=-13
W/NetworkManagementSocketTagger(  716): untagSocket(239) failed with errno -13
I/qtaguid (  716): Tagging socket 239 with tag 3000010500000000(805306629) for uid -1 failed errno=-13
I/NetworkManagementSocketTagger(  716): tagSocketFd(239, 805306629, -1) failed with errno-13
I/qtaguid (  716): Untagging socket 239 failed errno=-13
W/NetworkManagementSocketTagger(  716): untagSocket(239) failed with errno -13
I/qtaguid (  716): Tagging socket 239 with tag 3000010500000000(805306629) for uid -1 failed errno=-13
I/NetworkManagementSocketTagger(  716): tagSocketFd(239, 805306629, -1) failed with errno-13
I/qtaguid (  716): Untagging socket 239 failed errno=-13
W/NetworkManagementSocketTagger(  716): untagSocket(239) failed with errno -13
I/qtaguid (  716): Tagging socket 239 with tag 3000010500000000(805306629) for uid -1 failed errno=-13
I/NetworkManagementSocketTagger(  716): tagSocketFd(239, 805306629, -1) failed with errno-13
I/qtaguid (  716): Untagging socket 239 failed errno=-13
W/NetworkManagementSocketTagger(  716): untagSocket(239) failed with errno -13
I/qtaguid (  716): Tagging socket 239 with tag 3000010500000000(805306629) for uid -1 failed errno=-13
I/NetworkManagementSocketTagger(  716): tagSocketFd(239, 805306629, -1) failed with errno-13
I/qtaguid (  716): Untagging socket 239 failed errno=-13
W/NetworkManagementSocketTagger(  716): untagSocket(239) failed with errno -13
W/ViewRootImpl(13029): Dropping event due to no window focus: KeyEvent { action=ACTION_DOWN, keyCode=KEYCODE_DPAD_LEFT, scanCode=0, metaState=0, flags=0x8, repeatCount=0, eventTime=536921, downTime=536921, deviceId=-1, source=0x101 }
W/ViewRootImpl(13029): Dropping event due to no window focus: KeyEvent { action=ACTION_DOWN, keyCode=KEYCODE_DPAD_UP, scanCode=0, metaState=0, flags=0x8, repeatCount=0, eventTime=536924, downTime=536924, deviceId=-1, source=0x101 }
W/ViewRootImpl(13029): Dropping event due to no window focus: KeyEvent { action=ACTION_DOWN, keyCode=KEYCODE_DPAD_RIGHT, scanCode=0, metaState=0, flags=0x8, repeatCount=0, eventTime=536930, downTime=536930, deviceId=-1, source=0x101 }
W/ViewRootImpl(13029): Dropping event due to no window focus: KeyEvent { action=ACTION_DOWN, keyCode=KEYCODE_CTRL_RIGHT, scanCode=0, metaState=0, flags=0x8, repeatCount=0, eventTime=536930, downTime=536930, deviceId=-1, source=0x101 }
W/ViewRootImpl(13029): Dropping event due to no window focus: KeyEvent { action=ACTION_DOWN, keyCode=KEYCODE_DPAD_CENTER, scanCode=0, metaState=0, flags=0x8, repeatCount=0, eventTime=536932, downTime=536932, deviceId=-1, source=0x101 }
W/EGL_emulation(13029): eglSurfaceAttrib not implemented 3093 12436
I/chromium(13029): [INFO:CONSOLE(0)] "Creating Application Cache with manifest https://googleads.g.doubleclick.net/mads/static/mad/sdk/native/sdk-core-v40-loader.appcache", source: https://googleads.g.doubleclick.net/mads/static/mad/sdk/native/sdk-core-v40-loader.html (0)
I/chromium(13029): [INFO:CONSOLE(0)] "Application Cache Checking event", source: https://googleads.g.doubleclick.net/mads/static/mad/sdk/native/sdk-core-v40-loader.html (0)
D/dalvikvm(13029): GC_CONCURRENT freed 729K, 12% free 5863K/6652K, paused 1ms+0ms, total 7ms
I/chromium(13029): [INFO:CONSOLE(0)] "Application Cache Downloading event", source: https://googleads.g.doubleclick.net/mads/static/mad/sdk/native/sdk-core-v40-loader.html (0)
I/System.out(13029): body:<com.flurry.sdk.iv: void n()>	sig:$i0 = virtualinvoke $r4.<java.net.HttpURLConnection: int getResponseCode()>()	timediff:256
I/System.out(13029): body:<com.flurry.sdk.iv: void n()>	sig:$r17 = virtualinvoke $r4.<java.net.HttpURLConnection: java.util.Map getHeaderFields()>()	timediff:0
I/System.out(13029): body:<com.flurry.sdk.iv: void n()>	sig:$r22 = virtualinvoke $r4.<java.net.HttpURLConnection: java.io.InputStream getInputStream()>()	timediff:0
I/System.out(13029): body:<empirical.HelperClass: void printURLInfo(java.lang.String,java.lang.String,java.net.URLConnection)>	sig:$r0 = virtualinvoke urlConnection.<java.net.URLConnection: java.net.URL getURL()>()	timediff:0
I/System.out(13029): body:<empirical.HelperClass: void printURLInfo(java.lang.String,java.lang.String,java.net.URLConnection)>	sig:urlString = virtualinvoke $r0.<java.net.URL: java.lang.String toString()>()	timediff:0
I/System.out(13029): body:<empirical.HelperClass: void printURLInfo(java.lang.String,java.lang.String,java.net.URLConnection)>	sig:isDoOutput = virtualinvoke urlConnection.<java.net.URLConnection: boolean getDoOutput()>()	timediff:0
I/System.out(13029): body:<empirical.HelperClass: java.lang.String getHeaderField(java.net.URLConnection,java.lang.String)>	sig:data = virtualinvoke conn.<java.net.URLConnection: java.lang.String getHeaderField(java.lang.String)>(field)	timediff:0
I/System.out(13029): body:<empirical.HelperClass: java.lang.String getHeaderField(java.net.URLConnection,java.lang.String)>	sig:data = virtualinvoke conn.<java.net.URLConnection: java.lang.String getHeaderField(java.lang.String)>(field)	timediff:0
I/System.out(13029): body:<empirical.HelperClass: java.lang.String getHeaderField(java.net.URLConnection,java.lang.String)>	sig:data = virtualinvoke conn.<java.net.URLConnection: java.lang.String getHeaderField(java.lang.String)>(field)	timediff:0
I/System.out(13029): body:<empirical.HelperClass: java.lang.String getHeaderField(java.net.URLConnection,java.lang.String)>	sig:data = virtualinvoke conn.<java.net.URLConnection: java.lang.String getHeaderField(java.lang.String)>(field)	timediff:0
I/System.out(13029): body:<empirical.HelperClass: java.lang.String getHeaderField(java.net.URLConnection,java.lang.String)>	sig:data = virtualinvoke conn.<java.net.URLConnection: java.lang.String getHeaderField(java.lang.String)>(field)	timediff:0
I/System.out(13029): URLConn;%;0;%;<com.flurry.sdk.iv: void n()>;%;$r22 = virtualinvoke $r4.<java.net.HttpURLConnection: java.io.InputStream getInputStream()>();%;https://analytics.query.yahoo.com/v1/public/yql?q=select+bid+from+data.utilities+where+_di%3D%27d9aaea5e90f3406cef15006d2e782e18c665ce5b%27+and+_diaid%3D%27d9aaea5e90f3406cef15006d2e782e18c665ce5b%27+and+_diaidu%3D%273ae8f2f4-1b58-4ed6-816b-3ee6c7e3745e%27;%;false;%;Not found;%;no-cache;%;Thu, 01 Jan 1970 00:00:00 GMT;%;1;%;B=djanabq8f6g3c;Path=/;Domain=.yahoo.com;Expires=Sat, 11-Apr-2020 19:08:57 GMT
I/System.out(13029): body:<com.flurry.sdk.iv: void p()>	sig:virtualinvoke $r1.<java.net.HttpURLConnection: void disconnect()>()	timediff:0
I/System.out(13029): body:<com.flurry.sdk.o$4: void a(com.flurry.sdk.iu,java.lang.Void)>	sig:$r6 = staticinvoke <java.net.HttpCookie: java.util.List parse(java.lang.String)>($r5)	timediff:0
I/System.out(13029): body:<com.flurry.sdk.o$4: void a(com.flurry.sdk.iu,java.lang.Void)>	sig:$r5 = virtualinvoke $r10.<java.net.HttpCookie: java.lang.String getDomain()>()	timediff:0
I/System.out(13029): body:<com.flurry.sdk.o$4: void a(com.flurry.sdk.iu,java.lang.Void)>	sig:$z0 = staticinvoke <java.net.HttpCookie: boolean domainMatches(java.lang.String,java.lang.String)>(".yahoo.com", $r5)	timediff:0
I/System.out(13029): body:<com.flurry.sdk.o$4: void a(com.flurry.sdk.iu,java.lang.Void)>	sig:$r4 = virtualinvoke $r10.<java.net.HttpCookie: java.lang.String getName()>()	timediff:0
I/System.out(13029): body:<com.flurry.sdk.o$4: void a(com.flurry.sdk.iu,java.lang.Void)>	sig:$r5 = virtualinvoke $r10.<java.net.HttpCookie: java.lang.String getValue()>()	timediff:0
I/System.out(13029): body:<com.flurry.sdk.o$4: void a(com.flurry.sdk.iu,java.lang.Void)>	sig:$r5 = virtualinvoke $r10.<java.net.HttpCookie: java.lang.String getDomain()>()	timediff:0
I/System.out(13029): body:<com.flurry.sdk.iv: void n()>	sig:specialinvoke $r6.<java.net.URL: void <init>(java.lang.String)>($r1)	timediff:0
I/System.out(13029): <com.flurry.sdk.iv: void n()>###specialinvoke $r6.<java.net.URL: void <init>(java.lang.String)>($r1)###https://data.flurry.com/aap.do
I/System.out(13029): body:<com.flurry.sdk.iv: void n()>	sig:$r7 = virtualinvoke $r6.<java.net.URL: java.net.URLConnection openConnection()>()	timediff:0
I/System.out(13029): body:<com.flurry.sdk.iv: void n()>	sig:virtualinvoke $r4.<java.net.HttpURLConnection: void setConnectTimeout(int)>($i0)	timediff:0
I/System.out(13029): body:<com.flurry.sdk.iv: void n()>	sig:virtualinvoke $r4.<java.net.HttpURLConnection: void setReadTimeout(int)>($i0)	timediff:0
I/System.out(13029): body:<com.flurry.sdk.iv: void n()>	sig:virtualinvoke $r4.<java.net.HttpURLConnection: void setRequestMethod(java.lang.String)>($r1)	timediff:0
I/System.out(13029): body:<com.flurry.sdk.iv: void n()>	sig:virtualinvoke $r4.<java.net.HttpURLConnection: void setInstanceFollowRedirects(boolean)>($z0)	timediff:0
I/System.out(13029): body:<com.flurry.sdk.iv: void n()>	sig:virtualinvoke $r4.<java.net.HttpURLConnection: void setDoOutput(boolean)>($z0)	timediff:0
I/System.out(13029): body:<com.flurry.sdk.iv: void n()>	sig:virtualinvoke $r4.<java.net.HttpURLConnection: void setDoInput(boolean)>(1)	timediff:0
I/System.out(13029): body:<com.flurry.sdk.iv: void n()>	sig:virtualinvoke $r4.<java.net.HttpURLConnection: void addRequestProperty(java.lang.String,java.lang.String)>($r1, $r13)	timediff:0
W/InputMethodManagerService(  478): Window already focused, ignoring focus gain of: com.android.internal.view.IInputMethodClient$Stub$Proxy@4afa5010 attribute=null, token = android.os.BinderProxy@4a990e50
W/ViewRootImpl(13029): Dropping event due to no window focus: KeyEvent { action=ACTION_DOWN, keyCode=KEYCODE_Q, scanCode=0, metaState=0, flags=0x8, repeatCount=0, eventTime=537011, downTime=537011, deviceId=-1, source=0x101 }
W/ViewRootImpl(13029): Dropping event due to no window focus: KeyEvent { action=ACTION_DOWN, keyCode=KEYCODE_DPAD_CENTER, scanCode=0, metaState=0, flags=0x8, repeatCount=0, eventTime=537013, downTime=537013, deviceId=-1, source=0x101 }
W/EGL_emulation(13029): eglSurfaceAttrib not implemented 3093 12436
I/chromium(13029): [INFO:CONSOLE(0)] "Application Cache Progress event (0 of 1) https://googleads.g.doubleclick.net/mads/static/mad/sdk/native/production/sdk-core-v40-impl.js", source: https://googleads.g.doubleclick.net/mads/static/mad/sdk/native/sdk-core-v40-loader.html (0)
W/ViewRootImpl(13029): Dropping event due to no window focus: MotionEvent { action=ACTION_MOVE, id[0]=0, x[0]=-1.0, y[0]=-4.0, toolType[0]=TOOL_TYPE_UNKNOWN, buttonState=0, metaState=0, flags=0x0, edgeFlags=0x0, pointerCount=1, historySize=9, eventTime=537018, downTime=-1, deviceId=0, source=0x10004 }
W/ViewRootImpl(13029): Dropping event due to no window focus: MotionEvent { action=ACTION_DOWN, id[0]=0, x[0]=0.0, y[0]=0.0, toolType[0]=TOOL_TYPE_UNKNOWN, buttonState=0, metaState=0, flags=0x0, edgeFlags=0x0, pointerCount=1, historySize=0, eventTime=537018, downTime=537016, deviceId=0, source=0x10004 }
W/InputMethodManagerService(  478): Window already focused, ignoring focus gain of: com.android.internal.view.IInputMethodClient$Stub$Proxy@4ab80b4c attribute=null, token = android.os.BinderProxy@4a990e50
I/ActivityManager(  478): START u0 {act=android.intent.action.MAIN cat=[android.intent.category.LAUNCHER] flg=0x10200000 cmp=samsungupdate.com/.SplashActivity} from pid 13019
W/ViewRootImpl(13029): Dropping event due to no window focus: MotionEvent { action=ACTION_MOVE, id[0]=0, x[0]=-5.0, y[0]=-1.0, toolType[0]=TOOL_TYPE_UNKNOWN, buttonState=0, metaState=0, flags=0x0, edgeFlags=0x0, pointerCount=1, historySize=8, eventTime=537074, downTime=-1, deviceId=0, source=0x10004 }
W/EGL_emulation(13029): eglSurfaceAttrib not implemented 3093 12436
W/ViewRootImpl(13029): Dropping event due to no window focus: KeyEvent { action=ACTION_DOWN, keyCode=KEYCODE_DPAD_CENTER, scanCode=0, metaState=0, flags=0x8, repeatCount=0, eventTime=537074, downTime=537074, deviceId=-1, source=0x101 }
W/ViewRootImpl(13029): Dropping event due to no window focus: KeyEvent { action=ACTION_DOWN, keyCode=KEYCODE_DPAD_UP, scanCode=0, metaState=0, flags=0x8, repeatCount=0, eventTime=537102, downTime=537102, deviceId=-1, source=0x101 }
W/InputMethodManagerService(  478): Window already focused, ignoring focus gain of: com.android.internal.view.IInputMethodClient$Stub$Proxy@4a9bf5b0 attribute=null, token = android.os.BinderProxy@4a990e50
I/System.out(13029): body:<com.flurry.sdk.iv: void n()>	sig:$r15 = virtualinvoke $r4.<java.net.HttpURLConnection: java.io.OutputStream getOutputStream()>()	timediff:124
V/PanelView(  537): animationTick called with dtms=0; nothing to do (h=0.0 v=-0.0)
I/chromium(13029): [INFO:CONSOLE(0)] "Application Cache Progress event (1 of 1) ", source: https://googleads.g.doubleclick.net/mads/static/mad/sdk/native/sdk-core-v40-loader.html (0)
I/chromium(13029): [INFO:CONSOLE(0)] "Application Cache Cached event", source: https://googleads.g.doubleclick.net/mads/static/mad/sdk/native/sdk-core-v40-loader.html (0)
W/ViewRootImpl(13029): Dropping event due to no window focus: KeyEvent { action=ACTION_DOWN, keyCode=KEYCODE_DPAD_CENTER, scanCode=0, metaState=0, flags=0x8, repeatCount=0, eventTime=537139, downTime=537139, deviceId=-1, source=0x101 }
W/ViewRootImpl(13029): Dropping event due to no window focus: KeyEvent { action=ACTION_DOWN, keyCode=KEYCODE_DPAD_UP, scanCode=0, metaState=0, flags=0x8, repeatCount=0, eventTime=537140, downTime=537140, deviceId=-1, source=0x101 }
W/ViewRootImpl(13029): Dropping event due to no window focus: KeyEvent { action=ACTION_DOWN, keyCode=KEYCODE_NUMPAD_MULTIPLY, scanCode=0, metaState=0, flags=0x8, repeatCount=0, eventTime=537140, downTime=537140, deviceId=-1, source=0x101 }
W/ViewRootImpl(13029): Dropping event due to no window focus: KeyEvent { action=ACTION_DOWN, keyCode=KEYCODE_DPAD_CENTER, scanCode=0, metaState=0, flags=0x8, repeatCount=0, eventTime=537141, downTime=537141, deviceId=-1, source=0x101 }
W/EGL_emulation(13029): eglSurfaceAttrib not implemented 3093 12436
I/System.out(13029): body:<com.flurry.sdk.iv: void n()>	sig:$i0 = virtualinvoke $r4.<java.net.HttpURLConnection: int getResponseCode()>()	timediff:48
I/System.out(13029): body:<com.flurry.sdk.iv: void n()>	sig:$r17 = virtualinvoke $r4.<java.net.HttpURLConnection: java.util.Map getHeaderFields()>()	timediff:1
I/System.out(13029): body:<com.flurry.sdk.iv: void n()>	sig:$r22 = virtualinvoke $r4.<java.net.HttpURLConnection: java.io.InputStream getInputStream()>()	timediff:0
I/System.out(13029): body:<empirical.HelperClass: void printURLInfo(java.lang.String,java.lang.String,java.net.URLConnection)>	sig:$r0 = virtualinvoke urlConnection.<java.net.URLConnection: java.net.URL getURL()>()	timediff:0
I/System.out(13029): body:<empirical.HelperClass: void printURLInfo(java.lang.String,java.lang.String,java.net.URLConnection)>	sig:urlString = virtualinvoke $r0.<java.net.URL: java.lang.String toString()>()	timediff:0
I/System.out(13029): body:<empirical.HelperClass: void printURLInfo(java.lang.String,java.lang.String,java.net.URLConnection)>	sig:isDoOutput = virtualinvoke urlConnection.<java.net.URLConnection: boolean getDoOutput()>()	timediff:0
I/System.out(13029): body:<empirical.HelperClass: java.lang.String getHeaderField(java.net.URLConnection,java.lang.String)>	sig:data = virtualinvoke conn.<java.net.URLConnection: java.lang.String getHeaderField(java.lang.String)>(field)	timediff:0
I/System.out(13029): body:<empirical.HelperClass: java.lang.String getHeaderField(java.net.URLConnection,java.lang.String)>	sig:data = virtualinvoke conn.<java.net.URLConnection: java.lang.String getHeaderField(java.lang.String)>(field)	timediff:0
I/System.out(13029): body:<empirical.HelperClass: java.lang.String getHeaderField(java.net.URLConnection,java.lang.String)>	sig:data = virtualinvoke conn.<java.net.URLConnection: java.lang.String getHeaderField(java.lang.String)>(field)	timediff:0
I/System.out(13029): body:<empirical.HelperClass: java.lang.String getHeaderField(java.net.URLConnection,java.lang.String)>	sig:data = virtualinvoke conn.<java.net.URLConnection: java.lang.String getHeaderField(java.lang.String)>(field)	timediff:0
I/System.out(13029): body:<empirical.HelperClass: java.lang.String getHeaderField(java.net.URLConnection,java.lang.String)>	sig:data = virtualinvoke conn.<java.net.URLConnection: java.lang.String getHeaderField(java.lang.String)>(field)	timediff:0
I/System.out(13029): URLConn;%;1;%;<com.flurry.sdk.iv: void n()>;%;$r22 = virtualinvoke $r4.<java.net.HttpURLConnection: java.io.InputStream getInputStream()>();%;https://data.flurry.com/aap.do;%;true;%;Not found;%;Not found;%;Not found;%;0;%;Not found
I/System.out(13029): body:<com.flurry.sdk.iv: void p()>	sig:virtualinvoke $r1.<java.net.HttpURLConnection: void disconnect()>()	timediff:0
W/InputManager(  478): Input event injection from pid 13019 failed.
W/InputMethodManagerService(  478): Window already focused, ignoring focus gain of: com.android.internal.view.IInputMethodClient$Stub$Proxy@4a9ed654 attribute=null, token = android.os.BinderProxy@4a990e50
W/InputManager(  478): Input event injection from pid 13019 failed.
W/InputManager(  478): Input event injection from pid 13019 failed.
W/InputManager(  478): Input event injection from pid 13019 failed.
W/InputManager(  478): Input event injection from pid 13019 failed.
W/InputManager(  478): Input event injection from pid 13019 failed.
W/InputManager(  478): Input event injection from pid 13019 failed.
W/InputManager(  478): Input event injection from pid 13019 failed.
W/EGL_emulation(13029): eglSurfaceAttrib not implemented 3093 12436
W/ViewRootImpl(13029): Dropping event due to no window focus: KeyEvent { action=ACTION_DOWN, keyCode=KEYCODE_L, scanCode=0, metaState=0, flags=0x8, repeatCount=0, eventTime=537199, downTime=537199, deviceId=-1, source=0x101 }
W/InputMethodManagerService(  478): Window already focused, ignoring focus gain of: com.android.internal.view.IInputMethodClient$Stub$Proxy@4a9c1cf8 attribute=null, token = android.os.BinderProxy@4a990e50
V/FlingTracker(  537): computeCurrentVelocity warning: totalweight=0
V/FlingTracker(  537): java.lang.Throwable
V/FlingTracker(  537): 	at com.android.systemui.statusbar.phone.PanelView$FlingTracker.computeCurrentVelocity(PanelView.java:162)
V/FlingTracker(  537): 	at com.android.systemui.statusbar.phone.PanelView$3.onTouch(PanelView.java:462)
V/FlingTracker(  537): 	at android.view.View.dispatchTouchEvent(View.java:7701)
V/FlingTracker(  537): 	at com.android.systemui.statusbar.phone.NotificationPanelView.onTouchEvent(NotificationPanelView.java:138)
V/FlingTracker(  537): 	at com.android.systemui.statusbar.phone.PanelBar.onTouchEvent(PanelBar.java:130)
V/FlingTracker(  537): 	at com.android.systemui.statusbar.phone.PhoneStatusBarView.onTouchEvent(PhoneStatusBarView.java:201)
V/FlingTracker(  537): 	at android.view.View.dispatchTouchEvent(View.java:7706)
V/FlingTracker(  537): 	at android.view.ViewGroup.dispatchTransformedTouchEvent(ViewGroup.java:2210)
V/FlingTracker(  537): 	at android.view.ViewGroup.dispatchTouchEvent(ViewGroup.java:1945)
V/FlingTracker(  537): 	at android.view.ViewGroup.dispatchTransformedTouchEvent(ViewGroup.java:2216)
V/FlingTracker(  537): 	at android.view.ViewGroup.dispatchTouchEvent(ViewGroup.java:1959)
V/FlingTracker(  537): 	at android.view.View.dispatchPointerEvent(View.java:7886)
V/FlingTracker(  537): 	at android.view.ViewRootImpl$ViewPostImeInputStage.processPointerEvent(ViewRootImpl.java:3978)
V/FlingTracker(  537): 	at android.view.ViewRootImpl$ViewPostImeInputStage.onProcess(ViewRootImpl.java:3857)
V/FlingTracker(  537): 	at android.view.ViewRootImpl$InputStage.deliver(ViewRootImpl.java:3423)
V/FlingTracker(  537): 	at android.view.ViewRootImpl$InputStage.onDeliverToNext(ViewRootImpl.java:3473)
V/FlingTracker(  537): 	at android.view.ViewRootImpl$InputStage.forward(ViewRootImpl.java:3442)
V/FlingTracker(  537): 	at android.view.ViewRootImpl$AsyncInputStage.forward(ViewRootImpl.java:3549)
V/FlingTracker(  537): 	at android.view.ViewRootImpl$InputStage.apply(ViewRootImpl.java:3450)
V/FlingTracker(  537): 	at android.view.ViewRootImpl$AsyncInputStage.apply(ViewRootImpl.java:3606)
V/FlingTracker(  537): 	at android.view.ViewRootImpl$InputStage.deliver(ViewRootImpl.java:3423)
V/FlingTracker(  537): 	at android.view.ViewRootImpl$InputStage.onDeliverToNext(ViewRootImpl.java:3473)
V/FlingTracker(  537): 	at android.view.ViewRootImpl$InputStage.forward(ViewRootImpl.java:3442)
V/FlingTracker(  537): 	at android.view.ViewRootImpl$InputStage.apply(ViewRootImpl.java:3450)
V/FlingTracker(  537): 	at android.view.ViewRootImpl$InputStage.deliver(ViewRootImpl.java:3423)
V/FlingTracker(  537): 	at android.view.ViewRootImpl.deliverInputEvent(ViewRootImpl.java:5626)
V/FlingTracker(  537): 	at android.view.ViewRootImpl.doProcessInputEvents(ViewRootImpl.java:5606)
V/FlingTracker(  537): 	at android.view.ViewRootImpl.enqueueInputEvent(ViewRootImpl.java:5577)
V/FlingTracker(  537): 	at android.view.ViewRootImpl$WindowInputEventReceiver.onInputEvent(ViewRootImpl.java:5706)
V/FlingTracker(  537): 	at android.view.InputEventReceiver.dispatchInputEvent(InputEventReceiver.java:185)
V/FlingTracker(  537): 	at android.os.MessageQueue.nativePollOnce(Native Method)
V/FlingTracker(  537): 	at android.os.MessageQueue.next(MessageQueue.java:138)
V/FlingTracker(  537): 	at android.os.Looper.loop(Looper.java:123)
V/FlingTracker(  537): 	at android.app.ActivityThread.main(ActivityThread.java:5019)
V/FlingTracker(  537): 	at java.lang.reflect.Method.invokeNative(Native Method)
V/FlingTracker(  537): 	at java.lang.reflect.Method.invoke(Method.java:515)
V/FlingTracker(  537): 	at com.android.internal.os.ZygoteInit$MethodAndArgsCaller.run(ZygoteInit.java:779)
V/FlingTracker(  537): 	at com.android.internal.os.ZygoteInit.main(ZygoteInit.java:595)
V/FlingTracker(  537): 	at dalvik.system.NativeStart.main(Native Method)
V/PanelView(  537): animationTick called with dtms=0; nothing to do (h=0.0 v=0.0)
