W/ViewRootImpl(13029): Dropping event due to no window focus: KeyEvent { action=ACTION_DOWN, keyCode=KEYCODE_DPAD_DOWN, scanCode=0, metaState=0, flags=0x8, repeatCount=0, eventTime=537274, downTime=537274, deviceId=-1, source=0x101 }
W/ViewRootImpl(13029): Dropping event due to no window focus: MotionEvent { action=ACTION_MOVE, id[0]=0, x[0]=-5.0, y[0]=1.0, toolType[0]=TOOL_TYPE_UNKNOWN, buttonState=0, metaState=0, flags=0x0, edgeFlags=0x0, pointerCount=1, historySize=3, eventTime=537277, downTime=-1, deviceId=0, source=0x10004 }
W/EGL_emulation(13029): eglSurfaceAttrib not implemented 3093 12436
W/InputMethodManagerService(  478): Window already focused, ignoring focus gain of: com.android.internal.view.IInputMethodClient$Stub$Proxy@4a996bc0 attribute=null, token = android.os.BinderProxy@4a990e50
W/InputManager(  478): Input event injection from pid 13019 failed.
W/ViewRootImpl(13029): Dropping event due to no window focus: KeyEvent { action=ACTION_DOWN, keyCode=KEYCODE_DPAD_UP, scanCode=0, metaState=0, flags=0x8, repeatCount=0, eventTime=537311, downTime=537311, deviceId=-1, source=0x101 }
W/ViewRootImpl(13029): Dropping event due to no window focus: KeyEvent { action=ACTION_DOWN, keyCode=KEYCODE_MANNER_MODE, scanCode=0, metaState=0, flags=0x8, repeatCount=0, eventTime=537313, downTime=537313, deviceId=-1, source=0x101 }
W/ViewRootImpl(13029): Dropping event due to no window focus: KeyEvent { action=ACTION_DOWN, keyCode=KEYCODE_F3, scanCode=0, metaState=0, flags=0x8, repeatCount=0, eventTime=537314, downTime=537314, deviceId=-1, source=0x101 }
W/ViewRootImpl(13029): Dropping event due to no window focus: KeyEvent { action=ACTION_DOWN, keyCode=KEYCODE_DPAD_DOWN, scanCode=0, metaState=0, flags=0x8, repeatCount=0, eventTime=537315, downTime=537315, deviceId=-1, source=0x101 }
W/EGL_emulation(13029): eglSurfaceAttrib not implemented 3093 12436
I/ActivityManager(  478): START u0 {act=android.intent.action.MAIN cat=[android.intent.category.LAUNCHER] flg=0x10200000 cmp=samsungupdate.com/.SplashActivity} from pid 13019
W/ViewRootImpl(13029): Dropping event due to no window focus: KeyEvent { action=ACTION_DOWN, keyCode=KEYCODE_DPAD_UP, scanCode=0, metaState=0, flags=0x8, repeatCount=0, eventTime=537322, downTime=537322, deviceId=-1, source=0x101 }
D/dalvikvm(13029): GC_CONCURRENT freed 884K, 14% free 5882K/6828K, paused 1ms+1ms, total 9ms
W/InputMethodManagerService(  478): Window already focused, ignoring focus gain of: com.android.internal.view.IInputMethodClient$Stub$Proxy@4a94dab4 attribute=null, token = android.os.BinderProxy@4a990e50
D/FirebaseApp(  653): Notifying background state change listeners.
W/EGL_emulation(  653): eglSurfaceAttrib not implemented 3093 12436
W/ViewRootImpl(  653): Dropping event due to no window focus: KeyEvent { action=ACTION_DOWN, keyCode=KEYCODE_MENU, scanCode=0, metaState=0, flags=0x8, repeatCount=0, eventTime=537361, downTime=537361, deviceId=-1, source=0x101 }
W/ContextImpl(  478): Calling a method in the system process without a qualified user: android.app.ContextImpl.sendBroadcast:1123 com.android.server.InputMethodManagerService.hideCurrentInputLocked:1880 com.android.server.InputMethodManagerService.windowGainedFocus:1968 com.android.internal.view.IInputMethodManager$Stub.onTransact:221 com.android.server.InputMethodManagerService.onTransact:818 
W/Launcher(  653): No global search activity found.
W/Launcher(  653): No global search activity found.
W/PropertyValuesHolder(  653): Method setBrightness() with type int not found on target class class ph
W/PropertyValuesHolder(  653): Method getBrightness() with type int not found on target class class ph
W/System.err(13029): javax.net.ssl.SSLException: hostname in certificate didn't match: <updato.com> != <fw.updato.com> OR <fw.updato.com>
W/System.err(13029): 	at org.apache.http.conn.ssl.AbstractVerifier.verify(AbstractVerifier.java:185)
W/System.err(13029): 	at org.apache.http.conn.ssl.BrowserCompatHostnameVerifier.verify(BrowserCompatHostnameVerifier.java:54)
W/System.err(13029): 	at org.apache.http.conn.ssl.AbstractVerifier.verify(AbstractVerifier.java:114)
W/System.err(13029): 	at org.apache.http.conn.ssl.AbstractVerifier.verify(AbstractVerifier.java:95)
W/System.err(13029): 	at org.apache.http.conn.ssl.SSLSocketFactory.createSocket(SSLSocketFactory.java:388)
W/System.err(13029): 	at org.apache.http.impl.conn.DefaultClientConnectionOperator.openConnection(DefaultClientConnectionOperator.java:165)
W/System.err(13029): 	at org.apache.http.impl.conn.AbstractPoolEntry.open(AbstractPoolEntry.java:164)
W/System.err(13029): 	at org.apache.http.impl.conn.AbstractPooledConnAdapter.open(AbstractPooledConnAdapter.java:119)
W/System.err(13029): 	at org.apache.http.impl.client.DefaultRequestDirector.execute(DefaultRequestDirector.java:360)
W/System.err(13029): 	at org.apache.http.impl.client.AbstractHttpClient.execute(AbstractHttpClient.java:555)
W/System.err(13029): 	at org.apache.http.impl.client.AbstractHttpClient.execute(AbstractHttpClient.java:487)
W/System.err(13029): 	at org.apache.http.impl.client.AbstractHttpClient.execute(AbstractHttpClient.java:465)
W/System.err(13029): 	at samsungupdate.com.utils.GlobalConstant.getHttpClientResponse(GlobalConstant.java:337)
W/System.err(13029): 	at samsungupdate.com.SplashActivity$GetNeedArticlesTask.doInBackground(SplashActivity.java:87)
W/System.err(13029): 	at samsungupdate.com.SplashActivity$GetNeedArticlesTask.doInBackground(SplashActivity.java:57)
W/System.err(13029): 	at android.os.AsyncTask$2.call(AsyncTask.java:288)
W/System.err(13029): 	at java.util.concurrent.FutureTask.run(FutureTask.java:237)
W/System.err(13029): 	at android.os.AsyncTask$SerialExecutor$1.run(AsyncTask.java:231)
W/System.err(13029): 	at java.util.concurrent.ThreadPoolExecutor.runWorker(ThreadPoolExecutor.java:1112)
W/System.err(13029): 	at java.util.concurrent.ThreadPoolExecutor$Worker.run(ThreadPoolExecutor.java:587)
W/System.err(13029): 	at java.lang.Thread.run(Thread.java:841)
I/ActivityManager(  478): START u0 {cmp=samsungupdate.com/.MainActivity} from pid 13029
W/ActivityManager(  478): startActivity called from finishing ActivityRecord{4a9e18d4 u0 samsungupdate.com/.SplashActivity t82 f}; forcing Intent.FLAG_ACTIVITY_NEW_TASK for: Intent { cmp=samsungupdate.com/.MainActivity }
W/ActivityManager(  478): Duplicate finish request for ActivityRecord{4a9e18d4 u0 samsungupdate.com/.SplashActivity t82 f}
I/ActivityManager(  478): START u0 {act=android.intent.action.MAIN cat=[android.intent.category.LAUNCHER] flg=0x10200000 cmp=com.vphone.helper/.MainActivity bnds=[946,174][1150,301] (has extras)} from pid 653
W/ContextImpl(  653): Calling a method in the system process without a qualified user: android.app.ContextImpl.sendBroadcast:1137 android.content.ContextWrapper.sendBroadcast:370 com.vphone.launcher.Stats.recordLaunch:129 com.vphone.launcher.Launcher.c:3192 com.vphone.launcher.Launcher.onClickAppShortcut:3144 
D/yeshen  (  653): launcher onpause
E/SurfaceFlinger(  166): glCheckFramebufferStatusOES error 36054
E/SurfaceFlinger(  166): got GL_FRAMEBUFFER_COMPLETE_OES error while taking screenshot
D/SurfaceFlinger(  166): setOrientation, mFbdev=0xb94ea050, mFbDev->setOrientation=0xb69bbce0, orientation=3
I/gralloc_nox(  166): setOrientation: orientation=3
I/ActivityManager(  478): Config changes=480 {1.0 310mcc16mnc en_US ldltr sw480dp w480dp h828dp 240dpi lrg long port finger qwerty/v/v dpad/v s.33}
D/Sensors (  478): Client connection accepted (191)
D/PhoneStatusBar(  537): mSettingsPanelGravity = 55
I/qtaguid (  716): Untagging socket 143 failed errno=-13
W/NetworkManagementSocketTagger(  716): untagSocket(143) failed with errno -13
D/dalvikvm(  537): GC_FOR_ALLOC freed 6587K, 31% free 11297K/16152K, paused 7ms, total 7ms
I/InputReader(  478): Reconfiguring input devices.  changes=0x00000004
I/InputReader(  478): Device reconfigured: id=1, name='seamless mouse', size 1280x720, orientation 3, mode 1, display id 0
I/InputReader(  478): Device reconfigured: id=3, name='Android Input', size 1280x720, orientation 3, mode 1, display id 0
I/InputReader(  478): Device reconfigured: id=8, name='VirtualBox USB Tablet', size 1280x720, orientation 3, mode 1, display id 0
I/dalvikvm-heap(  537): Grow heap (frag case) to 17.342MB for 6553612-byte allocation
D/dalvikvm(13029): GC_FOR_ALLOC freed 187K, 15% free 5826K/6828K, paused 3ms, total 3ms
I/dalvikvm-heap(13029): Grow heap (frag case) to 5.979MB for 244560-byte allocation
D/dalvikvm(  537): GC_FOR_ALLOC freed 1K, 22% free 17696K/22556K, paused 7ms, total 7ms
D/dalvikvm(  537): GC_CONCURRENT freed 3K, 22% free 17695K/22556K, paused 0ms+0ms, total 3ms
D/dalvikvm(13029): GC_FOR_ALLOC freed 9K, 15% free 6056K/7068K, paused 11ms, total 11ms
D/dalvikvm(13029): GC_FOR_ALLOC freed 8K, 15% free 6064K/7068K, paused 4ms, total 4ms
I/dalvikvm-heap(13029): Grow heap (frag case) to 6.211MB for 244536-byte allocation
D/dalvikvm(13029): GC_FOR_ALLOC freed <1K, 14% free 6302K/7308K, paused 6ms, total 6ms
D/Tinker.DefaultAppLike(  653): onConfigurationChanged:{1.0 310mcc16mnc en_US ldltr sw480dp w480dp h828dp 240dpi lrg long port finger qwerty/v/v dpad/v s.33}
D/dalvikvm(13029): GC_FOR_ALLOC freed 285K, 17% free 6082K/7308K, paused 5ms, total 5ms
I/dalvikvm-heap(13029): Grow heap (frag case) to 6.243MB for 259212-byte allocation
D/dalvikvm(13029): GC_FOR_ALLOC freed <1K, 17% free 6335K/7564K, paused 7ms, total 7ms
D/dalvikvm(13029): GC_FOR_ALLOC freed <1K, 17% free 6338K/7564K, paused 3ms, total 3ms
I/dalvikvm-heap(13029): Grow heap (frag case) to 6.543MB for 312780-byte allocation
D/dalvikvm(13029): GC_FOR_ALLOC freed <1K, 16% free 6643K/7872K, paused 9ms, total 9ms
D/dalvikvm(13029): GC_FOR_ALLOC freed <1K, 16% free 6645K/7872K, paused 2ms, total 2ms
I/dalvikvm-heap(13029): Grow heap (frag case) to 6.843MB for 312780-byte allocation
D/dalvikvm(13029): GC_FOR_ALLOC freed 0K, 16% free 6950K/8180K, paused 3ms, total 3ms
D/dalvikvm(13029): GC_FOR_ALLOC freed <1K, 16% free 6952K/8180K, paused 6ms, total 6ms
I/dalvikvm-heap(13029): Grow heap (frag case) to 7.144MB for 312780-byte allocation
D/dalvikvm(13029): GC_FOR_ALLOC freed 0K, 15% free 7257K/8488K, paused 5ms, total 5ms
D/PullToRefresh(13029): Setting Padding. L: 0, T: 0, R: 0, B: 0
D/PullToRefresh(13029): First Visible: 0. Visible Count: 0. Total Items:0
I/Ads     (13029): start fetching content...
D/DynamitePackage(13029): Instantiating com.google.android.gms.ads.ChimeraAdManagerCreatorImpl
I/Ads     (13029): Starting ad request.
I/Ads     (13029): Use AdRequest.Builder.addTestDevice("DADDEACD506FD4BD02989AD39CCF21B7") to get test ads on this device.
I/Ads     (13029): start fetching content...
W/Ads     (13029): Not retrying to fetch app settings
V/0       (13029): Action Count
I/NativeAdFetcher(13029): Fetching Ad now
D/PullToRefresh(13029): Setting mode to: BOTH
D/PullToRefresh(13029): Setting Padding. L: 0, T: 0, R: 0, B: 0
I/System.out(13029): body:<com.flurry.sdk.iv: void n()>	sig:specialinvoke $r6.<java.net.URL: void <init>(java.lang.String)>($r1)	timediff:0
I/System.out(13029): <com.flurry.sdk.iv: void n()>###specialinvoke $r6.<java.net.URL: void <init>(java.lang.String)>($r1)###https://ads.flurry.com/v14/getAds.do
I/System.out(13029): body:<com.flurry.sdk.iv: void n()>	sig:$r7 = virtualinvoke $r6.<java.net.URL: java.net.URLConnection openConnection()>()	timediff:0
I/System.out(13029): body:<com.flurry.sdk.iv: void n()>	sig:virtualinvoke $r4.<java.net.HttpURLConnection: void setConnectTimeout(int)>($i0)	timediff:0
I/System.out(13029): body:<com.flurry.sdk.iv: void n()>	sig:virtualinvoke $r4.<java.net.HttpURLConnection: void setReadTimeout(int)>($i0)	timediff:0
I/System.out(13029): body:<com.flurry.sdk.iv: void n()>	sig:virtualinvoke $r4.<java.net.HttpURLConnection: void setRequestMethod(java.lang.String)>($r1)	timediff:0
I/System.out(13029): body:<com.flurry.sdk.iv: void n()>	sig:virtualinvoke $r4.<java.net.HttpURLConnection: void setInstanceFollowRedirects(boolean)>($z0)	timediff:0
I/System.out(13029): body:<com.flurry.sdk.iv: void n()>	sig:virtualinvoke $r4.<java.net.HttpURLConnection: void setDoOutput(boolean)>($z0)	timediff:0
I/System.out(13029): body:<com.flurry.sdk.iv: void n()>	sig:virtualinvoke $r4.<java.net.HttpURLConnection: void setDoInput(boolean)>(1)	timediff:0
I/System.out(13029): body:<com.flurry.sdk.iv: void n()>	sig:virtualinvoke $r4.<java.net.HttpURLConnection: void addRequestProperty(java.lang.String,java.lang.String)>($r1, $r13)	timediff:0
I/System.out(13029): body:<com.flurry.sdk.iv: void n()>	sig:virtualinvoke $r4.<java.net.HttpURLConnection: void addRequestProperty(java.lang.String,java.lang.String)>($r1, $r13)	timediff:0
I/System.out(13029): body:<com.flurry.sdk.iv: void n()>	sig:virtualinvoke $r4.<java.net.HttpURLConnection: void addRequestProperty(java.lang.String,java.lang.String)>($r1, $r13)	timediff:0
W/Herrevad(  716): [55] sjl.a: On wifi, but couldn't get security type
D/dalvikvm(13029): GC_FOR_ALLOC freed 434K, 11% free 7771K/8728K, paused 5ms, total 5ms
I/dalvikvm-heap(13029): Grow heap (frag case) to 9.665MB for 2117820-byte allocation
W/DebugConnManager(  716): getNetworkInfo() on networkType 0
D/dalvikvm(13029): GC_FOR_ALLOC freed 1K, 9% free 9837K/10800K, paused 19ms, total 19ms
D/dalvikvm(13029): GC_CONCURRENT freed 1K, 9% free 10779K/11744K, paused 2ms+1ms, total 8ms
W/EGL_emulation(  537): eglSurfaceAttrib not implemented 3093 12436
D/dalvikvm(  716): GC_CONCURRENT freed 2506K, 32% free 10004K/14616K, paused 3ms+8ms, total 36ms
D/dalvikvm(  672): GC_EXPLICIT freed 260K, 17% free 3079K/3680K, paused 0ms+1ms, total 19ms
D/PullToRefresh(13029): Setting Padding. L: 0, T: 0, R: 0, B: 0
D/PullToRefresh(13029): First Visible: 0. Visible Count: 0. Total Items:0
W/ViewPager(13029): Requested offscreen page limit 0 too small; defaulting to 1
D/dalvikvm(  628): GC_CONCURRENT freed 1662K, 21% free 7071K/8860K, paused 1ms+11ms, total 31ms
V/SlidingMenu(13029): setting padding!
D/PullToRefresh(13029): Setting Padding. L: 0, T: 0, R: 0, B: 0
D/PullToRefresh(13029): First Visible: 0. Visible Count: 0. Total Items:0
D/dalvikvm(13029): GC_FOR_ALLOC freed 1049K, 13% free 10955K/12556K, paused 4ms, total 5ms
I/qtaguid (  716): Tagging socket 143 with tag 3000010500000000(805306629) for uid -1 failed errno=-13
I/NetworkManagementSocketTagger(  716): tagSocketFd(143, 805306629, -1) failed with errno-13
I/dalvikvm-heap(13029): Grow heap (frag case) to 14.908MB for 4354572-byte allocation
D/dalvikvm(13029): GC_CONCURRENT freed 6K, 10% free 15201K/16812K, paused 2ms+0ms, total 6ms
I/NativeAdFetcher(13029): Fetching Ad now
D/PullToRefresh(13029): Setting mode to: BOTH
D/PullToRefresh(13029): Setting Padding. L: 0, T: 0, R: 0, B: 0
D/PullToRefresh(13029): Setting Padding. L: 0, T: 0, R: 0, B: 0
D/PullToRefresh(13029): First Visible: 0. Visible Count: 0. Total Items:0
I/NativeAdFetcher(13029): Fetching Ad now
D/PullToRefresh(13029): Setting mode to: BOTH
D/PullToRefresh(13029): Setting Padding. L: 0, T: 0, R: 0, B: 0
W/EGL_emulation(13029): eglSurfaceAttrib not implemented 3093 12436
V/CustomViewBehind(13029): behind INVISIBLE
D/PullToRefresh(13029): onSizeChanged. W: 720, H: 1020
D/PullToRefresh(13029): Setting Padding. L: 0, T: -612, R: 0, B: -612
D/PullToRefresh(13029): First Visible: 0. Visible Count: 3. Total Items:3
D/PullToRefresh(13029): onSizeChanged. W: 720, H: 1020
D/PullToRefresh(13029): Setting Padding. L: 0, T: -612, R: 0, B: -612
D/PullToRefresh(13029): First Visible: 0. Visible Count: 2. Total Items:2
D/PullToRefresh(13029): First Visible: 0. Visible Count: 3. Total Items:3
I/System.out(13029): body:<com.flurry.sdk.iv: void n()>	sig:$r15 = virtualinvoke $r4.<java.net.HttpURLConnection: java.io.OutputStream getOutputStream()>()	timediff:290
W/IInputConnectionWrapper(  653): showStatusIcon on inactive InputConnection
W/ContextImpl(  478): Calling a method in the system process without a qualified user: android.app.ContextImpl.sendBroadcast:1123 com.android.server.InputMethodManagerService.hideCurrentInputLocked:1880 com.android.server.InputMethodManagerService.windowGainedFocus:1968 com.android.internal.view.IInputMethodManager$Stub.onTransact:221 com.android.server.InputMethodManagerService.onTransact:818 
I/ActivityManager(  478): Displayed samsungupdate.com/.MainActivity: +524ms
D/PullToRefresh(13029): First Visible: 0. Visible Count: 3. Total Items:3
D/PullToRefresh(13029): First Visible: 0. Visible Count: 2. Total Items:2
I/WindowManager(  478): Screen frozen for +539ms due to Window{4ab711fc u0 Starting samsungupdate.com}
D/PullToRefresh(13029): First Visible: 0. Visible Count: 3. Total Items:3
D/PullToRefresh(13029): First Visible: 0. Visible Count: 2. Total Items:2
V/CustomViewAbove(13029): Received ACTION_DOWN
D/PullToRefresh(13029): isLastItemVisible. Empty View.
D/PullToRefresh(13029): First Visible: 0. Visible Count: 3. Total Items:3
D/PullToRefresh(13029): First Visible: 0. Visible Count: 3. Total Items:3
I/ActivityManager(  478): START u0 {act=android.intent.action.MAIN cat=[android.intent.category.LAUNCHER] flg=0x10200000 cmp=samsungupdate.com/.SplashActivity} from pid 13019
I/qtaguid (  716): Tagging socket 234 with tag 3000330000000000(805319424) for uid -1 failed errno=-13
I/NetworkManagementSocketTagger(  716): tagSocketFd(234, 805319424, -1) failed with errno-13
V/1       (13029): Action Count
W/Ads     (13029): Aborting last ad request since another ad request is already in progress. The current request object will still be cached for future refreshes.
W/ViewRootImpl(13029): Dropping event due to no window focus: KeyEvent { action=ACTION_DOWN, keyCode=KEYCODE_DPAD_DOWN, scanCode=0, metaState=0, flags=0x8, repeatCount=0, eventTime=538068, downTime=538068, deviceId=-1, source=0x101 }
W/EGL_emulation(13029): eglSurfaceAttrib not implemented 3093 12436
I/qtaguid (  716): Untagging socket 234 failed errno=-13
W/NetworkManagementSocketTagger(  716): untagSocket(234) failed with errno -13
E/Ads     (13029): JS: Unrecognized Content-Security-Policy directive 'child-src'.
E/Ads     (13029):  (:0)
I/chromium(13029): [INFO:CONSOLE(0)] "Unrecognized Content-Security-Policy directive 'child-src'.
I/chromium(13029): ", source:  (0)
E/Ads     (13029): JS: Unrecognized Content-Security-Policy directive 'child-src'.
E/Ads     (13029):  (:0)
I/chromium(13029): [INFO:CONSOLE(0)] "Unrecognized Content-Security-Policy directive 'child-src'.
I/chromium(13029): ", source:  (0)
W/ViewRootImpl(13029): Dropping event due to no window focus: KeyEvent { action=ACTION_DOWN, keyCode=KEYCODE_DPAD_LEFT, scanCode=0, metaState=0, flags=0x8, repeatCount=0, eventTime=538071, downTime=538071, deviceId=-1, source=0x101 }
W/ContextImpl(  478): Calling a method in the system process without a qualified user: android.app.ContextImpl.sendBroadcast:1123 com.android.server.InputMethodManagerService.hideCurrentInputLocked:1880 com.android.server.InputMethodManagerService.windowGainedFocus:1968 com.android.internal.view.IInputMethodManager$Stub.onTransact:221 com.android.server.InputMethodManagerService.onTransact:818 
I/System.out(13029): body:<com.flurry.sdk.iv: void n()>	sig:$i0 = virtualinvoke $r4.<java.net.HttpURLConnection: int getResponseCode()>()	timediff:182
I/System.out(13029): body:<com.flurry.sdk.iv: void n()>	sig:$r17 = virtualinvoke $r4.<java.net.HttpURLConnection: java.util.Map getHeaderFields()>()	timediff:0
I/System.out(13029): body:<com.flurry.sdk.iv: void n()>	sig:$r22 = virtualinvoke $r4.<java.net.HttpURLConnection: java.io.InputStream getInputStream()>()	timediff:0
I/System.out(13029): body:<empirical.HelperClass: void printURLInfo(java.lang.String,java.lang.String,java.net.URLConnection)>	sig:$r0 = virtualinvoke urlConnection.<java.net.URLConnection: java.net.URL getURL()>()	timediff:0
I/System.out(13029): body:<empirical.HelperClass: void printURLInfo(java.lang.String,java.lang.String,java.net.URLConnection)>	sig:urlString = virtualinvoke $r0.<java.net.URL: java.lang.String toString()>()	timediff:0
I/System.out(13029): body:<empirical.HelperClass: void printURLInfo(java.lang.String,java.lang.String,java.net.URLConnection)>	sig:isDoOutput = virtualinvoke urlConnection.<java.net.URLConnection: boolean getDoOutput()>()	timediff:0
I/System.out(13029): body:<empirical.HelperClass: java.lang.String getHeaderField(java.net.URLConnection,java.lang.String)>	sig:data = virtualinvoke conn.<java.net.URLConnection: java.lang.String getHeaderField(java.lang.String)>(field)	timediff:0
I/System.out(13029): body:<empirical.HelperClass: java.lang.String getHeaderField(java.net.URLConnection,java.lang.String)>	sig:data = virtualinvoke conn.<java.net.URLConnection: java.lang.String getHeaderField(java.lang.String)>(field)	timediff:0
I/System.out(13029): body:<empirical.HelperClass: java.lang.String getHeaderField(java.net.URLConnection,java.lang.String)>	sig:data = virtualinvoke conn.<java.net.URLConnection: java.lang.String getHeaderField(java.lang.String)>(field)	timediff:0
I/System.out(13029): body:<empirical.HelperClass: java.lang.String getHeaderField(java.net.URLConnection,java.lang.String)>	sig:data = virtualinvoke conn.<java.net.URLConnection: java.lang.String getHeaderField(java.lang.String)>(field)	timediff:0
I/System.out(13029): body:<empirical.HelperClass: java.lang.String getHeaderField(java.net.URLConnection,java.lang.String)>	sig:data = virtualinvoke conn.<java.net.URLConnection: java.lang.String getHeaderField(java.lang.String)>(field)	timediff:0
I/System.out(13029): URLConn;%;2;%;<com.flurry.sdk.iv: void n()>;%;$r22 = virtualinvoke $r4.<java.net.HttpURLConnection: java.io.InputStream getInputStream()>();%;https://ads.flurry.com/v14/getAds.do;%;true;%;Not found;%;Not found;%;Not found;%;0;%;Not found
I/qtaguid (  716): Tagging socket 234 with tag 3000330000000000(805319424) for uid 1000 failed errno=-13
I/NetworkManagementSocketTagger(  716): tagSocketFd(234, 805319424, 1000) failed with errno-13
E/Ads     (13029): JS: Unrecognized Content-Security-Policy directive 'child-src'.
E/Ads     (13029):  (:0)
I/chromium(13029): [INFO:CONSOLE(0)] "Unrecognized Content-Security-Policy directive 'child-src'.
I/chromium(13029): ", source:  (0)
I/qtaguid (  716): Untagging socket 143 failed errno=-13
W/NetworkManagementSocketTagger(  716): untagSocket(143) failed with errno -13
I/qtaguid (  716): Untagging socket 234 failed errno=-13
W/NetworkManagementSocketTagger(  716): untagSocket(234) failed with errno -13
I/Ads     (13029): Ad finished loading.
I/System.out(13029): body:<com.flurry.sdk.iv: void p()>	sig:virtualinvoke $r1.<java.net.HttpURLConnection: void disconnect()>()	timediff:0
I/System.out(13029): body:<com.flurry.sdk.iv: void n()>	sig:specialinvoke $r6.<java.net.URL: void <init>(java.lang.String)>($r1)	timediff:0
I/System.out(13029): <com.flurry.sdk.iv: void n()>###specialinvoke $r6.<java.net.URL: void <init>(java.lang.String)>($r1)###https://cdn.flurry.com/sdkAssets/videocontrols/v1/android.zip
I/System.out(13029): body:<com.flurry.sdk.ab: boolean a(java.lang.String,long)>	sig:$r7 = staticinvoke <java.net.URLConnection: java.lang.String guessContentTypeFromName(java.lang.String)>($r6)	timediff:0
I/System.out(13029): body:<com.flurry.sdk.iv: void n()>	sig:$r7 = virtualinvoke $r6.<java.net.URL: java.net.URLConnection openConnection()>()	timediff:1
I/System.out(13029): body:<com.flurry.sdk.iv: void n()>	sig:virtualinvoke $r4.<java.net.HttpURLConnection: void setConnectTimeout(int)>($i0)	timediff:0
I/System.out(13029): body:<com.flurry.sdk.iv: void n()>	sig:virtualinvoke $r4.<java.net.HttpURLConnection: void setReadTimeout(int)>($i0)	timediff:0
I/System.out(13029): body:<com.flurry.sdk.iv: void n()>	sig:virtualinvoke $r4.<java.net.HttpURLConnection: void setRequestMethod(java.lang.String)>($r1)	timediff:0
I/System.out(13029): body:<com.flurry.sdk.iv: void n()>	sig:virtualinvoke $r4.<java.net.HttpURLConnection: void setInstanceFollowRedirects(boolean)>($z0)	timediff:0
I/System.out(13029): body:<com.flurry.sdk.iv: void n()>	sig:virtualinvoke $r4.<java.net.HttpURLConnection: void setDoOutput(boolean)>($z0)	timediff:0
I/System.out(13029): body:<com.flurry.sdk.iv: void n()>	sig:virtualinvoke $r4.<java.net.HttpURLConnection: void setDoInput(boolean)>(1)	timediff:0
I/System.out(13029): body:<com.flurry.sdk.ab: boolean a(java.lang.String,long)>	sig:$r7 = staticinvoke <java.net.URLConnection: java.lang.String guessContentTypeFromName(java.lang.String)>($r6)	timediff:0
I/System.out(13029): body:<com.flurry.sdk.ab: boolean a(java.lang.String,long)>	sig:$r7 = staticinvoke <java.net.URLConnection: java.lang.String guessContentTypeFromName(java.lang.String)>($r6)	timediff:0
I/System.out(13029): body:<com.flurry.sdk.ab: boolean a(java.lang.String,long)>	sig:$r7 = staticinvoke <java.net.URLConnection: java.lang.String guessContentTypeFromName(java.lang.String)>($r6)	timediff:1
I/System.out(13029): body:<com.flurry.sdk.ab: boolean a(java.lang.String,long)>	sig:$r7 = staticinvoke <java.net.URLConnection: java.lang.String guessContentTypeFromName(java.lang.String)>($r6)	timediff:0
I/System.out(13029): body:<com.flurry.sdk.ab: boolean a(java.lang.String,long)>	sig:$r7 = staticinvoke <java.net.URLConnection: java.lang.String guessContentTypeFromName(java.lang.String)>($r6)	timediff:0
I/System.out(13029): body:<com.flurry.sdk.ab: boolean a(java.lang.String,long)>	sig:$r7 = staticinvoke <java.net.URLConnection: java.lang.String guessContentTypeFromName(java.lang.String)>($r6)	timediff:0
I/System.out(13029): body:<com.flurry.sdk.ab: boolean a(java.lang.String,long)>	sig:$r7 = staticinvoke <java.net.URLConnection: java.lang.String guessContentTypeFromName(java.lang.String)>($r6)	timediff:0
I/System.out(13029): body:<com.flurry.sdk.ab: boolean a(java.lang.String,long)>	sig:$r7 = staticinvoke <java.net.URLConnection: java.lang.String guessContentTypeFromName(java.lang.String)>($r6)	timediff:0
I/System.out(13029): body:<com.flurry.sdk.ab: boolean a(java.lang.String,long)>	sig:$r7 = staticinvoke <java.net.URLConnection: java.lang.String guessContentTypeFromName(java.lang.String)>($r6)	timediff:0
I/System.out(13029): body:<com.flurry.sdk.ab: boolean a(java.lang.String,long)>	sig:$r7 = staticinvoke <java.net.URLConnection: java.lang.String guessContentTypeFromName(java.lang.String)>($r6)	timediff:0
I/System.out(13029): body:<com.flurry.sdk.ab: boolean a(java.lang.String,long)>	sig:$r7 = staticinvoke <java.net.URLConnection: java.lang.String guessContentTypeFromName(java.lang.String)>($r6)	timediff:0
I/System.out(13029): body:<com.flurry.sdk.ab: boolean a(java.lang.String,long)>	sig:$r7 = staticinvoke <java.net.URLConnection: java.lang.String guessContentTypeFromName(java.lang.String)>($r6)	timediff:0
I/System.out(13029): body:<com.flurry.sdk.ab: boolean a(java.lang.String,long)>	sig:$r7 = staticinvoke <java.net.URLConnection: java.lang.String guessContentTypeFromName(java.lang.String)>($r6)	timediff:0
I/System.out(13029): body:<com.flurry.sdk.ab: boolean a(java.lang.String,long)>	sig:$r7 = staticinvoke <java.net.URLConnection: java.lang.String guessContentTypeFromName(java.lang.String)>($r6)	timediff:0
I/System.out(13029): body:<com.flurry.sdk.ab: boolean a(java.lang.String,long)>	sig:$r7 = staticinvoke <java.net.URLConnection: java.lang.String guessContentTypeFromName(java.lang.String)>($r6)	timediff:0
I/System.out(13029): body:<com.flurry.sdk.ab: boolean a(java.lang.String,long)>	sig:$r7 = staticinvoke <java.net.URLConnection: java.lang.String guessContentTypeFromName(java.lang.String)>($r6)	timediff:0
I/System.out(13029): body:<com.flurry.sdk.ab: boolean a(java.lang.String,long)>	sig:$r7 = staticinvoke <java.net.URLConnection: java.lang.String guessContentTypeFromName(java.lang.String)>($r6)	timediff:0
W/EGL_emulation(13029): eglSurfaceAttrib not implemented 3093 12436
I/ActivityManager(  478): START u0 {act=android.intent.action.MAIN cat=[android.intent.category.HOME] flg=0x10200000 cmp=com.vphone.launcher/.Launcher} from pid 478
W/InputEventReceiver(13029): Attempted to finish an input event but the input event receiver has already been disposed.
D/PullToRefresh(13029): First Visible: 0. Visible Count: 3. Total Items:3
D/PullToRefresh(13029): First Visible: 0. Visible Count: 2. Total Items:2
V/CustomViewAbove(13029): Received ACTION_DOWN
W/ViewRootImpl(13029): Dropping event due to root view being removed: KeyEvent { action=ACTION_DOWN, keyCode=KEYCODE_MENU, scanCode=0, metaState=0, flags=0x8, repeatCount=0, eventTime=538296, downTime=538296, deviceId=-1, source=0x101 }
W/ViewRootImpl(13029): Dropping event due to no window focus: KeyEvent { action=ACTION_DOWN, keyCode=KEYCODE_F11, scanCode=0, metaState=0, flags=0x8, repeatCount=0, eventTime=538299, downTime=538299, deviceId=-1, source=0x101 }
W/ContextImpl(  478): Calling a method in the system process without a qualified user: android.app.ContextImpl.sendBroadcast:1123 com.android.server.InputMethodManagerService.hideCurrentInputLocked:1880 com.android.server.InputMethodManagerService.windowGainedFocus:1968 com.android.internal.view.IInputMethodManager$Stub.onTransact:221 com.android.server.InputMethodManagerService.onTransact:818 
D/PullToRefresh(13029): First Visible: 0. Visible Count: 3. Total Items:3
D/PullToRefresh(13029): First Visible: 0. Visible Count: 2. Total Items:2
V/CustomViewAbove(13029): Received ACTION_DOWN
V/CustomViewAbove(13029): Received ACTION_DOWN
E/Ads     (13029): JS: Unrecognized Content-Security-Policy directive 'child-src'.
E/Ads     (13029):  (:0)
I/chromium(13029): [INFO:CONSOLE(0)] "Unrecognized Content-Security-Policy directive 'child-src'.
I/chromium(13029): ", source:  (0)
E/Ads     (13029): JS: Unrecognized Content-Security-Policy directive 'form-action'.
E/Ads     (13029):  (:0)
I/chromium(13029): [INFO:CONSOLE(0)] "Unrecognized Content-Security-Policy directive 'form-action'.
I/chromium(13029): ", source:  (0)
D/PullToRefresh(13029): First Visible: 0. Visible Count: 3. Total Items:3
D/PullToRefresh(13029): First Visible: 0. Visible Count: 3. Total Items:3
D/PullToRefresh(13029): First Visible: 0. Visible Count: 2. Total Items:2
V/CustomViewAbove(13029): Received ACTION_DOWN
I/System.out(13029): body:<com.flurry.sdk.iv: void n()>	sig:$i0 = virtualinvoke $r4.<java.net.HttpURLConnection: int getResponseCode()>()	timediff:105
I/System.out(13029): body:<com.flurry.sdk.iv: void n()>	sig:$r17 = virtualinvoke $r4.<java.net.HttpURLConnection: java.util.Map getHeaderFields()>()	timediff:0
I/System.out(13029): body:<com.flurry.sdk.iv: void n()>	sig:$r22 = virtualinvoke $r4.<java.net.HttpURLConnection: java.io.InputStream getInputStream()>()	timediff:0
I/System.out(13029): body:<empirical.HelperClass: void printURLInfo(java.lang.String,java.lang.String,java.net.URLConnection)>	sig:$r0 = virtualinvoke urlConnection.<java.net.URLConnection: java.net.URL getURL()>()	timediff:0
I/System.out(13029): body:<empirical.HelperClass: void printURLInfo(java.lang.String,java.lang.String,java.net.URLConnection)>	sig:urlString = virtualinvoke $r0.<java.net.URL: java.lang.String toString()>()	timediff:0
I/System.out(13029): body:<empirical.HelperClass: void printURLInfo(java.lang.String,java.lang.String,java.net.URLConnection)>	sig:isDoOutput = virtualinvoke urlConnection.<java.net.URLConnection: boolean getDoOutput()>()	timediff:0
I/System.out(13029): body:<empirical.HelperClass: java.lang.String getHeaderField(java.net.URLConnection,java.lang.String)>	sig:data = virtualinvoke conn.<java.net.URLConnection: java.lang.String getHeaderField(java.lang.String)>(field)	timediff:1
I/System.out(13029): body:<empirical.HelperClass: java.lang.String getHeaderField(java.net.URLConnection,java.lang.String)>	sig:data = virtualinvoke conn.<java.net.URLConnection: java.lang.String getHeaderField(java.lang.String)>(field)	timediff:0
I/System.out(13029): body:<empirical.HelperClass: java.lang.String getHeaderField(java.net.URLConnection,java.lang.String)>	sig:data = virtualinvoke conn.<java.net.URLConnection: java.lang.String getHeaderField(java.lang.String)>(field)	timediff:0
I/System.out(13029): body:<empirical.HelperClass: java.lang.String getHeaderField(java.net.URLConnection,java.lang.String)>	sig:data = virtualinvoke conn.<java.net.URLConnection: java.lang.String getHeaderField(java.lang.String)>(field)	timediff:0
I/System.out(13029): body:<empirical.HelperClass: java.lang.String getHeaderField(java.net.URLConnection,java.lang.String)>	sig:data = virtualinvoke conn.<java.net.URLConnection: java.lang.String getHeaderField(java.lang.String)>(field)	timediff:0
I/System.out(13029): URLConn;%;3;%;<com.flurry.sdk.iv: void n()>;%;$r22 = virtualinvoke $r4.<java.net.HttpURLConnection: java.io.InputStream getInputStream()>();%;https://cdn.flurry.com/sdkAssets/videocontrols/v1/android.zip;%;false;%;48500;%;max-age=86400,public;%;Fri, 13 Apr 2018 11:04:38 GMT;%;29060;%;Not found
D/yeshen  (  653): launcher onstop
D/PullToRefresh(13029): First Visible: 0. Visible Count: 3. Total Items:3
D/PullToRefresh(13029): First Visible: 0. Visible Count: 2. Total Items:2
V/CustomViewAbove(13029): Received ACTION_DOWN
D/FirebaseApp(  653): Notifying background state change listeners.
D/Tinker.DefaultAppLike(  653): onTrimMemory level:20
W/DebugConnManager(  653): getNetworkInfo() on networkType 1
D/dalvikvm(13029): GC_FOR_ALLOC freed 2191K, 13% free 15943K/18196K, paused 6ms, total 7ms
I/dalvikvm-heap(13029): Grow heap (frag case) to 20.817MB for 5443212-byte allocation
D/dalvikvm(13029): GC_FOR_ALLOC freed 69K, 10% free 21189K/23512K, paused 9ms, total 9ms
D/dalvikvm(13029): GC_CONCURRENT freed <1K, 10% free 21189K/23512K, paused 2ms+1ms, total 9ms
I/System.out(13029): body:<com.flurry.sdk.iv: void p()>	sig:virtualinvoke $r1.<java.net.HttpURLConnection: void disconnect()>()	timediff:0
I/System.out(13029): body:<com.flurry.sdk.iv: void n()>	sig:specialinvoke $r6.<java.net.URL: void <init>(java.lang.String)>($r1)	timediff:0
I/System.out(13029): <com.flurry.sdk.iv: void n()>###specialinvoke $r6.<java.net.URL: void <init>(java.lang.String)>($r1)###https://s.yimg.com/av/moneyball/ads/1521548810923-32.jpg
I/System.out(13029): body:<com.flurry.sdk.iv: void n()>	sig:$r7 = virtualinvoke $r6.<java.net.URL: java.net.URLConnection openConnection()>()	timediff:0
I/System.out(13029): body:<com.flurry.sdk.iv: void n()>	sig:virtualinvoke $r4.<java.net.HttpURLConnection: void setConnectTimeout(int)>($i0)	timediff:0
I/System.out(13029): body:<com.flurry.sdk.iv: void n()>	sig:virtualinvoke $r4.<java.net.HttpURLConnection: void setReadTimeout(int)>($i0)	timediff:0
I/System.out(13029): body:<com.flurry.sdk.iv: void n()>	sig:virtualinvoke $r4.<java.net.HttpURLConnection: void setRequestMethod(java.lang.String)>($r1)	timediff:0
I/System.out(13029): body:<com.flurry.sdk.iv: void n()>	sig:virtualinvoke $r4.<java.net.HttpURLConnection: void setInstanceFollowRedirects(boolean)>($z0)	timediff:0
I/System.out(13029): body:<com.flurry.sdk.iv: void n()>	sig:virtualinvoke $r4.<java.net.HttpURLConnection: void setDoOutput(boolean)>($z0)	timediff:0
I/System.out(13029): body:<com.flurry.sdk.iv: void n()>	sig:virtualinvoke $r4.<java.net.HttpURLConnection: void setDoInput(boolean)>(1)	timediff:0
I/System.out(13029): body:<com.flurry.sdk.iv: void n()>	sig:virtualinvoke $r4.<java.net.HttpURLConnection: void setRequestProperty(java.lang.String,java.lang.String)>("Accept-Encoding", "")	timediff:0
D/dalvikvm(  653): GC_FOR_ALLOC freed 2453K, 5% free 160326K/167940K, paused 26ms, total 26ms
I/dalvikvm-heap(  653): Grow heap (frag case) to 157.601MB for 956556-byte allocation
D/dalvikvm(  653): GC_FOR_ALLOC freed 3K, 5% free 161257K/168876K, paused 25ms, total 25ms
D/dalvikvm(  653): GC_FOR_ALLOC freed 1K, 5% free 161306K/168876K, paused 37ms, total 37ms
I/dalvikvm-heap(  653): Grow heap (frag case) to 158.557MB for 956556-byte allocation
I/System.out(13029): body:<com.flurry.sdk.iv: void n()>	sig:$i0 = virtualinvoke $r4.<java.net.HttpURLConnection: int getResponseCode()>()	timediff:82
I/System.out(13029): body:<com.flurry.sdk.iv: void n()>	sig:$r17 = virtualinvoke $r4.<java.net.HttpURLConnection: java.util.Map getHeaderFields()>()	timediff:0
I/System.out(13029): body:<com.flurry.sdk.iv: void p()>	sig:virtualinvoke $r1.<java.net.HttpURLConnection: void disconnect()>()	timediff:0
I/System.out(13029): body:<com.flurry.sdk.iv: void n()>	sig:specialinvoke $r6.<java.net.URL: void <init>(java.lang.String)>($r1)	timediff:0
I/System.out(13029): <com.flurry.sdk.iv: void n()>###specialinvoke $r6.<java.net.URL: void <init>(java.lang.String)>($r1)###https://s.yimg.com/av/moneyball/ads/1493755698636-4959.jpg
I/System.out(13029): body:<com.flurry.sdk.iv: void n()>	sig:$r7 = virtualinvoke $r6.<java.net.URL: java.net.URLConnection openConnection()>()	timediff:0
I/System.out(13029): body:<com.flurry.sdk.iv: void n()>	sig:virtualinvoke $r4.<java.net.HttpURLConnection: void setConnectTimeout(int)>($i0)	timediff:0
I/System.out(13029): body:<com.flurry.sdk.iv: void n()>	sig:virtualinvoke $r4.<java.net.HttpURLConnection: void setReadTimeout(int)>($i0)	timediff:0
I/System.out(13029): body:<com.flurry.sdk.iv: void n()>	sig:virtualinvoke $r4.<java.net.HttpURLConnection: void setRequestMethod(java.lang.String)>($r1)	timediff:0
I/System.out(13029): body:<com.flurry.sdk.iv: void n()>	sig:virtualinvoke $r4.<java.net.HttpURLConnection: void setInstanceFollowRedirects(boolean)>($z0)	timediff:0
I/System.out(13029): body:<com.flurry.sdk.iv: void n()>	sig:virtualinvoke $r4.<java.net.HttpURLConnection: void setDoOutput(boolean)>($z0)	timediff:0
I/System.out(13029): body:<com.flurry.sdk.iv: void n()>	sig:virtualinvoke $r4.<java.net.HttpURLConnection: void setDoInput(boolean)>(1)	timediff:0
I/System.out(13029): body:<com.flurry.sdk.iv: void n()>	sig:virtualinvoke $r4.<java.net.HttpURLConnection: void setRequestProperty(java.lang.String,java.lang.String)>("Accept-Encoding", "")	timediff:0
I/System.out(13029): body:<com.flurry.sdk.iv: void n()>	sig:$i0 = virtualinvoke $r4.<java.net.HttpURLConnection: int getResponseCode()>()	timediff:33
I/System.out(13029): body:<com.flurry.sdk.iv: void n()>	sig:$r17 = virtualinvoke $r4.<java.net.HttpURLConnection: java.util.Map getHeaderFields()>()	timediff:0
I/System.out(13029): body:<com.flurry.sdk.iv: void p()>	sig:virtualinvoke $r1.<java.net.HttpURLConnection: void disconnect()>()	timediff:0
I/System.out(13029): body:<com.flurry.sdk.iv: void n()>	sig:specialinvoke $r6.<java.net.URL: void <init>(java.lang.String)>($r1)	timediff:0
I/System.out(13029): <com.flurry.sdk.iv: void n()>###specialinvoke $r6.<java.net.URL: void <init>(java.lang.String)>($r1)###https://s.yimg.com/av/curveball/ads/pr/RESIZE/82x82/f23d03623b7d712f010cafc931ac872e.jpeg
I/System.out(13029): body:<com.flurry.sdk.iv: void n()>	sig:$r7 = virtualinvoke $r6.<java.net.URL: java.net.URLConnection openConnection()>()	timediff:0
I/System.out(13029): body:<com.flurry.sdk.iv: void n()>	sig:virtualinvoke $r4.<java.net.HttpURLConnection: void setConnectTimeout(int)>($i0)	timediff:0
I/System.out(13029): body:<com.flurry.sdk.iv: void n()>	sig:virtualinvoke $r4.<java.net.HttpURLConnection: void setReadTimeout(int)>($i0)	timediff:0
I/System.out(13029): body:<com.flurry.sdk.iv: void n()>	sig:virtualinvoke $r4.<java.net.HttpURLConnection: void setRequestMethod(java.lang.String)>($r1)	timediff:0
I/System.out(13029): body:<com.flurry.sdk.iv: void n()>	sig:virtualinvoke $r4.<java.net.HttpURLConnection: void setInstanceFollowRedirects(boolean)>($z0)	timediff:0
I/System.out(13029): body:<com.flurry.sdk.iv: void n()>	sig:virtualinvoke $r4.<java.net.HttpURLConnection: void setDoOutput(boolean)>($z0)	timediff:0
I/System.out(13029): body:<com.flurry.sdk.iv: void n()>	sig:virtualinvoke $r4.<java.net.HttpURLConnection: void setDoInput(boolean)>(1)	timediff:0
I/System.out(13029): body:<com.flurry.sdk.iv: void n()>	sig:virtualinvoke $r4.<java.net.HttpURLConnection: void setRequestProperty(java.lang.String,java.lang.String)>("Accept-Encoding", "")	timediff:0
D/dalvikvm(  653): GC_FOR_ALLOC freed <1K, 5% free 162240K/169812K, paused 41ms, total 41ms
I/System.out(13029): body:<com.flurry.sdk.iv: void n()>	sig:$i0 = virtualinvoke $r4.<java.net.HttpURLConnection: int getResponseCode()>()	timediff:25
I/System.out(13029): body:<com.flurry.sdk.iv: void n()>	sig:$r17 = virtualinvoke $r4.<java.net.HttpURLConnection: java.util.Map getHeaderFields()>()	timediff:0
I/System.out(13029): body:<com.flurry.sdk.iv: void p()>	sig:virtualinvoke $r1.<java.net.HttpURLConnection: void disconnect()>()	timediff:0
I/System.out(13029): body:<com.flurry.sdk.iv: void n()>	sig:specialinvoke $r6.<java.net.URL: void <init>(java.lang.String)>($r1)	timediff:0
I/System.out(13029): <com.flurry.sdk.iv: void n()>###specialinvoke $r6.<java.net.URL: void <init>(java.lang.String)>($r1)###https://s.yimg.com/av/curveball/ads/pr/RESIZE/180x180/00fd227336eb7a19c59420b6d70a65e4.jpeg
I/System.out(13029): body:<com.flurry.sdk.iv: void n()>	sig:$r7 = virtualinvoke $r6.<java.net.URL: java.net.URLConnection openConnection()>()	timediff:0
I/System.out(13029): body:<com.flurry.sdk.iv: void n()>	sig:virtualinvoke $r4.<java.net.HttpURLConnection: void setConnectTimeout(int)>($i0)	timediff:0
I/System.out(13029): body:<com.flurry.sdk.iv: void n()>	sig:virtualinvoke $r4.<java.net.HttpURLConnection: void setReadTimeout(int)>($i0)	timediff:0
I/System.out(13029): body:<com.flurry.sdk.iv: void n()>	sig:virtualinvoke $r4.<java.net.HttpURLConnection: void setRequestMethod(java.lang.String)>($r1)	timediff:0
I/System.out(13029): body:<com.flurry.sdk.iv: void n()>	sig:virtualinvoke $r4.<java.net.HttpURLConnection: void setInstanceFollowRedirects(boolean)>($z0)	timediff:0
I/System.out(13029): body:<com.flurry.sdk.iv: void n()>	sig:virtualinvoke $r4.<java.net.HttpURLConnection: void setDoOutput(boolean)>($z0)	timediff:0
I/System.out(13029): body:<com.flurry.sdk.iv: void n()>	sig:virtualinvoke $r4.<java.net.HttpURLConnection: void setDoInput(boolean)>(1)	timediff:0
I/System.out(13029): body:<com.flurry.sdk.iv: void n()>	sig:virtualinvoke $r4.<java.net.HttpURLConnection: void setRequestProperty(java.lang.String,java.lang.String)>("Accept-Encoding", "")	timediff:0
D/PullToRefresh(13029): First Visible: 0. Visible Count: 3. Total Items:3
D/PullToRefresh(13029): First Visible: 0. Visible Count: 2. Total Items:2
V/CustomViewAbove(13029): Received ACTION_DOWN
D/dalvikvm(  653): GC_FOR_ALLOC freed 192K, 5% free 162155K/169812K, paused 40ms, total 40ms
I/dalvikvm-heap(  653): Grow heap (frag case) to 159.386MB for 956556-byte allocation
I/System.out(13029): body:<com.flurry.sdk.iv: void n()>	sig:$i0 = virtualinvoke $r4.<java.net.HttpURLConnection: int getResponseCode()>()	timediff:35
I/System.out(13029): body:<com.flurry.sdk.iv: void n()>	sig:$r17 = virtualinvoke $r4.<java.net.HttpURLConnection: java.util.Map getHeaderFields()>()	timediff:0
I/System.out(13029): body:<com.flurry.sdk.iv: void p()>	sig:virtualinvoke $r1.<java.net.HttpURLConnection: void disconnect()>()	timediff:0
I/System.out(13029): body:<com.flurry.sdk.iv: void n()>	sig:specialinvoke $r6.<java.net.URL: void <init>(java.lang.String)>($r1)	timediff:0
I/System.out(13029): <com.flurry.sdk.iv: void n()>###specialinvoke $r6.<java.net.URL: void <init>(java.lang.String)>($r1)###https://s.yimg.com/cv/api/default/PM_180057-YH-D-en_US-627x627-LAX-1A.jpg
I/System.out(13029): body:<com.flurry.sdk.iv: void n()>	sig:$r7 = virtualinvoke $r6.<java.net.URL: java.net.URLConnection openConnection()>()	timediff:0
I/System.out(13029): body:<com.flurry.sdk.iv: void n()>	sig:virtualinvoke $r4.<java.net.HttpURLConnection: void setConnectTimeout(int)>($i0)	timediff:0
I/System.out(13029): body:<com.flurry.sdk.iv: void n()>	sig:virtualinvoke $r4.<java.net.HttpURLConnection: void setReadTimeout(int)>($i0)	timediff:0
I/System.out(13029): body:<com.flurry.sdk.iv: void n()>	sig:virtualinvoke $r4.<java.net.HttpURLConnection: void setRequestMethod(java.lang.String)>($r1)	timediff:0
I/System.out(13029): body:<com.flurry.sdk.iv: void n()>	sig:virtualinvoke $r4.<java.net.HttpURLConnection: void setInstanceFollowRedirects(boolean)>($z0)	timediff:0
I/System.out(13029): body:<com.flurry.sdk.iv: void n()>	sig:virtualinvoke $r4.<java.net.HttpURLConnection: void setDoOutput(boolean)>($z0)	timediff:0
I/System.out(13029): body:<com.flurry.sdk.iv: void n()>	sig:virtualinvoke $r4.<java.net.HttpURLConnection: void setDoInput(boolean)>(1)	timediff:0
I/System.out(13029): body:<com.flurry.sdk.iv: void n()>	sig:virtualinvoke $r4.<java.net.HttpURLConnection: void setRequestProperty(java.lang.String,java.lang.String)>("Accept-Encoding", "")	timediff:0
D/PullToRefresh(13029): First Visible: 0. Visible Count: 3. Total Items:3
D/PullToRefresh(13029): First Visible: 0. Visible Count: 2. Total Items:2
V/CustomViewAbove(13029): Received ACTION_DOWN
V/CustomViewAbove(13029): Received ACTION_DOWN
V/CustomViewAbove(13029): Received ACTION_DOWN
V/CustomViewAbove(13029): Received ACTION_DOWN
D/dalvikvm(  653): GC_FOR_ALLOC freed <1K, 5% free 163089K/170748K, paused 38ms, total 38ms
V/SlidingMenu(13029): changing layerType. hardware? true
V/SlidingMenu(13029): changing layerType. hardware? true
I/System.out(13029): body:<com.flurry.sdk.iv: void n()>	sig:$i0 = virtualinvoke $r4.<java.net.HttpURLConnection: int getResponseCode()>()	timediff:32
I/System.out(13029): body:<com.flurry.sdk.iv: void n()>	sig:$r17 = virtualinvoke $r4.<java.net.HttpURLConnection: java.util.Map getHeaderFields()>()	timediff:0
I/System.out(13029): body:<com.flurry.sdk.iv: void p()>	sig:virtualinvoke $r1.<java.net.HttpURLConnection: void disconnect()>()	timediff:0
I/System.out(13029): body:<com.flurry.sdk.iv: void n()>	sig:specialinvoke $r6.<java.net.URL: void <init>(java.lang.String)>($r1)	timediff:0
I/System.out(13029): <com.flurry.sdk.iv: void n()>###specialinvoke $r6.<java.net.URL: void <init>(java.lang.String)>($r1)###https://s.yimg.com/av/curveball/ads/pr/RESIZE/82x82/8bc37ff9390ce57eb8bc50268e58535a.jpeg
I/System.out(13029): body:<com.flurry.sdk.iv: void n()>	sig:$r7 = virtualinvoke $r6.<java.net.URL: java.net.URLConnection openConnection()>()	timediff:1
I/System.out(13029): body:<com.flurry.sdk.iv: void n()>	sig:virtualinvoke $r4.<java.net.HttpURLConnection: void setConnectTimeout(int)>($i0)	timediff:0
I/System.out(13029): body:<com.flurry.sdk.iv: void n()>	sig:virtualinvoke $r4.<java.net.HttpURLConnection: void setReadTimeout(int)>($i0)	timediff:0
I/System.out(13029): body:<com.flurry.sdk.iv: void n()>	sig:virtualinvoke $r4.<java.net.HttpURLConnection: void setRequestMethod(java.lang.String)>($r1)	timediff:0
I/System.out(13029): body:<com.flurry.sdk.iv: void n()>	sig:virtualinvoke $r4.<java.net.HttpURLConnection: void setInstanceFollowRedirects(boolean)>($z0)	timediff:0
I/System.out(13029): body:<com.flurry.sdk.iv: void n()>	sig:virtualinvoke $r4.<java.net.HttpURLConnection: void setDoOutput(boolean)>($z0)	timediff:0
I/System.out(13029): body:<com.flurry.sdk.iv: void n()>	sig:virtualinvoke $r4.<java.net.HttpURLConnection: void setDoInput(boolean)>(1)	timediff:0
I/System.out(13029): body:<com.flurry.sdk.iv: void n()>	sig:virtualinvoke $r4.<java.net.HttpURLConnection: void setRequestProperty(java.lang.String,java.lang.String)>("Accept-Encoding", "")	timediff:0
I/System.out(13029): body:<com.flurry.sdk.iv: void n()>	sig:$i0 = virtualinvoke $r4.<java.net.HttpURLConnection: int getResponseCode()>()	timediff:23
I/System.out(13029): body:<com.flurry.sdk.iv: void n()>	sig:$r17 = virtualinvoke $r4.<java.net.HttpURLConnection: java.util.Map getHeaderFields()>()	timediff:0
I/System.out(13029): body:<com.flurry.sdk.iv: void p()>	sig:virtualinvoke $r1.<java.net.HttpURLConnection: void disconnect()>()	timediff:0
I/System.out(13029): body:<com.flurry.sdk.iv: void n()>	sig:specialinvoke $r6.<java.net.URL: void <init>(java.lang.String)>($r1)	timediff:0
I/System.out(13029): <com.flurry.sdk.iv: void n()>###specialinvoke $r6.<java.net.URL: void <init>(java.lang.String)>($r1)###https://s.yimg.com/av/moneyball/ads/1520433740657-1300.jpg
I/System.out(13029): body:<com.flurry.sdk.iv: void n()>	sig:$r7 = virtualinvoke $r6.<java.net.URL: java.net.URLConnection openConnection()>()	timediff:0
I/System.out(13029): body:<com.flurry.sdk.iv: void n()>	sig:virtualinvoke $r4.<java.net.HttpURLConnection: void setConnectTimeout(int)>($i0)	timediff:0
I/System.out(13029): body:<com.flurry.sdk.iv: void n()>	sig:virtualinvoke $r4.<java.net.HttpURLConnection: void setReadTimeout(int)>($i0)	timediff:0
I/System.out(13029): body:<com.flurry.sdk.iv: void n()>	sig:virtualinvoke $r4.<java.net.HttpURLConnection: void setRequestMethod(java.lang.String)>($r1)	timediff:0
I/System.out(13029): body:<com.flurry.sdk.iv: void n()>	sig:virtualinvoke $r4.<java.net.HttpURLConnection: void setInstanceFollowRedirects(boolean)>($z0)	timediff:0
I/System.out(13029): body:<com.flurry.sdk.iv: void n()>	sig:virtualinvoke $r4.<java.net.HttpURLConnection: void setDoOutput(boolean)>($z0)	timediff:0
I/System.out(13029): body:<com.flurry.sdk.iv: void n()>	sig:virtualinvoke $r4.<java.net.HttpURLConnection: void setDoInput(boolean)>(1)	timediff:0
I/System.out(13029): body:<com.flurry.sdk.iv: void n()>	sig:virtualinvoke $r4.<java.net.HttpURLConnection: void setRequestProperty(java.lang.String,java.lang.String)>("Accept-Encoding", "")	timediff:0
D/dalvikvm(  653): GC_FOR_ALLOC freed 104K, 5% free 163273K/170748K, paused 30ms, total 30ms
I/dalvikvm-heap(  653): Grow heap (frag case) to 160.478MB for 956556-byte allocation
D/PullToRefresh(13029): First Visible: 0. Visible Count: 3. Total Items:3
D/PullToRefresh(13029): First Visible: 0. Visible Count: 3. Total Items:3
V/viewPage(13029): 33
