W/InputMethodManagerService(  481): Window already focused, ignoring focus gain of: com.android.internal.view.IInputMethodClient$Stub$Proxy@4a8f4444 attribute=android.view.inputmethod.EditorInfo@4a8f29e4, token = android.os.BinderProxy@4ae0c95c
W/ViewRootImpl(10052): Dropping event due to no window focus: KeyEvent { action=ACTION_DOWN, keyCode=KEYCODE_MENU, scanCode=0, metaState=0, flags=0x8, repeatCount=0, eventTime=420807, downTime=420807, deviceId=-1, source=0x101 }
D/WhiteNoiseActivity(10052): Exiting app from menu quit button.
W/InputEventReceiver(10052): Attempted to finish an input event but the input event receiver has already been disposed.
W/ViewRootImpl(10052): Dropping event due to no window focus: KeyEvent { action=ACTION_DOWN, keyCode=KEYCODE_DPAD_CENTER, scanCode=0, metaState=0, flags=0x8, repeatCount=0, eventTime=420882, downTime=420882, deviceId=-1, source=0x101 }
W/ViewRootImpl(10052): Dropping event due to no window focus: KeyEvent { action=ACTION_DOWN, keyCode=KEYCODE_DPAD_LEFT, scanCode=0, metaState=0, flags=0x8, repeatCount=0, eventTime=420885, downTime=420885, deviceId=-1, source=0x101 }
I/System.out(10052): body:<com.mopub.volley.toolbox.HurlStack: org.apache.http.HttpResponse performRequest(com.mopub.volley.Request,java.util.Map)>	sig:specialinvoke $r11.<java.net.URL: void <init>(java.lang.String)>($r8)	timediff:0
I/System.out(10052): <com.mopub.volley.toolbox.HurlStack: org.apache.http.HttpResponse performRequest(com.mopub.volley.Request,java.util.Map)>###specialinvoke $r11.<java.net.URL: void <init>(java.lang.String)>($r8)###http://ads.mopub.com/m/ad?v=6&id=agltb3B1Yi1pbmNyDQsSBFNpdGUY2JWgFAw&nv=4.6.0&dn=samsung%2CSM-G955N%2CSM-G955N&bundle=com.tmsoft.whitenoise.lite&z=-0700&o=l&w=1280&h=720&sc_a=1.5&mcc=310&mnc=16&iso=US&cn=T-Mobile&ct=2&av=7.0.6&udid=ifa%3A3ae8f2f4-1b58-4ed6-816b-3ee6c7e3745e&dnt=0&mr=1&android_perms_ext_storage=1
I/System.out(10052): body:<com.mopub.volley.toolbox.HurlStack: java.net.HttpURLConnection a(java.net.URL)>	sig:$r2 = virtualinvoke $r1.<java.net.URL: java.net.URLConnection openConnection()>()	timediff:0
I/System.out(10052): body:<com.mopub.volley.toolbox.HurlStack: java.net.HttpURLConnection a(java.net.URL,com.mopub.volley.Request)>	sig:virtualinvoke $r3.<java.net.HttpURLConnection: void setConnectTimeout(int)>($i0)	timediff:0
I/System.out(10052): body:<com.mopub.volley.toolbox.HurlStack: java.net.HttpURLConnection a(java.net.URL,com.mopub.volley.Request)>	sig:virtualinvoke $r3.<java.net.HttpURLConnection: void setReadTimeout(int)>($i0)	timediff:0
I/System.out(10052): body:<com.mopub.volley.toolbox.HurlStack: java.net.HttpURLConnection a(java.net.URL,com.mopub.volley.Request)>	sig:virtualinvoke $r3.<java.net.HttpURLConnection: void setUseCaches(boolean)>(0)	timediff:0
I/System.out(10052): body:<com.mopub.volley.toolbox.HurlStack: java.net.HttpURLConnection a(java.net.URL,com.mopub.volley.Request)>	sig:virtualinvoke $r3.<java.net.HttpURLConnection: void setDoInput(boolean)>(1)	timediff:0
I/System.out(10052): body:<com.mopub.volley.toolbox.HurlStack: java.net.HttpURLConnection a(java.net.URL,com.mopub.volley.Request)>	sig:$r5 = virtualinvoke $r1.<java.net.URL: java.lang.String getProtocol()>()	timediff:0
I/System.out(10052): body:<com.mopub.volley.toolbox.HurlStack: org.apache.http.HttpResponse performRequest(com.mopub.volley.Request,java.util.Map)>	sig:virtualinvoke $r12.<java.net.HttpURLConnection: void addRequestProperty(java.lang.String,java.lang.String)>($r8, $r7)	timediff:0
I/System.out(10052): body:<com.mopub.volley.toolbox.HurlStack: org.apache.http.HttpResponse performRequest(com.mopub.volley.Request,java.util.Map)>	sig:virtualinvoke $r12.<java.net.HttpURLConnection: void addRequestProperty(java.lang.String,java.lang.String)>($r8, $r7)	timediff:0
I/System.out(10052): body:<com.mopub.volley.toolbox.HurlStack: void a(java.net.HttpURLConnection,com.mopub.volley.Request)>	sig:virtualinvoke $r0.<java.net.HttpURLConnection: void setRequestMethod(java.lang.String)>("GET")	timediff:0
I/qtaguid (10052): Tagging socket 44 with tag 469abf7000000000(1184546672) for uid -1 failed errno=-13
I/NetworkManagementSocketTagger(10052): tagSocketFd(44, 1184546672, -1) failed with errno-13
W/EGL_emulation(10052): eglSurfaceAttrib not implemented 3093 12436
D/CoreActivity(10052): Exiting app from engine EXIT_APP notification.
W/ViewRootImpl(10052): Dropping event due to no window focus: KeyEvent { action=ACTION_DOWN, keyCode=KEYCODE_AT, scanCode=0, metaState=0, flags=0x8, repeatCount=0, eventTime=420888, downTime=420888, deviceId=-1, source=0x101 }
W/ViewRootImpl(10052): Dropping event due to no window focus: KeyEvent { action=ACTION_DOWN, keyCode=KEYCODE_DPAD_DOWN, scanCode=0, metaState=0, flags=0x8, repeatCount=0, eventTime=420928, downTime=420928, deviceId=-1, source=0x101 }
D/WhiteNoiseEngine(10052): Stopping sound scene: Amazon Jungle
I/tms::OpenSLStream::stop(10052): Stopped playback with 19 total reads (no misses) and 20 total writes (no misses)
I/tms::OpenSLController::stop(10052): Stopped 1 audio streams
I/tms::OpenSLController::stop(10052): Stopped 0 audio streams
I/qtaguid (10052): Tagging socket 72 with tag 469abf7000000000(1184546672) for uid -1 failed errno=-13
I/NetworkManagementSocketTagger(10052): tagSocketFd(72, 1184546672, -1) failed with errno-13
I/qtaguid (10052): Untagging socket 72 failed errno=-13
W/NetworkManagementSocketTagger(10052): untagSocket(72) failed with errno -13
I/qtaguid (10052): Tagging socket 72 with tag 469abf7000000000(1184546672) for uid -1 failed errno=-13
I/NetworkManagementSocketTagger(10052): tagSocketFd(72, 1184546672, -1) failed with errno-13
I/qtaguid (10052): Untagging socket 72 failed errno=-13
W/NetworkManagementSocketTagger(10052): untagSocket(72) failed with errno -13
I/qtaguid (10052): Tagging socket 72 with tag 469abf7000000000(1184546672) for uid -1 failed errno=-13
I/NetworkManagementSocketTagger(10052): tagSocketFd(72, 1184546672, -1) failed with errno-13
I/qtaguid (10052): Untagging socket 72 failed errno=-13
W/NetworkManagementSocketTagger(10052): untagSocket(72) failed with errno -13
I/qtaguid (10052): Tagging socket 72 with tag 469abf7000000000(1184546672) for uid -1 failed errno=-13
I/NetworkManagementSocketTagger(10052): tagSocketFd(72, 1184546672, -1) failed with errno-13
I/qtaguid (10052): Untagging socket 72 failed errno=-13
W/NetworkManagementSocketTagger(10052): untagSocket(72) failed with errno -13
I/qtaguid (10052): Tagging socket 72 with tag 469abf7000000000(1184546672) for uid -1 failed errno=-13
I/NetworkManagementSocketTagger(10052): tagSocketFd(72, 1184546672, -1) failed with errno-13
I/qtaguid (10052): Untagging socket 72 failed errno=-13
W/NetworkManagementSocketTagger(10052): untagSocket(72) failed with errno -13
I/qtaguid (10052): Tagging socket 72 with tag 469abf7000000000(1184546672) for uid -1 failed errno=-13
I/NetworkManagementSocketTagger(10052): tagSocketFd(72, 1184546672, -1) failed with errno-13
I/qtaguid (10052): Untagging socket 72 failed errno=-13
W/NetworkManagementSocketTagger(10052): untagSocket(72) failed with errno -13
D/dalvikvm(10052): GC_EXPLICIT freed 396K, 11% free 15367K/17232K, paused 1ms+0ms, total 6ms
D/WhiteNoiseService(10052): Removing notification, clients are connected or engine is not playing.
D/WhiteNoiseService(10052): Unregistering notification controls receiver.
D/WhiteNoiseService(10052): Performing shut down actions.
D/SoundParser(10052): Saved 40 scenes to /data/data/com.tmsoft.whitenoise.lite/files/sounds.plist bytes= 44834
D/SoundParser(10052): Saved 5 scenes to /data/data/com.tmsoft.whitenoise.lite/files/mixes.plist bytes= 11348
D/SoundParser(10052): Saved 0 scenes to /data/data/com.tmsoft.whitenoise.lite/files/playlist.plist bytes= 189
D/SoundParser(10052): Saved 0 scenes to /data/data/com.tmsoft.whitenoise.lite/files/music.plist bytes= 189
D/TimerParser(10052): Saved 3 timer events to /data/data/com.tmsoft.whitenoise.lite/files/timers.xml bytes= 1901
D/WhiteNoiseEngine(10052): Releasing Audio Focus
I/MediaFocusControl(  481):  AudioFocus  abandonAudioFocus() from android.media.AudioManager@4a7a57cccom.tmsoft.whitenoise.library.bn@4a79942c
D/WhiteNoiseEngine(10052): Audio Focus Released: true
D/MediaSessionHelper(10052): Unregistering remote control client
D/MediaSessionHelper(10052): Unregistering remote control receiver
I/MediaFocusControl(  481):   Remote Control   unregisterMediaButtonIntent() for PendingIntent{4a8d0f40: PendingIntentRecord{4b0f25e0 com.tmsoft.whitenoise.lite broadcastIntent}}
I/tms::OpenSLController::stop(10052): Stopped 0 audio streams
I/tms::OpenSLController::stop(10052): Stopped 0 audio streams
D/dalvikvm(10052): GC_EXPLICIT freed 2866K, 18% free 15328K/18584K, paused 1ms+0ms, total 6ms
I/System.out(10052): body:<com.mopub.volley.toolbox.HurlStack: org.apache.http.HttpResponse performRequest(com.mopub.volley.Request,java.util.Map)>	sig:$i0 = virtualinvoke $r12.<java.net.HttpURLConnection: int getResponseCode()>()	timediff:947
I/System.out(10052): body:<com.mopub.volley.toolbox.HurlStack: org.apache.http.HttpResponse performRequest(com.mopub.volley.Request,java.util.Map)>	sig:$i0 = virtualinvoke $r12.<java.net.HttpURLConnection: int getResponseCode()>()	timediff:0
I/System.out(10052): body:<com.mopub.volley.toolbox.HurlStack: org.apache.http.HttpResponse performRequest(com.mopub.volley.Request,java.util.Map)>	sig:$r8 = virtualinvoke $r12.<java.net.HttpURLConnection: java.lang.String getResponseMessage()>()	timediff:0
I/System.out(10052): body:<com.mopub.volley.toolbox.HurlStack: org.apache.http.HttpEntity a(java.net.HttpURLConnection)>	sig:$r1 = virtualinvoke $r0.<java.net.HttpURLConnection: java.io.InputStream getInputStream()>()	timediff:0
I/System.out(10052): body:<empirical.HelperClass: void printURLInfo(java.lang.String,java.lang.String,java.net.URLConnection)>	sig:$r0 = virtualinvoke urlConnection.<java.net.URLConnection: java.net.URL getURL()>()	timediff:0
I/System.out(10052): body:<empirical.HelperClass: void printURLInfo(java.lang.String,java.lang.String,java.net.URLConnection)>	sig:urlString = virtualinvoke $r0.<java.net.URL: java.lang.String toString()>()	timediff:1
I/System.out(10052): body:<empirical.HelperClass: void printURLInfo(java.lang.String,java.lang.String,java.net.URLConnection)>	sig:isDoOutput = virtualinvoke urlConnection.<java.net.URLConnection: boolean getDoOutput()>()	timediff:0
I/System.out(10052): body:<empirical.HelperClass: java.lang.String getHeaderField(java.net.URLConnection,java.lang.String)>	sig:data = virtualinvoke conn.<java.net.URLConnection: java.lang.String getHeaderField(java.lang.String)>(field)	timediff:0
I/System.out(10052): body:<empirical.HelperClass: java.lang.String getHeaderField(java.net.URLConnection,java.lang.String)>	sig:data = virtualinvoke conn.<java.net.URLConnection: java.lang.String getHeaderField(java.lang.String)>(field)	timediff:0
I/System.out(10052): body:<empirical.HelperClass: java.lang.String getHeaderField(java.net.URLConnection,java.lang.String)>	sig:data = virtualinvoke conn.<java.net.URLConnection: java.lang.String getHeaderField(java.lang.String)>(field)	timediff:0
I/System.out(10052): body:<empirical.HelperClass: java.lang.String getHeaderField(java.net.URLConnection,java.lang.String)>	sig:data = virtualinvoke conn.<java.net.URLConnection: java.lang.String getHeaderField(java.lang.String)>(field)	timediff:0
I/System.out(10052): body:<empirical.HelperClass: java.lang.String getHeaderField(java.net.URLConnection,java.lang.String)>	sig:data = virtualinvoke conn.<java.net.URLConnection: java.lang.String getHeaderField(java.lang.String)>(field)	timediff:0
I/System.out(10052): URLConn;%;1;%;<com.mopub.volley.toolbox.HurlStack: org.apache.http.HttpEntity a(java.net.HttpURLConnection)>;%;$r1 = virtualinvoke $r0.<java.net.HttpURLConnection: java.io.InputStream getInputStream()>();%;http://ads.mopub.com/m/ad?v=6&id=agltb3B1Yi1pbmNyDQsSBFNpdGUY2JWgFAw&nv=4.6.0&dn=samsung%2CSM-G955N%2CSM-G955N&bundle=com.tmsoft.whitenoise.lite&z=-0700&o=l&w=1280&h=720&sc_a=1.5&mcc=310&mnc=16&iso=US&cn=T-Mobile&ct=2&av=7.0.6&udid=ifa%3A3ae8f2f4-1b58-4ed6-816b-3ee6c7e3745e&dnt=0&mr=1&android_perms_ext_storage=1;%;false;%;Not found;%;Not found;%;Not found;%;Not found;%;Not found
I/System.out(10052): body:<com.mopub.volley.toolbox.HurlStack: org.apache.http.HttpEntity a(java.net.HttpURLConnection)>	sig:$i1 = virtualinvoke $r0.<java.net.HttpURLConnection: int getContentLength()>()	timediff:0
I/System.out(10052): body:<com.mopub.volley.toolbox.HurlStack: org.apache.http.HttpEntity a(java.net.HttpURLConnection)>	sig:$r3 = virtualinvoke $r0.<java.net.HttpURLConnection: java.lang.String getContentEncoding()>()	timediff:0
I/System.out(10052): body:<com.mopub.volley.toolbox.HurlStack: org.apache.http.HttpEntity a(java.net.HttpURLConnection)>	sig:$r3 = virtualinvoke $r0.<java.net.HttpURLConnection: java.lang.String getContentType()>()	timediff:0
I/System.out(10052): body:<com.mopub.volley.toolbox.HurlStack: org.apache.http.HttpResponse performRequest(com.mopub.volley.Request,java.util.Map)>	sig:$r5 = virtualinvoke $r12.<java.net.HttpURLConnection: java.util.Map getHeaderFields()>()	timediff:0
I/qtaguid (10052): Untagging socket 67 failed errno=-13
W/NetworkManagementSocketTagger(10052): untagSocket(67) failed with errno -13
D/WhiteNoiseService(10052): Removing notification, clients are connected or engine is not playing.
D/WhiteNoiseEngine(10052): Killing all timers.
D/WhiteNoiseEngine(10052): Shutting down engine
D/SoundParser(10052): Saved 40 scenes to /data/data/com.tmsoft.whitenoise.lite/files/sounds.plist bytes= 44834
D/SoundParser(10052): Saved 5 scenes to /data/data/com.tmsoft.whitenoise.lite/files/mixes.plist bytes= 11348
D/SoundParser(10052): Saved 0 scenes to /data/data/com.tmsoft.whitenoise.lite/files/playlist.plist bytes= 189
D/SoundParser(10052): Saved 0 scenes to /data/data/com.tmsoft.whitenoise.lite/files/music.plist bytes= 189
D/TimerParser(10052): Saved 3 timer events to /data/data/com.tmsoft.whitenoise.lite/files/timers.xml bytes= 1901
I/tms::OpenSLController::stop(10052): Stopped 0 audio streams
I/tms::OpenSLController::stop(10052): Stopped 0 audio streams
D/dalvikvm(10052): GC_EXPLICIT freed 1423K, 11% free 16703K/18584K, paused 1ms+1ms, total 7ms
D/WhiteNoiseService(10052): Removing notification, clients are connected or engine is not playing.
D/NativeAudioEngine(10052): Deactivating SoundMachine
I/tms::OpenSLController::stop(10052): Stopped 0 audio streams
D/tms::SoundMachine::deactivate(10052): Deactivating sound machine.
I/tms::OpenSLController::stop(10052): Stopped 0 audio streams
I/tms::OpenSLController::destroy(10052): Destroying OpenSL Engine
D/tms::OpenSLController::destroy(10052): OpenSL Engine Destroyed
I/tms::OpenSLController::stop(10052): Stopped 0 audio streams
I/tms::OpenSLController::destroy(10052): Destroying OpenSL Engine
D/tms::OpenSLController::destroy(10052): OpenSL Engine Destroyed
I/AndroidRuntime(10052): VM exiting with result code 0, cleanup skipped.
W/InputDispatcher(  481): channel '4aa465d0 SubPanel:com.tmsoft.whitenoise.lite/com.tmsoft.whitenoise.lite.MainActivity (server)' ~ Consumer closed input channel or an error occurred.  events=0xd
E/InputDispatcher(  481): channel '4aa465d0 SubPanel:com.tmsoft.whitenoise.lite/com.tmsoft.whitenoise.lite.MainActivity (server)' ~ Channel is unrecoverably broken and will be disposed!
W/InputDispatcher(  481): channel '4a9ae728 com.tmsoft.whitenoise.lite/com.tmsoft.whitenoise.lite.MainActivity (server)' ~ Consumer closed input channel or an error occurred.  events=0x9
E/InputDispatcher(  481): channel '4a9ae728 com.tmsoft.whitenoise.lite/com.tmsoft.whitenoise.lite.MainActivity (server)' ~ Channel is unrecoverably broken and will be disposed!
W/InputDispatcher(  481): Attempted to unregister already unregistered input channel '4a9ae728 com.tmsoft.whitenoise.lite/com.tmsoft.whitenoise.lite.MainActivity (server)'
W/InputDispatcher(  481): Attempted to unregister already unregistered input channel '4aa465d0 SubPanel:com.tmsoft.whitenoise.lite/com.tmsoft.whitenoise.lite.MainActivity (server)'
W/NetworkManagementSocketTagger(  481): setKernelCountSet(10054, 0) failed with errno -13
I/ActivityManager(  481): Process com.tmsoft.whitenoise.lite (pid 10052) has died.
I/WindowState(  481): WIN DEATH: Window{4aa2b9f4 u0 SubPanel:com.tmsoft.whitenoise.lite/com.tmsoft.whitenoise.lite.MainActivity EXITING}
I/WindowState(  481): WIN DEATH: Window{4a9ae728 u0 com.tmsoft.whitenoise.lite/com.tmsoft.whitenoise.lite.MainActivity}
I/WindowState(  481): WIN DEATH: Window{4aa465d0 u0 SubPanel:com.tmsoft.whitenoise.lite/com.tmsoft.whitenoise.lite.MainActivity}
W/EGL_emulation(  663): eglSurfaceAttrib not implemented 3093 12436
W/Binder  (  612): Caught a RuntimeException from the binder stub implementation.
W/Binder  (  612): java.lang.NullPointerException
W/Binder  (  612): 	at android.inputmethodservice.IInputMethodWrapper.setSessionEnabled(IInputMethodWrapper.java:280)
W/Binder  (  612): 	at com.android.internal.view.IInputMethod$Stub.onTransact(IInputMethod.java:129)
W/Binder  (  612): 	at android.os.Binder.execTransact(Binder.java:404)
W/Binder  (  612): 	at dalvik.system.NativeStart.run(Native Method)
W/ViewRootImpl(  663): Dropping event due to no window focus: KeyEvent { action=ACTION_DOWN, keyCode=KEYCODE_DPAD_CENTER, scanCode=0, metaState=0, flags=0x8, repeatCount=0, eventTime=420929, downTime=420929, deviceId=-1, source=0x101 }
W/ContextImpl(  481): Calling a method in the system process without a qualified user: android.app.ContextImpl.sendBroadcast:1123 com.android.server.InputMethodManagerService.hideCurrentInputLocked:1880 com.android.server.InputMethodManagerService.windowGainedFocus:1968 com.android.internal.view.IInputMethodManager$Stub.onTransact:221 com.android.server.InputMethodManagerService.onTransact:818 
W/InputMethodManagerService(  481): Got RemoteException sending setActive(false) notification to pid 10052 uid 10054
W/Launcher(  663): No global search activity found.
W/WindowManager(  481): Force-removing child win Window{4aa2b9f4 u0 SubPanel:com.tmsoft.whitenoise.lite/com.tmsoft.whitenoise.lite.MainActivity EXITING} from container Window{4a9ae728 u0 com.tmsoft.whitenoise.lite/com.tmsoft.whitenoise.lite.MainActivity}
W/PropertyValuesHolder(  663): Method setBrightness() with type int not found on target class class ph
W/PropertyValuesHolder(  663): Method getBrightness() with type int not found on target class class ph
I/ActivityManager(  481): START u0 {act=android.intent.action.MAIN cat=[android.intent.category.LAUNCHER] flg=0x10200000 cmp=com.android.browser/.BrowserActivity bnds=[130,174][334,301] (has extras)} from pid 663
W/ContextImpl(  663): Calling a method in the system process without a qualified user: android.app.ContextImpl.sendBroadcast:1137 android.content.ContextWrapper.sendBroadcast:370 com.vphone.launcher.Stats.recordLaunch:129 com.vphone.launcher.Launcher.c:3192 com.vphone.launcher.Launcher.onClickAppShortcut:3144 
W/Launcher(  663): No global search activity found.
W/DebugConnManager(  663): getNetworkInfo() on networkType 1
I/ActivityManager(  481): START u0 {cmp=com.vphone.launcher/.game.GpLoadingActivity (has extras)} from pid 663
W/ContextImpl(  663): Calling a method in the system process without a qualified user: android.app.ContextImpl.bindService:1556 android.content.ContextWrapper.bindService:517 com.google.android.gms.common.stats.zzb.zza:-1 com.google.android.gms.common.stats.zzb.zza:-1 com.google.android.gms.ads.identifier.AdvertisingIdClient.zzh:-1 
I/ActivityManager(  481): START u0 {act=android.intent.action.MAIN cat=[android.intent.category.LAUNCHER] flg=0x10200000 cmp=com.tmsoft.whitenoise.lite/.MainActivity} from pid 9778
D/yeshen  (  663): launcher onpause
I/ActivityManager(  481): Start proc com.tmsoft.whitenoise.lite for activity com.tmsoft.whitenoise.lite/.MainActivity: pid=10175 uid=10054 gids={50054, 3003, 1028, 1015, 1023}
W/NetworkManagementSocketTagger(  481): setKernelCountSet(10054, 1) failed with errno -13
I/dalvikvm(10175): ignoring registerObject request in thread=1
I/dalvikvm(10175): ignoring registerObject request in thread=1
I/FirebaseInitProvider(10175): FirebaseApp initialization unsuccessful
I/dalvikvm(10175): Could not find method android.app.Activity.isInMultiWindowMode, referenced from method com.tmsoft.library.Utils.isMultiWindowMode
W/dalvikvm(10175): VFY: unable to resolve virtual method 1335: Landroid/app/Activity;.isInMultiWindowMode ()Z
D/dalvikvm(10175): VFY: replacing opcode 0x6e at 0x000a
I/Utils   (10175): White Noise Free 7.0.6 store: Google device: SM-G955N android: 4.4.2 SDCard: true
I/dalvikvm(10175): Could not find method android.app.Notification$Builder.setLocalOnly, referenced from method com.google.android.gms.common.GooglePlayServicesUtil.zza
W/dalvikvm(10175): VFY: unable to resolve virtual method 1508: Landroid/app/Notification$Builder;.setLocalOnly (Z)Landroid/app/Notification$Builder;
D/dalvikvm(10175): VFY: replacing opcode 0x6e at 0x00fb
I/dalvikvm(10175): Could not find method android.content.pm.PackageManager.getPackageInstaller, referenced from method com.google.android.gms.common.r.zzk
W/dalvikvm(10175): VFY: unable to resolve virtual method 1782: Landroid/content/pm/PackageManager;.getPackageInstaller ()Landroid/content/pm/PackageInstaller;
D/dalvikvm(10175): VFY: replacing opcode 0x6e at 0x000a
I/WhiteNoiseApp(10175): Versions mp: 4.6.0 fb: 4.8.1 az: amznAdSDK-android-5.6.20 go: 9080000
D/GAHelper(10175): Initializing Analytics Tracker
D/yeshen  (  663): launcher onstop
D/FirebaseApp(  663): Notifying background state change listeners.
D/Tinker.DefaultAppLike(  663): onTrimMemory level:20
W/DebugConnManager(  663): getNetworkInfo() on networkType 1
I/GAv4    (10175): Google Analytics 9.0.80 is starting up. To enable debug logging on a device run:
I/GAv4    (10175):   adb shell setprop log.tag.GAv4 DEBUG
I/GAv4    (10175):   adb logcat -s GAv4
W/GAv4    (10175): bool configuration name not recognized: ga_debug
D/dalvikvm(10175): JIT code cache reset in 0 ms (0 bytes 1/0)
D/dalvikvm(10175): GC_CONCURRENT freed 329K, 12% free 2962K/3356K, paused 1ms+0ms, total 5ms
D/SharedInfo(10175): samsung SM-G955N SM-G955N
D/SharedInfo(10175): Device id: b083feaa75293926
D/SharedInfo(10175): com.tmsoft.whitenoise.market is not installed
D/SharedInfo(10175): com.tmsoft.whitenoise.full is not installed
D/SharedInfo(10175): com.tmsoft.whitenoise.lite version installed 7.0.6
D/SharedInfo(10175): com.tmsoft.whitenoise.pro is not installed
D/SharedInfo(10175): Saving shared data to: /storage/emulated/0/TMSOFT/.sharedDataFile
E/SharedInfo(10175): File write failed: /storage/emulated/0/TMSOFT/.sharedDataFile: open failed: ENOENT (No such file or directory)
D/SharedInfo(10175): samsung SM-G955N SM-G955N
D/SharedInfo(10175): Device id: b083feaa75293926
D/SharedInfo(10175): com.tmsoft.whitenoise.market is not installed
D/SharedInfo(10175): com.tmsoft.whitenoise.full is not installed
D/SharedInfo(10175): com.tmsoft.whitenoise.lite version installed 7.0.6
D/SharedInfo(10175): com.tmsoft.whitenoise.pro is not installed
D/SharedInfo(10175): Saving shared data to: /storage/emulated/0/TMSOFT/.sharedDataFile
E/SharedInfo(10175): File write failed: /storage/emulated/0/TMSOFT/.sharedDataFile: open failed: ENOENT (No such file or directory)
D/WhiteNoiseEngine(10175): Creating Engine...
I/dalvikvm(10175): Could not find method android.app.AlarmManager.setExactAndAllowWhileIdle, referenced from method com.tmsoft.whitenoise.library.ah.c
W/dalvikvm(10175): VFY: unable to resolve virtual method 1380: Landroid/app/AlarmManager;.setExactAndAllowWhileIdle (IJLandroid/app/PendingIntent;)V
D/dalvikvm(10175): VFY: replacing opcode 0x6e at 0x004d
D/dalvikvm(10175): GC_CONCURRENT freed 371K, 13% free 3006K/3444K, paused 4ms+2ms, total 9ms
E/dalvikvm(10175): Could not find class 'android.media.AudioAttributes$Builder', referenced from method com.tmsoft.whitenoise.library.a.<init>
W/dalvikvm(10175): VFY: unable to resolve new-instance 374 (Landroid/media/AudioAttributes$Builder;) in Lcom/tmsoft/whitenoise/library/a;
D/dalvikvm(10175): VFY: replacing opcode 0x22 at 0x0054
D/dalvikvm(10175): DexOpt: unable to opt direct call 0x08d3 at 0x56 in Lcom/tmsoft/whitenoise/library/a;.<init>
D/dalvikvm(10175): DexOpt: unable to opt direct call 0x097e at 0x63 in Lcom/tmsoft/whitenoise/library/a;.<init>
D/WhiteNoiseEngine(10175): Init WhiteNoiseEngine for White Noise Free 7.0.6 device: SM-G955N android: 4.4.2 SDCard: true screen: 1280x720 dpi: 240(1.5)
D/dalvikvm(10175): Trying to load lib /data/app-lib/com.tmsoft.whitenoise.lite-1/libwhitenoise.so 0x94ed6a18
D/dalvikvm(10175): Added shared lib /data/app-lib/com.tmsoft.whitenoise.lite-1/libwhitenoise.so 0x94ed6a18
D/JniHelper(10175): JniHelper::setJavaVM(0xb86ddd40), pthread_self() = -1217382656
D/WhiteNoiseEngine(10175): White Noise library successfully loaded
D/UtilsJNI(10175): setCachePath /data/data/com.tmsoft.whitenoise.lite/cache/ freeSpace 65388662784
D/WhiteNoiseEngine(10175): Skipping directory /storage/emulated/0/Android/data/com.tmsoft.whitenoise.lite/files
D/WhiteNoiseEngine(10175): Skipping directory /storage/emulated/0/Android/data/com.tmsoft.whitenoise.lite/cache
D/AudioEngine(10175): Attempting to use native audio.
D/NativeAudioEngine(10175): Activating sound machine
I/tms::SoundMachine::SoundMachine(10175): SoundMachine is being created with release optimizations
D/tms::SoundMachine::activate(10175): Activating sound machine.
I/tms::OpenSLController::init(10175): Creating OpenSL Engine
D/tms::OpenSLController::init(10175): OpenSL Engine Created
D/dalvikvm(10175): GC_CONCURRENT freed 310K, 11% free 3140K/3516K, paused 2ms+2ms, total 7ms
D/dalvikvm(10175): GC_CONCURRENT freed 110K, 5% free 3414K/3592K, paused 1ms+0ms, total 5ms
D/dalvikvm(10175): GC_CONCURRENT freed 672K, 20% free 3128K/3868K, paused 1ms+1ms, total 3ms
D/dalvikvm(10175): GC_FOR_ALLOC freed 128K, 18% free 3181K/3868K, paused 2ms, total 2ms
D/WhiteNoiseEngine(10175): Loaded 50 downgrade ids and 50 upgrade ids
D/WhiteNoiseEngine(10175): Attempting to load sounds
D/dalvikvm(10175): GC_FOR_ALLOC freed 330K, 18% free 3185K/3868K, paused 4ms, total 4ms
D/SoundParser(10175): Parsing plist sounds
D/dalvikvm(10175): GC_FOR_ALLOC freed 35K, 18% free 3200K/3868K, paused 1ms, total 1ms
I/dalvikvm-heap(10175): Grow heap (frag case) to 3.215MB for 31756-byte allocation
D/dalvikvm(10175): GC_FOR_ALLOC freed <1K, 18% free 3231K/3900K, paused 2ms, total 2ms
D/dalvikvm(10175): GC_FOR_ALLOC freed 15K, 18% free 3216K/3900K, paused 3ms, total 3ms
I/dalvikvm-heap(10175): Grow heap (frag case) to 3.262MB for 64524-byte allocation
D/dalvikvm(10175): GC_FOR_ALLOC freed 31K, 19% free 3247K/3964K, paused 4ms, total 4ms
D/dalvikvm(10175): GC_FOR_ALLOC freed <1K, 19% free 3247K/3964K, paused 2ms, total 2ms
I/dalvikvm-heap(10175): Grow heap (frag case) to 3.274MB for 44846-byte allocation
D/dalvikvm(10175): GC_FOR_ALLOC freed <1K, 18% free 3291K/4008K, paused 2ms, total 2ms
D/dalvikvm(10175): GC_CONCURRENT freed 89K, 9% free 3653K/4008K, paused 2ms+1ms, total 6ms
D/dalvikvm(10175): GC_CONCURRENT freed 247K, 8% free 3917K/4228K, paused 2ms+0ms, total 6ms
D/dalvikvm(10175): WAIT_FOR_CONCURRENT_GC blocked 1ms
D/SoundParser(10175): Parsed 40 sound scenes from plist file /data/data/com.tmsoft.whitenoise.lite/files/sounds.plist
D/dalvikvm(10175): GC_CONCURRENT freed 973K, 24% free 3380K/4416K, paused 0ms+3ms, total 8ms
E/WhiteNoiseEngine(10175): Failed to open music.plist from assets: sounds/music.plist
D/WhiteNoiseEngine(10175): Attempting to load music
D/SoundParser(10175): Parsing plist music
D/SoundParser(10175): Parsed 0 sound scenes from plist file /data/data/com.tmsoft.whitenoise.lite/files/music.plist
I/WhiteNoiseEngine(10175): Attempting to load plist music failed.  Fallback to xml format.
E/SoundParser(10175): Exception parsing sound scenes: /data/data/com.tmsoft.whitenoise.lite/files/music.xml: open failed: ENOENT (No such file or directory)
D/WhiteNoiseEngine(10175): Attempting to load mixes
D/SoundParser(10175): Parsing plist mixes
D/dalvikvm(10175): GC_FOR_ALLOC freed 173K, 24% free 3370K/4416K, paused 2ms, total 2ms
D/dalvikvm(10175): GC_CONCURRENT freed 272K, 19% free 3609K/4416K, paused 0ms+0ms, total 4ms
D/dalvikvm(10175): WAIT_FOR_CONCURRENT_GC blocked 2ms
D/SoundParser(10175): Parsed 5 sound scenes from plist file /data/data/com.tmsoft.whitenoise.lite/files/mixes.plist
D/WhiteNoiseEngine(10175): Attempting to load playlist
D/SoundParser(10175): Parsing plist playlist
D/SoundParser(10175): Parsed 0 sound scenes from plist file /data/data/com.tmsoft.whitenoise.lite/files/playlist.plist
I/WhiteNoiseEngine(10175): Attempting to load plist playlist failed.  Fallback to xml format.
E/SoundParser(10175): Exception parsing sound scenes: /data/data/com.tmsoft.whitenoise.lite/files/playlist.xml: open failed: ENOENT (No such file or directory)
D/WhiteNoiseEngine(10175): Scanning for missing scenes for content type: 0
D/WhiteNoiseEngine(10175): Scanning for missing scenes for content type: 1
D/dalvikvm(10175): GC_FOR_ALLOC freed 437K, 23% free 3425K/4416K, paused 4ms, total 4ms
D/TimerParser(10175): Parsed 3 timer events from /data/data/com.tmsoft.whitenoise.lite/files/timers.xml
D/AudioEngine(10175): Loading sound effect with name: enable.wav
D/AudioEngine(10175): Loading sound effect with name: disable.wav
D/AudioEngine(10175): Loading sound effect with name: postcard.wav
D/AudioEngine(10175): Loading sound effect with name: market.wav
D/dalvikvm(10175): GC_FOR_ALLOC freed 189K, 22% free 3463K/4416K, paused 1ms, total 1ms
D/WhiteNoiseEngine(10175): Loaded: 40 single scenes 0 music scenes 0 favorite scenes 5 mix scenes 0 playlist scenes 5 alarm sounds 3 timer events.
D/NativeAudioEngine(10175): Set decode caching to 0
D/MoPub   (10175): Conversion already tracked
D/dalvikvm(10175): GC_FOR_ALLOC freed 139K, 23% free 3443K/4416K, paused 2ms, total 2ms
W/dalvikvm(10175): VFY: unable to find class referenced in signature (Lokhttp3/Request;)
W/dalvikvm(10175): VFY: unable to find class referenced in signature (Lokhttp3/Response;)
I/dalvikvm(10175): Could not find method okhttp3.Response.headers, referenced from method empirical.HelperClass.printOkHttpInfo
W/dalvikvm(10175): VFY: unable to resolve virtual method 44514: Lokhttp3/Response;.headers ()Lokhttp3/Headers;
D/dalvikvm(10175): VFY: replacing opcode 0x6e at 0x0006
W/dalvikvm(10175): VFY: unable to find class referenced in signature (Lokhttp3/Call;)
W/dalvikvm(10175): VFY: unable to find class referenced in signature (Lokhttp3/Response;)
I/dalvikvm(10175): Could not find method okhttp3.Call.request, referenced from method empirical.HelperClass.printOkHttpInfoFromCall
W/dalvikvm(10175): VFY: unable to resolve interface method 44508: Lokhttp3/Call;.request ()Lokhttp3/Request;
D/dalvikvm(10175): VFY: replacing opcode 0x72 at 0x0006
I/System.out(10175): body:<com.facebook.GraphRequest: java.net.HttpURLConnection a(com.facebook.at)>	sig:specialinvoke $r2.<java.net.URL: void <init>(java.lang.String)>($r3)	timediff:0
I/System.out(10175): <com.facebook.GraphRequest: java.net.HttpURLConnection a(com.facebook.at)>###specialinvoke $r2.<java.net.URL: void <init>(java.lang.String)>($r3)###https://graph.facebook.com/v2.6/152524258096813?fields=supports_implicit_sdk_logging%2Cgdpv4_nux_content%2Cgdpv4_nux_enabled%2Cgdpv4_chrome_custom_tabs_enabled%2Candroid_dialog_configs%2Candroid_sdk_error_categories%2Capp_events_session_timeout&format=json&sdk=android
D/dalvikvm(10175): GC_FOR_ALLOC freed 93K, 21% free 3502K/4416K, paused 4ms, total 4ms
I/dalvikvm-heap(10175): Grow heap (frag case) to 3.556MB for 79888-byte allocation
I/MediaExtractor(  169): Use extended extractor for the special mime(audio/x-wav) or codec
D/dalvikvm(10175): GC_FOR_ALLOC freed 39K, 22% free 3541K/4496K, paused 2ms, total 2ms
V/GoogleTagManager(10175): Attempting to load a container from the resource ID 2131165185 (com.tmsoft.whitenoise.lite:raw/gtm_default_container)
W/GoogleTagManager(10175): Failed to extract the container from the resource file. Resource is a UTF-8 encoded string but doesn't contain a JSON container
E/Utils   (  169):  Couldn't map mime type "audio/ffmpeg" to a valid AudioSystem::audio_format !
D/OMXCodec(  169): setFFmpegAudioFormat
V/GoogleTagManager(10175): The container was successfully loaded from the resource (using binary file)
V/GoogleTagManager(10175): Deleted 0 expired items
I/System.out(10175): body:<com.facebook.GraphRequest: java.net.HttpURLConnection a(java.net.URL)>	sig:$r1 = virtualinvoke $r0.<java.net.URL: java.net.URLConnection openConnection()>()	timediff:28
D/dalvikvm(10175): GC_CONCURRENT freed 159K, 16% free 3796K/4496K, paused 3ms+0ms, total 8ms
I/System.out(10175): body:<com.facebook.GraphRequest: java.net.HttpURLConnection a(java.net.URL)>	sig:virtualinvoke $r2.<java.net.HttpURLConnection: void setRequestProperty(java.lang.String,java.lang.String)>("User-Agent", $r3)	timediff:0
I/System.out(10175): body:<com.facebook.GraphRequest: java.net.HttpURLConnection a(java.net.URL)>	sig:virtualinvoke $r2.<java.net.HttpURLConnection: void setRequestProperty(java.lang.String,java.lang.String)>("Accept-Language", $r3)	timediff:0
I/System.out(10175): body:<com.facebook.GraphRequest: java.net.HttpURLConnection a(java.net.URL)>	sig:virtualinvoke $r2.<java.net.HttpURLConnection: void setChunkedStreamingMode(int)>(0)	timediff:0
I/System.out(10175): body:<com.facebook.GraphRequest: void a(com.facebook.at,java.net.HttpURLConnection)>	sig:virtualinvoke $r1.<java.net.HttpURLConnection: void setRequestMethod(java.lang.String)>($r6)	timediff:0
I/System.out(10175): body:<com.facebook.GraphRequest: void a(java.net.HttpURLConnection,boolean)>	sig:virtualinvoke $r0.<java.net.HttpURLConnection: void setRequestProperty(java.lang.String,java.lang.String)>("Content-Type", "application/x-www-form-urlencoded")	timediff:0
I/System.out(10175): body:<com.facebook.GraphRequest: void a(java.net.HttpURLConnection,boolean)>	sig:virtualinvoke $r0.<java.net.HttpURLConnection: void setRequestProperty(java.lang.String,java.lang.String)>("Content-Encoding", "gzip")	timediff:0
I/System.out(10175): body:<com.facebook.GraphRequest: void a(com.facebook.at,java.net.HttpURLConnection)>	sig:$r7 = virtualinvoke $r1.<java.net.HttpURLConnection: java.net.URL getURL()>()	timediff:0
I/System.out(10175): body:<com.facebook.GraphRequest: void a(com.facebook.at,java.net.HttpURLConnection)>	sig:$r6 = virtualinvoke $r1.<java.net.HttpURLConnection: java.lang.String getRequestMethod()>()	timediff:0
I/System.out(10175): body:<com.facebook.GraphRequest: void a(com.facebook.at,java.net.HttpURLConnection)>	sig:$r6 = virtualinvoke $r1.<java.net.HttpURLConnection: java.lang.String getRequestProperty(java.lang.String)>("User-Agent")	timediff:0
I/System.out(10175): body:<com.facebook.GraphRequest: void a(com.facebook.at,java.net.HttpURLConnection)>	sig:$r6 = virtualinvoke $r1.<java.net.HttpURLConnection: java.lang.String getRequestProperty(java.lang.String)>("Content-Type")	timediff:0
I/System.out(10175): body:<com.facebook.GraphRequest: void a(com.facebook.at,java.net.HttpURLConnection)>	sig:virtualinvoke $r1.<java.net.HttpURLConnection: void setConnectTimeout(int)>($i2)	timediff:0
I/System.out(10175): body:<com.facebook.GraphRequest: void a(com.facebook.at,java.net.HttpURLConnection)>	sig:virtualinvoke $r1.<java.net.HttpURLConnection: void setReadTimeout(int)>($i2)	timediff:0
E/GoogleTagManager(10175): Invalid macro: _gtm.loadEventEnabled
V/GoogleTagManager(10175): Attempting to load resource from disk
I/dalvikvm(10175): Could not find method android.view.Window$Callback.onProvideKeyboardShortcuts, referenced from method android.support.v7.view.n.onProvideKeyboardShortcuts
W/dalvikvm(10175): VFY: unable to resolve interface method 13018: Landroid/view/Window$Callback;.onProvideKeyboardShortcuts (Ljava/util/List;Landroid/view/Menu;I)V
D/dalvikvm(10175): VFY: replacing opcode 0x72 at 0x0002
W/dalvikvm(10175): VFY: unable to find class referenced in signature (Landroid/view/SearchEvent;)
I/dalvikvm(10175): Could not find method android.view.Window$Callback.onSearchRequested, referenced from method android.support.v7.view.n.onSearchRequested
W/dalvikvm(10175): VFY: unable to resolve interface method 13020: Landroid/view/Window$Callback;.onSearchRequested (Landroid/view/SearchEvent;)Z
D/dalvikvm(10175): VFY: replacing opcode 0x72 at 0x0002
I/dalvikvm(10175): Could not find method android.view.Window$Callback.onWindowStartingActionMode, referenced from method android.support.v7.view.n.onWindowStartingActionMode
W/dalvikvm(10175): VFY: unable to resolve interface method 13024: Landroid/view/Window$Callback;.onWindowStartingActionMode (Landroid/view/ActionMode$Callback;I)Landroid/view/ActionMode;
D/dalvikvm(10175): VFY: replacing opcode 0x72 at 0x0002
V/GoogleTagManager(10175): loadAfterDelay: containerId=GTM-MXH7T9 delay=43192653
D/GoogleTagManager(10175): Setting previous container version: NDg$0
I/dalvikvm(10175): Could not find method android.os.PowerManager.isInteractive, referenced from method com.tmsoft.library.helpers.ScreenLockHelper.isScreenOn
W/dalvikvm(10175): VFY: unable to resolve virtual method 2754: Landroid/os/PowerManager;.isInteractive ()Z
D/dalvikvm(10175): VFY: replacing opcode 0x6e at 0x0011
V/GoogleSignatureVerifier(10175): com.google.android.gms signature not valid.  Found: 
V/GoogleSignatureVerifier(10175): MIIEQzCCAyugAwIBAgIJAMLgh0ZkSjCNMA0GCSqGSIb3DQEBBAUAMHQxCzAJBgNVBAYTAlVTMRMw
V/GoogleSignatureVerifier(10175): EQYDVQQIEwpDYWxpZm9ybmlhMRYwFAYDVQQHEw1Nb3VudGFpbiBWaWV3MRQwEgYDVQQKEwtHb29n
V/GoogleSignatureVerifier(10175): bGUgSW5jLjEQMA4GA1UECxMHQW5kcm9pZDEQMA4GA1UEAxMHQW5kcm9pZDAeFw0wODA4MjEyMzEz
V/GoogleSignatureVerifier(10175): MzRaFw0zNjAxMDcyMzEzMzRaMHQxCzAJBgNVBAYTAlVTMRMwEQYDVQQIEwpDYWxpZm9ybmlhMRYw
V/GoogleSignatureVerifier(10175): FAYDVQQHEw1Nb3VudGFpbiBWaWV3MRQwEgYDVQQKEwtHb29nbGUgSW5jLjEQMA4GA1UECxMHQW5k
V/GoogleSignatureVerifier(10175): cm9pZDEQMA4GA1UEAxMHQW5kcm9pZDCCASAwDQYJKoZIhvcNAQEBBQADggENADCCAQgCggEBAKtW
V/GoogleSignatureVerifier(10175): LgDYO6IIrgqWbxJOKdoR8qtW0I9Y4sypEwPpt1TTcvZApxsdyxMJZ2JORland2qSGT2y5b+3JKke
V/GoogleSignatureVerifier(10175): dxiLDmpHpDsz2WCbdxgxRczfey5YZnTJ4VZbH0xqWVW/8lGmPav5xVwnIiJS6HXk+BVKZF+JcWjA
V/GoogleSignatureVerifier(10175): sb/GEuq/eFdpuzSqeYTcfi6idkyugwfYwXFU1+5fZKUaRKYCwkkFQVfcAs1fXA5V+++FGfvjJ/Cx
V/GoogleSignatureVerifier(10175): URaSxaBvGdGDhfXE28LWuT9ozCl5xw4Yq5OGazvV24mZVSoOO0yZ31j7kYvtwYK6NeADwbSxDdJE
V/GoogleSignatureVerifier(10175): qO4k//0zOHKrUiGYXtqw/A0LFFtqoZKFjnkCAQOjgdkwgdYwHQYDVR0OBBYEFMd9jMIhF1Ylmn/T
V/GoogleSignatureVerifier(10175): gt9r45jk14alMIGmBgNVHSMEgZ4wgZuAFMd9jMIhF1Ylmn/Tgt9r45jk14aloXikdjB0MQswCQYD
V/GoogleSignatureVerifier(10175): VQQGEwJVUzETMBEGA1UECBMKQ2FsaWZvcm5pYTEWMBQGA1UEBxMNTW91bnRhaW4gVmlldzEUMBIG
V/GoogleSignatureVerifier(10175): A1UEChMLR29vZ2xlIEluYy4xEDAOBgNVBAsTB0FuZHJvaWQxEDAOBgNVBAMTB0FuZHJvaWSCCQDC
V/GoogleSignatureVerifier(10175): 4IdGZEowjTAMBgNVHRMEBTADAQH/MA0GCSqGSIb3DQEBBAUAA4IBAQBt0lLO74UwLDYKqs6Tm8/y
V/GoogleSignatureVerifier(10175): zKkEu116FmH4rkaymUIE0P9KaMftGlMexFlaYjzmB2OxZyl6euNXEsQH8gjwyxCUKRJNexBiGcCE
V/GoogleSignatureVerifier(10175): yj6z+a1fuHHvkiaai+KL8W1EyNmgjmyy8AW7P+LLlkR+ho5zEHatRbM/YAnqGcFh5iZBqpknHf1S
V/GoogleSignatureVerifier(10175): KMXFh4dd239FJ1jWYfbMDMy3NS5CTMQ2XFI1MvcyUTdZPErjQfTbQe3aDQsQcafEQPD+nqActifK
V/GoogleSignatureVerifier(10175): Z0Np0IS9L9kR/wbNvyz6ENwPiTrjV2KRkEjH78ZMcUQXg0L3BYHJ3lc69Vs5Ddf9uUGGMYldX3Wf
V/GoogleSignatureVerifier(10175): MBEmh/9iFBDAaTCK
E/GoogleTagManager(10175): Invalid macro: _gtm.loadEventEnabled
V/GoogleTagManager(10175): The Disk resource was successfully read.
D/dalvikvm(10175): GC_CONCURRENT freed 223K, 11% free 4018K/4496K, paused 2ms+2ms, total 7ms
D/dalvikvm(10175): GC_FOR_ALLOC freed 154K, 11% free 4088K/4552K, paused 4ms, total 4ms
I/dalvikvm-heap(10175): Grow heap (frag case) to 4.659MB for 635808-byte allocation
D/dalvikvm(10175): GC_CONCURRENT freed 6K, 10% free 4702K/5176K, paused 0ms+0ms, total 3ms
I/dalvikvm(10175): Could not find method android.content.res.Resources.getDrawable, referenced from method android.support.v7.widget.et.getDrawable
W/dalvikvm(10175): VFY: unable to resolve virtual method 1830: Landroid/content/res/Resources;.getDrawable (ILandroid/content/res/Resources$Theme;)Landroid/graphics/drawable/Drawable;
D/dalvikvm(10175): VFY: replacing opcode 0x6e at 0x0002
I/dalvikvm(10175): Could not find method android.content.res.Resources.getDrawableForDensity, referenced from method android.support.v7.widget.et.getDrawableForDensity
W/dalvikvm(10175): VFY: unable to resolve virtual method 1832: Landroid/content/res/Resources;.getDrawableForDensity (IILandroid/content/res/Resources$Theme;)Landroid/graphics/drawable/Drawable;
D/dalvikvm(10175): VFY: replacing opcode 0x6e at 0x0002
I/dalvikvm(10175): Could not find method android.content.Context.getColorStateList, referenced from method android.support.v7.c.a.b.a
W/dalvikvm(10175): VFY: unable to resolve virtual method 1627: Landroid/content/Context;.getColorStateList (I)Landroid/content/res/ColorStateList;
D/dalvikvm(10175): VFY: replacing opcode 0x6e at 0x0006
E/dalvikvm(10175): Could not find class 'android.graphics.drawable.RippleDrawable', referenced from method android.support.v7.widget.az.a
W/dalvikvm(10175): VFY: unable to resolve instanceof 358 (Landroid/graphics/drawable/RippleDrawable;) in Landroid/support/v7/widget/az;
D/dalvikvm(10175): VFY: replacing opcode 0x20 at 0x000c
D/dalvikvm(10175): GC_CONCURRENT freed 304K, 7% free 4919K/5288K, paused 1ms+0ms, total 8ms
D/AwardHelper(10175): init interstitial
V/WebViewChromium(10175): Binding Chromium to the main looper Looper (main, tid 1) {4a76837c}
I/chromium(10175): [INFO:library_loader_hooks.cc(112)] Chromium logging enabled: level = 0, default verbosity = 0
I/BrowserProcessMain(10175): Initializing chromium process, renderers=0
W/chromium(10175): [WARNING:proxy_service.cc(888)] PAC support disabled because there is no system implementation
D/libEGL  (10175): loaded /system/lib/egl/libEGL_adreno.so
I/MediaExtractor(  169): Use extended extractor for the special mime(audio/x-wav) or codec
D/        (10175): HostConnection::get() New Host Connection established 0xb88bddc0, tid 10175
D/libEGL  (10175): loaded /system/lib/egl/libGLESv1_CM_adreno.so
D/libEGL  (10175): loaded /system/lib/egl/libGLESv2_adreno.so
I/System.out(10175): body:<com.facebook.aw: java.util.List a(java.net.HttpURLConnection,com.facebook.at)>	sig:$i0 = virtualinvoke $r0.<java.net.HttpURLConnection: int getResponseCode()>()	timediff:134
I/System.out(10175): body:<com.facebook.aw: java.util.List a(java.net.HttpURLConnection,com.facebook.at)>	sig:$r3 = virtualinvoke $r0.<java.net.HttpURLConnection: java.io.InputStream getInputStream()>()	timediff:0
I/System.out(10175): body:<empirical.HelperClass: void printURLInfo(java.lang.String,java.lang.String,java.net.URLConnection)>	sig:$r0 = virtualinvoke urlConnection.<java.net.URLConnection: java.net.URL getURL()>()	timediff:0
I/System.out(10175): body:<empirical.HelperClass: void printURLInfo(java.lang.String,java.lang.String,java.net.URLConnection)>	sig:urlString = virtualinvoke $r0.<java.net.URL: java.lang.String toString()>()	timediff:0
I/System.out(10175): body:<empirical.HelperClass: void printURLInfo(java.lang.String,java.lang.String,java.net.URLConnection)>	sig:isDoOutput = virtualinvoke urlConnection.<java.net.URLConnection: boolean getDoOutput()>()	timediff:0
I/System.out(10175): body:<empirical.HelperClass: java.lang.String getHeaderField(java.net.URLConnection,java.lang.String)>	sig:data = virtualinvoke conn.<java.net.URLConnection: java.lang.String getHeaderField(java.lang.String)>(field)	timediff:0
I/System.out(10175): body:<empirical.HelperClass: java.lang.String getHeaderField(java.net.URLConnection,java.lang.String)>	sig:data = virtualinvoke conn.<java.net.URLConnection: java.lang.String getHeaderField(java.lang.String)>(field)	timediff:0
I/System.out(10175): body:<empirical.HelperClass: java.lang.String getHeaderField(java.net.URLConnection,java.lang.String)>	sig:data = virtualinvoke conn.<java.net.URLConnection: java.lang.String getHeaderField(java.lang.String)>(field)	timediff:0
I/System.out(10175): body:<empirical.HelperClass: java.lang.String getHeaderField(java.net.URLConnection,java.lang.String)>	sig:data = virtualinvoke conn.<java.net.URLConnection: java.lang.String getHeaderField(java.lang.String)>(field)	timediff:0
I/System.out(10175): body:<empirical.HelperClass: java.lang.String getHeaderField(java.net.URLConnection,java.lang.String)>	sig:data = virtualinvoke conn.<java.net.URLConnection: java.lang.String getHeaderField(java.lang.String)>(field)	timediff:0
I/System.out(10175): URLConn;%;0;%;<com.facebook.aw: java.util.List a(java.net.HttpURLConnection,com.facebook.at)>;%;$r3 = virtualinvoke $r0.<java.net.HttpURLConnection: java.io.InputStream getInputStream()>();%;https://graph.facebook.com/v2.6/152524258096813?fields=supports_implicit_sdk_logging%2Cgdpv4_nux_content%2Cgdpv4_nux_enabled%2Cgdpv4_chrome_custom_tabs_enabled%2Candroid_dialog_configs%2Candroid_sdk_error_categories%2Capp_events_session_timeout&format=json&sdk=android;%;false;%;Not found;%;private, no-cache, no-store, must-revalidate;%;Sat, 01 Jan 2000 00:00:00 GMT;%;Not found;%;Not found
I/System.out(10175): body:<com.facebook.aw: java.util.List a(java.net.HttpURLConnection,java.util.List,java.lang.Object)>	sig:$i2 = virtualinvoke $r0.<java.net.HttpURLConnection: int getResponseCode()>()	timediff:0
I/System.out(10175): body:<com.facebook.b.bo: void a(java.net.URLConnection)>	sig:virtualinvoke $r1.<java.net.HttpURLConnection: void disconnect()>()	timediff:0
I/System.out(10175): body:<com.facebook.b.bo: void a(java.net.URLConnection)>	sig:virtualinvoke $r1.<java.net.HttpURLConnection: void disconnect()>()	timediff:0
E/Utils   (  169):  Couldn't map mime type "audio/ffmpeg" to a valid AudioSystem::audio_format !
D/OMXCodec(  169): setFFmpegAudioFormat
D/ScreenLockHelper(10175): onStart (user present)
D/WhiteNoiseActivity(10175): Screen on (start): true
D/WhiteNoiseActivity(10175): No news id or news prompt, no news to show.
D/WhiteNoiseActivity(10175): Recording app launched, app rater is enabled.
D/WhiteNoiseActivity(10175): Checking if market engine needs to update, market engine is enabled.
D/MarketEngine(10175): shouldRequestUpdate busy: false
D/MarketEngine(10175): shouldRequestUpdate busy: false
D/MarketEngine(10175): Executing http request for: http://whitenoisemarket.com/api/postcard
D/dalvikvm(10175): GC_CONCURRENT freed 453K, 10% free 5076K/5596K, paused 1ms+1ms, total 4ms
D/SharedInfo(10175): Refreshing shared info...
I/MainActivity(10175): Creating new Ad View with tag: 1 ad unit: agltb3B1Yi1pbmNyDQsSBFNpdGUY2JWgFAw
D/MoPub   (10175): Loading url: http://ads.mopub.com/m/ad?v=6&id=agltb3B1Yi1pbmNyDQsSBFNpdGUY2JWgFAw&nv=4.6.0&dn=samsung%2CSM-G955N%2CSM-G955N&bundle=com.tmsoft.whitenoise.lite&z=-0700&o=l&w=1280&h=720&sc_a=1.5&mcc=310&mnc=16&iso=US&cn=T-Mobile&ct=2&av=7.0.6&udid=mp_tmpl_advertising_id&dnt=mp_tmpl_do_not_track&mr=1&android_perms_ext_storage=1
D/WhiteNoiseActivity(10175): Correcting pager's current item to active index of 0
E/MarketEngine(10175): Error executing request: No peer certificate
D/dalvikvm(10175): GC_CONCURRENT freed 347K, 8% free 5467K/5888K, paused 0ms+1ms, total 4ms
D/WhiteNoiseShare(10175): Loading installed imports cache.
D/AwardHelper(10175): showInterstitial ad ready: false
D/GTMHelper(10175): Successfully loaded container with id GTM-MXH7T9
D/WhiteNoiseApp(10175): GTM Container opened.
D/WhiteNoiseApp(10175): Refreshing config from container values.
E/GoogleTagManager(10175): Invalid macro: ads.max
E/GoogleTagManager(10175): Failed to convert '' to a number.
D/ServiceController(10175): Binding to Default Service with flags: 65
D/ContainerReceiver(10175): Received notification tag container is now open.
I/GoogleTagManager(10175): Obtained fresh AdvertisingId info from GmsCore.
I/System.out(10175): body:<com.mopub.volley.toolbox.HurlStack: org.apache.http.HttpResponse performRequest(com.mopub.volley.Request,java.util.Map)>	sig:specialinvoke $r11.<java.net.URL: void <init>(java.lang.String)>($r8)	timediff:0
I/System.out(10175): <com.mopub.volley.toolbox.HurlStack: org.apache.http.HttpResponse performRequest(com.mopub.volley.Request,java.util.Map)>###specialinvoke $r11.<java.net.URL: void <init>(java.lang.String)>($r8)###http://ads.mopub.com/m/ad?v=6&id=agltb3B1Yi1pbmNyDQsSBFNpdGUY2JWgFAw&nv=4.6.0&dn=samsung%2CSM-G955N%2CSM-G955N&bundle=com.tmsoft.whitenoise.lite&z=-0700&o=l&w=1280&h=720&sc_a=1.5&mcc=310&mnc=16&iso=US&cn=T-Mobile&ct=2&av=7.0.6&udid=ifa%3A3ae8f2f4-1b58-4ed6-816b-3ee6c7e3745e&dnt=0&mr=1&android_perms_ext_storage=1
I/System.out(10175): body:<com.mopub.volley.toolbox.HurlStack: java.net.HttpURLConnection a(java.net.URL)>	sig:$r2 = virtualinvoke $r1.<java.net.URL: java.net.URLConnection openConnection()>()	timediff:0
I/System.out(10175): body:<com.mopub.volley.toolbox.HurlStack: java.net.HttpURLConnection a(java.net.URL,com.mopub.volley.Request)>	sig:virtualinvoke $r3.<java.net.HttpURLConnection: void setConnectTimeout(int)>($i0)	timediff:0
I/System.out(10175): body:<com.mopub.volley.toolbox.HurlStack: java.net.HttpURLConnection a(java.net.URL,com.mopub.volley.Request)>	sig:virtualinvoke $r3.<java.net.HttpURLConnection: void setReadTimeout(int)>($i0)	timediff:0
