I/System.out(26766): body:<com.localytics.android.LocalyticsSession$UploadHandler: boolean uploadSessions(java.lang.String,java.lang.String,java.lang.String,java.lang.String)>	sig:virtualinvoke $r11.<java.net.HttpURLConnection: void setRequestProperty(java.lang.String,java.lang.String)>("x-client-version", "android_2.19")	timediff:0
I/System.out(26766): body:<com.localytics.android.LocalyticsSession$UploadHandler: boolean uploadSessions(java.lang.String,java.lang.String,java.lang.String,java.lang.String)>	sig:virtualinvoke $r11.<java.net.HttpURLConnection: void setFixedLengthStreamingMode(int)>($i0)	timediff:0
E/runtastic(26766): succeed to download elevation tile: http://relays.runtastic.com/srtm3/-3548/1019
E/runtastic(26766): start to download elevation tile: http://relays.runtastic.com/srtm3/-3547/1019
W/EGL_emulation(26766): eglSurfaceAttrib not implemented 3093 12436
I/System.out(26766): body:<com.localytics.android.LocalyticsSession$UploadHandler: boolean uploadSessions(java.lang.String,java.lang.String,java.lang.String,java.lang.String)>	sig:$r12 = virtualinvoke $r11.<java.net.HttpURLConnection: java.io.OutputStream getOutputStream()>()	timediff:142
D/Event   (26766): No subscribers registered for event class com.runtastic.android.data.bolt.GpsQualityEvent
D/Event   (26766): No subscribers registered for event class de.greenrobot.event.NoSubscriberEvent
D/Event   (26766): No subscribers registered for event class com.runtastic.android.events.bolt.LocationChangedEvent
D/Event   (26766): No subscribers registered for event class de.greenrobot.event.NoSubscriberEvent
D/Event   (26766): No subscribers registered for event class com.runtastic.android.events.bolt.DashboardDataChangedEvent
D/Event   (26766): No subscribers registered for event class de.greenrobot.event.NoSubscriberEvent
I/InputDispatcher(  346): Dropped event because of pending overdue app switch.
W/InputManager(  346): Input event injection from pid 26745 failed.
I/System.out(26766): body:<com.localytics.android.LocalyticsSession$UploadHandler: boolean uploadSessions(java.lang.String,java.lang.String,java.lang.String,java.lang.String)>	sig:$i0 = virtualinvoke $r11.<java.net.HttpURLConnection: int getResponseCode()>()	timediff:177
I/System.out(26766): body:<com.localytics.android.LocalyticsSession$UploadHandler: boolean uploadSessions(java.lang.String,java.lang.String,java.lang.String,java.lang.String)>	sig:virtualinvoke $r11.<java.net.HttpURLConnection: void disconnect()>()	timediff:0
W/ViewRootImpl(26766): Dropping event due to no window focus: KeyEvent { action=ACTION_DOWN, keyCode=KEYCODE_DPAD_DOWN, scanCode=0, metaState=0, flags=0x8, repeatCount=0, eventTime=15642438, downTime=15642438, deviceId=-1, source=0x101 }
I/System.out(26766): body:<com.localytics.android.LocalyticsSession$UploadHandler: boolean uploadSessions(java.lang.String,java.lang.String,java.lang.String,java.lang.String)>	sig:specialinvoke r52.<java.net.URL: void <init>(java.lang.String)>($r0)	timediff:0
I/System.out(26766): <com.localytics.android.LocalyticsSession$UploadHandler: boolean uploadSessions(java.lang.String,java.lang.String,java.lang.String,java.lang.String)>###specialinvoke r52.<java.net.URL: void <init>(java.lang.String)>($r0)###https://analytics.localytics.com/api/v2/uploads
I/System.out(26766): body:<com.localytics.android.LocalyticsSession$UploadHandler: boolean uploadSessions(java.lang.String,java.lang.String,java.lang.String,java.lang.String)>	sig:$r10 = virtualinvoke $r9.<java.net.URL: java.net.URLConnection openConnection()>()	timediff:0
I/System.out(26766): body:<com.localytics.android.LocalyticsSession$UploadHandler: boolean uploadSessions(java.lang.String,java.lang.String,java.lang.String,java.lang.String)>	sig:virtualinvoke $r11.<java.net.HttpURLConnection: void setDoOutput(boolean)>(1)	timediff:0
I/System.out(26766): body:<com.localytics.android.LocalyticsSession$UploadHandler: boolean uploadSessions(java.lang.String,java.lang.String,java.lang.String,java.lang.String)>	sig:virtualinvoke $r11.<java.net.HttpURLConnection: void setRequestProperty(java.lang.String,java.lang.String)>("Content-Type", "application/x-gzip")	timediff:0
I/System.out(26766): body:<com.localytics.android.LocalyticsSession$UploadHandler: boolean uploadSessions(java.lang.String,java.lang.String,java.lang.String,java.lang.String)>	sig:virtualinvoke $r11.<java.net.HttpURLConnection: void setRequestProperty(java.lang.String,java.lang.String)>("Content-Encoding", "gzip")	timediff:0
I/System.out(26766): body:<com.localytics.android.LocalyticsSession$UploadHandler: boolean uploadSessions(java.lang.String,java.lang.String,java.lang.String,java.lang.String)>	sig:virtualinvoke $r11.<java.net.HttpURLConnection: void setRequestProperty(java.lang.String,java.lang.String)>("x-upload-time", $r1)	timediff:0
I/System.out(26766): body:<com.localytics.android.LocalyticsSession$UploadHandler: boolean uploadSessions(java.lang.String,java.lang.String,java.lang.String,java.lang.String)>	sig:virtualinvoke $r11.<java.net.HttpURLConnection: void setRequestProperty(java.lang.String,java.lang.String)>("x-install-id", $r2)	timediff:0
I/System.out(26766): body:<com.localytics.android.LocalyticsSession$UploadHandler: boolean uploadSessions(java.lang.String,java.lang.String,java.lang.String,java.lang.String)>	sig:virtualinvoke $r11.<java.net.HttpURLConnection: void setRequestProperty(java.lang.String,java.lang.String)>("x-app-id", $r3)	timediff:0
I/System.out(26766): body:<com.localytics.android.LocalyticsSession$UploadHandler: boolean uploadSessions(java.lang.String,java.lang.String,java.lang.String,java.lang.String)>	sig:virtualinvoke $r11.<java.net.HttpURLConnection: void setRequestProperty(java.lang.String,java.lang.String)>("x-client-version", "android_2.19")	timediff:0
I/System.out(26766): body:<com.localytics.android.LocalyticsSession$UploadHandler: boolean uploadSessions(java.lang.String,java.lang.String,java.lang.String,java.lang.String)>	sig:virtualinvoke $r11.<java.net.HttpURLConnection: void setFixedLengthStreamingMode(int)>($i0)	timediff:0
W/InputMethodManagerService(  346): Window already focused, ignoring focus gain of: com.android.internal.view.IInputMethodClient$Stub$Proxy@4abbc1bc attribute=null, token = android.os.BinderProxy@4b34cc88
E/runtastic(26766): succeed to download elevation tile: http://relays.runtastic.com/srtm3/-3547/1019
E/runtastic(26766): start to download elevation tile: http://relays.runtastic.com/srtm3/-3548/1020
I/System.out(26766): body:<com.localytics.android.LocalyticsSession$UploadHandler: boolean uploadSessions(java.lang.String,java.lang.String,java.lang.String,java.lang.String)>	sig:$r12 = virtualinvoke $r11.<java.net.HttpURLConnection: java.io.OutputStream getOutputStream()>()	timediff:144
I/ActivityManager(  346): START u0 {act=android.intent.action.MAIN cat=[android.intent.category.LAUNCHER] flg=0x10200000 cmp=com.runtastic.android/.activities.StartActivity} from pid 26745
I/System.out(26766): body:<com.localytics.android.LocalyticsSession$UploadHandler: boolean uploadSessions(java.lang.String,java.lang.String,java.lang.String,java.lang.String)>	sig:$i0 = virtualinvoke $r11.<java.net.HttpURLConnection: int getResponseCode()>()	timediff:178
I/System.out(26766): body:<com.localytics.android.LocalyticsSession$UploadHandler: boolean uploadSessions(java.lang.String,java.lang.String,java.lang.String,java.lang.String)>	sig:virtualinvoke $r11.<java.net.HttpURLConnection: void disconnect()>()	timediff:0
W/ViewRootImpl(26766): Dropping event due to no window focus: KeyEvent { action=ACTION_DOWN, keyCode=KEYCODE_DPAD_LEFT, scanCode=0, metaState=0, flags=0x8, repeatCount=0, eventTime=15642756, downTime=15642756, deviceId=-1, source=0x101 }
W/EGL_emulation(26766): eglSurfaceAttrib not implemented 3093 12436
D/Event   (26766): No subscribers registered for event class com.runtastic.android.data.bolt.GpsQualityEvent
D/Event   (26766): No subscribers registered for event class de.greenrobot.event.NoSubscriberEvent
D/Event   (26766): No subscribers registered for event class com.runtastic.android.events.bolt.LocationChangedEvent
D/Event   (26766): No subscribers registered for event class de.greenrobot.event.NoSubscriberEvent
D/Event   (26766): No subscribers registered for event class com.runtastic.android.events.bolt.DashboardDataChangedEvent
D/Event   (26766): No subscribers registered for event class de.greenrobot.event.NoSubscriberEvent
D/Event   (26766): No subscribers registered for event class com.runtastic.android.data.bolt.GpsQualityEvent
D/Event   (26766): No subscribers registered for event class de.greenrobot.event.NoSubscriberEvent
D/Event   (26766): No subscribers registered for event class com.runtastic.android.events.bolt.LocationChangedEvent
D/Event   (26766): No subscribers registered for event class de.greenrobot.event.NoSubscriberEvent
D/Event   (26766): No subscribers registered for event class com.runtastic.android.events.bolt.DashboardDataChangedEvent
D/Event   (26766): No subscribers registered for event class de.greenrobot.event.NoSubscriberEvent
W/ViewRootImpl(26766): Dropping event due to no window focus: KeyEvent { action=ACTION_DOWN, keyCode=KEYCODE_DPAD_RIGHT, scanCode=0, metaState=0, flags=0x8, repeatCount=0, eventTime=15642773, downTime=15642773, deviceId=-1, source=0x101 }
W/ViewRootImpl(26766): Dropping event due to no window focus: KeyEvent { action=ACTION_DOWN, keyCode=KEYCODE_DPAD_RIGHT, scanCode=0, metaState=0, flags=0x8, repeatCount=0, eventTime=15642837, downTime=15642837, deviceId=-1, source=0x101 }
W/InputMethodManagerService(  346): Window already focused, ignoring focus gain of: com.android.internal.view.IInputMethodClient$Stub$Proxy@4acbfb08 attribute=android.view.inputmethod.EditorInfo@4b1ada28, token = android.os.BinderProxy@4b34cc88
E/runtastic(26766): succeed to download elevation tile: http://relays.runtastic.com/srtm3/-3548/1020
E/runtastic(26766): start to download elevation tile: http://relays.runtastic.com/srtm3/-3549/1019
W/ViewRootImpl(26766): Dropping event due to no window focus: KeyEvent { action=ACTION_DOWN, keyCode=KEYCODE_PROG_BLUE, scanCode=0, metaState=0, flags=0x8, repeatCount=0, eventTime=15643007, downTime=15643007, deviceId=-1, source=0x101 }
W/ViewRootImpl(26766): Dropping event due to no window focus: KeyEvent { action=ACTION_DOWN, keyCode=KEYCODE_DPAD_DOWN, scanCode=0, metaState=0, flags=0x8, repeatCount=0, eventTime=15643009, downTime=15643009, deviceId=-1, source=0x101 }
W/ViewRootImpl(26766): Dropping event due to no window focus: KeyEvent { action=ACTION_DOWN, keyCode=KEYCODE_NUM, scanCode=0, metaState=0, flags=0x8, repeatCount=0, eventTime=15643012, downTime=15643012, deviceId=-1, source=0x101 }
W/ViewRootImpl(26766): Dropping event due to no window focus: KeyEvent { action=ACTION_DOWN, keyCode=KEYCODE_DPAD_DOWN, scanCode=0, metaState=0, flags=0x8, repeatCount=0, eventTime=15643013, downTime=15643013, deviceId=-1, source=0x101 }
W/ViewRootImpl(26766): Dropping event due to no window focus: KeyEvent { action=ACTION_DOWN, keyCode=KEYCODE_CTRL_RIGHT, scanCode=0, metaState=0, flags=0x8, repeatCount=0, eventTime=15643014, downTime=15643014, deviceId=-1, source=0x101 }
W/ViewRootImpl(26766): Dropping event due to no window focus: KeyEvent { action=ACTION_DOWN, keyCode=KEYCODE_DPAD_RIGHT, scanCode=0, metaState=0, flags=0x8, repeatCount=0, eventTime=15643015, downTime=15643015, deviceId=-1, source=0x101 }
W/EGL_emulation(26766): eglSurfaceAttrib not implemented 3093 12436
W/ViewRootImpl(26766): Dropping event due to no window focus: KeyEvent { action=ACTION_DOWN, keyCode=KEYCODE_DPAD_DOWN, scanCode=0, metaState=0, flags=0x8, repeatCount=0, eventTime=15643016, downTime=15643016, deviceId=-1, source=0x101 }
W/InputEventReceiver(26766): Attempted to finish an input event but the input event receiver has already been disposed.
I/ActivityManager(  346): START u0 {act=android.intent.action.MAIN cat=[android.intent.category.LAUNCHER] flg=0x10200000 cmp=com.runtastic.android/.activities.StartActivity} from pid 26745
W/EGL_emulation(26766): eglSurfaceAttrib not implemented 3093 12436
W/ViewRootImpl(26766): Dropping event due to no window focus: KeyEvent { action=ACTION_DOWN, keyCode=KEYCODE_DPAD_DOWN, scanCode=0, metaState=0, flags=0x8, repeatCount=0, eventTime=15643036, downTime=15643036, deviceId=-1, source=0x101 }
W/InputMethodManagerService(  346): Window already focused, ignoring focus gain of: com.android.internal.view.IInputMethodClient$Stub$Proxy@4acd7e5c attribute=null, token = android.os.BinderProxy@4b34cc88
W/ViewRootImpl(26766): Dropping event due to no window focus: KeyEvent { action=ACTION_MULTIPLE, keyCode=KEYCODE_DPAD_LEFT, scanCode=0, metaState=0, flags=0x400, repeatCount=4, eventTime=15643057, downTime=15643057, deviceId=-1, source=0x101 }
W/ViewRootImpl(26766): Dropping event due to no window focus: KeyEvent { action=ACTION_DOWN, keyCode=KEYCODE_DPAD_LEFT, scanCode=0, metaState=0, flags=0x400, repeatCount=0, eventTime=15643057, downTime=15643057, deviceId=-1, source=0x101 }
W/ViewRootImpl(26766): Dropping event due to no window focus: KeyEvent { action=ACTION_DOWN, keyCode=KEYCODE_DPAD_LEFT, scanCode=0, metaState=0, flags=0x400, repeatCount=0, eventTime=15643057, downTime=15643057, deviceId=-1, source=0x101 }
W/ViewRootImpl(26766): Dropping event due to no window focus: KeyEvent { action=ACTION_DOWN, keyCode=KEYCODE_DPAD_LEFT, scanCode=0, metaState=0, flags=0x400, repeatCount=0, eventTime=15643057, downTime=15643057, deviceId=-1, source=0x101 }
W/ViewRootImpl(26766): Dropping event due to no window focus: KeyEvent { action=ACTION_DOWN, keyCode=KEYCODE_DPAD_LEFT, scanCode=0, metaState=0, flags=0x400, repeatCount=0, eventTime=15643057, downTime=15643057, deviceId=-1, source=0x101 }
W/InputMethodManagerService(  346): Window already focused, ignoring focus gain of: com.android.internal.view.IInputMethodClient$Stub$Proxy@4ada232c attribute=null, token = android.os.BinderProxy@4b34cc88
W/ViewRootImpl(26766): Dropping event due to no window focus: MotionEvent { action=ACTION_MOVE, id[0]=0, x[0]=1.0, y[0]=1.0, toolType[0]=TOOL_TYPE_UNKNOWN, buttonState=0, metaState=0, flags=0x0, edgeFlags=0x0, pointerCount=1, historySize=8, eventTime=15643094, downTime=-1, deviceId=0, source=0x10004 }
W/EGL_emulation(26766): eglSurfaceAttrib not implemented 3093 12436
I/ActivityManager(  346): START u0 {act=android.intent.action.MAIN cat=[android.intent.category.LAUNCHER] flg=0x10200000 cmp=com.runtastic.android/.activities.StartActivity} from pid 26745
W/WindowManager(  346): updateFocusedWindowLocked, focusedAppToken is null.
W/ViewRootImpl(  531): Dropping event due to no window focus: KeyEvent { action=ACTION_DOWN, keyCode=KEYCODE_DPAD_UP, scanCode=0, metaState=0, flags=0x8, repeatCount=0, eventTime=15643133, downTime=15643133, deviceId=-1, source=0x101 }
W/ViewRootImpl(  531): Dropping event due to no window focus: KeyEvent { action=ACTION_DOWN, keyCode=KEYCODE_DPAD_DOWN, scanCode=0, metaState=0, flags=0x8, repeatCount=0, eventTime=15643135, downTime=15643135, deviceId=-1, source=0x101 }
W/ContextImpl(  346): Calling a method in the system process without a qualified user: android.app.ContextImpl.sendBroadcast:1123 com.android.server.InputMethodManagerService.hideCurrentInputLocked:1880 com.android.server.InputMethodManagerService.windowGainedFocus:1968 com.android.internal.view.IInputMethodManager$Stub.onTransact:221 com.android.server.InputMethodManagerService.onTransact:818 
W/InputEventReceiver(  531): Attempted to finish an input event but the input event receiver has already been disposed.
W/InputEventReceiver(  531): Attempted to finish an input event but the input event receiver has already been disposed.
W/ViewRootImpl(  531): Dropping event due to root view being removed: MotionEvent { action=ACTION_MOVE, id[0]=0, x[0]=186.6926, y[0]=-126.572296, toolType[0]=TOOL_TYPE_UNKNOWN, buttonState=0, metaState=0, flags=0x0, edgeFlags=0x0, pointerCount=1, historySize=3, eventTime=15643157, downTime=15643156, deviceId=0, source=0x1002 }
W/ViewRootImpl(26766): Dropping event due to no window focus: KeyEvent { action=ACTION_DOWN, keyCode=KEYCODE_DPAD_DOWN, scanCode=0, metaState=0, flags=0x8, repeatCount=0, eventTime=15643159, downTime=15643159, deviceId=-1, source=0x101 }
W/ContextImpl(  346): Calling a method in the system process without a qualified user: android.app.ContextImpl.sendBroadcast:1123 com.android.server.InputMethodManagerService.hideCurrentInputLocked:1880 com.android.server.InputMethodManagerService.windowGainedFocus:1968 com.android.internal.view.IInputMethodManager$Stub.onTransact:221 com.android.server.InputMethodManagerService.onTransact:818 
I/ActivityManager(  346): START u0 {act=android.intent.action.MAIN cat=[android.intent.category.HOME] flg=0x10200000 cmp=com.vphone.launcher/.Launcher} from pid 346
W/ContextImpl(  346): Calling a method in the system process without a qualified user: android.app.ContextImpl.sendBroadcast:1123 com.android.server.InputMethodManagerService.hideCurrentInputLocked:1880 com.android.server.InputMethodManagerService.hideSoftInput:1843 com.android.internal.view.IInputMethodManager$Stub.onTransact:194 com.android.server.InputMethodManagerService.onTransact:818 
W/ContextImpl(  346): Calling a method in the system process without a qualified user: android.app.ContextImpl.sendBroadcast:1123 com.android.server.InputMethodManagerService.hideCurrentInputLocked:1880 com.android.server.InputMethodManagerService.hideSoftInput:1843 com.android.internal.view.IInputMethodManager$Stub.onTransact:194 com.android.server.InputMethodManagerService.onTransact:818 
W/ContextImpl(  346): Calling a method in the system process without a qualified user: android.app.ContextImpl.sendBroadcast:1123 com.android.server.InputMethodManagerService.hideCurrentInputLocked:1880 com.android.server.InputMethodManagerService.hideSoftInput:1843 com.android.internal.view.IInputMethodManager$Stub.onTransact:194 com.android.server.InputMethodManagerService.onTransact:818 
W/ContextImpl(  346): Calling a method in the system process without a qualified user: android.app.ContextImpl.sendBroadcast:1123 com.android.server.InputMethodManagerService.hideCurrentInputLocked:1880 com.android.server.InputMethodManagerService.hideSoftInput:1843 com.android.internal.view.IInputMethodManager$Stub.onTransact:194 com.android.server.InputMethodManagerService.onTransact:818 
I/System.out(26766): body:<com.localytics.android.LocalyticsSession$UploadHandler: boolean uploadSessions(java.lang.String,java.lang.String,java.lang.String,java.lang.String)>	sig:specialinvoke r52.<java.net.URL: void <init>(java.lang.String)>($r0)	timediff:0
I/System.out(26766): <com.localytics.android.LocalyticsSession$UploadHandler: boolean uploadSessions(java.lang.String,java.lang.String,java.lang.String,java.lang.String)>###specialinvoke r52.<java.net.URL: void <init>(java.lang.String)>($r0)###https://analytics.localytics.com/api/v2/uploads
I/System.out(26766): body:<com.localytics.android.LocalyticsSession$UploadHandler: boolean uploadSessions(java.lang.String,java.lang.String,java.lang.String,java.lang.String)>	sig:$r10 = virtualinvoke $r9.<java.net.URL: java.net.URLConnection openConnection()>()	timediff:0
I/System.out(26766): body:<com.localytics.android.LocalyticsSession$UploadHandler: boolean uploadSessions(java.lang.String,java.lang.String,java.lang.String,java.lang.String)>	sig:virtualinvoke $r11.<java.net.HttpURLConnection: void setDoOutput(boolean)>(1)	timediff:0
I/System.out(26766): body:<com.localytics.android.LocalyticsSession$UploadHandler: boolean uploadSessions(java.lang.String,java.lang.String,java.lang.String,java.lang.String)>	sig:virtualinvoke $r11.<java.net.HttpURLConnection: void setRequestProperty(java.lang.String,java.lang.String)>("Content-Type", "application/x-gzip")	timediff:0
I/System.out(26766): body:<com.localytics.android.LocalyticsSession$UploadHandler: boolean uploadSessions(java.lang.String,java.lang.String,java.lang.String,java.lang.String)>	sig:virtualinvoke $r11.<java.net.HttpURLConnection: void setRequestProperty(java.lang.String,java.lang.String)>("Content-Encoding", "gzip")	timediff:0
I/System.out(26766): body:<com.localytics.android.LocalyticsSession$UploadHandler: boolean uploadSessions(java.lang.String,java.lang.String,java.lang.String,java.lang.String)>	sig:virtualinvoke $r11.<java.net.HttpURLConnection: void setRequestProperty(java.lang.String,java.lang.String)>("x-upload-time", $r1)	timediff:0
I/System.out(26766): body:<com.localytics.android.LocalyticsSession$UploadHandler: boolean uploadSessions(java.lang.String,java.lang.String,java.lang.String,java.lang.String)>	sig:virtualinvoke $r11.<java.net.HttpURLConnection: void setRequestProperty(java.lang.String,java.lang.String)>("x-install-id", $r2)	timediff:0
I/System.out(26766): body:<com.localytics.android.LocalyticsSession$UploadHandler: boolean uploadSessions(java.lang.String,java.lang.String,java.lang.String,java.lang.String)>	sig:virtualinvoke $r11.<java.net.HttpURLConnection: void setRequestProperty(java.lang.String,java.lang.String)>("x-app-id", $r3)	timediff:0
I/System.out(26766): body:<com.localytics.android.LocalyticsSession$UploadHandler: boolean uploadSessions(java.lang.String,java.lang.String,java.lang.String,java.lang.String)>	sig:virtualinvoke $r11.<java.net.HttpURLConnection: void setRequestProperty(java.lang.String,java.lang.String)>("x-client-version", "android_2.19")	timediff:0
I/System.out(26766): body:<com.localytics.android.LocalyticsSession$UploadHandler: boolean uploadSessions(java.lang.String,java.lang.String,java.lang.String,java.lang.String)>	sig:virtualinvoke $r11.<java.net.HttpURLConnection: void setFixedLengthStreamingMode(int)>($i0)	timediff:0
E/runtastic(26766): succeed to download elevation tile: http://relays.runtastic.com/srtm3/-3549/1019
E/runtastic(26766): start to download elevation tile: http://relays.runtastic.com/srtm3/-3548/1018
D/Event   (26766): No subscribers registered for event class com.runtastic.android.data.bolt.GpsQualityEvent
D/Event   (26766): No subscribers registered for event class de.greenrobot.event.NoSubscriberEvent
D/Event   (26766): No subscribers registered for event class com.runtastic.android.events.bolt.LocationChangedEvent
D/Event   (26766): No subscribers registered for event class de.greenrobot.event.NoSubscriberEvent
D/Event   (26766): No subscribers registered for event class com.runtastic.android.events.bolt.DashboardDataChangedEvent
D/Event   (26766): No subscribers registered for event class de.greenrobot.event.NoSubscriberEvent
W/ContextImpl(  346): Calling a method in the system process without a qualified user: android.app.ContextImpl.sendBroadcast:1123 com.android.server.InputMethodManagerService.hideCurrentInputLocked:1880 com.android.server.InputMethodManagerService.hideSoftInput:1843 com.android.internal.view.IInputMethodManager$Stub.onTransact:194 com.android.server.InputMethodManagerService.onTransact:818 
I/System.out(26766): body:<com.localytics.android.LocalyticsSession$UploadHandler: boolean uploadSessions(java.lang.String,java.lang.String,java.lang.String,java.lang.String)>	sig:$r12 = virtualinvoke $r11.<java.net.HttpURLConnection: java.io.OutputStream getOutputStream()>()	timediff:154
V/PanelView(  531): animationTick called with dtms=0; nothing to do (h=0.0 v=0.0)
W/ContextImpl(  346): Calling a method in the system process without a qualified user: android.app.ContextImpl.sendBroadcast:1123 com.android.server.InputMethodManagerService.hideCurrentInputLocked:1880 com.android.server.InputMethodManagerService.hideSoftInput:1843 com.android.internal.view.IInputMethodManager$Stub.onTransact:194 com.android.server.InputMethodManagerService.onTransact:818 
W/ViewRootImpl(26766): Dropping event due to no window focus: KeyEvent { action=ACTION_DOWN, keyCode=KEYCODE_DPAD_LEFT, scanCode=0, metaState=0, flags=0x8, repeatCount=0, eventTime=15643445, downTime=15643445, deviceId=-1, source=0x101 }
W/ViewRootImpl(26766): Dropping event due to no window focus: KeyEvent { action=ACTION_DOWN, keyCode=KEYCODE_DPAD_CENTER, scanCode=0, metaState=0, flags=0x8, repeatCount=0, eventTime=15643448, downTime=15643448, deviceId=-1, source=0x101 }
W/EGL_emulation(26766): eglSurfaceAttrib not implemented 3093 12436
W/ViewRootImpl(26766): Dropping event due to no window focus: KeyEvent { action=ACTION_DOWN, keyCode=KEYCODE_DPAD_CENTER, scanCode=0, metaState=0, flags=0x8, repeatCount=0, eventTime=15643450, downTime=15643450, deviceId=-1, source=0x101 }
I/ActivityManager(  346): START u0 {act=android.intent.action.MAIN cat=[android.intent.category.HOME] flg=0x10200000 cmp=com.vphone.launcher/.Launcher} from pid 346
W/ViewRootImpl(26766): Dropping event due to no window focus: KeyEvent { action=ACTION_DOWN, keyCode=KEYCODE_VOLUME_UP, scanCode=0, metaState=0, flags=0x8, repeatCount=0, eventTime=15643489, downTime=15643489, deviceId=-1, source=0x101 }
W/InputMethodManagerService(  346): Window already focused, ignoring focus gain of: com.android.internal.view.IInputMethodClient$Stub$Proxy@4ac8150c attribute=android.view.inputmethod.EditorInfo@4b1326f0, token = android.os.BinderProxy@4b34cc88
I/ActivityManager(  346): START u0 {act=android.intent.action.MAIN cat=[android.intent.category.LAUNCHER] flg=0x10000000 sel={act=android.intent.action.MAIN cat=[android.intent.category.APP_CALENDAR]}} from pid 346
I/ActivityManager(  346): START u0 {act=android.intent.action.MAIN cat=[android.intent.category.LAUNCHER] flg=0x10200000 cmp=com.runtastic.android/.activities.StartActivity} from pid 26745
W/ViewRootImpl(26766): Dropping event due to no window focus: KeyEvent { action=ACTION_DOWN, keyCode=KEYCODE_BUTTON_2, scanCode=0, metaState=0, flags=0x8, repeatCount=0, eventTime=15643543, downTime=15643543, deviceId=-1, source=0x101 }
I/System.out(26766): body:<com.localytics.android.LocalyticsSession$UploadHandler: boolean uploadSessions(java.lang.String,java.lang.String,java.lang.String,java.lang.String)>	sig:$i0 = virtualinvoke $r11.<java.net.HttpURLConnection: int getResponseCode()>()	timediff:168
I/System.out(26766): body:<com.localytics.android.LocalyticsSession$UploadHandler: boolean uploadSessions(java.lang.String,java.lang.String,java.lang.String,java.lang.String)>	sig:virtualinvoke $r11.<java.net.HttpURLConnection: void disconnect()>()	timediff:0
W/ViewRootImpl(26766): Dropping event due to no window focus: KeyEvent { action=ACTION_DOWN, keyCode=KEYCODE_DPAD_CENTER, scanCode=0, metaState=0, flags=0x8, repeatCount=0, eventTime=15643543, downTime=15643543, deviceId=-1, source=0x101 }
W/EGL_emulation(26766): eglSurfaceAttrib not implemented 3093 12436
I/System.out(26766): body:<com.localytics.android.LocalyticsSession$UploadHandler: boolean uploadSessions(java.lang.String,java.lang.String,java.lang.String,java.lang.String)>	sig:specialinvoke r52.<java.net.URL: void <init>(java.lang.String)>($r0)	timediff:0
I/System.out(26766): <com.localytics.android.LocalyticsSession$UploadHandler: boolean uploadSessions(java.lang.String,java.lang.String,java.lang.String,java.lang.String)>###specialinvoke r52.<java.net.URL: void <init>(java.lang.String)>($r0)###https://analytics.localytics.com/api/v2/uploads
I/System.out(26766): body:<com.localytics.android.LocalyticsSession$UploadHandler: boolean uploadSessions(java.lang.String,java.lang.String,java.lang.String,java.lang.String)>	sig:$r10 = virtualinvoke $r9.<java.net.URL: java.net.URLConnection openConnection()>()	timediff:0
I/System.out(26766): body:<com.localytics.android.LocalyticsSession$UploadHandler: boolean uploadSessions(java.lang.String,java.lang.String,java.lang.String,java.lang.String)>	sig:virtualinvoke $r11.<java.net.HttpURLConnection: void setDoOutput(boolean)>(1)	timediff:0
I/System.out(26766): body:<com.localytics.android.LocalyticsSession$UploadHandler: boolean uploadSessions(java.lang.String,java.lang.String,java.lang.String,java.lang.String)>	sig:virtualinvoke $r11.<java.net.HttpURLConnection: void setRequestProperty(java.lang.String,java.lang.String)>("Content-Type", "application/x-gzip")	timediff:0
I/System.out(26766): body:<com.localytics.android.LocalyticsSession$UploadHandler: boolean uploadSessions(java.lang.String,java.lang.String,java.lang.String,java.lang.String)>	sig:virtualinvoke $r11.<java.net.HttpURLConnection: void setRequestProperty(java.lang.String,java.lang.String)>("Content-Encoding", "gzip")	timediff:0
I/System.out(26766): body:<com.localytics.android.LocalyticsSession$UploadHandler: boolean uploadSessions(java.lang.String,java.lang.String,java.lang.String,java.lang.String)>	sig:virtualinvoke $r11.<java.net.HttpURLConnection: void setRequestProperty(java.lang.String,java.lang.String)>("x-upload-time", $r1)	timediff:0
I/System.out(26766): body:<com.localytics.android.LocalyticsSession$UploadHandler: boolean uploadSessions(java.lang.String,java.lang.String,java.lang.String,java.lang.String)>	sig:virtualinvoke $r11.<java.net.HttpURLConnection: void setRequestProperty(java.lang.String,java.lang.String)>("x-install-id", $r2)	timediff:0
I/System.out(26766): body:<com.localytics.android.LocalyticsSession$UploadHandler: boolean uploadSessions(java.lang.String,java.lang.String,java.lang.String,java.lang.String)>	sig:virtualinvoke $r11.<java.net.HttpURLConnection: void setRequestProperty(java.lang.String,java.lang.String)>("x-app-id", $r3)	timediff:0
I/System.out(26766): body:<com.localytics.android.LocalyticsSession$UploadHandler: boolean uploadSessions(java.lang.String,java.lang.String,java.lang.String,java.lang.String)>	sig:virtualinvoke $r11.<java.net.HttpURLConnection: void setRequestProperty(java.lang.String,java.lang.String)>("x-client-version", "android_2.19")	timediff:0
I/System.out(26766): body:<com.localytics.android.LocalyticsSession$UploadHandler: boolean uploadSessions(java.lang.String,java.lang.String,java.lang.String,java.lang.String)>	sig:virtualinvoke $r11.<java.net.HttpURLConnection: void setFixedLengthStreamingMode(int)>($i0)	timediff:0
W/ViewRootImpl(26766): Dropping event due to no window focus: KeyEvent { action=ACTION_DOWN, keyCode=KEYCODE_DPAD_RIGHT, scanCode=0, metaState=0, flags=0x8, repeatCount=0, eventTime=15643550, downTime=15643550, deviceId=-1, source=0x101 }
W/InputManager(  346): Input event injection from pid 26745 failed.
W/InputManager(  346): Input event injection from pid 26745 failed.
W/InputManager(  346): Input event injection from pid 26745 failed.
W/InputManager(  346): Input event injection from pid 26745 failed.
W/InputManager(  346): Input event injection from pid 26745 failed.
W/InputManager(  346): Input event injection from pid 26745 failed.
W/InputMethodManagerService(  346): Window already focused, ignoring focus gain of: com.android.internal.view.IInputMethodClient$Stub$Proxy@4ab146f4 attribute=android.view.inputmethod.EditorInfo@4b121520, token = android.os.BinderProxy@4b34cc88
W/InputManager(  346): Input event injection from pid 26745 failed.
E/runtastic(26766): succeed to download elevation tile: http://relays.runtastic.com/srtm3/-3548/1018
E/runtastic(26766): start to download elevation tile: http://relays.runtastic.com/srtm3/-3547/1020
I/ActivityManager(  346): START u0 {act=android.intent.action.MAIN cat=[android.intent.category.LAUNCHER] flg=0x10200000 cmp=com.runtastic.android/.activities.StartActivity} from pid 26745
W/ViewRootImpl(26766): Dropping event due to no window focus: KeyEvent { action=ACTION_DOWN, keyCode=KEYCODE_DPAD_RIGHT, scanCode=0, metaState=0, flags=0x8, repeatCount=0, eventTime=15643615, downTime=15643615, deviceId=-1, source=0x101 }
W/ViewRootImpl(26766): Dropping event due to no window focus: KeyEvent { action=ACTION_DOWN, keyCode=KEYCODE_DPAD_CENTER, scanCode=0, metaState=0, flags=0x8, repeatCount=0, eventTime=15643617, downTime=15643617, deviceId=-1, source=0x101 }
I/ActivityManager(  346): START u0 {act=android.intent.action.MAIN cat=[android.intent.category.LAUNCHER] flg=0x10200000 cmp=com.runtastic.android/.activities.StartActivity} from pid 26745
W/EGL_emulation(26766): eglSurfaceAttrib not implemented 3093 12436
W/ViewRootImpl(26766): Dropping event due to no window focus: KeyEvent { action=ACTION_DOWN, keyCode=KEYCODE_DPAD_RIGHT, scanCode=0, metaState=0, flags=0x8, repeatCount=0, eventTime=15643619, downTime=15643619, deviceId=-1, source=0x101 }
W/ViewRootImpl(26766): Dropping event due to no window focus: KeyEvent { action=ACTION_DOWN, keyCode=KEYCODE_DPAD_RIGHT, scanCode=0, metaState=0, flags=0x8, repeatCount=0, eventTime=15643630, downTime=15643630, deviceId=-1, source=0x101 }
W/InputMethodManagerService(  346): Window already focused, ignoring focus gain of: com.android.internal.view.IInputMethodClient$Stub$Proxy@4a979418 attribute=android.view.inputmethod.EditorInfo@4b0b62c8, token = android.os.BinderProxy@4b34cc88
I/ActivityManager(  346): START u0 {act=android.intent.action.MAIN cat=[android.intent.category.LAUNCHER] flg=0x10200000 cmp=com.runtastic.android/.activities.StartActivity} from pid 26745
W/ContextImpl(  346): Calling a method in the system process without a qualified user: android.app.ContextImpl.sendBroadcast:1123 com.android.server.InputMethodManagerService.hideCurrentInputLocked:1880 com.android.server.InputMethodManagerService.hideSoftInput:1843 com.android.internal.view.IInputMethodManager$Stub.onTransact:194 com.android.server.InputMethodManagerService.onTransact:818 
W/ContextImpl(  346): Calling a method in the system process without a qualified user: android.app.ContextImpl.sendBroadcast:1123 com.android.server.InputMethodManagerService.hideCurrentInputLocked:1880 com.android.server.InputMethodManagerService.hideSoftInput:1843 com.android.internal.view.IInputMethodManager$Stub.onTransact:194 com.android.server.InputMethodManagerService.onTransact:818 
W/ContextImpl(  346): Calling a method in the system process without a qualified user: android.app.ContextImpl.sendBroadcast:1123 com.android.server.InputMethodManagerService.hideCurrentInputLocked:1880 com.android.server.InputMethodManagerService.hideSoftInput:1843 com.android.internal.view.IInputMethodManager$Stub.onTransact:194 com.android.server.InputMethodManagerService.onTransact:818 
W/ContextImpl(  346): Calling a method in the system process without a qualified user: android.app.ContextImpl.sendBroadcast:1123 com.android.server.InputMethodManagerService.hideCurrentInputLocked:1880 com.android.server.InputMethodManagerService.hideSoftInput:1843 com.android.internal.view.IInputMethodManager$Stub.onTransact:194 com.android.server.InputMethodManagerService.onTransact:818 
I/ActivityManager(  346): START u0 {act=android.intent.action.MAIN cat=[android.intent.category.LAUNCHER] flg=0x10200000 cmp=com.runtastic.android/.activities.StartActivity} from pid 26745
W/ContextImpl(  346): Calling a method in the system process without a qualified user: android.app.ContextImpl.sendBroadcast:1123 com.android.server.InputMethodManagerService.hideCurrentInputLocked:1880 com.android.server.InputMethodManagerService.hideSoftInput:1843 com.android.internal.view.IInputMethodManager$Stub.onTransact:194 com.android.server.InputMethodManagerService.onTransact:818 
I/System.out(26766): body:<com.localytics.android.LocalyticsSession$UploadHandler: boolean uploadSessions(java.lang.String,java.lang.String,java.lang.String,java.lang.String)>	sig:$r12 = virtualinvoke $r11.<java.net.HttpURLConnection: java.io.OutputStream getOutputStream()>()	timediff:150
W/ContextImpl(  346): Calling a method in the system process without a qualified user: android.app.ContextImpl.sendBroadcast:1123 com.android.server.InputMethodManagerService.hideCurrentInputLocked:1880 com.android.server.InputMethodManagerService.hideSoftInput:1843 com.android.internal.view.IInputMethodManager$Stub.onTransact:194 com.android.server.InputMethodManagerService.onTransact:818 
W/ContextImpl(  346): Calling a method in the system process without a qualified user: android.app.ContextImpl.sendBroadcast:1123 com.android.server.InputMethodManagerService.hideCurrentInputLocked:1880 com.android.server.InputMethodManagerService.hideSoftInput:1843 com.android.internal.view.IInputMethodManager$Stub.onTransact:194 com.android.server.InputMethodManagerService.onTransact:818 
W/ContextImpl(  346): Calling a method in the system process without a qualified user: android.app.ContextImpl.sendBroadcast:1123 com.android.server.InputMethodManagerService.hideCurrentInputLocked:1880 com.android.server.InputMethodManagerService.hideSoftInput:1843 com.android.internal.view.IInputMethodManager$Stub.onTransact:194 com.android.server.InputMethodManagerService.onTransact:818 
W/ContextImpl(  346): Calling a method in the system process without a qualified user: android.app.ContextImpl.sendBroadcast:1123 com.android.server.InputMethodManagerService.hideCurrentInputLocked:1880 com.android.server.InputMethodManagerService.hideSoftInput:1843 com.android.internal.view.IInputMethodManager$Stub.onTransact:194 com.android.server.InputMethodManagerService.onTransact:818 
W/ContextImpl(  346): Calling a method in the system process without a qualified user: android.app.ContextImpl.sendBroadcast:1123 com.android.server.InputMethodManagerService.hideCurrentInputLocked:1880 com.android.server.InputMethodManagerService.hideSoftInput:1843 com.android.internal.view.IInputMethodManager$Stub.onTransact:194 com.android.server.InputMethodManagerService.onTransact:818 
W/EGL_emulation(26766): eglSurfaceAttrib not implemented 3093 12436
D/Event   (26766): No subscribers registered for event class com.runtastic.android.data.bolt.GpsQualityEvent
D/Event   (26766): No subscribers registered for event class de.greenrobot.event.NoSubscriberEvent
D/Event   (26766): No subscribers registered for event class com.runtastic.android.events.bolt.LocationChangedEvent
D/Event   (26766): No subscribers registered for event class de.greenrobot.event.NoSubscriberEvent
D/Event   (26766): No subscribers registered for event class com.runtastic.android.events.bolt.DashboardDataChangedEvent
D/Event   (26766): No subscribers registered for event class de.greenrobot.event.NoSubscriberEvent
W/ContextImpl(  346): Calling a method in the system process without a qualified user: android.app.ContextImpl.sendBroadcast:1123 com.android.server.InputMethodManagerService.hideCurrentInputLocked:1880 com.android.server.InputMethodManagerService.hideSoftInput:1843 com.android.internal.view.IInputMethodManager$Stub.onTransact:194 com.android.server.InputMethodManagerService.onTransact:818 
W/InputMethodManagerService(  346): Window already focused, ignoring focus gain of: com.android.internal.view.IInputMethodClient$Stub$Proxy@4b5dd734 attribute=null, token = android.os.BinderProxy@4b34cc88
W/ContextImpl(  346): Calling a method in the system process without a qualified user: android.app.ContextImpl.sendBroadcast:1123 com.android.server.InputMethodManagerService.hideCurrentInputLocked:1880 com.android.server.InputMethodManagerService.hideSoftInput:1843 com.android.internal.view.IInputMethodManager$Stub.onTransact:194 com.android.server.InputMethodManagerService.onTransact:818 
W/ContextImpl(  346): Calling a method in the system process without a qualified user: android.app.ContextImpl.sendBroadcast:1123 com.android.server.InputMethodManagerService.hideCurrentInputLocked:1880 com.android.server.InputMethodManagerService.hideSoftInput:1843 com.android.internal.view.IInputMethodManager$Stub.onTransact:194 com.android.server.InputMethodManagerService.onTransact:818 
W/ContextImpl(  346): Calling a method in the system process without a qualified user: android.app.ContextImpl.sendBroadcast:1123 com.android.server.InputMethodManagerService.hideCurrentInputLocked:1880 com.android.server.InputMethodManagerService.hideSoftInput:1843 com.android.internal.view.IInputMethodManager$Stub.onTransact:194 com.android.server.InputMethodManagerService.onTransact:818 
W/ContextImpl(  346): Calling a method in the system process without a qualified user: android.app.ContextImpl.sendBroadcast:1123 com.android.server.InputMethodManagerService.hideCurrentInputLocked:1880 com.android.server.InputMethodManagerService.hideSoftInput:1843 com.android.internal.view.IInputMethodManager$Stub.onTransact:194 com.android.server.InputMethodManagerService.onTransact:818 
W/ContextImpl(  346): Calling a method in the system process without a qualified user: android.app.ContextImpl.sendBroadcast:1123 com.android.server.InputMethodManagerService.hideCurrentInputLocked:1880 com.android.server.InputMethodManagerService.hideSoftInput:1843 com.android.internal.view.IInputMethodManager$Stub.onTransact:194 com.android.server.InputMethodManagerService.onTransact:818 
I/ActivityManager(  346): START u0 {act=android.intent.action.CALL_BUTTON flg=0x10000000} from pid 26766
I/System.out(26766): body:<com.localytics.android.LocalyticsSession$UploadHandler: boolean uploadSessions(java.lang.String,java.lang.String,java.lang.String,java.lang.String)>	sig:$i0 = virtualinvoke $r11.<java.net.HttpURLConnection: int getResponseCode()>()	timediff:168
I/System.out(26766): body:<com.localytics.android.LocalyticsSession$UploadHandler: boolean uploadSessions(java.lang.String,java.lang.String,java.lang.String,java.lang.String)>	sig:virtualinvoke $r11.<java.net.HttpURLConnection: void disconnect()>()	timediff:1
W/PhoneFallbackEventHandler(26766): No activity found for android.intent.action.CALL_BUTTON.
W/ContextImpl(  346): Calling a method in the system process without a qualified user: android.app.ContextImpl.sendBroadcast:1123 com.android.server.InputMethodManagerService.hideCurrentInputLocked:1880 com.android.server.InputMethodManagerService.hideSoftInput:1843 com.android.internal.view.IInputMethodManager$Stub.onTransact:194 com.android.server.InputMethodManagerService.onTransact:818 
I/ActivityManager(  346): START u0 {act=android.intent.action.MAIN cat=[android.intent.category.LAUNCHER] flg=0x10200000 cmp=com.runtastic.android/.activities.StartActivity} from pid 26745
I/System.out(26766): body:<com.localytics.android.LocalyticsSession$UploadHandler: boolean uploadSessions(java.lang.String,java.lang.String,java.lang.String,java.lang.String)>	sig:specialinvoke r52.<java.net.URL: void <init>(java.lang.String)>($r0)	timediff:0
I/System.out(26766): <com.localytics.android.LocalyticsSession$UploadHandler: boolean uploadSessions(java.lang.String,java.lang.String,java.lang.String,java.lang.String)>###specialinvoke r52.<java.net.URL: void <init>(java.lang.String)>($r0)###https://analytics.localytics.com/api/v2/uploads
I/System.out(26766): body:<com.localytics.android.LocalyticsSession$UploadHandler: boolean uploadSessions(java.lang.String,java.lang.String,java.lang.String,java.lang.String)>	sig:$r10 = virtualinvoke $r9.<java.net.URL: java.net.URLConnection openConnection()>()	timediff:0
I/System.out(26766): body:<com.localytics.android.LocalyticsSession$UploadHandler: boolean uploadSessions(java.lang.String,java.lang.String,java.lang.String,java.lang.String)>	sig:virtualinvoke $r11.<java.net.HttpURLConnection: void setDoOutput(boolean)>(1)	timediff:0
I/System.out(26766): body:<com.localytics.android.LocalyticsSession$UploadHandler: boolean uploadSessions(java.lang.String,java.lang.String,java.lang.String,java.lang.String)>	sig:virtualinvoke $r11.<java.net.HttpURLConnection: void setRequestProperty(java.lang.String,java.lang.String)>("Content-Type", "application/x-gzip")	timediff:0
I/System.out(26766): body:<com.localytics.android.LocalyticsSession$UploadHandler: boolean uploadSessions(java.lang.String,java.lang.String,java.lang.String,java.lang.String)>	sig:virtualinvoke $r11.<java.net.HttpURLConnection: void setRequestProperty(java.lang.String,java.lang.String)>("Content-Encoding", "gzip")	timediff:0
I/System.out(26766): body:<com.localytics.android.LocalyticsSession$UploadHandler: boolean uploadSessions(java.lang.String,java.lang.String,java.lang.String,java.lang.String)>	sig:virtualinvoke $r11.<java.net.HttpURLConnection: void setRequestProperty(java.lang.String,java.lang.String)>("x-upload-time", $r1)	timediff:0
I/System.out(26766): body:<com.localytics.android.LocalyticsSession$UploadHandler: boolean uploadSessions(java.lang.String,java.lang.String,java.lang.String,java.lang.String)>	sig:virtualinvoke $r11.<java.net.HttpURLConnection: void setRequestProperty(java.lang.String,java.lang.String)>("x-install-id", $r2)	timediff:0
I/System.out(26766): body:<com.localytics.android.LocalyticsSession$UploadHandler: boolean uploadSessions(java.lang.String,java.lang.String,java.lang.String,java.lang.String)>	sig:virtualinvoke $r11.<java.net.HttpURLConnection: void setRequestProperty(java.lang.String,java.lang.String)>("x-app-id", $r3)	timediff:0
I/System.out(26766): body:<com.localytics.android.LocalyticsSession$UploadHandler: boolean uploadSessions(java.lang.String,java.lang.String,java.lang.String,java.lang.String)>	sig:virtualinvoke $r11.<java.net.HttpURLConnection: void setRequestProperty(java.lang.String,java.lang.String)>("x-client-version", "android_2.19")	timediff:0
I/System.out(26766): body:<com.localytics.android.LocalyticsSession$UploadHandler: boolean uploadSessions(java.lang.String,java.lang.String,java.lang.String,java.lang.String)>	sig:virtualinvoke $r11.<java.net.HttpURLConnection: void setFixedLengthStreamingMode(int)>($i0)	timediff:0
W/ViewRootImpl(26766): Dropping event due to no window focus: KeyEvent { action=ACTION_DOWN, keyCode=KEYCODE_DPAD_RIGHT, scanCode=0, metaState=0, flags=0x8, repeatCount=0, eventTime=15643914, downTime=15643914, deviceId=-1, source=0x101 }
W/ContextImpl(  346): Calling a method in the system process without a qualified user: android.app.ContextImpl.sendBroadcast:1123 com.android.server.InputMethodManagerService.hideCurrentInputLocked:1880 com.android.server.InputMethodManagerService.hideSoftInput:1843 com.android.internal.view.IInputMethodManager$Stub.onTransact:194 com.android.server.InputMethodManagerService.onTransact:818 
W/ViewRootImpl(26766): Dropping event due to no window focus: KeyEvent { action=ACTION_DOWN, keyCode=KEYCODE_DPAD_UP, scanCode=0, metaState=0, flags=0x8, repeatCount=0, eventTime=15643918, downTime=15643918, deviceId=-1, source=0x101 }
I/ActivityManager(  346): START u0 {act=android.intent.action.MAIN cat=[android.intent.category.LAUNCHER] flg=0x10200000 cmp=com.runtastic.android/.activities.StartActivity} from pid 26745
W/EGL_emulation(26766): eglSurfaceAttrib not implemented 3093 12436
I/ActivityManager(  346): START u0 {act=android.intent.action.MAIN cat=[android.intent.category.LAUNCHER] flg=0x10200000 cmp=com.runtastic.android/.activities.StartActivity} from pid 26745
W/ContextImpl(  346): Calling a method in the system process without a qualified user: android.app.ContextImpl.sendBroadcast:1123 com.android.server.InputMethodManagerService.hideCurrentInputLocked:1880 com.android.server.InputMethodManagerService.hideSoftInput:1843 com.android.internal.view.IInputMethodManager$Stub.onTransact:194 com.android.server.InputMethodManagerService.onTransact:818 
W/ContextImpl(  346): Calling a method in the system process without a qualified user: android.app.ContextImpl.sendBroadcast:1123 com.android.server.InputMethodManagerService.hideCurrentInputLocked:1880 com.android.server.InputMethodManagerService.hideSoftInput:1843 com.android.internal.view.IInputMethodManager$Stub.onTransact:194 com.android.server.InputMethodManagerService.onTransact:818 
W/InputMethodManagerService(  346): Window already focused, ignoring focus gain of: com.android.internal.view.IInputMethodClient$Stub$Proxy@4b705928 attribute=null, token = android.os.BinderProxy@4b34cc88
W/ViewRootImpl(26766): Dropping event due to no window focus: KeyEvent { action=ACTION_DOWN, keyCode=KEYCODE_DPAD_LEFT, scanCode=0, metaState=0, flags=0x8, repeatCount=0, eventTime=15643960, downTime=15643960, deviceId=-1, source=0x101 }
E/runtastic(26766): succeed to download elevation tile: http://relays.runtastic.com/srtm3/-3547/1020
E/runtastic(26766): start to download elevation tile: http://relays.runtastic.com/srtm3/-3547/1018
W/ViewRootImpl(26766): Dropping event due to no window focus: KeyEvent { action=ACTION_DOWN, keyCode=KEYCODE_PERIOD, scanCode=0, metaState=0, flags=0x8, repeatCount=0, eventTime=15643963, downTime=15643963, deviceId=-1, source=0x101 }
W/ViewRootImpl(26766): Dropping event due to no window focus: KeyEvent { action=ACTION_DOWN, keyCode=KEYCODE_DPAD_RIGHT, scanCode=0, metaState=0, flags=0x8, repeatCount=0, eventTime=15643966, downTime=15643966, deviceId=-1, source=0x101 }
I/InputDispatcher(  346): Dropped event because of pending overdue app switch.
W/EGL_emulation(26766): eglSurfaceAttrib not implemented 3093 12436
W/InputManager(  346): Input event injection from pid 26745 failed.
V/PanelView(  531): animationTick called with dtms=0; nothing to do (h=0.0 v=-0.0)
W/ContextImpl(  346): Calling a method in the system process without a qualified user: android.app.ContextImpl.sendBroadcast:1123 com.android.server.InputMethodManagerService.hideCurrentInputLocked:1880 com.android.server.InputMethodManagerService.hideSoftInput:1843 com.android.internal.view.IInputMethodManager$Stub.onTransact:194 com.android.server.InputMethodManagerService.onTransact:818 
W/WindowManager(  346): updateFocusedWindowLocked, focusedAppToken is null.
W/ViewRootImpl(  346): Dropping event due to no window focus: KeyEvent { action=ACTION_DOWN, keyCode=KEYCODE_NUMPAD_LEFT_PAREN, scanCode=0, metaState=0, flags=0x8, repeatCount=0, eventTime=15644002, downTime=15644002, deviceId=-1, source=0x101 }
