I/System.out( 8081): body:<com.medco.medcopharmacy.MobileWebActivity$1: android.webkit.WebResourceResponse shouldInterceptRequest(android.webkit.WebView,java.lang.String)>	sig:specialinvoke $r4.<java.net.URL: void <init>(java.lang.String)>($r2)	timediff:0
I/System.out( 8081): <com.medco.medcopharmacy.MobileWebActivity$1: android.webkit.WebResourceResponse shouldInterceptRequest(android.webkit.WebView,java.lang.String)>###specialinvoke $r4.<java.net.URL: void <init>(java.lang.String)>($r2)###https://www.express-scripts.com/static/memberMobile/3.12/view/en-us/appBanner.js
I/System.out( 8081): body:<com.medco.medcopharmacy.MobileWebActivity$1: android.webkit.WebResourceResponse shouldInterceptRequest(android.webkit.WebView,java.lang.String)>	sig:$r2 = virtualinvoke $r4.<java.net.URL: java.lang.String getPath()>()	timediff:0
I/System.out( 8081): body:<com.medco.medcopharmacy.MobileWebActivity$1: android.webkit.WebResourceResponse shouldInterceptRequest(android.webkit.WebView,java.lang.String)>	sig:specialinvoke $r4.<java.net.URL: void <init>(java.lang.String)>($r2)	timediff:0
I/System.out( 8081): <com.medco.medcopharmacy.MobileWebActivity$1: android.webkit.WebResourceResponse shouldInterceptRequest(android.webkit.WebView,java.lang.String)>###specialinvoke $r4.<java.net.URL: void <init>(java.lang.String)>($r2)###https://www.express-scripts.com/static/memberMobile/3.12/js/component/CCFLogger.js
I/System.out( 8081): body:<com.medco.medcopharmacy.MobileWebActivity$1: android.webkit.WebResourceResponse shouldInterceptRequest(android.webkit.WebView,java.lang.String)>	sig:$r2 = virtualinvoke $r4.<java.net.URL: java.lang.String getPath()>()	timediff:0
I/System.out( 8081): body:<com.medco.medcopharmacy.MobileWebActivity$1: android.webkit.WebResourceResponse shouldInterceptRequest(android.webkit.WebView,java.lang.String)>	sig:specialinvoke $r4.<java.net.URL: void <init>(java.lang.String)>($r2)	timediff:0
I/System.out( 8081): <com.medco.medcopharmacy.MobileWebActivity$1: android.webkit.WebResourceResponse shouldInterceptRequest(android.webkit.WebView,java.lang.String)>###specialinvoke $r4.<java.net.URL: void <init>(java.lang.String)>($r2)###https://www.express-scripts.com/static/memberMobile/3.12/view/en-us/menu.js
I/System.out( 8081): body:<com.medco.medcopharmacy.MobileWebActivity$1: android.webkit.WebResourceResponse shouldInterceptRequest(android.webkit.WebView,java.lang.String)>	sig:$r2 = virtualinvoke $r4.<java.net.URL: java.lang.String getPath()>()	timediff:0
I/System.out( 8081): body:<com.medco.medcopharmacy.MobileWebActivity$1: android.webkit.WebResourceResponse shouldInterceptRequest(android.webkit.WebView,java.lang.String)>	sig:specialinvoke $r4.<java.net.URL: void <init>(java.lang.String)>($r2)	timediff:0
I/System.out( 8081): <com.medco.medcopharmacy.MobileWebActivity$1: android.webkit.WebResourceResponse shouldInterceptRequest(android.webkit.WebView,java.lang.String)>###specialinvoke $r4.<java.net.URL: void <init>(java.lang.String)>($r2)###https://www.express-scripts.com/static/memberMobile/3.12/js/model/menu/Authenticated.js
I/System.out( 8081): body:<com.medco.medcopharmacy.MobileWebActivity$1: android.webkit.WebResourceResponse shouldInterceptRequest(android.webkit.WebView,java.lang.String)>	sig:$r2 = virtualinvoke $r4.<java.net.URL: java.lang.String getPath()>()	timediff:0
I/System.out( 8081): body:<com.medco.medcopharmacy.MobileWebActivity$1: android.webkit.WebResourceResponse shouldInterceptRequest(android.webkit.WebView,java.lang.String)>	sig:specialinvoke $r4.<java.net.URL: void <init>(java.lang.String)>($r2)	timediff:0
I/System.out( 8081): <com.medco.medcopharmacy.MobileWebActivity$1: android.webkit.WebResourceResponse shouldInterceptRequest(android.webkit.WebView,java.lang.String)>###specialinvoke $r4.<java.net.URL: void <init>(java.lang.String)>($r2)###https://www.express-scripts.com/static/memberMobile/3.12/js/model/menu/UnAuthenticated.js
I/System.out( 8081): body:<com.medco.medcopharmacy.MobileWebActivity$1: android.webkit.WebResourceResponse shouldInterceptRequest(android.webkit.WebView,java.lang.String)>	sig:$r2 = virtualinvoke $r4.<java.net.URL: java.lang.String getPath()>()	timediff:0
I/System.out( 8081): body:<com.medco.medcopharmacy.MobileWebActivity$1: android.webkit.WebResourceResponse shouldInterceptRequest(android.webkit.WebView,java.lang.String)>	sig:specialinvoke $r4.<java.net.URL: void <init>(java.lang.String)>($r2)	timediff:0
I/System.out( 8081): <com.medco.medcopharmacy.MobileWebActivity$1: android.webkit.WebResourceResponse shouldInterceptRequest(android.webkit.WebView,java.lang.String)>###specialinvoke $r4.<java.net.URL: void <init>(java.lang.String)>($r2)###https://www.express-scripts.com/static/memberMobile/3.12/js/model/RegistrationModel.js
I/System.out( 8081): body:<com.medco.medcopharmacy.MobileWebActivity$1: android.webkit.WebResourceResponse shouldInterceptRequest(android.webkit.WebView,java.lang.String)>	sig:$r2 = virtualinvoke $r4.<java.net.URL: java.lang.String getPath()>()	timediff:0
I/InputDispatcher(  481): Dropped event because of pending overdue app switch.
W/UnimplementedWebViewApi( 8081): Unimplemented WebView method onKeyDown called from: android.webkit.WebView.onKeyDown(WebView.java:2169)
W/InputManager(  481): Input event injection from pid 8071 failed.
W/UnimplementedWebViewApi( 8081): Unimplemented WebView method onKeyDown called from: android.webkit.WebView.onKeyDown(WebView.java:2169)
I/System.out( 8081): body:<com.medco.medcopharmacy.MobileWebActivity$1: android.webkit.WebResourceResponse shouldInterceptRequest(android.webkit.WebView,java.lang.String)>	sig:specialinvoke $r4.<java.net.URL: void <init>(java.lang.String)>($r2)	timediff:0
I/System.out( 8081): <com.medco.medcopharmacy.MobileWebActivity$1: android.webkit.WebResourceResponse shouldInterceptRequest(android.webkit.WebView,java.lang.String)>###specialinvoke $r4.<java.net.URL: void <init>(java.lang.String)>($r2)###https://www.express-scripts.com/static/auth/2.4/js/model/auth.js
I/System.out( 8081): body:<com.medco.medcopharmacy.MobileWebActivity$1: android.webkit.WebResourceResponse shouldInterceptRequest(android.webkit.WebView,java.lang.String)>	sig:$r2 = virtualinvoke $r4.<java.net.URL: java.lang.String getPath()>()	timediff:0
I/System.out( 8081): body:<com.medco.medcopharmacy.MobileWebActivity$1: android.webkit.WebResourceResponse shouldInterceptRequest(android.webkit.WebView,java.lang.String)>	sig:specialinvoke $r4.<java.net.URL: void <init>(java.lang.String)>($r2)	timediff:0
I/System.out( 8081): <com.medco.medcopharmacy.MobileWebActivity$1: android.webkit.WebResourceResponse shouldInterceptRequest(android.webkit.WebView,java.lang.String)>###specialinvoke $r4.<java.net.URL: void <init>(java.lang.String)>($r2)###https://www.express-scripts.com/static/auth/2.4/view/en-us/auth.js
I/System.out( 8081): body:<com.medco.medcopharmacy.MobileWebActivity$1: android.webkit.WebResourceResponse shouldInterceptRequest(android.webkit.WebView,java.lang.String)>	sig:$r2 = virtualinvoke $r4.<java.net.URL: java.lang.String getPath()>()	timediff:0
I/ActivityManager(  481): START u0 {act=android.intent.action.MAIN cat=[android.intent.category.LAUNCHER] flg=0x10200000 cmp=com.medco.medcopharmacy/.DummyActivity} from pid 8071
I/System.out( 8081): body:<com.medco.medcopharmacy.MobileWebActivity$1: android.webkit.WebResourceResponse shouldInterceptRequest(android.webkit.WebView,java.lang.String)>	sig:specialinvoke $r4.<java.net.URL: void <init>(java.lang.String)>($r2)	timediff:0
I/System.out( 8081): <com.medco.medcopharmacy.MobileWebActivity$1: android.webkit.WebResourceResponse shouldInterceptRequest(android.webkit.WebView,java.lang.String)>###specialinvoke $r4.<java.net.URL: void <init>(java.lang.String)>($r2)###https://www.express-scripts.com/static/auth/2.4/js/util/validator.js
I/System.out( 8081): body:<com.medco.medcopharmacy.MobileWebActivity$1: android.webkit.WebResourceResponse shouldInterceptRequest(android.webkit.WebView,java.lang.String)>	sig:$r2 = virtualinvoke $r4.<java.net.URL: java.lang.String getPath()>()	timediff:0
I/System.out( 8081): body:<com.medco.medcopharmacy.MobileWebActivity$1: android.webkit.WebResourceResponse shouldInterceptRequest(android.webkit.WebView,java.lang.String)>	sig:specialinvoke $r4.<java.net.URL: void <init>(java.lang.String)>($r2)	timediff:1
I/System.out( 8081): <com.medco.medcopharmacy.MobileWebActivity$1: android.webkit.WebResourceResponse shouldInterceptRequest(android.webkit.WebView,java.lang.String)>###specialinvoke $r4.<java.net.URL: void <init>(java.lang.String)>($r2)###https://www.express-scripts.com/static/components/1.0/lib/jquery.maskedinput.js
I/System.out( 8081): body:<com.medco.medcopharmacy.MobileWebActivity$1: android.webkit.WebResourceResponse shouldInterceptRequest(android.webkit.WebView,java.lang.String)>	sig:$r2 = virtualinvoke $r4.<java.net.URL: java.lang.String getPath()>()	timediff:0
I/System.out( 8081): body:<com.medco.medcopharmacy.MobileWebActivity$1: android.webkit.WebResourceResponse shouldInterceptRequest(android.webkit.WebView,java.lang.String)>	sig:specialinvoke $r4.<java.net.URL: void <init>(java.lang.String)>($r2)	timediff:0
I/System.out( 8081): <com.medco.medcopharmacy.MobileWebActivity$1: android.webkit.WebResourceResponse shouldInterceptRequest(android.webkit.WebView,java.lang.String)>###specialinvoke $r4.<java.net.URL: void <init>(java.lang.String)>($r2)###https://www.express-scripts.com/static/memberMobile/3.12/view/en-us/loginCheck.js
I/System.out( 8081): body:<com.medco.medcopharmacy.MobileWebActivity$1: android.webkit.WebResourceResponse shouldInterceptRequest(android.webkit.WebView,java.lang.String)>	sig:$r2 = virtualinvoke $r4.<java.net.URL: java.lang.String getPath()>()	timediff:0
W/ViewRootImpl( 8081): Dropping event due to no window focus: MotionEvent { action=ACTION_MOVE, id[0]=0, x[0]=-2.0, y[0]=2.0, toolType[0]=TOOL_TYPE_UNKNOWN, buttonState=0, metaState=0, flags=0x0, edgeFlags=0x0, pointerCount=1, historySize=13, eventTime=327544, downTime=-1, deviceId=0, source=0x10004 }
I/System.out( 8081): body:<com.medco.medcopharmacy.MobileWebActivity$1: android.webkit.WebResourceResponse shouldInterceptRequest(android.webkit.WebView,java.lang.String)>	sig:specialinvoke $r4.<java.net.URL: void <init>(java.lang.String)>($r2)	timediff:0
I/System.out( 8081): <com.medco.medcopharmacy.MobileWebActivity$1: android.webkit.WebResourceResponse shouldInterceptRequest(android.webkit.WebView,java.lang.String)>###specialinvoke $r4.<java.net.URL: void <init>(java.lang.String)>($r2)###https://www.express-scripts.com/static/auth/2.4/view/en-us/util/validator.js
I/System.out( 8081): body:<com.medco.medcopharmacy.MobileWebActivity$1: android.webkit.WebResourceResponse shouldInterceptRequest(android.webkit.WebView,java.lang.String)>	sig:$r2 = virtualinvoke $r4.<java.net.URL: java.lang.String getPath()>()	timediff:0
I/System.out( 8081): body:<com.medco.medcopharmacy.MobileWebActivity$1: android.webkit.WebResourceResponse shouldInterceptRequest(android.webkit.WebView,java.lang.String)>	sig:specialinvoke $r4.<java.net.URL: void <init>(java.lang.String)>($r2)	timediff:0
I/System.out( 8081): <com.medco.medcopharmacy.MobileWebActivity$1: android.webkit.WebResourceResponse shouldInterceptRequest(android.webkit.WebView,java.lang.String)>###specialinvoke $r4.<java.net.URL: void <init>(java.lang.String)>($r2)###https://www.express-scripts.com/consumer/services/cms/contentSections?cobrand=cobrand&user_type=known&guest=true&Store_Id=medcowww&client=BOB&section_ids=MANonDiscriminationMsg&page=home&logged_in=false&Format=xml
I/System.out( 8081): body:<com.medco.medcopharmacy.MobileWebActivity$1: android.webkit.WebResourceResponse shouldInterceptRequest(android.webkit.WebView,java.lang.String)>	sig:$r2 = virtualinvoke $r4.<java.net.URL: java.lang.String getPath()>()	timediff:0
W/EGL_emulation( 8081): eglSurfaceAttrib not implemented 3093 12436
I/System.out( 8081): body:<com.medco.medcopharmacy.MobileWebActivity$1: android.webkit.WebResourceResponse shouldInterceptRequest(android.webkit.WebView,java.lang.String)>	sig:specialinvoke $r4.<java.net.URL: void <init>(java.lang.String)>($r2)	timediff:0
I/System.out( 8081): <com.medco.medcopharmacy.MobileWebActivity$1: android.webkit.WebResourceResponse shouldInterceptRequest(android.webkit.WebView,java.lang.String)>###specialinvoke $r4.<java.net.URL: void <init>(java.lang.String)>($r2)###https://www.express-scripts.com/mobile/services/MobilePatientProfileInfo
I/System.out( 8081): body:<com.medco.medcopharmacy.MobileWebActivity$1: android.webkit.WebResourceResponse shouldInterceptRequest(android.webkit.WebView,java.lang.String)>	sig:$r2 = virtualinvoke $r4.<java.net.URL: java.lang.String getPath()>()	timediff:0
W/ViewRootImpl( 8081): Dropping event due to no window focus: KeyEvent { action=ACTION_DOWN, keyCode=KEYCODE_DPAD_LEFT, scanCode=0, metaState=0, flags=0x8, repeatCount=0, eventTime=327545, downTime=327545, deviceId=-1, source=0x101 }
I/MobileWebActivityConsole: ( 8081): ERROR : Tue Apr 17 2018 21:26:13 GMT-0700 (MST) : framework/auth/SessionManager =>  -- From line 82 of https://www.express-scripts.com/static/framework/2.2/js/sofea.min.js
I/System.out( 8081): body:<com.medco.medcopharmacy.MobileWebActivity$1: android.webkit.WebResourceResponse shouldInterceptRequest(android.webkit.WebView,java.lang.String)>	sig:specialinvoke $r4.<java.net.URL: void <init>(java.lang.String)>($r2)	timediff:0
I/System.out( 8081): <com.medco.medcopharmacy.MobileWebActivity$1: android.webkit.WebResourceResponse shouldInterceptRequest(android.webkit.WebView,java.lang.String)>###specialinvoke $r4.<java.net.URL: void <init>(java.lang.String)>($r2)###https://www.express-scripts.com/static/memberMobile/3.12/css/media.css
I/System.out( 8081): body:<com.medco.medcopharmacy.MobileWebActivity$1: android.webkit.WebResourceResponse shouldInterceptRequest(android.webkit.WebView,java.lang.String)>	sig:$r2 = virtualinvoke $r4.<java.net.URL: java.lang.String getPath()>()	timediff:0
I/System.out( 8081): body:<com.medco.medcopharmacy.MobileWebActivity$1: android.webkit.WebResourceResponse shouldInterceptRequest(android.webkit.WebView,java.lang.String)>	sig:specialinvoke $r4.<java.net.URL: void <init>(java.lang.String)>($r2)	timediff:0
I/System.out( 8081): <com.medco.medcopharmacy.MobileWebActivity$1: android.webkit.WebResourceResponse shouldInterceptRequest(android.webkit.WebView,java.lang.String)>###specialinvoke $r4.<java.net.URL: void <init>(java.lang.String)>($r2)###https://www.express-scripts.com/static/framework/2.2/css/sofea.css
I/System.out( 8081): body:<com.medco.medcopharmacy.MobileWebActivity$1: android.webkit.WebResourceResponse shouldInterceptRequest(android.webkit.WebView,java.lang.String)>	sig:$r2 = virtualinvoke $r4.<java.net.URL: java.lang.String getPath()>()	timediff:0
I/System.out( 8081): body:<com.medco.medcopharmacy.MobileWebActivity$1: android.webkit.WebResourceResponse shouldInterceptRequest(android.webkit.WebView,java.lang.String)>	sig:specialinvoke $r4.<java.net.URL: void <init>(java.lang.String)>($r2)	timediff:0
I/System.out( 8081): <com.medco.medcopharmacy.MobileWebActivity$1: android.webkit.WebResourceResponse shouldInterceptRequest(android.webkit.WebView,java.lang.String)>###specialinvoke $r4.<java.net.URL: void <init>(java.lang.String)>($r2)###https://www.express-scripts.com/static/memberMobile/3.12/css/memberMobile.css
I/System.out( 8081): body:<com.medco.medcopharmacy.MobileWebActivity$1: android.webkit.WebResourceResponse shouldInterceptRequest(android.webkit.WebView,java.lang.String)>	sig:$r2 = virtualinvoke $r4.<java.net.URL: java.lang.String getPath()>()	timediff:0
I/System.out( 8081): body:<com.medco.medcopharmacy.MobileWebActivity$1: android.webkit.WebResourceResponse shouldInterceptRequest(android.webkit.WebView,java.lang.String)>	sig:specialinvoke $r4.<java.net.URL: void <init>(java.lang.String)>($r2)	timediff:0
I/System.out( 8081): <com.medco.medcopharmacy.MobileWebActivity$1: android.webkit.WebResourceResponse shouldInterceptRequest(android.webkit.WebView,java.lang.String)>###specialinvoke $r4.<java.net.URL: void <init>(java.lang.String)>($r2)###https://www.express-scripts.com/static/pharmacyLocatorMobile/3.12/css/pharmacyLocatorMobile.css
I/System.out( 8081): body:<com.medco.medcopharmacy.MobileWebActivity$1: android.webkit.WebResourceResponse shouldInterceptRequest(android.webkit.WebView,java.lang.String)>	sig:$r2 = virtualinvoke $r4.<java.net.URL: java.lang.String getPath()>()	timediff:0
I/System.out( 8081): body:<com.medco.medcopharmacy.MobileWebActivity$1: android.webkit.WebResourceResponse shouldInterceptRequest(android.webkit.WebView,java.lang.String)>	sig:specialinvoke $r4.<java.net.URL: void <init>(java.lang.String)>($r2)	timediff:0
I/System.out( 8081): <com.medco.medcopharmacy.MobileWebActivity$1: android.webkit.WebResourceResponse shouldInterceptRequest(android.webkit.WebView,java.lang.String)>###specialinvoke $r4.<java.net.URL: void <init>(java.lang.String)>($r2)###https://www.express-scripts.com/static/pharmacyCareAlertsMobile/3.9/css/pharmacyCareAlertsMobile.css
I/System.out( 8081): body:<com.medco.medcopharmacy.MobileWebActivity$1: android.webkit.WebResourceResponse shouldInterceptRequest(android.webkit.WebView,java.lang.String)>	sig:$r2 = virtualinvoke $r4.<java.net.URL: java.lang.String getPath()>()	timediff:0
I/System.out( 8081): body:<com.medco.medcopharmacy.MobileWebActivity$1: android.webkit.WebResourceResponse shouldInterceptRequest(android.webkit.WebView,java.lang.String)>	sig:specialinvoke $r4.<java.net.URL: void <init>(java.lang.String)>($r2)	timediff:0
I/System.out( 8081): <com.medco.medcopharmacy.MobileWebActivity$1: android.webkit.WebResourceResponse shouldInterceptRequest(android.webkit.WebView,java.lang.String)>###specialinvoke $r4.<java.net.URL: void <init>(java.lang.String)>($r2)###https://www.express-scripts.com/static/registrationMobile/3.11/css/registrationMobile.css
I/System.out( 8081): body:<com.medco.medcopharmacy.MobileWebActivity$1: android.webkit.WebResourceResponse shouldInterceptRequest(android.webkit.WebView,java.lang.String)>	sig:$r2 = virtualinvoke $r4.<java.net.URL: java.lang.String getPath()>()	timediff:0
I/System.out( 8081): body:<com.medco.medcopharmacy.MobileWebActivity$1: android.webkit.WebResourceResponse shouldInterceptRequest(android.webkit.WebView,java.lang.String)>	sig:specialinvoke $r4.<java.net.URL: void <init>(java.lang.String)>($r2)	timediff:0
I/System.out( 8081): <com.medco.medcopharmacy.MobileWebActivity$1: android.webkit.WebResourceResponse shouldInterceptRequest(android.webkit.WebView,java.lang.String)>###specialinvoke $r4.<java.net.URL: void <init>(java.lang.String)>($r2)###https://www.express-scripts.com/static/drugInfoMobile/3.9/css/drugInfoMobile.css
I/System.out( 8081): body:<com.medco.medcopharmacy.MobileWebActivity$1: android.webkit.WebResourceResponse shouldInterceptRequest(android.webkit.WebView,java.lang.String)>	sig:$r2 = virtualinvoke $r4.<java.net.URL: java.lang.String getPath()>()	timediff:0
I/System.out( 8081): body:<com.medco.medcopharmacy.MobileWebActivity$1: android.webkit.WebResourceResponse shouldInterceptRequest(android.webkit.WebView,java.lang.String)>	sig:specialinvoke $r4.<java.net.URL: void <init>(java.lang.String)>($r2)	timediff:0
I/System.out( 8081): <com.medco.medcopharmacy.MobileWebActivity$1: android.webkit.WebResourceResponse shouldInterceptRequest(android.webkit.WebView,java.lang.String)>###specialinvoke $r4.<java.net.URL: void <init>(java.lang.String)>($r2)###https://www.express-scripts.com/static/myRxChoicesMobile/3.12/css/myRXChoices.css
I/System.out( 8081): body:<com.medco.medcopharmacy.MobileWebActivity$1: android.webkit.WebResourceResponse shouldInterceptRequest(android.webkit.WebView,java.lang.String)>	sig:$r2 = virtualinvoke $r4.<java.net.URL: java.lang.String getPath()>()	timediff:0
I/System.out( 8081): body:<com.medco.medcopharmacy.MobileWebActivity$1: android.webkit.WebResourceResponse shouldInterceptRequest(android.webkit.WebView,java.lang.String)>	sig:specialinvoke $r4.<java.net.URL: void <init>(java.lang.String)>($r2)	timediff:0
I/System.out( 8081): <com.medco.medcopharmacy.MobileWebActivity$1: android.webkit.WebResourceResponse shouldInterceptRequest(android.webkit.WebView,java.lang.String)>###specialinvoke $r4.<java.net.URL: void <init>(java.lang.String)>($r2)###https://www.express-scripts.com/static/transferToHomeDeliveryMobile/3.11/css/ttm.css
I/System.out( 8081): body:<com.medco.medcopharmacy.MobileWebActivity$1: android.webkit.WebResourceResponse shouldInterceptRequest(android.webkit.WebView,java.lang.String)>	sig:$r2 = virtualinvoke $r4.<java.net.URL: java.lang.String getPath()>()	timediff:0
I/System.out( 8081): body:<com.medco.medcopharmacy.MobileWebActivity$1: android.webkit.WebResourceResponse shouldInterceptRequest(android.webkit.WebView,java.lang.String)>	sig:specialinvoke $r4.<java.net.URL: void <init>(java.lang.String)>($r2)	timediff:0
I/System.out( 8081): <com.medco.medcopharmacy.MobileWebActivity$1: android.webkit.WebResourceResponse shouldInterceptRequest(android.webkit.WebView,java.lang.String)>###specialinvoke $r4.<java.net.URL: void <init>(java.lang.String)>($r2)###https://www.express-scripts.com/static/claimsHistoryMobile/3.9/css/claimsHistoryMobile.css
I/System.out( 8081): body:<com.medco.medcopharmacy.MobileWebActivity$1: android.webkit.WebResourceResponse shouldInterceptRequest(android.webkit.WebView,java.lang.String)>	sig:$r2 = virtualinvoke $r4.<java.net.URL: java.lang.String getPath()>()	timediff:0
W/InputMethodManagerService(  481): Window already focused, ignoring focus gain of: com.android.internal.view.IInputMethodClient$Stub$Proxy@4aa455c4 attribute=null, token = android.os.BinderProxy@4a97cf30
I/System.out( 8081): body:<com.medco.medcopharmacy.MobileWebActivity$1: android.webkit.WebResourceResponse shouldInterceptRequest(android.webkit.WebView,java.lang.String)>	sig:specialinvoke $r4.<java.net.URL: void <init>(java.lang.String)>($r2)	timediff:0
I/System.out( 8081): <com.medco.medcopharmacy.MobileWebActivity$1: android.webkit.WebResourceResponse shouldInterceptRequest(android.webkit.WebView,java.lang.String)>###specialinvoke $r4.<java.net.URL: void <init>(java.lang.String)>($r2)###https://www.express-scripts.com/static/priceAMedicationMobile/3.12/css/priceAMedicationMobile.css
I/System.out( 8081): body:<com.medco.medcopharmacy.MobileWebActivity$1: android.webkit.WebResourceResponse shouldInterceptRequest(android.webkit.WebView,java.lang.String)>	sig:$r2 = virtualinvoke $r4.<java.net.URL: java.lang.String getPath()>()	timediff:0
I/System.out( 8081): body:<com.medco.medcopharmacy.MobileWebActivity$1: android.webkit.WebResourceResponse shouldInterceptRequest(android.webkit.WebView,java.lang.String)>	sig:specialinvoke $r4.<java.net.URL: void <init>(java.lang.String)>($r2)	timediff:0
I/System.out( 8081): <com.medco.medcopharmacy.MobileWebActivity$1: android.webkit.WebResourceResponse shouldInterceptRequest(android.webkit.WebView,java.lang.String)>###specialinvoke $r4.<java.net.URL: void <init>(java.lang.String)>($r2)###https://www.express-scripts.com/static/components/1.0/lib/jquery/custom-theme/jquery-ui-1.10.1.custom.css
I/System.out( 8081): body:<com.medco.medcopharmacy.MobileWebActivity$1: android.webkit.WebResourceResponse shouldInterceptRequest(android.webkit.WebView,java.lang.String)>	sig:$r2 = virtualinvoke $r4.<java.net.URL: java.lang.String getPath()>()	timediff:0
I/System.out( 8081): body:<com.medco.medcopharmacy.MobileWebActivity$1: android.webkit.WebResourceResponse shouldInterceptRequest(android.webkit.WebView,java.lang.String)>	sig:specialinvoke $r4.<java.net.URL: void <init>(java.lang.String)>($r2)	timediff:0
I/System.out( 8081): <com.medco.medcopharmacy.MobileWebActivity$1: android.webkit.WebResourceResponse shouldInterceptRequest(android.webkit.WebView,java.lang.String)>###specialinvoke $r4.<java.net.URL: void <init>(java.lang.String)>($r2)###https://www.express-scripts.com/static/virtualIdCardMobile/3.12/css/VirtualIdCard.css
I/System.out( 8081): body:<com.medco.medcopharmacy.MobileWebActivity$1: android.webkit.WebResourceResponse shouldInterceptRequest(android.webkit.WebView,java.lang.String)>	sig:$r2 = virtualinvoke $r4.<java.net.URL: java.lang.String getPath()>()	timediff:0
W/UnimplementedWebViewApi( 8081): Unimplemented WebView method onKeyDown called from: android.webkit.WebView.onKeyDown(WebView.java:2169)
I/System.out( 8081): body:<com.medco.medcopharmacy.MobileWebActivity$1: android.webkit.WebResourceResponse shouldInterceptRequest(android.webkit.WebView,java.lang.String)>	sig:specialinvoke $r4.<java.net.URL: void <init>(java.lang.String)>($r2)	timediff:0
I/System.out( 8081): <com.medco.medcopharmacy.MobileWebActivity$1: android.webkit.WebResourceResponse shouldInterceptRequest(android.webkit.WebView,java.lang.String)>###specialinvoke $r4.<java.net.URL: void <init>(java.lang.String)>($r2)###https://www.express-scripts.com/static/virtualIdCardMobile/3.12/css/VirtualIdCard_android.css
I/System.out( 8081): body:<com.medco.medcopharmacy.MobileWebActivity$1: android.webkit.WebResourceResponse shouldInterceptRequest(android.webkit.WebView,java.lang.String)>	sig:$r2 = virtualinvoke $r4.<java.net.URL: java.lang.String getPath()>()	timediff:0
I/System.out( 8081): body:<com.medco.medcopharmacy.MobileWebActivity$1: android.webkit.WebResourceResponse shouldInterceptRequest(android.webkit.WebView,java.lang.String)>	sig:specialinvoke $r4.<java.net.URL: void <init>(java.lang.String)>($r2)	timediff:0
I/System.out( 8081): <com.medco.medcopharmacy.MobileWebActivity$1: android.webkit.WebResourceResponse shouldInterceptRequest(android.webkit.WebView,java.lang.String)>###specialinvoke $r4.<java.net.URL: void <init>(java.lang.String)>($r2)###https://www.express-scripts.com/static/orderStatus/3.11/css/jquery.simplemodal.1.4.4.min.css
I/System.out( 8081): body:<com.medco.medcopharmacy.MobileWebActivity$1: android.webkit.WebResourceResponse shouldInterceptRequest(android.webkit.WebView,java.lang.String)>	sig:$r2 = virtualinvoke $r4.<java.net.URL: java.lang.String getPath()>()	timediff:0
I/System.out( 8081): body:<com.medco.medcopharmacy.MobileWebActivity$1: android.webkit.WebResourceResponse shouldInterceptRequest(android.webkit.WebView,java.lang.String)>	sig:specialinvoke $r4.<java.net.URL: void <init>(java.lang.String)>($r2)	timediff:0
I/System.out( 8081): <com.medco.medcopharmacy.MobileWebActivity$1: android.webkit.WebResourceResponse shouldInterceptRequest(android.webkit.WebView,java.lang.String)>###specialinvoke $r4.<java.net.URL: void <init>(java.lang.String)>($r2)###https://www.express-scripts.com/static/orderStatus/3.11/css/orderStatus.css
I/System.out( 8081): body:<com.medco.medcopharmacy.MobileWebActivity$1: android.webkit.WebResourceResponse shouldInterceptRequest(android.webkit.WebView,java.lang.String)>	sig:$r2 = virtualinvoke $r4.<java.net.URL: java.lang.String getPath()>()	timediff:0
I/System.out( 8081): body:<com.medco.medcopharmacy.MobileWebActivity$1: android.webkit.WebResourceResponse shouldInterceptRequest(android.webkit.WebView,java.lang.String)>	sig:specialinvoke $r4.<java.net.URL: void <init>(java.lang.String)>($r2)	timediff:0
I/System.out( 8081): <com.medco.medcopharmacy.MobileWebActivity$1: android.webkit.WebResourceResponse shouldInterceptRequest(android.webkit.WebView,java.lang.String)>###specialinvoke $r4.<java.net.URL: void <init>(java.lang.String)>($r2)###https://www.express-scripts.com/static/orderStatus/3.11/css/orderStatusMobi.css
I/System.out( 8081): body:<com.medco.medcopharmacy.MobileWebActivity$1: android.webkit.WebResourceResponse shouldInterceptRequest(android.webkit.WebView,java.lang.String)>	sig:$r2 = virtualinvoke $r4.<java.net.URL: java.lang.String getPath()>()	timediff:0
W/ViewRootImpl( 8081): Dropping event due to no window focus: KeyEvent { action=ACTION_DOWN, keyCode=KEYCODE_DPAD_RIGHT, scanCode=0, metaState=0, flags=0x8, repeatCount=0, eventTime=327627, downTime=327627, deviceId=-1, source=0x101 }
D/dalvikvm( 8081): GC_CONCURRENT freed 807K, 36% free 4998K/7784K, paused 2ms+2ms, total 12ms
W/EGL_emulation( 8081): eglSurfaceAttrib not implemented 3093 12436
I/ActivityManager(  481): START u0 {act=android.intent.action.MAIN cat=[android.intent.category.LAUNCHER] flg=0x10200000 cmp=com.medco.medcopharmacy/.DummyActivity} from pid 8071
I/ActivityManager(  481): START u0 {act=android.intent.action.MAIN cat=[android.intent.category.LAUNCHER] flg=0x10200000 cmp=com.medco.medcopharmacy/.DummyActivity} from pid 8071
I/SnapScrollController( 8081): setSnapScrollingMode case-default no-op
I/SnapScrollController( 8081): setSnapScrollingMode case-default no-op
W/InputMethodManagerService(  481): Window already focused, ignoring focus gain of: com.android.internal.view.IInputMethodClient$Stub$Proxy@4b009f0c attribute=null, token = android.os.BinderProxy@4a97cf30
W/UnimplementedWebViewApi( 8081): Unimplemented WebView method onKeyMultiple called from: android.webkit.WebView.onKeyMultiple(WebView.java:2179)
W/UnimplementedWebViewApi( 8081): Unimplemented WebView method onKeyDown called from: android.webkit.WebView.onKeyDown(WebView.java:2169)
W/UnimplementedWebViewApi( 8081): Unimplemented WebView method onKeyMultiple called from: android.webkit.WebView.onKeyMultiple(WebView.java:2179)
W/UnimplementedWebViewApi( 8081): Unimplemented WebView method onKeyDown called from: android.webkit.WebView.onKeyDown(WebView.java:2169)
W/UnimplementedWebViewApi( 8081): Unimplemented WebView method onKeyDown called from: android.webkit.WebView.onKeyDown(WebView.java:2169)
W/ViewRootImpl( 8081): Dropping event due to no window focus: KeyEvent { action=ACTION_DOWN, keyCode=KEYCODE_MENU, scanCode=0, metaState=0, flags=0x8, repeatCount=0, eventTime=327763, downTime=327763, deviceId=-1, source=0x101 }
W/ViewRootImpl( 8081): Dropping event due to no window focus: KeyEvent { action=ACTION_DOWN, keyCode=KEYCODE_NUMPAD_5, scanCode=0, metaState=0, flags=0x8, repeatCount=0, eventTime=327765, downTime=327765, deviceId=-1, source=0x101 }
W/EGL_emulation( 8081): eglSurfaceAttrib not implemented 3093 12436
W/ViewRootImpl( 8081): Dropping event due to no window focus: KeyEvent { action=ACTION_DOWN, keyCode=KEYCODE_DPAD_CENTER, scanCode=0, metaState=0, flags=0x8, repeatCount=0, eventTime=327765, downTime=327765, deviceId=-1, source=0x101 }
W/UnimplementedWebViewApi( 8081): Unimplemented WebView method onKeyMultiple called from: android.webkit.WebView.onKeyMultiple(WebView.java:2179)
W/UnimplementedWebViewApi( 8081): Unimplemented WebView method onKeyDown called from: android.webkit.WebView.onKeyDown(WebView.java:2169)
W/InputMethodManagerService(  481): Window already focused, ignoring focus gain of: com.android.internal.view.IInputMethodClient$Stub$Proxy@4ae3202c attribute=null, token = android.os.BinderProxy@4a97cf30
I/MobileWebActivityConsole: ( 8081): ERROR : Tue Apr 17 2018 21:26:13 GMT-0700 (MST) : memberMobile/model/memberMobile =>  -- From line 82 of https://www.express-scripts.com/static/framework/2.2/js/sofea.min.js
I/MobileWebActivityConsole: ( 8081): ERROR : Tue Apr 17 2018 21:26:13 GMT-0700 (MST) : framework/auth/SessionManager =>  -- From line 82 of https://www.express-scripts.com/static/framework/2.2/js/sofea.min.js
I/System.out( 8081): body:<com.medco.medcopharmacy.MobileWebActivity$1: boolean shouldOverrideUrlLoading(android.webkit.WebView,java.lang.String)>	sig:$r4 = staticinvoke <java.net.URLDecoder: java.lang.String decode(java.lang.String,java.lang.String)>($r2, "UTF-8")	timediff:0
D/SM_SDK  ( 8081): Could not find ContextProvider
D/SM_SDK  ( 8081): versionCode: -1
D/SM_SDK  ( 8081): Add com.samsung.android.providers.context.permission.WRITE_USE_APP_FEATURE_SURVEY permission
W/SdkSupporter( 8081): copyFields: failed - java.lang.ClassNotFoundException: com.samsung.android.fingerprint.FingerprintManager
I/System.out( 8081): body:<com.medco.medcopharmacy.MobileWebActivity: void runClientScript(org.json.JSONObject)>	sig:$r3 = staticinvoke <java.net.URLEncoder: java.lang.String encode(java.lang.String,java.lang.String)>($r3, "UTF-8")	timediff:0
W/UnimplementedWebViewApi( 8081): Unimplemented WebView method onKeyDown called from: android.webkit.WebView.onKeyDown(WebView.java:2169)
I/System.out( 8081): body:<com.medco.medcopharmacy.MobileWebActivity$1: android.webkit.WebResourceResponse shouldInterceptRequest(android.webkit.WebView,java.lang.String)>	sig:specialinvoke $r4.<java.net.URL: void <init>(java.lang.String)>($r2)	timediff:0
I/System.out( 8081): <com.medco.medcopharmacy.MobileWebActivity$1: android.webkit.WebResourceResponse shouldInterceptRequest(android.webkit.WebView,java.lang.String)>###specialinvoke $r4.<java.net.URL: void <init>(java.lang.String)>($r2)###https://www.express-scripts.com/static/memberMobile/3.12/css/standaloneApp.css
I/System.out( 8081): body:<com.medco.medcopharmacy.MobileWebActivity$1: android.webkit.WebResourceResponse shouldInterceptRequest(android.webkit.WebView,java.lang.String)>	sig:$r2 = virtualinvoke $r4.<java.net.URL: java.lang.String getPath()>()	timediff:0
I/System.out( 8081): body:<com.medco.medcopharmacy.MobileWebActivity$1: android.webkit.WebResourceResponse shouldInterceptRequest(android.webkit.WebView,java.lang.String)>	sig:specialinvoke $r4.<java.net.URL: void <init>(java.lang.String)>($r2)	timediff:0
I/System.out( 8081): <com.medco.medcopharmacy.MobileWebActivity$1: android.webkit.WebResourceResponse shouldInterceptRequest(android.webkit.WebView,java.lang.String)>###specialinvoke $r4.<java.net.URL: void <init>(java.lang.String)>($r2)###https://www.express-scripts.com/static/memberMobile/3.12/css/android.css
I/System.out( 8081): body:<com.medco.medcopharmacy.MobileWebActivity$1: android.webkit.WebResourceResponse shouldInterceptRequest(android.webkit.WebView,java.lang.String)>	sig:$r2 = virtualinvoke $r4.<java.net.URL: java.lang.String getPath()>()	timediff:0
W/ViewRootImpl( 8081): Dropping event due to no window focus: KeyEvent { action=ACTION_DOWN, keyCode=KEYCODE_DPAD_UP, scanCode=0, metaState=0, flags=0x8, repeatCount=0, eventTime=327839, downTime=327839, deviceId=-1, source=0x101 }
W/ViewRootImpl( 8081): Dropping event due to no window focus: KeyEvent { action=ACTION_DOWN, keyCode=KEYCODE_MENU, scanCode=0, metaState=0, flags=0x8, repeatCount=0, eventTime=327842, downTime=327842, deviceId=-1, source=0x101 }
I/System.out( 8081): body:<com.medco.medcopharmacy.MobileWebActivity$1: android.webkit.WebResourceResponse shouldInterceptRequest(android.webkit.WebView,java.lang.String)>	sig:specialinvoke $r4.<java.net.URL: void <init>(java.lang.String)>($r2)	timediff:0
I/System.out( 8081): <com.medco.medcopharmacy.MobileWebActivity$1: android.webkit.WebResourceResponse shouldInterceptRequest(android.webkit.WebView,java.lang.String)>###specialinvoke $r4.<java.net.URL: void <init>(java.lang.String)>($r2)###https://www.express-scripts.com/static/memberMobile/3.12/images/menu_ham_icon.png
I/System.out( 8081): body:<com.medco.medcopharmacy.MobileWebActivity$1: android.webkit.WebResourceResponse shouldInterceptRequest(android.webkit.WebView,java.lang.String)>	sig:$r2 = virtualinvoke $r4.<java.net.URL: java.lang.String getPath()>()	timediff:0
I/System.out( 8081): body:<com.medco.medcopharmacy.MobileWebActivity$1: android.webkit.WebResourceResponse shouldInterceptRequest(android.webkit.WebView,java.lang.String)>	sig:specialinvoke $r4.<java.net.URL: void <init>(java.lang.String)>($r2)	timediff:0
I/System.out( 8081): <com.medco.medcopharmacy.MobileWebActivity$1: android.webkit.WebResourceResponse shouldInterceptRequest(android.webkit.WebView,java.lang.String)>###specialinvoke $r4.<java.net.URL: void <init>(java.lang.String)>($r2)###https://www.express-scripts.com/static/memberMobile/3.12/images/menu_back_icon.png
I/System.out( 8081): body:<com.medco.medcopharmacy.MobileWebActivity$1: android.webkit.WebResourceResponse shouldInterceptRequest(android.webkit.WebView,java.lang.String)>	sig:$r2 = virtualinvoke $r4.<java.net.URL: java.lang.String getPath()>()	timediff:0
I/System.out( 8081): body:<com.medco.medcopharmacy.MobileWebActivity$1: android.webkit.WebResourceResponse shouldInterceptRequest(android.webkit.WebView,java.lang.String)>	sig:specialinvoke $r4.<java.net.URL: void <init>(java.lang.String)>($r2)	timediff:0
I/System.out( 8081): <com.medco.medcopharmacy.MobileWebActivity$1: android.webkit.WebResourceResponse shouldInterceptRequest(android.webkit.WebView,java.lang.String)>###specialinvoke $r4.<java.net.URL: void <init>(java.lang.String)>($r2)###https://www.express-scripts.com/static/memberMobile/3.12/images/bgpic.jpg
I/System.out( 8081): body:<com.medco.medcopharmacy.MobileWebActivity$1: android.webkit.WebResourceResponse shouldInterceptRequest(android.webkit.WebView,java.lang.String)>	sig:$r2 = virtualinvoke $r4.<java.net.URL: java.lang.String getPath()>()	timediff:0
W/ViewRootImpl( 8081): Dropping event due to no window focus: MotionEvent { action=ACTION_MOVE, id[0]=0, x[0]=-3.0, y[0]=0.0, toolType[0]=TOOL_TYPE_UNKNOWN, buttonState=0, metaState=0, flags=0x0, edgeFlags=0x0, pointerCount=1, historySize=5, eventTime=327844, downTime=-1, deviceId=0, source=0x10004 }
W/EGL_emulation( 8081): eglSurfaceAttrib not implemented 3093 12436
W/SurfaceFlinger(  166): FB is protected: PERMISSION_DENIED
W/SurfaceFlinger(  166): FB is protected: PERMISSION_DENIED
I/ActivityManager(  481): START u0 {act=android.intent.action.MAIN cat=[android.intent.category.HOME] flg=0x10200000 cmp=com.vphone.launcher/.Launcher} from pid 481
W/WindowManager(  481): Screenshot failure taking screenshot for (437x246) to layer 21030
W/WindowManager(  481): Screenshot failure taking screenshot for (437x246) to layer 21030
W/InputManager(  481): Input event injection from pid 8071 failed.
W/InputMethodManagerService(  481): Window already focused, ignoring focus gain of: com.android.internal.view.IInputMethodClient$Stub$Proxy@4a9dc6b4 attribute=null, token = android.os.BinderProxy@4a97cf30
W/UnimplementedWebViewApi( 8081): Unimplemented WebView method onKeyMultiple called from: android.webkit.WebView.onKeyMultiple(WebView.java:2179)
W/UnimplementedWebViewApi( 8081): Unimplemented WebView method onKeyDown called from: android.webkit.WebView.onKeyDown(WebView.java:2169)
W/UnimplementedWebViewApi( 8081): Unimplemented WebView method onKeyDown called from: android.webkit.WebView.onKeyDown(WebView.java:2169)
I/System.out( 8081): body:<com.medco.medcopharmacy.MobileWebActivity: void runClientScript(org.json.JSONObject)>	sig:$r3 = staticinvoke <java.net.URLEncoder: java.lang.String encode(java.lang.String,java.lang.String)>($r3, "UTF-8")	timediff:1
W/UnimplementedWebViewApi( 8081): Unimplemented WebView method onKeyDown called from: android.webkit.WebView.onKeyDown(WebView.java:2169)
W/ViewRootImpl( 8081): Dropping event due to no window focus: KeyEvent { action=ACTION_DOWN, keyCode=KEYCODE_DPAD_DOWN, scanCode=0, metaState=0, flags=0x8, repeatCount=0, eventTime=327909, downTime=327909, deviceId=-1, source=0x101 }
W/ViewRootImpl( 8081): Dropping event due to no window focus: KeyEvent { action=ACTION_DOWN, keyCode=KEYCODE_NUMPAD_MULTIPLY, scanCode=0, metaState=0, flags=0x8, repeatCount=0, eventTime=327911, downTime=327911, deviceId=-1, source=0x101 }
W/EGL_emulation( 8081): eglSurfaceAttrib not implemented 3093 12436
W/InputMethodManagerService(  481): Window already focused, ignoring focus gain of: com.android.internal.view.IInputMethodClient$Stub$Proxy@4b0f0970 attribute=null, token = android.os.BinderProxy@4a97cf30
I/System.out( 8081): body:<com.medco.medcopharmacy.MobileWebActivity$1: boolean shouldOverrideUrlLoading(android.webkit.WebView,java.lang.String)>	sig:$r4 = staticinvoke <java.net.URLDecoder: java.lang.String decode(java.lang.String,java.lang.String)>($r2, "UTF-8")	timediff:0
I/System.out( 8081): body:<com.medco.medcopharmacy.MobileWebActivity: void runClientScript(org.json.JSONObject)>	sig:$r3 = staticinvoke <java.net.URLEncoder: java.lang.String encode(java.lang.String,java.lang.String)>($r3, "UTF-8")	timediff:0
V/FlingTracker(  534): computeCurrentVelocity warning: totalweight=0
V/FlingTracker(  534): java.lang.Throwable
V/FlingTracker(  534): 	at com.android.systemui.statusbar.phone.PanelView$FlingTracker.computeCurrentVelocity(PanelView.java:162)
V/FlingTracker(  534): 	at com.android.systemui.statusbar.phone.PanelView$3.onTouch(PanelView.java:462)
V/FlingTracker(  534): 	at android.view.View.dispatchTouchEvent(View.java:7701)
V/FlingTracker(  534): 	at com.android.systemui.statusbar.phone.NotificationPanelView.onTouchEvent(NotificationPanelView.java:138)
V/FlingTracker(  534): 	at com.android.systemui.statusbar.phone.PanelBar.onTouchEvent(PanelBar.java:130)
V/FlingTracker(  534): 	at com.android.systemui.statusbar.phone.PhoneStatusBarView.onTouchEvent(PhoneStatusBarView.java:201)
V/FlingTracker(  534): 	at android.view.View.dispatchTouchEvent(View.java:7706)
V/FlingTracker(  534): 	at android.view.ViewGroup.dispatchTransformedTouchEvent(ViewGroup.java:2210)
V/FlingTracker(  534): 	at android.view.ViewGroup.dispatchTouchEvent(ViewGroup.java:1945)
V/FlingTracker(  534): 	at android.view.ViewGroup.dispatchTransformedTouchEvent(ViewGroup.java:2216)
V/FlingTracker(  534): 	at android.view.ViewGroup.dispatchTouchEvent(ViewGroup.java:1959)
V/FlingTracker(  534): 	at android.view.View.dispatchPointerEvent(View.java:7886)
V/FlingTracker(  534): 	at android.view.ViewRootImpl$ViewPostImeInputStage.processPointerEvent(ViewRootImpl.java:3978)
V/FlingTracker(  534): 	at android.view.ViewRootImpl$ViewPostImeInputStage.onProcess(ViewRootImpl.java:3857)
V/FlingTracker(  534): 	at android.view.ViewRootImpl$InputStage.deliver(ViewRootImpl.java:3423)
V/FlingTracker(  534): 	at android.view.ViewRootImpl$InputStage.onDeliverToNext(ViewRootImpl.java:3473)
V/FlingTracker(  534): 	at android.view.ViewRootImpl$InputStage.forward(ViewRootImpl.java:3442)
V/FlingTracker(  534): 	at android.view.ViewRootImpl$AsyncInputStage.forward(ViewRootImpl.java:3549)
V/FlingTracker(  534): 	at android.view.ViewRootImpl$InputStage.apply(ViewRootImpl.java:3450)
V/FlingTracker(  534): 	at android.view.ViewRootImpl$AsyncInputStage.apply(ViewRootImpl.java:3606)
V/FlingTracker(  534): 	at android.view.ViewRootImpl$InputStage.deliver(ViewRootImpl.java:3423)
V/FlingTracker(  534): 	at android.view.ViewRootImpl$InputStage.onDeliverToNext(ViewRootImpl.java:3473)
V/FlingTracker(  534): 	at android.view.ViewRootImpl$InputStage.forward(ViewRootImpl.java:3442)
V/FlingTracker(  534): 	at android.view.ViewRootImpl$InputStage.apply(ViewRootImpl.java:3450)
V/FlingTracker(  534): 	at android.view.ViewRootImpl$InputStage.deliver(ViewRootImpl.java:3423)
V/FlingTracker(  534): 	at android.view.ViewRootImpl.deliverInputEvent(ViewRootImpl.java:5626)
V/FlingTracker(  534): 	at android.view.ViewRootImpl.doProcessInputEvents(ViewRootImpl.java:5606)
V/FlingTracker(  534): 	at android.view.ViewRootImpl.enqueueInputEvent(ViewRootImpl.java:5577)
V/FlingTracker(  534): 	at android.view.ViewRootImpl$WindowInputEventReceiver.onInputEvent(ViewRootImpl.java:5706)
V/FlingTracker(  534): 	at android.view.InputEventReceiver.dispatchInputEvent(InputEventReceiver.java:185)
V/FlingTracker(  534): 	at android.os.MessageQueue.nativePollOnce(Native Method)
V/FlingTracker(  534): 	at android.os.MessageQueue.next(MessageQueue.java:138)
V/FlingTracker(  534): 	at android.os.Looper.loop(Looper.java:123)
V/FlingTracker(  534): 	at android.app.ActivityThread.main(ActivityThread.java:5019)
V/FlingTracker(  534): 	at java.lang.reflect.Method.invokeNative(Native Method)
V/FlingTracker(  534): 	at java.lang.reflect.Method.invoke(Method.java:515)
V/FlingTracker(  534): 	at com.android.internal.os.ZygoteInit$MethodAndArgsCaller.run(ZygoteInit.java:779)
V/FlingTracker(  534): 	at com.android.internal.os.ZygoteInit.main(ZygoteInit.java:595)
V/FlingTracker(  534): 	at dalvik.system.NativeStart.main(Native Method)
V/PanelView(  534): animationTick called with dtms=0; nothing to do (h=0.0 v=0.0)
W/UnimplementedWebViewApi( 8081): Unimplemented WebView method onKeyMultiple called from: android.webkit.WebView.onKeyMultiple(WebView.java:2179)
W/UnimplementedWebViewApi( 8081): Unimplemented WebView method onKeyDown called from: android.webkit.WebView.onKeyDown(WebView.java:2169)
W/UnimplementedWebViewApi( 8081): Unimplemented WebView method onKeyMultiple called from: android.webkit.WebView.onKeyMultiple(WebView.java:2179)
W/UnimplementedWebViewApi( 8081): Unimplemented WebView method onKeyDown called from: android.webkit.WebView.onKeyDown(WebView.java:2169)
W/UnimplementedWebViewApi( 8081): Unimplemented WebView method onKeyDown called from: android.webkit.WebView.onKeyDown(WebView.java:2169)
W/UnimplementedWebViewApi( 8081): Unimplemented WebView method onKeyDown called from: android.webkit.WebView.onKeyDown(WebView.java:2169)
W/ViewRootImpl( 8081): Dropping event due to no window focus: KeyEvent { action=ACTION_DOWN, keyCode=KEYCODE_DPAD_DOWN, scanCode=0, metaState=0, flags=0x8, repeatCount=0, eventTime=328076, downTime=328076, deviceId=-1, source=0x101 }
I/ActivityManager(  481): START u0 {act=android.intent.action.MAIN cat=[android.intent.category.LAUNCHER] flg=0x10000000 sel={act=android.intent.action.MAIN cat=[android.intent.category.APP_EMAIL]}} from pid 481
W/ViewRootImpl( 8081): Dropping event due to no window focus: KeyEvent { action=ACTION_DOWN, keyCode=KEYCODE_MENU, scanCode=0, metaState=0, flags=0x8, repeatCount=0, eventTime=328079, downTime=328079, deviceId=-1, source=0x101 }
W/ViewRootImpl( 8081): Dropping event due to no window focus: KeyEvent { action=ACTION_DOWN, keyCode=KEYCODE_DPAD_UP, scanCode=0, metaState=0, flags=0x8, repeatCount=0, eventTime=328081, downTime=328081, deviceId=-1, source=0x101 }
W/ViewRootImpl( 8081): Dropping event due to no window focus: KeyEvent { action=ACTION_DOWN, keyCode=KEYCODE_B, scanCode=0, metaState=0, flags=0x8, repeatCount=0, eventTime=328081, downTime=328081, deviceId=-1, source=0x101 }
W/ViewRootImpl( 8081): Dropping event due to no window focus: KeyEvent { action=ACTION_DOWN, keyCode=KEYCODE_DPAD_DOWN, scanCode=0, metaState=0, flags=0x8, repeatCount=0, eventTime=328083, downTime=328083, deviceId=-1, source=0x101 }
W/EGL_emulation( 8081): eglSurfaceAttrib not implemented 3093 12436
I/System.out( 8081): body:<com.medco.medcopharmacy.MobileWebActivity$1: boolean shouldOverrideUrlLoading(android.webkit.WebView,java.lang.String)>	sig:$r4 = staticinvoke <java.net.URLDecoder: java.lang.String decode(java.lang.String,java.lang.String)>($r2, "UTF-8")	timediff:0
I/System.out( 8081): body:<com.medco.medcopharmacy.MobileWebActivity: void runClientScript(org.json.JSONObject)>	sig:$r3 = staticinvoke <java.net.URLEncoder: java.lang.String encode(java.lang.String,java.lang.String)>($r3, "UTF-8")	timediff:0
V/FlingTracker(  534): computeCurrentVelocity warning: totalweight=0
V/FlingTracker(  534): java.lang.Throwable
V/FlingTracker(  534): 	at com.android.systemui.statusbar.phone.PanelView$FlingTracker.computeCurrentVelocity(PanelView.java:162)
V/FlingTracker(  534): 	at com.android.systemui.statusbar.phone.PanelView$3.onTouch(PanelView.java:462)
V/FlingTracker(  534): 	at android.view.View.dispatchTouchEvent(View.java:7701)
V/FlingTracker(  534): 	at com.android.systemui.statusbar.phone.NotificationPanelView.onTouchEvent(NotificationPanelView.java:138)
V/FlingTracker(  534): 	at com.android.systemui.statusbar.phone.PanelBar.onTouchEvent(PanelBar.java:130)
V/FlingTracker(  534): 	at com.android.systemui.statusbar.phone.PhoneStatusBarView.onTouchEvent(PhoneStatusBarView.java:201)
V/FlingTracker(  534): 	at android.view.View.dispatchTouchEvent(View.java:7706)
V/FlingTracker(  534): 	at android.view.ViewGroup.dispatchTransformedTouchEvent(ViewGroup.java:2210)
V/FlingTracker(  534): 	at android.view.ViewGroup.dispatchTouchEvent(ViewGroup.java:1945)
V/FlingTracker(  534): 	at android.view.ViewGroup.dispatchTransformedTouchEvent(ViewGroup.java:2216)
V/FlingTracker(  534): 	at android.view.ViewGroup.dispatchTouchEvent(ViewGroup.java:1959)
V/FlingTracker(  534): 	at android.view.View.dispatchPointerEvent(View.java:7886)
V/FlingTracker(  534): 	at android.view.ViewRootImpl$ViewPostImeInputStage.processPointerEvent(ViewRootImpl.java:3978)
V/FlingTracker(  534): 	at android.view.ViewRootImpl$ViewPostImeInputStage.onProcess(ViewRootImpl.java:3857)
V/FlingTracker(  534): 	at android.view.ViewRootImpl$InputStage.deliver(ViewRootImpl.java:3423)
V/FlingTracker(  534): 	at android.view.ViewRootImpl$InputStage.onDeliverToNext(ViewRootImpl.java:3473)
V/FlingTracker(  534): 	at android.view.ViewRootImpl$InputStage.forward(ViewRootImpl.java:3442)
V/FlingTracker(  534): 	at android.view.ViewRootImpl$AsyncInputStage.forward(ViewRootImpl.java:3549)
V/FlingTracker(  534): 	at android.view.ViewRootImpl$InputStage.apply(ViewRootImpl.java:3450)
V/FlingTracker(  534): 	at android.view.ViewRootImpl$AsyncInputStage.apply(ViewRootImpl.java:3606)
V/FlingTracker(  534): 	at android.view.ViewRootImpl$InputStage.deliver(ViewRootImpl.java:3423)
V/FlingTracker(  534): 	at android.view.ViewRootImpl$InputStage.onDeliverToNext(ViewRootImpl.java:3473)
V/FlingTracker(  534): 	at android.view.ViewRootImpl$InputStage.forward(ViewRootImpl.java:3442)
V/FlingTracker(  534): 	at android.view.ViewRootImpl$InputStage.apply(ViewRootImpl.java:3450)
V/FlingTracker(  534): 	at android.view.ViewRootImpl$InputStage.deliver(ViewRootImpl.java:3423)
V/FlingTracker(  534): 	at android.view.ViewRootImpl.deliverInputEvent(ViewRootImpl.java:5626)
V/FlingTracker(  534): 	at android.view.ViewRootImpl.doProcessInputEvents(ViewRootImpl.java:5606)
V/FlingTracker(  534): 	at android.view.ViewRootImpl.enqueueInputEvent(ViewRootImpl.java:5577)
