I/dalvikvm(12206): Could not find method android.content.pm.PackageManager.isInstantApp, referenced from method qp.a
W/dalvikvm(12206): VFY: unable to resolve virtual method 2065: Landroid/content/pm/PackageManager;.isInstantApp (Ljava/lang/String;)Z
D/dalvikvm(12206): VFY: replacing opcode 0x6e at 0x002d
I/dalvikvm(12206): Could not find method android.content.pm.PackageManager.isInstantApp, referenced from method qo.a
W/dalvikvm(12206): VFY: unable to resolve virtual method 2064: Landroid/content/pm/PackageManager;.isInstantApp ()Z
D/dalvikvm(12206): VFY: replacing opcode 0x6e at 0x0028
I/Ads     (12206): Starting ad request.
I/Ads     (12206): Use AdRequest.Builder.addTestDevice("DADDEACD506FD4BD02989AD39CCF21B7") to get test ads on this device.
D/DynamitePackage(12206): Instantiating com.google.android.gms.ads.ChimeraAdManagerCreatorImpl
D/dalvikvm(12206): GC_CONCURRENT freed 968K, 14% free 6720K/7752K, paused 1ms+0ms, total 5ms
I/Ads     (12206): Starting ad request.
I/Ads     (12206): Use AdRequest.Builder.addTestDevice("DADDEACD506FD4BD02989AD39CCF21B7") to get test ads on this device.
W/Ads     (12206): Not retrying to fetch app settings
W/Ads     (12206): Invoke Firebase method getInstance error.
W/Ads     (12206): The Google Mobile Ads SDK will not integrate with Firebase. Admob/Firebase integration requires the latest Firebase SDK jar, but Firebase SDK is either missing or out of date
E/SurfaceFlinger(  166): glCheckFramebufferStatusOES error 36054
E/SurfaceFlinger(  166): got GL_FRAMEBUFFER_COMPLETE_OES error while taking screenshot
D/SurfaceFlinger(  166): setOrientation, mFbdev=0xb7e9fd80, mFbDev->setOrientation=0xb6945ce0, orientation=3
I/gralloc_nox(  166): setOrientation: orientation=3
I/InputReader(  481): Reconfiguring input devices.  changes=0x00000004
I/InputReader(  481): Device reconfigured: id=1, name='seamless mouse', size 1280x720, orientation 3, mode 1, display id 0
I/InputReader(  481): Device reconfigured: id=3, name='Android Input', size 1280x720, orientation 3, mode 1, display id 0
I/InputReader(  481): Reconfiguring input devices.  changes=0x00000004
I/InputReader(  481): Device reconfigured: id=8, name='VirtualBox USB Tablet', size 1280x720, orientation 3, mode 1, display id 0
D/Tinker.DefaultAppLike(  663): onConfigurationChanged:{1.0 310mcc16mnc en_US ldltr sw480dp w480dp h828dp 240dpi lrg long port finger qwerty/v/v dpad/v s.47}
I/ActivityManager(  481): Config changes=480 {1.0 310mcc16mnc en_US ldltr sw480dp w480dp h828dp 240dpi lrg long port finger qwerty/v/v dpad/v s.47}
D/dalvikvm(  534): GC_FOR_ALLOC freed 7179K, 44% free 10040K/17636K, paused 6ms, total 6ms
I/dalvikvm-heap(  534): Grow heap (frag case) to 16.118MB for 6553612-byte allocation
D/dalvikvm(  534): GC_CONCURRENT freed 1K, 32% free 16438K/24040K, paused 1ms+0ms, total 5ms
D/dalvikvm( 1107): GC_FOR_ALLOC freed 235K, 17% free 3279K/3916K, paused 3ms, total 3ms
D/libEGL  (12206): loaded /system/lib/egl/libEGL_adreno.so
I/iu.UploadsManager(  719): End new media; added: 0, uploading: 0, time: 45 ms
D/        (12206): HostConnection::get() New Host Connection established 0xb884b6c0, tid 12206
D/PhoneStatusBar(  534): mSettingsPanelGravity = 55
D/libEGL  (12206): loaded /system/lib/egl/libGLESv1_CM_adreno.so
D/libEGL  (12206): loaded /system/lib/egl/libGLESv2_adreno.so
W/Ads     (  719): App does not have the required permissions to get location
W/Herrevad(  719): [709] sjl.a: On wifi, but couldn't get security type
W/EGL_emulation(12206): eglSurfaceAttrib not implemented 3093 12436
W/DebugConnManager(  719): getNetworkInfo() on networkType 0
D/OpenGLRenderer(12206): Enabling debug mode 0
W/EGL_emulation(  534): eglSurfaceAttrib not implemented 3093 12436
D/DynamitePackage(12206): Instantiating com.google.android.gms.ads.ChimeraAdManagerCreatorImpl
I/Ads     (12206): Starting ad request.
I/Ads     (12206): Use AdRequest.Builder.addTestDevice("DADDEACD506FD4BD02989AD39CCF21B7") to get test ads on this device.
W/Ads     (12206): Not retrying to fetch app settings
D/DynamitePackage(12206): Instantiating com.google.android.gms.ads.ChimeraAdManagerCreatorImpl
I/Ads     (12206): Starting ad request.
I/Ads     (12206): Use AdRequest.Builder.addTestDevice("DADDEACD506FD4BD02989AD39CCF21B7") to get test ads on this device.
W/Ads     (12206): Not retrying to fetch app settings
W/Ads     (  719): App does not have the required permissions to get location
W/Ads     (  719): App does not have the required permissions to get location
W/Herrevad(  719): [802] sjl.a: On wifi, but couldn't get security type
I/qtaguid (  719): Tagging socket 215 with tag 3000010500000000(805306629) for uid -1 failed errno=-13
I/NetworkManagementSocketTagger(  719): tagSocketFd(215, 805306629, -1) failed with errno-13
W/DebugConnManager(  719): getNetworkInfo() on networkType 0
W/EGL_emulation(12206): eglSurfaceAttrib not implemented 3093 12436
W/IInputConnectionWrapper(  663): showStatusIcon on inactive InputConnection
W/ContextImpl(  481): Calling a method in the system process without a qualified user: android.app.ContextImpl.sendBroadcast:1123 com.android.server.InputMethodManagerService.hideCurrentInputLocked:1880 com.android.server.InputMethodManagerService.windowGainedFocus:1968 com.android.internal.view.IInputMethodManager$Stub.onTransact:221 com.android.server.InputMethodManagerService.onTransact:818 
W/Ads     (  719): App does not have the required permissions to get location
W/Herrevad(  719): [709] sjl.a: On wifi, but couldn't get security type
I/qtaguid (  719): Tagging socket 211 with tag 3000010500000000(805306629) for uid -1 failed errno=-13
I/NetworkManagementSocketTagger(  719): tagSocketFd(211, 805306629, -1) failed with errno-13
W/DebugConnManager(  719): getNetworkInfo() on networkType 0
I/ActivityManager(  481): Displayed com.workoutapps.fatburnworkout/com.cca.fat.burn.workout.StartActivity: +500ms
I/InputDispatcher(  481): Dropped event because of pending overdue app switch.
I/InputDispatcher(  481): Dropped event because of pending overdue app switch.
I/InputDispatcher(  481): Dropped event because of pending overdue app switch.
I/InputDispatcher(  481): Dropped event because of pending overdue app switch.
I/WindowManager(  481): Screen frozen for +316ms due to Window{4aaf49c0 u0 com.workoutapps.fatburnworkout/com.cca.fat.burn.workout.StartActivity}
W/InputManager(  481): Input event injection from pid 12039 failed.
I/ActivityManager(  481): START u0 {act=android.intent.action.CALL_BUTTON flg=0x10000000} from pid 12206
W/PhoneFallbackEventHandler(12206): No activity found for android.intent.action.CALL_BUTTON.
I/ActivityManager(  481): START u0 {act=android.intent.action.MAIN cat=[android.intent.category.LAUNCHER] flg=0x10200000 cmp=com.workoutapps.fatburnworkout/com.cca.fat.burn.workout.StartActivity} from pid 12039
W/ViewRootImpl(12206): Dropping event due to no window focus: KeyEvent { action=ACTION_DOWN, keyCode=KEYCODE_DPAD_LEFT, scanCode=0, metaState=0, flags=0x8, repeatCount=0, eventTime=511702, downTime=511702, deviceId=-1, source=0x101 }
D/dalvikvm(  719): GC_CONCURRENT freed 2053K, 44% free 9626K/16984K, paused 3ms+4ms, total 38ms
D/dalvikvm(  719): WAIT_FOR_CONCURRENT_GC blocked 32ms
D/dalvikvm(  719): WAIT_FOR_CONCURRENT_GC blocked 27ms
W/EGL_emulation(12206): eglSurfaceAttrib not implemented 3093 12436
I/ActivityManager(  481): START u0 {cmp=com.workoutapps.fatburnworkout/com.cca.fat.burn.workout.FoodActivity} from pid 12206
W/ActivityManager(  481): startActivity called from finishing ActivityRecord{4ab08ce0 u0 com.workoutapps.fatburnworkout/com.cca.fat.burn.workout.StartActivity t117 f}; forcing Intent.FLAG_ACTIVITY_NEW_TASK for: Intent { cmp=com.workoutapps.fatburnworkout/com.cca.fat.burn.workout.FoodActivity }
I/qtaguid (  719): Tagging socket 214 with tag 3000010500000000(805306629) for uid -1 failed errno=-13
I/NetworkManagementSocketTagger(  719): tagSocketFd(214, 805306629, -1) failed with errno-13
I/qtaguid (  719): Tagging socket 70 with tag 3000010500000000(805306629) for uid -1 failed errno=-13
I/NetworkManagementSocketTagger(  719): tagSocketFd(70, 805306629, -1) failed with errno-13
D/dalvikvm(12206): GC_FOR_ALLOC freed 683K, 10% free 7081K/7860K, paused 4ms, total 4ms
I/qtaguid (  719): Tagging socket 137 with tag 3000010500000000(805306629) for uid -1 failed errno=-13
I/NetworkManagementSocketTagger(  719): tagSocketFd(137, 805306629, -1) failed with errno-13
I/qtaguid (  719): Untagging socket 137 failed errno=-13
W/NetworkManagementSocketTagger(  719): untagSocket(137) failed with errno -13
I/qtaguid (  719): Tagging socket 137 with tag 3000010500000000(805306629) for uid -1 failed errno=-13
I/NetworkManagementSocketTagger(  719): tagSocketFd(137, 805306629, -1) failed with errno-13
I/qtaguid (  719): Untagging socket 137 failed errno=-13
W/NetworkManagementSocketTagger(  719): untagSocket(137) failed with errno -13
I/qtaguid (  719): Tagging socket 137 with tag 3000010500000000(805306629) for uid -1 failed errno=-13
I/NetworkManagementSocketTagger(  719): tagSocketFd(137, 805306629, -1) failed with errno-13
I/qtaguid (  719): Untagging socket 137 failed errno=-13
W/NetworkManagementSocketTagger(  719): untagSocket(137) failed with errno -13
I/qtaguid (  719): Tagging socket 137 with tag 3000010500000000(805306629) for uid -1 failed errno=-13
I/NetworkManagementSocketTagger(  719): tagSocketFd(137, 805306629, -1) failed with errno-13
I/qtaguid (  719): Untagging socket 137 failed errno=-13
W/NetworkManagementSocketTagger(  719): untagSocket(137) failed with errno -13
I/qtaguid (  719): Tagging socket 137 with tag 3000010500000000(805306629) for uid -1 failed errno=-13
I/NetworkManagementSocketTagger(  719): tagSocketFd(137, 805306629, -1) failed with errno-13
I/qtaguid (  719): Untagging socket 137 failed errno=-13
W/NetworkManagementSocketTagger(  719): untagSocket(137) failed with errno -13
I/qtaguid (  719): Tagging socket 137 with tag 3000010500000000(805306629) for uid -1 failed errno=-13
I/NetworkManagementSocketTagger(  719): tagSocketFd(137, 805306629, -1) failed with errno-13
I/qtaguid (  719): Untagging socket 137 failed errno=-13
W/NetworkManagementSocketTagger(  719): untagSocket(137) failed with errno -13
D/dalvikvm(12206): GC_FOR_ALLOC freed 15K, 10% free 7694K/8484K, paused 2ms, total 2ms
I/dalvikvm-heap(12206): Grow heap (frag case) to 8.703MB for 1183908-byte allocation
D/dalvikvm(12206): GC_FOR_ALLOC freed <1K, 9% free 8850K/9644K, paused 5ms, total 5ms
D/DynamitePackage(12206): Instantiating com.google.android.gms.ads.ChimeraAdManagerCreatorImpl
I/Ads     (12206): Starting ad request.
I/Ads     (12206): Use AdRequest.Builder.addTestDevice("DADDEACD506FD4BD02989AD39CCF21B7") to get test ads on this device.
W/Ads     (12206): Not retrying to fetch app settings
W/Ads     (  719): App does not have the required permissions to get location
W/Herrevad(  719): [846] sjl.a: On wifi, but couldn't get security type
W/DebugConnManager(  719): getNetworkInfo() on networkType 0
I/qtaguid (  719): Tagging socket 137 with tag 3000010500000000(805306629) for uid -1 failed errno=-13
I/NetworkManagementSocketTagger(  719): tagSocketFd(137, 805306629, -1) failed with errno-13
I/qtaguid (  719): Tagging socket 224 with tag 3000010500000000(805306629) for uid -1 failed errno=-13
I/NetworkManagementSocketTagger(  719): tagSocketFd(224, 805306629, -1) failed with errno-13
I/qtaguid (  719): Untagging socket 224 failed errno=-13
W/NetworkManagementSocketTagger(  719): untagSocket(224) failed with errno -13
I/qtaguid (  719): Tagging socket 224 with tag 3000010500000000(805306629) for uid -1 failed errno=-13
I/NetworkManagementSocketTagger(  719): tagSocketFd(224, 805306629, -1) failed with errno-13
I/qtaguid (  719): Untagging socket 224 failed errno=-13
W/NetworkManagementSocketTagger(  719): untagSocket(224) failed with errno -13
I/qtaguid (  719): Tagging socket 224 with tag 3000010500000000(805306629) for uid -1 failed errno=-13
I/NetworkManagementSocketTagger(  719): tagSocketFd(224, 805306629, -1) failed with errno-13
I/qtaguid (  719): Untagging socket 224 failed errno=-13
W/NetworkManagementSocketTagger(  719): untagSocket(224) failed with errno -13
I/qtaguid (  719): Tagging socket 224 with tag 3000010500000000(805306629) for uid -1 failed errno=-13
I/NetworkManagementSocketTagger(  719): tagSocketFd(224, 805306629, -1) failed with errno-13
I/qtaguid (  719): Untagging socket 224 failed errno=-13
W/NetworkManagementSocketTagger(  719): untagSocket(224) failed with errno -13
I/qtaguid (  719): Tagging socket 224 with tag 3000010500000000(805306629) for uid -1 failed errno=-13
I/NetworkManagementSocketTagger(  719): tagSocketFd(224, 805306629, -1) failed with errno-13
I/qtaguid (  719): Untagging socket 224 failed errno=-13
W/NetworkManagementSocketTagger(  719): untagSocket(224) failed with errno -13
I/qtaguid (  719): Tagging socket 224 with tag 3000010500000000(805306629) for uid -1 failed errno=-13
I/NetworkManagementSocketTagger(  719): tagSocketFd(224, 805306629, -1) failed with errno-13
I/qtaguid (  719): Untagging socket 224 failed errno=-13
W/NetworkManagementSocketTagger(  719): untagSocket(224) failed with errno -13
I/qtaguid (  719): Untagging socket 215 failed errno=-13
W/NetworkManagementSocketTagger(  719): untagSocket(215) failed with errno -13
W/EGL_emulation(12206): eglSurfaceAttrib not implemented 3093 12436
D/dalvikvm(  719): GC_CONCURRENT freed 2200K, 44% free 9633K/16984K, paused 2ms+1ms, total 13ms
I/qtaguid (  719): Untagging socket 211 failed errno=-13
W/NetworkManagementSocketTagger(  719): untagSocket(211) failed with errno -13
I/qtaguid (  719): Untagging socket 214 failed errno=-13
W/NetworkManagementSocketTagger(  719): untagSocket(214) failed with errno -13
W/ViewRootImpl(12206): Dropping event due to no window focus: KeyEvent { action=ACTION_DOWN, keyCode=KEYCODE_DPAD_RIGHT, scanCode=0, metaState=0, flags=0x8, repeatCount=0, eventTime=511710, downTime=511710, deviceId=-1, source=0x101 }
I/ActivityManager(  481): START u0 {act=android.intent.action.MAIN cat=[android.intent.category.LAUNCHER] flg=0x10200000 cmp=com.workoutapps.fatburnworkout/com.cca.fat.burn.workout.StartActivity} from pid 12039
I/dalvikvm(12206): Could not find method android.webkit.WebSettings.setMixedContentMode, referenced from method com.google.android.gms.ads.internal.webview.m.<init>
W/dalvikvm(12206): VFY: unable to resolve virtual method 2893: Landroid/webkit/WebSettings;.setMixedContentMode (I)V
D/dalvikvm(12206): VFY: replacing opcode 0x6e at 0x0069
V/WebViewChromium(12206): Binding Chromium to the background looper Looper (main, tid 1) {4a769898}
I/chromium(12206): [INFO:library_loader_hooks.cc(112)] Chromium logging enabled: level = 0, default verbosity = 0
I/BrowserProcessMain(12206): Initializing chromium process, renderers=0
I/ActivityManager(  481): Displayed com.workoutapps.fatburnworkout/com.cca.fat.burn.workout.FoodActivity: +437ms
I/qtaguid (  719): Untagging socket 137 failed errno=-13
W/chromium(12206): [WARNING:proxy_service.cc(888)] PAC support disabled because there is no system implementation
W/NetworkManagementSocketTagger(  719): untagSocket(137) failed with errno -13
W/ContextImpl(  481): Calling a method in the system process without a qualified user: android.app.ContextImpl.sendBroadcast:1123 com.android.server.InputMethodManagerService.hideCurrentInputLocked:1880 com.android.server.InputMethodManagerService.windowGainedFocus:1968 com.android.internal.view.IInputMethodManager$Stub.onTransact:221 com.android.server.InputMethodManagerService.onTransact:818 
D/dalvikvm(12206): GC_FOR_ALLOC freed 636K, 8% free 10098K/10932K, paused 5ms, total 5ms
D/dalvikvm(  719): GC_CONCURRENT freed 2130K, 43% free 9686K/16984K, paused 3ms+1ms, total 16ms
D/dalvikvm(  719): WAIT_FOR_CONCURRENT_GC blocked 13ms
I/qtaguid (  719): Untagging socket 70 failed errno=-13
W/NetworkManagementSocketTagger(  719): untagSocket(70) failed with errno -13
D/dalvikvm(12206): GC_FOR_ALLOC freed 1189K, 15% free 10789K/12584K, paused 4ms, total 4ms
W/WindowManager(  481): Force-removing child win Window{4adb2c04 u0 AtchDlg:com.workoutapps.fatburnworkout/com.cca.fat.burn.workout.StartActivity} from container Window{4aaf49c0 u0 com.workoutapps.fatburnworkout/com.cca.fat.burn.workout.StartActivity}
E/WindowManager(12206): 
E/WindowManager(12206): android.view.WindowLeaked: Activity com.cca.fat.burn.workout.StartActivity has leaked window com.android.internal.policy.impl.PhoneWindow$DecorView{4a95cc74 V.E..... ......ID 0,0-720,0} that was originally added here
E/WindowManager(12206): 	at android.view.ViewRootImpl.<init>(ViewRootImpl.java:348)
E/WindowManager(12206): 	at android.view.WindowManagerGlobal.addView(WindowManagerGlobal.java:248)
E/WindowManager(12206): 	at android.view.WindowManagerImpl.addView(WindowManagerImpl.java:69)
E/WindowManager(12206): 	at com.android.internal.policy.impl.PhoneWindow.openPanel(PhoneWindow.java:672)
E/WindowManager(12206): 	at com.android.internal.policy.impl.PhoneWindow.onKeyUpPanel(PhoneWindow.java:879)
E/WindowManager(12206): 	at com.android.internal.policy.impl.PhoneWindow.onKeyUp(PhoneWindow.java:1630)
E/WindowManager(12206): 	at com.android.internal.policy.impl.PhoneWindow$DecorView.dispatchKeyEvent(PhoneWindow.java:1969)
E/WindowManager(12206): 	at android.view.ViewRootImpl$ViewPostImeInputStage.processKeyEvent(ViewRootImpl.java:3876)
E/WindowManager(12206): 	at android.view.ViewRootImpl$ViewPostImeInputStage.onProcess(ViewRootImpl.java:3850)
E/WindowManager(12206): 	at android.view.ViewRootImpl$InputStage.deliver(ViewRootImpl.java:3423)
E/WindowManager(12206): 	at android.view.ViewRootImpl$InputStage.onDeliverToNext(ViewRootImpl.java:3473)
E/WindowManager(12206): 	at android.view.ViewRootImpl$InputStage.forward(ViewRootImpl.java:3442)
E/WindowManager(12206): 	at android.view.ViewRootImpl$AsyncInputStage.forward(ViewRootImpl.java:3549)
E/WindowManager(12206): 	at android.view.ViewRootImpl$InputStage.apply(ViewRootImpl.java:3450)
E/WindowManager(12206): 	at android.view.ViewRootImpl$AsyncInputStage.apply(ViewRootImpl.java:3606)
E/WindowManager(12206): 	at android.view.ViewRootImpl$InputStage.deliver(ViewRootImpl.java:3423)
E/WindowManager(12206): 	at android.view.ViewRootImpl$InputStage.onDeliverToNext(ViewRootImpl.java:3473)
E/WindowManager(12206): 	at android.view.ViewRootImpl$InputStage.forward(ViewRootImpl.java:3442)
E/WindowManager(12206): 	at android.view.ViewRootImpl$InputStage.apply(ViewRootImpl.java:3450)
E/WindowManager(12206): 	at android.view.ViewRootImpl$InputStage.deliver(ViewRootImpl.java:3423)
E/WindowManager(12206): 	at android.view.ViewRootImpl$InputStage.onDeliverToNext(ViewRootImpl.java:3473)
E/WindowManager(12206): 	at android.view.ViewRootImpl$InputStage.forward(ViewRootImpl.java:3442)
E/WindowManager(12206): 	at android.view.ViewRootImpl$AsyncInputStage.forward(ViewRootImpl.java:3582)
E/WindowManager(12206): 	at android.view.ViewRootImpl$ImeInputStage.onFinishedInputEvent(ViewRootImpl.java:3742)
E/WindowManager(12206): 	at android.view.inputmethod.InputMethodManager$PendingEvent.run(InputMethodManager.java:2010)
E/WindowManager(12206): 	at android.view.inputmethod.InputMethodManager.invokeFinishedInputEventCallback(InputMethodManager.java:1704)
E/WindowManager(12206): 	at android.view.inputmethod.InputMethodManager.finishedInputEvent(InputMethodManager.java:1695)
E/WindowManager(12206): 	at android.view.inputmethod.InputMethodManager$ImeInputEventSender.onInputEventFinished(InputMethodManager.java:1987)
E/WindowManager(12206): 	at android.view.InputEventSender.dispatchInputEventFinished(InputEventSender.java:141)
E/WindowManager(12206): 	at android.os.MessageQueue.nativePollOnce(Native Method)
E/WindowManager(12206): 	at android.os.MessageQueue.next(MessageQueue.java:138)
E/WindowManager(12206): 	at android.os.Looper.loop(Looper.java:123)
E/WindowManager(12206): 	at android.app.ActivityThread.main(ActivityThread.java:5019)
E/WindowManager(12206): 	at java.lang.reflect.Method.invokeNative(Native Method)
E/WindowManager(12206): 	at java.lang.reflect.Method.invoke(Method.java:515)
E/WindowManager(12206): 	at com.android.internal.os.ZygoteInit$MethodAndArgsCaller.run(ZygoteInit.java:779)
E/WindowManager(12206): 	at com.android.internal.os.ZygoteInit.main(ZygoteInit.java:595)
E/WindowManager(12206): 	at dalvik.system.NativeStart.main(Native Method)
E/WindowManager(12206): 
E/WindowManager(12206): android.view.WindowLeaked: Activity com.cca.fat.burn.workout.StartActivity has leaked window android.widget.FrameLayout{4a969714 V.E..... ......ID 0,0-1,1} that was originally added here
E/WindowManager(12206): 	at android.view.ViewRootImpl.<init>(ViewRootImpl.java:348)
E/WindowManager(12206): 	at android.view.WindowManagerGlobal.addView(WindowManagerGlobal.java:248)
E/WindowManager(12206): 	at android.view.WindowManagerImpl.addView(WindowManagerImpl.java:69)
E/WindowManager(12206): 	at android.widget.PopupWindow.invokePopup(PopupWindow.java:1019)
E/WindowManager(12206): 	at android.widget.PopupWindow.showAtLocation(PopupWindow.java:850)
E/WindowManager(12206): 	at android.widget.PopupWindow.showAtLocation(PopupWindow.java:814)
E/WindowManager(12206): 	at com.google.android.gms.ads.internal.renderer.k.c(com.google.android.gms.DynamiteModulesA@12221070@12.2.21 (070-188803320):24)
E/WindowManager(12206): 	at com.google.android.gms.ads.internal.renderer.a.c_(com.google.android.gms.DynamiteModulesA@12221070@12.2.21 (070-188803320):39)
E/WindowManager(12206): 	at com.google.android.gms.ads.internal.renderer.g.a(com.google.android.gms.DynamiteModulesA@12221070@12.2.21 (070-188803320):15)
E/WindowManager(12206): 	at com.google.android.gms.ads.internal.l.run(com.google.android.gms.DynamiteModulesA@12221070@12.2.21 (070-188803320):28)
E/WindowManager(12206): 	at android.os.Handler.handleCallback(Handler.java:733)
E/WindowManager(12206): 	at android.os.Handler.dispatchMessage(Handler.java:95)
E/WindowManager(12206): 	at android.os.Looper.loop(Looper.java:136)
E/WindowManager(12206): 	at android.app.ActivityThread.main(ActivityThread.java:5019)
E/WindowManager(12206): 	at java.lang.reflect.Method.invokeNative(Native Method)
E/WindowManager(12206): 	at java.lang.reflect.Method.invoke(Method.java:515)
E/WindowManager(12206): 	at com.android.internal.os.ZygoteInit$MethodAndArgsCaller.run(ZygoteInit.java:779)
E/WindowManager(12206): 	at com.android.internal.os.ZygoteInit.main(ZygoteInit.java:595)
E/WindowManager(12206): 	at dalvik.system.NativeStart.main(Native Method)
W/WindowManager(  481): Force-removing child win Window{4aa3a5dc u0 PopupWindow:4a958b20} from container Window{4aaf49c0 u0 com.workoutapps.fatburnworkout/com.cca.fat.burn.workout.StartActivity}
W/WindowManager(  481): Failed looking up window
W/WindowManager(  481): java.lang.IllegalArgumentException: Requested window android.os.BinderProxy@4a9e0920 does not exist
W/WindowManager(  481): 	at com.android.server.wm.WindowManagerService.windowForClientLocked(WindowManagerService.java:8096)
W/WindowManager(  481): 	at com.android.server.wm.WindowManagerService.windowForClientLocked(WindowManagerService.java:8087)
W/WindowManager(  481): 	at com.android.server.wm.WindowManagerService.removeWindow(WindowManagerService.java:2542)
W/WindowManager(  481): 	at com.android.server.wm.Session.remove(Session.java:181)
W/WindowManager(  481): 	at android.view.IWindowSession$Stub.onTransact(IWindowSession.java:197)
W/WindowManager(  481): 	at com.android.server.wm.Session.onTransact(Session.java:125)
W/WindowManager(  481): 	at android.os.Binder.execTransact(Binder.java:404)
W/WindowManager(  481): 	at dalvik.system.NativeStart.run(Native Method)
W/WindowManager(  481): Failed looking up window
W/WindowManager(  481): java.lang.IllegalArgumentException: Requested window android.os.BinderProxy@4aa3a4c0 does not exist
W/WindowManager(  481): 	at com.android.server.wm.WindowManagerService.windowForClientLocked(WindowManagerService.java:8096)
W/WindowManager(  481): 	at com.android.server.wm.WindowManagerService.windowForClientLocked(WindowManagerService.java:8087)
W/WindowManager(  481): 	at com.android.server.wm.WindowManagerService.removeWindow(WindowManagerService.java:2542)
W/WindowManager(  481): 	at com.android.server.wm.Session.remove(Session.java:181)
W/WindowManager(  481): 	at android.view.IWindowSession$Stub.onTransact(IWindowSession.java:197)
W/WindowManager(  481): 	at com.android.server.wm.Session.onTransact(Session.java:125)
W/WindowManager(  481): 	at android.os.Binder.execTransact(Binder.java:404)
W/WindowManager(  481): 	at dalvik.system.NativeStart.run(Native Method)
I/ActivityManager(  481): START u0 {act=android.intent.action.MAIN cat=[android.intent.category.HOME] flg=0x10200000 cmp=com.vphone.launcher/.Launcher} from pid 481
D/dalvikvm(  481): GC_CONCURRENT freed 3646K, 44% free 17745K/31300K, paused 1ms+2ms, total 16ms
D/dalvikvm(  481): WAIT_FOR_CONCURRENT_GC blocked 16ms
I/ActivityManager(  481): START u0 {cmp=com.workoutapps.fatburnworkout/com.cca.fat.burn.workout.DescriptionActivity} from pid 12206
W/ActivityManager(  481): Activity start request from 10059 stopped
W/Launcher(  663): setApplicationContext called twice! old=com.vphone.launcher.LauncherApplicationEx@4a76f5fc new=com.vphone.launcher.LauncherApplicationEx@4a76f5fc
W/ResourceType(  663): Attempt to retrieve bag 0x7f0b0001 which is invalid or in a cycle.
W/ViewRootImpl(12206): Dropping event due to no window focus: MotionEvent { action=ACTION_MOVE, id[0]=0, x[0]=3.0, y[0]=2.0, toolType[0]=TOOL_TYPE_UNKNOWN, buttonState=0, metaState=0, flags=0x0, edgeFlags=0x0, pointerCount=1, historySize=6, eventTime=512637, downTime=-1, deviceId=0, source=0x10004 }
D/Launcher(  663): 11683562 - bindAddScreens()
D/dalvikvm(  663): GC_FOR_ALLOC freed 3593K, 4% free 167908K/173488K, paused 37ms, total 38ms
D/Launcher(  663): 11683562 -   orderedScreenIds: 1
D/Launcher.Workspace(  663): 11683562 - insertNewWorkspaceScreen(): 1 at index: 0
I/chromium(12206): [INFO:simple_index_file.cc(397)] Simple Cache Index is being restored from disk.
W/ContextImpl(  663): Calling a method in the system process without a qualified user: android.app.ContextImpl.startService:1492 android.content.ContextWrapper.startService:494 com.vphone.launcher.Launcher.i:690 com.vphone.launcher.Launcher.b:182 com.vphone.launcher.Launcher$11.run:650 
D/Sensors (  481): Client connection accepted (196)
W/EGL_emulation(  663): eglSurfaceAttrib not implemented 3093 12436
W/ViewRootImpl(  663): Dropping event due to no window focus: MotionEvent { action=ACTION_MOVE, id[0]=0, x[0]=-4.0, y[0]=2.0, toolType[0]=TOOL_TYPE_UNKNOWN, buttonState=0, metaState=0, flags=0x0, edgeFlags=0x0, pointerCount=1, historySize=2, eventTime=512768, downTime=-1, deviceId=0, source=0x10004 }
W/ViewRootImpl(  663): Dropping event due to no window focus: MotionEvent { action=ACTION_DOWN, id[0]=0, x[0]=0.0, y[0]=0.0, toolType[0]=TOOL_TYPE_UNKNOWN, buttonState=0, metaState=0, flags=0x0, edgeFlags=0x0, pointerCount=1, historySize=0, eventTime=512768, downTime=512635, deviceId=0, source=0x10004 }
W/ViewRootImpl(  663): Dropping event due to no window focus: KeyEvent { action=ACTION_DOWN, keyCode=KEYCODE_VOLUME_UP, scanCode=0, metaState=0, flags=0x8, repeatCount=0, eventTime=512769, downTime=512769, deviceId=-1, source=0x101 }
W/ViewRootImpl(  663): Dropping event due to no window focus: MotionEvent { action=ACTION_MOVE, id[0]=0, x[0]=-2.0, y[0]=-3.0, toolType[0]=TOOL_TYPE_UNKNOWN, buttonState=0, metaState=0, flags=0x0, edgeFlags=0x0, pointerCount=1, historySize=9, eventTime=512792, downTime=-1, deviceId=0, source=0x10004 }
W/ViewRootImpl(  663): Dropping event due to no window focus: KeyEvent { action=ACTION_DOWN, keyCode=KEYCODE_DPAD_LEFT, scanCode=0, metaState=0, flags=0x8, repeatCount=0, eventTime=512792, downTime=512792, deviceId=-1, source=0x101 }
W/ContextImpl(  481): Calling a method in the system process without a qualified user: android.app.ContextImpl.sendBroadcast:1123 com.android.server.InputMethodManagerService.hideCurrentInputLocked:1880 com.android.server.InputMethodManagerService.windowGainedFocus:1968 com.android.internal.view.IInputMethodManager$Stub.onTransact:221 com.android.server.InputMethodManagerService.onTransact:818 
W/PropertyValuesHolder(  663): Method setBrightness() with type int not found on target class class ph
W/PropertyValuesHolder(  663): Method getBrightness() with type int not found on target class class ph
W/DebugConnManager(  663): getNetworkInfo() on networkType 1
I/ActivityManager(  481): START u0 {cmp=com.vphone.launcher/.game.GpLoadingActivity (has extras)} from pid 663
I/ActivityManager(  481): START u0 {act=android.intent.action.MAIN cat=[android.intent.category.LAUNCHER] flg=0x10000000 sel={act=android.intent.action.MAIN cat=[android.intent.category.APP_EMAIL]}} from pid 481
I/ActivityManager(  481): START u0 {act=android.intent.action.CALL_BUTTON flg=0x10000000} from pid 663
W/PhoneFallbackEventHandler(  663): No activity found for android.intent.action.CALL_BUTTON.
W/DebugConnManager(  663): getNetworkInfo() on networkType 1
V/FlingTracker(  534): computeCurrentVelocity warning: totalweight=0
V/FlingTracker(  534): java.lang.Throwable
V/FlingTracker(  534): 	at com.android.systemui.statusbar.phone.PanelView$FlingTracker.computeCurrentVelocity(PanelView.java:162)
V/FlingTracker(  534): 	at com.android.systemui.statusbar.phone.PanelView$3.onTouch(PanelView.java:462)
V/FlingTracker(  534): 	at android.view.View.dispatchTouchEvent(View.java:7701)
V/FlingTracker(  534): 	at com.android.systemui.statusbar.phone.NotificationPanelView.onTouchEvent(NotificationPanelView.java:138)
V/FlingTracker(  534): 	at com.android.systemui.statusbar.phone.PanelBar.onTouchEvent(PanelBar.java:130)
V/FlingTracker(  534): 	at com.android.systemui.statusbar.phone.PhoneStatusBarView.onTouchEvent(PhoneStatusBarView.java:201)
V/FlingTracker(  534): 	at android.view.View.dispatchTouchEvent(View.java:7706)
V/FlingTracker(  534): 	at android.view.ViewGroup.dispatchTransformedTouchEvent(ViewGroup.java:2210)
V/FlingTracker(  534): 	at android.view.ViewGroup.dispatchTouchEvent(ViewGroup.java:1945)
V/FlingTracker(  534): 	at android.view.ViewGroup.dispatchTransformedTouchEvent(ViewGroup.java:2216)
V/FlingTracker(  534): 	at android.view.ViewGroup.dispatchTouchEvent(ViewGroup.java:1959)
V/FlingTracker(  534): 	at android.view.View.dispatchPointerEvent(View.java:7886)
V/FlingTracker(  534): 	at android.view.ViewRootImpl$ViewPostImeInputStage.processPointerEvent(ViewRootImpl.java:3978)
V/FlingTracker(  534): 	at android.view.ViewRootImpl$ViewPostImeInputStage.onProcess(ViewRootImpl.java:3857)
V/FlingTracker(  534): 	at android.view.ViewRootImpl$InputStage.deliver(ViewRootImpl.java:3423)
V/FlingTracker(  534): 	at android.view.ViewRootImpl$InputStage.onDeliverToNext(ViewRootImpl.java:3473)
V/FlingTracker(  534): 	at android.view.ViewRootImpl$InputStage.forward(ViewRootImpl.java:3442)
V/FlingTracker(  534): 	at android.view.ViewRootImpl$AsyncInputStage.forward(ViewRootImpl.java:3549)
V/FlingTracker(  534): 	at android.view.ViewRootImpl$InputStage.apply(ViewRootImpl.java:3450)
V/FlingTracker(  534): 	at android.view.ViewRootImpl$AsyncInputStage.apply(ViewRootImpl.java:3606)
V/FlingTracker(  534): 	at android.view.ViewRootImpl$InputStage.deliver(ViewRootImpl.java:3423)
V/FlingTracker(  534): 	at android.view.ViewRootImpl$InputStage.onDeliverToNext(ViewRootImpl.java:3473)
V/FlingTracker(  534): 	at android.view.ViewRootImpl$InputStage.forward(ViewRootImpl.java:3442)
V/FlingTracker(  534): 	at android.view.ViewRootImpl$InputStage.apply(ViewRootImpl.java:3450)
V/FlingTracker(  534): 	at android.view.ViewRootImpl$InputStage.deliver(ViewRootImpl.java:3423)
V/FlingTracker(  534): 	at android.view.ViewRootImpl.deliverInputEvent(ViewRootImpl.java:5626)
V/FlingTracker(  534): 	at android.view.ViewRootImpl.doProcessInputEvents(ViewRootImpl.java:5606)
V/FlingTracker(  534): 	at android.view.ViewRootImpl.enqueueInputEvent(ViewRootImpl.java:5577)
V/FlingTracker(  534): 	at android.view.ViewRootImpl$WindowInputEventReceiver.onInputEvent(ViewRootImpl.java:5706)
V/FlingTracker(  534): 	at android.view.InputEventReceiver.dispatchInputEvent(InputEventReceiver.java:185)
V/FlingTracker(  534): 	at android.os.MessageQueue.nativePollOnce(Native Method)
V/FlingTracker(  534): 	at android.os.MessageQueue.next(MessageQueue.java:138)
V/FlingTracker(  534): 	at android.os.Looper.loop(Looper.java:123)
V/FlingTracker(  534): 	at android.app.ActivityThread.main(ActivityThread.java:5019)
V/FlingTracker(  534): 	at java.lang.reflect.Method.invokeNative(Native Method)
V/FlingTracker(  534): 	at java.lang.reflect.Method.invoke(Method.java:515)
V/FlingTracker(  534): 	at com.android.internal.os.ZygoteInit$MethodAndArgsCaller.run(ZygoteInit.java:779)
V/FlingTracker(  534): 	at com.android.internal.os.ZygoteInit.main(ZygoteInit.java:595)
V/FlingTracker(  534): 	at dalvik.system.NativeStart.main(Native Method)
V/PanelView(  534): animationTick called with dtms=0; nothing to do (h=0.0 v=0.0)
I/ActivityManager(  481): START u0 {cmp=com.vphone.launcher/.game.GpLoadingActivity (has extras)} from pid 663
W/ContextImpl(  663): Calling a method in the system process without a qualified user: android.app.ContextImpl.bindService:1556 android.content.ContextWrapper.bindService:517 com.google.android.gms.common.stats.zzb.zza:-1 com.google.android.gms.common.stats.zzb.zza:-1 com.google.android.gms.ads.identifier.AdvertisingIdClient.zzh:-1 
I/InputDispatcher(  481): Dropped event because of pending overdue app switch.
W/InputManager(  481): Input event injection from pid 12039 failed.
W/WindowManager(  481): updateFocusedWindowLocked, focusedAppToken is null.
W/ViewRootImpl(  534): Dropping event due to no window focus: KeyEvent { action=ACTION_DOWN, keyCode=KEYCODE_DPAD_DOWN, scanCode=0, metaState=0, flags=0x8, repeatCount=0, eventTime=513130, downTime=513130, deviceId=-1, source=0x101 }
W/PropertyValuesHolder(  663): Method setBrightness() with type int not found on target class class ph
W/PropertyValuesHolder(  663): Method getBrightness() with type int not found on target class class ph
W/ViewRootImpl(  534): Dropping event due to no window focus: KeyEvent { action=ACTION_DOWN, keyCode=KEYCODE_DPAD_RIGHT, scanCode=0, metaState=0, flags=0x8, repeatCount=0, eventTime=513150, downTime=513150, deviceId=-1, source=0x101 }
W/ContextImpl(  481): Calling a method in the system process without a qualified user: android.app.ContextImpl.sendBroadcast:1123 com.android.server.InputMethodManagerService.hideCurrentInputLocked:1880 com.android.server.InputMethodManagerService.windowGainedFocus:1968 com.android.internal.view.IInputMethodManager$Stub.onTransact:221 com.android.server.InputMethodManagerService.onTransact:818 
W/DebugConnManager(  663): getNetworkInfo() on networkType 1
W/InputEventReceiver(  534): Attempted to finish an input event but the input event receiver has already been disposed.
W/InputEventReceiver(  534): Attempted to finish an input event but the input event receiver has already been disposed.
W/InputEventReceiver(  534): Attempted to finish an input event but the input event receiver has already been disposed.
W/InputEventReceiver(  534): Attempted to finish an input event but the input event receiver has already been disposed.
W/ViewRootImpl(  534): Dropping event due to root view being removed: MotionEvent { action=ACTION_MOVE, id[0]=0, x[0]=188.7047, y[0]=-39.467285, toolType[0]=TOOL_TYPE_UNKNOWN, buttonState=0, metaState=0, flags=0x0, edgeFlags=0x0, pointerCount=1, historySize=5, eventTime=513179, downTime=513178, deviceId=0, source=0x1002 }
W/ViewRootImpl(  534): Dropping event due to root view being removed: MotionEvent { action=ACTION_UP, id[0]=0, x[0]=189.45415, y[0]=-22.859314, toolType[0]=TOOL_TYPE_UNKNOWN, buttonState=0, metaState=0, flags=0x0, edgeFlags=0x0, pointerCount=1, historySize=0, eventTime=513180, downTime=513178, deviceId=0, source=0x1002 }
W/ViewRootImpl(  534): Dropping event due to root view being removed: MotionEvent { action=ACTION_MOVE, id[0]=0, x[0]=-2.0, y[0]=-5.0, toolType[0]=TOOL_TYPE_UNKNOWN, buttonState=0, metaState=0, flags=0x0, edgeFlags=0x0, pointerCount=1, historySize=19, eventTime=513176, downTime=-1, deviceId=0, source=0x10004 }
I/ActivityManager(  481): START u0 {act=android.intent.action.MAIN cat=[android.intent.category.LAUNCHER] flg=0x10200000 cmp=com.android.camera/.Camera bnds=[431,388][572,618] (has extras)} from pid 663
W/ContextImpl(  663): Calling a method in the system process without a qualified user: android.app.ContextImpl.sendBroadcast:1137 android.content.ContextWrapper.sendBroadcast:370 com.vphone.launcher.Stats.recordLaunch:129 com.vphone.launcher.Launcher.c:3192 com.vphone.launcher.Launcher.onClickAppShortcut:3144 
I/        (  663): {"errNum":0,"message":"SUCCESS"}
W/ContextImpl(  481): Calling a method in the system process without a qualified user: android.app.ContextImpl.sendBroadcast:1123 com.android.server.InputMethodManagerService.hideCurrentInputLocked:1880 com.android.server.InputMethodManagerService.windowGainedFocus:1968 com.android.internal.view.IInputMethodManager$Stub.onTransact:221 com.android.server.InputMethodManagerService.onTransact:818 
W/PropertyValuesHolder(  663): Method setBrightness() with type int not found on target class class ph
W/PropertyValuesHolder(  663): Method getBrightness() with type int not found on target class class ph
W/NetworkManagementSocketTagger(  481): setKernelCountSet(10059, 0) failed with errno -13
I/ActivityManager(  481): START u0 {act=android.intent.action.MAIN cat=[android.intent.category.LAUNCHER] flg=0x10200000 cmp=com.android.browser/.BrowserActivity bnds=[8,388][149,618] (has extras)} from pid 663
W/ContextImpl(  663): Calling a method in the system process without a qualified user: android.app.ContextImpl.sendBroadcast:1137 android.content.ContextWrapper.sendBroadcast:370 com.vphone.launcher.Stats.recordLaunch:129 com.vphone.launcher.Launcher.c:3192 com.vphone.launcher.Launcher.onClickAppShortcut:3144 
I/Ads     (12206): Ad finished loading.
D/dalvikvm(12206): GC_CONCURRENT freed 2475K, 19% free 10873K/13416K, paused 0ms+4ms, total 7ms
D/Sensors (  481): Client connection accepted (186)
I/ActivityManager(  481): START u0 {act=android.intent.action.MAIN cat=[android.intent.category.LAUNCHER] flg=0x10200000 cmp=com.android.browser/.BrowserActivity bnds=[8,388][149,618] (has extras)} from pid 663
W/ContextImpl(  663): Calling a method in the system process without a qualified user: android.app.ContextImpl.sendBroadcast:1137 android.content.ContextWrapper.sendBroadcast:370 com.vphone.launcher.Stats.recordLaunch:129 com.vphone.launcher.Launcher.c:3192 com.vphone.launcher.Launcher.onClickAppShortcut:3144 
I/ActivityManager(  481): START u0 {act=android.intent.action.MAIN cat=[android.intent.category.LAUNCHER] flg=0x10200000 cmp=com.android.browser/.BrowserActivity bnds=[8,388][149,618] (has extras)} from pid 663
W/ContextImpl(  663): Calling a method in the system process without a qualified user: android.app.ContextImpl.sendBroadcast:1137 android.content.ContextWrapper.sendBroadcast:370 com.vphone.launcher.Stats.recordLaunch:129 com.vphone.launcher.Launcher.c:3192 com.vphone.launcher.Launcher.onClickAppShortcut:3144 
W/PropertyValuesHolder(  663): Method setBrightness() with type int not found on target class class ph
W/PropertyValuesHolder(  663): Method getBrightness() with type int not found on target class class ph
I/ActivityManager(  481): START u0 {act=android.intent.action.MAIN cat=[android.intent.category.LAUNCHER] flg=0x10200000 cmp=com.cyanogenmod.filemanager/.activities.NavigationActivity bnds=[149,388][290,618] (has extras)} from pid 663
W/ContextImpl(  663): Calling a method in the system process without a qualified user: android.app.ContextImpl.sendBroadcast:1137 android.content.ContextWrapper.sendBroadcast:370 com.vphone.launcher.Stats.recordLaunch:129 com.vphone.launcher.Launcher.c:3192 com.vphone.launcher.Launcher.onClickAppShortcut:3144 
W/Launcher(  663): No global search activity found.
I/ActivityManager(  481): START u0 {act=android.intent.action.MAIN cat=[android.intent.category.LAUNCHER] flg=0x10200000 cmp=com.workoutapps.fatburnworkout/com.cca.fat.burn.workout.StartActivity} from pid 12039
W/ActivityManager(  481): startActivity called from finishing ActivityRecord{4ab5f460 u0 com.workoutapps.fatburnworkout/com.cca.fat.burn.workout.FoodActivity t118 f}; forcing Intent.FLAG_ACTIVITY_NEW_TASK for: Intent { cmp=com.workoutapps.fatburnworkout/com.cca.fat.burn.workout.DescriptionActivity }
D/yeshen  (  663): launcher onpause
W/NetworkManagementSocketTagger(  481): setKernelCountSet(10059, 1) failed with errno -13
W/InputMethodManagerService(  481): Starting input on non-focused client com.android.internal.view.IInputMethodClient$Stub$Proxy@4a869f88 (uid=1000 pid=663)
D/dalvikvm(12206): GC_FOR_ALLOC freed 584K, 20% free 10800K/13416K, paused 4ms, total 4ms
I/dalvikvm-heap(12206): Grow heap (frag case) to 12.180MB for 1649372-byte allocation
D/dalvikvm(12206): GC_FOR_ALLOC freed <1K, 18% free 12411K/15028K, paused 6ms, total 6ms
D/DynamitePackage(12206): Instantiating com.google.android.gms.ads.ChimeraAdManagerCreatorImpl
I/Ads     (12206): Starting ad request.
I/Ads     (12206): Use AdRequest.Builder.addTestDevice("DADDEACD506FD4BD02989AD39CCF21B7") to get test ads on this device.
W/Ads     (12206): Not retrying to fetch app settings
D/DynamitePackage(12206): Instantiating com.google.android.gms.ads.ChimeraAdManagerCreatorImpl
I/Ads     (12206): Starting ad request.
I/Ads     (12206): Use AdRequest.Builder.addTestDevice("DADDEACD506FD4BD02989AD39CCF21B7") to get test ads on this device.
W/Ads     (12206): Not retrying to fetch app settings
V/List    (12206): variable from main: 8
V/List    (12206): variable from List: 3
W/Ads     (  719): App does not have the required permissions to get location
W/Ads     (  719): App does not have the required permissions to get location
W/Herrevad(  719): [846] sjl.a: On wifi, but couldn't get security type
W/DebugConnManager(  719): getNetworkInfo() on networkType 0
I/ActivityManager(  481): START u0 {act=android.intent.action.MAIN cat=[android.intent.category.LAUNCHER] flg=0x10200000 cmp=com.workoutapps.fatburnworkout/com.cca.fat.burn.workout.StartActivity} from pid 12039
W/EGL_emulation(12206): eglSurfaceAttrib not implemented 3093 12436
I/Ads     (12206): Ad finished loading.
I/Ads     (12206): Scheduling ad refresh 70000 milliseconds from now.
I/dalvikvm(12206): Could not find method android.os.PowerManager.isInteractive, referenced from method com.google.android.gms.ads.internal.activeview.c.g
W/dalvikvm(12206): VFY: unable to resolve virtual method 2559: Landroid/os/PowerManager;.isInteractive ()Z
D/dalvikvm(12206): VFY: replacing opcode 0x6e at 0x0008
I/Ads     (12206): Ad finished loading.
I/Ads     (12206): Scheduling ad refresh 70000 milliseconds from now.
I/Ads     (12206): Ad finished loading.
I/Ads     (12206): Scheduling ad refresh 70000 milliseconds from now.
I/Ads     (12206): Ad finished loading.
W/ViewRootImpl(12206): Dropping event due to no window focus: MotionEvent { action=ACTION_MOVE, id[0]=0, x[0]=-5.0, y[0]=-3.0, toolType[0]=TOOL_TYPE_UNKNOWN, buttonState=0, metaState=0, flags=0x0, edgeFlags=0x0, pointerCount=1, historySize=9, eventTime=513723, downTime=-1, deviceId=0, source=0x10004 }
W/ViewRootImpl(12206): Dropping event due to no window focus: KeyEvent { action=ACTION_DOWN, keyCode=KEYCODE_GUIDE, scanCode=0, metaState=0, flags=0x8, repeatCount=0, eventTime=513723, downTime=513723, deviceId=-1, source=0x101 }
I/qtaguid (  719): Tagging socket 215 with tag 3000010500000000(805306629) for uid -1 failed errno=-13
I/NetworkManagementSocketTagger(  719): tagSocketFd(215, 805306629, -1) failed with errno-13
I/qtaguid (  719): Tagging socket 211 with tag 3000010500000000(805306629) for uid -1 failed errno=-13
I/NetworkManagementSocketTagger(  719): tagSocketFd(211, 805306629, -1) failed with errno-13
W/ContextImpl(  481): Calling a method in the system process without a qualified user: android.app.ContextImpl.sendBroadcast:1123 com.android.server.InputMethodManagerService.hideCurrentInputLocked:1880 com.android.server.InputMethodManagerService.windowGainedFocus:1968 com.android.internal.view.IInputMethodManager$Stub.onTransact:221 com.android.server.InputMethodManagerService.onTransact:818 
W/UnimplementedWebViewApi(12206): Unimplemented WebView method onKeyDown called from: android.webkit.WebView.onKeyDown(WebView.java:2169)
I/ActivityManager(  481): Displayed com.workoutapps.fatburnworkout/com.cca.fat.burn.workout.DescriptionActivity: +217ms
W/UnimplementedWebViewApi(12206): Unimplemented WebView method onKeyDown called from: android.webkit.WebView.onKeyDown(WebView.java:2169)
W/UnimplementedWebViewApi(12206): Unimplemented WebView method onKeyDown called from: android.webkit.WebView.onKeyDown(WebView.java:2169)
W/UnimplementedWebViewApi(12206): Unimplemented WebView method onKeyDown called from: android.webkit.WebView.onKeyDown(WebView.java:2169)
W/UnimplementedWebViewApi(12206): Unimplemented WebView method onKeyDown called from: android.webkit.WebView.onKeyDown(WebView.java:2169)
W/UnimplementedWebViewApi(12206): Unimplemented WebView method onKeyDown called from: android.webkit.WebView.onKeyDown(WebView.java:2169)
W/UnimplementedWebViewApi(12206): Unimplemented WebView method onKeyDown called from: android.webkit.WebView.onKeyDown(WebView.java:2169)
W/UnimplementedWebViewApi(12206): Unimplemented WebView method onKeyDown called from: android.webkit.WebView.onKeyDown(WebView.java:2169)
W/UnimplementedWebViewApi(12206): Unimplemented WebView method onKeyDown called from: android.webkit.WebView.onKeyDown(WebView.java:2169)
I/qtaguid (  719): Untagging socket 215 failed errno=-13
W/NetworkManagementSocketTagger(  719): untagSocket(215) failed with errno -13
W/Ads     (  719): Received error HTTP response code: 400
W/Ads     (12206): There was a problem getting an ad response. ErrorCode: 0
W/Ads     (12206): Failed to load ad: 0
W/UnimplementedWebViewApi(12206): Unimplemented WebView method onKeyDown called from: android.webkit.WebView.onKeyDown(WebView.java:2169)
W/UnimplementedWebViewApi(12206): Unimplemented WebView method onKeyDown called from: android.webkit.WebView.onKeyDown(WebView.java:2169)
W/UnimplementedWebViewApi(12206): Unimplemented WebView method onKeyDown called from: android.webkit.WebView.onKeyDown(WebView.java:2169)
W/UnimplementedWebViewApi(12206): Unimplemented WebView method onKeyDown called from: android.webkit.WebView.onKeyDown(WebView.java:2169)
E/chromium(12206): [ERROR:cache_creator.cc(115)] Unable to create cache
E/chromium(12206): [ERROR:appcache_storage_impl.cc(1803)] Failed to open the appcache diskcache.
W/UnimplementedWebViewApi(12206): Unimplemented WebView method onKeyDown called from: android.webkit.WebView.onKeyDown(WebView.java:2169)
W/UnimplementedWebViewApi(12206): Unimplemented WebView method onKeyMultiple called from: android.webkit.WebView.onKeyMultiple(WebView.java:2179)
W/UnimplementedWebViewApi(12206): Unimplemented WebView method onKeyDown called from: android.webkit.WebView.onKeyDown(WebView.java:2169)
W/UnimplementedWebViewApi(12206): Unimplemented WebView method onKeyDown called from: android.webkit.WebView.onKeyDown(WebView.java:2169)
W/ViewRootImpl(12206): Dropping event due to no window focus: MotionEvent { action=ACTION_MOVE, id[0]=0, x[0]=3.0, y[0]=4.0, toolType[0]=TOOL_TYPE_UNKNOWN, buttonState=0, metaState=0, flags=0x0, edgeFlags=0x0, pointerCount=1, historySize=4, eventTime=513943, downTime=-1, deviceId=0, source=0x10004 }
W/EGL_emulation(12206): eglSurfaceAttrib not implemented 3093 12436
W/ViewRootImpl(12206): Dropping event due to no window focus: KeyEvent { action=ACTION_DOWN, keyCode=KEYCODE_3, scanCode=0, metaState=0, flags=0x8, repeatCount=0, eventTime=513944, downTime=513944, deviceId=-1, source=0x101 }
W/InputEventReceiver(12206): Attempted to finish an input event but the input event receiver has already been disposed.
W/InputEventReceiver(12206): Attempted to finish an input event but the input event receiver has already been disposed.
W/InputEventReceiver(12206): Attempted to finish an input event but the input event receiver has already been disposed.
I/ActivityManager(  481): START u0 {act=android.intent.action.MAIN cat=[android.intent.category.LAUNCHER] flg=0x10200000 cmp=com.workoutapps.fatburnworkout/com.cca.fat.burn.workout.StartActivity} from pid 12039
W/ViewRootImpl(12206): Dropping event due to root view being removed: MotionEvent { action=ACTION_DOWN, id[0]=0, x[0]=691.0, y[0]=-109.0, toolType[0]=TOOL_TYPE_UNKNOWN, buttonState=0, metaState=0, flags=0x0, edgeFlags=0x0, pointerCount=1, historySize=0, eventTime=513981, downTime=513981, deviceId=0, source=0x1002 }
W/ViewRootImpl(12206): Dropping event due to root view being removed: MotionEvent { action=ACTION_UP, id[0]=0, x[0]=697.6979, y[0]=-104.11304, toolType[0]=TOOL_TYPE_UNKNOWN, buttonState=0, metaState=0, flags=0x0, edgeFlags=0x0, pointerCount=1, historySize=0, eventTime=513981, downTime=513981, deviceId=0, source=0x1002 }
W/ViewRootImpl(12206): Dropping event due to no window focus: KeyEvent { action=ACTION_DOWN, keyCode=KEYCODE_DPAD_UP, scanCode=0, metaState=0, flags=0x8, repeatCount=0, eventTime=513985, downTime=513985, deviceId=-1, source=0x101 }
