W/ViewRootImpl( 8081): Dropping event due to no window focus: KeyEvent { action=ACTION_DOWN, keyCode=KEYCODE_DPAD_CENTER, scanCode=0, metaState=0, flags=0x8, repeatCount=0, eventTime=326937, downTime=326937, deviceId=-1, source=0x101 }
W/InputMethodManagerService(  481): Window already focused, ignoring focus gain of: com.android.internal.view.IInputMethodClient$Stub$Proxy@4ae41ab0 attribute=null, token = android.os.BinderProxy@4a97cf30
W/EGL_emulation( 8081): eglSurfaceAttrib not implemented 3093 12436
W/ViewRootImpl( 8081): Dropping event due to no window focus: KeyEvent { action=ACTION_DOWN, keyCode=KEYCODE_DPAD_DOWN, scanCode=0, metaState=0, flags=0x8, repeatCount=0, eventTime=326939, downTime=326939, deviceId=-1, source=0x101 }
W/ContextImpl(  481): Calling a method in the system process without a qualified user: android.app.ContextImpl.sendBroadcast:1123 com.android.server.InputMethodManagerService.hideCurrentInputLocked:1880 com.android.server.InputMethodManagerService.hideSoftInput:1843 com.android.internal.view.IInputMethodManager$Stub.onTransact:194 com.android.server.InputMethodManagerService.onTransact:818 
W/InputMethodManagerService(  481): Window already focused, ignoring focus gain of: com.android.internal.view.IInputMethodClient$Stub$Proxy@4ae7c9b4 attribute=null, token = android.os.BinderProxy@4a97cf30
W/UnimplementedWebViewApi( 8081): Unimplemented WebView method onKeyDown called from: android.webkit.WebView.onKeyDown(WebView.java:2169)
W/ViewRootImpl( 8081): Dropping event due to no window focus: KeyEvent { action=ACTION_DOWN, keyCode=KEYCODE_DPAD_LEFT, scanCode=0, metaState=0, flags=0x8, repeatCount=0, eventTime=326993, downTime=326993, deviceId=-1, source=0x101 }
W/ViewRootImpl( 8081): Dropping event due to no window focus: KeyEvent { action=ACTION_DOWN, keyCode=KEYCODE_MENU, scanCode=0, metaState=0, flags=0x8, repeatCount=0, eventTime=326995, downTime=326995, deviceId=-1, source=0x101 }
W/ViewRootImpl( 8081): Dropping event due to no window focus: KeyEvent { action=ACTION_DOWN, keyCode=KEYCODE_DPAD_DOWN, scanCode=0, metaState=0, flags=0x8, repeatCount=0, eventTime=326996, downTime=326996, deviceId=-1, source=0x101 }
W/ViewRootImpl( 8081): Dropping event due to no window focus: KeyEvent { action=ACTION_DOWN, keyCode=KEYCODE_DPAD_DOWN, scanCode=0, metaState=0, flags=0x8, repeatCount=0, eventTime=326997, downTime=326997, deviceId=-1, source=0x101 }
W/EGL_emulation( 8081): eglSurfaceAttrib not implemented 3093 12436
I/System.out( 8081): body:<com.medco.medcopharmacy.MobileWebActivity$1: android.webkit.WebResourceResponse shouldInterceptRequest(android.webkit.WebView,java.lang.String)>	sig:specialinvoke $r4.<java.net.URL: void <init>(java.lang.String)>($r2)	timediff:0
I/System.out( 8081): <com.medco.medcopharmacy.MobileWebActivity$1: android.webkit.WebResourceResponse shouldInterceptRequest(android.webkit.WebView,java.lang.String)>###specialinvoke $r4.<java.net.URL: void <init>(java.lang.String)>($r2)###https://www.express-scripts.com/favicon.ico
I/System.out( 8081): body:<com.medco.medcopharmacy.MobileWebActivity$1: android.webkit.WebResourceResponse shouldInterceptRequest(android.webkit.WebView,java.lang.String)>	sig:$r2 = virtualinvoke $r4.<java.net.URL: java.lang.String getPath()>()	timediff:0
W/InputEventReceiver( 8081): Attempted to finish an input event but the input event receiver has already been disposed.
W/InputEventReceiver( 8081): Attempted to finish an input event but the input event receiver has already been disposed.
W/InputEventReceiver( 8081): Attempted to finish an input event but the input event receiver has already been disposed.
W/InputEventReceiver( 8081): Attempted to finish an input event but the input event receiver has already been disposed.
W/InputEventReceiver( 8081): Attempted to finish an input event but the input event receiver has already been disposed.
W/SurfaceFlinger(  166): FB is protected: PERMISSION_DENIED
I/ActivityManager(  481): START u0 {act=android.intent.action.MAIN cat=[android.intent.category.HOME] flg=0x10200000 cmp=com.vphone.launcher/.Launcher} from pid 481
W/ViewRootImpl( 8081): Dropping event due to root view being removed: MotionEvent { action=ACTION_DOWN, id[0]=0, x[0]=79.0, y[0]=-830.0, toolType[0]=TOOL_TYPE_UNKNOWN, buttonState=0, metaState=0, flags=0x0, edgeFlags=0x0, pointerCount=1, historySize=0, eventTime=327029, downTime=327029, deviceId=0, source=0x1002 }
W/ViewRootImpl( 8081): Dropping event due to root view being removed: MotionEvent { action=ACTION_UP, id[0]=0, x[0]=82.08267, y[0]=-831.26294, toolType[0]=TOOL_TYPE_UNKNOWN, buttonState=0, metaState=0, flags=0x0, edgeFlags=0x0, pointerCount=1, historySize=0, eventTime=327029, downTime=327029, deviceId=0, source=0x1002 }
W/ViewRootImpl( 8081): Dropping event due to root view being removed: MotionEvent { action=ACTION_DOWN, id[0]=0, x[0]=-238.0, y[0]=-813.0, toolType[0]=TOOL_TYPE_UNKNOWN, buttonState=0, metaState=0, flags=0x0, edgeFlags=0x0, pointerCount=1, historySize=0, eventTime=327029, downTime=327029, deviceId=0, source=0x1002 }
W/ViewRootImpl( 8081): Dropping event due to root view being removed: MotionEvent { action=ACTION_UP, id[0]=0, x[0]=-236.90732, y[0]=-810.92017, toolType[0]=TOOL_TYPE_UNKNOWN, buttonState=0, metaState=0, flags=0x0, edgeFlags=0x0, pointerCount=1, historySize=0, eventTime=327029, downTime=327029, deviceId=0, source=0x1002 }
W/ViewRootImpl( 8081): Dropping event due to no window focus: KeyEvent { action=ACTION_DOWN, keyCode=KEYCODE_DPAD_DOWN, scanCode=0, metaState=0, flags=0x8, repeatCount=0, eventTime=327036, downTime=327036, deviceId=-1, source=0x101 }
W/WindowManager(  481): Screenshot failure taking screenshot for (437x246) to layer 21025
W/ViewRootImpl( 8081): Dropping event due to no window focus: KeyEvent { action=ACTION_DOWN, keyCode=KEYCODE_DPAD_LEFT, scanCode=0, metaState=0, flags=0x8, repeatCount=0, eventTime=327039, downTime=327039, deviceId=-1, source=0x101 }
W/InputMethodManagerService(  481): Window already focused, ignoring focus gain of: com.android.internal.view.IInputMethodClient$Stub$Proxy@4ac5a0f8 attribute=null, token = android.os.BinderProxy@4a97cf30
W/EGL_emulation( 8081): eglSurfaceAttrib not implemented 3093 12436
I/ActivityManager(  481): START u0 {act=android.intent.action.CALL_BUTTON flg=0x10000000} from pid 8081
W/PhoneFallbackEventHandler( 8081): No activity found for android.intent.action.CALL_BUTTON.
W/ViewRootImpl( 8081): Dropping event due to no window focus: KeyEvent { action=ACTION_DOWN, keyCode=KEYCODE_DPAD_CENTER, scanCode=0, metaState=0, flags=0x8, repeatCount=0, eventTime=327125, downTime=327125, deviceId=-1, source=0x101 }
W/InputMethodManagerService(  481): Window already focused, ignoring focus gain of: com.android.internal.view.IInputMethodClient$Stub$Proxy@4b0f785c attribute=null, token = android.os.BinderProxy@4a97cf30
W/UnimplementedWebViewApi( 8081): Unimplemented WebView method onKeyMultiple called from: android.webkit.WebView.onKeyMultiple(WebView.java:2179)
W/UnimplementedWebViewApi( 8081): Unimplemented WebView method onKeyDown called from: android.webkit.WebView.onKeyDown(WebView.java:2169)
W/UnimplementedWebViewApi( 8081): Unimplemented WebView method onKeyDown called from: android.webkit.WebView.onKeyDown(WebView.java:2169)
W/ViewRootImpl( 8081): Dropping event due to no window focus: KeyEvent { action=ACTION_DOWN, keyCode=KEYCODE_MENU, scanCode=0, metaState=0, flags=0x8, repeatCount=0, eventTime=327156, downTime=327156, deviceId=-1, source=0x101 }
W/ViewRootImpl( 8081): Dropping event due to no window focus: KeyEvent { action=ACTION_DOWN, keyCode=KEYCODE_DPAD_LEFT, scanCode=0, metaState=0, flags=0x8, repeatCount=0, eventTime=327159, downTime=327159, deviceId=-1, source=0x101 }
W/ViewRootImpl( 8081): Dropping event due to no window focus: KeyEvent { action=ACTION_DOWN, keyCode=KEYCODE_DPAD_UP, scanCode=0, metaState=0, flags=0x8, repeatCount=0, eventTime=327159, downTime=327159, deviceId=-1, source=0x101 }
W/ViewRootImpl( 8081): Dropping event due to no window focus: KeyEvent { action=ACTION_DOWN, keyCode=KEYCODE_DPAD_RIGHT, scanCode=0, metaState=0, flags=0x8, repeatCount=0, eventTime=327160, downTime=327160, deviceId=-1, source=0x101 }
W/ViewRootImpl( 8081): Dropping event due to no window focus: MotionEvent { action=ACTION_MOVE, id[0]=0, x[0]=1.0, y[0]=-4.0, toolType[0]=TOOL_TYPE_UNKNOWN, buttonState=0, metaState=0, flags=0x0, edgeFlags=0x0, pointerCount=1, historySize=2, eventTime=327161, downTime=-1, deviceId=0, source=0x10004 }
W/EGL_emulation( 8081): eglSurfaceAttrib not implemented 3093 12436
W/InputManager(  481): Input event injection from pid 8071 failed.
W/InputManager(  481): Input event injection from pid 8071 failed.
W/UnimplementedWebViewApi( 8081): Unimplemented WebView method onKeyDown called from: android.webkit.WebView.onKeyDown(WebView.java:2169)
W/InputMethodManagerService(  481): Window already focused, ignoring focus gain of: com.android.internal.view.IInputMethodClient$Stub$Proxy@4af5a1c4 attribute=null, token = android.os.BinderProxy@4a97cf30
I/ActivityManager(  481): START u0 {act=android.intent.action.MAIN cat=[android.intent.category.LAUNCHER] flg=0x10000000 cmp=com.android.contacts/.activities.PeopleActivity sel={act=android.intent.action.MAIN cat=[android.intent.category.APP_CONTACTS]}} from pid 481
W/ViewRootImpl( 8081): Dropping event due to no window focus: KeyEvent { action=ACTION_DOWN, keyCode=KEYCODE_MENU, scanCode=0, metaState=0, flags=0x8, repeatCount=0, eventTime=327193, downTime=327193, deviceId=-1, source=0x101 }
W/ViewRootImpl( 8081): Dropping event due to no window focus: KeyEvent { action=ACTION_DOWN, keyCode=KEYCODE_DPAD_UP, scanCode=0, metaState=0, flags=0x8, repeatCount=0, eventTime=327195, downTime=327195, deviceId=-1, source=0x101 }
I/ActivityManager(  481): START u0 {act=android.intent.action.MAIN cat=[android.intent.category.LAUNCHER] flg=0x10000000 cmp=com.android.contacts/.activities.PeopleActivity sel={act=android.intent.action.MAIN cat=[android.intent.category.APP_CONTACTS]}} from pid 481
W/ViewRootImpl( 8081): Dropping event due to no window focus: KeyEvent { action=ACTION_DOWN, keyCode=KEYCODE_DPAD_CENTER, scanCode=0, metaState=0, flags=0x8, repeatCount=0, eventTime=327197, downTime=327197, deviceId=-1, source=0x101 }
W/ViewRootImpl( 8081): Dropping event due to no window focus: KeyEvent { action=ACTION_DOWN, keyCode=KEYCODE_MEDIA_EJECT, scanCode=0, metaState=0, flags=0x8, repeatCount=0, eventTime=327199, downTime=327199, deviceId=-1, source=0x101 }
W/EGL_emulation( 8081): eglSurfaceAttrib not implemented 3093 12436
W/InputMethodManagerService(  481): Window already focused, ignoring focus gain of: com.android.internal.view.IInputMethodClient$Stub$Proxy@4af45424 attribute=null, token = android.os.BinderProxy@4a97cf30
W/UnimplementedWebViewApi( 8081): Unimplemented WebView method onKeyMultiple called from: android.webkit.WebView.onKeyMultiple(WebView.java:2179)
W/UnimplementedWebViewApi( 8081): Unimplemented WebView method onKeyDown called from: android.webkit.WebView.onKeyDown(WebView.java:2169)
I/ActivityManager(  481): START u0 {act=android.intent.action.MAIN cat=[android.intent.category.LAUNCHER] flg=0x10200000 cmp=com.medco.medcopharmacy/.DummyActivity} from pid 8071
I/SnapScrollController( 8081): setSnapScrollingMode case-default no-op
I/SnapScrollController( 8081): setSnapScrollingMode case-default no-op
I/System.out( 8081): body:<com.medco.medcopharmacy.MobileWebActivity$1: android.webkit.WebResourceResponse shouldInterceptRequest(android.webkit.WebView,java.lang.String)>	sig:specialinvoke $r4.<java.net.URL: void <init>(java.lang.String)>($r2)	timediff:0
I/System.out( 8081): <com.medco.medcopharmacy.MobileWebActivity$1: android.webkit.WebResourceResponse shouldInterceptRequest(android.webkit.WebView,java.lang.String)>###specialinvoke $r4.<java.net.URL: void <init>(java.lang.String)>($r2)###https://www.express-scripts.com/static/memberMobile/3.12/?platform=A#/?loggedout=true
I/System.out( 8081): body:<com.medco.medcopharmacy.MobileWebActivity$1: android.webkit.WebResourceResponse shouldInterceptRequest(android.webkit.WebView,java.lang.String)>	sig:$r2 = virtualinvoke $r4.<java.net.URL: java.lang.String getPath()>()	timediff:0
W/UnimplementedWebViewApi( 8081): Unimplemented WebView method onKeyMultiple called from: android.webkit.WebView.onKeyMultiple(WebView.java:2179)
W/UnimplementedWebViewApi( 8081): Unimplemented WebView method onKeyDown called from: android.webkit.WebView.onKeyDown(WebView.java:2169)
W/UnimplementedWebViewApi( 8081): Unimplemented WebView method onKeyDown called from: android.webkit.WebView.onKeyDown(WebView.java:2169)
I/System.out( 8081): body:<com.medco.medcopharmacy.MobileWebActivity$1: android.webkit.WebResourceResponse shouldInterceptRequest(android.webkit.WebView,java.lang.String)>	sig:specialinvoke $r4.<java.net.URL: void <init>(java.lang.String)>($r2)	timediff:0
I/System.out( 8081): <com.medco.medcopharmacy.MobileWebActivity$1: android.webkit.WebResourceResponse shouldInterceptRequest(android.webkit.WebView,java.lang.String)>###specialinvoke $r4.<java.net.URL: void <init>(java.lang.String)>($r2)###https://www.express-scripts.com/static/memberMobile/3.12/images/bgpic.jpg
I/System.out( 8081): body:<com.medco.medcopharmacy.MobileWebActivity$1: android.webkit.WebResourceResponse shouldInterceptRequest(android.webkit.WebView,java.lang.String)>	sig:$r2 = virtualinvoke $r4.<java.net.URL: java.lang.String getPath()>()	timediff:0
I/System.out( 8081): body:<com.medco.medcopharmacy.MobileWebActivity$1: android.webkit.WebResourceResponse shouldInterceptRequest(android.webkit.WebView,java.lang.String)>	sig:specialinvoke $r4.<java.net.URL: void <init>(java.lang.String)>($r2)	timediff:0
I/System.out( 8081): <com.medco.medcopharmacy.MobileWebActivity$1: android.webkit.WebResourceResponse shouldInterceptRequest(android.webkit.WebView,java.lang.String)>###specialinvoke $r4.<java.net.URL: void <init>(java.lang.String)>($r2)###https://www.express-scripts.com/static/framework/2.2/js/sofea.min.js
I/System.out( 8081): body:<com.medco.medcopharmacy.MobileWebActivity$1: android.webkit.WebResourceResponse shouldInterceptRequest(android.webkit.WebView,java.lang.String)>	sig:$r2 = virtualinvoke $r4.<java.net.URL: java.lang.String getPath()>()	timediff:0
W/ViewRootImpl( 8081): Dropping event due to no window focus: KeyEvent { action=ACTION_DOWN, keyCode=KEYCODE_DPAD_DOWN, scanCode=0, metaState=0, flags=0x8, repeatCount=0, eventTime=327324, downTime=327324, deviceId=-1, source=0x101 }
W/ViewRootImpl( 8081): Dropping event due to no window focus: KeyEvent { action=ACTION_DOWN, keyCode=KEYCODE_DPAD_LEFT, scanCode=0, metaState=0, flags=0x8, repeatCount=0, eventTime=327327, downTime=327327, deviceId=-1, source=0x101 }
I/System.out( 8081): body:<com.medco.medcopharmacy.MobileWebActivity$1: android.webkit.WebResourceResponse shouldInterceptRequest(android.webkit.WebView,java.lang.String)>	sig:specialinvoke $r4.<java.net.URL: void <init>(java.lang.String)>($r2)	timediff:0
I/System.out( 8081): <com.medco.medcopharmacy.MobileWebActivity$1: android.webkit.WebResourceResponse shouldInterceptRequest(android.webkit.WebView,java.lang.String)>###specialinvoke $r4.<java.net.URL: void <init>(java.lang.String)>($r2)###https://www.express-scripts.com/static/memberMobile/3.12/js/bootstrap.js
I/System.out( 8081): body:<com.medco.medcopharmacy.MobileWebActivity$1: android.webkit.WebResourceResponse shouldInterceptRequest(android.webkit.WebView,java.lang.String)>	sig:$r2 = virtualinvoke $r4.<java.net.URL: java.lang.String getPath()>()	timediff:0
W/ViewRootImpl( 8081): Dropping event due to no window focus: MotionEvent { action=ACTION_MOVE, id[0]=0, x[0]=1.0, y[0]=-2.0, toolType[0]=TOOL_TYPE_UNKNOWN, buttonState=0, metaState=0, flags=0x0, edgeFlags=0x0, pointerCount=1, historySize=3, eventTime=327328, downTime=-1, deviceId=0, source=0x10004 }
W/EGL_emulation( 8081): eglSurfaceAttrib not implemented 3093 12436
W/InputMethodManagerService(  481): Window already focused, ignoring focus gain of: com.android.internal.view.IInputMethodClient$Stub$Proxy@4b09e6b4 attribute=null, token = android.os.BinderProxy@4a97cf30
I/ActivityManager(  481): START u0 {act=android.intent.action.MAIN cat=[android.intent.category.LAUNCHER] flg=0x10200000 cmp=com.medco.medcopharmacy/.DummyActivity} from pid 8071
I/System.out( 8081): body:<com.medco.medcopharmacy.MobileWebActivity$1: android.webkit.WebResourceResponse shouldInterceptRequest(android.webkit.WebView,java.lang.String)>	sig:specialinvoke $r4.<java.net.URL: void <init>(java.lang.String)>($r2)	timediff:0
I/System.out( 8081): <com.medco.medcopharmacy.MobileWebActivity$1: android.webkit.WebResourceResponse shouldInterceptRequest(android.webkit.WebView,java.lang.String)>###specialinvoke $r4.<java.net.URL: void <init>(java.lang.String)>($r2)###https://www.express-scripts.com/favicon.ico
I/System.out( 8081): body:<com.medco.medcopharmacy.MobileWebActivity$1: android.webkit.WebResourceResponse shouldInterceptRequest(android.webkit.WebView,java.lang.String)>	sig:$r2 = virtualinvoke $r4.<java.net.URL: java.lang.String getPath()>()	timediff:0
I/System.out( 8081): body:<com.medco.medcopharmacy.MobileWebActivity$1: android.webkit.WebResourceResponse shouldInterceptRequest(android.webkit.WebView,java.lang.String)>	sig:specialinvoke $r4.<java.net.URL: void <init>(java.lang.String)>($r2)	timediff:0
I/System.out( 8081): <com.medco.medcopharmacy.MobileWebActivity$1: android.webkit.WebResourceResponse shouldInterceptRequest(android.webkit.WebView,java.lang.String)>###specialinvoke $r4.<java.net.URL: void <init>(java.lang.String)>($r2)###https://www.express-scripts.com/static/memberMobile/3.12/js/component/RoleProvider.js
I/System.out( 8081): body:<com.medco.medcopharmacy.MobileWebActivity$1: android.webkit.WebResourceResponse shouldInterceptRequest(android.webkit.WebView,java.lang.String)>	sig:$r2 = virtualinvoke $r4.<java.net.URL: java.lang.String getPath()>()	timediff:0
I/System.out( 8081): body:<com.medco.medcopharmacy.MobileWebActivity$1: android.webkit.WebResourceResponse shouldInterceptRequest(android.webkit.WebView,java.lang.String)>	sig:specialinvoke $r4.<java.net.URL: void <init>(java.lang.String)>($r2)	timediff:0
I/System.out( 8081): <com.medco.medcopharmacy.MobileWebActivity$1: android.webkit.WebResourceResponse shouldInterceptRequest(android.webkit.WebView,java.lang.String)>###specialinvoke $r4.<java.net.URL: void <init>(java.lang.String)>($r2)###https://www.express-scripts.com/static/memberMobile/3.12/js/layout/memberMobile.js
I/System.out( 8081): body:<com.medco.medcopharmacy.MobileWebActivity$1: android.webkit.WebResourceResponse shouldInterceptRequest(android.webkit.WebView,java.lang.String)>	sig:$r2 = virtualinvoke $r4.<java.net.URL: java.lang.String getPath()>()	timediff:0
I/System.out( 8081): body:<com.medco.medcopharmacy.MobileWebActivity$1: android.webkit.WebResourceResponse shouldInterceptRequest(android.webkit.WebView,java.lang.String)>	sig:specialinvoke $r4.<java.net.URL: void <init>(java.lang.String)>($r2)	timediff:0
I/System.out( 8081): <com.medco.medcopharmacy.MobileWebActivity$1: android.webkit.WebResourceResponse shouldInterceptRequest(android.webkit.WebView,java.lang.String)>###specialinvoke $r4.<java.net.URL: void <init>(java.lang.String)>($r2)###https://www.express-scripts.com/static/memberMobile/3.12/js/controller/auth.js
I/System.out( 8081): body:<com.medco.medcopharmacy.MobileWebActivity$1: android.webkit.WebResourceResponse shouldInterceptRequest(android.webkit.WebView,java.lang.String)>	sig:$r2 = virtualinvoke $r4.<java.net.URL: java.lang.String getPath()>()	timediff:0
I/System.out( 8081): body:<com.medco.medcopharmacy.MobileWebActivity$1: android.webkit.WebResourceResponse shouldInterceptRequest(android.webkit.WebView,java.lang.String)>	sig:specialinvoke $r4.<java.net.URL: void <init>(java.lang.String)>($r2)	timediff:0
I/System.out( 8081): <com.medco.medcopharmacy.MobileWebActivity$1: android.webkit.WebResourceResponse shouldInterceptRequest(android.webkit.WebView,java.lang.String)>###specialinvoke $r4.<java.net.URL: void <init>(java.lang.String)>($r2)###https://www.express-scripts.com/static/memberMobile/3.12/js/model/auth.js
I/System.out( 8081): body:<com.medco.medcopharmacy.MobileWebActivity$1: android.webkit.WebResourceResponse shouldInterceptRequest(android.webkit.WebView,java.lang.String)>	sig:$r2 = virtualinvoke $r4.<java.net.URL: java.lang.String getPath()>()	timediff:0
I/System.out( 8081): body:<com.medco.medcopharmacy.MobileWebActivity$1: android.webkit.WebResourceResponse shouldInterceptRequest(android.webkit.WebView,java.lang.String)>	sig:specialinvoke $r4.<java.net.URL: void <init>(java.lang.String)>($r2)	timediff:0
I/System.out( 8081): <com.medco.medcopharmacy.MobileWebActivity$1: android.webkit.WebResourceResponse shouldInterceptRequest(android.webkit.WebView,java.lang.String)>###specialinvoke $r4.<java.net.URL: void <init>(java.lang.String)>($r2)###https://www.express-scripts.com/static/memberMobile/3.12/view/en-us/auth.js
I/System.out( 8081): body:<com.medco.medcopharmacy.MobileWebActivity$1: android.webkit.WebResourceResponse shouldInterceptRequest(android.webkit.WebView,java.lang.String)>	sig:$r2 = virtualinvoke $r4.<java.net.URL: java.lang.String getPath()>()	timediff:0
I/System.out( 8081): body:<com.medco.medcopharmacy.MobileWebActivity$1: android.webkit.WebResourceResponse shouldInterceptRequest(android.webkit.WebView,java.lang.String)>	sig:specialinvoke $r4.<java.net.URL: void <init>(java.lang.String)>($r2)	timediff:0
I/System.out( 8081): <com.medco.medcopharmacy.MobileWebActivity$1: android.webkit.WebResourceResponse shouldInterceptRequest(android.webkit.WebView,java.lang.String)>###specialinvoke $r4.<java.net.URL: void <init>(java.lang.String)>($r2)###https://www.express-scripts.com/static/memberMobile/3.12/js/component/nativeInterface.js
I/System.out( 8081): body:<com.medco.medcopharmacy.MobileWebActivity$1: android.webkit.WebResourceResponse shouldInterceptRequest(android.webkit.WebView,java.lang.String)>	sig:$r2 = virtualinvoke $r4.<java.net.URL: java.lang.String getPath()>()	timediff:0
I/System.out( 8081): body:<com.medco.medcopharmacy.MobileWebActivity$1: android.webkit.WebResourceResponse shouldInterceptRequest(android.webkit.WebView,java.lang.String)>	sig:specialinvoke $r4.<java.net.URL: void <init>(java.lang.String)>($r2)	timediff:0
I/System.out( 8081): <com.medco.medcopharmacy.MobileWebActivity$1: android.webkit.WebResourceResponse shouldInterceptRequest(android.webkit.WebView,java.lang.String)>###specialinvoke $r4.<java.net.URL: void <init>(java.lang.String)>($r2)###https://www.express-scripts.com/static/memberMobile/3.12/js/component/Timeout.js
I/System.out( 8081): body:<com.medco.medcopharmacy.MobileWebActivity$1: android.webkit.WebResourceResponse shouldInterceptRequest(android.webkit.WebView,java.lang.String)>	sig:$r2 = virtualinvoke $r4.<java.net.URL: java.lang.String getPath()>()	timediff:0
I/System.out( 8081): body:<com.medco.medcopharmacy.MobileWebActivity$1: android.webkit.WebResourceResponse shouldInterceptRequest(android.webkit.WebView,java.lang.String)>	sig:specialinvoke $r4.<java.net.URL: void <init>(java.lang.String)>($r2)	timediff:0
I/System.out( 8081): <com.medco.medcopharmacy.MobileWebActivity$1: android.webkit.WebResourceResponse shouldInterceptRequest(android.webkit.WebView,java.lang.String)>###specialinvoke $r4.<java.net.URL: void <init>(java.lang.String)>($r2)###https://www.express-scripts.com/static/memberMobile/3.12/js/component/mobileLinkHandler.js
I/System.out( 8081): body:<com.medco.medcopharmacy.MobileWebActivity$1: android.webkit.WebResourceResponse shouldInterceptRequest(android.webkit.WebView,java.lang.String)>	sig:$r2 = virtualinvoke $r4.<java.net.URL: java.lang.String getPath()>()	timediff:0
I/System.out( 8081): body:<com.medco.medcopharmacy.MobileWebActivity$1: android.webkit.WebResourceResponse shouldInterceptRequest(android.webkit.WebView,java.lang.String)>	sig:specialinvoke $r4.<java.net.URL: void <init>(java.lang.String)>($r2)	timediff:0
I/System.out( 8081): <com.medco.medcopharmacy.MobileWebActivity$1: android.webkit.WebResourceResponse shouldInterceptRequest(android.webkit.WebView,java.lang.String)>###specialinvoke $r4.<java.net.URL: void <init>(java.lang.String)>($r2)###https://www.express-scripts.com/static/memberMobile/3.12/js/utils/DisplayUtils.js
I/System.out( 8081): body:<com.medco.medcopharmacy.MobileWebActivity$1: android.webkit.WebResourceResponse shouldInterceptRequest(android.webkit.WebView,java.lang.String)>	sig:$r2 = virtualinvoke $r4.<java.net.URL: java.lang.String getPath()>()	timediff:0
I/System.out( 8081): body:<com.medco.medcopharmacy.MobileWebActivity$1: android.webkit.WebResourceResponse shouldInterceptRequest(android.webkit.WebView,java.lang.String)>	sig:specialinvoke $r4.<java.net.URL: void <init>(java.lang.String)>($r2)	timediff:0
I/System.out( 8081): <com.medco.medcopharmacy.MobileWebActivity$1: android.webkit.WebResourceResponse shouldInterceptRequest(android.webkit.WebView,java.lang.String)>###specialinvoke $r4.<java.net.URL: void <init>(java.lang.String)>($r2)###https://www.express-scripts.com/static/memberMobile/3.12/js/model/memberMobile.js
I/System.out( 8081): body:<com.medco.medcopharmacy.MobileWebActivity$1: android.webkit.WebResourceResponse shouldInterceptRequest(android.webkit.WebView,java.lang.String)>	sig:$r2 = virtualinvoke $r4.<java.net.URL: java.lang.String getPath()>()	timediff:0
I/System.out( 8081): body:<com.medco.medcopharmacy.MobileWebActivity$1: android.webkit.WebResourceResponse shouldInterceptRequest(android.webkit.WebView,java.lang.String)>	sig:specialinvoke $r4.<java.net.URL: void <init>(java.lang.String)>($r2)	timediff:0
I/System.out( 8081): <com.medco.medcopharmacy.MobileWebActivity$1: android.webkit.WebResourceResponse shouldInterceptRequest(android.webkit.WebView,java.lang.String)>###specialinvoke $r4.<java.net.URL: void <init>(java.lang.String)>($r2)###https://www.express-scripts.com/static/memberMobile/3.12/lib/bowser.min.js
I/System.out( 8081): body:<com.medco.medcopharmacy.MobileWebActivity$1: android.webkit.WebResourceResponse shouldInterceptRequest(android.webkit.WebView,java.lang.String)>	sig:$r2 = virtualinvoke $r4.<java.net.URL: java.lang.String getPath()>()	timediff:0
I/System.out( 8081): body:<com.medco.medcopharmacy.MobileWebActivity$1: android.webkit.WebResourceResponse shouldInterceptRequest(android.webkit.WebView,java.lang.String)>	sig:specialinvoke $r4.<java.net.URL: void <init>(java.lang.String)>($r2)	timediff:0
I/System.out( 8081): <com.medco.medcopharmacy.MobileWebActivity$1: android.webkit.WebResourceResponse shouldInterceptRequest(android.webkit.WebView,java.lang.String)>###specialinvoke $r4.<java.net.URL: void <init>(java.lang.String)>($r2)###https://www.express-scripts.com/static/memberMobile/3.12/js/utils/LoadUtils.js
I/System.out( 8081): body:<com.medco.medcopharmacy.MobileWebActivity$1: android.webkit.WebResourceResponse shouldInterceptRequest(android.webkit.WebView,java.lang.String)>	sig:$r2 = virtualinvoke $r4.<java.net.URL: java.lang.String getPath()>()	timediff:0
D/dalvikvm( 8081): GC_CONCURRENT freed 2661K, 35% free 5123K/7784K, paused 0ms+1ms, total 9ms
I/System.out( 8081): body:<com.medco.medcopharmacy.MobileWebActivity$1: android.webkit.WebResourceResponse shouldInterceptRequest(android.webkit.WebView,java.lang.String)>	sig:specialinvoke $r4.<java.net.URL: void <init>(java.lang.String)>($r2)	timediff:0
I/System.out( 8081): <com.medco.medcopharmacy.MobileWebActivity$1: android.webkit.WebResourceResponse shouldInterceptRequest(android.webkit.WebView,java.lang.String)>###specialinvoke $r4.<java.net.URL: void <init>(java.lang.String)>($r2)###https://www.express-scripts.com/static/memberMobile/3.12/js/utils/PlatformUtils.js
I/System.out( 8081): body:<com.medco.medcopharmacy.MobileWebActivity$1: android.webkit.WebResourceResponse shouldInterceptRequest(android.webkit.WebView,java.lang.String)>	sig:$r2 = virtualinvoke $r4.<java.net.URL: java.lang.String getPath()>()	timediff:0
I/System.out( 8081): body:<com.medco.medcopharmacy.MobileWebActivity$1: android.webkit.WebResourceResponse shouldInterceptRequest(android.webkit.WebView,java.lang.String)>	sig:specialinvoke $r4.<java.net.URL: void <init>(java.lang.String)>($r2)	timediff:0
I/System.out( 8081): <com.medco.medcopharmacy.MobileWebActivity$1: android.webkit.WebResourceResponse shouldInterceptRequest(android.webkit.WebView,java.lang.String)>###specialinvoke $r4.<java.net.URL: void <init>(java.lang.String)>($r2)###https://www.express-scripts.com/static/memberMobile/3.12/js/utils/SimpleAnimator.js
I/System.out( 8081): body:<com.medco.medcopharmacy.MobileWebActivity$1: android.webkit.WebResourceResponse shouldInterceptRequest(android.webkit.WebView,java.lang.String)>	sig:$r2 = virtualinvoke $r4.<java.net.URL: java.lang.String getPath()>()	timediff:0
I/System.out( 8081): body:<com.medco.medcopharmacy.MobileWebActivity$1: android.webkit.WebResourceResponse shouldInterceptRequest(android.webkit.WebView,java.lang.String)>	sig:specialinvoke $r4.<java.net.URL: void <init>(java.lang.String)>($r2)	timediff:0
I/System.out( 8081): <com.medco.medcopharmacy.MobileWebActivity$1: android.webkit.WebResourceResponse shouldInterceptRequest(android.webkit.WebView,java.lang.String)>###specialinvoke $r4.<java.net.URL: void <init>(java.lang.String)>($r2)###https://www.express-scripts.com/static/memberMobile/3.12/js/utils/StringUtils.js
I/System.out( 8081): body:<com.medco.medcopharmacy.MobileWebActivity$1: android.webkit.WebResourceResponse shouldInterceptRequest(android.webkit.WebView,java.lang.String)>	sig:$r2 = virtualinvoke $r4.<java.net.URL: java.lang.String getPath()>()	timediff:0
I/System.out( 8081): body:<com.medco.medcopharmacy.MobileWebActivity$1: android.webkit.WebResourceResponse shouldInterceptRequest(android.webkit.WebView,java.lang.String)>	sig:specialinvoke $r4.<java.net.URL: void <init>(java.lang.String)>($r2)	timediff:0
I/System.out( 8081): <com.medco.medcopharmacy.MobileWebActivity$1: android.webkit.WebResourceResponse shouldInterceptRequest(android.webkit.WebView,java.lang.String)>###specialinvoke $r4.<java.net.URL: void <init>(java.lang.String)>($r2)###https://www.express-scripts.com/static/memberMobile/3.12/js/constants/Events.js
I/System.out( 8081): body:<com.medco.medcopharmacy.MobileWebActivity$1: android.webkit.WebResourceResponse shouldInterceptRequest(android.webkit.WebView,java.lang.String)>	sig:$r2 = virtualinvoke $r4.<java.net.URL: java.lang.String getPath()>()	timediff:0
I/System.out( 8081): body:<com.medco.medcopharmacy.MobileWebActivity$1: android.webkit.WebResourceResponse shouldInterceptRequest(android.webkit.WebView,java.lang.String)>	sig:specialinvoke $r4.<java.net.URL: void <init>(java.lang.String)>($r2)	timediff:0
I/System.out( 8081): <com.medco.medcopharmacy.MobileWebActivity$1: android.webkit.WebResourceResponse shouldInterceptRequest(android.webkit.WebView,java.lang.String)>###specialinvoke $r4.<java.net.URL: void <init>(java.lang.String)>($r2)###https://www.express-scripts.com/static/memberMobile/3.12/js/commands/FixPerDeviceCommand.js
I/System.out( 8081): body:<com.medco.medcopharmacy.MobileWebActivity$1: android.webkit.WebResourceResponse shouldInterceptRequest(android.webkit.WebView,java.lang.String)>	sig:$r2 = virtualinvoke $r4.<java.net.URL: java.lang.String getPath()>()	timediff:0
I/System.out( 8081): body:<com.medco.medcopharmacy.MobileWebActivity$1: android.webkit.WebResourceResponse shouldInterceptRequest(android.webkit.WebView,java.lang.String)>	sig:specialinvoke $r4.<java.net.URL: void <init>(java.lang.String)>($r2)	timediff:0
I/System.out( 8081): <com.medco.medcopharmacy.MobileWebActivity$1: android.webkit.WebResourceResponse shouldInterceptRequest(android.webkit.WebView,java.lang.String)>###specialinvoke $r4.<java.net.URL: void <init>(java.lang.String)>($r2)###https://www.express-scripts.com/static/consumer/2.21/lib/jquery.simplemodal.1.4.4.min.js
I/System.out( 8081): body:<com.medco.medcopharmacy.MobileWebActivity$1: android.webkit.WebResourceResponse shouldInterceptRequest(android.webkit.WebView,java.lang.String)>	sig:$r2 = virtualinvoke $r4.<java.net.URL: java.lang.String getPath()>()	timediff:0
I/System.out( 8081): body:<com.medco.medcopharmacy.MobileWebActivity$1: android.webkit.WebResourceResponse shouldInterceptRequest(android.webkit.WebView,java.lang.String)>	sig:specialinvoke $r4.<java.net.URL: void <init>(java.lang.String)>($r2)	timediff:0
I/System.out( 8081): <com.medco.medcopharmacy.MobileWebActivity$1: android.webkit.WebResourceResponse shouldInterceptRequest(android.webkit.WebView,java.lang.String)>###specialinvoke $r4.<java.net.URL: void <init>(java.lang.String)>($r2)###https://www.express-scripts.com/static/memberMobile/3.12/js/component/Modal.js
I/System.out( 8081): body:<com.medco.medcopharmacy.MobileWebActivity$1: android.webkit.WebResourceResponse shouldInterceptRequest(android.webkit.WebView,java.lang.String)>	sig:$r2 = virtualinvoke $r4.<java.net.URL: java.lang.String getPath()>()	timediff:0
I/System.out( 8081): body:<com.medco.medcopharmacy.MobileWebActivity$1: android.webkit.WebResourceResponse shouldInterceptRequest(android.webkit.WebView,java.lang.String)>	sig:specialinvoke $r4.<java.net.URL: void <init>(java.lang.String)>($r2)	timediff:0
I/System.out( 8081): <com.medco.medcopharmacy.MobileWebActivity$1: android.webkit.WebResourceResponse shouldInterceptRequest(android.webkit.WebView,java.lang.String)>###specialinvoke $r4.<java.net.URL: void <init>(java.lang.String)>($r2)###https://www.express-scripts.com/static/memberMobile/3.12/view/en-us/layout.js
I/System.out( 8081): body:<com.medco.medcopharmacy.MobileWebActivity$1: android.webkit.WebResourceResponse shouldInterceptRequest(android.webkit.WebView,java.lang.String)>	sig:$r2 = virtualinvoke $r4.<java.net.URL: java.lang.String getPath()>()	timediff:0
I/System.out( 8081): body:<com.medco.medcopharmacy.MobileWebActivity$1: android.webkit.WebResourceResponse shouldInterceptRequest(android.webkit.WebView,java.lang.String)>	sig:specialinvoke $r4.<java.net.URL: void <init>(java.lang.String)>($r2)	timediff:0
I/System.out( 8081): <com.medco.medcopharmacy.MobileWebActivity$1: android.webkit.WebResourceResponse shouldInterceptRequest(android.webkit.WebView,java.lang.String)>###specialinvoke $r4.<java.net.URL: void <init>(java.lang.String)>($r2)###https://www.express-scripts.com/static/memberMobile/3.12/view/en-us/slideOut.js
I/System.out( 8081): body:<com.medco.medcopharmacy.MobileWebActivity$1: android.webkit.WebResourceResponse shouldInterceptRequest(android.webkit.WebView,java.lang.String)>	sig:$r2 = virtualinvoke $r4.<java.net.URL: java.lang.String getPath()>()	timediff:0
I/System.out( 8081): body:<com.medco.medcopharmacy.MobileWebActivity$1: android.webkit.WebResourceResponse shouldInterceptRequest(android.webkit.WebView,java.lang.String)>	sig:specialinvoke $r4.<java.net.URL: void <init>(java.lang.String)>($r2)	timediff:0
I/System.out( 8081): <com.medco.medcopharmacy.MobileWebActivity$1: android.webkit.WebResourceResponse shouldInterceptRequest(android.webkit.WebView,java.lang.String)>###specialinvoke $r4.<java.net.URL: void <init>(java.lang.String)>($r2)###https://www.express-scripts.com/static/memberMobile/3.12/view/en-us/modal.js
I/System.out( 8081): body:<com.medco.medcopharmacy.MobileWebActivity$1: android.webkit.WebResourceResponse shouldInterceptRequest(android.webkit.WebView,java.lang.String)>	sig:$r2 = virtualinvoke $r4.<java.net.URL: java.lang.String getPath()>()	timediff:0
I/System.out( 8081): body:<com.medco.medcopharmacy.MobileWebActivity$1: android.webkit.WebResourceResponse shouldInterceptRequest(android.webkit.WebView,java.lang.String)>	sig:specialinvoke $r4.<java.net.URL: void <init>(java.lang.String)>($r2)	timediff:0
I/System.out( 8081): <com.medco.medcopharmacy.MobileWebActivity$1: android.webkit.WebResourceResponse shouldInterceptRequest(android.webkit.WebView,java.lang.String)>###specialinvoke $r4.<java.net.URL: void <init>(java.lang.String)>($r2)###https://www.express-scripts.com/static/memberMobile/3.12/js/component/PortalUtils.js
I/System.out( 8081): body:<com.medco.medcopharmacy.MobileWebActivity$1: android.webkit.WebResourceResponse shouldInterceptRequest(android.webkit.WebView,java.lang.String)>	sig:$r2 = virtualinvoke $r4.<java.net.URL: java.lang.String getPath()>()	timediff:0
I/System.out( 8081): body:<com.medco.medcopharmacy.MobileWebActivity$1: android.webkit.WebResourceResponse shouldInterceptRequest(android.webkit.WebView,java.lang.String)>	sig:specialinvoke $r4.<java.net.URL: void <init>(java.lang.String)>($r2)	timediff:0
I/System.out( 8081): <com.medco.medcopharmacy.MobileWebActivity$1: android.webkit.WebResourceResponse shouldInterceptRequest(android.webkit.WebView,java.lang.String)>###specialinvoke $r4.<java.net.URL: void <init>(java.lang.String)>($r2)###https://www.express-scripts.com/static/memberMobile/3.12/js/component/AppBanner.js
I/System.out( 8081): body:<com.medco.medcopharmacy.MobileWebActivity$1: android.webkit.WebResourceResponse shouldInterceptRequest(android.webkit.WebView,java.lang.String)>	sig:$r2 = virtualinvoke $r4.<java.net.URL: java.lang.String getPath()>()	timediff:0
I/System.out( 8081): body:<com.medco.medcopharmacy.MobileWebActivity$1: android.webkit.WebResourceResponse shouldInterceptRequest(android.webkit.WebView,java.lang.String)>	sig:specialinvoke $r4.<java.net.URL: void <init>(java.lang.String)>($r2)	timediff:0
I/System.out( 8081): <com.medco.medcopharmacy.MobileWebActivity$1: android.webkit.WebResourceResponse shouldInterceptRequest(android.webkit.WebView,java.lang.String)>###specialinvoke $r4.<java.net.URL: void <init>(java.lang.String)>($r2)###https://www.express-scripts.com/static/memberMobile/3.12/js/component/Menu.js
I/System.out( 8081): body:<com.medco.medcopharmacy.MobileWebActivity$1: android.webkit.WebResourceResponse shouldInterceptRequest(android.webkit.WebView,java.lang.String)>	sig:$r2 = virtualinvoke $r4.<java.net.URL: java.lang.String getPath()>()	timediff:0
I/System.out( 8081): body:<com.medco.medcopharmacy.MobileWebActivity$1: android.webkit.WebResourceResponse shouldInterceptRequest(android.webkit.WebView,java.lang.String)>	sig:specialinvoke $r4.<java.net.URL: void <init>(java.lang.String)>($r2)	timediff:0
I/System.out( 8081): <com.medco.medcopharmacy.MobileWebActivity$1: android.webkit.WebResourceResponse shouldInterceptRequest(android.webkit.WebView,java.lang.String)>###specialinvoke $r4.<java.net.URL: void <init>(java.lang.String)>($r2)###https://www.express-scripts.com/static/memberMobile/3.12/js/utils/LoginDelegate.js
I/System.out( 8081): body:<com.medco.medcopharmacy.MobileWebActivity$1: android.webkit.WebResourceResponse shouldInterceptRequest(android.webkit.WebView,java.lang.String)>	sig:$r2 = virtualinvoke $r4.<java.net.URL: java.lang.String getPath()>()	timediff:0
I/System.out( 8081): body:<com.medco.medcopharmacy.MobileWebActivity$1: android.webkit.WebResourceResponse shouldInterceptRequest(android.webkit.WebView,java.lang.String)>	sig:specialinvoke $r4.<java.net.URL: void <init>(java.lang.String)>($r2)	timediff:0
I/System.out( 8081): <com.medco.medcopharmacy.MobileWebActivity$1: android.webkit.WebResourceResponse shouldInterceptRequest(android.webkit.WebView,java.lang.String)>###specialinvoke $r4.<java.net.URL: void <init>(java.lang.String)>($r2)###https://www.express-scripts.com/static/accountInfoMobile/3.11/js/model/getAccountInfo.js
I/System.out( 8081): body:<com.medco.medcopharmacy.MobileWebActivity$1: android.webkit.WebResourceResponse shouldInterceptRequest(android.webkit.WebView,java.lang.String)>	sig:$r2 = virtualinvoke $r4.<java.net.URL: java.lang.String getPath()>()	timediff:0
I/System.out( 8081): body:<com.medco.medcopharmacy.MobileWebActivity$1: android.webkit.WebResourceResponse shouldInterceptRequest(android.webkit.WebView,java.lang.String)>	sig:specialinvoke $r4.<java.net.URL: void <init>(java.lang.String)>($r2)	timediff:0
I/System.out( 8081): <com.medco.medcopharmacy.MobileWebActivity$1: android.webkit.WebResourceResponse shouldInterceptRequest(android.webkit.WebView,java.lang.String)>###specialinvoke $r4.<java.net.URL: void <init>(java.lang.String)>($r2)###https://www.express-scripts.com/static/memberMobile/3.12/view/en-us/errors.js
I/System.out( 8081): body:<com.medco.medcopharmacy.MobileWebActivity$1: android.webkit.WebResourceResponse shouldInterceptRequest(android.webkit.WebView,java.lang.String)>	sig:$r2 = virtualinvoke $r4.<java.net.URL: java.lang.String getPath()>()	timediff:0
I/System.out( 8081): body:<com.medco.medcopharmacy.MobileWebActivity$1: android.webkit.WebResourceResponse shouldInterceptRequest(android.webkit.WebView,java.lang.String)>	sig:specialinvoke $r4.<java.net.URL: void <init>(java.lang.String)>($r2)	timediff:0
I/System.out( 8081): <com.medco.medcopharmacy.MobileWebActivity$1: android.webkit.WebResourceResponse shouldInterceptRequest(android.webkit.WebView,java.lang.String)>###specialinvoke $r4.<java.net.URL: void <init>(java.lang.String)>($r2)###https://www.express-scripts.com/static/memberMobile/3.12/js/model/XmlModel.js
I/System.out( 8081): body:<com.medco.medcopharmacy.MobileWebActivity$1: android.webkit.WebResourceResponse shouldInterceptRequest(android.webkit.WebView,java.lang.String)>	sig:$r2 = virtualinvoke $r4.<java.net.URL: java.lang.String getPath()>()	timediff:0
I/System.out( 8081): body:<com.medco.medcopharmacy.MobileWebActivity$1: android.webkit.WebResourceResponse shouldInterceptRequest(android.webkit.WebView,java.lang.String)>	sig:specialinvoke $r4.<java.net.URL: void <init>(java.lang.String)>($r2)	timediff:0
I/System.out( 8081): <com.medco.medcopharmacy.MobileWebActivity$1: android.webkit.WebResourceResponse shouldInterceptRequest(android.webkit.WebView,java.lang.String)>###specialinvoke $r4.<java.net.URL: void <init>(java.lang.String)>($r2)###https://www.express-scripts.com/static/memberMobile/3.12/view/en-us/url.js
I/System.out( 8081): body:<com.medco.medcopharmacy.MobileWebActivity$1: android.webkit.WebResourceResponse shouldInterceptRequest(android.webkit.WebView,java.lang.String)>	sig:$r2 = virtualinvoke $r4.<java.net.URL: java.lang.String getPath()>()	timediff:0
I/System.out( 8081): body:<com.medco.medcopharmacy.MobileWebActivity$1: android.webkit.WebResourceResponse shouldInterceptRequest(android.webkit.WebView,java.lang.String)>	sig:specialinvoke $r4.<java.net.URL: void <init>(java.lang.String)>($r2)	timediff:0
I/System.out( 8081): <com.medco.medcopharmacy.MobileWebActivity$1: android.webkit.WebResourceResponse shouldInterceptRequest(android.webkit.WebView,java.lang.String)>###specialinvoke $r4.<java.net.URL: void <init>(java.lang.String)>($r2)###https://www.express-scripts.com/static/memberMobile/3.12/js/model/memberBenefits.js
I/System.out( 8081): body:<com.medco.medcopharmacy.MobileWebActivity$1: android.webkit.WebResourceResponse shouldInterceptRequest(android.webkit.WebView,java.lang.String)>	sig:$r2 = virtualinvoke $r4.<java.net.URL: java.lang.String getPath()>()	timediff:0
I/System.out( 8081): body:<com.medco.medcopharmacy.MobileWebActivity$1: android.webkit.WebResourceResponse shouldInterceptRequest(android.webkit.WebView,java.lang.String)>	sig:specialinvoke $r4.<java.net.URL: void <init>(java.lang.String)>($r2)	timediff:0
I/System.out( 8081): <com.medco.medcopharmacy.MobileWebActivity$1: android.webkit.WebResourceResponse shouldInterceptRequest(android.webkit.WebView,java.lang.String)>###specialinvoke $r4.<java.net.URL: void <init>(java.lang.String)>($r2)###https://www.express-scripts.com/static/memberMobile/3.12/js/model/MemberMobileProfile.js
I/System.out( 8081): body:<com.medco.medcopharmacy.MobileWebActivity$1: android.webkit.WebResourceResponse shouldInterceptRequest(android.webkit.WebView,java.lang.String)>	sig:$r2 = virtualinvoke $r4.<java.net.URL: java.lang.String getPath()>()	timediff:0
I/System.out( 8081): body:<com.medco.medcopharmacy.MobileWebActivity$1: android.webkit.WebResourceResponse shouldInterceptRequest(android.webkit.WebView,java.lang.String)>	sig:specialinvoke $r4.<java.net.URL: void <init>(java.lang.String)>($r2)	timediff:0
I/System.out( 8081): <com.medco.medcopharmacy.MobileWebActivity$1: android.webkit.WebResourceResponse shouldInterceptRequest(android.webkit.WebView,java.lang.String)>###specialinvoke $r4.<java.net.URL: void <init>(java.lang.String)>($r2)###https://www.express-scripts.com/static/auth/2.4/js/controller/auth.js
I/System.out( 8081): body:<com.medco.medcopharmacy.MobileWebActivity$1: android.webkit.WebResourceResponse shouldInterceptRequest(android.webkit.WebView,java.lang.String)>	sig:$r2 = virtualinvoke $r4.<java.net.URL: java.lang.String getPath()>()	timediff:0
I/System.out( 8081): body:<com.medco.medcopharmacy.MobileWebActivity$1: android.webkit.WebResourceResponse shouldInterceptRequest(android.webkit.WebView,java.lang.String)>	sig:specialinvoke $r4.<java.net.URL: void <init>(java.lang.String)>($r2)	timediff:0
I/System.out( 8081): <com.medco.medcopharmacy.MobileWebActivity$1: android.webkit.WebResourceResponse shouldInterceptRequest(android.webkit.WebView,java.lang.String)>###specialinvoke $r4.<java.net.URL: void <init>(java.lang.String)>($r2)###https://www.express-scripts.com/static/components/1.0/js/component/validator.js
I/System.out( 8081): body:<com.medco.medcopharmacy.MobileWebActivity$1: android.webkit.WebResourceResponse shouldInterceptRequest(android.webkit.WebView,java.lang.String)>	sig:$r2 = virtualinvoke $r4.<java.net.URL: java.lang.String getPath()>()	timediff:0
I/System.out( 8081): body:<com.medco.medcopharmacy.MobileWebActivity$1: android.webkit.WebResourceResponse shouldInterceptRequest(android.webkit.WebView,java.lang.String)>	sig:specialinvoke $r4.<java.net.URL: void <init>(java.lang.String)>($r2)	timediff:0
I/System.out( 8081): <com.medco.medcopharmacy.MobileWebActivity$1: android.webkit.WebResourceResponse shouldInterceptRequest(android.webkit.WebView,java.lang.String)>###specialinvoke $r4.<java.net.URL: void <init>(java.lang.String)>($r2)###https://www.express-scripts.com/static/memberMobile/3.12/js/component/ErrorHandler.js
I/System.out( 8081): body:<com.medco.medcopharmacy.MobileWebActivity$1: android.webkit.WebResourceResponse shouldInterceptRequest(android.webkit.WebView,java.lang.String)>	sig:$r2 = virtualinvoke $r4.<java.net.URL: java.lang.String getPath()>()	timediff:0
I/System.out( 8081): body:<com.medco.medcopharmacy.MobileWebActivity$1: android.webkit.WebResourceResponse shouldInterceptRequest(android.webkit.WebView,java.lang.String)>	sig:specialinvoke $r4.<java.net.URL: void <init>(java.lang.String)>($r2)	timediff:0
I/System.out( 8081): <com.medco.medcopharmacy.MobileWebActivity$1: android.webkit.WebResourceResponse shouldInterceptRequest(android.webkit.WebView,java.lang.String)>###specialinvoke $r4.<java.net.URL: void <init>(java.lang.String)>($r2)###https://www.express-scripts.com/static/memberMobile/3.12/js/component/LoginCheck.js
I/System.out( 8081): body:<com.medco.medcopharmacy.MobileWebActivity$1: android.webkit.WebResourceResponse shouldInterceptRequest(android.webkit.WebView,java.lang.String)>	sig:$r2 = virtualinvoke $r4.<java.net.URL: java.lang.String getPath()>()	timediff:0
I/System.out( 8081): body:<com.medco.medcopharmacy.MobileWebActivity$1: android.webkit.WebResourceResponse shouldInterceptRequest(android.webkit.WebView,java.lang.String)>	sig:specialinvoke $r4.<java.net.URL: void <init>(java.lang.String)>($r2)	timediff:0
I/System.out( 8081): <com.medco.medcopharmacy.MobileWebActivity$1: android.webkit.WebResourceResponse shouldInterceptRequest(android.webkit.WebView,java.lang.String)>###specialinvoke $r4.<java.net.URL: void <init>(java.lang.String)>($r2)###https://www.express-scripts.com/static/memberMobile/3.12/view/en-us/index.js
I/System.out( 8081): body:<com.medco.medcopharmacy.MobileWebActivity$1: android.webkit.WebResourceResponse shouldInterceptRequest(android.webkit.WebView,java.lang.String)>	sig:$r2 = virtualinvoke $r4.<java.net.URL: java.lang.String getPath()>()	timediff:0
I/System.out( 8081): body:<com.medco.medcopharmacy.MobileWebActivity$1: android.webkit.WebResourceResponse shouldInterceptRequest(android.webkit.WebView,java.lang.String)>	sig:specialinvoke $r4.<java.net.URL: void <init>(java.lang.String)>($r2)	timediff:0
I/System.out( 8081): <com.medco.medcopharmacy.MobileWebActivity$1: android.webkit.WebResourceResponse shouldInterceptRequest(android.webkit.WebView,java.lang.String)>###specialinvoke $r4.<java.net.URL: void <init>(java.lang.String)>($r2)###https://www.express-scripts.com/static/components/1.0/view/en-us/modal.js
I/System.out( 8081): body:<com.medco.medcopharmacy.MobileWebActivity$1: android.webkit.WebResourceResponse shouldInterceptRequest(android.webkit.WebView,java.lang.String)>	sig:$r2 = virtualinvoke $r4.<java.net.URL: java.lang.String getPath()>()	timediff:0
I/System.out( 8081): body:<com.medco.medcopharmacy.MobileWebActivity$1: android.webkit.WebResourceResponse shouldInterceptRequest(android.webkit.WebView,java.lang.String)>	sig:specialinvoke $r4.<java.net.URL: void <init>(java.lang.String)>($r2)	timediff:0
I/System.out( 8081): <com.medco.medcopharmacy.MobileWebActivity$1: android.webkit.WebResourceResponse shouldInterceptRequest(android.webkit.WebView,java.lang.String)>###specialinvoke $r4.<java.net.URL: void <init>(java.lang.String)>($r2)###https://www.express-scripts.com/static/components/1.0/view/en-us/validator.js
I/System.out( 8081): body:<com.medco.medcopharmacy.MobileWebActivity$1: android.webkit.WebResourceResponse shouldInterceptRequest(android.webkit.WebView,java.lang.String)>	sig:$r2 = virtualinvoke $r4.<java.net.URL: java.lang.String getPath()>()	timediff:0
