--------- beginning of /dev/log/main
D/dalvikvm(  719): GC_FOR_ALLOC freed 959K, 22% free 7333K/9292K, paused 17ms, total 17ms
I/Icing   (  719): IndexChimeraService.getServiceInterface callingPackage=com.google.android.gms componentName=AppsCorpus serviceId=32
I/Icing   (  719): IndexChimeraService.getServiceInterface callingPackage=com.google.android.gms componentName=AppsCorpus serviceId=36
I/qtaguid (  719): Untagging socket 135 failed errno=-13
W/NetworkManagementSocketTagger(  719): untagSocket(135) failed with errno -13
--------- beginning of /dev/log/system
I/ActivityManager(  481): Delay finish: com.android.gallery3d/.app.PackagesMonitor
I/PeopleContactsSync(  719): triggerPendingContactsCleanup: no accounts
I/PeopleDatabaseHelper(  719): cleanUpNonGplusAccounts done.
I/ActivityManager(  481): Resuming delayed broadcast
D/dalvikvm( 1107): GC_CONCURRENT freed 475K, 15% free 3333K/3908K, paused 1ms+0ms, total 4ms
I/ActivityManager(  481): Start proc com.svox.pico for broadcast com.svox.pico/.VoiceDataInstallerReceiver: pid=1561 uid=10028 gids={50028, 1028, 1015, 1023}
I/iu.UploadsManager(  719): #reloadSettings(); account: -1; IU: disabled; IS: disabled; IS account: -1; photoWiFi: true; videoWiFi: true; roam: false; battery: true; size: STANDARD; maxMobile: 157286400
I/dalvikvm( 1561): ignoring registerObject request in thread=1
I/dalvikvm( 1561): ignoring registerObject request in thread=1
D/dalvikvm( 1107): GC_FOR_ALLOC freed 117K, 16% free 3298K/3912K, paused 8ms, total 8ms
I/iu.UploadsManager(  719): End new media; added: 0, uploading: 0, time: 33 ms
I/ActivityManager(  481): Delay finish: com.google.android.gms/.gcm.nts.SchedulerReceiver
I/Finsky  ( 1009): [1] com.google.android.finsky.wear.WearSupportService.onStartCommand(21): Starting WearSupportService for auto_install
I/Finsky  ( 1009): [1] com.google.android.finsky.wear.ar.a(80): Connecting to wearable; initiated by: com.google.android.finsky.wear.WearSupportService
I/Finsky  ( 1009): [1] com.google.android.finsky.wear.WearSupportService.onStartCommand(21): Starting WearSupportService for send_installed_apps
E/dalvikvm(  719): Could not find class 'android.app.usage.UsageStatsManager', referenced from method tqd.a
W/dalvikvm(  719): VFY: unable to resolve check-cast 5092 (Landroid/app/usage/UsageStatsManager;) in Ltqd;
D/dalvikvm(  719): VFY: replacing opcode 0x1f at 0x007f
I/Icing   (  719): Usage reports ok 0, Failed Usage reports 0, indexed 0, rejected 0, imm upload false
D/dalvikvm( 1009): GC_CONCURRENT freed 369K, 10% free 4680K/5180K, paused 1ms+0ms, total 4ms
I/Icing   (  719): Usage reports ok 0, Failed Usage reports 0, indexed 0, rejected 0, imm upload false
W/WearableService(  624): onGetService - Wear is not available on this device.
I/Icing   (  719): Indexing done F4FAA6262FE39DDD50BAE6B7AF5CDB8D73BA0DB0
E/Finsky  ( 1009): [1] com.google.android.finsky.wear.au.a(3): onConnectionFailed: ConnectionResult{statusCode=API_UNAVAILABLE, resolution=null, message=null}
W/Finsky  ( 1009): [1] com.google.android.finsky.wear.cd.run(12): Dropping command=auto_install due to Gms not connected
I/Finsky  ( 1009): [1] com.google.android.finsky.wear.WearSupportService.b(67): Stopping WearSupportService
I/ActivityManager(  481): Resuming delayed broadcast
W/Finsky  ( 1009): [1] com.google.android.finsky.wear.cd.run(12): Dropping command=send_installed_apps due to Gms not connected
I/Finsky  ( 1009): [1] com.google.android.finsky.wear.WearSupportService.b(67): Stopping WearSupportService
I/Finsky  ( 1009): [1] com.google.android.finsky.scheduler.b.a(56): Scheduling wakeup in 3595047 (absolute: 3619590)
W/ContextImpl( 1167): Implicit intents with startService are not safe: Intent { act=com.google.android.configupdater.CertPin.NEW_CONTENT (has extras) } android.content.ContextWrapper.startService:494 android.content.ContextWrapper.startService:494 com.google.android.configupdater.UpdateRequestReceiver.handleContentDownload:231 
D/dalvikvm( 1167): GC_CONCURRENT freed 364K, 15% free 2874K/3344K, paused 0ms+0ms, total 2ms
I/Vision  (  719): Engine already satisfied by existing download for barcode
I/Vision  (  719): Engine already satisfied by existing download for ocr
I/ActivityManager(  481): Delay finish: com.google.android.configupdater/.CertPin.CertPinUpdateRequestReceiver
I/UpdateFetcherService( 1167): Update downloaded, starting installation
I/UpdateFetcherService( 1167): Started installation
D/dalvikvm(  719): GC_CONCURRENT freed 1389K, 21% free 7393K/9292K, paused 1ms+3ms, total 25ms
I/ActivityManager(  481): Resuming delayed broadcast
D/dalvikvm(  481): GC_EXPLICIT freed 607K, 20% free 7161K/8868K, paused 5ms+4ms, total 27ms
I/ActivityManager(  481): Delay finish: com.google.android.gsf/.settings.GoogleLocationSettings$LocationSettingsChangedListener
I/ActivityManager(  481): Resuming delayed broadcast
W/ContextImpl( 1167): Implicit intents with startService are not safe: Intent { act=com.google.android.configupdater.SmsShortCodes.NEW_CONTENT (has extras) } android.content.ContextWrapper.startService:494 android.content.ContextWrapper.startService:494 com.google.android.configupdater.UpdateRequestReceiver.handleContentDownload:231 
D/dalvikvm(  743): GC_EXPLICIT freed 108K, 31% free 4328K/6268K, paused 1ms+0ms, total 16ms
I/ActivityManager(  481): Delay finish: com.google.android.configupdater/.SmsShortCodes.SmsShortCodesUpdateRequestReceiver
I/UpdateFetcherService( 1167): Update downloaded, starting installation
I/UpdateFetcherService( 1167): Started installation
I/ActivityManager(  481): Resuming delayed broadcast
I/ConfigUpdateInstallReceiver(  481): Not installing, new version is <= current version
I/ConfigUpdateInstallReceiver(  481): Not installing, new version is <= current version
I/Icing   (  719): Indexing F4FAA6262FE39DDD50BAE6B7AF5CDB8D73BA0DB0 from com.google.android.gms
I/Icing   (  719): Indexing done F4FAA6262FE39DDD50BAE6B7AF5CDB8D73BA0DB0
I/BeaconBle(  624): Scan : No clients left, canceling alarm.
D/AndroidRuntime( 1582): 
D/AndroidRuntime( 1582): >>>>>> AndroidRuntime START com.android.internal.os.RuntimeInit <<<<<<
D/AndroidRuntime( 1582): CheckJNI is OFF
D/dalvikvm( 1582): Using executionMode 2
D/dalvikvm( 1582): Trying to load lib libjavacore.so 0x0
D/dalvikvm( 1582): Added shared lib libjavacore.so 0x0
D/dalvikvm( 1582): Trying to load lib libnativehelper.so 0x0
D/dalvikvm( 1582): Added shared lib libnativehelper.so 0x0
D/dalvikvm( 1582): No JNI_OnLoad found in libnativehelper.so 0x0, skipping init
D/dalvikvm( 1582): Note: class Landroid/app/ActivityManagerNative; has 179 unimplemented (abstract) methods
E/memtrack( 1582): Couldn't load memtrack module (No such file or directory)
E/android.os.Debug( 1582): failed to load memtrack module: -2
D/AndroidRuntime( 1582): Calling main entry com.android.commands.monkey.Monkey
W/BroadcastQueue(  481): Skipping deliver [background] BroadcastRecord{4a992bd4 u-1 android.net.conn.CONNECTIVITY_CHANGE} to ReceiverList{4a927988 1582 (unknown name)/0/u-1 remote:4a9017a4}: process crashing
I/ActivityManager(  481): START u0 {act=android.intent.action.MAIN cat=[android.intent.category.LAUNCHER] flg=0x10200000 cmp=com.amikulich.babysleep/.MainActivity} from pid 1582
D/dalvikvm(  481): GC_FOR_ALLOC freed 277K, 19% free 7206K/8868K, paused 7ms, total 7ms
I/dalvikvm-heap(  481): Grow heap (frag case) to 7.308MB for 214524-byte allocation
D/dalvikvm(  481): GC_FOR_ALLOC freed 10K, 19% free 7405K/9080K, paused 9ms, total 9ms
D/dalvikvm(  481): GC_FOR_ALLOC freed 8K, 19% free 7403K/9080K, paused 6ms, total 6ms
I/dalvikvm-heap(  481): Grow heap (frag case) to 7.500MB for 214524-byte allocation
D/dalvikvm(  481): GC_FOR_ALLOC freed <1K, 19% free 7613K/9292K, paused 7ms, total 7ms
D/yeshen  (  663): launcher onpause
I/ActivityManager(  481): Start proc com.amikulich.babysleep for activity com.amikulich.babysleep/.MainActivity: pid=1592 uid=10034 gids={50034, 3003}
E/SurfaceFlinger(  166): glCheckFramebufferStatusOES error 36054
E/SurfaceFlinger(  166): got GL_FRAMEBUFFER_COMPLETE_OES error while taking screenshot
D/SurfaceFlinger(  166): setOrientation, mFbdev=0xb7e9fd80, mFbDev->setOrientation=0xb6945ce0, orientation=3
I/gralloc_nox(  166): setOrientation: orientation=3
I/ActivityManager(  481): Config changes=480 {1.0 310mcc16mnc en_US ldltr sw480dp w480dp h828dp 240dpi lrg long port finger qwerty/v/v dpad/v s.7}
D/Sensors (  481): Client connection accepted (165)
D/PhoneStatusBar(  534): mSettingsPanelGravity = 55
D/        (  481): HostConnection::get() New Host Connection established 0xb8971110, tid 493
D/Tinker.DefaultAppLike(  663): onConfigurationChanged:{1.0 310mcc16mnc en_US ldltr sw480dp w480dp h828dp 240dpi lrg long port finger qwerty/v/v dpad/v s.7}
W/NetworkManagementSocketTagger(  481): setKernelCountSet(10034, 1) failed with errno -13
I/dalvikvm( 1592): ignoring registerObject request in thread=1
I/dalvikvm( 1592): ignoring registerObject request in thread=1
D/yeshen  (  663): launcher onstop
W/DebugConnManager(  663): getNetworkInfo() on networkType 1
I/InputReader(  481): Reconfiguring input devices.  changes=0x00000004
I/InputReader(  481): Device reconfigured: id=1, name='seamless mouse', size 1280x720, orientation 3, mode 1, display id 0
I/InputReader(  481): Device reconfigured: id=3, name='Android Input', size 1280x720, orientation 3, mode 1, display id 0
I/InputReader(  481): Reconfiguring input devices.  changes=0x00000004
I/InputReader(  481): Device reconfigured: id=8, name='VirtualBox USB Tablet', size 1280x720, orientation 3, mode 1, display id 0
D/dalvikvm(  534): GC_FOR_ALLOC freed 7437K, 61% free 4949K/12452K, paused 3ms, total 3ms
I/dalvikvm-heap(  534): Grow heap (frag case) to 11.139MB for 6553612-byte allocation
D/dalvikvm( 1592): JIT code cache reset in 0 ms (0 bytes 1/0)
D/dalvikvm( 1592): GC_FOR_ALLOC freed 43K, 4% free 2861K/2968K, paused 3ms, total 3ms
I/dalvikvm-heap( 1592): Grow heap (frag case) to 3.416MB for 589836-byte allocation
D/dalvikvm(  534): GC_CONCURRENT freed 10K, 9% free 11338K/12452K, paused 1ms+0ms, total 3ms
D/dalvikvm(  534): WAIT_FOR_CONCURRENT_GC blocked 1ms
D/dalvikvm( 1592): GC_FOR_ALLOC freed <1K, 4% free 3437K/3548K, paused 2ms, total 2ms
D/dalvikvm( 1592): GC_CONCURRENT freed <1K, 4% free 3437K/3548K, paused 1ms+0ms, total 2ms
D/dalvikvm( 1592): GC_FOR_ALLOC freed <1K, 3% free 3441K/3548K, paused 3ms, total 3ms
I/dalvikvm-heap( 1592): Grow heap (frag case) to 3.984MB for 589836-byte allocation
D/dalvikvm( 1592): GC_CONCURRENT freed <1K, 3% free 4017K/4128K, paused 1ms+0ms, total 3ms
D/        (  166): HostConnection::get() New Host Connection established 0xb7eb6b60, tid 868
D/dalvikvm( 1592): GC_FOR_ALLOC freed <1K, 3% free 4019K/4128K, paused 2ms, total 2ms
I/dalvikvm-heap( 1592): Grow heap (frag case) to 4.547MB for 589836-byte allocation
D/dalvikvm( 1592): GC_CONCURRENT freed <1K, 3% free 4595K/4708K, paused 2ms+1ms, total 4ms
D/dalvikvm( 1592): GC_FOR_ALLOC freed <1K, 3% free 4596K/4708K, paused 4ms, total 4ms
I/dalvikvm-heap( 1592): Grow heap (frag case) to 5.111MB for 589836-byte allocation
D/dalvikvm( 1592): GC_CONCURRENT freed <1K, 3% free 5172K/5288K, paused 1ms+0ms, total 3ms
D/dalvikvm( 1592): GC_FOR_ALLOC freed <1K, 2% free 5752K/5868K, paused 2ms, total 2ms
D/dalvikvm( 1592): GC_FOR_ALLOC freed <1K, 2% free 6329K/6448K, paused 7ms, total 8ms
D/dalvikvm( 1592): GC_FOR_ALLOC freed <1K, 2% free 6906K/7028K, paused 2ms, total 2ms
D/dalvikvm( 1592): GC_FOR_ALLOC freed <1K, 2% free 8062K/8188K, paused 1ms, total 1ms
D/FirebaseApp(  663): Notifying background state change listeners.
D/Tinker.DefaultAppLike(  663): onTrimMemory level:20
D/dalvikvm( 1592): GC_FOR_ALLOC freed <1K, 2% free 9216K/9348K, paused 6ms, total 6ms
D/dalvikvm( 1592): GC_FOR_ALLOC freed 1K, 2% free 10949K/11088K, paused 3ms, total 3ms
W/EGL_emulation(  534): eglSurfaceAttrib not implemented 3093 12436
D/dalvikvm( 1592): GC_FOR_ALLOC freed 8K, 1% free 13288K/13408K, paused 1ms, total 1ms
I/dalvikvm( 1592): Could not find method android.app.Notification$Builder.setLocalOnly, referenced from method com.google.android.gms.common.GooglePlayServicesUtil.zza
W/dalvikvm( 1592): VFY: unable to resolve virtual method 439: Landroid/app/Notification$Builder;.setLocalOnly (Z)Landroid/app/Notification$Builder;
D/dalvikvm( 1592): VFY: replacing opcode 0x6e at 0x0100
I/dalvikvm( 1592): Could not find method android.content.pm.PackageManager.getPackageInstaller, referenced from method com.google.android.gms.common.GooglePlayServicesUtil.zzh
W/dalvikvm( 1592): VFY: unable to resolve virtual method 633: Landroid/content/pm/PackageManager;.getPackageInstaller ()Landroid/content/pm/PackageInstaller;
D/dalvikvm( 1592): VFY: replacing opcode 0x6e at 0x000a
I/dalvikvm( 1592): Could not find method android.content.pm.PackageManager.getPackageInstaller, referenced from method jjw.a
W/dalvikvm( 1592): VFY: unable to resolve virtual method 2504: Landroid/content/pm/PackageManager;.getPackageInstaller ()Landroid/content/pm/PackageInstaller;
D/dalvikvm( 1592): VFY: replacing opcode 0x6e at 0x001c
I/dalvikvm( 1592): Could not find method android.content.ContextWrapper.createCredentialProtectedStorageContext, referenced from method iwr.createCredentialProtectedStorageContext
W/dalvikvm( 1592): VFY: unable to resolve virtual method 2411: Landroid/content/ContextWrapper;.createCredentialProtectedStorageContext ()Landroid/content/Context;
D/dalvikvm( 1592): VFY: replacing opcode 0x6f at 0x0002
I/dalvikvm( 1592): Could not find method android.content.ContextWrapper.createDeviceProtectedStorageContext, referenced from method iwr.createDeviceProtectedStorageContext
W/dalvikvm( 1592): VFY: unable to resolve virtual method 2412: Landroid/content/ContextWrapper;.createDeviceProtectedStorageContext ()Landroid/content/Context;
D/dalvikvm( 1592): VFY: replacing opcode 0x6f at 0x0002
I/dalvikvm( 1592): Could not find method android.content.ContextWrapper.createCredentialProtectedStorageContext, referenced from method com.google.android.chimera.ModuleContext.createCredentialProtectedStorageContext
W/dalvikvm( 1592): VFY: unable to resolve virtual method 2411: Landroid/content/ContextWrapper;.createCredentialProtectedStorageContext ()Landroid/content/Context;
D/dalvikvm( 1592): VFY: replacing opcode 0x6f at 0x0002
I/dalvikvm( 1592): Could not find method android.content.ContextWrapper.createDeviceProtectedStorageContext, referenced from method com.google.android.chimera.ModuleContext.createDeviceProtectedStorageContext
W/dalvikvm( 1592): VFY: unable to resolve virtual method 2412: Landroid/content/ContextWrapper;.createDeviceProtectedStorageContext ()Landroid/content/Context;
D/dalvikvm( 1592): VFY: replacing opcode 0x6f at 0x0002
I/dalvikvm( 1592): Could not find method android.content.Context.isCredentialProtectedStorage, referenced from method cub.a
W/dalvikvm( 1592): VFY: unable to resolve virtual method 2391: Landroid/content/Context;.isCredentialProtectedStorage ()Z
D/dalvikvm( 1592): VFY: replacing opcode 0x6e at 0x0000
I/dalvikvm( 1592): Could not find method android.os.UserManager.isUserUnlocked, referenced from method cub.a
W/dalvikvm( 1592): VFY: unable to resolve virtual method 3028: Landroid/os/UserManager;.isUserUnlocked ()Z
D/dalvikvm( 1592): VFY: replacing opcode 0x6e at 0x001a
I/dalvikvm( 1592): Could not find method android.content.Context.isDeviceProtectedStorage, referenced from method cub.b
W/dalvikvm( 1592): VFY: unable to resolve virtual method 2392: Landroid/content/Context;.isDeviceProtectedStorage ()Z
D/dalvikvm( 1592): VFY: replacing opcode 0x6e at 0x0000
I/dalvikvm( 1592): Could not find method android.content.Context.isDeviceProtectedStorage, referenced from method cub.c
W/dalvikvm( 1592): VFY: unable to resolve virtual method 2392: Landroid/content/Context;.isDeviceProtectedStorage ()Z
D/dalvikvm( 1592): VFY: replacing opcode 0x6e at 0x0000
I/dalvikvm( 1592): Could not find method android.system.Os.readlink, referenced from method cuq.a
W/dalvikvm( 1592): VFY: unable to resolve static method 3047: Landroid/system/Os;.readlink (Ljava/lang/String;)Ljava/lang/String;
D/dalvikvm( 1592): VFY: replacing opcode 0x71 at 0x0000
I/dalvikvm( 1592): Could not find method android.system.Os.stat, referenced from method cuq.a
W/dalvikvm( 1592): VFY: unable to resolve static method 3048: Landroid/system/Os;.stat (Ljava/lang/String;)Landroid/system/StructStat;
D/dalvikvm( 1592): VFY: replacing opcode 0x71 at 0x0042
I/dalvikvm( 1592): Could not find method android.system.Os.symlink, referenced from method cuq.a
W/dalvikvm( 1592): VFY: unable to resolve static method 3049: Landroid/system/Os;.symlink (Ljava/lang/String;Ljava/lang/String;)V
D/dalvikvm( 1592): VFY: replacing opcode 0x71 at 0x013b
I/dalvikvm( 1592): DexOpt: unable to optimize instance field ref 0x04a1 at 0x46 in Lcuq;.a
I/dalvikvm( 1592): DexOpt: unable to optimize static field ref 0x049c at 0x48 in Lcuq;.a
I/dalvikvm( 1592): DexOpt: unable to optimize static field ref 0x049a at 0x4a in Lcuq;.a
I/dalvikvm( 1592): DexOpt: unable to optimize static field ref 0x049b at 0x4d in Lcuq;.a
I/dalvikvm( 1592): DexOpt: unable to optimize static field ref 0x049d at 0x57 in Lcuq;.a
I/dalvikvm( 1592): DexOpt: unable to optimize static field ref 0x04a0 at 0x5f in Lcuq;.a
I/dalvikvm( 1592): DexOpt: unable to optimize static field ref 0x049e at 0x61 in Lcuq;.a
I/dalvikvm( 1592): DexOpt: unable to optimize static field ref 0x049f at 0x64 in Lcuq;.a
I/dalvikvm( 1592): DexOpt: unable to optimize static field ref 0x049c at 0x7f in Lcuq;.a
I/dalvikvm( 1592): DexOpt: unable to optimize static field ref 0x04a0 at 0x90 in Lcuq;.a
I/dalvikvm( 1592): Could not find method android.content.Context.createDeviceProtectedStorageContext, referenced from method jvu.a
W/dalvikvm( 1592): VFY: unable to resolve virtual method 2362: Landroid/content/Context;.createDeviceProtectedStorageContext ()Landroid/content/Context;
D/dalvikvm( 1592): VFY: replacing opcode 0x6e at 0x0029
I/dalvikvm( 1592): Could not find method android.content.Context.getSystemService, referenced from method jvu.b
W/dalvikvm( 1592): VFY: unable to resolve virtual method 2387: Landroid/content/Context;.getSystemService (Ljava/lang/Class;)Ljava/lang/Object;
D/dalvikvm( 1592): VFY: replacing opcode 0x6e at 0x000b
D/dalvikvm( 1592): DexOpt: couldn't find static field Landroid/os/Build;.SUPPORTED_64_BIT_ABIS
W/dalvikvm( 1592): VFY: unable to resolve static field 1157 (SUPPORTED_64_BIT_ABIS) in Landroid/os/Build;
D/dalvikvm( 1592): VFY: replacing opcode 0x62 at 0x0012
D/dalvikvm( 1592): DexOpt: couldn't find static field Landroid/os/Build;.SUPPORTED_32_BIT_ABIS
W/dalvikvm( 1592): VFY: unable to resolve static field 1156 (SUPPORTED_32_BIT_ABIS) in Landroid/os/Build;
D/dalvikvm( 1592): VFY: replacing opcode 0x62 at 0x0021
D/dalvikvm( 1592): DexOpt: couldn't find static field Landroid/os/Build;.SUPPORTED_ABIS
W/dalvikvm( 1592): VFY: unable to resolve static field 1158 (SUPPORTED_ABIS) in Landroid/os/Build;
D/dalvikvm( 1592): VFY: replacing opcode 0x62 at 0x0008
D/dalvikvm( 1592): DexOpt: couldn't find static field Landroid/os/Build;.SUPPORTED_64_BIT_ABIS
W/dalvikvm( 1592): VFY: unable to resolve static field 1157 (SUPPORTED_64_BIT_ABIS) in Landroid/os/Build;
D/dalvikvm( 1592): VFY: replacing opcode 0x62 at 0x0008
D/dalvikvm( 1592): DexOpt: couldn't find static field Landroid/os/Build;.SUPPORTED_64_BIT_ABIS
I/dalvikvm( 1592): DexOpt: unable to optimize static field ref 0x0485 at 0x17 in Lcwd;.a
D/dalvikvm( 1592): DexOpt: couldn't find static field Landroid/os/Build;.SUPPORTED_32_BIT_ABIS
I/dalvikvm( 1592): DexOpt: unable to optimize static field ref 0x0484 at 0x26 in Lcwd;.a
D/dalvikvm( 1592): DexOpt: couldn't find static field Landroid/os/Build;.SUPPORTED_64_BIT_ABIS
I/dalvikvm( 1592): DexOpt: unable to optimize static field ref 0x0485 at 0x0d in Lcwd;.b
D/DynamitePackage( 1592): Instantiated singleton DynamitePackage.
D/DynamitePackage( 1592): Instantiating com.google.android.gms.ads.ChimeraAdManagerCreatorImpl
I/dalvikvm( 1592): Could not find method android.content.pm.PackageManager.getPackageInstaller, referenced from method jn.a
W/dalvikvm( 1592): VFY: unable to resolve virtual method 2060: Landroid/content/pm/PackageManager;.getPackageInstaller ()Landroid/content/pm/PackageInstaller;
D/dalvikvm( 1592): VFY: replacing opcode 0x6e at 0x0017
I/dalvikvm( 1592): Could not find method android.security.NetworkSecurityPolicy.getInstance, referenced from method com.google.android.gms.ads.internal.util.h.b_
W/dalvikvm( 1592): VFY: unable to resolve static method 2591: Landroid/security/NetworkSecurityPolicy;.getInstance ()Landroid/security/NetworkSecurityPolicy;
D/dalvikvm( 1592): VFY: replacing opcode 0x71 at 0x0022
D/dalvikvm( 1592): DexOpt: --- BEGIN '1510898742191.jar' (bootstrap=0) ---
I/dalvikvm( 1592): Could not find method android.content.pm.PackageManager.isInstantApp, referenced from method qp.a
W/dalvikvm( 1592): VFY: unable to resolve virtual method 2065: Landroid/content/pm/PackageManager;.isInstantApp (Ljava/lang/String;)Z
D/dalvikvm( 1592): VFY: replacing opcode 0x6e at 0x002d
I/dalvikvm( 1592): Could not find method android.content.pm.PackageManager.isInstantApp, referenced from method qo.a
W/dalvikvm( 1592): VFY: unable to resolve virtual method 2064: Landroid/content/pm/PackageManager;.isInstantApp ()Z
D/dalvikvm( 1592): VFY: replacing opcode 0x6e at 0x0028
I/dalvikvm( 1592): Could not find method android.security.NetworkSecurityPolicy.getInstance, referenced from method com.google.android.gms.b.qh.a
W/dalvikvm( 1592): VFY: unable to resolve static method 1173: Landroid/security/NetworkSecurityPolicy;.getInstance ()Landroid/security/NetworkSecurityPolicy;
D/dalvikvm( 1592): VFY: replacing opcode 0x71 at 0x0051
I/Ads     ( 1592): Starting ad request.
I/Ads     ( 1592): Use AdRequest.Builder.addTestDevice("DADDEACD506FD4BD02989AD39CCF21B7") to get test ads on this device.
I/dalvikvm( 1592): Could not find method android.webkit.WebSettings.setMixedContentMode, referenced from method com.google.android.gms.ads.internal.webview.m.<init>
W/dalvikvm( 1592): VFY: unable to resolve virtual method 2893: Landroid/webkit/WebSettings;.setMixedContentMode (I)V
D/dalvikvm( 1592): VFY: replacing opcode 0x6e at 0x0069
V/WebViewChromium( 1592): Binding Chromium to the background looper Looper (main, tid 1) {4a769920}
I/chromium( 1592): [INFO:library_loader_hooks.cc(112)] Chromium logging enabled: level = 0, default verbosity = 0
I/BrowserProcessMain( 1592): Initializing chromium process, renderers=0
W/chromium( 1592): [WARNING:proxy_service.cc(888)] PAC support disabled because there is no system implementation
D/libEGL  ( 1592): loaded /system/lib/egl/libEGL_adreno.so
D/        ( 1592): HostConnection::get() New Host Connection established 0xb887afc0, tid 1592
D/libEGL  ( 1592): loaded /system/lib/egl/libGLESv1_CM_adreno.so
D/libEGL  ( 1592): loaded /system/lib/egl/libGLESv2_adreno.so
D/dalvikvm( 1592): GC_FOR_ALLOC freed 1045K, 7% free 15507K/16620K, paused 4ms, total 4ms
D/dalvikvm( 1609): DexOpt: load 0ms, verify+opt 5ms, 287892 bytes
D/dalvikvm( 1592): DexOpt: --- END '1510898742191.jar' (success) ---
D/dalvikvm( 1592): DEX prep '/data/data/com.amikulich.babysleep/cache/1510898742191.jar': unzip in 0ms, rewrite 163ms
W/Ads     ( 1592): Invoke Firebase method getInstance error.
W/Ads     ( 1592): The Google Mobile Ads SDK will not integrate with Firebase. Admob/Firebase integration requires the latest Firebase SDK jar, but Firebase SDK is either missing or out of date
I/AppBrain( 1592): To run AppBrain in test mode on this device, call AppBrain.addTestDevice("bdd46f50cdeaddda") before calling AppBrain.init().
I/dalvikvm( 1592): Could not find method android.widget.ProgressBar.setIndeterminateTintList, referenced from method com.appbrain.a.bj.a
W/dalvikvm( 1592): VFY: unable to resolve virtual method 4855: Landroid/widget/ProgressBar;.setIndeterminateTintList (Landroid/content/res/ColorStateList;)V
D/dalvikvm( 1592): VFY: replacing opcode 0x6e at 0x00ea
D/dalvikvm(  719): Trying to load lib /data/data/com.google.android.gms/app_extracted_libs/x86/libleveldbjni.so 0x94eed120
D/dalvikvm(  719): Added shared lib /data/data/com.google.android.gms/app_extracted_libs/x86/libleveldbjni.so 0x94eed120
W/EGL_emulation( 1592): eglSurfaceAttrib not implemented 3093 12436
D/OpenGLRenderer( 1592): Enabling debug mode 0
W/ContextImpl(  481): Calling a method in the system process without a qualified user: android.app.ContextImpl.sendBroadcast:1123 com.android.server.InputMethodManagerService.hideCurrentInputLocked:1880 com.android.server.InputMethodManagerService.windowGainedFocus:1968 com.android.internal.view.IInputMethodManager$Stub.onTransact:221 com.android.server.InputMethodManagerService.onTransact:818 
W/IInputConnectionWrapper(  663): showStatusIcon on inactive InputConnection
I/dalvikvm(  719): Could not find method android.security.NetworkSecurityPolicy.getInstance, referenced from method com.google.android.gms.ads.internal.util.h.a
W/dalvikvm(  719): VFY: unable to resolve static method 5026: Landroid/security/NetworkSecurityPolicy;.getInstance ()Landroid/security/NetworkSecurityPolicy;
D/dalvikvm(  719): VFY: replacing opcode 0x71 at 0x0020
I/ActivityManager(  481): Displayed com.amikulich.babysleep/.MainActivity: +782ms
E/Finsky  ( 1009): [56] com.google.android.finsky.aq.c.a(34): Unable to build selector: /storage/emulated/0/Download/marketenvs.csv: open failed: ENOENT (No such file or directory)
I/WindowManager(  481): Screen frozen for +787ms due to Window{4a984f58 u0 Starting com.amikulich.babysleep}
W/Herrevad(  719): [134] sjl.a: On wifi, but couldn't get security type
D/dalvikvm(  650): GC_CONCURRENT freed 262K, 9% free 3296K/3620K, paused 1ms+0ms, total 5ms
W/DebugConnManager(  719): getNetworkInfo() on networkType 0
I/Finsky  ( 1009): [79] com.google.android.finsky.da.a.a.a.b(28): Triggered update for experiment package com.google.android.finsky.stable.
I/Finsky  ( 1009): [78] com.google.android.finsky.da.a.a.a.b(28): Triggered update for experiment package com.google.android.finsky.regular.
I/AudioMixer(  169): found effect "Multichannel Downmix To Stereo" from The Android Open Source Project
D/dalvikvm( 1592): GC_FOR_ALLOC freed 2389K, 13% free 16934K/19392K, paused 3ms, total 3ms
W/ViewRootImpl( 1592): Dropping event due to no window focus: KeyEvent { action=ACTION_DOWN, keyCode=KEYCODE_DPAD_UP, scanCode=0, metaState=0, flags=0x8, repeatCount=0, eventTime=27461, downTime=27461, deviceId=-1, source=0x101 }
W/ViewRootImpl( 1592): Dropping event due to no window focus: KeyEvent { action=ACTION_DOWN, keyCode=KEYCODE_DPAD_CENTER, scanCode=0, metaState=0, flags=0x8, repeatCount=0, eventTime=27467, downTime=27467, deviceId=-1, source=0x101 }
W/EGL_emulation( 1592): eglSurfaceAttrib not implemented 3093 12436
W/ViewRootImpl( 1592): Dropping event due to no window focus: KeyEvent { action=ACTION_DOWN, keyCode=KEYCODE_DPAD_DOWN, scanCode=0, metaState=0, flags=0x8, repeatCount=0, eventTime=27472, downTime=27472, deviceId=-1, source=0x101 }
I/FA      (  663): Tag Manager is not found and thus will not be used
W/ViewRootImpl( 1592): Dropping event due to no window focus: KeyEvent { action=ACTION_DOWN, keyCode=KEYCODE_MENU, scanCode=0, metaState=0, flags=0x8, repeatCount=0, eventTime=27526, downTime=27526, deviceId=-1, source=0x101 }
W/InputMethodManagerService(  481): Window already focused, ignoring focus gain of: com.android.internal.view.IInputMethodClient$Stub$Proxy@4a937258 attribute=null, token = android.os.BinderProxy@4a97bb98
I/dalvikvm(  719): Could not find method android.webkit.WebSettings.setMixedContentMode, referenced from method com.google.android.gms.ads.internal.webview.h.<init>
W/dalvikvm(  719): VFY: unable to resolve virtual method 7951: Landroid/webkit/WebSettings;.setMixedContentMode (I)V
D/dalvikvm(  719): VFY: replacing opcode 0x6e at 0x005e
D/dalvikvm(  719): GC_CONCURRENT freed 1291K, 19% free 7614K/9292K, paused 2ms+3ms, total 27ms
V/WebViewChromium(  719): Binding Chromium to the background looper Looper (main, tid 1) {4a76c354}
I/chromium(  719): [INFO:library_loader_hooks.cc(112)] Chromium logging enabled: level = 0, default verbosity = 0
I/BrowserProcessMain(  719): Initializing chromium process, renderers=0
I/dalvikvm( 1009): Could not find method android.app.AppOpsManager.permissionToOp, referenced from method android.support.v4.content.x.a
W/dalvikvm( 1009): VFY: unable to resolve static method 440: Landroid/app/AppOpsManager;.permissionToOp (Ljava/lang/String;)Ljava/lang/String;
D/dalvikvm( 1009): VFY: replacing opcode 0x71 at 0x000f
I/dalvikvm( 1009): Could not find method android.content.Context.getSystemService, referenced from method android.support.v4.content.x.a
W/dalvikvm( 1009): VFY: unable to resolve virtual method 809: Landroid/content/Context;.getSystemService (Ljava/lang/Class;)Ljava/lang/Object;
D/dalvikvm( 1009): VFY: replacing opcode 0x6e at 0x0030
W/chromium(  719): [WARNING:proxy_service.cc(888)] PAC support disabled because there is no system implementation
I/Finsky  ( 1009): [1] com.google.android.finsky.wear.WearSupportService.onStartCommand(21): Starting WearSupportService for send_installed_apps
I/Finsky  ( 1009): [1] com.google.android.finsky.wear.ar.a(80): Connecting to wearable; initiated by: com.google.android.finsky.wear.WearSupportService
V/PanelView(  534): animationTick called with dtms=0; nothing to do (h=0.0 v=-0.0)
W/WearableService(  624): onGetService - Wear is not available on this device.
E/Finsky  ( 1009): [1] com.google.android.finsky.wear.au.a(3): onConnectionFailed: ConnectionResult{statusCode=API_UNAVAILABLE, resolution=null, message=null}
W/Finsky  ( 1009): [1] com.google.android.finsky.wear.cd.run(12): Dropping command=send_installed_apps due to Gms not connected
I/Finsky  ( 1009): [1] com.google.android.finsky.wear.WearSupportService.b(67): Stopping WearSupportService
W/ViewRootImpl( 1592): Dropping event due to no window focus: KeyEvent { action=ACTION_DOWN, keyCode=KEYCODE_MENU, scanCode=0, metaState=0, flags=0x8, repeatCount=0, eventTime=27648, downTime=27648, deviceId=-1, source=0x101 }
W/EGL_emulation( 1592): eglSurfaceAttrib not implemented 3093 12436
W/ViewRootImpl( 1592): Dropping event due to no window focus: KeyEvent { action=ACTION_DOWN, keyCode=KEYCODE_BUTTON_B, scanCode=0, metaState=0, flags=0x8, repeatCount=0, eventTime=27659, downTime=27659, deviceId=-1, source=0x101 }
D/libEGL  (  719): loaded /system/lib/egl/libEGL_adreno.so
W/InputMethodManagerService(  481): Window already focused, ignoring focus gain of: com.android.internal.view.IInputMethodClient$Stub$Proxy@4a9940ac attribute=android.view.inputmethod.EditorInfo@4a9940b4, token = android.os.BinderProxy@4a97bb98
D/        (  719): HostConnection::get() New Host Connection established 0xb8c4c500, tid 719
D/libEGL  (  719): loaded /system/lib/egl/libGLESv1_CM_adreno.so
D/libEGL  (  719): loaded /system/lib/egl/libGLESv2_adreno.so
D/dalvikvm( 1009): GC_CONCURRENT freed 414K, 9% free 4798K/5264K, paused 2ms+1ms, total 10ms
D/dalvikvm( 1592): GC_FOR_ALLOC freed 3507K, 23% free 16432K/21132K, paused 5ms, total 5ms
I/dalvikvm-heap( 1592): Grow heap (frag case) to 17.335MB for 1287718-byte allocation
D/dalvikvm( 1592): GC_FOR_ALLOC freed <1K, 22% free 17689K/22392K, paused 3ms, total 3ms
D/dalvikvm(  719): GC_FOR_ALLOC freed 231K, 19% free 7551K/9292K, paused 9ms, total 9ms
I/dalvikvm-heap(  719): Grow heap (frag case) to 8.104MB for 635808-byte allocation
F/libc    ( 1716): Fatal signal 13 (SIGPIPE) at 0x000006b4 (code=0), thread 1716 (busybox)
D/dalvikvm(  719): GC_FOR_ALLOC freed 1K, 18% free 8171K/9916K, paused 22ms, total 22ms
I/chromium( 1592): [INFO:simple_index_file.cc(397)] Simple Cache Index is being restored from disk.
D/dalvikvm( 1592): GC_FOR_ALLOC freed 2961K, 27% free 16420K/22392K, paused 3ms, total 3ms
I/DEBUG   (  163): *** *** *** *** *** *** *** *** *** *** *** *** *** *** *** ***
I/DEBUG   (  163): Build fingerprint: 'samsung/SM-G955N/dream2lteks:4.4.2/NRD90M/381180401:user/release-keys'
I/DEBUG   (  163): Revision: '0'
I/DEBUG   (  163): pid: 1716, tid: 1716, name: busybox  >>> busybox <<<
I/DEBUG   (  163): signal 13 (SIGPIPE), code -6 (SI_TKILL), fault addr --------
I/DEBUG   (  163):     eax ffffffe0  ebx 00000001  ecx b88e6fd0  edx 00000002
I/DEBUG   (  163): AM write failure (32 / Broken pipe)
I/DEBUG   (  163):     esi b7633214  edi b88e6fd0
I/DEBUG   (  163):     xcs 00000073  xds 0000007b  xes 0000007b  xfs 00000000  xss 0000007b
I/DEBUG   (  163):     eip b75ce456  ebp b7633214  esp bf878db0  flags 00000202
I/DEBUG   (  163): 
I/DEBUG   (  163): backtrace:
I/DEBUG   (  163):     #00  pc 0003c456  /system/lib/libc.so (write+22)
I/DEBUG   (  163):     #01  pc 0000bab7  <unknown>
I/DEBUG   (  163): 
I/DEBUG   (  163): stack:
I/DEBUG   (  163):          bf878d70  b75b0fd7  /system/lib/libc.so (__swsetup+7)
I/DEBUG   (  163):          bf878d74  b7633214  /system/lib/libc.so
I/DEBUG   (  163):          bf878d78  00000888  
I/DEBUG   (  163):          bf878d7c  b75d96e7  /system/lib/libc.so
I/DEBUG   (  163):          bf878d80  b88e6fd1  [heap]
I/DEBUG   (  163):          bf878d84  b88e5920  [heap]
I/DEBUG   (  163):          bf878d88  00000001  
I/DEBUG   (  163):          bf878d8c  b75a4d4f  /system/lib/libc.so (dlmalloc+351)
I/DEBUG   (  163):          bf878d90  00000000  
I/DEBUG   (  163):          bf878d94  00000000  
I/DEBUG   (  163):          bf878d98  b7786b90  /system/bin/busybox
I/DEBUG   (  163):          bf878d9c  b76afcc7  /system/bin/busybox (next_token+359)
I/DEBUG   (  163):          bf878da0  b88e5921  [heap]
I/DEBUG   (  163):          bf878da4  00000001  
I/DEBUG   (  163):          bf878da8  bf878e04  [stack]
I/DEBUG   (  163):          bf878dac  b7632fcc  /system/lib/libc.so
I/DEBUG   (  163):     #00  bf878db0  b7641ab8  
I/DEBUG   (  163):          bf878db4  00001000  
I/DEBUG   (  163):          bf878db8  b7632fcc  /system/lib/libc.so
I/DEBUG   (  163):          bf878dbc  b75d9f17  /system/lib/libc.so (__swrite+103)
I/DEBUG   (  163):          bf878dc0  00000001  
I/DEBUG   (  163):          bf878dc4  b88e6fd0  [heap]
I/DEBUG   (  163):          bf878dc8  00000002  
I/DEBUG   (  163):          bf878dcc  b75afb33  /system/lib/libc.so (fputs+99)
I/DEBUG   (  163):          bf878dd0  b7633214  /system/lib/libc.so
I/DEBUG   (  163):          bf878dd4  b7632fcc  /system/lib/libc.so
I/DEBUG   (  163):          bf878dd8  00000002  
I/DEBUG   (  163):          bf878ddc  b75d80e9  /system/lib/libc.so (fflush+185)
I/DEBUG   (  163):          bf878de0  b7633214  /system/lib/libc.so
I/DEBUG   (  163):          bf878de4  b88e6fd0  [heap]
I/DEBUG   (  163):          bf878de8  00000002  
I/DEBUG   (  163):          bf878dec  b88e6980  [heap]
W/NativeCrashListener(  481): Couldn't find ProcessRecord for pid 1716
I/BootReceiver(  481): Copying /data/tombstones/tombstone_09 to DropBox (SYSTEM_TOMBSTONE)
W/ViewRootImpl( 1592): Dropping event due to no window focus: KeyEvent { action=ACTION_DOWN, keyCode=KEYCODE_MENU, scanCode=0, metaState=0, flags=0x8, repeatCount=0, eventTime=27878, downTime=27878, deviceId=-1, source=0x101 }
W/ViewRootImpl( 1592): Dropping event due to no window focus: KeyEvent { action=ACTION_DOWN, keyCode=KEYCODE_DPAD_DOWN, scanCode=0, metaState=0, flags=0x8, repeatCount=0, eventTime=27880, downTime=27880, deviceId=-1, source=0x101 }
W/EGL_emulation( 1592): eglSurfaceAttrib not implemented 3093 12436
W/ViewRootImpl( 1592): Dropping event due to no window focus: KeyEvent { action=ACTION_DOWN, keyCode=KEYCODE_DPAD_UP, scanCode=0, metaState=0, flags=0x8, repeatCount=0, eventTime=27886, downTime=27886, deviceId=-1, source=0x101 }
I/Finsky  ( 1009): [80] com.google.android.finsky.verifier.impl.as.a(6): Restoring notifications
I/ShortcutBadger( 1009): Checking if platform supports badge counters, attempt 1/3.
I/ShortcutBadger( 1009): Checking if platform supports badge counters, attempt 2/3.
I/ShortcutBadger( 1009): Checking if platform supports badge counters, attempt 3/3.
W/ShortcutBadger( 1009): Badge counter seems not supported in this platform: unable to resolve intent: Intent { act=android.intent.action.BADGE_COUNT_UPDATE (has extras) }
I/chromium(  719): [INFO:CONSOLE(0)] "Document was loaded from Application Cache with manifest https://googleads.g.doubleclick.net/mads/static/mad/sdk/native/sdk-core-v40-loader.appcache", source: https://googleads.g.doubleclick.net/mads/static/mad/sdk/native/sdk-core-v40-loader.html (0)
I/chromium(  719): [INFO:CONSOLE(0)] "Application Cache Checking event", source: https://googleads.g.doubleclick.net/mads/static/mad/sdk/native/sdk-core-v40-loader.html (0)
D/dalvikvm( 1592): GC_FOR_ALLOC freed 3084K, 23% free 17287K/22392K, paused 3ms, total 3ms
I/dalvikvm-heap( 1592): Grow heap (frag case) to 18.416MB for 1545024-byte allocation
D/dalvikvm( 1592): GC_FOR_ALLOC freed <1K, 22% free 18795K/23904K, paused 4ms, total 4ms
D/dalvikvm( 1009): GC_CONCURRENT freed 469K, 10% free 4903K/5440K, paused 4ms+1ms, total 8ms
I/Finsky  ( 1009): [1] com.google.android.finsky.verifier.impl.as.c(55): Done restoring notifications
W/InputMethodManagerService(  481): Window already focused, ignoring focus gain of: com.android.internal.view.IInputMethodClient$Stub$Proxy@4a9cd57c attribute=android.view.inputmethod.EditorInfo@4a9cd584, token = android.os.BinderProxy@4a97bb98
I/chromium( 1592): [INFO:CONSOLE(7)] "Creating Application Cache with manifest https://googleads.g.doubleclick.net/mads/static/mad/sdk/native/sdk-core-v40-loader.appcache", source: https://googleads.g.doubleclick.net/mads/static/mad/sdk/native/sdk-core-v40-loader.html (7)
I/chromium( 1592): [INFO:CONSOLE(7)] "Application Cache Checking event", source: https://googleads.g.doubleclick.net/mads/static/mad/sdk/native/sdk-core-v40-loader.html (7)
I/chromium( 1592): [INFO:CONSOLE(0)] "Application Cache Downloading event", source: https://googleads.g.doubleclick.net/mads/static/mad/sdk/native/sdk-core-v40-loader.html (0)
W/ViewRootImpl( 1592): Dropping event due to no window focus: KeyEvent { action=ACTION_DOWN, keyCode=KEYCODE_NUMPAD_5, scanCode=0, metaState=0, flags=0x8, repeatCount=0, eventTime=27990, downTime=27990, deviceId=-1, source=0x101 }
W/ViewRootImpl( 1592): Dropping event due to no window focus: KeyEvent { action=ACTION_DOWN, keyCode=KEYCODE_DPAD_CENTER, scanCode=0, metaState=0, flags=0x8, repeatCount=0, eventTime=27990, downTime=27990, deviceId=-1, source=0x101 }
W/ViewRootImpl( 1592): Dropping event due to no window focus: KeyEvent { action=ACTION_DOWN, keyCode=KEYCODE_DPAD_RIGHT, scanCode=0, metaState=0, flags=0x8, repeatCount=0, eventTime=27992, downTime=27992, deviceId=-1, source=0x101 }
V/PanelView(  534): animationTick called with dtms=0; nothing to do (h=0.0 v=0.0)
W/ViewRootImpl( 1592): Dropping event due to no window focus: KeyEvent { action=ACTION_DOWN, keyCode=KEYCODE_DPAD_LEFT, scanCode=0, metaState=0, flags=0x8, repeatCount=0, eventTime=27993, downTime=27993, deviceId=-1, source=0x101 }
W/ViewRootImpl( 1592): Dropping event due to no window focus: MotionEvent { action=ACTION_MOVE, id[0]=0, x[0]=-3.0, y[0]=-1.0, toolType[0]=TOOL_TYPE_UNKNOWN, buttonState=0, metaState=0, flags=0x0, edgeFlags=0x0, pointerCount=1, historySize=2, eventTime=27994, downTime=-1, deviceId=0, source=0x10004 }
W/EGL_emulation( 1592): eglSurfaceAttrib not implemented 3093 12436
I/ActivityManager(  481): START u0 {act=android.intent.action.MAIN cat=[android.intent.category.LAUNCHER] flg=0x10200000 cmp=com.amikulich.babysleep/.MainActivity} from pid 1582
W/InputMethodManagerService(  481): Window already focused, ignoring focus gain of: com.android.internal.view.IInputMethodClient$Stub$Proxy@4a9fe300 attribute=null, token = android.os.BinderProxy@4a97bb98
I/chromium( 1592): [INFO:CONSOLE(0)] "Application Cache Progress event (0 of 1) https://googleads.g.doubleclick.net/mads/static/mad/sdk/native/production/sdk-core-v40-impl.js", source: https://googleads.g.doubleclick.net/mads/static/mad/sdk/native/sdk-core-v40-loader.html (0)
I/chromium(  719): [INFO:CONSOLE(0)] "Application Cache NoUpdate event", source: https://googleads.g.doubleclick.net/mads/static/mad/sdk/native/sdk-core-v40-loader.html (0)
I/ActivityManager(  481): START u0 {act=android.intent.action.CALL_BUTTON flg=0x10000000} from pid 1592
W/PhoneFallbackEventHandler( 1592): No activity found for android.intent.action.CALL_BUTTON.
D/SettingsProvider(  481): User 0 external modification to /data/data/com.android.providers.settings/databases/settings.db; event=8
D/SettingsProvider(  481): User 0 updating our caches for /data/data/com.android.providers.settings/databases/settings.db
W/EGL_emulation( 1592): eglSurfaceAttrib not implemented 3093 12436
I/Finsky  ( 1009): [79] com.google.android.finsky.da.a.l.a(77): Started writing experiment flags into file [44O8VQCEUzya29uefFMIdRuUEpA].
I/Finsky  ( 1009): [79] com.google.android.finsky.da.a.l.a(129): Finished writing experiment flags into file [44O8VQCEUzya29uefFMIdRuUEpA].
W/ViewRootImpl( 1592): Dropping event due to no window focus: KeyEvent { action=ACTION_DOWN, keyCode=KEYCODE_ZOOM_OUT, scanCode=0, metaState=0, flags=0x8, repeatCount=0, eventTime=28170, downTime=28170, deviceId=-1, source=0x101 }
I/chromium( 1592): [INFO:CONSOLE(0)] "Application Cache Progress event (1 of 1) ", source: https://googleads.g.doubleclick.net/mads/static/mad/sdk/native/sdk-core-v40-loader.html (0)
I/chromium( 1592): [INFO:CONSOLE(0)] "Application Cache Cached event", source: https://googleads.g.doubleclick.net/mads/static/mad/sdk/native/sdk-core-v40-loader.html (0)
I/Finsky  ( 1009): [79] com.google.android.finsky.da.a.a.a.b(116): Successfully applied new configurations for package com.google.android.finsky.stable.
D/dalvikvm( 1592): GC_FOR_ALLOC freed 6382K, 31% free 16679K/23904K, paused 3ms, total 3ms
W/InputMethodManagerService(  481): Window already focused, ignoring focus gain of: com.android.internal.view.IInputMethodClient$Stub$Proxy@4a99ce08 attribute=null, token = android.os.BinderProxy@4a97bb98
I/ActivityManager(  481): START u0 {act=android.intent.action.CALL_BUTTON flg=0x10000000} from pid 1592
W/PhoneFallbackEventHandler( 1592): No activity found for android.intent.action.CALL_BUTTON.
D/dalvikvm(  481): GC_CONCURRENT freed 726K, 15% free 7971K/9276K, paused 0ms+1ms, total 13ms
W/ProxyAndroidLoggerBackend( 1009): Too many Flogger logs received before configuration. Dropping old logs.
W/ProxyAndroidLoggerBackend( 1009): Too many Flogger logs received before configuration. Dropping old logs.
I/ActivityManager(  481): START u0 {act=android.intent.action.MAIN cat=[android.intent.category.LAUNCHER] flg=0x10200000 cmp=com.amikulich.babysleep/.MainActivity} from pid 1582
W/ViewRootImpl( 1592): Dropping event due to no window focus: KeyEvent { action=ACTION_DOWN, keyCode=KEYCODE_DPAD_DOWN, scanCode=0, metaState=0, flags=0x8, repeatCount=0, eventTime=28327, downTime=28327, deviceId=-1, source=0x101 }
W/ViewRootImpl( 1592): Dropping event due to no window focus: KeyEvent { action=ACTION_DOWN, keyCode=KEYCODE_DPAD_RIGHT, scanCode=0, metaState=0, flags=0x8, repeatCount=0, eventTime=28329, downTime=28329, deviceId=-1, source=0x101 }
D/        (  481): HostConnection::get() New Host Connection established 0xb89c3600, tid 481
W/EGL_emulation( 1592): eglSurfaceAttrib not implemented 3093 12436
W/ProxyAndroidLoggerBackend( 1009): Too many Flogger logs received before configuration. Dropping old logs.
W/ViewRootImpl( 1592): Dropping event due to no window focus: KeyEvent { action=ACTION_DOWN, keyCode=KEYCODE_DPAD_CENTER, scanCode=0, metaState=0, flags=0x8, repeatCount=0, eventTime=28335, downTime=28335, deviceId=-1, source=0x101 }
I/ActivityManager(  481): START u0 {act=android.intent.action.MAIN cat=[android.intent.category.HOME] flg=0x10200000 cmp=com.vphone.launcher/.Launcher} from pid 481
W/InputManager(  481): Input event injection from pid 1582 failed.
W/InputManager(  481): Input event injection from pid 1582 failed.
W/InputManager(  481): Input event injection from pid 1582 failed.
W/InputManager(  481): Input event injection from pid 1582 failed.
W/InputMethodManagerService(  481): Window already focused, ignoring focus gain of: com.android.internal.view.IInputMethodClient$Stub$Proxy@4a93dd58 attribute=android.view.inputmethod.EditorInfo@4a9a756c, token = android.os.BinderProxy@4a97bb98
W/InputManager(  481): Input event injection from pid 1582 failed.
W/InputManager(  481): Input event injection from pid 1582 failed.
W/InputManager(  481): Input event injection from pid 1582 failed.
W/ProxyAndroidLoggerBackend( 1009): Too many Flogger logs received before configuration. Dropping old logs.
W/ProxyAndroidLoggerBackend( 1009): Too many Flogger logs received before configuration. Dropping old logs.
W/ProxyAndroidLoggerBackend( 1009): Too many Flogger logs received before configuration. Dropping old logs.
W/InputManager(  481): Input event injection from pid 1582 failed.
W/ProxyAndroidLoggerBackend( 1009): Too many Flogger logs received before configuration. Dropping old logs.
W/ProxyAndroidLoggerBackend( 1009): Too many Flogger logs received before configuration. Dropping old logs.
W/ProxyAndroidLoggerBackend( 1009): Too many Flogger logs received before configuration. Dropping old logs.
D/dalvikvm( 1009): GC_CONCURRENT freed 508K, 11% free 4986K/5564K, paused 1ms+0ms, total 6ms
W/ProxyAndroidLoggerBackend( 1009): Too many Flogger logs received before configuration. Dropping old logs.
I/Finsky  ( 1009): [78] com.google.android.finsky.da.a.l.a(7): Started reading experiment flags from file [v6B-2IolLQRBwrwPhscSaeg04As].
I/Finsky  ( 1009): [78] com.google.android.finsky.da.a.l.a(44): Finished reading experiment flags from file [v6B-2IolLQRBwrwPhscSaeg04As].
W/ProxyAndroidLoggerBackend( 1009): Too many Flogger logs received before configuration. Dropping old logs.
I/Finsky  ( 1009): [78] com.google.android.finsky.da.a.l.a(77): Started writing experiment flags into file [3iTZK60-XSU6ycLHV1Pe7j2ByDQ].
I/Finsky  ( 1009): [78] com.google.android.finsky.da.a.l.a(129): Finished writing experiment flags into file [3iTZK60-XSU6ycLHV1Pe7j2ByDQ].
D/dalvikvm(  481): GC_FOR_ALLOC freed 278K, 17% free 7788K/9276K, paused 14ms, total 15ms
I/dalvikvm-heap(  481): Grow heap (frag case) to 7.876MB for 214524-byte allocation
I/Finsky  ( 1009): [78] com.google.android.finsky.da.a.a.a.b(116): Successfully applied new configurations for package com.google.android.finsky.regular.
D/dalvikvm(  481): GC_FOR_ALLOC freed 17K, 16% free 7980K/9488K, paused 11ms, total 11ms
D/dalvikvm(  481): GC_FOR_ALLOC freed 13K, 17% free 7966K/9488K, paused 11ms, total 11ms
I/dalvikvm-heap(  481): Grow heap (frag case) to 8.050MB for 214524-byte allocation
D/dalvikvm(  481): GC_FOR_ALLOC freed <1K, 16% free 8176K/9700K, paused 8ms, total 8ms
D/CaptivePortalTracker(  481): DelayedCaptiveCheckState{ when=-45ms what=2 arg1=1 target=com.android.internal.util.StateMachine$SmHandler }
D/ConnectivityService(  481): setProvNotificationVisible: E visible=false networkType=1 extraInfo=null url=null
D/CaptivePortalTracker(  481): Checking http://216.58.216.46/generate_204
I/qtaguid (  719): Tagging socket 206 with tag 3000010500000000(805306629) for uid -1 failed errno=-13
I/NetworkManagementSocketTagger(  719): tagSocketFd(206, 805306629, -1) failed with errno-13
W/ActivityThread(  481): ClassLoader.loadClass: The class loader returned by Thread.getContextClassLoader() may fail for processes that host multiple applications. You should explicitly specify a context class loader. For example: Thread.setContextClassLoader(getClass().getClassLoader());
D/CaptivePortalTracker(  481): Don't send network conditions - lacking user consent.
D/CaptivePortalTracker(  481): isCaptivePortal: ret=false rspCode=204
D/CaptivePortalTracker(  481): Not captive network NetworkInfo: type: WIFI[], state: CONNECTED/CONNECTED, reason: (unspecified), extra: "AndroidAP", roaming: false, failover: false, isAvailable: true, isConnectedToProvisioningNetwork: false
D/CaptivePortalTracker(  481): notifyPortalCheckCompleted: captive=false ni=NetworkInfo: type: WIFI[], state: CONNECTED/CONNECTED, reason: (unspecified), extra: "AndroidAP", roaming: false, failover: false, isAvailable: true, isConnectedToProvisioningNetwork: false
D/ConnectivityService(  481): captivePortalCheckCompleted: ni=NetworkInfo: type: WIFI[], state: CONNECTED/CONNECTED, reason: (unspecified), extra: "AndroidAP", roaming: false, failover: false, isAvailable: true, isConnectedToProvisioningNetwork: false captive=false
I/qtaguid (  719): Tagging socket 210 with tag 3000010500000000(805306629) for uid -1 failed errno=-13
I/NetworkManagementSocketTagger(  719): tagSocketFd(210, 805306629, -1) failed with errno-13
I/qtaguid (  719): Untagging socket 210 failed errno=-13
W/NetworkManagementSocketTagger(  719): untagSocket(210) failed with errno -13
I/qtaguid (  719): Tagging socket 210 with tag 3000010500000000(805306629) for uid -1 failed errno=-13
I/NetworkManagementSocketTagger(  719): tagSocketFd(210, 805306629, -1) failed with errno-13
I/qtaguid (  719): Untagging socket 210 failed errno=-13
W/NetworkManagementSocketTagger(  719): untagSocket(210) failed with errno -13
I/qtaguid (  719): Tagging socket 210 with tag 3000010500000000(805306629) for uid -1 failed errno=-13
I/NetworkManagementSocketTagger(  719): tagSocketFd(210, 805306629, -1) failed with errno-13
I/qtaguid (  719): Untagging socket 210 failed errno=-13
