--------- beginning of /dev/log/main
I/Icing   (  721): Indexing F4FAA6262FE39DDD50BAE6B7AF5CDB8D73BA0DB0 from com.google.android.gms
I/Icing   (  721): Indexing done F4FAA6262FE39DDD50BAE6B7AF5CDB8D73BA0DB0
D/AndroidRuntime(15805): 
D/AndroidRuntime(15805): >>>>>> AndroidRuntime START com.android.internal.os.RuntimeInit <<<<<<
D/AndroidRuntime(15805): CheckJNI is OFF
D/dalvikvm(15805): Using executionMode 2
D/dalvikvm(15805): Trying to load lib libjavacore.so 0x0
D/dalvikvm(15805): Added shared lib libjavacore.so 0x0
D/dalvikvm(15805): Trying to load lib libnativehelper.so 0x0
D/dalvikvm(15805): Added shared lib libnativehelper.so 0x0
D/dalvikvm(15805): No JNI_OnLoad found in libnativehelper.so 0x0, skipping init
D/dalvikvm(15805): Note: class Landroid/app/ActivityManagerNative; has 179 unimplemented (abstract) methods
E/memtrack(15805): Couldn't load memtrack module (No such file or directory)
E/android.os.Debug(15805): failed to load memtrack module: -2
D/AndroidRuntime(15805): Calling main entry com.android.commands.monkey.Monkey
--------- beginning of /dev/log/system
W/BroadcastQueue(  314): Skipping deliver [background] BroadcastRecord{4aca9668 u-1 android.net.conn.CONNECTIVITY_CHANGE} to ReceiverList{4ab03f8c 15805 (unknown name)/0/u-1 remote:4aa34078}: process crashing
I/ActivityManager(  314): START u0 {act=android.intent.action.MAIN cat=[android.intent.category.LAUNCHER] flg=0x10200000 cmp=com.camerasideas.trimmer/.AdActivity} from pid 15805
D/dalvikvm(  173): GC_EXPLICIT freed 41K, 4% free 2788K/2896K, paused 0ms+0ms, total 2ms
D/dalvikvm(  173): GC_EXPLICIT freed <1K, 4% free 2788K/2896K, paused 0ms+0ms, total 1ms
D/dalvikvm(  173): GC_EXPLICIT freed <1K, 4% free 2788K/2896K, paused 0ms+0ms, total 2ms
W/NetworkManagementSocketTagger(  314): setKernelCountSet(10130, 1) failed with errno -13
I/ActivityManager(  314): Start proc com.camerasideas.trimmer for activity com.camerasideas.trimmer/.AdActivity: pid=15815 uid=10130 gids={50130, 1028, 1015, 1023, 3003}
I/dalvikvm(15815): ignoring registerObject request in thread=1
I/dalvikvm(15815): ignoring registerObject request in thread=1
I/CrashlyticsCore(15815): Initializing Crashlytics 2.3.5.79
D/dalvikvm(15815): JIT code cache reset in 0 ms (0 bytes 1/0)
D/dalvikvm(15815): GC_CONCURRENT freed 221K, 7% free 3090K/3312K, paused 2ms+1ms, total 7ms
I/dalvikvm(15815): Could not find method android.app.Notification$Builder.setLocalOnly, referenced from method com.google.android.gms.common.GooglePlayServicesUtil.zza
W/dalvikvm(15815): VFY: unable to resolve virtual method 395: Landroid/app/Notification$Builder;.setLocalOnly (Z)Landroid/app/Notification$Builder;
D/dalvikvm(15815): VFY: replacing opcode 0x6e at 0x0289
E/        (15815): Log instance=null
E/        (15815): Log instance=com.camerasideas.b.p@4a835260
E/        (15815): Log instance=null
E/        (15815): Log instance=tv.danmaku.ijk.media.player.a.a@4a8369c0
W/System.err(15815): java.lang.IllegalArgumentException: Unknown package: com.facebook.katana
W/System.err(15815): 	at android.os.Parcel.readException(Parcel.java:1469)
W/System.err(15815): 	at android.os.Parcel.readException(Parcel.java:1419)
W/System.err(15815): 	at android.content.pm.IPackageManager$Stub$Proxy.getApplicationEnabledSetting(IPackageManager.java:3013)
W/System.err(15815): 	at android.app.ApplicationPackageManager.getApplicationEnabledSetting(ApplicationPackageManager.java:1327)
W/System.err(15815): 	at com.camerasideas.b.aa.b(SourceFile:1318)
W/System.err(15815): 	at com.camerasideas.trimmer.AdActivity.onCreate(SourceFile:2572)
W/System.err(15815): 	at android.app.Activity.performCreate(Activity.java:5231)
W/System.err(15815): 	at android.app.Instrumentation.callActivityOnCreate(Instrumentation.java:1104)
W/System.err(15815): 	at android.app.ActivityThread.performLaunchActivity(ActivityThread.java:2157)
W/System.err(15815): 	at android.app.ActivityThread.handleLaunchActivity(ActivityThread.java:2243)
W/System.err(15815): 	at android.app.ActivityThread.access$800(ActivityThread.java:135)
W/System.err(15815): 	at android.app.ActivityThread$H.handleMessage(ActivityThread.java:1196)
W/System.err(15815): 	at android.os.Handler.dispatchMessage(Handler.java:102)
W/System.err(15815): 	at android.os.Looper.loop(Looper.java:136)
W/System.err(15815): 	at android.app.ActivityThread.main(ActivityThread.java:5019)
W/System.err(15815): 	at java.lang.reflect.Method.invokeNative(Native Method)
W/System.err(15815): 	at java.lang.reflect.Method.invoke(Method.java:515)
W/System.err(15815): 	at com.android.internal.os.ZygoteInit$MethodAndArgsCaller.run(ZygoteInit.java:779)
W/System.err(15815): 	at com.android.internal.os.ZygoteInit.main(ZygoteInit.java:595)
W/System.err(15815): 	at dalvik.system.NativeStart.main(Native Method)
D/dalvikvm(15815): GC_CONCURRENT freed 386K, 13% free 3167K/3620K, paused 1ms+0ms, total 4ms
I/dalvikvm(15815): Could not find method android.content.pm.PackageManager.getPackageInstaller, referenced from method com.google.android.gms.common.GooglePlayServicesUtil.zzj
W/dalvikvm(15815): VFY: unable to resolve virtual method 690: Landroid/content/pm/PackageManager;.getPackageInstaller ()Landroid/content/pm/PackageInstaller;
D/dalvikvm(15815): VFY: replacing opcode 0x6e at 0x000a
V/WebViewChromium(15815): Binding Chromium to the main looper Looper (main, tid 1) {4a7e7f1c}
I/chromium(15815): [INFO:library_loader_hooks.cc(112)] Chromium logging enabled: level = 0, default verbosity = 0
I/BrowserProcessMain(15815): Initializing chromium process, renderers=0
W/chromium(15815): [WARNING:proxy_service.cc(888)] PAC support disabled because there is no system implementation
D/libEGL  (15815): loaded /system/lib/egl/libEGL_adreno.so
D/        (15815): HostConnection::get() New Host Connection established 0xb94b53e0, tid 15815
D/libEGL  (15815): loaded /system/lib/egl/libGLESv1_CM_adreno.so
D/libEGL  (15815): loaded /system/lib/egl/libGLESv2_adreno.so
D/MoPub   (15815): Loading url: http://ads.mopub.com/m/ad?v=6&id=078fbd59d0a14f86acf2144315c76a57&nv=4.6.1&dn=samsung%2CSM-G955N%2CSM-G955N&bundle=com.camerasideas.trimmer&z=-0700&o=p&w=720&h=1280&sc_a=1.5&mcc=310&mnc=16&iso=US&cn=T-Mobile&ct=2&av=1.122.12&udid=mp_tmpl_advertising_id&dnt=mp_tmpl_do_not_track&mr=1&android_perms_ext_storage=1
D/dalvikvm(15815): GC_CONCURRENT freed 453K, 16% free 3118K/3676K, paused 1ms+0ms, total 3ms
D/dalvikvm(15815): GC_FOR_ALLOC freed 6K, 16% free 3112K/3676K, paused 3ms, total 3ms
I/dalvikvm-heap(15815): Grow heap (frag case) to 3.706MB for 635808-byte allocation
D/dalvikvm(15815): GC_FOR_ALLOC freed <1K, 14% free 3733K/4300K, paused 2ms, total 2ms
D/dalvikvm(15815): GC_CONCURRENT freed <1K, 14% free 3733K/4300K, paused 0ms+0ms, total 2ms
D/MoPub   (15815): Unable to calculate 2% of available disk space, defaulting to minimum
E/MoPubInterstitialAd(15815): Mopub: Initialize interstitial AD
I/GAv4    (15815): Google Analytics 8.1.15 is starting up. To enable debug logging on a device run:
I/GAv4    (15815):   adb shell setprop log.tag.GAv4 DEBUG
I/GAv4    (15815):   adb logcat -s GAv4
W/GAv4    (15815): AnalyticsReceiver is not registered or is disabled. Register the receiver for reliable dispatching on non-Google Play devices. See http://goo.gl/8Rd3yj for instructions.
D/dalvikvm(15815): GC_FOR_ALLOC freed 187K, 12% free 3810K/4300K, paused 2ms, total 2ms
W/GAv4    (15815): AnalyticsService not registered in the app manifest. Hits might not be delivered reliably. See http://goo.gl/8Rd3yj for instructions.
W/NetworkManagementSocketTagger(  314): setKernelCountSet(10012, 0) failed with errno -13
W/dalvikvm(15815): VFY: unable to find class referenced in signature (Lokhttp3/Request;)
W/dalvikvm(15815): VFY: unable to find class referenced in signature (Lokhttp3/Response;)
I/dalvikvm(15815): Could not find method okhttp3.Response.headers, referenced from method empirical.HelperClass.printOkHttpInfo
W/dalvikvm(15815): VFY: unable to resolve virtual method 38779: Lokhttp3/Response;.headers ()Lokhttp3/Headers;
D/dalvikvm(15815): VFY: replacing opcode 0x6e at 0x0006
W/dalvikvm(15815): VFY: unable to find class referenced in signature (Lokhttp3/Call;)
W/dalvikvm(15815): VFY: unable to find class referenced in signature (Lokhttp3/Response;)
I/dalvikvm(15815): Could not find method okhttp3.Call.request, referenced from method empirical.HelperClass.printOkHttpInfoFromCall
W/dalvikvm(15815): VFY: unable to resolve interface method 38773: Lokhttp3/Call;.request ()Lokhttp3/Request;
D/dalvikvm(15815): VFY: replacing opcode 0x72 at 0x0006
I/System.out(15815): body:<com.mopub.volley.toolbox.HurlStack: org.apache.http.HttpResponse performRequest(com.mopub.volley.Request,java.util.Map)>	sig:specialinvoke $r11.<java.net.URL: void <init>(java.lang.String)>($r9)	timediff:0
I/System.out(15815): <com.mopub.volley.toolbox.HurlStack: org.apache.http.HttpResponse performRequest(com.mopub.volley.Request,java.util.Map)>###specialinvoke $r11.<java.net.URL: void <init>(java.lang.String)>($r9)###http://ads.mopub.com/m/ad?v=6&id=078fbd59d0a14f86acf2144315c76a57&nv=4.6.1&dn=samsung%2CSM-G955N%2CSM-G955N&bundle=com.camerasideas.trimmer&z=-0700&o=p&w=720&h=1280&sc_a=1.5&mcc=310&mnc=16&iso=US&cn=T-Mobile&ct=2&av=1.122.12&udid=ifa%3A3ae8f2f4-1b58-4ed6-816b-3ee6c7e3745e&dnt=0&mr=1&android_perms_ext_storage=1
I/Finsky  (  936): [1] com.google.android.finsky.cg.a.onTrimMemory(5): Memory trim requested to level 20
I/Finsky  (  936): [1] com.google.android.finsky.cg.a.onTrimMemory(11): Flushing in-memory image cache
W/dalvikvm(15815): VFY: unable to find class referenced in signature (Landroid/view/SearchEvent;)
I/dalvikvm(15815): Could not find method android.view.Window$Callback.onSearchRequested, referenced from method android.support.v7.view.j.onSearchRequested
W/dalvikvm(15815): VFY: unable to resolve interface method 17119: Landroid/view/Window$Callback;.onSearchRequested (Landroid/view/SearchEvent;)Z
D/dalvikvm(15815): VFY: replacing opcode 0x72 at 0x0002
I/dalvikvm(15815): Could not find method android.view.Window$Callback.onWindowStartingActionMode, referenced from method android.support.v7.view.j.onWindowStartingActionMode
W/dalvikvm(15815): VFY: unable to resolve interface method 17123: Landroid/view/Window$Callback;.onWindowStartingActionMode (Landroid/view/ActionMode$Callback;I)Landroid/view/ActionMode;
D/dalvikvm(15815): VFY: replacing opcode 0x72 at 0x0002
I/ActivityManager(  314): START u0 {cmp=com.camerasideas.trimmer/.MainActivity} from pid 15815
D/dalvikvm(15815): GC_FOR_ALLOC freed 906K, 27% free 3213K/4360K, paused 4ms, total 4ms
I/dalvikvm(15815): Could not find method android.content.pm.PackageManager.getPackageInstaller, referenced from method jjw.a
W/dalvikvm(15815): VFY: unable to resolve virtual method 2504: Landroid/content/pm/PackageManager;.getPackageInstaller ()Landroid/content/pm/PackageInstaller;
D/dalvikvm(15815): VFY: replacing opcode 0x6e at 0x001c
I/dalvikvm(15815): Could not find method android.content.ContextWrapper.createCredentialProtectedStorageContext, referenced from method iwr.createCredentialProtectedStorageContext
W/dalvikvm(15815): VFY: unable to resolve virtual method 2411: Landroid/content/ContextWrapper;.createCredentialProtectedStorageContext ()Landroid/content/Context;
D/dalvikvm(15815): VFY: replacing opcode 0x6f at 0x0002
I/dalvikvm(15815): Could not find method android.content.ContextWrapper.createDeviceProtectedStorageContext, referenced from method iwr.createDeviceProtectedStorageContext
W/dalvikvm(15815): VFY: unable to resolve virtual method 2412: Landroid/content/ContextWrapper;.createDeviceProtectedStorageContext ()Landroid/content/Context;
D/dalvikvm(15815): VFY: replacing opcode 0x6f at 0x0002
I/dalvikvm(15815): Could not find method android.content.ContextWrapper.createCredentialProtectedStorageContext, referenced from method com.google.android.chimera.ModuleContext.createCredentialProtectedStorageContext
W/dalvikvm(15815): VFY: unable to resolve virtual method 2411: Landroid/content/ContextWrapper;.createCredentialProtectedStorageContext ()Landroid/content/Context;
D/dalvikvm(15815): VFY: replacing opcode 0x6f at 0x0002
I/dalvikvm(15815): Could not find method android.content.ContextWrapper.createDeviceProtectedStorageContext, referenced from method com.google.android.chimera.ModuleContext.createDeviceProtectedStorageContext
W/dalvikvm(15815): VFY: unable to resolve virtual method 2412: Landroid/content/ContextWrapper;.createDeviceProtectedStorageContext ()Landroid/content/Context;
D/dalvikvm(15815): VFY: replacing opcode 0x6f at 0x0002
I/dalvikvm(15815): Could not find method android.content.Context.isCredentialProtectedStorage, referenced from method cub.a
W/dalvikvm(15815): VFY: unable to resolve virtual method 2391: Landroid/content/Context;.isCredentialProtectedStorage ()Z
D/dalvikvm(15815): VFY: replacing opcode 0x6e at 0x0000
I/dalvikvm(15815): Could not find method android.os.UserManager.isUserUnlocked, referenced from method cub.a
W/dalvikvm(15815): VFY: unable to resolve virtual method 3028: Landroid/os/UserManager;.isUserUnlocked ()Z
D/dalvikvm(15815): VFY: replacing opcode 0x6e at 0x001a
I/dalvikvm(15815): Could not find method android.content.Context.isDeviceProtectedStorage, referenced from method cub.b
W/dalvikvm(15815): VFY: unable to resolve virtual method 2392: Landroid/content/Context;.isDeviceProtectedStorage ()Z
D/dalvikvm(15815): VFY: replacing opcode 0x6e at 0x0000
I/dalvikvm(15815): Could not find method android.content.Context.isDeviceProtectedStorage, referenced from method cub.c
W/dalvikvm(15815): VFY: unable to resolve virtual method 2392: Landroid/content/Context;.isDeviceProtectedStorage ()Z
D/dalvikvm(15815): VFY: replacing opcode 0x6e at 0x0000
I/dalvikvm(15815): Could not find method android.system.Os.readlink, referenced from method cuq.a
W/dalvikvm(15815): VFY: unable to resolve static method 3047: Landroid/system/Os;.readlink (Ljava/lang/String;)Ljava/lang/String;
D/dalvikvm(15815): VFY: replacing opcode 0x71 at 0x0000
I/dalvikvm(15815): Could not find method android.system.Os.stat, referenced from method cuq.a
W/dalvikvm(15815): VFY: unable to resolve static method 3048: Landroid/system/Os;.stat (Ljava/lang/String;)Landroid/system/StructStat;
D/dalvikvm(15815): VFY: replacing opcode 0x71 at 0x0042
I/dalvikvm(15815): Could not find method android.system.Os.symlink, referenced from method cuq.a
W/dalvikvm(15815): VFY: unable to resolve static method 3049: Landroid/system/Os;.symlink (Ljava/lang/String;Ljava/lang/String;)V
D/dalvikvm(15815): VFY: replacing opcode 0x71 at 0x013b
I/dalvikvm(15815): DexOpt: unable to optimize instance field ref 0x04a1 at 0x46 in Lcuq;.a
I/dalvikvm(15815): DexOpt: unable to optimize static field ref 0x049c at 0x48 in Lcuq;.a
I/dalvikvm(15815): DexOpt: unable to optimize static field ref 0x049a at 0x4a in Lcuq;.a
I/dalvikvm(15815): DexOpt: unable to optimize static field ref 0x049b at 0x4d in Lcuq;.a
I/dalvikvm(15815): DexOpt: unable to optimize static field ref 0x049d at 0x57 in Lcuq;.a
I/dalvikvm(15815): DexOpt: unable to optimize static field ref 0x04a0 at 0x5f in Lcuq;.a
I/dalvikvm(15815): DexOpt: unable to optimize static field ref 0x049e at 0x61 in Lcuq;.a
I/dalvikvm(15815): DexOpt: unable to optimize static field ref 0x049f at 0x64 in Lcuq;.a
I/dalvikvm(15815): DexOpt: unable to optimize static field ref 0x049c at 0x7f in Lcuq;.a
I/dalvikvm(15815): DexOpt: unable to optimize static field ref 0x04a0 at 0x90 in Lcuq;.a
D/dalvikvm(15815): GC_CONCURRENT freed 281K, 22% free 3422K/4360K, paused 1ms+0ms, total 5ms
I/dalvikvm(15815): Could not find method android.content.Context.createDeviceProtectedStorageContext, referenced from method jvu.a
W/dalvikvm(15815): VFY: unable to resolve virtual method 2362: Landroid/content/Context;.createDeviceProtectedStorageContext ()Landroid/content/Context;
D/dalvikvm(15815): VFY: replacing opcode 0x6e at 0x0029
I/dalvikvm(15815): Could not find method android.content.Context.getSystemService, referenced from method jvu.b
W/dalvikvm(15815): VFY: unable to resolve virtual method 2387: Landroid/content/Context;.getSystemService (Ljava/lang/Class;)Ljava/lang/Object;
D/dalvikvm(15815): VFY: replacing opcode 0x6e at 0x000b
D/dalvikvm(15815): DexOpt: couldn't find static field Landroid/os/Build;.SUPPORTED_64_BIT_ABIS
W/dalvikvm(15815): VFY: unable to resolve static field 1157 (SUPPORTED_64_BIT_ABIS) in Landroid/os/Build;
D/dalvikvm(15815): VFY: replacing opcode 0x62 at 0x0012
D/dalvikvm(15815): DexOpt: couldn't find static field Landroid/os/Build;.SUPPORTED_32_BIT_ABIS
W/dalvikvm(15815): VFY: unable to resolve static field 1156 (SUPPORTED_32_BIT_ABIS) in Landroid/os/Build;
D/dalvikvm(15815): VFY: replacing opcode 0x62 at 0x0021
D/dalvikvm(15815): DexOpt: couldn't find static field Landroid/os/Build;.SUPPORTED_ABIS
W/dalvikvm(15815): VFY: unable to resolve static field 1158 (SUPPORTED_ABIS) in Landroid/os/Build;
D/dalvikvm(15815): VFY: replacing opcode 0x62 at 0x0008
D/dalvikvm(15815): DexOpt: couldn't find static field Landroid/os/Build;.SUPPORTED_64_BIT_ABIS
W/dalvikvm(15815): VFY: unable to resolve static field 1157 (SUPPORTED_64_BIT_ABIS) in Landroid/os/Build;
D/dalvikvm(15815): VFY: replacing opcode 0x62 at 0x0008
D/dalvikvm(15815): DexOpt: couldn't find static field Landroid/os/Build;.SUPPORTED_64_BIT_ABIS
I/dalvikvm(15815): DexOpt: unable to optimize static field ref 0x0485 at 0x17 in Lcwd;.a
D/dalvikvm(15815): DexOpt: couldn't find static field Landroid/os/Build;.SUPPORTED_32_BIT_ABIS
I/dalvikvm(15815): DexOpt: unable to optimize static field ref 0x0484 at 0x26 in Lcwd;.a
D/dalvikvm(15815): DexOpt: couldn't find static field Landroid/os/Build;.SUPPORTED_64_BIT_ABIS
I/dalvikvm(15815): DexOpt: unable to optimize static field ref 0x0485 at 0x0d in Lcwd;.b
D/DynamitePackage(15815): Instantiated singleton DynamitePackage.
D/DynamitePackage(15815): Instantiating com.google.android.gms.ads.ChimeraAdManagerCreatorImpl
I/dalvikvm(15815): Could not find method android.content.pm.PackageManager.getPackageInstaller, referenced from method jn.a
W/dalvikvm(15815): VFY: unable to resolve virtual method 2060: Landroid/content/pm/PackageManager;.getPackageInstaller ()Landroid/content/pm/PackageInstaller;
D/dalvikvm(15815): VFY: replacing opcode 0x6e at 0x0017
I/dalvikvm(15815): Could not find method android.security.NetworkSecurityPolicy.getInstance, referenced from method com.google.android.gms.ads.internal.util.h.b_
W/dalvikvm(15815): VFY: unable to resolve static method 2591: Landroid/security/NetworkSecurityPolicy;.getInstance ()Landroid/security/NetworkSecurityPolicy;
D/dalvikvm(15815): VFY: replacing opcode 0x71 at 0x0022
D/dalvikvm(15815): GC_CONCURRENT freed 334K, 20% free 3516K/4360K, paused 2ms+1ms, total 6ms
D/dalvikvm(15815): DexOpt: --- BEGIN '1510898742191.jar' (bootstrap=0) ---
I/dalvikvm(15815): Could not find method android.content.pm.PackageManager.isInstantApp, referenced from method qp.a
W/dalvikvm(15815): VFY: unable to resolve virtual method 2065: Landroid/content/pm/PackageManager;.isInstantApp (Ljava/lang/String;)Z
D/dalvikvm(15815): VFY: replacing opcode 0x6e at 0x002d
I/dalvikvm(15815): Could not find method android.content.pm.PackageManager.isInstantApp, referenced from method qo.a
W/dalvikvm(15815): VFY: unable to resolve virtual method 2064: Landroid/content/pm/PackageManager;.isInstantApp ()Z
D/dalvikvm(15815): VFY: replacing opcode 0x6e at 0x0028
I/System.out(15815): body:<com.mopub.volley.toolbox.HurlStack: org.apache.http.HttpResponse performRequest(com.mopub.volley.Request,java.util.Map)>	sig:$r12 = virtualinvoke $r11.<java.net.URL: java.net.URLConnection openConnection()>()	timediff:67
I/System.out(15815): body:<com.mopub.volley.toolbox.HurlStack: org.apache.http.HttpResponse performRequest(com.mopub.volley.Request,java.util.Map)>	sig:virtualinvoke $r13.<java.net.HttpURLConnection: void setConnectTimeout(int)>($i0)	timediff:0
I/System.out(15815): body:<com.mopub.volley.toolbox.HurlStack: org.apache.http.HttpResponse performRequest(com.mopub.volley.Request,java.util.Map)>	sig:virtualinvoke $r13.<java.net.HttpURLConnection: void setReadTimeout(int)>($i0)	timediff:0
I/System.out(15815): body:<com.mopub.volley.toolbox.HurlStack: org.apache.http.HttpResponse performRequest(com.mopub.volley.Request,java.util.Map)>	sig:virtualinvoke $r13.<java.net.HttpURLConnection: void setUseCaches(boolean)>(0)	timediff:0
I/System.out(15815): body:<com.mopub.volley.toolbox.HurlStack: org.apache.http.HttpResponse performRequest(com.mopub.volley.Request,java.util.Map)>	sig:virtualinvoke $r13.<java.net.HttpURLConnection: void setDoInput(boolean)>(1)	timediff:0
I/System.out(15815): body:<com.mopub.volley.toolbox.HurlStack: org.apache.http.HttpResponse performRequest(com.mopub.volley.Request,java.util.Map)>	sig:$r8 = virtualinvoke $r11.<java.net.URL: java.lang.String getProtocol()>()	timediff:0
I/System.out(15815): body:<com.mopub.volley.toolbox.HurlStack: org.apache.http.HttpResponse performRequest(com.mopub.volley.Request,java.util.Map)>	sig:virtualinvoke $r13.<java.net.HttpURLConnection: void addRequestProperty(java.lang.String,java.lang.String)>($r9, $r8)	timediff:0
I/System.out(15815): body:<com.mopub.volley.toolbox.HurlStack: org.apache.http.HttpResponse performRequest(com.mopub.volley.Request,java.util.Map)>	sig:virtualinvoke $r13.<java.net.HttpURLConnection: void addRequestProperty(java.lang.String,java.lang.String)>($r9, $r8)	timediff:0
I/System.out(15815): body:<com.mopub.volley.toolbox.HurlStack: org.apache.http.HttpResponse performRequest(com.mopub.volley.Request,java.util.Map)>	sig:virtualinvoke $r13.<java.net.HttpURLConnection: void setRequestMethod(java.lang.String)>("GET")	timediff:0
I/qtaguid (15815): Tagging socket 78 with tag 469abf7000000000(1184546672) for uid -1 failed errno=-13
I/NetworkManagementSocketTagger(15815): tagSocketFd(78, 1184546672, -1) failed with errno-13
I/dalvikvm(15815): Could not find method android.security.NetworkSecurityPolicy.getInstance, referenced from method com.google.android.gms.c.ld.a
W/dalvikvm(15815): VFY: unable to resolve static method 1924: Landroid/security/NetworkSecurityPolicy;.getInstance ()Landroid/security/NetworkSecurityPolicy;
D/dalvikvm(15815): VFY: replacing opcode 0x71 at 0x005a
I/Ads     (15815): Starting ad request.
I/Ads     (15815): Use AdRequest.Builder.addTestDevice("DADDEACD506FD4BD02989AD39CCF21B7") to get test ads on this device.
I/dalvikvm(15815): Could not find method android.webkit.WebSettings.setMixedContentMode, referenced from method com.google.android.gms.ads.internal.webview.m.<init>
W/dalvikvm(15815): VFY: unable to resolve virtual method 2893: Landroid/webkit/WebSettings;.setMixedContentMode (I)V
D/dalvikvm(15815): VFY: replacing opcode 0x6e at 0x0069
D/dalvikvm(15815): GC_CONCURRENT freed 359K, 17% free 3651K/4360K, paused 0ms+1ms, total 6ms
D/dalvikvm(15815): GC_FOR_ALLOC freed 59K, 17% free 3649K/4360K, paused 3ms, total 3ms
I/dalvikvm-heap(15815): Grow heap (frag case) to 4.230MB for 635808-byte allocation
D/dalvikvm(15815): GC_FOR_ALLOC freed <1K, 15% free 4270K/4984K, paused 2ms, total 2ms
D/dalvikvm(15815): GC_CONCURRENT freed <1K, 15% free 4275K/4984K, paused 0ms+1ms, total 3ms
W/Ads     (15815): Invoke Firebase method getInstance error.
W/Ads     (15815): The Google Mobile Ads SDK will not integrate with Firebase. Admob/Firebase integration requires the latest Firebase SDK jar, but Firebase SDK is either missing or out of date
D/dalvikvm(15815): GC_CONCURRENT freed 180K, 11% free 4479K/4984K, paused 2ms+0ms, total 6ms
I/qtaguid (15815): Tagging socket 105 with tag 469abf7000000000(1184546672) for uid -1 failed errno=-13
I/NetworkManagementSocketTagger(15815): tagSocketFd(105, 1184546672, -1) failed with errno-13
I/qtaguid (15815): Untagging socket 105 failed errno=-13
D/dalvikvm(15815): GC_FOR_ALLOC freed 20K, 5% free 4828K/5072K, paused 4ms, total 4ms
W/NetworkManagementSocketTagger(15815): untagSocket(105) failed with errno -13
I/qtaguid (15815): Tagging socket 104 with tag 469abf7000000000(1184546672) for uid -1 failed errno=-13
D/dalvikvm(15815): GC_FOR_ALLOC freed 48K, 4% free 5355K/5564K, paused 5ms, total 5ms
D/dalvikvm(15815): GC_CONCURRENT freed 5K, 4% free 5379K/5596K, paused 2ms+1ms, total 4ms
I/NetworkManagementSocketTagger(15815): tagSocketFd(104, 1184546672, -1) failed with errno-13
I/qtaguid (15815): Untagging socket 104 failed errno=-13
W/NetworkManagementSocketTagger(15815): untagSocket(104) failed with errno -13
I/qtaguid (15815): Tagging socket 103 with tag 469abf7000000000(1184546672) for uid -1 failed errno=-13
I/NetworkManagementSocketTagger(15815): tagSocketFd(103, 1184546672, -1) failed with errno-13
I/qtaguid (15815): Untagging socket 103 failed errno=-13
W/NetworkManagementSocketTagger(15815): untagSocket(103) failed with errno -13
I/qtaguid (15815): Tagging socket 103 with tag 469abf7000000000(1184546672) for uid -1 failed errno=-13
I/NetworkManagementSocketTagger(15815): tagSocketFd(103, 1184546672, -1) failed with errno-13
I/qtaguid (15815): Untagging socket 103 failed errno=-13
W/NetworkManagementSocketTagger(15815): untagSocket(103) failed with errno -13
I/qtaguid (15815): Tagging socket 103 with tag 469abf7000000000(1184546672) for uid -1 failed errno=-13
I/NetworkManagementSocketTagger(15815): tagSocketFd(103, 1184546672, -1) failed with errno-13
I/qtaguid (15815): Untagging socket 103 failed errno=-13
W/NetworkManagementSocketTagger(15815): untagSocket(103) failed with errno -13
I/qtaguid (15815): Tagging socket 103 with tag 469abf7000000000(1184546672) for uid -1 failed errno=-13
I/NetworkManagementSocketTagger(15815): tagSocketFd(103, 1184546672, -1) failed with errno-13
I/qtaguid (15815): Untagging socket 103 failed errno=-13
W/NetworkManagementSocketTagger(15815): untagSocket(103) failed with errno -13
D/dalvikvm(15815): GC_FOR_ALLOC freed 148K, 4% free 5593K/5816K, paused 2ms, total 2ms
D/dalvikvm(15866): DexOpt: load 0ms, verify+opt 2ms, 287892 bytes
D/dalvikvm(15815): DexOpt: --- END '1510898742191.jar' (success) ---
D/dalvikvm(15815): DEX prep '/data/data/com.camerasideas.trimmer/cache/1510898742191.jar': unzip in 0ms, rewrite 166ms
D/dalvikvm(15815): GC_FOR_ALLOC freed 33K, 3% free 6365K/6544K, paused 2ms, total 3ms
W/ViewRootImpl(15815): Dropping event due to no window focus: KeyEvent { action=ACTION_DOWN, keyCode=KEYCODE_MENU, scanCode=0, metaState=0, flags=0x8, repeatCount=0, eventTime=1015308, downTime=1015308, deviceId=-1, source=0x101 }
W/ViewRootImpl(15815): Dropping event due to no window focus: KeyEvent { action=ACTION_DOWN, keyCode=KEYCODE_DPAD_CENTER, scanCode=0, metaState=0, flags=0x8, repeatCount=0, eventTime=1015868, downTime=1015868, deviceId=-1, source=0x101 }
W/Herrevad(  721): [977] sjl.a: On wifi, but couldn't get security type
W/DebugConnManager(  721): getNetworkInfo() on networkType 0
I/qtaguid (  721): Tagging socket 142 with tag 3000010500000000(805306629) for uid -1 failed errno=-13
I/NetworkManagementSocketTagger(  721): tagSocketFd(142, 805306629, -1) failed with errno-13
D/dalvikvm(  721): GC_CONCURRENT freed 2148K, 43% free 9407K/16360K, paused 2ms+1ms, total 10ms
I/System.out(15815): body:<com.mopub.volley.toolbox.HurlStack: org.apache.http.HttpResponse performRequest(com.mopub.volley.Request,java.util.Map)>	sig:$i0 = virtualinvoke $r13.<java.net.HttpURLConnection: int getResponseCode()>()	timediff:497
I/System.out(15815): body:<com.mopub.volley.toolbox.HurlStack: org.apache.http.HttpResponse performRequest(com.mopub.volley.Request,java.util.Map)>	sig:$i0 = virtualinvoke $r13.<java.net.HttpURLConnection: int getResponseCode()>()	timediff:0
I/System.out(15815): body:<com.mopub.volley.toolbox.HurlStack: org.apache.http.HttpResponse performRequest(com.mopub.volley.Request,java.util.Map)>	sig:$r9 = virtualinvoke $r13.<java.net.HttpURLConnection: java.lang.String getResponseMessage()>()	timediff:0
I/System.out(15815): body:<com.mopub.volley.toolbox.HurlStack: org.apache.http.HttpEntity a(java.net.HttpURLConnection)>	sig:$r1 = virtualinvoke $r0.<java.net.HttpURLConnection: java.io.InputStream getInputStream()>()	timediff:0
I/System.out(15815): body:<empirical.HelperClass: void printURLInfo(java.lang.String,java.lang.String,java.net.URLConnection)>	sig:$r0 = virtualinvoke urlConnection.<java.net.URLConnection: java.net.URL getURL()>()	timediff:0
I/System.out(15815): body:<empirical.HelperClass: void printURLInfo(java.lang.String,java.lang.String,java.net.URLConnection)>	sig:urlString = virtualinvoke $r0.<java.net.URL: java.lang.String toString()>()	timediff:0
I/System.out(15815): body:<empirical.HelperClass: void printURLInfo(java.lang.String,java.lang.String,java.net.URLConnection)>	sig:isDoOutput = virtualinvoke urlConnection.<java.net.URLConnection: boolean getDoOutput()>()	timediff:0
I/System.out(15815): body:<empirical.HelperClass: java.lang.String getHeaderField(java.net.URLConnection,java.lang.String)>	sig:data = virtualinvoke conn.<java.net.URLConnection: java.lang.String getHeaderField(java.lang.String)>(field)	timediff:0
I/System.out(15815): body:<empirical.HelperClass: java.lang.String getHeaderField(java.net.URLConnection,java.lang.String)>	sig:data = virtualinvoke conn.<java.net.URLConnection: java.lang.String getHeaderField(java.lang.String)>(field)	timediff:0
I/System.out(15815): body:<empirical.HelperClass: java.lang.String getHeaderField(java.net.URLConnection,java.lang.String)>	sig:data = virtualinvoke conn.<java.net.URLConnection: java.lang.String getHeaderField(java.lang.String)>(field)	timediff:0
I/System.out(15815): body:<empirical.HelperClass: java.lang.String getHeaderField(java.net.URLConnection,java.lang.String)>	sig:data = virtualinvoke conn.<java.net.URLConnection: java.lang.String getHeaderField(java.lang.String)>(field)	timediff:0
I/System.out(15815): body:<empirical.HelperClass: java.lang.String getHeaderField(java.net.URLConnection,java.lang.String)>	sig:data = virtualinvoke conn.<java.net.URLConnection: java.lang.String getHeaderField(java.lang.String)>(field)	timediff:0
I/System.out(15815): URLConn;%;0;%;<com.mopub.volley.toolbox.HurlStack: org.apache.http.HttpEntity a(java.net.HttpURLConnection)>;%;$r1 = virtualinvoke $r0.<java.net.HttpURLConnection: java.io.InputStream getInputStream()>();%;http://ads.mopub.com/m/ad?v=6&id=078fbd59d0a14f86acf2144315c76a57&nv=4.6.1&dn=samsung%2CSM-G955N%2CSM-G955N&bundle=com.camerasideas.trimmer&z=-0700&o=p&w=720&h=1280&sc_a=1.5&mcc=310&mnc=16&iso=US&cn=T-Mobile&ct=2&av=1.122.12&udid=ifa%3A3ae8f2f4-1b58-4ed6-816b-3ee6c7e3745e&dnt=0&mr=1&android_perms_ext_storage=1;%;false;%;Not found;%;Not found;%;Not found;%;Not found;%;Not found
I/System.out(15815): body:<com.mopub.volley.toolbox.HurlStack: org.apache.http.HttpEntity a(java.net.HttpURLConnection)>	sig:$i1 = virtualinvoke $r0.<java.net.HttpURLConnection: int getContentLength()>()	timediff:0
I/System.out(15815): body:<com.mopub.volley.toolbox.HurlStack: org.apache.http.HttpEntity a(java.net.HttpURLConnection)>	sig:$r3 = virtualinvoke $r0.<java.net.HttpURLConnection: java.lang.String getContentEncoding()>()	timediff:0
I/System.out(15815): body:<com.mopub.volley.toolbox.HurlStack: org.apache.http.HttpEntity a(java.net.HttpURLConnection)>	sig:$r3 = virtualinvoke $r0.<java.net.HttpURLConnection: java.lang.String getContentType()>()	timediff:0
I/System.out(15815): body:<com.mopub.volley.toolbox.HurlStack: org.apache.http.HttpResponse performRequest(com.mopub.volley.Request,java.util.Map)>	sig:$r6 = virtualinvoke $r13.<java.net.HttpURLConnection: java.util.Map getHeaderFields()>()	timediff:0
I/qtaguid (15815): Untagging socket 78 failed errno=-13
W/NetworkManagementSocketTagger(15815): untagSocket(78) failed with errno -13
W/EGL_emulation(15815): eglSurfaceAttrib not implemented 3093 12436
D/OpenGLRenderer(15815): Enabling debug mode 0
W/EGL_emulation(15815): eglSurfaceAttrib not implemented 3093 12436
W/ViewRootImpl(15815): Dropping event due to no window focus: KeyEvent { action=ACTION_DOWN, keyCode=KEYCODE_DPAD_DOWN, scanCode=0, metaState=0, flags=0x8, repeatCount=0, eventTime=1015872, downTime=1015872, deviceId=-1, source=0x101 }
E/ActivityThread(15815): Activity com.camerasideas.trimmer.AdActivity has leaked IntentReceiver com.mopub.mobileads.aa@4a827748 that was originally registered here. Are you missing a call to unregisterReceiver()?
E/ActivityThread(15815): android.app.IntentReceiverLeaked: Activity com.camerasideas.trimmer.AdActivity has leaked IntentReceiver com.mopub.mobileads.aa@4a827748 that was originally registered here. Are you missing a call to unregisterReceiver()?
E/ActivityThread(15815): 	at android.app.LoadedApk$ReceiverDispatcher.<init>(LoadedApk.java:805)
E/ActivityThread(15815): 	at android.app.LoadedApk.getReceiverDispatcher(LoadedApk.java:606)
E/ActivityThread(15815): 	at android.app.ContextImpl.registerReceiverInternal(ContextImpl.java:1443)
E/ActivityThread(15815): 	at android.app.ContextImpl.registerReceiver(ContextImpl.java:1410)
E/ActivityThread(15815): 	at android.app.ContextImpl.registerReceiver(ContextImpl.java:1404)
E/ActivityThread(15815): 	at android.content.ContextWrapper.registerReceiver(ContextWrapper.java:467)
E/ActivityThread(15815): 	at com.mopub.mobileads.MoPubView.<init>(SourceFile:1097)
E/ActivityThread(15815): 	at com.mopub.mobileads.MoPubView.<init>(SourceFile:48)
E/ActivityThread(15815): 	at com.mopub.mobileads.MoPubInterstitial$MoPubInterstitialView.<init>(SourceFile:222)
E/ActivityThread(15815): 	at com.mopub.mobileads.MoPubInterstitial.<init>(SourceFile:50)
E/ActivityThread(15815): 	at com.b.a.a.a(SourceFile:55)
E/ActivityThread(15815): 	at com.camerasideas.trimmer.AdActivity.onCreate(SourceFile:79)
E/ActivityThread(15815): 	at android.app.Activity.performCreate(Activity.java:5231)
E/ActivityThread(15815): 	at android.app.Instrumentation.callActivityOnCreate(Instrumentation.java:1104)
E/ActivityThread(15815): 	at android.app.ActivityThread.performLaunchActivity(ActivityThread.java:2157)
E/ActivityThread(15815): 	at android.app.ActivityThread.handleLaunchActivity(ActivityThread.java:2243)
E/ActivityThread(15815): 	at android.app.ActivityThread.access$800(ActivityThread.java:135)
E/ActivityThread(15815): 	at android.app.ActivityThread$H.handleMessage(ActivityThread.java:1196)
E/ActivityThread(15815): 	at android.os.Handler.dispatchMessage(Handler.java:102)
E/ActivityThread(15815): 	at android.os.Looper.loop(Looper.java:136)
E/ActivityThread(15815): 	at android.app.ActivityThread.main(ActivityThread.java:5019)
E/ActivityThread(15815): 	at java.lang.reflect.Method.invokeNative(Native Method)
E/ActivityThread(15815): 	at java.lang.reflect.Method.invoke(Method.java:515)
E/ActivityThread(15815): 	at com.android.internal.os.ZygoteInit$MethodAndArgsCaller.run(ZygoteInit.java:779)
E/ActivityThread(15815): 	at com.android.internal.os.ZygoteInit.main(ZygoteInit.java:595)
E/ActivityThread(15815): 	at dalvik.system.NativeStart.main(Native Method)
D/MoPub   (15815): Loading custom event interstitial adapter.
D/MoPub   (15815): Attempting to invoke custom event: com.mopub.mobileads.HtmlInterstitial
I/chromium(15815): [INFO:simple_index_file.cc(397)] Simple Cache Index is being restored from disk.
I/ActivityManager(  314): Displayed com.camerasideas.trimmer/.MainActivity: +831ms (total +8s401ms)
W/EGL_emulation(15815): eglSurfaceAttrib not implemented 3093 12436
W/AwContents(15815): nativeOnDraw failed; clearing to background color.
I/qtaguid (  721): Untagging socket 142 failed errno=-13
W/NetworkManagementSocketTagger(  721): untagSocket(142) failed with errno -13
D/dalvikvm(15815): GC_FOR_ALLOC freed 976K, 14% free 6584K/7624K, paused 4ms, total 4ms
W/NetworkManagementSocketTagger(  314): setKernelCountSet(10007, 0) failed with errno -13
D/dalvikvm(15815): GC_CONCURRENT freed <1K, 14% free 6584K/7624K, paused 1ms+2ms, total 6ms
I/System.out(15815): body:<b.a.a.a.a.e.d: java.lang.String c(java.lang.CharSequence)>	sig:specialinvoke $r2.<java.net.URL: void <init>(java.lang.String)>($r1)	timediff:0
I/System.out(15815): <b.a.a.a.a.e.d: java.lang.String c(java.lang.CharSequence)>###specialinvoke $r2.<java.net.URL: void <init>(java.lang.String)>($r1)###https://settings.crashlytics.com/spi/v2/platforms/android/apps/com.camerasideas.trimmer/settings?instance=d47d90b31ea208e5b23001d36b618250bcd83182&source=1&build_version=12&icon_hash=37a8b6c51a27daa1fd9ed99883132c7e9240d075&display_version=1.122.12
I/System.out(15815): body:<b.a.a.a.a.e.d: java.lang.String c(java.lang.CharSequence)>	sig:$r3 = virtualinvoke $r2.<java.net.URL: java.lang.String getHost()>()	timediff:0
I/System.out(15815): body:<b.a.a.a.a.e.d: java.lang.String c(java.lang.CharSequence)>	sig:$i0 = virtualinvoke $r2.<java.net.URL: int getPort()>()	timediff:0
I/System.out(15815): body:<b.a.a.a.a.e.d: java.lang.String c(java.lang.CharSequence)>	sig:$r3 = virtualinvoke $r2.<java.net.URL: java.lang.String getProtocol()>()	timediff:0
I/System.out(15815): body:<b.a.a.a.a.e.d: java.lang.String c(java.lang.CharSequence)>	sig:$r6 = virtualinvoke $r2.<java.net.URL: java.lang.String getPath()>()	timediff:0
I/System.out(15815): body:<b.a.a.a.a.e.d: java.lang.String c(java.lang.CharSequence)>	sig:$r7 = virtualinvoke $r2.<java.net.URL: java.lang.String getQuery()>()	timediff:0
I/System.out(15815): body:<b.a.a.a.a.e.d: java.lang.String c(java.lang.CharSequence)>	sig:specialinvoke $r5.<java.net.URI: void <init>(java.lang.String,java.lang.String,java.lang.String,java.lang.String,java.lang.String)>($r3, $r1, $r6, $r7, null)	timediff:0
I/System.out(15815): body:<b.a.a.a.a.e.d: java.lang.String c(java.lang.CharSequence)>	sig:$r7 = virtualinvoke $r5.<java.net.URI: java.lang.String toASCIIString()>()	timediff:0
I/System.out(15815): body:<b.a.a.a.a.e.d: void <init>(java.lang.CharSequence,java.lang.String)>	sig:specialinvoke $r4.<java.net.URL: void <init>(java.lang.String)>($r3)	timediff:4
I/System.out(15815): <b.a.a.a.a.e.d: void <init>(java.lang.CharSequence,java.lang.String)>###specialinvoke $r4.<java.net.URL: void <init>(java.lang.String)>($r3)###https://settings.crashlytics.com/spi/v2/platforms/android/apps/com.camerasideas.trimmer/settings?instance=d47d90b31ea208e5b23001d36b618250bcd83182&source=1&build_version=12&icon_hash=37a8b6c51a27daa1fd9ed99883132c7e9240d075&display_version=1.122.12
I/System.out(15815): body:<b.a.a.a.a.e.f: java.net.HttpURLConnection a(java.net.URL)>	sig:$r2 = virtualinvoke $r1.<java.net.URL: java.net.URLConnection openConnection()>()	timediff:1
I/System.out(15815): body:<b.a.a.a.a.e.d: java.net.HttpURLConnection e()>	sig:virtualinvoke $r6.<java.net.HttpURLConnection: void setRequestMethod(java.lang.String)>($r1)	timediff:0
I/System.out(15815): body:<b.a.a.a.a.b.a: b.a.a.a.a.e.d a(java.util.Map)>	sig:virtualinvoke $r5.<java.net.HttpURLConnection: void setUseCaches(boolean)>(0)	timediff:0
I/System.out(15815): body:<b.a.a.a.a.b.a: b.a.a.a.a.e.d a(java.util.Map)>	sig:virtualinvoke $r5.<java.net.HttpURLConnection: void setConnectTimeout(int)>(10000)	timediff:0
I/System.out(15815): body:<b.a.a.a.a.e.d: b.a.a.a.a.e.d a(java.lang.String,java.lang.String)>	sig:virtualinvoke $r3.<java.net.HttpURLConnection: void setRequestProperty(java.lang.String,java.lang.String)>($r1, $r2)	timediff:0
I/System.out(15815): body:<b.a.a.a.a.e.d: b.a.a.a.a.e.d a(java.lang.String,java.lang.String)>	sig:virtualinvoke $r3.<java.net.HttpURLConnection: void setRequestProperty(java.lang.String,java.lang.String)>($r1, $r2)	timediff:0
I/System.out(15815): body:<b.a.a.a.a.e.d: b.a.a.a.a.e.d a(java.lang.String,java.lang.String)>	sig:virtualinvoke $r3.<java.net.HttpURLConnection: void setRequestProperty(java.lang.String,java.lang.String)>($r1, $r2)	timediff:0
I/System.out(15815): body:<b.a.a.a.a.e.d: b.a.a.a.a.e.d a(java.lang.String,java.lang.String)>	sig:virtualinvoke $r3.<java.net.HttpURLConnection: void setRequestProperty(java.lang.String,java.lang.String)>($r1, $r2)	timediff:0
I/System.out(15815): body:<b.a.a.a.a.e.d: b.a.a.a.a.e.d a(java.lang.String,java.lang.String)>	sig:virtualinvoke $r3.<java.net.HttpURLConnection: void setRequestProperty(java.lang.String,java.lang.String)>($r1, $r2)	timediff:0
I/System.out(15815): body:<b.a.a.a.a.e.d: b.a.a.a.a.e.d a(java.lang.String,java.lang.String)>	sig:virtualinvoke $r3.<java.net.HttpURLConnection: void setRequestProperty(java.lang.String,java.lang.String)>($r1, $r2)	timediff:0
I/System.out(15815): body:<b.a.a.a.a.e.d: b.a.a.a.a.e.d a(java.lang.String,java.lang.String)>	sig:virtualinvoke $r3.<java.net.HttpURLConnection: void setRequestProperty(java.lang.String,java.lang.String)>($r1, $r2)	timediff:0
I/chromium(15815): [INFO:async_pixel_transfer_manager_android.cc(56)] Async pixel transfers not supported
I/chromium(15815): [INFO:async_pixel_transfer_manager_android.cc(56)] Async pixel transfers not supported
D/dalvikvm(15815): GC_CONCURRENT freed 969K, 14% free 6858K/7892K, paused 1ms+1ms, total 7ms
I/chromium(15815): [INFO:CONSOLE(0)] "Creating Application Cache with manifest https://googleads.g.doubleclick.net/mads/static/mad/sdk/native/sdk-core-v40-loader.appcache", source: https://googleads.g.doubleclick.net/mads/static/mad/sdk/native/sdk-core-v40-loader.html (0)
I/chromium(15815): [INFO:CONSOLE(0)] "Application Cache Checking event", source: https://googleads.g.doubleclick.net/mads/static/mad/sdk/native/sdk-core-v40-loader.html (0)
I/chromium(15815): [INFO:CONSOLE(0)] "Application Cache Downloading event", source: https://googleads.g.doubleclick.net/mads/static/mad/sdk/native/sdk-core-v40-loader.html (0)
I/chromium(15815): [INFO:CONSOLE(0)] "Application Cache Progress event (0 of 1) https://googleads.g.doubleclick.net/mads/static/mad/sdk/native/production/sdk-core-v40-impl.js", source: https://googleads.g.doubleclick.net/mads/static/mad/sdk/native/sdk-core-v40-loader.html (0)
I/ActivityManager(  314): START u0 {act=android.intent.action.MAIN cat=[android.intent.category.LAUNCHER] flg=0x10200000 cmp=com.camerasideas.trimmer/.AdActivity} from pid 15805
W/System.err(15815): java.lang.IllegalArgumentException: Unknown package: com.facebook.katana
W/System.err(15815): 	at android.os.Parcel.readException(Parcel.java:1469)
W/System.err(15815): 	at android.os.Parcel.readException(Parcel.java:1419)
W/System.err(15815): 	at android.content.pm.IPackageManager$Stub$Proxy.getApplicationEnabledSetting(IPackageManager.java:3013)
W/System.err(15815): 	at android.app.ApplicationPackageManager.getApplicationEnabledSetting(ApplicationPackageManager.java:1327)
W/System.err(15815): 	at com.camerasideas.b.aa.b(SourceFile:1318)
W/System.err(15815): 	at com.camerasideas.trimmer.AdActivity.onCreate(SourceFile:2572)
W/System.err(15815): 	at android.app.Activity.performCreate(Activity.java:5231)
W/System.err(15815): 	at android.app.Instrumentation.callActivityOnCreate(Instrumentation.java:1104)
W/System.err(15815): 	at android.app.ActivityThread.performLaunchActivity(ActivityThread.java:2157)
W/System.err(15815): 	at android.app.ActivityThread.handleLaunchActivity(ActivityThread.java:2243)
W/System.err(15815): 	at android.app.ActivityThread.access$800(ActivityThread.java:135)
W/System.err(15815): 	at android.app.ActivityThread$H.handleMessage(ActivityThread.java:1196)
W/System.err(15815): 	at android.os.Handler.dispatchMessage(Handler.java:102)
W/System.err(15815): 	at android.os.Looper.loop(Looper.java:136)
W/System.err(15815): 	at android.app.ActivityThread.main(ActivityThread.java:5019)
W/System.err(15815): 	at java.lang.reflect.Method.invokeNative(Native Method)
W/System.err(15815): 	at java.lang.reflect.Method.invoke(Method.java:515)
W/System.err(15815): 	at com.android.internal.os.ZygoteInit$MethodAndArgsCaller.run(ZygoteInit.java:779)
W/System.err(15815): 	at com.android.internal.os.ZygoteInit.main(ZygoteInit.java:595)
W/System.err(15815): 	at dalvik.system.NativeStart.main(Native Method)
D/MoPub   (15815): Loading url: http://ads.mopub.com/m/ad?v=6&id=078fbd59d0a14f86acf2144315c76a57&nv=4.6.1&dn=samsung%2CSM-G955N%2CSM-G955N&bundle=com.camerasideas.trimmer&z=-0700&o=p&w=720&h=1280&sc_a=1.5&mcc=310&mnc=16&iso=US&cn=T-Mobile&ct=2&av=1.122.12&udid=mp_tmpl_advertising_id&dnt=mp_tmpl_do_not_track&mr=1&android_perms_ext_storage=1
E/MoPubInterstitialAd(15815): Mopub: Initialize interstitial AD
I/ActivityManager(  314): START u0 {cmp=com.camerasideas.trimmer/.MainActivity} from pid 15815
W/ViewRootImpl(15815): Dropping event due to no window focus: KeyEvent { action=ACTION_DOWN, keyCode=KEYCODE_DPAD_LEFT, scanCode=0, metaState=0, flags=0x8, repeatCount=0, eventTime=1016549, downTime=1016549, deviceId=-1, source=0x101 }
I/System.out(15815): body:<com.mopub.volley.toolbox.HurlStack: org.apache.http.HttpResponse performRequest(com.mopub.volley.Request,java.util.Map)>	sig:specialinvoke $r11.<java.net.URL: void <init>(java.lang.String)>($r9)	timediff:0
I/System.out(15815): <com.mopub.volley.toolbox.HurlStack: org.apache.http.HttpResponse performRequest(com.mopub.volley.Request,java.util.Map)>###specialinvoke $r11.<java.net.URL: void <init>(java.lang.String)>($r9)###http://ads.mopub.com/m/ad?v=6&id=078fbd59d0a14f86acf2144315c76a57&nv=4.6.1&dn=samsung%2CSM-G955N%2CSM-G955N&bundle=com.camerasideas.trimmer&z=-0700&o=p&w=720&h=1280&sc_a=1.5&mcc=310&mnc=16&iso=US&cn=T-Mobile&ct=2&av=1.122.12&udid=ifa%3A3ae8f2f4-1b58-4ed6-816b-3ee6c7e3745e&dnt=0&mr=1&android_perms_ext_storage=1
I/System.out(15815): body:<com.mopub.volley.toolbox.HurlStack: org.apache.http.HttpResponse performRequest(com.mopub.volley.Request,java.util.Map)>	sig:$r12 = virtualinvoke $r11.<java.net.URL: java.net.URLConnection openConnection()>()	timediff:1
I/System.out(15815): body:<com.mopub.volley.toolbox.HurlStack: org.apache.http.HttpResponse performRequest(com.mopub.volley.Request,java.util.Map)>	sig:virtualinvoke $r13.<java.net.HttpURLConnection: void setConnectTimeout(int)>($i0)	timediff:0
I/System.out(15815): body:<com.mopub.volley.toolbox.HurlStack: org.apache.http.HttpResponse performRequest(com.mopub.volley.Request,java.util.Map)>	sig:virtualinvoke $r13.<java.net.HttpURLConnection: void setReadTimeout(int)>($i0)	timediff:0
I/System.out(15815): body:<com.mopub.volley.toolbox.HurlStack: org.apache.http.HttpResponse performRequest(com.mopub.volley.Request,java.util.Map)>	sig:virtualinvoke $r13.<java.net.HttpURLConnection: void setUseCaches(boolean)>(0)	timediff:0
I/System.out(15815): body:<com.mopub.volley.toolbox.HurlStack: org.apache.http.HttpResponse performRequest(com.mopub.volley.Request,java.util.Map)>	sig:virtualinvoke $r13.<java.net.HttpURLConnection: void setDoInput(boolean)>(1)	timediff:0
I/System.out(15815): body:<com.mopub.volley.toolbox.HurlStack: org.apache.http.HttpResponse performRequest(com.mopub.volley.Request,java.util.Map)>	sig:$r8 = virtualinvoke $r11.<java.net.URL: java.lang.String getProtocol()>()	timediff:0
I/System.out(15815): body:<com.mopub.volley.toolbox.HurlStack: org.apache.http.HttpResponse performRequest(com.mopub.volley.Request,java.util.Map)>	sig:virtualinvoke $r13.<java.net.HttpURLConnection: void addRequestProperty(java.lang.String,java.lang.String)>($r9, $r8)	timediff:0
I/System.out(15815): body:<com.mopub.volley.toolbox.HurlStack: org.apache.http.HttpResponse performRequest(com.mopub.volley.Request,java.util.Map)>	sig:virtualinvoke $r13.<java.net.HttpURLConnection: void addRequestProperty(java.lang.String,java.lang.String)>($r9, $r8)	timediff:0
I/System.out(15815): body:<com.mopub.volley.toolbox.HurlStack: org.apache.http.HttpResponse performRequest(com.mopub.volley.Request,java.util.Map)>	sig:virtualinvoke $r13.<java.net.HttpURLConnection: void setRequestMethod(java.lang.String)>("GET")	timediff:0
I/qtaguid (15815): Tagging socket 78 with tag 469abf7000000000(1184546672) for uid -1 failed errno=-13
I/NetworkManagementSocketTagger(15815): tagSocketFd(78, 1184546672, -1) failed with errno-13
I/qtaguid (15815): Tagging socket 112 with tag 9e9c01a800000000(-1633943128) for uid -1 failed errno=-13
I/NetworkManagementSocketTagger(15815): tagSocketFd(112, -1633943128, -1) failed with errno-13
I/qtaguid (15815): Tagging socket 117 with tag 9e9c01a800000000(-1633943128) for uid -1 failed errno=-13
I/NetworkManagementSocketTagger(15815): tagSocketFd(117, -1633943128, -1) failed with errno-13
I/qtaguid (15815): Untagging socket 117 failed errno=-13
W/NetworkManagementSocketTagger(15815): untagSocket(117) failed with errno -13
I/qtaguid (15815): Tagging socket 117 with tag 9e9c01a800000000(-1633943128) for uid -1 failed errno=-13
I/NetworkManagementSocketTagger(15815): tagSocketFd(117, -1633943128, -1) failed with errno-13
I/qtaguid (15815): Untagging socket 117 failed errno=-13
W/NetworkManagementSocketTagger(15815): untagSocket(117) failed with errno -13
I/qtaguid (15815): Tagging socket 117 with tag 9e9c01a800000000(-1633943128) for uid -1 failed errno=-13
I/NetworkManagementSocketTagger(15815): tagSocketFd(117, -1633943128, -1) failed with errno-13
I/qtaguid (15815): Untagging socket 117 failed errno=-13
W/NetworkManagementSocketTagger(15815): untagSocket(117) failed with errno -13
I/qtaguid (15815): Tagging socket 117 with tag 9e9c01a800000000(-1633943128) for uid -1 failed errno=-13
I/NetworkManagementSocketTagger(15815): tagSocketFd(117, -1633943128, -1) failed with errno-13
I/qtaguid (15815): Untagging socket 117 failed errno=-13
W/NetworkManagementSocketTagger(15815): untagSocket(117) failed with errno -13
I/qtaguid (15815): Tagging socket 117 with tag 9e9c01a800000000(-1633943128) for uid -1 failed errno=-13
I/NetworkManagementSocketTagger(15815): tagSocketFd(117, -1633943128, -1) failed with errno-13
I/qtaguid (15815): Untagging socket 117 failed errno=-13
