V/AsyncHttpRH(15085): Progress 69688 from 97757 (71%)
V/AsyncHttpRH(15085): Progress 73784 from 97757 (75%)
V/AsyncHttpRH(15085): Progress 77880 from 97757 (80%)
V/AsyncHttpRH(15085): Progress 81976 from 97757 (84%)
V/AsyncHttpRH(15085): Progress 86072 from 97757 (88%)
V/AsyncHttpRH(15085): Progress 90168 from 97757 (92%)
V/AsyncHttpRH(15085): Progress 94264 from 97757 (96%)
V/AsyncHttpRH(15085): Progress 97757 from 97757 (100%)
D/emuglGLESv2_enc(  936): #00  pc 0000f45a  /system/lib/egl/libGLESv2_adreno.so (glStartTilingQCOM+90)
D/emuglGLESv2_enc(  936): #01  pc 000199c7  /system/lib/libhwui.so (android::uirenderer::Caches::startTiling(unsigned int, unsigned int, unsigned int, unsigned int, bool)+87)
D/emuglGLESv2_enc(  936): #02  pc 00037572  /system/lib/libhwui.so
D/emuglGLESv2_enc(  936): #03  pc 00038d8f  /system/lib/libhwui.so
D/emuglGLESv2_enc(  936): #04  pc 000c14a3  /system/lib/libandroid_runtime.so
D/emuglGLESv2_enc(  936): #05  pc 00034b9b  /system/lib/libdvm.so (dvmPlatformInvoke+79)
E/emuglGLESv2_enc(  936): Function is unsupported
D/emuglGLESv2_enc(  936): #00  pc 0000f3e0  /system/lib/egl/libGLESv2_adreno.so (glEndTilingQCOM+64)
D/emuglGLESv2_enc(  936): #01  pc 00019a01  /system/lib/libhwui.so (android::uirenderer::Caches::endTiling()+49)
D/emuglGLESv2_enc(  936): #02  pc 000389a9  /system/lib/libhwui.so
D/emuglGLESv2_enc(  936): #03  pc 000be13f  /system/lib/libandroid_runtime.so
D/emuglGLESv2_enc(  936): #04  pc 00034b9b  /system/lib/libdvm.so (dvmPlatformInvoke+79)
E/emuglGLESv2_enc(  936): Function is unsupported
V/AsyncHttpRH(15085): Progress 72608 from 86157 (84%)
V/AsyncHttpRH(15085): Progress 76704 from 86157 (89%)
V/AsyncHttpRH(15085): Progress 80800 from 86157 (94%)
V/AsyncHttpRH(15085): Progress 84896 from 86157 (99%)
V/AsyncHttpRH(15085): Progress 86157 from 86157 (100%)
V/AsyncHttpRH(15085): Progress 103552 from 134420 (77%)
V/AsyncHttpRH(15085): Progress 107648 from 134420 (80%)
V/AsyncHttpRH(15085): Progress 111744 from 134420 (83%)
V/AsyncHttpRH(15085): Progress 115840 from 134420 (86%)
V/AsyncHttpRH(15085): Progress 119936 from 134420 (89%)
V/AsyncHttpRH(15085): Progress 122532 from 134420 (91%)
V/AsyncHttpRH(15085): Progress 126628 from 134420 (94%)
V/AsyncHttpRH(15085): Progress 126912 from 134420 (94%)
V/AsyncHttpRH(15085): Progress 131008 from 134420 (97%)
V/AsyncHttpRH(15085): Progress 134420 from 134420 (100%)
I/ActivityManager(  314): START u0 {act=android.intent.action.MAIN cat=[android.intent.category.LAUNCHER] flg=0x10200000 cmp=com.ants360.yicamera.international/com.ants360.yicamera.activity.SplashActivity} from pid 15075
I/ActivityManager(  314): START u0 {act=android.intent.action.MAIN cat=[android.intent.category.LAUNCHER] flg=0x10200000 cmp=com.ants360.yicamera.international/com.ants360.yicamera.activity.SplashActivity} from pid 15075
I/ActivityManager(  314): START u0 {act=android.intent.action.MAIN cat=[android.intent.category.LAUNCHER] flg=0x10200000 cmp=com.ants360.yicamera.international/com.ants360.yicamera.activity.SplashActivity} from pid 15075
D/dalvikvm(15117): GC_CONCURRENT freed 372K, 11% free 3648K/4084K, paused 0ms+0ms, total 4ms
I/ActivityManager(  314): START u0 {act=android.intent.action.MAIN cat=[android.intent.category.LAUNCHER] flg=0x10200000 cmp=com.ants360.yicamera.international/com.ants360.yicamera.activity.SplashActivity} from pid 15075
I/ActivityManager(  314): START u0 {act=android.intent.action.MAIN cat=[android.intent.category.LAUNCHER] flg=0x10200000 cmp=com.ants360.yicamera.international/com.ants360.yicamera.activity.SplashActivity} from pid 15075
I/ActivityManager(  314): START u0 {act=android.intent.action.MAIN cat=[android.intent.category.HOME] flg=0x10200000 cmp=com.vphone.launcher/.Launcher} from pid 314
I/ActivityManager(  314): START u0 {act=android.intent.action.MAIN cat=[android.intent.category.LAUNCHER] flg=0x10200000 cmp=com.ants360.yicamera.international/com.ants360.yicamera.activity.SplashActivity} from pid 15075
I/ActivityManager(  314): START u0 {act=android.intent.action.MAIN cat=[android.intent.category.HOME] flg=0x10200000 cmp=com.vphone.launcher/.Launcher} from pid 314
I/ActivityManager(  314): START u0 {act=android.intent.action.MAIN cat=[android.intent.category.LAUNCHER] flg=0x10200000 cmp=com.ants360.yicamera.international/com.ants360.yicamera.activity.SplashActivity} from pid 15075
I/ActivityManager(  314): START u0 {act=android.intent.action.MAIN cat=[android.intent.category.LAUNCHER] flg=0x10200000 cmp=com.ants360.yicamera.international/com.ants360.yicamera.activity.SplashActivity} from pid 15075
D/AntsLog (15085): SplashActivity:onPause
W/NetworkManagementSocketTagger(  314): setKernelCountSet(10007, 0) failed with errno -13
D/AntsLog (15085): LoginAreaSelectActivity:onCreate
I/ActivityManager(  314): START u0 {cmp=com.ants360.yicamera.international/com.ants360.yicamera.activity.login.LoginAreaSelectActivity} from pid 15085
I/Finsky  (  936): [1] com.google.android.finsky.cg.a.onTrimMemory(5): Memory trim requested to level 20
I/Finsky  (  936): [1] com.google.android.finsky.cg.a.onTrimMemory(11): Flushing in-memory image cache
W/NetworkManagementSocketTagger(  314): setKernelCountSet(10012, 0) failed with errno -13
D/dalvikvm(15085): GC_FOR_ALLOC freed 1167K, 18% free 6350K/7696K, paused 2ms, total 2ms
D/AntsLog (15085): LoginAreaSelectActivity:onResume
W/ViewRootImpl(15085): Dropping event due to no window focus: MotionEvent { action=ACTION_MOVE, id[0]=0, x[0]=-1.0, y[0]=-2.0, toolType[0]=TOOL_TYPE_UNKNOWN, buttonState=0, metaState=0, flags=0x0, edgeFlags=0x0, pointerCount=1, historySize=15, eventTime=983721, downTime=-1, deviceId=0, source=0x10004 }
I/System.out(15117): body:<com.xiaomi.channel.commonutils.network.d: com.xiaomi.channel.commonutils.network.b a(android.content.Context,java.lang.String,java.lang.String,java.util.Map,java.lang.String)>	sig:$r17 = virtualinvoke $r8.<java.net.HttpURLConnection: java.io.OutputStream getOutputStream()>()	timediff:925
W/EGL_emulation(15085): eglSurfaceAttrib not implemented 3093 12436
W/ViewRootImpl(15085): Dropping event due to no window focus: MotionEvent { action=ACTION_MOVE, id[0]=0, x[0]=-3.0, y[0]=3.0, toolType[0]=TOOL_TYPE_UNKNOWN, buttonState=0, metaState=0, flags=0x0, edgeFlags=0x0, pointerCount=1, historySize=3, eventTime=983784, downTime=-1, deviceId=0, source=0x10004 }
W/ViewRootImpl(15085): Dropping event due to no window focus: KeyEvent { action=ACTION_DOWN, keyCode=KEYCODE_DPAD_CENTER, scanCode=0, metaState=0, flags=0x8, repeatCount=0, eventTime=983785, downTime=983785, deviceId=-1, source=0x101 }
I/ActivityManager(  314): Displayed com.ants360.yicamera.international/com.ants360.yicamera.activity.login.LoginAreaSelectActivity: +118ms
W/ViewRootImpl(15085): Dropping event due to no window focus: KeyEvent { action=ACTION_DOWN, keyCode=KEYCODE_INSERT, scanCode=0, metaState=0, flags=0x8, repeatCount=0, eventTime=983803, downTime=983803, deviceId=-1, source=0x101 }
W/ContextImpl(  314): Calling a method in the system process without a qualified user: android.app.ContextImpl.sendBroadcast:1123 com.android.server.InputMethodManagerService.hideCurrentInputLocked:1880 com.android.server.InputMethodManagerService.windowGainedFocus:1968 com.android.internal.view.IInputMethodManager$Stub.onTransact:221 com.android.server.InputMethodManagerService.onTransact:818 
I/System.out(15117): body:<com.xiaomi.channel.commonutils.network.d: com.xiaomi.channel.commonutils.network.b a(android.content.Context,java.lang.String,java.lang.String,java.util.Map,java.lang.String)>	sig:$i0 = virtualinvoke $r8.<java.net.HttpURLConnection: int getResponseCode()>()	timediff:273
D/com.xiaomi.common.Network(15117): Http POST Response Code: 200
I/System.out(15117): body:<com.xiaomi.channel.commonutils.network.d: com.xiaomi.channel.commonutils.network.b a(android.content.Context,java.lang.String,java.lang.String,java.util.Map,java.lang.String)>	sig:$r4 = virtualinvoke $r8.<java.net.HttpURLConnection: java.lang.String getHeaderFieldKey(int)>($i0)	timediff:0
I/System.out(15117): body:<com.xiaomi.channel.commonutils.network.d: com.xiaomi.channel.commonutils.network.b a(android.content.Context,java.lang.String,java.lang.String,java.util.Map,java.lang.String)>	sig:$r2 = virtualinvoke $r8.<java.net.HttpURLConnection: java.lang.String getHeaderField(int)>($i0)	timediff:0
I/System.out(15117): body:<com.xiaomi.channel.commonutils.network.d: com.xiaomi.channel.commonutils.network.b a(android.content.Context,java.lang.String,java.lang.String,java.util.Map,java.lang.String)>	sig:$r4 = virtualinvoke $r8.<java.net.HttpURLConnection: java.lang.String getHeaderFieldKey(int)>($i0)	timediff:0
I/System.out(15117): body:<com.xiaomi.channel.commonutils.network.d: com.xiaomi.channel.commonutils.network.b a(android.content.Context,java.lang.String,java.lang.String,java.util.Map,java.lang.String)>	sig:$r2 = virtualinvoke $r8.<java.net.HttpURLConnection: java.lang.String getHeaderField(int)>($i0)	timediff:0
I/System.out(15117): body:<com.xiaomi.channel.commonutils.network.d: com.xiaomi.channel.commonutils.network.b a(android.content.Context,java.lang.String,java.lang.String,java.util.Map,java.lang.String)>	sig:$r4 = virtualinvoke $r8.<java.net.HttpURLConnection: java.lang.String getHeaderFieldKey(int)>($i0)	timediff:0
I/System.out(15117): body:<com.xiaomi.channel.commonutils.network.d: com.xiaomi.channel.commonutils.network.b a(android.content.Context,java.lang.String,java.lang.String,java.util.Map,java.lang.String)>	sig:$r2 = virtualinvoke $r8.<java.net.HttpURLConnection: java.lang.String getHeaderField(int)>($i0)	timediff:0
I/System.out(15117): body:<com.xiaomi.channel.commonutils.network.d: com.xiaomi.channel.commonutils.network.b a(android.content.Context,java.lang.String,java.lang.String,java.util.Map,java.lang.String)>	sig:$r4 = virtualinvoke $r8.<java.net.HttpURLConnection: java.lang.String getHeaderFieldKey(int)>($i0)	timediff:0
I/System.out(15117): body:<com.xiaomi.channel.commonutils.network.d: com.xiaomi.channel.commonutils.network.b a(android.content.Context,java.lang.String,java.lang.String,java.util.Map,java.lang.String)>	sig:$r2 = virtualinvoke $r8.<java.net.HttpURLConnection: java.lang.String getHeaderField(int)>($i0)	timediff:0
I/System.out(15117): body:<com.xiaomi.channel.commonutils.network.d: com.xiaomi.channel.commonutils.network.b a(android.content.Context,java.lang.String,java.lang.String,java.util.Map,java.lang.String)>	sig:$r4 = virtualinvoke $r8.<java.net.HttpURLConnection: java.lang.String getHeaderFieldKey(int)>($i0)	timediff:0
I/System.out(15117): body:<com.xiaomi.channel.commonutils.network.d: com.xiaomi.channel.commonutils.network.b a(android.content.Context,java.lang.String,java.lang.String,java.util.Map,java.lang.String)>	sig:$r2 = virtualinvoke $r8.<java.net.HttpURLConnection: java.lang.String getHeaderField(int)>($i0)	timediff:0
I/System.out(15117): body:<com.xiaomi.channel.commonutils.network.d: com.xiaomi.channel.commonutils.network.b a(android.content.Context,java.lang.String,java.lang.String,java.util.Map,java.lang.String)>	sig:$r4 = virtualinvoke $r8.<java.net.HttpURLConnection: java.lang.String getHeaderFieldKey(int)>($i0)	timediff:0
I/System.out(15117): body:<com.xiaomi.channel.commonutils.network.d: com.xiaomi.channel.commonutils.network.b a(android.content.Context,java.lang.String,java.lang.String,java.util.Map,java.lang.String)>	sig:$r2 = virtualinvoke $r8.<java.net.HttpURLConnection: java.lang.String getHeaderField(int)>($i0)	timediff:0
I/System.out(15117): body:<com.xiaomi.channel.commonutils.network.d: com.xiaomi.channel.commonutils.network.b a(android.content.Context,java.lang.String,java.lang.String,java.util.Map,java.lang.String)>	sig:$r21 = virtualinvoke $r8.<java.net.HttpURLConnection: java.io.InputStream getInputStream()>()	timediff:0
I/System.out(15117): body:<empirical.HelperClass: void printURLInfo(java.lang.String,java.lang.String,java.net.URLConnection)>	sig:$r0 = virtualinvoke urlConnection.<java.net.URLConnection: java.net.URL getURL()>()	timediff:0
I/System.out(15117): body:<empirical.HelperClass: void printURLInfo(java.lang.String,java.lang.String,java.net.URLConnection)>	sig:urlString = virtualinvoke $r0.<java.net.URL: java.lang.String toString()>()	timediff:0
I/System.out(15117): body:<empirical.HelperClass: void printURLInfo(java.lang.String,java.lang.String,java.net.URLConnection)>	sig:isDoOutput = virtualinvoke urlConnection.<java.net.URLConnection: boolean getDoOutput()>()	timediff:0
I/System.out(15117): body:<empirical.HelperClass: java.lang.String getHeaderField(java.net.URLConnection,java.lang.String)>	sig:data = virtualinvoke conn.<java.net.URLConnection: java.lang.String getHeaderField(java.lang.String)>(field)	timediff:0
I/System.out(15117): body:<empirical.HelperClass: java.lang.String getHeaderField(java.net.URLConnection,java.lang.String)>	sig:data = virtualinvoke conn.<java.net.URLConnection: java.lang.String getHeaderField(java.lang.String)>(field)	timediff:0
I/System.out(15117): body:<empirical.HelperClass: java.lang.String getHeaderField(java.net.URLConnection,java.lang.String)>	sig:data = virtualinvoke conn.<java.net.URLConnection: java.lang.String getHeaderField(java.lang.String)>(field)	timediff:0
I/System.out(15117): body:<empirical.HelperClass: java.lang.String getHeaderField(java.net.URLConnection,java.lang.String)>	sig:data = virtualinvoke conn.<java.net.URLConnection: java.lang.String getHeaderField(java.lang.String)>(field)	timediff:0
I/System.out(15117): body:<empirical.HelperClass: java.lang.String getHeaderField(java.net.URLConnection,java.lang.String)>	sig:data = virtualinvoke conn.<java.net.URLConnection: java.lang.String getHeaderField(java.lang.String)>(field)	timediff:0
I/System.out(15117): URLConn;%;0;%;<com.xiaomi.channel.commonutils.network.d: com.xiaomi.channel.commonutils.network.b a(android.content.Context,java.lang.String,java.lang.String,java.util.Map,java.lang.String)>;%;$r21 = virtualinvoke $r8.<java.net.HttpURLConnection: java.io.InputStream getInputStream()>();%;https://register.xmpush.xiaomi.com/pass/register;%;true;%;401;%;Not found;%;Not found;%;Not found;%;Not found
V/xiaomi  (15085): [Thread:1] Don't send message before initialization succeeded!
V/xiaomi  (15117): [Thread:400] JOB: do reconnect..
V/xiaomi  (15117): [Thread:400] update the connection status. disconnected -> connecting : ERROR_OK 
I/System.out(15117): body:<com.xiaomi.smack.l: com.xiaomi.network.Fallback c(java.lang.String)>	sig:$r5 = staticinvoke <java.net.InetAddress: java.net.InetAddress getByName(java.lang.String)>($r1)	timediff:0
I/System.out(15117): body:<com.xiaomi.smack.l: com.xiaomi.network.Fallback c(java.lang.String)>	sig:$r6 = virtualinvoke $r5.<java.net.InetAddress: byte[] getAddress()>()	timediff:0
V/xiaomi  (15117): [Thread:400] begin to connect to 42.62.94.2:443
I/System.out(15117): body:<com.xiaomi.smack.l: java.net.Socket v()>	sig:specialinvoke $r1.<java.net.Socket: void <init>()>()	timediff:0
I/System.out(15117): body:<com.xiaomi.smack.l: void a(java.lang.String,int)>	sig:virtualinvoke $r13.<java.net.Socket: void bind(java.net.SocketAddress)>(null)	timediff:0
I/System.out(15117): body:<com.xiaomi.network.Host: java.net.InetSocketAddress b(java.lang.String,int)>	sig:specialinvoke $r1.<java.net.InetSocketAddress: void <init>(java.lang.String,int)>($r0, $i0)	timediff:0
I/System.out(15117): body:<com.xiaomi.push.service.ab$a: java.lang.String a(java.lang.String)>	sig:specialinvoke $r6.<java.net.URL: void <init>(java.lang.String)>($r1)	timediff:0
I/System.out(15117): <com.xiaomi.push.service.ab$a: java.lang.String a(java.lang.String)>###specialinvoke $r6.<java.net.URL: void <init>(java.lang.String)>($r1)###http://resolver.msg.xiaomi.net:80/gslb/?ver=3.0&type=wifi&uuid=0&list=app.chat.xiaomi.net%2Cresolver.msg.xiaomi.net&sdkver=21&osver=19&os=SM-G955N%3A381180401&mi=0
I/System.out(15117): body:<com.xiaomi.push.service.ab$a: java.lang.String a(java.lang.String)>	sig:$i0 = virtualinvoke $r6.<java.net.URL: int getPort()>()	timediff:0
I/System.out(15117): body:<com.xiaomi.push.service.ab$a: java.lang.String a(java.lang.String)>	sig:$i0 = virtualinvoke $r6.<java.net.URL: int getPort()>()	timediff:0
I/System.out(15117): body:<com.xiaomi.channel.commonutils.network.d: java.io.InputStream a(android.content.Context,java.net.URL,boolean,java.lang.String,java.lang.String,java.util.Map,com.xiaomi.channel.commonutils.network.d$b)>	sig:$r7 = virtualinvoke $r1.<java.net.URL: java.lang.String toString()>()	timediff:0
I/System.out(15117): body:<com.xiaomi.channel.commonutils.network.d: java.io.InputStream a(android.content.Context,java.net.URL,boolean,java.lang.String,java.lang.String,java.util.Map,com.xiaomi.channel.commonutils.network.d$b)>	sig:specialinvoke $r8.<java.net.URL: void <init>(java.lang.String)>($r7)	timediff:0
I/System.out(15117): <com.xiaomi.channel.commonutils.network.d: java.io.InputStream a(android.content.Context,java.net.URL,boolean,java.lang.String,java.lang.String,java.util.Map,com.xiaomi.channel.commonutils.network.d$b)>###specialinvoke $r8.<java.net.URL: void <init>(java.lang.String)>($r7)###http://resolver.msg.xiaomi.net:80/gslb/?ver=3.0&type=wifi&uuid=0&list=app.chat.xiaomi.net%2Cresolver.msg.xiaomi.net&sdkver=21&osver=19&os=SM-G955N%3A381180401&mi=0&key=c03a939f3b64443347b820ac18dfae8c
I/System.out(15117): body:<com.xiaomi.channel.commonutils.network.d: java.io.InputStream a(android.content.Context,java.net.URL,boolean,java.lang.String,java.lang.String,java.util.Map,com.xiaomi.channel.commonutils.network.d$b)>	sig:staticinvoke <java.net.HttpURLConnection: void setFollowRedirects(boolean)>(1)	timediff:0
I/System.out(15117): body:<com.xiaomi.channel.commonutils.network.d: java.net.HttpURLConnection b(android.content.Context,java.net.URL)>	sig:$r4 = virtualinvoke $r1.<java.net.URL: java.lang.String getProtocol()>()	timediff:0
I/System.out(15117): body:<com.xiaomi.channel.commonutils.network.d: java.net.HttpURLConnection b(android.content.Context,java.net.URL)>	sig:$r5 = virtualinvoke $r1.<java.net.URL: java.net.URLConnection openConnection()>()	timediff:0
I/System.out(15117): body:<com.xiaomi.channel.commonutils.network.d: java.io.InputStream a(android.content.Context,java.net.URL,boolean,java.lang.String,java.lang.String,java.util.Map,com.xiaomi.channel.commonutils.network.d$b)>	sig:virtualinvoke $r9.<java.net.HttpURLConnection: void setConnectTimeout(int)>(10000)	timediff:0
I/System.out(15117): body:<com.xiaomi.channel.commonutils.network.d: java.io.InputStream a(android.content.Context,java.net.URL,boolean,java.lang.String,java.lang.String,java.util.Map,com.xiaomi.channel.commonutils.network.d$b)>	sig:virtualinvoke $r9.<java.net.HttpURLConnection: void setReadTimeout(int)>(15000)	timediff:0
W/ViewRootImpl(15085): Dropping event due to no window focus: KeyEvent { action=ACTION_DOWN, keyCode=KEYCODE_DPAD_DOWN, scanCode=0, metaState=0, flags=0x8, repeatCount=0, eventTime=984069, downTime=984069, deviceId=-1, source=0x101 }
I/InputDispatcher(  314): Dropped event because of pending overdue app switch.
W/InputManager(  314): Input event injection from pid 15075 failed.
W/EGL_emulation(15085): eglSurfaceAttrib not implemented 3093 12436
W/InputEventReceiver(15085): Attempted to finish an input event but the input event receiver has already been disposed.
W/ViewRootImpl(15085): Dropping event due to root view being removed: KeyEvent { action=ACTION_DOWN, keyCode=KEYCODE_MENU, scanCode=0, metaState=0, flags=0x8, repeatCount=0, eventTime=984217, downTime=984217, deviceId=-1, source=0x101 }
W/ViewRootImpl(15085): Dropping event due to no window focus: KeyEvent { action=ACTION_DOWN, keyCode=KEYCODE_MOVE_END, scanCode=0, metaState=0, flags=0x8, repeatCount=0, eventTime=984233, downTime=984233, deviceId=-1, source=0x101 }
I/System.out(15117): body:<com.xiaomi.smack.l: void a(java.lang.String,int)>	sig:virtualinvoke $r13.<java.net.Socket: void connect(java.net.SocketAddress,int)>($r14, 8000)	timediff:172
V/xiaomi  (15117): [Thread:400] tcp connected
I/System.out(15117): body:<com.xiaomi.smack.l: void a(java.lang.String,int)>	sig:virtualinvoke $r13.<java.net.Socket: void setTcpNoDelay(boolean)>(1)	timediff:0
I/System.out(15117): body:<com.xiaomi.smack.l: void z()>	sig:$r4 = virtualinvoke $r3.<java.net.Socket: java.io.InputStream getInputStream()>()	timediff:0
I/System.out(15117): body:<com.xiaomi.smack.l: void z()>	sig:$r7 = virtualinvoke $r3.<java.net.Socket: java.io.OutputStream getOutputStream()>()	timediff:0
V/xiaomi  (15117): [Thread:400] begin to openstream...
W/ContextImpl(  314): Calling a method in the system process without a qualified user: android.app.ContextImpl.sendBroadcast:1123 com.android.server.InputMethodManagerService.hideCurrentInputLocked:1880 com.android.server.InputMethodManagerService.windowGainedFocus:1968 com.android.internal.view.IInputMethodManager$Stub.onTransact:221 com.android.server.InputMethodManagerService.onTransact:818 
V/xiaomi  (15117): [Thread:400] load config failure: /data/data/com.ants360.yicamera.international/files/XMCloudCfg: open failed: ENOENT (No such file or directory)
V/xiaomi  (15117): [Thread:400] connected to 42.62.94.2:443 in 177
D/dalvikvm(15117): GC_CONCURRENT freed 372K, 11% free 3753K/4200K, paused 1ms+1ms, total 6ms
W/ViewRootImpl(15085): Dropping event due to no window focus: KeyEvent { action=ACTION_DOWN, keyCode=KEYCODE_MENU, scanCode=0, metaState=0, flags=0x8, repeatCount=0, eventTime=984260, downTime=984260, deviceId=-1, source=0x101 }
W/ViewRootImpl(15085): Dropping event due to no window focus: KeyEvent { action=ACTION_DOWN, keyCode=KEYCODE_DPAD_UP, scanCode=0, metaState=0, flags=0x8, repeatCount=0, eventTime=984262, downTime=984262, deviceId=-1, source=0x101 }
W/ViewRootImpl(15085): Dropping event due to no window focus: KeyEvent { action=ACTION_DOWN, keyCode=KEYCODE_DPAD_RIGHT, scanCode=0, metaState=0, flags=0x8, repeatCount=0, eventTime=984266, downTime=984266, deviceId=-1, source=0x101 }
W/InputMethodManagerService(  314): Window already focused, ignoring focus gain of: com.android.internal.view.IInputMethodClient$Stub$Proxy@4aa0e000 attribute=android.view.inputmethod.EditorInfo@4aae61c4, token = android.os.BinderProxy@4a97b8b0
I/ActivityManager(  314): START u0 {cmp=com.ants360.yicamera.international/com.ants360.yicamera.activity.login.LoginPlatformInternationalActivity} from pid 15085
D/AntsLog (15085): LoginAreaSelectActivity:onPause
D/AntsLog (15085): LoginPlatformInternationalActivity:onCreate
D/dalvikvm(15085): GC_CONCURRENT freed 278K, 7% free 7160K/7696K, paused 1ms+1ms, total 6ms
D/AntsLog (15085): LoginPlatformInternationalActivity:onResume
W/EGL_emulation(15085): eglSurfaceAttrib not implemented 3093 12436
V/xiaomi  (15117): 
V/xiaomi  (15117): java.lang.Exception: SMACK: server close the connection or timeout happened, last element name= host=42.62.94.2:443
V/xiaomi  (15117): 	at com.xiaomi.smack.g.f(dalvik_source_com.ants360.yicamera.international.apk)
V/xiaomi  (15117): 	at com.xiaomi.smack.g.a(dalvik_source_com.ants360.yicamera.international.apk)
V/xiaomi  (15117): 	at com.xiaomi.smack.h.run(dalvik_source_com.ants360.yicamera.international.apk)
V/xiaomi  (15117): [Thread:400] JOB: shutdown the connection. 9, java.lang.Exception: SMACK: server close the connection or timeout happened, last element name= host=42.62.94.2:443
V/xiaomi  (15117): [Thread:400] disconnect 1250150584, 1249991524
V/xiaomi  (15117): [Thread:400] update the connection status. connecting -> disconnected : ERROR_READ_ERROR 
V/InputMethodService(  630): onEvaluateInputViewShown: config.hardKeyboardHidden = 1
V/xiaomi  (15117): [Thread:400] schedule reconnect in 0ms
W/ViewRootImpl(15085): Dropping event due to no window focus: KeyEvent { action=ACTION_DOWN, keyCode=KEYCODE_STB_INPUT, scanCode=0, metaState=0, flags=0x8, repeatCount=0, eventTime=984335, downTime=984335, deviceId=-1, source=0x101 }
W/ViewRootImpl(15085): Dropping event due to no window focus: KeyEvent { action=ACTION_DOWN, keyCode=KEYCODE_BUTTON_A, scanCode=0, metaState=0, flags=0x8, repeatCount=0, eventTime=984412, downTime=984412, deviceId=-1, source=0x101 }
W/ViewRootImpl(15085): Dropping event due to no window focus: KeyEvent { action=ACTION_DOWN, keyCode=KEYCODE_DPAD_CENTER, scanCode=0, metaState=0, flags=0x8, repeatCount=0, eventTime=984412, downTime=984412, deviceId=-1, source=0x101 }
W/ContextImpl(  314): Calling a method in the system process without a qualified user: android.app.ContextImpl.sendBroadcast:1123 com.android.server.InputMethodManagerService.showCurrentInputLocked:1791 com.android.server.InputMethodManagerService.windowGainedFocus:1985 com.android.internal.view.IInputMethodManager$Stub.onTransact:221 com.android.server.InputMethodManagerService.onTransact:818 
I/System.out(15117): body:<com.xiaomi.smack.l: void b(com.xiaomi.smack.packet.f,int,java.lang.Exception)>	sig:virtualinvoke $r5.<java.net.Socket: void close()>()	timediff:0
V/xiaomi  (15117): [Thread:400] JOB: do reconnect..
V/xiaomi  (15117): [Thread:400] update the connection status. disconnected -> connecting : ERROR_OK 
I/System.out(15117): body:<com.xiaomi.smack.l: com.xiaomi.network.Fallback c(java.lang.String)>	sig:$r5 = staticinvoke <java.net.InetAddress: java.net.InetAddress getByName(java.lang.String)>($r1)	timediff:0
I/System.out(15117): body:<com.xiaomi.smack.l: com.xiaomi.network.Fallback c(java.lang.String)>	sig:$r6 = virtualinvoke $r5.<java.net.InetAddress: byte[] getAddress()>()	timediff:0
V/xiaomi  (15117): [Thread:400] begin to connect to 42.62.94.2:443
I/System.out(15117): body:<com.xiaomi.smack.l: java.net.Socket v()>	sig:specialinvoke $r1.<java.net.Socket: void <init>()>()	timediff:0
I/System.out(15117): body:<com.xiaomi.smack.l: void a(java.lang.String,int)>	sig:virtualinvoke $r13.<java.net.Socket: void bind(java.net.SocketAddress)>(null)	timediff:0
I/System.out(15117): body:<com.xiaomi.network.Host: java.net.InetSocketAddress b(java.lang.String,int)>	sig:specialinvoke $r1.<java.net.InetSocketAddress: void <init>(java.lang.String,int)>($r0, $i0)	timediff:0
I/System.out(15117): body:<com.xiaomi.channel.commonutils.network.d: java.io.InputStream a(android.content.Context,java.net.URL,boolean,java.lang.String,java.lang.String,java.util.Map,com.xiaomi.channel.commonutils.network.d$b)>	sig:$r16 = virtualinvoke $r9.<java.net.HttpURLConnection: java.io.InputStream getInputStream()>()	timediff:366
I/System.out(15117): body:<empirical.HelperClass: void printURLInfo(java.lang.String,java.lang.String,java.net.URLConnection)>	sig:$r0 = virtualinvoke urlConnection.<java.net.URLConnection: java.net.URL getURL()>()	timediff:0
I/System.out(15117): body:<empirical.HelperClass: void printURLInfo(java.lang.String,java.lang.String,java.net.URLConnection)>	sig:urlString = virtualinvoke $r0.<java.net.URL: java.lang.String toString()>()	timediff:0
I/System.out(15117): body:<empirical.HelperClass: void printURLInfo(java.lang.String,java.lang.String,java.net.URLConnection)>	sig:isDoOutput = virtualinvoke urlConnection.<java.net.URLConnection: boolean getDoOutput()>()	timediff:0
I/System.out(15117): body:<empirical.HelperClass: java.lang.String getHeaderField(java.net.URLConnection,java.lang.String)>	sig:data = virtualinvoke conn.<java.net.URLConnection: java.lang.String getHeaderField(java.lang.String)>(field)	timediff:0
I/System.out(15117): body:<empirical.HelperClass: java.lang.String getHeaderField(java.net.URLConnection,java.lang.String)>	sig:data = virtualinvoke conn.<java.net.URLConnection: java.lang.String getHeaderField(java.lang.String)>(field)	timediff:0
I/System.out(15117): body:<empirical.HelperClass: java.lang.String getHeaderField(java.net.URLConnection,java.lang.String)>	sig:data = virtualinvoke conn.<java.net.URLConnection: java.lang.String getHeaderField(java.lang.String)>(field)	timediff:0
I/System.out(15117): body:<empirical.HelperClass: java.lang.String getHeaderField(java.net.URLConnection,java.lang.String)>	sig:data = virtualinvoke conn.<java.net.URLConnection: java.lang.String getHeaderField(java.lang.String)>(field)	timediff:0
I/System.out(15117): body:<empirical.HelperClass: java.lang.String getHeaderField(java.net.URLConnection,java.lang.String)>	sig:data = virtualinvoke conn.<java.net.URLConnection: java.lang.String getHeaderField(java.lang.String)>(field)	timediff:0
I/System.out(15117): URLConn;%;1;%;<com.xiaomi.channel.commonutils.network.d: java.io.InputStream a(android.content.Context,java.net.URL,boolean,java.lang.String,java.lang.String,java.util.Map,com.xiaomi.channel.commonutils.network.d$b)>;%;$r16 = virtualinvoke $r9.<java.net.HttpURLConnection: java.io.InputStream getInputStream()>();%;http://resolver.msg.xiaomi.net:80/gslb/?ver=3.0&type=wifi&uuid=0&list=app.chat.xiaomi.net%2Cresolver.msg.xiaomi.net&sdkver=21&osver=19&os=SM-G955N%3A381180401&mi=0&key=c03a939f3b64443347b820ac18dfae8c;%;false;%;1390;%;Not found;%;Not found;%;Not found;%;Not found
I/System.out(15117): body:<com.xiaomi.push.service.ab$a: java.lang.String a(java.lang.String)>	sig:$r1 = virtualinvoke $r6.<java.net.URL: java.lang.String getHost()>()	timediff:0
V/xiaomi  (15117): [Thread:402] get bucket: ip = 68.181.99.207 net = wifi hosts = {"app.chat.xiaomi.net":["47.74.170.155:5222","47.74.172.9:5222","47.74.193.5:5222","47.74.193.6:5222","47.74.171.176:5222","47.74.170.158:5222","47.74.170.157:5222","47.74.170.156:5222","47.74.170.155:80","47.74.172.9:80","47.74.193.5:80","47.74.193.6:80","47.74.171.176:80","47.74.170.158:80","47.74.170.157:80","47.74.170.156:80","47.74.171.176:443","47.74.170.158:443","47.74.170.157:443","47.74.170.156:443","47.74.170.155:443","47.74.172.9:443","47.74.193.5:443","47.74.193.6:443"],"resolver.msg.xiaomi.net":["LB-IM-11-1803639322.ap-southeast-1.elb.amazonaws.com:80"]}
I/ActivityManager(  314): Displayed com.ants360.yicamera.international/com.ants360.yicamera.activity.login.LoginPlatformInternationalActivity: +99ms
V/xiaomi  (15085): [Thread:419] receive an intent from server, action=com.xiaomi.mipush.ERROR
V/xiaomi  (15085): receive a error message. code = 70000001, msg=  the push is not connected.
V/InputMethodService(  630): onEvaluateInputViewShown: config.hardKeyboardHidden = 1
W/ContextImpl(  314): Calling a method in the system process without a qualified user: android.app.ContextImpl.sendBroadcast:1123 com.android.server.InputMethodManagerService.showCurrentInputLocked:1791 com.android.server.InputMethodManagerService.attachNewInputLocked:1095 com.android.server.InputMethodManagerService.startInputUncheckedLocked:1166 com.android.server.InputMethodManagerService.startInputLocked:1128 
I/System.out(15117): body:<com.xiaomi.smack.l: void a(java.lang.String,int)>	sig:virtualinvoke $r13.<java.net.Socket: void connect(java.net.SocketAddress,int)>($r14, 8000)	timediff:181
V/xiaomi  (15117): [Thread:400] tcp connected
I/System.out(15117): body:<com.xiaomi.smack.l: void a(java.lang.String,int)>	sig:virtualinvoke $r13.<java.net.Socket: void setTcpNoDelay(boolean)>(1)	timediff:0
I/System.out(15117): body:<com.xiaomi.smack.l: void z()>	sig:$r4 = virtualinvoke $r3.<java.net.Socket: java.io.InputStream getInputStream()>()	timediff:0
I/System.out(15117): body:<com.xiaomi.smack.l: void z()>	sig:$r7 = virtualinvoke $r3.<java.net.Socket: java.io.OutputStream getOutputStream()>()	timediff:0
V/xiaomi  (15117): [Thread:400] begin to openstream...
V/xiaomi  (15117): [Thread:400] connected to 42.62.94.2:443 in 181
D/dalvikvm(15117): GC_CONCURRENT freed 424K, 12% free 3756K/4260K, paused 0ms+0ms, total 4ms
V/InputMethodService(  630): onEvaluateInputViewShown: config.hardKeyboardHidden = 1
W/ContextImpl(  314): Calling a method in the system process without a qualified user: android.app.ContextImpl.sendBroadcast:1123 com.android.server.InputMethodManagerService.showCurrentInputLocked:1791 com.android.server.InputMethodManagerService.attachNewInputLocked:1095 com.android.server.InputMethodManagerService.startInputUncheckedLocked:1166 com.android.server.InputMethodManagerService.startInputLocked:1128 
D/AntsLog (15085): LoginAreaSelectActivity:onStop
D/AntsLog (15085): LoginAreaSelectActivity:onDestroy
V/InputMethodService(  630): onEvaluateInputViewShown: config.hardKeyboardHidden = 1
W/ContextImpl(  314): Calling a method in the system process without a qualified user: android.app.ContextImpl.sendBroadcast:1123 com.android.server.InputMethodManagerService.showCurrentInputLocked:1791 com.android.server.InputMethodManagerService.showSoftInput:1753 com.android.internal.view.IInputMethodManager$Stub.onTransact:175 com.android.server.InputMethodManagerService.onTransact:818 
W/ViewRootImpl(15085): Dropping event due to no window focus: MotionEvent { action=ACTION_MOVE, id[0]=0, x[0]=-4.0, y[0]=-3.0, toolType[0]=TOOL_TYPE_UNKNOWN, buttonState=0, metaState=0, flags=0x0, edgeFlags=0x0, pointerCount=1, historySize=3, eventTime=984636, downTime=-1, deviceId=0, source=0x10004 }
W/ViewRootImpl(15085): Dropping event due to no window focus: KeyEvent { action=ACTION_DOWN, keyCode=KEYCODE_PLUS, scanCode=0, metaState=0, flags=0x8, repeatCount=0, eventTime=984636, downTime=984636, deviceId=-1, source=0x101 }
W/EGL_emulation(15085): eglSurfaceAttrib not implemented 3093 12436
W/ViewRootImpl(15085): Dropping event due to no window focus: KeyEvent { action=ACTION_DOWN, keyCode=KEYCODE_DPAD_LEFT, scanCode=0, metaState=0, flags=0x8, repeatCount=0, eventTime=984651, downTime=984651, deviceId=-1, source=0x101 }
I/ActivityManager(  314): START u0 {act=android.intent.action.MAIN cat=[android.intent.category.LAUNCHER] flg=0x10000000 sel={act=android.intent.action.MAIN cat=[android.intent.category.APP_CALENDAR]}} from pid 314
W/InputMethodManagerService(  314): Window already focused, ignoring focus gain of: com.android.internal.view.IInputMethodClient$Stub$Proxy@4aa26e5c attribute=null, token = android.os.BinderProxy@4a9e0558
W/SurfaceFlinger(  172): couldn't log to binary event log: overflow.
V/InputMethodService(  630): onEvaluateInputViewShown: config.hardKeyboardHidden = 1
W/ContextImpl(  314): Calling a method in the system process without a qualified user: android.app.ContextImpl.sendBroadcast:1123 com.android.server.InputMethodManagerService.showCurrentInputLocked:1791 com.android.server.InputMethodManagerService.attachNewInputLocked:1095 com.android.server.InputMethodManagerService.startInputUncheckedLocked:1166 com.android.server.InputMethodManagerService.startInputLocked:1128 
V/InputMethodService(  630): onEvaluateInputViewShown: config.hardKeyboardHidden = 1
W/ContextImpl(  314): Calling a method in the system process without a qualified user: android.app.ContextImpl.sendBroadcast:1123 com.android.server.InputMethodManagerService.showCurrentInputLocked:1791 com.android.server.InputMethodManagerService.attachNewInputLocked:1095 com.android.server.InputMethodManagerService.startInputUncheckedLocked:1166 com.android.server.InputMethodManagerService.startInputLocked:1128 
I/ActivityManager(  314): START u0 {act=android.intent.action.CALL_BUTTON flg=0x10000000} from pid 15085
W/PhoneFallbackEventHandler(15085): No activity found for android.intent.action.CALL_BUTTON.
V/InputMethodService(  630): onEvaluateInputViewShown: config.hardKeyboardHidden = 1
W/ContextImpl(  314): Calling a method in the system process without a qualified user: android.app.ContextImpl.sendBroadcast:1123 com.android.server.InputMethodManagerService.showCurrentInputLocked:1791 com.android.server.InputMethodManagerService.showSoftInput:1753 com.android.internal.view.IInputMethodManager$Stub.onTransact:175 com.android.server.InputMethodManagerService.onTransact:818 
I/ActivityManager(  314): START u0 {act=android.intent.action.MAIN cat=[android.intent.category.LAUNCHER] flg=0x10200000 cmp=com.ants360.yicamera.international/com.ants360.yicamera.activity.SplashActivity} from pid 15075
V/InputMethodService(  630): onEvaluateInputViewShown: config.hardKeyboardHidden = 1
W/ContextImpl(  314): Calling a method in the system process without a qualified user: android.app.ContextImpl.sendBroadcast:1123 com.android.server.InputMethodManagerService.showCurrentInputLocked:1791 com.android.server.InputMethodManagerService.showSoftInput:1753 com.android.internal.view.IInputMethodManager$Stub.onTransact:175 com.android.server.InputMethodManagerService.onTransact:818 
V/InputMethodService(  630): onEvaluateInputViewShown: config.hardKeyboardHidden = 1
W/ContextImpl(  314): Calling a method in the system process without a qualified user: android.app.ContextImpl.sendBroadcast:1123 com.android.server.InputMethodManagerService.showCurrentInputLocked:1791 com.android.server.InputMethodManagerService.showSoftInput:1753 com.android.internal.view.IInputMethodManager$Stub.onTransact:175 com.android.server.InputMethodManagerService.onTransact:818 
V/xiaomi  (15117): 
V/xiaomi  (15117): java.lang.Exception: SMACK: server close the connection or timeout happened, last element name= host=42.62.94.2:443
V/xiaomi  (15117): 	at com.xiaomi.smack.g.f(dalvik_source_com.ants360.yicamera.international.apk)
V/xiaomi  (15117): 	at com.xiaomi.smack.g.a(dalvik_source_com.ants360.yicamera.international.apk)
V/xiaomi  (15117): 	at com.xiaomi.smack.h.run(dalvik_source_com.ants360.yicamera.international.apk)
V/xiaomi  (15117): [Thread:400] JOB: shutdown the connection. 9, java.lang.Exception: SMACK: server close the connection or timeout happened, last element name= host=42.62.94.2:443
V/xiaomi  (15117): [Thread:400] disconnect 1250150584, 1249991524
V/xiaomi  (15117): [Thread:400] update the connection status. connecting -> disconnected : ERROR_READ_ERROR 
V/xiaomi  (15117): [Thread:400] schedule reconnect in 10000ms
I/System.out(15117): body:<com.xiaomi.smack.l: void b(com.xiaomi.smack.packet.f,int,java.lang.Exception)>	sig:virtualinvoke $r5.<java.net.Socket: void close()>()	timediff:0
V/xiaomi  (15117): [Thread:400] max short conn time reached, sink down current host:42.62.94.2:443
V/InputMethodService(  630): onEvaluateInputViewShown: config.hardKeyboardHidden = 1
W/ContextImpl(  314): Calling a method in the system process without a qualified user: android.app.ContextImpl.sendBroadcast:1123 com.android.server.InputMethodManagerService.showCurrentInputLocked:1791 com.android.server.InputMethodManagerService.attachNewInputLocked:1095 com.android.server.InputMethodManagerService.startInputUncheckedLocked:1166 com.android.server.InputMethodManagerService.startInputLocked:1128 
V/xiaomi  (15085): [Thread:420] Could not send  register message within 5s repeatly .
D/AntsLog (15085): SplashActivity:onStop
D/AntsLog (15085): SplashActivity:onDestroy
V/InputMethodService(  630): onEvaluateInputViewShown: config.hardKeyboardHidden = 1
W/ContextImpl(  314): Calling a method in the system process without a qualified user: android.app.ContextImpl.sendBroadcast:1123 com.android.server.InputMethodManagerService.showCurrentInputLocked:1791 com.android.server.InputMethodManagerService.showSoftInput:1753 com.android.internal.view.IInputMethodManager$Stub.onTransact:175 com.android.server.InputMethodManagerService.onTransact:818 
V/InputMethodService(  630): onEvaluateInputViewShown: config.hardKeyboardHidden = 1
W/ContextImpl(  314): Calling a method in the system process without a qualified user: android.app.ContextImpl.sendBroadcast:1123 com.android.server.InputMethodManagerService.showCurrentInputLocked:1791 com.android.server.InputMethodManagerService.attachNewInputLocked:1095 com.android.server.InputMethodManagerService.startInputUncheckedLocked:1166 com.android.server.InputMethodManagerService.startInputLocked:1128 
V/InputMethodService(  630): onEvaluateInputViewShown: config.hardKeyboardHidden = 1
W/ContextImpl(  314): Calling a method in the system process without a qualified user: android.app.ContextImpl.sendBroadcast:1123 com.android.server.InputMethodManagerService.showCurrentInputLocked:1791 com.android.server.InputMethodManagerService.attachNewInputLocked:1095 com.android.server.InputMethodManagerService.startInputUncheckedLocked:1166 com.android.server.InputMethodManagerService.startInputLocked:1128 
V/InputMethodService(  630): onEvaluateInputViewShown: config.hardKeyboardHidden = 1
W/ContextImpl(  314): Calling a method in the system process without a qualified user: android.app.ContextImpl.sendBroadcast:1123 com.android.server.InputMethodManagerService.showCurrentInputLocked:1791 com.android.server.InputMethodManagerService.attachNewInputLocked:1095 com.android.server.InputMethodManagerService.startInputUncheckedLocked:1166 com.android.server.InputMethodManagerService.startInputLocked:1128 
V/InputMethodService(  630): onEvaluateInputViewShown: config.hardKeyboardHidden = 1
W/ContextImpl(  314): Calling a method in the system process without a qualified user: android.app.ContextImpl.sendBroadcast:1123 com.android.server.InputMethodManagerService.showCurrentInputLocked:1791 com.android.server.InputMethodManagerService.attachNewInputLocked:1095 com.android.server.InputMethodManagerService.startInputUncheckedLocked:1166 com.android.server.InputMethodManagerService.startInputLocked:1128 
V/InputMethodService(  630): onEvaluateInputViewShown: config.hardKeyboardHidden = 1
W/ContextImpl(  314): Calling a method in the system process without a qualified user: android.app.ContextImpl.sendBroadcast:1123 com.android.server.InputMethodManagerService.showCurrentInputLocked:1791 com.android.server.InputMethodManagerService.attachNewInputLocked:1095 com.android.server.InputMethodManagerService.startInputUncheckedLocked:1166 com.android.server.InputMethodManagerService.startInputLocked:1128 
I/WearableService(  644): Wearable Services stopping
V/InputMethodService(  630): onEvaluateInputViewShown: config.hardKeyboardHidden = 1
V/InputMethodService(  630): onEvaluateInputViewShown: config.hardKeyboardHidden = 1
W/ContextImpl(  314): Calling a method in the system process without a qualified user: android.app.ContextImpl.sendBroadcast:1123 com.android.server.InputMethodManagerService.showCurrentInputLocked:1791 com.android.server.InputMethodManagerService.attachNewInputLocked:1095 com.android.server.InputMethodManagerService.startInputUncheckedLocked:1166 com.android.server.InputMethodManagerService.startInputLocked:1128 
W/ContextImpl(  314): Calling a method in the system process without a qualified user: android.app.ContextImpl.sendBroadcast:1123 com.android.server.InputMethodManagerService.showCurrentInputLocked:1791 com.android.server.InputMethodManagerService.showSoftInput:1753 com.android.internal.view.IInputMethodManager$Stub.onTransact:175 com.android.server.InputMethodManagerService.onTransact:818 
V/InputMethodService(  630): onEvaluateInputViewShown: config.hardKeyboardHidden = 1
W/ContextImpl(  314): Calling a method in the system process without a qualified user: android.app.ContextImpl.sendBroadcast:1123 com.android.server.InputMethodManagerService.showCurrentInputLocked:1791 com.android.server.InputMethodManagerService.attachNewInputLocked:1095 com.android.server.InputMethodManagerService.startInputUncheckedLocked:1166 com.android.server.InputMethodManagerService.startInputLocked:1128 
V/InputMethodService(  630): onEvaluateInputViewShown: config.hardKeyboardHidden = 1
W/ContextImpl(  314): Calling a method in the system process without a qualified user: android.app.ContextImpl.sendBroadcast:1123 com.android.server.InputMethodManagerService.showCurrentInputLocked:1791 com.android.server.InputMethodManagerService.showSoftInput:1753 com.android.internal.view.IInputMethodManager$Stub.onTransact:175 com.android.server.InputMethodManagerService.onTransact:818 
V/InputMethodService(  630): onEvaluateInputViewShown: config.hardKeyboardHidden = 1
W/ContextImpl(  314): Calling a method in the system process without a qualified user: android.app.ContextImpl.sendBroadcast:1123 com.android.server.InputMethodManagerService.showCurrentInputLocked:1791 com.android.server.InputMethodManagerService.showSoftInput:1753 com.android.internal.view.IInputMethodManager$Stub.onTransact:175 com.android.server.InputMethodManagerService.onTransact:818 
I/ActivityManager(  314): START u0 {act=android.intent.action.MAIN cat=[android.intent.category.HOME] flg=0x10200000 cmp=com.vphone.launcher/.Launcher} from pid 314
D/dalvikvm(  314): GC_FOR_ALLOC freed 2783K, 53% free 15216K/32052K, paused 14ms, total 15ms
V/InputMethodService(  630): onEvaluateInputViewShown: config.hardKeyboardHidden = 1
D/dalvikvm(  314): GC_CONCURRENT freed 214K, 53% free 15238K/32052K, paused 3ms+2ms, total 27ms
V/InputMethodService(  630): onEvaluateInputViewShown: config.hardKeyboardHidden = 1
W/ContextImpl(  314): Calling a method in the system process without a qualified user: android.app.ContextImpl.sendBroadcast:1123 com.android.server.InputMethodManagerService.showCurrentInputLocked:1791 com.android.server.InputMethodManagerService.attachNewInputLocked:1095 com.android.server.InputMethodManagerService.startInputUncheckedLocked:1166 com.android.server.InputMethodManagerService.startInputLocked:1128 
W/ContextImpl(  314): Calling a method in the system process without a qualified user: android.app.ContextImpl.sendBroadcast:1123 com.android.server.InputMethodManagerService.showCurrentInputLocked:1791 com.android.server.InputMethodManagerService.showSoftInput:1753 com.android.internal.view.IInputMethodManager$Stub.onTransact:175 com.android.server.InputMethodManagerService.onTransact:818 
V/InputMethodService(  630): onEvaluateInputViewShown: config.hardKeyboardHidden = 1
W/ContextImpl(  314): Calling a method in the system process without a qualified user: android.app.ContextImpl.sendBroadcast:1123 com.android.server.InputMethodManagerService.showCurrentInputLocked:1791 com.android.server.InputMethodManagerService.attachNewInputLocked:1095 com.android.server.InputMethodManagerService.startInputUncheckedLocked:1166 com.android.server.InputMethodManagerService.startInputLocked:1128 
V/InputMethodService(  630): onEvaluateInputViewShown: config.hardKeyboardHidden = 1
V/InputMethodService(  630): onEvaluateInputViewShown: config.hardKeyboardHidden = 1
W/ContextImpl(  314): Calling a method in the system process without a qualified user: android.app.ContextImpl.sendBroadcast:1123 com.android.server.InputMethodManagerService.showCurrentInputLocked:1791 com.android.server.InputMethodManagerService.attachNewInputLocked:1095 com.android.server.InputMethodManagerService.startInputUncheckedLocked:1166 com.android.server.InputMethodManagerService.startInputLocked:1128 
W/ContextImpl(  314): Calling a method in the system process without a qualified user: android.app.ContextImpl.sendBroadcast:1123 com.android.server.InputMethodManagerService.showCurrentInputLocked:1791 com.android.server.InputMethodManagerService.attachNewInputLocked:1095 com.android.server.InputMethodManagerService.startInputUncheckedLocked:1166 com.android.server.InputMethodManagerService.startInputLocked:1128 
W/ViewRootImpl(15085): Dropping event due to no window focus: KeyEvent { action=ACTION_DOWN, keyCode=KEYCODE_DPAD_DOWN, scanCode=0, metaState=0, flags=0x8, repeatCount=0, eventTime=985313, downTime=985313, deviceId=-1, source=0x101 }
W/ViewRootImpl(15085): Dropping event due to no window focus: KeyEvent { action=ACTION_DOWN, keyCode=KEYCODE_MENU, scanCode=0, metaState=0, flags=0x8, repeatCount=0, eventTime=985314, downTime=985314, deviceId=-1, source=0x101 }
W/ViewRootImpl(15085): Dropping event due to no window focus: KeyEvent { action=ACTION_DOWN, keyCode=KEYCODE_DPAD_DOWN, scanCode=0, metaState=0, flags=0x8, repeatCount=0, eventTime=985315, downTime=985315, deviceId=-1, source=0x101 }
W/EGL_emulation(15085): eglSurfaceAttrib not implemented 3093 12436
W/ContextImpl(  314): Calling a method in the system process without a qualified user: android.app.ContextImpl.sendBroadcast:1123 com.android.server.InputMethodManagerService.hideCurrentInputLocked:1880 com.android.server.InputMethodManagerService.windowGainedFocus:1968 com.android.internal.view.IInputMethodManager$Stub.onTransact:221 com.android.server.InputMethodManagerService.onTransact:818 
I/ActivityManager(  314): START u0 {act=android.intent.action.VIEW dat=agreementInternational://123 cmp=com.ants360.yicamera.international/com.ants360.yicamera.activity.login.AgreementActivity (has extras)} from pid 15085
D/AntsLog (15085): LoginPlatformInternationalActivity:onPause
D/AntsLog (15085): AgreementActivity:onCreate
D/AntsLog (15085): AgreementActivity:onResume
W/EGL_emulation(15085): eglSurfaceAttrib not implemented 3093 12436
W/ViewRootImpl(15085): Dropping event due to no window focus: KeyEvent { action=ACTION_DOWN, keyCode=KEYCODE_NUMPAD_ADD, scanCode=0, metaState=0, flags=0x8, repeatCount=0, eventTime=985451, downTime=985451, deviceId=-1, source=0x101 }
W/ViewRootImpl(15085): Dropping event due to no window focus: KeyEvent { action=ACTION_DOWN, keyCode=KEYCODE_MENU, scanCode=0, metaState=0, flags=0x8, repeatCount=0, eventTime=985465, downTime=985465, deviceId=-1, source=0x101 }
I/ActivityManager(  314): Displayed com.ants360.yicamera.international/com.ants360.yicamera.activity.login.AgreementActivity: +124ms
W/ViewRootImpl(15085): Dropping event due to no window focus: KeyEvent { action=ACTION_DOWN, keyCode=KEYCODE_DPAD_LEFT, scanCode=0, metaState=0, flags=0x8, repeatCount=0, eventTime=985492, downTime=985492, deviceId=-1, source=0x101 }
