I/System.out(24828): body:<com.chase.sig.android.util.HttpUrlConnectionHelper: java.lang.String (java.util.Hashtable)>	sig:$r7 = staticinvoke <java.net.URLEncoder: java.lang.String encode(java.lang.String,java.lang.String)>($r8, "UTF-8")	timediff:0
I/System.out(24828): body:<com.chase.sig.android.util.HttpUrlConnectionHelper: java.lang.String (java.util.Hashtable)>	sig:$r7 = staticinvoke <java.net.URLEncoder: java.lang.String encode(java.lang.String,java.lang.String)>($r8, "UTF-8")	timediff:0
I/System.out(24828): body:<com.chase.sig.android.util.HttpUrlConnectionHelper: com.chase.sig.android.util.HttpResponse (java.lang.String,java.lang.String,java.lang.String,boolean)>	sig:specialinvoke $r10.<java.net.URL: void <init>(java.lang.String)>($r1)	timediff:0
I/System.out(24828): <com.chase.sig.android.util.HttpUrlConnectionHelper: com.chase.sig.android.util.HttpResponse (java.lang.String,java.lang.String,java.lang.String,boolean)>###specialinvoke $r10.<java.net.URL: void <init>(java.lang.String)>($r1)###https://gwsol.chase.com/PSRWeb/device/v20120715/updateCheck.action
I/System.out(24828): body:<com.chase.sig.android.util.PinnedIntermediateConnectionHelper: javax.net.ssl.HttpsURLConnection getIntermediatePinnedHttpsUrlConnection(java.lang.String,com.chase.android.mobilecorelib.util.ApplicationInfo)>	sig:specialinvoke $r4.<java.net.URL: void <init>(java.lang.String)>($r1)	timediff:0
I/System.out(24828): <com.chase.sig.android.util.PinnedIntermediateConnectionHelper: javax.net.ssl.HttpsURLConnection getIntermediatePinnedHttpsUrlConnection(java.lang.String,com.chase.android.mobilecorelib.util.ApplicationInfo)>###specialinvoke $r4.<java.net.URL: void <init>(java.lang.String)>($r1)###https://gwsol.chase.com/PSRWeb/device/v20120715/updateCheck.action
I/System.out(24828): body:<com.chase.sig.android.util.PinnedIntermediateConnectionHelper: javax.net.ssl.HttpsURLConnection getIntermediatePinnedHttpsUrlConnection(java.lang.String,com.chase.android.mobilecorelib.util.ApplicationInfo)>	sig:$r5 = virtualinvoke $r4.<java.net.URL: java.lang.String getProtocol()>()	timediff:0
I/System.out(24828): body:<com.chase.sig.android.util.PinnedIntermediateConnectionHelper: javax.net.ssl.HttpsURLConnection getIntermediatePinnedHttpsUrlConnection(java.lang.String,com.chase.android.mobilecorelib.util.ApplicationInfo)>	sig:$r11 = virtualinvoke $r4.<java.net.URL: java.net.URLConnection openConnection()>()	timediff:0
I/FirebaseInitProvider(26076): FirebaseApp initialization successful
I/System.out(24828): body:<com.chase.sig.android.util.HttpUrlConnectionHelper: com.chase.sig.android.util.HttpResponse (java.lang.String,java.lang.String,java.lang.String,boolean)>	sig:virtualinvoke $r15.<java.net.HttpURLConnection: void setReadTimeout(int)>($i0)	timediff:0
I/System.out(24828): body:<com.chase.sig.android.util.HttpUrlConnectionHelper: com.chase.sig.android.util.HttpResponse (java.lang.String,java.lang.String,java.lang.String,boolean)>	sig:virtualinvoke $r15.<java.net.HttpURLConnection: void setConnectTimeout(int)>($i0)	timediff:0
I/System.out(24828): body:<com.chase.sig.android.util.HttpUrlConnectionHelper: com.chase.sig.android.util.HttpResponse (java.lang.String,java.lang.String,java.lang.String,boolean)>	sig:virtualinvoke $r15.<java.net.HttpURLConnection: void setRequestMethod(java.lang.String)>("POST")	timediff:0
I/System.out(24828): body:<com.chase.sig.android.util.HttpUrlConnectionHelper: com.chase.sig.android.util.HttpResponse (java.lang.String,java.lang.String,java.lang.String,boolean)>	sig:virtualinvoke $r15.<java.net.HttpURLConnection: void setDoOutput(boolean)>(1)	timediff:0
I/System.out(24828): body:<com.chase.sig.android.util.HttpUrlConnectionHelper: com.chase.sig.android.util.HttpResponse (java.lang.String,java.lang.String,java.lang.String,boolean)>	sig:virtualinvoke $r15.<java.net.HttpURLConnection: void setInstanceFollowRedirects(boolean)>(0)	timediff:0
I/System.out(24828): body:<com.chase.sig.android.util.HttpUrlConnectionHelper: com.chase.sig.android.util.HttpResponse (java.lang.String,java.lang.String,java.lang.String,boolean)>	sig:virtualinvoke $r15.<java.net.HttpURLConnection: void setUseCaches(boolean)>(0)	timediff:0
I/System.out(24828): body:<com.chase.sig.android.util.HttpUrlConnectionHelper: com.chase.sig.android.util.HttpResponse (java.lang.String,java.lang.String,java.lang.String,boolean)>	sig:virtualinvoke $r15.<java.net.HttpURLConnection: void addRequestProperty(java.lang.String,java.lang.String)>("User-Agent", $r9)	timediff:0
D/dalvikvm(26076): GC_CONCURRENT freed 313K, 12% free 3017K/3424K, paused 2ms+0ms, total 35ms
I/System.out(24828): body:<com.chase.sig.android.util.HttpUrlConnectionHelper: com.chase.sig.android.util.HttpResponse (java.lang.String,java.lang.String,java.lang.String,boolean)>	sig:virtualinvoke $r15.<java.net.HttpURLConnection: void addRequestProperty(java.lang.String,java.lang.String)>("channel-id", $r9)	timediff:0
I/System.out(24828): body:<com.chase.sig.android.util.HttpUrlConnectionHelper: com.chase.sig.android.util.HttpResponse (java.lang.String,java.lang.String,java.lang.String,boolean)>	sig:virtualinvoke $r15.<java.net.HttpURLConnection: void addRequestProperty(java.lang.String,java.lang.String)>("Accept", "*/*")	timediff:1
I/System.out(24828): body:<com.chase.sig.android.util.HttpUrlConnectionHelper: com.chase.sig.android.util.HttpResponse (java.lang.String,java.lang.String,java.lang.String,boolean)>	sig:virtualinvoke $r15.<java.net.HttpURLConnection: void addRequestProperty(java.lang.String,java.lang.String)>("Content-Type", $r9)	timediff:0
I/System.out(24828): body:<com.chase.sig.android.util.HttpUrlConnectionHelper: com.chase.sig.android.util.HttpResponse (java.lang.String,java.lang.String,java.lang.String,boolean)>	sig:virtualinvoke $r15.<java.net.HttpURLConnection: void addRequestProperty(java.lang.String,java.lang.String)>("Cache-Control", "no-cache")	timediff:0
I/System.out(24828): body:<com.chase.sig.android.util.HttpUrlConnectionHelper: com.chase.sig.android.util.HttpResponse (java.lang.String,java.lang.String,java.lang.String,boolean)>	sig:virtualinvoke $r15.<java.net.HttpURLConnection: void addRequestProperty(java.lang.String,java.lang.String)>("Accept-Language", "en-us")	timediff:0
I/System.out(24828): body:<com.chase.sig.android.util.HttpUrlConnectionHelper: com.chase.sig.android.util.HttpResponse (java.lang.String,java.lang.String,java.lang.String,boolean)>	sig:virtualinvoke $r15.<java.net.HttpURLConnection: void addRequestProperty(java.lang.String,java.lang.String)>("Honor-Language", "false")	timediff:0
I/System.out(24828): body:<com.chase.sig.android.util.HttpUrlConnectionHelper: java.lang.String (com.chase.android.mobilecorelib.util.ApplicationInfo)>	sig:$r2 = virtualinvoke $r1.<java.net.CookieManager: java.net.CookieStore getCookieStore()>()	timediff:0
I/System.out(24828): body:<com.chase.sig.android.util.HttpUrlConnectionHelper: java.lang.String (com.chase.android.mobilecorelib.util.ApplicationInfo)>	sig:$r3 = interfaceinvoke $r2.<java.net.CookieStore: java.util.List getCookies()>()	timediff:0
I/System.out(24828): body:<com.chase.sig.android.util.HttpUrlConnectionHelper: java.lang.String (com.chase.android.mobilecorelib.util.ApplicationInfo)>	sig:$r7 = virtualinvoke $r6.<java.net.HttpCookie: java.lang.String getName()>()	timediff:0
I/System.out(24828): body:<com.chase.sig.android.util.HttpUrlConnectionHelper: com.chase.sig.android.util.HttpResponse (java.lang.String,java.lang.String,java.lang.String,boolean)>	sig:virtualinvoke $r15.<java.net.HttpURLConnection: void addRequestProperty(java.lang.String,java.lang.String)>("x-jpmc-csrf-token", $r9)	timediff:0
I/System.out(24828): body:<com.chase.sig.android.util.HttpUrlConnectionHelper: void (java.net.HttpURLConnection)>	sig:$r1 = virtualinvoke $r0.<java.net.HttpURLConnection: java.util.Map getRequestProperties()>()	timediff:0
D/Chase   (24828): HttpUrlConnection Adding header: Accept=*/*
D/Chase   (24828): HttpUrlConnection Adding header: Accept-Language=en-us
D/Chase   (24828): HttpUrlConnection Adding header: Cache-Control=no-cache
D/Chase   (24828): HttpUrlConnection Adding header: channel-id=MOD
D/dalvikvm(26076): GC_CONCURRENT freed 159K, 8% free 3242K/3500K, paused 5ms+1ms, total 8ms
D/Chase   (24828): HttpUrlConnection Adding header: Content-Type=application/x-www-form-urlencoded
D/Chase   (24828): HttpUrlConnection Adding header: Honor-Language=false
D/Chase   (24828): HttpUrlConnection Adding header: User-Agent=Dalvik/1.6.0 (Linux; U; Android 4.4.2; SM-G9350 Build/JLS36C)
D/Chase   (24828): HttpUrlConnection Adding header: x-jpmc-csrf-token=AntiCsrfToken
D/Chase   (24828): URL: https://gwsol.chase.com/PSRWeb/device/v20120715/updateCheck.action
D/Chase   (24828): Post: deviceId=37634b96-d306-418b-98c4-25f19cec9fd4&channelId=MOD&applId=GATEWAY&cache=true&version=1&deviceType=Android&deviceOS=4.4.2&type=json&deviceAppSource=Google_Android_Marketplace&deviceAppVersion=3.37&deviceTimeStamp=20180324T19%3A21%3A08-0700&deviceVersion=4.4.2&
D/Chase   (24828): Request Cookies ::::
I/System.out(24828): body:<com.chase.sig.android.util.HttpUrlConnectionHelper: void ()>	sig:$r2 = virtualinvoke $r1.<java.net.CookieManager: java.net.CookieStore getCookieStore()>()	timediff:0
I/System.out(24828): body:<com.chase.sig.android.util.HttpUrlConnectionHelper: void ()>	sig:$r3 = interfaceinvoke $r2.<java.net.CookieStore: java.util.List getCookies()>()	timediff:0
I/System.out(24828): body:<com.chase.sig.android.util.HttpUrlConnectionHelper: void ()>	sig:$r8 = virtualinvoke $r6.<java.net.HttpCookie: java.lang.String getName()>()	timediff:0
I/System.out(24828): body:<com.chase.sig.android.util.HttpUrlConnectionHelper: void ()>	sig:$r8 = virtualinvoke $r6.<java.net.HttpCookie: java.lang.String getDomain()>()	timediff:0
I/System.out(24828): body:<com.chase.sig.android.util.HttpUrlConnectionHelper: void ()>	sig:$r8 = virtualinvoke $r6.<java.net.HttpCookie: java.lang.String getValue()>()	timediff:0
I/System.out(24828): body:<com.chase.sig.android.util.HttpUrlConnectionHelper: void ()>	sig:$z0 = virtualinvoke $r6.<java.net.HttpCookie: boolean hasExpired()>()	timediff:0
D/dalvikvm(26076): GC_CONCURRENT freed 129K, 7% free 3500K/3728K, paused 2ms+1ms, total 5ms
D/Chase   (24828): HttpUrl Cookie: name=v1st, domain=.chase.com, value=84B07CEA7A290B93, hasExpired=false
I/CrashlyticsCore(26076): Initializing Crashlytics 2.3.5.79
D/dalvikvm(26076): GC_CONCURRENT freed 189K, 8% free 3811K/4104K, paused 2ms+4ms, total 27ms
D/dalvikvm(26076): WAIT_FOR_CONCURRENT_GC blocked 5ms
D/dalvikvm(26076): GC_CONCURRENT freed 297K, 10% free 3997K/4416K, paused 2ms+0ms, total 6ms
D/CF      ( 2282): ALARM_SERVICE_START_TIME = 1521944468477
D/dalvikvm(26076): GC_CONCURRENT freed 287K, 9% free 4184K/4552K, paused 1ms+5ms, total 20ms
I/GAv4    (26076): Google Analytics 10.2.98 is starting up. To enable debug logging on a device run:
I/GAv4    (26076):   adb shell setprop log.tag.GAv4 DEBUG
I/GAv4    (26076):   adb logcat -s GAv4
I/System.out(26076): body:<com.amazonaws.AmazonWebServiceClient: java.net.URI b(java.lang.String)>	sig:specialinvoke $r6.<java.net.URI: void <init>(java.lang.String)>($r1)	timediff:0
I/System.out(26076): body:<com.amazonaws.AmazonWebServiceClient: com.amazonaws.auth.Signer a(java.net.URI,java.lang.String,boolean)>	sig:$r5 = virtualinvoke $r1.<java.net.URI: java.lang.String getHost()>()	timediff:0
I/System.out(24828): body:<com.chase.sig.android.util.HttpUrlConnectionHelper: com.chase.sig.android.util.HttpResponse (java.lang.String,java.lang.String,java.lang.String,boolean)>	sig:$r18 = virtualinvoke $r15.<java.net.HttpURLConnection: java.io.OutputStream getOutputStream()>()	timediff:222
I/System.out(24828): body:<com.chase.sig.android.util.HttpUrlConnectionHelper: com.chase.sig.android.util.HttpResponse (java.lang.String,java.lang.String,java.lang.String,boolean)>	sig:virtualinvoke $r15.<java.net.HttpURLConnection: void connect()>()	timediff:0
D/Chase   (24828): Response Cookies ::::
I/System.out(24828): body:<com.chase.sig.android.util.HttpUrlConnectionHelper: void ()>	sig:$r2 = virtualinvoke $r1.<java.net.CookieManager: java.net.CookieStore getCookieStore()>()	timediff:0
I/System.out(24828): body:<com.chase.sig.android.util.HttpUrlConnectionHelper: void ()>	sig:$r3 = interfaceinvoke $r2.<java.net.CookieStore: java.util.List getCookies()>()	timediff:0
I/System.out(24828): body:<com.chase.sig.android.util.HttpUrlConnectionHelper: void ()>	sig:$r8 = virtualinvoke $r6.<java.net.HttpCookie: java.lang.String getName()>()	timediff:0
I/System.out(24828): body:<com.chase.sig.android.util.HttpUrlConnectionHelper: void ()>	sig:$r8 = virtualinvoke $r6.<java.net.HttpCookie: java.lang.String getDomain()>()	timediff:0
I/System.out(24828): body:<com.chase.sig.android.util.HttpUrlConnectionHelper: void ()>	sig:$r8 = virtualinvoke $r6.<java.net.HttpCookie: java.lang.String getValue()>()	timediff:0
I/System.out(24828): body:<com.chase.sig.android.util.HttpUrlConnectionHelper: void ()>	sig:$z0 = virtualinvoke $r6.<java.net.HttpCookie: boolean hasExpired()>()	timediff:0
D/Chase   (24828): HttpUrl Cookie: name=v1st, domain=.chase.com, value=84B07CEA7A290B93, hasExpired=false
I/ActivityManager(  492): Killing 25458:com.aim.racing/u0a88 (adj 15): empty #17
D/dalvikvm(26076): GC_CONCURRENT freed 1204K, 28% free 3365K/4668K, paused 4ms+0ms, total 11ms
D/dalvikvm(26076): GC_FOR_ALLOC freed 203K, 22% free 3673K/4668K, paused 4ms, total 4ms
D/dalvikvm(26076): GC_CONCURRENT freed 88K, 18% free 3871K/4668K, paused 2ms+3ms, total 27ms
D/dalvikvm(26076): GC_FOR_ALLOC freed 31K, 17% free 3915K/4668K, paused 5ms, total 5ms
I/dalvikvm-heap(26076): Grow heap (frag case) to 3.987MB for 79888-byte allocation
D/dalvikvm(26076): GC_FOR_ALLOC freed 1K, 16% free 3991K/4748K, paused 9ms, total 9ms
I/System.out(24828): body:<com.chase.sig.android.util.HttpUrlConnectionHelper: com.chase.sig.android.util.HttpResponse (java.lang.String,java.lang.String,java.lang.String,boolean)>	sig:$i0 = virtualinvoke $r15.<java.net.HttpURLConnection: int getResponseCode()>()	timediff:113
D/Chase   (24828): STATUS_CODE : 200 is the status code = = = = = = = = = = = =  for URL https://gwsol.chase.com/PSRWeb/device/v20120715/updateCheck.action
D/dalvikvm(26076): GC_CONCURRENT freed 210K, 10% free 4293K/4748K, paused 5ms+3ms, total 19ms
D/dalvikvm(26076): WAIT_FOR_CONCURRENT_GC blocked 11ms
I/System.out(26076): body:<com.amazonaws.AmazonWebServiceClient: java.net.URI b(java.lang.String)>	sig:specialinvoke $r6.<java.net.URI: void <init>(java.lang.String)>($r1)	timediff:0
D/dalvikvm(26076): WAIT_FOR_CONCURRENT_GC blocked 11ms
D/dalvikvm(26076): WAIT_FOR_CONCURRENT_GC blocked 16ms
I/System.out(24828): body:<com.chase.sig.android.util.HttpUrlConnectionHelper: com.chase.sig.android.util.HttpResponse (java.lang.String,java.lang.String,java.lang.String,boolean)>	sig:$r21 = virtualinvoke $r15.<java.net.HttpURLConnection: java.util.Map getHeaderFields()>()	timediff:1
D/Chase   (24828): RESPONSE_HEADERS : {null=[HTTP/1.1 200 OK], Cache-Control=[no-cache,no-store,must-revalidate,private], Connection=[Keep-Alive], Content-Language=[en-US], Content-Security-Policy=[frame-ancestors 'none'], Content-Type=[application/json; charset=utf-8], Date=[Sun, 25 Mar 2018 02:21:08 GMT], Pragma=[no-cache], Strict-Transport-Security=[max-age=8640000], Transfer-Encoding=[chunked], X-Android-Received-Millis=[1521944468666], X-Android-Response-Source=[NETWORK 200], X-Android-Selected-Transport=[http/1.1], X-Android-Sent-Millis=[1521944468554], X-Content-Security-Policy=[frame-ancestors 'none'], X-Content-Type-Options=[nosniff], X-Frame-Options=[DENY], X-Permitted-Cross-Domain-Policies=[none], X-XSS-Protection=[1; mode=block]}
I/System.out(24828): body:<com.chase.sig.android.util.HttpUrlConnectionHelper: com.chase.sig.android.util.HttpResponse (java.lang.String,java.lang.String,java.lang.String,boolean)>	sig:$r23 = virtualinvoke $r15.<java.net.HttpURLConnection: java.io.InputStream getInputStream()>()	timediff:0
I/System.out(24828): body:<empirical.HelperClass: void printURLInfo(java.lang.String,java.lang.String,java.net.URLConnection)>	sig:$r0 = virtualinvoke urlConnection.<java.net.URLConnection: java.net.URL getURL()>()	timediff:0
I/System.out(24828): body:<empirical.HelperClass: void printURLInfo(java.lang.String,java.lang.String,java.net.URLConnection)>	sig:urlString = virtualinvoke $r0.<java.net.URL: java.lang.String toString()>()	timediff:0
I/System.out(24828): body:<empirical.HelperClass: void printURLInfo(java.lang.String,java.lang.String,java.net.URLConnection)>	sig:isDoOutput = virtualinvoke urlConnection.<java.net.URLConnection: boolean getDoOutput()>()	timediff:0
I/System.out(24828): body:<empirical.HelperClass: java.lang.String getHeaderField(java.net.URLConnection,java.lang.String)>	sig:data = virtualinvoke conn.<java.net.URLConnection: java.lang.String getHeaderField(java.lang.String)>(field)	timediff:0
I/System.out(24828): body:<empirical.HelperClass: java.lang.String getHeaderField(java.net.URLConnection,java.lang.String)>	sig:data = virtualinvoke conn.<java.net.URLConnection: java.lang.String getHeaderField(java.lang.String)>(field)	timediff:0
I/System.out(24828): body:<empirical.HelperClass: java.lang.String getHeaderField(java.net.URLConnection,java.lang.String)>	sig:data = virtualinvoke conn.<java.net.URLConnection: java.lang.String getHeaderField(java.lang.String)>(field)	timediff:0
I/System.out(24828): body:<empirical.HelperClass: java.lang.String getHeaderField(java.net.URLConnection,java.lang.String)>	sig:data = virtualinvoke conn.<java.net.URLConnection: java.lang.String getHeaderField(java.lang.String)>(field)	timediff:0
I/System.out(24828): body:<empirical.HelperClass: java.lang.String getHeaderField(java.net.URLConnection,java.lang.String)>	sig:data = virtualinvoke conn.<java.net.URLConnection: java.lang.String getHeaderField(java.lang.String)>(field)	timediff:0
I/System.out(24828): URLConn;%;22;%;<com.chase.sig.android.util.HttpUrlConnectionHelper: com.chase.sig.android.util.HttpResponse (java.lang.String,java.lang.String,java.lang.String,boolean)>;%;$r23 = virtualinvoke $r15.<java.net.HttpURLConnection: java.io.InputStream getInputStream()>();%;https://gwsol.chase.com/PSRWeb/device/v20120715/updateCheck.action;%;true;%;Not found;%;no-cache,no-store,must-revalidate,private;%;Not found;%;Not found;%;Not found
I/System.out(24828): body:<com.chase.sig.android.util.HttpUrlConnectionHelper: com.chase.sig.android.util.HttpResponse (java.lang.String,java.lang.String,java.lang.String,boolean)>	sig:$r21 = virtualinvoke $r15.<java.net.HttpURLConnection: java.util.Map getHeaderFields()>()	timediff:0
D/Chase   (24828): https://gwsol.chase.com/PSRWeb/device/v20120715/updateCheck.action : Returning value(len=532) : {"errors":[],"updateMessage":"We regret the inconvenience, but to continue using this app you must download the latest version.  \n\nYou will be directed to your device\u0027s app store. Chase\u0027s privacy and security policies don\u0027t apply to this app store. Chase isn\u0027t responsible for any products, services or content on this app store unless they explicitly carry the Chase name.","appStoreUpdateUrl":"market:\u002F\u002Fdetails?id=com.chase.sig.android","updateIsMandatory":true,"operatingSystemNotSupported":false}
D/Chase   (24828): SessionTimerTask: Resetting timeout counter (to current time=4219882)
I/System.out(24828): body:<com.chase.sig.android.util.HttpUrlConnectionHelper: com.chase.sig.android.util.HttpResponse (java.lang.String,java.lang.String,java.lang.String,boolean)>	sig:virtualinvoke $r15.<java.net.HttpURLConnection: void disconnect()>()	timediff:0
D/Chase   (24828): Raw HTTP Response: {"errors":[],"updateMessage":"We regret the inconvenience, but to continue using this app you must download the latest version.  \n\nYou will be directed to your device\u0027s app store. Chase\u0027s privacy and security policies don\u0027t apply to this app store. Chase isn\u0027t responsible for any products, services or content on this app store unless they explicitly carry the Chase name.","appStoreUpdateUrl":"market:\u002F\u002Fdetails?id=com.chase.sig.android","updateIsMandatory":true,"operatingSystemNotSupported":false}
D/Chase   (24828): Telling com.chase.sig.android.activity.HomeActivity$AppInitializationTask to wait 1 sec until the activity is in the foreground.
I/System.out(26076): body:<com.amazonaws.AmazonWebServiceClient: java.net.URI b(java.lang.String)>	sig:specialinvoke $r6.<java.net.URI: void <init>(java.lang.String)>($r1)	timediff:0
I/System.out(26076): body:<com.amazonaws.AmazonWebServiceClient: com.amazonaws.auth.Signer a(java.net.URI,java.lang.String,boolean)>	sig:$r5 = virtualinvoke $r1.<java.net.URI: java.lang.String getHost()>()	timediff:0
I/System.out(26076): body:<com.amazonaws.AmazonWebServiceClient: java.net.URI b(java.lang.String)>	sig:specialinvoke $r6.<java.net.URI: void <init>(java.lang.String)>($r1)	timediff:1
D/dalvikvm(26076): GC_CONCURRENT freed 217K, 7% free 4478K/4792K, paused 0ms+0ms, total 6ms
I/GAv4    (26076): Logger is deprecated. To enable debug logging, please run:
I/GAv4    (26076): adb shell setprop log.tag.GAv4 DEBUG
W/GAv4    (26076): AnalyticsReceiver is not registered or is disabled. Register the receiver for reliable dispatching on non-Google Play devices. See http://goo.gl/8Rd3yj for instructions.
I/DefaultDeliveryClient(26076): Event: '_sess...' recorded to local filestore
I/DefaultDeliveryClient(26076): Event: '_sess...' recorded to local filestore
W/GAv4    (26076): CampaignTrackingReceiver is not registered, not exported or is disabled. Installation campaign tracking is not possible. See http://goo.gl/8Rd3yj for instructions.
W/GAv4    (26076): AnalyticsService not registered in the app manifest. Hits might not be delivered reliably. See http://goo.gl/8Rd3yj for instructions.
D/dalvikvm(26076): GC_CONCURRENT freed 326K, 9% free 4709K/5120K, paused 3ms+1ms, total 11ms
I/System.out(26076): body:<com.amplitude.api.AmplitudeClient$1: void run()>	sig:specialinvoke $r2.<okhttp3.OkHttpClient: void <init>()>()	timediff:22
I/dalvikvm(26076): Could not find method android.view.Window.setStatusBarColor, referenced from method com.ss.android.common.util.ToolUtils.trySetStatusBar
W/dalvikvm(26076): VFY: unable to resolve virtual method 1924: Landroid/view/Window;.setStatusBarColor (I)V
D/dalvikvm(26076): VFY: replacing opcode 0x6e at 0x0038
I/dalvikvm(26076): Could not find method android.view.Window.setStatusBarColor, referenced from method com.ss.android.common.util.ToolUtils.trySetStatusBarWithFullScreen
W/dalvikvm(26076): VFY: unable to resolve virtual method 1924: Landroid/view/Window;.setStatusBarColor (I)V
D/dalvikvm(26076): VFY: replacing opcode 0x6e at 0x001d
I/System.out(26076): body:<com.cheerfulinc.flipagram.bytedance.applog.TTAppLog: void <clinit>()>	sig:$r0 = staticinvoke <okhttp3.MediaType: okhttp3.MediaType parse(java.lang.String)>("application/json; charset=utf-8")	timediff:0
D/dalvikvm(26076): GC_CONCURRENT freed 504K, 12% free 4784K/5388K, paused 1ms+0ms, total 18ms
I/AppLog  (26076): start with last session 2241b517-4742-4341-87a1-b22557219aea
I/Apptimize(26076): Version 2.12.5
D/dalvikvm(26076): GC_FOR_ALLOC freed 93K, 12% free 4872K/5500K, paused 4ms, total 5ms
D/dalvikvm(26076): GC_FOR_ALLOC freed 98K, 11% free 5043K/5652K, paused 8ms, total 9ms
D/dalvikvm(26076): GC_FOR_ALLOC freed 120K, 11% free 5220K/5852K, paused 4ms, total 4ms
D/dalvikvm(26076): GC_FOR_ALLOC freed 48K, 10% free 5508K/6104K, paused 6ms, total 7ms
I/System.out(26076): body:<com.bytedance.common.utility.NetworkUtils: java.lang.String a(java.lang.String,java.lang.String)>	sig:$r1 = staticinvoke <java.net.URLEncoder: java.lang.String encode(java.lang.String,java.lang.String)>($r0, $r1)	timediff:0
I/System.out(26076): body:<com.bytedance.common.utility.NetworkUtils: java.lang.String a(java.lang.String,java.lang.String)>	sig:$r1 = staticinvoke <java.net.URLEncoder: java.lang.String encode(java.lang.String,java.lang.String)>($r0, $r1)	timediff:1
I/System.out(26076): body:<com.bytedance.common.utility.NetworkUtils: java.lang.String a(java.lang.String,java.lang.String)>	sig:$r1 = staticinvoke <java.net.URLEncoder: java.lang.String encode(java.lang.String,java.lang.String)>($r0, $r1)	timediff:0
I/System.out(26076): body:<com.bytedance.common.utility.NetworkUtils: java.lang.String a(java.lang.String,java.lang.String)>	sig:$r1 = staticinvoke <java.net.URLEncoder: java.lang.String encode(java.lang.String,java.lang.String)>($r0, $r1)	timediff:0
I/System.out(26076): body:<com.bytedance.common.utility.NetworkUtils: java.lang.String a(java.lang.String,java.lang.String)>	sig:$r1 = staticinvoke <java.net.URLEncoder: java.lang.String encode(java.lang.String,java.lang.String)>($r0, $r1)	timediff:0
I/System.out(26076): body:<com.bytedance.common.utility.NetworkUtils: java.lang.String a(java.lang.String,java.lang.String)>	sig:$r1 = staticinvoke <java.net.URLEncoder: java.lang.String encode(java.lang.String,java.lang.String)>($r0, $r1)	timediff:0
I/System.out(26076): body:<com.bytedance.common.utility.NetworkUtils: java.lang.String a(java.lang.String,java.lang.String)>	sig:$r1 = staticinvoke <java.net.URLEncoder: java.lang.String encode(java.lang.String,java.lang.String)>($r0, $r1)	timediff:0
I/System.out(26076): body:<com.bytedance.common.utility.NetworkUtils: java.lang.String a(java.lang.String,java.lang.String)>	sig:$r1 = staticinvoke <java.net.URLEncoder: java.lang.String encode(java.lang.String,java.lang.String)>($r0, $r1)	timediff:0
I/System.out(26076): body:<com.bytedance.common.utility.NetworkUtils: java.lang.String a(java.lang.String,java.lang.String)>	sig:$r1 = staticinvoke <java.net.URLEncoder: java.lang.String encode(java.lang.String,java.lang.String)>($r0, $r1)	timediff:0
I/System.out(26076): body:<com.bytedance.common.utility.NetworkUtils: java.lang.String a(java.lang.String,java.lang.String)>	sig:$r1 = staticinvoke <java.net.URLEncoder: java.lang.String encode(java.lang.String,java.lang.String)>($r0, $r1)	timediff:0
I/System.out(26076): body:<com.bytedance.common.utility.NetworkUtils: java.lang.String a(java.lang.String,java.lang.String)>	sig:$r1 = staticinvoke <java.net.URLEncoder: java.lang.String encode(java.lang.String,java.lang.String)>($r0, $r1)	timediff:0
I/System.out(26076): body:<com.bytedance.common.utility.NetworkUtils: java.lang.String a(java.lang.String,java.lang.String)>	sig:$r1 = staticinvoke <java.net.URLEncoder: java.lang.String encode(java.lang.String,java.lang.String)>($r0, $r1)	timediff:0
I/System.out(26076): body:<com.bytedance.common.utility.NetworkUtils: java.lang.String a(java.lang.String,java.lang.String)>	sig:$r1 = staticinvoke <java.net.URLEncoder: java.lang.String encode(java.lang.String,java.lang.String)>($r0, $r1)	timediff:0
I/System.out(26076): body:<com.bytedance.common.utility.NetworkUtils: java.lang.String a(java.lang.String,java.lang.String)>	sig:$r1 = staticinvoke <java.net.URLEncoder: java.lang.String encode(java.lang.String,java.lang.String)>($r0, $r1)	timediff:0
I/System.out(26076): body:<com.bytedance.common.utility.NetworkUtils: java.lang.String a(java.lang.String,java.lang.String)>	sig:$r1 = staticinvoke <java.net.URLEncoder: java.lang.String encode(java.lang.String,java.lang.String)>($r0, $r1)	timediff:0
I/System.out(26076): body:<com.bytedance.common.utility.NetworkUtils: java.lang.String a(java.lang.String,java.lang.String)>	sig:$r1 = staticinvoke <java.net.URLEncoder: java.lang.String encode(java.lang.String,java.lang.String)>($r0, $r1)	timediff:0
I/System.out(26076): body:<com.bytedance.common.utility.NetworkUtils: java.lang.String a(java.lang.String,java.lang.String)>	sig:$r1 = staticinvoke <java.net.URLEncoder: java.lang.String encode(java.lang.String,java.lang.String)>($r0, $r1)	timediff:0
I/System.out(26076): body:<com.bytedance.common.utility.NetworkUtils: java.lang.String a(java.lang.String,java.lang.String)>	sig:$r1 = staticinvoke <java.net.URLEncoder: java.lang.String encode(java.lang.String,java.lang.String)>($r0, $r1)	timediff:0
I/System.out(26076): body:<com.bytedance.common.utility.NetworkUtils: java.lang.String a(java.lang.String,java.lang.String)>	sig:$r1 = staticinvoke <java.net.URLEncoder: java.lang.String encode(java.lang.String,java.lang.String)>($r0, $r1)	timediff:0
I/System.out(26076): body:<com.bytedance.common.utility.NetworkUtils: java.lang.String a(java.lang.String,java.lang.String)>	sig:$r1 = staticinvoke <java.net.URLEncoder: java.lang.String encode(java.lang.String,java.lang.String)>($r0, $r1)	timediff:0
I/System.out(26076): body:<com.bytedance.common.utility.NetworkUtils: java.lang.String a(java.lang.String,java.lang.String)>	sig:$r1 = staticinvoke <java.net.URLEncoder: java.lang.String encode(java.lang.String,java.lang.String)>($r0, $r1)	timediff:0
I/System.out(26076): body:<com.bytedance.common.utility.NetworkUtils: java.lang.String a(java.lang.String,java.lang.String)>	sig:$r1 = staticinvoke <java.net.URLEncoder: java.lang.String encode(java.lang.String,java.lang.String)>($r0, $r1)	timediff:0
I/System.out(26076): body:<com.bytedance.common.utility.NetworkUtils: java.lang.String a(java.lang.String,java.lang.String)>	sig:$r1 = staticinvoke <java.net.URLEncoder: java.lang.String encode(java.lang.String,java.lang.String)>($r0, $r1)	timediff:0
I/System.out(26076): body:<com.bytedance.common.utility.NetworkUtils: java.lang.String a(java.lang.String,java.lang.String)>	sig:$r1 = staticinvoke <java.net.URLEncoder: java.lang.String encode(java.lang.String,java.lang.String)>($r0, $r1)	timediff:0
I/System.out(26076): body:<com.bytedance.common.utility.NetworkUtils: java.lang.String a(java.lang.String,java.lang.String)>	sig:$r1 = staticinvoke <java.net.URLEncoder: java.lang.String encode(java.lang.String,java.lang.String)>($r0, $r1)	timediff:0
I/System.out(26076): body:<com.bytedance.common.utility.NetworkUtils: java.lang.String a(java.lang.String,java.lang.String)>	sig:$r1 = staticinvoke <java.net.URLEncoder: java.lang.String encode(java.lang.String,java.lang.String)>($r0, $r1)	timediff:0
I/System.out(26076): body:<com.bytedance.common.utility.NetworkUtils: java.lang.String a(java.lang.String,java.lang.String)>	sig:$r1 = staticinvoke <java.net.URLEncoder: java.lang.String encode(java.lang.String,java.lang.String)>($r0, $r1)	timediff:0
I/System.out(26076): body:<com.bytedance.common.utility.NetworkUtils: java.lang.String a(java.lang.String,java.lang.String)>	sig:$r1 = staticinvoke <java.net.URLEncoder: java.lang.String encode(java.lang.String,java.lang.String)>($r0, $r1)	timediff:0
I/System.out(26076): body:<com.bytedance.common.utility.NetworkUtils: java.lang.String a(java.lang.String,java.lang.String)>	sig:$r1 = staticinvoke <java.net.URLEncoder: java.lang.String encode(java.lang.String,java.lang.String)>($r0, $r1)	timediff:0
I/System.out(26076): body:<com.bytedance.common.utility.NetworkUtils: java.lang.String a(java.lang.String,java.lang.String)>	sig:$r1 = staticinvoke <java.net.URLEncoder: java.lang.String encode(java.lang.String,java.lang.String)>($r0, $r1)	timediff:0
I/System.out(26076): body:<com.bytedance.common.utility.NetworkUtils: java.lang.String a(java.lang.String,java.lang.String)>	sig:$r1 = staticinvoke <java.net.URLEncoder: java.lang.String encode(java.lang.String,java.lang.String)>($r0, $r1)	timediff:0
I/System.out(26076): body:<com.bytedance.common.utility.NetworkUtils: java.lang.String a(java.lang.String,java.lang.String)>	sig:$r1 = staticinvoke <java.net.URLEncoder: java.lang.String encode(java.lang.String,java.lang.String)>($r0, $r1)	timediff:0
I/System.out(26076): body:<com.bytedance.common.utility.NetworkUtils: java.lang.String a(java.lang.String,java.lang.String)>	sig:$r1 = staticinvoke <java.net.URLEncoder: java.lang.String encode(java.lang.String,java.lang.String)>($r0, $r1)	timediff:0
I/System.out(26076): body:<com.bytedance.common.utility.NetworkUtils: java.lang.String a(java.lang.String,java.lang.String)>	sig:$r1 = staticinvoke <java.net.URLEncoder: java.lang.String encode(java.lang.String,java.lang.String)>($r0, $r1)	timediff:0
I/System.out(26076): body:<com.bytedance.common.utility.NetworkUtils: java.lang.String a(java.lang.String,java.lang.String)>	sig:$r1 = staticinvoke <java.net.URLEncoder: java.lang.String encode(java.lang.String,java.lang.String)>($r0, $r1)	timediff:0
I/System.out(26076): body:<com.bytedance.common.utility.NetworkUtils: java.lang.String a(java.lang.String,java.lang.String)>	sig:$r1 = staticinvoke <java.net.URLEncoder: java.lang.String encode(java.lang.String,java.lang.String)>($r0, $r1)	timediff:0
I/System.out(26076): body:<com.bytedance.common.utility.NetworkUtils: java.lang.String a(java.lang.String,java.lang.String)>	sig:$r1 = staticinvoke <java.net.URLEncoder: java.lang.String encode(java.lang.String,java.lang.String)>($r0, $r1)	timediff:0
I/System.out(26076): body:<com.bytedance.common.utility.NetworkUtils: java.lang.String a(java.lang.String,java.lang.String)>	sig:$r1 = staticinvoke <java.net.URLEncoder: java.lang.String encode(java.lang.String,java.lang.String)>($r0, $r1)	timediff:0
I/System.out(26076): body:<com.bytedance.common.utility.NetworkUtils: java.lang.String a(java.lang.String,java.lang.String)>	sig:$r1 = staticinvoke <java.net.URLEncoder: java.lang.String encode(java.lang.String,java.lang.String)>($r0, $r1)	timediff:0
I/System.out(26076): body:<com.bytedance.common.utility.NetworkUtils: java.lang.String a(java.lang.String,java.lang.String)>	sig:$r1 = staticinvoke <java.net.URLEncoder: java.lang.String encode(java.lang.String,java.lang.String)>($r0, $r1)	timediff:0
I/System.out(26076): body:<com.bytedance.common.utility.NetworkUtils: java.lang.String a(java.lang.String,java.lang.String)>	sig:$r1 = staticinvoke <java.net.URLEncoder: java.lang.String encode(java.lang.String,java.lang.String)>($r0, $r1)	timediff:0
I/System.out(26076): body:<com.bytedance.common.utility.NetworkUtils: java.lang.String a(java.lang.String,java.lang.String)>	sig:$r1 = staticinvoke <java.net.URLEncoder: java.lang.String encode(java.lang.String,java.lang.String)>($r0, $r1)	timediff:0
I/System.out(26076): body:<com.bytedance.common.utility.NetworkUtils: java.lang.String a(java.lang.String,java.lang.String)>	sig:$r1 = staticinvoke <java.net.URLEncoder: java.lang.String encode(java.lang.String,java.lang.String)>($r0, $r1)	timediff:0
I/System.out(26076): body:<com.bytedance.common.utility.NetworkUtils: java.lang.String a(java.lang.String,java.lang.String)>	sig:$r1 = staticinvoke <java.net.URLEncoder: java.lang.String encode(java.lang.String,java.lang.String)>($r0, $r1)	timediff:0
I/System.out(26076): body:<com.bytedance.common.utility.NetworkUtils: java.lang.String a(java.lang.String,java.lang.String)>	sig:$r1 = staticinvoke <java.net.URLEncoder: java.lang.String encode(java.lang.String,java.lang.String)>($r0, $r1)	timediff:0
I/System.out(26076): body:<com.bytedance.common.utility.NetworkUtils: java.lang.String a(java.lang.String,java.lang.String)>	sig:$r1 = staticinvoke <java.net.URLEncoder: java.lang.String encode(java.lang.String,java.lang.String)>($r0, $r1)	timediff:0
D/dalvikvm(26076): Trying to load lib /data/app-lib/com.cheerfulinc.flipagram-2/libttEncrypt.so 0x94f43be0
D/dalvikvm(26076): Added shared lib /data/app-lib/com.cheerfulinc.flipagram-2/libttEncrypt.so 0x94f43be0
D/dalvikvm(26076): No JNI_OnLoad found in /data/app-lib/com.cheerfulinc.flipagram-2/libttEncrypt.so 0x94f43be0, skipping init
I/System.out(26076): body:<com.cheerfulinc.flipagram.bytedance.applog.TTAppLog$1: java.lang.String post(java.lang.String,byte[],java.util.Map,com.bytedance.common.utility.NetworkClient$ReqContext)>	sig:specialinvoke $r5.<okhttp3.Request$Builder: void <init>()>()	timediff:0
D/dalvikvm(26076): GC_FOR_ALLOC freed 391K, 11% free 5767K/6464K, paused 6ms, total 6ms
I/System.out(26076): body:<com.cheerfulinc.flipagram.bytedance.applog.TTAppLog$1: java.lang.String post(java.lang.String,byte[],java.util.Map,com.bytedance.common.utility.NetworkClient$ReqContext)>	sig:$r5 = virtualinvoke $r5.<okhttp3.Request$Builder: okhttp3.Request$Builder url(java.lang.String)>($r1)	timediff:15
I/System.out(26076): body:<com.cheerfulinc.flipagram.bytedance.applog.TTAppLog$1: java.lang.String post(java.lang.String,byte[],java.util.Map,com.bytedance.common.utility.NetworkClient$ReqContext)>	sig:$r7 = staticinvoke <okhttp3.RequestBody: okhttp3.RequestBody create(okhttp3.MediaType,byte[])>($r6, $r2)	timediff:0
I/System.out(26076): body:<com.cheerfulinc.flipagram.bytedance.applog.TTAppLog$1: java.lang.String post(java.lang.String,byte[],java.util.Map,com.bytedance.common.utility.NetworkClient$ReqContext)>	sig:virtualinvoke $r5.<okhttp3.Request$Builder: okhttp3.Request$Builder post(okhttp3.RequestBody)>($r7)	timediff:0
I/System.out(26076): body:<com.cheerfulinc.flipagram.bytedance.applog.TTAppLog$1: java.lang.String post(java.lang.String,byte[],java.util.Map,com.bytedance.common.utility.NetworkClient$ReqContext)>	sig:virtualinvoke $r5.<okhttp3.Request$Builder: okhttp3.Request$Builder addHeader(java.lang.String,java.lang.String)>($r1, $r11)	timediff:0
D/dalvikvm(26076): Trying to load lib /data/data/com.cheerfulinc.flipagram/files/libcrashreport.so 0x95171768
I/System.out(26076): body:<com.cheerfulinc.flipagram.api.RetrofitApiBuilder: okhttp3.OkHttpClient a()>	sig:specialinvoke r11.<okhttp3.OkHttpClient$Builder: void <init>()>()	timediff:0
I/System.out(26076): body:<com.cheerfulinc.flipagram.api.RetrofitApiBuilder: okhttp3.OkHttpClient a()>	sig:specialinvoke r12.<okhttp3.ConnectionPool: void <init>(int,long,java.util.concurrent.TimeUnit)>(5, 60L, $r2)	timediff:1
I/System.out(26076): body:<com.cheerfulinc.flipagram.api.RetrofitApiBuilder: okhttp3.OkHttpClient a()>	sig:$r3 = virtualinvoke r11.<okhttp3.OkHttpClient$Builder: okhttp3.OkHttpClient$Builder connectionPool(okhttp3.ConnectionPool)>(r12)	timediff:0
I/System.out(26076): body:<com.cheerfulinc.flipagram.api.RetrofitApiBuilder: okhttp3.OkHttpClient a()>	sig:$r3 = virtualinvoke $r3.<okhttp3.OkHttpClient$Builder: okhttp3.OkHttpClient$Builder connectTimeout(long,java.util.concurrent.TimeUnit)>(5L, $r2)	timediff:0
I/System.out(26076): body:<com.cheerfulinc.flipagram.api.RetrofitApiBuilder: okhttp3.OkHttpClient a()>	sig:$r3 = virtualinvoke $r3.<okhttp3.OkHttpClient$Builder: okhttp3.OkHttpClient$Builder readTimeout(long,java.util.concurrent.TimeUnit)>(60L, $r2)	timediff:0
I/System.out(26076): body:<com.cheerfulinc.flipagram.api.RetrofitApiBuilder: okhttp3.OkHttpClient a()>	sig:$r3 = virtualinvoke $r3.<okhttp3.OkHttpClient$Builder: okhttp3.OkHttpClient$Builder writeTimeout(long,java.util.concurrent.TimeUnit)>(60L, $r2)	timediff:0
I/System.out(26076): body:<com.cheerfulinc.flipagram.api.RetrofitApiBuilder: okhttp3.OkHttpClient a()>	sig:$r3 = virtualinvoke $r3.<okhttp3.OkHttpClient$Builder: okhttp3.OkHttpClient$Builder followRedirects(boolean)>(1)	timediff:0
I/System.out(26076): body:<com.cheerfulinc.flipagram.api.RetrofitApiBuilder: okhttp3.OkHttpClient a()>	sig:$r3 = virtualinvoke $r3.<okhttp3.OkHttpClient$Builder: okhttp3.OkHttpClient$Builder followSslRedirects(boolean)>(1)	timediff:0
I/System.out(26076): body:<com.cheerfulinc.flipagram.api.RetrofitApiBuilder: okhttp3.OkHttpClient a()>	sig:$r3 = virtualinvoke $r3.<okhttp3.OkHttpClient$Builder: okhttp3.OkHttpClient$Builder addInterceptor(okhttp3.Interceptor)>(r13)	timediff:0
I/System.out(26076): body:<com.cheerfulinc.flipagram.api.RetrofitApiBuilder: okhttp3.OkHttpClient a()>	sig:$r3 = virtualinvoke $r3.<okhttp3.OkHttpClient$Builder: okhttp3.OkHttpClient$Builder addInterceptor(okhttp3.Interceptor)>($r5)	timediff:0
D/dalvikvm(26076): Added shared lib /data/data/com.cheerfulinc.flipagram/files/libcrashreport.so 0x95171768
I/System.out(26076): body:<com.cheerfulinc.flipagram.api.RetrofitApiBuilder: okhttp3.OkHttpClient a()>	sig:$r3 = virtualinvoke $r3.<okhttp3.OkHttpClient$Builder: okhttp3.OkHttpClient$Builder cookieJar(okhttp3.CookieJar)>(r17)	timediff:0
D/dalvikvm(26076): No JNI_OnLoad found in /data/data/com.cheerfulinc.flipagram/files/libcrashreport.so 0x95171768, skipping init
D/dalvikvm(26076): GC_CONCURRENT freed 529K, 10% free 6231K/6856K, paused 2ms+1ms, total 11ms
D/dalvikvm(26076): WAIT_FOR_CONCURRENT_GC blocked 7ms
D/dalvikvm(26076): WAIT_FOR_CONCURRENT_GC blocked 3ms
I/Apptimize(26076): Apptimize: Initializing Apptimize with appKey DqjufgThrelowg61tDf1aaga4Gp1W5I .
I/System.out(26076): body:<com.cheerfulinc.flipagram.api.RetrofitApiBuilder: okhttp3.OkHttpClient a()>	sig:$r0 = virtualinvoke $r3.<okhttp3.OkHttpClient$Builder: okhttp3.OkHttpClient build()>()	timediff:30
I/System.out(26076): body:<com.cheerfulinc.flipagram.bytedance.applog.TTAppLog$1: java.lang.String post(java.lang.String,byte[],java.util.Map,com.bytedance.common.utility.NetworkClient$ReqContext)>	sig:$r13 = virtualinvoke $r5.<okhttp3.Request$Builder: okhttp3.Request build()>()	timediff:0
I/System.out(26076): body:<com.cheerfulinc.flipagram.bytedance.applog.TTAppLog$1: java.lang.String post(java.lang.String,byte[],java.util.Map,com.bytedance.common.utility.NetworkClient$ReqContext)>	sig:$r14 = virtualinvoke $r12.<okhttp3.OkHttpClient: okhttp3.Call newCall(okhttp3.Request)>($r13)	timediff:0
I/System.out(26076): body:<com.cheerfulinc.flipagram.api.FlipagramInterceptor: okhttp3.Response intercept(okhttp3.Interceptor$Chain)>	sig:$r2 = interfaceinvoke $r1.<okhttp3.Interceptor$Chain: okhttp3.Request request()>()	timediff:0
I/System.out(26076): body:<com.cheerfulinc.flipagram.api.FlipagramInterceptor: okhttp3.Response intercept(okhttp3.Interceptor$Chain)>	sig:$r3 = virtualinvoke $r2.<okhttp3.Request: okhttp3.Request$Builder newBuilder()>()	timediff:0
I/System.out(26076): body:<com.cheerfulinc.flipagram.api.FlipagramInterceptor: okhttp3.Response intercept(okhttp3.Interceptor$Chain)>	sig:$r3 = virtualinvoke $r3.<okhttp3.Request$Builder: okhttp3.Request$Builder header(java.lang.String,java.lang.String)>("X-Flipagram-ApiKey", "39ac238e-e3ab-4b34-86c5-19c367e8e472")	timediff:0
I/System.out(26076): body:<com.cheerfulinc.flipagram.api.FlipagramInterceptor: okhttp3.Response intercept(okhttp3.Interceptor$Chain)>	sig:$r3 = virtualinvoke $r3.<okhttp3.Request$Builder: okhttp3.Request$Builder header(java.lang.String,java.lang.String)>("X-Flipagram-AppVersion", $r4)	timediff:0
I/System.out(26076): body:<com.cheerfulinc.flipagram.api.FlipagramInterceptor: okhttp3.Response intercept(okhttp3.Interceptor$Chain)>	sig:$r3 = virtualinvoke $r3.<okhttp3.Request$Builder: okhttp3.Request$Builder header(java.lang.String,java.lang.String)>("X-Flipagram-Locale", $r4)	timediff:1
I/System.out(26076): body:<com.cheerfulinc.flipagram.api.FlipagramInterceptor: okhttp3.Response intercept(okhttp3.Interceptor$Chain)>	sig:$r3 = virtualinvoke $r3.<okhttp3.Request$Builder: okhttp3.Request$Builder header(java.lang.String,java.lang.String)>("X-Flipagram-DeviceBrand", $r4)	timediff:0
I/System.out(26076): body:<com.cheerfulinc.flipagram.api.FlipagramInterceptor: okhttp3.Response intercept(okhttp3.Interceptor$Chain)>	sig:$r3 = virtualinvoke $r3.<okhttp3.Request$Builder: okhttp3.Request$Builder header(java.lang.String,java.lang.String)>("X-Flipagram-OsVersion", $r4)	timediff:0
I/System.out(26076): body:<com.cheerfulinc.flipagram.api.FlipagramInterceptor: okhttp3.Response intercept(okhttp3.Interceptor$Chain)>	sig:$r3 = virtualinvoke $r3.<okhttp3.Request$Builder: okhttp3.Request$Builder header(java.lang.String,java.lang.String)>("X-Flipagram-ConnectionType", $r4)	timediff:0
I/System.out(26076): body:<com.cheerfulinc.flipagram.api.FlipagramInterceptor: okhttp3.Response intercept(okhttp3.Interceptor$Chain)>	sig:$r2 = virtualinvoke $r3.<okhttp3.Request$Builder: okhttp3.Request build()>()	timediff:0
I/System.out(26076): body:<com.cheerfulinc.flipagram.api.FlipagramInterceptor: okhttp3.Response intercept(okhttp3.Interceptor$Chain)>	sig:$r3 = virtualinvoke $r2.<okhttp3.Request: okhttp3.Request$Builder newBuilder()>()	timediff:0
I/System.out(26076): body:<com.cheerfulinc.flipagram.api.FlipagramInterceptor: okhttp3.Response intercept(okhttp3.Interceptor$Chain)>	sig:$r3 = virtualinvoke $r3.<okhttp3.Request$Builder: okhttp3.Request$Builder header(java.lang.String,java.lang.String)>("X-Bytedance-DeviceId", $r4)	timediff:0
I/System.out(26076): body:<com.cheerfulinc.flipagram.api.FlipagramInterceptor: okhttp3.Response intercept(okhttp3.Interceptor$Chain)>	sig:$r5 = virtualinvoke $r3.<okhttp3.Request$Builder: okhttp3.Request build()>()	timediff:0
I/System.out(26076): body:<com.cheerfulinc.flipagram.api.FlipagramInterceptor: okhttp3.Response intercept(okhttp3.Interceptor$Chain)>	sig:$r3 = virtualinvoke $r5.<okhttp3.Request: okhttp3.Request$Builder newBuilder()>()	timediff:0
I/System.out(26076): body:<com.cheerfulinc.flipagram.api.FlipagramInterceptor: okhttp3.Response intercept(okhttp3.Interceptor$Chain)>	sig:$r3 = virtualinvoke $r3.<okhttp3.Request$Builder: okhttp3.Request$Builder header(java.lang.String,java.lang.String)>("X-Bytedance-InstallId", $r4)	timediff:0
I/System.out(26076): body:<com.cheerfulinc.flipagram.api.FlipagramInterceptor: okhttp3.Response intercept(okhttp3.Interceptor$Chain)>	sig:$r5 = virtualinvoke $r3.<okhttp3.Request$Builder: okhttp3.Request build()>()	timediff:0
D/dalvikvm(26076): GC_CONCURRENT freed 603K, 10% free 6650K/7348K, paused 0ms+1ms, total 6ms
I/ActivityManager(  492): Killing 25476:com.facebook.lite:fbns/u0a33 (adj 15): empty #17
I/Apptimize(26076): Apptimize: Localytics not found. Experiment participation events will not be exported to Localytics.
I/Apptimize(26076): Apptimize: Re-forcing persisted forced variants []
I/Apptimize(26076): Apptimize: Updated meta-data.
I/Apptimize(26076): Apptimize: This is not a developer build; test preview/dry-run disabled.
D/dalvikvm(26076): GC_CONCURRENT freed 1033K, 15% free 6781K/7908K, paused 2ms+1ms, total 11ms
W/Apptimize(26076): Apptimize: Apptimize did not detect Flurry. If you are using Flurry, then the most likely cause is ProGuard. Please consult the Apptimize docs for how to adjust your ProGuard configuration.
W/Apptimize(26076): Apptimize: Apptimize did not detect Google Analytics V3. If you are using Google Analytics V3, then the most likely cause is ProGuard. Please consult the Apptimize docs for how to adjust your ProGuard configuration.
I/Apptimize(26076): Apptimize: Google Analytics V4 detected; now importing data
W/Apptimize(26076): Apptimize: Apptimize did not detect Mixpanel. If you are using Mixpanel, then the most likely cause is ProGuard. Please consult the Apptimize docs for how to adjust your ProGuard configuration.
W/Apptimize(26076): Apptimize: Apptimize did not detect Omniture 2.x. If you are using Omniture 2.x, then the most likely cause is ProGuard. Please consult the Apptimize docs for how to adjust your ProGuard configuration.
W/Apptimize(26076): Apptimize: Apptimize did not detect Adobe AppMeasurement 3.x. If you are using Adobe AppMeasurement 3.x, then the most likely cause is ProGuard. Please consult the Apptimize docs for how to adjust your ProGuard configuration.
W/Apptimize(26076): Apptimize: Apptimize did not detect Adobe Mobile 4.x Config class.
W/Apptimize(26076): Apptimize: Apptimize did not detect Adobe Mobile 4.x Analytics and will not import its event data. If you are using Adobe Mobile 4.x, then the most likely cause is ProGuard. Please consult the Apptimize docs for how to adjust your ProGuard configuration.
W/Apptimize(26076): Apptimize: Apptimize did not detect Localytics. If you are using Localytics, then the most likely cause is ProGuard. Please consult the Apptimize docs for how to adjust your ProGuard configuration.
I/Apptimize(26076): Apptimize: Amplitude detected; now importing data
I/System.out(26076): body:<com.cheerfulinc.flipagram.api.FlipagramInterceptor: okhttp3.Response intercept(okhttp3.Interceptor$Chain)>	sig:$r3 = virtualinvoke $r5.<okhttp3.Request: okhttp3.Request$Builder newBuilder()>()	timediff:0
I/System.out(26076): body:<com.cheerfulinc.flipagram.api.FlipagramInterceptor: okhttp3.Response intercept(okhttp3.Interceptor$Chain)>	sig:$r3 = virtualinvoke $r3.<okhttp3.Request$Builder: okhttp3.Request$Builder header(java.lang.String,java.lang.String)>("X-Flipagram-TestGroups", $r4)	timediff:0
I/System.out(26076): body:<com.cheerfulinc.flipagram.api.FlipagramInterceptor: okhttp3.Response intercept(okhttp3.Interceptor$Chain)>	sig:$r5 = virtualinvoke $r3.<okhttp3.Request$Builder: okhttp3.Request build()>()	timediff:0
I/System.out(26076): body:<com.cheerfulinc.flipagram.api.FlipagramInterceptor: okhttp3.Response intercept(okhttp3.Interceptor$Chain)>	sig:$r3 = virtualinvoke $r5.<okhttp3.Request: okhttp3.Request$Builder newBuilder()>()	timediff:0
I/System.out(26076): body:<com.cheerfulinc.flipagram.api.FlipagramInterceptor: okhttp3.Response intercept(okhttp3.Interceptor$Chain)>	sig:$r3 = virtualinvoke $r3.<okhttp3.Request$Builder: okhttp3.Request$Builder removeHeader(java.lang.String)>("X-Flipagram-AccessTokenOptional")	timediff:0
I/System.out(26076): body:<com.cheerfulinc.flipagram.api.FlipagramInterceptor: okhttp3.Response intercept(okhttp3.Interceptor$Chain)>	sig:$r3 = virtualinvoke $r3.<okhttp3.Request$Builder: okhttp3.Request$Builder header(java.lang.String,java.lang.String)>("X-Flipagram-AccessToken", $r12)	timediff:0
I/System.out(26076): body:<com.cheerfulinc.flipagram.api.FlipagramInterceptor: okhttp3.Response intercept(okhttp3.Interceptor$Chain)>	sig:$r5 = virtualinvoke $r3.<okhttp3.Request$Builder: okhttp3.Request build()>()	timediff:0
I/System.out(26076): body:<com.cheerfulinc.flipagram.api.RetrofitApiBuilder: okhttp3.Response a(okhttp3.Interceptor$Chain)>	sig:$r1 = interfaceinvoke $r0.<okhttp3.Interceptor$Chain: okhttp3.Request request()>()	timediff:0
W/dalvikvm(26076): VFY: unable to find class referenced in signature (Ljava/nio/file/Path;)
