W/ContextImpl(  683): Calling a method in the system process without a qualified user: android.app.ContextImpl.startService:1492 android.content.ContextWrapper.startService:494 com.vphone.launcher.Launcher.i:690 com.vphone.launcher.Launcher.b:182 com.vphone.launcher.Launcher$11.run:650 
D/Sensors (  485): Client connection accepted (200)
W/EGL_emulation(  683): eglSurfaceAttrib not implemented 3093 12436
W/ViewRootImpl(  683): Dropping event due to no window focus: KeyEvent { action=ACTION_DOWN, keyCode=KEYCODE_MENU, scanCode=0, metaState=0, flags=0x8, repeatCount=0, eventTime=3787114, downTime=3787114, deviceId=-1, source=0x101 }
D/dalvikvm(  683): GC_FOR_ALLOC freed 4883K, 4% free 187508K/193796K, paused 89ms, total 93ms
W/ViewRootImpl(  683): Dropping event due to no window focus: KeyEvent { action=ACTION_DOWN, keyCode=KEYCODE_DPAD_LEFT, scanCode=0, metaState=0, flags=0x8, repeatCount=0, eventTime=3787366, downTime=3787366, deviceId=-1, source=0x101 }
W/PropertyValuesHolder(  683): Method setBrightness() with type int not found on target class class ph
W/PropertyValuesHolder(  683): Method getBrightness() with type int not found on target class class ph
W/ViewRootImpl(  683): Dropping event due to no window focus: KeyEvent { action=ACTION_DOWN, keyCode=KEYCODE_DPAD_UP, scanCode=0, metaState=0, flags=0x8, repeatCount=0, eventTime=3787476, downTime=3787476, deviceId=-1, source=0x101 }
W/ViewRootImpl(  683): Dropping event due to no window focus: KeyEvent { action=ACTION_DOWN, keyCode=KEYCODE_DPAD_UP, scanCode=0, metaState=0, flags=0x8, repeatCount=0, eventTime=3787543, downTime=3787543, deviceId=-1, source=0x101 }
W/ContextImpl(  485): Calling a method in the system process without a qualified user: android.app.ContextImpl.sendBroadcast:1123 com.android.server.InputMethodManagerService.hideCurrentInputLocked:1880 com.android.server.InputMethodManagerService.windowGainedFocus:1968 com.android.internal.view.IInputMethodManager$Stub.onTransact:221 com.android.server.InputMethodManagerService.onTransact:818 
I/ActivityManager(  485): START u0 {act=android.intent.action.MAIN cat=[android.intent.category.LAUNCHER] flg=0x10200000 cmp=com.cyanogenmod.filemanager/.activities.NavigationActivity bnds=[149,388][290,618] (has extras)} from pid 683
W/ContextImpl(  683): Calling a method in the system process without a qualified user: android.app.ContextImpl.sendBroadcast:1137 android.content.ContextWrapper.sendBroadcast:370 com.vphone.launcher.Stats.recordLaunch:129 com.vphone.launcher.Launcher.c:3192 com.vphone.launcher.Launcher.onClickAppShortcut:3144 
W/PropertyValuesHolder(  683): Method setBrightness() with type int not found on target class class ph
W/PropertyValuesHolder(  683): Method getBrightness() with type int not found on target class class ph
W/ContextImpl(  683): Calling a method in the system process without a qualified user: android.app.ContextImpl.bindService:1556 android.content.ContextWrapper.bindService:517 com.google.android.gms.common.stats.zzb.zza:-1 com.google.android.gms.common.stats.zzb.zza:-1 com.google.android.gms.ads.identifier.AdvertisingIdClient.zzh:-1 
D/Sensors (  485): Client connection accepted (190)
I/ActivityManager(  485): START u0 {act=android.intent.action.MAIN cat=[android.intent.category.HOME] flg=0x10200000 cmp=com.vphone.launcher/.Launcher} from pid 485
W/NetworkManagementSocketTagger(  485): setKernelCountSet(10182, 0) failed with errno -13
W/SurfaceFlinger(  168): couldn't log to binary event log: overflow.
I/MediaButtonReceiver(15126): onReceive : android.intent.action.MEDIA_BUTTON
I/MediaButtonReceiver(15126): action : null
I/MediaButtonReceiver(15126): event : ACTION_DOWN3
I/MediaButtonReceiver(15126): onReceive : android.intent.action.MEDIA_BUTTON
I/MediaButtonReceiver(15126): action : null
D/Sensors (  485): Client connection accepted (189)
E/AudioFlinger(  171): no more track names available
E/AudioTrack(  485): AudioFlinger could not create track, status: -12
E/SoundPool(  485): Error creating AudioTrack
E/AudioFlinger(  171): no more track names available
E/AudioTrack(  485): AudioFlinger could not create track, status: -12
E/SoundPool(  485): Error creating AudioTrack
E/AudioFlinger(  171): no more track names available
E/AudioTrack(  485): AudioFlinger could not create track, status: -12
E/SoundPool(  485): Error creating AudioTrack
E/AudioFlinger(  171): no more track names available
E/AudioTrack(  485): AudioFlinger could not create track, status: -12
E/SoundPool(  485): Error creating AudioTrack
E/AudioFlinger(  171): no more track names available
E/AudioTrack(  485): AudioFlinger could not create track, status: -12
E/SoundPool(  485): Error creating AudioTrack
E/AudioFlinger(  171): no more track names available
E/AudioTrack(  485): AudioFlinger could not create track, status: -12
E/SoundPool(  485): Error creating AudioTrack
W/PropertyValuesHolder(  683): Method setBrightness() with type int not found on target class class ph
W/PropertyValuesHolder(  683): Method getBrightness() with type int not found on target class class ph
I/ActivityManager(  485): START u0 {act=android.intent.action.MAIN cat=[android.intent.category.LAUNCHER] flg=0x10200000 cmp=com.ringdroid/.RingdroidSelectActivity bnds=[431,388][572,618]} from pid 683
E/AudioFlinger(  171): no more track names available
E/AudioTrack(  485): AudioFlinger could not create track, status: -12
E/SoundPool(  485): Error creating AudioTrack
W/ContextImpl(  683): Calling a method in the system process without a qualified user: android.app.ContextImpl.sendBroadcast:1137 android.content.ContextWrapper.sendBroadcast:370 com.vphone.launcher.Stats.recordLaunch:129 com.vphone.launcher.Launcher.c:3192 com.vphone.launcher.Launcher.onClickAppShortcut:3144 
W/PropertyValuesHolder(  683): Method setBrightness() with type int not found on target class class ph
W/PropertyValuesHolder(  683): Method getBrightness() with type int not found on target class class ph
I/InputDispatcher(  485): Dropped event because of pending overdue app switch.
W/InputManager(  485): Input event injection from pid 16035 failed.
W/ContextImpl(  683): Calling a method in the system process without a qualified user: android.app.ContextImpl.bindService:1556 android.content.ContextWrapper.bindService:517 com.google.android.gms.common.stats.zzb.zza:-1 com.google.android.gms.common.stats.zzb.zza:-1 com.google.android.gms.ads.identifier.AdvertisingIdClient.zzh:-1 
I/ActivityManager(  485): START u0 {act=android.intent.action.MAIN cat=[android.intent.category.LAUNCHER] flg=0x10200000 cmp=com.crunchyroll.android.naruto/.activities.SplashActivity} from pid 16035
E/AudioFlinger(  171): no more track names available
E/AudioTrack(  485): AudioFlinger could not create track, status: -12
W/PropertyValuesHolder(  683): Method setBrightness() with type int not found on target class class ph
W/PropertyValuesHolder(  683): Method getBrightness() with type int not found on target class class ph
E/SoundPool(  485): Error creating AudioTrack
E/AudioFlinger(  171): no more track names available
E/AudioTrack(  485): AudioFlinger could not create track, status: -12
E/SoundPool(  485): Error creating AudioTrack
E/AudioFlinger(  171): no more track names available
E/AudioTrack(  485): AudioFlinger could not create track, status: -12
E/SoundPool(  485): Error creating AudioTrack
I/ActivityManager(  485): START u0 {act=android.intent.action.MAIN cat=[android.intent.category.LAUNCHER] flg=0x10200000 cmp=com.thinkyeah.galleryvault/.LockingActivity bnds=[8,618][149,848]} from pid 683
W/ContextImpl(  683): Calling a method in the system process without a qualified user: android.app.ContextImpl.sendBroadcast:1137 android.content.ContextWrapper.sendBroadcast:370 com.vphone.launcher.Stats.recordLaunch:129 com.vphone.launcher.Launcher.c:3192 com.vphone.launcher.Launcher.onClickAppShortcut:3144 
D/yeshen  (  683): launcher onpause
W/ContextImpl(  683): Calling a method in the system process without a qualified user: android.app.ContextImpl.bindService:1556 android.content.ContextWrapper.bindService:517 com.google.android.gms.common.stats.zzb.zza:-1 com.google.android.gms.common.stats.zzb.zza:-1 com.google.android.gms.ads.identifier.AdvertisingIdClient.zzh:-1 
W/NetworkManagementSocketTagger(  485): setKernelCountSet(10182, 1) failed with errno -13
I/WindowManager(  485): Switching to real app window: Window{4ab6b154 u0 com.crunchyroll.android.naruto/com.crunchyroll.android.naruto.activities.SplashActivity}
W/InputMethodManagerService(  485): Starting input on non-focused client com.android.internal.view.IInputMethodClient$Stub$Proxy@4a9d250c (uid=1000 pid=683)
D/dalvikvm(16045): GC_CONCURRENT freed 344K, 9% free 4355K/4760K, paused 3ms+0ms, total 14ms
W/EGL_emulation(16045): eglSurfaceAttrib not implemented 3093 12436
W/ViewRootImpl(16045): Dropping event due to no window focus: KeyEvent { action=ACTION_DOWN, keyCode=KEYCODE_DPAD_UP, scanCode=0, metaState=0, flags=0x8, repeatCount=0, eventTime=3788586, downTime=3788586, deviceId=-1, source=0x101 }
W/ContextImpl(  485): Calling a method in the system process without a qualified user: android.app.ContextImpl.sendBroadcast:1123 com.android.server.InputMethodManagerService.hideCurrentInputLocked:1880 com.android.server.InputMethodManagerService.windowGainedFocus:1968 com.android.internal.view.IInputMethodManager$Stub.onTransact:221 com.android.server.InputMethodManagerService.onTransact:818 
I/ActivityManager(  485): Displayed com.crunchyroll.android.naruto/.activities.SplashActivity: +126ms
I/MusicPlayService(15126): action:music_action_play_pause
I/MusicPlayer(15126): startOrPause()
I/MusicPlayer(15126): start()
E/MusicQueue(15126): 列表为空
E/MusicQueue(15126): 列表为空
E/MusicQueue(15126): 列表为空
D/MusicPlayService(15126): doUpdateWidget
E/MusicQueue(15126): 列表为空
D/Sensors (  485): Client connection accepted (189)
D/dalvikvm(  485): GC_FOR_ALLOC freed 2836K, 28% free 19132K/26380K, paused 24ms, total 24ms
I/Widget2x2Transparent(15126): appWidgetIds为空
I/ActivityManager(  485): START u0 {act=android.intent.action.MAIN cat=[android.intent.category.HOME] flg=0x10200000 cmp=com.vphone.launcher/.Launcher} from pid 485
D/yeshen  (  683): launcher onstop
D/dalvikvm(  485): GC_EXPLICIT freed 1233K, 29% free 18856K/26380K, paused 1ms+2ms, total 22ms
I/MediaButtonReceiver(15126): onReceive : android.intent.action.MEDIA_BUTTON
I/MediaButtonReceiver(15126): onReceive : android.intent.action.MEDIA_BUTTON
I/MediaButtonReceiver(15126): action : null
I/InputDispatcher(  485): Dropped event because of pending overdue app switch.
I/InputDispatcher(  485): Dropped event because of pending overdue app switch.
W/InputManager(  485): Input event injection from pid 16035 failed.
W/InputManager(  485): Input event injection from pid 16035 failed.
I/AndroidRuntime(16035): VM exiting with result code 0.
