E/AndroidRuntime(19784): 	at com.android.internal.os.ZygoteInit$MethodAndArgsCaller.run(ZygoteInit.java:779)
E/AndroidRuntime(19784): 	at com.android.internal.os.ZygoteInit.main(ZygoteInit.java:595)
E/AndroidRuntime(19784): 	at dalvik.system.NativeStart.main(Native Method)
E/AndroidRuntime(19784): Caused by: java.lang.ArrayIndexOutOfBoundsException: length=10; index=10
E/AndroidRuntime(19784): 	at com.mcu.iVMS.a.k.a(dalvik_source_com.mcu.iVMS.apk)
E/AndroidRuntime(19784): 	at com.mcu.iVMS.ui.control.main.d.<init>(dalvik_source_com.mcu.iVMS.apk)
E/AndroidRuntime(19784): 	at com.mcu.iVMS.ui.control.main.RootActivity.onCreate(dalvik_source_com.mcu.iVMS.apk)
E/AndroidRuntime(19784): 	at android.app.Activity.performCreate(Activity.java:5231)
E/AndroidRuntime(19784): 	at android.app.Instrumentation.callActivityOnCreate(Instrumentation.java:1104)
E/AndroidRuntime(19784): 	at android.app.ActivityThread.performLaunchActivity(ActivityThread.java:2157)
E/AndroidRuntime(19784): 	... 11 more
I/Process (  485): Sending signal. PID: 19784 SIG: 9
W/NetworkManagementSocketTagger(  485): setKernelCountSet(10190, 0) failed with errno -13
W/ActivityManager(  485): Force-killing crashed app com.mcu.iVMS at watcher's request
W/ContextImpl(  485): Calling a method in the system process without a qualified user: android.app.ContextImpl.sendBroadcast:1123 com.android.server.am.ActivityManagerService.handleApplicationCrashInner:9670 com.android.server.am.ActivityManagerService.handleApplicationCrash:9644 android.app.ActivityManagerNative.onTransact:1311 com.android.server.am.ActivityManagerService.onTransact:2071 
I/ActivityManager(  485): Process com.mcu.iVMS (pid 19784) has died.
I/ActivityManager(  485): Start proc com.mcu.iVMS for activity com.mcu.iVMS/.ui.control.main.RootActivity: pid=19811 uid=10190 gids={50190, 3003, 1028, 1015, 1023}
W/NetworkManagementSocketTagger(  485): setKernelCountSet(10190, 1) failed with errno -13
I/dalvikvm(19811): ignoring registerObject request in thread=1
I/dalvikvm(19811): ignoring registerObject request in thread=1
D/dalvikvm(19811): Trying to load lib /data/app-lib/com.mcu.iVMS-1/libgnustl_shared.so 0x94f24bd8
D/dalvikvm(19811): Added shared lib /data/app-lib/com.mcu.iVMS-1/libgnustl_shared.so 0x94f24bd8
D/dalvikvm(19811): No JNI_OnLoad found in /data/app-lib/com.mcu.iVMS-1/libgnustl_shared.so 0x94f24bd8, skipping init
D/dalvikvm(19811): Trying to load lib /data/app-lib/com.mcu.iVMS-1/libssl.so 0x94f24bd8
D/dalvikvm(19811): Added shared lib /data/app-lib/com.mcu.iVMS-1/libssl.so 0x94f24bd8
D/dalvikvm(19811): No JNI_OnLoad found in /data/app-lib/com.mcu.iVMS-1/libssl.so 0x94f24bd8, skipping init
D/dalvikvm(19811): Trying to load lib /data/app-lib/com.mcu.iVMS-1/libHCCore.so 0x94f24bd8
D/dalvikvm(19811): Trying to load lib /data/app-lib/com.mcu.iVMS-1/libssl.so 0x94f24bd8
D/dalvikvm(19811): Shared lib '/data/app-lib/com.mcu.iVMS-1/libssl.so' already loaded in same CL 0x94f24bd8
D/dalvikvm(19811): Added shared lib /data/app-lib/com.mcu.iVMS-1/libHCCore.so 0x94f24bd8
D/dalvikvm(19811): No JNI_OnLoad found in /data/app-lib/com.mcu.iVMS-1/libHCCore.so 0x94f24bd8, skipping init
D/dalvikvm(19811): Trying to load lib /data/app-lib/com.mcu.iVMS-1/libHCCoreDevCfg.so 0x94f24bd8
D/dalvikvm(19811): Trying to load lib /data/app-lib/com.mcu.iVMS-1/libHCCore.so 0x94f24bd8
D/dalvikvm(19811): Shared lib '/data/app-lib/com.mcu.iVMS-1/libHCCore.so' already loaded in same CL 0x94f24bd8
D/dalvikvm(19811): Added shared lib /data/app-lib/com.mcu.iVMS-1/libHCCoreDevCfg.so 0x94f24bd8
D/dalvikvm(19811): No JNI_OnLoad found in /data/app-lib/com.mcu.iVMS-1/libHCCoreDevCfg.so 0x94f24bd8, skipping init
D/dalvikvm(19811): Trying to load lib /data/app-lib/com.mcu.iVMS-1/libHCPreview.so 0x94f24bd8
D/dalvikvm(19811): Trying to load lib /data/app-lib/com.mcu.iVMS-1/libHCCore.so 0x94f24bd8
D/dalvikvm(19811): Shared lib '/data/app-lib/com.mcu.iVMS-1/libHCCore.so' already loaded in same CL 0x94f24bd8
D/dalvikvm(19811): Trying to load lib /data/app-lib/com.mcu.iVMS-1/libHCCoreDevCfg.so 0x94f24bd8
D/dalvikvm(19811): Shared lib '/data/app-lib/com.mcu.iVMS-1/libHCCoreDevCfg.so' already loaded in same CL 0x94f24bd8
D/dalvikvm(19811): Added shared lib /data/app-lib/com.mcu.iVMS-1/libHCPreview.so 0x94f24bd8
D/dalvikvm(19811): No JNI_OnLoad found in /data/app-lib/com.mcu.iVMS-1/libHCPreview.so 0x94f24bd8, skipping init
D/dalvikvm(19811): Trying to load lib /data/app-lib/com.mcu.iVMS-1/libHCPlayBack.so 0x94f24bd8
D/dalvikvm(19811): Trying to load lib /data/app-lib/com.mcu.iVMS-1/libHCCore.so 0x94f24bd8
D/dalvikvm(19811): Shared lib '/data/app-lib/com.mcu.iVMS-1/libHCCore.so' already loaded in same CL 0x94f24bd8
D/dalvikvm(19811): Trying to load lib /data/app-lib/com.mcu.iVMS-1/libHCCoreDevCfg.so 0x94f24bd8
D/dalvikvm(19811): Shared lib '/data/app-lib/com.mcu.iVMS-1/libHCCoreDevCfg.so' already loaded in same CL 0x94f24bd8
D/dalvikvm(19811): Added shared lib /data/app-lib/com.mcu.iVMS-1/libHCPlayBack.so 0x94f24bd8
D/dalvikvm(19811): No JNI_OnLoad found in /data/app-lib/com.mcu.iVMS-1/libHCPlayBack.so 0x94f24bd8, skipping init
D/dalvikvm(19811): Trying to load lib /data/app-lib/com.mcu.iVMS-1/libHCGeneralCfgMgr.so 0x94f24bd8
D/dalvikvm(19811): Trying to load lib /data/app-lib/com.mcu.iVMS-1/libHCCore.so 0x94f24bd8
D/dalvikvm(19811): Shared lib '/data/app-lib/com.mcu.iVMS-1/libHCCore.so' already loaded in same CL 0x94f24bd8
D/dalvikvm(19811): Trying to load lib /data/app-lib/com.mcu.iVMS-1/libHCCoreDevCfg.so 0x94f24bd8
D/dalvikvm(19811): Shared lib '/data/app-lib/com.mcu.iVMS-1/libHCCoreDevCfg.so' already loaded in same CL 0x94f24bd8
D/dalvikvm(19811): Added shared lib /data/app-lib/com.mcu.iVMS-1/libHCGeneralCfgMgr.so 0x94f24bd8
D/dalvikvm(19811): No JNI_OnLoad found in /data/app-lib/com.mcu.iVMS-1/libHCGeneralCfgMgr.so 0x94f24bd8, skipping init
D/dalvikvm(19811): Trying to load lib /data/app-lib/com.mcu.iVMS-1/libHCVoiceTalk.so 0x94f24bd8
D/dalvikvm(19811): Trying to load lib /data/app-lib/com.mcu.iVMS-1/libHCCore.so 0x94f24bd8
D/dalvikvm(19811): Shared lib '/data/app-lib/com.mcu.iVMS-1/libHCCore.so' already loaded in same CL 0x94f24bd8
D/dalvikvm(19811): Trying to load lib /data/app-lib/com.mcu.iVMS-1/libHCCoreDevCfg.so 0x94f24bd8
D/dalvikvm(19811): Shared lib '/data/app-lib/com.mcu.iVMS-1/libHCCoreDevCfg.so' already loaded in same CL 0x94f24bd8
D/dalvikvm(19811): Added shared lib /data/app-lib/com.mcu.iVMS-1/libHCVoiceTalk.so 0x94f24bd8
D/dalvikvm(19811): No JNI_OnLoad found in /data/app-lib/com.mcu.iVMS-1/libHCVoiceTalk.so 0x94f24bd8, skipping init
D/dalvikvm(19811): Trying to load lib /data/app-lib/com.mcu.iVMS-1/libHCIndustry.so 0x94f24bd8
D/dalvikvm(19811): Trying to load lib /data/app-lib/com.mcu.iVMS-1/libHCCore.so 0x94f24bd8
D/dalvikvm(19811): Shared lib '/data/app-lib/com.mcu.iVMS-1/libHCCore.so' already loaded in same CL 0x94f24bd8
D/dalvikvm(19811): Trying to load lib /data/app-lib/com.mcu.iVMS-1/libHCCoreDevCfg.so 0x94f24bd8
D/dalvikvm(19811): Shared lib '/data/app-lib/com.mcu.iVMS-1/libHCCoreDevCfg.so' already loaded in same CL 0x94f24bd8
D/dalvikvm(19811): Added shared lib /data/app-lib/com.mcu.iVMS-1/libHCIndustry.so 0x94f24bd8
D/dalvikvm(19811): No JNI_OnLoad found in /data/app-lib/com.mcu.iVMS-1/libHCIndustry.so 0x94f24bd8, skipping init
D/dalvikvm(19811): Trying to load lib /data/app-lib/com.mcu.iVMS-1/libHCDisplay.so 0x94f24bd8
D/dalvikvm(19811): Trying to load lib /data/app-lib/com.mcu.iVMS-1/libHCCore.so 0x94f24bd8
D/dalvikvm(19811): Shared lib '/data/app-lib/com.mcu.iVMS-1/libHCCore.so' already loaded in same CL 0x94f24bd8
D/dalvikvm(19811): Trying to load lib /data/app-lib/com.mcu.iVMS-1/libHCCoreDevCfg.so 0x94f24bd8
D/dalvikvm(19811): Shared lib '/data/app-lib/com.mcu.iVMS-1/libHCCoreDevCfg.so' already loaded in same CL 0x94f24bd8
D/dalvikvm(19811): Added shared lib /data/app-lib/com.mcu.iVMS-1/libHCDisplay.so 0x94f24bd8
D/dalvikvm(19811): No JNI_OnLoad found in /data/app-lib/com.mcu.iVMS-1/libHCDisplay.so 0x94f24bd8, skipping init
D/dalvikvm(19811): Trying to load lib /data/app-lib/com.mcu.iVMS-1/libHCAlarm.so 0x94f24bd8
D/dalvikvm(19811): Trying to load lib /data/app-lib/com.mcu.iVMS-1/libHCCore.so 0x94f24bd8
D/dalvikvm(19811): Shared lib '/data/app-lib/com.mcu.iVMS-1/libHCCore.so' already loaded in same CL 0x94f24bd8
D/dalvikvm(19811): Trying to load lib /data/app-lib/com.mcu.iVMS-1/libHCCoreDevCfg.so 0x94f24bd8
D/dalvikvm(19811): Shared lib '/data/app-lib/com.mcu.iVMS-1/libHCCoreDevCfg.so' already loaded in same CL 0x94f24bd8
D/dalvikvm(19811): Added shared lib /data/app-lib/com.mcu.iVMS-1/libHCAlarm.so 0x94f24bd8
D/dalvikvm(19811): No JNI_OnLoad found in /data/app-lib/com.mcu.iVMS-1/libHCAlarm.so 0x94f24bd8, skipping init
D/dalvikvm(19811): Trying to load lib /data/app-lib/com.mcu.iVMS-1/libhcnetsdk.so 0x94f24bd8
D/dalvikvm(19811): Trying to load lib /data/app-lib/com.mcu.iVMS-1/libHCCore.so 0x94f24bd8
D/dalvikvm(19811): Shared lib '/data/app-lib/com.mcu.iVMS-1/libHCCore.so' already loaded in same CL 0x94f24bd8
D/dalvikvm(19811): Added shared lib /data/app-lib/com.mcu.iVMS-1/libhcnetsdk.so 0x94f24bd8
D/dalvikvm(19811): No JNI_OnLoad found in /data/app-lib/com.mcu.iVMS-1/libhcnetsdk.so 0x94f24bd8, skipping init
W/DebugConnManager(19811): getNetworkInfo() on networkType 1
D/dalvikvm(19811): Trying to load lib /data/app-lib/com.mcu.iVMS-1/libgnustl_shared.so 0x94f24bd8
D/dalvikvm(19811): Shared lib '/data/app-lib/com.mcu.iVMS-1/libgnustl_shared.so' already loaded in same CL 0x94f24bd8
D/dalvikvm(19811): Trying to load lib /data/app-lib/com.mcu.iVMS-1/libhpr.so 0x94f24bd8
D/dalvikvm(19811): Added shared lib /data/app-lib/com.mcu.iVMS-1/libhpr.so 0x94f24bd8
D/dalvikvm(19811): No JNI_OnLoad found in /data/app-lib/com.mcu.iVMS-1/libhpr.so 0x94f24bd8, skipping init
D/dalvikvm(19811): Trying to load lib /data/app-lib/com.mcu.iVMS-1/libudt.so 0x94f24bd8
D/dalvikvm(19811): Trying to load lib /data/app-lib/com.mcu.iVMS-1/libgnustl_shared.so 0x94f24bd8
D/dalvikvm(19811): Shared lib '/data/app-lib/com.mcu.iVMS-1/libgnustl_shared.so' already loaded in same CL 0x94f24bd8
D/dalvikvm(19811): Added shared lib /data/app-lib/com.mcu.iVMS-1/libudt.so 0x94f24bd8
D/dalvikvm(19811): No JNI_OnLoad found in /data/app-lib/com.mcu.iVMS-1/libudt.so 0x94f24bd8, skipping init
D/dalvikvm(19811): Trying to load lib /data/app-lib/com.mcu.iVMS-1/libopensslwrap.so 0x94f24bd8
D/dalvikvm(19811): Trying to load lib /data/app-lib/com.mcu.iVMS-1/libgnustl_shared.so 0x94f24bd8
D/dalvikvm(19811): Shared lib '/data/app-lib/com.mcu.iVMS-1/libgnustl_shared.so' already loaded in same CL 0x94f24bd8
D/dalvikvm(19811): Trying to load lib /data/app-lib/com.mcu.iVMS-1/libhpr.so 0x94f24bd8
D/dalvikvm(19811): Shared lib '/data/app-lib/com.mcu.iVMS-1/libhpr.so' already loaded in same CL 0x94f24bd8
D/dalvikvm(19811): Added shared lib /data/app-lib/com.mcu.iVMS-1/libopensslwrap.so 0x94f24bd8
D/dalvikvm(19811): No JNI_OnLoad found in /data/app-lib/com.mcu.iVMS-1/libopensslwrap.so 0x94f24bd8, skipping init
D/dalvikvm(19811): Trying to load lib /data/app-lib/com.mcu.iVMS-1/libCASClientSDK.so 0x94f24bd8
D/dalvikvm(19811): Trying to load lib /data/app-lib/com.mcu.iVMS-1/libudt.so 0x94f24bd8
D/dalvikvm(19811): Shared lib '/data/app-lib/com.mcu.iVMS-1/libudt.so' already loaded in same CL 0x94f24bd8
D/dalvikvm(19811): Trying to load lib /data/app-lib/com.mcu.iVMS-1/libopensslwrap.so 0x94f24bd8
D/dalvikvm(19811): Shared lib '/data/app-lib/com.mcu.iVMS-1/libopensslwrap.so' already loaded in same CL 0x94f24bd8
D/dalvikvm(19811): Trying to load lib /data/app-lib/com.mcu.iVMS-1/libgnustl_shared.so 0x94f24bd8
D/dalvikvm(19811): Shared lib '/data/app-lib/com.mcu.iVMS-1/libgnustl_shared.so' already loaded in same CL 0x94f24bd8
D/dalvikvm(19811): Trying to load lib /data/app-lib/com.mcu.iVMS-1/libhpr.so 0x94f24bd8
D/dalvikvm(19811): Shared lib '/data/app-lib/com.mcu.iVMS-1/libhpr.so' already loaded in same CL 0x94f24bd8
D/dalvikvm(19811): Added shared lib /data/app-lib/com.mcu.iVMS-1/libCASClientSDK.so 0x94f24bd8
D/dalvikvm(19811): Trying to load lib /data/app-lib/com.mcu.iVMS-1/libgnustl_shared.so 0x94f24bd8
D/dalvikvm(19811): Shared lib '/data/app-lib/com.mcu.iVMS-1/libgnustl_shared.so' already loaded in same CL 0x94f24bd8
D/dalvikvm(19811): Trying to load lib /data/app-lib/com.mcu.iVMS-1/libRtspClientSDK.so 0x94f24bd8
D/dalvikvm(19811): Trying to load lib /data/app-lib/com.mcu.iVMS-1/libgnustl_shared.so 0x94f24bd8
D/dalvikvm(19811): Shared lib '/data/app-lib/com.mcu.iVMS-1/libgnustl_shared.so' already loaded in same CL 0x94f24bd8
D/dalvikvm(19811): Added shared lib /data/app-lib/com.mcu.iVMS-1/libRtspClientSDK.so 0x94f24bd8
I/CASClientSDK(19811): opensslwrap dll init success. initCount:1
I/CASClientSDK(19811): libCASClient dll init success. initCount:1
I/CASClientSDK(19811): Java_com_hik_CASClient_initLib->init lib success
I/RtspClientSDK(19811): Java_com_hik_RtspClient_initLib->init lib success
I/dalvikvm(19811): Could not find method com.google.android.gms.ads.identifier.AdvertisingIdClient.getAdvertisingIdInfo, referenced from method com.flurry.sdk.jl.e
W/dalvikvm(19811): VFY: unable to resolve static method 14021: Lcom/google/android/gms/ads/identifier/AdvertisingIdClient;.getAdvertisingIdInfo (Landroid/content/Context;)Lcom/google/android/gms/ads/identifier/AdvertisingIdClient$Info;
D/dalvikvm(19811): VFY: replacing opcode 0x71 at 0x0006
W/dalvikvm(19811): VFY: unable to find class referenced in signature (Lokhttp3/Request;)
D/dalvikvm(19811): JIT code cache reset in 0 ms (0 bytes 1/0)
D/dalvikvm(19811): GC_CONCURRENT freed 262K, 10% free 2943K/3268K, paused 2ms+5ms, total 13ms
W/dalvikvm(19811): VFY: unable to find class referenced in signature (Lokhttp3/Response;)
I/dalvikvm(19811): Could not find method okhttp3.Response.headers, referenced from method empirical.HelperClass.printOkHttpInfo
W/dalvikvm(19811): VFY: unable to resolve virtual method 29167: Lokhttp3/Response;.headers ()Lokhttp3/Headers;
D/dalvikvm(19811): VFY: replacing opcode 0x6e at 0x0006
W/dalvikvm(19811): VFY: unable to find class referenced in signature (Lokhttp3/Call;)
W/dalvikvm(19811): VFY: unable to find class referenced in signature (Lokhttp3/Response;)
I/dalvikvm(19811): Could not find method okhttp3.Call.request, referenced from method empirical.HelperClass.printOkHttpInfoFromCall
W/dalvikvm(19811): VFY: unable to resolve interface method 29161: Lokhttp3/Call;.request ()Lokhttp3/Request;
D/dalvikvm(19811): VFY: replacing opcode 0x72 at 0x0006
I/System.out(19811): body:<com.flurry.sdk.ku: void i()>	sig:specialinvoke $r6.<java.net.URL: void <init>(java.lang.String)>($r1)	timediff:0
I/System.out(19811): <com.flurry.sdk.ku: void i()>###specialinvoke $r6.<java.net.URL: void <init>(java.lang.String)>($r1)###https://data.flurry.com/aap.do
D/dalvikvm(19811): GC_CONCURRENT freed 254K, 10% free 3106K/3420K, paused 2ms+2ms, total 9ms
I/System.out(19811): body:<com.flurry.sdk.ku: void i()>	sig:$r7 = virtualinvoke $r6.<java.net.URL: java.net.URLConnection openConnection()>()	timediff:47
I/System.out(19811): body:<com.flurry.sdk.ku: void i()>	sig:virtualinvoke $r4.<java.net.HttpURLConnection: void setConnectTimeout(int)>($i0)	timediff:0
I/System.out(19811): body:<com.flurry.sdk.ku: void i()>	sig:virtualinvoke $r4.<java.net.HttpURLConnection: void setReadTimeout(int)>($i0)	timediff:0
I/System.out(19811): body:<com.flurry.sdk.ku: void i()>	sig:virtualinvoke $r4.<java.net.HttpURLConnection: void setRequestMethod(java.lang.String)>($r1)	timediff:0
I/System.out(19811): body:<com.flurry.sdk.ku: void i()>	sig:virtualinvoke $r4.<java.net.HttpURLConnection: void setInstanceFollowRedirects(boolean)>($z0)	timediff:0
I/System.out(19811): body:<com.flurry.sdk.ku: void i()>	sig:virtualinvoke $r4.<java.net.HttpURLConnection: void setDoOutput(boolean)>($z0)	timediff:0
I/System.out(19811): body:<com.flurry.sdk.ku: void i()>	sig:virtualinvoke $r4.<java.net.HttpURLConnection: void setDoInput(boolean)>(1)	timediff:0
I/System.out(19811): body:<com.flurry.sdk.ku: void i()>	sig:virtualinvoke $r4.<java.net.HttpURLConnection: void addRequestProperty(java.lang.String,java.lang.String)>($r1, $r13)	timediff:0
D/dalvikvm(19811): GC_FOR_ALLOC freed 105K, 8% free 3167K/3420K, paused 4ms, total 4ms
I/dalvikvm-heap(19811): Grow heap (frag case) to 4.575MB for 1495272-byte allocation
D/dalvikvm(19811): GC_CONCURRENT freed <1K, 6% free 4627K/4884K, paused 3ms+0ms, total 6ms
D/dalvikvm(19811): WAIT_FOR_CONCURRENT_GC blocked 3ms
D/dalvikvm(19811): GC_FOR_ALLOC freed 12K, 6% free 4674K/4940K, paused 3ms, total 3ms
I/dalvikvm-heap(19811): Grow heap (frag case) to 5.227MB for 635808-byte allocation
D/dalvikvm(19811): GC_CONCURRENT freed <1K, 5% free 5294K/5564K, paused 3ms+0ms, total 5ms
D/dalvikvm(19811): WAIT_FOR_CONCURRENT_GC blocked 2ms
D/dalvikvm(19811): Trying to load lib /data/app-lib/com.mcu.iVMS-1/libMobileUtility.so 0x94f24bd8
D/dalvikvm(19811): Added shared lib /data/app-lib/com.mcu.iVMS-1/libMobileUtility.so 0x94f24bd8
I/MobileUtility_JNI(19811): MobileUtility JNI_OnLoad succ
D/AndroidRuntime(19811): Shutting down VM
W/dalvikvm(19811): threadid=1: thread exiting with uncaught exception (group=0x94c64b20)
W/System.err(19811): java.lang.RuntimeException: Unable to start activity ComponentInfo{com.mcu.iVMS/com.mcu.iVMS.ui.control.main.RootActivity}: java.lang.ArrayIndexOutOfBoundsException: length=10; index=10
W/System.err(19811): 	at android.app.ActivityThread.performLaunchActivity(ActivityThread.java:2193)
W/System.err(19811): 	at android.app.ActivityThread.handleLaunchActivity(ActivityThread.java:2243)
W/System.err(19811): 	at android.app.ActivityThread.access$800(ActivityThread.java:135)
W/System.err(19811): 	at android.app.ActivityThread$H.handleMessage(ActivityThread.java:1196)
W/System.err(19811): 	at android.os.Handler.dispatchMessage(Handler.java:102)
W/System.err(19811): 	at android.os.Looper.loop(Looper.java:136)
W/System.err(19811): 	at android.app.ActivityThread.main(ActivityThread.java:5019)
W/System.err(19811): 	at java.lang.reflect.Method.invokeNative(Native Method)
W/System.err(19811): 	at java.lang.reflect.Method.invoke(Method.java:515)
W/System.err(19811): 	at com.android.internal.os.ZygoteInit$MethodAndArgsCaller.run(ZygoteInit.java:779)
W/System.err(19811): 	at com.android.internal.os.ZygoteInit.main(ZygoteInit.java:595)
W/System.err(19811): 	at dalvik.system.NativeStart.main(Native Method)
W/System.err(19811): Caused by: java.lang.ArrayIndexOutOfBoundsException: length=10; index=10
W/System.err(19811): 	at com.mcu.iVMS.a.k.a(dalvik_source_com.mcu.iVMS.apk)
W/System.err(19811): 	at com.mcu.iVMS.ui.control.main.d.<init>(dalvik_source_com.mcu.iVMS.apk)
W/System.err(19811): 	at com.mcu.iVMS.ui.control.main.RootActivity.onCreate(dalvik_source_com.mcu.iVMS.apk)
W/System.err(19811): 	at android.app.Activity.performCreate(Activity.java:5231)
W/System.err(19811): 	at android.app.Instrumentation.callActivityOnCreate(Instrumentation.java:1104)
W/System.err(19811): 	at android.app.ActivityThread.performLaunchActivity(ActivityThread.java:2157)
W/System.err(19811): 	... 11 more
I/Process (  485): Sending signal. PID: 19811 SIG: 9
E/AndroidRuntime(19811): FATAL EXCEPTION: main
E/AndroidRuntime(19811): Process: com.mcu.iVMS, PID: 19811
E/AndroidRuntime(19811): java.lang.RuntimeException: Unable to start activity ComponentInfo{com.mcu.iVMS/com.mcu.iVMS.ui.control.main.RootActivity}: java.lang.ArrayIndexOutOfBoundsException: length=10; index=10
E/AndroidRuntime(19811): 	at android.app.ActivityThread.performLaunchActivity(ActivityThread.java:2193)
E/AndroidRuntime(19811): 	at android.app.ActivityThread.handleLaunchActivity(ActivityThread.java:2243)
E/AndroidRuntime(19811): 	at android.app.ActivityThread.access$800(ActivityThread.java:135)
E/AndroidRuntime(19811): 	at android.app.ActivityThread$H.handleMessage(ActivityThread.java:1196)
E/AndroidRuntime(19811): 	at android.os.Handler.dispatchMessage(Handler.java:102)
E/AndroidRuntime(19811): 	at android.os.Looper.loop(Looper.java:136)
E/AndroidRuntime(19811): 	at android.app.ActivityThread.main(ActivityThread.java:5019)
E/AndroidRuntime(19811): 	at java.lang.reflect.Method.invokeNative(Native Method)
E/AndroidRuntime(19811): 	at java.lang.reflect.Method.invoke(Method.java:515)
E/AndroidRuntime(19811): 	at com.android.internal.os.ZygoteInit$MethodAndArgsCaller.run(ZygoteInit.java:779)
E/AndroidRuntime(19811): 	at com.android.internal.os.ZygoteInit.main(ZygoteInit.java:595)
E/AndroidRuntime(19811): 	at dalvik.system.NativeStart.main(Native Method)
E/AndroidRuntime(19811): Caused by: java.lang.ArrayIndexOutOfBoundsException: length=10; index=10
E/AndroidRuntime(19811): 	at com.mcu.iVMS.a.k.a(dalvik_source_com.mcu.iVMS.apk)
E/AndroidRuntime(19811): 	at com.mcu.iVMS.ui.control.main.d.<init>(dalvik_source_com.mcu.iVMS.apk)
E/AndroidRuntime(19811): 	at com.mcu.iVMS.ui.control.main.RootActivity.onCreate(dalvik_source_com.mcu.iVMS.apk)
E/AndroidRuntime(19811): 	at android.app.Activity.performCreate(Activity.java:5231)
E/AndroidRuntime(19811): 	at android.app.Instrumentation.callActivityOnCreate(Instrumentation.java:1104)
E/AndroidRuntime(19811): 	at android.app.ActivityThread.performLaunchActivity(ActivityThread.java:2157)
E/AndroidRuntime(19811): 	... 11 more
W/ActivityManager(  485): Force-killing crashed app com.mcu.iVMS at watcher's request
W/ContextImpl(  485): Calling a method in the system process without a qualified user: android.app.ContextImpl.sendBroadcast:1123 com.android.server.am.ActivityManagerService.handleApplicationCrashInner:9670 com.android.server.am.ActivityManagerService.handleApplicationCrash:9644 android.app.ActivityManagerNative.onTransact:1311 com.android.server.am.ActivityManagerService.onTransact:2071 
W/NetworkManagementSocketTagger(  485): setKernelCountSet(10190, 0) failed with errno -13
I/ActivityManager(  485): Process com.mcu.iVMS (pid 19811) has died.
W/ActivityManager(  485): Force removing ActivityRecord{4aa51e08 u0 com.mcu.iVMS/.ui.control.main.RootActivity t205}: app died, no saved state
I/InputDispatcher(  485): Dropping event because there is no focused window or focused application.
W/InputManager(  485): Input event injection from pid 19421 failed.
I/InputDispatcher(  485): Dropping event because there is no focused window or focused application.
W/InputManager(  485): Input event injection from pid 19421 failed.
D/FirebaseApp(  683): Notifying background state change listeners.
I/InputDispatcher(  485): Dropping event because there is no focused window or focused application.
W/InputManager(  485): Input event injection from pid 19421 failed.
I/InputDispatcher(  485): Dropping event because there is no focused window or focused application.
I/InputDispatcher(  485): Dropping event because there is no focused window or focused application.
W/InputManager(  485): Input event injection from pid 19421 failed.
W/InputManager(  485): Input event injection from pid 19421 failed.
I/InputDispatcher(  485): Dropping event because there is no focused window or focused application.
I/InputDispatcher(  485): Dropping event because there is no focused window or focused application.
I/InputDispatcher(  485): Dropping event because there is no focused window or focused application.
I/InputDispatcher(  485): Dropping event because there is no focused window or focused application.
I/InputDispatcher(  485): Dropping event because there is no focused window or focused application.
I/InputDispatcher(  485): Dropping event because there is no focused window or focused application.
W/InputManager(  485): Input event injection from pid 19421 failed.
W/InputManager(  485): Input event injection from pid 19421 failed.
W/InputManager(  485): Input event injection from pid 19421 failed.
W/InputManager(  485): Input event injection from pid 19421 failed.
W/InputManager(  485): Input event injection from pid 19421 failed.
W/InputManager(  485): Input event injection from pid 19421 failed.
W/InputManager(  485): Input event injection from pid 19421 failed.
I/InputDispatcher(  485): Dropping event because there is no focused window or focused application.
I/InputDispatcher(  485): Dropping event because there is no focused window or focused application.
I/InputDispatcher(  485): Dropping event because there is no focused window or focused application.
V/PanelView(  542): animationTick called with dtms=0; nothing to do (h=0.0 v=-0.0)
I/InputDispatcher(  485): Dropping event because there is no focused window or focused application.
W/InputManager(  485): Input event injection from pid 19421 failed.
W/InputManager(  485): Input event injection from pid 19421 failed.
W/InputManager(  485): Input event injection from pid 19421 failed.
W/InputManager(  485): Input event injection from pid 19421 failed.
W/InputManager(  485): Input event injection from pid 19421 failed.
I/InputDispatcher(  485): Dropping event because there is no focused window or focused application.
I/InputDispatcher(  485): Dropping event because there is no focused window or focused application.
I/InputDispatcher(  485): Dropping event because there is no focused window or focused application.
W/InputManager(  485): Input event injection from pid 19421 failed.
W/InputManager(  485): Input event injection from pid 19421 failed.
W/InputManager(  485): Input event injection from pid 19421 failed.
W/InputManager(  485): Input event injection from pid 19421 failed.
W/InputManager(  485): Input event injection from pid 19421 failed.
W/InputManager(  485): Input event injection from pid 19421 failed.
W/InputManager(  485): Input event injection from pid 19421 failed.
W/InputManager(  485): Input event injection from pid 19421 failed.
I/InputDispatcher(  485): Dropping event because there is no focused window or focused application.
W/InputManager(  485): Input event injection from pid 19421 failed.
W/InputManager(  485): Input event injection from pid 19421 failed.
W/InputManager(  485): Input event injection from pid 19421 failed.
I/InputDispatcher(  485): Dropping event because there is no focused window or focused application.
I/InputDispatcher(  485): Dropping event because there is no focused window or focused application.
I/InputDispatcher(  485): Dropping event because there is no focused window or focused application.
I/InputDispatcher(  485): Dropping event because there is no focused window or focused application.
I/InputDispatcher(  485): Dropping event because there is no focused window or focused application.
W/InputManager(  485): Input event injection from pid 19421 failed.
W/InputManager(  485): Input event injection from pid 19421 failed.
W/InputManager(  485): Input event injection from pid 19421 failed.
W/InputManager(  485): Input event injection from pid 19421 failed.
W/InputManager(  485): Input event injection from pid 19421 failed.
W/InputManager(  485): Input event injection from pid 19421 failed.
W/InputManager(  485): Input event injection from pid 19421 failed.
W/InputManager(  485): Input event injection from pid 19421 failed.
W/InputManager(  485): Input event injection from pid 19421 failed.
W/InputManager(  485): Input event injection from pid 19421 failed.
W/InputManager(  485): Input event injection from pid 19421 failed.
I/InputDispatcher(  485): Dropping event because there is no focused window or focused application.
I/InputDispatcher(  485): Dropping event because there is no focused window or focused application.
I/InputDispatcher(  485): Dropping event because there is no focused window or focused application.
I/InputDispatcher(  485): Dropping event because there is no focused window or focused application.
I/InputDispatcher(  485): Dropping event because there is no focused window or focused application.
I/InputDispatcher(  485): Dropping event because there is no focused window or focused application.
I/InputDispatcher(  485): Dropping event because there is no focused window or focused application.
W/InputManager(  485): Input event injection from pid 19421 failed.
W/InputManager(  485): Input event injection from pid 19421 failed.
W/InputManager(  485): Input event injection from pid 19421 failed.
W/InputManager(  485): Input event injection from pid 19421 failed.
W/InputManager(  485): Input event injection from pid 19421 failed.
W/InputManager(  485): Input event injection from pid 19421 failed.
W/InputManager(  485): Input event injection from pid 19421 failed.
W/InputManager(  485): Input event injection from pid 19421 failed.
W/InputManager(  485): Input event injection from pid 19421 failed.
W/InputManager(  485): Input event injection from pid 19421 failed.
W/InputManager(  485): Input event injection from pid 19421 failed.
W/InputManager(  485): Input event injection from pid 19421 failed.
I/InputDispatcher(  485): Dropping event because there is no focused window or focused application.
I/InputDispatcher(  485): Dropping event because there is no focused window or focused application.
I/InputDispatcher(  485): Dropping event because there is no focused window or focused application.
I/InputDispatcher(  485): Dropping event because there is no focused window or focused application.
I/InputDispatcher(  485): Dropping event because there is no focused window or focused application.
I/InputDispatcher(  485): Dropping event because there is no focused window or focused application.
I/InputDispatcher(  485): Dropping event because there is no focused window or focused application.
I/InputDispatcher(  485): Dropping event because there is no focused window or focused application.
I/InputDispatcher(  485): Dropping event because there is no focused window or focused application.
I/InputDispatcher(  485): Dropping event because there is no focused window or focused application.
W/InputManager(  485): Input event injection from pid 19421 failed.
W/InputManager(  485): Input event injection from pid 19421 failed.
W/InputManager(  485): Input event injection from pid 19421 failed.
W/InputManager(  485): Input event injection from pid 19421 failed.
W/InputManager(  485): Input event injection from pid 19421 failed.
W/InputManager(  485): Input event injection from pid 19421 failed.
W/InputManager(  485): Input event injection from pid 19421 failed.
W/InputManager(  485): Input event injection from pid 19421 failed.
W/InputManager(  485): Input event injection from pid 19421 failed.
W/InputManager(  485): Input event injection from pid 19421 failed.
W/InputManager(  485): Input event injection from pid 19421 failed.
I/InputDispatcher(  485): Dropping event because there is no focused window or focused application.
I/InputDispatcher(  485): Dropping event because there is no focused window or focused application.
I/InputDispatcher(  485): Dropping event because there is no focused window or focused application.
I/InputDispatcher(  485): Dropping event because there is no focused window or focused application.
I/InputDispatcher(  485): Dropping event because there is no focused window or focused application.
I/InputDispatcher(  485): Dropping event because there is no focused window or focused application.
I/InputDispatcher(  485): Dropping event because there is no focused window or focused application.
I/InputDispatcher(  485): Dropping event because there is no focused window or focused application.
I/InputDispatcher(  485): Dropping event because there is no focused window or focused application.
I/InputDispatcher(  485): Dropping event because there is no focused window or focused application.
W/InputManager(  485): Input event injection from pid 19421 failed.
W/InputManager(  485): Input event injection from pid 19421 failed.
W/InputManager(  485): Input event injection from pid 19421 failed.
W/InputManager(  485): Input event injection from pid 19421 failed.
W/InputManager(  485): Input event injection from pid 19421 failed.
W/InputManager(  485): Input event injection from pid 19421 failed.
W/InputManager(  485): Input event injection from pid 19421 failed.
W/InputManager(  485): Input event injection from pid 19421 failed.
W/InputManager(  485): Input event injection from pid 19421 failed.
W/InputManager(  485): Input event injection from pid 19421 failed.
W/InputManager(  485): Input event injection from pid 19421 failed.
W/InputManager(  485): Input event injection from pid 19421 failed.
W/InputManager(  485): Input event injection from pid 19421 failed.
W/InputManager(  485): Input event injection from pid 19421 failed.
W/InputManager(  485): Input event injection from pid 19421 failed.
W/InputManager(  485): Input event injection from pid 19421 failed.
W/InputManager(  485): Input event injection from pid 19421 failed.
I/InputDispatcher(  485): Dropping event because there is no focused window or focused application.
I/InputDispatcher(  485): Dropping event because there is no focused window or focused application.
I/InputDispatcher(  485): Dropping event because there is no focused window or focused application.
I/InputDispatcher(  485): Dropping event because there is no focused window or focused application.
W/InputManager(  485): Input event injection from pid 19421 failed.
W/InputManager(  485): Input event injection from pid 19421 failed.
W/InputManager(  485): Input event injection from pid 19421 failed.
W/InputManager(  485): Input event injection from pid 19421 failed.
W/InputManager(  485): Input event injection from pid 19421 failed.
D/Sensors (  485): Client connection accepted (178)
W/EGL_emulation(  683): eglSurfaceAttrib not implemented 3093 12436
W/ViewRootImpl(  683): Dropping event due to no window focus: MotionEvent { action=ACTION_MOVE, id[0]=0, x[0]=-2.0, y[0]=0.0, toolType[0]=TOOL_TYPE_UNKNOWN, buttonState=0, metaState=0, flags=0x0, edgeFlags=0x0, pointerCount=1, historySize=19, eventTime=4019361, downTime=-1, deviceId=0, source=0x10004 }
W/ViewRootImpl(  683): Dropping event due to no window focus: KeyEvent { action=ACTION_DOWN, keyCode=KEYCODE_DPAD_RIGHT, scanCode=0, metaState=0, flags=0x8, repeatCount=0, eventTime=4019377, downTime=4019377, deviceId=-1, source=0x101 }
W/ViewRootImpl(  683): Dropping event due to no window focus: KeyEvent { action=ACTION_DOWN, keyCode=KEYCODE_DPAD_UP, scanCode=0, metaState=0, flags=0x8, repeatCount=0, eventTime=4019463, downTime=4019463, deviceId=-1, source=0x101 }
W/PropertyValuesHolder(  683): Method setBrightness() with type int not found on target class class ph
W/PropertyValuesHolder(  683): Method getBrightness() with type int not found on target class class ph
W/Binder  (  651): Caught a RuntimeException from the binder stub implementation.
W/Binder  (  651): java.lang.NullPointerException
W/Binder  (  651): 	at android.inputmethodservice.IInputMethodWrapper.setSessionEnabled(IInputMethodWrapper.java:280)
W/Binder  (  651): 	at com.android.internal.view.IInputMethod$Stub.onTransact(IInputMethod.java:129)
W/Binder  (  651): 	at android.os.Binder.execTransact(Binder.java:404)
W/Binder  (  651): 	at dalvik.system.NativeStart.run(Native Method)
W/ContextImpl(  485): Calling a method in the system process without a qualified user: android.app.ContextImpl.sendBroadcast:1123 com.android.server.InputMethodManagerService.hideCurrentInputLocked:1880 com.android.server.InputMethodManagerService.windowGainedFocus:1968 com.android.internal.view.IInputMethodManager$Stub.onTransact:221 com.android.server.InputMethodManagerService.onTransact:818 
W/InputMethodManagerService(  485): Got RemoteException sending setActive(false) notification to pid 19742 uid 10190
W/DebugConnManager(  683): getNetworkInfo() on networkType 1
I/ActivityManager(  485): START u0 {act=android.intent.action.VIEW dat=https://tracking.apptrackerlink.com/ws/action/click?offer_id=894732&bid_id=DAE7wPWyKnCRwX4P2Z9WcWRv4gK2&imp_id=xWAQORw402hN1XN72YWOFr3y7D0&p_id=a57d1f0d-3e45-4524-8e9b-4f61b8d09b3a&mac=2C:56:DC:4E:22:14&gaid=32c3adf2-4ef0-4bfa-9817-0931a0a194ab cmp=com.android.browser/.BrowserActivity} from pid 683
W/ContextImpl(  683): Calling a method in the system process without a qualified user: android.app.ContextImpl.bindService:1556 android.content.ContextWrapper.bindService:517 com.google.android.gms.common.stats.zzb.zza:-1 com.google.android.gms.common.stats.zzb.zza:-1 com.google.android.gms.ads.identifier.AdvertisingIdClient.zzh:-1 
W/DebugConnManager(  683): getNetworkInfo() on networkType 1
I/ActivityManager(  485): START u0 {act=android.intent.action.VIEW dat=http://launcher.us.yeshen.com/api/app/detail?id=com.kiloo.subwaysurf flg=0x10000000 cmp=com.android.browser/.BrowserActivity} from pid 683
D/Sensors (  485): Client connection accepted (185)
I/ActivityManager(  485): START u0 {act=android.intent.action.MAIN cat=[android.intent.category.LAUNCHER] flg=0x10200000 cmp=com.mcu.iVMS/.ui.control.loading.LoadingActivity} from pid 19421
D/yeshen  (  683): launcher onpause
I/ActivityManager(  485): Start proc com.mcu.iVMS for activity com.mcu.iVMS/.ui.control.loading.LoadingActivity: pid=19849 uid=10190 gids={50190, 3003, 1028, 1015, 1023}
W/DebugConnManager(  683): getNetworkInfo() on networkType 1
W/NetworkManagementSocketTagger(  485): setKernelCountSet(10190, 1) failed with errno -13
I/dalvikvm(19849): ignoring registerObject request in thread=1
I/dalvikvm(19849): ignoring registerObject request in thread=1
I/ActivityManager(  485): START u0 {act=android.intent.action.VIEW dat=http://launcher.us.yeshen.com/api/app/detail?id=com.dts.freefireth flg=0x10000000 cmp=com.android.browser/.BrowserActivity} from pid 683
D/dalvikvm(19849): Trying to load lib /data/app-lib/com.mcu.iVMS-1/libgnustl_shared.so 0x94f25c80
D/yeshen  (  683): launcher onstop
D/FirebaseApp(  683): Notifying background state change listeners.
D/Tinker.DefaultAppLike(  683): onTrimMemory level:20
D/dalvikvm(19849): Added shared lib /data/app-lib/com.mcu.iVMS-1/libgnustl_shared.so 0x94f25c80
D/dalvikvm(19849): No JNI_OnLoad found in /data/app-lib/com.mcu.iVMS-1/libgnustl_shared.so 0x94f25c80, skipping init
D/dalvikvm(19849): Trying to load lib /data/app-lib/com.mcu.iVMS-1/libssl.so 0x94f25c80
D/dalvikvm(19849): Added shared lib /data/app-lib/com.mcu.iVMS-1/libssl.so 0x94f25c80
D/dalvikvm(19849): No JNI_OnLoad found in /data/app-lib/com.mcu.iVMS-1/libssl.so 0x94f25c80, skipping init
D/dalvikvm(19849): Trying to load lib /data/app-lib/com.mcu.iVMS-1/libHCCore.so 0x94f25c80
D/dalvikvm(19849): Trying to load lib /data/app-lib/com.mcu.iVMS-1/libssl.so 0x94f25c80
D/dalvikvm(19849): Shared lib '/data/app-lib/com.mcu.iVMS-1/libssl.so' already loaded in same CL 0x94f25c80
D/dalvikvm(19849): Added shared lib /data/app-lib/com.mcu.iVMS-1/libHCCore.so 0x94f25c80
D/dalvikvm(19849): No JNI_OnLoad found in /data/app-lib/com.mcu.iVMS-1/libHCCore.so 0x94f25c80, skipping init
D/dalvikvm(19849): Trying to load lib /data/app-lib/com.mcu.iVMS-1/libHCCoreDevCfg.so 0x94f25c80
D/dalvikvm(19849): Trying to load lib /data/app-lib/com.mcu.iVMS-1/libHCCore.so 0x94f25c80
D/dalvikvm(19849): Shared lib '/data/app-lib/com.mcu.iVMS-1/libHCCore.so' already loaded in same CL 0x94f25c80
D/dalvikvm(19849): Added shared lib /data/app-lib/com.mcu.iVMS-1/libHCCoreDevCfg.so 0x94f25c80
D/dalvikvm(19849): No JNI_OnLoad found in /data/app-lib/com.mcu.iVMS-1/libHCCoreDevCfg.so 0x94f25c80, skipping init
D/dalvikvm(19849): Trying to load lib /data/app-lib/com.mcu.iVMS-1/libHCPreview.so 0x94f25c80
D/dalvikvm(19849): Trying to load lib /data/app-lib/com.mcu.iVMS-1/libHCCore.so 0x94f25c80
D/dalvikvm(19849): Shared lib '/data/app-lib/com.mcu.iVMS-1/libHCCore.so' already loaded in same CL 0x94f25c80
D/dalvikvm(19849): Trying to load lib /data/app-lib/com.mcu.iVMS-1/libHCCoreDevCfg.so 0x94f25c80
D/dalvikvm(19849): Shared lib '/data/app-lib/com.mcu.iVMS-1/libHCCoreDevCfg.so' already loaded in same CL 0x94f25c80
D/dalvikvm(19849): Added shared lib /data/app-lib/com.mcu.iVMS-1/libHCPreview.so 0x94f25c80
D/dalvikvm(19849): No JNI_OnLoad found in /data/app-lib/com.mcu.iVMS-1/libHCPreview.so 0x94f25c80, skipping init
D/dalvikvm(19849): Trying to load lib /data/app-lib/com.mcu.iVMS-1/libHCPlayBack.so 0x94f25c80
D/dalvikvm(19849): Trying to load lib /data/app-lib/com.mcu.iVMS-1/libHCCore.so 0x94f25c80
D/dalvikvm(19849): Shared lib '/data/app-lib/com.mcu.iVMS-1/libHCCore.so' already loaded in same CL 0x94f25c80
D/dalvikvm(19849): Trying to load lib /data/app-lib/com.mcu.iVMS-1/libHCCoreDevCfg.so 0x94f25c80
D/dalvikvm(19849): Shared lib '/data/app-lib/com.mcu.iVMS-1/libHCCoreDevCfg.so' already loaded in same CL 0x94f25c80
D/dalvikvm(19849): Added shared lib /data/app-lib/com.mcu.iVMS-1/libHCPlayBack.so 0x94f25c80
D/dalvikvm(19849): No JNI_OnLoad found in /data/app-lib/com.mcu.iVMS-1/libHCPlayBack.so 0x94f25c80, skipping init
D/dalvikvm(19849): Trying to load lib /data/app-lib/com.mcu.iVMS-1/libHCGeneralCfgMgr.so 0x94f25c80
D/dalvikvm(19849): Trying to load lib /data/app-lib/com.mcu.iVMS-1/libHCCore.so 0x94f25c80
D/dalvikvm(19849): Shared lib '/data/app-lib/com.mcu.iVMS-1/libHCCore.so' already loaded in same CL 0x94f25c80
D/dalvikvm(19849): Trying to load lib /data/app-lib/com.mcu.iVMS-1/libHCCoreDevCfg.so 0x94f25c80
D/dalvikvm(19849): Shared lib '/data/app-lib/com.mcu.iVMS-1/libHCCoreDevCfg.so' already loaded in same CL 0x94f25c80
D/dalvikvm(19849): Added shared lib /data/app-lib/com.mcu.iVMS-1/libHCGeneralCfgMgr.so 0x94f25c80
D/dalvikvm(19849): No JNI_OnLoad found in /data/app-lib/com.mcu.iVMS-1/libHCGeneralCfgMgr.so 0x94f25c80, skipping init
D/dalvikvm(19849): Trying to load lib /data/app-lib/com.mcu.iVMS-1/libHCVoiceTalk.so 0x94f25c80
D/dalvikvm(19849): Trying to load lib /data/app-lib/com.mcu.iVMS-1/libHCCore.so 0x94f25c80
D/dalvikvm(19849): Shared lib '/data/app-lib/com.mcu.iVMS-1/libHCCore.so' already loaded in same CL 0x94f25c80
D/dalvikvm(19849): Trying to load lib /data/app-lib/com.mcu.iVMS-1/libHCCoreDevCfg.so 0x94f25c80
D/dalvikvm(19849): Shared lib '/data/app-lib/com.mcu.iVMS-1/libHCCoreDevCfg.so' already loaded in same CL 0x94f25c80
D/dalvikvm(19849): Added shared lib /data/app-lib/com.mcu.iVMS-1/libHCVoiceTalk.so 0x94f25c80
D/dalvikvm(19849): No JNI_OnLoad found in /data/app-lib/com.mcu.iVMS-1/libHCVoiceTalk.so 0x94f25c80, skipping init
D/dalvikvm(19849): Trying to load lib /data/app-lib/com.mcu.iVMS-1/libHCIndustry.so 0x94f25c80
D/dalvikvm(19849): Trying to load lib /data/app-lib/com.mcu.iVMS-1/libHCCore.so 0x94f25c80
D/dalvikvm(19849): Shared lib '/data/app-lib/com.mcu.iVMS-1/libHCCore.so' already loaded in same CL 0x94f25c80
D/dalvikvm(19849): Trying to load lib /data/app-lib/com.mcu.iVMS-1/libHCCoreDevCfg.so 0x94f25c80
D/dalvikvm(19849): Shared lib '/data/app-lib/com.mcu.iVMS-1/libHCCoreDevCfg.so' already loaded in same CL 0x94f25c80
D/dalvikvm(19849): Added shared lib /data/app-lib/com.mcu.iVMS-1/libHCIndustry.so 0x94f25c80
D/dalvikvm(19849): No JNI_OnLoad found in /data/app-lib/com.mcu.iVMS-1/libHCIndustry.so 0x94f25c80, skipping init
D/dalvikvm(19849): Trying to load lib /data/app-lib/com.mcu.iVMS-1/libHCDisplay.so 0x94f25c80
D/dalvikvm(19849): Trying to load lib /data/app-lib/com.mcu.iVMS-1/libHCCore.so 0x94f25c80
D/dalvikvm(19849): Shared lib '/data/app-lib/com.mcu.iVMS-1/libHCCore.so' already loaded in same CL 0x94f25c80
D/dalvikvm(19849): Trying to load lib /data/app-lib/com.mcu.iVMS-1/libHCCoreDevCfg.so 0x94f25c80
D/dalvikvm(19849): Shared lib '/data/app-lib/com.mcu.iVMS-1/libHCCoreDevCfg.so' already loaded in same CL 0x94f25c80
D/dalvikvm(19849): Added shared lib /data/app-lib/com.mcu.iVMS-1/libHCDisplay.so 0x94f25c80
D/dalvikvm(19849): No JNI_OnLoad found in /data/app-lib/com.mcu.iVMS-1/libHCDisplay.so 0x94f25c80, skipping init
D/dalvikvm(19849): Trying to load lib /data/app-lib/com.mcu.iVMS-1/libHCAlarm.so 0x94f25c80
D/dalvikvm(19849): Trying to load lib /data/app-lib/com.mcu.iVMS-1/libHCCore.so 0x94f25c80
D/dalvikvm(19849): Shared lib '/data/app-lib/com.mcu.iVMS-1/libHCCore.so' already loaded in same CL 0x94f25c80
D/dalvikvm(19849): Trying to load lib /data/app-lib/com.mcu.iVMS-1/libHCCoreDevCfg.so 0x94f25c80
D/dalvikvm(19849): Shared lib '/data/app-lib/com.mcu.iVMS-1/libHCCoreDevCfg.so' already loaded in same CL 0x94f25c80
D/dalvikvm(19849): Added shared lib /data/app-lib/com.mcu.iVMS-1/libHCAlarm.so 0x94f25c80
D/dalvikvm(19849): No JNI_OnLoad found in /data/app-lib/com.mcu.iVMS-1/libHCAlarm.so 0x94f25c80, skipping init
D/dalvikvm(19849): Trying to load lib /data/app-lib/com.mcu.iVMS-1/libhcnetsdk.so 0x94f25c80
D/dalvikvm(19849): Trying to load lib /data/app-lib/com.mcu.iVMS-1/libHCCore.so 0x94f25c80
D/dalvikvm(19849): Shared lib '/data/app-lib/com.mcu.iVMS-1/libHCCore.so' already loaded in same CL 0x94f25c80
D/dalvikvm(19849): Added shared lib /data/app-lib/com.mcu.iVMS-1/libhcnetsdk.so 0x94f25c80
D/dalvikvm(19849): No JNI_OnLoad found in /data/app-lib/com.mcu.iVMS-1/libhcnetsdk.so 0x94f25c80, skipping init
D/Sensors (  485): Client connection accepted (189)
W/DebugConnManager(19849): getNetworkInfo() on networkType 1
D/dalvikvm(19849): Trying to load lib /data/app-lib/com.mcu.iVMS-1/libgnustl_shared.so 0x94f25c80
D/dalvikvm(19849): Shared lib '/data/app-lib/com.mcu.iVMS-1/libgnustl_shared.so' already loaded in same CL 0x94f25c80
D/dalvikvm(19849): Trying to load lib /data/app-lib/com.mcu.iVMS-1/libhpr.so 0x94f25c80
D/dalvikvm(19849): Added shared lib /data/app-lib/com.mcu.iVMS-1/libhpr.so 0x94f25c80
D/dalvikvm(19849): No JNI_OnLoad found in /data/app-lib/com.mcu.iVMS-1/libhpr.so 0x94f25c80, skipping init
D/dalvikvm(19849): Trying to load lib /data/app-lib/com.mcu.iVMS-1/libudt.so 0x94f25c80
D/dalvikvm(19849): Trying to load lib /data/app-lib/com.mcu.iVMS-1/libgnustl_shared.so 0x94f25c80
D/dalvikvm(19849): Shared lib '/data/app-lib/com.mcu.iVMS-1/libgnustl_shared.so' already loaded in same CL 0x94f25c80
D/dalvikvm(19849): Added shared lib /data/app-lib/com.mcu.iVMS-1/libudt.so 0x94f25c80
D/dalvikvm(19849): No JNI_OnLoad found in /data/app-lib/com.mcu.iVMS-1/libudt.so 0x94f25c80, skipping init
D/dalvikvm(19849): Trying to load lib /data/app-lib/com.mcu.iVMS-1/libopensslwrap.so 0x94f25c80
D/dalvikvm(19849): Trying to load lib /data/app-lib/com.mcu.iVMS-1/libgnustl_shared.so 0x94f25c80
D/dalvikvm(19849): Shared lib '/data/app-lib/com.mcu.iVMS-1/libgnustl_shared.so' already loaded in same CL 0x94f25c80
D/dalvikvm(19849): Trying to load lib /data/app-lib/com.mcu.iVMS-1/libhpr.so 0x94f25c80
D/dalvikvm(19849): Shared lib '/data/app-lib/com.mcu.iVMS-1/libhpr.so' already loaded in same CL 0x94f25c80
D/dalvikvm(19849): Added shared lib /data/app-lib/com.mcu.iVMS-1/libopensslwrap.so 0x94f25c80
D/dalvikvm(19849): No JNI_OnLoad found in /data/app-lib/com.mcu.iVMS-1/libopensslwrap.so 0x94f25c80, skipping init
D/dalvikvm(19849): Trying to load lib /data/app-lib/com.mcu.iVMS-1/libCASClientSDK.so 0x94f25c80
D/dalvikvm(19849): Trying to load lib /data/app-lib/com.mcu.iVMS-1/libudt.so 0x94f25c80
D/dalvikvm(19849): Shared lib '/data/app-lib/com.mcu.iVMS-1/libudt.so' already loaded in same CL 0x94f25c80
D/dalvikvm(19849): Trying to load lib /data/app-lib/com.mcu.iVMS-1/libopensslwrap.so 0x94f25c80
D/dalvikvm(19849): Shared lib '/data/app-lib/com.mcu.iVMS-1/libopensslwrap.so' already loaded in same CL 0x94f25c80
D/dalvikvm(19849): Trying to load lib /data/app-lib/com.mcu.iVMS-1/libgnustl_shared.so 0x94f25c80
D/dalvikvm(19849): Shared lib '/data/app-lib/com.mcu.iVMS-1/libgnustl_shared.so' already loaded in same CL 0x94f25c80
D/dalvikvm(19849): Trying to load lib /data/app-lib/com.mcu.iVMS-1/libhpr.so 0x94f25c80
D/dalvikvm(19849): Shared lib '/data/app-lib/com.mcu.iVMS-1/libhpr.so' already loaded in same CL 0x94f25c80
D/dalvikvm(19849): Added shared lib /data/app-lib/com.mcu.iVMS-1/libCASClientSDK.so 0x94f25c80
D/dalvikvm(19849): Trying to load lib /data/app-lib/com.mcu.iVMS-1/libgnustl_shared.so 0x94f25c80
D/dalvikvm(19849): Shared lib '/data/app-lib/com.mcu.iVMS-1/libgnustl_shared.so' already loaded in same CL 0x94f25c80
D/dalvikvm(19849): Trying to load lib /data/app-lib/com.mcu.iVMS-1/libRtspClientSDK.so 0x94f25c80
D/dalvikvm(19849): Trying to load lib /data/app-lib/com.mcu.iVMS-1/libgnustl_shared.so 0x94f25c80
D/dalvikvm(19849): Shared lib '/data/app-lib/com.mcu.iVMS-1/libgnustl_shared.so' already loaded in same CL 0x94f25c80
D/dalvikvm(19849): Added shared lib /data/app-lib/com.mcu.iVMS-1/libRtspClientSDK.so 0x94f25c80
I/CASClientSDK(19849): opensslwrap dll init success. initCount:1
I/CASClientSDK(19849): libCASClient dll init success. initCount:1
I/CASClientSDK(19849): Java_com_hik_CASClient_initLib->init lib success
I/RtspClientSDK(19849): Java_com_hik_RtspClient_initLib->init lib success
I/dalvikvm(19849): Could not find method com.google.android.gms.ads.identifier.AdvertisingIdClient.getAdvertisingIdInfo, referenced from method com.flurry.sdk.jl.e
W/dalvikvm(19849): VFY: unable to resolve static method 14021: Lcom/google/android/gms/ads/identifier/AdvertisingIdClient;.getAdvertisingIdInfo (Landroid/content/Context;)Lcom/google/android/gms/ads/identifier/AdvertisingIdClient$Info;
D/dalvikvm(19849): VFY: replacing opcode 0x71 at 0x0006
D/dalvikvm(19849): JIT code cache reset in 0 ms (0 bytes 1/0)
D/dalvikvm(19849): GC_CONCURRENT freed 278K, 11% free 2948K/3288K, paused 0ms+4ms, total 7ms
W/dalvikvm(19849): VFY: unable to find class referenced in signature (Lokhttp3/Request;)
W/dalvikvm(19849): VFY: unable to find class referenced in signature (Lokhttp3/Response;)
I/dalvikvm(19849): Could not find method okhttp3.Response.headers, referenced from method empirical.HelperClass.printOkHttpInfo
W/dalvikvm(19849): VFY: unable to resolve virtual method 29167: Lokhttp3/Response;.headers ()Lokhttp3/Headers;
D/dalvikvm(19849): VFY: replacing opcode 0x6e at 0x0006
