I/System.out(15487): body:<com.bianor.amspersonal.net.HostInterface: boolean isIPv6Address(java.lang.String)>	sig:$r1 = staticinvoke <java.net.InetAddress: java.net.InetAddress getByName(java.lang.String)>($r0)	timediff:0
I/System.out(15487): body:<com.bianor.amspersonal.upnp.ssdp.HTTPMUSocket: boolean send(java.lang.String,java.lang.String,int)>	sig:specialinvoke $r5.<java.net.MulticastSocket: void <init>()>()	timediff:0
I/System.out(15487): body:<com.bianor.amspersonal.upnp.ssdp.HTTPMUSocket: boolean send(java.lang.String,java.lang.String,int)>	sig:specialinvoke $r3.<java.net.DatagramPacket: void <init>(byte[],int,java.net.SocketAddress)>($r7, $i0, $r6)	timediff:0
I/System.out(15487): body:<com.bianor.amspersonal.upnp.ssdp.HTTPMUSocket: boolean send(java.lang.String,java.lang.String,int)>	sig:virtualinvoke $r5.<java.net.MulticastSocket: void setTimeToLive(int)>($i0)	timediff:0
I/System.out(15487): body:<com.bianor.amspersonal.upnp.ssdp.HTTPMUSocket: boolean send(java.lang.String,java.lang.String,int)>	sig:virtualinvoke $r5.<java.net.MulticastSocket: void send(java.net.DatagramPacket)>($r3)	timediff:0
I/System.out(15487): body:<com.bianor.amspersonal.upnp.ssdp.HTTPMUSocket: boolean send(java.lang.String,java.lang.String,int)>	sig:virtualinvoke $r5.<java.net.MulticastSocket: void close()>()	timediff:0
I/System.out(15487): body:<com.bianor.amspersonal.net.HostInterface: boolean isIPv6Address(java.lang.String)>	sig:$r1 = staticinvoke <java.net.InetAddress: java.net.InetAddress getByName(java.lang.String)>($r0)	timediff:0
I/System.out(15487): body:<com.bianor.amspersonal.upnp.ssdp.HTTPMUSocket: com.bianor.amspersonal.upnp.ssdp.SSDPPacket receive()>	sig:virtualinvoke $r4.<java.net.MulticastSocket: void receive(java.net.DatagramPacket)>($r5)	timediff:149
I/System.out(15487): body:<com.bianor.amspersonal.upnp.ssdp.SSDPPacket: byte[] getData()>	sig:$i0 = virtualinvoke $r3.<java.net.DatagramPacket: int getLength()>()	timediff:0
I/System.out(15487): body:<com.bianor.amspersonal.upnp.ssdp.SSDPPacket: byte[] getData()>	sig:$r2 = virtualinvoke $r3.<java.net.DatagramPacket: byte[] getData()>()	timediff:0
I/System.out(15487): body:<com.bianor.amspersonal.upnp.ssdp.HTTPMUSocket: com.bianor.amspersonal.upnp.ssdp.SSDPPacket receive()>	sig:virtualinvoke $r4.<java.net.MulticastSocket: void receive(java.net.DatagramPacket)>($r5)	timediff:149
I/System.out(15487): body:<com.bianor.amspersonal.upnp.ssdp.HTTPMUSocket: java.net.InetAddress getMulticastInetAddress()>	sig:$r2 = virtualinvoke $r1.<java.net.InetSocketAddress: java.net.InetAddress getAddress()>()	timediff:0
I/System.out(15487): body:<com.bianor.amspersonal.upnp.ssdp.SSDPPacket: byte[] getData()>	sig:$i0 = virtualinvoke $r3.<java.net.DatagramPacket: int getLength()>()	timediff:0
I/System.out(15487): body:<com.bianor.amspersonal.net.HostInterface: boolean isIPv6Address(java.lang.String)>	sig:$r1 = staticinvoke <java.net.InetAddress: java.net.InetAddress getByName(java.lang.String)>($r0)	timediff:0
I/System.out(15487): body:<com.bianor.amspersonal.upnp.ssdp.SSDPPacket: void <init>(byte[],int)>	sig:specialinvoke $r2.<java.net.DatagramPacket: void <init>(byte[],int)>($r1, $i0)	timediff:0
I/System.out(15487): body:<com.bianor.amspersonal.upnp.ssdp.HTTPMUSocket: java.lang.String getLocalAddress()>	sig:$r2 = virtualinvoke $r1.<java.net.InetSocketAddress: java.net.InetAddress getAddress()>()	timediff:0
I/System.out(15487): body:<com.bianor.amspersonal.upnp.ssdp.HTTPMUSocket: java.lang.String getLocalAddress()>	sig:$r4 = virtualinvoke $r3.<java.net.NetworkInterface: java.util.Enumeration getInetAddresses()>()	timediff:0
I/System.out(15487): body:<com.bianor.amspersonal.upnp.ssdp.SSDPPacket: byte[] getData()>	sig:$r2 = virtualinvoke $r3.<java.net.DatagramPacket: byte[] getData()>()	timediff:0
I/System.out(15487): body:<com.bianor.amspersonal.upnp.ssdp.HTTPMUSocket: boolean open(java.lang.String,int,java.lang.String)>	sig:$r4 = staticinvoke <java.net.InetAddress: java.net.InetAddress getByName(java.lang.String)>($r2)	timediff:0
I/System.out(15487): body:<com.bianor.amspersonal.upnp.ssdp.HTTPMUSocket: java.lang.String getLocalAddress()>	sig:$r7 = virtualinvoke $r6.<java.net.InetAddress: java.lang.String getHostAddress()>()	timediff:0
I/System.out(15487): body:<com.bianor.amspersonal.upnp.ssdp.HTTPMUSocket: boolean open(java.lang.String,int,java.net.InetAddress)>	sig:specialinvoke $r5.<java.net.MulticastSocket: void <init>(java.net.SocketAddress)>(null)	timediff:0
I/System.out(15487): body:<com.bianor.amspersonal.upnp.ssdp.HTTPMUSocket: boolean open(java.lang.String,int,java.net.InetAddress)>	sig:virtualinvoke $r5.<java.net.MulticastSocket: void setReuseAddress(boolean)>(1)	timediff:0
I/System.out(15487): body:<com.bianor.amspersonal.upnp.ssdp.HTTPMUSocket: boolean open(java.lang.String,int,java.net.InetAddress)>	sig:specialinvoke $r3.<java.net.InetSocketAddress: void <init>(int)>($i0)	timediff:0
I/System.out(15487): body:<com.bianor.amspersonal.upnp.ssdp.HTTPMUSocket: boolean open(java.lang.String,int,java.net.InetAddress)>	sig:virtualinvoke $r5.<java.net.MulticastSocket: void bind(java.net.SocketAddress)>($r3)	timediff:0
I/System.out(15487): body:<com.bianor.amspersonal.upnp.ssdp.HTTPMUSocket: boolean open(java.lang.String,int,java.net.InetAddress)>	sig:$r7 = staticinvoke <java.net.InetAddress: java.net.InetAddress getByName(java.lang.String)>($r1)	timediff:0
I/System.out(15487): body:<com.bianor.amspersonal.upnp.ssdp.HTTPMUSocket: boolean open(java.lang.String,int,java.net.InetAddress)>	sig:specialinvoke $r3.<java.net.InetSocketAddress: void <init>(java.net.InetAddress,int)>($r7, $i0)	timediff:0
I/System.out(15487): body:<com.bianor.amspersonal.upnp.ssdp.SSDPPacket: java.net.InetAddress getHostInetAddress()>	sig:specialinvoke $r2.<java.net.InetSocketAddress: void <init>(java.lang.String,int)>($r1, 0)	timediff:0
I/System.out(15487): body:<com.bianor.amspersonal.upnp.ssdp.SSDPPacket: java.net.InetAddress getHostInetAddress()>	sig:$r4 = virtualinvoke $r2.<java.net.InetSocketAddress: java.net.InetAddress getAddress()>()	timediff:0
I/System.out(15487): body:<com.bianor.amspersonal.upnp.ssdp.SSDPNotifySocket: void run()>	sig:$z0 = virtualinvoke $r6.<java.net.InetAddress: boolean equals(java.lang.Object)>($r7)	timediff:0
I/System.out(15487): body:<com.bianor.amspersonal.upnp.ssdp.HTTPMUSocket: boolean open(java.lang.String,int,java.net.InetAddress)>	sig:$r6 = staticinvoke <java.net.NetworkInterface: java.net.NetworkInterface getByInetAddress(java.net.InetAddress)>($r2)	timediff:1
I/System.out(15487): body:<com.bianor.amspersonal.upnp.ssdp.HTTPMUSocket: boolean open(java.lang.String,int,java.net.InetAddress)>	sig:virtualinvoke $r5.<java.net.MulticastSocket: void joinGroup(java.net.SocketAddress,java.net.NetworkInterface)>($r3, $r6)	timediff:0
I/System.out(15487): body:<com.bianor.amspersonal.upnp.ssdp.SSDPPacket: void <init>(byte[],int)>	sig:specialinvoke $r2.<java.net.DatagramPacket: void <init>(byte[],int)>($r1, $i0)	timediff:0
I/System.out(15487): body:<com.bianor.amspersonal.upnp.ssdp.HTTPMUSocket: java.lang.String getLocalAddress()>	sig:$r2 = virtualinvoke $r1.<java.net.InetSocketAddress: java.net.InetAddress getAddress()>()	timediff:0
I/System.out(15487): body:<com.bianor.amspersonal.upnp.ssdp.HTTPMUSocket: java.lang.String getLocalAddress()>	sig:$r4 = virtualinvoke $r3.<java.net.NetworkInterface: java.util.Enumeration getInetAddresses()>()	timediff:0
I/System.out(15487): body:<com.bianor.amspersonal.upnp.ssdp.HTTPMUSocket: java.lang.String getLocalAddress()>	sig:$r7 = virtualinvoke $r6.<java.net.InetAddress: java.lang.String getHostAddress()>()	timediff:0
I/System.out(15487): body:<com.bianor.amspersonal.net.HostInterface: boolean isIPv6Address(java.lang.String)>	sig:$r1 = staticinvoke <java.net.InetAddress: java.net.InetAddress getByName(java.lang.String)>($r0)	timediff:0
I/System.out(15487): body:<com.bianor.amspersonal.upnp.ssdp.HTTPMUSocket: boolean send(java.lang.String,java.lang.String,int)>	sig:specialinvoke $r5.<java.net.MulticastSocket: void <init>()>()	timediff:0
I/System.out(15487): body:<com.bianor.amspersonal.upnp.ssdp.HTTPMUSocket: boolean send(java.lang.String,java.lang.String,int)>	sig:specialinvoke $r3.<java.net.DatagramPacket: void <init>(byte[],int,java.net.SocketAddress)>($r7, $i0, $r6)	timediff:0
I/System.out(15487): body:<com.bianor.amspersonal.upnp.ssdp.HTTPMUSocket: boolean send(java.lang.String,java.lang.String,int)>	sig:virtualinvoke $r5.<java.net.MulticastSocket: void setTimeToLive(int)>($i0)	timediff:0
I/System.out(15487): body:<com.bianor.amspersonal.upnp.ssdp.HTTPMUSocket: boolean send(java.lang.String,java.lang.String,int)>	sig:virtualinvoke $r5.<java.net.MulticastSocket: void send(java.net.DatagramPacket)>($r3)	timediff:0
I/System.out(15487): body:<com.bianor.amspersonal.upnp.ssdp.HTTPMUSocket: boolean send(java.lang.String,java.lang.String,int)>	sig:virtualinvoke $r5.<java.net.MulticastSocket: void close()>()	timediff:0
I/System.out(15487): body:<com.bianor.amspersonal.net.HostInterface: boolean isIPv6Address(java.lang.String)>	sig:$r1 = staticinvoke <java.net.InetAddress: java.net.InetAddress getByName(java.lang.String)>($r0)	timediff:1
I/System.out(15487): body:<com.bianor.amspersonal.net.HostInterface: boolean isIPv6Address(java.lang.String)>	sig:$r1 = staticinvoke <java.net.InetAddress: java.net.InetAddress getByName(java.lang.String)>($r0)	timediff:0
I/System.out(15487): body:<com.bianor.amspersonal.upnp.ssdp.HTTPMUSocket: boolean open(java.lang.String,int,java.lang.String)>	sig:$r4 = staticinvoke <java.net.InetAddress: java.net.InetAddress getByName(java.lang.String)>($r2)	timediff:0
I/System.out(15487): body:<com.bianor.amspersonal.upnp.ssdp.HTTPMUSocket: boolean open(java.lang.String,int,java.net.InetAddress)>	sig:specialinvoke $r5.<java.net.MulticastSocket: void <init>(java.net.SocketAddress)>(null)	timediff:0
I/System.out(15487): body:<com.bianor.amspersonal.upnp.ssdp.HTTPMUSocket: boolean open(java.lang.String,int,java.net.InetAddress)>	sig:virtualinvoke $r5.<java.net.MulticastSocket: void setReuseAddress(boolean)>(1)	timediff:0
I/System.out(15487): body:<com.bianor.amspersonal.upnp.ssdp.HTTPMUSocket: boolean open(java.lang.String,int,java.net.InetAddress)>	sig:specialinvoke $r3.<java.net.InetSocketAddress: void <init>(int)>($i0)	timediff:0
I/System.out(15487): body:<com.bianor.amspersonal.upnp.ssdp.HTTPMUSocket: boolean open(java.lang.String,int,java.net.InetAddress)>	sig:virtualinvoke $r5.<java.net.MulticastSocket: void bind(java.net.SocketAddress)>($r3)	timediff:0
I/System.out(15487): body:<com.bianor.amspersonal.upnp.ssdp.HTTPMUSocket: boolean open(java.lang.String,int,java.net.InetAddress)>	sig:$r7 = staticinvoke <java.net.InetAddress: java.net.InetAddress getByName(java.lang.String)>($r1)	timediff:0
I/System.out(15487): body:<com.bianor.amspersonal.upnp.ssdp.HTTPMUSocket: boolean open(java.lang.String,int,java.net.InetAddress)>	sig:specialinvoke $r3.<java.net.InetSocketAddress: void <init>(java.net.InetAddress,int)>($r7, $i0)	timediff:0
I/System.out(15487): body:<com.bianor.amspersonal.upnp.ssdp.HTTPMUSocket: com.bianor.amspersonal.upnp.ssdp.SSDPPacket receive()>	sig:virtualinvoke $r4.<java.net.MulticastSocket: void receive(java.net.DatagramPacket)>($r5)	timediff:181
I/System.out(15487): body:<com.bianor.amspersonal.upnp.ssdp.HTTPMUSocket: java.net.InetAddress getMulticastInetAddress()>	sig:$r2 = virtualinvoke $r1.<java.net.InetSocketAddress: java.net.InetAddress getAddress()>()	timediff:0
I/System.out(15487): body:<com.bianor.amspersonal.upnp.ssdp.SSDPPacket: byte[] getData()>	sig:$i0 = virtualinvoke $r3.<java.net.DatagramPacket: int getLength()>()	timediff:0
I/System.out(15487): body:<com.bianor.amspersonal.upnp.ssdp.SSDPPacket: byte[] getData()>	sig:$r2 = virtualinvoke $r3.<java.net.DatagramPacket: byte[] getData()>()	timediff:0
I/System.out(15487): body:<com.bianor.amspersonal.upnp.ssdp.HTTPMUSocket: com.bianor.amspersonal.upnp.ssdp.SSDPPacket receive()>	sig:virtualinvoke $r4.<java.net.MulticastSocket: void receive(java.net.DatagramPacket)>($r5)	timediff:184
I/System.out(15487): body:<com.bianor.amspersonal.upnp.ssdp.SSDPPacket: byte[] getData()>	sig:$i0 = virtualinvoke $r3.<java.net.DatagramPacket: int getLength()>()	timediff:0
I/System.out(15487): body:<com.bianor.amspersonal.upnp.ssdp.SSDPPacket: byte[] getData()>	sig:$r2 = virtualinvoke $r3.<java.net.DatagramPacket: byte[] getData()>()	timediff:0
I/System.out(15487): body:<com.bianor.amspersonal.upnp.ssdp.SSDPPacket: java.net.InetAddress getHostInetAddress()>	sig:specialinvoke $r2.<java.net.InetSocketAddress: void <init>(java.lang.String,int)>($r1, 0)	timediff:0
I/System.out(15487): body:<com.bianor.amspersonal.upnp.ssdp.SSDPPacket: java.net.InetAddress getHostInetAddress()>	sig:$r4 = virtualinvoke $r2.<java.net.InetSocketAddress: java.net.InetAddress getAddress()>()	timediff:0
I/System.out(15487): body:<com.bianor.amspersonal.upnp.ssdp.SSDPNotifySocket: void run()>	sig:$z0 = virtualinvoke $r6.<java.net.InetAddress: boolean equals(java.lang.Object)>($r7)	timediff:0
I/System.out(15487): body:<com.bianor.amspersonal.upnp.ssdp.SSDPPacket: void <init>(byte[],int)>	sig:specialinvoke $r2.<java.net.DatagramPacket: void <init>(byte[],int)>($r1, $i0)	timediff:0
I/System.out(15487): body:<com.bianor.amspersonal.upnp.ssdp.HTTPMUSocket: java.lang.String getLocalAddress()>	sig:$r2 = virtualinvoke $r1.<java.net.InetSocketAddress: java.net.InetAddress getAddress()>()	timediff:0
I/System.out(15487): body:<com.bianor.amspersonal.upnp.ssdp.HTTPMUSocket: java.lang.String getLocalAddress()>	sig:$r4 = virtualinvoke $r3.<java.net.NetworkInterface: java.util.Enumeration getInetAddresses()>()	timediff:0
I/System.out(15487): body:<com.bianor.amspersonal.upnp.ssdp.HTTPMUSocket: java.lang.String getLocalAddress()>	sig:$r7 = virtualinvoke $r6.<java.net.InetAddress: java.lang.String getHostAddress()>()	timediff:0
I/System.out(15487): body:<com.bianor.amspersonal.upnp.ssdp.HTTPMUSocket: boolean open(java.lang.String,int,java.net.InetAddress)>	sig:$r6 = staticinvoke <java.net.NetworkInterface: java.net.NetworkInterface getByInetAddress(java.net.InetAddress)>($r2)	timediff:1
I/System.out(15487): body:<com.bianor.amspersonal.upnp.ssdp.HTTPMUSocket: boolean open(java.lang.String,int,java.net.InetAddress)>	sig:virtualinvoke $r5.<java.net.MulticastSocket: void joinGroup(java.net.SocketAddress,java.net.NetworkInterface)>($r3, $r6)	timediff:0
I/System.out(15487): body:<com.bianor.amspersonal.upnp.ssdp.SSDPPacket: void <init>(byte[],int)>	sig:specialinvoke $r2.<java.net.DatagramPacket: void <init>(byte[],int)>($r1, $i0)	timediff:0
I/System.out(15487): body:<com.bianor.amspersonal.upnp.ssdp.HTTPMUSocket: java.lang.String getLocalAddress()>	sig:$r2 = virtualinvoke $r1.<java.net.InetSocketAddress: java.net.InetAddress getAddress()>()	timediff:0
I/System.out(15487): body:<com.bianor.amspersonal.upnp.ssdp.HTTPMUSocket: java.lang.String getLocalAddress()>	sig:$r4 = virtualinvoke $r3.<java.net.NetworkInterface: java.util.Enumeration getInetAddresses()>()	timediff:0
I/System.out(15487): body:<com.bianor.amspersonal.upnp.ssdp.HTTPMUSocket: java.lang.String getLocalAddress()>	sig:$r7 = virtualinvoke $r6.<java.net.InetAddress: java.lang.String getHostAddress()>()	timediff:0
I/ActivityManager(  314): START u0 {cmp=com.bianor.amspersonal/.ui.VideoSelector (has extras)} from pid 15487
W/ViewRootImpl(15487): Dropping event due to no window focus: KeyEvent { action=ACTION_MULTIPLE, keyCode=KEYCODE_DPAD_LEFT, scanCode=0, metaState=0, flags=0x400, repeatCount=2, eventTime=1006226, downTime=1006226, deviceId=-1, source=0x101 }
W/ViewRootImpl(15487): Dropping event due to no window focus: KeyEvent { action=ACTION_DOWN, keyCode=KEYCODE_DPAD_LEFT, scanCode=0, metaState=0, flags=0x400, repeatCount=0, eventTime=1006226, downTime=1006226, deviceId=-1, source=0x101 }
W/ViewRootImpl(15487): Dropping event due to no window focus: KeyEvent { action=ACTION_DOWN, keyCode=KEYCODE_DPAD_LEFT, scanCode=0, metaState=0, flags=0x400, repeatCount=0, eventTime=1006226, downTime=1006226, deviceId=-1, source=0x101 }
W/ViewRootImpl(15487): Dropping event due to no window focus: KeyEvent { action=ACTION_DOWN, keyCode=KEYCODE_DPAD_LEFT, scanCode=0, metaState=0, flags=0x400, repeatCount=0, eventTime=1006226, downTime=1006226, deviceId=-1, source=0x101 }
W/ViewRootImpl(15487): Dropping event due to no window focus: KeyEvent { action=ACTION_DOWN, keyCode=KEYCODE_DPAD_LEFT, scanCode=0, metaState=0, flags=0x400, repeatCount=0, eventTime=1006226, downTime=1006226, deviceId=-1, source=0x101 }
I/dalvikvm(15487): Could not find method android.app.Notification$Builder.setLocalOnly, referenced from method com.google.android.gms.common.GooglePlayServicesUtil.zza
W/dalvikvm(15487): VFY: unable to resolve virtual method 261: Landroid/app/Notification$Builder;.setLocalOnly (Z)Landroid/app/Notification$Builder;
D/dalvikvm(15487): VFY: replacing opcode 0x6e at 0x0100
I/dalvikvm(15487): Could not find method android.content.pm.PackageManager.getPackageInstaller, referenced from method com.google.android.gms.common.GooglePlayServicesUtil.zzh
W/dalvikvm(15487): VFY: unable to resolve virtual method 556: Landroid/content/pm/PackageManager;.getPackageInstaller ()Landroid/content/pm/PackageInstaller;
D/dalvikvm(15487): VFY: replacing opcode 0x6e at 0x000a
I/dalvikvm(15487): Could not find method android.content.pm.PackageManager.getPackageInstaller, referenced from method jjw.a
W/dalvikvm(15487): VFY: unable to resolve virtual method 2504: Landroid/content/pm/PackageManager;.getPackageInstaller ()Landroid/content/pm/PackageInstaller;
D/dalvikvm(15487): VFY: replacing opcode 0x6e at 0x001c
D/dalvikvm(15487): GC_EXPLICIT freed 984K, 7% free 15766K/16812K, paused 4ms+1ms, total 13ms
I/System.out(15487): body:<com.bianor.amspersonal.upnp.ssdp.HTTPMUSocket: boolean close()>	sig:virtualinvoke $r2.<java.net.MulticastSocket: void leaveGroup(java.net.SocketAddress,java.net.NetworkInterface)>($r3, $r4)	timediff:0
I/System.out(15487): body:<com.bianor.amspersonal.upnp.ssdp.HTTPMUSocket: boolean close()>	sig:virtualinvoke $r2.<java.net.MulticastSocket: void close()>()	timediff:0
I/System.out(15487): body:<com.bianor.amspersonal.upnp.ssdp.HTTPMUSocket: boolean close()>	sig:virtualinvoke $r2.<java.net.MulticastSocket: void leaveGroup(java.net.SocketAddress,java.net.NetworkInterface)>($r3, $r4)	timediff:0
I/System.out(15487): body:<com.bianor.amspersonal.upnp.ssdp.HTTPMUSocket: boolean close()>	sig:virtualinvoke $r2.<java.net.MulticastSocket: void close()>()	timediff:0
I/dalvikvm(15487): Could not find method android.content.ContextWrapper.createCredentialProtectedStorageContext, referenced from method iwr.createCredentialProtectedStorageContext
W/dalvikvm(15487): VFY: unable to resolve virtual method 2411: Landroid/content/ContextWrapper;.createCredentialProtectedStorageContext ()Landroid/content/Context;
D/dalvikvm(15487): VFY: replacing opcode 0x6f at 0x0002
I/dalvikvm(15487): Could not find method android.content.ContextWrapper.createDeviceProtectedStorageContext, referenced from method iwr.createDeviceProtectedStorageContext
W/dalvikvm(15487): VFY: unable to resolve virtual method 2412: Landroid/content/ContextWrapper;.createDeviceProtectedStorageContext ()Landroid/content/Context;
D/dalvikvm(15487): VFY: replacing opcode 0x6f at 0x0002
I/dalvikvm(15487): Could not find method android.content.ContextWrapper.createCredentialProtectedStorageContext, referenced from method com.google.android.chimera.ModuleContext.createCredentialProtectedStorageContext
W/dalvikvm(15487): VFY: unable to resolve virtual method 2411: Landroid/content/ContextWrapper;.createCredentialProtectedStorageContext ()Landroid/content/Context;
D/dalvikvm(15487): VFY: replacing opcode 0x6f at 0x0002
I/dalvikvm(15487): Could not find method android.content.ContextWrapper.createDeviceProtectedStorageContext, referenced from method com.google.android.chimera.ModuleContext.createDeviceProtectedStorageContext
W/dalvikvm(15487): VFY: unable to resolve virtual method 2412: Landroid/content/ContextWrapper;.createDeviceProtectedStorageContext ()Landroid/content/Context;
D/dalvikvm(15487): VFY: replacing opcode 0x6f at 0x0002
I/dalvikvm(15487): Could not find method android.content.Context.isCredentialProtectedStorage, referenced from method cub.a
W/dalvikvm(15487): VFY: unable to resolve virtual method 2391: Landroid/content/Context;.isCredentialProtectedStorage ()Z
D/dalvikvm(15487): VFY: replacing opcode 0x6e at 0x0000
I/dalvikvm(15487): Could not find method android.os.UserManager.isUserUnlocked, referenced from method cub.a
W/dalvikvm(15487): VFY: unable to resolve virtual method 3028: Landroid/os/UserManager;.isUserUnlocked ()Z
D/dalvikvm(15487): VFY: replacing opcode 0x6e at 0x001a
I/dalvikvm(15487): Could not find method android.content.Context.isDeviceProtectedStorage, referenced from method cub.b
W/dalvikvm(15487): VFY: unable to resolve virtual method 2392: Landroid/content/Context;.isDeviceProtectedStorage ()Z
D/dalvikvm(15487): VFY: replacing opcode 0x6e at 0x0000
I/dalvikvm(15487): Could not find method android.content.Context.isDeviceProtectedStorage, referenced from method cub.c
W/dalvikvm(15487): VFY: unable to resolve virtual method 2392: Landroid/content/Context;.isDeviceProtectedStorage ()Z
D/dalvikvm(15487): VFY: replacing opcode 0x6e at 0x0000
I/dalvikvm(15487): Could not find method android.system.Os.readlink, referenced from method cuq.a
W/dalvikvm(15487): VFY: unable to resolve static method 3047: Landroid/system/Os;.readlink (Ljava/lang/String;)Ljava/lang/String;
D/dalvikvm(15487): VFY: replacing opcode 0x71 at 0x0000
I/dalvikvm(15487): Could not find method android.system.Os.stat, referenced from method cuq.a
W/dalvikvm(15487): VFY: unable to resolve static method 3048: Landroid/system/Os;.stat (Ljava/lang/String;)Landroid/system/StructStat;
D/dalvikvm(15487): VFY: replacing opcode 0x71 at 0x0042
I/dalvikvm(15487): Could not find method android.system.Os.symlink, referenced from method cuq.a
W/dalvikvm(15487): VFY: unable to resolve static method 3049: Landroid/system/Os;.symlink (Ljava/lang/String;Ljava/lang/String;)V
D/dalvikvm(15487): VFY: replacing opcode 0x71 at 0x013b
I/dalvikvm(15487): DexOpt: unable to optimize instance field ref 0x04a1 at 0x46 in Lcuq;.a
I/dalvikvm(15487): DexOpt: unable to optimize static field ref 0x049c at 0x48 in Lcuq;.a
I/dalvikvm(15487): DexOpt: unable to optimize static field ref 0x049a at 0x4a in Lcuq;.a
I/dalvikvm(15487): DexOpt: unable to optimize static field ref 0x049b at 0x4d in Lcuq;.a
I/dalvikvm(15487): DexOpt: unable to optimize static field ref 0x049d at 0x57 in Lcuq;.a
I/dalvikvm(15487): DexOpt: unable to optimize static field ref 0x04a0 at 0x5f in Lcuq;.a
I/dalvikvm(15487): DexOpt: unable to optimize static field ref 0x049e at 0x61 in Lcuq;.a
I/dalvikvm(15487): DexOpt: unable to optimize static field ref 0x049f at 0x64 in Lcuq;.a
I/dalvikvm(15487): DexOpt: unable to optimize static field ref 0x049c at 0x7f in Lcuq;.a
I/dalvikvm(15487): DexOpt: unable to optimize static field ref 0x04a0 at 0x90 in Lcuq;.a
I/dalvikvm(15487): Could not find method android.content.Context.createDeviceProtectedStorageContext, referenced from method jvu.a
W/dalvikvm(15487): VFY: unable to resolve virtual method 2362: Landroid/content/Context;.createDeviceProtectedStorageContext ()Landroid/content/Context;
D/dalvikvm(15487): VFY: replacing opcode 0x6e at 0x0029
I/dalvikvm(15487): Could not find method android.content.Context.getSystemService, referenced from method jvu.b
W/dalvikvm(15487): VFY: unable to resolve virtual method 2387: Landroid/content/Context;.getSystemService (Ljava/lang/Class;)Ljava/lang/Object;
D/dalvikvm(15487): VFY: replacing opcode 0x6e at 0x000b
D/dalvikvm(15487): DexOpt: couldn't find static field Landroid/os/Build;.SUPPORTED_64_BIT_ABIS
W/dalvikvm(15487): VFY: unable to resolve static field 1157 (SUPPORTED_64_BIT_ABIS) in Landroid/os/Build;
D/dalvikvm(15487): VFY: replacing opcode 0x62 at 0x0012
D/dalvikvm(15487): DexOpt: couldn't find static field Landroid/os/Build;.SUPPORTED_32_BIT_ABIS
W/dalvikvm(15487): VFY: unable to resolve static field 1156 (SUPPORTED_32_BIT_ABIS) in Landroid/os/Build;
D/dalvikvm(15487): VFY: replacing opcode 0x62 at 0x0021
D/dalvikvm(15487): DexOpt: couldn't find static field Landroid/os/Build;.SUPPORTED_ABIS
W/dalvikvm(15487): VFY: unable to resolve static field 1158 (SUPPORTED_ABIS) in Landroid/os/Build;
D/dalvikvm(15487): VFY: replacing opcode 0x62 at 0x0008
D/dalvikvm(15487): DexOpt: couldn't find static field Landroid/os/Build;.SUPPORTED_64_BIT_ABIS
W/dalvikvm(15487): VFY: unable to resolve static field 1157 (SUPPORTED_64_BIT_ABIS) in Landroid/os/Build;
D/dalvikvm(15487): VFY: replacing opcode 0x62 at 0x0008
D/dalvikvm(15487): DexOpt: couldn't find static field Landroid/os/Build;.SUPPORTED_64_BIT_ABIS
I/dalvikvm(15487): DexOpt: unable to optimize static field ref 0x0485 at 0x17 in Lcwd;.a
D/dalvikvm(15487): DexOpt: couldn't find static field Landroid/os/Build;.SUPPORTED_32_BIT_ABIS
I/dalvikvm(15487): DexOpt: unable to optimize static field ref 0x0484 at 0x26 in Lcwd;.a
D/dalvikvm(15487): DexOpt: couldn't find static field Landroid/os/Build;.SUPPORTED_64_BIT_ABIS
I/dalvikvm(15487): DexOpt: unable to optimize static field ref 0x0485 at 0x0d in Lcwd;.b
D/DynamitePackage(15487): Instantiated singleton DynamitePackage.
D/DynamitePackage(15487): Instantiating com.google.android.gms.ads.ChimeraAdManagerCreatorImpl
I/dalvikvm(15487): Could not find method android.content.pm.PackageManager.getPackageInstaller, referenced from method jn.a
W/dalvikvm(15487): VFY: unable to resolve virtual method 2060: Landroid/content/pm/PackageManager;.getPackageInstaller ()Landroid/content/pm/PackageInstaller;
D/dalvikvm(15487): VFY: replacing opcode 0x6e at 0x0017
I/dalvikvm(15487): Could not find method android.security.NetworkSecurityPolicy.getInstance, referenced from method com.google.android.gms.ads.internal.util.h.b_
W/dalvikvm(15487): VFY: unable to resolve static method 2591: Landroid/security/NetworkSecurityPolicy;.getInstance ()Landroid/security/NetworkSecurityPolicy;
D/dalvikvm(15487): VFY: replacing opcode 0x71 at 0x0022
D/dalvikvm(15487): DexOpt: --- BEGIN '1510898742191.jar' (bootstrap=0) ---
I/dalvikvm(15487): Could not find method android.content.pm.PackageManager.isInstantApp, referenced from method qp.a
W/dalvikvm(15487): VFY: unable to resolve virtual method 2065: Landroid/content/pm/PackageManager;.isInstantApp (Ljava/lang/String;)Z
D/dalvikvm(15487): VFY: replacing opcode 0x6e at 0x002d
I/dalvikvm(15487): Could not find method android.content.pm.PackageManager.isInstantApp, referenced from method qo.a
W/dalvikvm(15487): VFY: unable to resolve virtual method 2064: Landroid/content/pm/PackageManager;.isInstantApp ()Z
D/dalvikvm(15487): VFY: replacing opcode 0x6e at 0x0028
I/dalvikvm(15487): Could not find method android.security.NetworkSecurityPolicy.getInstance, referenced from method com.google.android.gms.internal.zzig.zzb
W/dalvikvm(15487): VFY: unable to resolve static method 1646: Landroid/security/NetworkSecurityPolicy;.getInstance ()Landroid/security/NetworkSecurityPolicy;
D/dalvikvm(15487): VFY: replacing opcode 0x71 at 0x0051
I/Ads     (15487): Starting ad request.
I/Ads     (15487): Use AdRequest.Builder.addTestDevice("DADDEACD506FD4BD02989AD39CCF21B7") to get test ads on this device.
I/dalvikvm(15487): Could not find method android.webkit.WebSettings.setMixedContentMode, referenced from method com.google.android.gms.ads.internal.webview.m.<init>
W/dalvikvm(15487): VFY: unable to resolve virtual method 2893: Landroid/webkit/WebSettings;.setMixedContentMode (I)V
D/dalvikvm(15487): VFY: replacing opcode 0x6e at 0x0069
V/WebViewChromium(15487): Binding Chromium to the background looper Looper (main, tid 1) {4a7e7064}
I/chromium(15487): [INFO:library_loader_hooks.cc(112)] Chromium logging enabled: level = 0, default verbosity = 0
I/BrowserProcessMain(15487): Initializing chromium process, renderers=0
W/chromium(15487): [WARNING:proxy_service.cc(888)] PAC support disabled because there is no system implementation
I/System.out(15487): body:<com.bianor.amspersonal.net.HostInterface: boolean isIPv6Address(java.lang.String)>	sig:$r1 = staticinvoke <java.net.InetAddress: java.net.InetAddress getByName(java.lang.String)>($r0)	timediff:1
I/System.out(15487): body:<com.bianor.amspersonal.upnp.ssdp.HTTPMUSocket: boolean send(java.lang.String,java.lang.String,int)>	sig:specialinvoke $r5.<java.net.MulticastSocket: void <init>()>()	timediff:0
I/System.out(15487): body:<com.bianor.amspersonal.upnp.ssdp.HTTPMUSocket: boolean send(java.lang.String,java.lang.String,int)>	sig:specialinvoke $r3.<java.net.DatagramPacket: void <init>(byte[],int,java.net.SocketAddress)>($r7, $i0, $r6)	timediff:0
I/System.out(15487): body:<com.bianor.amspersonal.upnp.ssdp.HTTPMUSocket: boolean send(java.lang.String,java.lang.String,int)>	sig:virtualinvoke $r5.<java.net.MulticastSocket: void setTimeToLive(int)>($i0)	timediff:0
I/System.out(15487): body:<com.bianor.amspersonal.upnp.ssdp.HTTPMUSocket: boolean send(java.lang.String,java.lang.String,int)>	sig:virtualinvoke $r5.<java.net.MulticastSocket: void send(java.net.DatagramPacket)>($r3)	timediff:0
I/System.out(15487): body:<com.bianor.amspersonal.upnp.ssdp.HTTPMUSocket: boolean send(java.lang.String,java.lang.String,int)>	sig:virtualinvoke $r5.<java.net.MulticastSocket: void close()>()	timediff:0
I/System.out(15487): body:<com.bianor.amspersonal.net.HostInterface: boolean isIPv6Address(java.lang.String)>	sig:$r1 = staticinvoke <java.net.InetAddress: java.net.InetAddress getByName(java.lang.String)>($r0)	timediff:0
I/System.out(15487): body:<com.bianor.amspersonal.net.HostInterface: boolean isIPv6Address(java.lang.String)>	sig:$r1 = staticinvoke <java.net.InetAddress: java.net.InetAddress getByName(java.lang.String)>($r0)	timediff:0
I/System.out(15487): body:<com.bianor.amspersonal.upnp.ssdp.HTTPMUSocket: boolean open(java.lang.String,int,java.lang.String)>	sig:$r4 = staticinvoke <java.net.InetAddress: java.net.InetAddress getByName(java.lang.String)>($r2)	timediff:0
I/System.out(15487): body:<com.bianor.amspersonal.upnp.ssdp.HTTPMUSocket: boolean open(java.lang.String,int,java.net.InetAddress)>	sig:specialinvoke $r5.<java.net.MulticastSocket: void <init>(java.net.SocketAddress)>(null)	timediff:0
I/System.out(15487): body:<com.bianor.amspersonal.upnp.ssdp.HTTPMUSocket: boolean open(java.lang.String,int,java.net.InetAddress)>	sig:virtualinvoke $r5.<java.net.MulticastSocket: void setReuseAddress(boolean)>(1)	timediff:0
I/System.out(15487): body:<com.bianor.amspersonal.upnp.ssdp.HTTPMUSocket: boolean open(java.lang.String,int,java.net.InetAddress)>	sig:specialinvoke $r3.<java.net.InetSocketAddress: void <init>(int)>($i0)	timediff:0
I/System.out(15487): body:<com.bianor.amspersonal.upnp.ssdp.HTTPMUSocket: boolean open(java.lang.String,int,java.net.InetAddress)>	sig:virtualinvoke $r5.<java.net.MulticastSocket: void bind(java.net.SocketAddress)>($r3)	timediff:0
I/System.out(15487): body:<com.bianor.amspersonal.upnp.ssdp.HTTPMUSocket: boolean open(java.lang.String,int,java.net.InetAddress)>	sig:$r7 = staticinvoke <java.net.InetAddress: java.net.InetAddress getByName(java.lang.String)>($r1)	timediff:0
I/System.out(15487): body:<com.bianor.amspersonal.upnp.ssdp.HTTPMUSocket: boolean open(java.lang.String,int,java.net.InetAddress)>	sig:specialinvoke $r3.<java.net.InetSocketAddress: void <init>(java.net.InetAddress,int)>($r7, $i0)	timediff:0
I/System.out(15487): body:<com.bianor.amspersonal.upnp.ssdp.HTTPMUSocket: com.bianor.amspersonal.upnp.ssdp.SSDPPacket receive()>	sig:virtualinvoke $r4.<java.net.MulticastSocket: void receive(java.net.DatagramPacket)>($r5)	timediff:213
I/System.out(15487): body:<com.bianor.amspersonal.upnp.ssdp.HTTPMUSocket: java.net.InetAddress getMulticastInetAddress()>	sig:$r2 = virtualinvoke $r1.<java.net.InetSocketAddress: java.net.InetAddress getAddress()>()	timediff:0
I/System.out(15487): body:<com.bianor.amspersonal.upnp.ssdp.SSDPPacket: byte[] getData()>	sig:$i0 = virtualinvoke $r3.<java.net.DatagramPacket: int getLength()>()	timediff:0
I/System.out(15487): body:<com.bianor.amspersonal.upnp.ssdp.HTTPMUSocket: com.bianor.amspersonal.upnp.ssdp.SSDPPacket receive()>	sig:virtualinvoke $r4.<java.net.MulticastSocket: void receive(java.net.DatagramPacket)>($r5)	timediff:214
I/System.out(15487): body:<com.bianor.amspersonal.upnp.ssdp.SSDPPacket: byte[] getData()>	sig:$i0 = virtualinvoke $r3.<java.net.DatagramPacket: int getLength()>()	timediff:0
I/System.out(15487): body:<com.bianor.amspersonal.upnp.ssdp.SSDPPacket: byte[] getData()>	sig:$r2 = virtualinvoke $r3.<java.net.DatagramPacket: byte[] getData()>()	timediff:0
I/System.out(15487): body:<com.bianor.amspersonal.upnp.ssdp.SSDPPacket: byte[] getData()>	sig:$r2 = virtualinvoke $r3.<java.net.DatagramPacket: byte[] getData()>()	timediff:0
I/System.out(15487): body:<com.bianor.amspersonal.upnp.ssdp.SSDPPacket: java.net.InetAddress getHostInetAddress()>	sig:specialinvoke $r2.<java.net.InetSocketAddress: void <init>(java.lang.String,int)>($r1, 0)	timediff:0
I/System.out(15487): body:<com.bianor.amspersonal.upnp.ssdp.SSDPPacket: java.net.InetAddress getHostInetAddress()>	sig:$r4 = virtualinvoke $r2.<java.net.InetSocketAddress: java.net.InetAddress getAddress()>()	timediff:0
I/System.out(15487): body:<com.bianor.amspersonal.upnp.ssdp.SSDPNotifySocket: void run()>	sig:$z0 = virtualinvoke $r6.<java.net.InetAddress: boolean equals(java.lang.Object)>($r7)	timediff:0
I/System.out(15487): body:<com.bianor.amspersonal.upnp.ssdp.SSDPPacket: void <init>(byte[],int)>	sig:specialinvoke $r2.<java.net.DatagramPacket: void <init>(byte[],int)>($r1, $i0)	timediff:0
I/System.out(15487): body:<com.bianor.amspersonal.upnp.ssdp.HTTPMUSocket: boolean open(java.lang.String,int,java.net.InetAddress)>	sig:$r6 = staticinvoke <java.net.NetworkInterface: java.net.NetworkInterface getByInetAddress(java.net.InetAddress)>($r2)	timediff:6
I/System.out(15487): body:<com.bianor.amspersonal.upnp.ssdp.HTTPMUSocket: java.lang.String getLocalAddress()>	sig:$r2 = virtualinvoke $r1.<java.net.InetSocketAddress: java.net.InetAddress getAddress()>()	timediff:0
I/System.out(15487): body:<com.bianor.amspersonal.upnp.ssdp.SSDPPacket: void <init>(byte[],int)>	sig:specialinvoke $r2.<java.net.DatagramPacket: void <init>(byte[],int)>($r1, $i0)	timediff:0
I/System.out(15487): body:<com.bianor.amspersonal.upnp.ssdp.HTTPMUSocket: java.lang.String getLocalAddress()>	sig:$r4 = virtualinvoke $r3.<java.net.NetworkInterface: java.util.Enumeration getInetAddresses()>()	timediff:1
I/System.out(15487): body:<com.bianor.amspersonal.upnp.ssdp.HTTPMUSocket: java.lang.String getLocalAddress()>	sig:$r7 = virtualinvoke $r6.<java.net.InetAddress: java.lang.String getHostAddress()>()	timediff:0
I/System.out(15487): body:<com.bianor.amspersonal.upnp.ssdp.HTTPMUSocket: java.lang.String getLocalAddress()>	sig:$r2 = virtualinvoke $r1.<java.net.InetSocketAddress: java.net.InetAddress getAddress()>()	timediff:0
I/System.out(15487): body:<com.bianor.amspersonal.upnp.ssdp.HTTPMUSocket: java.lang.String getLocalAddress()>	sig:$r4 = virtualinvoke $r3.<java.net.NetworkInterface: java.util.Enumeration getInetAddresses()>()	timediff:0
I/System.out(15487): body:<com.bianor.amspersonal.upnp.ssdp.HTTPMUSocket: java.lang.String getLocalAddress()>	sig:$r7 = virtualinvoke $r6.<java.net.InetAddress: java.lang.String getHostAddress()>()	timediff:0
I/System.out(15487): body:<com.bianor.amspersonal.upnp.ssdp.HTTPMUSocket: boolean open(java.lang.String,int,java.net.InetAddress)>	sig:virtualinvoke $r5.<java.net.MulticastSocket: void joinGroup(java.net.SocketAddress,java.net.NetworkInterface)>($r3, $r6)	timediff:1
W/ViewRootImpl(15487): Dropping event due to no window focus: KeyEvent { action=ACTION_DOWN, keyCode=KEYCODE_MENU, scanCode=0, metaState=0, flags=0x8, repeatCount=0, eventTime=1006206, downTime=1006206, deviceId=-1, source=0x101 }
W/InputManager(  314): Input event injection from pid 15424 failed.
W/InputManager(  314): Input event injection from pid 15424 failed.
W/EGL_emulation(15487): eglSurfaceAttrib not implemented 3093 12436
W/Ads     (15487): Invoke Firebase method getGmpAppId error.
W/Ads     (15487): Invoke Firebase method getGmpAppId error.
W/Ads     (15487): The Google Mobile Ads SDK will not integrate with Firebase. Admob/Firebase integration requires the latest Firebase SDK jar, but Firebase SDK is either missing or out of date
I/GMPM    (15487): App measurement is starting up
E/GMPM    (15487): AppMeasurementReceiver not registered/enabled
E/GMPM    (15487): AppMeasurementService not registered/enabled
E/GMPM    (15487): Uploading is not possible. App measurement disabled
W/EGL_emulation(15487): eglSurfaceAttrib not implemented 3093 12436
W/InputEventReceiver(15487): Attempted to finish an input event but the input event receiver has already been disposed.
W/InputEventReceiver(15487): Attempted to finish an input event but the input event receiver has already been disposed.
W/InputEventReceiver(15487): Attempted to finish an input event but the input event receiver has already been disposed.
W/ViewRootImpl(15487): Dropping event due to root view being removed: MotionEvent { action=ACTION_UP, id[0]=0, x[0]=66.2113, y[0]=-411.37943, toolType[0]=TOOL_TYPE_UNKNOWN, buttonState=0, metaState=0, flags=0x0, edgeFlags=0x0, pointerCount=1, historySize=0, eventTime=1006403, downTime=1006403, deviceId=0, source=0x1002 }
W/ViewRootImpl(15487): Dropping event due to root view being removed: MotionEvent { action=ACTION_MOVE, id[0]=0, x[0]=3.0, y[0]=0.0, toolType[0]=TOOL_TYPE_UNKNOWN, buttonState=0, metaState=0, flags=0x0, edgeFlags=0x0, pointerCount=1, historySize=9, eventTime=1006403, downTime=-1, deviceId=0, source=0x10004 }
W/ViewRootImpl(15487): Dropping event due to no window focus: KeyEvent { action=ACTION_DOWN, keyCode=KEYCODE_DPAD_RIGHT, scanCode=0, metaState=0, flags=0x8, repeatCount=0, eventTime=1006427, downTime=1006427, deviceId=-1, source=0x101 }
W/ViewRootImpl(15487): Dropping event due to no window focus: KeyEvent { action=ACTION_DOWN, keyCode=KEYCODE_DPAD_RIGHT, scanCode=0, metaState=0, flags=0x8, repeatCount=0, eventTime=1006429, downTime=1006429, deviceId=-1, source=0x101 }
W/ViewRootImpl(15487): Dropping event due to no window focus: KeyEvent { action=ACTION_DOWN, keyCode=KEYCODE_DEL, scanCode=0, metaState=0, flags=0x8, repeatCount=0, eventTime=1006460, downTime=1006460, deviceId=-1, source=0x101 }
W/ContextImpl(  314): Calling a method in the system process without a qualified user: android.app.ContextImpl.sendBroadcast:1123 com.android.server.InputMethodManagerService.hideCurrentInputLocked:1880 com.android.server.InputMethodManagerService.windowGainedFocus:1968 com.android.internal.view.IInputMethodManager$Stub.onTransact:221 com.android.server.InputMethodManagerService.onTransact:818 
D/BluetoothAdapter(  831): 1249820540: getState() :  mService = null. Returning STATE_OFF
I/System.out(15487): body:<com.bianor.amspersonal.net.HostInterface: boolean isIPv6Address(java.lang.String)>	sig:$r1 = staticinvoke <java.net.InetAddress: java.net.InetAddress getByName(java.lang.String)>($r0)	timediff:0
I/System.out(15487): body:<com.bianor.amspersonal.upnp.ssdp.HTTPMUSocket: boolean send(java.lang.String,java.lang.String,int)>	sig:specialinvoke $r5.<java.net.MulticastSocket: void <init>()>()	timediff:0
I/System.out(15487): body:<com.bianor.amspersonal.upnp.ssdp.HTTPMUSocket: boolean send(java.lang.String,java.lang.String,int)>	sig:specialinvoke $r3.<java.net.DatagramPacket: void <init>(byte[],int,java.net.SocketAddress)>($r7, $i0, $r6)	timediff:0
I/System.out(15487): body:<com.bianor.amspersonal.upnp.ssdp.HTTPMUSocket: boolean send(java.lang.String,java.lang.String,int)>	sig:virtualinvoke $r5.<java.net.MulticastSocket: void setTimeToLive(int)>($i0)	timediff:0
I/System.out(15487): body:<com.bianor.amspersonal.upnp.ssdp.HTTPMUSocket: boolean send(java.lang.String,java.lang.String,int)>	sig:virtualinvoke $r5.<java.net.MulticastSocket: void send(java.net.DatagramPacket)>($r3)	timediff:0
I/System.out(15487): body:<com.bianor.amspersonal.upnp.ssdp.HTTPMUSocket: boolean send(java.lang.String,java.lang.String,int)>	sig:virtualinvoke $r5.<java.net.MulticastSocket: void close()>()	timediff:0
I/System.out(15487): body:<com.bianor.amspersonal.upnp.ssdp.HTTPMUSocket: com.bianor.amspersonal.upnp.ssdp.SSDPPacket receive()>	sig:virtualinvoke $r4.<java.net.MulticastSocket: void receive(java.net.DatagramPacket)>($r5)	timediff:108
I/System.out(15487): body:<com.bianor.amspersonal.upnp.ssdp.SSDPPacket: byte[] getData()>	sig:$i0 = virtualinvoke $r3.<java.net.DatagramPacket: int getLength()>()	timediff:0
I/System.out(15487): body:<com.bianor.amspersonal.upnp.ssdp.SSDPPacket: byte[] getData()>	sig:$r2 = virtualinvoke $r3.<java.net.DatagramPacket: byte[] getData()>()	timediff:0
I/System.out(15487): body:<com.bianor.amspersonal.net.HostInterface: boolean isIPv6Address(java.lang.String)>	sig:$r1 = staticinvoke <java.net.InetAddress: java.net.InetAddress getByName(java.lang.String)>($r0)	timediff:0
I/System.out(15487): body:<com.bianor.amspersonal.upnp.ssdp.HTTPMUSocket: com.bianor.amspersonal.upnp.ssdp.SSDPPacket receive()>	sig:virtualinvoke $r4.<java.net.MulticastSocket: void receive(java.net.DatagramPacket)>($r5)	timediff:108
I/System.out(15487): body:<com.bianor.amspersonal.upnp.ssdp.HTTPMUSocket: java.net.InetAddress getMulticastInetAddress()>	sig:$r2 = virtualinvoke $r1.<java.net.InetSocketAddress: java.net.InetAddress getAddress()>()	timediff:0
I/System.out(15487): body:<com.bianor.amspersonal.upnp.ssdp.SSDPPacket: byte[] getData()>	sig:$i0 = virtualinvoke $r3.<java.net.DatagramPacket: int getLength()>()	timediff:0
I/System.out(15487): body:<com.bianor.amspersonal.upnp.ssdp.SSDPPacket: byte[] getData()>	sig:$r2 = virtualinvoke $r3.<java.net.DatagramPacket: byte[] getData()>()	timediff:0
I/System.out(15487): body:<com.bianor.amspersonal.upnp.ssdp.SSDPPacket: java.net.InetAddress getHostInetAddress()>	sig:specialinvoke $r2.<java.net.InetSocketAddress: void <init>(java.lang.String,int)>($r1, 0)	timediff:0
I/System.out(15487): body:<com.bianor.amspersonal.upnp.ssdp.SSDPPacket: java.net.InetAddress getHostInetAddress()>	sig:$r4 = virtualinvoke $r2.<java.net.InetSocketAddress: java.net.InetAddress getAddress()>()	timediff:0
I/System.out(15487): body:<com.bianor.amspersonal.upnp.ssdp.SSDPNotifySocket: void run()>	sig:$z0 = virtualinvoke $r6.<java.net.InetAddress: boolean equals(java.lang.Object)>($r7)	timediff:0
I/System.out(15487): body:<com.bianor.amspersonal.upnp.ssdp.SSDPPacket: void <init>(byte[],int)>	sig:specialinvoke $r2.<java.net.DatagramPacket: void <init>(byte[],int)>($r1, $i0)	timediff:0
I/System.out(15487): body:<com.bianor.amspersonal.upnp.ssdp.HTTPMUSocket: java.lang.String getLocalAddress()>	sig:$r2 = virtualinvoke $r1.<java.net.InetSocketAddress: java.net.InetAddress getAddress()>()	timediff:0
I/System.out(15487): body:<com.bianor.amspersonal.upnp.ssdp.HTTPMUSocket: java.lang.String getLocalAddress()>	sig:$r4 = virtualinvoke $r3.<java.net.NetworkInterface: java.util.Enumeration getInetAddresses()>()	timediff:0
I/System.out(15487): body:<com.bianor.amspersonal.upnp.ssdp.HTTPMUSocket: java.lang.String getLocalAddress()>	sig:$r7 = virtualinvoke $r6.<java.net.InetAddress: java.lang.String getHostAddress()>()	timediff:0
I/System.out(15487): body:<com.bianor.amspersonal.net.HostInterface: boolean isIPv6Address(java.lang.String)>	sig:$r1 = staticinvoke <java.net.InetAddress: java.net.InetAddress getByName(java.lang.String)>($r0)	timediff:0
I/System.out(15487): body:<com.bianor.amspersonal.upnp.ssdp.HTTPMUSocket: boolean open(java.lang.String,int,java.lang.String)>	sig:$r4 = staticinvoke <java.net.InetAddress: java.net.InetAddress getByName(java.lang.String)>($r2)	timediff:0
I/System.out(15487): body:<com.bianor.amspersonal.upnp.ssdp.HTTPMUSocket: boolean open(java.lang.String,int,java.net.InetAddress)>	sig:specialinvoke $r5.<java.net.MulticastSocket: void <init>(java.net.SocketAddress)>(null)	timediff:0
I/System.out(15487): body:<com.bianor.amspersonal.upnp.ssdp.HTTPMUSocket: boolean open(java.lang.String,int,java.net.InetAddress)>	sig:virtualinvoke $r5.<java.net.MulticastSocket: void setReuseAddress(boolean)>(1)	timediff:0
I/System.out(15487): body:<com.bianor.amspersonal.upnp.ssdp.HTTPMUSocket: boolean open(java.lang.String,int,java.net.InetAddress)>	sig:specialinvoke $r3.<java.net.InetSocketAddress: void <init>(int)>($i0)	timediff:0
I/System.out(15487): body:<com.bianor.amspersonal.upnp.ssdp.HTTPMUSocket: boolean open(java.lang.String,int,java.net.InetAddress)>	sig:virtualinvoke $r5.<java.net.MulticastSocket: void bind(java.net.SocketAddress)>($r3)	timediff:0
I/System.out(15487): body:<com.bianor.amspersonal.upnp.ssdp.HTTPMUSocket: boolean open(java.lang.String,int,java.net.InetAddress)>	sig:$r7 = staticinvoke <java.net.InetAddress: java.net.InetAddress getByName(java.lang.String)>($r1)	timediff:0
I/System.out(15487): body:<com.bianor.amspersonal.upnp.ssdp.HTTPMUSocket: boolean open(java.lang.String,int,java.net.InetAddress)>	sig:specialinvoke $r3.<java.net.InetSocketAddress: void <init>(java.net.InetAddress,int)>($r7, $i0)	timediff:0
W/WindowManager(  314): updateFocusedWindowLocked, focusedAppToken is null.
I/System.out(15487): body:<com.bianor.amspersonal.upnp.ssdp.HTTPMUSocket: boolean open(java.lang.String,int,java.net.InetAddress)>	sig:$r6 = staticinvoke <java.net.NetworkInterface: java.net.NetworkInterface getByInetAddress(java.net.InetAddress)>($r2)	timediff:3
I/System.out(15487): body:<com.bianor.amspersonal.upnp.ssdp.HTTPMUSocket: boolean open(java.lang.String,int,java.net.InetAddress)>	sig:virtualinvoke $r5.<java.net.MulticastSocket: void joinGroup(java.net.SocketAddress,java.net.NetworkInterface)>($r3, $r6)	timediff:0
I/System.out(15487): body:<com.bianor.amspersonal.upnp.ssdp.SSDPPacket: void <init>(byte[],int)>	sig:specialinvoke $r2.<java.net.DatagramPacket: void <init>(byte[],int)>($r1, $i0)	timediff:0
I/System.out(15487): body:<com.bianor.amspersonal.upnp.ssdp.HTTPMUSocket: java.lang.String getLocalAddress()>	sig:$r2 = virtualinvoke $r1.<java.net.InetSocketAddress: java.net.InetAddress getAddress()>()	timediff:0
I/System.out(15487): body:<com.bianor.amspersonal.upnp.ssdp.HTTPMUSocket: java.lang.String getLocalAddress()>	sig:$r4 = virtualinvoke $r3.<java.net.NetworkInterface: java.util.Enumeration getInetAddresses()>()	timediff:0
I/System.out(15487): body:<com.bianor.amspersonal.upnp.ssdp.HTTPMUSocket: java.lang.String getLocalAddress()>	sig:$r7 = virtualinvoke $r6.<java.net.InetAddress: java.lang.String getHostAddress()>()	timediff:0
I/chromium(15487): [INFO:simple_index_file.cc(397)] Simple Cache Index is being restored from disk.
D/dalvikvm(15602): DexOpt: load 0ms, verify+opt 4ms, 287892 bytes
D/dalvikvm(15487): DexOpt: --- END '1510898742191.jar' (success) ---
D/dalvikvm(15487): DEX prep '/data/data/com.bianor.amspersonal/cache/1510898742191.jar': unzip in 0ms, rewrite 215ms
W/InputMethodManagerService(  314): Starting input on non-focused client com.android.internal.view.IInputMethodClient$Stub$Proxy@4aa1444c (uid=10129 pid=15487)
W/ContextImpl(  314): Calling a method in the system process without a qualified user: android.app.ContextImpl.sendBroadcast:1123 com.android.server.InputMethodManagerService.hideCurrentInputLocked:1880 com.android.server.InputMethodManagerService.windowGainedFocus:1968 com.android.internal.view.IInputMethodManager$Stub.onTransact:221 com.android.server.InputMethodManagerService.onTransact:818 
I/chromium(15487): [INFO:CONSOLE(0)] "Creating Application Cache with manifest https://googleads.g.doubleclick.net/mads/static/mad/sdk/native/sdk-core-v40-loader.appcache", source: https://googleads.g.doubleclick.net/mads/static/mad/sdk/native/sdk-core-v40-loader.html (0)
I/chromium(15487): [INFO:CONSOLE(0)] "Application Cache Checking event", source: https://googleads.g.doubleclick.net/mads/static/mad/sdk/native/sdk-core-v40-loader.html (0)
I/chromium(15487): [INFO:CONSOLE(0)] "Application Cache Downloading event", source: https://googleads.g.doubleclick.net/mads/static/mad/sdk/native/sdk-core-v40-loader.html (0)
W/InputEventReceiver(  532): Attempted to finish an input event but the input event receiver has already been disposed.
W/InputEventReceiver(  532): Attempted to finish an input event but the input event receiver has already been disposed.
W/ContextImpl(  314): Calling a method in the system process without a qualified user: android.app.ContextImpl.sendBroadcast:1123 com.android.server.InputMethodManagerService.hideCurrentInputLocked:1880 com.android.server.InputMethodManagerService.windowGainedFocus:1968 com.android.internal.view.IInputMethodManager$Stub.onTransact:221 com.android.server.InputMethodManagerService.onTransact:818 
W/ViewRootImpl(  532): Dropping event due to root view being removed: MotionEvent { action=ACTION_UP, id[0]=0, x[0]=351.37952, y[0]=-286.22372, toolType[0]=TOOL_TYPE_UNKNOWN, buttonState=0, metaState=0, flags=0x0, edgeFlags=0x0, pointerCount=1, historySize=0, eventTime=1006658, downTime=1006657, deviceId=0, source=0x1002 }
I/chromium(15487): [INFO:CONSOLE(0)] "Application Cache Progress event (0 of 1) https://googleads.g.doubleclick.net/mads/static/mad/sdk/native/production/sdk-core-v40-impl.js", source: https://googleads.g.doubleclick.net/mads/static/mad/sdk/native/sdk-core-v40-loader.html (0)
W/InputManager(  314): Input event injection from pid 15424 failed.
W/InputManager(  314): Input event injection from pid 15424 failed.
W/Herrevad(  721): [886] sjl.a: On wifi, but couldn't get security type
