W/ActivityManager(  485): Force-killing crashed app com.mcu.iVMS at watcher's request
W/ContextImpl(  485): Calling a method in the system process without a qualified user: android.app.ContextImpl.sendBroadcast:1123 com.android.server.am.ActivityManagerService.handleApplicationCrashInner:9670 com.android.server.am.ActivityManagerService.handleApplicationCrash:9644 android.app.ActivityManagerNative.onTransact:1311 com.android.server.am.ActivityManagerService.onTransact:2071 
W/NetworkManagementSocketTagger(  485): setKernelCountSet(10190, 0) failed with errno -13
I/InputDispatcher(  485): Dropping event because there is no focused window or focused application.
I/ActivityManager(  485): Process com.mcu.iVMS (pid 19716) has died.
W/ActivityManager(  485): Force removing ActivityRecord{4ae5d968 u0 com.mcu.iVMS/.ui.control.main.RootActivity t204}: app died, no saved state
W/InputManager(  485): Input event injection from pid 19421 failed.
I/InputDispatcher(  485): Dropping event because there is no focused window or focused application.
W/InputManager(  485): Input event injection from pid 19421 failed.
W/InputManager(  485): Input event injection from pid 19421 failed.
W/InputManager(  485): Input event injection from pid 19421 failed.
W/InputManager(  485): Input event injection from pid 19421 failed.
W/InputManager(  485): Input event injection from pid 19421 failed.
I/InputDispatcher(  485): Dropping event because there is no focused window or focused application.
I/InputDispatcher(  485): Dropping event because there is no focused window or focused application.
I/InputDispatcher(  485): Dropping event because there is no focused window or focused application.
W/InputManager(  485): Input event injection from pid 19421 failed.
W/InputManager(  485): Input event injection from pid 19421 failed.
W/InputManager(  485): Input event injection from pid 19421 failed.
I/InputDispatcher(  485): Dropping event because there is no focused window or focused application.
W/InputManager(  485): Input event injection from pid 19421 failed.
V/PanelView(  542): animationTick called with dtms=0; nothing to do (h=0.0 v=0.0)
I/InputDispatcher(  485): Dropping event because there is no focused window or focused application.
I/InputDispatcher(  485): Dropping event because there is no focused window or focused application.
W/InputManager(  485): Input event injection from pid 19421 failed.
W/InputManager(  485): Input event injection from pid 19421 failed.
W/InputManager(  485): Input event injection from pid 19421 failed.
W/InputManager(  485): Input event injection from pid 19421 failed.
I/InputDispatcher(  485): Dropping event because there is no focused window or focused application.
D/FirebaseApp(  683): Notifying background state change listeners.
I/InputDispatcher(  485): Dropping event because there is no focused window or focused application.
I/InputDispatcher(  485): Dropping event because there is no focused window or focused application.
W/InputManager(  485): Input event injection from pid 19421 failed.
W/InputManager(  485): Input event injection from pid 19421 failed.
W/InputManager(  485): Input event injection from pid 19421 failed.
W/InputManager(  485): Input event injection from pid 19421 failed.
W/InputManager(  485): Input event injection from pid 19421 failed.
I/InputDispatcher(  485): Dropping event because there is no focused window or focused application.
I/InputDispatcher(  485): Dropping event because there is no focused window or focused application.
I/InputDispatcher(  485): Dropping event because there is no focused window or focused application.
W/InputManager(  485): Input event injection from pid 19421 failed.
W/InputManager(  485): Input event injection from pid 19421 failed.
W/InputManager(  485): Input event injection from pid 19421 failed.
W/InputManager(  485): Input event injection from pid 19421 failed.
W/InputManager(  485): Input event injection from pid 19421 failed.
I/ActivityManager(  485): START u0 {act=android.intent.action.MAIN cat=[android.intent.category.LAUNCHER] flg=0x10200000 cmp=com.mcu.iVMS/.ui.control.loading.LoadingActivity} from pid 19421
D/dalvikvm( 1842): GC_CONCURRENT freed 3250K, 30% free 10244K/14476K, paused 3ms+2ms, total 63ms
D/dalvikvm(  485): GC_EXPLICIT freed 3115K, 25% free 19312K/25680K, paused 1ms+9ms, total 44ms
W/EGL_emulation(  683): eglSurfaceAttrib not implemented 3093 12436
D/dalvikvm(  683): GC_FOR_ALLOC freed 6275K, 4% free 223155K/230736K, paused 99ms, total 102ms
D/yeshen  (  683): launcher onpause
D/dalvikvm(  169): GC_EXPLICIT freed 40K, 4% free 2788K/2892K, paused 1ms+0ms, total 3ms
I/ActivityManager(  485): Start proc com.mcu.iVMS for activity com.mcu.iVMS/.ui.control.loading.LoadingActivity: pid=19742 uid=10190 gids={50190, 3003, 1028, 1015, 1023}
D/dalvikvm(  169): GC_EXPLICIT freed <1K, 4% free 2788K/2892K, paused 0ms+1ms, total 3ms
D/dalvikvm(  169): WAIT_FOR_CONCURRENT_GC blocked 1ms
D/dalvikvm(  169): GC_EXPLICIT freed <1K, 4% free 2788K/2892K, paused 3ms+1ms, total 5ms
W/NetworkManagementSocketTagger(  485): setKernelCountSet(10190, 1) failed with errno -13
I/dalvikvm(19742): ignoring registerObject request in thread=1
I/dalvikvm(19742): ignoring registerObject request in thread=1
D/dalvikvm(19742): Trying to load lib /data/app-lib/com.mcu.iVMS-1/libgnustl_shared.so 0x94f2df90
D/yeshen  (  683): launcher onstop
D/dalvikvm(19742): Added shared lib /data/app-lib/com.mcu.iVMS-1/libgnustl_shared.so 0x94f2df90
D/dalvikvm(19742): No JNI_OnLoad found in /data/app-lib/com.mcu.iVMS-1/libgnustl_shared.so 0x94f2df90, skipping init
D/FirebaseApp(  683): Notifying background state change listeners.
D/Tinker.DefaultAppLike(  683): onTrimMemory level:20
D/dalvikvm(19742): Trying to load lib /data/app-lib/com.mcu.iVMS-1/libssl.so 0x94f2df90
D/dalvikvm(19742): Added shared lib /data/app-lib/com.mcu.iVMS-1/libssl.so 0x94f2df90
D/dalvikvm(19742): No JNI_OnLoad found in /data/app-lib/com.mcu.iVMS-1/libssl.so 0x94f2df90, skipping init
D/dalvikvm(19742): Trying to load lib /data/app-lib/com.mcu.iVMS-1/libHCCore.so 0x94f2df90
D/dalvikvm(19742): Trying to load lib /data/app-lib/com.mcu.iVMS-1/libssl.so 0x94f2df90
D/dalvikvm(19742): Shared lib '/data/app-lib/com.mcu.iVMS-1/libssl.so' already loaded in same CL 0x94f2df90
D/dalvikvm(19742): Added shared lib /data/app-lib/com.mcu.iVMS-1/libHCCore.so 0x94f2df90
D/dalvikvm(19742): No JNI_OnLoad found in /data/app-lib/com.mcu.iVMS-1/libHCCore.so 0x94f2df90, skipping init
D/dalvikvm(19742): Trying to load lib /data/app-lib/com.mcu.iVMS-1/libHCCoreDevCfg.so 0x94f2df90
D/dalvikvm(19742): Trying to load lib /data/app-lib/com.mcu.iVMS-1/libHCCore.so 0x94f2df90
D/dalvikvm(19742): Shared lib '/data/app-lib/com.mcu.iVMS-1/libHCCore.so' already loaded in same CL 0x94f2df90
D/dalvikvm(19742): Added shared lib /data/app-lib/com.mcu.iVMS-1/libHCCoreDevCfg.so 0x94f2df90
D/dalvikvm(19742): No JNI_OnLoad found in /data/app-lib/com.mcu.iVMS-1/libHCCoreDevCfg.so 0x94f2df90, skipping init
D/dalvikvm(19742): Trying to load lib /data/app-lib/com.mcu.iVMS-1/libHCPreview.so 0x94f2df90
D/dalvikvm(19742): Trying to load lib /data/app-lib/com.mcu.iVMS-1/libHCCore.so 0x94f2df90
D/dalvikvm(19742): Shared lib '/data/app-lib/com.mcu.iVMS-1/libHCCore.so' already loaded in same CL 0x94f2df90
D/dalvikvm(19742): Trying to load lib /data/app-lib/com.mcu.iVMS-1/libHCCoreDevCfg.so 0x94f2df90
D/dalvikvm(19742): Shared lib '/data/app-lib/com.mcu.iVMS-1/libHCCoreDevCfg.so' already loaded in same CL 0x94f2df90
D/dalvikvm(19742): Added shared lib /data/app-lib/com.mcu.iVMS-1/libHCPreview.so 0x94f2df90
D/dalvikvm(19742): No JNI_OnLoad found in /data/app-lib/com.mcu.iVMS-1/libHCPreview.so 0x94f2df90, skipping init
D/dalvikvm(19742): Trying to load lib /data/app-lib/com.mcu.iVMS-1/libHCPlayBack.so 0x94f2df90
D/dalvikvm(19742): Trying to load lib /data/app-lib/com.mcu.iVMS-1/libHCCore.so 0x94f2df90
D/dalvikvm(19742): Shared lib '/data/app-lib/com.mcu.iVMS-1/libHCCore.so' already loaded in same CL 0x94f2df90
D/dalvikvm(19742): Trying to load lib /data/app-lib/com.mcu.iVMS-1/libHCCoreDevCfg.so 0x94f2df90
D/dalvikvm(19742): Shared lib '/data/app-lib/com.mcu.iVMS-1/libHCCoreDevCfg.so' already loaded in same CL 0x94f2df90
D/dalvikvm(19742): Added shared lib /data/app-lib/com.mcu.iVMS-1/libHCPlayBack.so 0x94f2df90
D/dalvikvm(19742): No JNI_OnLoad found in /data/app-lib/com.mcu.iVMS-1/libHCPlayBack.so 0x94f2df90, skipping init
D/dalvikvm(19742): Trying to load lib /data/app-lib/com.mcu.iVMS-1/libHCGeneralCfgMgr.so 0x94f2df90
D/dalvikvm(19742): Trying to load lib /data/app-lib/com.mcu.iVMS-1/libHCCore.so 0x94f2df90
D/dalvikvm(19742): Shared lib '/data/app-lib/com.mcu.iVMS-1/libHCCore.so' already loaded in same CL 0x94f2df90
D/dalvikvm(19742): Trying to load lib /data/app-lib/com.mcu.iVMS-1/libHCCoreDevCfg.so 0x94f2df90
D/dalvikvm(19742): Shared lib '/data/app-lib/com.mcu.iVMS-1/libHCCoreDevCfg.so' already loaded in same CL 0x94f2df90
D/dalvikvm(19742): Added shared lib /data/app-lib/com.mcu.iVMS-1/libHCGeneralCfgMgr.so 0x94f2df90
D/dalvikvm(19742): No JNI_OnLoad found in /data/app-lib/com.mcu.iVMS-1/libHCGeneralCfgMgr.so 0x94f2df90, skipping init
D/dalvikvm(19742): Trying to load lib /data/app-lib/com.mcu.iVMS-1/libHCVoiceTalk.so 0x94f2df90
D/dalvikvm(19742): Trying to load lib /data/app-lib/com.mcu.iVMS-1/libHCCore.so 0x94f2df90
D/dalvikvm(19742): Shared lib '/data/app-lib/com.mcu.iVMS-1/libHCCore.so' already loaded in same CL 0x94f2df90
D/dalvikvm(19742): Trying to load lib /data/app-lib/com.mcu.iVMS-1/libHCCoreDevCfg.so 0x94f2df90
D/dalvikvm(19742): Shared lib '/data/app-lib/com.mcu.iVMS-1/libHCCoreDevCfg.so' already loaded in same CL 0x94f2df90
D/dalvikvm(19742): Added shared lib /data/app-lib/com.mcu.iVMS-1/libHCVoiceTalk.so 0x94f2df90
D/dalvikvm(19742): No JNI_OnLoad found in /data/app-lib/com.mcu.iVMS-1/libHCVoiceTalk.so 0x94f2df90, skipping init
D/dalvikvm(19742): Trying to load lib /data/app-lib/com.mcu.iVMS-1/libHCIndustry.so 0x94f2df90
D/dalvikvm(19742): Trying to load lib /data/app-lib/com.mcu.iVMS-1/libHCCore.so 0x94f2df90
D/dalvikvm(19742): Shared lib '/data/app-lib/com.mcu.iVMS-1/libHCCore.so' already loaded in same CL 0x94f2df90
D/dalvikvm(19742): Trying to load lib /data/app-lib/com.mcu.iVMS-1/libHCCoreDevCfg.so 0x94f2df90
D/dalvikvm(19742): Shared lib '/data/app-lib/com.mcu.iVMS-1/libHCCoreDevCfg.so' already loaded in same CL 0x94f2df90
D/dalvikvm(19742): Added shared lib /data/app-lib/com.mcu.iVMS-1/libHCIndustry.so 0x94f2df90
D/dalvikvm(19742): No JNI_OnLoad found in /data/app-lib/com.mcu.iVMS-1/libHCIndustry.so 0x94f2df90, skipping init
D/dalvikvm(19742): Trying to load lib /data/app-lib/com.mcu.iVMS-1/libHCDisplay.so 0x94f2df90
D/dalvikvm(19742): Trying to load lib /data/app-lib/com.mcu.iVMS-1/libHCCore.so 0x94f2df90
D/dalvikvm(19742): Shared lib '/data/app-lib/com.mcu.iVMS-1/libHCCore.so' already loaded in same CL 0x94f2df90
D/dalvikvm(19742): Trying to load lib /data/app-lib/com.mcu.iVMS-1/libHCCoreDevCfg.so 0x94f2df90
D/dalvikvm(19742): Shared lib '/data/app-lib/com.mcu.iVMS-1/libHCCoreDevCfg.so' already loaded in same CL 0x94f2df90
D/dalvikvm(19742): Added shared lib /data/app-lib/com.mcu.iVMS-1/libHCDisplay.so 0x94f2df90
D/dalvikvm(19742): No JNI_OnLoad found in /data/app-lib/com.mcu.iVMS-1/libHCDisplay.so 0x94f2df90, skipping init
D/dalvikvm(19742): Trying to load lib /data/app-lib/com.mcu.iVMS-1/libHCAlarm.so 0x94f2df90
D/dalvikvm(19742): Trying to load lib /data/app-lib/com.mcu.iVMS-1/libHCCore.so 0x94f2df90
D/dalvikvm(19742): Shared lib '/data/app-lib/com.mcu.iVMS-1/libHCCore.so' already loaded in same CL 0x94f2df90
D/dalvikvm(19742): Trying to load lib /data/app-lib/com.mcu.iVMS-1/libHCCoreDevCfg.so 0x94f2df90
D/dalvikvm(19742): Shared lib '/data/app-lib/com.mcu.iVMS-1/libHCCoreDevCfg.so' already loaded in same CL 0x94f2df90
D/dalvikvm(19742): Added shared lib /data/app-lib/com.mcu.iVMS-1/libHCAlarm.so 0x94f2df90
D/dalvikvm(19742): No JNI_OnLoad found in /data/app-lib/com.mcu.iVMS-1/libHCAlarm.so 0x94f2df90, skipping init
D/dalvikvm(19742): Trying to load lib /data/app-lib/com.mcu.iVMS-1/libhcnetsdk.so 0x94f2df90
D/dalvikvm(19742): Trying to load lib /data/app-lib/com.mcu.iVMS-1/libHCCore.so 0x94f2df90
D/dalvikvm(19742): Shared lib '/data/app-lib/com.mcu.iVMS-1/libHCCore.so' already loaded in same CL 0x94f2df90
D/dalvikvm(19742): Added shared lib /data/app-lib/com.mcu.iVMS-1/libhcnetsdk.so 0x94f2df90
D/dalvikvm(19742): No JNI_OnLoad found in /data/app-lib/com.mcu.iVMS-1/libhcnetsdk.so 0x94f2df90, skipping init
W/DebugConnManager(19742): getNetworkInfo() on networkType 1
D/dalvikvm(19742): Trying to load lib /data/app-lib/com.mcu.iVMS-1/libgnustl_shared.so 0x94f2df90
D/dalvikvm(19742): Shared lib '/data/app-lib/com.mcu.iVMS-1/libgnustl_shared.so' already loaded in same CL 0x94f2df90
D/dalvikvm(19742): Trying to load lib /data/app-lib/com.mcu.iVMS-1/libhpr.so 0x94f2df90
D/dalvikvm(19742): Added shared lib /data/app-lib/com.mcu.iVMS-1/libhpr.so 0x94f2df90
D/dalvikvm(19742): No JNI_OnLoad found in /data/app-lib/com.mcu.iVMS-1/libhpr.so 0x94f2df90, skipping init
D/dalvikvm(19742): Trying to load lib /data/app-lib/com.mcu.iVMS-1/libudt.so 0x94f2df90
D/dalvikvm(19742): Trying to load lib /data/app-lib/com.mcu.iVMS-1/libgnustl_shared.so 0x94f2df90
D/dalvikvm(19742): Shared lib '/data/app-lib/com.mcu.iVMS-1/libgnustl_shared.so' already loaded in same CL 0x94f2df90
D/dalvikvm(19742): Added shared lib /data/app-lib/com.mcu.iVMS-1/libudt.so 0x94f2df90
D/dalvikvm(19742): No JNI_OnLoad found in /data/app-lib/com.mcu.iVMS-1/libudt.so 0x94f2df90, skipping init
D/dalvikvm(19742): Trying to load lib /data/app-lib/com.mcu.iVMS-1/libopensslwrap.so 0x94f2df90
D/dalvikvm(19742): Trying to load lib /data/app-lib/com.mcu.iVMS-1/libgnustl_shared.so 0x94f2df90
D/dalvikvm(19742): Shared lib '/data/app-lib/com.mcu.iVMS-1/libgnustl_shared.so' already loaded in same CL 0x94f2df90
D/dalvikvm(19742): Trying to load lib /data/app-lib/com.mcu.iVMS-1/libhpr.so 0x94f2df90
D/dalvikvm(19742): Shared lib '/data/app-lib/com.mcu.iVMS-1/libhpr.so' already loaded in same CL 0x94f2df90
D/dalvikvm(19742): Added shared lib /data/app-lib/com.mcu.iVMS-1/libopensslwrap.so 0x94f2df90
D/dalvikvm(19742): No JNI_OnLoad found in /data/app-lib/com.mcu.iVMS-1/libopensslwrap.so 0x94f2df90, skipping init
D/dalvikvm(19742): Trying to load lib /data/app-lib/com.mcu.iVMS-1/libCASClientSDK.so 0x94f2df90
D/dalvikvm(19742): Trying to load lib /data/app-lib/com.mcu.iVMS-1/libudt.so 0x94f2df90
D/dalvikvm(19742): Shared lib '/data/app-lib/com.mcu.iVMS-1/libudt.so' already loaded in same CL 0x94f2df90
D/dalvikvm(19742): Trying to load lib /data/app-lib/com.mcu.iVMS-1/libopensslwrap.so 0x94f2df90
D/dalvikvm(19742): Shared lib '/data/app-lib/com.mcu.iVMS-1/libopensslwrap.so' already loaded in same CL 0x94f2df90
D/dalvikvm(19742): Trying to load lib /data/app-lib/com.mcu.iVMS-1/libgnustl_shared.so 0x94f2df90
D/dalvikvm(19742): Shared lib '/data/app-lib/com.mcu.iVMS-1/libgnustl_shared.so' already loaded in same CL 0x94f2df90
D/dalvikvm(19742): Trying to load lib /data/app-lib/com.mcu.iVMS-1/libhpr.so 0x94f2df90
D/dalvikvm(19742): Shared lib '/data/app-lib/com.mcu.iVMS-1/libhpr.so' already loaded in same CL 0x94f2df90
D/dalvikvm(19742): Added shared lib /data/app-lib/com.mcu.iVMS-1/libCASClientSDK.so 0x94f2df90
D/dalvikvm(19742): Trying to load lib /data/app-lib/com.mcu.iVMS-1/libgnustl_shared.so 0x94f2df90
D/dalvikvm(19742): Shared lib '/data/app-lib/com.mcu.iVMS-1/libgnustl_shared.so' already loaded in same CL 0x94f2df90
D/dalvikvm(19742): Trying to load lib /data/app-lib/com.mcu.iVMS-1/libRtspClientSDK.so 0x94f2df90
D/dalvikvm(19742): Trying to load lib /data/app-lib/com.mcu.iVMS-1/libgnustl_shared.so 0x94f2df90
D/dalvikvm(19742): Shared lib '/data/app-lib/com.mcu.iVMS-1/libgnustl_shared.so' already loaded in same CL 0x94f2df90
D/dalvikvm(19742): Added shared lib /data/app-lib/com.mcu.iVMS-1/libRtspClientSDK.so 0x94f2df90
I/CASClientSDK(19742): opensslwrap dll init success. initCount:1
I/CASClientSDK(19742): libCASClient dll init success. initCount:1
I/CASClientSDK(19742): Java_com_hik_CASClient_initLib->init lib success
I/RtspClientSDK(19742): Java_com_hik_RtspClient_initLib->init lib success
I/dalvikvm(19742): Could not find method com.google.android.gms.ads.identifier.AdvertisingIdClient.getAdvertisingIdInfo, referenced from method com.flurry.sdk.jl.e
W/dalvikvm(19742): VFY: unable to resolve static method 14021: Lcom/google/android/gms/ads/identifier/AdvertisingIdClient;.getAdvertisingIdInfo (Landroid/content/Context;)Lcom/google/android/gms/ads/identifier/AdvertisingIdClient$Info;
D/dalvikvm(19742): VFY: replacing opcode 0x71 at 0x0006
D/dalvikvm(19742): JIT code cache reset in 0 ms (0 bytes 1/0)
D/dalvikvm(19742): GC_CONCURRENT freed 278K, 11% free 2929K/3256K, paused 3ms+3ms, total 11ms
W/dalvikvm(19742): VFY: unable to find class referenced in signature (Lokhttp3/Request;)
W/dalvikvm(19742): VFY: unable to find class referenced in signature (Lokhttp3/Response;)
I/dalvikvm(19742): Could not find method okhttp3.Response.headers, referenced from method empirical.HelperClass.printOkHttpInfo
W/dalvikvm(19742): VFY: unable to resolve virtual method 29167: Lokhttp3/Response;.headers ()Lokhttp3/Headers;
D/dalvikvm(19742): VFY: replacing opcode 0x6e at 0x0006
W/dalvikvm(19742): VFY: unable to find class referenced in signature (Lokhttp3/Call;)
W/dalvikvm(19742): VFY: unable to find class referenced in signature (Lokhttp3/Response;)
I/dalvikvm(19742): Could not find method okhttp3.Call.request, referenced from method empirical.HelperClass.printOkHttpInfoFromCall
W/dalvikvm(19742): VFY: unable to resolve interface method 29161: Lokhttp3/Call;.request ()Lokhttp3/Request;
D/dalvikvm(19742): VFY: replacing opcode 0x72 at 0x0006
I/System.out(19742): body:<com.flurry.sdk.ku: void i()>	sig:specialinvoke $r6.<java.net.URL: void <init>(java.lang.String)>($r1)	timediff:0
I/System.out(19742): <com.flurry.sdk.ku: void i()>###specialinvoke $r6.<java.net.URL: void <init>(java.lang.String)>($r1)###https://data.flurry.com/aap.do
D/dalvikvm(19742): GC_CONCURRENT freed 240K, 9% free 3164K/3468K, paused 3ms+2ms, total 7ms
I/System.out(19742): body:<com.flurry.sdk.ku: void i()>	sig:$r7 = virtualinvoke $r6.<java.net.URL: java.net.URLConnection openConnection()>()	timediff:72
I/System.out(19742): body:<com.flurry.sdk.ku: void i()>	sig:virtualinvoke $r4.<java.net.HttpURLConnection: void setConnectTimeout(int)>($i0)	timediff:0
I/System.out(19742): body:<com.flurry.sdk.ku: void i()>	sig:virtualinvoke $r4.<java.net.HttpURLConnection: void setReadTimeout(int)>($i0)	timediff:0
I/System.out(19742): body:<com.flurry.sdk.ku: void i()>	sig:virtualinvoke $r4.<java.net.HttpURLConnection: void setRequestMethod(java.lang.String)>($r1)	timediff:0
I/System.out(19742): body:<com.flurry.sdk.ku: void i()>	sig:virtualinvoke $r4.<java.net.HttpURLConnection: void setInstanceFollowRedirects(boolean)>($z0)	timediff:0
I/System.out(19742): body:<com.flurry.sdk.ku: void i()>	sig:virtualinvoke $r4.<java.net.HttpURLConnection: void setDoOutput(boolean)>($z0)	timediff:0
I/System.out(19742): body:<com.flurry.sdk.ku: void i()>	sig:virtualinvoke $r4.<java.net.HttpURLConnection: void setDoInput(boolean)>(1)	timediff:0
I/System.out(19742): body:<com.flurry.sdk.ku: void i()>	sig:virtualinvoke $r4.<java.net.HttpURLConnection: void addRequestProperty(java.lang.String,java.lang.String)>($r1, $r13)	timediff:0
D/dalvikvm(19742): GC_FOR_ALLOC freed 111K, 6% free 3260K/3468K, paused 2ms, total 4ms
I/dalvikvm-heap(19742): Grow heap (frag case) to 4.625MB for 1451532-byte allocation
D/dalvikvm(19742): GC_CONCURRENT freed 9K, 5% free 4668K/4888K, paused 2ms+0ms, total 5ms
D/dalvikvm(19742): Trying to load lib /data/app-lib/com.mcu.iVMS-1/libMobileUtility.so 0x94f2df90
D/libEGL  (19742): loaded /system/lib/egl/libEGL_adreno.so
D/        (19742): HostConnection::get() New Host Connection established 0xb8d503c0, tid 19742
D/libEGL  (19742): loaded /system/lib/egl/libGLESv1_CM_adreno.so
D/libEGL  (19742): loaded /system/lib/egl/libGLESv2_adreno.so
D/dalvikvm(19742): Added shared lib /data/app-lib/com.mcu.iVMS-1/libMobileUtility.so 0x94f2df90
I/MobileUtility_JNI(19742): MobileUtility JNI_OnLoad succ
W/EGL_emulation(19742): eglSurfaceAttrib not implemented 3093 12436
D/OpenGLRenderer(19742): Enabling debug mode 0
W/ViewRootImpl(19742): Dropping event due to no window focus: KeyEvent { action=ACTION_DOWN, keyCode=KEYCODE_DPAD_CENTER, scanCode=0, metaState=0, flags=0x8, repeatCount=0, eventTime=4013995, downTime=4013995, deviceId=-1, source=0x101 }
W/ContextImpl(  485): Calling a method in the system process without a qualified user: android.app.ContextImpl.sendBroadcast:1123 com.android.server.InputMethodManagerService.hideCurrentInputLocked:1880 com.android.server.InputMethodManagerService.windowGainedFocus:1968 com.android.internal.view.IInputMethodManager$Stub.onTransact:221 com.android.server.InputMethodManagerService.onTransact:818 
W/Binder  (  651): Caught a RuntimeException from the binder stub implementation.
W/Binder  (  651): java.lang.NullPointerException
W/Binder  (  651): 	at android.inputmethodservice.IInputMethodWrapper.setSessionEnabled(IInputMethodWrapper.java:280)
W/Binder  (  651): 	at com.android.internal.view.IInputMethod$Stub.onTransact(IInputMethod.java:129)
W/Binder  (  651): 	at android.os.Binder.execTransact(Binder.java:404)
W/Binder  (  651): 	at dalvik.system.NativeStart.run(Native Method)
W/InputMethodManagerService(  485): Got RemoteException sending setActive(false) notification to pid 19634 uid 10190
I/ActivityManager(  485): Displayed com.mcu.iVMS/.ui.control.loading.LoadingActivity: +1s201ms
I/ActivityManager(  485): START u0 {act=android.intent.action.MAIN cat=[android.intent.category.LAUNCHER] flg=0x10200000 cmp=com.mcu.iVMS/.ui.control.loading.LoadingActivity} from pid 19421
W/ViewRootImpl(19742): Dropping event due to no window focus: KeyEvent { action=ACTION_DOWN, keyCode=KEYCODE_DPAD_CENTER, scanCode=0, metaState=0, flags=0x8, repeatCount=0, eventTime=4015897, downTime=4015897, deviceId=-1, source=0x101 }
W/EGL_emulation(19742): eglSurfaceAttrib not implemented 3093 12436
W/ViewRootImpl(19742): Dropping event due to no window focus: KeyEvent { action=ACTION_DOWN, keyCode=KEYCODE_DPAD_CENTER, scanCode=0, metaState=0, flags=0x8, repeatCount=0, eventTime=4015905, downTime=4015905, deviceId=-1, source=0x101 }
W/InputManager(  485): Input event injection from pid 19421 failed.
W/InputMethodManagerService(  485): Window already focused, ignoring focus gain of: com.android.internal.view.IInputMethodClient$Stub$Proxy@4aaab878 attribute=null, token = android.os.BinderProxy@4ab54b70
W/EGL_emulation(19742): eglSurfaceAttrib not implemented 3093 12436
W/InputManager(  485): Input event injection from pid 19421 failed.
W/InputManager(  485): Input event injection from pid 19421 failed.
W/InputMethodManagerService(  485): Window already focused, ignoring focus gain of: com.android.internal.view.IInputMethodClient$Stub$Proxy@4aa7984c attribute=null, token = android.os.BinderProxy@4ab54b70
I/ActivityManager(  485): START u0 {act=android.intent.action.MAIN cat=[android.intent.category.HOME] flg=0x10200000 cmp=com.vphone.launcher/.Launcher} from pid 485
I/ActivityManager(  485): START u0 {act=android.intent.action.MAIN cat=[android.intent.category.LAUNCHER] flg=0x10200000 cmp=com.mcu.iVMS/.ui.control.loading.LoadingActivity} from pid 19421
W/EGL_emulation(19742): eglSurfaceAttrib not implemented 3093 12436
W/ViewRootImpl(19742): Dropping event due to no window focus: KeyEvent { action=ACTION_DOWN, keyCode=KEYCODE_DPAD_LEFT, scanCode=0, metaState=0, flags=0x8, repeatCount=0, eventTime=4016623, downTime=4016623, deviceId=-1, source=0x101 }
W/InputMethodManagerService(  485): Window already focused, ignoring focus gain of: com.android.internal.view.IInputMethodClient$Stub$Proxy@4aa136b4 attribute=null, token = android.os.BinderProxy@4ab54b70
I/ActivityManager(  485): START u0 {act=android.intent.action.MAIN cat=[android.intent.category.LAUNCHER] flg=0x10200000 cmp=com.mcu.iVMS/.ui.control.loading.LoadingActivity} from pid 19421
W/ViewRootImpl(19742): Dropping event due to no window focus: KeyEvent { action=ACTION_DOWN, keyCode=KEYCODE_DPAD_UP, scanCode=0, metaState=0, flags=0x8, repeatCount=0, eventTime=4016969, downTime=4016969, deviceId=-1, source=0x101 }
W/ViewRootImpl(19742): Dropping event due to no window focus: KeyEvent { action=ACTION_DOWN, keyCode=KEYCODE_DPAD_LEFT, scanCode=0, metaState=0, flags=0x8, repeatCount=0, eventTime=4016977, downTime=4016977, deviceId=-1, source=0x101 }
W/EGL_emulation(19742): eglSurfaceAttrib not implemented 3093 12436
W/ViewRootImpl(19742): Dropping event due to no window focus: KeyEvent { action=ACTION_DOWN, keyCode=KEYCODE_DPAD_CENTER, scanCode=0, metaState=0, flags=0x8, repeatCount=0, eventTime=4016987, downTime=4016987, deviceId=-1, source=0x101 }
W/InputMethodManagerService(  485): Window already focused, ignoring focus gain of: com.android.internal.view.IInputMethodClient$Stub$Proxy@4a98e720 attribute=null, token = android.os.BinderProxy@4ab54b70
I/ActivityManager(  485): START u0 {act=android.intent.action.CALL_BUTTON flg=0x10000000} from pid 19742
W/PhoneFallbackEventHandler(19742): No activity found for android.intent.action.CALL_BUTTON.
I/ActivityManager(  485): START u0 {act=android.intent.action.MAIN cat=[android.intent.category.LAUNCHER] flg=0x10200000 cmp=com.mcu.iVMS/.ui.control.loading.LoadingActivity} from pid 19421
I/ActivityManager(  485): START u0 {cmp=com.mcu.iVMS/.ui.control.main.RootActivity (has extras)} from pid 19742
D/dalvikvm(19742): GC_FOR_ALLOC freed 284K, 7% free 4779K/5124K, paused 2ms, total 2ms
I/dalvikvm-heap(19742): Grow heap (frag case) to 6.150MB for 1495272-byte allocation
D/dalvikvm(19742): GC_FOR_ALLOC freed 1K, 6% free 6238K/6588K, paused 4ms, total 4ms
D/dalvikvm(19742): GC_CONCURRENT freed 4K, 6% free 6234K/6588K, paused 0ms+0ms, total 3ms
D/AndroidRuntime(19742): Shutting down VM
W/dalvikvm(19742): threadid=1: thread exiting with uncaught exception (group=0x94c64b20)
W/System.err(19742): java.lang.RuntimeException: Unable to start activity ComponentInfo{com.mcu.iVMS/com.mcu.iVMS.ui.control.main.RootActivity}: java.lang.ArrayIndexOutOfBoundsException: length=10; index=10
W/System.err(19742): 	at android.app.ActivityThread.performLaunchActivity(ActivityThread.java:2193)
W/System.err(19742): 	at android.app.ActivityThread.handleLaunchActivity(ActivityThread.java:2243)
W/System.err(19742): 	at android.app.ActivityThread.access$800(ActivityThread.java:135)
W/System.err(19742): 	at android.app.ActivityThread$H.handleMessage(ActivityThread.java:1196)
W/System.err(19742): 	at android.os.Handler.dispatchMessage(Handler.java:102)
W/System.err(19742): 	at android.os.Looper.loop(Looper.java:136)
W/System.err(19742): 	at android.app.ActivityThread.main(ActivityThread.java:5019)
W/System.err(19742): 	at java.lang.reflect.Method.invokeNative(Native Method)
W/System.err(19742): 	at java.lang.reflect.Method.invoke(Method.java:515)
W/System.err(19742): 	at com.android.internal.os.ZygoteInit$MethodAndArgsCaller.run(ZygoteInit.java:779)
W/System.err(19742): 	at com.android.internal.os.ZygoteInit.main(ZygoteInit.java:595)
W/System.err(19742): 	at dalvik.system.NativeStart.main(Native Method)
W/System.err(19742): Caused by: java.lang.ArrayIndexOutOfBoundsException: length=10; index=10
W/System.err(19742): 	at com.mcu.iVMS.a.k.a(dalvik_source_com.mcu.iVMS.apk)
W/System.err(19742): 	at com.mcu.iVMS.ui.control.main.d.<init>(dalvik_source_com.mcu.iVMS.apk)
W/System.err(19742): 	at com.mcu.iVMS.ui.control.main.RootActivity.onCreate(dalvik_source_com.mcu.iVMS.apk)
W/System.err(19742): 	at android.app.Activity.performCreate(Activity.java:5231)
W/System.err(19742): 	at android.app.Instrumentation.callActivityOnCreate(Instrumentation.java:1104)
W/System.err(19742): 	at android.app.ActivityThread.performLaunchActivity(ActivityThread.java:2157)
W/System.err(19742): 	... 11 more
I/Process (  485): Sending signal. PID: 19742 SIG: 9
E/AndroidRuntime(19742): FATAL EXCEPTION: main
E/AndroidRuntime(19742): Process: com.mcu.iVMS, PID: 19742
E/AndroidRuntime(19742): java.lang.RuntimeException: Unable to start activity ComponentInfo{com.mcu.iVMS/com.mcu.iVMS.ui.control.main.RootActivity}: java.lang.ArrayIndexOutOfBoundsException: length=10; index=10
E/AndroidRuntime(19742): 	at android.app.ActivityThread.performLaunchActivity(ActivityThread.java:2193)
E/AndroidRuntime(19742): 	at android.app.ActivityThread.handleLaunchActivity(ActivityThread.java:2243)
E/AndroidRuntime(19742): 	at android.app.ActivityThread.access$800(ActivityThread.java:135)
E/AndroidRuntime(19742): 	at android.app.ActivityThread$H.handleMessage(ActivityThread.java:1196)
E/AndroidRuntime(19742): 	at android.os.Handler.dispatchMessage(Handler.java:102)
E/AndroidRuntime(19742): 	at android.os.Looper.loop(Looper.java:136)
E/AndroidRuntime(19742): 	at android.app.ActivityThread.main(ActivityThread.java:5019)
E/AndroidRuntime(19742): 	at java.lang.reflect.Method.invokeNative(Native Method)
E/AndroidRuntime(19742): 	at java.lang.reflect.Method.invoke(Method.java:515)
E/AndroidRuntime(19742): 	at com.android.internal.os.ZygoteInit$MethodAndArgsCaller.run(ZygoteInit.java:779)
E/AndroidRuntime(19742): 	at com.android.internal.os.ZygoteInit.main(ZygoteInit.java:595)
E/AndroidRuntime(19742): 	at dalvik.system.NativeStart.main(Native Method)
E/AndroidRuntime(19742): Caused by: java.lang.ArrayIndexOutOfBoundsException: length=10; index=10
E/AndroidRuntime(19742): 	at com.mcu.iVMS.a.k.a(dalvik_source_com.mcu.iVMS.apk)
E/AndroidRuntime(19742): 	at com.mcu.iVMS.ui.control.main.d.<init>(dalvik_source_com.mcu.iVMS.apk)
E/AndroidRuntime(19742): 	at com.mcu.iVMS.ui.control.main.RootActivity.onCreate(dalvik_source_com.mcu.iVMS.apk)
E/AndroidRuntime(19742): 	at android.app.Activity.performCreate(Activity.java:5231)
E/AndroidRuntime(19742): 	at android.app.Instrumentation.callActivityOnCreate(Instrumentation.java:1104)
E/AndroidRuntime(19742): 	at android.app.ActivityThread.performLaunchActivity(ActivityThread.java:2157)
E/AndroidRuntime(19742): 	... 11 more
W/ActivityManager(  485): Force-killing crashed app com.mcu.iVMS at watcher's request
W/ContextImpl(  485): Calling a method in the system process without a qualified user: android.app.ContextImpl.sendBroadcast:1123 com.android.server.am.ActivityManagerService.handleApplicationCrashInner:9670 com.android.server.am.ActivityManagerService.handleApplicationCrash:9644 android.app.ActivityManagerNative.onTransact:1311 com.android.server.am.ActivityManagerService.onTransact:2071 
W/NetworkManagementSocketTagger(  485): setKernelCountSet(10190, 0) failed with errno -13
I/ActivityManager(  485): Process com.mcu.iVMS (pid 19742) has died.
I/WindowState(  485): WIN DEATH: Window{4aa315fc u0 com.mcu.iVMS/com.mcu.iVMS.ui.control.loading.LoadingActivity}
I/ActivityManager(  485): Start proc com.mcu.iVMS for activity com.mcu.iVMS/.ui.control.main.RootActivity: pid=19784 uid=10190 gids={50190, 3003, 1028, 1015, 1023}
I/dalvikvm(19784): ignoring registerObject request in thread=1
W/NetworkManagementSocketTagger(  485): setKernelCountSet(10190, 1) failed with errno -13
I/dalvikvm(19784): ignoring registerObject request in thread=1
D/dalvikvm(19784): Trying to load lib /data/app-lib/com.mcu.iVMS-1/libgnustl_shared.so 0x94f23de0
D/dalvikvm(19784): Added shared lib /data/app-lib/com.mcu.iVMS-1/libgnustl_shared.so 0x94f23de0
D/dalvikvm(19784): No JNI_OnLoad found in /data/app-lib/com.mcu.iVMS-1/libgnustl_shared.so 0x94f23de0, skipping init
D/dalvikvm(19784): Trying to load lib /data/app-lib/com.mcu.iVMS-1/libssl.so 0x94f23de0
D/dalvikvm(19784): Added shared lib /data/app-lib/com.mcu.iVMS-1/libssl.so 0x94f23de0
D/dalvikvm(19784): No JNI_OnLoad found in /data/app-lib/com.mcu.iVMS-1/libssl.so 0x94f23de0, skipping init
D/dalvikvm(19784): Trying to load lib /data/app-lib/com.mcu.iVMS-1/libHCCore.so 0x94f23de0
D/dalvikvm(19784): Trying to load lib /data/app-lib/com.mcu.iVMS-1/libssl.so 0x94f23de0
D/dalvikvm(19784): Shared lib '/data/app-lib/com.mcu.iVMS-1/libssl.so' already loaded in same CL 0x94f23de0
D/dalvikvm(19784): Added shared lib /data/app-lib/com.mcu.iVMS-1/libHCCore.so 0x94f23de0
D/dalvikvm(19784): No JNI_OnLoad found in /data/app-lib/com.mcu.iVMS-1/libHCCore.so 0x94f23de0, skipping init
D/dalvikvm(19784): Trying to load lib /data/app-lib/com.mcu.iVMS-1/libHCCoreDevCfg.so 0x94f23de0
D/dalvikvm(19784): Trying to load lib /data/app-lib/com.mcu.iVMS-1/libHCCore.so 0x94f23de0
D/dalvikvm(19784): Shared lib '/data/app-lib/com.mcu.iVMS-1/libHCCore.so' already loaded in same CL 0x94f23de0
D/dalvikvm(19784): Added shared lib /data/app-lib/com.mcu.iVMS-1/libHCCoreDevCfg.so 0x94f23de0
D/dalvikvm(19784): No JNI_OnLoad found in /data/app-lib/com.mcu.iVMS-1/libHCCoreDevCfg.so 0x94f23de0, skipping init
D/dalvikvm(19784): Trying to load lib /data/app-lib/com.mcu.iVMS-1/libHCPreview.so 0x94f23de0
D/dalvikvm(19784): Trying to load lib /data/app-lib/com.mcu.iVMS-1/libHCCore.so 0x94f23de0
D/dalvikvm(19784): Shared lib '/data/app-lib/com.mcu.iVMS-1/libHCCore.so' already loaded in same CL 0x94f23de0
D/dalvikvm(19784): Trying to load lib /data/app-lib/com.mcu.iVMS-1/libHCCoreDevCfg.so 0x94f23de0
D/dalvikvm(19784): Shared lib '/data/app-lib/com.mcu.iVMS-1/libHCCoreDevCfg.so' already loaded in same CL 0x94f23de0
D/dalvikvm(19784): Added shared lib /data/app-lib/com.mcu.iVMS-1/libHCPreview.so 0x94f23de0
D/dalvikvm(19784): No JNI_OnLoad found in /data/app-lib/com.mcu.iVMS-1/libHCPreview.so 0x94f23de0, skipping init
D/dalvikvm(19784): Trying to load lib /data/app-lib/com.mcu.iVMS-1/libHCPlayBack.so 0x94f23de0
D/dalvikvm(19784): Trying to load lib /data/app-lib/com.mcu.iVMS-1/libHCCore.so 0x94f23de0
D/dalvikvm(19784): Shared lib '/data/app-lib/com.mcu.iVMS-1/libHCCore.so' already loaded in same CL 0x94f23de0
D/dalvikvm(19784): Trying to load lib /data/app-lib/com.mcu.iVMS-1/libHCCoreDevCfg.so 0x94f23de0
D/dalvikvm(19784): Shared lib '/data/app-lib/com.mcu.iVMS-1/libHCCoreDevCfg.so' already loaded in same CL 0x94f23de0
D/dalvikvm(19784): Added shared lib /data/app-lib/com.mcu.iVMS-1/libHCPlayBack.so 0x94f23de0
D/dalvikvm(19784): No JNI_OnLoad found in /data/app-lib/com.mcu.iVMS-1/libHCPlayBack.so 0x94f23de0, skipping init
D/dalvikvm(19784): Trying to load lib /data/app-lib/com.mcu.iVMS-1/libHCGeneralCfgMgr.so 0x94f23de0
D/dalvikvm(19784): Trying to load lib /data/app-lib/com.mcu.iVMS-1/libHCCore.so 0x94f23de0
D/dalvikvm(19784): Shared lib '/data/app-lib/com.mcu.iVMS-1/libHCCore.so' already loaded in same CL 0x94f23de0
D/dalvikvm(19784): Trying to load lib /data/app-lib/com.mcu.iVMS-1/libHCCoreDevCfg.so 0x94f23de0
D/dalvikvm(19784): Shared lib '/data/app-lib/com.mcu.iVMS-1/libHCCoreDevCfg.so' already loaded in same CL 0x94f23de0
D/dalvikvm(19784): Added shared lib /data/app-lib/com.mcu.iVMS-1/libHCGeneralCfgMgr.so 0x94f23de0
D/dalvikvm(19784): No JNI_OnLoad found in /data/app-lib/com.mcu.iVMS-1/libHCGeneralCfgMgr.so 0x94f23de0, skipping init
D/dalvikvm(19784): Trying to load lib /data/app-lib/com.mcu.iVMS-1/libHCVoiceTalk.so 0x94f23de0
D/dalvikvm(19784): Trying to load lib /data/app-lib/com.mcu.iVMS-1/libHCCore.so 0x94f23de0
D/dalvikvm(19784): Shared lib '/data/app-lib/com.mcu.iVMS-1/libHCCore.so' already loaded in same CL 0x94f23de0
D/dalvikvm(19784): Trying to load lib /data/app-lib/com.mcu.iVMS-1/libHCCoreDevCfg.so 0x94f23de0
D/dalvikvm(19784): Shared lib '/data/app-lib/com.mcu.iVMS-1/libHCCoreDevCfg.so' already loaded in same CL 0x94f23de0
D/dalvikvm(19784): Added shared lib /data/app-lib/com.mcu.iVMS-1/libHCVoiceTalk.so 0x94f23de0
D/dalvikvm(19784): No JNI_OnLoad found in /data/app-lib/com.mcu.iVMS-1/libHCVoiceTalk.so 0x94f23de0, skipping init
D/dalvikvm(19784): Trying to load lib /data/app-lib/com.mcu.iVMS-1/libHCIndustry.so 0x94f23de0
D/dalvikvm(19784): Trying to load lib /data/app-lib/com.mcu.iVMS-1/libHCCore.so 0x94f23de0
D/dalvikvm(19784): Shared lib '/data/app-lib/com.mcu.iVMS-1/libHCCore.so' already loaded in same CL 0x94f23de0
D/dalvikvm(19784): Trying to load lib /data/app-lib/com.mcu.iVMS-1/libHCCoreDevCfg.so 0x94f23de0
D/dalvikvm(19784): Shared lib '/data/app-lib/com.mcu.iVMS-1/libHCCoreDevCfg.so' already loaded in same CL 0x94f23de0
D/dalvikvm(19784): Added shared lib /data/app-lib/com.mcu.iVMS-1/libHCIndustry.so 0x94f23de0
D/dalvikvm(19784): No JNI_OnLoad found in /data/app-lib/com.mcu.iVMS-1/libHCIndustry.so 0x94f23de0, skipping init
D/dalvikvm(19784): Trying to load lib /data/app-lib/com.mcu.iVMS-1/libHCDisplay.so 0x94f23de0
D/dalvikvm(19784): Trying to load lib /data/app-lib/com.mcu.iVMS-1/libHCCore.so 0x94f23de0
D/dalvikvm(19784): Shared lib '/data/app-lib/com.mcu.iVMS-1/libHCCore.so' already loaded in same CL 0x94f23de0
D/dalvikvm(19784): Trying to load lib /data/app-lib/com.mcu.iVMS-1/libHCCoreDevCfg.so 0x94f23de0
D/dalvikvm(19784): Shared lib '/data/app-lib/com.mcu.iVMS-1/libHCCoreDevCfg.so' already loaded in same CL 0x94f23de0
D/dalvikvm(19784): Added shared lib /data/app-lib/com.mcu.iVMS-1/libHCDisplay.so 0x94f23de0
D/dalvikvm(19784): No JNI_OnLoad found in /data/app-lib/com.mcu.iVMS-1/libHCDisplay.so 0x94f23de0, skipping init
D/dalvikvm(19784): Trying to load lib /data/app-lib/com.mcu.iVMS-1/libHCAlarm.so 0x94f23de0
D/dalvikvm(19784): Trying to load lib /data/app-lib/com.mcu.iVMS-1/libHCCore.so 0x94f23de0
D/dalvikvm(19784): Shared lib '/data/app-lib/com.mcu.iVMS-1/libHCCore.so' already loaded in same CL 0x94f23de0
D/dalvikvm(19784): Trying to load lib /data/app-lib/com.mcu.iVMS-1/libHCCoreDevCfg.so 0x94f23de0
D/dalvikvm(19784): Shared lib '/data/app-lib/com.mcu.iVMS-1/libHCCoreDevCfg.so' already loaded in same CL 0x94f23de0
D/dalvikvm(19784): Added shared lib /data/app-lib/com.mcu.iVMS-1/libHCAlarm.so 0x94f23de0
D/dalvikvm(19784): No JNI_OnLoad found in /data/app-lib/com.mcu.iVMS-1/libHCAlarm.so 0x94f23de0, skipping init
D/dalvikvm(19784): Trying to load lib /data/app-lib/com.mcu.iVMS-1/libhcnetsdk.so 0x94f23de0
D/dalvikvm(19784): Trying to load lib /data/app-lib/com.mcu.iVMS-1/libHCCore.so 0x94f23de0
D/dalvikvm(19784): Shared lib '/data/app-lib/com.mcu.iVMS-1/libHCCore.so' already loaded in same CL 0x94f23de0
D/dalvikvm(19784): Added shared lib /data/app-lib/com.mcu.iVMS-1/libhcnetsdk.so 0x94f23de0
D/dalvikvm(19784): No JNI_OnLoad found in /data/app-lib/com.mcu.iVMS-1/libhcnetsdk.so 0x94f23de0, skipping init
W/DebugConnManager(19784): getNetworkInfo() on networkType 1
D/dalvikvm(19784): Trying to load lib /data/app-lib/com.mcu.iVMS-1/libgnustl_shared.so 0x94f23de0
D/dalvikvm(19784): Shared lib '/data/app-lib/com.mcu.iVMS-1/libgnustl_shared.so' already loaded in same CL 0x94f23de0
D/dalvikvm(19784): Trying to load lib /data/app-lib/com.mcu.iVMS-1/libhpr.so 0x94f23de0
D/dalvikvm(19784): Added shared lib /data/app-lib/com.mcu.iVMS-1/libhpr.so 0x94f23de0
D/dalvikvm(19784): No JNI_OnLoad found in /data/app-lib/com.mcu.iVMS-1/libhpr.so 0x94f23de0, skipping init
D/dalvikvm(19784): Trying to load lib /data/app-lib/com.mcu.iVMS-1/libudt.so 0x94f23de0
D/dalvikvm(19784): Trying to load lib /data/app-lib/com.mcu.iVMS-1/libgnustl_shared.so 0x94f23de0
D/dalvikvm(19784): Shared lib '/data/app-lib/com.mcu.iVMS-1/libgnustl_shared.so' already loaded in same CL 0x94f23de0
D/dalvikvm(19784): Added shared lib /data/app-lib/com.mcu.iVMS-1/libudt.so 0x94f23de0
D/dalvikvm(19784): No JNI_OnLoad found in /data/app-lib/com.mcu.iVMS-1/libudt.so 0x94f23de0, skipping init
D/dalvikvm(19784): Trying to load lib /data/app-lib/com.mcu.iVMS-1/libopensslwrap.so 0x94f23de0
D/dalvikvm(19784): Trying to load lib /data/app-lib/com.mcu.iVMS-1/libgnustl_shared.so 0x94f23de0
D/dalvikvm(19784): Shared lib '/data/app-lib/com.mcu.iVMS-1/libgnustl_shared.so' already loaded in same CL 0x94f23de0
D/dalvikvm(19784): Trying to load lib /data/app-lib/com.mcu.iVMS-1/libhpr.so 0x94f23de0
D/dalvikvm(19784): Shared lib '/data/app-lib/com.mcu.iVMS-1/libhpr.so' already loaded in same CL 0x94f23de0
D/dalvikvm(19784): Added shared lib /data/app-lib/com.mcu.iVMS-1/libopensslwrap.so 0x94f23de0
D/dalvikvm(19784): No JNI_OnLoad found in /data/app-lib/com.mcu.iVMS-1/libopensslwrap.so 0x94f23de0, skipping init
D/dalvikvm(19784): Trying to load lib /data/app-lib/com.mcu.iVMS-1/libCASClientSDK.so 0x94f23de0
D/dalvikvm(19784): Trying to load lib /data/app-lib/com.mcu.iVMS-1/libudt.so 0x94f23de0
D/dalvikvm(19784): Shared lib '/data/app-lib/com.mcu.iVMS-1/libudt.so' already loaded in same CL 0x94f23de0
D/dalvikvm(19784): Trying to load lib /data/app-lib/com.mcu.iVMS-1/libopensslwrap.so 0x94f23de0
D/dalvikvm(19784): Shared lib '/data/app-lib/com.mcu.iVMS-1/libopensslwrap.so' already loaded in same CL 0x94f23de0
D/dalvikvm(19784): Trying to load lib /data/app-lib/com.mcu.iVMS-1/libgnustl_shared.so 0x94f23de0
D/dalvikvm(19784): Shared lib '/data/app-lib/com.mcu.iVMS-1/libgnustl_shared.so' already loaded in same CL 0x94f23de0
D/dalvikvm(19784): Trying to load lib /data/app-lib/com.mcu.iVMS-1/libhpr.so 0x94f23de0
D/dalvikvm(19784): Shared lib '/data/app-lib/com.mcu.iVMS-1/libhpr.so' already loaded in same CL 0x94f23de0
D/dalvikvm(19784): Added shared lib /data/app-lib/com.mcu.iVMS-1/libCASClientSDK.so 0x94f23de0
D/dalvikvm(19784): Trying to load lib /data/app-lib/com.mcu.iVMS-1/libgnustl_shared.so 0x94f23de0
D/dalvikvm(19784): Shared lib '/data/app-lib/com.mcu.iVMS-1/libgnustl_shared.so' already loaded in same CL 0x94f23de0
D/dalvikvm(19784): Trying to load lib /data/app-lib/com.mcu.iVMS-1/libRtspClientSDK.so 0x94f23de0
D/dalvikvm(19784): Trying to load lib /data/app-lib/com.mcu.iVMS-1/libgnustl_shared.so 0x94f23de0
D/dalvikvm(19784): Shared lib '/data/app-lib/com.mcu.iVMS-1/libgnustl_shared.so' already loaded in same CL 0x94f23de0
D/dalvikvm(19784): Added shared lib /data/app-lib/com.mcu.iVMS-1/libRtspClientSDK.so 0x94f23de0
D/dalvikvm(  485): GC_EXPLICIT freed 1329K, 26% free 19257K/25680K, paused 1ms+3ms, total 25ms
I/CASClientSDK(19784): opensslwrap dll init success. initCount:1
I/CASClientSDK(19784): libCASClient dll init success. initCount:1
I/CASClientSDK(19784): Java_com_hik_CASClient_initLib->init lib success
I/RtspClientSDK(19784): Java_com_hik_RtspClient_initLib->init lib success
I/dalvikvm(19784): Could not find method com.google.android.gms.ads.identifier.AdvertisingIdClient.getAdvertisingIdInfo, referenced from method com.flurry.sdk.jl.e
W/dalvikvm(19784): VFY: unable to resolve static method 14021: Lcom/google/android/gms/ads/identifier/AdvertisingIdClient;.getAdvertisingIdInfo (Landroid/content/Context;)Lcom/google/android/gms/ads/identifier/AdvertisingIdClient$Info;
D/dalvikvm(19784): VFY: replacing opcode 0x71 at 0x0006
D/dalvikvm(19784): JIT code cache reset in 0 ms (0 bytes 1/0)
D/dalvikvm(19784): GC_CONCURRENT freed 257K, 10% free 2950K/3256K, paused 5ms+2ms, total 15ms
W/dalvikvm(19784): VFY: unable to find class referenced in signature (Lokhttp3/Request;)
W/dalvikvm(19784): VFY: unable to find class referenced in signature (Lokhttp3/Response;)
I/dalvikvm(19784): Could not find method okhttp3.Response.headers, referenced from method empirical.HelperClass.printOkHttpInfo
W/dalvikvm(19784): VFY: unable to resolve virtual method 29167: Lokhttp3/Response;.headers ()Lokhttp3/Headers;
D/dalvikvm(19784): VFY: replacing opcode 0x6e at 0x0006
W/dalvikvm(19784): VFY: unable to find class referenced in signature (Lokhttp3/Call;)
W/dalvikvm(19784): VFY: unable to find class referenced in signature (Lokhttp3/Response;)
I/dalvikvm(19784): Could not find method okhttp3.Call.request, referenced from method empirical.HelperClass.printOkHttpInfoFromCall
W/dalvikvm(19784): VFY: unable to resolve interface method 29161: Lokhttp3/Call;.request ()Lokhttp3/Request;
D/dalvikvm(19784): VFY: replacing opcode 0x72 at 0x0006
I/System.out(19784): body:<com.flurry.sdk.ku: void i()>	sig:specialinvoke $r6.<java.net.URL: void <init>(java.lang.String)>($r1)	timediff:0
I/System.out(19784): <com.flurry.sdk.ku: void i()>###specialinvoke $r6.<java.net.URL: void <init>(java.lang.String)>($r1)###https://data.flurry.com/aap.do
D/dalvikvm(19784): GC_CONCURRENT freed 282K, 10% free 3145K/3484K, paused 3ms+2ms, total 8ms
D/dalvikvm(19784): WAIT_FOR_CONCURRENT_GC blocked 5ms
I/dalvikvm-heap(19784): Grow heap (frag case) to 4.555MB for 1495272-byte allocation
D/dalvikvm(19784): GC_FOR_ALLOC freed 41K, 8% free 4565K/4948K, paused 3ms, total 4ms
D/dalvikvm(19784): GC_CONCURRENT freed <1K, 8% free 4565K/4948K, paused 3ms+1ms, total 6ms
I/System.out(19784): body:<com.flurry.sdk.ku: void i()>	sig:$r7 = virtualinvoke $r6.<java.net.URL: java.net.URLConnection openConnection()>()	timediff:49
I/System.out(19784): body:<com.flurry.sdk.ku: void i()>	sig:virtualinvoke $r4.<java.net.HttpURLConnection: void setConnectTimeout(int)>($i0)	timediff:0
I/System.out(19784): body:<com.flurry.sdk.ku: void i()>	sig:virtualinvoke $r4.<java.net.HttpURLConnection: void setReadTimeout(int)>($i0)	timediff:0
I/System.out(19784): body:<com.flurry.sdk.ku: void i()>	sig:virtualinvoke $r4.<java.net.HttpURLConnection: void setRequestMethod(java.lang.String)>($r1)	timediff:0
I/System.out(19784): body:<com.flurry.sdk.ku: void i()>	sig:virtualinvoke $r4.<java.net.HttpURLConnection: void setInstanceFollowRedirects(boolean)>($z0)	timediff:0
I/System.out(19784): body:<com.flurry.sdk.ku: void i()>	sig:virtualinvoke $r4.<java.net.HttpURLConnection: void setDoOutput(boolean)>($z0)	timediff:0
I/System.out(19784): body:<com.flurry.sdk.ku: void i()>	sig:virtualinvoke $r4.<java.net.HttpURLConnection: void setDoInput(boolean)>(1)	timediff:0
I/System.out(19784): body:<com.flurry.sdk.ku: void i()>	sig:virtualinvoke $r4.<java.net.HttpURLConnection: void addRequestProperty(java.lang.String,java.lang.String)>($r1, $r13)	timediff:0
D/dalvikvm(19784): GC_FOR_ALLOC freed 40K, 7% free 4683K/5004K, paused 5ms, total 5ms
I/dalvikvm-heap(19784): Grow heap (frag case) to 5.236MB for 635808-byte allocation
D/dalvikvm(19784): GC_FOR_ALLOC freed 1K, 6% free 5302K/5628K, paused 2ms, total 2ms
D/dalvikvm(19784): GC_CONCURRENT freed 29K, 5% free 5359K/5628K, paused 2ms+0ms, total 7ms
D/dalvikvm(19784): Trying to load lib /data/app-lib/com.mcu.iVMS-1/libMobileUtility.so 0x94f23de0
D/dalvikvm(19784): Added shared lib /data/app-lib/com.mcu.iVMS-1/libMobileUtility.so 0x94f23de0
I/MobileUtility_JNI(19784): MobileUtility JNI_OnLoad succ
D/AndroidRuntime(19784): Shutting down VM
W/dalvikvm(19784): threadid=1: thread exiting with uncaught exception (group=0x94c64b20)
W/System.err(19784): java.lang.RuntimeException: Unable to start activity ComponentInfo{com.mcu.iVMS/com.mcu.iVMS.ui.control.main.RootActivity}: java.lang.ArrayIndexOutOfBoundsException: length=10; index=10
W/System.err(19784): 	at android.app.ActivityThread.performLaunchActivity(ActivityThread.java:2193)
W/System.err(19784): 	at android.app.ActivityThread.handleLaunchActivity(ActivityThread.java:2243)
W/System.err(19784): 	at android.app.ActivityThread.access$800(ActivityThread.java:135)
W/System.err(19784): 	at android.app.ActivityThread$H.handleMessage(ActivityThread.java:1196)
W/System.err(19784): 	at android.os.Handler.dispatchMessage(Handler.java:102)
W/System.err(19784): 	at android.os.Looper.loop(Looper.java:136)
W/System.err(19784): 	at android.app.ActivityThread.main(ActivityThread.java:5019)
W/System.err(19784): 	at java.lang.reflect.Method.invokeNative(Native Method)
W/System.err(19784): 	at java.lang.reflect.Method.invoke(Method.java:515)
W/System.err(19784): 	at com.android.internal.os.ZygoteInit$MethodAndArgsCaller.run(ZygoteInit.java:779)
W/System.err(19784): 	at com.android.internal.os.ZygoteInit.main(ZygoteInit.java:595)
W/System.err(19784): 	at dalvik.system.NativeStart.main(Native Method)
W/System.err(19784): Caused by: java.lang.ArrayIndexOutOfBoundsException: length=10; index=10
W/System.err(19784): 	at com.mcu.iVMS.a.k.a(dalvik_source_com.mcu.iVMS.apk)
W/System.err(19784): 	at com.mcu.iVMS.ui.control.main.d.<init>(dalvik_source_com.mcu.iVMS.apk)
W/System.err(19784): 	at com.mcu.iVMS.ui.control.main.RootActivity.onCreate(dalvik_source_com.mcu.iVMS.apk)
W/System.err(19784): 	at android.app.Activity.performCreate(Activity.java:5231)
W/System.err(19784): 	at android.app.Instrumentation.callActivityOnCreate(Instrumentation.java:1104)
W/System.err(19784): 	at android.app.ActivityThread.performLaunchActivity(ActivityThread.java:2157)
W/System.err(19784): 	... 11 more
E/AndroidRuntime(19784): FATAL EXCEPTION: main
E/AndroidRuntime(19784): Process: com.mcu.iVMS, PID: 19784
E/AndroidRuntime(19784): java.lang.RuntimeException: Unable to start activity ComponentInfo{com.mcu.iVMS/com.mcu.iVMS.ui.control.main.RootActivity}: java.lang.ArrayIndexOutOfBoundsException: length=10; index=10
E/AndroidRuntime(19784): 	at android.app.ActivityThread.performLaunchActivity(ActivityThread.java:2193)
E/AndroidRuntime(19784): 	at android.app.ActivityThread.handleLaunchActivity(ActivityThread.java:2243)
E/AndroidRuntime(19784): 	at android.app.ActivityThread.access$800(ActivityThread.java:135)
E/AndroidRuntime(19784): 	at android.app.ActivityThread$H.handleMessage(ActivityThread.java:1196)
E/AndroidRuntime(19784): 	at android.os.Handler.dispatchMessage(Handler.java:102)
E/AndroidRuntime(19784): 	at android.os.Looper.loop(Looper.java:136)
E/AndroidRuntime(19784): 	at android.app.ActivityThread.main(ActivityThread.java:5019)
E/AndroidRuntime(19784): 	at java.lang.reflect.Method.invokeNative(Native Method)
E/AndroidRuntime(19784): 	at java.lang.reflect.Method.invoke(Method.java:515)
