E/dalvikvm(26421): Could not find class 'com.ut.mini.internal.UTOriginalCustomHitBuilder', referenced from method com.taobao.accs.utl.UTMini.commitEvent
W/dalvikvm(26421): VFY: unable to resolve new-instance 7174 (Lcom/ut/mini/internal/UTOriginalCustomHitBuilder;) in Lcom/taobao/accs/utl/UTMini;
D/dalvikvm(26421): VFY: replacing opcode 0x22 at 0x0000
I/dalvikvm(26421): Could not find method com.ut.mini.UTAnalytics.getInstance, referenced from method com.taobao.accs.utl.UTMini.start
W/dalvikvm(26421): VFY: unable to resolve static method 47721: Lcom/ut/mini/UTAnalytics;.getInstance ()Lcom/ut/mini/UTAnalytics;
D/dalvikvm(26421): VFY: replacing opcode 0x71 at 0x0000
D/dalvikvm(26421): DexOpt: unable to opt direct call 0xba6e at 0x14 in Lcom/taobao/accs/utl/UTMini;.commitEvent
D/dalvikvm(26421): DexOpt: unable to opt direct call 0xba6e at 0x19 in Lcom/taobao/accs/utl/UTMini;.commitEvent
D/dalvikvm(26421): DexOpt: unable to opt direct call 0xba6e at 0x1e in Lcom/taobao/accs/utl/UTMini;.commitEvent
D/dalvikvm(26421): DexOpt: unable to opt direct call 0xba6e at 0x1e in Lcom/taobao/accs/utl/UTMini;.commitEvent
I/dalvikvm(26421): Failed resolving Lcom/taobao/accs/utl/i; interface 7167 'Lcom/ut/mini/IUTApplication;'
W/dalvikvm(26421): Link of class 'Lcom/taobao/accs/utl/i;' failed
D/dalvikvm(26421): DexOpt: unable to opt direct call 0xaa41 at 0x06 in Lcom/taobao/accs/utl/UTMini;.start
I/System.out(26421): body:<com.taobao.accs.data.Message: void a(android.content.Context,com.taobao.accs.data.Message,com.taobao.accs.ACCSManager$AccsRequest)>	sig:specialinvoke $r3.<java.net.URL: void <init>(java.lang.String)>($r4)	timediff:0
I/System.out(26421): <com.taobao.accs.data.Message: void a(android.content.Context,com.taobao.accs.data.Message,com.taobao.accs.ACCSManager$AccsRequest)>###specialinvoke $r3.<java.net.URL: void <init>(java.lang.String)>($r4)###https://umengacs.m.taobao.com
I/System.out(26421): body:<com.taobao.accs.data.Message: com.taobao.accs.data.Message buildRequest(android.content.Context,java.lang.String,java.lang.String,com.taobao.accs.ACCSManager$AccsRequest,boolean)>	sig:$r12 = virtualinvoke $r14.<java.net.URL: java.lang.String toString()>()	timediff:0
I/System.out(26421): body:<com.taobao.accs.net.j: void run()>	sig:$r6 = virtualinvoke $r7.<java.net.URL: java.lang.String toString()>()	timediff:1
I/System.out(26421): body:<com.taobao.accs.net.j: void run()>	sig:$r17 = virtualinvoke $r7.<java.net.URL: java.lang.String toString()>()	timediff:0
I/ActivityManager(  346): START u0 {act=android.intent.action.MAIN cat=[android.intent.category.LAUNCHER] flg=0x10200000 cmp=com.xvideostudio.videoeditor/.activity.SplashActivity} from pid 26411
I/ActivityManager(  346): Start proc com.xvideostudio.videoeditor:channel for service com.xvideostudio.videoeditor/com.taobao.accs.ChannelService: pid=26493 uid=10072 gids={50072, 1028, 1015, 1023, 3003}
I/dalvikvm(26493): ignoring registerObject request in thread=1
I/dalvikvm(26493): ignoring registerObject request in thread=1
I/MultiDex(26493): VM with version 1.6.0 does not have multidex support
I/MultiDex(26493): install
I/MultiDex(26493): MultiDexExtractor.load(/data/app/com.xvideostudio.videoeditor-2.apk, false)
I/MultiDex(26493): loading existing secondary dex files
I/MultiDex(26493): load found 1 secondary dex files
I/MultiDex(26493): install done
D/dalvikvm(26493): JIT code cache reset in 0 ms (0 bytes 1/0)
D/dalvikvm(26493): GC_CONCURRENT freed 262K, 10% free 3017K/3340K, paused 2ms+5ms, total 10ms
W/dalvikvm(26493): VFY: unable to find class referenced in signature (Lokhttp3/Request;)
W/dalvikvm(26493): VFY: unable to find class referenced in signature (Lokhttp3/Response;)
I/dalvikvm(26493): Could not find method okhttp3.Response.headers, referenced from method empirical.HelperClass.printOkHttpInfo
W/dalvikvm(26493): VFY: unable to resolve virtual method 61668: Lokhttp3/Response;.headers ()Lokhttp3/Headers;
D/dalvikvm(26493): VFY: replacing opcode 0x6e at 0x0006
W/dalvikvm(26493): VFY: unable to find class referenced in signature (Lokhttp3/Call;)
W/dalvikvm(26493): VFY: unable to find class referenced in signature (Lokhttp3/Response;)
I/dalvikvm(26493): Could not find method okhttp3.Call.request, referenced from method empirical.HelperClass.printOkHttpInfoFromCall
W/dalvikvm(26493): VFY: unable to resolve interface method 61662: Lokhttp3/Call;.request ()Lokhttp3/Request;
D/dalvikvm(26493): VFY: replacing opcode 0x72 at 0x0006
I/System.out(26493): body:<com.facebook.GraphRequest: java.net.HttpURLConnection toHttpConnection(com.facebook.GraphRequestBatch)>	sig:specialinvoke $r2.<java.net.URL: void <init>(java.lang.String)>($r3)	timediff:0
I/System.out(26493): <com.facebook.GraphRequest: java.net.HttpURLConnection toHttpConnection(com.facebook.GraphRequestBatch)>###specialinvoke $r2.<java.net.URL: void <init>(java.lang.String)>($r3)###https://graph.facebook.com/v2.5/1695172134048092?fields=supports_implicit_sdk_logging%2Cgdpv4_nux_content%2Cgdpv4_nux_enabled%2Candroid_dialog_configs%2Candroid_sdk_error_categories&format=json&sdk=android
D/dalvikvm(26493): GC_CONCURRENT freed 255K, 10% free 3147K/3468K, paused 2ms+0ms, total 4ms
I/System.out(26493): body:<com.facebook.GraphRequest: java.net.HttpURLConnection createConnection(java.net.URL)>	sig:$r1 = virtualinvoke $r0.<java.net.URL: java.net.URLConnection openConnection()>()	timediff:25
I/System.out(26493): body:<com.facebook.GraphRequest: java.net.HttpURLConnection createConnection(java.net.URL)>	sig:virtualinvoke $r2.<java.net.HttpURLConnection: void setRequestProperty(java.lang.String,java.lang.String)>("User-Agent", $r3)	timediff:0
I/System.out(26493): body:<com.facebook.GraphRequest: java.net.HttpURLConnection createConnection(java.net.URL)>	sig:virtualinvoke $r2.<java.net.HttpURLConnection: void setRequestProperty(java.lang.String,java.lang.String)>("Accept-Language", $r3)	timediff:0
I/System.out(26493): body:<com.facebook.GraphRequest: java.net.HttpURLConnection createConnection(java.net.URL)>	sig:virtualinvoke $r2.<java.net.HttpURLConnection: void setChunkedStreamingMode(int)>(0)	timediff:0
I/System.out(26493): body:<com.facebook.GraphRequest: void serializeToUrlConnection(com.facebook.GraphRequestBatch,java.net.HttpURLConnection)>	sig:virtualinvoke $r1.<java.net.HttpURLConnection: void setRequestMethod(java.lang.String)>($r6)	timediff:0
I/System.out(26493): body:<com.facebook.GraphRequest: void setConnectionContentType(java.net.HttpURLConnection,boolean)>	sig:virtualinvoke $r0.<java.net.HttpURLConnection: void setRequestProperty(java.lang.String,java.lang.String)>("Content-Type", "application/x-www-form-urlencoded")	timediff:0
I/System.out(26493): body:<com.facebook.GraphRequest: void setConnectionContentType(java.net.HttpURLConnection,boolean)>	sig:virtualinvoke $r0.<java.net.HttpURLConnection: void setRequestProperty(java.lang.String,java.lang.String)>("Content-Encoding", "gzip")	timediff:0
I/System.out(26493): body:<com.facebook.GraphRequest: void serializeToUrlConnection(com.facebook.GraphRequestBatch,java.net.HttpURLConnection)>	sig:$r7 = virtualinvoke $r1.<java.net.HttpURLConnection: java.net.URL getURL()>()	timediff:0
I/System.out(26493): body:<com.facebook.GraphRequest: void serializeToUrlConnection(com.facebook.GraphRequestBatch,java.net.HttpURLConnection)>	sig:$r6 = virtualinvoke $r1.<java.net.HttpURLConnection: java.lang.String getRequestMethod()>()	timediff:0
I/System.out(26493): body:<com.facebook.GraphRequest: void serializeToUrlConnection(com.facebook.GraphRequestBatch,java.net.HttpURLConnection)>	sig:$r6 = virtualinvoke $r1.<java.net.HttpURLConnection: java.lang.String getRequestProperty(java.lang.String)>("User-Agent")	timediff:0
I/System.out(26493): body:<com.facebook.GraphRequest: void serializeToUrlConnection(com.facebook.GraphRequestBatch,java.net.HttpURLConnection)>	sig:$r6 = virtualinvoke $r1.<java.net.HttpURLConnection: java.lang.String getRequestProperty(java.lang.String)>("Content-Type")	timediff:0
I/System.out(26493): body:<com.facebook.GraphRequest: void serializeToUrlConnection(com.facebook.GraphRequestBatch,java.net.HttpURLConnection)>	sig:virtualinvoke $r1.<java.net.HttpURLConnection: void setConnectTimeout(int)>($i2)	timediff:0
I/System.out(26493): body:<com.facebook.GraphRequest: void serializeToUrlConnection(com.facebook.GraphRequestBatch,java.net.HttpURLConnection)>	sig:virtualinvoke $r1.<java.net.HttpURLConnection: void setReadTimeout(int)>($i2)	timediff:0
I/ActivityManager(  346): START u0 {act=android.intent.action.CALL_BUTTON flg=0x10000000} from pid 26421
W/PhoneFallbackEventHandler(26421): No activity found for android.intent.action.CALL_BUTTON.
D/dalvikvm(26493): GC_CONCURRENT freed 275K, 10% free 3258K/3596K, paused 2ms+0ms, total 3ms
I/dalvikvm(26493): Could not find method com.alibaba.mtl.appmonitor.AppMonitor$Alarm.commitFail, referenced from method anet.channel.appmonitor.DefaultAppMonitor.commitAlarm
W/dalvikvm(26493): VFY: unable to resolve static method 19925: Lcom/alibaba/mtl/appmonitor/AppMonitor$Alarm;.commitFail (Ljava/lang/String;Ljava/lang/String;Ljava/lang/String;Ljava/lang/String;Ljava/lang/String;)V
D/dalvikvm(26493): VFY: replacing opcode 0x71 at 0x0031
I/dalvikvm(26493): Could not find method com.alibaba.mtl.appmonitor.AppMonitor$Alarm.commitSuccess, referenced from method anet.channel.appmonitor.DefaultAppMonitor.commitAlarm
W/dalvikvm(26493): VFY: unable to resolve static method 19926: Lcom/alibaba/mtl/appmonitor/AppMonitor$Alarm;.commitSuccess (Ljava/lang/String;Ljava/lang/String;Ljava/lang/String;)V
D/dalvikvm(26493): VFY: replacing opcode 0x71 at 0x003f
I/dalvikvm(26493): Failed resolving Lcom/taobao/accs/utl/h$a; interface 6507 'Lcom/taobao/orange/OrangeConfigListenerV1;'
W/dalvikvm(26493): Link of class 'Lcom/taobao/accs/utl/h$a;' failed
E/dalvikvm(26493): Could not find class 'com.taobao.accs.utl.h$a', referenced from method com.taobao.accs.internal.ACCSManagerImpl.bindApp
W/dalvikvm(26493): VFY: unable to resolve new-instance 6488 (Lcom/taobao/accs/utl/h$a;) in Lcom/taobao/accs/internal/ACCSManagerImpl;
D/dalvikvm(26493): VFY: replacing opcode 0x22 at 0x010e
I/dalvikvm(26493): Could not find method com.alibaba.mtl.appmonitor.AppMonitor$Counter.commit, referenced from method anet.channel.appmonitor.DefaultAppMonitor.commitCount
W/dalvikvm(26493): VFY: unable to resolve static method 19927: Lcom/alibaba/mtl/appmonitor/AppMonitor$Counter;.commit (Ljava/lang/String;Ljava/lang/String;Ljava/lang/String;D)V
D/dalvikvm(26493): VFY: replacing opcode 0x71 at 0x0023
I/dalvikvm(26493): Could not find method com.alibaba.mtl.appmonitor.model.DimensionValueSet.create, referenced from method anet.channel.appmonitor.DefaultAppMonitor.commitStat
W/dalvikvm(26493): VFY: unable to resolve static method 19932: Lcom/alibaba/mtl/appmonitor/model/DimensionValueSet;.create ()Lcom/alibaba/mtl/appmonitor/model/DimensionValueSet;
D/dalvikvm(26493): VFY: replacing opcode 0x71 at 0x0021
I/dalvikvm(26493): Could not find method com.alibaba.mtl.appmonitor.model.DimensionSet.create, referenced from method anet.channel.appmonitor.DefaultAppMonitor.register
W/dalvikvm(26493): VFY: unable to resolve static method 19931: Lcom/alibaba/mtl/appmonitor/model/DimensionSet;.create ()Lcom/alibaba/mtl/appmonitor/model/DimensionSet;
D/dalvikvm(26493): VFY: replacing opcode 0x71 at 0x0025
D/dalvikvm(26493): DexOpt: unable to opt direct call 0x4ddf at 0xc4 in Lanet/channel/appmonitor/DefaultAppMonitor;.register
I/dalvikvm(26493): Failed resolving Lcom/taobao/accs/utl/h$a; interface 6507 'Lcom/taobao/orange/OrangeConfigListenerV1;'
W/dalvikvm(26493): Link of class 'Lcom/taobao/accs/utl/h$a;' failed
D/dalvikvm(26493): DexOpt: unable to opt direct call 0xaa30 at 0x112 in Lcom/taobao/accs/internal/ACCSManagerImpl;.bindApp
I/dalvikvm(26493): Could not find method com.alibaba.wireless.security.open.SecurityGuardManager.getInstance, referenced from method com.taobao.accs.utl.UtilityImpl.getAppsign
W/dalvikvm(26493): VFY: unable to resolve static method 19942: Lcom/alibaba/wireless/security/open/SecurityGuardManager;.getInstance (Landroid/content/Context;)Lcom/alibaba/wireless/security/open/SecurityGuardManager;
D/dalvikvm(26493): VFY: replacing opcode 0x71 at 0x0077
D/dalvikvm(26493): DexOpt: unable to opt direct call 0x4de9 at 0x91 in Lcom/taobao/accs/utl/UtilityImpl;.getAppsign
I/dalvikvm(26493): DexOpt: unable to optimize instance field ref 0x20f9 at 0x98 in Lcom/taobao/accs/utl/UtilityImpl;.getAppsign
I/dalvikvm(26493): DexOpt: unable to optimize instance field ref 0x20fa at 0x9c in Lcom/taobao/accs/utl/UtilityImpl;.getAppsign
I/dalvikvm(26493): DexOpt: unable to optimize instance field ref 0x20fb at 0xc1 in Lcom/taobao/accs/utl/UtilityImpl;.getAppsign
I/ActivityManager(  346): START u0 {act=android.intent.action.MAIN cat=[android.intent.category.LAUNCHER] flg=0x10200000 cmp=com.xvideostudio.videoeditor/.activity.SplashActivity} from pid 26411
D/dalvikvm(26493): GC_CONCURRENT freed 414K, 13% free 3276K/3752K, paused 1ms+0ms, total 5ms
D/com.taobao.accs.b.a(26493): start handler init
D/com.taobao.accs.b.a(26493): start SoManager
I/dalvikvm(26493): Could not find method com.taobao.orange.OrangeConfig.getInstance, referenced from method com.taobao.accs.utl.h.a
W/dalvikvm(26493): VFY: unable to resolve static method 43677: Lcom/taobao/orange/OrangeConfig;.getInstance ()Lcom/taobao/orange/OrangeConfig;
D/dalvikvm(26493): VFY: replacing opcode 0x71 at 0x0004
W/dalvikvm(26493): VFY: unable to find class referenced in signature (Lcom/taobao/orange/OrangeConfigListenerV1;)
I/dalvikvm(26493): Could not find method com.taobao.orange.OrangeConfig.getInstance, referenced from method com.taobao.accs.utl.h.a
W/dalvikvm(26493): VFY: unable to resolve static method 43677: Lcom/taobao/orange/OrangeConfig;.getInstance ()Lcom/taobao/orange/OrangeConfig;
D/dalvikvm(26493): VFY: replacing opcode 0x71 at 0x0004
E/dalvikvm(26493): Could not find class 'com.ut.mini.internal.UTOriginalCustomHitBuilder', referenced from method com.taobao.accs.utl.UTMini.commitEvent
W/dalvikvm(26493): VFY: unable to resolve new-instance 7174 (Lcom/ut/mini/internal/UTOriginalCustomHitBuilder;) in Lcom/taobao/accs/utl/UTMini;
D/dalvikvm(26493): VFY: replacing opcode 0x22 at 0x0000
E/dalvikvm(26493): Could not find class 'com.ut.mini.internal.UTOriginalCustomHitBuilder', referenced from method com.taobao.accs.utl.UTMini.commitEvent
W/dalvikvm(26493): VFY: unable to resolve new-instance 7174 (Lcom/ut/mini/internal/UTOriginalCustomHitBuilder;) in Lcom/taobao/accs/utl/UTMini;
D/dalvikvm(26493): VFY: replacing opcode 0x22 at 0x0000
E/dalvikvm(26493): Could not find class 'com.ut.mini.internal.UTOriginalCustomHitBuilder', referenced from method com.taobao.accs.utl.UTMini.commitEvent
W/dalvikvm(26493): VFY: unable to resolve new-instance 7174 (Lcom/ut/mini/internal/UTOriginalCustomHitBuilder;) in Lcom/taobao/accs/utl/UTMini;
D/dalvikvm(26493): VFY: replacing opcode 0x22 at 0x0000
E/dalvikvm(26493): Could not find class 'com.ut.mini.internal.UTOriginalCustomHitBuilder', referenced from method com.taobao.accs.utl.UTMini.commitEvent
W/dalvikvm(26493): VFY: unable to resolve new-instance 7174 (Lcom/ut/mini/internal/UTOriginalCustomHitBuilder;) in Lcom/taobao/accs/utl/UTMini;
D/dalvikvm(26493): VFY: replacing opcode 0x22 at 0x0000
I/dalvikvm(26493): Could not find method com.ut.mini.UTAnalytics.getInstance, referenced from method com.taobao.accs.utl.UTMini.start
W/dalvikvm(26493): VFY: unable to resolve static method 47721: Lcom/ut/mini/UTAnalytics;.getInstance ()Lcom/ut/mini/UTAnalytics;
D/dalvikvm(26493): VFY: replacing opcode 0x71 at 0x0000
D/dalvikvm(26493): DexOpt: unable to opt direct call 0xba6e at 0x14 in Lcom/taobao/accs/utl/UTMini;.commitEvent
D/dalvikvm(26493): DexOpt: unable to opt direct call 0xba6e at 0x19 in Lcom/taobao/accs/utl/UTMini;.commitEvent
D/dalvikvm(26493): DexOpt: unable to opt direct call 0xba6e at 0x1e in Lcom/taobao/accs/utl/UTMini;.commitEvent
W/ActivityManager(  346): Unable to start service Intent { act=org.rome.android.IPP_CALL pkg=com.eg.android.AlipayGphone cmp=com.eg.android.AlipayGphone/org.rome.android.ipp.binder.IppService (has extras) } U=0: not found
D/dalvikvm(26493): DexOpt: unable to opt direct call 0xba6e at 0x1e in Lcom/taobao/accs/utl/UTMini;.commitEvent
W/TAG.    (26493): chmod 500 /data/data/com.xvideostudio.videoeditor/files/DaemonServer
I/dalvikvm(26493): Failed resolving Lcom/taobao/accs/utl/i; interface 7167 'Lcom/ut/mini/IUTApplication;'
W/dalvikvm(26493): Link of class 'Lcom/taobao/accs/utl/i;' failed
D/dalvikvm(26493): DexOpt: unable to opt direct call 0xaa41 at 0x06 in Lcom/taobao/accs/utl/UTMini;.start
D/dalvikvm(26493): GC_CONCURRENT freed 371K, 12% free 3370K/3804K, paused 2ms+2ms, total 8ms
I/System.out(26421): body:<com.taobao.accs.data.b: void a(com.taobao.accs.data.Message,int,com.taobao.accs.data.Message$ReqType,byte[],java.util.Map)>	sig:$r7 = virtualinvoke $r10.<java.net.URL: java.lang.String toString()>()	timediff:0
D/FileCheckUtils(26493): st.getAvailableBlocks()=15937515,st.getAvailableBlocks() * blockSize=65280061440
D/com.umeng.message.UmengMessageCallbackHandlerService(26421): processName=com.xvideostudio.videoeditor
D/com.umeng.message.UmengMessageCallbackHandlerService(26421): enable(): register-->:Au6z2HHpWivL6_BY4wONdzwtpbEhSOjuUGqbNamzRDTP,status:true
D/dalvikvm(26493): Trying to load lib /data/app-lib/com.xvideostudio.videoeditor-2/libtnet-3.1.7.so 0x94fcf148
D/dalvikvm(26493): GC_CONCURRENT freed 382K, 13% free 3397K/3888K, paused 1ms+3ms, total 8ms
W/Settings(26421): Setting android_id has moved from android.provider.Settings.System to android.provider.Settings.Secure, returning read-only value.
W/DebugConnManager(26421): getNetworkInfo() on networkType 1
I/System.out(26493): body:<com.taobao.accs.b.a: java.lang.String f()>	sig:$r2 = staticinvoke <java.net.URLEncoder: java.lang.String encode(java.lang.String,java.lang.String)>($r3, "UTF-8")	timediff:0
W/TAG.    (26493): /data/data/com.xvideostudio.videoeditor/files/DaemonServer -s "/data/data/com.xvideostudio.videoeditor/lib/" -n "runServer" -p "startservice -n com.xvideostudio.videoeditor/com.taobao.accs.ChannelService --user 0" -f "/data/data/com.xvideostudio.videoeditor" -t "600" -c "agoo.pid" -P /data/data/com.xvideostudio.videoeditor -K 1009527 -U tb_accs_eudemon_1.1.3 -L http://agoodm.m.taobao.com/agoo/report -D %7B%22package%22%3A%22com.xvideostudio.videoeditor%22%2C%22appKey%22%3A%22umeng%3A5220512856240b310f00ab4b%22%2C%22utdid%22%3A%22WtERRbvPSaQDAJN2LHVbEFGW%22%2C%22sdkVersion%22%3A%22212%22%7D -I agoodm.m.taobao.com -O 80 -T -Z 
I/System.out(26493): body:<com.facebook.GraphResponse: java.util.List fromHttpConnection(java.net.HttpURLConnection,com.facebook.GraphRequestBatch)>	sig:$i0 = virtualinvoke $r0.<java.net.HttpURLConnection: int getResponseCode()>()	timediff:158
I/System.out(26493): body:<com.facebook.GraphResponse: java.util.List fromHttpConnection(java.net.HttpURLConnection,com.facebook.GraphRequestBatch)>	sig:$r3 = virtualinvoke $r0.<java.net.HttpURLConnection: java.io.InputStream getInputStream()>()	timediff:0
I/System.out(26493): body:<empirical.HelperClass: void printURLInfo(java.lang.String,java.lang.String,java.net.URLConnection)>	sig:$r0 = virtualinvoke urlConnection.<java.net.URLConnection: java.net.URL getURL()>()	timediff:0
I/System.out(26493): body:<empirical.HelperClass: void printURLInfo(java.lang.String,java.lang.String,java.net.URLConnection)>	sig:urlString = virtualinvoke $r0.<java.net.URL: java.lang.String toString()>()	timediff:0
I/System.out(26493): body:<empirical.HelperClass: void printURLInfo(java.lang.String,java.lang.String,java.net.URLConnection)>	sig:isDoOutput = virtualinvoke urlConnection.<java.net.URLConnection: boolean getDoOutput()>()	timediff:0
I/System.out(26493): body:<empirical.HelperClass: java.lang.String getHeaderField(java.net.URLConnection,java.lang.String)>	sig:data = virtualinvoke conn.<java.net.URLConnection: java.lang.String getHeaderField(java.lang.String)>(field)	timediff:0
I/System.out(26493): body:<empirical.HelperClass: java.lang.String getHeaderField(java.net.URLConnection,java.lang.String)>	sig:data = virtualinvoke conn.<java.net.URLConnection: java.lang.String getHeaderField(java.lang.String)>(field)	timediff:0
I/System.out(26493): body:<empirical.HelperClass: java.lang.String getHeaderField(java.net.URLConnection,java.lang.String)>	sig:data = virtualinvoke conn.<java.net.URLConnection: java.lang.String getHeaderField(java.lang.String)>(field)	timediff:0
I/System.out(26493): body:<empirical.HelperClass: java.lang.String getHeaderField(java.net.URLConnection,java.lang.String)>	sig:data = virtualinvoke conn.<java.net.URLConnection: java.lang.String getHeaderField(java.lang.String)>(field)	timediff:0
I/System.out(26493): body:<empirical.HelperClass: java.lang.String getHeaderField(java.net.URLConnection,java.lang.String)>	sig:data = virtualinvoke conn.<java.net.URLConnection: java.lang.String getHeaderField(java.lang.String)>(field)	timediff:0
I/System.out(26493): URLConn;%;0;%;<com.facebook.GraphResponse: java.util.List fromHttpConnection(java.net.HttpURLConnection,com.facebook.GraphRequestBatch)>;%;$r3 = virtualinvoke $r0.<java.net.HttpURLConnection: java.io.InputStream getInputStream()>();%;https://graph.facebook.com/v2.5/1695172134048092?fields=supports_implicit_sdk_logging%2Cgdpv4_nux_content%2Cgdpv4_nux_enabled%2Candroid_dialog_configs%2Candroid_sdk_error_categories&format=json&sdk=android;%;false;%;Not found;%;private, no-cache, no-store, must-revalidate;%;Sat, 01 Jan 2000 00:00:00 GMT;%;Not found;%;Not found
I/System.out(26493): body:<com.facebook.GraphResponse: java.util.List createResponsesFromObject(java.net.HttpURLConnection,java.util.List,java.lang.Object)>	sig:$i2 = virtualinvoke $r0.<java.net.HttpURLConnection: int getResponseCode()>()	timediff:0
I/System.out(26493): body:<com.facebook.internal.Utility: void disconnectQuietly(java.net.URLConnection)>	sig:virtualinvoke $r1.<java.net.HttpURLConnection: void disconnect()>()	timediff:0
I/System.out(26493): body:<com.taobao.accs.b.a: java.lang.String f()>	sig:$r2 = staticinvoke <java.net.URLEncoder: java.lang.String encode(java.lang.String,java.lang.String)>($r3, "UTF-8")	timediff:0
W/Settings(26421): Setting android_id has moved from android.provider.Settings.System to android.provider.Settings.Secure, returning read-only value.
W/DebugConnManager(26421): getNetworkInfo() on networkType 1
I/ActivityManager(  346): START u0 {act=android.intent.action.MAIN cat=[android.intent.category.LAUNCHER] flg=0x10200000 cmp=com.xvideostudio.videoeditor/.activity.SplashActivity} from pid 26411
I/System.out(26421): body:<com.umeng.message.util.HttpRequest: void <init>(java.lang.CharSequence,java.lang.String)>	sig:specialinvoke $r4.<java.net.URL: void <init>(java.lang.String)>($r3)	timediff:0
I/System.out(26421): <com.umeng.message.util.HttpRequest: void <init>(java.lang.CharSequence,java.lang.String)>###specialinvoke $r4.<java.net.URL: void <init>(java.lang.String)>($r3)###https://msg.umengcloud.com/register
I/System.out(26421): body:<com.umeng.message.util.HttpRequest$ConnectionFactory$1: java.net.HttpURLConnection create(java.net.URL)>	sig:$r2 = virtualinvoke $r1.<java.net.URL: java.net.URLConnection openConnection()>()	timediff:0
I/System.out(26421): body:<com.umeng.message.util.HttpRequest: java.net.HttpURLConnection U()>	sig:virtualinvoke $r5.<java.net.HttpURLConnection: void setRequestMethod(java.lang.String)>($r1)	timediff:0
I/System.out(26421): body:<com.umeng.message.util.HttpRequest: com.umeng.message.util.HttpRequest c(java.lang.CharSequence)>	sig:virtualinvoke $r2.<java.net.HttpURLConnection: void setConnectTimeout(int)>($i0)	timediff:0
I/System.out(26421): body:<com.umeng.message.util.HttpRequest: com.umeng.message.util.HttpRequest c(java.lang.CharSequence)>	sig:virtualinvoke $r2.<java.net.HttpURLConnection: void setReadTimeout(int)>($i0)	timediff:0
I/System.out(26421): body:<com.umeng.message.util.HttpRequest: com.umeng.message.util.HttpRequest a(java.lang.String,java.lang.String)>	sig:virtualinvoke $r3.<java.net.HttpURLConnection: void setRequestProperty(java.lang.String,java.lang.String)>($r1, $r2)	timediff:0
I/System.out(26421): body:<com.umeng.message.util.HttpRequest: com.umeng.message.util.HttpRequest a(java.lang.String,java.lang.String)>	sig:virtualinvoke $r3.<java.net.HttpURLConnection: void setRequestProperty(java.lang.String,java.lang.String)>($r1, $r2)	timediff:0
I/System.out(26421): body:<com.umeng.message.util.HttpRequest: com.umeng.message.util.HttpRequest K()>	sig:virtualinvoke $r2.<java.net.HttpURLConnection: void setDoOutput(boolean)>(1)	timediff:0
I/System.out(26421): body:<com.umeng.message.util.HttpRequest: com.umeng.message.util.HttpRequest K()>	sig:$r3 = virtualinvoke $r2.<java.net.HttpURLConnection: java.lang.String getRequestProperty(java.lang.String)>("Content-Type")	timediff:0
D/dalvikvm(26493): Added shared lib /data/app-lib/com.xvideostudio.videoeditor-2/libtnet-3.1.7.so 0x94fcf148
I/tnet-jni(26493): 1 - [setAccsSslCallback] - class com.taobao.accs.net.o
I/WearableService(  643): Wearable Services stopping
I/ActivityManager(  346): START u0 {act=android.intent.action.CALL_BUTTON flg=0x10000000} from pid 26421
W/PhoneFallbackEventHandler(26421): No activity found for android.intent.action.CALL_BUTTON.
I/ActivityManager(  346): START u0 {act=android.intent.action.MAIN cat=[android.intent.category.LAUNCHER] flg=0x10200000 cmp=com.xvideostudio.videoeditor/.activity.SplashActivity} from pid 26411
I/ActivityManager(  346): START u0 {cmp=com.xvideostudio.videoeditor/.activity.MainActivity} from pid 26421
D/dalvikvm(26421): GC_CONCURRENT freed 1079K, 12% free 8826K/9956K, paused 2ms+2ms, total 8ms
D/dalvikvm(26421): GC_FOR_ALLOC freed 1213K, 13% free 9474K/10788K, paused 4ms, total 4ms
D/dalvikvm(26421): GC_FOR_ALLOC freed 1013K, 17% free 9833K/11716K, paused 3ms, total 3ms
D/dalvikvm(26421): GC_CONCURRENT freed 1259K, 11% free 10925K/12244K, paused 0ms+1ms, total 9ms
D/dalvikvm(26421): WAIT_FOR_CONCURRENT_GC blocked 5ms
D/EmulatedCamera_Camera(  175): getCameraInfo , camera orientation: front(0) , back(0)
D/EmulatedCamera_Camera(  175): getCameraInfo , camera orientation: front(0) , back(0)
D/EmulatedCamera_Camera(  175): getCameraInfo , camera orientation: front(0) , back(0)
I/AwesomePlayer(  175): setDataSource_l(URL suppressed)
I/ActivityManager(  346): Killing 1218:com.google.android.gms.unstable/u0a7 (adj 15): kill background
I/ActivityManager(  346): Killing 702:com.google.android.gms/u0a7 (adj 5): kill background
I/ActivityManager(  346): Killing 717:com.google.process.gapps/u0a7 (adj 15): kill background
D/dalvikvm(26421): Trying to load lib /data/app-lib/com.xvideostudio.videoeditor-2/libMobileFXV2.so 0x94fd0708
D/dalvikvm(26421): Added shared lib /data/app-lib/com.xvideostudio.videoeditor-2/libMobileFXV2.so 0x94fd0708
D/dalvikvm(26421): No JNI_OnLoad found in /data/app-lib/com.xvideostudio.videoeditor-2/libMobileFXV2.so 0x94fd0708, skipping init
W/InputDispatcher(  346): channel '4acf40f4 com.android.vending/com.google.android.finsky.activities.MainActivity (server)' ~ Consumer closed input channel or an error occurred.  events=0x9
E/InputDispatcher(  346): channel '4acf40f4 com.android.vending/com.google.android.finsky.activities.MainActivity (server)' ~ Channel is unrecoverably broken and will be disposed!
W/InputDispatcher(  346): Attempted to unregister already unregistered input channel '4acf40f4 com.android.vending/com.google.android.finsky.activities.MainActivity (server)'
I/ActivityManager(  346): Killing 968:com.android.vending/u0a12 (adj 7): kill background
I/ActivityManager(  346): Killing 20322:com.google.android.gsf.login/u0a7 (adj 9): kill background
I/ActivityManager(  346): Killing 880:com.facebook.lite:fbns/u0a33 (adj 9): kill background
I/ActivityManager(  346): Killing 10190:com.facebook.lite/u0a33 (adj 15): kill background
I/ActivityManager(  346): Killing 576:android.process.acore/u0a3 (adj 9): kill background
I/WindowState(  346): WIN DEATH: Window{4acf40f4 u0 com.android.vending/com.google.android.finsky.activities.MainActivity}
I/ActivityManager(  346): Killing 1715:com.svox.pico/u0a28 (adj 9): kill background
I/ActivityManager(  346): Killing 1579:com.android.gallery3d/u0a21 (adj 9): kill background
D/Tinker.DefaultAppLike(  670): onTrimMemory level:5
I/AwesomePlayer(  175): setDataSource_l(URL suppressed)
I/ActivityManager(  346): Killing 1129:com.google.android.partnersetup/u0a9 (adj 9): kill background
I/ActivityManager(  346): Killing 2399:com.android.keychain/1000 (adj 9): kill background
I/ActivityManager(  346): Killing 1688:com.android.defcontainer/u0a4 (adj 9): kill background
E/EGL_emulation(10770): egl: destroying current context refused
I/ActivityManager(  346): Killing 11849:com.android.documentsui/u0a20 (adj 9): kill background
I/ActivityManager(  346): Killing 10824:android.process.media/u0a5 (adj 9): kill background
I/ActivityManager(  346): Killing 10770:com.android.systemui:screenshot/u0a10 (adj 9): kill background
I/ActivityManager(  346): Killing 18313:com.android.contacts/u0a3 (adj 9): kill background
I/ActivityManager(  346): Killing 11871:com.android.externalstorage/u0a6 (adj 9): kill background
I/dalvikvm(26421): Could not find method android.content.pm.PackageManager.getPackageInstaller, referenced from method jjw.a
W/dalvikvm(26421): VFY: unable to resolve virtual method 2504: Landroid/content/pm/PackageManager;.getPackageInstaller ()Landroid/content/pm/PackageInstaller;
D/dalvikvm(26421): VFY: replacing opcode 0x6e at 0x001c
I/dalvikvm(26421): Could not find method android.content.ContextWrapper.createCredentialProtectedStorageContext, referenced from method iwr.createCredentialProtectedStorageContext
W/dalvikvm(26421): VFY: unable to resolve virtual method 2411: Landroid/content/ContextWrapper;.createCredentialProtectedStorageContext ()Landroid/content/Context;
D/dalvikvm(26421): VFY: replacing opcode 0x6f at 0x0002
I/dalvikvm(26421): Could not find method android.content.ContextWrapper.createDeviceProtectedStorageContext, referenced from method iwr.createDeviceProtectedStorageContext
W/dalvikvm(26421): VFY: unable to resolve virtual method 2412: Landroid/content/ContextWrapper;.createDeviceProtectedStorageContext ()Landroid/content/Context;
D/dalvikvm(26421): VFY: replacing opcode 0x6f at 0x0002
I/dalvikvm(26421): Could not find method android.content.ContextWrapper.createCredentialProtectedStorageContext, referenced from method com.google.android.chimera.ModuleContext.createCredentialProtectedStorageContext
W/dalvikvm(26421): VFY: unable to resolve virtual method 2411: Landroid/content/ContextWrapper;.createCredentialProtectedStorageContext ()Landroid/content/Context;
D/dalvikvm(26421): VFY: replacing opcode 0x6f at 0x0002
I/dalvikvm(26421): Could not find method android.content.ContextWrapper.createDeviceProtectedStorageContext, referenced from method com.google.android.chimera.ModuleContext.createDeviceProtectedStorageContext
W/dalvikvm(26421): VFY: unable to resolve virtual method 2412: Landroid/content/ContextWrapper;.createDeviceProtectedStorageContext ()Landroid/content/Context;
D/dalvikvm(26421): VFY: replacing opcode 0x6f at 0x0002
I/dalvikvm(26421): Could not find method android.content.Context.isCredentialProtectedStorage, referenced from method cub.a
W/dalvikvm(26421): VFY: unable to resolve virtual method 2391: Landroid/content/Context;.isCredentialProtectedStorage ()Z
D/dalvikvm(26421): VFY: replacing opcode 0x6e at 0x0000
I/dalvikvm(26421): Could not find method android.os.UserManager.isUserUnlocked, referenced from method cub.a
W/dalvikvm(26421): VFY: unable to resolve virtual method 3028: Landroid/os/UserManager;.isUserUnlocked ()Z
D/dalvikvm(26421): VFY: replacing opcode 0x6e at 0x001a
I/dalvikvm(26421): Could not find method android.content.Context.isDeviceProtectedStorage, referenced from method cub.b
W/dalvikvm(26421): VFY: unable to resolve virtual method 2392: Landroid/content/Context;.isDeviceProtectedStorage ()Z
D/dalvikvm(26421): VFY: replacing opcode 0x6e at 0x0000
I/dalvikvm(26421): Could not find method android.content.Context.isDeviceProtectedStorage, referenced from method cub.c
W/dalvikvm(26421): VFY: unable to resolve virtual method 2392: Landroid/content/Context;.isDeviceProtectedStorage ()Z
D/dalvikvm(26421): VFY: replacing opcode 0x6e at 0x0000
I/dalvikvm(26421): Could not find method android.system.Os.readlink, referenced from method cuq.a
W/dalvikvm(26421): VFY: unable to resolve static method 3047: Landroid/system/Os;.readlink (Ljava/lang/String;)Ljava/lang/String;
D/dalvikvm(26421): VFY: replacing opcode 0x71 at 0x0000
I/dalvikvm(26421): Could not find method android.system.Os.stat, referenced from method cuq.a
W/dalvikvm(26421): VFY: unable to resolve static method 3048: Landroid/system/Os;.stat (Ljava/lang/String;)Landroid/system/StructStat;
D/dalvikvm(26421): VFY: replacing opcode 0x71 at 0x0042
I/dalvikvm(26421): Could not find method android.system.Os.symlink, referenced from method cuq.a
W/dalvikvm(26421): VFY: unable to resolve static method 3049: Landroid/system/Os;.symlink (Ljava/lang/String;Ljava/lang/String;)V
D/dalvikvm(26421): VFY: replacing opcode 0x71 at 0x013b
I/dalvikvm(26421): DexOpt: unable to optimize instance field ref 0x04a1 at 0x46 in Lcuq;.a
I/dalvikvm(26421): DexOpt: unable to optimize static field ref 0x049c at 0x48 in Lcuq;.a
I/dalvikvm(26421): DexOpt: unable to optimize static field ref 0x049a at 0x4a in Lcuq;.a
I/dalvikvm(26421): DexOpt: unable to optimize static field ref 0x049b at 0x4d in Lcuq;.a
I/dalvikvm(26421): DexOpt: unable to optimize static field ref 0x049d at 0x57 in Lcuq;.a
I/dalvikvm(26421): DexOpt: unable to optimize static field ref 0x04a0 at 0x5f in Lcuq;.a
I/dalvikvm(26421): DexOpt: unable to optimize static field ref 0x049e at 0x61 in Lcuq;.a
I/dalvikvm(26421): DexOpt: unable to optimize static field ref 0x049f at 0x64 in Lcuq;.a
I/dalvikvm(26421): DexOpt: unable to optimize static field ref 0x049c at 0x7f in Lcuq;.a
I/dalvikvm(26421): DexOpt: unable to optimize static field ref 0x04a0 at 0x90 in Lcuq;.a
I/dalvikvm(26421): Could not find method android.content.Context.createDeviceProtectedStorageContext, referenced from method jvu.a
W/dalvikvm(26421): VFY: unable to resolve virtual method 2362: Landroid/content/Context;.createDeviceProtectedStorageContext ()Landroid/content/Context;
D/dalvikvm(26421): VFY: replacing opcode 0x6e at 0x0029
I/dalvikvm(26421): Could not find method android.content.Context.getSystemService, referenced from method jvu.b
W/dalvikvm(26421): VFY: unable to resolve virtual method 2387: Landroid/content/Context;.getSystemService (Ljava/lang/Class;)Ljava/lang/Object;
D/dalvikvm(26421): VFY: replacing opcode 0x6e at 0x000b
D/dalvikvm(26421): DexOpt: couldn't find static field Landroid/os/Build;.SUPPORTED_64_BIT_ABIS
W/dalvikvm(26421): VFY: unable to resolve static field 1157 (SUPPORTED_64_BIT_ABIS) in Landroid/os/Build;
D/dalvikvm(26421): VFY: replacing opcode 0x62 at 0x0012
D/dalvikvm(26421): DexOpt: couldn't find static field Landroid/os/Build;.SUPPORTED_32_BIT_ABIS
W/dalvikvm(26421): VFY: unable to resolve static field 1156 (SUPPORTED_32_BIT_ABIS) in Landroid/os/Build;
D/dalvikvm(26421): VFY: replacing opcode 0x62 at 0x0021
D/dalvikvm(26421): DexOpt: couldn't find static field Landroid/os/Build;.SUPPORTED_ABIS
W/dalvikvm(26421): VFY: unable to resolve static field 1158 (SUPPORTED_ABIS) in Landroid/os/Build;
D/dalvikvm(26421): VFY: replacing opcode 0x62 at 0x0008
D/dalvikvm(26421): DexOpt: couldn't find static field Landroid/os/Build;.SUPPORTED_64_BIT_ABIS
W/dalvikvm(26421): VFY: unable to resolve static field 1157 (SUPPORTED_64_BIT_ABIS) in Landroid/os/Build;
D/dalvikvm(26421): VFY: replacing opcode 0x62 at 0x0008
D/dalvikvm(26421): DexOpt: couldn't find static field Landroid/os/Build;.SUPPORTED_64_BIT_ABIS
I/dalvikvm(26421): DexOpt: unable to optimize static field ref 0x0485 at 0x17 in Lcwd;.a
D/dalvikvm(26421): DexOpt: couldn't find static field Landroid/os/Build;.SUPPORTED_32_BIT_ABIS
I/dalvikvm(26421): DexOpt: unable to optimize static field ref 0x0484 at 0x26 in Lcwd;.a
D/dalvikvm(26421): DexOpt: couldn't find static field Landroid/os/Build;.SUPPORTED_64_BIT_ABIS
I/dalvikvm(26421): DexOpt: unable to optimize static field ref 0x0485 at 0x0d in Lcwd;.b
D/DynamitePackage(26421): Instantiated singleton DynamitePackage.
D/DynamitePackage(26421): Instantiating com.google.android.gms.ads.ChimeraAdManagerCreatorImpl
I/dalvikvm(26421): Could not find method android.content.pm.PackageManager.getPackageInstaller, referenced from method jn.a
W/dalvikvm(26421): VFY: unable to resolve virtual method 2060: Landroid/content/pm/PackageManager;.getPackageInstaller ()Landroid/content/pm/PackageInstaller;
D/dalvikvm(26421): VFY: replacing opcode 0x6e at 0x0017
I/dalvikvm(26421): Could not find method android.security.NetworkSecurityPolicy.getInstance, referenced from method com.google.android.gms.ads.internal.util.h.b_
W/dalvikvm(26421): VFY: unable to resolve static method 2591: Landroid/security/NetworkSecurityPolicy;.getInstance ()Landroid/security/NetworkSecurityPolicy;
D/dalvikvm(26421): VFY: replacing opcode 0x71 at 0x0022
I/dalvikvm(26421): Could not find method android.content.pm.PackageManager.isInstantApp, referenced from method qp.a
W/dalvikvm(26421): VFY: unable to resolve virtual method 2065: Landroid/content/pm/PackageManager;.isInstantApp (Ljava/lang/String;)Z
D/dalvikvm(26421): VFY: replacing opcode 0x6e at 0x002d
I/CameraClient(  175): Opening camera 0
V/EmulatedCamera_FakeDevice(  175): connectDevice
I/dalvikvm(26421): Could not find method android.content.pm.PackageManager.isInstantApp, referenced from method qo.a
W/dalvikvm(26421): VFY: unable to resolve virtual method 2064: Landroid/content/pm/PackageManager;.isInstantApp ()Z
D/dalvikvm(26421): VFY: replacing opcode 0x6e at 0x0028
V/EmulatedCamera_FakeDevice(  175): disconnectDevice
I/CameraClient(  175): Destroying camera 0
D/dalvikvm(26421): DexOpt: --- BEGIN '1510898742191.jar' (bootstrap=0) ---
D/Tinker.DefaultAppLike(  670): onTrimMemory level:10
I/dalvikvm(26586): ignoring registerObject request in thread=1
I/dalvikvm(26586): ignoring registerObject request in thread=1
D/Tinker.DefaultAppLike(  670): onTrimMemory level:15
I/ActivityManager(  346): Start proc com.google.android.gms for service com.google.android.gms/.gass.GassService: pid=26586 uid=10007 gids={50007, 3003, 1007, 1028, 1015, 1023, 3002, 3001, 3007, 2001, 3006}
W/dalvikvm(26586): VFY: unable to resolve static field 1177 (PR_SET_DUMPABLE) in Landroid/system/OsConstants;
D/dalvikvm(26586): VFY: replacing opcode 0x60 at 0x000e
I/dalvikvm(26421): Could not find method android.security.NetworkSecurityPolicy.getInstance, referenced from method com.google.android.gms.internal.zzig.zzb
W/dalvikvm(26421): VFY: unable to resolve static method 1989: Landroid/security/NetworkSecurityPolicy;.getInstance ()Landroid/security/NetworkSecurityPolicy;
D/dalvikvm(26421): VFY: replacing opcode 0x71 at 0x0051
I/dalvikvm(26586): Could not find method android.content.Context.getSystemService, referenced from method sp.a
W/dalvikvm(26586): VFY: unable to resolve virtual method 2387: Landroid/content/Context;.getSystemService (Ljava/lang/Class;)Ljava/lang/Object;
D/dalvikvm(26586): VFY: replacing opcode 0x6e at 0x0008
I/dalvikvm(26586): Could not find method android.content.Context.createDeviceProtectedStorageContext, referenced from method jvu.a
W/dalvikvm(26586): VFY: unable to resolve virtual method 2362: Landroid/content/Context;.createDeviceProtectedStorageContext ()Landroid/content/Context;
D/dalvikvm(26586): VFY: replacing opcode 0x6e at 0x0029
I/dalvikvm(26586): Could not find method android.content.Context.getSystemService, referenced from method jvu.b
W/dalvikvm(26586): VFY: unable to resolve virtual method 2387: Landroid/content/Context;.getSystemService (Ljava/lang/Class;)Ljava/lang/Object;
D/dalvikvm(26586): VFY: replacing opcode 0x6e at 0x000b
W/dalvikvm(26586): VFY: unable to find class referenced in signature (Lamgd;)
W/dalvikvm(26586): VFY: unable to find class referenced in signature (Lamgd;)
I/dalvikvm(26586): Could not find method android.content.Context.isDeviceProtectedStorage, referenced from method amfs.a
W/dalvikvm(26586): VFY: unable to resolve virtual method 2392: Landroid/content/Context;.isDeviceProtectedStorage ()Z
D/dalvikvm(26586): VFY: replacing opcode 0x6e at 0x0009
I/dalvikvm(26586): Could not find method android.content.Context.isDeviceProtectedStorage, referenced from method amfs.b
W/dalvikvm(26586): VFY: unable to resolve virtual method 2392: Landroid/content/Context;.isDeviceProtectedStorage ()Z
D/dalvikvm(26586): VFY: replacing opcode 0x6e at 0x005d
W/dalvikvm(26586): VFY: unable to find class referenced in signature (Laanf;)
W/dalvikvm(26586): VFY: unable to find class referenced in signature (Laanf;)
I/Ads     (26421): Starting ad request.
I/dalvikvm(26586): Could not find method android.content.Context.isDeviceProtectedStorage, referenced from method aamt.a
W/dalvikvm(26586): VFY: unable to resolve virtual method 2392: Landroid/content/Context;.isDeviceProtectedStorage ()Z
I/Ads     (26421): Use AdRequest.Builder.addTestDevice("DADDEACD506FD4BD02989AD39CCF21B7") to get test ads on this device.
D/dalvikvm(26586): VFY: replacing opcode 0x6e at 0x000c
I/dalvikvm(26586): Could not find method android.content.Context.isDeviceProtectedStorage, referenced from method aamt.c
W/dalvikvm(26586): VFY: unable to resolve virtual method 2392: Landroid/content/Context;.isDeviceProtectedStorage ()Z
D/dalvikvm(26586): VFY: replacing opcode 0x6e at 0x003d
I/dalvikvm(26586): Could not find method android.os.PowerManager.isInteractive, referenced from method jsu.a
W/dalvikvm(26586): VFY: unable to resolve virtual method 2975: Landroid/os/PowerManager;.isInteractive ()Z
D/dalvikvm(26586): VFY: replacing opcode 0x6e at 0x0012
I/dalvikvm(26586): Could not find method android.content.ContextWrapper.createCredentialProtectedStorageContext, referenced from method com.google.android.chimera.ModuleContext.createCredentialProtectedStorageContext
W/dalvikvm(26586): VFY: unable to resolve virtual method 2411: Landroid/content/ContextWrapper;.createCredentialProtectedStorageContext ()Landroid/content/Context;
D/dalvikvm(26586): VFY: replacing opcode 0x6f at 0x0002
I/dalvikvm(26586): Could not find method android.content.ContextWrapper.createDeviceProtectedStorageContext, referenced from method com.google.android.chimera.ModuleContext.createDeviceProtectedStorageContext
W/dalvikvm(26586): VFY: unable to resolve virtual method 2412: Landroid/content/ContextWrapper;.createDeviceProtectedStorageContext ()Landroid/content/Context;
D/dalvikvm(26586): VFY: replacing opcode 0x6f at 0x0002
I/dalvikvm(26586): Could not find method android.content.Context.isCredentialProtectedStorage, referenced from method cub.a
W/dalvikvm(26586): VFY: unable to resolve virtual method 2391: Landroid/content/Context;.isCredentialProtectedStorage ()Z
D/dalvikvm(26586): VFY: replacing opcode 0x6e at 0x0000
I/dalvikvm(26421): Could not find method android.webkit.WebSettings.setMixedContentMode, referenced from method com.google.android.gms.ads.internal.webview.m.<init>
W/dalvikvm(26421): VFY: unable to resolve virtual method 2893: Landroid/webkit/WebSettings;.setMixedContentMode (I)V
D/dalvikvm(26421): VFY: replacing opcode 0x6e at 0x0069
I/dalvikvm(26586): Could not find method android.os.UserManager.isUserUnlocked, referenced from method cub.a
W/dalvikvm(26586): VFY: unable to resolve virtual method 3028: Landroid/os/UserManager;.isUserUnlocked ()Z
D/dalvikvm(26586): VFY: replacing opcode 0x6e at 0x001a
I/dalvikvm(26586): Could not find method android.content.Context.isDeviceProtectedStorage, referenced from method cub.b
W/dalvikvm(26586): VFY: unable to resolve virtual method 2392: Landroid/content/Context;.isDeviceProtectedStorage ()Z
D/dalvikvm(26586): VFY: replacing opcode 0x6e at 0x0000
I/dalvikvm(26586): Could not find method android.content.Context.isDeviceProtectedStorage, referenced from method cub.c
W/dalvikvm(26586): VFY: unable to resolve virtual method 2392: Landroid/content/Context;.isDeviceProtectedStorage ()Z
D/dalvikvm(26586): VFY: replacing opcode 0x6e at 0x0000
I/MultiDex(26586): VM with version 1.6.0 does not have multidex support
I/MultiDex(26586): install
I/MultiDex(26586): MultiDexExtractor.load(/system/priv-app/GmsCore.apk, false)
V/WebViewChromium(26421): Binding Chromium to the background looper Looper (main, tid 1) {4a7e4698}
I/MultiDex(26586): Blocking on lock /data/data/com.google.android.gms/code_cache/secondary-dexes/MultiDex.lock
I/chromium(26421): [INFO:library_loader_hooks.cc(112)] Chromium logging enabled: level = 0, default verbosity = 0
I/MultiDex(26586): /data/data/com.google.android.gms/code_cache/secondary-dexes/MultiDex.lock locked
I/BrowserProcessMain(26421): Initializing chromium process, renderers=0
I/MultiDex(26586): loading existing secondary dex files
I/MultiDex(26586): load found 4 secondary dex files
I/MultiDex(26586): install done
D/dalvikvm(26586): JIT code cache reset in 0 ms (0 bytes 1/0)
D/dalvikvm(26586): GC_CONCURRENT freed 282K, 11% free 2908K/3252K, paused 2ms+0ms, total 4ms
W/chromium(26421): [WARNING:proxy_service.cc(888)] PAC support disabled because there is no system implementation
I/dalvikvm(26586): Could not find method android.content.Context.isDeviceProtectedStorage, referenced from method kqa.d
W/dalvikvm(26586): VFY: unable to resolve virtual method 2392: Landroid/content/Context;.isDeviceProtectedStorage ()Z
D/dalvikvm(26586): VFY: replacing opcode 0x6e at 0x0006
I/dalvikvm(26586): Could not find method android.os.UserHandle.isOwner, referenced from method kqa.i
W/dalvikvm(26586): VFY: unable to resolve virtual method 3021: Landroid/os/UserHandle;.isOwner ()Z
D/dalvikvm(26586): VFY: replacing opcode 0x6e at 0x000a
I/dalvikvm(26610): ignoring registerObject request in thread=1
I/dalvikvm(26610): ignoring registerObject request in thread=1
I/ActivityManager(  346): Start proc com.google.process.gapps for content provider com.google.android.gsf/.gservices.GservicesProvider: pid=26610 uid=10007 gids={50007, 3003, 1007, 1028, 1015, 1023, 3002, 3001, 3007, 2001, 3006}
I/GservicesProvider(26610): Gservices pushing to system: true; secure/global: true
D/dalvikvm(26610): JIT code cache reset in 0 ms (0 bytes 1/0)
D/dalvikvm(26610): GC_CONCURRENT freed 200K, 9% free 2973K/3236K, paused 1ms+0ms, total 4ms
D/dalvikvm(26610): GC_CONCURRENT freed 107K, 5% free 3249K/3420K, paused 1ms+1ms, total 3ms
I/dalvikvm(26586): Could not find method android.content.pm.PackageManager.isInstantApp, referenced from method kwe.a
W/dalvikvm(26586): VFY: unable to resolve virtual method 2511: Landroid/content/pm/PackageManager;.isInstantApp (Ljava/lang/String;)Z
D/dalvikvm(26586): VFY: replacing opcode 0x6e at 0x002d
I/dalvikvm(26586): Could not find method android.content.ContextWrapper.createCredentialProtectedStorageContext, referenced from method khq.createCredentialProtectedStorageContext
W/dalvikvm(26586): VFY: unable to resolve virtual method 2411: Landroid/content/ContextWrapper;.createCredentialProtectedStorageContext ()Landroid/content/Context;
D/dalvikvm(26586): VFY: replacing opcode 0x6f at 0x0002
I/dalvikvm(26586): Could not find method android.content.ContextWrapper.createDeviceProtectedStorageContext, referenced from method khq.createDeviceProtectedStorageContext
W/dalvikvm(26586): VFY: unable to resolve virtual method 2412: Landroid/content/ContextWrapper;.createDeviceProtectedStorageContext ()Landroid/content/Context;
D/dalvikvm(26586): VFY: replacing opcode 0x6f at 0x0002
D/dalvikvm(26586): DexOpt: couldn't find static field Landroid/os/Build;.SUPPORTED_ABIS
W/dalvikvm(26586): VFY: unable to resolve static field 1158 (SUPPORTED_ABIS) in Landroid/os/Build;
D/dalvikvm(26586): VFY: replacing opcode 0x62 at 0x0008
D/dalvikvm(26586): DexOpt: couldn't find static field Landroid/os/Build;.SUPPORTED_ABIS
W/dalvikvm(26586): VFY: unable to resolve static field 1158 (SUPPORTED_ABIS) in Landroid/os/Build;
D/dalvikvm(26586): VFY: replacing opcode 0x62 at 0x0097
D/dalvikvm(26586): DexOpt: couldn't find field Landroid/content/pm/ApplicationInfo;.splitSourceDirs
W/dalvikvm(26586): VFY: unable to resolve instance field 1089
D/dalvikvm(26586): VFY: replacing opcode 0x54 at 0x0053
D/dalvikvm(26586): DexOpt: couldn't find field Landroid/content/pm/ApplicationInfo;.splitSourceDirs
I/dalvikvm(26586): DexOpt: unable to optimize instance field ref 0x0441 at 0x57 in Lksq;.d
I/dalvikvm(26586): Could not find method android.system.Os.stat, referenced from method kro.a
W/dalvikvm(26586): VFY: unable to resolve static method 3048: Landroid/system/Os;.stat (Ljava/lang/String;)Landroid/system/StructStat;
D/dalvikvm(26586): VFY: replacing opcode 0x71 at 0x0041
I/dalvikvm(26586): DexOpt: unable to optimize instance field ref 0x04a2 at 0x45 in Lkro;.a
I/dalvikvm(26586): DexOpt: unable to optimize instance field ref 0x04a1 at 0x51 in Lkro;.a
I/dalvikvm(26586): DexOpt: unable to optimize static field ref 0x049e at 0x53 in Lkro;.a
I/dalvikvm(26586): DexOpt: unable to optimize static field ref 0x049f at 0x58 in Lkro;.a
I/dalvikvm(26586): DexOpt: unable to optimize static field ref 0x04a0 at 0x5d in Lkro;.a
I/dalvikvm(26586): Could not find method android.app.AppOpsManager.permissionToOp, referenced from method qo.a
