--------- beginning of /dev/log/main
D/AndroidRuntime(21698): 
D/AndroidRuntime(21698): >>>>>> AndroidRuntime START com.android.internal.os.RuntimeInit <<<<<<
D/AndroidRuntime(21698): CheckJNI is OFF
D/dalvikvm(21698): Using executionMode 2
D/dalvikvm(21698): Trying to load lib libjavacore.so 0x0
D/dalvikvm(21698): Added shared lib libjavacore.so 0x0
D/dalvikvm(21698): Trying to load lib libnativehelper.so 0x0
D/dalvikvm(21698): Added shared lib libnativehelper.so 0x0
D/dalvikvm(21698): No JNI_OnLoad found in libnativehelper.so 0x0, skipping init
D/dalvikvm(21698): Note: class Landroid/app/ActivityManagerNative; has 179 unimplemented (abstract) methods
E/memtrack(21698): Couldn't load memtrack module (No such file or directory)
E/android.os.Debug(21698): failed to load memtrack module: -2
D/AndroidRuntime(21698): Calling main entry com.android.commands.monkey.Monkey
--------- beginning of /dev/log/system
W/BroadcastQueue(  485): Skipping deliver [background] BroadcastRecord{4acf6cec u-1 android.net.conn.CONNECTIVITY_CHANGE} to ReceiverList{4ab731b8 21698 (unknown name)/0/u-1 remote:4ab7d888}: process crashing
I/ActivityManager(  485): START u0 {act=android.intent.action.MAIN cat=[android.intent.category.LAUNCHER] flg=0x10200000 cmp=com.techwin.shc/.main.intro.Intro} from pid 21698
D/yeshen  (  683): launcher onpause
D/dalvikvm(  169): GC_EXPLICIT freed 40K, 4% free 2788K/2892K, paused 1ms+1ms, total 4ms
D/dalvikvm(  169): GC_EXPLICIT freed <1K, 4% free 2788K/2892K, paused 2ms+1ms, total 10ms
I/ActivityManager(  485): Start proc com.techwin.shc for activity com.techwin.shc/.main.intro.Intro: pid=21708 uid=10195 gids={50195, 3003, 1028, 1015, 1023}
D/dalvikvm(  169): GC_EXPLICIT freed <1K, 4% free 2788K/2892K, paused 1ms+1ms, total 3ms
E/SurfaceFlinger(  168): glCheckFramebufferStatusOES error 36054
E/SurfaceFlinger(  168): got GL_FRAMEBUFFER_COMPLETE_OES error while taking screenshot
D/SurfaceFlinger(  168): setOrientation, mFbdev=0xb8f00050, mFbDev->setOrientation=0xb6a08ce0, orientation=3
I/gralloc_nox(  168): setOrientation: orientation=3
I/ActivityManager(  485): Config changes=480 {1.0 310mcc16mnc en_US ldltr sw480dp w480dp h828dp 240dpi lrg long port finger qwerty/v/v dpad/v s.143}
D/Tinker.DefaultAppLike(  683): onConfigurationChanged:{1.0 310mcc16mnc en_US ldltr sw480dp w480dp h828dp 240dpi lrg long port finger qwerty/v/v dpad/v s.143}
D/Sensors (  485): Client connection accepted (185)
D/PhoneStatusBar(  542): mSettingsPanelGravity = 55
D/yeshen  (  683): launcher onstop
W/NetworkManagementSocketTagger(  485): setKernelCountSet(10195, 1) failed with errno -13
I/dalvikvm(21708): ignoring registerObject request in thread=1
I/dalvikvm(21708): ignoring registerObject request in thread=1
D/dalvikvm(21708): Trying to load lib /data/app-lib/com.techwin.shc-1/libnbcrypto.so 0x94f2e830
D/dalvikvm(  542): GC_FOR_ALLOC freed 920K, 31% free 11562K/16568K, paused 3ms, total 5ms
I/dalvikvm-heap(  542): Grow heap (frag case) to 17.600MB for 6553612-byte allocation
D/dalvikvm(  542): GC_FOR_ALLOC freed 4K, 22% free 17957K/22972K, paused 4ms, total 4ms
D/dalvikvm(  542): GC_CONCURRENT freed 211K, 23% free 17746K/22972K, paused 1ms+1ms, total 14ms
D/dalvikvm(21708): Added shared lib /data/app-lib/com.techwin.shc-1/libnbcrypto.so 0x94f2e830
D/dalvikvm(21708): No JNI_OnLoad found in /data/app-lib/com.techwin.shc-1/libnbcrypto.so 0x94f2e830, skipping init
I/dalvikvm(21708): Could not find method android.content.pm.PackageManager.getPackageInstaller, referenced from method com.google.android.gms.common.d.a
W/dalvikvm(21708): VFY: unable to resolve virtual method 2602: Landroid/content/pm/PackageManager;.getPackageInstaller ()Landroid/content/pm/PackageInstaller;
D/dalvikvm(21708): VFY: replacing opcode 0x6e at 0x000a
I/InputReader(  485): Reconfiguring input devices.  changes=0x00000004
I/InputReader(  485): Device reconfigured: id=1, name='seamless mouse', size 1280x720, orientation 3, mode 1, display id 0
I/InputReader(  485): Device reconfigured: id=3, name='Android Input', size 1280x720, orientation 3, mode 1, display id 0
I/InputReader(  485): Device reconfigured: id=8, name='VirtualBox USB Tablet', size 1280x720, orientation 3, mode 1, display id 0
I/GMPM    (21708): App measurement is starting up
D/FirebaseApp(  683): Notifying background state change listeners.
D/Tinker.DefaultAppLike(  683): onTrimMemory level:20
D/dalvikvm(21708): JIT code cache reset in 0 ms (0 bytes 1/0)
D/dalvikvm(21708): Trying to load lib /data/app-lib/com.techwin.shc-1/libsmartcam_callmanager.so 0x94f2e830
E/GMPM    (21708): getGoogleAppId failed with status: 10
E/GMPM    (21708): Uploading is not possible. App measurement disabled
D/dalvikvm(21708): GC_CONCURRENT freed 264K, 10% free 2965K/3292K, paused 2ms+13ms, total 25ms
W/EGL_emulation(  542): eglSurfaceAttrib not implemented 3093 12436
D/dalvikvm(21708): Added shared lib /data/app-lib/com.techwin.shc-1/libsmartcam_callmanager.so 0x94f2e830
D/dalvikvm(21708): Trying to load lib /data/app-lib/com.techwin.shc-1/libnbcpufeatures.so 0x94f2e830
D/dalvikvm(21708): Added shared lib /data/app-lib/com.techwin.shc-1/libnbcpufeatures.so 0x94f2e830
D/dalvikvm(21708): No JNI_OnLoad found in /data/app-lib/com.techwin.shc-1/libnbcpufeatures.so 0x94f2e830, skipping init
D/dalvikvm(21708): Trying to load lib /data/app-lib/com.techwin.shc-1/libmediamanager.so 0x94f2e830
D/dalvikvm(21708): Added shared lib /data/app-lib/com.techwin.shc-1/libmediamanager.so 0x94f2e830
D/dalvikvm(21708): No JNI_OnLoad found in /data/app-lib/com.techwin.shc-1/libmediamanager.so 0x94f2e830, skipping init
I/MediaManager(21708): NBMediaManager::NBMediaManager(24): Release Version : v1.0.0
I/MediaManager(21708): NBMediaManager::NBMediaManager(25): Release Date : 2015.09.25
D/dalvikvm(21708): GC_FOR_ALLOC freed 222K, 9% free 3002K/3292K, paused 2ms, total 2ms
I/dalvikvm-heap(21708): Grow heap (frag case) to 6.503MB for 3686412-byte allocation
D/dalvikvm(21708): GC_FOR_ALLOC freed <1K, 5% free 6601K/6896K, paused 5ms, total 5ms
D/dalvikvm(21708): GC_CONCURRENT freed <1K, 5% free 6600K/6896K, paused 2ms+1ms, total 4ms
D/dalvikvm(21708): GC_CONCURRENT freed 157K, 3% free 7709K/7932K, paused 5ms+1ms, total 16ms
D/dalvikvm(21708): WAIT_FOR_CONCURRENT_GC blocked 11ms
D/        (21708): HostConnection::get() New Host Connection established 0xb8ccc2a0, tid 21708
I/WindowManager(  485): Switching to real app window: Window{4aa3bf08 u0 com.techwin.shc/com.techwin.shc.main.intro.Intro}
W/IInputConnectionWrapper(  683): showStatusIcon on inactive InputConnection
W/ContextImpl(  485): Calling a method in the system process without a qualified user: android.app.ContextImpl.sendBroadcast:1123 com.android.server.InputMethodManagerService.hideCurrentInputLocked:1880 com.android.server.InputMethodManagerService.windowGainedFocus:1968 com.android.internal.view.IInputMethodManager$Stub.onTransact:221 com.android.server.InputMethodManagerService.onTransact:818 
I/ActivityManager(  485): Displayed com.techwin.shc/.main.intro.Intro: +792ms
I/WindowManager(  485): Screen frozen for +771ms due to Window{4a9e679c u0 Starting com.techwin.shc}
I/WearableService(  660): Wearable Services stopping
I/ActivityManager(  485): START u0 {act=android.intent.action.MAIN cat=[android.intent.category.LAUNCHER] flg=0x10200000 cmp=com.techwin.shc/.main.intro.Intro} from pid 21698
I/ActivityManager(  485): START u0 {act=android.intent.action.MAIN cat=[android.intent.category.LAUNCHER] flg=0x10200000 cmp=com.techwin.shc/.main.intro.Intro} from pid 21698
W/dalvikvm(21708): VFY: unable to find class referenced in signature (Lokhttp3/Request;)
W/dalvikvm(21708): VFY: unable to find class referenced in signature (Lokhttp3/Response;)
I/dalvikvm(21708): Could not find method okhttp3.Response.headers, referenced from method empirical.HelperClass.printOkHttpInfo
W/dalvikvm(21708): VFY: unable to resolve virtual method 26159: Lokhttp3/Response;.headers ()Lokhttp3/Headers;
D/dalvikvm(21708): VFY: replacing opcode 0x6e at 0x0006
W/dalvikvm(21708): VFY: unable to find class referenced in signature (Lokhttp3/Call;)
W/dalvikvm(21708): VFY: unable to find class referenced in signature (Lokhttp3/Response;)
I/dalvikvm(21708): Could not find method okhttp3.Call.request, referenced from method empirical.HelperClass.printOkHttpInfoFromCall
W/dalvikvm(21708): VFY: unable to resolve interface method 26153: Lokhttp3/Call;.request ()Lokhttp3/Request;
D/dalvikvm(21708): VFY: replacing opcode 0x72 at 0x0006
I/System.out(21708): body:<com.techwin.shc.h.a.a: java.io.InputStream b(java.lang.String)>	sig:specialinvoke $r11.<java.net.URL: void <init>(java.lang.String)>($r1)	timediff:4
I/System.out(21708): <com.techwin.shc.h.a.a: java.io.InputStream b(java.lang.String)>###specialinvoke $r11.<java.net.URL: void <init>(java.lang.String)>($r1)###https://www.samsungsmartcam.com/web/cmm/download.do?req=firmware
I/System.out(21708): body:<com.techwin.shc.h.a.a: java.io.InputStream b(java.lang.String)>	sig:$r12 = virtualinvoke $r11.<java.net.URL: java.net.URLConnection openConnection()>()	timediff:5
I/System.out(21708): body:<com.techwin.shc.h.a.a: java.io.InputStream b(java.lang.String)>	sig:virtualinvoke $r13.<javax.net.ssl.HttpsURLConnection: void setConnectTimeout(int)>(15000)	timediff:0
I/System.out(21708): body:<com.techwin.shc.h.a.a: java.io.InputStream b(java.lang.String)>	sig:virtualinvoke $r13.<javax.net.ssl.HttpsURLConnection: void setReadTimeout(int)>(15000)	timediff:0
I/ActivityManager(  485): START u0 {act=android.intent.action.MAIN cat=[android.intent.category.LAUNCHER] flg=0x10200000 cmp=com.techwin.shc/.main.intro.Intro} from pid 21698
V/PanelView(  542): animationTick called with dtms=0; nothing to do (h=0.0 v=0.0)
I/ActivityManager(  485): START u0 {act=android.intent.action.MAIN cat=[android.intent.category.HOME] flg=0x10200000 cmp=com.vphone.launcher/.Launcher} from pid 485
I/ActivityManager(  485): START u0 {act=android.intent.action.MAIN cat=[android.intent.category.LAUNCHER] flg=0x10200000 cmp=com.techwin.shc/.main.intro.Intro} from pid 21698
I/ActivityManager(  485): START u0 {act=android.intent.action.MAIN cat=[android.intent.category.LAUNCHER] flg=0x10200000 cmp=com.techwin.shc/.main.intro.Intro} from pid 21698
I/InputDispatcher(  485): Dropped event because of pending overdue app switch.
W/InputManager(  485): Input event injection from pid 21698 failed.
I/ActivityManager(  485): START u0 {act=android.intent.action.MAIN cat=[android.intent.category.LAUNCHER] flg=0x10200000 cmp=com.techwin.shc/.main.intro.Intro} from pid 21698
I/MediaButtonReceiver(15126): onReceive : android.intent.action.MEDIA_BUTTON
I/MediaButtonReceiver(15126): action : music_action_next
I/MusicPlayService(15126): action:music_action_next
I/MusicPlayer(15126): next()
E/MusicQueue(15126): 列表为空
D/MusicPlayService(15126): doUpdateWidget
E/MusicQueue(15126): 列表为空
I/MusicPlayer(15126): start()
E/MusicQueue(15126): 列表为空
E/MusicQueue(15126): 列表为空
E/MusicQueue(15126): 列表为空
D/MusicPlayService(15126): doUpdateWidget
E/MusicQueue(15126): 列表为空
I/MediaButtonReceiver(15126): onReceive : android.intent.action.MEDIA_BUTTON
I/MediaButtonReceiver(15126): action : null
D/dalvikvm(15126): GC_FOR_ALLOC freed 3475K, 18% free 5472K/6604K, paused 3ms, total 4ms
I/dalvikvm-heap(15126): Grow heap (frag case) to 6.962MB for 1638412-byte allocation
D/dalvikvm(15126): GC_FOR_ALLOC freed 3K, 14% free 7068K/8208K, paused 9ms, total 9ms
D/dalvikvm(15126): GC_CONCURRENT freed 0K, 14% free 7068K/8208K, paused 2ms+1ms, total 5ms
D/dalvikvm(15126): GC_FOR_ALLOC freed <1K, 14% free 7068K/8208K, paused 6ms, total 7ms
I/dalvikvm-heap(15126): Grow heap (frag case) to 8.717MB for 1843212-byte allocation
D/dalvikvm(15126): GC_FOR_ALLOC freed <1K, 12% free 8868K/10012K, paused 7ms, total 7ms
D/dalvikvm(15126): GC_CONCURRENT freed 1600K, 28% free 7269K/10012K, paused 3ms+1ms, total 6ms
I/Widget2x2Transparent(15126): appWidgetIds为空
I/ActivityManager(  485): START u0 {act=android.intent.action.MAIN cat=[android.intent.category.LAUNCHER] flg=0x10200000 cmp=com.techwin.shc/.main.intro.Intro} from pid 21698
D/dalvikvm(15382): GC_FOR_ALLOC freed 5698K, 31% free 4885K/7072K, paused 3ms, total 3ms
I/dalvikvm-heap(15382): Grow heap (frag case) to 8.342MB for 3686412-byte allocation
D/dalvikvm(15382): GC_FOR_ALLOC freed 7K, 21% free 8478K/10676K, paused 14ms, total 14ms
D/dalvikvm(15382): GC_CONCURRENT freed 0K, 21% free 8478K/10676K, paused 2ms+0ms, total 5ms
W/EGL_emulation(15382): eglSurfaceAttrib not implemented 3093 12436
D/dalvikvm(  485): GC_EXPLICIT freed 2058K, 28% free 18729K/25680K, paused 1ms+1ms, total 17ms
I/ActivityManager(  485): START u0 {act=android.intent.action.CALL_BUTTON flg=0x10000000} from pid 21708
W/PhoneFallbackEventHandler(21708): No activity found for android.intent.action.CALL_BUTTON.
I/ActivityManager(  485): START u0 {act=android.intent.action.MAIN cat=[android.intent.category.LAUNCHER] flg=0x10200000 cmp=com.techwin.shc/.main.intro.Intro} from pid 21698
V/PanelView(  542): animationTick called with dtms=0; nothing to do (h=0.0 v=0.0)
W/InputMethodManagerService(  485): Window already focused, ignoring focus gain of: com.android.internal.view.IInputMethodClient$Stub$Proxy@4abc41b0 attribute=null, token = android.os.BinderProxy@4a9d9afc
I/ActivityManager(  485): START u0 {flg=0x24000000 cmp=com.techwin.shc/.common.RootActivity (has extras)} from pid 21708
W/ActivityManager(  485): startActivity called from finishing ActivityRecord{4a950500 u0 com.techwin.shc/.main.intro.Intro t225 f}; forcing Intent.FLAG_ACTIVITY_NEW_TASK for: Intent { flg=0x24000000 cmp=com.techwin.shc/.common.RootActivity (has extras) }
W/ViewRootImpl(21708): Dropping event due to no window focus: MotionEvent { action=ACTION_MOVE, id[0]=0, x[0]=-2.0, y[0]=-3.0, toolType[0]=TOOL_TYPE_UNKNOWN, buttonState=0, metaState=0, flags=0x0, edgeFlags=0x0, pointerCount=1, historySize=2, eventTime=4141355, downTime=-1, deviceId=0, source=0x10004 }
I/ActivityManager(  485): START u0 {flg=0x24000000 cmp=com.techwin.shc/.main.login.Login} from pid 21708
W/ResourceType(  485): Skipping entry 0x7f040008 in package table 0 because it is not complex!
W/ResourceType(  485): Skipping entry 0x7f040009 in package table 0 because it is not complex!
D/dalvikvm(21708): GC_FOR_ALLOC freed 163K, 3% free 7819K/8044K, paused 4ms, total 4ms
I/dalvikvm-heap(21708): Grow heap (frag case) to 11.208MB for 3686412-byte allocation
D/dalvikvm(21708): GC_FOR_ALLOC freed <1K, 2% free 11419K/11648K, paused 3ms, total 3ms
D/dalvikvm(21708): GC_CONCURRENT freed 7K, 3% free 11411K/11648K, paused 0ms+0ms, total 2ms
W/ViewRootImpl(21708): Dropping event due to no window focus: MotionEvent { action=ACTION_MOVE, id[0]=0, x[0]=-5.0, y[0]=0.0, toolType[0]=TOOL_TYPE_UNKNOWN, buttonState=0, metaState=0, flags=0x0, edgeFlags=0x0, pointerCount=1, historySize=0, eventTime=4141358, downTime=-1, deviceId=0, source=0x10004 }
W/ViewRootImpl(21708): Dropping event due to no window focus: MotionEvent { action=ACTION_DOWN, id[0]=0, x[0]=0.0, y[0]=0.0, toolType[0]=TOOL_TYPE_UNKNOWN, buttonState=0, metaState=0, flags=0x0, edgeFlags=0x0, pointerCount=1, historySize=0, eventTime=4141503, downTime=4141342, deviceId=0, source=0x10004 }
W/ContextImpl(  485): Calling a method in the system process without a qualified user: android.app.ContextImpl.sendBroadcast:1123 com.android.server.InputMethodManagerService.hideCurrentInputLocked:1880 com.android.server.InputMethodManagerService.windowGainedFocus:2000 com.android.internal.view.IInputMethodManager$Stub.onTransact:221 com.android.server.InputMethodManagerService.onTransact:818 
I/ActivityManager(  485): Displayed com.techwin.shc/.main.login.Login: +188ms (total +221ms)
D/dalvikvm(15382): GC_FOR_ALLOC freed 10K, 21% free 8484K/10676K, paused 4ms, total 4ms
I/dalvikvm-heap(15382): Grow heap (frag case) to 10.319MB for 2073612-byte allocation
D/dalvikvm(15382): GC_FOR_ALLOC freed 0K, 2% free 10509K/10676K, paused 2ms, total 2ms
D/dalvikvm(15382): GC_CONCURRENT freed 1K, 2% free 10548K/10676K, paused 0ms+1ms, total 15ms
D/dalvikvm(  485): GC_FOR_ALLOC freed 375K, 28% free 18719K/25680K, paused 18ms, total 19ms
I/dalvikvm-heap(  485): Grow heap (frag case) to 20.321MB for 2073612-byte allocation
D/dalvikvm(  485): GC_FOR_ALLOC freed 6K, 26% free 20737K/27708K, paused 25ms, total 25ms
I/ActivityManager(  485): START u0 {flg=0x24000000 cmp=com.techwin.shc/.main.member.AccountIntro} from pid 21708
D/dalvikvm(  485): GC_FOR_ALLOC freed 11K, 26% free 20739K/27708K, paused 16ms, total 16ms
I/dalvikvm-heap(  485): Grow heap (frag case) to 22.293MB for 2073612-byte allocation
D/dalvikvm(  485): GC_FOR_ALLOC freed <1K, 24% free 22764K/29736K, paused 19ms, total 19ms
D/dalvikvm(  542): GC_FOR_ALLOC freed 7967K, 38% free 10421K/16568K, paused 4ms, total 4ms
I/dalvikvm-heap(  542): Grow heap (frag case) to 12.213MB for 2073612-byte allocation
D/dalvikvm(  542): GC_FOR_ALLOC freed 0K, 34% free 12446K/18596K, paused 18ms, total 18ms
D/dalvikvm(  485): GC_FOR_ALLOC freed 13K, 24% free 22765K/29736K, paused 26ms, total 26ms
I/dalvikvm-heap(  485): Grow heap (frag case) to 24.271MB for 2073612-byte allocation
D/dalvikvm(  485): GC_FOR_ALLOC freed 36K, 23% free 24753K/31764K, paused 14ms, total 14ms
D/dalvikvm(21708): GC_CONCURRENT freed 66K, 1% free 14140K/14268K, paused 0ms+2ms, total 5ms
W/ViewRootImpl(21708): Dropping event due to no window focus: KeyEvent { action=ACTION_DOWN, keyCode=KEYCODE_DPAD_UP, scanCode=0, metaState=0, flags=0x8, repeatCount=0, eventTime=4141951, downTime=4141951, deviceId=-1, source=0x101 }
W/ContextImpl(  485): Calling a method in the system process without a qualified user: android.app.ContextImpl.sendBroadcast:1123 com.android.server.InputMethodManagerService.hideCurrentInputLocked:1880 com.android.server.InputMethodManagerService.windowGainedFocus:1968 com.android.internal.view.IInputMethodManager$Stub.onTransact:221 com.android.server.InputMethodManagerService.onTransact:818 
D/dalvikvm(  485): GC_FOR_ALLOC freed 6238K, 42% free 18676K/31764K, paused 13ms, total 15ms
D/dalvikvm(  485): GC_FOR_ALLOC freed 14K, 35% free 20693K/31764K, paused 12ms, total 13ms
D/dalvikvm(  542): GC_FOR_ALLOC freed 4277K, 52% free 9077K/18596K, paused 3ms, total 3ms
D/dalvikvm(  542): GC_CONCURRENT freed 696K, 45% free 10408K/18596K, paused 0ms+0ms, total 24ms
I/ActivityManager(  485): Displayed com.techwin.shc/.main.member.AccountIntro: +328ms
I/ActivityManager(  485): START u0 {act=android.intent.action.MAIN cat=[android.intent.category.LAUNCHER] flg=0x10000000 sel={act=android.intent.action.MAIN cat=[android.intent.category.APP_CALCULATOR]}} from pid 485
D/dalvikvm(21708): GC_EXPLICIT freed 982K, 8% free 13218K/14288K, paused 2ms+1ms, total 5ms
W/ViewRootImpl(21708): Dropping event due to no window focus: KeyEvent { action=ACTION_DOWN, keyCode=KEYCODE_DPAD_UP, scanCode=0, metaState=0, flags=0x8, repeatCount=0, eventTime=4142742, downTime=4142742, deviceId=-1, source=0x101 }
W/ViewRootImpl(21708): Dropping event due to no window focus: KeyEvent { action=ACTION_DOWN, keyCode=KEYCODE_MENU, scanCode=0, metaState=0, flags=0x8, repeatCount=0, eventTime=4142751, downTime=4142751, deviceId=-1, source=0x101 }
W/InputMethodManagerService(  485): Window already focused, ignoring focus gain of: com.android.internal.view.IInputMethodClient$Stub$Proxy@4a9256e4 attribute=null, token = android.os.BinderProxy@4ac8fb90
I/ActivityManager(  485): START u0 {act=android.intent.action.MAIN cat=[android.intent.category.LAUNCHER] flg=0x10200000 cmp=com.techwin.shc/.main.intro.Intro} from pid 21698
I/ActivityManager(  485): START u0 {flg=0x24000000 cmp=com.techwin.shc/.common.RootActivity (has extras)} from pid 21708
W/ActivityManager(  485): startActivityUncheckedLocked: task left null
W/ActivityManager(  485): java.lang.RuntimeException: here
W/ActivityManager(  485): 	at com.android.server.am.ActivityStackSupervisor.startActivityUncheckedLocked(ActivityStackSupervisor.java:1716)
W/ActivityManager(  485): 	at com.android.server.am.ActivityStackSupervisor.startActivityLocked(ActivityStackSupervisor.java:1249)
W/ActivityManager(  485): 	at com.android.server.am.ActivityStackSupervisor.startActivityMayWait(ActivityStackSupervisor.java:741)
W/ActivityManager(  485): 	at com.android.server.am.ActivityManagerService.startActivityAsUser(ActivityManagerService.java:3118)
W/ActivityManager(  485): 	at com.android.server.am.ActivityManagerService.startActivity(ActivityManagerService.java:3104)
W/ActivityManager(  485): 	at android.app.ActivityManagerNative.onTransact(ActivityManagerNative.java:135)
W/ActivityManager(  485): 	at com.android.server.am.ActivityManagerService.onTransact(ActivityManagerService.java:2071)
W/ActivityManager(  485): 	at android.os.Binder.execTransact(Binder.java:404)
W/ActivityManager(  485): 	at dalvik.system.NativeStart.run(Native Method)
D/dalvikvm(21708): GC_EXPLICIT freed 52K, 8% free 13193K/14288K, paused 1ms+1ms, total 6ms
I/ActivityManager(  485): START u0 {flg=0x24000000 cmp=com.techwin.shc/.main.login.Login (has extras)} from pid 21708
W/ContextImpl(  485): Calling a method in the system process without a qualified user: android.app.ContextImpl.sendBroadcast:1123 com.android.server.InputMethodManagerService.hideCurrentInputLocked:1880 com.android.server.InputMethodManagerService.windowGainedFocus:2000 com.android.internal.view.IInputMethodManager$Stub.onTransact:221 com.android.server.InputMethodManagerService.onTransact:818 
I/ActivityManager(  485): Displayed com.techwin.shc/.main.login.Login: +187ms
D/dalvikvm(21708): GC_EXPLICIT freed 77K, 8% free 13281K/14288K, paused 0ms+1ms, total 9ms
D/dalvikvm(  485): GC_CONCURRENT freed 6335K, 28% free 18721K/25680K, paused 2ms+1ms, total 30ms
W/ViewRootImpl(21708): Dropping event due to no window focus: KeyEvent { action=ACTION_DOWN, keyCode=KEYCODE_DPAD_DOWN, scanCode=0, metaState=0, flags=0x8, repeatCount=0, eventTime=4143532, downTime=4143532, deviceId=-1, source=0x101 }
W/ViewRootImpl(21708): Dropping event due to no window focus: KeyEvent { action=ACTION_DOWN, keyCode=KEYCODE_DPAD_DOWN, scanCode=0, metaState=0, flags=0x8, repeatCount=0, eventTime=4143568, downTime=4143568, deviceId=-1, source=0x101 }
W/ViewRootImpl(21708): Dropping event due to no window focus: KeyEvent { action=ACTION_DOWN, keyCode=KEYCODE_DPAD_RIGHT, scanCode=0, metaState=0, flags=0x8, repeatCount=0, eventTime=4143573, downTime=4143573, deviceId=-1, source=0x101 }
W/ViewRootImpl(21708): Dropping event due to no window focus: KeyEvent { action=ACTION_DOWN, keyCode=KEYCODE_SCROLL_LOCK, scanCode=0, metaState=0, flags=0x8, repeatCount=0, eventTime=4143577, downTime=4143577, deviceId=-1, source=0x101 }
W/InputMethodManagerService(  485): Window already focused, ignoring focus gain of: com.android.internal.view.IInputMethodClient$Stub$Proxy@4ab9a3d0 attribute=null, token = android.os.BinderProxy@4a936010
I/ActivityManager(  485): START u0 {flg=0x24000000 cmp=com.techwin.shc/.main.login.FindAccount (has extras)} from pid 21708
W/ViewRootImpl(21708): Dropping event due to no window focus: KeyEvent { action=ACTION_MULTIPLE, keyCode=KEYCODE_DPAD_RIGHT, scanCode=0, metaState=0, flags=0x400, repeatCount=2, eventTime=4143678, downTime=4143678, deviceId=-1, source=0x101 }
W/ViewRootImpl(21708): Dropping event due to no window focus: KeyEvent { action=ACTION_DOWN, keyCode=KEYCODE_DPAD_RIGHT, scanCode=0, metaState=0, flags=0x400, repeatCount=0, eventTime=4143678, downTime=4143678, deviceId=-1, source=0x101 }
W/ViewRootImpl(21708): Dropping event due to no window focus: KeyEvent { action=ACTION_DOWN, keyCode=KEYCODE_DPAD_RIGHT, scanCode=0, metaState=0, flags=0x400, repeatCount=0, eventTime=4143678, downTime=4143678, deviceId=-1, source=0x101 }
W/ViewRootImpl(21708): Dropping event due to no window focus: KeyEvent { action=ACTION_DOWN, keyCode=KEYCODE_DPAD_RIGHT, scanCode=0, metaState=0, flags=0x400, repeatCount=0, eventTime=4143678, downTime=4143678, deviceId=-1, source=0x101 }
W/ViewRootImpl(21708): Dropping event due to no window focus: KeyEvent { action=ACTION_DOWN, keyCode=KEYCODE_DPAD_UP, scanCode=0, metaState=0, flags=0x8, repeatCount=0, eventTime=4143635, downTime=4143635, deviceId=-1, source=0x101 }
V/InputMethodService(  651): onEvaluateInputViewShown: config.hardKeyboardHidden = 1
W/ContextImpl(  485): Calling a method in the system process without a qualified user: android.app.ContextImpl.sendBroadcast:1123 com.android.server.InputMethodManagerService.showCurrentInputLocked:1791 com.android.server.InputMethodManagerService.windowGainedFocus:1985 com.android.internal.view.IInputMethodManager$Stub.onTransact:221 com.android.server.InputMethodManagerService.onTransact:818 
I/ActivityManager(  485): Displayed com.techwin.shc/.main.login.FindAccount: +113ms
V/InputMethodService(  651): onEvaluateInputViewShown: config.hardKeyboardHidden = 1
W/ContextImpl(  485): Calling a method in the system process without a qualified user: android.app.ContextImpl.sendBroadcast:1123 com.android.server.InputMethodManagerService.showCurrentInputLocked:1791 com.android.server.InputMethodManagerService.showSoftInput:1753 com.android.internal.view.IInputMethodManager$Stub.onTransact:175 com.android.server.InputMethodManagerService.onTransact:818 
V/InputMethodService(  651): onEvaluateInputViewShown: config.hardKeyboardHidden = 1
W/ContextImpl(  485): Calling a method in the system process without a qualified user: android.app.ContextImpl.sendBroadcast:1123 com.android.server.InputMethodManagerService.showCurrentInputLocked:1791 com.android.server.InputMethodManagerService.showSoftInput:1753 com.android.internal.view.IInputMethodManager$Stub.onTransact:175 com.android.server.InputMethodManagerService.onTransact:818 
V/InputMethodService(  651): onEvaluateInputViewShown: config.hardKeyboardHidden = 1
W/ContextImpl(  485): Calling a method in the system process without a qualified user: android.app.ContextImpl.sendBroadcast:1123 com.android.server.InputMethodManagerService.showCurrentInputLocked:1791 com.android.server.InputMethodManagerService.showSoftInput:1753 com.android.internal.view.IInputMethodManager$Stub.onTransact:175 com.android.server.InputMethodManagerService.onTransact:818 
V/PanelView(  542): animationTick called with dtms=0; nothing to do (h=0.0 v=4500.0)
D/SizeAdaptiveLayout(  542): com.android.internal.widget.SizeAdaptiveLayout{4ad2ced0 V.E..... ......ID 0,0-1280,180 #7f07004f app:id/adaptive}child view android.widget.LinearLayout{4ac2b71c G.E..... ......ID 0,0-0,0 #7f060145 app:id/layout_notify} measured out of bounds at 95px clamped to 96px
W/WindowManager(  485): updateFocusedWindowLocked, focusedAppToken is null.
V/InputMethodService(  651): onEvaluateInputViewShown: config.hardKeyboardHidden = 1
W/ContextImpl(  485): Calling a method in the system process without a qualified user: android.app.ContextImpl.sendBroadcast:1123 com.android.server.InputMethodManagerService.showCurrentInputLocked:1791 com.android.server.InputMethodManagerService.showSoftInput:1753 com.android.internal.view.IInputMethodManager$Stub.onTransact:175 com.android.server.InputMethodManagerService.onTransact:818 
W/EGL_emulation(  542): eglSurfaceAttrib not implemented 3093 12436
D/SizeAdaptiveLayout(  542): com.android.internal.widget.SizeAdaptiveLayout{4ad2ced0 V.E..... ......ID 0,0-1280,180 #7f07004f app:id/adaptive}child view android.widget.LinearLayout{4ac2b71c G.E..... ......ID 0,0-0,0 #7f060145 app:id/layout_notify} measured out of bounds at 95px clamped to 96px
W/ViewRootImpl(  542): Dropping event due to no window focus: KeyEvent { action=ACTION_DOWN, keyCode=KEYCODE_DPAD_DOWN, scanCode=0, metaState=0, flags=0x8, repeatCount=0, eventTime=4144138, downTime=4144138, deviceId=-1, source=0x101 }
D/SizeAdaptiveLayout(  542): com.android.internal.widget.SizeAdaptiveLayout{4ad2ced0 V.E..... ......ID 0,0-720,96 #7f07004f app:id/adaptive}child view android.widget.LinearLayout{4ac2b71c V.E..... ........ 0,0-720,96 #7f060145 app:id/layout_notify} measured out of bounds at 95px clamped to 96px
V/PanelView(  542): animationTick called with dtms=0; nothing to do (h=1280.0 v=-0.0)
V/PanelView(  542): animationTick called with dtms=0; nothing to do (h=1280.0 v=0.0)
V/PanelView(  542): animationTick called with dtms=-13; nothing to do (h=1280.0 v=0.0)
V/PanelView(  542): animationTick called with dtms=0; nothing to do (h=1280.0 v=-0.0)
V/PanelView(  542): animationTick called with dtms=0; nothing to do (h=1262.4739 v=-0.0)
V/PanelView(  542): animationTick called with dtms=0; nothing to do (h=1269.068 v=0.0)
V/PanelView(  542): animationTick called with dtms=-23; nothing to do (h=1269.068 v=0.0)
V/PanelView(  542): animationTick called with dtms=0; nothing to do (h=1269.068 v=-0.0)
V/PanelView(  542): animationTick called with dtms=-20; nothing to do (h=1269.068 v=-0.0)
V/PanelView(  542): animationTick called with dtms=0; nothing to do (h=1269.068 v=-3000.0)
I/ActivityManager(  485): START u0 {act=android.intent.action.QUICK_CLOCK flg=0x14000000 cmp=com.android.settings/.Settings$DateTimeSettingsActivity} from pid 542
I/MediaButtonReceiver(15126): onReceive : android.intent.action.MEDIA_BUTTON
I/MediaButtonReceiver(15126): action : music_action_previous
I/MusicPlayService(15126): action:music_action_previous
I/MusicPlayer(15126): previous()
E/MusicQueue(15126): 列表为空
D/MusicPlayService(15126): doUpdateWidget
E/MusicQueue(15126): 列表为空
I/MusicPlayer(15126): start()
E/MusicQueue(15126): 列表为空
E/MusicQueue(15126): 列表为空
E/MusicQueue(15126): 列表为空
D/MusicPlayService(15126): doUpdateWidget
E/MusicQueue(15126): 列表为空
I/MediaButtonReceiver(15126): onReceive : android.intent.action.MEDIA_BUTTON
I/MediaButtonReceiver(15126): action : null
I/Widget2x2Transparent(15126): appWidgetIds为空
W/InputMethodManagerService(  485): Window already focused, ignoring focus gain of: com.android.internal.view.IInputMethodClient$Stub$Proxy@4ab9dc88 attribute=null, token = android.os.BinderProxy@4ab0d3ac
D/dalvikvm(  485): GC_FOR_ALLOC freed 1146K, 27% free 18793K/25680K, paused 12ms, total 12ms
I/Widget2x2Transparent(15126): appWidgetIds为空
W/ViewRootImpl(  542): Dropping event due to no window focus: MotionEvent { action=ACTION_MOVE, id[0]=0, x[0]=-4.0, y[0]=1.0, toolType[0]=TOOL_TYPE_UNKNOWN, buttonState=0, metaState=0, flags=0x0, edgeFlags=0x0, pointerCount=1, historySize=6, eventTime=4144775, downTime=-1, deviceId=0, source=0x10004 }
V/InputMethodService(  651): onEvaluateInputViewShown: config.hardKeyboardHidden = 1
D/dalvikvm(  542): GC_FOR_ALLOC freed 496K, 42% free 10917K/18596K, paused 4ms, total 4ms
W/ContextImpl(  485): Calling a method in the system process without a qualified user: android.app.ContextImpl.sendBroadcast:1123 com.android.server.InputMethodManagerService.showCurrentInputLocked:1791 com.android.server.InputMethodManagerService.showSoftInput:1753 com.android.internal.view.IInputMethodManager$Stub.onTransact:175 com.android.server.InputMethodManagerService.onTransact:818 
V/FlingTracker(  542): computeCurrentVelocity warning: totalweight=0
V/FlingTracker(  542): java.lang.Throwable
V/FlingTracker(  542): 	at com.android.systemui.statusbar.phone.PanelView$FlingTracker.computeCurrentVelocity(PanelView.java:162)
V/FlingTracker(  542): 	at com.android.systemui.statusbar.phone.PanelView$3.onTouch(PanelView.java:462)
V/FlingTracker(  542): 	at android.view.View.dispatchTouchEvent(View.java:7701)
V/FlingTracker(  542): 	at com.android.systemui.statusbar.phone.NotificationPanelView.onTouchEvent(NotificationPanelView.java:138)
V/FlingTracker(  542): 	at android.view.View.dispatchTouchEvent(View.java:7706)
V/FlingTracker(  542): 	at android.view.ViewGroup.dispatchTransformedTouchEvent(ViewGroup.java:2210)
V/FlingTracker(  542): 	at android.view.ViewGroup.dispatchTouchEvent(ViewGroup.java:1945)
V/FlingTracker(  542): 	at android.view.ViewGroup.dispatchTransformedTouchEvent(ViewGroup.java:2216)
V/FlingTracker(  542): 	at android.view.ViewGroup.dispatchTouchEvent(ViewGroup.java:1959)
V/FlingTracker(  542): 	at android.view.ViewGroup.dispatchTransformedTouchEvent(ViewGroup.java:2216)
V/FlingTracker(  542): 	at android.view.ViewGroup.dispatchTouchEvent(ViewGroup.java:1959)
V/FlingTracker(  542): 	at android.view.View.dispatchPointerEvent(View.java:7886)
V/FlingTracker(  542): 	at android.view.ViewRootImpl$ViewPostImeInputStage.processPointerEvent(ViewRootImpl.java:3978)
V/FlingTracker(  542): 	at android.view.ViewRootImpl$ViewPostImeInputStage.onProcess(ViewRootImpl.java:3857)
V/FlingTracker(  542): 	at android.view.ViewRootImpl$InputStage.deliver(ViewRootImpl.java:3423)
V/FlingTracker(  542): 	at android.view.ViewRootImpl$InputStage.onDeliverToNext(ViewRootImpl.java:3473)
V/FlingTracker(  542): 	at android.view.ViewRootImpl$InputStage.forward(ViewRootImpl.java:3442)
V/FlingTracker(  542): 	at android.view.ViewRootImpl$AsyncInputStage.forward(ViewRootImpl.java:3549)
V/FlingTracker(  542): 	at android.view.ViewRootImpl$InputStage.apply(ViewRootImpl.java:3450)
V/FlingTracker(  542): 	at android.view.ViewRootImpl$AsyncInputStage.apply(ViewRootImpl.java:3606)
V/FlingTracker(  542): 	at android.view.ViewRootImpl$InputStage.deliver(ViewRootImpl.java:3423)
V/FlingTracker(  542): 	at android.view.ViewRootImpl$InputStage.onDeliverToNext(ViewRootImpl.java:3473)
V/FlingTracker(  542): 	at android.view.ViewRootImpl$InputStage.forward(ViewRootImpl.java:3442)
V/FlingTracker(  542): 	at android.view.ViewRootImpl$InputStage.apply(ViewRootImpl.java:3450)
V/FlingTracker(  542): 	at android.view.ViewRootImpl$InputStage.deliver(ViewRootImpl.java:3423)
V/FlingTracker(  542): 	at android.view.ViewRootImpl.deliverInputEvent(ViewRootImpl.java:5626)
V/FlingTracker(  542): 	at android.view.ViewRootImpl.doProcessInputEvents(ViewRootImpl.java:5606)
V/FlingTracker(  542): 	at android.view.ViewRootImpl.enqueueInputEvent(ViewRootImpl.java:5577)
V/FlingTracker(  542): 	at android.view.ViewRootImpl$WindowInputEventReceiver.onInputEvent(ViewRootImpl.java:5706)
V/FlingTracker(  542): 	at android.view.InputEventReceiver.dispatchInputEvent(InputEventReceiver.java:185)
V/FlingTracker(  542): 	at android.os.MessageQueue.nativePollOnce(Native Method)
V/FlingTracker(  542): 	at android.os.MessageQueue.next(MessageQueue.java:138)
V/FlingTracker(  542): 	at android.os.Looper.loop(Looper.java:123)
V/FlingTracker(  542): 	at android.app.ActivityThread.main(ActivityThread.java:5019)
V/FlingTracker(  542): 	at java.lang.reflect.Method.invokeNative(Native Method)
V/FlingTracker(  542): 	at java.lang.reflect.Method.invoke(Method.java:515)
V/FlingTracker(  542): 	at com.android.internal.os.ZygoteInit$MethodAndArgsCaller.run(ZygoteInit.java:779)
V/FlingTracker(  542): 	at com.android.internal.os.ZygoteInit.main(ZygoteInit.java:595)
V/FlingTracker(  542): 	at dalvik.system.NativeStart.main(Native Method)
V/PanelView(  542): animationTick called with dtms=0; nothing to do (h=1051.397 v=0.0)
I/ActivityManager(  485): START u0 {act=android.intent.action.CHOOSER flg=0x10008001 cmp=android/com.android.internal.app.ChooserActivity bnds=[96,389][720,461] (has clip) (has extras)} from pid -1
V/PanelView(  542): animationTick called with dtms=0; nothing to do (h=1051.397 v=-3000.0)
V/PanelView(  542): animationTick called with dtms=-2; nothing to do (h=1051.397 v=-3000.0)
D/SizeAdaptiveLayout(  542): com.android.internal.widget.SizeAdaptiveLayout{4a840b04 V.E..... ........ 0,0-720,384 #7f07004f app:id/adaptive}child view android.widget.FrameLayout{4ad03a58 G.E..... ......ID 0,0-0,0 #10202d6 android:id/status_bar_latest_event_content} measured out of bounds at 95px clamped to 96px
V/InputMethodService(  651): onEvaluateInputViewShown: config.hardKeyboardHidden = 1
W/ContextImpl(  485): Calling a method in the system process without a qualified user: android.app.ContextImpl.sendBroadcast:1123 com.android.server.InputMethodManagerService.showCurrentInputLocked:1791 com.android.server.InputMethodManagerService.showSoftInput:1753 com.android.internal.view.IInputMethodManager$Stub.onTransact:175 com.android.server.InputMethodManagerService.onTransact:818 
W/ViewRootImpl(21708): Dropping event due to no window focus: KeyEvent { action=ACTION_DOWN, keyCode=KEYCODE_MENU, scanCode=0, metaState=0, flags=0x8, repeatCount=0, eventTime=4144926, downTime=4144926, deviceId=-1, source=0x101 }
V/PanelView(  542): animationTick called with dtms=0; nothing to do (h=1051.397 v=0.0)
V/PanelView(  542): animationTick called with dtms=-12; nothing to do (h=1051.397 v=0.0)
V/PanelView(  542): animationTick called with dtms=0; nothing to do (h=1051.397 v=0.0)
V/PanelView(  542): animationTick called with dtms=0; nothing to do (h=1051.4089 v=-3000.0)
V/PanelView(  542): animationTick called with dtms=0; nothing to do (h=1051.4089 v=-3000.0)
V/PanelView(  542): animationTick called with dtms=0; nothing to do (h=1051.4089 v=-3000.0)
V/PanelView(  542): animationTick called with dtms=0; nothing to do (h=1051.4089 v=-3000.0)
V/PanelView(  542): animationTick called with dtms=-12; nothing to do (h=1051.4089 v=-3000.0)
V/PanelView(  542): animationTick called with dtms=0; nothing to do (h=949.14197 v=-3000.0)
V/PanelView(  542): animationTick called with dtms=-3; nothing to do (h=949.14197 v=-3000.0)
I/ActivityManager(  485): START u0 {act=android.intent.action.VIEW dat=content://media/external/images/media/970 typ=image/png flg=0x10000000 cmp=com.android.gallery3d/.app.GalleryActivity bnds=[0,77][720,172]} from pid -1
V/PanelView(  542): animationTick called with dtms=0; nothing to do (h=847.691 v=-3000.0)
V/PanelView(  542): animationTick called with dtms=0; nothing to do (h=847.691 v=-3000.0)
V/PanelView(  542): animationTick called with dtms=-3; nothing to do (h=847.691 v=-3000.0)
V/PanelView(  542): animationTick called with dtms=0; nothing to do (h=847.691 v=-3000.0)
V/PanelView(  542): animationTick called with dtms=0; nothing to do (h=847.691 v=-3000.0)
V/PanelView(  542): animationTick called with dtms=-10; nothing to do (h=847.691 v=-3000.0)
V/PanelView(  542): animationTick called with dtms=0; nothing to do (h=795.824 v=-3000.0)
V/PanelView(  542): animationTick called with dtms=0; nothing to do (h=795.824 v=-3000.0)
V/PanelView(  542): animationTick called with dtms=0; nothing to do (h=795.824 v=-3000.0)
W/InputMethodManagerService(  485): Window already focused, ignoring focus gain of: com.android.internal.view.IInputMethodClient$Stub$Proxy@4aa22350 attribute=null, token = android.os.BinderProxy@4ab0d3ac
V/PanelView(  542): animationTick called with dtms=0; nothing to do (h=820.4073 v=2259.3933)
V/PanelView(  542): animationTick called with dtms=-10; nothing to do (h=820.4073 v=2259.3933)
V/InputMethodService(  651): onEvaluateInputViewShown: config.hardKeyboardHidden = 1
W/ContextImpl(  485): Calling a method in the system process without a qualified user: android.app.ContextImpl.sendBroadcast:1123 com.android.server.InputMethodManagerService.showCurrentInputLocked:1791 com.android.server.InputMethodManagerService.showSoftInput:1753 com.android.internal.view.IInputMethodManager$Stub.onTransact:175 com.android.server.InputMethodManagerService.onTransact:818 
V/PanelView(  542): animationTick called with dtms=0; nothing to do (h=931.96893 v=3304.2178)
V/PanelView(  542): animationTick called with dtms=-15; nothing to do (h=931.96893 v=3304.2178)
I/ActivityManager(  485): START u0 {act=android.intent.action.MAIN cat=[android.intent.category.LAUNCHER] flg=0x10200000 cmp=com.techwin.shc/.main.intro.Intro} from pid 21698
W/ViewRootImpl(21708): Dropping event due to no window focus: KeyEvent { action=ACTION_DOWN, keyCode=KEYCODE_INFO, scanCode=0, metaState=0, flags=0x8, repeatCount=0, eventTime=4145355, downTime=4145355, deviceId=-1, source=0x101 }
W/ViewRootImpl(21708): Dropping event due to no window focus: KeyEvent { action=ACTION_DOWN, keyCode=KEYCODE_DPAD_LEFT, scanCode=0, metaState=0, flags=0x8, repeatCount=0, eventTime=4145363, downTime=4145363, deviceId=-1, source=0x101 }
W/ViewRootImpl(21708): Dropping event due to no window focus: KeyEvent { action=ACTION_DOWN, keyCode=KEYCODE_MENU, scanCode=0, metaState=0, flags=0x8, repeatCount=0, eventTime=4145367, downTime=4145367, deviceId=-1, source=0x101 }
V/PanelView(  542): animationTick called with dtms=0; nothing to do (h=1140.394 v=-2621.998)
I/ActivityManager(  485): START u0 {act=android.intent.action.MAIN cat=[android.intent.category.LAUNCHER] flg=0x10200000 cmp=com.techwin.shc/.main.intro.Intro} from pid 21698
V/PanelView(  542): animationTick called with dtms=-2; nothing to do (h=1140.394 v=-2621.998)
I/ActivityManager(  485): START u0 {act=android.intent.action.MAIN cat=[android.intent.category.LAUNCHER] flg=0x10200000 cmp=com.techwin.shc/.main.intro.Intro} from pid 21698
V/PanelView(  542): animationTick called with dtms=0; nothing to do (h=1140.394 v=-0.0)
V/PanelView(  542): animationTick called with dtms=-13; nothing to do (h=1140.394 v=-0.0)
V/PanelView(  542): animationTick called with dtms=0; nothing to do (h=1140.394 v=-3000.0)
V/PanelView(  542): animationTick called with dtms=0; nothing to do (h=1140.394 v=-3000.0)
V/PanelView(  542): animationTick called with dtms=0; nothing to do (h=1140.394 v=-0.0)
I/MusicPlayService(15126): action:music_action_previous
I/MusicPlayer(15126): previous()
E/MusicQueue(15126): 列表为空
V/PanelView(  542): animationTick called with dtms=-3; nothing to do (h=1140.394 v=-0.0)
D/MusicPlayService(15126): doUpdateWidget
E/MusicQueue(15126): 列表为空
I/MusicPlayer(15126): start()
E/MusicQueue(15126): 列表为空
E/MusicQueue(15126): 列表为空
E/MusicQueue(15126): 列表为空
D/MusicPlayService(15126): doUpdateWidget
E/MusicQueue(15126): 列表为空
D/dalvikvm(  485): GC_FOR_ALLOC freed 5285K, 43% free 14641K/25680K, paused 13ms, total 14ms
I/Widget2x2Transparent(15126): appWidgetIds为空
I/Widget2x2Transparent(15126): appWidgetIds为空
D/dalvikvm(  542): GC_CONCURRENT freed 7467K, 68% free 6041K/18596K, paused 3ms+1ms, total 9ms
W/WindowManager(  485): updateFocusedWindowLocked, focusedAppToken is null.
W/ViewRootImpl(  542): Dropping event due to no window focus: KeyEvent { action=ACTION_DOWN, keyCode=KEYCODE_BUTTON_2, scanCode=0, metaState=0, flags=0x8, repeatCount=0, eventTime=4145585, downTime=4145585, deviceId=-1, source=0x101 }
W/ViewRootImpl(  542): Dropping event due to no window focus: KeyEvent { action=ACTION_DOWN, keyCode=KEYCODE_DPAD_CENTER, scanCode=0, metaState=0, flags=0x8, repeatCount=0, eventTime=4145585, downTime=4145585, deviceId=-1, source=0x101 }
W/IInputConnectionWrapper(21708): showStatusIcon on inactive InputConnection
W/ContextImpl(  485): Calling a method in the system process without a qualified user: android.app.ContextImpl.sendBroadcast:1123 com.android.server.InputMethodManagerService.hideCurrentInputLocked:1880 com.android.server.InputMethodManagerService.windowGainedFocus:1968 com.android.internal.view.IInputMethodManager$Stub.onTransact:221 com.android.server.InputMethodManagerService.onTransact:818 
W/InputEventReceiver(  542): Attempted to finish an input event but the input event receiver has already been disposed.
W/InputEventReceiver(  542): Attempted to finish an input event but the input event receiver has already been disposed.
W/ViewRootImpl(  542): Dropping event due to root view being removed: MotionEvent { action=ACTION_UP, id[0]=0, x[0]=115.81017, y[0]=175.159, toolType[0]=TOOL_TYPE_UNKNOWN, buttonState=0, metaState=0, flags=0x0, edgeFlags=0x0, pointerCount=1, historySize=0, eventTime=4145645, downTime=4145642, deviceId=0, source=0x1002 }
V/PanelView(  542): animationTick called with dtms=0; nothing to do (h=1193.362 v=-0.0)
V/PanelView(  542): animationTick called with dtms=-9; nothing to do (h=1193.362 v=-0.0)
V/PanelView(  542): animationTick called with dtms=0; nothing to do (h=1193.362 v=0.0)
V/PanelView(  542): animationTick called with dtms=-1; nothing to do (h=1193.362 v=0.0)
V/PanelView(  542): animationTick called with dtms=0; nothing to do (h=1133.411 v=-4500.0)
V/PanelView(  542): animationTick called with dtms=0; nothing to do (h=1133.411 v=-4500.0)
V/PanelView(  542): animationTick called with dtms=0; nothing to do (h=1136.1451 v=0.0)
V/PanelView(  542): animationTick called with dtms=0; nothing to do (h=1136.1451 v=0.0)
V/PanelView(  542): animationTick called with dtms=0; nothing to do (h=1136.1451 v=-3000.0)
V/PanelView(  542): animationTick called with dtms=0; nothing to do (h=1136.1451 v=-3000.0)
V/PanelView(  542): animationTick called with dtms=-12; nothing to do (h=1136.1451 v=-3000.0)
V/FlingTracker(  542): computeCurrentVelocity warning: totalweight=0
V/FlingTracker(  542): java.lang.Throwable
V/FlingTracker(  542): 	at com.android.systemui.statusbar.phone.PanelView$FlingTracker.computeCurrentVelocity(PanelView.java:162)
V/FlingTracker(  542): 	at com.android.systemui.statusbar.phone.PanelView$3.onTouch(PanelView.java:462)
V/FlingTracker(  542): 	at android.view.View.dispatchTouchEvent(View.java:7701)
V/FlingTracker(  542): 	at com.android.systemui.statusbar.phone.NotificationPanelView.onTouchEvent(NotificationPanelView.java:138)
V/FlingTracker(  542): 	at android.view.View.dispatchTouchEvent(View.java:7706)
V/FlingTracker(  542): 	at android.view.ViewGroup.dispatchTransformedTouchEvent(ViewGroup.java:2210)
V/FlingTracker(  542): 	at android.view.ViewGroup.dispatchTouchEvent(ViewGroup.java:1945)
V/FlingTracker(  542): 	at android.view.ViewGroup.dispatchTransformedTouchEvent(ViewGroup.java:2216)
V/FlingTracker(  542): 	at android.view.ViewGroup.dispatchTouchEvent(ViewGroup.java:1959)
V/FlingTracker(  542): 	at android.view.ViewGroup.dispatchTransformedTouchEvent(ViewGroup.java:2216)
V/FlingTracker(  542): 	at android.view.ViewGroup.dispatchTouchEvent(ViewGroup.java:1959)
V/FlingTracker(  542): 	at android.view.View.dispatchPointerEvent(View.java:7886)
V/FlingTracker(  542): 	at android.view.ViewRootImpl$ViewPostImeInputStage.processPointerEvent(ViewRootImpl.java:3978)
V/FlingTracker(  542): 	at android.view.ViewRootImpl$ViewPostImeInputStage.onProcess(ViewRootImpl.java:3857)
V/FlingTracker(  542): 	at android.view.ViewRootImpl$InputStage.deliver(ViewRootImpl.java:3423)
V/FlingTracker(  542): 	at android.view.ViewRootImpl$InputStage.onDeliverToNext(ViewRootImpl.java:3473)
V/FlingTracker(  542): 	at android.view.ViewRootImpl$InputStage.forward(ViewRootImpl.java:3442)
V/FlingTracker(  542): 	at android.view.ViewRootImpl$AsyncInputStage.forward(ViewRootImpl.java:3549)
V/FlingTracker(  542): 	at android.view.ViewRootImpl$InputStage.apply(ViewRootImpl.java:3450)
V/FlingTracker(  542): 	at android.view.ViewRootImpl$AsyncInputStage.apply(ViewRootImpl.java:3606)
V/FlingTracker(  542): 	at android.view.ViewRootImpl$InputStage.deliver(ViewRootImpl.java:3423)
V/FlingTracker(  542): 	at android.view.ViewRootImpl$InputStage.onDeliverToNext(ViewRootImpl.java:3473)
V/FlingTracker(  542): 	at android.view.ViewRootImpl$InputStage.forward(ViewRootImpl.java:3442)
V/FlingTracker(  542): 	at android.view.ViewRootImpl$InputStage.apply(ViewRootImpl.java:3450)
V/FlingTracker(  542): 	at android.view.ViewRootImpl$InputStage.deliver(ViewRootImpl.java:3423)
V/FlingTracker(  542): 	at android.view.ViewRootImpl.deliverInputEvent(ViewRootImpl.java:5626)
V/FlingTracker(  542): 	at android.view.ViewRootImpl.doProcessInputEvents(ViewRootImpl.java:5606)
V/FlingTracker(  542): 	at android.view.ViewRootImpl.enqueueInputEvent(ViewRootImpl.java:5577)
V/FlingTracker(  542): 	at android.view.ViewRootImpl$WindowInputEventReceiver.onInputEvent(ViewRootImpl.java:5706)
V/FlingTracker(  542): 	at android.view.InputEventReceiver.dispatchInputEvent(InputEventReceiver.java:185)
V/FlingTracker(  542): 	at android.os.MessageQueue.nativePollOnce(Native Method)
V/FlingTracker(  542): 	at android.os.MessageQueue.next(MessageQueue.java:138)
V/FlingTracker(  542): 	at android.os.Looper.loop(Looper.java:123)
V/FlingTracker(  542): 	at android.app.ActivityThread.main(ActivityThread.java:5019)
V/FlingTracker(  542): 	at java.lang.reflect.Method.invokeNative(Native Method)
V/FlingTracker(  542): 	at java.lang.reflect.Method.invoke(Method.java:515)
V/FlingTracker(  542): 	at com.android.internal.os.ZygoteInit$MethodAndArgsCaller.run(ZygoteInit.java:779)
V/FlingTracker(  542): 	at com.android.internal.os.ZygoteInit.main(ZygoteInit.java:595)
V/FlingTracker(  542): 	at dalvik.system.NativeStart.main(Native Method)
V/PanelView(  542): animationTick called with dtms=0; nothing to do (h=1136.1451 v=0.0)
V/PanelView(  542): animationTick called with dtms=-12; nothing to do (h=1136.1451 v=0.0)
V/PanelView(  542): animationTick called with dtms=0; nothing to do (h=1130.3281 v=0.0)
I/ActivityManager(  485): START u0 {flg=0x4200020 cmp=media.music.musicplayer.mp3player/com.ijoysoft.music.activity.MusicPlayActivity bnds=[0,77][720,257]} from pid -1
V/PanelView(  542): animationTick called with dtms=0; nothing to do (h=1130.3281 v=-3000.0)
V/PanelView(  542): animationTick called with dtms=-8; nothing to do (h=1130.3281 v=-3000.0)
V/PanelView(  542): animationTick called with dtms=0; nothing to do (h=1130.3281 v=-3000.0)
V/PanelView(  542): animationTick called with dtms=-3; nothing to do (h=1130.3281 v=-3000.0)
I/ActivityManager(  485): START u0 {act=android.intent.action.QUICK_CLOCK flg=0x14000000 cmp=com.android.settings/.Settings$DateTimeSettingsActivity} from pid 542
V/PanelView(  542): animationTick called with dtms=0; nothing to do (h=1130.3281 v=-3000.0)
V/PanelView(  542): animationTick called with dtms=0; nothing to do (h=1130.3281 v=-3000.0)
V/PanelView(  542): animationTick called with dtms=0; nothing to do (h=1130.3281 v=-3000.0)
