W/ViewRootImpl(19844): Dropping event due to root view being removed: MotionEvent { action=ACTION_POINTER_DOWN(1), id[0]=0, x[0]=-34.002426, y[0]=-72.01674, toolType[0]=TOOL_TYPE_UNKNOWN, id[1]=1, x[1]=478.0, y[1]=71.0, toolType[1]=TOOL_TYPE_UNKNOWN, buttonState=0, metaState=0, flags=0x0, edgeFlags=0x0, pointerCount=2, historySize=0, eventTime=1172380, downTime=1172380, deviceId=0, source=0x1002 }
W/ViewRootImpl(19844): Dropping event due to root view being removed: MotionEvent { action=ACTION_MOVE, id[0]=0, x[0]=-70.257706, y[0]=-83.65592, toolType[0]=TOOL_TYPE_UNKNOWN, id[1]=1, x[1]=468.82623, y[1]=79.351135, toolType[1]=TOOL_TYPE_UNKNOWN, buttonState=0, metaState=0, flags=0x0, edgeFlags=0x0, pointerCount=2, historySize=2, eventTime=1172381, downTime=1172380, deviceId=0, source=0x1002 }
W/InputManager(  314): Input event injection from pid 19834 failed.
W/InputManager(  314): Input event injection from pid 19834 failed.
W/InputMethodManagerService(  314): Window already focused, ignoring focus gain of: com.android.internal.view.IInputMethodClient$Stub$Proxy@4aae765c attribute=android.view.inputmethod.EditorInfo@4aae71e4, token = android.os.BinderProxy@4ae69418
W/InputManager(  314): Input event injection from pid 19834 failed.
W/ViewRootImpl(19844): Dropping event due to no window focus: KeyEvent { action=ACTION_DOWN, keyCode=KEYCODE_DPAD_LEFT, scanCode=0, metaState=0, flags=0x8, repeatCount=0, eventTime=1172399, downTime=1172399, deviceId=-1, source=0x101 }
W/EGL_emulation(19844): eglSurfaceAttrib not implemented 3093 12436
I/System.out(19844): body:<com.facebook.ads.internal.thirdparty.http.a: int a(java.net.HttpURLConnection,byte[])>	sig:$i0 = virtualinvoke $r1.<java.net.HttpURLConnection: int getResponseCode()>()	timediff:96
I/System.out(19844): body:<com.facebook.ads.internal.thirdparty.http.a: com.facebook.ads.internal.thirdparty.http.n a(java.lang.String,com.facebook.ads.internal.thirdparty.http.j,java.lang.String,byte[])>	sig:$z0 = virtualinvoke $r7.<java.net.HttpURLConnection: boolean getDoInput()>()	timediff:0
I/System.out(19844): body:<com.facebook.ads.internal.thirdparty.http.a: com.facebook.ads.internal.thirdparty.http.n b(java.net.HttpURLConnection)>	sig:$r5 = virtualinvoke $r1.<java.net.HttpURLConnection: java.io.InputStream getErrorStream()>()	timediff:0
I/System.out(19844): body:<com.facebook.ads.internal.thirdparty.http.n: void <init>(java.net.HttpURLConnection,byte[])>	sig:$i0 = virtualinvoke $r1.<java.net.HttpURLConnection: int getResponseCode()>()	timediff:0
I/System.out(19844): body:<com.facebook.ads.internal.thirdparty.http.n: void <init>(java.net.HttpURLConnection,byte[])>	sig:$r3 = virtualinvoke $r1.<java.net.HttpURLConnection: java.net.URL getURL()>()	timediff:0
I/System.out(19844): body:<com.facebook.ads.internal.thirdparty.http.n: void <init>(java.net.HttpURLConnection,byte[])>	sig:$r4 = virtualinvoke $r3.<java.net.URL: java.lang.String toString()>()	timediff:0
I/System.out(19844): body:<com.facebook.ads.internal.thirdparty.http.n: void <init>(java.net.HttpURLConnection,byte[])>	sig:$r5 = virtualinvoke $r1.<java.net.HttpURLConnection: java.util.Map getHeaderFields()>()	timediff:0
I/System.out(19844): body:<com.facebook.ads.internal.thirdparty.http.a: com.facebook.ads.internal.thirdparty.http.n a(java.lang.String,com.facebook.ads.internal.thirdparty.http.j,java.lang.String,byte[])>	sig:virtualinvoke $r7.<java.net.HttpURLConnection: void disconnect()>()	timediff:0
I/ActivityManager(  314): START u0 {act=android.intent.action.CALL_BUTTON flg=0x10000000} from pid 19844
W/PhoneFallbackEventHandler(19844): No activity found for android.intent.action.CALL_BUTTON.
W/ViewRootImpl(19844): Dropping event due to no window focus: KeyEvent { action=ACTION_DOWN, keyCode=KEYCODE_DPAD_CENTER, scanCode=0, metaState=0, flags=0x8, repeatCount=0, eventTime=1172458, downTime=1172458, deviceId=-1, source=0x101 }
W/InputMethodManagerService(  314): Window already focused, ignoring focus gain of: com.android.internal.view.IInputMethodClient$Stub$Proxy@4a999630 attribute=android.view.inputmethod.EditorInfo@4b3907cc, token = android.os.BinderProxy@4ae69418
I/ActivityManager(  314): START u0 {act=com.google.android.gms.plus.action.PLUS_ONE cmp=com.google.android.gms/.plus.plusone.PlusOneActivity (has extras)} from pid 19844
W/GmsClientEvents(19844): registerConnectionCallbacks(): listener aboh{4aec34e0 VFE..... ......I. 0,0-0,0} is already registered
W/GmsClientEvents(19844): registerConnectionFailedListener(): listener aboh{4aec34e0 VFE..... ......I. 0,0-0,0} is already registered
I/ActivityManager(  314): START u0 {act=android.intent.action.MAIN cat=[android.intent.category.LAUNCHER] flg=0x10200000 cmp=fnzstudios.com.videocrop/.SplashScreenActivity} from pid 19834
E/ActivityThread(19844): Failed to find provider info for com.facebook.katana.provider.AttributionIdProvider
W/ViewRootImpl(19844): Dropping event due to no window focus: KeyEvent { action=ACTION_DOWN, keyCode=KEYCODE_DPAD_UP, scanCode=0, metaState=0, flags=0x8, repeatCount=0, eventTime=1172498, downTime=1172498, deviceId=-1, source=0x101 }
D/dalvikvm(19844): GC_CONCURRENT freed 3126K, 18% free 14146K/17204K, paused 0ms+0ms, total 12ms
W/EGL_emulation(19844): eglSurfaceAttrib not implemented 3093 12436
I/System.out(19844): body:<com.facebook.ads.internal.thirdparty.http.o: java.lang.String a()>	sig:$r6 = staticinvoke <java.net.URLEncoder: java.lang.String encode(java.lang.String,java.lang.String)>($r6, "UTF-8")	timediff:0
I/System.out(19844): body:<com.facebook.ads.internal.thirdparty.http.o: java.lang.String a()>	sig:$r6 = staticinvoke <java.net.URLEncoder: java.lang.String encode(java.lang.String,java.lang.String)>($r6, "UTF-8")	timediff:0
I/System.out(19844): body:<com.facebook.ads.internal.thirdparty.http.o: java.lang.String a()>	sig:$r6 = staticinvoke <java.net.URLEncoder: java.lang.String encode(java.lang.String,java.lang.String)>($r6, "UTF-8")	timediff:0
I/System.out(19844): body:<com.facebook.ads.internal.thirdparty.http.o: java.lang.String a()>	sig:$r6 = staticinvoke <java.net.URLEncoder: java.lang.String encode(java.lang.String,java.lang.String)>($r6, "UTF-8")	timediff:0
I/System.out(19844): body:<com.facebook.ads.internal.thirdparty.http.o: java.lang.String a()>	sig:$r6 = staticinvoke <java.net.URLEncoder: java.lang.String encode(java.lang.String,java.lang.String)>($r6, "UTF-8")	timediff:0
I/System.out(19844): body:<com.facebook.ads.internal.thirdparty.http.o: java.lang.String a()>	sig:$r6 = staticinvoke <java.net.URLEncoder: java.lang.String encode(java.lang.String,java.lang.String)>($r6, "UTF-8")	timediff:0
I/System.out(19844): body:<com.facebook.ads.internal.thirdparty.http.o: java.lang.String a()>	sig:$r6 = staticinvoke <java.net.URLEncoder: java.lang.String encode(java.lang.String,java.lang.String)>($r6, "UTF-8")	timediff:0
I/System.out(19844): body:<com.facebook.ads.internal.thirdparty.http.o: java.lang.String a()>	sig:$r6 = staticinvoke <java.net.URLEncoder: java.lang.String encode(java.lang.String,java.lang.String)>($r6, "UTF-8")	timediff:0
I/System.out(19844): body:<com.facebook.ads.internal.thirdparty.http.o: java.lang.String a()>	sig:$r6 = staticinvoke <java.net.URLEncoder: java.lang.String encode(java.lang.String,java.lang.String)>($r6, "UTF-8")	timediff:0
I/System.out(19844): body:<com.facebook.ads.internal.thirdparty.http.o: java.lang.String a()>	sig:$r6 = staticinvoke <java.net.URLEncoder: java.lang.String encode(java.lang.String,java.lang.String)>($r6, "UTF-8")	timediff:0
I/System.out(19844): body:<com.facebook.ads.internal.thirdparty.http.o: java.lang.String a()>	sig:$r6 = staticinvoke <java.net.URLEncoder: java.lang.String encode(java.lang.String,java.lang.String)>($r6, "UTF-8")	timediff:0
I/System.out(19844): body:<com.facebook.ads.internal.thirdparty.http.o: java.lang.String a()>	sig:$r6 = staticinvoke <java.net.URLEncoder: java.lang.String encode(java.lang.String,java.lang.String)>($r6, "UTF-8")	timediff:0
I/System.out(19844): body:<com.facebook.ads.internal.thirdparty.http.o: java.lang.String a()>	sig:$r6 = staticinvoke <java.net.URLEncoder: java.lang.String encode(java.lang.String,java.lang.String)>($r6, "UTF-8")	timediff:0
I/System.out(19844): body:<com.facebook.ads.internal.thirdparty.http.o: java.lang.String a()>	sig:$r6 = staticinvoke <java.net.URLEncoder: java.lang.String encode(java.lang.String,java.lang.String)>($r6, "UTF-8")	timediff:0
I/System.out(19844): body:<com.facebook.ads.internal.thirdparty.http.o: java.lang.String a()>	sig:$r6 = staticinvoke <java.net.URLEncoder: java.lang.String encode(java.lang.String,java.lang.String)>($r6, "UTF-8")	timediff:0
I/System.out(19844): body:<com.facebook.ads.internal.thirdparty.http.o: java.lang.String a()>	sig:$r6 = staticinvoke <java.net.URLEncoder: java.lang.String encode(java.lang.String,java.lang.String)>($r6, "UTF-8")	timediff:0
I/System.out(19844): body:<com.facebook.ads.internal.thirdparty.http.o: java.lang.String a()>	sig:$r6 = staticinvoke <java.net.URLEncoder: java.lang.String encode(java.lang.String,java.lang.String)>($r6, "UTF-8")	timediff:0
I/System.out(19844): body:<com.facebook.ads.internal.thirdparty.http.o: java.lang.String a()>	sig:$r6 = staticinvoke <java.net.URLEncoder: java.lang.String encode(java.lang.String,java.lang.String)>($r6, "UTF-8")	timediff:0
I/System.out(19844): body:<com.facebook.ads.internal.thirdparty.http.o: java.lang.String a()>	sig:$r6 = staticinvoke <java.net.URLEncoder: java.lang.String encode(java.lang.String,java.lang.String)>($r6, "UTF-8")	timediff:0
I/System.out(19844): body:<com.facebook.ads.internal.thirdparty.http.o: java.lang.String a()>	sig:$r6 = staticinvoke <java.net.URLEncoder: java.lang.String encode(java.lang.String,java.lang.String)>($r6, "UTF-8")	timediff:0
I/System.out(19844): body:<com.facebook.ads.internal.thirdparty.http.o: java.lang.String a()>	sig:$r6 = staticinvoke <java.net.URLEncoder: java.lang.String encode(java.lang.String,java.lang.String)>($r6, "UTF-8")	timediff:0
I/System.out(19844): body:<com.facebook.ads.internal.thirdparty.http.o: java.lang.String a()>	sig:$r6 = staticinvoke <java.net.URLEncoder: java.lang.String encode(java.lang.String,java.lang.String)>($r6, "UTF-8")	timediff:0
I/System.out(19844): body:<com.facebook.ads.internal.thirdparty.http.o: java.lang.String a()>	sig:$r6 = staticinvoke <java.net.URLEncoder: java.lang.String encode(java.lang.String,java.lang.String)>($r6, "UTF-8")	timediff:0
I/System.out(19844): body:<com.facebook.ads.internal.thirdparty.http.o: java.lang.String a()>	sig:$r6 = staticinvoke <java.net.URLEncoder: java.lang.String encode(java.lang.String,java.lang.String)>($r6, "UTF-8")	timediff:0
I/System.out(19844): body:<com.facebook.ads.internal.thirdparty.http.o: java.lang.String a()>	sig:$r6 = staticinvoke <java.net.URLEncoder: java.lang.String encode(java.lang.String,java.lang.String)>($r6, "UTF-8")	timediff:0
I/System.out(19844): body:<com.facebook.ads.internal.thirdparty.http.o: java.lang.String a()>	sig:$r6 = staticinvoke <java.net.URLEncoder: java.lang.String encode(java.lang.String,java.lang.String)>($r6, "UTF-8")	timediff:0
I/System.out(19844): body:<com.facebook.ads.internal.thirdparty.http.o: java.lang.String a()>	sig:$r6 = staticinvoke <java.net.URLEncoder: java.lang.String encode(java.lang.String,java.lang.String)>($r6, "UTF-8")	timediff:0
I/System.out(19844): body:<com.facebook.ads.internal.thirdparty.http.o: java.lang.String a()>	sig:$r6 = staticinvoke <java.net.URLEncoder: java.lang.String encode(java.lang.String,java.lang.String)>($r6, "UTF-8")	timediff:0
I/System.out(19844): body:<com.facebook.ads.internal.thirdparty.http.o: java.lang.String a()>	sig:$r6 = staticinvoke <java.net.URLEncoder: java.lang.String encode(java.lang.String,java.lang.String)>($r6, "UTF-8")	timediff:0
I/System.out(19844): body:<com.facebook.ads.internal.thirdparty.http.o: java.lang.String a()>	sig:$r6 = staticinvoke <java.net.URLEncoder: java.lang.String encode(java.lang.String,java.lang.String)>($r6, "UTF-8")	timediff:0
I/System.out(19844): body:<com.facebook.ads.internal.thirdparty.http.a: java.net.HttpURLConnection a(java.lang.String)>	sig:specialinvoke $r5.<java.net.URL: void <init>(java.lang.String)>($r3)	timediff:0
I/System.out(19844): <com.facebook.ads.internal.thirdparty.http.a: java.net.HttpURLConnection a(java.lang.String)>###specialinvoke $r5.<java.net.URL: void <init>(java.lang.String)>($r3)###https://graph.facebook.com/network_ads_common/
I/System.out(19844): body:<com.facebook.ads.internal.thirdparty.http.f: java.net.HttpURLConnection a(java.lang.String)>	sig:specialinvoke $r2.<java.net.URL: void <init>(java.lang.String)>($r1)	timediff:0
I/System.out(19844): <com.facebook.ads.internal.thirdparty.http.f: java.net.HttpURLConnection a(java.lang.String)>###specialinvoke $r2.<java.net.URL: void <init>(java.lang.String)>($r1)###https://graph.facebook.com/network_ads_common/
I/System.out(19844): body:<com.facebook.ads.internal.thirdparty.http.f: java.net.HttpURLConnection a(java.lang.String)>	sig:$r3 = virtualinvoke $r2.<java.net.URL: java.net.URLConnection openConnection()>()	timediff:0
I/System.out(19844): body:<com.facebook.ads.internal.thirdparty.http.a: void a(java.net.HttpURLConnection,com.facebook.ads.internal.thirdparty.http.j,java.lang.String)>	sig:virtualinvoke $r1.<java.net.HttpURLConnection: void setConnectTimeout(int)>($i0)	timediff:0
I/System.out(19844): body:<com.facebook.ads.internal.thirdparty.http.a: void a(java.net.HttpURLConnection,com.facebook.ads.internal.thirdparty.http.j,java.lang.String)>	sig:virtualinvoke $r1.<java.net.HttpURLConnection: void setReadTimeout(int)>($i0)	timediff:0
I/System.out(19844): body:<com.facebook.ads.internal.thirdparty.http.f: void a(java.net.HttpURLConnection,com.facebook.ads.internal.thirdparty.http.j,java.lang.String)>	sig:virtualinvoke $r1.<java.net.HttpURLConnection: void setRequestMethod(java.lang.String)>($r4)	timediff:0
I/System.out(19844): body:<com.facebook.ads.internal.thirdparty.http.f: void a(java.net.HttpURLConnection,com.facebook.ads.internal.thirdparty.http.j,java.lang.String)>	sig:virtualinvoke $r1.<java.net.HttpURLConnection: void setDoOutput(boolean)>($z0)	timediff:0
I/System.out(19844): body:<com.facebook.ads.internal.thirdparty.http.f: void a(java.net.HttpURLConnection,com.facebook.ads.internal.thirdparty.http.j,java.lang.String)>	sig:virtualinvoke $r1.<java.net.HttpURLConnection: void setDoInput(boolean)>($z0)	timediff:0
I/System.out(19844): body:<com.facebook.ads.internal.thirdparty.http.f: void a(java.net.HttpURLConnection,com.facebook.ads.internal.thirdparty.http.j,java.lang.String)>	sig:virtualinvoke $r1.<java.net.HttpURLConnection: void setRequestProperty(java.lang.String,java.lang.String)>("Content-Type", $r3)	timediff:0
I/System.out(19844): body:<com.facebook.ads.internal.thirdparty.http.f: void a(java.net.HttpURLConnection,com.facebook.ads.internal.thirdparty.http.j,java.lang.String)>	sig:virtualinvoke $r1.<java.net.HttpURLConnection: void setRequestProperty(java.lang.String,java.lang.String)>("Accept-Charset", "UTF-8")	timediff:0
I/System.out(19844): body:<com.facebook.ads.internal.thirdparty.http.a: void c(java.net.HttpURLConnection)>	sig:virtualinvoke $r1.<java.net.HttpURLConnection: void setRequestProperty(java.lang.String,java.lang.String)>($r6, $r7)	timediff:0
I/System.out(19844): body:<com.facebook.ads.internal.thirdparty.http.a: com.facebook.ads.internal.thirdparty.http.n a(java.lang.String,com.facebook.ads.internal.thirdparty.http.j,java.lang.String,byte[])>	sig:virtualinvoke $r7.<java.net.HttpURLConnection: void connect()>()	timediff:11
I/System.out(19844): body:<com.facebook.ads.internal.thirdparty.http.a: com.facebook.ads.internal.thirdparty.http.n a(java.lang.String,com.facebook.ads.internal.thirdparty.http.j,java.lang.String,byte[])>	sig:$z0 = virtualinvoke $r7.<java.net.HttpURLConnection: boolean getDoOutput()>()	timediff:0
I/System.out(19844): body:<com.facebook.ads.internal.thirdparty.http.f: java.io.OutputStream a(java.net.HttpURLConnection)>	sig:$r2 = virtualinvoke $r1.<java.net.HttpURLConnection: java.io.OutputStream getOutputStream()>()	timediff:0
W/ViewRootImpl(19844): Dropping event due to no window focus: KeyEvent { action=ACTION_DOWN, keyCode=KEYCODE_DPAD_CENTER, scanCode=0, metaState=0, flags=0x8, repeatCount=0, eventTime=1172577, downTime=1172577, deviceId=-1, source=0x101 }
W/InputEventReceiver(19844): Attempted to finish an input event but the input event receiver has already been disposed.
W/InputEventReceiver(19844): Attempted to finish an input event but the input event receiver has already been disposed.
W/ViewRootImpl(19844): Dropping event due to root view being removed: MotionEvent { action=ACTION_UP, id[0]=0, x[0]=-159.57487, y[0]=-132.80005, toolType[0]=TOOL_TYPE_UNKNOWN, buttonState=0, metaState=0, flags=0x0, edgeFlags=0x0, pointerCount=1, historySize=0, eventTime=1172585, downTime=1172584, deviceId=0, source=0x1002 }
W/ViewRootImpl(19844): Dropping event due to no window focus: KeyEvent { action=ACTION_DOWN, keyCode=KEYCODE_DPAD_DOWN, scanCode=0, metaState=0, flags=0x8, repeatCount=0, eventTime=1172586, downTime=1172586, deviceId=-1, source=0x101 }
W/EGL_emulation(19844): eglSurfaceAttrib not implemented 3093 12436
I/System.out(19844): body:<com.facebook.ads.internal.thirdparty.http.a: int a(java.net.HttpURLConnection,byte[])>	sig:$i0 = virtualinvoke $r1.<java.net.HttpURLConnection: int getResponseCode()>()	timediff:95
I/System.out(19844): body:<com.facebook.ads.internal.thirdparty.http.a: com.facebook.ads.internal.thirdparty.http.n a(java.lang.String,com.facebook.ads.internal.thirdparty.http.j,java.lang.String,byte[])>	sig:$z0 = virtualinvoke $r7.<java.net.HttpURLConnection: boolean getDoInput()>()	timediff:0
I/System.out(19844): body:<com.facebook.ads.internal.thirdparty.http.a: com.facebook.ads.internal.thirdparty.http.n b(java.net.HttpURLConnection)>	sig:$r5 = virtualinvoke $r1.<java.net.HttpURLConnection: java.io.InputStream getErrorStream()>()	timediff:0
I/System.out(19844): body:<com.facebook.ads.internal.thirdparty.http.n: void <init>(java.net.HttpURLConnection,byte[])>	sig:$i0 = virtualinvoke $r1.<java.net.HttpURLConnection: int getResponseCode()>()	timediff:0
I/System.out(19844): body:<com.facebook.ads.internal.thirdparty.http.n: void <init>(java.net.HttpURLConnection,byte[])>	sig:$r3 = virtualinvoke $r1.<java.net.HttpURLConnection: java.net.URL getURL()>()	timediff:0
I/System.out(19844): body:<com.facebook.ads.internal.thirdparty.http.n: void <init>(java.net.HttpURLConnection,byte[])>	sig:$r4 = virtualinvoke $r3.<java.net.URL: java.lang.String toString()>()	timediff:0
I/System.out(19844): body:<com.facebook.ads.internal.thirdparty.http.n: void <init>(java.net.HttpURLConnection,byte[])>	sig:$r5 = virtualinvoke $r1.<java.net.HttpURLConnection: java.util.Map getHeaderFields()>()	timediff:0
I/System.out(19844): body:<com.facebook.ads.internal.thirdparty.http.a: com.facebook.ads.internal.thirdparty.http.n a(java.lang.String,com.facebook.ads.internal.thirdparty.http.j,java.lang.String,byte[])>	sig:virtualinvoke $r7.<java.net.HttpURLConnection: void disconnect()>()	timediff:0
W/EGL_emulation(19844): eglSurfaceAttrib not implemented 3093 12436
W/Ads     (19844): Not enough space to show ad. Needs 320x50 dp, but only has 853x0 dp.
W/Ads     (19844): Not enough space to show ad. Needs 320x50 dp, but only has 853x0 dp.
I/ActivityManager(  314): START u0 {act=android.intent.action.PICK typ=video/* cmp=fnzstudios.com.videocrop/.VideoGalleryActivity (has extras)} from pid 19844
W/InputEventReceiver(19844): Attempted to finish an input event but the input event receiver has already been disposed.
W/InputEventReceiver(19844): Attempted to finish an input event but the input event receiver has already been disposed.
W/InputEventReceiver(19844): Attempted to finish an input event but the input event receiver has already been disposed.
W/InputEventReceiver(19844): Attempted to finish an input event but the input event receiver has already been disposed.
W/InputEventReceiver(19844): Attempted to finish an input event but the input event receiver has already been disposed.
W/InputEventReceiver(19844): Attempted to finish an input event but the input event receiver has already been disposed.
W/InputEventReceiver(19844): Attempted to finish an input event but the input event receiver has already been disposed.
W/ViewRootImpl(19844): Dropping event due to root view being removed: MotionEvent { action=ACTION_DOWN, id[0]=0, x[0]=430.0, y[0]=62.0, toolType[0]=TOOL_TYPE_UNKNOWN, buttonState=0, metaState=0, flags=0x0, edgeFlags=0x0, pointerCount=1, historySize=0, eventTime=1172681, downTime=1172681, deviceId=0, source=0x1002 }
W/ViewRootImpl(19844): Dropping event due to root view being removed: MotionEvent { action=ACTION_MOVE, id[0]=0, x[0]=396.39056, y[0]=79.704834, toolType[0]=TOOL_TYPE_UNKNOWN, buttonState=0, metaState=0, flags=0x0, edgeFlags=0x0, pointerCount=1, historySize=1, eventTime=1172681, downTime=1172681, deviceId=0, source=0x1002 }
W/ViewRootImpl(19844): Dropping event due to root view being removed: MotionEvent { action=ACTION_UP, id[0]=0, x[0]=382.2155, y[0]=88.440155, toolType[0]=TOOL_TYPE_UNKNOWN, buttonState=0, metaState=0, flags=0x0, edgeFlags=0x0, pointerCount=1, historySize=0, eventTime=1172681, downTime=1172681, deviceId=0, source=0x1002 }
W/InputManager(  314): Input event injection from pid 19834 failed.
W/ViewRootImpl(19844): Dropping event due to root view being removed: MotionEvent { action=ACTION_POINTER_DOWN(1), id[0]=0, x[0]=219.36884, y[0]=519.49884, toolType[0]=TOOL_TYPE_UNKNOWN, id[1]=1, x[1]=11.0, y[1]=62.0, toolType[1]=TOOL_TYPE_UNKNOWN, buttonState=0, metaState=0, flags=0x0, edgeFlags=0x0, pointerCount=2, historySize=0, eventTime=1172719, downTime=1172717, deviceId=0, source=0x1002 }
W/InputManager(  314): Input event injection from pid 19834 failed.
W/ViewRootImpl(19844): Dropping event due to root view being removed: MotionEvent { action=ACTION_MOVE, id[0]=0, x[0]=226.38486, y[0]=541.0, toolType[0]=TOOL_TYPE_UNKNOWN, id[1]=1, x[1]=-31.441391, y[1]=101.8945, toolType[1]=TOOL_TYPE_UNKNOWN, buttonState=0, metaState=0, flags=0x0, edgeFlags=0x0, pointerCount=2, historySize=5, eventTime=1172721, downTime=1172717, deviceId=0, source=0x1002 }
W/InputManager(  314): Input event injection from pid 19834 failed.
W/InputManager(  314): Input event injection from pid 19834 failed.
W/InputManager(  314): Input event injection from pid 19834 failed.
W/InputManager(  314): Input event injection from pid 19834 failed.
W/InputManager(  314): Input event injection from pid 19834 failed.
W/InputManager(  314): Input event injection from pid 19834 failed.
W/InputManager(  314): Input event injection from pid 19834 failed.
W/InputManager(  314): Input event injection from pid 19834 failed.
W/InputManager(  314): Input event injection from pid 19834 failed.
E/ActivityThread(19844): Failed to find provider info for com.facebook.katana.provider.AttributionIdProvider
I/InputDispatcher(  314): Dropped event because of pending overdue app switch.
W/InputManager(  314): Input event injection from pid 19834 failed.
W/EGL_emulation(19844): eglSurfaceAttrib not implemented 3093 12436
I/System.out(19844): body:<com.facebook.ads.internal.thirdparty.http.o: java.lang.String a()>	sig:$r6 = staticinvoke <java.net.URLEncoder: java.lang.String encode(java.lang.String,java.lang.String)>($r6, "UTF-8")	timediff:0
I/System.out(19844): body:<com.facebook.ads.internal.thirdparty.http.o: java.lang.String a()>	sig:$r6 = staticinvoke <java.net.URLEncoder: java.lang.String encode(java.lang.String,java.lang.String)>($r6, "UTF-8")	timediff:0
I/System.out(19844): body:<com.facebook.ads.internal.thirdparty.http.o: java.lang.String a()>	sig:$r6 = staticinvoke <java.net.URLEncoder: java.lang.String encode(java.lang.String,java.lang.String)>($r6, "UTF-8")	timediff:0
I/System.out(19844): body:<com.facebook.ads.internal.thirdparty.http.o: java.lang.String a()>	sig:$r6 = staticinvoke <java.net.URLEncoder: java.lang.String encode(java.lang.String,java.lang.String)>($r6, "UTF-8")	timediff:0
I/System.out(19844): body:<com.facebook.ads.internal.thirdparty.http.o: java.lang.String a()>	sig:$r6 = staticinvoke <java.net.URLEncoder: java.lang.String encode(java.lang.String,java.lang.String)>($r6, "UTF-8")	timediff:0
I/System.out(19844): body:<com.facebook.ads.internal.thirdparty.http.o: java.lang.String a()>	sig:$r6 = staticinvoke <java.net.URLEncoder: java.lang.String encode(java.lang.String,java.lang.String)>($r6, "UTF-8")	timediff:0
I/System.out(19844): body:<com.facebook.ads.internal.thirdparty.http.o: java.lang.String a()>	sig:$r6 = staticinvoke <java.net.URLEncoder: java.lang.String encode(java.lang.String,java.lang.String)>($r6, "UTF-8")	timediff:0
I/System.out(19844): body:<com.facebook.ads.internal.thirdparty.http.o: java.lang.String a()>	sig:$r6 = staticinvoke <java.net.URLEncoder: java.lang.String encode(java.lang.String,java.lang.String)>($r6, "UTF-8")	timediff:0
I/System.out(19844): body:<com.facebook.ads.internal.thirdparty.http.o: java.lang.String a()>	sig:$r6 = staticinvoke <java.net.URLEncoder: java.lang.String encode(java.lang.String,java.lang.String)>($r6, "UTF-8")	timediff:0
I/System.out(19844): body:<com.facebook.ads.internal.thirdparty.http.o: java.lang.String a()>	sig:$r6 = staticinvoke <java.net.URLEncoder: java.lang.String encode(java.lang.String,java.lang.String)>($r6, "UTF-8")	timediff:0
I/System.out(19844): body:<com.facebook.ads.internal.thirdparty.http.o: java.lang.String a()>	sig:$r6 = staticinvoke <java.net.URLEncoder: java.lang.String encode(java.lang.String,java.lang.String)>($r6, "UTF-8")	timediff:0
I/System.out(19844): body:<com.facebook.ads.internal.thirdparty.http.o: java.lang.String a()>	sig:$r6 = staticinvoke <java.net.URLEncoder: java.lang.String encode(java.lang.String,java.lang.String)>($r6, "UTF-8")	timediff:0
I/System.out(19844): body:<com.facebook.ads.internal.thirdparty.http.o: java.lang.String a()>	sig:$r6 = staticinvoke <java.net.URLEncoder: java.lang.String encode(java.lang.String,java.lang.String)>($r6, "UTF-8")	timediff:0
I/System.out(19844): body:<com.facebook.ads.internal.thirdparty.http.o: java.lang.String a()>	sig:$r6 = staticinvoke <java.net.URLEncoder: java.lang.String encode(java.lang.String,java.lang.String)>($r6, "UTF-8")	timediff:0
I/System.out(19844): body:<com.facebook.ads.internal.thirdparty.http.o: java.lang.String a()>	sig:$r6 = staticinvoke <java.net.URLEncoder: java.lang.String encode(java.lang.String,java.lang.String)>($r6, "UTF-8")	timediff:0
I/System.out(19844): body:<com.facebook.ads.internal.thirdparty.http.o: java.lang.String a()>	sig:$r6 = staticinvoke <java.net.URLEncoder: java.lang.String encode(java.lang.String,java.lang.String)>($r6, "UTF-8")	timediff:0
I/System.out(19844): body:<com.facebook.ads.internal.thirdparty.http.o: java.lang.String a()>	sig:$r6 = staticinvoke <java.net.URLEncoder: java.lang.String encode(java.lang.String,java.lang.String)>($r6, "UTF-8")	timediff:0
I/System.out(19844): body:<com.facebook.ads.internal.thirdparty.http.o: java.lang.String a()>	sig:$r6 = staticinvoke <java.net.URLEncoder: java.lang.String encode(java.lang.String,java.lang.String)>($r6, "UTF-8")	timediff:0
I/System.out(19844): body:<com.facebook.ads.internal.thirdparty.http.o: java.lang.String a()>	sig:$r6 = staticinvoke <java.net.URLEncoder: java.lang.String encode(java.lang.String,java.lang.String)>($r6, "UTF-8")	timediff:0
I/System.out(19844): body:<com.facebook.ads.internal.thirdparty.http.o: java.lang.String a()>	sig:$r6 = staticinvoke <java.net.URLEncoder: java.lang.String encode(java.lang.String,java.lang.String)>($r6, "UTF-8")	timediff:0
I/System.out(19844): body:<com.facebook.ads.internal.thirdparty.http.o: java.lang.String a()>	sig:$r6 = staticinvoke <java.net.URLEncoder: java.lang.String encode(java.lang.String,java.lang.String)>($r6, "UTF-8")	timediff:1
I/System.out(19844): body:<com.facebook.ads.internal.thirdparty.http.o: java.lang.String a()>	sig:$r6 = staticinvoke <java.net.URLEncoder: java.lang.String encode(java.lang.String,java.lang.String)>($r6, "UTF-8")	timediff:0
I/System.out(19844): body:<com.facebook.ads.internal.thirdparty.http.o: java.lang.String a()>	sig:$r6 = staticinvoke <java.net.URLEncoder: java.lang.String encode(java.lang.String,java.lang.String)>($r6, "UTF-8")	timediff:0
I/System.out(19844): body:<com.facebook.ads.internal.thirdparty.http.o: java.lang.String a()>	sig:$r6 = staticinvoke <java.net.URLEncoder: java.lang.String encode(java.lang.String,java.lang.String)>($r6, "UTF-8")	timediff:0
I/System.out(19844): body:<com.facebook.ads.internal.thirdparty.http.o: java.lang.String a()>	sig:$r6 = staticinvoke <java.net.URLEncoder: java.lang.String encode(java.lang.String,java.lang.String)>($r6, "UTF-8")	timediff:0
I/System.out(19844): body:<com.facebook.ads.internal.thirdparty.http.o: java.lang.String a()>	sig:$r6 = staticinvoke <java.net.URLEncoder: java.lang.String encode(java.lang.String,java.lang.String)>($r6, "UTF-8")	timediff:0
I/System.out(19844): body:<com.facebook.ads.internal.thirdparty.http.o: java.lang.String a()>	sig:$r6 = staticinvoke <java.net.URLEncoder: java.lang.String encode(java.lang.String,java.lang.String)>($r6, "UTF-8")	timediff:0
I/System.out(19844): body:<com.facebook.ads.internal.thirdparty.http.o: java.lang.String a()>	sig:$r6 = staticinvoke <java.net.URLEncoder: java.lang.String encode(java.lang.String,java.lang.String)>($r6, "UTF-8")	timediff:0
I/System.out(19844): body:<com.facebook.ads.internal.thirdparty.http.o: java.lang.String a()>	sig:$r6 = staticinvoke <java.net.URLEncoder: java.lang.String encode(java.lang.String,java.lang.String)>($r6, "UTF-8")	timediff:0
I/System.out(19844): body:<com.facebook.ads.internal.thirdparty.http.o: java.lang.String a()>	sig:$r6 = staticinvoke <java.net.URLEncoder: java.lang.String encode(java.lang.String,java.lang.String)>($r6, "UTF-8")	timediff:0
I/System.out(19844): body:<com.facebook.ads.internal.thirdparty.http.a: java.net.HttpURLConnection a(java.lang.String)>	sig:specialinvoke $r5.<java.net.URL: void <init>(java.lang.String)>($r3)	timediff:0
I/System.out(19844): <com.facebook.ads.internal.thirdparty.http.a: java.net.HttpURLConnection a(java.lang.String)>###specialinvoke $r5.<java.net.URL: void <init>(java.lang.String)>($r3)###https://graph.facebook.com/network_ads_common/
I/System.out(19844): body:<com.facebook.ads.internal.thirdparty.http.f: java.net.HttpURLConnection a(java.lang.String)>	sig:specialinvoke $r2.<java.net.URL: void <init>(java.lang.String)>($r1)	timediff:0
I/System.out(19844): <com.facebook.ads.internal.thirdparty.http.f: java.net.HttpURLConnection a(java.lang.String)>###specialinvoke $r2.<java.net.URL: void <init>(java.lang.String)>($r1)###https://graph.facebook.com/network_ads_common/
I/System.out(19844): body:<com.facebook.ads.internal.thirdparty.http.f: java.net.HttpURLConnection a(java.lang.String)>	sig:$r3 = virtualinvoke $r2.<java.net.URL: java.net.URLConnection openConnection()>()	timediff:0
I/System.out(19844): body:<com.facebook.ads.internal.thirdparty.http.a: void a(java.net.HttpURLConnection,com.facebook.ads.internal.thirdparty.http.j,java.lang.String)>	sig:virtualinvoke $r1.<java.net.HttpURLConnection: void setConnectTimeout(int)>($i0)	timediff:0
I/System.out(19844): body:<com.facebook.ads.internal.thirdparty.http.a: void a(java.net.HttpURLConnection,com.facebook.ads.internal.thirdparty.http.j,java.lang.String)>	sig:virtualinvoke $r1.<java.net.HttpURLConnection: void setReadTimeout(int)>($i0)	timediff:0
I/System.out(19844): body:<com.facebook.ads.internal.thirdparty.http.f: void a(java.net.HttpURLConnection,com.facebook.ads.internal.thirdparty.http.j,java.lang.String)>	sig:virtualinvoke $r1.<java.net.HttpURLConnection: void setRequestMethod(java.lang.String)>($r4)	timediff:0
I/System.out(19844): body:<com.facebook.ads.internal.thirdparty.http.f: void a(java.net.HttpURLConnection,com.facebook.ads.internal.thirdparty.http.j,java.lang.String)>	sig:virtualinvoke $r1.<java.net.HttpURLConnection: void setDoOutput(boolean)>($z0)	timediff:0
I/System.out(19844): body:<com.facebook.ads.internal.thirdparty.http.f: void a(java.net.HttpURLConnection,com.facebook.ads.internal.thirdparty.http.j,java.lang.String)>	sig:virtualinvoke $r1.<java.net.HttpURLConnection: void setDoInput(boolean)>($z0)	timediff:0
I/System.out(19844): body:<com.facebook.ads.internal.thirdparty.http.f: void a(java.net.HttpURLConnection,com.facebook.ads.internal.thirdparty.http.j,java.lang.String)>	sig:virtualinvoke $r1.<java.net.HttpURLConnection: void setRequestProperty(java.lang.String,java.lang.String)>("Content-Type", $r3)	timediff:0
I/System.out(19844): body:<com.facebook.ads.internal.thirdparty.http.f: void a(java.net.HttpURLConnection,com.facebook.ads.internal.thirdparty.http.j,java.lang.String)>	sig:virtualinvoke $r1.<java.net.HttpURLConnection: void setRequestProperty(java.lang.String,java.lang.String)>("Accept-Charset", "UTF-8")	timediff:0
I/System.out(19844): body:<com.facebook.ads.internal.thirdparty.http.a: void c(java.net.HttpURLConnection)>	sig:virtualinvoke $r1.<java.net.HttpURLConnection: void setRequestProperty(java.lang.String,java.lang.String)>($r6, $r7)	timediff:0
W/ViewRootImpl(19844): Dropping event due to no window focus: KeyEvent { action=ACTION_DOWN, keyCode=KEYCODE_B, scanCode=0, metaState=0, flags=0x8, repeatCount=0, eventTime=1172735, downTime=1172735, deviceId=-1, source=0x101 }
W/ViewRootImpl(19844): Dropping event due to no window focus: KeyEvent { action=ACTION_DOWN, keyCode=KEYCODE_DPAD_DOWN, scanCode=0, metaState=0, flags=0x8, repeatCount=0, eventTime=1172770, downTime=1172770, deviceId=-1, source=0x101 }
I/System.out(19844): body:<com.facebook.ads.internal.thirdparty.http.a: com.facebook.ads.internal.thirdparty.http.n a(java.lang.String,com.facebook.ads.internal.thirdparty.http.j,java.lang.String,byte[])>	sig:virtualinvoke $r7.<java.net.HttpURLConnection: void connect()>()	timediff:11
I/System.out(19844): body:<com.facebook.ads.internal.thirdparty.http.a: com.facebook.ads.internal.thirdparty.http.n a(java.lang.String,com.facebook.ads.internal.thirdparty.http.j,java.lang.String,byte[])>	sig:$z0 = virtualinvoke $r7.<java.net.HttpURLConnection: boolean getDoOutput()>()	timediff:0
I/System.out(19844): body:<com.facebook.ads.internal.thirdparty.http.f: java.io.OutputStream a(java.net.HttpURLConnection)>	sig:$r2 = virtualinvoke $r1.<java.net.HttpURLConnection: java.io.OutputStream getOutputStream()>()	timediff:0
W/ViewRootImpl(19844): Dropping event due to no window focus: KeyEvent { action=ACTION_DOWN, keyCode=KEYCODE_DPAD_LEFT, scanCode=0, metaState=0, flags=0x8, repeatCount=0, eventTime=1172781, downTime=1172781, deviceId=-1, source=0x101 }
I/ActivityManager(  314): Displayed fnzstudios.com.videocrop/.VideoGalleryActivity: +73ms
W/ContextImpl(  314): Calling a method in the system process without a qualified user: android.app.ContextImpl.sendBroadcast:1123 com.android.server.InputMethodManagerService.hideCurrentInputLocked:1880 com.android.server.InputMethodManagerService.windowGainedFocus:1968 com.android.internal.view.IInputMethodManager$Stub.onTransact:221 com.android.server.InputMethodManagerService.onTransact:818 
I/System.out(19844): body:<com.facebook.ads.internal.thirdparty.http.a: int a(java.net.HttpURLConnection,byte[])>	sig:$i0 = virtualinvoke $r1.<java.net.HttpURLConnection: int getResponseCode()>()	timediff:99
I/System.out(19844): body:<com.facebook.ads.internal.thirdparty.http.a: com.facebook.ads.internal.thirdparty.http.n a(java.lang.String,com.facebook.ads.internal.thirdparty.http.j,java.lang.String,byte[])>	sig:$z0 = virtualinvoke $r7.<java.net.HttpURLConnection: boolean getDoInput()>()	timediff:0
I/System.out(19844): body:<com.facebook.ads.internal.thirdparty.http.a: com.facebook.ads.internal.thirdparty.http.n b(java.net.HttpURLConnection)>	sig:$r5 = virtualinvoke $r1.<java.net.HttpURLConnection: java.io.InputStream getErrorStream()>()	timediff:0
I/System.out(19844): body:<com.facebook.ads.internal.thirdparty.http.n: void <init>(java.net.HttpURLConnection,byte[])>	sig:$i0 = virtualinvoke $r1.<java.net.HttpURLConnection: int getResponseCode()>()	timediff:0
I/System.out(19844): body:<com.facebook.ads.internal.thirdparty.http.n: void <init>(java.net.HttpURLConnection,byte[])>	sig:$r3 = virtualinvoke $r1.<java.net.HttpURLConnection: java.net.URL getURL()>()	timediff:0
I/System.out(19844): body:<com.facebook.ads.internal.thirdparty.http.n: void <init>(java.net.HttpURLConnection,byte[])>	sig:$r4 = virtualinvoke $r3.<java.net.URL: java.lang.String toString()>()	timediff:0
I/System.out(19844): body:<com.facebook.ads.internal.thirdparty.http.n: void <init>(java.net.HttpURLConnection,byte[])>	sig:$r5 = virtualinvoke $r1.<java.net.HttpURLConnection: java.util.Map getHeaderFields()>()	timediff:0
I/System.out(19844): body:<com.facebook.ads.internal.thirdparty.http.a: com.facebook.ads.internal.thirdparty.http.n a(java.lang.String,com.facebook.ads.internal.thirdparty.http.j,java.lang.String,byte[])>	sig:virtualinvoke $r7.<java.net.HttpURLConnection: void disconnect()>()	timediff:0
W/DebugConnManager(  674): getNetworkInfo() on networkType 1
W/Ads     (19844): Not enough space to show ad. Needs 320x50 dp, but only has 853x0 dp.
W/Ads     (19844): Not enough space to show ad. Needs 320x50 dp, but only has 853x0 dp.
W/GmsClientEvents(19844): registerConnectionCallbacks(): listener aboh{4ac08d80 VFE..... ......I. 0,0-0,0} is already registered
W/GmsClientEvents(19844): registerConnectionFailedListener(): listener aboh{4ac08d80 VFE..... ......I. 0,0-0,0} is already registered
W/InputManager(  314): Input event injection from pid 19834 failed.
W/InputManager(  314): Input event injection from pid 19834 failed.
W/InputManager(  314): Input event injection from pid 19834 failed.
W/InputManager(  314): Input event injection from pid 19834 failed.
W/ActivityManager(  314): Duplicate finish request for ActivityRecord{4aa71fa8 u0 fnzstudios.com.videocrop/.VideoGalleryActivity t188 f}
W/EGL_emulation(19844): eglSurfaceAttrib not implemented 3093 12436
W/ViewRootImpl(19844): Dropping event due to no window focus: KeyEvent { action=ACTION_DOWN, keyCode=KEYCODE_T, scanCode=0, metaState=0, flags=0x8, repeatCount=0, eventTime=1173167, downTime=1173167, deviceId=-1, source=0x101 }
W/ContextImpl(  314): Calling a method in the system process without a qualified user: android.app.ContextImpl.sendBroadcast:1123 com.android.server.InputMethodManagerService.hideCurrentInputLocked:1880 com.android.server.InputMethodManagerService.windowGainedFocus:1968 com.android.internal.view.IInputMethodManager$Stub.onTransact:221 com.android.server.InputMethodManagerService.onTransact:818 
D/FirebaseApp(  674): Notifying background state change listeners.
W/EGL_emulation(  674): eglSurfaceAttrib not implemented 3093 12436
W/ViewRootImpl(  674): Dropping event due to no window focus: KeyEvent { action=ACTION_DOWN, keyCode=KEYCODE_MENU, scanCode=0, metaState=0, flags=0x8, repeatCount=0, eventTime=1173211, downTime=1173211, deviceId=-1, source=0x101 }
W/ContextImpl(  314): Calling a method in the system process without a qualified user: android.app.ContextImpl.sendBroadcast:1123 com.android.server.InputMethodManagerService.hideCurrentInputLocked:1880 com.android.server.InputMethodManagerService.windowGainedFocus:1968 com.android.internal.view.IInputMethodManager$Stub.onTransact:221 com.android.server.InputMethodManagerService.onTransact:818 
W/Launcher(  674): No global search activity found.
W/DebugConnManager(  674): getNetworkInfo() on networkType 1
I/ActivityManager(  314): START u0 {cmp=com.vphone.launcher/.game.GpLoadingActivity (has extras)} from pid 674
I/Ads     (19844): Scheduling ad refresh 30000 milliseconds from now.
I/dalvikvm(19844): Could not find method android.os.PowerManager.isInteractive, referenced from method com.google.android.gms.ads.internal.activeview.c.g
W/dalvikvm(19844): VFY: unable to resolve virtual method 2559: Landroid/os/PowerManager;.isInteractive ()Z
D/dalvikvm(19844): VFY: replacing opcode 0x6e at 0x0008
I/Ads     (19844): Ad finished loading.
W/DebugConnManager(  674): getNetworkInfo() on networkType 1
I/ActivityManager(  314): START u0 {cmp=com.vphone.launcher/.game.GpLoadingActivity (has extras)} from pid 674
W/DebugConnManager(  674): getNetworkInfo() on networkType 1
I/ActivityManager(  314): START u0 {cmp=com.vphone.launcher/.game.GpLoadingActivity (has extras)} from pid 674
W/DebugConnManager(  674): getNetworkInfo() on networkType 1
I/ActivityManager(  314): START u0 {cmp=com.vphone.launcher/.game.GpLoadingActivity (has extras)} from pid 674
W/ContextImpl(  674): Calling a method in the system process without a qualified user: android.app.ContextImpl.bindService:1556 android.content.ContextWrapper.bindService:517 com.google.android.gms.common.stats.zzb.zza:-1 com.google.android.gms.common.stats.zzb.zza:-1 com.google.android.gms.ads.identifier.AdvertisingIdClient.zzh:-1 
I/qtaguid (  674): Tagging socket 93 with tag 49e2824000000000(1239581248) for uid -1 failed errno=-13
I/NetworkManagementSocketTagger(  674): tagSocketFd(93, 1239581248, -1) failed with errno-13
W/Launcher(  674): No global search activity found.
I/qtaguid (  674): Tagging socket 102 with tag 49e2824000000000(1239581248) for uid -1 failed errno=-13
I/NetworkManagementSocketTagger(  674): tagSocketFd(102, 1239581248, -1) failed with errno-13
W/DebugConnManager(  674): getNetworkInfo() on networkType 1
I/chromium(19844): [INFO:CONSOLE(0)] "Document was loaded from Application Cache with manifest https://googleads.g.doubleclick.net/mads/static/mad/sdk/native/sdk-core-v40-loader.appcache", source: https://googleads.g.doubleclick.net/mads/static/mad/sdk/native/sdk-core-v40-loader.html (0)
I/chromium(19844): [INFO:CONSOLE(0)] "Application Cache Checking event", source: https://googleads.g.doubleclick.net/mads/static/mad/sdk/native/sdk-core-v40-loader.html (0)
I/chromium(19844): [INFO:CONSOLE(0)] "Application Cache Checking event", source: https://googleads.g.doubleclick.net/mads/static/mad/sdk/native/sdk-core-v40-loader.html (0)
I/chromium(19844): [INFO:CONSOLE(0)] "Application Cache NoUpdate event", source: https://googleads.g.doubleclick.net/mads/static/mad/sdk/native/sdk-core-v40-loader.html (0)
I/chromium(19844): [INFO:CONSOLE(0)] "Application Cache NoUpdate event", source: https://googleads.g.doubleclick.net/mads/static/mad/sdk/native/sdk-core-v40-loader.html (0)
I/ActivityManager(  314): START u0 {cmp=com.vphone.launcher/.game.GpLoadingActivity (has extras)} from pid 674
W/DebugConnManager(  674): getNetworkInfo() on networkType 1
I/ActivityManager(  314): START u0 {cmp=com.vphone.launcher/.game.GpLoadingActivity (has extras)} from pid 674
W/DebugConnManager(  674): getNetworkInfo() on networkType 1
I/ActivityManager(  314): START u0 {cmp=com.vphone.launcher/.game.GpLoadingActivity (has extras)} from pid 674
W/NetworkManagementSocketTagger(  314): setKernelCountSet(10137, 0) failed with errno -13
W/DebugConnManager(  674): getNetworkInfo() on networkType 1
I/ActivityManager(  314): START u0 {cmp=com.vphone.launcher/.game.GpLoadingActivity (has extras)} from pid 674
I/AndroidRuntime(19834): VM exiting with result code 0.
D/dalvikvm(  674): GC_CONCURRENT freed 7350K, 4% free 231443K/238948K, paused 6ms+15ms, total 68ms
D/dalvikvm(  674): WAIT_FOR_CONCURRENT_GC blocked 58ms
D/dalvikvm(  674): WAIT_FOR_CONCURRENT_GC blocked 56ms
D/dalvikvm(  674): WAIT_FOR_CONCURRENT_GC blocked 61ms
