W/ContextImpl(  485): Calling a method in the system process without a qualified user: android.app.ContextImpl.sendBroadcast:1123 com.android.server.InputMethodManagerService.showCurrentInputLocked:1791 com.android.server.InputMethodManagerService.attachNewInputLocked:1095 com.android.server.InputMethodManagerService.startInputUncheckedLocked:1166 com.android.server.InputMethodManagerService.startInputLocked:1128 
W/ContextImpl(  485): Calling a method in the system process without a qualified user: android.app.ContextImpl.sendBroadcast:1123 com.android.server.InputMethodManagerService.showCurrentInputLocked:1791 com.android.server.InputMethodManagerService.showSoftInput:1753 com.android.internal.view.IInputMethodManager$Stub.onTransact:175 com.android.server.InputMethodManagerService.onTransact:818 
V/InputMethodService(  651): onEvaluateInputViewShown: config.hardKeyboardHidden = 2
V/InputMethodService(  651): onEvaluateInputViewShown: config.hardKeyboardHidden = 2
V/InputMethodService(  651): onEvaluateInputViewShown: config.hardKeyboardHidden = 2
V/InputMethodService(  651): onEvaluateInputViewShown: config.hardKeyboardHidden = 2
W/ContextImpl(  485): Calling a method in the system process without a qualified user: android.app.ContextImpl.sendBroadcast:1123 com.android.server.InputMethodManagerService.showCurrentInputLocked:1791 com.android.server.InputMethodManagerService.attachNewInputLocked:1095 com.android.server.InputMethodManagerService.startInputUncheckedLocked:1166 com.android.server.InputMethodManagerService.startInputLocked:1128 
V/InputMethodService(  651): onEvaluateInputViewShown: config.hardKeyboardHidden = 2
V/InputMethodService(  651): onEvaluateInputViewShown: config.hardKeyboardHidden = 2
W/ContextImpl(  485): Calling a method in the system process without a qualified user: android.app.ContextImpl.sendBroadcast:1123 com.android.server.InputMethodManagerService.showCurrentInputLocked:1791 com.android.server.InputMethodManagerService.attachNewInputLocked:1095 com.android.server.InputMethodManagerService.startInputUncheckedLocked:1166 com.android.server.InputMethodManagerService.startInputLocked:1128 
V/InputMethodService(  651): onEvaluateInputViewShown: config.hardKeyboardHidden = 2
V/InputMethodService(  651): onEvaluateInputViewShown: config.hardKeyboardHidden = 2
I/System.out(24620): body:<org.xbmc.kore.utils.NetUtils: java.net.InetAddress intToInetAddress(int)>	sig:$r2 = staticinvoke <java.net.InetAddress: java.net.InetAddress getByAddress(byte[])>($r0)	timediff:0
W/ContextImpl(  485): Calling a method in the system process without a qualified user: android.app.ContextImpl.sendBroadcast:1123 com.android.server.InputMethodManagerService.showCurrentInputLocked:1791 com.android.server.InputMethodManagerService.attachNewInputLocked:1095 com.android.server.InputMethodManagerService.startInputUncheckedLocked:1166 com.android.server.InputMethodManagerService.startInputLocked:1128 
V/InputMethodService(  651): onEvaluateInputViewShown: config.hardKeyboardHidden = 2
V/InputMethodService(  651): onEvaluateInputViewShown: config.hardKeyboardHidden = 2
W/ContextImpl(  485): Calling a method in the system process without a qualified user: android.app.ContextImpl.sendBroadcast:1123 com.android.server.InputMethodManagerService.showCurrentInputLocked:1791 com.android.server.InputMethodManagerService.attachNewInputLocked:1095 com.android.server.InputMethodManagerService.startInputUncheckedLocked:1166 com.android.server.InputMethodManagerService.startInputLocked:1128 
V/InputMethodService(  651): onEvaluateInputViewShown: config.hardKeyboardHidden = 2
V/InputMethodService(  651): onEvaluateInputViewShown: config.hardKeyboardHidden = 2
V/InputMethodService(  651): onEvaluateInputViewShown: config.hardKeyboardHidden = 2
V/InputMethodService(  651): onEvaluateInputViewShown: config.hardKeyboardHidden = 2
W/ContextImpl(  485): Calling a method in the system process without a qualified user: android.app.ContextImpl.sendBroadcast:1123 com.android.server.InputMethodManagerService.showCurrentInputLocked:1791 com.android.server.InputMethodManagerService.attachNewInputLocked:1095 com.android.server.InputMethodManagerService.startInputUncheckedLocked:1166 com.android.server.InputMethodManagerService.startInputLocked:1128 
V/InputMethodService(  651): onEvaluateInputViewShown: config.hardKeyboardHidden = 2
V/InputMethodService(  651): onEvaluateInputViewShown: config.hardKeyboardHidden = 2
W/ContextImpl(  485): Calling a method in the system process without a qualified user: android.app.ContextImpl.sendBroadcast:1123 com.android.server.InputMethodManagerService.showCurrentInputLocked:1791 com.android.server.InputMethodManagerService.attachNewInputLocked:1095 com.android.server.InputMethodManagerService.startInputUncheckedLocked:1166 com.android.server.InputMethodManagerService.startInputLocked:1128 
I/ActivityManager(  485): START u0 {act=android.intent.action.CALL_BUTTON flg=0x10000000} from pid 24620
W/PhoneFallbackEventHandler(24620): No activity found for android.intent.action.CALL_BUTTON.
V/InputMethodService(  651): onEvaluateInputViewShown: config.hardKeyboardHidden = 2
V/InputMethodService(  651): onEvaluateInputViewShown: config.hardKeyboardHidden = 2
W/ContextImpl(  485): Calling a method in the system process without a qualified user: android.app.ContextImpl.sendBroadcast:1123 com.android.server.InputMethodManagerService.showCurrentInputLocked:1791 com.android.server.InputMethodManagerService.attachNewInputLocked:1095 com.android.server.InputMethodManagerService.startInputUncheckedLocked:1166 com.android.server.InputMethodManagerService.startInputLocked:1128 
W/ContextImpl(  485): Calling a method in the system process without a qualified user: android.app.ContextImpl.sendBroadcast:1123 com.android.server.InputMethodManagerService.showCurrentInputLocked:1791 com.android.server.InputMethodManagerService.attachNewInputLocked:1095 com.android.server.InputMethodManagerService.startInputUncheckedLocked:1166 com.android.server.InputMethodManagerService.startInputLocked:1128 
V/InputMethodService(  651): onEvaluateInputViewShown: config.hardKeyboardHidden = 2
V/InputMethodService(  651): onEvaluateInputViewShown: config.hardKeyboardHidden = 2
I/System.out(24620): body:<org.xbmc.kore.utils.NetUtils: java.net.InetAddress intToInetAddress(int)>	sig:$r2 = staticinvoke <java.net.InetAddress: java.net.InetAddress getByAddress(byte[])>($r0)	timediff:0
V/InputMethodService(  651): onEvaluateInputViewShown: config.hardKeyboardHidden = 2
V/InputMethodService(  651): onEvaluateInputViewShown: config.hardKeyboardHidden = 2
W/ContextImpl(  485): Calling a method in the system process without a qualified user: android.app.ContextImpl.sendBroadcast:1123 com.android.server.InputMethodManagerService.showCurrentInputLocked:1791 com.android.server.InputMethodManagerService.attachNewInputLocked:1095 com.android.server.InputMethodManagerService.startInputUncheckedLocked:1166 com.android.server.InputMethodManagerService.startInputLocked:1128 
V/InputMethodService(  651): onEvaluateInputViewShown: config.hardKeyboardHidden = 2
V/InputMethodService(  651): onEvaluateInputViewShown: config.hardKeyboardHidden = 2
W/ContextImpl(  485): Calling a method in the system process without a qualified user: android.app.ContextImpl.sendBroadcast:1123 com.android.server.InputMethodManagerService.showCurrentInputLocked:1791 com.android.server.InputMethodManagerService.attachNewInputLocked:1095 com.android.server.InputMethodManagerService.startInputUncheckedLocked:1166 com.android.server.InputMethodManagerService.startInputLocked:1128 
V/InputMethodService(  651): onEvaluateInputViewShown: config.hardKeyboardHidden = 2
V/InputMethodService(  651): onEvaluateInputViewShown: config.hardKeyboardHidden = 2
W/ContextImpl(  485): Calling a method in the system process without a qualified user: android.app.ContextImpl.sendBroadcast:1123 com.android.server.InputMethodManagerService.showCurrentInputLocked:1791 com.android.server.InputMethodManagerService.attachNewInputLocked:1095 com.android.server.InputMethodManagerService.startInputUncheckedLocked:1166 com.android.server.InputMethodManagerService.startInputLocked:1128 
V/InputMethodService(  651): onEvaluateInputViewShown: config.hardKeyboardHidden = 2
V/InputMethodService(  651): onEvaluateInputViewShown: config.hardKeyboardHidden = 2
W/ContextImpl(  485): Calling a method in the system process without a qualified user: android.app.ContextImpl.sendBroadcast:1123 com.android.server.InputMethodManagerService.showCurrentInputLocked:1791 com.android.server.InputMethodManagerService.attachNewInputLocked:1095 com.android.server.InputMethodManagerService.startInputUncheckedLocked:1166 com.android.server.InputMethodManagerService.startInputLocked:1128 
W/DnsProxyListener(  164): GetHostByNameHandler: Error writing DNS result to client
W/SocketClient(  164): write error (Broken pipe)
V/InputMethodService(  651): onEvaluateInputViewShown: config.hardKeyboardHidden = 2
V/InputMethodService(  651): onEvaluateInputViewShown: config.hardKeyboardHidden = 2
W/ContextImpl(  485): Calling a method in the system process without a qualified user: android.app.ContextImpl.sendBroadcast:1123 com.android.server.InputMethodManagerService.showCurrentInputLocked:1791 com.android.server.InputMethodManagerService.attachNewInputLocked:1095 com.android.server.InputMethodManagerService.startInputUncheckedLocked:1166 com.android.server.InputMethodManagerService.startInputLocked:1128 
V/InputMethodService(  651): onEvaluateInputViewShown: config.hardKeyboardHidden = 2
V/InputMethodService(  651): onEvaluateInputViewShown: config.hardKeyboardHidden = 2
W/ContextImpl(  485): Calling a method in the system process without a qualified user: android.app.ContextImpl.sendBroadcast:1123 com.android.server.InputMethodManagerService.showCurrentInputLocked:1791 com.android.server.InputMethodManagerService.attachNewInputLocked:1095 com.android.server.InputMethodManagerService.startInputUncheckedLocked:1166 com.android.server.InputMethodManagerService.startInputLocked:1128 
V/InputMethodService(  651): onEvaluateInputViewShown: config.hardKeyboardHidden = 2
V/InputMethodService(  651): onEvaluateInputViewShown: config.hardKeyboardHidden = 2
W/ContextImpl(  485): Calling a method in the system process without a qualified user: android.app.ContextImpl.sendBroadcast:1123 com.android.server.InputMethodManagerService.showCurrentInputLocked:1791 com.android.server.InputMethodManagerService.attachNewInputLocked:1095 com.android.server.InputMethodManagerService.startInputUncheckedLocked:1166 com.android.server.InputMethodManagerService.startInputLocked:1128 
W/ContextImpl(  485): Calling a method in the system process without a qualified user: android.app.ContextImpl.sendBroadcast:1123 com.android.server.InputMethodManagerService.showCurrentInputLocked:1791 com.android.server.InputMethodManagerService.attachNewInputLocked:1095 com.android.server.InputMethodManagerService.startInputUncheckedLocked:1166 com.android.server.InputMethodManagerService.startInputLocked:1128 
V/InputMethodService(  651): onEvaluateInputViewShown: config.hardKeyboardHidden = 2
V/InputMethodService(  651): onEvaluateInputViewShown: config.hardKeyboardHidden = 2
I/ActivityManager(  485): START u0 {act=android.intent.action.VIEW dat=http://syncedsynapse.com/kore/kore-faq/ cmp=com.android.browser/.BrowserActivity (has extras)} from pid 24620
W/ContextImpl(  485): Calling a method in the system process without a qualified user: android.app.ContextImpl.sendBroadcast:1123 com.android.server.InputMethodManagerService.showCurrentInputLocked:1791 com.android.server.InputMethodManagerService.attachNewInputLocked:1095 com.android.server.InputMethodManagerService.startInputUncheckedLocked:1166 com.android.server.InputMethodManagerService.startInputLocked:1128 
V/InputMethodService(  651): onEvaluateInputViewShown: config.hardKeyboardHidden = 2
V/InputMethodService(  651): onEvaluateInputViewShown: config.hardKeyboardHidden = 2
I/System.out(24620): body:<org.xbmc.kore.utils.NetUtils: java.net.InetAddress intToInetAddress(int)>	sig:$r2 = staticinvoke <java.net.InetAddress: java.net.InetAddress getByAddress(byte[])>($r0)	timediff:0
D/dalvikvm(24620): GC_CONCURRENT freed 419K, 10% free 4584K/5064K, paused 2ms+2ms, total 12ms
W/ContextImpl(  485): Calling a method in the system process without a qualified user: android.app.ContextImpl.sendBroadcast:1123 com.android.server.InputMethodManagerService.hideCurrentInputLocked:1880 com.android.server.InputMethodManagerService.hideMySoftInput:2299 com.android.internal.view.IInputMethodManager$Stub.onTransact:288 com.android.server.InputMethodManagerService.onTransact:818 
I/ActivityManager(  485): START u0 {act=android.intent.action.MAIN cat=[android.intent.category.LAUNCHER] flg=0x10200000 cmp=org.xbmc.kore/.ui.RemoteActivity} from pid 24610
I/ActivityManager(  485): START u0 {act=android.intent.action.MAIN cat=[android.intent.category.LAUNCHER] flg=0x10200000 cmp=org.xbmc.kore/.ui.RemoteActivity} from pid 24610
D/dalvikvm(  485): GC_CONCURRENT freed 2644K, 44% free 14624K/25680K, paused 1ms+2ms, total 24ms
I/ActivityManager(  485): START u0 {act=android.intent.action.VIEW dat=http://syncedsynapse.com/kore/kore-faq/ cmp=com.android.browser/.BrowserActivity (has extras)} from pid 24620
I/ActivityManager(  485): START u0 {act=android.intent.action.VIEW dat=http://syncedsynapse.com/kore/kore-faq/ cmp=com.android.browser/.BrowserActivity (has extras)} from pid 24620
I/ActivityManager(  485): START u0 {act=android.intent.action.VIEW dat=http://syncedsynapse.com/kore/kore-faq/ cmp=com.android.browser/.BrowserActivity (has extras)} from pid 24620
W/InputManager(  485): Input event injection from pid 24610 failed.
W/InputManager(  485): Input event injection from pid 24610 failed.
D/FirebaseApp(  683): Notifying background state change listeners.
W/EGL_emulation(  683): eglSurfaceAttrib not implemented 3093 12436
W/ViewRootImpl(  683): Dropping event due to no window focus: MotionEvent { action=ACTION_MOVE, id[0]=0, x[0]=2.0, y[0]=-3.0, toolType[0]=TOOL_TYPE_UNKNOWN, buttonState=0, metaState=0, flags=0x0, edgeFlags=0x0, pointerCount=1, historySize=5, eventTime=4340278, downTime=-1, deviceId=0, source=0x10004 }
W/ViewRootImpl(  683): Dropping event due to no window focus: MotionEvent { action=ACTION_MOVE, id[0]=0, x[0]=-3.0, y[0]=0.0, toolType[0]=TOOL_TYPE_UNKNOWN, buttonState=0, metaState=0, flags=0x0, edgeFlags=0x0, pointerCount=1, historySize=13, eventTime=4340308, downTime=-1, deviceId=0, source=0x10004 }
W/ViewRootImpl(  683): Dropping event due to no window focus: MotionEvent { action=ACTION_DOWN, id[0]=0, x[0]=0.0, y[0]=0.0, toolType[0]=TOOL_TYPE_UNKNOWN, buttonState=0, metaState=0, flags=0x0, edgeFlags=0x0, pointerCount=1, historySize=0, eventTime=4340308, downTime=4340290, deviceId=0, source=0x10004 }
W/ContextImpl(  485): Calling a method in the system process without a qualified user: android.app.ContextImpl.sendBroadcast:1123 com.android.server.InputMethodManagerService.hideCurrentInputLocked:1880 com.android.server.InputMethodManagerService.windowGainedFocus:1968 com.android.internal.view.IInputMethodManager$Stub.onTransact:221 com.android.server.InputMethodManagerService.onTransact:818 
W/PropertyValuesHolder(  683): Method setBrightness() with type int not found on target class class ph
W/PropertyValuesHolder(  683): Method getBrightness() with type int not found on target class class ph
I/ActivityManager(  485): START u0 {act=android.intent.action.MAIN cat=[android.intent.category.LAUNCHER] flg=0x10200000 cmp=com.android.browser/.BrowserActivity bnds=[130,174][334,301] (has extras)} from pid 683
W/ContextImpl(  683): Calling a method in the system process without a qualified user: android.app.ContextImpl.sendBroadcast:1137 android.content.ContextWrapper.sendBroadcast:370 com.vphone.launcher.Stats.recordLaunch:129 com.vphone.launcher.Launcher.c:3192 com.vphone.launcher.Launcher.onClickAppShortcut:3144 
V/PanelView(  542): animationTick called with dtms=0; nothing to do (h=0.0 v=3777.503)
W/WindowManager(  485): updateFocusedWindowLocked, focusedAppToken is null.
W/ContextImpl(  683): Calling a method in the system process without a qualified user: android.app.ContextImpl.bindService:1556 android.content.ContextWrapper.bindService:517 com.google.android.gms.common.stats.zzb.zza:-1 com.google.android.gms.common.stats.zzb.zza:-1 com.google.android.gms.ads.identifier.AdvertisingIdClient.zzh:-1 
W/PropertyValuesHolder(  683): Method setBrightness() with type int not found on target class class ph
W/PropertyValuesHolder(  683): Method getBrightness() with type int not found on target class class ph
W/EGL_emulation(  542): eglSurfaceAttrib not implemented 3093 12436
W/ViewRootImpl(  542): Dropping event due to no window focus: KeyEvent { action=ACTION_DOWN, keyCode=KEYCODE_MENU, scanCode=0, metaState=0, flags=0x8, repeatCount=0, eventTime=4340372, downTime=4340372, deviceId=-1, source=0x101 }
I/ActivityManager(  485): START u0 {act=android.intent.action.MAIN cat=[android.intent.category.LAUNCHER] flg=0x10200000 cmp=com.android.contacts/.activities.PeopleActivity bnds=[538,174][742,301] (has extras)} from pid 683
W/ContextImpl(  683): Calling a method in the system process without a qualified user: android.app.ContextImpl.sendBroadcast:1137 android.content.ContextWrapper.sendBroadcast:370 com.vphone.launcher.Stats.recordLaunch:129 com.vphone.launcher.Launcher.c:3192 com.vphone.launcher.Launcher.onClickAppShortcut:3144 
W/PropertyValuesHolder(  683): Method setBrightness() with type int not found on target class class ph
W/PropertyValuesHolder(  683): Method getBrightness() with type int not found on target class class ph
W/ViewRootImpl(  542): Dropping event due to no window focus: KeyEvent { action=ACTION_DOWN, keyCode=KEYCODE_DPAD_LEFT, scanCode=0, metaState=0, flags=0x8, repeatCount=0, eventTime=4340487, downTime=4340487, deviceId=-1, source=0x101 }
W/ContextImpl(  683): Calling a method in the system process without a qualified user: android.app.ContextImpl.bindService:1556 android.content.ContextWrapper.bindService:517 com.google.android.gms.common.stats.zzb.zza:-1 com.google.android.gms.common.stats.zzb.zza:-1 com.google.android.gms.ads.identifier.AdvertisingIdClient.zzh:-1 
W/ViewRootImpl(  683): Dropping event due to no window focus: KeyEvent { action=ACTION_DOWN, keyCode=KEYCODE_DPAD_RIGHT, scanCode=0, metaState=0, flags=0x400, repeatCount=0, eventTime=4340486, downTime=4340486, deviceId=-1, source=0x101 }
W/ViewRootImpl(  683): Dropping event due to no window focus: KeyEvent { action=ACTION_DOWN, keyCode=KEYCODE_DPAD_RIGHT, scanCode=0, metaState=0, flags=0x400, repeatCount=0, eventTime=4340486, downTime=4340486, deviceId=-1, source=0x101 }
V/PanelView(  542): animationTick called with dtms=0; nothing to do (h=720.0 v=0.0)
V/PanelView(  542): animationTick called with dtms=0; nothing to do (h=701.361 v=-0.0)
W/NetworkManagementSocketTagger(  485): setKernelCountSet(10202, 0) failed with errno -13
V/PanelView(  542): animationTick called with dtms=0; nothing to do (h=687.47876 v=4500.0)
V/PanelView(  542): animationTick called with dtms=-17; nothing to do (h=687.47876 v=4500.0)
V/PanelView(  542): animationTick called with dtms=0; nothing to do (h=687.47876 v=-3000.0)
I/ActivityManager(  485): START u0 {act=android.intent.action.QUICK_CLOCK flg=0x14000000 cmp=com.android.settings/.Settings$DateTimeSettingsActivity} from pid 542
V/PanelView(  542): animationTick called with dtms=0; nothing to do (h=687.47876 v=-3000.0)
V/PanelView(  542): animationTick called with dtms=0; nothing to do (h=687.47876 v=-3000.0)
V/PanelView(  542): animationTick called with dtms=-7; nothing to do (h=687.47876 v=-3000.0)
W/InputMethodManagerService(  485): Window already focused, ignoring focus gain of: com.android.internal.view.IInputMethodClient$Stub$Proxy@4a9a2be0 attribute=android.view.inputmethod.EditorInfo@4aa1be8c, token = android.os.BinderProxy@4a9891a4
V/PanelView(  542): animationTick called with dtms=0; nothing to do (h=426.07678 v=-3000.0)
V/PanelView(  542): animationTick called with dtms=0; nothing to do (h=426.07678 v=-3000.0)
V/PanelView(  542): animationTick called with dtms=0; nothing to do (h=426.07678 v=0.0)
V/PanelView(  542): animationTick called with dtms=-13; nothing to do (h=426.07678 v=0.0)
I/PlayCommon(  984): [57] com.google.android.play.b.h.e(263): Preparing logs for uploading
I/PlayCommon(  984): [57] com.google.android.play.b.h.a(522): Connecting to server: https://play.googleapis.com/play/log?format=raw&proto_v2=true
V/PanelView(  542): animationTick called with dtms=0; nothing to do (h=395.30878 v=-3000.0)
V/PanelView(  542): animationTick called with dtms=0; nothing to do (h=395.30878 v=-3000.0)
V/PanelView(  542): animationTick called with dtms=-10; nothing to do (h=395.30878 v=-3000.0)
I/ActivityManager(  485): START u0 {act=android.intent.action.MAIN cat=[android.intent.category.LAUNCHER] flg=0x10200000 cmp=com.android.browser/.BrowserActivity bnds=[130,174][334,301] (has extras)} from pid 683
W/ContextImpl(  683): Calling a method in the system process without a qualified user: android.app.ContextImpl.sendBroadcast:1137 android.content.ContextWrapper.sendBroadcast:370 com.vphone.launcher.Stats.recordLaunch:129 com.vphone.launcher.Launcher.c:3192 com.vphone.launcher.Launcher.onClickAppShortcut:3144 
W/ContextImpl(  683): Calling a method in the system process without a qualified user: android.app.ContextImpl.bindService:1556 android.content.ContextWrapper.bindService:517 com.google.android.gms.common.stats.zzb.zza:-1 com.google.android.gms.common.stats.zzb.zza:-1 com.google.android.gms.ads.identifier.AdvertisingIdClient.zzh:-1 
V/PanelView(  542): animationTick called with dtms=0; nothing to do (h=240.30775 v=-3000.0)
V/PanelView(  542): animationTick called with dtms=0; nothing to do (h=240.30775 v=-3000.0)
V/PanelView(  542): animationTick called with dtms=-7; nothing to do (h=240.30775 v=-3000.0)
W/SocketClient(  164): write error (Broken pipe)
W/SocketClient(  164): write error (Broken pipe)
I/ActivityManager(  485): START u0 {act=android.intent.action.MAIN cat=[android.intent.category.LAUNCHER] flg=0x10200000 cmp=com.android.browser/.BrowserActivity bnds=[130,174][334,301] (has extras)} from pid 683
W/ContextImpl(  683): Calling a method in the system process without a qualified user: android.app.ContextImpl.sendBroadcast:1137 android.content.ContextWrapper.sendBroadcast:370 com.vphone.launcher.Stats.recordLaunch:129 com.vphone.launcher.Launcher.c:3192 com.vphone.launcher.Launcher.onClickAppShortcut:3144 
W/ContextImpl(  683): Calling a method in the system process without a qualified user: android.app.ContextImpl.bindService:1556 android.content.ContextWrapper.bindService:517 com.google.android.gms.common.stats.zzb.zza:-1 com.google.android.gms.common.stats.zzb.zza:-1 com.google.android.gms.ads.identifier.AdvertisingIdClient.zzh:-1 
W/EGL_emulation(  542): eglSurfaceAttrib not implemented 3093 12436
D/dalvikvm(  683): GC_CONCURRENT freed 7017K, 3% free 259910K/267056K, paused 3ms+42ms, total 142ms
D/dalvikvm(  683): WAIT_FOR_CONCURRENT_GC blocked 127ms
I/ActivityManager(  485): START u0 {act=android.intent.action.MAIN cat=[android.intent.category.LAUNCHER] flg=0x10200000 cmp=com.android.browser/.BrowserActivity bnds=[130,174][334,301] (has extras)} from pid 683
W/ContextImpl(  683): Calling a method in the system process without a qualified user: android.app.ContextImpl.sendBroadcast:1137 android.content.ContextWrapper.sendBroadcast:370 com.vphone.launcher.Stats.recordLaunch:129 com.vphone.launcher.Launcher.c:3192 com.vphone.launcher.Launcher.onClickAppShortcut:3144 
W/ContextImpl(  683): Calling a method in the system process without a qualified user: android.app.ContextImpl.bindService:1556 android.content.ContextWrapper.bindService:517 com.google.android.gms.common.stats.zzb.zza:-1 com.google.android.gms.common.stats.zzb.zza:-1 com.google.android.gms.ads.identifier.AdvertisingIdClient.zzh:-1 
I/ActivityManager(  485): START u0 {act=android.intent.action.MAIN cat=[android.intent.category.LAUNCHER] flg=0x10200000 cmp=com.android.browser/.BrowserActivity bnds=[130,174][334,301] (has extras)} from pid 683
W/ContextImpl(  683): Calling a method in the system process without a qualified user: android.app.ContextImpl.sendBroadcast:1137 android.content.ContextWrapper.sendBroadcast:370 com.vphone.launcher.Stats.recordLaunch:129 com.vphone.launcher.Launcher.c:3192 com.vphone.launcher.Launcher.onClickAppShortcut:3144 
W/SocketClient(  164): write error (Broken pipe)
W/ContextImpl(  683): Calling a method in the system process without a qualified user: android.app.ContextImpl.bindService:1556 android.content.ContextWrapper.bindService:517 com.google.android.gms.common.stats.zzb.zza:-1 com.google.android.gms.common.stats.zzb.zza:-1 com.google.android.gms.ads.identifier.AdvertisingIdClient.zzh:-1 
I/ActivityManager(  485): START u0 {act=android.intent.action.MAIN cat=[android.intent.category.LAUNCHER] flg=0x10200000 cmp=org.xbmc.kore/.ui.RemoteActivity} from pid 24610
D/yeshen  (  683): launcher onpause
W/NetworkManagementSocketTagger(  485): setKernelCountSet(10202, 1) failed with errno -13
I/ActivityManager(  485): START u0 {flg=0x14000000 cmp=org.xbmc.kore/.ui.hosts.AddHostActivity} from pid 24620
W/EGL_emulation(24620): eglSurfaceAttrib not implemented 3093 12436
W/ViewRootImpl(24620): Dropping event due to no window focus: KeyEvent { action=ACTION_DOWN, keyCode=KEYCODE_MENU, scanCode=0, metaState=0, flags=0x8, repeatCount=0, eventTime=4341879, downTime=4341879, deviceId=-1, source=0x101 }
W/ViewRootImpl(24620): Dropping event due to no window focus: KeyEvent { action=ACTION_DOWN, keyCode=KEYCODE_MENU, scanCode=0, metaState=0, flags=0x8, repeatCount=0, eventTime=4342032, downTime=4342032, deviceId=-1, source=0x101 }
W/ContextImpl(  485): Calling a method in the system process without a qualified user: android.app.ContextImpl.sendBroadcast:1123 com.android.server.InputMethodManagerService.hideCurrentInputLocked:1880 com.android.server.InputMethodManagerService.windowGainedFocus:1968 com.android.internal.view.IInputMethodManager$Stub.onTransact:221 com.android.server.InputMethodManagerService.onTransact:818 
I/ActivityManager(  485): Displayed org.xbmc.kore/.ui.hosts.AddHostActivity: +240ms (total +253ms)
W/ViewRootImpl(24620): Dropping event due to no window focus: KeyEvent { action=ACTION_MULTIPLE, keyCode=KEYCODE_DPAD_UP, scanCode=0, metaState=0, flags=0x400, repeatCount=4, eventTime=4342347, downTime=4342347, deviceId=-1, source=0x101 }
W/ViewRootImpl(24620): Dropping event due to no window focus: KeyEvent { action=ACTION_DOWN, keyCode=KEYCODE_DPAD_UP, scanCode=0, metaState=0, flags=0x400, repeatCount=0, eventTime=4342347, downTime=4342347, deviceId=-1, source=0x101 }
W/ViewRootImpl(24620): Dropping event due to no window focus: KeyEvent { action=ACTION_DOWN, keyCode=KEYCODE_DPAD_UP, scanCode=0, metaState=0, flags=0x400, repeatCount=0, eventTime=4342347, downTime=4342347, deviceId=-1, source=0x101 }
W/ViewRootImpl(24620): Dropping event due to no window focus: KeyEvent { action=ACTION_DOWN, keyCode=KEYCODE_DPAD_UP, scanCode=0, metaState=0, flags=0x400, repeatCount=0, eventTime=4342347, downTime=4342347, deviceId=-1, source=0x101 }
W/ViewRootImpl(24620): Dropping event due to no window focus: KeyEvent { action=ACTION_DOWN, keyCode=KEYCODE_DPAD_UP, scanCode=0, metaState=0, flags=0x400, repeatCount=0, eventTime=4342347, downTime=4342347, deviceId=-1, source=0x101 }
W/EGL_emulation(  683): eglSurfaceAttrib not implemented 3093 12436
W/ViewRootImpl(  683): Dropping event due to no window focus: KeyEvent { action=ACTION_DOWN, keyCode=KEYCODE_NOTIFICATION, scanCode=0, metaState=0, flags=0x8, repeatCount=0, eventTime=4342287, downTime=4342287, deviceId=-1, source=0x101 }
W/ContextImpl(  485): Calling a method in the system process without a qualified user: android.app.ContextImpl.sendBroadcast:1123 com.android.server.InputMethodManagerService.hideCurrentInputLocked:1880 com.android.server.InputMethodManagerService.windowGainedFocus:1968 com.android.internal.view.IInputMethodManager$Stub.onTransact:221 com.android.server.InputMethodManagerService.onTransact:818 
I/ActivityManager(  485): START u0 {act=android.intent.action.MAIN cat=[android.intent.category.LAUNCHER] flg=0x10200000 cmp=org.xbmc.kore/.ui.RemoteActivity} from pid 24610
W/PropertyValuesHolder(  683): Method setBrightness() with type int not found on target class class ph
W/PropertyValuesHolder(  683): Method getBrightness() with type int not found on target class class ph
I/ActivityManager(  485): START u0 {act=android.intent.action.MAIN cat=[android.intent.category.LAUNCHER] flg=0x10200000 cmp=com.android.browser/.BrowserActivity bnds=[130,174][334,301] (has extras)} from pid 683
W/ContextImpl(  683): Calling a method in the system process without a qualified user: android.app.ContextImpl.sendBroadcast:1137 android.content.ContextWrapper.sendBroadcast:370 com.vphone.launcher.Stats.recordLaunch:129 com.vphone.launcher.Launcher.c:3192 com.vphone.launcher.Launcher.onClickAppShortcut:3144 
D/yeshen  (  683): launcher onpause
W/ContextImpl(  683): Calling a method in the system process without a qualified user: android.app.ContextImpl.bindService:1556 android.content.ContextWrapper.bindService:517 com.google.android.gms.common.stats.zzb.zza:-1 com.google.android.gms.common.stats.zzb.zza:-1 com.google.android.gms.ads.identifier.AdvertisingIdClient.zzh:-1 
I/ActivityManager(  485): START u0 {flg=0x14000000 cmp=org.xbmc.kore/.ui.hosts.AddHostActivity} from pid 24620
D/yeshen  (  683): launcher onstop
D/FirebaseApp(  683): Notifying background state change listeners.
D/Tinker.DefaultAppLike(  683): onTrimMemory level:20
F/libc    (24864): Fatal signal 13 (SIGPIPE) at 0x00006120 (code=0), thread 24864 (busybox)
W/EGL_emulation(24620): eglSurfaceAttrib not implemented 3093 12436
W/ViewRootImpl(24620): Dropping event due to no window focus: KeyEvent { action=ACTION_DOWN, keyCode=KEYCODE_MENU, scanCode=0, metaState=0, flags=0x8, repeatCount=0, eventTime=4342658, downTime=4342658, deviceId=-1, source=0x101 }
I/ActivityManager(  485): START u0 {act=android.intent.action.MAIN cat=[android.intent.category.LAUNCHER] flg=0x10200000 cmp=org.xbmc.kore/.ui.RemoteActivity} from pid 24610
I/DEBUG   (  165): *** *** *** *** *** *** *** *** *** *** *** *** *** *** *** ***
I/DEBUG   (  165): Build fingerprint: 'samsung/heroltektt/heroltektt:4.4.2/NRD90M/381180401:user/release-keys'
I/DEBUG   (  165): Revision: '0'
I/DEBUG   (  165): pid: 24864, tid: 24864, name: busybox  >>> busybox <<<
I/DEBUG   (  165): signal 13 (SIGPIPE), code -6 (SI_TKILL), fault addr --------
I/DEBUG   (  165):     eax ffffffe0  ebx 00000001  ecx b8296fd0  edx 00000002
I/DEBUG   (  165): AM write failure (32 / Broken pipe)
I/DEBUG   (  165):     esi b763b214  edi b8296fd0
I/DEBUG   (  165):     xcs 00000073  xds 0000007b  xes 0000007b  xfs 00000000  xss 0000007b
I/DEBUG   (  165):     eip b75d6456  ebp b763b214  esp bfd81f00  flags 00000202
I/DEBUG   (  165): 
I/DEBUG   (  165): backtrace:
I/DEBUG   (  165):     #00  pc 0003c456  /system/lib/libc.so (write+22)
I/DEBUG   (  165):     #01  pc 0000bab7  <unknown>
I/DEBUG   (  165): 
I/DEBUG   (  165): stack:
I/DEBUG   (  165):          bfd81ec0  b75b8fd7  /system/lib/libc.so (__swsetup+7)
I/DEBUG   (  165):          bfd81ec4  b763b214  /system/lib/libc.so
I/DEBUG   (  165):          bfd81ec8  00000888  
I/DEBUG   (  165):          bfd81ecc  b75e16e7  /system/lib/libc.so
I/DEBUG   (  165):          bfd81ed0  b8296fd1  [heap]
I/DEBUG   (  165):          bfd81ed4  b8295920  [heap]
I/DEBUG   (  165):          bfd81ed8  00000001  
I/DEBUG   (  165):          bfd81edc  b75acd4f  /system/lib/libc.so (dlmalloc+351)
I/DEBUG   (  165):          bfd81ee0  00000000  
I/DEBUG   (  165):          bfd81ee4  00000000  
I/DEBUG   (  165):          bfd81ee8  b778eb90  /system/bin/busybox
I/DEBUG   (  165):          bfd81eec  b76b7cc7  /system/bin/busybox (next_token+359)
I/DEBUG   (  165):          bfd81ef0  b8295921  [heap]
I/DEBUG   (  165):          bfd81ef4  00000001  
I/DEBUG   (  165):          bfd81ef8  bfd81f54  [stack]
I/DEBUG   (  165):          bfd81efc  b763afcc  /system/lib/libc.so
I/DEBUG   (  165):     #00  bfd81f00  b7649ab8  
I/DEBUG   (  165):          bfd81f04  00001000  
I/DEBUG   (  165):          bfd81f08  b763afcc  /system/lib/libc.so
I/DEBUG   (  165):          bfd81f0c  b75e1f17  /system/lib/libc.so (__swrite+103)
I/DEBUG   (  165):          bfd81f10  00000001  
I/DEBUG   (  165):          bfd81f14  b8296fd0  [heap]
I/DEBUG   (  165):          bfd81f18  00000002  
I/DEBUG   (  165):          bfd81f1c  b75b7b33  /system/lib/libc.so (fputs+99)
I/DEBUG   (  165):          bfd81f20  b763b214  /system/lib/libc.so
I/DEBUG   (  165):          bfd81f24  b763afcc  /system/lib/libc.so
I/DEBUG   (  165):          bfd81f28  00000002  
I/DEBUG   (  165):          bfd81f2c  b75e00e9  /system/lib/libc.so (fflush+185)
I/DEBUG   (  165):          bfd81f30  b763b214  /system/lib/libc.so
I/DEBUG   (  165):          bfd81f34  b8296fd0  [heap]
I/DEBUG   (  165):          bfd81f38  00000002  
I/DEBUG   (  165):          bfd81f3c  b8296980  [heap]
W/NativeCrashListener(  485): Couldn't find ProcessRecord for pid 24864
I/BootReceiver(  485): Copying /data/tombstones/tombstone_07 to DropBox (SYSTEM_TOMBSTONE)
W/ViewRootImpl(24620): Dropping event due to no window focus: KeyEvent { action=ACTION_DOWN, keyCode=KEYCODE_MENU, scanCode=0, metaState=0, flags=0x8, repeatCount=0, eventTime=4342994, downTime=4342994, deviceId=-1, source=0x101 }
I/ActivityManager(  485): Displayed org.xbmc.kore/.ui.hosts.AddHostActivity: +142ms (total +215ms)
W/ContextImpl(  485): Calling a method in the system process without a qualified user: android.app.ContextImpl.sendBroadcast:1123 com.android.server.InputMethodManagerService.hideCurrentInputLocked:1880 com.android.server.InputMethodManagerService.windowGainedFocus:1968 com.android.internal.view.IInputMethodManager$Stub.onTransact:221 com.android.server.InputMethodManagerService.onTransact:818 
D/dalvikvm(  485): GC_FOR_ALLOC freed 2940K, 44% free 14453K/25680K, paused 13ms, total 14ms
W/ViewRootImpl(24620): Dropping event due to no window focus: MotionEvent { action=ACTION_MOVE, id[0]=0, x[0]=-3.0, y[0]=-1.0, toolType[0]=TOOL_TYPE_UNKNOWN, buttonState=0, metaState=0, flags=0x0, edgeFlags=0x0, pointerCount=1, historySize=8, eventTime=4343351, downTime=-1, deviceId=0, source=0x10004 }
D/FirebaseApp(  683): Notifying background state change listeners.
W/EGL_emulation(  683): eglSurfaceAttrib not implemented 3093 12436
W/ViewRootImpl(  683): Dropping event due to no window focus: MotionEvent { action=ACTION_MOVE, id[0]=0, x[0]=-4.0, y[0]=-1.0, toolType[0]=TOOL_TYPE_UNKNOWN, buttonState=0, metaState=0, flags=0x0, edgeFlags=0x0, pointerCount=1, historySize=0, eventTime=4343352, downTime=-1, deviceId=0, source=0x10004 }
W/ViewRootImpl(  683): Dropping event due to no window focus: KeyEvent { action=ACTION_DOWN, keyCode=KEYCODE_DPAD_LEFT, scanCode=0, metaState=0, flags=0x8, repeatCount=0, eventTime=4343503, downTime=4343503, deviceId=-1, source=0x101 }
W/ContextImpl(  485): Calling a method in the system process without a qualified user: android.app.ContextImpl.sendBroadcast:1123 com.android.server.InputMethodManagerService.hideCurrentInputLocked:1880 com.android.server.InputMethodManagerService.windowGainedFocus:1968 com.android.internal.view.IInputMethodManager$Stub.onTransact:221 com.android.server.InputMethodManagerService.onTransact:818 
W/PropertyValuesHolder(  683): Method setBrightness() with type int not found on target class class ph
W/PropertyValuesHolder(  683): Method getBrightness() with type int not found on target class class ph
I/ActivityManager(  485): START u0 {act=android.intent.action.MAIN cat=[android.intent.category.LAUNCHER] flg=0x10200000 cmp=com.android.browser/.BrowserActivity bnds=[130,174][334,301] (has extras)} from pid 683
W/ContextImpl(  683): Calling a method in the system process without a qualified user: android.app.ContextImpl.sendBroadcast:1137 android.content.ContextWrapper.sendBroadcast:370 com.vphone.launcher.Stats.recordLaunch:129 com.vphone.launcher.Launcher.c:3192 com.vphone.launcher.Launcher.onClickAppShortcut:3144 
W/ContextImpl(  683): Calling a method in the system process without a qualified user: android.app.ContextImpl.bindService:1556 android.content.ContextWrapper.bindService:517 com.google.android.gms.common.stats.zzb.zza:-1 com.google.android.gms.common.stats.zzb.zza:-1 com.google.android.gms.ads.identifier.AdvertisingIdClient.zzh:-1 
I/ActivityManager(  485): START u0 {act=android.intent.action.MAIN cat=[android.intent.category.LAUNCHER] flg=0x10200000 cmp=com.android.browser/.BrowserActivity bnds=[130,174][334,301] (has extras)} from pid 683
W/ContextImpl(  683): Calling a method in the system process without a qualified user: android.app.ContextImpl.sendBroadcast:1137 android.content.ContextWrapper.sendBroadcast:370 com.vphone.launcher.Stats.recordLaunch:129 com.vphone.launcher.Launcher.c:3192 com.vphone.launcher.Launcher.onClickAppShortcut:3144 
W/ContextImpl(  683): Calling a method in the system process without a qualified user: android.app.ContextImpl.bindService:1556 android.content.ContextWrapper.bindService:517 com.google.android.gms.common.stats.zzb.zza:-1 com.google.android.gms.common.stats.zzb.zza:-1 com.google.android.gms.ads.identifier.AdvertisingIdClient.zzh:-1 
W/DebugConnManager(  683): getNetworkInfo() on networkType 1
I/ActivityManager(  485): START u0 {act=android.intent.action.VIEW dat=https://tracking.apptrackerlink.com/ws/action/click?offer_id=894732&bid_id=DAE7wPWyKnCRwX4P2Z9WcWRv4gK2&imp_id=xWAQORw402hN1XN72YWOFr3y7D0&p_id=a57d1f0d-3e45-4524-8e9b-4f61b8d09b3a&mac=2C:56:DC:4E:22:14&gaid=32c3adf2-4ef0-4bfa-9817-0931a0a194ab cmp=com.android.browser/.BrowserActivity} from pid 683
W/ContextImpl(  683): Calling a method in the system process without a qualified user: android.app.ContextImpl.bindService:1556 android.content.ContextWrapper.bindService:517 com.google.android.gms.common.stats.zzb.zza:-1 com.google.android.gms.common.stats.zzb.zza:-1 com.google.android.gms.ads.identifier.AdvertisingIdClient.zzh:-1 
I/ActivityManager(  485): START u0 {act=android.intent.action.MAIN cat=[android.intent.category.LAUNCHER] flg=0x10200000 cmp=com.android.browser/.BrowserActivity bnds=[130,174][334,301] (has extras)} from pid 683
W/ContextImpl(  683): Calling a method in the system process without a qualified user: android.app.ContextImpl.sendBroadcast:1137 android.content.ContextWrapper.sendBroadcast:370 com.vphone.launcher.Stats.recordLaunch:129 com.vphone.launcher.Launcher.c:3192 com.vphone.launcher.Launcher.onClickAppShortcut:3144 
W/ContextImpl(  683): Calling a method in the system process without a qualified user: android.app.ContextImpl.bindService:1556 android.content.ContextWrapper.bindService:517 com.google.android.gms.common.stats.zzb.zza:-1 com.google.android.gms.common.stats.zzb.zza:-1 com.google.android.gms.ads.identifier.AdvertisingIdClient.zzh:-1 
I/ActivityManager(  485): START u0 {act=android.intent.action.MAIN cat=[android.intent.category.LAUNCHER] flg=0x10200000 cmp=com.android.browser/.BrowserActivity bnds=[130,174][334,301] (has extras)} from pid 683
W/ContextImpl(  683): Calling a method in the system process without a qualified user: android.app.ContextImpl.sendBroadcast:1137 android.content.ContextWrapper.sendBroadcast:370 com.vphone.launcher.Stats.recordLaunch:129 com.vphone.launcher.Launcher.c:3192 com.vphone.launcher.Launcher.onClickAppShortcut:3144 
W/ContextImpl(  683): Calling a method in the system process without a qualified user: android.app.ContextImpl.bindService:1556 android.content.ContextWrapper.bindService:517 com.google.android.gms.common.stats.zzb.zza:-1 com.google.android.gms.common.stats.zzb.zza:-1 com.google.android.gms.ads.identifier.AdvertisingIdClient.zzh:-1 
W/NetworkManagementSocketTagger(  485): setKernelCountSet(10202, 0) failed with errno -13
V/PanelView(  542): animationTick called with dtms=0; nothing to do (h=0.0 v=-0.0)
I/ActivityManager(  485): START u0 {act=android.intent.action.MAIN cat=[android.intent.category.HOME] flg=0x10200000 cmp=com.vphone.launcher/.Launcher} from pid 485
V/PanelView(  542): animationTick called with dtms=0; nothing to do (h=0.0 v=0.0)
V/PanelView(  542): animationTick called with dtms=-15; nothing to do (h=0.0 v=0.0)
W/Launcher(  683): No global search activity found.
W/DebugConnManager(  683): getNetworkInfo() on networkType 1
W/ContextImpl(  683): Calling a method in the system process without a qualified user: android.app.ContextImpl.startActivity:1020 android.content.ContextWrapper.startActivity:311 com.vphone.launcher.utils.AppUtil.openByBrowser:1068 com.vphone.launcher.utils.AppUtil.b:1499 com.vphone.launcher.utils.AppUtil.onQsbClicked:1474 
W/ContextImpl(  683): Calling a method in the system process without a qualified user: android.app.ContextImpl.startActivity:1032 android.app.ContextImpl.startActivity:1021 android.content.ContextWrapper.startActivity:311 com.vphone.launcher.utils.AppUtil.openByBrowser:1068 com.vphone.launcher.utils.AppUtil.b:1499 
I/ActivityManager(  485): START u0 {act=android.intent.action.VIEW dat=https://www.bignox.com/gsearch/index?g=32c3adf2-4ef0-4bfa-9817-0931a0a194ab&a=2c56dc4e22148605&i=355325040445621&m=2C:56:DC:4E:22:14 flg=0x10000000 cmp=com.android.browser/.BrowserActivity} from pid 683
W/DebugConnManager(  683): getNetworkInfo() on networkType 1
W/ContextImpl(  683): Calling a method in the system process without a qualified user: android.app.ContextImpl.startActivity:1020 android.content.ContextWrapper.startActivity:311 com.vphone.launcher.utils.AppUtil.openByBrowser:1068 com.vphone.launcher.utils.AppUtil.b:1499 com.vphone.launcher.utils.AppUtil.onQsbClicked:1474 
W/ContextImpl(  683): Calling a method in the system process without a qualified user: android.app.ContextImpl.startActivity:1032 android.app.ContextImpl.startActivity:1021 android.content.ContextWrapper.startActivity:311 com.vphone.launcher.utils.AppUtil.openByBrowser:1068 com.vphone.launcher.utils.AppUtil.b:1499 
I/ActivityManager(  485): START u0 {act=android.intent.action.VIEW dat=https://www.bignox.com/gsearch/index?g=32c3adf2-4ef0-4bfa-9817-0931a0a194ab&a=2c56dc4e22148605&i=355325040445621&m=2C:56:DC:4E:22:14 flg=0x10000000 cmp=com.android.browser/.BrowserActivity} from pid 683
I/InputDispatcher(  485): Dropped event because of pending overdue app switch.
W/InputManager(  485): Input event injection from pid 24610 failed.
W/DebugConnManager(  683): getNetworkInfo() on networkType 1
I/ActivityManager(  485): START u0 {act=android.intent.action.VIEW dat=https://tracking.apptrackerlink.com/ws/action/click?offer_id=874060&bid_id=DAE7wPWyKnCRwX4P2Z9WcWRv4gK2&imp_id=8xKGZJqXkmSg3jJRvvKLtnn5MvzZ&p_id=a57d1f0d-3e45-4524-8e9b-4f61b8d09b3a&mac=2C:56:DC:4E:22:14&gaid=32c3adf2-4ef0-4bfa-9817-0931a0a194ab&android_id=2c56dc4e22148605 cmp=com.android.browser/.BrowserActivity} from pid 683
I/ActivityManager(  485): START u0 {act=android.intent.action.MAIN cat=[android.intent.category.LAUNCHER] flg=0x10200000 cmp=org.xbmc.kore/.ui.RemoteActivity} from pid 24610
D/yeshen  (  683): launcher onpause
W/InputManager(  485): Input event injection from pid 24610 failed.
W/InputManager(  485): Input event injection from pid 24610 failed.
W/NetworkManagementSocketTagger(  485): setKernelCountSet(10202, 1) failed with errno -13
W/InputManager(  485): Input event injection from pid 24610 failed.
W/InputManager(  485): Input event injection from pid 24610 failed.
W/InputManager(  485): Input event injection from pid 24610 failed.
W/InputManager(  485): Input event injection from pid 24610 failed.
W/InputManager(  485): Input event injection from pid 24610 failed.
I/ActivityManager(  485): START u0 {flg=0x14000000 cmp=org.xbmc.kore/.ui.hosts.AddHostActivity} from pid 24620
D/dalvikvm(24620): GC_CONCURRENT freed 419K, 10% free 4703K/5184K, paused 1ms+4ms, total 14ms
W/EGL_emulation(24620): eglSurfaceAttrib not implemented 3093 12436
W/ViewRootImpl(24620): Dropping event due to no window focus: KeyEvent { action=ACTION_DOWN, keyCode=KEYCODE_DPAD_LEFT, scanCode=0, metaState=0, flags=0x8, repeatCount=0, eventTime=4346857, downTime=4346857, deviceId=-1, source=0x101 }
W/ViewRootImpl(24620): Dropping event due to no window focus: KeyEvent { action=ACTION_DOWN, keyCode=KEYCODE_COMMA, scanCode=0, metaState=0, flags=0x8, repeatCount=0, eventTime=4346953, downTime=4346953, deviceId=-1, source=0x101 }
I/ActivityManager(  485): Displayed org.xbmc.kore/.ui.hosts.AddHostActivity: +134ms (total +162ms)
W/ContextImpl(  485): Calling a method in the system process without a qualified user: android.app.ContextImpl.sendBroadcast:1123 com.android.server.InputMethodManagerService.hideCurrentInputLocked:1880 com.android.server.InputMethodManagerService.windowGainedFocus:1968 com.android.internal.view.IInputMethodManager$Stub.onTransact:221 com.android.server.InputMethodManagerService.onTransact:818 
I/System.out(24620): body:<org.xbmc.kore.utils.NetUtils: java.net.InetAddress intToInetAddress(int)>	sig:$r2 = staticinvoke <java.net.InetAddress: java.net.InetAddress getByAddress(byte[])>($r0)	timediff:0
D/yeshen  (  683): launcher onstop
D/FirebaseApp(  683): Notifying background state change listeners.
D/Tinker.DefaultAppLike(  683): onTrimMemory level:20
V/PanelView(  542): animationTick called with dtms=0; nothing to do (h=0.0 v=1833.7402)
W/WindowManager(  485): updateFocusedWindowLocked, focusedAppToken is null.
W/EGL_emulation(  542): eglSurfaceAttrib not implemented 3093 12436
V/PanelView(  542): animationTick called with dtms=0; nothing to do (h=635.87585 v=-0.0)
V/PanelView(  542): animationTick called with dtms=-2; nothing to do (h=635.87585 v=-0.0)
V/PanelView(  542): animationTick called with dtms=0; nothing to do (h=587.40875 v=-4500.0)
V/PanelView(  542): animationTick called with dtms=-5; nothing to do (h=587.40875 v=-4500.0)
V/PanelView(  542): animationTick called with dtms=0; nothing to do (h=585.5884 v=4500.0)
V/PanelView(  542): animationTick called with dtms=0; nothing to do (h=720.0 v=-0.0)
V/PanelView(  542): animationTick called with dtms=0; nothing to do (h=719.85 v=-0.0)
V/PanelView(  542): animationTick called with dtms=-5; nothing to do (h=719.85 v=-0.0)
V/PanelView(  542): animationTick called with dtms=0; nothing to do (h=719.85 v=0.0)
V/PanelView(  542): animationTick called with dtms=0; nothing to do (h=719.85 v=0.0)
V/PanelView(  542): animationTick called with dtms=0; nothing to do (h=719.85 v=-3000.0)
W/InputMethodManagerService(  485): Window already focused, ignoring focus gain of: com.android.internal.view.IInputMethodClient$Stub$Proxy@4ab9b944 attribute=null, token = android.os.BinderProxy@4ac80764
W/ViewRootImpl(  542): Dropping event due to no window focus: MotionEvent { action=ACTION_MOVE, id[0]=0, x[0]=1.0, y[0]=-2.0, toolType[0]=TOOL_TYPE_UNKNOWN, buttonState=0, metaState=0, flags=0x0, edgeFlags=0x0, pointerCount=1, historySize=2, eventTime=4348203, downTime=-1, deviceId=0, source=0x10004 }
I/ActivityManager(  485): START u0 {act=android.intent.action.VIEW dat=http://syncedsynapse.com/kore/kore-faq/ cmp=com.android.browser/.BrowserActivity (has extras)} from pid 24620
V/PanelView(  542): animationTick called with dtms=0; nothing to do (h=392.42093 v=-3000.0)
V/PanelView(  542): animationTick called with dtms=0; nothing to do (h=392.42093 v=-3000.0)
V/PanelView(  542): animationTick called with dtms=-2; nothing to do (h=392.42093 v=-3000.0)
W/EGL_emulation(24620): eglSurfaceAttrib not implemented 3093 12436
W/ViewRootImpl(24620): Dropping event due to no window focus: KeyEvent { action=ACTION_DOWN, keyCode=KEYCODE_DPAD_UP, scanCode=0, metaState=0, flags=0x8, repeatCount=0, eventTime=4348316, downTime=4348316, deviceId=-1, source=0x101 }
V/PanelView(  542): animationTick called with dtms=0; nothing to do (h=74.918884 v=-3000.0)
V/PanelView(  542): animationTick called with dtms=0; nothing to do (h=74.918884 v=-3000.0)
V/PanelView(  542): animationTick called with dtms=-9; nothing to do (h=74.918884 v=-3000.0)
I/ActivityManager(  485): START u0 {act=android.intent.action.MAIN cat=[android.intent.category.LAUNCHER] flg=0x10200000 cmp=org.xbmc.kore/.ui.RemoteActivity} from pid 24610
V/PanelView(  542): animationTick called with dtms=0; nothing to do (h=74.918884 v=-3000.0)
V/PanelView(  542): animationTick called with dtms=0; nothing to do (h=74.918884 v=-3000.0)
V/PanelView(  542): animationTick called with dtms=0; nothing to do (h=74.918884 v=-3000.0)
V/PanelView(  542): animationTick called with dtms=0; nothing to do (h=74.918884 v=-3000.0)
V/PanelView(  542): animationTick called with dtms=-9; nothing to do (h=74.918884 v=-3000.0)
W/EGL_emulation(  542): eglSurfaceAttrib not implemented 3093 12436
W/InputMethodManagerService(  485): Window already focused, ignoring focus gain of: com.android.internal.view.IInputMethodClient$Stub$Proxy@4a9a857c attribute=android.view.inputmethod.EditorInfo@4ab01914, token = android.os.BinderProxy@4ac80764
V/PanelView(  542): animationTick called with dtms=0; nothing to do (h=0.0 v=-0.0)
V/PanelView(  542): animationTick called with dtms=0; nothing to do (h=0.0 v=-0.0)
V/PanelView(  542): animationTick called with dtms=0; nothing to do (h=0.0 v=-0.0)
V/VLC/AudioService(24641): Loading position 0 in []
