W/NetworkManagementSocketTagger(  485): setKernelCountSet(10203, 0) failed with errno -13
I/ActivityManager(  485): Process photomaker.musicmaker.videomaker (pid 25136) has died.
I/WindowState(  485): WIN DEATH: Window{4af14d24 u0 photomaker.musicmaker.videomaker/photomaker.musicmaker.videomaker.EffctsLuncherApps}
I/WindowState(  485): WIN DEATH: Window{4aacd990 u0 AtchDlg:photomaker.musicmaker.videomaker/photomaker.musicmaker.videomaker.EffctsLuncherApps EXITING}
W/Launcher(  683): setApplicationContext called twice! old=com.vphone.launcher.LauncherApplicationEx@4a796d18 new=com.vphone.launcher.LauncherApplicationEx@4a796d18
W/ResourceType(  683): Attempt to retrieve bag 0x7f0b0001 which is invalid or in a cycle.
D/Launcher(  683): 11683562 - bindAddScreens()
D/Launcher(  683): 11683562 -   orderedScreenIds: 1, 3
D/Launcher.Workspace(  683): 11683562 - insertNewWorkspaceScreen(): 1 at index: 0
D/Launcher.Workspace(  683): 11683562 - insertNewWorkspaceScreen(): 3 at index: 1
W/ContextImpl(  683): Calling a method in the system process without a qualified user: android.app.ContextImpl.startService:1492 android.content.ContextWrapper.startService:494 com.vphone.launcher.Launcher.i:690 com.vphone.launcher.Launcher.b:182 com.vphone.launcher.Launcher$11.run:650 
D/Sensors (  485): Client connection accepted (187)
W/EGL_emulation(  683): eglSurfaceAttrib not implemented 3093 12436
W/ViewRootImpl(  683): Dropping event due to no window focus: KeyEvent { action=ACTION_DOWN, keyCode=KEYCODE_MENU, scanCode=0, metaState=0, flags=0x8, repeatCount=0, eventTime=4362110, downTime=4362110, deviceId=-1, source=0x101 }
W/ViewRootImpl(  683): Dropping event due to no window focus: KeyEvent { action=ACTION_DOWN, keyCode=KEYCODE_DPAD_UP, scanCode=0, metaState=0, flags=0x8, repeatCount=0, eventTime=4362506, downTime=4362506, deviceId=-1, source=0x101 }
W/ContextImpl(  485): Calling a method in the system process without a qualified user: android.app.ContextImpl.sendBroadcast:1123 com.android.server.InputMethodManagerService.hideCurrentInputLocked:1880 com.android.server.InputMethodManagerService.windowGainedFocus:1968 com.android.internal.view.IInputMethodManager$Stub.onTransact:221 com.android.server.InputMethodManagerService.onTransact:818 
W/InputMethodManagerService(  485): Got RemoteException sending setActive(false) notification to pid 25136 uid 10203
W/Binder  (  651): Caught a RuntimeException from the binder stub implementation.
W/Binder  (  651): java.lang.NullPointerException
W/Binder  (  651): 	at android.inputmethodservice.IInputMethodWrapper.setSessionEnabled(IInputMethodWrapper.java:280)
W/Binder  (  651): 	at com.android.internal.view.IInputMethod$Stub.onTransact(IInputMethod.java:129)
W/Binder  (  651): 	at android.os.Binder.execTransact(Binder.java:404)
W/Binder  (  651): 	at dalvik.system.NativeStart.run(Native Method)
W/PropertyValuesHolder(  683): Method setBrightness() with type int not found on target class class ph
W/PropertyValuesHolder(  683): Method getBrightness() with type int not found on target class class ph
D/dalvikvm(  683): GC_FOR_ALLOC freed 3960K, 3% free 266006K/272328K, paused 122ms, total 122ms
I/ActivityManager(  485): START u0 {act=android.intent.action.MAIN cat=[android.intent.category.LAUNCHER] flg=0x10200000 cmp=com.android.browser/.BrowserActivity bnds=[8,388][149,618] (has extras)} from pid 683
W/ContextImpl(  683): Calling a method in the system process without a qualified user: android.app.ContextImpl.sendBroadcast:1137 android.content.ContextWrapper.sendBroadcast:370 com.vphone.launcher.Stats.recordLaunch:129 com.vphone.launcher.Launcher.c:3192 com.vphone.launcher.Launcher.onClickAppShortcut:3144 
W/ContextImpl(  683): Calling a method in the system process without a qualified user: android.app.ContextImpl.bindService:1556 android.content.ContextWrapper.bindService:517 com.google.android.gms.common.stats.zzb.zza:-1 com.google.android.gms.common.stats.zzb.zza:-1 com.google.android.gms.ads.identifier.AdvertisingIdClient.zzh:-1 
I/ActivityManager(  485): START u0 {act=android.intent.action.CALL_BUTTON flg=0x10000000} from pid 683
W/Launcher(  683): No global search activity found.
W/PhoneFallbackEventHandler(  683): No activity found for android.intent.action.CALL_BUTTON.
V/PanelView(  542): animationTick called with dtms=0; nothing to do (h=0.0 v=-0.0)
W/DebugConnManager(  683): getNetworkInfo() on networkType 1
I/ActivityManager(  485): START u0 {act=android.intent.action.VIEW dat=https://tracking.apptrackerlink.com/ws/action/click?offer_id=894727&bid_id=DAE7wPWyKnCRwX4P2Z9WcWRv4gK2&imp_id=OxM197qQALtkvGqv1kxYCnQW2oG&p_id=a57d1f0d-3e45-4524-8e9b-4f61b8d09b3a&mac=2C:56:DC:4E:22:14&gaid=32c3adf2-4ef0-4bfa-9817-0931a0a194ab cmp=com.android.browser/.BrowserActivity} from pid 683
E/SurfaceFlinger(  168): glCheckFramebufferStatusOES error 36054
E/SurfaceFlinger(  168): got GL_FRAMEBUFFER_COMPLETE_OES error while taking screenshot
D/SurfaceFlinger(  168): setOrientation, mFbdev=0xb8f00050, mFbDev->setOrientation=0xb6a08ce0, orientation=0
I/gralloc_nox(  168): setOrientation: orientation=0
I/ActivityManager(  485): Config changes=480 {1.0 310mcc16mnc en_US ldltr sw480dp w853dp h454dp 240dpi lrg long land finger -keyb/v/h dpad/v s.157}
D/Sensors (  485): Client connection accepted (178)
I/InputReader(  485): Reconfiguring input devices.  changes=0x00000004
I/InputReader(  485): Device reconfigured: id=1, name='seamless mouse', size 1280x720, orientation 0, mode 1, display id 0
I/InputReader(  485): Device reconfigured: id=3, name='Android Input', size 1280x720, orientation 0, mode 1, display id 0
I/InputReader(  485): Reconfiguring input devices.  changes=0x00000004
I/InputReader(  485): Device reconfigured: id=8, name='VirtualBox USB Tablet', size 1280x720, orientation 0, mode 1, display id 0
D/PhoneStatusBar(  542): mSettingsPanelGravity = 55
W/ContextImpl(  683): Calling a method in the system process without a qualified user: android.app.ContextImpl.bindService:1556 android.content.ContextWrapper.bindService:517 com.google.android.gms.common.stats.zzb.zza:-1 com.google.android.gms.common.stats.zzb.zza:-1 com.google.android.gms.ads.identifier.AdvertisingIdClient.zzh:-1 
D/Tinker.DefaultAppLike(  683): onConfigurationChanged:{1.0 310mcc16mnc en_US ldltr sw480dp w853dp h454dp 240dpi lrg long land finger -keyb/v/h dpad/v s.157}
D/yeshen  (  683): launcher onpause
D/yeshen  (  683): launcher onstop
D/dalvikvm(  542): GC_FOR_ALLOC freed 7668K, 67% free 5560K/16568K, paused 3ms, total 3ms
I/dalvikvm-heap(  542): Grow heap (frag case) to 11.739MB for 6553612-byte allocation
D/dalvikvm(  542): GC_CONCURRENT freed 5K, 48% free 11954K/22972K, paused 2ms+1ms, total 5ms
D/dalvikvm(  542): WAIT_FOR_CONCURRENT_GC blocked 2ms
W/Launcher(  683): setApplicationContext called twice! old=com.vphone.launcher.LauncherApplicationEx@4a796d18 new=com.vphone.launcher.LauncherApplicationEx@4a796d18
W/ResourceType(  683): Attempt to retrieve bag 0x7f0b0001 which is invalid or in a cycle.
D/Launcher(  683): 11683562 - bindAddScreens()
D/Launcher(  683): 11683562 -   orderedScreenIds: 1, 3
D/Launcher.Workspace(  683): 11683562 - insertNewWorkspaceScreen(): 1 at index: 0
D/Launcher.Workspace(  683): 11683562 - insertNewWorkspaceScreen(): 3 at index: 1
W/ContextImpl(  683): Calling a method in the system process without a qualified user: android.app.ContextImpl.startService:1492 android.content.ContextWrapper.startService:494 com.vphone.launcher.Launcher.i:690 com.vphone.launcher.Launcher.b:182 com.vphone.launcher.Launcher$11.run:650 
W/EGL_emulation(  542): eglSurfaceAttrib not implemented 3093 12436
W/EGL_emulation(  683): eglSurfaceAttrib not implemented 3093 12436
W/ContextImpl(  485): Calling a method in the system process without a qualified user: android.app.ContextImpl.sendBroadcast:1123 com.android.server.InputMethodManagerService.hideCurrentInputLocked:1880 com.android.server.InputMethodManagerService.windowGainedFocus:1968 com.android.internal.view.IInputMethodManager$Stub.onTransact:221 com.android.server.InputMethodManagerService.onTransact:818 
I/WindowManager(  485): Screen frozen for +610ms due to Window{4aa7b180 u0 com.vphone.launcher/com.vphone.launcher.Launcher}
W/PropertyValuesHolder(  683): Method setBrightness() with type int not found on target class class ph
W/PropertyValuesHolder(  683): Method getBrightness() with type int not found on target class class ph
I/ActivityManager(  485): START u0 {act=android.intent.action.MAIN cat=[android.intent.category.LAUNCHER] flg=0x10200000 cmp=com.facebook.lite/.MainActivity bnds=[538,301][742,428]} from pid 683
W/ContextImpl(  683): Calling a method in the system process without a qualified user: android.app.ContextImpl.sendBroadcast:1137 android.content.ContextWrapper.sendBroadcast:370 com.vphone.launcher.Stats.recordLaunch:129 com.vphone.launcher.Launcher.c:3192 com.vphone.launcher.Launcher.onClickAppShortcut:3144 
W/ContextImpl(  683): Calling a method in the system process without a qualified user: android.app.ContextImpl.bindService:1556 android.content.ContextWrapper.bindService:517 com.google.android.gms.common.stats.zzb.zza:-1 com.google.android.gms.common.stats.zzb.zza:-1 com.google.android.gms.ads.identifier.AdvertisingIdClient.zzh:-1 
V/PanelView(  542): animationTick called with dtms=0; nothing to do (h=0.0 v=0.0)
V/PanelView(  542): animationTick called with dtms=-12; nothing to do (h=0.0 v=0.0)
I/ActivityManager(  485): Waited long enough for: ServiceRecord{4abf9688 u0 videoplayer.mediaplayer.hdplayer/.audio.AudioService}
W/Launcher(  683): No global search activity found.
W/Launcher(  683): No global search activity found.
I/ActivityManager(  485): START u0 {act=android.intent.action.MAIN cat=[android.intent.category.HOME] flg=0x10200000 cmp=com.vphone.launcher/.Launcher} from pid 485
E/AudioFlinger(  171): no more track names available
E/AudioTrack(  485): AudioFlinger could not create track, status: -12
E/SoundPool(  485): Error creating AudioTrack
E/InputDispatcher(  485): Received spurious receive callback for unknown input channel.  fd=178, events=0x1
E/AudioFlinger(  171): no more track names available
E/AudioTrack(  485): AudioFlinger could not create track, status: -12
E/SoundPool(  485): Error creating AudioTrack
E/AudioFlinger(  171): no more track names available
E/AudioTrack(  485): AudioFlinger could not create track, status: -12
E/SoundPool(  485): Error creating AudioTrack
E/AudioFlinger(  171): no more track names available
E/AudioTrack(  485): AudioFlinger could not create track, status: -12
E/SoundPool(  485): Error creating AudioTrack
E/AudioFlinger(  171): no more track names available
E/AudioTrack(  485): AudioFlinger could not create track, status: -12
E/SoundPool(  485): Error creating AudioTrack
E/AudioFlinger(  171): no more track names available
E/AudioTrack(  485): AudioFlinger could not create track, status: -12
E/SoundPool(  485): Error creating AudioTrack
E/AudioFlinger(  171): no more track names available
E/AudioTrack(  485): AudioFlinger could not create track, status: -12
E/SoundPool(  485): Error creating AudioTrack
E/AudioFlinger(  171): no more track names available
E/AudioTrack(  485): AudioFlinger could not create track, status: -12
E/SoundPool(  485): Error creating AudioTrack
E/AudioFlinger(  171): no more track names available
E/AudioTrack(  485): AudioFlinger could not create track, status: -12
E/SoundPool(  485): Error creating AudioTrack
E/AudioFlinger(  171): no more track names available
E/AudioTrack(  485): AudioFlinger could not create track, status: -12
E/SoundPool(  485): Error creating AudioTrack
E/AudioFlinger(  171): no more track names available
E/AudioTrack(  485): AudioFlinger could not create track, status: -12
E/SoundPool(  485): Error creating AudioTrack
E/AudioFlinger(  171): no more track names available
E/AudioTrack(  485): AudioFlinger could not create track, status: -12
E/SoundPool(  485): Error creating AudioTrack
E/AudioFlinger(  171): no more track names available
E/AudioTrack(  485): AudioFlinger could not create track, status: -12
E/SoundPool(  485): Error creating AudioTrack
E/AudioFlinger(  171): no more track names available
E/AudioTrack(  485): AudioFlinger could not create track, status: -12
E/SoundPool(  485): Error creating AudioTrack
E/AudioFlinger(  171): no more track names available
E/AudioTrack(  485): AudioFlinger could not create track, status: -12
E/SoundPool(  485): Error creating AudioTrack
E/AudioFlinger(  171): no more track names available
E/AudioTrack(  485): AudioFlinger could not create track, status: -12
E/SoundPool(  485): Error creating AudioTrack
W/PropertyValuesHolder(  683): Method setBrightness() with type int not found on target class class ph
W/PropertyValuesHolder(  683): Method getBrightness() with type int not found on target class class ph
I/ActivityManager(  485): START u0 {act=android.intent.action.MAIN cat=[android.intent.category.LAUNCHER] flg=0x10200000 cmp=com.android.contacts/.activities.PeopleActivity bnds=[538,174][742,301] (has extras)} from pid 683
E/AudioFlinger(  171): no more track names available
E/AudioTrack(  485): AudioFlinger could not create track, status: -12
W/ContextImpl(  683): Calling a method in the system process without a qualified user: android.app.ContextImpl.sendBroadcast:1137 android.content.ContextWrapper.sendBroadcast:370 com.vphone.launcher.Stats.recordLaunch:129 com.vphone.launcher.Launcher.c:3192 com.vphone.launcher.Launcher.onClickAppShortcut:3144 
W/PropertyValuesHolder(  683): Method setBrightness() with type int not found on target class class ph
W/PropertyValuesHolder(  683): Method getBrightness() with type int not found on target class class ph
E/SoundPool(  485): Error creating AudioTrack
W/ContextImpl(  683): Calling a method in the system process without a qualified user: android.app.ContextImpl.bindService:1556 android.content.ContextWrapper.bindService:517 com.google.android.gms.common.stats.zzb.zza:-1 com.google.android.gms.common.stats.zzb.zza:-1 com.google.android.gms.ads.identifier.AdvertisingIdClient.zzh:-1 
E/AudioFlinger(  171): no more track names available
E/AudioTrack(  485): AudioFlinger could not create track, status: -12
E/SoundPool(  485): Error creating AudioTrack
E/AudioFlinger(  171): no more track names available
E/AudioTrack(  485): AudioFlinger could not create track, status: -12
E/SoundPool(  485): Error creating AudioTrack
E/AudioFlinger(  171): no more track names available
E/AudioTrack(  485): AudioFlinger could not create track, status: -12
E/SoundPool(  485): Error creating AudioTrack
I/ActivityManager(  485): START u0 {act=android.intent.action.MAIN cat=[android.intent.category.LAUNCHER] flg=0x10200000 cmp=com.android.contacts/.activities.PeopleActivity bnds=[538,174][742,301] (has extras)} from pid 683
E/AudioFlinger(  171): no more track names available
E/AudioTrack(  485): AudioFlinger could not create track, status: -12
W/ContextImpl(  683): Calling a method in the system process without a qualified user: android.app.ContextImpl.sendBroadcast:1137 android.content.ContextWrapper.sendBroadcast:370 com.vphone.launcher.Stats.recordLaunch:129 com.vphone.launcher.Launcher.c:3192 com.vphone.launcher.Launcher.onClickAppShortcut:3144 
E/SoundPool(  485): Error creating AudioTrack
W/ContextImpl(  683): Calling a method in the system process without a qualified user: android.app.ContextImpl.bindService:1556 android.content.ContextWrapper.bindService:517 com.google.android.gms.common.stats.zzb.zza:-1 com.google.android.gms.common.stats.zzb.zza:-1 com.google.android.gms.ads.identifier.AdvertisingIdClient.zzh:-1 
W/DebugConnManager(  683): getNetworkInfo() on networkType 1
E/AudioFlinger(  171): no more track names available
E/AudioTrack(  485): AudioFlinger could not create track, status: -12
E/SoundPool(  485): Error creating AudioTrack
I/ActivityManager(  485): START u0 {act=android.intent.action.VIEW dat=https://tracking.apptrackerlink.com/ws/action/click?offer_id=894732&bid_id=DAE7wPWyKnCRwX4P2Z9WcWRv4gK2&imp_id=xWAQORw402hN1XN72YWOFr3y7D0&p_id=a57d1f0d-3e45-4524-8e9b-4f61b8d09b3a&mac=2C:56:DC:4E:22:14&gaid=32c3adf2-4ef0-4bfa-9817-0931a0a194ab cmp=com.android.browser/.BrowserActivity} from pid 683
E/AudioFlinger(  171): no more track names available
E/AudioTrack(  485): AudioFlinger could not create track, status: -12
E/SoundPool(  485): Error creating AudioTrack
W/ContextImpl(  683): Calling a method in the system process without a qualified user: android.app.ContextImpl.bindService:1556 android.content.ContextWrapper.bindService:517 com.google.android.gms.common.stats.zzb.zza:-1 com.google.android.gms.common.stats.zzb.zza:-1 com.google.android.gms.ads.identifier.AdvertisingIdClient.zzh:-1 
W/PropertyValuesHolder(  683): Method setBrightness() with type int not found on target class class ph
W/PropertyValuesHolder(  683): Method getBrightness() with type int not found on target class class ph
E/AudioFlinger(  171): no more track names available
E/AudioTrack(  485): AudioFlinger could not create track, status: -12
E/SoundPool(  485): Error creating AudioTrack
I/ActivityManager(  485): START u0 {act=android.intent.action.MAIN cat=[android.intent.category.LAUNCHER] flg=0x10200000 cmp=com.cyanogenmod.filemanager/.activities.NavigationActivity bnds=[334,174][538,301] (has extras)} from pid 683
W/ContextImpl(  683): Calling a method in the system process without a qualified user: android.app.ContextImpl.sendBroadcast:1137 android.content.ContextWrapper.sendBroadcast:370 com.vphone.launcher.Stats.recordLaunch:129 com.vphone.launcher.Launcher.c:3192 com.vphone.launcher.Launcher.onClickAppShortcut:3144 
I/InputDispatcher(  485): Dropped event because of pending overdue app switch.
W/InputManager(  485): Input event injection from pid 25038 failed.
W/ContextImpl(  683): Calling a method in the system process without a qualified user: android.app.ContextImpl.bindService:1556 android.content.ContextWrapper.bindService:517 com.google.android.gms.common.stats.zzb.zza:-1 com.google.android.gms.common.stats.zzb.zza:-1 com.google.android.gms.ads.identifier.AdvertisingIdClient.zzh:-1 
E/AudioFlinger(  171): no more track names available
E/AudioTrack(  485): AudioFlinger could not create track, status: -12
E/SoundPool(  485): Error creating AudioTrack
E/AudioFlinger(  171): no more track names available
E/AudioTrack(  485): AudioFlinger could not create track, status: -12
E/SoundPool(  485): Error creating AudioTrack
E/AudioFlinger(  171): no more track names available
E/AudioTrack(  485): AudioFlinger could not create track, status: -12
I/ActivityManager(  485): START u0 {act=android.intent.action.MAIN cat=[android.intent.category.LAUNCHER] flg=0x10200000 cmp=com.facebook.lite/.MainActivity bnds=[538,301][742,428]} from pid 683
W/ContextImpl(  683): Calling a method in the system process without a qualified user: android.app.ContextImpl.sendBroadcast:1137 android.content.ContextWrapper.sendBroadcast:370 com.vphone.launcher.Stats.recordLaunch:129 com.vphone.launcher.Launcher.c:3192 com.vphone.launcher.Launcher.onClickAppShortcut:3144 
E/SoundPool(  485): Error creating AudioTrack
I/ActivityManager(  485): START u0 {act=android.intent.action.MAIN cat=[android.intent.category.LAUNCHER] flg=0x10200000 cmp=photomaker.musicmaker.videomaker/.EffctsLuncherApps} from pid 25038
W/ContextImpl(  683): Calling a method in the system process without a qualified user: android.app.ContextImpl.bindService:1556 android.content.ContextWrapper.bindService:517 com.google.android.gms.common.stats.zzb.zza:-1 com.google.android.gms.common.stats.zzb.zza:-1 com.google.android.gms.ads.identifier.AdvertisingIdClient.zzh:-1 
D/yeshen  (  683): launcher onpause
E/AudioFlinger(  171): no more track names available
E/AudioTrack(  485): AudioFlinger could not create track, status: -12
E/SoundPool(  485): Error creating AudioTrack
I/ActivityManager(  485): Start proc photomaker.musicmaker.videomaker for activity photomaker.musicmaker.videomaker/.EffctsLuncherApps: pid=25292 uid=10203 gids={50203, 1028, 1015, 1023, 3003}
E/SurfaceFlinger(  168): glCheckFramebufferStatusOES error 36054
E/SurfaceFlinger(  168): got GL_FRAMEBUFFER_COMPLETE_OES error while taking screenshot
D/SurfaceFlinger(  168): setOrientation, mFbdev=0xb8f00050, mFbDev->setOrientation=0xb6a08ce0, orientation=3
I/gralloc_nox(  168): setOrientation: orientation=3
I/ActivityManager(  485): Config changes=480 {1.0 310mcc16mnc en_US ldltr sw480dp w480dp h828dp 240dpi lrg long port finger -keyb/v/h dpad/v s.158}
D/PhoneStatusBar(  542): mSettingsPanelGravity = 55
D/Sensors (  485): Client connection accepted (168)
D/dalvikvm(  683): GC_FOR_ALLOC freed 6423K, 3% free 267594K/274248K, paused 131ms, total 131ms
W/ViewRootImpl(  683): Dropping event due to no window focus: KeyEvent { action=ACTION_DOWN, keyCode=KEYCODE_DPAD_DOWN, scanCode=0, metaState=0, flags=0x400, repeatCount=0, eventTime=4364997, downTime=4364997, deviceId=-1, source=0x101 }
W/ViewRootImpl(  683): Dropping event due to no window focus: KeyEvent { action=ACTION_DOWN, keyCode=KEYCODE_DPAD_DOWN, scanCode=0, metaState=0, flags=0x400, repeatCount=0, eventTime=4364998, downTime=4364998, deviceId=-1, source=0x101 }
W/ViewRootImpl(  683): Dropping event due to no window focus: KeyEvent { action=ACTION_DOWN, keyCode=KEYCODE_DPAD_DOWN, scanCode=0, metaState=0, flags=0x400, repeatCount=0, eventTime=4364998, downTime=4364998, deviceId=-1, source=0x101 }
W/ViewRootImpl(  683): Dropping event due to no window focus: KeyEvent { action=ACTION_DOWN, keyCode=KEYCODE_DPAD_DOWN, scanCode=0, metaState=0, flags=0x400, repeatCount=0, eventTime=4364998, downTime=4364998, deviceId=-1, source=0x101 }
D/        (  485): HostConnection::get() New Host Connection established 0xb8d8ea50, tid 1511
I/InputReader(  485): Reconfiguring input devices.  changes=0x00000004
I/InputReader(  485): Device reconfigured: id=1, name='seamless mouse', size 1280x720, orientation 3, mode 1, display id 0
I/InputReader(  485): Device reconfigured: id=3, name='Android Input', size 1280x720, orientation 3, mode 1, display id 0
I/InputReader(  485): Device reconfigured: id=8, name='VirtualBox USB Tablet', size 1280x720, orientation 3, mode 1, display id 0
W/NetworkManagementSocketTagger(  485): setKernelCountSet(10203, 1) failed with errno -13
I/dalvikvm(25292): ignoring registerObject request in thread=1
I/dalvikvm(25292): ignoring registerObject request in thread=1
D/Tinker.DefaultAppLike(  683): onConfigurationChanged:{1.0 310mcc16mnc en_US ldltr sw480dp w480dp h828dp 240dpi lrg long port finger -keyb/v/h dpad/v s.158}
D/yeshen  (  683): launcher onstop
D/dalvikvm(  542): GC_FOR_ALLOC freed 7949K, 67% free 5560K/16568K, paused 2ms, total 2ms
I/dalvikvm-heap(  542): Grow heap (frag case) to 11.739MB for 6553612-byte allocation
D/dalvikvm(  542): GC_CONCURRENT freed 4K, 48% free 11955K/22972K, paused 3ms+0ms, total 5ms
D/dalvikvm(25292): JIT code cache reset in 0 ms (0 bytes 1/0)
D/dalvikvm(25292): GC_FOR_ALLOC freed 88K, 6% free 2822K/2972K, paused 2ms, total 5ms
I/dalvikvm-heap(25292): Grow heap (frag case) to 4.791MB for 2073612-byte allocation
D/dalvikvm(25292): GC_FOR_ALLOC freed <1K, 4% free 4847K/5000K, paused 3ms, total 3ms
D/dalvikvm(25292): GC_CONCURRENT freed <1K, 4% free 4847K/5000K, paused 1ms+1ms, total 3ms
I/dalvikvm(25292): Could not find method android.content.pm.PackageManager.getPackageInstaller, referenced from method com.google.android.gms.common.zze.zzl
W/dalvikvm(25292): VFY: unable to resolve virtual method 479: Landroid/content/pm/PackageManager;.getPackageInstaller ()Landroid/content/pm/PackageInstaller;
D/dalvikvm(25292): VFY: replacing opcode 0x6e at 0x001a
I/dalvikvm(25292): Could not find method android.content.pm.PackageManager.getPackageInstaller, referenced from method jpn.a
W/dalvikvm(25292): VFY: unable to resolve virtual method 2625: Landroid/content/pm/PackageManager;.getPackageInstaller ()Landroid/content/pm/PackageInstaller;
D/dalvikvm(25292): VFY: replacing opcode 0x6e at 0x001c
I/dalvikvm(25292): Could not find method android.content.ContextWrapper.createCredentialProtectedStorageContext, referenced from method jcg.createCredentialProtectedStorageContext
W/dalvikvm(25292): VFY: unable to resolve virtual method 2532: Landroid/content/ContextWrapper;.createCredentialProtectedStorageContext ()Landroid/content/Context;
D/dalvikvm(25292): VFY: replacing opcode 0x6f at 0x0002
I/dalvikvm(25292): Could not find method android.content.ContextWrapper.createDeviceProtectedStorageContext, referenced from method jcg.createDeviceProtectedStorageContext
W/dalvikvm(25292): VFY: unable to resolve virtual method 2533: Landroid/content/ContextWrapper;.createDeviceProtectedStorageContext ()Landroid/content/Context;
D/dalvikvm(25292): VFY: replacing opcode 0x6f at 0x0002
I/dalvikvm(25292): Could not find method android.content.ContextWrapper.createCredentialProtectedStorageContext, referenced from method com.google.android.chimera.ModuleContext.createCredentialProtectedStorageContext
W/dalvikvm(25292): VFY: unable to resolve virtual method 2532: Landroid/content/ContextWrapper;.createCredentialProtectedStorageContext ()Landroid/content/Context;
D/dalvikvm(25292): VFY: replacing opcode 0x6f at 0x0002
I/dalvikvm(25292): Could not find method android.content.ContextWrapper.createDeviceProtectedStorageContext, referenced from method com.google.android.chimera.ModuleContext.createDeviceProtectedStorageContext
W/dalvikvm(25292): VFY: unable to resolve virtual method 2533: Landroid/content/ContextWrapper;.createDeviceProtectedStorageContext ()Landroid/content/Context;
D/dalvikvm(25292): VFY: replacing opcode 0x6f at 0x0002
I/dalvikvm(25292): Could not find method android.content.Context.isCredentialProtectedStorage, referenced from method cyg.a
W/dalvikvm(25292): VFY: unable to resolve virtual method 2512: Landroid/content/Context;.isCredentialProtectedStorage ()Z
D/dalvikvm(25292): VFY: replacing opcode 0x6e at 0x0000
I/dalvikvm(25292): Could not find method android.os.UserManager.isUserUnlocked, referenced from method cyg.a
W/dalvikvm(25292): VFY: unable to resolve virtual method 3156: Landroid/os/UserManager;.isUserUnlocked ()Z
D/dalvikvm(25292): VFY: replacing opcode 0x6e at 0x001a
I/dalvikvm(25292): Could not find method android.content.Context.isDeviceProtectedStorage, referenced from method cyg.b
W/dalvikvm(25292): VFY: unable to resolve virtual method 2513: Landroid/content/Context;.isDeviceProtectedStorage ()Z
D/dalvikvm(25292): VFY: replacing opcode 0x6e at 0x0000
I/dalvikvm(25292): Could not find method android.content.Context.isDeviceProtectedStorage, referenced from method cyg.c
W/dalvikvm(25292): VFY: unable to resolve virtual method 2513: Landroid/content/Context;.isDeviceProtectedStorage ()Z
D/dalvikvm(25292): VFY: replacing opcode 0x6e at 0x0000
I/dalvikvm(25292): Could not find method android.system.Os.readlink, referenced from method cyw.a
W/dalvikvm(25292): VFY: unable to resolve static method 3176: Landroid/system/Os;.readlink (Ljava/lang/String;)Ljava/lang/String;
D/dalvikvm(25292): VFY: replacing opcode 0x71 at 0x0000
I/dalvikvm(25292): Could not find method android.system.Os.stat, referenced from method cyw.a
W/dalvikvm(25292): VFY: unable to resolve static method 3177: Landroid/system/Os;.stat (Ljava/lang/String;)Landroid/system/StructStat;
D/dalvikvm(25292): VFY: replacing opcode 0x71 at 0x0042
I/dalvikvm(25292): Could not find method android.system.Os.symlink, referenced from method cyw.a
W/dalvikvm(25292): VFY: unable to resolve static method 3178: Landroid/system/Os;.symlink (Ljava/lang/String;Ljava/lang/String;)V
D/dalvikvm(25292): VFY: replacing opcode 0x71 at 0x013b
I/dalvikvm(25292): DexOpt: unable to optimize instance field ref 0x061f at 0x46 in Lcyw;.a
I/dalvikvm(25292): DexOpt: unable to optimize static field ref 0x061a at 0x48 in Lcyw;.a
I/dalvikvm(25292): DexOpt: unable to optimize static field ref 0x0618 at 0x4a in Lcyw;.a
I/dalvikvm(25292): DexOpt: unable to optimize static field ref 0x0619 at 0x4d in Lcyw;.a
I/dalvikvm(25292): DexOpt: unable to optimize static field ref 0x061b at 0x57 in Lcyw;.a
I/dalvikvm(25292): DexOpt: unable to optimize static field ref 0x061e at 0x5f in Lcyw;.a
I/dalvikvm(25292): DexOpt: unable to optimize static field ref 0x061c at 0x61 in Lcyw;.a
I/dalvikvm(25292): DexOpt: unable to optimize static field ref 0x061d at 0x64 in Lcyw;.a
I/dalvikvm(25292): DexOpt: unable to optimize static field ref 0x061a at 0x7f in Lcyw;.a
I/dalvikvm(25292): DexOpt: unable to optimize static field ref 0x061e at 0x90 in Lcyw;.a
D/dalvikvm(25292): GC_CONCURRENT freed 350K, 8% free 5070K/5484K, paused 2ms+1ms, total 6ms
I/dalvikvm(25292): Could not find method android.content.Context.createDeviceProtectedStorageContext, referenced from method kbn.a
W/dalvikvm(25292): VFY: unable to resolve virtual method 2481: Landroid/content/Context;.createDeviceProtectedStorageContext ()Landroid/content/Context;
D/dalvikvm(25292): VFY: replacing opcode 0x6e at 0x0029
I/dalvikvm(25292): Could not find method android.content.Context.getSystemService, referenced from method kbn.b
W/dalvikvm(25292): VFY: unable to resolve virtual method 2508: Landroid/content/Context;.getSystemService (Ljava/lang/Class;)Ljava/lang/Object;
D/dalvikvm(25292): VFY: replacing opcode 0x6e at 0x000b
D/dalvikvm(25292): DexOpt: couldn't find static field Landroid/os/Build;.SUPPORTED_64_BIT_ABIS
W/dalvikvm(25292): VFY: unable to resolve static field 1539 (SUPPORTED_64_BIT_ABIS) in Landroid/os/Build;
D/dalvikvm(25292): VFY: replacing opcode 0x62 at 0x0011
D/dalvikvm(25292): DexOpt: couldn't find static field Landroid/os/Build;.SUPPORTED_64_BIT_ABIS
W/dalvikvm(25292): VFY: unable to resolve static field 1539 (SUPPORTED_64_BIT_ABIS) in Landroid/os/Build;
D/dalvikvm(25292): VFY: replacing opcode 0x62 at 0x0025
D/dalvikvm(25292): DexOpt: couldn't find static field Landroid/os/Build;.SUPPORTED_32_BIT_ABIS
W/dalvikvm(25292): VFY: unable to resolve static field 1538 (SUPPORTED_32_BIT_ABIS) in Landroid/os/Build;
D/dalvikvm(25292): VFY: replacing opcode 0x62 at 0x0039
D/dalvikvm(25292): DexOpt: couldn't find static field Landroid/os/Build;.SUPPORTED_ABIS
W/dalvikvm(25292): VFY: unable to resolve static field 1540 (SUPPORTED_ABIS) in Landroid/os/Build;
D/dalvikvm(25292): VFY: replacing opcode 0x62 at 0x0032
D/dalvikvm(25292): DexOpt: couldn't find static field Landroid/os/Build;.SUPPORTED_64_BIT_ABIS
I/dalvikvm(25292): DexOpt: unable to optimize static field ref 0x0603 at 0x16 in Ldak;.a
D/dalvikvm(25292): DexOpt: couldn't find static field Landroid/os/Build;.SUPPORTED_64_BIT_ABIS
I/dalvikvm(25292): DexOpt: unable to optimize static field ref 0x0603 at 0x2a in Ldak;.a
D/dalvikvm(25292): DexOpt: couldn't find static field Landroid/os/Build;.SUPPORTED_32_BIT_ABIS
I/dalvikvm(25292): DexOpt: unable to optimize static field ref 0x0602 at 0x3e in Ldak;.a
D/DynamitePackage(25292): Instantiated singleton DynamitePackage.
D/DynamitePackage(25292): Instantiating com.google.android.gms.ads.ChimeraAdManagerCreatorImpl
I/dalvikvm(25292): Could not find method android.content.pm.PackageManager.getPackageInstaller, referenced from method jy.a
W/dalvikvm(25292): VFY: unable to resolve virtual method 2571: Landroid/content/pm/PackageManager;.getPackageInstaller ()Landroid/content/pm/PackageInstaller;
D/dalvikvm(25292): VFY: replacing opcode 0x6e at 0x0017
D/dalvikvm(25292): GC_CONCURRENT freed 376K, 8% free 5338K/5780K, paused 2ms+0ms, total 4ms
I/dalvikvm(25292): Could not find method android.security.NetworkSecurityPolicy.getInstance, referenced from method com.google.android.gms.ads.internal.util.h.b_
W/dalvikvm(25292): VFY: unable to resolve static method 3107: Landroid/security/NetworkSecurityPolicy;.getInstance ()Landroid/security/NetworkSecurityPolicy;
D/dalvikvm(25292): VFY: replacing opcode 0x71 at 0x0022
I/dalvikvm(25292): Could not find method android.content.pm.PackageManager.isInstantApp, referenced from method rd.a
W/dalvikvm(25292): VFY: unable to resolve virtual method 2576: Landroid/content/pm/PackageManager;.isInstantApp (Ljava/lang/String;)Z
D/dalvikvm(25292): VFY: replacing opcode 0x6e at 0x002d
I/dalvikvm(25292): Could not find method android.content.pm.PackageManager.isInstantApp, referenced from method rc.a
W/dalvikvm(25292): VFY: unable to resolve virtual method 2575: Landroid/content/pm/PackageManager;.isInstantApp ()Z
D/dalvikvm(25292): VFY: replacing opcode 0x6e at 0x0028
I/Ads     (25292): Starting ad request.
I/Ads     (25292): Use AdRequest.Builder.addTestDevice("57AA76C100C9FF6BE6E98F3E45FE0045") to get test ads on this device.
I/dalvikvm(25292): Could not find method android.webkit.WebSettings.setMixedContentMode, referenced from method com.google.android.gms.ads.internal.webview.u.<init>
W/dalvikvm(25292): VFY: unable to resolve virtual method 3426: Landroid/webkit/WebSettings;.setMixedContentMode (I)V
D/dalvikvm(25292): VFY: replacing opcode 0x6e at 0x0079
V/WebViewChromium(25292): Binding Chromium to the background looper Looper (main, tid 1) {4a78f8f0}
I/chromium(25292): [INFO:library_loader_hooks.cc(112)] Chromium logging enabled: level = 0, default verbosity = 0
I/BrowserProcessMain(25292): Initializing chromium process, renderers=0
W/chromium(25292): [WARNING:proxy_service.cc(888)] PAC support disabled because there is no system implementation
W/EGL_emulation(  542): eglSurfaceAttrib not implemented 3093 12436
D/libEGL  (25292): loaded /system/lib/egl/libEGL_adreno.so
D/        (25292): HostConnection::get() New Host Connection established 0xb8c98670, tid 25292
D/libEGL  (25292): loaded /system/lib/egl/libGLESv1_CM_adreno.so
D/libEGL  (25292): loaded /system/lib/egl/libGLESv2_adreno.so
D/dalvikvm(25292): GC_CONCURRENT freed 734K, 13% free 5343K/6140K, paused 3ms+1ms, total 6ms
D/dalvikvm(25292): WAIT_FOR_CONCURRENT_GC blocked 2ms
I/dalvikvm-heap(25292): Grow heap (frag case) to 5.881MB for 635808-byte allocation
D/dalvikvm(25292): GC_FOR_ALLOC freed <1K, 12% free 5964K/6764K, paused 3ms, total 3ms
W/dalvikvm(25292): VFY: unable to find class referenced in signature (Landroid/webkit/PermissionRequest;)
I/dalvikvm(25292): Could not find method android.webkit.WebChromeClient.onPermissionRequest, referenced from method com.google.android.gms.ads.internal.webview.a.onPermissionRequest
W/dalvikvm(25292): VFY: unable to resolve virtual method 3403: Landroid/webkit/WebChromeClient;.onPermissionRequest (Landroid/webkit/PermissionRequest;)V
D/dalvikvm(25292): VFY: replacing opcode 0x6f at 0x0016
I/dalvikvm(25292): Could not find method android.webkit.PermissionRequest.deny, referenced from method com.google.android.gms.ads.internal.webview.a.onPermissionRequest
W/dalvikvm(25292): VFY: unable to resolve virtual method 3395: Landroid/webkit/PermissionRequest;.deny ()V
D/dalvikvm(25292): VFY: replacing opcode 0x6e at 0x0048
I/dalvikvm(25292): Could not find method android.webkit.PermissionRequest.getResources, referenced from method com.google.android.gms.ads.internal.webview.a.onPermissionRequest
W/dalvikvm(25292): VFY: unable to resolve virtual method 3396: Landroid/webkit/PermissionRequest;.getResources ()[Ljava/lang/String;
D/dalvikvm(25292): VFY: replacing opcode 0x6e at 0x0050
W/Ads     (25292): Invoke Firebase method getInstance error.
W/Ads     (25292): The Google Mobile Ads SDK will not integrate with Firebase. Admob/Firebase integration requires the latest Firebase SDK jar, but Firebase SDK is either missing or out of date
W/EGL_emulation(25292): eglSurfaceAttrib not implemented 3093 12436
D/OpenGLRenderer(25292): Enabling debug mode 0
W/ContextImpl(  485): Calling a method in the system process without a qualified user: android.app.ContextImpl.sendBroadcast:1123 com.android.server.InputMethodManagerService.hideCurrentInputLocked:1880 com.android.server.InputMethodManagerService.windowGainedFocus:1968 com.android.internal.view.IInputMethodManager$Stub.onTransact:221 com.android.server.InputMethodManagerService.onTransact:818 
W/IInputConnectionWrapper(  683): showStatusIcon on inactive InputConnection
I/ActivityManager(  485): Displayed photomaker.musicmaker.videomaker/.EffctsLuncherApps: +957ms
I/WindowManager(  485): Screen frozen for +954ms due to Window{4aacba64 u0 Starting photomaker.musicmaker.videomaker}
D/dalvikvm(  660): GC_CONCURRENT freed 1694K, 20% free 7854K/9760K, paused 1ms+12ms, total 35ms
I/ActivityManager(  485): START u0 {act=android.intent.action.MAIN cat=[android.intent.category.HOME] flg=0x10200000 cmp=com.vphone.launcher/.Launcher} from pid 485
E/AudioFlinger(  171): no more track names available
E/AudioTrack(  485): AudioFlinger could not create track, status: -12
E/SoundPool(  485): Error creating AudioTrack
E/AudioFlinger(  171): no more track names available
E/AudioTrack(  485): AudioFlinger could not create track, status: -12
E/SoundPool(  485): Error creating AudioTrack
W/EGL_emulation(25292): eglSurfaceAttrib not implemented 3093 12436
W/ViewRootImpl(25292): Dropping event due to no window focus: KeyEvent { action=ACTION_DOWN, keyCode=KEYCODE_DPAD_CENTER, scanCode=0, metaState=0, flags=0x8, repeatCount=0, eventTime=4366538, downTime=4366538, deviceId=-1, source=0x101 }
W/InputMethodManagerService(  485): Window already focused, ignoring focus gain of: com.android.internal.view.IInputMethodClient$Stub$Proxy@4aebae8c attribute=null, token = android.os.BinderProxy@4a9e1f08
W/InputManager(  485): Input event injection from pid 25038 failed.
W/InputManager(  485): Input event injection from pid 25038 failed.
I/InputDispatcher(  485): Dropped event because of pending overdue app switch.
W/InputManager(  485): Input event injection from pid 25038 failed.
W/InputManager(  485): Input event injection from pid 25038 failed.
I/AndroidRuntime(25292): VM exiting with result code 0, cleanup skipped.
I/ActivityManager(  485): Process photomaker.musicmaker.videomaker (pid 25292) has died.
I/WindowState(  485): WIN DEATH: Window{4aacdecc u0 photomaker.musicmaker.videomaker/photomaker.musicmaker.videomaker.EffctsLuncherApps}
W/NetworkManagementSocketTagger(  485): setKernelCountSet(10203, 0) failed with errno -13
W/Launcher(  683): setApplicationContext called twice! old=com.vphone.launcher.LauncherApplicationEx@4a796d18 new=com.vphone.launcher.LauncherApplicationEx@4a796d18
W/ResourceType(  683): Attempt to retrieve bag 0x7f0b0001 which is invalid or in a cycle.
D/Launcher(  683): 11683562 - bindAddScreens()
D/Launcher(  683): 11683562 -   orderedScreenIds: 1, 3
D/Launcher.Workspace(  683): 11683562 - insertNewWorkspaceScreen(): 1 at index: 0
D/Launcher.Workspace(  683): 11683562 - insertNewWorkspaceScreen(): 3 at index: 1
W/ContextImpl(  683): Calling a method in the system process without a qualified user: android.app.ContextImpl.startService:1492 android.content.ContextWrapper.startService:494 com.vphone.launcher.Launcher.i:690 com.vphone.launcher.Launcher.b:182 com.vphone.launcher.Launcher$11.run:650 
D/Sensors (  485): Client connection accepted (178)
W/EGL_emulation(  683): eglSurfaceAttrib not implemented 3093 12436
W/ViewRootImpl(  683): Dropping event due to no window focus: MotionEvent { action=ACTION_MOVE, id[0]=0, x[0]=-5.0, y[0]=3.0, toolType[0]=TOOL_TYPE_UNKNOWN, buttonState=0, metaState=0, flags=0x0, edgeFlags=0x0, pointerCount=1, historySize=7, eventTime=4367107, downTime=-1, deviceId=0, source=0x10004 }
W/ViewRootImpl(  683): Dropping event due to no window focus: KeyEvent { action=ACTION_DOWN, keyCode=KEYCODE_BUTTON_7, scanCode=0, metaState=0, flags=0x8, repeatCount=0, eventTime=4367143, downTime=4367143, deviceId=-1, source=0x101 }
W/Binder  (  651): Caught a RuntimeException from the binder stub implementation.
W/Binder  (  651): java.lang.NullPointerException
W/Binder  (  651): 	at android.inputmethodservice.IInputMethodWrapper.setSessionEnabled(IInputMethodWrapper.java:280)
W/Binder  (  651): 	at com.android.internal.view.IInputMethod$Stub.onTransact(IInputMethod.java:129)
W/Binder  (  651): 	at android.os.Binder.execTransact(Binder.java:404)
W/Binder  (  651): 	at dalvik.system.NativeStart.run(Native Method)
W/ContextImpl(  485): Calling a method in the system process without a qualified user: android.app.ContextImpl.sendBroadcast:1123 com.android.server.InputMethodManagerService.hideCurrentInputLocked:1880 com.android.server.InputMethodManagerService.windowGainedFocus:1968 com.android.internal.view.IInputMethodManager$Stub.onTransact:221 com.android.server.InputMethodManagerService.onTransact:818 
W/InputMethodManagerService(  485): Got RemoteException sending setActive(false) notification to pid 25292 uid 10203
W/PropertyValuesHolder(  683): Method setBrightness() with type int not found on target class class ph
W/PropertyValuesHolder(  683): Method getBrightness() with type int not found on target class class ph
E/AudioFlinger(  171): no more track names available
E/AudioTrack(  485): AudioFlinger could not create track, status: -12
E/SoundPool(  485): Error creating AudioTrack
I/ActivityManager(  485): START u0 {act=android.intent.action.MAIN cat=[android.intent.category.LAUNCHER] flg=0x10200000 cmp=com.android.browser/.BrowserActivity bnds=[8,388][149,618] (has extras)} from pid 683
W/ContextImpl(  683): Calling a method in the system process without a qualified user: android.app.ContextImpl.sendBroadcast:1137 android.content.ContextWrapper.sendBroadcast:370 com.vphone.launcher.Stats.recordLaunch:129 com.vphone.launcher.Launcher.c:3192 com.vphone.launcher.Launcher.onClickAppShortcut:3144 
W/ContextImpl(  683): Calling a method in the system process without a qualified user: android.app.ContextImpl.bindService:1556 android.content.ContextWrapper.bindService:517 com.google.android.gms.common.stats.zzb.zza:-1 com.google.android.gms.common.stats.zzb.zza:-1 com.google.android.gms.ads.identifier.AdvertisingIdClient.zzh:-1 
E/AudioFlinger(  171): no more track names available
E/AudioTrack(  485): AudioFlinger could not create track, status: -12
E/SoundPool(  485): Error creating AudioTrack
E/AudioFlinger(  171): no more track names available
E/AudioTrack(  485): AudioFlinger could not create track, status: -12
E/SoundPool(  485): Error creating AudioTrack
E/SurfaceFlinger(  168): glCheckFramebufferStatusOES error 36054
E/SurfaceFlinger(  168): got GL_FRAMEBUFFER_COMPLETE_OES error while taking screenshot
D/SurfaceFlinger(  168): setOrientation, mFbdev=0xb8f00050, mFbDev->setOrientation=0xb6a08ce0, orientation=0
I/gralloc_nox(  168): setOrientation: orientation=0
I/ActivityManager(  485): Config changes=480 {1.0 310mcc16mnc en_US ldltr sw480dp w853dp h454dp 240dpi lrg long land finger -keyb/v/h dpad/v s.159}
D/PhoneStatusBar(  542): mSettingsPanelGravity = 55
D/Sensors (  485): Client connection accepted (178)
I/InputReader(  485): Reconfiguring input devices.  changes=0x00000004
I/InputReader(  485): Device reconfigured: id=1, name='seamless mouse', size 1280x720, orientation 0, mode 1, display id 0
I/InputReader(  485): Device reconfigured: id=3, name='Android Input', size 1280x720, orientation 0, mode 1, display id 0
I/InputReader(  485): Device reconfigured: id=8, name='VirtualBox USB Tablet', size 1280x720, orientation 0, mode 1, display id 0
D/dalvikvm(  542): GC_FOR_ALLOC freed 7897K, 67% free 5560K/16568K, paused 3ms, total 5ms
I/dalvikvm-heap(  542): Grow heap (frag case) to 11.740MB for 6553612-byte allocation
D/dalvikvm(  542): GC_FOR_ALLOC freed 5K, 48% free 11955K/22972K, paused 4ms, total 4ms
D/dalvikvm(  542): GC_CONCURRENT freed <1K, 48% free 11955K/22972K, paused 0ms+1ms, total 5ms
D/Tinker.DefaultAppLike(  683): onConfigurationChanged:{1.0 310mcc16mnc en_US ldltr sw480dp w853dp h454dp 240dpi lrg long land finger -keyb/v/h dpad/v s.159}
D/yeshen  (  683): launcher onpause
D/yeshen  (  683): launcher onstop
W/Launcher(  683): setApplicationContext called twice! old=com.vphone.launcher.LauncherApplicationEx@4a796d18 new=com.vphone.launcher.LauncherApplicationEx@4a796d18
W/ResourceType(  683): Attempt to retrieve bag 0x7f0b0001 which is invalid or in a cycle.
D/Launcher(  683): 11683562 - bindAddScreens()
D/Launcher(  683): 11683562 -   orderedScreenIds: 1, 3
D/Launcher.Workspace(  683): 11683562 - insertNewWorkspaceScreen(): 1 at index: 0
D/Launcher.Workspace(  683): 11683562 - insertNewWorkspaceScreen(): 3 at index: 1
W/ContextImpl(  683): Calling a method in the system process without a qualified user: android.app.ContextImpl.startService:1492 android.content.ContextWrapper.startService:494 com.vphone.launcher.Launcher.i:690 com.vphone.launcher.Launcher.b:182 com.vphone.launcher.Launcher$11.run:650 
W/AudioFlinger(  171): write blocked for 9841 msecs, 90 delayed writes, thread 0xb4185010
W/EGL_emulation(  542): eglSurfaceAttrib not implemented 3093 12436
W/EGL_emulation(  683): eglSurfaceAttrib not implemented 3093 12436
D/dalvikvm(  683): GC_FOR_ALLOC freed 4893K, 2% free 270558K/275912K, paused 103ms, total 104ms
D/dalvikvm(  485): GC_EXPLICIT freed 2760K, 45% free 14332K/25680K, paused 1ms+2ms, total 16ms
W/ContextImpl(  485): Calling a method in the system process without a qualified user: android.app.ContextImpl.sendBroadcast:1123 com.android.server.InputMethodManagerService.hideCurrentInputLocked:1880 com.android.server.InputMethodManagerService.windowGainedFocus:1968 com.android.internal.view.IInputMethodManager$Stub.onTransact:221 com.android.server.InputMethodManagerService.onTransact:818 
I/WindowManager(  485): Screen frozen for +679ms due to Window{4ab94778 u0 com.vphone.launcher/com.vphone.launcher.Launcher}
V/PanelView(  542): animationTick called with dtms=0; nothing to do (h=0.0 v=0.0)
V/PanelView(  542): animationTick called with dtms=-10; nothing to do (h=0.0 v=0.0)
W/SocketClient(  164): write error (Broken pipe)
I/ActivityManager(  485): START u0 {act=android.intent.action.CALL_BUTTON flg=0x10000000} from pid 683
W/PhoneFallbackEventHandler(  683): No activity found for android.intent.action.CALL_BUTTON.
W/Launcher(  683): No global search activity found.
D/dalvikvm( 1842): GC_CONCURRENT freed 1535K, 23% free 11167K/14476K, paused 1ms+2ms, total 27ms
W/PropertyValuesHolder(  683): Method setBrightness() with type int not found on target class class ph
W/PropertyValuesHolder(  683): Method getBrightness() with type int not found on target class class ph
W/PropertyValuesHolder(  683): Method setBrightness() with type int not found on target class class ph
W/PropertyValuesHolder(  683): Method getBrightness() with type int not found on target class class ph
I/ActivityManager(  485): START u0 {act=android.intent.action.MAIN cat=[android.intent.category.LAUNCHER] flg=0x10200000 cmp=com.android.browser/.BrowserActivity bnds=[130,174][334,301] (has extras)} from pid 683
W/ContextImpl(  683): Calling a method in the system process without a qualified user: android.app.ContextImpl.sendBroadcast:1137 android.content.ContextWrapper.sendBroadcast:370 com.vphone.launcher.Stats.recordLaunch:129 com.vphone.launcher.Launcher.c:3192 com.vphone.launcher.Launcher.onClickAppShortcut:3144 
W/ContextImpl(  683): Calling a method in the system process without a qualified user: android.app.ContextImpl.bindService:1556 android.content.ContextWrapper.bindService:517 com.google.android.gms.common.stats.zzb.zza:-1 com.google.android.gms.common.stats.zzb.zza:-1 com.google.android.gms.ads.identifier.AdvertisingIdClient.zzh:-1 
W/PropertyValuesHolder(  683): Method setBrightness() with type int not found on target class class ph
W/PropertyValuesHolder(  683): Method getBrightness() with type int not found on target class class ph
I/ActivityManager(  485): START u0 {act=android.intent.action.MAIN cat=[android.intent.category.LAUNCHER] flg=0x10200000 cmp=com.cyanogenmod.filemanager/.activities.NavigationActivity bnds=[334,174][538,301] (has extras)} from pid 683
W/ContextImpl(  683): Calling a method in the system process without a qualified user: android.app.ContextImpl.sendBroadcast:1137 android.content.ContextWrapper.sendBroadcast:370 com.vphone.launcher.Stats.recordLaunch:129 com.vphone.launcher.Launcher.c:3192 com.vphone.launcher.Launcher.onClickAppShortcut:3144 
W/ContextImpl(  683): Calling a method in the system process without a qualified user: android.app.ContextImpl.bindService:1556 android.content.ContextWrapper.bindService:517 com.google.android.gms.common.stats.zzb.zza:-1 com.google.android.gms.common.stats.zzb.zza:-1 com.google.android.gms.ads.identifier.AdvertisingIdClient.zzh:-1 
W/DebugConnManager(  683): getNetworkInfo() on networkType 1
I/ActivityManager(  485): START u0 {act=android.intent.action.VIEW dat=https://tracking.apptrackerlink.com/ws/action/click?offer_id=894926&bid_id=DAE7wPWyKnCRwX4P2Z9WcWRv4gK2&imp_id=6p0KpWG53qswjWmAPrNOsrNnmZM&p_id=a57d1f0d-3e45-4524-8e9b-4f61b8d09b3a&mac=2C:56:DC:4E:22:14&gaid=32c3adf2-4ef0-4bfa-9817-0931a0a194ab cmp=com.android.browser/.BrowserActivity} from pid 683
W/Launcher(  683): No global search activity found.
W/ContextImpl(  683): Calling a method in the system process without a qualified user: android.app.ContextImpl.bindService:1556 android.content.ContextWrapper.bindService:517 com.google.android.gms.common.stats.zzb.zza:-1 com.google.android.gms.common.stats.zzb.zza:-1 com.google.android.gms.ads.identifier.AdvertisingIdClient.zzh:-1 
I/ActivityManager(  485): START u0 {act=android.intent.action.MAIN cat=[android.intent.category.LAUNCHER] flg=0x10200000 cmp=photomaker.musicmaker.videomaker/.EffctsLuncherApps} from pid 25038
W/DebugConnManager(  683): getNetworkInfo() on networkType 1
