I/ActivityManager(  464): START u0 {act=android.intent.action.VIEW dat=http://launcher.us.yeshen.com/api/app/detail?id=com.sega.sonicdash flg=0x10000000 cmp=com.android.browser/.BrowserActivity} from pid 24744
W/DebugConnManager(24744): getNetworkInfo() on networkType 1
I/ActivityManager(  464): START u0 {act=android.intent.action.VIEW dat=http://launcher.us.yeshen.com/api/app/detail?id=com.sega.sonicdash flg=0x10000000 cmp=com.android.browser/.BrowserActivity} from pid 24744
W/DebugConnManager(24744): getNetworkInfo() on networkType 1
I/ActivityManager(  464): START u0 {act=android.intent.action.VIEW dat=http://launcher.us.yeshen.com/api/app/detail?id=com.bbqstudio.bbqqoversea flg=0x10000000 cmp=com.android.browser/.BrowserActivity} from pid 24744
V/PanelView(  532): animationTick called with dtms=0; nothing to do (h=0.0 v=-0.0)
V/PanelView(  532): animationTick called with dtms=-3; nothing to do (h=0.0 v=-0.0)
W/ContextImpl(24744): Calling a method in the system process without a qualified user: android.app.ContextImpl.bindService:1556 android.content.ContextWrapper.bindService:517 com.google.android.gms.common.stats.zzb.zza:-1 com.google.android.gms.common.stats.zzb.zza:-1 com.google.android.gms.ads.identifier.AdvertisingIdClient.zzh:-1 
W/DebugConnManager(24744): getNetworkInfo() on networkType 1
W/Launcher(24744): No global search activity found.
W/DebugConnManager(24744): getNetworkInfo() on networkType 1
I/ActivityManager(  464): START u0 {act=android.intent.action.VIEW dat=http://launcher.us.yeshen.com/api/app/detail?id=com.extremefungames.mototrafficrace2 flg=0x10000000 cmp=com.android.browser/.BrowserActivity} from pid 24744
W/DebugConnManager(24744): getNetworkInfo() on networkType 1
I/ActivityManager(  464): START u0 {act=android.intent.action.VIEW dat=http://launcher.us.yeshen.com/api/app/detail?id=com.netfreegames.mw flg=0x10000000 cmp=com.android.browser/.BrowserActivity} from pid 24744
W/DebugConnManager(24744): getNetworkInfo() on networkType 1
I/ActivityManager(  464): START u0 {act=android.intent.action.VIEW dat=http://launcher.us.yeshen.com/api/app/detail?id=com.miniclip.eightballpool flg=0x10000000 cmp=com.android.browser/.BrowserActivity} from pid 24744
V/PanelView(  532): animationTick called with dtms=0; nothing to do (h=0.0 v=-0.0)
I/ActivityManager(  464): START u0 {act=android.intent.action.MAIN cat=[android.intent.category.HOME] flg=0x10200000 cmp=com.vphone.launcher/.Launcher} from pid 464
V/PanelView(  532): animationTick called with dtms=0; nothing to do (h=0.0 v=-0.0)
V/PanelView(  532): animationTick called with dtms=-3; nothing to do (h=0.0 v=-0.0)
W/ActivityManager(  464): Launch timeout has expired, giving up wake lock!
V/PanelView(  532): animationTick called with dtms=0; nothing to do (h=0.0 v=0.0)
V/PanelView(  532): animationTick called with dtms=-3; nothing to do (h=0.0 v=0.0)
W/ContextImpl(24744): Calling a method in the system process without a qualified user: android.app.ContextImpl.bindService:1556 android.content.ContextWrapper.bindService:517 com.google.android.gms.common.stats.zzb.zza:-1 com.google.android.gms.common.stats.zzb.zza:-1 com.google.android.gms.ads.identifier.AdvertisingIdClient.zzh:-1 
W/DebugConnManager(24744): getNetworkInfo() on networkType 1
I/ActivityManager(  464): START u0 {act=android.intent.action.VIEW dat=http://launcher.us.yeshen.com/api/app/detail?id=com.outfit7.mytalkingangelafree flg=0x10000000 cmp=com.android.browser/.BrowserActivity} from pid 24744
I/InputDispatcher(  464): Dropped event because of pending overdue app switch.
W/InputManager(  464): Input event injection from pid 23953 failed.
V/PanelView(  532): animationTick called with dtms=0; nothing to do (h=0.0 v=-0.0)
V/PanelView(  532): animationTick called with dtms=-9; nothing to do (h=0.0 v=-0.0)
I/ActivityManager(  464): START u0 {act=android.intent.action.MAIN cat=[android.intent.category.LAUNCHER] flg=0x10200000 cmp=com.mobiray.djlaunchpad/.activities.LaunchpadActivity} from pid 23953
W/ContextImpl(24744): Calling a method in the system process without a qualified user: android.app.ContextImpl.bindService:1556 android.content.ContextWrapper.bindService:517 com.google.android.gms.common.stats.zzb.zza:-1 com.google.android.gms.common.stats.zzb.zza:-1 com.google.android.gms.ads.identifier.AdvertisingIdClient.zzh:-1 
W/DebugConnManager(24744): getNetworkInfo() on networkType 1
I/ActivityManager(  464): START u0 {act=android.intent.action.VIEW dat=http://launcher.us.yeshen.com/api/app/detail?id=com.miniclip.eightballpool flg=0x10000000 cmp=com.android.browser/.BrowserActivity} from pid 24744
D/yeshen  (24744): launcher onpause
D/dalvikvm(  168): GC_EXPLICIT freed 40K, 4% free 2787K/2884K, paused 0ms+0ms, total 2ms
D/dalvikvm(  168): GC_EXPLICIT freed <1K, 4% free 2787K/2884K, paused 2ms+0ms, total 5ms
I/ActivityManager(  464): Start proc com.mobiray.djlaunchpad for activity com.mobiray.djlaunchpad/.activities.LaunchpadActivity: pid=24743 uid=10149 gids={50149, 1028, 1015, 1023, 3003}
D/dalvikvm(  168): WAIT_FOR_CONCURRENT_GC blocked 1ms
D/dalvikvm(  168): GC_EXPLICIT freed <1K, 4% free 2787K/2884K, paused 2ms+0ms, total 4ms
W/NetworkManagementSocketTagger(  464): setKernelCountSet(10149, 1) failed with errno -13
I/dalvikvm(24743): ignoring registerObject request in thread=1
I/dalvikvm(24743): ignoring registerObject request in thread=1
E/dalvikvm(24743): Could not find class 'com.flurry.sdk.i', referenced from method com.flurry.sdk.kg.a
W/dalvikvm(24743): VFY: unable to resolve const-class 3348 (Lcom/flurry/sdk/i;) in Lcom/flurry/sdk/kg;
D/dalvikvm(24743): VFY: replacing opcode 0x1c at 0x0020
D/yeshen  (24744): launcher onstop
I/dalvikvm(24743): Could not find method android.app.Notification$Builder.setLocalOnly, referenced from method com.google.android.gms.common.GooglePlayServicesUtil.zza
W/dalvikvm(24743): VFY: unable to resolve virtual method 387: Landroid/app/Notification$Builder;.setLocalOnly (Z)Landroid/app/Notification$Builder;
D/dalvikvm(24743): VFY: replacing opcode 0x6e at 0x00f0
I/dalvikvm(24743): Could not find method android.content.pm.PackageManager.getPackageInstaller, referenced from method com.google.android.gms.common.GooglePlayServicesUtil.zzh
W/dalvikvm(24743): VFY: unable to resolve virtual method 715: Landroid/content/pm/PackageManager;.getPackageInstaller ()Landroid/content/pm/PackageInstaller;
D/dalvikvm(24743): VFY: replacing opcode 0x6e at 0x000a
D/FirebaseApp(24744): Notifying background state change listeners.
D/Tinker.DefaultAppLike(24744): onTrimMemory level:20
D/roboguice.RoboGuice(24743): Using annotation database(s).
D/roboguice.RoboGuice(24743): Using annotation database(s) : [, roboguice]
D/roboguice.RoboGuice(24743): Time spent loading annotation databases : 6
E/dalvikvm(24743): Bogus static initialization: value type 23 in field type Ljava/lang/Object; for Lcom/google/inject/internal/util/SourceProvider; at index 1
E/dalvikvm(24743): VM aborting
F/libc    (24743): Fatal signal 6 (SIGABRT) at 0x000060a7 (code=-6), thread 24743 (ray.djlaunchpad)
I/DEBUG   (24587): *** *** *** *** *** *** *** *** *** *** *** *** *** *** *** ***
I/DEBUG   (24587): Build fingerprint: 'samsung/SM-G955N/dream2lteks:4.4.2/NRD90M/381180401:user/release-keys'
I/DEBUG   (24587): Revision: '0'
I/DEBUG   (24587): pid: 24743, tid: 24743, name: ray.djlaunchpad  >>> com.mobiray.djlaunchpad <<<
I/DEBUG   (24587): signal 6 (SIGABRT), code -6 (SI_TKILL), fault addr --------
I/DEBUG   (24587):     eax 00000000  ebx 000060a7  ecx 000060a7  edx 00000006
I/DEBUG   (24587):     esi 000060a7  edi 00000002
I/DEBUG   (24587):     xcs 00000073  xds 0000007b  xes 0000007b  xfs 00000000  xss 0000007b
I/DEBUG   (24587):     eip b77320d6  ebp b779bce0  esp bffaa9c0  flags 00200207
I/DEBUG   (24587): 
I/DEBUG   (24587): backtrace:
I/DEBUG   (24587):     #00  pc 0003c0d6  /system/lib/libc.so (tgkill+22)
I/DEBUG   (24587):     #01  pc 00000005  <unknown>
I/DEBUG   (24587): 
I/DEBUG   (24587): stack:
I/DEBUG   (24587):          bffaa980  00000000  
I/DEBUG   (24587):          bffaa984  b7797268  /system/lib/libc.so
I/DEBUG   (24587):          bffaa988  00000000  
I/DEBUG   (24587):          bffaa98c  b7703f39  /system/lib/libc.so (pthread_mutex_unlock+25)
I/DEBUG   (24587):          bffaa990  b779718c  /system/lib/libc.so
I/DEBUG   (24587):          bffaa994  b8657b50  [heap]
I/DEBUG   (24587):          bffaa998  00000015  
I/DEBUG   (24587):          bffaa99c  b4f10c40  /system/lib/libdvm.so
I/DEBUG   (24587):          bffaa9a0  00000000  
I/DEBUG   (24587):          bffaa9a4  b7750926  /system/lib/libc.so (funlockfile+6)
I/DEBUG   (24587):          bffaa9a8  b7796fcc  /system/lib/libc.so
I/DEBUG   (24587):          bffaa9ac  b773c006  /system/lib/libc.so (__sflush_locked+150)
I/DEBUG   (24587):          bffaa9b0  00000000  
I/DEBUG   (24587):          bffaa9b4  00000000  
I/DEBUG   (24587):          bffaa9b8  b7703d69  /system/lib/libc.so (pthread_mutex_lock+9)
I/DEBUG   (24587):          bffaa9bc  b7796fcc  /system/lib/libc.so
I/DEBUG   (24587):     #00  bffaa9c0  00000006  
I/DEBUG   (24587):          bffaa9c4  000060a7  
I/DEBUG   (24587):          bffaa9c8  b7796fcc  /system/lib/libc.so
I/DEBUG   (24587):          bffaa9cc  b770e4a6  /system/lib/libc.so (pthread_kill+102)
I/DEBUG   (24587):          bffaa9d0  000060a7  
I/DEBUG   (24587):          bffaa9d4  000060a7  
I/DEBUG   (24587):          bffaa9d8  00000006  
I/DEBUG   (24587):          bffaa9dc  00000000  
I/DEBUG   (24587):          bffaa9e0  b7797268  /system/lib/libc.so
I/DEBUG   (24587):          bffaa9e4  94fda370  /dev/ashmem/dalvik-heap (deleted)
I/DEBUG   (24587):          bffaa9e8  b770e449  /system/lib/libc.so (pthread_kill+9)
I/DEBUG   (24587):          bffaa9ec  b7796fcc  /system/lib/libc.so
I/DEBUG   (24587):          bffaa9f0  bffaaa3c  [stack]
I/DEBUG   (24587):          bffaa9f4  bffaac70  [stack]
I/DEBUG   (24587):          bffaa9f8  00000001  
I/DEBUG   (24587):          bffaa9fc  b770e82c  /system/lib/libc.so (raise+44)
I/BootReceiver(  464): Copying /data/tombstones/tombstone_09 to DropBox (SYSTEM_TOMBSTONE)
W/NetworkManagementSocketTagger(  464): setKernelCountSet(10149, 0) failed with errno -13
I/ActivityManager(  464): Process com.mobiray.djlaunchpad (pid 24743) has died.
I/ActivityManager(  464): Start proc com.mobiray.djlaunchpad for activity com.mobiray.djlaunchpad/.activities.LaunchpadActivity: pid=24775 uid=10149 gids={50149, 1028, 1015, 1023, 3003}
D/Zygote  (  168): Process 24743 terminated by signal (6)
W/NetworkManagementSocketTagger(  464): setKernelCountSet(10149, 1) failed with errno -13
W/ActivityManager(  464): Force-killing crashed app com.mobiray.djlaunchpad at watcher's request
I/dalvikvm(24775): ignoring registerObject request in thread=1
I/dalvikvm(24775): ignoring registerObject request in thread=1
W/ContextImpl(  464): Calling a method in the system process without a qualified user: android.app.ContextImpl.sendBroadcast:1123 com.android.server.am.ActivityManagerService.handleApplicationCrashInner:9670 com.android.server.am.NativeCrashListener$NativeCrashReporter.run:86 <bottom of call stack> <bottom of call stack> 
E/dalvikvm(24775): Could not find class 'com.flurry.sdk.i', referenced from method com.flurry.sdk.kg.a
W/dalvikvm(24775): VFY: unable to resolve const-class 3348 (Lcom/flurry/sdk/i;) in Lcom/flurry/sdk/kg;
D/dalvikvm(24775): VFY: replacing opcode 0x1c at 0x0020
D/roboguice.RoboGuice(24775): Using annotation database(s).
D/roboguice.RoboGuice(24775): Using annotation database(s) : [, roboguice]
D/roboguice.RoboGuice(24775): Time spent loading annotation databases : 0
E/dalvikvm(24775): Bogus static initialization: value type 23 in field type Ljava/lang/Object; for Lcom/google/inject/internal/util/SourceProvider; at index 1
E/dalvikvm(24775): VM aborting
F/libc    (24775): Fatal signal 6 (SIGABRT) at 0x000060c7 (code=-6), thread 24775 (ray.djlaunchpad)
I/dalvikvm(24775): Could not find method android.app.Notification$Builder.setLocalOnly, referenced from method com.google.android.gms.common.GooglePlayServicesUtil.zza
W/dalvikvm(24775): VFY: unable to resolve virtual method 387: Landroid/app/Notification$Builder;.setLocalOnly (Z)Landroid/app/Notification$Builder;
D/dalvikvm(24775): VFY: replacing opcode 0x6e at 0x00f0
I/dalvikvm(24775): Could not find method android.content.pm.PackageManager.getPackageInstaller, referenced from method com.google.android.gms.common.GooglePlayServicesUtil.zzh
W/dalvikvm(24775): VFY: unable to resolve virtual method 715: Landroid/content/pm/PackageManager;.getPackageInstaller ()Landroid/content/pm/PackageInstaller;
D/dalvikvm(24775): VFY: replacing opcode 0x6e at 0x000a
D/dalvikvm(  713): GC_EXPLICIT freed 540K, 41% free 9442K/15900K, paused 2ms+1ms, total 17ms
D/dalvikvm(  654): GC_EXPLICIT freed 539K, 18% free 7170K/8696K, paused 1ms+2ms, total 15ms
I/DEBUG   (24587): *** *** *** *** *** *** *** *** *** *** *** *** *** *** *** ***
I/DEBUG   (24587): Build fingerprint: 'samsung/SM-G955N/dream2lteks:4.4.2/NRD90M/381180401:user/release-keys'
I/DEBUG   (24587): Revision: '0'
I/DEBUG   (24587): pid: 24775, tid: 24775, name: ray.djlaunchpad  >>> com.mobiray.djlaunchpad <<<
I/DEBUG   (24587): signal 6 (SIGABRT), code -6 (SI_TKILL), fault addr --------
I/DEBUG   (24587):     eax 00000000  ebx 000060c7  ecx 000060c7  edx 00000006
I/DEBUG   (24587):     esi 000060c7  edi 00000002
I/DEBUG   (24587):     xcs 00000073  xds 0000007b  xes 0000007b  xfs 00000000  xss 0000007b
I/DEBUG   (24587):     eip b77320d6  ebp b779bce0  esp bffaa9c0  flags 00200207
I/DEBUG   (24587): 
I/DEBUG   (24587): backtrace:
I/DEBUG   (24587):     #00  pc 0003c0d6  /system/lib/libc.so (tgkill+22)
I/DEBUG   (24587):     #01  pc 00000005  <unknown>
I/DEBUG   (24587): 
I/DEBUG   (24587): stack:
I/DEBUG   (24587):          bffaa980  00000000  
I/DEBUG   (24587):          bffaa984  b7797268  /system/lib/libc.so
I/DEBUG   (24587):          bffaa988  00000000  
I/DEBUG   (24587):          bffaa98c  b7703f39  /system/lib/libc.so (pthread_mutex_unlock+25)
I/DEBUG   (24587):          bffaa990  b779718c  /system/lib/libc.so
I/DEBUG   (24587):          bffaa994  b8657b50  [heap]
I/DEBUG   (24587):          bffaa998  00000015  
I/DEBUG   (24587):          bffaa99c  b4f10c40  /system/lib/libdvm.so
I/DEBUG   (24587):          bffaa9a0  00000000  
I/DEBUG   (24587):          bffaa9a4  b7750926  /system/lib/libc.so (funlockfile+6)
I/DEBUG   (24587):          bffaa9a8  b7796fcc  /system/lib/libc.so
I/DEBUG   (24587):          bffaa9ac  b773c006  /system/lib/libc.so (__sflush_locked+150)
I/DEBUG   (24587):          bffaa9b0  00000000  
I/DEBUG   (24587):          bffaa9b4  00000000  
I/DEBUG   (24587):          bffaa9b8  b7703d69  /system/lib/libc.so (pthread_mutex_lock+9)
I/DEBUG   (24587):          bffaa9bc  b7796fcc  /system/lib/libc.so
I/DEBUG   (24587):     #00  bffaa9c0  00000006  
I/DEBUG   (24587):          bffaa9c4  000060c7  
I/DEBUG   (24587):          bffaa9c8  b7796fcc  /system/lib/libc.so
I/DEBUG   (24587):          bffaa9cc  b770e4a6  /system/lib/libc.so (pthread_kill+102)
I/DEBUG   (24587):          bffaa9d0  000060c7  
I/DEBUG   (24587):          bffaa9d4  000060c7  
I/DEBUG   (24587):          bffaa9d8  00000006  
I/DEBUG   (24587):          bffaa9dc  00000000  
I/DEBUG   (24587):          bffaa9e0  b7797268  /system/lib/libc.so
I/DEBUG   (24587):          bffaa9e4  94fcfd70  /dev/ashmem/dalvik-heap (deleted)
I/DEBUG   (24587):          bffaa9e8  b770e449  /system/lib/libc.so (pthread_kill+9)
I/DEBUG   (24587):          bffaa9ec  b7796fcc  /system/lib/libc.so
I/DEBUG   (24587):          bffaa9f0  bffaaa3c  [stack]
I/DEBUG   (24587):          bffaa9f4  bffaac70  [stack]
I/DEBUG   (24587):          bffaa9f8  00000001  
I/DEBUG   (24587):          bffaa9fc  b770e82c  /system/lib/libc.so (raise+44)
I/BootReceiver(  464): Copying /data/tombstones/tombstone_05 to DropBox (SYSTEM_TOMBSTONE)
I/Process (  464): Sending signal. PID: 24775 SIG: 9
W/NetworkManagementSocketTagger(  464): setKernelCountSet(10149, 0) failed with errno -13
W/ActivityManager(  464): Force-killing crashed app com.mobiray.djlaunchpad at watcher's request
W/ContextImpl(  464): Calling a method in the system process without a qualified user: android.app.ContextImpl.sendBroadcast:1123 com.android.server.am.ActivityManagerService.handleApplicationCrashInner:9670 com.android.server.am.NativeCrashListener$NativeCrashReporter.run:86 <bottom of call stack> <bottom of call stack> 
I/ActivityManager(  464): Process com.mobiray.djlaunchpad (pid 24775) has died.
I/ActivityManager(  464): Start proc com.mobiray.djlaunchpad for activity com.mobiray.djlaunchpad/.activities.LaunchpadActivity: pid=24811 uid=10149 gids={50149, 1028, 1015, 1023, 3003}
D/Zygote  (  168): Process 24775 terminated by signal (6)
W/NetworkManagementSocketTagger(  464): setKernelCountSet(10149, 1) failed with errno -13
I/dalvikvm(24811): ignoring registerObject request in thread=1
I/dalvikvm(24811): ignoring registerObject request in thread=1
E/dalvikvm(24811): Could not find class 'com.flurry.sdk.i', referenced from method com.flurry.sdk.kg.a
W/dalvikvm(24811): VFY: unable to resolve const-class 3348 (Lcom/flurry/sdk/i;) in Lcom/flurry/sdk/kg;
D/dalvikvm(24811): VFY: replacing opcode 0x1c at 0x0020
I/dalvikvm(24811): Could not find method android.app.Notification$Builder.setLocalOnly, referenced from method com.google.android.gms.common.GooglePlayServicesUtil.zza
W/dalvikvm(24811): VFY: unable to resolve virtual method 387: Landroid/app/Notification$Builder;.setLocalOnly (Z)Landroid/app/Notification$Builder;
D/dalvikvm(24811): VFY: replacing opcode 0x6e at 0x00f0
I/dalvikvm(24811): Could not find method android.content.pm.PackageManager.getPackageInstaller, referenced from method com.google.android.gms.common.GooglePlayServicesUtil.zzh
W/dalvikvm(24811): VFY: unable to resolve virtual method 715: Landroid/content/pm/PackageManager;.getPackageInstaller ()Landroid/content/pm/PackageInstaller;
D/dalvikvm(24811): VFY: replacing opcode 0x6e at 0x000a
D/roboguice.RoboGuice(24811): Using annotation database(s).
D/roboguice.RoboGuice(24811): Using annotation database(s) : [, roboguice]
D/roboguice.RoboGuice(24811): Time spent loading annotation databases : 0
E/dalvikvm(24811): Bogus static initialization: value type 23 in field type Ljava/lang/Object; for Lcom/google/inject/internal/util/SourceProvider; at index 1
E/dalvikvm(24811): VM aborting
F/libc    (24811): Fatal signal 6 (SIGABRT) at 0x000060eb (code=-6), thread 24811 (ray.djlaunchpad)
I/DEBUG   (24587): *** *** *** *** *** *** *** *** *** *** *** *** *** *** *** ***
I/DEBUG   (24587): Build fingerprint: 'samsung/SM-G955N/dream2lteks:4.4.2/NRD90M/381180401:user/release-keys'
I/DEBUG   (24587): Revision: '0'
I/DEBUG   (24587): pid: 24811, tid: 24811, name: ray.djlaunchpad  >>> com.mobiray.djlaunchpad <<<
I/DEBUG   (24587): signal 6 (SIGABRT), code -6 (SI_TKILL), fault addr --------
I/DEBUG   (24587):     eax 00000000  ebx 000060eb  ecx 000060eb  edx 00000006
I/DEBUG   (24587):     esi 000060eb  edi 00000002
I/DEBUG   (24587):     xcs 00000073  xds 0000007b  xes 0000007b  xfs 00000000  xss 0000007b
I/DEBUG   (24587):     eip b77320d6  ebp b779bce0  esp bffaa9c0  flags 00200203
I/DEBUG   (24587): 
I/DEBUG   (24587): backtrace:
I/DEBUG   (24587):     #00  pc 0003c0d6  /system/lib/libc.so (tgkill+22)
I/DEBUG   (24587):     #01  pc 00000005  <unknown>
I/DEBUG   (24587): 
I/DEBUG   (24587): stack:
I/DEBUG   (24587):          bffaa980  00000000  
I/DEBUG   (24587):          bffaa984  b7797268  /system/lib/libc.so
I/DEBUG   (24587):          bffaa988  00000000  
I/DEBUG   (24587):          bffaa98c  b7703f39  /system/lib/libc.so (pthread_mutex_unlock+25)
I/DEBUG   (24587):          bffaa990  b779718c  /system/lib/libc.so
I/DEBUG   (24587):          bffaa994  b8657b50  [heap]
I/DEBUG   (24587):          bffaa998  00000015  
I/DEBUG   (24587):          bffaa99c  b4f10c40  /system/lib/libdvm.so
I/DEBUG   (24587):          bffaa9a0  00000000  
I/DEBUG   (24587):          bffaa9a4  b7750926  /system/lib/libc.so (funlockfile+6)
I/DEBUG   (24587):          bffaa9a8  b7796fcc  /system/lib/libc.so
I/DEBUG   (24587):          bffaa9ac  b773c006  /system/lib/libc.so (__sflush_locked+150)
I/DEBUG   (24587):          bffaa9b0  00000000  
I/DEBUG   (24587):          bffaa9b4  00000000  
I/DEBUG   (24587):          bffaa9b8  b7703d69  /system/lib/libc.so (pthread_mutex_lock+9)
I/DEBUG   (24587):          bffaa9bc  b7796fcc  /system/lib/libc.so
I/DEBUG   (24587):     #00  bffaa9c0  00000006  
I/DEBUG   (24587):          bffaa9c4  000060eb  
I/DEBUG   (24587):          bffaa9c8  b7796fcc  /system/lib/libc.so
I/DEBUG   (24587):          bffaa9cc  b770e4a6  /system/lib/libc.so (pthread_kill+102)
I/DEBUG   (24587):          bffaa9d0  000060eb  
I/DEBUG   (24587):          bffaa9d4  000060eb  
I/DEBUG   (24587):          bffaa9d8  00000006  
I/DEBUG   (24587):          bffaa9dc  00000000  
I/DEBUG   (24587):          bffaa9e0  b7797268  /system/lib/libc.so
I/DEBUG   (24587):          bffaa9e4  94fd0c30  /dev/ashmem/dalvik-heap (deleted)
I/DEBUG   (24587):          bffaa9e8  b770e449  /system/lib/libc.so (pthread_kill+9)
I/DEBUG   (24587):          bffaa9ec  b7796fcc  /system/lib/libc.so
I/DEBUG   (24587):          bffaa9f0  bffaaa3c  [stack]
I/DEBUG   (24587):          bffaa9f4  bffaac70  [stack]
I/DEBUG   (24587):          bffaa9f8  00000001  
I/DEBUG   (24587):          bffaa9fc  b770e82c  /system/lib/libc.so (raise+44)
I/BootReceiver(  464): Copying /data/tombstones/tombstone_07 to DropBox (SYSTEM_TOMBSTONE)
W/NetworkManagementSocketTagger(  464): setKernelCountSet(10149, 0) failed with errno -13
I/InputDispatcher(  464): Dropping event because there is no focused window or focused application.
I/ActivityManager(  464): Process com.mobiray.djlaunchpad (pid 24811) has died.
W/ActivityManager(  464): Force removing ActivityRecord{4aa14658 u0 com.mobiray.djlaunchpad/.activities.LaunchpadActivity t420}: app died, no saved state
W/InputManager(  464): Input event injection from pid 23953 failed.
D/FirebaseApp(24744): Notifying background state change listeners.
I/InputDispatcher(  464): Dropping event because there is no focused window or focused application.
I/InputDispatcher(  464): Dropping event because there is no focused window or focused application.
I/InputDispatcher(  464): Dropping event because there is no focused window or focused application.
I/InputDispatcher(  464): Dropping event because there is no focused window or focused application.
I/InputDispatcher(  464): Dropping event because there is no focused window or focused application.
W/InputManager(  464): Input event injection from pid 23953 failed.
W/InputManager(  464): Input event injection from pid 23953 failed.
W/InputManager(  464): Input event injection from pid 23953 failed.
W/InputManager(  464): Input event injection from pid 23953 failed.
W/InputManager(  464): Input event injection from pid 23953 failed.
D/Zygote  (  168): Process 24811 terminated by signal (6)
I/InputDispatcher(  464): Dropping event because there is no focused window or focused application.
W/ActivityManager(  464): Force-killing crashed app com.mobiray.djlaunchpad at watcher's request
W/ContextImpl(  464): Calling a method in the system process without a qualified user: android.app.ContextImpl.sendBroadcast:1123 com.android.server.am.ActivityManagerService.handleApplicationCrashInner:9670 com.android.server.am.NativeCrashListener$NativeCrashReporter.run:86 <bottom of call stack> <bottom of call stack> 
I/InputDispatcher(  464): Dropping event because there is no focused window or focused application.
I/InputDispatcher(  464): Dropping event because there is no focused window or focused application.
I/InputDispatcher(  464): Dropping event because there is no focused window or focused application.
I/InputDispatcher(  464): Dropping event because there is no focused window or focused application.
I/InputDispatcher(  464): Dropping event because there is no focused window or focused application.
W/InputManager(  464): Input event injection from pid 23953 failed.
W/InputManager(  464): Input event injection from pid 23953 failed.
W/InputManager(  464): Input event injection from pid 23953 failed.
W/InputManager(  464): Input event injection from pid 23953 failed.
W/InputManager(  464): Input event injection from pid 23953 failed.
W/InputManager(  464): Input event injection from pid 23953 failed.
I/InputDispatcher(  464): Dropping event because there is no focused window or focused application.
I/InputDispatcher(  464): Dropping event because there is no focused window or focused application.
W/InputManager(  464): Input event injection from pid 23953 failed.
W/InputManager(  464): Input event injection from pid 23953 failed.
W/InputManager(  464): Input event injection from pid 23953 failed.
W/InputManager(  464): Input event injection from pid 23953 failed.
W/InputManager(  464): Input event injection from pid 23953 failed.
W/InputManager(  464): Input event injection from pid 23953 failed.
I/InputDispatcher(  464): Dropping event because there is no focused window or focused application.
W/InputManager(  464): Input event injection from pid 23953 failed.
I/InputDispatcher(  464): Dropping event because there is no focused window or focused application.
W/InputManager(  464): Input event injection from pid 23953 failed.
I/InputDispatcher(  464): Dropping event because there is no focused window or focused application.
I/InputDispatcher(  464): Dropping event because there is no focused window or focused application.
W/InputManager(  464): Input event injection from pid 23953 failed.
W/InputManager(  464): Input event injection from pid 23953 failed.
W/InputManager(  464): Input event injection from pid 23953 failed.
W/InputManager(  464): Input event injection from pid 23953 failed.
I/ActivityManager(  464): START u0 {act=android.intent.action.MAIN cat=[android.intent.category.LAUNCHER] flg=0x10200000 cmp=com.mobiray.djlaunchpad/.activities.LaunchpadActivity} from pid 23953
W/EGL_emulation(24744): eglSurfaceAttrib not implemented 3093 12436
D/yeshen  (24744): launcher onpause
I/ActivityManager(  464): Start proc com.mobiray.djlaunchpad for activity com.mobiray.djlaunchpad/.activities.LaunchpadActivity: pid=24828 uid=10149 gids={50149, 1028, 1015, 1023, 3003}
W/NetworkManagementSocketTagger(  464): setKernelCountSet(10149, 1) failed with errno -13
I/dalvikvm(24828): ignoring registerObject request in thread=1
I/dalvikvm(24828): ignoring registerObject request in thread=1
E/dalvikvm(24828): Could not find class 'com.flurry.sdk.i', referenced from method com.flurry.sdk.kg.a
W/dalvikvm(24828): VFY: unable to resolve const-class 3348 (Lcom/flurry/sdk/i;) in Lcom/flurry/sdk/kg;
D/dalvikvm(24828): VFY: replacing opcode 0x1c at 0x0020
D/roboguice.RoboGuice(24828): Using annotation database(s).
D/roboguice.RoboGuice(24828): Using annotation database(s) : [, roboguice]
D/roboguice.RoboGuice(24828): Time spent loading annotation databases : 0
E/dalvikvm(24828): Bogus static initialization: value type 23 in field type Ljava/lang/Object; for Lcom/google/inject/internal/util/SourceProvider; at index 1
E/dalvikvm(24828): VM aborting
F/libc    (24828): Fatal signal 6 (SIGABRT) at 0x000060fc (code=-6), thread 24828 (ray.djlaunchpad)
I/dalvikvm(24828): Could not find method android.app.Notification$Builder.setLocalOnly, referenced from method com.google.android.gms.common.GooglePlayServicesUtil.zza
W/dalvikvm(24828): VFY: unable to resolve virtual method 387: Landroid/app/Notification$Builder;.setLocalOnly (Z)Landroid/app/Notification$Builder;
D/dalvikvm(24828): VFY: replacing opcode 0x6e at 0x00f0
I/dalvikvm(24828): Could not find method android.content.pm.PackageManager.getPackageInstaller, referenced from method com.google.android.gms.common.GooglePlayServicesUtil.zzh
W/dalvikvm(24828): VFY: unable to resolve virtual method 715: Landroid/content/pm/PackageManager;.getPackageInstaller ()Landroid/content/pm/PackageInstaller;
D/dalvikvm(24828): VFY: replacing opcode 0x6e at 0x000a
I/DEBUG   (24587): *** *** *** *** *** *** *** *** *** *** *** *** *** *** *** ***
I/DEBUG   (24587): Build fingerprint: 'samsung/SM-G955N/dream2lteks:4.4.2/NRD90M/381180401:user/release-keys'
I/DEBUG   (24587): Revision: '0'
I/DEBUG   (24587): pid: 24828, tid: 24828, name: ray.djlaunchpad  >>> com.mobiray.djlaunchpad <<<
I/DEBUG   (24587): signal 6 (SIGABRT), code -6 (SI_TKILL), fault addr --------
I/DEBUG   (24587):     eax 00000000  ebx 000060fc  ecx 000060fc  edx 00000006
I/DEBUG   (24587):     esi 000060fc  edi 00000002
I/DEBUG   (24587):     xcs 00000073  xds 0000007b  xes 0000007b  xfs 00000000  xss 0000007b
I/DEBUG   (24587):     eip b77320d6  ebp b779bce0  esp bffaa9c0  flags 00200203
I/DEBUG   (24587): 
I/DEBUG   (24587): backtrace:
I/DEBUG   (24587):     #00  pc 0003c0d6  /system/lib/libc.so (tgkill+22)
I/DEBUG   (24587):     #01  pc 00000005  <unknown>
I/DEBUG   (24587): 
I/DEBUG   (24587): stack:
I/DEBUG   (24587):          bffaa980  00000000  
I/DEBUG   (24587):          bffaa984  b7797268  /system/lib/libc.so
I/DEBUG   (24587):          bffaa988  00000000  
I/DEBUG   (24587):          bffaa98c  b7703f39  /system/lib/libc.so (pthread_mutex_unlock+25)
I/DEBUG   (24587):          bffaa990  b779718c  /system/lib/libc.so
I/DEBUG   (24587):          bffaa994  b8657b50  [heap]
I/DEBUG   (24587):          bffaa998  00000015  
I/DEBUG   (24587):          bffaa99c  b4f10c40  /system/lib/libdvm.so
I/DEBUG   (24587):          bffaa9a0  00000000  
I/DEBUG   (24587):          bffaa9a4  b7750926  /system/lib/libc.so (funlockfile+6)
I/DEBUG   (24587):          bffaa9a8  b7796fcc  /system/lib/libc.so
I/DEBUG   (24587):          bffaa9ac  b773c006  /system/lib/libc.so (__sflush_locked+150)
I/DEBUG   (24587):          bffaa9b0  00000000  
I/DEBUG   (24587):          bffaa9b4  00000000  
I/DEBUG   (24587):          bffaa9b8  b7703d69  /system/lib/libc.so (pthread_mutex_lock+9)
I/DEBUG   (24587):          bffaa9bc  b7796fcc  /system/lib/libc.so
I/DEBUG   (24587):     #00  bffaa9c0  00000006  
I/DEBUG   (24587):          bffaa9c4  000060fc  
I/DEBUG   (24587):          bffaa9c8  b7796fcc  /system/lib/libc.so
I/DEBUG   (24587):          bffaa9cc  b770e4a6  /system/lib/libc.so (pthread_kill+102)
I/DEBUG   (24587):          bffaa9d0  000060fc  
I/DEBUG   (24587):          bffaa9d4  000060fc  
I/DEBUG   (24587):          bffaa9d8  00000006  
I/DEBUG   (24587):          bffaa9dc  00000000  
I/DEBUG   (24587):          bffaa9e0  b7797268  /system/lib/libc.so
I/DEBUG   (24587):          bffaa9e4  94fd1ae8  /dev/ashmem/dalvik-heap (deleted)
I/DEBUG   (24587):          bffaa9e8  b770e449  /system/lib/libc.so (pthread_kill+9)
I/DEBUG   (24587):          bffaa9ec  b7796fcc  /system/lib/libc.so
I/DEBUG   (24587):          bffaa9f0  bffaaa3c  [stack]
I/DEBUG   (24587):          bffaa9f4  bffaac70  [stack]
I/DEBUG   (24587):          bffaa9f8  00000001  
I/DEBUG   (24587):          bffaa9fc  b770e82c  /system/lib/libc.so (raise+44)
I/BootReceiver(  464): Copying /data/tombstones/tombstone_08 to DropBox (SYSTEM_TOMBSTONE)
I/ActivityManager(  464): Process com.mobiray.djlaunchpad (pid 24828) has died.
D/yeshen  (24744): launcher onstop
W/NetworkManagementSocketTagger(  464): setKernelCountSet(10149, 0) failed with errno -13
D/Zygote  (  168): Process 24828 terminated by signal (6)
D/FirebaseApp(24744): Notifying background state change listeners.
D/Tinker.DefaultAppLike(24744): onTrimMemory level:20
I/ActivityManager(  464): Start proc com.mobiray.djlaunchpad for activity com.mobiray.djlaunchpad/.activities.LaunchpadActivity: pid=24842 uid=10149 gids={50149, 1028, 1015, 1023, 3003}
W/ActivityManager(  464): Force-killing crashed app com.mobiray.djlaunchpad at watcher's request
W/ContextImpl(  464): Calling a method in the system process without a qualified user: android.app.ContextImpl.sendBroadcast:1123 com.android.server.am.ActivityManagerService.handleApplicationCrashInner:9670 com.android.server.am.NativeCrashListener$NativeCrashReporter.run:86 <bottom of call stack> <bottom of call stack> 
I/dalvikvm(24842): ignoring registerObject request in thread=1
I/dalvikvm(24842): ignoring registerObject request in thread=1
E/dalvikvm(24842): Could not find class 'com.flurry.sdk.i', referenced from method com.flurry.sdk.kg.a
W/dalvikvm(24842): VFY: unable to resolve const-class 3348 (Lcom/flurry/sdk/i;) in Lcom/flurry/sdk/kg;
D/dalvikvm(24842): VFY: replacing opcode 0x1c at 0x0020
W/NetworkManagementSocketTagger(  464): setKernelCountSet(10149, 1) failed with errno -13
I/dalvikvm(24842): Could not find method android.app.Notification$Builder.setLocalOnly, referenced from method com.google.android.gms.common.GooglePlayServicesUtil.zza
W/dalvikvm(24842): VFY: unable to resolve virtual method 387: Landroid/app/Notification$Builder;.setLocalOnly (Z)Landroid/app/Notification$Builder;
D/dalvikvm(24842): VFY: replacing opcode 0x6e at 0x00f0
I/dalvikvm(24842): Could not find method android.content.pm.PackageManager.getPackageInstaller, referenced from method com.google.android.gms.common.GooglePlayServicesUtil.zzh
W/dalvikvm(24842): VFY: unable to resolve virtual method 715: Landroid/content/pm/PackageManager;.getPackageInstaller ()Landroid/content/pm/PackageInstaller;
D/dalvikvm(24842): VFY: replacing opcode 0x6e at 0x000a
D/roboguice.RoboGuice(24842): Using annotation database(s).
D/roboguice.RoboGuice(24842): Using annotation database(s) : [, roboguice]
D/roboguice.RoboGuice(24842): Time spent loading annotation databases : 0
E/dalvikvm(24842): Bogus static initialization: value type 23 in field type Ljava/lang/Object; for Lcom/google/inject/internal/util/SourceProvider; at index 1
E/dalvikvm(24842): VM aborting
F/libc    (24842): Fatal signal 6 (SIGABRT) at 0x0000610a (code=-6), thread 24842 (ray.djlaunchpad)
I/DEBUG   (24587): *** *** *** *** *** *** *** *** *** *** *** *** *** *** *** ***
I/DEBUG   (24587): Build fingerprint: 'samsung/SM-G955N/dream2lteks:4.4.2/NRD90M/381180401:user/release-keys'
I/DEBUG   (24587): Revision: '0'
I/DEBUG   (24587): pid: 24842, tid: 24842, name: ray.djlaunchpad  >>> com.mobiray.djlaunchpad <<<
I/DEBUG   (24587): signal 6 (SIGABRT), code -6 (SI_TKILL), fault addr --------
I/DEBUG   (24587):     eax 00000000  ebx 0000610a  ecx 0000610a  edx 00000006
I/DEBUG   (24587):     esi 0000610a  edi 00000002
I/DEBUG   (24587):     xcs 00000073  xds 0000007b  xes 0000007b  xfs 00000000  xss 0000007b
I/DEBUG   (24587):     eip b77320d6  ebp b779bce0  esp bffaa9c0  flags 00200207
I/DEBUG   (24587): 
I/DEBUG   (24587): backtrace:
I/DEBUG   (24587):     #00  pc 0003c0d6  /system/lib/libc.so (tgkill+22)
I/DEBUG   (24587):     #01  pc 00000005  <unknown>
I/DEBUG   (24587): 
I/DEBUG   (24587): stack:
I/DEBUG   (24587):          bffaa980  00000000  
I/DEBUG   (24587):          bffaa984  b7797268  /system/lib/libc.so
I/DEBUG   (24587):          bffaa988  00000000  
I/DEBUG   (24587):          bffaa98c  b7703f39  /system/lib/libc.so (pthread_mutex_unlock+25)
I/DEBUG   (24587):          bffaa990  b779718c  /system/lib/libc.so
I/DEBUG   (24587):          bffaa994  b8657b50  [heap]
I/DEBUG   (24587):          bffaa998  00000015  
I/DEBUG   (24587):          bffaa99c  b4f10c40  /system/lib/libdvm.so
I/DEBUG   (24587):          bffaa9a0  00000000  
I/DEBUG   (24587):          bffaa9a4  b7750926  /system/lib/libc.so (funlockfile+6)
I/DEBUG   (24587):          bffaa9a8  b7796fcc  /system/lib/libc.so
I/DEBUG   (24587):          bffaa9ac  b773c006  /system/lib/libc.so (__sflush_locked+150)
I/DEBUG   (24587):          bffaa9b0  00000000  
I/DEBUG   (24587):          bffaa9b4  00000000  
I/DEBUG   (24587):          bffaa9b8  b7703d69  /system/lib/libc.so (pthread_mutex_lock+9)
I/DEBUG   (24587):          bffaa9bc  b7796fcc  /system/lib/libc.so
I/DEBUG   (24587):     #00  bffaa9c0  00000006  
I/DEBUG   (24587):          bffaa9c4  0000610a  
I/DEBUG   (24587):          bffaa9c8  b7796fcc  /system/lib/libc.so
I/DEBUG   (24587):          bffaa9cc  b770e4a6  /system/lib/libc.so (pthread_kill+102)
I/DEBUG   (24587):          bffaa9d0  0000610a  
I/DEBUG   (24587):          bffaa9d4  0000610a  
I/DEBUG   (24587):          bffaa9d8  00000006  
I/DEBUG   (24587):          bffaa9dc  00000000  
I/DEBUG   (24587):          bffaa9e0  b7797268  /system/lib/libc.so
I/DEBUG   (24587):          bffaa9e4  94fd3b78  /dev/ashmem/dalvik-heap (deleted)
I/DEBUG   (24587):          bffaa9e8  b770e449  /system/lib/libc.so (pthread_kill+9)
I/DEBUG   (24587):          bffaa9ec  b7796fcc  /system/lib/libc.so
I/DEBUG   (24587):          bffaa9f0  bffaaa3c  [stack]
I/DEBUG   (24587):          bffaa9f4  bffaac70  [stack]
I/DEBUG   (24587):          bffaa9f8  00000001  
I/DEBUG   (24587):          bffaa9fc  b770e82c  /system/lib/libc.so (raise+44)
I/BootReceiver(  464): Copying /data/tombstones/tombstone_00 to DropBox (SYSTEM_TOMBSTONE)
I/ActivityManager(  464): Process com.mobiray.djlaunchpad (pid 24842) has died.
W/NetworkManagementSocketTagger(  464): setKernelCountSet(10149, 0) failed with errno -13
D/Zygote  (  168): Process 24842 terminated by signal (6)
I/ActivityManager(  464): Start proc com.mobiray.djlaunchpad for activity com.mobiray.djlaunchpad/.activities.LaunchpadActivity: pid=24858 uid=10149 gids={50149, 1028, 1015, 1023, 3003}
W/ActivityManager(  464): Force-killing crashed app com.mobiray.djlaunchpad at watcher's request
W/ContextImpl(  464): Calling a method in the system process without a qualified user: android.app.ContextImpl.sendBroadcast:1123 com.android.server.am.ActivityManagerService.handleApplicationCrashInner:9670 com.android.server.am.NativeCrashListener$NativeCrashReporter.run:86 <bottom of call stack> <bottom of call stack> 
W/NetworkManagementSocketTagger(  464): setKernelCountSet(10149, 1) failed with errno -13
I/dalvikvm(24858): ignoring registerObject request in thread=1
I/dalvikvm(24858): ignoring registerObject request in thread=1
E/dalvikvm(24858): Could not find class 'com.flurry.sdk.i', referenced from method com.flurry.sdk.kg.a
W/dalvikvm(24858): VFY: unable to resolve const-class 3348 (Lcom/flurry/sdk/i;) in Lcom/flurry/sdk/kg;
D/dalvikvm(24858): VFY: replacing opcode 0x1c at 0x0020
D/roboguice.RoboGuice(24858): Using annotation database(s).
D/roboguice.RoboGuice(24858): Using annotation database(s) : [, roboguice]
D/roboguice.RoboGuice(24858): Time spent loading annotation databases : 0
I/dalvikvm(24858): Could not find method android.app.Notification$Builder.setLocalOnly, referenced from method com.google.android.gms.common.GooglePlayServicesUtil.zza
W/dalvikvm(24858): VFY: unable to resolve virtual method 387: Landroid/app/Notification$Builder;.setLocalOnly (Z)Landroid/app/Notification$Builder;
D/dalvikvm(24858): VFY: replacing opcode 0x6e at 0x00f0
I/dalvikvm(24858): Could not find method android.content.pm.PackageManager.getPackageInstaller, referenced from method com.google.android.gms.common.GooglePlayServicesUtil.zzh
W/dalvikvm(24858): VFY: unable to resolve virtual method 715: Landroid/content/pm/PackageManager;.getPackageInstaller ()Landroid/content/pm/PackageInstaller;
D/dalvikvm(24858): VFY: replacing opcode 0x6e at 0x000a
E/dalvikvm(24858): Bogus static initialization: value type 23 in field type Ljava/lang/Object; for Lcom/google/inject/internal/util/SourceProvider; at index 1
E/dalvikvm(24858): VM aborting
F/libc    (24858): Fatal signal 6 (SIGABRT) at 0x0000611a (code=-6), thread 24858 (ray.djlaunchpad)
D/dalvikvm(  464): GC_CONCURRENT freed 1886K, 57% free 11004K/25208K, paused 1ms+2ms, total 34ms
I/DEBUG   (24587): *** *** *** *** *** *** *** *** *** *** *** *** *** *** *** ***
I/DEBUG   (24587): Build fingerprint: 'samsung/SM-G955N/dream2lteks:4.4.2/NRD90M/381180401:user/release-keys'
I/DEBUG   (24587): Revision: '0'
I/DEBUG   (24587): pid: 24858, tid: 24858, name: ray.djlaunchpad  >>> com.mobiray.djlaunchpad <<<
I/DEBUG   (24587): signal 6 (SIGABRT), code -6 (SI_TKILL), fault addr --------
I/DEBUG   (24587):     eax 00000000  ebx 0000611a  ecx 0000611a  edx 00000006
I/DEBUG   (24587):     esi 0000611a  edi 00000002
I/DEBUG   (24587):     xcs 00000073  xds 0000007b  xes 0000007b  xfs 00000000  xss 0000007b
I/DEBUG   (24587):     eip b77320d6  ebp b779bce0  esp bffaa9c0  flags 00200203
I/DEBUG   (24587): 
I/DEBUG   (24587): backtrace:
I/DEBUG   (24587):     #00  pc 0003c0d6  /system/lib/libc.so (tgkill+22)
I/DEBUG   (24587):     #01  pc 00000005  <unknown>
I/DEBUG   (24587): 
I/DEBUG   (24587): stack:
I/DEBUG   (24587):          bffaa980  00000000  
I/DEBUG   (24587):          bffaa984  b7797268  /system/lib/libc.so
I/DEBUG   (24587):          bffaa988  00000000  
I/DEBUG   (24587):          bffaa98c  b7703f39  /system/lib/libc.so (pthread_mutex_unlock+25)
I/DEBUG   (24587):          bffaa990  b779718c  /system/lib/libc.so
I/DEBUG   (24587):          bffaa994  b8657b50  [heap]
I/DEBUG   (24587):          bffaa998  00000015  
I/DEBUG   (24587):          bffaa99c  b4f10c40  /system/lib/libdvm.so
I/DEBUG   (24587):          bffaa9a0  00000000  
I/DEBUG   (24587):          bffaa9a4  b7750926  /system/lib/libc.so (funlockfile+6)
I/DEBUG   (24587):          bffaa9a8  b7796fcc  /system/lib/libc.so
I/DEBUG   (24587):          bffaa9ac  b773c006  /system/lib/libc.so (__sflush_locked+150)
I/DEBUG   (24587):          bffaa9b0  00000000  
I/DEBUG   (24587):          bffaa9b4  00000000  
I/DEBUG   (24587):          bffaa9b8  b7703d69  /system/lib/libc.so (pthread_mutex_lock+9)
I/DEBUG   (24587):          bffaa9bc  b7796fcc  /system/lib/libc.so
I/DEBUG   (24587):     #00  bffaa9c0  00000006  
I/DEBUG   (24587):          bffaa9c4  0000611a  
I/DEBUG   (24587):          bffaa9c8  b7796fcc  /system/lib/libc.so
I/DEBUG   (24587):          bffaa9cc  b770e4a6  /system/lib/libc.so (pthread_kill+102)
I/DEBUG   (24587):          bffaa9d0  0000611a  
I/DEBUG   (24587):          bffaa9d4  0000611a  
I/DEBUG   (24587):          bffaa9d8  00000006  
I/DEBUG   (24587):          bffaa9dc  00000000  
I/DEBUG   (24587):          bffaa9e0  b7797268  /system/lib/libc.so
I/DEBUG   (24587):          bffaa9e4  94fd4ac0  /dev/ashmem/dalvik-heap (deleted)
I/DEBUG   (24587):          bffaa9e8  b770e449  /system/lib/libc.so (pthread_kill+9)
I/DEBUG   (24587):          bffaa9ec  b7796fcc  /system/lib/libc.so
I/DEBUG   (24587):          bffaa9f0  bffaaa3c  [stack]
I/DEBUG   (24587):          bffaa9f4  bffaac70  [stack]
I/DEBUG   (24587):          bffaa9f8  00000001  
I/DEBUG   (24587):          bffaa9fc  b770e82c  /system/lib/libc.so (raise+44)
W/NetworkManagementSocketTagger(  464): setKernelCountSet(10149, 0) failed with errno -13
I/BootReceiver(  464): Copying /data/tombstones/tombstone_01 to DropBox (SYSTEM_TOMBSTONE)
I/ActivityManager(  464): Process com.mobiray.djlaunchpad (pid 24858) has died.
W/ActivityManager(  464): Force removing ActivityRecord{4aa5463c u0 com.mobiray.djlaunchpad/.activities.LaunchpadActivity t421}: app died, no saved state
I/InputDispatcher(  464): Dropping event because there is no focused window or focused application.
I/InputDispatcher(  464): Dropping event because there is no focused window or focused application.
W/InputManager(  464): Input event injection from pid 23953 failed.
W/InputManager(  464): Input event injection from pid 23953 failed.
W/InputManager(  464): Input event injection from pid 23953 failed.
W/InputManager(  464): Input event injection from pid 23953 failed.
D/Zygote  (  168): Process 24858 terminated by signal (6)
I/InputDispatcher(  464): Dropping event because there is no focused window or focused application.
W/InputManager(  464): Input event injection from pid 23953 failed.
W/InputManager(  464): Input event injection from pid 23953 failed.
W/InputManager(  464): Input event injection from pid 23953 failed.
W/InputManager(  464): Input event injection from pid 23953 failed.
W/ActivityManager(  464): Force-killing crashed app com.mobiray.djlaunchpad at watcher's request
W/InputManager(  464): Input event injection from pid 23953 failed.
W/ContextImpl(  464): Calling a method in the system process without a qualified user: android.app.ContextImpl.sendBroadcast:1123 com.android.server.am.ActivityManagerService.handleApplicationCrashInner:9670 com.android.server.am.NativeCrashListener$NativeCrashReporter.run:86 <bottom of call stack> <bottom of call stack> 
W/InputManager(  464): Input event injection from pid 23953 failed.
I/InputDispatcher(  464): Dropping event because there is no focused window or focused application.
I/InputDispatcher(  464): Dropping event because there is no focused window or focused application.
I/InputDispatcher(  464): Dropping event because there is no focused window or focused application.
W/InputManager(  464): Input event injection from pid 23953 failed.
W/InputManager(  464): Input event injection from pid 23953 failed.
W/InputManager(  464): Input event injection from pid 23953 failed.
I/InputDispatcher(  464): Dropping event because there is no focused window or focused application.
I/InputDispatcher(  464): Dropping event because there is no focused window or focused application.
I/InputDispatcher(  464): Dropping event because there is no focused window or focused application.
I/InputDispatcher(  464): Dropping event because there is no focused window or focused application.
W/InputManager(  464): Input event injection from pid 23953 failed.
W/InputManager(  464): Input event injection from pid 23953 failed.
W/InputManager(  464): Input event injection from pid 23953 failed.
W/InputManager(  464): Input event injection from pid 23953 failed.
I/InputDispatcher(  464): Dropping event because there is no focused window or focused application.
I/InputDispatcher(  464): Dropping event because there is no focused window or focused application.
W/InputManager(  464): Input event injection from pid 23953 failed.
W/InputManager(  464): Input event injection from pid 23953 failed.
I/InputDispatcher(  464): Dropping event because there is no focused window or focused application.
W/InputManager(  464): Input event injection from pid 23953 failed.
D/FirebaseApp(24744): Notifying background state change listeners.
I/InputDispatcher(  464): Dropping event because there is no focused window or focused application.
I/InputDispatcher(  464): Dropping event because there is no focused window or focused application.
W/InputManager(  464): Input event injection from pid 23953 failed.
W/InputManager(  464): Input event injection from pid 23953 failed.
I/InputDispatcher(  464): Dropping event because there is no focused window or focused application.
I/InputDispatcher(  464): Dropping event because there is no focused window or focused application.
I/InputDispatcher(  464): Dropping event because there is no focused window or focused application.
I/ActivityManager(  464): START u0 {act=com.android.systemui.recent.action.TOGGLE_RECENTS flg=0x10800000 cmp=com.android.systemui/.recent.RecentsActivity} from pid 532
W/InputManager(  464): Input event injection from pid 23953 failed.
W/InputManager(  464): Input event injection from pid 23953 failed.
W/InputManager(  464): Input event injection from pid 23953 failed.
I/InputDispatcher(  464): Dropping event because there is no focused window or focused application.
I/InputDispatcher(  464): Dropping event because there is no focused window or focused application.
I/InputDispatcher(  464): Dropping event because there is no focused window or focused application.
I/InputDispatcher(  464): Dropping event because there is no focused window or focused application.
W/InputManager(  464): Input event injection from pid 23953 failed.
W/InputManager(  464): Input event injection from pid 23953 failed.
W/InputManager(  464): Input event injection from pid 23953 failed.
W/InputManager(  464): Input event injection from pid 23953 failed.
I/InputDispatcher(  464): Dropping event because there is no focused window or focused application.
W/InputManager(  464): Input event injection from pid 23953 failed.
W/InputManager(  464): Input event injection from pid 23953 failed.
W/InputManager(  464): Input event injection from pid 23953 failed.
I/InputDispatcher(  464): Dropping event because there is no focused window or focused application.
I/InputDispatcher(  464): Dropping event because there is no focused window or focused application.
I/InputDispatcher(  464): Dropping event because there is no focused window or focused application.
I/InputDispatcher(  464): Dropping event because there is no focused window or focused application.
I/InputDispatcher(  464): Dropping event because there is no focused window or focused application.
W/InputManager(  464): Input event injection from pid 23953 failed.
W/InputManager(  464): Input event injection from pid 23953 failed.
W/InputManager(  464): Input event injection from pid 23953 failed.
W/InputManager(  464): Input event injection from pid 23953 failed.
W/InputManager(  464): Input event injection from pid 23953 failed.
I/InputDispatcher(  464): Dropping event because there is no focused window or focused application.
I/InputDispatcher(  464): Dropping event because there is no focused window or focused application.
I/InputDispatcher(  464): Dropping event because there is no focused window or focused application.
