I/System.out(24782): body:<aqs: java.lang.String a(java.util.Map,int)>	sig:$r7 = staticinvoke <java.net.URLEncoder: java.lang.String encode(java.lang.String,java.lang.String)>($r7, "UTF-8")	timediff:0
I/System.out(24782): body:<aqs: java.lang.String a(java.util.Map,int)>	sig:$r6 = staticinvoke <java.net.URLEncoder: java.lang.String encode(java.lang.String,java.lang.String)>($r6, "UTF-8")	timediff:0
I/System.out(24782): body:<aqs: java.lang.String a(java.util.Map,int)>	sig:$r7 = staticinvoke <java.net.URLEncoder: java.lang.String encode(java.lang.String,java.lang.String)>($r7, "UTF-8")	timediff:0
I/System.out(24782): body:<aqs: java.lang.String a(java.util.Map,int)>	sig:$r6 = staticinvoke <java.net.URLEncoder: java.lang.String encode(java.lang.String,java.lang.String)>($r6, "UTF-8")	timediff:0
I/System.out(24782): body:<aqs: java.lang.String a(java.util.Map,int)>	sig:$r7 = staticinvoke <java.net.URLEncoder: java.lang.String encode(java.lang.String,java.lang.String)>($r7, "UTF-8")	timediff:0
I/System.out(24782): body:<aqs: java.lang.String a(java.util.Map,int)>	sig:$r6 = staticinvoke <java.net.URLEncoder: java.lang.String encode(java.lang.String,java.lang.String)>($r6, "UTF-8")	timediff:0
I/System.out(24782): body:<aqs: java.lang.String a(java.util.Map,int)>	sig:$r7 = staticinvoke <java.net.URLEncoder: java.lang.String encode(java.lang.String,java.lang.String)>($r7, "UTF-8")	timediff:0
I/System.out(24782): body:<aqs: java.lang.String a(java.util.Map,int)>	sig:$r6 = staticinvoke <java.net.URLEncoder: java.lang.String encode(java.lang.String,java.lang.String)>($r6, "UTF-8")	timediff:0
I/System.out(24782): body:<aqs: java.lang.String a(java.util.Map,int)>	sig:$r7 = staticinvoke <java.net.URLEncoder: java.lang.String encode(java.lang.String,java.lang.String)>($r7, "UTF-8")	timediff:0
I/System.out(24782): body:<aqs: java.lang.String a(java.util.Map,int)>	sig:$r6 = staticinvoke <java.net.URLEncoder: java.lang.String encode(java.lang.String,java.lang.String)>($r6, "UTF-8")	timediff:0
I/System.out(24782): body:<aqs: java.lang.String a(java.util.Map,int)>	sig:$r7 = staticinvoke <java.net.URLEncoder: java.lang.String encode(java.lang.String,java.lang.String)>($r7, "UTF-8")	timediff:0
I/System.out(24782): body:<aqs: java.lang.String a(java.util.Map,int)>	sig:$r6 = staticinvoke <java.net.URLEncoder: java.lang.String encode(java.lang.String,java.lang.String)>($r6, "UTF-8")	timediff:0
I/System.out(24782): body:<aqs: java.lang.String a(java.util.Map,int)>	sig:$r7 = staticinvoke <java.net.URLEncoder: java.lang.String encode(java.lang.String,java.lang.String)>($r7, "UTF-8")	timediff:0
I/System.out(24782): body:<aqs: java.lang.String a(java.util.Map,int)>	sig:$r6 = staticinvoke <java.net.URLEncoder: java.lang.String encode(java.lang.String,java.lang.String)>($r6, "UTF-8")	timediff:0
I/System.out(24782): body:<aqs: java.lang.String a(java.util.Map,int)>	sig:$r7 = staticinvoke <java.net.URLEncoder: java.lang.String encode(java.lang.String,java.lang.String)>($r7, "UTF-8")	timediff:0
I/System.out(24782): body:<aqs: java.lang.String a(java.util.Map,int)>	sig:$r6 = staticinvoke <java.net.URLEncoder: java.lang.String encode(java.lang.String,java.lang.String)>($r6, "UTF-8")	timediff:0
I/System.out(24782): body:<aqs: java.lang.String a(java.util.Map,int)>	sig:$r7 = staticinvoke <java.net.URLEncoder: java.lang.String encode(java.lang.String,java.lang.String)>($r7, "UTF-8")	timediff:0
I/System.out(24782): body:<aqs: java.lang.String a(java.util.Map,int)>	sig:$r6 = staticinvoke <java.net.URLEncoder: java.lang.String encode(java.lang.String,java.lang.String)>($r6, "UTF-8")	timediff:0
I/System.out(24782): body:<aqs: java.lang.String a(java.util.Map,int)>	sig:$r7 = staticinvoke <java.net.URLEncoder: java.lang.String encode(java.lang.String,java.lang.String)>($r7, "UTF-8")	timediff:0
I/System.out(24782): body:<aqs: java.lang.String a(java.util.Map,int)>	sig:$r6 = staticinvoke <java.net.URLEncoder: java.lang.String encode(java.lang.String,java.lang.String)>($r6, "UTF-8")	timediff:0
I/System.out(24782): body:<aqs: java.lang.String a(java.util.Map,int)>	sig:$r7 = staticinvoke <java.net.URLEncoder: java.lang.String encode(java.lang.String,java.lang.String)>($r7, "UTF-8")	timediff:0
I/System.out(24782): body:<aqs: java.lang.String a(java.util.Map,int)>	sig:$r6 = staticinvoke <java.net.URLEncoder: java.lang.String encode(java.lang.String,java.lang.String)>("sent_at", "UTF-8")	timediff:0
I/System.out(24782): body:<aqs: java.lang.String a(java.util.Map,int)>	sig:$r7 = staticinvoke <java.net.URLEncoder: java.lang.String encode(java.lang.String,java.lang.String)>($r7, "UTF-8")	timediff:0
I/System.out(24782): body:<aqs: java.lang.String a(java.util.Map,int)>	sig:$r7 = staticinvoke <java.net.URLEncoder: java.lang.String encode(java.lang.String,java.lang.String)>("queue_size", "UTF-8")	timediff:0
I/System.out(24782): body:<aqs: java.lang.String a(java.util.Map,int)>	sig:$r7 = staticinvoke <java.net.URLEncoder: java.lang.String encode(java.lang.String,java.lang.String)>($r7, "UTF-8")	timediff:0
I/System.out(24782): body:<aqs: aql a(javax.net.ssl.HttpsURLConnection,com.adjust.sdk.ActivityPackage)>	sig:virtualinvoke $r0.<javax.net.ssl.HttpsURLConnection: void connect()>()	timediff:0
W/EGL_emulation(24782): eglSurfaceAttrib not implemented 3093 12436
I/AppCompatDelegate(24782): The Activity's LayoutInflater already has a Factory installed so we can not install AppCompat's
W/ActionBarDrawerToggle(24782): DrawerToggle may not show up because NavigationIcon is not visible. You may need to call actionbar.setDisplayHomeAsUpEnabled(true);
W/EGL_emulation(24782): eglSurfaceAttrib not implemented 3093 12436
I/ActivityManager(  327): START u0 {act=com.spotify.mobile.android.service.action.session.LOGIN cmp=com.spotify.music/com.spotify.mobile.android.service.LoginActivity (has extras)} from pid 24782
W/ActivityManager(  327): Duplicate finish request for ActivityRecord{4aadb550 u0 com.spotify.music/.MainActivity t142 f}
W/ContextImpl(  327): Calling a method in the system process without a qualified user: android.app.ContextImpl.sendBroadcast:1123 com.android.server.InputMethodManagerService.hideCurrentInputLocked:1880 com.android.server.InputMethodManagerService.windowGainedFocus:1968 com.android.internal.view.IInputMethodManager$Stub.onTransact:221 com.android.server.InputMethodManagerService.onTransact:818 
W/ViewRootImpl(24782): Dropping event due to no window focus: KeyEvent { action=ACTION_DOWN, keyCode=KEYCODE_DPAD_CENTER, scanCode=0, metaState=0, flags=0x8, repeatCount=0, eventTime=10286616, downTime=10286616, deviceId=-1, source=0x101 }
W/ContextImpl(  327): Calling a method in the system process without a qualified user: android.app.ContextImpl.sendBroadcast:1123 com.android.server.InputMethodManagerService.showCurrentInputLocked:1791 com.android.server.InputMethodManagerService.windowGainedFocus:1985 com.android.internal.view.IInputMethodManager$Stub.onTransact:221 com.android.server.InputMethodManagerService.onTransact:818 
W/ContextImpl(  327): Calling a method in the system process without a qualified user: android.app.ContextImpl.sendBroadcast:1123 com.android.server.InputMethodManagerService.showCurrentInputLocked:1791 com.android.server.InputMethodManagerService.showSoftInput:1753 com.android.internal.view.IInputMethodManager$Stub.onTransact:175 com.android.server.InputMethodManagerService.onTransact:818 
V/InputMethodService(  639): onEvaluateInputViewShown: config.hardKeyboardHidden = 2
V/InputMethodService(  639): onEvaluateInputViewShown: config.hardKeyboardHidden = 2
D/dalvikvm(24782): GC_CONCURRENT freed 1516K, 21% free 7406K/9276K, paused 3ms+3ms, total 20ms
V/InputMethodService(  639): onEvaluateInputViewShown: config.hardKeyboardHidden = 2
V/InputMethodService(  639): onEvaluateInputViewShown: config.hardKeyboardHidden = 2
D/dalvikvm(  327): GC_EXPLICIT freed 1095K, 50% free 15128K/29800K, paused 1ms+4ms, total 24ms
W/ContextImpl(  327): Calling a method in the system process without a qualified user: android.app.ContextImpl.sendBroadcast:1123 com.android.server.InputMethodManagerService.showCurrentInputLocked:1791 com.android.server.InputMethodManagerService.attachNewInputLocked:1095 com.android.server.InputMethodManagerService.startInputUncheckedLocked:1166 com.android.server.InputMethodManagerService.startInputLocked:1128 
V/InputMethodService(  639): onEvaluateInputViewShown: config.hardKeyboardHidden = 2
V/InputMethodService(  639): onEvaluateInputViewShown: config.hardKeyboardHidden = 2
W/ContextImpl(  327): Calling a method in the system process without a qualified user: android.app.ContextImpl.sendBroadcast:1123 com.android.server.InputMethodManagerService.showCurrentInputLocked:1791 com.android.server.InputMethodManagerService.attachNewInputLocked:1095 com.android.server.InputMethodManagerService.startInputUncheckedLocked:1166 com.android.server.InputMethodManagerService.startInputLocked:1128 
V/InputMethodService(  639): onEvaluateInputViewShown: config.hardKeyboardHidden = 2
V/InputMethodService(  639): onEvaluateInputViewShown: config.hardKeyboardHidden = 2
V/InputMethodService(  639): onEvaluateInputViewShown: config.hardKeyboardHidden = 2
V/InputMethodService(  639): onEvaluateInputViewShown: config.hardKeyboardHidden = 2
W/ContextImpl(  327): Calling a method in the system process without a qualified user: android.app.ContextImpl.sendBroadcast:1123 com.android.server.InputMethodManagerService.showCurrentInputLocked:1791 com.android.server.InputMethodManagerService.attachNewInputLocked:1095 com.android.server.InputMethodManagerService.startInputUncheckedLocked:1166 com.android.server.InputMethodManagerService.startInputLocked:1128 
W/ContextImpl(  327): Calling a method in the system process without a qualified user: android.app.ContextImpl.sendBroadcast:1123 com.android.server.InputMethodManagerService.showCurrentInputLocked:1791 com.android.server.InputMethodManagerService.attachNewInputLocked:1095 com.android.server.InputMethodManagerService.startInputUncheckedLocked:1166 com.android.server.InputMethodManagerService.startInputLocked:1128 
V/InputMethodService(  639): onEvaluateInputViewShown: config.hardKeyboardHidden = 2
V/InputMethodService(  639): onEvaluateInputViewShown: config.hardKeyboardHidden = 2
D/dalvikvm(24782): GC_CONCURRENT freed 1644K, 22% free 7304K/9276K, paused 7ms+1ms, total 18ms
D/dalvikvm(24782): WAIT_FOR_CONCURRENT_GC blocked 8ms
D/dalvikvm(24782): WAIT_FOR_CONCURRENT_GC blocked 8ms
D/dalvikvm(24782): WAIT_FOR_CONCURRENT_GC blocked 10ms
D/dalvikvm(24782): WAIT_FOR_CONCURRENT_GC blocked 11ms
V/InputMethodService(  639): onEvaluateInputViewShown: config.hardKeyboardHidden = 2
V/InputMethodService(  639): onEvaluateInputViewShown: config.hardKeyboardHidden = 2
W/ContextImpl(  327): Calling a method in the system process without a qualified user: android.app.ContextImpl.sendBroadcast:1123 com.android.server.InputMethodManagerService.showCurrentInputLocked:1791 com.android.server.InputMethodManagerService.attachNewInputLocked:1095 com.android.server.InputMethodManagerService.startInputUncheckedLocked:1166 com.android.server.InputMethodManagerService.startInputLocked:1128 
I/ActivityManager(  327): START u0 {act=android.intent.action.MAIN cat=[android.intent.category.LAUNCHER] flg=0x10000000 cmp=com.spotify.music/.MainActivity sel={act=android.intent.action.MAIN cat=[android.intent.category.APP_MUSIC]}} from pid 327
W/ContextImpl(  327): Calling a method in the system process without a qualified user: android.app.ContextImpl.sendBroadcast:1123 com.android.server.InputMethodManagerService.hideCurrentInputLocked:1880 com.android.server.InputMethodManagerService.hideSoftInput:1843 com.android.internal.view.IInputMethodManager$Stub.onTransact:194 com.android.server.InputMethodManagerService.onTransact:818 
W/ViewRootImpl(24782): Dropping event due to no window focus: KeyEvent { action=ACTION_DOWN, keyCode=KEYCODE_DPAD_UP, scanCode=0, metaState=0, flags=0x400, repeatCount=0, eventTime=10286874, downTime=10286874, deviceId=-1, source=0x101 }
I/AppCompatDelegate(24782): The Activity's LayoutInflater already has a Factory installed so we can not install AppCompat's
W/ViewRootImpl(24782): Dropping event due to no window focus: KeyEvent { action=ACTION_DOWN, keyCode=KEYCODE_DPAD_UP, scanCode=0, metaState=0, flags=0x400, repeatCount=0, eventTime=10286874, downTime=10286874, deviceId=-1, source=0x101 }
W/ActionBarDrawerToggle(24782): DrawerToggle may not show up because NavigationIcon is not visible. You may need to call actionbar.setDisplayHomeAsUpEnabled(true);
W/EGL_emulation(24782): eglSurfaceAttrib not implemented 3093 12436
I/ActivityManager(  327): START u0 {act=com.spotify.mobile.android.service.action.session.LOGIN cmp=com.spotify.music/com.spotify.mobile.android.service.LoginActivity (has extras)} from pid 24782
W/ActivityManager(  327): Duplicate finish request for ActivityRecord{4a8cee10 u0 com.spotify.music/.MainActivity t142 f}
W/ViewRootImpl(24782): Dropping event due to no window focus: KeyEvent { action=ACTION_DOWN, keyCode=KEYCODE_DPAD_CENTER, scanCode=0, metaState=0, flags=0x8, repeatCount=0, eventTime=10286917, downTime=10286917, deviceId=-1, source=0x101 }
W/ContextImpl(  327): Calling a method in the system process without a qualified user: android.app.ContextImpl.sendBroadcast:1123 com.android.server.InputMethodManagerService.hideCurrentInputLocked:1880 com.android.server.InputMethodManagerService.windowGainedFocus:1968 com.android.internal.view.IInputMethodManager$Stub.onTransact:221 com.android.server.InputMethodManagerService.onTransact:818 
W/ViewRootImpl(24782): Dropping event due to no window focus: KeyEvent { action=ACTION_DOWN, keyCode=KEYCODE_DPAD_CENTER, scanCode=0, metaState=0, flags=0x8, repeatCount=0, eventTime=10286954, downTime=10286954, deviceId=-1, source=0x101 }
W/WindowManager(  327): updateFocusedWindowLocked, focusedAppToken is null.
W/ViewRootImpl(  540): Dropping event due to no window focus: KeyEvent { action=ACTION_DOWN, keyCode=KEYCODE_DPAD_RIGHT, scanCode=0, metaState=0, flags=0x8, repeatCount=0, eventTime=10286968, downTime=10286968, deviceId=-1, source=0x101 }
W/ViewRootImpl(  540): Dropping event due to no window focus: KeyEvent { action=ACTION_DOWN, keyCode=KEYCODE_MEDIA_STOP, scanCode=0, metaState=0, flags=0x8, repeatCount=0, eventTime=10286977, downTime=10286977, deviceId=-1, source=0x101 }
W/InputMethodManagerService(  327): Focus gain on non-focused client com.android.internal.view.IInputMethodClient$Stub$Proxy@4acf0d94 (uid=10066 pid=24782)
W/ViewRootImpl(  540): Dropping event due to no window focus: KeyEvent { action=ACTION_DOWN, keyCode=KEYCODE_DPAD_RIGHT, scanCode=0, metaState=0, flags=0x8, repeatCount=0, eventTime=10286979, downTime=10286979, deviceId=-1, source=0x101 }
W/InputMethodManagerService(  327): Starting input on non-focused client com.android.internal.view.IInputMethodClient$Stub$Proxy@4acf0d94 (uid=10066 pid=24782)
W/ViewRootImpl(  540): Dropping event due to no window focus: KeyEvent { action=ACTION_DOWN, keyCode=KEYCODE_F9, scanCode=0, metaState=0, flags=0x8, repeatCount=0, eventTime=10286986, downTime=10286986, deviceId=-1, source=0x101 }
V/InputMethodService(  639): onEvaluateInputViewShown: config.hardKeyboardHidden = 2
V/InputMethodService(  639): onEvaluateInputViewShown: config.hardKeyboardHidden = 2
W/ContextImpl(  327): Calling a method in the system process without a qualified user: android.app.ContextImpl.sendBroadcast:1123 com.android.server.InputMethodManagerService.showCurrentInputLocked:1791 com.android.server.InputMethodManagerService.showSoftInput:1753 com.android.internal.view.IInputMethodManager$Stub.onTransact:175 com.android.server.InputMethodManagerService.onTransact:818 
W/ContextImpl(  327): Calling a method in the system process without a qualified user: android.app.ContextImpl.sendBroadcast:1123 com.android.server.InputMethodManagerService.hideCurrentInputLocked:1880 com.android.server.InputMethodManagerService.windowGainedFocus:1968 com.android.internal.view.IInputMethodManager$Stub.onTransact:221 com.android.server.InputMethodManagerService.onTransact:818 
W/InputMethodManagerService(  327): Starting input on non-focused client com.android.internal.view.IInputMethodClient$Stub$Proxy@4acf0d94 (uid=10066 pid=24782)
W/InputEventReceiver(  540): Attempted to finish an input event but the input event receiver has already been disposed.
W/InputEventReceiver(  540): Attempted to finish an input event but the input event receiver has already been disposed.
W/InputEventReceiver(  540): Attempted to finish an input event but the input event receiver has already been disposed.
W/InputEventReceiver(  540): Attempted to finish an input event but the input event receiver has already been disposed.
W/InputEventReceiver(  540): Attempted to finish an input event but the input event receiver has already been disposed.
W/ViewRootImpl(  540): Dropping event due to root view being removed: MotionEvent { action=ACTION_UP, id[0]=0, x[0]=176.9759, y[0]=360.1266, toolType[0]=TOOL_TYPE_UNKNOWN, buttonState=0, metaState=0, flags=0x0, edgeFlags=0x0, pointerCount=1, historySize=0, eventTime=10287007, downTime=10287007, deviceId=0, source=0x1002 }
W/ViewRootImpl(  540): Dropping event due to root view being removed: MotionEvent { action=ACTION_DOWN, id[0]=0, x[0]=703.0, y[0]=-589.0, toolType[0]=TOOL_TYPE_UNKNOWN, buttonState=0, metaState=0, flags=0x0, edgeFlags=0x0, pointerCount=1, historySize=0, eventTime=10287010, downTime=10287009, deviceId=0, source=0x1002 }
W/ViewRootImpl(  540): Dropping event due to root view being removed: MotionEvent { action=ACTION_UP, id[0]=0, x[0]=705.9615, y[0]=-593.0, toolType[0]=TOOL_TYPE_UNKNOWN, buttonState=0, metaState=0, flags=0x0, edgeFlags=0x0, pointerCount=1, historySize=0, eventTime=10287010, downTime=10287009, deviceId=0, source=0x1002 }
W/ViewRootImpl(  540): Dropping event due to root view being removed: KeyEvent { action=ACTION_UP, keyCode=KEYCODE_F9, scanCode=0, metaState=0, flags=0x8, repeatCount=0, eventTime=10287004, downTime=10287004, deviceId=-1, source=0x101 }
W/ContextImpl(  327): Calling a method in the system process without a qualified user: android.app.ContextImpl.sendBroadcast:1123 com.android.server.InputMethodManagerService.hideCurrentInputLocked:1880 com.android.server.InputMethodManagerService.windowGainedFocus:1968 com.android.internal.view.IInputMethodManager$Stub.onTransact:221 com.android.server.InputMethodManagerService.onTransact:818 
I/System.out(24782): body:<aqs: aql a(javax.net.ssl.HttpsURLConnection,com.adjust.sdk.ActivityPackage)>	sig:$i0 = virtualinvoke $r0.<javax.net.ssl.HttpsURLConnection: int getResponseCode()>()	timediff:573
I/System.out(24782): body:<aqs: aql a(javax.net.ssl.HttpsURLConnection,com.adjust.sdk.ActivityPackage)>	sig:$r6 = virtualinvoke $r0.<javax.net.ssl.HttpsURLConnection: java.io.InputStream getInputStream()>()	timediff:0
I/System.out(24782): body:<empirical.HelperClass: void printURLInfo(java.lang.String,java.lang.String,java.net.URLConnection)>	sig:$r0 = virtualinvoke urlConnection.<java.net.URLConnection: java.net.URL getURL()>()	timediff:0
I/System.out(24782): body:<empirical.HelperClass: void printURLInfo(java.lang.String,java.lang.String,java.net.URLConnection)>	sig:urlString = virtualinvoke $r0.<java.net.URL: java.lang.String toString()>()	timediff:0
I/System.out(24782): body:<empirical.HelperClass: void printURLInfo(java.lang.String,java.lang.String,java.net.URLConnection)>	sig:isDoOutput = virtualinvoke urlConnection.<java.net.URLConnection: boolean getDoOutput()>()	timediff:0
I/System.out(24782): body:<empirical.HelperClass: java.lang.String getHeaderField(java.net.URLConnection,java.lang.String)>	sig:data = virtualinvoke conn.<java.net.URLConnection: java.lang.String getHeaderField(java.lang.String)>(field)	timediff:0
I/System.out(24782): body:<empirical.HelperClass: java.lang.String getHeaderField(java.net.URLConnection,java.lang.String)>	sig:data = virtualinvoke conn.<java.net.URLConnection: java.lang.String getHeaderField(java.lang.String)>(field)	timediff:0
I/System.out(24782): body:<empirical.HelperClass: java.lang.String getHeaderField(java.net.URLConnection,java.lang.String)>	sig:data = virtualinvoke conn.<java.net.URLConnection: java.lang.String getHeaderField(java.lang.String)>(field)	timediff:0
I/System.out(24782): body:<empirical.HelperClass: java.lang.String getHeaderField(java.net.URLConnection,java.lang.String)>	sig:data = virtualinvoke conn.<java.net.URLConnection: java.lang.String getHeaderField(java.lang.String)>(field)	timediff:0
I/System.out(24782): body:<empirical.HelperClass: java.lang.String getHeaderField(java.net.URLConnection,java.lang.String)>	sig:data = virtualinvoke conn.<java.net.URLConnection: java.lang.String getHeaderField(java.lang.String)>(field)	timediff:0
I/System.out(24782): URLConn;%;17;%;<aqs: aql a(javax.net.ssl.HttpsURLConnection,com.adjust.sdk.ActivityPackage)>;%;$r6 = virtualinvoke $r0.<javax.net.ssl.HttpsURLConnection: java.io.InputStream getInputStream()>();%;https://app.adjust.com/event;%;true;%;70;%;Not found;%;Not found;%;Not found;%;Not found
I/System.out(24782): body:<aqs: aql a(javax.net.ssl.HttpsURLConnection,com.adjust.sdk.ActivityPackage)>	sig:virtualinvoke $r0.<javax.net.ssl.HttpsURLConnection: void disconnect()>()	timediff:0
D/dalvikvm(24782): GC_CONCURRENT freed 1646K, 24% free 7055K/9276K, paused 0ms+1ms, total 7ms
I/System.out(24782): body:<aqs: javax.net.ssl.HttpsURLConnection a(java.lang.String,java.lang.String,java.util.Map,int)>	sig:specialinvoke $r3.<java.net.URL: void <init>(java.lang.String)>($r0)	timediff:0
I/System.out(24782): <aqs: javax.net.ssl.HttpsURLConnection a(java.lang.String,java.lang.String,java.util.Map,int)>###specialinvoke $r3.<java.net.URL: void <init>(java.lang.String)>($r0)###https://app.adjust.com/event
I/System.out(24782): body:<apo: javax.net.ssl.HttpsURLConnection a(java.net.URL)>	sig:$r1 = virtualinvoke $r0.<java.net.URL: java.net.URLConnection openConnection()>()	timediff:0
I/System.out(24782): body:<aqs: javax.net.ssl.HttpsURLConnection a(java.lang.String,java.lang.String,java.util.Map,int)>	sig:virtualinvoke $r5.<javax.net.ssl.HttpsURLConnection: void setRequestProperty(java.lang.String,java.lang.String)>("Client-SDK", $r1)	timediff:1
I/System.out(24782): body:<aqs: javax.net.ssl.HttpsURLConnection a(java.lang.String,java.lang.String,java.util.Map,int)>	sig:virtualinvoke $r5.<javax.net.ssl.HttpsURLConnection: void setConnectTimeout(int)>(60000)	timediff:0
I/System.out(24782): body:<aqs: javax.net.ssl.HttpsURLConnection a(java.lang.String,java.lang.String,java.util.Map,int)>	sig:virtualinvoke $r5.<javax.net.ssl.HttpsURLConnection: void setReadTimeout(int)>(60000)	timediff:0
I/System.out(24782): body:<aqs: javax.net.ssl.HttpsURLConnection a(java.lang.String,java.lang.String,java.util.Map,int)>	sig:virtualinvoke $r5.<javax.net.ssl.HttpsURLConnection: void setRequestMethod(java.lang.String)>("POST")	timediff:0
I/System.out(24782): body:<aqs: javax.net.ssl.HttpsURLConnection a(java.lang.String,java.lang.String,java.util.Map,int)>	sig:virtualinvoke $r5.<javax.net.ssl.HttpsURLConnection: void setUseCaches(boolean)>(0)	timediff:0
I/System.out(24782): body:<aqs: javax.net.ssl.HttpsURLConnection a(java.lang.String,java.lang.String,java.util.Map,int)>	sig:virtualinvoke $r5.<javax.net.ssl.HttpsURLConnection: void setDoInput(boolean)>(1)	timediff:0
I/System.out(24782): body:<aqs: javax.net.ssl.HttpsURLConnection a(java.lang.String,java.lang.String,java.util.Map,int)>	sig:virtualinvoke $r5.<javax.net.ssl.HttpsURLConnection: void setDoOutput(boolean)>(1)	timediff:0
I/System.out(24782): body:<aqs: javax.net.ssl.HttpsURLConnection a(java.lang.String,java.lang.String,java.util.Map,int)>	sig:$r7 = virtualinvoke $r5.<javax.net.ssl.HttpsURLConnection: java.io.OutputStream getOutputStream()>()	timediff:29
I/System.out(24782): body:<aqs: java.lang.String a(java.util.Map,int)>	sig:$r6 = staticinvoke <java.net.URLEncoder: java.lang.String encode(java.lang.String,java.lang.String)>($r6, "UTF-8")	timediff:0
I/System.out(24782): body:<aqs: java.lang.String a(java.util.Map,int)>	sig:$r7 = staticinvoke <java.net.URLEncoder: java.lang.String encode(java.lang.String,java.lang.String)>($r7, "UTF-8")	timediff:0
I/System.out(24782): body:<aqs: java.lang.String a(java.util.Map,int)>	sig:$r6 = staticinvoke <java.net.URLEncoder: java.lang.String encode(java.lang.String,java.lang.String)>($r6, "UTF-8")	timediff:0
I/System.out(24782): body:<aqs: java.lang.String a(java.util.Map,int)>	sig:$r7 = staticinvoke <java.net.URLEncoder: java.lang.String encode(java.lang.String,java.lang.String)>($r7, "UTF-8")	timediff:0
I/System.out(24782): body:<aqs: java.lang.String a(java.util.Map,int)>	sig:$r6 = staticinvoke <java.net.URLEncoder: java.lang.String encode(java.lang.String,java.lang.String)>($r6, "UTF-8")	timediff:0
I/System.out(24782): body:<aqs: java.lang.String a(java.util.Map,int)>	sig:$r7 = staticinvoke <java.net.URLEncoder: java.lang.String encode(java.lang.String,java.lang.String)>($r7, "UTF-8")	timediff:0
I/System.out(24782): body:<aqs: java.lang.String a(java.util.Map,int)>	sig:$r6 = staticinvoke <java.net.URLEncoder: java.lang.String encode(java.lang.String,java.lang.String)>($r6, "UTF-8")	timediff:0
I/System.out(24782): body:<aqs: java.lang.String a(java.util.Map,int)>	sig:$r7 = staticinvoke <java.net.URLEncoder: java.lang.String encode(java.lang.String,java.lang.String)>($r7, "UTF-8")	timediff:0
I/System.out(24782): body:<aqs: java.lang.String a(java.util.Map,int)>	sig:$r6 = staticinvoke <java.net.URLEncoder: java.lang.String encode(java.lang.String,java.lang.String)>($r6, "UTF-8")	timediff:0
I/System.out(24782): body:<aqs: java.lang.String a(java.util.Map,int)>	sig:$r7 = staticinvoke <java.net.URLEncoder: java.lang.String encode(java.lang.String,java.lang.String)>($r7, "UTF-8")	timediff:0
I/System.out(24782): body:<aqs: java.lang.String a(java.util.Map,int)>	sig:$r6 = staticinvoke <java.net.URLEncoder: java.lang.String encode(java.lang.String,java.lang.String)>($r6, "UTF-8")	timediff:0
I/System.out(24782): body:<aqs: java.lang.String a(java.util.Map,int)>	sig:$r7 = staticinvoke <java.net.URLEncoder: java.lang.String encode(java.lang.String,java.lang.String)>($r7, "UTF-8")	timediff:0
I/System.out(24782): body:<aqs: java.lang.String a(java.util.Map,int)>	sig:$r6 = staticinvoke <java.net.URLEncoder: java.lang.String encode(java.lang.String,java.lang.String)>($r6, "UTF-8")	timediff:0
I/System.out(24782): body:<aqs: java.lang.String a(java.util.Map,int)>	sig:$r7 = staticinvoke <java.net.URLEncoder: java.lang.String encode(java.lang.String,java.lang.String)>($r7, "UTF-8")	timediff:0
I/System.out(24782): body:<aqs: java.lang.String a(java.util.Map,int)>	sig:$r6 = staticinvoke <java.net.URLEncoder: java.lang.String encode(java.lang.String,java.lang.String)>($r6, "UTF-8")	timediff:0
I/System.out(24782): body:<aqs: java.lang.String a(java.util.Map,int)>	sig:$r7 = staticinvoke <java.net.URLEncoder: java.lang.String encode(java.lang.String,java.lang.String)>($r7, "UTF-8")	timediff:0
I/System.out(24782): body:<aqs: java.lang.String a(java.util.Map,int)>	sig:$r6 = staticinvoke <java.net.URLEncoder: java.lang.String encode(java.lang.String,java.lang.String)>($r6, "UTF-8")	timediff:0
I/System.out(24782): body:<aqs: java.lang.String a(java.util.Map,int)>	sig:$r7 = staticinvoke <java.net.URLEncoder: java.lang.String encode(java.lang.String,java.lang.String)>($r7, "UTF-8")	timediff:0
I/System.out(24782): body:<aqs: java.lang.String a(java.util.Map,int)>	sig:$r6 = staticinvoke <java.net.URLEncoder: java.lang.String encode(java.lang.String,java.lang.String)>($r6, "UTF-8")	timediff:0
I/System.out(24782): body:<aqs: java.lang.String a(java.util.Map,int)>	sig:$r7 = staticinvoke <java.net.URLEncoder: java.lang.String encode(java.lang.String,java.lang.String)>($r7, "UTF-8")	timediff:0
I/System.out(24782): body:<aqs: java.lang.String a(java.util.Map,int)>	sig:$r6 = staticinvoke <java.net.URLEncoder: java.lang.String encode(java.lang.String,java.lang.String)>($r6, "UTF-8")	timediff:0
I/System.out(24782): body:<aqs: java.lang.String a(java.util.Map,int)>	sig:$r7 = staticinvoke <java.net.URLEncoder: java.lang.String encode(java.lang.String,java.lang.String)>($r7, "UTF-8")	timediff:1
I/System.out(24782): body:<aqs: java.lang.String a(java.util.Map,int)>	sig:$r6 = staticinvoke <java.net.URLEncoder: java.lang.String encode(java.lang.String,java.lang.String)>($r6, "UTF-8")	timediff:0
I/System.out(24782): body:<aqs: java.lang.String a(java.util.Map,int)>	sig:$r7 = staticinvoke <java.net.URLEncoder: java.lang.String encode(java.lang.String,java.lang.String)>($r7, "UTF-8")	timediff:0
I/System.out(24782): body:<aqs: java.lang.String a(java.util.Map,int)>	sig:$r6 = staticinvoke <java.net.URLEncoder: java.lang.String encode(java.lang.String,java.lang.String)>($r6, "UTF-8")	timediff:0
I/System.out(24782): body:<aqs: java.lang.String a(java.util.Map,int)>	sig:$r7 = staticinvoke <java.net.URLEncoder: java.lang.String encode(java.lang.String,java.lang.String)>($r7, "UTF-8")	timediff:0
I/System.out(24782): body:<aqs: java.lang.String a(java.util.Map,int)>	sig:$r6 = staticinvoke <java.net.URLEncoder: java.lang.String encode(java.lang.String,java.lang.String)>($r6, "UTF-8")	timediff:0
I/System.out(24782): body:<aqs: java.lang.String a(java.util.Map,int)>	sig:$r7 = staticinvoke <java.net.URLEncoder: java.lang.String encode(java.lang.String,java.lang.String)>($r7, "UTF-8")	timediff:0
I/System.out(24782): body:<aqs: java.lang.String a(java.util.Map,int)>	sig:$r6 = staticinvoke <java.net.URLEncoder: java.lang.String encode(java.lang.String,java.lang.String)>($r6, "UTF-8")	timediff:0
I/System.out(24782): body:<aqs: java.lang.String a(java.util.Map,int)>	sig:$r7 = staticinvoke <java.net.URLEncoder: java.lang.String encode(java.lang.String,java.lang.String)>($r7, "UTF-8")	timediff:0
I/System.out(24782): body:<aqs: java.lang.String a(java.util.Map,int)>	sig:$r6 = staticinvoke <java.net.URLEncoder: java.lang.String encode(java.lang.String,java.lang.String)>($r6, "UTF-8")	timediff:0
I/System.out(24782): body:<aqs: java.lang.String a(java.util.Map,int)>	sig:$r7 = staticinvoke <java.net.URLEncoder: java.lang.String encode(java.lang.String,java.lang.String)>($r7, "UTF-8")	timediff:0
I/System.out(24782): body:<aqs: java.lang.String a(java.util.Map,int)>	sig:$r6 = staticinvoke <java.net.URLEncoder: java.lang.String encode(java.lang.String,java.lang.String)>($r6, "UTF-8")	timediff:0
I/System.out(24782): body:<aqs: java.lang.String a(java.util.Map,int)>	sig:$r7 = staticinvoke <java.net.URLEncoder: java.lang.String encode(java.lang.String,java.lang.String)>($r7, "UTF-8")	timediff:0
I/System.out(24782): body:<aqs: java.lang.String a(java.util.Map,int)>	sig:$r6 = staticinvoke <java.net.URLEncoder: java.lang.String encode(java.lang.String,java.lang.String)>($r6, "UTF-8")	timediff:0
I/System.out(24782): body:<aqs: java.lang.String a(java.util.Map,int)>	sig:$r7 = staticinvoke <java.net.URLEncoder: java.lang.String encode(java.lang.String,java.lang.String)>($r7, "UTF-8")	timediff:0
I/System.out(24782): body:<aqs: java.lang.String a(java.util.Map,int)>	sig:$r6 = staticinvoke <java.net.URLEncoder: java.lang.String encode(java.lang.String,java.lang.String)>($r6, "UTF-8")	timediff:0
I/System.out(24782): body:<aqs: java.lang.String a(java.util.Map,int)>	sig:$r7 = staticinvoke <java.net.URLEncoder: java.lang.String encode(java.lang.String,java.lang.String)>($r7, "UTF-8")	timediff:0
I/System.out(24782): body:<aqs: java.lang.String a(java.util.Map,int)>	sig:$r6 = staticinvoke <java.net.URLEncoder: java.lang.String encode(java.lang.String,java.lang.String)>($r6, "UTF-8")	timediff:0
I/System.out(24782): body:<aqs: java.lang.String a(java.util.Map,int)>	sig:$r7 = staticinvoke <java.net.URLEncoder: java.lang.String encode(java.lang.String,java.lang.String)>($r7, "UTF-8")	timediff:0
I/System.out(24782): body:<aqs: java.lang.String a(java.util.Map,int)>	sig:$r6 = staticinvoke <java.net.URLEncoder: java.lang.String encode(java.lang.String,java.lang.String)>($r6, "UTF-8")	timediff:0
I/System.out(24782): body:<aqs: java.lang.String a(java.util.Map,int)>	sig:$r7 = staticinvoke <java.net.URLEncoder: java.lang.String encode(java.lang.String,java.lang.String)>($r7, "UTF-8")	timediff:0
I/System.out(24782): body:<aqs: java.lang.String a(java.util.Map,int)>	sig:$r6 = staticinvoke <java.net.URLEncoder: java.lang.String encode(java.lang.String,java.lang.String)>($r6, "UTF-8")	timediff:0
I/System.out(24782): body:<aqs: java.lang.String a(java.util.Map,int)>	sig:$r7 = staticinvoke <java.net.URLEncoder: java.lang.String encode(java.lang.String,java.lang.String)>($r7, "UTF-8")	timediff:0
I/System.out(24782): body:<aqs: java.lang.String a(java.util.Map,int)>	sig:$r6 = staticinvoke <java.net.URLEncoder: java.lang.String encode(java.lang.String,java.lang.String)>($r6, "UTF-8")	timediff:0
I/System.out(24782): body:<aqs: java.lang.String a(java.util.Map,int)>	sig:$r7 = staticinvoke <java.net.URLEncoder: java.lang.String encode(java.lang.String,java.lang.String)>($r7, "UTF-8")	timediff:0
I/System.out(24782): body:<aqs: java.lang.String a(java.util.Map,int)>	sig:$r6 = staticinvoke <java.net.URLEncoder: java.lang.String encode(java.lang.String,java.lang.String)>($r6, "UTF-8")	timediff:0
I/System.out(24782): body:<aqs: java.lang.String a(java.util.Map,int)>	sig:$r7 = staticinvoke <java.net.URLEncoder: java.lang.String encode(java.lang.String,java.lang.String)>($r7, "UTF-8")	timediff:0
I/System.out(24782): body:<aqs: java.lang.String a(java.util.Map,int)>	sig:$r6 = staticinvoke <java.net.URLEncoder: java.lang.String encode(java.lang.String,java.lang.String)>($r6, "UTF-8")	timediff:0
I/System.out(24782): body:<aqs: java.lang.String a(java.util.Map,int)>	sig:$r7 = staticinvoke <java.net.URLEncoder: java.lang.String encode(java.lang.String,java.lang.String)>($r7, "UTF-8")	timediff:0
I/System.out(24782): body:<aqs: java.lang.String a(java.util.Map,int)>	sig:$r6 = staticinvoke <java.net.URLEncoder: java.lang.String encode(java.lang.String,java.lang.String)>($r6, "UTF-8")	timediff:0
I/System.out(24782): body:<aqs: java.lang.String a(java.util.Map,int)>	sig:$r7 = staticinvoke <java.net.URLEncoder: java.lang.String encode(java.lang.String,java.lang.String)>($r7, "UTF-8")	timediff:0
I/System.out(24782): body:<aqs: java.lang.String a(java.util.Map,int)>	sig:$r6 = staticinvoke <java.net.URLEncoder: java.lang.String encode(java.lang.String,java.lang.String)>($r6, "UTF-8")	timediff:0
I/System.out(24782): body:<aqs: java.lang.String a(java.util.Map,int)>	sig:$r7 = staticinvoke <java.net.URLEncoder: java.lang.String encode(java.lang.String,java.lang.String)>($r7, "UTF-8")	timediff:0
I/System.out(24782): body:<aqs: java.lang.String a(java.util.Map,int)>	sig:$r6 = staticinvoke <java.net.URLEncoder: java.lang.String encode(java.lang.String,java.lang.String)>($r6, "UTF-8")	timediff:0
I/System.out(24782): body:<aqs: java.lang.String a(java.util.Map,int)>	sig:$r7 = staticinvoke <java.net.URLEncoder: java.lang.String encode(java.lang.String,java.lang.String)>($r7, "UTF-8")	timediff:0
I/System.out(24782): body:<aqs: java.lang.String a(java.util.Map,int)>	sig:$r6 = staticinvoke <java.net.URLEncoder: java.lang.String encode(java.lang.String,java.lang.String)>($r6, "UTF-8")	timediff:0
I/System.out(24782): body:<aqs: java.lang.String a(java.util.Map,int)>	sig:$r7 = staticinvoke <java.net.URLEncoder: java.lang.String encode(java.lang.String,java.lang.String)>($r7, "UTF-8")	timediff:0
I/System.out(24782): body:<aqs: java.lang.String a(java.util.Map,int)>	sig:$r6 = staticinvoke <java.net.URLEncoder: java.lang.String encode(java.lang.String,java.lang.String)>($r6, "UTF-8")	timediff:0
I/System.out(24782): body:<aqs: java.lang.String a(java.util.Map,int)>	sig:$r7 = staticinvoke <java.net.URLEncoder: java.lang.String encode(java.lang.String,java.lang.String)>($r7, "UTF-8")	timediff:0
I/System.out(24782): body:<aqs: java.lang.String a(java.util.Map,int)>	sig:$r6 = staticinvoke <java.net.URLEncoder: java.lang.String encode(java.lang.String,java.lang.String)>($r6, "UTF-8")	timediff:0
I/System.out(24782): body:<aqs: java.lang.String a(java.util.Map,int)>	sig:$r7 = staticinvoke <java.net.URLEncoder: java.lang.String encode(java.lang.String,java.lang.String)>($r7, "UTF-8")	timediff:0
I/System.out(24782): body:<aqs: java.lang.String a(java.util.Map,int)>	sig:$r6 = staticinvoke <java.net.URLEncoder: java.lang.String encode(java.lang.String,java.lang.String)>($r6, "UTF-8")	timediff:0
I/System.out(24782): body:<aqs: java.lang.String a(java.util.Map,int)>	sig:$r7 = staticinvoke <java.net.URLEncoder: java.lang.String encode(java.lang.String,java.lang.String)>($r7, "UTF-8")	timediff:0
I/System.out(24782): body:<aqs: java.lang.String a(java.util.Map,int)>	sig:$r6 = staticinvoke <java.net.URLEncoder: java.lang.String encode(java.lang.String,java.lang.String)>($r6, "UTF-8")	timediff:0
I/System.out(24782): body:<aqs: java.lang.String a(java.util.Map,int)>	sig:$r7 = staticinvoke <java.net.URLEncoder: java.lang.String encode(java.lang.String,java.lang.String)>($r7, "UTF-8")	timediff:0
I/System.out(24782): body:<aqs: java.lang.String a(java.util.Map,int)>	sig:$r6 = staticinvoke <java.net.URLEncoder: java.lang.String encode(java.lang.String,java.lang.String)>("sent_at", "UTF-8")	timediff:0
I/System.out(24782): body:<aqs: java.lang.String a(java.util.Map,int)>	sig:$r7 = staticinvoke <java.net.URLEncoder: java.lang.String encode(java.lang.String,java.lang.String)>($r7, "UTF-8")	timediff:0
I/System.out(24782): body:<aqs: java.lang.String a(java.util.Map,int)>	sig:$r7 = staticinvoke <java.net.URLEncoder: java.lang.String encode(java.lang.String,java.lang.String)>("queue_size", "UTF-8")	timediff:0
I/System.out(24782): body:<aqs: java.lang.String a(java.util.Map,int)>	sig:$r7 = staticinvoke <java.net.URLEncoder: java.lang.String encode(java.lang.String,java.lang.String)>($r7, "UTF-8")	timediff:0
I/System.out(24782): body:<aqs: aql a(javax.net.ssl.HttpsURLConnection,com.adjust.sdk.ActivityPackage)>	sig:virtualinvoke $r0.<javax.net.ssl.HttpsURLConnection: void connect()>()	timediff:0
I/ActivityManager(  327): START u0 {act=android.intent.action.CALL_BUTTON flg=0x10000000} from pid 24782
W/PhoneFallbackEventHandler(24782): No activity found for android.intent.action.CALL_BUTTON.
W/IInputConnectionWrapper(24782): getCursorCapsMode on inactive InputConnection
W/IInputConnectionWrapper(24782): getCursorCapsMode on inactive InputConnection
I/chromium(24782): [INFO:CONSOLE(0)] "Unrecognized Content-Security-Policy directive 'frame-ancestors'.
I/chromium(24782): ", source:  (0)
W/ContextImpl(  327): Calling a method in the system process without a qualified user: android.app.ContextImpl.sendBroadcast:1123 com.android.server.InputMethodManagerService.showCurrentInputLocked:1791 com.android.server.InputMethodManagerService.showSoftInput:1753 com.android.internal.view.IInputMethodManager$Stub.onTransact:175 com.android.server.InputMethodManagerService.onTransact:818 
V/InputMethodService(  639): onEvaluateInputViewShown: config.hardKeyboardHidden = 2
V/InputMethodService(  639): onEvaluateInputViewShown: config.hardKeyboardHidden = 2
V/InputMethodService(  639): onEvaluateInputViewShown: config.hardKeyboardHidden = 2
V/InputMethodService(  639): onEvaluateInputViewShown: config.hardKeyboardHidden = 2
I/ActivityManager(  327): START u0 {act=android.intent.action.MAIN cat=[android.intent.category.LAUNCHER] flg=0x10200000 cmp=com.spotify.music/.MainActivity} from pid 24772
W/ContextImpl(  327): Calling a method in the system process without a qualified user: android.app.ContextImpl.sendBroadcast:1123 com.android.server.InputMethodManagerService.showCurrentInputLocked:1791 com.android.server.InputMethodManagerService.showSoftInput:1753 com.android.internal.view.IInputMethodManager$Stub.onTransact:175 com.android.server.InputMethodManagerService.onTransact:818 
W/ContextImpl(  327): Calling a method in the system process without a qualified user: android.app.ContextImpl.sendBroadcast:1123 com.android.server.InputMethodManagerService.hideCurrentInputLocked:1880 com.android.server.InputMethodManagerService.hideSoftInput:1843 com.android.internal.view.IInputMethodManager$Stub.onTransact:194 com.android.server.InputMethodManagerService.onTransact:818 
W/InputManager(  327): Input event injection from pid 24772 failed.
I/AppCompatDelegate(24782): The Activity's LayoutInflater already has a Factory installed so we can not install AppCompat's
W/InputManager(  327): Input event injection from pid 24772 failed.
W/ActionBarDrawerToggle(24782): DrawerToggle may not show up because NavigationIcon is not visible. You may need to call actionbar.setDisplayHomeAsUpEnabled(true);
W/EGL_emulation(24782): eglSurfaceAttrib not implemented 3093 12436
W/ViewRootImpl(24782): Dropping event due to no window focus: KeyEvent { action=ACTION_DOWN, keyCode=KEYCODE_NUMPAD_0, scanCode=0, metaState=0, flags=0x8, repeatCount=0, eventTime=10287315, downTime=10287315, deviceId=-1, source=0x101 }
I/ActivityManager(  327): START u0 {act=com.spotify.mobile.android.service.action.session.LOGIN cmp=com.spotify.music/com.spotify.mobile.android.service.LoginActivity (has extras)} from pid 24782
W/ActivityManager(  327): Duplicate finish request for ActivityRecord{4a97fd78 u0 com.spotify.music/.MainActivity t142 f}
W/ViewRootImpl(24782): Dropping event due to no window focus: KeyEvent { action=ACTION_DOWN, keyCode=KEYCODE_INSERT, scanCode=0, metaState=0, flags=0x8, repeatCount=0, eventTime=10287315, downTime=10287315, deviceId=-1, source=0x101 }
W/ContextImpl(  327): Calling a method in the system process without a qualified user: android.app.ContextImpl.sendBroadcast:1123 com.android.server.InputMethodManagerService.hideCurrentInputLocked:1880 com.android.server.InputMethodManagerService.windowGainedFocus:1968 com.android.internal.view.IInputMethodManager$Stub.onTransact:221 com.android.server.InputMethodManagerService.onTransact:818 
W/ViewRootImpl(24782): Dropping event due to no window focus: KeyEvent { action=ACTION_DOWN, keyCode=KEYCODE_MENU, scanCode=0, metaState=0, flags=0x8, repeatCount=0, eventTime=10287384, downTime=10287384, deviceId=-1, source=0x101 }
W/ContextImpl(  327): Calling a method in the system process without a qualified user: android.app.ContextImpl.sendBroadcast:1123 com.android.server.InputMethodManagerService.showCurrentInputLocked:1791 com.android.server.InputMethodManagerService.windowGainedFocus:1985 com.android.internal.view.IInputMethodManager$Stub.onTransact:221 com.android.server.InputMethodManagerService.onTransact:818 
V/InputMethodService(  639): onEvaluateInputViewShown: config.hardKeyboardHidden = 2
V/InputMethodService(  639): onEvaluateInputViewShown: config.hardKeyboardHidden = 2
I/System.out(24782): body:<aqs: aql a(javax.net.ssl.HttpsURLConnection,com.adjust.sdk.ActivityPackage)>	sig:$i0 = virtualinvoke $r0.<javax.net.ssl.HttpsURLConnection: int getResponseCode()>()	timediff:292
I/System.out(24782): body:<aqs: aql a(javax.net.ssl.HttpsURLConnection,com.adjust.sdk.ActivityPackage)>	sig:$r6 = virtualinvoke $r0.<javax.net.ssl.HttpsURLConnection: java.io.InputStream getInputStream()>()	timediff:0
I/System.out(24782): body:<empirical.HelperClass: void printURLInfo(java.lang.String,java.lang.String,java.net.URLConnection)>	sig:$r0 = virtualinvoke urlConnection.<java.net.URLConnection: java.net.URL getURL()>()	timediff:0
I/System.out(24782): body:<empirical.HelperClass: void printURLInfo(java.lang.String,java.lang.String,java.net.URLConnection)>	sig:urlString = virtualinvoke $r0.<java.net.URL: java.lang.String toString()>()	timediff:0
I/System.out(24782): body:<empirical.HelperClass: void printURLInfo(java.lang.String,java.lang.String,java.net.URLConnection)>	sig:isDoOutput = virtualinvoke urlConnection.<java.net.URLConnection: boolean getDoOutput()>()	timediff:0
I/System.out(24782): body:<empirical.HelperClass: java.lang.String getHeaderField(java.net.URLConnection,java.lang.String)>	sig:data = virtualinvoke conn.<java.net.URLConnection: java.lang.String getHeaderField(java.lang.String)>(field)	timediff:0
I/System.out(24782): body:<empirical.HelperClass: java.lang.String getHeaderField(java.net.URLConnection,java.lang.String)>	sig:data = virtualinvoke conn.<java.net.URLConnection: java.lang.String getHeaderField(java.lang.String)>(field)	timediff:0
I/System.out(24782): body:<empirical.HelperClass: java.lang.String getHeaderField(java.net.URLConnection,java.lang.String)>	sig:data = virtualinvoke conn.<java.net.URLConnection: java.lang.String getHeaderField(java.lang.String)>(field)	timediff:0
I/System.out(24782): body:<empirical.HelperClass: java.lang.String getHeaderField(java.net.URLConnection,java.lang.String)>	sig:data = virtualinvoke conn.<java.net.URLConnection: java.lang.String getHeaderField(java.lang.String)>(field)	timediff:0
I/System.out(24782): body:<empirical.HelperClass: java.lang.String getHeaderField(java.net.URLConnection,java.lang.String)>	sig:data = virtualinvoke conn.<java.net.URLConnection: java.lang.String getHeaderField(java.lang.String)>(field)	timediff:0
I/System.out(24782): URLConn;%;18;%;<aqs: aql a(javax.net.ssl.HttpsURLConnection,com.adjust.sdk.ActivityPackage)>;%;$r6 = virtualinvoke $r0.<javax.net.ssl.HttpsURLConnection: java.io.InputStream getInputStream()>();%;https://app.adjust.com/event;%;true;%;70;%;Not found;%;Not found;%;Not found;%;Not found
I/System.out(24782): body:<aqs: aql a(javax.net.ssl.HttpsURLConnection,com.adjust.sdk.ActivityPackage)>	sig:virtualinvoke $r0.<javax.net.ssl.HttpsURLConnection: void disconnect()>()	timediff:0
I/System.out(24782): body:<aqs: javax.net.ssl.HttpsURLConnection a(java.lang.String,java.lang.String,java.util.Map,int)>	sig:specialinvoke $r3.<java.net.URL: void <init>(java.lang.String)>($r0)	timediff:0
I/System.out(24782): <aqs: javax.net.ssl.HttpsURLConnection a(java.lang.String,java.lang.String,java.util.Map,int)>###specialinvoke $r3.<java.net.URL: void <init>(java.lang.String)>($r0)###https://app.adjust.com/event
I/System.out(24782): body:<apo: javax.net.ssl.HttpsURLConnection a(java.net.URL)>	sig:$r1 = virtualinvoke $r0.<java.net.URL: java.net.URLConnection openConnection()>()	timediff:0
I/System.out(24782): body:<aqs: javax.net.ssl.HttpsURLConnection a(java.lang.String,java.lang.String,java.util.Map,int)>	sig:virtualinvoke $r5.<javax.net.ssl.HttpsURLConnection: void setRequestProperty(java.lang.String,java.lang.String)>("Client-SDK", $r1)	timediff:0
I/System.out(24782): body:<aqs: javax.net.ssl.HttpsURLConnection a(java.lang.String,java.lang.String,java.util.Map,int)>	sig:virtualinvoke $r5.<javax.net.ssl.HttpsURLConnection: void setConnectTimeout(int)>(60000)	timediff:0
I/System.out(24782): body:<aqs: javax.net.ssl.HttpsURLConnection a(java.lang.String,java.lang.String,java.util.Map,int)>	sig:virtualinvoke $r5.<javax.net.ssl.HttpsURLConnection: void setReadTimeout(int)>(60000)	timediff:0
I/System.out(24782): body:<aqs: javax.net.ssl.HttpsURLConnection a(java.lang.String,java.lang.String,java.util.Map,int)>	sig:virtualinvoke $r5.<javax.net.ssl.HttpsURLConnection: void setRequestMethod(java.lang.String)>("POST")	timediff:0
I/System.out(24782): body:<aqs: javax.net.ssl.HttpsURLConnection a(java.lang.String,java.lang.String,java.util.Map,int)>	sig:virtualinvoke $r5.<javax.net.ssl.HttpsURLConnection: void setUseCaches(boolean)>(0)	timediff:0
I/System.out(24782): body:<aqs: javax.net.ssl.HttpsURLConnection a(java.lang.String,java.lang.String,java.util.Map,int)>	sig:virtualinvoke $r5.<javax.net.ssl.HttpsURLConnection: void setDoInput(boolean)>(1)	timediff:0
I/System.out(24782): body:<aqs: javax.net.ssl.HttpsURLConnection a(java.lang.String,java.lang.String,java.util.Map,int)>	sig:virtualinvoke $r5.<javax.net.ssl.HttpsURLCo