D/libEGL  (24782): loaded /system/lib/egl/libGLESv1_CM_adreno.so
D/libEGL  (24782): loaded /system/lib/egl/libGLESv2_adreno.so
W/EGL_emulation(24782): eglSurfaceAttrib not implemented 3093 12436
D/OpenGLRenderer(24782): Enabling debug mode 0
D/BluetoothAdapter(24782): 1250288084: getState() :  mService = null. Returning STATE_OFF
W/ViewRootImpl(24782): Dropping event due to no window focus: KeyEvent { action=ACTION_DOWN, keyCode=KEYCODE_DPAD_CENTER, scanCode=0, metaState=0, flags=0x8, repeatCount=0, eventTime=10278363, downTime=10278363, deviceId=-1, source=0x101 }
W/DebugConnManager(24782): getNetworkInfo() on networkType 1
W/DebugConnManager(24782): getNetworkInfo() on networkType 1
W/ContextImpl(  327): Calling a method in the system process without a qualified user: android.app.ContextImpl.sendBroadcast:1123 com.android.server.InputMethodManagerService.hideCurrentInputLocked:1880 com.android.server.InputMethodManagerService.windowGainedFocus:1968 com.android.internal.view.IInputMethodManager$Stub.onTransact:221 com.android.server.InputMethodManagerService.onTransact:818 
I/ActivityManager(  327): Displayed com.spotify.music/.MainActivity: +2s182ms
I/System.out(24782): body:<aqs: javax.net.ssl.HttpsURLConnection a(java.lang.String,java.lang.String,java.util.Map,int)>	sig:specialinvoke $r3.<java.net.URL: void <init>(java.lang.String)>($r0)	timediff:0
I/System.out(24782): <aqs: javax.net.ssl.HttpsURLConnection a(java.lang.String,java.lang.String,java.util.Map,int)>###specialinvoke $r3.<java.net.URL: void <init>(java.lang.String)>($r0)###https://app.adjust.com/session
I/System.out(24782): body:<apo: javax.net.ssl.HttpsURLConnection a(java.net.URL)>	sig:$r1 = virtualinvoke $r0.<java.net.URL: java.net.URLConnection openConnection()>()	timediff:1
I/System.out(24782): body:<aqs: javax.net.ssl.HttpsURLConnection a(java.lang.String,java.lang.String,java.util.Map,int)>	sig:virtualinvoke $r5.<javax.net.ssl.HttpsURLConnection: void setRequestProperty(java.lang.String,java.lang.String)>("Client-SDK", $r1)	timediff:0
I/System.out(24782): body:<aqs: javax.net.ssl.HttpsURLConnection a(java.lang.String,java.lang.String,java.util.Map,int)>	sig:virtualinvoke $r5.<javax.net.ssl.HttpsURLConnection: void setConnectTimeout(int)>(60000)	timediff:0
I/System.out(24782): body:<aqs: javax.net.ssl.HttpsURLConnection a(java.lang.String,java.lang.String,java.util.Map,int)>	sig:virtualinvoke $r5.<javax.net.ssl.HttpsURLConnection: void setReadTimeout(int)>(60000)	timediff:0
I/System.out(24782): body:<aqs: javax.net.ssl.HttpsURLConnection a(java.lang.String,java.lang.String,java.util.Map,int)>	sig:virtualinvoke $r5.<javax.net.ssl.HttpsURLConnection: void setRequestMethod(java.lang.String)>("POST")	timediff:0
I/System.out(24782): body:<aqs: javax.net.ssl.HttpsURLConnection a(java.lang.String,java.lang.String,java.util.Map,int)>	sig:virtualinvoke $r5.<javax.net.ssl.HttpsURLConnection: void setUseCaches(boolean)>(0)	timediff:0
I/System.out(24782): body:<aqs: javax.net.ssl.HttpsURLConnection a(java.lang.String,java.lang.String,java.util.Map,int)>	sig:virtualinvoke $r5.<javax.net.ssl.HttpsURLConnection: void setDoInput(boolean)>(1)	timediff:0
I/System.out(24782): body:<aqs: javax.net.ssl.HttpsURLConnection a(java.lang.String,java.lang.String,java.util.Map,int)>	sig:virtualinvoke $r5.<javax.net.ssl.HttpsURLConnection: void setDoOutput(boolean)>(1)	timediff:0
I/ActivityManager(  327): START u0 {act=com.spotify.mobile.android.service.action.session.LOGIN cmp=com.spotify.music/com.spotify.mobile.android.service.LoginActivity (has extras)} from pid 24782
W/NetworkManagementSocketTagger(  327): setKernelCountSet(10007, 0) failed with errno -13
D/dalvikvm(24782): GC_CONCURRENT freed 645K, 13% free 4979K/5688K, paused 2ms+1ms, total 14ms
E/SurfaceFlinger(  173): glCheckFramebufferStatusOES error 36054
E/SurfaceFlinger(  173): got GL_FRAMEBUFFER_COMPLETE_OES error while taking screenshot
D/SurfaceFlinger(  173): setOrientation, mFbdev=0xb8ea9df0, mFbDev->setOrientation=0xb69acce0, orientation=3
I/gralloc_nox(  173): setOrientation: orientation=3
D/Tinker.DefaultAppLike(  675): onConfigurationChanged:{1.0 310mcc260mnc en_US ldltr sw480dp w480dp h828dp 240dpi lrg long port finger -keyb/v/h dpad/v s.36}
I/ActivityManager(  327): Config changes=480 {1.0 310mcc260mnc en_US ldltr sw480dp w480dp h828dp 240dpi lrg long port finger -keyb/v/h dpad/v s.36}
D/Sensors (  327): Client connection accepted (180)
I/InputReader(  327): Reconfiguring input devices.  changes=0x00000004
I/InputReader(  327): Device reconfigured: id=1, name='seamless mouse', size 1280x720, orientation 3, mode 1, display id 0
I/InputReader(  327): Device reconfigured: id=3, name='Android Input', size 1280x720, orientation 3, mode 1, display id 0
I/InputReader(  327): Reconfiguring input devices.  changes=0x00000004
I/InputReader(  327): Device reconfigured: id=8, name='VirtualBox USB Tablet', size 1280x720, orientation 3, mode 1, display id 0
I/AppCompatDelegate(24782): The Activity's LayoutInflater already has a Factory installed so we can not install AppCompat's
W/ViewRootImpl(24782): Dropping event due to no window focus: KeyEvent { action=ACTION_DOWN, keyCode=KEYCODE_DPAD_RIGHT, scanCode=0, metaState=0, flags=0x400, repeatCount=0, eventTime=10280603, downTime=10280603, deviceId=-1, source=0x101 }
W/ViewRootImpl(24782): Dropping event due to no window focus: KeyEvent { action=ACTION_DOWN, keyCode=KEYCODE_DPAD_RIGHT, scanCode=0, metaState=0, flags=0x400, repeatCount=0, eventTime=10280603, downTime=10280603, deviceId=-1, source=0x101 }
W/ViewRootImpl(24782): Dropping event due to no window focus: KeyEvent { action=ACTION_DOWN, keyCode=KEYCODE_DPAD_RIGHT, scanCode=0, metaState=0, flags=0x400, repeatCount=0, eventTime=10280603, downTime=10280603, deviceId=-1, source=0x101 }
D/PhoneStatusBar(  540): mSettingsPanelGravity = 55
I/System.out(24782): body:<aqs: javax.net.ssl.HttpsURLConnection a(java.lang.String,java.lang.String,java.util.Map,int)>	sig:$r7 = virtualinvoke $r5.<javax.net.ssl.HttpsURLConnection: java.io.OutputStream getOutputStream()>()	timediff:64
I/System.out(24782): body:<aqs: java.lang.String a(java.util.Map,int)>	sig:$r6 = staticinvoke <java.net.URLEncoder: java.lang.String encode(java.lang.String,java.lang.String)>($r6, "UTF-8")	timediff:0
I/System.out(24782): body:<aqs: java.lang.String a(java.util.Map,int)>	sig:$r7 = staticinvoke <java.net.URLEncoder: java.lang.String encode(java.lang.String,java.lang.String)>($r7, "UTF-8")	timediff:0
I/System.out(24782): body:<aqs: java.lang.String a(java.util.Map,int)>	sig:$r6 = staticinvoke <java.net.URLEncoder: java.lang.String encode(java.lang.String,java.lang.String)>($r6, "UTF-8")	timediff:0
I/System.out(24782): body:<aqs: java.lang.String a(java.util.Map,int)>	sig:$r7 = staticinvoke <java.net.URLEncoder: java.lang.String encode(java.lang.String,java.lang.String)>($r7, "UTF-8")	timediff:0
I/System.out(24782): body:<aqs: java.lang.String a(java.util.Map,int)>	sig:$r6 = staticinvoke <java.net.URLEncoder: java.lang.String encode(java.lang.String,java.lang.String)>($r6, "UTF-8")	timediff:0
I/System.out(24782): body:<aqs: java.lang.String a(java.util.Map,int)>	sig:$r7 = staticinvoke <java.net.URLEncoder: java.lang.String encode(java.lang.String,java.lang.String)>($r7, "UTF-8")	timediff:0
I/System.out(24782): body:<aqs: java.lang.String a(java.util.Map,int)>	sig:$r6 = staticinvoke <java.net.URLEncoder: java.lang.String encode(java.lang.String,java.lang.String)>($r6, "UTF-8")	timediff:0
I/System.out(24782): body:<aqs: java.lang.String a(java.util.Map,int)>	sig:$r7 = staticinvoke <java.net.URLEncoder: java.lang.String encode(java.lang.String,java.lang.String)>($r7, "UTF-8")	timediff:0
I/System.out(24782): body:<aqs: java.lang.String a(java.util.Map,int)>	sig:$r6 = staticinvoke <java.net.URLEncoder: java.lang.String encode(java.lang.String,java.lang.String)>($r6, "UTF-8")	timediff:0
I/System.out(24782): body:<aqs: java.lang.String a(java.util.Map,int)>	sig:$r7 = staticinvoke <java.net.URLEncoder: java.lang.String encode(java.lang.String,java.lang.String)>($r7, "UTF-8")	timediff:0
I/System.out(24782): body:<aqs: java.lang.String a(java.util.Map,int)>	sig:$r6 = staticinvoke <java.net.URLEncoder: java.lang.String encode(java.lang.String,java.lang.String)>($r6, "UTF-8")	timediff:0
I/System.out(24782): body:<aqs: java.lang.String a(java.util.Map,int)>	sig:$r7 = staticinvoke <java.net.URLEncoder: java.lang.String encode(java.lang.String,java.lang.String)>($r7, "UTF-8")	timediff:0
I/System.out(24782): body:<aqs: java.lang.String a(java.util.Map,int)>	sig:$r6 = staticinvoke <java.net.URLEncoder: java.lang.String encode(java.lang.String,java.lang.String)>($r6, "UTF-8")	timediff:0
I/System.out(24782): body:<aqs: java.lang.String a(java.util.Map,int)>	sig:$r7 = staticinvoke <java.net.URLEncoder: java.lang.String encode(java.lang.String,java.lang.String)>($r7, "UTF-8")	timediff:0
I/System.out(24782): body:<aqs: java.lang.String a(java.util.Map,int)>	sig:$r6 = staticinvoke <java.net.URLEncoder: java.lang.String encode(java.lang.String,java.lang.String)>($r6, "UTF-8")	timediff:0
I/System.out(24782): body:<aqs: java.lang.String a(java.util.Map,int)>	sig:$r7 = staticinvoke <java.net.URLEncoder: java.lang.String encode(java.lang.String,java.lang.String)>($r7, "UTF-8")	timediff:0
I/System.out(24782): body:<aqs: java.lang.String a(java.util.Map,int)>	sig:$r6 = staticinvoke <java.net.URLEncoder: java.lang.String encode(java.lang.String,java.lang.String)>($r6, "UTF-8")	timediff:0
I/System.out(24782): body:<aqs: java.lang.String a(java.util.Map,int)>	sig:$r7 = staticinvoke <java.net.URLEncoder: java.lang.String encode(java.lang.String,java.lang.String)>($r7, "UTF-8")	timediff:0
I/System.out(24782): body:<aqs: java.lang.String a(java.util.Map,int)>	sig:$r6 = staticinvoke <java.net.URLEncoder: java.lang.String encode(java.lang.String,java.lang.String)>($r6, "UTF-8")	timediff:0
I/System.out(24782): body:<aqs: java.lang.String a(java.util.Map,int)>	sig:$r7 = staticinvoke <java.net.URLEncoder: java.lang.String encode(java.lang.String,java.lang.String)>($r7, "UTF-8")	timediff:0
I/System.out(24782): body:<aqs: java.lang.String a(java.util.Map,int)>	sig:$r6 = staticinvoke <java.net.URLEncoder: java.lang.String encode(java.lang.String,java.lang.String)>($r6, "UTF-8")	timediff:0
I/System.out(24782): body:<aqs: java.lang.String a(java.util.Map,int)>	sig:$r7 = staticinvoke <java.net.URLEncoder: java.lang.String encode(java.lang.String,java.lang.String)>($r7, "UTF-8")	timediff:0
I/System.out(24782): body:<aqs: java.lang.String a(java.util.Map,int)>	sig:$r6 = staticinvoke <java.net.URLEncoder: java.lang.String encode(java.lang.String,java.lang.String)>($r6, "UTF-8")	timediff:0
I/System.out(24782): body:<aqs: java.lang.String a(java.util.Map,int)>	sig:$r7 = staticinvoke <java.net.URLEncoder: java.lang.String encode(java.lang.String,java.lang.String)>($r7, "UTF-8")	timediff:0
I/System.out(24782): body:<aqs: java.lang.String a(java.util.Map,int)>	sig:$r6 = staticinvoke <java.net.URLEncoder: java.lang.String encode(java.lang.String,java.lang.String)>($r6, "UTF-8")	timediff:0
I/System.out(24782): body:<aqs: java.lang.String a(java.util.Map,int)>	sig:$r7 = staticinvoke <java.net.URLEncoder: java.lang.String encode(java.lang.String,java.lang.String)>($r7, "UTF-8")	timediff:0
I/System.out(24782): body:<aqs: java.lang.String a(java.util.Map,int)>	sig:$r6 = staticinvoke <java.net.URLEncoder: java.lang.String encode(java.lang.String,java.lang.String)>($r6, "UTF-8")	timediff:0
I/System.out(24782): body:<aqs: java.lang.String a(java.util.Map,int)>	sig:$r7 = staticinvoke <java.net.URLEncoder: java.lang.String encode(java.lang.String,java.lang.String)>($r7, "UTF-8")	timediff:0
I/System.out(24782): body:<aqs: java.lang.String a(java.util.Map,int)>	sig:$r6 = staticinvoke <java.net.URLEncoder: java.lang.String encode(java.lang.String,java.lang.String)>($r6, "UTF-8")	timediff:0
I/System.out(24782): body:<aqs: java.lang.String a(java.util.Map,int)>	sig:$r7 = staticinvoke <java.net.URLEncoder: java.lang.String encode(java.lang.String,java.lang.String)>($r7, "UTF-8")	timediff:0
I/System.out(24782): body:<aqs: java.lang.String a(java.util.Map,int)>	sig:$r6 = staticinvoke <java.net.URLEncoder: java.lang.String encode(java.lang.String,java.lang.String)>($r6, "UTF-8")	timediff:0
I/System.out(24782): body:<aqs: java.lang.String a(java.util.Map,int)>	sig:$r7 = staticinvoke <java.net.URLEncoder: java.lang.String encode(java.lang.String,java.lang.String)>($r7, "UTF-8")	timediff:0
I/System.out(24782): body:<aqs: java.lang.String a(java.util.Map,int)>	sig:$r6 = staticinvoke <java.net.URLEncoder: java.lang.String encode(java.lang.String,java.lang.String)>($r6, "UTF-8")	timediff:0
I/System.out(24782): body:<aqs: java.lang.String a(java.util.Map,int)>	sig:$r7 = staticinvoke <java.net.URLEncoder: java.lang.String encode(java.lang.String,java.lang.String)>($r7, "UTF-8")	timediff:0
I/System.out(24782): body:<aqs: java.lang.String a(java.util.Map,int)>	sig:$r6 = staticinvoke <java.net.URLEncoder: java.lang.String encode(java.lang.String,java.lang.String)>($r6, "UTF-8")	timediff:0
I/System.out(24782): body:<aqs: java.lang.String a(java.util.Map,int)>	sig:$r7 = staticinvoke <java.net.URLEncoder: java.lang.String encode(java.lang.String,java.lang.String)>($r7, "UTF-8")	timediff:0
I/System.out(24782): body:<aqs: java.lang.String a(java.util.Map,int)>	sig:$r6 = staticinvoke <java.net.URLEncoder: java.lang.String encode(java.lang.String,java.lang.String)>($r6, "UTF-8")	timediff:0
I/System.out(24782): body:<aqs: java.lang.String a(java.util.Map,int)>	sig:$r7 = staticinvoke <java.net.URLEncoder: java.lang.String encode(java.lang.String,java.lang.String)>($r7, "UTF-8")	timediff:0
I/System.out(24782): body:<aqs: java.lang.String a(java.util.Map,int)>	sig:$r6 = staticinvoke <java.net.URLEncoder: java.lang.String encode(java.lang.String,java.lang.String)>($r6, "UTF-8")	timediff:0
I/System.out(24782): body:<aqs: java.lang.String a(java.util.Map,int)>	sig:$r7 = staticinvoke <java.net.URLEncoder: java.lang.String encode(java.lang.String,java.lang.String)>($r7, "UTF-8")	timediff:0
I/System.out(24782): body:<aqs: java.lang.String a(java.util.Map,int)>	sig:$r6 = staticinvoke <java.net.URLEncoder: java.lang.String encode(java.lang.String,java.lang.String)>($r6, "UTF-8")	timediff:0
I/System.out(24782): body:<aqs: java.lang.String a(java.util.Map,int)>	sig:$r7 = staticinvoke <java.net.URLEncoder: java.lang.String encode(java.lang.String,java.lang.String)>($r7, "UTF-8")	timediff:0
I/System.out(24782): body:<aqs: java.lang.String a(java.util.Map,int)>	sig:$r6 = staticinvoke <java.net.URLEncoder: java.lang.String encode(java.lang.String,java.lang.String)>($r6, "UTF-8")	timediff:0
I/System.out(24782): body:<aqs: java.lang.String a(java.util.Map,int)>	sig:$r7 = staticinvoke <java.net.URLEncoder: java.lang.String encode(java.lang.String,java.lang.String)>($r7, "UTF-8")	timediff:0
I/System.out(24782): body:<aqs: java.lang.String a(java.util.Map,int)>	sig:$r6 = staticinvoke <java.net.URLEncoder: java.lang.String encode(java.lang.String,java.lang.String)>($r6, "UTF-8")	timediff:0
I/System.out(24782): body:<aqs: java.lang.String a(java.util.Map,int)>	sig:$r7 = staticinvoke <java.net.URLEncoder: java.lang.String encode(java.lang.String,java.lang.String)>($r7, "UTF-8")	timediff:0
I/System.out(24782): body:<aqs: java.lang.String a(java.util.Map,int)>	sig:$r6 = staticinvoke <java.net.URLEncoder: java.lang.String encode(java.lang.String,java.lang.String)>($r6, "UTF-8")	timediff:0
I/System.out(24782): body:<aqs: java.lang.String a(java.util.Map,int)>	sig:$r7 = staticinvoke <java.net.URLEncoder: java.lang.String encode(java.lang.String,java.lang.String)>($r7, "UTF-8")	timediff:0
I/System.out(24782): body:<aqs: java.lang.String a(java.util.Map,int)>	sig:$r6 = staticinvoke <java.net.URLEncoder: java.lang.String encode(java.lang.String,java.lang.String)>($r6, "UTF-8")	timediff:0
I/System.out(24782): body:<aqs: java.lang.String a(java.util.Map,int)>	sig:$r7 = staticinvoke <java.net.URLEncoder: java.lang.String encode(java.lang.String,java.lang.String)>($r7, "UTF-8")	timediff:0
I/System.out(24782): body:<aqs: java.lang.String a(java.util.Map,int)>	sig:$r6 = staticinvoke <java.net.URLEncoder: java.lang.String encode(java.lang.String,java.lang.String)>($r6, "UTF-8")	timediff:0
I/System.out(24782): body:<aqs: java.lang.String a(java.util.Map,int)>	sig:$r7 = staticinvoke <java.net.URLEncoder: java.lang.String encode(java.lang.String,java.lang.String)>($r7, "UTF-8")	timediff:0
I/System.out(24782): body:<aqs: java.lang.String a(java.util.Map,int)>	sig:$r6 = staticinvoke <java.net.URLEncoder: java.lang.String encode(java.lang.String,java.lang.String)>($r6, "UTF-8")	timediff:0
I/System.out(24782): body:<aqs: java.lang.String a(java.util.Map,int)>	sig:$r7 = staticinvoke <java.net.URLEncoder: java.lang.String encode(java.lang.String,java.lang.String)>($r7, "UTF-8")	timediff:0
I/System.out(24782): body:<aqs: java.lang.String a(java.util.Map,int)>	sig:$r6 = staticinvoke <java.net.URLEncoder: java.lang.String encode(java.lang.String,java.lang.String)>("sent_at", "UTF-8")	timediff:0
I/System.out(24782): body:<aqs: java.lang.String a(java.util.Map,int)>	sig:$r7 = staticinvoke <java.net.URLEncoder: java.lang.String encode(java.lang.String,java.lang.String)>($r7, "UTF-8")	timediff:0
W/dalvikvm(24782): Unable to resolve superclass of Lhz$3; (466)
W/dalvikvm(24782): Link of class 'Lhz$3;' failed
E/dalvikvm(24782): Could not find class 'hz$3', referenced from method gz.a
W/dalvikvm(24782): VFY: unable to resolve new-instance 8572 (Lhz$3;) in Lgz;
D/dalvikvm(24782): VFY: replacing opcode 0x22 at 0x018a
I/System.out(24782): body:<aqs: aql a(javax.net.ssl.HttpsURLConnection,com.adjust.sdk.ActivityPackage)>	sig:virtualinvoke $r0.<javax.net.ssl.HttpsURLConnection: void connect()>()	timediff:0
I/dalvikvm(24782): Could not find method android.view.View.getTransitionName, referenced from method gz.b
W/dalvikvm(24782): VFY: unable to resolve virtual method 2261: Landroid/view/View;.getTransitionName ()Ljava/lang/String;
D/dalvikvm(24782): VFY: replacing opcode 0x6e at 0x0014
I/dalvikvm(24782): Could not find method android.view.View.getTransitionName, referenced from method gz.a
W/dalvikvm(24782): VFY: unable to resolve virtual method 2261: Landroid/view/View;.getTransitionName ()Ljava/lang/String;
D/dalvikvm(24782): VFY: replacing opcode 0x6e at 0x0021
W/dalvikvm(24782): Unable to resolve superclass of Lhz$3; (466)
W/dalvikvm(24782): Link of class 'Lhz$3;' failed
D/dalvikvm(24782): DexOpt: unable to opt direct call 0x84be at 0x18c in Lgz;.a
D/dalvikvm(24782): GC_CONCURRENT freed 562K, 12% free 5037K/5688K, paused 2ms+1ms, total 9ms
W/EGL_emulation(  540): eglSurfaceAttrib not implemented 3093 12436
W/EGL_emulation(24782): eglSurfaceAttrib not implemented 3093 12436
W/ContextImpl(  327): Calling a method in the system process without a qualified user: android.app.ContextImpl.sendBroadcast:1123 com.android.server.InputMethodManagerService.hideCurrentInputLocked:1880 com.android.server.InputMethodManagerService.windowGainedFocus:1968 com.android.internal.view.IInputMethodManager$Stub.onTransact:221 com.android.server.InputMethodManagerService.onTransact:818 
I/ActivityManager(  327): Displayed com.spotify.music/com.spotify.mobile.android.service.LoginActivity: +158ms
I/WindowManager(  327): Screen frozen for +157ms due to Window{4ab18c78 u0 com.spotify.music/com.spotify.mobile.android.service.LoginActivity}
D/dalvikvm(24782): GC_CONCURRENT freed 711K, 14% free 5079K/5852K, paused 1ms+2ms, total 9ms
D/dalvikvm(24782): WAIT_FOR_CONCURRENT_GC blocked 3ms
I/WearableService(  650): Wearable Services stopping
V/PanelView(  540): animationTick called with dtms=0; nothing to do (h=0.0 v=0.0)
V/PanelView(  540): animationTick called with dtms=-4; nothing to do (h=0.0 v=0.0)
D/dalvikvm(24782): GC_FOR_ALLOC freed 142K, 13% free 5144K/5908K, paused 3ms, total 4ms
I/dalvikvm-heap(24782): Grow heap (frag case) to 5.689MB for 635808-byte allocation
D/dalvikvm(24782): GC_FOR_ALLOC freed 83K, 14% free 5682K/6532K, paused 8ms, total 8ms
D/dalvikvm(  327): GC_EXPLICIT freed 4159K, 50% free 15196K/29800K, paused 0ms+1ms, total 35ms
W/ViewRootImpl(24782): Dropping event due to no window focus: KeyEvent { action=ACTION_DOWN, keyCode=KEYCODE_DPAD_UP, scanCode=0, metaState=0, flags=0x8, repeatCount=0, eventTime=10280871, downTime=10280871, deviceId=-1, source=0x101 }
I/System.out(24782): body:<aqs: aql a(javax.net.ssl.HttpsURLConnection,com.adjust.sdk.ActivityPackage)>	sig:$i0 = virtualinvoke $r0.<javax.net.ssl.HttpsURLConnection: int getResponseCode()>()	timediff:300
I/System.out(24782): body:<aqs: aql a(javax.net.ssl.HttpsURLConnection,com.adjust.sdk.ActivityPackage)>	sig:$r6 = virtualinvoke $r0.<javax.net.ssl.HttpsURLConnection: java.io.InputStream getInputStream()>()	timediff:0
I/System.out(24782): body:<empirical.HelperClass: void printURLInfo(java.lang.String,java.lang.String,java.net.URLConnection)>	sig:$r0 = virtualinvoke urlConnection.<java.net.URLConnection: java.net.URL getURL()>()	timediff:0
I/System.out(24782): body:<empirical.HelperClass: void printURLInfo(java.lang.String,java.lang.String,java.net.URLConnection)>	sig:urlString = virtualinvoke $r0.<java.net.URL: java.lang.String toString()>()	timediff:0
I/System.out(24782): body:<empirical.HelperClass: void printURLInfo(java.lang.String,java.lang.String,java.net.URLConnection)>	sig:isDoOutput = virtualinvoke urlConnection.<java.net.URLConnection: boolean getDoOutput()>()	timediff:0
I/System.out(24782): body:<empirical.HelperClass: java.lang.String getHeaderField(java.net.URLConnection,java.lang.String)>	sig:data = virtualinvoke conn.<java.net.URLConnection: java.lang.String getHeaderField(java.lang.String)>(field)	timediff:0
I/System.out(24782): body:<empirical.HelperClass: java.lang.String getHeaderField(java.net.URLConnection,java.lang.String)>	sig:data = virtualinvoke conn.<java.net.URLConnection: java.lang.String getHeaderField(java.lang.String)>(field)	timediff:0
I/System.out(24782): body:<empirical.HelperClass: java.lang.String getHeaderField(java.net.URLConnection,java.lang.String)>	sig:data = virtualinvoke conn.<java.net.URLConnection: java.lang.String getHeaderField(java.lang.String)>(field)	timediff:0
I/System.out(24782): body:<empirical.HelperClass: java.lang.String getHeaderField(java.net.URLConnection,java.lang.String)>	sig:data = virtualinvoke conn.<java.net.URLConnection: java.lang.String getHeaderField(java.lang.String)>(field)	timediff:0
I/System.out(24782): body:<empirical.HelperClass: java.lang.String getHeaderField(java.net.URLConnection,java.lang.String)>	sig:data = virtualinvoke conn.<java.net.URLConnection: java.lang.String getHeaderField(java.lang.String)>(field)	timediff:0
I/System.out(24782): URLConn;%;1;%;<aqs: aql a(javax.net.ssl.HttpsURLConnection,com.adjust.sdk.ActivityPackage)>;%;$r6 = virtualinvoke $r0.<javax.net.ssl.HttpsURLConnection: java.io.InputStream getInputStream()>();%;https://app.adjust.com/session;%;true;%;84;%;Not found;%;Not found;%;Not found;%;Not found
I/System.out(24782): body:<aqs: aql a(javax.net.ssl.HttpsURLConnection,com.adjust.sdk.ActivityPackage)>	sig:virtualinvoke $r0.<javax.net.ssl.HttpsURLConnection: void disconnect()>()	timediff:0
W/ViewRootImpl(24782): Dropping event due to no window focus: KeyEvent { action=ACTION_DOWN, keyCode=KEYCODE_MENU, scanCode=0, metaState=0, flags=0x8, repeatCount=0, eventTime=10280904, downTime=10280904, deviceId=-1, source=0x101 }
I/System.out(24782): body:<aqs: javax.net.ssl.HttpsURLConnection a(java.lang.String,java.lang.String,java.util.Map,int)>	sig:specialinvoke $r3.<java.net.URL: void <init>(java.lang.String)>($r0)	timediff:0
I/System.out(24782): <aqs: javax.net.ssl.HttpsURLConnection a(java.lang.String,java.lang.String,java.util.Map,int)>###specialinvoke $r3.<java.net.URL: void <init>(java.lang.String)>($r0)###https://app.adjust.com/event
I/System.out(24782): body:<apo: javax.net.ssl.HttpsURLConnection a(java.net.URL)>	sig:$r1 = virtualinvoke $r0.<java.net.URL: java.net.URLConnection openConnection()>()	timediff:0
I/System.out(24782): body:<aqs: javax.net.ssl.HttpsURLConnection a(java.lang.String,java.lang.String,java.util.Map,int)>	sig:virtualinvoke $r5.<javax.net.ssl.HttpsURLConnection: void setRequestProperty(java.lang.String,java.lang.String)>("Client-SDK", $r1)	timediff:0
I/System.out(24782): body:<aqs: javax.net.ssl.HttpsURLConnection a(java.lang.String,java.lang.String,java.util.Map,int)>	sig:virtualinvoke $r5.<javax.net.ssl.HttpsURLConnection: void setConnectTimeout(int)>(60000)	timediff:0
I/System.out(24782): body:<aqs: javax.net.ssl.HttpsURLConnection a(java.lang.String,java.lang.String,java.util.Map,int)>	sig:virtualinvoke $r5.<javax.net.ssl.HttpsURLConnection: void setReadTimeout(int)>(60000)	timediff:0
I/System.out(24782): body:<aqs: javax.net.ssl.HttpsURLConnection a(java.lang.String,java.lang.String,java.util.Map,int)>	sig:virtualinvoke $r5.<javax.net.ssl.HttpsURLConnection: void setRequestMethod(java.lang.String)>("POST")	timediff:0
I/System.out(24782): body:<aqs: javax.net.ssl.HttpsURLConnection a(java.lang.String,java.lang.String,java.util.Map,int)>	sig:virtualinvoke $r5.<javax.net.ssl.HttpsURLConnection: void setUseCaches(boolean)>(0)	timediff:0
I/System.out(24782): body:<aqs: javax.net.ssl.HttpsURLConnection a(java.lang.String,java.lang.String,java.util.Map,int)>	sig:virtualinvoke $r5.<javax.net.ssl.HttpsURLConnection: void setDoInput(boolean)>(1)	timediff:0
I/System.out(24782): body:<aqs: javax.net.ssl.HttpsURLConnection a(java.lang.String,java.lang.String,java.util.Map,int)>	sig:virtualinvoke $r5.<javax.net.ssl.HttpsURLConnection: void setDoOutput(boolean)>(1)	timediff:0
W/EGL_emulation(24782): eglSurfaceAttrib not implemented 3093 12436
D/dalvikvm(24782): GC_CONCURRENT freed 633K, 11% free 5961K/6668K, paused 1ms+1ms, total 10ms
W/EGL_emulation(24782): eglSurfaceAttrib not implemented 3093 12436
I/System.out(24782): body:<aqs: javax.net.ssl.HttpsURLConnection a(java.lang.String,java.lang.String,java.util.Map,int)>	sig:$r7 = virtualinvoke $r5.<javax.net.ssl.HttpsURLConnection: java.io.OutputStream getOutputStream()>()	timediff:37
I/System.out(24782): body:<aqs: java.lang.String a(java.util.Map,int)>	sig:$r6 = staticinvoke <java.net.URLEncoder: java.lang.String encode(java.lang.String,java.lang.String)>($r6, "UTF-8")	timediff:0
I/System.out(24782): body:<aqs: java.lang.String a(java.util.Map,int)>	sig:$r7 = staticinvoke <java.net.URLEncoder: java.lang.String encode(java.lang.String,java.lang.String)>($r7, "UTF-8")	timediff:0
I/System.out(24782): body:<aqs: java.lang.String a(java.util.Map,int)>	sig:$r6 = staticinvoke <java.net.URLEncoder: java.lang.String encode(java.lang.String,java.lang.String)>($r6, "UTF-8")	timediff:0
I/System.out(24782): body:<aqs: java.lang.String a(java.util.Map,int)>	sig:$r7 = staticinvoke <java.net.URLEncoder: java.lang.String encode(java.lang.String,java.lang.String)>($r7, "UTF-8")	timediff:0
I/System.out(24782): body:<aqs: java.lang.String a(java.util.Map,int)>	sig:$r6 = staticinvoke <java.net.URLEncoder: java.lang.String encode(java.lang.String,java.lang.String)>($r6, "UTF-8")	timediff:0
I/System.out(24782): body:<aqs: java.lang.String a(java.util.Map,int)>	sig:$r7 = staticinvoke <java.net.URLEncoder: java.lang.String encode(java.lang.String,java.lang.String)>($r7, "UTF-8")	timediff:0
I/System.out(24782): body:<aqs: java.lang.String a(java.util.Map,int)>	sig:$r6 = staticinvoke <java.net.URLEncoder: java.lang.String encode(java.lang.String,java.lang.String)>($r6, "UTF-8")	timediff:0
I/System.out(24782): body:<aqs: java.lang.String a(java.util.Map,int)>	sig:$r7 = staticinvoke <java.net.URLEncoder: java.lang.String encode(java.lang.String,java.lang.String)>($r7, "UTF-8")	timediff:0
I/System.out(24782): body:<aqs: java.lang.String a(java.util.Map,int)>	sig:$r6 = staticinvoke <java.net.URLEncoder: java.lang.String encode(java.lang.String,java.lang.String)>($r6, "UTF-8")	timediff:0
I/System.out(24782): body:<aqs: java.lang.String a(java.util.Map,int)>	sig:$r7 = staticinvoke <java.net.URLEncoder: java.lang.String encode(java.lang.String,java.lang.String)>($r7, "UTF-8")	timediff:0
I/System.out(24782): body:<aqs: java.lang.String a(java.util.Map,int)>	sig:$r6 = staticinvoke <java.net.URLEncoder: java.lang.String encode(java.lang.String,java.lang.String)>($r6, "UTF-8")	timediff:0
I/System.out(24782): body:<aqs: java.lang.String a(java.util.Map,int)>	sig:$r7 = staticinvoke <java.net.URLEncoder: java.lang.String encode(java.lang.String,java.lang.String)>($r7, "UTF-8")	timediff:0
I/System.out(24782): body:<aqs: java.lang.String a(java.util.Map,int)>	sig:$r6 = staticinvoke <java.net.URLEncoder: java.lang.String encode(java.lang.String,java.lang.String)>($r6, "UTF-8")	timediff:0
I/System.out(24782): body:<aqs: java.lang.String a(java.util.Map,int)>	sig:$r7 = staticinvoke <java.net.URLEncoder: java.lang.String encode(java.lang.String,java.lang.String)>($r7, "UTF-8")	timediff:0
I/System.out(24782): body:<aqs: java.lang.String a(java.util.Map,int)>	sig:$r6 = staticinvoke <java.net.URLEncoder: java.lang.String encode(java.lang.String,java.lang.String)>($r6, "UTF-8")	timediff:0
I/System.out(24782): body:<aqs: java.lang.String a(java.util.Map,int)>	sig:$r7 = staticinvoke <java.net.URLEncoder: java.lang.String encode(java.lang.String,java.lang.String)>($r7, "UTF-8")	timediff:0
I/System.out(24782): body:<aqs: java.lang.String a(java.util.Map,int)>	sig:$r6 = staticinvoke <java.net.URLEncoder: java.lang.String encode(java.lang.String,java.lang.String)>($r6, "UTF-8")	timediff:0
I/System.out(24782): body:<aqs: java.lang.String a(java.util.Map,int)>	sig:$r7 = staticinvoke <java.net.URLEncoder: java.lang.String encode(java.lang.String,java.lang.String)>($r7, "UTF-8")	timediff:0
I/System.out(24782): body:<aqs: java.lang.String a(java.util.Map,int)>	sig:$r6 = staticinvoke <java.net.URLEncoder: java.lang.String encode(java.lang.String,java.lang.String)>($r6, "UTF-8")	timediff:0
I/System.out(24782): body:<aqs: java.lang.String a(java.util.Map,int)>	sig:$r7 = staticinvoke <java.net.URLEncoder: java.lang.String encode(java.lang.String,java.lang.String)>($r7, "UTF-8")	timediff:0
I/System.out(24782): body:<aqs: java.lang.String a(java.util.Map,int)>	sig:$r6 = staticinvoke <java.net.URLEncoder: java.lang.String encode(java.lang.String,java.lang.String)>($r6, "UTF-8")	timediff:0
I/System.out(24782): body:<aqs: java.lang.String a(java.util.Map,int)>	sig:$r7 = staticinvoke <java.net.URLEncoder: java.lang.String encode(java.lang.String,java.lang.String)>($r7, "UTF-8")	timediff:0
I/System.out(24782): body:<aqs: java.lang.String a(java.util.Map,int)>	sig:$r6 = staticinvoke <java.net.URLEncoder: java.lang.String encode(java.lang.String,java.lang.String)>($r6, "UTF-8")	timediff:0
I/System.out(24782): body:<aqs: java.lang.String a(java.util.Map,int)>	sig:$r7 = staticinvoke <java.net.URLEncoder: java.lang.String encode(java.lang.String,java.lang.String)>($r7, "UTF-8")	timediff:0
I/System.out(24782): body:<aqs: java.lang.String a(java.util.Map,int)>	sig:$r6 = staticinvoke <java.net.URLEncoder: java.lang.String encode(java.lang.String,java.lang.String)>($r6, "UTF-8")	timediff:0
I/System.out(24782): body:<aqs: java.lang.String a(java.util.Map,int)>	sig:$r7 = staticinvoke <java.net.URLEncoder: java.lang.String encode(java.lang.String,java.lang.String)>($r7, "UTF-8")	timediff:0
I/System.out(24782): body:<aqs: java.lang.String a(java.util.Map,int)>	sig:$r6 = staticinvoke <java.net.URLEncoder: java.lang.String encode(java.lang.String,java.lang.String)>($r6, "UTF-8")	timediff:0
I/System.out(24782): body:<aqs: java.lang.String a(java.util.Map,int)>	sig:$r7 = staticinvoke <java.net.URLEncoder: java.lang.String encode(java.lang.String,java.lang.String)>($r7, "UTF-8")	timediff:0
I/System.out(24782): body:<aqs: java.lang.String a(java.util.Map,int)>	sig:$r6 = staticinvoke <java.net.URLEncoder: java.lang.String encode(java.lang.String,java.lang.String)>($r6, "UTF-8")	timediff:0
I/System.out(24782): body:<aqs: java.lang.String a(java.util.Map,int)>	sig:$r7 = staticinvoke <java.net.URLEncoder: java.lang.String encode(java.lang.String,java.lang.String)>($r7, "UTF-8")	timediff:0
I/System.out(24782): body:<aqs: java.lang.String a(java.util.Map,int)>	sig:$r6 = staticinvoke <java.net.URLEncoder: java.lang.String encode(java.lang.String,java.lang.String)>($r6, "UTF-8")	timediff:0
I/System.out(24782): body:<aqs: java.lang.String a(java.util.Map,int)>	sig:$r7 = staticinvoke <java.net.URLEncoder: java.lang.String encode(java.lang.String,java.lang.String)>($r7, "UTF-8")	timediff:0
I/System.out(24782): body:<aqs: java.lang.String a(java.util.Map,int)>	sig:$r6 = staticinvoke <java.net.URLEncoder: java.lang.String encode(java.lang.String,java.lang.String)>($r6, "UTF-8")	timediff:0
I/System.out(24782): body:<aqs: java.lang.String a(java.util.Map,int)>	sig:$r7 = staticinvoke <java.net.URLEncoder: java.lang.String encode(java.lang.String,java.lang.String)>($r7, "UTF-8")	timediff:0
I/System.out(24782): body:<aqs: java.lang.String a(java.util.Map,int)>	sig:$r6 = staticinvoke <java.net.URLEncoder: java.lang.String encode(java.lang.String,java.lang.String)>($r6, "UTF-8")	timediff:0
I/System.out(24782): body:<aqs: java.lang.String a(java.util.Map,int)>	sig:$r7 = staticinvoke <java.net.URLEncoder: java.lang.String encode(java.lang.String,java.lang.String)>($r7, "UTF-8")	timediff:0
I/System.out(24782): body:<aqs: java.lang.String a(java.util.Map,int)>	sig:$r6 = staticinvoke <java.net.URLEncoder: java.lang.String encode(java.lang.String,java.lang.String)>($r6, "UTF-8")	timediff:0
I/System.out(24782): body:<aqs: java.lang.String a(java.util.Map,int)>	sig:$r7 = staticinvoke <java.net.URLEncoder: java.lang.String encode(java.lang.String,java.lang.String)>($r7, "UTF-8")	timediff:0
I/System.out(24782): body:<aqs: java.lang.String a(java.util.Map,int)>	sig:$r6 = staticinvoke <java.net.URLEncoder: java.lang.String encode(java.lang.String,java.lang.String)>($r6, "UTF-8")	timediff:0
I/System.out(24782): body:<aqs: java.lang.String a(java.util.Map,int)>	sig:$r7 = staticinvoke <java.net.URLEncoder: java.lang.String encode(java.lang.String,java.lang.String)>($r7, "UTF-8")	timediff:0
I/System.out(24782): body:<aqs: java.lang.String a(java.util.Map,int)>	sig:$r6 = staticinvoke <java.net.URLEncoder: java.lang.String encode(java.lang.String,java.lang.String)>($r6, "UTF-8")	timediff:0
I/System.out(24782): body:<aqs: java.lang.String a(java.util.Map,int)>	sig:$r7 = staticinvoke <java.net.URLEncoder: java.lang.String encode(java.lang.String,java.lang.String)>($r7, "UTF-8")	timediff:0
I/System.out(24782): body:<aqs: java.lang.String a(java.util.Map,int)>	sig:$r6 = staticinvoke <java.net.URLEncoder: java.lang.String encode(java.lang.String,java.lang.String)>($r6, "UTF-8")	timediff:0
I/System.out(24782): body:<aqs: java.lang.String a(java.util.Map,int)>	sig:$r7 = staticinvoke <java.net.URLEncoder: java.lang.String encode(java.lang.String,java.lang.String)>($r7, "UTF-8")	timediff:0
I/System.out(24782): body:<aqs: java.lang.String a(java.util.Map,int)>	sig:$r6 = staticinvoke <java.net.URLEncoder: java.lang.String encode(java.lang.String,java.lang.String)>($r6, "UTF-8")	timediff:0
I/System.out(24782): body:<aqs: java.lang.String a(java.util.Map,int)>	sig:$r7 = staticinvoke <java.net.URLEncoder: java.lang.String encode(java.lang.String,java.lang.String)>($r7, "UTF-8")	timediff:0
I/System.out(24782): body:<aqs: java.lang.String a(java.util.Map,int)>	sig:$r6 = staticinvoke <java.net.URLEncoder: java.lang.String encode(java.lang.String,java.lang.String)>($r6, "UTF-8")	timediff:0
I/System.out(24782): body:<aqs: java.lang.String a(java.util.Map,int)>	sig:$r7 = staticinvoke <java.net.URLEncoder: java.lang.String encode(java.lang.String,java.lang.String)>($r7, "UTF-8")	timediff:0
I/System.out(24782): body:<aqs: java.lang.String a(java.util.Map,int)>	sig:$r6 = staticinvoke <java.net.URLEncoder: java.lang.String encode(java.lang.String,java.lang.String)>($r6, "UTF-8")	timediff:0
I/System.out(24782): body:<aqs: java.lang.String a(java.util.Map,int)>	sig:$r7 = staticinvoke <java.net.URLEncoder: java.lang.String encode(java.lang.String,java.lang.String)>($r7, "UTF-8")	timediff:0
I/System.out(24782): body:<aqs: java.lang.String a(java.util.Map,int)>	sig:$r6 = staticinvoke <java.net.URLEncoder: java.lang.String encode(java.lang.String,java.lang.String)>($r6, "UTF-8")	timediff:0
I/System.out(24782): body:<aqs: java.lang.String a(java.util.Map,int)>	sig:$r7 = staticinvoke <java.net.URLEncoder: java.lang.String encode(java.lang.String,java.lang.String)>($r7, "UTF-8")	timediff:0
I/System.out(24782): body:<aqs: java.lang.String a(java.util.Map,int)>	sig:$r6 = staticinvoke <java.net.URLEncoder: java.lang.String encode(java.lang.String,java.lang.String)>($r6, "UTF-8")	timediff:0
I/System.out(24782): body:<aqs: java.lang.String a(java.util.Map,int)>	sig:$r7 = staticinvoke <java.net.URLEncoder: java.lang.String encode(java.lang.String,java.lang.String)>($r7, "UTF-8")	timediff:0
I/System.out(24782): body:<aqs: java.lang.String a(java.util.Map,int)>	sig:$r6 = staticinvoke <java.net.URLEncoder: java.lang.String encode(java.lang.String,java.lang.String)>($r6, "UTF-8")	timediff:0
I/System.out(24782): body:<aqs: java.lang.String a(java.util.Map,int)>	sig:$r7 = staticinvoke <java.net.URLEncoder: java.lang.String encode(java.lang.String,java.lang.String)>($r7, "UTF-8")	timediff:0
I/System.out(24782): body:<aqs: java.lang.String a(java.util.Map,int)>	sig:$r6 = staticinvoke <java.net.URLEncoder: java.lang.String encode(java.lang.String,java.lang.String)>($r6, "UTF-8")	timediff:0
I/System.out(24782): body:<aqs: java.lang.String a(java.util.Map,int)>	sig:$r7 = staticinvoke <java.net.URLEncoder: java.lang.String encode(java.lang.String,java.lang.String)>($r7, "UTF-8")	timediff:0
I/System.out(24782): body:<aqs: java.lang.String a(java.util.Map,int)>	sig:$r6 = staticinvoke <java.net.URLEncoder: java.lang.String encode(java.lang.String,java.lang.String)>($r6, "UTF-8")	timediff:0
I/System.out(24782): body:<aqs: java.lang.String a(java.util.Map,int)>	sig:$r7 = staticinvoke <java.net.URLEncoder: java.lang.String encode(java.lang.String,java.lang.String)>($r7, "UTF-8")	timediff:0
I/System.out(24782): body:<aqs: java.lang.String a(java.util.Map,int)>	sig:$r6 = staticinvoke <java.net.URLEncoder: java.lang.String encode(java.lang.String,java.lang.String)>($r6, "UTF-8")	timediff:0
I/System.out(24782): body:<aqs: java.lang.String a(java.util.Map,int)>	sig:$r7 = staticinvoke <java.net.URLEncoder: java.lang.String encode(java.lang.String,java.lang.String)>($r7, "UTF-8")	timediff:0
I/System.out(24782): body:<aqs: java.lang.String a(java.util.Map,int)>	sig:$r6 = staticinvoke <java.net.URLEncoder: java.lang.String encode(java.lang.String,java.lang.String)>($r6, "UTF-8")	timediff:0
I/System.out(24782): body:<aqs: java.lang.String a(java.util.Map,int)>	sig:$r7 = staticinvoke <java.net.URLEncoder: java.lang.String encode(java.lang.String,java.lang.String)>($r7, "UTF-8")	timediff:0
I/System.out(24782): body:<aqs: java.lang.String a(java.util.Map,int)>	sig:$r6 = staticinvoke <java.net.URLEncoder: java.lang.String encode(java.lang.String,java.lang.String)>($r6, "UTF-8")	timediff:0
I/System.out(24782): body:<aqs: java.lang.String a(java.util.Map,int)>	sig:$r7 = staticinvoke <java.net.URLEncoder: java.lang.String encode(java.lang.String,java.lang.String)>($r7, "UTF-8")	timediff:0
I/System.out(24782): body:<aqs: java.lang.String a(java.util.Map,int)>	sig:$r6 = staticinvoke <java.net.URLEncoder: java.lang.String encode(java.lang.String,java.lang.String)>("sent_at", "UTF-8")	timediff:0
I/System.out(24782): body:<aqs: java.lang.String a(java.util.Map,int)>	sig:$r7 = staticinvoke <java.net.URLEncoder: java.lang.String encode(java.lang.String,java.lang.String)>($r7, "UTF-8")	timediff:0
I/System.out(24782): body:<aqs: aql a(javax.net.ssl.HttpsURLConnection,com.adjust.sdk.ActivityPackage)>	sig:virtualinvoke $r0.<javax.net.ssl.HttpsURLConnection: void connect()>()	timediff:0
I/SampleTable(  176): There are reordered frames present.
W/InputMethodManagerService(  327): Window already focused, ignoring focus gain of: com.android.internal.view.IInputMethodClient$Stub$Proxy@4acd93a4 attribute=null, token = android.os.BinderProxy@4ab18b54
I/OMXCodec(  176): [OMX.ffmpeg.h264.decoder] AVC profile = 77 (Main), level = 40
I/OMXCodec(  176): [OMX.ffmpeg.h264.decoder] video dimensions are 320 x 240
I/TextInputLayout(24782): EditText added is not a TextInputEditText. Please switch to using that class instead.
I/TextInputLayout(24782): EditText added is not a TextInputEditText. Please switch to using that class instead.
D/dalvikvm(24782): GC_CONCURRENT freed 665K, 11% free 6255K/6980K, paused 2ms+4ms, total 13ms
I/System.out(24782): body:<aqs: aql a(javax.net.ssl.HttpsURLConnection,com.adjust.sdk.ActivityPackage)>	sig:$i0 = virtualinvoke $r0.<javax.net.ssl.HttpsURLConnection: int getResponseCode()>()	timediff:292
I/System.out(24782): body:<aqs: aql a(javax.net.ssl.HttpsURLConnection,com.adjust.sdk.ActivityPackage)>	sig:$r6 = virtualinvoke $r0.<javax.net.ssl.HttpsURLConnection: java.io.InputStream getInputStream()>()	timediff:0
I/System.out(24782): body:<empirical.HelperClass: void printURLInfo(java.lang.String,java.lang.String,java.net.URLConnection)>	sig:$r0 = virtualinvoke urlConnection.<java.net.URLConnection: java.net.URL getURL()>()	timediff:0
I/System.out(24782): body:<empirical.HelperClass: void printURLInfo(java.lang.String,java.lang.String,java.net.URLConnection)>	sig:urlString = virtualinvoke $r0.<java.net.URL: java.lang.String toString()>()	timediff:0
I/System.out(24782): body:<empirical.HelperClass: void printURLInfo(java.lang.String,java.lang.String,java.net.URLConnection)>	sig:isDoOutput = virtualinvoke urlConnection.<java.net.URLConnection: boolean getDoOutput()>()	timediff:0
I/System.out(24782): body:<empirical.HelperClass: java.lang.String getHeaderField(java.net.URLConnection,java.lang.String)>	sig:data = virtualinvoke conn.<java.net.URLConnection: java.lang.String getHeaderField(java.lang.String)>(field)	timediff:0
I/System.out(24782): body:<empirical.HelperClass: java.lang.String getHeaderField(java.net.URLConnection,java.lang.String)>	sig:data = virtualinvoke conn.<java.net.URLConnection: java.lang.String getHeaderField(java.lang.String)>(field)	timediff:0
I/System.out(24782): body:<empirical.HelperClass: java.lang.String getHeaderField(java.net.URLConnection,java.lang.String)>	sig:data = virtualinvoke conn.<java.net.URLConnection: java.lang.String getHeaderField(java.lang.String)>(field)	timediff:0
I/System.out(24782): body:<empirical.HelperClass: java.lang.String getHeaderField(java.net.URLConnection,java.lang.String)>	sig:data = virtualinvoke conn.<java.net.URLConnection: java.lang.String getHeaderField(java.lang.String)>(field)	timediff:0
I/System.out(24782): body:<empirical.HelperClass: java.lang.String getHeaderField(java.net.URLConnection,java.lang.String)>	sig:data = virtualinvoke conn.<java.net.URLConnection: java.lang.String getHeaderField(java.lang.String)>(field)	timediff:0
I/System.out(24782): URLConn;%;2;%;<aqs: aql a(javax.net.ssl.HttpsURLConnection,com.adjust.sdk.ActivityPackage)>;%;$r6 = virtualinvoke $r0.<javax.net.ssl.HttpsURLConnection: java.io.InputStream getInputStream()>();%;https://app.adjust.com/event;%;true;%;84;%;Not found;%;Not found;%;Not found;%;Not found
I/System.out(24782): body:<aqs: aql a(javax.net.ssl.HttpsURLConnection,com.adjust.sdk.ActivityPackage)>	sig:virtualinvoke $r0.<javax.net.ssl.HttpsURLConnection: void disconnect()>()	timediff:0
I/System.out(24782): body:<aqs: javax.net.ssl.HttpsURLConnection a(java.lang.String,java.lang.String,java.util.Map,int)>	sig:specialinvoke $r3.<java.net.URL: void <init>(java.lang.String)>($r0)	timediff:0
I/System.out(24782): <aqs: javax.net.ssl.HttpsURLConnection a(java.lang.String,java.lang.String,java.util.Map,int)>###specialinvoke $r3.<java.net.URL: void <init>(java.lang.String)>($r0)###https://app.adjust.com/event
I/System.out(24782): body:<apo: javax.net.ssl.HttpsURLConnection a(java.net.URL)>	sig:$r1 = virtualinvoke $r0.<java.net.URL: java.net.URLConnection openConnection()>()	timediff:0
I/System.out(24782): body:<aqs: javax.net.ssl.HttpsURLConnection a(java.lang.String,java.lang.String,java.util.Map,int)>	sig:virtualinvoke $r5.<javax.net.ssl.HttpsURLConnection: void setRequestProperty(java.lang.String,java.lang.String)>("Client-SDK", $r1)	timediff:0
I/System.out(24782): body:<aqs: javax.net.ssl.HttpsURLConnection a(java.lang.String,java.lang.String,java.util.Map,int)>	sig:virtualinvoke $r5.<javax.net.ssl.HttpsURLConnection: void setConnectTimeout(int)>(60000)	timediff:0
I/System.out(24782): body:<aqs: javax.net.ssl.HttpsURLConnection a(java.lang.String,java.lang.String,java.util.Map,int)>	sig:virtualinvoke $r5.<javax.net.ssl.HttpsURLConnection: void setReadTimeout(int)>(60000)	timediff:0
I/System.out(24782): body:<aqs: javax.net.ssl.HttpsURLConnection a(java.lang.String,java.lang.String,java.util.Map,int)>	sig:virtualinvoke $r5.<javax.net.ssl.HttpsURLConnection: void setRequestMethod(java.lang.String)>("POST")	timediff:0
I/System.out(24782): body:<aqs: javax.net.ssl.HttpsURLConnection a(java.lang.String,java.lang.String,java.util.Map,int)>	sig:virtualinvoke $r5.<javax.net.ssl.HttpsURLConnection: void setUseCaches(boolean)>(0)	timediff:0
I/System.out(24782): body:<aqs: javax.net.ssl.HttpsURLConnection a(java.lang.String,java.lang.String,java.util.Map,int)>	sig:virtualinvoke $r5.<javax.net.ssl.HttpsURLConnection: void setDoInput(boolean)>(1)	timediff:0
I/System.out(24782): body:<aqs: javax.net.ssl.HttpsURLConnection a(java.lang.String,java.lang.String,java.util.Map,int)>	sig:virtualinvoke $r5.<javax.net.ssl.HttpsURLConnection: void setDoOutput(boolean)>(1)	timediff:0
V/InputMethodService(  639): onEvaluateInputViewShown: config.hardKeyboardHidden = 2
V/InputMethodService(  639): onEvaluateInputViewShown: config.hardKeyboardHidden = 2
W/ContextImpl(  327): Calling a method in the system process without a qualified user: android.app.ContextImpl.sendBroadcast:1123 com.android.server.InputMethodManagerService.showCurrentInputLocked:1791 com.android.server.InputMethodManagerService.showSoftInput:1753 com.android.internal.view.IInputMethodManager$Stub.onTransact:175 com.android.server.InputMethodManagerService.onTransact:818 
I/System.out(24782): body:<aqs: javax.net.ssl.HttpsURLConnection a(java.lang.String,java.lang.String,java.util.Map,int)>	sig:$r7 = virtualinvoke $r5.<javax.net.ssl.HttpsURLConnection: java.io.OutputStream getOutputStream()>()	timediff:42
I/System.out(24782): body:<aqs: java.lang.String a(java.util.Map,int)>	sig:$r6 = staticinvoke <java.net.URLEncoder: java.lang.String encode(java.lang.String,java.lang.String)>($r6, "UTF-8")	timediff:0
I/System.out(24782): body:<aqs: java.lang.String a(java.util.Map,int)>	sig:$r7 = staticinvoke <java.net.URLEncoder: java.lang.String encode(java.lang.String,java.lang.String)>($r7, "UTF-8")	timediff:0
I/System.out(24782): body:<aqs: java.lang.String a(java.util.Map,int)>	sig:$r6 = staticinvoke <java.net.URLEncoder: java.lang.String encode(java.lang.String,java.lang.String)>($r6, "UTF-8")	timediff:0
I/System.out(24782): body:<aqs: java.lang.String a(java.util.Map,int)>	sig:$r7 = staticinvoke <java.net.URLEncoder: java.lang.String encode(java.lang.String,java.lang.String)>($r7, "UTF-8")	timediff:0
I/System.out(24782): body:<aqs: java.lang.String a(java.util.Map,int)>	sig:$r6 = staticinvoke <java.net.URLEncoder: java.lang.String encode(java.lang.String,java.lang.String)>($r6, "UTF-8")	timediff:0
I/System.out(24782): body:<aqs: java.lang.String a(java.util.Map,int)>	sig:$r7 = staticinvoke <java.net.URLEncoder: java.lang.String encode(java.lang.String,java.lang.String)>($r7, "UTF-8")	timediff:0
I/System.out(24782): body:<aqs: java.lang.String a(java.util.Map,int)>	sig:$r6 = staticinvoke <java.net.URLEncoder: java.lang.String encode(java.lang.String,java.lang.String)>($r6, "UTF-8")	timediff:0
I/System.out(24782): body:<aqs: java.lang.String a(java.util.Map,int)>	sig:$r7 = staticinvoke <java.net.URLEncoder: java.lang.String encode(java.lang.String,java.lang.String)>($r7, "UTF-8")	timediff:0
I/System.out(24782): body:<aqs: java.lang.String a(java.util.Map,int)>	sig:$r6 = staticinvoke <java.net.URLEncoder: java.lang.String encode(java.lang.String,java.lang.String)>($r6, "UTF-8")	timediff:0
I/System.out(24782): body:<aqs: java.lang.String a(java.util.Map,int)>	sig:$r7 = staticinvoke <java.net.URLEncoder: java.lang.String encode(java.lang.String,java.lang.String)>($r7, "UTF-8")	timediff:0
I/System.out(24782): body:<aqs: java.lang.String a(java.util.Map,int)>	sig:$r6 = staticinvoke <java.net.URLEncoder: java.lang.String encode(java.lang.String,java.lang.String)>($r6, "UTF-8")	timediff:0
I/System.out(24782): body:<aqs: java.lang.String a(java.util.Map,int)>	sig:$r7 = staticinvoke <java.net.URLEncoder: java.lang.String encode(java.lang.String,java.lang.String)>($r7, "UTF-8")	timediff:0
I/System.out(24782): body:<aqs: java.lang.String a(java.util.Map,int)>	sig:$r6 = staticinvoke <java.net.URLEncoder: java.lang.String encode(java.lang.String,java.lang.String)>($r6, "UTF-8")	timediff:0
I/System.out(24782): body:<aqs: java.lang.String a(java.util.Map,int)>	sig:$r7 = staticinvoke <java.net.URLEncoder: java.lang.String encode(java.lang.String,java.lang.String)>($r7, "UTF-8")	timediff:0
I/System.out(24782): body:<aqs: java.lang.String a(java.util.Map,int)>	sig:$r6 = staticinvoke <java.net.URLEncoder: java.lang.String encode(java.lang.String,java.lang.String)>($r6, "UTF-8")	timediff:0
