I/System.out(23212): body:<com.localytics.android.BaseUploadThread: boolean upload(com.localytics.android.BaseUploadThread$UploadType,java.lang.String,java.lang.String,int)>	sig:virtualinvoke $r17.<java.net.HttpURLConnection: void setRequestProperty(java.lang.String,java.lang.String)>("Accept-Encoding", "")	timediff:0
I/System.out(23212): body:<com.localytics.android.BaseUploadThread: boolean upload(com.localytics.android.BaseUploadThread$UploadType,java.lang.String,java.lang.String,int)>	sig:virtualinvoke $r17.<java.net.HttpURLConnection: void setRequestProperty(java.lang.String,java.lang.String)>("x-upload-time", $r12)	timediff:0
I/System.out(23212): body:<com.localytics.android.BaseUploadThread: boolean upload(com.localytics.android.BaseUploadThread$UploadType,java.lang.String,java.lang.String,int)>	sig:virtualinvoke $r17.<java.net.HttpURLConnection: void setRequestProperty(java.lang.String,java.lang.String)>("x-install-id", $r12)	timediff:0
I/System.out(23212): body:<com.localytics.android.BaseUploadThread: boolean upload(com.localytics.android.BaseUploadThread$UploadType,java.lang.String,java.lang.String,int)>	sig:virtualinvoke $r17.<java.net.HttpURLConnection: void setRequestProperty(java.lang.String,java.lang.String)>("x-app-id", $r12)	timediff:0
I/System.out(23212): body:<com.localytics.android.BaseUploadThread: boolean upload(com.localytics.android.BaseUploadThread$UploadType,java.lang.String,java.lang.String,int)>	sig:virtualinvoke $r17.<java.net.HttpURLConnection: void setRequestProperty(java.lang.String,java.lang.String)>("x-client-version", "androida_3.1.1")	timediff:0
I/System.out(23212): body:<com.localytics.android.BaseUploadThread: boolean upload(com.localytics.android.BaseUploadThread$UploadType,java.lang.String,java.lang.String,int)>	sig:virtualinvoke $r17.<java.net.HttpURLConnection: void setRequestProperty(java.lang.String,java.lang.String)>("x-app-version", $r12)	timediff:1
I/System.out(23212): body:<com.localytics.android.BaseUploadThread: boolean upload(com.localytics.android.BaseUploadThread$UploadType,java.lang.String,java.lang.String,int)>	sig:virtualinvoke $r17.<java.net.HttpURLConnection: void setRequestProperty(java.lang.String,java.lang.String)>("x-customer-id", $r12)	timediff:1
I/System.out(23212): body:<com.localytics.android.BaseUploadThread: boolean upload(com.localytics.android.BaseUploadThread$UploadType,java.lang.String,java.lang.String,int)>	sig:virtualinvoke $r17.<java.net.HttpURLConnection: void setFixedLengthStreamingMode(int)>($i1)	timediff:0
I/System.out(23212): body:<com.localytics.android.BaseUploadThread: boolean upload(com.localytics.android.BaseUploadThread$UploadType,java.lang.String,java.lang.String,int)>	sig:virtualinvoke $r5.<java.net.HttpURLConnection: void disconnect()>()	timediff:0
I/ActivityManager(  464): Displayed com.melodis.midomiMusicIdentifier.freemium/com.soundhound.android.appcommon.activity.UserStorageRegCreateAccountChoice: +401ms
W/DebugConnManager(23212): getNetworkInfo() on networkType 1
W/DebugConnManager(23212): getNetworkInfo() on networkType 1
I/ActivityManager(  464): START u0 {act=android.intent.action.MAIN cat=[android.intent.category.LAUNCHER] flg=0x10200000 cmp=com.melodis.midomiMusicIdentifier.freemium/com.soundhound.android.appcommon.activity.SplashScreenActivity} from pid 23202
D/dalvikvm(23212): GC_FOR_ALLOC freed 10181K, 57% free 13024K/30180K, paused 20ms, total 20ms
W/SurfaceFlinger(  167): couldn't log to binary event log: overflow.
W/DebugConnManager(23212): getNetworkInfo() on networkType 1
I/ActivityManager(  464): START u0 {act=android.intent.action.MAIN cat=[android.intent.category.LAUNCHER] flg=0x10000000 sel={act=android.intent.action.MAIN cat=[android.intent.category.APP_MUSIC]}} from pid 464
W/DebugConnManager(23212): getNetworkInfo() on networkType 1
I/ActivityManager(  464): START u0 {act=android.intent.action.MAIN cat=[android.intent.category.HOME] flg=0x10200000 cmp=com.vphone.launcher/.Launcher} from pid 464
I/LL_EVENTS(23212): uiElement:: navExitSwipe
I/System.out(23212): body:<com.localytics.android.ProfileUploadHandler: int uploadData()>	sig:$r7 = staticinvoke <java.net.URLEncoder: java.lang.String encode(java.lang.String,java.lang.String)>($r2, "UTF-8")	timediff:0
I/System.out(23212): body:<com.localytics.android.BaseUploadThread: boolean upload(com.localytics.android.BaseUploadThread$UploadType,java.lang.String,java.lang.String,int)>	sig:specialinvoke $r15.<java.net.URL: void <init>(java.lang.String)>($r2)	timediff:0
I/System.out(23212): <com.localytics.android.BaseUploadThread: boolean upload(com.localytics.android.BaseUploadThread$UploadType,java.lang.String,java.lang.String,int)>###specialinvoke $r15.<java.net.URL: void <init>(java.lang.String)>($r2)###https://profile.localytics.com/v1/apps/3335904327062dc9ea35087-47b59e74-eac9-11e4-312e-004a77f8b47f/profiles/7931d313-38c9-4972-ba5e-117bc4820453
I/System.out(23212): body:<com.localytics.android.BaseUploadThread: boolean upload(com.localytics.android.BaseUploadThread$UploadType,java.lang.String,java.lang.String,int)>	sig:$r16 = virtualinvoke $r15.<java.net.URL: java.net.URLConnection openConnection()>()	timediff:0
I/System.out(23212): body:<com.localytics.android.BaseUploadThread: boolean upload(com.localytics.android.BaseUploadThread$UploadType,java.lang.String,java.lang.String,int)>	sig:virtualinvoke $r17.<java.net.HttpURLConnection: void setConnectTimeout(int)>(60000)	timediff:0
I/System.out(23212): body:<com.localytics.android.BaseUploadThread: boolean upload(com.localytics.android.BaseUploadThread$UploadType,java.lang.String,java.lang.String,int)>	sig:virtualinvoke $r17.<java.net.HttpURLConnection: void setReadTimeout(int)>(60000)	timediff:0
I/System.out(23212): body:<com.localytics.android.BaseUploadThread: boolean upload(com.localytics.android.BaseUploadThread$UploadType,java.lang.String,java.lang.String,int)>	sig:virtualinvoke $r17.<java.net.HttpURLConnection: void setDoOutput(boolean)>($z0)	timediff:0
I/System.out(23212): body:<com.localytics.android.BaseUploadThread: boolean upload(com.localytics.android.BaseUploadThread$UploadType,java.lang.String,java.lang.String,int)>	sig:virtualinvoke $r17.<java.net.HttpURLConnection: void setRequestProperty(java.lang.String,java.lang.String)>("Content-Type", "application/json; charset=utf-8")	timediff:0
I/System.out(23212): body:<com.localytics.android.BaseUploadThread: boolean upload(com.localytics.android.BaseUploadThread$UploadType,java.lang.String,java.lang.String,int)>	sig:virtualinvoke $r17.<java.net.HttpURLConnection: void setRequestProperty(java.lang.String,java.lang.String)>("Accept-Encoding", "")	timediff:0
I/System.out(23212): body:<com.localytics.android.BaseUploadThread: boolean upload(com.localytics.android.BaseUploadThread$UploadType,java.lang.String,java.lang.String,int)>	sig:virtualinvoke $r17.<java.net.HttpURLConnection: void setRequestProperty(java.lang.String,java.lang.String)>("x-upload-time", $r12)	timediff:0
I/System.out(23212): body:<com.localytics.android.BaseUploadThread: boolean upload(com.localytics.android.BaseUploadThread$UploadType,java.lang.String,java.lang.String,int)>	sig:virtualinvoke $r17.<java.net.HttpURLConnection: void setRequestProperty(java.lang.String,java.lang.String)>("x-install-id", $r12)	timediff:1
I/System.out(23212): body:<com.localytics.android.BaseUploadThread: boolean upload(com.localytics.android.BaseUploadThread$UploadType,java.lang.String,java.lang.String,int)>	sig:virtualinvoke $r17.<java.net.HttpURLConnection: void setRequestProperty(java.lang.String,java.lang.String)>("x-app-id", $r12)	timediff:0
I/System.out(23212): body:<com.localytics.android.BaseUploadThread: boolean upload(com.localytics.android.BaseUploadThread$UploadType,java.lang.String,java.lang.String,int)>	sig:virtualinvoke $r17.<java.net.HttpURLConnection: void setRequestProperty(java.lang.String,java.lang.String)>("x-client-version", "androida_3.1.1")	timediff:0
I/System.out(23212): body:<com.localytics.android.BaseUploadThread: boolean upload(com.localytics.android.BaseUploadThread$UploadType,java.lang.String,java.lang.String,int)>	sig:virtualinvoke $r17.<java.net.HttpURLConnection: void setRequestProperty(java.lang.String,java.lang.String)>("x-app-version", $r12)	timediff:1
I/System.out(23212): body:<com.localytics.android.BaseUploadThread: boolean upload(com.localytics.android.BaseUploadThread$UploadType,java.lang.String,java.lang.String,int)>	sig:virtualinvoke $r17.<java.net.HttpURLConnection: void setRequestProperty(java.lang.String,java.lang.String)>("x-customer-id", $r12)	timediff:0
I/System.out(23212): body:<com.localytics.android.BaseUploadThread: boolean upload(com.localytics.android.BaseUploadThread$UploadType,java.lang.String,java.lang.String,int)>	sig:virtualinvoke $r17.<java.net.HttpURLConnection: void setFixedLengthStreamingMode(int)>($i1)	timediff:0
I/System.out(23212): body:<com.localytics.android.BaseUploadThread: boolean upload(com.localytics.android.BaseUploadThread$UploadType,java.lang.String,java.lang.String,int)>	sig:virtualinvoke $r5.<java.net.HttpURLConnection: void disconnect()>()	timediff:0
W/DebugConnManager(23212): getNetworkInfo() on networkType 1
I/System.out(23212): body:<com.localytics.android.BaseUploadThread: boolean upload(com.localytics.android.BaseUploadThread$UploadType,java.lang.String,java.lang.String,int)>	sig:specialinvoke $r15.<java.net.URL: void <init>(java.lang.String)>($r2)	timediff:1
I/System.out(23212): <com.localytics.android.BaseUploadThread: boolean upload(com.localytics.android.BaseUploadThread$UploadType,java.lang.String,java.lang.String,int)>###specialinvoke $r15.<java.net.URL: void <init>(java.lang.String)>($r2)###https://analytics.localytics.com/api/v2/uploads
I/System.out(23212): body:<com.localytics.android.BaseUploadThread: boolean upload(com.localytics.android.BaseUploadThread$UploadType,java.lang.String,java.lang.String,int)>	sig:$r16 = virtualinvoke $r15.<java.net.URL: java.net.URLConnection openConnection()>()	timediff:0
I/System.out(23212): body:<com.localytics.android.BaseUploadThread: boolean upload(com.localytics.android.BaseUploadThread$UploadType,java.lang.String,java.lang.String,int)>	sig:virtualinvoke $r17.<java.net.HttpURLConnection: void setConnectTimeout(int)>(60000)	timediff:0
I/System.out(23212): body:<com.localytics.android.BaseUploadThread: boolean upload(com.localytics.android.BaseUploadThread$UploadType,java.lang.String,java.lang.String,int)>	sig:virtualinvoke $r17.<java.net.HttpURLConnection: void setReadTimeout(int)>(60000)	timediff:0
I/System.out(23212): body:<com.localytics.android.BaseUploadThread: boolean upload(com.localytics.android.BaseUploadThread$UploadType,java.lang.String,java.lang.String,int)>	sig:virtualinvoke $r17.<java.net.HttpURLConnection: void setDoOutput(boolean)>($z0)	timediff:0
I/System.out(23212): body:<com.localytics.android.BaseUploadThread: boolean upload(com.localytics.android.BaseUploadThread$UploadType,java.lang.String,java.lang.String,int)>	sig:virtualinvoke $r17.<java.net.HttpURLConnection: void setRequestProperty(java.lang.String,java.lang.String)>("Content-Type", "application/x-gzip")	timediff:0
I/System.out(23212): body:<com.localytics.android.BaseUploadThread: boolean upload(com.localytics.android.BaseUploadThread$UploadType,java.lang.String,java.lang.String,int)>	sig:virtualinvoke $r17.<java.net.HttpURLConnection: void setRequestProperty(java.lang.String,java.lang.String)>("Content-Encoding", "gzip")	timediff:0
I/System.out(23212): body:<com.localytics.android.BaseUploadThread: boolean upload(com.localytics.android.BaseUploadThread$UploadType,java.lang.String,java.lang.String,int)>	sig:virtualinvoke $r17.<java.net.HttpURLConnection: void setRequestProperty(java.lang.String,java.lang.String)>("X-DONT-SEND-AMP", "1")	timediff:0
I/System.out(23212): body:<com.localytics.android.BaseUploadThread: boolean upload(com.localytics.android.BaseUploadThread$UploadType,java.lang.String,java.lang.String,int)>	sig:virtualinvoke $r17.<java.net.HttpURLConnection: void setRequestProperty(java.lang.String,java.lang.String)>("Accept-Encoding", "")	timediff:0
I/System.out(23212): body:<com.localytics.android.BaseUploadThread: boolean upload(com.localytics.android.BaseUploadThread$UploadType,java.lang.String,java.lang.String,int)>	sig:virtualinvoke $r17.<java.net.HttpURLConnection: void setRequestProperty(java.lang.String,java.lang.String)>("x-upload-time", $r12)	timediff:0
I/System.out(23212): body:<com.localytics.android.BaseUploadThread: boolean upload(com.localytics.android.BaseUploadThread$UploadType,java.lang.String,java.lang.String,int)>	sig:virtualinvoke $r17.<java.net.HttpURLConnection: void setRequestProperty(java.lang.String,java.lang.String)>("x-install-id", $r12)	timediff:1
I/System.out(23212): body:<com.localytics.android.BaseUploadThread: boolean upload(com.localytics.android.BaseUploadThread$UploadType,java.lang.String,java.lang.String,int)>	sig:virtualinvoke $r17.<java.net.HttpURLConnection: void setRequestProperty(java.lang.String,java.lang.String)>("x-app-id", $r12)	timediff:0
I/System.out(23212): body:<com.localytics.android.BaseUploadThread: boolean upload(com.localytics.android.BaseUploadThread$UploadType,java.lang.String,java.lang.String,int)>	sig:virtualinvoke $r17.<java.net.HttpURLConnection: void setRequestProperty(java.lang.String,java.lang.String)>("x-client-version", "androida_3.1.1")	timediff:0
I/System.out(23212): body:<com.localytics.android.BaseUploadThread: boolean upload(com.localytics.android.BaseUploadThread$UploadType,java.lang.String,java.lang.String,int)>	sig:virtualinvoke $r17.<java.net.HttpURLConnection: void setRequestProperty(java.lang.String,java.lang.String)>("x-app-version", $r12)	timediff:0
I/System.out(23212): body:<com.localytics.android.BaseUploadThread: boolean upload(com.localytics.android.BaseUploadThread$UploadType,java.lang.String,java.lang.String,int)>	sig:virtualinvoke $r17.<java.net.HttpURLConnection: void setRequestProperty(java.lang.String,java.lang.String)>("x-customer-id", $r12)	timediff:0
I/System.out(23212): body:<com.localytics.android.BaseUploadThread: boolean upload(com.localytics.android.BaseUploadThread$UploadType,java.lang.String,java.lang.String,int)>	sig:virtualinvoke $r17.<java.net.HttpURLConnection: void setFixedLengthStreamingMode(int)>($i1)	timediff:0
I/System.out(23212): body:<com.localytics.android.BaseUploadThread: boolean upload(com.localytics.android.BaseUploadThread$UploadType,java.lang.String,java.lang.String,int)>	sig:virtualinvoke $r5.<java.net.HttpURLConnection: void disconnect()>()	timediff:0
I/System.out(23212): body:<com.localytics.android.BaseUploadThread: boolean upload(com.localytics.android.BaseUploadThread$UploadType,java.lang.String,java.lang.String,int)>	sig:specialinvoke $r15.<java.net.URL: void <init>(java.lang.String)>($r2)	timediff:0
I/System.out(23212): <com.localytics.android.BaseUploadThread: boolean upload(com.localytics.android.BaseUploadThread$UploadType,java.lang.String,java.lang.String,int)>###specialinvoke $r15.<java.net.URL: void <init>(java.lang.String)>($r2)###https://analytics.localytics.com/api/v2/uploads
I/System.out(23212): body:<com.localytics.android.BaseUploadThread: boolean upload(com.localytics.android.BaseUploadThread$UploadType,java.lang.String,java.lang.String,int)>	sig:$r16 = virtualinvoke $r15.<java.net.URL: java.net.URLConnection openConnection()>()	timediff:0
I/System.out(23212): body:<com.localytics.android.BaseUploadThread: boolean upload(com.localytics.android.BaseUploadThread$UploadType,java.lang.String,java.lang.String,int)>	sig:virtualinvoke $r17.<java.net.HttpURLConnection: void setConnectTimeout(int)>(60000)	timediff:0
I/System.out(23212): body:<com.localytics.android.BaseUploadThread: boolean upload(com.localytics.android.BaseUploadThread$UploadType,java.lang.String,java.lang.String,int)>	sig:virtualinvoke $r17.<java.net.HttpURLConnection: void setReadTimeout(int)>(60000)	timediff:0
I/System.out(23212): body:<com.localytics.android.BaseUploadThread: boolean upload(com.localytics.android.BaseUploadThread$UploadType,java.lang.String,java.lang.String,int)>	sig:virtualinvoke $r17.<java.net.HttpURLConnection: void setDoOutput(boolean)>($z0)	timediff:0
I/System.out(23212): body:<com.localytics.android.BaseUploadThread: boolean upload(com.localytics.android.BaseUploadThread$UploadType,java.lang.String,java.lang.String,int)>	sig:virtualinvoke $r17.<java.net.HttpURLConnection: void setRequestProperty(java.lang.String,java.lang.String)>("Content-Type", "application/x-gzip")	timediff:0
I/System.out(23212): body:<com.localytics.android.BaseUploadThread: boolean upload(com.localytics.android.BaseUploadThread$UploadType,java.lang.String,java.lang.String,int)>	sig:virtualinvoke $r17.<java.net.HttpURLConnection: void setRequestProperty(java.lang.String,java.lang.String)>("Content-Encoding", "gzip")	timediff:0
I/System.out(23212): body:<com.localytics.android.BaseUploadThread: boolean upload(com.localytics.android.BaseUploadThread$UploadType,java.lang.String,java.lang.String,int)>	sig:virtualinvoke $r17.<java.net.HttpURLConnection: void setRequestProperty(java.lang.String,java.lang.String)>("X-DONT-SEND-AMP", "1")	timediff:0
I/System.out(23212): body:<com.localytics.android.BaseUploadThread: boolean upload(com.localytics.android.BaseUploadThread$UploadType,java.lang.String,java.lang.String,int)>	sig:virtualinvoke $r17.<java.net.HttpURLConnection: void setRequestProperty(java.lang.String,java.lang.String)>("Accept-Encoding", "")	timediff:0
I/System.out(23212): body:<com.localytics.android.BaseUploadThread: boolean upload(com.localytics.android.BaseUploadThread$UploadType,java.lang.String,java.lang.String,int)>	sig:virtualinvoke $r17.<java.net.HttpURLConnection: void setRequestProperty(java.lang.String,java.lang.String)>("x-upload-time", $r12)	timediff:0
I/System.out(23212): body:<com.localytics.android.BaseUploadThread: boolean upload(com.localytics.android.BaseUploadThread$UploadType,java.lang.String,java.lang.String,int)>	sig:virtualinvoke $r17.<java.net.HttpURLConnection: void setRequestProperty(java.lang.String,java.lang.String)>("x-install-id", $r12)	timediff:0
I/System.out(23212): body:<com.localytics.android.BaseUploadThread: boolean upload(com.localytics.android.BaseUploadThread$UploadType,java.lang.String,java.lang.String,int)>	sig:virtualinvoke $r17.<java.net.HttpURLConnection: void setRequestProperty(java.lang.String,java.lang.String)>("x-app-id", $r12)	timediff:0
I/System.out(23212): body:<com.localytics.android.BaseUploadThread: boolean upload(com.localytics.android.BaseUploadThread$UploadType,java.lang.String,java.lang.String,int)>	sig:virtualinvoke $r17.<java.net.HttpURLConnection: void setRequestProperty(java.lang.String,java.lang.String)>("x-client-version", "androida_3.1.1")	timediff:0
W/DebugConnManager(23212): getNetworkInfo() on networkType 1
I/System.out(23212): body:<com.localytics.android.BaseUploadThread: boolean upload(com.localytics.android.BaseUploadThread$UploadType,java.lang.String,java.lang.String,int)>	sig:virtualinvoke $r17.<java.net.HttpURLConnection: void setRequestProperty(java.lang.String,java.lang.String)>("x-app-version", $r12)	timediff:0
I/System.out(23212): body:<com.localytics.android.BaseUploadThread: boolean upload(com.localytics.android.BaseUploadThread$UploadType,java.lang.String,java.lang.String,int)>	sig:virtualinvoke $r17.<java.net.HttpURLConnection: void setRequestProperty(java.lang.String,java.lang.String)>("x-customer-id", $r12)	timediff:0
I/System.out(23212): body:<com.localytics.android.BaseUploadThread: boolean upload(com.localytics.android.BaseUploadThread$UploadType,java.lang.String,java.lang.String,int)>	sig:virtualinvoke $r17.<java.net.HttpURLConnection: void setFixedLengthStreamingMode(int)>($i1)	timediff:0
I/System.out(23212): body:<com.localytics.android.BaseUploadThread: boolean upload(com.localytics.android.BaseUploadThread$UploadType,java.lang.String,java.lang.String,int)>	sig:virtualinvoke $r5.<java.net.HttpURLConnection: void disconnect()>()	timediff:0
I/System.out(23212): body:<com.localytics.android.ProfileUploadHandler: int uploadData()>	sig:$r7 = staticinvoke <java.net.URLEncoder: java.lang.String encode(java.lang.String,java.lang.String)>($r2, "UTF-8")	timediff:0
I/System.out(23212): body:<com.localytics.android.BaseUploadThread: boolean upload(com.localytics.android.BaseUploadThread$UploadType,java.lang.String,java.lang.String,int)>	sig:specialinvoke $r15.<java.net.URL: void <init>(java.lang.String)>($r2)	timediff:0
I/System.out(23212): <com.localytics.android.BaseUploadThread: boolean upload(com.localytics.android.BaseUploadThread$UploadType,java.lang.String,java.lang.String,int)>###specialinvoke $r15.<java.net.URL: void <init>(java.lang.String)>($r2)###https://profile.localytics.com/v1/apps/3335904327062dc9ea35087-47b59e74-eac9-11e4-312e-004a77f8b47f/profiles/7931d313-38c9-4972-ba5e-117bc4820453
I/System.out(23212): body:<com.localytics.android.BaseUploadThread: boolean upload(com.localytics.android.BaseUploadThread$UploadType,java.lang.String,java.lang.String,int)>	sig:$r16 = virtualinvoke $r15.<java.net.URL: java.net.URLConnection openConnection()>()	timediff:0
I/System.out(23212): body:<com.localytics.android.BaseUploadThread: boolean upload(com.localytics.android.BaseUploadThread$UploadType,java.lang.String,java.lang.String,int)>	sig:virtualinvoke $r17.<java.net.HttpURLConnection: void setConnectTimeout(int)>(60000)	timediff:0
I/System.out(23212): body:<com.localytics.android.BaseUploadThread: boolean upload(com.localytics.android.BaseUploadThread$UploadType,java.lang.String,java.lang.String,int)>	sig:virtualinvoke $r17.<java.net.HttpURLConnection: void setReadTimeout(int)>(60000)	timediff:0
I/System.out(23212): body:<com.localytics.android.BaseUploadThread: boolean upload(com.localytics.android.BaseUploadThread$UploadType,java.lang.String,java.lang.String,int)>	sig:virtualinvoke $r17.<java.net.HttpURLConnection: void setDoOutput(boolean)>($z0)	timediff:0
I/System.out(23212): body:<com.localytics.android.BaseUploadThread: boolean upload(com.localytics.android.BaseUploadThread$UploadType,java.lang.String,java.lang.String,int)>	sig:virtualinvoke $r17.<java.net.HttpURLConnection: void setRequestProperty(java.lang.String,java.lang.String)>("Content-Type", "application/json; charset=utf-8")	timediff:0
I/System.out(23212): body:<com.localytics.android.BaseUploadThread: boolean upload(com.localytics.android.BaseUploadThread$UploadType,java.lang.String,java.lang.String,int)>	sig:virtualinvoke $r17.<java.net.HttpURLConnection: void setRequestProperty(java.lang.String,java.lang.String)>("Accept-Encoding", "")	timediff:0
I/System.out(23212): body:<com.localytics.android.BaseUploadThread: boolean upload(com.localytics.android.BaseUploadThread$UploadType,java.lang.String,java.lang.String,int)>	sig:virtualinvoke $r17.<java.net.HttpURLConnection: void setRequestProperty(java.lang.String,java.lang.String)>("x-upload-time", $r12)	timediff:0
I/System.out(23212): body:<com.localytics.android.BaseUploadThread: boolean upload(com.localytics.android.BaseUploadThread$UploadType,java.lang.String,java.lang.String,int)>	sig:virtualinvoke $r17.<java.net.HttpURLConnection: void setRequestProperty(java.lang.String,java.lang.String)>("x-install-id", $r12)	timediff:0
I/System.out(23212): body:<com.localytics.android.BaseUploadThread: boolean upload(com.localytics.android.BaseUploadThread$UploadType,java.lang.String,java.lang.String,int)>	sig:virtualinvoke $r17.<java.net.HttpURLConnection: void setRequestProperty(java.lang.String,java.lang.String)>("x-app-id", $r12)	timediff:0
I/System.out(23212): body:<com.localytics.android.BaseUploadThread: boolean upload(com.localytics.android.BaseUploadThread$UploadType,java.lang.String,java.lang.String,int)>	sig:virtualinvoke $r17.<java.net.HttpURLConnection: void setRequestProperty(java.lang.String,java.lang.String)>("x-client-version", "androida_3.1.1")	timediff:0
I/System.out(23212): body:<com.localytics.android.BaseUploadThread: boolean upload(com.localytics.android.BaseUploadThread$UploadType,java.lang.String,java.lang.String,int)>	sig:virtualinvoke $r17.<java.net.HttpURLConnection: void setRequestProperty(java.lang.String,java.lang.String)>("x-app-version", $r12)	timediff:0
I/System.out(23212): body:<com.localytics.android.BaseUploadThread: boolean upload(com.localytics.android.BaseUploadThread$UploadType,java.lang.String,java.lang.String,int)>	sig:virtualinvoke $r17.<java.net.HttpURLConnection: void setRequestProperty(java.lang.String,java.lang.String)>("x-customer-id", $r12)	timediff:0
I/System.out(23212): body:<com.localytics.android.BaseUploadThread: boolean upload(com.localytics.android.BaseUploadThread$UploadType,java.lang.String,java.lang.String,int)>	sig:virtualinvoke $r17.<java.net.HttpURLConnection: void setFixedLengthStreamingMode(int)>($i1)	timediff:0
D/dalvikvm(23212): GC_EXPLICIT freed 2343K, 56% free 13366K/30180K, paused 6ms+4ms, total 39ms
I/System.out(23212): body:<com.localytics.android.BaseUploadThread: boolean upload(com.localytics.android.BaseUploadThread$UploadType,java.lang.String,java.lang.String,int)>	sig:virtualinvoke $r5.<java.net.HttpURLConnection: void disconnect()>()	timediff:0
I/ActivityManager(  464): START u0 {act=android.intent.action.MAIN cat=[android.intent.category.LAUNCHER] flg=0x10200000 cmp=com.melodis.midomiMusicIdentifier.freemium/com.soundhound.android.appcommon.activity.SplashScreenActivity} from pid 23202
W/DebugConnManager(23212): getNetworkInfo() on networkType 1
I/System.out(23212): body:<com.localytics.android.BaseUploadThread: boolean upload(com.localytics.android.BaseUploadThread$UploadType,java.lang.String,java.lang.String,int)>	sig:specialinvoke $r15.<java.net.URL: void <init>(java.lang.String)>($r2)	timediff:0
I/System.out(23212): <com.localytics.android.BaseUploadThread: boolean upload(com.localytics.android.BaseUploadThread$UploadType,java.lang.String,java.lang.String,int)>###specialinvoke $r15.<java.net.URL: void <init>(java.lang.String)>($r2)###https://analytics.localytics.com/api/v2/uploads
I/System.out(23212): body:<com.localytics.android.BaseUploadThread: boolean upload(com.localytics.android.BaseUploadThread$UploadType,java.lang.String,java.lang.String,int)>	sig:$r16 = virtualinvoke $r15.<java.net.URL: java.net.URLConnection openConnection()>()	timediff:0
I/System.out(23212): body:<com.localytics.android.BaseUploadThread: boolean upload(com.localytics.android.BaseUploadThread$UploadType,java.lang.String,java.lang.String,int)>	sig:virtualinvoke $r17.<java.net.HttpURLConnection: void setConnectTimeout(int)>(60000)	timediff:1
I/System.out(23212): body:<com.localytics.android.BaseUploadThread: boolean upload(com.localytics.android.BaseUploadThread$UploadType,java.lang.String,java.lang.String,int)>	sig:virtualinvoke $r17.<java.net.HttpURLConnection: void setReadTimeout(int)>(60000)	timediff:0
I/System.out(23212): body:<com.localytics.android.BaseUploadThread: boolean upload(com.localytics.android.BaseUploadThread$UploadType,java.lang.String,java.lang.String,int)>	sig:virtualinvoke $r17.<java.net.HttpURLConnection: void setDoOutput(boolean)>($z0)	timediff:0
I/System.out(23212): body:<com.localytics.android.BaseUploadThread: boolean upload(com.localytics.android.BaseUploadThread$UploadType,java.lang.String,java.lang.String,int)>	sig:virtualinvoke $r17.<java.net.HttpURLConnection: void setRequestProperty(java.lang.String,java.lang.String)>("Content-Type", "application/x-gzip")	timediff:0
I/System.out(23212): body:<com.localytics.android.BaseUploadThread: boolean upload(com.localytics.android.BaseUploadThread$UploadType,java.lang.String,java.lang.String,int)>	sig:virtualinvoke $r17.<java.net.HttpURLConnection: void setRequestProperty(java.lang.String,java.lang.String)>("Content-Encoding", "gzip")	timediff:2
I/System.out(23212): body:<com.localytics.android.BaseUploadThread: boolean upload(com.localytics.android.BaseUploadThread$UploadType,java.lang.String,java.lang.String,int)>	sig:virtualinvoke $r17.<java.net.HttpURLConnection: void setRequestProperty(java.lang.String,java.lang.String)>("X-DONT-SEND-AMP", "1")	timediff:1
I/System.out(23212): body:<com.localytics.android.BaseUploadThread: boolean upload(com.localytics.android.BaseUploadThread$UploadType,java.lang.String,java.lang.String,int)>	sig:virtualinvoke $r17.<java.net.HttpURLConnection: void setRequestProperty(java.lang.String,java.lang.String)>("Accept-Encoding", "")	timediff:0
I/System.out(23212): body:<com.localytics.android.BaseUploadThread: boolean upload(com.localytics.android.BaseUploadThread$UploadType,java.lang.String,java.lang.String,int)>	sig:virtualinvoke $r17.<java.net.HttpURLConnection: void setRequestProperty(java.lang.String,java.lang.String)>("x-upload-time", $r12)	timediff:0
I/System.out(23212): body:<com.localytics.android.BaseUploadThread: boolean upload(com.localytics.android.BaseUploadThread$UploadType,java.lang.String,java.lang.String,int)>	sig:virtualinvoke $r17.<java.net.HttpURLConnection: void setRequestProperty(java.lang.String,java.lang.String)>("x-install-id", $r12)	timediff:0
I/System.out(23212): body:<com.localytics.android.BaseUploadThread: boolean upload(com.localytics.android.BaseUploadThread$UploadType,java.lang.String,java.lang.String,int)>	sig:virtualinvoke $r17.<java.net.HttpURLConnection: void setRequestProperty(java.lang.String,java.lang.String)>("x-app-id", $r12)	timediff:0
I/System.out(23212): body:<com.localytics.android.BaseUploadThread: boolean upload(com.localytics.android.BaseUploadThread$UploadType,java.lang.String,java.lang.String,int)>	sig:virtualinvoke $r17.<java.net.HttpURLConnection: void setRequestProperty(java.lang.String,java.lang.String)>("x-client-version", "androida_3.1.1")	timediff:0
I/System.out(23212): body:<com.localytics.android.BaseUploadThread: boolean upload(com.localytics.android.BaseUploadThread$UploadType,java.lang.String,java.lang.String,int)>	sig:virtualinvoke $r17.<java.net.HttpURLConnection: void setRequestProperty(java.lang.String,java.lang.String)>("x-app-version", $r12)	timediff:0
I/System.out(23212): body:<com.localytics.android.BaseUploadThread: boolean upload(com.localytics.android.BaseUploadThread$UploadType,java.lang.String,java.lang.String,int)>	sig:virtualinvoke $r17.<java.net.HttpURLConnection: void setRequestProperty(java.lang.String,java.lang.String)>("x-customer-id", $r12)	timediff:0
I/System.out(23212): body:<com.localytics.android.BaseUploadThread: boolean upload(com.localytics.android.BaseUploadThread$UploadType,java.lang.String,java.lang.String,int)>	sig:virtualinvoke $r17.<java.net.HttpURLConnection: void setFixedLengthStreamingMode(int)>($i1)	timediff:0
I/System.out(23212): body:<com.localytics.android.BaseUploadThread: boolean upload(com.localytics.android.BaseUploadThread$UploadType,java.lang.String,java.lang.String,int)>	sig:virtualinvoke $r5.<java.net.HttpURLConnection: void disconnect()>()	timediff:0
W/DebugConnManager(23212): getNetworkInfo() on networkType 1
I/InputDispatcher(  464): Dropped event because of pending overdue app switch.
I/InputDispatcher(  464): Dropped event because of pending overdue app switch.
I/InputDispatcher(  464): Dropped event because of pending overdue app switch.
I/InputDispatcher(  464): Dropped event because of pending overdue app switch.
I/InputDispatcher(  464): Dropped event because of pending overdue app switch.
I/InputDispatcher(  464): Dropped event because of pending overdue app switch.
W/InputManager(  464): Input event injection from pid 23202 failed.
W/InputManager(  464): Input event injection from pid 23202 failed.
W/InputManager(  464): Input event injection from pid 23202 failed.
W/InputManager(  464): Input event injection from pid 23202 failed.
W/InputManager(  464): Input event injection from pid 23202 failed.
I/InputDispatcher(  464): Dropped event because of pending overdue app switch.
I/InputDispatcher(  464): Dropped event because of pending overdue app switch.
W/InputManager(  464): Input event injection from pid 23202 failed.
W/InputManager(  464): Input event injection from pid 23202 failed.
W/InputManager(  464): Input event injection from pid 23202 failed.
I/ActivityManager(  464): START u0 {act=android.intent.action.MAIN cat=[android.intent.category.LAUNCHER] flg=0x10000000 sel={act=android.intent.action.MAIN cat=[android.intent.category.APP_CALCULATOR]}} from pid 464
I/LL_EVENTS(23212): uiElement:: navDrawerSwipe
W/DebugConnManager(23212): getNetworkInfo() on networkType 1
I/System.out(23212): body:<com.localytics.android.ProfileUploadHandler: int uploadData()>	sig:$r7 = staticinvoke <java.net.URLEncoder: java.lang.String encode(java.lang.String,java.lang.String)>($r2, "UTF-8")	timediff:0
I/System.out(23212): body:<com.localytics.android.BaseUploadThread: boolean upload(com.localytics.android.BaseUploadThread$UploadType,java.lang.String,java.lang.String,int)>	sig:specialinvoke $r15.<java.net.URL: void <init>(java.lang.String)>($r2)	timediff:0
I/System.out(23212): <com.localytics.android.BaseUploadThread: boolean upload(com.localytics.android.BaseUploadThread$UploadType,java.lang.String,java.lang.String,int)>###specialinvoke $r15.<java.net.URL: void <init>(java.lang.String)>($r2)###https://profile.localytics.com/v1/apps/3335904327062dc9ea35087-47b59e74-eac9-11e4-312e-004a77f8b47f/profiles/7931d313-38c9-4972-ba5e-117bc4820453
I/System.out(23212): body:<com.localytics.android.BaseUploadThread: boolean upload(com.localytics.android.BaseUploadThread$UploadType,java.lang.String,java.lang.String,int)>	sig:$r16 = virtualinvoke $r15.<java.net.URL: java.net.URLConnection openConnection()>()	timediff:0
I/ActivityManager(  464): START u0 {act=SSO_WITH_FALLBACK cmp=com.melodis.midomiMusicIdentifier.freemium/com.facebook.LoginActivity (has extras)} from pid 23212
I/System.out(23212): body:<com.localytics.android.BaseUploadThread: boolean upload(com.localytics.android.BaseUploadThread$UploadType,java.lang.String,java.lang.String,int)>	sig:virtualinvoke $r17.<java.net.HttpURLConnection: void setConnectTimeout(int)>(60000)	timediff:1
I/System.out(23212): body:<com.localytics.android.BaseUploadThread: boolean upload(com.localytics.android.BaseUploadThread$UploadType,java.lang.String,java.lang.String,int)>	sig:virtualinvoke $r17.<java.net.HttpURLConnection: void setReadTimeout(int)>(60000)	timediff:0
I/System.out(23212): body:<com.localytics.android.BaseUploadThread: boolean upload(com.localytics.android.BaseUploadThread$UploadType,java.lang.String,java.lang.String,int)>	sig:virtualinvoke $r17.<java.net.HttpURLConnection: void setDoOutput(boolean)>($z0)	timediff:0
I/System.out(23212): body:<com.localytics.android.BaseUploadThread: boolean upload(com.localytics.android.BaseUploadThread$UploadType,java.lang.String,java.lang.String,int)>	sig:virtualinvoke $r17.<java.net.HttpURLConnection: void setRequestProperty(java.lang.String,java.lang.String)>("Content-Type", "application/json; charset=utf-8")	timediff:0
I/System.out(23212): body:<com.localytics.android.BaseUploadThread: boolean upload(com.localytics.android.BaseUploadThread$UploadType,java.lang.String,java.lang.String,int)>	sig:virtualinvoke $r17.<java.net.HttpURLConnection: void setRequestProperty(java.lang.String,java.lang.String)>("Accept-Encoding", "")	timediff:1
I/System.out(23212): body:<com.localytics.android.BaseUploadThread: boolean upload(com.localytics.android.BaseUploadThread$UploadType,java.lang.String,java.lang.String,int)>	sig:virtualinvoke $r17.<java.net.HttpURLConnection: void setRequestProperty(java.lang.String,java.lang.String)>("x-upload-time", $r12)	timediff:0
I/System.out(23212): body:<com.localytics.android.BaseUploadThread: boolean upload(com.localytics.android.BaseUploadThread$UploadType,java.lang.String,java.lang.String,int)>	sig:virtualinvoke $r17.<java.net.HttpURLConnection: void setRequestProperty(java.lang.String,java.lang.String)>("x-install-id", $r12)	timediff:0
I/System.out(23212): body:<com.localytics.android.BaseUploadThread: boolean upload(com.localytics.android.BaseUploadThread$UploadType,java.lang.String,java.lang.String,int)>	sig:virtualinvoke $r17.<java.net.HttpURLConnection: void setRequestProperty(java.lang.String,java.lang.String)>("x-app-id", $r12)	timediff:0
I/System.out(23212): body:<com.localytics.android.BaseUploadThread: boolean upload(com.localytics.android.BaseUploadThread$UploadType,java.lang.String,java.lang.String,int)>	sig:virtualinvoke $r17.<java.net.HttpURLConnection: void setRequestProperty(java.lang.String,java.lang.String)>("x-client-version", "androida_3.1.1")	timediff:0
I/System.out(23212): body:<com.localytics.android.BaseUploadThread: boolean upload(com.localytics.android.BaseUploadThread$UploadType,java.lang.String,java.lang.String,int)>	sig:virtualinvoke $r17.<java.net.HttpURLConnection: void setRequestProperty(java.lang.String,java.lang.String)>("x-app-version", $r12)	timediff:0
I/System.out(23212): body:<com.localytics.android.BaseUploadThread: boolean upload(com.localytics.android.BaseUploadThread$UploadType,java.lang.String,java.lang.String,int)>	sig:virtualinvoke $r17.<java.net.HttpURLConnection: void setRequestProperty(java.lang.String,java.lang.String)>("x-customer-id", $r12)	timediff:0
I/System.out(23212): body:<com.localytics.android.BaseUploadThread: boolean upload(com.localytics.android.BaseUploadThread$UploadType,java.lang.String,java.lang.String,int)>	sig:virtualinvoke $r17.<java.net.HttpURLConnection: void setFixedLengthStreamingMode(int)>($i1)	timediff:0
I/System.out(23212): body:<com.localytics.android.BaseUploadThread: boolean upload(com.localytics.android.BaseUploadThread$UploadType,java.lang.String,java.lang.String,int)>	sig:virtualinvoke $r5.<java.net.HttpURLConnection: void disconnect()>()	timediff:0
I/sh:FacebookUtil(23212): UserInfoChangedCallback() Called
I/sh:FacebookUtil(23212): Facebook Session: OPENING
I/System.out(23212): body:<com.localytics.android.BaseUploadThread: boolean upload(com.localytics.android.BaseUploadThread$UploadType,java.lang.String,java.lang.String,int)>	sig:specialinvoke $r15.<java.net.URL: void <init>(java.lang.String)>($r2)	timediff:0
I/System.out(23212): <com.localytics.android.BaseUploadThread: boolean upload(com.localytics.android.BaseUploadThread$UploadType,java.lang.String,java.lang.String,int)>###specialinvoke $r15.<java.net.URL: void <init>(java.lang.String)>($r2)###https://analytics.localytics.com/api/v2/uploads
I/System.out(23212): body:<com.localytics.android.BaseUploadThread: boolean upload(com.localytics.android.BaseUploadThread$UploadType,java.lang.String,java.lang.String,int)>	sig:$r16 = virtualinvoke $r15.<java.net.URL: java.net.URLConnection openConnection()>()	timediff:0
I/System.out(23212): body:<com.localytics.android.BaseUploadThread: boolean upload(com.localytics.android.BaseUploadThread$UploadType,java.lang.String,java.lang.String,int)>	sig:virtualinvoke $r17.<java.net.HttpURLConnection: void setConnectTimeout(int)>(60000)	timediff:0
I/System.out(23212): body:<com.localytics.android.BaseUploadThread: boolean upload(com.localytics.android.BaseUploadThread$UploadType,java.lang.String,java.lang.String,int)>	sig:virtualinvoke $r17.<java.net.HttpURLConnection: void setReadTimeout(int)>(60000)	timediff:0
I/System.out(23212): body:<com.localytics.android.BaseUploadThread: boolean upload(com.localytics.android.BaseUploadThread$UploadType,java.lang.String,java.lang.String,int)>	sig:virtualinvoke $r17.<java.net.HttpURLConnection: void setDoOutput(boolean)>($z0)	timediff:0
I/System.out(23212): body:<com.localytics.android.BaseUploadThread: boolean upload(com.localytics.android.BaseUploadThread$UploadType,java.lang.String,java.lang.String,int)>	sig:virtualinvoke $r17.<java.net.HttpURLConnection: void setRequestProperty(java.lang.String,java.lang.String)>("Content-Type", "application/x-gzip")	timediff:0
I/System.out(23212): body:<com.localytics.android.BaseUploadThread: boolean upload(com.localytics.android.BaseUploadThread$UploadType,java.lang.String,java.lang.String,int)>	sig:virtualinvoke $r17.<java.net.HttpURLConnection: void setRequestProperty(java.lang.String,java.lang.String)>("Content-Encoding", "gzip")	timediff:0
I/System.out(23212): body:<com.localytics.android.BaseUploadThread: boolean upload(com.localytics.android.BaseUploadThread$UploadType,java.lang.String,java.lang.String,int)>	sig:virtualinvoke $r17.<java.net.HttpURLConnection: void setRequestProperty(java.lang.String,java.lang.String)>("X-DONT-SEND-AMP", "1")	timediff:0
I/System.out(23212): body:<com.localytics.android.BaseUploadThread: boolean upload(com.localytics.android.BaseUploadThread$UploadType,java.lang.String,java.lang.String,int)>	sig:virtualinvoke $r17.<java.net.HttpURLConnection: void setRequestProperty(java.lang.String,java.lang.String)>("Accept-Encoding", "")	timediff:0
I/System.out(23212): body:<com.localytics.android.BaseUploadThread: boolean upload(com.localytics.android.BaseUploadThread$UploadType,java.lang.String,java.lang.String,int)>	sig:virtualinvoke $r17.<java.net.HttpURLConnection: void setRequestProperty(java.lang.String,java.lang.String)>("x-upload-time", $r12)	timediff:1
I/System.out(23212): body:<com.localytics.android.BaseUploadThread: boolean upload(com.localytics.android.BaseUploadThread$UploadType,java.lang.String,java.lang.String,int)>	sig:virtualinvoke $r17.<java.net.HttpURLConnection: void setRequestProperty(java.lang.String,java.lang.String)>("x-install-id", $r12)	timediff:0
E/ActivityThread(23212): Failed to find provider info for com.facebook.katana.provider.PlatformProvider
I/System.out(23212): body:<com.localytics.android.BaseUploadThread: boolean upload(com.localytics.android.BaseUploadThread$UploadType,java.lang.String,java.lang.String,int)>	sig:virtualinvoke $r17.<java.net.HttpURLConnection: void setRequestProperty(java.lang.String,java.lang.String)>("x-app-id", $r12)	timediff:0
I/System.out(23212): body:<com.localytics.android.BaseUploadThread: boolean upload(com.localytics.android.BaseUploadThread$UploadType,java.lang.String,java.lang.String,int)>	sig:virtualinvoke $r17.<java.net.HttpURLConnection: void setRequestProperty(java.lang.String,java.lang.String)>("x-client-version", "androida_3.1.1")	timediff:0
I/System.out(23212): body:<com.localytics.android.BaseUploadThread: boolean upload(com.localytics.android.BaseUploadThread$UploadType,java.lang.String,java.lang.String,int)>	sig:virtualinvoke $r17.<java.net.HttpURLConnection: void setRequestProperty(java.lang.String,java.lang.String)>("x-app-version", $r12)	timediff:0
I/System.out(23212): body:<com.localytics.android.BaseUploadThread: boolean upload(com.localytics.android.BaseUploadThread$UploadType,java.lang.String,java.lang.String,int)>	sig:virtualinvoke $r17.<java.net.HttpURLConnection: void setRequestProperty(java.lang.String,java.lang.String)>("x-customer-id", $r12)	timediff:0
I/System.out(23212): body:<com.localytics.android.BaseUploadThread: boolean upload(com.localytics.android.BaseUploadThread$UploadType,java.lang.String,java.lang.String,int)>	sig:virtualinvoke $r17.<java.net.HttpURLConnection: void setFixedLengthStreamingMode(int)>($i1)	timediff:0
I/System.out(23212): body:<com.localytics.android.BaseUploadThread: boolean upload(com.localytics.android.BaseUploadThread$UploadType,java.lang.String,java.lang.String,int)>	sig:virtualinvoke $r5.<java.net.HttpURLConnection: void disconnect()>()	timediff:0
E/ActivityThread(23212): Failed to find provider info for com.facebook.wakizashi.provider.PlatformProvider
W/ViewRootImpl(23212): Dropping event due to no window focus: KeyEvent { action=ACTION_DOWN, keyCode=KEYCODE_DPAD_LEFT, scanCode=0, metaState=0, flags=0x8, repeatCount=0, eventTime=13187112, downTime=13187112, deviceId=-1, source=0x101 }
W/EGL_emulation(23212): eglSurfaceAttrib not implemented 3093 12436
W/EGL_emulation(23212): eglSurfaceAttrib not implemented 3093 12436
W/ContextImpl(  464): Calling a method in the system process without a qualified user: android.app.ContextImpl.sendBroadcast:1123 com.android.server.InputMethodManagerService.hideCurrentInputLocked:1880 com.android.server.InputMethodManagerService.windowGainedFocus:1968 com.android.internal.view.IInputMethodManager$Stub.onTransact:221 com.android.server.InputMethodManagerService.onTransact:818 
I/ActivityManager(  464): Displayed com.melodis.midomiMusicIdentifier.freemium/com.facebook.LoginActivity: +640ms
I/chromium(23212): [INFO:simple_index_file.cc(397)] Simple Cache Index is being restored from disk.
D/dalvikvm(23212): GC_CONCURRENT freed 2976K, 54% free 13898K/30180K, paused 2ms+2ms, total 22ms
W/ViewRootImpl(23212): Dropping event due to no window focus: KeyEvent { action=ACTION_DOWN, keyCode=KEYCODE_DPAD_CENTER, scanCode=0, metaState=0, flags=0x8, repeatCount=0, eventTime=13187881, downTime=13187881, deviceId=-1, source=0x101 }
W/EGL_emulation(23212): eglSurfaceAttrib not implemented 3093 12436
W/ViewRootImpl(23212): Dropping event due to no window focus: KeyEvent { action=ACTION_DOWN, keyCode=KEYCODE_DPAD_DOWN, scanCode=0, metaState=0, flags=0x8, repeatCount=0, eventTime=13187943, downTime=13187943, deviceId=-1, source=0x101 }
W/ViewRootImpl(23212): Dropping event due to no window focus: KeyEvent { action=ACTION_DOWN, keyCode=KEYCODE_MENU, scanCode=0, metaState=0, flags=0x8, repeatCount=0, eventTime=13188021, downTime=13188021, deviceId=-1, source=0x101 }
W/ViewRootImpl(23212): Dropping event due to no window focus: KeyEvent { action=ACTION_DOWN, keyCode=KEYCODE_DPAD_UP, scanCode=0, metaState=0, flags=0x8, repeatCount=0, eventTime=13188248, downTime=13188248, deviceId=-1, source=0x101 }
W/ViewRootImpl(23212): Dropping event due to no window focus: KeyEvent { action=ACTION_DOWN, keyCode=KEYCODE_DPAD_CENTER, scanCode=0, metaState=0, flags=0x8, repeatCount=0, eventTime=13188324, downTime=13188324, deviceId=-1, source=0x101 }
W/ViewRootImpl(23212): Dropping event due to no window focus: KeyEvent { action=ACTION_DOWN, keyCode=KEYCODE_MENU, scanCode=0, metaState=0, flags=0x8, repeatCount=0, eventTime=13188329, downTime=13188329, deviceId=-1, source=0x101 }
I/LL_EVENTS(23212): uiElement:: navDrawerSwipe
W/DebugConnManager(23212): getNetworkInfo() on networkType 1
W/ContextImpl(  464): Calling a method in the system process without a qualified user: android.app.ContextImpl.sendBroadcast:1123 com.android.server.InputMethodManagerService.hideCurrentInputLocked:1880 com.android.server.InputMethodManagerService.windowGainedFocus:1968 com.android.internal.view.IInputMethodManager$Stub.onTransact:221 com.android.server.InputMethodManagerService.onTransact:818 
I/LL_EVENTS(23212): uiElement:: navDrawerSwipe
I/System.out(23212): body:<com.localytics.android.ProfileUploadHandler: int uploadData()>	sig:$r7 = staticinvoke <java.net.URLEncoder: java.lang.String encode(java.lang.String,java.lang.String)>($r2, "UTF-8")	timediff:0
I/System.out(23212): body:<com.localytics.android.BaseUploadThread: boolean upload(com.localytics.android.BaseUploadThread$UploadType,java.lang.String,java.lang.String,int)>	sig:specialinvoke $r15.<java.net.URL: void <init>(java.lang.String)>($r2)	timediff:0
I/System.out(23212): <com.localytics.android.BaseUploadThread: boolean upload(com.localytics.android.BaseUploadThread$UploadType,java.lang.String,java.lang.String,int)>###specialinvoke $r15.<java.net.URL: void <init>(java.lang.String)>($r2)###https://profile.localytics.com/v1/apps/3335904327062dc9ea35087-47b59e74-eac9-11e4-312e-004a77f8b47f/profiles/7931d313-38c9-4972-ba5e-117bc4820453
I/System.out(23212): body:<com.localytics.android.BaseUploadThread: boolean upload(com.localytics.android.BaseUploadThread$UploadType,java.lang.String,java.lang.String,int)>	sig:$r16 = virtualinvoke $r15.<java.net.URL: java.net.URLConnection openConnection()>()	timediff:1
I/System.out(23212): body:<com.localytics.android.BaseUploadThread: boolean upload(com.localytics.android.BaseUploadThread$UploadType,java.lang.String,java.lang.String,int)>	sig:virtualinvoke $r17.<java.net.HttpURLConnection: void setConnectTimeout(int)>(60000)	timediff:0
I/System.out(23212): body:<com.localytics.android.BaseUploadThread: boolean upload(com.localytics.android.BaseUploadThread$UploadType,java.lang.String,java.lang.String,int)>	sig:virtualinvoke $r17.<java.net.HttpURLConnection: void setReadTimeout(int)>(60000)	timediff:0
I/System.out(23212): body:<com.localytics.android.BaseUploadThread: boolean upload(com.localytics.android.BaseUploadThread$UploadType,java.lang.String,java.lang.String,int)>	sig:virtualinvoke $r17.<java.net.HttpURLConnection: void setDoOutput(boolean)>($z0)	timediff:1
I/System.out(23212): body:<com.localytics.android.BaseUploadThread: boolean upload(com.localytics.android.BaseUploadThread$UploadType,java.lang.String,java.lang.String,int)>	sig:virtualinvoke $r17.<java.net.HttpURLConnection: void setRequestProperty(java.lang.String,java.lang.String)>("Content-Type", "application/json; charset=utf-8")	timediff:0
I/System.out(23212): body:<com.localytics.android.BaseUploadThread: boolean upload(com.localytics.android.BaseUploadThread$UploadType,java.lang.String,java.lang.String,int)>	sig:virtualinvoke $r17.<java.net.HttpURLConnection: void setRequestProperty(java.lang.String,java.lang.String)>("Accept-Encoding", "")	timediff:1
I/System.out(23212): body:<com.localytics.android.BaseUploadThread: boolean upload(com.localytics.android.BaseUploadThread$UploadType,java.lang.String,java.lang.String,int)>	sig:virtualinvoke $r17.<java.net.HttpURLConnection: void setRequestProperty(java.lang.String,java.lang.String)>("x-upload-time", $r12)	timediff:0
