W/ViewRootImpl(21393): Dropping event due to no window focus: KeyEvent { action=ACTION_DOWN, keyCode=KEYCODE_MENU, scanCode=0, metaState=0, flags=0x8, repeatCount=0, eventTime=13064784, downTime=13064784, deviceId=-1, source=0x101 }
W/ViewRootImpl(21393): Dropping event due to no window focus: KeyEvent { action=ACTION_DOWN, keyCode=KEYCODE_DPAD_RIGHT, scanCode=0, metaState=0, flags=0x8, repeatCount=0, eventTime=13064997, downTime=13064997, deviceId=-1, source=0x101 }
W/ContextImpl(  464): Calling a method in the system process without a qualified user: android.app.ContextImpl.sendBroadcast:1123 com.android.server.InputMethodManagerService.hideCurrentInputLocked:1880 com.android.server.InputMethodManagerService.windowGainedFocus:1968 com.android.internal.view.IInputMethodManager$Stub.onTransact:221 com.android.server.InputMethodManagerService.onTransact:818 
W/DebugConnManager(  713): getNetworkInfo() on networkType 0
E/Herrevad(  713): [3345] RemoteReportsRefreshChimeraService.a: want to send authenticated request, but no Google account on device
W/Herrevad(  713): [3345] RemoteReportsRefreshChimeraService.a: java.util.concurrent.ExecutionException: com.android.volley.NoConnectionError: java.net.UnknownHostException: Unable to resolve host "android.googleapis.com": No address associated with hostname
W/Ads     (  713): Error while connecting to ad server: Unable to resolve host "googleads.g.doubleclick.net": No address associated with hostname
W/Ads     (21393): There was a problem getting an ad response. ErrorCode: 2
I/Ads     (21393): Scheduling ad refresh 60000 milliseconds from now.
W/Ads     (21393): Failed to load ad: 2
I/ActivityManager(  464): Displayed com.agminstruments.drumpadmachine/.SequencerActivity: +391ms
D/dalvikvm(  464): GC_CONCURRENT freed 3013K, 52% free 15198K/31284K, paused 0ms+5ms, total 33ms
W/SocketClient(  163): write error (Broken pipe)
I/io.presage.new.do.a(21393): INFO main io.presage.new.do.a - com.agminstruments.drumpadmachine.SequencerActivity paused
I/io.presage.new.do.a(21393): INFO main io.presage.new.do.a - com.agminstruments.drumpadmachine.MainActivityDPM resumed
W/EGL_emulation(21393): eglSurfaceAttrib not implemented 3093 12436
W/ViewRootImpl(21393): Dropping event due to no window focus: KeyEvent { action=ACTION_DOWN, keyCode=KEYCODE_DPAD_UP, scanCode=0, metaState=0, flags=0x8, repeatCount=0, eventTime=13065629, downTime=13065629, deviceId=-1, source=0x101 }
E/Ads     (21393): JS: Not allowed to load local resource: file:///android_asset/webkit/android-weberror.png (data:text/html,chromewebdata:12)
I/chromium(21393): [INFO:CONSOLE(12)] "Not allowed to load local resource: file:///android_asset/webkit/android-weberror.png", source: data:text/html,chromewebdata (12)
W/ViewRootImpl(21393): Dropping event due to no window focus: KeyEvent { action=ACTION_DOWN, keyCode=KEYCODE_DPAD_CENTER, scanCode=0, metaState=0, flags=0x8, repeatCount=0, eventTime=13065757, downTime=13065757, deviceId=-1, source=0x101 }
W/ContextImpl(  464): Calling a method in the system process without a qualified user: android.app.ContextImpl.sendBroadcast:1123 com.android.server.InputMethodManagerService.hideCurrentInputLocked:1880 com.android.server.InputMethodManagerService.windowGainedFocus:1968 com.android.internal.view.IInputMethodManager$Stub.onTransact:221 com.android.server.InputMethodManagerService.onTransact:818 
I/ActivityManager(  464): START u0 {act=android.intent.action.CALL_BUTTON flg=0x10000000} from pid 21393
W/PhoneFallbackEventHandler(21393): No activity found for android.intent.action.CALL_BUTTON.
I/io.presage.new.do.a(21393): INFO main io.presage.new.do.a - com.agminstruments.drumpadmachine.SequencerActivity stopped
I/ActivityManager(  464): START u0 {act=android.intent.action.MAIN cat=[android.intent.category.LAUNCHER] flg=0x10200000 cmp=com.agminstruments.drumpadmachine/.MainActivityDPM} from pid 21383
I/io.presage.new.do.a(21393): INFO main io.presage.new.do.a - com.agminstruments.drumpadmachine.MainActivityDPM paused
I/io.presage.new.do.a(21393): INFO main io.presage.new.do.a - com.agminstruments.drumpadmachine.MainActivityDPM resumed
W/ViewRootImpl(21393): Dropping event due to no window focus: KeyEvent { action=ACTION_DOWN, keyCode=KEYCODE_BACK, scanCode=0, metaState=0, flags=0x8, repeatCount=0, eventTime=13066426, downTime=13066426, deviceId=-1, source=0x101 }
W/ViewRootImpl(21393): Dropping event due to no window focus: KeyEvent { action=ACTION_DOWN, keyCode=KEYCODE_BUTTON_5, scanCode=0, metaState=0, flags=0x8, repeatCount=0, eventTime=13066462, downTime=13066462, deviceId=-1, source=0x101 }
W/EGL_emulation(21393): eglSurfaceAttrib not implemented 3093 12436
W/ViewRootImpl(21393): Dropping event due to no window focus: KeyEvent { action=ACTION_DOWN, keyCode=KEYCODE_DPAD_CENTER, scanCode=0, metaState=0, flags=0x8, repeatCount=0, eventTime=13066462, downTime=13066462, deviceId=-1, source=0x101 }
W/InputMethodManagerService(  464): Window already focused, ignoring focus gain of: com.android.internal.view.IInputMethodClient$Stub$Proxy@4aca4fac attribute=null, token = android.os.BinderProxy@4ac2e624
W/ViewRootImpl(21393): Dropping event due to no window focus: KeyEvent { action=ACTION_DOWN, keyCode=KEYCODE_DPAD_DOWN, scanCode=0, metaState=0, flags=0x8, repeatCount=0, eventTime=13066950, downTime=13066950, deviceId=-1, source=0x101 }
W/EGL_emulation(21393): eglSurfaceAttrib not implemented 3093 12436
W/ViewRootImpl(21393): Dropping event due to no window focus: KeyEvent { action=ACTION_DOWN, keyCode=KEYCODE_DPAD_CENTER, scanCode=0, metaState=0, flags=0x8, repeatCount=0, eventTime=13066976, downTime=13066976, deviceId=-1, source=0x101 }
I/ActivityManager(  464): START u0 {act=android.intent.action.MAIN cat=[android.intent.category.LAUNCHER] flg=0x10200000 cmp=com.agminstruments.drumpadmachine/.MainActivityDPM} from pid 21383
I/io.presage.new.do.a(21393): INFO main io.presage.new.do.a - com.agminstruments.drumpadmachine.MainActivityDPM paused
I/io.presage.new.do.a(21393): INFO main io.presage.new.do.a - com.agminstruments.drumpadmachine.MainActivityDPM resumed
W/InputMethodManagerService(  464): Window already focused, ignoring focus gain of: com.android.internal.view.IInputMethodClient$Stub$Proxy@4aace07c attribute=null, token = android.os.BinderProxy@4ac2e624
I/ActivityManager(  464): START u0 {act=android.intent.action.MAIN cat=[android.intent.category.LAUNCHER] flg=0x10200000 cmp=com.agminstruments.drumpadmachine/.MainActivityDPM} from pid 21383
I/io.presage.new.do.a(21393): INFO main io.presage.new.do.a - com.agminstruments.drumpadmachine.MainActivityDPM paused
I/io.presage.new.do.a(21393): INFO main io.presage.new.do.a - com.agminstruments.drumpadmachine.MainActivityDPM resumed
W/ViewRootImpl(21393): Dropping event due to no window focus: KeyEvent { action=ACTION_DOWN, keyCode=KEYCODE_DPAD_UP, scanCode=0, metaState=0, flags=0x8, repeatCount=0, eventTime=13067338, downTime=13067338, deviceId=-1, source=0x101 }
W/EGL_emulation(21393): eglSurfaceAttrib not implemented 3093 12436
W/ViewRootImpl(21393): Dropping event due to no window focus: KeyEvent { action=ACTION_DOWN, keyCode=KEYCODE_MENU, scanCode=0, metaState=0, flags=0x8, repeatCount=0, eventTime=13067364, downTime=13067364, deviceId=-1, source=0x101 }
W/ViewRootImpl(21393): Dropping event due to no window focus: KeyEvent { action=ACTION_DOWN, keyCode=KEYCODE_DPAD_DOWN, scanCode=0, metaState=0, flags=0x8, repeatCount=0, eventTime=13067429, downTime=13067429, deviceId=-1, source=0x101 }
W/InputMethodManagerService(  464): Window already focused, ignoring focus gain of: com.android.internal.view.IInputMethodClient$Stub$Proxy@4a94d444 attribute=null, token = android.os.BinderProxy@4ac2e624
W/ViewRootImpl(21393): Dropping event due to no window focus: MotionEvent { action=ACTION_MOVE, id[0]=0, x[0]=0.0, y[0]=0.0, toolType[0]=TOOL_TYPE_UNKNOWN, buttonState=0, metaState=0, flags=0x0, edgeFlags=0x0, pointerCount=1, historySize=7, eventTime=13067772, downTime=-1, deviceId=0, source=0x10004 }
W/EGL_emulation(21393): eglSurfaceAttrib not implemented 3093 12436
W/ViewRootImpl(21393): Dropping event due to no window focus: KeyEvent { action=ACTION_DOWN, keyCode=KEYCODE_DPAD_RIGHT, scanCode=0, metaState=0, flags=0x8, repeatCount=0, eventTime=13067774, downTime=13067774, deviceId=-1, source=0x101 }
W/ViewRootImpl(21393): Dropping event due to no window focus: KeyEvent { action=ACTION_DOWN, keyCode=KEYCODE_DPAD_RIGHT, scanCode=0, metaState=0, flags=0x8, repeatCount=0, eventTime=13067937, downTime=13067937, deviceId=-1, source=0x101 }
W/InputMethodManagerService(  464): Window already focused, ignoring focus gain of: com.android.internal.view.IInputMethodClient$Stub$Proxy@4a8f8d70 attribute=null, token = android.os.BinderProxy@4ac2e624
W/ViewRootImpl(21393): Dropping event due to no window focus: KeyEvent { action=ACTION_DOWN, keyCode=KEYCODE_F1, scanCode=0, metaState=0, flags=0x8, repeatCount=0, eventTime=13068071, downTime=13068071, deviceId=-1, source=0x101 }
W/ViewRootImpl(21393): Dropping event due to no window focus: KeyEvent { action=ACTION_DOWN, keyCode=KEYCODE_DPAD_DOWN, scanCode=0, metaState=0, flags=0x8, repeatCount=0, eventTime=13068078, downTime=13068078, deviceId=-1, source=0x101 }
W/EGL_emulation(21393): eglSurfaceAttrib not implemented 3093 12436
W/ViewRootImpl(21393): Dropping event due to no window focus: KeyEvent { action=ACTION_DOWN, keyCode=KEYCODE_MENU, scanCode=0, metaState=0, flags=0x8, repeatCount=0, eventTime=13068086, downTime=13068086, deviceId=-1, source=0x101 }
W/System.err(21393): log4j:WARN Received HTTP error from Sumo Service: 0
W/ViewRootImpl(21393): Dropping event due to no window focus: KeyEvent { action=ACTION_DOWN, keyCode=KEYCODE_BUTTON_A, scanCode=0, metaState=0, flags=0x8, repeatCount=0, eventTime=13068254, downTime=13068254, deviceId=-1, source=0x101 }
W/ViewRootImpl(21393): Dropping event due to no window focus: KeyEvent { action=ACTION_DOWN, keyCode=KEYCODE_DPAD_CENTER, scanCode=0, metaState=0, flags=0x8, repeatCount=0, eventTime=13068254, downTime=13068254, deviceId=-1, source=0x101 }
W/InputMethodManagerService(  464): Window already focused, ignoring focus gain of: com.android.internal.view.IInputMethodClient$Stub$Proxy@4abe0b50 attribute=android.view.inputmethod.EditorInfo@4addea68, token = android.os.BinderProxy@4ac2e624
I/ActivityManager(  464): START u0 {act=android.intent.action.VIEW dat=market://details?id=com.agminstruments.pianovoice&referrer=utm_source=dpm flg=0x18000000 cmp=com.android.vending/com.google.android.finsky.activities.LaunchUrlHandlerActivity} from pid 21393
W/EGL_emulation(21393): eglSurfaceAttrib not implemented 3093 12436
W/ViewRootImpl(21393): Dropping event due to no window focus: MotionEvent { action=ACTION_MOVE, id[0]=0, x[0]=-4.0, y[0]=2.0, toolType[0]=TOOL_TYPE_UNKNOWN, buttonState=0, metaState=0, flags=0x0, edgeFlags=0x0, pointerCount=1, historySize=0, eventTime=13068454, downTime=-1, deviceId=0, source=0x10004 }
W/ViewRootImpl(21393): Dropping event due to no window focus: KeyEvent { action=ACTION_DOWN, keyCode=KEYCODE_NUMPAD_COMMA, scanCode=0, metaState=0, flags=0x8, repeatCount=0, eventTime=13068463, downTime=13068463, deviceId=-1, source=0x101 }
I/ActivityManager(  464): START u0 {act=android.intent.action.VIEW dat=market://details?id=com.agminstruments.pianovoice&referrer=utm_source=dpm flg=0x18000000 cmp=com.android.vending/com.google.android.finsky.activities.LaunchUrlHandlerActivity} from pid 21393
W/InputMethodManagerService(  464): Window already focused, ignoring focus gain of: com.android.internal.view.IInputMethodClient$Stub$Proxy@4abc8cf4 attribute=android.view.inputmethod.EditorInfo@4abc5bd4, token = android.os.BinderProxy@4ac2e624
I/ActivityManager(  464): START u0 {act=android.intent.action.VIEW dat=market://details?id=com.agminstruments.dubstepdrumpadmachine&referrer=utm_source=dpm flg=0x18000000 cmp=com.android.vending/com.google.android.finsky.activities.LaunchUrlHandlerActivity} from pid 21393
W/ViewRootImpl(21393): Dropping event due to no window focus: KeyEvent { action=ACTION_DOWN, keyCode=KEYCODE_DPAD_UP, scanCode=0, metaState=0, flags=0x8, repeatCount=0, eventTime=13068730, downTime=13068730, deviceId=-1, source=0x101 }
W/EGL_emulation(21393): eglSurfaceAttrib not implemented 3093 12436
W/ViewRootImpl(21393): Dropping event due to no window focus: KeyEvent { action=ACTION_DOWN, keyCode=KEYCODE_MENU, scanCode=0, metaState=0, flags=0x8, repeatCount=0, eventTime=13068742, downTime=13068742, deviceId=-1, source=0x101 }
I/ActivityManager(  464): START u0 {act=android.intent.action.VIEW dat=market://details?id=com.agminstruments.dubstepdrumpadmachine&referrer=utm_source=dpm flg=0x18000000 cmp=com.android.vending/com.google.android.finsky.activities.LaunchUrlHandlerActivity} from pid 21393
W/InputMethodManagerService(  464): Window already focused, ignoring focus gain of: com.android.internal.view.IInputMethodClient$Stub$Proxy@4acc3d28 attribute=null, token = android.os.BinderProxy@4ac2e624
I/ActivityManager(  464): START u0 {act=android.intent.action.MAIN cat=[android.intent.category.LAUNCHER] flg=0x10200000 cmp=com.agminstruments.drumpadmachine/.MainActivityDPM} from pid 21383
I/io.presage.new.do.a(21393): INFO main io.presage.new.do.a - com.agminstruments.drumpadmachine.MainActivityDPM paused
I/io.presage.new.do.a(21393): INFO main io.presage.new.do.a - com.agminstruments.drumpadmachine.MainActivityDPM resumed
W/ViewRootImpl(21393): Dropping event due to no window focus: KeyEvent { action=ACTION_DOWN, keyCode=KEYCODE_DPAD_CENTER, scanCode=0, metaState=0, flags=0x8, repeatCount=0, eventTime=13069578, downTime=13069578, deviceId=-1, source=0x101 }
W/ViewRootImpl(21393): Dropping event due to no window focus: KeyEvent { action=ACTION_DOWN, keyCode=KEYCODE_DPAD_LEFT, scanCode=0, metaState=0, flags=0x8, repeatCount=0, eventTime=13069594, downTime=13069594, deviceId=-1, source=0x101 }
W/EGL_emulation(21393): eglSurfaceAttrib not implemented 3093 12436
W/ViewRootImpl(21393): Dropping event due to no window focus: KeyEvent { action=ACTION_DOWN, keyCode=KEYCODE_NUMPAD_5, scanCode=0, metaState=0, flags=0x8, repeatCount=0, eventTime=13069607, downTime=13069607, deviceId=-1, source=0x101 }
W/InputMethodManagerService(  464): Window already focused, ignoring focus gain of: com.android.internal.view.IInputMethodClient$Stub$Proxy@4ad65804 attribute=null, token = android.os.BinderProxy@4ac2e624
W/InputManager(  464): Input event injection from pid 21383 failed.
W/InputManager(  464): Input event injection from pid 21383 failed.
W/InputManager(  464): Input event injection from pid 21383 failed.
W/InputManager(  464): Input event injection from pid 21383 failed.
W/InputManager(  464): Input event injection from pid 21383 failed.
W/InputManager(  464): Input event injection from pid 21383 failed.
D/dalvikvm(  713): GC_CONCURRENT freed 2227K, 41% free 9515K/15900K, paused 1ms+3ms, total 23ms
I/ActivityManager(  464): START u0 {act=android.intent.action.VIEW dat=https://www.facebook.com/drumpadmachine cmp=com.android.browser/.BrowserActivity} from pid 21393
I/ActivityManager(  464): START u0 {act=android.intent.action.MAIN cat=[android.intent.category.HOME] flg=0x10200000 cmp=com.vphone.launcher/.Launcher} from pid 464
I/io.presage.new.do.b(21393): INFO main io.presage.new.do.b - Home key pressed from one of our activities
D/io.presage.Presage(21393): DEBUG main io.presage.Presage - User is going to leave the application by clicking on home. The last activity was com.agminstruments.drumpadmachine.MainActivityDPM
W/ViewRootImpl(21393): Dropping event due to no window focus: KeyEvent { action=ACTION_DOWN, keyCode=KEYCODE_DPAD_CENTER, scanCode=0, metaState=0, flags=0x8, repeatCount=0, eventTime=13070770, downTime=13070770, deviceId=-1, source=0x101 }
W/EGL_emulation(21393): eglSurfaceAttrib not implemented 3093 12436
W/ViewRootImpl(21393): Dropping event due to no window focus: MotionEvent { action=ACTION_MOVE, id[0]=0, x[0]=-4.0, y[0]=-3.0, toolType[0]=TOOL_TYPE_UNKNOWN, buttonState=0, metaState=0, flags=0x0, edgeFlags=0x0, pointerCount=1, historySize=1, eventTime=13070993, downTime=-1, deviceId=0, source=0x10004 }
I/InputDispatcher(  464): Dropped event because of pending overdue app switch.
W/InputManager(  464): Input event injection from pid 21383 failed.
W/InputMethodManagerService(  464): Window already focused, ignoring focus gain of: com.android.internal.view.IInputMethodClient$Stub$Proxy@4a9c812c attribute=android.view.inputmethod.EditorInfo@4a9b7728, token = android.os.BinderProxy@4ac2e624
D/dalvikvm(21393): GC_CONCURRENT freed 1410K, 62% free 7819K/20344K, paused 0ms+2ms, total 12ms
D/dalvikvm(21393): WAIT_FOR_CONCURRENT_GC blocked 9ms
I/ActivityManager(  464): START u0 {act=android.intent.action.MAIN cat=[android.intent.category.LAUNCHER] flg=0x10200000 cmp=com.agminstruments.drumpadmachine/.MainActivityDPM} from pid 21383
I/io.presage.new.do.a(21393): INFO main io.presage.new.do.a - com.agminstruments.drumpadmachine.MainActivityDPM paused
I/io.presage.new.do.a(21393): INFO main io.presage.new.do.a - com.agminstruments.drumpadmachine.MainActivityDPM resumed
W/ViewRootImpl(21393): Dropping event due to no window focus: KeyEvent { action=ACTION_DOWN, keyCode=KEYCODE_DPAD_UP, scanCode=0, metaState=0, flags=0x8, repeatCount=0, eventTime=13071281, downTime=13071281, deviceId=-1, source=0x101 }
W/EGL_emulation(21393): eglSurfaceAttrib not implemented 3093 12436
W/ViewRootImpl(21393): Dropping event due to no window focus: MotionEvent { action=ACTION_MOVE, id[0]=0, x[0]=4.0, y[0]=1.0, toolType[0]=TOOL_TYPE_UNKNOWN, buttonState=0, metaState=0, flags=0x0, edgeFlags=0x0, pointerCount=1, historySize=9, eventTime=13071324, downTime=-1, deviceId=0, source=0x10004 }
W/ViewRootImpl(21393): Dropping event due to no window focus: MotionEvent { action=ACTION_DOWN, id[0]=0, x[0]=0.0, y[0]=0.0, toolType[0]=TOOL_TYPE_UNKNOWN, buttonState=0, metaState=0, flags=0x0, edgeFlags=0x0, pointerCount=1, historySize=0, eventTime=13071325, downTime=13071314, deviceId=0, source=0x10004 }
W/ViewRootImpl(21393): Dropping event due to no window focus: KeyEvent { action=ACTION_DOWN, keyCode=KEYCODE_MENU, scanCode=0, metaState=0, flags=0x8, repeatCount=0, eventTime=13071328, downTime=13071328, deviceId=-1, source=0x101 }
V/InputMethodService(  644): onEvaluateInputViewShown: config.hardKeyboardHidden = 1
W/ContextImpl(  464): Calling a method in the system process without a qualified user: android.app.ContextImpl.sendBroadcast:1123 com.android.server.InputMethodManagerService.showCurrentInputLocked:1791 com.android.server.InputMethodManagerService.windowGainedFocus:2021 com.android.internal.view.IInputMethodManager$Stub.onTransact:221 com.android.server.InputMethodManagerService.onTransact:818 
V/InputMethodService(  644): onEvaluateInputViewShown: config.hardKeyboardHidden = 1
W/ContextImpl(  464): Calling a method in the system process without a qualified user: android.app.ContextImpl.sendBroadcast:1123 com.android.server.InputMethodManagerService.showCurrentInputLocked:1791 com.android.server.InputMethodManagerService.attachNewInputLocked:1095 com.android.server.InputMethodManagerService.startInputUncheckedLocked:1166 com.android.server.InputMethodManagerService.startInputLocked:1128 
W/InputEventReceiver(21393): Attempted to finish an input event but the input event receiver has already been disposed.
W/ViewRootImpl(21393): Dropping event due to root view being removed: KeyEvent { action=ACTION_DOWN, keyCode=KEYCODE_DPAD_RIGHT, scanCode=0, metaState=0, flags=0x8, repeatCount=0, eventTime=13071692, downTime=13071692, deviceId=-1, source=0x101 }
W/ContextImpl(  464): Calling a method in the system process without a qualified user: android.app.ContextImpl.sendBroadcast:1123 com.android.server.InputMethodManagerService.hideCurrentInputLocked:1880 com.android.server.InputMethodManagerService.windowGainedFocus:1968 com.android.internal.view.IInputMethodManager$Stub.onTransact:221 com.android.server.InputMethodManagerService.onTransact:818 
W/EGL_emulation(21393): eglSurfaceAttrib not implemented 3093 12436
I/ActivityManager(  464): START u0 {act=android.intent.action.MAIN cat=[android.intent.category.LAUNCHER] flg=0x10200000 cmp=com.agminstruments.drumpadmachine/.MainActivityDPM} from pid 21383
I/io.presage.new.do.a(21393): INFO main io.presage.new.do.a - com.agminstruments.drumpadmachine.MainActivityDPM paused
I/io.presage.new.do.a(21393): INFO main io.presage.new.do.a - com.agminstruments.drumpadmachine.MainActivityDPM resumed
I/ActivityManager(  464): START u0 {act=android.intent.action.MAIN cat=[android.intent.category.LAUNCHER] flg=0x10200000 cmp=com.agminstruments.drumpadmachine/.MainActivityDPM} from pid 21383
I/io.presage.new.do.a(21393): INFO main io.presage.new.do.a - com.agminstruments.drumpadmachine.MainActivityDPM paused
I/io.presage.new.do.a(21393): INFO main io.presage.new.do.a - com.agminstruments.drumpadmachine.MainActivityDPM resumed
W/InputMethodManagerService(  464): Window already focused, ignoring focus gain of: com.android.internal.view.IInputMethodClient$Stub$Proxy@4abfa120 attribute=null, token = android.os.BinderProxy@4ac2e624
I/ActivityManager(  464): START u0 {act=android.intent.action.MAIN cat=[android.intent.category.LAUNCHER] flg=0x10200000 cmp=com.agminstruments.drumpadmachine/.MainActivityDPM} from pid 21383
I/ActivityManager(  464): START u0 {act=android.intent.action.MAIN cat=[android.intent.category.LAUNCHER] flg=0x10200000 cmp=com.agminstruments.drumpadmachine/.MainActivityDPM} from pid 21383
I/io.presage.new.do.a(21393): INFO main io.presage.new.do.a - com.agminstruments.drumpadmachine.MainActivityDPM paused
I/io.presage.new.do.a(21393): INFO main io.presage.new.do.a - com.agminstruments.drumpadmachine.MainActivityDPM resumed
I/io.presage.new.do.a(21393): INFO main io.presage.new.do.a - com.agminstruments.drumpadmachine.MainActivityDPM paused
I/io.presage.new.do.a(21393): INFO main io.presage.new.do.a - com.agminstruments.drumpadmachine.MainActivityDPM resumed
I/ActivityManager(  464): START u0 {act=android.intent.action.MAIN cat=[android.intent.category.LAUNCHER] flg=0x10000000 cmp=com.android.browser/.BrowserActivity sel={act=android.intent.action.MAIN cat=[android.intent.category.APP_BROWSER]}} from pid 464
D/dalvikvm(  532): GC_CONCURRENT freed 2300K, 24% free 20354K/26584K, paused 3ms+0ms, total 21ms
I/ActivityManager(  464): START u0 {act=com.android.systemui.recent.action.TOGGLE_RECENTS flg=0x10800000 cmp=com.android.systemui/.recent.RecentsActivity (has extras)} from pid 532
D/dalvikvm(  464): GC_CONCURRENT freed 3079K, 52% free 15155K/31284K, paused 2ms+2ms, total 41ms
I/ActivityManager(  464): START u0 {cmp=com.agminstruments.drumpadmachine/.InnerScreenActivity (has extras)} from pid 21393
I/io.presage.new.do.a(21393): INFO main io.presage.new.do.a - com.agminstruments.drumpadmachine.MainActivityDPM paused
I/ActivityManager(  464): START u0 {cmp=com.agminstruments.drumpadmachine/.InnerScreenActivity (has extras)} from pid 21393
I/dalvikvm(21393): Could not find method android.view.Window.setReturnTransition, referenced from method com.agminstruments.drumpadmachine.InnerScreenActivity.onBackPressed
W/dalvikvm(21393): VFY: unable to resolve virtual method 8089: Landroid/view/Window;.setReturnTransition (Landroid/transition/Transition;)V
D/dalvikvm(21393): VFY: replacing opcode 0x6e at 0x0016
I/dalvikvm(21393): Could not find method android.view.Window.setAllowEnterTransitionOverlap, referenced from method com.agminstruments.drumpadmachine.InnerScreenActivity.onCreate
W/dalvikvm(21393): VFY: unable to resolve virtual method 8078: Landroid/view/Window;.setAllowEnterTransitionOverlap (Z)V
D/dalvikvm(21393): VFY: replacing opcode 0x6e at 0x0067
I/dalvikvm(21393): Could not find method android.content.res.Resources.getColor, referenced from method com.agminstruments.drumpadmachine.InnerScreenActivity.onCreate
W/dalvikvm(21393): VFY: unable to resolve virtual method 1088: Landroid/content/res/Resources;.getColor (ILandroid/content/res/Resources$Theme;)I
D/dalvikvm(21393): VFY: replacing opcode 0x6e at 0x0092
I/dalvikvm(21393): Could not find method android.content.res.Resources.getColor, referenced from method com.agminstruments.drumpadmachine.InnerScreenActivity.onCreate
W/dalvikvm(21393): VFY: unable to resolve virtual method 1088: Landroid/content/res/Resources;.getColor (ILandroid/content/res/Resources$Theme;)I
D/dalvikvm(21393): VFY: replacing opcode 0x6e at 0x00f0
I/dalvikvm(21393): Could not find method android.view.Window.setAllowReturnTransitionOverlap, referenced from method com.agminstruments.drumpadmachine.InnerScreenActivity.onCreate
W/dalvikvm(21393): VFY: unable to resolve virtual method 8079: Landroid/view/Window;.setAllowReturnTransitionOverlap (Z)V
D/dalvikvm(21393): VFY: replacing opcode 0x6e at 0x0142
I/io.presage.new.do.a(21393): INFO main io.presage.new.do.a - com.agminstruments.drumpadmachine.InnerScreenActivity started.
I/InputDispatcher(  464): Dropped event because of pending overdue app switch.
I/System.out(21393): body:<com.batch.android.d.ah: void a(java.lang.String,java.lang.String[])>	sig:$r3 = staticinvoke <java.net.URLEncoder: java.lang.String encode(java.lang.String,java.lang.String)>($r3, "UTF-8")	timediff:0
I/System.out(21393): body:<com.batch.android.d.ah: void a(java.lang.String,java.lang.String[])>	sig:specialinvoke $r9.<java.net.URL: void <init>(java.lang.String)>($r1)	timediff:0
I/System.out(21393): <com.batch.android.d.ah: void a(java.lang.String,java.lang.String[])>###specialinvoke $r9.<java.net.URL: void <init>(java.lang.String)>($r1)###https://ws.batch.com/a/1.5.3/st/547EEAF1AD789DD47825DC2B12C080
I/System.out(21393): body:<com.batch.android.d.ah: void a(java.lang.String,java.lang.String[])>	sig:$r3 = virtualinvoke $r9.<java.net.URL: java.lang.String getQuery()>()	timediff:0
I/io.presage.new.do.a(21393): INFO main io.presage.new.do.a - com.agminstruments.drumpadmachine.InnerScreenActivity resumed
W/InputManager(  464): Input event injection from pid 21383 failed.
I/io.presage.new.do.a(21393): INFO main io.presage.new.do.a - com.agminstruments.drumpadmachine.InnerScreenActivity paused
W/EGL_emulation(21393): eglSurfaceAttrib not implemented 3093 12436
I/io.presage.new.do.a(21393): INFO main io.presage.new.do.a - com.agminstruments.drumpadmachine.InnerScreenActivity started.
I/io.presage.new.do.a(21393): INFO main io.presage.new.do.a - com.agminstruments.drumpadmachine.InnerScreenActivity resumed
W/System.err(21393): log4j:WARN Received HTTP error from Sumo Service: 0
W/EGL_emulation(21393): eglSurfaceAttrib not implemented 3093 12436
E/Batch   (21393): Batch.Push : Error while requesting push token to GCM : SERVICE_NOT_AVAILABLE
I/System.out(21393): body:<com.batch.android.d.ah: java.net.URL a(com.batch.android.d.x,com.batch.android.d.f)>	sig:specialinvoke $r3.<java.net.URL: void <init>(java.lang.String)>($r5)	timediff:0
I/System.out(21393): <com.batch.android.d.ah: java.net.URL a(com.batch.android.d.x,com.batch.android.d.f)>###specialinvoke $r3.<java.net.URL: void <init>(java.lang.String)>($r5)###https://ws.batch.com/a/1.5.3/st/547EEAF1AD789DD47825DC2B12C080
I/System.out(21393): body:<com.batch.android.d.aj: java.net.HttpURLConnection w()>	sig:$r3 = virtualinvoke $r2.<java.net.URL: java.net.URLConnection openConnection()>()	timediff:0
I/System.out(21393): body:<com.batch.android.d.aj: java.net.HttpURLConnection w()>	sig:virtualinvoke $r4.<java.net.HttpURLConnection: void setConnectTimeout(int)>($i0)	timediff:0
I/System.out(21393): body:<com.batch.android.d.aj: java.net.HttpURLConnection w()>	sig:virtualinvoke $r4.<java.net.HttpURLConnection: void setReadTimeout(int)>($i0)	timediff:0
I/System.out(21393): body:<com.batch.android.d.aj: java.net.HttpURLConnection w()>	sig:virtualinvoke $r4.<java.net.HttpURLConnection: void setRequestProperty(java.lang.String,java.lang.String)>($r8, $r9)	timediff:1
I/System.out(21393): body:<com.batch.android.d.aj: java.net.HttpURLConnection w()>	sig:virtualinvoke $r4.<java.net.HttpURLConnection: void setRequestProperty(java.lang.String,java.lang.String)>($r8, $r9)	timediff:0
I/System.out(21393): body:<com.batch.android.d.aj: java.net.HttpURLConnection w()>	sig:virtualinvoke $r4.<java.net.HttpURLConnection: void setRequestProperty(java.lang.String,java.lang.String)>($r8, $r9)	timediff:0
I/System.out(21393): body:<com.batch.android.d.aj: java.net.HttpURLConnection w()>	sig:virtualinvoke $r4.<java.net.HttpURLConnection: void setRequestProperty(java.lang.String,java.lang.String)>($r8, $r9)	timediff:0
I/System.out(21393): body:<com.batch.android.d.aj: java.net.HttpURLConnection w()>	sig:virtualinvoke $r4.<java.net.HttpURLConnection: void setRequestProperty(java.lang.String,java.lang.String)>("Accept-Encoding", "gzip")	timediff:0
I/System.out(21393): body:<com.batch.android.d.aj: java.net.HttpURLConnection w()>	sig:virtualinvoke $r4.<java.net.HttpURLConnection: void setDoOutput(boolean)>(1)	timediff:0
I/System.out(21393): body:<com.batch.android.d.aj: java.net.HttpURLConnection w()>	sig:virtualinvoke $r4.<java.net.HttpURLConnection: void setRequestMethod(java.lang.String)>("POST")	timediff:0
W/ViewRootImpl(21393): Dropping event due to no window focus: KeyEvent { action=ACTION_DOWN, keyCode=KEYCODE_DPAD_DOWN, scanCode=0, metaState=0, flags=0x8, repeatCount=0, eventTime=13073286, downTime=13073286, deviceId=-1, source=0x101 }
I/System.out(21393): body:<com.batch.android.d.aj: java.net.HttpURLConnection w()>	sig:virtualinvoke $r4.<java.net.HttpURLConnection: void setRequestProperty(java.lang.String,java.lang.String)>("Content-Type", $r9)	timediff:0
I/System.out(21393): body:<com.batch.android.d.ah: java.net.URL a(com.batch.android.d.x,com.batch.android.d.f)>	sig:specialinvoke $r3.<java.net.URL: void <init>(java.lang.String)>($r5)	timediff:0
I/System.out(21393): <com.batch.android.d.ah: java.net.URL a(com.batch.android.d.x,com.batch.android.d.f)>###specialinvoke $r3.<java.net.URL: void <init>(java.lang.String)>($r5)###https://ws.batch.com/a/1.5.3/st/547EEAF1AD789DD47825DC2B12C080
I/System.out(21393): body:<com.batch.android.d.aj: java.net.HttpURLConnection w()>	sig:$r3 = virtualinvoke $r2.<java.net.URL: java.net.URLConnection openConnection()>()	timediff:0
I/System.out(21393): body:<com.batch.android.d.aj: java.net.HttpURLConnection w()>	sig:virtualinvoke $r4.<java.net.HttpURLConnection: void setConnectTimeout(int)>($i0)	timediff:0
I/System.out(21393): body:<com.batch.android.d.aj: java.net.HttpURLConnection w()>	sig:virtualinvoke $r4.<java.net.HttpURLConnection: void setReadTimeout(int)>($i0)	timediff:0
I/System.out(21393): body:<com.batch.android.d.aj: java.net.HttpURLConnection w()>	sig:virtualinvoke $r4.<java.net.HttpURLConnection: void setRequestProperty(java.lang.String,java.lang.String)>($r8, $r9)	timediff:0
I/System.out(21393): body:<com.batch.android.d.aj: java.net.HttpURLConnection w()>	sig:virtualinvoke $r4.<java.net.HttpURLConnection: void setRequestProperty(java.lang.String,java.lang.String)>($r8, $r9)	timediff:0
I/System.out(21393): body:<com.batch.android.d.aj: java.net.HttpURLConnection w()>	sig:virtualinvoke $r4.<java.net.HttpURLConnection: void setRequestProperty(java.lang.String,java.lang.String)>($r8, $r9)	timediff:1
I/System.out(21393): body:<com.batch.android.d.aj: java.net.HttpURLConnection w()>	sig:virtualinvoke $r4.<java.net.HttpURLConnection: void setRequestProperty(java.lang.String,java.lang.String)>($r8, $r9)	timediff:0
I/System.out(21393): body:<com.batch.android.d.aj: java.net.HttpURLConnection w()>	sig:virtualinvoke $r4.<java.net.HttpURLConnection: void setRequestProperty(java.lang.String,java.lang.String)>($r8, $r9)	timediff:0
I/System.out(21393): body:<com.batch.android.d.aj: java.net.HttpURLConnection w()>	sig:virtualinvoke $r4.<java.net.HttpURLConnection: void setRequestProperty(java.lang.String,java.lang.String)>("Accept-Encoding", "gzip")	timediff:0
I/System.out(21393): body:<com.batch.android.d.aj: java.net.HttpURLConnection w()>	sig:virtualinvoke $r4.<java.net.HttpURLConnection: void setDoOutput(boolean)>(1)	timediff:0
I/System.out(21393): body:<com.batch.android.d.aj: java.net.HttpURLConnection w()>	sig:virtualinvoke $r4.<java.net.HttpURLConnection: void setRequestMethod(java.lang.String)>("POST")	timediff:0
W/SocketClient(  163): write error (Broken pipe)
I/System.out(21393): body:<com.batch.android.d.aj: java.net.HttpURLConnection w()>	sig:virtualinvoke $r4.<java.net.HttpURLConnection: void setRequestProperty(java.lang.String,java.lang.String)>("Content-Type", $r9)	timediff:0
I/System.out(21393): body:<com.batch.android.d.ah: java.net.URL a(com.batch.android.d.x,com.batch.android.d.f)>	sig:specialinvoke $r3.<java.net.URL: void <init>(java.lang.String)>($r5)	timediff:0
I/System.out(21393): <com.batch.android.d.ah: java.net.URL a(com.batch.android.d.x,com.batch.android.d.f)>###specialinvoke $r3.<java.net.URL: void <init>(java.lang.String)>($r5)###https://ws.batch.com/a/1.5.3/st/547EEAF1AD789DD47825DC2B12C080
I/System.out(21393): body:<com.batch.android.d.aj: java.net.HttpURLConnection w()>	sig:$r3 = virtualinvoke $r2.<java.net.URL: java.net.URLConnection openConnection()>()	timediff:0
I/System.out(21393): body:<com.batch.android.d.aj: java.net.HttpURLConnection w()>	sig:virtualinvoke $r4.<java.net.HttpURLConnection: void setConnectTimeout(int)>($i0)	timediff:0
I/System.out(21393): body:<com.batch.android.d.aj: java.net.HttpURLConnection w()>	sig:virtualinvoke $r4.<java.net.HttpURLConnection: void setReadTimeout(int)>($i0)	timediff:0
I/System.out(21393): body:<com.batch.android.d.aj: java.net.HttpURLConnection w()>	sig:virtualinvoke $r4.<java.net.HttpURLConnection: void setRequestProperty(java.lang.String,java.lang.String)>($r8, $r9)	timediff:0
I/System.out(21393): body:<com.batch.android.d.aj: java.net.HttpURLConnection w()>	sig:virtualinvoke $r4.<java.net.HttpURLConnection: void setRequestProperty(java.lang.String,java.lang.String)>($r8, $r9)	timediff:1
I/System.out(21393): body:<com.batch.android.d.aj: java.net.HttpURLConnection w()>	sig:virtualinvoke $r4.<java.net.HttpURLConnection: void setRequestProperty(java.lang.String,java.lang.String)>($r8, $r9)	timediff:0
I/System.out(21393): body:<com.batch.android.d.aj: java.net.HttpURLConnection w()>	sig:virtualinvoke $r4.<java.net.HttpURLConnection: void setRequestProperty(java.lang.String,java.lang.String)>($r8, $r9)	timediff:0
I/System.out(21393): body:<com.batch.android.d.aj: java.net.HttpURLConnection w()>	sig:virtualinvoke $r4.<java.net.HttpURLConnection: void setRequestProperty(java.lang.String,java.lang.String)>($r8, $r9)	timediff:0
I/System.out(21393): body:<com.batch.android.d.aj: java.net.HttpURLConnection w()>	sig:virtualinvoke $r4.<java.net.HttpURLConnection: void setRequestProperty(java.lang.String,java.lang.String)>("Accept-Encoding", "gzip")	timediff:0
I/System.out(21393): body:<com.batch.android.d.aj: java.net.HttpURLConnection w()>	sig:virtualinvoke $r4.<java.net.HttpURLConnection: void setDoOutput(boolean)>(1)	timediff:0
I/System.out(21393): body:<com.batch.android.d.aj: java.net.HttpURLConnection w()>	sig:virtualinvoke $r4.<java.net.HttpURLConnection: void setRequestMethod(java.lang.String)>("POST")	timediff:3
I/System.out(21393): body:<com.batch.android.d.aj: java.net.HttpURLConnection w()>	sig:virtualinvoke $r4.<java.net.HttpURLConnection: void setRequestProperty(java.lang.String,java.lang.String)>("Content-Type", $r9)	timediff:0
W/ResourceType(  464): Skipping entry 0x7f040002 in package table 0 because it is not complex!
W/ResourceType(  464): Skipping entry 0x7f040003 in package table 0 because it is not complex!
I/ActivityManager(  464): Displayed com.agminstruments.drumpadmachine/.InnerScreenActivity: +539ms (total +597ms)
W/ViewRootImpl(21393): Dropping event due to no window focus: KeyEvent { action=ACTION_DOWN, keyCode=KEYCODE_DPAD_CENTER, scanCode=0, metaState=0, flags=0x8, repeatCount=0, eventTime=13073336, downTime=13073336, deviceId=-1, source=0x101 }
W/ContextImpl(  464): Calling a method in the system process without a qualified user: android.app.ContextImpl.sendBroadcast:1123 com.android.server.InputMethodManagerService.hideCurrentInputLocked:1880 com.android.server.InputMethodManagerService.windowGainedFocus:1968 com.android.internal.view.IInputMethodManager$Stub.onTransact:221 com.android.server.InputMethodManagerService.onTransact:818 
W/SurfaceFlinger(  167): couldn't log to binary event log: overflow.
I/io.presage.new.do.a(21393): INFO main io.presage.new.do.a - com.agminstruments.drumpadmachine.MainActivityDPM stopped
I/io.presage.new.do.a(21393): INFO main io.presage.new.do.a - com.agminstruments.drumpadmachine.InnerScreenActivity stopped
I/io.presage.new.do.a(21393): INFO main io.presage.new.do.a - com.agminstruments.drumpadmachine.InnerScreenActivity paused
I/io.presage.new.do.a(21393): INFO main io.presage.new.do.a - com.agminstruments.drumpadmachine.InnerScreenActivity started.
I/io.presage.new.do.a(21393): INFO main io.presage.new.do.a - com.agminstruments.drumpadmachine.InnerScreenActivity resumed
W/InputManager(  464): Input event injection from pid 21383 failed.
W/InputManager(  464): Input event injection from pid 21383 failed.
W/EGL_emulation(21393): eglSurfaceAttrib not implemented 3093 12436
W/ViewRootImpl(21393): Dropping event due to no window focus: KeyEvent { action=ACTION_DOWN, keyCode=KEYCODE_VOLUME_UP, scanCode=0, metaState=0, flags=0x8, repeatCount=0, eventTime=13073951, downTime=13073951, deviceId=-1, source=0x101 }
I/MediaExtractor(  170): Use extended extractor for the special mime(audio/x-wav) or codec
E/Utils   (  170):  Couldn't map mime type "audio/ffmpeg" to a valid AudioSystem::audio_format !
D/OMXCodec(  170): setFFmpegAudioFormat
I/MediaExtractor(  170): Use extended extractor for the special mime(audio/x-wav) or codec
E/Utils   (  170):  Couldn't map mime type "audio/ffmpeg" to a valid AudioSystem::audio_format !
D/OMXCodec(  170): setFFmpegAudioFormat
I/MediaExtractor(  170): Use extended extractor for the special mime(audio/x-wav) or codec
E/Utils   (  170):  Couldn't map mime type "audio/ffmpeg" to a valid AudioSystem::audio_format !
D/OMXCodec(  170): setFFmpegAudioFormat
I/Choreographer(21393): Skipped 74 frames!  The application may be doing too much work on its main thread.
W/ViewRootImpl(21393): Dropping event due to no window focus: KeyEvent { action=ACTION_DOWN, keyCode=KEYCODE_MENU, scanCode=0, metaState=0, flags=0x8, repeatCount=0, eventTime=13074023, downTime=13074023, deviceId=-1, source=0x101 }
I/MediaExtractor(  170): Use extended extractor for the special mime(audio/x-wav) or codec
W/ContextImpl(  464): Calling a method in the system process without a qualified user: android.app.ContextImpl.sendBroadcast:1123 com.android.server.InputMethodManagerService.hideCurrentInputLocked:1880 com.android.server.InputMethodManagerService.windowGainedFocus:1968 com.android.internal.view.IInputMethodManager$Stub.onTransact:221 com.android.server.InputMethodManagerService.onTransact:818 
W/ResourceType(  464): Skipping entry 0x7f040001 in package table 0 because it is not complex!
W/ResourceType(  464): Skipping entry 0x7f040004 in package table 0 because it is not complex!
E/Utils   (  170):  Couldn't map mime type "audio/ffmpeg" to a valid AudioSystem::audio_format !
D/OMXCodec(  170): setFFmpegAudioFormat
I/MediaExtractor(  170): Use extended extractor for the special mime(audio/x-wav) or codec
E/Utils   (  170):  Couldn't map mime type "audio/ffmpeg" to a valid AudioSystem::audio_format !
D/OMXCodec(  170): setFFmpegAudioFormat
I/MediaExtractor(  170): Use extended extractor for the special mime(audio/x-wav) or codec
E/Utils   (  170):  Couldn't map mime type "audio/ffmpeg" to a valid AudioSystem::audio_format !
D/OMXCodec(  170): setFFmpegAudioFormat
I/MediaExtractor(  170): Use extended extractor for the special mime(audio/x-wav) or codec
E/Utils   (  170):  Couldn't map mime type "audio/ffmpeg" to a valid AudioSystem::audio_format !
D/OMXCodec(  170): setFFmpegAudioFormat
I/MediaExtractor(  170): Use extended extractor for the special mime(audio/x-wav) or codec
E/Utils   (  170):  Couldn't map mime type "audio/ffmpeg" to a valid AudioSystem::audio_format !
D/OMXCodec(  170): setFFmpegAudioFormat
I/MediaExtractor(  170): Use extended extractor for the special mime(audio/x-wav) or codec
E/Utils   (  170):  Couldn't map mime type "audio/ffmpeg" to a valid AudioSystem::audio_format !
D/OMXCodec(  170): setFFmpegAudioFormat
I/MediaExtractor(  170): Use extended extractor for the special mime(audio/x-wav) or codec
E/Utils   (  170):  Couldn't map mime type "audio/ffmpeg" to a valid AudioSystem::audio_format !
D/OMXCodec(  170): setFFmpegAudioFormat
I/Choreographer(21393): Skipped 60 frames!  The application may be doing too much work on its main thread.
W/Ads     (21393): Error while pinging URL: https://pagead2.googlesyndication.com/pagead/gen_204?is_aia=false&id=gmob-apps-report-exception&os=4.4.2&api=19&device=samsung%20SM-G955N&js=afma-sdk-a-v12221070.10084000.1&appid=com.agminstruments.drumpadmachine&exceptiontype=com.google.android.gms.ads.internal.js.function.a&stacktrace=com.google.android.gms.ads.internal.js.function.a%3A%20Unable%20to%20obtain%20a%20JavascriptEngine.%0A%09at%20com.google.android.gms.ads.internal.js.function.m.a(com.google.android.gms.DynamiteModulesA%4012221070%4012.2.21%20(070-188803320)%3A2)%0A%09at%20com.google.android.gms.ads.internal.util.promise.e.d(com.google.android.gms.DynamiteModulesA%4012221070%4012.2.21%20(070-188803320)%3A28)%0A%09at%20com.google.android.gms.ads.internal.js.ad.a(com.google.android.gms.DynamiteModulesA%4012221070%4012.2.21%20(070-188803320)%3A2)%0A%09at%20com.google.android.gms.ads.internal.util.promise.e.d(com.google.android.gms.DynamiteModulesA%4012221070%4012.2.21%20(070-188803320)%3A28)%0A%09at%20com.google.android.gms.ads.internal.js.n.run(Unknown%20Source)%0A%09at%20android.os.Handler.handleCallback(Handler.java%3A733)%0A%09at%20android.os.Handler.dispatchMessage(Handler.java%3A95)%0A%09at%20android.os.Looper.loop(Looper.java%3A136)%0A%09at%20android.app.ActivityThread.main(ActivityThread.java%3A5019)%0A%09at%20java.lang.reflect.Method.invokeNative(Native%20Method)%0A%09at%20java.lang.reflect.Method.invoke(Method.java%3A515)%0A%09at%20com.android.internal.os.ZygoteInit%24MethodAndArgsCaller.run(ZygoteInit.java%3A779)%0A%09at%20com.android.internal.os.ZygoteInit.main(ZygoteInit.java%3A595)%0A%09at%20dalvik.system.NativeStart.main(Native%20Method)%0A&eids=318475418%2C%2C318480178&exceptionkey=ConfigLoader.maybeFetchNewAppSettings&cl=188803320&rc=dev&session_id=5370800695612539982&sampling_rate=1&pb_tm=1.0. Unable to resolve host "pagead2.googlesyndication.com": No address associated with hostname
I/MediaExtractor(  170): Use extended extractor for the special mime(audio/x-wav) or codec
W/SurfaceFlinger(  167): couldn't log to binary event log: overflow.
E/Utils   (  170):  Couldn't map mime type "audio/ffmpeg" to a valid AudioSystem::audio_format !
D/OMXCodec(  170): setFFmpegAudioFormat
I/MediaExtractor(  170): Use extended extractor for the special mime(audio/x-wav) or codec
E/Utils   (  170):  Couldn't map mime type "audio/ffmpeg" to a valid AudioSystem::audio_format !
D/OMXCodec(  170): setFFmpegAudioFormat
I/MediaExtractor(  170): Use extended extractor for the special mime(audio/x-wav) or codec
E/Utils   (  170):  Couldn't map mime type "audio/ffmpeg" to a valid AudioSystem::audio_format !
D/OMXCodec(  170): setFFmpegAudioFormat
W/System.err(21393): log4j:WARN Received HTTP error from Sumo Service: 0
W/SocketClient(  163): write error (Broken pipe)
I/MediaExtractor(  170): Use extended extractor for the special mime(audio/x-wav) or codec
E/Utils   (  170):  Couldn't map mime type "audio/ffmpeg" to a valid AudioSystem::audio_format !
D/OMXCodec(  170): setFFmpegAudioFormat
I/MediaExtractor(  170): Use extended extractor for the special mime(audio/x-wav) or codec
E/Utils   (  170):  Couldn't map mime type "audio/ffmpeg" to a valid AudioSystem::audio_format !
D/OMXCodec(  170): setFFmpegAudioFormat
I/MediaExtractor(  170): Use extended extractor for the special mime(audio/x-wav) or codec
E/Utils   (  170):  Couldn't map mime type "audio/ffmpeg" to a valid AudioSystem::audio_format !
D/OMXCodec(  170): setFFmpegAudioFormat
I/MediaExtractor(  170): Use extended extractor for the special mime(audio/x-wav) or codec
E/Utils   (  170):  Couldn't map mime type "audio/ffmpeg" to a valid AudioSystem::audio_format !
D/OMXCodec(  170): setFFmpegAudioFormat
I/Choreographer(21393): Skipped 116 frames!  The application may be doing too much work on its main thread.
I/io.presage.new.do.a(21393): INFO main io.presage.new.do.a - com.agminstruments.drumpadmachine.InnerScreenActivity paused
I/io.presage.new.do.a(21393): INFO main io.presage.new.do.a - com.agminstruments.drumpadmachine.MainActivityDPM started.
W/ResourceType(21393): No package identifier when getting value for resource number 0x00000000
I/io.presage.new.do.a(21393): INFO main io.presage.new.do.a - com.agminstruments.drumpadmachine.MainActivityDPM resumed
I/System.out(21393): body:<com.tapjoy.TapjoyUtil: java.lang.String copyTextFromJarIntoString(java.lang.String,android.content.Context)>	sig:$r11 = virtualinvoke $r7.<java.net.URL: java.lang.String getFile()>()	timediff:1
D/dalvikvm(21393): GC_CONCURRENT freed 2094K, 64% free 7404K/20344K, paused 1ms+1ms, total 15ms
D/dalvikvm(21393): WAIT_FOR_CONCURRENT_GC blocked 19ms
I/MediaExtractor(  170): Use extended extractor for the special mime(audio/x-wav) or codec
W/EGL_emulation(21393): eglSurfaceAttrib not implemented 3093 12436
D/dalvikvm(21393): GC_CONCURRENT freed 1375K, 63% free 7551K/20344K, paused 1ms+0ms, total 39ms
D/dalvikvm(21393): WAIT_FOR_CONCURRENT_GC blocked 38ms
E/Utils   (  170):  Couldn't map mime type "audio/ffmpeg" to a valid AudioSystem::audio_format !
D/OMXCodec(  170): setFFmpegAudioFormat
W/ContextImpl(  464): Calling a method in the system process without a qualified user: android.app.ContextImpl.sendBroadcast:1123 com.android.server.InputMethodManagerService.hideCurrentInputLocked:1880 com.android.server.InputMethodManagerService.windowGainedFocus:1968 com.android.internal.view.IInputMethodManager$Stub.onTransact:221 com.android.server.InputMethodManagerService.onTransact:818 
I/MediaExtractor(  170): Use extended extractor for the special mime(audio/x-wav) or codec
I/System.out(21393): body:<com.tapjoy.TapjoyURLConnection: com.tapjoy.TapjoyHttpURLResponse getResponseFromURL(java.lang.String,java.lang.String,int,boolean,java.util.Map,java.lang.String,java.lang.String)>	sig:specialinvoke $r9.<java.net.URL: void <init>(java.lang.String)>($r2)	timediff:0
I/System.out(21393): <com.tapjoy.TapjoyURLConnection: com.tapjoy.TapjoyHttpURLResponse getResponseFromURL(java.lang.String,java.lang.String,int,boolean,java.util.Map,java.lang.String,java.lang.String)>###specialinvoke $r9.<java.net.URL: void <init>(java.lang.String)>($r2)###https://connect.tapjoy.com/api/connect/v3.json?
I/System.out(21393): body:<com.tapjoy.internal.eh: java.net.URLConnection a(java.net.URL)>	sig:$r1 = virtualinvoke $r0.<java.net.URL: java.net.URLConnection openConnection()>()	timediff:0
I/System.out(21393): body:<com.tapjoy.TapjoyURLConnection: com.tapjoy.TapjoyHttpURLResponse getResponseFromURL(java.lang.String,java.lang.String,int,boolean,java.util.Map,java.lang.String,java.lang.String)>	sig:virtualinvoke $r11.<java.net.HttpURLConnection: void setConnectTimeout(int)>(15000)	timediff:0
I/System.out(21393): body:<com.tapjoy.TapjoyURLConnection: com.tapjoy.TapjoyHttpURLResponse getResponseFromURL(java.lang.String,java.lang.String,int,boolean,java.util.Map,java.lang.String,java.lang.String)>	sig:virtualinvoke $r11.<java.net.HttpURLConnection: void setReadTimeout(int)>(30000)	timediff:0
I/System.out(21393): body:<com.tapjoy.TapjoyURLConnection: com.tapjoy.TapjoyHttpURLResponse getResponseFromURL(java.lang.String,java.lang.String,int,boolean,java.util.Map,java.lang.String,java.lang.String)>	sig:virtualinvoke $r11.<java.net.HttpURLConnection: void setRequestMethod(java.lang.String)>("POST")	timediff:0
I/System.out(21393): body:<com.tapjoy.TapjoyURLConnection: com.tapjoy.TapjoyHttpURLResponse getResponseFromURL(java.lang.String,java.lang.String,int,boolean,java.util.Map,java.lang.String,java.lang.String)>	sig:virtualinvoke $r11.<java.net.HttpURLConnection: void setRequestProperty(java.lang.String,java.lang.String)>("Content-Type", $r4)	timediff:0
I/System.out(21393): body:<com.tapjoy.TapjoyURLConnection: com.tapjoy.TapjoyHttpURLResponse getResponseFromURL(java.lang.String,java.lang.String,int,boolean,java.util.Map,java.lang.String,java.lang.String)>	sig:virtualinvoke $r11.<java.net.HttpURLConnection: void setRequestProperty(java.lang.String,java.lang.String)>("Connection", "close")	timediff:0
I/System.out(21393): body:<com.tapjoy.TapjoyURLConnection: com.tapjoy.TapjoyHttpURLResponse getResponseFromURL(java.lang.String,java.lang.String,int,boolean,java.util.Map,java.lang.String,java.lang.String)>	sig:virtualinvoke $r11.<java.net.HttpURLConnection: void setDoOutput(boolean)>(1)	timediff:0
I/System.out(21393): body:<com.tapjoy.TapjoyURLConnection: com.tapjoy.TapjoyHttpURLResponse getResponseFromURL(java.lang.String,java.lang.String,int,boolean,java.util.Map,java.lang.String,java.lang.String)>	sig:virtualinvoke $r11.<java.net.HttpURLConnection: void setFixedLengthStreamingMode(int)>($i0)	timediff:0
