I/InputDispatcher(  327): Dropping event because there is no focused window or focused application.
W/InputManager(  327): Input event injection from pid 19523 failed.
W/InputManager(  327): Input event injection from pid 19523 failed.
W/InputManager(  327): Input event injection from pid 19523 failed.
W/InputManager(  327): Input event injection from pid 19523 failed.
W/InputManager(  327): Input event injection from pid 19523 failed.
W/InputManager(  327): Input event injection from pid 19523 failed.
W/InputManager(  327): Input event injection from pid 19523 failed.
W/InputManager(  327): Input event injection from pid 19523 failed.
W/InputManager(  327): Input event injection from pid 19523 failed.
W/InputManager(  327): Input event injection from pid 19523 failed.
W/InputManager(  327): Input event injection from pid 19523 failed.
W/InputManager(  327): Input event injection from pid 19523 failed.
W/InputManager(  327): Input event injection from pid 19523 failed.
W/InputManager(  327): Input event injection from pid 19523 failed.
W/InputManager(  327): Input event injection from pid 19523 failed.
W/InputManager(  327): Input event injection from pid 19523 failed.
W/InputManager(  327): Input event injection from pid 19523 failed.
W/InputManager(  327): Input event injection from pid 19523 failed.
W/InputManager(  327): Input event injection from pid 19523 failed.
W/InputManager(  327): Input event injection from pid 19523 failed.
W/InputManager(  327): Input event injection from pid 19523 failed.
W/InputManager(  327): Input event injection from pid 19523 failed.
W/InputManager(  327): Input event injection from pid 19523 failed.
W/InputManager(  327): Input event injection from pid 19523 failed.
W/InputManager(  327): Input event injection from pid 19523 failed.
W/InputManager(  327): Input event injection from pid 19523 failed.
W/InputManager(  327): Input event injection from pid 19523 failed.
W/InputManager(  327): Input event injection from pid 19523 failed.
I/InputDispatcher(  327): Dropping event because there is no focused window or focused application.
I/InputDispatcher(  327): Dropping event because there is no focused window or focused application.
I/InputDispatcher(  327): Dropping event because there is no focused window or focused application.
W/InputManager(  327): Input event injection from pid 19523 failed.
W/InputManager(  327): Input event injection from pid 19523 failed.
W/InputManager(  327): Input event injection from pid 19523 failed.
I/ActivityManager(  327): START u0 {act=android.intent.action.MAIN cat=[android.intent.category.LAUNCHER] flg=0x10200000 cmp=com.bestringtonesapps.freeringtonesforandroid/.Splash} from pid 19523
W/InputManager(  327): Input event injection from pid 19523 failed.
W/InputManager(  327): Input event injection from pid 19523 failed.
W/InputManager(  327): Input event injection from pid 19523 failed.
W/InputManager(  327): Input event injection from pid 19523 failed.
D/dalvikvm(  675): GC_FOR_ALLOC freed 172K, 10% free 68578K/75812K, paused 8ms, total 8ms
I/qtaguid (  728): Untagging socket 236 failed errno=-13
W/NetworkManagementSocketTagger(  728): untagSocket(236) failed with errno -13
D/dalvikvm(  728): GC_CONCURRENT freed 2487K, 44% free 10967K/19292K, paused 2ms+2ms, total 17ms
E/Ads     (  728): Error transporting the ad response
E/Ads     (  728): java.io.IOException: write failed: EPIPE (Broken pipe)
E/Ads     (  728): 	at libcore.io.IoBridge.write(IoBridge.java:455)
E/Ads     (  728): 	at java.io.FileOutputStream.write(FileOutputStream.java:187)
E/Ads     (  728): 	at java.io.DataOutputStream.write(DataOutputStream.java:98)
E/Ads     (  728): 	at java.io.OutputStream.write(OutputStream.java:82)
E/Ads     (  728): 	at com.google.android.gms.ads.internal.request.o.run(com.google.android.gms@12221070@12.2.21 (070-188803320):2)
E/Ads     (  728): 	at java.lang.Thread.run(Thread.java:841)
E/Ads     (  728): Caused by: libcore.io.ErrnoException: write failed: EPIPE (Broken pipe)
E/Ads     (  728): 	at libcore.io.Posix.writeBytes(Native Method)
E/Ads     (  728): 	at libcore.io.Posix.write(Posix.java:202)
E/Ads     (  728): 	at libcore.io.BlockGuardOs.write(BlockGuardOs.java:197)
E/Ads     (  728): 	at libcore.io.IoBridge.write(IoBridge.java:450)
E/Ads     (  728): 	... 5 more
E/Ads     (  728): Error transporting the ad response
E/Ads     (  728): java.io.IOException: write failed: EPIPE (Broken pipe)
E/Ads     (  728): 	at libcore.io.IoBridge.write(IoBridge.java:455)
E/Ads     (  728): 	at java.io.FileOutputStream.write(FileOutputStream.java:187)
E/Ads     (  728): 	at java.io.DataOutputStream.write(DataOutputStream.java:98)
E/Ads     (  728): 	at java.io.OutputStream.write(OutputStream.java:82)
E/Ads     (  728): 	at com.google.android.gms.ads.internal.request.o.run(com.google.android.gms@12221070@12.2.21 (070-188803320):2)
E/Ads     (  728): 	at java.lang.Thread.run(Thread.java:841)
E/Ads     (  728): Caused by: libcore.io.ErrnoException: write failed: EPIPE (Broken pipe)
E/Ads     (  728): 	at libcore.io.Posix.writeBytes(Native Method)
E/Ads     (  728): 	at libcore.io.Posix.write(Posix.java:202)
E/Ads     (  728): 	at libcore.io.BlockGuardOs.write(BlockGuardOs.java:197)
E/Ads     (  728): 	at libcore.io.IoBridge.write(IoBridge.java:450)
E/Ads     (  728): 	... 5 more
D/dalvikvm(  728): WAIT_FOR_CONCURRENT_GC blocked 12ms
W/Ads     (  728): Fail to forward ad response.
W/Ads     (  728): android.os.DeadObjectException
W/Ads     (  728): 	at android.os.BinderProxy.transact(Native Method)
W/Ads     (  728): 	at byo.b(com.google.android.gms@12221070@12.2.21 (070-188803320):2)
W/Ads     (  728): 	at com.google.android.gms.ads.internal.request.k.a(com.google.android.gms@12221070@12.2.21 (070-188803320))
W/Ads     (  728): 	at com.google.android.gms.ads.internal.request.service.f.run(com.google.android.gms@12221070@12.2.21 (070-188803320):8)
W/Ads     (  728): 	at com.google.android.gms.ads.internal.util.l.call(com.google.android.gms@12221070@12.2.21 (070-188803320):2)
W/Ads     (  728): 	at com.google.android.gms.ads.internal.util.m.run(com.google.android.gms@12221070@12.2.21 (070-188803320):1)
W/Ads     (  728): 	at java.util.concurrent.Executors$RunnableAdapter.call(Executors.java:422)
W/Ads     (  728): 	at java.util.concurrent.FutureTask.run(FutureTask.java:237)
W/Ads     (  728): 	at java.util.concurrent.ThreadPoolExecutor.runWorker(ThreadPoolExecutor.java:1112)
W/Ads     (  728): 	at java.util.concurrent.ThreadPoolExecutor$Worker.run(ThreadPoolExecutor.java:587)
W/Ads     (  728): 	at java.lang.Thread.run(Thread.java:841)
D/dalvikvm(  675): GC_FOR_ALLOC freed 112K, 10% free 69513K/76748K, paused 16ms, total 17ms
D/Zygote  (  174): Process 20105 terminated by signal (6)
D/dalvikvm(  675): GC_FOR_ALLOC freed 101K, 10% free 70447K/77684K, paused 12ms, total 12ms
W/EGL_emulation(  675): eglSurfaceAttrib not implemented 3093 12436
D/yeshen  (  675): launcher onpause
I/ActivityManager(  327): Start proc com.bestringtonesapps.freeringtonesforandroid for activity com.bestringtonesapps.freeringtonesforandroid/.Splash: pid=20234 uid=10059 gids={50059, 3003, 1028, 1015, 1023}
W/NetworkManagementSocketTagger(  327): setKernelCountSet(10059, 1) failed with errno -13
I/dalvikvm(20234): ignoring registerObject request in thread=1
I/dalvikvm(20234): ignoring registerObject request in thread=1
I/FirebaseInitProvider(20234): FirebaseApp initialization unsuccessful
D/dalvikvm(20234): JIT code cache reset in 0 ms (0 bytes 1/0)
D/dalvikvm(20234): GC_CONCURRENT freed 198K, 8% free 3082K/3324K, paused 2ms+1ms, total 8ms
D/yeshen  (  675): launcher onstop
D/FirebaseApp(  675): Notifying background state change listeners.
D/Tinker.DefaultAppLike(  675): onTrimMemory level:20
I/CrashlyticsCore(20234): Initializing Crashlytics 2.3.5.79
W/DebugConnManager(  675): getNetworkInfo() on networkType 1
D/dalvikvm(20234): GC_CONCURRENT freed 299K, 11% free 3195K/3560K, paused 2ms+1ms, total 7ms
I/dalvikvm(20234): Could not find method android.app.Notification$Builder.setLocalOnly, referenced from method com.google.android.gms.common.GooglePlayServicesUtil.zza
W/dalvikvm(20234): VFY: unable to resolve virtual method 317: Landroid/app/Notification$Builder;.setLocalOnly (Z)Landroid/app/Notification$Builder;
D/dalvikvm(20234): VFY: replacing opcode 0x6e at 0x00fb
I/ActivityManager(  327): START u0 {cmp=com.bestringtonesapps.freeringtonesforandroid/.GlavnaActivity} from pid 20234
I/dalvikvm(20234): Could not find method android.content.pm.PackageManager.getPackageInstaller, referenced from method com.google.android.gms.common.zze.zzk
W/dalvikvm(20234): VFY: unable to resolve virtual method 666: Landroid/content/pm/PackageManager;.getPackageInstaller ()Landroid/content/pm/PackageInstaller;
D/dalvikvm(20234): VFY: replacing opcode 0x6e at 0x000a
D/dalvikvm(20234): GC_CONCURRENT freed 548K, 17% free 3079K/3692K, paused 2ms+2ms, total 6ms
I/API     (20234): setInterstitialListener(ISListener)
V/GoogleSignatureVerifier(20234): com.google.android.gms signature not valid.  Found: 
V/GoogleSignatureVerifier(20234): MIIEQzCCAyugAwIBAgIJAMLgh0ZkSjCNMA0GCSqGSIb3DQEBBAUAMHQxCzAJBgNVBAYTAlVTMRMw
V/GoogleSignatureVerifier(20234): EQYDVQQIEwpDYWxpZm9ybmlhMRYwFAYDVQQHEw1Nb3VudGFpbiBWaWV3MRQwEgYDVQQKEwtHb29n
V/GoogleSignatureVerifier(20234): bGUgSW5jLjEQMA4GA1UECxMHQW5kcm9pZDEQMA4GA1UEAxMHQW5kcm9pZDAeFw0wODA4MjEyMzEz
V/GoogleSignatureVerifier(20234): MzRaFw0zNjAxMDcyMzEzMzRaMHQxCzAJBgNVBAYTAlVTMRMwEQYDVQQIEwpDYWxpZm9ybmlhMRYw
V/GoogleSignatureVerifier(20234): FAYDVQQHEw1Nb3VudGFpbiBWaWV3MRQwEgYDVQQKEwtHb29nbGUgSW5jLjEQMA4GA1UECxMHQW5k
V/GoogleSignatureVerifier(20234): cm9pZDEQMA4GA1UEAxMHQW5kcm9pZDCCASAwDQYJKoZIhvcNAQEBBQADggENADCCAQgCggEBAKtW
V/GoogleSignatureVerifier(20234): LgDYO6IIrgqWbxJOKdoR8qtW0I9Y4sypEwPpt1TTcvZApxsdyxMJZ2JORland2qSGT2y5b+3JKke
V/GoogleSignatureVerifier(20234): dxiLDmpHpDsz2WCbdxgxRczfey5YZnTJ4VZbH0xqWVW/8lGmPav5xVwnIiJS6HXk+BVKZF+JcWjA
V/GoogleSignatureVerifier(20234): sb/GEuq/eFdpuzSqeYTcfi6idkyugwfYwXFU1+5fZKUaRKYCwkkFQVfcAs1fXA5V+++FGfvjJ/Cx
V/GoogleSignatureVerifier(20234): URaSxaBvGdGDhfXE28LWuT9ozCl5xw4Yq5OGazvV24mZVSoOO0yZ31j7kYvtwYK6NeADwbSxDdJE
V/GoogleSignatureVerifier(20234): qO4k//0zOHKrUiGYXtqw/A0LFFtqoZKFjnkCAQOjgdkwgdYwHQYDVR0OBBYEFMd9jMIhF1Ylmn/T
V/GoogleSignatureVerifier(20234): gt9r45jk14alMIGmBgNVHSMEgZ4wgZuAFMd9jMIhF1Ylmn/Tgt9r45jk14aloXikdjB0MQswCQYD
V/GoogleSignatureVerifier(20234): VQQGEwJVUzETMBEGA1UECBMKQ2FsaWZvcm5pYTEWMBQGA1UEBxMNTW91bnRhaW4gVmlldzEUMBIG
V/GoogleSignatureVerifier(20234): A1UEChMLR29vZ2xlIEluYy4xEDAOBgNVBAsTB0FuZHJvaWQxEDAOBgNVBAMTB0FuZHJvaWSCCQDC
V/GoogleSignatureVerifier(20234): 4IdGZEowjTAMBgNVHRMEBTADAQH/MA0GCSqGSIb3DQEBBAUAA4IBAQBt0lLO74UwLDYKqs6Tm8/y
V/GoogleSignatureVerifier(20234): zKkEu116FmH4rkaymUIE0P9KaMftGlMexFlaYjzmB2OxZyl6euNXEsQH8gjwyxCUKRJNexBiGcCE
V/GoogleSignatureVerifier(20234): yj6z+a1fuHHvkiaai+KL8W1EyNmgjmyy8AW7P+LLlkR+ho5zEHatRbM/YAnqGcFh5iZBqpknHf1S
V/GoogleSignatureVerifier(20234): KMXFh4dd239FJ1jWYfbMDMy3NS5CTMQ2XFI1MvcyUTdZPErjQfTbQe3aDQsQcafEQPD+nqActifK
V/GoogleSignatureVerifier(20234): Z0Np0IS9L9kR/wbNvyz6ENwPiTrjV2KRkEjH78ZMcUQXg0L3BYHJ3lc69Vs5Ddf9uUGGMYldX3Wf
V/GoogleSignatureVerifier(20234): MBEmh/9iFBDAaTCK
V/GoogleSignatureVerifier(20234): com.google.android.gms signature not valid.  Found: 
V/GoogleSignatureVerifier(20234): MIIEQzCCAyugAwIBAgIJAMLgh0ZkSjCNMA0GCSqGSIb3DQEBBAUAMHQxCzAJBgNVBAYTAlVTMRMw
V/GoogleSignatureVerifier(20234): EQYDVQQIEwpDYWxpZm9ybmlhMRYwFAYDVQQHEw1Nb3VudGFpbiBWaWV3MRQwEgYDVQQKEwtHb29n
V/GoogleSignatureVerifier(20234): bGUgSW5jLjEQMA4GA1UECxMHQW5kcm9pZDEQMA4GA1UEAxMHQW5kcm9pZDAeFw0wODA4MjEyMzEz
V/GoogleSignatureVerifier(20234): MzRaFw0zNjAxMDcyMzEzMzRaMHQxCzAJBgNVBAYTAlVTMRMwEQYDVQQIEwpDYWxpZm9ybmlhMRYw
V/GoogleSignatureVerifier(20234): FAYDVQQHEw1Nb3VudGFpbiBWaWV3MRQwEgYDVQQKEwtHb29nbGUgSW5jLjEQMA4GA1UECxMHQW5k
V/GoogleSignatureVerifier(20234): cm9pZDEQMA4GA1UEAxMHQW5kcm9pZDCCASAwDQYJKoZIhvcNAQEBBQADggENADCCAQgCggEBAKtW
V/GoogleSignatureVerifier(20234): LgDYO6IIrgqWbxJOKdoR8qtW0I9Y4sypEwPpt1TTcvZApxsdyxMJZ2JORland2qSGT2y5b+3JKke
V/GoogleSignatureVerifier(20234): dxiLDmpHpDsz2WCbdxgxRczfey5YZnTJ4VZbH0xqWVW/8lGmPav5xVwnIiJS6HXk+BVKZF+JcWjA
V/GoogleSignatureVerifier(20234): sb/GEuq/eFdpuzSqeYTcfi6idkyugwfYwXFU1+5fZKUaRKYCwkkFQVfcAs1fXA5V+++FGfvjJ/Cx
V/GoogleSignatureVerifier(20234): URaSxaBvGdGDhfXE28LWuT9ozCl5xw4Yq5OGazvV24mZVSoOO0yZ31j7kYvtwYK6NeADwbSxDdJE
V/GoogleSignatureVerifier(20234): qO4k//0zOHKrUiGYXtqw/A0LFFtqoZKFjnkCAQOjgdkwgdYwHQYDVR0OBBYEFMd9jMIhF1Ylmn/T
V/GoogleSignatureVerifier(20234): gt9r45jk14alMIGmBgNVHSMEgZ4wgZuAFMd9jMIhF1Ylmn/Tgt9r45jk14aloXikdjB0MQswCQYD
V/GoogleSignatureVerifier(20234): VQQGEwJVUzETMBEGA1UECBMKQ2FsaWZvcm5pYTEWMBQGA1UEBxMNTW91bnRhaW4gVmlldzEUMBIG
V/GoogleSignatureVerifier(20234): A1UEChMLR29vZ2xlIEluYy4xEDAOBgNVBAsTB0FuZHJvaWQxEDAOBgNVBAMTB0FuZHJvaWSCCQDC
V/GoogleSignatureVerifier(20234): 4IdGZEowjTAMBgNVHRMEBTADAQH/MA0GCSqGSIb3DQEBBAUAA4IBAQBt0lLO74UwLDYKqs6Tm8/y
V/GoogleSignatureVerifier(20234): zKkEu116FmH4rkaymUIE0P9KaMftGlMexFlaYjzmB2OxZyl6euNXEsQH8gjwyxCUKRJNexBiGcCE
V/GoogleSignatureVerifier(20234): yj6z+a1fuHHvkiaai+KL8W1EyNmgjmyy8AW7P+LLlkR+ho5zEHatRbM/YAnqGcFh5iZBqpknHf1S
V/GoogleSignatureVerifier(20234): KMXFh4dd239FJ1jWYfbMDMy3NS5CTMQ2XFI1MvcyUTdZPErjQfTbQe3aDQsQcafEQPD+nqActifK
V/GoogleSignatureVerifier(20234): Z0Np0IS9L9kR/wbNvyz6ENwPiTrjV2KRkEjH78ZMcUQXg0L3BYHJ3lc69Vs5Ddf9uUGGMYldX3Wf
V/GoogleSignatureVerifier(20234): MBEmh/9iFBDAaTCK
I/dalvikvm(20234): Could not find method android.app.Activity.checkSelfPermission, referenced from method com.chartboost.sdk.c.b
W/dalvikvm(20234): VFY: unable to resolve virtual method 60: Landroid/app/Activity;.checkSelfPermission (Ljava/lang/String;)I
D/dalvikvm(20234): VFY: replacing opcode 0x6e at 0x0018
D/dalvikvm(20234): GC_CONCURRENT freed 274K, 13% free 3216K/3692K, paused 2ms+0ms, total 4ms
W/dalvikvm(20234): VFY: unable to find class referenced in signature (Lokhttp3/Request;)
W/dalvikvm(20234): VFY: unable to find class referenced in signature (Lokhttp3/Response;)
I/dalvikvm(20234): Could not find method okhttp3.Response.headers, referenced from method empirical.HelperClass.printOkHttpInfo
W/dalvikvm(20234): VFY: unable to resolve virtual method 63431: Lokhttp3/Response;.headers ()Lokhttp3/Headers;
D/dalvikvm(20234): VFY: replacing opcode 0x6e at 0x0006
W/dalvikvm(20234): VFY: unable to find class referenced in signature (Lokhttp3/Call;)
W/dalvikvm(20234): VFY: unable to find class referenced in signature (Lokhttp3/Response;)
I/dalvikvm(20234): Could not find method okhttp3.Call.request, referenced from method empirical.HelperClass.printOkHttpInfoFromCall
W/dalvikvm(20234): VFY: unable to resolve interface method 63425: Lokhttp3/Call;.request ()Lokhttp3/Request;
D/dalvikvm(20234): VFY: replacing opcode 0x72 at 0x0006
I/System.out(20234): body:<io.fabric.sdk.android.services.network.HttpRequest: java.lang.String encode(java.lang.CharSequence)>	sig:specialinvoke $r3.<java.net.URL: void <init>(java.lang.String)>($r1)	timediff:0
I/System.out(20234): <io.fabric.sdk.android.services.network.HttpRequest: java.lang.String encode(java.lang.CharSequence)>###specialinvoke $r3.<java.net.URL: void <init>(java.lang.String)>($r1)###https://e.crashlytics.com/spi/v2/events
I/System.out(20234): body:<io.fabric.sdk.android.services.network.HttpRequest: java.lang.String encode(java.lang.CharSequence)>	sig:$r4 = virtualinvoke $r3.<java.net.URL: java.lang.String getHost()>()	timediff:0
I/System.out(20234): body:<io.fabric.sdk.android.services.network.HttpRequest: java.lang.String encode(java.lang.CharSequence)>	sig:$i0 = virtualinvoke $r3.<java.net.URL: int getPort()>()	timediff:0
I/System.out(20234): body:<io.fabric.sdk.android.services.network.HttpRequest: java.lang.String encode(java.lang.CharSequence)>	sig:$r4 = virtualinvoke $r3.<java.net.URL: java.lang.String getProtocol()>()	timediff:0
I/System.out(20234): body:<io.fabric.sdk.android.services.network.HttpRequest: java.lang.String encode(java.lang.CharSequence)>	sig:$r7 = virtualinvoke $r3.<java.net.URL: java.lang.String getPath()>()	timediff:0
I/System.out(20234): body:<io.fabric.sdk.android.services.network.HttpRequest: java.lang.String encode(java.lang.CharSequence)>	sig:$r8 = virtualinvoke $r3.<java.net.URL: java.lang.String getQuery()>()	timediff:0
I/System.out(20234): body:<io.fabric.sdk.android.services.network.HttpRequest: java.lang.String encode(java.lang.CharSequence)>	sig:specialinvoke $r6.<java.net.URI: void <init>(java.lang.String,java.lang.String,java.lang.String,java.lang.String,java.lang.String)>($r4, $r1, $r7, $r8, null)	timediff:0
I/System.out(20234): body:<io.fabric.sdk.android.services.network.HttpRequest: java.lang.String encode(java.lang.CharSequence)>	sig:$r8 = virtualinvoke $r6.<java.net.URI: java.lang.String toASCIIString()>()	timediff:0
I/System.out(20234): body:<io.fabric.sdk.android.services.network.HttpRequest: void <init>(java.lang.CharSequence,java.lang.String)>	sig:specialinvoke $r5.<java.net.URL: void <init>(java.lang.String)>($r4)	timediff:0
I/System.out(20234): <io.fabric.sdk.android.services.network.HttpRequest: void <init>(java.lang.CharSequence,java.lang.String)>###specialinvoke $r5.<java.net.URL: void <init>(java.lang.String)>($r4)###https://e.crashlytics.com/spi/v2/events
D/dalvikvm(20234): GC_CONCURRENT freed 132K, 6% free 3596K/3792K, paused 1ms+0ms, total 6ms
D/dalvikvm(20234): WAIT_FOR_CONCURRENT_GC blocked 4ms
D/dalvikvm(20234): WAIT_FOR_CONCURRENT_GC blocked 7ms
D/dalvikvm(20234): GC_CONCURRENT freed 48K, 3% free 4054K/4172K, paused 0ms+0ms, total 2ms
D/dalvikvm(20234): WAIT_FOR_CONCURRENT_GC blocked 2ms
D/dalvikvm(20234): WAIT_FOR_CONCURRENT_GC blocked 4ms
D/dalvikvm(20234): GC_CONCURRENT freed 18K, 2% free 4546K/4628K, paused 2ms+0ms, total 4ms
D/dalvikvm(20234): WAIT_FOR_CONCURRENT_GC blocked 2ms
I/System.out(20234): body:<io.fabric.sdk.android.services.network.HttpRequest$ConnectionFactory$1: java.net.HttpURLConnection create(java.net.URL)>	sig:$r2 = virtualinvoke $r1.<java.net.URL: java.net.URLConnection openConnection()>()	timediff:37
I/System.out(20234): body:<io.fabric.sdk.android.services.network.HttpRequest: java.net.HttpURLConnection createConnection()>	sig:virtualinvoke $r1.<java.net.HttpURLConnection: void setRequestMethod(java.lang.String)>($r3)	timediff:0
I/System.out(20234): body:<io.fabric.sdk.android.services.network.HttpRequest: io.fabric.sdk.android.services.network.HttpRequest useCaches(boolean)>	sig:virtualinvoke $r1.<java.net.HttpURLConnection: void setUseCaches(boolean)>($z0)	timediff:0
I/System.out(20234): body:<io.fabric.sdk.android.services.network.HttpRequest: io.fabric.sdk.android.services.network.HttpRequest connectTimeout(int)>	sig:virtualinvoke $r1.<java.net.HttpURLConnection: void setConnectTimeout(int)>($i0)	timediff:0
I/System.out(20234): body:<io.fabric.sdk.android.services.network.HttpRequest: io.fabric.sdk.android.services.network.HttpRequest header(java.lang.String,java.lang.String)>	sig:virtualinvoke $r3.<java.net.HttpURLConnection: void setRequestProperty(java.lang.String,java.lang.String)>($r1, $r2)	timediff:0
I/System.out(20234): body:<io.fabric.sdk.android.services.network.HttpRequest: io.fabric.sdk.android.services.network.HttpRequest header(java.lang.String,java.lang.String)>	sig:virtualinvoke $r3.<java.net.HttpURLConnection: void setRequestProperty(java.lang.String,java.lang.String)>($r1, $r2)	timediff:0
I/System.out(20234): body:<io.fabric.sdk.android.services.network.HttpRequest: io.fabric.sdk.android.services.network.HttpRequest header(java.lang.String,java.lang.String)>	sig:virtualinvoke $r3.<java.net.HttpURLConnection: void setRequestProperty(java.lang.String,java.lang.String)>($r1, $r2)	timediff:0
I/System.out(20234): body:<io.fabric.sdk.android.services.network.HttpRequest: io.fabric.sdk.android.services.network.HttpRequest header(java.lang.String,java.lang.String)>	sig:virtualinvoke $r3.<java.net.HttpURLConnection: void setRequestProperty(java.lang.String,java.lang.String)>($r1, $r2)	timediff:0
I/System.out(20234): body:<io.fabric.sdk.android.services.network.HttpRequest: io.fabric.sdk.android.services.network.HttpRequest header(java.lang.String,java.lang.String)>	sig:virtualinvoke $r3.<java.net.HttpURLConnection: void setRequestProperty(java.lang.String,java.lang.String)>($r1, $r2)	timediff:0
I/System.out(20234): body:<io.fabric.sdk.android.services.network.HttpRequest: io.fabric.sdk.android.services.network.HttpRequest header(java.lang.String,java.lang.String)>	sig:virtualinvoke $r3.<java.net.HttpURLConnection: void setRequestProperty(java.lang.String,java.lang.String)>($r1, $r2)	timediff:0
I/System.out(20234): body:<io.fabric.sdk.android.services.network.HttpRequest: io.fabric.sdk.android.services.network.HttpRequest openOutput()>	sig:virtualinvoke $r2.<java.net.HttpURLConnection: void setDoOutput(boolean)>(1)	timediff:0
I/System.out(20234): body:<io.fabric.sdk.android.services.network.HttpRequest: io.fabric.sdk.android.services.network.HttpRequest openOutput()>	sig:$r3 = virtualinvoke $r2.<java.net.HttpURLConnection: java.lang.String getRequestProperty(java.lang.String)>("Content-Type")	timediff:0
W/System.err(20234): java.lang.Exception: Session not started: Check if Chartboost.onStart() is called, if not the session won't be invoked
W/System.err(20234): 	at com.chartboost.sdk.c.r(SourceFile:482)
W/System.err(20234): 	at com.chartboost.sdk.c.q(SourceFile:470)
W/System.err(20234): 	at com.chartboost.sdk.Chartboost$8.run(SourceFile:723)
W/System.err(20234): 	at com.chartboost.sdk.Chartboost.a(SourceFile:1211)
W/System.err(20234): 	at com.chartboost.sdk.Chartboost.cacheInterstitial(SourceFile:720)
W/System.err(20234): 	at com.interstitial.helper.InterstitialHelper.loadChartboostAppInterstitial(InterstitialHelper.java:304)
W/System.err(20234): 	at com.interstitial.helper.InterstitialHelper.loadInterstitialsOnStart(InterstitialHelper.java:137)
W/System.err(20234): 	at com.interstitial.helper.InterstitialHelper.<init>(InterstitialHelper.java:124)
W/System.err(20234): 	at com.bestringtonesapps.freeringtonesforandroid.GlavnaActivity.onCreate(GlavnaActivity.java:540)
W/System.err(20234): 	at android.app.Activity.performCreate(Activity.java:5231)
W/System.err(20234): 	at android.app.Instrumentation.callActivityOnCreate(Instrumentation.java:1104)
W/System.err(20234): 	at android.app.ActivityThread.performLaunchActivity(ActivityThread.java:2157)
W/System.err(20234): 	at android.app.ActivityThread.handleLaunchActivity(ActivityThread.java:2243)
W/System.err(20234): 	at android.app.ActivityThread.access$800(ActivityThread.java:135)
W/System.err(20234): 	at android.app.ActivityThread$H.handleMessage(ActivityThread.java:1196)
W/System.err(20234): 	at android.os.Handler.dispatchMessage(Handler.java:102)
W/System.err(20234): 	at android.os.Looper.loop(Looper.java:136)
W/System.err(20234): 	at android.app.ActivityThread.main(ActivityThread.java:5019)
W/System.err(20234): 	at java.lang.reflect.Method.invokeNative(Native Method)
W/System.err(20234): 	at java.lang.reflect.Method.invoke(Method.java:515)
W/System.err(20234): 	at com.android.internal.os.ZygoteInit$MethodAndArgsCaller.run(ZygoteInit.java:779)
W/System.err(20234): 	at com.android.internal.os.ZygoteInit.main(ZygoteInit.java:595)
W/System.err(20234): 	at dalvik.system.NativeStart.main(Native Method)
D/dalvikvm(20234): GC_CONCURRENT freed 1748K, 36% free 3301K/5112K, paused 0ms+1ms, total 5ms
I/dalvikvm(20234): Could not find method android.content.pm.PackageManager.getPackageInstaller, referenced from method jjw.a
W/dalvikvm(20234): VFY: unable to resolve virtual method 2504: Landroid/content/pm/PackageManager;.getPackageInstaller ()Landroid/content/pm/PackageInstaller;
D/dalvikvm(20234): VFY: replacing opcode 0x6e at 0x001c
I/dalvikvm(20234): Could not find method android.content.ContextWrapper.createCredentialProtectedStorageContext, referenced from method iwr.createCredentialProtectedStorageContext
W/dalvikvm(20234): VFY: unable to resolve virtual method 2411: Landroid/content/ContextWrapper;.createCredentialProtectedStorageContext ()Landroid/content/Context;
D/dalvikvm(20234): VFY: replacing opcode 0x6f at 0x0002
I/dalvikvm(20234): Could not find method android.content.ContextWrapper.createDeviceProtectedStorageContext, referenced from method iwr.createDeviceProtectedStorageContext
W/dalvikvm(20234): VFY: unable to resolve virtual method 2412: Landroid/content/ContextWrapper;.createDeviceProtectedStorageContext ()Landroid/content/Context;
D/dalvikvm(20234): VFY: replacing opcode 0x6f at 0x0002
I/dalvikvm(20234): Could not find method android.content.ContextWrapper.createCredentialProtectedStorageContext, referenced from method com.google.android.chimera.ModuleContext.createCredentialProtectedStorageContext
W/dalvikvm(20234): VFY: unable to resolve virtual method 2411: Landroid/content/ContextWrapper;.createCredentialProtectedStorageContext ()Landroid/content/Context;
D/dalvikvm(20234): VFY: replacing opcode 0x6f at 0x0002
I/dalvikvm(20234): Could not find method android.content.ContextWrapper.createDeviceProtectedStorageContext, referenced from method com.google.android.chimera.ModuleContext.createDeviceProtectedStorageContext
W/dalvikvm(20234): VFY: unable to resolve virtual method 2412: Landroid/content/ContextWrapper;.createDeviceProtectedStorageContext ()Landroid/content/Context;
D/dalvikvm(20234): VFY: replacing opcode 0x6f at 0x0002
I/dalvikvm(20234): Could not find method android.content.Context.isCredentialProtectedStorage, referenced from method cub.a
W/dalvikvm(20234): VFY: unable to resolve virtual method 2391: Landroid/content/Context;.isCredentialProtectedStorage ()Z
D/dalvikvm(20234): VFY: replacing opcode 0x6e at 0x0000
I/dalvikvm(20234): Could not find method android.os.UserManager.isUserUnlocked, referenced from method cub.a
W/dalvikvm(20234): VFY: unable to resolve virtual method 3028: Landroid/os/UserManager;.isUserUnlocked ()Z
D/dalvikvm(20234): VFY: replacing opcode 0x6e at 0x001a
I/dalvikvm(20234): Could not find method android.content.Context.isDeviceProtectedStorage, referenced from method cub.b
W/dalvikvm(20234): VFY: unable to resolve virtual method 2392: Landroid/content/Context;.isDeviceProtectedStorage ()Z
D/dalvikvm(20234): VFY: replacing opcode 0x6e at 0x0000
I/dalvikvm(20234): Could not find method android.content.Context.isDeviceProtectedStorage, referenced from method cub.c
W/dalvikvm(20234): VFY: unable to resolve virtual method 2392: Landroid/content/Context;.isDeviceProtectedStorage ()Z
D/dalvikvm(20234): VFY: replacing opcode 0x6e at 0x0000
I/dalvikvm(20234): Could not find method android.system.Os.readlink, referenced from method cuq.a
W/dalvikvm(20234): VFY: unable to resolve static method 3047: Landroid/system/Os;.readlink (Ljava/lang/String;)Ljava/lang/String;
D/dalvikvm(20234): VFY: replacing opcode 0x71 at 0x0000
I/dalvikvm(20234): Could not find method android.system.Os.stat, referenced from method cuq.a
W/dalvikvm(20234): VFY: unable to resolve static method 3048: Landroid/system/Os;.stat (Ljava/lang/String;)Landroid/system/StructStat;
D/dalvikvm(20234): VFY: replacing opcode 0x71 at 0x0042
I/dalvikvm(20234): Could not find method android.system.Os.symlink, referenced from method cuq.a
W/dalvikvm(20234): VFY: unable to resolve static method 3049: Landroid/system/Os;.symlink (Ljava/lang/String;Ljava/lang/String;)V
D/dalvikvm(20234): VFY: replacing opcode 0x71 at 0x013b
I/dalvikvm(20234): DexOpt: unable to optimize instance field ref 0x04a1 at 0x46 in Lcuq;.a
I/dalvikvm(20234): DexOpt: unable to optimize static field ref 0x049c at 0x48 in Lcuq;.a
I/dalvikvm(20234): DexOpt: unable to optimize static field ref 0x049a at 0x4a in Lcuq;.a
I/dalvikvm(20234): DexOpt: unable to optimize static field ref 0x049b at 0x4d in Lcuq;.a
I/dalvikvm(20234): DexOpt: unable to optimize static field ref 0x049d at 0x57 in Lcuq;.a
I/dalvikvm(20234): DexOpt: unable to optimize static field ref 0x04a0 at 0x5f in Lcuq;.a
I/dalvikvm(20234): DexOpt: unable to optimize static field ref 0x049e at 0x61 in Lcuq;.a
I/dalvikvm(20234): DexOpt: unable to optimize static field ref 0x049f at 0x64 in Lcuq;.a
I/dalvikvm(20234): DexOpt: unable to optimize static field ref 0x049c at 0x7f in Lcuq;.a
I/dalvikvm(20234): DexOpt: unable to optimize static field ref 0x04a0 at 0x90 in Lcuq;.a
I/dalvikvm(20234): Could not find method android.content.Context.createDeviceProtectedStorageContext, referenced from method jvu.a
W/dalvikvm(20234): VFY: unable to resolve virtual method 2362: Landroid/content/Context;.createDeviceProtectedStorageContext ()Landroid/content/Context;
D/dalvikvm(20234): VFY: replacing opcode 0x6e at 0x0029
I/dalvikvm(20234): Could not find method android.content.Context.getSystemService, referenced from method jvu.b
W/dalvikvm(20234): VFY: unable to resolve virtual method 2387: Landroid/content/Context;.getSystemService (Ljava/lang/Class;)Ljava/lang/Object;
D/dalvikvm(20234): VFY: replacing opcode 0x6e at 0x000b
D/dalvikvm(20234): DexOpt: couldn't find static field Landroid/os/Build;.SUPPORTED_64_BIT_ABIS
W/dalvikvm(20234): VFY: unable to resolve static field 1157 (SUPPORTED_64_BIT_ABIS) in Landroid/os/Build;
D/dalvikvm(20234): VFY: replacing opcode 0x62 at 0x0012
D/dalvikvm(20234): DexOpt: couldn't find static field Landroid/os/Build;.SUPPORTED_32_BIT_ABIS
W/dalvikvm(20234): VFY: unable to resolve static field 1156 (SUPPORTED_32_BIT_ABIS) in Landroid/os/Build;
D/dalvikvm(20234): VFY: replacing opcode 0x62 at 0x0021
D/dalvikvm(20234): DexOpt: couldn't find static field Landroid/os/Build;.SUPPORTED_ABIS
W/dalvikvm(20234): VFY: unable to resolve static field 1158 (SUPPORTED_ABIS) in Landroid/os/Build;
D/dalvikvm(20234): VFY: replacing opcode 0x62 at 0x0008
D/dalvikvm(20234): DexOpt: couldn't find static field Landroid/os/Build;.SUPPORTED_64_BIT_ABIS
W/dalvikvm(20234): VFY: unable to resolve static field 1157 (SUPPORTED_64_BIT_ABIS) in Landroid/os/Build;
D/dalvikvm(20234): VFY: replacing opcode 0x62 at 0x0008
D/dalvikvm(20234): DexOpt: couldn't find static field Landroid/os/Build;.SUPPORTED_64_BIT_ABIS
I/dalvikvm(20234): DexOpt: unable to optimize static field ref 0x0485 at 0x17 in Lcwd;.a
D/dalvikvm(20234): DexOpt: couldn't find static field Landroid/os/Build;.SUPPORTED_32_BIT_ABIS
I/dalvikvm(20234): DexOpt: unable to optimize static field ref 0x0484 at 0x26 in Lcwd;.a
D/dalvikvm(20234): DexOpt: couldn't find static field Landroid/os/Build;.SUPPORTED_64_BIT_ABIS
I/dalvikvm(20234): DexOpt: unable to optimize static field ref 0x0485 at 0x0d in Lcwd;.b
D/dalvikvm(20234): GC_CONCURRENT freed 282K, 33% free 3437K/5112K, paused 0ms+1ms, total 3ms
D/DynamitePackage(20234): Instantiated singleton DynamitePackage.
D/DynamitePackage(20234): Instantiating com.google.android.gms.ads.ChimeraMobileAdsSettingManagerCreatorImpl
I/dalvikvm(20234): Could not find method android.content.pm.PackageManager.getPackageInstaller, referenced from method jn.a
W/dalvikvm(20234): VFY: unable to resolve virtual method 2060: Landroid/content/pm/PackageManager;.getPackageInstaller ()Landroid/content/pm/PackageInstaller;
D/dalvikvm(20234): VFY: replacing opcode 0x6e at 0x0017
I/dalvikvm(20234): Could not find method android.security.NetworkSecurityPolicy.getInstance, referenced from method com.google.android.gms.ads.internal.util.h.b_
W/dalvikvm(20234): VFY: unable to resolve static method 2591: Landroid/security/NetworkSecurityPolicy;.getInstance ()Landroid/security/NetworkSecurityPolicy;
D/dalvikvm(20234): VFY: replacing opcode 0x71 at 0x0022
I/dalvikvm(20234): Could not find method android.content.pm.PackageManager.isInstantApp, referenced from method qp.a
W/dalvikvm(20234): VFY: unable to resolve virtual method 2065: Landroid/content/pm/PackageManager;.isInstantApp (Ljava/lang/String;)Z
D/dalvikvm(20234): VFY: replacing opcode 0x6e at 0x002d
I/dalvikvm(20234): Could not find method android.content.pm.PackageManager.isInstantApp, referenced from method qo.a
W/dalvikvm(20234): VFY: unable to resolve virtual method 2064: Landroid/content/pm/PackageManager;.isInstantApp ()Z
D/dalvikvm(20234): VFY: replacing opcode 0x6e at 0x0028
D/dalvikvm(20234): GC_CONCURRENT freed 338K, 32% free 3488K/5112K, paused 0ms+0ms, total 2ms
I/dalvikvm(20234): Could not find method android.webkit.WebSettings.setMixedContentMode, referenced from method com.google.android.gms.ads.internal.webview.m.<init>
W/dalvikvm(20234): VFY: unable to resolve virtual method 2893: Landroid/webkit/WebSettings;.setMixedContentMode (I)V
D/dalvikvm(20234): VFY: replacing opcode 0x6e at 0x0069
V/WebViewChromium(20234): Binding Chromium to the background looper Looper (main, tid 1) {4a7a9118}
I/chromium(20234): [INFO:library_loader_hooks.cc(112)] Chromium logging enabled: level = 0, default verbosity = 0
I/BrowserProcessMain(20234): Initializing chromium process, renderers=0
W/chromium(20234): [WARNING:proxy_service.cc(888)] PAC support disabled because there is no system implementation
D/libEGL  (20234): loaded /system/lib/egl/libEGL_adreno.so
D/        (20234): HostConnection::get() New Host Connection established 0xb8744620, tid 20234
D/libEGL  (20234): loaded /system/lib/egl/libGLESv1_CM_adreno.so
D/libEGL  (20234): loaded /system/lib/egl/libGLESv2_adreno.so
D/dalvikvm(20234): GC_FOR_ALLOC freed 159K, 30% free 3590K/5112K, paused 3ms, total 3ms
I/dalvikvm-heap(20234): Grow heap (frag case) to 4.171MB for 635808-byte allocation
D/dalvikvm(20234): GC_FOR_ALLOC freed <1K, 27% free 4211K/5736K, paused 2ms, total 2ms
D/dalvikvm(20234): GC_CONCURRENT freed <1K, 27% free 4214K/5736K, paused 1ms+1ms, total 4ms
D/DynamitePackage(20234): Instantiating com.google.android.gms.ads.ChimeraAdManagerCreatorImpl
D/dalvikvm(20234): GC_CONCURRENT freed 326K, 25% free 4342K/5736K, paused 2ms+2ms, total 5ms
I/Ads     (20234): Starting ad request.
I/Ads     (20234): Use AdRequest.Builder.addTestDevice("DADDEACD506FD4BD02989AD39CCF21B7") to get test ads on this device.
W/Ads     (20234): Not retrying to fetch app settings
D/dalvikvm(20234): GC_CONCURRENT freed 430K, 25% free 4354K/5736K, paused 1ms+1ms, total 4ms
W/Ads     (20234): Invoke Firebase method getInstance error.
W/Ads     (20234): The Google Mobile Ads SDK will not integrate with Firebase. Admob/Firebase integration requires the latest Firebase SDK jar, but Firebase SDK is either missing or out of date
I/testmoreapps(20234): Pokrece task za more apps
D/dalvikvm(20234): GC_FOR_ALLOC freed 331K, 21% free 4546K/5736K, paused 3ms, total 3ms
D/dalvikvm(20234): GC_CONCURRENT freed 19K, 20% free 4600K/5736K, paused 0ms+0ms, total 3ms
D/dalvikvm(20234): GC_CONCURRENT freed 84K, 11% free 5109K/5736K, paused 1ms+0ms, total 5ms
D/dalvikvm(20234): WAIT_FOR_CONCURRENT_GC blocked 1ms
I/dalvikvm-heap(20234): Grow heap (frag case) to 5.862MB for 846412-byte allocation
D/dalvikvm(20234): GC_CONCURRENT freed 17K, 10% free 5925K/6564K, paused 0ms+0ms, total 3ms
W/InputManager(  327): Input event injection from pid 19523 failed.
W/InputManager(  327): Input event injection from pid 19523 failed.
W/InputManager(  327): Input event injection from pid 19523 failed.
W/InputManager(  327): Input event injection from pid 19523 failed.
I/System.out(20234): body:<io.fabric.sdk.android.services.network.HttpRequest: io.fabric.sdk.android.services.network.HttpRequest openOutput()>	sig:$r4 = virtualinvoke $r2.<java.net.HttpURLConnection: java.io.OutputStream getOutputStream()>()	timediff:280
W/FFmpegExtractor(  176): sniff through BetterSniffFFMPEG failed, try LegacySniffFFMPEG
I/System.out(20234): body:<io.fabric.sdk.android.services.network.HttpRequest: int code()>	sig:$i0 = virtualinvoke $r2.<java.net.HttpURLConnection: int getResponseCode()>()	timediff:90
E/FFmpegExtractor(  176): /data/app/com.bestringtonesapps.freeringtonesforandroid-1.apk: avformat_open_input failed, err:Invalid data found when processing input
W/FFmpegExtractor(  176): sniff through BetterSniffFFMPEG failed, try LegacySniffFFMPEG
E/FFmpegExtractor(  176): /data/app/com.bestringtonesapps.freeringtonesforandroid-1.apk: avformat_open_input failed, err:Invalid data found when processing input
E/dalvikvm(20234): Could not find class 'com.flurry.sdk.i', referenced from method com.flurry.sdk.md.a
W/dalvikvm(20234): VFY: unable to resolve const-class 3192 (Lcom/flurry/sdk/i;) in Lcom/flurry/sdk/md;
D/dalvikvm(20234): VFY: replacing opcode 0x1c at 0x0020
W/FlurryAgent(20234): Flurry session started for context:com.bestringtonesapps.freeringtonesforandroid.GlavnaActivity@4a7f4ce8
W/FlurryAgent(20234): Flurry session resumed for context:com.bestringtonesapps.freeringtonesforandroid.GlavnaActivity@4a7f4ce8
I/API     (20234): onResume()
W/ViewRootImpl(20234): Dropping event due to no window focus: MotionEvent { action=ACTION_MOVE, id[0]=0, x[0]=-3.0, y[0]=3.0, toolType[0]=TOOL_TYPE_UNKNOWN, buttonState=0, metaState=0, flags=0x0, edgeFlags=0x0, pointerCount=1, historySize=9, eventTime=10137652, downTime=-1, deviceId=0, source=0x10004 }
I/System.out(20234): body:<com.appintop.requests.JsonLoader: org.json.JSONObject doInBackground(java.lang.String[])>	sig:specialinvoke $r5.<java.net.URL: void <init>(java.lang.String)>($r9)	timediff:0
I/System.out(20234): <com.appintop.requests.JsonLoader: org.json.JSONObject doInBackground(java.lang.String[])>###specialinvoke $r5.<java.net.URL: void <init>(java.lang.String)>($r9)###https://rtb.appintop.com/sdk/v3/credentials?platform=android&bundle=com.bestringtonesapps.freeringtonesforandroid&version=4.5.0&plugin=android&format=image&adid=3ae8f2f4-1b58-4ed6-816b-3ee6c7e3745e
I/System.out(20234): body:<com.appintop.requests.JsonLoader: org.json.JSONObject doInBackground(java.lang.String[])>	sig:$r12 = virtualinvoke $r5.<java.net.URL: java.net.URLConnection openConnection()>()	timediff:0
I/System.out(20234): body:<com.appintop.requests.JsonLoader: org.json.JSONObject doInBackground(java.lang.String[])>	sig:virtualinvoke $r13.<java.net.HttpURLConnection: void setRequestProperty(java.lang.String,java.lang.String)>("Authorization", $r9)	timediff:0
I/System.out(20234): body:<com.appintop.requests.JsonLoader: org.json.JSONObject doInBackground(java.lang.String[])>	sig:virtualinvoke $r13.<java.net.HttpURLConnection: void setDoOutput(boolean)>(1)	timediff:0
I/System.out(20234): body:<com.chartboost.sdk.impl.aa: org.apache.http.HttpResponse a(com.chartboost.sdk.impl.l,java.util.Map)>	sig:specialinvoke $r11.<java.net.URL: void <init>(java.lang.String)>($r8)	timediff:1
I/System.out(20234): <com.chartboost.sdk.impl.aa: org.apache.http.HttpResponse a(com.chartboost.sdk.impl.l,java.util.Map)>###specialinvoke $r11.<java.net.URL: void <init>(java.lang.String)>($r8)###https://live.chartboost.com/api/config
I/System.out(20234): body:<com.chartboost.sdk.impl.aa: java.net.HttpURLConnection a(java.net.URL)>	sig:$r2 = virtualinvoke $r1.<java.net.URL: java.net.URLConnection openConnection()>()	timediff:1
I/System.out(20234): body:<com.chartboost.sdk.impl.aa: java.net.HttpURLConnection a(java.net.URL,com.chartboost.sdk.impl.l)>	sig:virtualinvoke $r3.<java.net.HttpURLConnection: void setConnectTimeout(int)>($i0)	timediff:0
I/System.out(20234): body:<com.chartboost.sdk.impl.aa: java.net.HttpURLConnection a(java.net.URL,com.chartboost.sdk.impl.l)>	sig:virtualinvoke $r3.<java.net.HttpURLConnection: void setReadTimeout(int)>($i0)	timediff:0
D/dalvikvm(20234): GC_CONCURRENT freed 726K, 11% free 6157K/6912K, paused 1ms+0ms, total 9ms
I/System.out(20234): body:<com.chartboost.sdk.impl.aa: java.net.HttpURLConnection a(java.net.URL,com.chartboost.sdk.impl.l)>	sig:virtualinvoke $r3.<java.net.HttpURLConnection: void setUseCaches(boolean)>(0)	timediff:0
I/System.out(20234): body:<com.chartboost.sdk.impl.aa: java.net.HttpURLConnection a(java.net.URL,com.chartboost.sdk.impl.l)>	sig:virtualinvoke $r3.<java.net.HttpURLConnection: void setDoInput(boolean)>(1)	timediff:0
I/System.out(20234): body:<com.chartboost.sdk.impl.aa: java.net.HttpURLConnection a(java.net.URL,com.chartboost.sdk.impl.l)>	sig:$r5 = virtualinvoke $r1.<java.net.URL: java.lang.String getProtocol()>()	timediff:0
I/System.out(20234): body:<com.chartboost.sdk.impl.aa: org.apache.http.HttpResponse a(com.chartboost.sdk.impl.l,java.util.Map)>	sig:virtualinvoke $r12.<java.net.HttpURLConnection: void addRequestProperty(java.lang.String,java.lang.String)>($r8, $r7)	timediff:0
I/System.out(20234): body:<com.chartboost.sdk.impl.aa: org.apache.http.HttpResponse a(com.chartboost.sdk.impl.l,java.util.Map)>	sig:virtualinvoke $r12.<java.net.HttpURLConnection: void addRequestProperty(java.lang.String,java.lang.String)>($r8, $r7)	timediff:0
I/System.out(20234): body:<com.chartboost.sdk.impl.aa: org.apache.http.HttpResponse a(com.chartboost.sdk.impl.l,java.util.Map)>	sig:virtualinvoke $r12.<java.net.HttpURLConnection: void addRequestProperty(java.lang.String,java.lang.String)>($r8, $r7)	timediff:0
W/Herrevad(  728): [677] sjl.a: On wifi, but couldn't get security type
I/System.out(20234): body:<com.chartboost.sdk.impl.aa: org.apache.http.HttpResponse a(com.chartboost.sdk.impl.l,java.util.Map)>	sig:virtualinvoke $r12.<java.net.HttpURLConnection: void addRequestProperty(java.lang.String,java.lang.String)>($r8, $r7)	timediff:0
I/System.out(20234): body:<com.chartboost.sdk.impl.aa: org.apache.http.HttpResponse a(com.chartboost.sdk.impl.l,java.util.Map)>	sig:virtualinvoke $r12.<java.net.HttpURLConnection: void addRequestProperty(java.lang.String,java.lang.String)>($r8, $r7)	timediff:0
I/System.out(20234): body:<com.chartboost.sdk.impl.aa: void a(java.net.HttpURLConnection,com.chartboost.sdk.impl.l)>	sig:virtualinvoke $r0.<java.net.HttpURLConnection: void setRequestMethod(java.lang.String)>("POST")	timediff:0
I/System.out(20234): body:<com.chartboost.sdk.impl.aa: void b(java.net.HttpURLConnection,com.chartboost.sdk.impl.l)>	sig:virtualinvoke $r0.<java.net.HttpURLConnection: void setDoOutput(boolean)>(1)	timediff:0
I/System.out(20234): body:<com.chartboost.sdk.impl.aa: void b(java.net.HttpURLConnection,com.chartboost.sdk.impl.l)>	sig:virtualinvoke $r0.<java.net.HttpURLConnection: void addRequestProperty(java.lang.String,java.lang.String)>("Content-Type", $r3)	timediff:0
I/qtaguid (20234): Tagging socket 93 with tag 64ca17da00000000(1690965978) for uid -1 failed errno=-13
I/NetworkManagementSocketTagger(20234): tagSocketFd(93, 1690965978, -1) failed with errno-13
W/DebugConnManager(  728): getNetworkInfo() on networkType 0
W/EGL_emulation(20234): eglSurfaceAttrib not implemented 3093 12436
D/OpenGLRenderer(20234): Enabling debug mode 0
E/Herrevad(  728): [1150] RemoteReportsRefreshChimeraService.a: want to send authenticated request, but no Google account on device
I/qtaguid (  728): Tagging socket 229 with tag 3000130100000000(805311233) for uid -1 failed errno=-13
I/NetworkManagementSocketTagger(  728): tagSocketFd(229, 805311233, -1) failed with errno-13
I/qtaguid (  728): Tagging socket 233 with tag 3000010500000000(805306629) for uid -1 failed errno=-13
I/NetworkManagementSocketTagger(  728): tagSocketFd(233, 805306629, -1) failed with errno-13
D/dalvikvm(20234): GC_FOR_ALLOC freed 437K, 15% free 6269K/7340K, paused 3ms, total 3ms
D/dalvikvm(20234): GC_FOR_ALLOC freed 763K, 16% free 6284K/7460K, paused 3ms, total 3ms
W/EGL_emulation(20234): eglSurfaceAttrib not implemented 3093 12436
I/qtaguid (  728): Untagging socket 229 failed errno=-13
W/NetworkManagementSocketTagger(  728): untagSocket(229) failed with errno -13
E/Volley  (  728): [137] BasicNetwork.performRequest: Unexpected response code 307 for https://android.googleapis.com/nova/herrevad/network_quality_info
W/Herrevad(  728): [1150] RemoteReportsRefreshChimeraService.a: java.util.concurrent.ExecutionException: com.android.volley.ServerError
W/Herrevad(  728): java.util.concurrent.ExecutionException: com.android.volley.ServerError
W/Herrevad(  728): 	at com.android.volley.toolbox.RequestFuture.a(com.google.android.gms@12221070@12.2.21 (070-188803320):4)
W/Herrevad(  728): 	at com.android.volley.toolbox.RequestFuture.get(com.google.android.gms@12221070@12.2.21 (070-188803320):2)
W/Herrevad(  728): 	at com.google.android.gms.herrevad.services.RemoteReportsRefreshChimeraService.a(com.google.android.gms@12221070@12.2.21 (070-188803320):25)
W/Herrevad(  728): 	at com.google.android.gms.herrevad.services.ImmediateRemoteReportsRefreshChimeraService.onHandleIntent(com.google.android.gms@12221070@12.2.21 (070-188803320))
W/Herrevad(  728): 	at csq.handleMessage(com.google.android.gms@12221070@12.2.21 (070-188803320))
W/Herrevad(  728): 	at android.os.Handler.dispatchMessage(Handler.java:102)
W/Herrevad(  728): 	at android.os.Looper.loop(Looper.java:136)
W/Herrevad(  728): 	at android.os.HandlerThread.run(HandlerThread.java:61)
W/Herrevad(  728): Caused by: com.android.volley.ServerError
W/Herrevad(  728): 	at com.android.volley.toolbox.BasicNetwork.performRequest(com.google.android.gms@12221070@12.2.21 (070-188803320):36)
W/Herrevad(  728): 	at kiq.performRequest(com.google.android.gms@12221070@12.2.21 (070-188803320):8)
W/Herrevad(  728): 	at com.android.volley.NetworkDispatcher.a(com.google.android.gms@12221070@12.2.21 (070-188803320):7)
W/Herrevad(  728): 	at com.android.volley.NetworkDispatcher.run(com.google.android.gms@12221070@12.2.21 (070-188803320):2)
W/ViewRootImpl(20234): Dropping event due to no window focus: KeyEvent { action=ACTION_DOWN, keyCode=KEYCODE_DPAD_DOWN, scanCode=0, metaState=0, flags=0x8, repeatCount=0, eventTime=10137653, downTime=10137653, deviceId=-1, source=0x101 }
W/ContextImpl(  327): Calling a method in the system process without a qualified user: android.app.ContextImpl.sendBroadcast:1123 com.android.server.InputMethodManagerService.hideCurrentInputLocked:1880 com.android.server.InputMethodManagerService.windowGainedFocus:1968 com.android.internal.view.IInputMethodManager$Stub.onTransact:221 com.android.server.InputMethodManagerService.onTransact:818 
W/InputMethodManagerService(  327): Got RemoteException sending setActive(false) notification to pid 20105 uid 10059
E/MediaPlayer(20234): Should have subtitle controller already set
E/MediaPlayer(20234): Should have subtitle controller already set
W/Binder  (  639): Caught a RuntimeException from the binder stub implementation.
W/Binder  (  639): java.lang.NullPointerException
W/Binder  (  639): 	at android.inputmethodservice.IInputMethodWrapper.setSessionEnabled(IInputMethodWrapper.java:280)
W/Binder  (  639): 	at com.android.internal.view.IInputMethod$Stub.onTransact(IInputMethod.