W/ContextImpl(  464): Calling a method in the system process without a qualified user: android.app.ContextImpl.sendBroadcast:1123 com.android.server.InputMethodManagerService.showCurrentInputLocked:1791 com.android.server.InputMethodManagerService.showSoftInput:1753 com.android.internal.view.IInputMethodManager$Stub.onTransact:175 com.android.server.InputMethodManagerService.onTransact:818 
D/LiveMusicListeningPage(23212): onNewState: LISTENING
I/System.out(23212): body:<com.facebook.Request: java.net.HttpURLConnection toHttpConnection(com.facebook.RequestBatch)>	sig:specialinvoke $r2.<java.net.URL: void <init>(java.lang.String)>($r4)	timediff:0
I/System.out(23212): <com.facebook.Request: java.net.HttpURLConnection toHttpConnection(com.facebook.RequestBatch)>###specialinvoke $r2.<java.net.URL: void <init>(java.lang.String)>($r4)###https://graph.facebook.com/v2.2/247047359503?fields=supports_attribution%2Csupports_implicit_sdk_logging%2Cgdpv4_nux_content%2Cgdpv4_nux_enabled%2Candroid_dialog_configs&format=json&sdk=android
I/System.out(23212): body:<com.facebook.Request: java.net.HttpURLConnection createConnection(java.net.URL)>	sig:$r1 = virtualinvoke $r0.<java.net.URL: java.net.URLConnection openConnection()>()	timediff:0
I/System.out(23212): body:<com.facebook.Request: java.net.HttpURLConnection createConnection(java.net.URL)>	sig:virtualinvoke $r2.<java.net.HttpURLConnection: void setRequestProperty(java.lang.String,java.lang.String)>("User-Agent", $r3)	timediff:0
I/System.out(23212): body:<com.facebook.Request: java.net.HttpURLConnection createConnection(java.net.URL)>	sig:virtualinvoke $r2.<java.net.HttpURLConnection: void setRequestProperty(java.lang.String,java.lang.String)>("Content-Type", $r3)	timediff:0
I/System.out(23212): body:<com.facebook.Request: java.net.HttpURLConnection createConnection(java.net.URL)>	sig:virtualinvoke $r2.<java.net.HttpURLConnection: void setRequestProperty(java.lang.String,java.lang.String)>("Accept-Language", $r3)	timediff:0
I/System.out(23212): body:<com.facebook.Request: java.net.HttpURLConnection createConnection(java.net.URL)>	sig:virtualinvoke $r2.<java.net.HttpURLConnection: void setChunkedStreamingMode(int)>(0)	timediff:0
I/System.out(23212): body:<com.facebook.Request: void serializeToUrlConnection(com.facebook.RequestBatch,java.net.HttpURLConnection)>	sig:virtualinvoke $r1.<java.net.HttpURLConnection: void setRequestMethod(java.lang.String)>($r9)	timediff:0
I/System.out(23212): body:<com.facebook.Request: void serializeToUrlConnection(com.facebook.RequestBatch,java.net.HttpURLConnection)>	sig:$r10 = virtualinvoke $r1.<java.net.HttpURLConnection: java.net.URL getURL()>()	timediff:0
I/System.out(23212): body:<com.facebook.Request: void serializeToUrlConnection(com.facebook.RequestBatch,java.net.HttpURLConnection)>	sig:$r9 = virtualinvoke $r1.<java.net.HttpURLConnection: java.lang.String getRequestMethod()>()	timediff:0
I/System.out(23212): body:<com.facebook.Request: void serializeToUrlConnection(com.facebook.RequestBatch,java.net.HttpURLConnection)>	sig:$r9 = virtualinvoke $r1.<java.net.HttpURLConnection: java.lang.String getRequestProperty(java.lang.String)>("User-Agent")	timediff:1
I/System.out(23212): body:<com.facebook.Request: void serializeToUrlConnection(com.facebook.RequestBatch,java.net.HttpURLConnection)>	sig:$r9 = virtualinvoke $r1.<java.net.HttpURLConnection: java.lang.String getRequestProperty(java.lang.String)>("Content-Type")	timediff:0
I/System.out(23212): body:<com.facebook.Request: void serializeToUrlConnection(com.facebook.RequestBatch,java.net.HttpURLConnection)>	sig:virtualinvoke $r1.<java.net.HttpURLConnection: void setConnectTimeout(int)>($i1)	timediff:0
I/System.out(23212): body:<com.facebook.Request: void serializeToUrlConnection(com.facebook.RequestBatch,java.net.HttpURLConnection)>	sig:virtualinvoke $r1.<java.net.HttpURLConnection: void setReadTimeout(int)>($i1)	timediff:0
I/System.out(23212): body:<com.facebook.internal.Utility: void disconnectQuietly(java.net.URLConnection)>	sig:virtualinvoke $r1.<java.net.HttpURLConnection: void disconnect()>()	timediff:0
E/ActivityThread(23212): Failed to find provider info for com.facebook.katana.provider.AttributionIdProvider
I/System.out(23212): body:<com.localytics.android.BaseUploadThread: boolean upload(com.localytics.android.BaseUploadThread$UploadType,java.lang.String,java.lang.String,int)>	sig:virtualinvoke $r5.<java.net.HttpURLConnection: void disconnect()>()	timediff:0
I/System.out(23212): body:<com.soundhound.audiopipeline.impl.stages.HTTPDestStage: void connectToServer()>	sig:specialinvoke $r2.<java.net.Socket: void <init>()>()	timediff:0
I/System.out(23212): body:<com.soundhound.audiopipeline.impl.stages.HTTPDestStage: void connectToServer()>	sig:$r5 = virtualinvoke $r4.<java.net.URI: java.lang.String getHost()>()	timediff:0
I/System.out(23212): body:<com.soundhound.audiopipeline.impl.stages.HTTPDestStage: void connectToServer()>	sig:$i0 = virtualinvoke $r4.<java.net.URI: int getPort()>()	timediff:0
I/System.out(23212): body:<com.soundhound.audiopipeline.impl.stages.HTTPDestStage: void connectToServer()>	sig:specialinvoke $r3.<java.net.InetSocketAddress: void <init>(java.lang.String,int)>($r5, $i0)	timediff:8
I/Pipeline-HTTPDestStage(23212): Pipeline stage http_client sleeping and retry connection: java.net.UnknownHostException: Host is unresolved: search.midomi.com
I/System.out(23212): body:<com.localytics.android.BaseUploadThread: boolean upload(com.localytics.android.BaseUploadThread$UploadType,java.lang.String,java.lang.String,int)>	sig:specialinvoke $r15.<java.net.URL: void <init>(java.lang.String)>($r2)	timediff:0
I/System.out(23212): <com.localytics.android.BaseUploadThread: boolean upload(com.localytics.android.BaseUploadThread$UploadType,java.lang.String,java.lang.String,int)>###specialinvoke $r15.<java.net.URL: void <init>(java.lang.String)>($r2)###https://analytics.localytics.com/api/v2/uploads
I/System.out(23212): body:<com.localytics.android.BaseUploadThread: boolean upload(com.localytics.android.BaseUploadThread$UploadType,java.lang.String,java.lang.String,int)>	sig:$r16 = virtualinvoke $r15.<java.net.URL: java.net.URLConnection openConnection()>()	timediff:0
I/System.out(23212): body:<com.localytics.android.BaseUploadThread: boolean upload(com.localytics.android.BaseUploadThread$UploadType,java.lang.String,java.lang.String,int)>	sig:virtualinvoke $r17.<java.net.HttpURLConnection: void setConnectTimeout(int)>(60000)	timediff:0
I/System.out(23212): body:<com.localytics.android.BaseUploadThread: boolean upload(com.localytics.android.BaseUploadThread$UploadType,java.lang.String,java.lang.String,int)>	sig:virtualinvoke $r17.<java.net.HttpURLConnection: void setReadTimeout(int)>(60000)	timediff:0
I/System.out(23212): body:<com.localytics.android.BaseUploadThread: boolean upload(com.localytics.android.BaseUploadThread$UploadType,java.lang.String,java.lang.String,int)>	sig:virtualinvoke $r17.<java.net.HttpURLConnection: void setDoOutput(boolean)>($z0)	timediff:0
I/System.out(23212): body:<com.localytics.android.BaseUploadThread: boolean upload(com.localytics.android.BaseUploadThread$UploadType,java.lang.String,java.lang.String,int)>	sig:virtualinvoke $r17.<java.net.HttpURLConnection: void setRequestProperty(java.lang.String,java.lang.String)>("Content-Type", "application/x-gzip")	timediff:0
I/System.out(23212): body:<com.localytics.android.BaseUploadThread: boolean upload(com.localytics.android.BaseUploadThread$UploadType,java.lang.String,java.lang.String,int)>	sig:virtualinvoke $r17.<java.net.HttpURLConnection: void setRequestProperty(java.lang.String,java.lang.String)>("Content-Encoding", "gzip")	timediff:0
I/System.out(23212): body:<com.localytics.android.BaseUploadThread: boolean upload(com.localytics.android.BaseUploadThread$UploadType,java.lang.String,java.lang.String,int)>	sig:virtualinvoke $r17.<java.net.HttpURLConnection: void setRequestProperty(java.lang.String,java.lang.String)>("X-DONT-SEND-AMP", "1")	timediff:0
I/System.out(23212): body:<com.localytics.android.BaseUploadThread: boolean upload(com.localytics.android.BaseUploadThread$UploadType,java.lang.String,java.lang.String,int)>	sig:virtualinvoke $r17.<java.net.HttpURLConnection: void setRequestProperty(java.lang.String,java.lang.String)>("Accept-Encoding", "")	timediff:0
I/System.out(23212): body:<com.localytics.android.BaseUploadThread: boolean upload(com.localytics.android.BaseUploadThread$UploadType,java.lang.String,java.lang.String,int)>	sig:virtualinvoke $r17.<java.net.HttpURLConnection: void setRequestProperty(java.lang.String,java.lang.String)>("x-upload-time", $r12)	timediff:0
I/System.out(23212): body:<com.localytics.android.BaseUploadThread: boolean upload(com.localytics.android.BaseUploadThread$UploadType,java.lang.String,java.lang.String,int)>	sig:virtualinvoke $r17.<java.net.HttpURLConnection: void setRequestProperty(java.lang.String,java.lang.String)>("x-install-id", $r12)	timediff:0
I/System.out(23212): body:<com.localytics.android.BaseUploadThread: boolean upload(com.localytics.android.BaseUploadThread$UploadType,java.lang.String,java.lang.String,int)>	sig:virtualinvoke $r17.<java.net.HttpURLConnection: void setRequestProperty(java.lang.String,java.lang.String)>("x-app-id", $r12)	timediff:0
I/System.out(23212): body:<com.localytics.android.BaseUploadThread: boolean upload(com.localytics.android.BaseUploadThread$UploadType,java.lang.String,java.lang.String,int)>	sig:virtualinvoke $r17.<java.net.HttpURLConnection: void setRequestProperty(java.lang.String,java.lang.String)>("x-client-version", "androida_3.1.1")	timediff:0
I/System.out(23212): body:<com.mologiq.analytics.y: java.lang.String a(java.lang.String,java.lang.String,android.content.Context,int,int,boolean)>	sig:specialinvoke $r7.<java.net.URL: void <init>(java.lang.String)>($r1)	timediff:0
I/System.out(23212): <com.mologiq.analytics.y: java.lang.String a(java.lang.String,java.lang.String,android.content.Context,int,int,boolean)>###specialinvoke $r7.<java.net.URL: void <init>(java.lang.String)>($r1)###http://a.mologiq.net/mologiq/deai?v=1.3.6&p=com.melodis.midomiMusicIdentifier.freemium
I/System.out(23212): body:<com.mologiq.analytics.y: java.lang.String a(java.lang.String,java.lang.String,android.content.Context,int,int,boolean)>	sig:$r9 = virtualinvoke $r7.<java.net.URL: java.net.URLConnection openConnection()>()	timediff:0
I/System.out(23212): body:<com.mologiq.analytics.y: java.lang.String a(java.lang.String,java.lang.String,android.content.Context,int,int,boolean)>	sig:virtualinvoke $r10.<java.net.HttpURLConnection: void setRequestMethod(java.lang.String)>("POST")	timediff:0
I/System.out(23212): body:<com.mologiq.analytics.y: java.lang.String a(java.lang.String,java.lang.String,android.content.Context,int,int,boolean)>	sig:virtualinvoke $r10.<java.net.HttpURLConnection: void setDoOutput(boolean)>(1)	timediff:0
I/System.out(23212): body:<com.mologiq.analytics.y: java.lang.String a(java.lang.String,java.lang.String,android.content.Context,int,int,boolean)>	sig:virtualinvoke $r10.<java.net.HttpURLConnection: void setDoInput(boolean)>(1)	timediff:0
I/System.out(23212): body:<com.mologiq.analytics.y: java.lang.String a(java.lang.String,java.lang.String,android.content.Context,int,int,boolean)>	sig:virtualinvoke $r10.<java.net.HttpURLConnection: void setUseCaches(boolean)>(0)	timediff:0
I/System.out(23212): body:<com.mologiq.analytics.y: java.lang.String a(java.lang.String,java.lang.String,android.content.Context,int,int,boolean)>	sig:virtualinvoke $r10.<java.net.HttpURLConnection: void setRequestProperty(java.lang.String,java.lang.String)>("User-Agent", $r1)	timediff:0
I/System.out(23212): body:<com.mologiq.analytics.y: java.lang.String a(java.lang.String,java.lang.String,android.content.Context,int,int,boolean)>	sig:virtualinvoke $r10.<java.net.HttpURLConnection: void setRequestProperty(java.lang.String,java.lang.String)>("Content-Type", "application/x-www-form-urlencoded")	timediff:0
I/System.out(23212): body:<com.mologiq.analytics.y: java.lang.String a(java.lang.String,java.lang.String,android.content.Context,int,int,boolean)>	sig:virtualinvoke $r10.<java.net.HttpURLConnection: void setConnectTimeout(int)>($i0)	timediff:0
I/System.out(23212): body:<com.mologiq.analytics.y: java.lang.String a(java.lang.String,java.lang.String,android.content.Context,int,int,boolean)>	sig:virtualinvoke $r10.<java.net.HttpURLConnection: void setReadTimeout(int)>($i1)	timediff:0
I/System.out(23212): body:<com.mologiq.analytics.y: java.lang.String a(java.lang.String,java.lang.String,android.content.Context,int,int,boolean)>	sig:virtualinvoke $r10.<java.net.HttpURLConnection: void setRequestProperty(java.lang.String,java.lang.String)>("Content-Length", $r2)	timediff:0
W/System.err(23212): java.net.UnknownHostException: Unable to resolve host "a.mologiq.net": No address associated with hostname
W/System.err(23212): 	at java.net.InetAddress.lookupHostByName(InetAddress.java:394)
W/System.err(23212): 	at java.net.InetAddress.getAllByNameImpl(InetAddress.java:236)
W/System.err(23212): 	at java.net.InetAddress.getAllByName(InetAddress.java:214)
W/System.err(23212): 	at com.android.okhttp.internal.Dns$1.getAllByName(Dns.java:28)
W/System.err(23212): 	at com.android.okhttp.internal.http.RouteSelector.resetNextInetSocketAddress(RouteSelector.java:216)
W/System.err(23212): 	at com.android.okhttp.internal.http.RouteSelector.next(RouteSelector.java:122)
I/System.out(23212): body:<com.localytics.android.BaseUploadThread: boolean upload(com.localytics.android.BaseUploadThread$UploadType,java.lang.String,java.lang.String,int)>	sig:virtualinvoke $r17.<java.net.HttpURLConnection: void setRequestProperty(java.lang.String,java.lang.String)>("x-app-version", $r12)	timediff:0
I/System.out(23212): body:<com.localytics.android.BaseUploadThread: boolean upload(com.localytics.android.BaseUploadThread$UploadType,java.lang.String,java.lang.String,int)>	sig:virtualinvoke $r17.<java.net.HttpURLConnection: void setRequestProperty(java.lang.String,java.lang.String)>("x-customer-id", $r12)	timediff:0
I/System.out(23212): body:<com.localytics.android.BaseUploadThread: boolean upload(com.localytics.android.BaseUploadThread$UploadType,java.lang.String,java.lang.String,int)>	sig:virtualinvoke $r17.<java.net.HttpURLConnection: void setFixedLengthStreamingMode(int)>($i1)	timediff:0
W/System.err(23212): 	at com.android.okhttp.internal.http.HttpEngine.connect(HttpEngine.java:292)
W/System.err(23212): 	at com.android.okhttp.internal.http.HttpEngine.sendSocketRequest(HttpEngine.java:255)
I/System.out(23212): body:<com.localytics.android.BaseUploadThread: boolean upload(com.localytics.android.BaseUploadThread$UploadType,java.lang.String,java.lang.String,int)>	sig:virtualinvoke $r5.<java.net.HttpURLConnection: void disconnect()>()	timediff:0
W/System.err(23212): 	at com.android.okhttp.internal.http.HttpEngine.sendRequest(HttpEngine.java:206)
W/System.err(23212): 	at com.android.okhttp.internal.http.HttpURLConnectionImpl.execute(HttpURLConnectionImpl.java:345)
W/System.err(23212): 	at com.android.okhttp.internal.http.HttpURLConnectionImpl.connect(HttpURLConnectionImpl.java:89)
I/ActivityManager(  464): Displayed com.melodis.midomiMusicIdentifier.freemium/com.soundhound.android.appcommon.activity.NoActionBarNoDrawerPMSActivity: +563ms
W/System.err(23212): 	at com.android.okhttp.internal.http.HttpURLConnectionImpl.getOutputStream(HttpURLConnectionImpl.java:197)
W/System.err(23212): 	at com.mologiq.analytics.y.a(Utils.java)
W/System.err(23212): 	at com.mologiq.analytics.l.doInBackground(MologiqDeviceEventsAsyncTask.java)
W/ContextImpl(  464): Calling a method in the system process without a qualified user: android.app.ContextImpl.sendBroadcast:1123 com.android.server.InputMethodManagerService.hideCurrentInputLocked:1880 com.android.server.InputMethodManagerService.windowGainedFocus:1968 com.android.internal.view.IInputMethodManager$Stub.onTransact:221 com.android.server.InputMethodManagerService.onTransact:818 
W/System.err(23212): 	at android.os.AsyncTask$2.call(AsyncTask.java:288)
W/System.err(23212): 	at java.util.concurrent.FutureTask.run(FutureTask.java:237)
W/System.err(23212): 	at java.util.concurrent.ThreadPoolExecutor.runWorker(ThreadPoolExecutor.java:1112)
W/System.err(23212): 	at java.util.concurrent.ThreadPoolExecutor$Worker.run(ThreadPoolExecutor.java:587)
W/System.err(23212): 	at java.lang.Thread.run(Thread.java:841)
W/SurfaceFlinger(  167): couldn't log to binary event log: overflow.
W/SurfaceFlinger(  167): couldn't log to binary event log: overflow.
I/ActivityManager(  464): START u0 {act=android.intent.action.MAIN cat=[android.intent.category.LAUNCHER] flg=0x10200000 cmp=com.melodis.midomiMusicIdentifier.freemium/com.soundhound.android.appcommon.activity.SplashScreenActivity} from pid 23202
W/DebugConnManager(23212): getNetworkInfo() on networkType 1
I/ActivityManager(  464): START u0 {act=android.intent.action.MAIN cat=[android.intent.category.LAUNCHER] flg=0x10200000 cmp=com.melodis.midomiMusicIdentifier.freemium/com.soundhound.android.appcommon.activity.SplashScreenActivity} from pid 23202
W/DebugConnManager(23212): getNetworkInfo() on networkType 1
I/ActivityManager(  464): START u0 {act=android.intent.action.MAIN cat=[android.intent.category.LAUNCHER] flg=0x10000000 cmp=com.android.browser/.BrowserActivity sel={act=android.intent.action.MAIN cat=[android.intent.category.APP_BROWSER]}} from pid 464
W/DebugConnManager(23212): getNetworkInfo() on networkType 1
I/ActivityManager(  464): START u0 {act=android.intent.action.MAIN cat=[android.intent.category.LAUNCHER] flg=0x10200000 cmp=com.melodis.midomiMusicIdentifier.freemium/com.soundhound.android.appcommon.activity.SplashScreenActivity} from pid 23202
I/ActivityManager(  464): START u0 {act=android.intent.action.MAIN cat=[android.intent.category.LAUNCHER] flg=0x10200000 cmp=com.melodis.midomiMusicIdentifier.freemium/com.soundhound.android.appcommon.activity.SplashScreenActivity} from pid 23202
W/DebugConnManager(23212): getNetworkInfo() on networkType 1
W/DebugConnManager(23212): getNetworkInfo() on networkType 1
W/ViewRootImpl(23212): Dropping event due to no window focus: KeyEvent { action=ACTION_DOWN, keyCode=KEYCODE_DPAD_CENTER, scanCode=0, metaState=0, flags=0x8, repeatCount=0, eventTime=13193706, downTime=13193706, deviceId=-1, source=0x101 }
W/EGL_emulation(23212): eglSurfaceAttrib not implemented 3093 12436
W/ViewRootImpl(23212): Dropping event due to no window focus: KeyEvent { action=ACTION_DOWN, keyCode=KEYCODE_MENU, scanCode=0, metaState=0, flags=0x8, repeatCount=0, eventTime=13193757, downTime=13193757, deviceId=-1, source=0x101 }
I/ActivityManager(  464): START u0 {act=android.intent.action.MAIN cat=[android.intent.category.LAUNCHER] flg=0x10000000 sel={act=android.intent.action.MAIN cat=[android.intent.category.APP_MUSIC]}} from pid 464
W/InputMethodManagerService(  464): Window already focused, ignoring focus gain of: com.android.internal.view.IInputMethodClient$Stub$Proxy@4a9f63e4 attribute=null, token = android.os.BinderProxy@4aa1f004
I/System.out(23212): body:<com.soundhound.audiopipeline.impl.stages.HTTPDestStage: void connectToServer()>	sig:specialinvoke $r2.<java.net.Socket: void <init>()>()	timediff:0
I/System.out(23212): body:<com.soundhound.audiopipeline.impl.stages.HTTPDestStage: void connectToServer()>	sig:$r5 = virtualinvoke $r4.<java.net.URI: java.lang.String getHost()>()	timediff:0
I/System.out(23212): body:<com.soundhound.audiopipeline.impl.stages.HTTPDestStage: void connectToServer()>	sig:$i0 = virtualinvoke $r4.<java.net.URI: int getPort()>()	timediff:0
I/System.out(23212): body:<com.soundhound.audiopipeline.impl.stages.HTTPDestStage: void connectToServer()>	sig:specialinvoke $r3.<java.net.InetSocketAddress: void <init>(java.lang.String,int)>($r5, $i0)	timediff:0
I/Pipeline-HTTPDestStage(23212): Pipeline stage http_client sleeping and retry connection: java.net.UnknownHostException: Host is unresolved: search.midomi.com
W/AudioFlinger(  170): write blocked for 9887 msecs, 107 delayed writes, thread 0xb4233010
D/dalvikvm(23212): GC_CONCURRENT freed 3867K, 48% free 15857K/30180K, paused 1ms+3ms, total 68ms
W/ViewRootImpl(23212): Dropping event due to no window focus: KeyEvent { action=ACTION_DOWN, keyCode=KEYCODE_MENU, scanCode=0, metaState=0, flags=0x8, repeatCount=0, eventTime=13194260, downTime=13194260, deviceId=-1, source=0x101 }
W/EGL_emulation(23212): eglSurfaceAttrib not implemented 3093 12436
I/ActivityManager(  464): START u0 {cmp=com.melodis.midomiMusicIdentifier.freemium/com.soundhound.android.appcommon.activity.ViewHistory (has extras)} from pid 23212
E/sh:AdvertisementRequest(23212): Error removing image file: location=/data/data/com.melodis.midomiMusicIdentifier.freemium/cache/ads/listening_screen/next_ad.png
E/sh:AdvertisementRequest(23212): Error removing ad data file: location=/data/data/com.melodis.midomiMusicIdentifier.freemium/cache/ads/listening_screen/next_ad.png
I/SHPERF  (23212): SoundHoundActivity constructor called - com.soundhound.android.appcommon.activity.ViewHistory@4a819854, 14471
I/SHPERF  (23212): SoundHoundActivity.onCreate() enter, 14472
D/com.soundhound.android.appcommon.activity.SoundHoundActivity(23212): Initializing AdColony: params=6.7.5b|app210bb9e448eb4e9fa7|vze16052a0e35b4b62b0
I/SHPERF  (23212): SoundHoundActivity.onCreate() exit, 14483
I/System.out(23212): body:<com.admarvel.android.ads.r: void o(android.content.Context)>	sig:specialinvoke $r6.<java.net.URL: void <init>(java.lang.String)>("http://admarvel.s3.amazonaws.com/js/admarvel_mraid_v2_complete.js")	timediff:0
I/System.out(23212): <com.admarvel.android.ads.r: void o(android.content.Context)>###specialinvoke $r6.<java.net.URL: void <init>(java.lang.String)>("http://admarvel.s3.amazonaws.com/js/admarvel_mraid_v2_complete.js")###http://admarvel.s3.amazonaws.com/js/admarvel_mraid_v2_complete.js
I/System.out(23212): body:<com.admarvel.android.ads.r: void o(android.content.Context)>	sig:$r7 = virtualinvoke $r6.<java.net.URL: java.net.URLConnection openConnection()>()	timediff:1
I/System.out(23212): body:<com.admarvel.android.ads.r: void o(android.content.Context)>	sig:virtualinvoke $r8.<java.net.HttpURLConnection: void setRequestMethod(java.lang.String)>("GET")	timediff:0
I/System.out(23212): body:<com.admarvel.android.ads.r: void o(android.content.Context)>	sig:virtualinvoke $r8.<java.net.HttpURLConnection: void setDoOutput(boolean)>(0)	timediff:0
I/System.out(23212): body:<com.admarvel.android.ads.r: void o(android.content.Context)>	sig:virtualinvoke $r8.<java.net.HttpURLConnection: void setDoInput(boolean)>(1)	timediff:0
I/System.out(23212): body:<com.admarvel.android.ads.r: void o(android.content.Context)>	sig:virtualinvoke $r8.<java.net.HttpURLConnection: void setUseCaches(boolean)>(0)	timediff:0
I/System.out(23212): body:<com.admarvel.android.ads.r: void o(android.content.Context)>	sig:virtualinvoke $r8.<java.net.HttpURLConnection: void setRequestProperty(java.lang.String,java.lang.String)>("Content-Type", "application/x-www-form-urlencoded")	timediff:0
I/System.out(23212): body:<com.admarvel.android.ads.r: void o(android.content.Context)>	sig:virtualinvoke $r8.<java.net.HttpURLConnection: void setRequestProperty(java.lang.String,java.lang.String)>("Content-Length", "0")	timediff:0
I/System.out(23212): body:<com.admarvel.android.ads.r: void o(android.content.Context)>	sig:virtualinvoke $r8.<java.net.HttpURLConnection: void setConnectTimeout(int)>(2000)	timediff:0
I/System.out(23212): body:<com.admarvel.android.ads.r: void o(android.content.Context)>	sig:virtualinvoke $r8.<java.net.HttpURLConnection: void setReadTimeout(int)>(10000)	timediff:0
W/SocketClient(  163): write error (Broken pipe)
I/System.out(23212): body:<com.soundhound.audiopipeline.impl.stages.HTTPDestStage: void connectToServer()>	sig:specialinvoke $r2.<java.net.Socket: void <init>()>()	timediff:0
I/System.out(23212): body:<com.soundhound.audiopipeline.impl.stages.HTTPDestStage: void connectToServer()>	sig:$r5 = virtualinvoke $r4.<java.net.URI: java.lang.String getHost()>()	timediff:0
I/System.out(23212): body:<com.soundhound.audiopipeline.impl.stages.HTTPDestStage: void connectToServer()>	sig:$i0 = virtualinvoke $r4.<java.net.URI: int getPort()>()	timediff:0
I/System.out(23212): body:<com.soundhound.audiopipeline.impl.stages.HTTPDestStage: void connectToServer()>	sig:specialinvoke $r3.<java.net.InetSocketAddress: void <init>(java.lang.String,int)>($r5, $i0)	timediff:2
I/Pipeline-HTTPDestStage(23212): Pipeline stage http_client sleeping and retry connection: java.net.UnknownHostException: Host is unresolved: search.midomi.com
I/System.out(23212): body:<com.localytics.android.ProfileUploadHandler: int uploadData()>	sig:$r7 = staticinvoke <java.net.URLEncoder: java.lang.String encode(java.lang.String,java.lang.String)>($r2, "UTF-8")	timediff:0
I/System.out(23212): body:<com.localytics.android.BaseUploadThread: boolean upload(com.localytics.android.BaseUploadThread$UploadType,java.lang.String,java.lang.String,int)>	sig:specialinvoke $r15.<java.net.URL: void <init>(java.lang.String)>($r2)	timediff:0
I/System.out(23212): <com.localytics.android.BaseUploadThread: boolean upload(com.localytics.android.BaseUploadThread$UploadType,java.lang.String,java.lang.String,int)>###specialinvoke $r15.<java.net.URL: void <init>(java.lang.String)>($r2)###https://profile.localytics.com/v1/apps/3335904327062dc9ea35087-47b59e74-eac9-11e4-312e-004a77f8b47f/profiles/7931d313-38c9-4972-ba5e-117bc4820453
I/System.out(23212): body:<com.localytics.android.BaseUploadThread: boolean upload(com.localytics.android.BaseUploadThread$UploadType,java.lang.String,java.lang.String,int)>	sig:$r16 = virtualinvoke $r15.<java.net.URL: java.net.URLConnection openConnection()>()	timediff:0
I/System.out(23212): body:<com.localytics.android.BaseUploadThread: boolean upload(com.localytics.android.BaseUploadThread$UploadType,java.lang.String,java.lang.String,int)>	sig:virtualinvoke $r17.<java.net.HttpURLConnection: void setConnectTimeout(int)>(60000)	timediff:0
I/System.out(23212): body:<com.localytics.android.BaseUploadThread: boolean upload(com.localytics.android.BaseUploadThread$UploadType,java.lang.String,java.lang.String,int)>	sig:virtualinvoke $r17.<java.net.HttpURLConnection: void setReadTimeout(int)>(60000)	timediff:0
I/System.out(23212): body:<com.localytics.android.BaseUploadThread: boolean upload(com.localytics.android.BaseUploadThread$UploadType,java.lang.String,java.lang.String,int)>	sig:virtualinvoke $r17.<java.net.HttpURLConnection: void setDoOutput(boolean)>($z0)	timediff:0
I/System.out(23212): body:<com.localytics.android.BaseUploadThread: boolean upload(com.localytics.android.BaseUploadThread$UploadType,java.lang.String,java.lang.String,int)>	sig:virtualinvoke $r17.<java.net.HttpURLConnection: void setRequestProperty(java.lang.String,java.lang.String)>("Content-Type", "application/json; charset=utf-8")	timediff:0
I/System.out(23212): body:<com.localytics.android.BaseUploadThread: boolean upload(com.localytics.android.BaseUploadThread$UploadType,java.lang.String,java.lang.String,int)>	sig:virtualinvoke $r17.<java.net.HttpURLConnection: void setRequestProperty(java.lang.String,java.lang.String)>("Accept-Encoding", "")	timediff:0
I/System.out(23212): body:<com.localytics.android.BaseUploadThread: boolean upload(com.localytics.android.BaseUploadThread$UploadType,java.lang.String,java.lang.String,int)>	sig:virtualinvoke $r17.<java.net.HttpURLConnection: void setRequestProperty(java.lang.String,java.lang.String)>("x-upload-time", $r12)	timediff:0
I/System.out(23212): body:<com.localytics.android.BaseUploadThread: boolean upload(com.localytics.android.BaseUploadThread$UploadType,java.lang.String,java.lang.String,int)>	sig:virtualinvoke $r17.<java.net.HttpURLConnection: void setRequestProperty(java.lang.String,java.lang.String)>("x-install-id", $r12)	timediff:0
I/System.out(23212): body:<com.localytics.android.BaseUploadThread: boolean upload(com.localytics.android.BaseUploadThread$UploadType,java.lang.String,java.lang.String,int)>	sig:virtualinvoke $r17.<java.net.HttpURLConnection: void setRequestProperty(java.lang.String,java.lang.String)>("x-app-id", $r12)	timediff:1
I/System.out(23212): body:<com.localytics.android.BaseUploadThread: boolean upload(com.localytics.android.BaseUploadThread$UploadType,java.lang.String,java.lang.String,int)>	sig:virtualinvoke $r17.<java.net.HttpURLConnection: void setRequestProperty(java.lang.String,java.lang.String)>("x-client-version", "androida_3.1.1")	timediff:0
I/System.out(23212): body:<com.localytics.android.BaseUploadThread: boolean upload(com.localytics.android.BaseUploadThread$UploadType,java.lang.String,java.lang.String,int)>	sig:virtualinvoke $r17.<java.net.HttpURLConnection: void setRequestProperty(java.lang.String,java.lang.String)>("x-app-version", $r12)	timediff:0
I/System.out(23212): body:<com.localytics.android.BaseUploadThread: boolean upload(com.localytics.android.BaseUploadThread$UploadType,java.lang.String,java.lang.String,int)>	sig:virtualinvoke $r17.<java.net.HttpURLConnection: void setRequestProperty(java.lang.String,java.lang.String)>("x-customer-id", $r12)	timediff:0
I/System.out(23212): body:<com.localytics.android.BaseUploadThread: boolean upload(com.localytics.android.BaseUploadThread$UploadType,java.lang.String,java.lang.String,int)>	sig:virtualinvoke $r17.<java.net.HttpURLConnection: void setFixedLengthStreamingMode(int)>($i1)	timediff:0
I/System.out(23212): body:<com.localytics.android.BaseUploadThread: boolean upload(com.localytics.android.BaseUploadThread$UploadType,java.lang.String,java.lang.String,int)>	sig:virtualinvoke $r5.<java.net.HttpURLConnection: void disconnect()>()	timediff:0
I/BookmarkDBMgr(23212): startSync() ignoring request since syncing is off
D/sh:SoundHoundApplicatio(23212): takeUserToHomeScreen = false, userTakenToHomeScreen == true
I/System.out(23212): body:<com.mobileapptracker.d: void a(java.lang.StringBuilder,java.lang.String,java.lang.String)>	sig:$r4 = staticinvoke <java.net.URLEncoder: java.lang.String encode(java.lang.String,java.lang.String)>($r2, "UTF-8")	timediff:1
I/System.out(23212): body:<com.mobileapptracker.d: void a(java.lang.StringBuilder,java.lang.String,java.lang.String)>	sig:$r4 = staticinvoke <java.net.URLEncoder: java.lang.String encode(java.lang.String,java.lang.String)>($r2, "UTF-8")	timediff:0
I/System.out(23212): body:<com.mobileapptracker.d: void a(java.lang.StringBuilder,java.lang.String,java.lang.String)>	sig:$r4 = staticinvoke <java.net.URLEncoder: java.lang.String encode(java.lang.String,java.lang.String)>($r2, "UTF-8")	timediff:0
I/System.out(23212): body:<com.mobileapptracker.d: void a(java.lang.StringBuilder,java.lang.String,java.lang.String)>	sig:$r4 = staticinvoke <java.net.URLEncoder: java.lang.String encode(java.lang.String,java.lang.String)>($r2, "UTF-8")	timediff:1
I/System.out(23212): body:<com.mobileapptracker.d: void a(java.lang.StringBuilder,java.lang.String,java.lang.String)>	sig:$r4 = staticinvoke <java.net.URLEncoder: java.lang.String encode(java.lang.String,java.lang.String)>($r2, "UTF-8")	timediff:1
I/System.out(23212): body:<com.mobileapptracker.d: void a(java.lang.StringBuilder,java.lang.String,java.lang.String)>	sig:$r4 = staticinvoke <java.net.URLEncoder: java.lang.String encode(java.lang.String,java.lang.String)>($r2, "UTF-8")	timediff:0
I/System.out(23212): body:<com.mobileapptracker.d: void a(java.lang.StringBuilder,java.lang.String,java.lang.String)>	sig:$r4 = staticinvoke <java.net.URLEncoder: java.lang.String encode(java.lang.String,java.lang.String)>($r2, "UTF-8")	timediff:0
I/System.out(23212): body:<com.mobileapptracker.d: void a(java.lang.StringBuilder,java.lang.String,java.lang.String)>	sig:$r4 = staticinvoke <java.net.URLEncoder: java.lang.String encode(java.lang.String,java.lang.String)>($r2, "UTF-8")	timediff:0
I/System.out(23212): body:<com.mobileapptracker.d: void a(java.lang.StringBuilder,java.lang.String,java.lang.String)>	sig:$r4 = staticinvoke <java.net.URLEncoder: java.lang.String encode(java.lang.String,java.lang.String)>($r2, "UTF-8")	timediff:1
I/System.out(23212): body:<com.mobileapptracker.d: void a(java.lang.StringBuilder,java.lang.String,java.lang.String)>	sig:$r4 = staticinvoke <java.net.URLEncoder: java.lang.String encode(java.lang.String,java.lang.String)>($r2, "UTF-8")	timediff:0
I/System.out(23212): body:<com.mobileapptracker.d: void a(java.lang.StringBuilder,java.lang.String,java.lang.String)>	sig:$r4 = staticinvoke <java.net.URLEncoder: java.lang.String encode(java.lang.String,java.lang.String)>($r2, "UTF-8")	timediff:0
I/System.out(23212): body:<com.mobileapptracker.d: void a(java.lang.StringBuilder,java.lang.String,java.lang.String)>	sig:$r4 = staticinvoke <java.net.URLEncoder: java.lang.String encode(java.lang.String,java.lang.String)>($r2, "UTF-8")	timediff:0
I/System.out(23212): body:<com.mobileapptracker.d: void a(java.lang.StringBuilder,java.lang.String,java.lang.String)>	sig:$r4 = staticinvoke <java.net.URLEncoder: java.lang.String encode(java.lang.String,java.lang.String)>($r2, "UTF-8")	timediff:0
I/System.out(23212): body:<com.mobileapptracker.d: void a(java.lang.StringBuilder,java.lang.String,java.lang.String)>	sig:$r4 = staticinvoke <java.net.URLEncoder: java.lang.String encode(java.lang.String,java.lang.String)>($r2, "UTF-8")	timediff:0
I/System.out(23212): body:<com.mobileapptracker.d: void a(java.lang.StringBuilder,java.lang.String,java.lang.String)>	sig:$r4 = staticinvoke <java.net.URLEncoder: java.lang.String encode(java.lang.String,java.lang.String)>($r2, "UTF-8")	timediff:0
I/System.out(23212): body:<com.mobileapptracker.d: void a(java.lang.StringBuilder,java.lang.String,java.lang.String)>	sig:$r4 = staticinvoke <java.net.URLEncoder: java.lang.String encode(java.lang.String,java.lang.String)>($r2, "UTF-8")	timediff:1
I/System.out(23212): body:<com.mobileapptracker.d: void a(java.lang.StringBuilder,java.lang.String,java.lang.String)>	sig:$r4 = staticinvoke <java.net.URLEncoder: java.lang.String encode(java.lang.String,java.lang.String)>($r2, "UTF-8")	timediff:0
I/System.out(23212): body:<com.mobileapptracker.d: void a(java.lang.StringBuilder,java.lang.String,java.lang.String)>	sig:$r4 = staticinvoke <java.net.URLEncoder: java.lang.String encode(java.lang.String,java.lang.String)>($r2, "UTF-8")	timediff:0
I/System.out(23212): body:<com.mobileapptracker.d: void a(java.lang.StringBuilder,java.lang.String,java.lang.String)>	sig:$r4 = staticinvoke <java.net.URLEncoder: java.lang.String encode(java.lang.String,java.lang.String)>($r2, "UTF-8")	timediff:0
I/System.out(23212): body:<com.mobileapptracker.d: void a(java.lang.StringBuilder,java.lang.String,java.lang.String)>	sig:$r4 = staticinvoke <java.net.URLEncoder: java.lang.String encode(java.lang.String,java.lang.String)>($r2, "UTF-8")	timediff:0
I/System.out(23212): body:<com.mobileapptracker.d: void a(java.lang.StringBuilder,java.lang.String,java.lang.String)>	sig:$r4 = staticinvoke <java.net.URLEncoder: java.lang.String encode(java.lang.String,java.lang.String)>($r2, "UTF-8")	timediff:0
I/System.out(23212): body:<com.mobileapptracker.d: void a(java.lang.StringBuilder,java.lang.String,java.lang.String)>	sig:$r4 = staticinvoke <java.net.URLEncoder: java.lang.String encode(java.lang.String,java.lang.String)>($r2, "UTF-8")	timediff:1
I/System.out(23212): body:<com.mobileapptracker.d: void a(java.lang.StringBuilder,java.lang.String,java.lang.String)>	sig:$r4 = staticinvoke <java.net.URLEncoder: java.lang.String encode(java.lang.String,java.lang.String)>($r2, "UTF-8")	timediff:0
I/System.out(23212): body:<com.mobileapptracker.d: void a(java.lang.StringBuilder,java.lang.String,java.lang.String)>	sig:$r4 = staticinvoke <java.net.URLEncoder: java.lang.String encode(java.lang.String,java.lang.String)>($r2, "UTF-8")	timediff:0
I/System.out(23212): body:<com.mobileapptracker.d: void a(java.lang.StringBuilder,java.lang.String,java.lang.String)>	sig:$r4 = staticinvoke <java.net.URLEncoder: java.lang.String encode(java.lang.String,java.lang.String)>($r2, "UTF-8")	timediff:1
I/BookmarkDBMgr(23212): startSync() ignoring request since syncing is off
I/SearchHistoryDBMgr(23212): startSync() ignoring request since syncing is off
I/System.out(23212): body:<com.localytics.android.ProfileUploadHandler: int uploadData()>	sig:$r7 = staticinvoke <java.net.URLEncoder: java.lang.String encode(java.lang.String,java.lang.String)>($r2, "UTF-8")	timediff:0
I/System.out(23212): body:<com.localytics.android.BaseUploadThread: boolean upload(com.localytics.android.BaseUploadThread$UploadType,java.lang.String,java.lang.String,int)>	sig:specialinvoke $r15.<java.net.URL: void <init>(java.lang.String)>($r2)	timediff:0
I/System.out(23212): <com.localytics.android.BaseUploadThread: boolean upload(com.localytics.android.BaseUploadThread$UploadType,java.lang.String,java.lang.String,int)>###specialinvoke $r15.<java.net.URL: void <init>(java.lang.String)>($r2)###https://profile.localytics.com/v1/apps/3335904327062dc9ea35087-47b59e74-eac9-11e4-312e-004a77f8b47f/profiles/7931d313-38c9-4972-ba5e-117bc4820453
I/System.out(23212): body:<com.localytics.android.BaseUploadThread: boolean upload(com.localytics.android.BaseUploadThread$UploadType,java.lang.String,java.lang.String,int)>	sig:$r16 = virtualinvoke $r15.<java.net.URL: java.net.URLConnection openConnection()>()	timediff:0
I/System.out(23212): body:<com.localytics.android.BaseUploadThread: boolean upload(com.localytics.android.BaseUploadThread$UploadType,java.lang.String,java.lang.String,int)>	sig:virtualinvoke $r17.<java.net.HttpURLConnection: void setConnectTimeout(int)>(60000)	timediff:0
I/System.out(23212): body:<com.localytics.android.BaseUploadThread: boolean upload(com.localytics.android.BaseUploadThread$UploadType,java.lang.String,java.lang.String,int)>	sig:virtualinvoke $r17.<java.net.HttpURLConnection: void setReadTimeout(int)>(60000)	timediff:0
I/System.out(23212): body:<com.localytics.android.BaseUploadThread: boolean upload(com.localytics.android.BaseUploadThread$UploadType,java.lang.String,java.lang.String,int)>	sig:virtualinvoke $r17.<java.net.HttpURLConnection: void setDoOutput(boolean)>($z0)	timediff:0
I/System.out(23212): body:<com.localytics.android.BaseUploadThread: boolean upload(com.localytics.android.BaseUploadThread$UploadType,java.lang.String,java.lang.String,int)>	sig:virtualinvoke $r17.<java.net.HttpURLConnection: void setRequestProperty(java.lang.String,java.lang.String)>("Content-Type", "application/json; charset=utf-8")	timediff:0
I/System.out(23212): body:<com.localytics.android.BaseUploadThread: boolean upload(com.localytics.android.BaseUploadThread$UploadType,java.lang.String,java.lang.String,int)>	sig:virtualinvoke $r17.<java.net.HttpURLConnection: void setRequestProperty(java.lang.String,java.lang.String)>("Accept-Encoding", "")	timediff:0
I/System.out(23212): body:<com.localytics.android.BaseUploadThread: boolean upload(com.localytics.android.BaseUploadThread$UploadType,java.lang.String,java.lang.String,int)>	sig:virtualinvoke $r17.<java.net.HttpURLConnection: void setRequestProperty(java.lang.String,java.lang.String)>("x-upload-time", $r12)	timediff:0
I/System.out(23212): body:<com.localytics.android.BaseUploadThread: boolean upload(com.localytics.android.BaseUploadThread$UploadType,java.lang.String,java.lang.String,int)>	sig:virtualinvoke $r17.<java.net.HttpURLConnection: void setRequestProperty(java.lang.String,java.lang.String)>("x-install-id", $r12)	timediff:0
I/System.out(23212): body:<com.localytics.android.BaseUploadThread: boolean upload(com.localytics.android.BaseUploadThread$UploadType,java.lang.String,java.lang.String,int)>	sig:virtualinvoke $r17.<java.net.HttpURLConnection: void setRequestProperty(java.lang.String,java.lang.String)>("x-app-id", $r12)	timediff:0
I/System.out(23212): body:<com.localytics.android.BaseUploadThread: boolean upload(com.localytics.android.BaseUploadThread$UploadType,java.lang.String,java.lang.String,int)>	sig:virtualinvoke $r17.<java.net.HttpURLConnection: void setRequestProperty(java.lang.String,java.lang.String)>("x-client-version", "androida_3.1.1")	timediff:0
I/System.out(23212): body:<com.localytics.android.BaseUploadThread: boolean upload(com.localytics.android.BaseUploadThread$UploadType,java.lang.String,java.lang.String,int)>	sig:virtualinvoke $r17.<java.net.HttpURLConnection: void setRequestProperty(java.lang.String,java.lang.String)>("x-app-version", $r12)	timediff:0
I/System.out(23212): body:<com.localytics.android.BaseUploadThread: boolean upload(com.localytics.android.BaseUploadThread$UploadType,java.lang.String,java.lang.String,int)>	sig:virtualinvoke $r17.<java.net.HttpURLConnection: void setRequestProperty(java.lang.String,java.lang.String)>("x-customer-id", $r12)	timediff:1
I/System.out(23212): body:<com.localytics.android.BaseUploadThread: boolean upload(com.localytics.android.BaseUploadThread$UploadType,java.lang.String,java.lang.String,int)>	sig:virtualinvoke $r17.<java.net.HttpURLConnection: void setFixedLengthStreamingMode(int)>($i1)	timediff:0
I/System.out(23212): body:<com.localytics.android.BaseUploadThread: boolean upload(com.localytics.android.BaseUploadThread$UploadType,java.lang.String,java.lang.String,int)>	sig:virtualinvoke $r5.<java.net.HttpURLConnection: void disconnect()>()	timediff:0
W/EGL_emulation(23212): eglSurfaceAttrib not implemented 3093 12436
I/System.out(23212): body:<com.soundhound.serviceapi.transport.http.HttpRequestExecutorAbsBase: java.lang.StringBuilder getNonLoggingUrlBuilder(com.soundhound.serviceapi.Request,java.lang.String)>	sig:$r2 = staticinvoke <java.net.URLEncoder: java.lang.String encode(java.lang.String,java.lang.String)>($r2, "UTF-8")	timediff:0
I/System.out(23212): body:<com.soundhound.serviceapi.transport.http.HttpRequestExecutorAbsBase: java.lang.StringBuilder getNonLoggingUrlBuilder(com.soundhound.serviceapi.Request,java.lang.String)>	sig:$r2 = staticinvoke <java.net.URLEncoder: java.lang.String encode(java.lang.String,java.lang.String)>($r2, "UTF-8")	timediff:0
I/System.out(23212): body:<com.soundhound.serviceapi.transport.http.HttpRequestExecutorAbsBase: java.lang.StringBuilder getNonLoggingUrlBuilder(com.soundhound.serviceapi.Request,java.lang.String)>	sig:$r2 = staticinvoke <java.net.URLEncoder: java.lang.String encode(java.lang.String,java.lang.String)>($r2, "UTF-8")	timediff:0
I/System.out(23212): body:<com.soundhound.serviceapi.transport.http.HttpRequestExecutorAbsBase: java.lang.StringBuilder getNonLoggingUrlBuilder(com.soundhound.serviceapi.Request,java.lang.String)>	sig:$r2 = staticinvoke <java.net.URLEncoder: java.lang.String encode(java.lang.String,java.lang.String)>($r2, "UTF-8")	timediff:0
W/ViewRootImpl(23212): Dropping event due to no window focus: KeyEvent { action=ACTION_DOWN, keyCode=KEYCODE_DPAD_UP, scanCode=0, metaState=0, flags=0x8, repeatCount=0, eventTime=13194675, downTime=13194675, deviceId=-1, source=0x101 }
W/ViewRootImpl(23212): Dropping event due to no window focus: KeyEvent { action=ACTION_DOWN, keyCode=KEYCODE_DPAD_CENTER, scanCode=0, metaState=0, flags=0x8, repeatCount=0, eventTime=13195225, downTime=13195225, deviceId=-1, source=0x101 }
W/sh:HttpRequestFetchStrategyGet(23212): Network connection to 'https://secureapi.midomi.com:443/v2/?method=getAdvertisements&mode=banner&zone=history' failed with: java.net.UnknownHostException: Unable to resolve host "secureapi.midomi.com": No address associated with hostname
E/sh:ServiceApiLoader(23212): Error in ServiceApiLoader
E/sh:ServiceApi(23212): Error with ServiceApi
W/ViewRootImpl(23212): Dropping event due to no window focus: KeyEvent { action=ACTION_DOWN, keyCode=KEYCODE_NUMPAD_LEFT_PAREN, scanCode=0, metaState=0, flags=0x8, repeatCount=0, eventTime=13195237, downTime=13195237, deviceId=-1, source=0x101 }
D/sh:HistoryFragment(23212): postUpdate
I/System.out(23212): body:<com.mologiq.analytics.y: java.lang.String a(java.lang.String,java.lang.String,android.content.Context,int,int,boolean)>	sig:specialinvoke $r7.<java.net.URL: void <init>(java.lang.String)>($r1)	timediff:0
I/System.out(23212): <com.mologiq.analytics.y: java.lang.String a(java.lang.String,java.lang.String,android.content.Context,int,int,boolean)>###specialinvoke $r7.<java.net.URL: void <init>(java.lang.String)>($r1)###http://a.mologiq.net/mologiq/deai?v=1.3.6&p=com.melodis.midomiMusicIdentifier.freemium
I/System.out(23212): body:<com.mologiq.analytics.y: java.lang.String a(java.lang.String,java.lang.String,android.content.Context,int,int,boolean)>	sig:$r9 = virtualinvoke $r7.<java.net.URL: java.net.URLConnection openConnection()>()	timediff:0
I/System.out(23212): body:<com.mologiq.analytics.y: java.lang.String a(java.lang.String,java.lang.String,android.content.Context,int,int,boolean)>	sig:virtualinvoke $r10.<java.net.HttpURLConnection: void setRequestMethod(java.lang.String)>("POST")	timediff:0
I/System.out(23212): body:<com.mologiq.analytics.y: java.lang.String a(java.lang.String,java.lang.String,android.content.Context,int,int,boolean)>	sig:virtualinvoke $r10.<java.net.HttpURLConnection: void setDoOutput(boolean)>(1)	timediff:1
I/System.out(23212): body:<com.mologiq.analytics.y: java.lang.String a(java.lang.String,java.lang.String,android.content.Context,int,int,boolean)>	sig:virtualinvoke $r10.<java.net.HttpURLConnection: void setDoInput(boolean)>(1)	timediff:0
I/System.out(23212): body:<com.mologiq.analytics.y: java.lang.String a(java.lang.String,java.lang.String,android.content.Context,int,int,boolean)>	sig:virtualinvoke $r10.<java.net.HttpURLConnection: void setUseCaches(boolean)>(0)	timediff:0
I/System.out(23212): body:<com.mologiq.analytics.y: java.lang.String a(java.lang.String,java.lang.String,android.content.Context,int,int,boolean)>	sig:virtualinvoke $r10.<java.net.HttpURLConnection: void setRequestProperty(java.lang.String,java.lang.String)>("User-Agent", $r1)	timediff:0
I/System.out(23212): body:<com.mologiq.analytics.y: java.lang.String a(java.lang.String,java.lang.String,android.content.Context,int,int,boolean)>	sig:virtualinvoke $r10.<java.net.HttpURLConnection: void setRequestProperty(java.lang.String,java.lang.String)>("Content-Type", "application/x-www-form-urlencoded")	timediff:0
I/System.out(23212): body:<com.mologiq.analytics.y: java.lang.String a(java.lang.String,java.lang.String,android.content.Context,int,int,boolean)>	sig:virtualinvoke $r10.<java.net.HttpURLConnection: void setConnectTimeout(int)>($i0)	timediff:0
D/sh:LoggerMgr(23212): LL_SetProfileAttribute: Favorite Songs, 0
I/System.out(23212): body:<com.mologiq.analytics.y: java.lang.String a(java.lang.String,java.lang.String,android.content.Context,int,int,boolean)>	sig:virtualinvoke $r10.<java.net.HttpURLConnection: void setReadTimeout(int)>($i1)	timediff:3
I/System.out(23212): body:<com.mologiq.analytics.y: java.lang.String a(java.lang.String,java.lang.String,android.content.Context,int,int,boolean)>	sig:virtualinvoke $r10.<java.net.HttpURLConnection: void setRequestProperty(java.lang.String,java.lang.String)>("Content-Length", $r2)	timediff:0
W/System.err(23212): java.net.UnknownHostException: Unable to resolve host "a.mologiq.net": No address associated with hostname
W/System.err(23212): 	at java.net.InetAddress.lookupHostByName(InetAddress.java:424)
W/System.err(23212): 	at java.net.InetAddress.getAllByNameImpl(InetAddress.java:236)
W/System.err(23212): 	at java.net.InetAddress.getAllByName(InetAddress.java:214)
W/System.err(23212): 	at com.android.okhttp.internal.Dns$1.getAllByName(Dns.java:28)
W/System.err(23212): 	at com.android.okhttp.internal.http.RouteSelector.resetNextInetSocketAddress(RouteSelector.java:216)
W/System.err(23212): 	at com.android.okhttp.internal.http.RouteSelector.next(RouteSelector.java:122)
W/System.err(23212): 	at com.android.okhttp.internal.http.HttpEngine.connect(HttpEngine.java:292)
W/System.err(23212): 	at com.android.okhttp.internal.http.HttpEngine.sendSocketRequest(HttpEngine.java:255)
W/System.err(23212): 	at com.android.okhttp.internal.http.HttpEngine.sendRequest(HttpEngine.java:206)
W/System.err(23212): 	at com.android.okhttp.internal.http.HttpURLConnectionImpl.execute(HttpURLConnectionImpl.java:345)
W/System.err(23212): 	at com.android.okhttp.internal.http.HttpURLConnectionImpl.connect(HttpURLConnectionImpl.java:89)
W/System.err(23212): 	at com.android.okhttp.internal.http.HttpURLConnectionImpl.getOutputStream(HttpURLConnectionImpl.java:197)
W/System.err(23212): 	at com.mologiq.analytics.y.a(Utils.java)
W/System.err(23212): 	at com.mologiq.analytics.l.doInBackground(MologiqDeviceEventsAsyncTask.java)
W/System.err(23212): 	at android.os.AsyncTask$2.call(AsyncTask.java:288)
W/System.err(23212): 	at java.util.concurrent.FutureTask.run(FutureTask.java:237)
W/System.err(23212): 	at java.util.concurrent.ThreadPo