I/chromium(19478): [INFO:CONSOLE(0)] "Creating Application Cache with manifest https://googleads.g.doubleclick.net/mads/static/mad/sdk/native/sdk-core-v40-loader.appcache", source: https://googleads.g.doubleclick.net/mads/static/mad/sdk/native/sdk-core-v40-loader.html (0)
I/chromium(19478): [INFO:CONSOLE(0)] "Application Cache Checking event", source: https://googleads.g.doubleclick.net/mads/static/mad/sdk/native/sdk-core-v40-loader.html (0)
I/chromium(19478): [INFO:CONSOLE(0)] "Application Cache Downloading event", source: https://googleads.g.doubleclick.net/mads/static/mad/sdk/native/sdk-core-v40-loader.html (0)
I/chromium(19478): [INFO:CONSOLE(0)] "Application Cache Progress event (0 of 1) https://googleads.g.doubleclick.net/mads/static/mad/sdk/native/production/sdk-core-v40-impl.js", source: https://googleads.g.doubleclick.net/mads/static/mad/sdk/native/sdk-core-v40-loader.html (0)
D/TAG     (19478): 2
D/        (  481): HostConnection::get() New Host Connection established 0xb836d540, tid 1262
W/EGL_emulation(19478): eglSurfaceAttrib not implemented 3093 12436
I/chromium(19478): [INFO:CONSOLE(0)] "Application Cache Progress event (1 of 1) ", source: https://googleads.g.doubleclick.net/mads/static/mad/sdk/native/sdk-core-v40-loader.html (0)
I/chromium(19478): [INFO:CONSOLE(0)] "Application Cache Cached event", source: https://googleads.g.doubleclick.net/mads/static/mad/sdk/native/sdk-core-v40-loader.html (0)
W/ViewRootImpl(19478): Dropping event due to no window focus: KeyEvent { action=ACTION_DOWN, keyCode=KEYCODE_VOLUME_UP, scanCode=0, metaState=0, flags=0x8, repeatCount=0, eventTime=1089029, downTime=1089029, deviceId=-1, source=0x101 }
W/ContextImpl(  481): Calling a method in the system process without a qualified user: android.app.ContextImpl.sendBroadcast:1123 com.android.server.InputMethodManagerService.hideCurrentInputLocked:1880 com.android.server.InputMethodManagerService.windowGainedFocus:1968 com.android.internal.view.IInputMethodManager$Stub.onTransact:221 com.android.server.InputMethodManagerService.onTransact:818 
I/qtaguid (  711): Untagging socket 141 failed errno=-13
W/NetworkManagementSocketTagger(  711): untagSocket(141) failed with errno -13
D/dalvikvm(19478): GC_CONCURRENT freed 1328K, 15% free 8520K/9916K, paused 0ms+1ms, total 5ms
D/BluetoothAdapter(  828): 1249413012: getState() :  mService = null. Returning STATE_OFF
W/WindowManager(  481): updateFocusedWindowLocked, focusedAppToken is null.
W/ViewRootImpl(19478): Dropping event due to no window focus: KeyEvent { action=ACTION_DOWN, keyCode=KEYCODE_DPAD_UP, scanCode=0, metaState=0, flags=0x8, repeatCount=0, eventTime=1089118, downTime=1089118, deviceId=-1, source=0x101 }
I/ActivityManager(  481): START u0 {act=android.intent.action.MAIN cat=[android.intent.category.LAUNCHER] flg=0x10200000 cmp=com.MyIndieApp.FreeOldiesRadio/.FreeOldiesRadioActivity} from pid 19468
W/ViewRootImpl(  533): Dropping event due to no window focus: KeyEvent { action=ACTION_DOWN, keyCode=KEYCODE_SPACE, scanCode=0, metaState=0, flags=0x8, repeatCount=0, eventTime=1089334, downTime=1089334, deviceId=-1, source=0x101 }
W/ContextImpl(  481): Calling a method in the system process without a qualified user: android.app.ContextImpl.sendBroadcast:1123 com.android.server.InputMethodManagerService.hideCurrentInputLocked:1880 com.android.server.InputMethodManagerService.windowGainedFocus:1968 com.android.internal.view.IInputMethodManager$Stub.onTransact:221 com.android.server.InputMethodManagerService.onTransact:818 
W/EGL_emulation(19478): eglSurfaceAttrib not implemented 3093 12436
W/InputMethodManagerService(  481): Starting input on non-focused client com.android.internal.view.IInputMethodClient$Stub$Proxy@4aa5a068 (uid=10191 pid=19478)
W/InputEventReceiver(  533): Attempted to finish an input event but the input event receiver has already been disposed.
W/InputEventReceiver(  533): Attempted to finish an input event but the input event receiver has already been disposed.
W/InputEventReceiver(  533): Attempted to finish an input event but the input event receiver has already been disposed.
W/InputEventReceiver(  533): Attempted to finish an input event but the input event receiver has already been disposed.
W/InputEventReceiver(  533): Attempted to finish an input event but the input event receiver has already been disposed.
W/InputEventReceiver(  533): Attempted to finish an input event but the input event receiver has already been disposed.
W/InputEventReceiver(  533): Attempted to finish an input event but the input event receiver has already been disposed.
W/ViewRootImpl(  533): Dropping event due to root view being removed: MotionEvent { action=ACTION_UP, id[0]=0, x[0]=334.33356, y[0]=-172.24408, toolType[0]=TOOL_TYPE_UNKNOWN, buttonState=0, metaState=0, flags=0x0, edgeFlags=0x0, pointerCount=1, historySize=0, eventTime=1089491, downTime=1089491, deviceId=0, source=0x1002 }
W/ViewRootImpl(  533): Dropping event due to root view being removed: MotionEvent { action=ACTION_DOWN, id[0]=0, x[0]=90.0, y[0]=-543.0, toolType[0]=TOOL_TYPE_UNKNOWN, buttonState=0, metaState=0, flags=0x0, edgeFlags=0x0, pointerCount=1, historySize=0, eventTime=1089492, downTime=1089492, deviceId=0, source=0x1002 }
W/ViewRootImpl(  533): Dropping event due to root view being removed: MotionEvent { action=ACTION_POINTER_DOWN(1), id[0]=0, x[0]=96.37224, y[0]=-529.7319, toolType[0]=TOOL_TYPE_UNKNOWN, id[1]=1, x[1]=11.0, y[1]=167.0, toolType[1]=TOOL_TYPE_UNKNOWN, buttonState=0, metaState=0, flags=0x0, edgeFlags=0x0, pointerCount=2, historySize=0, eventTime=1089492, downTime=1089492, deviceId=0, source=0x1002 }
W/ViewRootImpl(  533): Dropping event due to root view being removed: MotionEvent { action=ACTION_MOVE, id[0]=0, x[0]=108.62235, y[0]=-515.472, toolType[0]=TOOL_TYPE_UNKNOWN, id[1]=1, x[1]=0.6603906, y[1]=166.37244, toolType[1]=TOOL_TYPE_UNKNOWN, buttonState=0, metaState=0, flags=0x0, edgeFlags=0x0, pointerCount=2, historySize=1, eventTime=1089492, downTime=1089492, deviceId=0, source=0x1002 }
W/ViewRootImpl(  533): Dropping event due to root view being removed: MotionEvent { action=ACTION_POINTER_UP(1), id[0]=0, x[0]=115.78241, y[0]=-509.92474, toolType[0]=TOOL_TYPE_UNKNOWN, id[1]=1, x[1]=0.0, y[1]=165.47919, toolType[1]=TOOL_TYPE_UNKNOWN, buttonState=0, metaState=0, flags=0x0, edgeFlags=0x0, pointerCount=2, historySize=0, eventTime=1089493, downTime=1089492, deviceId=0, source=0x1002 }
W/ViewRootImpl(  533): Dropping event due to root view being removed: MotionEvent { action=ACTION_UP, id[0]=0, x[0]=123.97429, y[0]=-509.27023, toolType[0]=TOOL_TYPE_UNKNOWN, buttonState=0, metaState=0, flags=0x0, edgeFlags=0x0, pointerCount=1, historySize=0, eventTime=1089493, downTime=1089492, deviceId=0, source=0x1002 }
W/ViewRootImpl(  533): Dropping event due to root view being removed: KeyEvent { action=ACTION_MULTIPLE, keyCode=KEYCODE_DPAD_LEFT, scanCode=0, metaState=0, flags=0x400, repeatCount=4, eventTime=1089491, downTime=1089491, deviceId=-1, source=0x101 }
W/ViewRootImpl(  533): Dropping event due to root view being removed: KeyEvent { action=ACTION_DOWN, keyCode=KEYCODE_DPAD_LEFT, scanCode=0, metaState=0, flags=0x400, repeatCount=0, eventTime=1089492, downTime=1089492, deviceId=-1, source=0x101 }
W/ViewRootImpl(  533): Dropping event due to root view being removed: KeyEvent { action=ACTION_UP, keyCode=KEYCODE_DPAD_LEFT, scanCode=0, metaState=0, flags=0x400, repeatCount=0, eventTime=1089492, downTime=1089492, deviceId=-1, source=0x101 }
W/ViewRootImpl(  533): Dropping event due to root view being removed: KeyEvent { action=ACTION_DOWN, keyCode=KEYCODE_DPAD_LEFT, scanCode=0, metaState=0, flags=0x400, repeatCount=0, eventTime=1089492, downTime=1089492, deviceId=-1, source=0x101 }
W/ViewRootImpl(  533): Dropping event due to root view being removed: KeyEvent { action=ACTION_UP, keyCode=KEYCODE_DPAD_LEFT, scanCode=0, metaState=0, flags=0x400, repeatCount=0, eventTime=1089492, downTime=1089492, deviceId=-1, source=0x101 }
W/ViewRootImpl(  533): Dropping event due to root view being removed: KeyEvent { action=ACTION_DOWN, keyCode=KEYCODE_DPAD_LEFT, scanCode=0, metaState=0, flags=0x400, repeatCount=0, eventTime=1089492, downTime=1089492, deviceId=-1, source=0x101 }
W/ViewRootImpl(  533): Dropping event due to root view being removed: KeyEvent { action=ACTION_UP, keyCode=KEYCODE_DPAD_LEFT, scanCode=0, metaState=0, flags=0x400, repeatCount=0, eventTime=1089492, downTime=1089492, deviceId=-1, source=0x101 }
W/ViewRootImpl(  533): Dropping event due to root view being removed: KeyEvent { action=ACTION_DOWN, keyCode=KEYCODE_DPAD_LEFT, scanCode=0, metaState=0, flags=0x400, repeatCount=0, eventTime=1089492, downTime=1089492, deviceId=-1, source=0x101 }
W/ViewRootImpl(  533): Dropping event due to root view being removed: KeyEvent { action=ACTION_UP, keyCode=KEYCODE_DPAD_LEFT, scanCode=0, metaState=0, flags=0x400, repeatCount=0, eventTime=1089492, downTime=1089492, deviceId=-1, source=0x101 }
W/ViewRootImpl(  533): Dropping event due to root view being removed: KeyEvent { action=ACTION_DOWN, keyCode=KEYCODE_DPAD_CENTER, scanCode=0, metaState=0, flags=0x400, repeatCount=0, eventTime=1089493, downTime=1089493, deviceId=-1, source=0x101 }
W/ViewRootImpl(  533): Dropping event due to root view being removed: KeyEvent { action=ACTION_UP, keyCode=KEYCODE_DPAD_CENTER, scanCode=0, metaState=0, flags=0x400, repeatCount=0, eventTime=1089493, downTime=1089493, deviceId=-1, source=0x101 }
W/EGL_emulation(19478): eglSurfaceAttrib not implemented 3093 12436
W/ViewRootImpl(19478): Dropping event due to no window focus: KeyEvent { action=ACTION_DOWN, keyCode=KEYCODE_DPAD_DOWN, scanCode=0, metaState=0, flags=0x8, repeatCount=0, eventTime=1089742, downTime=1089742, deviceId=-1, source=0x101 }
I/dalvikvm(19478): Could not find method android.os.PowerManager.isInteractive, referenced from method com.google.android.gms.ads.internal.activeview.c.g
W/dalvikvm(19478): VFY: unable to resolve virtual method 2559: Landroid/os/PowerManager;.isInteractive ()Z
D/dalvikvm(19478): VFY: replacing opcode 0x6e at 0x0008
D/AACPlayerActivity(19478): Asking for stream handler for protocol: 'https'
I/Ads     (19478): Ad finished loading.
W/ViewRootImpl(19478): Dropping event due to no window focus: KeyEvent { action=ACTION_DOWN, keyCode=KEYCODE_DPAD_RIGHT, scanCode=0, metaState=0, flags=0x8, repeatCount=0, eventTime=1089787, downTime=1089787, deviceId=-1, source=0x101 }
W/ViewRootImpl(19478): Dropping event due to no window focus: MotionEvent { action=ACTION_MOVE, id[0]=0, x[0]=1.0, y[0]=-4.0, toolType[0]=TOOL_TYPE_UNKNOWN, buttonState=0, metaState=0, flags=0x0, edgeFlags=0x0, pointerCount=1, historySize=9, eventTime=1089805, downTime=-1, deviceId=0, source=0x10004 }
W/ViewRootImpl(19478): Dropping event due to no window focus: MotionEvent { action=ACTION_DOWN, id[0]=0, x[0]=0.0, y[0]=0.0, toolType[0]=TOOL_TYPE_UNKNOWN, buttonState=0, metaState=0, flags=0x0, edgeFlags=0x0, pointerCount=1, historySize=0, eventTime=1089805, downTime=1089802, deviceId=0, source=0x10004 }
W/ContextImpl(  481): Calling a method in the system process without a qualified user: android.app.ContextImpl.sendBroadcast:1123 com.android.server.InputMethodManagerService.hideCurrentInputLocked:1880 com.android.server.InputMethodManagerService.windowGainedFocus:1968 com.android.internal.view.IInputMethodManager$Stub.onTransact:221 com.android.server.InputMethodManagerService.onTransact:818 
I/ActivityManager(  481): Displayed com.MyIndieApp.FreeOldiesRadio/.FreeOldiesRadioActivity: +487ms
I/chromium(19478): [INFO:CONSOLE(0)] "Document was loaded from Application Cache with manifest https://googleads.g.doubleclick.net/mads/static/mad/sdk/native/sdk-core-v40-loader.appcache", source: https://googleads.g.doubleclick.net/mads/static/mad/sdk/native/sdk-core-v40-loader.html (0)
I/chromium(19478): [INFO:CONSOLE(0)] "Application Cache Checking event", source: https://googleads.g.doubleclick.net/mads/static/mad/sdk/native/sdk-core-v40-loader.html (0)
I/chromium(19478): [INFO:CONSOLE(0)] "Application Cache Checking event", source: https://googleads.g.doubleclick.net/mads/static/mad/sdk/native/sdk-core-v40-loader.html (0)
I/chromium(19478): [INFO:CONSOLE(0)] "Application Cache NoUpdate event", source: https://googleads.g.doubleclick.net/mads/static/mad/sdk/native/sdk-core-v40-loader.html (0)
I/chromium(19478): [INFO:CONSOLE(0)] "Application Cache NoUpdate event", source: https://googleads.g.doubleclick.net/mads/static/mad/sdk/native/sdk-core-v40-loader.html (0)
D/dalvikvm(19478): GC_CONCURRENT freed 1808K, 18% free 8624K/10492K, paused 1ms+1ms, total 6ms
D/dalvikvm(19478): WAIT_FOR_CONCURRENT_GC blocked 1ms
W/ViewRootImpl(19478): Dropping event due to no window focus: KeyEvent { action=ACTION_DOWN, keyCode=KEYCODE_DPAD_LEFT, scanCode=0, metaState=0, flags=0x8, repeatCount=0, eventTime=1090203, downTime=1090203, deviceId=-1, source=0x101 }
I/ActivityManager(  481): START u0 {act=android.intent.action.MAIN cat=[android.intent.category.LAUNCHER] flg=0x10200000 cmp=com.MyIndieApp.FreeOldiesRadio/.FreeOldiesRadioActivity} from pid 19468
W/ViewRootImpl(19478): Dropping event due to no window focus: MotionEvent { action=ACTION_MOVE, id[0]=0, x[0]=-3.0, y[0]=1.0, toolType[0]=TOOL_TYPE_UNKNOWN, buttonState=0, metaState=0, flags=0x0, edgeFlags=0x0, pointerCount=1, historySize=9, eventTime=1090208, downTime=-1, deviceId=0, source=0x10004 }
W/EGL_emulation(19478): eglSurfaceAttrib not implemented 3093 12436
D/dalvikvm(19478): Trying to load lib /data/app-lib/com.MyIndieApp.FreeOldiesRadio-1/libaacdecoder.so 0x94f04fa0
D/dalvikvm(19478): Added shared lib /data/app-lib/com.MyIndieApp.FreeOldiesRadio-1/libaacdecoder.so 0x94f04fa0
D/dalvikvm(19478): No JNI_OnLoad found in /data/app-lib/com.MyIndieApp.FreeOldiesRadio-1/libaacdecoder.so 0x94f04fa0, skipping init
I/System.out(19478): body:<com.spoledge.aacdecoder.AACPlayer: java.net.URLConnection openConnection(java.lang.String)>	sig:specialinvoke $r3.<java.net.URL: void <init>(java.lang.String)>($r1)	timediff:0
I/System.out(19478): <com.spoledge.aacdecoder.AACPlayer: java.net.URLConnection openConnection(java.lang.String)>###specialinvoke $r3.<java.net.URL: void <init>(java.lang.String)>($r1)###http://192.152.23.243:8400
I/System.out(19478): body:<com.spoledge.aacdecoder.AACPlayer: java.net.URLConnection openConnection(java.lang.String)>	sig:$r4 = virtualinvoke $r3.<java.net.URL: java.net.URLConnection openConnection()>()	timediff:0
I/System.out(19478): body:<com.spoledge.aacdecoder.AACPlayer: void prepareConnection(java.net.URLConnection)>	sig:virtualinvoke $r1.<java.net.URLConnection: void setRequestProperty(java.lang.String,java.lang.String)>("Icy-MetaData", "1")	timediff:0
W/ViewRootImpl(19478): Dropping event due to no window focus: KeyEvent { action=ACTION_DOWN, keyCode=KEYCODE_DPAD_CENTER, scanCode=0, metaState=0, flags=0x8, repeatCount=0, eventTime=1090210, downTime=1090210, deviceId=-1, source=0x101 }
I/System.out(19478): body:<com.spoledge.aacdecoder.AACPlayer: java.net.URLConnection openConnection(java.lang.String)>	sig:virtualinvoke $r4.<java.net.URLConnection: void connect()>()	timediff:67
W/AACPlayer(19478): Invalid response code for url http://192.152.23.243:8400 - java.net.ProtocolException: Unexpected status line: ICY 200 OK
I/AACPlayer(19478): Trying to re-connect as ICY url icy://192.152.23.243:8400
I/System.out(19478): body:<com.spoledge.aacdecoder.AACPlayer: java.net.URLConnection openConnection(java.lang.String)>	sig:virtualinvoke $r5.<java.net.HttpURLConnection: void disconnect()>()	timediff:0
D/AACPlayerActivity(19478): Asking for stream handler for protocol: 'icy'
I/System.out(19478): body:<com.spoledge.aacdecoder.IcyURLStreamHandler: void <init>()>	sig:specialinvoke $r0.<java.net.URLStreamHandler: void <init>()>()	timediff:0
I/System.out(19478): body:<com.spoledge.aacdecoder.AACPlayer: java.net.URLConnection openConnection(java.lang.String)>	sig:specialinvoke $r3.<java.net.URL: void <init>(java.lang.String)>($r1)	timediff:1
I/System.out(19478): <com.spoledge.aacdecoder.AACPlayer: java.net.URLConnection openConnection(java.lang.String)>###specialinvoke $r3.<java.net.URL: void <init>(java.lang.String)>($r1)###icy://192.152.23.243:8400
I/System.out(19478): body:<com.spoledge.aacdecoder.IcyURLConnection: void <init>(java.net.URL)>	sig:specialinvoke $r0.<java.net.HttpURLConnection: void <init>(java.net.URL)>($r1)	timediff:0
I/System.out(19478): body:<com.spoledge.aacdecoder.AACPlayer: java.net.URLConnection openConnection(java.lang.String)>	sig:$r4 = virtualinvoke $r3.<java.net.URL: java.net.URLConnection openConnection()>()	timediff:0
I/System.out(19478): body:<com.spoledge.aacdecoder.AACPlayer: void prepareConnection(java.net.URLConnection)>	sig:virtualinvoke $r1.<java.net.URLConnection: void setRequestProperty(java.lang.String,java.lang.String)>("Icy-MetaData", "1")	timediff:0
I/System.out(19478): body:<com.spoledge.aacdecoder.IcyURLConnection: java.net.Socket createSocket()>	sig:specialinvoke $r1.<java.net.Socket: void <init>()>()	timediff:0
I/System.out(19478): body:<com.spoledge.aacdecoder.IcyURLConnection: void connect()>	sig:$r1 = virtualinvoke $r4.<java.net.URL: java.lang.String getHost()>()	timediff:0
I/System.out(19478): body:<com.spoledge.aacdecoder.IcyURLConnection: void connect()>	sig:$i0 = virtualinvoke $r4.<java.net.URL: int getPort()>()	timediff:0
I/System.out(19478): body:<com.spoledge.aacdecoder.IcyURLConnection: void connect()>	sig:$i0 = virtualinvoke $r4.<java.net.URL: int getPort()>()	timediff:0
I/System.out(19478): body:<com.spoledge.aacdecoder.IcyURLConnection: void connect()>	sig:specialinvoke $r3.<java.net.InetSocketAddress: void <init>(java.lang.String,int)>($r1, $i0)	timediff:0
I/System.out(19478): body:<com.spoledge.aacdecoder.IcyURLConnection: void connect()>	sig:$i0 = virtualinvoke $r0.<com.spoledge.aacdecoder.IcyURLConnection: int getConnectTimeout()>()	timediff:0
I/System.out(19478): body:<com.spoledge.aacdecoder.IcyURLConnection: void connect()>	sig:virtualinvoke $r2.<java.net.Socket: void connect(java.net.SocketAddress,int)>($r3, $i0)	timediff:70
I/System.out(19478): body:<com.spoledge.aacdecoder.IcyURLConnection: void connect()>	sig:$r7 = virtualinvoke $r2.<java.net.Socket: java.io.OutputStream getOutputStream()>()	timediff:0
I/System.out(19478): body:<com.spoledge.aacdecoder.IcyURLConnection: void connect()>	sig:$r8 = virtualinvoke $r2.<java.net.Socket: java.io.InputStream getInputStream()>()	timediff:0
I/System.out(19478): body:<com.spoledge.aacdecoder.IcyURLConnection: void connect()>	sig:$r10 = virtualinvoke $r4.<java.net.URL: java.lang.String getPath()>()	timediff:0
I/System.out(19478): body:<com.spoledge.aacdecoder.IcyURLConnection: void connect()>	sig:$r10 = virtualinvoke $r4.<java.net.URL: java.lang.String getHost()>()	timediff:0
W/InputMethodManagerService(  481): Window already focused, ignoring focus gain of: com.android.internal.view.IInputMethodClient$Stub$Proxy@4a95cbe0 attribute=null, token = android.os.BinderProxy@4aa5eee4
I/System.out(19478): body:<com.spoledge.aacdecoder.AACPlayer: java.net.URLConnection openConnection(java.lang.String)>	sig:virtualinvoke $r4.<java.net.URLConnection: void connect()>()	timediff:217
I/System.out(19478): body:<com.spoledge.aacdecoder.AACPlayer: java.net.URLConnection openConnection(java.lang.String)>	sig:$i0 = virtualinvoke $r5.<java.net.HttpURLConnection: int getResponseCode()>()	timediff:0
I/System.out(19478): body:<com.spoledge.aacdecoder.AACPlayer: void checkResponseCode(java.net.URLConnection)>	sig:$i0 = virtualinvoke $r3.<java.net.HttpURLConnection: int getResponseCode()>()	timediff:0
I/System.out(19478): body:<com.spoledge.aacdecoder.AACPlayer: void checkResponseCode(java.net.URLConnection)>	sig:$r4 = virtualinvoke $r3.<java.net.HttpURLConnection: java.lang.String getResponseMessage()>()	timediff:0
D/AACPlayer(19478): Response: 200 OK
I/System.out(19478): body:<com.spoledge.aacdecoder.AACPlayer: void dumpHeaders(java.net.URLConnection)>	sig:$r2 = virtualinvoke $r1.<java.net.URLConnection: java.util.Map getHeaderFields()>()	timediff:0
I/System.out(19478): body:<com.spoledge.aacdecoder.AACPlayer: void dumpHeaders(java.net.URLConnection)>	sig:$r2 = virtualinvoke $r1.<java.net.URLConnection: java.util.Map getHeaderFields()>()	timediff:0
D/AACPlayer(19478): header: key=content-type, val=audio/mpeg
D/AACPlayer(19478): header: key=icy-url, val=http://gotradio.com
D/AACPlayer(19478): header: key=icy-br, val=128
D/AACPlayer(19478): header: key=icy-genre, val=Classic Rock
D/AACPlayer(19478): header: key=icy-pub, val=0
D/AACPlayer(19478): header: key=icy-name, val=GotRadio - Classic Rock
D/AACPlayer(19478): header: key=icy-notice2, val=SHOUTcast Distributed Network Audio Server/Linux v1.9.8<BR>
D/AACPlayer(19478): header: key=icy-notice1, val=<BR>This stream requires <a href="http://www.winamp.com/">Winamp</a><BR>
D/AACPlayer(19478): header: key=icy-metaint, val=32768
I/System.out(19478): body:<com.spoledge.aacdecoder.AACPlayer: void processHeaders(java.net.URLConnection)>	sig:$r3 = virtualinvoke $r1.<java.net.URLConnection: java.lang.String getHeaderField(java.lang.String)>("icy-br")	timediff:0
D/AACPlayer(19478): Declared bitrate is 128 kb/s
I/System.out(19478): body:<com.spoledge.aacdecoder.AACPlayer: void processHeaders(java.net.URLConnection)>	sig:$r7 = virtualinvoke $r1.<java.net.URLConnection: java.util.Map getHeaderFields()>()	timediff:0
I/System.out(19478): body:<com.spoledge.aacdecoder.MultiPlayer: void processHeaders(java.net.URLConnection)>	sig:$r3 = virtualinvoke $r1.<java.net.URLConnection: java.util.Map getHeaderFields()>()	timediff:0
I/MultiPlayer(19478): Setting MP3 decoder for content type audio/mpeg
I/System.out(19478): body:<com.spoledge.aacdecoder.AACPlayer: java.io.InputStream getInputStream(java.net.URLConnection)>	sig:$r4 = virtualinvoke $r1.<java.net.URLConnection: java.lang.String getHeaderField(java.lang.String)>("icy-metaint")	timediff:0
I/System.out(19478): body:<com.spoledge.aacdecoder.AACPlayer: java.io.InputStream getInputStream(java.net.URLConnection)>	sig:$r5 = virtualinvoke $r1.<java.net.URLConnection: java.io.InputStream getInputStream()>()	timediff:0
I/System.out(19478): body:<empirical.HelperClass: void printURLInfo(java.lang.String,java.lang.String,java.net.URLConnection)>	sig:$r0 = virtualinvoke urlConnection.<java.net.URLConnection: java.net.URL getURL()>()	timediff:0
I/System.out(19478): body:<empirical.HelperClass: void printURLInfo(java.lang.String,java.lang.String,java.net.URLConnection)>	sig:urlString = virtualinvoke $r0.<java.net.URL: java.lang.String toString()>()	timediff:0
I/System.out(19478): body:<empirical.HelperClass: void printURLInfo(java.lang.String,java.lang.String,java.net.URLConnection)>	sig:isDoOutput = virtualinvoke urlConnection.<java.net.URLConnection: boolean getDoOutput()>()	timediff:0
I/System.out(19478): body:<empirical.HelperClass: java.lang.String getHeaderField(java.net.URLConnection,java.lang.String)>	sig:data = virtualinvoke conn.<java.net.URLConnection: java.lang.String getHeaderField(java.lang.String)>(field)	timediff:0
I/System.out(19478): body:<empirical.HelperClass: java.lang.String getHeaderField(java.net.URLConnection,java.lang.String)>	sig:data = virtualinvoke conn.<java.net.URLConnection: java.lang.String getHeaderField(java.lang.String)>(field)	timediff:0
I/System.out(19478): body:<empirical.HelperClass: java.lang.String getHeaderField(java.net.URLConnection,java.lang.String)>	sig:data = virtualinvoke conn.<java.net.URLConnection: java.lang.String getHeaderField(java.lang.String)>(field)	timediff:0
I/System.out(19478): body:<empirical.HelperClass: java.lang.String getHeaderField(java.net.URLConnection,java.lang.String)>	sig:data = virtualinvoke conn.<java.net.URLConnection: java.lang.String getHeaderField(java.lang.String)>(field)	timediff:0
I/System.out(19478): body:<empirical.HelperClass: java.lang.String getHeaderField(java.net.URLConnection,java.lang.String)>	sig:data = virtualinvoke conn.<java.net.URLConnection: java.lang.String getHeaderField(java.lang.String)>(field)	timediff:0
I/System.out(19478): URLConn;%;1;%;<com.spoledge.aacdecoder.AACPlayer: java.io.InputStream getInputStream(java.net.URLConnection)>;%;$r5 = virtualinvoke $r1.<java.net.URLConnection: java.io.InputStream getInputStream()>();%;icy://192.152.23.243:8400;%;false;%;Not found;%;Not found;%;Not found;%;Not found;%;Not found
I/AACPlayer(19478): The dynamic metainfo is sent every 32768 bytes
D/BufferReader(19478): init(): capacity=11200
I/Decoder (19478): start() starting native decoder - OpenCORE-MP3
D/BufferReader(19478): next() waiting....
D/BufferReader(19478): run() started....
D/BufferReader(19478): next() awaken
D/AACPlayer(19478): play(): samplerate=44100, channels=2
D/dalvikvm(19478): GC_FOR_ALLOC freed 348K, 18% free 8760K/10616K, paused 4ms, total 4ms
D/dalvikvm(19478): GC_FOR_ALLOC freed <1K, 18% free 8880K/10740K, paused 7ms, total 7ms
D/AACPlayer(19478): First samples length: 2304
D/BufferReader(19478): next() waiting....
D/PCMFeed (19478): run(): sampleRate=44100, channels=2, bufferSizeInBytes=441000 (2500 ms)
D/PCMFeed (19478): start buffer not filled enough - AudioTrack not started yet
I/Ads     (19478): Scheduling ad refresh 60000 milliseconds from now.
D/TAG     (19478): 2
W/EGL_emulation(19478): eglSurfaceAttrib not implemented 3093 12436
I/chromium(19478): [INFO:async_pixel_transfer_manager_android.cc(56)] Async pixel transfers not supported
D/BufferReader(19478): next() awaken
D/AACPlayer(19478): play(): decoded 59904 samples
D/AACPlayer(19478): play(): decoded 59904 samples
D/PCMFeed (19478): start buffer not filled enough - AudioTrack not started yet
D/IcyInputStream(19478): Metadata string: StreamTitle='Billy Joel - Captain Jack';StreamUrl='http://gotradio.com';
D/PCMFeed (19478): start buffer not filled enough - AudioTrack not started yet
D/BufferReader(19478): next() waiting....
I/chromium(19478): [INFO:async_pixel_transfer_manager_android.cc(56)] Async pixel transfers not supported
W/ViewRootImpl(19478): Dropping event due to no window focus: KeyEvent { action=ACTION_DOWN, keyCode=KEYCODE_DPAD_DOWN, scanCode=0, metaState=0, flags=0x8, repeatCount=0, eventTime=1090723, downTime=1090723, deviceId=-1, source=0x101 }
W/ContextImpl(  481): Calling a method in the system process without a qualified user: android.app.ContextImpl.sendBroadcast:1123 com.android.server.InputMethodManagerService.hideCurrentInputLocked:1880 com.android.server.InputMethodManagerService.windowGainedFocus:1968 com.android.internal.view.IInputMethodManager$Stub.onTransact:221 com.android.server.InputMethodManagerService.onTransact:818 
D/BufferReader(19478): next() awaken
D/AACPlayer(19478): play(): decoded 59904 samples
D/PCMFeed (19478): start buffer not filled enough - AudioTrack not started yet
D/AACPlayer(19478): play(): decoded 59904 samples
D/PCMFeed (19478): start of AudioTrack - buffered 220500 samples
D/PCMFeed (19478): too fast for playback, sleeping...
D/BufferReader(19478): next() waiting....
W/UnimplementedWebViewApi(19478): Unimplemented WebView method onKeyMultiple called from: android.webkit.WebView.onKeyMultiple(WebView.java:2179)
W/UnimplementedWebViewApi(19478): Unimplemented WebView method onKeyDown called from: android.webkit.WebView.onKeyDown(WebView.java:2169)
V/PanelView(  533): animationTick called with dtms=0; nothing to do (h=0.0 v=0.0)
I/ActivityManager(  481): START u0 {act=com.MyIndieApp.FreeOldiesRadio.SPLASH cmp=com.MyIndieApp.FreeOldiesRadio/.RadioActivity} from pid 19478
W/ActivityManager(  481): startActivity called from non-Activity context; forcing Intent.FLAG_ACTIVITY_NEW_TASK for: Intent { act=com.MyIndieApp.FreeOldiesRadio.SPLASH cmp=com.MyIndieApp.FreeOldiesRadio/.RadioActivity }
I/Ads     (19478): Scheduling ad refresh 60000 milliseconds from now.
D/TAG     (19478): 2
D/BufferReader(19478): next() awaken
D/AACPlayer(19478): play(): decoded 59904 samples
D/AACPlayer(19478): play(): decoded 59904 samples
D/dalvikvm(  481): GC_CONCURRENT freed 1926K, 47% free 10604K/19764K, paused 1ms+2ms, total 26ms
I/ActivityManager(  481): START u0 {act=com.MyIndieApp.FreeOldiesRadio.VIEWE cmp=com.MyIndieApp.FreeOldiesRadio/.ViewE} from pid 19478
W/EGL_emulation(19478): eglSurfaceAttrib not implemented 3093 12436
W/ViewRootImpl(19478): Dropping event due to no window focus: KeyEvent { action=ACTION_DOWN, keyCode=KEYCODE_DPAD_RIGHT, scanCode=0, metaState=0, flags=0x8, repeatCount=0, eventTime=1091533, downTime=1091533, deviceId=-1, source=0x101 }
W/ViewRootImpl(19478): Dropping event due to no window focus: KeyEvent { action=ACTION_DOWN, keyCode=KEYCODE_CLEAR, scanCode=0, metaState=0, flags=0x8, repeatCount=0, eventTime=1091718, downTime=1091718, deviceId=-1, source=0x101 }
W/ContextImpl(  481): Calling a method in the system process without a qualified user: android.app.ContextImpl.sendBroadcast:1123 com.android.server.InputMethodManagerService.hideCurrentInputLocked:1880 com.android.server.InputMethodManagerService.windowGainedFocus:1968 com.android.internal.view.IInputMethodManager$Stub.onTransact:221 com.android.server.InputMethodManagerService.onTransact:818 
I/ActivityManager(  481): Displayed com.MyIndieApp.FreeOldiesRadio/.ViewE: +233ms
I/ActivityManager(  481): START u0 {act=android.intent.action.VIEW dat=https://play.google.com/store/apps/details?id=com.MyIndieApp.FreeCountryRadio cmp=android/com.android.internal.app.ResolverActivity} from pid 19478
I/ActivityManager(  481): START u0 {act=android.intent.action.VIEW dat=https://play.google.com/store/apps/details?id=com.MyIndieApp.FreeSportsRadio cmp=android/com.android.internal.app.ResolverActivity} from pid 19478
I/ActivityManager(  481): START u0 {act=android.intent.action.VIEW dat=https://play.google.com/store/apps/details?id=com.MyIndieApp.FreeSportsRadio cmp=android/com.android.internal.app.ResolverActivity} from pid 19478
I/ActivityManager(  481): START u0 {act=com.MyIndieApp.FreeOldiesRadio.SPLASH cmp=com.MyIndieApp.FreeOldiesRadio/.RadioActivity} from pid 19478
W/ActivityManager(  481): startActivity called from non-Activity context; forcing Intent.FLAG_ACTIVITY_NEW_TASK for: Intent { act=com.MyIndieApp.FreeOldiesRadio.SPLASH cmp=com.MyIndieApp.FreeOldiesRadio/.RadioActivity }
I/Ads     (19478): Scheduling ad refresh 60000 milliseconds from now.
D/TAG     (19478): 2
I/ActivityManager(  481): START u0 {act=android.intent.action.VIEW dat=https://play.google.com/store/apps/details?id=com.MyIndieApp.Free80sRadio cmp=android/com.android.internal.app.ResolverActivity} from pid 19478
I/ActivityManager(  481): START u0 {act=android.intent.action.VIEW dat=https://play.google.com/store/apps/details?id=com.MyIndieApp.Free80sRadio cmp=android/com.android.internal.app.ResolverActivity} from pid 19478
W/EGL_emulation(19478): eglSurfaceAttrib not implemented 3093 12436
W/ContextImpl(  481): Calling a method in the system process without a qualified user: android.app.ContextImpl.sendBroadcast:1123 com.android.server.InputMethodManagerService.hideCurrentInputLocked:1880 com.android.server.InputMethodManagerService.windowGainedFocus:1968 com.android.internal.view.IInputMethodManager$Stub.onTransact:221 com.android.server.InputMethodManagerService.onTransact:818 
D/AACPlayer(19478): play(): decoded 59904 samples
D/AACPlayer(19478): play(): decoded 59904 samples
I/ActivityManager(  481): START u0 {act=android.intent.action.VIEW dat=https://play.google.com/store/apps/details?id=com.MyIndieApp.Free80sRadio cmp=android/com.android.internal.app.ResolverActivity} from pid 19478
W/ViewRootImpl(19478): Dropping event due to no window focus: KeyEvent { action=ACTION_DOWN, keyCode=KEYCODE_DPAD_UP, scanCode=0, metaState=0, flags=0x8, repeatCount=0, eventTime=1092031, downTime=1092031, deviceId=-1, source=0x101 }
W/ViewRootImpl(19478): Dropping event due to no window focus: KeyEvent { action=ACTION_DOWN, keyCode=KEYCODE_NUMPAD_7, scanCode=0, metaState=0, flags=0x8, repeatCount=0, eventTime=1092417, downTime=1092417, deviceId=-1, source=0x101 }
W/ViewRootImpl(19478): Dropping event due to no window focus: KeyEvent { action=ACTION_DOWN, keyCode=KEYCODE_MOVE_HOME, scanCode=0, metaState=0, flags=0x8, repeatCount=0, eventTime=1092417, downTime=1092417, deviceId=-1, source=0x101 }
W/EGL_emulation(19478): eglSurfaceAttrib not implemented 3093 12436
W/ViewRootImpl(19478): Dropping event due to no window focus: KeyEvent { action=ACTION_DOWN, keyCode=KEYCODE_DPAD_DOWN, scanCode=0, metaState=0, flags=0x8, repeatCount=0, eventTime=1092426, downTime=1092426, deviceId=-1, source=0x101 }
W/ViewRootImpl(19478): Dropping event due to no window focus: KeyEvent { action=ACTION_DOWN, keyCode=KEYCODE_DPAD_LEFT, scanCode=0, metaState=0, flags=0x8, repeatCount=0, eventTime=1092477, downTime=1092477, deviceId=-1, source=0x101 }
W/InputEventReceiver(19478): Attempted to finish an input event but the input event receiver has already been disposed.
W/InputEventReceiver(19478): Attempted to finish an input event but the input event receiver has already been disposed.
W/InputEventReceiver(19478): Attempted to finish an input event but the input event receiver has already been disposed.
W/InputEventReceiver(19478): Attempted to finish an input event but the input event receiver has already been disposed.
W/ViewRootImpl(19478): Dropping event due to root view being removed: MotionEvent { action=ACTION_MOVE, id[0]=0, x[0]=355.99615, y[0]=-259.54242, toolType[0]=TOOL_TYPE_UNKNOWN, buttonState=0, metaState=0, flags=0x0, edgeFlags=0x0, pointerCount=1, historySize=7, eventTime=1092487, downTime=1092485, deviceId=0, source=0x1002 }
W/ViewRootImpl(19478): Dropping event due to root view being removed: MotionEvent { action=ACTION_UP, id[0]=0, x[0]=351.9349, y[0]=-274.06995, toolType[0]=TOOL_TYPE_UNKNOWN, buttonState=0, metaState=0, flags=0x0, edgeFlags=0x0, pointerCount=1, historySize=0, eventTime=1092488, downTime=1092485, deviceId=0, source=0x1002 }
W/ViewRootImpl(19478): Dropping event due to root view being removed: MotionEvent { action=ACTION_MOVE, id[0]=0, x[0]=-1.0, y[0]=2.0, toolType[0]=TOOL_TYPE_UNKNOWN, buttonState=0, metaState=0, flags=0x0, edgeFlags=0x0, pointerCount=1, historySize=9, eventTime=1092491, downTime=-1, deviceId=0, source=0x10004 }
I/ActivityManager(  481): START u0 {act=android.intent.action.CALL_BUTTON flg=0x10000000} from pid 19478
W/PhoneFallbackEventHandler(19478): No activity found for android.intent.action.CALL_BUTTON.
W/ViewRootImpl(19478): Dropping event due to no window focus: KeyEvent { action=ACTION_DOWN, keyCode=KEYCODE_DPAD_DOWN, scanCode=0, metaState=0, flags=0x8, repeatCount=0, eventTime=1092594, downTime=1092594, deviceId=-1, source=0x101 }
W/InputMethodManagerService(  481): Window already focused, ignoring focus gain of: com.android.internal.view.IInputMethodClient$Stub$Proxy@4a947f84 attribute=android.view.inputmethod.EditorInfo@4a9146dc, token = android.os.BinderProxy@4a955a38
W/ViewRootImpl(19478): Dropping event due to no window focus: KeyEvent { action=ACTION_DOWN, keyCode=KEYCODE_DPAD_LEFT, scanCode=0, metaState=0, flags=0x8, repeatCount=0, eventTime=1092703, downTime=1092703, deviceId=-1, source=0x101 }
W/EGL_emulation(19478): eglSurfaceAttrib not implemented 3093 12436
W/ViewRootImpl(19478): Dropping event due to no window focus: KeyEvent { action=ACTION_DOWN, keyCode=KEYCODE_DPAD_LEFT, scanCode=0, metaState=0, flags=0x8, repeatCount=0, eventTime=1092719, downTime=1092719, deviceId=-1, source=0x101 }
W/InputEventReceiver(19478): Attempted to finish an input event but the input event receiver has already been disposed.
D/dalvikvm(19478): GC_CONCURRENT freed 1046K, 11% free 9743K/10864K, paused 1ms+1ms, total 7ms
W/InputEventReceiver(19478): Attempted to finish an input event but the input event receiver has already been disposed.
W/InputEventReceiver(19478): Attempted to finish an input event but the input event receiver has already been disposed.
W/InputEventReceiver(19478): Attempted to finish an input event but the input event receiver has already been disposed.
W/InputEventReceiver(19478): Attempted to finish an input event but the input event receiver has already been disposed.
W/InputEventReceiver(19478): Attempted to finish an input event but the input event receiver has already been disposed.
W/InputEventReceiver(19478): Attempted to finish an input event but the input event receiver has already been disposed.
W/InputEventReceiver(19478): Attempted to finish an input event but the input event receiver has already been disposed.
W/InputEventReceiver(19478): Attempted to finish an input event but the input event receiver has already been disposed.
W/ViewRootImpl(19478): Dropping event due to root view being removed: MotionEvent { action=ACTION_MOVE, id[0]=0, x[0]=515.4611, y[0]=413.45154, toolType[0]=TOOL_TYPE_UNKNOWN, buttonState=0, metaState=0, flags=0x0, edgeFlags=0x0, pointerCount=1, historySize=1, eventTime=1092768, downTime=1092761, deviceId=0, source=0x1002 }
W/ViewRootImpl(19478): Dropping event due to root view being removed: MotionEvent { action=ACTION_UP, id[0]=0, x[0]=503.65363, y[0]=403.1303, toolType[0]=TOOL_TYPE_UNKNOWN, buttonState=0, metaState=0, flags=0x0, edgeFlags=0x0, pointerCount=1, historySize=0, eventTime=1092768, downTime=1092761, deviceId=0, source=0x1002 }
W/ViewRootImpl(19478): Dropping event due to root view being removed: MotionEvent { action=ACTION_DOWN, id[0]=0, x[0]=251.0, y[0]=158.0, toolType[0]=TOOL_TYPE_UNKNOWN, buttonState=0, metaState=0, flags=0x0, edgeFlags=0x0, pointerCount=1, historySize=0, eventTime=1092770, downTime=1092769, deviceId=0, source=0x1002 }
W/ViewRootImpl(19478): Dropping event due to root view being removed: MotionEvent { action=ACTION_POINTER_DOWN(1), id[0]=0, x[0]=251.49594, y[0]=172.52441, toolType[0]=TOOL_TYPE_UNKNOWN, id[1]=1, x[1]=-71.0, y[1]=-92.0, toolType[1]=TOOL_TYPE_UNKNOWN, buttonState=0, metaState=0, flags=0x0, edgeFlags=0x0, pointerCount=2, historySize=0, eventTime=1092770, downTime=1092769, deviceId=0, source=0x1002 }
W/ViewRootImpl(19478): Dropping event due to root view being removed: MotionEvent { action=ACTION_MOVE, id[0]=0, x[0]=259.55725, y[0]=208.776, toolType[0]=TOOL_TYPE_UNKNOWN, id[1]=1, x[1]=-36.16157, y[1]=-50.118805, toolType[1]=TOOL_TYPE_UNKNOWN, buttonState=0, metaState=0, flags=0x0, edgeFlags=0x0, pointerCount=2, historySize=3, eventTime=1092771, downTime=1092769, deviceId=0, source=0x1002 }
W/ViewRootImpl(19478): Dropping event due to root view being removed: MotionEvent { action=ACTION_POINTER_UP(1), id[0]=0, x[0]=264.42963, y[0]=214.24268, toolType[0]=TOOL_TYPE_UNKNOWN, id[1]=1, x[1]=-26.09346, y[1]=-49.44586, toolType[1]=TOOL_TYPE_UNKNOWN, buttonState=0, metaState=0, flags=0x0, edgeFlags=0x0, pointerCount=2, historySize=0, eventTime=1092771, downTime=1092769, deviceId=0, source=0x1002 }
W/ViewRootImpl(19478): Dropping event due to root view being removed: MotionEvent { action=ACTION_UP, id[0]=0, x[0]=270.13904, y[0]=220.54303, toolType[0]=TOOL_TYPE_UNKNOWN, buttonState=0, metaState=0, flags=0x0, edgeFlags=0x0, pointerCount=1, historySize=0, eventTime=1092771, downTime=1092769, deviceId=0, source=0x1002 }
W/ViewRootImpl(19478): Dropping event due to root view being removed: MotionEvent { action=ACTION_MOVE, id[0]=0, x[0]=-4.0, y[0]=2.0, toolType[0]=TOOL_TYPE_UNKNOWN, buttonState=0, metaState=0, flags=0x0, edgeFlags=0x0, pointerCount=1, historySize=7, eventTime=1092774, downTime=-1, deviceId=0, source=0x10004 }
W/ViewRootImpl(19478): Dropping event due to no window focus: KeyEvent { action=ACTION_DOWN, keyCode=KEYCODE_MENU, scanCode=0, metaState=0, flags=0x8, repeatCount=0, eventTime=1092779, downTime=1092779, deviceId=-1, source=0x101 }
W/ViewRootImpl(19478): Dropping event due to no window focus: KeyEvent { action=ACTION_DOWN, keyCode=KEYCODE_DPAD_UP, scanCode=0, metaState=0, flags=0x8, repeatCount=0, eventTime=1092797, downTime=1092797, deviceId=-1, source=0x101 }
W/EGL_emulation(19478): eglSurfaceAttrib not implemented 3093 12436
W/ViewRootImpl(19478): Dropping event due to no window focus: KeyEvent { action=ACTION_DOWN, keyCode=KEYCODE_DPAD_RIGHT, scanCode=0, metaState=0, flags=0x8, repeatCount=0, eventTime=1092800, downTime=1092800, deviceId=-1, source=0x101 }
I/ActivityManager(  481): START u0 {act=android.intent.action.MAIN cat=[android.intent.category.LAUNCHER] flg=0x10200000 cmp=com.MyIndieApp.FreeOldiesRadio/.FreeOldiesRadioActivity} from pid 19468
W/InputMethodManagerService(  481): Window already focused, ignoring focus gain of: com.android.internal.view.IInputMethodClient$Stub$Proxy@4a904264 attribute=null, token = android.os.BinderProxy@4a955a38
W/InputManager(  481): Input event injection from pid 19468 failed.
W/InputManager(  481): Input event injection from pid 19468 failed.
W/InputMethodManagerService(  481): Starting input on non-focused client com.android.internal.view.IInputMethodClient$Stub$Proxy@4aa5a068 (uid=10191 pid=19478)
W/EGL_emulation(19478): eglSurfaceAttrib not implemented 3093 12436
W/ViewRootImpl(19478): Dropping event due to no window focus: KeyEvent { action=ACTION_DOWN, keyCode=KEYCODE_DPAD_CENTER, scanCode=0, metaState=0, flags=0x8, repeatCount=0, eventTime=1092893, downTime=1092893, deviceId=-1, source=0x101 }
W/ViewRootImpl(19478): Dropping event due to no window focus: KeyEvent { action=ACTION_DOWN, keyCode=KEYCODE_DPAD_RIGHT, scanCode=0, metaState=0, flags=0x8, repeatCount=0, eventTime=1093152, downTime=1093152, deviceId=-1, source=0x101 }
W/ViewRootImpl(19478): Dropping event due to no window focus: KeyEvent { action=ACTION_DOWN, keyCode=KEYCODE_DPAD_CENTER, scanCode=0, metaState=0, flags=0x8, repeatCount=0, eventTime=1093154, downTime=1093154, deviceId=-1, source=0x101 }
D/dalvikvm( 2623): GC_FOR_ALLOC freed 5689K, 62% free 4885K/12760K, paused 2ms, total 2ms
I/dalvikvm-heap( 2623): Grow heap (frag case) to 8.342MB for 3686412-byte allocation
D/dalvikvm( 2623): GC_FOR_ALLOC freed <1K, 34% free 8484K/12760K, paused 2ms, total 2ms
D/dalvikvm( 2623): GC_CONCURRENT freed 7K, 34% free 8477K/12760K, paused 2ms+0ms, total 3ms
W/ViewRootImpl(19478): Dropping event due to no window focus: KeyEvent { action=ACTION_DOWN, keyCode=KEYCODE_DPAD_LEFT, scanCode=0, metaState=0, flags=0x8, repeatCount=0, eventTime=1093172, downTime=1093172, deviceId=-1, source=0x101 }
W/ContextImpl(  481): Calling a method in the system process without a qualified user: android.app.ContextImpl.sendBroadcast:1123 com.android.server.InputMethodManagerService.hideCurrentInputLocked:1880 com.android.server.InputMethodManagerService.windowGainedFocus:1968 com.android.internal.view.IInputMethodManager$Stub.onTransact:221 com.android.server.InputMethodManagerService.onTransact:818 
I/ActivityManager(  481): START u0 {act=android.intent.action.MAIN cat=[android.intent.category.LAUNCHER] flg=0x10200000 cmp=com.MyIndieApp.FreeOldiesRadio/.FreeOldiesRadioActivity} from pid 19468
I/ActivityManager(  481): Displayed com.MyIndieApp.FreeOldiesRadio/.FreeOldiesRadioActivity: +444ms
W/EGL_emulation( 2623): eglSurfaceAttrib not implemented 3093 12436
I/Decoder (19478): stop() stopping native decoder
I/AACPlayer(19478): play(): average decoding time: 68 ms
D/BufferReader(19478): run() stopped.
I/AACPlayer(19478): play(): average rate (samples/sec): audio=88200, decoding=871330, audio/decoding= 887 %  (the higher, the better; negative means that decoding is slower than needed by audio)
D/PCMFeed (19478): run() stopped.
I/System.out(19478): body:<com.spoledge.aacdecoder.IcyURLConnection: void disconnect()>	sig:virtualinvoke $r1.<java.net.Socket: void close()>()	timediff:0
I/System.out(19478): body:<com.spoledge.aacdecoder.AACPlayer: void play(java.lang.String,int)>	sig:virtualinvoke $r5.<java.net.HttpURLConnection: void disconnect()>()	timediff:0
I/System.out(19478): body:<com.spoledge.aacdecoder.AACPlayer: java.net.URLConnection openConnection(java.lang.String)>	sig:specialinvoke $r3.<java.net.URL: void <init>(java.lang.String)>($r1)	timediff:0
I/System.out(19478): <com.spoledge.aacdecoder.AACPlayer: java.net.URLConnection openConnection(java.lang.String)>###specialinvoke $r3.<java.net.URL: void <init>(java.lang.String)>($r1)###http://144.217.253.136:8582
I/System.out(19478): body:<com.spoledge.aacdecoder.AACPlayer: java.net.URLConnection openConnection(java.lang.String)>	sig:$r4 = virtualinvoke $r3.<java.net.URL: java.net.URLConnection openConnection()>()	timediff:1
I/System.out(19478): body:<com.spoledge.aacdecoder.AACPlayer: void prepareConnection(java.net.URLConnection)>	sig:virtualinvoke $r1.<java.net.URLConnection: void setRequestProperty(java.lang.String,java.lang.String)>("Icy-MetaData", "1")	timediff:0
I/System.out(19478): body:<com.spoledge.aacdecoder.AACPlayer: java.net.URLConnection openConnection(java.lang.String)>	sig:virtualinvoke $r4.<java.net.URLConnection: void connect()>()	timediff:73
D/dalvikvm(  481): GC_CONCURRENT freed 1946K, 47% free 10498K/19764K, paused 3ms+2ms, total 25ms
I/ActivityManager(  481): START u0 {act=android.intent.action.MAIN cat=[android.intent.category.LAUNCHER] flg=0x10200000 cmp=com.MyIndieApp.FreeOldiesRadio/.FreeOldiesRadioActivity} from pid 19468
I/ActivityManager(  481): START u0 {act=android.intent.action.MAIN cat=[android.intent.category.LAUNCHER] flg=0x10200000 cmp=com.MyIndieApp.FreeOldiesRadio/.FreeOldiesRadioActivity} from pid 19468
W/EGL_emulation(19478): eglSurfaceAttrib not implemented 3093 12436
I/System.out(19478): body:<com.spoledge.aacdecoder.AACPlayer: java.net.URLConnection openConnection(java.lang.String)>	sig:$i0 = virtualinvoke $r5.<java.net.HttpURLConnection: int getResponseCode()>()	timediff:223
I/System.out(19478): body:<com.spoledge.aacdecoder.AACPlayer: void checkResponseCode(java.net.URLConnection)>	sig:$i0 = virtualinvoke $r3.<java.net.HttpURLConnection: int getResponseCode()>()	timediff:0
I/System.out(19478): body:<com.spoledge.aacdecoder.AACPlayer: void checkResponseCode(java.net.URLConnection)>	sig:$r4 = virtualinvoke $r3.<java.net.HttpURLConnection: java.lang.String getResponseMessage()>()	timediff:0
D/AACPlayer(19478): Response: 200 OK
I/System.out(19478): body:<com.spoledge.aacdecoder.AACPlayer: void dumpHeaders(java.net.URLConnection)>	sig:$r2 = virtualinvoke $r1.<java.net.URLConnection: java.util.Map getHeaderFields()>()	timediff:0
I/System.out(19478): body:<com.spoledge.aacdecoder.AACPlayer: void dumpHeaders(java.net.URLConnection)>	sig:$r2 = virtualinvoke $r1.<java.net.URLConnection: java.util.Map getHeaderFields()>()	timediff:0
D/AACPlayer(19478): header: key=null, val=HTTP/1.0 200 OK
D/AACPlayer(19478): header: key=Accept-Ranges, val=none
D/AACPlayer(19478): header: key=Access-Control-Allow-Origin, val=*
D/AACPlayer(19478): header: key=Cache-Control, val=no-cache,no-store,must-revalidate,max-age=0
D/AACPlayer(19478): header: key=Connection, val=close
D/AACPlayer(19478): header: key=content-type, val=audio/mpeg
D/AACPlayer(19478): header: key=icy-br, val=128
D/AACPlayer(19478): header: key=icy-genre, val=Rock & Roll, Oldies, Top 40, Easy Listening
D/AACPlayer(19478): header: key=icy-metaint, val=8192
D/AACPlayer(19478): header: key=icy-name, val=ABC 50s
D/AACPlayer(19478): header: key=icy-notice1, val=<BR>This stream requires <a href="http://www.winamp.com">Winamp</a><BR>
D/AACPlayer(19478): header: key=icy-notice2, val=SHOUTcast DNAS/posix(linux x64) v2.5.5.733<BR>
D/AACPlayer(19478): header: key=icy-pub, val=1
D/AACPlayer(19478): header: key=icy-sr, val=44100
D/AACPlayer(19478): header: key=icy-url, val=http://www.abc50s.com
D/AACPlayer(19478): header: key=X-Android-Received-Millis, val=1524029181466
D/AACPlayer(19478): header: key=X-Android-Response-Source, val=NETWORK 200
D/AACPlayer(19478): header: key=X-Android-Selected-Transport, val=http/1.1
D/AACPlayer(19478): header: key=X-Android-Sent-Millis, val=1524029181243
D/AACPlayer(19478): header: key=X-Clacks-Overhead, val=GNU Terry Pratchett
I/System.out(19478): body:<com.spoledge.aacdecoder.AACPlayer: void processHeaders(java.net.URLConnection)>	sig:$r3 = virtualinvoke $r1.<java.net.URLConnection: java.lang.String getHeaderField(java.lang.String)>("icy-br")	timediff:0
D/AACPlayer(19478): Declared bitrate is 128 kb/s
I/System.out(19478): body:<com.spoledge.aacdecoder.AACPlayer: void processHeaders(java.net.URLConnection)>	sig:$r7 = virtualinvoke $r1.<java.net.URLConnection: java.util.Map getHeaderFields()>()	timediff:0
I/System.out(19478): body:<com.spoledge.aacdecoder.MultiPlayer: void processHeaders(java.net.URLConnection)>	sig:$r3 = virtualinvoke $r1.<java.net.URLConnection: java.util.Map getHeaderFields()>()	timediff:0
I/MultiPlayer(19478): Setting MP3 decoder for content type audio/mpeg
I/System.out(19478): body:<com.spoledge.aacdecoder.AACPlayer: java.io.InputStream getInputStream(java.net.URLConnection)>	sig:$r4 = virtualinvoke $r1.<java.net.URLConnection: java.lang.String getHeaderField(java.lang.String)>("icy-metaint")	timediff:1
I/System.out(19478): body:<com.spoledge.aacdecoder.AACPlayer: java.io.InputStream getInputStream(java.net.URLConnection)>	sig:$r5 = virtualinvoke $r1.<java.net.URLConnection: java.io.InputStream getInputStream()>()	timediff:0
I/System.out(19478): body:<empirical.HelperClass: void printURLInfo(java.lang.String,java.lang.String,java.net.URLConnection)>	sig:$r0 = virtualinvoke urlConnection.<java.net.URLConnection: java.net.URL getURL()>()	timediff:0
I/System.out(19478): body:<empirical.HelperClass: void printURLInfo(java.lang.String,java.lang.String,java.net.URLConnection)>	sig:urlString = virtualinvoke $r0.<java.net.URL: java.lang.String toString()>()	timediff:0
