--------- beginning of /dev/log/main
I/Icing   (  713): Indexing F4FAA6262FE39DDD50BAE6B7AF5CDB8D73BA0DB0 from com.google.android.gms
I/Icing   (  713): Indexing done F4FAA6262FE39DDD50BAE6B7AF5CDB8D73BA0DB0
D/AndroidRuntime(25413): 
D/AndroidRuntime(25413): >>>>>> AndroidRuntime START com.android.internal.os.RuntimeInit <<<<<<
D/AndroidRuntime(25413): CheckJNI is OFF
D/dalvikvm(25413): Using executionMode 2
D/dalvikvm(25413): Trying to load lib libjavacore.so 0x0
D/dalvikvm(25413): Added shared lib libjavacore.so 0x0
D/dalvikvm(25413): Trying to load lib libnativehelper.so 0x0
D/dalvikvm(25413): Added shared lib libnativehelper.so 0x0
D/dalvikvm(25413): No JNI_OnLoad found in libnativehelper.so 0x0, skipping init
D/dalvikvm(25413): Note: class Landroid/app/ActivityManagerNative; has 179 unimplemented (abstract) methods
E/memtrack(25413): Couldn't load memtrack module (No such file or directory)
E/android.os.Debug(25413): failed to load memtrack module: -2
D/AndroidRuntime(25413): Calling main entry com.android.commands.monkey.Monkey
--------- beginning of /dev/log/system
W/BroadcastQueue(  464): Skipping deliver [background] BroadcastRecord{4ad37c10 u-1 android.net.conn.CONNECTIVITY_CHANGE} to ReceiverList{4ad37a90 25413 (unknown name)/0/u-1 remote:4ad2e48c}: process crashing
I/ActivityManager(  464): START u0 {act=android.intent.action.MAIN cat=[android.intent.category.LAUNCHER] flg=0x10200000 cmp=com.sonos.acr/.SonosLaunchActivity} from pid 25413
D/yeshen  (24744): launcher onpause
D/dalvikvm(  168): GC_EXPLICIT freed 40K, 4% free 2787K/2884K, paused 1ms+1ms, total 9ms
W/NetworkManagementSocketTagger(  464): setKernelCountSet(10151, 1) failed with errno -13
I/ActivityManager(  464): Start proc com.sonos.acr for activity com.sonos.acr/.SonosLaunchActivity: pid=25424 uid=10151 gids={50151, 3003, 1028, 1015, 1023}
D/dalvikvm(  168): GC_EXPLICIT freed <1K, 4% free 2787K/2884K, paused 1ms+0ms, total 7ms
I/dalvikvm(25424): ignoring registerObject request in thread=1
I/dalvikvm(25424): ignoring registerObject request in thread=1
D/dalvikvm(  168): GC_EXPLICIT freed <1K, 4% free 2787K/2884K, paused 1ms+0ms, total 4ms
D/yeshen  (24744): launcher onstop
D/FirebaseApp(24744): Notifying background state change listeners.
D/Tinker.DefaultAppLike(24744): onTrimMemory level:20
D/dalvikvm(25424): JIT code cache reset in 0 ms (0 bytes 1/0)
D/dalvikvm(25424): GC_CONCURRENT freed 204K, 8% free 3054K/3312K, paused 2ms+6ms, total 12ms
D/dalvikvm(25424): Trying to load lib /data/app-lib/com.sonos.acr-1/libcrashlytics.so 0x94fda208
D/dalvikvm(25424): GC_CONCURRENT freed 219K, 9% free 3246K/3532K, paused 1ms+0ms, total 5ms
D/dalvikvm(25424): Added shared lib /data/app-lib/com.sonos.acr-1/libcrashlytics.so 0x94fda208
D/libcrashlytics(25424): Initializing libcrashlytics version 1.1.5
D/libcrashlytics(25424): Attempting to load unwinder...
D/libcrashlytics(25424): Done; using libcorkscrew
D/libcrashlytics(25424): Attempting to register signal handler...
D/libcrashlytics(25424): Signal handler registered.
D/libcrashlytics(25424): Initializing native crash handling successful.
I/CrashlyticsCore(25424): Initializing Crashlytics 2.3.14.151
D/dalvikvm(25424): GC_EXPLICIT freed 310K, 10% free 3275K/3620K, paused 2ms+3ms, total 12ms
D/dalvikvm(25424): Trying to load lib /data/app-lib/com.sonos.acr-1/libsonos-jni.so 0x94fda208
D/dalvikvm(25424): Added shared lib /data/app-lib/com.sonos.acr-1/libsonos-jni.so 0x94fda208
D/dalvikvm(25424): No JNI_OnLoad found in /data/app-lib/com.sonos.acr-1/libsonos-jni.so 0x94fda208, skipping init
D/dalvikvm(25424): GC_CONCURRENT freed 534K, 16% free 3303K/3904K, paused 1ms+2ms, total 8ms
D/dalvikvm(25424): GC_CONCURRENT freed 221K, 9% free 3580K/3920K, paused 0ms+0ms, total 5ms
D/dalvikvm(25424): GC_FOR_ALLOC freed 236K, 10% free 3755K/4144K, paused 4ms, total 4ms
D/dalvikvm(25424): GC_CONCURRENT freed 62K, 11% free 3819K/4272K, paused 0ms+1ms, total 4ms
D/dalvikvm(25424): WAIT_FOR_CONCURRENT_GC blocked 5ms
I/dalvikvm-heap(25424): Grow heap (frag case) to 4.089MB for 260108-byte allocation
D/dalvikvm(25424): GC_FOR_ALLOC freed 126K, 13% free 3947K/4528K, paused 3ms, total 3ms
D/dalvikvm(25424): GC_FOR_ALLOC freed 311K, 15% free 3890K/4528K, paused 3ms, total 3ms
D/dalvikvm(25424): GC_FOR_ALLOC freed 62K, 13% free 3954K/4528K, paused 3ms, total 3ms
I/dalvikvm-heap(25424): Grow heap (frag case) to 4.220MB for 260108-byte allocation
D/dalvikvm(25424): GC_FOR_ALLOC freed <1K, 13% free 4208K/4784K, paused 5ms, total 5ms
D/dalvikvm(25424): GC_FOR_ALLOC freed 434K, 16% free 4024K/4784K, paused 3ms, total 3ms
D/dalvikvm(25424): GC_FOR_ALLOC freed 188K, 12% free 4216K/4784K, paused 3ms, total 3ms
I/dalvikvm-heap(25424): Grow heap (frag case) to 4.359MB for 136456-byte allocation
D/dalvikvm(25424): GC_FOR_ALLOC freed 255K, 17% free 4094K/4920K, paused 2ms, total 2ms
D/dalvikvm(25424): GC_CONCURRENT freed 155K, 11% free 4414K/4920K, paused 3ms+4ms, total 9ms
W/dalvikvm(25424): VFY: unable to find class referenced in signature (Lokhttp3/Request;)
W/dalvikvm(25424): VFY: unable to find class referenced in signature (Lokhttp3/Response;)
I/dalvikvm(25424): Could not find method okhttp3.Response.headers, referenced from method empirical.HelperClass.printOkHttpInfo
W/dalvikvm(25424): VFY: unable to resolve virtual method 37159: Lokhttp3/Response;.headers ()Lokhttp3/Headers;
D/dalvikvm(25424): VFY: replacing opcode 0x6e at 0x0006
W/dalvikvm(25424): VFY: unable to find class referenced in signature (Lokhttp3/Call;)
W/dalvikvm(25424): VFY: unable to find class referenced in signature (Lokhttp3/Response;)
I/dalvikvm(25424): Could not find method okhttp3.Call.request, referenced from method empirical.HelperClass.printOkHttpInfoFromCall
W/dalvikvm(25424): VFY: unable to resolve interface method 37153: Lokhttp3/Call;.request ()Lokhttp3/Request;
D/dalvikvm(25424): VFY: replacing opcode 0x72 at 0x0006
I/System.out(25424): body:<io.fabric.sdk.android.services.network.HttpRequest: java.lang.String encode(java.lang.CharSequence)>	sig:specialinvoke $r3.<java.net.URL: void <init>(java.lang.String)>($r1)	timediff:0
I/System.out(25424): <io.fabric.sdk.android.services.network.HttpRequest: java.lang.String encode(java.lang.CharSequence)>###specialinvoke $r3.<java.net.URL: void <init>(java.lang.String)>($r1)###https://settings.crashlytics.com/spi/v2/platforms/android/apps/com.sonos.acr/settings?instance=aab46ba567fbd1cfe16009e52bbf6972aa978dcc&source=1&build_version=340735162&icon_hash=af36baa575a398351a1644f852af7d06839a4230&display_version=7.0
I/System.out(25424): body:<io.fabric.sdk.android.services.network.HttpRequest: java.lang.String encode(java.lang.CharSequence)>	sig:$r4 = virtualinvoke $r3.<java.net.URL: java.lang.String getHost()>()	timediff:0
I/System.out(25424): body:<io.fabric.sdk.android.services.network.HttpRequest: java.lang.String encode(java.lang.CharSequence)>	sig:$i0 = virtualinvoke $r3.<java.net.URL: int getPort()>()	timediff:0
I/System.out(25424): body:<io.fabric.sdk.android.services.network.HttpRequest: java.lang.String encode(java.lang.CharSequence)>	sig:$r4 = virtualinvoke $r3.<java.net.URL: java.lang.String getProtocol()>()	timediff:0
I/System.out(25424): body:<io.fabric.sdk.android.services.network.HttpRequest: java.lang.String encode(java.lang.CharSequence)>	sig:$r7 = virtualinvoke $r3.<java.net.URL: java.lang.String getPath()>()	timediff:0
I/System.out(25424): body:<io.fabric.sdk.android.services.network.HttpRequest: java.lang.String encode(java.lang.CharSequence)>	sig:$r8 = virtualinvoke $r3.<java.net.URL: java.lang.String getQuery()>()	timediff:0
I/System.out(25424): body:<io.fabric.sdk.android.services.network.HttpRequest: java.lang.String encode(java.lang.CharSequence)>	sig:specialinvoke $r6.<java.net.URI: void <init>(java.lang.String,java.lang.String,java.lang.String,java.lang.String,java.lang.String)>($r4, $r1, $r7, $r8, null)	timediff:0
I/System.out(25424): body:<io.fabric.sdk.android.services.network.HttpRequest: java.lang.String encode(java.lang.CharSequence)>	sig:$r8 = virtualinvoke $r6.<java.net.URI: java.lang.String toASCIIString()>()	timediff:0
I/System.out(25424): body:<io.fabric.sdk.android.services.network.HttpRequest: void <init>(java.lang.CharSequence,java.lang.String)>	sig:specialinvoke $r5.<java.net.URL: void <init>(java.lang.String)>($r4)	timediff:0
I/System.out(25424): <io.fabric.sdk.android.services.network.HttpRequest: void <init>(java.lang.CharSequence,java.lang.String)>###specialinvoke $r5.<java.net.URL: void <init>(java.lang.String)>($r4)###https://settings.crashlytics.com/spi/v2/platforms/android/apps/com.sonos.acr/settings?instance=aab46ba567fbd1cfe16009e52bbf6972aa978dcc&source=1&build_version=340735162&icon_hash=af36baa575a398351a1644f852af7d06839a4230&display_version=7.0
D/dalvikvm(25424): GC_CONCURRENT freed 196K, 7% free 4686K/5000K, paused 3ms+2ms, total 8ms
I/System.out(25424): body:<io.fabric.sdk.android.services.network.HttpRequest$ConnectionFactory$1: java.net.HttpURLConnection create(java.net.URL)>	sig:$r2 = virtualinvoke $r1.<java.net.URL: java.net.URLConnection openConnection()>()	timediff:39
I/System.out(25424): body:<io.fabric.sdk.android.services.network.HttpRequest: java.net.HttpURLConnection createConnection()>	sig:virtualinvoke $r1.<java.net.HttpURLConnection: void setRequestMethod(java.lang.String)>($r3)	timediff:0
I/System.out(25424): body:<io.fabric.sdk.android.services.network.HttpRequest: io.fabric.sdk.android.services.network.HttpRequest useCaches(boolean)>	sig:virtualinvoke $r1.<java.net.HttpURLConnection: void setUseCaches(boolean)>($z0)	timediff:0
I/System.out(25424): body:<io.fabric.sdk.android.services.network.HttpRequest: io.fabric.sdk.android.services.network.HttpRequest connectTimeout(int)>	sig:virtualinvoke $r1.<java.net.HttpURLConnection: void setConnectTimeout(int)>($i0)	timediff:0
I/System.out(25424): body:<io.fabric.sdk.android.services.network.HttpRequest: io.fabric.sdk.android.services.network.HttpRequest header(java.lang.String,java.lang.String)>	sig:virtualinvoke $r3.<java.net.HttpURLConnection: void setRequestProperty(java.lang.String,java.lang.String)>($r1, $r2)	timediff:0
I/System.out(25424): body:<io.fabric.sdk.android.services.network.HttpRequest: io.fabric.sdk.android.services.network.HttpRequest header(java.lang.String,java.lang.String)>	sig:virtualinvoke $r3.<java.net.HttpURLConnection: void setRequestProperty(java.lang.String,java.lang.String)>($r1, $r2)	timediff:0
I/System.out(25424): body:<io.fabric.sdk.android.services.network.HttpRequest: io.fabric.sdk.android.services.network.HttpRequest header(java.lang.String,java.lang.String)>	sig:virtualinvoke $r3.<java.net.HttpURLConnection: void setRequestProperty(java.lang.String,java.lang.String)>($r1, $r2)	timediff:0
I/System.out(25424): body:<io.fabric.sdk.android.services.network.HttpRequest: io.fabric.sdk.android.services.network.HttpRequest header(java.lang.String,java.lang.String)>	sig:virtualinvoke $r3.<java.net.HttpURLConnection: void setRequestProperty(java.lang.String,java.lang.String)>($r1, $r2)	timediff:0
I/System.out(25424): body:<io.fabric.sdk.android.services.network.HttpRequest: io.fabric.sdk.android.services.network.HttpRequest header(java.lang.String,java.lang.String)>	sig:virtualinvoke $r3.<java.net.HttpURLConnection: void setRequestProperty(java.lang.String,java.lang.String)>($r1, $r2)	timediff:0
I/System.out(25424): body:<io.fabric.sdk.android.services.network.HttpRequest: io.fabric.sdk.android.services.network.HttpRequest header(java.lang.String,java.lang.String)>	sig:virtualinvoke $r3.<java.net.HttpURLConnection: void setRequestProperty(java.lang.String,java.lang.String)>($r1, $r2)	timediff:0
I/System.out(25424): body:<io.fabric.sdk.android.services.network.HttpRequest: io.fabric.sdk.android.services.network.HttpRequest header(java.lang.String,java.lang.String)>	sig:virtualinvoke $r3.<java.net.HttpURLConnection: void setRequestProperty(java.lang.String,java.lang.String)>($r1, $r2)	timediff:0
D/dalvikvm(25424): GC_CONCURRENT freed 337K, 9% free 4976K/5432K, paused 1ms+0ms, total 14ms
I/System.out(25424): body:<io.fabric.sdk.android.services.network.HttpRequest: io.fabric.sdk.android.services.network.HttpRequest header(java.lang.String,java.lang.String)>	sig:virtualinvoke $r3.<java.net.HttpURLConnection: void setRequestProperty(java.lang.String,java.lang.String)>($r1, $r2)	timediff:8
I/System.out(25424): body:<io.fabric.sdk.android.services.network.HttpRequest: io.fabric.sdk.android.services.network.HttpRequest header(java.lang.String,java.lang.String)>	sig:virtualinvoke $r3.<java.net.HttpURLConnection: void setRequestProperty(java.lang.String,java.lang.String)>($r1, $r2)	timediff:1
I/System.out(25424): body:<io.fabric.sdk.android.services.network.HttpRequest: io.fabric.sdk.android.services.network.HttpRequest header(java.lang.String,java.lang.String)>	sig:virtualinvoke $r3.<java.net.HttpURLConnection: void setRequestProperty(java.lang.String,java.lang.String)>($r1, $r2)	timediff:0
I/System.out(25424): body:<io.fabric.sdk.android.services.network.HttpRequest: io.fabric.sdk.android.services.network.HttpRequest header(java.lang.String,java.lang.String)>	sig:virtualinvoke $r3.<java.net.HttpURLConnection: void setRequestProperty(java.lang.String,java.lang.String)>($r1, $r2)	timediff:0
I/System.out(25424): body:<io.fabric.sdk.android.services.network.HttpRequest: java.lang.String header(java.lang.String)>	sig:$r1 = virtualinvoke $r2.<java.net.HttpURLConnection: java.lang.String getHeaderField(java.lang.String)>($r1)	timediff:0
E/Fabric  (25424): Unknown error while loading Crashlytics settings. Crashes will be cached until settings can be retrieved.
E/Answers (25424): Failed to retrieve settings
W/CrashlyticsCore(25424): Received null settings, skipping initialization!
D/dalvikvm(25424): GC_CONCURRENT freed 432K, 10% free 5300K/5848K, paused 1ms+1ms, total 11ms
D/dalvikvm(25424): WAIT_FOR_CONCURRENT_GC blocked 7ms
E/SCLibManager(25424): IsArmV7 true
I/SonosActivity:SonosLaunchActivity(25424): Activity is being created!!
D/dalvikvm(25424): GC_EXPLICIT freed 584K, 13% free 5156K/5916K, paused 0ms+0ms, total 6ms
D/dalvikvm(25424): GC_FOR_ALLOC freed 280K, 11% free 5265K/5916K, paused 3ms, total 4ms
I/dalvikvm-heap(25424): Grow heap (frag case) to 5.868MB for 639372-byte allocation
D/dalvikvm(25424): GC_FOR_ALLOC freed 0K, 10% free 5890K/6544K, paused 5ms, total 5ms
I/SonosActivity:SonosLaunchActivity(25424): Activity is being started!!
I/SonosActivity:SonosLaunchActivity(25424): Activity is being resumed!!
E/SCLibEventSink:HouseholdEventSink(25424): Error Starting monitor: can't get household
E/SCLibEventSink:AllNowPlayingEventSink(25424): Unable to subscribe, no household
E/SCLibEventSink:HouseholdEventSink(25424): Error Starting monitor: can't get household
E/SCLibEventSink:HouseholdEventSink(25424): Error Starting monitor: can't get household
E/LibraryUtils(25424): getCurrentZoneGroup failed: household is null
E/SCLibEventSink:CurrentNowPlayingEventSink(25424): No current ZoneGroup to subscribe to.
E/LibraryUtils(25424): getCurrentZoneGroup failed: household is null
E/SCLibEventSink:CurrentGroupVolumeEventSink(25424): Error Subscribing: Current ZoneGroup was null
E/SCLibEventSink:CurrentGroupVolumeEventSink(25424): Error Subscribing: subscription was null
E/SCLibEventSink:HouseholdEventSink(25424): Error Starting monitor: can't get household
E/SonosRelativeLayout(25424): Insets: Rect(0, 0 - 0, 0)
E/SonosRelativeLayout(25424): Insets: Rect(0, 0 - 0, 0)
D/libEGL  (25424): loaded /system/lib/egl/libEGL_adreno.so
D/        (25424): HostConnection::get() New Host Connection established 0xb8782c50, tid 25424
D/libEGL  (25424): loaded /system/lib/egl/libGLESv1_CM_adreno.so
D/libEGL  (25424): loaded /system/lib/egl/libGLESv2_adreno.so
W/EGL_emulation(25424): eglSurfaceAttrib not implemented 3093 12436
D/OpenGLRenderer(25424): Enabling debug mode 0
E/SonosActivity:SonosLaunchActivity(25424): OnKeyUp
W/ViewRootImpl(25424): Dropping event due to no window focus: KeyEvent { action=ACTION_DOWN, keyCode=KEYCODE_DPAD_UP, scanCode=0, metaState=0, flags=0x8, repeatCount=0, eventTime=13366388, downTime=13366388, deviceId=-1, source=0x101 }
E/SonosActivity:SonosLaunchActivity(25424): OnKeyUp
W/ContextImpl(  464): Calling a method in the system process without a qualified user: android.app.ContextImpl.sendBroadcast:1123 com.android.server.InputMethodManagerService.hideCurrentInputLocked:1880 com.android.server.InputMethodManagerService.windowGainedFocus:1968 com.android.internal.view.IInputMethodManager$Stub.onTransact:221 com.android.server.InputMethodManagerService.onTransact:818 
I/ActivityManager(  464): Displayed com.sonos.acr/.SonosLaunchActivity: +835ms
D/dalvikvm(25424): GC_CONCURRENT freed 1164K, 19% free 5684K/6976K, paused 2ms+2ms, total 9ms
E/SonosActivity:SonosLaunchActivity(25424): OnKeyDown
E/SonosActivity:SonosLaunchActivity(25424): OnKeyDown
E/SonosActivity:SonosLaunchActivity(25424): OnKeyUp
E/SonosActivity:SonosLaunchActivity(25424): OnKeyUp
E/SonosActivity:SonosLaunchActivity(25424): OnKeyDown
E/SonosActivity:SonosLaunchActivity(25424): OnKeyDown
E/SonosActivity:SonosLaunchActivity(25424): OnKeyUp
E/SonosActivity:SonosLaunchActivity(25424): OnKeyUp
E/SonosActivity:SonosLaunchActivity(25424): OnKeyDown
E/SonosActivity:SonosLaunchActivity(25424): OnKeyDown
E/SonosActivity:SonosLaunchActivity(25424): OnKeyDown
E/SonosActivity:SonosLaunchActivity(25424): OnKeyDown
E/SonosActivity:SonosLaunchActivity(25424): OnKeyUp
E/SonosActivity:SonosLaunchActivity(25424): OnKeyUp
E/SonosActivity:SonosLaunchActivity(25424): OnKeyUp
E/SonosActivity:SonosLaunchActivity(25424): OnKeyUp
E/SonosActivity:SonosLaunchActivity(25424): OnKeyDown
E/SonosActivity:SonosLaunchActivity(25424): OnKeyDown
E/SonosActivity:SonosLaunchActivity(25424): OnKeyDown
E/SonosActivity:SonosLaunchActivity(25424): OnKeyDown
E/SonosActivity:SonosLaunchActivity(25424): OnKeyUp
E/SonosActivity:SonosLaunchActivity(25424): OnKeyUp
E/SonosActivity:SonosLaunchActivity(25424): OnKeyDown
E/SonosActivity:SonosLaunchActivity(25424): OnKeyDown
E/SonosActivity:SonosLaunchActivity(25424): OnKeyUp
E/SonosActivity:SonosLaunchActivity(25424): OnKeyUp
E/SonosActivity:SonosLaunchActivity(25424): OnKeyDown
E/SonosActivity:SonosLaunchActivity(25424): OnKeyDown
E/SonosActivity:SonosLaunchActivity(25424): OnKeyUp
E/SonosActivity:SonosLaunchActivity(25424): OnKeyUp
E/SonosActivity:SonosLaunchActivity(25424): OnKeyDown
E/SonosActivity:SonosLaunchActivity(25424): OnKeyDown
E/SonosActivity:SonosLaunchActivity(25424): OnKeyUp
E/SonosActivity:SonosLaunchActivity(25424): OnKeyUp
W/SonosApplication(25424): Starting sonos services
W/SonosApplication(25424): Starting sonos services
D/dalvikvm(25424): GC_CONCURRENT freed 1116K, 21% free 5559K/6976K, paused 1ms+1ms, total 8ms
D/dalvikvm(25424): WAIT_FOR_CONCURRENT_GC blocked 6ms
D/dalvikvm(25424): GC_CONCURRENT freed 920K, 21% free 5579K/6976K, paused 1ms+1ms, total 7ms
D/dalvikvm(25424): WAIT_FOR_CONCURRENT_GC blocked 3ms
D/dalvikvm(25424): GC_CONCURRENT freed 988K, 21% free 5547K/6976K, paused 1ms+0ms, total 7ms
D/dalvikvm(25424): WAIT_FOR_CONCURRENT_GC blocked 5ms
D/dalvikvm(25424): GC_CONCURRENT freed 819K, 21% free 5546K/6976K, paused 3ms+2ms, total 9ms
D/dalvikvm(25424): GC_CONCURRENT freed 946K, 21% free 5545K/6976K, paused 1ms+1ms, total 6ms
D/dalvikvm(25424): WAIT_FOR_CONCURRENT_GC blocked 4ms
D/dalvikvm(25424): GC_CONCURRENT freed 817K, 21% free 5545K/6976K, paused 2ms+1ms, total 6ms
D/dalvikvm(25424): GC_CONCURRENT freed 816K, 21% free 5546K/6976K, paused 2ms+0ms, total 7ms
D/dalvikvm(25424): GC_CONCURRENT freed 818K, 21% free 5545K/6976K, paused 2ms+0ms, total 6ms
D/dalvikvm(25424): GC_CONCURRENT freed 816K, 21% free 5545K/6976K, paused 2ms+0ms, total 6ms
D/dalvikvm(25424): GC_CONCURRENT freed 817K, 21% free 5545K/6976K, paused 2ms+0ms, total 7ms
D/dalvikvm(25424): GC_CONCURRENT freed 945K, 21% free 5545K/6976K, paused 3ms+0ms, total 10ms
D/dalvikvm(25424): WAIT_FOR_CONCURRENT_GC blocked 4ms
D/dalvikvm(25424): GC_CONCURRENT freed 945K, 21% free 5545K/6976K, paused 0ms+1ms, total 5ms
D/dalvikvm(25424): WAIT_FOR_CONCURRENT_GC blocked 4ms
D/dalvikvm(25424): GC_CONCURRENT freed 817K, 21% free 5564K/6976K, paused 2ms+1ms, total 8ms
D/dalvikvm(25424): GC_CONCURRENT freed 970K, 21% free 5545K/6976K, paused 1ms+0ms, total 6ms
D/dalvikvm(25424): WAIT_FOR_CONCURRENT_GC blocked 4ms
D/dalvikvm(25424): GC_CONCURRENT freed 945K, 21% free 5545K/6976K, paused 1ms+0ms, total 7ms
D/dalvikvm(25424): WAIT_FOR_CONCURRENT_GC blocked 4ms
D/WifiService(  464): setWifiEnabled: true pid=25424, uid=10151
D/WifiService(  464): setWifiEnabled: false pid=25424, uid=10151
E/Sonos: SCLibInit(25424): HostModel='ACR_:samsung:SM-G955N:SM-G955N', MDP Model/Submodel=11/3
E/Sonos: SCLibInit(25424): HostModel='ACR_:samsung:SM-G955N:SM-G955N', MDP Model/Submodel=11/3
E/Sonos: SCLibInit(25424): SessionId='5a483a3f-5191-4c8f-841d-8b0b5375820b'
E/Sonos: SCLibInit(25424): SessionId='5a483a3f-5191-4c8f-841d-8b0b5375820b'
I/WearableService(  654): Wearable Services stopping
E/Sonos: AnacapaLauncher(25424): m_tthread.t_id = 3095036672
E/Sonos: AnacapaLauncher(25424): m_tthread.t_id = 3095036672
D/ANACAPA_LD(25424): TID 0xb87a8300: Bad PidFile value 'log/acr.anacapa.pid'
E/Sonos: main(25424): ******************************
E/Sonos: main(25424): ******************************
E/Sonos: SCLibrary(25424): SCLibrary::SuspendNetworking()  - suspending subscriptions
E/Sonos: SCLibrary(25424): SCLibrary::SuspendNetworking()  - suspending subscriptions
W/Sonos: session(25424): Controller is Launched
W/Sonos: session(25424): Controller is Launched
W/DebugConnManager(25424): getNetworkInfo() on networkType 1
W/DebugConnManager(25424): getNetworkInfo() on networkType 9
W/DebugConnManager(25424): getNetworkInfo() on networkType 9
I/Choreographer(25424): Skipped 67 frames!  The application may be doing too much work on its main thread.
D/dalvikvm(25424): GC_CONCURRENT freed 705K, 19% free 5656K/6976K, paused 2ms+0ms, total 8ms
W/DebugConnManager(25424): getNetworkInfo() on networkType 9
E/SonosActivity:SonosLaunchActivity(25424): OnKeyDown
E/SonosActivity:SonosLaunchActivity(25424): OnKeyDown
E/SonosActivity:SonosLaunchActivity(25424): OnKeyUp
E/SonosActivity:SonosLaunchActivity(25424): OnKeyUp
E/SonosActivity:SonosLaunchActivity(25424): OnKeyDown
E/SonosActivity:SonosLaunchActivity(25424): OnKeyDown
E/SonosActivity:SonosLaunchActivity(25424): OnKeyUp
E/SonosActivity:SonosLaunchActivity(25424): OnKeyUp
E/SonosActivity:SonosLaunchActivity(25424): OnKeyDown
E/SonosActivity:SonosLaunchActivity(25424): OnKeyDown
W/WifiBasicNetIfaceManager(25424): Received Intent: android.net.wifi.STATE_CHANGE
W/WifiBasicNetIfaceManager(25424): Received Intent: android.net.wifi.STATE_CHANGE
W/DebugConnManager(25424): getNetworkInfo() on networkType 9
W/DebugConnManager(25424): getNetworkInfo() on networkType 9
E/Sonos: SCLibrary(25424): SCLibrary::SuspendNetworking() - already suspended
E/Sonos: SCLibrary(25424): SCLibrary::SuspendNetworking() - already suspended
W/DebugConnManager(25424): getNetworkInfo() on networkType 9
W/DebugConnManager(25424): getNetworkInfo() on networkType 9
E/SonosActivity:SonosLaunchActivity(25424): OnKeyUp
E/SonosActivity:SonosLaunchActivity(25424): OnKeyUp
W/DebugConnManager(25424): getNetworkInfo() on networkType 9
W/DebugConnManager(25424): getNetworkInfo() on networkType 9
W/DebugConnManager(25424): getNetworkInfo() on networkType 9
W/DebugConnManager(25424): getNetworkInfo() on networkType 9
E/Sonos: SCLibrary(25424): SCLibrary::SuspendNetworking() - already suspended
E/Sonos: SCLibrary(25424): SCLibrary::SuspendNetworking() - already suspended
W/DebugConnManager(25424): getNetworkInfo() on networkType 9
W/DebugConnManager(25424): getNetworkInfo() on networkType 9
E/SCLibEventSink:HouseholdEventSink(25424): Household was null, unable to unsubscribe
E/SCLibEventSink:HouseholdEventSink(25424): Household was null, unable to unsubscribe
E/SonosActivity:SonosLaunchActivity(25424): OnKeyDown
E/SonosActivity:SonosLaunchActivity(25424): OnKeyDown
E/SonosActivity:SonosLaunchActivity(25424): OnKeyUp
E/SonosActivity:SonosLaunchActivity(25424): OnKeyUp
E/SonosActivity:SonosLaunchActivity(25424): OnKeyDown
E/SonosActivity:SonosLaunchActivity(25424): OnKeyDown
E/SonosActivity:SonosLaunchActivity(25424): OnKeyUp
E/SonosActivity:SonosLaunchActivity(25424): OnKeyUp
E/SonosActivity:SonosLaunchActivity(25424): OnKeyDown
E/SonosActivity:SonosLaunchActivity(25424): OnKeyDown
E/SonosActivity:SonosLaunchActivity(25424): OnKeyUp
E/SonosActivity:SonosLaunchActivity(25424): OnKeyUp
E/SonosActivity:SonosLaunchActivity(25424): OnKeyDown
E/SonosActivity:SonosLaunchActivity(25424): OnKeyDown
E/SonosActivity:SonosLaunchActivity(25424): OnKeyUp
E/SonosActivity:SonosLaunchActivity(25424): OnKeyUp
E/SonosActivity:SonosLaunchActivity(25424): OnKeyDown
E/SonosActivity:SonosLaunchActivity(25424): OnKeyDown
E/SonosActivity:SonosLaunchActivity(25424): OnKeyUp
E/SonosActivity:SonosLaunchActivity(25424): OnKeyUp
D/dalvikvm(25424): GC_FOR_ALLOC freed 78K, 18% free 5727K/6976K, paused 6ms, total 6ms
I/dalvikvm-heap(25424): Grow heap (frag case) to 6.315MB for 635808-byte allocation
D/dalvikvm(25424): GC_FOR_ALLOC freed 1K, 17% free 6347K/7600K, paused 4ms, total 4ms
E/SonosActivity:SonosLaunchActivity(25424): OnKeyDown
E/SonosActivity:SonosLaunchActivity(25424): OnKeyDown
E/SonosActivity:SonosLaunchActivity(25424): OnKeyUp
E/SonosActivity:SonosLaunchActivity(25424): OnKeyUp
E/SonosActivity:SonosLaunchActivity(25424): OnKeyDown
E/SonosActivity:SonosLaunchActivity(25424): OnKeyDown
E/SonosActivity:SonosLaunchActivity(25424): OnKeyUp
E/SonosActivity:SonosLaunchActivity(25424): OnKeyUp
E/SonosActivity:SonosLaunchActivity(25424): OnKeyDown
E/SonosActivity:SonosLaunchActivity(25424): OnKeyDown
E/SonosActivity:SonosLaunchActivity(25424): OnKeyUp
E/SonosActivity:SonosLaunchActivity(25424): OnKeyUp
E/SonosActivity:SonosLaunchActivity(25424): OnKeyDown
E/SonosActivity:SonosLaunchActivity(25424): OnKeyDown
E/SonosActivity:SonosLaunchActivity(25424): OnKeyUp
E/SonosActivity:SonosLaunchActivity(25424): OnKeyUp
E/SonosActivity:SonosLaunchActivity(25424): OnKeyDown
E/SonosActivity:SonosLaunchActivity(25424): OnKeyDown
E/VolumeViewController(25424): On Volume Key Down 24
E/VolumeViewController(25424): On Volume Key Down 24
E/SonosActivity:SonosLaunchActivity(25424): OnKeyUp
E/SonosActivity:SonosLaunchActivity(25424): OnKeyUp
E/VolumeViewController(25424): On Volume Key Up: 24
E/VolumeViewController(25424): On Volume Key Up: 24
E/SonosActivity:SonosLaunchActivity(25424): OnKeyDown
E/SonosActivity:SonosLaunchActivity(25424): OnKeyDown
E/SonosActivity:SonosLaunchActivity(25424): OnKeyUp
E/SonosActivity:SonosLaunchActivity(25424): OnKeyUp
E/SonosActivity:SonosLaunchActivity(25424): OnKeyDown
E/SonosActivity:SonosLaunchActivity(25424): OnKeyDown
E/SonosActivity:SonosLaunchActivity(25424): OnKeyUp
E/SonosActivity:SonosLaunchActivity(25424): OnKeyUp
E/SonosActivity:SonosLaunchActivity(25424): OnKeyDown
E/SonosActivity:SonosLaunchActivity(25424): OnKeyDown
E/SonosActivity:SonosLaunchActivity(25424): OnKeyUp
E/SonosActivity:SonosLaunchActivity(25424): OnKeyUp
E/SonosActivity:SonosLaunchActivity(25424): OnKeyDown
E/SonosActivity:SonosLaunchActivity(25424): OnKeyDown
E/SonosActivity:SonosLaunchActivity(25424): OnKeyUp
E/SonosActivity:SonosLaunchActivity(25424): OnKeyUp
E/SonosActivity:SonosLaunchActivity(25424): OnKeyDown
E/SonosActivity:SonosLaunchActivity(25424): OnKeyDown
E/SonosActivity:SonosLaunchActivity(25424): OnKeyUp
E/SonosActivity:SonosLaunchActivity(25424): OnKeyUp
E/SonosActivity:SonosLaunchActivity(25424): OnKeyDown
E/SonosActivity:SonosLaunchActivity(25424): OnKeyDown
E/SonosActivity:SonosLaunchActivity(25424): OnKeyUp
E/SonosActivity:SonosLaunchActivity(25424): OnKeyUp
E/SonosActivity:SonosLaunchActivity(25424): OnKeyDown
E/SonosActivity:SonosLaunchActivity(25424): OnKeyDown
E/SonosActivity:SonosLaunchActivity(25424): OnKeyDown
E/SonosActivity:SonosLaunchActivity(25424): OnKeyDown
E/SonosActivity:SonosLaunchActivity(25424): OnKeyUp
E/SonosActivity:SonosLaunchActivity(25424): OnKeyUp
E/SonosActivity:SonosLaunchActivity(25424): OnKeyDown
E/SonosActivity:SonosLaunchActivity(25424): OnKeyDown
E/SonosActivity:SonosLaunchActivity(25424): OnKeyUp
E/SonosActivity:SonosLaunchActivity(25424): OnKeyUp
E/SonosActivity:SonosLaunchActivity(25424): OnKeyDown
E/SonosActivity:SonosLaunchActivity(25424): OnKeyDown
E/SonosActivity:SonosLaunchActivity(25424): OnKeyUp
E/SonosActivity:SonosLaunchActivity(25424): OnKeyUp
E/SonosActivity:SonosLaunchActivity(25424): OnKeyDown
E/SonosActivity:SonosLaunchActivity(25424): OnKeyDown
E/SonosActivity:SonosLaunchActivity(25424): OnKeyUp
E/SonosActivity:SonosLaunchActivity(25424): OnKeyUp
E/SonosActivity:SonosLaunchActivity(25424): OnKeyDown
E/SonosActivity:SonosLaunchActivity(25424): OnKeyDown
E/SonosActivity:SonosLaunchActivity(25424): OnKeyUp
E/SonosActivity:SonosLaunchActivity(25424): OnKeyUp
I/SonosActivity:SonosLaunchActivity(25424): Activity being finished
I/SonosActivity:SonosLaunchActivity(25424): Activity is being paused!!
D/FirebaseApp(24744): Notifying background state change listeners.
W/EGL_emulation(24744): eglSurfaceAttrib not implemented 3093 12436
W/ViewRootImpl(24744): Dropping event due to no window focus: KeyEvent { action=ACTION_DOWN, keyCode=KEYCODE_SHIFT_RIGHT, scanCode=0, metaState=0, flags=0x8, repeatCount=0, eventTime=13368839, downTime=13368839, deviceId=-1, source=0x101 }
W/ViewRootImpl(24744): Dropping event due to no window focus: KeyEvent { action=ACTION_DOWN, keyCode=KEYCODE_MENU, scanCode=0, metaState=0, flags=0x8, repeatCount=0, eventTime=13369070, downTime=13369070, deviceId=-1, source=0x101 }
W/ContextImpl(  464): Calling a method in the system process without a qualified user: android.app.ContextImpl.sendBroadcast:1123 com.android.server.InputMethodManagerService.hideCurrentInputLocked:1880 com.android.server.InputMethodManagerService.windowGainedFocus:1968 com.android.internal.view.IInputMethodManager$Stub.onTransact:221 com.android.server.InputMethodManagerService.onTransact:818 
W/WindowManager(  464): updateFocusedWindowLocked, focusedAppToken is null.
W/ViewRootImpl(  532): Dropping event due to no window focus: KeyEvent { action=ACTION_DOWN, keyCode=KEYCODE_DPAD_DOWN, scanCode=0, metaState=0, flags=0x8, repeatCount=0, eventTime=13369246, downTime=13369246, deviceId=-1, source=0x101 }
W/ContextImpl(  464): Calling a method in the system process without a qualified user: android.app.ContextImpl.sendBroadcast:1123 com.android.server.InputMethodManagerService.hideCurrentInputLocked:1880 com.android.server.InputMethodManagerService.windowGainedFocus:1968 com.android.internal.view.IInputMethodManager$Stub.onTransact:221 com.android.server.InputMethodManagerService.onTransact:818 
W/NetworkManagementSocketTagger(  464): setKernelCountSet(10151, 0) failed with errno -13
W/InputMethodManagerService(  464): Starting input on non-focused client com.android.internal.view.IInputMethodClient$Stub$Proxy@4ab8d66c (uid=1000 pid=24744)
I/SonosActivity:SonosLaunchActivity(25424): Activity is being stopped!!
I/SonosActivity:SonosLaunchActivity(25424): Activity is being destroyed!!
W/BackupManagerService(  464): dataChanged but no participant pkg='com.android.providers.settings' uid=10010
W/BackupManagerService(  464): dataChanged but no participant pkg='com.android.providers.settings' uid=10010
W/InputEventReceiver(  532): Attempted to finish an input event but the input event receiver has already been disposed.
W/InputEventReceiver(  532): Attempted to finish an input event but the input event receiver has already been disposed.
W/InputEventReceiver(  532): Attempted to finish an input event but the input event receiver has already been disposed.
W/ViewRootImpl(  532): Dropping event due to root view being removed: MotionEvent { action=ACTION_MOVE, id[0]=0, x[0]=758.9712, y[0]=350.71844, toolType[0]=TOOL_TYPE_UNKNOWN, buttonState=0, metaState=0, flags=0x0, edgeFlags=0x0, pointerCount=1, historySize=8, eventTime=13370130, downTime=13370121, deviceId=0, source=0x1002 }
W/ViewRootImpl(  532): Dropping event due to root view being removed: MotionEvent { action=ACTION_UP, id[0]=0, x[0]=770.9158, y[0]=350.80182, toolType[0]=TOOL_TYPE_UNKNOWN, buttonState=0, metaState=0, flags=0x0, edgeFlags=0x0, pointerCount=1, historySize=0, eventTime=13370132, downTime=13370121, deviceId=0, source=0x1002 }
W/InputEventReceiver(  532): Attempted to finish an input event but the input event receiver has already been disposed.
W/InputEventReceiver(  532): Attempted to finish an input event but the input event receiver has already been disposed.
W/InputEventReceiver(  532): Attempted to finish an input event but the input event receiver has already been disposed.
W/ViewRootImpl(  532): Dropping event due to root view being removed: MotionEvent { action=ACTION_MOVE, id[0]=0, x[0]=0.0, y[0]=-2.0, toolType[0]=TOOL_TYPE_UNKNOWN, buttonState=0, metaState=0, flags=0x0, edgeFlags=0x0, pointerCount=1, historySize=9, eventTime=13370146, downTime=-1, deviceId=0, source=0x10004 }
W/ViewRootImpl(  532): Dropping event due to root view being removed: MotionEvent { action=ACTION_DOWN, id[0]=0, x[0]=0.0, y[0]=0.0, toolType[0]=TOOL_TYPE_UNKNOWN, buttonState=0, metaState=0, flags=0x0, edgeFlags=0x0, pointerCount=1, historySize=0, eventTime=13370147, downTime=13370133, deviceId=0, source=0x10004 }
W/ViewRootImpl(  532): Dropping event due to root view being removed: MotionEvent { action=ACTION_UP, id[0]=0, x[0]=0.0, y[0]=0.0, toolType[0]=TOOL_TYPE_UNKNOWN, buttonState=0, metaState=0, flags=0x0, edgeFlags=0x0, pointerCount=1, historySize=0, eventTime=13370148, downTime=13370133, deviceId=0, source=0x10004 }
W/InputEventReceiver(  532): Attempted to finish an input event but the input event receiver has already been disposed.
W/ViewRootImpl(  532): Dropping event due to root view being removed: KeyEvent { action=ACTION_UP, keyCode=KEYCODE_MEDIA_REWIND, scanCode=0, metaState=0, flags=0x8, repeatCount=0, eventTime=13370115, downTime=13370115, deviceId=-1, source=0x101 }
W/DebugConnManager(24744): getNetworkInfo() on networkType 1
W/ContextImpl(24744): Calling a method in the system process without a qualified user: android.app.ContextImpl.startActivity:1020 android.content.ContextWrapper.startActivity:311 com.vphone.launcher.utils.AppUtil.openByBrowser:1068 com.vphone.launcher.utils.AppUtil.b:1499 com.vphone.launcher.utils.AppUtil.onQsbClicked:1474 
W/ContextImpl(24744): Calling a method in the system process without a qualified user: android.app.ContextImpl.startActivity:1032 android.app.ContextImpl.startActivity:1021 android.content.ContextWrapper.startActivity:311 com.vphone.launcher.utils.AppUtil.openByBrowser:1068 com.vphone.launcher.utils.AppUtil.b:1499 
I/ActivityManager(  464): START u0 {act=android.intent.action.VIEW dat=https://www.bignox.com/gsearch/index?g=e4382e3f-a082-4060-b970-a4dd13ffa2b6&a=2c56dc4e22145808&i=354730040445623&m=2C:56:DC:4E:22:14 flg=0x10000000 cmp=com.android.browser/.BrowserActivity} from pid 24744
W/ViewRootImpl(24744): Dropping event due to no window focus: KeyEvent { action=ACTION_DOWN, keyCode=KEYCODE_MENU, scanCode=0, metaState=0, flags=0x8, repeatCount=0, eventTime=13370174, downTime=13370174, deviceId=-1, source=0x101 }
W/ContextImpl(  464): Calling a method in the system process without a qualified user: android.app.ContextImpl.sendBroadcast:1123 com.android.server.InputMethodManagerService.hideCurrentInputLocked:1880 com.android.server.InputMethodManagerService.windowGainedFocus:1968 com.android.internal.view.IInputMethodManager$Stub.onTransact:221 com.android.server.InputMethodManagerService.onTransact:818 
W/Launcher(24744): No global search activity found.
W/Launcher(24744): No global search activity found.
W/DebugConnManager(24744): getNetworkInfo() on networkType 1
I/ActivityManager(  464): START u0 {act=android.intent.action.VIEW dat=http://launcher.us.yeshen.com/api/app/detail?id=com.cauagamesoft.carrossocadosbrasil flg=0x10000000 cmp=com.android.browser/.BrowserActivity} from pid 24744
W/DebugConnManager(24744): getNetworkInfo() on networkType 1
I/ActivityManager(  464): START u0 {act=android.intent.action.VIEW dat=http://launcher.us.yeshen.com/api/app/detail?id=com.cauagamesoft.carrossocadosbrasil flg=0x10000000 cmp=com.android.browser/.BrowserActivity} from pid 24744
W/DebugConnManager(24744): getNetworkInfo() on networkType 1
I/ActivityManager(  464): START u0 {act=android.intent.action.VIEW dat=http://launcher.us.yeshen.com/api/app/detail?id=com.cauagamesoft.carrossocadosbrasil flg=0x10000000 cmp=com.android.browser/.BrowserActivity} from pid 24744
W/PropertyValuesHolder(24744): Method setBrightness() with type int not found on target class class ph
W/PropertyValuesHolder(24744): Method getBrightness() with type int not found on target class class ph
E/AudioFlinger(  170): no more track names available
E/AudioTrack(  464): AudioFlinger could not create track, status: -12
E/SoundPool(  464): Error creating AudioTrack
W/PropertyValuesHolder(24744): Method setBrightness() with type int not found on target class class ph
W/PropertyValuesHolder(24744): Method getBrightness() with type int not found on target class class ph
I/ActivityManager(  464): START u0 {act=android.intent.action.MAIN cat=[android.intent.category.LAUNCHER] flg=0x10200000 cmp=com.android.camera/.Camera bnds=[742,174][946,301] (has extras)} from pid 24744
W/ContextImpl(24744): Calling a method in the system process without a qualified user: android.app.ContextImpl.sendBroadcast:1137 android.content.ContextWrapper.sendBroadcast:370 com.vphone.launcher.Stats.recordLaunch:129 com.vphone.launcher.Launcher.c:3192 com.vphone.launcher.Launcher.onClickAppShortcut:3144 
W/ContextImpl(24744): Calling a method in the system process without a qualified user: android.app.ContextImpl.bindService:1556 android.content.ContextWrapper.bindService:517 com.google.android.gms.common.stats.zzb.zza:-1 com.google.android.gms.common.stats.zzb.zza:-1 com.google.android.gms.ads.identifier.AdvertisingIdClient.zzh:-1 
I/ActivityManager(  464): START u0 {act=android.intent.action.MAIN cat=[android.intent.category.LAUNCHER] flg=0x10200000 cmp=com.sonos.acr/.SonosLaunchActivity} from pid 25413
D/yeshen  (24744): launcher onpause
I/SonosActivity:SonosLaunchActivity(25424): Activity is being created!!
W/NetworkManagementSocketTagger(  464): setKernelCountSet(10151, 1) failed with errno -13
D/dalvikvm(25424): GC_EXPLICIT freed 225K, 16% free 6396K/7600K, paused 0ms+0ms, total 7ms
D/dalvikvm(25424): GC_FOR_ALLOC freed 1085K, 28% free 5487K/7600K, paused 6ms, total 6ms
W/DebugConnManager(25424): getNetworkInfo() on networkType 9
I/SonosActivity:SonosLaunchActivity(25424): Activity is being started!!
W/DebugConnManager(25424): getNetworkInfo() on networkType 9
I/SonosActivity:SonosLaunchActivity(25424): Activity is being resumed!!
E/SCLibEventSink:AllNowPlayingEventSink(25424): Unable to subscribe, already subscribed
E/SCLibEventSink:AllNowPlayingEventSink(25424): Unable to subscribe, already subscribed
E/SCLibEventSink:CurrentNowPlayingEventSink(25424): No current ZoneGroup to subscribe to.
E/SCLibEventSink:CurrentNowPlayingEventSink(25424): No current ZoneGroup to subscribe to.
E/SCLibEventSink:CurrentGroupVolumeEventSink(25424): Error Subscribing: Current ZoneGroup was null
E/SCLibEventSink:CurrentGroupVolumeEventSink(25424): Error Subscribing: Current ZoneGroup was null
E/SCLibEventSink:CurrentGroupVolumeEventSink(25424): Error Subscribing: subscription was null
E/SCLibEventSink:CurrentGroupVolumeEventSink(25424): Error Subscribing: subscription was null
E/SCLibEventSink:CurrentGroupVolumeEventSink(25424): Error Subscribing: Current ZoneGroup was null
E/SCLibEventSink:CurrentGroupVolumeEventSink(25424): Error Subscribing: Current ZoneGroup was null
E/SCLibEventSink:CurrentGroupVolumeEventSink(25424): Error Subscribing: subscription was null
E/SCLibEventSink:CurrentGroupVolumeEventSink(25424): Error Subscribing: subscription was null
E/SCLibEventSink:CurrentGroupVolumeEventSink(25424): Error Subscribing: Current ZoneGroup was null
E/SCLibEventSink:CurrentGroupVolumeEventSink(25424): Error Subscribing: Current ZoneGroup was null
E/SCLibEventSink:CurrentGroupVolumeEventSink(25424): Error Subscribing: subscription was null
E/SCLibEventSink:CurrentGroupVolumeEventSink(25424): Error Subscribing: subscription was null
W/DebugConnManager(25424): getNetworkInfo() on networkType 9
D/dalvikvm(25424): GC_CONCURRENT freed 220K, 19% free 6172K/7600K, paused 0ms+3ms, total 33ms
W/DebugConnManager(25424): getNetworkInfo() on networkType 9
I/SonosFragment:NoWifiFragment:1251409724(25424): onActiveStateChanged: true
W/DebugConnManager(25424): getNetworkInfo() on networkType 9
E/SCLibEventSink:CurrentGroupVolumeEventSink(25424): Error Subscribing: Current ZoneGroup was null
E/SCLibEventSink:CurrentGroupVolumeEventSink(25424): Error Subscribing: Current ZoneGroup was null
E/SCLibEventSink:CurrentGroupVolumeEventSink(25424): Error Subscribing: subscription was null
E/SCLibEventSink:CurrentGroupVolumeEventSink(25424): Error Subscribing: subscription was null
W/DebugConnManager(25424): getNetworkInfo() on networkType 9
E/SCLibEventSink:CurrentGroupVolumeEventSink(25424): Error Subscribing: Current ZoneGroup was null
E/SCLibEventSink:CurrentGroupVolumeEventSink(25424): Error Subscribing: Current ZoneGroup was null
E/SCLibEventSink:CurrentGroupVolumeEventSink(25424): Error Subscribing: subscription was null
E/SCLibEventSink:CurrentGroupVolumeEventSink(25424): Error Subscribing: subscription was null
W/DebugConnManager(25424): getNetworkInfo() on networkType 9
E/SCLibEventSink:CurrentNowPlayingEventSink(25424): No current ZoneGroup to subscribe to.
E/SCLibEventSink:CurrentNowPlayingEventSink(25424): No current ZoneGroup to subscribe to.
E/SonosRelativeLayout(25424): Insets: Rect(0, 0 - 0, 0)
E/SonosRelativeLayout(25424): Insets: Rect(0, 0 - 0, 0)
W/EGL_emulation(25424): eglSurfaceAttrib not implemented 3093 12436
E/SCLibEventSink:CurrentNowPlayingEventSink(25424): No current ZoneGroup to subscribe to.
E/SCLibEventSink:CurrentNowPlayingEventSink(25424): No current ZoneGroup to subscribe to.
W/ViewRootImpl(25424): Dropping event due to no window focus: MotionEvent { action=ACTION_MOVE, id[0]=0, x[0]=-4.0, y[0]=-1.0, toolType[0]=TOOL_TYPE_UNKNOWN, buttonState=0, metaState=0, flags=0x0, edgeFlags=0x0, pointerCount=1, historySize=9, eventTime=13372432, downTime=-1, deviceId=0, source=0x10004 }
W/ViewRootImpl(25424): Dropping event due to no window focus: KeyEvent { action=ACTION_DOWN, keyCode=KEYCODE_DPAD_LEFT, scanCode=0, metaState=0, flags=0x8, repeatCount=0, eventTime=13372443, downTime=13372443, deviceId=-1, source=0x101 }
E/SonosActivity:SonosLaunchActivity(25424): OnKeyUp
E/SonosActivity:SonosLaunchActivity(25424): OnKeyUp
E/SonosActivity:SonosLaunchActivity(25424): OnKeyUp
E/SonosActivity:SonosLaunchActivity(25424): OnKeyUp
E/SonosActivity:SonosLaunchActivity(25424): OnKeyUp
E/SonosActivity:SonosLaunchActivity(25424): OnKeyUp
W/ViewRootImpl(25424): Dropping event due to no window focus: KeyEvent { action=ACTION_DOWN, keyCode=KEYCODE_DPAD_CENTER, scanCode=0, metaState=0, flags=0x8, repeatCount=0, eventTime=13372512, downTime=13372512, deviceId=-1, source=0x101 }
W/ViewRootImpl(25424): Dropping event due to no window focus: KeyEvent { action=ACTION_DOWN, keyCode=KEYCODE_DPAD_DOWN, scanCode=0, metaState=0, flags=0x8, repeatCount=0, eventTime=13372574, downTime=13372574, deviceId=-1, source=0x101 }
I/ActivityManager(  464): Displayed com.sonos.acr/.SonosLaunchActivity: +386ms
W/ContextImpl(  464): Calling a method in the system process without a qualified user: android.app.ContextImpl.sendBroadcast:1123 com.android.server.InputMethodManagerService.hideCurrentInputLocked:1880 com.android.server.InputMethodManagerService.windowGainedFocus:1968 com.android.internal.view.IInputMethodManager$Stub.onTransact:221 com.android.server.InputMethodManagerService.onTransact:818 
E/SonosActivity:SonosLaunchActivity(25424): OnKeyDown
E/SonosActivity:SonosLaunchActivity(25424): OnKeyDown
E/SonosActivity:SonosLaunchActivity(25424): OnKeyUp
E/SonosActivity:SonosLaunchActivity(25424): OnKeyUp
W/DebugConnManager(25424): getNetworkInfo() on networkType 9
W/DebugConnManager(25424): getNetworkInfo() on networkType 9
W/DebugConnManager(25424): getNetworkInfo() on networkType 9
E/SonosActivity:SonosLaunchActivity(25424): OnKeyDown
E/SonosActivity:SonosLaunchActivity(25424): OnKeyDown
I/ActivityManager(  464): START u0 {act=android.intent.action.MAIN cat=[android.intent.category.LAUNCHER] flg=0x10200000 cmp=com.sonos.acr/.SonosLaunchActivity} from pid 25413
D/dalvikvm(25424): GC_CONCURRENT freed 1450K, 24% free 5788K/7600K, paused 2ms+1ms, total 10ms
E/SonosActivity:SonosLaunchActivity(25424): OnKeyUp
E/SonosActivity:SonosLaunchActivity(25424): OnKeyUp
I/SonosActivity:SonosLaunchActivity(25424): Activity is being paused!!
W/DebugConnManager(25424): getNetworkInfo() on networkType 9
I/SonosActivity:SonosLaunchActivity(25424): Activity is being resumed!!
E/SCLibEventSink:AllNowPlayingEventSink(25424): Unable to subscribe, already subscribed
E/SCLibEventSink:AllNowPlayingEventSink(25424): Unable to subscribe, already subscribed
E/SCLibEventSink:CurrentNowPlayingEventSink(25424): No current ZoneGroup to subscribe to.
E/SCLibEventSink:CurrentNowPlayingEventSink(25424): No current ZoneGroup to subscribe to.
E/SCLibEventSink:CurrentGroupVolumeEventSink(25424): Error Subscribing: Current ZoneGroup was null
E/SCLibEventSink:CurrentGroupVolumeEventSink(25424): Error Subscribing: Current ZoneGroup was null
E/SCLibEventSink:CurrentGroupVolumeEventSink(25424): Error Subscribing: subscription was null
E/SCLibEventSink:CurrentGroupVolumeEventSink(25424): Error Subscribing: subscription was null
E/SCLibEventSink:CurrentGroupVolumeEventSink(25424): Error Subscribing: Current ZoneGroup was null
E/SCLibEventSink:CurrentGroupVolumeEventSink(25424): Error Subscribing: Current ZoneGroup was null
E/SCLibEventSink:CurrentGroupVolumeEventSink(25424): Error Subscribing: subscription was null
E/SCLibEventSink:CurrentGroupVolumeEventSink(25424): Error Subscribing: subscription was null
E/SCLibEventSink:CurrentGroupVolumeEventSink(25424): Error Subscribing: Current ZoneGroup was null
E/SCLibEventSink:CurrentGroupVolumeEventSink(25424): Error Subscribing: Current ZoneGroup was null
E/SCLibEventSink:CurrentGroupVolumeEventSink(25424): Error Subscribing: subscription was null
E/SCLibEventSink:CurrentGroupVolumeEventSink(25424): Error Subscribing: subscription was null
W/DebugConnManager(25424): getNetworkInfo() on networkType 9
W/DebugConnManager(25424): getNetworkInfo() on networkType 9
W/DebugConnManager(25424): getNetworkInfo() on networkType 9
E/SonosActivity:SonosLaunchActivity(25424): OnKeyUp
E/SonosActivity:SonosLaunchActivity(25424): OnKeyUp
E/SCLibEventSink:CurrentNowPlayingEventSink(25424): No current ZoneGroup to subscribe to.
E/SCLibEventSink:CurrentNowPlayingEventSink(25424): No current ZoneGroup to subscribe to.
E/SonosActivity:SonosLaunchActivity(25424): OnKeyDown
E/SonosActivity:SonosLaunchActivity(25424): OnKeyDown
E/SonosActivity:SonosLaunchActivity(25424): OnKeyUp
E/SonosActivity:SonosLaunchActivity(25424): OnKeyUp
E/SonosActivity:SonosLaunchActivity(25424): OnKeyDown
E/SonosActivity:SonosLaunchActivity(25424): OnKeyDown
E/SonosActivity:SonosLaunchActivity(25424): OnKeyUp
E/SonosActivity:SonosLaunchActivity(25424): OnKeyUp
E/SonosActivity:SonosLaunchActivity(25424): OnKeyDown
E/SonosActivity:SonosLaunchActivity(25424): OnKeyDown
E/SonosActivity:SonosLaunchActivity(25424): OnKeyUp
E/SonosActivity:SonosLaunchActivity(25424): OnKeyUp
E/SonosActivity:SonosLaunchActivity(25424): OnKeyDown
E/SonosActivity:SonosLaunchActivity(25424): OnKeyDown
E/SonosActivity:SonosLaunchActivity(25424): OnKeyUp
E/SonosActivity:SonosLaunchActivity(25424): OnKeyUp
E/SonosActivity:SonosLaunchActivity(25424): OnKeyDown
E/SonosActivity:SonosLaunchActivity(25424): OnKeyDown
E/SonosActivity:SonosLaunchActivity(25424): OnKeyUp
E/SonosActivity:SonosLaunchActivity(25424): OnKeyUp
E/SonosActivity:SonosLaunchActivity(25424): OnKeyDown
E/SonosActivity:SonosLaunchActivity(25424): OnKeyDown
E/SonosActivity:SonosLaunchActivity(25424): OnKeyUp
E/SonosActivity:SonosLaunchActivity(25424): OnKeyUp
E/SonosActivity:SonosLaunchActivity(25424): OnKeyDown
E/SonosActivity:SonosLaunchActivity(25424): OnKeyDown
E/SonosActivity:SonosLaunchActivity(25424): OnKeyUp
E/SonosActivity:SonosLaunchActivity(25424): OnKeyUp
E/SonosActivity:SonosLaunchActivity(25424): OnKeyDown
E/SonosActivity:SonosLaunchActivity(25424): OnKeyDown
E/SonosActivity:SonosLaunchActivity(25424): OnKeyDown
E/SonosActivity:SonosLaunchActivity(25424): OnKeyDown
E/SonosActivity:SonosLaunchActivity(25424): OnKeyUp
E/SonosActivity:SonosLaunchActivity(25424): OnKeyUp
E/SonosActivity:SonosLaunchActivity(25424): OnKeyDown
E/SonosActivity:SonosLaunchActivity(25424): OnKeyDown
E/SonosActivity:SonosLaunchActivity(25424): OnKeyUp
E/SonosActivity:SonosLaunchActivity(25424): OnKeyUp
E/SonosActivity:SonosLaunchActivity(25424): OnKeyDown
E/SonosActivity:SonosLaunchActivity(25424): OnKeyDown
E/SonosActivity:SonosLaunchActivity(25424): OnKeyUp
E/SonosActivity:SonosLaunchActivity(25424): OnKeyUp
E/SonosActivity:SonosLaunchActivity(25424): OnKeyDown
