--------- beginning of /dev/log/main
I/WearableService(  641): Wearable Services stopping
I/Icing   (  711): Indexing F4FAA6262FE39DDD50BAE6B7AF5CDB8D73BA0DB0 from com.google.android.gms
I/Icing   (  711): Indexing done F4FAA6262FE39DDD50BAE6B7AF5CDB8D73BA0DB0
D/AndroidRuntime(16377): 
D/AndroidRuntime(16377): >>>>>> AndroidRuntime START com.android.internal.os.RuntimeInit <<<<<<
D/AndroidRuntime(16377): CheckJNI is OFF
D/dalvikvm(16377): Using executionMode 2
D/dalvikvm(16377): Trying to load lib libjavacore.so 0x0
D/dalvikvm(16377): Added shared lib libjavacore.so 0x0
D/dalvikvm(16377): Trying to load lib libnativehelper.so 0x0
D/dalvikvm(16377): Added shared lib libnativehelper.so 0x0
D/dalvikvm(16377): No JNI_OnLoad found in libnativehelper.so 0x0, skipping init
D/dalvikvm(16377): Note: class Landroid/app/ActivityManagerNative; has 179 unimplemented (abstract) methods
E/memtrack(16377): Couldn't load memtrack module (No such file or directory)
E/android.os.Debug(16377): failed to load memtrack module: -2
D/AndroidRuntime(16377): Calling main entry com.android.commands.monkey.Monkey
--------- beginning of /dev/log/system
W/BroadcastQueue(  481): Skipping deliver [background] BroadcastRecord{4af042f0 u-1 android.net.conn.CONNECTIVITY_CHANGE} to ReceiverList{4ae2f47c 16377 (unknown name)/0/u-1 remote:4ae356d4}: process crashing
I/ActivityManager(  481): START u0 {act=android.intent.action.MAIN cat=[android.intent.category.LAUNCHER] flg=0x10200000 cmp=com.andymstone.metronome/.MetronomeBeatsActivity} from pid 16377
D/yeshen  (  670): launcher onpause
I/ActivityManager(  481): Start proc com.andymstone.metronome for activity com.andymstone.metronome/.MetronomeBeatsActivity: pid=16387 uid=10187 gids={50187, 3003}
E/SurfaceFlinger(  166): glCheckFramebufferStatusOES error 36054
E/SurfaceFlinger(  166): got GL_FRAMEBUFFER_COMPLETE_OES error while taking screenshot
D/SurfaceFlinger(  166): setOrientation, mFbdev=0xb90b3040, mFbDev->setOrientation=0xb6930ce0, orientation=3
I/gralloc_nox(  166): setOrientation: orientation=3
D/Tinker.DefaultAppLike(  670): onConfigurationChanged:{1.0 ?mcc?mnc en_US ldltr sw480dp w480dp h828dp 240dpi lrg long port finger qwerty/v/v dpad/v s.48}
I/ActivityManager(  481): Config changes=480 {1.0 ?mcc?mnc en_US ldltr sw480dp w480dp h828dp 240dpi lrg long port finger qwerty/v/v dpad/v s.48}
D/PhoneStatusBar(  533): mSettingsPanelGravity = 55
I/InputReader(  481): Reconfiguring input devices.  changes=0x00000004
I/InputReader(  481): Device reconfigured: id=1, name='seamless mouse', size 1280x720, orientation 3, mode 1, display id 0
I/InputReader(  481): Device reconfigured: id=3, name='Android Input', size 1280x720, orientation 3, mode 1, display id 0
I/InputReader(  481): Device reconfigured: id=8, name='VirtualBox USB Tablet', size 1280x720, orientation 3, mode 1, display id 0
D/Sensors (  481): Client connection accepted (202)
W/NetworkManagementSocketTagger(  481): setKernelCountSet(10187, 1) failed with errno -13
I/dalvikvm(16387): ignoring registerObject request in thread=1
I/dalvikvm(16387): ignoring registerObject request in thread=1
D/yeshen  (  670): launcher onstop
D/FirebaseApp(  670): Notifying background state change listeners.
D/Tinker.DefaultAppLike(  670): onTrimMemory level:20
W/DebugConnManager(  670): getNetworkInfo() on networkType 1
D/dalvikvm(  533): GC_FOR_ALLOC freed 159K, 32% free 11989K/17412K, paused 12ms, total 12ms
I/ACRA    (16387): Migrating unsent ACRA reports to new file locations
I/ACRA    (16387): Migrated 0 unsent reports
I/ACRA    (16387): ACRA is enabled for com.andymstone.metronome, initializing...
I/dalvikvm-heap(  533): Grow heap (frag case) to 18.017MB for 6553612-byte allocation
E/dalvikvm(16387): Could not find class 'android.app.ActivityManager$TaskDescription', referenced from method com.andymstone.metronome.ah.onCreate
W/dalvikvm(16387): VFY: unable to resolve new-instance 40 (Landroid/app/ActivityManager$TaskDescription;) in Lcom/andymstone/metronome/ah;
D/dalvikvm(16387): VFY: replacing opcode 0x22 at 0x00ba
D/dalvikvm(  533): GC_FOR_ALLOC freed <1K, 23% free 18388K/23816K, paused 4ms, total 4ms
D/dalvikvm(16387): DexOpt: unable to opt direct call 0x00cc at 0xd8 in Lcom/andymstone/metronome/ah;.onCreate
D/dalvikvm(  533): GC_CONCURRENT freed 2K, 23% free 18386K/23816K, paused 1ms+0ms, total 5ms
D/dalvikvm(16387): JIT code cache reset in 0 ms (0 bytes 1/0)
D/dalvikvm(16387): GC_CONCURRENT freed 290K, 11% free 2885K/3240K, paused 2ms+1ms, total 5ms
I/dalvikvm(16387): Could not find method android.view.Window$Callback.onProvideKeyboardShortcuts, referenced from method android.support.v7.view.n.onProvideKeyboardShortcuts
W/dalvikvm(16387): VFY: unable to resolve interface method 13246: Landroid/view/Window$Callback;.onProvideKeyboardShortcuts (Ljava/util/List;Landroid/view/Menu;I)V
D/dalvikvm(16387): VFY: replacing opcode 0x72 at 0x0002
W/dalvikvm(16387): VFY: unable to find class referenced in signature (Landroid/view/SearchEvent;)
I/dalvikvm(16387): Could not find method android.view.Window$Callback.onSearchRequested, referenced from method android.support.v7.view.n.onSearchRequested
W/dalvikvm(16387): VFY: unable to resolve interface method 13248: Landroid/view/Window$Callback;.onSearchRequested (Landroid/view/SearchEvent;)Z
D/dalvikvm(16387): VFY: replacing opcode 0x72 at 0x0002
I/dalvikvm(16387): Could not find method android.view.Window$Callback.onWindowStartingActionMode, referenced from method android.support.v7.view.n.onWindowStartingActionMode
W/dalvikvm(16387): VFY: unable to resolve interface method 13252: Landroid/view/Window$Callback;.onWindowStartingActionMode (Landroid/view/ActionMode$Callback;I)Landroid/view/ActionMode;
D/dalvikvm(16387): VFY: replacing opcode 0x72 at 0x0002
I/dalvikvm(16387): Could not find method android.content.Context.getColorStateList, referenced from method android.support.v7.d.a.b.a
W/dalvikvm(16387): VFY: unable to resolve virtual method 410: Landroid/content/Context;.getColorStateList (I)Landroid/content/res/ColorStateList;
D/dalvikvm(16387): VFY: replacing opcode 0x6e at 0x0006
I/dalvikvm(16387): Could not find method android.content.res.Resources.getDrawable, referenced from method android.support.v7.widget.ft.getDrawable
W/dalvikvm(16387): VFY: unable to resolve virtual method 599: Landroid/content/res/Resources;.getDrawable (ILandroid/content/res/Resources$Theme;)Landroid/graphics/drawable/Drawable;
D/dalvikvm(16387): VFY: replacing opcode 0x6e at 0x0002
I/dalvikvm(16387): Could not find method android.content.res.Resources.getDrawableForDensity, referenced from method android.support.v7.widget.ft.getDrawableForDensity
W/dalvikvm(16387): VFY: unable to resolve virtual method 601: Landroid/content/res/Resources;.getDrawableForDensity (IILandroid/content/res/Resources$Theme;)Landroid/graphics/drawable/Drawable;
D/dalvikvm(16387): VFY: replacing opcode 0x6e at 0x0002
E/dalvikvm(16387): Could not find class 'android.graphics.drawable.RippleDrawable', referenced from method android.support.v7.widget.bb.a
W/dalvikvm(16387): VFY: unable to resolve instanceof 180 (Landroid/graphics/drawable/RippleDrawable;) in Landroid/support/v7/widget/bb;
D/dalvikvm(16387): VFY: replacing opcode 0x20 at 0x000c
D/dalvikvm(16387): GC_CONCURRENT freed 177K, 8% free 3116K/3356K, paused 1ms+0ms, total 3ms
D/dalvikvm(16387): GC_FOR_ALLOC freed 7K, 8% free 3110K/3356K, paused 2ms, total 2ms
I/dalvikvm-heap(16387): Grow heap (frag case) to 3.700MB for 635808-byte allocation
D/dalvikvm(16387): GC_FOR_ALLOC freed <1K, 7% free 3731K/3980K, paused 6ms, total 6ms
D/dalvikvm(16387): GC_CONCURRENT freed <1K, 7% free 3731K/3980K, paused 0ms+0ms, total 2ms
E/dalvikvm(16387): Could not find class 'android.graphics.drawable.RippleDrawable', referenced from method com.andymstone.metronome.ui.BeatIndicator.c
W/dalvikvm(16387): VFY: unable to resolve new-instance 180 (Landroid/graphics/drawable/RippleDrawable;) in Lcom/andymstone/metronome/ui/BeatIndicator;
D/dalvikvm(16387): VFY: replacing opcode 0x22 at 0x0011
D/dalvikvm(16387): DexOpt: unable to opt direct call 0x03c9 at 0x1b in Lcom/andymstone/metronome/ui/BeatIndicator;.c
D/dalvikvm(16387): GC_CONCURRENT freed 117K, 5% free 4000K/4180K, paused 2ms+0ms, total 4ms
I/dalvikvm(16387): Could not find method android.widget.Spinner.getPopupContext, referenced from method android.support.v7.widget.bl.getPopupContext
W/dalvikvm(16387): VFY: unable to resolve virtual method 14029: Landroid/widget/Spinner;.getPopupContext ()Landroid/content/Context;
W/EGL_emulation(  533): eglSurfaceAttrib not implemented 3093 12436
D/dalvikvm(16387): VFY: replacing opcode 0x6f at 0x000b
I/ListPopupWindow(16387): Could not find method setEpicenterBounds(Rect) on PopupWindow. Oh well.
E/dalvikvm(16387): Could not find class 'android.widget.ThemedSpinnerAdapter', referenced from method android.support.v7.widget.bn.<init>
W/dalvikvm(16387): VFY: unable to resolve instanceof 1775 (Landroid/widget/ThemedSpinnerAdapter;) in Landroid/support/v7/widget/bn;
D/dalvikvm(16387): VFY: replacing opcode 0x20 at 0x0017
I/dalvikvm(16387): Could not find method android.content.Context.getDrawable, referenced from method com.andymstone.metronome.ui.ay.<init>
W/dalvikvm(16387): VFY: unable to resolve virtual method 414: Landroid/content/Context;.getDrawable (I)Landroid/graphics/drawable/Drawable;
D/dalvikvm(16387): VFY: replacing opcode 0x6e at 0x000d
I/dalvikvm(16387): Could not find method android.content.pm.PackageManager.getPackageInstaller, referenced from method com.google.android.gms.common.r.zzl
W/dalvikvm(16387): VFY: unable to resolve virtual method 555: Landroid/content/pm/PackageManager;.getPackageInstaller ()Landroid/content/pm/PackageInstaller;
D/dalvikvm(16387): VFY: replacing opcode 0x6e at 0x001a
I/GAv4    (16387): Google Analytics 9.4.52 is starting up. To enable debug logging on a device run:
I/GAv4    (16387):   adb shell setprop log.tag.GAv4 DEBUG
I/GAv4    (16387):   adb logcat -s GAv4
W/GAv4    (16387): AnalyticsReceiver is not registered or is disabled. Register the receiver for reliable dispatching on non-Google Play devices. See http://goo.gl/8Rd3yj for instructions.
D/dalvikvm(16387): GC_CONCURRENT freed 270K, 7% free 4200K/4508K, paused 2ms+1ms, total 6ms
W/GAv4    (16387): CampaignTrackingReceiver is not registered, not exported or is disabled. Installation campaign tracking is not possible. See http://goo.gl/8Rd3yj for instructions.
W/GAv4    (16387): AnalyticsService not registered in the app manifest. Hits might not be delivered reliably. See http://goo.gl/8Rd3yj for instructions.
I/dalvikvm(16387): Could not find method android.content.pm.PackageManager.getPackageInstaller, referenced from method jjw.a
W/dalvikvm(16387): VFY: unable to resolve virtual method 2504: Landroid/content/pm/PackageManager;.getPackageInstaller ()Landroid/content/pm/PackageInstaller;
D/dalvikvm(16387): VFY: replacing opcode 0x6e at 0x001c
D/dalvikvm(16387): GC_CONCURRENT freed 305K, 8% free 4384K/4752K, paused 1ms+2ms, total 6ms
I/dalvikvm(16387): Could not find method android.content.ContextWrapper.createCredentialProtectedStorageContext, referenced from method iwr.createCredentialProtectedStorageContext
W/dalvikvm(16387): VFY: unable to resolve virtual method 2411: Landroid/content/ContextWrapper;.createCredentialProtectedStorageContext ()Landroid/content/Context;
D/dalvikvm(16387): VFY: replacing opcode 0x6f at 0x0002
I/dalvikvm(16387): Could not find method android.content.ContextWrapper.createDeviceProtectedStorageContext, referenced from method iwr.createDeviceProtectedStorageContext
W/dalvikvm(16387): VFY: unable to resolve virtual method 2412: Landroid/content/ContextWrapper;.createDeviceProtectedStorageContext ()Landroid/content/Context;
D/dalvikvm(16387): VFY: replacing opcode 0x6f at 0x0002
I/dalvikvm(16387): Could not find method android.content.ContextWrapper.createCredentialProtectedStorageContext, referenced from method com.google.android.chimera.ModuleContext.createCredentialProtectedStorageContext
W/dalvikvm(16387): VFY: unable to resolve virtual method 2411: Landroid/content/ContextWrapper;.createCredentialProtectedStorageContext ()Landroid/content/Context;
D/dalvikvm(16387): VFY: replacing opcode 0x6f at 0x0002
I/dalvikvm(16387): Could not find method android.content.ContextWrapper.createDeviceProtectedStorageContext, referenced from method com.google.android.chimera.ModuleContext.createDeviceProtectedStorageContext
W/dalvikvm(16387): VFY: unable to resolve virtual method 2412: Landroid/content/ContextWrapper;.createDeviceProtectedStorageContext ()Landroid/content/Context;
D/dalvikvm(16387): VFY: replacing opcode 0x6f at 0x0002
I/dalvikvm(16387): Could not find method android.content.Context.isCredentialProtectedStorage, referenced from method cub.a
W/dalvikvm(16387): VFY: unable to resolve virtual method 2391: Landroid/content/Context;.isCredentialProtectedStorage ()Z
D/dalvikvm(16387): VFY: replacing opcode 0x6e at 0x0000
I/dalvikvm(16387): Could not find method android.os.UserManager.isUserUnlocked, referenced from method cub.a
W/dalvikvm(16387): VFY: unable to resolve virtual method 3028: Landroid/os/UserManager;.isUserUnlocked ()Z
D/dalvikvm(16387): VFY: replacing opcode 0x6e at 0x001a
I/dalvikvm(16387): Could not find method android.content.Context.isDeviceProtectedStorage, referenced from method cub.b
W/dalvikvm(16387): VFY: unable to resolve virtual method 2392: Landroid/content/Context;.isDeviceProtectedStorage ()Z
D/dalvikvm(16387): VFY: replacing opcode 0x6e at 0x0000
I/dalvikvm(16387): Could not find method android.content.Context.isDeviceProtectedStorage, referenced from method cub.c
W/dalvikvm(16387): VFY: unable to resolve virtual method 2392: Landroid/content/Context;.isDeviceProtectedStorage ()Z
D/dalvikvm(16387): VFY: replacing opcode 0x6e at 0x0000
I/dalvikvm(16387): Could not find method android.system.Os.readlink, referenced from method cuq.a
W/dalvikvm(16387): VFY: unable to resolve static method 3047: Landroid/system/Os;.readlink (Ljava/lang/String;)Ljava/lang/String;
D/dalvikvm(16387): VFY: replacing opcode 0x71 at 0x0000
I/dalvikvm(16387): Could not find method android.system.Os.stat, referenced from method cuq.a
W/dalvikvm(16387): VFY: unable to resolve static method 3048: Landroid/system/Os;.stat (Ljava/lang/String;)Landroid/system/StructStat;
D/dalvikvm(16387): VFY: replacing opcode 0x71 at 0x0042
I/dalvikvm(16387): Could not find method android.system.Os.symlink, referenced from method cuq.a
W/dalvikvm(16387): VFY: unable to resolve static method 3049: Landroid/system/Os;.symlink (Ljava/lang/String;Ljava/lang/String;)V
D/dalvikvm(16387): VFY: replacing opcode 0x71 at 0x013b
I/dalvikvm(16387): DexOpt: unable to optimize instance field ref 0x04a1 at 0x46 in Lcuq;.a
I/dalvikvm(16387): DexOpt: unable to optimize static field ref 0x049c at 0x48 in Lcuq;.a
I/dalvikvm(16387): DexOpt: unable to optimize static field ref 0x049a at 0x4a in Lcuq;.a
I/dalvikvm(16387): DexOpt: unable to optimize static field ref 0x049b at 0x4d in Lcuq;.a
I/dalvikvm(16387): DexOpt: unable to optimize static field ref 0x049d at 0x57 in Lcuq;.a
I/dalvikvm(16387): DexOpt: unable to optimize static field ref 0x04a0 at 0x5f in Lcuq;.a
I/dalvikvm(16387): DexOpt: unable to optimize static field ref 0x049e at 0x61 in Lcuq;.a
I/dalvikvm(16387): DexOpt: unable to optimize static field ref 0x049f at 0x64 in Lcuq;.a
I/dalvikvm(16387): DexOpt: unable to optimize static field ref 0x049c at 0x7f in Lcuq;.a
I/dalvikvm(16387): DexOpt: unable to optimize static field ref 0x04a0 at 0x90 in Lcuq;.a
I/dalvikvm(16387): Could not find method android.content.Context.createDeviceProtectedStorageContext, referenced from method jvu.a
W/dalvikvm(16387): VFY: unable to resolve virtual method 2362: Landroid/content/Context;.createDeviceProtectedStorageContext ()Landroid/content/Context;
D/dalvikvm(16387): VFY: replacing opcode 0x6e at 0x0029
I/dalvikvm(16387): Could not find method android.content.Context.getSystemService, referenced from method jvu.b
W/dalvikvm(16387): VFY: unable to resolve virtual method 2387: Landroid/content/Context;.getSystemService (Ljava/lang/Class;)Ljava/lang/Object;
D/dalvikvm(16387): VFY: replacing opcode 0x6e at 0x000b
D/dalvikvm(16387): DexOpt: couldn't find static field Landroid/os/Build;.SUPPORTED_64_BIT_ABIS
W/dalvikvm(16387): VFY: unable to resolve static field 1157 (SUPPORTED_64_BIT_ABIS) in Landroid/os/Build;
D/dalvikvm(16387): VFY: replacing opcode 0x62 at 0x0012
D/dalvikvm(16387): DexOpt: couldn't find static field Landroid/os/Build;.SUPPORTED_32_BIT_ABIS
W/dalvikvm(16387): VFY: unable to resolve static field 1156 (SUPPORTED_32_BIT_ABIS) in Landroid/os/Build;
D/dalvikvm(16387): VFY: replacing opcode 0x62 at 0x0021
D/dalvikvm(16387): DexOpt: couldn't find static field Landroid/os/Build;.SUPPORTED_ABIS
W/dalvikvm(16387): VFY: unable to resolve static field 1158 (SUPPORTED_ABIS) in Landroid/os/Build;
D/dalvikvm(16387): VFY: replacing opcode 0x62 at 0x0008
D/dalvikvm(16387): DexOpt: couldn't find static field Landroid/os/Build;.SUPPORTED_64_BIT_ABIS
W/dalvikvm(16387): VFY: unable to resolve static field 1157 (SUPPORTED_64_BIT_ABIS) in Landroid/os/Build;
D/dalvikvm(16387): VFY: replacing opcode 0x62 at 0x0008
D/dalvikvm(16387): DexOpt: couldn't find static field Landroid/os/Build;.SUPPORTED_64_BIT_ABIS
I/dalvikvm(16387): DexOpt: unable to optimize static field ref 0x0485 at 0x17 in Lcwd;.a
D/dalvikvm(16387): DexOpt: couldn't find static field Landroid/os/Build;.SUPPORTED_32_BIT_ABIS
I/dalvikvm(16387): DexOpt: unable to optimize static field ref 0x0484 at 0x26 in Lcwd;.a
D/dalvikvm(16387): DexOpt: couldn't find static field Landroid/os/Build;.SUPPORTED_64_BIT_ABIS
I/dalvikvm(16387): DexOpt: unable to optimize static field ref 0x0485 at 0x0d in Lcwd;.b
D/DynamitePackage(16387): Instantiated singleton DynamitePackage.
D/DynamitePackage(16387): Instantiating com.google.android.gms.ads.ChimeraAdManagerCreatorImpl
I/dalvikvm(16387): Could not find method android.content.pm.PackageManager.getPackageInstaller, referenced from method jn.a
W/dalvikvm(16387): VFY: unable to resolve virtual method 2060: Landroid/content/pm/PackageManager;.getPackageInstaller ()Landroid/content/pm/PackageInstaller;
D/dalvikvm(16387): VFY: replacing opcode 0x6e at 0x0017
D/dalvikvm(16387): GC_CONCURRENT freed 398K, 10% free 4435K/4896K, paused 2ms+2ms, total 11ms
I/dalvikvm(16387): Could not find method android.security.NetworkSecurityPolicy.getInstance, referenced from method com.google.android.gms.ads.internal.util.h.b_
W/dalvikvm(16387): VFY: unable to resolve static method 2591: Landroid/security/NetworkSecurityPolicy;.getInstance ()Landroid/security/NetworkSecurityPolicy;
D/dalvikvm(16387): VFY: replacing opcode 0x71 at 0x0022
D/dalvikvm(16387): DexOpt: --- BEGIN '1510898742191.jar' (bootstrap=0) ---
D/dalvikvm(  711): GC_CONCURRENT freed 2011K, 41% free 9079K/15140K, paused 1ms+1ms, total 16ms
I/dalvikvm(16387): Could not find method android.content.pm.PackageManager.isInstantApp, referenced from method qp.a
W/dalvikvm(16387): VFY: unable to resolve virtual method 2065: Landroid/content/pm/PackageManager;.isInstantApp (Ljava/lang/String;)Z
D/dalvikvm(16387): VFY: replacing opcode 0x6e at 0x002d
I/dalvikvm(16387): Could not find method android.content.pm.PackageManager.isInstantApp, referenced from method qo.a
W/dalvikvm(16387): VFY: unable to resolve virtual method 2064: Landroid/content/pm/PackageManager;.isInstantApp ()Z
D/dalvikvm(16387): VFY: replacing opcode 0x6e at 0x0028
I/Ads     (16387): Starting ad request.
I/Ads     (16387): Use AdRequest.Builder.addTestDevice("DADDEACD506FD4BD02989AD39CCF21B7") to get test ads on this device.
I/dalvikvm(16387): Could not find method android.webkit.WebSettings.setMixedContentMode, referenced from method com.google.android.gms.ads.internal.webview.m.<init>
W/dalvikvm(16387): VFY: unable to resolve virtual method 2893: Landroid/webkit/WebSettings;.setMixedContentMode (I)V
D/dalvikvm(16387): VFY: replacing opcode 0x6e at 0x0069
D/dalvikvm(16387): GC_CONCURRENT freed 370K, 9% free 4522K/4952K, paused 2ms+0ms, total 4ms
V/WebViewChromium(16387): Binding Chromium to the background looper Looper (main, tid 1) {4a781fac}
I/chromium(16387): [INFO:library_loader_hooks.cc(112)] Chromium logging enabled: level = 0, default verbosity = 0
I/BrowserProcessMain(16387): Initializing chromium process, renderers=0
W/chromium(16387): [WARNING:proxy_service.cc(888)] PAC support disabled because there is no system implementation
D/libEGL  (16387): loaded /system/lib/egl/libEGL_adreno.so
D/        (16387): HostConnection::get() New Host Connection established 0xb821af20, tid 16387
D/libEGL  (16387): loaded /system/lib/egl/libGLESv1_CM_adreno.so
D/libEGL  (16387): loaded /system/lib/egl/libGLESv2_adreno.so
D/dalvikvm(16408): DexOpt: load 1ms, verify+opt 4ms, 287892 bytes
W/dalvikvm(16387): VFY: unable to find class referenced in signature (Lokhttp3/Request;)
W/dalvikvm(16387): VFY: unable to find class referenced in signature (Lokhttp3/Response;)
I/dalvikvm(16387): Could not find method okhttp3.Response.headers, referenced from method empirical.HelperClass.printOkHttpInfo
W/dalvikvm(16387): VFY: unable to resolve virtual method 37588: Lokhttp3/Response;.headers ()Lokhttp3/Headers;
D/dalvikvm(16387): VFY: replacing opcode 0x6e at 0x0006
W/dalvikvm(16387): VFY: unable to find class referenced in signature (Lokhttp3/Call;)
W/dalvikvm(16387): VFY: unable to find class referenced in signature (Lokhttp3/Response;)
I/dalvikvm(16387): Could not find method okhttp3.Call.request, referenced from method empirical.HelperClass.printOkHttpInfoFromCall
W/dalvikvm(16387): VFY: unable to resolve interface method 37582: Lokhttp3/Call;.request ()Lokhttp3/Request;
D/dalvikvm(16387): VFY: replacing opcode 0x72 at 0x0006
W/Ads     (16387): Invoke Firebase method getInstance error.
I/System.out(16387): body:<com.stonekick.core.r: java.util.Map e(java.lang.String)>	sig:specialinvoke $r1.<java.net.URL: void <init>(java.lang.String)>($r0)	timediff:1
I/System.out(16387): <com.stonekick.core.r: java.util.Map e(java.lang.String)>###specialinvoke $r1.<java.net.URL: void <init>(java.lang.String)>($r0)###http://settings.stonekick.com/metronome_settings_3_5_2.json
W/Ads     (16387): The Google Mobile Ads SDK will not integrate with Firebase. Admob/Firebase integration requires the latest Firebase SDK jar, but Firebase SDK is either missing or out of date
I/System.out(16387): body:<com.stonekick.core.r: java.util.Map e(java.lang.String)>	sig:specialinvoke $r1.<java.net.URL: void <init>(java.lang.String)>($r0)	timediff:0
I/System.out(16387): <com.stonekick.core.r: java.util.Map e(java.lang.String)>###specialinvoke $r1.<java.net.URL: void <init>(java.lang.String)>($r0)###http://settings.stonekick.com/metronome_settings_3_5_2.json
W/ActivityThread(16387): ClassLoader.loadClass: The class loader returned by Thread.getContextClassLoader() may fail for processes that host multiple applications. You should explicitly specify a context class loader. For example: Thread.setContextClassLoader(getClass().getClassLoader());
D/dalvikvm(16387): DexOpt: --- END '1510898742191.jar' (success) ---
D/dalvikvm(16387): DEX prep '/data/data/com.andymstone.metronome/cache/1510898742191.jar': unzip in 0ms, rewrite 172ms
D/dalvikvm(16387): GC_CONCURRENT freed 256K, 7% free 4817K/5144K, paused 2ms+1ms, total 6ms
D/dalvikvm(16387): WAIT_FOR_CONCURRENT_GC blocked 3ms
D/dalvikvm(16387): GC_FOR_ALLOC freed 407K, 11% free 4791K/5324K, paused 4ms, total 4ms
I/dalvikvm-heap(16387): Grow heap (frag case) to 5.577MB for 882012-byte allocation
D/dalvikvm(16387): GC_FOR_ALLOC freed <1K, 9% free 5652K/6188K, paused 4ms, total 4ms
I/System.out(16387): body:<com.stonekick.core.r: java.util.Map e(java.lang.String)>	sig:$r3 = virtualinvoke $r1.<java.net.URL: java.net.URLConnection openConnection()>()	timediff:44
I/System.out(16387): body:<com.stonekick.core.r: java.util.Map e(java.lang.String)>	sig:$r3 = virtualinvoke $r1.<java.net.URL: java.net.URLConnection openConnection()>()	timediff:48
D/dalvikvm(16387): GC_CONCURRENT freed 94K, 8% free 5746K/6188K, paused 1ms+1ms, total 8ms
D/dalvikvm(16387): WAIT_FOR_CONCURRENT_GC blocked 1ms
I/dalvikvm-heap(16387): Grow heap (frag case) to 6.509MB for 882012-byte allocation
D/dalvikvm(16387): GC_FOR_ALLOC freed 870K, 19% free 5737K/7052K, paused 3ms, total 3ms
D/dalvikvm(16387): GC_CONCURRENT freed 604K, 15% free 6037K/7052K, paused 2ms+2ms, total 8ms
W/EGL_emulation(16387): eglSurfaceAttrib not implemented 3093 12436
D/OpenGLRenderer(16387): Enabling debug mode 0
I/dalvikvm(16387): Could not find method android.support.v7.widget.di.drawableHotspotChanged, referenced from method android.support.design.internal.a.drawableHotspotChanged
W/dalvikvm(16387): VFY: unable to resolve virtual method 11195: Landroid/support/v7/widget/di;.drawableHotspotChanged (FF)V
D/dalvikvm(16387): VFY: replacing opcode 0x6f at 0x0000
W/Herrevad(  711): [1056] sjl.a: On wifi, but couldn't get security type
W/DebugConnManager(  711): getNetworkInfo() on networkType 0
W/EGL_emulation(16387): eglSurfaceAttrib not implemented 3093 12436
W/View    (16387): requestLayout() improperly called by android.support.v7.widget.ap{4a845d90 VFED..C. ......ID 456,0-552,81 #7f0f0083 app:id/button1} during layout: running second layout pass
W/View    (16387): requestLayout() improperly called by android.support.v7.widget.ap{4a865e50 VFED..C. ......ID 63,0-262,81 #7f0f0081 app:id/button2} during layout: running second layout pass
W/View    (16387): requestLayout() improperly called by android.support.v7.widget.ap{4a83ec98 VFED..C. ......ID 262,0-456,81 #7f0f0082 app:id/button3} during layout: running second layout pass
D/dalvikvm(16387): GC_FOR_ALLOC freed 458K, 15% free 6059K/7052K, paused 4ms, total 4ms
I/dalvikvm-heap(16387): Grow heap (frag case) to 6.815MB for 882012-byte allocation
D/dalvikvm(16387): GC_FOR_ALLOC freed 861K, 24% free 6059K/7916K, paused 4ms, total 4ms
W/IInputConnectionWrapper(  670): showStatusIcon on inactive InputConnection
W/ContextImpl(  481): Calling a method in the system process without a qualified user: android.app.ContextImpl.sendBroadcast:1123 com.android.server.InputMethodManagerService.hideCurrentInputLocked:1880 com.android.server.InputMethodManagerService.windowGainedFocus:1968 com.android.internal.view.IInputMethodManager$Stub.onTransact:221 com.android.server.InputMethodManagerService.onTransact:818 
I/qtaguid (  711): Tagging socket 253 with tag 3000010500000000(805306629) for uid -1 failed errno=-13
I/NetworkManagementSocketTagger(  711): tagSocketFd(253, 805306629, -1) failed with errno-13
V/NativeCrypto(  711): SSL shutdown failed: ssl=0xb852a948: I/O error during system call, Broken pipe
I/qtaguid (  711): Untagging socket 253 failed errno=-13
W/NetworkManagementSocketTagger(  711): untagSocket(253) failed with errno -13
I/qtaguid (  711): Tagging socket 243 with tag 3000010500000000(805306629) for uid -1 failed errno=-13
I/NetworkManagementSocketTagger(  711): tagSocketFd(243, 805306629, -1) failed with errno-13
I/qtaguid (  711): Untagging socket 243 failed errno=-13
W/NetworkManagementSocketTagger(  711): untagSocket(243) failed with errno -13
I/qtaguid (  711): Tagging socket 169 with tag 3000010500000000(805306629) for uid -1 failed errno=-13
I/NetworkManagementSocketTagger(  711): tagSocketFd(169, 805306629, -1) failed with errno-13
I/qtaguid (  711): Untagging socket 169 failed errno=-13
W/NetworkManagementSocketTagger(  711): untagSocket(169) failed with errno -13
I/qtaguid (  711): Tagging socket 141 with tag 3000010500000000(805306629) for uid -1 failed errno=-13
I/NetworkManagementSocketTagger(  711): tagSocketFd(141, 805306629, -1) failed with errno-13
I/qtaguid (  711): Tagging socket 144 with tag 3000010500000000(805306629) for uid -1 failed errno=-13
I/NetworkManagementSocketTagger(  711): tagSocketFd(144, 805306629, -1) failed with errno-13
I/qtaguid (  711): Untagging socket 144 failed errno=-13
W/NetworkManagementSocketTagger(  711): untagSocket(144) failed with errno -13
I/qtaguid (  711): Tagging socket 144 with tag 3000010500000000(805306629) for uid -1 failed errno=-13
I/NetworkManagementSocketTagger(  711): tagSocketFd(144, 805306629, -1) failed with errno-13
I/qtaguid (  711): Untagging socket 144 failed errno=-13
W/NetworkManagementSocketTagger(  711): untagSocket(144) failed with errno -13
I/qtaguid (  711): Tagging socket 144 with tag 3000010500000000(805306629) for uid -1 failed errno=-13
I/NetworkManagementSocketTagger(  711): tagSocketFd(144, 805306629, -1) failed with errno-13
I/qtaguid (  711): Untagging socket 144 failed errno=-13
W/NetworkManagementSocketTagger(  711): untagSocket(144) failed with errno -13
I/qtaguid (  711): Tagging socket 144 with tag 3000010500000000(805306629) for uid -1 failed errno=-13
I/NetworkManagementSocketTagger(  711): tagSocketFd(144, 805306629, -1) failed with errno-13
I/qtaguid (  711): Untagging socket 144 failed errno=-13
W/NetworkManagementSocketTagger(  711): untagSocket(144) failed with errno -13
I/qtaguid (  711): Tagging socket 144 with tag 3000010500000000(805306629) for uid -1 failed errno=-13
I/NetworkManagementSocketTagger(  711): tagSocketFd(144, 805306629, -1) failed with errno-13
I/qtaguid (  711): Untagging socket 144 failed errno=-13
W/NetworkManagementSocketTagger(  711): untagSocket(144) failed with errno -13
I/qtaguid (  711): Tagging socket 144 with tag 3000010500000000(805306629) for uid -1 failed errno=-13
I/NetworkManagementSocketTagger(  711): tagSocketFd(144, 805306629, -1) failed with errno-13
I/qtaguid (  711): Untagging socket 144 failed errno=-13
W/NetworkManagementSocketTagger(  711): untagSocket(144) failed with errno -13
I/System.out(16387): body:<com.stonekick.core.r: java.util.Map e(java.lang.String)>	sig:$r4 = virtualinvoke $r3.<java.net.URLConnection: java.io.InputStream getInputStream()>()	timediff:196
I/System.out(16387): body:<empirical.HelperClass: void printURLInfo(java.lang.String,java.lang.String,java.net.URLConnection)>	sig:$r0 = virtualinvoke urlConnection.<java.net.URLConnection: java.net.URL getURL()>()	timediff:0
I/System.out(16387): body:<empirical.HelperClass: void printURLInfo(java.lang.String,java.lang.String,java.net.URLConnection)>	sig:urlString = virtualinvoke $r0.<java.net.URL: java.lang.String toString()>()	timediff:0
I/System.out(16387): body:<empirical.HelperClass: void printURLInfo(java.lang.String,java.lang.String,java.net.URLConnection)>	sig:isDoOutput = virtualinvoke urlConnection.<java.net.URLConnection: boolean getDoOutput()>()	timediff:0
I/System.out(16387): body:<empirical.HelperClass: java.lang.String getHeaderField(java.net.URLConnection,java.lang.String)>	sig:data = virtualinvoke conn.<java.net.URLConnection: java.lang.String getHeaderField(java.lang.String)>(field)	timediff:0
I/System.out(16387): body:<empirical.HelperClass: java.lang.String getHeaderField(java.net.URLConnection,java.lang.String)>	sig:data = virtualinvoke conn.<java.net.URLConnection: java.lang.String getHeaderField(java.lang.String)>(field)	timediff:0
I/System.out(16387): body:<empirical.HelperClass: java.lang.String getHeaderField(java.net.URLConnection,java.lang.String)>	sig:data = virtualinvoke conn.<java.net.URLConnection: java.lang.String getHeaderField(java.lang.String)>(field)	timediff:0
I/System.out(16387): body:<empirical.HelperClass: java.lang.String getHeaderField(java.net.URLConnection,java.lang.String)>	sig:data = virtualinvoke conn.<java.net.URLConnection: java.lang.String getHeaderField(java.lang.String)>(field)	timediff:0
I/System.out(16387): body:<empirical.HelperClass: java.lang.String getHeaderField(java.net.URLConnection,java.lang.String)>	sig:data = virtualinvoke conn.<java.net.URLConnection: java.lang.String getHeaderField(java.lang.String)>(field)	timediff:0
I/System.out(16387): URLConn;%;0;%;<com.stonekick.core.r: java.util.Map e(java.lang.String)>;%;$r4 = virtualinvoke $r3.<java.net.URLConnection: java.io.InputStream getInputStream()>();%;http://settings.stonekick.com/metronome_settings_3_5_2.json;%;false;%;264;%;Not found;%;Not found;%;Not found;%;Not found
I/System.out(16387): body:<com.stonekick.core.r: java.util.Map e(java.lang.String)>	sig:$r4 = virtualinvoke $r3.<java.net.URLConnection: java.io.InputStream getInputStream()>()	timediff:195
I/System.out(16387): body:<empirical.HelperClass: void printURLInfo(java.lang.String,java.lang.String,java.net.URLConnection)>	sig:$r0 = virtualinvoke urlConnection.<java.net.URLConnection: java.net.URL getURL()>()	timediff:0
I/System.out(16387): body:<empirical.HelperClass: void printURLInfo(java.lang.String,java.lang.String,java.net.URLConnection)>	sig:urlString = virtualinvoke $r0.<java.net.URL: java.lang.String toString()>()	timediff:0
I/System.out(16387): body:<empirical.HelperClass: void printURLInfo(java.lang.String,java.lang.String,java.net.URLConnection)>	sig:isDoOutput = virtualinvoke urlConnection.<java.net.URLConnection: boolean getDoOutput()>()	timediff:0
I/System.out(16387): body:<empirical.HelperClass: java.lang.String getHeaderField(java.net.URLConnection,java.lang.String)>	sig:data = virtualinvoke conn.<java.net.URLConnection: java.lang.String getHeaderField(java.lang.String)>(field)	timediff:0
I/System.out(16387): body:<empirical.HelperClass: java.lang.String getHeaderField(java.net.URLConnection,java.lang.String)>	sig:data = virtualinvoke conn.<java.net.URLConnection: java.lang.String getHeaderField(java.lang.String)>(field)	timediff:0
I/System.out(16387): body:<empirical.HelperClass: java.lang.String getHeaderField(java.net.URLConnection,java.lang.String)>	sig:data = virtualinvoke conn.<java.net.URLConnection: java.lang.String getHeaderField(java.lang.String)>(field)	timediff:0
I/System.out(16387): body:<empirical.HelperClass: java.lang.String getHeaderField(java.net.URLConnection,java.lang.String)>	sig:data = virtualinvoke conn.<java.net.URLConnection: java.lang.String getHeaderField(java.lang.String)>(field)	timediff:0
I/System.out(16387): body:<empirical.HelperClass: java.lang.String getHeaderField(java.net.URLConnection,java.lang.String)>	sig:data = virtualinvoke conn.<java.net.URLConnection: java.lang.String getHeaderField(java.lang.String)>(field)	timediff:0
I/System.out(16387): URLConn;%;1;%;<com.stonekick.core.r: java.util.Map e(java.lang.String)>;%;$r4 = virtualinvoke $r3.<java.net.URLConnection: java.io.InputStream getInputStream()>();%;http://settings.stonekick.com/metronome_settings_3_5_2.json;%;false;%;264;%;Not found;%;Not found;%;Not found;%;Not found
D/dalvikvm(16387): GC_CONCURRENT freed 788K, 21% free 6269K/7916K, paused 1ms+1ms, total 5ms
I/chromium(16387): [INFO:simple_index_file.cc(397)] Simple Cache Index is being restored from disk.
I/ActivityManager(  481): Displayed com.andymstone.metronome/.MetronomeBeatsActivity: +680ms
W/EGL_emulation(16387): eglSurfaceAttrib not implemented 3093 12436
I/WindowManager(  481): Screen frozen for +735ms due to Window{4ade174c u0 Metronome Beats}
I/ActivityManager(  481): START u0 {act=android.intent.action.CALL_BUTTON flg=0x10000000} from pid 16387
W/PhoneFallbackEventHandler(16387): No activity found for android.intent.action.CALL_BUTTON.
I/chromium(16387): [INFO:CONSOLE(7)] "Creating Application Cache with manifest https://googleads.g.doubleclick.net/mads/static/mad/sdk/native/sdk-core-v40-loader.appcache", source: https://googleads.g.doubleclick.net/mads/static/mad/sdk/native/sdk-core-v40-loader.html (7)
I/chromium(16387): [INFO:CONSOLE(7)] "Application Cache Checking event", source: https://googleads.g.doubleclick.net/mads/static/mad/sdk/native/sdk-core-v40-loader.html (7)
I/chromium(16387): [INFO:CONSOLE(7)] "Application Cache Downloading event", source: https://googleads.g.doubleclick.net/mads/static/mad/sdk/native/sdk-core-v40-loader.html (7)
I/chromium(16387): [INFO:CONSOLE(0)] "Application Cache Progress event (0 of 1) https://googleads.g.doubleclick.net/mads/static/mad/sdk/native/production/sdk-core-v40-impl.js", source: https://googleads.g.doubleclick.net/mads/static/mad/sdk/native/sdk-core-v40-loader.html (0)
W/EGL_emulation(16387): eglSurfaceAttrib not implemented 3093 12436
W/InputEventReceiver(16387): Attempted to finish an input event but the input event receiver has already been disposed.
W/InputEventReceiver(16387): Attempted to finish an input event but the input event receiver has already been disposed.
W/ViewRootImpl(16387): Dropping event due to root view being removed: MotionEvent { action=ACTION_UP, id[0]=0, x[0]=628.19037, y[0]=74.31085, toolType[0]=TOOL_TYPE_UNKNOWN, buttonState=0, metaState=0, flags=0x0, edgeFlags=0x0, pointerCount=1, historySize=0, eventTime=1002606, downTime=1002606, deviceId=0, source=0x1002 }
W/ViewRootImpl(16387): Dropping event due to no window focus: KeyEvent { action=ACTION_DOWN, keyCode=KEYCODE_DPAD_CENTER, scanCode=0, metaState=0, flags=0x8, repeatCount=0, eventTime=1002611, downTime=1002611, deviceId=-1, source=0x101 }
W/ContextImpl(  481): Calling a method in the system process without a qualified user: android.app.ContextImpl.sendBroadcast:1123 com.android.server.InputMethodManagerService.hideCurrentInputLocked:1880 com.android.server.InputMethodManagerService.windowGainedFocus:1968 com.android.internal.view.IInputMethodManager$Stub.onTransact:221 com.android.server.InputMethodManagerService.onTransact:818 
I/qtaguid (  711): Untagging socket 141 failed errno=-13
W/NetworkManagementSocketTagger(  711): untagSocket(141) failed with errno -13
I/ActivityManager(  481): START u0 {act=android.intent.action.MAIN cat=[android.intent.category.LAUNCHER] flg=0x10200000 cmp=com.andymstone.metronome/.MetronomeBeatsActivity} from pid 16377
D/dalvikvm(16387): GC_CONCURRENT freed 724K, 16% free 6705K/7916K, paused 1ms+2ms, total 8ms
D/dalvikvm(16387): WAIT_FOR_CONCURRENT_GC blocked 7ms
I/Ads     (16387): Trying mediation network: https://googleads.g.doubleclick.net/aclk?sa=L&ai=C6R9OotbWWpSbCcHivgK8_rP4DvnJ2qYF0e-FupIBABAIIPGFiSJgyd7ohsijkBmpAgAAAACAhC5BqAMBqgQgT9A8eSnHxoTS_o2oFaik3o_miTEkxWcbzgNWl7aRqtOQBgHABguAB4H4qTCYBwHSCAcIgGEQARgC&num=1&cid=CAASBORoXLs&sig=AOD64_1VgiLiEQ1gaSXQ1Jcr_kZ4MlGx3g&adurl=http://example.com
I/chromium(16387): [INFO:CONSOLE(0)] "Application Cache Progress event (1 of 1) ", source: https://googleads.g.doubleclick.net/mads/static/mad/sdk/native/sdk-core-v40-loader.html (0)
I/chromium(16387): [INFO:CONSOLE(0)] "Application Cache Cached event", source: https://googleads.g.doubleclick.net/mads/static/mad/sdk/native/sdk-core-v40-loader.html (0)
I/Ads     (16387): Instantiating mediation adapter: com.google.ads.mediation.customevent.CustomEventAdapter
I/System.out(16387): body:<com.amazon.device.ads.WebUtils: java.lang.String getURLEncodedString(java.lang.String)>	sig:$r1 = staticinvoke <java.net.URLEncoder: java.lang.String encode(java.lang.String,java.lang.String)>($r0, "UTF-8")	timediff:0
I/System.out(16387): body:<com.amazon.device.ads.WebUtils: java.lang.String getURLEncodedString(java.lang.String)>	sig:$r1 = staticinvoke <java.net.URLEncoder: java.lang.String encode(java.lang.String,java.lang.String)>($r0, "UTF-8")	timediff:0
I/System.out(16387): body:<com.amazon.device.ads.WebUtils: java.lang.String getURLEncodedString(java.lang.String)>	sig:$r1 = staticinvoke <java.net.URLEncoder: java.lang.String encode(java.lang.String,java.lang.String)>($r0, "UTF-8")	timediff:0
I/System.out(16387): body:<com.amazon.device.ads.WebUtils: java.lang.String getURLEncodedString(java.lang.String)>	sig:$r1 = staticinvoke <java.net.URLEncoder: java.lang.String encode(java.lang.String,java.lang.String)>($r0, "UTF-8")	timediff:0
I/System.out(16387): body:<com.amazon.device.ads.WebUtils: java.lang.String getURLEncodedString(java.lang.String)>	sig:$r1 = staticinvoke <java.net.URLEncoder: java.lang.String encode(java.lang.String,java.lang.String)>($r0, "UTF-8")	timediff:0
I/System.out(16387): body:<com.amazon.device.ads.WebUtils: java.lang.String getURLEncodedString(java.lang.String)>	sig:$r1 = staticinvoke <java.net.URLEncoder: java.lang.String encode(java.lang.String,java.lang.String)>($r0, "UTF-8")	timediff:0
I/System.out(16387): body:<com.amazon.device.ads.WebUtils: java.lang.String getURLEncodedString(java.lang.String)>	sig:$r1 = staticinvoke <java.net.URLEncoder: java.lang.String encode(java.lang.String,java.lang.String)>($r0, "UTF-8")	timediff:0
I/System.out(16387): body:<com.amazon.device.ads.WebUtils: java.lang.String getURLEncodedString(java.lang.String)>	sig:$r1 = staticinvoke <java.net.URLEncoder: java.lang.String encode(java.lang.String,java.lang.String)>($r0, "UTF-8")	timediff:0
I/System.out(16387): body:<com.amazon.device.ads.WebUtils: java.lang.String getURLEncodedString(java.lang.String)>	sig:$r1 = staticinvoke <java.net.URLEncoder: java.lang.String encode(java.lang.String,java.lang.String)>($r0, "UTF-8")	timediff:0
I/System.out(16387): body:<com.amazon.device.ads.WebUtils: java.lang.String getURLEncodedString(java.lang.String)>	sig:$r1 = staticinvoke <java.net.URLEncoder: java.lang.String encode(java.lang.String,java.lang.String)>($r0, "UTF-8")	timediff:0
I/System.out(16387): body:<com.amazon.device.ads.WebUtils: java.lang.String getURLEncodedString(java.lang.String)>	sig:$r1 = staticinvoke <java.net.URLEncoder: java.lang.String encode(java.lang.String,java.lang.String)>($r0, "UTF-8")	timediff:0
I/System.out(16387): body:<com.amazon.device.ads.WebUtils: java.lang.String getURLEncodedString(java.lang.String)>	sig:$r1 = staticinvoke <java.net.URLEncoder: java.lang.String encode(java.lang.String,java.lang.String)>($r0, "UTF-8")	timediff:0
I/System.out(16387): body:<com.amazon.device.ads.WebUtils: java.lang.String getURLEncodedString(java.lang.String)>	sig:$r1 = staticinvoke <java.net.URLEncoder: java.lang.String encode(java.lang.String,java.lang.String)>($r0, "UTF-8")	timediff:0
I/System.out(16387): body:<com.amazon.device.ads.WebRequest: java.net.URL createURL(java.lang.String)>	sig:specialinvoke $r2.<java.net.URL: void <init>(java.lang.String)>($r1)	timediff:0
I/System.out(16387): <com.amazon.device.ads.WebRequest: java.net.URL createURL(java.lang.String)>###specialinvoke $r2.<java.net.URL: void <init>(java.lang.String)>($r1)###https://mads.amazon-adsystem.com/msdk/getConfig?appId=3bc5b2f9e90241718fec72923daca990&sdkVer=amznAdSDK-android-5.7.2&idfa=3ae8f2f4-1b58-4ed6-816b-3ee6c7e3745e&dinfo=%7B%22scalingFactor%22%3A%221.5%22%2C%22os%22%3A%22Android%22%2C%22model%22%3A%22SM-G955N%22%2C%22osVersion%22%3A%224.4.2%22%2C%22carrier%22%3A%22T-Mobile%22%2C%22language%22%3A%22en%22%2C%22make%22%3A%22samsung%22%2C%22country%22%3A%22US%22%7D&fp=false
I/System.out(16387): body:<com.amazon.device.ads.HttpURLConnectionWebRequest: java.net.HttpURLConnection openConnection(java.net.URL)>	sig:$r2 = virtualinvoke $r1.<java.net.URL: java.net.URLConnection openConnection()>()	timediff:1
I/System.out(16387): body:<com.amazon.device.ads.HttpURLConnectionWebRequest: void setupRequestProperties(java.net.HttpURLConnection)>	sig:virtualinvoke $r1.<java.net.HttpURLConnection: void setRequestMethod(java.lang.String)>($r3)	timediff:0
I/System.out(16387): body:<com.amazon.device.ads.HttpURLConnectionWebRequest: void setupRequestProperties(java.net.HttpURLConnection)>	sig:virtualinvoke $r1.<java.net.HttpURLConnection: void setRequestProperty(java.lang.String,java.lang.String)>($r3, $r9)	timediff:0
I/System.out(16387): body:<com.amazon.device.ads.HttpURLConnectionWebRequest: void setupRequestProperties(java.net.HttpURLConnection)>	sig:virtualinvoke $r1.<java.net.HttpURLConnection: void setConnectTimeout(int)>($i0)	timediff:0
I/System.out(16387): body:<com.amazon.device.ads.HttpURLConnectionWebRequest: void setupRequestProperties(java.net.HttpURLConnection)>	sig:virtualinvoke $r1.<java.net.HttpURLConnection: void setReadTimeout(int)>($i0)	timediff:0
I/System.out(16387): body:<com.amazon.device.ads.HttpURLConnectionWebRequest: void setupRequestProperties(java.net.HttpURLConnection)>	sig:$r15 = virtualinvoke $r1.<java.net.HttpURLConnection: java.net.URL getURL()>()	timediff:0
I/System.out(16387): body:<com.amazon.device.ads.HttpURLConnectionWebRequest: void setupRequestProperties(java.net.HttpURLConnection)>	sig:$r9 = virtualinvoke $r15.<java.net.URL: java.lang.String toString()>()	timediff:0
I/System.out(16387): body:<com.amazon.device.ads.HttpURLConnectionWebRequest: void setupRequestProperties(java.net.HttpURLConnection)>	sig:virtualinvoke $r1.<java.net.HttpURLConnection: void setDoOutput(boolean)>(0)	timediff:0
D/dalvikvm(  641): GC_CONCURRENT freed 1252K, 18% free 6815K/8288K, paused 1ms+1ms, total 22ms
W/EGL_emulation(16387): eglSurfaceAttrib not implemented 3093 12436
W/ViewRootImpl(16387): Dropping event due to no window focus: KeyEvent { action=ACTION_DOWN, keyCode=KEYCODE_DPAD_LEFT, scanCode=0, metaState=0, flags=0x8, repeatCount=0, eventTime=1002919, downTime=1002919, deviceId=-1, source=0x101 }
D/dalvikvm(16387): GC_CONCURRENT freed 985K, 13% free 7016K/8060K, paused 2ms+1ms, total 13ms
W/ViewRootImpl(16387): Dropping event due to no window focus: KeyEvent { action=ACTION_DOWN, keyCode=KEYCODE_DPAD_UP, scanCode=0, metaState=0, flags=0x8, repeatCount=0, eventTime=1002933, downTime=1002933, deviceId=-1, source=0x101 }
I/ActivityManager(  481): START u0 {act=android.intent.action.MAIN cat=[android.intent.category.HOME] flg=0x10200000 cmp=com.vphone.launcher/.Launcher} from pid 481
W/InputMethodManagerService(  481): Window already focused, ignoring focus gain of: com.android.internal.view.IInputMethodClient$Stub$Proxy@4a9c2394 attribute=null, token = android.os.BinderProxy@4aa8e238
I/System.out(16387): body:<com.amazon.device.ads.HttpURLConnectionWebRequest: com.amazon.device.ads.WebRequest$WebResponse doHttpNetworkCall(java.net.URL)>	sig:virtualinvoke $r2.<java.net.HttpURLConnection: void connect()>()	timediff:245
I/System.out(16387): body:<com.amazon.device.ads.HttpURLConnectionWebRequest: com.amazon.device.ads.WebRequest$WebResponse prepareResponse(java.net.HttpURLConnection)>	sig:$i0 = virtualinvoke $r1.<java.net.HttpURLConnection: int getResponseCode()>()	timediff:79
I/System.out(16387): body:<com.amazon.device.ads.HttpURLConnectionWebRequest: com.amazon.device.ads.WebRequest$WebResponse prepareResponse(java.net.HttpURLConnection)>	sig:$r3 = virtualinvoke $r1.<java.net.HttpURLConnection: java.lang.String getResponseMessage()>()	timediff:0
I/System.out(16387): body:<com.amazon.device.ads.HttpURLConnectionWebRequest: com.amazon.device.ads.WebRequest$WebResponse prepareResponse(java.net.HttpURLConnection)>	sig:$r4 = virtualinvoke $r1.<java.net.HttpURLConnection: java.io.InputStream getInputStream()>()	timediff:0
I/System.out(16387): body:<empirical.HelperClass: void printURLInfo(java.lang.String,java.lang.String,java.net.URLConnection)>	sig:$r0 = virtualinvoke urlConnection.<java.net.URLConnection: java.net.URL getURL()>()	timediff:0
I/System.out(16387): body:<empirical.HelperClass: void printURLInfo(java.lang.String,java.lang.String,java.net.URLConnection)>	sig:urlString = virtualinvoke $r0.<java.net.URL: java.lang.String toString()>()	timediff:0
I/System.out(16387): body:<empirical.HelperClass: void printURLInfo(java.lang.String,java.lang.String,java.net.URLConnection)>	sig:isDoOutput = virtualinvoke urlConnection.<java.net.URLConnection: boolean getDoOutput()>()	timediff:0
I/System.out(16387): body:<empirical.HelperClass: java.lang.String getHeaderField(java.net.URLConnection,java.lang.String)>	sig:data = virtualinvoke conn.<java.net.URLConnection: java.lang.String getHeaderField(java.lang.String)>(field)	timediff:0
I/System.out(16387): body:<empirical.HelperClass: java.lang.String getHeaderField(java.net.URLConnection,java.lang.String)>	sig:data = virtualinvoke conn.<java.net.URLConnection: java.lang.String getHeaderField(java.lang.String)>(field)	timediff:0
I/System.out(16387): body:<empirical.HelperClass: java.lang.String getHeaderField(java.net.URLConnection,java.lang.String)>	sig:data = virtualinvoke conn.<java.net.URLConnection: java.lang.String getHeaderField(java.lang.String)>(field)	timediff:0
I/System.out(16387): body:<empirical.HelperClass: java.lang.String getHeaderField(java.net.URLConnection,java.lang.String)>	sig:data = virtualinvoke conn.<java.net.URLConnection: java.lang.String getHeaderField(java.lang.String)>(field)	timediff:0
I/System.out(16387): body:<empirical.HelperClass: java.lang.String getHeaderField(java.net.URLConnection,java.lang.String)>	sig:data = virtualinvoke conn.<java.net.URLConnection: java.lang.String getHeaderField(java.lang.String)>(field)	timediff:0
I/System.out(16387): URLConn;%;2;%;<com.amazon.device.ads.HttpURLConnectionWebRequest: com.amazon.device.ads.WebRequest$WebResponse prepareResponse(java.net.HttpURLConnection)>;%;$r4 = virtualinvoke $r1.<java.net.HttpURLConnection: java.io.InputStream getInputStream()>();%;https://mads.amazon-adsystem.com/msdk/getConfig?appId=3bc5b2f9e90241718fec72923daca990&sdkVer=amznAdSDK-android-5.7.2&idfa=3ae8f2f4-1b58-4ed6-816b-3ee6c7e3745e&dinfo=%7B%22scalingFactor%22%3A%221.5%22%2C%22os%22%3A%22Android%22%2C%22model%22%3A%22SM-G955N%22%2C%22osVersion%22%3A%224.4.2%22%2C%22carrier%22%3A%22T-Mobile%22%2C%22language%22%3A%22en%22%2C%22make%22%3A%22samsung%22%2C%22country%22%3A%22US%22%7D&fp=false;%;false;%;Not found;%;Not found;%;Not found;%;Not found;%;Not found
I/System.out(16387): body:<com.amazon.device.ads.HttpURLConnectionWebRequest: void closeConnection()>	sig:virtualinvoke $r1.<java.net.HttpURLConnection: void disconnect()>()	timediff:0
