E/AudioTrack(  464): AudioFlinger could not create track, status: -12
W/ContextImpl(  464): Calling a method in the system process without a qualified user: android.app.ContextImpl.sendBroadcast:1123 com.android.server.InputMethodManagerService.hideCurrentInputLocked:1880 com.android.server.InputMethodManagerService.hideSoftInput:1843 com.android.internal.view.IInputMethodManager$Stub.onTransact:194 com.android.server.InputMethodManagerService.onTransact:818 
E/SoundPool(  464): Error creating AudioTrack
I/ActivityManager(  464): START u0 {act=com.google.android.gms.plus.action.SIGN_UP cmp=com.google.android.gms/.plus.activity.AccountSignUpActivity (has extras)} from pid -1
E/AudioFlinger(  170): no more track names available
E/AudioTrack(  464): AudioFlinger could not create track, status: -12
E/SoundPool(  464): Error creating AudioTrack
E/AudioFlinger(  170): no more track names available
E/AudioTrack(  464): AudioFlinger could not create track, status: -12
E/SoundPool(  464): Error creating AudioTrack
V/FlingTracker(  532): computeCurrentVelocity warning: totalweight=0
V/FlingTracker(  532): java.lang.Throwable
V/FlingTracker(  532): 	at com.android.systemui.statusbar.phone.PanelView$FlingTracker.computeCurrentVelocity(PanelView.java:162)
V/FlingTracker(  532): 	at com.android.systemui.statusbar.phone.PanelView$3.onTouch(PanelView.java:462)
V/FlingTracker(  532): 	at android.view.View.dispatchTouchEvent(View.java:7701)
V/FlingTracker(  532): 	at com.android.systemui.statusbar.phone.NotificationPanelView.onTouchEvent(NotificationPanelView.java:138)
V/FlingTracker(  532): 	at com.android.systemui.statusbar.phone.PanelBar.onTouchEvent(PanelBar.java:130)
V/FlingTracker(  532): 	at com.android.systemui.statusbar.phone.PhoneStatusBarView.onTouchEvent(PhoneStatusBarView.java:201)
V/FlingTracker(  532): 	at android.view.View.dispatchTouchEvent(View.java:7706)
V/FlingTracker(  532): 	at android.view.ViewGroup.dispatchTransformedTouchEvent(ViewGroup.java:2210)
V/FlingTracker(  532): 	at android.view.ViewGroup.dispatchTouchEvent(ViewGroup.java:1945)
V/FlingTracker(  532): 	at android.view.ViewGroup.dispatchTransformedTouchEvent(ViewGroup.java:2216)
V/FlingTracker(  532): 	at android.view.ViewGroup.dispatchTouchEvent(ViewGroup.java:1959)
V/FlingTracker(  532): 	at android.view.View.dispatchPointerEvent(View.java:7886)
V/FlingTracker(  532): 	at android.view.ViewRootImpl$ViewPostImeInputStage.processPointerEvent(ViewRootImpl.java:3978)
V/FlingTracker(  532): 	at android.view.ViewRootImpl$ViewPostImeInputStage.onProcess(ViewRootImpl.java:3857)
V/FlingTracker(  532): 	at android.view.ViewRootImpl$InputStage.deliver(ViewRootImpl.java:3423)
V/FlingTracker(  532): 	at android.view.ViewRootImpl$InputStage.onDeliverToNext(ViewRootImpl.java:3473)
V/FlingTracker(  532): 	at android.view.ViewRootImpl$InputStage.forward(ViewRootImpl.java:3442)
V/FlingTracker(  532): 	at android.view.ViewRootImpl$AsyncInputStage.forward(ViewRootImpl.java:3549)
V/FlingTracker(  532): 	at android.view.ViewRootImpl$InputStage.apply(ViewRootImpl.java:3450)
V/FlingTracker(  532): 	at android.view.ViewRootImpl$AsyncInputStage.apply(ViewRootImpl.java:3606)
V/FlingTracker(  532): 	at android.view.ViewRootImpl$InputStage.deliver(ViewRootImpl.java:3423)
V/FlingTracker(  532): 	at android.view.ViewRootImpl$InputStage.onDeliverToNext(ViewRootImpl.java:3473)
V/FlingTracker(  532): 	at android.view.ViewRootImpl$InputStage.forward(ViewRootImpl.java:3442)
V/FlingTracker(  532): 	at android.view.ViewRootImpl$InputStage.apply(ViewRootImpl.java:3450)
V/FlingTracker(  532): 	at android.view.ViewRootImpl$InputStage.deliver(ViewRootImpl.java:3423)
V/FlingTracker(  532): 	at android.view.ViewRootImpl.deliverInputEvent(ViewRootImpl.java:5626)
V/FlingTracker(  532): 	at android.view.ViewRootImpl.doProcessInputEvents(ViewRootImpl.java:5606)
V/FlingTracker(  532): 	at android.view.ViewRootImpl.enqueueInputEvent(ViewRootImpl.java:5577)
V/FlingTracker(  532): 	at android.view.ViewRootImpl$WindowInputEventReceiver.onInputEvent(ViewRootImpl.java:5706)
V/FlingTracker(  532): 	at android.view.InputEventReceiver.dispatchInputEvent(InputEventReceiver.java:185)
V/FlingTracker(  532): 	at android.os.MessageQueue.nativePollOnce(Native Method)
V/FlingTracker(  532): 	at android.os.MessageQueue.next(MessageQueue.java:138)
V/FlingTracker(  532): 	at android.os.Looper.loop(Looper.java:123)
V/FlingTracker(  532): 	at android.app.ActivityThread.main(ActivityThread.java:5019)
V/FlingTracker(  532): 	at java.lang.reflect.Method.invokeNative(Native Method)
V/FlingTracker(  532): 	at java.lang.reflect.Method.invoke(Method.java:515)
V/FlingTracker(  532): 	at com.android.internal.os.ZygoteInit$MethodAndArgsCaller.run(ZygoteInit.java:779)
V/FlingTracker(  532): 	at com.android.internal.os.ZygoteInit.main(ZygoteInit.java:595)
V/FlingTracker(  532): 	at dalvik.system.NativeStart.main(Native Method)
V/PanelView(  532): animationTick called with dtms=0; nothing to do (h=0.0 v=0.0)
V/PanelView(  532): animationTick called with dtms=0; nothing to do (h=0.0 v=0.0)
W/EGL_emulation(26306): eglSurfaceAttrib not implemented 3093 12436
E/AudioFlinger(  170): no more track names available
E/AudioTrack(  464): AudioFlinger could not create track, status: -12
E/SoundPool(  464): Error creating AudioTrack
V/InputMethodService(  644): onEvaluateInputViewShown: config.hardKeyboardHidden = 1
W/ContextImpl(  464): Calling a method in the system process without a qualified user: android.app.ContextImpl.sendBroadcast:1123 com.android.server.InputMethodManagerService.showCurrentInputLocked:1791 com.android.server.InputMethodManagerService.showSoftInput:1753 com.android.internal.view.IInputMethodManager$Stub.onTransact:175 com.android.server.InputMethodManagerService.onTransact:818 
W/EGL_emulation(26306): eglSurfaceAttrib not implemented 3093 12436
E/AudioFlinger(  170): no more track names available
E/AudioTrack(  464): AudioFlinger could not create track, status: -12
E/SoundPool(  464): Error creating AudioTrack
V/InputMethodService(  644): onEvaluateInputViewShown: config.hardKeyboardHidden = 1
W/ContextImpl(  464): Calling a method in the system process without a qualified user: android.app.ContextImpl.sendBroadcast:1123 com.android.server.InputMethodManagerService.showCurrentInputLocked:1791 com.android.server.InputMethodManagerService.attachNewInputLocked:1095 com.android.server.InputMethodManagerService.startInputUncheckedLocked:1166 com.android.server.InputMethodManagerService.startInputLocked:1128 
E/AudioFlinger(  170): no more track names available
E/AudioTrack(  464): AudioFlinger could not create track, status: -12
E/SoundPool(  464): Error creating AudioTrack
V/InputMethodService(  644): onEvaluateInputViewShown: config.hardKeyboardHidden = 1
W/ContextImpl(  464): Calling a method in the system process without a qualified user: android.app.ContextImpl.sendBroadcast:1123 com.android.server.InputMethodManagerService.showCurrentInputLocked:1791 com.android.server.InputMethodManagerService.attachNewInputLocked:1095 com.android.server.InputMethodManagerService.startInputUncheckedLocked:1166 com.android.server.InputMethodManagerService.startInputLocked:1128 
E/AudioFlinger(  170): no more track names available
E/AudioTrack(  464): AudioFlinger could not create track, status: -12
V/InputMethodService(  644): onEvaluateInputViewShown: config.hardKeyboardHidden = 1
W/ContextImpl(  464): Calling a method in the system process without a qualified user: android.app.ContextImpl.sendBroadcast:1123 com.android.server.InputMethodManagerService.showCurrentInputLocked:1791 com.android.server.InputMethodManagerService.attachNewInputLocked:1095 com.android.server.InputMethodManagerService.startInputUncheckedLocked:1166 com.android.server.InputMethodManagerService.startInputLocked:1128 
E/SoundPool(  464): Error creating AudioTrack
W/FFmpegExtractor(  170): sniff through BetterSniffFFMPEG failed, try LegacySniffFFMPEG
E/FFmpegExtractor(  170): /data/app/com.stitcher.app-1.apk: avformat_open_input failed, err:Invalid data found when processing input
E/AudioFlinger(  170): no more track names available
E/AudioTrack(  170): AudioFlinger could not create track, status: -12
E/AudioSink(  170): Unable to create audio track
E/MediaPlayer(26306): error (-19, 0)
I/MediaFocusControl(  464):  AudioFocus  abandonAudioFocus() from android.media.AudioManager@4a81075ccom.stitcher.services.PlaybackService@4aa6eee0
I/MediaFocusControl(  464):   Remote Control   unregisterMediaButtonIntent() for PendingIntent{4b1b86f4: PendingIntentRecord{4b1b86d8 com.stitcher.app broadcastIntent}}
I/System.out(26306): body:<com.stitcher.utils.DataUtils: java.lang.String urlEncode(java.lang.String)>	sig:$r3 = staticinvoke <java.net.URLEncoder: java.lang.String encode(java.lang.String,java.lang.String)>($r0, "UTF-8")	timediff:1
E/MediaPlayer(26306): Should have subtitle controller already set
E/MediaPlayer(26306): Error (-19,0)
W/ContextImpl(  464): Calling a method in the system process without a qualified user: android.app.ContextImpl.sendBroadcast:1123 com.android.server.InputMethodManagerService.hideCurrentInputLocked:1880 com.android.server.InputMethodManagerService.hideSoftInput:1843 com.android.internal.view.IInputMethodManager$Stub.onTransact:194 com.android.server.InputMethodManagerService.onTransact:818 
E/AudioFlinger(  170): no more track names available
E/AudioTrack(  464): AudioFlinger could not create track, status: -12
E/SoundPool(  464): Error creating AudioTrack
I/ActivityManager(  464): START u0 {act=com.google.android.gms.plus.action.SIGN_UP cmp=com.google.android.gms/.plus.activity.AccountSignUpActivity (has extras)} from pid -1
E/AudioFlinger(  170): no more track names available
E/AudioTrack(  464): AudioFlinger could not create track, status: -12
E/SoundPool(  464): Error creating AudioTrack
W/EGL_emulation(26306): eglSurfaceAttrib not implemented 3093 12436
E/AudioFlinger(  170): no more track names available
E/AudioTrack(  464): AudioFlinger could not create track, status: -12
E/SoundPool(  464): Error creating AudioTrack
V/PanelView(  532): animationTick called with dtms=0; nothing to do (h=0.0 v=-0.0)
E/AudioFlinger(  170): no more track names available
E/AudioTrack(  464): AudioFlinger could not create track, status: -12
E/SoundPool(  464): Error creating AudioTrack
E/AudioFlinger(  170): no more track names available
E/AudioTrack(  464): AudioFlinger could not create track, status: -12
E/SoundPool(  464): Error creating AudioTrack
D/FiksuTracking(26306): Event: Launch
I/System.out(26306): body:<com.fiksu.asotracking.EventUploader: java.lang.String encodeParameter(java.lang.String)>	sig:$r1 = staticinvoke <java.net.URLEncoder: java.lang.String encode(java.lang.String,java.lang.String)>($r1, "UTF-8")	timediff:0
I/System.out(26306): body:<com.fiksu.asotracking.EventUploader: java.lang.String encodeParameter(java.lang.String)>	sig:$r1 = staticinvoke <java.net.URLEncoder: java.lang.String encode(java.lang.String,java.lang.String)>($r1, "UTF-8")	timediff:0
I/System.out(26306): body:<com.fiksu.asotracking.EventUploader: java.lang.String encodeParameter(java.lang.String)>	sig:$r1 = staticinvoke <java.net.URLEncoder: java.lang.String encode(java.lang.String,java.lang.String)>($r1, "UTF-8")	timediff:0
I/System.out(26306): body:<com.fiksu.asotracking.EventUploader: java.lang.String encodeParameter(java.lang.String)>	sig:$r1 = staticinvoke <java.net.URLEncoder: java.lang.String encode(java.lang.String,java.lang.String)>($r1, "UTF-8")	timediff:0
I/System.out(26306): body:<com.fiksu.asotracking.EventUploader: java.lang.String encodeParameter(java.lang.String)>	sig:$r1 = staticinvoke <java.net.URLEncoder: java.lang.String encode(java.lang.String,java.lang.String)>($r1, "UTF-8")	timediff:0
I/System.out(26306): body:<com.fiksu.asotracking.EventUploader: java.lang.String encodeParameter(java.lang.String)>	sig:$r1 = staticinvoke <java.net.URLEncoder: java.lang.String encode(java.lang.String,java.lang.String)>($r1, "UTF-8")	timediff:0
I/System.out(26306): body:<com.fiksu.asotracking.EventUploader: java.lang.String encodeParameter(java.lang.String)>	sig:$r1 = staticinvoke <java.net.URLEncoder: java.lang.String encode(java.lang.String,java.lang.String)>($r1, "UTF-8")	timediff:0
I/System.out(26306): body:<com.fiksu.asotracking.EventUploader: boolean doUpload(java.lang.String)>	sig:specialinvoke $r3.<java.net.URL: void <init>(java.lang.String)>($r1)	timediff:0
I/System.out(26306): <com.fiksu.asotracking.EventUploader: boolean doUpload(java.lang.String)>###specialinvoke $r3.<java.net.URL: void <init>(java.lang.String)>($r1)###https://asotrack1.fluentmobile.com/28663/android/com.stitcher.app/event?appid=com.stitcher.app&deviceid=354730040445623&udid=2c56dc4e22145808&device=SM-G955N&app_version=3.4.5&app_name=Stitcher&system_version=4.4.2&system_name=SM-G955N&country=US&lang=en&timezone=Uruguay+Standard+Time&gmtoffset=-10800&event=Launch
I/System.out(26306): body:<com.fiksu.asotracking.EventUploader: boolean doUpload(java.lang.String)>	sig:$r5 = virtualinvoke $r3.<java.net.URL: java.net.URLConnection openConnection()>()	timediff:0
E/FiksuTracking(26306): Failed to upload tracking information.
E/FiksuTracking(26306): Upload failed for url.  Saving it for retry later: https://asotrack1.fluentmobile.com/28663/android/com.stitcher.app/event?appid=com.stitcher.app&deviceid=354730040445623&udid=2c56dc4e22145808&device=SM-G955N&app_version=3.4.5&app_name=Stitcher&system_version=4.4.2&system_name=SM-G955N&country=US&lang=en&timezone=Uruguay+Standard+Time&gmtoffset=-10800&event=Launch
E/AudioFlinger(  170): no more track names available
E/AudioTrack(  464): AudioFlinger could not create track, status: -12
E/SoundPool(  464): Error creating AudioTrack
W/WindowManager(  464): updateFocusedWindowLocked, focusedAppToken is null.
W/ViewRootImpl(  464): Dropping event due to no window focus: KeyEvent { action=ACTION_DOWN, keyCode=KEYCODE_DPAD_DOWN, scanCode=0, metaState=0, flags=0x8, repeatCount=0, eventTime=13463319, downTime=13463319, deviceId=-1, source=0x101 }
I/ActivityManager(  464): START u0 {act=android.intent.action.MAIN cat=[android.intent.category.LAUNCHER] flg=0x10200000 cmp=com.stitcher.app/.LaunchContainer} from pid 26296
W/EGL_emulation(26306): eglSurfaceAttrib not implemented 3093 12436
V/PanelView(  532): animationTick called with dtms=0; nothing to do (h=0.0 v=0.0)
E/AudioFlinger(  170): no more track names available
E/AudioTrack(  464): AudioFlinger could not create track, status: -12
E/SoundPool(  464): Error creating AudioTrack
W/InputEventReceiver(  464): Attempted to finish an input event but the input event receiver has already been disposed.
W/InputEventReceiver(  464): Attempted to finish an input event but the input event receiver has already been disposed.
W/InputEventReceiver(  464): Attempted to finish an input event but the input event receiver has already been disposed.
W/InputEventReceiver(  464): Attempted to finish an input event but the input event receiver has already been disposed.
W/InputEventReceiver(  464): Attempted to finish an input event but the input event receiver has already been disposed.
W/InputEventReceiver(  464): Attempted to finish an input event but the input event receiver has already been disposed.
W/InputEventReceiver(  464): Attempted to finish an input event but the input event receiver has already been disposed.
W/InputEventReceiver(  464): Attempted to finish an input event but the input event receiver has already been disposed.
W/InputEventReceiver(  464): Attempted to finish an input event but the input event receiver has already been disposed.
W/InputEventReceiver(  464): Attempted to finish an input event but the input event receiver has already been disposed.
W/InputEventReceiver(  464): Attempted to finish an input event but the input event receiver has already been disposed.
W/InputEventReceiver(  464): Attempted to finish an input event but the input event receiver has already been disposed.
W/InputEventReceiver(  464): Attempted to finish an input event but the input event receiver has already been disposed.
W/InputMethodManagerService(  464): Window already focused, ignoring focus gain of: com.android.internal.view.IInputMethodClient$Stub$Proxy@4b047008 attribute=null, token = android.os.BinderProxy@4a991be4
W/ViewRootImpl(  464): Dropping event due to root view being removed: MotionEvent { action=ACTION_MOVE, id[0]=0, x[0]=-48.13356, y[0]=243.16498, toolType[0]=TOOL_TYPE_UNKNOWN, buttonState=0, metaState=0, flags=0x0, edgeFlags=0x0, pointerCount=1, historySize=1, eventTime=13463615, downTime=13463613, deviceId=0, source=0x1002 }
W/ViewRootImpl(  464): Dropping event due to root view being removed: MotionEvent { action=ACTION_UP, id[0]=0, x[0]=-56.195343, y[0]=254.63916, toolType[0]=TOOL_TYPE_UNKNOWN, buttonState=0, metaState=0, flags=0x0, edgeFlags=0x0, pointerCount=1, historySize=0, eventTime=13463618, downTime=13463613, deviceId=0, source=0x1002 }
W/ViewRootImpl(  464): Dropping event due to root view being removed: MotionEvent { action=ACTION_DOWN, id[0]=0, x[0]=268.0, y[0]=17.0, toolType[0]=TOOL_TYPE_UNKNOWN, buttonState=0, metaState=0, flags=0x0, edgeFlags=0x0, pointerCount=1, historySize=0, eventTime=13463623, downTime=13463623, deviceId=0, source=0x1002 }
W/ViewRootImpl(  464): Dropping event due to root view being removed: MotionEvent { action=ACTION_UP, id[0]=0, x[0]=262.2887, y[0]=9.254623, toolType[0]=TOOL_TYPE_UNKNOWN, buttonState=0, metaState=0, flags=0x0, edgeFlags=0x0, pointerCount=1, historySize=0, eventTime=13463624, downTime=13463623, deviceId=0, source=0x1002 }
W/ViewRootImpl(  464): Dropping event due to root view being removed: MotionEvent { action=ACTION_DOWN, id[0]=0, x[0]=-77.0, y[0]=85.0, toolType[0]=TOOL_TYPE_UNKNOWN, buttonState=0, metaState=0, flags=0x0, edgeFlags=0x0, pointerCount=1, historySize=0, eventTime=13463631, downTime=13463629, deviceId=0, source=0x1002 }
W/ViewRootImpl(  464): Dropping event due to root view being removed: MotionEvent { action=ACTION_POINTER_DOWN(1), id[0]=0, x[0]=-74.510544, y[0]=82.76251, toolType[0]=TOOL_TYPE_UNKNOWN, id[1]=1, x[1]=900.0, y[1]=120.0, toolType[1]=TOOL_TYPE_UNKNOWN, buttonState=0, metaState=0, flags=0x0, edgeFlags=0x0, pointerCount=2, historySize=0, eventTime=13463633, downTime=13463629, deviceId=0, source=0x1002 }
W/ViewRootImpl(  464): Dropping event due to root view being removed: MotionEvent { action=ACTION_MOVE, id[0]=0, x[0]=-71.85829, y[0]=40.896255, toolType[0]=TOOL_TYPE_UNKNOWN, id[1]=1, x[1]=881.35974, y[1]=187.40948, toolType[1]=TOOL_TYPE_UNKNOWN, buttonState=0, metaState=0, flags=0x0, edgeFlags=0x0, pointerCount=2, historySize=4, eventTime=13463638, downTime=13463629, deviceId=0, source=0x1002 }
W/ViewRootImpl(  464): Dropping event due to root view being removed: MotionEvent { action=ACTION_POINTER_UP(1), id[0]=0, x[0]=-71.67262, y[0]=38.751236, toolType[0]=TOOL_TYPE_UNKNOWN, id[1]=1, x[1]=870.03906, y[1]=201.04999, toolType[1]=TOOL_TYPE_UNKNOWN, buttonState=0, metaState=0, flags=0x0, edgeFlags=0x0, pointerCount=2, historySize=0, eventTime=13463639, downTime=13463629, deviceId=0, source=0x1002 }
W/ViewRootImpl(  464): Dropping event due to root view being removed: MotionEvent { action=ACTION_UP, id[0]=0, x[0]=-70.36417, y[0]=34.169266, toolType[0]=TOOL_TYPE_UNKNOWN, buttonState=0, metaState=0, flags=0x0, edgeFlags=0x0, pointerCount=1, historySize=0, eventTime=13463639, downTime=13463629, deviceId=0, source=0x1002 }
W/ViewRootImpl(  464): Dropping event due to root view being removed: MotionEvent { action=ACTION_DOWN, id[0]=0, x[0]=171.0, y[0]=252.0, toolType[0]=TOOL_TYPE_UNKNOWN, buttonState=0, metaState=0, flags=0x0, edgeFlags=0x0, pointerCount=1, historySize=0, eventTime=13463641, downTime=13463641, deviceId=0, source=0x1002 }
W/ViewRootImpl(  464): Dropping event due to root view being removed: MotionEvent { action=ACTION_UP, id[0]=0, x[0]=160.05392, y[0]=245.6117, toolType[0]=TOOL_TYPE_UNKNOWN, buttonState=0, metaState=0, flags=0x0, edgeFlags=0x0, pointerCount=1, historySize=0, eventTime=13463643, downTime=13463641, deviceId=0, source=0x1002 }
W/ViewRootImpl(  464): Dropping event due to root view being removed: MotionEvent { action=ACTION_MOVE, id[0]=0, x[0]=0.0, y[0]=-2.0, toolType[0]=TOOL_TYPE_UNKNOWN, buttonState=0, metaState=0, flags=0x0, edgeFlags=0x0, pointerCount=1, historySize=5, eventTime=13463609, downTime=-1, deviceId=0, source=0x10004 }
E/AudioFlinger(  170): no more track names available
E/AudioTrack(  464): AudioFlinger could not create track, status: -12
E/SoundPool(  464): Error creating AudioTrack
E/AudioFlinger(  170): no more track names available
E/AudioTrack(  464): AudioFlinger could not create track, status: -12
E/SoundPool(  464): Error creating AudioTrack
V/InputMethodService(  644): onEvaluateInputViewShown: config.hardKeyboardHidden = 1
W/ContextImpl(  464): Calling a method in the system process without a qualified user: android.app.ContextImpl.sendBroadcast:1123 com.android.server.InputMethodManagerService.showCurrentInputLocked:1791 com.android.server.InputMethodManagerService.showSoftInput:1753 com.android.internal.view.IInputMethodManager$Stub.onTransact:175 com.android.server.InputMethodManagerService.onTransact:818 
E/AudioFlinger(  170): no more track names available
E/AudioTrack(  464): AudioFlinger could not create track, status: -12
E/SoundPool(  464): Error creating AudioTrack
W/ContextImpl(  464): Calling a method in the system process without a qualified user: android.app.ContextImpl.sendBroadcast:1123 com.android.server.InputMethodManagerService.showCurrentInputLocked:1791 com.android.server.InputMethodManagerService.attachNewInputLocked:1095 com.android.server.InputMethodManagerService.startInputUncheckedLocked:1166 com.android.server.InputMethodManagerService.startInputLocked:1128 
W/AudioFlinger(  170): write blocked for 9831 msecs, 116 delayed writes, thread 0xb4233010
V/InputMethodService(  644): onEvaluateInputViewShown: config.hardKeyboardHidden = 1
E/AudioFlinger(  170): no more track names available
E/AudioTrack(  464): AudioFlinger could not create track, status: -12
W/ContextImpl(  464): Calling a method in the system process without a qualified user: android.app.ContextImpl.sendBroadcast:1123 com.android.server.InputMethodManagerService.hideCurrentInputLocked:1880 com.android.server.InputMethodManagerService.hideSoftInput:1843 com.android.internal.view.IInputMethodManager$Stub.onTransact:194 com.android.server.InputMethodManagerService.onTransact:818 
I/ActivityManager(  464): START u0 {act=com.google.android.gms.plus.action.SIGN_UP cmp=com.google.android.gms/.plus.activity.AccountSignUpActivity (has extras)} from pid -1
E/SoundPool(  464): Error creating AudioTrack
W/EGL_emulation(26306): eglSurfaceAttrib not implemented 3093 12436
V/InputMethodService(  644): onEvaluateInputViewShown: config.hardKeyboardHidden = 1
W/ContextImpl(  464): Calling a method in the system process without a qualified user: android.app.ContextImpl.sendBroadcast:1123 com.android.server.InputMethodManagerService.showCurrentInputLocked:1791 com.android.server.InputMethodManagerService.showSoftInput:1753 com.android.internal.view.IInputMethodManager$Stub.onTransact:175 com.android.server.InputMethodManagerService.onTransact:818 
W/InputManager(  464): Input event injection from pid 26296 failed.
W/InputManager(  464): Input event injection from pid 26296 failed.
W/InputManager(  464): Input event injection from pid 26296 failed.
W/InputManager(  464): Input event injection from pid 26296 failed.
W/InputManager(  464): Input event injection from pid 26296 failed.
W/InputManager(  464): Input event injection from pid 26296 failed.
W/InputManager(  464): Input event injection from pid 26296 failed.
W/InputManager(  464): Input event injection from pid 26296 failed.
W/EGL_emulation(26306): eglSurfaceAttrib not implemented 3093 12436
W/InputMethodManagerService(  464): Starting input on non-focused client com.android.internal.view.IInputMethodClient$Stub$Proxy@4aded7e8 (uid=10153 pid=26306)
W/EGL_emulation(26306): eglSurfaceAttrib not implemented 3093 12436
W/EGL_emulation(26306): eglSurfaceAttrib not implemented 3093 12436
W/ViewRootImpl(26306): Dropping event due to no window focus: KeyEvent { action=ACTION_DOWN, keyCode=KEYCODE_DPAD_UP, scanCode=0, metaState=0, flags=0x8, repeatCount=0, eventTime=13464611, downTime=13464611, deviceId=-1, source=0x101 }
W/ViewRootImpl(26306): Dropping event due to no window focus: KeyEvent { action=ACTION_DOWN, keyCode=KEYCODE_BACKSLASH, scanCode=0, metaState=0, flags=0x8, repeatCount=0, eventTime=13464666, downTime=13464666, deviceId=-1, source=0x101 }
W/ContextImpl(  464): Calling a method in the system process without a qualified user: android.app.ContextImpl.sendBroadcast:1123 com.android.server.InputMethodManagerService.hideCurrentInputLocked:1880 com.android.server.InputMethodManagerService.windowGainedFocus:1968 com.android.internal.view.IInputMethodManager$Stub.onTransact:221 com.android.server.InputMethodManagerService.onTransact:818 
I/ActivityManager(  464): START u0 {act=android.intent.action.MAIN cat=[android.intent.category.LAUNCHER] flg=0x10200000 cmp=com.stitcher.app/.LaunchContainer} from pid 26296
I/ActivityManager(  464): START u0 {act=android.intent.action.MAIN cat=[android.intent.category.LAUNCHER] flg=0x10000000 sel={act=android.intent.action.MAIN cat=[android.intent.category.APP_CALCULATOR]}} from pid 464
I/System.out(26306): body:<com.facebook.android.Util: java.lang.String encodeUrl(android.os.Bundle)>	sig:$r9 = staticinvoke <java.net.URLEncoder: java.lang.String encode(java.lang.String,java.lang.String)>($r6, $r9)	timediff:0
I/System.out(26306): body:<com.facebook.android.Util: java.lang.String encodeUrl(android.os.Bundle)>	sig:$r9 = staticinvoke <java.net.URLEncoder: java.lang.String encode(java.lang.String,java.lang.String)>($r9, $r6)	timediff:0
I/System.out(26306): body:<com.facebook.android.Util: java.lang.String encodeUrl(android.os.Bundle)>	sig:$r9 = staticinvoke <java.net.URLEncoder: java.lang.String encode(java.lang.String,java.lang.String)>($r6, $r9)	timediff:0
I/System.out(26306): body:<com.facebook.android.Util: java.lang.String encodeUrl(android.os.Bundle)>	sig:$r9 = staticinvoke <java.net.URLEncoder: java.lang.String encode(java.lang.String,java.lang.String)>($r9, $r6)	timediff:0
I/System.out(26306): body:<com.facebook.android.Util: java.lang.String encodeUrl(android.os.Bundle)>	sig:$r9 = staticinvoke <java.net.URLEncoder: java.lang.String encode(java.lang.String,java.lang.String)>($r6, $r9)	timediff:0
I/System.out(26306): body:<com.facebook.android.Util: java.lang.String encodeUrl(android.os.Bundle)>	sig:$r9 = staticinvoke <java.net.URLEncoder: java.lang.String encode(java.lang.String,java.lang.String)>($r9, $r6)	timediff:0
E/ActivityThread(26306): Failed to find provider info for com.facebook.katana.provider.AttributionIdProvider
I/System.out(26306): body:<com.facebook.android.Util: java.lang.String encodeUrl(android.os.Bundle)>	sig:$r9 = staticinvoke <java.net.URLEncoder: java.lang.String encode(java.lang.String,java.lang.String)>($r6, $r9)	timediff:0
I/System.out(26306): body:<com.facebook.android.Util: java.lang.String encodeUrl(android.os.Bundle)>	sig:$r9 = staticinvoke <java.net.URLEncoder: java.lang.String encode(java.lang.String,java.lang.String)>($r9, $r6)	timediff:0
I/System.out(26306): body:<com.facebook.android.Util: java.lang.String encodeUrl(android.os.Bundle)>	sig:$r9 = staticinvoke <java.net.URLEncoder: java.lang.String encode(java.lang.String,java.lang.String)>($r6, $r9)	timediff:0
I/System.out(26306): body:<com.facebook.android.Util: java.lang.String encodeUrl(android.os.Bundle)>	sig:$r9 = staticinvoke <java.net.URLEncoder: java.lang.String encode(java.lang.String,java.lang.String)>($r9, $r6)	timediff:0
W/EGL_emulation(26306): eglSurfaceAttrib not implemented 3093 12436
W/ViewRootImpl(26306): Dropping event due to no window focus: KeyEvent { action=ACTION_DOWN, keyCode=KEYCODE_MENU, scanCode=0, metaState=0, flags=0x8, repeatCount=0, eventTime=13465664, downTime=13465664, deviceId=-1, source=0x101 }
W/ContextImpl(  464): Calling a method in the system process without a qualified user: android.app.ContextImpl.sendBroadcast:1123 com.android.server.InputMethodManagerService.hideCurrentInputLocked:1880 com.android.server.InputMethodManagerService.windowGainedFocus:1968 com.android.internal.view.IInputMethodManager$Stub.onTransact:221 com.android.server.InputMethodManagerService.onTransact:818 
W/ViewRootImpl(26306): Dropping event due to no window focus: KeyEvent { action=ACTION_DOWN, keyCode=KEYCODE_DPAD_UP, scanCode=0, metaState=0, flags=0x8, repeatCount=0, eventTime=13465732, downTime=13465732, deviceId=-1, source=0x101 }
I/chromium(26306): [INFO:simple_index_file.cc(397)] Simple Cache Index is being restored from disk.
W/SocketClient(  163): write error (Broken pipe)
W/EGL_emulation(26306): eglSurfaceAttrib not implemented 3093 12436
W/ViewRootImpl(26306): Dropping event due to no window focus: KeyEvent { action=ACTION_DOWN, keyCode=KEYCODE_SWITCH_CHARSET, scanCode=0, metaState=0, flags=0x8, repeatCount=0, eventTime=13465794, downTime=13465794, deviceId=-1, source=0x101 }
E/WelcomeToStitcherActivity(26306): facebook.onError() @ com.facebook.android.DialogError: net::ERR_NAME_NOT_RESOLVED
E/WelcomeToStitcherActivity(26306): 	at com.facebook.android.FbDialog$FbWebViewClient.onReceivedError(FbDialog.java:179)
E/WelcomeToStitcherActivity(26306): 	at com.android.webview.chromium.WebViewContentsClientAdapter.onReceivedError(WebViewContentsClientAdapter.java:492)
E/WelcomeToStitcherActivity(26306): 	at com.android.org.chromium.android_webview.AwContentsClient$AwWebContentsObserver.didFailLoad(AwContentsClient.java:94)
E/WelcomeToStitcherActivity(26306): 	at com.android.org.chromium.base.SystemMessageHandler.nativeDoRunLoopOnce(Native Method)
E/WelcomeToStitcherActivity(26306): 	at com.android.org.chromium.base.SystemMessageHandler.handleMessage(SystemMessageHandler.java:27)
E/WelcomeToStitcherActivity(26306): 	at android.os.Handler.dispatchMessage(Handler.java:102)
E/WelcomeToStitcherActivity(26306): 	at android.os.Looper.loop(Looper.java:136)
E/WelcomeToStitcherActivity(26306): 	at android.app.ActivityThread.main(ActivityThread.java:5019)
E/WelcomeToStitcherActivity(26306): 	at java.lang.reflect.Method.invokeNative(Native Method)
E/WelcomeToStitcherActivity(26306): 	at java.lang.reflect.Method.invoke(Method.java:515)
E/WelcomeToStitcherActivity(26306): 	at com.android.internal.os.ZygoteInit$MethodAndArgsCaller.run(ZygoteInit.java:779)
E/WelcomeToStitcherActivity(26306): 	at com.android.internal.os.ZygoteInit.main(ZygoteInit.java:595)
E/WelcomeToStitcherActivity(26306): 	at dalvik.system.NativeStart.main(Native Method)
I/syslog  (26306): Sending syslog to remote IP: 
W/InputEventReceiver(26306): Attempted to finish an input event but the input event receiver has already been disposed.
W/InputEventReceiver(26306): Attempted to finish an input event but the input event receiver has already been disposed.
W/ViewRootImpl(26306): Dropping event due to root view being removed: MotionEvent { action=ACTION_UP, id[0]=0, x[0]=623.1749, y[0]=188.65295, toolType[0]=TOOL_TYPE_UNKNOWN, buttonState=0, metaState=0, flags=0x0, edgeFlags=0x0, pointerCount=1, historySize=0, eventTime=13465889, downTime=13465888, deviceId=0, source=0x1002 }
W/ContextImpl(  464): Calling a method in the system process without a qualified user: android.app.ContextImpl.sendBroadcast:1123 com.android.server.InputMethodManagerService.hideCurrentInputLocked:1880 com.android.server.InputMethodManagerService.windowGainedFocus:1968 com.android.internal.view.IInputMethodManager$Stub.onTransact:221 com.android.server.InputMethodManagerService.onTransact:818 
W/ViewRootImpl(26306): Dropping event due to no window focus: KeyEvent { action=ACTION_DOWN, keyCode=KEYCODE_DPAD_UP, scanCode=0, metaState=0, flags=0x8, repeatCount=0, eventTime=13465958, downTime=13465958, deviceId=-1, source=0x101 }
W/EGL_emulation(26306): eglSurfaceAttrib not implemented 3093 12436
W/InputEventReceiver(26306): Attempted to finish an input event but the input event receiver has already been disposed.
W/InputEventReceiver(26306): Attempted to finish an input event but the input event receiver has already been disposed.
W/InputEventReceiver(26306): Attempted to finish an input event but the input event receiver has already been disposed.
I/chromium(26306): [INFO:CONSOLE(12)] "Not allowed to load local resource: file:///android_asset/webkit/android-weberror.png", source: data:text/html,chromewebdata (12)
W/ViewRootImpl(26306): Dropping event due to root view being removed: MotionEvent { action=ACTION_MOVE, id[0]=0, x[0]=670.31775, y[0]=-168.38608, toolType[0]=TOOL_TYPE_UNKNOWN, buttonState=0, metaState=0, flags=0x0, edgeFlags=0x0, pointerCount=1, historySize=1, eventTime=13466174, downTime=13466170, deviceId=0, source=0x1002 }
W/ViewRootImpl(26306): Dropping event due to root view being removed: MotionEvent { action=ACTION_UP, id[0]=0, x[0]=668.5744, y[0]=-173.31543, toolType[0]=TOOL_TYPE_UNKNOWN, buttonState=0, metaState=0, flags=0x0, edgeFlags=0x0, pointerCount=1, historySize=0, eventTime=13466175, downTime=13466170, deviceId=0, source=0x1002 }
I/ActivityManager(  464): START u0 {act=android.intent.action.MAIN cat=[android.intent.category.LAUNCHER] flg=0x10200000 cmp=com.stitcher.app/.LaunchContainer} from pid 26296
W/InputMethodManagerService(  464): Window already focused, ignoring focus gain of: com.android.internal.view.IInputMethodClient$Stub$Proxy@4abc4ebc attribute=android.view.inputmethod.EditorInfo@4ac0ba18, token = android.os.BinderProxy@4aa69a58
I/System.out(26306): body:<com.facebook.android.Util: java.lang.String encodeUrl(android.os.Bundle)>	sig:$r9 = staticinvoke <java.net.URLEncoder: java.lang.String encode(java.lang.String,java.lang.String)>($r6, $r9)	timediff:0
I/System.out(26306): body:<com.facebook.android.Util: java.lang.String encodeUrl(android.os.Bundle)>	sig:$r9 = staticinvoke <java.net.URLEncoder: java.lang.String encode(java.lang.String,java.lang.String)>($r9, $r6)	timediff:0
I/System.out(26306): body:<com.facebook.android.Util: java.lang.String encodeUrl(android.os.Bundle)>	sig:$r9 = staticinvoke <java.net.URLEncoder: java.lang.String encode(java.lang.String,java.lang.String)>($r6, $r9)	timediff:0
I/System.out(26306): body:<com.facebook.android.Util: java.lang.String encodeUrl(android.os.Bundle)>	sig:$r9 = staticinvoke <java.net.URLEncoder: java.lang.String encode(java.lang.String,java.lang.String)>($r9, $r6)	timediff:0
I/System.out(26306): body:<com.facebook.android.Util: java.lang.String encodeUrl(android.os.Bundle)>	sig:$r9 = staticinvoke <java.net.URLEncoder: java.lang.String encode(java.lang.String,java.lang.String)>($r6, $r9)	timediff:0
I/System.out(26306): body:<com.facebook.android.Util: java.lang.String encodeUrl(android.os.Bundle)>	sig:$r9 = staticinvoke <java.net.URLEncoder: java.lang.String encode(java.lang.String,java.lang.String)>($r9, $r6)	timediff:0
I/System.out(26306): body:<com.facebook.android.Util: java.lang.String encodeUrl(android.os.Bundle)>	sig:$r9 = staticinvoke <java.net.URLEncoder: java.lang.String encode(java.lang.String,java.lang.String)>($r6, $r9)	timediff:0
I/System.out(26306): body:<com.facebook.android.Util: java.lang.String encodeUrl(android.os.Bundle)>	sig:$r9 = staticinvoke <java.net.URLEncoder: java.lang.String encode(java.lang.String,java.lang.String)>($r9, $r6)	timediff:0
I/System.out(26306): body:<com.facebook.android.Util: java.lang.String encodeUrl(android.os.Bundle)>	sig:$r9 = staticinvoke <java.net.URLEncoder: java.lang.String encode(java.lang.String,java.lang.String)>($r6, $r9)	timediff:0
I/System.out(26306): body:<com.facebook.android.Util: java.lang.String encodeUrl(android.os.Bundle)>	sig:$r9 = staticinvoke <java.net.URLEncoder: java.lang.String encode(java.lang.String,java.lang.String)>($r9, $r6)	timediff:0
E/ActivityThread(26306): Failed to find provider info for com.facebook.katana.provider.AttributionIdProvider
I/ActivityManager(  464): START u0 {act=android.intent.action.MAIN cat=[android.intent.category.LAUNCHER] flg=0x10000000 cmp=com.android.contacts/.activities.PeopleActivity sel={act=android.intent.action.MAIN cat=[android.intent.category.APP_CONTACTS]}} from pid 464
W/EGL_emulation(26306): eglSurfaceAttrib not implemented 3093 12436
W/ViewRootImpl(26306): Dropping event due to no window focus: KeyEvent { action=ACTION_DOWN, keyCode=KEYCODE_DPAD_LEFT, scanCode=0, metaState=0, flags=0x8, repeatCount=0, eventTime=13466376, downTime=13466376, deviceId=-1, source=0x101 }
W/ContextImpl(  464): Calling a method in the system process without a qualified user: android.app.ContextImpl.sendBroadcast:1123 com.android.server.InputMethodManagerService.hideCurrentInputLocked:1880 com.android.server.InputMethodManagerService.windowGainedFocus:1968 com.android.internal.view.IInputMethodManager$Stub.onTransact:221 com.android.server.InputMethodManagerService.onTransact:818 
V/PanelView(  532): animationTick called with dtms=0; nothing to do (h=0.0 v=-0.0)
W/SocketClient(  163): write error (Broken pipe)
W/InputManager(  464): Input event injection from pid 26296 failed.
W/InputManager(  464): Input event injection from pid 26296 failed.
W/InputManager(  464): Input event injection from pid 26296 failed.
W/InputManager(  464): Input event injection from pid 26296 failed.
W/InputManager(  464): Input event injection from pid 26296 failed.
W/InputManager(  464): Input event injection from pid 26296 failed.
W/InputManager(  464): Input event injection from pid 26296 failed.
W/InputManager(  464): Input event injection from pid 26296 failed.
W/EGL_emulation(26306): eglSurfaceAttrib not implemented 3093 12436
E/WelcomeToStitcherActivity(26306): facebook.onError() @ com.facebook.android.DialogError: net::ERR_NAME_NOT_RESOLVED
E/WelcomeToStitcherActivity(26306): 	at com.facebook.android.FbDialog$FbWebViewClient.onReceivedError(FbDialog.java:179)
E/WelcomeToStitcherActivity(26306): 	at com.android.webview.chromium.WebViewContentsClientAdapter.onReceivedError(WebViewContentsClientAdapter.java:492)
E/WelcomeToStitcherActivity(26306): 	at com.android.org.chromium.android_webview.AwContentsClient$AwWebContentsObserver.didFailLoad(AwContentsClient.java:94)
E/WelcomeToStitcherActivity(26306): 	at com.android.org.chromium.base.SystemMessageHandler.nativeDoRunLoopOnce(Native Method)
E/WelcomeToStitcherActivity(26306): 	at com.android.org.chromium.base.SystemMessageHandler.handleMessage(SystemMessageHandler.java:27)
E/WelcomeToStitcherActivity(26306): 	at android.os.Handler.dispatchMessage(Handler.java:102)
E/WelcomeToStitcherActivity(26306): 	at android.os.Looper.loop(Looper.java:136)
E/WelcomeToStitcherActivity(26306): 	at android.app.ActivityThread.main(ActivityThread.java:5019)
E/WelcomeToStitcherActivity(26306): 	at java.lang.reflect.Method.invokeNative(Native Method)
E/WelcomeToStitcherActivity(26306): 	at java.lang.reflect.Method.invoke(Method.java:515)
E/WelcomeToStitcherActivity(26306): 	at com.android.internal.os.ZygoteInit$MethodAndArgsCaller.run(ZygoteInit.java:779)
E/WelcomeToStitcherActivity(26306): 	at com.android.internal.os.ZygoteInit.main(ZygoteInit.java:595)
E/WelcomeToStitcherActivity(26306): 	at dalvik.system.NativeStart.main(Native Method)
W/InputEventReceiver(26306): Attempted to finish an input event but the input event receiver has already been disposed.
W/InputEventReceiver(26306): Attempted to finish an input event but the input event receiver has already been disposed.
W/InputEventReceiver(26306): Attempted to finish an input event but the input event receiver has already been disposed.
W/ViewRootImpl(26306): Dropping event due to root view being removed: MotionEvent { action=ACTION_MOVE, id[0]=0, x[0]=-500.59665, y[0]=174.96707, toolType[0]=TOOL_TYPE_UNKNOWN, buttonState=0, metaState=0, flags=0x0, edgeFlags=0x0, pointerCount=1, historySize=0, eventTime=13467094, downTime=13467091, deviceId=0, source=0x1002 }
W/ViewRootImpl(26306): Dropping event due to root view being removed: MotionEvent { action=ACTION_UP, id[0]=0, x[0]=-506.49017, y[0]=193.4627, toolType[0]=TOOL_TYPE_UNKNOWN, buttonState=0, metaState=0, flags=0x0, edgeFlags=0x0, pointerCount=1, historySize=0, eventTime=13467095, downTime=13467091, deviceId=0, source=0x1002 }
I/chromium(26306): [INFO:CONSOLE(12)] "Not allowed to load local resource: file:///android_asset/webkit/android-weberror.png", source: data:text/html,chromewebdata (12)
W/ViewRootImpl(26306): Dropping event due to no window focus: KeyEvent { action=ACTION_DOWN, keyCode=KEYCODE_DPAD_LEFT, scanCode=0, metaState=0, flags=0x8, repeatCount=0, eventTime=13467133, downTime=13467133, deviceId=-1, source=0x101 }
W/ViewRootImpl(26306): Dropping event due to no window focus: KeyEvent { action=ACTION_DOWN, keyCode=KEYCODE_DPAD_RIGHT, scanCode=0, metaState=0, flags=0x8, repeatCount=0, eventTime=13467141, downTime=13467141, deviceId=-1, source=0x101 }
I/ActivityManager(  464): START u0 {act=android.intent.action.MAIN cat=[android.intent.category.HOME] flg=0x10200000 cmp=com.vphone.launcher/.Launcher} from pid 464
W/ViewRootImpl(26306): Dropping event due to no window focus: KeyEvent { action=ACTION_DOWN, keyCode=KEYCODE_DPAD_RIGHT, scanCode=0, metaState=0, flags=0x8, repeatCount=0, eventTime=13467156, downTime=13467156, deviceId=-1, source=0x101 }
W/ContextImpl(  464): Calling a method in the system process without a qualified user: android.app.ContextImpl.sendBroadcast:1123 com.android.server.InputMethodManagerService.hideCurrentInputLocked:1880 com.android.server.InputMethodManagerService.windowGainedFocus:1968 com.android.internal.view.IInputMethodManager$Stub.onTransact:221 com.android.server.InputMethodManagerService.onTransact:818 
W/ViewRootImpl(26306): Dropping event due to no window focus: MotionEvent { action=ACTION_MOVE, id[0]=0, x[0]=-3.0, y[0]=-2.0, toolType[0]=TOOL_TYPE_UNKNOWN, buttonState=0, metaState=0, flags=0x0, edgeFlags=0x0, pointerCount=1, historySize=9, eventTime=13467225, downTime=-1, deviceId=0, source=0x10004 }
W/ViewRootImpl(26306): Dropping event due to no window focus: MotionEvent { action=ACTION_DOWN, id[0]=0, x[0]=0.0, y[0]=0.0, toolType[0]=TOOL_TYPE_UNKNOWN, buttonState=0, metaState=0, flags=0x0, edgeFlags=0x0, pointerCount=1, historySize=0, eventTime=13467227, downTime=13467216, deviceId=0, source=0x10004 }
W/ViewRootImpl(26306): Dropping event due to no window focus: KeyEvent { action=ACTION_DOWN, keyCode=KEYCODE_BUTTON_Y, scanCode=0, metaState=0, flags=0x8, repeatCount=0, eventTime=13467231, downTime=13467231, deviceId=-1, source=0x101 }
W/ViewRootImpl(26306): Dropping event due to no window focus: KeyEvent { action=ACTION_DOWN, keyCode=KEYCODE_BACK, scanCode=0, metaState=0, flags=0x8, repeatCount=0, eventTime=13467231, downTime=13467231, deviceId=-1, source=0x101 }
W/EGL_emulation(26306): eglSurfaceAttrib not implemented 3093 12436
W/InputEventReceiver(26306): Attempted to finish an input event but the input event receiver has already been disposed.
W/InputEventReceiver(26306): Attempted to finish an input event but the input event receiver has already been disposed.
W/InputEventReceiver(26306): Attempted to finish an input event but the input event receiver has already been disposed.
W/InputEventReceiver(26306): Attempted to finish an input event but the input event receiver has already been disposed.
W/ViewRootImpl(26306): Dropping event due to root view being removed: MotionEvent { action=ACTION_POINTER_DOWN(1), id[0]=0, x[0]=276.4362, y[0]=349.94836, toolType[0]=TOOL_TYPE_UNKNOWN, id[1]=1, x[1]=97.0, y[1]=235.0, toolType[1]=TOOL_TYPE_UNKNOWN, buttonState=0, metaState=0, flags=0x0, edgeFlags=0x0, pointerCount=2, historySize=0, eventTime=13467355, downTime=13467354, deviceId=0, source=0x1002 }
W/ViewRootImpl(26306): Dropping event due to root view being removed: MotionEvent { action=ACTION_POINTER_UP(1), id[0]=0, x[0]=290.22284, y[0]=357.22485, toolType[0]=TOOL_TYPE_UNKNOWN, id[1]=1, x[1]=104.677, y[1]=226.64288, toolType[1]=TOOL_TYPE_UNKNOWN, buttonState=0, metaState=0, flags=0x0, edgeFlags=0x0, pointerCount=2, historySize=0, eventTime=13467357, downTime=13467354, deviceId=0, source=0x1002 }
W/ViewRootImpl(26306): Dropping event due to root view being removed: MotionEvent { action=ACTION_UP, id[0]=0, x[0]=301.4348, y[0]=367.21466, toolType[0]=TOOL_TYPE_UNKNOWN, buttonState=0, metaState=0, flags=0x0, edgeFlags=0x0, pointerCount=1, historySize=0, eventTime=13467360, downTime=13467354, deviceId=0, source=0x1002 }
W/ViewRootImpl(26306): Dropping event due to no window focus: KeyEvent { action=ACTION_DOWN, keyCode=KEYCODE_DPAD_CENTER, scanCode=0, metaState=0, flags=0x8, repeatCount=0, eventTime=13467479, downTime=13467479, deviceId=-1, source=0x101 }
W/InputMethodManagerService(  464): Window already focused, ignoring focus gain of: com.android.internal.view.IInputMethodClient$Stub$Proxy@4abb3f2c attribute=null, token = android.os.BinderProxy@4aa69a58
I/InputDispatcher(  464): Dropped event because of pending overdue app switch.
W/InputManager(  464): Input event injection from pid 26296 failed.
V/PanelView(  532): animationTick called with dtms=0; nothing to do (h=0.0 v=0.0)
I/System.out(26306): body:<com.facebook.android.Util: java.lang.String encodeUrl(android.os.Bundle)>	sig:$r9 = staticinvoke <java.net.URLEncoder: java.lang.String encode(java.lang.String,java.lang.String)>($r6, $r9)	timediff:0
I/System.out(26306): body:<com.facebook.android.Util: java.lang.String encodeUrl(android.os.Bundle)>	sig:$r9 = staticinvoke <java.net.URLEncoder: java.lang.String encode(java.lang.String,java.lang.String)>($r9, $r6)	timediff:0
I/System.out(26306): body:<com.facebook.android.Util: java.lang.String encodeUrl(android.os.Bundle)>	sig:$r9 = staticinvoke <java.net.URLEncoder: java.lang.String encode(java.lang.String,java.lang.String)>($r6, $r9)	timediff:0
I/System.out(26306): body:<com.facebook.android.Util: java.lang.String encodeUrl(android.os.Bundle)>	sig:$r9 = staticinvoke <java.net.URLEncoder: java.lang.String encode(java.lang.String,java.lang.String)>($r9, $r6)	timediff:0
I/System.out(26306): body:<com.facebook.android.Util: java.lang.String encodeUrl(android.os.Bundle)>	sig:$r9 = staticinvoke <java.net.URLEncoder: java.lang.String encode(java.lang.String,java.lang.String)>($r6, $r9)	timediff:1
I/System.out(26306): body:<com.facebook.android.Util: java.lang.String encodeUrl(android.os.Bundle)>	sig:$r9 = staticinvoke <java.net.URLEncoder: java.lang.String encode(java.lang.String,java.lang.String)>($r9, $r6)	timediff:0
I/System.out(26306): body:<com.facebook.android.Util: java.lang.String encodeUrl(android.os.Bundle)>	sig:$r9 = staticinvoke <java.net.URLEncoder: java.lang.String encode(java.lang.String,java.lang.String)>($r6, $r9)	timediff:0
I/System.out(26306): body:<com.facebook.android.Util: java.lang.String encodeUrl(android.os.Bundle)>	sig:$r9 = staticinvoke <java.net.URLEncoder: java.lang.String encode(java.lang.String,java.lang.String)>($r9, $r6)	timediff:0
I/System.out(26306): body:<com.facebook.android.Util: java.lang.String encodeUrl(android.os.Bundle)>	sig:$r9 = staticinvoke <java.net.URLEncoder: java.lang.String encode(java.lang.String,java.lang.String)>($r6, $r9)	timediff:0
I/System.out(26306): body:<com.facebook.android.Util: java.lang.String encodeUrl(android.os.Bundle)>	sig:$r9 = staticinvoke <java.net.URLEncoder: java.lang.String encode(java.lang.String,java.lang.String)>($r9, $r6)	timediff:0
E/ActivityThread(26306): Failed to find provider info for com.facebook.katana.provider.AttributionIdProvider
W/EGL_emulation(26306): eglSurfaceAttrib not implemented 3093 12436
W/ViewRootImpl(26306): Dropping event due to no window focus: KeyEvent { action=ACTION_DOWN, keyCode=KEYCODE_MENU, scanCode=0, metaState=0, flags=0x8, repeatCount=0, eventTime=13467812, downTime=13467812, deviceId=-1, source=0x101 }
W/ContextImpl(  464): Calling a method in the system process without a qualified user: android.app.ContextImpl.sendBroadcast:1123 com.android.server.InputMethodManagerService.hideCurrentInputLocked:1880 com.android.server.InputMethodManagerService.windowGainedFocus:1968 com.android.internal.view.IInputMethodManager$Stub.onTransact:221 com.android.server.InputMethodManagerService.onTransact:818 
I/ActivityManager(  464): START u0 {act=com.google.android.gms.plus.action.SIGN_UP cmp=com.google.android.gms/.plus.activity.AccountSignUpActivity (has extras)} from pid -1
W/SocketClient(  163): write error (Broken pipe)
W/EGL_emulation(26306): eglSurfaceAttrib not implemented 3093 12436
W/ViewRootImpl(26306): Dropping event due to no window focus: KeyEvent { action=ACTION_DOWN, keyCode=KEYCODE_DPAD_UP, scanCode=0, metaState=0, flags=0x8, repeatCount=0, eventTime=13467937, downTime=13467937, deviceId=-1, source=0x101 }
W/InputEventReceiver(26306): Attempted to finish an input event but the input event receiver has already been disposed.
W/InputEventReceiver(26306): Attempted to finish an input event but the input event receiver has already been disposed.
W/ViewRootImpl(26306): Dropping event due to root view being removed: MotionEvent { action=ACTION_UP, id[0]=0, x[0]=-328.64978, y[0]=4.236206, toolType[0]=TOOL_TYPE_UNKNOWN, buttonState=0, metaState=0, flags=0x0, edgeFlags=0x0, pointerCount=1, historySize=0, eventTime=13468036, downTime=13468034, deviceId=0, source=0x1002 }
E/WelcomeToStitcherActivity(26306): facebook.onError() @ com.facebook.android.DialogError: net::ERR_NAME_NOT_RESOLVED
