E/AndroidRuntime(22314): 	at com.qihoo.util.StubApp4184355851.attachBaseContext(StubApp4184355851.java:191)
E/AndroidRuntime(22314): 	at android.app.Application.attach(Application.java:181)
E/AndroidRuntime(22314): 	at android.app.Instrumentation.newApplication(Instrumentation.java:1008)
E/AndroidRuntime(22314): 	at android.app.Instrumentation.newApplication(Instrumentation.java:992)
E/AndroidRuntime(22314): 	at android.app.LoadedApk.makeApplication(LoadedApk.java:511)
E/AndroidRuntime(22314): 	at android.app.ActivityThread.handleBindApplication(ActivityThread.java:4319)
E/AndroidRuntime(22314): 	at android.app.ActivityThread.access$1500(ActivityThread.java:135)
E/AndroidRuntime(22314): 	at android.app.ActivityThread$H.handleMessage(ActivityThread.java:1256)
E/AndroidRuntime(22314): 	at android.os.Handler.dispatchMessage(Handler.java:102)
E/AndroidRuntime(22314): 	at android.os.Looper.loop(Looper.java:136)
E/AndroidRuntime(22314): 	at android.app.ActivityThread.main(ActivityThread.java:5019)
E/AndroidRuntime(22314): 	at java.lang.reflect.Method.invokeNative(Native Method)
E/AndroidRuntime(22314): 	at java.lang.reflect.Method.invoke(Method.java:515)
E/AndroidRuntime(22314): 	at com.android.internal.os.ZygoteInit$MethodAndArgsCaller.run(ZygoteInit.java:779)
E/AndroidRuntime(22314): 	at com.android.internal.os.ZygoteInit.main(ZygoteInit.java:595)
E/AndroidRuntime(22314): 	at dalvik.system.NativeStart.main(Native Method)
W/ActivityManager(  327): Force-killing crashed app com.music.hero.music.player.mp3.free at watcher's request
W/ContextImpl(  327): Calling a method in the system process without a qualified user: android.app.ContextImpl.sendBroadcast:1123 com.android.server.am.ActivityManagerService.handleApplicationCrashInner:9670 com.android.server.am.ActivityManagerService.handleApplicationCrash:9644 android.app.ActivityManagerNative.onTransact:1311 com.android.server.am.ActivityManagerService.onTransact:2071 
W/NetworkManagementSocketTagger(  327): setKernelCountSet(10062, 0) failed with errno -13
I/ActivityManager(  327): Process com.music.hero.music.player.mp3.free (pid 22314) has died.
W/NetworkManagementSocketTagger(  327): setKernelCountSet(10062, 1) failed with errno -13
I/dalvikvm(22332): ignoring registerObject request in thread=1
I/dalvikvm(22332): ignoring registerObject request in thread=1
I/ActivityManager(  327): Start proc com.music.hero.music.player.mp3.free for activity com.music.hero.music.player.mp3.free/com.qihoo.util.StartActivity: pid=22332 uid=10062 gids={50062, 3003, 1028, 1015, 1023}
D/dalvikvm(22332): DexOpt: couldn't find static field Landroid/os/Build;.SUPPORTED_32_BIT_ABIS
W/dalvikvm(22332): VFY: unable to resolve static field 3 (SUPPORTED_32_BIT_ABIS) in Landroid/os/Build;
D/dalvikvm(22332): VFY: replacing opcode 0x62 at 0x0000
D/dalvikvm(22332): JIT code cache reset in 0 ms (0 bytes 1/0)
D/dalvikvm(22332): GC_CONCURRENT freed 62K, 5% free 3154K/3292K, paused 2ms+0ms, total 4ms
D/dalvikvm(22332): WAIT_FOR_CONCURRENT_GC blocked 1ms
D/dalvikvm(22332): Trying to load lib /data/data/com.music.hero.music.player.mp3.free/.jiagu/libjiagu.so 0x94f573a0
D/dalvikvm(22332): Added shared lib /data/data/com.music.hero.music.player.mp3.free/.jiagu/libjiagu.so 0x94f573a0
D/AndroidRuntime(22332): Shutting down VM
W/dalvikvm(22332): threadid=1: thread exiting with uncaught exception (group=0x94c8fb20)
I/Process (  327): Sending signal. PID: 22332 SIG: 9
E/AndroidRuntime(22332): FATAL EXCEPTION: main
E/AndroidRuntime(22332): Process: com.music.hero.music.player.mp3.free, PID: 22332
E/AndroidRuntime(22332): java.lang.UnsatisfiedLinkError: JNI_ERR returned from JNI_OnLoad in "/data/data/com.music.hero.music.player.mp3.free/.jiagu/libjiagu.so"
E/AndroidRuntime(22332): 	at java.lang.Runtime.load(Runtime.java:333)
E/AndroidRuntime(22332): 	at java.lang.System.load(System.java:512)
E/AndroidRuntime(22332): 	at com.qihoo.util.StubApp4184355851.attachBaseContext(StubApp4184355851.java:191)
E/AndroidRuntime(22332): 	at android.app.Application.attach(Application.java:181)
E/AndroidRuntime(22332): 	at android.app.Instrumentation.newApplication(Instrumentation.java:1008)
E/AndroidRuntime(22332): 	at android.app.Instrumentation.newApplication(Instrumentation.java:992)
E/AndroidRuntime(22332): 	at android.app.LoadedApk.makeApplication(LoadedApk.java:511)
E/AndroidRuntime(22332): 	at android.app.ActivityThread.handleBindApplication(ActivityThread.java:4319)
E/AndroidRuntime(22332): 	at android.app.ActivityThread.access$1500(ActivityThread.java:135)
E/AndroidRuntime(22332): 	at android.app.ActivityThread$H.handleMessage(ActivityThread.java:1256)
E/AndroidRuntime(22332): 	at android.os.Handler.dispatchMessage(Handler.java:102)
E/AndroidRuntime(22332): 	at android.os.Looper.loop(Looper.java:136)
E/AndroidRuntime(22332): 	at android.app.ActivityThread.main(ActivityThread.java:5019)
E/AndroidRuntime(22332): 	at java.lang.reflect.Method.invokeNative(Native Method)
E/AndroidRuntime(22332): 	at java.lang.reflect.Method.invoke(Method.java:515)
E/AndroidRuntime(22332): 	at com.android.internal.os.ZygoteInit$MethodAndArgsCaller.run(ZygoteInit.java:779)
E/AndroidRuntime(22332): 	at com.android.internal.os.ZygoteInit.main(ZygoteInit.java:595)
E/AndroidRuntime(22332): 	at dalvik.system.NativeStart.main(Native Method)
W/ActivityManager(  327): Force-killing crashed app com.music.hero.music.player.mp3.free at watcher's request
W/ContextImpl(  327): Calling a method in the system process without a qualified user: android.app.ContextImpl.sendBroadcast:1123 com.android.server.am.ActivityManagerService.handleApplicationCrashInner:9670 com.android.server.am.ActivityManagerService.handleApplicationCrash:9644 android.app.ActivityManagerNative.onTransact:1311 com.android.server.am.ActivityManagerService.onTransact:2071 
W/NetworkManagementSocketTagger(  327): setKernelCountSet(10062, 0) failed with errno -13
I/InputDispatcher(  327): Dropping event because there is no focused window or focused application.
I/InputDispatcher(  327): Dropping event because there is no focused window or focused application.
I/InputDispatcher(  327): Dropping event because there is no focused window or focused application.
I/InputDispatcher(  327): Dropping event because there is no focused window or focused application.
I/InputDispatcher(  327): Dropping event because there is no focused window or focused application.
I/InputDispatcher(  327): Dropping event because there is no focused window or focused application.
I/ActivityManager(  327): Process com.music.hero.music.player.mp3.free (pid 22332) has died.
W/ActivityManager(  327): Force removing ActivityRecord{4a9b6530 u0 com.music.hero.music.player.mp3.free/com.qihoo.util.StartActivity t117}: app died, no saved state
W/InputManager(  327): Input event injection from pid 22165 failed.
W/InputManager(  327): Input event injection from pid 22165 failed.
W/InputManager(  327): Input event injection from pid 22165 failed.
W/InputManager(  327): Input event injection from pid 22165 failed.
W/InputManager(  327): Input event injection from pid 22165 failed.
W/InputManager(  327): Input event injection from pid 22165 failed.
I/InputDispatcher(  327): Dropping event because there is no focused window or focused application.
I/InputDispatcher(  327): Dropping event because there is no focused window or focused application.
D/FirebaseApp(  675): Notifying background state change listeners.
I/InputDispatcher(  327): Dropping event because there is no focused window or focused application.
I/InputDispatcher(  327): Dropping event because there is no focused window or focused application.
I/InputDispatcher(  327): Dropping event because there is no focused window or focused application.
I/InputDispatcher(  327): Dropping event because there is no focused window or focused application.
I/InputDispatcher(  327): Dropping event because there is no focused window or focused application.
I/InputDispatcher(  327): Dropping event because there is no focused window or focused application.
I/InputDispatcher(  327): Dropping event because there is no focused window or focused application.
I/InputDispatcher(  327): Dropping event because there is no focused window or focused application.
I/InputDispatcher(  327): Dropping event because there is no focused window or focused application.
I/InputDispatcher(  327): Dropping event because there is no focused window or focused application.
I/InputDispatcher(  327): Dropping event because there is no focused window or focused application.
I/InputDispatcher(  327): Dropping event because there is no focused window or focused application.
W/InputManager(  327): Input event injection from pid 22165 failed.
W/InputManager(  327): Input event injection from pid 22165 failed.
W/InputManager(  327): Input event injection from pid 22165 failed.
W/InputManager(  327): Input event injection from pid 22165 failed.
W/InputManager(  327): Input event injection from pid 22165 failed.
W/InputManager(  327): Input event injection from pid 22165 failed.
W/InputManager(  327): Input event injection from pid 22165 failed.
W/InputManager(  327): Input event injection from pid 22165 failed.
W/InputManager(  327): Input event injection from pid 22165 failed.
W/InputManager(  327): Input event injection from pid 22165 failed.
W/InputManager(  327): Input event injection from pid 22165 failed.
W/InputManager(  327): Input event injection from pid 22165 failed.
W/InputManager(  327): Input event injection from pid 22165 failed.
W/InputManager(  327): Input event injection from pid 22165 failed.
W/InputManager(  327): Input event injection from pid 22165 failed.
W/InputManager(  327): Input event injection from pid 22165 failed.
W/InputManager(  327): Input event injection from pid 22165 failed.
W/InputManager(  327): Input event injection from pid 22165 failed.
W/InputManager(  327): Input event injection from pid 22165 failed.
W/InputManager(  327): Input event injection from pid 22165 failed.
W/InputManager(  327): Input event injection from pid 22165 failed.
W/InputManager(  327): Input event injection from pid 22165 failed.
W/InputManager(  327): Input event injection from pid 22165 failed.
W/InputManager(  327): Input event injection from pid 22165 failed.
W/InputManager(  327): Input event injection from pid 22165 failed.
I/InputDispatcher(  327): Dropping event because there is no focused window or focused application.
I/InputDispatcher(  327): Dropping event because there is no focused window or focused application.
I/InputDispatcher(  327): Dropping event because there is no focused window or focused application.
I/InputDispatcher(  327): Dropping event because there is no focused window or focused application.
I/InputDispatcher(  327): Dropping event because there is no focused window or focused application.
I/InputDispatcher(  327): Dropping event because there is no focused window or focused application.
I/InputDispatcher(  327): Dropping event because there is no focused window or focused application.
I/InputDispatcher(  327): Dropping event because there is no focused window or focused application.
I/InputDispatcher(  327): Dropping event because there is no focused window or focused application.
I/InputDispatcher(  327): Dropping event because there is no focused window or focused application.
I/InputDispatcher(  327): Dropping event because there is no focused window or focused application.
I/InputDispatcher(  327): Dropping event because there is no focused window or focused application.
W/InputManager(  327): Input event injection from pid 22165 failed.
W/InputManager(  327): Input event injection from pid 22165 failed.
W/InputManager(  327): Input event injection from pid 22165 failed.
W/InputManager(  327): Input event injection from pid 22165 failed.
W/InputManager(  327): Input event injection from pid 22165 failed.
W/InputManager(  327): Input event injection from pid 22165 failed.
W/InputManager(  327): Input event injection from pid 22165 failed.
W/InputManager(  327): Input event injection from pid 22165 failed.
W/InputManager(  327): Input event injection from pid 22165 failed.
W/InputManager(  327): Input event injection from pid 22165 failed.
W/InputManager(  327): Input event injection from pid 22165 failed.
W/InputManager(  327): Input event injection from pid 22165 failed.
W/InputManager(  327): Input event injection from pid 22165 failed.
W/InputManager(  327): Input event injection from pid 22165 failed.
W/InputManager(  327): Input event injection from pid 22165 failed.
W/InputManager(  327): Input event injection from pid 22165 failed.
W/InputManager(  327): Input event injection from pid 22165 failed.
W/InputManager(  327): Input event injection from pid 22165 failed.
W/InputManager(  327): Input event injection from pid 22165 failed.
W/EGL_emulation(  675): eglSurfaceAttrib not implemented 3093 12436
W/InputMethodManagerService(  327): Window already focused, ignoring focus gain of: com.android.internal.view.IInputMethodClient$Stub$Proxy@4a950af0 attribute=android.view.inputmethod.EditorInfo@4ab36414, token = android.os.BinderProxy@4ac5cec0
W/DebugConnManager(  675): getNetworkInfo() on networkType 1
W/ContextImpl(  675): Calling a method in the system process without a qualified user: android.app.ContextImpl.startActivity:1020 android.content.ContextWrapper.startActivity:311 android.content.ContextWrapper.startActivity:311 com.vphone.launcher.utils.AppUtil.a:1507 com.vphone.launcher.utils.AppUtil.onQsbClicked:1486 
W/ContextImpl(  675): Calling a method in the system process without a qualified user: android.app.ContextImpl.startActivity:1032 android.app.ContextImpl.startActivity:1021 android.content.ContextWrapper.startActivity:311 android.content.ContextWrapper.startActivity:311 com.vphone.launcher.utils.AppUtil.a:1507 
I/ActivityManager(  327): START u0 {flg=0x10000000 cmp=com.vphone.launcher/.game.SearchActivity} from pid 675
D/dalvikvm(  675): GC_CONCURRENT freed 7409K, 6% free 121580K/129108K, paused 2ms+5ms, total 34ms
W/PropertyValuesHolder(  675): Method setBrightness() with type int not found on target class class ph
W/PropertyValuesHolder(  675): Method getBrightness() with type int not found on target class class ph
I/ActivityManager(  327): START u0 {act=android.intent.action.MAIN cat=[android.intent.category.LAUNCHER] flg=0x10200000 cmp=com.facebook.lite/.MainActivity bnds=[290,618][431,848] (has extras)} from pid 675
W/ContextImpl(  675): Calling a method in the system process without a qualified user: android.app.ContextImpl.sendBroadcast:1137 android.content.ContextWrapper.sendBroadcast:370 com.vphone.launcher.Stats.recordLaunch:129 com.vphone.launcher.Launcher.c:3192 com.vphone.launcher.Launcher.onClickAppShortcut:3144 
W/PropertyValuesHolder(  675): Method setBrightness() with type int not found on target class class ph
W/PropertyValuesHolder(  675): Method getBrightness() with type int not found on target class class ph
W/DebugConnManager(  675): getNetworkInfo() on networkType 1
W/Launcher(  675): No global search activity found.
I/ActivityManager(  327): START u0 {cmp=com.vphone.launcher/.game.GpLoadingActivity (has extras)} from pid 675
W/PropertyValuesHolder(  675): Method setBrightness() with type int not found on target class class ph
W/PropertyValuesHolder(  675): Method getBrightness() with type int not found on target class class ph
I/ActivityManager(  327): START u0 {act=android.intent.action.MAIN cat=[android.intent.category.LAUNCHER] flg=0x10200000 cmp=com.android.camera/.Camera bnds=[431,388][572,618] (has extras)} from pid 675
W/ContextImpl(  675): Calling a method in the system process without a qualified user: android.app.ContextImpl.sendBroadcast:1137 android.content.ContextWrapper.sendBroadcast:370 com.vphone.launcher.Stats.recordLaunch:129 com.vphone.launcher.Launcher.c:3192 com.vphone.launcher.Launcher.onClickAppShortcut:3144 
W/PropertyValuesHolder(  675): Method setBrightness() with type int not found on target class class ph
W/PropertyValuesHolder(  675): Method getBrightness() with type int not found on target class class ph
I/ActivityManager(  327): START u0 {act=android.intent.action.MAIN cat=[android.intent.category.LAUNCHER] flg=0x10200000 cmp=com.music.hero.music.player.mp3.free/com.qihoo.util.StartActivity bnds=[572,618][713,848]} from pid 675
W/ContextImpl(  675): Calling a method in the system process without a qualified user: android.app.ContextImpl.sendBroadcast:1137 android.content.ContextWrapper.sendBroadcast:370 com.vphone.launcher.Stats.recordLaunch:129 com.vphone.launcher.Launcher.c:3192 com.vphone.launcher.Launcher.onClickAppShortcut:3144 
D/dalvikvm(  327): GC_CONCURRENT freed 2783K, 53% free 10404K/21700K, paused 1ms+4ms, total 28ms
D/yeshen  (  675): launcher onpause
I/ActivityManager(  327): Start proc com.music.hero.music.player.mp3.free for activity com.music.hero.music.player.mp3.free/com.qihoo.util.StartActivity: pid=22361 uid=10062 gids={50062, 3003, 1028, 1015, 1023}
W/NetworkManagementSocketTagger(  327): setKernelCountSet(10062, 1) failed with errno -13
I/dalvikvm(22361): ignoring registerObject request in thread=1
I/dalvikvm(22361): ignoring registerObject request in thread=1
D/yeshen  (  675): launcher onstop
D/FirebaseApp(  675): Notifying background state change listeners.
D/Tinker.DefaultAppLike(  675): onTrimMemory level:20
W/DebugConnManager(  675): getNetworkInfo() on networkType 1
D/dalvikvm(22361): DexOpt: couldn't find static field Landroid/os/Build;.SUPPORTED_32_BIT_ABIS
W/dalvikvm(22361): VFY: unable to resolve static field 3 (SUPPORTED_32_BIT_ABIS) in Landroid/os/Build;
D/dalvikvm(22361): VFY: replacing opcode 0x62 at 0x0000
D/dalvikvm(22361): JIT code cache reset in 0 ms (0 bytes 1/0)
D/dalvikvm(22361): GC_FOR_ALLOC freed 66K, 5% free 3154K/3296K, paused 2ms, total 2ms
D/dalvikvm(22361): GC_CONCURRENT freed 0K, 4% free 3487K/3632K, paused 2ms+0ms, total 3ms
D/dalvikvm(22361): Trying to load lib /data/data/com.music.hero.music.player.mp3.free/.jiagu/libjiagu.so 0x94f582b0
D/dalvikvm(22361): Added shared lib /data/data/com.music.hero.music.player.mp3.free/.jiagu/libjiagu.so 0x94f582b0
D/AndroidRuntime(22361): Shutting down VM
W/dalvikvm(22361): threadid=1: thread exiting with uncaught exception (group=0x94c8fb20)
I/Process (  327): Sending signal. PID: 22361 SIG: 9
W/NetworkManagementSocketTagger(  327): setKernelCountSet(10062, 0) failed with errno -13
E/AndroidRuntime(22361): FATAL EXCEPTION: main
E/AndroidRuntime(22361): Process: com.music.hero.music.player.mp3.free, PID: 22361
E/AndroidRuntime(22361): java.lang.UnsatisfiedLinkError: JNI_ERR returned from JNI_OnLoad in "/data/data/com.music.hero.music.player.mp3.free/.jiagu/libjiagu.so"
E/AndroidRuntime(22361): 	at java.lang.Runtime.load(Runtime.java:333)
E/AndroidRuntime(22361): 	at java.lang.System.load(System.java:512)
E/AndroidRuntime(22361): 	at com.qihoo.util.StubApp4184355851.attachBaseContext(StubApp4184355851.java:191)
E/AndroidRuntime(22361): 	at android.app.Application.attach(Application.java:181)
E/AndroidRuntime(22361): 	at android.app.Instrumentation.newApplication(Instrumentation.java:1008)
E/AndroidRuntime(22361): 	at android.app.Instrumentation.newApplication(Instrumentation.java:992)
E/AndroidRuntime(22361): 	at android.app.LoadedApk.makeApplication(LoadedApk.java:511)
E/AndroidRuntime(22361): 	at android.app.ActivityThread.handleBindApplication(ActivityThread.java:4319)
E/AndroidRuntime(22361): 	at android.app.ActivityThread.access$1500(ActivityThread.java:135)
E/AndroidRuntime(22361): 	at android.app.ActivityThread$H.handleMessage(ActivityThread.java:1256)
E/AndroidRuntime(22361): 	at android.os.Handler.dispatchMessage(Handler.java:102)
E/AndroidRuntime(22361): 	at android.os.Looper.loop(Looper.java:136)
E/AndroidRuntime(22361): 	at android.app.ActivityThread.main(ActivityThread.java:5019)
E/AndroidRuntime(22361): 	at java.lang.reflect.Method.invokeNative(Native Method)
E/AndroidRuntime(22361): 	at java.lang.reflect.Method.invoke(Method.java:515)
E/AndroidRuntime(22361): 	at com.android.internal.os.ZygoteInit$MethodAndArgsCaller.run(ZygoteInit.java:779)
E/AndroidRuntime(22361): 	at com.android.internal.os.ZygoteInit.main(ZygoteInit.java:595)
E/AndroidRuntime(22361): 	at dalvik.system.NativeStart.main(Native Method)
W/ActivityManager(  327): Force-killing crashed app com.music.hero.music.player.mp3.free at watcher's request
W/ContextImpl(  327): Calling a method in the system process without a qualified user: android.app.ContextImpl.sendBroadcast:1123 com.android.server.am.ActivityManagerService.handleApplicationCrashInner:9670 com.android.server.am.ActivityManagerService.handleApplicationCrash:9644 android.app.ActivityManagerNative.onTransact:1311 com.android.server.am.ActivityManagerService.onTransact:2071 
I/ActivityManager(  327): Process com.music.hero.music.player.mp3.free (pid 22361) has died.
I/ActivityManager(  327): Start proc com.music.hero.music.player.mp3.free for activity com.music.hero.music.player.mp3.free/com.qihoo.util.StartActivity: pid=22377 uid=10062 gids={50062, 3003, 1028, 1015, 1023}
I/dalvikvm(22377): ignoring registerObject request in thread=1
I/dalvikvm(22377): ignoring registerObject request in thread=1
W/NetworkManagementSocketTagger(  327): setKernelCountSet(10062, 1) failed with errno -13
D/dalvikvm(22377): DexOpt: couldn't find static field Landroid/os/Build;.SUPPORTED_32_BIT_ABIS
W/dalvikvm(22377): VFY: unable to resolve static field 3 (SUPPORTED_32_BIT_ABIS) in Landroid/os/Build;
D/dalvikvm(22377): VFY: replacing opcode 0x62 at 0x0000
D/dalvikvm(22377): JIT code cache reset in 0 ms (0 bytes 1/0)
D/dalvikvm(22377): GC_CONCURRENT freed 69K, 5% free 3154K/3300K, paused 2ms+0ms, total 4ms
D/dalvikvm(22377): Trying to load lib /data/data/com.music.hero.music.player.mp3.free/.jiagu/libjiagu.so 0x94f591c0
D/dalvikvm(22377): Added shared lib /data/data/com.music.hero.music.player.mp3.free/.jiagu/libjiagu.so 0x94f591c0
D/AndroidRuntime(22377): Shutting down VM
W/dalvikvm(22377): threadid=1: thread exiting with uncaught exception (group=0x94c8fb20)
E/AndroidRuntime(22377): FATAL EXCEPTION: main
E/AndroidRuntime(22377): Process: com.music.hero.music.player.mp3.free, PID: 22377
E/AndroidRuntime(22377): java.lang.UnsatisfiedLinkError: JNI_ERR returned from JNI_OnLoad in "/data/data/com.music.hero.music.player.mp3.free/.jiagu/libjiagu.so"
E/AndroidRuntime(22377): 	at java.lang.Runtime.load(Runtime.java:333)
E/AndroidRuntime(22377): 	at java.lang.System.load(System.java:512)
E/AndroidRuntime(22377): 	at com.qihoo.util.StubApp4184355851.attachBaseContext(StubApp4184355851.java:191)
E/AndroidRuntime(22377): 	at android.app.Application.attach(Application.java:181)
E/AndroidRuntime(22377): 	at android.app.Instrumentation.newApplication(Instrumentation.java:1008)
E/AndroidRuntime(22377): 	at android.app.Instrumentation.newApplication(Instrumentation.java:992)
E/AndroidRuntime(22377): 	at android.app.LoadedApk.makeApplication(LoadedApk.java:511)
E/AndroidRuntime(22377): 	at android.app.ActivityThread.handleBindApplication(ActivityThread.java:4319)
E/AndroidRuntime(22377): 	at android.app.ActivityThread.access$1500(ActivityThread.java:135)
E/AndroidRuntime(22377): 	at android.app.ActivityThread$H.handleMessage(ActivityThread.java:1256)
E/AndroidRuntime(22377): 	at android.os.Handler.dispatchMessage(Handler.java:102)
E/AndroidRuntime(22377): 	at android.os.Looper.loop(Looper.java:136)
E/AndroidRuntime(22377): 	at android.app.ActivityThread.main(ActivityThread.java:5019)
E/AndroidRuntime(22377): 	at java.lang.reflect.Method.invokeNative(Native Method)
E/AndroidRuntime(22377): 	at java.lang.reflect.Method.invoke(Method.java:515)
E/AndroidRuntime(22377): 	at com.android.internal.os.ZygoteInit$MethodAndArgsCaller.run(ZygoteInit.java:779)
E/AndroidRuntime(22377): 	at com.android.internal.os.ZygoteInit.main(ZygoteInit.java:595)
E/AndroidRuntime(22377): 	at dalvik.system.NativeStart.main(Native Method)
I/Process (  327): Sending signal. PID: 22377 SIG: 9
W/NetworkManagementSocketTagger(  327): setKernelCountSet(10062, 0) failed with errno -13
W/ActivityManager(  327): Force-killing crashed app com.music.hero.music.player.mp3.free at watcher's request
W/ContextImpl(  327): Calling a method in the system process without a qualified user: android.app.ContextImpl.sendBroadcast:1123 com.android.server.am.ActivityManagerService.handleApplicationCrashInner:9670 com.android.server.am.ActivityManagerService.handleApplicationCrash:9644 android.app.ActivityManagerNative.onTransact:1311 com.android.server.am.ActivityManagerService.onTransact:2071 
I/ActivityManager(  327): Process com.music.hero.music.player.mp3.free (pid 22377) has died.
D/dalvikvm(  174): GC_EXPLICIT freed 41K, 4% free 2785K/2892K, paused 0ms+1ms, total 3ms
D/dalvikvm(  174): GC_EXPLICIT freed <1K, 4% free 2785K/2892K, paused 0ms+0ms, total 3ms
I/ActivityManager(  327): Start proc com.music.hero.music.player.mp3.free for activity com.music.hero.music.player.mp3.free/com.qihoo.util.StartActivity: pid=22394 uid=10062 gids={50062, 3003, 1028, 1015, 1023}
W/NetworkManagementSocketTagger(  327): setKernelCountSet(10062, 1) failed with errno -13
I/dalvikvm(22394): ignoring registerObject request in thread=1
I/dalvikvm(22394): ignoring registerObject request in thread=1
D/dalvikvm(22394): DexOpt: couldn't find static field Landroid/os/Build;.SUPPORTED_32_BIT_ABIS
W/dalvikvm(22394): VFY: unable to resolve static field 3 (SUPPORTED_32_BIT_ABIS) in Landroid/os/Build;
D/dalvikvm(22394): VFY: replacing opcode 0x62 at 0x0000
D/dalvikvm(  174): GC_EXPLICIT freed <1K, 4% free 2786K/2892K, paused 0ms+6ms, total 17ms
D/dalvikvm(22394): JIT code cache reset in 0 ms (0 bytes 1/0)
D/dalvikvm(22394): GC_CONCURRENT freed 73K, 5% free 3154K/3300K, paused 1ms+1ms, total 4ms
D/dalvikvm(22394): WAIT_FOR_CONCURRENT_GC blocked 6ms
D/dalvikvm(22394): Trying to load lib /data/data/com.music.hero.music.player.mp3.free/.jiagu/libjiagu.so 0x94f5a0d8
D/dalvikvm(  650): GC_EXPLICIT freed 881K, 19% free 7477K/9136K, paused 1ms+2ms, total 21ms
D/dalvikvm(22394): Added shared lib /data/data/com.music.hero.music.player.mp3.free/.jiagu/libjiagu.so 0x94f5a0d8
D/AndroidRuntime(22394): Shutting down VM
W/dalvikvm(22394): threadid=1: thread exiting with uncaught exception (group=0x94c8fb20)
I/Process (  327): Sending signal. PID: 22394 SIG: 9
E/AndroidRuntime(22394): FATAL EXCEPTION: main
E/AndroidRuntime(22394): Process: com.music.hero.music.player.mp3.free, PID: 22394
E/AndroidRuntime(22394): java.lang.UnsatisfiedLinkError: JNI_ERR returned from JNI_OnLoad in "/data/data/com.music.hero.music.player.mp3.free/.jiagu/libjiagu.so"
E/AndroidRuntime(22394): 	at java.lang.Runtime.load(Runtime.java:333)
E/AndroidRuntime(22394): 	at java.lang.System.load(System.java:512)
E/AndroidRuntime(22394): 	at com.qihoo.util.StubApp4184355851.attachBaseContext(StubApp4184355851.java:191)
E/AndroidRuntime(22394): 	at android.app.Application.attach(Application.java:181)
E/AndroidRuntime(22394): 	at android.app.Instrumentation.newApplication(Instrumentation.java:1008)
E/AndroidRuntime(22394): 	at android.app.Instrumentation.newApplication(Instrumentation.java:992)
E/AndroidRuntime(22394): 	at android.app.LoadedApk.makeApplication(LoadedApk.java:511)
E/AndroidRuntime(22394): 	at android.app.ActivityThread.handleBindApplication(ActivityThread.java:4319)
E/AndroidRuntime(22394): 	at android.app.ActivityThread.access$1500(ActivityThread.java:135)
E/AndroidRuntime(22394): 	at android.app.ActivityThread$H.handleMessage(ActivityThread.java:1256)
E/AndroidRuntime(22394): 	at android.os.Handler.dispatchMessage(Handler.java:102)
E/AndroidRuntime(22394): 	at android.os.Looper.loop(Looper.java:136)
E/AndroidRuntime(22394): 	at android.app.ActivityThread.main(ActivityThread.java:5019)
E/AndroidRuntime(22394): 	at java.lang.reflect.Method.invokeNative(Native Method)
E/AndroidRuntime(22394): 	at java.lang.reflect.Method.invoke(Method.java:515)
E/AndroidRuntime(22394): 	at com.android.internal.os.ZygoteInit$MethodAndArgsCaller.run(ZygoteInit.java:779)
E/AndroidRuntime(22394): 	at com.android.internal.os.ZygoteInit.main(ZygoteInit.java:595)
E/AndroidRuntime(22394): 	at dalvik.system.NativeStart.main(Native Method)
W/ActivityManager(  327): Force-killing crashed app com.music.hero.music.player.mp3.free at watcher's request
W/ContextImpl(  327): Calling a method in the system process without a qualified user: android.app.ContextImpl.sendBroadcast:1123 com.android.server.am.ActivityManagerService.handleApplicationCrashInner:9670 com.android.server.am.ActivityManagerService.handleApplicationCrash:9644 android.app.ActivityManagerNative.onTransact:1311 com.android.server.am.ActivityManagerService.onTransact:2071 
W/NetworkManagementSocketTagger(  327): setKernelCountSet(10062, 0) failed with errno -13
I/InputDispatcher(  327): Dropping event because there is no focused window or focused application.
I/InputDispatcher(  327): Dropping event because there is no focused window or focused application.
I/InputDispatcher(  327): Dropping event because there is no focused window or focused application.
I/InputDispatcher(  327): Dropping event because there is no focused window or focused application.
I/InputDispatcher(  327): Dropping event because there is no focused window or focused application.
I/InputDispatcher(  327): Dropping event because there is no focused window or focused application.
I/InputDispatcher(  327): Dropping event because there is no focused window or focused application.
I/ActivityManager(  327): Process com.music.hero.music.player.mp3.free (pid 22394) has died.
W/ActivityManager(  327): Force removing ActivityRecord{4aa1c874 u0 com.music.hero.music.player.mp3.free/com.qihoo.util.StartActivity t118}: app died, no saved state
W/InputManager(  327): Input event injection from pid 22165 failed.
W/InputManager(  327): Input event injection from pid 22165 failed.
W/InputManager(  327): Input event injection from pid 22165 failed.
W/InputManager(  327): Input event injection from pid 22165 failed.
W/InputManager(  327): Input event injection from pid 22165 failed.
W/InputManager(  327): Input event injection from pid 22165 failed.
W/InputManager(  327): Input event injection from pid 22165 failed.
W/InputManager(  327): Input event injection from pid 22165 failed.
W/InputManager(  327): Input event injection from pid 22165 failed.
W/InputManager(  327): Input event injection from pid 22165 failed.
W/InputManager(  327): Input event injection from pid 22165 failed.
W/InputManager(  327): Input event injection from pid 22165 failed.
W/InputManager(  327): Input event injection from pid 22165 failed.
W/InputManager(  327): Input event injection from pid 22165 failed.
W/InputManager(  327): Input event injection from pid 22165 failed.
I/InputDispatcher(  327): Dropping event because there is no focused window or focused application.
I/InputDispatcher(  327): Dropping event because there is no focused window or focused application.
I/InputDispatcher(  327): Dropping event because there is no focused window or focused application.
I/InputDispatcher(  327): Dropping event because there is no focused window or focused application.
W/InputManager(  327): Input event injection from pid 22165 failed.
W/InputManager(  327): Input event injection from pid 22165 failed.
W/InputManager(  327): Input event injection from pid 22165 failed.
W/InputManager(  327): Input event injection from pid 22165 failed.
W/InputManager(  327): Input event injection from pid 22165 failed.
W/InputManager(  327): Input event injection from pid 22165 failed.
W/InputManager(  327): Input event injection from pid 22165 failed.
D/FirebaseApp(  675): Notifying background state change listeners.
I/InputDispatcher(  327): Dropping event because there is no focused window or focused application.
I/InputDispatcher(  327): Dropping event because there is no focused window or focused application.
I/ActivityManager(  327): START u0 {act=android.intent.action.MAIN cat=[android.intent.category.HOME] flg=0x10200000 cmp=com.vphone.launcher/.Launcher} from pid 327
W/InputManager(  327): Input event injection from pid 22165 failed.
W/InputManager(  327): Input event injection from pid 22165 failed.
W/EGL_emulation(  675): eglSurfaceAttrib not implemented 3093 12436
W/ViewRootImpl(  675): Dropping event due to no window focus: MotionEvent { action=ACTION_MOVE, id[0]=0, x[0]=4.0, y[0]=-5.0, toolType[0]=TOOL_TYPE_UNKNOWN, buttonState=0, metaState=0, flags=0x0, edgeFlags=0x0, pointerCount=1, historySize=9, eventTime=10198810, downTime=-1, deviceId=0, source=0x10004 }
W/ViewRootImpl(  675): Dropping event due to no window focus: MotionEvent { action=ACTION_DOWN, id[0]=0, x[0]=0.0, y[0]=0.0, toolType[0]=TOOL_TYPE_UNKNOWN, buttonState=0, metaState=0, flags=0x0, edgeFlags=0x0, pointerCount=1, historySize=0, eventTime=10198811, downTime=10198808, deviceId=0, source=0x10004 }
W/InputMethodManagerService(  327): Window already focused, ignoring focus gain of: com.android.internal.view.IInputMethodClient$Stub$Proxy@4a8e55dc attribute=null, token = android.os.BinderProxy@4ac5cec0
I/WearableService(  650): Wearable Services stopping
W/PropertyValuesHolder(  675): Method setBrightness() with type int not found on target class class ph
W/PropertyValuesHolder(  675): Method getBrightness() with type int not found on target class class ph
I/ActivityManager(  327): START u0 {act=android.intent.action.MAIN cat=[android.intent.category.LAUNCHER] flg=0x10200000 cmp=com.android.contacts/.activities.PeopleActivity bnds=[290,388][431,618] (has extras)} from pid 675
W/ContextImpl(  675): Calling a method in the system process without a qualified user: android.app.ContextImpl.sendBroadcast:1137 android.content.ContextWrapper.sendBroadcast:370 com.vphone.launcher.Stats.recordLaunch:129 com.vphone.launcher.Launcher.c:3192 com.vphone.launcher.Launcher.onClickAppShortcut:3144 
W/PropertyValuesHolder(  675): Method setBrightness() with type int not found on target class class ph
W/PropertyValuesHolder(  675): Method getBrightness() with type int not found on target class class ph
W/WindowManager(  327): updateFocusedWindowLocked, focusedAppToken is null.
W/ViewRootImpl(  540): Dropping event due to no window focus: KeyEvent { action=ACTION_DOWN, keyCode=KEYCODE_DPAD_CENTER, scanCode=0, metaState=0, flags=0x8, repeatCount=0, eventTime=10198906, downTime=10198906, deviceId=-1, source=0x101 }
I/ActivityManager(  327): START u0 {act=android.intent.action.MAIN cat=[android.intent.category.LAUNCHER] flg=0x10200000 cmp=com.cyanogenmod.filemanager/.activities.NavigationActivity bnds=[149,388][290,618] (has extras)} from pid 675
W/ContextImpl(  675): Calling a method in the system process without a qualified user: android.app.ContextImpl.sendBroadcast:1137 android.content.ContextWrapper.sendBroadcast:370 com.vphone.launcher.Stats.recordLaunch:129 com.vphone.launcher.Launcher.c:3192 com.vphone.launcher.Launcher.onClickAppShortcut:3144 
W/ViewRootImpl(  540): Dropping event due to no window focus: KeyEvent { action=ACTION_DOWN, keyCode=KEYCODE_DPAD_RIGHT, scanCode=0, metaState=0, flags=0x8, repeatCount=0, eventTime=10198915, downTime=10198915, deviceId=-1, source=0x101 }
W/ViewRootImpl(  540): Dropping event due to no window focus: KeyEvent { action=ACTION_DOWN, keyCode=KEYCODE_CALL, scanCode=0, metaState=0, flags=0x8, repeatCount=0, eventTime=10198915, downTime=10198915, deviceId=-1, source=0x101 }
W/ContextImpl(  327): Calling a method in the system process without a qualified user: android.app.ContextImpl.sendBroadcast:1123 com.android.server.InputMethodManagerService.hideCurrentInputLocked:1880 com.android.server.InputMethodManagerService.windowGainedFocus:1968 com.android.internal.view.IInputMethodManager$Stub.onTransact:221 com.android.server.InputMethodManagerService.onTransact:818 
W/InputMethodManagerService(  327): Starting input on non-focused client com.android.internal.view.IInputMethodClient$Stub$Proxy@4a93369c (uid=1000 pid=675)
W/InputMethodManagerService(  327): Starting input on non-focused client com.android.internal.view.IInputMethodClient$Stub$Proxy@4a93369c (uid=1000 pid=675)
W/BackupManagerService(  327): dataChanged but no participant pkg='com.android.providers.settings' uid=10010
I/ActivityManager(  327): START u0 {act=android.intent.action.MAIN cat=[android.intent.category.HOME] flg=0x10200000 cmp=com.vphone.launcher/.Launcher} from pid 327
W/InputEventReceiver(  540): Attempted to finish an input event but the input event receiver has already been disposed.
W/InputEventReceiver(  540): Attempted to finish an input event but the input event receiver has already been disposed.
W/ViewRootImpl(  540): Dropping event due to root view being removed: MotionEvent { action=ACTION_UP, id[0]=0, x[0]=682.02545, y[0]=489.39294, toolType[0]=TOOL_TYPE_UNKNOWN, buttonState=0, metaState=0, flags=0x0, edgeFlags=0x0, pointerCount=1, historySize=0, eventTime=10198981, downTime=10198981, deviceId=0, source=0x1002 }
W/ViewRootImpl(  675): Dropping event due to no window focus: KeyEvent { action=ACTION_DOWN, keyCode=KEYCODE_DPAD_CENTER, scanCode=0, metaState=0, flags=0x8, repeatCount=0, eventTime=10198986, downTime=10198986, deviceId=-1, source=0x101 }
W/ContextImpl(  327): Calling a method in the system process without a qualified user: android.app.ContextImpl.sendBroadcast:1123 com.android.server.InputMethodManagerService.hideCurrentInputLocked:1880 com.android.server.InputMethodManagerService.windowGainedFocus:1968 com.android.internal.view.IInputMethodManager$Stub.onTransact:221 com.android.server.InputMethodManagerService.onTransact:818 
W/PropertyValuesHolder(  675): Method setBrightness() with type int not found on target class class ph
W/PropertyValuesHolder(  675): Method getBrightness() with type int not found on target class class ph
W/BackupManagerService(  327): dataChanged but no participant pkg='com.android.providers.settings' uid=10010
I/ActivityManager(  327): START u0 {act=android.intent.action.MAIN cat=[android.intent.category.LAUNCHER] flg=0x10200000 cmp=com.android.browser/.BrowserActivity bnds=[8,388][149,618] (has extras)} from pid 675
W/ContextImpl(  675): Calling a method in the system process without a qualified user: android.app.ContextImpl.sendBroadcast:1137 android.content.ContextWrapper.sendBroadcast:370 com.vphone.launcher.Stats.recordLaunch:129 com.vphone.launcher.Launcher.c:3192 com.vphone.launcher.Launcher.onClickAppShortcut:3144 
I/ActivityManager(  327): START u0 {act=android.intent.action.MAIN cat=[android.intent.category.LAUNCHER] flg=0x10200000 cmp=com.android.browser/.BrowserActivity bnds=[8,388][149,618] (has extras)} from pid 675
W/ContextImpl(  675): Calling a method in the system process without a qualified user: android.app.ContextImpl.sendBroadcast:1137 android.content.ContextWrapper.sendBroadcast:370 com.vphone.launcher.Stats.recordLaunch:129 com.vphone.launcher.Launcher.c:3192 com.vphone.launcher.Launcher.onClickAppShortcut:3144 
W/Launcher(  675): No global search activity found.
W/PropertyValuesHolder(  675): Method setBrightness() with type int not found on target class class ph
W/PropertyValuesHolder(  675): Method getBrightness() with type int not found on target class class ph
I/ActivityManager(  327): START u0 {act=android.intent.action.MAIN cat=[android.intent.category.LAUNCHER] flg=0x10200000 cmp=com.music.hero.music.player.mp3.free/com.qihoo.util.StartActivity bnds=[572,618][713,848]} from pid 675
W/PropertyValuesHolder(  675): Method setBrightness() with type int not found on target class class ph
W/PropertyValuesHolder(  675): Method getBrightness() with type int not found on target class class ph
W/ContextImpl(  675): Calling a method in the system process without a qualified user: android.app.ContextImpl.sendBroadcast:1137 android.content.ContextWrapper.sendBroadcast:370 com.vphone.launcher.Stats.recordLaunch:129 com.vphone.launcher.Launcher.c:3192 com.vphone.launcher.Launcher.onClickAppShortcut:3144 
D/yeshen  (  675): launcher onpause
I/ActivityManager(  327): Start proc com.music.hero.music.player.mp3.free for activity com.music.hero.music.player.mp3.free/com.qihoo.util.StartActivity: pid=22434 uid=10062 gids={50062, 3003, 1028, 1015, 1023}
W/NetworkManagementSocketTagger(  327): setKernelCountSet(10062, 1) failed with errno -13
W/ViewRootImpl(  675): Dropping event due to no window focus: MotionEvent { action=ACTION_MOVE, id[0]=0, x[0]=0.0, y[0]=-4.0, toolType[0]=TOOL_TYPE_UNKNOWN, buttonState=0, metaState=0, flags=0x0, edgeFlags=0x0, pointerCount=1, historySize=4, eventTime=10199080, downTime=-1, deviceId=0, source=0x10004 }
I/dalvikvm(22434): ignoring registerObject request in thread=1
I/dalvikvm(22434): ignoring registerObject request in thread=1
D/dalvikvm(22434): DexOpt: couldn't find static field Landroid/os/Build;.SUPPORTED_32_BIT_ABIS
W/dalvikvm(22434): VFY: unable to resolve static field 3 (SUPPORTED_32_BIT_ABIS) in Landroid/os/Build;
D/dalvikvm(22434): VFY: replacing opcode 0x62 at 0x0000
D/yeshen  (  675): launcher onstop
D/dalvikvm(22434): JIT code cache reset in 0 ms (0 bytes 1/0)
D/dalvikvm(22434): GC_CONCURRENT freed 35K, 4% free 3154K/3264K, paused 2ms+0ms, total 6ms
W/DebugConnManager(  675): getNetworkInfo() on networkType 1
D/FirebaseApp(  675): Notifying background state change listeners.
D/Tinker.DefaultAppLike(  675): onTrimMemory level:20
D/dalvikvm(22434): Trying to load lib /data/data/com.music.hero.music.player.mp3.free/.jiagu/libjiagu.so 0x94f4dd98
D/dalvikvm(22434): Added shared lib /data/data/com.music.hero.music.player.mp3.free/.jiagu/libjiagu.so 0x94f4dd98
D/AndroidRuntime(22434): Shutting down VM
W/dalvikvm(22434): threadid=1: thread exiting with uncaught exception (group=0x94c8fb20)
I/Process (  327): Sending signal. PID: 22434 SIG: 9
E/AndroidRuntime(22434): FATAL EXCEPTION: main
E/AndroidRuntime(22434): Process: com.music.hero.music.player.mp3.free, PID: 22434
E/AndroidRuntime(22434): java.lang.UnsatisfiedLinkError: JNI_ERR returned from JNI_OnLoad in "/data/data/com.music.hero.music.player.mp3.free/.jiagu/libjiagu.so"
E/AndroidRuntime(22434): 	at java.lang.Runtime.load(Runtime.java:333)
E/AndroidRuntime(22434): 	at java.lang.System.load(System.java:512)
E/AndroidRuntime(22434): 	at com.qihoo.util.StubApp4184355851.attachBaseContext(StubApp4184355851.java:191)
E/AndroidRuntime(22434): 	at android.app.Application.attach(Application.java:181)
E/AndroidRuntime(22434): 	at android.app.Instrumentation.newApplication(Instrumentation.java:1008)
E/AndroidRuntime(22434): 	at android.app.Instrumentation.newApplication(Instrumentation.java:992)
E/AndroidRuntime(22434): 	at android.app.LoadedApk.makeApplication(LoadedApk.java:511)
E/AndroidRuntime(22434): 	at android.app.ActivityThread.handleBindApplication(ActivityThread.java:4319)
E/AndroidRuntime(22434): 	at android.app.ActivityThread.access$1500(ActivityThread.java:135)
E/AndroidRuntime(22434): 	at android.app.ActivityThread$H.handleMessage(ActivityThread.java:1256)
E/AndroidRuntime(22434): 	at android.os.Handler.dispatchMessage(Handler.java:102)
E/AndroidRuntime(22434): 	at android.os.Looper.loop(Looper.java:136)
E/AndroidRuntime(22434): 	at android.app.ActivityThread.main(ActivityThread.java:5019)
E/AndroidRuntime(22434): 	at java.lang.reflect.Method.invokeNative(Native Method)
E/AndroidRuntime(22434): 	at java.lang.reflect.Method.invoke(Method.java:515)
E/AndroidRuntime(22434): 	at com.android.internal.os.ZygoteInit$MethodAndArgsCaller.run(ZygoteInit.java:779)
E/AndroidRuntime(22434): 	at com.android.internal.os.ZygoteInit.main(ZygoteInit.java:595)
E/AndroidRuntime(22434): 	at dalvik.system.NativeStart.main(Native Method)
W/ActivityManager(  327): Force-killing crashed app com.music.hero.music.player.mp3.free at watcher's request
W/ContextImpl(  327): Calling a method in the system process without a qualified user: android.app.ContextImpl.sendBroadcast:1123 com.android.server.am.ActivityManagerService.handleApplicationCrashInner:9670 com.android.server.am.ActivityManagerService.handleApplicationCrash:9644 android.app.ActivityManagerNative.onTransact:1311 com.android.server.am.ActivityManagerService.onTransact:2071 
W/NetworkManagementSocketTagger(  327): setKernelCountSet(10062, 0) failed with errno -13
I/ActivityManager(  327): Process com.music.hero.music.player.mp3.free (pid 22434) has died.
I/ActivityManager(  327): Start proc com.music.hero.music.player.mp3.free for activity com.music.hero.music.player.mp3.free/com.qihoo.util.StartActivity: pid=22450 uid=10062 gids={50062, 3003, 1028, 1015, 1023}
W/NetworkManagementSocketTagger(  327): setKernelCountSet(10062, 1) failed with errno -13
I/dalvikvm(22450): ignoring registerObject request in thread=1
I/dalvikvm(22450): ignoring registerObject request in thread=1
D/dalvikvm(22450): DexOpt: couldn't find static field Landroid/os/Build;.SUPPORTED_32_BIT_ABIS
W/dalvikvm(22450): VFY: unable to resolve static field 3 (SUPPORTED_32_BIT_ABIS) in Landroid/os/Build;
D/dalvikvm(22450): VFY: replacing opcode 0x62 at 0x0000
D/dalvikvm(22450): JIT code cache reset in 0 ms (0 bytes 1/0)
D/dalvikvm(22450): GC_FOR_ALLOC freed 39K, 4% free 3154K/3268K, paused 7ms, total 8ms
D/dalvikvm(22450): GC_CONCURRENT freed 0K, 4% free 3487K/3604K, paused 1ms+1ms, total 3ms
D/dalvikvm(22450): Trying to load lib /data/data/com.music.hero.music.player.mp3.free/.jiagu/libjiagu.so 0x94f4ec90
D/dalvikvm(22450): Added shared lib /data/data/com.music.hero.music.player.mp3.free/.jiagu/libjiagu.so 0x94f4ec90
D/AndroidRuntime(22450): Shutting down VM
W/dalvikvm(22450): threadid=1: thread exiting with uncaught exception (group=0x94c8fb20)
I/Process (  327): Sending signal. PID: 22450 SIG: 9
E/AndroidRuntime(22450): FATAL EXCEPTION: main
E/AndroidRuntime(22450): Process: com.music.hero.music.player.mp3.free, PID: 22450
E/AndroidRuntime(22450): java.lang.UnsatisfiedLinkError: JNI_ERR returned from JNI_OnLoad in "/data/data/com.music.hero.music.player.mp3.free/.jiagu/libjiagu.so"
E/AndroidRuntime(22450): 	at java.lang.Runtime.load(Runtime.java:333)
E/AndroidRuntime(22450): 	at java.lang.System.load(System.java:512)
E/AndroidRuntime(22450): 	at com.qihoo.util.StubApp4184355851.attachBaseContext(StubApp4184355851.java:191)
E/AndroidRuntime(22450): 	at android.app.Application.attach(Application.java:181)
E/AndroidRuntime(22450): 	at android.app.Instrumentation.newApplication(Instrumentation.java:1008)
E/AndroidRuntime(22450): 	at android.app.Instrumentation.newApplication(Instrumentation.java:992)
E/AndroidRuntime(22450): 	at android.app.LoadedApk.makeApplication(LoadedApk.java:511)
E/AndroidRuntime(22450): 	at android.app.ActivityThread.handleBindApplication(ActivityThread.java:4319)
E/AndroidRuntime(22450): 	at android.app.ActivityThread.access$1500(ActivityThread.java:135)
E/AndroidRuntime(22450): 	at android.app.ActivityThread$H.handleMessage(ActivityThread.java:1256)
E/AndroidRuntime(22450): 	at android.os.Handler.dispatchMessage(Handler.java:102)
E/AndroidRuntime(22450): 	at android.os.Looper.loop(Looper.java:136)
E/AndroidRuntime(22450): 	at android.app.ActivityThread.main(ActivityThread.java:5019)
E/AndroidRuntime(22450): 	at java.lang.reflect.Method.invokeNative(Native Method)
E/AndroidRuntime(22450): 	at java.lang.reflect.Method.invoke(Method.java:515)
E/AndroidRuntime(22450): 	at com.android.internal.os.ZygoteInit$MethodAndArgsCaller.run(ZygoteInit.java:779)
E/AndroidRuntime(22450): 	at com.android.internal.os.ZygoteInit.main(ZygoteInit.java:595)
E/AndroidRuntime(22450): 	at dalvik.system.NativeStart.main(Native Method)
W/ActivityManager(  327): Force-killing crashed app com.music.hero.music.player.mp3.free at watcher's request
W/ContextImpl(  327): Calling a method in the system process without a qualified user: android.app.ContextImpl.sendBroadcast:1123 com.android.server.am.ActivityManagerService.handleApplicationCrashInner:9670 com.android.server.am.ActivityManagerService.handleApplicationCrash:9644 android.app.ActivityManagerNative.onTransact:1311 com.android.server.am.ActivityManagerService.onTransact:2071 
W/NetworkManagementSocketTagger(  327): setKernelCountSet(10062, 0) failed with errno -13
I/ActivityManager(  327): Process com.music.hero.music.player.mp3.free (pid 22450) has died.
W/NetworkManagementSocketTagger(  327): setKernelCountSet(10062, 1) failed with errno -13
I/dalvikvm(22468): ignoring registerObject request in thread=1
I/dalvikvm(22468): ignoring registerObject request in thread=1
I/ActivityManager(  327): Start proc com.music.hero.music.player.mp3.free for activity com.music.hero.music.player.mp3.free/com.qihoo.util.StartActivity: pid=22468 uid=10062 gids={50062, 3003, 1028, 1015, 1023}
D/dalvikvm(22468): DexOpt: couldn't find static field Landroid/os/Build;.SUPPORTED_32_BIT_ABIS
W/dalvikvm(22468): VFY: unable to resolve static field 3 (SUPPORTED_32_BIT_ABIS) in Landroid/os/Build;
D/dalvikvm(22468): VFY: replacing opcode 0x62 at 0x0000
D/dalvikvm(  728): GC_EXPLICIT freed 1953K, 46% free 10548K/19292K, paused 0ms+1ms, total 21ms
D/dalvikvm(22468): JIT code cache reset in 0 ms (0 bytes 1/0)
D/dalvikvm(22468): GC_CONCURRENT freed 43K, 4% free 3154K/3272K, paused 1ms+6ms, total 9ms
D/dalvikvm(22468): Trying to load lib /data/data/com.music.hero.music.player.mp3.free/.jiagu/libjiagu.so 0x94f52870
D/dalvikvm(22468): Added shared lib /data/data/com.music.hero.music.player.mp3.free/.jiagu/libjiagu.so 0x94f52870
D/AndroidRuntime(22468): Shutting down VM
