I/System.out(20561): body:<com.squareup.okhttp.HttpUrl$Builder: java.lang.String domainToAscii(java.lang.String)>	sig:$r0 = staticinvoke <java.net.IDN: java.lang.String toASCII(java.lang.String)>($r0)	timediff:0
I/System.out(20561): body:<g.a.b: java.lang.String b(java.lang.String)>	sig:$r0 = staticinvoke <java.net.URLDecoder: java.lang.String decode(java.lang.String,java.lang.String)>($r0, "UTF-8")	timediff:0
I/System.out(20561): body:<g.a.b: java.lang.String b(java.lang.String)>	sig:$r0 = staticinvoke <java.net.URLDecoder: java.lang.String decode(java.lang.String,java.lang.String)>($r0, "UTF-8")	timediff:0
I/System.out(20561): body:<g.a.c.d: java.lang.String b()>	sig:specialinvoke $r2.<java.net.URI: void <init>(java.lang.String)>($r3)	timediff:0
I/System.out(20561): body:<g.a.c.d: java.lang.String b()>	sig:$r3 = virtualinvoke $r2.<java.net.URI: java.lang.String getScheme()>()	timediff:0
I/System.out(20561): body:<g.a.c.d: java.lang.String b()>	sig:$r4 = virtualinvoke $r2.<java.net.URI: java.lang.String getAuthority()>()	timediff:0
I/System.out(20561): body:<g.a.c.d: java.lang.String b()>	sig:$i0 = virtualinvoke $r2.<java.net.URI: int getPort()>()	timediff:0
I/System.out(20561): body:<g.a.c.d: java.lang.String b()>	sig:$r4 = virtualinvoke $r2.<java.net.URI: java.lang.String getRawPath()>()	timediff:0
I/System.out(20561): body:<com.squareup.okhttp.HttpUrl: java.net.URL url()>	sig:specialinvoke $r1.<java.net.URL: void <init>(java.lang.String)>($r2)	timediff:1
I/System.out(20561): <com.squareup.okhttp.HttpUrl: java.net.URL url()>###specialinvoke $r1.<java.net.URL: void <init>(java.lang.String)>($r2)###https://tuneme.uservoice.com/api/v1/topics.json?per_page=100
I/System.out(20561): body:<com.squareup.okhttp.HttpUrl: com.squareup.okhttp.HttpUrl get(java.net.URL)>	sig:$r1 = virtualinvoke $r0.<java.net.URL: java.lang.String toString()>()	timediff:0
I/System.out(20561): body:<com.squareup.okhttp.HttpUrl$Builder: java.lang.String domainToAscii(java.lang.String)>	sig:$r0 = staticinvoke <java.net.IDN: java.lang.String toASCII(java.lang.String)>($r0)	timediff:0
D/UV      (20561): /api/v1/topics.json
I/System.out(20561): body:<com.squareup.okhttp.Connection: boolean isAlive()>	sig:$z0 = virtualinvoke $r1.<java.net.Socket: boolean isClosed()>()	timediff:0
I/System.out(20561): body:<com.squareup.okhttp.Connection: boolean isAlive()>	sig:$z0 = virtualinvoke $r1.<java.net.Socket: boolean isInputShutdown()>()	timediff:0
I/System.out(20561): body:<com.squareup.okhttp.Connection: boolean isAlive()>	sig:$z0 = virtualinvoke $r1.<java.net.Socket: boolean isOutputShutdown()>()	timediff:0
I/System.out(20561): body:<com.squareup.okhttp.Connection: boolean isAlive()>	sig:$z0 = virtualinvoke $r1.<java.net.Socket: boolean isClosed()>()	timediff:0
I/System.out(20561): body:<com.squareup.okhttp.Connection: boolean isAlive()>	sig:$z0 = virtualinvoke $r1.<java.net.Socket: boolean isInputShutdown()>()	timediff:0
I/System.out(20561): body:<com.squareup.okhttp.Connection: boolean isAlive()>	sig:$z0 = virtualinvoke $r1.<java.net.Socket: boolean isOutputShutdown()>()	timediff:0
I/System.out(20561): body:<com.squareup.okhttp.Connection: boolean isAlive()>	sig:$z0 = virtualinvoke $r1.<java.net.Socket: boolean isClosed()>()	timediff:0
I/System.out(20561): body:<com.squareup.okhttp.Connection: boolean isAlive()>	sig:$z0 = virtualinvoke $r1.<java.net.Socket: boolean isInputShutdown()>()	timediff:0
I/System.out(20561): body:<com.squareup.okhttp.Connection: boolean isAlive()>	sig:$z0 = virtualinvoke $r1.<java.net.Socket: boolean isOutputShutdown()>()	timediff:0
I/System.out(20561): body:<com.squareup.okhttp.Connection: boolean isAlive()>	sig:$z0 = virtualinvoke $r1.<java.net.Socket: boolean isClosed()>()	timediff:0
I/System.out(20561): body:<com.squareup.okhttp.Connection: boolean isAlive()>	sig:$z0 = virtualinvoke $r1.<java.net.Socket: boolean isInputShutdown()>()	timediff:0
I/System.out(20561): body:<com.squareup.okhttp.Connection: boolean isAlive()>	sig:$z0 = virtualinvoke $r1.<java.net.Socket: boolean isOutputShutdown()>()	timediff:0
I/System.out(20561): body:<com.squareup.okhttp.Connection: boolean isAlive()>	sig:$z0 = virtualinvoke $r1.<java.net.Socket: boolean isClosed()>()	timediff:0
I/System.out(20561): body:<com.squareup.okhttp.Connection: boolean isAlive()>	sig:$z0 = virtualinvoke $r1.<java.net.Socket: boolean isInputShutdown()>()	timediff:0
I/System.out(20561): body:<com.squareup.okhttp.Connection: boolean isAlive()>	sig:$z0 = virtualinvoke $r1.<java.net.Socket: boolean isOutputShutdown()>()	timediff:0
I/System.out(20561): body:<com.squareup.okhttp.OkHttpClient: com.squareup.okhttp.OkHttpClient copyWithDefaults()>	sig:$r2 = staticinvoke <java.net.ProxySelector: java.net.ProxySelector getDefault()>()	timediff:0
I/System.out(20561): body:<com.squareup.okhttp.OkHttpClient: com.squareup.okhttp.OkHttpClient copyWithDefaults()>	sig:$r3 = staticinvoke <java.net.CookieHandler: java.net.CookieHandler getDefault()>()	timediff:0
I/System.out(20561): body:<com.squareup.okhttp.HttpUrl: java.net.URL url()>	sig:specialinvoke $r1.<java.net.URL: void <init>(java.lang.String)>($r2)	timediff:0
I/System.out(20561): <com.squareup.okhttp.HttpUrl: java.net.URL url()>###specialinvoke $r1.<java.net.URL: void <init>(java.lang.String)>($r2)###https://tuneme.uservoice.com/api/v1/topics.json?per_page=100
I/System.out(20561): body:<com.squareup.okhttp.internal.Util: int getEffectivePort(java.net.URL)>	sig:$r1 = virtualinvoke $r0.<java.net.URL: java.lang.String getProtocol()>()	timediff:0
I/System.out(20561): body:<com.squareup.okhttp.internal.Util: int getEffectivePort(java.net.URL)>	sig:$i0 = virtualinvoke $r0.<java.net.URL: int getPort()>()	timediff:0
I/System.out(20561): body:<com.squareup.okhttp.internal.http.HttpEngine: java.lang.String hostHeader(java.net.URL)>	sig:$r1 = virtualinvoke $r0.<java.net.URL: java.lang.String getProtocol()>()	timediff:0
I/System.out(20561): body:<com.squareup.okhttp.internal.http.HttpEngine: java.lang.String hostHeader(java.net.URL)>	sig:$r1 = virtualinvoke $r0.<java.net.URL: java.lang.String getHost()>()	timediff:0
I/System.out(20561): body:<com.squareup.okhttp.HttpUrl: java.net.URL url()>	sig:specialinvoke $r1.<java.net.URL: void <init>(java.lang.String)>($r2)	timediff:0
I/System.out(20561): <com.squareup.okhttp.HttpUrl: java.net.URL url()>###specialinvoke $r1.<java.net.URL: void <init>(java.lang.String)>($r2)###https://tuneme.uservoice.com/api/v1/topics.json?per_page=100
I/System.out(20561): body:<com.squareup.okhttp.internal.http.HttpEngine: com.squareup.okhttp.Address createAddress(com.squareup.okhttp.OkHttpClient,com.squareup.okhttp.Request)>	sig:$r6 = virtualinvoke $r5.<java.net.URL: java.lang.String getHost()>()	timediff:0
I/System.out(20561): body:<com.squareup.okhttp.internal.Util: int getEffectivePort(java.net.URL)>	sig:$r1 = virtualinvoke $r0.<java.net.URL: java.lang.String getProtocol()>()	timediff:0
I/System.out(20561): body:<com.squareup.okhttp.internal.Util: int getEffectivePort(java.net.URL)>	sig:$i0 = virtualinvoke $r0.<java.net.URL: int getPort()>()	timediff:0
I/System.out(20561): body:<com.squareup.okhttp.HttpUrl: java.net.URI uri()>	sig:specialinvoke $r1.<java.net.URI: void <init>(java.lang.String)>($r2)	timediff:0
I/System.out(20561): body:<com.squareup.okhttp.internal.http.RouteSelector: void resetNextProxy(java.net.URI,java.net.Proxy)>	sig:$r7 = virtualinvoke $r6.<java.net.ProxySelector: java.util.List select(java.net.URI)>($r1)	timediff:0
I/System.out(20561): body:<com.squareup.okhttp.Connection: boolean isAlive()>	sig:$z0 = virtualinvoke $r1.<java.net.Socket: boolean isClosed()>()	timediff:0
I/System.out(20561): body:<com.squareup.okhttp.Connection: boolean isAlive()>	sig:$z0 = virtualinvoke $r1.<java.net.Socket: boolean isInputShutdown()>()	timediff:0
I/System.out(20561): body:<com.squareup.okhttp.Connection: boolean isAlive()>	sig:$z0 = virtualinvoke $r1.<java.net.Socket: boolean isOutputShutdown()>()	timediff:0
I/System.out(20561): body:<com.squareup.okhttp.Connection: void setTimeouts(int,int)>	sig:virtualinvoke $r3.<java.net.Socket: void setSoTimeout(int)>($i0)	timediff:0
I/System.out(20561): body:<com.squareup.okhttp.internal.http.HttpTransport: void writeRequestHeaders(com.squareup.okhttp.Request)>	sig:$r6 = virtualinvoke $r5.<java.net.Proxy: java.net.Proxy$Type type()>()	timediff:0
I/System.out(20561): body:<com.squareup.okhttp.internal.http.RequestLine: java.lang.String requestPath(java.net.URL)>	sig:$r1 = virtualinvoke $r0.<java.net.URL: java.lang.String getFile()>()	timediff:0
V/InputMethodService(  616): onEvaluateInputViewShown: config.hardKeyboardHidden = 1
W/ContextImpl(  481): Calling a method in the system process without a qualified user: android.app.ContextImpl.sendBroadcast:1123 com.android.server.InputMethodManagerService.showCurrentInputLocked:1791 com.android.server.InputMethodManagerService.showSoftInput:1753 com.android.internal.view.IInputMethodManager$Stub.onTransact:175 com.android.server.InputMethodManagerService.onTransact:818 
V/InputMethodService(  616): onEvaluateInputViewShown: config.hardKeyboardHidden = 1
W/ContextImpl(  481): Calling a method in the system process without a qualified user: android.app.ContextImpl.sendBroadcast:1123 com.android.server.InputMethodManagerService.showCurrentInputLocked:1791 com.android.server.InputMethodManagerService.showSoftInput:1753 com.android.internal.view.IInputMethodManager$Stub.onTransact:175 com.android.server.InputMethodManagerService.onTransact:818 
V/InputMethodService(  616): onEvaluateInputViewShown: config.hardKeyboardHidden = 1
V/InputMethodService(  616): onEvaluateInputViewShown: config.hardKeyboardHidden = 1
W/ContextImpl(  481): Calling a method in the system process without a qualified user: android.app.ContextImpl.sendBroadcast:1123 com.android.server.InputMethodManagerService.showCurrentInputLocked:1791 com.android.server.InputMethodManagerService.showSoftInput:1753 com.android.internal.view.IInputMethodManager$Stub.onTransact:175 com.android.server.InputMethodManagerService.onTransact:818 
W/ContextImpl(  481): Calling a method in the system process without a qualified user: android.app.ContextImpl.sendBroadcast:1123 com.android.server.InputMethodManagerService.showCurrentInputLocked:1791 com.android.server.InputMethodManagerService.showSoftInput:1753 com.android.internal.view.IInputMethodManager$Stub.onTransact:175 com.android.server.InputMethodManagerService.onTransact:818 
V/InputMethodService(  616): onEvaluateInputViewShown: config.hardKeyboardHidden = 1
W/ContextImpl(  481): Calling a method in the system process without a qualified user: android.app.ContextImpl.sendBroadcast:1123 com.android.server.InputMethodManagerService.showCurrentInputLocked:1791 com.android.server.InputMethodManagerService.showSoftInput:1753 com.android.internal.view.IInputMethodManager$Stub.onTransact:175 com.android.server.InputMethodManagerService.onTransact:818 
V/InputMethodService(  616): onEvaluateInputViewShown: config.hardKeyboardHidden = 1
W/ContextImpl(  481): Calling a method in the system process without a qualified user: android.app.ContextImpl.sendBroadcast:1123 com.android.server.InputMethodManagerService.showCurrentInputLocked:1791 com.android.server.InputMethodManagerService.showSoftInput:1753 com.android.internal.view.IInputMethodManager$Stub.onTransact:175 com.android.server.InputMethodManagerService.onTransact:818 
V/InputMethodService(  616): onEvaluateInputViewShown: config.hardKeyboardHidden = 1
W/ContextImpl(  481): Calling a method in the system process without a qualified user: android.app.ContextImpl.sendBroadcast:1123 com.android.server.InputMethodManagerService.showCurrentInputLocked:1791 com.android.server.InputMethodManagerService.attachNewInputLocked:1095 com.android.server.InputMethodManagerService.startInputUncheckedLocked:1166 com.android.server.InputMethodManagerService.startInputLocked:1128 
V/InputMethodService(  616): onEvaluateInputViewShown: config.hardKeyboardHidden = 1
V/InputMethodService(  616): onEvaluateInputViewShown: config.hardKeyboardHidden = 1
I/ActivityManager(  481): START u0 {act=android.intent.action.MAIN cat=[android.intent.category.LAUNCHER] flg=0x10000000 sel={act=android.intent.action.MAIN cat=[android.intent.category.APP_EMAIL]}} from pid 481
W/ContextImpl(  481): Calling a method in the system process without a qualified user: android.app.ContextImpl.sendBroadcast:1123 com.android.server.InputMethodManagerService.showCurrentInputLocked:1791 com.android.server.InputMethodManagerService.attachNewInputLocked:1095 com.android.server.InputMethodManagerService.startInputUncheckedLocked:1166 com.android.server.InputMethodManagerService.startInputLocked:1128 
W/ContextImpl(  481): Calling a method in the system process without a qualified user: android.app.ContextImpl.sendBroadcast:1123 com.android.server.InputMethodManagerService.showCurrentInputLocked:1791 com.android.server.InputMethodManagerService.showSoftInput:1753 com.android.internal.view.IInputMethodManager$Stub.onTransact:175 com.android.server.InputMethodManagerService.onTransact:818 
V/InputMethodService(  616): onEvaluateInputViewShown: config.hardKeyboardHidden = 1
W/ContextImpl(  481): Calling a method in the system process without a qualified user: android.app.ContextImpl.sendBroadcast:1123 com.android.server.InputMethodManagerService.showCurrentInputLocked:1791 com.android.server.InputMethodManagerService.attachNewInputLocked:1095 com.android.server.InputMethodManagerService.startInputUncheckedLocked:1166 com.android.server.InputMethodManagerService.startInputLocked:1128 
V/InputMethodService(  616): onEvaluateInputViewShown: config.hardKeyboardHidden = 1
W/ContextImpl(  481): Calling a method in the system process without a qualified user: android.app.ContextImpl.sendBroadcast:1123 com.android.server.InputMethodManagerService.showCurrentInputLocked:1791 com.android.server.InputMethodManagerService.attachNewInputLocked:1095 com.android.server.InputMethodManagerService.startInputUncheckedLocked:1166 com.android.server.InputMethodManagerService.startInputLocked:1128 
V/FlingTracker(  533): computeCurrentVelocity warning: totalweight=0
V/FlingTracker(  533): java.lang.Throwable
V/FlingTracker(  533): 	at com.android.systemui.statusbar.phone.PanelView$FlingTracker.computeCurrentVelocity(PanelView.java:162)
V/FlingTracker(  533): 	at com.android.systemui.statusbar.phone.PanelView$3.onTouch(PanelView.java:462)
V/FlingTracker(  533): 	at android.view.View.dispatchTouchEvent(View.java:7701)
V/FlingTracker(  533): 	at com.android.systemui.statusbar.phone.NotificationPanelView.onTouchEvent(NotificationPanelView.java:138)
V/FlingTracker(  533): 	at com.android.systemui.statusbar.phone.PanelBar.onTouchEvent(PanelBar.java:130)
V/FlingTracker(  533): 	at com.android.systemui.statusbar.phone.PhoneStatusBarView.onTouchEvent(PhoneStatusBarView.java:201)
V/FlingTracker(  533): 	at android.view.View.dispatchTouchEvent(View.java:7706)
V/FlingTracker(  533): 	at android.view.ViewGroup.dispatchTransformedTouchEvent(ViewGroup.java:2210)
V/FlingTracker(  533): 	at android.view.ViewGroup.dispatchTouchEvent(ViewGroup.java:1945)
V/FlingTracker(  533): 	at android.view.ViewGroup.dispatchTransformedTouchEvent(ViewGroup.java:2216)
V/FlingTracker(  533): 	at android.view.ViewGroup.dispatchTouchEvent(ViewGroup.java:1959)
V/FlingTracker(  533): 	at android.view.View.dispatchPointerEvent(View.java:7886)
V/FlingTracker(  533): 	at android.view.ViewRootImpl$ViewPostImeInputStage.processPointerEvent(ViewRootImpl.java:3978)
V/FlingTracker(  533): 	at android.view.ViewRootImpl$ViewPostImeInputStage.onProcess(ViewRootImpl.java:3857)
V/FlingTracker(  533): 	at android.view.ViewRootImpl$InputStage.deliver(ViewRootImpl.java:3423)
V/FlingTracker(  533): 	at android.view.ViewRootImpl$InputStage.onDeliverToNext(ViewRootImpl.java:3473)
V/FlingTracker(  533): 	at android.view.ViewRootImpl$InputStage.forward(ViewRootImpl.java:3442)
V/FlingTracker(  533): 	at android.view.ViewRootImpl$AsyncInputStage.forward(ViewRootImpl.java:3549)
V/FlingTracker(  533): 	at android.view.ViewRootImpl$InputStage.apply(ViewRootImpl.java:3450)
V/FlingTracker(  533): 	at android.view.ViewRootImpl$AsyncInputStage.apply(ViewRootImpl.java:3606)
V/FlingTracker(  533): 	at android.view.ViewRootImpl$InputStage.deliver(ViewRootImpl.java:3423)
V/FlingTracker(  533): 	at android.view.ViewRootImpl$InputStage.onDeliverToNext(ViewRootImpl.java:3473)
V/FlingTracker(  533): 	at android.view.ViewRootImpl$InputStage.forward(ViewRootImpl.java:3442)
V/FlingTracker(  533): 	at android.view.ViewRootImpl$InputStage.apply(ViewRootImpl.java:3450)
V/FlingTracker(  533): 	at android.view.ViewRootImpl$InputStage.deliver(ViewRootImpl.java:3423)
V/FlingTracker(  533): 	at android.view.ViewRootImpl.deliverInputEvent(ViewRootImpl.java:5626)
V/FlingTracker(  533): 	at android.view.ViewRootImpl.doProcessInputEvents(ViewRootImpl.java:5606)
V/FlingTracker(  533): 	at android.view.ViewRootImpl.enqueueInputEvent(ViewRootImpl.java:5577)
V/FlingTracker(  533): 	at android.view.ViewRootImpl$WindowInputEventReceiver.onInputEvent(ViewRootImpl.java:5706)
V/FlingTracker(  533): 	at android.view.InputEventReceiver.dispatchInputEvent(InputEventReceiver.java:185)
V/FlingTracker(  533): 	at android.os.MessageQueue.nativePollOnce(Native Method)
V/FlingTracker(  533): 	at android.os.MessageQueue.next(MessageQueue.java:138)
V/FlingTracker(  533): 	at android.os.Looper.loop(Looper.java:123)
V/FlingTracker(  533): 	at android.app.ActivityThread.main(ActivityThread.java:5019)
V/FlingTracker(  533): 	at java.lang.reflect.Method.invokeNative(Native Method)
V/FlingTracker(  533): 	at java.lang.reflect.Method.invoke(Method.java:515)
V/FlingTracker(  533): 	at com.android.internal.os.ZygoteInit$MethodAndArgsCaller.run(ZygoteInit.java:779)
V/FlingTracker(  533): 	at com.android.internal.os.ZygoteInit.main(ZygoteInit.java:595)
V/FlingTracker(  533): 	at dalvik.system.NativeStart.main(Native Method)
V/PanelView(  533): animationTick called with dtms=0; nothing to do (h=0.0 v=0.0)
I/ActivityManager(  481): START u0 {act=android.intent.action.CALL_BUTTON flg=0x10000000} from pid 20561
W/PhoneFallbackEventHandler(20561): No activity found for android.intent.action.CALL_BUTTON.
V/InputMethodService(  616): onEvaluateInputViewShown: config.hardKeyboardHidden = 1
W/ContextImpl(  481): Calling a method in the system process without a qualified user: android.app.ContextImpl.sendBroadcast:1123 com.android.server.InputMethodManagerService.showCurrentInputLocked:1791 com.android.server.InputMethodManagerService.showSoftInput:1753 com.android.internal.view.IInputMethodManager$Stub.onTransact:175 com.android.server.InputMethodManagerService.onTransact:818 
V/InputMethodService(  616): onEvaluateInputViewShown: config.hardKeyboardHidden = 1
W/ContextImpl(  481): Calling a method in the system process without a qualified user: android.app.ContextImpl.sendBroadcast:1123 com.android.server.InputMethodManagerService.showCurrentInputLocked:1791 com.android.server.InputMethodManagerService.showSoftInput:1753 com.android.internal.view.IInputMethodManager$Stub.onTransact:175 com.android.server.InputMethodManagerService.onTransact:818 
V/InputMethodService(  616): onEvaluateInputViewShown: config.hardKeyboardHidden = 1
W/ContextImpl(  481): Calling a method in the system process without a qualified user: android.app.ContextImpl.sendBroadcast:1123 com.android.server.InputMethodManagerService.showCurrentInputLocked:1791 com.android.server.InputMethodManagerService.showSoftInput:1753 com.android.internal.view.IInputMethodManager$Stub.onTransact:175 com.android.server.InputMethodManagerService.onTransact:818 
V/InputMethodService(  616): onEvaluateInputViewShown: config.hardKeyboardHidden = 1
W/ContextImpl(  481): Calling a method in the system process without a qualified user: android.app.ContextImpl.sendBroadcast:1123 com.android.server.InputMethodManagerService.showCurrentInputLocked:1791 com.android.server.InputMethodManagerService.showSoftInput:1753 com.android.internal.view.IInputMethodManager$Stub.onTransact:175 com.android.server.InputMethodManagerService.onTransact:818 
V/InputMethodService(  616): onEvaluateInputViewShown: config.hardKeyboardHidden = 1
W/ContextImpl(  481): Calling a method in the system process without a qualified user: android.app.ContextImpl.sendBroadcast:1123 com.android.server.InputMethodManagerService.showCurrentInputLocked:1791 com.android.server.InputMethodManagerService.attachNewInputLocked:1095 com.android.server.InputMethodManagerService.startInputUncheckedLocked:1166 com.android.server.InputMethodManagerService.startInputLocked:1128 
I/System.out(20561): body:<com.squareup.okhttp.Connection: boolean isAlive()>	sig:$z0 = virtualinvoke $r1.<java.net.Socket: boolean isClosed()>()	timediff:0
I/System.out(20561): body:<com.squareup.okhttp.Connection: boolean isAlive()>	sig:$z0 = virtualinvoke $r1.<java.net.Socket: boolean isInputShutdown()>()	timediff:0
I/System.out(20561): body:<com.squareup.okhttp.Connection: boolean isAlive()>	sig:$z0 = virtualinvoke $r1.<java.net.Socket: boolean isOutputShutdown()>()	timediff:0
I/System.out(20561): body:<com.squareup.okhttp.Connection: boolean isAlive()>	sig:$z0 = virtualinvoke $r1.<java.net.Socket: boolean isClosed()>()	timediff:0
I/System.out(20561): body:<com.squareup.okhttp.Connection: boolean isAlive()>	sig:$z0 = virtualinvoke $r1.<java.net.Socket: boolean isInputShutdown()>()	timediff:0
I/System.out(20561): body:<com.squareup.okhttp.Connection: boolean isAlive()>	sig:$z0 = virtualinvoke $r1.<java.net.Socket: boolean isOutputShutdown()>()	timediff:0
I/System.out(20561): body:<com.squareup.okhttp.Connection: boolean isAlive()>	sig:$z0 = virtualinvoke $r1.<java.net.Socket: boolean isClosed()>()	timediff:0
I/System.out(20561): body:<com.squareup.okhttp.Connection: boolean isAlive()>	sig:$z0 = virtualinvoke $r1.<java.net.Socket: boolean isInputShutdown()>()	timediff:0
I/System.out(20561): body:<com.squareup.okhttp.Connection: boolean isAlive()>	sig:$z0 = virtualinvoke $r1.<java.net.Socket: boolean isOutputShutdown()>()	timediff:0
I/System.out(20561): body:<com.squareup.okhttp.Connection: boolean isAlive()>	sig:$z0 = virtualinvoke $r1.<java.net.Socket: boolean isClosed()>()	timediff:0
I/System.out(20561): body:<com.squareup.okhttp.Connection: boolean isAlive()>	sig:$z0 = virtualinvoke $r1.<java.net.Socket: boolean isInputShutdown()>()	timediff:0
I/System.out(20561): body:<com.squareup.okhttp.Connection: boolean isAlive()>	sig:$z0 = virtualinvoke $r1.<java.net.Socket: boolean isOutputShutdown()>()	timediff:0
I/System.out(20561): body:<com.squareup.okhttp.Connection: boolean isAlive()>	sig:$z0 = virtualinvoke $r1.<java.net.Socket: boolean isClosed()>()	timediff:0
I/System.out(20561): body:<com.squareup.okhttp.Connection: boolean isAlive()>	sig:$z0 = virtualinvoke $r1.<java.net.Socket: boolean isInputShutdown()>()	timediff:0
I/System.out(20561): body:<com.squareup.okhttp.Connection: boolean isAlive()>	sig:$z0 = virtualinvoke $r1.<java.net.Socket: boolean isOutputShutdown()>()	timediff:0
I/System.out(20561): body:<com.squareup.okhttp.Connection: boolean isAlive()>	sig:$z0 = virtualinvoke $r1.<java.net.Socket: boolean isClosed()>()	timediff:0
I/System.out(20561): body:<com.squareup.okhttp.Connection: boolean isAlive()>	sig:$z0 = virtualinvoke $r1.<java.net.Socket: boolean isInputShutdown()>()	timediff:0
I/System.out(20561): body:<com.squareup.okhttp.Connection: boolean isAlive()>	sig:$z0 = virtualinvoke $r1.<java.net.Socket: boolean isOutputShutdown()>()	timediff:0
I/System.out(20561): body:<com.squareup.okhttp.HttpUrl$Builder: java.lang.String domainToAscii(java.lang.String)>	sig:$r0 = staticinvoke <java.net.IDN: java.lang.String toASCII(java.lang.String)>($r0)	timediff:0
I/System.out(20561): body:<g.a.b: java.lang.String b(java.lang.String)>	sig:$r0 = staticinvoke <java.net.URLDecoder: java.lang.String decode(java.lang.String,java.lang.String)>($r0, "UTF-8")	timediff:0
I/System.out(20561): body:<g.a.b: java.lang.String b(java.lang.String)>	sig:$r0 = staticinvoke <java.net.URLDecoder: java.lang.String decode(java.lang.String,java.lang.String)>($r0, "UTF-8")	timediff:0
I/System.out(20561): body:<g.a.b: java.lang.String b(java.lang.String)>	sig:$r0 = staticinvoke <java.net.URLDecoder: java.lang.String decode(java.lang.String,java.lang.String)>($r0, "UTF-8")	timediff:0
I/System.out(20561): body:<g.a.b: java.lang.String b(java.lang.String)>	sig:$r0 = staticinvoke <java.net.URLDecoder: java.lang.String decode(java.lang.String,java.lang.String)>($r0, "UTF-8")	timediff:0
I/System.out(20561): body:<g.a.b: java.lang.String b(java.lang.String)>	sig:$r0 = staticinvoke <java.net.URLDecoder: java.lang.String decode(java.lang.String,java.lang.String)>($r0, "UTF-8")	timediff:0
I/System.out(20561): body:<g.a.b: java.lang.String b(java.lang.String)>	sig:$r0 = staticinvoke <java.net.URLDecoder: java.lang.String decode(java.lang.String,java.lang.String)>($r0, "UTF-8")	timediff:0
I/System.out(20561): body:<g.a.b: java.lang.String b(java.lang.String)>	sig:$r0 = staticinvoke <java.net.URLDecoder: java.lang.String decode(java.lang.String,java.lang.String)>($r0, "UTF-8")	timediff:0
I/System.out(20561): body:<g.a.b: java.lang.String b(java.lang.String)>	sig:$r0 = staticinvoke <java.net.URLDecoder: java.lang.String decode(java.lang.String,java.lang.String)>($r0, "UTF-8")	timediff:0
I/System.out(20561): body:<g.a.c.d: java.lang.String b()>	sig:specialinvoke $r2.<java.net.URI: void <init>(java.lang.String)>($r3)	timediff:0
I/System.out(20561): body:<g.a.c.d: java.lang.String b()>	sig:$r3 = virtualinvoke $r2.<java.net.URI: java.lang.String getScheme()>()	timediff:0
I/System.out(20561): body:<g.a.c.d: java.lang.String b()>	sig:$r4 = virtualinvoke $r2.<java.net.URI: java.lang.String getAuthority()>()	timediff:0
I/System.out(20561): body:<g.a.c.d: java.lang.String b()>	sig:$i0 = virtualinvoke $r2.<java.net.URI: int getPort()>()	timediff:0
I/System.out(20561): body:<g.a.c.d: java.lang.String b()>	sig:$r4 = virtualinvoke $r2.<java.net.URI: java.lang.String getRawPath()>()	timediff:0
I/System.out(20561): body:<com.squareup.okhttp.HttpUrl: java.net.URL url()>	sig:specialinvoke $r1.<java.net.URL: void <init>(java.lang.String)>($r2)	timediff:0
I/System.out(20561): <com.squareup.okhttp.HttpUrl: java.net.URL url()>###specialinvoke $r1.<java.net.URL: void <init>(java.lang.String)>($r2)###https://tuneme.uservoice.com/api/v1/articles.json?page=1&per_page=50&filter=published&sort=ordered
I/System.out(20561): body:<com.squareup.okhttp.HttpUrl: com.squareup.okhttp.HttpUrl get(java.net.URL)>	sig:$r1 = virtualinvoke $r0.<java.net.URL: java.lang.String toString()>()	timediff:0
I/System.out(20561): body:<com.squareup.okhttp.HttpUrl$Builder: java.lang.String domainToAscii(java.lang.String)>	sig:$r0 = staticinvoke <java.net.IDN: java.lang.String toASCII(java.lang.String)>($r0)	timediff:0
D/UV      (20561): /api/v1/articles.json
I/System.out(20561): body:<com.squareup.okhttp.OkHttpClient: com.squareup.okhttp.OkHttpClient copyWithDefaults()>	sig:$r2 = staticinvoke <java.net.ProxySelector: java.net.ProxySelector getDefault()>()	timediff:0
I/System.out(20561): body:<com.squareup.okhttp.OkHttpClient: com.squareup.okhttp.OkHttpClient copyWithDefaults()>	sig:$r3 = staticinvoke <java.net.CookieHandler: java.net.CookieHandler getDefault()>()	timediff:0
I/System.out(20561): body:<com.squareup.okhttp.HttpUrl: java.net.URL url()>	sig:specialinvoke $r1.<java.net.URL: void <init>(java.lang.String)>($r2)	timediff:1
I/System.out(20561): <com.squareup.okhttp.HttpUrl: java.net.URL url()>###specialinvoke $r1.<java.net.URL: void <init>(java.lang.String)>($r2)###https://tuneme.uservoice.com/api/v1/articles.json?page=1&per_page=50&filter=published&sort=ordered
I/System.out(20561): body:<com.squareup.okhttp.internal.Util: int getEffectivePort(java.net.URL)>	sig:$r1 = virtualinvoke $r0.<java.net.URL: java.lang.String getProtocol()>()	timediff:0
I/System.out(20561): body:<com.squareup.okhttp.internal.Util: int getEffectivePort(java.net.URL)>	sig:$i0 = virtualinvoke $r0.<java.net.URL: int getPort()>()	timediff:0
I/System.out(20561): body:<com.squareup.okhttp.internal.http.HttpEngine: java.lang.String hostHeader(java.net.URL)>	sig:$r1 = virtualinvoke $r0.<java.net.URL: java.lang.String getProtocol()>()	timediff:0
I/System.out(20561): body:<com.squareup.okhttp.internal.http.HttpEngine: java.lang.String hostHeader(java.net.URL)>	sig:$r1 = virtualinvoke $r0.<java.net.URL: java.lang.String getHost()>()	timediff:0
I/System.out(20561): body:<com.squareup.okhttp.HttpUrl: java.net.URL url()>	sig:specialinvoke $r1.<java.net.URL: void <init>(java.lang.String)>($r2)	timediff:0
I/System.out(20561): <com.squareup.okhttp.HttpUrl: java.net.URL url()>###specialinvoke $r1.<java.net.URL: void <init>(java.lang.String)>($r2)###https://tuneme.uservoice.com/api/v1/articles.json?page=1&per_page=50&filter=published&sort=ordered
I/System.out(20561): body:<com.squareup.okhttp.internal.http.HttpEngine: com.squareup.okhttp.Address createAddress(com.squareup.okhttp.OkHttpClient,com.squareup.okhttp.Request)>	sig:$r6 = virtualinvoke $r5.<java.net.URL: java.lang.String getHost()>()	timediff:0
I/System.out(20561): body:<com.squareup.okhttp.internal.Util: int getEffectivePort(java.net.URL)>	sig:$r1 = virtualinvoke $r0.<java.net.URL: java.lang.String getProtocol()>()	timediff:0
I/System.out(20561): body:<com.squareup.okhttp.internal.Util: int getEffectivePort(java.net.URL)>	sig:$i0 = virtualinvoke $r0.<java.net.URL: int getPort()>()	timediff:0
I/System.out(20561): body:<com.squareup.okhttp.HttpUrl: java.net.URI uri()>	sig:specialinvoke $r1.<java.net.URI: void <init>(java.lang.String)>($r2)	timediff:0
I/System.out(20561): body:<com.squareup.okhttp.internal.http.RouteSelector: void resetNextProxy(java.net.URI,java.net.Proxy)>	sig:$r7 = virtualinvoke $r6.<java.net.ProxySelector: java.util.List select(java.net.URI)>($r1)	timediff:0
I/System.out(20561): body:<com.squareup.okhttp.Connection: boolean isAlive()>	sig:$z0 = virtualinvoke $r1.<java.net.Socket: boolean isClosed()>()	timediff:0
I/System.out(20561): body:<com.squareup.okhttp.Connection: boolean isAlive()>	sig:$z0 = virtualinvoke $r1.<java.net.Socket: boolean isInputShutdown()>()	timediff:0
I/System.out(20561): body:<com.squareup.okhttp.Connection: boolean isAlive()>	sig:$z0 = virtualinvoke $r1.<java.net.Socket: boolean isOutputShutdown()>()	timediff:0
I/System.out(20561): body:<com.squareup.okhttp.Connection: void setTimeouts(int,int)>	sig:virtualinvoke $r3.<java.net.Socket: void setSoTimeout(int)>($i0)	timediff:0
I/System.out(20561): body:<com.squareup.okhttp.internal.http.HttpTransport: void writeRequestHeaders(com.squareup.okhttp.Request)>	sig:$r6 = virtualinvoke $r5.<java.net.Proxy: java.net.Proxy$Type type()>()	timediff:0
I/System.out(20561): body:<com.squareup.okhttp.internal.http.RequestLine: java.lang.String requestPath(java.net.URL)>	sig:$r1 = virtualinvoke $r0.<java.net.URL: java.lang.String getFile()>()	timediff:0
V/InputMethodService(  616): onEvaluateInputViewShown: config.hardKeyboardHidden = 1
W/ContextImpl(  481): Calling a method in the system process without a qualified user: android.app.ContextImpl.sendBroadcast:1123 com.android.server.InputMethodManagerService.showCurrentInputLocked:1791 com.android.server.InputMethodManagerService.attachNewInputLocked:1095 com.android.server.InputMethodManagerService.startInputUncheckedLocked:1166 com.android.server.InputMethodManagerService.startInputLocked:1128 
I/System.out(20561): body:<com.squareup.okhttp.Connection: boolean isAlive()>	sig:$z0 = virtualinvoke $r1.<java.net.Socket: boolean isClosed()>()	timediff:0
I/System.out(20561): body:<com.squareup.okhttp.Connection: boolean isAlive()>	sig:$z0 = virtualinvoke $r1.<java.net.Socket: boolean isInputShutdown()>()	timediff:0
I/System.out(20561): body:<com.squareup.okhttp.Connection: boolean isAlive()>	sig:$z0 = virtualinvoke $r1.<java.net.Socket: boolean isOutputShutdown()>()	timediff:0
I/System.out(20561): body:<com.squareup.okhttp.Connection: boolean isAlive()>	sig:$z0 = virtualinvoke $r1.<java.net.Socket: boolean isClosed()>()	timediff:0
I/System.out(20561): body:<com.squareup.okhttp.Connection: boolean isAlive()>	sig:$z0 = virtualinvoke $r1.<java.net.Socket: boolean isInputShutdown()>()	timediff:0
I/System.out(20561): body:<com.squareup.okhttp.Connection: boolean isAlive()>	sig:$z0 = virtualinvoke $r1.<java.net.Socket: boolean isOutputShutdown()>()	timediff:0
I/System.out(20561): body:<com.squareup.okhttp.Connection: boolean isAlive()>	sig:$z0 = virtualinvoke $r1.<java.net.Socket: boolean isClosed()>()	timediff:0
I/System.out(20561): body:<com.squareup.okhttp.Connection: boolean isAlive()>	sig:$z0 = virtualinvoke $r1.<java.net.Socket: boolean isInputShutdown()>()	timediff:0
I/System.out(20561): body:<com.squareup.okhttp.Connection: boolean isAlive()>	sig:$z0 = virtualinvoke $r1.<java.net.Socket: boolean isOutputShutdown()>()	timediff:0
I/System.out(20561): body:<com.squareup.okhttp.Connection: boolean isAlive()>	sig:$z0 = virtualinvoke $r1.<java.net.Socket: boolean isClosed()>()	timediff:0
I/System.out(20561): body:<com.squareup.okhttp.Connection: boolean isAlive()>	sig:$z0 = virtualinvoke $r1.<java.net.Socket: boolean isInputShutdown()>()	timediff:0
I/System.out(20561): body:<com.squareup.okhttp.Connection: boolean isAlive()>	sig:$z0 = virtualinvoke $r1.<java.net.Socket: boolean isOutputShutdown()>()	timediff:0
I/System.out(20561): body:<com.squareup.okhttp.Connection: boolean isAlive()>	sig:$z0 = virtualinvoke $r1.<java.net.Socket: boolean isClosed()>()	timediff:0
I/System.out(20561): body:<com.squareup.okhttp.Connection: boolean isAlive()>	sig:$z0 = virtualinvoke $r1.<java.net.Socket: boolean isInputShutdown()>()	timediff:0
I/System.out(20561): body:<com.squareup.okhttp.Connection: boolean isAlive()>	sig:$z0 = virtualinvoke $r1.<java.net.Socket: boolean isOutputShutdown()>()	timediff:0
I/System.out(20561): body:<com.squareup.okhttp.Connection: boolean isAlive()>	sig:$z0 = virtualinvoke $r1.<java.net.Socket: boolean isClosed()>()	timediff:0
I/System.out(20561): body:<com.squareup.okhttp.Connection: boolean isAlive()>	sig:$z0 = virtualinvoke $r1.<java.net.Socket: boolean isInputShutdown()>()	timediff:0
I/System.out(20561): body:<com.squareup.okhttp.Connection: boolean isAlive()>	sig:$z0 = virtualinvoke $r1.<java.net.Socket: boolean isOutputShutdown()>()	timediff:0
I/ActivityManager(  481): START u0 {act=android.intent.action.CALL_BUTTON flg=0x10000000} from pid 20561
W/PhoneFallbackEventHandler(20561): No activity found for android.intent.action.CALL_BUTTON.
V/InputMethodService(  616): onEvaluateInputViewShown: config.hardKeyboardHidden = 1
W/ContextImpl(  481): Calling a method in the system process without a qualified user: android.app.ContextImpl.sendBroadcast:1123 com.android.server.InputMethodManagerService.showCurrentInputLocked:1791 com.android.server.InputMethodManagerService.showSoftInput:1753 com.android.internal.view.IInputMethodManager$Stub.onTransact:175 com.android.server.InputMethodManagerService.onTransact:818 
I/ActivityManager(  481): START u0 {act=android.intent.action.MAIN cat=[android.intent.category.LAUNCHER] flg=0x10200000 cmp=com.tuneme.tuneme/.LauncherActivity} from pid 20551
V/InputMethodService(  616): onEvaluateInputViewShown: config.hardKeyboardHidden = 1
W/ContextImpl(  481): Calling a method in the system process without a qualified user: android.app.ContextImpl.sendBroadcast:1123 com.android.server.InputMethodManagerService.showCurrentInputLocked:1791 com.android.server.InputMethodManagerService.showSoftInput:1753 com.android.internal.view.IInputMethodManager$Stub.onTransact:175 com.android.server.InputMethodManagerService.onTransact:818 
V/InputMethodService(  616): onEvaluateInputViewShown: config.hardKeyboardHidden = 1
W/ContextImpl(  481): Calling a method in the system process without a qualified user: android.app.ContextImpl.sendBroadcast:1123 com.android.server.InputMethodManagerService.showCurrentInputLocked:1791 com.android.server.InputMethodManagerService.showSoftInput:1753 com.android.internal.view.IInputMethodManager$Stub.onTransact:175 com.android.server.InputMethodManagerService.onTransact:818 
V/InputMethodService(  616): onEvaluateInputViewShown: config.hardKeyboardHidden = 1
W/ContextImpl(  481): Calling a method in the system process without a qualified user: android.app.ContextImpl.sendBroadcast:1123 com.android.server.InputMethodManagerService.showCurrentInputLocked:1791 com.android.server.InputMethodManagerService.showSoftInput:1753 com.android.internal.view.IInputMethodManager$Stub.onTransact:175 com.android.server.InputMethodManagerService.onTransact:818 
V/InputMethodService(  616): onEvaluateInputViewShown: config.hardKeyboardHidden = 1
W/ContextImpl(  481): Calling a method in the system process without a qualified user: android.app.ContextImpl.sendBroadcast:1123 com.android.server.InputMethodManagerService.showCurrentInputLocked:1791 com.android.server.InputMethodManagerService.showSoftInput:1753 com.android.internal.view.IInputMethodManager$Stub.onTransact:175 com.android.server.InputMethodManagerService.onTransact:818 
V/PanelView(  533): animationTick called with dtms=0; nothing to do (h=0.0 v=0.0)
V/InputMethodService(  616): onEvaluateInputViewShown: config.hardKeyboardHidden = 1
W/ContextImpl(  481): Calling a method in the system process without a qualified user: android.app.ContextImpl.sendBroadcast:1123 com.android.server.InputMethodManagerService.showCurrentInputLocked:1791 com.android.server.InputMethodManagerService.showSoftInput:1753 com.android.internal.view.IInputMethodManager$Stub.onTransact:175 com.android.server.InputMethodManagerService.onTransact:818 
I/AndroidRuntime(20551): VM exiting with result code 0.
