--------- beginning of /dev/log/main
I/Icing   (  713): Indexing F4FAA6262FE39DDD50BAE6B7AF5CDB8D73BA0DB0 from com.google.android.gms
I/Icing   (  713): Indexing done F4FAA6262FE39DDD50BAE6B7AF5CDB8D73BA0DB0
D/dalvikvm(  713): GC_CONCURRENT freed 2128K, 40% free 9630K/15900K, paused 1ms+1ms, total 24ms
D/AndroidRuntime(22712): 
D/AndroidRuntime(22712): >>>>>> AndroidRuntime START com.android.internal.os.RuntimeInit <<<<<<
D/AndroidRuntime(22712): CheckJNI is OFF
D/dalvikvm(22712): Using executionMode 2
D/dalvikvm(22712): Trying to load lib libjavacore.so 0x0
D/dalvikvm(22712): Added shared lib libjavacore.so 0x0
D/dalvikvm(22712): Trying to load lib libnativehelper.so 0x0
D/dalvikvm(22712): Added shared lib libnativehelper.so 0x0
D/dalvikvm(22712): No JNI_OnLoad found in libnativehelper.so 0x0, skipping init
D/dalvikvm(22712): Note: class Landroid/app/ActivityManagerNative; has 179 unimplemented (abstract) methods
E/memtrack(22712): Couldn't load memtrack module (No such file or directory)
E/android.os.Debug(22712): failed to load memtrack module: -2
D/AndroidRuntime(22712): Calling main entry com.android.commands.monkey.Monkey
--------- beginning of /dev/log/system
W/BroadcastQueue(  464): Skipping deliver [background] BroadcastRecord{4ae5b0c8 u-1 android.net.conn.CONNECTIVITY_CHANGE} to ReceiverList{4ad4ea3c 22712 (unknown name)/0/u-1 remote:4acad5c0}: process crashing
I/ActivityManager(  464): START u0 {act=android.intent.action.MAIN cat=[android.intent.category.LAUNCHER] flg=0x10200000 cmp=com.appzcloud.audioeditor/.MainActivity} from pid 22712
D/WebViewTimersControl(31805): onBrowserActivityPause
D/WebViewTimersControl(31805): Pausing webview timers, view=com.android.browser.BrowserWebView{4a8394dc VFEDHVCL .F...... 0,0-720,1164}
I/ActivityManager(  464): Start proc com.appzcloud.audioeditor for activity com.appzcloud.audioeditor/.MainActivity: pid=22722 uid=10147 gids={50147, 1028, 1015, 1023, 3003}
W/NetworkManagementSocketTagger(  464): setKernelCountSet(10147, 1) failed with errno -13
I/dalvikvm(22722): ignoring registerObject request in thread=1
I/dalvikvm(22722): ignoring registerObject request in thread=1
W/dalvikvm(22722): VFY: unable to find class referenced in signature (Lokhttp3/Request;)
W/dalvikvm(22722): VFY: unable to find class referenced in signature (Lokhttp3/Response;)
I/dalvikvm(22722): Could not find method okhttp3.Response.headers, referenced from method empirical.HelperClass.printOkHttpInfo
W/dalvikvm(22722): VFY: unable to resolve virtual method 37468: Lokhttp3/Response;.headers ()Lokhttp3/Headers;
D/dalvikvm(22722): VFY: replacing opcode 0x6e at 0x0006
W/dalvikvm(22722): VFY: unable to find class referenced in signature (Lokhttp3/Call;)
W/dalvikvm(22722): VFY: unable to find class referenced in signature (Lokhttp3/Response;)
I/dalvikvm(22722): Could not find method okhttp3.Call.request, referenced from method empirical.HelperClass.printOkHttpInfoFromCall
W/dalvikvm(22722): VFY: unable to resolve interface method 37462: Lokhttp3/Call;.request ()Lokhttp3/Request;
D/dalvikvm(22722): VFY: replacing opcode 0x72 at 0x0006
I/System.out(22722): body:<com.firebase.client.utilities.Utilities: com.firebase.client.utilities.ParsedUrl parseUrl(java.lang.String)>	sig:specialinvoke $r7.<java.net.URI: void <init>(java.lang.String)>($r3)	timediff:0
I/System.out(22722): body:<com.firebase.client.utilities.Utilities: com.firebase.client.utilities.ParsedUrl parseUrl(java.lang.String)>	sig:$r9 = virtualinvoke $r7.<java.net.URI: java.lang.String getPath()>()	timediff:0
I/System.out(22722): body:<com.firebase.client.utilities.Utilities: com.firebase.client.utilities.ParsedUrl parseUrl(java.lang.String)>	sig:$r9 = virtualinvoke $r7.<java.net.URI: java.lang.String getScheme()>()	timediff:0
I/System.out(22722): body:<com.firebase.client.utilities.Utilities: com.firebase.client.utilities.ParsedUrl parseUrl(java.lang.String)>	sig:$r3 = virtualinvoke $r7.<java.net.URI: java.lang.String getHost()>()	timediff:0
I/System.out(22722): body:<com.firebase.client.utilities.Utilities: com.firebase.client.utilities.ParsedUrl parseUrl(java.lang.String)>	sig:$i2 = virtualinvoke $r7.<java.net.URI: int getPort()>()	timediff:0
I/System.out(22722): body:<com.firebase.client.core.RepoInfo: java.net.URI getConnectionURL(java.lang.String)>	sig:$r5 = staticinvoke <java.net.URI: java.net.URI create(java.lang.String)>($r2)	timediff:0
I/System.out(22722): body:<com.firebase.tubesock.WebSocket: java.net.Socket createSocket()>	sig:$r5 = virtualinvoke $r4.<java.net.URI: java.lang.String getScheme()>()	timediff:1
I/System.out(22722): body:<com.firebase.tubesock.WebSocket: java.net.Socket createSocket()>	sig:$r6 = virtualinvoke $r4.<java.net.URI: java.lang.String getHost()>()	timediff:0
I/System.out(22722): body:<com.firebase.tubesock.WebSocket: java.net.Socket createSocket()>	sig:$i1 = virtualinvoke $r4.<java.net.URI: int getPort()>()	timediff:0
I/System.out(22722): body:<com.firebase.client.utilities.Utilities: com.firebase.client.utilities.ParsedUrl parseUrl(java.lang.String)>	sig:specialinvoke $r7.<java.net.URI: void <init>(java.lang.String)>($r3)	timediff:0
I/System.out(22722): body:<com.firebase.client.utilities.Utilities: com.firebase.client.utilities.ParsedUrl parseUrl(java.lang.String)>	sig:$r9 = virtualinvoke $r7.<java.net.URI: java.lang.String getPath()>()	timediff:0
I/System.out(22722): body:<com.firebase.client.utilities.Utilities: com.firebase.client.utilities.ParsedUrl parseUrl(java.lang.String)>	sig:$r9 = virtualinvoke $r7.<java.net.URI: java.lang.String getScheme()>()	timediff:0
I/System.out(22722): body:<com.firebase.client.utilities.Utilities: com.firebase.client.utilities.ParsedUrl parseUrl(java.lang.String)>	sig:$r3 = virtualinvoke $r7.<java.net.URI: java.lang.String getHost()>()	timediff:1
I/System.out(22722): body:<com.firebase.client.utilities.Utilities: com.firebase.client.utilities.ParsedUrl parseUrl(java.lang.String)>	sig:$i2 = virtualinvoke $r7.<java.net.URI: int getPort()>()	timediff:0
D/dalvikvm(22722): JIT code cache reset in 0 ms (0 bytes 1/0)
D/dalvikvm(22722): GC_CONCURRENT freed 244K, 10% free 2928K/3228K, paused 3ms+0ms, total 6ms
W/SocketClient(  163): write error (Broken pipe)
I/System.out(22722): body:<com.firebase.client.core.RepoInfo: java.net.URI getConnectionURL(java.lang.String)>	sig:$r5 = staticinvoke <java.net.URI: java.net.URI create(java.lang.String)>($r2)	timediff:0
I/System.out(22722): body:<com.firebase.tubesock.WebSocket: java.net.Socket createSocket()>	sig:$r5 = virtualinvoke $r4.<java.net.URI: java.lang.String getScheme()>()	timediff:0
I/System.out(22722): body:<com.firebase.tubesock.WebSocket: java.net.Socket createSocket()>	sig:$r6 = virtualinvoke $r4.<java.net.URI: java.lang.String getHost()>()	timediff:0
I/System.out(22722): body:<com.firebase.tubesock.WebSocket: java.net.Socket createSocket()>	sig:$i1 = virtualinvoke $r4.<java.net.URI: int getPort()>()	timediff:0
D/dalvikvm(22722): GC_FOR_ALLOC freed 170K, 7% free 3134K/3360K, paused 2ms, total 2ms
I/dalvikvm-heap(22722): Grow heap (frag case) to 11.899MB for 9216012-byte allocation
D/dalvikvm(22722): GC_FOR_ALLOC freed <1K, 2% free 12134K/12364K, paused 4ms, total 4ms
D/dalvikvm(22722): GC_CONCURRENT freed <1K, 2% free 12134K/12364K, paused 0ms+0ms, total 3ms
D/dalvikvm(22722): GC_FOR_ALLOC freed 33K, 2% free 14984K/15160K, paused 5ms, total 6ms
E/no_of_facebook_load(22722): no_of_facebook_load=1
I/System.out(22722): Internet access
I/dalvikvm(22722): Could not find method android.content.pm.PackageManager.getPackageInstaller, referenced from method jjw.a
W/dalvikvm(22722): VFY: unable to resolve virtual method 2504: Landroid/content/pm/PackageManager;.getPackageInstaller ()Landroid/content/pm/PackageInstaller;
D/dalvikvm(22722): VFY: replacing opcode 0x6e at 0x001c
D/dalvikvm(22722): GC_CONCURRENT freed 1657K, 10% free 17315K/19028K, paused 1ms+3ms, total 12ms
I/dalvikvm(22722): Could not find method android.content.ContextWrapper.createCredentialProtectedStorageContext, referenced from method iwr.createCredentialProtectedStorageContext
W/dalvikvm(22722): VFY: unable to resolve virtual method 2411: Landroid/content/ContextWrapper;.createCredentialProtectedStorageContext ()Landroid/content/Context;
D/dalvikvm(22722): VFY: replacing opcode 0x6f at 0x0002
I/dalvikvm(22722): Could not find method android.content.ContextWrapper.createDeviceProtectedStorageContext, referenced from method iwr.createDeviceProtectedStorageContext
W/dalvikvm(22722): VFY: unable to resolve virtual method 2412: Landroid/content/ContextWrapper;.createDeviceProtectedStorageContext ()Landroid/content/Context;
D/dalvikvm(22722): VFY: replacing opcode 0x6f at 0x0002
I/dalvikvm(22722): Could not find method android.content.ContextWrapper.createCredentialProtectedStorageContext, referenced from method com.google.android.chimera.ModuleContext.createCredentialProtectedStorageContext
W/dalvikvm(22722): VFY: unable to resolve virtual method 2411: Landroid/content/ContextWrapper;.createCredentialProtectedStorageContext ()Landroid/content/Context;
D/dalvikvm(22722): VFY: replacing opcode 0x6f at 0x0002
I/dalvikvm(22722): Could not find method android.content.ContextWrapper.createDeviceProtectedStorageContext, referenced from method com.google.android.chimera.ModuleContext.createDeviceProtectedStorageContext
W/dalvikvm(22722): VFY: unable to resolve virtual method 2412: Landroid/content/ContextWrapper;.createDeviceProtectedStorageContext ()Landroid/content/Context;
D/dalvikvm(22722): VFY: replacing opcode 0x6f at 0x0002
I/dalvikvm(22722): Could not find method android.content.Context.isCredentialProtectedStorage, referenced from method cub.a
W/dalvikvm(22722): VFY: unable to resolve virtual method 2391: Landroid/content/Context;.isCredentialProtectedStorage ()Z
D/dalvikvm(22722): VFY: replacing opcode 0x6e at 0x0000
I/dalvikvm(22722): Could not find method android.os.UserManager.isUserUnlocked, referenced from method cub.a
W/dalvikvm(22722): VFY: unable to resolve virtual method 3028: Landroid/os/UserManager;.isUserUnlocked ()Z
D/dalvikvm(22722): VFY: replacing opcode 0x6e at 0x001a
I/dalvikvm(22722): Could not find method android.content.Context.isDeviceProtectedStorage, referenced from method cub.b
W/dalvikvm(22722): VFY: unable to resolve virtual method 2392: Landroid/content/Context;.isDeviceProtectedStorage ()Z
D/dalvikvm(22722): VFY: replacing opcode 0x6e at 0x0000
I/dalvikvm(22722): Could not find method android.content.Context.isDeviceProtectedStorage, referenced from method cub.c
W/dalvikvm(22722): VFY: unable to resolve virtual method 2392: Landroid/content/Context;.isDeviceProtectedStorage ()Z
D/dalvikvm(22722): VFY: replacing opcode 0x6e at 0x0000
I/dalvikvm(22722): Could not find method android.system.Os.readlink, referenced from method cuq.a
W/dalvikvm(22722): VFY: unable to resolve static method 3047: Landroid/system/Os;.readlink (Ljava/lang/String;)Ljava/lang/String;
D/dalvikvm(22722): VFY: replacing opcode 0x71 at 0x0000
I/dalvikvm(22722): Could not find method android.system.Os.stat, referenced from method cuq.a
W/dalvikvm(22722): VFY: unable to resolve static method 3048: Landroid/system/Os;.stat (Ljava/lang/String;)Landroid/system/StructStat;
D/dalvikvm(22722): VFY: replacing opcode 0x71 at 0x0042
I/dalvikvm(22722): Could not find method android.system.Os.symlink, referenced from method cuq.a
W/dalvikvm(22722): VFY: unable to resolve static method 3049: Landroid/system/Os;.symlink (Ljava/lang/String;Ljava/lang/String;)V
D/dalvikvm(22722): VFY: replacing opcode 0x71 at 0x013b
I/dalvikvm(22722): DexOpt: unable to optimize instance field ref 0x04a1 at 0x46 in Lcuq;.a
I/dalvikvm(22722): DexOpt: unable to optimize static field ref 0x049c at 0x48 in Lcuq;.a
I/dalvikvm(22722): DexOpt: unable to optimize static field ref 0x049a at 0x4a in Lcuq;.a
I/dalvikvm(22722): DexOpt: unable to optimize static field ref 0x049b at 0x4d in Lcuq;.a
I/dalvikvm(22722): DexOpt: unable to optimize static field ref 0x049d at 0x57 in Lcuq;.a
I/dalvikvm(22722): DexOpt: unable to optimize static field ref 0x04a0 at 0x5f in Lcuq;.a
I/dalvikvm(22722): DexOpt: unable to optimize static field ref 0x049e at 0x61 in Lcuq;.a
I/dalvikvm(22722): DexOpt: unable to optimize static field ref 0x049f at 0x64 in Lcuq;.a
I/dalvikvm(22722): DexOpt: unable to optimize static field ref 0x049c at 0x7f in Lcuq;.a
I/dalvikvm(22722): DexOpt: unable to optimize static field ref 0x04a0 at 0x90 in Lcuq;.a
I/dalvikvm(22722): Could not find method android.content.Context.createDeviceProtectedStorageContext, referenced from method jvu.a
W/dalvikvm(22722): VFY: unable to resolve virtual method 2362: Landroid/content/Context;.createDeviceProtectedStorageContext ()Landroid/content/Context;
D/dalvikvm(22722): VFY: replacing opcode 0x6e at 0x0029
I/dalvikvm(22722): Could not find method android.content.Context.getSystemService, referenced from method jvu.b
W/dalvikvm(22722): VFY: unable to resolve virtual method 2387: Landroid/content/Context;.getSystemService (Ljava/lang/Class;)Ljava/lang/Object;
D/dalvikvm(22722): VFY: replacing opcode 0x6e at 0x000b
D/dalvikvm(22722): DexOpt: couldn't find static field Landroid/os/Build;.SUPPORTED_64_BIT_ABIS
W/dalvikvm(22722): VFY: unable to resolve static field 1157 (SUPPORTED_64_BIT_ABIS) in Landroid/os/Build;
D/dalvikvm(22722): VFY: replacing opcode 0x62 at 0x0012
D/dalvikvm(22722): DexOpt: couldn't find static field Landroid/os/Build;.SUPPORTED_32_BIT_ABIS
W/dalvikvm(22722): VFY: unable to resolve static field 1156 (SUPPORTED_32_BIT_ABIS) in Landroid/os/Build;
D/dalvikvm(22722): VFY: replacing opcode 0x62 at 0x0021
D/dalvikvm(22722): DexOpt: couldn't find static field Landroid/os/Build;.SUPPORTED_ABIS
W/dalvikvm(22722): VFY: unable to resolve static field 1158 (SUPPORTED_ABIS) in Landroid/os/Build;
D/dalvikvm(22722): VFY: replacing opcode 0x62 at 0x0008
D/dalvikvm(22722): DexOpt: couldn't find static field Landroid/os/Build;.SUPPORTED_64_BIT_ABIS
W/dalvikvm(22722): VFY: unable to resolve static field 1157 (SUPPORTED_64_BIT_ABIS) in Landroid/os/Build;
D/dalvikvm(22722): VFY: replacing opcode 0x62 at 0x0008
D/dalvikvm(22722): DexOpt: couldn't find static field Landroid/os/Build;.SUPPORTED_64_BIT_ABIS
I/dalvikvm(22722): DexOpt: unable to optimize static field ref 0x0485 at 0x17 in Lcwd;.a
D/dalvikvm(22722): DexOpt: couldn't find static field Landroid/os/Build;.SUPPORTED_32_BIT_ABIS
I/dalvikvm(22722): DexOpt: unable to optimize static field ref 0x0484 at 0x26 in Lcwd;.a
D/dalvikvm(22722): DexOpt: couldn't find static field Landroid/os/Build;.SUPPORTED_64_BIT_ABIS
I/dalvikvm(22722): DexOpt: unable to optimize static field ref 0x0485 at 0x0d in Lcwd;.b
D/DynamitePackage(22722): Instantiated singleton DynamitePackage.
D/DynamitePackage(22722): Instantiating com.google.android.gms.ads.ChimeraAdManagerCreatorImpl
I/dalvikvm(22722): Could not find method android.content.pm.PackageManager.getPackageInstaller, referenced from method jn.a
W/dalvikvm(22722): VFY: unable to resolve virtual method 2060: Landroid/content/pm/PackageManager;.getPackageInstaller ()Landroid/content/pm/PackageInstaller;
D/dalvikvm(22722): VFY: replacing opcode 0x6e at 0x0017
I/dalvikvm(22722): Could not find method android.security.NetworkSecurityPolicy.getInstance, referenced from method com.google.android.gms.ads.internal.util.h.b_
W/dalvikvm(22722): VFY: unable to resolve static method 2591: Landroid/security/NetworkSecurityPolicy;.getInstance ()Landroid/security/NetworkSecurityPolicy;
D/dalvikvm(22722): VFY: replacing opcode 0x71 at 0x0022
D/dalvikvm(22722): DexOpt: --- BEGIN '1510898742191.jar' (bootstrap=0) ---
I/dalvikvm(22722): Could not find method android.content.pm.PackageManager.isInstantApp, referenced from method qp.a
W/dalvikvm(22722): VFY: unable to resolve virtual method 2065: Landroid/content/pm/PackageManager;.isInstantApp (Ljava/lang/String;)Z
D/dalvikvm(22722): VFY: replacing opcode 0x6e at 0x002d
I/dalvikvm(22722): Could not find method android.content.pm.PackageManager.isInstantApp, referenced from method qo.a
W/dalvikvm(22722): VFY: unable to resolve virtual method 2064: Landroid/content/pm/PackageManager;.isInstantApp ()Z
D/dalvikvm(22722): VFY: replacing opcode 0x6e at 0x0028
I/Ads     (22722): Starting ad request.
I/Ads     (22722): Use AdRequest.Builder.addTestDevice("36C000C4994BD3192565D3B3E2B4826B") to get test ads on this device.
I/dalvikvm(22722): Could not find method android.webkit.WebSettings.setMixedContentMode, referenced from method com.google.android.gms.ads.internal.webview.m.<init>
W/dalvikvm(22722): VFY: unable to resolve virtual method 2893: Landroid/webkit/WebSettings;.setMixedContentMode (I)V
D/dalvikvm(22722): VFY: replacing opcode 0x6e at 0x0069
V/WebViewChromium(22722): Binding Chromium to the background looper Looper (main, tid 1) {4a7e5a88}
I/chromium(22722): [INFO:library_loader_hooks.cc(112)] Chromium logging enabled: level = 0, default verbosity = 0
I/BrowserProcessMain(22722): Initializing chromium process, renderers=0
W/chromium(22722): [WARNING:proxy_service.cc(888)] PAC support disabled because there is no system implementation
D/libEGL  (22722): loaded /system/lib/egl/libEGL_adreno.so
D/        (22722): HostConnection::get() New Host Connection established 0xb877a270, tid 22722
D/libEGL  (22722): loaded /system/lib/egl/libGLESv1_CM_adreno.so
D/libEGL  (22722): loaded /system/lib/egl/libGLESv2_adreno.so
D/dalvikvm(22750): DexOpt: load 1ms, verify+opt 4ms, 287892 bytes
D/dalvikvm(22722): DexOpt: --- END '1510898742191.jar' (success) ---
D/dalvikvm(22722): DEX prep '/data/data/com.appzcloud.audioeditor/cache/1510898742191.jar': unzip in 0ms, rewrite 200ms
I/System.out(22722): body:<com.firebase.client.core.RepoInfo: java.net.URI getConnectionURL(java.lang.String)>	sig:$r5 = staticinvoke <java.net.URI: java.net.URI create(java.lang.String)>($r2)	timediff:0
I/System.out(22722): body:<com.firebase.tubesock.WebSocket: java.net.Socket createSocket()>	sig:$r5 = virtualinvoke $r4.<java.net.URI: java.lang.String getScheme()>()	timediff:0
I/System.out(22722): body:<com.firebase.tubesock.WebSocket: java.net.Socket createSocket()>	sig:$r6 = virtualinvoke $r4.<java.net.URI: java.lang.String getHost()>()	timediff:0
I/System.out(22722): body:<com.firebase.tubesock.WebSocket: java.net.Socket createSocket()>	sig:$i1 = virtualinvoke $r4.<java.net.URI: int getPort()>()	timediff:0
I/Ads     (22722): Please set theme of AdActivity to @android:style/Theme.Translucent to enable transparent background interstitial ad.
W/ActivityManager(  464): Permission Denial: getTasks() from pid=22722, uid=10147 requires android.permission.GET_TASKS
W/Ads     (22722): Invoke Firebase method getInstance error.
W/Ads     (22722): The Google Mobile Ads SDK will not integrate with Firebase. Admob/Firebase integration requires the latest Firebase SDK jar, but Firebase SDK is either missing or out of date
I/System.out(22722): Internet access
W/ViewRootImpl(22722): Dropping event due to no window focus: KeyEvent { action=ACTION_DOWN, keyCode=KEYCODE_SCROLL_LOCK, scanCode=0, metaState=0, flags=0x8, repeatCount=0, eventTime=13121521, downTime=13121521, deviceId=-1, source=0x101 }
W/ContextImpl(  464): Calling a method in the system process without a qualified user: android.app.ContextImpl.sendBroadcast:1123 com.android.server.InputMethodManagerService.hideCurrentInputLocked:1880 com.android.server.InputMethodManagerService.windowGainedFocus:1968 com.android.internal.view.IInputMethodManager$Stub.onTransact:221 com.android.server.InputMethodManagerService.onTransact:818 
W/IInputConnectionWrapper(31805): showStatusIcon on inactive InputConnection
D/dalvikvm( 8491): GC_EXPLICIT freed 302K, 13% free 3064K/3516K, paused 1ms+2ms, total 7ms
I/ActivityManager(  464): Displayed com.appzcloud.audioeditor/.MainActivity: +1s216ms (total +21s220ms)
I/chromium(22722): [INFO:simple_index_file.cc(397)] Simple Cache Index is being restored from disk.
W/NetworkManagementSocketTagger(  464): setKernelCountSet(10017, 0) failed with errno -13
W/DebugConnManager(  713): getNetworkInfo() on networkType 0
E/Herrevad(  713): [3378] RemoteReportsRefreshChimeraService.a: want to send authenticated request, but no Google account on device
W/Herrevad(  713): [3378] RemoteReportsRefreshChimeraService.a: java.util.concurrent.ExecutionException: com.android.volley.NoConnectionError: java.net.UnknownHostException: Unable to resolve host "android.googleapis.com": No address associated with hostname
D/dalvikvm(  464): GC_EXPLICIT freed 1167K, 53% free 15010K/31284K, paused 1ms+2ms, total 23ms
W/Ads     (  713): Error while connecting to ad server: Unable to resolve host "googleads.g.doubleclick.net": No address associated with hostname
W/Ads     (22722): There was a problem getting an ad response. ErrorCode: 2
D/dalvikvm(22722): GC_EXPLICIT freed 1984K, 10% free 18448K/20488K, paused 0ms+1ms, total 10ms
D/dalvikvm( 8491): GC_EXPLICIT freed 145K, 14% free 3045K/3516K, paused 0ms+0ms, total 3ms
W/Ads     (22722): Failed to load ad: 2
I/System.out(22722): Internet access
I/ActivityManager(  464): START u0 {cmp=com.appzcloud.audioeditor/.ListActivity (has extras)} from pid 22722
E/Ads     (22722): JS: Not allowed to load local resource: file:///android_asset/webkit/android-weberror.png (data:text/html,chromewebdata:12)
I/chromium(22722): [INFO:CONSOLE(12)] "Not allowed to load local resource: file:///android_asset/webkit/android-weberror.png", source: data:text/html,chromewebdata (12)
I/System.out(22722): Internet access
I/System.out(22722): Internet access
W/EGL_emulation(22722): eglSurfaceAttrib not implemented 3093 12436
D/OpenGLRenderer(22722): Enabling debug mode 0
W/ViewRootImpl(22722): Dropping event due to no window focus: KeyEvent { action=ACTION_DOWN, keyCode=KEYCODE_DPAD_LEFT, scanCode=0, metaState=0, flags=0x8, repeatCount=0, eventTime=13123001, downTime=13123001, deviceId=-1, source=0x101 }
I/ActivityManager(  464): Displayed com.appzcloud.audioeditor/.ListActivity: +399ms
W/ContextImpl(  464): Calling a method in the system process without a qualified user: android.app.ContextImpl.sendBroadcast:1123 com.android.server.InputMethodManagerService.hideCurrentInputLocked:1880 com.android.server.InputMethodManagerService.windowGainedFocus:2000 com.android.internal.view.IInputMethodManager$Stub.onTransact:221 com.android.server.InputMethodManagerService.onTransact:818 
I/ActivityManager(  464): START u0 {cmp=com.appzcloud.audioeditor/.FilePicker} from pid 22722
W/ViewRootImpl(22722): Dropping event due to no window focus: KeyEvent { action=ACTION_DOWN, keyCode=KEYCODE_MENU, scanCode=0, metaState=0, flags=0x8, repeatCount=0, eventTime=13123564, downTime=13123564, deviceId=-1, source=0x101 }
I/System.out(22722): Internet access
W/EGL_emulation(22722): eglSurfaceAttrib not implemented 3093 12436
W/ViewRootImpl(22722): Dropping event due to no window focus: KeyEvent { action=ACTION_DOWN, keyCode=KEYCODE_BUTTON_11, scanCode=0, metaState=0, flags=0x8, repeatCount=0, eventTime=13123641, downTime=13123641, deviceId=-1, source=0x101 }
I/WearableService(  654): Wearable Services stopping
I/System.out(22722): body:<com.firebase.client.core.RepoInfo: java.net.URI getConnectionURL(java.lang.String)>	sig:$r5 = staticinvoke <java.net.URI: java.net.URI create(java.lang.String)>($r2)	timediff:0
I/System.out(22722): body:<com.firebase.tubesock.WebSocket: java.net.Socket createSocket()>	sig:$r5 = virtualinvoke $r4.<java.net.URI: java.lang.String getScheme()>()	timediff:0
I/System.out(22722): body:<com.firebase.tubesock.WebSocket: java.net.Socket createSocket()>	sig:$r6 = virtualinvoke $r4.<java.net.URI: java.lang.String getHost()>()	timediff:0
I/System.out(22722): body:<com.firebase.tubesock.WebSocket: java.net.Socket createSocket()>	sig:$i1 = virtualinvoke $r4.<java.net.URI: int getPort()>()	timediff:0
W/ContextImpl(  464): Calling a method in the system process without a qualified user: android.app.ContextImpl.sendBroadcast:1123 com.android.server.InputMethodManagerService.hideCurrentInputLocked:1880 com.android.server.InputMethodManagerService.windowGainedFocus:1968 com.android.internal.view.IInputMethodManager$Stub.onTransact:221 com.android.server.InputMethodManagerService.onTransact:818 
I/ActivityManager(  464): Displayed com.appzcloud.audioeditor/.FilePicker: +410ms
W/EGL_emulation(22722): eglSurfaceAttrib not implemented 3093 12436
W/ViewRootImpl(22722): Dropping event due to no window focus: KeyEvent { action=ACTION_DOWN, keyCode=KEYCODE_6, scanCode=0, metaState=0, flags=0x8, repeatCount=0, eventTime=13124054, downTime=13124054, deviceId=-1, source=0x101 }
W/ContextImpl(  464): Calling a method in the system process without a qualified user: android.app.ContextImpl.sendBroadcast:1123 com.android.server.InputMethodManagerService.hideCurrentInputLocked:1880 com.android.server.InputMethodManagerService.windowGainedFocus:2000 com.android.internal.view.IInputMethodManager$Stub.onTransact:221 com.android.server.InputMethodManagerService.onTransact:818 
W/EGL_emulation(22722): eglSurfaceAttrib not implemented 3093 12436
W/ViewRootImpl(22722): Dropping event due to no window focus: KeyEvent { action=ACTION_DOWN, keyCode=KEYCODE_DPAD_RIGHT, scanCode=0, metaState=0, flags=0x8, repeatCount=0, eventTime=13124417, downTime=13124417, deviceId=-1, source=0x101 }
W/InputMethodManagerService(  464): Window already focused, ignoring focus gain of: com.android.internal.view.IInputMethodClient$Stub$Proxy@4aa08d98 attribute=android.view.inputmethod.EditorInfo@4acefc58, token = android.os.BinderProxy@4aa19a0c
W/InputManager(  464): Input event injection from pid 22712 failed.
W/ViewRootImpl(22722): Dropping event due to no window focus: KeyEvent { action=ACTION_DOWN, keyCode=KEYCODE_TV, scanCode=0, metaState=0, flags=0x8, repeatCount=0, eventTime=13124574, downTime=13124574, deviceId=-1, source=0x101 }
W/EGL_emulation(22722): eglSurfaceAttrib not implemented 3093 12436
W/InputMethodManagerService(  464): Window already focused, ignoring focus gain of: com.android.internal.view.IInputMethodClient$Stub$Proxy@4aa6a344 attribute=null, token = android.os.BinderProxy@4aa19a0c
I/System.out(22722): body:<com.firebase.client.core.RepoInfo: java.net.URI getConnectionURL(java.lang.String)>	sig:$r5 = staticinvoke <java.net.URI: java.net.URI create(java.lang.String)>($r2)	timediff:0
I/System.out(22722): body:<com.firebase.tubesock.WebSocket: java.net.Socket createSocket()>	sig:$r5 = virtualinvoke $r4.<java.net.URI: java.lang.String getScheme()>()	timediff:0
I/System.out(22722): body:<com.firebase.tubesock.WebSocket: java.net.Socket createSocket()>	sig:$r6 = virtualinvoke $r4.<java.net.URI: java.lang.String getHost()>()	timediff:0
I/System.out(22722): body:<com.firebase.tubesock.WebSocket: java.net.Socket createSocket()>	sig:$i1 = virtualinvoke $r4.<java.net.URI: int getPort()>()	timediff:0
I/ActivityManager(  464): START u0 {act=android.intent.action.MAIN cat=[android.intent.category.LAUNCHER] flg=0x10000000 sel={act=android.intent.action.MAIN cat=[android.intent.category.APP_MUSIC]}} from pid 464
I/ActivityManager(  464): START u0 {act=android.intent.action.CALL_BUTTON flg=0x10000000} from pid 22722
W/PhoneFallbackEventHandler(22722): No activity found for android.intent.action.CALL_BUTTON.
I/ActivityManager(  464): START u0 {cmp=com.appzcloud.audioeditor/.FilePicker} from pid 22722
W/ViewRootImpl(22722): Dropping event due to no window focus: KeyEvent { action=ACTION_DOWN, keyCode=KEYCODE_DPAD_LEFT, scanCode=0, metaState=0, flags=0x8, repeatCount=0, eventTime=13125357, downTime=13125357, deviceId=-1, source=0x101 }
I/System.out(22722): Internet access
W/EGL_emulation(22722): eglSurfaceAttrib not implemented 3093 12436
W/ViewRootImpl(22722): Dropping event due to no window focus: KeyEvent { action=ACTION_DOWN, keyCode=KEYCODE_VOLUME_UP, scanCode=0, metaState=0, flags=0x8, repeatCount=0, eventTime=13125763, downTime=13125763, deviceId=-1, source=0x101 }
I/ActivityManager(  464): Displayed com.appzcloud.audioeditor/.FilePicker: +379ms
W/ContextImpl(  464): Calling a method in the system process without a qualified user: android.app.ContextImpl.sendBroadcast:1123 com.android.server.InputMethodManagerService.hideCurrentInputLocked:1880 com.android.server.InputMethodManagerService.windowGainedFocus:1968 com.android.internal.view.IInputMethodManager$Stub.onTransact:221 com.android.server.InputMethodManagerService.onTransact:818 
W/ActivityManager(  464): Duplicate finish request for ActivityRecord{4ae566b0 u0 com.appzcloud.audioeditor/.FilePicker t405 f}
W/EGL_emulation(22722): eglSurfaceAttrib not implemented 3093 12436
W/ViewRootImpl(22722): Dropping event due to no window focus: KeyEvent { action=ACTION_DOWN, keyCode=KEYCODE_DPAD_UP, scanCode=0, metaState=0, flags=0x8, repeatCount=0, eventTime=13126173, downTime=13126173, deviceId=-1, source=0x101 }
W/ContextImpl(  464): Calling a method in the system process without a qualified user: android.app.ContextImpl.sendBroadcast:1123 com.android.server.InputMethodManagerService.hideCurrentInputLocked:1880 com.android.server.InputMethodManagerService.windowGainedFocus:2000 com.android.internal.view.IInputMethodManager$Stub.onTransact:221 com.android.server.InputMethodManagerService.onTransact:818 
I/System.out(22722): body:<com.firebase.client.core.RepoInfo: java.net.URI getConnectionURL(java.lang.String)>	sig:$r5 = staticinvoke <java.net.URI: java.net.URI create(java.lang.String)>($r2)	timediff:0
I/System.out(22722): body:<com.firebase.tubesock.WebSocket: java.net.Socket createSocket()>	sig:$r5 = virtualinvoke $r4.<java.net.URI: java.lang.String getScheme()>()	timediff:0
I/System.out(22722): body:<com.firebase.tubesock.WebSocket: java.net.Socket createSocket()>	sig:$r6 = virtualinvoke $r4.<java.net.URI: java.lang.String getHost()>()	timediff:0
I/System.out(22722): body:<com.firebase.tubesock.WebSocket: java.net.Socket createSocket()>	sig:$i1 = virtualinvoke $r4.<java.net.URI: int getPort()>()	timediff:0
W/SocketClient(  163): write error (Broken pipe)
W/EGL_emulation(22722): eglSurfaceAttrib not implemented 3093 12436
W/ViewRootImpl(22722): Dropping event due to no window focus: KeyEvent { action=ACTION_DOWN, keyCode=KEYCODE_DPAD_CENTER, scanCode=0, metaState=0, flags=0x8, repeatCount=0, eventTime=13126504, downTime=13126504, deviceId=-1, source=0x101 }
W/ViewRootImpl(22722): Dropping event due to no window focus: KeyEvent { action=ACTION_DOWN, keyCode=KEYCODE_EQUALS, scanCode=0, metaState=0, flags=0x8, repeatCount=0, eventTime=13126797, downTime=13126797, deviceId=-1, source=0x101 }
W/InputMethodManagerService(  464): Window already focused, ignoring focus gain of: com.android.internal.view.IInputMethodClient$Stub$Proxy@4a9f7d70 attribute=null, token = android.os.BinderProxy@4aa19a0c
W/ViewRootImpl(22722): Dropping event due to no window focus: KeyEvent { action=ACTION_DOWN, keyCode=KEYCODE_DPAD_RIGHT, scanCode=0, metaState=0, flags=0x8, repeatCount=0, eventTime=13126810, downTime=13126810, deviceId=-1, source=0x101 }
W/EGL_emulation(22722): eglSurfaceAttrib not implemented 3093 12436
I/GAV4    (22722): Thread[GAThread,5,main]: No campaign data found.
W/InputMethodManagerService(  464): Window already focused, ignoring focus gain of: com.android.internal.view.IInputMethodClient$Stub$Proxy@4acb9320 attribute=null, token = android.os.BinderProxy@4aa19a0c
V/InputMethodService(  644): onEvaluateInputViewShown: config.hardKeyboardHidden = 1
W/ContextImpl(  464): Calling a method in the system process without a qualified user: android.app.ContextImpl.sendBroadcast:1123 com.android.server.InputMethodManagerService.showCurrentInputLocked:1791 com.android.server.InputMethodManagerService.showSoftInput:1753 com.android.internal.view.IInputMethodManager$Stub.onTransact:175 com.android.server.InputMethodManagerService.onTransact:818 
W/EGL_emulation(22722): eglSurfaceAttrib not implemented 3093 12436
W/ViewRootImpl(22722): Dropping event due to no window focus: KeyEvent { action=ACTION_DOWN, keyCode=KEYCODE_DPAD_UP, scanCode=0, metaState=0, flags=0x8, repeatCount=0, eventTime=13127206, downTime=13127206, deviceId=-1, source=0x101 }
V/InputMethodService(  644): onEvaluateInputViewShown: config.hardKeyboardHidden = 1
W/ContextImpl(  464): Calling a method in the system process without a qualified user: android.app.ContextImpl.sendBroadcast:1123 com.android.server.InputMethodManagerService.showCurrentInputLocked:1791 com.android.server.InputMethodManagerService.attachNewInputLocked:1095 com.android.server.InputMethodManagerService.startInputUncheckedLocked:1166 com.android.server.InputMethodManagerService.startInputLocked:1128 
W/ViewRootImpl(22722): Dropping event due to no window focus: KeyEvent { action=ACTION_DOWN, keyCode=KEYCODE_NUMPAD_5, scanCode=0, metaState=0, flags=0x8, repeatCount=0, eventTime=13127638, downTime=13127638, deviceId=-1, source=0x101 }
W/InputMethodManagerService(  464): Window already focused, ignoring focus gain of: com.android.internal.view.IInputMethodClient$Stub$Proxy@4aa03b90 attribute=null, token = android.os.BinderProxy@4aa19a0c
V/InputMethodService(  644): onEvaluateInputViewShown: config.hardKeyboardHidden = 1
W/ContextImpl(  464): Calling a method in the system process without a qualified user: android.app.ContextImpl.sendBroadcast:1123 com.android.server.InputMethodManagerService.showCurrentInputLocked:1791 com.android.server.InputMethodManagerService.attachNewInputLocked:1095 com.android.server.InputMethodManagerService.startInputUncheckedLocked:1166 com.android.server.InputMethodManagerService.startInputLocked:1128 
W/System.err(22722): java.lang.NullPointerException
W/System.err(22722): 	at com.appzcloud.audioeditor.ListActivity$AsyncTaskSearch.doInBackground(ListActivity.java:2613)
W/System.err(22722): 	at com.appzcloud.audioeditor.ListActivity$AsyncTaskSearch.doInBackground(ListActivity.java:1)
W/System.err(22722): 	at android.os.AsyncTask$2.call(AsyncTask.java:288)
W/System.err(22722): 	at java.util.concurrent.FutureTask.run(FutureTask.java:237)
W/System.err(22722): 	at android.os.AsyncTask$SerialExecutor$1.run(AsyncTask.java:231)
W/System.err(22722): 	at java.util.concurrent.ThreadPoolExecutor.runWorker(ThreadPoolExecutor.java:1112)
W/System.err(22722): 	at java.util.concurrent.ThreadPoolExecutor$Worker.run(ThreadPoolExecutor.java:587)
W/System.err(22722): 	at java.lang.Thread.run(Thread.java:841)
W/System.err(22722): java.lang.NullPointerException
W/System.err(22722): 	at com.appzcloud.audioeditor.ListActivity$AsyncTaskSearch.doInBackground(ListActivity.java:2613)
W/System.err(22722): 	at com.appzcloud.audioeditor.ListActivity$AsyncTaskSearch.doInBackground(ListActivity.java:1)
W/System.err(22722): 	at android.os.AsyncTask$2.call(AsyncTask.java:288)
W/System.err(22722): 	at java.util.concurrent.FutureTask.run(FutureTask.java:237)
W/System.err(22722): 	at android.os.AsyncTask$SerialExecutor$1.run(AsyncTask.java:231)
W/System.err(22722): 	at java.util.concurrent.ThreadPoolExecutor.runWorker(ThreadPoolExecutor.java:1112)
W/System.err(22722): 	at java.util.concurrent.ThreadPoolExecutor$Worker.run(ThreadPoolExecutor.java:587)
W/System.err(22722): 	at java.lang.Thread.run(Thread.java:841)
W/System.err(22722): java.lang.NullPointerException
W/System.err(22722): 	at com.appzcloud.audioeditor.ListActivity$AsyncTaskSearch.doInBackground(ListActivity.java:2613)
W/System.err(22722): 	at com.appzcloud.audioeditor.ListActivity$AsyncTaskSearch.doInBackground(ListActivity.java:1)
W/System.err(22722): 	at android.os.AsyncTask$2.call(AsyncTask.java:288)
W/System.err(22722): 	at java.util.concurrent.FutureTask.run(FutureTask.java:237)
W/System.err(22722): 	at android.os.AsyncTask$SerialExecutor$1.run(AsyncTask.java:231)
W/System.err(22722): 	at java.util.concurrent.ThreadPoolExecutor.runWorker(ThreadPoolExecutor.java:1112)
W/System.err(22722): 	at java.util.concurrent.ThreadPoolExecutor$Worker.run(ThreadPoolExecutor.java:587)
W/System.err(22722): 	at java.lang.Thread.run(Thread.java:841)
W/System.err(22722): java.lang.NullPointerException
W/System.err(22722): 	at com.appzcloud.audioeditor.ListActivity$AsyncTaskSearch.doInBackground(ListActivity.java:2613)
W/System.err(22722): 	at com.appzcloud.audioeditor.ListActivity$AsyncTaskSearch.doInBackground(ListActivity.java:1)
W/System.err(22722): 	at android.os.AsyncTask$2.call(AsyncTask.java:288)
W/System.err(22722): 	at java.util.concurrent.FutureTask.run(FutureTask.java:237)
W/System.err(22722): 	at android.os.AsyncTask$SerialExecutor$1.run(AsyncTask.java:231)
W/System.err(22722): 	at java.util.concurrent.ThreadPoolExecutor.runWorker(ThreadPoolExecutor.java:1112)
W/System.err(22722): 	at java.util.concurrent.ThreadPoolExecutor$Worker.run(ThreadPoolExecutor.java:587)
W/System.err(22722): 	at java.lang.Thread.run(Thread.java:841)
W/System.err(22722): java.lang.NullPointerException
W/System.err(22722): 	at com.appzcloud.audioeditor.ListActivity$AsyncTaskSearch.doInBackground(ListActivity.java:2613)
W/System.err(22722): 	at com.appzcloud.audioeditor.ListActivity$AsyncTaskSearch.doInBackground(ListActivity.java:1)
W/System.err(22722): 	at android.os.AsyncTask$2.call(AsyncTask.java:288)
W/System.err(22722): 	at java.util.concurrent.FutureTask.run(FutureTask.java:237)
W/System.err(22722): 	at android.os.AsyncTask$SerialExecutor$1.run(AsyncTask.java:231)
W/System.err(22722): 	at java.util.concurrent.ThreadPoolExecutor.runWorker(ThreadPoolExecutor.java:1112)
W/System.err(22722): 	at java.util.concurrent.ThreadPoolExecutor$Worker.run(ThreadPoolExecutor.java:587)
W/System.err(22722): 	at java.lang.Thread.run(Thread.java:841)
V/InputMethodService(  644): onEvaluateInputViewShown: config.hardKeyboardHidden = 1
W/ContextImpl(  464): Calling a method in the system process without a qualified user: android.app.ContextImpl.sendBroadcast:1123 com.android.server.InputMethodManagerService.showCurrentInputLocked:1791 com.android.server.InputMethodManagerService.showSoftInput:1753 com.android.internal.view.IInputMethodManager$Stub.onTransact:175 com.android.server.InputMethodManagerService.onTransact:818 
V/InputMethodService(  644): onEvaluateInputViewShown: config.hardKeyboardHidden = 1
W/ContextImpl(  464): Calling a method in the system process without a qualified user: android.app.ContextImpl.sendBroadcast:1123 com.android.server.InputMethodManagerService.showCurrentInputLocked:1791 com.android.server.InputMethodManagerService.showSoftInput:1753 com.android.internal.view.IInputMethodManager$Stub.onTransact:175 com.android.server.InputMethodManagerService.onTransact:818 
V/InputMethodService(  644): onEvaluateInputViewShown: config.hardKeyboardHidden = 1
W/ContextImpl(  464): Calling a method in the system process without a qualified user: android.app.ContextImpl.sendBroadcast:1123 com.android.server.InputMethodManagerService.showCurrentInputLocked:1791 com.android.server.InputMethodManagerService.showSoftInput:1753 com.android.internal.view.IInputMethodManager$Stub.onTransact:175 com.android.server.InputMethodManagerService.onTransact:818 
V/InputMethodService(  644): onEvaluateInputViewShown: config.hardKeyboardHidden = 1
W/ContextImpl(  464): Calling a method in the system process without a qualified user: android.app.ContextImpl.sendBroadcast:1123 com.android.server.InputMethodManagerService.showCurrentInputLocked:1791 com.android.server.InputMethodManagerService.showSoftInput:1753 com.android.internal.view.IInputMethodManager$Stub.onTransact:175 com.android.server.InputMethodManagerService.onTransact:818 
W/EGL_emulation(22722): eglSurfaceAttrib not implemented 3093 12436
E/AudioFlinger(  170): no more track names available
E/AudioTrack(  464): AudioFlinger could not create track, status: -12
E/SoundPool(  464): Error creating AudioTrack
W/EGL_emulation(22722): eglSurfaceAttrib not implemented 3093 12436
W/ViewRootImpl(22722): Dropping event due to no window focus: KeyEvent { action=ACTION_DOWN, keyCode=KEYCODE_DPAD_UP, scanCode=0, metaState=0, flags=0x8, repeatCount=0, eventTime=13128193, downTime=13128193, deviceId=-1, source=0x101 }
I/ActivityManager(  464): START u0 {act=android.intent.action.MAIN cat=[android.intent.category.LAUNCHER] flg=0x10200000 cmp=com.appzcloud.audioeditor/.MainActivity} from pid 22712
W/InputMethodManagerService(  464): Window already focused, ignoring focus gain of: com.android.internal.view.IInputMethodClient$Stub$Proxy@4a9cbf28 attribute=null, token = android.os.BinderProxy@4aa19a0c
E/AudioFlinger(  170): no more track names available
E/AudioTrack(  464): AudioFlinger could not create track, status: -12
E/SoundPool(  464): Error creating AudioTrack
I/ActivityManager(  464): START u0 {cmp=com.appzcloud.audioeditor/.FilePicker} from pid 22722
I/System.out(22722): Internet access
W/EGL_emulation(22722): eglSurfaceAttrib not implemented 3093 12436
I/System.out(22722): body:<com.firebase.client.core.RepoInfo: java.net.URI getConnectionURL(java.lang.String)>	sig:$r5 = staticinvoke <java.net.URI: java.net.URI create(java.lang.String)>($r2)	timediff:0
I/System.out(22722): body:<com.firebase.tubesock.WebSocket: java.net.Socket createSocket()>	sig:$r5 = virtualinvoke $r4.<java.net.URI: java.lang.String getScheme()>()	timediff:0
I/System.out(22722): body:<com.firebase.tubesock.WebSocket: java.net.Socket createSocket()>	sig:$r6 = virtualinvoke $r4.<java.net.URI: java.lang.String getHost()>()	timediff:0
I/System.out(22722): body:<com.firebase.tubesock.WebSocket: java.net.Socket createSocket()>	sig:$i1 = virtualinvoke $r4.<java.net.URI: int getPort()>()	timediff:0
W/SocketClient(  163): write error (Broken pipe)
W/ViewRootImpl(22722): Dropping event due to no window focus: KeyEvent { action=ACTION_DOWN, keyCode=KEYCODE_MENU, scanCode=0, metaState=0, flags=0x8, repeatCount=0, eventTime=13128572, downTime=13128572, deviceId=-1, source=0x101 }
I/ActivityManager(  464): Displayed com.appzcloud.audioeditor/.FilePicker: +285ms
W/ContextImpl(  464): Calling a method in the system process without a qualified user: android.app.ContextImpl.sendBroadcast:1123 com.android.server.InputMethodManagerService.hideCurrentInputLocked:1880 com.android.server.InputMethodManagerService.windowGainedFocus:1968 com.android.internal.view.IInputMethodManager$Stub.onTransact:221 com.android.server.InputMethodManagerService.onTransact:818 
E/AudioFlinger(  170): no more track names available
E/AudioTrack(  464): AudioFlinger could not create track, status: -12
E/SoundPool(  464): Error creating AudioTrack
W/EGL_emulation(22722): eglSurfaceAttrib not implemented 3093 12436
W/ViewRootImpl(22722): Dropping event due to no window focus: KeyEvent { action=ACTION_DOWN, keyCode=KEYCODE_MENU, scanCode=0, metaState=0, flags=0x8, repeatCount=0, eventTime=13129201, downTime=13129201, deviceId=-1, source=0x101 }
W/ContextImpl(  464): Calling a method in the system process without a qualified user: android.app.ContextImpl.sendBroadcast:1123 com.android.server.InputMethodManagerService.hideCurrentInputLocked:1880 com.android.server.InputMethodManagerService.windowGainedFocus:2000 com.android.internal.view.IInputMethodManager$Stub.onTransact:221 com.android.server.InputMethodManagerService.onTransact:818 
I/ActivityManager(  464): START u0 {act=android.intent.action.MAIN cat=[android.intent.category.HOME] flg=0x10200000 cmp=com.vphone.launcher/.Launcher} from pid 464
E/AudioFlinger(  170): no more track names available
E/AudioTrack(  464): AudioFlinger could not create track, status: -12
E/SoundPool(  464): Error creating AudioTrack
E/AudioFlinger(  170): no more track names available
E/AudioTrack(  464): AudioFlinger could not create track, status: -12
E/SoundPool(  464): Error creating AudioTrack
W/ViewRootImpl(22722): Dropping event due to no window focus: KeyEvent { action=ACTION_DOWN, keyCode=KEYCODE_MEDIA_PREVIOUS, scanCode=0, metaState=0, flags=0x8, repeatCount=0, eventTime=13129529, downTime=13129529, deviceId=-1, source=0x101 }
W/EGL_emulation(22722): eglSurfaceAttrib not implemented 3093 12436
W/ViewRootImpl(22722): Dropping event due to no window focus: KeyEvent { action=ACTION_DOWN, keyCode=KEYCODE_DPAD_LEFT, scanCode=0, metaState=0, flags=0x8, repeatCount=0, eventTime=13129536, downTime=13129536, deviceId=-1, source=0x101 }
W/InputManager(  464): Input event injection from pid 22712 failed.
W/InputManager(  464): Input event injection from pid 22712 failed.
I/ActivityManager(  464): START u0 {act=android.intent.action.MAIN cat=[android.intent.category.LAUNCHER] flg=0x10200000 cmp=com.appzcloud.audioeditor/.MainActivity} from pid 22712
W/InputMethodManagerService(  464): Window already focused, ignoring focus gain of: com.android.internal.view.IInputMethodClient$Stub$Proxy@4a9aaffc attribute=android.view.inputmethod.EditorInfo@4ae2c2f8, token = android.os.BinderProxy@4aa19a0c
E/AudioFlinger(  170): no more track names available
E/AudioTrack(  464): AudioFlinger could not create track, status: -12
E/SoundPool(  464): Error creating AudioTrack
E/AudioFlinger(  170): no more track names available
E/AudioTrack(  464): AudioFlinger could not create track, status: -12
E/SoundPool(  464): Error creating AudioTrack
I/ActivityManager(  464): START u0 {cmp=com.appzcloud.audioeditor/.TransparentActivity} from pid 22722
I/InputDispatcher(  464): Dropped event because of pending overdue app switch.
W/InputManager(  464): Input event injection from pid 22712 failed.
E/AudioFlinger(  170): no more track names available
E/AudioTrack(  464): AudioFlinger could not create track, status: -12
E/SoundPool(  464): Error creating AudioTrack
D/dalvikvm(22722): GC_FOR_ALLOC freed 1057K, 7% free 19125K/20556K, paused 4ms, total 4ms
I/dalvikvm-heap(22722): Grow heap (frag case) to 31.148MB for 12960012-byte allocation
D/dalvikvm(22722): GC_FOR_ALLOC freed 13K, 5% free 31768K/33216K, paused 6ms, total 6ms
D/dalvikvm(22722): GC_CONCURRENT freed <1K, 5% free 31768K/33216K, paused 2ms+1ms, total 8ms
I/System.out(22722): Internet access
I/System.out(22722): Internet access
W/ViewRootImpl(22722): Dropping event due to no window focus: KeyEvent { action=ACTION_MULTIPLE, keyCode=KEYCODE_DPAD_LEFT, scanCode=0, metaState=0, flags=0x400, repeatCount=4, eventTime=13129988, downTime=13129988, deviceId=-1, source=0x101 }
W/ViewRootImpl(22722): Dropping event due to no window focus: KeyEvent { action=ACTION_DOWN, keyCode=KEYCODE_DPAD_LEFT, scanCode=0, metaState=0, flags=0x400, repeatCount=0, eventTime=13129988, downTime=13129988, deviceId=-1, source=0x101 }
W/ViewRootImpl(22722): Dropping event due to no window focus: KeyEvent { action=ACTION_DOWN, keyCode=KEYCODE_DPAD_LEFT, scanCode=0, metaState=0, flags=0x400, repeatCount=0, eventTime=13129988, downTime=13129988, deviceId=-1, source=0x101 }
W/ViewRootImpl(22722): Dropping event due to no window focus: KeyEvent { action=ACTION_DOWN, keyCode=KEYCODE_DPAD_LEFT, scanCode=0, metaState=0, flags=0x400, repeatCount=0, eventTime=13129988, downTime=13129988, deviceId=-1, source=0x101 }
W/ViewRootImpl(22722): Dropping event due to no window focus: KeyEvent { action=ACTION_DOWN, keyCode=KEYCODE_DPAD_LEFT, scanCode=0, metaState=0, flags=0x400, repeatCount=0, eventTime=13129988, downTime=13129988, deviceId=-1, source=0x101 }
W/EGL_emulation(22722): eglSurfaceAttrib not implemented 3093 12436
W/ViewRootImpl(22722): Dropping event due to no window focus: KeyEvent { action=ACTION_DOWN, keyCode=KEYCODE_DPAD_RIGHT, scanCode=0, metaState=0, flags=0x8, repeatCount=0, eventTime=13129883, downTime=13129883, deviceId=-1, source=0x101 }
W/ViewRootImpl(22722): Dropping event due to no window focus: KeyEvent { action=ACTION_DOWN, keyCode=KEYCODE_DPAD_DOWN, scanCode=0, metaState=0, flags=0x8, repeatCount=0, eventTime=13130165, downTime=13130165, deviceId=-1, source=0x101 }
W/ContextImpl(  464): Calling a method in the system process without a qualified user: android.app.ContextImpl.sendBroadcast:1123 com.android.server.InputMethodManagerService.hideCurrentInputLocked:1880 com.android.server.InputMethodManagerService.windowGainedFocus:1968 com.android.internal.view.IInputMethodManager$Stub.onTransact:221 com.android.server.InputMethodManagerService.onTransact:818 
I/iu.UploadsManager(  713): End new media; added: 0, uploading: 0, time: 71 ms
W/FFmpegExtractor(  170): sniff through BetterSniffFFMPEG failed, try LegacySniffFFMPEG
E/FFmpegExtractor(  170): /data/media/0/Xfinity/Notifications/XFINITY Ringtone 3.mp3: avformat_open_input failed, err:Permission denied
E/AudioFlinger(  170): no more track names available
E/AudioTrack(  464): AudioFlinger could not create track, status: -12
E/SoundPool(  464): Error creating AudioTrack
I/ActivityManager(  464): Displayed com.appzcloud.audioeditor/.TransparentActivity: +483ms
W/FFmpegExtractor(  170): sniff through BetterSniffFFMPEG failed, try LegacySniffFFMPEG
E/FFmpegExtractor(  170): /data/media/0/Xfinity/Notifications/XFINITY Ringtone 1.mp3: avformat_open_input failed, err:Permission denied
D/dalvikvm(  464): GC_EXPLICIT freed 1083K, 52% free 15136K/31284K, paused 1ms+1ms, total 22ms
W/FFmpegExtractor(  170): sniff through BetterSniffFFMPEG failed, try LegacySniffFFMPEG
E/FFmpegExtractor(  170): /data/media/0/Xfinity/Notifications/Incoming Text Xfinity.mp3: avformat_open_input failed, err:Permission denied
W/FFmpegExtractor(  170): sniff through BetterSniffFFMPEG failed, try LegacySniffFFMPEG
E/FFmpegExtractor(  170): /data/media/0/Xfinity/Notifications/XFINITY Ringtone 1.mp3: avformat_open_input failed, err:Permission denied
W/FFmpegExtractor(  170): sniff through BetterSniffFFMPEG failed, try LegacySniffFFMPEG
