W/Searchables(  476): No global search activity found
W/WindowManager(  476): updateFocusedWindowLocked, focusedAppToken is null.
W/ViewRootImpl(  528): Dropping event due to no window focus: KeyEvent { action=ACTION_DOWN, keyCode=KEYCODE_BACK, scanCode=0, metaState=0, flags=0x8, repeatCount=0, eventTime=44759, downTime=44759, deviceId=-1, source=0x101 }
W/ViewRootImpl(  528): Dropping event due to no window focus: KeyEvent { action=ACTION_DOWN, keyCode=KEYCODE_DPAD_UP, scanCode=0, metaState=0, flags=0x8, repeatCount=0, eventTime=44761, downTime=44761, deviceId=-1, source=0x101 }
W/ViewRootImpl(  528): Dropping event due to no window focus: KeyEvent { action=ACTION_DOWN, keyCode=KEYCODE_BUTTON_THUMBR, scanCode=0, metaState=0, flags=0x8, repeatCount=0, eventTime=44764, downTime=44764, deviceId=-1, source=0x101 }
W/ViewRootImpl(  528): Dropping event due to no window focus: KeyEvent { action=ACTION_DOWN, keyCode=KEYCODE_DPAD_CENTER, scanCode=0, metaState=0, flags=0x8, repeatCount=0, eventTime=44764, downTime=44764, deviceId=-1, source=0x101 }
I/ActivityManager(  476): START u0 {act=android.intent.action.MAIN cat=[android.intent.category.LAUNCHER] flg=0x10200000 cmp=com.google.android.apps.youtube.music/.activities.MusicActivity} from pid 1785
D/dalvikvm(  476): GC_FOR_ALLOC freed 1030K, 48% free 7423K/14144K, paused 12ms, total 12ms
W/Launcher(  675): No global search activity found.
W/InputMethodManagerService(  476): Starting input on non-focused client com.android.internal.view.IInputMethodClient$Stub$Proxy@4a944374 (uid=1000 pid=675)
W/ContextImpl(  476): Calling a method in the system process without a qualified user: android.app.ContextImpl.sendBroadcast:1123 com.android.server.InputMethodManagerService.hideCurrentInputLocked:1880 com.android.server.InputMethodManagerService.windowGainedFocus:1968 com.android.internal.view.IInputMethodManager$Stub.onTransact:221 com.android.server.InputMethodManagerService.onTransact:818 
W/InputEventReceiver(  528): Attempted to finish an input event but the input event receiver has already been disposed.
W/InputEventReceiver(  528): Attempted to finish an input event but the input event receiver has already been disposed.
W/InputEventReceiver(  528): Attempted to finish an input event but the input event receiver has already been disposed.
W/InputEventReceiver(  528): Attempted to finish an input event but the input event receiver has already been disposed.
W/ViewRootImpl(  528): Dropping event due to root view being removed: MotionEvent { action=ACTION_UP, id[0]=0, x[0]=159.72177, y[0]=-321.63873, toolType[0]=TOOL_TYPE_UNKNOWN, buttonState=0, metaState=0, flags=0x0, edgeFlags=0x0, pointerCount=1, historySize=0, eventTime=44863, downTime=44863, deviceId=0, source=0x1002 }
W/ViewRootImpl(  528): Dropping event due to root view being removed: MotionEvent { action=ACTION_MOVE, id[0]=0, x[0]=-1.0, y[0]=-3.0, toolType[0]=TOOL_TYPE_UNKNOWN, buttonState=0, metaState=0, flags=0x0, edgeFlags=0x0, pointerCount=1, historySize=9, eventTime=44863, downTime=-1, deviceId=0, source=0x10004 }
W/ViewRootImpl(  528): Dropping event due to root view being removed: KeyEvent { action=ACTION_UP, keyCode=KEYCODE_M, scanCode=0, metaState=0, flags=0x8, repeatCount=0, eventTime=44862, downTime=44862, deviceId=-1, source=0x101 }
W/ContextImpl(  675): Calling a method in the system process without a qualified user: android.app.ContextImpl.bindService:1556 android.content.ContextWrapper.bindService:517 com.google.android.gms.common.stats.zzb.zza:-1 com.google.android.gms.common.stats.zzb.zza:-1 com.google.android.gms.ads.identifier.AdvertisingIdClient.zzh:-1 
D/yeshen  (  675): launcher onpause
W/DebugConnManager(  675): getNetworkInfo() on networkType 1
I/ActivityManager(  476): Start proc com.google.android.apps.youtube.music for activity com.google.android.apps.youtube.music/.activities.MusicActivity: pid=2056 uid=10034 gids={50034, 3002, 3001, 3003, 1028, 1015, 1023}
W/NetworkManagementSocketTagger(  476): setKernelCountSet(10034, 1) failed with errno -13
I/ActivityManager(  476): START u0 {cmp=com.vphone.launcher/.game.GpLoadingActivity (has extras)} from pid 675
D/yeshen  (  675): launcher onstop
W/DebugConnManager(  675): getNetworkInfo() on networkType 1
D/FirebaseApp(  675): Notifying background state change listeners.
D/Tinker.DefaultAppLike(  675): onTrimMemory level:20
I/dalvikvm( 2056): ignoring registerObject request in thread=1
I/dalvikvm( 2056): ignoring registerObject request in thread=1
I/qtaguid (  675): Untagging socket 54 failed errno=-13
W/NetworkManagementSocketTagger(  675): untagSocket(54) failed with errno -13
I/qtaguid (  675): Untagging socket 116 failed errno=-13
W/NetworkManagementSocketTagger(  675): untagSocket(116) failed with errno -13
D/dalvikvm( 2056): JIT code cache reset in 0 ms (0 bytes 1/0)
D/dalvikvm( 2056): GC_CONCURRENT freed 277K, 11% free 2972K/3312K, paused 3ms+3ms, total 8ms
W/dalvikvm( 2056): VFY: invalid call to Ljava/lang/NullPointerException;.<init>
W/dalvikvm( 2056): VFY:  rejecting call to Ljava/lang/NullPointerException;.<init> (Ljava/lang/String;)V
W/dalvikvm( 2056): VFY:  rejecting opcode 0x6e at 0x0006
W/dalvikvm( 2056): VFY:  rejected Lkt;.a (I)Z
W/dalvikvm( 2056): Verifier rejected class Lkt;
D/AndroidRuntime( 2056): Shutting down VM
W/dalvikvm( 2056): threadid=1: thread exiting with uncaught exception (group=0x94d08b20)
I/Process (  476): Sending signal. PID: 2056 SIG: 9
E/AndroidRuntime( 2056): FATAL EXCEPTION: main
E/AndroidRuntime( 2056): Process: com.google.android.apps.youtube.music, PID: 2056
E/AndroidRuntime( 2056): java.lang.VerifyError: kt
E/AndroidRuntime( 2056): 	at jwm.<init>(SourceFile:14)
E/AndroidRuntime( 2056): 	at jwm.<init>(SourceFile:1)
E/AndroidRuntime( 2056): 	at joe.<init>(SourceFile:158)
E/AndroidRuntime( 2056): 	at com.google.android.apps.youtube.music.application.YouTubeMusicApplication.i(SourceFile:117)
E/AndroidRuntime( 2056): 	at com.google.android.apps.youtube.music.application.YouTubeMusicApplication.onCreate(SourceFile:966)
E/AndroidRuntime( 2056): 	at android.app.Instrumentation.callApplicationOnCreate(Instrumentation.java:1024)
E/AndroidRuntime( 2056): 	at android.app.ActivityThread.handleBindApplication(ActivityThread.java:4346)
E/AndroidRuntime( 2056): 	at android.app.ActivityThread.access$1500(ActivityThread.java:135)
E/AndroidRuntime( 2056): 	at android.app.ActivityThread$H.handleMessage(ActivityThread.java:1256)
E/AndroidRuntime( 2056): 	at android.os.Handler.dispatchMessage(Handler.java:102)
E/AndroidRuntime( 2056): 	at android.os.Looper.loop(Looper.java:136)
E/AndroidRuntime( 2056): 	at android.app.ActivityThread.main(ActivityThread.java:5019)
E/AndroidRuntime( 2056): 	at java.lang.reflect.Method.invokeNative(Native Method)
E/AndroidRuntime( 2056): 	at java.lang.reflect.Method.invoke(Method.java:515)
E/AndroidRuntime( 2056): 	at com.android.internal.os.ZygoteInit$MethodAndArgsCaller.run(ZygoteInit.java:779)
E/AndroidRuntime( 2056): 	at com.android.internal.os.ZygoteInit.main(ZygoteInit.java:595)
E/AndroidRuntime( 2056): 	at dalvik.system.NativeStart.main(Native Method)
W/ActivityManager(  476): Force-killing crashed app com.google.android.apps.youtube.music at watcher's request
W/ContextImpl(  476): Calling a method in the system process without a qualified user: android.app.ContextImpl.sendBroadcast:1123 com.android.server.am.ActivityManagerService.handleApplicationCrashInner:9642 com.android.server.am.ActivityManagerService.handleApplicationCrash:9616 android.app.ActivityManagerNative.onTransact:1311 com.android.server.am.ActivityManagerService.onTransact:2071 
I/qtaguid (  675): Tagging socket 53 with tag 49e2824000000000(1239581248) for uid -1 failed errno=-13
I/NetworkManagementSocketTagger(  675): tagSocketFd(53, 1239581248, -1) failed with errno-13
W/NetworkManagementSocketTagger(  476): setKernelCountSet(10034, 0) failed with errno -13
I/ActivityManager(  476): Process com.google.android.apps.youtube.music (pid 2056) has died.
I/qtaguid (  675): Tagging socket 105 with tag 49e2824000000000(1239581248) for uid -1 failed errno=-13
W/NetworkManagementSocketTagger(  476): setKernelCountSet(10034, 1) failed with errno -13
I/ActivityManager(  476): Start proc com.google.android.apps.youtube.music for activity com.google.android.apps.youtube.music/.activities.MusicActivity: pid=2077 uid=10034 gids={50034, 3002, 3001, 3003, 1028, 1015, 1023}
I/NetworkManagementSocketTagger(  675): tagSocketFd(105, 1239581248, -1) failed with errno-13
I/dalvikvm( 2077): ignoring registerObject request in thread=1
I/dalvikvm( 2077): ignoring registerObject request in thread=1
D/dalvikvm( 2077): JIT code cache reset in 0 ms (0 bytes 1/0)
D/dalvikvm( 2077): GC_CONCURRENT freed 322K, 12% free 2931K/3316K, paused 1ms+4ms, total 19ms
W/dalvikvm( 2077): VFY: invalid call to Ljava/lang/NullPointerException;.<init>
W/dalvikvm( 2077): VFY:  rejecting call to Ljava/lang/NullPointerException;.<init> (Ljava/lang/String;)V
W/dalvikvm( 2077): VFY:  rejecting opcode 0x6e at 0x0006
W/dalvikvm( 2077): VFY:  rejected Lkt;.a (I)Z
W/dalvikvm( 2077): Verifier rejected class Lkt;
D/AndroidRuntime( 2077): Shutting down VM
W/dalvikvm( 2077): threadid=1: thread exiting with uncaught exception (group=0x94d08b20)
E/AndroidRuntime( 2077): FATAL EXCEPTION: main
E/AndroidRuntime( 2077): Process: com.google.android.apps.youtube.music, PID: 2077
E/AndroidRuntime( 2077): java.lang.VerifyError: kt
E/AndroidRuntime( 2077): 	at jwm.<init>(SourceFile:14)
E/AndroidRuntime( 2077): 	at jwm.<init>(SourceFile:1)
E/AndroidRuntime( 2077): 	at joe.<init>(SourceFile:158)
E/AndroidRuntime( 2077): 	at com.google.android.apps.youtube.music.application.YouTubeMusicApplication.i(SourceFile:117)
E/AndroidRuntime( 2077): 	at com.google.android.apps.youtube.music.application.YouTubeMusicApplication.onCreate(SourceFile:966)
E/AndroidRuntime( 2077): 	at android.app.Instrumentation.callApplicationOnCreate(Instrumentation.java:1024)
E/AndroidRuntime( 2077): 	at android.app.ActivityThread.handleBindApplication(ActivityThread.java:4346)
E/AndroidRuntime( 2077): 	at android.app.ActivityThread.access$1500(ActivityThread.java:135)
E/AndroidRuntime( 2077): 	at android.app.ActivityThread$H.handleMessage(ActivityThread.java:1256)
E/AndroidRuntime( 2077): 	at android.os.Handler.dispatchMessage(Handler.java:102)
E/AndroidRuntime( 2077): 	at android.os.Looper.loop(Looper.java:136)
E/AndroidRuntime( 2077): 	at android.app.ActivityThread.main(ActivityThread.java:5019)
E/AndroidRuntime( 2077): 	at java.lang.reflect.Method.invokeNative(Native Method)
E/AndroidRuntime( 2077): 	at java.lang.reflect.Method.invoke(Method.java:515)
E/AndroidRuntime( 2077): 	at com.android.internal.os.ZygoteInit$MethodAndArgsCaller.run(ZygoteInit.java:779)
E/AndroidRuntime( 2077): 	at com.android.internal.os.ZygoteInit.main(ZygoteInit.java:595)
E/AndroidRuntime( 2077): 	at dalvik.system.NativeStart.main(Native Method)
I/Process (  476): Sending signal. PID: 2077 SIG: 9
W/NetworkManagementSocketTagger(  476): setKernelCountSet(10034, 0) failed with errno -13
W/ActivityManager(  476): Force-killing crashed app com.google.android.apps.youtube.music at watcher's request
W/ContextImpl(  476): Calling a method in the system process without a qualified user: android.app.ContextImpl.sendBroadcast:1123 com.android.server.am.ActivityManagerService.handleApplicationCrashInner:9642 com.android.server.am.ActivityManagerService.handleApplicationCrash:9616 android.app.ActivityManagerNative.onTransact:1311 com.android.server.am.ActivityManagerService.onTransact:2071 
I/ActivityManager(  476): Process com.google.android.apps.youtube.music (pid 2077) has died.
I/ActivityManager(  476): Start proc com.google.android.apps.youtube.music for activity com.google.android.apps.youtube.music/.activities.MusicActivity: pid=2094 uid=10034 gids={50034, 3002, 3001, 3003, 1028, 1015, 1023}
I/qtaguid (  645): Untagging socket 58 failed errno=-13
W/NetworkManagementSocketTagger(  645): untagSocket(58) failed with errno -13
W/NetworkManagementSocketTagger(  476): setKernelCountSet(10034, 1) failed with errno -13
I/dalvikvm( 2094): ignoring registerObject request in thread=1
I/dalvikvm( 2094): ignoring registerObject request in thread=1
D/dalvikvm(  675): GC_FOR_ALLOC freed 5135K, 59% free 19320K/46316K, paused 17ms, total 17ms
D/dalvikvm(  675): GC_CONCURRENT freed 661K, 59% free 19288K/46316K, paused 4ms+2ms, total 24ms
I/qtaguid (  645): Tagging socket 59 with tag 3000040700000000(805307399) for uid -1 failed errno=-13
I/NetworkManagementSocketTagger(  645): tagSocketFd(59, 805307399, -1) failed with errno-13
D/dalvikvm( 2094): JIT code cache reset in 0 ms (0 bytes 1/0)
D/dalvikvm( 2094): GC_CONCURRENT freed 315K, 12% free 2942K/3320K, paused 1ms+2ms, total 6ms
W/dalvikvm( 2094): VFY: invalid call to Ljava/lang/NullPointerException;.<init>
W/dalvikvm( 2094): VFY:  rejecting call to Ljava/lang/NullPointerException;.<init> (Ljava/lang/String;)V
W/dalvikvm( 2094): VFY:  rejecting opcode 0x6e at 0x0006
W/dalvikvm( 2094): VFY:  rejected Lkt;.a (I)Z
W/dalvikvm( 2094): Verifier rejected class Lkt;
D/AndroidRuntime( 2094): Shutting down VM
W/dalvikvm( 2094): threadid=1: thread exiting with uncaught exception (group=0x94d08b20)
E/AndroidRuntime( 2094): FATAL EXCEPTION: main
E/AndroidRuntime( 2094): Process: com.google.android.apps.youtube.music, PID: 2094
E/AndroidRuntime( 2094): java.lang.VerifyError: kt
E/AndroidRuntime( 2094): 	at jwm.<init>(SourceFile:14)
E/AndroidRuntime( 2094): 	at jwm.<init>(SourceFile:1)
E/AndroidRuntime( 2094): 	at joe.<init>(SourceFile:158)
E/AndroidRuntime( 2094): 	at com.google.android.apps.youtube.music.application.YouTubeMusicApplication.i(SourceFile:117)
E/AndroidRuntime( 2094): 	at com.google.android.apps.youtube.music.application.YouTubeMusicApplication.onCreate(SourceFile:966)
E/AndroidRuntime( 2094): 	at android.app.Instrumentation.callApplicationOnCreate(Instrumentation.java:1024)
E/AndroidRuntime( 2094): 	at android.app.ActivityThread.handleBindApplication(ActivityThread.java:4346)
E/AndroidRuntime( 2094): 	at android.app.ActivityThread.access$1500(ActivityThread.java:135)
E/AndroidRuntime( 2094): 	at android.app.ActivityThread$H.handleMessage(ActivityThread.java:1256)
E/AndroidRuntime( 2094): 	at android.os.Handler.dispatchMessage(Handler.java:102)
E/AndroidRuntime( 2094): 	at android.os.Looper.loop(Looper.java:136)
E/AndroidRuntime( 2094): 	at android.app.ActivityThread.main(ActivityThread.java:5019)
E/AndroidRuntime( 2094): 	at java.lang.reflect.Method.invokeNative(Native Method)
E/AndroidRuntime( 2094): 	at java.lang.reflect.Method.invoke(Method.java:515)
E/AndroidRuntime( 2094): 	at com.android.internal.os.ZygoteInit$MethodAndArgsCaller.run(ZygoteInit.java:779)
E/AndroidRuntime( 2094): 	at com.android.internal.os.ZygoteInit.main(ZygoteInit.java:595)
E/AndroidRuntime( 2094): 	at dalvik.system.NativeStart.main(Native Method)
I/Process (  476): Sending signal. PID: 2094 SIG: 9
W/NetworkManagementSocketTagger(  476): setKernelCountSet(10034, 0) failed with errno -13
I/InputDispatcher(  476): Dropping event because there is no focused window or focused application.
I/InputDispatcher(  476): Dropping event because there is no focused window or focused application.
W/ActivityManager(  476): Force-killing crashed app com.google.android.apps.youtube.music at watcher's request
W/ContextImpl(  476): Calling a method in the system process without a qualified user: android.app.ContextImpl.sendBroadcast:1123 com.android.server.am.ActivityManagerService.handleApplicationCrashInner:9642 com.android.server.am.ActivityManagerService.handleApplicationCrash:9616 android.app.ActivityManagerNative.onTransact:1311 com.android.server.am.ActivityManagerService.onTransact:2071 
I/ActivityManager(  476): Process com.google.android.apps.youtube.music (pid 2094) has died.
W/ActivityManager(  476): Force removing ActivityRecord{4a9a93ec u0 com.google.android.apps.youtube.music/.activities.MusicActivity t6}: app died, no saved state
W/InputManager(  476): Input event injection from pid 1785 failed.
I/InputDispatcher(  476): Dropping event because there is no focused window or focused application.
I/InputDispatcher(  476): Dropping event because there is no focused window or focused application.
I/InputDispatcher(  476): Dropping event because there is no focused window or focused application.
I/InputDispatcher(  476): Dropping event because there is no focused window or focused application.
I/InputDispatcher(  476): Dropping event because there is no focused window or focused application.
I/InputDispatcher(  476): Dropping event because there is no focused window or focused application.
I/InputDispatcher(  476): Dropping event because there is no focused window or focused application.
I/InputDispatcher(  476): Dropping event because there is no focused window or focused application.
I/InputDispatcher(  476): Dropping event because there is no focused window or focused application.
I/InputDispatcher(  476): Dropping event because there is no focused window or focused application.
I/InputDispatcher(  476): Dropping event because there is no focused window or focused application.
I/InputDispatcher(  476): Dropping event because there is no focused window or focused application.
I/InputDispatcher(  476): Dropping event because there is no focused window or focused application.
I/InputDispatcher(  476): Dropping event because there is no focused window or focused application.
I/InputDispatcher(  476): Dropping event because there is no focused window or focused application.
W/InputManager(  476): Input event injection from pid 1785 failed.
W/InputManager(  476): Input event injection from pid 1785 failed.
W/InputManager(  476): Input event injection from pid 1785 failed.
W/InputManager(  476): Input event injection from pid 1785 failed.
W/InputManager(  476): Input event injection from pid 1785 failed.
W/InputManager(  476): Input event injection from pid 1785 failed.
W/InputManager(  476): Input event injection from pid 1785 failed.
W/InputManager(  476): Input event injection from pid 1785 failed.
W/InputManager(  476): Input event injection from pid 1785 failed.
W/InputManager(  476): Input event injection from pid 1785 failed.
W/InputManager(  476): Input event injection from pid 1785 failed.
W/InputManager(  476): Input event injection from pid 1785 failed.
W/InputManager(  476): Input event injection from pid 1785 failed.
W/InputManager(  476): Input event injection from pid 1785 failed.
W/InputManager(  476): Input event injection from pid 1785 failed.
W/InputManager(  476): Input event injection from pid 1785 failed.
I/InputDispatcher(  476): Dropping event because there is no focused window or focused application.
I/InputDispatcher(  476): Dropping event because there is no focused window or focused application.
I/InputDispatcher(  476): Dropping event because there is no focused window or focused application.
I/InputDispatcher(  476): Dropping event because there is no focused window or focused application.
W/InputManager(  476): Input event injection from pid 1785 failed.
W/InputManager(  476): Input event injection from pid 1785 failed.
W/InputManager(  476): Input event injection from pid 1785 failed.
W/InputManager(  476): Input event injection from pid 1785 failed.
W/InputManager(  476): Input event injection from pid 1785 failed.
W/InputManager(  476): Input event injection from pid 1785 failed.
W/InputManager(  476): Input event injection from pid 1785 failed.
W/InputManager(  476): Input event injection from pid 1785 failed.
W/InputManager(  476): Input event injection from pid 1785 failed.
W/InputManager(  476): Input event injection from pid 1785 failed.
W/InputManager(  476): Input event injection from pid 1785 failed.
W/InputManager(  476): Input event injection from pid 1785 failed.
I/InputDispatcher(  476): Dropping event because there is no focused window or focused application.
I/InputDispatcher(  476): Dropping event because there is no focused window or focused application.
I/InputDispatcher(  476): Dropping event because there is no focused window or focused application.
I/InputDispatcher(  476): Dropping event because there is no focused window or focused application.
W/InputManager(  476): Input event injection from pid 1785 failed.
W/InputManager(  476): Input event injection from pid 1785 failed.
W/InputManager(  476): Input event injection from pid 1785 failed.
W/InputManager(  476): Input event injection from pid 1785 failed.
D/FirebaseApp(  675): Notifying background state change listeners.
I/InputDispatcher(  476): Dropping event because there is no focused window or focused application.
I/InputDispatcher(  476): Dropping event because there is no focused window or focused application.
I/InputDispatcher(  476): Dropping event because there is no focused window or focused application.
I/InputDispatcher(  476): Dropping event because there is no focused window or focused application.
I/InputDispatcher(  476): Dropping event because there is no focused window or focused application.
I/InputDispatcher(  476): Dropping event because there is no focused window or focused application.
I/InputDispatcher(  476): Dropping event because there is no focused window or focused application.
I/InputDispatcher(  476): Dropping event because there is no focused window or focused application.
I/InputDispatcher(  476): Dropping event because there is no focused window or focused application.
I/InputDispatcher(  476): Dropping event because there is no focused window or focused application.
W/InputManager(  476): Input event injection from pid 1785 failed.
W/InputManager(  476): Input event injection from pid 1785 failed.
W/InputManager(  476): Input event injection from pid 1785 failed.
W/InputManager(  476): Input event injection from pid 1785 failed.
W/InputManager(  476): Input event injection from pid 1785 failed.
W/InputManager(  476): Input event injection from pid 1785 failed.
W/InputManager(  476): Input event injection from pid 1785 failed.
W/InputManager(  476): Input event injection from pid 1785 failed.
W/InputManager(  476): Input event injection from pid 1785 failed.
W/InputManager(  476): Input event injection from pid 1785 failed.
V/PanelView(  528): animationTick called with dtms=0; nothing to do (h=0.0 v=0.0)
I/InputDispatcher(  476): Dropping event because there is no focused window or focused application.
I/InputDispatcher(  476): Dropping event because there is no focused window or focused application.
I/InputDispatcher(  476): Dropping event because there is no focused window or focused application.
I/InputDispatcher(  476): Dropping event because there is no focused window or focused application.
I/InputDispatcher(  476): Dropping event because there is no focused window or focused application.
I/InputDispatcher(  476): Dropping event because there is no focused window or focused application.
I/InputDispatcher(  476): Dropping event because there is no focused window or focused application.
I/InputDispatcher(  476): Dropping event because there is no focused window or focused application.
I/InputDispatcher(  476): Dropping event because there is no focused window or focused application.
I/InputDispatcher(  476): Dropping event because there is no focused window or focused application.
W/InputManager(  476): Input event injection from pid 1785 failed.
W/InputManager(  476): Input event injection from pid 1785 failed.
W/InputManager(  476): Input event injection from pid 1785 failed.
W/InputManager(  476): Input event injection from pid 1785 failed.
W/InputManager(  476): Input event injection from pid 1785 failed.
W/InputManager(  476): Input event injection from pid 1785 failed.
W/InputManager(  476): Input event injection from pid 1785 failed.
W/InputManager(  476): Input event injection from pid 1785 failed.
W/InputManager(  476): Input event injection from pid 1785 failed.
W/InputManager(  476): Input event injection from pid 1785 failed.
W/InputManager(  476): Input event injection from pid 1785 failed.
W/InputManager(  476): Input event injection from pid 1785 failed.
W/InputManager(  476): Input event injection from pid 1785 failed.
W/InputManager(  476): Input event injection from pid 1785 failed.
I/InputDispatcher(  476): Dropping event because there is no focused window or focused application.
I/InputDispatcher(  476): Dropping event because there is no focused window or focused application.
I/InputDispatcher(  476): Dropping event because there is no focused window or focused application.
I/InputDispatcher(  476): Dropping event because there is no focused window or focused application.
I/InputDispatcher(  476): Dropping event because there is no focused window or focused application.
I/InputDispatcher(  476): Dropping event because there is no focused window or focused application.
I/InputDispatcher(  476): Dropping event because there is no focused window or focused application.
I/InputDispatcher(  476): Dropping event because there is no focused window or focused application.
I/InputDispatcher(  476): Dropping event because there is no focused window or focused application.
W/InputManager(  476): Input event injection from pid 1785 failed.
W/InputManager(  476): Input event injection from pid 1785 failed.
W/InputManager(  476): Input event injection from pid 1785 failed.
W/InputManager(  476): Input event injection from pid 1785 failed.
W/InputManager(  476): Input event injection from pid 1785 failed.
W/InputManager(  476): Input event injection from pid 1785 failed.
W/InputManager(  476): Input event injection from pid 1785 failed.
W/InputManager(  476): Input event injection from pid 1785 failed.
W/InputManager(  476): Input event injection from pid 1785 failed.
I/InputDispatcher(  476): Dropping event because there is no focused window or focused application.
I/InputDispatcher(  476): Dropping event because there is no focused window or focused application.
I/InputDispatcher(  476): Dropping event because there is no focused window or focused application.
I/InputDispatcher(  476): Dropping event because there is no focused window or focused application.
I/InputDispatcher(  476): Dropping event because there is no focused window or focused application.
I/InputDispatcher(  476): Dropping event because there is no focused window or focused application.
I/InputDispatcher(  476): Dropping event because there is no focused window or focused application.
I/InputDispatcher(  476): Dropping event because there is no focused window or focused application.
I/InputDispatcher(  476): Dropping event because there is no focused window or focused application.
I/InputDispatcher(  476): Dropping event because there is no focused window or focused application.
I/InputDispatcher(  476): Dropping event because there is no focused window or focused application.
I/InputDispatcher(  476): Dropping event because there is no focused window or focused application.
I/InputDispatcher(  476): Dropping event because there is no focused window or focused application.
W/InputManager(  476): Input event injection from pid 1785 failed.
W/InputManager(  476): Input event injection from pid 1785 failed.
W/InputManager(  476): Input event injection from pid 1785 failed.
W/InputManager(  476): Input event injection from pid 1785 failed.
W/InputManager(  476): Input event injection from pid 1785 failed.
W/InputManager(  476): Input event injection from pid 1785 failed.
W/InputManager(  476): Input event injection from pid 1785 failed.
W/InputManager(  476): Input event injection from pid 1785 failed.
W/InputManager(  476): Input event injection from pid 1785 failed.
W/InputManager(  476): Input event injection from pid 1785 failed.
W/InputManager(  476): Input event injection from pid 1785 failed.
W/InputManager(  476): Input event injection from pid 1785 failed.
W/InputManager(  476): Input event injection from pid 1785 failed.
I/InputDispatcher(  476): Dropping event because there is no focused window or focused application.
I/InputDispatcher(  476): Dropping event because there is no focused window or focused application.
I/InputDispatcher(  476): Dropping event because there is no focused window or focused application.
I/InputDispatcher(  476): Dropping event because there is no focused window or focused application.
I/InputDispatcher(  476): Dropping event because there is no focused window or focused application.
I/InputDispatcher(  476): Dropping event because there is no focused window or focused application.
W/InputManager(  476): Input event injection from pid 1785 failed.
W/InputManager(  476): Input event injection from pid 1785 failed.
W/InputManager(  476): Input event injection from pid 1785 failed.
W/InputManager(  476): Input event injection from pid 1785 failed.
W/InputManager(  476): Input event injection from pid 1785 failed.
W/InputManager(  476): Input event injection from pid 1785 failed.
W/EGL_emulation(  675): eglSurfaceAttrib not implemented 3093 12436
W/ContextImpl(  476): Calling a method in the system process without a qualified user: android.app.ContextImpl.sendBroadcast:1123 com.android.server.InputMethodManagerService.hideCurrentInputLocked:1880 com.android.server.InputMethodManagerService.windowGainedFocus:1968 com.android.internal.view.IInputMethodManager$Stub.onTransact:221 com.android.server.InputMethodManagerService.onTransact:818 
I/Icing   (  709): Indexing 0FE4E2D1EF9BEC94C9A9BA1E84A86FBAF7133BFF from com.google.android.gms
I/Icing   (  709): Indexing done 0FE4E2D1EF9BEC94C9A9BA1E84A86FBAF7133BFF
W/DebugConnManager(  675): getNetworkInfo() on networkType 1
W/DebugConnManager(  675): getNetworkInfo() on networkType 1
I/ActivityManager(  476): START u0 {cmp=com.vphone.launcher/.game.GpLoadingActivity (has extras)} from pid 675
W/DebugConnManager(  675): getNetworkInfo() on networkType 1
I/ActivityManager(  476): START u0 {cmp=com.vphone.launcher/.game.GpLoadingActivity (has extras)} from pid 675
D/dalvikvm(  675): GC_CONCURRENT freed 4921K, 57% free 20078K/46316K, paused 10ms+1ms, total 35ms
D/dalvikvm(  675): WAIT_FOR_CONCURRENT_GC blocked 25ms
W/DebugConnManager(  675): getNetworkInfo() on networkType 1
I/ActivityManager(  476): START u0 {cmp=com.vphone.launcher/.game.GpLoadingActivity (has extras)} from pid 675
I/Finsky  ( 1486): [1] com.google.android.finsky.verifier.impl.PackageVerificationReceiver.onReceive(14): Verification requested, id = 1
W/ActivityManager(  476): No content provider found for permission revoke: file:///data/user/0/com.android.providers.downloads/cache/downloadfile.apk
W/Finsky  ( 1486): [1] com.google.android.finsky.application.d.cY(896): No account configured on this device.
W/Finsky  ( 1486): [1] com.google.android.finsky.application.d.cY(896): No account configured on this device.
W/Finsky  ( 1486): [1] com.google.android.finsky.application.d.cY(896): No account configured on this device.
I/Finsky  ( 1486): [94] com.google.android.finsky.verifier.impl.bx.a(54): Skipping verification because own installation
I/Finsky  ( 1486): [94] com.google.android.finsky.verifier.impl.bx.a(70): Skipping anti malware verification due to pre-check failure
I/Finsky  ( 1486): [1] com.google.android.finsky.verifier.impl.de.c(102): Verifying id=1, result=1
I/Finsky  ( 1486): [1] com.google.android.finsky.verifier.impl.de.c(115): Verification complete: id=1, package_name=com.android.vending
I/ActivityManager(  476): START u0 {act=android.intent.action.MAIN cat=[android.intent.category.LAUNCHER] flg=0x10000000 cmp=com.android.contacts/.activities.PeopleActivity sel={act=android.intent.action.MAIN cat=[android.intent.category.APP_CONTACTS]}} from pid 476
I/qtaguid (  645): Untagging socket 59 failed errno=-13
W/NetworkManagementSocketTagger(  645): untagSocket(59) failed with errno -13
W/DebugConnManager(  675): getNetworkInfo() on networkType 1
I/qtaguid (  645): Tagging socket 58 with tag 3000040700000000(805307399) for uid -1 failed errno=-13
I/NetworkManagementSocketTagger(  645): tagSocketFd(58, 805307399, -1) failed with errno-13
I/ActivityManager(  476): START u0 {cmp=com.vphone.launcher/.game.GpLoadingActivity (has extras)} from pid 675
W/ContextImpl(  675): Calling a method in the system process without a qualified user: android.app.ContextImpl.bindService:1556 android.content.ContextWrapper.bindService:517 com.google.android.gms.common.stats.zzb.zza:-1 com.google.android.gms.common.stats.zzb.zza:-1 com.google.android.gms.ads.identifier.AdvertisingIdClient.zzh:-1 
I/ActivityManager(  476): START u0 {act=android.intent.action.MAIN cat=[android.intent.category.LAUNCHER] flg=0x10200000 cmp=com.google.android.apps.youtube.music/.activities.MusicActivity} from pid 1785
D/dalvikvm(  476): GC_FOR_ALLOC freed 715K, 47% free 7603K/14144K, paused 22ms, total 22ms
W/DebugConnManager(  675): getNetworkInfo() on networkType 1
W/ActivityManager(  476): No content provider found for permission revoke: file:///data/user/0/com.android.providers.downloads/cache/downloadfile.apk
I/PackageManager(  476): Copying native libraries to /data/app-lib/vmdl-280648593
I/ActivityManager(  476): START u0 {cmp=com.vphone.launcher/.game.GpLoadingActivity (has extras)} from pid 675
D/yeshen  (  675): launcher onpause
I/ActivityManager(  476): Start proc com.google.android.apps.youtube.music for activity com.google.android.apps.youtube.music/.activities.MusicActivity: pid=2136 uid=10034 gids={50034, 3002, 3001, 3003, 1028, 1015, 1023}
I/qtaguid (  675): Untagging socket 89 failed errno=-13
W/DebugConnManager(  675): getNetworkInfo() on networkType 1
W/NetworkManagementSocketTagger(  476): setKernelCountSet(10034, 1) failed with errno -13
D/yeshen  (  675): launcher onstop
W/DebugConnManager(  675): getNetworkInfo() on networkType 1
I/dalvikvm( 2136): ignoring registerObject request in thread=1
I/dalvikvm( 2136): ignoring registerObject request in thread=1
W/NetworkManagementSocketTagger(  675): untagSocket(89) failed with errno -13
D/FirebaseApp(  675): Notifying background state change listeners.
D/Tinker.DefaultAppLike(  675): onTrimMemory level:20
I/qtaguid (  675): Untagging socket 94 failed errno=-13
W/NetworkManagementSocketTagger(  675): untagSocket(94) failed with errno -13
I/qtaguid (  675): Untagging socket 91 failed errno=-13
W/NetworkManagementSocketTagger(  675): untagSocket(91) failed with errno -13
I/qtaguid (  675): Tagging socket 91 with tag 1b8a7d1b00000000(462060827) for uid -1 failed errno=-13
I/NetworkManagementSocketTagger(  675): tagSocketFd(91, 462060827, -1) failed with errno-13
D/dalvikvm( 2136): JIT code cache reset in 0 ms (0 bytes 1/0)
D/dalvikvm( 2136): GC_CONCURRENT freed 317K, 12% free 2921K/3300K, paused 1ms+1ms, total 29ms
W/dalvikvm( 2136): VFY: invalid call to Ljava/lang/NullPointerException;.<init>
W/dalvikvm( 2136): VFY:  rejecting call to Ljava/lang/NullPointerException;.<init> (Ljava/lang/String;)V
W/dalvikvm( 2136): VFY:  rejecting opcode 0x6e at 0x0006
W/dalvikvm( 2136): VFY:  rejected Lkt;.a (I)Z
W/dalvikvm( 2136): Verifier rejected class Lkt;
D/AndroidRuntime( 2136): Shutting down VM
W/dalvikvm( 2136): threadid=1: thread exiting with uncaught exception (group=0x94d08b20)
I/qtaguid (  675): Tagging socket 99 with tag 1b8a7d1b00000000(462060827) for uid -1 failed errno=-13
I/Process (  476): Sending signal. PID: 2136 SIG: 9
E/AndroidRuntime( 2136): FATAL EXCEPTION: main
E/AndroidRuntime( 2136): Process: com.google.android.apps.youtube.music, PID: 2136
E/AndroidRuntime( 2136): java.lang.VerifyError: kt
E/AndroidRuntime( 2136): 	at jwm.<init>(SourceFile:14)
E/AndroidRuntime( 2136): 	at jwm.<init>(SourceFile:1)
E/AndroidRuntime( 2136): 	at joe.<init>(SourceFile:158)
E/AndroidRuntime( 2136): 	at com.google.android.apps.youtube.music.application.YouTubeMusicApplication.i(SourceFile:117)
E/AndroidRuntime( 2136): 	at com.google.android.apps.youtube.music.application.YouTubeMusicApplication.onCreate(SourceFile:966)
E/AndroidRuntime( 2136): 	at android.app.Instrumentation.callApplicationOnCreate(Instrumentation.java:1024)
E/AndroidRuntime( 2136): 	at android.app.ActivityThread.handleBindApplication(ActivityThread.java:4346)
E/AndroidRuntime( 2136): 	at android.app.ActivityThread.access$1500(ActivityThread.java:135)
E/AndroidRuntime( 2136): 	at android.app.ActivityThread$H.handleMessage(ActivityThread.java:1256)
E/AndroidRuntime( 2136): 	at android.os.Handler.dispatchMessage(Handler.java:102)
E/AndroidRuntime( 2136): 	at android.os.Looper.loop(Looper.java:136)
E/AndroidRuntime( 2136): 	at android.app.ActivityThread.main(ActivityThread.java:5019)
E/AndroidRuntime( 2136): 	at java.lang.reflect.Method.invokeNative(Native Method)
E/AndroidRuntime( 2136): 	at java.lang.reflect.Method.invoke(Method.java:515)
E/AndroidRuntime( 2136): 	at com.android.internal.os.ZygoteInit$MethodAndArgsCaller.run(ZygoteInit.java:779)
E/AndroidRuntime( 2136): 	at com.android.internal.os.ZygoteInit.main(ZygoteInit.java:595)
E/AndroidRuntime( 2136): 	at dalvik.system.NativeStart.main(Native Method)
W/ActivityManager(  476): Force-killing crashed app com.google.android.apps.youtube.music at watcher's request
W/ContextImpl(  476): Calling a method in the system process without a qualified user: android.app.ContextImpl.sendBroadcast:1123 com.android.server.am.ActivityManagerService.handleApplicationCrashInner:9642 com.android.server.am.ActivityManagerService.handleApplicationCrash:9616 android.app.ActivityManagerNative.onTransact:1311 com.android.server.am.ActivityManagerService.onTransact:2071 
W/NetworkManagementSocketTagger(  476): setKernelCountSet(10034, 0) failed with errno -13
I/ActivityManager(  476): Process com.google.android.apps.youtube.music (pid 2136) has died.
I/NetworkManagementSocketTagger(  675): tagSocketFd(99, 462060827, -1) failed with errno-13
I/ActivityManager(  476): Start proc com.google.android.apps.youtube.music for activity com.google.android.apps.youtube.music/.activities.MusicActivity: pid=2156 uid=10034 gids={50034, 3002, 3001, 3003, 1028, 1015, 1023}
I/        (  675): {"errNum":0,"message":"SUCCESS"}
W/NetworkManagementSocketTagger(  476): setKernelCountSet(10034, 1) failed with errno -13
I/dalvikvm( 2156): ignoring registerObject request in thread=1
I/dalvikvm( 2156): ignoring registerObject request in thread=1
D/dalvikvm( 2156): JIT code cache reset in 0 ms (0 bytes 1/0)
D/dalvikvm( 2156): GC_CONCURRENT freed 280K, 11% free 2894K/3236K, paused 2ms+1ms, total 4ms
W/dalvikvm( 2156): VFY: invalid call to Ljava/lang/NullPointerException;.<init>
W/dalvikvm( 2156): VFY:  rejecting call to Ljava/lang/NullPointerException;.<init> (Ljava/lang/String;)V
W/dalvikvm( 2156): VFY:  rejecting opcode 0x6e at 0x0006
W/dalvikvm( 2156): VFY:  rejected Lkt;.a (I)Z
W/dalvikvm( 2156): Verifier rejected class Lkt;
D/AndroidRuntime( 2156): Shutting down VM
W/dalvikvm( 2156): threadid=1: thread exiting with uncaught exception (group=0x94d08b20)
I/Process (  476): Sending signal. PID: 2156 SIG: 9
E/AndroidRuntime( 2156): FATAL EXCEPTION: main
E/AndroidRuntime( 2156): Process: com.google.android.apps.youtube.music, PID: 2156
E/AndroidRuntime( 2156): java.lang.VerifyError: kt
E/AndroidRuntime( 2156): 	at jwm.<init>(SourceFile:14)
E/AndroidRuntime( 2156): 	at jwm.<init>(SourceFile:1)
E/AndroidRuntime( 2156): 	at joe.<init>(SourceFile:158)
E/AndroidRuntime( 2156): 	at com.google.android.apps.youtube.music.application.YouTubeMusicApplication.i(SourceFile:117)
E/AndroidRuntime( 2156): 	at com.google.android.apps.youtube.music.application.YouTubeMusicApplication.onCreate(SourceFile:966)
E/AndroidRuntime( 2156): 	at android.app.Instrumentation.callApplicationOnCreate(Instrumentation.java:1024)
E/AndroidRuntime( 2156): 	at android.app.ActivityThread.handleBindApplication(ActivityThread.java:4346)
E/AndroidRuntime( 2156): 	at android.app.ActivityThread.access$1500(ActivityThread.java:135)
E/AndroidRuntime( 2156): 	at android.app.ActivityThread$H.handleMessage(ActivityThread.java:1256)
E/AndroidRuntime( 2156): 	at android.os.Handler.dispatchMessage(Handler.java:102)
E/AndroidRuntime( 2156): 	at android.os.Looper.loop(Looper.java:136)
E/AndroidRuntime( 2156): 	at android.app.ActivityThread.main(ActivityThread.java:5019)
E/AndroidRuntime( 2156): 	at java.lang.reflect.Method.invokeNative(Native Method)
E/AndroidRuntime( 2156): 	at java.lang.reflect.Method.invoke(Method.java:515)
E/AndroidRuntime( 2156): 	at com.android.internal.os.ZygoteInit$MethodAndArgsCaller.run(ZygoteInit.java:779)
E/AndroidRuntime( 2156): 	at com.android.internal.os.ZygoteInit.main(ZygoteInit.java:595)
E/AndroidRuntime( 2156): 	at dalvik.system.NativeStart.main(Native Method)
W/ActivityManager(  476): Force-killing crashed app com.google.android.apps.youtube.music at watcher's request
W/ContextImpl(  476): Calling a method in the system process without a qualified user: android.app.ContextImpl.sendBroadcast:1123 com.android.server.am.ActivityManagerService.handleApplicationCrashInner:9642 com.android.server.am.ActivityManagerService.handleApplicationCrash:9616 android.app.ActivityManagerNative.onTransact:1311 com.android.server.am.ActivityManagerService.onTransact:2071 
W/NetworkManagementSocketTagger(  476): setKernelCountSet(10034, 0) failed with errno -13
D/dalvikvm(  166): GC_EXPLICIT freed 42K, 4% free 2786K/2892K, paused 0ms+0ms, total 2ms
D/dalvikvm(  166): GC_EXPLICIT freed <1K, 4% free 2786K/2892K, paused 1ms+1ms, total 4ms
I/ActivityManager(  476): Process com.google.android.apps.youtube.music (pid 2156) has died.
W/ResourceType(  476): Failure getting entry for 0x7f15044d (t=20 e=1101) in package 0 (error -75)
D/dalvikvm(  166): GC_EXPLICIT freed <1K, 4% free 2786K/2892K, paused 0ms+0ms, total 7ms
W/NetworkManagementSocketTagger(  476): setKernelCountSet(10034, 1) failed with errno -13
I/ActivityManager(  476): Start proc com.google.android.apps.youtube.music for activity com.google.android.apps.youtube.music/.activities.MusicActivity: pid=2175 uid=10034 gids={50034, 3002, 3001, 3003, 1028, 1015, 1023}
W/ResourceType(  476): Failure getting entry for 0x7f15044d (t=20 e=1101) in package 0 (error -75)
W/ResourceType(  476): Failure getting entry for 0x7f15044d (t=20 e=1101) in package 0 (error -75)
W/ResourceType(  476): Failure getting entry for 0x7f150450 (t=20 e=1104) in package 0 (error -75)
W/ResourceType(  476): Failure getting entry for 0x7f15044d (t=20 e=1101) in package 0 (error -75)
W/ResourceType(  476): Failure getting entry for 0x7f15044d (t=20 e=1101) in package 0 (error -75)
I/dalvikvm( 2175): ignoring registerObject request in thread=1
I/dalvikvm( 2175): ignoring registerObject request in thread=1
D/dalvikvm( 2175): JIT code cache reset in 0 ms (0 bytes 1/0)
D/dalvikvm( 2175): GC_CONCURRENT freed 326K, 12% free 2942K/3332K, paused 1ms+2ms, total 6ms
W/dalvikvm( 2175): VFY: invalid call to Ljava/lang/NullPointerException;.<init>
W/dalvikvm( 2175): VFY:  rejecting call to Ljava/lang/NullPointerException;.<init> (Ljava/lang/String;)V
W/dalvikvm( 2175): VFY:  rejecting opcode 0x6e at 0x0006
W/dalvikvm( 2175): VFY:  rejected Lkt;.a (I)Z
W/dalvikvm( 2175): Verifier rejected class Lkt;
D/AndroidRuntime( 2175): Shutting down VM
W/dalvikvm( 2175): threadid=1: thread exiting with uncaught exception (group=0x94d08b20)
I/Process (  476): Sending signal. PID: 2175 SIG: 9
E/AndroidRuntime( 2175): FATAL EXCEPTION: main
E/AndroidRuntime( 2175): Process: com.google.android.apps.youtube.music, PID: 2175
E/AndroidRuntime( 2175): java.lang.VerifyError: kt
E/AndroidRuntime( 2175): 	at jwm.<init>(SourceFile:14)
E/AndroidRuntime( 2175): 	at jwm.<init>(SourceFile:1)
E/AndroidRuntime( 2175): 	at joe.<init>(SourceFile:158)
E/AndroidRuntime( 2175): 	at com.google.android.apps.youtube.music.application.YouTubeMusicApplication.i(SourceFile:117)
E/AndroidRuntime( 2175): 	at com.google.android.apps.youtube.music.application.YouTubeMusicApplication.onCreate(SourceFile:966)
E/AndroidRuntime( 2175): 	at android.app.Instrumentation.callApplicationOnCreate(Instrumentation.java:1024)
E/AndroidRuntime( 2175): 	at android.app.ActivityThread.handleBindApplication(ActivityThread.java:4346)
E/AndroidRuntime( 2175): 	at android.app.ActivityThread.access$1500(ActivityThread.java:135)
E/AndroidRuntime( 2175): 	at android.app.ActivityThread$H.handleMessage(ActivityThread.java:1256)
E/AndroidRuntime( 2175): 	at android.os.Handler.dispatchMessage(Handler.java:102)
E/AndroidRuntime( 2175): 	at android.os.Looper.loop(Looper.java:136)
E/AndroidRuntime( 2175): 	at android.app.ActivityThread.main(ActivityThread.java:5019)
E/AndroidRuntime( 2175): 	at java.lang.reflect.Method.invokeNative(Native Method)
E/AndroidRuntime( 2175): 	at java.lang.reflect.Method.invoke(Method.java:515)
E/AndroidRuntime( 2175): 	at com.android.internal.os.ZygoteInit$MethodAndArgsCaller.run(ZygoteInit.java:779)
E/AndroidRuntime( 2175): 	at com.android.internal.os.ZygoteInit.main(ZygoteInit.java:595)
E/AndroidRuntime( 2175): 	at dalvik.system.NativeStart.main(Native Method)
W/ActivityManager(  476): Force-killing crashed app com.google.android.apps.youtube.music at watcher's request
W/ContextImpl(  476): Calling a method in the system process without a qualified user: android.app.ContextImpl.sendBroadcast:1123 com.android.server.am.ActivityManagerService.handleApplicationCrashInner:9642 com.android.server.am.ActivityManagerService.handleApplicationCrash:9616 android.app.ActivityManagerNative.onTransact:1311 com.android.server.am.ActivityManagerService.onTransact:2071 
I/ActivityManager(  476): Process com.google.android.apps.youtube.music (pid 2175) has died.
W/NetworkManagementSocketTagger(  476): setKernelCountSet(10034, 0) failed with errno -13
I/InputDispatcher(  476): Dropping event because there is no focused window or focused application.
I/InputDispatcher(  476): Dropping event because there is no focused window or focused application.
I/InputDispatcher(  476): Dropping event because there is no focused window or focused application.
I/InputDispatcher(  476): Dropping event because there is no focused window or focused application.
I/InputDispatcher(  476): Dropping event because there is no focused window or focused application.
I/InputDispatcher(  476): Dropping event because there is no focused window or focused application.
I/InputDispatcher(  476): Dropping event because there is no focused window or focused application.
I/InputDispatcher(  476): Dropping event because there is no focused window or focused application.
I/InputDispatcher(  476): Dropping event because there is no focused window or focused application.
I/InputDispatcher(  476): Dropping event because there is no focused window or focused application.
I/InputDispatcher(  476): Dropping event because there is no focused window or focused application.
I/InputDispatcher(  476): Dropping event because there is no focused window or focused application.
W/ActivityManager(  476): Force removing ActivityRecord{4aad41f4 u0 com.google.android.apps.youtube.music/.activities.MusicActivity t7}: app died, no saved state
W/InputManager(  476): Input event injection from pid 1785 failed.
W/InputManager(  476): Input event injection from pid 1785 failed.
W/InputManager(  476): Input event injection from pid 1785 failed.
W/InputManager(  476): Input event injection from pid 1785 failed.
W/InputManager(  476): Input event injection from pid 1785 failed.
W/InputManager(  476): Input event injection from pid 1785 failed.
W/InputManager(  476): Input event injection from pid 1785 failed.
W/InputManager(  476): Input event injection from pid 1785 failed.
W/InputManager(  476): Input event injection from pid 1785 failed.
W/InputManager(  476): Input event injection from pid 1785 failed.
W/InputManager(  476): Input event injection from pid 1785 failed.
W/InputManager(  476): Input event injection from pid 1785 failed.
I/InputDispatcher(  476): Dropping event because there is no focused window or focused application.
I/InputDispatcher(  476): Dropping event because there is no focused window or focused application.
W/InputManager(  476): Input event injection from pid 1785 failed.
W/InputManager(  476): Input event injection from pid 1785 failed.
I/ActivityManager(  476): START u0 {act=android.intent.action.MAIN cat=[android.intent.category.LAUNCHER] flg=0x10200000 cmp=com.google.android.apps.youtube.music/.activities.MusicActivity} from pid 1785
D/dalvikvm(  476): GC_FOR_ALLOC freed 892K, 45% free 7779K/14144K, paused 15ms, total 16ms
D/FirebaseApp(  675): Notifying background state change listeners.
D/dalvikvm(  476): GC_CONCURRENT freed 592K, 41% free 8430K/14144K, paused 2ms+4ms, total 51ms
W/EGL_emulation(  675): eglSurfaceAttrib not implemented 3093 12436
D/yeshen  (  675): launcher onpause
D/dalvikvm(  476): GC_FOR_ALLOC freed 568K, 39% free 8705K/14144K, paused 17ms, total 17ms
I/dalvikvm-heap(  476): Grow heap (frag case) to 9.062MB for 520576-byte allocation
D/dalvikvm(  476): GC_FOR_ALLOC freed <1K, 38% free 9213K/14656K, paused 14ms, total 14ms
D/dalvikvm(  476): GC_FOR_ALLOC freed 255K, 39% free 8960K/14656K, paused 15ms, total 15ms
I/ActivityManager(  476): Start proc com.google.android.apps.youtube.music for activity com.google.android.apps.youtube.music/.activities.MusicActivity: pid=2193 uid=10034 gids={50034, 3002, 3001, 3003, 1028, 1015, 1023}
W/NetworkManagementSocketTagger(  476): setKernelCountSet(10034, 1) failed with errno -13
I/dalvikvm( 2193): ignoring registerObject request in thread=1
