--------- beginning of /dev/log/main
I/Icing   (  713): Indexing F4FAA6262FE39DDD50BAE6B7AF5CDB8D73BA0DB0 from com.google.android.gms
I/Icing   (  713): Indexing done F4FAA6262FE39DDD50BAE6B7AF5CDB8D73BA0DB0
D/AndroidRuntime(21383): 
D/AndroidRuntime(21383): >>>>>> AndroidRuntime START com.android.internal.os.RuntimeInit <<<<<<
D/AndroidRuntime(21383): CheckJNI is OFF
D/dalvikvm(21383): Using executionMode 2
D/dalvikvm(21383): Trying to load lib libjavacore.so 0x0
D/dalvikvm(21383): Added shared lib libjavacore.so 0x0
D/dalvikvm(21383): Trying to load lib libnativehelper.so 0x0
D/dalvikvm(21383): Added shared lib libnativehelper.so 0x0
D/dalvikvm(21383): No JNI_OnLoad found in libnativehelper.so 0x0, skipping init
D/dalvikvm(21383): Note: class Landroid/app/ActivityManagerNative; has 179 unimplemented (abstract) methods
E/memtrack(21383): Couldn't load memtrack module (No such file or directory)
E/android.os.Debug(21383): failed to load memtrack module: -2
D/AndroidRuntime(21383): Calling main entry com.android.commands.monkey.Monkey
--------- beginning of /dev/log/system
W/BroadcastQueue(  464): Skipping deliver [background] BroadcastRecord{4ae39c00 u-1 android.net.conn.CONNECTIVITY_CHANGE} to ReceiverList{4acc1d28 21383 (unknown name)/0/u-1 remote:4aa5427c}: process crashing
I/ActivityManager(  464): START u0 {act=android.intent.action.MAIN cat=[android.intent.category.LAUNCHER] flg=0x10200000 cmp=com.agminstruments.drumpadmachine/.MainActivityDPM} from pid 21383
D/WebViewTimersControl(31805): onBrowserActivityPause
D/WebViewTimersControl(31805): Pausing webview timers, view=com.android.browser.BrowserWebView{4a8394dc VFEDHVCL .F...... 0,0-1280,604}
I/ActivityManager(  464): Start proc com.agminstruments.drumpadmachine for activity com.agminstruments.drumpadmachine/.MainActivityDPM: pid=21393 uid=10146 gids={50146, 1028, 1015, 1023, 3003}
E/SurfaceFlinger(  167): glCheckFramebufferStatusOES error 36054
E/SurfaceFlinger(  167): got GL_FRAMEBUFFER_COMPLETE_OES error while taking screenshot
D/SurfaceFlinger(  167): setOrientation, mFbdev=0xb85f6050, mFbDev->setOrientation=0xb6945ce0, orientation=3
I/gralloc_nox(  167): setOrientation: orientation=3
D/Tinker.DefaultAppLike(24744): onConfigurationChanged:{1.0 310mcc16mnc en_US ldltr sw480dp w480dp h828dp 240dpi lrg long port finger qwerty/v/v dpad/v s.141}
I/ActivityManager(  464): Config changes=480 {1.0 310mcc16mnc en_US ldltr sw480dp w480dp h828dp 240dpi lrg long port finger qwerty/v/v dpad/v s.141}
D/PhoneStatusBar(  532): mSettingsPanelGravity = 55
D/Sensors (  464): Client connection accepted (207)
W/NetworkManagementSocketTagger(  464): setKernelCountSet(10146, 1) failed with errno -13
W/InputMethodManagerService(  464): Starting input on non-focused client com.android.internal.view.IInputMethodClient$Stub$Proxy@4b19d7a8 (uid=10017 pid=31805)
I/dalvikvm(21393): ignoring registerObject request in thread=1
I/dalvikvm(21393): ignoring registerObject request in thread=1
I/MultiDex(21393): VM with version 1.6.0 does not have multidex support
I/MultiDex(21393): install
I/MultiDex(21393): MultiDexExtractor.load(/data/app/com.agminstruments.drumpadmachine-1.apk, false)
I/MultiDex(21393): Detected that extraction must be performed.
I/MultiDex(21393): Extraction is needed for file /data/data/com.agminstruments.drumpadmachine/code_cache/secondary-dexes/com.agminstruments.drumpadmachine-1.apk.classes2.zip
I/MultiDex(21393): Extracting /data/data/com.agminstruments.drumpadmachine/code_cache/secondary-dexes/com.agminstruments.drumpadmachine-1.apk.classes-500810814.zip
I/MultiDex(21393): Renaming to /data/data/com.agminstruments.drumpadmachine/code_cache/secondary-dexes/com.agminstruments.drumpadmachine-1.apk.classes2.zip
I/MultiDex(21393): Extraction success - length /data/data/com.agminstruments.drumpadmachine/code_cache/secondary-dexes/com.agminstruments.drumpadmachine-1.apk.classes2.zip: 389438
I/MultiDex(21393): load found 1 secondary dex files
D/dalvikvm(21393): DexOpt: --- BEGIN 'com.agminstruments.drumpadmachine-1.apk.classes2.zip' (bootstrap=0) ---
W/dalvikvm(21407): method Lshared_presage/org/apache/log4j/spi/NOPLogger;.closeNestedAppenders incorrectly overrides package-private method with same name in Lshared_presage/org/apache/log4j/Category;
W/EGL_emulation(  532): eglSurfaceAttrib not implemented 3093 12436
I/InputReader(  464): Reconfiguring input devices.  changes=0x00000004
I/InputReader(  464): Device reconfigured: id=1, name='Android Input', size 1280x720, orientation 3, mode 1, display id 0
I/InputReader(  464): Device reconfigured: id=3, name='seamless mouse', size 1280x720, orientation 3, mode 1, display id 0
I/InputReader(  464): Reconfiguring input devices.  changes=0x00000004
I/InputReader(  464): Device reconfigured: id=8, name='VirtualBox USB Tablet', size 1280x720, orientation 3, mode 1, display id 0
D/dalvikvm(21407): DexOpt: load 11ms, verify+opt 79ms, 1354636 bytes
D/dalvikvm(21393): DexOpt: --- END 'com.agminstruments.drumpadmachine-1.apk.classes2.zip' (success) ---
D/dalvikvm(21393): DEX prep '/data/data/com.agminstruments.drumpadmachine/code_cache/secondary-dexes/com.agminstruments.drumpadmachine-1.apk.classes2.zip': unzip in 15ms, rewrite 244ms
I/MultiDex(21393): install done
D/dalvikvm(21393): JIT code cache reset in 0 ms (0 bytes 1/0)
D/dalvikvm(21393): GC_CONCURRENT freed 224K, 9% free 2966K/3244K, paused 2ms+1ms, total 13ms
I/dalvikvm(21393): Could not find method android.app.ActivityOptions.makeSceneTransitionAnimation, referenced from method com.agminstruments.drumpadmachine.i.a
W/dalvikvm(21393): VFY: unable to resolve static method 630: Landroid/app/ActivityOptions;.makeSceneTransitionAnimation (Landroid/app/Activity;Landroid/view/View;Ljava/lang/String;)Landroid/app/ActivityOptions;
D/dalvikvm(21393): VFY: replacing opcode 0x71 at 0x002d
D/dalvikvm(21393): GC_CONCURRENT freed 248K, 9% free 3165K/3468K, paused 1ms+1ms, total 4ms
E/dalvikvm(21393): Could not find class 'android.media.SoundPool$Builder', referenced from method com.agminstruments.drumpadmachine.a.a.a
W/dalvikvm(21393): VFY: unable to resolve new-instance 303 (Landroid/media/SoundPool$Builder;) in Lcom/agminstruments/drumpadmachine/a/a;
D/dalvikvm(21393): VFY: replacing opcode 0x22 at 0x0008
I/dalvikvm(21393): Could not find method android.content.res.Resources.getDrawable, referenced from method com.agminstruments.drumpadmachine.a.a.a
W/dalvikvm(21393): VFY: unable to resolve virtual method 1095: Landroid/content/res/Resources;.getDrawable (ILandroid/content/res/Resources$Theme;)Landroid/graphics/drawable/Drawable;
D/dalvikvm(21393): VFY: replacing opcode 0x6e at 0x0021
I/dalvikvm(21393): Could not find method android.content.res.Resources.getDrawable, referenced from method com.agminstruments.drumpadmachine.a.a.a
W/dalvikvm(21393): VFY: unable to resolve virtual method 1095: Landroid/content/res/Resources;.getDrawable (ILandroid/content/res/Resources$Theme;)Landroid/graphics/drawable/Drawable;
D/dalvikvm(21393): VFY: replacing opcode 0x6e at 0x0055
D/dalvikvm(21393): DexOpt: unable to opt direct call 0x0603 at 0x0a in Lcom/agminstruments/drumpadmachine/a/a;.a
D/dalvikvm(21393): DexOpt: unable to opt direct call 0x05b3 at 0x0f in Lcom/agminstruments/drumpadmachine/a/a;.a
I/dalvikvm(21393): Could not find method android.content.res.Resources.getColor, referenced from method com.agminstruments.drumpadmachine.j.onCreateView
W/dalvikvm(21393): VFY: unable to resolve virtual method 1088: Landroid/content/res/Resources;.getColor (ILandroid/content/res/Resources$Theme;)I
D/dalvikvm(21393): VFY: replacing opcode 0x6e at 0x026c
D/dalvikvm(21393): GC_CONCURRENT freed 60K, 6% free 3493K/3692K, paused 2ms+0ms, total 4ms
I/dalvikvm(21393): Could not find method android.content.pm.PackageManager.getPackageInstaller, referenced from method com.google.android.gms.common.zze.zzs
W/dalvikvm(21393): VFY: unable to resolve virtual method 1069: Landroid/content/pm/PackageManager;.getPackageInstaller ()Landroid/content/pm/PackageInstaller;
D/dalvikvm(21393): VFY: replacing opcode 0x6e at 0x0010
I/GAv4    (21393): Google Analytics 10.0.84 is starting up. To enable debug logging on a device run:
I/GAv4    (21393):   adb shell setprop log.tag.GAv4 DEBUG
I/GAv4    (21393):   adb logcat -s GAv4
W/GAv4    (21393): AnalyticsReceiver is not registered or is disabled. Register the receiver for reliable dispatching on non-Google Play devices. See http://goo.gl/8Rd3yj for instructions.
I/dalvikvm(21393): Could not find method android.content.res.Resources.getColor, referenced from method com.agminstruments.drumpadmachine.t.a
W/dalvikvm(21393): VFY: unable to resolve virtual method 1088: Landroid/content/res/Resources;.getColor (ILandroid/content/res/Resources$Theme;)I
D/dalvikvm(21393): VFY: replacing opcode 0x6e at 0x013b
D/dalvikvm(21393): DexOpt: couldn't find static field Landroid/os/Build;.SUPPORTED_ABIS
W/dalvikvm(21393): VFY: unable to resolve static field 1055 (SUPPORTED_ABIS) in Landroid/os/Build;
D/dalvikvm(21393): VFY: replacing opcode 0x62 at 0x0009
W/GAv4    (21393): AnalyticsService not registered in the app manifest. Hits might not be delivered reliably. See http://goo.gl/8Rd3yj for instructions.
D/dalvikvm(21393): GC_CONCURRENT freed 275K, 9% free 3611K/3940K, paused 0ms+1ms, total 3ms
I/dalvikvm(21393): Could not find method android.content.Context.checkSelfPermission, referenced from method com.appodeal.ads.utils.c.a
W/dalvikvm(21393): VFY: unable to resolve virtual method 895: Landroid/content/Context;.checkSelfPermission (Ljava/lang/String;)I
D/dalvikvm(21393): VFY: replacing opcode 0x6e at 0x0028
D/dalvikvm(21393): GC_CONCURRENT freed 338K, 10% free 3659K/4052K, paused 2ms+0ms, total 4ms
D/dalvikvm(21393): DexOpt: --- BEGIN 'facebook.dex' (bootstrap=0) ---
D/dalvikvm(21393): GC_CONCURRENT freed 194K, 7% free 3850K/4100K, paused 5ms+3ms, total 14ms
I/io.presage.Presage(21393): INFO main io.presage.Presage - Create instance
D/dalvikvm(21393): GC_CONCURRENT freed 139K, 5% free 4200K/4396K, paused 2ms+0ms, total 4ms
I/io.presage.Presage(21393): INFO main io.presage.Presage - start
I/dalvikvm(21393): Could not find method android.content.pm.PackageManager.getPackageInstaller, referenced from method jjw.a
W/dalvikvm(21393): VFY: unable to resolve virtual method 2504: Landroid/content/pm/PackageManager;.getPackageInstaller ()Landroid/content/pm/PackageInstaller;
D/dalvikvm(21393): VFY: replacing opcode 0x6e at 0x001c
D/dalvikvm(21393): GC_CONCURRENT freed 176K, 5% free 4408K/4640K, paused 4ms+0ms, total 6ms
I/dalvikvm(21393): Could not find method android.content.ContextWrapper.createCredentialProtectedStorageContext, referenced from method iwr.createCredentialProtectedStorageContext
W/dalvikvm(21393): VFY: unable to resolve virtual method 2411: Landroid/content/ContextWrapper;.createCredentialProtectedStorageContext ()Landroid/content/Context;
D/dalvikvm(21393): VFY: replacing opcode 0x6f at 0x0002
I/dalvikvm(21393): Could not find method android.content.ContextWrapper.createDeviceProtectedStorageContext, referenced from method iwr.createDeviceProtectedStorageContext
W/dalvikvm(21393): VFY: unable to resolve virtual method 2412: Landroid/content/ContextWrapper;.createDeviceProtectedStorageContext ()Landroid/content/Context;
D/dalvikvm(21393): VFY: replacing opcode 0x6f at 0x0002
I/dalvikvm(21393): Could not find method android.content.ContextWrapper.createCredentialProtectedStorageContext, referenced from method com.google.android.chimera.ModuleContext.createCredentialProtectedStorageContext
W/dalvikvm(21393): VFY: unable to resolve virtual method 2411: Landroid/content/ContextWrapper;.createCredentialProtectedStorageContext ()Landroid/content/Context;
D/dalvikvm(21393): VFY: replacing opcode 0x6f at 0x0002
I/dalvikvm(21393): Could not find method android.content.ContextWrapper.createDeviceProtectedStorageContext, referenced from method com.google.android.chimera.ModuleContext.createDeviceProtectedStorageContext
W/dalvikvm(21393): VFY: unable to resolve virtual method 2412: Landroid/content/ContextWrapper;.createDeviceProtectedStorageContext ()Landroid/content/Context;
D/dalvikvm(21393): VFY: replacing opcode 0x6f at 0x0002
I/dalvikvm(21393): Could not find method android.content.Context.isCredentialProtectedStorage, referenced from method cub.a
W/dalvikvm(21393): VFY: unable to resolve virtual method 2391: Landroid/content/Context;.isCredentialProtectedStorage ()Z
D/dalvikvm(21393): VFY: replacing opcode 0x6e at 0x0000
I/dalvikvm(21393): Could not find method android.os.UserManager.isUserUnlocked, referenced from method cub.a
W/dalvikvm(21393): VFY: unable to resolve virtual method 3028: Landroid/os/UserManager;.isUserUnlocked ()Z
D/dalvikvm(21393): VFY: replacing opcode 0x6e at 0x001a
I/dalvikvm(21393): Could not find method android.content.Context.isDeviceProtectedStorage, referenced from method cub.b
W/dalvikvm(21393): VFY: unable to resolve virtual method 2392: Landroid/content/Context;.isDeviceProtectedStorage ()Z
D/dalvikvm(21393): VFY: replacing opcode 0x6e at 0x0000
I/dalvikvm(21393): Could not find method android.content.Context.isDeviceProtectedStorage, referenced from method cub.c
W/dalvikvm(21393): VFY: unable to resolve virtual method 2392: Landroid/content/Context;.isDeviceProtectedStorage ()Z
D/dalvikvm(21393): VFY: replacing opcode 0x6e at 0x0000
I/dalvikvm(21393): Could not find method android.system.Os.readlink, referenced from method cuq.a
W/dalvikvm(21393): VFY: unable to resolve static method 3047: Landroid/system/Os;.readlink (Ljava/lang/String;)Ljava/lang/String;
D/dalvikvm(21393): VFY: replacing opcode 0x71 at 0x0000
I/dalvikvm(21393): Could not find method android.system.Os.stat, referenced from method cuq.a
W/dalvikvm(21393): VFY: unable to resolve static method 3048: Landroid/system/Os;.stat (Ljava/lang/String;)Landroid/system/StructStat;
D/dalvikvm(21393): VFY: replacing opcode 0x71 at 0x0042
I/dalvikvm(21393): Could not find method android.system.Os.symlink, referenced from method cuq.a
W/dalvikvm(21393): VFY: unable to resolve static method 3049: Landroid/system/Os;.symlink (Ljava/lang/String;Ljava/lang/String;)V
D/dalvikvm(21393): VFY: replacing opcode 0x71 at 0x013b
I/dalvikvm(21393): DexOpt: unable to optimize instance field ref 0x04a1 at 0x46 in Lcuq;.a
I/dalvikvm(21393): DexOpt: unable to optimize static field ref 0x049c at 0x48 in Lcuq;.a
I/dalvikvm(21393): DexOpt: unable to optimize static field ref 0x049a at 0x4a in Lcuq;.a
I/dalvikvm(21393): DexOpt: unable to optimize static field ref 0x049b at 0x4d in Lcuq;.a
I/dalvikvm(21393): DexOpt: unable to optimize static field ref 0x049d at 0x57 in Lcuq;.a
I/dalvikvm(21393): DexOpt: unable to optimize static field ref 0x04a0 at 0x5f in Lcuq;.a
I/dalvikvm(21393): DexOpt: unable to optimize static field ref 0x049e at 0x61 in Lcuq;.a
I/dalvikvm(21393): DexOpt: unable to optimize static field ref 0x049f at 0x64 in Lcuq;.a
I/dalvikvm(21393): DexOpt: unable to optimize static field ref 0x049c at 0x7f in Lcuq;.a
I/dalvikvm(21393): DexOpt: unable to optimize static field ref 0x04a0 at 0x90 in Lcuq;.a
I/dalvikvm(21393): Could not find method android.content.Context.createDeviceProtectedStorageContext, referenced from method jvu.a
W/dalvikvm(21393): VFY: unable to resolve virtual method 2362: Landroid/content/Context;.createDeviceProtectedStorageContext ()Landroid/content/Context;
D/dalvikvm(21393): VFY: replacing opcode 0x6e at 0x0029
I/dalvikvm(21393): Could not find method android.content.Context.getSystemService, referenced from method jvu.b
W/dalvikvm(21393): VFY: unable to resolve virtual method 2387: Landroid/content/Context;.getSystemService (Ljava/lang/Class;)Ljava/lang/Object;
D/dalvikvm(21393): VFY: replacing opcode 0x6e at 0x000b
D/dalvikvm(21393): DexOpt: couldn't find static field Landroid/os/Build;.SUPPORTED_64_BIT_ABIS
W/dalvikvm(21393): VFY: unable to resolve static field 1157 (SUPPORTED_64_BIT_ABIS) in Landroid/os/Build;
D/dalvikvm(21393): VFY: replacing opcode 0x62 at 0x0012
D/dalvikvm(21393): DexOpt: couldn't find static field Landroid/os/Build;.SUPPORTED_32_BIT_ABIS
W/dalvikvm(21393): VFY: unable to resolve static field 1156 (SUPPORTED_32_BIT_ABIS) in Landroid/os/Build;
D/dalvikvm(21393): VFY: replacing opcode 0x62 at 0x0021
D/dalvikvm(21393): DexOpt: couldn't find static field Landroid/os/Build;.SUPPORTED_ABIS
W/dalvikvm(21393): VFY: unable to resolve static field 1158 (SUPPORTED_ABIS) in Landroid/os/Build;
D/dalvikvm(21393): VFY: replacing opcode 0x62 at 0x0008
D/dalvikvm(21393): DexOpt: couldn't find static field Landroid/os/Build;.SUPPORTED_64_BIT_ABIS
W/dalvikvm(21393): VFY: unable to resolve static field 1157 (SUPPORTED_64_BIT_ABIS) in Landroid/os/Build;
D/dalvikvm(21393): VFY: replacing opcode 0x62 at 0x0008
D/dalvikvm(21393): DexOpt: couldn't find static field Landroid/os/Build;.SUPPORTED_64_BIT_ABIS
I/dalvikvm(21393): DexOpt: unable to optimize static field ref 0x0485 at 0x17 in Lcwd;.a
D/dalvikvm(21393): DexOpt: couldn't find static field Landroid/os/Build;.SUPPORTED_32_BIT_ABIS
I/dalvikvm(21393): DexOpt: unable to optimize static field ref 0x0484 at 0x26 in Lcwd;.a
D/dalvikvm(21393): DexOpt: couldn't find static field Landroid/os/Build;.SUPPORTED_64_BIT_ABIS
I/dalvikvm(21393): DexOpt: unable to optimize static field ref 0x0485 at 0x0d in Lcwd;.b
D/DynamitePackage(21393): Instantiated singleton DynamitePackage.
D/DynamitePackage(21393): Instantiating com.google.android.gms.ads.ChimeraAdManagerCreatorImpl
I/dalvikvm(21393): Could not find method android.content.pm.PackageManager.getPackageInstaller, referenced from method jn.a
W/dalvikvm(21393): VFY: unable to resolve virtual method 2060: Landroid/content/pm/PackageManager;.getPackageInstaller ()Landroid/content/pm/PackageInstaller;
D/dalvikvm(21393): VFY: replacing opcode 0x6e at 0x0017
D/dalvikvm(21393): GC_CONCURRENT freed 442K, 11% free 4429K/4924K, paused 0ms+0ms, total 3ms
I/dalvikvm(21393): Could not find method android.security.NetworkSecurityPolicy.getInstance, referenced from method com.google.android.gms.ads.internal.util.h.b_
W/dalvikvm(21393): VFY: unable to resolve static method 2591: Landroid/security/NetworkSecurityPolicy;.getInstance ()Landroid/security/NetworkSecurityPolicy;
D/dalvikvm(21393): VFY: replacing opcode 0x71 at 0x0022
D/dalvikvm(21393): DexOpt: --- BEGIN '1510898742191.jar' (bootstrap=0) ---
I/dalvikvm(21393): Could not find method android.content.pm.PackageManager.isInstantApp, referenced from method qp.a
W/dalvikvm(21393): VFY: unable to resolve virtual method 2065: Landroid/content/pm/PackageManager;.isInstantApp (Ljava/lang/String;)Z
D/dalvikvm(21393): VFY: replacing opcode 0x6e at 0x002d
I/dalvikvm(21393): Could not find method android.content.pm.PackageManager.isInstantApp, referenced from method qo.a
W/dalvikvm(21393): VFY: unable to resolve virtual method 2064: Landroid/content/pm/PackageManager;.isInstantApp ()Z
D/dalvikvm(21393): VFY: replacing opcode 0x6e at 0x0028
I/Ads     (21393): Starting ad request.
I/Ads     (21393): Use AdRequest.Builder.addTestDevice("36C000C4994BD3192565D3B3E2B4826B") to get test ads on this device.
I/dalvikvm(21393): Could not find method android.webkit.WebSettings.setMixedContentMode, referenced from method com.google.android.gms.ads.internal.webview.m.<init>
W/dalvikvm(21393): VFY: unable to resolve virtual method 2893: Landroid/webkit/WebSettings;.setMixedContentMode (I)V
D/dalvikvm(21393): VFY: replacing opcode 0x6e at 0x0069
D/dalvikvm(21393): GC_CONCURRENT freed 387K, 9% free 4539K/4976K, paused 3ms+3ms, total 37ms
V/WebViewChromium(21393): Binding Chromium to the background looper Looper (main, tid 1) {4a7e989c}
I/chromium(21393): [INFO:library_loader_hooks.cc(112)] Chromium logging enabled: level = 0, default verbosity = 0
I/BrowserProcessMain(21393): Initializing chromium process, renderers=0
W/chromium(21393): [WARNING:proxy_service.cc(888)] PAC support disabled because there is no system implementation
D/dalvikvm(21417): DexOpt: load 25ms, verify+opt 17ms, 857740 bytes
D/dalvikvm(21393): DexOpt: --- END 'facebook.dex' (success) ---
D/dalvikvm(21393): DEX prep '/data/data/com.agminstruments.drumpadmachine/app_working/facebook.dex': copy in 1ms, rewrite 316ms
D/dalvikvm(21393): DexOpt: --- BEGIN 'flurry.dex' (bootstrap=0) ---
D/libEGL  (21393): loaded /system/lib/egl/libEGL_adreno.so
D/        (21393): HostConnection::get() New Host Connection established 0xb87a3130, tid 21393
D/libEGL  (21393): loaded /system/lib/egl/libGLESv1_CM_adreno.so
D/libEGL  (21393): loaded /system/lib/egl/libGLESv2_adreno.so
D/dalvikvm(21430): DexOpt: load 1ms, verify+opt 3ms, 287892 bytes
D/dalvikvm(21393): DexOpt: --- END '1510898742191.jar' (success) ---
D/dalvikvm(21393): DEX prep '/data/data/com.agminstruments.drumpadmachine/cache/1510898742191.jar': unzip in 0ms, rewrite 250ms
D/dalvikvm(21393): GC_FOR_ALLOC freed 420K, 12% free 4578K/5180K, paused 6ms, total 6ms
D/dalvikvm(21393): GC_FOR_ALLOC freed 10K, 11% free 4633K/5180K, paused 36ms, total 36ms
I/dalvikvm-heap(21393): Grow heap (frag case) to 5.180MB for 635808-byte allocation
D/dalvikvm(21393): GC_FOR_ALLOC freed <1K, 10% free 5254K/5804K, paused 5ms, total 5ms
D/dalvikvm(21393): GC_CONCURRENT freed 74K, 10% free 5261K/5804K, paused 1ms+1ms, total 9ms
W/ActivityManager(  464): Permission Denial: getTasks() from pid=21393, uid=10146 requires android.permission.GET_TASKS
W/dalvikvm(21393): VFY: unable to find class referenced in signature (Lokhttp3/Request;)
W/dalvikvm(21393): VFY: unable to find class referenced in signature (Lokhttp3/Response;)
I/dalvikvm(21393): Could not find method okhttp3.Response.headers, referenced from method empirical.HelperClass.printOkHttpInfo
W/dalvikvm(21393): VFY: unable to resolve virtual method 64675: Lokhttp3/Response;.headers ()Lokhttp3/Headers;
D/dalvikvm(21393): VFY: replacing opcode 0x6e at 0x0006
W/dalvikvm(21393): VFY: unable to find class referenced in signature (Lokhttp3/Call;)
W/dalvikvm(21393): VFY: unable to find class referenced in signature (Lokhttp3/Response;)
I/dalvikvm(21393): Could not find method okhttp3.Call.request, referenced from method empirical.HelperClass.printOkHttpInfoFromCall
W/dalvikvm(21393): VFY: unable to resolve interface method 64669: Lokhttp3/Call;.request ()Lokhttp3/Request;
D/dalvikvm(21393): VFY: replacing opcode 0x72 at 0x0006
I/System.out(21393): body:<com.agminstruments.drumpadmachine.a: void <init>(android.content.Context,java.lang.String,java.lang.String,boolean,com.agminstruments.drumpadmachine.a$a)>	sig:specialinvoke $r5.<java.net.URL: void <init>(java.lang.String)>($r2)	timediff:1
I/System.out(21393): <com.agminstruments.drumpadmachine.a: void <init>(android.content.Context,java.lang.String,java.lang.String,boolean,com.agminstruments.drumpadmachine.a$a)>###specialinvoke $r5.<java.net.URL: void <init>(java.lang.String)>($r2)###http://android.drumpadmachine.com:3600/dpm/presets_configs/presets_config_v7.json
W/Ads     (21393): Invoke Firebase method getInstance error.
W/Ads     (21393): The Google Mobile Ads SDK will not integrate with Firebase. Admob/Firebase integration requires the latest Firebase SDK jar, but Firebase SDK is either missing or out of date
I/ActivityManager(  464): START u0 {cmp=com.agminstruments.drumpadmachine/.PopupFirstLaunch} from pid 21393
D/dalvikvm(21393): GC_CONCURRENT freed 560K, 11% free 5512K/6128K, paused 6ms+10ms, total 19ms
D/dalvikvm(21393): WAIT_FOR_CONCURRENT_GC blocked 13ms
D/dalvikvm(21393): GC_FOR_ALLOC freed 545K, 15% free 5479K/6444K, paused 4ms, total 4ms
D/dalvikvm(21393): GC_FOR_ALLOC freed 451K, 15% free 5487K/6444K, paused 2ms, total 3ms
D/dalvikvm(21393): GC_FOR_ALLOC freed 411K, 15% free 5493K/6444K, paused 3ms, total 4ms
D/dalvikvm(21393): GC_FOR_ALLOC freed 355K, 15% free 5520K/6444K, paused 5ms, total 5ms
D/dalvikvm(21393): GC_FOR_ALLOC freed 341K, 15% free 5526K/6444K, paused 3ms, total 3ms
D/dalvikvm(21393): GC_FOR_ALLOC freed 315K, 15% free 5505K/6444K, paused 3ms, total 3ms
D/dalvikvm(21393): GC_FOR_ALLOC freed 393K, 15% free 5509K/6444K, paused 4ms, total 4ms
D/dalvikvm(21393): GC_FOR_ALLOC freed 421K, 15% free 5513K/6444K, paused 4ms, total 4ms
D/dalvikvm(21393): GC_FOR_ALLOC freed 383K, 15% free 5515K/6444K, paused 3ms, total 3ms
D/dalvikvm(21449): DexOpt: load 9ms, verify+opt 19ms, 874684 bytes
D/dalvikvm(21393): GC_FOR_ALLOC freed 301K, 15% free 5519K/6444K, paused 5ms, total 5ms
D/dalvikvm(21393): GC_FOR_ALLOC freed 312K, 14% free 5556K/6444K, paused 3ms, total 4ms
D/dalvikvm(21393): DexOpt: --- END 'flurry.dex' (success) ---
D/dalvikvm(21393): DEX prep '/data/data/com.agminstruments.drumpadmachine/app_working/flurry.dex': copy in 0ms, rewrite 403ms
D/dalvikvm(21393): GC_FOR_ALLOC freed 435K, 16% free 5525K/6520K, paused 4ms, total 16ms
D/dalvikvm(21393): GC_FOR_ALLOC freed 456K, 16% free 5527K/6520K, paused 5ms, total 5ms
D/dalvikvm(21393): GC_FOR_ALLOC freed 441K, 15% free 5566K/6520K, paused 4ms, total 4ms
D/dalvikvm(21393): GC_FOR_ALLOC freed 495K, 16% free 5530K/6520K, paused 4ms, total 4ms
D/dalvikvm(21393): GC_FOR_ALLOC freed 384K, 15% free 5575K/6520K, paused 4ms, total 4ms
D/dalvikvm(21393): GC_FOR_ALLOC freed 441K, 16% free 5534K/6520K, paused 3ms, total 3ms
D/dalvikvm(21393): GC_FOR_ALLOC freed 409K, 16% free 5538K/6520K, paused 4ms, total 4ms
D/dalvikvm(21393): GC_FOR_ALLOC freed 420K, 15% free 5587K/6520K, paused 5ms, total 5ms
D/dalvikvm(21393): GC_FOR_ALLOC freed 239K, 15% free 5542K/6520K, paused 4ms, total 4ms
D/dalvikvm(21393): GC_FOR_ALLOC freed 242K, 15% free 5542K/6520K, paused 4ms, total 4ms
D/dalvikvm(21393): GC_FOR_ALLOC freed 196K, 15% free 5593K/6520K, paused 3ms, total 3ms
D/dalvikvm(21393): GC_FOR_ALLOC freed 249K, 15% free 5546K/6520K, paused 4ms, total 4ms
D/dalvikvm(21393): GC_FOR_ALLOC freed 252K, 15% free 5546K/6520K, paused 4ms, total 4ms
D/dalvikvm(21393): GC_FOR_ALLOC freed 204K, 15% free 5599K/6520K, paused 4ms, total 4ms
D/dalvikvm(21393): GC_FOR_ALLOC freed 259K, 15% free 5550K/6520K, paused 3ms, total 3ms
D/dalvikvm(21393): GC_FOR_ALLOC freed 262K, 15% free 5550K/6520K, paused 6ms, total 6ms
D/dalvikvm(21393): GC_FOR_ALLOC freed 212K, 15% free 5605K/6520K, paused 3ms, total 3ms
D/dalvikvm(21393): GC_FOR_ALLOC freed 269K, 15% free 5554K/6520K, paused 3ms, total 3ms
D/dalvikvm(21393): GC_FOR_ALLOC freed 272K, 15% free 5554K/6520K, paused 3ms, total 3ms
D/dalvikvm(21393): GC_FOR_ALLOC freed 220K, 14% free 5611K/6520K, paused 3ms, total 3ms
D/dalvikvm(21393): GC_FOR_ALLOC freed 279K, 15% free 5558K/6520K, paused 3ms, total 3ms
D/dalvikvm(21393): GC_FOR_ALLOC freed 282K, 15% free 5558K/6520K, paused 4ms, total 4ms
D/dalvikvm(21393): GC_FOR_ALLOC freed 228K, 14% free 5617K/6520K, paused 5ms, total 5ms
D/dalvikvm(21393): GC_FOR_ALLOC freed 173K, 15% free 5560K/6520K, paused 7ms, total 7ms
D/dalvikvm(21393): GC_FOR_ALLOC freed 116K, 15% free 5562K/6520K, paused 3ms, total 3ms
D/dalvikvm(21393): GC_FOR_ALLOC freed 292K, 15% free 5562K/6520K, paused 6ms, total 6ms
D/dalvikvm(21393): GC_FOR_ALLOC freed 118K, 15% free 5564K/6520K, paused 3ms, total 3ms
D/dalvikvm(21393): GC_FOR_ALLOC freed 297K, 15% free 5564K/6520K, paused 3ms, total 3ms
D/dalvikvm(21393): GC_FOR_ALLOC freed 120K, 15% free 5566K/6520K, paused 4ms, total 4ms
D/dalvikvm(21393): GC_FOR_ALLOC freed 302K, 15% free 5566K/6520K, paused 4ms, total 4ms
D/dalvikvm(21393): GC_FOR_ALLOC freed 122K, 15% free 5568K/6520K, paused 3ms, total 3ms
D/dalvikvm(21393): GC_FOR_ALLOC freed 307K, 15% free 5568K/6520K, paused 3ms, total 3ms
D/dalvikvm(21393): GC_FOR_ALLOC freed 124K, 15% free 5570K/6520K, paused 3ms, total 3ms
D/dalvikvm(21393): GC_FOR_ALLOC freed 312K, 15% free 5570K/6520K, paused 3ms, total 3ms
D/dalvikvm(21393): GC_FOR_ALLOC freed 126K, 15% free 5572K/6520K, paused 4ms, total 4ms
D/dalvikvm(21393): GC_FOR_ALLOC freed 318K, 15% free 5573K/6520K, paused 3ms, total 3ms
D/dalvikvm(21393): GC_FOR_ALLOC freed 128K, 15% free 5575K/6520K, paused 3ms, total 3ms
D/dalvikvm(21393): GC_FOR_ALLOC freed 322K, 15% free 5575K/6520K, paused 3ms, total 3ms
D/dalvikvm(21393): GC_FOR_ALLOC freed 130K, 15% free 5577K/6520K, paused 3ms, total 3ms
D/dalvikvm(21393): GC_FOR_ALLOC freed 327K, 15% free 5577K/6520K, paused 4ms, total 4ms
D/dalvikvm(21393): GC_FOR_ALLOC freed 132K, 15% free 5579K/6520K, paused 3ms, total 3ms
D/dalvikvm(21393): GC_FOR_ALLOC freed 332K, 15% free 5579K/6520K, paused 3ms, total 3ms
D/dalvikvm(21393): GC_FOR_ALLOC freed 134K, 15% free 5581K/6520K, paused 2ms, total 3ms
D/dalvikvm(21393): GC_FOR_ALLOC freed 337K, 15% free 5581K/6520K, paused 3ms, total 4ms
D/dalvikvm(21393): GC_FOR_ALLOC freed 136K, 15% free 5583K/6520K, paused 3ms, total 3ms
D/dalvikvm(21393): GC_FOR_ALLOC freed 342K, 15% free 5583K/6520K, paused 3ms, total 3ms
D/dalvikvm(21393): GC_FOR_ALLOC freed 138K, 15% free 5585K/6520K, paused 3ms, total 3ms
D/dalvikvm(21393): GC_FOR_ALLOC freed 347K, 15% free 5585K/6520K, paused 2ms, total 2ms
D/dalvikvm(21393): GC_FOR_ALLOC freed 140K, 15% free 5587K/6520K, paused 5ms, total 5ms
D/dalvikvm(21393): GC_FOR_ALLOC freed 352K, 15% free 5587K/6520K, paused 5ms, total 5ms
D/dalvikvm(21393): GC_FOR_ALLOC freed 142K, 15% free 5589K/6520K, paused 3ms, total 3ms
D/dalvikvm(21393): GC_FOR_ALLOC freed 357K, 15% free 5589K/6520K, paused 3ms, total 3ms
D/dalvikvm(21393): GC_FOR_ALLOC freed 144K, 15% free 5591K/6520K, paused 3ms, total 3ms
D/dalvikvm(21393): GC_FOR_ALLOC freed 362K, 15% free 5591K/6520K, paused 3ms, total 3ms
D/dalvikvm(21393): GC_FOR_ALLOC freed 146K, 15% free 5593K/6520K, paused 3ms, total 3ms
D/dalvikvm(21393): GC_FOR_ALLOC freed 146K, 14% free 5666K/6520K, paused 3ms, total 3ms
D/dalvikvm(21393): GC_FOR_ALLOC freed 221K, 17% free 5593K/6672K, paused 2ms, total 2ms
D/dalvikvm(21393): GC_FOR_ALLOC freed 148K, 17% free 5595K/6672K, paused 4ms, total 4ms
D/dalvikvm(21393): GC_FOR_ALLOC freed 372K, 17% free 5595K/6672K, paused 4ms, total 4ms
D/dalvikvm(21393): GC_FOR_ALLOC freed 150K, 17% free 5597K/6672K, paused 6ms, total 6ms
D/dalvikvm(21393): GC_FOR_ALLOC freed 377K, 17% free 5597K/6672K, paused 4ms, total 4ms
D/dalvikvm(21393): GC_FOR_ALLOC freed 152K, 17% free 5599K/6672K, paused 3ms, total 3ms
D/dalvikvm(21393): GC_FOR_ALLOC freed 382K, 17% free 5599K/6672K, paused 4ms, total 4ms
D/dalvikvm(21393): GC_FOR_ALLOC freed 154K, 17% free 5601K/6672K, paused 3ms, total 3ms
D/dalvikvm(21393): GC_FOR_ALLOC freed 387K, 17% free 5601K/6672K, paused 4ms, total 4ms
D/dalvikvm(21393): GC_FOR_ALLOC freed 156K, 17% free 5603K/6672K, paused 7ms, total 7ms
D/dalvikvm(21393): GC_FOR_ALLOC freed 392K, 17% free 5603K/6672K, paused 4ms, total 4ms
D/dalvikvm(21393): GC_FOR_ALLOC freed 158K, 16% free 5605K/6672K, paused 4ms, total 4ms
D/dalvikvm(21393): GC_FOR_ALLOC freed 397K, 16% free 5605K/6672K, paused 4ms, total 4ms
D/dalvikvm(21393): GC_FOR_ALLOC freed 160K, 16% free 5607K/6672K, paused 4ms, total 4ms
D/dalvikvm(21393): GC_FOR_ALLOC freed 402K, 16% free 5607K/6672K, paused 3ms, total 3ms
D/dalvikvm(21393): GC_FOR_ALLOC freed 162K, 16% free 5609K/6672K, paused 4ms, total 4ms
D/dalvikvm(21393): GC_FOR_ALLOC freed 407K, 16% free 5609K/6672K, paused 3ms, total 3ms
D/dalvikvm(21393): GC_FOR_ALLOC freed 164K, 16% free 5611K/6672K, paused 8ms, total 8ms
D/dalvikvm(21393): GC_FOR_ALLOC freed 412K, 16% free 5611K/6672K, paused 3ms, total 3ms
D/dalvikvm(21393): GC_FOR_ALLOC freed 166K, 16% free 5613K/6672K, paused 4ms, total 4ms
D/dalvikvm(21393): GC_FOR_ALLOC freed 417K, 16% free 5613K/6672K, paused 3ms, total 3ms
D/dalvikvm(21393): GC_FOR_ALLOC freed 168K, 16% free 5615K/6672K, paused 3ms, total 3ms
D/dalvikvm(21393): GC_FOR_ALLOC freed 422K, 16% free 5615K/6672K, paused 2ms, total 2ms
D/dalvikvm(21393): GC_FOR_ALLOC freed 170K, 16% free 5617K/6672K, paused 3ms, total 3ms
D/dalvikvm(21393): GC_FOR_ALLOC freed 427K, 16% free 5617K/6672K, paused 5ms, total 5ms
D/dalvikvm(21393): GC_FOR_ALLOC freed 173K, 16% free 5619K/6672K, paused 4ms, total 4ms
D/dalvikvm(21393): GC_FOR_ALLOC freed 432K, 16% free 5619K/6672K, paused 4ms, total 4ms
D/dalvikvm(21393): GC_FOR_ALLOC freed 174K, 16% free 5621K/6672K, paused 3ms, total 3ms
D/dalvikvm(21393): GC_FOR_ALLOC freed 437K, 16% free 5621K/6672K, paused 3ms, total 3ms
D/dalvikvm(21393): GC_FOR_ALLOC freed 176K, 16% free 5623K/6672K, paused 4ms, total 4ms
D/dalvikvm(21393): GC_FOR_ALLOC freed 442K, 16% free 5623K/6672K, paused 2ms, total 2ms
D/dalvikvm(21393): GC_FOR_ALLOC freed 178K, 16% free 5625K/6672K, paused 2ms, total 2ms
D/dalvikvm(21393): GC_FOR_ALLOC freed 447K, 16% free 5625K/6672K, paused 4ms, total 4ms
D/dalvikvm(21393): GC_FOR_ALLOC freed 180K, 16% free 5627K/6672K, paused 5ms, total 5ms
D/dalvikvm(21393): GC_FOR_ALLOC freed 452K, 16% free 5627K/6672K, paused 5ms, total 5ms
D/dalvikvm(21393): GC_FOR_ALLOC freed 182K, 16% free 5629K/6672K, paused 3ms, total 3ms
D/dalvikvm(21393): GC_FOR_ALLOC freed 457K, 16% free 5629K/6672K, paused 5ms, total 6ms
D/dalvikvm(21393): GC_FOR_ALLOC freed 184K, 16% free 5635K/6672K, paused 5ms, total 5ms
W/ActivityManager(  464): Activity pause timeout for ActivityRecord{4ad2b334 u0 com.agminstruments.drumpadmachine/.MainActivityDPM t404}
D/dalvikvm(21393): GC_FOR_ALLOC freed 462K, 16% free 5635K/6672K, paused 4ms, total 4ms
D/dalvikvm(21393): GC_FOR_ALLOC freed 186K, 16% free 5637K/6672K, paused 3ms, total 3ms
D/dalvikvm(21393): GC_FOR_ALLOC freed 467K, 16% free 5637K/6672K, paused 3ms, total 3ms
D/dalvikvm(21393): GC_FOR_ALLOC freed 188K, 16% free 5639K/6672K, paused 5ms, total 5ms
D/dalvikvm(21393): GC_FOR_ALLOC freed 188K, 15% free 5733K/6672K, paused 3ms, total 3ms
I/dalvikvm-heap(21393): Grow heap (frag case) to 5.833MB for 194572-byte allocation
D/dalvikvm(21393): GC_FOR_ALLOC freed 2K, 14% free 5921K/6864K, paused 3ms, total 3ms
D/dalvikvm(21393): GC_FOR_ALLOC freed 472K, 18% free 5641K/6864K, paused 5ms, total 5ms
D/dalvikvm(21393): GC_FOR_ALLOC freed 477K, 18% free 5641K/6864K, paused 2ms, total 2ms
D/dalvikvm(21393): GC_FOR_ALLOC freed 384K, 17% free 5740K/6864K, paused 2ms, total 2ms
D/dalvikvm(21393): GC_FOR_ALLOC freed 484K, 18% free 5645K/6864K, paused 4ms, total 4ms
D/dalvikvm(21393): GC_FOR_ALLOC freed 194K, 17% free 5743K/6864K, paused 3ms, total 3ms
D/dalvikvm(21393): GC_FOR_ALLOC freed 293K, 18% free 5645K/6864K, paused 4ms, total 4ms
D/dalvikvm(21393): GC_FOR_ALLOC freed 392K, 17% free 5746K/6864K, paused 4ms, total 4ms
D/dalvikvm(21393): GC_FOR_ALLOC freed 296K, 18% free 5647K/6864K, paused 3ms, total 3ms
D/dalvikvm(21393): GC_FOR_ALLOC freed 396K, 17% free 5749K/6864K, paused 3ms, total 3ms
D/dalvikvm(21393): GC_FOR_ALLOC freed 299K, 18% free 5650K/6864K, paused 3ms, total 3ms
D/dalvikvm(21393): GC_FOR_ALLOC freed 400K, 17% free 5752K/6864K, paused 2ms, total 2ms
D/dalvikvm(21393): GC_FOR_ALLOC freed 302K, 18% free 5652K/6864K, paused 3ms, total 3ms
D/dalvikvm(21393): GC_FOR_ALLOC freed 404K, 17% free 5755K/6864K, paused 3ms, total 3ms
D/dalvikvm(21393): GC_FOR_ALLOC freed 305K, 18% free 5654K/6864K, paused 3ms, total 3ms
D/dalvikvm(21393): GC_FOR_ALLOC freed 408K, 17% free 5758K/6864K, paused 2ms, total 3ms
D/dalvikvm(21393): GC_FOR_ALLOC freed 308K, 18% free 5656K/6864K, paused 2ms, total 2ms
D/dalvikvm(21393): GC_FOR_ALLOC freed 412K, 17% free 5761K/6864K, paused 3ms, total 3ms
D/dalvikvm(21393): GC_FOR_ALLOC freed 311K, 18% free 5658K/6864K, paused 3ms, total 3ms
D/dalvikvm(21393): GC_FOR_ALLOC freed 416K, 16% free 5766K/6864K, paused 5ms, total 5ms
D/dalvikvm(21393): GC_FOR_ALLOC freed 314K, 18% free 5662K/6864K, paused 3ms, total 3ms
D/dalvikvm(21393): GC_FOR_ALLOC freed 420K, 16% free 5769K/6864K, paused 3ms, total 3ms
D/dalvikvm(21393): GC_FOR_ALLOC freed 317K, 18% free 5664K/6864K, paused 2ms, total 2ms
D/dalvikvm(21393): GC_FOR_ALLOC freed 424K, 16% free 5772K/6864K, paused 3ms, total 3ms
D/dalvikvm(21393): GC_FOR_ALLOC freed 320K, 18% free 5666K/6864K, paused 3ms, total 3ms
D/dalvikvm(21393): GC_FOR_ALLOC freed 428K, 16% free 5775K/6864K, paused 5ms, total 5ms
D/dalvikvm(21393): GC_FOR_ALLOC freed 323K, 18% free 5668K/6864K, paused 3ms, total 3ms
D/dalvikvm(21393): GC_FOR_ALLOC freed 432K, 16% free 5778K/6864K, paused 3ms, total 3ms
D/dalvikvm(21393): GC_FOR_ALLOC freed 326K, 18% free 5670K/6864K, paused 6ms, total 6ms
D/dalvikvm(21393): GC_FOR_ALLOC freed 436K, 16% free 5781K/6864K, paused 3ms, total 3ms
D/dalvikvm(21393): GC_FOR_ALLOC freed 329K, 18% free 5672K/6864K, paused 3ms, total 3ms
D/dalvikvm(21393): GC_FOR_ALLOC freed 440K, 16% free 5784K/6864K, paused 4ms, total 4ms
D/dalvikvm(21393): GC_FOR_ALLOC freed 332K, 18% free 5674K/6864K, paused 3ms, total 3ms
D/dalvikvm(21393): GC_FOR_ALLOC freed 444K, 16% free 5787K/6864K, paused 2ms, total 2ms
D/dalvikvm(21393): GC_FOR_ALLOC freed 335K, 18% free 5676K/6864K, paused 3ms, total 3ms
D/dalvikvm(21393): GC_FOR_ALLOC freed 448K, 16% free 5791K/6864K, paused 3ms, total 3ms
D/dalvikvm(21393): GC_FOR_ALLOC freed 338K, 18% free 5679K/6864K, paused 2ms, total 2ms
D/dalvikvm(21393): GC_FOR_ALLOC freed 452K, 16% free 5794K/6864K, paused 2ms, total 2ms
D/dalvikvm(21393): GC_FOR_ALLOC freed 341K, 18% free 5681K/6864K, paused 4ms, total 4ms
D/dalvikvm(21393): GC_FOR_ALLOC freed 456K, 16% free 5797K/6864K, paused 5ms, total 5ms
D/dalvikvm(21393): GC_FOR_ALLOC freed 344K, 18% free 5683K/6864K, paused 2ms, total 2ms
D/dalvikvm(21393): DexOpt: --- BEGIN 'revmob.dex' (bootstrap=0) ---
D/dalvikvm(21393): GC_FOR_ALLOC freed 460K, 16% free 5800K/6864K, paused 8ms, total 8ms
W/WindowManager(  464): Window freeze timeout expired.
W/WindowManager(  464): Force clearing orientation change: Window{4aae2a0c u0 Starting com.agminstruments.drumpadmachine}
W/WindowManager(  464): Force clearing orientation change: Window{4a92e0a8 u0 com.android.systemui.ImageWallpaper}
D/dalvikvm(21393): GC_FOR_ALLOC freed 347K, 18% free 5685K/6864K, paused 3ms, total 3ms
D/dalvikvm(21393): GC_FOR_ALLOC freed 464K, 16% free 5803K/6864K, paused 4ms, total 4ms
D/dalvikvm(21393): GC_FOR_ALLOC freed 350K, 18% free 5687K/6864K, paused 3ms, total 3ms
D/dalvikvm(21393): GC_FOR_ALLOC freed 468K, 16% free 5806K/6864K, paused 3ms, total 3ms
D/dalvikvm(21393): GC_FOR_ALLOC freed 353K, 18% free 5689K/6864K, paused 3ms, total 3ms
D/dalvikvm(21393): GC_FOR_ALLOC freed 472K, 16% free 5809K/6864K, paused 3ms, total 3ms
D/dalvikvm(21393): GC_FOR_ALLOC freed 356K, 18% free 5691K/6864K, paused 5ms, total 5ms
D/dalvikvm(21393): GC_FOR_ALLOC freed 476K, 16% free 5812K/6864K, paused 2ms, total 2ms
D/dalvikvm(21393): GC_FOR_ALLOC freed 359K, 18% free 5693K/6864K, paused 2ms, total 2ms
D/dalvikvm(21393): GC_FOR_ALLOC freed 480K, 16% free 5815K/6864K, paused 3ms, total 3ms
D/dalvikvm(21393): GC_FOR_ALLOC freed 362K, 18% free 5695K/6864K, paused 3ms, total 3ms
D/dalvikvm(21393): GC_FOR_ALLOC freed 484K, 16% free 5818K/6864K, paused 4ms, total 5ms
D/dalvikvm(21393): GC_FOR_ALLOC freed 365K, 17% free 5697K/6864K, paused 3ms, total 3ms
D/dalvikvm(21393): GC_FOR_ALLOC freed 244K, 17% free 5699K/6864K, paused 2ms, total 2ms
I/dalvikvm-heap(21393): Grow heap (frag case) to 5.972MB for 374800-byte allocation
D/dalvikvm(21393): GC_FOR_ALLOC freed 244K, 20% free 5821K/7232K, paused 3ms, total 3ms
D/dalvikvm(21393): GC_FOR_ALLOC freed 614K, 22% free 5701K/7232K, paused 2ms, total 2ms
D/dalvikvm(21393): GC_FOR_ALLOC freed 617K, 22% free 5701K/7232K, paused 3ms, total 3ms
D/dalvikvm(21393): GC_FOR_ALLOC freed 496K, 20% free 5827K/7232K, paused 2ms, total 2ms
D/dalvikvm(21393): GC_FOR_ALLOC freed 624K, 22% free 5705K/7232K, paused 2ms, total 2ms
D/dalvikvm(21393): GC_FOR_ALLOC freed 627K, 22% free 5705K/7232K, paused 2ms, total 2ms
D/dalvikvm(21393): GC_FOR_ALLOC freed 504K, 20% free 5833K/7232K, paused 2ms, total 2ms
D/dalvikvm(21393): GC_FOR_ALLOC freed 634K, 22% free 5709K/7232K, paused 4ms, total 4ms
D/dalvikvm(21393): GC_FOR_ALLOC freed 637K, 22% free 5709K/7232K, paused 3ms, total 3ms
D/dalvikvm(21393): GC_FOR_ALLOC freed 512K, 20% free 5839K/7232K, paused 3ms, total 3ms
D/dalvikvm(21393): GC_FOR_ALLOC freed 644K, 21% free 5713K/7232K, paused 4ms, total 4ms
D/dalvikvm(21393): GC_FOR_ALLOC freed 647K, 21% free 5713K/7232K, paused 3ms, total 3ms
D/dalvikvm(21393): GC_FOR_ALLOC freed 520K, 20% free 5845K/7232K, paused 3ms, total 3ms
D/dalvikvm(21393): GC_FOR_ALLOC freed 654K, 21% free 5717K/7232K, paused 3ms, total 3ms
D/dalvikvm(21393): GC_FOR_ALLOC freed 657K, 21% free 5717K/7232K, paused 2ms, total 2ms
D/dalvikvm(21393): GC_FOR_ALLOC freed 528K, 20% free 5851K/7232K, paused 2ms, total 2ms
D/dalvikvm(21393): GC_FOR_ALLOC freed 664K, 21% free 5721K/7232K, paused 3ms, total 3ms
D/dalvikvm(21393): GC_FOR_ALLOC freed 667K, 21% free 5721K/7232K, paused 2ms, total 3ms
D/dalvikvm(21393): GC_FOR_ALLOC freed 536K, 20% free 5857K/7232K, paused 3ms, total 3ms
D/dalvikvm(21393): GC_FOR_ALLOC freed 674K, 21% free 5725K/7232K, paused 4ms, total 4ms
D/dalvikvm(21393): GC_FOR_ALLOC freed 677K, 21% free 5725K/7232K, paused 5ms, total 5ms
D/dalvikvm(21393): GC_FOR_ALLOC freed 544K, 19% free 5863K/7232K, paused 3ms, total 3ms
D/dalvikvm(21393): GC_FOR_ALLOC freed 684K, 21% free 5729K/7232K, paused 4ms, total 4ms
D/dalvikvm(21393): GC_FOR_ALLOC freed 274K, 19% free 5866K/7232K, paused 3ms, total 3ms
D/dalvikvm(21393): GC_FOR_ALLOC freed 413K, 21% free 5729K/7232K, paused 2ms, total 2ms
D/dalvikvm(21393): GC_FOR_ALLOC freed 552K, 19% free 5869K/7232K, paused 2ms, total 2ms
D/dalvikvm(21393): GC_FOR_ALLOC freed 416K, 21% free 5731K/7232K, paused 2ms, total 2ms
D/dalvikvm(21393): GC_FOR_ALLOC freed 556K, 19% free 5872K/7232K, paused 2ms, total 2ms
D/dalvikvm(21393): GC_FOR_ALLOC freed 419K, 21% free 5733K/7232K, paused 3ms, total 3ms
D/dalvikvm(21482): DexOpt: load 6ms, verify+opt 15ms, 667972 bytes
D/dalvikvm(21393): GC_FOR_ALLOC freed 560K, 19% free 5875K/7232K, paused 4ms, total 5ms
D/dalvikvm(21393): GC_FOR_ALLOC freed 422K, 21% free 5735K/7232K, paused 5ms, total 5ms
D/dalvikvm(21393): GC_FOR_ALLOC freed 564K, 19% free 5878K/7232K, paused 6ms, total 6ms
D/dalvikvm(21393): GC_FOR_ALLOC freed 425K, 21% free 5737K/7232K, paused 3ms, total 3ms
D/dalvikvm(21393): GC_FOR_ALLOC freed 568K, 19% free 5881K/7232K, paused 3ms, total 3ms
D/dalvikvm(21393): GC_FOR_ALLOC freed 428K, 21% free 5739K/7232K, paused 3ms, total 3ms
D/dalvikvm(21393): GC_FOR_ALLOC freed 572K, 19% free 5884K/7232K, paused 3ms, total 3ms
D/dalvikvm(21393): GC_FOR_ALLOC freed 431K, 21% free 5741K/7232K, paused 3ms, total 3ms
D/dalvikvm(21393): GC_FOR_ALLOC freed 576K, 19% free 5887K/7232K, paused 4ms, total 4ms
D/dalvikvm(21393): GC_FOR_ALLOC freed 434K, 21% free 5743K/7232K, paused 4ms, total 4ms
D/dalvikvm(21393): GC_FOR_ALLOC freed 580K, 19% free 5890K/7232K, paused 4ms, total 4ms
D/dalvikvm(21393): GC_FOR_ALLOC freed 437K, 21% free 5745K/7232K, paused 3ms, total 3ms
D/dalvikvm(21393): GC_FOR_ALLOC freed 584K, 19% free 5893K/7232K, paused 4ms, total 4ms
D/dalvikvm(21393): DexOpt: --- END 'revmob.dex' (success) ---
D/dalvikvm(21393): DEX prep '/data/data/com.agminstruments.drumpadmachine/app_working/revmob.dex': copy in 0ms, rewrite 209ms
D/dalvikvm(21393): GC_FOR_ALLOC freed 440K, 21% free 5747K/7232K, paused 5ms, total 5ms
D/dalvikvm(21393): GC_FOR_ALLOC freed 588K, 19% free 5896K/7232K, paused 3ms, total 3ms
D/dalvikvm(21393): GC_FOR_ALLOC freed 443K, 21% free 5749K/7232K, paused 4ms, total 4ms
D/dalvikvm(21393): GC_FOR_ALLOC freed 592K, 19% free 5899K/7232K, paused 4ms, total 4ms
D/dalvikvm(21393): GC_FOR_ALLOC freed 446K, 21% free 5751K/7232K, paused 4ms, total 4ms
D/dalvikvm(21393): GC_FOR_ALLOC freed 596K, 19% free 5902K/7232K, paused 6ms, total 7ms
D/dalvikvm(21393): GC_FOR_ALLOC freed 449K, 21% free 5753K/7232K, paused 4ms, total 4ms
D/dalvikvm(21393): GC_FOR_ALLOC freed 600K, 19% free 5904K/7232K, paused 4ms, total 4ms
D/dalvikvm(21393): GC_FOR_ALLOC freed 452K, 21% free 5754K/7232K, paused 4ms, total 4ms
D/dalvikvm(21393): GC_FOR_ALLOC freed 604K, 19% free 5907K/7232K, paused 3ms, total 3ms
D/dalvikvm(21393): GC_FOR_ALLOC freed 455K, 21% free 5756K/7232K, paused 4ms, total 4ms
D/dalvikvm(21393): GC_FOR_ALLOC freed 608K, 19% free 5910K/7232K, paused 6ms, total 6ms
D/dalvikvm(21393): GC_FOR_ALLOC freed 458K, 21% free 5758K/7232K, paused 4ms, total 4ms
D/dalvikvm(21393): GC_FOR_ALLOC freed 612K, 19% free 5913K/7232K, paused 3ms, total 3ms
D/dalvikvm(21393): GC_FOR_ALLOC freed 461K, 21% free 5760K/7232K, paused 3ms, total 3ms
D/dalvikvm(21393): GC_FOR_ALLOC freed 616K, 19% free 5916K/7232K, paused 3ms, total 3ms
D/dalvikvm(21393): GC_FOR_ALLOC freed 464K, 21% free 5762K/7232K, paused 2ms, total 2ms
D/dalvikvm(21393): GC_FOR_ALLOC freed 620K, 19% free 5919K/7232K, paused 4ms, total 4ms
D/dalvikvm(21393): GC_FOR_ALLOC freed 467K, 21% free 5764K/7232K, paused 3ms, total 3ms
D/dalvikvm(21393): GC_FOR_ALLOC freed 624K, 19% free 5922K/7232K, paused 4ms, total 4ms
D/dalvikvm(21393): GC_FOR_ALLOC freed 470K, 21% free 5766K/7232K, paused 3ms, total 3ms
D/dalvikvm(21393): GC_FOR_ALLOC freed 628K, 19% free 5925K/7232K, paused 3ms, total 3ms
D/dalvikvm(21393): GC_FOR_ALLOC freed 473K, 21% free 5768K/7232K, paused 4ms, total 4ms
D/dalvikvm(21393): GC_FOR_ALLOC freed 632K, 19% free 5928K/7232K, paused 3ms, total 3ms
D/dalvikvm(21393): GC_FOR_ALLOC freed 476K, 21% free 5770K/7232K, paused 3ms, total 3ms
D/dalvikvm(21393): GC_FOR_ALLOC freed 636K, 18% free 5931K/7232K, paused 4ms, total 4ms
D/dalvikvm(21393): GC_FOR_ALLOC freed 479K, 21% free 5772K/7232K, paused 4ms, total 4ms
D/dalvikvm(21393): GC_FOR_ALLOC freed 640K, 18% free 5934K/7232K, paused 4ms, total 4ms
D/dalvikvm(21393): GC_FOR_ALLOC freed 482K, 21% free 5774K/7232K, paused 4ms, total 4ms
D/dalvikvm(21393): GC_FOR_ALLOC freed 644K, 18% free 5937K/7232K, paused 4ms, total 4ms
D/dalvikvm(21393): GC_FOR_ALLOC freed 485K, 21% free 5776K/7232K, paused 7ms, total 7ms
D/dalvikvm(21393): GC_FOR_ALLOC freed 648K, 18% free 5940K/7232K, paused 3ms, total 3ms
D/dalvikvm(21393): GC_FOR_ALLOC freed 488K, 21% free 5778K/7232K, paused 4ms, total 5ms
D/dalvikvm(21393): GC_FOR_ALLOC freed 652K, 18% free 5943K/7232K, paused 6ms, total 6ms
D/dalvikvm(21393): GC_FOR_ALLOC freed 491K, 21% free 5780K/7232K, paused 3ms, total 3ms
D/dalvikvm(21393): GC_FOR_ALLOC freed 656K, 18% free 5946K/7232K, paused 4ms, total 4ms
D/dalvikvm(21393): GC_CONCURRENT freed 182K, 6% free 6819K/7232K, paused 1ms+1ms, total 13ms
D/dalvikvm(21393): WAIT_FOR_CONCURRENT_GC blocked 11ms
D/dalvikvm(21393): WAIT_FOR_CONCURRENT_GC blocked 27ms
D/dalvikvm(21393): DexOpt: --- BEGIN 'startapp.dex' (bootstrap=0) ---
I/System.out(21393): body:<com.batch.android.d.ah: void a(java.lang.String,java.lang.String[])>	sig:$r3 = staticinvoke <java.net.URLEncoder: java.lang.String encode(java.lang.String,java.lang.String)>($r3, "UTF-8")	timediff:0
I/System.out(21393): body:<com.batch.android.d.ah: void a(java.lang.String,java.lang.String[])>	sig:specialinvoke $r9.<java.net.URL: void <init>(java.lang.String)>($r1)	timediff:0
I/System.out(21393): <com.batch.android.d.ah: void a(java.lang.String,java.lang.String[])>###specialinvoke $r9.<java.net.URL: void <init>(java.lang.String)>($r1)###https://ws.batch.com/a/1.5.3/st/547EEAF1AD789DD47825DC2B12C080
I/System.out(21393): body:<com.batch.android.d.ah: void a(java.lang.String,java.lang.String[])>	sig:$r3 = virtualinvoke $r9.<java.net.URL: java.lang.String getQuery()>()	timediff:0
I/System.out(21393): body:<com.batch.android.d.ah: void a(java.lang.String,java.lang.String[])>	sig:$r3 = staticinvoke <java.net.URLEncoder: java.lang.String encode(java.lang.String,java.lang.String)>($r3, "UTF-8")	timediff:0
I/System.out(21393): body:<com.batch.android.d.ah: void a(java.lang.String,java.lang.String[])>	sig:specialinvoke $r9.<java.net.URL: void <init>(java.lang.String)>($r1)	timediff:0
I/System.out(21393): <com.batch.android.d.ah: void a(java.lang.String,java.lang.String[])>###specialinvoke $r9.<java.net.URL: void <init>(java.lang.String)>($r1)###https://ws.batch.com/a/1.5.3/tr/547EEAF1AD789DD47825DC2B12C080
I/System.out(21393): body:<com.batch.android.d.ah: void a(java.lang.String,java.lang.String[])>	sig:$r3 = virtualinvoke $r9.<java.net.URL: java.lang.String getQuery()>()	timediff:0
D/dalvikvm(21393): GC_CONCURRENT freed 2520K, 32% free 5641K/8196K, paused 1ms+2ms, total 32ms
I/System.out(21393): body:<com.tapjoy.internal.ff: boolean a(java.lang.String,int)>	sig:specialinvoke $r2.<java.net.DatagramSocket: void <init>()>()	timediff:6
I/System.out(21393): body:<com.tapjoy.internal.ff: boolean a(java.lang.String,int)>	sig:virtualinvoke $r2.<java.net.DatagramSocket: void setSoTimeout(int)>($i0)	timediff:1
I/System.out(21393): body:<com.batch.android.d.ah: java.net.URL a(com.batch.android.d.x,com.batch.android.d.f)>	sig:specialinvoke $r3.<java.net.URL: void <init>(java.lang.String)>($r5)	timediff:1
I/System.out(21393): <com.batch.android.d.ah: java.net.URL a(com.batch.android.d.x,com.batch.android.d.f)>###specialinvoke $r3.<java.net.URL: void <init>(java.lang.String)>($r5)###https://ws.batch.com/a/1.5.3/tr/547EEAF1AD789DD47825DC2B12C080
I/System.out(21393): body:<com.batch.android.d.aj: java.net.HttpURLConnection w()>	sig:$r3 = virtualinvoke $r2.<java.net.URL: java.net.URLConnection openConnection()>()	timediff:1
I/System.out(21393): body:<com.batch.android.d.aj: java.net.HttpURLConnection w()>	sig:virtualinvoke $r4.<java.net.HttpURLConnection: void setConnectTimeout(int)>($i0)	timediff:0
I/System.out(21393): body:<com.batch.android.d.aj: java.net.HttpURLConnection w()>	sig:virtualinvoke $r4.<java.net.HttpURLConnection: void setReadTimeout(int)>($i0)	timediff:0
I/System.out(21393): body:<com.batch.android.d.aj: java.net.HttpURLConnection w()>	sig:virtualinvoke $r4.<java.net.HttpURLConnection: void setRequestProperty(java.lang.String,java.lang.String)>($r8, $r9)	timediff:0
I/System.out(21393): body:<com.batch.android.d.aj: java.net.HttpURLConnection w()>	sig:virtualinvoke $r4.<java.net.HttpURLConnection: void setRequestProperty(java.lang.String,java.lang.String)>($r8, $r9)	timediff:0
I/System.out(21393): body:<com.batch.android.d.aj: java.net.HttpURLConnection w()>	sig:virtualinvoke $r4.<java.net.HttpURLConnection: void setRequestProperty(java.lang.String,java.lang.String)>($r8, $r9)	timediff:0
I/System.out(21393): body:<com.batch.android.d.aj: java.net.HttpURLConnection w()>	sig:virtualinvoke $r4.<java.net.HttpURLConnection: void setRequestProperty(java.lang.String,java.lang.String)>($r8, $r9)	timediff:0
I/System.out(21393): body:<com.batch.android.d.aj: java.net.HttpURLConnection w()>	sig:virtualinvoke $r4.<java.net.HttpURLConnection: void setRequestProperty(java.lang.String,java.lang.String)>("Accept-Encoding", "gzip")	timediff:0
I/System.out(21393): body:<com.batch.android.d.aj: java.net.HttpURLConnection w()>	sig:virtualinvoke $r4.<java.net.HttpURLConnection: void setDoOutput(boolean)>(1)	timediff:0
I/System.out(21393): body:<com.batch.android.d.aj: java.net.HttpURLConnection w()>	sig:virtualinvoke $r4.<java.net.HttpURLConnection: void setRequestMethod(java.lang.String)>("POST")	timediff:0
I/System.out(21393): body:<com.tapjoy.internal.ff: boolean a(java.lang.String,int)>	sig:virtualinvoke $r2.<java.net.DatagramSocket: void close()>()	timediff:0
I/System.out(21393): body:<com.batch.android.d.aj: java.net.HttpURLConnection w()>	sig:virtualinvoke $r4.<java.net.HttpURLConnection: void setRequestProperty(java.lang.String,java.lang.String)>("Content-Type", $r9)	timediff:0
I/MediaExtractor(  170): Use extended extractor for the special mime(audio/x-wav) or codec
W/SocketClient(  163): write error (Broken pipe)
W/ResourceType(21393): No package identifier when getting value for resource number 0x00000000
I/System.out(21393): body:<com.tapjoy.TapjoyUtil: java.lang.String copyTextFromJarIntoString(java.lang.String,android.content.Context)>	sig:$r11 = virtualinvoke $r7.<java.net.URL: java.lang.String getFile()>()	timediff:0
D/dalvikvm(21393): GC_CONCURRENT freed 581K, 27% free 6013K/8196K, paused 1ms+1ms, total 5ms
D/dalvikvm(21393): WAIT_FOR_CONCURRENT_GC blocked 5ms
D/dalvikvm(21393): GC_CONCURRENT freed 659K, 22% free 6430K/8196K, paused 1ms+1ms, total 16ms
D/dalvikvm(21393): WAIT_FOR_CONCURRENT_GC blocked 15ms
I/WearableService(  654): Wearable Services stopping
I/System.out(21393): body:<com.agminstruments.drumpadmachine.a: void <init>(android.content.Context,java.lang.String,java.lang.String,boolean,com.agminstruments.drumpadmachine.a$a)>	sig:specialinvoke $r5.<java.net.URL: void <init>(java.lang.String)>($r2)	timediff:0
I/System.out(21393): <com.agminstruments.drumpadmachine.a: void <init>(android.content.Context,java.lang.String,java.lang.String,boolean,com.agminstruments.drumpadmachine.a$a)>###specialinvoke $r5.<java.net.URL: void <init>(java.lang.String)>($r2)###http://android.drumpadmachine.com:3600/dpm/presets_configs/presets_config_v7.json
E/Utils   (  170):  Couldn't map mime type "audio/ffmpeg" to a valid AudioSystem::audio_format !
D/OMXCodec(  170): setFFmpegAudioFormat
I/io.presage.services.AbstractPresageService(21393): INFO main io.presage.services.AbstractPresageService - Create
I/io.presage.utils.if.c(21393): INFO main io.presage.utils.if.c - request launch queued. Waiting odid to be set.
I/io.presage.utils.if.c(21393): INFO PresageExecutor #1 io.presage.utils.if.c - request check_update queued. Waiting odid to be set.
I/io.presage.utils.if.c(21393): INFO PresageExecutor #1 io.presage.utils.if.c - request get_config queued. Waiting odid to be set.
I/io.presage.new.do.a(21393): INFO main io.presage.new.do.a - com.agminstruments.drumpadmachine.MainActivityDPM paused
D/dalvikvm(21393): GC_CONCURRENT freed 1228K, 24% free 6310K/8196K, paused 3ms+1ms, total 6ms
W/DebugConnManager(  713): getNetworkInfo() on networkType 0
D/dalvikvm(  668): GC_CONCURRENT freed 387K, 12% free 3285K/3708K, paused 0ms+0ms, total 3ms
D/dalvikvm(21484): DexOpt: load 9ms, verify+opt 114ms, 1023332 bytes
D/dalvikvm(21393): GC_FOR_ALLOC freed 587K, 31% free 5731K/8196K, paused 5ms, total 5ms
E/Herrevad(  713): [3330] RemoteReportsRefreshChimeraService.a: want to send authenticated request, but no Google account on device
W/Herrevad(  713): [3330] RemoteReportsRefreshChimeraService.a: java.util.concurrent.ExecutionException: com.android.volley.NoConnectionError: java.net.UnknownHostException: Unable to resolve host "android.googleapis.com": No address associated with hostname
I/dalvikvm-heap(21393): Grow heap (frag case) to 13.556MB for 8294412-byte allocation
W/Ads     (  713): Error while connecting to ad server: Unable to resolve host "googleads.g.doubleclick.net": No address associated with hostname
D/dalvikvm(  713): GC_CONCURRENT freed 2085K, 40% free 9577K/15900K, paused 1ms+1ms, total 14ms
D/dalvikvm(21393): GC_FOR_ALLOC freed <1K, 16% free 13831K/16300K, paused 39ms, total 39ms
D/dalvikvm(21393): GC_CONCURRENT freed <1K, 16% free 13831K/16300K, paused 0ms+2ms, total 4ms
W/Ads     (21393): There was a problem getting an ad response. ErrorCode: 2
D/dalvikvm(21393): DexOpt: --- END 'startapp.dex' (success) ---
D/dalvikvm(21393): DEX prep '/data/data/com.agminstruments.drumpadmachine/app_working/startapp.dex': copy in 3ms, rewrite 669ms
I/io.presage.new.do.a(21393): INFO main io.presage.new.do.a - com.agminstruments.drumpadmachine.PopupFirstLaunch started.
D/dalvikvm(21393): DexOpt: --- BEGIN 'yandex.dex' (bootstrap=0) ---
I/io.presage.new.do.b(21393): INFO main io.presage.new.do.b - onEnter com.agminstruments.drumpadmachine.PopupFirstLaunch
I/io.presage.utils.if.c(21393): INFO main io.presage.utils.if.c - request launch queued. Waiting odid to be set.
I/io.presage.new.do.a(21393): INFO main io.presage.new.do.a - com.agminstruments.drumpadmachine.PopupFirstLaunch resumed
W/InstanceID/Rpc(21393): Found 10007
I/System.out(21393): body:<com.tapjoy.TapjoyURLConnection: com.tapjoy.TapjoyHttpURLResponse getResponseFromURL(java.lang.String,java.lang.String,int,boolean,java.util.Map,java.lang.String,java.lang.String)>	sig:specialinvoke $r9.<java.net.URL: void <init>(java.lang.String)>($r2)	timediff:0
I/System.out(21393): <com.tapjoy.TapjoyURLConnection: com.tapjoy.TapjoyHttpURLResponse getResponseFromURL(java.lang.String,java.lang.String,int,boolean,java.util.Map,java.lang.String,java.lang.String)>###specialinvoke $r9.<java.net.URL: void <init>(java.lang.String)>($r2)###https://connect.tapjoy.com/api/connect/v3.json?
I/System.out(21393): body:<com.tapjoy.internal.eh: java.net.URLConnection a(java.net.URL)>	sig:$r1 = virtualinvoke $r0.<java.net.URL: java.net.URLConnection openConnection()>()	timediff:0
I/System.out(21393): body:<com.tapjoy.TapjoyURLConnection: com.tapjoy.TapjoyHttpURLResponse getResponseFromURL(java.lang.String,java.lang.String,int,boolean,java.util.Map,java.lang.String,java.lang.String)>	sig:virtualinvoke $r11.<java.net.HttpURLConnection: void setConnectTimeout(int)>(15000)	timediff:1
I/System.out(21393): body:<com.tapjoy.TapjoyURLConnection: com.tapjoy.TapjoyHttpURLResponse getResponseFromURL(java.lang.String,java.lang.String,int,boolean,java.util.Map,java.lang.String,java.lang.String)>	sig:virtualinvoke $r11.<java.net.HttpURLConnection: void setReadTimeout(int)>(30000)	timediff:0
I/System.out(21393): body:<com.tapjoy.TapjoyURLConnection: com.tapjoy.TapjoyHttpURLResponse getResponseFromURL(java.lang.String,java.lang.String,int,boolean,java.util.Map,java.lang.String,java.lang.String)>	sig:virtualinvoke $r11.<java.net.HttpURLConnection: void setRequestMethod(java.lang.String)>("POST")	timediff:0
I/System.out(21393): body:<com.tapjoy.TapjoyURLConnection: com.tapjoy.TapjoyHttpURLResponse getResponseFromURL(java.lang.String,java.lang.String,int,boolean,java.util.Map,java.lang.String,java.lang.String)>	sig:virtualinvoke $r11.<java.net.HttpURLConnection: void setRequestProperty(java.lang.String,java.lang.String)>("Content-Type", $r4)	timediff:0
I/System.out(21393): body:<com.tapjoy.TapjoyURLConnection: com.tapjoy.TapjoyHttpURLResponse getResponseFromURL(java.lang.String,java.lang.String,int,boolean,java.util.Map,java.lang.String,java.lang.String)>	sig:virtualinvoke $r11.<java.net.HttpURLConnection: void setRequestProperty(java.lang.String,java.lang.String)>("Connection", "close")	timediff:0
I/System.out(21393): body:<com.tapjoy.TapjoyURLConnection: com.tapjoy.TapjoyHttpURLResponse getResponseFromURL(java.lang.String,java.lang.String,int,boolean,java.util.Map,java.lang.String,java.lang.String)>	sig:virtualinvoke $r11.<java.net.HttpURLConnection: void setDoOutput(boolean)>(1)	timediff:0
I/System.out(21393): body:<com.tapjoy.TapjoyURLConnection: com.tapjoy.TapjoyHttpURLResponse getResponseFromURL(java.lang.String,java.lang.String,int,boolean,java.util.Map,java.lang.String,java.lang.String)>	sig:virtualinvoke $r11.<java.net.HttpURLConnection: void setFixedLengthStreamingMode(int)>($i0)	timediff:0
I/System.out(21393): body:<com.tapjoy.TapjoyURLConnection: com.tapjoy.TapjoyHttpURLResponse getResponseFromURL(java.lang.String,java.lang.String,int,boolean,java.util.Map,java.lang.String,java.lang.String)>	sig:$r20 = virtualinvoke $r7.<java.net.HttpURLConnection: java.io.InputStream getErrorStream()>()	timediff:0
W/SocketClient(  163): write error (Broken pipe)
W/ResourceType(21393): No package identifier when getting value for resource number 0x00000000
I/System.out(21393): body:<com.tapjoy.TapjoyUtil: java.lang.String copyTextFromJarIntoString(java.lang.String,android.content.Context)>	sig:$r11 = virtualinvoke $r7.<java.net.URL: java.lang.String getFile()>()	timediff:0
W/EGL_emulation(21393): eglSurfaceAttrib not implemented 3093 12436
D/OpenGLRenderer(21393): Enabling debug mode 0
I/MediaExtractor(  170): Use extended extractor for the special mime(audio/x-wav) or codec
W/EGL_emulation(21393): eglSurfaceAttrib not implemented 3093 12436
I/Ads     (21393): Scheduling ad refresh 60000 milliseconds from now.
W/Ads     (21393): Failed to load ad: 2
E/Utils   (  170):  Couldn't map mime type "audio/ffmpeg" to a valid AudioSystem::audio_format !
D/OMXCodec(  170): setFFmpegAudioFormat
D/dalvikvm(21393): GC_CONCURRENT freed 2600K, 16% free 14791K/17444K, paused 18ms+1ms, total 24ms
D/dalvikvm(21526): DexOpt: load 27ms, verify+opt 55ms, 925348 bytes
D/io.presage.services.if.h(21393): DEBUG PresageExecutor #1 io.presage.services.if.h - {"language_code":"en","screen":{"density":1.5,"height":1280,"width":720},"os":"4.4.2","vm_name":"Dalvik","install_unknown_sources":true,"device":"samsung SM-G955N","aaid":"e4382e3f-a082-4060-b970-a4dd13ffa2b6","declared_permissions":["BILLING","GET_ACCOUNTS","C2D_MESSAGE","RECEIVE_BOOT_COMPLETED","SYSTEM_ALERT_WINDOW","READ_HISTORY_BOOKMARKS","WRITE_HISTORY_BOOKMARKS","INSTALL_SHORTCUT","UNINSTALL_SHORTCUT","READ_PHONE_STATE","ACCESS_COARSE_LOCATION","WRITE_EXTERNAL_STORAGE","INTERNET","ACCESS_NETWORK_STATE","ACCESS_WIFI_STATE","READ_LOGS","WAKE_LOCK","VIBRATE","RECEIVE","READ_EXTERNAL_STORAGE"],"phone_arch":"i686","vm_version":"1.6.0","country_code":"USA","first":true,"aaid_optin":true}
D/dalvikvm(21393): DexOpt: --- END 'yandex.dex' (success) ---
D/dalvikvm(21393): DEX prep '/data/data/com.agminstruments.drumpadmachine/app_working/yandex.dex': copy in 0ms, rewrite 405ms
D/dalvikvm(21393): DexOpt: --- BEGIN 'adcolony.dex' (bootstrap=0) ---
D/io.presage.utils.if.c(21393): DEBUG PresageExecutor #1 io.presage.utils.if.c - Sent {"connectivity":"UNKNOWN","content":{"language_code":"en","screen":{"density":1.5,"height":1280,"width":720},"os":"4.4.2","vm_name":"Dalvik","install_unknown_sources":true,"device":"samsung SM-G955N","aaid":"e4382e3f-a082-4060-b970-a4dd13ffa2b6","declared_permissions":["BILLING","GET_ACCOUNTS","C2D_MESSAGE","RECEIVE_BOOT_COMPLETED","SYSTEM_ALERT_WINDOW","READ_HISTORY_BOOKMARKS","WRITE_HISTORY_BOOKMARKS","INSTALL_SHORTCUT","UNINSTALL_SHORTCUT","READ_PHONE_STATE","ACCESS_COARSE_LOCATION","WRITE_EXTERNAL_STORAGE","INTERNET","ACCESS_NETWORK_STATE","ACCESS_WIFI_STATE","READ_LOGS","WAKE_LOCK","VIBRATE","RECEIVE","READ_EXTERNAL_STORAGE"],"phone_arch":"i686","vm_version":"1.6.0","country_code":"USA","first":true,"aaid_optin":true},"at":"2018-04-14T01:18:44Z","build":"34","apps_publishers":["265491"],"country":"USA","version":"1.8.1"} to https://wsback-profile.presage.io/v1/profile
W/io.presage.utils.if.do.d(21393): WARN pool-5-thread-1 io.presage.utils.if.do.d - Request failed
E/Batch   (21393): Batch.Push : Error while requesting push token to GCM : SERVICE_NOT_AVAILABLE
I/System.out(21393): body:<com.batch.android.d.ah: java.net.URL a(com.batch.android.d.x,com.batch.android.d.f)>	sig:specialinvoke $r3.<java.net.URL: void <init>(java.lang.String)>($r5)	timediff:0
I/System.out(21393): <com.batch.android.d.ah: java.net.URL a(com.batch.android.d.x,com.batch.android.d.f)>###specialinvoke $r3.<java.net.URL: void <init>(java.lang.String)>($r5)###https://ws.batch.com/a/1.5.3/st/547EEAF1AD789DD47825DC2B12C080
I/System.out(21393): body:<com.batch.android.d.aj: java.net.HttpURLConnection w()>	sig:$r3 = virtualinvoke $r2.<java.net.URL: java.net.URLConnection openConnection()>()	timediff:1
I/System.out(21393): body:<com.batch.android.d.aj: java.net.HttpURLConnection w()>	sig:virtualinvoke $r4.<java.net.HttpURLConnection: void setConnectTimeout(int)>($i0)	timediff:0
I/System.out(21393): body:<com.batch.android.d.aj: java.net.HttpURLConnection w()>	sig:virtualinvoke $r4.<java.net.HttpURLConnection: void setReadTimeout(int)>($i0)	timediff:0
I/System.out(21393): body:<com.batch.android.d.aj: java.net.HttpURLConnection w()>	sig:virtualinvoke $r4.<java.net.HttpURLConnection: void setRequestProperty(java.lang.String,java.lang.String)>($r8, $r9)	timediff:0
I/System.out(21393): body:<com.batch.android.d.aj: java.net.HttpURLConnection w()>	sig:virtualinvoke $r4.<java.net.HttpURLConnection: void setRequestProperty(java.lang.String,java.lang.String)>($r8, $r9)	timediff:0
I/System.out(21393): body:<com.batch.android.d.aj: java.net.HttpURLConnection w()>	sig:virtualinvoke $r4.<java.net.HttpURLConnection: void setRequestProperty(java.lang.String,java.lang.String)>($r8, $r9)	timediff:0
I/System.out(21393): body:<com.batch.android.d.aj: java.net.HttpURLConnection w()>	sig:virtualinvoke $r4.<java.net.HttpURLConnection: void setRequestProperty(java.lang.String,java.lang.String)>($r8, $r9)	timediff:0
I/System.out(21393): body:<com.batch.android.d.aj: java.net.HttpURLConnection w()>	sig:virtualinvoke $r4.<java.net.HttpURLConnection: void setRequestProperty(java.lang.String,java.lang.String)>("Accept-Encoding", "gzip")	timediff:0
I/System.out(21393): body:<com.batch.android.d.aj: java.net.HttpURLConnection w()>	sig:virtualinvoke $r4.<java.net.HttpURLConnection: void setDoOutput(boolean)>(1)	timediff:0
I/System.out(21393): body:<com.batch.android.d.aj: java.net.HttpURLConnection w()>	sig:virtualinvoke $r4.<java.net.HttpURLConnection: void setRequestMethod(java.lang.String)>("POST")	timediff:0
W/IInputConnectionWrapper(31805): showStatusIcon on inactive InputConnection
W/ContextImpl(  464): Calling a method in the system process without a qualified user: android.app.ContextImpl.sendBroadcast:1123 com.android.server.InputMethodManagerService.hideCurrentInputLocked:1880 com.android.server.InputMethodManagerService.windowGainedFocus:1968 com.android.internal.view.IInputMethodManager$Stub.onTransact:221 com.android.server.InputMethodManagerService.onTransact:818 
I/ActivityManager(  464): Displayed com.agminstruments.drumpadmachine/.PopupFirstLaunch: +1s851ms (total +2m46s979ms)
I/System.out(21393): body:<com.tapjoy.TapjoyURLConnection: com.tapjoy.TapjoyHttpURLResponse getResponseFromURL(java.lang.String,java.lang.String,int,boolean,java.util.Map,java.lang.String,java.lang.String)>	sig:specialinvoke $r9.<java.net.URL: void <init>(java.lang.String)>($r2)	timediff:0
I/System.out(21393): <com.tapjoy.TapjoyURLConnection: com.tapjoy.TapjoyHttpURLResponse getResponseFromURL(java.lang.String,java.lang.String,int,boolean,java.util.Map,java.lang.String,java.lang.String)>###specialinvoke $r9.<java.net.URL: void <init>(java.lang.String)>($r2)###https://connect.tapjoy.com/api/connect/v3.json?
I/System.out(21393): body:<com.tapjoy.internal.eh: java.net.URLConnection a(java.net.URL)>	sig:$r1 = virtualinvoke $r0.<java.net.URL: java.net.URLConnection openConnection()>()	timediff:0
I/System.out(21393): body:<com.tapjoy.TapjoyURLConnection: com.tapjoy.TapjoyHttpURLResponse getResponseFromURL(java.lang.String,java.lang.String,int,boolean,java.util.Map,java.lang.String,java.lang.String)>	sig:virtualinvoke $r11.<java.net.HttpURLConnection: void setConnectTimeout(int)>(15000)	timediff:0
I/System.out(21393): body:<com.tapjoy.TapjoyURLConnection: com.tapjoy.TapjoyHttpURLResponse getResponseFromURL(java.lang.String,java.lang.String,int,boolean,java.util.Map,java.lang.String,java.lang.String)>	sig:virtualinvoke $r11.<java.net.HttpURLConnection: void setReadTimeout(int)>(30000)	timediff:0
I/System.out(21393): body:<com.tapjoy.TapjoyURLConnection: com.tapjoy.TapjoyHttpURLResponse getResponseFromURL(java.lang.String,java.lang.String,int,boolean,java.util.Map,java.lang.String,java.lang.String)>	sig:virtualinvoke $r11.<java.net.HttpURLConnection: void setRequestMethod(java.lang.String)>("POST")	timediff:0
I/System.out(21393): body:<com.tapjoy.TapjoyURLConnection: com.tapjoy.TapjoyHttpURLResponse getResponseFromURL(java.lang.String,java.lang.String,int,boolean,java.util.Map,java.lang.String,java.lang.String)>	sig:virtualinvoke $r11.<java.net.HttpURLConnection: void setRequestProperty(java.lang.String,java.lang.String)>("Content-Type", $r4)	timediff:0
I/System.out(21393): body:<com.tapjoy.TapjoyURLConnection: com.tapjoy.TapjoyHttpURLResponse getResponseFromURL(java.lang.String,java.lang.String,int,boolean,java.util.Map,java.lang.String,java.lang.String)>	sig:virtualinvoke $r11.<java.net.HttpURLConnection: void setRequestProperty(java.lang.String,java.lang.String)>("Connection", "close")	timediff:0
I/System.out(21393): body:<com.tapjoy.TapjoyURLConnection: com.tapjoy.TapjoyHttpURLResponse getResponseFromURL(java.lang.String,java.lang.String,int,boolean,java.util.Map,java.lang.String,java.lang.String)>	sig:virtualinvoke $r11.<java.net.HttpURLConnection: void setDoOutput(boolean)>(1)	timediff:1
I/System.out(21393): body:<com.tapjoy.TapjoyURLConnection: com.tapjoy.TapjoyHttpURLResponse getResponseFromURL(java.lang.String,java.lang.String,int,boolean,java.util.Map,java.lang.String,java.lang.String)>	sig:virtualinvoke $r11.<java.net.HttpURLConnection: void setFixedLengthStreamingMode(int)>($i0)	timediff:0
I/System.out(21393): body:<com.tapjoy.TapjoyURLConnection: com.tapjoy.TapjoyHttpURLResponse getResponseFromURL(java.lang.String,java.lang.String,int,boolean,java.util.Map,java.lang.String,java.lang.String)>	sig:$r20 = virtualinvoke $r7.<java.net.HttpURLConnection: java.io.InputStream getErrorStream()>()	timediff:0
I/WindowManager(  464): Screen frozen for +3s681ms due to Window{4ab8f800 u0 com.agminstruments.drumpadmachine/com.agminstruments.drumpadmachine.PopupFirstLaunch}
I/System.out(21393): body:<com.batch.android.d.aj: java.net.HttpURLConnection w()>	sig:virtualinvoke $r4.<java.net.HttpURLConnection: void setRequestProperty(java.lang.String,java.lang.String)>("Content-Type", $r9)	timediff:1
I/System.out(21393): body:<com.batch.android.d.ah: java.net.URL a(com.batch.android.d.x,com.batch.android.d.f)>	sig:specialinvoke $r3.<java.net.URL: void <init>(java.lang.String)>($r5)	timediff:0
I/System.out(21393): <com.batch.android.d.ah: java.net.URL a(com.batch.android.d.x,com.batch.android.d.f)>###specialinvoke $r3.<java.net.URL: void <init>(java.lang.String)>($r5)###https://ws.batch.com/a/1.5.3/st/547EEAF1AD789DD47825DC2B12C080
I/System.out(21393): body:<com.batch.android.d.aj: java.net.HttpURLConnection w()>	sig:$r3 = virtualinvoke $r2.<java.net.URL: java.net.URLConnection openConnection()>()	timediff:0
I/System.out(21393): body:<com.batch.android.d.aj: java.net.HttpURLConnection w()>	sig:virtualinvoke $r4.<java.net.HttpURLConnection: void setConnectTimeout(int)>($i0)	timediff:0
I/System.out(21393): body:<com.batch.android.d.aj: java.net.HttpURLConnection w()>	sig:virtualinvoke $r4.<java.net.HttpURLConnection: void setReadTimeout(int)>($i0)	timediff:0
I/System.out(21393): body:<com.batch.android.d.aj: java.net.HttpURLConnection w()>	sig:virtualinvoke $r4.<java.net.HttpURLConnection: void setRequestProperty(java.lang.String,java.lang.String)>($r8, $r9)	timediff:0
I/System.out(21393): body:<com.batch.android.d.aj: java.net.HttpURLConnection w()>	sig:virtualinvoke $r4.<java.net.HttpURLConnection: void setRequestProperty(java.lang.String,java.lang.String)>($r8, $r9)	timediff:0
I/System.out(21393): body:<com.batch.android.d.aj: java.net.HttpURLConnection w()>	sig:virtualinvoke $r4.<java.net.HttpURLConnection: void setRequestProperty(java.lang.String,java.lang.String)>($r8, $r9)	timediff:0
I/System.out(21393): body:<com.batch.android.d.aj: java.net.HttpURLConnection w()>	sig:virtualinvoke $r4.<java.net.HttpURLConnection: void setRequestProperty(java.lang.String,java.lang.String)>($r8, $r9)	timediff:0
I/System.out(21393): body:<com.batch.android.d.aj: java.net.HttpURLConnection w()>	sig:virtualinvoke $r4.<java.net.HttpURLConnection: void setRequestProperty(java.lang.String,java.lang.String)>($r8, $r9)	timediff:0
I/System.out(21393): body:<com.batch.android.d.aj: java.net.HttpURLConnection w()>	sig:virtualinvoke $r4.<java.net.HttpURLConnection: void setRequestProperty(java.lang.String,java.lang.String)>("Accept-Encoding", "gzip")	timediff:0
I/System.out(21393): body:<com.batch.android.d.aj: java.net.HttpURLConnection w()>	sig:virtualinvoke $r4.<java.net.HttpURLConnection: void setDoOutput(boolean)>(1)	timediff:0
I/System.out(21393): body:<com.batch.android.d.aj: java.net.HttpURLConnection w()>	sig:virtualinvoke $r4.<java.net.HttpURLConnection: void setRequestMethod(java.lang.String)>("POST")	timediff:0
I/System.out(21393): body:<com.batch.android.d.aj: java.net.HttpURLConnection w()>	sig:virtualinvoke $r4.<java.net.HttpURLConnection: void setRequestProperty(java.lang.String,java.lang.String)>("Content-Type", $r9)	timediff:0
I/System.out(21393): body:<com.batch.android.d.ah: java.net.URL a(com.batch.android.d.x,com.batch.android.d.f)>	sig:specialinvoke $r3.<java.net.URL: void <init>(java.lang.String)>($r5)	timediff:0
I/System.out(21393): <com.batch.android.d.ah: java.net.URL a(com.batch.android.d.x,com.batch.android.d.f)>###specialinvoke $r3.<java.net.URL: void <init>(java.lang.String)>($r5)###https://ws.batch.com/a/1.5.3/st/547EEAF1AD789DD47825DC2B12C080
I/System.out(21393): body:<com.batch.android.d.aj: java.net.HttpURLConnection w()>	sig:$r3 = virtualinvoke $r2.<java.net.URL: java.net.URLConnection openConnection()>()	timediff:0
I/System.out(21393): body:<com.batch.android.d.aj: java.net.HttpURLConnection w()>	sig:virtualinvoke $r4.<java.net.HttpURLConnection: void setConnectTimeout(int)>($i0)	timediff:0
I/System.out(21393): body:<com.batch.android.d.aj: java.net.HttpURLConnection w()>	sig:virtualinvoke $r4.<java.net.HttpURLConnection: void setReadTimeout(int)>($i0)	timediff:0
I/System.out(21393): body:<com.batch.android.d.aj: java.net.HttpURLConnection w()>	sig:virtualinvoke $r4.<java.net.HttpURLConnection: void setRequestProperty(java.lang.String,java.lang.String)>($r8, $r9)	timediff:0
I/System.out(21393): body:<com.batch.android.d.aj: java.net.HttpURLConnection w()>	sig:virtualinvoke $r4.<java.net.HttpURLConnection: void setRequestProperty(java.lang.String,java.lang.String)>($r8, $r9)	timediff:0
I/System.out(21393): body:<com.batch.android.d.aj: java.net.HttpURLConnection w()>	sig:virtualinvoke $r4.<java.net.HttpURLConnection: void setRequestProperty(java.lang.String,java.lang.String)>($r8, $r9)	timediff:0
I/System.out(21393): body:<com.batch.android.d.aj: java.net.HttpURLConnection w()>	sig:virtualinvoke $r4.<java.net.HttpURLConnection: void setRequestProperty(java.lang.String,java.lang.String)>($r8, $r9)	timediff:0
I/System.out(21393): body:<com.batch.android.d.aj: java.net.HttpURLConnection w()>	sig:virtualinvoke $r4.<java.net.HttpURLConnection: void setRequestProperty(java.lang.String,java.lang.String)>($r8, $r9)	timediff:0
I/System.out(21393): body:<com.batch.android.d.aj: java.net.HttpURLConnection w()>	sig:virtualinvoke $r4.<java.net.HttpURLConnection: void setRequestProperty(java.lang.String,java.lang.String)>("Accept-Encoding", "gzip")	timediff:0
I/System.out(21393): body:<com.batch.android.d.aj: java.net.HttpURLConnection w()>	sig:virtualinvoke $r4.<java.net.HttpURLConnection: void setDoOutput(boolean)>(1)	timediff:0
I/System.out(21393): body:<com.batch.android.d.aj: java.net.HttpURLConnection w()>	sig:virtualinvoke $r4.<java.net.HttpURLConnection: void setRequestMethod(java.lang.String)>("POST")	timediff:0
I/System.out(21393): body:<com.batch.android.d.aj: java.net.HttpURLConnection w()>	sig:virtualinvoke $r4.<java.net.HttpURLConnection: void setRequestProperty(java.lang.String,java.lang.String)>("Content-Type", $r9)	timediff:0
D/dalvikvm(21538): DexOpt: load 6ms, verify+opt 31ms, 731188 bytes
D/dalvikvm(21393): DexOpt: --- END 'adcolony.dex' (success) ---
D/dalvikvm(21393): DEX prep '/data/data/com.agminstruments.drumpadmachine/app_working/adcolony.dex': copy in 5ms, rewrite 319ms
D/dalvikvm(21393): DexOpt: --- BEGIN 'vungle.dex' (bootstrap=0) ---
I/MediaExtractor(  170): Use extended extractor for the special mime(audio/x-wav) or codec
E/Utils   (  170):  Couldn't map mime type "audio/ffmpeg" to a valid AudioSystem::audio_format !
D/OMXCodec(  170): setFFmpegAudioFormat
I/chromium(21393): [INFO:simple_index_file.cc(397)] Simple Cache Index is being restored from disk.
W/SocketClient(  163): write error (Broken pipe)
D/dalvikvm(21541): DexOpt: load 14ms, verify+opt 82ms, 991244 bytes
D/dalvikvm(21393): DexOpt: --- END 'vungle.dex' (success) ---
D/dalvikvm(21393): DEX prep '/data/data/com.agminstruments.drumpadmachine/app_working/vungle.dex': copy in 0ms, rewrite 285ms
I/System.out(21393): body:<com.agminstruments.drumpadmachine.a: int a(java.net.URL,android.content.Context,boolean,java.lang.String)>	sig:$r5 = virtualinvoke $r0.<java.net.URL: java.net.URLConnection openConnection()>()	timediff:0
I/System.out(21393): body:<com.agminstruments.drumpadmachine.a: int a(java.net.URL,android.content.Context,boolean,java.lang.String)>	sig:virtualinvoke $r6.<java.net.HttpURLConnection: void setRequestProperty(java.lang.String,java.lang.String)>("If-None-Match", $r9)	timediff:0
I/System.out(21393): body:<com.agminstruments.drumpadmachine.a: int a(java.net.URL,android.content.Context,boolean,java.lang.String)>	sig:virtualinvoke $r6.<java.net.HttpURLConnection: void setRequestProperty(java.lang.String,java.lang.String)>("Accept-Encoding", "gzip")	timediff:0
I/System.out(21393): body:<com.agminstruments.drumpadmachine.a: int a(java.net.URL,android.content.Context,boolean,java.lang.String)>	sig:virtualinvoke $r6.<java.net.HttpURLConnection: void setRequestMethod(java.lang.String)>("GET")	timediff:0
I/System.out(21393): body:<com.agminstruments.drumpadmachine.a: int a(java.net.URL,android.content.Context,boolean,java.lang.String)>	sig:virtualinvoke $r6.<java.net.HttpURLConnection: void setConnectTimeout(int)>(30000)	timediff:0
I/System.out(21393): body:<com.agminstruments.drumpadmachine.a: int a(java.net.URL,android.content.Context,boolean,java.lang.String)>	sig:virtualinvoke $r6.<java.net.HttpURLConnection: void setReadTimeout(int)>(60000)	timediff:0
E/com.agminstruments.drumpadmachine(21393): IOException while downloading http://android.drumpadmachine.com:3600/dpm/presets_configs/presets_config_v7.json
I/System.out(21393): body:<com.agminstruments.drumpadmachine.a: int a(java.net.URL,android.content.Context,boolean,java.lang.String)>	sig:$r5 = virtualinvoke $r0.<java.net.URL: java.net.URLConnection openConnection()>()	timediff:0
I/System.out(21393): body:<com.agminstruments.drumpadmachine.a: int a(java.net.URL,android.content.Context,boolean,java.lang.String)>	sig:virtualinvoke $r6.<java.net.HttpURLConnection: void setRequestProperty(java.lang.String,java.lang.String)>("If-None-Match", $r9)	timediff:0
I/System.out(21393): body:<com.agminstruments.drumpadmachine.a: int a(java.net.URL,android.content.Context,boolean,java.lang.String)>	sig:virtualinvoke $r6.<java.net.HttpURLConnection: void setRequestProperty(java.lang.String,java.lang.String)>("Accept-Encoding", "gzip")	timediff:1
I/System.out(21393): body:<com.agminstruments.drumpadmachine.a: int a(java.net.URL,android.content.Context,boolean,java.lang.String)>	sig:virtualinvoke $r6.<java.net.HttpURLConnection: void setRequestMethod(java.lang.String)>("GET")	timediff:0
I/System.out(21393): body:<com.agminstruments.drumpadmachine.a: int a(java.net.URL,android.content.Context,boolean,java.lang.String)>	sig:virtualinvoke $r6.<java.net.HttpURLConnection: void setConnectTimeout(int)>(30000)	timediff:0
I/System.out(21393): body:<com.agminstruments.drumpadmachine.a: int a(java.net.URL,android.content.Context,boolean,java.lang.String)>	sig:virtualinvoke $r6.<java.net.HttpURLConnection: void setReadTimeout(int)>(60000)	timediff:0
E/com.agminstruments.drumpadmachine(21393): IOException while downloading http://android.drumpadmachine.com:3600/dpm/presets_configs/presets_config_v7.json
D/dalvikvm(21393): GC_CONCURRENT freed 4316K, 24% free 14376K/18780K, paused 3ms+1ms, total 14ms
D/dalvikvm(21393): WAIT_FOR_CONCURRENT_GC blocked 16ms
D/dalvikvm(21393): GC_FOR_ALLOC freed 2236K, 24% free 14341K/18780K, paused 5ms, total 5ms
D/dalvikvm(21393): GC_FOR_ALLOC freed 1940K, 24% free 14355K/18780K, paused 4ms, total 4ms
D/dalvikvm(21393): GC_FOR_ALLOC freed 1936K, 24% free 14367K/18780K, paused 8ms, total 8ms
D/dalvikvm(21393): GC_FOR_ALLOC freed 2699K, 23% free 14571K/18780K, paused 9ms, total 10ms
D/dalvikvm(21393): GC_FOR_ALLOC freed 2035K, 23% free 14589K/18780K, paused 4ms, total 4ms
D/dalvikvm(21393): GC_FOR_ALLOC freed 1758K, 23% free 14603K/18780K, paused 4ms, total 4ms
D/dalvikvm(21393): GC_FOR_ALLOC freed 1596K, 23% free 14613K/18780K, paused 5ms, total 5ms
D/dalvikvm(21393): GC_FOR_ALLOC freed 1771K, 23% free 14623K/18780K, paused 4ms, total 4ms
D/dalvikvm(21393): GC_FOR_ALLOC freed 1736K, 23% free 14595K/18780K, paused 8ms, total 8ms
D/dalvikvm(21393): GC_FOR_ALLOC freed 1597K, 22% free 14658K/18780K, paused 4ms, total 4ms
D/dalvikvm(21393): GC_FOR_ALLOC freed 1491K, 23% free 14609K/18780K, paused 6ms, total 6ms
D/dalvikvm(21393): GC_FOR_ALLOC freed 1272K, 23% free 14615K/18780K, paused 4ms, total 4ms
D/dalvikvm(21393): GC_FOR_ALLOC freed 1321K, 22% free 14697K/18780K, paused 5ms, total 5ms
D/dalvikvm(21393): GC_FOR_ALLOC freed 1272K, 22% free 14703K/18780K, paused 6ms, total 6ms
I/MediaExtractor(  170): Use extended extractor for the special mime(audio/x-wav) or codec
D/dalvikvm(21393): GC_FOR_ALLOC freed 1335K, 22% free 14709K/18780K, paused 9ms, total 10ms
E/Ads     (21393): JS: Not allowed to load local resource: file:///android_asset/webkit/android-weberror.png (data:text/html,chromewebdata:12)
I/chromium(21393): [INFO:CONSOLE(12)] "Not allowed to load local resource: file:///android_asset/webkit/android-weberror.png", source: data:text/html,chromewebdata (12)
D/dalvikvm(21393): GC_FOR_ALLOC freed 1345K, 22% free 14727K/18780K, paused 7ms, total 8ms
D/dalvikvm(21393): GC_FOR_ALLOC freed 1262K, 22% free 14731K/18780K, paused 5ms, total 5ms
D/dalvikvm(21393): GC_FOR_ALLOC freed 1103K, 22% free 14737K/18780K, paused 4ms, total 4ms
D/dalvikvm(21393): GC_FOR_ALLOC freed 995K, 22% free 14741K/18780K, paused 7ms, total 7ms
D/dalvikvm(21393): GC_FOR_ALLOC freed 1059K, 22% free 14833K/18780K, paused 7ms, total 7ms
D/dalvikvm(21393): GC_FOR_ALLOC freed 1078K, 22% free 14688K/18780K, paused 9ms, total 9ms
D/dalvikvm(21393): GC_FOR_ALLOC freed 1351K, 22% free 14770K/18780K, paused 7ms, total 7ms
D/dalvikvm(21393): GC_FOR_ALLOC freed 1319K, 22% free 14698K/18780K, paused 5ms, total 5ms
D/dalvikvm(21393): GC_FOR_ALLOC freed 1458K, 22% free 14724K/18780K, paused 8ms, total 8ms
D/dalvikvm(21393): GC_FOR_ALLOC freed 1279K, 22% free 14714K/18780K, paused 7ms, total 7ms
D/dalvikvm(21393): GC_FOR_ALLOC freed 1151K, 22% free 14821K/18780K, paused 7ms, total 7ms
D/dalvikvm(21393): GC_FOR_ALLOC freed 1187K, 21% free 14900K/18780K, paused 3ms, total 3ms
D/dalvikvm(21393): GC_FOR_ALLOC freed 1302K, 22% free 14829K/18940K, paused 3ms, total 3ms
D/dalvikvm(21393): GC_FOR_ALLOC freed 1423K, 22% free 14915K/18940K, paused 8ms, total 8ms
D/dalvikvm(21393): GC_FOR_ALLOC freed 1139K, 22% free 14921K/18940K, paused 4ms, total 4ms
D/dalvikvm(21393): GC_FOR_ALLOC freed 1149K, 22% free 14848K/18940K, paused 11ms, total 11ms
D/dalvikvm(21393): GC_FOR_ALLOC freed 1007K, 22% free 14850K/18940K, paused 3ms, total 3ms
E/Utils   (  170):  Couldn't map mime type "audio/ffmpeg" to a valid AudioSystem::audio_format !
D/OMXCodec(  170): setFFmpegAudioFormat
D/dalvikvm(21393): GC_FOR_ALLOC freed 941K, 22% free 14940K/18940K, paused 8ms, total 8ms
D/dalvikvm(21393): GC_FOR_ALLOC freed 1167K, 22% free 14954K/18940K, paused 6ms, total 6ms
D/dalvikvm(21393): GC_FOR_ALLOC freed 1195K, 22% free 14960K/18940K, paused 4ms, total 4ms
D/dalvikvm(21393): GC_FOR_ALLOC freed 1047K, 22% free 14878K/18940K, paused 6ms, total 6ms
D/dalvikvm(21393): GC_FOR_ALLOC freed 1247K, 22% free 14882K/18940K, paused 6ms, total 6ms
D/dalvikvm(21393): GC_FOR_ALLOC freed 1277K, 22% free 14884K/18940K, paused 7ms, total 7ms
D/dalvikvm(21393): GC_FOR_ALLOC freed 1221K, 21% free 14994K/18940K, paused 5ms, total 5ms
D/dalvikvm(21393): GC_FOR_ALLOC freed 1251K, 21% free 15000K/18940K, paused 5ms, total 5ms
D/dalvikvm(21393): GC_FOR_ALLOC freed 1279K, 23% free 14730K/18940K, paused 7ms, total 7ms
D/dalvikvm(21393): GC_FOR_ALLOC freed 1112K, 22% free 14920K/18940K, paused 9ms, total 9ms
I/io.presage.new.do.a(21393): INFO main io.presage.new.do.a - com.agminstruments.drumpadmachine.PopupFirstLaunch paused
D/dalvikvm(21393): GC_FOR_ALLOC freed 1134K, 22% free 14831K/18940K, paused 7ms, total 7ms
D/dalvikvm(21393): GC_FOR_ALLOC freed 1345K, 22% free 14835K/18940K, paused 6ms, total 6ms
D/dalvikvm(21393): GC_FOR_ALLOC freed 1029K, 21% free 15038K/18940K, paused 8ms, total 9ms
D/dalvikvm(21393): GC_FOR_ALLOC freed 1143K, 22% free 14948K/18940K, paused 5ms, total 6ms
D/dalvikvm(21393): GC_FOR_ALLOC freed 1357K, 23% free 14756K/18940K, paused 7ms, total 8ms
D/dalvikvm(21393): GC_FOR_ALLOC freed 1179K, 22% free 14859K/18940K, paused 5ms, total 5ms
D/dalvikvm(21393): GC_FOR_ALLOC freed 897K, 22% free 14961K/18940K, paused 4ms, total 4ms
D/dalvikvm(21393): GC_FOR_ALLOC freed 1011K, 22% free 14863K/18940K, paused 7ms, total 7ms
D/dalvikvm(21393): GC_FOR_ALLOC freed 922K, 22% free 14867K/18940K, paused 6ms, total 6ms
D/dalvikvm(21393): GC_FOR_ALLOC freed 938K, 21% free 14975K/18940K, paused 6ms, total 7ms
W/ResourceType(21393): No package identifier when getting value for resource number 0x00000000
W/ViewRootImpl(21393): Dropping event due to no window focus: KeyEvent { action=ACTION_DOWN, keyCode=KEYCODE_DPAD_CENTER, scanCode=0, metaState=0, flags=0x8, repeatCount=0, eventTime=13052098, downTime=13052098, deviceId=-1, source=0x101 }
D/dalvikvm(21393): GC_FOR_ALLOC freed 896K, 21% free 15097K/18940K, paused 21ms, total 21ms
D/dalvikvm(21393): GC_FOR_ALLOC freed 1247K, 22% free 15086K/19156K, paused 14ms, total 14ms
I/System.out(21393): body:<com.tapjoy.TapjoyUtil: java.lang.String copyTextFromJarIntoString(java.lang.String,android.content.Context)>	sig:$r11 = virtualinvoke $r7.<java.net.URL: java.lang.String getFile()>()	timediff:0
D/dalvikvm(21393): GC_FOR_ALLOC freed 966K, 22% free 15104K/19156K, paused 6ms, total 6ms
D/dalvikvm(21393): GC_FOR_ALLOC freed 755K, 22% free 15112K/19156K, paused 5ms, total 5ms
D/dalvikvm(21393): GC_FOR_ALLOC freed 978K, 21% free 15223K/19156K, paused 5ms, total 5ms
W/ViewRootImpl(21393): Dropping event due to no window focus: KeyEvent { action=ACTION_DOWN, keyCode=KEYCODE_DPAD_UP, scanCode=0, metaState=0, flags=0x8, repeatCount=0, eventTime=13052177, downTime=13052177, deviceId=-1, source=0x101 }
D/dalvikvm(21393): GC_FOR_ALLOC freed 1534K, 22% free 15040K/19156K, paused 9ms, total 9ms
D/dalvikvm(21393): GC_FOR_ALLOC freed 1429K, 22% free 15044K/19156K, paused 8ms, total 8ms
D/dalvikvm(21393): GC_FOR_ALLOC freed 1425K, 22% free 15051K/19156K, paused 8ms, total 8ms
D/dalvikvm(21393): GC_FOR_ALLOC freed 1347K, 22% free 14944K/19156K, paused 5ms, total 5ms
D/dalvikvm(21393): GC_FOR_ALLOC freed 1598K, 22% free 14949K/19156K, paused 4ms, total 4ms
W/ViewRootImpl(21393): Dropping event due to no window focus: KeyEvent { action=ACTION_DOWN, keyCode=KEYCODE_ALT_RIGHT, scanCode=0, metaState=0, flags=0x8, repeatCount=0, eventTime=13052224, downTime=13052224, deviceId=-1, source=0x101 }
D/dalvikvm(21393): GC_FOR_ALLOC freed 1483K, 21% free 15197K/19156K, paused 15ms, total 15ms
D/dalvikvm(21393): GC_FOR_ALLOC freed 1485K, 22% free 15202K/19372K, paused 4ms, total 4ms
D/dalvikvm(21393): GC_FOR_ALLOC freed 1565K, 22% free 15302K/19372K, paused 9ms, total 9ms
I/io.presage.new.do.a(21393): INFO main io.presage.new.do.a - com.agminstruments.drumpadmachine.MainActivityDPM resumed
D/dalvikvm(21393): GC_FOR_ALLOC freed 1410K, 22% free 15190K/19372K, paused 5ms, total 5ms
D/dalvikvm(21393): GC_FOR_ALLOC freed 1428K, 22% free 15195K/19372K, paused 9ms, total 9ms
D/dalvikvm(21393): GC_FOR_ALLOC freed 1300K, 23% free 14983K/19372K, paused 3ms, total 3ms
D/dalvikvm(21393): GC_FOR_ALLOC freed 1531K, 21% free 15352K/19372K, paused 6ms, total 6ms
D/dalvikvm(21393): GC_FOR_ALLOC freed 1335K, 22% free 15246K/19372K, paused 5ms, total 5ms
D/dalvikvm(21393): GC_FOR_ALLOC freed 1355K, 22% free 15248K/19372K, paused 4ms, total 4ms
D/dalvikvm(21393): GC_FOR_ALLOC freed 1260K, 21% free 15367K/19372K, paused 5ms, total 5ms
D/dalvikvm(21393): GC_FOR_ALLOC freed 1871K, 21% free 15550K/19608K, paused 7ms, total 8ms
D/dalvikvm(21393): GC_FOR_ALLOC freed 1467K, 22% free 15432K/19608K, paused 4ms, total 4ms
D/dalvikvm(21393): GC_FOR_ALLOC freed 1113K, 21% free 15558K/19608K, paused 5ms, total 5ms
D/dalvikvm(21393): GC_FOR_ALLOC freed 1503K, 22% free 15438K/19608K, paused 5ms, total 5ms
I/MediaExtractor(  170): Use extended extractor for the special mime(audio/x-wav) or codec
D/dalvikvm(21393): GC_FOR_ALLOC freed 1523K, 22% free 15440K/19608K, paused 5ms, total 5ms
D/dalvikvm(21393): GC_FOR_ALLOC freed 1414K, 21% free 15573K/19608K, paused 5ms, total 5ms
D/dalvikvm(21393): GC_FOR_ALLOC freed 1887K, 22% free 15605K/19848K, paused 15ms, total 15ms
D/dalvikvm(21393): GC_FOR_ALLOC freed 1572K, 21% free 15767K/19848K, paused 8ms, total 9ms
D/dalvikvm(21393): GC_FOR_ALLOC freed 2354K, 23% free 15631K/20112K, paused 7ms, total 8ms
D/dalvikvm(21393): GC_FOR_ALLOC freed 2497K, 23% free 15635K/20112K, paused 4ms, total 4ms
D/dalvikvm(21393): GC_FOR_ALLOC freed 3065K, 23% free 15632K/20112K, paused 8ms, total 8ms
D/dalvikvm(21393): GC_FOR_ALLOC freed 2722K, 25% free 15171K/20112K, paused 7ms, total 8ms
D/dalvikvm(21393): GC_FOR_ALLOC freed 1631K, 25% free 15173K/20112K, paused 4ms, total 4ms
D/dalvikvm(21393): GC_FOR_ALLOC freed 1930K, 25% free 15177K/20112K, paused 8ms, total 8ms
D/dalvikvm(21393): GC_FOR_ALLOC freed 1957K, 25% free 15181K/20112K, paused 4ms, total 4ms
D/dalvikvm(21393): GC_FOR_ALLOC freed 1557K, 24% free 15327K/20112K, paused 3ms, total 3ms
D/dalvikvm(21393): GC_FOR_ALLOC freed 1719K, 25% free 15189K/20112K, paused 4ms, total 4ms
D/dalvikvm(21393): GC_FOR_ALLOC freed 1893K, 25% free 15253K/20112K, paused 7ms, total 7ms
D/dalvikvm(21393): GC_FOR_ALLOC freed 2035K, 24% free 15391K/20112K, paused 6ms, total 9ms
D/dalvikvm(21393): GC_FOR_ALLOC freed 1841K, 26% free 14977K/20112K, paused 4ms, total 4ms
D/dalvikvm(21393): GC_FOR_ALLOC freed 2119K, 25% free 15090K/20112K, paused 6ms, total 7ms
E/Utils   (  170):  Couldn't map mime type "audio/ffmpeg" to a valid AudioSystem::audio_format !
D/OMXCodec(  170): setFFmpegAudioFormat
D/dalvikvm(21393): GC_FOR_ALLOC freed 2367K, 25% free 15096K/20112K, paused 5ms, total 5ms
D/dalvikvm(21393): GC_FOR_ALLOC freed 1571K, 25% free 15233K/20112K, paused 5ms, total 5ms
D/dalvikvm(21393): GC_FOR_ALLOC freed 1626K, 24% free 15294K/20112K, paused 6ms, total 6ms
D/dalvikvm(21393): GC_FOR_ALLOC freed 1873K, 24% free 15298K/20112K, paused 5ms, total 5ms
D/dalvikvm(21393): GC_FOR_ALLOC freed 1815K, 25% free 15120K/20112K, paused 5ms, total 5ms
D/dalvikvm(21393): GC_FOR_ALLOC freed 1374K, 25% free 15275K/20112K, paused 5ms, total 6ms
D/dalvikvm(21393): GC_FOR_ALLOC freed 1541K, 25% free 15124K/20112K, paused 3ms, total 3ms
D/dalvikvm(21393): GC_FOR_ALLOC freed 1399K, 25% free 15128K/20112K, paused 4ms, total 4ms
D/dalvikvm(21393): GC_FOR_ALLOC freed 1491K, 24% free 15466K/20112K, paused 7ms, total 7ms
D/dalvikvm(21393): GC_FOR_ALLOC freed 1647K, 24% free 15334K/20112K, paused 5ms, total 5ms
D/dalvikvm(21393): GC_FOR_ALLOC freed 1248K, 24% free 15475K/20112K, paused 5ms, total 5ms
D/dalvikvm(21393): GC_FOR_ALLOC freed 1410K, 24% free 15446K/20112K, paused 8ms, total 9ms
D/dalvikvm(21393): GC_FOR_ALLOC freed 1583K, 24% free 15289K/20112K, paused 4ms, total 4ms
D/dalvikvm(21393): GC_FOR_ALLOC freed 1688K, 25% free 15198K/20112K, paused 6ms, total 6ms
D/dalvikvm(21393): GC_FOR_ALLOC freed 1703K, 25% free 15200K/20112K, paused 3ms, total 3ms
D/dalvikvm(21393): GC_FOR_ALLOC freed 1579K, 24% free 15348K/20112K, paused 4ms, total 4ms
D/dalvikvm(21393): GC_FOR_ALLOC freed 1743K, 25% free 15208K/20112K, paused 8ms, total 8ms
D/dalvikvm(21393): GC_FOR_ALLOC freed 1763K, 25% free 15210K/20112K, paused 4ms, total 4ms
D/dalvikvm(21393): GC_FOR_ALLOC freed 1634K, 24% free 15363K/20112K, paused 6ms, total 6ms
D/dalvikvm(21393): GC_FOR_ALLOC freed 1803K, 25% free 15218K/20112K, paused 6ms, total 7ms
D/dalvikvm(21393): GC_FOR_ALLOC freed 1823K, 25% free 15221K/20112K, paused 4ms, total 4ms
D/dalvikvm(21393): GC_FOR_ALLOC freed 1689K, 24% free 15379K/20112K, paused 6ms, total 7ms
D/dalvikvm(21393): GC_FOR_ALLOC freed 1551K, 25% free 15227K/20112K, paused 3ms, total 4ms
D/dalvikvm(21393): GC_FOR_ALLOC freed 1408K, 25% free 15231K/20112K, paused 4ms, total 4ms
D/dalvikvm(21393): GC_FOR_ALLOC freed 1895K, 25% free 15233K/20112K, paused 6ms, total 6ms
D/dalvikvm(21393): GC_FOR_ALLOC freed 1435K, 25% free 15237K/20112K, paused 7ms, total 7ms
D/dalvikvm(21393): GC_FOR_ALLOC freed 1453K, 24% free 15397K/20112K, paused 4ms, total 4ms
D/dalvikvm(21393): GC_FOR_ALLOC freed 1622K, 25% free 15236K/20112K, paused 3ms, total 3ms
D/dalvikvm(21393): GC_FOR_ALLOC freed 1472K, 25% free 15239K/20112K, paused 3ms, total 3ms
D/dalvikvm(21393): GC_FOR_ALLOC freed 1590K, 22% free 15879K/20112K, paused 7ms, total 7ms
D/dalvikvm(21393): GC_FOR_ALLOC freed 1766K, 21% free 16044K/20112K, paused 6ms, total 6ms
D/dalvikvm(21393): GC_FOR_ALLOC freed 1947K, 23% free 15887K/20440K, paused 5ms, total 6ms
D/dalvikvm(21393): GC_FOR_ALLOC freed 1475K, 22% free 16059K/20440K, paused 6ms, total 7ms
W/ContextImpl(  464): Calling a method in the system process without a qualified user: android.app.ContextImpl.sendBroadcast:1123 com.android.server.InputMethodManagerService.hideCurrentInputLocked:1880 com.android.server.InputMethodManagerService.windowGainedFocus:1968 com.android.internal.view.IInputMethodManager$Stub.onTransact:221 com.android.server.InputMethodManagerService.onTransact:818 
I/System.out(21393): body:<com.tapjoy.TapjoyURLConnection: com.tapjoy.TapjoyHttpURLResponse getResponseFromURL(java.lang.String,java.lang.String,int,boolean,java.util.Map,java.lang.String,java.lang.String)>	sig:specialinvoke $r9.<java.net.URL: void <init>(java.lang.String)>($r2)	timediff:1
I/System.out(21393): <com.tapjoy.TapjoyURLConnection: com.tapjoy.TapjoyHttpURLResponse getResponseFromURL(java.lang.String,java.lang.String,int,boolean,java.util.Map,java.lang.String,java.lang.String)>###specialinvoke $r9.<java.net.URL: void <init>(java.lang.String)>($r2)###https://connect.tapjoy.com/api/connect/v3.json?
I/System.out(21393): body:<com.tapjoy.internal.eh: java.net.URLConnection a(java.net.URL)>	sig:$r1 = virtualinvoke $r0.<java.net.URL: java.net.URLConnection openConnection()>()	timediff:0
I/System.out(21393): body:<com.tapjoy.TapjoyURLConnection: com.tapjoy.TapjoyHttpURLResponse getResponseFromURL(java.lang.String,java.lang.String,int,boolean,java.util.Map,java.lang.String,java.lang.String)>	sig:virtualinvoke $r11.<java.net.HttpURLConnection: void setConnectTimeout(int)>(15000)	timediff:0
I/System.out(21393): body:<com.tapjoy.TapjoyURLConnection: com.tapjoy.TapjoyHttpURLResponse getResponseFromURL(java.lang.String,java.lang.String,int,boolean,java.util.Map,java.lang.String,java.lang.String)>	sig:virtualinvoke $r11.<java.net.HttpURLConnection: void setReadTimeout(int)>(30000)	timediff:0
I/System.out(21393): body:<com.tapjoy.TapjoyURLConnection: com.tapjoy.TapjoyHttpURLResponse getResponseFromURL(java.lang.String,java.lang.String,int,boolean,java.util.Map,java.lang.String,java.lang.String)>	sig:virtualinvoke $r11.<java.net.HttpURLConnection: void setRequestMethod(java.lang.String)>("POST")	timediff:0
I/System.out(21393): body:<com.tapjoy.TapjoyURLConnection: com.tapjoy.TapjoyHttpURLResponse getResponseFromURL(java.lang.String,java.lang.String,int,boolean,java.util.Map,java.lang.String,java.lang.String)>	sig:virtualinvoke $r11.<java.net.HttpURLConnection: void setRequestProperty(java.lang.String,java.lang.String)>("Content-Type", $r4)	timediff:0
I/System.out(21393): body:<com.tapjoy.TapjoyURLConnection: com.tapjoy.TapjoyHttpURLResponse getResponseFromURL(java.lang.String,java.lang.String,int,boolean,java.util.Map,java.lang.String,java.lang.String)>	sig:virtualinvoke $r11.<java.net.HttpURLConnection: void setRequestProperty(java.lang.String,java.lang.String)>("Connection", "close")	timediff:0
I/System.out(21393): body:<com.tapjoy.TapjoyURLConnection: com.tapjoy.TapjoyHttpURLResponse getResponseFromURL(java.lang.String,java.lang.String,int,boolean,java.util.Map,java.lang.String,java.lang.String)>	sig:virtualinvoke $r11.<java.net.HttpURLConnection: void setDoOutput(boolean)>(1)	timediff:0
I/System.out(21393): body:<com.tapjoy.TapjoyURLConnection: com.tapjoy.TapjoyHttpURLResponse getResponseFromURL(java.lang.String,java.lang.String,int,boolean,java.util.Map,java.lang.String,java.lang.String)>	sig:virtualinvoke $r11.<java.net.HttpURLConnection: void setFixedLengthStreamingMode(int)>($i0)	timediff:0
I/System.out(21393): body:<com.tapjoy.TapjoyURLConnection: com.tapjoy.TapjoyHttpURLResponse getResponseFromURL(java.lang.String,java.lang.String,int,boolean,java.util.Map,java.lang.String,java.lang.String)>	sig:$r20 = virtualinvoke $r7.<java.net.HttpURLConnection: java.io.InputStream getErrorStream()>()	timediff:0
W/SocketClient(  163): write error (Broken pipe)
I/MediaExtractor(  170): Use extended extractor for the special mime(audio/x-wav) or codec
W/NetworkManagementSocketTagger(  464): setKernelCountSet(10017, 0) failed with errno -13
I/io.presage.new.do.a(21393): INFO main io.presage.new.do.a - com.agminstruments.drumpadmachine.PopupFirstLaunch stopped
E/Utils   (  170):  Couldn't map mime type "audio/ffmpeg" to a valid AudioSystem::audio_format !
D/OMXCodec(  170): setFFmpegAudioFormat
W/ViewRootImpl(21393): Dropping event due to no window focus: KeyEvent { action=ACTION_DOWN, keyCode=KEYCODE_DPAD_LEFT, scanCode=0, metaState=0, flags=0x8, repeatCount=0, eventTime=13053116, downTime=13053116, deviceId=-1, source=0x101 }
W/EGL_emulation(21393): eglSurfaceAttrib not implemented 3093 12436
D/dalvikvm(  464): GC_EXPLICIT freed 1258K, 52% free 15220K/31284K, paused 1ms+2ms, total 21ms
W/ViewRootImpl(21393): Dropping event due to no window focus: KeyEvent { action=ACTION_DOWN, keyCode=KEYCODE_DPAD_DOWN, scanCode=0, metaState=0, flags=0x8, repeatCount=0, eventTime=13053122, downTime=13053122, deviceId=-1, source=0x101 }
W/InputManager(  464): Input event injection from pid 21383 failed.
W/InputMethodManagerService(  464): Window already focused, ignoring focus gain of: com.android.internal.view.IInputMethodClient$Stub$Proxy@4ae83738 attribute=null, token = android.os.BinderProxy@4ac2e624
W/InputManager(  464): Input event injection from pid 21383 failed.
W/InputManager(  464): Input event injection from pid 21383 failed.
W/InputManager(  464): Input event injection from pid 21383 failed.
W/InputManager(  464): Input event injection from pid 21383 failed.
W/InputManager(  464): Input event injection from pid 21383 failed.
W/InputManager(  464): Input event injection from pid 21383 failed.
I/ActivityManager(  464): START u0 {act=android.intent.action.MAIN cat=[android.intent.category.LAUNCHER] flg=0x10000000 sel={act=android.intent.action.MAIN cat=[android.intent.category.APP_CALENDAR]}} from pid 464
W/EGL_emulation(21393): eglSurfaceAttrib not implemented 3093 12436
E/AudioTrack(21393): did not receive expected priority boost on time
I/MediaExtractor(  170): Use extended extractor for the special mime(audio/x-wav) or codec
E/Utils   (  170):  Couldn't map mime type "audio/ffmpeg" to a valid AudioSystem::audio_format !
D/OMXCodec(  170): setFFmpegAudioFormat
I/MediaExtractor(  170): Use extended extractor for the special mime(audio/x-wav) or codec
E/Utils   (  170):  Couldn't map mime type "audio/ffmpeg" to a valid AudioSystem::audio_format !
D/OMXCodec(  170): setFFmpegAudioFormat
I/MediaExtractor(  170): Use extended extractor for the special mime(audio/x-wav) or codec
E/Utils   (  170):  Couldn't map mime type "audio/ffmpeg" to a valid AudioSystem::audio_format !
D/OMXCodec(  170): setFFmpegAudioFormat
I/MediaExtractor(  170): Use extended extractor for the special mime(audio/x-wav) or codec
E/Utils   (  170):  Couldn't map mime type "audio/ffmpeg" to a valid AudioSystem::audio_format !
D/OMXCodec(  170): setFFmpegAudioFormat
I/Choreographer(21393): Skipped 60 frames!  The application may be doing too much work on its main thread.
I/MediaExtractor(  170): Use extended extractor for the special mime(audio/x-wav) or codec
E/Utils   (  170):  Couldn't map mime type "audio/ffmpeg" to a valid AudioSystem::audio_format !
D/OMXCodec(  170): setFFmpegAudioFormat
I/MediaExtractor(  170): Use extended extractor for the special mime(audio/x-wav) or codec
E/Utils   (  170):  Couldn't map mime type "audio/ffmpeg" to a valid AudioSystem::audio_format !
D/OMXCodec(  170): setFFmpegAudioFormat
I/MediaExtractor(  170): Use extended extractor for the special mime(audio/x-wav) or codec
E/Utils   (  170):  Couldn't map mime type "audio/ffmpeg" to a valid AudioSystem::audio_format !
D/OMXCodec(  170): setFFmpegAudioFormat
I/MediaExtractor(  170): Use extended extractor for the special mime(audio/x-wav) or codec
E/Utils   (  170):  Couldn't map mime type "audio/ffmpeg" to a valid AudioSystem::audio_format !
D/OMXCodec(  170): setFFmpegAudioFormat
I/MediaExtractor(  170): Use extended extractor for the special mime(audio/x-wav) or codec
E/Utils   (  170):  Couldn't map mime type "audio/ffmpeg" to a valid AudioSystem::audio_format !
D/OMXCodec(  170): setFFmpegAudioFormat
I/MediaExtractor(  170): Use extended extractor for the special mime(audio/x-wav) or codec
E/Utils   (  170):  Couldn't map mime type "audio/ffmpeg" to a valid AudioSystem::audio_format !
D/OMXCodec(  170): setFFmpegAudioFormat
W/ViewRootImpl(21393): Dropping event due to no window focus: KeyEvent { action=ACTION_DOWN, keyCode=KEYCODE_DPAD_CENTER, scanCode=0, metaState=0, flags=0x8, repeatCount=0, eventTime=13054309, downTime=13054309, deviceId=-1, source=0x101 }
I/Choreographer(21393): Skipped 100 frames!  The application may be doing too much work on its main thread.
I/MediaExtractor(  170): Use extended extractor for the special mime(audio/x-wav) or codec
W/EGL_emulation(21393): eglSurfaceAttrib not implemented 3093 12436
W/ViewRootImpl(21393): Dropping event due to no window focus: KeyEvent { action=ACTION_DOWN, keyCode=KEYCODE_DPAD_LEFT, scanCode=0, metaState=0, flags=0x8, repeatCount=0, eventTime=13055957, downTime=13055957, deviceId=-1, source=0x101 }
W/InputMethodManagerService(  464): Window already focused, ignoring focus gain of: com.android.internal.view.IInputMethodClient$Stub$Proxy@4addd324 attribute=android.view.inputmethod.EditorInfo@4b181fe8, token = android.os.BinderProxy@4ac2e624
E/Utils   (  170):  Couldn't map mime type "audio/ffmpeg" to a valid AudioSystem::audio_format !
D/OMXCodec(  170): setFFmpegAudioFormat
I/MediaExtractor(  170): Use extended extractor for the special mime(audio/x-wav) or codec
E/Utils   (  170):  Couldn't map mime type "audio/ffmpeg" to a valid AudioSystem::audio_format !
D/OMXCodec(  170): setFFmpegAudioFormat
W/ViewRootImpl(21393): Dropping event due to no window focus: KeyEvent { action=ACTION_DOWN, keyCode=KEYCODE_DPAD_RIGHT, scanCode=0, metaState=0, flags=0x8, repeatCount=0, eventTime=13056021, downTime=13056021, deviceId=-1, source=0x101 }
I/MediaExtractor(  170): Use extended extractor for the special mime(audio/x-wav) or codec
E/Utils   (  170):  Couldn't map mime type "audio/ffmpeg" to a valid AudioSystem::audio_format !
D/OMXCodec(  170): setFFmpegAudioFormat
W/ViewRootImpl(21393): Dropping event due to no window focus: KeyEvent { action=ACTION_DOWN, keyCode=KEYCODE_DPAD_CENTER, scanCode=0, metaState=0, flags=0x8, repeatCount=0, eventTime=13056676, downTime=13056676, deviceId=-1, source=0x101 }
W/ViewRootImpl(21393): Dropping event due to no window focus: KeyEvent { action=ACTION_DOWN, keyCode=KEYCODE_DPAD_UP, scanCode=0, metaState=0, flags=0x8, repeatCount=0, eventTime=13056679, downTime=13056679, deviceId=-1, source=0x101 }
W/ViewRootImpl(21393): Dropping event due to no window focus: KeyEvent { action=ACTION_DOWN, keyCode=KEYCODE_MENU, scanCode=0, metaState=0, flags=0x8, repeatCount=0, eventTime=13056686, downTime=13056686, deviceId=-1, source=0x101 }
I/ActivityManager(  464): START u0 {act=android.intent.action.MAIN cat=[android.intent.category.LAUNCHER] flg=0x10200000 cmp=com.agminstruments.drumpadmachine/.MainActivityDPM} from pid 21383
I/io.presage.new.do.a(21393): INFO main io.presage.new.do.a - com.agminstruments.drumpadmachine.MainActivityDPM paused
I/io.presage.new.do.a(21393): INFO main io.presage.new.do.a - com.agminstruments.drumpadmachine.MainActivityDPM resumed
W/InputMethodManagerService(  464): Window already focused, ignoring focus gain of: com.android.internal.view.IInputMethodClient$Stub$Proxy@4acc72b0 attribute=android.view.inputmethod.EditorInfo@4b0279f0, token = android.os.BinderProxy@4ac2e624
I/ActivityManager(  464): START u0 {cmp=com.agminstruments.drumpadmachine/.SequencerActivity (has extras)} from pid 21393
W/ResourceType(21393): No package identifier when getting value for resource number 0x00000000
I/MediaExtractor(  170): Use extended extractor for the special mime(audio/x-wav) or codec
I/System.out(21393): body:<com.tapjoy.TapjoyUtil: java.lang.String copyTextFromJarIntoString(java.lang.String,android.content.Context)>	sig:$r11 = virtualinvoke $r7.<java.net.URL: java.lang.String getFile()>()	timediff:0
D/dalvikvm(21393): GC_CONCURRENT freed 5554K, 26% free 15353K/20516K, paused 6ms+0ms, total 28ms
D/dalvikvm(21393): WAIT_FOR_CONCURRENT_GC blocked 9ms
E/Utils   (  170):  Couldn't map mime type "audio/ffmpeg" to a valid AudioSystem::audio_format !
D/OMXCodec(  170): setFFmpegAudioFormat
I/io.presage.new.do.a(21393): INFO main io.presage.new.do.a - com.agminstruments.drumpadmachine.MainActivityDPM paused
D/DynamitePackage(21393): Instantiating com.google.android.gms.ads.ChimeraAdManagerCreatorImpl
I/System.out(21393): body:<com.tapjoy.TapjoyURLConnection: com.tapjoy.TapjoyHttpURLResponse getResponseFromURL(java.lang.String,java.lang.String,int,boolean,java.util.Map,java.lang.String,java.lang.String)>	sig:specialinvoke $r9.<java.net.URL: void <init>(java.lang.String)>($r2)	timediff:0
I/System.out(21393): <com.tapjoy.TapjoyURLConnection: com.tapjoy.TapjoyHttpURLResponse getResponseFromURL(java.lang.String,java.lang.String,int,boolean,java.util.Map,java.lang.String,java.lang.String)>###specialinvoke $r9.<java.net.URL: void <init>(java.lang.String)>($r2)###https://connect.tapjoy.com/api/connect/v3.json?
I/System.out(21393): body:<com.tapjoy.internal.eh: java.net.URLConnection a(java.net.URL)>	sig:$r1 = virtualinvoke $r0.<java.net.URL: java.net.URLConnection openConnection()>()	timediff:0
I/System.out(21393): body:<com.tapjoy.TapjoyURLConnection: com.tapjoy.TapjoyHttpURLResponse getResponseFromURL(java.lang.String,java.lang.String,int,boolean,java.util.Map,java.lang.String,java.lang.String)>	sig:virtualinvoke $r11.<java.net.HttpURLConnection: void setConnectTimeout(int)>(15000)	timediff:0
I/System.out(21393): body:<com.tapjoy.TapjoyURLConnection: com.tapjoy.TapjoyHttpURLResponse getResponseFromURL(java.lang.String,java.lang.String,int,boolean,java.util.Map,java.lang.String,java.lang.String)>	sig:virtualinvoke $r11.<java.net.HttpURLConnection: void setReadTimeout(int)>(30000)	timediff:0
I/System.out(21393): body:<com.tapjoy.TapjoyURLConnection: com.tapjoy.TapjoyHttpURLResponse getResponseFromURL(java.lang.String,java.lang.String,int,boolean,java.util.Map,java.lang.String,java.lang.String)>	sig:virtualinvoke $r11.<java.net.HttpURLConnection: void setRequestMethod(java.lang.String)>("POST")	timediff:0
I/System.out(21393): body:<com.tapjoy.TapjoyURLConnection: com.tapjoy.TapjoyHttpURLResponse getResponseFromURL(java.lang.String,java.lang.String,int,boolean,java.util.Map,java.lang.String,java.lang.String)>	sig:virtualinvoke $r11.<java.net.HttpURLConnection: void setRequestProperty(java.lang.String,java.lang.String)>("Content-Type", $r4)	timediff:1
I/System.out(21393): body:<com.tapjoy.TapjoyURLConnection: com.tapjoy.TapjoyHttpURLResponse getResponseFromURL(java.lang.String,java.lang.String,int,boolean,java.util.Map,java.lang.String,java.lang.String)>	sig:virtualinvoke $r11.<java.net.HttpURLConnection: void setRequestProperty(java.lang.String,java.lang.String)>("Connection", "close")	timediff:0
I/System.out(21393): body:<com.tapjoy.TapjoyURLConnection: com.tapjoy.TapjoyHttpURLResponse getResponseFromURL(java.lang.String,java.lang.String,int,boolean,java.util.Map,java.lang.String,java.lang.String)>	sig:virtualinvoke $r11.<java.net.HttpURLConnection: void setDoOutput(boolean)>(1)	timediff:0
I/System.out(21393): body:<com.tapjoy.TapjoyURLConnection: com.tapjoy.TapjoyHttpURLResponse getResponseFromURL(java.lang.String,java.lang.String,int,boolean,java.util.Map,java.lang.String,java.lang.String)>	sig:virtualinvoke $r11.<java.net.HttpURLConnection: void setFixedLengthStreamingMode(int)>($i0)	timediff:0
I/System.out(21393): body:<com.tapjoy.TapjoyURLConnection: com.tapjoy.TapjoyHttpURLResponse getResponseFromURL(java.lang.String,java.lang.String,int,boolean,java.util.Map,java.lang.String,java.lang.String)>	sig:$r20 = virtualinvoke $r7.<java.net.HttpURLConnection: java.io.InputStream getErrorStream()>()	timediff:1
I/Ads     (21393): Starting ad request.
I/Ads     (21393): Use AdRequest.Builder.addTestDevice("36C000C4994BD3192565D3B3E2B4826B") to get test ads on this device.
W/ActivityManager(  464): Permission Denial: getTasks() from pid=21393, uid=10146 requires android.permission.GET_TASKS
I/io.presage.new.do.a(21393): INFO main io.presage.new.do.a - com.agminstruments.drumpadmachine.SequencerActivity started.
I/io.presage.new.do.b(21393): INFO main io.presage.new.do.b - onEnter com.agminstruments.drumpadmachine.SequencerActivity
I/io.presage.utils.if.c(21393): INFO main io.presage.utils.if.c - request launch queued. Waiting odid to be set.
I/dalvikvm(21393): Could not find method android.widget.ToggleButton.<init>, referenced from method com.agminstruments.drumpadmachine.ui.SequencerCellButton.<init>
W/dalvikvm(21393): VFY: unable to resolve direct method 8849: Landroid/widget/ToggleButton;.<init> (Landroid/content/Context;Landroid/util/AttributeSet;II)V
D/dalvikvm(21393): VFY: replacing opcode 0x70 at 0x0000
I/io.presage.new.do.a(21393): INFO main io.presage.new.do.a - com.agminstruments.drumpadmachine.SequencerActivity resumed
W/DebugConnManager(  713): getNetworkInfo() on networkType 0
D/dalvikvm(  654): WAIT_FOR_CONCURRENT_GC blocked 1ms
W/EGL_emulation(21393): eglSurfaceAttrib not implemented 3093 12436
W/ViewRootImpl(21393): Dropping event due to no window focus: KeyEvent { action=ACTION_DOWN, keyCode=KEYCODE_SETTINGS, scanCode=0, metaState=0, flags=0x8, repeatCount=0, eventTime=13056706, downTime=13056706, deviceId=-1, source=0x101 }
W/ContextImpl(  464): Calling a method in the system process without a qualified user: android.app.ContextImpl.sendBroadcast:1123 com.android.server.InputMethodManagerService.hideCurrentInputLocked:1880 com.android.server.InputMethodManagerService.windowGainedFocus:1968 com.android.internal.view.IInputMethodManager$Stub.onTransact:221 com.android.server.InputMethodManagerService.onTransact:818 
D/dalvikvm(  654): GC_EXPLICIT freed 882K, 18% free 7205K/8740K, paused 0ms+2ms, total 31ms
E/Herrevad(  713): [3340] RemoteReportsRefreshChimeraService.a: want to send authenticated request, but no Google account on device
I/MediaExtractor(  170): Use extended extractor for the special mime(audio/x-wav) or codec
W/Herrevad(  713): [3340] RemoteReportsRefreshChimeraService.a: java.util.concurrent.ExecutionException: com.android.volley.NoConnectionError: java.net.UnknownHostException: Unable to resolve host "android.googleapis.com": No address associated with hostname
W/Ads     (  713): Error while connecting to ad server: Unable to resolve host "googleads.g.doubleclick.net": No address associated with hostname
W/Ads     (21393): There was a problem getting an ad response. ErrorCode: 2
I/Ads     (21393): Scheduling ad refresh 60000 milliseconds from now.
W/Ads     (21393): Failed to load ad: 2
E/Utils   (  170):  Couldn't map mime type "audio/ffmpeg" to a valid AudioSystem::audio_format !
D/OMXCodec(  170): setFFmpegAudioFormat
I/ActivityManager(  464): Displayed com.agminstruments.drumpadmachine/.SequencerActivity: +364ms
I/MediaExtractor(  170): Use extended extractor for the special mime(audio/x-wav) or codec
E/Utils   (  170):  Couldn't map mime type "audio/ffmpeg" to a valid AudioSystem::audio_format !
D/OMXCodec(  170): setFFmpegAudioFormat
I/MediaExtractor(  170): Use extended extractor for the special mime(audio/x-wav) or codec
E/Utils   (  170):  Couldn't map mime type "audio/ffmpeg" to a valid AudioSystem::audio_format !
D/OMXCodec(  170): setFFmpegAudioFormat
I/io.presage.new.do.a(21393): INFO main io.presage.new.do.a - com.agminstruments.drumpadmachine.MainActivityDPM stopped
I/MediaExtractor(  170): Use extended extractor for the special mime(audio/x-wav) or codec
E/Utils   (  170):  Couldn't map mime type "audio/ffmpeg" to a valid AudioSystem::audio_format !
D/OMXCodec(  170): setFFmpegAudioFormat
I/io.presage.new.do.a(21393): INFO main io.presage.new.do.a - com.agminstruments.drumpadmachine.SequencerActivity paused
I/io.presage.new.do.a(21393): INFO main io.presage.new.do.a - com.agminstruments.drumpadmachine.MainActivityDPM started.
W/ResourceType(21393): No package identifier when getting value for resource number 0x00000000
I/System.out(21393): body:<com.tapjoy.TapjoyUtil: java.lang.String copyTextFromJarIntoString(java.lang.String,android.content.Context)>	sig:$r11 = virtualinvoke $r7.<java.net.URL: java.lang.String getFile()>()	timediff:0
D/dalvikvm(21393): GC_CONCURRENT freed 11423K, 61% free 8119K/20516K, paused 4ms+2ms, total 17ms
D/dalvikvm(21393): WAIT_FOR_CONCURRENT_GC blocked 6ms
W/EGL_emulation(21393): eglSurfaceAttrib not implemented 3093 12436
W/ContextImpl(  464): Calling a method in the system process without a qualified user: android.app.ContextImpl.sendBroadcast:1123 com.android.server.InputMethodManagerService.hideCurrentInputLocked:1880 com.android.server.InputMethodManagerService.windowGainedFocus:1968 com.android.internal.view.IInputMethodManager$Stub.onTransact:221 com.android.server.InputMethodManagerService.onTransact:818 
W/System.err(21393): log4j:WARN Received HTTP error from Sumo Service: 0
D/dalvikvm(21393): GC_FOR_ALLOC freed 2412K, 64% free 7485K/20516K, paused 7ms, total 7ms
I/System.out(21393): body:<com.tapjoy.TapjoyURLConnection: com.tapjoy.TapjoyHttpURLResponse getResponseFromURL(java.lang.String,java.lang.String,int,boolean,java.util.Map,java.lang.String,java.lang.String)>	sig:specialinvoke $r9.<java.net.URL: void <init>(java.lang.String)>($r2)	timediff:0
I/System.out(21393): <com.tapjoy.TapjoyURLConnection: com.tapjoy.TapjoyHttpURLResponse getResponseFromURL(java.lang.String,java.lang.String,int,boolean,java.util.Map,java.lang.String,java.lang.String)>###specialinvoke $r9.<java.net.URL: void <init>(java.lang.String)>($r2)###https://connect.tapjoy.com/api/connect/v3.json?
I/System.out(21393): body:<com.tapjoy.internal.eh: java.net.URLConnection a(java.net.URL)>	sig:$r1 = virtualinvoke $r0.<java.net.URL: java.net.URLConnection openConnection()>()	timediff:0
I/System.out(21393): body:<com.tapjoy.TapjoyURLConnection: com.tapjoy.TapjoyHttpURLResponse getResponseFromURL(java.lang.String,java.lang.String,int,boolean,java.util.Map,java.lang.String,java.lang.String)>	sig:virtualinvoke $r11.<java.net.HttpURLConnection: void setConnectTimeout(int)>(15000)	timediff:0
I/System.out(21393): body:<com.tapjoy.TapjoyURLConnection: com.tapjoy.TapjoyHttpURLResponse getResponseFromURL(java.lang.String,java.lang.String,int,boolean,java.util.Map,java.lang.String,java.lang.String)>	sig:virtualinvoke $r11.<java.net.HttpURLConnection: void setReadTimeout(int)>(30000)	timediff:0
I/System.out(21393): body:<com.tapjoy.TapjoyURLConnection: com.tapjoy.TapjoyHttpURLResponse getResponseFromURL(java.lang.String,java.lang.String,int,boolean,java.util.Map,java.lang.String,java.lang.String)>	sig:virtualinvoke $r11.<java.net.HttpURLConnection: void setRequestMethod(java.lang.String)>("POST")	timediff:0
I/System.out(21393): body:<com.tapjoy.TapjoyURLConnection: com.tapjoy.TapjoyHttpURLResponse getResponseFromURL(java.lang.String,java.lang.String,int,boolean,java.util.Map,java.lang.String,java.lang.String)>	sig:virtualinvoke $r11.<java.net.HttpURLConnection: void setRequestProperty(java.lang.String,java.lang.String)>("Content-Type", $r4)	timediff:0
I/System.out(21393): body:<com.tapjoy.TapjoyURLConnection: com.tapjoy.TapjoyHttpURLResponse getResponseFromURL(java.lang.String,java.lang.String,int,boolean,java.util.Map,java.lang.String,java.lang.String)>	sig:virtualinvoke $r11.<java.net.HttpURLConnection: void setRequestProperty(java.lang.String,java.lang.String)>("Connection", "close")	timediff:0
I/System.out(21393): body:<com.tapjoy.TapjoyURLConnection: com.tapjoy.TapjoyHttpURLResponse getResponseFromURL(java.lang.String,java.lang.String,int,boolean,java.util.Map,java.lang.String,java.lang.String)>	sig:virtualinvoke $r11.<java.net.HttpURLConnection: void setDoOutput(boolean)>(1)	timediff:0
I/System.out(21393): body:<com.tapjoy.TapjoyURLConnection: com.tapjoy.TapjoyHttpURLResponse getResponseFromURL(java.lang.String,java.lang.String,int,boolean,java.util.Map,java.lang.String,java.lang.String)>	sig:virtualinvoke $r11.<java.net.HttpURLConnection: void setFixedLengthStreamingMode(int)>($i0)	timediff:0
I/System.out(21393): body:<com.tapjoy.TapjoyURLConnection: com.tapjoy.TapjoyHttpURLResponse getResponseFromURL(java.lang.String,java.lang.String,int,boolean,java.util.Map,java.lang.String,java.lang.String)>	sig:$r20 = virtualinvoke $r7.<java.net.HttpURLConnection: java.io.InputStream getErrorStream()>()	timediff:0
D/dalvikvm(21393): GC_CONCURRENT freed 63K, 64% free 7492K/20516K, paused 1ms+1ms, total 22ms
I/io.presage.new.do.a(21393): INFO main io.presage.new.do.a - com.agminstruments.drumpadmachine.SequencerActivity stopped
I/ActivityManager(  464): START u0 {act=android.intent.action.MAIN cat=[android.intent.category.LAUNCHER] flg=0x10200000 cmp=com.agminstruments.drumpadmachine/.MainActivityDPM} from pid 21383
I/ActivityManager(  464): START u0 {act=android.intent.action.CALL_BUTTON flg=0x10000000} from pid 21393
W/PhoneFallbackEventHandler(21393): No activity found for android.intent.action.CALL_BUTTON.
I/io.presage.new.do.a(21393): INFO main io.presage.new.do.a - com.agminstruments.drumpadmachine.MainActivityDPM paused
I/io.presage.new.do.a(21393): INFO main io.presage.new.do.a - com.agminstruments.drumpadmachine.MainActivityDPM resumed
W/ViewRootImpl(21393): Dropping event due to no window focus: KeyEvent { action=ACTION_DOWN, keyCode=KEYCODE_DPAD_LEFT, scanCode=0, metaState=0, flags=0x8, repeatCount=0, eventTime=13058821, downTime=13058821, deviceId=-1, source=0x101 }
W/EGL_emulation(21393): eglSurfaceAttrib not implemented 3093 12436
W/InputMethodManagerService(  464): Window already focused, ignoring focus gain of: com.android.internal.view.IInputMethodClient$Stub$Proxy@4ae23c00 attribute=null, token = android.os.BinderProxy@4ac2e624
W/ResourceType(21393): No package identifier when getting value for resource number 0x00000000
I/System.out(21393): body:<com.tapjoy.TapjoyUtil: java.lang.String copyTextFromJarIntoString(java.lang.String,android.content.Context)>	sig:$r11 = virtualinvoke $r7.<java.net.URL: java.lang.String getFile()>()	timediff:0
W/ViewRootImpl(21393): Dropping event due to no window focus: KeyEvent { action=ACTION_DOWN, keyCode=KEYCODE_DPAD_UP, scanCode=0, metaState=0, flags=0x8, repeatCount=0, eventTime=13059346, downTime=13059346, deviceId=-1, source=0x101 }
D/dalvikvm(21393): GC_CONCURRENT freed 1359K, 63% free 7705K/20516K, paused 1ms+3ms, total 14ms
D/dalvikvm(21393): WAIT_FOR_CONCURRENT_GC blocked 5ms
W/EGL_emulation(21393): eglSurfaceAttrib not implemented 3093 12436
W/ViewRootImpl(21393): Dropping event due to no window focus: KeyEvent { action=ACTION_DOWN, keyCode=KEYCODE_MENU, scanCode=0, metaState=0, flags=0x8, repeatCount=0, eventTime=13059427, downTime=13059427, deviceId=-1, source=0x101 }
D/dalvikvm(21393): GC_FOR_ALLOC freed 2014K, 65% free 7330K/20516K, paused 6ms, total 6ms
I/System.out(21393): body:<com.tapjoy.TapjoyURLConnection: com.tapjoy.TapjoyHttpURLResponse getResponseFromURL(java.lang.String,java.lang.String,int,boolean,java.util.Map,java.lang.String,java.lang.String)>	sig:specialinvoke $r9.<java.net.URL: void <init>(java.lang.String)>($r2)	timediff:1
I/System.out(21393): <com.tapjoy.TapjoyURLConnection: com.tapjoy.TapjoyHttpURLResponse getResponseFromURL(java.lang.String,java.lang.String,int,boolean,java.util.Map,java.lang.String,java.lang.String)>###specialinvoke $r9.<java.net.URL: void <init>(java.lang.String)>($r2)###https://connect.tapjoy.com/api/connect/v3.json?
I/System.out(21393): body:<com.tapjoy.internal.eh: java.net.URLConnection a(java.net.URL)>	sig:$r1 = virtualinvoke $r0.<java.net.URL: java.net.URLConnection openConnection()>()	timediff:1
I/System.out(21393): body:<com.tapjoy.TapjoyURLConnection: com.tapjoy.TapjoyHttpURLResponse getResponseFromURL(java.lang.String,java.lang.String,int,boolean,java.util.Map,java.lang.String,java.lang.String)>	sig:virtualinvoke $r11.<java.net.HttpURLConnection: void setConnectTimeout(int)>(15000)	timediff:0
I/System.out(21393): body:<com.tapjoy.TapjoyURLConnection: com.tapjoy.TapjoyHttpURLResponse getResponseFromURL(java.lang.String,java.lang.String,int,boolean,java.util.Map,java.lang.String,java.lang.String)>	sig:virtualinvoke $r11.<java.net.HttpURLConnection: void setReadTimeout(int)>(30000)	timediff:0
I/System.out(21393): body:<com.tapjoy.TapjoyURLConnection: com.tapjoy.TapjoyHttpURLResponse getResponseFromURL(java.lang.String,java.lang.String,int,boolean,java.util.Map,java.lang.String,java.lang.String)>	sig:virtualinvoke $r11.<java.net.HttpURLConnection: void setRequestMethod(java.lang.String)>("POST")	timediff:0
I/System.out(21393): body:<com.tapjoy.TapjoyURLConnection: com.tapjoy.TapjoyHttpURLResponse getResponseFromURL(java.lang.String,java.lang.String,int,boolean,java.util.Map,java.lang.String,java.lang.String)>	sig:virtualinvoke $r11.<java.net.HttpURLConnection: void setRequestProperty(java.lang.String,java.lang.String)>("Content-Type", $r4)	timediff:0
I/System.out(21393): body:<com.tapjoy.TapjoyURLConnection: com.tapjoy.TapjoyHttpURLResponse getResponseFromURL(java.lang.String,java.lang.String,int,boolean,java.util.Map,java.lang.String,java.lang.String)>	sig:virtualinvoke $r11.<java.net.HttpURLConnection: void setRequestProperty(java.lang.String,java.lang.String)>("Connection", "close")	timediff:0
I/System.out(21393): body:<com.tapjoy.TapjoyURLConnection: com.tapjoy.TapjoyHttpURLResponse getResponseFromURL(java.lang.String,java.lang.String,int,boolean,java.util.Map,java.lang.String,java.lang.String)>	sig:virtualinvoke $r11.<java.net.HttpURLConnection: void setDoOutput(boolean)>(1)	timediff:0
I/System.out(21393): body:<com.tapjoy.TapjoyURLConnection: com.tapjoy.TapjoyHttpURLResponse getResponseFromURL(java.lang.String,java.lang.String,int,boolean,java.util.Map,java.lang.String,java.lang.String)>	sig:virtualinvoke $r11.<java.net.HttpURLConnection: void setFixedLengthStreamingMode(int)>($i0)	timediff:0
I/System.out(21393): body:<com.tapjoy.TapjoyURLConnection: com.tapjoy.TapjoyHttpURLResponse getResponseFromURL(java.lang.String,java.lang.String,int,boolean,java.util.Map,java.lang.String,java.lang.String)>	sig:$r20 = virtualinvoke $r7.<java.net.HttpURLConnection: java.io.InputStream getErrorStream()>()	timediff:0
W/SocketClient(  163): write error (Broken pipe)
D/dalvikvm(21393): GC_CONCURRENT freed 738K, 68% free 6755K/20516K, paused 1ms+1ms, total 17ms
W/ViewRootImpl(21393): Dropping event due to no window focus: KeyEvent { action=ACTION_DOWN, keyCode=KEYCODE_MENU, scanCode=0, metaState=0, flags=0x8, repeatCount=0, eventTime=13059696, downTime=13059696, deviceId=-1, source=0x101 }
E/AudioTrack(21393): did not receive expected priority boost on time
W/InputMethodManagerService(  464): Window already focused, ignoring focus gain of: com.android.internal.view.IInputMethodClient$Stub$Proxy@4a9bf37c attribute=null, token = android.os.BinderProxy@4ac2e624
I/System.out(21393): body:<com.batch.android.d.ah: void a(java.lang.String,java.lang.String[])>	sig:$r3 = staticinvoke <java.net.URLEncoder: java.lang.String encode(java.lang.String,java.lang.String)>($r3, "UTF-8")	timediff:0
I/System.out(21393): body:<com.batch.android.d.ah: void a(java.lang.String,java.lang.String[])>	sig:specialinvoke $r9.<java.net.URL: void <init>(java.lang.String)>($r1)	timediff:0
I/System.out(21393): <com.batch.android.d.ah: void a(java.lang.String,java.lang.String[])>###specialinvoke $r9.<java.net.URL: void <init>(java.lang.String)>($r1)###https://ws.batch.com/a/1.5.3/tr/547EEAF1AD789DD47825DC2B12C080
I/System.out(21393): body:<com.batch.android.d.ah: void a(java.lang.String,java.lang.String[])>	sig:$r3 = virtualinvoke $r9.<java.net.URL: java.lang.String getQuery()>()	timediff:0
I/System.out(21393): body:<com.batch.android.d.ah: java.net.URL a(com.batch.android.d.x,com.batch.android.d.f)>	sig:specialinvoke $r3.<java.net.URL: void <init>(java.lang.String)>($r5)	timediff:0
I/System.out(21393): <com.batch.android.d.ah: java.net.URL a(com.batch.android.d.x,com.batch.android.d.f)>###specialinvoke $r3.<java.net.URL: void <init>(java.lang.String)>($r5)###https://ws.batch.com/a/1.5.3/tr/547EEAF1AD789DD47825DC2B12C080
I/System.out(21393): body:<com.batch.android.d.aj: java.net.HttpURLConnection w()>	sig:$r3 = virtualinvoke $r2.<java.net.URL: java.net.URLConnection openConnection()>()	timediff:0
I/System.out(21393): body:<com.batch.android.d.aj: java.net.HttpURLConnection w()>	sig:virtualinvoke $r4.<java.net.HttpURLConnection: void setConnectTimeout(int)>($i0)	timediff:0
I/System.out(21393): body:<com.batch.android.d.aj: java.net.HttpURLConnection w()>	sig:virtualinvoke $r4.<java.net.HttpURLConnection: void setReadTimeout(int)>($i0)	timediff:0
I/System.out(21393): body:<com.batch.android.d.aj: java.net.HttpURLConnection w()>	sig:virtualinvoke $r4.<java.net.HttpURLConnection: void setRequestProperty(java.lang.String,java.lang.String)>($r8, $r9)	timediff:0
I/System.out(21393): body:<com.batch.android.d.aj: java.net.HttpURLConnection w()>	sig:virtualinvoke $r4.<java.net.HttpURLConnection: void setRequestProperty(java.lang.String,java.lang.String)>($r8, $r9)	timediff:0
I/System.out(21393): body:<com.batch.android.d.aj: java.net.HttpURLConnection w()>	sig:virtualinvoke $r4.<java.net.HttpURLConnection: void setRequestProperty(java.lang.String,java.lang.String)>($r8, $r9)	timediff:0
I/System.out(21393): body:<com.batch.android.d.aj: java.net.HttpURLConnection w()>	sig:virtualinvoke $r4.<java.net.HttpURLConnection: void setRequestProperty(java.lang.String,java.lang.String)>($r8, $r9)	timediff:0
I/System.out(21393): body:<com.batch.android.d.aj: java.net.HttpURLConnection w()>	sig:virtualinvoke $r4.<java.net.HttpURLConnection: void setRequestProperty(java.lang.String,java.lang.String)>("Accept-Encoding", "gzip")	timediff:0
I/System.out(21393): body:<com.batch.android.d.aj: java.net.HttpURLConnection w()>	sig:virtualinvoke $r4.<java.net.HttpURLConnection: void setDoOutput(boolean)>(1)	timediff:0
I/System.out(21393): body:<com.batch.android.d.aj: java.net.HttpURLConnection w()>	sig:virtualinvoke $r4.<java.net.HttpURLConnection: void setRequestMethod(java.lang.String)>("POST")	timediff:0
I/System.out(21393): body:<com.batch.android.d.aj: java.net.HttpURLConnection w()>	sig:virtualinvoke $r4.<java.net.HttpURLConnection: void setRequestProperty(java.lang.String,java.lang.String)>("Content-Type", $r9)	timediff:0
W/SocketClient(  163): write error (Broken pipe)
I/ActivityManager(  464): START u0 {act=android.intent.action.MAIN cat=[android.intent.category.HOME] flg=0x10200000 cmp=com.vphone.launcher/.Launcher} from pid 464
W/EGL_emulation(21393): eglSurfaceAttrib not implemented 3093 12436
W/ViewRootImpl(21393): Dropping event due to no window focus: MotionEvent { action=ACTION_MOVE, id[0]=0, x[0]=3.0, y[0]=4.0, toolType[0]=TOOL_TYPE_UNKNOWN, buttonState=0, metaState=0, flags=0x0, edgeFlags=0x0, pointerCount=1, historySize=4, eventTime=13060311, downTime=-1, deviceId=0, source=0x10004 }
I/io.presage.new.do.b(21393): INFO main io.presage.new.do.b - Home key pressed from one of our activities
D/io.presage.Presage(21393): DEBUG main io.presage.Presage - User is going to leave the application by clicking on home. The last activity was com.agminstruments.drumpadmachine.MainActivityDPM
I/ActivityManager(  464): START u0 {act=android.intent.action.MAIN cat=[android.intent.category.LAUNCHER] flg=0x10200000 cmp=com.agminstruments.drumpadmachine/.MainActivityDPM} from pid 21383
E/AudioTrack(21393): did not receive expected priority boost on time
W/InputMethodManagerService(  464): Window already focused, ignoring focus gain of: com.android.internal.view.IInputMethodClient$Stub$Proxy@4aae90d8 attribute=null, token = android.os.BinderProxy@4ac2e624
I/io.presage.new.do.a(21393): INFO main io.presage.new.do.a - com.agminstruments.drumpadmachine.MainActivityDPM paused
I/io.presage.new.do.a(21393): INFO main io.presage.new.do.a - com.agminstruments.drumpadmachine.MainActivityDPM resumed
I/ActivityManager(  464): START u0 {act=android.intent.action.MAIN cat=[android.intent.category.HOME] flg=0x10200000 cmp=com.vphone.launcher/.Launcher} from pid 464
I/io.presage.new.do.b(21393): INFO main io.presage.new.do.b - Home key pressed from one of our activities
D/io.presage.Presage(21393): DEBUG main io.presage.Presage - User is going to leave the application by clicking on home. The last activity was com.agminstruments.drumpadmachine.MainActivityDPM
I/ActivityManager(  464): START u0 {act=android.intent.action.MAIN cat=[android.intent.category.HOME] flg=0x10200000 cmp=com.vphone.launcher/.Launcher} from pid 464
I/io.presage.new.do.b(21393): INFO main io.presage.new.do.b - Home key pressed from one of our activities
D/io.presage.Presage(21393): DEBUG main io.presage.Presage - User is going to leave the application by clicking on home. The last activity was com.agminstruments.drumpadmachine.MainActivityDPM
W/WindowManager(  464): updateFocusedWindowLocked, focusedAppToken is null.
W/ViewRootImpl(  532): Dropping event due to no window focus: KeyEvent { action=ACTION_DOWN, keyCode=KEYCODE_INFO, scanCode=0, metaState=0, flags=0x8, repeatCount=0, eventTime=13061246, downTime=13061246, deviceId=-1, source=0x101 }
W/ContextImpl(  464): Calling a method in the system process without a qualified user: android.app.ContextImpl.sendBroadcast:1123 com.android.server.InputMethodManagerService.hideCurrentInputLocked:1880 com.android.server.InputMethodManagerService.windowGainedFocus:1968 com.android.internal.view.IInputMethodManager$Stub.onTransact:221 com.android.server.InputMethodManagerService.onTransact:818 
W/InputManager(  464): Input event injection from pid 21383 failed.
W/InputManager(  464): Input event injection from pid 21383 failed.
W/InputManager(  464): Input event injection from pid 21383 failed.
W/InputEventReceiver(  532): Attempted to finish an input event but the input event receiver has already been disposed.
W/InputEventReceiver(  532): Attempted to finish an input event but the input event receiver has already been disposed.
W/ViewRootImpl(  532): Dropping event due to root view being removed: MotionEvent { action=ACTION_MOVE, id[0]=0, x[0]=465.68903, y[0]=671.7001, toolType[0]=TOOL_TYPE_UNKNOWN, buttonState=0, metaState=0, flags=0x0, edgeFlags=0x0, pointerCount=1, historySize=0, eventTime=13061283, downTime=13061280, deviceId=0, source=0x1002 }
W/ContextImpl(  464): Calling a method in the system process without a qualified user: android.app.ContextImpl.sendBroadcast:1123 com.android.server.InputMethodManagerService.hideCurrentInputLocked:1880 com.android.server.InputMethodManagerService.windowGainedFocus:1968 com.android.internal.view.IInputMethodManager$Stub.onTransact:221 com.android.server.InputMethodManagerService.onTransact:818 
E/AudioTrack(21393): did not receive expected priority boost on time
E/AudioFlinger(  170): no more track names available
E/AudioTrack(  464): AudioFlinger could not create track, status: -12
E/SoundPool(  464): Error creating AudioTrack
E/AudioFlinger(  170): no more track names available
E/AudioTrack(  464): AudioFlinger could not create track, status: -12
E/SoundPool(  464): Error creating AudioTrack
E/AudioFlinger(  170): no more track names available
E/AudioTrack(  464): AudioFlinger could not create track, status: -12
E/SoundPool(  464): Error creating AudioTrack
E/AudioFlinger(  170): no more track names available
E/AudioTrack(  464): AudioFlinger could not create track, status: -12
E/SoundPool(  464): Error creating AudioTrack
W/EGL_emulation(21393): eglSurfaceAttrib not implemented 3093 12436
W/ViewRootImpl(21393): Dropping event due to no window focus: KeyEvent { action=ACTION_DOWN, keyCode=KEYCODE_VOLUME_DOWN, scanCode=0, metaState=0, flags=0x8, repeatCount=0, eventTime=13061541, downTime=13061541, deviceId=-1, source=0x101 }
W/AudioFlinger(  170): write blocked for 9817 msecs, 101 delayed writes, thread 0xb4233010
W/Process (  464): Unable to open /proc/21572/status
W/ViewRootImpl(21393): Dropping event due to no window focus: KeyEvent { action=ACTION_DOWN, keyCode=KEYCODE_BUTTON_SELECT, scanCode=0, metaState=0, flags=0x8, repeatCount=0, eventTime=13061766, downTime=13061766, deviceId=-1, source=0x101 }
W/ViewRootImpl(21393): Dropping event due to no window focus: KeyEvent { action=ACTION_DOWN, keyCode=KEYCODE_MENU, scanCode=0, metaState=0, flags=0x8, repeatCount=0, eventTime=13061766, downTime=13061766, deviceId=-1, source=0x101 }
E/AudioFlinger(  170): no more track names available
E/AudioTrack(21393): AudioFlinger could not create track, status: -12
E/SoundPool(21393): Error creating AudioTrack
W/InputMethodManagerService(  464): Window already focused, ignoring focus gain of: com.android.internal.view.IInputMethodClient$Stub$Proxy@4a9cca18 attribute=null, token = android.os.BinderProxy@4ac2e624
D/dalvikvm(21393): GC_CONCURRENT freed 1087K, 67% free 6968K/20516K, paused 3ms+2ms, total 14ms
W/Ads     (21393): Error while pinging URL: https://pagead2.googlesyndication.com/pagead/gen_204?is_aia=false&id=gmob-apps-report-exception&os=4.4.2&api=19&device=samsung%20SM-G955N&js=afma-sdk-a-v12221070.10084000.1&appid=com.agminstruments.drumpadmachine&exceptiontype=com.google.android.gms.ads.internal.js.function.a&stacktrace=com.google.android.gms.ads.internal.js.function.a%3A%20Unable%20to%20obtain%20a%20JavascriptEngine.%0A%09at%20com.google.android.gms.ads.internal.js.function.m.a(com.google.android.gms.DynamiteModulesA%4012221070%4012.2.21%20(070-188803320)%3A2)%0A%09at%20com.google.android.gms.ads.internal.util.promise.e.d(com.google.android.gms.DynamiteModulesA%4012221070%4012.2.21%20(070-188803320)%3A28)%0A%09at%20com.google.android.gms.ads.internal.js.ad.a(com.google.android.gms.DynamiteModulesA%4012221070%4012.2.21%20(070-188803320)%3A2)%0A%09at%20com.google.android.gms.ads.internal.util.promise.e.d(com.google.android.gms.DynamiteModulesA%4012221070%4012.2.21%20(070-188803320)%3A28)%0A%09at%20com.google.android.gms.ads.internal.js.n.run(Unknown%20Source)%0A%09at%20android.os.Handler.handleCallback(Handler.java%3A733)%0A%09at%20android.os.Handler.dispatchMessage(Handler.java%3A95)%0A%09at%20android.os.Looper.loop(Looper.java%3A136)%0A%09at%20android.app.ActivityThread.main(ActivityThread.java%3A5019)%0A%09at%20java.lang.reflect.Method.invokeNative(Native%20Method)%0A%09at%20java.lang.reflect.Method.invoke(Method.java%3A515)%0A%09at%20com.android.internal.os.ZygoteInit%24MethodAndArgsCaller.run(ZygoteInit.java%3A779)%0A%09at%20com.android.internal.os.ZygoteInit.main(ZygoteInit.java%3A595)%0A%09at%20dalvik.system.NativeStart.main(Native%20Method)%0A&eids=318475418%2C%2C318480178&exceptionkey=ConfigLoader.maybeFetchNewAppSettings&cl=188803320&rc=dev&session_id=5370800695612539982&sampling_rate=1&pb_tm=1.0. Unable to resolve host "pagead2.googlesyndication.com": No address associated with hostname
W/SocketClient(  163): write error (Broken pipe)
W/Ads     (21393): Error while pinging URL: https://pagead2.googlesyndication.com/pagead/gen_204?is_aia=false&id=gmob-apps-report-exception&os=4.4.2&api=19&device=samsung%20SM-G955N&js=afma-sdk-a-v12221070.10084000.1&appid=com.agminstruments.drumpadmachine&exceptiontype=com.google.android.gms.ads.internal.js.function.a&stacktrace=com.google.android.gms.ads.internal.js.function.a%3A%20Unable%20to%20obtain%20a%20JavascriptEngine.%0A%09at%20com.google.android.gms.ads.internal.js.function.m.a(com.google.android.gms.DynamiteModulesA%4012221070%4012.2.21%20(070-188803320)%3A2)%0A%09at%20com.google.android.gms.ads.internal.util.promise.e.d(com.google.android.gms.DynamiteModulesA%4012221070%4012.2.21%20(070-188803320)%3A28)%0A%09at%20com.google.android.gms.ads.internal.js.ad.a(com.google.android.gms.DynamiteModulesA%4012221070%4012.2.21%20(070-188803320)%3A2)%0A%09at%20com.google.android.gms.ads.internal.util.promise.e.d(com.google.android.gms.DynamiteModulesA%4012221070%4012.2.21%20(070-188803320)%3A28)%0A%09at%20com.google.android.gms.ads.internal.js.n.run(Unknown%20Source)%0A%09at%20android.os.Handler.handleCallback(Handler.java%3A733)%0A%09at%20android.os.Handler.dispatchMessage(Handler.java%3A95)%0A%09at%20android.os.Looper.loop(Looper.java%3A136)%0A%09at%20android.app.ActivityThread.main(ActivityThread.java%3A5019)%0A%09at%20java.lang.reflect.Method.invokeNative(Native%20Method)%0A%09at%20java.lang.reflect.Method.invoke(Method.java%3A515)%0A%09at%20com.android.internal.os.ZygoteInit%24MethodAndArgsCaller.run(ZygoteInit.java%3A779)%0A%09at%20com.android.internal.os.ZygoteInit.main(ZygoteInit.java%3A595)%0A%09at%20dalvik.system.NativeStart.main(Native%20Method)%0A&eids=318475418%2C%2C318480178&exceptionkey=ConfigLoader.maybeFetchNewAppSettings&cl=188803320&rc=dev&session_id=5370800695612539982&sampling_rate=1&pb_tm=1.0. Unable to resolve host "pagead2.googlesyndication.com": No address associated with hostname
W/ViewRootImpl(21393): Dropping event due to no window focus: KeyEvent { action=ACTION_DOWN, keyCode=KEYCODE_BUTTON_X, scanCode=0, metaState=0, flags=0x8, repeatCount=0, eventTime=13062051, downTime=13062051, deviceId=-1, source=0x101 }
W/ViewRootImpl(21393): Dropping event due to no window focus: KeyEvent { action=ACTION_DOWN, keyCode=KEYCODE_DPAD_CENTER, scanCode=0, metaState=0, flags=0x8, repeatCount=0, eventTime=13062051, downTime=13062051, deviceId=-1, source=0x101 }
W/ViewRootImpl(21393): Dropping event due to no window focus: KeyEvent { action=ACTION_DOWN, keyCode=KEYCODE_MENU, scanCode=0, metaState=0, flags=0x8, repeatCount=0, eventTime=13062100, downTime=13062100, deviceId=-1, source=0x101 }
W/EGL_emulation(21393): eglSurfaceAttrib not implemented 3093 12436
W/ViewRootImpl(21393): Dropping event due to no window focus: KeyEvent { action=ACTION_DOWN, keyCode=KEYCODE_DPAD_LEFT, scanCode=0, metaState=0, flags=0x8, repeatCount=0, eventTime=13062124, downTime=13062124, deviceId=-1, source=0x101 }
W/InputMethodManagerService(  464): Window already focused, ignoring focus gain of: com.android.internal.view.IInputMethodClient$Stub$Proxy@4aa1ae40 attribute=android.view.inputmethod.EditorInfo@4a9a8fdc, token = android.os.BinderProxy@4ac2e624
W/ViewRootImpl(21393): Dropping event due to no window focus: KeyEvent { action=ACTION_DOWN, keyCode=KEYCODE_ESCAPE, scanCode=0, metaState=0, flags=0x8, repeatCount=0, eventTime=13062397, downTime=13062397, deviceId=-1, source=0x101 }
W/ViewRootImpl(21393): Dropping event due to no window focus: KeyEvent { action=ACTION_DOWN, keyCode=KEYCODE_BACK, scanCode=0, metaState=0, flags=0x8, repeatCount=0, eventTime=13062397, downTime=13062397, deviceId=-1, source=0x101 }
W/EGL_emulation(21393): eglSurfaceAttrib not implemented 3093 12436
W/ViewRootImpl(21393): Dropping event due to no window focus: KeyEvent { action=ACTION_DOWN, keyCode=KEYCODE_DPAD_DOWN, scanCode=0, metaState=0, flags=0x8, repeatCount=0, eventTime=13062426, downTime=13062426, deviceId=-1, source=0x101 }
W/InputMethodManagerService(  464): Window already focused, ignoring focus gain of: com.android.internal.view.IInputMethodClient$Stub$Proxy@4ab91650 attribute=null, token = android.os.BinderProxy@4ac2e624
W/EGL_emulation(21393): eglSurfaceAttrib not implemented 3093 12436
I/ActivityManager(  464): START u0 {act=android.intent.action.MAIN cat=[android.intent.category.LAUNCHER] flg=0x10000000 sel={act=android.intent.action.MAIN cat=[android.intent.category.APP_CALCULATOR]}} from pid 464
W/ViewRootImpl(21393): Dropping event due to no window focus: KeyEvent { action=ACTION_DOWN, keyCode=KEYCODE_DPAD_UP, scanCode=0, metaState=0, flags=0x8, repeatCount=0, eventTime=13062825, downTime=13062825, deviceId=-1, source=0x101 }
W/InputMethodManagerService(  464): Window already focused, ignoring focus gain of: com.android.internal.view.IInputMethodClient$Stub$Proxy@4addf364 attribute=null, token = android.os.BinderProxy@4ac2e624
D/dalvikvm(  644): GC_CONCURRENT freed 378K, 14% free 3053K/3524K, paused 0ms+0ms, total 2ms
W/System.err(21393): log4j:WARN Received HTTP error from Sumo Service: 0
W/ResourceType(21393): No package identifier when getting value for resource number 0x00000000
I/System.out(21393): body:<com.tapjoy.TapjoyUtil: java.lang.String copyTextFromJarIntoString(java.lang.String,android.content.Context)>	sig:$r11 = virtualinvoke $r7.<java.net.URL: java.lang.String getFile()>()	timediff:0
D/dalvikvm(21393): GC_CONCURRENT freed 1172K, 65% free 7187K/20516K, paused 0ms+1ms, total 15ms
D/dalvikvm(21393): WAIT_FOR_CONCURRENT_GC blocked 18ms
D/dalvikvm(21393): GC_CONCURRENT freed 1017K, 63% free 7618K/20516K, paused 2ms+2ms, total 11ms
D/dalvikvm(21393): WAIT_FOR_CONCURRENT_GC blocked 4ms
I/System.out(21393): body:<com.tapjoy.TapjoyURLConnection: com.tapjoy.TapjoyHttpURLResponse getResponseFromURL(java.lang.String,java.lang.String,int,boolean,java.util.Map,java.lang.String,java.lang.String)>	sig:specialinvoke $r9.<java.net.URL: void <init>(java.lang.String)>($r2)	timediff:0
I/System.out(21393): <com.tapjoy.TapjoyURLConnection: com.tapjoy.TapjoyHttpURLResponse getResponseFromURL(java.lang.String,java.lang.String,int,boolean,java.util.Map,java.lang.String,java.lang.String)>###specialinvoke $r9.<java.net.URL: void <init>(java.lang.String)>($r2)###https://connect.tapjoy.com/api/connect/v3.json?
I/System.out(21393): body:<com.tapjoy.internal.eh: java.net.URLConnection a(java.net.URL)>	sig:$r1 = virtualinvoke $r0.<java.net.URL: java.net.URLConnection openConnection()>()	timediff:0
I/System.out(21393): body:<com.tapjoy.TapjoyURLConnection: com.tapjoy.TapjoyHttpURLResponse getResponseFromURL(java.lang.String,java.lang.String,int,boolean,java.util.Map,java.lang.String,java.lang.String)>	sig:virtualinvoke $r11.<java.net.HttpURLConnection: void setConnectTimeout(int)>(15000)	timediff:0
I/System.out(21393): body:<com.tapjoy.TapjoyURLConnection: com.tapjoy.TapjoyHttpURLResponse getResponseFromURL(java.lang.String,java.lang.String,int,boolean,java.util.Map,java.lang.String,java.lang.String)>	sig:virtualinvoke $r11.<java.net.HttpURLConnection: void setReadTimeout(int)>(30000)	timediff:0
I/System.out(21393): body:<com.tapjoy.TapjoyURLConnection: com.tapjoy.TapjoyHttpURLResponse getResponseFromURL(java.lang.String,java.lang.String,int,boolean,java.util.Map,java.lang.String,java.lang.String)>	sig:virtualinvoke $r11.<java.net.HttpURLConnection: void setRequestMethod(java.lang.String)>("POST")	timediff:0
I/System.out(21393): body:<com.tapjoy.TapjoyURLConnection: com.tapjoy.TapjoyHttpURLResponse getResponseFromURL(java.lang.String,java.lang.String,int,boolean,java.util.Map,java.lang.String,java.lang.String)>	sig:virtualinvoke $r11.<java.net.HttpURLConnection: void setRequestProperty(java.lang.String,java.lang.String)>("Content-Type", $r4)	timediff:1
I/System.out(21393): body:<com.tapjoy.TapjoyURLConnection: com.tapjoy.TapjoyHttpURLResponse getResponseFromURL(java.lang.String,java.lang.String,int,boolean,java.util.Map,java.lang.String,java.lang.String)>	sig:virtualinvoke $r11.<java.net.HttpURLConnection: void setRequestProperty(java.lang.String,java.lang.String)>("Connection", "close")	timediff:0
I/System.out(21393): body:<com.tapjoy.TapjoyURLConnection: com.tapjoy.TapjoyHttpURLResponse getResponseFromURL(java.lang.String,java.lang.String,int,boolean,java.util.Map,java.lang.String,java.lang.String)>	sig:virtualinvoke $r11.<java.net.HttpURLConnection: void setDoOutput(boolean)>(1)	timediff:0
I/System.out(21393): body:<com.tapjoy.TapjoyURLConnection: com.tapjoy.TapjoyHttpURLResponse getResponseFromURL(java.lang.String,java.lang.String,int,boolean,java.util.Map,java.lang.String,java.lang.String)>	sig:virtualinvoke $r11.<java.net.HttpURLConnection: void setFixedLengthStreamingMode(int)>($i0)	timediff:0
I/System.out(21393): body:<com.tapjoy.TapjoyURLConnection: com.tapjoy.TapjoyHttpURLResponse getResponseFromURL(java.lang.String,java.lang.String,int,boolean,java.util.Map,java.lang.String,java.lang.String)>	sig:$r20 = virtualinvoke $r7.<java.net.HttpURLConnection: java.io.InputStream getErrorStream()>()	timediff:0
W/SocketClient(  163): write error (Broken pipe)
D/dalvikvm(21393): GC_CONCURRENT freed 1499K, 63% free 7617K/20516K, paused 3ms+2ms, total 16ms
W/EGL_emulation(21393): eglSurfaceAttrib not implemented 3093 12436
V/InputMethodService(  644): onEvaluateInputViewShown: config.hardKeyboardHidden = 1
W/ContextImpl(  464): Calling a method in the system process without a qualified user: android.app.ContextImpl.sendBroadcast:1123 com.android.server.InputMethodManagerService.showCurrentInputLocked:1791 com.android.server.InputMethodManagerService.windowGainedFocus:2021 com.android.internal.view.IInputMethodManager$Stub.onTransact:221 com.android.server.InputMethodManagerService.onTransact:818 
V/InputMethodService(  644): onEvaluateInputViewShown: config.hardKeyboardHidden = 1
W/ContextImpl(  464): Calling a method in the system process without a qualified user: android.app.ContextImpl.sendBroadcast:1123 com.android.server.InputMethodManagerService.showCurrentInputLocked:1791 com.android.server.InputMethodManagerService.attachNewInputLocked:1095 com.android.server.InputMethodManagerService.startInputUncheckedLocked:1166 com.android.server.InputMethodManagerService.startInputLocked:1128 
W/InputEventReceiver(21393): Attempted to finish an input event but the input event receiver has already been disposed.
W/InputEventReceiver(21393): Attempted to finish an input event but the input event receiver has already been disposed.
W/InputEventReceiver(21393): Attempted to finish an input event but the input event receiver has already been disposed.
W/InputEventReceiver(21393): Attempted to finish an input event but the input event receiver has already been disposed.
W/ViewRootImpl(21393): Dropping event due to root view being removed: MotionEvent { action=ACTION_UP, id[0]=0, x[0]=566.9773, y[0]=725.92944, toolType[0]=TOOL_TYPE_UNKNOWN, buttonState=0, metaState=0, flags=0x0, edgeFlags=0x0, pointerCount=1, historySize=0, eventTime=13064285, downTime=13064285, deviceId=0, source=0x1002 }
W/ViewRootImpl(21393): Dropping event due to root view being removed: MotionEvent { action=ACTION_DOWN, id[0]=0, x[0]=274.0, y[0]=340.0, toolType[0]=TOOL_TYPE_UNKNOWN, buttonState=0, metaState=0, flags=0x0, edgeFlags=0x0, pointerCount=1, historySize=0, eventTime=13064287, downTime=13064287, deviceId=0, source=0x1002 }
W/ViewRootImpl(21393): Dropping event due to root view being removed: MotionEvent { action=ACTION_UP, id[0]=0, x[0]=285.6412, y[0]=340.11536, toolType[0]=TOOL_TYPE_UNKNOWN, buttonState=0, metaState=0, flags=0x0, edgeFlags=0x0, pointerCount=1, historySize=0, eventTime=13064290, downTime=13064287, deviceId=0, source=0x1002 }
W/ContextImpl(  464): Calling a method in the system process without a qualified user: android.app.ContextImpl.sendBroadcast:1123 com.android.server.InputMethodManagerService.hideCurrentInputLocked:1880 com.android.server.InputMethodManagerService.windowGainedFocus:1968 com.android.internal.view.IInputMethodManager$Stub.onTransact:221 com.android.server.InputMethodManagerService.onTransact:818 
I/ActivityManager(  464): START u0 {cmp=com.agminstruments.drumpadmachine/.SequencerActivity (has extras)} from pid 21393
I/io.presage.new.do.a(21393): INFO main io.presage.new.do.a - com.agminstruments.drumpadmachine.MainActivityDPM paused
D/DynamitePackage(21393): Instantiating com.google.android.gms.ads.ChimeraAdManagerCreatorImpl
I/Ads     (21393): Starting ad request.
I/Ads     (21393): Use AdRequest.Builder.addTestDevice("36C000C4994BD3192565D3B3E2B4826B") to get test ads on this device.
I/io.presage.new.do.a(21393): INFO main io.presage.new.do.a - com.agminstruments.drumpadmachine.SequencerActivity started.
W/ActivityManager(  464): Permission Denial: getTasks() from pid=21393, uid=10146 requires android.permission.GET_TASKS
I/io.presage.new.do.a(21393): INFO main io.presage.new.do.a - com.agminstruments.drumpadmachine.SequencerActivity resumed
W/EGL_emulation(21393): eglSurfaceAttrib not implemented 3093 12436
W/ViewRootImpl(21393): Dropping event due to no window focus: KeyEvent { action=ACTION_DOWN, keyCode=KEYCODE_MENU, scanCode=0, metaState=0, flags=0x8, repeatCount=0, eventTime=13064784, downTime=13064784, deviceId=-1, source=0x101 }
W/ViewRootImpl(21393): Dropping event due to no window focus: KeyEvent { action=ACTION_DOWN, keyCode=KEYCODE_DPAD_RIGHT, scanCode=0, metaState=0, flags=0x8, repeatCount=0, eventTime=13064997, downTime=13064997, deviceId=-1, source=0x101 }
W/ContextImpl(  464): Calling a method in the system process without a qualified user: android.app.ContextImpl.sendBroadcast:1123 com.android.server.InputMethodManagerService.hideCurrentInputLocked:1880 com.android.server.InputMethodManagerService.windowGainedFocus:1968 com.android.internal.view.IInputMethodManager$Stub.onTransact:221 com.android.server.InputMethodManagerService.onTransact:818 
W/DebugConnManager(  713): getNetworkInfo() on networkType 0
E/Herrevad(  713): [3345] RemoteReportsRefreshChimeraService.a: want to send authenticated request, but no Google account on device
W/Herrevad(  713): [3345] RemoteReportsRefreshChimeraService.a: java.util.concurrent.ExecutionException: com.android.volley.NoConnectionError: java.net.UnknownHostException: Unable to resolve host "android.googleapis.com": No address associated with hostname
W/Ads     (  713): Error while connecting to ad server: Unable to resolve host "googleads.g.doubleclick.net": No address associated with hostname
W/Ads     (21393): There was a problem getting an ad response. ErrorCode: 2
I/Ads     (21393): Scheduling ad refresh 60000 milliseconds from now.
W/Ads     (21393): Failed to load ad: 2
I/ActivityManager(  464): Displayed com.agminstruments.drumpadmachine/.SequencerActivity: +391ms
D/dalvikvm(  464): GC_CONCURRENT freed 3013K, 52% free 15198K/31284K, paused 0ms+5ms, total 33ms
W/SocketClient(  163): write error (Broken pipe)
I/io.presage.new.do.a(21393): INFO main io.presage.new.do.a - com.agminstruments.drumpadmachine.SequencerActivity paused
I/io.presage.new.do.a(21393): INFO main io.presage.new.do.a - com.agminstruments.drumpadmachine.MainActivityDPM resumed
W/EGL_emulation(21393): eglSurfaceAttrib not implemented 3093 12436
W/ViewRootImpl(21393): Dropping event due to no window focus: KeyEvent { action=ACTION_DOWN, keyCode=KEYCODE_DPAD_UP, scanCode=0, metaState=0, flags=0x8, repeatCount=0, eventTime=13065629, downTime=13065629, deviceId=-1, source=0x101 }
E/Ads     (21393): JS: Not allowed to load local resource: file:///android_asset/webkit/android-weberror.png (data:text/html,chromewebdata:12)
I/chromium(21393): [INFO:CONSOLE(12)] "Not allowed to load local resource: file:///android_asset/webkit/android-weberror.png", source: data:text/html,chromewebdata (12)
W/ViewRootImpl(21393): Dropping event due to no window focus: KeyEvent { action=ACTION_DOWN, keyCode=KEYCODE_DPAD_CENTER, scanCode=0, metaState=0, flags=0x8, repeatCount=0, eventTime=13065757, downTime=13065757, deviceId=-1, source=0x101 }
W/ContextImpl(  464): Calling a method in the system process without a qualified user: android.app.ContextImpl.sendBroadcast:1123 com.android.server.InputMethodManagerService.hideCurrentInputLocked:1880 com.android.server.InputMethodManagerService.windowGainedFocus:1968 com.android.internal.view.IInputMethodManager$Stub.onTransact:221 com.android.server.InputMethodManagerService.onTransact:818 
I/ActivityManager(  464): START u0 {act=android.intent.action.CALL_BUTTON flg=0x10000000} from pid 21393
W/PhoneFallbackEventHandler(21393): No activity found for android.intent.action.CALL_BUTTON.
I/io.presage.new.do.a(21393): INFO main io.presage.new.do.a - com.agminstruments.drumpadmachine.SequencerActivity stopped
I/ActivityManager(  464): START u0 {act=android.intent.action.MAIN cat=[android.intent.category.LAUNCHER] flg=0x10200000 cmp=com.agminstruments.drumpadmachine/.MainActivityDPM} from pid 21383
I/io.presage.new.do.a(21393): INFO main io.presage.new.do.a - com.agminstruments.drumpadmachine.MainActivityDPM paused
I/io.presage.new.do.a(21393): INFO main io.presage.new.do.a - com.agminstruments.drumpadmachine.MainActivityDPM resumed
W/ViewRootImpl(21393): Dropping event due to no window focus: KeyEvent { action=ACTION_DOWN, keyCode=KEYCODE_BACK, scanCode=0, metaState=0, flags=0x8, repeatCount=0, eventTime=13066426, downTime=13066426, deviceId=-1, source=0x101 }
W/ViewRootImpl(21393): Dropping event due to no window focus: KeyEvent { action=ACTION_DOWN, keyCode=KEYCODE_BUTTON_5, scanCode=0, metaState=0, flags=0x8, repeatCount=0, eventTime=13066462, downTime=13066462, deviceId=-1, source=0x101 }
W/EGL_emulation(21393): eglSurfaceAttrib not implemented 3093 12436
W/ViewRootImpl(21393): Dropping event due to no window focus: KeyEvent { action=ACTION_DOWN, keyCode=KEYCODE_DPAD_CENTER, scanCode=0, metaState=0, flags=0x8, repeatCount=0, eventTime=13066462, downTime=13066462, deviceId=-1, source=0x101 }
W/InputMethodManagerService(  464): Window already focused, ignoring focus gain of: com.android.internal.view.IInputMethodClient$Stub$Proxy@4aca4fac attribute=null, token = android.os.BinderProxy@4ac2e624
W/ViewRootImpl(21393): Dropping event due to no window focus: KeyEvent { action=ACTION_DOWN, keyCode=KEYCODE_DPAD_DOWN, scanCode=0, metaState=0, flags=0x8, repeatCount=0, eventTime=13066950, downTime=13066950, deviceId=-1, source=0x101 }
W/EGL_emulation(21393): eglSurfaceAttrib not implemented 3093 12436
W/ViewRootImpl(21393): Dropping event due to no window focus: KeyEvent { action=ACTION_DOWN, keyCode=KEYCODE_DPAD_CENTER, scanCode=0, metaState=0, flags=0x8, repeatCount=0, eventTime=13066976, downTime=13066976, deviceId=-1, source=0x101 }
I/ActivityManager(  464): START u0 {act=android.intent.action.MAIN cat=[android.intent.category.LAUNCHER] flg=0x10200000 cmp=com.agminstruments.drumpadmachine/.MainActivityDPM} from pid 21383
I/io.presage.new.do.a(21393): INFO main io.presage.new.do.a - com.agminstruments.drumpadmachine.MainActivityDPM paused
I/io.presage.new.do.a(21393): INFO main io.presage.new.do.a - com.agminstruments.drumpadmachine.MainActivityDPM resumed
W/InputMethodManagerService(  464): Window already focused, ignoring focus gain of: com.android.internal.view.IInputMethodClient$Stub$Proxy@4aace07c attribute=null, token = android.os.BinderProxy@4ac2e624
I/ActivityManager(  464): START u0 {act=android.intent.action.MAIN cat=[android.intent.category.LAUNCHER] flg=0x10200000 cmp=com.agminstruments.drumpadmachine/.MainActivityDPM} from pid 21383
I/io.presage.new.do.a(21393): INFO main io.presage.new.do.a - com.agminstruments.drumpadmachine.MainActivityDPM paused
I/io.presage.new.do.a(21393): INFO main io.presage.new.do.a - com.agminstruments.drumpadmachine.MainActivityDPM resumed
W/ViewRootImpl(21393): Dropping event due to no window focus: KeyEvent { action=ACTION_DOWN, keyCode=KEYCODE_DPAD_UP, scanCode=0, metaState=0, flags=0x8, repeatCount=0, eventTime=13067338, downTime=13067338, deviceId=-1, source=0x101 }
W/EGL_emulation(21393): eglSurfaceAttrib not implemented 3093 12436
W/ViewRootImpl(21393): Dropping event due to no window focus: KeyEvent { action=ACTION_DOWN, keyCode=KEYCODE_MENU, scanCode=0, metaState=0, flags=0x8, repeatCount=0, eventTime=13067364, downTime=13067364, deviceId=-1, source=0x101 }
W/ViewRootImpl(21393): Dropping event due to no window focus: KeyEvent { action=ACTION_DOWN, keyCode=KEYCODE_DPAD_DOWN, scanCode=0, metaState=0, flags=0x8, repeatCount=0, eventTime=13067429, downTime=13067429, deviceId=-1, source=0x101 }
W/InputMethodManagerService(  464): Window already focused, ignoring focus gain of: com.android.internal.view.IInputMethodClient$Stub$Proxy@4a94d444 attribute=null, token = android.os.BinderProxy@4ac2e624
W/ViewRootImpl(21393): Dropping event due to no window focus: MotionEvent { action=ACTION_MOVE, id[0]=0, x[0]=0.0, y[0]=0.0, toolType[0]=TOOL_TYPE_UNKNOWN, buttonState=0, metaState=0, flags=0x0, edgeFlags=0x0, pointerCount=1, historySize=7, eventTime=13067772, downTime=-1, deviceId=0, source=0x10004 }
W/EGL_emulation(21393): eglSurfaceAttrib not implemented 3093 12436
W/ViewRootImpl(21393): Dropping event due to no window focus: KeyEvent { action=ACTION_DOWN, keyCode=KEYCODE_DPAD_RIGHT, scanCode=0, metaState=0, flags=0x8, repeatCount=0, eventTime=13067774, downTime=13067774, deviceId=-1, source=0x101 }
W/ViewRootImpl(21393): Dropping event due to no window focus: KeyEvent { action=ACTION_DOWN, keyCode=KEYCODE_DPAD_RIGHT, scanCode=0, metaState=0, flags=0x8, repeatCount=0, eventTime=13067937, downTime=13067937, deviceId=-1, source=0x101 }
W/InputMethodManagerService(  464): Window already focused, ignoring focus gain of: com.android.internal.view.IInputMethodClient$Stub$Proxy@4a8f8d70 attribute=null, token = android.os.BinderProxy@4ac2e624
W/ViewRootImpl(21393): Dropping event due to no window focus: KeyEvent { action=ACTION_DOWN, keyCode=KEYCODE_F1, scanCode=0, metaState=0, flags=0x8, repeatCount=0, eventTime=13068071, downTime=13068071, deviceId=-1, source=0x101 }
W/ViewRootImpl(21393): Dropping event due to no window focus: KeyEvent { action=ACTION_DOWN, keyCode=KEYCODE_DPAD_DOWN, scanCode=0, metaState=0, flags=0x8, repeatCount=0, eventTime=13068078, downTime=13068078, deviceId=-1, source=0x101 }
W/EGL_emulation(21393): eglSurfaceAttrib not implemented 3093 12436
W/ViewRootImpl(21393): Dropping event due to no window focus: KeyEvent { action=ACTION_DOWN, keyCode=KEYCODE_MENU, scanCode=0, metaState=0, flags=0x8, repeatCount=0, eventTime=13068086, downTime=13068086, deviceId=-1, source=0x101 }
W/System.err(21393): log4j:WARN Received HTTP error from Sumo Service: 0
W/ViewRootImpl(21393): Dropping event due to no window focus: KeyEvent { action=ACTION_DOWN, keyCode=KEYCODE_BUTTON_A, scanCode=0, metaState=0, flags=0x8, repeatCount=0, eventTime=13068254, downTime=13068254, deviceId=-1, source=0x101 }
W/ViewRootImpl(21393): Dropping event due to no window focus: KeyEvent { action=ACTION_DOWN, keyCode=KEYCODE_DPAD_CENTER, scanCode=0, metaState=0, flags=0x8, repeatCount=0, eventTime=13068254, downTime=13068254, deviceId=-1, source=0x101 }
W/InputMethodManagerService(  464): Window already focused, ignoring focus gain of: com.android.internal.view.IInputMethodClient$Stub$Proxy@4abe0b50 attribute=android.view.inputmethod.EditorInfo@4addea68, token = android.os.BinderProxy@4ac2e624
I/ActivityManager(  464): START u0 {act=android.intent.action.VIEW dat=market://details?id=com.agminstruments.pianovoice&referrer=utm_source=dpm flg=0x18000000 cmp=com.android.vending/com.google.android.finsky.activities.LaunchUrlHandlerActivity} from pid 21393
W/EGL_emulation(21393): eglSurfaceAttrib not implemented 3093 12436
W/ViewRootImpl(21393): Dropping event due to no window focus: MotionEvent { action=ACTION_MOVE, id[0]=0, x[0]=-4.0, y[0]=2.0, toolType[0]=TOOL_TYPE_UNKNOWN, buttonState=0, metaState=0, flags=0x0, edgeFlags=0x0, pointerCount=1, historySize=0, eventTime=13068454, downTime=-1, deviceId=0, source=0x10004 }
W/ViewRootImpl(21393): Dropping event due to no window focus: KeyEvent { action=ACTION_DOWN, keyCode=KEYCODE_NUMPAD_COMMA, scanCode=0, metaState=0, flags=0x8, repeatCount=0, eventTime=13068463, downTime=13068463, deviceId=-1, source=0x101 }
I/ActivityManager(  464): START u0 {act=android.intent.action.VIEW dat=market://details?id=com.agminstruments.pianovoice&referrer=utm_source=dpm flg=0x18000000 cmp=com.android.vending/com.google.android.finsky.activities.LaunchUrlHandlerActivity} from pid 21393
W/InputMethodManagerService(  464): Window already focused, ignoring focus gain of: com.android.internal.view.IInputMethodClient$Stub$Proxy@4abc8cf4 attribute=android.view.inputmethod.EditorInfo@4abc5bd4, token = android.os.BinderProxy@4ac2e624
I/ActivityManager(  464): START u0 {act=android.intent.action.VIEW dat=market://details?id=com.agminstruments.dubstepdrumpadmachine&referrer=utm_source=dpm flg=0x18000000 cmp=com.android.vending/com.google.android.finsky.activities.LaunchUrlHandlerActivity} from pid 21393
W/ViewRootImpl(21393): Dropping event due to no window focus: KeyEvent { action=ACTION_DOWN, keyCode=KEYCODE_DPAD_UP, scanCode=0, metaState=0, flags=0x8, repeatCount=0, eventTime=13068730, downTime=13068730, deviceId=-1, source=0x101 }
W/EGL_emulation(21393): eglSurfaceAttrib not implemented 3093 12436
W/ViewRootImpl(21393): Dropping event due to no window focus: KeyEvent { action=ACTION_DOWN, keyCode=KEYCODE_MENU, scanCode=0, metaState=0, flags=0x8, repeatCount=0, eventTime=13068742, downTime=13068742, deviceId=-1, source=0x101 }
I/ActivityManager(  464): START u0 {act=android.intent.action.VIEW dat=market://details?id=com.agminstruments.dubstepdrumpadmachine&referrer=utm_source=dpm flg=0x18000000 cmp=com.android.vending/com.google.android.finsky.activities.LaunchUrlHandlerActivity} from pid 21393
W/InputMethodManagerService(  464): Window already focused, ignoring focus gain of: com.android.internal.view.IInputMethodClient$Stub$Proxy@4acc3d28 attribute=null, token = android.os.BinderProxy@4ac2e624
I/ActivityManager(  464): START u0 {act=android.intent.action.MAIN cat=[android.intent.category.LAUNCHER] flg=0x10200000 cmp=com.agminstruments.drumpadmachine/.MainActivityDPM} from pid 21383
I/io.presage.new.do.a(21393): INFO main io.presage.new.do.a - com.agminstruments.drumpadmachine.MainActivityDPM paused
I/io.presage.new.do.a(21393): INFO main io.presage.new.do.a - com.agminstruments.drumpadmachine.MainActivityDPM resumed
W/ViewRootImpl(21393): Dropping event due to no window focus: KeyEvent { action=ACTION_DOWN, keyCode=KEYCODE_DPAD_CENTER, scanCode=0, metaState=0, flags=0x8, repeatCount=0, eventTime=13069578, downTime=13069578, deviceId=-1, source=0x101 }
W/ViewRootImpl(21393): Dropping event due to no window focus: KeyEvent { action=ACTION_DOWN, keyCode=KEYCODE_DPAD_LEFT, scanCode=0, metaState=0, flags=0x8, repeatCount=0, eventTime=13069594, downTime=13069594, deviceId=-1, source=0x101 }
W/EGL_emulation(21393): eglSurfaceAttrib not implemented 3093 12436
W/ViewRootImpl(21393): Dropping event due to no window focus: KeyEvent { action=ACTION_DOWN, keyCode=KEYCODE_NUMPAD_5, scanCode=0, metaState=0, flags=0x8, repeatCount=0, eventTime=13069607, downTime=13069607, deviceId=-1, source=0x101 }
W/InputMethodManagerService(  464): Window already focused, ignoring focus gain of: com.android.internal.view.IInputMethodClient$Stub$Proxy@4ad65804 attribute=null, token = android.os.BinderProxy@4ac2e624
W/InputManager(  464): Input event injection from pid 21383 failed.
W/InputManager(  464): Input event injection from pid 21383 failed.
W/InputManager(  464): Input event injection from pid 21383 failed.
W/InputManager(  464): Input event injection from pid 21383 failed.
W/InputManager(  464): Input event injection from pid 21383 failed.
W/InputManager(  464): Input event injection from pid 21383 failed.
D/dalvikvm(  713): GC_CONCURRENT freed 2227K, 41% free 9515K/15900K, paused 1ms+3ms, total 23ms
I/ActivityManager(  464): START u0 {act=android.intent.action.VIEW dat=https://www.facebook.com/drumpadmachine cmp=com.android.browser/.BrowserActivity} from pid 21393
I/ActivityManager(  464): START u0 {act=android.intent.action.MAIN cat=[android.intent.category.HOME] flg=0x10200000 cmp=com.vphone.launcher/.Launcher} from pid 464
I/io.presage.new.do.b(21393): INFO main io.presage.new.do.b - Home key pressed from one of our activities
D/io.presage.Presage(21393): DEBUG main io.presage.Presage - User is going to leave the application by clicking on home. The last activity was com.agminstruments.drumpadmachine.MainActivityDPM
W/ViewRootImpl(21393): Dropping event due to no window focus: KeyEvent { action=ACTION_DOWN, keyCode=KEYCODE_DPAD_CENTER, scanCode=0, metaState=0, flags=0x8, repeatCount=0, eventTime=13070770, downTime=13070770, deviceId=-1, source=0x101 }
W/EGL_emulation(21393): eglSurfaceAttrib not implemented 3093 12436
W/ViewRootImpl(21393): Dropping event due to no window focus: MotionEvent { action=ACTION_MOVE, id[0]=0, x[0]=-4.0, y[0]=-3.0, toolType[0]=TOOL_TYPE_UNKNOWN, buttonState=0, metaState=0, flags=0x0, edgeFlags=0x0, pointerCount=1, historySize=1, eventTime=13070993, downTime=-1, deviceId=0, source=0x10004 }
I/InputDispatcher(  464): Dropped event because of pending overdue app switch.
W/InputManager(  464): Input event injection from pid 21383 failed.
W/InputMethodManagerService(  464): Window already focused, ignoring focus gain of: com.android.internal.view.IInputMethodClient$Stub$Proxy@4a9c812c attribute=android.view.inputmethod.EditorInfo@4a9b7728, token = android.os.BinderProxy@4ac2e624
D/dalvikvm(21393): GC_CONCURRENT freed 1410K, 62% free 7819K/20344K, paused 0ms+2ms, total 12ms
D/dalvikvm(21393): WAIT_FOR_CONCURRENT_GC blocked 9ms
I/ActivityManager(  464): START u0 {act=android.intent.action.MAIN cat=[android.intent.category.LAUNCHER] flg=0x10200000 cmp=com.agminstruments.drumpadmachine/.MainActivityDPM} from pid 21383
I/io.presage.new.do.a(21393): INFO main io.presage.new.do.a - com.agminstruments.drumpadmachine.MainActivityDPM paused
I/io.presage.new.do.a(21393): INFO main io.presage.new.do.a - com.agminstruments.drumpadmachine.MainActivityDPM resumed
W/ViewRootImpl(21393): Dropping event due to no window focus: KeyEvent { action=ACTION_DOWN, keyCode=KEYCODE_DPAD_UP, scanCode=0, metaState=0, flags=0x8, repeatCount=0, eventTime=13071281, downTime=13071281, deviceId=-1, source=0x101 }
W/EGL_emulation(21393): eglSurfaceAttrib not implemented 3093 12436
W/ViewRootImpl(21393): Dropping event due to no window focus: MotionEvent { action=ACTION_MOVE, id[0]=0, x[0]=4.0, y[0]=1.0, toolType[0]=TOOL_TYPE_UNKNOWN, buttonState=0, metaState=0, flags=0x0, edgeFlags=0x0, pointerCount=1, historySize=9, eventTime=13071324, downTime=-1, deviceId=0, source=0x10004 }
W/ViewRootImpl(21393): Dropping event due to no window focus: MotionEvent { action=ACTION_DOWN, id[0]=0, x[0]=0.0, y[0]=0.0, toolType[0]=TOOL_TYPE_UNKNOWN, buttonState=0, metaState=0, flags=0x0, edgeFlags=0x0, pointerCount=1, historySize=0, eventTime=13071325, downTime=13071314, deviceId=0, source=0x10004 }
W/ViewRootImpl(21393): Dropping event due to no window focus: KeyEvent { action=ACTION_DOWN, keyCode=KEYCODE_MENU, scanCode=0, metaState=0, flags=0x8, repeatCount=0, eventTime=13071328, downTime=13071328, deviceId=-1, source=0x101 }
V/InputMethodService(  644): onEvaluateInputViewShown: config.hardKeyboardHidden = 1
W/ContextImpl(  464): Calling a method in the system process without a qualified user: android.app.ContextImpl.sendBroadcast:1123 com.android.server.InputMethodManagerService.showCurrentInputLocked:1791 com.android.server.InputMethodManagerService.windowGainedFocus:2021 com.android.internal.view.IInputMethodManager$Stub.onTransact:221 com.android.server.InputMethodManagerService.onTransact:818 
V/InputMethodService(  644): onEvaluateInputViewShown: config.hardKeyboardHidden = 1
W/ContextImpl(  464): Calling a method in the system process without a qualified user: android.app.ContextImpl.sendBroadcast:1123 com.android.server.InputMethodManagerService.showCurrentInputLocked:1791 com.android.server.InputMethodManagerService.attachNewInputLocked:1095 com.android.server.InputMethodManagerService.startInputUncheckedLocked:1166 com.android.server.InputMethodManagerService.startInputLocked:1128 
W/InputEventReceiver(21393): Attempted to finish an input event but the input event receiver has already been disposed.
W/ViewRootImpl(21393): Dropping event due to root view being removed: KeyEvent { action=ACTION_DOWN, keyCode=KEYCODE_DPAD_RIGHT, scanCode=0, metaState=0, flags=0x8, repeatCount=0, eventTime=13071692, downTime=13071692, deviceId=-1, source=0x101 }
W/ContextImpl(  464): Calling a method in the system process without a qualified user: android.app.ContextImpl.sendBroadcast:1123 com.android.server.InputMethodManagerService.hideCurrentInputLocked:1880 com.android.server.InputMethodManagerService.windowGainedFocus:1968 com.android.internal.view.IInputMethodManager$Stub.onTransact:221 com.android.server.InputMethodManagerService.onTransact:818 
W/EGL_emulation(21393): eglSurfaceAttrib not implemented 3093 12436
I/ActivityManager(  464): START u0 {act=android.intent.action.MAIN cat=[android.intent.category.LAUNCHER] flg=0x10200000 cmp=com.agminstruments.drumpadmachine/.MainActivityDPM} from pid 21383
I/io.presage.new.do.a(21393): INFO main io.presage.new.do.a - com.agminstruments.drumpadmachine.MainActivityDPM paused
I/io.presage.new.do.a(21393): INFO main io.presage.new.do.a - com.agminstruments.drumpadmachine.MainActivityDPM resumed
I/ActivityManager(  464): START u0 {act=android.intent.action.MAIN cat=[android.intent.category.LAUNCHER] flg=0x10200000 cmp=com.agminstruments.drumpadmachine/.MainActivityDPM} from pid 21383
I/io.presage.new.do.a(21393): INFO main io.presage.new.do.a - com.agminstruments.drumpadmachine.MainActivityDPM paused
I/io.presage.new.do.a(21393): INFO main io.presage.new.do.a - com.agminstruments.drumpadmachine.MainActivityDPM resumed
W/InputMethodManagerService(  464): Window already focused, ignoring focus gain of: com.android.internal.view.IInputMethodClient$Stub$Proxy@4abfa120 attribute=null, token = android.os.BinderProxy@4ac2e624
I/ActivityManager(  464): START u0 {act=android.intent.action.MAIN cat=[android.intent.category.LAUNCHER] flg=0x10200000 cmp=com.agminstruments.drumpadmachine/.MainActivityDPM} from pid 21383
I/ActivityManager(  464): START u0 {act=android.intent.action.MAIN cat=[android.intent.category.LAUNCHER] flg=0x10200000 cmp=com.agminstruments.drumpadmachine/.MainActivityDPM} from pid 21383
I/io.presage.new.do.a(21393): INFO main io.presage.new.do.a - com.agminstruments.drumpadmachine.MainActivityDPM paused
I/io.presage.new.do.a(21393): INFO main io.presage.new.do.a - com.agminstruments.drumpadmachine.MainActivityDPM resumed
I/io.presage.new.do.a(21393): INFO main io.presage.new.do.a - com.agminstruments.drumpadmachine.MainActivityDPM paused
I/io.presage.new.do.a(21393): INFO main io.presage.new.do.a - com.agminstruments.drumpadmachine.MainActivityDPM resumed
I/ActivityManager(  464): START u0 {act=android.intent.action.MAIN cat=[android.intent.category.LAUNCHER] flg=0x10000000 cmp=com.android.browser/.BrowserActivity sel={act=android.intent.action.MAIN cat=[android.intent.category.APP_BROWSER]}} from pid 464
D/dalvikvm(  532): GC_CONCURRENT freed 2300K, 24% free 20354K/26584K, paused 3ms+0ms, total 21ms
I/ActivityManager(  464): START u0 {act=com.android.systemui.recent.action.TOGGLE_RECENTS flg=0x10800000 cmp=com.android.systemui/.recent.RecentsActivity (has extras)} from pid 532
D/dalvikvm(  464): GC_CONCURRENT freed 3079K, 52% free 15155K/31284K, paused 2ms+2ms, total 41ms
I/ActivityManager(  464): START u0 {cmp=com.agminstruments.drumpadmachine/.InnerScreenActivity (has extras)} from pid 21393
I/io.presage.new.do.a(21393): INFO main io.presage.new.do.a - com.agminstruments.drumpadmachine.MainActivityDPM paused
I/ActivityManager(  464): START u0 {cmp=com.agminstruments.drumpadmachine/.InnerScreenActivity (has extras)} from pid 21393
I/dalvikvm(21393): Could not find method android.view.Window.setReturnTransition, referenced from method com.agminstruments.drumpadmachine.InnerScreenActivity.onBackPressed
W/dalvikvm(21393): VFY: unable to resolve virtual method 8089: Landroid/view/Window;.setReturnTransition (Landroid/transition/Transition;)V
D/dalvikvm(21393): VFY: replacing opcode 0x6e at 0x0016
I/dalvikvm(21393): Could not find method android.view.Window.setAllowEnterTransitionOverlap, referenced from method com.agminstruments.drumpadmachine.InnerScreenActivity.onCreate
W/dalvikvm(21393): VFY: unable to resolve virtual method 8078: Landroid/view/Window;.setAllowEnterTransitionOverlap (Z)V
D/dalvikvm(21393): VFY: replacing opcode 0x6e at 0x0067
I/dalvikvm(21393): Could not find method android.content.res.Resources.getColor, referenced from method com.agminstruments.drumpadmachine.InnerScreenActivity.onCreate
W/dalvikvm(21393): VFY: unable to resolve virtual method 1088: Landroid/content/res/Resources;.getColor (ILandroid/content/res/Resources$Theme;)I
D/dalvikvm(21393): VFY: replacing opcode 0x6e at 0x0092
I/dalvikvm(21393): Could not find method android.content.res.Resources.getColor, referenced from method com.agminstruments.drumpadmachine.InnerScreenActivity.onCreate
W/dalvikvm(21393): VFY: unable to resolve virtual method 1088: Landroid/content/res/Resources;.getColor (ILandroid/content/res/Resources$Theme;)I
D/dalvikvm(21393): VFY: replacing opcode 0x6e at 0x00f0
I/dalvikvm(21393): Could not find method android.view.Window.setAllowReturnTransitionOverlap, referenced from method com.agminstruments.drumpadmachine.InnerScreenActivity.onCreate
W/dalvikvm(21393): VFY: unable to resolve virtual method 8079: Landroid/view/Window;.setAllowReturnTransitionOverlap (Z)V
D/dalvikvm(21393): VFY: replacing opcode 0x6e at 0x0142
I/io.presage.new.do.a(21393): INFO main io.presage.new.do.a - com.agminstruments.drumpadmachine.InnerScreenActivity started.
I/InputDispatcher(  464): Dropped event because of pending overdue app switch.
I/System.out(21393): body:<com.batch.android.d.ah: void a(java.lang.String,java.lang.String[])>	sig:$r3 = staticinvoke <java.net.URLEncoder: java.lang.String encode(java.lang.String,java.lang.String)>($r3, "UTF-8")	timediff:0
I/System.out(21393): body:<com.batch.android.d.ah: void a(java.lang.String,java.lang.String[])>	sig:specialinvoke $r9.<java.net.URL: void <init>(java.lang.String)>($r1)	timediff:0
I/System.out(21393): <com.batch.android.d.ah: void a(java.lang.String,java.lang.String[])>###specialinvoke $r9.<java.net.URL: void <init>(java.lang.String)>($r1)###https://ws.batch.com/a/1.5.3/st/547EEAF1AD789DD47825DC2B12C080
I/System.out(21393): body:<com.batch.android.d.ah: void a(java.lang.String,java.lang.String[])>	sig:$r3 = virtualinvoke $r9.<java.net.URL: java.lang.String getQuery()>()	timediff:0
I/io.presage.new.do.a(21393): INFO main io.presage.new.do.a - com.agminstruments.drumpadmachine.InnerScreenActivity resumed
W/InputManager(  464): Input event injection from pid 21383 failed.
I/io.presage.new.do.a(21393): INFO main io.presage.new.do.a - com.agminstruments.drumpadmachine.InnerScreenActivity paused
W/EGL_emulation(21393): eglSurfaceAttrib not implemented 3093 12436
I/io.presage.new.do.a(21393): INFO main io.presage.new.do.a - com.agminstruments.drumpadmachine.InnerScreenActivity started.
I/io.presage.new.do.a(21393): INFO main io.presage.new.do.a - com.agminstruments.drumpadmachine.InnerScreenActivity resumed
W/System.err(21393): log4j:WARN Received HTTP error from Sumo Service: 0
W/EGL_emulation(21393): eglSurfaceAttrib not implemented 3093 12436
E/Batch   (21393): Batch.Push : Error while requesting push token to GCM : SERVICE_NOT_AVAILABLE
I/System.out(21393): body:<com.batch.android.d.ah: java.net.URL a(com.batch.android.d.x,com.batch.android.d.f)>	sig:specialinvoke $r3.<java.net.URL: void <init>(java.lang.String)>($r5)	timediff:0
I/System.out(21393): <com.batch.android.d.ah: java.net.URL a(com.batch.android.d.x,com.batch.android.d.f)>###specialinvoke $r3.<java.net.URL: void <init>(java.lang.String)>($r5)###https://ws.batch.com/a/1.5.3/st/547EEAF1AD789DD47825DC2B12C080
I/System.out(21393): body:<com.batch.android.d.aj: java.net.HttpURLConnection w()>	sig:$r3 = virtualinvoke $r2.<java.net.URL: java.net.URLConnection openConnection()>()	timediff:0
I/System.out(21393): body:<com.batch.android.d.aj: java.net.HttpURLConnection w()>	sig:virtualinvoke $r4.<java.net.HttpURLConnection: void setConnectTimeout(int)>($i0)	timediff:0
I/System.out(21393): body:<com.batch.android.d.aj: java.net.HttpURLConnection w()>	sig:virtualinvoke $r4.<java.net.HttpURLConnection: void setReadTimeout(int)>($i0)	timediff:0
I/System.out(21393): body:<com.batch.android.d.aj: java.net.HttpURLConnection w()>	sig:virtualinvoke $r4.<java.net.HttpURLConnection: void setRequestProperty(java.lang.String,java.lang.String)>($r8, $r9)	timediff:1
I/System.out(21393): body:<com.batch.android.d.aj: java.net.HttpURLConnection w()>	sig:virtualinvoke $r4.<java.net.HttpURLConnection: void setRequestProperty(java.lang.String,java.lang.String)>($r8, $r9)	timediff:0
I/System.out(21393): body:<com.batch.android.d.aj: java.net.HttpURLConnection w()>	sig:virtualinvoke $r4.<java.net.HttpURLConnection: void setRequestProperty(java.lang.String,java.lang.String)>($r8, $r9)	timediff:0
I/System.out(21393): body:<com.batch.android.d.aj: java.net.HttpURLConnection w()>	sig:virtualinvoke $r4.<java.net.HttpURLConnection: void setRequestProperty(java.lang.String,java.lang.String)>($r8, $r9)	timediff:0
I/System.out(21393): body:<com.batch.android.d.aj: java.net.HttpURLConnection w()>	sig:virtualinvoke $r4.<java.net.HttpURLConnection: void setRequestProperty(java.lang.String,java.lang.String)>("Accept-Encoding", "gzip")	timediff:0
I/System.out(21393): body:<com.batch.android.d.aj: java.net.HttpURLConnection w()>	sig:virtualinvoke $r4.<java.net.HttpURLConnection: void setDoOutput(boolean)>(1)	timediff:0
I/System.out(21393): body:<com.batch.android.d.aj: java.net.HttpURLConnection w()>	sig:virtualinvoke $r4.<java.net.HttpURLConnection: void setRequestMethod(java.lang.String)>("POST")	timediff:0
W/ViewRootImpl(21393): Dropping event due to no window focus: KeyEvent { action=ACTION_DOWN, keyCode=KEYCODE_DPAD_DOWN, scanCode=0, metaState=0, flags=0x8, repeatCount=0, eventTime=13073286, downTime=13073286, deviceId=-1, source=0x101 }
I/System.out(21393): body:<com.batch.android.d.aj: java.net.HttpURLConnection w()>	sig:virtualinvoke $r4.<java.net.HttpURLConnection: void setRequestProperty(java.lang.String,java.lang.String)>("Content-Type", $r9)	timediff:0
I/System.out(21393): body:<com.batch.android.d.ah: java.net.URL a(com.batch.android.d.x,com.batch.android.d.f)>	sig:specialinvoke $r3.<java.net.URL: void <init>(java.lang.String)>($r5)	timediff:0
I/System.out(21393): <com.batch.android.d.ah: java.net.URL a(com.batch.android.d.x,com.batch.android.d.f)>###specialinvoke $r3.<java.net.URL: void <init>(java.lang.String)>($r5)###https://ws.batch.com/a/1.5.3/st/547EEAF1AD789DD47825DC2B12C080
I/System.out(21393): body:<com.batch.android.d.aj: java.net.HttpURLConnection w()>	sig:$r3 = virtualinvoke $r2.<java.net.URL: java.net.URLConnection openConnection()>()	timediff:0
I/System.out(21393): body:<com.batch.android.d.aj: java.net.HttpURLConnection w()>	sig:virtualinvoke $r4.<java.net.HttpURLConnection: void setConnectTimeout(int)>($i0)	timediff:0
I/System.out(21393): body:<com.batch.android.d.aj: java.net.HttpURLConnection w()>	sig:virtualinvoke $r4.<java.net.HttpURLConnection: void setReadTimeout(int)>($i0)	timediff:0
I/System.out(21393): body:<com.batch.android.d.aj: java.net.HttpURLConnection w()>	sig:virtualinvoke $r4.<java.net.HttpURLConnection: void setRequestProperty(java.lang.String,java.lang.String)>($r8, $r9)	timediff:0
I/System.out(21393): body:<com.batch.android.d.aj: java.net.HttpURLConnection w()>	sig:virtualinvoke $r4.<java.net.HttpURLConnection: void setRequestProperty(java.lang.String,java.lang.String)>($r8, $r9)	timediff:0
I/System.out(21393): body:<com.batch.android.d.aj: java.net.HttpURLConnection w()>	sig:virtualinvoke $r4.<java.net.HttpURLConnection: void setRequestProperty(java.lang.String,java.lang.String)>($r8, $r9)	timediff:1
I/System.out(21393): body:<com.batch.android.d.aj: java.net.HttpURLConnection w()>	sig:virtualinvoke $r4.<java.net.HttpURLConnection: void setRequestProperty(java.lang.String,java.lang.String)>($r8, $r9)	timediff:0
I/System.out(21393): body:<com.batch.android.d.aj: java.net.HttpURLConnection w()>	sig:virtualinvoke $r4.<java.net.HttpURLConnection: void setRequestProperty(java.lang.String,java.lang.String)>($r8, $r9)	timediff:0
I/System.out(21393): body:<com.batch.android.d.aj: java.net.HttpURLConnection w()>	sig:virtualinvoke $r4.<java.net.HttpURLConnection: void setRequestProperty(java.lang.String,java.lang.String)>("Accept-Encoding", "gzip")	timediff:0
I/System.out(21393): body:<com.batch.android.d.aj: java.net.HttpURLConnection w()>	sig:virtualinvoke $r4.<java.net.HttpURLConnection: void setDoOutput(boolean)>(1)	timediff:0
I/System.out(21393): body:<com.batch.android.d.aj: java.net.HttpURLConnection w()>	sig:virtualinvoke $r4.<java.net.HttpURLConnection: void setRequestMethod(java.lang.String)>("POST")	timediff:0
W/SocketClient(  163): write error (Broken pipe)
I/System.out(21393): body:<com.batch.android.d.aj: java.net.HttpURLConnection w()>	sig:virtualinvoke $r4.<java.net.HttpURLConnection: void setRequestProperty(java.lang.String,java.lang.String)>("Content-Type", $r9)	timediff:0
I/System.out(21393): body:<com.batch.android.d.ah: java.net.URL a(com.batch.android.d.x,com.batch.android.d.f)>	sig:specialinvoke $r3.<java.net.URL: void <init>(java.lang.String)>($r5)	timediff:0
I/System.out(21393): <com.batch.android.d.ah: java.net.URL a(com.batch.android.d.x,com.batch.android.d.f)>###specialinvoke $r3.<java.net.URL: void <init>(java.lang.String)>($r5)###https://ws.batch.com/a/1.5.3/st/547EEAF1AD789DD47825DC2B12C080
I/System.out(21393): body:<com.batch.android.d.aj: java.net.HttpURLConnection w()>	sig:$r3 = virtualinvoke $r2.<java.net.URL: java.net.URLConnection openConnection()>()	timediff:0
I/System.out(21393): body:<com.batch.android.d.aj: java.net.HttpURLConnection w()>	sig:virtualinvoke $r4.<java.net.HttpURLConnection: void setConnectTimeout(int)>($i0)	timediff:0
I/System.out(21393): body:<com.batch.android.d.aj: java.net.HttpURLConnection w()>	sig:virtualinvoke $r4.<java.net.HttpURLConnection: void setReadTimeout(int)>($i0)	timediff:0
I/System.out(21393): body:<com.batch.android.d.aj: java.net.HttpURLConnection w()>	sig:virtualinvoke $r4.<java.net.HttpURLConnection: void setRequestProperty(java.lang.String,java.lang.String)>($r8, $r9)	timediff:0
I/System.out(21393): body:<com.batch.android.d.aj: java.net.HttpURLConnection w()>	sig:virtualinvoke $r4.<java.net.HttpURLConnection: void setRequestProperty(java.lang.String,java.lang.String)>($r8, $r9)	timediff:1
I/System.out(21393): body:<com.batch.android.d.aj: java.net.HttpURLConnection w()>	sig:virtualinvoke $r4.<java.net.HttpURLConnection: void setRequestProperty(java.lang.String,java.lang.String)>($r8, $r9)	timediff:0
I/System.out(21393): body:<com.batch.android.d.aj: java.net.HttpURLConnection w()>	sig:virtualinvoke $r4.<java.net.HttpURLConnection: void setRequestProperty(java.lang.String,java.lang.String)>($r8, $r9)	timediff:0
I/System.out(21393): body:<com.batch.android.d.aj: java.net.HttpURLConnection w()>	sig:virtualinvoke $r4.<java.net.HttpURLConnection: void setRequestProperty(java.lang.String,java.lang.String)>($r8, $r9)	timediff:0
I/System.out(21393): body:<com.batch.android.d.aj: java.net.HttpURLConnection w()>	sig:virtualinvoke $r4.<java.net.HttpURLConnection: void setRequestProperty(java.lang.String,java.lang.String)>("Accept-Encoding", "gzip")	timediff:0
I/System.out(21393): body:<com.batch.android.d.aj: java.net.HttpURLConnection w()>	sig:virtualinvoke $r4.<java.net.HttpURLConnection: void setDoOutput(boolean)>(1)	timediff:0
I/System.out(21393): body:<com.batch.android.d.aj: java.net.HttpURLConnection w()>	sig:virtualinvoke $r4.<java.net.HttpURLConnection: void setRequestMethod(java.lang.String)>("POST")	timediff:3
I/System.out(21393): body:<com.batch.android.d.aj: java.net.HttpURLConnection w()>	sig:virtualinvoke $r4.<java.net.HttpURLConnection: void setRequestProperty(java.lang.String,java.lang.String)>("Content-Type", $r9)	timediff:0
W/ResourceType(  464): Skipping entry 0x7f040002 in package table 0 because it is not complex!
W/ResourceType(  464): Skipping entry 0x7f040003 in package table 0 because it is not complex!
I/ActivityManager(  464): Displayed com.agminstruments.drumpadmachine/.InnerScreenActivity: +539ms (total +597ms)
W/ViewRootImpl(21393): Dropping event due to no window focus: KeyEvent { action=ACTION_DOWN, keyCode=KEYCODE_DPAD_CENTER, scanCode=0, metaState=0, flags=0x8, repeatCount=0, eventTime=13073336, downTime=13073336, deviceId=-1, source=0x101 }
W/ContextImpl(  464): Calling a method in the system process without a qualified user: android.app.ContextImpl.sendBroadcast:1123 com.android.server.InputMethodManagerService.hideCurrentInputLocked:1880 com.android.server.InputMethodManagerService.windowGainedFocus:1968 com.android.internal.view.IInputMethodManager$Stub.onTransact:221 com.android.server.InputMethodManagerService.onTransact:818 
W/SurfaceFlinger(  167): couldn't log to binary event log: overflow.
I/io.presage.new.do.a(21393): INFO main io.presage.new.do.a - com.agminstruments.drumpadmachine.MainActivityDPM stopped
I/io.presage.new.do.a(21393): INFO main io.presage.new.do.a - com.agminstruments.drumpadmachine.InnerScreenActivity stopped
I/io.presage.new.do.a(21393): INFO main io.presage.new.do.a - com.agminstruments.drumpadmachine.InnerScreenActivity paused
I/io.presage.new.do.a(21393): INFO main io.presage.new.do.a - com.agminstruments.drumpadmachine.InnerScreenActivity started.
I/io.presage.new.do.a(21393): INFO main io.presage.new.do.a - com.agminstruments.drumpadmachine.InnerScreenActivity resumed
W/InputManager(  464): Input event injection from pid 21383 failed.
W/InputManager(  464): Input event injection from pid 21383 failed.
W/EGL_emulation(21393): eglSurfaceAttrib not implemented 3093 12436
W/ViewRootImpl(21393): Dropping event due to no window focus: KeyEvent { action=ACTION_DOWN, keyCode=KEYCODE_VOLUME_UP, scanCode=0, metaState=0, flags=0x8, repeatCount=0, eventTime=13073951, downTime=13073951, deviceId=-1, source=0x101 }
I/MediaExtractor(  170): Use extended extractor for the special mime(audio/x-wav) or codec
E/Utils   (  170):  Couldn't map mime type "audio/ffmpeg" to a valid AudioSystem::audio_format !
D/OMXCodec(  170): setFFmpegAudioFormat
I/MediaExtractor(  170): Use extended extractor for the special mime(audio/x-wav) or codec
E/Utils   (  170):  Couldn't map mime type "audio/ffmpeg" to a valid AudioSystem::audio_format !
D/OMXCodec(  170): setFFmpegAudioFormat
I/MediaExtractor(  170): Use extended extractor for the special mime(audio/x-wav) or codec
E/Utils   (  170):  Couldn't map mime type "audio/ffmpeg" to a valid AudioSystem::audio_format !
D/OMXCodec(  170): setFFmpegAudioFormat
I/Choreographer(21393): Skipped 74 frames!  The application may be doing too much work on its main thread.
W/ViewRootImpl(21393): Dropping event due to no window focus: KeyEvent { action=ACTION_DOWN, keyCode=KEYCODE_MENU, scanCode=0, metaState=0, flags=0x8, repeatCount=0, eventTime=13074023, downTime=13074023, deviceId=-1, source=0x101 }
I/MediaExtractor(  170): Use extended extractor for the special mime(audio/x-wav) or codec
W/ContextImpl(  464): Calling a method in the system process without a qualified user: android.app.ContextImpl.sendBroadcast:1123 com.android.server.InputMethodManagerService.hideCurrentInputLocked:1880 com.android.server.InputMethodManagerService.windowGainedFocus:1968 com.android.internal.view.IInputMethodManager$Stub.onTransact:221 com.android.server.InputMethodManagerService.onTransact:818 
W/ResourceType(  464): Skipping entry 0x7f040001 in package table 0 because it is not complex!
W/ResourceType(  464): Skipping entry 0x7f040004 in package table 0 because it is not complex!
E/Utils   (  170):  Couldn't map mime type "audio/ffmpeg" to a valid AudioSystem::audio_format !
D/OMXCodec(  170): setFFmpegAudioFormat
I/MediaExtractor(  170): Use extended extractor for the special mime(audio/x-wav) or codec
E/Utils   (  170):  Couldn't map mime type "audio/ffmpeg" to a valid AudioSystem::audio_format !
D/OMXCodec(  170): setFFmpegAudioFormat
I/MediaExtractor(  170): Use extended extractor for the special mime(audio/x-wav) or codec
E/Utils   (  170):  Couldn't map mime type "audio/ffmpeg" to a valid AudioSystem::audio_format !
D/OMXCodec(  170): setFFmpegAudioFormat
I/MediaExtractor(  170): Use extended extractor for the special mime(audio/x-wav) or codec
E/Utils   (  170):  Couldn't map mime type "audio/ffmpeg" to a valid AudioSystem::audio_format !
D/OMXCodec(  170): setFFmpegAudioFormat
I/MediaExtractor(  170): Use extended extractor for the special mime(audio/x-wav) or codec
E/Utils   (  170):  Couldn't map mime type "audio/ffmpeg" to a valid AudioSystem::audio_format !
D/OMXCodec(  170): setFFmpegAudioFormat
I/MediaExtractor(  170): Use extended extractor for the special mime(audio/x-wav) or codec
E/Utils   (  170):  Couldn't map mime type "audio/ffmpeg" to a valid AudioSystem::audio_format !
D/OMXCodec(  170): setFFmpegAudioFormat
I/MediaExtractor(  170): Use extended extractor for the special mime(audio/x-wav) or codec
E/Utils   (  170):  Couldn't map mime type "audio/ffmpeg" to a valid AudioSystem::audio_format !
D/OMXCodec(  170): setFFmpegAudioFormat
I/Choreographer(21393): Skipped 60 frames!  The application may be doing too much work on its main thread.
W/Ads     (21393): Error while pinging URL: https://pagead2.googlesyndication.com/pagead/gen_204?is_aia=false&id=gmob-apps-report-exception&os=4.4.2&api=19&device=samsung%20SM-G955N&js=afma-sdk-a-v12221070.10084000.1&appid=com.agminstruments.drumpadmachine&exceptiontype=com.google.android.gms.ads.internal.js.function.a&stacktrace=com.google.android.gms.ads.internal.js.function.a%3A%20Unable%20to%20obtain%20a%20JavascriptEngine.%0A%09at%20com.google.android.gms.ads.internal.js.function.m.a(com.google.android.gms.DynamiteModulesA%4012221070%4012.2.21%20(070-188803320)%3A2)%0A%09at%20com.google.android.gms.ads.internal.util.promise.e.d(com.google.android.gms.DynamiteModulesA%4012221070%4012.2.21%20(070-188803320)%3A28)%0A%09at%20com.google.android.gms.ads.internal.js.ad.a(com.google.android.gms.DynamiteModulesA%4012221070%4012.2.21%20(070-188803320)%3A2)%0A%09at%20com.google.android.gms.ads.internal.util.promise.e.d(com.google.android.gms.DynamiteModulesA%4012221070%4012.2.21%20(070-188803320)%3A28)%0A%09at%20com.google.android.gms.ads.internal.js.n.run(Unknown%20Source)%0A%09at%20android.os.Handler.handleCallback(Handler.java%3A733)%0A%09at%20android.os.Handler.dispatchMessage(Handler.java%3A95)%0A%09at%20android.os.Looper.loop(Looper.java%3A136)%0A%09at%20android.app.ActivityThread.main(ActivityThread.java%3A5019)%0A%09at%20java.lang.reflect.Method.invokeNative(Native%20Method)%0A%09at%20java.lang.reflect.Method.invoke(Method.java%3A515)%0A%09at%20com.android.internal.os.ZygoteInit%24MethodAndArgsCaller.run(ZygoteInit.java%3A779)%0A%09at%20com.android.internal.os.ZygoteInit.main(ZygoteInit.java%3A595)%0A%09at%20dalvik.system.NativeStart.main(Native%20Method)%0A&eids=318475418%2C%2C318480178&exceptionkey=ConfigLoader.maybeFetchNewAppSettings&cl=188803320&rc=dev&session_id=5370800695612539982&sampling_rate=1&pb_tm=1.0. Unable to resolve host "pagead2.googlesyndication.com": No address associated with hostname
I/MediaExtractor(  170): Use extended extractor for the special mime(audio/x-wav) or codec
W/SurfaceFlinger(  167): couldn't log to binary event log: overflow.
E/Utils   (  170):  Couldn't map mime type "audio/ffmpeg" to a valid AudioSystem::audio_format !
D/OMXCodec(  170): setFFmpegAudioFormat
I/MediaExtractor(  170): Use extended extractor for the special mime(audio/x-wav) or codec
E/Utils   (  170):  Couldn't map mime type "audio/ffmpeg" to a valid AudioSystem::audio_format !
D/OMXCodec(  170): setFFmpegAudioFormat
I/MediaExtractor(  170): Use extended extractor for the special mime(audio/x-wav) or codec
E/Utils   (  170):  Couldn't map mime type "audio/ffmpeg" to a valid AudioSystem::audio_format !
D/OMXCodec(  170): setFFmpegAudioFormat
W/System.err(21393): log4j:WARN Received HTTP error from Sumo Service: 0
W/SocketClient(  163): write error (Broken pipe)
I/MediaExtractor(  170): Use extended extractor for the special mime(audio/x-wav) or codec
E/Utils   (  170):  Couldn't map mime type "audio/ffmpeg" to a valid AudioSystem::audio_format !
D/OMXCodec(  170): setFFmpegAudioFormat
I/MediaExtractor(  170): Use extended extractor for the special mime(audio/x-wav) or codec
E/Utils   (  170):  Couldn't map mime type "audio/ffmpeg" to a valid AudioSystem::audio_format !
D/OMXCodec(  170): setFFmpegAudioFormat
I/MediaExtractor(  170): Use extended extractor for the special mime(audio/x-wav) or codec
E/Utils   (  170):  Couldn't map mime type "audio/ffmpeg" to a valid AudioSystem::audio_format !
D/OMXCodec(  170): setFFmpegAudioFormat
I/MediaExtractor(  170): Use extended extractor for the special mime(audio/x-wav) or codec
E/Utils   (  170):  Couldn't map mime type "audio/ffmpeg" to a valid AudioSystem::audio_format !
D/OMXCodec(  170): setFFmpegAudioFormat
I/Choreographer(21393): Skipped 116 frames!  The application may be doing too much work on its main thread.
I/io.presage.new.do.a(21393): INFO main io.presage.new.do.a - com.agminstruments.drumpadmachine.InnerScreenActivity paused
I/io.presage.new.do.a(21393): INFO main io.presage.new.do.a - com.agminstruments.drumpadmachine.MainActivityDPM started.
W/ResourceType(21393): No package identifier when getting value for resource number 0x00000000
I/io.presage.new.do.a(21393): INFO main io.presage.new.do.a - com.agminstruments.drumpadmachine.MainActivityDPM resumed
I/System.out(21393): body:<com.tapjoy.TapjoyUtil: java.lang.String copyTextFromJarIntoString(java.lang.String,android.content.Context)>	sig:$r11 = virtualinvoke $r7.<java.net.URL: java.lang.String getFile()>()	timediff:1
D/dalvikvm(21393): GC_CONCURRENT freed 2094K, 64% free 7404K/20344K, paused 1ms+1ms, total 15ms
D/dalvikvm(21393): WAIT_FOR_CONCURRENT_GC blocked 19ms
I/MediaExtractor(  170): Use extended extractor for the special mime(audio/x-wav) or codec
W/EGL_emulation(21393): eglSurfaceAttrib not implemented 3093 12436
D/dalvikvm(21393): GC_CONCURRENT freed 1375K, 63% free 7551K/20344K, paused 1ms+0ms, total 39ms
D/dalvikvm(21393): WAIT_FOR_CONCURRENT_GC blocked 38ms
E/Utils   (  170):  Couldn't map mime type "audio/ffmpeg" to a valid AudioSystem::audio_format !
D/OMXCodec(  170): setFFmpegAudioFormat
W/ContextImpl(  464): Calling a method in the system process without a qualified user: android.app.ContextImpl.sendBroadcast:1123 com.android.server.InputMethodManagerService.hideCurrentInputLocked:1880 com.android.server.InputMethodManagerService.windowGainedFocus:1968 com.android.internal.view.IInputMethodManager$Stub.onTransact:221 com.android.server.InputMethodManagerService.onTransact:818 
I/MediaExtractor(  170): Use extended extractor for the special mime(audio/x-wav) or codec
I/System.out(21393): body:<com.tapjoy.TapjoyURLConnection: com.tapjoy.TapjoyHttpURLResponse getResponseFromURL(java.lang.String,java.lang.String,int,boolean,java.util.Map,java.lang.String,java.lang.String)>	sig:specialinvoke $r9.<java.net.URL: void <init>(java.lang.String)>($r2)	timediff:0
I/System.out(21393): <com.tapjoy.TapjoyURLConnection: com.tapjoy.TapjoyHttpURLResponse getResponseFromURL(java.lang.String,java.lang.String,int,boolean,java.util.Map,java.lang.String,java.lang.String)>###specialinvoke $r9.<java.net.URL: void <init>(java.lang.String)>($r2)###https://connect.tapjoy.com/api/connect/v3.json?
I/System.out(21393): body:<com.tapjoy.internal.eh: java.net.URLConnection a(java.net.URL)>	sig:$r1 = virtualinvoke $r0.<java.net.URL: java.net.URLConnection openConnection()>()	timediff:0
I/System.out(21393): body:<com.tapjoy.TapjoyURLConnection: com.tapjoy.TapjoyHttpURLResponse getResponseFromURL(java.lang.String,java.lang.String,int,boolean,java.util.Map,java.lang.String,java.lang.String)>	sig:virtualinvoke $r11.<java.net.HttpURLConnection: void setConnectTimeout(int)>(15000)	timediff:0
I/System.out(21393): body:<com.tapjoy.TapjoyURLConnection: com.tapjoy.TapjoyHttpURLResponse getResponseFromURL(java.lang.String,java.lang.String,int,boolean,java.util.Map,java.lang.String,java.lang.String)>	sig:virtualinvoke $r11.<java.net.HttpURLConnection: void setReadTimeout(int)>(30000)	timediff:0
I/System.out(21393): body:<com.tapjoy.TapjoyURLConnection: com.tapjoy.TapjoyHttpURLResponse getResponseFromURL(java.lang.String,java.lang.String,int,boolean,java.util.Map,java.lang.String,java.lang.String)>	sig:virtualinvoke $r11.<java.net.HttpURLConnection: void setRequestMethod(java.lang.String)>("POST")	timediff:0
I/System.out(21393): body:<com.tapjoy.TapjoyURLConnection: com.tapjoy.TapjoyHttpURLResponse getResponseFromURL(java.lang.String,java.lang.String,int,boolean,java.util.Map,java.lang.String,java.lang.String)>	sig:virtualinvoke $r11.<java.net.HttpURLConnection: void setRequestProperty(java.lang.String,java.lang.String)>("Content-Type", $r4)	timediff:0
I/System.out(21393): body:<com.tapjoy.TapjoyURLConnection: com.tapjoy.TapjoyHttpURLResponse getResponseFromURL(java.lang.String,java.lang.String,int,boolean,java.util.Map,java.lang.String,java.lang.String)>	sig:virtualinvoke $r11.<java.net.HttpURLConnection: void setRequestProperty(java.lang.String,java.lang.String)>("Connection", "close")	timediff:0
I/System.out(21393): body:<com.tapjoy.TapjoyURLConnection: com.tapjoy.TapjoyHttpURLResponse getResponseFromURL(java.lang.String,java.lang.String,int,boolean,java.util.Map,java.lang.String,java.lang.String)>	sig:virtualinvoke $r11.<java.net.HttpURLConnection: void setDoOutput(boolean)>(1)	timediff:0
I/System.out(21393): body:<com.tapjoy.TapjoyURLConnection: com.tapjoy.TapjoyHttpURLResponse getResponseFromURL(java.lang.String,java.lang.String,int,boolean,java.util.Map,java.lang.String,java.lang.String)>	sig:virtualinvoke $r11.<java.net.HttpURLConnection: void setFixedLengthStreamingMode(int)>($i0)	timediff:0
I/System.out(21393): body:<com.tapjoy.TapjoyURLConnection: com.tapjoy.TapjoyHttpURLResponse getResponseFromURL(java.lang.String,java.lang.String,int,boolean,java.util.Map,java.lang.String,java.lang.String)>	sig:$r20 = virtualinvoke $r7.<java.net.HttpURLConnection: java.io.InputStream getErrorStream()>()	timediff:0
E/Utils   (  170):  Couldn't map mime type "audio/ffmpeg" to a valid AudioSystem::audio_format !
D/OMXCodec(  170): setFFmpegAudioFormat
W/SurfaceFlinger(  167): couldn't log to binary event log: overflow.
I/MediaExtractor(  170): Use extended extractor for the special mime(audio/x-wav) or codec
I/io.presage.new.do.a(21393): INFO main io.presage.new.do.a - com.agminstruments.drumpadmachine.InnerScreenActivity stopped
I/io.presage.new.do.a(21393): INFO main io.presage.new.do.a - com.agminstruments.drumpadmachine.InnerScreenActivity stopped
E/Utils   (  170):  Couldn't map mime type "audio/ffmpeg" to a valid AudioSystem::audio_format !
D/OMXCodec(  170): setFFmpegAudioFormat
W/EGL_emulation(21393): eglSurfaceAttrib not implemented 3093 12436
W/ResourceType(21393): No package identifier when getting value for resource number 0x00000000
I/System.out(21393): body:<com.tapjoy.TapjoyUtil: java.lang.String copyTextFromJarIntoString(java.lang.String,android.content.Context)>	sig:$r11 = virtualinvoke $r7.<java.net.URL: java.lang.String getFile()>()	timediff:1
D/dalvikvm(21393): GC_CONCURRENT freed 1502K, 63% free 7639K/20344K, paused 1ms+2ms, total 8ms
D/dalvikvm(21393): WAIT_FOR_CONCURRENT_GC blocked 6ms
D/dalvikvm(21393): GC_CONCURRENT freed 1686K, 64% free 7512K/20344K, paused 1ms+1ms, total 12ms
D/dalvikvm(21393): WAIT_FOR_CONCURRENT_GC blocked 10ms
W/InputMethodManagerService(  464): Window already focused, ignoring focus gain of: com.android.internal.view.IInputMethodClient$Stub$Proxy@4aa67184 attribute=null, token = android.os.BinderProxy@4ac2e624
I/System.out(21393): body:<com.tapjoy.TapjoyURLConnection: com.tapjoy.TapjoyHttpURLResponse getResponseFromURL(java.lang.String,java.lang.String,int,boolean,java.util.Map,java.lang.String,java.lang.String)>	sig:specialinvoke $r9.<java.net.URL: void <init>(java.lang.String)>($r2)	timediff:0
I/System.out(21393): <com.tapjoy.TapjoyURLConnection: com.tapjoy.TapjoyHttpURLResponse getResponseFromURL(java.lang.String,java.lang.String,int,boolean,java.util.Map,java.lang.String,java.lang.String)>###specialinvoke $r9.<java.net.URL: void <init>(java.lang.String)>($r2)###https://connect.tapjoy.com/api/connect/v3.json?
I/System.out(21393): body:<com.tapjoy.internal.eh: java.net.URLConnection a(java.net.URL)>	sig:$r1 = virtualinvoke $r0.<java.net.URL: java.net.URLConnection openConnection()>()	timediff:0
I/System.out(21393): body:<com.tapjoy.TapjoyURLConnection: com.tapjoy.TapjoyHttpURLResponse getResponseFromURL(java.lang.String,java.lang.String,int,boolean,java.util.Map,java.lang.String,java.lang.String)>	sig:virtualinvoke $r11.<java.net.HttpURLConnection: void setConnectTimeout(int)>(15000)	timediff:0
I/System.out(21393): body:<com.tapjoy.TapjoyURLConnection: com.tapjoy.TapjoyHttpURLResponse getResponseFromURL(java.lang.String,java.lang.String,int,boolean,java.util.Map,java.lang.String,java.lang.String)>	sig:virtualinvoke $r11.<java.net.HttpURLConnection: void setReadTimeout(int)>(30000)	timediff:0
I/System.out(21393): body:<com.tapjoy.TapjoyURLConnection: com.tapjoy.TapjoyHttpURLResponse getResponseFromURL(java.lang.String,java.lang.String,int,boolean,java.util.Map,java.lang.String,java.lang.String)>	sig:virtualinvoke $r11.<java.net.HttpURLConnection: void setRequestMethod(java.lang.String)>("POST")	timediff:0
I/System.out(21393): body:<com.tapjoy.TapjoyURLConnection: com.tapjoy.TapjoyHttpURLResponse getResponseFromURL(java.lang.String,java.lang.String,int,boolean,java.util.Map,java.lang.String,java.lang.String)>	sig:virtualinvoke $r11.<java.net.HttpURLConnection: void setRequestProperty(java.lang.String,java.lang.String)>("Content-Type", $r4)	timediff:0
I/System.out(21393): body:<com.tapjoy.TapjoyURLConnection: com.tapjoy.TapjoyHttpURLResponse getResponseFromURL(java.lang.String,java.lang.String,int,boolean,java.util.Map,java.lang.String,java.lang.String)>	sig:virtualinvoke $r11.<java.net.HttpURLConnection: void setRequestProperty(java.lang.String,java.lang.String)>("Connection", "close")	timediff:0
I/System.out(21393): body:<com.tapjoy.TapjoyURLConnection: com.tapjoy.TapjoyHttpURLResponse getResponseFromURL(java.lang.String,java.lang.String,int,boolean,java.util.Map,java.lang.String,java.lang.String)>	sig:virtualinvoke $r11.<java.net.HttpURLConnection: void setDoOutput(boolean)>(1)	timediff:0
I/System.out(21393): body:<com.tapjoy.TapjoyURLConnection: com.tapjoy.TapjoyHttpURLResponse getResponseFromURL(java.lang.String,java.lang.String,int,boolean,java.util.Map,java.lang.String,java.lang.String)>	sig:virtualinvoke $r11.<java.net.HttpURLConnection: void setFixedLengthStreamingMode(int)>($i0)	timediff:0
I/System.out(21393): body:<com.tapjoy.TapjoyURLConnection: com.tapjoy.TapjoyHttpURLResponse getResponseFromURL(java.lang.String,java.lang.String,int,boolean,java.util.Map,java.lang.String,java.lang.String)>	sig:$r20 = virtualinvoke $r7.<java.net.HttpURLConnection: java.io.InputStream getErrorStream()>()	timediff:0
W/EGL_emulation(21393): eglSurfaceAttrib not implemented 3093 12436
W/InputMethodManagerService(  464): Window already focused, ignoring focus gain of: com.android.internal.view.IInputMethodClient$Stub$Proxy@4ad2c7f0 attribute=null, token = android.os.BinderProxy@4ac2e624
W/ViewRootImpl(21393): Dropping event due to no window focus: KeyEvent { action=ACTION_DOWN, keyCode=KEYCODE_ZOOM_OUT, scanCode=0, metaState=0, flags=0x8, repeatCount=0, eventTime=13081350, downTime=13081350, deviceId=-1, source=0x101 }
W/EGL_emulation(21393): eglSurfaceAttrib not implemented 3093 12436
W/ViewRootImpl(21393): Dropping event due to no window focus: KeyEvent { action=ACTION_DOWN, keyCode=KEYCODE_DPAD_RIGHT, scanCode=0, metaState=0, flags=0x8, repeatCount=0, eventTime=13081357, downTime=13081357, deviceId=-1, source=0x101 }
W/ViewRootImpl(21393): Dropping event due to no window focus: KeyEvent { action=ACTION_DOWN, keyCode=KEYCODE_DPAD_UP, scanCode=0, metaState=0, flags=0x8, repeatCount=0, eventTime=13081868, downTime=13081868, deviceId=-1, source=0x101 }
W/SoundPool(21393):   sample 6 not READY
W/InputMethodManagerService(  464): Window already focused, ignoring focus gain of: com.android.internal.view.IInputMethodClient$Stub$Proxy@4a9d8220 attribute=android.view.inputmethod.EditorInfo@4a9ac694, token = android.os.BinderProxy@4ac2e624
I/MediaExtractor(  170): Use extended extractor for the special mime(audio/x-wav) or codec
W/EGL_emulation(21393): eglSurfaceAttrib not implemented 3093 12436
W/ViewRootImpl(21393): Dropping event due to no window focus: KeyEvent { action=ACTION_DOWN, keyCode=KEYCODE_BREAK, scanCode=0, metaState=0, flags=0x8, repeatCount=0, eventTime=13082166, downTime=13082166, deviceId=-1, source=0x101 }
W/InputMethodManagerService(  464): Window already focused, ignoring focus gain of: com.android.internal.view.IInputMethodClient$Stub$Proxy@4acb43cc attribute=null, token = android.os.BinderProxy@4ac2e624
I/ActivityManager(  464): START u0 {act=android.intent.action.CALL_BUTTON flg=0x10000000} from pid 21393
W/PhoneFallbackEventHandler(21393): No activity found for android.intent.action.CALL_BUTTON.
E/Utils   (  170):  Couldn't map mime type "audio/ffmpeg" to a valid AudioSystem::audio_format !
D/OMXCodec(  170): setFFmpegAudioFormat
E/AudioFlinger(  170): no more track names available
E/AudioTrack(  464): AudioFlinger could not create track, status: -12
E/SoundPool(  464): Error creating AudioTrack
E/AudioFlinger(  170): no more track names available
E/AudioTrack(  464): AudioFlinger could not create track, status: -12
E/SoundPool(  464): Error creating AudioTrack
E/AudioFlinger(  170): no more track names available
E/AudioTrack(  464): AudioFlinger could not create track, status: -12
E/SoundPool(  464): Error creating AudioTrack
I/MediaExtractor(  170): Use extended extractor for the special mime(audio/x-wav) or codec
E/AudioFlinger(  170): no more track names available
E/AudioTrack(  464): AudioFlinger could not create track, status: -12
E/SoundPool(  464): Error creating AudioTrack
E/AudioFlinger(  170): no more track names available
E/AudioTrack(  464): AudioFlinger could not create track, status: -12
E/SoundPool(  464): Error creating AudioTrack
E/AudioFlinger(  170): no more track names available
E/AudioTrack(  464): AudioFlinger could not create track, status: -12
E/SoundPool(  464): Error creating AudioTrack
E/AudioFlinger(  170): no more track names available
E/AudioTrack(  464): AudioFlinger could not create track, status: -12
E/SoundPool(  464): Error creating AudioTrack
E/AudioFlinger(  170): no more track names available
E/AudioTrack(  464): AudioFlinger could not create track, status: -12
E/SoundPool(  464): Error creating AudioTrack
E/AudioFlinger(  170): no more track names available
E/AudioTrack(  464): AudioFlinger could not create track, status: -12
E/SoundPool(  464): Error creating AudioTrack
E/AudioFlinger(  170): no more track names available
E/AudioTrack(  464): AudioFlinger could not create track, status: -12
E/SoundPool(  464): Error creating AudioTrack
E/AudioFlinger(  170): no more track names available
E/AudioTrack(  464): AudioFlinger could not create track, status: -12
E/SoundPool(  464): Error creating AudioTrack
E/AudioFlinger(  170): no more track names available
E/AudioTrack(  464): AudioFlinger could not create track, status: -12
E/SoundPool(  464): Error creating AudioTrack
E/AudioFlinger(  170): no more track names available
E/AudioTrack(  464): AudioFlinger could not create track, status: -12
E/SoundPool(  464): Error creating AudioTrack
E/AudioFlinger(  170): no more track names available
E/AudioTrack(  464): AudioFlinger could not create track, status: -12
E/SoundPool(  464): Error creating AudioTrack
W/ViewRootImpl(21393): Dropping event due to no window focus: KeyEvent { action=ACTION_DOWN, keyCode=KEYCODE_BUTTON_Z, scanCode=0, metaState=0, flags=0x8, repeatCount=0, eventTime=13082794, downTime=13082794, deviceId=-1, source=0x101 }
W/EGL_emulation(21393): eglSurfaceAttrib not implemented 3093 12436
W/ViewRootImpl(21393): Dropping event due to no window focus: KeyEvent { action=ACTION_DOWN, keyCode=KEYCODE_DPAD_CENTER, scanCode=0, metaState=0, flags=0x8, repeatCount=0, eventTime=13082794, downTime=13082794, deviceId=-1, source=0x101 }
W/InputManager(  464): Input event injection from pid 21383 failed.
W/InputMethodManagerService(  464): Window already focused, ignoring focus gain of: com.android.internal.view.IInputMethodClient$Stub$Proxy@4aa6a280 attribute=null, token = android.os.BinderProxy@4ac2e624
E/Utils   (  170):  Couldn't map mime type "audio/ffmpeg" to a valid AudioSystem::audio_format !
D/OMXCodec(  170): setFFmpegAudioFormat
W/InputManager(  464): Input event injection from pid 21383 failed.
E/AudioFlinger(  170): no more track names available
E/AudioTrack(  464): AudioFlinger could not create track, status: -12
E/SoundPool(  464): Error creating AudioTrack
E/AudioFlinger(  170): no more track names available
E/AudioTrack(  464): AudioFlinger could not create track, status: -12
E/SoundPool(  464): Error creating AudioTrack
E/AudioFlinger(  170): no more track names available
E/AudioTrack(  464): AudioFlinger could not create track, status: -12
E/SoundPool(  464): Error creating AudioTrack
E/AudioFlinger(  170): no more track names available
E/AudioTrack(  464): AudioFlinger could not create track, status: -12
E/SoundPool(  464): Error creating AudioTrack
E/AudioFlinger(  170): no more track names available
E/AudioTrack(  464): AudioFlinger could not create track, status: -12
E/SoundPool(  464): Error creating AudioTrack
I/MediaExtractor(  170): Use extended extractor for the special mime(audio/x-wav) or codec
W/System.err(21393): log4j:WARN Received HTTP error from Sumo Service: 0
W/SocketClient(  163): write error (Broken pipe)
E/AudioFlinger(  170): no more track names available
E/AudioTrack(  464): AudioFlinger could not create track, status: -12
E/SoundPool(  464): Error creating AudioTrack
E/AudioFlinger(  170): no more track names available
E/AudioTrack(  464): AudioFlinger could not create track, status: -12
E/SoundPool(  464): Error creating AudioTrack
E/AudioFlinger(  170): no more track names available
E/AudioTrack(  464): AudioFlinger could not create track, status: -12
E/SoundPool(  464): Error creating AudioTrack
E/AudioFlinger(  170): no more track names available
E/AudioTrack(  464): AudioFlinger could not create track, status: -12
E/SoundPool(  464): Error creating AudioTrack
I/ActivityManager(  464): START u0 {cmp=com.agminstruments.drumpadmachine/.InnerScreenActivity (has extras)} from pid 21393
I/io.presage.Presage(21393): INFO main io.presage.Presage - AdToServe type=interstitial
I/io.presage.utils.if.c(21393): INFO main io.presage.utils.if.c - request ad_to_serve queued. Waiting odid to be set.
E/Utils   (  170):  Couldn't map mime type "audio/ffmpeg" to a valid AudioSystem::audio_format !
D/OMXCodec(  170): setFFmpegAudioFormat
D/dalvikvm(21393): GC_CONCURRENT freed 1607K, 64% free 7372K/20344K, paused 7ms+2ms, total 14ms
I/io.presage.new.do.a(21393): INFO main io.presage.new.do.a - com.agminstruments.drumpadmachine.MainActivityDPM paused
I/io.presage.new.do.a(21393): INFO main io.presage.new.do.a - com.agminstruments.drumpadmachine.InnerScreenActivity started.
I/io.presage.new.do.a(21393): INFO main io.presage.new.do.a - com.agminstruments.drumpadmachine.InnerScreenActivity resumed
D/dalvikvm(21393): GC_CONCURRENT freed 2007K, 67% free 6895K/20344K, paused 21ms+1ms, total 34ms
D/dalvikvm(21393): WAIT_FOR_CONCURRENT_GC blocked 31ms
D/dalvikvm(21393): GC_FOR_ALLOC freed 1451K, 67% free 6810K/20344K, paused 12ms, total 12ms
D/dalvikvm(21393): GC_FOR_ALLOC freed 1306K, 67% free 6822K/20344K, paused 7ms, total 7ms
D/dalvikvm(21393): GC_FOR_ALLOC freed 1281K, 67% free 6832K/20344K, paused 6ms, total 6ms
W/EGL_emulation(21393): eglSurfaceAttrib not implemented 3093 12436
W/ViewRootImpl(21393): Dropping event due to no window focus: KeyEvent { action=ACTION_DOWN, keyCode=KEYCODE_CALL, scanCode=0, metaState=0, flags=0x8, repeatCount=0, eventTime=13083333, downTime=13083333, deviceId=-1, source=0x101 }
D/dalvikvm(21393): GC_CONCURRENT freed 945K, 65% free 7177K/20344K, paused 2ms+3ms, total 16ms
D/dalvikvm(21393): WAIT_FOR_CONCURRENT_GC blocked 13ms
D/dalvikvm(21393): GC_FOR_ALLOC freed 1710K, 67% free 6846K/20344K, paused 7ms, total 7ms
D/dalvikvm(21393): GC_FOR_ALLOC freed 1239K, 67% free 6905K/20344K, paused 6ms, total 6ms
D/dalvikvm(21393): GC_FOR_ALLOC freed 1384K, 67% free 6862K/20344K, paused 6ms, total 6ms
D/dalvikvm(21393): GC_FOR_ALLOC freed 1188K, 67% free 6868K/20344K, paused 10ms, total 10ms
D/dalvikvm(21393): GC_CONCURRENT freed 0K, 66% free 7042K/20344K, paused 2ms+0ms, total 7ms
D/dalvikvm(21393): GC_CONCURRENT freed 1373K, 66% free 7060K/20344K, paused 3ms+1ms, total 7ms
D/dalvikvm(21393): GC_CONCURRENT freed 1320K, 66% free 7077K/20344K, paused 3ms+1ms, total 10ms
D/dalvikvm(21393): WAIT_FOR_CONCURRENT_GC blocked 3ms
D/dalvikvm(21393): GC_FOR_ALLOC freed 1586K, 67% free 6889K/20344K, paused 5ms, total 5ms
D/dalvikvm(21393): GC_CONCURRENT freed <1K, 66% free 7025K/20344K, paused 2ms+0ms, total 7ms
D/dalvikvm(21393): GC_CONCURRENT freed 1243K, 66% free 7107K/20344K, paused 3ms+1ms, total 7ms
D/dalvikvm(21393): GC_CONCURRENT freed 1363K, 66% free 7120K/20344K, paused 4ms+1ms, total 9ms
D/dalvikvm(21393): WAIT_FOR_CONCURRENT_GC blocked 6ms
D/dalvikvm(21393): GC_FOR_ALLOC freed 1566K, 67% free 6907K/20344K, paused 4ms, total 4ms
D/dalvikvm(21393): GC_FOR_ALLOC freed 1235K, 66% free 6989K/20344K, paused 4ms, total 4ms
D/dalvikvm(21393): GC_FOR_ALLOC freed 1353K, 67% free 6915K/20344K, paused 6ms, total 6ms
D/dalvikvm(21393): GC_FOR_ALLOC freed 1311K, 66% free 6921K/20344K, paused 5ms, total 5ms
D/dalvikvm(21393): GC_FOR_ALLOC freed 1177K, 66% free 6925K/20344K, paused 6ms, total 6ms
D/dalvikvm(21393): GC_FOR_ALLOC freed 1205K, 66% free 6929K/20344K, paused 5ms, total 6ms
D/dalvikvm(21393): GC_FOR_ALLOC freed 1233K, 66% free 6933K/20344K, paused 4ms, total 5ms
D/dalvikvm(21393): GC_FOR_ALLOC freed 1261K, 66% free 6937K/20344K, paused 4ms, total 5ms
D/dalvikvm(21393): GC_CONCURRENT freed 643K, 63% free 7587K/20344K, paused 3ms+1ms, total 8ms
D/dalvikvm(21393): WAIT_FOR_CONCURRENT_GC blocked 4ms
D/dalvikvm(21393): GC_FOR_ALLOC freed 1963K, 66% free 6945K/20344K, paused 4ms, total 4ms
D/dalvikvm(21393): GC_FOR_ALLOC freed 1345K, 66% free 6949K/20344K, paused 6ms, total 6ms
D/dalvikvm(21393): GC_CONCURRENT freed 886K, 64% free 7440K/20344K, paused 1ms+1ms, total 6ms
D/dalvikvm(21393): WAIT_FOR_CONCURRENT_GC blocked 5ms
D/dalvikvm(21393): GC_FOR_ALLOC freed 1888K, 66% free 6957K/20344K, paused 6ms, total 6ms
D/dalvikvm(21393): GC_FOR_ALLOC freed 1223K, 66% free 6959K/20344K, paused 4ms, total 4ms
D/dalvikvm(21393): GC_FOR_ALLOC freed 1139K, 66% free 7067K/20344K, paused 7ms, total 7ms
D/dalvikvm(21393): GC_FOR_ALLOC freed 1263K, 66% free 6967K/20344K, paused 8ms, total 8ms
D/dalvikvm(21393): GC_FOR_ALLOC freed 1283K, 66% free 6969K/20344K, paused 7ms, total 7ms
D/dalvikvm(21393): GC_CONCURRENT freed 868K, 64% free 7408K/20344K, paused 0ms+1ms, total 8ms
D/dalvikvm(21393): WAIT_FOR_CONCURRENT_GC blocked 7ms
D/dalvikvm(21393): GC_FOR_ALLOC freed 1649K, 66% free 6977K/20344K, paused 4ms, total 4ms
I/MediaExtractor(  170): Use extended extractor for the special mime(audio/x-wav) or codec
D/dalvikvm(21393): GC_FOR_ALLOC freed 1343K, 66% free 6979K/20344K, paused 6ms, total 6ms
D/dalvikvm(21393): GC_FOR_ALLOC freed 1249K, 66% free 7097K/20344K, paused 10ms, total 10ms
D/dalvikvm(21393): GC_FOR_ALLOC freed 1383K, 66% free 6987K/20344K, paused 4ms, total 4ms
D/dalvikvm(21393): GC_FOR_ALLOC freed 1050K, 66% free 7106K/20344K, paused 7ms, total 7ms
D/dalvikvm(21393): GC_FOR_ALLOC freed 1419K, 66% free 6993K/20344K, paused 4ms, total 4ms
D/dalvikvm(21393): GC_FOR_ALLOC freed 1077K, 66% free 7115K/20344K, paused 7ms, total 7ms
D/dalvikvm(21393): GC_FOR_ALLOC freed 1455K, 66% free 6999K/20344K, paused 5ms, total 5ms
D/dalvikvm(21393): GC_FOR_ALLOC freed 1104K, 65% free 7124K/20344K, paused 8ms, total 8ms
D/dalvikvm(21393): GC_CONCURRENT freed 872K, 63% free 7624K/20344K, paused 2ms+1ms, total 11ms
D/dalvikvm(21393): WAIT_FOR_CONCURRENT_GC blocked 3ms
D/dalvikvm(21393): GC_FOR_ALLOC freed 2130K, 66% free 7007K/20344K, paused 5ms, total 5ms
D/dalvikvm(21393): GC_FOR_ALLOC freed 1147K, 66% free 7011K/20344K, paused 14ms, total 14ms
I/ActivityManager(  464): Displayed com.agminstruments.drumpadmachine/.InnerScreenActivity: +437ms
D/dalvikvm(21393): GC_FOR_ALLOC freed 1158K, 65% free 7142K/20344K, paused 6ms, total 7ms
D/dalvikvm(21393): GC_CONCURRENT freed 0K, 64% free 7402K/20344K, paused 2ms+1ms, total 8ms
D/dalvikvm(21393): GC_FOR_ALLOC freed 1563K, 66% free 7017K/20344K, paused 10ms, total 10ms
D/dalvikvm(21393): GC_CONCURRENT freed 921K, 64% free 7415K/20344K, paused 2ms+1ms, total 8ms
D/dalvikvm(21393): GC_CONCURRENT freed 1595K, 65% free 7291K/20344K, paused 6ms+0ms, total 11ms
D/dalvikvm(21393): WAIT_FOR_CONCURRENT_GC blocked 6ms
E/Utils   (  170):  Couldn't map mime type "audio/ffmpeg" to a valid AudioSystem::audio_format !
D/OMXCodec(  170): setFFmpegAudioFormat
D/dalvikvm(21393): GC_FOR_ALLOC freed 1480K, 65% free 7160K/20344K, paused 8ms, total 8ms
D/dalvikvm(21393): GC_FOR_ALLOC freed 1361K, 66% free 7027K/20344K, paused 10ms, total 10ms
D/dalvikvm(21393): GC_FOR_ALLOC freed 1237K, 66% free 7031K/20344K, paused 8ms, total 8ms
D/dalvikvm(21393): GC_CONCURRENT freed 970K, 64% free 7450K/20344K, paused 5ms+2ms, total 16ms
D/dalvikvm(21393): WAIT_FOR_CONCURRENT_GC blocked 11ms
D/dalvikvm(21393): GC_FOR_ALLOC freed 1961K, 66% free 7037K/20344K, paused 7ms, total 7ms
D/dalvikvm(21393): GC_FOR_ALLOC freed 1275K, 65% free 7181K/20344K, paused 8ms, total 8ms
D/dalvikvm(21393): GC_FOR_ALLOC freed 1431K, 66% free 7041K/20344K, paused 5ms, total 5ms
D/dalvikvm(21393): GC_FOR_ALLOC freed 1300K, 66% free 7045K/20344K, paused 7ms, total 7ms
D/dalvikvm(21393): GC_FOR_ALLOC freed 1019K, 66% free 7047K/20344K, paused 5ms, total 5ms
D/dalvikvm(21393): GC_FOR_ALLOC freed 1026K, 66% free 7049K/20344K, paused 9ms, total 9ms
D/dalvikvm(21393): GC_FOR_ALLOC freed 1033K, 66% free 7051K/20344K, paused 4ms, total 5ms
D/dalvikvm(21393): GC_FOR_ALLOC freed 1040K, 66% free 7053K/20344K, paused 5ms, total 5ms
D/dalvikvm(21393): GC_FOR_ALLOC freed 1047K, 66% free 7055K/20344K, paused 8ms, total 8ms
D/dalvikvm(21393): GC_FOR_ALLOC freed 1054K, 66% free 7057K/20344K, paused 6ms, total 6ms
D/dalvikvm(21393): GC_FOR_ALLOC freed 1061K, 66% free 7059K/20344K, paused 5ms, total 5ms
W/ContextImpl(  464): Calling a method in the system process without a qualified user: android.app.ContextImpl.sendBroadcast:1123 com.android.server.InputMethodManagerService.hideCurrentInputLocked:1880 com.android.server.InputMethodManagerService.windowGainedFocus:1968 com.android.internal.view.IInputMethodManager$Stub.onTransact:221 com.android.server.InputMethodManagerService.onTransact:818 
D/dalvikvm(21393): GC_FOR_ALLOC freed 1068K, 66% free 7061K/20344K, paused 4ms, total 4ms
D/dalvikvm(21393): GC_FOR_ALLOC freed 1075K, 66% free 7063K/20344K, paused 8ms, total 8ms
D/dalvikvm(21393): GC_FOR_ALLOC freed 1082K, 66% free 7065K/20344K, paused 6ms, total 6ms
D/dalvikvm(21393): GC_FOR_ALLOC freed 1089K, 66% free 7067K/20344K, paused 5ms, total 5ms
D/dalvikvm(21393): GC_FOR_ALLOC freed 1096K, 66% free 7069K/20344K, paused 6ms, total 6ms
D/dalvikvm(21393): GC_FOR_ALLOC freed 1103K, 66% free 7071K/20344K, paused 9ms, total 9ms
D/dalvikvm(21393): GC_FOR_ALLOC freed 1110K, 66% free 7073K/20344K, paused 9ms, total 9ms
D/dalvikvm(21393): GC_FOR_ALLOC freed 1117K, 66% free 7075K/20344K, paused 6ms, total 6ms
D/dalvikvm(21393): GC_FOR_ALLOC freed 1124K, 66% free 7077K/20344K, paused 6ms, total 6ms
D/dalvikvm(21393): GC_FOR_ALLOC freed 1131K, 66% free 7079K/20344K, paused 4ms, total 4ms
D/dalvikvm(21393): GC_FOR_ALLOC freed 1138K, 66% free 7081K/20344K, paused 13ms, total 13ms
D/dalvikvm(21393): GC_FOR_ALLOC freed 1145K, 66% free 7083K/20344K, paused 8ms, total 8ms
D/dalvikvm(21393): GC_CONCURRENT freed 476K, 61% free 8042K/20344K, paused 3ms+1ms, total 13ms
D/dalvikvm(21393): WAIT_FOR_CONCURRENT_GC blocked 2ms
I/System.out(21393): body:<com.agminstruments.drumpadmachine.r: java.lang.String e(java.lang.String)>	sig:specialinvoke $r1.<java.net.URL: void <init>(java.lang.String)>($r0)	timediff:0
I/System.out(21393): <com.agminstruments.drumpadmachine.r: java.lang.String e(java.lang.String)>###specialinvoke $r1.<java.net.URL: void <init>(java.lang.String)>($r0)###http://stats.drumpadmachine.com:3560/api/v1/dpm/preset
I/System.out(21393): body:<com.agminstruments.drumpadmachine.r: java.lang.String e(java.lang.String)>	sig:$r2 = virtualinvoke $r1.<java.net.URL: java.net.URLConnection openConnection()>()	timediff:0
W/System.err(21393): org.json.JSONException: End of input at character 0 of 
W/System.err(21393): 	at org.json.JSONTokener.syntaxError(JSONTokener.java:450)
W/System.err(21393): 	at org.json.JSONTokener.nextValue(JSONTokener.java:97)
W/System.err(21393): 	at org.json.JSONArray.<init>(JSONArray.java:92)
W/System.err(21393): 	at org.json.JSONArray.<init>(JSONArray.java:108)
W/System.err(21393): 	at com.agminstruments.drumpadmachine.j$3.run(SourceFile:146)
W/System.err(21393): 	at java.lang.Thread.run(Thread.java:841)
W/SocketClient(  163): write error (Broken pipe)
I/MediaExtractor(  170): Use extended extractor for the special mime(audio/x-wav) or codec
I/ActivityManager(  464): START u0 {act=android.intent.action.MAIN cat=[android.intent.category.LAUNCHER] flg=0x10200000 cmp=com.agminstruments.drumpadmachine/.MainActivityDPM} from pid 21383
I/dalvikvm(21393): Could not find method android.widget.ImageView.<init>, referenced from method com.agminstruments.drumpadmachine.ui.AsyncImageView.<init>
W/dalvikvm(21393): VFY: unable to resolve direct method 8542: Landroid/widget/ImageView;.<init> (Landroid/content/Context;Landroid/util/AttributeSet;II)V
D/dalvikvm(21393): VFY: replacing opcode 0x70 at 0x0000
I/System.out(21393): body:<com.agminstruments.drumpadmachine.k$2: void run()>	sig:specialinvoke $r9.<java.net.URL: void <init>(java.lang.String)>($r8)	timediff:0
I/System.out(21393): <com.agminstruments.drumpadmachine.k$2: void run()>###specialinvoke $r9.<java.net.URL: void <init>(java.lang.String)>($r8)###http://drumpadmachine.com:3500/dpm/cover_icons/beyond_the_stars.jpg
I/System.out(21393): body:<com.agminstruments.drumpadmachine.r: android.graphics.Bitmap a(java.net.URL,int)>	sig:$r2 = virtualinvoke $r0.<java.net.URL: java.net.URLConnection openConnection()>()	timediff:0
I/System.out(21393): body:<com.agminstruments.drumpadmachine.k$2: void run()>	sig:specialinvoke $r9.<java.net.URL: void <init>(java.lang.String)>($r8)	timediff:0
I/System.out(21393): <com.agminstruments.drumpadmachine.k$2: void run()>###specialinvoke $r9.<java.net.URL: void <init>(java.lang.String)>($r8)###http://drumpadmachine.com:3500/dpm/cover_icons/big_trap.jpg
I/System.out(21393): body:<com.agminstruments.drumpadmachine.r: android.graphics.Bitmap a(java.net.URL,int)>	sig:$r2 = virtualinvoke $r0.<java.net.URL: java.net.URLConnection openConnection()>()	timediff:0
I/System.out(21393): body:<com.agminstruments.drumpadmachine.k$2: void run()>	sig:specialinvoke $r9.<java.net.URL: void <init>(java.lang.String)>($r8)	timediff:1
I/System.out(21393): <com.agminstruments.drumpadmachine.k$2: void run()>###specialinvoke $r9.<java.net.URL: void <init>(java.lang.String)>($r8)###http://drumpadmachine.com:3500/dpm/cover_icons/halloween_night.jpg
I/System.out(21393): body:<com.agminstruments.drumpadmachine.r: android.graphics.Bitmap a(java.net.URL,int)>	sig:$r2 = virtualinvoke $r0.<java.net.URL: java.net.URLConnection openConnection()>()	timediff:0
I/System.out(21393): body:<com.agminstruments.drumpadmachine.k$2: void run()>	sig:specialinvoke $r9.<java.net.URL: void <init>(java.lang.String)>($r8)	timediff:0
I/System.out(21393): <com.agminstruments.drumpadmachine.k$2: void run()>###specialinvoke $r9.<java.net.URL: void <init>(java.lang.String)>($r8)###http://drumpadmachine.com:3500/dpm/cover_icons/starlight.jpg
I/System.out(21393): body:<com.agminstruments.drumpadmachine.r: android.graphics.Bitmap a(java.net.URL,int)>	sig:$r2 = virtualinvoke $r0.<java.net.URL: java.net.URLConnection openConnection()>()	timediff:0
I/System.out(21393): body:<com.agminstruments.drumpadmachine.k$2: void run()>	sig:specialinvoke $r9.<java.net.URL: void <init>(java.lang.String)>($r8)	timediff:0
I/System.out(21393): <com.agminstruments.drumpadmachine.k$2: void run()>###specialinvoke $r9.<java.net.URL: void <init>(java.lang.String)>($r8)###http://drumpadmachine.com:3500/dpm/cover_icons/dubstep_machine.jpg
I/System.out(21393): body:<com.agminstruments.drumpadmachine.r: android.graphics.Bitmap a(java.net.URL,int)>	sig:$r2 = virtualinvoke $r0.<java.net.URL: java.net.URLConnection openConnection()>()	timediff:0
I/System.out(21393): body:<com.agminstruments.drumpadmachine.k$2: void run()>	sig:specialinvoke $r9.<java.net.URL: void <init>(java.lang.String)>($r8)	timediff:0
I/System.out(21393): <com.agminstruments.drumpadmachine.k$2: void run()>###specialinvoke $r9.<java.net.URL: void <init>(java.lang.String)>($r8)###http://drumpadmachine.com:3500/dpm/cover_icons/edm_golden_beats.jpg
I/System.out(21393): body:<com.agminstruments.drumpadmachine.r: android.graphics.Bitmap a(java.net.URL,int)>	sig:$r2 = virtualinvoke $r0.<java.net.URL: java.net.URLConnection openConnection()>()	timediff:0
I/System.out(21393): body:<com.agminstruments.drumpadmachine.k$2: void run()>	sig:specialinvoke $r9.<java.net.URL: void <init>(java.lang.String)>($r8)	timediff:0
I/System.out(21393): <com.agminstruments.drumpadmachine.k$2: void run()>###specialinvoke $r9.<java.net.URL: void <init>(java.lang.String)>($r8)###http://drumpadmachine.com:3500/dpm/cover_icons/synth_wave.jpg
I/System.out(21393): body:<com.agminstruments.drumpadmachine.r: android.graphics.Bitmap a(java.net.URL,int)>	sig:$r2 = virtualinvoke $r0.<java.net.URL: java.net.URLConnection openConnection()>()	timediff:0
I/System.out(21393): body:<com.agminstruments.drumpadmachine.k$2: void run()>	sig:specialinvoke $r9.<java.net.URL: void <init>(java.lang.String)>($r8)	timediff:0
I/System.out(21393): <com.agminstruments.drumpadmachine.k$2: void run()>###specialinvoke $r9.<java.net.URL: void <init>(java.lang.String)>($r8)###http://drumpadmachine.com:3500/dpm/cover_icons/future_trip_hop.jpg
I/System.out(21393): body:<com.agminstruments.drumpadmachine.r: android.graphics.Bitmap a(java.net.URL,int)>	sig:$r2 = virtualinvoke $r0.<java.net.URL: java.net.URLConnection openConnection()>()	timediff:0
I/System.out(21393): body:<com.agminstruments.drumpadmachine.k$2: void run()>	sig:specialinvoke $r9.<java.net.URL: void <init>(java.lang.String)>($r8)	timediff:0
I/System.out(21393): <com.agminstruments.drumpadmachine.k$2: void run()>###specialinvoke $r9.<java.net.URL: void <init>(java.lang.String)>($r8)###http://drumpadmachine.com:3500/dpm/cover_icons/pixel_beat.jpg
I/System.out(21393): body:<com.agminstruments.drumpadmachine.r: android.graphics.Bitmap a(java.net.URL,int)>	sig:$r2 = virtualinvoke $r0.<java.net.URL: java.net.URLConnection openConnection()>()	timediff:0
I/System.out(21393): body:<com.agminstruments.drumpadmachine.k$2: void run()>	sig:specialinvoke $r9.<java.net.URL: void <init>(java.lang.String)>($r8)	timediff:1
I/System.out(21393): <com.agminstruments.drumpadmachine.k$2: void run()>###specialinvoke $r9.<java.net.URL: void <init>(java.lang.String)>($r8)###http://drumpadmachine.com:3500/dpm/cover_icons/brass_trap.jpg
I/System.out(21393): body:<com.agminstruments.drumpadmachine.r: android.graphics.Bitmap a(java.net.URL,int)>	sig:$r2 = virtualinvoke $r0.<java.net.URL: java.net.URLConnection openConnection()>()	timediff:0
E/AudioFlinger(  170): no more track names available
E/AudioTrack(  464): AudioFlinger could not create track, status: -12
I/io.presage.new.do.a(21393): INFO main io.presage.new.do.a - com.agminstruments.drumpadmachine.MainActivityDPM stopped
E/SoundPool(  464): Error creating AudioTrack
I/io.presage.new.do.a(21393): INFO main io.presage.new.do.a - com.agminstruments.drumpadmachine.InnerScreenActivity paused
I/io.presage.new.do.a(21393): INFO main io.presage.new.do.a - com.agminstruments.drumpadmachine.MainActivityDPM started.
W/ResourceType(21393): No package identifier when getting value for resource number 0x00000000
W/InputManager(  464): Input event injection from pid 21383 failed.
W/InputManager(  464): Input event injection from pid 21383 failed.
W/InputManager(  464): Input event injection from pid 21383 failed.
W/InputManager(  464): Input event injection from pid 21383 failed.
W/InputManager(  464): Input event injection from pid 21383 failed.
W/InputManager(  464): Input event injection from pid 21383 failed.
W/InputManager(  464): Input event injection from pid 21383 failed.
W/InputManager(  464): Input event injection from pid 21383 failed.
I/System.out(21393): body:<com.tapjoy.TapjoyUtil: java.lang.String copyTextFromJarIntoString(java.lang.String,android.content.Context)>	sig:$r11 = virtualinvoke $r7.<java.net.URL: java.lang.String getFile()>()	timediff:0
I/io.presage.new.do.a(21393): INFO main io.presage.new.do.a - com.agminstruments.drumpadmachine.MainActivityDPM resumed
D/dalvikvm(21393): GC_CONCURRENT freed 1373K, 59% free 8423K/20344K, paused 23ms+1ms, total 45ms
D/dalvikvm(21393): WAIT_FOR_CONCURRENT_GC blocked 10ms
D/dalvikvm(21393): WAIT_FOR_CONCURRENT_GC blocked 19ms
D/dalvikvm(21393): WAIT_FOR_CONCURRENT_GC blocked 23ms
E/Utils   (  170):  Couldn't map mime type "audio/ffmpeg" to a valid AudioSystem::audio_format !
D/OMXCodec(  170): setFFmpegAudioFormat
I/ActivityManager(  464): START u0 {act=android.intent.action.MAIN cat=[android.intent.category.LAUNCHER] flg=0x10200000 cmp=com.agminstruments.drumpadmachine/.MainActivityDPM} from pid 21383
D/dalvikvm(21393): GC_CONCURRENT freed 1169K, 56% free 9110K/20344K, paused 3ms+4ms, total 40ms
D/dalvikvm(21393): WAIT_FOR_CONCURRENT_GC blocked 23ms
W/EGL_emulation(21393): eglSurfaceAttrib not implemented 3093 12436
W/ContextImpl(  464): Calling a method in the system process without a qualified user: android.app.ContextImpl.sendBroadcast:1123 com.android.server.InputMethodManagerService.hideCurrentInputLocked:1880 com.android.server.InputMethodManagerService.windowGainedFocus:1968 com.android.internal.view.IInputMethodManager$Stub.onTransact:221 com.android.server.InputMethodManagerService.onTransact:818 
I/io.presage.new.do.a(21393): INFO main io.presage.new.do.a - com.agminstruments.drumpadmachine.MainActivityDPM paused
I/io.presage.new.do.a(21393): INFO main io.presage.new.do.a - com.agminstruments.drumpadmachine.MainActivityDPM resumed
I/System.out(21393): body:<com.tapjoy.TapjoyURLConnection: com.tapjoy.TapjoyHttpURLResponse getResponseFromURL(java.lang.String,java.lang.String,int,boolean,java.util.Map,java.lang.String,java.lang.String)>	sig:specialinvoke $r9.<java.net.URL: void <init>(java.lang.String)>($r2)	timediff:0
I/System.out(21393): <com.tapjoy.TapjoyURLConnection: com.tapjoy.TapjoyHttpURLResponse getResponseFromURL(java.lang.String,java.lang.String,int,boolean,java.util.Map,java.lang.String,java.lang.String)>###specialinvoke $r9.<java.net.URL: void <init>(java.lang.String)>($r2)###https://connect.tapjoy.com/api/connect/v3.json?
I/System.out(21393): body:<com.tapjoy.internal.eh: java.net.URLConnection a(java.net.URL)>	sig:$r1 = virtualinvoke $r0.<java.net.URL: java.net.URLConnection openConnection()>()	timediff:0
I/System.out(21393): body:<com.tapjoy.TapjoyURLConnection: com.tapjoy.TapjoyHttpURLResponse getResponseFromURL(java.lang.String,java.lang.String,int,boolean,java.util.Map,java.lang.String,java.lang.String)>	sig:virtualinvoke $r11.<java.net.HttpURLConnection: void setConnectTimeout(int)>(15000)	timediff:0
I/System.out(21393): body:<com.tapjoy.TapjoyURLConnection: com.tapjoy.TapjoyHttpURLResponse getResponseFromURL(java.lang.String,java.lang.String,int,boolean,java.util.Map,java.lang.String,java.lang.String)>	sig:virtualinvoke $r11.<java.net.HttpURLConnection: void setReadTimeout(int)>(30000)	timediff:0
I/System.out(21393): body:<com.tapjoy.TapjoyURLConnection: com.tapjoy.TapjoyHttpURLResponse getResponseFromURL(java.lang.String,java.lang.String,int,boolean,java.util.Map,java.lang.String,java.lang.String)>	sig:virtualinvoke $r11.<java.net.HttpURLConnection: void setRequestMethod(java.lang.String)>("POST")	timediff:0
I/System.out(21393): body:<com.tapjoy.TapjoyURLConnection: com.tapjoy.TapjoyHttpURLResponse getResponseFromURL(java.lang.String,java.lang.String,int,boolean,java.util.Map,java.lang.String,java.lang.String)>	sig:virtualinvoke $r11.<java.net.HttpURLConnection: void setRequestProperty(java.lang.String,java.lang.String)>("Content-Type", $r4)	timediff:0
I/System.out(21393): body:<com.tapjoy.TapjoyURLConnection: com.tapjoy.TapjoyHttpURLResponse getResponseFromURL(java.lang.String,java.lang.String,int,boolean,java.util.Map,java.lang.String,java.lang.String)>	sig:virtualinvoke $r11.<java.net.HttpURLConnection: void setRequestProperty(java.lang.String,java.lang.String)>("Connection", "close")	timediff:0
I/System.out(21393): body:<com.tapjoy.TapjoyURLConnection: com.tapjoy.TapjoyHttpURLResponse getResponseFromURL(java.lang.String,java.lang.String,int,boolean,java.util.Map,java.lang.String,java.lang.String)>	sig:virtualinvoke $r11.<java.net.HttpURLConnection: void setDoOutput(boolean)>(1)	timediff:0
I/System.out(21393): body:<com.tapjoy.TapjoyURLConnection: com.tapjoy.TapjoyHttpURLResponse getResponseFromURL(java.lang.String,java.lang.String,int,boolean,java.util.Map,java.lang.String,java.lang.String)>	sig:virtualinvoke $r11.<java.net.HttpURLConnection: void setFixedLengthStreamingMode(int)>($i0)	timediff:0
I/ActivityManager(  464): START u0 {act=com.android.systemui.recent.action.TOGGLE_RECENTS flg=0x10800000 cmp=com.android.systemui/.recent.RecentsActivity (has extras)} from pid 532
I/System.out(21393): body:<com.tapjoy.TapjoyURLConnection: com.tapjoy.TapjoyHttpURLResponse getResponseFromURL(java.lang.String,java.lang.String,int,boolean,java.util.Map,java.lang.String,java.lang.String)>	sig:$r20 = virtualinvoke $r7.<java.net.HttpURLConnection: java.io.InputStream getErrorStream()>()	timediff:0
W/SocketClient(  163): write error (Broken pipe)
E/AudioFlinger(  170): no more track names available
E/AudioTrack(  464): AudioFlinger could not create track, status: -12
E/SoundPool(  464): Error creating AudioTrack
E/AudioFlinger(  170): no more track names available
E/AudioTrack(  464): AudioFlinger could not create track, status: -12
E/SoundPool(  464): Error creating AudioTrack
E/AudioFlinger(  170): no more track names available
E/AudioTrack(  464): AudioFlinger could not create track, status: -12
E/SoundPool(  464): Error creating AudioTrack
E/AudioFlinger(  170): no more track names available
E/AudioTrack(  464): AudioFlinger could not create track, status: -12
E/SoundPool(  464): Error creating AudioTrack
E/AudioFlinger(  170): no more track names available
E/AudioTrack(  464): AudioFlinger could not create track, status: -12
E/SoundPool(  464): Error creating AudioTrack
I/MediaExtractor(  170): Use extended extractor for the special mime(audio/x-wav) or codec
I/InputDispatcher(  464): Dropped event because of pending overdue app switch.
W/InputManager(  464): Input event injection from pid 21383 failed.
E/AudioFlinger(  170): no more track names available
E/AudioTrack(  464): AudioFlinger could not create track, status: -12
W/SurfaceFlinger(  167): couldn't log to binary event log: overflow.
E/SoundPool(  464): Error creating AudioTrack
E/AudioFlinger(  170): no more track names available
E/AudioTrack(  464): AudioFlinger could not create track, status: -12
E/SoundPool(  464): Error creating AudioTrack
E/Utils   (  170):  Couldn't map mime type "audio/ffmpeg" to a valid AudioSystem::audio_format !
D/OMXCodec(  170): setFFmpegAudioFormat
E/AudioFlinger(  170): no more track names available
E/AudioTrack(  464): AudioFlinger could not create track, status: -12
E/SoundPool(  464): Error creating AudioTrack
W/ViewRootImpl(21393): Dropping event due to no window focus: KeyEvent { action=ACTION_DOWN, keyCode=KEYCODE_DPAD_LEFT, scanCode=0, metaState=0, flags=0x8, repeatCount=0, eventTime=13085162, downTime=13085162, deviceId=-1, source=0x101 }
W/EGL_emulation(21393): eglSurfaceAttrib not implemented 3093 12436
W/ViewRootImpl(21393): Dropping event due to no window focus: KeyEvent { action=ACTION_DOWN, keyCode=KEYCODE_DPAD_DOWN, scanCode=0, metaState=0, flags=0x8, repeatCount=0, eventTime=13085183, downTime=13085183, deviceId=-1, source=0x101 }
I/MediaExtractor(  170): Use extended extractor for the special mime(audio/x-wav) or codec
I/io.presage.new.do.a(21393): INFO main io.presage.new.do.a - com.agminstruments.drumpadmachine.InnerScreenActivity stopped
E/Utils   (  170):  Couldn't map mime type "audio/ffmpeg" to a valid AudioSystem::audio_format !
D/OMXCodec(  170): setFFmpegAudioFormat
W/InputMethodManagerService(  464): Window already focused, ignoring focus gain of: com.android.internal.view.IInputMethodClient$Stub$Proxy@4a9ea440 attribute=null, token = android.os.BinderProxy@4ac2e624
E/AudioFlinger(  170): no more track names available
E/AudioTrack(  464): AudioFlinger could not create track, status: -12
E/SoundPool(  464): Error creating AudioTrack
W/EGL_emulation(21393): eglSurfaceAttrib not implemented 3093 12436
I/MediaExtractor(  170): Use extended extractor for the special mime(audio/x-wav) or codec
E/Utils   (  170):  Couldn't map mime type "audio/ffmpeg" to a valid AudioSystem::audio_format !
D/OMXCodec(  170): setFFmpegAudioFormat
W/ResourceType(21393): No package identifier when getting value for resource number 0x00000000
I/System.out(21393): body:<com.tapjoy.TapjoyUtil: java.lang.String copyTextFromJarIntoString(java.lang.String,android.content.Context)>	sig:$r11 = virtualinvoke $r7.<java.net.URL: java.lang.String getFile()>()	timediff:1
D/dalvikvm(21393): GC_FOR_ALLOC freed 1837K, 54% free 9383K/20344K, paused 9ms, total 9ms
D/dalvikvm(21393): GC_CONCURRENT freed 1892K, 60% free 8182K/20344K, paused 3ms+4ms, total 41ms
I/MediaExtractor(  170): Use extended extractor for the special mime(audio/x-wav) or codec
I/System.out(21393): body:<com.tapjoy.TapjoyURLConnection: com.tapjoy.TapjoyHttpURLResponse getResponseFromURL(java.lang.String,java.lang.String,int,boolean,java.util.Map,java.lang.String,java.lang.String)>	sig:specialinvoke $r9.<java.net.URL: void <init>(java.lang.String)>($r2)	timediff:0
I/System.out(21393): <com.tapjoy.TapjoyURLConnection: com.tapjoy.TapjoyHttpURLResponse getResponseFromURL(java.lang.String,java.lang.String,int,boolean,java.util.Map,java.lang.String,java.lang.String)>###specialinvoke $r9.<java.net.URL: void <init>(java.lang.String)>($r2)###https://connect.tapjoy.com/api/connect/v3.json?
I/System.out(21393): body:<com.tapjoy.internal.eh: java.net.URLConnection a(java.net.URL)>	sig:$r1 = virtualinvoke $r0.<java.net.URL: java.net.URLConnection openConnection()>()	timediff:0
I/System.out(21393): body:<com.tapjoy.TapjoyURLConnection: com.tapjoy.TapjoyHttpURLResponse getResponseFromURL(java.lang.String,java.lang.String,int,boolean,java.util.Map,java.lang.String,java.lang.String)>	sig:virtualinvoke $r11.<java.net.HttpURLConnection: void setConnectTimeout(int)>(15000)	timediff:0
I/System.out(21393): body:<com.tapjoy.TapjoyURLConnection: com.tapjoy.TapjoyHttpURLResponse getResponseFromURL(java.lang.String,java.lang.String,int,boolean,java.util.Map,java.lang.String,java.lang.String)>	sig:virtualinvoke $r11.<java.net.HttpURLConnection: void setReadTimeout(int)>(30000)	timediff:0
I/System.out(21393): body:<com.tapjoy.TapjoyURLConnection: com.tapjoy.TapjoyHttpURLResponse getResponseFromURL(java.lang.String,java.lang.String,int,boolean,java.util.Map,java.lang.String,java.lang.String)>	sig:virtualinvoke $r11.<java.net.HttpURLConnection: void setRequestMethod(java.lang.String)>("POST")	timediff:0
I/System.out(21393): body:<com.tapjoy.TapjoyURLConnection: com.tapjoy.TapjoyHttpURLResponse getResponseFromURL(java.lang.String,java.lang.String,int,boolean,java.util.Map,java.lang.String,java.lang.String)>	sig:virtualinvoke $r11.<java.net.HttpURLConnection: void setRequestProperty(java.lang.String,java.lang.String)>("Content-Type", $r4)	timediff:0
I/System.out(21393): body:<com.tapjoy.TapjoyURLConnection: com.tapjoy.TapjoyHttpURLResponse getResponseFromURL(java.lang.String,java.lang.String,int,boolean,java.util.Map,java.lang.String,java.lang.String)>	sig:virtualinvoke $r11.<java.net.HttpURLConnection: void setRequestProperty(java.lang.String,java.lang.String)>("Connection", "close")	timediff:0
I/System.out(21393): body:<com.tapjoy.TapjoyURLConnection: com.tapjoy.TapjoyHttpURLResponse getResponseFromURL(java.lang.String,java.lang.String,int,boolean,java.util.Map,java.lang.String,java.lang.String)>	sig:virtualinvoke $r11.<java.net.HttpURLConnection: void setDoOutput(boolean)>(1)	timediff:1
I/System.out(21393): body:<com.tapjoy.TapjoyURLConnection: com.tapjoy.TapjoyHttpURLResponse getResponseFromURL(java.lang.String,java.lang.String,int,boolean,java.util.Map,java.lang.String,java.lang.String)>	sig:virtualinvoke $r11.<java.net.HttpURLConnection: void setFixedLengthStreamingMode(int)>($i0)	timediff:0
I/System.out(21393): body:<com.tapjoy.TapjoyURLConnection: com.tapjoy.TapjoyHttpURLResponse getResponseFromURL(java.lang.String,java.lang.String,int,boolean,java.util.Map,java.lang.String,java.lang.String)>	sig:$r20 = virtualinvoke $r7.<java.net.HttpURLConnection: java.io.InputStream getErrorStream()>()	timediff:0
E/Utils   (  170):  Couldn't map mime type "audio/ffmpeg" to a valid AudioSystem::audio_format !
D/OMXCodec(  170): setFFmpegAudioFormat
W/ViewRootImpl(21393): Dropping event due to no window focus: KeyEvent { action=ACTION_DOWN, keyCode=KEYCODE_DPAD_RIGHT, scanCode=0, metaState=0, flags=0x8, repeatCount=0, eventTime=13085975, downTime=13085975, deviceId=-1, source=0x101 }
W/InputMethodManagerService(  464): Window already focused, ignoring focus gain of: com.android.internal.view.IInputMethodClient$Stub$Proxy@4aa31e8c attribute=null, token = android.os.BinderProxy@4ac2e624
I/ActivityManager(  464): START u0 {cmp=com.agminstruments.drumpadmachine/.InnerScreenActivity (has extras)} from pid 21393
E/AudioFlinger(  170): no more track names available
E/AudioTrack(  464): AudioFlinger could not create track, status: -12
E/SoundPool(  464): Error creating AudioTrack
I/MediaExtractor(  170): Use extended extractor for the special mime(audio/x-wav) or codec
E/Utils   (  170):  Couldn't map mime type "audio/ffmpeg" to a valid AudioSystem::audio_format !
D/OMXCodec(  170): setFFmpegAudioFormat
I/io.presage.new.do.a(21393): INFO main io.presage.new.do.a - com.agminstruments.drumpadmachine.MainActivityDPM paused
I/io.presage.new.do.a(21393): INFO main io.presage.new.do.a - com.agminstruments.drumpadmachine.InnerScreenActivity started.
D/dalvikvm(21393): GC_FOR_ALLOC freed 2594K, 64% free 7384K/20344K, paused 8ms, total 8ms
I/io.presage.new.do.a(21393): INFO main io.presage.new.do.a - com.agminstruments.drumpadmachine.InnerScreenActivity resumed
D/dalvikvm(21393): GC_CONCURRENT freed 1404K, 64% free 7478K/20344K, paused 1ms+8ms, total 38ms
D/dalvikvm(21393): WAIT_FOR_CONCURRENT_GC blocked 30ms
D/dalvikvm(21393): GC_FOR_ALLOC freed 2177K, 67% free 6837K/20344K, paused 5ms, total 5ms
I/MediaExtractor(  170): Use extended extractor for the special mime(audio/x-wav) or codec
D/dalvikvm(21393): GC_FOR_ALLOC freed 1248K, 67% free 6883K/20344K, paused 10ms, total 15ms
D/dalvikvm(21393): GC_CONCURRENT freed 1197K, 66% free 6940K/20344K, paused 3ms+0ms, total 13ms
D/dalvikvm(21393): WAIT_FOR_CONCURRENT_GC blocked 3ms
D/dalvikvm(21393): GC_CONCURRENT freed 1288K, 66% free 7001K/20344K, paused 3ms+1ms, total 13ms
D/dalvikvm(21393): WAIT_FOR_CONCURRENT_GC blocked 2ms
D/dalvikvm(21393): GC_FOR_ALLOC freed 1416K, 66% free 6923K/20344K, paused 6ms, total 6ms
E/Utils   (  170):  Couldn't map mime type "audio/ffmpeg" to a valid AudioSystem::audio_format !
D/OMXCodec(  170): setFFmpegAudioFormat
W/EGL_emulation(21393): eglSurfaceAttrib not implemented 3093 12436
D/dalvikvm(21393): GC_FOR_ALLOC freed 1332K, 67% free 6882K/20344K, paused 12ms, total 12ms
D/dalvikvm(21393): GC_FOR_ALLOC freed 1258K, 66% free 6944K/20344K, paused 6ms, total 6ms
W/ViewRootImpl(21393): Dropping event due to no window focus: KeyEvent { action=ACTION_DOWN, keyCode=KEYCODE_BACK, scanCode=0, metaState=0, flags=0x8, repeatCount=0, eventTime=13086158, downTime=13086158, deviceId=-1, source=0x101 }
D/dalvikvm(21393): GC_CONCURRENT freed 1217K, 66% free 7073K/20344K, paused 6ms+2ms, total 15ms
D/dalvikvm(21393): WAIT_FOR_CONCURRENT_GC blocked 8ms
D/dalvikvm(21393): GC_FOR_ALLOC freed 1592K, 67% free 6902K/20344K, paused 5ms, total 5ms
D/dalvikvm(21393): GC_FOR_ALLOC freed 1356K, 67% free 6908K/20344K, paused 4ms, total 4ms
D/dalvikvm(21393): GC_FOR_ALLOC freed 1281K, 67% free 6912K/20344K, paused 10ms, total 10ms
D/dalvikvm(21393): GC_FOR_ALLOC freed 1261K, 66% free 6989K/20344K, paused 8ms, total 8ms
D/dalvikvm(21393): GC_FOR_ALLOC freed 1382K, 66% free 6924K/20344K, paused 7ms, total 7ms
D/dalvikvm(21393): GC_FOR_ALLOC freed 1203K, 66% free 7004K/20344K, paused 5ms, total 5ms
D/dalvikvm(21393): GC_FOR_ALLOC freed 1319K, 66% free 7093K/20344K, paused 5ms, total 5ms
D/dalvikvm(21393): GC_FOR_ALLOC freed 1441K, 66% free 7022K/20344K, paused 8ms, total 8ms
D/dalvikvm(21393): GC_FOR_ALLOC freed 1404K, 66% free 6945K/20344K, paused 6ms, total 6ms
D/dalvikvm(21393): GC_FOR_ALLOC freed 1359K, 66% free 6951K/20344K, paused 11ms, total 11ms
D/dalvikvm(21393): GC_FOR_ALLOC freed 1219K, 66% free 6955K/20344K, paused 10ms, total 10ms
D/dalvikvm(21393): GC_CONCURRENT freed 805K, 64% free 7401K/20344K, paused 2ms+1ms, total 11ms
D/dalvikvm(21393): WAIT_FOR_CONCURRENT_GC blocked 6ms
D/dalvikvm(21393): GC_FOR_ALLOC freed 1717K, 66% free 6963K/20344K, paused 6ms, total 6ms
D/dalvikvm(21393): GC_FOR_ALLOC freed 1303K, 66% free 6967K/20344K, paused 5ms, total 5ms
D/dalvikvm(21393): GC_FOR_ALLOC freed 1331K, 66% free 6971K/20344K, paused 6ms, total 6ms
D/dalvikvm(21393): GC_FOR_ALLOC freed 1359K, 66% free 6975K/20344K, paused 4ms, total 5ms
I/MediaExtractor(  170): Use extended extractor for the special mime(audio/x-wav) or codec
D/dalvikvm(21393): GC_FOR_ALLOC freed 1387K, 66% free 6979K/20344K, paused 5ms, total 5ms
D/dalvikvm(21393): GC_FOR_ALLOC freed 1211K, 66% free 6981K/20344K, paused 5ms, total 6ms
D/dalvikvm(21393): GC_CONCURRENT freed 0K, 65% free 7185K/20344K, paused 2ms+1ms, total 11ms
E/Utils   (  170):  Couldn't map mime type "audio/ffmpeg" to a valid AudioSystem::audio_format !
D/OMXCodec(  170): setFFmpegAudioFormat
D/dalvikvm(21393): GC_CONCURRENT freed 1439K, 65% free 7193K/20344K, paused 4ms+0ms, total 13ms
D/dalvikvm(21393): GC_FOR_ALLOC freed 1467K, 66% free 6989K/20344K, paused 6ms, total 6ms
D/dalvikvm(21393): GC_FOR_ALLOC freed 1172K, 66% free 7100K/20344K, paused 7ms, total 7ms
D/dalvikvm(21393): GC_FOR_ALLOC freed 1299K, 66% free 6997K/20344K, paused 5ms, total 5ms
D/dalvikvm(21393): GC_FOR_ALLOC freed 1319K, 66% free 6999K/20344K, paused 7ms, total 7ms
D/dalvikvm(21393): GC_CONCURRENT freed 0K, 65% free 7221K/20344K, paused 3ms+1ms, total 11ms
D/dalvikvm(21393): GC_FOR_ALLOC freed 1565K, 66% free 7003K/20344K, paused 4ms, total 4ms
D/dalvikvm(21393): GC_FOR_ALLOC freed 1249K, 65% free 7121K/20344K, paused 9ms, total 9ms
D/dalvikvm(21393): GC_CONCURRENT freed 809K, 63% free 7585K/20344K, paused 3ms+1ms, total 11ms
D/dalvikvm(21393): WAIT_FOR_CONCURRENT_GC blocked 7ms
D/dalvikvm(21393): GC_FOR_ALLOC freed 1977K, 66% free 7013K/20344K, paused 8ms, total 8ms
D/dalvikvm(21393): GC_FOR_ALLOC freed 1066K, 66% free 7017K/20344K, paused 7ms, total 7ms
D/dalvikvm(21393): GC_FOR_ALLOC freed 1077K, 65% free 7139K/20344K, paused 10ms, total 10ms
D/dalvikvm(21393): GC_FOR_ALLOC freed 1455K, 66% free 7023K/20344K, paused 7ms, total 7ms
D/dalvikvm(21393): GC_FOR_ALLOC freed 1104K, 65% free 7148K/20344K, paused 8ms, total 8ms
D/dalvikvm(21393): GC_CONCURRENT freed <1K, 64% free 7396K/20344K, paused 3ms+2ms, total 14ms
D/dalvikvm(21393): GC_CONCURRENT freed 1491K, 64% free 7404K/20344K, paused 3ms+3ms, total 12ms
D/dalvikvm(21393): GC_FOR_ALLOC freed 1765K, 66% free 7033K/20344K, paused 4ms, total 4ms
D/dalvikvm(21393): GC_FOR_ALLOC freed 1149K, 65% free 7163K/20344K, paused 8ms, total 9ms
D/dalvikvm(21393): GC_CONCURRENT freed 1291K, 65% free 7297K/20344K, paused 2ms+1ms, total 9ms
D/dalvikvm(21393): GC_FOR_ALLOC freed 1436K, 65% free 7172K/20344K, paused 8ms, total 8ms
D/dalvikvm(21393): GC_CONCURRENT freed 1321K, 65% free 7309K/20344K, paused 2ms+1ms, total 9ms
D/dalvikvm(21393): GC_FOR_ALLOC freed 1469K, 65% free 7181K/20344K, paused 8ms, total 8ms
D/dalvikvm(21393): GC_FOR_ALLOC freed 1351K, 66% free 7049K/20344K, paused 7ms, total 7ms
D/dalvikvm(21393): GC_FOR_ALLOC freed 1228K, 66% free 7053K/20344K, paused 8ms, total 8ms
D/dalvikvm(21393): GC_CONCURRENT freed 963K, 64% free 7469K/20344K, paused 2ms+1ms, total 7ms
I/MediaExtractor(  170): Use extended extractor for the special mime(audio/x-wav) or codec
D/dalvikvm(21393): GC_CONCURRENT freed 1667K, 64% free 7337K/20344K, paused 3ms+0ms, total 7ms
D/dalvikvm(21393): GC_CONCURRENT freed 1264K, 64% free 7484K/20344K, paused 2ms+1ms, total 8ms
D/dalvikvm(21393): GC_FOR_ALLOC freed 1703K, 66% free 7063K/20344K, paused 4ms, total 4ms
D/dalvikvm(21393): GC_FOR_ALLOC freed 1291K, 66% free 7067K/20344K, paused 4ms, total 4ms
D/dalvikvm(21393): GC_FOR_ALLOC freed 1012K, 66% free 7069K/20344K, paused 14ms, total 15ms
D/dalvikvm(21393): GC_FOR_ALLOC freed 1019K, 66% free 7071K/20344K, paused 13ms, total 13ms
D/dalvikvm(21393): GC_FOR_ALLOC freed 1026K, 66% free 7073K/20344K, paused 4ms, total 5ms
D/dalvikvm(21393): GC_FOR_ALLOC freed 1033K, 66% free 7075K/20344K, paused 9ms, total 9ms
D/dalvikvm(21393): GC_FOR_ALLOC freed 1040K, 66% free 7077K/20344K, paused 7ms, total 7ms
D/dalvikvm(21393): GC_FOR_ALLOC freed 1047K, 66% free 7079K/20344K, paused 5ms, total 5ms
E/Utils   (  170):  Couldn't map mime type "audio/ffmpeg" to a valid AudioSystem::audio_format !
D/dalvikvm(21393): GC_FOR_ALLOC freed 1054K, 66% free 7081K/20344K, paused 10ms, total 10ms
D/OMXCodec(  170): setFFmpegAudioFormat
D/dalvikvm(21393): GC_FOR_ALLOC freed 1061K, 66% free 7083K/20344K, paused 9ms, total 9ms
D/dalvikvm(21393): GC_FOR_ALLOC freed 1068K, 66% free 7085K/20344K, paused 7ms, total 7ms
D/dalvikvm(21393): GC_FOR_ALLOC freed 1075K, 66% free 7087K/20344K, paused 7ms, total 7ms
D/dalvikvm(21393): GC_FOR_ALLOC freed 1082K, 66% free 7089K/20344K, paused 4ms, total 4ms
D/dalvikvm(21393): GC_FOR_ALLOC freed 1089K, 66% free 7091K/20344K, paused 7ms, total 7ms
D/dalvikvm(21393): GC_FOR_ALLOC freed 1096K, 66% free 7093K/20344K, paused 5ms, total 5ms
D/dalvikvm(21393): GC_FOR_ALLOC freed 1103K, 66% free 7095K/20344K, paused 7ms, total 7ms
D/dalvikvm(21393): GC_FOR_ALLOC freed 1110K, 66% free 7097K/20344K, paused 5ms, total 5ms
D/dalvikvm(21393): GC_FOR_ALLOC freed 1117K, 66% free 7099K/20344K, paused 8ms, total 8ms
D/dalvikvm(21393): GC_FOR_ALLOC freed 1124K, 66% free 7101K/20344K, paused 13ms, total 13ms
D/dalvikvm(21393): GC_FOR_ALLOC freed 1131K, 66% free 7103K/20344K, paused 10ms, total 10ms
D/dalvikvm(21393): GC_FOR_ALLOC freed 1138K, 66% free 7105K/20344K, paused 4ms, total 4ms
I/ActivityManager(  464): Displayed com.agminstruments.drumpadmachine/.InnerScreenActivity: +815ms
D/dalvikvm(21393): GC_FOR_ALLOC freed 1145K, 66% free 7107K/20344K, paused 10ms, total 10ms
D/dalvikvm(21393): GC_CONCURRENT freed 478K, 61% free 8072K/20344K, paused 3ms+1ms, total 10ms
D/dalvikvm(21393): WAIT_FOR_CONCURRENT_GC blocked 4ms
I/System.out(21393): body:<com.agminstruments.drumpadmachine.r: java.lang.String e(java.lang.String)>	sig:specialinvoke $r1.<java.net.URL: void <init>(java.lang.String)>($r0)	timediff:0
I/System.out(21393): <com.agminstruments.drumpadmachine.r: java.lang.String e(java.lang.String)>###specialinvoke $r1.<java.net.URL: void <init>(java.lang.String)>($r0)###http://stats.drumpadmachine.com:3560/api/v1/dpm/preset
I/System.out(21393): body:<com.agminstruments.drumpadmachine.r: java.lang.String e(java.lang.String)>	sig:$r2 = virtualinvoke $r1.<java.net.URL: java.net.URLConnection openConnection()>()	timediff:0
W/System.err(21393): org.json.JSONException: End of input at character 0 of 
W/System.err(21393): 	at org.json.JSONTokener.syntaxError(JSONTokener.java:450)
W/System.err(21393): 	at org.json.JSONTokener.nextValue(JSONTokener.java:97)
W/System.err(21393): 	at org.json.JSONArray.<init>(JSONArray.java:92)
W/System.err(21393): 	at org.json.JSONArray.<init>(JSONArray.java:108)
W/System.err(21393): 	at com.agminstruments.drumpadmachine.j$3.run(SourceFile:146)
W/System.err(21393): 	at java.lang.Thread.run(Thread.java:841)
W/SocketClient(  163): write error (Broken pipe)
I/MediaExtractor(  170): Use extended extractor for the special mime(audio/x-wav) or codec
I/Choreographer(21393): Skipped 43 frames!  The application may be doing too much work on its main thread.
W/ContextImpl(  464): Calling a method in the system process without a qualified user: android.app.ContextImpl.sendBroadcast:1123 com.android.server.InputMethodManagerService.hideCurrentInputLocked:1880 com.android.server.InputMethodManagerService.windowGainedFocus:1968 com.android.internal.view.IInputMethodManager$Stub.onTransact:221 com.android.server.InputMethodManagerService.onTransact:818 
E/Utils   (  170):  Couldn't map mime type "audio/ffmpeg" to a valid AudioSystem::audio_format !
D/OMXCodec(  170): setFFmpegAudioFormat
E/AudioFlinger(  170): no more track names available
E/AudioTrack(  464): AudioFlinger could not create track, status: -12
E/SoundPool(  464): Error creating AudioTrack
I/System.out(21393): body:<com.agminstruments.drumpadmachine.k$2: void run()>	sig:specialinvoke $r9.<java.net.URL: void <init>(java.lang.String)>($r8)	timediff:0
I/System.out(21393): <com.agminstruments.drumpadmachine.k$2: void run()>###specialinvoke $r9.<java.net.URL: void <init>(java.lang.String)>($r8)###http://drumpadmachine.com:3500/dpm/cover_icons/beyond_the_stars.jpg
I/System.out(21393): body:<com.agminstruments.drumpadmachine.k$2: void run()>	sig:specialinvoke $r9.<java.net.URL: void <init>(java.lang.String)>($r8)	timediff:1
I/System.out(21393): <com.agminstruments.drumpadmachine.k$2: void run()>###specialinvoke $r9.<java.net.URL: void <init>(java.lang.String)>($r8)###http://drumpadmachine.com:3500/dpm/cover_icons/halloween_night.jpg
I/System.out(21393): body:<com.agminstruments.drumpadmachine.r: android.graphics.Bitmap a(java.net.URL,int)>	sig:$r2 = virtualinvoke $r0.<java.net.URL: java.net.URLConnection openConnection()>()	timediff:0
I/System.out(21393): body:<com.agminstruments.drumpadmachine.r: android.graphics.Bitmap a(java.net.URL,int)>	sig:$r2 = virtualinvoke $r0.<java.net.URL: java.net.URLConnection openConnection()>()	timediff:0
I/System.out(21393): body:<com.agminstruments.drumpadmachine.k$2: void run()>	sig:specialinvoke $r9.<java.net.URL: void <init>(java.lang.String)>($r8)	timediff:0
I/System.out(21393): <com.agminstruments.drumpadmachine.k$2: void run()>###specialinvoke $r9.<java.net.URL: void <init>(java.lang.String)>($r8)###http://drumpadmachine.com:3500/dpm/cover_icons/big_trap.jpg
I/System.out(21393): body:<com.agminstruments.drumpadmachine.r: android.graphics.Bitmap a(java.net.URL,int)>	sig:$r2 = virtualinvoke $r0.<java.net.URL: java.net.URLConnection openConnection()>()	timediff:1
W/SocketClient(  163): write error (Broken pipe)
I/System.out(21393): body:<com.agminstruments.drumpadmachine.k$2: void run()>	sig:specialinvoke $r9.<java.net.URL: void <init>(java.lang.String)>($r8)	timediff:0
I/System.out(21393): <com.agminstruments.drumpadmachine.k$2: void run()>###specialinvoke $r9.<java.net.URL: void <init>(java.lang.String)>($r8)###http://drumpadmachine.com:3500/dpm/cover_icons/starlight.jpg
I/System.out(21393): body:<com.agminstruments.drumpadmachine.r: android.graphics.Bitmap a(java.net.URL,int)>	sig:$r2 = virtualinvoke $r0.<java.net.URL: java.net.URLConnection openConnection()>()	timediff:0
I/System.out(21393): body:<com.agminstruments.drumpadmachine.k$2: void run()>	sig:specialinvoke $r9.<java.net.URL: void <init>(java.lang.String)>($r8)	timediff:0
I/System.out(21393): <com.agminstruments.drumpadmachine.k$2: void run()>###specialinvoke $r9.<java.net.URL: void <init>(java.lang.String)>($r8)###http://drumpadmachine.com:3500/dpm/cover_icons/dubstep_machine.jpg
I/System.out(21393): body:<com.agminstruments.drumpadmachine.r: android.graphics.Bitmap a(java.net.URL,int)>	sig:$r2 = virtualinvoke $r0.<java.net.URL: java.net.URLConnection openConnection()>()	timediff:0
I/System.out(21393): body:<com.agminstruments.drumpadmachine.k$2: void run()>	sig:specialinvoke $r9.<java.net.URL: void <init>(java.lang.String)>($r8)	timediff:0
I/System.out(21393): <com.agminstruments.drumpadmachine.k$2: void run()>###specialinvoke $r9.<java.net.URL: void <init>(java.lang.String)>($r8)###http://drumpadmachine.com:3500/dpm/cover_icons/edm_golden_beats.jpg
I/System.out(21393): body:<com.agminstruments.drumpadmachine.r: android.graphics.Bitmap a(java.net.URL,int)>	sig:$r2 = virtualinvoke $r0.<java.net.URL: java.net.URLConnection openConnection()>()	timediff:0
I/System.out(21393): body:<com.agminstruments.drumpadmachine.k$2: void run()>	sig:specialinvoke $r9.<java.net.URL: void <init>(java.lang.String)>($r8)	timediff:0
I/System.out(21393): <com.agminstruments.drumpadmachine.k$2: void run()>###specialinvoke $r9.<java.net.URL: void <init>(java.lang.String)>($r8)###http://drumpadmachine.com:3500/dpm/cover_icons/synth_wave.jpg
I/System.out(21393): body:<com.agminstruments.drumpadmachine.r: android.graphics.Bitmap a(java.net.URL,int)>	sig:$r2 = virtualinvoke $r0.<java.net.URL: java.net.URLConnection openConnection()>()	timediff:0
I/System.out(21393): body:<com.agminstruments.drumpadmachine.k$2: void run()>	sig:specialinvoke $r9.<java.net.URL: void <init>(java.lang.String)>($r8)	timediff:0
I/System.out(21393): <com.agminstruments.drumpadmachine.k$2: void run()>###specialinvoke $r9.<java.net.URL: void <init>(java.lang.String)>($r8)###http://drumpadmachine.com:3500/dpm/cover_icons/future_trip_hop.jpg
I/System.out(21393): body:<com.agminstruments.drumpadmachine.r: android.graphics.Bitmap a(java.net.URL,int)>	sig:$r2 = virtualinvoke $r0.<java.net.URL: java.net.URLConnection openConnection()>()	timediff:0
I/System.out(21393): body:<com.agminstruments.drumpadmachine.k$2: void run()>	sig:specialinvoke $r9.<java.net.URL: void <init>(java.lang.String)>($r8)	timediff:0
I/System.out(21393): <com.agminstruments.drumpadmachine.k$2: void run()>###specialinvoke $r9.<java.net.URL: void <init>(java.lang.String)>($r8)###http://drumpadmachine.com:3500/dpm/cover_icons/pixel_beat.jpg
I/System.out(21393): body:<com.agminstruments.drumpadmachine.r: android.graphics.Bitmap a(java.net.URL,int)>	sig:$r2 = virtualinvoke $r0.<java.net.URL: java.net.URLConnection openConnection()>()	timediff:1
I/System.out(21393): body:<com.agminstruments.drumpadmachine.k$2: void run()>	sig:specialinvoke $r9.<java.net.URL: void <init>(java.lang.String)>($r8)	timediff:1
I/System.out(21393): <com.agminstruments.drumpadmachine.k$2: void run()>###specialinvoke $r9.<java.net.URL: void <init>(java.lang.String)>($r8)###http://drumpadmachine.com:3500/dpm/cover_icons/brass_trap.jpg
I/System.out(21393): body:<com.agminstruments.drumpadmachine.r: android.graphics.Bitmap a(java.net.URL,int)>	sig:$r2 = virtualinvoke $r0.<java.net.URL: java.net.URLConnection openConnection()>()	timediff:0
I/MediaExtractor(  170): Use extended extractor for the special mime(audio/x-wav) or codec
E/AudioFlinger(  170): no more track names available
E/AudioTrack(  464): AudioFlinger could not create track, status: -12
E/SoundPool(  464): Error creating AudioTrack
E/AudioFlinger(  170): no more track names available
E/AudioTrack(  464): AudioFlinger could not create track, status: -12
I/ActivityManager(  464): START u0 {cmp=com.agminstruments.drumpadmachine/.InnerScreenActivity (has extras)} from pid 21393
E/SoundPool(  464): Error creating AudioTrack
E/AudioFlinger(  170): no more track names available
E/AudioTrack(  464): AudioFlinger could not create track, status: -12
E/SoundPool(  464): Error creating AudioTrack
I/io.presage.new.do.a(21393): INFO main io.presage.new.do.a - com.agminstruments.drumpadmachine.InnerScreenActivity paused
E/Utils   (  170):  Couldn't map mime type "audio/ffmpeg" to a valid AudioSystem::audio_format !
D/OMXCodec(  170): setFFmpegAudioFormat
I/dalvikvm(21393): Could not find method android.content.res.Resources.getColor, referenced from method com.agminstruments.drumpadmachine.f.a
W/dalvikvm(21393): VFY: unable to resolve virtual method 1088: Landroid/content/res/Resources;.getColor (ILandroid/content/res/Resources$Theme;)I
D/dalvikvm(21393): VFY: replacing opcode 0x6e at 0x0012
I/dalvikvm(21393): Could not find method android.content.res.Resources.getColor, referenced from method com.agminstruments.drumpadmachine.f.onCreateView
W/dalvikvm(21393): VFY: unable to resolve virtual method 1088: Landroid/content/res/Resources;.getColor (ILandroid/content/res/Resources$Theme;)I
D/dalvikvm(21393): VFY: replacing opcode 0x6e at 0x01a5
I/dalvikvm(21393): Could not find method android.content.res.Resources.getColor, referenced from method com.agminstruments.drumpadmachine.f.onCreateView
W/dalvikvm(21393): VFY: unable to resolve virtual method 1088: Landroid/content/res/Resources;.getColor (ILandroid/content/res/Resources$Theme;)I
D/dalvikvm(21393): VFY: replacing opcode 0x6e at 0x0372
I/dalvikvm(21393): Could not find method android.content.res.Resources.getColor, referenced from method com.agminstruments.drumpadmachine.f.onCreateView
W/dalvikvm(21393): VFY: unable to resolve virtual method 1088: Landroid/content/res/Resources;.getColor (ILandroid/content/res/Resources$Theme;)I
D/dalvikvm(21393): VFY: replacing opcode 0x6e at 0x0437
I/io.presage.new.do.a(21393): INFO main io.presage.new.do.a - com.agminstruments.drumpadmachine.InnerScreenActivity started.
D/dalvikvm(21393): GC_CONCURRENT freed 1423K, 59% free 8412K/20344K, paused 1ms+3ms, total 42ms
D/dalvikvm(21393): WAIT_FOR_CONCURRENT_GC blocked 17ms
D/dalvikvm(21393): WAIT_FOR_CONCURRENT_GC blocked 22ms
I/System.out(21393): body:<com.agminstruments.drumpadmachine.f$5: void run()>	sig:specialinvoke $r2.<java.net.URL: void <init>(java.lang.String)>($r1)	timediff:0
I/System.out(21393): <com.agminstruments.drumpadmachine.f$5: void run()>###specialinvoke $r2.<java.net.URL: void <init>(java.lang.String)>($r1)###http://drumpadmachine.com:3500/dpm/covers/halloween_night.jpg
I/System.out(21393): body:<com.agminstruments.drumpadmachine.r: android.graphics.Bitmap a(java.net.URL,int)>	sig:$r2 = virtualinvoke $r0.<java.net.URL: java.net.URLConnection openConnection()>()	timediff:0
I/System.out(21393): body:<com.agminstruments.drumpadmachine.r: android.graphics.Bitmap a(java.net.URL,int)>	sig:$r2 = virtualinvoke $r0.<java.net.URL: java.net.URLConnection openConnection()>()	timediff:0
I/dalvikvm(21393): Could not find method android.content.res.Resources.getColor, referenced from method com.agminstruments.drumpadmachine.f$6.makeView
W/dalvikvm(21393): VFY: unable to resolve virtual method 1088: Landroid/content/res/Resources;.getColor (ILandroid/content/res/Resources$Theme;)I
D/dalvikvm(21393): VFY: replacing opcode 0x6e at 0x0029
I/System.out(21393): body:<com.agminstruments.drumpadmachine.r: android.graphics.Bitmap a(java.net.URL,int)>	sig:$r2 = virtualinvoke $r0.<java.net.URL: java.net.URLConnection openConnection()>()	timediff:0
I/io.presage.new.do.a(21393): INFO main io.presage.new.do.a - com.agminstruments.drumpadmachine.InnerScreenActivity resumed
I/dalvikvm(21393): Could not find method android.content.res.Resources.getDrawable, referenced from method com.agminstruments.drumpadmachine.ui.a.<init>
W/dalvikvm(21393): VFY: unable to resolve virtual method 1095: Landroid/content/res/Resources;.getDrawable (ILandroid/content/res/Resources$Theme;)Landroid/graphics/drawable/Drawable;
D/dalvikvm(21393): VFY: replacing opcode 0x6e at 0x0084
I/System.out(21393): body:<com.agminstruments.drumpadmachine.f$7: void run()>	sig:specialinvoke $r6.<java.net.URL: void <init>(java.lang.String)>($r1)	timediff:0
I/System.out(21393): <com.agminstruments.drumpadmachine.f$7: void run()>###specialinvoke $r6.<java.net.URL: void <init>(java.lang.String)>($r1)###http://img.youtube.com/vi/hPLUNDBFA9Q/0.jpg
I/System.out(21393): body:<com.agminstruments.drumpadmachine.f$7: void run()>	sig:$r9 = virtualinvoke $r6.<java.net.URL: java.net.URLConnection openConnection()>()	timediff:0
I/AwesomePlayer(  170): setDataSource_l(URL suppressed)
W/SocketClient(  163): write error (Broken pipe)
I/System.out(21393): body:<com.agminstruments.drumpadmachine.f$7: void run()>	sig:specialinvoke $r6.<java.net.URL: void <init>(java.lang.String)>($r1)	timediff:1
I/System.out(21393): <com.agminstruments.drumpadmachine.f$7: void run()>###specialinvoke $r6.<java.net.URL: void <init>(java.lang.String)>($r1)###http://img.youtube.com/vi/g8Bey55i190/0.jpg
I/System.out(21393): body:<com.agminstruments.drumpadmachine.f$7: void run()>	sig:$r9 = virtualinvoke $r6.<java.net.URL: java.net.URLConnection openConnection()>()	timediff:0
I/AwesomePlayer(  170): setDataSource_l(URL suppressed)
I/io.presage.new.do.a(21393): INFO main io.presage.new.do.a - com.agminstruments.drumpadmachine.MainActivityDPM stopped
W/EGL_emulation(21393): eglSurfaceAttrib not implemented 3093 12436
W/ViewRootImpl(21393): Dropping event due to no window focus: KeyEvent { action=ACTION_DOWN, keyCode=KEYCODE_VOLUME_DOWN, scanCode=0, metaState=0, flags=0x8, repeatCount=0, eventTime=13087468, downTime=13087468, deviceId=-1, source=0x101 }
W/ViewRootImpl(21393): Dropping event due to no window focus: KeyEvent { action=ACTION_DOWN, keyCode=KEYCODE_DPAD_RIGHT, scanCode=0, metaState=0, flags=0x8, repeatCount=0, eventTime=13087822, downTime=13087822, deviceId=-1, source=0x101 }
I/ActivityManager(  464): Displayed com.agminstruments.drumpadmachine/.InnerScreenActivity: +360ms
W/ContextImpl(  464): Calling a method in the system process without a qualified user: android.app.ContextImpl.sendBroadcast:1123 com.android.server.InputMethodManagerService.hideCurrentInputLocked:1880 com.android.server.InputMethodManagerService.windowGainedFocus:1968 com.android.internal.view.IInputMethodManager$Stub.onTransact:221 com.android.server.InputMethodManagerService.onTransact:818 
I/MediaExtractor(  170): Use extended extractor for the special mime(audio/x-wav) or codec
E/Utils   (  170):  Couldn't map mime type "audio/ffmpeg" to a valid AudioSystem::audio_format !
D/OMXCodec(  170): setFFmpegAudioFormat
W/System.err(21393): log4j:WARN Received HTTP error from Sumo Service: 0
W/SocketClient(  163): write error (Broken pipe)
I/MediaExtractor(  170): Use extended extractor for the special mime(audio/x-wav) or codec
W/SurfaceFlinger(  167): couldn't log to binary event log: overflow.
E/AudioFlinger(  170): no more track names available
E/AudioTrack(  464): AudioFlinger could not create track, status: -12
E/SoundPool(  464): Error creating AudioTrack
E/AudioFlinger(  170): no more track names available
E/AudioTrack(  464): AudioFlinger could not create track, status: -12
E/SoundPool(  464): Error creating AudioTrack
E/Utils   (  170):  Couldn't map mime type "audio/ffmpeg" to a valid AudioSystem::audio_format !
D/OMXCodec(  170): setFFmpegAudioFormat
E/AudioFlinger(  170): no more track names available
E/AudioTrack(  464): AudioFlinger could not create track, status: -12
E/SoundPool(  464): Error creating AudioTrack
I/ActivityManager(  464): START u0 {cmp=com.agminstruments.drumpadmachine/.PopupMessage (has extras)} from pid 21393
I/io.presage.new.do.a(21393): INFO main io.presage.new.do.a - com.agminstruments.drumpadmachine.InnerScreenActivity paused
I/io.presage.new.do.a(21393): INFO main io.presage.new.do.a - com.agminstruments.drumpadmachine.PopupMessage started.
I/io.presage.new.do.a(21393): INFO main io.presage.new.do.a - com.agminstruments.drumpadmachine.PopupMessage resumed
W/EGL_emulation(21393): eglSurfaceAttrib not implemented 3093 12436
W/ViewRootImpl(21393): Dropping event due to no window focus: MotionEvent { action=ACTION_MOVE, id[0]=0, x[0]=-2.0, y[0]=-4.0, toolType[0]=TOOL_TYPE_UNKNOWN, buttonState=0, metaState=0, flags=0x0, edgeFlags=0x0, pointerCount=1, historySize=9, eventTime=13088582, downTime=-1, deviceId=0, source=0x10004 }
W/ViewRootImpl(21393): Dropping event due to no window focus: MotionEvent { action=ACTION_DOWN, id[0]=0, x[0]=0.0, y[0]=0.0, toolType[0]=TOOL_TYPE_UNKNOWN, buttonState=0, metaState=0, flags=0x0, edgeFlags=0x0, pointerCount=1, historySize=0, eventTime=13088583, downTime=13088571, deviceId=0, source=0x10004 }
W/ViewRootImpl(21393): Dropping event due to no window focus: MotionEvent { action=ACTION_MOVE, id[0]=0, x[0]=-3.0, y[0]=4.0, toolType[0]=TOOL_TYPE_UNKNOWN, buttonState=0, metaState=0, flags=0x0, edgeFlags=0x0, pointerCount=1, historySize=4, eventTime=13088592, downTime=-1, deviceId=0, source=0x10004 }
I/MediaExtractor(  170): Use extended extractor for the special mime(audio/x-wav) or codec
E/Utils   (  170):  Couldn't map mime type "audio/ffmpeg" to a valid AudioSystem::audio_format !
D/OMXCodec(  170): setFFmpegAudioFormat
I/ActivityManager(  464): Displayed com.agminstruments.drumpadmachine/.PopupMessage: +179ms
W/ContextImpl(  464): Calling a method in the system process without a qualified user: android.app.ContextImpl.sendBroadcast:1123 com.android.server.InputMethodManagerService.hideCurrentInputLocked:1880 com.android.server.InputMethodManagerService.windowGainedFocus:1968 com.android.internal.view.IInputMethodManager$Stub.onTransact:221 com.android.server.InputMethodManagerService.onTransact:818 
I/MediaExtractor(  170): Use extended extractor for the special mime(audio/x-wav) or codec
E/Utils   (  170):  Couldn't map mime type "audio/ffmpeg" to a valid AudioSystem::audio_format !
D/OMXCodec(  170): setFFmpegAudioFormat
I/ActivityManager(  464): START u0 {act=android.intent.action.MAIN cat=[android.intent.category.LAUNCHER] flg=0x10200000 cmp=com.agminstruments.drumpadmachine/.MainActivityDPM} from pid 21383
E/AudioFlinger(  170): no more track names available
E/AudioTrack(  464): AudioFlinger could not create track, status: -12
E/SoundPool(  464): Error creating AudioTrack
I/io.presage.new.do.a(21393): INFO main io.presage.new.do.a - com.agminstruments.drumpadmachine.PopupMessage paused
W/ActivityManager(  464): Duplicate finish request for ActivityRecord{4ae7d96c u0 com.agminstruments.drumpadmachine/.PopupMessage t404 f}
I/io.presage.new.do.a(21393): INFO main io.presage.new.do.a - com.agminstruments.drumpadmachine.InnerScreenActivity resumed
I/AwesomePlayer(  170): setDataSource_l(URL suppressed)
I/AwesomePlayer(  170): setDataSource_l(URL suppressed)
W/ContextImpl(  464): Calling a method in the system process without a qualified user: android.app.ContextImpl.sendBroadcast:1123 com.android.server.InputMethodManagerService.hideCurrentInputLocked:1880 com.android.server.InputMethodManagerService.windowGainedFocus:1968 com.android.internal.view.IInputMethodManager$Stub.onTransact:221 com.android.server.InputMethodManagerService.onTransact:818 
I/MediaExtractor(  170): Use extended extractor for the special mime(audio/x-wav) or codec
I/io.presage.new.do.a(21393): INFO main io.presage.new.do.a - com.agminstruments.drumpadmachine.InnerScreenActivity stopped
E/Utils   (  170):  Couldn't map mime type "audio/ffmpeg" to a valid AudioSystem::audio_format !
D/OMXCodec(  170): setFFmpegAudioFormat
I/io.presage.new.do.a(21393): INFO main io.presage.new.do.a - com.agminstruments.drumpadmachine.PopupMessage stopped
E/AudioFlinger(  170): no more track names available
E/AudioTrack(  464): AudioFlinger could not create track, status: -12
E/SoundPool(  464): Error creating AudioTrack
E/AudioFlinger(  170): no more track names available
E/AudioTrack(  464): AudioFlinger could not create track, status: -12
E/SoundPool(  464): Error creating AudioTrack
I/io.presage.new.do.a(21393): INFO main io.presage.new.do.a - com.agminstruments.drumpadmachine.InnerScreenActivity paused
I/io.presage.new.do.a(21393): INFO main io.presage.new.do.a - com.agminstruments.drumpadmachine.InnerScreenActivity started.
I/io.presage.new.do.a(21393): INFO main io.presage.new.do.a - com.agminstruments.drumpadmachine.InnerScreenActivity resumed
W/AudioFlinger(  170): write blocked for 9833 msecs, 102 delayed writes, thread 0xb4233010
W/EGL_emulation(21393): eglSurfaceAttrib not implemented 3093 12436
I/MediaExtractor(  170): Use extended extractor for the special mime(audio/x-wav) or codec
E/Utils   (  170):  Couldn't map mime type "audio/ffmpeg" to a valid AudioSystem::audio_format !
D/OMXCodec(  170): setFFmpegAudioFormat
W/ResourceType(21393): No package identifier when getting value for resource number 0x00000000
I/System.out(21393): body:<com.tapjoy.TapjoyUtil: java.lang.String copyTextFromJarIntoString(java.lang.String,android.content.Context)>	sig:$r11 = virtualinvoke $r7.<java.net.URL: java.lang.String getFile()>()	timediff:0
D/dalvikvm(21393): GC_CONCURRENT freed 838K, 55% free 9323K/20344K, paused 3ms+1ms, total 11ms
I/MediaExtractor(  170): Use extended extractor for the special mime(audio/x-wav) or codec
E/Utils   (  170):  Couldn't map mime type "audio/ffmpeg" to a valid AudioSystem::audio_format !
D/OMXCodec(  170): setFFmpegAudioFormat
I/MediaExtractor(  170): Use extended extractor for the special mime(audio/x-wav) or codec
E/Utils   (  170):  Couldn't map mime type "audio/ffmpeg" to a valid AudioSystem::audio_format !
D/OMXCodec(  170): setFFmpegAudioFormat
I/MediaExtractor(  170): Use extended extractor for the special mime(audio/x-wav) or codec
E/Utils   (  170):  Couldn't map mime type "audio/ffmpeg" to a valid AudioSystem::audio_format !
D/OMXCodec(  170): setFFmpegAudioFormat
I/MediaExtractor(  170): Use extended extractor for the special mime(audio/x-wav) or codec
E/Utils   (  170):  Couldn't map mime type "audio/ffmpeg" to a valid AudioSystem::audio_format !
D/OMXCodec(  170): setFFmpegAudioFormat
I/MediaExtractor(  170): Use extended extractor for the special mime(audio/x-wav) or codec
E/Utils   (  170):  Couldn't map mime type "audio/ffmpeg" to a valid AudioSystem::audio_format !
D/OMXCodec(  170): setFFmpegAudioFormat
I/MediaExtractor(  170): Use extended extractor for the special mime(audio/x-wav) or codec
E/Utils   (  170):  Couldn't map mime type "audio/ffmpeg" to a valid AudioSystem::audio_format !
D/OMXCodec(  170): setFFmpegAudioFormat
I/MediaExtractor(  170): Use extended extractor for the special mime(audio/x-wav) or codec
E/Utils   (  170):  Couldn't map mime type "audio/ffmpeg" to a valid AudioSystem::audio_format !
D/OMXCodec(  170): setFFmpegAudioFormat
I/MediaExtractor(  170): Use extended extractor for the special mime(audio/x-wav) or codec
E/Utils   (  170):  Couldn't map mime type "audio/ffmpeg" to a valid AudioSystem::audio_format !
D/OMXCodec(  170): setFFmpegAudioFormat
I/Choreographer(21393): Skipped 208 frames!  The application may be doing too much work on its main thread.
I/InputDispatcher(  464): Window 'Window{4abe0d50 u0 com.agminstruments.drumpadmachine/com.agminstruments.drumpadmachine.InnerScreenActivity}' spent 3459.9ms processing the last input event: MotionEvent(deviceId=0, source=0x00010004, action=2, flags=0x00000000, metaState=0x00000000, buttonState=0x00000000, edgeFlags=0x00000000, xPrecision=1.0, yPrecision=1.0, displayId=0, pointers=[0: (1.0, -5.0)]), policyFlags=0x4b000000
I/InputDispatcher(  464): Window 'Window{4abe0d50 u0 com.agminstruments.drumpadmachine/com.agminstruments.drumpadmachine.InnerScreenActivity}' spent 3458.3ms processing the last input event: MotionEvent(deviceId=0, source=0x00010004, action=2, flags=0x00000000, metaState=0x00000000, buttonState=0x00000000, edgeFlags=0x00000000, xPrecision=1.0, yPrecision=1.0, displayId=0, pointers=[0: (3.0, 3.0)]), policyFlags=0x4b000000
W/ViewRootImpl(21393): Dropping event due to no window focus: KeyEvent { action=ACTION_MULTIPLE, keyCode=KEYCODE_DPAD_UP, scanCode=0, metaState=0, flags=0x400, repeatCount=2, eventTime=13089573, downTime=13089573, deviceId=-1, source=0x101 }
W/ViewRootImpl(21393): Dropping event due to no window focus: KeyEvent { action=ACTION_DOWN, keyCode=KEYCODE_DPAD_UP, scanCode=0, metaState=0, flags=0x400, repeatCount=0, eventTime=13089573, downTime=13089573, deviceId=-1, source=0x101 }
W/ViewRootImpl(21393): Dropping event due to no window focus: KeyEvent { action=ACTION_DOWN, keyCode=KEYCODE_DPAD_UP, scanCode=0, metaState=0, flags=0x400, repeatCount=0, eventTime=13089573, downTime=13089573, deviceId=-1, source=0x101 }
W/ViewRootImpl(21393): Dropping event due to no window focus: KeyEvent { action=ACTION_DOWN, keyCode=KEYCODE_DPAD_UP, scanCode=0, metaState=0, flags=0x400, repeatCount=0, eventTime=13089573, downTime=13089573, deviceId=-1, source=0x101 }
W/ViewRootImpl(21393): Dropping event due to no window focus: MotionEvent { action=ACTION_MOVE, id[0]=0, x[0]=3.0, y[0]=3.0, toolType[0]=TOOL_TYPE_UNKNOWN, buttonState=0, metaState=0, flags=0x0, edgeFlags=0x0, pointerCount=1, historySize=1, eventTime=13089544, downTime=-1, deviceId=0, source=0x10004 }
I/MediaExtractor(  170): Use extended extractor for the special mime(audio/x-wav) or codec
E/Utils   (  170):  Couldn't map mime type "audio/ffmpeg" to a valid AudioSystem::audio_format !
D/OMXCodec(  170): setFFmpegAudioFormat
W/ViewRootImpl(21393): Dropping event due to no window focus: KeyEvent { action=ACTION_DOWN, keyCode=KEYCODE_DPAD_DOWN, scanCode=0, metaState=0, flags=0x8, repeatCount=0, eventTime=13089546, downTime=13089546, deviceId=-1, source=0x101 }
W/ContextImpl(  464): Calling a method in the system process without a qualified user: android.app.ContextImpl.sendBroadcast:1123 com.android.server.InputMethodManagerService.hideCurrentInputLocked:1880 com.android.server.InputMethodManagerService.windowGainedFocus:1968 com.android.internal.view.IInputMethodManager$Stub.onTransact:221 com.android.server.InputMethodManagerService.onTransact:818 
I/MediaExtractor(  170): Use extended extractor for the special mime(audio/x-wav) or codec
E/Utils   (  170):  Couldn't map mime type "audio/ffmpeg" to a valid AudioSystem::audio_format !
D/OMXCodec(  170): setFFmpegAudioFormat
W/System.err(21393): log4j:WARN Received HTTP error from Sumo Service: 0
W/SocketClient(  163): write error (Broken pipe)
I/MediaExtractor(  170): Use extended extractor for the special mime(audio/x-wav) or codec
E/Utils   (  170):  Couldn't map mime type "audio/ffmpeg" to a valid AudioSystem::audio_format !
D/OMXCodec(  170): setFFmpegAudioFormat
I/MediaExtractor(  170): Use extended extractor for the special mime(audio/x-wav) or codec
E/Utils   (  170):  Couldn't map mime type "audio/ffmpeg" to a valid AudioSystem::audio_format !
D/OMXCodec(  170): setFFmpegAudioFormat
I/MediaExtractor(  170): Use extended extractor for the special mime(audio/x-wav) or codec
E/Utils   (  170):  Couldn't map mime type "audio/ffmpeg" to a valid AudioSystem::audio_format !
D/OMXCodec(  170): setFFmpegAudioFormat
I/MediaExtractor(  170): Use extended extractor for the special mime(audio/x-wav) or codec
E/Utils   (  170):  Couldn't map mime type "audio/ffmpeg" to a valid AudioSystem::audio_format !
D/OMXCodec(  170): setFFmpegAudioFormat
I/MediaExtractor(  170): Use extended extractor for the special mime(audio/x-wav) or codec
E/Utils   (  170):  Couldn't map mime type "audio/ffmpeg" to a valid AudioSystem::audio_format !
D/OMXCodec(  170): setFFmpegAudioFormat
I/MediaExtractor(  170): Use extended extractor for the special mime(audio/x-wav) or codec
E/Utils   (  170):  Couldn't map mime type "audio/ffmpeg" to a valid AudioSystem::audio_format !
D/OMXCodec(  170): setFFmpegAudioFormat
I/MediaExtractor(  170): Use extended extractor for the special mime(audio/x-wav) or codec
E/Utils   (  170):  Couldn't map mime type "audio/ffmpeg" to a valid AudioSystem::audio_format !
D/OMXCodec(  170): setFFmpegAudioFormat
I/Choreographer(21393): Skipped 139 frames!  The application may be doing too much work on its main thread.
I/InputDispatcher(  464): Window 'Window{4abe0d50 u0 com.agminstruments.drumpadmachine/com.agminstruments.drumpadmachine.InnerScreenActivity}' spent 2261.8ms processing the last input event: KeyEvent(deviceId=-1, source=0x00000101, action=1, flags=0x00000008, keyCode=20, scanCode=0, metaState=0x00000000, repeatCount=0), policyFlags=0x4b000000
I/System.out(21393): body:<com.tapjoy.TapjoyURLConnection: com.tapjoy.TapjoyHttpURLResponse getResponseFromURL(java.lang.String,java.lang.String,int,boolean,java.util.Map,java.lang.String,java.lang.String)>	sig:specialinvoke $r9.<java.net.URL: void <init>(java.lang.String)>($r2)	timediff:0
I/System.out(21393): <com.tapjoy.TapjoyURLConnection: com.tapjoy.TapjoyHttpURLResponse getResponseFromURL(java.lang.String,java.lang.String,int,boolean,java.util.Map,java.lang.String,java.lang.String)>###specialinvoke $r9.<java.net.URL: void <init>(java.lang.String)>($r2)###https://connect.tapjoy.com/api/connect/v3.json?
I/System.out(21393): body:<com.tapjoy.internal.eh: java.net.URLConnection a(java.net.URL)>	sig:$r1 = virtualinvoke $r0.<java.net.URL: java.net.URLConnection openConnection()>()	timediff:1
I/System.out(21393): body:<com.tapjoy.TapjoyURLConnection: com.tapjoy.TapjoyHttpURLResponse getResponseFromURL(java.lang.String,java.lang.String,int,boolean,java.util.Map,java.lang.String,java.lang.String)>	sig:virtualinvoke $r11.<java.net.HttpURLConnection: void setConnectTimeout(int)>(15000)	timediff:0
I/System.out(21393): body:<com.tapjoy.TapjoyURLConnection: com.tapjoy.TapjoyHttpURLResponse getResponseFromURL(java.lang.String,java.lang.String,int,boolean,java.util.Map,java.lang.String,java.lang.String)>	sig:virtualinvoke $r11.<java.net.HttpURLConnection: void setReadTimeout(int)>(30000)	timediff:0
I/System.out(21393): body:<com.tapjoy.TapjoyURLConnection: com.tapjoy.TapjoyHttpURLResponse getResponseFromURL(java.lang.String,java.lang.String,int,boolean,java.util.Map,java.lang.String,java.lang.String)>	sig:virtualinvoke $r11.<java.net.HttpURLConnection: void setRequestMethod(java.lang.String)>("POST")	timediff:0
I/System.out(21393): body:<com.tapjoy.TapjoyURLConnection: com.tapjoy.TapjoyHttpURLResponse getResponseFromURL(java.lang.String,java.lang.String,int,boolean,java.util.Map,java.lang.String,java.lang.String)>	sig:virtualinvoke $r11.<java.net.HttpURLConnection: void setRequestProperty(java.lang.String,java.lang.String)>("Content-Type", $r4)	timediff:0
I/System.out(21393): body:<com.tapjoy.TapjoyURLConnection: com.tapjoy.TapjoyHttpURLResponse getResponseFromURL(java.lang.String,java.lang.String,int,boolean,java.util.Map,java.lang.String,java.lang.String)>	sig:virtualinvoke $r11.<java.net.HttpURLConnection: void setRequestProperty(java.lang.String,java.lang.String)>("Connection", "close")	timediff:0
I/System.out(21393): body:<com.tapjoy.TapjoyURLConnection: com.tapjoy.TapjoyHttpURLResponse getResponseFromURL(java.lang.String,java.lang.String,int,boolean,java.util.Map,java.lang.String,java.lang.String)>	sig:virtualinvoke $r11.<java.net.HttpURLConnection: void setDoOutput(boolean)>(1)	timediff:0
I/System.out(21393): body:<com.tapjoy.TapjoyURLConnection: com.tapjoy.TapjoyHttpURLResponse getResponseFromURL(java.lang.String,java.lang.String,int,boolean,java.util.Map,java.lang.String,java.lang.String)>	sig:virtualinvoke $r11.<java.net.HttpURLConnection: void setFixedLengthStreamingMode(int)>($i0)	timediff:0
I/System.out(21393): body:<com.tapjoy.TapjoyURLConnection: com.tapjoy.TapjoyHttpURLResponse getResponseFromURL(java.lang.String,java.lang.String,int,boolean,java.util.Map,java.lang.String,java.lang.String)>	sig:$r20 = virtualinvoke $r7.<java.net.HttpURLConnection: java.io.InputStream getErrorStream()>()	timediff:0
I/ActivityManager(  464): START u0 {cmp=com.agminstruments.drumpadmachine/.InnerScreenActivity (has extras)} from pid 21393
I/MediaExtractor(  170): Use extended extractor for the special mime(audio/x-wav) or codec
W/SurfaceFlinger(  167): couldn't log to binary event log: overflow.
I/io.presage.new.do.a(21393): INFO main io.presage.new.do.a - com.agminstruments.drumpadmachine.InnerScreenActivity paused
E/Utils   (  170):  Couldn't map mime type "audio/ffmpeg" to a valid AudioSystem::audio_format !
D/OMXCodec(  170): setFFmpegAudioFormat
I/io.presage.new.do.a(21393): INFO main io.presage.new.do.a - com.agminstruments.drumpadmachine.InnerScreenActivity started.
D/dalvikvm(21393): GC_CONCURRENT freed 2080K, 54% free 9425K/20340K, paused 1ms+1ms, total 18ms
D/dalvikvm(21393): WAIT_FOR_CONCURRENT_GC blocked 8ms
D/dalvikvm(21393): WAIT_FOR_CONCURRENT_GC blocked 10ms
D/dalvikvm(21393): WAIT_FOR_CONCURRENT_GC blocked 10ms
I/System.out(21393): body:<com.agminstruments.drumpadmachine.f$5: void run()>	sig:specialinvoke $r2.<java.net.URL: void <init>(java.lang.String)>($r1)	timediff:0
I/System.out(21393): <com.agminstruments.drumpadmachine.f$5: void run()>###specialinvoke $r2.<java.net.URL: void <init>(java.lang.String)>($r1)###http://drumpadmachine.com:3500/dpm/covers/halloween_night.jpg
I/System.out(21393): body:<com.agminstruments.drumpadmachine.r: android.graphics.Bitmap a(java.net.URL,int)>	sig:$r2 = virtualinvoke $r0.<java.net.URL: java.net.URLConnection openConnection()>()	timediff:0
I/System.out(21393): body:<com.agminstruments.drumpadmachine.r: android.graphics.Bitmap a(java.net.URL,int)>	sig:$r2 = virtualinvoke $r0.<java.net.URL: java.net.URLConnection openConnection()>()	timediff:0
I/System.out(21393): body:<com.agminstruments.drumpadmachine.r: android.graphics.Bitmap a(java.net.URL,int)>	sig:$r2 = virtualinvoke $r0.<java.net.URL: java.net.URLConnection openConnection()>()	timediff:0
I/io.presage.new.do.a(21393): INFO main io.presage.new.do.a - com.agminstruments.drumpadmachine.InnerScreenActivity resumed
W/SocketClient(  163): write error (Broken pipe)
I/System.out(21393): body:<com.agminstruments.drumpadmachine.f$7: void run()>	sig:specialinvoke $r6.<java.net.URL: void <init>(java.lang.String)>($r1)	timediff:0
I/System.out(21393): <com.agminstruments.drumpadmachine.f$7: void run()>###specialinvoke $r6.<java.net.URL: void <init>(java.lang.String)>($r1)###http://img.youtube.com/vi/hPLUNDBFA9Q/0.jpg
I/System.out(21393): body:<com.agminstruments.drumpadmachine.f$7: void run()>	sig:$r9 = virtualinvoke $r6.<java.net.URL: java.net.URLConnection openConnection()>()	timediff:0
I/AwesomePlayer(  170): setDataSource_l(URL suppressed)
I/AwesomePlayer(  170): setDataSource_l(URL suppressed)
I/io.presage.new.do.a(21393): INFO main io.presage.new.do.a - com.agminstruments.drumpadmachine.InnerScreenActivity stopped
I/System.out(21393): body:<com.agminstruments.drumpadmachine.f$7: void run()>	sig:specialinvoke $r6.<java.net.URL: void <init>(java.lang.String)>($r1)	timediff:0
I/System.out(21393): <com.agminstruments.drumpadmachine.f$7: void run()>###specialinvoke $r6.<java.net.URL: void <init>(java.lang.String)>($r1)###http://img.youtube.com/vi/g8Bey55i190/0.jpg
I/System.out(21393): body:<com.agminstruments.drumpadmachine.f$7: void run()>	sig:$r9 = virtualinvoke $r6.<java.net.URL: java.net.URLConnection openConnection()>()	timediff:0
W/SocketClient(  163): write error (Broken pipe)
W/EGL_emulation(21393): eglSurfaceAttrib not implemented 3093 12436
W/ViewRootImpl(21393): Dropping event due to no window focus: KeyEvent { action=ACTION_DOWN, keyCode=KEYCODE_DPAD_LEFT, scanCode=0, metaState=0, flags=0x8, repeatCount=0, eventTime=13095502, downTime=13095502, deviceId=-1, source=0x101 }
I/MediaExtractor(  170): Use extended extractor for the special mime(audio/x-wav) or codec
I/ActivityManager(  464): Displayed com.agminstruments.drumpadmachine/.InnerScreenActivity: +294ms
E/Utils   (  170):  Couldn't map mime type "audio/ffmpeg" to a valid AudioSystem::audio_format !
D/OMXCodec(  170): setFFmpegAudioFormat
W/ContextImpl(  464): Calling a method in the system process without a qualified user: android.app.ContextImpl.sendBroadcast:1123 com.android.server.InputMethodManagerService.hideCurrentInputLocked:1880 com.android.server.InputMethodManagerService.windowGainedFocus:1968 com.android.internal.view.IInputMethodManager$Stub.onTransact:221 com.android.server.InputMethodManagerService.onTransact:818 
I/ActivityManager(  464): START u0 {cmp=com.agminstruments.drumpadmachine/.PopupMessage (has extras)} from pid 21393
I/MediaExtractor(  170): Use extended extractor for the special mime(audio/x-wav) or codec
I/io.presage.new.do.a(21393): INFO main io.presage.new.do.a - com.agminstruments.drumpadmachine.InnerScreenActivity paused
E/Utils   (  170):  Couldn't map mime type "audio/ffmpeg" to a valid AudioSystem::audio_format !
D/OMXCodec(  170): setFFmpegAudioFormat
W/SurfaceFlinger(  167): couldn't log to binary event log: overflow.
I/io.presage.new.do.a(21393): INFO main io.presage.new.do.a - com.agminstruments.drumpadmachine.PopupMessage started.
I/io.presage.new.do.a(21393): INFO main io.presage.new.do.a - com.agminstruments.drumpadmachine.PopupMessage resumed
W/EGL_emulation(21393): eglSurfaceAttrib not implemented 3093 12436
W/ViewRootImpl(21393): Dropping event due to no window focus: KeyEvent { action=ACTION_DOWN, keyCode=KEYCODE_DPAD_UP, scanCode=0, metaState=0, flags=0x8, repeatCount=0, eventTime=13096136, downTime=13096136, deviceId=-1, source=0x101 }
I/MediaExtractor(  170): Use extended extractor for the special mime(audio/x-wav) or codec
E/Utils   (  170):  Couldn't map mime type "audio/ffmpeg" to a valid AudioSystem::audio_format !
D/OMXCodec(  170): setFFmpegAudioFormat
I/ActivityManager(  464): Displayed com.agminstruments.drumpadmachine/.PopupMessage: +221ms
I/io.presage.new.do.a(21393): INFO main io.presage.new.do.a - com.agminstruments.drumpadmachine.InnerScreenActivity stopped
W/ContextImpl(  464): Calling a method in the system process without a qualified user: android.app.ContextImpl.sendBroadcast:1123 com.android.server.InputMethodManagerService.hideCurrentInputLocked:1880 com.android.server.InputMethodManagerService.windowGainedFocus:1968 com.android.internal.view.IInputMethodManager$Stub.onTransact:221 com.android.server.InputMethodManagerService.onTransact:818 
W/ActivityManager(  464): Duplicate finish request for ActivityRecord{4aa71e14 u0 com.agminstruments.drumpadmachine/.PopupMessage t404 f}
I/io.presage.new.do.a(21393): INFO main io.presage.new.do.a - com.agminstruments.drumpadmachine.PopupMessage paused
I/io.presage.new.do.a(21393): INFO main io.presage.new.do.a - com.agminstruments.drumpadmachine.InnerScreenActivity resumed
W/ViewRootImpl(21393): Dropping event due to no window focus: KeyEvent { action=ACTION_DOWN, keyCode=KEYCODE_DPAD_DOWN, scanCode=0, metaState=0, flags=0x8, repeatCount=0, eventTime=13096488, downTime=13096488, deviceId=-1, source=0x101 }
I/AwesomePlayer(  170): setDataSource_l(URL suppressed)
I/AwesomePlayer(  170): setDataSource_l(URL suppressed)
W/ViewRootImpl(21393): Dropping event due to no window focus: KeyEvent { action=ACTION_DOWN, keyCode=KEYCODE_DPAD_RIGHT, scanCode=0, metaState=0, flags=0x8, repeatCount=0, eventTime=13096541, downTime=13096541, deviceId=-1, source=0x101 }
W/ViewRootImpl(21393): Dropping event due to no window focus: KeyEvent { action=ACTION_DOWN, keyCode=KEYCODE_DPAD_CENTER, scanCode=0, metaState=0, flags=0x8, repeatCount=0, eventTime=13096551, downTime=13096551, deviceId=-1, source=0x101 }
I/io.presage.new.do.a(21393): INFO main io.presage.new.do.a - com.agminstruments.drumpadmachine.PopupMessage stopped
W/ContextImpl(  464): Calling a method in the system process without a qualified user: android.app.ContextImpl.sendBroadcast:1123 com.android.server.InputMethodManagerService.hideCurrentInputLocked:1880 com.android.server.InputMethodManagerService.windowGainedFocus:1968 com.android.internal.view.IInputMethodManager$Stub.onTransact:221 com.android.server.InputMethodManagerService.onTransact:818 
I/ActivityManager(  464): START u0 {act=android.intent.action.MAIN cat=[android.intent.category.LAUNCHER] flg=0x10200000 cmp=com.agminstruments.drumpadmachine/.MainActivityDPM} from pid 21383
W/ViewRootImpl(21393): Dropping event due to no window focus: KeyEvent { action=ACTION_DOWN, keyCode=KEYCODE_DPAD_RIGHT, scanCode=0, metaState=0, flags=0x8, repeatCount=0, eventTime=13096903, downTime=13096903, deviceId=-1, source=0x101 }
I/ActivityManager(  464): START u0 {act=android.intent.action.MAIN cat=[android.intent.category.LAUNCHER] flg=0x10200000 cmp=com.agminstruments.drumpadmachine/.MainActivityDPM} from pid 21383
W/ViewRootImpl(21393): Dropping event due to no window focus: KeyEvent { action=ACTION_DOWN, keyCode=KEYCODE_ESCAPE, scanCode=0, metaState=0, flags=0x8, repeatCount=0, eventTime=13096912, downTime=13096912, deviceId=-1, source=0x101 }
W/ViewRootImpl(21393): Dropping event due to no window focus: KeyEvent { action=ACTION_DOWN, keyCode=KEYCODE_BACK, scanCode=0, metaState=0, flags=0x8, repeatCount=0, eventTime=13096912, downTime=13096912, deviceId=-1, source=0x101 }
W/EGL_emulation(21393): eglSurfaceAttrib not implemented 3093 12436
E/InputDispatcher(  464): Received spurious receive callback for unknown input channel.  fd=204, events=0x1
W/InputMethodManagerService(  464): Window already focused, ignoring focus gain of: com.android.internal.view.IInputMethodClient$Stub$Proxy@4abeca3c attribute=android.view.inputmethod.EditorInfo@4ae1e0b8, token = android.os.BinderProxy@4ae5bb5c
W/EGL_emulation(21393): eglSurfaceAttrib not implemented 3093 12436
W/ViewRootImpl(21393): Dropping event due to no window focus: KeyEvent { action=ACTION_DOWN, keyCode=KEYCODE_GUIDE, scanCode=0, metaState=0, flags=0x8, repeatCount=0, eventTime=13097037, downTime=13097037, deviceId=-1, source=0x101 }
I/io.presage.new.do.a(21393): INFO main io.presage.new.do.a - com.agminstruments.drumpadmachine.InnerScreenActivity paused
I/io.presage.new.do.a(21393): INFO main io.presage.new.do.a - com.agminstruments.drumpadmachine.InnerScreenActivity started.
I/io.presage.new.do.a(21393): INFO main io.presage.new.do.a - com.agminstruments.drumpadmachine.InnerScreenActivity resumed
W/ViewRootImpl(21393): Dropping event due to no window focus: MotionEvent { action=ACTION_MOVE, id[0]=0, x[0]=-5.0, y[0]=-3.0, toolType[0]=TOOL_TYPE_UNKNOWN, buttonState=0, metaState=0, flags=0x0, edgeFlags=0x0, pointerCount=1, historySize=0, eventTime=13097144, downTime=-1, deviceId=0, source=0x10004 }
W/EGL_emulation(21393): eglSurfaceAttrib not implemented 3093 12436
W/ViewRootImpl(21393): Dropping event due to no window focus: MotionEvent { action=ACTION_MOVE, id[0]=0, x[0]=4.0, y[0]=2.0, toolType[0]=TOOL_TYPE_UNKNOWN, buttonState=0, metaState=0, flags=0x0, edgeFlags=0x0, pointerCount=1, historySize=6, eventTime=13097196, downTime=-1, deviceId=0, source=0x10004 }
I/MediaExtractor(  170): Use extended extractor for the special mime(audio/x-wav) or codec
W/ViewRootImpl(21393): Dropping event due to no window focus: KeyEvent { action=ACTION_DOWN, keyCode=KEYCODE_9, scanCode=0, metaState=0, flags=0x8, repeatCount=0, eventTime=13097197, downTime=13097197, deviceId=-1, source=0x101 }
W/ContextImpl(  464): Calling a method in the system process without a qualified user: android.app.ContextImpl.sendBroadcast:1123 com.android.server.InputMethodManagerService.hideCurrentInputLocked:1880 com.android.server.InputMethodManagerService.windowGainedFocus:1968 com.android.internal.view.IInputMethodManager$Stub.onTransact:221 com.android.server.InputMethodManagerService.onTransact:818 
E/Utils   (  170):  Couldn't map mime type "audio/ffmpeg" to a valid AudioSystem::audio_format !
D/OMXCodec(  170): setFFmpegAudioFormat
I/ActivityManager(  464): START u0 {cmp=com.agminstruments.drumpadmachine/.InnerScreenActivity (has extras)} from pid 21393
W/SurfaceFlinger(  167): couldn't log to binary event log: overflow.
I/io.presage.new.do.a(21393): INFO main io.presage.new.do.a - com.agminstruments.drumpadmachine.InnerScreenActivity paused
I/MediaExtractor(  170): Use extended extractor for the special mime(audio/x-wav) or codec
I/io.presage.new.do.a(21393): INFO main io.presage.new.do.a - com.agminstruments.drumpadmachine.InnerScreenActivity started.
I/System.out(21393): body:<com.agminstruments.drumpadmachine.f$5: void run()>	sig:specialinvoke $r2.<java.net.URL: void <init>(java.lang.String)>($r1)	timediff:0
I/System.out(21393): <com.agminstruments.drumpadmachine.f$5: void run()>###specialinvoke $r2.<java.net.URL: void <init>(java.lang.String)>($r1)###http://drumpadmachine.com:3500/dpm/covers/halloween_night.jpg
I/System.out(21393): body:<com.agminstruments.drumpadmachine.r: android.graphics.Bitmap a(java.net.URL,int)>	sig:$r2 = virtualinvoke $r0.<java.net.URL: java.net.URLConnection openConnection()>()	timediff:0
I/System.out(21393): body:<com.agminstruments.drumpadmachine.r: android.graphics.Bitmap a(java.net.URL,int)>	sig:$r2 = virtualinvoke $r0.<java.net.URL: java.net.URLConnection openConnection()>()	timediff:0
W/SocketClient(  163): write error (Broken pipe)
I/System.out(21393): body:<com.agminstruments.drumpadmachine.r: android.graphics.Bitmap a(java.net.URL,int)>	sig:$r2 = virtualinvoke $r0.<java.net.URL: java.net.URLConnection openConnection()>()	timediff:1
I/io.presage.new.do.a(21393): INFO main io.presage.new.do.a - com.agminstruments.drumpadmachine.InnerScreenActivity resumed
I/System.out(21393): body:<com.agminstruments.drumpadmachine.f$7: void run()>	sig:specialinvoke $r6.<java.net.URL: void <init>(java.lang.String)>($r1)	timediff:0
I/System.out(21393): <com.agminstruments.drumpadmachine.f$7: void run()>###specialinvoke $r6.<java.net.URL: void <init>(java.lang.String)>($r1)###http://img.youtube.com/vi/hPLUNDBFA9Q/0.jpg
I/AwesomePlayer(  170): setDataSource_l(URL suppressed)
I/System.out(21393): body:<com.agminstruments.drumpadmachine.f$7: void run()>	sig:$r9 = virtualinvoke $r6.<java.net.URL: java.net.URLConnection openConnection()>()	timediff:0
I/AwesomePlayer(  170): setDataSource_l(URL suppressed)
I/System.out(21393): body:<com.agminstruments.drumpadmachine.f$7: void run()>	sig:specialinvoke $r6.<java.net.URL: void <init>(java.lang.String)>($r1)	timediff:0
I/System.out(21393): <com.agminstruments.drumpadmachine.f$7: void run()>###specialinvoke $r6.<java.net.URL: void <init>(java.lang.String)>($r1)###http://img.youtube.com/vi/g8Bey55i190/0.jpg
I/System.out(21393): body:<com.agminstruments.drumpadmachine.f$7: void run()>	sig:$r9 = virtualinvoke $r6.<java.net.URL: java.net.URLConnection openConnection()>()	timediff:0
W/SocketClient(  163): write error (Broken pipe)
W/EGL_emulation(21393): eglSurfaceAttrib not implemented 3093 12436
W/ViewRootImpl(21393): Dropping event due to no window focus: MotionEvent { action=ACTION_MOVE, id[0]=0, x[0]=-4.0, y[0]=4.0, toolType[0]=TOOL_TYPE_UNKNOWN, buttonState=0, metaState=0, flags=0x0, edgeFlags=0x0, pointerCount=1, historySize=9, eventTime=13097865, downTime=-1, deviceId=0, source=0x10004 }
E/Utils   (  170):  Couldn't map mime type "audio/ffmpeg" to a valid AudioSystem::audio_format !
D/OMXCodec(  170): setFFmpegAudioFormat
W/ViewRootImpl(21393): Dropping event due to no window focus: KeyEvent { action=ACTION_DOWN, keyCode=KEYCODE_CHANNEL_DOWN, scanCode=0, metaState=0, flags=0x8, repeatCount=0, eventTime=13097867, downTime=13097867, deviceId=-1, source=0x101 }
I/ActivityManager(  464): Displayed com.agminstruments.drumpadmachine/.InnerScreenActivity: +269ms
W/ContextImpl(  464): Calling a method in the system process without a qualified user: android.app.ContextImpl.sendBroadcast:1123 com.android.server.InputMethodManagerService.hideCurrentInputLocked:1880 com.android.server.InputMethodManagerService.windowGainedFocus:1968 com.android.internal.view.IInputMethodManager$Stub.onTransact:221 com.android.server.InputMethodManagerService.onTransact:818 
W/System.err(21393): log4j:WARN Received HTTP error from Sumo Service: 0
W/SocketClient(  163): write error (Broken pipe)
I/MediaExtractor(  170): Use extended extractor for the special mime(audio/x-wav) or codec
E/Utils   (  170):  Couldn't map mime type "audio/ffmpeg" to a valid AudioSystem::audio_format !
D/OMXCodec(  170): setFFmpegAudioFormat
W/SurfaceFlinger(  167): couldn't log to binary event log: overflow.
I/io.presage.new.do.a(21393): INFO main io.presage.new.do.a - com.agminstruments.drumpadmachine.InnerScreenActivity paused
I/io.presage.new.do.a(21393): INFO main io.presage.new.do.a - com.agminstruments.drumpadmachine.InnerScreenActivity resumed
W/EGL_emulation(21393): eglSurfaceAttrib not implemented 3093 12436
I/MediaExtractor(  170): Use extended extractor for the special mime(audio/x-wav) or codec
E/Utils   (  170):  Couldn't map mime type "audio/ffmpeg" to a valid AudioSystem::audio_format !
D/OMXCodec(  170): setFFmpegAudioFormat
W/ContextImpl(  464): Calling a method in the system process without a qualified user: android.app.ContextImpl.sendBroadcast:1123 com.android.server.InputMethodManagerService.hideCurrentInputLocked:1880 com.android.server.InputMethodManagerService.windowGainedFocus:1968 com.android.internal.view.IInputMethodManager$Stub.onTransact:221 com.android.server.InputMethodManagerService.onTransact:818 
W/ViewRootImpl(21393): Dropping event due to no window focus: KeyEvent { action=ACTION_DOWN, keyCode=KEYCODE_DPAD_DOWN, scanCode=0, metaState=0, flags=0x8, repeatCount=0, eventTime=13098897, downTime=13098897, deviceId=-1, source=0x101 }
I/MediaExtractor(  170): Use extended extractor for the special mime(audio/x-wav) or codec
W/EGL_emulation(21393): eglSurfaceAttrib not implemented 3093 12436
W/SurfaceFlinger(  167): couldn't log to binary event log: overflow.
E/Utils   (  170):  Couldn't map mime type "audio/ffmpeg" to a valid AudioSystem::audio_format !
D/OMXCodec(  170): setFFmpegAudioFormat
I/ActivityManager(  464): START u0 {cmp=com.agminstruments.drumpadmachine/.InnerScreenActivity (has extras)} from pid 21393
W/ActivityManager(  464): startActivity called from finishing ActivityRecord{4b1c205c u0 com.agminstruments.drumpadmachine/.InnerScreenActivity t404 f}; forcing Intent.FLAG_ACTIVITY_NEW_TASK for: Intent { cmp=com.agminstruments.drumpadmachine/.InnerScreenActivity (has extras) }
I/io.presage.new.do.a(21393): INFO main io.presage.new.do.a - com.agminstruments.drumpadmachine.InnerScreenActivity paused
W/InputMethodManagerService(  464): Starting input on non-focused client com.android.internal.view.IInputMethodClient$Stub$Proxy@4ac748b4 (uid=10146 pid=21393)
I/io.presage.new.do.a(21393): INFO main io.presage.new.do.a - com.agminstruments.drumpadmachine.InnerScreenActivity started.
I/System.out(21393): body:<com.agminstruments.drumpadmachine.f$5: void run()>	sig:specialinvoke $r2.<java.net.URL: void <init>(java.lang.String)>($r1)	timediff:0
I/System.out(21393): <com.agminstruments.drumpadmachine.f$5: void run()>###specialinvoke $r2.<java.net.URL: void <init>(java.lang.String)>($r1)###http://drumpadmachine.com:3500/dpm/covers/starlight.jpg
I/System.out(21393): body:<com.agminstruments.drumpadmachine.r: android.graphics.Bitmap a(java.net.URL,int)>	sig:$r2 = virtualinvoke $r0.<java.net.URL: java.net.URLConnection openConnection()>()	timediff:0
I/System.out(21393): body:<com.agminstruments.drumpadmachine.r: android.graphics.Bitmap a(java.net.URL,int)>	sig:$r2 = virtualinvoke $r0.<java.net.URL: java.net.URLConnection openConnection()>()	timediff:0
I/System.out(21393): body:<com.agminstruments.drumpadmachine.r: android.graphics.Bitmap a(java.net.URL,int)>	sig:$r2 = virtualinvoke $r0.<java.net.URL: java.net.URLConnection openConnection()>()	timediff:1
I/System.out(21393): body:<com.agminstruments.drumpadmachine.f$7: void run()>	sig:specialinvoke $r6.<java.net.URL: void <init>(java.lang.String)>($r1)	timediff:0
I/io.presage.new.do.a(21393): INFO main io.presage.new.do.a - com.agminstruments.drumpadmachine.InnerScreenActivity resumed
I/AwesomePlayer(  170): setDataSource_l(URL suppressed)
I/AwesomePlayer(  170): setDataSource_l(URL suppressed)
I/System.out(21393): <com.agminstruments.drumpadmachine.f$7: void run()>###specialinvoke $r6.<java.net.URL: void <init>(java.lang.String)>($r1)###http://img.youtube.com/vi/_lOp-5QapfQ/0.jpg
I/System.out(21393): body:<com.agminstruments.drumpadmachine.f$7: void run()>	sig:$r9 = virtualinvoke $r6.<java.net.URL: java.net.URLConnection openConnection()>()	timediff:0
I/System.out(21393): body:<com.agminstruments.drumpadmachine.f$7: void run()>	sig:specialinvoke $r6.<java.net.URL: void <init>(java.lang.String)>($r1)	timediff:0
I/System.out(21393): <com.agminstruments.drumpadmachine.f$7: void run()>###specialinvoke $r6.<java.net.URL: void <init>(java.lang.String)>($r1)###http://img.youtube.com/vi/mlPP-SJdkHU/0.jpg
I/System.out(21393): body:<com.agminstruments.drumpadmachine.f$7: void run()>	sig:$r9 = virtualinvoke $r6.<java.net.URL: java.net.URLConnection openConnection()>()	timediff:0
W/EGL_emulation(21393): eglSurfaceAttrib not implemented 3093 12436
W/ViewRootImpl(21393): Dropping event due to no window focus: KeyEvent { action=ACTION_DOWN, keyCode=KEYCODE_DPAD_UP, scanCode=0, metaState=0, flags=0x8, repeatCount=0, eventTime=13099262, downTime=13099262, deviceId=-1, source=0x101 }
I/MediaExtractor(  170): Use extended extractor for the special mime(audio/x-wav) or codec
E/Utils   (  170):  Couldn't map mime type "audio/ffmpeg" to a valid AudioSystem::audio_format !
D/OMXCodec(  170): setFFmpegAudioFormat
W/ContextImpl(  464): Calling a method in the system process without a qualified user: android.app.ContextImpl.sendBroadcast:1123 com.android.server.InputMethodManagerService.hideCurrentInputLocked:1880 com.android.server.InputMethodManagerService.windowGainedFocus:1968 com.android.internal.view.IInputMethodManager$Stub.onTransact:221 com.android.server.InputMethodManagerService.onTransact:818 
I/ActivityManager(  464): Displayed com.agminstruments.drumpadmachine/.InnerScreenActivity: +531ms
I/MediaExtractor(  170): Use extended extractor for the special mime(audio/x-wav) or codec
E/Utils   (  170):  Couldn't map mime type "audio/ffmpeg" to a valid AudioSystem::audio_format !
D/OMXCodec(  170): setFFmpegAudioFormat
W/SurfaceFlinger(  167): couldn't log to binary event log: overflow.
I/MediaExtractor(  170): Use extended extractor for the special mime(audio/x-wav) or codec
I/io.presage.new.do.a(21393): INFO main io.presage.new.do.a - com.agminstruments.drumpadmachine.InnerScreenActivity stopped
W/WindowManager(  464): Force-removing child win Window{4abfa65c u0 AtchDlg:com.agminstruments.drumpadmachine/com.agminstruments.drumpadmachine.InnerScreenActivity} from container Window{4af6a000 u0 com.agminstruments.drumpadmachine/com.agminstruments.drumpadmachine.InnerScreenActivity}
E/WindowManager(21393): 
E/WindowManager(21393): android.view.WindowLeaked: Activity com.agminstruments.drumpadmachine.InnerScreenActivity has leaked window com.android.internal.policy.impl.PhoneWindow$DecorView{4aeda1d8 V.E..... ......I. 0,0-0,0} that was originally added here
E/WindowManager(21393): 	at android.view.ViewRootImpl.<init>(ViewRootImpl.java:348)
E/WindowManager(21393): 	at android.view.WindowManagerGlobal.addView(WindowManagerGlobal.java:248)
E/WindowManager(21393): 	at android.view.WindowManagerImpl.addView(WindowManagerImpl.java:69)
E/WindowManager(21393): 	at com.android.internal.policy.impl.PhoneWindow.openPanel(PhoneWindow.java:672)
E/WindowManager(21393): 	at com.android.internal.policy.impl.PhoneWindow.onKeyUpPanel(PhoneWindow.java:879)
E/WindowManager(21393): 	at com.android.internal.policy.impl.PhoneWindow.onKeyUp(PhoneWindow.java:1630)
E/WindowManager(21393): 	at com.android.internal.policy.impl.PhoneWindow$DecorView.dispatchKeyEvent(PhoneWindow.java:1969)
E/WindowManager(21393): 	at android.view.ViewRootImpl$ViewPostImeInputStage.processKeyEvent(ViewRootImpl.java:3876)
E/WindowManager(21393): 	at android.view.ViewRootImpl$ViewPostImeInputStage.onProcess(ViewRootImpl.java:3850)
E/WindowManager(21393): 	at android.view.ViewRootImpl$InputStage.deliver(ViewRootImpl.java:3423)
E/WindowManager(21393): 	at android.view.ViewRootImpl$InputStage.onDeliverToNext(ViewRootImpl.java:3473)
E/WindowManager(21393): 	at android.view.ViewRootImpl$InputStage.forward(ViewRootImpl.java:3442)
E/WindowManager(21393): 	at android.view.ViewRootImpl$AsyncInputStage.forward(ViewRootImpl.java:3549)
E/WindowManager(21393): 	at android.view.ViewRootImpl$InputStage.apply(ViewRootImpl.java:3450)
E/WindowManager(21393): 	at android.view.ViewRootImpl$AsyncInputStage.apply(ViewRootImpl.java:3606)
E/WindowManager(21393): 	at android.view.ViewRootImpl$InputStage.deliver(ViewRootImpl.java:3423)
E/WindowManager(21393): 	at android.view.ViewRootImpl$InputStage.onDeliverToNext(ViewRootImpl.java:3473)
E/WindowManager(21393): 	at android.view.ViewRootImpl$InputStage.forward(ViewRootImpl.java:3442)
E/WindowManager(21393): 	at android.view.ViewRootImpl$InputStage.apply(ViewRootImpl.java:3450)
E/WindowManager(21393): 	at android.view.ViewRootImpl$InputStage.deliver(ViewRootImpl.java:3423)
E/WindowManager(21393): 	at android.view.ViewRootImpl$InputStage.onDeliverToNext(ViewRootImpl.java:3473)
E/WindowManager(21393): 	at android.view.ViewRootImpl$InputStage.forward(ViewRootImpl.java:3442)
E/WindowManager(21393): 	at android.view.ViewRootImpl$AsyncInputStage.forward(ViewRootImpl.java:3582)
E/WindowManager(21393): 	at android.view.ViewRootImpl$ImeInputStage.onFinishedInputEvent(ViewRootImpl.java:3742)
E/WindowManager(21393): 	at android.view.inputmethod.InputMethodManager$PendingEvent.run(InputMethodManager.java:2010)
E/WindowManager(21393): 	at android.view.inputmethod.InputMethodManager.invokeFinishedInputEventCallback(InputMethodManager.java:1704)
E/WindowManager(21393): 	at android.view.inputmethod.InputMethodManager.finishedInputEvent(InputMethodManager.java:1695)
E/WindowManager(21393): 	at android.view.inputmethod.InputMethodManager$ImeInputEventSender.onInputEventFinished(InputMethodManager.java:1987)
E/WindowManager(21393): 	at android.view.InputEventSender.dispatchInputEventFinished(InputEventSender.java:141)
E/WindowManager(21393): 	at android.os.MessageQueue.nativePollOnce(Native Method)
E/WindowManager(21393): 	at android.os.MessageQueue.next(MessageQueue.java:138)
E/WindowManager(21393): 	at android.os.Looper.loop(Looper.java:123)
E/WindowManager(21393): 	at android.app.ActivityThread.main(ActivityThread.java:5019)
E/WindowManager(21393): 	at java.lang.reflect.Method.invokeNative(Native Method)
E/WindowManager(21393): 	at java.lang.reflect.Method.invoke(Method.java:515)
E/WindowManager(21393): 	at com.android.internal.os.ZygoteInit$MethodAndArgsCaller.run(ZygoteInit.java:779)
E/WindowManager(21393): 	at com.android.internal.os.ZygoteInit.main(ZygoteInit.java:595)
E/WindowManager(21393): 	at dalvik.system.NativeStart.main(Native Method)
I/io.presage.new.do.a(21393): INFO main io.presage.new.do.a - com.agminstruments.drumpadmachine.InnerScreenActivity stopped
E/Utils   (  170):  Couldn't map mime type "audio/ffmpeg" to a valid AudioSystem::audio_format !
D/OMXCodec(  170): setFFmpegAudioFormat
I/MediaExtractor(  170): Use extended extractor for the special mime(audio/x-wav) or codec
W/io.grpc.internal.ec(  654): [{0}] Failed to resolve name. status={1}
E/Utils   (  170):  Couldn't map mime type "audio/ffmpeg" to a valid AudioSystem::audio_format !
D/OMXCodec(  170): setFFmpegAudioFormat
I/MediaExtractor(  170): Use extended extractor for the special mime(audio/x-wav) or codec
E/Utils   (  170):  Couldn't map mime type "audio/ffmpeg" to a valid AudioSystem::audio_format !
D/OMXCodec(  170): setFFmpegAudioFormat
I/MediaExtractor(  170): Use extended extractor for the special mime(audio/x-wav) or codec
E/Utils   (  170):  Couldn't map mime type "audio/ffmpeg" to a valid AudioSystem::audio_format !
D/OMXCodec(  170): setFFmpegAudioFormat
I/MediaExtractor(  170): Use extended extractor for the special mime(audio/x-wav) or codec
E/Utils   (  170):  Couldn't map mime type "audio/ffmpeg" to a valid AudioSystem::audio_format !
D/OMXCodec(  170): setFFmpegAudioFormat
I/io.presage.new.do.a(21393): INFO main io.presage.new.do.a - com.agminstruments.drumpadmachine.InnerScreenActivity stopped
I/Choreographer(21393): Skipped 59 frames!  The application may be doing too much work on its main thread.
D/AndroidRuntime(21393): Shutting down VM
W/dalvikvm(21393): threadid=1: thread exiting with uncaught exception (group=0x94d12b20)
I/Process (  464): Sending signal. PID: 21393 SIG: 9
W/WindowManager(  464): Failed looking up window
W/WindowManager(  464): java.lang.IllegalArgumentException: Requested window android.os.BinderProxy@4aa52f90 does not exist
W/WindowManager(  464): 	at com.android.server.wm.WindowManagerService.windowForClientLocked(WindowManagerService.java:8096)
W/WindowManager(  464): 	at com.android.server.wm.WindowManagerService.windowForClientLocked(WindowManagerService.java:8087)
W/WindowManager(  464): 	at com.android.server.wm.WindowManagerService.removeWindow(WindowManagerService.java:2542)
W/WindowManager(  464): 	at com.android.server.wm.Session.remove(Session.java:181)
W/WindowManager(  464): 	at android.view.IWindowSession$Stub.onTransact(IWindowSession.java:197)
W/WindowManager(  464): 	at com.android.server.wm.Session.onTransact(Session.java:125)
W/WindowManager(  464): 	at android.os.Binder.execTransact(Binder.java:404)
W/WindowManager(  464): 	at dalvik.system.NativeStart.run(Native Method)
E/AndroidRuntime(21393): FATAL EXCEPTION: main
E/AndroidRuntime(21393): Process: com.agminstruments.drumpadmachine, PID: 21393
E/AndroidRuntime(21393): java.lang.NullPointerException
E/AndroidRuntime(21393): 	at com.agminstruments.drumpadmachine.a.a$4.onLoadComplete(SourceFile:207)
E/AndroidRuntime(21393): 	at android.media.SoundPool$SoundPoolImpl$EventHandler.handleMessage(SoundPool.java:588)
E/AndroidRuntime(21393): 	at android.os.Handler.dispatchMessage(Handler.java:102)
E/AndroidRuntime(21393): 	at android.os.Looper.loop(Looper.java:136)
E/AndroidRuntime(21393): 	at android.app.ActivityThread.main(ActivityThread.java:5019)
E/AndroidRuntime(21393): 	at java.lang.reflect.Method.invokeNative(Native Method)
E/AndroidRuntime(21393): 	at java.lang.reflect.Method.invoke(Method.java:515)
E/AndroidRuntime(21393): 	at com.android.internal.os.ZygoteInit$MethodAndArgsCaller.run(ZygoteInit.java:779)
E/AndroidRuntime(21393): 	at com.android.internal.os.ZygoteInit.main(ZygoteInit.java:595)
E/AndroidRuntime(21393): 	at dalvik.system.NativeStart.main(Native Method)
W/ActivityManager(  464): Force-killing crashed app com.agminstruments.drumpadmachine at watcher's request
W/ContextImpl(  464): Calling a method in the system process without a qualified user: android.app.ContextImpl.sendBroadcast:1123 com.android.server.am.ActivityManagerService.handleApplicationCrashInner:9670 com.android.server.am.ActivityManagerService.handleApplicationCrash:9644 android.app.ActivityManagerNative.onTransact:1311 com.android.server.am.ActivityManagerService.onTransact:2071 
W/InputDispatcher(  464): channel '4af65608 com.agminstruments.drumpadmachine/com.agminstruments.drumpadmachine.InnerScreenActivity (server)' ~ Consumer closed input channel or an error occurred.  events=0xd
E/InputDispatcher(  464): channel '4af65608 com.agminstruments.drumpadmachine/com.agminstruments.drumpadmachine.InnerScreenActivity (server)' ~ Channel is unrecoverably broken and will be disposed!
I/ActivityManager(  464): Process com.agminstruments.drumpadmachine (pid 21393) has died.
W/NetworkManagementSocketTagger(  464): setKernelCountSet(10146, 0) failed with errno -13
W/ActivityManager(  464): Force removing ActivityRecord{4ac6b028 u0 com.agminstruments.drumpadmachine/.InnerScreenActivity t404}: app died, no saved state
W/InputDispatcher(  464): channel '4acd80bc com.agminstruments.drumpadmachine/com.agminstruments.drumpadmachine.MainActivityDPM (server)' ~ Consumer closed input channel or an error occurred.  events=0x9
E/InputDispatcher(  464): channel '4acd80bc com.agminstruments.drumpadmachine/com.agminstruments.drumpadmachine.MainActivityDPM (server)' ~ Channel is unrecoverably broken and will be disposed!
I/InputDispatcher(  464): Dropping event because there is no focused window or focused application.
W/InputDispatcher(  464): Attempted to unregister already unregistered input channel '4acd80bc com.agminstruments.drumpadmachine/com.agminstruments.drumpadmachine.MainActivityDPM (server)'
W/InputDispatcher(  464): Attempted to unregister already unregistered input channel '4af65608 com.agminstruments.drumpadmachine/com.agminstruments.drumpadmachine.InnerScreenActivity (server)'
I/InputDispatcher(  464): Dropping event because there is no focused window or focused application.
I/WindowState(  464): WIN DEATH: Window{4acd80bc u0 com.agminstruments.drumpadmachine/com.agminstruments.drumpadmachine.MainActivityDPM}
W/InputManager(  464): Input event injection from pid 21383 failed.
I/WindowState(  464): WIN DEATH: Window{4af65608 u0 com.agminstruments.drumpadmachine/com.agminstruments.drumpadmachine.InnerScreenActivity}
W/InputManager(  464): Input event injection from pid 21383 failed.
W/InputManager(  464): Input event injection from pid 21383 failed.
W/InputManager(  464): Input event injection from pid 21383 failed.
W/InputManager(  464): Input event injection from pid 21383 failed.
I/ActivityManager(  464): Start proc com.agminstruments.drumpadmachine for activity com.agminstruments.drumpadmachine/.MainActivityDPM: pid=22525 uid=10146 gids={50146, 1028, 1015, 1023, 3003}
W/InputManager(  464): Input event injection from pid 21383 failed.
W/SurfaceFlinger(  167): couldn't log to binary event log: overflow.
I/InputDispatcher(  464): Dropping event because there is no focused window or focused application.
W/InputManager(  464): Input event injection from pid 21383 failed.
W/InputManager(  464): Input event injection from pid 21383 failed.
W/InputManager(  464): Input event injection from pid 21383 failed.
W/InputManager(  464): Input event injection from pid 21383 failed.
I/InputDispatcher(  464): Dropping event because there is no focused window or focused application.
W/NetworkManagementSocketTagger(  464): setKernelCountSet(10146, 1) failed with errno -13
I/dalvikvm(22525): ignoring registerObject request in thread=1
I/dalvikvm(22525): ignoring registerObject request in thread=1
W/InputManager(  464): Input event injection from pid 21383 failed.
W/InputManager(  464): Input event injection from pid 21383 failed.
W/InputManager(  464): Input event injection from pid 21383 failed.
I/InputDispatcher(  464): Dropping event because there is no focused window or focused application.
I/MultiDex(22525): VM with version 1.6.0 does not have multidex support
I/MultiDex(22525): install
W/InputManager(  464): Input event injection from pid 21383 failed.
W/InputManager(  464): Input event injection from pid 21383 failed.
W/InputManager(  464): Input event injection from pid 21383 failed.
W/InputManager(  464): Input event injection from pid 21383 failed.
W/InputManager(  464): Input event injection from pid 21383 failed.
W/InputManager(  464): Input event injection from pid 21383 failed.
W/InputManager(  464): Input event injection from pid 21383 failed.
W/InputManager(  464): Input event injection from pid 21383 failed.
I/InputDispatcher(  464): Dropping event because there is no focused window or focused application.
I/MultiDex(22525): MultiDexExtractor.load(/data/app/com.agminstruments.drumpadmachine-1.apk, false)
I/InputDispatcher(  464): Dropping event because there is no focused window or focused application.
I/MultiDex(22525): loading existing secondary dex files
I/MultiDex(22525): load found 1 secondary dex files
I/InputDispatcher(  464): Dropping event because there is no focused window or focused application.
I/MultiDex(22525): install done
W/InputManager(  464): Input event injection from pid 21383 failed.
W/InputManager(  464): Input event injection from pid 21383 failed.
I/InputDispatcher(  464): Dropping event because there is no focused window or focused application.
I/InputDispatcher(  464): Dropping event because there is no focused window or focused application.
I/InputDispatcher(  464): Dropping event because there is no focused window or focused application.
I/InputDispatcher(  464): Dropping event because there is no focused window or focused application.
I/dalvikvm(22525): Could not find method android.app.ActivityOptions.makeSceneTransitionAnimation, referenced from method com.agminstruments.drumpadmachine.i.a
W/dalvikvm(22525): VFY: unable to resolve static method 630: Landroid/app/ActivityOptions;.makeSceneTransitionAnimation (Landroid/app/Activity;Landroid/view/View;Ljava/lang/String;)Landroid/app/ActivityOptions;
I/InputDispatcher(  464): Dropping event because there is no focused window or focused application.
D/dalvikvm(22525): VFY: replacing opcode 0x71 at 0x002d
I/InputDispatcher(  464): Dropping event because there is no focused window or focused application.
W/InputManager(  464): Input event injection from pid 21383 failed.
W/InputManager(  464): Input event injection from pid 21383 failed.
W/InputManager(  464): Input event injection from pid 21383 failed.
W/InputManager(  464): Input event injection from pid 21383 failed.
W/InputManager(  464): Input event injection from pid 21383 failed.
W/InputManager(  464): Input event injection from pid 21383 failed.
W/InputManager(  464): Input event injection from pid 21383 failed.
I/InputDispatcher(  464): Dropping event because there is no focused window or focused application.
I/InputDispatcher(  464): Dropping event because there is no focused window or focused application.
I/InputDispatcher(  464): Dropping event because there is no focused window or focused application.
I/InputDispatcher(  464): Dropping event because there is no focused window or focused application.
I/InputDispatcher(  464): Dropping event because there is no focused window or focused application.
I/InputDispatcher(  464): Dropping event because there is no focused window or focused application.
I/InputDispatcher(  464): Dropping event because there is no focused window or focused application.
I/InputDispatcher(  464): Dropping event because there is no focused window or focused application.
W/InputManager(  464): Input event injection from pid 21383 failed.
W/InputManager(  464): Input event injection from pid 21383 failed.
W/InputManager(  464): Input event injection from pid 21383 failed.
W/InputManager(  464): Input event injection from pid 21383 failed.
W/InputManager(  464): Input event injection from pid 21383 failed.
W/InputManager(  464): Input event injection from pid 21383 failed.
W/InputManager(  464): Input event injection from pid 21383 failed.
I/InputDispatcher(  464): Dropping event because there is no focused window or focused application.
I/InputDispatcher(  464): Dropping event because there is no focused window or focused application.
I/dalvikvm(22525): Could not find method android.content.res.Resources.getColor, referenced from method com.agminstruments.drumpadmachine.j.onCreateView
W/dalvikvm(22525): VFY: unable to resolve virtual method 1088: Landroid/content/res/Resources;.getColor (ILandroid/content/res/Resources$Theme;)I
D/dalvikvm(22525): VFY: replacing opcode 0x6e at 0x026c
I/InputDispatcher(  464): Dropping event because there is no focused window or focused application.
W/InputManager(  464): Input event injection from pid 21383 failed.
W/InputManager(  464): Input event injection from pid 21383 failed.
W/InputManager(  464): Input event injection from pid 21383 failed.
W/InputManager(  464): Input event injection from pid 21383 failed.
W/InputManager(  464): Input event injection from pid 21383 failed.
W/InputManager(  464): Input event injection from pid 21383 failed.
I/InputDispatcher(  464): Dropping event because there is no focused window or focused application.
I/InputDispatcher(  464): Dropping event because there is no focused window or focused application.
I/InputDispatcher(  464): Dropping event because there is no focused window or focused application.
W/InputManager(  464): Input event injection from pid 21383 failed.
W/InputManager(  464): Input event injection from pid 21383 failed.
W/InputManager(  464): Input event injection from pid 21383 failed.
W/InputManager(  464): Input event injection from pid 21383 failed.
I/InputDispatcher(  464): Dropping event because there is no focused window or focused application.
I/InputDispatcher(  464): Dropping event because there is no focused window or focused application.
D/dalvikvm(22525): JIT code cache reset in 0 ms (0 bytes 1/0)
D/dalvikvm(22525): GC_CONCURRENT freed 228K, 9% free 2983K/3268K, paused 2ms+0ms, total 5ms
W/InputManager(  464): Input event injection from pid 21383 failed.
W/InputManager(  464): Input event injection from pid 21383 failed.
W/InputManager(  464): Input event injection from pid 21383 failed.
W/InputManager(  464): Input event injection from pid 21383 failed.
W/InputManager(  464): Input event injection from pid 21383 failed.
I/InputDispatcher(  464): Dropping event because there is no focused window or focused application.
I/InputDispatcher(  464): Dropping event because there is no focused window or focused application.
I/InputDispatcher(  464): Dropping event because there is no focused window or focused application.
I/InputDispatcher(  464): Dropping event because there is no focused window or focused application.
I/InputDispatcher(  464): Dropping event because there is no focused window or focused application.
I/InputDispatcher(  464): Dropping event because there is no focused window or focused application.
I/InputDispatcher(  464): Dropping event because there is no focused window or focused application.
I/InputDispatcher(  464): Dropping event because there is no focused window or focused application.
I/InputDispatcher(  464): Dropping event because there is no focused window or focused application.
I/InputDispatcher(  464): Dropping event because there is no focused window or focused application.
I/InputDispatcher(  464): Dropping event because there is no focused window or focused application.
W/InputManager(  464): Input event injection from pid 21383 failed.
W/InputManager(  464): Input event injection from pid 21383 failed.
W/InputManager(  464): Input event injection from pid 21383 failed.
W/InputManager(  464): Input event injection from pid 21383 failed.
W/InputManager(  464): Input event injection from pid 21383 failed.
W/InputManager(  464): Input event injection from pid 21383 failed.
W/InputManager(  464): Input event injection from pid 21383 failed.
W/InputManager(  464): Input event injection from pid 21383 failed.
W/InputManager(  464): Input event injection from pid 21383 failed.
W/InputManager(  464): Input event injection from pid 21383 failed.
I/InputDispatcher(  464): Dropping event because there is no focused window or focused application.
I/InputDispatcher(  464): Dropping event because there is no focused window or focused application.
I/InputDispatcher(  464): Dropping event because there is no focused window or focused application.
I/InputDispatcher(  464): Dropping event because there is no focused window or focused application.
I/InputDispatcher(  464): Dropping event because there is no focused window or focused application.
I/InputDispatcher(  464): Dropping event because there is no focused window or focused application.
I/InputDispatcher(  464): Dropping event because there is no focused window or focused application.
I/InputDispatcher(  464): Dropping event because there is no focused window or focused application.
I/InputDispatcher(  464): Dropping event because there is no focused window or focused application.
W/InputManager(  464): Input event injection from pid 21383 failed.
W/InputManager(  464): Input event injection from pid 21383 failed.
W/InputManager(  464): Input event injection from pid 21383 failed.
W/InputManager(  464): Input event injection from pid 21383 failed.
W/InputManager(  464): Input event injection from pid 21383 failed.
W/InputManager(  464): Input event injection from pid 21383 failed.
W/InputManager(  464): Input event injection from pid 21383 failed.
W/InputManager(  464): Input event injection from pid 21383 failed.
W/InputManager(  464): Input event injection from pid 21383 failed.
W/InputManager(  464): Input event injection from pid 21383 failed.
I/InputDispatcher(  464): Dropping event because there is no focused window or focused application.
I/InputDispatcher(  464): Dropping event because there is no focused window or focused application.
I/InputDispatcher(  464): Dropping event because there is no focused window or focused application.
I/InputDispatcher(  464): Dropping event because there is no focused window or focused application.
I/InputDispatcher(  464): Dropping event because there is no focused window or focused application.
I/InputDispatcher(  464): Dropping event because there is no focused window or focused application.
I/InputDispatcher(  464): Dropping event because there is no focused window or focused application.
I/InputDispatcher(  464): Dropping event because there is no focused window or focused application.
W/InputManager(  464): Input event injection from pid 21383 failed.
W/InputManager(  464): Input event injection from pid 21383 failed.
W/InputManager(  464): Input event injection from pid 21383 failed.
W/InputManager(  464): Input event injection from pid 21383 failed.
W/InputManager(  464): Input event injection from pid 21383 failed.
W/InputManager(  464): Input event injection from pid 21383 failed.
W/InputManager(  464): Input event injection from pid 21383 failed.
W/InputManager(  464): Input event injection from pid 21383 failed.
W/InputManager(  464): Input event injection from pid 21383 failed.
W/InputManager(  464): Input event injection from pid 21383 failed.
I/InputDispatcher(  464): Dropping event because there is no focused window or focused application.
I/InputDispatcher(  464): Dropping event because there is no focused window or focused application.
I/InputDispatcher(  464): Dropping event because there is no focused window or focused application.
I/InputDispatcher(  464): Dropping event because there is no focused window or focused application.
I/InputDispatcher(  464): Dropping event because there is no focused window or focused application.
I/InputDispatcher(  464): Dropping event because there is no focused window or focused application.
I/InputDispatcher(  464): Dropping event because there is no focused window or focused application.
I/InputDispatcher(  464): Dropping event because there is no focused window or focused application.
I/InputDispatcher(  464): Dropping event because there is no focused window or focused application.
W/InputManager(  464): Input event injection from pid 21383 failed.
W/InputManager(  464): Input event injection from pid 21383 failed.
W/InputManager(  464): Input event injection from pid 21383 failed.
W/InputManager(  464): Input event injection from pid 21383 failed.
W/InputManager(  464): Input event injection from pid 21383 failed.
W/InputManager(  464): Input event injection from pid 21383 failed.
W/InputManager(  464): Input event injection from pid 21383 failed.
W/InputManager(  464): Input event injection from pid 21383 failed.
W/InputManager(  464): Input event injection from pid 21383 failed.
W/InputManager(  464): Input event injection from pid 21383 failed.
I/InputDispatcher(  464): Dropping event because there is no focused window or focused application.
I/InputDispatcher(  464): Dropping event because there is no focused window or focused application.
I/InputDispatcher(  464): Dropping event because there is no focused window or focused application.
I/InputDispatcher(  464): Dropping event because there is no focused window or focused application.
I/InputDispatcher(  464): Dropping event because there is no focused window or focused application.
I/InputDispatcher(  464): Dropping event because there is no focused window or focused application.
I/InputDispatcher(  464): Dropping event because there is no focused window or focused application.
E/dalvikvm(22525): Could not find class 'android.media.SoundPool$Builder', referenced from method com.agminstruments.drumpadmachine.a.a.a
W/dalvikvm(22525): VFY: unable to resolve new-instance 303 (Landroid/media/SoundPool$Builder;) in Lcom/agminstruments/drumpadmachine/a/a;
D/dalvikvm(22525): VFY: replacing opcode 0x22 at 0x0008
I/InputDispatcher(  464): Dropping event because there is no focused window or focused application.
I/dalvikvm(22525): Could not find method android.content.res.Resources.getDrawable, referenced from method com.agminstruments.drumpadmachine.a.a.a
W/dalvikvm(22525): VFY: unable to resolve virtual method 1095: Landroid/content/res/Resources;.getDrawable (ILandroid/content/res/Resources$Theme;)Landroid/graphics/drawable/Drawable;
D/dalvikvm(22525): VFY: replacing opcode 0x6e at 0x0021
I/dalvikvm(22525): Could not find method android.content.res.Resources.getDrawable, referenced from method com.agminstruments.drumpadmachine.a.a.a
W/dalvikvm(22525): VFY: unable to resolve virtual method 1095: Landroid/content/res/Resources;.getDrawable (ILandroid/content/res/Resources$Theme;)Landroid/graphics/drawable/Drawable;
D/dalvikvm(22525): VFY: replacing opcode 0x6e at 0x0055
I/InputDispatcher(  464): Dropping event because there is no focused window or focused application.
I/InputDispatcher(  464): Dropping event because there is no focused window or focused application.
W/InputManager(  464): Input event injection from pid 21383 failed.
W/InputManager(  464): Input event injection from pid 21383 failed.
W/InputManager(  464): Input event injection from pid 21383 failed.
W/InputManager(  464): Input event injection from pid 21383 failed.
W/InputManager(  464): Input event injection from pid 21383 failed.
W/InputManager(  464): Input event injection from pid 21383 failed.
W/InputManager(  464): Input event injection from pid 21383 failed.
W/InputManager(  464): Input event injection from pid 21383 failed.
I/ActivityManager(  464): START u0 {act=android.intent.action.MAIN cat=[android.intent.category.LAUNCHER] flg=0x10200000 cmp=com.agminstruments.drumpadmachine/.MainActivityDPM} from pid 21383
W/InputManager(  464): Input event injection from pid 21383 failed.
W/InputManager(  464): Input event injection from pid 21383 failed.
W/InputManager(  464): Input event injection from pid 21383 failed.
W/InputManager(  464): Input event injection from pid 21383 failed.
W/InputManager(  464): Input event injection from pid 21383 failed.
W/InputManager(  464): Input event injection from pid 21383 failed.
W/InputManager(  464): Input event injection from pid 21383 failed.
D/dalvikvm(22525): DexOpt: unable to opt direct call 0x0603 at 0x0a in Lcom/agminstruments/drumpadmachine/a/a;.a
I/InputDispatcher(  464): Dropping event because there is no focused window or focused application.
D/dalvikvm(22525): DexOpt: unable to opt direct call 0x05b3 at 0x0f in Lcom/agminstruments/drumpadmachine/a/a;.a
I/InputDispatcher(  464): Dropping event because there is no focused window or focused application.
I/InputDispatcher(  464): Dropping event because there is no focused window or focused application.
I/InputDispatcher(  464): Dropping event because there is no focused window or focused application.
I/InputDispatcher(  464): Dropping event because there is no focused window or focused application.
I/InputDispatcher(  464): Dropping event because there is no focused window or focused application.
I/InputDispatcher(  464): Dropping event because there is no focused window or focused application.
I/InputDispatcher(  464): Dropping event because there is no focused window or focused application.
I/InputDispatcher(  464): Dropping event because there is no focused window or focused application.
I/InputDispatcher(  464): Dropping event because there is no focused window or focused application.
I/InputDispatcher(  464): Dropping event because there is no focused window or focused application.
I/InputDispatcher(  464): Dropping event because there is no focused window or focused application.
I/InputDispatcher(  464): Dropping event because there is no focused window or focused application.
I/InputDispatcher(  464): Dropping event because there is no focused window or focused application.
I/InputDispatcher(  464): Dropping event because there is no focused window or focused application.
I/InputDispatcher(  464): Dropping event because there is no focused window or focused application.
I/InputDispatcher(  464): Dropping event because there is no focused window or focused application.
I/InputDispatcher(  464): Dropping event because there is no focused window or focused application.
I/InputDispatcher(  464): Dropping event because there is no focused window or focused application.
I/InputDispatcher(  464): Dropping event because there is no focused window or focused application.
D/dalvikvm(22525): GC_CONCURRENT freed 98K, 5% free 3270K/3424K, paused 2ms+0ms, total 4ms
I/InputDispatcher(  464): Dropping event because there is no focused window or focused application.
I/InputDispatcher(  464): Dropping event because there is no focused window or focused application.
I/InputDispatcher(  464): Dropping event because there is no focused window or focused application.
I/InputDispatcher(  464): Dropping event because there is no focused window or focused application.
W/InputManager(  464): Input event injection from pid 21383 failed.
W/InputManager(  464): Input event injection from pid 21383 failed.
W/InputManager(  464): Input event injection from pid 21383 failed.
W/InputManager(  464): Input event injection from pid 21383 failed.
W/InputManager(  464): Input event injection from pid 21383 failed.
W/InputManager(  464): Input event injection from pid 21383 failed.
W/InputManager(  464): Input event injection from pid 21383 failed.
W/InputManager(  464): Input event injection from pid 21383 failed.
W/InputManager(  464): Input event injection from pid 21383 failed.
W/InputManager(  464): Input event injection from pid 21383 failed.
W/InputManager(  464): Input event injection from pid 21383 failed.
W/InputManager(  464): Input event injection from pid 21383 failed.
W/InputManager(  464): Input event injection from pid 21383 failed.
W/InputManager(  464): Input event injection from pid 21383 failed.
W/InputManager(  464): Input event injection from pid 21383 failed.
W/InputManager(  464): Input event injection from pid 21383 failed.
W/InputManager(  464): Input event injection from pid 21383 failed.
W/InputManager(  464): Input event injection from pid 21383 failed.
W/InputManager(  464): Input event injection from pid 21383 failed.
W/InputManager(  464): Input event injection from pid 21383 failed.
W/InputManager(  464): Input event injection from pid 21383 failed.
W/InputManager(  464): Input event injection from pid 21383 failed.
W/InputManager(  464): Input event injection from pid 21383 failed.
W/InputManager(  464): Input event injection from pid 21383 failed.
I/InputDispatcher(  464): Dropping event because there is no focused window or focused application.
I/InputDispatcher(  464): Dropping event because there is no focused window or focused application.
I/InputDispatcher(  464): Dropping event because there is no focused window or focused application.
I/InputDispatcher(  464): Dropping event because there is no focused window or focused application.
I/InputDispatcher(  464): Dropping event because there is no focused window or focused application.
I/InputDispatcher(  464): Dropping event because there is no focused window or focused application.
I/InputDispatcher(  464): Dropping event because there is no focused window or focused application.
I/InputDispatcher(  464): Dropping event because there is no focused window or focused application.
W/InputManager(  464): Input event injection from pid 21383 failed.
W/InputManager(  464): Input event injection from pid 21383 failed.
W/InputManager(  464): Input event injection from pid 21383 failed.
W/InputManager(  464): Input event injection from pid 21383 failed.
W/InputManager(  464): Input event injection from pid 21383 failed.
W/InputManager(  464): Input event injection from pid 21383 failed.
W/InputManager(  464): Input event injection from pid 21383 failed.
W/InputManager(  464): Input event injection from pid 21383 failed.
W/InputManager(  464): Input event injection from pid 21383 failed.
W/InputManager(  464): Input event injection from pid 21383 failed.
W/InputManager(  464): Input event injection from pid 21383 failed.
W/InputManager(  464): Input event injection from pid 21383 failed.
W/InputManager(  464): Input event injection from pid 21383 failed.
W/InputManager(  464): Input event injection from pid 21383 failed.
I/InputDispatcher(  464): Dropping event because there is no focused window or focused application.
I/InputDispatcher(  464): Dropping event because there is no focused window or focused application.
I/InputDispatcher(  464): Dropping event because there is no focused window or focused application.
I/InputDispatcher(  464): Dropping event because there is no focused window or focused application.
W/InputManager(  464): Input event injection from pid 21383 failed.
W/InputManager(  464): Input event injection from pid 21383 failed.
W/InputManager(  464): Input event injection from pid 21383 failed.
I/ActivityManager(  464): START u0 {act=android.intent.action.MAIN cat=[android.intent.category.LAUNCHER] flg=0x10200000 cmp=com.agminstruments.drumpadmachine/.MainActivityDPM} from pid 21383
W/InputManager(  464): Input event injection from pid 21383 failed.
I/InputDispatcher(  464): Dropping event because there is no focused window or focused application.
I/InputDispatcher(  464): Dropping event because there is no focused window or focused application.
I/InputDispatcher(  464): Dropping event because there is no focused window or focused application.
I/dalvikvm(22525): Could not find method android.content.pm.PackageManager.getPackageInstaller, referenced from method com.google.android.gms.common.zze.zzs
W/dalvikvm(22525): VFY: unable to resolve virtual method 1069: Landroid/content/pm/PackageManager;.getPackageInstaller ()Landroid/content/pm/PackageInstaller;
D/dalvikvm(22525): VFY: replacing opcode 0x6e at 0x0010
I/GAv4    (22525): Google Analytics 10.0.84 is starting up. To enable debug logging on a device run:
I/GAv4    (22525):   adb shell setprop log.tag.GAv4 DEBUG
I/GAv4    (22525):   adb logcat -s GAv4
W/InputManager(  464): Input event injection from pid 21383 failed.
W/InputManager(  464): Input event injection from pid 21383 failed.
W/InputManager(  464): Input event injection from pid 21383 failed.
W/InputManager(  464): Input event injection from pid 21383 failed.
W/InputManager(  464): Input event injection from pid 21383 failed.
W/InputManager(  464): Input event injection from pid 21383 failed.
W/InputManager(  464): Input event injection from pid 21383 failed.
W/InputManager(  464): Input event injection from pid 21383 failed.
W/InputManager(  464): Input event injection from pid 21383 failed.
W/InputManager(  464): Input event injection from pid 21383 failed.
W/InputManager(  464): Input event injection from pid 21383 failed.
W/InputManager(  464): Input event injection from pid 21383 failed.
W/InputManager(  464): Input event injection from pid 21383 failed.
W/GAv4    (22525): AnalyticsReceiver is not registered or is disabled. Register the receiver for reliable dispatching on non-Google Play devices. See http://goo.gl/8Rd3yj for instructions.
I/InputDispatcher(  464): Dropping event because there is no focused window or focused application.
I/InputDispatcher(  464): Dropping event because there is no focused window or focused application.
I/InputDispatcher(  464): Dropping event because there is no focused window or focused application.
I/InputDispatcher(  464): Dropping event because there is no focused window or focused application.
I/InputDispatcher(  464): Dropping event because there is no focused window or focused application.
I/InputDispatcher(  464): Dropping event because there is no focused window or focused application.
D/dalvikvm(22525): GC_CONCURRENT freed 117K, 5% free 3552K/3732K, paused 5ms+1ms, total 7ms
I/InputDispatcher(  464): Dropping event because there is no focused window or focused application.
W/InputManager(  464): Input event injection from pid 21383 failed.
W/InputManager(  464): Input event injection from pid 21383 failed.
I/ActivityManager(  464): START u0 {act=android.intent.action.MAIN cat=[android.intent.category.LAUNCHER] flg=0x10200000 cmp=com.agminstruments.drumpadmachine/.MainActivityDPM} from pid 21383
I/ActivityManager(  464): START u0 {act=android.intent.action.MAIN cat=[android.intent.category.LAUNCHER] flg=0x10000000 sel={act=android.intent.action.MAIN cat=[android.intent.category.APP_EMAIL]}} from pid 464
W/InputManager(  464): Input event injection from pid 21383 failed.
W/InputManager(  464): Input event injection from pid 21383 failed.
W/InputManager(  464): Input event injection from pid 21383 failed.
W/InputManager(  464): Input event injection from pid 21383 failed.
W/InputManager(  464): Input event injection from pid 21383 failed.
W/InputManager(  464): Input event injection from pid 21383 failed.
I/InputDispatcher(  464): Dropping event because there is no focused window or focused application.
I/InputDispatcher(  464): Dropping event because there is no focused window or focused application.
I/InputDispatcher(  464): Dropping event because there is no focused window or focused application.
I/InputDispatcher(  464): Dropping event because there is no focused window or focused application.
I/InputDispatcher(  464): Dropping event because there is no focused window or focused application.
I/InputDispatcher(  464): Dropping event because there is no focused window or focused application.
I/InputDispatcher(  464): Dropping event because there is no focused window or focused application.
I/InputDispatcher(  464): Dropping event because there is no focused window or focused application.
I/InputDispatcher(  464): Dropping event because there is no focused window or focused application.
I/InputDispatcher(  464): Dropping event because there is no focused window or focused application.
I/InputDispatcher(  464): Dropping event because there is no focused window or focused application.
I/InputDispatcher(  464): Dropping event because there is no focused window or focused application.
I/InputDispatcher(  464): Dropping event because there is no focused window or focused application.
I/InputDispatcher(  464): Dropping event because there is no focused window or focused application.
I/InputDispatcher(  464): Dropping event because there is no focused window or focused application.
I/InputDispatcher(  464): Dropping event because there is no focused window or focused application.
I/InputDispatcher(  464): Dropping event because there is no focused window or focused application.
I/InputDispatcher(  464): Dropping event because there is no focused window or focused application.
W/InputManager(  464): Input event injection from pid 21383 failed.
W/InputManager(  464): Input event injection from pid 21383 failed.
W/InputManager(  464): Input event injection from pid 21383 failed.
W/InputManager(  464): Input event injection from pid 21383 failed.
W/InputManager(  464): Input event injection from pid 21383 failed.
W/InputManager(  464): Input event injection from pid 21383 failed.
W/InputManager(  464): Input event injection from pid 21383 failed.
W/InputManager(  464): Input event injection from pid 21383 failed.
W/InputManager(  464): Input event injection from pid 21383 failed.
W/InputManager(  464): Input event injection from pid 21383 failed.
W/InputManager(  464): Input event injection from pid 21383 failed.
W/InputManager(  464): Input event injection from pid 21383 failed.
W/InputManager(  464): Input event injection from pid 21383 failed.
W/InputManager(  464): Input event injection from pid 21383 failed.
W/InputManager(  464): Input event injection from pid 21383 failed.
W/InputManager(  464): Input event injection from pid 21383 failed.
W/InputManager(  464): Input event injection from pid 21383 failed.
W/InputManager(  464): Input event injection from pid 21383 failed.
W/InputManager(  464): Input event injection from pid 21383 failed.
I/dalvikvm(22525): Could not find method android.content.res.Resources.getColor, referenced from method com.agminstruments.drumpadmachine.t.a
W/dalvikvm(22525): VFY: unable to resolve virtual method 1088: Landroid/content/res/Resources;.getColor (ILandroid/content/res/Resources$Theme;)I
D/dalvikvm(22525): VFY: replacing opcode 0x6e at 0x013b
W/GAv4    (22525): AnalyticsService not registered in the app manifest. Hits might not be delivered reliably. See http://goo.gl/8Rd3yj for instructions.
W/InputManager(  464): Input event injection from pid 21383 failed.
W/InputManager(  464): Input event injection from pid 21383 failed.
W/InputManager(  464): Input event injection from pid 21383 failed.
W/InputManager(  464): Input event injection from pid 21383 failed.
W/InputManager(  464): Input event injection from pid 21383 failed.
D/dalvikvm(22525): DexOpt: couldn't find static field Landroid/os/Build;.SUPPORTED_ABIS
W/dalvikvm(22525): VFY: unable to resolve static field 1055 (SUPPORTED_ABIS) in Landroid/os/Build;
D/dalvikvm(22525): VFY: replacing opcode 0x62 at 0x0009
I/InputDispatcher(  464): Dropping event because there is no focused window or focused application.
I/InputDispatcher(  464): Dropping event because there is no focused window or focused application.
I/InputDispatcher(  464): Dropping event because there is no focused window or focused application.
D/dalvikvm(22525): GC_CONCURRENT freed 271K, 9% free 3675K/4012K, paused 4ms+0ms, total 6ms
I/InputDispatcher(  464): Dropping event because there is no focused window or focused application.
I/InputDispatcher(  464): Dropping event because there is no focused window or focused application.
I/InputDispatcher(  464): Dropping event because there is no focused window or focused application.
W/InputManager(  464): Input event injection from pid 21383 failed.
W/InputManager(  464): Input event injection from pid 21383 failed.
W/InputManager(  464): Input event injection from pid 21383 failed.
W/InputManager(  464): Input event injection from pid 21383 failed.
W/InputManager(  464): Input event injection from pid 21383 failed.
W/InputManager(  464): Input event injection from pid 21383 failed.
W/InputManager(  464): Input event injection from pid 21383 failed.
W/InputManager(  464): Input event injection from pid 21383 failed.
W/InputManager(  464): Input event injection from pid 21383 failed.
W/InputManager(  464): Input event injection from pid 21383 failed.
W/InputManager(  464): Input event injection from pid 21383 failed.
W/InputManager(  464): Input event injection from pid 21383 failed.
W/InputManager(  464): Input event injection from pid 21383 failed.
I/dalvikvm(22525): Could not find method android.content.Context.checkSelfPermission, referenced from method com.appodeal.ads.utils.c.a
W/dalvikvm(22525): VFY: unable to resolve virtual method 895: Landroid/content/Context;.checkSelfPermission (Ljava/lang/String;)I
D/dalvikvm(22525): VFY: replacing opcode 0x6e at 0x0028
I/InputDispatcher(  464): Dropping event because there is no focused window or focused application.
I/InputDispatcher(  464): Dropping event because there is no focused window or focused application.
I/InputDispatcher(  464): Dropping event because there is no focused window or focused application.
I/InputDispatcher(  464): Dropping event because there is no focused window or focused application.
I/InputDispatcher(  464): Dropping event because there is no focused window or focused application.
I/InputDispatcher(  464): Dropping event because there is no focused window or focused application.
I/InputDispatcher(  464): Dropping event because there is no focused window or focused application.
I/InputDispatcher(  464): Dropping event because there is no focused window or focused application.
I/InputDispatcher(  464): Dropping event because there is no focused window or focused application.
I/InputDispatcher(  464): Dropping event because there is no focused window or focused application.
W/InputManager(  464): Input event injection from pid 21383 failed.
W/InputManager(  464): Input event injection from pid 21383 failed.
W/InputManager(  464): Input event injection from pid 21383 failed.
W/InputManager(  464): Input event injection from pid 21383 failed.
W/InputManager(  464): Input event injection from pid 21383 failed.
W/InputManager(  464): Input event injection from pid 21383 failed.
W/InputManager(  464): Input event injection from pid 21383 failed.
W/InputManager(  464): Input event injection from pid 21383 failed.
W/InputManager(  464): Input event injection from pid 21383 failed.
W/InputManager(  464): Input event injection from pid 21383 failed.
I/InputDispatcher(  464): Dropping event because there is no focused window or focused application.
I/InputDispatcher(  464): Dropping event because there is no focused window or focused application.
I/InputDispatcher(  464): Dropping event because there is no focused window or focused application.
I/InputDispatcher(  464): Dropping event because there is no focused window or focused application.
I/InputDispatcher(  464): Dropping event because there is no focused window or focused application.
I/InputDispatcher(  464): Dropping event because there is no focused window or focused application.
I/InputDispatcher(  464): Dropping event because there is no focused window or focused application.
I/InputDispatcher(  464): Dropping event because there is no focused window or focused application.
I/InputDispatcher(  464): Dropping event because there is no focused window or focused application.
I/InputDispatcher(  464): Dropping event because there is no focused window or focused application.
I/InputDispatcher(  464): Dropping event because there is no focused window or focused application.
I/InputDispatcher(  464): Dropping event because there is no focused window or focused application.
W/InputManager(  464): Input event injection from pid 21383 failed.
W/InputManager(  464): Input event injection from pid 21383 failed.
W/InputManager(  464): Input event injection from pid 21383 failed.
W/InputManager(  464): Input event injection from pid 21383 failed.
W/InputManager(  464): Input event injection from pid 21383 failed.
W/InputManager(  464): Input event injection from pid 21383 failed.
W/InputManager(  464): Input event injection from pid 21383 failed.
W/InputManager(  464): Input event injection from pid 21383 failed.
W/InputManager(  464): Input event injection from pid 21383 failed.
W/InputManager(  464): Input event injection from pid 21383 failed.
W/InputManager(  464): Input event injection from pid 21383 failed.
W/InputManager(  464): Input event injection from pid 21383 failed.
I/InputDispatcher(  464): Dropping event because there is no focused window or focused application.
I/InputDispatcher(  464): Dropping event because there is no focused window or focused application.
I/InputDispatcher(  464): Dropping event because there is no focused window or focused application.
I/InputDispatcher(  464): Dropping event because there is no focused window or focused application.
I/InputDispatcher(  464): Dropping event because there is no focused window or focused application.
D/dalvikvm(22525): GC_CONCURRENT freed 332K, 10% free 3729K/4116K, paused 4ms+1ms, total 6ms
I/InputDispatcher(  464): Dropping event because there is no focused window or focused application.
I/InputDispatcher(  464): Dropping event because there is no focused window or focused application.
I/InputDispatcher(  464): Dropping event because there is no focused window or focused application.
I/InputDispatcher(  464): Dropping event because there is no focused window or focused application.
I/InputDispatcher(  464): Dropping event because there is no focused window or focused application.
I/InputDispatcher(  464): Dropping event because there is no focused window or focused application.
W/InputManager(  464): Input event injection from pid 21383 failed.
W/InputManager(  464): Input event injection from pid 21383 failed.
W/InputManager(  464): Input event injection from pid 21383 failed.
W/InputManager(  464): Input event injection from pid 21383 failed.
W/InputManager(  464): Input event injection from pid 21383 failed.
W/InputManager(  464): Input event injection from pid 21383 failed.
W/InputManager(  464): Input event injection from pid 21383 failed.
W/InputManager(  464): Input event injection from pid 21383 failed.
W/InputManager(  464): Input event injection from pid 21383 failed.
W/InputManager(  464): Input event injection from pid 21383 failed.
W/InputManager(  464): Input event injection from pid 21383 failed.
W/InputManager(  464): Input event injection from pid 21383 failed.
W/InputManager(  464): Input event injection from pid 21383 failed.
I/AndroidRuntime(21383): VM exiting with result code 0.
D/dalvikvm(22525): GC_CONCURRENT freed 285K, 9% free 3854K/4192K, paused 3ms+3ms, total 9ms
D/dalvikvm(22525): GC_CONCURRENT freed 232K, 7% free 4008K/4296K, paused 4ms+1ms, total 7ms
I/io.presage.Presage(22525): INFO main io.presage.Presage - Create instance
D/dalvikvm(22525): GC_CONCURRENT freed 119K, 4% free 4308K/4480K, paused 0ms+3ms, total 9ms
I/io.presage.Presage(22525): INFO main io.presage.Presage - start
I/dalvikvm(22525): Could not find method android.content.pm.PackageManager.getPackageInstaller, referenced from method jjw.a
W/dalvikvm(22525): VFY: unable to resolve virtual method 2504: Landroid/content/pm/PackageManager;.getPackageInstaller ()Landroid/content/pm/PackageInstaller;
D/dalvikvm(22525): VFY: replacing opcode 0x6e at 0x001c
I/dalvikvm(22525): Could not find method android.content.ContextWrapper.createCredentialProtectedStorageContext, referenced from method iwr.createCredentialProtectedStorageContext
W/dalvikvm(22525): VFY: unable to resolve virtual method 2411: Landroid/content/ContextWrapper;.createCredentialProtectedStorageContext ()Landroid/content/Context;
D/dalvikvm(22525): VFY: replacing opcode 0x6f at 0x0002
I/dalvikvm(22525): Could not find method android.content.ContextWrapper.createDeviceProtectedStorageContext, referenced from method iwr.createDeviceProtectedStorageContext
W/dalvikvm(22525): VFY: unable to resolve virtual method 2412: Landroid/content/ContextWrapper;.createDeviceProtectedStorageContext ()Landroid/content/Context;
D/dalvikvm(22525): VFY: replacing opcode 0x6f at 0x0002
I/dalvikvm(22525): Could not find method android.content.ContextWrapper.createCredentialProtectedStorageContext, referenced from method com.google.android.chimera.ModuleContext.createCredentialProtectedStorageContext
W/dalvikvm(22525): VFY: unable to resolve virtual method 2411: Landroid/content/ContextWrapper;.createCredentialProtectedStorageContext ()Landroid/content/Context;
D/dalvikvm(22525): VFY: replacing opcode 0x6f at 0x0002
I/dalvikvm(22525): Could not find method android.content.ContextWrapper.createDeviceProtectedStorageContext, referenced from method com.google.android.chimera.ModuleContext.createDeviceProtectedStorageContext
W/dalvikvm(22525): VFY: unable to resolve virtual method 2412: Landroid/content/ContextWrapper;.createDeviceProtectedStorageContext ()Landroid/content/Context;
D/dalvikvm(22525): VFY: replacing opcode 0x6f at 0x0002
I/dalvikvm(22525): Could not find method android.content.Context.isCredentialProtectedStorage, referenced from method cub.a
W/dalvikvm(22525): VFY: unable to resolve virtual method 2391: Landroid/content/Context;.isCredentialProtectedStorage ()Z
D/dalvikvm(22525): VFY: replacing opcode 0x6e at 0x0000
I/dalvikvm(22525): Could not find method android.os.UserManager.isUserUnlocked, referenced from method cub.a
W/dalvikvm(22525): VFY: unable to resolve virtual method 3028: Landroid/os/UserManager;.isUserUnlocked ()Z
D/dalvikvm(22525): VFY: replacing opcode 0x6e at 0x001a
I/dalvikvm(22525): Could not find method android.content.Context.isDeviceProtectedStorage, referenced from method cub.b
W/dalvikvm(22525): VFY: unable to resolve virtual method 2392: Landroid/content/Context;.isDeviceProtectedStorage ()Z
D/dalvikvm(22525): VFY: replacing opcode 0x6e at 0x0000
I/dalvikvm(22525): Could not find method android.content.Context.isDeviceProtectedStorage, referenced from method cub.c
W/dalvikvm(22525): VFY: unable to resolve virtual method 2392: Landroid/content/Context;.isDeviceProtectedStorage ()Z
D/dalvikvm(22525): VFY: replacing opcode 0x6e at 0x0000
I/dalvikvm(22525): Could not find method android.system.Os.readlink, referenced from method cuq.a
W/dalvikvm(22525): VFY: unable to resolve static method 3047: Landroid/system/Os;.readlink (Ljava/lang/String;)Ljava/lang/String;
D/dalvikvm(22525): VFY: replacing opcode 0x71 at 0x0000
I/dalvikvm(22525): Could not find method android.system.Os.stat, referenced from method cuq.a
W/dalvikvm(22525): VFY: unable to resolve static method 3048: Landroid/system/Os;.stat (Ljava/lang/String;)Landroid/system/StructStat;
D/dalvikvm(22525): VFY: replacing opcode 0x71 at 0x0042
I/dalvikvm(22525): Could not find method android.system.Os.symlink, referenced from method cuq.a
W/dalvikvm(22525): VFY: unable to resolve static method 3049: Landroid/system/Os;.symlink (Ljava/lang/String;Ljava/lang/String;)V
D/dalvikvm(22525): VFY: replacing opcode 0x71 at 0x013b
I/dalvikvm(22525): DexOpt: unable to optimize instance field ref 0x04a1 at 0x46 in Lcuq;.a
I/dalvikvm(22525): DexOpt: unable to optimize static field ref 0x049c at 0x48 in Lcuq;.a
I/dalvikvm(22525): DexOpt: unable to optimize static field ref 0x049a at 0x4a in Lcuq;.a
I/dalvikvm(22525): DexOpt: unable to optimize static field ref 0x049b at 0x4d in Lcuq;.a
I/dalvikvm(22525): DexOpt: unable to optimize static field ref 0x049d at 0x57 in Lcuq;.a
I/dalvikvm(22525): DexOpt: unable to optimize static field ref 0x04a0 at 0x5f in Lcuq;.a
I/dalvikvm(22525): DexOpt: unable to optimize static field ref 0x049e at 0x61 in Lcuq;.a
I/dalvikvm(22525): DexOpt: unable to optimize static field ref 0x049f at 0x64 in Lcuq;.a
I/dalvikvm(22525): DexOpt: unable to optimize static field ref 0x049c at 0x7f in Lcuq;.a
I/dalvikvm(22525): DexOpt: unable to optimize static field ref 0x04a0 at 0x90 in Lcuq;.a
I/dalvikvm(22525): Could not find method android.content.Context.createDeviceProtectedStorageContext, referenced from method jvu.a
W/dalvikvm(22525): VFY: unable to resolve virtual method 2362: Landroid/content/Context;.createDeviceProtectedStorageContext ()Landroid/content/Context;
D/dalvikvm(22525): VFY: replacing opcode 0x6e at 0x0029
I/dalvikvm(22525): Could not find method android.content.Context.getSystemService, referenced from method jvu.b
W/dalvikvm(22525): VFY: unable to resolve virtual method 2387: Landroid/content/Context;.getSystemService (Ljava/lang/Class;)Ljava/lang/Object;
D/dalvikvm(22525): VFY: replacing opcode 0x6e at 0x000b
D/dalvikvm(22525): DexOpt: couldn't find static field Landroid/os/Build;.SUPPORTED_64_BIT_ABIS
W/dalvikvm(22525): VFY: unable to resolve static field 1157 (SUPPORTED_64_BIT_ABIS) in Landroid/os/Build;
D/dalvikvm(22525): VFY: replacing opcode 0x62 at 0x0012
D/dalvikvm(22525): DexOpt: couldn't find static field Landroid/os/Build;.SUPPORTED_32_BIT_ABIS
W/dalvikvm(22525): VFY: unable to resolve static field 1156 (SUPPORTED_32_BIT_ABIS) in Landroid/os/Build;
D/dalvikvm(22525): VFY: replacing opcode 0x62 at 0x0021
D/dalvikvm(22525): DexOpt: couldn't find static field Landroid/os/Build;.SUPPORTED_ABIS
W/dalvikvm(22525): VFY: unable to resolve static field 1158 (SUPPORTED_ABIS) in Landroid/os/Build;
D/dalvikvm(22525): VFY: replacing opcode 0x62 at 0x0008
D/dalvikvm(22525): DexOpt: couldn't find static field Landroid/os/Build;.SUPPORTED_64_BIT_ABIS
W/dalvikvm(22525): VFY: unable to resolve static field 1157 (SUPPORTED_64_BIT_ABIS) in Landroid/os/Build;
D/dalvikvm(22525): VFY: replacing opcode 0x62 at 0x0008
D/dalvikvm(22525): DexOpt: couldn't find static field Landroid/os/Build;.SUPPORTED_64_BIT_ABIS
I/dalvikvm(22525): DexOpt: unable to optimize static field ref 0x0485 at 0x17 in Lcwd;.a
D/dalvikvm(22525): DexOpt: couldn't find static field Landroid/os/Build;.SUPPORTED_32_BIT_ABIS
I/dalvikvm(22525): DexOpt: unable to optimize static field ref 0x0484 at 0x26 in Lcwd;.a
D/dalvikvm(22525): DexOpt: couldn't find static field Landroid/os/Build;.SUPPORTED_64_BIT_ABIS
I/dalvikvm(22525): DexOpt: unable to optimize static field ref 0x0485 at 0x0d in Lcwd;.b
D/DynamitePackage(22525): Instantiated singleton DynamitePackage.
D/DynamitePackage(22525): Instantiating com.google.android.gms.ads.ChimeraAdManagerCreatorImpl
D/dalvikvm(22525): GC_CONCURRENT freed 293K, 8% free 4399K/4748K, paused 4ms+0ms, total 9ms
I/dalvikvm(22525): Could not find method android.content.pm.PackageManager.getPackageInstaller, referenced from method jn.a
W/dalvikvm(22525): VFY: unable to resolve virtual method 2060: Landroid/content/pm/PackageManager;.getPackageInstaller ()Landroid/content/pm/PackageInstaller;
D/dalvikvm(22525): VFY: replacing opcode 0x6e at 0x0017
