W/dalvikvm(27509): VFY: unable to find class referenced in signature (Lokhttp3/Response;)
I/dalvikvm(27509): Could not find method okhttp3.Call.request, referenced from method empirical.HelperClass.printOkHttpInfoFromCall
W/dalvikvm(27509): VFY: unable to resolve interface method 37650: Lokhttp3/Call;.request ()Lokhttp3/Request;
D/dalvikvm(27509): VFY: replacing opcode 0x72 at 0x0006
D/dalvikvm(27509): GC_CONCURRENT freed 141K, 6% free 3562K/3752K, paused 0ms+2ms, total 6ms
I/System.out(27509): body:<com.b.a.a.bx: java.lang.String c(java.lang.CharSequence)>	sig:specialinvoke $r2.<java.net.URL: void <init>(java.lang.String)>($r1)	timediff:8
I/System.out(27509): <com.b.a.a.bx: java.lang.String c(java.lang.CharSequence)>###specialinvoke $r2.<java.net.URL: void <init>(java.lang.String)>($r1)###https://settings.crashlytics.com/spi/v2/platforms/android/apps/deezer.android.app/settings?instance=efa57b2e9138f07a4c5ef197b04fc119292932ee&source=1&build_version=234&icon_hash=f0cb0cef7d9fad986fe65fab0fa78f1f65f22361&display_version=4.7.1.8
I/System.out(27509): body:<com.b.a.a.bx: java.lang.String c(java.lang.CharSequence)>	sig:$r3 = virtualinvoke $r2.<java.net.URL: java.lang.String getHost()>()	timediff:0
I/System.out(27509): body:<com.b.a.a.bx: java.lang.String c(java.lang.CharSequence)>	sig:$i0 = virtualinvoke $r2.<java.net.URL: int getPort()>()	timediff:0
I/System.out(27509): body:<com.b.a.a.bx: java.lang.String c(java.lang.CharSequence)>	sig:$r3 = virtualinvoke $r2.<java.net.URL: java.lang.String getProtocol()>()	timediff:0
I/System.out(27509): body:<com.b.a.a.bx: java.lang.String c(java.lang.CharSequence)>	sig:$r6 = virtualinvoke $r2.<java.net.URL: java.lang.String getPath()>()	timediff:0
I/System.out(27509): body:<com.b.a.a.bx: java.lang.String c(java.lang.CharSequence)>	sig:$r7 = virtualinvoke $r2.<java.net.URL: java.lang.String getQuery()>()	timediff:0
I/System.out(27509): body:<com.b.a.a.bx: java.lang.String c(java.lang.CharSequence)>	sig:specialinvoke $r5.<java.net.URI: void <init>(java.lang.String,java.lang.String,java.lang.String,java.lang.String,java.lang.String)>($r3, $r1, $r6, $r7, null)	timediff:0
I/System.out(27509): body:<com.b.a.a.bx: java.lang.String c(java.lang.CharSequence)>	sig:$r7 = virtualinvoke $r5.<java.net.URI: java.lang.String toASCIIString()>()	timediff:0
I/System.out(27509): body:<com.b.a.a.bx: void <init>(java.lang.CharSequence,java.lang.String)>	sig:specialinvoke $r4.<java.net.URL: void <init>(java.lang.String)>($r3)	timediff:0
I/System.out(27509): <com.b.a.a.bx: void <init>(java.lang.CharSequence,java.lang.String)>###specialinvoke $r4.<java.net.URL: void <init>(java.lang.String)>($r3)###https://settings.crashlytics.com/spi/v2/platforms/android/apps/deezer.android.app/settings?instance=efa57b2e9138f07a4c5ef197b04fc119292932ee&source=1&build_version=234&icon_hash=f0cb0cef7d9fad986fe65fab0fa78f1f65f22361&display_version=4.7.1.8
I/System.out(27509): body:<com.b.a.a.ab: java.net.HttpURLConnection a(java.net.URL)>	sig:$r2 = virtualinvoke $r1.<java.net.URL: java.net.URLConnection openConnection()>()	timediff:20
I/System.out(27509): body:<com.b.a.a.bx: java.net.HttpURLConnection c()>	sig:virtualinvoke $r3.<java.net.HttpURLConnection: void setRequestMethod(java.lang.String)>($r4)	timediff:0
I/System.out(27509): body:<com.b.a.a.y: com.b.a.a.bx a(java.util.Map)>	sig:virtualinvoke $r9.<java.net.HttpURLConnection: void setUseCaches(boolean)>(0)	timediff:0
I/System.out(27509): body:<com.b.a.a.y: com.b.a.a.bx a(java.util.Map)>	sig:virtualinvoke $r9.<java.net.HttpURLConnection: void setConnectTimeout(int)>(10000)	timediff:1
I/System.out(27509): body:<com.b.a.a.bx: com.b.a.a.bx a(java.lang.String,java.lang.String)>	sig:virtualinvoke $r3.<java.net.HttpURLConnection: void setRequestProperty(java.lang.String,java.lang.String)>($r1, $r2)	timediff:0
I/System.out(27509): body:<com.b.a.a.bx: com.b.a.a.bx a(java.lang.String,java.lang.String)>	sig:virtualinvoke $r3.<java.net.HttpURLConnection: void setRequestProperty(java.lang.String,java.lang.String)>($r1, $r2)	timediff:0
I/System.out(27509): body:<com.b.a.a.bx: com.b.a.a.bx a(java.lang.String,java.lang.String)>	sig:virtualinvoke $r3.<java.net.HttpURLConnection: void setRequestProperty(java.lang.String,java.lang.String)>($r1, $r2)	timediff:0
I/System.out(27509): body:<com.b.a.a.bx: com.b.a.a.bx a(java.lang.String,java.lang.String)>	sig:virtualinvoke $r3.<java.net.HttpURLConnection: void setRequestProperty(java.lang.String,java.lang.String)>($r1, $r2)	timediff:0
I/System.out(27509): body:<com.b.a.a.bx: com.b.a.a.bx a(java.lang.String,java.lang.String)>	sig:virtualinvoke $r3.<java.net.HttpURLConnection: void setRequestProperty(java.lang.String,java.lang.String)>($r1, $r2)	timediff:0
I/System.out(27509): body:<com.b.a.a.bx: com.b.a.a.bx a(java.lang.String,java.lang.String)>	sig:virtualinvoke $r3.<java.net.HttpURLConnection: void setRequestProperty(java.lang.String,java.lang.String)>($r1, $r2)	timediff:0
I/System.out(27509): body:<com.b.a.a.bx: com.b.a.a.bx a(java.lang.String,java.lang.String)>	sig:virtualinvoke $r3.<java.net.HttpURLConnection: void setRequestProperty(java.lang.String,java.lang.String)>($r1, $r2)	timediff:0
I/System.out(27509): body:<com.b.a.a.bx: java.lang.String b(java.lang.String)>	sig:$r1 = virtualinvoke $r2.<java.net.HttpURLConnection: java.lang.String getHeaderField(java.lang.String)>($r1)	timediff:2
I/System.out(27509): body:<com.b.a.a.bx: java.lang.String a(java.lang.String)>	sig:$i0 = virtualinvoke $r2.<java.net.HttpURLConnection: int getHeaderFieldInt(java.lang.String,int)>("Content-Length", -1)	timediff:0
E/Crashlytics(27509): Failed to retrieve settings from https://settings.crashlytics.com/spi/v2/platforms/android/apps/deezer.android.app/settings
I/System.out(27509): body:<com.b.a.a.bx: java.lang.String b(java.lang.String)>	sig:$r1 = virtualinvoke $r2.<java.net.HttpURLConnection: java.lang.String getHeaderField(java.lang.String)>($r1)	timediff:0
D/dalvikvm(27509): GC_CONCURRENT freed 208K, 7% free 3744K/4004K, paused 1ms+0ms, total 4ms
I/System.out(27509): body:<com.parse.d.a.b: java.lang.String b()>	sig:$r3 = virtualinvoke $r2.<java.net.URI: java.lang.String toString()>()	timediff:0
I/System.out(27509): body:<com.parse.d.a.b: java.lang.String b()>	sig:$r3 = virtualinvoke $r2.<java.net.URI: java.lang.String toString()>()	timediff:0
I/System.out(27509): body:<com.parse.d.d.d: java.lang.String a()>	sig:specialinvoke $r2.<java.net.URI: void <init>(java.lang.String)>($r3)	timediff:0
I/System.out(27509): body:<com.parse.d.d.d: java.lang.String a()>	sig:$r3 = virtualinvoke $r2.<java.net.URI: java.lang.String getScheme()>()	timediff:0
I/System.out(27509): body:<com.parse.d.d.d: java.lang.String a()>	sig:$r4 = virtualinvoke $r2.<java.net.URI: java.lang.String getAuthority()>()	timediff:0
I/System.out(27509): body:<com.parse.d.d.d: java.lang.String a()>	sig:$i0 = virtualinvoke $r2.<java.net.URI: int getPort()>()	timediff:0
I/System.out(27509): body:<com.parse.d.d.d: java.lang.String a()>	sig:$r5 = virtualinvoke $r2.<java.net.URI: java.lang.String getRawPath()>()	timediff:0
I/System.out(27509): body:<com.parse.d.a.b: java.lang.String b()>	sig:$r3 = virtualinvoke $r2.<java.net.URI: java.lang.String toString()>()	timediff:0
I/System.out(27509): body:<com.b.a.a.bx: java.lang.String c(java.lang.CharSequence)>	sig:specialinvoke $r2.<java.net.URL: void <init>(java.lang.String)>($r1)	timediff:0
I/System.out(27509): <com.b.a.a.bx: java.lang.String c(java.lang.CharSequence)>###specialinvoke $r2.<java.net.URL: void <init>(java.lang.String)>($r1)###https://settings.crashlytics.com/spi/v2/platforms/android/apps/deezer.android.app/settings?instance=efa57b2e9138f07a4c5ef197b04fc119292932ee&source=1&build_version=234&icon_hash=f0cb0cef7d9fad986fe65fab0fa78f1f65f22361&display_version=4.7.1.8
I/System.out(27509): body:<com.b.a.a.bx: java.lang.String c(java.lang.CharSequence)>	sig:$r3 = virtualinvoke $r2.<java.net.URL: java.lang.String getHost()>()	timediff:0
I/System.out(27509): body:<com.b.a.a.bx: java.lang.String c(java.lang.CharSequence)>	sig:$i0 = virtualinvoke $r2.<java.net.URL: int getPort()>()	timediff:0
I/System.out(27509): body:<com.b.a.a.bx: java.lang.String c(java.lang.CharSequence)>	sig:$r3 = virtualinvoke $r2.<java.net.URL: java.lang.String getProtocol()>()	timediff:1
I/System.out(27509): body:<com.b.a.a.bx: java.lang.String c(java.lang.CharSequence)>	sig:$r6 = virtualinvoke $r2.<java.net.URL: java.lang.String getPath()>()	timediff:0
I/System.out(27509): body:<com.b.a.a.bx: java.lang.String c(java.lang.CharSequence)>	sig:$r7 = virtualinvoke $r2.<java.net.URL: java.lang.String getQuery()>()	timediff:0
I/System.out(27509): body:<com.b.a.a.bx: java.lang.String c(java.lang.CharSequence)>	sig:specialinvoke $r5.<java.net.URI: void <init>(java.lang.String,java.lang.String,java.lang.String,java.lang.String,java.lang.String)>($r3, $r1, $r6, $r7, null)	timediff:0
I/System.out(27509): body:<com.b.a.a.bx: java.lang.String c(java.lang.CharSequence)>	sig:$r7 = virtualinvoke $r5.<java.net.URI: java.lang.String toASCIIString()>()	timediff:0
I/System.out(27509): body:<com.b.a.a.bx: void <init>(java.lang.CharSequence,java.lang.String)>	sig:specialinvoke $r4.<java.net.URL: void <init>(java.lang.String)>($r3)	timediff:0
I/System.out(27509): <com.b.a.a.bx: void <init>(java.lang.CharSequence,java.lang.String)>###specialinvoke $r4.<java.net.URL: void <init>(java.lang.String)>($r3)###https://settings.crashlytics.com/spi/v2/platforms/android/apps/deezer.android.app/settings?instance=efa57b2e9138f07a4c5ef197b04fc119292932ee&source=1&build_version=234&icon_hash=f0cb0cef7d9fad986fe65fab0fa78f1f65f22361&display_version=4.7.1.8
I/System.out(27509): body:<com.b.a.a.ab: java.net.HttpURLConnection a(java.net.URL)>	sig:$r2 = virtualinvoke $r1.<java.net.URL: java.net.URLConnection openConnection()>()	timediff:0
I/System.out(27509): body:<com.b.a.a.bx: java.net.HttpURLConnection c()>	sig:virtualinvoke $r3.<java.net.HttpURLConnection: void setRequestMethod(java.lang.String)>($r4)	timediff:0
I/System.out(27509): body:<com.b.a.a.y: com.b.a.a.bx a(java.util.Map)>	sig:virtualinvoke $r9.<java.net.HttpURLConnection: void setUseCaches(boolean)>(0)	timediff:0
I/System.out(27509): body:<com.b.a.a.y: com.b.a.a.bx a(java.util.Map)>	sig:virtualinvoke $r9.<java.net.HttpURLConnection: void setConnectTimeout(int)>(10000)	timediff:0
I/System.out(27509): body:<com.b.a.a.bx: com.b.a.a.bx a(java.lang.String,java.lang.String)>	sig:virtualinvoke $r3.<java.net.HttpURLConnection: void setRequestProperty(java.lang.String,java.lang.String)>($r1, $r2)	timediff:0
I/System.out(27509): body:<com.b.a.a.bx: com.b.a.a.bx a(java.lang.String,java.lang.String)>	sig:virtualinvoke $r3.<java.net.HttpURLConnection: void setRequestProperty(java.lang.String,java.lang.String)>($r1, $r2)	timediff:0
I/System.out(27509): body:<com.b.a.a.bx: com.b.a.a.bx a(java.lang.String,java.lang.String)>	sig:virtualinvoke $r3.<java.net.HttpURLConnection: void setRequestProperty(java.lang.String,java.lang.String)>($r1, $r2)	timediff:0
I/System.out(27509): body:<com.b.a.a.bx: com.b.a.a.bx a(java.lang.String,java.lang.String)>	sig:virtualinvoke $r3.<java.net.HttpURLConnection: void setRequestProperty(java.lang.String,java.lang.String)>($r1, $r2)	timediff:0
I/System.out(27509): body:<com.b.a.a.bx: com.b.a.a.bx a(java.lang.String,java.lang.String)>	sig:virtualinvoke $r3.<java.net.HttpURLConnection: void setRequestProperty(java.lang.String,java.lang.String)>($r1, $r2)	timediff:0
I/System.out(27509): body:<com.b.a.a.bx: com.b.a.a.bx a(java.lang.String,java.lang.String)>	sig:virtualinvoke $r3.<java.net.HttpURLConnection: void setRequestProperty(java.lang.String,java.lang.String)>($r1, $r2)	timediff:0
I/System.out(27509): body:<com.b.a.a.bx: com.b.a.a.bx a(java.lang.String,java.lang.String)>	sig:virtualinvoke $r3.<java.net.HttpURLConnection: void setRequestProperty(java.lang.String,java.lang.String)>($r1, $r2)	timediff:0
I/System.out(27509): body:<com.b.a.a.bx: java.lang.String b(java.lang.String)>	sig:$r1 = virtualinvoke $r2.<java.net.HttpURLConnection: java.lang.String getHeaderField(java.lang.String)>($r1)	timediff:0
I/System.out(27509): body:<com.b.a.a.bx: java.lang.String a(java.lang.String)>	sig:$i0 = virtualinvoke $r2.<java.net.HttpURLConnection: int getHeaderFieldInt(java.lang.String,int)>("Content-Length", -1)	timediff:0
E/Crashlytics(27509): Failed to retrieve settings from https://settings.crashlytics.com/spi/v2/platforms/android/apps/deezer.android.app/settings
I/System.out(27509): body:<com.b.a.a.bx: java.lang.String b(java.lang.String)>	sig:$r1 = virtualinvoke $r2.<java.net.HttpURLConnection: java.lang.String getHeaderField(java.lang.String)>($r1)	timediff:0
W/SocketClient(  163): write error (Broken pipe)
E/ActivityThread(27509): Failed to find provider info for com.facebook.katana.provider.AttributionIdProvider
D/dalvikvm(27509): GC_CONCURRENT freed 395K, 11% free 3804K/4256K, paused 1ms+0ms, total 6ms
D/AndroidRuntime(27509): Shutting down VM
W/dalvikvm(27509): threadid=1: thread exiting with uncaught exception (group=0x94d12b20)
D/dalvikvm(27509): GC_CONCURRENT freed 286K, 9% free 3903K/4256K, paused 2ms+0ms, total 5ms
D/dalvikvm(27509): GC_CONCURRENT freed 458K, 12% free 3952K/4464K, paused 2ms+0ms, total 5ms
D/dalvikvm(27509): WAIT_FOR_CONCURRENT_GC blocked 2ms
I/Process (  464): Sending signal. PID: 27509 SIG: 9
E/AndroidRuntime(27509): FATAL EXCEPTION: main
E/AndroidRuntime(27509): Process: deezer.android.app, PID: 27509
E/AndroidRuntime(27509): java.lang.Error: Unresolved compilation error: Method <deezer.android.app.DZMidlet: java.io.File[] getExternalCacheDirs()> does not exist!
E/AndroidRuntime(27509): 	at deezer.android.app.DZMidlet.getExternalCacheDirs(dalvik_source_deezer.android.app.apk)
E/AndroidRuntime(27509): 	at dz.utils.u.b(dalvik_source_deezer.android.app.apk:243)
E/AndroidRuntime(27509): 	at dz.utils.u.c(dalvik_source_deezer.android.app.apk:153)
E/AndroidRuntime(27509): 	at com.deezer.core.data.model.g.<init>(dalvik_source_deezer.android.app.apk:101)
E/AndroidRuntime(27509): 	at com.deezer.core.data.model.ap.<init>(dalvik_source_deezer.android.app.apk:48)
E/AndroidRuntime(27509): 	at com.deezer.core.data.d.bw.<init>(dalvik_source_deezer.android.app.apk:103)
E/AndroidRuntime(27509): 	at com.deezer.core.data.d.bw.a(dalvik_source_deezer.android.app.apk:95)
E/AndroidRuntime(27509): 	at com.deezer.a.b.a(dalvik_source_deezer.android.app.apk:70)
E/AndroidRuntime(27509): 	at deezer.android.app.DZMidlet.onCreate(dalvik_source_deezer.android.app.apk:57)
E/AndroidRuntime(27509): 	at android.app.Instrumentation.callApplicationOnCreate(Instrumentation.java:1024)
E/AndroidRuntime(27509): 	at android.app.ActivityThread.handleBindApplication(ActivityThread.java:4346)
E/AndroidRuntime(27509): 	at android.app.ActivityThread.access$1500(ActivityThread.java:135)
E/AndroidRuntime(27509): 	at android.app.ActivityThread$H.handleMessage(ActivityThread.java:1256)
E/AndroidRuntime(27509): 	at android.os.Handler.dispatchMessage(Handler.java:102)
E/AndroidRuntime(27509): 	at android.os.Looper.loop(Looper.java:136)
E/AndroidRuntime(27509): 	at android.app.ActivityThread.main(ActivityThread.java:5019)
E/AndroidRuntime(27509): 	at java.lang.reflect.Method.invokeNative(Native Method)
E/AndroidRuntime(27509): 	at java.lang.reflect.Method.invoke(Method.java:515)
E/AndroidRuntime(27509): 	at com.android.internal.os.ZygoteInit$MethodAndArgsCaller.run(ZygoteInit.java:779)
E/AndroidRuntime(27509): 	at com.android.internal.os.ZygoteInit.main(ZygoteInit.java:595)
E/AndroidRuntime(27509): 	at dalvik.system.NativeStart.main(Native Method)
W/ActivityManager(  464): Force-killing crashed app deezer.android.app at watcher's request
W/ContextImpl(  464): Calling a method in the system process without a qualified user: android.app.ContextImpl.sendBroadcast:1123 com.android.server.am.ActivityManagerService.handleApplicationCrashInner:9670 com.android.server.am.ActivityManagerService.handleApplicationCrash:9644 android.app.ActivityManagerNative.onTransact:1311 com.android.server.am.ActivityManagerService.onTransact:2071 
W/NetworkManagementSocketTagger(  464): setKernelCountSet(10154, 0) failed with errno -13
I/ActivityManager(  464): Process deezer.android.app (pid 27509) has died.
I/ActivityManager(  464): Start proc deezer.android.app for activity deezer.android.app/com.deezer.android.ui.activity.LauncherActivity: pid=27549 uid=10154 gids={50154, 3003, 1028, 1015, 1023, 3002}
W/NetworkManagementSocketTagger(  464): setKernelCountSet(10154, 1) failed with errno -13
I/dalvikvm(27549): ignoring registerObject request in thread=1
I/dalvikvm(27549): ignoring registerObject request in thread=1
I/Crashlytics(27549): Initializing Crashlytics 1.1.13.29
D/dalvikvm(27549): JIT code cache reset in 0 ms (0 bytes 1/0)
D/dalvikvm(27549): GC_CONCURRENT freed 373K, 13% free 2927K/3352K, paused 3ms+5ms, total 13ms
D/dalvikvm(27549): WAIT_FOR_CONCURRENT_GC blocked 3ms
W/dalvikvm(27549): VFY: unable to find class referenced in signature (Lokhttp3/Request;)
W/dalvikvm(27549): VFY: unable to find class referenced in signature (Lokhttp3/Response;)
I/dalvikvm(27549): Could not find method okhttp3.Response.headers, referenced from method empirical.HelperClass.printOkHttpInfo
W/dalvikvm(27549): VFY: unable to resolve virtual method 37656: Lokhttp3/Response;.headers ()Lokhttp3/Headers;
D/dalvikvm(27549): VFY: replacing opcode 0x6e at 0x0006
W/dalvikvm(27549): VFY: unable to find class referenced in signature (Lokhttp3/Call;)
W/dalvikvm(27549): VFY: unable to find class referenced in signature (Lokhttp3/Response;)
I/dalvikvm(27549): Could not find method okhttp3.Call.request, referenced from method empirical.HelperClass.printOkHttpInfoFromCall
W/dalvikvm(27549): VFY: unable to resolve interface method 37650: Lokhttp3/Call;.request ()Lokhttp3/Request;
D/dalvikvm(27549): VFY: replacing opcode 0x72 at 0x0006
D/dalvikvm(27549): GC_CONCURRENT freed 168K, 6% free 3246K/3424K, paused 3ms+3ms, total 10ms
I/System.out(27549): body:<com.b.a.a.bx: java.lang.String c(java.lang.CharSequence)>	sig:specialinvoke $r2.<java.net.URL: void <init>(java.lang.String)>($r1)	timediff:3
I/System.out(27549): <com.b.a.a.bx: java.lang.String c(java.lang.CharSequence)>###specialinvoke $r2.<java.net.URL: void <init>(java.lang.String)>($r1)###https://settings.crashlytics.com/spi/v2/platforms/android/apps/deezer.android.app/settings?instance=efa57b2e9138f07a4c5ef197b04fc119292932ee&source=1&build_version=234&icon_hash=f0cb0cef7d9fad986fe65fab0fa78f1f65f22361&display_version=4.7.1.8
I/System.out(27549): body:<com.b.a.a.bx: java.lang.String c(java.lang.CharSequence)>	sig:$r3 = virtualinvoke $r2.<java.net.URL: java.lang.String getHost()>()	timediff:0
I/System.out(27549): body:<com.b.a.a.bx: java.lang.String c(java.lang.CharSequence)>	sig:$i0 = virtualinvoke $r2.<java.net.URL: int getPort()>()	timediff:0
I/System.out(27549): body:<com.b.a.a.bx: java.lang.String c(java.lang.CharSequence)>	sig:$r3 = virtualinvoke $r2.<java.net.URL: java.lang.String getProtocol()>()	timediff:0
I/System.out(27549): body:<com.b.a.a.bx: java.lang.String c(java.lang.CharSequence)>	sig:$r6 = virtualinvoke $r2.<java.net.URL: java.lang.String getPath()>()	timediff:0
I/System.out(27549): body:<com.b.a.a.bx: java.lang.String c(java.lang.CharSequence)>	sig:$r7 = virtualinvoke $r2.<java.net.URL: java.lang.String getQuery()>()	timediff:0
I/System.out(27549): body:<com.b.a.a.bx: java.lang.String c(java.lang.CharSequence)>	sig:specialinvoke $r5.<java.net.URI: void <init>(java.lang.String,java.lang.String,java.lang.String,java.lang.String,java.lang.String)>($r3, $r1, $r6, $r7, null)	timediff:0
I/System.out(27549): body:<com.b.a.a.bx: java.lang.String c(java.lang.CharSequence)>	sig:$r7 = virtualinvoke $r5.<java.net.URI: java.lang.String toASCIIString()>()	timediff:1
I/System.out(27549): body:<com.b.a.a.bx: void <init>(java.lang.CharSequence,java.lang.String)>	sig:specialinvoke $r4.<java.net.URL: void <init>(java.lang.String)>($r3)	timediff:0
I/System.out(27549): <com.b.a.a.bx: void <init>(java.lang.CharSequence,java.lang.String)>###specialinvoke $r4.<java.net.URL: void <init>(java.lang.String)>($r3)###https://settings.crashlytics.com/spi/v2/platforms/android/apps/deezer.android.app/settings?instance=efa57b2e9138f07a4c5ef197b04fc119292932ee&source=1&build_version=234&icon_hash=f0cb0cef7d9fad986fe65fab0fa78f1f65f22361&display_version=4.7.1.8
D/dalvikvm(27549): GC_CONCURRENT freed 80K, 4% free 3565K/3700K, paused 2ms+2ms, total 7ms
I/System.out(27549): body:<com.b.a.a.ab: java.net.HttpURLConnection a(java.net.URL)>	sig:$r2 = virtualinvoke $r1.<java.net.URL: java.net.URLConnection openConnection()>()	timediff:29
I/System.out(27549): body:<com.b.a.a.bx: java.net.HttpURLConnection c()>	sig:virtualinvoke $r3.<java.net.HttpURLConnection: void setRequestMethod(java.lang.String)>($r4)	timediff:0
I/System.out(27549): body:<com.b.a.a.y: com.b.a.a.bx a(java.util.Map)>	sig:virtualinvoke $r9.<java.net.HttpURLConnection: void setUseCaches(boolean)>(0)	timediff:0
I/System.out(27549): body:<com.b.a.a.y: com.b.a.a.bx a(java.util.Map)>	sig:virtualinvoke $r9.<java.net.HttpURLConnection: void setConnectTimeout(int)>(10000)	timediff:0
I/System.out(27549): body:<com.b.a.a.bx: com.b.a.a.bx a(java.lang.String,java.lang.String)>	sig:virtualinvoke $r3.<java.net.HttpURLConnection: void setRequestProperty(java.lang.String,java.lang.String)>($r1, $r2)	timediff:0
I/System.out(27549): body:<com.b.a.a.bx: com.b.a.a.bx a(java.lang.String,java.lang.String)>	sig:virtualinvoke $r3.<java.net.HttpURLConnection: void setRequestProperty(java.lang.String,java.lang.String)>($r1, $r2)	timediff:0
I/System.out(27549): body:<com.b.a.a.bx: com.b.a.a.bx a(java.lang.String,java.lang.String)>	sig:virtualinvoke $r3.<java.net.HttpURLConnection: void setRequestProperty(java.lang.String,java.lang.String)>($r1, $r2)	timediff:0
I/System.out(27549): body:<com.b.a.a.bx: com.b.a.a.bx a(java.lang.String,java.lang.String)>	sig:virtualinvoke $r3.<java.net.HttpURLConnection: void setRequestProperty(java.lang.String,java.lang.String)>($r1, $r2)	timediff:0
I/System.out(27549): body:<com.b.a.a.bx: com.b.a.a.bx a(java.lang.String,java.lang.String)>	sig:virtualinvoke $r3.<java.net.HttpURLConnection: void setRequestProperty(java.lang.String,java.lang.String)>($r1, $r2)	timediff:1
I/System.out(27549): body:<com.b.a.a.bx: com.b.a.a.bx a(java.lang.String,java.lang.String)>	sig:virtualinvoke $r3.<java.net.HttpURLConnection: void setRequestProperty(java.lang.String,java.lang.String)>($r1, $r2)	timediff:0
I/System.out(27549): body:<com.b.a.a.bx: com.b.a.a.bx a(java.lang.String,java.lang.String)>	sig:virtualinvoke $r3.<java.net.HttpURLConnection: void setRequestProperty(java.lang.String,java.lang.String)>($r1, $r2)	timediff:0
I/System.out(27549): body:<com.b.a.a.bx: java.lang.String b(java.lang.String)>	sig:$r1 = virtualinvoke $r2.<java.net.HttpURLConnection: java.lang.String getHeaderField(java.lang.String)>($r1)	timediff:11
I/System.out(27549): body:<com.b.a.a.bx: java.lang.String a(java.lang.String)>	sig:$i0 = virtualinvoke $r2.<java.net.HttpURLConnection: int getHeaderFieldInt(java.lang.String,int)>("Content-Length", -1)	timediff:0
E/Crashlytics(27549): Failed to retrieve settings from https://settings.crashlytics.com/spi/v2/platforms/android/apps/deezer.android.app/settings
I/System.out(27549): body:<com.b.a.a.bx: java.lang.String b(java.lang.String)>	sig:$r1 = virtualinvoke $r2.<java.net.HttpURLConnection: java.lang.String getHeaderField(java.lang.String)>($r1)	timediff:0
D/dalvikvm(27549): GC_CONCURRENT freed 197K, 7% free 3755K/4008K, paused 3ms+0ms, total 5ms
I/System.out(27549): body:<com.parse.d.a.b: java.lang.String b()>	sig:$r3 = virtualinvoke $r2.<java.net.URI: java.lang.String toString()>()	timediff:0
I/System.out(27549): body:<com.parse.d.a.b: java.lang.String b()>	sig:$r3 = virtualinvoke $r2.<java.net.URI: java.lang.String toString()>()	timediff:0
I/System.out(27549): body:<com.parse.d.d.d: java.lang.String a()>	sig:specialinvoke $r2.<java.net.URI: void <init>(java.lang.String)>($r3)	timediff:0
I/System.out(27549): body:<com.parse.d.d.d: java.lang.String a()>	sig:$r3 = virtualinvoke $r2.<java.net.URI: java.lang.String getScheme()>()	timediff:0
I/System.out(27549): body:<com.parse.d.d.d: java.lang.String a()>	sig:$r4 = virtualinvoke $r2.<java.net.URI: java.lang.String getAuthority()>()	timediff:1
I/System.out(27549): body:<com.parse.d.d.d: java.lang.String a()>	sig:$i0 = virtualinvoke $r2.<java.net.URI: int getPort()>()	timediff:0
I/System.out(27549): body:<com.parse.d.d.d: java.lang.String a()>	sig:$r5 = virtualinvoke $r2.<java.net.URI: java.lang.String getRawPath()>()	timediff:0
I/System.out(27549): body:<com.parse.d.a.b: java.lang.String b()>	sig:$r3 = virtualinvoke $r2.<java.net.URI: java.lang.String toString()>()	timediff:0
W/SocketClient(  163): write error (Broken pipe)
I/System.out(27549): body:<com.b.a.a.bx: java.lang.String c(java.lang.CharSequence)>	sig:specialinvoke $r2.<java.net.URL: void <init>(java.lang.String)>($r1)	timediff:0
I/System.out(27549): <com.b.a.a.bx: java.lang.String c(java.lang.CharSequence)>###specialinvoke $r2.<java.net.URL: void <init>(java.lang.String)>($r1)###https://settings.crashlytics.com/spi/v2/platforms/android/apps/deezer.android.app/settings?instance=efa57b2e9138f07a4c5ef197b04fc119292932ee&source=1&build_version=234&icon_hash=f0cb0cef7d9fad986fe65fab0fa78f1f65f22361&display_version=4.7.1.8
I/System.out(27549): body:<com.b.a.a.bx: java.lang.String c(java.lang.CharSequence)>	sig:$r3 = virtualinvoke $r2.<java.net.URL: java.lang.String getHost()>()	timediff:0
I/System.out(27549): body:<com.b.a.a.bx: java.lang.String c(java.lang.CharSequence)>	sig:$i0 = virtualinvoke $r2.<java.net.URL: int getPort()>()	timediff:0
I/System.out(27549): body:<com.b.a.a.bx: java.lang.String c(java.lang.CharSequence)>	sig:$r3 = virtualinvoke $r2.<java.net.URL: java.lang.String getProtocol()>()	timediff:0
I/System.out(27549): body:<com.b.a.a.bx: java.lang.String c(java.lang.CharSequence)>	sig:$r6 = virtualinvoke $r2.<java.net.URL: java.lang.String getPath()>()	timediff:0
I/System.out(27549): body:<com.b.a.a.bx: java.lang.String c(java.lang.CharSequence)>	sig:$r7 = virtualinvoke $r2.<java.net.URL: java.lang.String getQuery()>()	timediff:0
I/System.out(27549): body:<com.b.a.a.bx: java.lang.String c(java.lang.CharSequence)>	sig:specialinvoke $r5.<java.net.URI: void <init>(java.lang.String,java.lang.String,java.lang.String,java.lang.String,java.lang.String)>($r3, $r1, $r6, $r7, null)	timediff:0
I/System.out(27549): body:<com.b.a.a.bx: java.lang.String c(java.lang.CharSequence)>	sig:$r7 = virtualinvoke $r5.<java.net.URI: java.lang.String toASCIIString()>()	timediff:0
I/System.out(27549): body:<com.b.a.a.bx: void <init>(java.lang.CharSequence,java.lang.String)>	sig:specialinvoke $r4.<java.net.URL: void <init>(java.lang.String)>($r3)	timediff:0
I/System.out(27549): <com.b.a.a.bx: void <init>(java.lang.CharSequence,java.lang.String)>###specialinvoke $r4.<java.net.URL: void <init>(java.lang.String)>($r3)###https://settings.crashlytics.com/spi/v2/platforms/android/apps/deezer.android.app/settings?instance=efa57b2e9138f07a4c5ef197b04fc119292932ee&source=1&build_version=234&icon_hash=f0cb0cef7d9fad986fe65fab0fa78f1f65f22361&display_version=4.7.1.8
I/System.out(27549): body:<com.b.a.a.ab: java.net.HttpURLConnection a(java.net.URL)>	sig:$r2 = virtualinvoke $r1.<java.net.URL: java.net.URLConnection openConnection()>()	timediff:0
I/System.out(27549): body:<com.b.a.a.bx: java.net.HttpURLConnection c()>	sig:virtualinvoke $r3.<java.net.HttpURLConnection: void setRequestMethod(java.lang.String)>($r4)	timediff:0
I/System.out(27549): body:<com.b.a.a.y: com.b.a.a.bx a(java.util.Map)>	sig:virtualinvoke $r9.<java.net.HttpURLConnection: void setUseCaches(boolean)>(0)	timediff:0
I/System.out(27549): body:<com.b.a.a.y: com.b.a.a.bx a(java.util.Map)>	sig:virtualinvoke $r9.<java.net.HttpURLConnection: void setConnectTimeout(int)>(10000)	timediff:2
I/System.out(27549): body:<com.b.a.a.bx: com.b.a.a.bx a(java.lang.String,java.lang.String)>	sig:virtualinvoke $r3.<java.net.HttpURLConnection: void setRequestProperty(java.lang.String,java.lang.String)>($r1, $r2)	timediff:0
I/System.out(27549): body:<com.b.a.a.bx: com.b.a.a.bx a(java.lang.String,java.lang.String)>	sig:virtualinvoke $r3.<java.net.HttpURLConnection: void setRequestProperty(java.lang.String,java.lang.String)>($r1, $r2)	timediff:0
I/System.out(27549): body:<com.b.a.a.bx: com.b.a.a.bx a(java.lang.String,java.lang.String)>	sig:virtualinvoke $r3.<java.net.HttpURLConnection: void setRequestProperty(java.lang.String,java.lang.String)>($r1, $r2)	timediff:0
I/System.out(27549): body:<com.b.a.a.bx: com.b.a.a.bx a(java.lang.String,java.lang.String)>	sig:virtualinvoke $r3.<java.net.HttpURLConnection: void setRequestProperty(java.lang.String,java.lang.String)>($r1, $r2)	timediff:0
I/System.out(27549): body:<com.b.a.a.bx: com.b.a.a.bx a(java.lang.String,java.lang.String)>	sig:virtualinvoke $r3.<java.net.HttpURLConnection: void setRequestProperty(java.lang.String,java.lang.String)>($r1, $r2)	timediff:0
I/System.out(27549): body:<com.b.a.a.bx: com.b.a.a.bx a(java.lang.String,java.lang.String)>	sig:virtualinvoke $r3.<java.net.HttpURLConnection: void setRequestProperty(java.lang.String,java.lang.String)>($r1, $r2)	timediff:0
I/System.out(27549): body:<com.b.a.a.bx: com.b.a.a.bx a(java.lang.String,java.lang.String)>	sig:virtualinvoke $r3.<java.net.HttpURLConnection: void setRequestProperty(java.lang.String,java.lang.String)>($r1, $r2)	timediff:0
I/System.out(27549): body:<com.b.a.a.bx: java.lang.String b(java.lang.String)>	sig:$r1 = virtualinvoke $r2.<java.net.HttpURLConnection: java.lang.String getHeaderField(java.lang.String)>($r1)	timediff:1
I/System.out(27549): body:<com.b.a.a.bx: java.lang.String a(java.lang.String)>	sig:$i0 = virtualinvoke $r2.<java.net.HttpURLConnection: int getHeaderFieldInt(java.lang.String,int)>("Content-Length", -1)	timediff:0
E/Crashlytics(27549): Failed to retrieve settings from https://settings.crashlytics.com/spi/v2/platforms/android/apps/deezer.android.app/settings
I/System.out(27549): body:<com.b.a.a.bx: java.lang.String b(java.lang.String)>	sig:$r1 = virtualinvoke $r2.<java.net.HttpURLConnection: java.lang.String getHeaderField(java.lang.String)>($r1)	timediff:0
D/dalvikvm(27549): GC_CONCURRENT freed 377K, 11% free 3811K/4244K, paused 3ms+0ms, total 10ms
E/ActivityThread(27549): Failed to find provider info for com.facebook.katana.provider.AttributionIdProvider
D/AndroidRuntime(27549): Shutting down VM
W/dalvikvm(27549): threadid=1: thread exiting with uncaught exception (group=0x94d12b20)
D/dalvikvm(27549): GC_CONCURRENT freed 293K, 9% free 3903K/4252K, paused 2ms+1ms, total 5ms
D/dalvikvm(27549): GC_CONCURRENT freed 367K, 10% free 3921K/4344K, paused 3ms+1ms, total 6ms
I/Process (  464): Sending signal. PID: 27549 SIG: 9
E/AndroidRuntime(27549): FATAL EXCEPTION: main
E/AndroidRuntime(27549): Process: deezer.android.app, PID: 27549
E/AndroidRuntime(27549): java.lang.Error: Unresolved compilation error: Method <deezer.android.app.DZMidlet: java.io.File[] getExternalCacheDirs()> does not exist!
E/AndroidRuntime(27549): 	at deezer.android.app.DZMidlet.getExternalCacheDirs(dalvik_source_deezer.android.app.apk)
E/AndroidRuntime(27549): 	at dz.utils.u.b(dalvik_source_deezer.android.app.apk:243)
E/AndroidRuntime(27549): 	at dz.utils.u.c(dalvik_source_deezer.android.app.apk:153)
E/AndroidRuntime(27549): 	at com.deezer.core.data.model.g.<init>(dalvik_source_deezer.android.app.apk:101)
E/AndroidRuntime(27549): 	at com.deezer.core.data.model.ap.<init>(dalvik_source_deezer.android.app.apk:48)
E/AndroidRuntime(27549): 	at com.deezer.core.data.d.bw.<init>(dalvik_source_deezer.android.app.apk:103)
E/AndroidRuntime(27549): 	at com.deezer.core.data.d.bw.a(dalvik_source_deezer.android.app.apk:95)
E/AndroidRuntime(27549): 	at com.deezer.a.b.a(dalvik_source_deezer.android.app.apk:70)
E/AndroidRuntime(27549): 	at deezer.android.app.DZMidlet.onCreate(dalvik_source_deezer.android.app.apk:57)
E/AndroidRuntime(27549): 	at android.app.Instrumentation.callApplicationOnCreate(Instrumentation.java:1024)
E/AndroidRuntime(27549): 	at android.app.ActivityThread.handleBindApplication(ActivityThread.java:4346)
E/AndroidRuntime(27549): 	at android.app.ActivityThread.access$1500(ActivityThread.java:135)
E/AndroidRuntime(27549): 	at android.app.ActivityThread$H.handleMessage(ActivityThread.java:1256)
E/AndroidRuntime(27549): 	at android.os.Handler.dispatchMessage(Handler.java:102)
E/AndroidRuntime(27549): 	at android.os.Looper.loop(Looper.java:136)
E/AndroidRuntime(27549): 	at android.app.ActivityThread.main(ActivityThread.java:5019)
E/AndroidRuntime(27549): 	at java.lang.reflect.Method.invokeNative(Native Method)
E/AndroidRuntime(27549): 	at java.lang.reflect.Method.invoke(Method.java:515)
E/AndroidRuntime(27549): 	at com.android.internal.os.ZygoteInit$MethodAndArgsCaller.run(ZygoteInit.java:779)
E/AndroidRuntime(27549): 	at com.android.internal.os.ZygoteInit.main(ZygoteInit.java:595)
E/AndroidRuntime(27549): 	at dalvik.system.NativeStart.main(Native Method)
W/ActivityManager(  464): Force-killing crashed app deezer.android.app at watcher's request
W/ContextImpl(  464): Calling a method in the system process without a qualified user: android.app.ContextImpl.sendBroadcast:1123 com.android.server.am.ActivityManagerService.handleApplicationCrashInner:9670 com.android.server.am.ActivityManagerService.handleApplicationCrash:9644 android.app.ActivityManagerNative.onTransact:1311 com.android.server.am.ActivityManagerService.onTransact:2071 
W/NetworkManagementSocketTagger(  464): setKernelCountSet(10154, 0) failed with errno -13
I/InputDispatcher(  464): Dropping event because there is no focused window or focused application.
I/InputDispatcher(  464): Dropping event because there is no focused window or focused application.
I/InputDispatcher(  464): Dropping event because there is no focused window or focused application.
I/ActivityManager(  464): Process deezer.android.app (pid 27549) has died.
W/ActivityManager(  464): Force removing ActivityRecord{4aa14658 u0 deezer.android.app/com.deezer.android.ui.activity.LauncherActivity t436}: app died, no saved state
W/InputManager(  464): Input event injection from pid 26781 failed.
W/InputManager(  464): Input event injection from pid 26781 failed.
I/InputDispatcher(  464): Dropping event because there is no focused window or focused application.
I/InputDispatcher(  464): Dropping event because there is no focused window or focused application.
I/InputDispatcher(  464): Dropping event because there is no focused window or focused application.
I/InputDispatcher(  464): Dropping event because there is no focused window or focused application.
W/InputManager(  464): Input event injection from pid 26781 failed.
W/InputManager(  464): Input event injection from pid 26781 failed.
W/InputManager(  464): Input event injection from pid 26781 failed.
W/InputManager(  464): Input event injection from pid 26781 failed.
I/InputDispatcher(  464): Dropping event because there is no focused window or focused application.
W/InputManager(  464): Input event injection from pid 26781 failed.
W/InputManager(  464): Input event injection from pid 26781 failed.
I/InputDispatcher(  464): Dropping event because there is no focused window or focused application.
I/InputDispatcher(  464): Dropping event because there is no focused window or focused application.
W/InputManager(  464): Input event injection from pid 26781 failed.
W/InputManager(  464): Input event injection from pid 26781 failed.
I/InputDispatcher(  464): Dropping event because there is no focused window or focused application.
I/InputDispatcher(  464): Dropping event because there is no focused window or focused application.
W/InputManager(  464): Input event injection from pid 26781 failed.
W/InputManager(  464): Input event injection from pid 26781 failed.
I/InputDispatcher(  464): Dropping event because there is no focused window or focused application.
D/FirebaseApp(24744): Notifying background state change listeners.
I/InputDispatcher(  464): Dropping event because there is no focused window or focused application.
W/InputManager(  464): Input event injection from pid 26781 failed.
W/InputManager(  464): Input event injection from pid 26781 failed.
I/InputDispatcher(  464): Dropping event because there is no focused window or focused application.
I/InputDispatcher(  464): Dropping event because there is no focused window or focused application.
I/InputDispatcher(  464): Dropping event because there is no focused window or focused application.
I/InputDispatcher(  464): Dropping event because there is no focused window or focused application.
I/InputDispatcher(  464): Dropping event because there is no focused window or focused application.
W/InputManager(  464): Input event injection from pid 26781 failed.
W/InputManager(  464): Input event injection from pid 26781 failed.
W/InputManager(  464): Input event injection from pid 26781 failed.
W/InputManager(  464): Input event injection from pid 26781 failed.
W/InputManager(  464): Input event injection from pid 26781 failed.
I/InputDispatcher(  464): Dropping event because there is no focused window or focused application.
I/InputDispatcher(  464): Dropping event because there is no focused window or focused application.
I/InputDispatcher(  464): Dropping event because there is no focused window or focused application.
I/InputDispatcher(  464): Dropping event because there is no focused window or focused application.
I/InputDispatcher(  464): Dropping event because there is no focused window or focused application.
I/InputDispatcher(  464): Dropping event because there is no focused window or focused application.
I/InputDispatcher(  464): Dropping event because there is no focused window or focused application.
W/InputManager(  464): Input event injection from pid 26781 failed.
W/InputManager(  464): Input event injection from pid 26781 failed.
W/InputManager(  464): Input event injection from pid 26781 failed.
W/InputManager(  464): Input event injection from pid 26781 failed.
W/InputManager(  464): Input event injection from pid 26781 failed.
W/InputManager(  464): Input event injection from pid 26781 failed.
W/InputManager(  464): Input event injection from pid 26781 failed.
I/InputDispatcher(  464): Dropping event because there is no focused window or focused application.
I/InputDispatcher(  464): Dropping event because there is no focused window or focused application.
I/InputDispatcher(  464): Dropping event because there is no focused window or focused application.
I/InputDispatcher(  464): Dropping event because there is no focused window or focused application.
W/InputManager(  464): Input event injection from pid 26781 failed.
W/InputManager(  464): Input event injection from pid 26781 failed.
W/InputManager(  464): Input event injection from pid 26781 failed.
W/InputManager(  464): Input event injection from pid 26781 failed.
V/PanelView(  532): animationTick called with dtms=0; nothing to do (h=0.0 v=0.0)
I/InputDispatcher(  464): Dropping event because there is no focused window or focused application.
I/InputDispatcher(  464): Dropping event because there is no focused window or focused application.
I/InputDispatcher(  464): Dropping event because there is no focused window or focused application.
I/InputDispatcher(  464): Dropping event because there is no focused window or focused application.
I/InputDispatcher(  464): Dropping event because there is no focused window or focused application.
I/InputDispatcher(  464): Dropping event because there is no focused window or focused application.
W/InputManager(  464): Input event injection from pid 26781 failed.
W/InputManager(  464): Input event injection from pid 26781 failed.
W/InputManager(  464): Input event injection from pid 26781 failed.
W/InputManager(  464): Input event injection from pid 26781 failed.
W/InputManager(  464): Input event injection from pid 26781 failed.
W/InputManager(  464): Input event injection from pid 26781 failed.
I/InputDispatcher(  464): Dropping event because there is no focused window or focused application.
I/InputDispatcher(  464): Dropping event because there is no focused window or focused application.
I/InputDispatcher(  464): Dropping event because there is no focused window or focused application.
I/InputDispatcher(  464): Dropping event because there is no focused window or focused application.
I/InputDispatcher(  464): Dropping event because there is no focused window or focused application.
I/InputDispatcher(  464): Dropping event because there is no focused window or focused application.
I/InputDispatcher(  464): Dropping event because there is no focused window or focused application.
W/InputManager(  464): Input event injection from pid 26781 failed.
W/InputManager(  464): Input event injection from pid 26781 failed.
W/InputManager(  464): Input event injection from pid 26781 failed.
W/InputManager(  464): Input event injection from pid 26781 failed.
W/InputManager(  464): Input event injection from pid 26781 failed.
W/InputManager(  464): Input event injection from pid 26781 failed.
W/InputManager(  464): Input event injection from pid 26781 failed.
W/InputManager(  464): Input event injection from pid 26781 failed.
W/InputManager(  464): Input event injection from pid 26781 failed.
I/InputDispatcher(  464): Dropping event because there is no focused window or focused application.
I/InputDispatcher(  464): Dropping event because there is no focused window or focused application.
I/InputDispatcher(  464): Dropping event because there is no focused window or focused application.
I/InputDispatcher(  464): Dropping event because there is no focused window or focused application.
I/InputDispatcher(  464): Dropping event because there is no focused window or focused application.
I/InputDispatcher(  464): Dropping event because there is no focused window or focused application.
W/InputManager(  464): Input event injection from pid 26781 failed.
W/InputManager(  464): Input event injection from pid 26781 failed.
W/InputManager(  464): Input event injection from pid 26781 failed.
W/InputManager(  464): Input event injection from pid 26781 failed.
W/InputManager(  464): Input event injection from pid 26781 failed.
I/InputDispatcher(  464): Dropping event because there is no focused window or focused application.
I/InputDispatcher(  464): Dropping event because there is no focused window or focused application.
I/InputDispatcher(  464): Dropping event because there is no focused window or focused application.
W/InputManager(  464): Input event injection from pid 26781 failed.
W/InputManager(  464): Input event injection from pid 26781 failed.
W/InputManager(  464): Input event injection from pid 26781 failed.
W/InputManager(  464): Input event injection from pid 26781 failed.
W/InputManager(  464): Input event injection from pid 26781 failed.
I/InputDispatcher(  464): Dropping event because there is no focused window or focused application.
W/InputManager(  464): Input event injection from pid 26781 failed.
W/InputManager(  464): Input event injection from pid 26781 failed.
W/EGL_emulation(24744): eglSurfaceAttrib not implemented 3093 12436
W/InputMethodManagerService(  464): Window already focused, ignoring focus gain of: com.android.internal.view.IInputMethodClient$Stub$Proxy@4abec9c4 attribute=null, token = android.os.BinderProxy@4a8b7ba0
W/DebugConnManager(24744): getNetworkInfo() on networkType 1
I/ActivityManager(  464): START u0 {act=android.intent.action.VIEW dat=http://launcher.us.yeshen.com/api/app/detail?id=com.itchmedia.ta3 flg=0x10000000 cmp=com.android.browser/.BrowserActivity} from pid 24744
W/ContextImpl(24744): Calling a method in the system process without a qualified user: android.app.ContextImpl.bindService:1556 android.content.ContextWrapper.bindService:517 com.google.android.gms.common.stats.zzb.zza:-1 com.google.android.gms.common.stats.zzb.zza:-1 com.google.android.gms.ads.identifier.AdvertisingIdClient.zzh:-1 
W/DebugConnManager(24744): getNetworkInfo() on networkType 1
I/ActivityManager(  464): START u0 {act=android.intent.action.VIEW dat=http://launcher.us.yeshen.com/api/app/detail?id=com.bbqstudio.bbqqoversea flg=0x10000000 cmp=com.android.browser/.BrowserActivity} from pid 24744
W/DebugConnManager(24744): getNetworkInfo() on networkType 1
I/ActivityManager(  464): START u0 {act=android.intent.action.VIEW dat=http://launcher.us.yeshen.com/api/app/detail?id=com.BCG.ForteCraft flg=0x10000000 cmp=com.android.browser/.BrowserActivity} from pid 24744
W/DebugConnManager(24744): getNetworkInfo() on networkType 1
I/ActivityManager(  464): START u0 {act=android.intent.action.VIEW dat=http://launcher.us.yeshen.com/api/app/detail?id=com.bbqstudio.bbqqoversea flg=0x10000000 cmp=com.android.browser/.BrowserActivity} from pid 24744
W/Launcher(24744): No global search activity found.
W/PropertyValuesHolder(24744): Method setBrightness() with type int not found on target class class ph
W/PropertyValuesHolder(24744): Method getBrightness() with type int not found on target class class ph
I/ActivityManager(  464): START u0 {act=android.intent.action.MAIN cat=[android.intent.category.LAUNCHER] flg=0x10200000 cmp=com.android.browser/.BrowserActivity bnds=[130,174][334,301] (has extras)} from pid 24744
W/ContextImpl(24744): Calling a method in the system process without a qualified user: android.app.ContextImpl.sendBroadcast:1137 android.content.ContextWrapper.sendBroadcast:370 com.vphone.launcher.Stats.recordLaunch:129 com.vphone.launcher.Launcher.c:3192 com.vphone.launcher.Launcher.onClickAppShortcut:3144 
I/ActivityManager(  464): START u0 {act=android.intent.action.MAIN cat=[android.intent.category.LAUNCHER] flg=0x10000000 cmp=com.android.contacts/.activities.PeopleActivity sel={act=android.intent.action.MAIN cat=[android.intent.category.APP_CONTACTS]}} from pid 464
W/DebugConnManager(24744): getNetworkInfo() on networkType 1
I/ActivityManager(  464): START u0 {act=android.intent.action.VIEW dat=https://tracking.apptrackerlink.com/ws/action/click?offer_id=885416&bid_id=BWLM5GEk7VUyLv6WvDX0fzvJp5qk&imp_id=YnoYkVKwNJcZYlLw3XLXsA1pD4p&p_id=a57d1f0d-3e45-4524-8e9b-4f61b8d09b3a&mac=2C:56:DC:4E:22:14&gaid=e4382e3f-a082-4060-b970-a4dd13ffa2b6 cmp=com.android.browser/.BrowserActivity} from pid 24744
W/ContextImpl(24744): Calling a method in the system process without a qualified user: android.app.ContextImpl.bindService:1556 android.content.ContextWrapper.bindService:517 com.google.android.gms.common.stats.zzb.zza:-1 com.google.android.gms.common.stats.zzb.zza:-1 com.google.android.gms.ads.identifier.AdvertisingIdClient.zzh:-1 
W/DebugConnManager(24744): getNetworkInfo() on networkType 1
I/ActivityManager(  464): START u0 {act=android.intent.action.VIEW dat=https://tracking.apptrackerlink.com/ws/action/click?offer_id=885416&bid_id=BWLM5GEk7VUyLv6WvDX0fzvJp5qk&imp_id=YnoYkVKwNJcZYlLw3XLXsA1pD4p&p_id=a57d1f0d-3e45-4524-8e9b-4f61b8d09b3a&mac=2C:56:DC:4E:22:14&gaid=e4382e3f-a082-4060-b970-a4dd13ffa2b6 cmp=com.android.browser/.BrowserActivity} from pid 24744
W/ContextImpl(24744): Calling a method in the system process without a qualified user: android.app.ContextImpl.bindService:1556 android.content.ContextWrapper.bindService:517 com.google.android.gms.common.stats.zzb.zza:-1 com.google.android.gms.common.stats.zzb.zza:-1 com.google.android.gms.ads.identifier.AdvertisingIdClient.zzh:-1 
W/DebugConnManager(24744): getNetworkInfo() on networkType 1
I/ActivityManager(  464): START u0 {act=android.intent.action.VIEW dat=http://launcher.us.yeshen.com/api/app/detail?id=com.extremefungames.mototrafficrace2 flg=0x10000000 cmp=com.android.browser/.BrowserActivity} from pid 24744
W/Launcher(24744): No global search activity found.
W/Launcher(24744): No global search activity found.
W/DebugConnManager(24744): getNetworkInfo() on networkType 1
I/ActivityManager(  464): START u0 {act=android.intent.action.VIEW dat=http://launcher.us.yeshen.com/api/app/detail?id=com.namcobandaigames.pacmantournaments flg=0x10000000 cmp=com.android.browser/.BrowserActivity} from pid 24744
V/PanelView(  532): animationTick called with dtms=0; nothing to do (h=0.0 v=-0.0)
V/PanelView(  532): animationTick called with dtms=-3; nothing to do (h=0.0 v=-0.0)
W/DebugConnManager(24744): getNetworkInfo() on networkType 1
W/Launcher(24744): No global search activity found.
I/ActivityManager(  464): START u0 {act=android.intent.action.VIEW dat=https://tracking.apptrackerlink.com/ws/action/click?offer_id=874060&bid_id=BWLM5GEk7VUyLv6WvDX0fzvJp5qk&imp_id=XBkxWXy0XOHNxGBqx29oTl6jDQ8&p_id=a57d1f0d-3e45-4524-8e9b-4f61b8d09b3a&mac=2C:56:DC:4E:22:14&gaid=e4382e3f-a082-4060-b970-a4dd13ffa2b6&android_id=2c56dc4e22145808 cmp=com.android.browser/.BrowserActivity} from pid 24744
W/ContextImpl(24744): Calling a method in the system process without a qualified user: android.app.ContextImpl.bindService:1556 android.content.ContextWrapper.bindService:517 com.google.android.gms.common.stats.zzb.zza:-1 com.google.android.gms.common.stats.zzb.zza:-1 com.google.android.gms.ads.identifier.AdvertisingIdClient.zzh:-1 
W/Launcher(24744): No global search activity found.
I/ActivityManager(  464): START u0 {act=android.intent.action.MAIN cat=[android.intent.category.LAUNCHER] flg=0x10200000 cmp=deezer.android.app/com.deezer.android.ui.activity.LauncherActivity} from pid 26781
D/yeshen  (24744): launcher onpause
