I/dalvikvm(25714): Could not find method android.content.pm.PackageManager.getPackageInstaller, referenced from method com.google.android.gms.common.GooglePlayServicesUtil.zzh
W/dalvikvm(25714): VFY: unable to resolve virtual method 489: Landroid/content/pm/PackageManager;.getPackageInstaller ()Landroid/content/pm/PackageInstaller;
D/dalvikvm(25714): VFY: replacing opcode 0x6e at 0x000a
D/dalvikvm(25714): JIT code cache reset in 0 ms (0 bytes 1/0)
D/dalvikvm(25714): GC_CONCURRENT freed 262K, 10% free 2933K/3248K, paused 1ms+2ms, total 12ms
I/GMPM    (25714): App measurement is starting up
E/GMPM    (25714): getGoogleAppId failed with status: 10
E/GMPM    (25714): Uploading is not possible. App measurement disabled
D/dalvikvm(25714): GC_CONCURRENT freed 305K, 11% free 3081K/3436K, paused 4ms+3ms, total 10ms
D/dalvikvm(25714): GC_FOR_ALLOC freed 167K, 7% free 3425K/3648K, paused 3ms, total 5ms
D/dalvikvm(25714): GC_CONCURRENT freed 30K, 5% free 3494K/3652K, paused 2ms+3ms, total 11ms
D/dalvikvm(25714): GC_FOR_ALLOC freed 173K, 6% free 3813K/4056K, paused 5ms, total 5ms
D/dalvikvm(25714): GC_CONCURRENT freed 23K, 6% free 3844K/4056K, paused 2ms+2ms, total 8ms
D/dalvikvm(25714): GC_CONCURRENT freed 141K, 6% free 4120K/4344K, paused 3ms+3ms, total 10ms
D/dalvikvm(25714): GC_CONCURRENT freed 356K, 10% free 4156K/4600K, paused 2ms+2ms, total 10ms
W/ImageLoader(25714): memoryCache() and memoryCacheSize() calls overlap each other
W/ImageLoader(25714): memoryCache() and memoryCacheSize() calls overlap each other
D/dalvikvm(25714): GC_CONCURRENT freed 1192K, 27% free 3464K/4720K, paused 0ms+1ms, total 3ms
D/dalvikvm(25714): WAIT_FOR_CONCURRENT_GC blocked 3ms
D/dalvikvm(25714): GC_CONCURRENT freed 325K, 23% free 3650K/4720K, paused 2ms+1ms, total 5ms
D/dalvikvm(25714): WAIT_FOR_CONCURRENT_GC blocked 3ms
W/dalvikvm(25714): VFY: unable to find class referenced in signature (Lokhttp3/Request;)
W/dalvikvm(25714): VFY: unable to find class referenced in signature (Lokhttp3/Response;)
I/dalvikvm(25714): Could not find method okhttp3.Response.headers, referenced from method empirical.HelperClass.printOkHttpInfo
W/dalvikvm(25714): VFY: unable to resolve virtual method 50496: Lokhttp3/Response;.headers ()Lokhttp3/Headers;
D/dalvikvm(25714): VFY: replacing opcode 0x6e at 0x0006
W/dalvikvm(25714): VFY: unable to find class referenced in signature (Lokhttp3/Call;)
W/dalvikvm(25714): VFY: unable to find class referenced in signature (Lokhttp3/Response;)
I/dalvikvm(25714): Could not find method okhttp3.Call.request, referenced from method empirical.HelperClass.printOkHttpInfoFromCall
W/dalvikvm(25714): VFY: unable to resolve interface method 50490: Lokhttp3/Call;.request ()Lokhttp3/Request;
D/dalvikvm(25714): VFY: replacing opcode 0x72 at 0x0006
I/System.out(25714): body:<com.mixpanel.android.mpmetrics.DecideChecker: java.lang.String getDecideResponseFromServer(java.lang.String,java.lang.String,com.mixpanel.android.util.RemoteService)>	sig:$r1 = staticinvoke <java.net.URLEncoder: java.lang.String encode(java.lang.String,java.lang.String)>($r1, "utf-8")	timediff:0
I/System.out(25714): body:<com.mixpanel.android.mpmetrics.DecideChecker: java.lang.String getDecideResponseFromServer(java.lang.String,java.lang.String,com.mixpanel.android.util.RemoteService)>	sig:$r2 = staticinvoke <java.net.URLEncoder: java.lang.String encode(java.lang.String,java.lang.String)>($r2, "utf-8")	timediff:0
I/System.out(25714): body:<com.mixpanel.android.util.HttpService: byte[] performRequest(java.lang.String,java.util.List,javax.net.ssl.SSLSocketFactory)>	sig:specialinvoke $r12.<java.net.URL: void <init>(java.lang.String)>($r1)	timediff:0
D/dalvikvm(25714): WAIT_FOR_CONCURRENT_GC blocked 11ms
I/System.out(25714): <com.mixpanel.android.util.HttpService: byte[] performRequest(java.lang.String,java.util.List,javax.net.ssl.SSLSocketFactory)>###specialinvoke $r12.<java.net.URL: void <init>(java.lang.String)>($r1)###https://decide.mixpanel.com/decide?version=1&lib=android&token=5768676e801ed29641ac9dc52d31112c&distinct_id=c0a7c043-5c36-47f1-b976-c0b3b4be9e85
I/System.out(25714): body:<com.mixpanel.android.util.HttpService: byte[] performRequest(java.lang.String,java.util.List,javax.net.ssl.SSLSocketFactory)>	sig:$r9 = virtualinvoke $r12.<java.net.URL: java.net.URLConnection openConnection()>()	timediff:2
I/System.out(25714): body:<com.mixpanel.android.util.HttpService: byte[] performRequest(java.lang.String,java.util.List,javax.net.ssl.SSLSocketFactory)>	sig:virtualinvoke $r13.<java.net.HttpURLConnection: void setConnectTimeout(int)>(2000)	timediff:0
I/System.out(25714): body:<com.mixpanel.android.util.HttpService: byte[] performRequest(java.lang.String,java.util.List,javax.net.ssl.SSLSocketFactory)>	sig:virtualinvoke $r13.<java.net.HttpURLConnection: void setReadTimeout(int)>(10000)	timediff:0
D/dalvikvm(25714): GC_CONCURRENT freed 184K, 16% free 3974K/4720K, paused 4ms+0ms, total 7ms
D/dalvikvm(25714): WAIT_FOR_CONCURRENT_GC blocked 2ms
D/dalvikvm(25714): GC_CONCURRENT freed 147K, 9% free 4338K/4720K, paused 1ms+0ms, total 4ms
D/dalvikvm(25714): WAIT_FOR_CONCURRENT_GC blocked 1ms
D/dalvikvm(25714): GC_CONCURRENT freed 145K, 5% free 4684K/4912K, paused 0ms+1ms, total 4ms
D/dalvikvm(25714): WAIT_FOR_CONCURRENT_GC blocked 2ms
D/dalvikvm(25714): GC_CONCURRENT freed 174K, 5% free 5106K/5372K, paused 0ms+1ms, total 7ms
D/dalvikvm(25714): WAIT_FOR_CONCURRENT_GC blocked 3ms
D/dalvikvm(25714): GC_CONCURRENT freed 207K, 6% free 5621K/5936K, paused 2ms+1ms, total 7ms
D/dalvikvm(25714): WAIT_FOR_CONCURRENT_GC blocked 4ms
D/dalvikvm(25714): GC_FOR_ALLOC freed 517K, 11% free 5799K/6476K, paused 4ms, total 4ms
D/dalvikvm(25714): GC_FOR_ALLOC freed 126K, 9% free 5927K/6476K, paused 3ms, total 3ms
D/dalvikvm(25714): GC_FOR_ALLOC freed 254K, 12% free 6182K/6988K, paused 4ms, total 4ms
I/dalvikvm-heap(25714): Grow heap (frag case) to 6.467MB for 399328-byte allocation
D/dalvikvm(25714): GC_FOR_ALLOC freed 510K, 18% free 6062K/7380K, paused 7ms, total 7ms
D/dalvikvm(25714): GC_FOR_ALLOC freed 244K, 15% free 6318K/7380K, paused 5ms, total 5ms
I/dalvikvm-heap(25714): Grow heap (frag case) to 6.715MB for 520408-byte allocation
D/dalvikvm(25714): GC_FOR_ALLOC freed 254K, 17% free 6572K/7892K, paused 5ms, total 5ms
D/dalvikvm(25714): GC_FOR_ALLOC freed 749K, 15% free 6708K/7892K, paused 5ms, total 5ms
D/dalvikvm(25714): GC_CONCURRENT freed 845K, 12% free 7050K/7988K, paused 3ms+0ms, total 7ms
D/dalvikvm(25714): GC_CONCURRENT freed 377K, 6% free 7986K/8408K, paused 4ms+0ms, total 11ms
D/dalvikvm(25714): GC_FOR_ALLOC freed 833K, 10% free 8605K/9492K, paused 7ms, total 7ms
D/dalvikvm(25714): GC_CONCURRENT freed 892K, 9% free 9655K/10600K, paused 0ms+1ms, total 20ms
D/dalvikvm(25714): WAIT_FOR_CONCURRENT_GC blocked 8ms
E/dalvikvm(25714): Bogus static initialization: value type 23 in field type Ljava/lang/CharSequence; for Lcom/adhoclabs/burner/ExternalVariablesManager; at index 0
E/dalvikvm(25714): VM aborting
F/libc    (25714): Fatal signal 6 (SIGABRT) at 0x00006472 (code=-6), thread 25714 (dhoclabs.burner)
I/DEBUG   (25081): *** *** *** *** *** *** *** *** *** *** *** *** *** *** *** ***
I/DEBUG   (25081): Build fingerprint: 'samsung/SM-G955N/dream2lteks:4.4.2/NRD90M/381180401:user/release-keys'
I/DEBUG   (25081): Revision: '0'
I/DEBUG   (25081): pid: 25714, tid: 25714, name: dhoclabs.burner  >>> com.adhoclabs.burner <<<
I/DEBUG   (25081): signal 6 (SIGABRT), code -6 (SI_TKILL), fault addr --------
I/DEBUG   (25081):     eax 00000000  ebx 00006472  ecx 00006472  edx 00000006
I/DEBUG   (25081):     esi 00006472  edi 0000000c
I/DEBUG   (25081):     xcs 00000073  xds 0000007b  xes 0000007b  xfs 00000000  xss 0000007b
I/DEBUG   (25081):     eip b77320d6  ebp b779bce0  esp bffaa990  flags 00200207
I/DEBUG   (25081): 
I/DEBUG   (25081): backtrace:
I/DEBUG   (25081):     #00  pc 0003c0d6  /system/lib/libc.so (tgkill+22)
I/DEBUG   (25081):     #01  pc 00000005  <unknown>
I/DEBUG   (25081): 
I/DEBUG   (25081): stack:
I/DEBUG   (25081):          bffaa950  00000000  
I/DEBUG   (25081):          bffaa954  b7797268  /system/lib/libc.so
I/DEBUG   (25081):          bffaa958  00000000  
I/DEBUG   (25081):          bffaa95c  b7703f39  /system/lib/libc.so (pthread_mutex_unlock+25)
I/DEBUG   (25081):          bffaa960  b779718c  /system/lib/libc.so
I/DEBUG   (25081):          bffaa964  b8657b50  [heap]
I/DEBUG   (25081):          bffaa968  00000015  
I/DEBUG   (25081):          bffaa96c  b7703f39  /system/lib/libc.so (pthread_mutex_unlock+25)
I/DEBUG   (25081):          bffaa970  00000000  
I/DEBUG   (25081):          bffaa974  b7750926  /system/lib/libc.so (funlockfile+6)
I/DEBUG   (25081):          bffaa978  b7796fcc  /system/lib/libc.so
I/DEBUG   (25081):          bffaa97c  b773c006  /system/lib/libc.so (__sflush_locked+150)
I/DEBUG   (25081):          bffaa980  00000000  
I/DEBUG   (25081):          bffaa984  00000000  
I/DEBUG   (25081):          bffaa988  b7703d69  /system/lib/libc.so (pthread_mutex_lock+9)
I/DEBUG   (25081):          bffaa98c  b7796fcc  /system/lib/libc.so
I/DEBUG   (25081):     #00  bffaa990  00000006  
I/DEBUG   (25081):          bffaa994  00006472  
I/DEBUG   (25081):          bffaa998  b7796fcc  /system/lib/libc.so
I/DEBUG   (25081):          bffaa99c  b770e4a6  /system/lib/libc.so (pthread_kill+102)
I/DEBUG   (25081):          bffaa9a0  00006472  
I/DEBUG   (25081):          bffaa9a4  00006472  
I/DEBUG   (25081):          bffaa9a8  00000006  
I/DEBUG   (25081):          bffaa9ac  00000000  
I/DEBUG   (25081):          bffaa9b0  b7797268  /system/lib/libc.so
I/DEBUG   (25081):          bffaa9b4  10015440  
I/DEBUG   (25081):          bffaa9b8  b770e449  /system/lib/libc.so (pthread_kill+9)
I/DEBUG   (25081):          bffaa9bc  b7796fcc  /system/lib/libc.so
I/DEBUG   (25081):          bffaa9c0  bffaaa0c  [stack]
I/DEBUG   (25081):          bffaa9c4  bffaac40  [stack]
I/DEBUG   (25081):          bffaa9c8  00000000  
I/DEBUG   (25081):          bffaa9cc  b770e82c  /system/lib/libc.so (raise+44)
I/BootReceiver(  464): Copying /data/tombstones/tombstone_03 to DropBox (SYSTEM_TOMBSTONE)
W/NetworkManagementSocketTagger(  464): setKernelCountSet(10091, 0) failed with errno -13
I/ActivityManager(  464): Process com.adhoclabs.burner (pid 25714) has died.
I/ActivityManager(  464): Start proc com.adhoclabs.burner for activity com.adhoclabs.burner/.LoadingActivity: pid=25750 uid=10091 gids={50091, 3003, 1028, 1015, 1023}
D/Zygote  (  168): Process 25714 terminated by signal (6)
W/ActivityManager(  464): Force-killing crashed app com.adhoclabs.burner at watcher's request
W/ContextImpl(  464): Calling a method in the system process without a qualified user: android.app.ContextImpl.sendBroadcast:1123 com.android.server.am.ActivityManagerService.handleApplicationCrashInner:9670 com.android.server.am.NativeCrashListener$NativeCrashReporter.run:86 <bottom of call stack> <bottom of call stack> 
W/NetworkManagementSocketTagger(  464): setKernelCountSet(10091, 1) failed with errno -13
I/dalvikvm(25750): ignoring registerObject request in thread=1
I/dalvikvm(25750): ignoring registerObject request in thread=1
I/dalvikvm(25750): Could not find method android.app.Notification$Builder.setLocalOnly, referenced from method com.google.android.gms.common.GooglePlayServicesUtil.zza
W/dalvikvm(25750): VFY: unable to resolve virtual method 261: Landroid/app/Notification$Builder;.setLocalOnly (Z)Landroid/app/Notification$Builder;
D/dalvikvm(25750): VFY: replacing opcode 0x6e at 0x0100
I/dalvikvm(25750): Could not find method android.content.pm.PackageManager.getPackageInstaller, referenced from method com.google.android.gms.common.GooglePlayServicesUtil.zzh
W/dalvikvm(25750): VFY: unable to resolve virtual method 489: Landroid/content/pm/PackageManager;.getPackageInstaller ()Landroid/content/pm/PackageInstaller;
D/dalvikvm(25750): VFY: replacing opcode 0x6e at 0x000a
D/dalvikvm(25750): JIT code cache reset in 0 ms (0 bytes 1/0)
D/dalvikvm(25750): GC_CONCURRENT freed 266K, 10% free 2933K/3252K, paused 2ms+1ms, total 12ms
I/GMPM    (25750): App measurement is starting up
E/GMPM    (25750): getGoogleAppId failed with status: 10
E/GMPM    (25750): Uploading is not possible. App measurement disabled
D/dalvikvm(25750): GC_CONCURRENT freed 323K, 11% free 3129K/3488K, paused 2ms+0ms, total 5ms
D/dalvikvm(25750): GC_CONCURRENT freed 126K, 6% free 3401K/3588K, paused 1ms+1ms, total 3ms
D/dalvikvm(25750): GC_CONCURRENT freed 123K, 6% free 3677K/3872K, paused 1ms+0ms, total 4ms
D/dalvikvm(25750): GC_CONCURRENT freed 183K, 7% free 3983K/4240K, paused 1ms+0ms, total 5ms
D/dalvikvm(25750): WAIT_FOR_CONCURRENT_GC blocked 3ms
D/dalvikvm(25750): WAIT_FOR_CONCURRENT_GC blocked 8ms
D/dalvikvm(25750): WAIT_FOR_CONCURRENT_GC blocked 10ms
D/dalvikvm(25750): GC_CONCURRENT freed 275K, 8% free 4125K/4472K, paused 2ms+3ms, total 11ms
W/ImageLoader(25750): memoryCache() and memoryCacheSize() calls overlap each other
W/ImageLoader(25750): memoryCache() and memoryCacheSize() calls overlap each other
D/dalvikvm(25750): GC_CONCURRENT freed 1269K, 29% free 3312K/4644K, paused 3ms+3ms, total 10ms
D/dalvikvm(25750): GC_CONCURRENT freed 187K, 25% free 3512K/4644K, paused 2ms+0ms, total 5ms
D/dalvikvm(25750): GC_CONCURRENT freed 232K, 22% free 3663K/4644K, paused 2ms+1ms, total 5ms
D/dalvikvm(25750): GC_CONCURRENT freed 118K, 16% free 3940K/4644K, paused 3ms+2ms, total 9ms
W/dalvikvm(25750): VFY: unable to find class referenced in signature (Lokhttp3/Request;)
W/dalvikvm(25750): VFY: unable to find class referenced in signature (Lokhttp3/Response;)
I/dalvikvm(25750): Could not find method okhttp3.Response.headers, referenced from method empirical.HelperClass.printOkHttpInfo
W/dalvikvm(25750): VFY: unable to resolve virtual method 50496: Lokhttp3/Response;.headers ()Lokhttp3/Headers;
D/dalvikvm(25750): VFY: replacing opcode 0x6e at 0x0006
W/dalvikvm(25750): VFY: unable to find class referenced in signature (Lokhttp3/Call;)
W/dalvikvm(25750): VFY: unable to find class referenced in signature (Lokhttp3/Response;)
I/dalvikvm(25750): Could not find method okhttp3.Call.request, referenced from method empirical.HelperClass.printOkHttpInfoFromCall
W/dalvikvm(25750): VFY: unable to resolve interface method 50490: Lokhttp3/Call;.request ()Lokhttp3/Request;
D/dalvikvm(25750): VFY: replacing opcode 0x72 at 0x0006
I/System.out(25750): body:<com.mixpanel.android.mpmetrics.DecideChecker: java.lang.String getDecideResponseFromServer(java.lang.String,java.lang.String,com.mixpanel.android.util.RemoteService)>	sig:$r1 = staticinvoke <java.net.URLEncoder: java.lang.String encode(java.lang.String,java.lang.String)>($r1, "utf-8")	timediff:0
D/dalvikvm(25750): GC_CONCURRENT freed 140K, 10% free 4187K/4644K, paused 2ms+1ms, total 6ms
I/System.out(25750): body:<com.mixpanel.android.mpmetrics.DecideChecker: java.lang.String getDecideResponseFromServer(java.lang.String,java.lang.String,com.mixpanel.android.util.RemoteService)>	sig:$r2 = staticinvoke <java.net.URLEncoder: java.lang.String encode(java.lang.String,java.lang.String)>($r2, "utf-8")	timediff:1
I/System.out(25750): body:<com.mixpanel.android.util.HttpService: byte[] performRequest(java.lang.String,java.util.List,javax.net.ssl.SSLSocketFactory)>	sig:specialinvoke $r12.<java.net.URL: void <init>(java.lang.String)>($r1)	timediff:1
I/System.out(25750): <com.mixpanel.android.util.HttpService: byte[] performRequest(java.lang.String,java.util.List,javax.net.ssl.SSLSocketFactory)>###specialinvoke $r12.<java.net.URL: void <init>(java.lang.String)>($r1)###https://decide.mixpanel.com/decide?version=1&lib=android&token=5768676e801ed29641ac9dc52d31112c&distinct_id=c0a7c043-5c36-47f1-b976-c0b3b4be9e85
I/System.out(25750): body:<com.mixpanel.android.util.HttpService: byte[] performRequest(java.lang.String,java.util.List,javax.net.ssl.SSLSocketFactory)>	sig:$r9 = virtualinvoke $r12.<java.net.URL: java.net.URLConnection openConnection()>()	timediff:2
I/System.out(25750): body:<com.mixpanel.android.util.HttpService: byte[] performRequest(java.lang.String,java.util.List,javax.net.ssl.SSLSocketFactory)>	sig:virtualinvoke $r13.<java.net.HttpURLConnection: void setConnectTimeout(int)>(2000)	timediff:0
I/System.out(25750): body:<com.mixpanel.android.util.HttpService: byte[] performRequest(java.lang.String,java.util.List,javax.net.ssl.SSLSocketFactory)>	sig:virtualinvoke $r13.<java.net.HttpURLConnection: void setReadTimeout(int)>(10000)	timediff:0
D/dalvikvm(25750): GC_CONCURRENT freed 146K, 5% free 4513K/4732K, paused 2ms+2ms, total 8ms
D/dalvikvm(25750): GC_CONCURRENT freed 130K, 5% free 4837K/5048K, paused 2ms+0ms, total 5ms
D/dalvikvm(25750): GC_CONCURRENT freed 160K, 5% free 5236K/5480K, paused 3ms+0ms, total 6ms
D/dalvikvm(25750): GC_CONCURRENT freed 259K, 6% free 5670K/6028K, paused 2ms+0ms, total 7ms
D/dalvikvm(25750): GC_FOR_ALLOC freed 540K, 12% free 5925K/6664K, paused 5ms, total 5ms
I/dalvikvm-heap(25750): Grow heap (frag case) to 6.333MB for 521606-byte allocation
D/dalvikvm(25750): GC_FOR_ALLOC freed 254K, 14% free 6180K/7176K, paused 4ms, total 4ms
D/dalvikvm(25750): GC_FOR_ALLOC freed 628K, 14% free 6188K/7176K, paused 4ms, total 5ms
D/dalvikvm(25750): GC_FOR_ALLOC freed 126K, 12% free 6316K/7176K, paused 4ms, total 4ms
I/dalvikvm-heap(25750): Grow heap (frag case) to 6.713MB for 520408-byte allocation
D/dalvikvm(25750): GC_FOR_ALLOC freed <1K, 12% free 6824K/7688K, paused 5ms, total 5ms
D/dalvikvm(25750): GC_FOR_ALLOC freed 1003K, 17% free 6706K/8080K, paused 6ms, total 7ms
D/dalvikvm(25750): GC_FOR_ALLOC freed 254K, 14% free 6960K/8080K, paused 4ms, total 4ms
I/dalvikvm-heap(25750): Grow heap (frag case) to 7.227MB for 399215-byte allocation
D/dalvikvm(25750): GC_FOR_ALLOC freed 509K, 20% free 6841K/8472K, paused 5ms, total 5ms
D/dalvikvm(25750): GC_CONCURRENT freed 356K, 9% free 7711K/8472K, paused 2ms+1ms, total 7ms
D/dalvikvm(25750): GC_CONCURRENT freed 469K, 6% free 8887K/9408K, paused 1ms+0ms, total 21ms
D/dalvikvm(25750): WAIT_FOR_CONCURRENT_GC blocked 9ms
D/dalvikvm(25750): GC_CONCURRENT freed 1330K, 13% free 9594K/10976K, paused 0ms+0ms, total 27ms
D/dalvikvm(25750): WAIT_FOR_CONCURRENT_GC blocked 8ms
E/dalvikvm(25750): Bogus static initialization: value type 23 in field type Ljava/lang/CharSequence; for Lcom/adhoclabs/burner/ExternalVariablesManager; at index 0
E/dalvikvm(25750): VM aborting
F/libc    (25750): Fatal signal 6 (SIGABRT) at 0x00006496 (code=-6), thread 25750 (dhoclabs.burner)
I/DEBUG   (25081): *** *** *** *** *** *** *** *** *** *** *** *** *** *** *** ***
I/DEBUG   (25081): Build fingerprint: 'samsung/SM-G955N/dream2lteks:4.4.2/NRD90M/381180401:user/release-keys'
I/DEBUG   (25081): Revision: '0'
I/DEBUG   (25081): pid: 25750, tid: 25750, name: dhoclabs.burner  >>> com.adhoclabs.burner <<<
I/DEBUG   (25081): signal 6 (SIGABRT), code -6 (SI_TKILL), fault addr --------
I/DEBUG   (25081):     eax 00000000  ebx 00006496  ecx 00006496  edx 00000006
I/DEBUG   (25081):     esi 00006496  edi 0000000c
I/DEBUG   (25081):     xcs 00000073  xds 0000007b  xes 0000007b  xfs 00000000  xss 0000007b
I/DEBUG   (25081):     eip b77320d6  ebp b779bce0  esp bffaa990  flags 00200207
I/DEBUG   (25081): 
I/DEBUG   (25081): backtrace:
I/DEBUG   (25081):     #00  pc 0003c0d6  /system/lib/libc.so (tgkill+22)
I/DEBUG   (25081):     #01  pc 00000005  <unknown>
I/DEBUG   (25081): 
I/DEBUG   (25081): stack:
I/DEBUG   (25081):          bffaa950  00000000  
I/DEBUG   (25081):          bffaa954  b7797268  /system/lib/libc.so
I/DEBUG   (25081):          bffaa958  00000000  
I/DEBUG   (25081):          bffaa95c  b7703f39  /system/lib/libc.so (pthread_mutex_unlock+25)
I/DEBUG   (25081):          bffaa960  b779718c  /system/lib/libc.so
I/DEBUG   (25081):          bffaa964  b8657b50  [heap]
I/DEBUG   (25081):          bffaa968  00000015  
I/DEBUG   (25081):          bffaa96c  b7703f39  /system/lib/libc.so (pthread_mutex_unlock+25)
I/DEBUG   (25081):          bffaa970  00000000  
I/DEBUG   (25081):          bffaa974  b7750926  /system/lib/libc.so (funlockfile+6)
I/DEBUG   (25081):          bffaa978  b7796fcc  /system/lib/libc.so
I/DEBUG   (25081):          bffaa97c  b773c006  /system/lib/libc.so (__sflush_locked+150)
I/DEBUG   (25081):          bffaa980  00000000  
I/DEBUG   (25081):          bffaa984  00000000  
I/DEBUG   (25081):          bffaa988  b7703d69  /system/lib/libc.so (pthread_mutex_lock+9)
I/DEBUG   (25081):          bffaa98c  b7796fcc  /system/lib/libc.so
I/DEBUG   (25081):     #00  bffaa990  00000006  
I/DEBUG   (25081):          bffaa994  00006496  
I/DEBUG   (25081):          bffaa998  b7796fcc  /system/lib/libc.so
I/DEBUG   (25081):          bffaa99c  b770e4a6  /system/lib/libc.so (pthread_kill+102)
I/DEBUG   (25081):          bffaa9a0  00006496  
I/DEBUG   (25081):          bffaa9a4  00006496  
I/DEBUG   (25081):          bffaa9a8  00000006  
I/DEBUG   (25081):          bffaa9ac  00000000  
I/DEBUG   (25081):          bffaa9b0  b7797268  /system/lib/libc.so
I/DEBUG   (25081):          bffaa9b4  01455000  
I/DEBUG   (25081):          bffaa9b8  b770e449  /system/lib/libc.so (pthread_kill+9)
I/DEBUG   (25081):          bffaa9bc  b7796fcc  /system/lib/libc.so
I/DEBUG   (25081):          bffaa9c0  bffaaa0c  [stack]
I/DEBUG   (25081):          bffaa9c4  bffaac40  [stack]
I/DEBUG   (25081):          bffaa9c8  00000000  
I/DEBUG   (25081):          bffaa9cc  b770e82c  /system/lib/libc.so (raise+44)
I/Process (  464): Sending signal. PID: 25750 SIG: 9
I/DEBUG   (25081): ptrace detach from 25750 failed: No such process
I/DEBUG   (25081): debuggerd committing suicide to free the zombie!
I/BootReceiver(  464): Copying /data/tombstones/tombstone_04 to DropBox (SYSTEM_TOMBSTONE)
W/ActivityManager(  464): Force-killing crashed app com.adhoclabs.burner at watcher's request
W/ContextImpl(  464): Calling a method in the system process without a qualified user: android.app.ContextImpl.sendBroadcast:1123 com.android.server.am.ActivityManagerService.handleApplicationCrashInner:9670 com.android.server.am.NativeCrashListener$NativeCrashReporter.run:86 <bottom of call stack> <bottom of call stack> 
I/ActivityManager(  464): Process com.adhoclabs.burner (pid 25750) has died.
W/NetworkManagementSocketTagger(  464): setKernelCountSet(10091, 0) failed with errno -13
I/InputDispatcher(  464): Dropping event because there is no focused window or focused application.
I/InputDispatcher(  464): Dropping event because there is no focused window or focused application.
W/ActivityManager(  464): Force removing ActivityRecord{4a98f340 u0 com.adhoclabs.burner/.LoadingActivity t180}: app died, no saved state
W/InputManager(  464): Input event injection from pid 24538 failed.
W/InputManager(  464): Input event injection from pid 24538 failed.
W/InputManager(  464): Input event injection from pid 24538 failed.
I/DEBUG   (25786): debuggerd: Sep  7 2017 16:04:41
W/InputManager(  464): Input event injection from pid 24538 failed.
W/InputManager(  464): Input event injection from pid 24538 failed.
W/InputManager(  464): Input event injection from pid 24538 failed.
W/InputManager(  464): Input event injection from pid 24538 failed.
W/InputManager(  464): Input event injection from pid 24538 failed.
W/InputManager(  464): Input event injection from pid 24538 failed.
D/FirebaseApp(24744): Notifying background state change listeners.
V/PanelView(  532): animationTick called with dtms=0; nothing to do (h=0.0 v=0.0)
V/PanelView(  532): animationTick called with dtms=-1; nothing to do (h=0.0 v=0.0)
I/InputDispatcher(  464): Dropping event because there is no focused window or focused application.
W/InputManager(  464): Input event injection from pid 24538 failed.
W/EGL_emulation(24744): eglSurfaceAttrib not implemented 3093 12436
W/InputMethodManagerService(  464): Window already focused, ignoring focus gain of: com.android.internal.view.IInputMethodClient$Stub$Proxy@4a80d590 attribute=null, token = android.os.BinderProxy@4aa03b70
D/dalvikvm(  464): GC_CONCURRENT freed 2544K, 43% free 12104K/21164K, paused 3ms+3ms, total 64ms
D/dalvikvm(  713): GC_EXPLICIT freed 717K, 44% free 9161K/16220K, paused 1ms+8ms, total 28ms
W/DebugConnManager(24744): getNetworkInfo() on networkType 1
I/ActivityManager(  464): START u0 {act=android.intent.action.VIEW dat=http://launcher.us.yeshen.com/api/app/detail?id=com.miniclip.eightballpool flg=0x10000000 cmp=com.android.browser/.BrowserActivity} from pid 24744
W/DebugConnManager(24744): getNetworkInfo() on networkType 1
I/ActivityManager(  464): START u0 {act=android.intent.action.VIEW dat=http://launcher.us.yeshen.com/api/app/detail?id=com.cauagamesoft.carrossocadosbrasil flg=0x10000000 cmp=com.android.browser/.BrowserActivity} from pid 24744
I/ActivityManager(  464): START u0 {act=android.intent.action.MAIN cat=[android.intent.category.LAUNCHER] flg=0x10200000 cmp=com.adhoclabs.burner/.LoadingActivity} from pid 24538
D/yeshen  (24744): launcher onpause
I/ActivityManager(  464): Start proc com.adhoclabs.burner for activity com.adhoclabs.burner/.LoadingActivity: pid=25795 uid=10091 gids={50091, 3003, 1028, 1015, 1023}
W/ViewRootImpl(24744): Dropping event due to no window focus: KeyEvent { action=ACTION_MULTIPLE, keyCode=KEYCODE_DPAD_DOWN, scanCode=0, metaState=0, flags=0x400, repeatCount=2, eventTime=3258483, downTime=3258483, deviceId=-1, source=0x101 }
W/ViewRootImpl(24744): Dropping event due to no window focus: KeyEvent { action=ACTION_DOWN, keyCode=KEYCODE_DPAD_DOWN, scanCode=0, metaState=0, flags=0x400, repeatCount=0, eventTime=3258483, downTime=3258483, deviceId=-1, source=0x101 }
W/ViewRootImpl(24744): Dropping event due to no window focus: KeyEvent { action=ACTION_DOWN, keyCode=KEYCODE_DPAD_DOWN, scanCode=0, metaState=0, flags=0x400, repeatCount=0, eventTime=3258483, downTime=3258483, deviceId=-1, source=0x101 }
W/ViewRootImpl(24744): Dropping event due to no window focus: KeyEvent { action=ACTION_DOWN, keyCode=KEYCODE_DPAD_DOWN, scanCode=0, metaState=0, flags=0x400, repeatCount=0, eventTime=3258483, downTime=3258483, deviceId=-1, source=0x101 }
W/NetworkManagementSocketTagger(  464): setKernelCountSet(10091, 1) failed with errno -13
I/dalvikvm(25795): ignoring registerObject request in thread=1
I/dalvikvm(25795): ignoring registerObject request in thread=1
W/DebugConnManager(24744): getNetworkInfo() on networkType 1
D/yeshen  (24744): launcher onstop
I/dalvikvm(25795): Could not find method android.app.Notification$Builder.setLocalOnly, referenced from method com.google.android.gms.common.GooglePlayServicesUtil.zza
W/dalvikvm(25795): VFY: unable to resolve virtual method 261: Landroid/app/Notification$Builder;.setLocalOnly (Z)Landroid/app/Notification$Builder;
D/dalvikvm(25795): VFY: replacing opcode 0x6e at 0x0100
I/dalvikvm(25795): Could not find method android.content.pm.PackageManager.getPackageInstaller, referenced from method com.google.android.gms.common.GooglePlayServicesUtil.zzh
W/dalvikvm(25795): VFY: unable to resolve virtual method 489: Landroid/content/pm/PackageManager;.getPackageInstaller ()Landroid/content/pm/PackageInstaller;
D/FirebaseApp(24744): Notifying background state change listeners.
D/Tinker.DefaultAppLike(24744): onTrimMemory level:20
D/dalvikvm(25795): VFY: replacing opcode 0x6e at 0x000a
W/DebugConnManager(24744): getNetworkInfo() on networkType 1
I/ActivityManager(  464): START u0 {act=android.intent.action.VIEW dat=http://launcher.us.yeshen.com/api/app/detail?id=me.pou.app flg=0x10000000 cmp=com.android.browser/.BrowserActivity} from pid 24744
D/dalvikvm(25795): JIT code cache reset in 0 ms (0 bytes 1/0)
D/dalvikvm(25795): GC_CONCURRENT freed 261K, 10% free 2928K/3244K, paused 0ms+1ms, total 3ms
I/GMPM    (25795): App measurement is starting up
E/GMPM    (25795): getGoogleAppId failed with status: 10
E/GMPM    (25795): Uploading is not possible. App measurement disabled
D/dalvikvm(25795): GC_CONCURRENT freed 324K, 11% free 3112K/3480K, paused 2ms+2ms, total 7ms
D/dalvikvm(25795): GC_CONCURRENT freed 164K, 6% free 3450K/3668K, paused 2ms+2ms, total 10ms
D/dalvikvm(25795): GC_CONCURRENT freed 184K, 7% free 3764K/4016K, paused 2ms+0ms, total 9ms
D/dalvikvm(25795): WAIT_FOR_CONCURRENT_GC blocked 3ms
D/dalvikvm(25795): WAIT_FOR_CONCURRENT_GC blocked 4ms
D/dalvikvm(25795): WAIT_FOR_CONCURRENT_GC blocked 4ms
D/dalvikvm(25795): WAIT_FOR_CONCURRENT_GC blocked 6ms
D/dalvikvm(25795): GC_CONCURRENT freed 143K, 6% free 4110K/4328K, paused 0ms+2ms, total 15ms
D/dalvikvm(25795): WAIT_FOR_CONCURRENT_GC blocked 2ms
D/dalvikvm(25795): WAIT_FOR_CONCURRENT_GC blocked 4ms
D/dalvikvm(25795): WAIT_FOR_CONCURRENT_GC blocked 6ms
D/dalvikvm(25795): GC_CONCURRENT freed 353K, 11% free 4145K/4612K, paused 2ms+1ms, total 4ms
W/ImageLoader(25795): memoryCache() and memoryCacheSize() calls overlap each other
W/ImageLoader(25795): memoryCache() and memoryCacheSize() calls overlap each other
D/dalvikvm(25795): GC_CONCURRENT freed 1211K, 28% free 3328K/4616K, paused 2ms+1ms, total 7ms
D/dalvikvm(25795): GC_CONCURRENT freed 198K, 24% free 3514K/4616K, paused 3ms+1ms, total 6ms
D/dalvikvm(25795): GC_CONCURRENT freed 205K, 18% free 3820K/4616K, paused 2ms+0ms, total 8ms
D/dalvikvm(25795): WAIT_FOR_CONCURRENT_GC blocked 2ms
D/dalvikvm(25795): WAIT_FOR_CONCURRENT_GC blocked 3ms
W/dalvikvm(25795): VFY: unable to find class referenced in signature (Lokhttp3/Request;)
W/dalvikvm(25795): VFY: unable to find class referenced in signature (Lokhttp3/Response;)
I/dalvikvm(25795): Could not find method okhttp3.Response.headers, referenced from method empirical.HelperClass.printOkHttpInfo
W/dalvikvm(25795): VFY: unable to resolve virtual method 50496: Lokhttp3/Response;.headers ()Lokhttp3/Headers;
D/dalvikvm(25795): VFY: replacing opcode 0x6e at 0x0006
W/dalvikvm(25795): VFY: unable to find class referenced in signature (Lokhttp3/Call;)
W/dalvikvm(25795): VFY: unable to find class referenced in signature (Lokhttp3/Response;)
I/dalvikvm(25795): Could not find method okhttp3.Call.request, referenced from method empirical.HelperClass.printOkHttpInfoFromCall
W/dalvikvm(25795): VFY: unable to resolve interface method 50490: Lokhttp3/Call;.request ()Lokhttp3/Request;
D/dalvikvm(25795): VFY: replacing opcode 0x72 at 0x0006
I/System.out(25795): body:<com.mixpanel.android.mpmetrics.DecideChecker: java.lang.String getDecideResponseFromServer(java.lang.String,java.lang.String,com.mixpanel.android.util.RemoteService)>	sig:$r1 = staticinvoke <java.net.URLEncoder: java.lang.String encode(java.lang.String,java.lang.String)>($r1, "utf-8")	timediff:0
I/System.out(25795): body:<com.mixpanel.android.mpmetrics.DecideChecker: java.lang.String getDecideResponseFromServer(java.lang.String,java.lang.String,com.mixpanel.android.util.RemoteService)>	sig:$r2 = staticinvoke <java.net.URLEncoder: java.lang.String encode(java.lang.String,java.lang.String)>($r2, "utf-8")	timediff:0
I/System.out(25795): body:<com.mixpanel.android.util.HttpService: byte[] performRequest(java.lang.String,java.util.List,javax.net.ssl.SSLSocketFactory)>	sig:specialinvoke $r12.<java.net.URL: void <init>(java.lang.String)>($r1)	timediff:0
I/System.out(25795): <com.mixpanel.android.util.HttpService: byte[] performRequest(java.lang.String,java.util.List,javax.net.ssl.SSLSocketFactory)>###specialinvoke $r12.<java.net.URL: void <init>(java.lang.String)>($r1)###https://decide.mixpanel.com/decide?version=1&lib=android&token=5768676e801ed29641ac9dc52d31112c&distinct_id=c0a7c043-5c36-47f1-b976-c0b3b4be9e85
I/System.out(25795): body:<com.mixpanel.android.util.HttpService: byte[] performRequest(java.lang.String,java.util.List,javax.net.ssl.SSLSocketFactory)>	sig:$r9 = virtualinvoke $r12.<java.net.URL: java.net.URLConnection openConnection()>()	timediff:1
I/System.out(25795): body:<com.mixpanel.android.util.HttpService: byte[] performRequest(java.lang.String,java.util.List,javax.net.ssl.SSLSocketFactory)>	sig:virtualinvoke $r13.<java.net.HttpURLConnection: void setConnectTimeout(int)>(2000)	timediff:0
I/System.out(25795): body:<com.mixpanel.android.util.HttpService: byte[] performRequest(java.lang.String,java.util.List,javax.net.ssl.SSLSocketFactory)>	sig:virtualinvoke $r13.<java.net.HttpURLConnection: void setReadTimeout(int)>(10000)	timediff:0
D/dalvikvm(25795): GC_CONCURRENT freed 165K, 12% free 4080K/4616K, paused 2ms+3ms, total 7ms
D/dalvikvm(25795): GC_CONCURRENT freed 130K, 5% free 4438K/4644K, paused 2ms+0ms, total 6ms
D/dalvikvm(25795): WAIT_FOR_CONCURRENT_GC blocked 3ms
D/dalvikvm(25795): GC_CONCURRENT freed 139K, 5% free 4726K/4956K, paused 3ms+1ms, total 8ms
D/dalvikvm(25795): GC_CONCURRENT freed 156K, 5% free 5119K/5372K, paused 3ms+2ms, total 9ms
D/dalvikvm(25795): GC_CONCURRENT freed 207K, 6% free 5635K/5952K, paused 3ms+1ms, total 9ms
D/dalvikvm(25795): WAIT_FOR_CONCURRENT_GC blocked 4ms
D/dalvikvm(25795): GC_FOR_ALLOC freed 512K, 11% free 5798K/6492K, paused 5ms, total 5ms
D/dalvikvm(25795): GC_FOR_ALLOC freed 126K, 9% free 5926K/6492K, paused 4ms, total 4ms
D/dalvikvm(25795): GC_FOR_ALLOC freed 254K, 12% free 6182K/7004K, paused 4ms, total 4ms
I/dalvikvm-heap(25795): Grow heap (frag case) to 6.466MB for 399328-byte allocation
D/dalvikvm(25795): GC_FOR_ALLOC freed 510K, 19% free 6061K/7396K, paused 7ms, total 8ms
D/dalvikvm(25795): GC_FOR_ALLOC freed 244K, 15% free 6318K/7396K, paused 6ms, total 6ms
I/dalvikvm-heap(25795): Grow heap (frag case) to 6.714MB for 520408-byte allocation
D/dalvikvm(25795): GC_FOR_ALLOC freed 254K, 17% free 6572K/7908K, paused 8ms, total 9ms
D/dalvikvm(25795): GC_FOR_ALLOC freed 749K, 16% free 6708K/7908K, paused 5ms, total 6ms
D/dalvikvm(25795): GC_CONCURRENT freed 870K, 12% free 7106K/8068K, paused 2ms+2ms, total 10ms
D/dalvikvm(25795): GC_CONCURRENT freed 415K, 6% free 8133K/8600K, paused 6ms+0ms, total 13ms
D/dalvikvm(25795): WAIT_FOR_CONCURRENT_GC blocked 6ms
D/dalvikvm(25795): WAIT_FOR_CONCURRENT_GC blocked 9ms
D/dalvikvm(25795): GC_CONCURRENT freed 1216K, 13% free 8672K/9932K, paused 3ms+3ms, total 17ms
D/dalvikvm(25795): GC_CONCURRENT freed 566K, 6% free 9943K/10564K, paused 2ms+0ms, total 11ms
E/dalvikvm(25795): Bogus static initialization: value type 23 in field type Ljava/lang/CharSequence; for Lcom/adhoclabs/burner/ExternalVariablesManager; at index 0
E/dalvikvm(25795): VM aborting
F/libc    (25795): Fatal signal 6 (SIGABRT) at 0x000064c3 (code=-6), thread 25795 (dhoclabs.burner)
I/DEBUG   (25786): *** *** *** *** *** *** *** *** *** *** *** *** *** *** *** ***
I/DEBUG   (25786): Build fingerprint: 'samsung/SM-G955N/dream2lteks:4.4.2/NRD90M/381180401:user/release-keys'
I/DEBUG   (25786): Revision: '0'
I/DEBUG   (25786): pid: 25795, tid: 25795, name: dhoclabs.burner  >>> com.adhoclabs.burner <<<
I/DEBUG   (25786): signal 6 (SIGABRT), code -6 (SI_TKILL), fault addr --------
I/DEBUG   (25786):     eax 00000000  ebx 000064c3  ecx 000064c3  edx 00000006
I/DEBUG   (25786):     esi 000064c3  edi 0000000c
I/DEBUG   (25786):     xcs 00000073  xds 0000007b  xes 0000007b  xfs 00000000  xss 0000007b
I/DEBUG   (25786):     eip b77320d6  ebp b779bce0  esp bffaa990  flags 00200203
I/DEBUG   (25786): 
I/DEBUG   (25786): backtrace:
I/DEBUG   (25786):     #00  pc 0003c0d6  /system/lib/libc.so (tgkill+22)
I/DEBUG   (25786):     #01  pc 00000005  <unknown>
I/DEBUG   (25786): 
I/DEBUG   (25786): stack:
I/DEBUG   (25786):          bffaa950  00000000  
I/DEBUG   (25786):          bffaa954  b7797268  /system/lib/libc.so
I/DEBUG   (25786):          bffaa958  00000000  
I/DEBUG   (25786):          bffaa95c  b7703f39  /system/lib/libc.so (pthread_mutex_unlock+25)
I/DEBUG   (25786):          bffaa960  b779718c  /system/lib/libc.so
I/DEBUG   (25786):          bffaa964  b8657b50  [heap]
I/DEBUG   (25786):          bffaa968  00000015  
I/DEBUG   (25786):          bffaa96c  b7703f39  /system/lib/libc.so (pthread_mutex_unlock+25)
I/DEBUG   (25786):          bffaa970  00000000  
I/DEBUG   (25786):          bffaa974  b7750926  /system/lib/libc.so (funlockfile+6)
I/DEBUG   (25786):          bffaa978  b7796fcc  /system/lib/libc.so
I/DEBUG   (25786):          bffaa97c  b773c006  /system/lib/libc.so (__sflush_locked+150)
I/DEBUG   (25786):          bffaa980  00000000  
I/DEBUG   (25786):          bffaa984  00000000  
I/DEBUG   (25786):          bffaa988  b7703d69  /system/lib/libc.so (pthread_mutex_lock+9)
I/DEBUG   (25786):          bffaa98c  b7796fcc  /system/lib/libc.so
I/DEBUG   (25786):     #00  bffaa990  00000006  
I/DEBUG   (25786):          bffaa994  000064c3  
I/DEBUG   (25786):          bffaa998  b7796fcc  /system/lib/libc.so
I/DEBUG   (25786):          bffaa99c  b770e4a6  /system/lib/libc.so (pthread_kill+102)
I/DEBUG   (25786):          bffaa9a0  000064c3  
I/DEBUG   (25786):          bffaa9a4  000064c3  
I/DEBUG   (25786):          bffaa9a8  00000006  
I/DEBUG   (25786):          bffaa9ac  00000000  
I/DEBUG   (25786):          bffaa9b0  b7797268  /system/lib/libc.so
I/DEBUG   (25786):          bffaa9b4  44444044  
I/DEBUG   (25786):          bffaa9b8  b770e449  /system/lib/libc.so (pthread_kill+9)
I/DEBUG   (25786):          bffaa9bc  b7796fcc  /system/lib/libc.so
I/DEBUG   (25786):          bffaa9c0  bffaaa0c  [stack]
I/DEBUG   (25786):          bffaa9c4  bffaac40  [stack]
I/DEBUG   (25786):          bffaa9c8  00000000  
I/DEBUG   (25786):          bffaa9cc  b770e82c  /system/lib/libc.so (raise+44)
I/BootReceiver(  464): Copying /data/tombstones/tombstone_09 to DropBox (SYSTEM_TOMBSTONE)
W/NetworkManagementSocketTagger(  464): setKernelCountSet(10091, 0) failed with errno -13
I/ActivityManager(  464): Process com.adhoclabs.burner (pid 25795) has died.
I/ActivityManager(  464): Start proc com.adhoclabs.burner for activity com.adhoclabs.burner/.LoadingActivity: pid=25830 uid=10091 gids={50091, 3003, 1028, 1015, 1023}
W/ActivityManager(  464): Force-killing crashed app com.adhoclabs.burner at watcher's request
W/ContextImpl(  464): Calling a method in the system process without a qualified user: android.app.ContextImpl.sendBroadcast:1123 com.android.server.am.ActivityManagerService.handleApplicationCrashInner:9670 com.android.server.am.NativeCrashListener$NativeCrashReporter.run:86 <bottom of call stack> <bottom of call stack> 
D/Zygote  (  168): Process 25795 terminated by signal (6)
W/NetworkManagementSocketTagger(  464): setKernelCountSet(10091, 1) failed with errno -13
I/dalvikvm(25830): ignoring registerObject request in thread=1
I/dalvikvm(25830): ignoring registerObject request in thread=1
I/dalvikvm(25830): Could not find method android.app.Notification$Builder.setLocalOnly, referenced from method com.google.android.gms.common.GooglePlayServicesUtil.zza
W/dalvikvm(25830): VFY: unable to resolve virtual method 261: Landroid/app/Notification$Builder;.setLocalOnly (Z)Landroid/app/Notification$Builder;
D/dalvikvm(25830): VFY: replacing opcode 0x6e at 0x0100
I/dalvikvm(25830): Could not find method android.content.pm.PackageManager.getPackageInstaller, referenced from method com.google.android.gms.common.GooglePlayServicesUtil.zzh
W/dalvikvm(25830): VFY: unable to resolve virtual method 489: Landroid/content/pm/PackageManager;.getPackageInstaller ()Landroid/content/pm/PackageInstaller;
D/dalvikvm(25830): VFY: replacing opcode 0x6e at 0x000a
D/dalvikvm(25830): JIT code cache reset in 0 ms (0 bytes 1/0)
D/dalvikvm(25830): GC_CONCURRENT freed 256K, 10% free 2926K/3236K, paused 0ms+0ms, total 4ms
I/GMPM    (25830): App measurement is starting up
E/GMPM    (25830): getGoogleAppId failed with status: 10
E/GMPM    (25830): Uploading is not possible. App measurement disabled
D/dalvikvm(25830): GC_CONCURRENT freed 322K, 12% free 3061K/3444K, paused 2ms+0ms, total 3ms
D/dalvikvm(25830): GC_CONCURRENT freed 144K, 6% free 3416K/3620K, paused 3ms+0ms, total 5ms
D/dalvikvm(25830): GC_CONCURRENT freed 145K, 4% free 3828K/3972K, paused 0ms+3ms, total 13ms
D/dalvikvm(25830): WAIT_FOR_CONCURRENT_GC blocked 1ms
D/dalvikvm(25830): GC_CONCURRENT freed 186K, 7% free 4126K/4392K, paused 2ms+2ms, total 7ms
D/dalvikvm(25830): WAIT_FOR_CONCURRENT_GC blocked 4ms
D/dalvikvm(25830): WAIT_FOR_CONCURRENT_GC blocked 4ms
D/dalvikvm(25830): GC_CONCURRENT freed 408K, 12% free 4162K/4680K, paused 2ms+1ms, total 8ms
W/ImageLoader(25830): memoryCache() and memoryCacheSize() calls overlap each other
W/ImageLoader(25830): memoryCache() and memoryCacheSize() calls overlap each other
D/dalvikvm(25830): GC_CONCURRENT freed 1196K, 27% free 3467K/4728K, paused 0ms+1ms, total 4ms
D/dalvikvm(25830): WAIT_FOR_CONCURRENT_GC blocked 4ms
D/dalvikvm(25830): GC_CONCURRENT freed 285K, 25% free 3568K/4728K, paused 2ms+0ms, total 5ms
W/dalvikvm(25830): VFY: unable to find class referenced in signature (Lokhttp3/Request;)
W/dalvikvm(25830): VFY: unable to find class referenced in signature (Lokhttp3/Response;)
I/dalvikvm(25830): Could not find method okhttp3.Response.headers, referenced from method empirical.HelperClass.printOkHttpInfo
W/dalvikvm(25830): VFY: unable to resolve virtual method 50496: Lokhttp3/Response;.headers ()Lokhttp3/Headers;
D/dalvikvm(25830): VFY: replacing opcode 0x6e at 0x0006
W/dalvikvm(25830): VFY: unable to find class referenced in signature (Lokhttp3/Call;)
W/dalvikvm(25830): VFY: unable to find class referenced in signature (Lokhttp3/Response;)
I/dalvikvm(25830): Could not find method okhttp3.Call.request, referenced from method empirical.HelperClass.printOkHttpInfoFromCall
W/dalvikvm(25830): VFY: unable to resolve interface method 50490: Lokhttp3/Call;.request ()Lokhttp3/Request;
D/dalvikvm(25830): VFY: replacing opcode 0x72 at 0x0006
I/System.out(25830): body:<com.mixpanel.android.mpmetrics.DecideChecker: java.lang.String getDecideResponseFromServer(java.lang.String,java.lang.String,com.mixpanel.android.util.RemoteService)>	sig:$r1 = staticinvoke <java.net.URLEncoder: java.lang.String encode(java.lang.String,java.lang.String)>($r1, "utf-8")	timediff:0
I/System.out(25830): body:<com.mixpanel.android.mpmetrics.DecideChecker: java.lang.String getDecideResponseFromServer(java.lang.String,java.lang.String,com.mixpanel.android.util.RemoteService)>	sig:$r2 = staticinvoke <java.net.URLEncoder: java.lang.String encode(java.lang.String,java.lang.String)>($r2, "utf-8")	timediff:0
D/dalvikvm(25830): GC_CONCURRENT freed 187K, 18% free 3892K/4728K, paused 0ms+1ms, total 7ms
D/dalvikvm(25830): WAIT_FOR_CONCURRENT_GC blocked 5ms
D/dalvikvm(25830): WAIT_FOR_CONCURRENT_GC blocked 5ms
I/System.out(25830): body:<com.mixpanel.android.util.HttpService: byte[] performRequest(java.lang.String,java.util.List,javax.net.ssl.SSLSocketFactory)>	sig:specialinvoke $r12.<java.net.URL: void <init>(java.lang.String)>($r1)	timediff:3
I/System.out(25830): <com.mixpanel.android.util.HttpService: byte[] performRequest(java.lang.String,java.util.List,javax.net.ssl.SSLSocketFactory)>###specialinvoke $r12.<java.net.URL: void <init>(java.lang.String)>($r1)###https://decide.mixpanel.com/decide?version=1&lib=android&token=5768676e801ed29641ac9dc52d31112c&distinct_id=c0a7c043-5c36-47f1-b976-c0b3b4be9e85
D/dalvikvm(25830): GC_CONCURRENT freed 147K, 10% free 4257K/4728K, paused 2ms+0ms, total 5ms
D/dalvikvm(25830): WAIT_FOR_CONCURRENT_GC blocked 3ms
D/dalvikvm(25830): WAIT_FOR_CONCURRENT_GC blocked 3ms
I/System.out(25830): body:<com.mixpanel.android.util.HttpService: byte[] performRequest(java.lang.String,java.util.List,javax.net.ssl.SSLSocketFactory)>	sig:$r9 = virtualinvoke $r12.<java.net.URL: java.net.URLConnection openConnection()>()	timediff:6
I/System.out(25830): body:<com.mixpanel.android.util.HttpService: byte[] performRequest(java.lang.String,java.util.List,javax.net.ssl.SSLSocketFactory)>	sig:virtualinvoke $r13.<java.net.HttpURLConnection: void setConnectTimeout(int)>(2000)	timediff:0
I/System.out(25830): body:<com.mixpanel.android.util.HttpService: byte[] performRequest(java.lang.String,java.util.List,javax.net.ssl.SSLSocketFactory)>	sig:virtualinvoke $r13.<java.net.HttpURLConnection: void setReadTimeout(int)>(10000)	timediff:0
D/dalvikvm(25830): GC_CONCURRENT freed 117K, 5% free 4523K/4732K, paused 3ms+1ms, total 6ms
D/dalvikvm(25830): GC_CONCURRENT freed 157K, 5% free 4911K/5156K, paused 2ms+1ms, total 6ms
D/dalvikvm(25830): WAIT_FOR_CONCURRENT_GC blocked 2ms
D/dalvikvm(25830): GC_CONCURRENT freed 186K, 6% free 5391K/5676K, paused 0ms+1ms, total 5ms
D/dalvikvm(25830): WAIT_FOR_CONCURRENT_GC blocked 4ms
D/dalvikvm(25830): GC_CONCURRENT freed 505K, 10% free 5682K/6308K, paused 1ms+0ms, total 6ms
D/dalvikvm(25830): WAIT_FOR_CONCURRENT_GC blocked 5ms
D/dalvikvm(25830): GC_FOR_ALLOC freed 238K, 10% free 5930K/6564K, paused 3ms, total 4ms
I/dalvikvm-heap(25830): Grow heap (frag case) to 6.337MB for 521606-byte allocation
D/dalvikvm(25830): GC_FOR_ALLOC freed 254K, 13% free 6185K/7076K, paused 6ms, total 6ms
I/dalvikvm-heap(25830): Grow heap (frag case) to 6.470MB for 399328-byte allocation
D/dalvikvm(25830): GC_FOR_ALLOC freed 510K, 19% free 6065K/7468K, paused 4ms, total 4ms
D/dalvikvm(25830): GC_CONCURRENT freed 244K, 9% free 6829K/7468K, paused 2ms+1ms, total 8ms
D/dalvikvm(25830): GC_FOR_ALLOC freed 1003K, 18% free 6711K/8116K, paused 6ms, total 6ms
D/dalvikvm(25830): GC_FOR_ALLOC freed 254K, 15% free 6965K/8116K, paused 3ms, total 4ms
I/dalvikvm-heap(25830): Grow heap (frag case) to 7.232MB for 399215-byte allocation
D/dalvikvm(25830): GC_FOR_ALLOC freed 509K, 20% free 6846K/8508K, paused 4ms, total 4ms
D/dalvikvm(25830): GC_CONCURRENT freed 393K, 9% free 7809K/8508K, paused 0ms+1ms, total 7ms
D/dalvikvm(25830): WAIT_FOR_CONCURRENT_GC blocked 4ms
D/dalvikvm(25830): GC_CONCURRENT freed 486K, 6% free 9002K/9540K, paused 0ms+1ms, total 17ms
D/dalvikvm(25830): WAIT_FOR_CONCURRENT_GC blocked 7ms
D/dalvikvm(25830): GC_CONCURRENT freed 1331K, 13% free 9722K/11108K, paused 5ms+1ms, total 15ms
E/dalvikvm(25830): Bogus static initialization: value type 23 in field type Ljava/lang/CharSequence; for Lcom/adhoclabs/burner/ExternalVariablesManager; at index 0
E/dalvikvm(25830): VM aborting
F/libc    (25830): Fatal signal 6 (SIGABRT) at 0x000064e6 (code=-6), thread 25830 (dhoclabs.burner)
I/DEBUG   (25786): *** *** *** *** *** *** *** *** *** *** *** *** *** *** *** ***
I/DEBUG   (25786): Build fingerprint: 'samsung/SM-G955N/dream2lteks:4.4.2/NRD90M/381180401:user/release-keys'
I/DEBUG   (25786): Revision: '0'
I/DEBUG   (25786): pid: 25830, tid: 25830, name: dhoclabs.burner  >>> com.adhoclabs.burner <<<
I/DEBUG   (25786): signal 6 (SIGABRT), code -6 (SI_TKILL), fault addr --------
I/DEBUG   (25786):     eax 00000000  ebx 000064e6  ecx 000064e6  edx 00000006
I/DEBUG   (25786):     esi 000064e6  edi 0000000c
I/DEBUG   (25786):     xcs 00000073  xds 0000007b  xes 0000007b  xfs 00000000  xss 0000007b
I/DEBUG   (25786):     eip b77320d6  ebp b779bce0  esp bffaa990  flags 00200203
I/DEBUG   (25786): 
I/DEBUG   (25786): backtrace:
I/DEBUG   (25786):     #00  pc 0003c0d6  /system/lib/libc.so (tgkill+22)
I/DEBUG   (25786):     #01  pc 00000005  <unknown>
I/DEBUG   (25786): 
I/DEBUG   (25786): stack:
I/DEBUG   (25786):          bffaa950  00000000  
I/DEBUG   (25786):          bffaa954  b7797268  /system/lib/libc.so
I/DEBUG   (25786):          bffaa958  00000000  
I/DEBUG   (25786):          bffaa95c  b7703f39  /system/lib/libc.so (pthread_mutex_unlock+25)
I/DEBUG   (25786):          bffaa960  b779718c  /system/lib/libc.so
I/DEBUG   (25786):          bffaa964  b8657b50  [heap]
I/DEBUG   (25786):          bffaa968  00000015  
I/DEBUG   (25786):          bffaa96c  b7703f39  /system/lib/libc.so (pthread_mutex_unlock+25)
I/DEBUG   (25786):          bffaa970  00000000  
I/DEBUG   (25786):          bffaa974  b7750926  /system/lib/libc.so (funlockfile+6)
I/DEBUG   (25786):          bffaa978  b7796fcc  /system/lib/libc.so
I/DEBUG   (25786):          bffaa97c  b773c006  /system/lib/libc.so (__sflush_locked+150)
I/DEBUG   (25786):          bffaa980  00000000  
I/DEBUG   (25786):          bffaa984  00000000  
I/DEBUG   (25786):          bffaa988  b7703d69  /system/lib/libc.so (pthread_mutex_lock+9)
I/DEBUG   (25786):          bffaa98c  b7796fcc  /system/lib/libc.so
I/DEBUG   (25786):     #00  bffaa990  00000006  
I/DEBUG   (25786):          bffaa994  000064e6  
I/DEBUG   (25786):          bffaa998  b7796fcc  /system/lib/libc.so
I/DEBUG   (25786):          bffaa99c  b770e4a6  /system/lib/libc.so (pthread_kill+102)
I/DEBUG   (25786):          bffaa9a0  000064e6  
I/DEBUG   (25786):          bffaa9a4  000064e6  
I/DEBUG   (25786):          bffaa9a8  00000006  
I/DEBUG   (25786):          bffaa9ac  00000000  
I/DEBUG   (25786):          bffaa9b0  b7797268  /system/lib/libc.so
I/DEBUG   (25786):          bffaa9b4  54541540  
I/DEBUG   (25786):          bffaa9b8  b770e449  /system/lib/libc.so (pthread_kill+9)
I/DEBUG   (25786):          bffaa9bc  b7796fcc  /system/lib/libc.so
I/DEBUG   (25786):          bffaa9c0  bffaaa0c  [stack]
I/DEBUG   (25786):          bffaa9c4  bffaac40  [stack]
I/DEBUG   (25786):          bffaa9c8  00000000  
I/DEBUG   (25786):          bffaa9cc  b770e82c  /system/lib/libc.so (raise+44)
I/BootReceiver(  464): Copying /data/tombstones/tombstone_00 to DropBox (SYSTEM_TOMBSTONE)
I/Process (  464): Sending signal. PID: 25830 SIG: 9
W/ActivityManager(  464): Force-killing crashed app com.adhoclabs.burner at watcher's request
W/NetworkManagementSocketTagger(  464): setKernelCountSet(10091, 0) failed with errno -13
I/ActivityManager(  464): Process com.adhoclabs.burner (pid 25830) has died.
