--------- beginning of /dev/log/main
W/Finsky  (  965): [1] com.google.android.finsky.wear.cd.run(12): Dropping command=send_installed_apps due to Gms not connected
I/Finsky  (  965): [1] com.google.android.finsky.wear.WearSupportService.b(67): Stopping WearSupportService
I/Icing   (  720): Indexing 9EBFE84EABD9270B25A97439CA522B4FC49A4875 from com.google.android.gms
I/Icing   (  720): Indexing done 9EBFE84EABD9270B25A97439CA522B4FC49A4875
D/AndroidRuntime( 9083): 
D/AndroidRuntime( 9083): >>>>>> AndroidRuntime START com.android.internal.os.RuntimeInit <<<<<<
D/AndroidRuntime( 9083): CheckJNI is OFF
D/dalvikvm( 9083): Using executionMode 2
D/dalvikvm( 9083): Trying to load lib libjavacore.so 0x0
D/dalvikvm( 9083): Added shared lib libjavacore.so 0x0
D/dalvikvm( 9083): Trying to load lib libnativehelper.so 0x0
D/dalvikvm( 9083): Added shared lib libnativehelper.so 0x0
D/dalvikvm( 9083): No JNI_OnLoad found in libnativehelper.so 0x0, skipping init
D/dalvikvm( 9083): Note: class Landroid/app/ActivityManagerNative; has 179 unimplemented (abstract) methods
E/memtrack( 9083): Couldn't load memtrack module (No such file or directory)
E/android.os.Debug( 9083): failed to load memtrack module: -2
D/AndroidRuntime( 9083): Calling main entry com.android.commands.monkey.Monkey
--------- beginning of /dev/log/system
W/BroadcastQueue(  470): Skipping deliver [background] BroadcastRecord{4ad73e5c u-1 android.net.conn.CONNECTIVITY_CHANGE} to ReceiverList{4b09ff44 9083 (unknown name)/0/u-1 remote:4acb5c9c}: process crashing
I/ActivityManager(  470): START u0 {act=android.intent.action.MAIN cat=[android.intent.category.LAUNCHER] flg=0x10200000 cmp=com.textra/com.mplus.lib.ui.main.Main} from pid 9083
I/ActivityManager(  470): Start proc com.textra for activity com.textra/com.mplus.lib.ui.main.Main: pid=9093 uid=10055 gids={50055, 3002, 3003, 1028, 1015, 1023}
W/NetworkManagementSocketTagger(  470): setKernelCountSet(10055, 1) failed with errno -13
I/dalvikvm( 9093): ignoring registerObject request in thread=1
I/dalvikvm( 9093): ignoring registerObject request in thread=1
I/ActivityManager(  470): START u0 {act=android.intent.action.MAIN cat=[android.intent.category.LAUNCHER] flg=0x10200000 cmp=com.textra/com.mplus.lib.ui.main.Main} from pid 9083
I/dalvikvm( 9093): Could not find method android.telephony.SmsManager.getCarrierConfigValues, referenced from method com.mplus.lib.ui.main.App.appendMmsConfigValues
W/dalvikvm( 9093): VFY: unable to resolve virtual method 2990: Landroid/telephony/SmsManager;.getCarrierConfigValues ()Landroid/os/Bundle;
D/dalvikvm( 9093): VFY: replacing opcode 0x6e at 0x000b
I/dalvikvm( 9093): Could not find method android.app.Application.checkSelfPermission, referenced from method com.mplus.lib.ui.main.App.havePermission
W/dalvikvm( 9093): VFY: unable to resolve virtual method 112: Landroid/app/Application;.checkSelfPermission (Ljava/lang/String;)I
D/dalvikvm( 9093): VFY: replacing opcode 0x6e at 0x000a
I/dalvikvm( 9093): Could not find method android.provider.Settings.canDrawOverlays, referenced from method com.mplus.lib.axr.b
W/dalvikvm( 9093): VFY: unable to resolve static method 1479: Landroid/provider/Settings;.canDrawOverlays (Landroid/content/Context;)Z
D/dalvikvm( 9093): VFY: replacing opcode 0x71 at 0x0006
W/dalvikvm( 9093): VFY: unable to find class referenced in signature (Lokhttp3/Request;)
W/dalvikvm( 9093): VFY: unable to find class referenced in signature (Lokhttp3/Response;)
I/dalvikvm( 9093): Could not find method okhttp3.Response.headers, referenced from method empirical.HelperClass.printOkHttpInfo
W/dalvikvm( 9093): VFY: unable to resolve virtual method 32421: Lokhttp3/Response;.headers ()Lokhttp3/Headers;
D/dalvikvm( 9093): VFY: replacing opcode 0x6e at 0x0006
W/dalvikvm( 9093): VFY: unable to find class referenced in signature (Lokhttp3/Call;)
W/dalvikvm( 9093): VFY: unable to find class referenced in signature (Lokhttp3/Response;)
I/dalvikvm( 9093): Could not find method okhttp3.Call.request, referenced from method empirical.HelperClass.printOkHttpInfoFromCall
W/dalvikvm( 9093): VFY: unable to resolve interface method 32415: Lokhttp3/Call;.request ()Lokhttp3/Request;
D/dalvikvm( 9093): VFY: replacing opcode 0x72 at 0x0006
I/System.out( 9093): body:<com.facebook.GraphRequest: java.net.HttpURLConnection c(com.mplus.lib.tf)>	sig:specialinvoke r29.<java.net.URL: void <init>(java.lang.String)>($r8)	timediff:1
I/System.out( 9093): <com.facebook.GraphRequest: java.net.HttpURLConnection c(com.mplus.lib.tf)>###specialinvoke r29.<java.net.URL: void <init>(java.lang.String)>($r8)###https://graph.facebook.com/v2.6/554258444624323?fields=supports_implicit_sdk_logging%2Cgdpv4_nux_content%2Cgdpv4_nux_enabled%2Cgdpv4_chrome_custom_tabs_enabled%2Candroid_dialog_configs%2Candroid_sdk_error_categories%2Capp_events_session_timeout&format=json&sdk=android
I/dalvikvm( 9093): Could not find method android.app.ActivityManager$TaskDescription.getIcon, referenced from method com.mplus.lib.bqv.a
W/dalvikvm( 9093): VFY: unable to resolve virtual method 85: Landroid/app/ActivityManager$TaskDescription;.getIcon ()Landroid/graphics/Bitmap;
D/dalvikvm( 9093): VFY: replacing opcode 0x6e at 0x000d
E/dalvikvm( 9093): Could not find class 'android.app.ActivityManager$TaskDescription', referenced from method com.mplus.lib.bqv.a
W/dalvikvm( 9093): VFY: unable to resolve new-instance 25 (Landroid/app/ActivityManager$TaskDescription;) in Lcom/mplus/lib/bqv;
D/dalvikvm( 9093): VFY: replacing opcode 0x22 at 0x0044
D/dalvikvm( 9093): DexOpt: unable to opt direct call 0x0054 at 0x6d in Lcom/mplus/lib/bqv;.a
E/dalvikvm( 9093): Could not find class 'android.graphics.drawable.RippleDrawable', referenced from method com.mplus.lib.bqs.b
W/dalvikvm( 9093): VFY: unable to resolve new-instance 189 (Landroid/graphics/drawable/RippleDrawable;) in Lcom/mplus/lib/bqs;
D/dalvikvm( 9093): VFY: replacing opcode 0x22 at 0x000e
E/dalvikvm( 9093): Could not find class 'android.graphics.drawable.RippleDrawable', referenced from method com.mplus.lib.bqs.a
W/dalvikvm( 9093): VFY: unable to resolve new-instance 189 (Landroid/graphics/drawable/RippleDrawable;) in Lcom/mplus/lib/bqs;
D/dalvikvm( 9093): VFY: replacing opcode 0x22 at 0x0099
D/dalvikvm( 9093): JIT code cache reset in 0 ms (0 bytes 1/0)
D/dalvikvm( 9093): GC_CONCURRENT freed 218K, 9% free 2963K/3248K, paused 6ms+2ms, total 14ms
D/dalvikvm( 9093): DexOpt: unable to opt direct call 0x03d2 at 0x15 in Lcom/mplus/lib/bqs;.b
D/dalvikvm( 9093): DexOpt: unable to opt direct call 0x03d2 at 0xa3 in Lcom/mplus/lib/bqs;.a
I/dalvikvm( 9093): Could not find method android.telephony.SubscriptionManager.from, referenced from method com.mplus.lib.bhg.a
W/dalvikvm( 9093): VFY: unable to resolve static method 3013: Landroid/telephony/SubscriptionManager;.from (Landroid/content/Context;)Landroid/telephony/SubscriptionManager;
D/dalvikvm( 9093): VFY: replacing opcode 0x71 at 0x0011
I/dalvikvm( 9093): Could not find method android.telephony.SubscriptionManager.getActiveSubscriptionInfoCountMax, referenced from method com.mplus.lib.bhg.c
W/dalvikvm( 9093): VFY: unable to resolve virtual method 3014: Landroid/telephony/SubscriptionManager;.getActiveSubscriptionInfoCountMax ()I
D/dalvikvm( 9093): VFY: replacing opcode 0x6e at 0x0010
I/dalvikvm( 9093): Could not find method android.telephony.SubscriptionManager.getActiveSubscriptionInfoList, referenced from method com.mplus.lib.bhg.e
W/dalvikvm( 9093): VFY: unable to resolve virtual method 3015: Landroid/telephony/SubscriptionManager;.getActiveSubscriptionInfoList ()Ljava/util/List;
D/dalvikvm( 9093): VFY: replacing opcode 0x6e at 0x0007
E/dalvikvm( 9093): Could not find class 'android.telephony.SubscriptionManager', referenced from method com.mplus.lib.bhg.b
W/dalvikvm( 9093): VFY: unable to resolve const-class 401 (Landroid/telephony/SubscriptionManager;) in Lcom/mplus/lib/bhg;
D/dalvikvm( 9093): VFY: replacing opcode 0x1c at 0x0019
I/dalvikvm( 9093): Could not find method android.telephony.SmsManager.getCarrierConfigValues, referenced from method com.mplus.lib.bhh.j
W/dalvikvm( 9093): VFY: unable to resolve virtual method 2990: Landroid/telephony/SmsManager;.getCarrierConfigValues ()Landroid/os/Bundle;
D/dalvikvm( 9093): VFY: replacing opcode 0x6e at 0x0004
D/dalvikvm( 9093): GC_CONCURRENT freed 178K, 8% free 3170K/3416K, paused 2ms+0ms, total 5ms
E/dalvikvm( 9093): Bogus static initialization: value type 23 in field type Ljava/lang/Object; for Lcom/mplus/lib/bqq; at index 0
E/dalvikvm( 9093): VM aborting
F/libc    ( 9093): Fatal signal 6 (SIGABRT) at 0x00002385 (code=-6), thread 9093 (com.textra)
I/System.out( 9093): body:<com.facebook.GraphRequest: java.net.HttpURLConnection c(com.mplus.lib.tf)>	sig:$r13 = virtualinvoke $r12.<java.net.URL: java.net.URLConnection openConnection()>()	timediff:76
I/System.out( 9093): body:<com.facebook.GraphRequest: java.net.HttpURLConnection c(com.mplus.lib.tf)>	sig:virtualinvoke $r14.<java.net.HttpURLConnection: void setRequestProperty(java.lang.String,java.lang.String)>("User-Agent", $r16)	timediff:0
I/System.out( 9093): body:<com.facebook.GraphRequest: java.net.HttpURLConnection c(com.mplus.lib.tf)>	sig:virtualinvoke $r14.<java.net.HttpURLConnection: void setRequestProperty(java.lang.String,java.lang.String)>("Accept-Language", $r16)	timediff:0
I/System.out( 9093): body:<com.facebook.GraphRequest: java.net.HttpURLConnection c(com.mplus.lib.tf)>	sig:virtualinvoke $r14.<java.net.HttpURLConnection: void setChunkedStreamingMode(int)>(0)	timediff:0
I/System.out( 9093): body:<com.facebook.GraphRequest: java.net.HttpURLConnection c(com.mplus.lib.tf)>	sig:virtualinvoke $r14.<java.net.HttpURLConnection: void setRequestMethod(java.lang.String)>($r16)	timediff:0
I/System.out( 9093): body:<com.facebook.GraphRequest: java.net.HttpURLConnection c(com.mplus.lib.tf)>	sig:virtualinvoke $r14.<java.net.HttpURLConnection: void setRequestProperty(java.lang.String,java.lang.String)>("Content-Type", "application/x-www-form-urlencoded")	timediff:1
I/System.out( 9093): body:<com.facebook.GraphRequest: java.net.HttpURLConnection c(com.mplus.lib.tf)>	sig:virtualinvoke $r14.<java.net.HttpURLConnection: void setRequestProperty(java.lang.String,java.lang.String)>("Content-Encoding", "gzip")	timediff:0
I/System.out( 9093): body:<com.facebook.GraphRequest: java.net.HttpURLConnection c(com.mplus.lib.tf)>	sig:$r12 = virtualinvoke $r14.<java.net.HttpURLConnection: java.net.URL getURL()>()	timediff:0
I/System.out( 9093): body:<com.facebook.GraphRequest: java.net.HttpURLConnection c(com.mplus.lib.tf)>	sig:$r16 = virtualinvoke $r14.<java.net.HttpURLConnection: java.lang.String getRequestMethod()>()	timediff:0
I/System.out( 9093): body:<com.facebook.GraphRequest: java.net.HttpURLConnection c(com.mplus.lib.tf)>	sig:$r16 = virtualinvoke $r14.<java.net.HttpURLConnection: java.lang.String getRequestProperty(java.lang.String)>("User-Agent")	timediff:0
I/System.out( 9093): body:<com.facebook.GraphRequest: java.net.HttpURLConnection c(com.mplus.lib.tf)>	sig:$r16 = virtualinvoke $r14.<java.net.HttpURLConnection: java.lang.String getRequestProperty(java.lang.String)>("Content-Type")	timediff:0
I/System.out( 9093): body:<com.facebook.GraphRequest: java.net.HttpURLConnection c(com.mplus.lib.tf)>	sig:virtualinvoke $r14.<java.net.HttpURLConnection: void setConnectTimeout(int)>($i1)	timediff:0
I/System.out( 9093): body:<com.facebook.GraphRequest: java.net.HttpURLConnection c(com.mplus.lib.tf)>	sig:virtualinvoke $r14.<java.net.HttpURLConnection: void setReadTimeout(int)>($i1)	timediff:0
I/DEBUG   (  162): *** *** *** *** *** *** *** *** *** *** *** *** *** *** *** ***
I/DEBUG   (  162): Build fingerprint: 'samsung/SM-G9350/SM-G9350:4.4.2/JLS36C/381180120:user/release-keys'
I/DEBUG   (  162): Revision: '0'
I/DEBUG   (  162): pid: 9093, tid: 9093, name: com.textra  >>> com.textra <<<
I/DEBUG   (  162): signal 6 (SIGABRT), code -6 (SI_TKILL), fault addr --------
I/DEBUG   (  162):     eax 00000000  ebx 00002385  ecx 00002385  edx 00000006
I/DEBUG   (  162):     esi 00002385  edi 00000000
I/DEBUG   (  162):     xcs 00000073  xds 0000007b  xes 0000007b  xfs 00000000  xss 0000007b
I/DEBUG   (  162):     eip b763e0d6  ebp b76a7ce0  esp bfcfc540  flags 00200207
I/DEBUG   (  162): 
I/DEBUG   (  162): backtrace:
I/DEBUG   (  162):     #00  pc 0003c0d6  /system/lib/libc.so (tgkill+22)
I/DEBUG   (  162):     #01  pc 00000005  <unknown>
I/DEBUG   (  162): 
I/DEBUG   (  162): stack:
I/DEBUG   (  162):          bfcfc500  00000000  
I/DEBUG   (  162):          bfcfc504  b76a3268  /system/lib/libc.so
I/DEBUG   (  162):          bfcfc508  00000000  
I/DEBUG   (  162):          bfcfc50c  b760ff39  /system/lib/libc.so (pthread_mutex_unlock+25)
I/DEBUG   (  162):          bfcfc510  b76a318c  /system/lib/libc.so
I/DEBUG   (  162):          bfcfc514  b8c61060  [heap]
I/DEBUG   (  162):          bfcfc518  00000015  
I/DEBUG   (  162):          bfcfc51c  00000002  
I/DEBUG   (  162):          bfcfc520  00000000  
I/DEBUG   (  162):          bfcfc524  b765c926  /system/lib/libc.so (funlockfile+6)
I/DEBUG   (  162):          bfcfc528  b76a2fcc  /system/lib/libc.so
I/DEBUG   (  162):          bfcfc52c  b7648006  /system/lib/libc.so (__sflush_locked+150)
I/DEBUG   (  162):          bfcfc530  00000000  
I/DEBUG   (  162):          bfcfc534  00000000  
I/DEBUG   (  162):          bfcfc538  b760fd69  /system/lib/libc.so (pthread_mutex_lock+9)
I/DEBUG   (  162):          bfcfc53c  b76a2fcc  /system/lib/libc.so
I/DEBUG   (  162):     #00  bfcfc540  00000006  
I/DEBUG   (  162):          bfcfc544  00002385  
I/DEBUG   (  162):          bfcfc548  b76a2fcc  /system/lib/libc.so
I/DEBUG   (  162):          bfcfc54c  b761a4a6  /system/lib/libc.so (pthread_kill+102)
I/DEBUG   (  162):          bfcfc550  00002385  
I/DEBUG   (  162):          bfcfc554  00002385  
I/DEBUG   (  162):          bfcfc558  00000006  
I/DEBUG   (  162):          bfcfc55c  00000000  
I/DEBUG   (  162):          bfcfc560  b76a3268  /system/lib/libc.so
I/DEBUG   (  162):          bfcfc564  00007d54  
I/DEBUG   (  162):          bfcfc568  b761a449  /system/lib/libc.so (pthread_kill+9)
I/DEBUG   (  162):          bfcfc56c  b76a2fcc  /system/lib/libc.so
I/DEBUG   (  162):          bfcfc570  bfcfc5bc  [stack]
I/DEBUG   (  162):          bfcfc574  bfcfc7f0  [stack]
I/DEBUG   (  162):          bfcfc578  00000000  
I/DEBUG   (  162):          bfcfc57c  b761a82c  /system/lib/libc.so (raise+44)
W/NetworkManagementSocketTagger(  470): setKernelCountSet(10055, 0) failed with errno -13
I/ActivityManager(  470): Process com.textra (pid 9093) has died.
I/BootReceiver(  470): Copying /data/tombstones/tombstone_05 to DropBox (SYSTEM_TOMBSTONE)
D/Zygote  (  166): Process 9093 terminated by signal (6)
I/ActivityManager(  470): Start proc com.textra for activity com.textra/com.mplus.lib.ui.main.Main: pid=9115 uid=10055 gids={50055, 3002, 3003, 1028, 1015, 1023}
W/NetworkManagementSocketTagger(  470): setKernelCountSet(10055, 1) failed with errno -13
W/ActivityManager(  470): Force-killing crashed app com.textra at watcher's request
I/dalvikvm( 9115): ignoring registerObject request in thread=1
I/dalvikvm( 9115): ignoring registerObject request in thread=1
W/ContextImpl(  470): Calling a method in the system process without a qualified user: android.app.ContextImpl.sendBroadcast:1123 com.android.server.am.ActivityManagerService.handleApplicationCrashInner:9642 com.android.server.am.NativeCrashListener$NativeCrashReporter.run:86 <bottom of call stack> <bottom of call stack> 
I/dalvikvm( 9115): Could not find method android.telephony.SmsManager.getCarrierConfigValues, referenced from method com.mplus.lib.ui.main.App.appendMmsConfigValues
W/dalvikvm( 9115): VFY: unable to resolve virtual method 2990: Landroid/telephony/SmsManager;.getCarrierConfigValues ()Landroid/os/Bundle;
D/dalvikvm( 9115): VFY: replacing opcode 0x6e at 0x000b
I/dalvikvm( 9115): Could not find method android.app.Application.checkSelfPermission, referenced from method com.mplus.lib.ui.main.App.havePermission
W/dalvikvm( 9115): VFY: unable to resolve virtual method 112: Landroid/app/Application;.checkSelfPermission (Ljava/lang/String;)I
D/dalvikvm( 9115): VFY: replacing opcode 0x6e at 0x000a
I/dalvikvm( 9115): Could not find method android.provider.Settings.canDrawOverlays, referenced from method com.mplus.lib.axr.b
W/dalvikvm( 9115): VFY: unable to resolve static method 1479: Landroid/provider/Settings;.canDrawOverlays (Landroid/content/Context;)Z
D/dalvikvm( 9115): VFY: replacing opcode 0x71 at 0x0006
I/dalvikvm( 9115): Could not find method android.app.ActivityManager$TaskDescription.getIcon, referenced from method com.mplus.lib.bqv.a
W/dalvikvm( 9115): VFY: unable to resolve virtual method 85: Landroid/app/ActivityManager$TaskDescription;.getIcon ()Landroid/graphics/Bitmap;
D/dalvikvm( 9115): VFY: replacing opcode 0x6e at 0x000d
E/dalvikvm( 9115): Could not find class 'android.app.ActivityManager$TaskDescription', referenced from method com.mplus.lib.bqv.a
W/dalvikvm( 9115): VFY: unable to resolve new-instance 25 (Landroid/app/ActivityManager$TaskDescription;) in Lcom/mplus/lib/bqv;
D/dalvikvm( 9115): VFY: replacing opcode 0x22 at 0x0044
D/dalvikvm( 9115): DexOpt: unable to opt direct call 0x0054 at 0x6d in Lcom/mplus/lib/bqv;.a
E/dalvikvm( 9115): Could not find class 'android.graphics.drawable.RippleDrawable', referenced from method com.mplus.lib.bqs.b
W/dalvikvm( 9115): VFY: unable to resolve new-instance 189 (Landroid/graphics/drawable/RippleDrawable;) in Lcom/mplus/lib/bqs;
D/dalvikvm( 9115): VFY: replacing opcode 0x22 at 0x000e
E/dalvikvm( 9115): Could not find class 'android.graphics.drawable.RippleDrawable', referenced from method com.mplus.lib.bqs.a
W/dalvikvm( 9115): VFY: unable to resolve new-instance 189 (Landroid/graphics/drawable/RippleDrawable;) in Lcom/mplus/lib/bqs;
D/dalvikvm( 9115): VFY: replacing opcode 0x22 at 0x0099
D/dalvikvm( 9115): DexOpt: unable to opt direct call 0x03d2 at 0x15 in Lcom/mplus/lib/bqs;.b
D/dalvikvm( 9115): DexOpt: unable to opt direct call 0x03d2 at 0xa3 in Lcom/mplus/lib/bqs;.a
I/dalvikvm( 9115): Could not find method android.telephony.SubscriptionManager.from, referenced from method com.mplus.lib.bhg.a
W/dalvikvm( 9115): VFY: unable to resolve static method 3013: Landroid/telephony/SubscriptionManager;.from (Landroid/content/Context;)Landroid/telephony/SubscriptionManager;
D/dalvikvm( 9115): VFY: replacing opcode 0x71 at 0x0011
I/dalvikvm( 9115): Could not find method android.telephony.SubscriptionManager.getActiveSubscriptionInfoCountMax, referenced from method com.mplus.lib.bhg.c
W/dalvikvm( 9115): VFY: unable to resolve virtual method 3014: Landroid/telephony/SubscriptionManager;.getActiveSubscriptionInfoCountMax ()I
D/dalvikvm( 9115): VFY: replacing opcode 0x6e at 0x0010
I/dalvikvm( 9115): Could not find method android.telephony.SubscriptionManager.getActiveSubscriptionInfoList, referenced from method com.mplus.lib.bhg.e
W/dalvikvm( 9115): VFY: unable to resolve virtual method 3015: Landroid/telephony/SubscriptionManager;.getActiveSubscriptionInfoList ()Ljava/util/List;
D/dalvikvm( 9115): VFY: replacing opcode 0x6e at 0x0007
E/dalvikvm( 9115): Could not find class 'android.telephony.SubscriptionManager', referenced from method com.mplus.lib.bhg.b
W/dalvikvm( 9115): VFY: unable to resolve const-class 401 (Landroid/telephony/SubscriptionManager;) in Lcom/mplus/lib/bhg;
D/dalvikvm( 9115): VFY: replacing opcode 0x1c at 0x0019
I/dalvikvm( 9115): Could not find method android.telephony.SmsManager.getCarrierConfigValues, referenced from method com.mplus.lib.bhh.j
W/dalvikvm( 9115): VFY: unable to resolve virtual method 2990: Landroid/telephony/SmsManager;.getCarrierConfigValues ()Landroid/os/Bundle;
D/dalvikvm( 9115): VFY: replacing opcode 0x6e at 0x0004
W/dalvikvm( 9115): VFY: unable to find class referenced in signature (Lokhttp3/Request;)
D/dalvikvm( 9115): JIT code cache reset in 0 ms (0 bytes 1/0)
W/dalvikvm( 9115): VFY: unable to find class referenced in signature (Lokhttp3/Response;)
I/dalvikvm( 9115): Could not find method okhttp3.Response.headers, referenced from method empirical.HelperClass.printOkHttpInfo
W/dalvikvm( 9115): VFY: unable to resolve virtual method 32421: Lokhttp3/Response;.headers ()Lokhttp3/Headers;
D/dalvikvm( 9115): VFY: replacing opcode 0x6e at 0x0006
W/dalvikvm( 9115): VFY: unable to find class referenced in signature (Lokhttp3/Call;)
W/dalvikvm( 9115): VFY: unable to find class referenced in signature (Lokhttp3/Response;)
I/dalvikvm( 9115): Could not find method okhttp3.Call.request, referenced from method empirical.HelperClass.printOkHttpInfoFromCall
W/dalvikvm( 9115): VFY: unable to resolve interface method 32415: Lokhttp3/Call;.request ()Lokhttp3/Request;
D/dalvikvm( 9115): VFY: replacing opcode 0x72 at 0x0006
I/System.out( 9115): body:<com.facebook.GraphRequest: java.net.HttpURLConnection c(com.mplus.lib.tf)>	sig:specialinvoke r29.<java.net.URL: void <init>(java.lang.String)>($r8)	timediff:0
I/System.out( 9115): <com.facebook.GraphRequest: java.net.HttpURLConnection c(com.mplus.lib.tf)>###specialinvoke r29.<java.net.URL: void <init>(java.lang.String)>($r8)###https://graph.facebook.com/v2.6/554258444624323?fields=supports_implicit_sdk_logging%2Cgdpv4_nux_content%2Cgdpv4_nux_enabled%2Cgdpv4_chrome_custom_tabs_enabled%2Candroid_dialog_configs%2Candroid_sdk_error_categories%2Capp_events_session_timeout&format=json&sdk=android
D/dalvikvm( 9115): GC_CONCURRENT freed 228K, 9% free 3072K/3364K, paused 2ms+6ms, total 11ms
D/dalvikvm( 9115): WAIT_FOR_CONCURRENT_GC blocked 3ms
E/dalvikvm( 9115): Bogus static initialization: value type 23 in field type Ljava/lang/Object; for Lcom/mplus/lib/bqq; at index 0
D/dalvikvm( 9115): WAIT_FOR_CONCURRENT_GC blocked 5ms
E/dalvikvm( 9115): VM aborting
F/libc    ( 9115): Fatal signal 6 (SIGABRT) at 0x0000239b (code=-6), thread 9115 (com.textra)
I/System.out( 9115): body:<com.facebook.GraphRequest: java.net.HttpURLConnection c(com.mplus.lib.tf)>	sig:$r13 = virtualinvoke $r12.<java.net.URL: java.net.URLConnection openConnection()>()	timediff:23
I/System.out( 9115): body:<com.facebook.GraphRequest: java.net.HttpURLConnection c(com.mplus.lib.tf)>	sig:virtualinvoke $r14.<java.net.HttpURLConnection: void setRequestProperty(java.lang.String,java.lang.String)>("User-Agent", $r16)	timediff:0
I/System.out( 9115): body:<com.facebook.GraphRequest: java.net.HttpURLConnection c(com.mplus.lib.tf)>	sig:virtualinvoke $r14.<java.net.HttpURLConnection: void setRequestProperty(java.lang.String,java.lang.String)>("Accept-Language", $r16)	timediff:0
I/System.out( 9115): body:<com.facebook.GraphRequest: java.net.HttpURLConnection c(com.mplus.lib.tf)>	sig:virtualinvoke $r14.<java.net.HttpURLConnection: void setChunkedStreamingMode(int)>(0)	timediff:0
I/System.out( 9115): body:<com.facebook.GraphRequest: java.net.HttpURLConnection c(com.mplus.lib.tf)>	sig:virtualinvoke $r14.<java.net.HttpURLConnection: void setRequestMethod(java.lang.String)>($r16)	timediff:0
I/System.out( 9115): body:<com.facebook.GraphRequest: java.net.HttpURLConnection c(com.mplus.lib.tf)>	sig:virtualinvoke $r14.<java.net.HttpURLConnection: void setRequestProperty(java.lang.String,java.lang.String)>("Content-Type", "application/x-www-form-urlencoded")	timediff:0
I/System.out( 9115): body:<com.facebook.GraphRequest: java.net.HttpURLConnection c(com.mplus.lib.tf)>	sig:virtualinvoke $r14.<java.net.HttpURLConnection: void setRequestProperty(java.lang.String,java.lang.String)>("Content-Encoding", "gzip")	timediff:0
I/System.out( 9115): body:<com.facebook.GraphRequest: java.net.HttpURLConnection c(com.mplus.lib.tf)>	sig:$r12 = virtualinvoke $r14.<java.net.HttpURLConnection: java.net.URL getURL()>()	timediff:0
I/System.out( 9115): body:<com.facebook.GraphRequest: java.net.HttpURLConnection c(com.mplus.lib.tf)>	sig:$r16 = virtualinvoke $r14.<java.net.HttpURLConnection: java.lang.String getRequestMethod()>()	timediff:0
I/System.out( 9115): body:<com.facebook.GraphRequest: java.net.HttpURLConnection c(com.mplus.lib.tf)>	sig:$r16 = virtualinvoke $r14.<java.net.HttpURLConnection: java.lang.String getRequestProperty(java.lang.String)>("User-Agent")	timediff:0
I/System.out( 9115): body:<com.facebook.GraphRequest: java.net.HttpURLConnection c(com.mplus.lib.tf)>	sig:$r16 = virtualinvoke $r14.<java.net.HttpURLConnection: java.lang.String getRequestProperty(java.lang.String)>("Content-Type")	timediff:0
I/System.out( 9115): body:<com.facebook.GraphRequest: java.net.HttpURLConnection c(com.mplus.lib.tf)>	sig:virtualinvoke $r14.<java.net.HttpURLConnection: void setConnectTimeout(int)>($i1)	timediff:0
I/System.out( 9115): body:<com.facebook.GraphRequest: java.net.HttpURLConnection c(com.mplus.lib.tf)>	sig:virtualinvoke $r14.<java.net.HttpURLConnection: void setReadTimeout(int)>($i1)	timediff:0
I/DEBUG   (  162): *** *** *** *** *** *** *** *** *** *** *** *** *** *** *** ***
I/DEBUG   (  162): Build fingerprint: 'samsung/SM-G9350/SM-G9350:4.4.2/JLS36C/381180120:user/release-keys'
I/DEBUG   (  162): Revision: '0'
I/DEBUG   (  162): pid: 9115, tid: 9115, name: com.textra  >>> com.textra <<<
I/DEBUG   (  162): signal 6 (SIGABRT), code -6 (SI_TKILL), fault addr --------
I/DEBUG   (  162):     eax 00000000  ebx 0000239b  ecx 0000239b  edx 00000006
I/DEBUG   (  162):     esi 0000239b  edi 0000000c
I/DEBUG   (  162):     xcs 00000073  xds 0000007b  xes 0000007b  xfs 00000000  xss 0000007b
I/DEBUG   (  162):     eip b763e0d6  ebp b76a7ce0  esp bfcfc540  flags 00200207
I/DEBUG   (  162): 
I/DEBUG   (  162): backtrace:
I/DEBUG   (  162):     #00  pc 0003c0d6  /system/lib/libc.so (tgkill+22)
I/DEBUG   (  162):     #01  pc 00000005  <unknown>
I/DEBUG   (  162): 
I/DEBUG   (  162): stack:
I/DEBUG   (  162):          bfcfc500  00000000  
I/DEBUG   (  162):          bfcfc504  b76a3268  /system/lib/libc.so
I/DEBUG   (  162):          bfcfc508  00000000  
I/DEBUG   (  162):          bfcfc50c  b760ff39  /system/lib/libc.so (pthread_mutex_unlock+25)
I/DEBUG   (  162):          bfcfc510  b76a318c  /system/lib/libc.so
I/DEBUG   (  162):          bfcfc514  b8c61060  [heap]
I/DEBUG   (  162):          bfcfc518  00000015  
I/DEBUG   (  162):          bfcfc51c  00000002  
I/DEBUG   (  162):          bfcfc520  00000000  
I/DEBUG   (  162):          bfcfc524  b765c926  /system/lib/libc.so (funlockfile+6)
I/DEBUG   (  162):          bfcfc528  b76a2fcc  /system/lib/libc.so
I/DEBUG   (  162):          bfcfc52c  b7648006  /system/lib/libc.so (__sflush_locked+150)
I/DEBUG   (  162):          bfcfc530  00000000  
I/DEBUG   (  162):          bfcfc534  00000000  
I/DEBUG   (  162):          bfcfc538  b760fd69  /system/lib/libc.so (pthread_mutex_lock+9)
I/DEBUG   (  162):          bfcfc53c  b76a2fcc  /system/lib/libc.so
I/DEBUG   (  162):     #00  bfcfc540  00000006  
I/DEBUG   (  162):          bfcfc544  0000239b  
I/DEBUG   (  162):          bfcfc548  b76a2fcc  /system/lib/libc.so
I/DEBUG   (  162):          bfcfc54c  b761a4a6  /system/lib/libc.so (pthread_kill+102)
I/DEBUG   (  162):          bfcfc550  0000239b  
I/DEBUG   (  162):          bfcfc554  0000239b  
I/DEBUG   (  162):          bfcfc558  00000006  
I/DEBUG   (  162):          bfcfc55c  00000000  
I/DEBUG   (  162):          bfcfc560  b76a3268  /system/lib/libc.so
I/DEBUG   (  162):          bfcfc564  00007d54  
I/DEBUG   (  162):          bfcfc568  b761a449  /system/lib/libc.so (pthread_kill+9)
I/DEBUG   (  162):          bfcfc56c  b76a2fcc  /system/lib/libc.so
I/DEBUG   (  162):          bfcfc570  bfcfc5bc  [stack]
I/DEBUG   (  162):          bfcfc574  bfcfc7f0  [stack]
I/DEBUG   (  162):          bfcfc578  00000000  
I/DEBUG   (  162):          bfcfc57c  b761a82c  /system/lib/libc.so (raise+44)
W/NetworkManagementSocketTagger(  470): setKernelCountSet(10055, 0) failed with errno -13
I/BootReceiver(  470): Copying /data/tombstones/tombstone_01 to DropBox (SYSTEM_TOMBSTONE)
I/ActivityManager(  470): Process com.textra (pid 9115) has died.
D/Zygote  (  166): Process 9115 terminated by signal (6)
I/ActivityManager(  470): Start proc com.textra for activity com.textra/com.mplus.lib.ui.main.Main: pid=9138 uid=10055 gids={50055, 3002, 3003, 1028, 1015, 1023}
W/NetworkManagementSocketTagger(  470): setKernelCountSet(10055, 1) failed with errno -13
I/dalvikvm( 9138): ignoring registerObject request in thread=1
I/dalvikvm( 9138): ignoring registerObject request in thread=1
W/ActivityManager(  470): Force-killing crashed app com.textra at watcher's request
W/ContextImpl(  470): Calling a method in the system process without a qualified user: android.app.ContextImpl.sendBroadcast:1123 com.android.server.am.ActivityManagerService.handleApplicationCrashInner:9642 com.android.server.am.NativeCrashListener$NativeCrashReporter.run:86 <bottom of call stack> <bottom of call stack> 
I/dalvikvm( 9138): Could not find method android.telephony.SmsManager.getCarrierConfigValues, referenced from method com.mplus.lib.ui.main.App.appendMmsConfigValues
W/dalvikvm( 9138): VFY: unable to resolve virtual method 2990: Landroid/telephony/SmsManager;.getCarrierConfigValues ()Landroid/os/Bundle;
D/dalvikvm( 9138): VFY: replacing opcode 0x6e at 0x000b
I/dalvikvm( 9138): Could not find method android.app.Application.checkSelfPermission, referenced from method com.mplus.lib.ui.main.App.havePermission
W/dalvikvm( 9138): VFY: unable to resolve virtual method 112: Landroid/app/Application;.checkSelfPermission (Ljava/lang/String;)I
D/dalvikvm( 9138): VFY: replacing opcode 0x6e at 0x000a
I/dalvikvm( 9138): Could not find method android.provider.Settings.canDrawOverlays, referenced from method com.mplus.lib.axr.b
W/dalvikvm( 9138): VFY: unable to resolve static method 1479: Landroid/provider/Settings;.canDrawOverlays (Landroid/content/Context;)Z
D/dalvikvm( 9138): VFY: replacing opcode 0x71 at 0x0006
W/dalvikvm( 9138): VFY: unable to find class referenced in signature (Lokhttp3/Request;)
W/dalvikvm( 9138): VFY: unable to find class referenced in signature (Lokhttp3/Response;)
I/dalvikvm( 9138): Could not find method okhttp3.Response.headers, referenced from method empirical.HelperClass.printOkHttpInfo
W/dalvikvm( 9138): VFY: unable to resolve virtual method 32421: Lokhttp3/Response;.headers ()Lokhttp3/Headers;
D/dalvikvm( 9138): VFY: replacing opcode 0x6e at 0x0006
W/dalvikvm( 9138): VFY: unable to find class referenced in signature (Lokhttp3/Call;)
W/dalvikvm( 9138): VFY: unable to find class referenced in signature (Lokhttp3/Response;)
I/dalvikvm( 9138): Could not find method okhttp3.Call.request, referenced from method empirical.HelperClass.printOkHttpInfoFromCall
W/dalvikvm( 9138): VFY: unable to resolve interface method 32415: Lokhttp3/Call;.request ()Lokhttp3/Request;
D/dalvikvm( 9138): VFY: replacing opcode 0x72 at 0x0006
I/System.out( 9138): body:<com.facebook.GraphRequest: java.net.HttpURLConnection c(com.mplus.lib.tf)>	sig:specialinvoke r29.<java.net.URL: void <init>(java.lang.String)>($r8)	timediff:0
I/System.out( 9138): <com.facebook.GraphRequest: java.net.HttpURLConnection c(com.mplus.lib.tf)>###specialinvoke r29.<java.net.URL: void <init>(java.lang.String)>($r8)###https://graph.facebook.com/v2.6/554258444624323?fields=supports_implicit_sdk_logging%2Cgdpv4_nux_content%2Cgdpv4_nux_enabled%2Cgdpv4_chrome_custom_tabs_enabled%2Candroid_dialog_configs%2Candroid_sdk_error_categories%2Capp_events_session_timeout&format=json&sdk=android
I/dalvikvm( 9138): Could not find method android.app.ActivityManager$TaskDescription.getIcon, referenced from method com.mplus.lib.bqv.a
W/dalvikvm( 9138): VFY: unable to resolve virtual method 85: Landroid/app/ActivityManager$TaskDescription;.getIcon ()Landroid/graphics/Bitmap;
D/dalvikvm( 9138): VFY: replacing opcode 0x6e at 0x000d
E/dalvikvm( 9138): Could not find class 'android.app.ActivityManager$TaskDescription', referenced from method com.mplus.lib.bqv.a
W/dalvikvm( 9138): VFY: unable to resolve new-instance 25 (Landroid/app/ActivityManager$TaskDescription;) in Lcom/mplus/lib/bqv;
D/dalvikvm( 9138): VFY: replacing opcode 0x22 at 0x0044
D/dalvikvm( 9138): DexOpt: unable to opt direct call 0x0054 at 0x6d in Lcom/mplus/lib/bqv;.a
E/dalvikvm( 9138): Could not find class 'android.graphics.drawable.RippleDrawable', referenced from method com.mplus.lib.bqs.b
W/dalvikvm( 9138): VFY: unable to resolve new-instance 189 (Landroid/graphics/drawable/RippleDrawable;) in Lcom/mplus/lib/bqs;
D/dalvikvm( 9138): VFY: replacing opcode 0x22 at 0x000e
D/dalvikvm( 9138): JIT code cache reset in 0 ms (0 bytes 1/0)
D/dalvikvm( 9138): GC_CONCURRENT freed 215K, 9% free 2957K/3240K, paused 2ms+2ms, total 6ms
E/dalvikvm( 9138): Could not find class 'android.graphics.drawable.RippleDrawable', referenced from method com.mplus.lib.bqs.a
W/dalvikvm( 9138): VFY: unable to resolve new-instance 189 (Landroid/graphics/drawable/RippleDrawable;) in Lcom/mplus/lib/bqs;
D/dalvikvm( 9138): VFY: replacing opcode 0x22 at 0x0099
D/dalvikvm( 9138): DexOpt: unable to opt direct call 0x03d2 at 0x15 in Lcom/mplus/lib/bqs;.b
D/dalvikvm( 9138): DexOpt: unable to opt direct call 0x03d2 at 0xa3 in Lcom/mplus/lib/bqs;.a
I/dalvikvm( 9138): Could not find method android.telephony.SubscriptionManager.from, referenced from method com.mplus.lib.bhg.a
W/dalvikvm( 9138): VFY: unable to resolve static method 3013: Landroid/telephony/SubscriptionManager;.from (Landroid/content/Context;)Landroid/telephony/SubscriptionManager;
D/dalvikvm( 9138): VFY: replacing opcode 0x71 at 0x0011
I/dalvikvm( 9138): Could not find method android.telephony.SubscriptionManager.getActiveSubscriptionInfoCountMax, referenced from method com.mplus.lib.bhg.c
W/dalvikvm( 9138): VFY: unable to resolve virtual method 3014: Landroid/telephony/SubscriptionManager;.getActiveSubscriptionInfoCountMax ()I
D/dalvikvm( 9138): VFY: replacing opcode 0x6e at 0x0010
I/dalvikvm( 9138): Could not find method android.telephony.SubscriptionManager.getActiveSubscriptionInfoList, referenced from method com.mplus.lib.bhg.e
W/dalvikvm( 9138): VFY: unable to resolve virtual method 3015: Landroid/telephony/SubscriptionManager;.getActiveSubscriptionInfoList ()Ljava/util/List;
D/dalvikvm( 9138): VFY: replacing opcode 0x6e at 0x0007
E/dalvikvm( 9138): Could not find class 'android.telephony.SubscriptionManager', referenced from method com.mplus.lib.bhg.b
W/dalvikvm( 9138): VFY: unable to resolve const-class 401 (Landroid/telephony/SubscriptionManager;) in Lcom/mplus/lib/bhg;
D/dalvikvm( 9138): VFY: replacing opcode 0x1c at 0x0019
I/dalvikvm( 9138): Could not find method android.telephony.SmsManager.getCarrierConfigValues, referenced from method com.mplus.lib.bhh.j
W/dalvikvm( 9138): VFY: unable to resolve virtual method 2990: Landroid/telephony/SmsManager;.getCarrierConfigValues ()Landroid/os/Bundle;
D/dalvikvm( 9138): VFY: replacing opcode 0x6e at 0x0004
D/dalvikvm( 9138): GC_CONCURRENT freed 192K, 8% free 3152K/3412K, paused 2ms+0ms, total 4ms
E/dalvikvm( 9138): Bogus static initialization: value type 23 in field type Ljava/lang/Object; for Lcom/mplus/lib/bqq; at index 0
E/dalvikvm( 9138): VM aborting
F/libc    ( 9138): Fatal signal 6 (SIGABRT) at 0x000023b2 (code=-6), thread 9138 (com.textra)
I/System.out( 9138): body:<com.facebook.GraphRequest: java.net.HttpURLConnection c(com.mplus.lib.tf)>	sig:$r13 = virtualinvoke $r12.<java.net.URL: java.net.URLConnection openConnection()>()	timediff:57
I/System.out( 9138): body:<com.facebook.GraphRequest: java.net.HttpURLConnection c(com.mplus.lib.tf)>	sig:virtualinvoke $r14.<java.net.HttpURLConnection: void setRequestProperty(java.lang.String,java.lang.String)>("User-Agent", $r16)	timediff:0
I/System.out( 9138): body:<com.facebook.GraphRequest: java.net.HttpURLConnection c(com.mplus.lib.tf)>	sig:virtualinvoke $r14.<java.net.HttpURLConnection: void setRequestProperty(java.lang.String,java.lang.String)>("Accept-Language", $r16)	timediff:0
I/System.out( 9138): body:<com.facebook.GraphRequest: java.net.HttpURLConnection c(com.mplus.lib.tf)>	sig:virtualinvoke $r14.<java.net.HttpURLConnection: void setChunkedStreamingMode(int)>(0)	timediff:0
I/System.out( 9138): body:<com.facebook.GraphRequest: java.net.HttpURLConnection c(com.mplus.lib.tf)>	sig:virtualinvoke $r14.<java.net.HttpURLConnection: void setRequestMethod(java.lang.String)>($r16)	timediff:0
I/System.out( 9138): body:<com.facebook.GraphRequest: java.net.HttpURLConnection c(com.mplus.lib.tf)>	sig:virtualinvoke $r14.<java.net.HttpURLConnection: void setRequestProperty(java.lang.String,java.lang.String)>("Content-Type", "application/x-www-form-urlencoded")	timediff:0
I/System.out( 9138): body:<com.facebook.GraphRequest: java.net.HttpURLConnection c(com.mplus.lib.tf)>	sig:virtualinvoke $r14.<java.net.HttpURLConnection: void setRequestProperty(java.lang.String,java.lang.String)>("Content-Encoding", "gzip")	timediff:0
I/System.out( 9138): body:<com.facebook.GraphRequest: java.net.HttpURLConnection c(com.mplus.lib.tf)>	sig:$r12 = virtualinvoke $r14.<java.net.HttpURLConnection: java.net.URL getURL()>()	timediff:0
I/System.out( 9138): body:<com.facebook.GraphRequest: java.net.HttpURLConnection c(com.mplus.lib.tf)>	sig:$r16 = virtualinvoke $r14.<java.net.HttpURLConnection: java.lang.String getRequestMethod()>()	timediff:0
I/System.out( 9138): body:<com.facebook.GraphRequest: java.net.HttpURLConnection c(com.mplus.lib.tf)>	sig:$r16 = virtualinvoke $r14.<java.net.HttpURLConnection: java.lang.String getRequestProperty(java.lang.String)>("User-Agent")	timediff:0
I/System.out( 9138): body:<com.facebook.GraphRequest: java.net.HttpURLConnection c(com.mplus.lib.tf)>	sig:$r16 = virtualinvoke $r14.<java.net.HttpURLConnection: java.lang.String getRequestProperty(java.lang.String)>("Content-Type")	timediff:0
I/System.out( 9138): body:<com.facebook.GraphRequest: java.net.HttpURLConnection c(com.mplus.lib.tf)>	sig:virtualinvoke $r14.<java.net.HttpURLConnection: void setConnectTimeout(int)>($i1)	timediff:0
I/System.out( 9138): body:<com.facebook.GraphRequest: java.net.HttpURLConnection c(com.mplus.lib.tf)>	sig:virtualinvoke $r14.<java.net.HttpURLConnection: void setReadTimeout(int)>($i1)	timediff:0
I/DEBUG   (  162): *** *** *** *** *** *** *** *** *** *** *** *** *** *** *** ***
I/DEBUG   (  162): Build fingerprint: 'samsung/SM-G9350/SM-G9350:4.4.2/JLS36C/381180120:user/release-keys'
I/DEBUG   (  162): Revision: '0'
I/DEBUG   (  162): pid: 9138, tid: 9138, name: com.textra  >>> com.textra <<<
I/DEBUG   (  162): signal 6 (SIGABRT), code -6 (SI_TKILL), fault addr --------
I/DEBUG   (  162):     eax 00000000  ebx 000023b2  ecx 000023b2  edx 00000006
I/DEBUG   (  162):     esi 000023b2  edi 00000000
I/DEBUG   (  162):     xcs 00000073  xds 0000007b  xes 0000007b  xfs 00000000  xss 0000007b
I/DEBUG   (  162):     eip b763e0d6  ebp b76a7ce0  esp bfcfc540  flags 00200207
I/DEBUG   (  162): 
I/DEBUG   (  162): backtrace:
I/DEBUG   (  162):     #00  pc 0003c0d6  /system/lib/libc.so (tgkill+22)
I/DEBUG   (  162):     #01  pc 00000005  <unknown>
I/DEBUG   (  162): 
I/DEBUG   (  162): stack:
I/DEBUG   (  162):          bfcfc500  00000000  
I/DEBUG   (  162):          bfcfc504  b76a3268  /system/lib/libc.so
I/DEBUG   (  162):          bfcfc508  00000000  
I/DEBUG   (  162):          bfcfc50c  b760ff39  /system/lib/libc.so (pthread_mutex_unlock+25)
I/DEBUG   (  162):          bfcfc510  b76a318c  /system/lib/libc.so
I/DEBUG   (  162):          bfcfc514  b8c61060  [heap]
I/DEBUG   (  162):          bfcfc518  00000015  
I/DEBUG   (  162):          bfcfc51c  00000002  
I/DEBUG   (  162):          bfcfc520  00000000  
I/DEBUG   (  162):          bfcfc524  b765c926  /system/lib/libc.so (funlockfile+6)
I/DEBUG   (  162):          bfcfc528  b76a2fcc  /system/lib/libc.so
I/DEBUG   (  162):          bfcfc52c  b7648006  /system/lib/libc.so (__sflush_locked+150)
I/DEBUG   (  162):          bfcfc530  00000000  
I/DEBUG   (  162):          bfcfc534  00000000  
I/DEBUG   (  162):          bfcfc538  b760fd69  /system/lib/libc.so (pthread_mutex_lock+9)
I/DEBUG   (  162):          bfcfc53c  b76a2fcc  /system/lib/libc.so
I/DEBUG   (  162):     #00  bfcfc540  00000006  
I/DEBUG   (  162):          bfcfc544  000023b2  
I/DEBUG   (  162):          bfcfc548  b76a2fcc  /system/lib/libc.so
I/DEBUG   (  162):          bfcfc54c  b761a4a6  /system/lib/libc.so (pthread_kill+102)
I/DEBUG   (  162):          bfcfc550  000023b2  
I/DEBUG   (  162):          bfcfc554  000023b2  
I/DEBUG   (  162):          bfcfc558  00000006  
I/DEBUG   (  162):          bfcfc55c  00000000  
I/DEBUG   (  162):          bfcfc560  b76a3268  /system/lib/libc.so
I/DEBUG   (  162):          bfcfc564  00007d54  
I/DEBUG   (  162):          bfcfc568  b761a449  /system/lib/libc.so (pthread_kill+9)
I/DEBUG   (  162):          bfcfc56c  b76a2fcc  /system/lib/libc.so
I/DEBUG   (  162):          bfcfc570  bfcfc5bc  [stack]
I/DEBUG   (  162):          bfcfc574  bfcfc7f0  [stack]
I/DEBUG   (  162):          bfcfc578  00000000  
I/DEBUG   (  162):          bfcfc57c  b761a82c  /system/lib/libc.so (raise+44)
I/InputDispatcher(  470): Dropping event because there is no focused window or focused application.
W/NetworkManagementSocketTagger(  470): setKernelCountSet(10055, 0) failed with errno -13
I/InputDispatcher(  470): Dropping event because there is no focused window or focused application.
I/InputDispatcher(  470): Dropping event because there is no focused window or focused application.
I/InputDispatcher(  470): Dropping event because there is no focused window or focused application.
I/InputDispatcher(  470): Dropping event because there is no focused window or focused application.
I/InputDispatcher(  470): Dropping event because there is no focused window or focused application.
I/BootReceiver(  470): Copying /data/tombstones/tombstone_06 to DropBox (SYSTEM_TOMBSTONE)
I/ActivityManager(  470): Process com.textra (pid 9138) has died.
W/ActivityManager(  470): Force removing ActivityRecord{4aa3d808 u0 com.textra/com.mplus.lib.ui.main.Main t60}: app died, no saved state
W/InputManager(  470): Input event injection from pid 9083 failed.
W/InputManager(  470): Input event injection from pid 9083 failed.
W/InputManager(  470): Input event injection from pid 9083 failed.
W/InputManager(  470): Input event injection from pid 9083 failed.
W/InputManager(  470): Input event injection from pid 9083 failed.
W/InputManager(  470): Input event injection from pid 9083 failed.
I/ActivityManager(  470): START u0 {act=android.intent.action.MAIN cat=[android.intent.category.LAUNCHER] flg=0x10200000 cmp=com.textra/com.mplus.lib.ui.main.Main} from pid 9083
D/Zygote  (  166): Process 9138 terminated by signal (6)
W/ActivityManager(  470): Force-killing crashed app com.textra at watcher's request
W/ContextImpl(  470): Calling a method in the system process without a qualified user: android.app.ContextImpl.sendBroadcast:1123 com.android.server.am.ActivityManagerService.handleApplicationCrashInner:9642 com.android.server.am.NativeCrashListener$NativeCrashReporter.run:86 <bottom of call stack> <bottom of call stack> 
W/EGL_emulation( 8384): eglSurfaceAttrib not implemented 3093 12436
I/ActivityManager(  470): Start proc com.textra for activity com.textra/com.mplus.lib.ui.main.Main: pid=9163 uid=10055 gids={50055, 3002, 3003, 1028, 1015, 1023}
W/NetworkManagementSocketTagger(  470): setKernelCountSet(10055, 1) failed with errno -13
I/dalvikvm( 9163): ignoring registerObject request in thread=1
I/dalvikvm( 9163): ignoring registerObject request in thread=1
I/dalvikvm( 9163): Could not find method android.telephony.SmsManager.getCarrierConfigValues, referenced from method com.mplus.lib.ui.main.App.appendMmsConfigValues
W/dalvikvm( 9163): VFY: unable to resolve virtual method 2990: Landroid/telephony/SmsManager;.getCarrierConfigValues ()Landroid/os/Bundle;
D/dalvikvm( 9163): VFY: replacing opcode 0x6e at 0x000b
I/dalvikvm( 9163): Could not find method android.app.Application.checkSelfPermission, referenced from method com.mplus.lib.ui.main.App.havePermission
W/dalvikvm( 9163): VFY: unable to resolve virtual method 112: Landroid/app/Application;.checkSelfPermission (Ljava/lang/String;)I
D/dalvikvm( 9163): VFY: replacing opcode 0x6e at 0x000a
I/dalvikvm( 9163): Could not find method android.provider.Settings.canDrawOverlays, referenced from method com.mplus.lib.axr.b
W/dalvikvm( 9163): VFY: unable to resolve static method 1479: Landroid/provider/Settings;.canDrawOverlays (Landroid/content/Context;)Z
D/dalvikvm( 9163): VFY: replacing opcode 0x71 at 0x0006
I/dalvikvm( 9163): Could not find method android.app.ActivityManager$TaskDescription.getIcon, referenced from method com.mplus.lib.bqv.a
W/dalvikvm( 9163): VFY: unable to find class referenced in signature (Lokhttp3/Request;)
W/dalvikvm( 9163): VFY: unable to find class referenced in signature (Lokhttp3/Response;)
I/dalvikvm( 9163): Could not find method okhttp3.Response.headers, referenced from method empirical.HelperClass.printOkHttpInfo
W/dalvikvm( 9163): VFY: unable to resolve virtual method 32421: Lokhttp3/Response;.headers ()Lokhttp3/Headers;
D/dalvikvm( 9163): VFY: replacing opcode 0x6e at 0x0006
W/dalvikvm( 9163): VFY: unable to find class referenced in signature (Lokhttp3/Call;)
W/dalvikvm( 9163): VFY: unable to find class referenced in signature (Lokhttp3/Response;)
I/dalvikvm( 9163): Could not find method okhttp3.Call.request, referenced from method empirical.HelperClass.printOkHttpInfoFromCall
W/dalvikvm( 9163): VFY: unable to resolve interface method 32415: Lokhttp3/Call;.request ()Lokhttp3/Request;
D/dalvikvm( 9163): VFY: replacing opcode 0x72 at 0x0006
I/System.out( 9163): body:<com.facebook.GraphRequest: java.net.HttpURLConnection c(com.mplus.lib.tf)>	sig:specialinvoke r29.<java.net.URL: void <init>(java.lang.String)>($r8)	timediff:0
I/System.out( 9163): <com.facebook.GraphRequest: java.net.HttpURLConnection c(com.mplus.lib.tf)>###specialinvoke r29.<java.net.URL: void <init>(java.lang.String)>($r8)###https://graph.facebook.com/v2.6/554258444624323?fields=supports_implicit_sdk_logging%2Cgdpv4_nux_content%2Cgdpv4_nux_enabled%2Cgdpv4_chrome_custom_tabs_enabled%2Candroid_dialog_configs%2Candroid_sdk_error_categories%2Capp_events_session_timeout&format=json&sdk=android
W/dalvikvm( 9163): VFY: unable to resolve virtual method 85: Landroid/app/ActivityManager$TaskDescription;.getIcon ()Landroid/graphics/Bitmap;
D/dalvikvm( 9163): VFY: replacing opcode 0x6e at 0x000d
W/NetworkManagementSocketTagger(  470): setKernelCountSet(10007, 0) failed with errno -13
E/dalvikvm( 9163): Could not find class 'android.app.ActivityManager$TaskDescription', referenced from method com.mplus.lib.bqv.a
W/dalvikvm( 9163): VFY: unable to resolve new-instance 25 (Landroid/app/ActivityManager$TaskDescription;) in Lcom/mplus/lib/bqv;
D/dalvikvm( 9163): VFY: replacing opcode 0x22 at 0x0044
D/dalvikvm( 9163): DexOpt: unable to opt direct call 0x0054 at 0x6d in Lcom/mplus/lib/bqv;.a
E/dalvikvm( 9163): Could not find class 'android.graphics.drawable.RippleDrawable', referenced from method com.mplus.lib.bqs.b
W/dalvikvm( 9163): VFY: unable to resolve new-instance 189 (Landroid/graphics/drawable/RippleDrawable;) in Lcom/mplus/lib/bqs;
D/dalvikvm( 9163): VFY: replacing opcode 0x22 at 0x000e
E/dalvikvm( 9163): Could not find class 'android.graphics.drawable.RippleDrawable', referenced from method com.mplus.lib.bqs.a
W/dalvikvm( 9163): VFY: unable to resolve new-instance 189 (Landroid/graphics/drawable/RippleDrawable;) in Lcom/mplus/lib/bqs;
D/dalvikvm( 9163): VFY: replacing opcode 0x22 at 0x0099
D/dalvikvm( 9163): DexOpt: unable to opt direct call 0x03d2 at 0x15 in Lcom/mplus/lib/bqs;.b
D/dalvikvm( 9163): JIT code cache reset in 0 ms (0 bytes 1/0)
D/dalvikvm( 9163): GC_CONCURRENT freed 290K, 11% free 3010K/3364K, paused 19ms+4ms, total 31ms
D/dalvikvm( 9163): WAIT_FOR_CONCURRENT_GC blocked 6ms
D/dalvikvm( 9163): WAIT_FOR_CONCURRENT_GC blocked 3ms
D/dalvikvm( 9163): WAIT_FOR_CONCURRENT_GC blocked 8ms
D/dalvikvm( 9163): DexOpt: unable to opt direct call 0x03d2 at 0xa3 in Lcom/mplus/lib/bqs;.a
I/dalvikvm( 9163): Could not find method android.telephony.SubscriptionManager.from, referenced from method com.mplus.lib.bhg.a
W/dalvikvm( 9163): VFY: unable to resolve static method 3013: Landroid/telephony/SubscriptionManager;.from (Landroid/content/Context;)Landroid/telephony/SubscriptionManager;
D/dalvikvm( 9163): VFY: replacing opcode 0x71 at 0x0011
I/dalvikvm( 9163): Could not find method android.telephony.SubscriptionManager.getActiveSubscriptionInfoCountMax, referenced from method com.mplus.lib.bhg.c
W/dalvikvm( 9163): VFY: unable to resolve virtual method 3014: Landroid/telephony/SubscriptionManager;.getActiveSubscriptionInfoCountMax ()I
D/dalvikvm( 9163): VFY: replacing opcode 0x6e at 0x0010
I/dalvikvm( 9163): Could not find method android.telephony.SubscriptionManager.getActiveSubscriptionInfoList, referenced from method com.mplus.lib.bhg.e
W/dalvikvm( 9163): VFY: unable to resolve virtual method 3015: Landroid/telephony/SubscriptionManager;.getActiveSubscriptionInfoList ()Ljava/util/List;
D/dalvikvm( 9163): VFY: replacing opcode 0x6e at 0x0007
E/dalvikvm( 9163): Could not find class 'android.telephony.SubscriptionManager', referenced from method com.mplus.lib.bhg.b
W/dalvikvm( 9163): VFY: unable to resolve const-class 401 (Landroid/telephony/SubscriptionManager;) in Lcom/mplus/lib/bhg;
D/dalvikvm( 9163): VFY: replacing opcode 0x1c at 0x0019
I/dalvikvm( 9163): Could not find method android.telephony.SmsManager.getCarrierConfigValues, referenced from method com.mplus.lib.bhh.j
