I/DEBUG   (25081):          bffaa9cc  b770e82c  /system/lib/libc.so (raise+44)
I/BootReceiver(  464): Copying /data/tombstones/tombstone_09 to DropBox (SYSTEM_TOMBSTONE)
D/Zygote  (  168): Process 25334 terminated by signal (6)
I/ActivityManager(  464): Process com.adhoclabs.burner (pid 25334) has died.
W/ActivityManager(  464): Force removing ActivityRecord{4a98f340 u0 com.adhoclabs.burner/.LoadingActivity t177}: app died, no saved state
W/NetworkManagementSocketTagger(  464): setKernelCountSet(10091, 0) failed with errno -13
I/InputDispatcher(  464): Dropping event because there is no focused window or focused application.
W/InputManager(  464): Input event injection from pid 24538 failed.
W/ActivityManager(  464): Force-killing crashed app com.adhoclabs.burner at watcher's request
W/ContextImpl(  464): Calling a method in the system process without a qualified user: android.app.ContextImpl.sendBroadcast:1123 com.android.server.am.ActivityManagerService.handleApplicationCrashInner:9670 com.android.server.am.NativeCrashListener$NativeCrashReporter.run:86 <bottom of call stack> <bottom of call stack> 
I/InputDispatcher(  464): Dropping event because there is no focused window or focused application.
W/InputManager(  464): Input event injection from pid 24538 failed.
I/InputDispatcher(  464): Dropping event because there is no focused window or focused application.
D/FirebaseApp(24744): Notifying background state change listeners.
W/InputManager(  464): Input event injection from pid 24538 failed.
I/InputDispatcher(  464): Dropping event because there is no focused window or focused application.
W/InputManager(  464): Input event injection from pid 24538 failed.
I/InputDispatcher(  464): Dropping event because there is no focused window or focused application.
W/InputManager(  464): Input event injection from pid 24538 failed.
W/EGL_emulation(24744): eglSurfaceAttrib not implemented 3093 12436
D/dalvikvm(  464): GC_CONCURRENT freed 2363K, 42% free 12294K/21164K, paused 2ms+1ms, total 118ms
D/dalvikvm(  464): WAIT_FOR_CONCURRENT_GC blocked 51ms
D/dalvikvm(  464): WAIT_FOR_CONCURRENT_GC blocked 53ms
D/dalvikvm(24744): GC_FOR_ALLOC freed 1162K, 18% free 11241K/13692K, paused 6ms, total 11ms
D/dalvikvm(24744): GC_FOR_ALLOC freed 365K, 18% free 11630K/14044K, paused 5ms, total 6ms
W/InputMethodManagerService(  464): Window already focused, ignoring focus gain of: com.android.internal.view.IInputMethodClient$Stub$Proxy@4ae31d54 attribute=null, token = android.os.BinderProxy@4aa03b70
E/AudioFlinger(  170): no more track names available
E/AudioTrack(  464): AudioFlinger could not create track, status: -12
E/SoundPool(  464): Error creating AudioTrack
E/AudioFlinger(  170): no more track names available
E/AudioTrack(  464): AudioFlinger could not create track, status: -12
E/SoundPool(  464): Error creating AudioTrack
E/AudioFlinger(  170): no more track names available
E/AudioTrack(  464): AudioFlinger could not create track, status: -12
E/SoundPool(  464): Error creating AudioTrack
E/AudioFlinger(  170): no more track names available
E/AudioTrack(  464): AudioFlinger could not create track, status: -12
E/SoundPool(  464): Error creating AudioTrack
E/AudioFlinger(  170): no more track names available
E/AudioTrack(  464): AudioFlinger could not create track, status: -12
E/SoundPool(  464): Error creating AudioTrack
W/DebugConnManager(24744): getNetworkInfo() on networkType 1
W/AudioFlinger(  170): write blocked for 9881 msecs, 13 delayed writes, thread 0xb4233010
I/ActivityManager(  464): START u0 {act=android.intent.action.VIEW dat=http://launcher.us.yeshen.com/api/app/detail?id=com.supercell.clashofclans flg=0x10000000 cmp=com.android.browser/.BrowserActivity} from pid 24744
E/AudioFlinger(  170): no more track names available
E/AudioTrack(  464): AudioFlinger could not create track, status: -12
E/SoundPool(  464): Error creating AudioTrack
E/AudioFlinger(  170): no more track names available
E/AudioTrack(  464): AudioFlinger could not create track, status: -12
E/SoundPool(  464): Error creating AudioTrack
E/AudioFlinger(  170): no more track names available
E/AudioTrack(  464): AudioFlinger could not create track, status: -12
E/SoundPool(  464): Error creating AudioTrack
V/PanelView(  532): animationTick called with dtms=0; nothing to do (h=0.0 v=0.0)
D/dalvikvm(24744): GC_FOR_ALLOC freed 2206K, 27% free 10716K/14572K, paused 8ms, total 10ms
V/PanelView(  532): animationTick called with dtms=0; nothing to do (h=0.0 v=-0.0)
V/PanelView(  532): animationTick called with dtms=0; nothing to do (h=0.0 v=-0.0)
D/dalvikvm(24744): GC_CONCURRENT freed 1456K, 19% free 11810K/14572K, paused 3ms+1ms, total 12ms
W/PropertyValuesHolder(24744): Method setBrightness() with type int not found on target class class ph
W/PropertyValuesHolder(24744): Method getBrightness() with type int not found on target class class ph
I/ActivityManager(  464): START u0 {act=android.intent.action.MAIN cat=[android.intent.category.LAUNCHER] flg=0x10200000 cmp=com.adhoclabs.burner/.LoadingActivity bnds=[8,848][149,1078] (has extras)} from pid 24744
W/ContextImpl(24744): Calling a method in the system process without a qualified user: android.app.ContextImpl.sendBroadcast:1137 android.content.ContextWrapper.sendBroadcast:370 com.vphone.launcher.Stats.recordLaunch:129 com.vphone.launcher.Launcher.c:3192 com.vphone.launcher.Launcher.onClickAppShortcut:3144 
D/yeshen  (24744): launcher onpause
W/ContextImpl(24744): Calling a method in the system process without a qualified user: android.app.ContextImpl.bindService:1556 android.content.ContextWrapper.bindService:517 com.google.android.gms.common.stats.zzb.zza:-1 com.google.android.gms.common.stats.zzb.zza:-1 com.google.android.gms.ads.identifier.AdvertisingIdClient.zzh:-1 
I/ActivityManager(  464): Start proc com.adhoclabs.burner for activity com.adhoclabs.burner/.LoadingActivity: pid=25394 uid=10091 gids={50091, 3003, 1028, 1015, 1023}
W/ViewRootImpl(24744): Dropping event due to no window focus: KeyEvent { action=ACTION_DOWN, keyCode=KEYCODE_DPAD_UP, scanCode=0, metaState=0, flags=0x400, repeatCount=0, eventTime=3246687, downTime=3246687, deviceId=-1, source=0x101 }
W/ViewRootImpl(24744): Dropping event due to no window focus: KeyEvent { action=ACTION_DOWN, keyCode=KEYCODE_DPAD_UP, scanCode=0, metaState=0, flags=0x400, repeatCount=0, eventTime=3246687, downTime=3246687, deviceId=-1, source=0x101 }
W/NetworkManagementSocketTagger(  464): setKernelCountSet(10091, 1) failed with errno -13
I/dalvikvm(25394): ignoring registerObject request in thread=1
I/dalvikvm(25394): ignoring registerObject request in thread=1
W/ViewRootImpl(24744): Dropping event due to no window focus: KeyEvent { action=ACTION_DOWN, keyCode=KEYCODE_DPAD_UP, scanCode=0, metaState=0, flags=0x400, repeatCount=0, eventTime=3246687, downTime=3246687, deviceId=-1, source=0x101 }
D/yeshen  (24744): launcher onstop
D/FirebaseApp(24744): Notifying background state change listeners.
D/Tinker.DefaultAppLike(24744): onTrimMemory level:20
W/DebugConnManager(24744): getNetworkInfo() on networkType 1
I/dalvikvm(25394): Could not find method android.app.Notification$Builder.setLocalOnly, referenced from method com.google.android.gms.common.GooglePlayServicesUtil.zza
W/dalvikvm(25394): VFY: unable to resolve virtual method 261: Landroid/app/Notification$Builder;.setLocalOnly (Z)Landroid/app/Notification$Builder;
D/dalvikvm(25394): VFY: replacing opcode 0x6e at 0x0100
I/dalvikvm(25394): Could not find method android.content.pm.PackageManager.getPackageInstaller, referenced from method com.google.android.gms.common.GooglePlayServicesUtil.zzh
W/dalvikvm(25394): VFY: unable to resolve virtual method 489: Landroid/content/pm/PackageManager;.getPackageInstaller ()Landroid/content/pm/PackageInstaller;
D/dalvikvm(25394): VFY: replacing opcode 0x6e at 0x000a
D/dalvikvm(25394): JIT code cache reset in 0 ms (0 bytes 1/0)
D/dalvikvm(25394): GC_CONCURRENT freed 277K, 11% free 2933K/3264K, paused 2ms+3ms, total 11ms
I/GMPM    (25394): App measurement is starting up
E/GMPM    (25394): getGoogleAppId failed with status: 10
E/GMPM    (25394): Uploading is not possible. App measurement disabled
D/dalvikvm(25394): GC_CONCURRENT freed 264K, 10% free 3184K/3500K, paused 4ms+2ms, total 12ms
D/dalvikvm(25394): WAIT_FOR_CONCURRENT_GC blocked 3ms
D/dalvikvm(25394): WAIT_FOR_CONCURRENT_GC blocked 3ms
D/dalvikvm(25394): GC_CONCURRENT freed 267K, 9% free 3425K/3748K, paused 3ms+1ms, total 5ms
D/dalvikvm(25394): WAIT_FOR_CONCURRENT_GC blocked 2ms
D/dalvikvm(25394): WAIT_FOR_CONCURRENT_GC blocked 3ms
D/dalvikvm(25394): WAIT_FOR_CONCURRENT_GC blocked 10ms
D/dalvikvm(25394): WAIT_FOR_CONCURRENT_GC blocked 11ms
D/dalvikvm(25394): GC_CONCURRENT freed 125K, 5% free 3697K/3888K, paused 0ms+1ms, total 3ms
D/dalvikvm(25394): GC_CONCURRENT freed 155K, 6% free 4038K/4264K, paused 2ms+0ms, total 5ms
D/dalvikvm(25394): WAIT_FOR_CONCURRENT_GC blocked 3ms
D/dalvikvm(25394): GC_CONCURRENT freed 288K, 8% free 4181K/4544K, paused 2ms+6ms, total 12ms
W/ImageLoader(25394): memoryCache() and memoryCacheSize() calls overlap each other
W/ImageLoader(25394): memoryCache() and memoryCacheSize() calls overlap each other
D/dalvikvm(25394): GC_CONCURRENT freed 1263K, 29% free 3330K/4656K, paused 0ms+0ms, total 7ms
D/dalvikvm(25394): GC_CONCURRENT freed 207K, 25% free 3512K/4656K, paused 7ms+2ms, total 14ms
D/dalvikvm(25394): GC_CONCURRENT freed 210K, 19% free 3814K/4656K, paused 4ms+1ms, total 10ms
D/dalvikvm(25394): WAIT_FOR_CONCURRENT_GC blocked 4ms
D/dalvikvm(25394): WAIT_FOR_CONCURRENT_GC blocked 6ms
W/dalvikvm(25394): VFY: unable to find class referenced in signature (Lokhttp3/Request;)
W/dalvikvm(25394): VFY: unable to find class referenced in signature (Lokhttp3/Response;)
I/dalvikvm(25394): Could not find method okhttp3.Response.headers, referenced from method empirical.HelperClass.printOkHttpInfo
W/dalvikvm(25394): VFY: unable to resolve virtual method 50496: Lokhttp3/Response;.headers ()Lokhttp3/Headers;
D/dalvikvm(25394): VFY: replacing opcode 0x6e at 0x0006
D/dalvikvm(25394): GC_CONCURRENT freed 144K, 12% free 4100K/4656K, paused 0ms+5ms, total 9ms
W/dalvikvm(25394): VFY: unable to find class referenced in signature (Lokhttp3/Call;)
W/dalvikvm(25394): VFY: unable to find class referenced in signature (Lokhttp3/Response;)
I/dalvikvm(25394): Could not find method okhttp3.Call.request, referenced from method empirical.HelperClass.printOkHttpInfoFromCall
W/dalvikvm(25394): VFY: unable to resolve interface method 50490: Lokhttp3/Call;.request ()Lokhttp3/Request;
D/dalvikvm(25394): VFY: replacing opcode 0x72 at 0x0006
I/System.out(25394): body:<com.mixpanel.android.mpmetrics.DecideChecker: java.lang.String getDecideResponseFromServer(java.lang.String,java.lang.String,com.mixpanel.android.util.RemoteService)>	sig:$r1 = staticinvoke <java.net.URLEncoder: java.lang.String encode(java.lang.String,java.lang.String)>($r1, "utf-8")	timediff:0
I/System.out(25394): body:<com.mixpanel.android.mpmetrics.DecideChecker: java.lang.String getDecideResponseFromServer(java.lang.String,java.lang.String,com.mixpanel.android.util.RemoteService)>	sig:$r2 = staticinvoke <java.net.URLEncoder: java.lang.String encode(java.lang.String,java.lang.String)>($r2, "utf-8")	timediff:0
I/System.out(25394): body:<com.mixpanel.android.util.HttpService: byte[] performRequest(java.lang.String,java.util.List,javax.net.ssl.SSLSocketFactory)>	sig:specialinvoke $r12.<java.net.URL: void <init>(java.lang.String)>($r1)	timediff:0
I/System.out(25394): <com.mixpanel.android.util.HttpService: byte[] performRequest(java.lang.String,java.util.List,javax.net.ssl.SSLSocketFactory)>###specialinvoke $r12.<java.net.URL: void <init>(java.lang.String)>($r1)###https://decide.mixpanel.com/decide?version=1&lib=android&token=5768676e801ed29641ac9dc52d31112c&distinct_id=c0a7c043-5c36-47f1-b976-c0b3b4be9e85
I/System.out(25394): body:<com.mixpanel.android.util.HttpService: byte[] performRequest(java.lang.String,java.util.List,javax.net.ssl.SSLSocketFactory)>	sig:$r9 = virtualinvoke $r12.<java.net.URL: java.net.URLConnection openConnection()>()	timediff:1
I/System.out(25394): body:<com.mixpanel.android.util.HttpService: byte[] performRequest(java.lang.String,java.util.List,javax.net.ssl.SSLSocketFactory)>	sig:virtualinvoke $r13.<java.net.HttpURLConnection: void setConnectTimeout(int)>(2000)	timediff:0
I/System.out(25394): body:<com.mixpanel.android.util.HttpService: byte[] performRequest(java.lang.String,java.util.List,javax.net.ssl.SSLSocketFactory)>	sig:virtualinvoke $r13.<java.net.HttpURLConnection: void setReadTimeout(int)>(10000)	timediff:0
D/dalvikvm(25394): GC_CONCURRENT freed 130K, 6% free 4399K/4656K, paused 1ms+3ms, total 8ms
D/dalvikvm(25394): GC_CONCURRENT freed 162K, 5% free 4747K/4992K, paused 0ms+0ms, total 4ms
D/dalvikvm(25394): WAIT_FOR_CONCURRENT_GC blocked 3ms
D/dalvikvm(25394): GC_CONCURRENT freed 179K, 5% free 5189K/5456K, paused 1ms+0ms, total 5ms
D/dalvikvm(25394): WAIT_FOR_CONCURRENT_GC blocked 3ms
D/dalvikvm(25394): GC_CONCURRENT freed 273K, 7% free 5668K/6044K, paused 0ms+1ms, total 5ms
D/dalvikvm(25394): WAIT_FOR_CONCURRENT_GC blocked 5ms
D/dalvikvm(25394): GC_FOR_ALLOC freed 417K, 10% free 5795K/6432K, paused 6ms, total 6ms
D/dalvikvm(25394): GC_FOR_ALLOC freed 126K, 12% free 5923K/6688K, paused 4ms, total 4ms
I/dalvikvm-heap(25394): Grow heap (frag case) to 6.331MB for 521606-byte allocation
D/dalvikvm(25394): GC_FOR_ALLOC freed 254K, 15% free 6178K/7200K, paused 6ms, total 6ms
D/dalvikvm(25394): GC_FOR_ALLOC freed 628K, 15% free 6186K/7200K, paused 4ms, total 4ms
D/dalvikvm(25394): GC_FOR_ALLOC freed 126K, 13% free 6314K/7200K, paused 4ms, total 4ms
I/dalvikvm-heap(25394): Grow heap (frag case) to 6.711MB for 520408-byte allocation
D/dalvikvm(25394): GC_FOR_ALLOC freed 254K, 15% free 6568K/7712K, paused 9ms, total 9ms
D/dalvikvm(25394): GC_FOR_ALLOC freed <1K, 15% free 6568K/7712K, paused 4ms, total 4ms
I/dalvikvm-heap(25394): Grow heap (frag case) to 6.844MB for 399215-byte allocation
D/dalvikvm(25394): GC_FOR_ALLOC freed 509K, 21% free 6449K/8104K, paused 4ms, total 4ms
D/dalvikvm(25394): GC_FOR_ALLOC freed 240K, 18% free 6704K/8104K, paused 3ms, total 3ms
I/dalvikvm-heap(25394): Grow heap (frag case) to 7.092MB for 520408-byte allocation
D/dalvikvm(25394): GC_FOR_ALLOC freed 254K, 20% free 6958K/8616K, paused 5ms, total 5ms
D/dalvikvm(25394): GC_CONCURRENT freed 796K, 13% free 7556K/8616K, paused 2ms+1ms, total 9ms
D/dalvikvm(25394): WAIT_FOR_CONCURRENT_GC blocked 4ms
D/dalvikvm(25394): GC_CONCURRENT freed 466K, 6% free 8682K/9200K, paused 2ms+1ms, total 9ms
D/dalvikvm(25394): WAIT_FOR_CONCURRENT_GC blocked 3ms
D/dalvikvm(25394): GC_CONCURRENT freed 1300K, 13% free 9352K/10704K, paused 2ms+0ms, total 13ms
D/dalvikvm(25394): WAIT_FOR_CONCURRENT_GC blocked 10ms
E/dalvikvm(25394): Bogus static initialization: value type 23 in field type Ljava/lang/CharSequence; for Lcom/adhoclabs/burner/ExternalVariablesManager; at index 0
E/dalvikvm(25394): VM aborting
F/libc    (25394): Fatal signal 6 (SIGABRT) at 0x00006332 (code=-6), thread 25394 (dhoclabs.burner)
I/DEBUG   (25081): *** *** *** *** *** *** *** *** *** *** *** *** *** *** *** ***
I/DEBUG   (25081): Build fingerprint: 'samsung/SM-G955N/dream2lteks:4.4.2/NRD90M/381180401:user/release-keys'
I/DEBUG   (25081): Revision: '0'
I/DEBUG   (25081): pid: 25394, tid: 25394, name: dhoclabs.burner  >>> com.adhoclabs.burner <<<
I/DEBUG   (25081): signal 6 (SIGABRT), code -6 (SI_TKILL), fault addr --------
I/DEBUG   (25081):     eax 00000000  ebx 00006332  ecx 00006332  edx 00000006
I/DEBUG   (25081):     esi 00006332  edi 0000000c
I/DEBUG   (25081):     xcs 00000073  xds 0000007b  xes 0000007b  xfs 00000000  xss 0000007b
I/DEBUG   (25081):     eip b77320d6  ebp b779bce0  esp bffaa990  flags 00200203
I/DEBUG   (25081): 
I/DEBUG   (25081): backtrace:
I/DEBUG   (25081):     #00  pc 0003c0d6  /system/lib/libc.so (tgkill+22)
I/DEBUG   (25081):     #01  pc 00000005  <unknown>
I/DEBUG   (25081): 
I/DEBUG   (25081): stack:
I/DEBUG   (25081):          bffaa950  00000000  
I/DEBUG   (25081):          bffaa954  b7797268  /system/lib/libc.so
I/DEBUG   (25081):          bffaa958  00000000  
I/DEBUG   (25081):          bffaa95c  b7703f39  /system/lib/libc.so (pthread_mutex_unlock+25)
I/DEBUG   (25081):          bffaa960  b779718c  /system/lib/libc.so
I/DEBUG   (25081):          bffaa964  b8657b50  [heap]
I/DEBUG   (25081):          bffaa968  00000015  
I/DEBUG   (25081):          bffaa96c  b7703f39  /system/lib/libc.so (pthread_mutex_unlock+25)
I/DEBUG   (25081):          bffaa970  00000000  
I/DEBUG   (25081):          bffaa974  b7750926  /system/lib/libc.so (funlockfile+6)
I/DEBUG   (25081):          bffaa978  b7796fcc  /system/lib/libc.so
I/DEBUG   (25081):          bffaa97c  b773c006  /system/lib/libc.so (__sflush_locked+150)
I/DEBUG   (25081):          bffaa980  00000000  
I/DEBUG   (25081):          bffaa984  00000000  
I/DEBUG   (25081):          bffaa988  b7703d69  /system/lib/libc.so (pthread_mutex_lock+9)
I/DEBUG   (25081):          bffaa98c  b7796fcc  /system/lib/libc.so
I/DEBUG   (25081):     #00  bffaa990  00000006  
I/DEBUG   (25081):          bffaa994  00006332  
I/DEBUG   (25081):          bffaa998  b7796fcc  /system/lib/libc.so
I/DEBUG   (25081):          bffaa99c  b770e4a6  /system/lib/libc.so (pthread_kill+102)
I/DEBUG   (25081):          bffaa9a0  00006332  
I/DEBUG   (25081):          bffaa9a4  00006332  
I/DEBUG   (25081):          bffaa9a8  00000006  
I/DEBUG   (25081):          bffaa9ac  00000000  
I/DEBUG   (25081):          bffaa9b0  b7797268  /system/lib/libc.so
I/DEBUG   (25081):          bffaa9b4  45440044  
I/DEBUG   (25081):          bffaa9b8  b770e449  /system/lib/libc.so (pthread_kill+9)
I/DEBUG   (25081):          bffaa9bc  b7796fcc  /system/lib/libc.so
I/DEBUG   (25081):          bffaa9c0  bffaaa0c  [stack]
I/DEBUG   (25081):          bffaa9c4  bffaac40  [stack]
I/DEBUG   (25081):          bffaa9c8  00000000  
I/DEBUG   (25081):          bffaa9cc  b770e82c  /system/lib/libc.so (raise+44)
W/NetworkManagementSocketTagger(  464): setKernelCountSet(10091, 0) failed with errno -13
I/BootReceiver(  464): Copying /data/tombstones/tombstone_00 to DropBox (SYSTEM_TOMBSTONE)
I/ActivityManager(  464): Process com.adhoclabs.burner (pid 25394) has died.
I/ActivityManager(  464): Start proc com.adhoclabs.burner for activity com.adhoclabs.burner/.LoadingActivity: pid=25428 uid=10091 gids={50091, 3003, 1028, 1015, 1023}
D/Zygote  (  168): Process 25394 terminated by signal (6)
W/NetworkManagementSocketTagger(  464): setKernelCountSet(10091, 1) failed with errno -13
I/dalvikvm(25428): ignoring registerObject request in thread=1
I/dalvikvm(25428): ignoring registerObject request in thread=1
W/ActivityManager(  464): Force-killing crashed app com.adhoclabs.burner at watcher's request
W/ContextImpl(  464): Calling a method in the system process without a qualified user: android.app.ContextImpl.sendBroadcast:1123 com.android.server.am.ActivityManagerService.handleApplicationCrashInner:9670 com.android.server.am.NativeCrashListener$NativeCrashReporter.run:86 <bottom of call stack> <bottom of call stack> 
I/dalvikvm(25428): Could not find method android.app.Notification$Builder.setLocalOnly, referenced from method com.google.android.gms.common.GooglePlayServicesUtil.zza
W/dalvikvm(25428): VFY: unable to resolve virtual method 261: Landroid/app/Notification$Builder;.setLocalOnly (Z)Landroid/app/Notification$Builder;
D/dalvikvm(25428): VFY: replacing opcode 0x6e at 0x0100
I/dalvikvm(25428): Could not find method android.content.pm.PackageManager.getPackageInstaller, referenced from method com.google.android.gms.common.GooglePlayServicesUtil.zzh
W/dalvikvm(25428): VFY: unable to resolve virtual method 489: Landroid/content/pm/PackageManager;.getPackageInstaller ()Landroid/content/pm/PackageInstaller;
D/dalvikvm(25428): VFY: replacing opcode 0x6e at 0x000a
D/dalvikvm(25428): JIT code cache reset in 0 ms (0 bytes 1/0)
D/dalvikvm(25428): GC_CONCURRENT freed 251K, 10% free 2921K/3228K, paused 2ms+0ms, total 4ms
I/GMPM    (25428): App measurement is starting up
E/GMPM    (25428): getGoogleAppId failed with status: 10
E/GMPM    (25428): Uploading is not possible. App measurement disabled
D/dalvikvm(25428): GC_CONCURRENT freed 274K, 10% free 3038K/3364K, paused 0ms+0ms, total 2ms
D/dalvikvm(25428): GC_CONCURRENT freed 195K, 7% free 3353K/3604K, paused 6ms+1ms, total 12ms
D/dalvikvm(25428): WAIT_FOR_CONCURRENT_GC blocked 7ms
D/dalvikvm(25428): WAIT_FOR_CONCURRENT_GC blocked 7ms
D/dalvikvm(25428): WAIT_FOR_CONCURRENT_GC blocked 8ms
D/dalvikvm(25428): WAIT_FOR_CONCURRENT_GC blocked 9ms
D/dalvikvm(25428): GC_CONCURRENT freed 196K, 7% free 3606K/3864K, paused 0ms+1ms, total 4ms
D/dalvikvm(25428): GC_CONCURRENT freed 151K, 6% free 3950K/4172K, paused 2ms+0ms, total 10ms
D/dalvikvm(25428): WAIT_FOR_CONCURRENT_GC blocked 1ms
D/dalvikvm(25428): WAIT_FOR_CONCURRENT_GC blocked 10ms
D/dalvikvm(25428): GC_CONCURRENT freed 228K, 7% free 4118K/4428K, paused 2ms+3ms, total 6ms
D/dalvikvm(25428): WAIT_FOR_CONCURRENT_GC blocked 19ms
W/ImageLoader(25428): memoryCache() and memoryCacheSize() calls overlap each other
W/ImageLoader(25428): memoryCache() and memoryCacheSize() calls overlap each other
D/dalvikvm(25428): GC_CONCURRENT freed 1279K, 30% free 3305K/4660K, paused 3ms+2ms, total 8ms
D/dalvikvm(25428): GC_CONCURRENT freed 200K, 25% free 3522K/4660K, paused 0ms+1ms, total 3ms
W/dalvikvm(25428): VFY: unable to find class referenced in signature (Lokhttp3/Request;)
W/dalvikvm(25428): VFY: unable to find class referenced in signature (Lokhttp3/Response;)
I/dalvikvm(25428): Could not find method okhttp3.Response.headers, referenced from method empirical.HelperClass.printOkHttpInfo
W/dalvikvm(25428): VFY: unable to resolve virtual method 50496: Lokhttp3/Response;.headers ()Lokhttp3/Headers;
D/dalvikvm(25428): VFY: replacing opcode 0x6e at 0x0006
W/dalvikvm(25428): VFY: unable to find class referenced in signature (Lokhttp3/Call;)
W/dalvikvm(25428): VFY: unable to find class referenced in signature (Lokhttp3/Response;)
I/dalvikvm(25428): Could not find method okhttp3.Call.request, referenced from method empirical.HelperClass.printOkHttpInfoFromCall
W/dalvikvm(25428): VFY: unable to resolve interface method 50490: Lokhttp3/Call;.request ()Lokhttp3/Request;
D/dalvikvm(25428): VFY: replacing opcode 0x72 at 0x0006
I/System.out(25428): body:<com.mixpanel.android.mpmetrics.DecideChecker: java.lang.String getDecideResponseFromServer(java.lang.String,java.lang.String,com.mixpanel.android.util.RemoteService)>	sig:$r1 = staticinvoke <java.net.URLEncoder: java.lang.String encode(java.lang.String,java.lang.String)>($r1, "utf-8")	timediff:0
I/System.out(25428): body:<com.mixpanel.android.mpmetrics.DecideChecker: java.lang.String getDecideResponseFromServer(java.lang.String,java.lang.String,com.mixpanel.android.util.RemoteService)>	sig:$r2 = staticinvoke <java.net.URLEncoder: java.lang.String encode(java.lang.String,java.lang.String)>($r2, "utf-8")	timediff:0
I/System.out(25428): body:<com.mixpanel.android.util.HttpService: byte[] performRequest(java.lang.String,java.util.List,javax.net.ssl.SSLSocketFactory)>	sig:specialinvoke $r12.<java.net.URL: void <init>(java.lang.String)>($r1)	timediff:0
I/System.out(25428): <com.mixpanel.android.util.HttpService: byte[] performRequest(java.lang.String,java.util.List,javax.net.ssl.SSLSocketFactory)>###specialinvoke $r12.<java.net.URL: void <init>(java.lang.String)>($r1)###https://decide.mixpanel.com/decide?version=1&lib=android&token=5768676e801ed29641ac9dc52d31112c&distinct_id=c0a7c043-5c36-47f1-b976-c0b3b4be9e85
I/System.out(25428): body:<com.mixpanel.android.util.HttpService: byte[] performRequest(java.lang.String,java.util.List,javax.net.ssl.SSLSocketFactory)>	sig:$r9 = virtualinvoke $r12.<java.net.URL: java.net.URLConnection openConnection()>()	timediff:1
I/System.out(25428): body:<com.mixpanel.android.util.HttpService: byte[] performRequest(java.lang.String,java.util.List,javax.net.ssl.SSLSocketFactory)>	sig:virtualinvoke $r13.<java.net.HttpURLConnection: void setConnectTimeout(int)>(2000)	timediff:0
I/System.out(25428): body:<com.mixpanel.android.util.HttpService: byte[] performRequest(java.lang.String,java.util.List,javax.net.ssl.SSLSocketFactory)>	sig:virtualinvoke $r13.<java.net.HttpURLConnection: void setReadTimeout(int)>(10000)	timediff:0
D/dalvikvm(25428): GC_CONCURRENT freed 295K, 20% free 3731K/4660K, paused 3ms+1ms, total 6ms
D/dalvikvm(25428): GC_CONCURRENT freed 158K, 13% free 4084K/4660K, paused 2ms+0ms, total 7ms
D/dalvikvm(25428): WAIT_FOR_CONCURRENT_GC blocked 2ms
D/dalvikvm(25428): GC_CONCURRENT freed 145K, 5% free 4438K/4660K, paused 2ms+1ms, total 7ms
D/dalvikvm(25428): WAIT_FOR_CONCURRENT_GC blocked 3ms
D/dalvikvm(25428): GC_CONCURRENT freed 151K, 5% free 4808K/5044K, paused 1ms+0ms, total 5ms
D/dalvikvm(25428): WAIT_FOR_CONCURRENT_GC blocked 3ms
D/dalvikvm(25428): GC_CONCURRENT freed 178K, 5% free 5264K/5536K, paused 2ms+1ms, total 7ms
D/dalvikvm(25428): WAIT_FOR_CONCURRENT_GC blocked 4ms
D/dalvikvm(25428): GC_CONCURRENT freed 295K, 7% free 5669K/6072K, paused 3ms+0ms, total 7ms
D/dalvikvm(25428): GC_FOR_ALLOC freed 492K, 11% free 5924K/6620K, paused 5ms, total 5ms
I/dalvikvm-heap(25428): Grow heap (frag case) to 6.332MB for 521606-byte allocation
D/dalvikvm(25428): GC_FOR_ALLOC freed 254K, 14% free 6180K/7132K, paused 5ms, total 5ms
D/dalvikvm(25428): GC_FOR_ALLOC freed 628K, 15% free 6188K/7260K, paused 5ms, total 5ms
D/dalvikvm(25428): GC_FOR_ALLOC freed 126K, 14% free 6315K/7260K, paused 5ms, total 5ms
I/dalvikvm-heap(25428): Grow heap (frag case) to 6.712MB for 520408-byte allocation
D/dalvikvm(25428): GC_FOR_ALLOC freed <1K, 13% free 6824K/7772K, paused 5ms, total 5ms
D/dalvikvm(25428): GC_FOR_ALLOC freed 1003K, 18% free 6706K/8156K, paused 5ms, total 5ms
D/dalvikvm(25428): GC_FOR_ALLOC freed 254K, 15% free 6960K/8156K, paused 3ms, total 3ms
D/dalvikvm(25428): GC_CONCURRENT freed 784K, 11% free 7524K/8376K, paused 3ms+4ms, total 11ms
D/dalvikvm(25428): GC_CONCURRENT freed 464K, 6% free 8644K/9160K, paused 2ms+2ms, total 19ms
D/dalvikvm(25428): WAIT_FOR_CONCURRENT_GC blocked 3ms
D/dalvikvm(25428): GC_CONCURRENT freed 1294K, 13% free 9306K/10652K, paused 0ms+1ms, total 13ms
D/dalvikvm(25428): WAIT_FOR_CONCURRENT_GC blocked 8ms
E/dalvikvm(25428): Bogus static initialization: value type 23 in field type Ljava/lang/CharSequence; for Lcom/adhoclabs/burner/ExternalVariablesManager; at index 0
E/dalvikvm(25428): VM aborting
F/libc    (25428): Fatal signal 6 (SIGABRT) at 0x00006354 (code=-6), thread 25428 (dhoclabs.burner)
I/DEBUG   (25081): *** *** *** *** *** *** *** *** *** *** *** *** *** *** *** ***
I/DEBUG   (25081): Build fingerprint: 'samsung/SM-G955N/dream2lteks:4.4.2/NRD90M/381180401:user/release-keys'
I/DEBUG   (25081): Revision: '0'
I/DEBUG   (25081): pid: 25428, tid: 25428, name: dhoclabs.burner  >>> com.adhoclabs.burner <<<
I/DEBUG   (25081): signal 6 (SIGABRT), code -6 (SI_TKILL), fault addr --------
I/DEBUG   (25081):     eax 00000000  ebx 00006354  ecx 00006354  edx 00000006
I/DEBUG   (25081):     esi 00006354  edi 0000000c
I/DEBUG   (25081):     xcs 00000073  xds 0000007b  xes 0000007b  xfs 00000000  xss 0000007b
I/DEBUG   (25081):     eip b77320d6  ebp b779bce0  esp bffaa990  flags 00200207
I/DEBUG   (25081): 
I/DEBUG   (25081): backtrace:
I/DEBUG   (25081):     #00  pc 0003c0d6  /system/lib/libc.so (tgkill+22)
I/DEBUG   (25081):     #01  pc 00000005  <unknown>
I/DEBUG   (25081): 
I/DEBUG   (25081): stack:
I/DEBUG   (25081):          bffaa950  00000000  
I/DEBUG   (25081):          bffaa954  b7797268  /system/lib/libc.so
I/DEBUG   (25081):          bffaa958  00000000  
I/DEBUG   (25081):          bffaa95c  b7703f39  /system/lib/libc.so (pthread_mutex_unlock+25)
I/DEBUG   (25081):          bffaa960  b779718c  /system/lib/libc.so
I/DEBUG   (25081):          bffaa964  b8657b50  [heap]
I/DEBUG   (25081):          bffaa968  00000015  
I/DEBUG   (25081):          bffaa96c  b7703f39  /system/lib/libc.so (pthread_mutex_unlock+25)
I/DEBUG   (25081):          bffaa970  00000000  
I/DEBUG   (25081):          bffaa974  b7750926  /system/lib/libc.so (funlockfile+6)
I/DEBUG   (25081):          bffaa978  b7796fcc  /system/lib/libc.so
I/DEBUG   (25081):          bffaa97c  b773c006  /system/lib/libc.so (__sflush_locked+150)
I/DEBUG   (25081):          bffaa980  00000000  
I/DEBUG   (25081):          bffaa984  00000000  
I/DEBUG   (25081):          bffaa988  b7703d69  /system/lib/libc.so (pthread_mutex_lock+9)
I/DEBUG   (25081):          bffaa98c  b7796fcc  /system/lib/libc.so
I/DEBUG   (25081):     #00  bffaa990  00000006  
I/DEBUG   (25081):          bffaa994  00006354  
I/DEBUG   (25081):          bffaa998  b7796fcc  /system/lib/libc.so
I/DEBUG   (25081):          bffaa99c  b770e4a6  /system/lib/libc.so (pthread_kill+102)
I/DEBUG   (25081):          bffaa9a0  00006354  
I/DEBUG   (25081):          bffaa9a4  00006354  
I/DEBUG   (25081):          bffaa9a8  00000006  
I/DEBUG   (25081):          bffaa9ac  00000000  
I/DEBUG   (25081):          bffaa9b0  b7797268  /system/lib/libc.so
I/DEBUG   (25081):          bffaa9b4  01540404  
I/DEBUG   (25081):          bffaa9b8  b770e449  /system/lib/libc.so (pthread_kill+9)
I/DEBUG   (25081):          bffaa9bc  b7796fcc  /system/lib/libc.so
I/DEBUG   (25081):          bffaa9c0  bffaaa0c  [stack]
I/DEBUG   (25081):          bffaa9c4  bffaac40  [stack]
I/DEBUG   (25081):          bffaa9c8  00000000  
I/DEBUG   (25081):          bffaa9cc  b770e82c  /system/lib/libc.so (raise+44)
I/BootReceiver(  464): Copying /data/tombstones/tombstone_05 to DropBox (SYSTEM_TOMBSTONE)
I/Process (  464): Sending signal. PID: 25428 SIG: 9
W/ActivityManager(  464): Force-killing crashed app com.adhoclabs.burner at watcher's request
W/ContextImpl(  464): Calling a method in the system process without a qualified user: android.app.ContextImpl.sendBroadcast:1123 com.android.server.am.ActivityManagerService.handleApplicationCrashInner:9670 com.android.server.am.NativeCrashListener$NativeCrashReporter.run:86 <bottom of call stack> <bottom of call stack> 
I/ActivityManager(  464): Process com.adhoclabs.burner (pid 25428) has died.
W/NetworkManagementSocketTagger(  464): setKernelCountSet(10091, 0) failed with errno -13
D/dalvikvm(  168): GC_EXPLICIT freed 40K, 4% free 2787K/2884K, paused 1ms+1ms, total 4ms
I/ActivityManager(  464): Start proc com.adhoclabs.burner for activity com.adhoclabs.burner/.LoadingActivity: pid=25465 uid=10091 gids={50091, 3003, 1028, 1015, 1023}
D/Zygote  (  168): Process 25428 terminated by signal (6)
D/dalvikvm(  168): GC_EXPLICIT freed <1K, 4% free 2787K/2884K, paused 0ms+3ms, total 5ms
W/NetworkManagementSocketTagger(  464): setKernelCountSet(10091, 1) failed with errno -13
D/dalvikvm(  168): WAIT_FOR_CONCURRENT_GC blocked 1ms
I/dalvikvm(25465): ignoring registerObject request in thread=1
I/dalvikvm(25465): ignoring registerObject request in thread=1
D/dalvikvm(  168): GC_EXPLICIT freed <1K, 4% free 2787K/2884K, paused 0ms+7ms, total 13ms
I/dalvikvm(25465): Could not find method android.app.Notification$Builder.setLocalOnly, referenced from method com.google.android.gms.common.GooglePlayServicesUtil.zza
W/dalvikvm(25465): VFY: unable to resolve virtual method 261: Landroid/app/Notification$Builder;.setLocalOnly (Z)Landroid/app/Notification$Builder;
D/dalvikvm(25465): VFY: replacing opcode 0x6e at 0x0100
I/dalvikvm(25465): Could not find method android.content.pm.PackageManager.getPackageInstaller, referenced from method com.google.android.gms.common.GooglePlayServicesUtil.zzh
W/dalvikvm(25465): VFY: unable to resolve virtual method 489: Landroid/content/pm/PackageManager;.getPackageInstaller ()Landroid/content/pm/PackageInstaller;
D/dalvikvm(25465): VFY: replacing opcode 0x6e at 0x000a
D/dalvikvm(25465): JIT code cache reset in 0 ms (0 bytes 1/0)
D/dalvikvm(25465): GC_CONCURRENT freed 253K, 10% free 2919K/3228K, paused 3ms+1ms, total 5ms
W/ActivityManager(  464): Launch timeout has expired, giving up wake lock!
I/GMPM    (25465): App measurement is starting up
E/GMPM    (25465): getGoogleAppId failed with status: 10
E/GMPM    (25465): Uploading is not possible. App measurement disabled
D/dalvikvm(25465): GC_CONCURRENT freed 296K, 10% free 3110K/3452K, paused 0ms+3ms, total 8ms
D/dalvikvm(25465): GC_CONCURRENT freed 178K, 7% free 3353K/3592K, paused 2ms+3ms, total 7ms
D/dalvikvm(25465): GC_CONCURRENT freed 133K, 6% free 3661K/3860K, paused 0ms+1ms, total 3ms
D/dalvikvm(25465): GC_CONCURRENT freed 153K, 6% free 3907K/4136K, paused 2ms+4ms, total 11ms
D/dalvikvm(25465): GC_CONCURRENT freed 217K, 7% free 4106K/4400K, paused 0ms+2ms, total 10ms
W/ImageLoader(25465): memoryCache() and memoryCacheSize() calls overlap each other
W/ImageLoader(25465): memoryCache() and memoryCacheSize() calls overlap each other
D/dalvikvm(  713): GC_EXPLICIT freed 676K, 44% free 9156K/16220K, paused 1ms+1ms, total 13ms
D/dalvikvm(25465): GC_CONCURRENT freed 1255K, 29% free 3288K/4616K, paused 2ms+2ms, total 8ms
D/dalvikvm(25465): GC_CONCURRENT freed 192K, 25% free 3506K/4616K, paused 2ms+3ms, total 8ms
W/dalvikvm(25465): VFY: unable to find class referenced in signature (Lokhttp3/Request;)
W/dalvikvm(25465): VFY: unable to find class referenced in signature (Lokhttp3/Response;)
I/dalvikvm(25465): Could not find method okhttp3.Response.headers, referenced from method empirical.HelperClass.printOkHttpInfo
W/dalvikvm(25465): VFY: unable to resolve virtual method 50496: Lokhttp3/Response;.headers ()Lokhttp3/Headers;
D/dalvikvm(25465): VFY: replacing opcode 0x6e at 0x0006
W/dalvikvm(25465): VFY: unable to find class referenced in signature (Lokhttp3/Call;)
W/dalvikvm(25465): VFY: unable to find class referenced in signature (Lokhttp3/Response;)
I/dalvikvm(25465): Could not find method okhttp3.Call.request, referenced from method empirical.HelperClass.printOkHttpInfoFromCall
W/dalvikvm(25465): VFY: unable to resolve interface method 50490: Lokhttp3/Call;.request ()Lokhttp3/Request;
D/dalvikvm(25465): VFY: replacing opcode 0x72 at 0x0006
I/System.out(25465): body:<com.mixpanel.android.mpmetrics.DecideChecker: java.lang.String getDecideResponseFromServer(java.lang.String,java.lang.String,com.mixpanel.android.util.RemoteService)>	sig:$r1 = staticinvoke <java.net.URLEncoder: java.lang.String encode(java.lang.String,java.lang.String)>($r1, "utf-8")	timediff:0
I/System.out(25465): body:<com.mixpanel.android.mpmetrics.DecideChecker: java.lang.String getDecideResponseFromServer(java.lang.String,java.lang.String,com.mixpanel.android.util.RemoteService)>	sig:$r2 = staticinvoke <java.net.URLEncoder: java.lang.String encode(java.lang.String,java.lang.String)>($r2, "utf-8")	timediff:0
I/System.out(25465): body:<com.mixpanel.android.util.HttpService: byte[] performRequest(java.lang.String,java.util.List,javax.net.ssl.SSLSocketFactory)>	sig:specialinvoke $r12.<java.net.URL: void <init>(java.lang.String)>($r1)	timediff:0
I/System.out(25465): <com.mixpanel.android.util.HttpService: byte[] performRequest(java.lang.String,java.util.List,javax.net.ssl.SSLSocketFactory)>###specialinvoke $r12.<java.net.URL: void <init>(java.lang.String)>($r1)###https://decide.mixpanel.com/decide?version=1&lib=android&token=5768676e801ed29641ac9dc52d31112c&distinct_id=c0a7c043-5c36-47f1-b976-c0b3b4be9e85
I/System.out(25465): body:<com.mixpanel.android.util.HttpService: byte[] performRequest(java.lang.String,java.util.List,javax.net.ssl.SSLSocketFactory)>	sig:$r9 = virtualinvoke $r12.<java.net.URL: java.net.URLConnection openConnection()>()	timediff:2
I/System.out(25465): body:<com.mixpanel.android.util.HttpService: byte[] performRequest(java.lang.String,java.util.List,javax.net.ssl.SSLSocketFactory)>	sig:virtualinvoke $r13.<java.net.HttpURLConnection: void setConnectTimeout(int)>(2000)	timediff:0
I/System.out(25465): body:<com.mixpanel.android.util.HttpService: byte[] performRequest(java.lang.String,java.util.List,javax.net.ssl.SSLSocketFactory)>	sig:virtualinvoke $r13.<java.net.HttpURLConnection: void setReadTimeout(int)>(10000)	timediff:0
D/dalvikvm(25465): GC_CONCURRENT freed 321K, 23% free 3586K/4616K, paused 2ms+0ms, total 9ms
D/dalvikvm(25465): GC_CONCURRENT freed 163K, 15% free 3929K/4616K, paused 0ms+2ms, total 6ms
D/dalvikvm(25465): GC_CONCURRENT freed 147K, 7% free 4293K/4616K, paused 2ms+1ms, total 6ms
D/dalvikvm(25465): WAIT_FOR_CONCURRENT_GC blocked 1ms
D/dalvikvm(25465): GC_CONCURRENT freed 141K, 5% free 4634K/4856K, paused 1ms+1ms, total 5ms
D/dalvikvm(25465): WAIT_FOR_CONCURRENT_GC blocked 3ms
D/dalvikvm(25465): GC_CONCURRENT freed 170K, 5% free 5046K/5304K, paused 1ms+1ms, total 5ms
D/dalvikvm(25465): WAIT_FOR_CONCURRENT_GC blocked 4ms
D/dalvikvm(25465): GC_CONCURRENT freed 203K, 6% free 5550K/5856K, paused 1ms+0ms, total 6ms
D/dalvikvm(25465): WAIT_FOR_CONCURRENT_GC blocked 4ms
D/dalvikvm(25465): GC_FOR_ALLOC freed 545K, 11% free 5803K/6472K, paused 4ms, total 4ms
D/dalvikvm(25465): GC_FOR_ALLOC freed 126K, 9% free 5931K/6472K, paused 5ms, total 6ms
D/dalvikvm(25465): GC_FOR_ALLOC freed 254K, 12% free 6186K/6984K, paused 5ms, total 5ms
D/dalvikvm(25465): GC_FOR_ALLOC freed 754K, 15% free 6322K/7376K, paused 5ms, total 5ms
D/dalvikvm(25465): GC_FOR_ALLOC freed 254K, 11% free 6576K/7376K, paused 5ms, total 5ms
D/dalvikvm(25465): GC_FOR_ALLOC freed 749K, 14% free 6712K/7768K, paused 7ms, total 7ms
D/dalvikvm(25465): GC_FOR_ALLOC freed 254K, 11% free 6966K/7768K, paused 4ms, total 4ms
D/dalvikvm(25465): GC_CONCURRENT freed 762K, 10% free 7474K/8304K, paused 3ms+0ms, total 9ms
D/dalvikvm(25465): GC_CONCURRENT freed 458K, 6% free 8582K/9092K, paused 2ms+0ms, total 25ms
D/dalvikvm(25465): WAIT_FOR_CONCURRENT_GC blocked 6ms
D/dalvikvm(25465): GC_CONCURRENT freed 1279K, 13% free 9237K/10568K, paused 0ms+2ms, total 16ms
D/dalvikvm(25465): WAIT_FOR_CONCURRENT_GC blocked 8ms
E/dalvikvm(25465): Bogus static initialization: value type 23 in field type Ljava/lang/CharSequence; for Lcom/adhoclabs/burner/ExternalVariablesManager; at index 0
E/dalvikvm(25465): VM aborting
F/libc    (25465): Fatal signal 6 (SIGABRT) at 0x00006379 (code=-6), thread 25465 (dhoclabs.burner)
I/DEBUG   (25081): *** *** *** *** *** *** *** *** *** *** *** *** *** *** *** ***
I/DEBUG   (25081): Build fingerprint: 'samsung/SM-G955N/dream2lteks:4.4.2/NRD90M/381180401:user/release-keys'
I/DEBUG   (25081): Revision: '0'
I/DEBUG   (25081): pid: 25465, tid: 25465, name: dhoclabs.burner  >>> com.adhoclabs.burner <<<
I/DEBUG   (25081): signal 6 (SIGABRT), code -6 (SI_TKILL), fault addr --------
I/DEBUG   (25081):     eax 00000000  ebx 00006379  ecx 00006379  edx 00000006
I/DEBUG   (25081):     esi 00006379  edi 0000000c
I/DEBUG   (25081):     xcs 00000073  xds 0000007b  xes 0000007b  xfs 00000000  xss 0000007b
I/DEBUG   (25081):     eip b77320d6  ebp b779bce0  esp bffaa990  flags 00200207
I/DEBUG   (25081): 
I/DEBUG   (25081): backtrace:
I/DEBUG   (25081):     #00  pc 0003c0d6  /system/lib/libc.so (tgkill+22)
I/DEBUG   (25081):     #01  pc 00000005  <unknown>
I/DEBUG   (25081): 
I/DEBUG   (25081): stack:
I/DEBUG   (25081):          bffaa950  00000000  
I/DEBUG   (25081):          bffaa954  b7797268  /system/lib/libc.so
I/DEBUG   (25081):          bffaa958  00000000  
I/DEBUG   (25081):          bffaa95c  b7703f39  /system/lib/libc.so (pthread_mutex_unlock+25)
I/DEBUG   (25081):          bffaa960  b779718c  /system/lib/libc.so
I/DEBUG   (25081):          bffaa964  b8657b50  [heap]
I/DEBUG   (25081):          bffaa968  00000015  
I/DEBUG   (25081):          bffaa96c  b7703f39  /system/lib/libc.so (pthread_mutex_unlock+25)
I/DEBUG   (25081):          bffaa970  00000000  
I/DEBUG   (25081):          bffaa974  b7750926  /system/lib/libc.so (funlockfile+6)
I/DEBUG   (25081):          bffaa978  b7796fcc  /system/lib/libc.so
I/DEBUG   (25081):          bffaa97c  b773c006  /system/lib/libc.so (__sflush_locked+150)
I/DEBUG   (25081):          bffaa980  00000000  
I/DEBUG   (25081):          bffaa984  00000000  
I/DEBUG   (25081):          bffaa988  b7703d69  /system/lib/libc.so (pthread_mutex_lock+9)
I/DEBUG   (25081):          bffaa98c  b7796fcc  /system/lib/libc.so
I/DEBUG   (25081):     #00  bffaa990  00000006  
I/DEBUG   (25081):          bffaa994  00006379  
I/DEBUG   (25081):          bffaa998  b7796fcc  /system/lib/libc.so
I/DEBUG   (25081):          bffaa99c  b770e4a6  /system/lib/libc.so (pthread_kill+102)
I/DEBUG   (25081):          bffaa9a0  00006379  
I/DEBUG   (25081):          bffaa9a4  00006379  
I/DEBUG   (25081):          bffaa9a8  00000006  
I/DEBUG   (25081):          bffaa9ac  00000000  
I/DEBUG   (25081):          bffaa9b0  b7797268  /system/lib/libc.so
I/DEBUG   (25081):          bffaa9b4  40444040  
I/DEBUG   (25081):          bffaa9b8  b770e449  /system/lib/libc.so (pthread_kill+9)
I/DEBUG   (25081):          bffaa9bc  b7796fcc  /system/lib/libc.so
I/DEBUG   (25081):          bffaa9c0  bffaaa0c  [stack]
I/DEBUG   (25081):          bffaa9c4  bffaac40  [stack]
I/DEBUG   (25081):          bffaa9c8  00000000  
I/DEBUG   (25081):          bffaa9cc  b770e82c  /system/lib/libc.so (raise+44)
I/BootReceiver(  464): Copying /data/tombstones/tombstone_06 to DropBox (SYSTEM_TOMBSTONE)
I/ActivityManager(  464): Process com.adhoclabs.burner (pid 25465) has died.
W/NetworkManagementSocketTagger(  464): setKernelCountSet(10091, 0) failed with errno -13
I/InputDispatcher(  464): Dropping event because there is no focused window or focused application.
I/InputDispatcher(  464): Dropping event because there is no focused window or focused application.
W/ActivityManager(  464): Force removing ActivityRecord{4a9944b4 u0 com.adhoclabs.burner/.LoadingActivity t178}: app died, no saved state
W/InputManager(  464): Input event injection from pid 24538 failed.
W/InputManager(  464): Input event injection from pid 24538 failed.
I/InputDispatcher(  464): Dropping event because there is no focused window or focused application.
D/Zygote  (  168): Process 25465 terminated by signal (6)
I/InputDispatcher(  464): Dropping event because there is no focused window or focused application.
W/InputManager(  464): Input event injection from pid 24538 failed.
W/InputManager(  464): Input event injection from pid 24538 failed.
I/InputDispatcher(  464): Dropping event because there is no focused window or focused application.
D/FirebaseApp(24744): Notifying background state change listeners.
W/ActivityManager(  464): Force-killing crashed app com.adhoclabs.burner at watcher's request
W/ContextImpl(  464): Calling a method in the system process without a qualified user: android.app.ContextImpl.sendBroadcast:1123 com.android.server.am.ActivityManagerService.handleApplicationCrashInner:9670 com.android.server.am.NativeCrashListener$NativeCrashReporter.run:86 <bottom of call stack> <bottom of call stack> 
W/InputManager(  464): Input event injection from pid 24538 failed.
W/EGL_emulation(24744): eglSurfaceAttrib not implemented 3093 12436
W/ViewRootImpl(24744): Dropping event due to no window focus: MotionEvent { action=ACTION_MOVE, id[0]=0, x[0]=-4.0, y[0]=1.0, toolType[0]=TOOL_TYPE_UNKNOWN, buttonState=0, metaState=0, flags=0x0, edgeFlags=0x0, pointerCount=1, historySize=9, eventTime=3249332, downTime=-1, deviceId=0, source=0x10004 }
W/ViewRootImpl(24744): Dropping event due to no window focus: MotionEvent { action=ACTION_DOWN, id[0]=0, x[0]=0.0, y[0]=0.0, toolType[0]=TOOL_TYPE_UNKNOWN, buttonState=0, metaState=0, flags=0x0, edgeFlags=0x0, pointerCount=1, historySize=0, eventTime=3249334, downTime=3249322, deviceId=0, source=0x10004 }
D/dalvikvm(24744): GC_FOR_ALLOC freed 1243K, 21% free 11836K/14852K, paused 6ms, total 7ms
W/InputMethodManagerService(  464): Window already focused, ignoring focus gain of: com.android.internal.view.IInputMethodClient$Stub$Proxy@4aad1e38 attribute=null, token = android.os.BinderProxy@4aa03b70
I/ActivityManager(  464): START u0 {act=android.intent.action.MAIN cat=[android.intent.category.LAUNCHER] flg=0x10200000 cmp=com.android.browser/.BrowserActivity bnds=[8,388][149,618] (has extras)} from pid 24744
W/ContextImpl(24744): Calling a method in the system process without a qualified user: android.app.ContextImpl.sendBroadcast:1137 android.content.ContextWrapper.sendBroadcast:370 com.vphone.launcher.Stats.recordLaunch:129 com.vphone.launcher.Launcher.c:3192 com.vphone.launcher.Launcher.onClickAppShortcut:3144 
D/dalvikvm(24744): GC_FOR_ALLOC freed 251K, 17% free 12397K/14852K, paused 6ms, total 6ms
D/dalvikvm(24744): GC_FOR_ALLOC freed 989K, 17% free 13016K/15616K, paused 6ms, total 6ms
W/DebugConnManager(24744): getNetworkInfo() on networkType 1
I/ActivityManager(  464): START u0 {act=android.intent.action.VIEW dat=http://launcher.us.yeshen.com/api/app/detail?id=com.imangi.templerun flg=0x10000000 cmp=com.android.browser/.BrowserActivity} from pid 24744
D/dalvikvm(24744): GC_FOR_ALLOC freed 2101K, 20% free 13147K/16408K, paused 7ms, total 7ms
D/dalvikvm(24744): GC_FOR_ALLOC freed 1833K, 20% free 13328K/16584K, paused 6ms, total 7ms
W/Launcher(24744): No global search activity found.
W/DebugConnManager(24744): getNetworkInfo() on networkType 1
W/DebugConnManager(24744): getNetworkInfo() on networkType 1
I/ActivityManager(  464): START u0 {act=android.intent.action.VIEW dat=http://launcher.us.yeshen.com/api/app/detail?id=com.youmusic.magictiles flg=0x10000000 cmp=com.android.browser/.BrowserActivity} from pid 24744
W/DebugConnManager(24744): getNetworkInfo() on networkType 1
I/ActivityManager(  464): START u0 {act=android.intent.action.VIEW dat=http://launcher.us.yeshen.com/api/app/detail?id=com.youmusic.magictiles flg=0x10000000 cmp=com.android.browser/.BrowserActivity} from pid 24744
D/dalvikvm(24744): GC_FOR_ALLOC freed 4128K, 31% free 11650K/16848K, paused 8ms, total 8ms
W/DebugConnManager(24744): getNetworkInfo() on networkType 1
I/ActivityManager(  464): START u0 {act=android.intent.action.VIEW dat=http://launcher.us.yeshen.com/api/app/detail?id=com.BCG.ForteCraft flg=0x10000000 cmp=com.android.browser/.BrowserActivity} from pid 24744
D/dalvikvm(24744): GC_CONCURRENT freed 2286K, 28% free 12197K/16848K, paused 2ms+1ms, total 9ms
W/DebugConnManager(24744): getNetworkInfo() on networkType 1
I/ActivityManager(  464): START u0 {act=android.intent.action.VIEW dat=http://launcher.us.yeshen.com/api/app/detail?id=com.miniclip.eightballpool flg=0x10000000 cmp=com.android.browser/.BrowserActivity} from pid 24744
W/DebugConnManager(24744): getNetworkInfo() on networkType 1
I/ActivityManager(  464): START u0 {act=android.intent.action.VIEW dat=http://launcher.us.yeshen.com/api/app/detail?id=com.miniclip.eightballpool flg=0x10000000 cmp=com.android.browser/.BrowserActivity} from pid 24744
V/PanelView(  532): animationTick called with dtms=0; nothing to do (h=0.0 v=0.0)
W/DebugConnManager(24744): getNetworkInfo() on networkType 1
I/ActivityManager(  464): START u0 {act=android.intent.action.VIEW dat=http://launcher.us.yeshen.com/api/app/detail?id=com.miniclip.eightballpool flg=0x10000000 cmp=com.android.browser/.BrowserActivity} from pid 24744
W/Launcher(24744): No global search activity found.
W/DebugConnManager(24744): getNetworkInfo() on networkType 1
I/ActivityManager(  464): START u0 {act=android.intent.action.VIEW dat=http://launcher.us.yeshen.com/api/app/detail?id=com.dts.freefireth flg=0x10000000 cmp=com.android.browser/.BrowserActivity} from pid 24744
W/DebugConnManager(24744): getNetworkInfo() on networkType 1
I/ActivityManager(  464): START u0 {act=android.intent.action.VIEW dat=http://launcher.us.yeshen.com/api/app/detail?id=com.extremefungames.mototrafficrace2 flg=0x10000000 cmp=com.android.browser/.BrowserActivity} from pid 24744
W/DebugConnManager(24744): getNetworkInfo() on networkType 1
I/ActivityManager(  464): START u0 {act=android.intent.action.VIEW dat=http://launcher.us.yeshen.com/api/app/detail?id=com.namcobandaigames.pacmantournaments flg=0x10000000 cmp=com.android.browser/.BrowserActivity} from pid 24744
W/DebugConnManager(24744): getNetworkInfo() on networkType 1
W/DebugConnManager(24744): getNetworkInfo() on networkType 1
I/ActivityManager(  464): START u0 {act=android.intent.action.VIEW dat=http://launcher.us.yeshen.com/api/app/detail?id=com.supercell.clashroyale flg=0x10000000 cmp=com.android.browser/.BrowserActivity} from pid 24744
I/ActivityManager(  464): START u0 {act=android.intent.action.VIEW dat=http://launcher.us.yeshen.com/api/app/detail?id=me.pou.app flg=0x10000000 cmp=com.android.browser/.BrowserActivity} from pid 24744
I/ActivityManager(  464): START u0 {act=android.intent.action.MAIN cat=[android.intent.category.LAUNCHER] flg=0x10200000 cmp=com.adhoclabs.burner/.LoadingActivity} from pid 24538
D/yeshen  (24744): launcher onpause
I/ActivityManager(  464): Start proc com.adhoclabs.burner for activity com.adhoclabs.burner/.LoadingActivity: pid=25567 uid=10091 gids={50091, 3003, 1028, 1015, 1023}
W/NetworkManagementSocketTagger(  464): setKernelCountSet(10091, 1) failed with errno -13
I/dalvikvm(25567): ignoring registerObject request in thread=1
I/dalvikvm(25567): ignoring registerObject request in thread=1
D/yeshen  (24744): launcher onstop
W/DebugConnManager(24744): getNetworkInfo() on networkType 1
I/dalvikvm(25567): Could not find method android.app.Notification$Builder.setLocalOnly, referenced from method com.google.android.gms.common.GooglePlayServicesUtil.zza
