W/ContextImpl(  681): Calling a method in the system process without a qualified user: android.app.ContextImpl.startActivity:1020 android.content.ContextWrapper.startActivity:311 com.vphone.launcher.utils.AppUtil.openByBrowser:1068 com.vphone.launcher.utils.AppUtil.b:1499 com.vphone.launcher.utils.AppUtil.onQsbClicked:1474 
W/ContextImpl(  681): Calling a method in the system process without a qualified user: android.app.ContextImpl.startActivity:1032 android.app.ContextImpl.startActivity:1021 android.content.ContextWrapper.startActivity:311 com.vphone.launcher.utils.AppUtil.openByBrowser:1068 com.vphone.launcher.utils.AppUtil.b:1499 
I/ActivityManager(  464): START u0 {act=android.intent.action.VIEW dat=https://www.bignox.com/gsearch/index?g=e4382e3f-a082-4060-b970-a4dd13ffa2b6&a=2c56dc4e22145808&i=354730040445623&m=2C:56:DC:4E:22:14 flg=0x10000000 cmp=com.android.browser/.BrowserActivity} from pid 681
W/PropertyValuesHolder(  681): Method setBrightness() with type int not found on target class class ph
W/PropertyValuesHolder(  681): Method getBrightness() with type int not found on target class class ph
I/ActivityManager(  464): START u0 {act=android.intent.action.MAIN cat=[android.intent.category.LAUNCHER] flg=0x10200000 cmp=com.northpark.beautycamera/.AdActivity bnds=[431,618][572,848] (has extras)} from pid 681
W/ContextImpl(  681): Calling a method in the system process without a qualified user: android.app.ContextImpl.sendBroadcast:1137 android.content.ContextWrapper.sendBroadcast:370 com.vphone.launcher.Stats.recordLaunch:129 com.vphone.launcher.Launcher.c:3192 com.vphone.launcher.Launcher.onClickAppShortcut:3144 
E/AudioFlinger(  170): no more track names available
E/AudioTrack(  464): AudioFlinger could not create track, status: -12
E/SoundPool(  464): Error creating AudioTrack
E/AudioFlinger(  170): no more track names available
E/AudioTrack(  464): AudioFlinger could not create track, status: -12
E/SoundPool(  464): Error creating AudioTrack
D/dalvikvm(  464): GC_EXPLICIT freed 6636K, 45% free 11848K/21164K, paused 1ms+6ms, total 24ms
E/AudioFlinger(  170): no more track names available
E/AudioTrack(  464): AudioFlinger could not create track, status: -12
E/SoundPool(  464): Error creating AudioTrack
E/AudioFlinger(  170): no more track names available
E/AudioTrack(  464): AudioFlinger could not create track, status: -12
E/SoundPool(  464): Error creating AudioTrack
E/AudioFlinger(  170): no more track names available
E/AudioTrack(  464): AudioFlinger could not create track, status: -12
E/SoundPool(  464): Error creating AudioTrack
E/AudioFlinger(  170): no more track names available
E/AudioTrack(  464): AudioFlinger could not create track, status: -12
E/SoundPool(  464): Error creating AudioTrack
E/AudioFlinger(  170): no more track names available
E/AudioTrack(  464): AudioFlinger could not create track, status: -12
E/SoundPool(  464): Error creating AudioTrack
I/qtaguid (  681): Tagging socket 85 with tag 1b8a7d1b00000000(462060827) for uid -1 failed errno=-13
I/NetworkManagementSocketTagger(  681): tagSocketFd(85, 462060827, -1) failed with errno-13
I/qtaguid (  681): Tagging socket 99 with tag 1b8a7d1b00000000(462060827) for uid -1 failed errno=-13
I/NetworkManagementSocketTagger(  681): tagSocketFd(99, 462060827, -1) failed with errno-13
I/qtaguid (  681): Tagging socket 105 with tag 1b8a7d1b00000000(462060827) for uid -1 failed errno=-13
I/NetworkManagementSocketTagger(  681): tagSocketFd(105, 462060827, -1) failed with errno-13
I/qtaguid (  681): Tagging socket 123 with tag 1b8a7d1b00000000(462060827) for uid -1 failed errno=-13
I/NetworkManagementSocketTagger(  681): tagSocketFd(123, 462060827, -1) failed with errno-13
E/AudioFlinger(  170): no more track names available
E/AudioTrack(  464): AudioFlinger could not create track, status: -12
E/SoundPool(  464): Error creating AudioTrack
E/AudioFlinger(  170): no more track names available
E/AudioTrack(  464): AudioFlinger could not create track, status: -12
E/SoundPool(  464): Error creating AudioTrack
I/        (  681): {"errNum":0,"message":"SUCCESS"}
I/        (  681): {"errNum":0,"message":"SUCCESS"}
E/AudioFlinger(  170): no more track names available
E/AudioTrack(  464): AudioFlinger could not create track, status: -12
E/SoundPool(  464): Error creating AudioTrack
I/        (  681): {"errNum":0,"message":"SUCCESS"}
I/        (  681): {"errNum":0,"message":"SUCCESS"}
E/AudioFlinger(  170): no more track names available
E/AudioTrack(  464): AudioFlinger could not create track, status: -12
E/SoundPool(  464): Error creating AudioTrack
W/Launcher(  681): No global search activity found.
I/        (  681): {"errNum":0,"message":"SUCCESS"}
W/PropertyValuesHolder(  681): Method setBrightness() with type int not found on target class class ph
W/PropertyValuesHolder(  681): Method getBrightness() with type int not found on target class class ph
I/ActivityManager(  464): START u0 {act=android.intent.action.MAIN cat=[android.intent.category.LAUNCHER] flg=0x10200000 cmp=com.android.vending/.AssetBrowserActivity bnds=[117,583][219,701] (has extras)} from pid 681
W/ContextImpl(  681): Calling a method in the system process without a qualified user: android.app.ContextImpl.sendBroadcast:1137 android.content.ContextWrapper.sendBroadcast:370 com.vphone.launcher.Stats.recordLaunch:129 com.vphone.launcher.Launcher.c:3192 com.vphone.launcher.Launcher.onClickAppShortcut:3144 
E/AudioFlinger(  170): no more track names available
E/AudioTrack(  464): AudioFlinger could not create track, status: -12
E/SoundPool(  464): Error creating AudioTrack
E/AudioFlinger(  170): no more track names available
E/AudioTrack(  464): AudioFlinger could not create track, status: -12
E/SoundPool(  464): Error creating AudioTrack
E/AudioFlinger(  170): no more track names available
E/AudioTrack(  464): AudioFlinger could not create track, status: -12
E/SoundPool(  464): Error creating AudioTrack
I/ActivityManager(  464): START u0 {act=android.intent.action.MAIN cat=[android.intent.category.LAUNCHER] flg=0x10200000 cmp=com.android.browser/.BrowserActivity bnds=[8,388][149,618] (has extras)} from pid 681
W/ContextImpl(  681): Calling a method in the system process without a qualified user: android.app.ContextImpl.sendBroadcast:1137 android.content.ContextWrapper.sendBroadcast:370 com.vphone.launcher.Stats.recordLaunch:129 com.vphone.launcher.Launcher.c:3192 com.vphone.launcher.Launcher.onClickAppShortcut:3144 
E/AudioFlinger(  170): no more track names available
E/AudioTrack(  464): AudioFlinger could not create track, status: -12
E/SoundPool(  464): Error creating AudioTrack
E/AudioFlinger(  170): no more track names available
E/AudioTrack(  464): AudioFlinger could not create track, status: -12
E/SoundPool(  464): Error creating AudioTrack
E/AudioFlinger(  170): no more track names available
E/AudioTrack(  464): AudioFlinger could not create track, status: -12
E/SoundPool(  464): Error creating AudioTrack
E/AudioFlinger(  170): no more track names available
E/AudioTrack(  464): AudioFlinger could not create track, status: -12
E/SoundPool(  464): Error creating AudioTrack
W/DebugConnManager(  681): getNetworkInfo() on networkType 1
I/ActivityManager(  464): START u0 {act=android.intent.action.VIEW dat=https://tracking.apptrackerlink.com/ws/action/click?offer_id=885515&bid_id=pAlljN9DvRIwDNY587qnSP2xW4vO&imp_id=lB364yXY6Lu0gX4kGjBvi20RlX1&p_id=a57d1f0d-3e45-4524-8e9b-4f61b8d09b3a&mac=2C:56:DC:4E:22:14&gaid=e4382e3f-a082-4060-b970-a4dd13ffa2b6 cmp=com.android.browser/.BrowserActivity} from pid 681
W/ContextImpl(  681): Calling a method in the system process without a qualified user: android.app.ContextImpl.bindService:1556 android.content.ContextWrapper.bindService:517 com.google.android.gms.common.stats.zzb.zza:-1 com.google.android.gms.common.stats.zzb.zza:-1 com.google.android.gms.ads.identifier.AdvertisingIdClient.zzh:-1 
E/AudioFlinger(  170): no more track names available
E/AudioTrack(  464): AudioFlinger could not create track, status: -12
E/SoundPool(  464): Error creating AudioTrack
E/AudioFlinger(  170): no more track names available
E/AudioTrack(  464): AudioFlinger could not create track, status: -12
E/SoundPool(  464): Error creating AudioTrack
E/AudioFlinger(  170): no more track names available
E/AudioTrack(  464): AudioFlinger could not create track, status: -12
E/SoundPool(  464): Error creating AudioTrack
E/AudioFlinger(  170): no more track names available
E/AudioTrack(  464): AudioFlinger could not create track, status: -12
E/SoundPool(  464): Error creating AudioTrack
E/AudioFlinger(  170): no more track names available
E/AudioTrack(  464): AudioFlinger could not create track, status: -12
I/ActivityManager(  464): START u0 {act=android.intent.action.MAIN cat=[android.intent.category.HOME] flg=0x10200000 cmp=com.vphone.launcher/.Launcher} from pid 464
E/SoundPool(  464): Error creating AudioTrack
E/AudioFlinger(  170): no more track names available
E/AudioTrack(  464): AudioFlinger could not create track, status: -12
E/SoundPool(  464): Error creating AudioTrack
E/AudioFlinger(  170): no more track names available
E/AudioTrack(  464): AudioFlinger could not create track, status: -12
E/SoundPool(  464): Error creating AudioTrack
W/Launcher(  681): No global search activity found.
E/AudioFlinger(  170): no more track names available
E/AudioTrack(  464): AudioFlinger could not create track, status: -12
E/SoundPool(  464): Error creating AudioTrack
E/AudioFlinger(  170): no more track names available
E/AudioTrack(  464): AudioFlinger could not create track, status: -12
E/SoundPool(  464): Error creating AudioTrack
E/AudioFlinger(  170): no more track names available
E/AudioTrack(  464): AudioFlinger could not create track, status: -12
E/SoundPool(  464): Error creating AudioTrack
E/AudioFlinger(  170): no more track names available
E/AudioTrack(  464): AudioFlinger could not create track, status: -12
E/SoundPool(  464): Error creating AudioTrack
E/AudioFlinger(  170): no more track names available
E/AudioTrack(  464): AudioFlinger could not create track, status: -12
E/SoundPool(  464): Error creating AudioTrack
E/AudioFlinger(  170): no more track names available
E/AudioTrack(  464): AudioFlinger could not create track, status: -12
E/SoundPool(  464): Error creating AudioTrack
I/ActivityManager(  464): START u0 {act=android.intent.action.MAIN cat=[android.intent.category.LAUNCHER] flg=0x10200000 cmp=com.vphone.helper/.MainActivity bnds=[572,388][713,618] (has extras)} from pid 681
W/ContextImpl(  681): Calling a method in the system process without a qualified user: android.app.ContextImpl.sendBroadcast:1137 android.content.ContextWrapper.sendBroadcast:370 com.vphone.launcher.Stats.recordLaunch:129 com.vphone.launcher.Launcher.c:3192 com.vphone.launcher.Launcher.onClickAppShortcut:3144 
E/AudioFlinger(  170): no more track names available
E/AudioTrack(  464): AudioFlinger could not create track, status: -12
E/SoundPool(  464): Error creating AudioTrack
E/AudioFlinger(  170): no more track names available
E/AudioTrack(  464): AudioFlinger could not create track, status: -12
E/SoundPool(  464): Error creating AudioTrack
V/PanelView(  532): animationTick called with dtms=0; nothing to do (h=0.0 v=-0.0)
W/PropertyValuesHolder(  681): Method setBrightness() with type int not found on target class class ph
W/PropertyValuesHolder(  681): Method getBrightness() with type int not found on target class class ph
E/AudioFlinger(  170): no more track names available
E/AudioTrack(  464): AudioFlinger could not create track, status: -12
I/InputDispatcher(  464): Dropped event because of pending overdue app switch.
E/SoundPool(  464): Error creating AudioTrack
W/InputManager(  464): Input event injection from pid 24538 failed.
W/DebugConnManager(  681): getNetworkInfo() on networkType 1
I/ActivityManager(  464): START u0 {act=android.intent.action.VIEW dat=https://tracking.apptrackerlink.com/ws/action/click?offer_id=885515&bid_id=pAlljN9DvRIwDNY587qnSP2xW4vO&imp_id=lB364yXY6Lu0gX4kGjBvi20RlX1&p_id=a57d1f0d-3e45-4524-8e9b-4f61b8d09b3a&mac=2C:56:DC:4E:22:14&gaid=e4382e3f-a082-4060-b970-a4dd13ffa2b6 cmp=com.android.browser/.BrowserActivity} from pid 681
W/ContextImpl(  681): Calling a method in the system process without a qualified user: android.app.ContextImpl.bindService:1556 android.content.ContextWrapper.bindService:517 com.google.android.gms.common.stats.zzb.zza:-1 com.google.android.gms.common.stats.zzb.zza:-1 com.google.android.gms.ads.identifier.AdvertisingIdClient.zzh:-1 
E/AudioFlinger(  170): no more track names available
E/AudioTrack(  464): AudioFlinger could not create track, status: -12
E/SoundPool(  464): Error creating AudioTrack
W/ContextImpl(  681): Calling a method in the system process without a qualified user: android.app.ContextImpl.bindService:1556 android.content.ContextWrapper.bindService:517 com.google.android.gms.common.stats.zzb.zza:-1 com.google.android.gms.common.stats.zzb.zza:-1 com.google.android.gms.ads.identifier.AdvertisingIdClient.zzh:-1 
I/qtaguid (  681): Tagging socket 162 with tag 49e2824000000000(1239581248) for uid -1 failed errno=-13
I/NetworkManagementSocketTagger(  681): tagSocketFd(162, 1239581248, -1) failed with errno-13
E/AudioFlinger(  170): no more track names available
E/AudioTrack(  464): AudioFlinger could not create track, status: -12
E/SoundPool(  464): Error creating AudioTrack
W/DebugConnManager(  681): getNetworkInfo() on networkType 1
E/AudioFlinger(  170): no more track names available
E/AudioTrack(  464): AudioFlinger could not create track, status: -12
E/SoundPool(  464): Error creating AudioTrack
W/ContextImpl(  681): Calling a method in the system process without a qualified user: android.app.ContextImpl.startActivity:1020 android.content.ContextWrapper.startActivity:311 com.vphone.launcher.utils.AppUtil.openByBrowser:1068 com.vphone.launcher.utils.AppUtil.b:1499 com.vphone.launcher.utils.AppUtil.onQsbClicked:1474 
W/ContextImpl(  681): Calling a method in the system process without a qualified user: android.app.ContextImpl.startActivity:1032 android.app.ContextImpl.startActivity:1021 android.content.ContextWrapper.startActivity:311 com.vphone.launcher.utils.AppUtil.openByBrowser:1068 com.vphone.launcher.utils.AppUtil.b:1499 
I/ActivityManager(  464): START u0 {act=android.intent.action.VIEW dat=https://www.bignox.com/gsearch/index?g=e4382e3f-a082-4060-b970-a4dd13ffa2b6&a=2c56dc4e22145808&i=354730040445623&m=2C:56:DC:4E:22:14 flg=0x10000000 cmp=com.android.browser/.BrowserActivity} from pid 681
D/ConnectivityService(  464): handleInetConditionHoldEnd: net=1, condition=100, published condition=100
I/ActivityManager(  464): START u0 {act=android.intent.action.MAIN cat=[android.intent.category.LAUNCHER] flg=0x10200000 cmp=com.android.browser/.BrowserActivity bnds=[8,388][149,618] (has extras)} from pid 681
E/AudioFlinger(  170): no more track names available
E/AudioTrack(  464): AudioFlinger could not create track, status: -12
W/ContextImpl(  681): Calling a method in the system process without a qualified user: android.app.ContextImpl.sendBroadcast:1137 android.content.ContextWrapper.sendBroadcast:370 com.vphone.launcher.Stats.recordLaunch:129 com.vphone.launcher.Launcher.c:3192 com.vphone.launcher.Launcher.onClickAppShortcut:3144 
E/SoundPool(  464): Error creating AudioTrack
D/AndroidRuntime(  681): Shutting down VM
W/dalvikvm(  681): threadid=1: thread exiting with uncaught exception (group=0x94d12b20)
W/DebugConnManager(  681): getNetworkInfo() on networkType 1
W/System.err(  681): java.lang.ArrayIndexOutOfBoundsException: src.length=0 srcPos=0 dst.length=1 dstPos=0 length=4
W/System.err(  681): 	at java.lang.System.arraycopy(Native Method)
W/System.err(  681): 	at java.util.concurrent.CopyOnWriteArrayList.add(CopyOnWriteArrayList.java:276)
W/System.err(  681): 	at com.vphone.launcher.Hotseat$5.a(SourceFile:976)
W/System.err(  681): 	at com.vphone.launcher.Hotseat$5.onResponse(SourceFile:954)
W/System.err(  681): 	at com.vphone.launcher.network.GsonRequest.deliverResponse(SourceFile:52)
W/System.err(  681): 	at com.android.volley.ExecutorDelivery$a.run(SourceFile:99)
W/System.err(  681): 	at android.os.Handler.handleCallback(Handler.java:733)
W/System.err(  681): 	at android.os.Handler.dispatchMessage(Handler.java:95)
W/System.err(  681): 	at android.os.Looper.loop(Looper.java:136)
W/System.err(  681): 	at android.app.ActivityThread.main(ActivityThread.java:5019)
W/System.err(  681): 	at java.lang.reflect.Method.invokeNative(Native Method)
W/System.err(  681): 	at java.lang.reflect.Method.invoke(Method.java:515)
W/System.err(  681): 	at com.android.internal.os.ZygoteInit$MethodAndArgsCaller.run(ZygoteInit.java:779)
W/System.err(  681): 	at com.android.internal.os.ZygoteInit.main(ZygoteInit.java:595)
W/System.err(  681): 	at dalvik.system.NativeStart.main(Native Method)
E/Tinker.UncaughtHandler(  681): TinkerUncaughtHandler catch exception:java.lang.ArrayIndexOutOfBoundsException: src.length=0 srcPos=0 dst.length=1 dstPos=0 length=4
E/Tinker.UncaughtHandler(  681): 	at java.lang.System.arraycopy(Native Method)
E/Tinker.UncaughtHandler(  681): 	at java.util.concurrent.CopyOnWriteArrayList.add(CopyOnWriteArrayList.java:276)
E/Tinker.UncaughtHandler(  681): 	at com.vphone.launcher.Hotseat$5.a(SourceFile:976)
E/Tinker.UncaughtHandler(  681): 	at com.vphone.launcher.Hotseat$5.onResponse(SourceFile:954)
E/Tinker.UncaughtHandler(  681): 	at com.vphone.launcher.network.GsonRequest.deliverResponse(SourceFile:52)
E/Tinker.UncaughtHandler(  681): 	at com.android.volley.ExecutorDelivery$a.run(SourceFile:99)
E/Tinker.UncaughtHandler(  681): 	at android.os.Handler.handleCallback(Handler.java:733)
E/Tinker.UncaughtHandler(  681): 	at android.os.Handler.dispatchMessage(Handler.java:95)
E/Tinker.UncaughtHandler(  681): 	at android.os.Looper.loop(Looper.java:136)
E/Tinker.UncaughtHandler(  681): 	at android.app.ActivityThread.main(ActivityThread.java:5019)
E/Tinker.UncaughtHandler(  681): 	at java.lang.reflect.Method.invokeNative(Native Method)
E/Tinker.UncaughtHandler(  681): 	at java.lang.reflect.Method.invoke(Method.java:515)
E/Tinker.UncaughtHandler(  681): 	at com.android.internal.os.ZygoteInit$MethodAndArgsCaller.run(ZygoteInit.java:779)
E/Tinker.UncaughtHandler(  681): 	at com.android.internal.os.ZygoteInit.main(ZygoteInit.java:595)
E/Tinker.UncaughtHandler(  681): 	at dalvik.system.NativeStart.main(Native Method)
I/Process (  464): Sending signal. PID: 681 SIG: 9
E/AndroidRuntime(  681): FATAL EXCEPTION: main
E/AndroidRuntime(  681): Process: com.vphone.launcher, PID: 681
E/AndroidRuntime(  681): java.lang.ArrayIndexOutOfBoundsException: src.length=0 srcPos=0 dst.length=1 dstPos=0 length=4
E/AndroidRuntime(  681): 	at java.lang.System.arraycopy(Native Method)
E/AndroidRuntime(  681): 	at java.util.concurrent.CopyOnWriteArrayList.add(CopyOnWriteArrayList.java:276)
E/AndroidRuntime(  681): 	at com.vphone.launcher.Hotseat$5.a(SourceFile:976)
E/AndroidRuntime(  681): 	at com.vphone.launcher.Hotseat$5.onResponse(SourceFile:954)
E/AndroidRuntime(  681): 	at com.vphone.launcher.network.GsonRequest.deliverResponse(SourceFile:52)
E/AndroidRuntime(  681): 	at com.android.volley.ExecutorDelivery$a.run(SourceFile:99)
E/AndroidRuntime(  681): 	at android.os.Handler.handleCallback(Handler.java:733)
E/AndroidRuntime(  681): 	at android.os.Handler.dispatchMessage(Handler.java:95)
E/AndroidRuntime(  681): 	at android.os.Looper.loop(Looper.java:136)
E/AndroidRuntime(  681): 	at android.app.ActivityThread.main(ActivityThread.java:5019)
E/AndroidRuntime(  681): 	at java.lang.reflect.Method.invokeNative(Native Method)
E/AndroidRuntime(  681): 	at java.lang.reflect.Method.invoke(Method.java:515)
E/AndroidRuntime(  681): 	at com.android.internal.os.ZygoteInit$MethodAndArgsCaller.run(ZygoteInit.java:779)
E/AndroidRuntime(  681): 	at com.android.internal.os.ZygoteInit.main(ZygoteInit.java:595)
E/AndroidRuntime(  681): 	at dalvik.system.NativeStart.main(Native Method)
W/ActivityManager(  464): Force-killing crashed app com.vphone.launcher at watcher's request
W/ContextImpl(  464): Calling a method in the system process without a qualified user: android.app.ContextImpl.sendBroadcast:1123 com.android.server.am.ActivityManagerService.handleApplicationCrashInner:9670 com.android.server.am.ActivityManagerService.handleApplicationCrash:9644 android.app.ActivityManagerNative.onTransact:1311 com.android.server.am.ActivityManagerService.onTransact:2071 
I/ActivityManager(  464): Process com.vphone.launcher (pid 681) has died.
I/WindowState(  464): WIN DEATH: Window{4ab72cd4 u0 com.vphone.launcher/com.vphone.launcher.Launcher}
I/ActivityManager(  464): Start proc com.vphone.launcher for activity com.vphone.launcher/.Launcher: pid=24744 uid=1000 gids={41000, 1028, 1015, 1023, 3002, 3001, 3003}
I/dalvikvm(24744): ignoring registerObject request in thread=1
I/dalvikvm(24744): ignoring registerObject request in thread=1
W/Tinker.TinkerLoader(24744): tryLoadPatchFiles:patch dir not exist:/data/user/0/com.vphone.launcher/tinker
D/Tinker.DefaultAppLike(24744): onBaseContextAttached:
D/FirebaseApp(24744): com.google.firebase.auth.FirebaseAuth is not linked. Skipping initialization.
D/FirebaseApp(24744): Initialized class com.google.firebase.iid.FirebaseInstanceId.
D/FirebaseApp(24744): com.google.firebase.crash.FirebaseCrash is not linked. Skipping initialization.
I/dalvikvm(24744): Could not find method android.content.pm.PackageManager.getPackageInstaller, referenced from method com.google.android.gms.common.zze.zzk
W/dalvikvm(24744): VFY: unable to resolve virtual method 881: Landroid/content/pm/PackageManager;.getPackageInstaller ()Landroid/content/pm/PackageInstaller;
D/dalvikvm(24744): VFY: replacing opcode 0x6e at 0x000b
D/dalvikvm(24744): GC_CONCURRENT freed 256K, 10% free 2923K/3232K, paused 3ms+1ms, total 5ms
I/FA      (24744): App measurement is starting up, version: 9080
I/FA      (24744): To enable debug logging run: adb shell setprop log.tag.FA VERBOSE
D/FirebaseApp(24744): Initialized class com.google.android.gms.measurement.AppMeasurement.
I/FirebaseInitProvider(24744): FirebaseApp initialization successful
I/dalvikvm(24744): Could not find method android.view.ViewAnimationUtils.createCircularReveal, referenced from method com.vphone.launcher.Launcher.a
W/dalvikvm(24744): VFY: unable to resolve static method 16656: Landroid/view/ViewAnimationUtils;.createCircularReveal (Landroid/view/View;IIFF)Landroid/animation/Animator;
D/dalvikvm(24744): VFY: replacing opcode 0x71 at 0x026f
V/GoogleSignatureVerifier(24744): com.google.android.gms signature not valid.  Found: 
V/GoogleSignatureVerifier(24744): MIIEQzCCAyugAwIBAgIJAMLgh0ZkSjCNMA0GCSqGSIb3DQEBBAUAMHQxCzAJBgNVBAYTAlVTMRMw
V/GoogleSignatureVerifier(24744): EQYDVQQIEwpDYWxpZm9ybmlhMRYwFAYDVQQHEw1Nb3VudGFpbiBWaWV3MRQwEgYDVQQKEwtHb29n
V/GoogleSignatureVerifier(24744): bGUgSW5jLjEQMA4GA1UECxMHQW5kcm9pZDEQMA4GA1UEAxMHQW5kcm9pZDAeFw0wODA4MjEyMzEz
V/GoogleSignatureVerifier(24744): MzRaFw0zNjAxMDcyMzEzMzRaMHQxCzAJBgNVBAYTAlVTMRMwEQYDVQQIEwpDYWxpZm9ybmlhMRYw
V/GoogleSignatureVerifier(24744): FAYDVQQHEw1Nb3VudGFpbiBWaWV3MRQwEgYDVQQKEwtHb29nbGUgSW5jLjEQMA4GA1UECxMHQW5k
V/GoogleSignatureVerifier(24744): cm9pZDEQMA4GA1UEAxMHQW5kcm9pZDCCASAwDQYJKoZIhvcNAQEBBQADggENADCCAQgCggEBAKtW
V/GoogleSignatureVerifier(24744): LgDYO6IIrgqWbxJOKdoR8qtW0I9Y4sypEwPpt1TTcvZApxsdyxMJZ2JORland2qSGT2y5b+3JKke
V/GoogleSignatureVerifier(24744): dxiLDmpHpDsz2WCbdxgxRczfey5YZnTJ4VZbH0xqWVW/8lGmPav5xVwnIiJS6HXk+BVKZF+JcWjA
V/GoogleSignatureVerifier(24744): sb/GEuq/eFdpuzSqeYTcfi6idkyugwfYwXFU1+5fZKUaRKYCwkkFQVfcAs1fXA5V+++FGfvjJ/Cx
V/GoogleSignatureVerifier(24744): URaSxaBvGdGDhfXE28LWuT9ozCl5xw4Yq5OGazvV24mZVSoOO0yZ31j7kYvtwYK6NeADwbSxDdJE
V/GoogleSignatureVerifier(24744): qO4k//0zOHKrUiGYXtqw/A0LFFtqoZKFjnkCAQOjgdkwgdYwHQYDVR0OBBYEFMd9jMIhF1Ylmn/T
V/GoogleSignatureVerifier(24744): gt9r45jk14alMIGmBgNVHSMEgZ4wgZuAFMd9jMIhF1Ylmn/Tgt9r45jk14aloXikdjB0MQswCQYD
V/GoogleSignatureVerifier(24744): VQQGEwJVUzETMBEGA1UECBMKQ2FsaWZvcm5pYTEWMBQGA1UEBxMNTW91bnRhaW4gVmlldzEUMBIG
V/GoogleSignatureVerifier(24744): A1UEChMLR29vZ2xlIEluYy4xEDAOBgNVBAsTB0FuZHJvaWQxEDAOBgNVBAMTB0FuZHJvaWSCCQDC
V/GoogleSignatureVerifier(24744): 4IdGZEowjTAMBgNVHRMEBTADAQH/MA0GCSqGSIb3DQEBBAUAA4IBAQBt0lLO74UwLDYKqs6Tm8/y
V/GoogleSignatureVerifier(24744): zKkEu116FmH4rkaymUIE0P9KaMftGlMexFlaYjzmB2OxZyl6euNXEsQH8gjwyxCUKRJNexBiGcCE
V/GoogleSignatureVerifier(24744): yj6z+a1fuHHvkiaai+KL8W1EyNmgjmyy8AW7P+LLlkR+ho5zEHatRbM/YAnqGcFh5iZBqpknHf1S
V/GoogleSignatureVerifier(24744): KMXFh4dd239FJ1jWYfbMDMy3NS5CTMQ2XFI1MvcyUTdZPErjQfTbQe3aDQsQcafEQPD+nqActifK
V/GoogleSignatureVerifier(24744): Z0Np0IS9L9kR/wbNvyz6ENwPiTrjV2KRkEjH78ZMcUQXg0L3BYHJ3lc69Vs5Ddf9uUGGMYldX3Wf
V/GoogleSignatureVerifier(24744): MBEmh/9iFBDAaTCK
D/dalvikvm(24744): GC_CONCURRENT freed 297K, 11% free 3045K/3384K, paused 2ms+2ms, total 7ms
W/ContextImpl(24744): Calling a method in the system process without a qualified user: android.app.ContextImpl.bindService:1556 android.content.ContextWrapper.bindService:517 com.google.android.gms.common.stats.zzb.zza:-1 com.google.android.gms.common.internal.zzn$zzb.zzdg:-1 com.google.android.gms.common.internal.zzn.zza:-1 
D/Launcher.LauncherProvider(24744): 11683562 - initializeMaxScreenId(): 1
D/Tinker.DefaultAppLike(24744): onCreate
V/Launcher(24744): LauncherAppState inited
D/dalvikvm(24744): GC_FOR_ALLOC freed 92K, 9% free 3293K/3592K, paused 3ms, total 4ms
D/dalvikvm(24744): GC_FOR_ALLOC freed 5K, 8% free 3533K/3832K, paused 2ms, total 3ms
D/Launcher.Model(24744): Old launcher provider: content://com.android.launcher2.settings/favorites?notify=true
D/Launcher.Model(24744): Old launcher provider does not exist.
W/ImageLoader(24744): diskCache() and diskCacheFileNameGenerator() calls overlap each other
W/ContextImpl(24744): Calling a method in the system process without a qualified user: android.app.ContextImpl.startService:1492 android.content.ContextWrapper.startService:494 com.vphone.launcher.utils.ApplicationHelper.init:107 com.vphone.launcher.update.hotfix.LauncherApplicationLike.onCreate:98 com.tencent.tinker.loader.app.TinkerApplication.onCreate:173 
I/PackageManager(  464):   Action: "android.intent.action.MAIN"
I/PackageManager(  464):   Category: "android.intent.category.HOME"
I/PackageManager(  464):   Category: "android.intent.category.DEFAULT"
I/PackageManager(  464): Adding preferred activity ComponentInfo{com.vphone.launcher/com.vphone.launcher.Launcher} for user 0 :
D/dalvikvm(24744): GC_CONCURRENT freed 292K, 9% free 3756K/4100K, paused 4ms+2ms, total 18ms
D/dalvikvm(24744): WAIT_FOR_CONCURRENT_GC blocked 11ms
W/ActivityThread(24744): ClassLoader.loadClass: The class loader returned by Thread.getContextClassLoader() may fail for processes that host multiple applications. You should explicitly specify a context class loader. For example: Thread.setContextClassLoader(getClass().getClassLoader());
D/dalvikvm(24744): GC_FOR_ALLOC freed 366K, 10% free 3901K/4320K, paused 8ms, total 8ms
D/dalvikvm(24744): GC_CONCURRENT freed 32K, 9% free 3968K/4320K, paused 3ms+2ms, total 9ms
W/System.err(24744): java.io.FileNotFoundException: /mnt/sdcard/theme/theme_0.zip: open failed: ENOENT (No such file or directory)
W/System.err(24744): 	at libcore.io.IoBridge.open(IoBridge.java:409)
W/System.err(24744): 	at java.io.RandomAccessFile.<init>(RandomAccessFile.java:118)
W/System.err(24744): 	at java.io.RandomAccessFile.<init>(RandomAccessFile.java:150)
W/System.err(24744): 	at java.util.zip.ZipFile.<init>(ZipFile.java:149)
W/System.err(24744): 	at java.util.zip.ZipFile.<init>(ZipFile.java:115)
W/System.err(24744): 	at com.vphone.launcher.utils.ZipUtils.unzipFileByKeyword(SourceFile:297)
W/System.err(24744): 	at com.vphone.launcher.utils.ZipUtils.unzipFile(SourceFile:266)
W/System.err(24744): 	at com.vphone.launcher.utils.ZipUtils.unzipFile(SourceFile:253)
W/System.err(24744): 	at com.vphone.launcher.utils.AppUtil.updateThemeRes(SourceFile:1528)
W/System.err(24744): 	at com.vphone.launcher.utils.ApplicationHelper$2.run(SourceFile:250)
W/System.err(24744): 	at java.util.concurrent.ThreadPoolExecutor.runWorker(ThreadPoolExecutor.java:1112)
W/System.err(24744): 	at java.util.concurrent.ThreadPoolExecutor$Worker.run(ThreadPoolExecutor.java:587)
W/System.err(24744): 	at java.lang.Thread.run(Thread.java:841)
W/System.err(24744): Caused by: libcore.io.ErrnoException: open failed: ENOENT (No such file or directory)
W/System.err(24744): 	at libcore.io.Posix.open(Native Method)
W/System.err(24744): 	at libcore.io.BlockGuardOs.open(BlockGuardOs.java:110)
W/System.err(24744): 	at libcore.io.IoBridge.open(IoBridge.java:393)
W/System.err(24744): 	... 12 more
D/EventBus(24744): No subscribers registered for event class com.vphone.launcher.game.event.ThemeEvent
D/EventBus(24744): No subscribers registered for event class org.greenrobot.eventbus.NoSubscriberEvent
D/dalvikvm(24744): GC_CONCURRENT freed 380K, 10% free 3983K/4416K, paused 1ms+2ms, total 8ms
V/WebViewChromium(24744): Binding Chromium to the background looper Looper (main, tid 1) {4a7e8660}
I/chromium(24744): [INFO:library_loader_hooks.cc(112)] Chromium logging enabled: level = 0, default verbosity = 0
I/BrowserProcessMain(24744): Initializing chromium process, renderers=0
W/chromium(24744): [WARNING:proxy_service.cc(888)] PAC support disabled because there is no system implementation
D/libEGL  (24744): loaded /system/lib/egl/libEGL_adreno.so
D/        (24744): HostConnection::get() New Host Connection established 0xb87b1630, tid 24744
D/libEGL  (24744): loaded /system/lib/egl/libGLESv1_CM_adreno.so
D/libEGL  (24744): loaded /system/lib/egl/libGLESv2_adreno.so
D/dalvikvm(24744): GC_FOR_ALLOC freed 124K, 9% free 4110K/4472K, paused 2ms, total 2ms
I/dalvikvm-heap(24744): Grow heap (frag case) to 4.668MB for 635808-byte allocation
D/dalvikvm(24744): GC_CONCURRENT freed 0K, 8% free 4731K/5096K, paused 0ms+0ms, total 3ms
W/ContextImpl(24744): Calling a method in the system process without a qualified user: android.app.ContextImpl.bindService:1556 android.content.ContextWrapper.bindService:517 com.google.android.gms.common.stats.zzb.zza:-1 com.google.android.gms.common.stats.zzb.zza:-1 com.google.android.gms.ads.identifier.AdvertisingIdClient.zzh:-1 
W/Launcher(24744): setApplicationContext called twice! old=com.vphone.launcher.LauncherApplicationEx@4a7ecb40 new=com.vphone.launcher.LauncherApplicationEx@4a7ecb40
I/dalvikvm(24744): Could not find method android.view.ViewAnimationUtils.createCircularReveal, referenced from method com.vphone.launcher.LauncherAnimUtils.createCircularReveal
W/dalvikvm(24744): VFY: unable to resolve static method 16656: Landroid/view/ViewAnimationUtils;.createCircularReveal (Landroid/view/View;IIFF)Landroid/animation/Animator;
D/dalvikvm(24744): VFY: replacing opcode 0x71 at 0x0000
W/ResourceType(24744): Attempt to retrieve bag 0x7f0b0001 which is invalid or in a cycle.
D/dalvikvm(24744): GC_CONCURRENT freed 203K, 5% free 5080K/5344K, paused 0ms+2ms, total 8ms
D/Launcher.Model(24744): 11683562 - loadWorkspace()
D/Launcher.Model(24744): 11683562 -   loadedOldDb: false
W/ContextImpl(24744): Calling a method in the system process without a qualified user: android.app.ContextImpl.startService:1492 android.content.ContextWrapper.startService:494 com.vphone.launcher.Launcher.i:690 com.vphone.launcher.Launcher.b:182 com.vphone.launcher.Launcher$11.run:650 
D/dalvikvm(24744): GC_CONCURRENT freed 1141K, 21% free 4584K/5780K, paused 0ms+2ms, total 7ms
I/qtaguid (24744): Tagging socket 78 with tag 49e2824000000000(1239581248) for uid -1 failed errno=-13
I/NetworkManagementSocketTagger(24744): tagSocketFd(78, 1239581248, -1) failed with errno-13
D/dalvikvm(24744): GC_CONCURRENT freed 279K, 17% free 4828K/5780K, paused 6ms+1ms, total 14ms
W/EGL_emulation(24744): eglSurfaceAttrib not implemented 3093 12436
D/OpenGLRenderer(24744): Enabling debug mode 0
W/ViewRootImpl(24744): Dropping event due to no window focus: KeyEvent { action=ACTION_DOWN, keyCode=KEYCODE_INFO, scanCode=0, metaState=0, flags=0x8, repeatCount=0, eventTime=3227278, downTime=3227278, deviceId=-1, source=0x101 }
D/Launcher.Model(24744): 11683562 - loadWorkspaceScreensDb()
D/Launcher.Model(24744): 11683562 -   screens: { 0: 1 }
D/Launcher.Model(24744): 11683562 -   sBgWorkspaceScreens: 1
W/ViewRootImpl(24744): Dropping event due to no window focus: KeyEvent { action=ACTION_DOWN, keyCode=KEYCODE_DPAD_UP, scanCode=0, metaState=0, flags=0x8, repeatCount=0, eventTime=3228123, downTime=3228123, deviceId=-1, source=0x101 }
W/ContextImpl(  464): Calling a method in the system process without a qualified user: android.app.ContextImpl.sendBroadcast:1123 com.android.server.InputMethodManagerService.hideCurrentInputLocked:1880 com.android.server.InputMethodManagerService.windowGainedFocus:1968 com.android.internal.view.IInputMethodManager$Stub.onTransact:221 com.android.server.InputMethodManagerService.onTransact:818 
W/Binder  (  644): Caught a RuntimeException from the binder stub implementation.
W/Binder  (  644): java.lang.NullPointerException
W/Binder  (  644): 	at android.inputmethodservice.IInputMethodWrapper.setSessionEnabled(IInputMethodWrapper.java:280)
W/Binder  (  644): 	at com.android.internal.view.IInputMethod$Stub.onTransact(IInputMethod.java:129)
W/Binder  (  644): 	at android.os.Binder.execTransact(Binder.java:404)
W/Binder  (  644): 	at dalvik.system.NativeStart.run(Native Method)
W/InputMethodManagerService(  464): Got RemoteException sending setActive(false) notification to pid 681 uid 1000
I/ActivityManager(  464): Displayed com.vphone.launcher/.Launcher: +912ms
I/qtaguid (24744): Tagging socket 75 with tag 49e2824000000000(1239581248) for uid -1 failed errno=-13
I/NetworkManagementSocketTagger(24744): tagSocketFd(75, 1239581248, -1) failed with errno-13
D/Launcher(24744): 11683562 - bindAddScreens()
D/Launcher(24744): 11683562 -   orderedScreenIds: 1
D/Launcher.Workspace(24744): 11683562 - insertNewWorkspaceScreen(): 1 at index: 0
D/EventBus(24744): No subscribers registered for event class com.vphone.launcher.game.event.RankEvent
D/EventBus(24744): No subscribers registered for event class org.greenrobot.eventbus.NoSubscriberEvent
D/dalvikvm(24744): GC_CONCURRENT freed 304K, 11% free 5162K/5780K, paused 0ms+3ms, total 8ms
D/dalvikvm(24744): WAIT_FOR_CONCURRENT_GC blocked 6ms
I/dalvikvm-heap(24744): Grow heap (frag case) to 5.697MB for 635808-byte allocation
D/dalvikvm(24744): GC_FOR_ALLOC freed 5K, 10% free 5777K/6404K, paused 10ms, total 10ms
W/dalvikvm(24744): VFY: unable to find class referenced in signature (Ljava/nio/file/Path;)
W/dalvikvm(24744): VFY: unable to find class referenced in signature ([Ljava/nio/file/OpenOption;)
I/dalvikvm(24744): Could not find method java.nio.file.Files.newOutputStream, referenced from method okio.Okio.sink
W/dalvikvm(24744): VFY: unable to resolve static method 55978: Ljava/nio/file/Files;.newOutputStream (Ljava/nio/file/Path;[Ljava/nio/file/OpenOption;)Ljava/io/OutputStream;
D/dalvikvm(24744): VFY: replacing opcode 0x71 at 0x000b
W/dalvikvm(24744): VFY: unable to find class referenced in signature (Ljava/nio/file/Path;)
W/dalvikvm(24744): VFY: unable to find class referenced in signature ([Ljava/nio/file/OpenOption;)
I/dalvikvm(24744): Could not find method java.nio.file.Files.newInputStream, referenced from method okio.Okio.source
W/dalvikvm(24744): VFY: unable to resolve static method 55977: Ljava/nio/file/Files;.newInputStream (Ljava/nio/file/Path;[Ljava/nio/file/OpenOption;)Ljava/io/InputStream;
D/dalvikvm(24744): VFY: replacing opcode 0x71 at 0x000b
V/RenderScript(24744): 0xb88672e0 Launching thread(s), CPUs 2
D/dalvikvm(24744): GC_CONCURRENT freed 625K, 11% free 6026K/6704K, paused 0ms+1ms, total 7ms
W/PropertyValuesHolder(24744): Method setBrightness() with type int not found on target class class ph
W/PropertyValuesHolder(24744): Method getBrightness() with type int not found on target class class ph
E/AudioFlinger(  170): no more track names available
E/AudioTrack(  464): AudioFlinger could not create track, status: -12
E/SoundPool(  464): Error creating AudioTrack
I/ActivityManager(  464): START u0 {act=android.intent.action.MAIN cat=[android.intent.category.LAUNCHER] flg=0x10200000 cmp=com.android.browser/.BrowserActivity bnds=[8,388][149,618] (has extras)} from pid 24744
W/ContextImpl(24744): Calling a method in the system process without a qualified user: android.app.ContextImpl.sendBroadcast:1137 android.content.ContextWrapper.sendBroadcast:370 com.vphone.launcher.Stats.recordLaunch:129 com.vphone.launcher.Launcher.c:3192 com.vphone.launcher.Launcher.onClickAppShortcut:3144 
E/AudioFlinger(  170): no more track names available
E/AudioTrack(  464): AudioFlinger could not create track, status: -12
E/SoundPool(  464): Error creating AudioTrack
E/AudioFlinger(  170): no more track names available
E/AudioTrack(  464): AudioFlinger could not create track, status: -12
E/SoundPool(  464): Error creating AudioTrack
E/AudioFlinger(  170): no more track names available
E/AudioTrack(  464): AudioFlinger could not create track, status: -12
E/SoundPool(  464): Error creating AudioTrack
E/AudioFlinger(  170): no more track names available
E/AudioTrack(  464): AudioFlinger could not create track, status: -12
E/SoundPool(  464): Error creating AudioTrack
E/AudioFlinger(  170): no more track names available
E/AudioTrack(  464): AudioFlinger could not create track, status: -12
E/SoundPool(  464): Error creating AudioTrack
E/AudioFlinger(  170): no more track names available
E/AudioTrack(  464): AudioFlinger could not create track, status: -12
E/SoundPool(  464): Error creating AudioTrack
I/ActivityManager(  464): START u0 {act=android.intent.action.MAIN cat=[android.intent.category.LAUNCHER] flg=0x10200000 cmp=com.adhoclabs.burner/.LoadingActivity} from pid 24538
D/yeshen  (24744): launcher onpause
I/qtaguid (24744): Tagging socket 89 with tag 49e2824000000000(1239581248) for uid -1 failed errno=-13
I/NetworkManagementSocketTagger(24744): tagSocketFd(89, 1239581248, -1) failed with errno-13
I/ActivityManager(  464): Start proc com.adhoclabs.burner for activity com.adhoclabs.burner/.LoadingActivity: pid=24815 uid=10091 gids={50091, 3003, 1028, 1015, 1023}
W/NetworkManagementSocketTagger(  464): setKernelCountSet(10091, 1) failed with errno -13
I/dalvikvm(24815): ignoring registerObject request in thread=1
I/dalvikvm(24815): ignoring registerObject request in thread=1
I/dalvikvm(24815): Could not find method android.app.Notification$Builder.setLocalOnly, referenced from method com.google.android.gms.common.GooglePlayServicesUtil.zza
W/dalvikvm(24815): VFY: unable to resolve virtual method 261: Landroid/app/Notification$Builder;.setLocalOnly (Z)Landroid/app/Notification$Builder;
D/dalvikvm(24815): VFY: replacing opcode 0x6e at 0x0100
I/dalvikvm(24815): Could not find method android.content.pm.PackageManager.getPackageInstaller, referenced from method com.google.android.gms.common.GooglePlayServicesUtil.zzh
W/dalvikvm(24815): VFY: unable to resolve virtual method 489: Landroid/content/pm/PackageManager;.getPackageInstaller ()Landroid/content/pm/PackageInstaller;
D/dalvikvm(24815): VFY: replacing opcode 0x6e at 0x000a
D/dalvikvm(24815): JIT code cache reset in 0 ms (0 bytes 1/0)
D/dalvikvm(24815): GC_CONCURRENT freed 259K, 10% free 2927K/3240K, paused 1ms+0ms, total 4ms
D/yeshen  (24744): launcher onstop
W/DebugConnManager(24744): getNetworkInfo() on networkType 1
I/GMPM    (24815): App measurement is starting up
E/GMPM    (24815): getGoogleAppId failed with status: 10
E/GMPM    (24815): Uploading is not possible. App measurement disabled
D/dalvikvm(24744): GC_CONCURRENT freed 561K, 9% free 6448K/7064K, paused 6ms+0ms, total 10ms
D/dalvikvm(24815): GC_CONCURRENT freed 293K, 11% free 3078K/3424K, paused 2ms+1ms, total 4ms
I/qtaguid (24744): Tagging socket 88 with tag 49e2824000000000(1239581248) for uid -1 failed errno=-13
I/NetworkManagementSocketTagger(24744): tagSocketFd(88, 1239581248, -1) failed with errno-13
D/FirebaseApp(24744): Notifying background state change listeners.
D/Tinker.DefaultAppLike(24744): onTrimMemory level:20
D/dalvikvm(24815): GC_CONCURRENT freed 200K, 8% free 3309K/3568K, paused 2ms+0ms, total 4ms
D/dalvikvm(24815): GC_CONCURRENT freed 155K, 6% free 3562K/3776K, paused 2ms+2ms, total 7ms
D/dalvikvm(24815): GC_CONCURRENT freed 129K, 5% free 3833K/4032K, paused 1ms+1ms, total 4ms
W/ImageLoader(24815): memoryCache() and memoryCacheSize() calls overlap each other
W/ImageLoader(24815): memoryCache() and memoryCacheSize() calls overlap each other
D/dalvikvm(24815): GC_CONCURRENT freed 187K, 6% free 4123K/4376K, paused 4ms+3ms, total 14ms
D/dalvikvm(24815): GC_CONCURRENT freed 276K, 8% free 4337K/4688K, paused 3ms+4ms, total 9ms
D/dalvikvm(24815): GC_CONCURRENT freed 1188K, 26% free 3541K/4784K, paused 3ms+0ms, total 6ms
W/dalvikvm(24815): VFY: unable to find class referenced in signature (Lokhttp3/Request;)
W/dalvikvm(24815): VFY: unable to find class referenced in signature (Lokhttp3/Response;)
I/dalvikvm(24815): Could not find method okhttp3.Response.headers, referenced from method empirical.HelperClass.printOkHttpInfo
W/dalvikvm(24815): VFY: unable to resolve virtual method 50496: Lokhttp3/Response;.headers ()Lokhttp3/Headers;
D/dalvikvm(24815): VFY: replacing opcode 0x6e at 0x0006
W/dalvikvm(24815): VFY: unable to find class referenced in signature (Lokhttp3/Call;)
W/dalvikvm(24815): VFY: unable to find class referenced in signature (Lokhttp3/Response;)
I/dalvikvm(24815): Could not find method okhttp3.Call.request, referenced from method empirical.HelperClass.printOkHttpInfoFromCall
W/dalvikvm(24815): VFY: unable to resolve interface method 50490: Lokhttp3/Call;.request ()Lokhttp3/Request;
D/dalvikvm(24815): VFY: replacing opcode 0x72 at 0x0006
I/System.out(24815): body:<com.mixpanel.android.mpmetrics.DecideChecker: java.lang.String getDecideResponseFromServer(java.lang.String,java.lang.String,com.mixpanel.android.util.RemoteService)>	sig:$r1 = staticinvoke <java.net.URLEncoder: java.lang.String encode(java.lang.String,java.lang.String)>($r1, "utf-8")	timediff:0
I/System.out(24815): body:<com.mixpanel.android.mpmetrics.DecideChecker: java.lang.String getDecideResponseFromServer(java.lang.String,java.lang.String,com.mixpanel.android.util.RemoteService)>	sig:$r2 = staticinvoke <java.net.URLEncoder: java.lang.String encode(java.lang.String,java.lang.String)>($r2, "utf-8")	timediff:0
I/System.out(24815): body:<com.mixpanel.android.util.HttpService: byte[] performRequest(java.lang.String,java.util.List,javax.net.ssl.SSLSocketFactory)>	sig:specialinvoke $r12.<java.net.URL: void <init>(java.lang.String)>($r1)	timediff:0
I/System.out(24815): <com.mixpanel.android.util.HttpService: byte[] performRequest(java.lang.String,java.util.List,javax.net.ssl.SSLSocketFactory)>###specialinvoke $r12.<java.net.URL: void <init>(java.lang.String)>($r1)###https://decide.mixpanel.com/decide?version=1&lib=android&token=5768676e801ed29641ac9dc52d31112c&distinct_id=c0a7c043-5c36-47f1-b976-c0b3b4be9e85
I/System.out(24815): body:<com.mixpanel.android.util.HttpService: byte[] performRequest(java.lang.String,java.util.List,javax.net.ssl.SSLSocketFactory)>	sig:$r9 = virtualinvoke $r12.<java.net.URL: java.net.URLConnection openConnection()>()	timediff:1
I/System.out(24815): body:<com.mixpanel.android.util.HttpService: byte[] performRequest(java.lang.String,java.util.List,javax.net.ssl.SSLSocketFactory)>	sig:virtualinvoke $r13.<java.net.HttpURLConnection: void setConnectTimeout(int)>(2000)	timediff:0
I/System.out(24815): body:<com.mixpanel.android.util.HttpService: byte[] performRequest(java.lang.String,java.util.List,javax.net.ssl.SSLSocketFactory)>	sig:virtualinvoke $r13.<java.net.HttpURLConnection: void setReadTimeout(int)>(10000)	timediff:0
D/dalvikvm(24815): GC_CONCURRENT freed 318K, 25% free 3606K/4784K, paused 4ms+0ms, total 8ms
D/dalvikvm(24815): GC_CONCURRENT freed 161K, 18% free 3957K/4784K, paused 0ms+3ms, total 7ms
D/dalvikvm(24815): WAIT_FOR_CONCURRENT_GC blocked 4ms
W/ContextImpl(24744): Calling a method in the system process without a qualified user: android.app.ContextImpl.bindService:1556 android.content.ContextWrapper.bindService:517 com.google.android.gms.common.stats.zzb.zza:-1 com.google.android.gms.common.stats.zzb.zza:-1 com.google.android.gms.ads.identifier.AdvertisingIdClient.zzh:-1 
D/dalvikvm(24815): GC_CONCURRENT freed 133K, 11% free 4293K/4784K, paused 4ms+5ms, total 15ms
D/dalvikvm(24815): GC_CONCURRENT freed 118K, 5% free 4570K/4784K, paused 0ms+0ms, total 3ms
D/dalvikvm(24815): GC_CONCURRENT freed 136K, 5% free 4904K/5128K, paused 2ms+0ms, total 5ms
D/dalvikvm(24815): GC_CONCURRENT freed 163K, 5% free 5322K/5580K, paused 3ms+1ms, total 7ms
D/dalvikvm(24815): GC_CONCURRENT freed 444K, 9% free 5673K/6224K, paused 2ms+1ms, total 15ms
D/dalvikvm(24815): WAIT_FOR_CONCURRENT_GC blocked 4ms
D/dalvikvm(24815): GC_FOR_ALLOC freed 324K, 9% free 5928K/6480K, paused 5ms, total 5ms
D/dalvikvm(24815): GC_FOR_ALLOC freed 254K, 12% free 6183K/6992K, paused 3ms, total 3ms
I/dalvikvm-heap(24815): Grow heap (frag case) to 6.468MB for 399328-byte allocation
D/dalvikvm(24815): GC_FOR_ALLOC freed 510K, 18% free 6063K/7384K, paused 6ms, total 6ms
D/dalvikvm(24815): GC_FOR_ALLOC freed 244K, 15% free 6319K/7384K, paused 3ms, total 4ms
I/dalvikvm-heap(24815): Grow heap (frag case) to 6.716MB for 520408-byte allocation
D/dalvikvm(24815): GC_FOR_ALLOC freed 254K, 17% free 6573K/7896K, paused 6ms, total 6ms
D/dalvikvm(24815): GC_FOR_ALLOC freed 749K, 16% free 6709K/7896K, paused 4ms, total 4ms
D/dalvikvm(24815): GC_FOR_ALLOC freed 254K, 12% free 6963K/7896K, paused 3ms, total 3ms
D/dalvikvm(24815): GC_CONCURRENT freed 795K, 11% free 7554K/8412K, paused 2ms+1ms, total 8ms
D/dalvikvm(24815): WAIT_FOR_CONCURRENT_GC blocked 5ms
D/dalvikvm(24815): GC_CONCURRENT freed 467K, 6% free 8681K/9200K, paused 1ms+1ms, total 13ms
D/dalvikvm(24815): WAIT_FOR_CONCURRENT_GC blocked 2ms
D/dalvikvm(24815): GC_CONCURRENT freed 1298K, 13% free 9350K/10700K, paused 1ms+0ms, total 15ms
D/dalvikvm(24815): WAIT_FOR_CONCURRENT_GC blocked 8ms
E/dalvikvm(24815): Bogus static initialization: value type 23 in field type Ljava/lang/CharSequence; for Lcom/adhoclabs/burner/ExternalVariablesManager; at index 0
E/dalvikvm(24815): VM aborting
F/libc    (24815): Fatal signal 6 (SIGABRT) at 0x000060ef (code=-6), thread 24815 (dhoclabs.burner)
I/DEBUG   (14176): *** *** *** *** *** *** *** *** *** *** *** *** *** *** *** ***
I/DEBUG   (14176): Build fingerprint: 'samsung/SM-G955N/dream2lteks:4.4.2/NRD90M/381180401:user/release-keys'
I/DEBUG   (14176): Revision: '0'
I/DEBUG   (14176): pid: 24815, tid: 24815, name: dhoclabs.burner  >>> com.adhoclabs.burner <<<
I/DEBUG   (14176): signal 6 (SIGABRT), code -6 (SI_TKILL), fault addr --------
I/DEBUG   (14176):     eax 00000000  ebx 000060ef  ecx 000060ef  edx 00000006
I/DEBUG   (14176):     esi 000060ef  edi 0000000c
I/DEBUG   (14176):     xcs 00000073  xds 0000007b  xes 0000007b  xfs 00000000  xss 0000007b
I/DEBUG   (14176):     eip b77320d6  ebp b779bce0  esp bffaa990  flags 00200207
I/DEBUG   (14176): 
I/DEBUG   (14176): backtrace:
I/DEBUG   (14176):     #00  pc 0003c0d6  /system/lib/libc.so (tgkill+22)
I/DEBUG   (14176):     #01  pc 00000005  <unknown>
I/DEBUG   (14176): 
I/DEBUG   (14176): stack:
I/DEBUG   (14176):          bffaa950  00000000  
I/DEBUG   (14176):          bffaa954  b7797268  /system/lib/libc.so
I/DEBUG   (14176):          bffaa958  00000000  
I/DEBUG   (14176):          bffaa95c  b7703f39  /system/lib/libc.so (pthread_mutex_unlock+25)
I/DEBUG   (14176):          bffaa960  b779718c  /system/lib/libc.so
I/DEBUG   (14176):          bffaa964  b8657b50  [heap]
I/DEBUG   (14176):          bffaa968  00000015  
I/DEBUG   (14176):          bffaa96c  b7703f39  /system/lib/libc.so (pthread_mutex_unlock+25)
I/DEBUG   (14176):          bffaa970  00000000  
I/DEBUG   (14176):          bffaa974  b7750926  /system/lib/libc.so (funlockfile+6)
I/DEBUG   (14176):          bffaa978  b7796fcc  /system/lib/libc.so
I/DEBUG   (14176):          bffaa97c  b773c006  /system/lib/libc.so (__sflush_locked+150)
I/DEBUG   (14176):          bffaa980  00000000  
I/DEBUG   (14176):          bffaa984  00000000  
I/DEBUG   (14176):          bffaa988  b7703d69  /system/lib/libc.so (pthread_mutex_lock+9)
I/DEBUG   (14176):          bffaa98c  b7796fcc  /system/lib/libc.so
I/DEBUG   (14176):     #00  bffaa990  00000006  
I/DEBUG   (14176):          bffaa994  000060ef  
I/DEBUG   (14176):          bffaa998  b7796fcc  /system/lib/libc.so
I/DEBUG   (14176):          bffaa99c  b770e4a6  /system/lib/libc.so (pthread_kill+102)
I/DEBUG   (14176):          bffaa9a0  000060ef  
I/DEBUG   (14176):          bffaa9a4  000060ef  
I/DEBUG   (14176):          bffaa9a8  00000006  
I/DEBUG   (14176):          bffaa9ac  00000000  
I/DEBUG   (14176):          bffaa9b0  b7797268  /system/lib/libc.so
I/DEBUG   (14176):          bffaa9b4  10045540  
I/DEBUG   (14176):          bffaa9b8  b770e449  /system/lib/libc.so (pthread_kill+9)
I/DEBUG   (14176):          bffaa9bc  b7796fcc  /system/lib/libc.so
I/DEBUG   (14176):          bffaa9c0  bffaaa0c  [stack]
I/DEBUG   (14176):          bffaa9c4  bffaac40  [stack]
I/DEBUG   (14176):          bffaa9c8  00000000  
I/DEBUG   (14176):          bffaa9cc  b770e82c  /system/lib/libc.so (raise+44)
