W/ContextImpl(  464): Calling a method in the system process without a qualified user: android.app.ContextImpl.sendBroadcast:1123 com.android.server.am.ActivityManagerService.handleApplicationCrashInner:9670 com.android.server.am.NativeCrashListener$NativeCrashReporter.run:86 <bottom of call stack> <bottom of call stack> 
I/DEBUG   (25786): ptrace detach from 25830 failed: No such process
I/DEBUG   (25786): debuggerd committing suicide to free the zombie!
I/ActivityManager(  464): Start proc com.adhoclabs.burner for activity com.adhoclabs.burner/.LoadingActivity: pid=25867 uid=10091 gids={50091, 3003, 1028, 1015, 1023}
W/NetworkManagementSocketTagger(  464): setKernelCountSet(10091, 1) failed with errno -13
I/dalvikvm(25867): ignoring registerObject request in thread=1
I/dalvikvm(25867): ignoring registerObject request in thread=1
I/dalvikvm(25867): Could not find method android.app.Notification$Builder.setLocalOnly, referenced from method com.google.android.gms.common.GooglePlayServicesUtil.zza
W/dalvikvm(25867): VFY: unable to resolve virtual method 261: Landroid/app/Notification$Builder;.setLocalOnly (Z)Landroid/app/Notification$Builder;
D/dalvikvm(25867): VFY: replacing opcode 0x6e at 0x0100
I/dalvikvm(25867): Could not find method android.content.pm.PackageManager.getPackageInstaller, referenced from method com.google.android.gms.common.GooglePlayServicesUtil.zzh
W/dalvikvm(25867): VFY: unable to resolve virtual method 489: Landroid/content/pm/PackageManager;.getPackageInstaller ()Landroid/content/pm/PackageInstaller;
D/dalvikvm(25867): VFY: replacing opcode 0x6e at 0x000a
D/dalvikvm(25867): JIT code cache reset in 0 ms (0 bytes 1/0)
D/dalvikvm(25867): GC_CONCURRENT freed 276K, 11% free 2933K/3264K, paused 4ms+1ms, total 9ms
I/GMPM    (25867): App measurement is starting up
E/GMPM    (25867): getGoogleAppId failed with status: 10
E/GMPM    (25867): Uploading is not possible. App measurement disabled
D/dalvikvm(25867): GC_FOR_ALLOC freed 325K, 11% free 3118K/3496K, paused 3ms, total 3ms
D/dalvikvm(25867): GC_CONCURRENT freed 41K, 9% free 3206K/3496K, paused 2ms+3ms, total 9ms
D/dalvikvm(25867): GC_CONCURRENT freed 135K, 6% free 3478K/3672K, paused 1ms+1ms, total 3ms
D/dalvikvm(25867): GC_CONCURRENT freed 112K, 5% free 3864K/4044K, paused 2ms+5ms, total 19ms
D/dalvikvm(25867): WAIT_FOR_CONCURRENT_GC blocked 1ms
D/dalvikvm(25867): WAIT_FOR_CONCURRENT_GC blocked 4ms
D/dalvikvm(25867): GC_CONCURRENT freed 238K, 8% free 4064K/4376K, paused 3ms+5ms, total 12ms
D/dalvikvm(25867): GC_CONCURRENT freed 302K, 9% free 4162K/4544K, paused 2ms+3ms, total 10ms
W/ImageLoader(25867): memoryCache() and memoryCacheSize() calls overlap each other
W/ImageLoader(25867): memoryCache() and memoryCacheSize() calls overlap each other
D/dalvikvm(25867): GC_CONCURRENT freed 1231K, 28% free 3433K/4728K, paused 1ms+1ms, total 5ms
D/dalvikvm(25867): WAIT_FOR_CONCURRENT_GC blocked 3ms
W/dalvikvm(25867): VFY: unable to find class referenced in signature (Lokhttp3/Request;)
W/dalvikvm(25867): VFY: unable to find class referenced in signature (Lokhttp3/Response;)
I/dalvikvm(25867): Could not find method okhttp3.Response.headers, referenced from method empirical.HelperClass.printOkHttpInfo
W/dalvikvm(25867): VFY: unable to resolve virtual method 50496: Lokhttp3/Response;.headers ()Lokhttp3/Headers;
D/dalvikvm(25867): VFY: replacing opcode 0x6e at 0x0006
W/dalvikvm(25867): VFY: unable to find class referenced in signature (Lokhttp3/Call;)
W/dalvikvm(25867): VFY: unable to find class referenced in signature (Lokhttp3/Response;)
I/dalvikvm(25867): Could not find method okhttp3.Call.request, referenced from method empirical.HelperClass.printOkHttpInfoFromCall
W/dalvikvm(25867): VFY: unable to resolve interface method 50490: Lokhttp3/Call;.request ()Lokhttp3/Request;
D/dalvikvm(25867): VFY: replacing opcode 0x72 at 0x0006
I/System.out(25867): body:<com.mixpanel.android.mpmetrics.DecideChecker: java.lang.String getDecideResponseFromServer(java.lang.String,java.lang.String,com.mixpanel.android.util.RemoteService)>	sig:$r1 = staticinvoke <java.net.URLEncoder: java.lang.String encode(java.lang.String,java.lang.String)>($r1, "utf-8")	timediff:0
I/System.out(25867): body:<com.mixpanel.android.mpmetrics.DecideChecker: java.lang.String getDecideResponseFromServer(java.lang.String,java.lang.String,com.mixpanel.android.util.RemoteService)>	sig:$r2 = staticinvoke <java.net.URLEncoder: java.lang.String encode(java.lang.String,java.lang.String)>($r2, "utf-8")	timediff:0
I/System.out(25867): body:<com.mixpanel.android.util.HttpService: byte[] performRequest(java.lang.String,java.util.List,javax.net.ssl.SSLSocketFactory)>	sig:specialinvoke $r12.<java.net.URL: void <init>(java.lang.String)>($r1)	timediff:0
I/System.out(25867): <com.mixpanel.android.util.HttpService: byte[] performRequest(java.lang.String,java.util.List,javax.net.ssl.SSLSocketFactory)>###specialinvoke $r12.<java.net.URL: void <init>(java.lang.String)>($r1)###https://decide.mixpanel.com/decide?version=1&lib=android&token=5768676e801ed29641ac9dc52d31112c&distinct_id=c0a7c043-5c36-47f1-b976-c0b3b4be9e85
I/System.out(25867): body:<com.mixpanel.android.util.HttpService: byte[] performRequest(java.lang.String,java.util.List,javax.net.ssl.SSLSocketFactory)>	sig:$r9 = virtualinvoke $r12.<java.net.URL: java.net.URLConnection openConnection()>()	timediff:1
I/System.out(25867): body:<com.mixpanel.android.util.HttpService: byte[] performRequest(java.lang.String,java.util.List,javax.net.ssl.SSLSocketFactory)>	sig:virtualinvoke $r13.<java.net.HttpURLConnection: void setConnectTimeout(int)>(2000)	timediff:0
I/System.out(25867): body:<com.mixpanel.android.util.HttpService: byte[] performRequest(java.lang.String,java.util.List,javax.net.ssl.SSLSocketFactory)>	sig:virtualinvoke $r13.<java.net.HttpURLConnection: void setReadTimeout(int)>(10000)	timediff:0
D/dalvikvm(25867): GC_CONCURRENT freed 306K, 25% free 3561K/4728K, paused 1ms+4ms, total 8ms
D/dalvikvm(25867): GC_CONCURRENT freed 173K, 18% free 3899K/4728K, paused 0ms+0ms, total 4ms
D/dalvikvm(25867): WAIT_FOR_CONCURRENT_GC blocked 2ms
D/dalvikvm(25867): GC_CONCURRENT freed 151K, 10% free 4259K/4728K, paused 0ms+1ms, total 4ms
D/dalvikvm(25867): WAIT_FOR_CONCURRENT_GC blocked 2ms
D/dalvikvm(25867): GC_FOR_ALLOC freed 139K, 5% free 4599K/4824K, paused 5ms, total 5ms
D/dalvikvm(25867): GC_CONCURRENT freed 67K, 4% free 4769K/4928K, paused 1ms+2ms, total 8ms
D/dalvikvm(25867): GC_CONCURRENT freed 180K, 5% free 5211K/5484K, paused 0ms+1ms, total 4ms
D/dalvikvm(25867): WAIT_FOR_CONCURRENT_GC blocked 4ms
D/dalvikvm(25867): GC_CONCURRENT freed 298K, 7% free 5670K/6076K, paused 2ms+1ms, total 6ms
D/dalvikvm(25867): WAIT_FOR_CONCURRENT_GC blocked 4ms
D/dalvikvm(25867): GC_FOR_ALLOC freed 511K, 11% free 5925K/6656K, paused 4ms, total 4ms
I/dalvikvm-heap(25867): Grow heap (frag case) to 6.333MB for 521606-byte allocation
D/dalvikvm(25867): GC_FOR_ALLOC freed 254K, 14% free 6180K/7168K, paused 3ms, total 3ms
D/dalvikvm(25867): GC_FOR_ALLOC freed 628K, 16% free 6188K/7296K, paused 4ms, total 6ms
D/dalvikvm(25867): GC_FOR_ALLOC freed 126K, 14% free 6316K/7296K, paused 4ms, total 4ms
I/dalvikvm-heap(25867): Grow heap (frag case) to 6.713MB for 520408-byte allocation
D/dalvikvm(25867): GC_FOR_ALLOC freed 254K, 16% free 6570K/7808K, paused 8ms, total 8ms
D/dalvikvm(25867): GC_FOR_ALLOC freed 623K, 16% free 6578K/7808K, paused 5ms, total 5ms
D/dalvikvm(25867): GC_FOR_ALLOC freed 126K, 15% free 6706K/7808K, paused 3ms, total 4ms
I/dalvikvm-heap(25867): Grow heap (frag case) to 7.094MB for 520408-byte allocation
D/dalvikvm(25867): GC_FOR_ALLOC freed 254K, 17% free 6960K/8320K, paused 7ms, total 7ms
D/dalvikvm(25867): GC_CONCURRENT freed 793K, 11% free 7550K/8408K, paused 2ms+0ms, total 11ms
D/dalvikvm(25867): WAIT_FOR_CONCURRENT_GC blocked 2ms
D/dalvikvm(25867): GC_CONCURRENT freed 459K, 6% free 8657K/9172K, paused 0ms+5ms, total 17ms
D/dalvikvm(25867): GC_CONCURRENT freed 1290K, 13% free 9310K/10656K, paused 4ms+2ms, total 25ms
E/dalvikvm(25867): Bogus static initialization: value type 23 in field type Ljava/lang/CharSequence; for Lcom/adhoclabs/burner/ExternalVariablesManager; at index 0
E/dalvikvm(25867): VM aborting
F/libc    (25867): Fatal signal 6 (SIGABRT) at 0x0000650b (code=-6), thread 25867 (dhoclabs.burner)
F/libc    (25867): Unable to open connection to debuggerd: Connection refused
W/NetworkManagementSocketTagger(  464): setKernelCountSet(10091, 0) failed with errno -13
I/InputDispatcher(  464): Dropping event because there is no focused window or focused application.
I/ActivityManager(  464): Process com.adhoclabs.burner (pid 25867) has died.
W/ActivityManager(  464): Force removing ActivityRecord{4a998ea4 u0 com.adhoclabs.burner/.LoadingActivity t181}: app died, no saved state
W/InputManager(  464): Input event injection from pid 24538 failed.
I/InputDispatcher(  464): Dropping event because there is no focused window or focused application.
D/FirebaseApp(24744): Notifying background state change listeners.
W/InputManager(  464): Input event injection from pid 24538 failed.
W/InputManager(  464): Input event injection from pid 24538 failed.
D/Zygote  (  168): Process 25867 terminated by signal (6)
W/DebugConnManager(24744): getNetworkInfo() on networkType 1
W/InputManager(  464): Input event injection from pid 24538 failed.
W/InputManager(  464): Input event injection from pid 24538 failed.
W/InputManager(  464): Input event injection from pid 24538 failed.
W/InputManager(  464): Input event injection from pid 24538 failed.
W/InputManager(  464): Input event injection from pid 24538 failed.
W/InputManager(  464): Input event injection from pid 24538 failed.
W/InputManager(  464): Input event injection from pid 24538 failed.
W/InputManager(  464): Input event injection from pid 24538 failed.
W/InputManager(  464): Input event injection from pid 24538 failed.
W/InputManager(  464): Input event injection from pid 24538 failed.
W/InputManager(  464): Input event injection from pid 24538 failed.
W/InputManager(  464): Input event injection from pid 24538 failed.
W/InputManager(  464): Input event injection from pid 24538 failed.
W/EGL_emulation(24744): eglSurfaceAttrib not implemented 3093 12436
W/ViewRootImpl(24744): Dropping event due to no window focus: KeyEvent { action=ACTION_DOWN, keyCode=KEYCODE_DPAD_DOWN, scanCode=0, metaState=0, flags=0x8, repeatCount=0, eventTime=3260974, downTime=3260974, deviceId=-1, source=0x101 }
W/InputMethodManagerService(  464): Window already focused, ignoring focus gain of: com.android.internal.view.IInputMethodClient$Stub$Proxy@4ab8cd30 attribute=null, token = android.os.BinderProxy@4aa03b70
I/ActivityManager(  464): START u0 {act=android.intent.action.MAIN cat=[android.intent.category.LAUNCHER] flg=0x10200000 cmp=com.adhoclabs.burner/.LoadingActivity} from pid 24538
W/DebugConnManager(24744): getNetworkInfo() on networkType 1
I/ActivityManager(  464): START u0 {act=android.intent.action.VIEW dat=http://launcher.us.yeshen.com/api/app/detail?id=com.outfit7.mytalkingangelafree flg=0x10000000 cmp=com.android.browser/.BrowserActivity} from pid 24744
D/yeshen  (24744): launcher onpause
I/ActivityManager(  464): Start proc com.adhoclabs.burner for activity com.adhoclabs.burner/.LoadingActivity: pid=25902 uid=10091 gids={50091, 3003, 1028, 1015, 1023}
W/NetworkManagementSocketTagger(  464): setKernelCountSet(10091, 1) failed with errno -13
I/dalvikvm(25902): ignoring registerObject request in thread=1
I/dalvikvm(25902): ignoring registerObject request in thread=1
I/dalvikvm(25902): Could not find method android.app.Notification$Builder.setLocalOnly, referenced from method com.google.android.gms.common.GooglePlayServicesUtil.zza
W/dalvikvm(25902): VFY: unable to resolve virtual method 261: Landroid/app/Notification$Builder;.setLocalOnly (Z)Landroid/app/Notification$Builder;
D/dalvikvm(25902): VFY: replacing opcode 0x6e at 0x0100
I/dalvikvm(25902): Could not find method android.content.pm.PackageManager.getPackageInstaller, referenced from method com.google.android.gms.common.GooglePlayServicesUtil.zzh
W/dalvikvm(25902): VFY: unable to resolve virtual method 489: Landroid/content/pm/PackageManager;.getPackageInstaller ()Landroid/content/pm/PackageInstaller;
D/dalvikvm(25902): VFY: replacing opcode 0x6e at 0x000a
D/dalvikvm(25902): JIT code cache reset in 0 ms (0 bytes 1/0)
D/dalvikvm(25902): GC_CONCURRENT freed 252K, 10% free 2921K/3228K, paused 2ms+0ms, total 4ms
D/yeshen  (24744): launcher onstop
W/DebugConnManager(24744): getNetworkInfo() on networkType 1
D/FirebaseApp(24744): Notifying background state change listeners.
D/Tinker.DefaultAppLike(24744): onTrimMemory level:20
I/GMPM    (25902): App measurement is starting up
E/GMPM    (25902): getGoogleAppId failed with status: 10
E/GMPM    (25902): Uploading is not possible. App measurement disabled
D/dalvikvm(25902): GC_CONCURRENT freed 299K, 11% free 3007K/3360K, paused 1ms+0ms, total 3ms
D/dalvikvm(25902): GC_CONCURRENT freed 154K, 6% free 3307K/3516K, paused 2ms+0ms, total 4ms
D/dalvikvm(25902): GC_CONCURRENT freed 182K, 7% free 3590K/3836K, paused 2ms+1ms, total 5ms
D/dalvikvm(25902): GC_CONCURRENT freed 144K, 6% free 3833K/4048K, paused 2ms+0ms, total 5ms
D/dalvikvm(25902): GC_CONCURRENT freed 145K, 4% free 4153K/4312K, paused 2ms+1ms, total 12ms
W/ImageLoader(25902): memoryCache() and memoryCacheSize() calls overlap each other
W/ImageLoader(25902): memoryCache() and memoryCacheSize() calls overlap each other
D/dalvikvm(25902): GC_CONCURRENT freed 355K, 10% free 4268K/4692K, paused 2ms+2ms, total 13ms
D/dalvikvm(25902): WAIT_FOR_CONCURRENT_GC blocked 5ms
D/dalvikvm(25902): GC_CONCURRENT freed 1169K, 26% free 3558K/4780K, paused 3ms+2ms, total 11ms
W/dalvikvm(25902): VFY: unable to find class referenced in signature (Lokhttp3/Request;)
W/dalvikvm(25902): VFY: unable to find class referenced in signature (Lokhttp3/Response;)
I/dalvikvm(25902): Could not find method okhttp3.Response.headers, referenced from method empirical.HelperClass.printOkHttpInfo
W/dalvikvm(25902): VFY: unable to resolve virtual method 50496: Lokhttp3/Response;.headers ()Lokhttp3/Headers;
D/dalvikvm(25902): VFY: replacing opcode 0x6e at 0x0006
W/dalvikvm(25902): VFY: unable to find class referenced in signature (Lokhttp3/Call;)
W/dalvikvm(25902): VFY: unable to find class referenced in signature (Lokhttp3/Response;)
I/dalvikvm(25902): Could not find method okhttp3.Call.request, referenced from method empirical.HelperClass.printOkHttpInfoFromCall
W/dalvikvm(25902): VFY: unable to resolve interface method 50490: Lokhttp3/Call;.request ()Lokhttp3/Request;
D/dalvikvm(25902): VFY: replacing opcode 0x72 at 0x0006
I/System.out(25902): body:<com.mixpanel.android.mpmetrics.DecideChecker: java.lang.String getDecideResponseFromServer(java.lang.String,java.lang.String,com.mixpanel.android.util.RemoteService)>	sig:$r1 = staticinvoke <java.net.URLEncoder: java.lang.String encode(java.lang.String,java.lang.String)>($r1, "utf-8")	timediff:0
I/System.out(25902): body:<com.mixpanel.android.mpmetrics.DecideChecker: java.lang.String getDecideResponseFromServer(java.lang.String,java.lang.String,com.mixpanel.android.util.RemoteService)>	sig:$r2 = staticinvoke <java.net.URLEncoder: java.lang.String encode(java.lang.String,java.lang.String)>($r2, "utf-8")	timediff:0
I/System.out(25902): body:<com.mixpanel.android.util.HttpService: byte[] performRequest(java.lang.String,java.util.List,javax.net.ssl.SSLSocketFactory)>	sig:specialinvoke $r12.<java.net.URL: void <init>(java.lang.String)>($r1)	timediff:0
I/System.out(25902): <com.mixpanel.android.util.HttpService: byte[] performRequest(java.lang.String,java.util.List,javax.net.ssl.SSLSocketFactory)>###specialinvoke $r12.<java.net.URL: void <init>(java.lang.String)>($r1)###https://decide.mixpanel.com/decide?version=1&lib=android&token=5768676e801ed29641ac9dc52d31112c&distinct_id=c0a7c043-5c36-47f1-b976-c0b3b4be9e85
I/System.out(25902): body:<com.mixpanel.android.util.HttpService: byte[] performRequest(java.lang.String,java.util.List,javax.net.ssl.SSLSocketFactory)>	sig:$r9 = virtualinvoke $r12.<java.net.URL: java.net.URLConnection openConnection()>()	timediff:0
I/System.out(25902): body:<com.mixpanel.android.util.HttpService: byte[] performRequest(java.lang.String,java.util.List,javax.net.ssl.SSLSocketFactory)>	sig:virtualinvoke $r13.<java.net.HttpURLConnection: void setConnectTimeout(int)>(2000)	timediff:0
I/System.out(25902): body:<com.mixpanel.android.util.HttpService: byte[] performRequest(java.lang.String,java.util.List,javax.net.ssl.SSLSocketFactory)>	sig:virtualinvoke $r13.<java.net.HttpURLConnection: void setReadTimeout(int)>(10000)	timediff:0
D/dalvikvm(25902): GC_CONCURRENT freed 356K, 23% free 3706K/4780K, paused 2ms+1ms, total 6ms
D/dalvikvm(25902): GC_CONCURRENT freed 160K, 16% free 4057K/4780K, paused 0ms+1ms, total 4ms
D/dalvikvm(25902): WAIT_FOR_CONCURRENT_GC blocked 3ms
D/dalvikvm(25902): GC_CONCURRENT freed 148K, 8% free 4420K/4780K, paused 1ms+1ms, total 9ms
D/dalvikvm(25902): WAIT_FOR_CONCURRENT_GC blocked 5ms
D/dalvikvm(25902): GC_CONCURRENT freed 149K, 5% free 4786K/5020K, paused 0ms+1ms, total 4ms
D/dalvikvm(25902): WAIT_FOR_CONCURRENT_GC blocked 4ms
D/dalvikvm(25902): GC_CONCURRENT freed 177K, 5% free 5240K/5508K, paused 1ms+0ms, total 5ms
D/dalvikvm(25902): WAIT_FOR_CONCURRENT_GC blocked 3ms
D/dalvikvm(25902): GC_CONCURRENT freed 334K, 8% free 5672K/6112K, paused 1ms+1ms, total 6ms
D/dalvikvm(25902): WAIT_FOR_CONCURRENT_GC blocked 9ms
D/dalvikvm(25902): GC_FOR_ALLOC freed 464K, 11% free 5927K/6608K, paused 5ms, total 5ms
I/dalvikvm-heap(25902): Grow heap (frag case) to 6.334MB for 521606-byte allocation
D/dalvikvm(25902): GC_FOR_ALLOC freed 254K, 14% free 6182K/7120K, paused 5ms, total 5ms
D/dalvikvm(25902): GC_FOR_ALLOC freed 628K, 14% free 6190K/7120K, paused 4ms, total 5ms
D/dalvikvm(25902): GC_FOR_ALLOC freed 126K, 12% free 6318K/7120K, paused 8ms, total 8ms
I/dalvikvm-heap(25902): Grow heap (frag case) to 6.715MB for 520408-byte allocation
D/dalvikvm(25902): GC_FOR_ALLOC freed <1K, 11% free 6826K/7632K, paused 6ms, total 6ms
D/dalvikvm(25902): GC_FOR_ALLOC freed 1003K, 17% free 6708K/8024K, paused 6ms, total 6ms
D/dalvikvm(25902): GC_FOR_ALLOC freed 254K, 14% free 6962K/8024K, paused 4ms, total 5ms
I/dalvikvm-heap(25902): Grow heap (frag case) to 7.229MB for 399215-byte allocation
D/dalvikvm(25902): GC_FOR_ALLOC freed 509K, 19% free 6843K/8416K, paused 5ms, total 6ms
D/dalvikvm(25902): GC_CONCURRENT freed 388K, 8% free 7809K/8416K, paused 2ms+1ms, total 12ms
D/dalvikvm(25902): GC_CONCURRENT freed 489K, 6% free 8999K/9540K, paused 1ms+1ms, total 17ms
D/dalvikvm(25902): WAIT_FOR_CONCURRENT_GC blocked 7ms
D/dalvikvm(25902): GC_CONCURRENT freed 1327K, 13% free 9701K/11084K, paused 2ms+2ms, total 26ms
E/dalvikvm(25902): Bogus static initialization: value type 23 in field type Ljava/lang/CharSequence; for Lcom/adhoclabs/burner/ExternalVariablesManager; at index 0
E/dalvikvm(25902): VM aborting
F/libc    (25902): Fatal signal 6 (SIGABRT) at 0x0000652e (code=-6), thread 25902 (dhoclabs.burner)
F/libc    (25902): Unable to open connection to debuggerd: Connection refused
W/NetworkManagementSocketTagger(  464): setKernelCountSet(10091, 0) failed with errno -13
D/dalvikvm(  168): GC_EXPLICIT freed 40K, 4% free 2787K/2884K, paused 0ms+0ms, total 3ms
D/Zygote  (  168): Process 25902 terminated by signal (6)
I/ActivityManager(  464): Process com.adhoclabs.burner (pid 25902) has died.
D/dalvikvm(  168): GC_EXPLICIT freed <1K, 4% free 2787K/2884K, paused 2ms+0ms, total 7ms
W/NetworkManagementSocketTagger(  464): setKernelCountSet(10091, 1) failed with errno -13
I/ActivityManager(  464): Start proc com.adhoclabs.burner for activity com.adhoclabs.burner/.LoadingActivity: pid=25935 uid=10091 gids={50091, 3003, 1028, 1015, 1023}
I/dalvikvm(25935): ignoring registerObject request in thread=1
I/dalvikvm(25935): ignoring registerObject request in thread=1
D/dalvikvm(  168): GC_EXPLICIT freed <1K, 4% free 2787K/2884K, paused 1ms+0ms, total 9ms
I/dalvikvm(25935): Could not find method android.app.Notification$Builder.setLocalOnly, referenced from method com.google.android.gms.common.GooglePlayServicesUtil.zza
W/dalvikvm(25935): VFY: unable to resolve virtual method 261: Landroid/app/Notification$Builder;.setLocalOnly (Z)Landroid/app/Notification$Builder;
D/dalvikvm(25935): VFY: replacing opcode 0x6e at 0x0100
I/dalvikvm(25935): Could not find method android.content.pm.PackageManager.getPackageInstaller, referenced from method com.google.android.gms.common.GooglePlayServicesUtil.zzh
W/dalvikvm(25935): VFY: unable to resolve virtual method 489: Landroid/content/pm/PackageManager;.getPackageInstaller ()Landroid/content/pm/PackageInstaller;
D/dalvikvm(25935): VFY: replacing opcode 0x6e at 0x000a
D/dalvikvm(25935): JIT code cache reset in 0 ms (0 bytes 1/0)
D/dalvikvm(25935): GC_CONCURRENT freed 284K, 11% free 2933K/3272K, paused 1ms+4ms, total 14ms
I/GMPM    (25935): App measurement is starting up
E/GMPM    (25935): getGoogleAppId failed with status: 10
E/GMPM    (25935): Uploading is not possible. App measurement disabled
D/dalvikvm(25935): GC_CONCURRENT freed 316K, 11% free 3074K/3444K, paused 3ms+10ms, total 15ms
D/dalvikvm(25935): GC_CONCURRENT freed 191K, 7% free 3392K/3640K, paused 2ms+2ms, total 6ms
D/dalvikvm(25935): WAIT_FOR_CONCURRENT_GC blocked 2ms
D/dalvikvm(25935): WAIT_FOR_CONCURRENT_GC blocked 2ms
D/dalvikvm(25935): WAIT_FOR_CONCURRENT_GC blocked 3ms
D/dalvikvm(25935): WAIT_FOR_CONCURRENT_GC blocked 4ms
D/dalvikvm(25935): GC_CONCURRENT freed 174K, 6% free 3732K/3956K, paused 1ms+0ms, total 6ms
D/dalvikvm(25935): GC_CONCURRENT freed 166K, 6% free 4058K/4296K, paused 2ms+1ms, total 6ms
D/dalvikvm(25935): WAIT_FOR_CONCURRENT_GC blocked 4ms
D/dalvikvm(25935): WAIT_FOR_CONCURRENT_GC blocked 4ms
D/dalvikvm(25935): WAIT_FOR_CONCURRENT_GC blocked 5ms
D/dalvikvm(25935): WAIT_FOR_CONCURRENT_GC blocked 7ms
D/dalvikvm(25935): GC_CONCURRENT freed 326K, 9% free 4154K/4552K, paused 3ms+1ms, total 10ms
W/ImageLoader(25935): memoryCache() and memoryCacheSize() calls overlap each other
W/ImageLoader(25935): memoryCache() and memoryCacheSize() calls overlap each other
D/dalvikvm(25935): GC_CONCURRENT freed 1208K, 27% free 3405K/4656K, paused 2ms+1ms, total 6ms
D/dalvikvm(25935): GC_CONCURRENT freed 245K, 16% free 3917K/4656K, paused 3ms+2ms, total 40ms
W/dalvikvm(25935): VFY: unable to find class referenced in signature (Lokhttp3/Request;)
W/dalvikvm(25935): VFY: unable to find class referenced in signature (Lokhttp3/Response;)
I/dalvikvm(25935): Could not find method okhttp3.Response.headers, referenced from method empirical.HelperClass.printOkHttpInfo
W/dalvikvm(25935): VFY: unable to resolve virtual method 50496: Lokhttp3/Response;.headers ()Lokhttp3/Headers;
D/dalvikvm(25935): VFY: replacing opcode 0x6e at 0x0006
W/dalvikvm(25935): VFY: unable to find class referenced in signature (Lokhttp3/Call;)
W/dalvikvm(25935): VFY: unable to find class referenced in signature (Lokhttp3/Response;)
I/dalvikvm(25935): Could not find method okhttp3.Call.request, referenced from method empirical.HelperClass.printOkHttpInfoFromCall
W/dalvikvm(25935): VFY: unable to resolve interface method 50490: Lokhttp3/Call;.request ()Lokhttp3/Request;
D/dalvikvm(25935): VFY: replacing opcode 0x72 at 0x0006
I/System.out(25935): body:<com.mixpanel.android.mpmetrics.DecideChecker: java.lang.String getDecideResponseFromServer(java.lang.String,java.lang.String,com.mixpanel.android.util.RemoteService)>	sig:$r1 = staticinvoke <java.net.URLEncoder: java.lang.String encode(java.lang.String,java.lang.String)>($r1, "utf-8")	timediff:0
I/System.out(25935): body:<com.mixpanel.android.mpmetrics.DecideChecker: java.lang.String getDecideResponseFromServer(java.lang.String,java.lang.String,com.mixpanel.android.util.RemoteService)>	sig:$r2 = staticinvoke <java.net.URLEncoder: java.lang.String encode(java.lang.String,java.lang.String)>($r2, "utf-8")	timediff:0
D/dalvikvm(25935): WAIT_FOR_CONCURRENT_GC blocked 7ms
I/System.out(25935): body:<com.mixpanel.android.util.HttpService: byte[] performRequest(java.lang.String,java.util.List,javax.net.ssl.SSLSocketFactory)>	sig:specialinvoke $r12.<java.net.URL: void <init>(java.lang.String)>($r1)	timediff:1
I/System.out(25935): <com.mixpanel.android.util.HttpService: byte[] performRequest(java.lang.String,java.util.List,javax.net.ssl.SSLSocketFactory)>###specialinvoke $r12.<java.net.URL: void <init>(java.lang.String)>($r1)###https://decide.mixpanel.com/decide?version=1&lib=android&token=5768676e801ed29641ac9dc52d31112c&distinct_id=c0a7c043-5c36-47f1-b976-c0b3b4be9e85
I/System.out(25935): body:<com.mixpanel.android.util.HttpService: byte[] performRequest(java.lang.String,java.util.List,javax.net.ssl.SSLSocketFactory)>	sig:$r9 = virtualinvoke $r12.<java.net.URL: java.net.URLConnection openConnection()>()	timediff:0
I/System.out(25935): body:<com.mixpanel.android.util.HttpService: byte[] performRequest(java.lang.String,java.util.List,javax.net.ssl.SSLSocketFactory)>	sig:virtualinvoke $r13.<java.net.HttpURLConnection: void setConnectTimeout(int)>(2000)	timediff:0
I/System.out(25935): body:<com.mixpanel.android.util.HttpService: byte[] performRequest(java.lang.String,java.util.List,javax.net.ssl.SSLSocketFactory)>	sig:virtualinvoke $r13.<java.net.HttpURLConnection: void setReadTimeout(int)>(10000)	timediff:0
D/dalvikvm(25935): GC_CONCURRENT freed 319K, 12% free 4110K/4656K, paused 2ms+0ms, total 5ms
D/dalvikvm(25935): WAIT_FOR_CONCURRENT_GC blocked 1ms
D/dalvikvm(25935): WAIT_FOR_CONCURRENT_GC blocked 2ms
D/dalvikvm(25935): WAIT_FOR_CONCURRENT_GC blocked 4ms
D/dalvikvm(25935): GC_CONCURRENT freed 135K, 5% free 4456K/4676K, paused 3ms+0ms, total 7ms
D/dalvikvm(25935): WAIT_FOR_CONCURRENT_GC blocked 2ms
D/dalvikvm(25935): WAIT_FOR_CONCURRENT_GC blocked 3ms
D/dalvikvm(25935): GC_CONCURRENT freed 166K, 6% free 4811K/5068K, paused 1ms+1ms, total 6ms
D/dalvikvm(25935): WAIT_FOR_CONCURRENT_GC blocked 4ms
D/dalvikvm(25935): GC_CONCURRENT freed 178K, 5% free 5265K/5540K, paused 1ms+1ms, total 6ms
D/dalvikvm(25935): WAIT_FOR_CONCURRENT_GC blocked 4ms
D/dalvikvm(25935): GC_CONCURRENT freed 366K, 8% free 5670K/6148K, paused 1ms+1ms, total 6ms
D/dalvikvm(25935): WAIT_FOR_CONCURRENT_GC blocked 5ms
D/dalvikvm(25935): GC_FOR_ALLOC freed 422K, 11% free 5925K/6596K, paused 5ms, total 5ms
I/dalvikvm-heap(25935): Grow heap (frag case) to 6.333MB for 521606-byte allocation
D/dalvikvm(25935): GC_FOR_ALLOC freed 254K, 14% free 6181K/7108K, paused 4ms, total 4ms
D/dalvikvm(25935): GC_FOR_ALLOC freed 754K, 15% free 6317K/7364K, paused 7ms, total 7ms
D/dalvikvm(25935): GC_FOR_ALLOC freed 254K, 11% free 6571K/7364K, paused 4ms, total 5ms
D/dalvikvm(25935): GC_FOR_ALLOC freed 749K, 14% free 6707K/7748K, paused 4ms, total 6ms
D/dalvikvm(25935): GC_FOR_ALLOC freed 254K, 11% free 6961K/7748K, paused 4ms, total 4ms
D/dalvikvm(25935): GC_CONCURRENT freed 793K, 11% free 7546K/8408K, paused 0ms+0ms, total 12ms
D/dalvikvm(25935): WAIT_FOR_CONCURRENT_GC blocked 5ms
D/dalvikvm(25935): GC_CONCURRENT freed 465K, 6% free 8671K/9188K, paused 3ms+1ms, total 9ms
D/dalvikvm(25935): WAIT_FOR_CONCURRENT_GC blocked 2ms
D/dalvikvm(25935): GC_CONCURRENT freed 1295K, 13% free 9329K/10680K, paused 4ms+3ms, total 26ms
E/dalvikvm(25935): Bogus static initialization: value type 23 in field type Ljava/lang/CharSequence; for Lcom/adhoclabs/burner/ExternalVariablesManager; at index 0
E/dalvikvm(25935): VM aborting
F/libc    (25935): Fatal signal 6 (SIGABRT) at 0x0000654f (code=-6), thread 25935 (dhoclabs.burner)
F/libc    (25935): Unable to open connection to debuggerd: Connection refused
I/ActivityManager(  464): Process com.adhoclabs.burner (pid 25935) has died.
W/NetworkManagementSocketTagger(  464): setKernelCountSet(10091, 0) failed with errno -13
D/Zygote  (  168): Process 25935 terminated by signal (6)
I/ActivityManager(  464): Start proc com.adhoclabs.burner for activity com.adhoclabs.burner/.LoadingActivity: pid=25968 uid=10091 gids={50091, 3003, 1028, 1015, 1023}
W/NetworkManagementSocketTagger(  464): setKernelCountSet(10091, 1) failed with errno -13
I/dalvikvm(25968): ignoring registerObject request in thread=1
I/dalvikvm(25968): ignoring registerObject request in thread=1
I/dalvikvm(25968): Could not find method android.app.Notification$Builder.setLocalOnly, referenced from method com.google.android.gms.common.GooglePlayServicesUtil.zza
W/dalvikvm(25968): VFY: unable to resolve virtual method 261: Landroid/app/Notification$Builder;.setLocalOnly (Z)Landroid/app/Notification$Builder;
D/dalvikvm(25968): VFY: replacing opcode 0x6e at 0x0100
I/dalvikvm(25968): Could not find method android.content.pm.PackageManager.getPackageInstaller, referenced from method com.google.android.gms.common.GooglePlayServicesUtil.zzh
W/dalvikvm(25968): VFY: unable to resolve virtual method 489: Landroid/content/pm/PackageManager;.getPackageInstaller ()Landroid/content/pm/PackageInstaller;
D/dalvikvm(25968): VFY: replacing opcode 0x6e at 0x000a
D/dalvikvm(25968): JIT code cache reset in 0 ms (0 bytes 1/0)
D/dalvikvm(25968): GC_CONCURRENT freed 243K, 10% free 2929K/3228K, paused 3ms+0ms, total 5ms
I/GMPM    (25968): App measurement is starting up
E/GMPM    (25968): getGoogleAppId failed with status: 10
E/GMPM    (25968): Uploading is not possible. App measurement disabled
D/dalvikvm(25968): GC_CONCURRENT freed 331K, 11% free 3113K/3496K, paused 1ms+0ms, total 3ms
D/dalvikvm(25968): WAIT_FOR_CONCURRENT_GC blocked 2ms
D/dalvikvm(25968): GC_CONCURRENT freed 160K, 6% free 3458K/3676K, paused 2ms+2ms, total 8ms
D/dalvikvm(25968): WAIT_FOR_CONCURRENT_GC blocked 2ms
D/dalvikvm(25968): WAIT_FOR_CONCURRENT_GC blocked 5ms
D/dalvikvm(25968): WAIT_FOR_CONCURRENT_GC blocked 6ms
D/dalvikvm(25968): WAIT_FOR_CONCURRENT_GC blocked 9ms
D/dalvikvm(25968): GC_CONCURRENT freed 168K, 5% free 3800K/3976K, paused 1ms+0ms, total 11ms
D/dalvikvm(25968): GC_FOR_ALLOC freed 177K, 6% free 4103K/4356K, paused 3ms, total 3ms
D/dalvikvm(25968): GC_CONCURRENT freed 104K, 8% free 4130K/4480K, paused 2ms+0ms, total 7ms
W/ImageLoader(25968): memoryCache() and memoryCacheSize() calls overlap each other
W/ImageLoader(25968): memoryCache() and memoryCacheSize() calls overlap each other
D/dalvikvm(25968): GC_CONCURRENT freed 305K, 9% free 4212K/4616K, paused 2ms+1ms, total 4ms
D/dalvikvm(25968): GC_CONCURRENT freed 1145K, 27% free 3452K/4696K, paused 2ms+1ms, total 6ms
D/dalvikvm(25968): GC_CONCURRENT freed 284K, 25% free 3566K/4696K, paused 1ms+2ms, total 7ms
W/dalvikvm(25968): VFY: unable to find class referenced in signature (Lokhttp3/Request;)
W/dalvikvm(25968): VFY: unable to find class referenced in signature (Lokhttp3/Response;)
I/dalvikvm(25968): Could not find method okhttp3.Response.headers, referenced from method empirical.HelperClass.printOkHttpInfo
W/dalvikvm(25968): VFY: unable to resolve virtual method 50496: Lokhttp3/Response;.headers ()Lokhttp3/Headers;
D/dalvikvm(25968): VFY: replacing opcode 0x6e at 0x0006
W/dalvikvm(25968): VFY: unable to find class referenced in signature (Lokhttp3/Call;)
W/dalvikvm(25968): VFY: unable to find class referenced in signature (Lokhttp3/Response;)
I/dalvikvm(25968): Could not find method okhttp3.Call.request, referenced from method empirical.HelperClass.printOkHttpInfoFromCall
W/dalvikvm(25968): VFY: unable to resolve interface method 50490: Lokhttp3/Call;.request ()Lokhttp3/Request;
D/dalvikvm(25968): VFY: replacing opcode 0x72 at 0x0006
I/System.out(25968): body:<com.mixpanel.android.mpmetrics.DecideChecker: java.lang.String getDecideResponseFromServer(java.lang.String,java.lang.String,com.mixpanel.android.util.RemoteService)>	sig:$r1 = staticinvoke <java.net.URLEncoder: java.lang.String encode(java.lang.String,java.lang.String)>($r1, "utf-8")	timediff:0
I/System.out(25968): body:<com.mixpanel.android.mpmetrics.DecideChecker: java.lang.String getDecideResponseFromServer(java.lang.String,java.lang.String,com.mixpanel.android.util.RemoteService)>	sig:$r2 = staticinvoke <java.net.URLEncoder: java.lang.String encode(java.lang.String,java.lang.String)>($r2, "utf-8")	timediff:0
I/System.out(25968): body:<com.mixpanel.android.util.HttpService: byte[] performRequest(java.lang.String,java.util.List,javax.net.ssl.SSLSocketFactory)>	sig:specialinvoke $r12.<java.net.URL: void <init>(java.lang.String)>($r1)	timediff:1
I/System.out(25968): <com.mixpanel.android.util.HttpService: byte[] performRequest(java.lang.String,java.util.List,javax.net.ssl.SSLSocketFactory)>###specialinvoke $r12.<java.net.URL: void <init>(java.lang.String)>($r1)###https://decide.mixpanel.com/decide?version=1&lib=android&token=5768676e801ed29641ac9dc52d31112c&distinct_id=c0a7c043-5c36-47f1-b976-c0b3b4be9e85
I/System.out(25968): body:<com.mixpanel.android.util.HttpService: byte[] performRequest(java.lang.String,java.util.List,javax.net.ssl.SSLSocketFactory)>	sig:$r9 = virtualinvoke $r12.<java.net.URL: java.net.URLConnection openConnection()>()	timediff:2
I/System.out(25968): body:<com.mixpanel.android.util.HttpService: byte[] performRequest(java.lang.String,java.util.List,javax.net.ssl.SSLSocketFactory)>	sig:virtualinvoke $r13.<java.net.HttpURLConnection: void setConnectTimeout(int)>(2000)	timediff:0
I/System.out(25968): body:<com.mixpanel.android.util.HttpService: byte[] performRequest(java.lang.String,java.util.List,javax.net.ssl.SSLSocketFactory)>	sig:virtualinvoke $r13.<java.net.HttpURLConnection: void setReadTimeout(int)>(10000)	timediff:0
D/dalvikvm(25968): GC_CONCURRENT freed 187K, 18% free 3891K/4696K, paused 5ms+2ms, total 9ms
D/dalvikvm(25968): GC_CONCURRENT freed 151K, 10% free 4251K/4696K, paused 0ms+1ms, total 4ms
D/dalvikvm(25968): WAIT_FOR_CONCURRENT_GC blocked 3ms
D/dalvikvm(25968): GC_CONCURRENT freed 114K, 5% free 4523K/4724K, paused 2ms+0ms, total 5ms
D/dalvikvm(25968): GC_CONCURRENT freed 157K, 5% free 4911K/5156K, paused 3ms+0ms, total 7ms
D/dalvikvm(25968): WAIT_FOR_CONCURRENT_GC blocked 2ms
D/dalvikvm(25968): GC_CONCURRENT freed 186K, 6% free 5391K/5676K, paused 1ms+2ms, total 6ms
D/dalvikvm(25968): WAIT_FOR_CONCURRENT_GC blocked 3ms
D/dalvikvm(25968): GC_CONCURRENT freed 504K, 10% free 5680K/6308K, paused 1ms+0ms, total 5ms
D/dalvikvm(25968): WAIT_FOR_CONCURRENT_GC blocked 5ms
D/dalvikvm(25968): GC_FOR_ALLOC freed 238K, 10% free 5928K/6564K, paused 6ms, total 6ms
I/dalvikvm-heap(25968): Grow heap (frag case) to 6.335MB for 521606-byte allocation
D/dalvikvm(25968): GC_FOR_ALLOC freed 254K, 13% free 6183K/7076K, paused 5ms, total 5ms
I/dalvikvm-heap(25968): Grow heap (frag case) to 6.468MB for 399328-byte allocation
D/dalvikvm(25968): GC_FOR_ALLOC freed 510K, 19% free 6063K/7468K, paused 5ms, total 5ms
D/dalvikvm(25968): GC_CONCURRENT freed 498K, 12% free 6574K/7468K, paused 3ms+1ms, total 9ms
D/dalvikvm(25968): WAIT_FOR_CONCURRENT_GC blocked 6ms
D/dalvikvm(25968): GC_FOR_ALLOC freed 749K, 15% free 6709K/7860K, paused 6ms, total 6ms
D/dalvikvm(25968): GC_FOR_ALLOC freed 254K, 12% free 6964K/7860K, paused 4ms, total 4ms
D/dalvikvm(25968): GC_CONCURRENT freed 794K, 11% free 7555K/8412K, paused 0ms+1ms, total 8ms
D/dalvikvm(25968): WAIT_FOR_CONCURRENT_GC blocked 4ms
D/dalvikvm(25968): GC_CONCURRENT freed 466K, 6% free 8682K/9200K, paused 0ms+0ms, total 13ms
D/dalvikvm(25968): WAIT_FOR_CONCURRENT_GC blocked 6ms
D/dalvikvm(25968): GC_CONCURRENT freed 1295K, 13% free 9357K/10704K, paused 2ms+1ms, total 31ms
D/dalvikvm(25968): WAIT_FOR_CONCURRENT_GC blocked 6ms
E/dalvikvm(25968): Bogus static initialization: value type 23 in field type Ljava/lang/CharSequence; for Lcom/adhoclabs/burner/ExternalVariablesManager; at index 0
E/dalvikvm(25968): VM aborting
F/libc    (25968): Fatal signal 6 (SIGABRT) at 0x00006570 (code=-6), thread 25968 (dhoclabs.burner)
F/libc    (25968): Unable to open connection to debuggerd: Connection refused
W/NetworkManagementSocketTagger(  464): setKernelCountSet(10091, 0) failed with errno -13
I/InputDispatcher(  464): Dropping event because there is no focused window or focused application.
I/ActivityManager(  464): Process com.adhoclabs.burner (pid 25968) has died.
W/ActivityManager(  464): Force removing ActivityRecord{4a9ba708 u0 com.adhoclabs.burner/.LoadingActivity t182}: app died, no saved state
W/InputManager(  464): Input event injection from pid 24538 failed.
I/InputDispatcher(  464): Dropping event because there is no focused window or focused application.
I/InputDispatcher(  464): Dropping event because there is no focused window or focused application.
D/FirebaseApp(24744): Notifying background state change listeners.
W/InputManager(  464): Input event injection from pid 24538 failed.
W/InputManager(  464): Input event injection from pid 24538 failed.
D/Zygote  (  168): Process 25968 terminated by signal (6)
I/InputDispatcher(  464): Dropping event because there is no focused window or focused application.
I/InputDispatcher(  464): Dropping event because there is no focused window or focused application.
I/InputDispatcher(  464): Dropping event because there is no focused window or focused application.
W/InputManager(  464): Input event injection from pid 24538 failed.
W/InputManager(  464): Input event injection from pid 24538 failed.
W/InputManager(  464): Input event injection from pid 24538 failed.
I/InputDispatcher(  464): Dropping event because there is no focused window or focused application.
I/InputDispatcher(  464): Dropping event because there is no focused window or focused application.
I/InputDispatcher(  464): Dropping event because there is no focused window or focused application.
I/InputDispatcher(  464): Dropping event because there is no focused window or focused application.
I/InputDispatcher(  464): Dropping event because there is no focused window or focused application.
W/InputManager(  464): Input event injection from pid 24538 failed.
W/InputManager(  464): Input event injection from pid 24538 failed.
W/InputManager(  464): Input event injection from pid 24538 failed.
W/InputManager(  464): Input event injection from pid 24538 failed.
W/InputManager(  464): Input event injection from pid 24538 failed.
I/InputDispatcher(  464): Dropping event because there is no focused window or focused application.
I/DEBUG   (26001): debuggerd: Sep  7 2017 16:04:41
W/InputManager(  464): Input event injection from pid 24538 failed.
W/EGL_emulation(24744): eglSurfaceAttrib not implemented 3093 12436
W/ViewRootImpl(24744): Dropping event due to no window focus: KeyEvent { action=ACTION_DOWN, keyCode=KEYCODE_ENTER, scanCode=0, metaState=0, flags=0x8, repeatCount=0, eventTime=3263481, downTime=3263481, deviceId=-1, source=0x101 }
W/InputMethodManagerService(  464): Window already focused, ignoring focus gain of: com.android.internal.view.IInputMethodClient$Stub$Proxy@4ab8e434 attribute=null, token = android.os.BinderProxy@4aa03b70
W/DebugConnManager(24744): getNetworkInfo() on networkType 1
I/ActivityManager(  464): START u0 {act=android.intent.action.VIEW dat=http://launcher.us.yeshen.com/api/app/detail?id=com.bbqstudio.bbqqoversea flg=0x10000000 cmp=com.android.browser/.BrowserActivity} from pid 24744
W/DebugConnManager(24744): getNetworkInfo() on networkType 1
I/ActivityManager(  464): START u0 {act=android.intent.action.VIEW dat=http://launcher.us.yeshen.com/api/app/detail?id=me.pou.app flg=0x10000000 cmp=com.android.browser/.BrowserActivity} from pid 24744
D/dalvikvm(24744): GC_CONCURRENT freed 3440K, 30% free 11876K/16780K, paused 1ms+3ms, total 18ms
W/DebugConnManager(24744): getNetworkInfo() on networkType 1
I/ActivityManager(  464): START u0 {act=android.intent.action.VIEW dat=http://launcher.us.yeshen.com/api/app/detail?id=com.outfit7.mytalkingangelafree flg=0x10000000 cmp=com.android.browser/.BrowserActivity} from pid 24744
W/DebugConnManager(24744): getNetworkInfo() on networkType 1
I/ActivityManager(  464): START u0 {act=android.intent.action.VIEW dat=http://launcher.us.yeshen.com/api/app/detail?id=com.miniclip.eightballpool flg=0x10000000 cmp=com.android.browser/.BrowserActivity} from pid 24744
W/DebugConnManager(24744): getNetworkInfo() on networkType 1
I/ActivityManager(  464): START u0 {act=android.intent.action.VIEW dat=http://launcher.us.yeshen.com/api/app/detail?id=com.bbqstudio.bbqqoversea flg=0x10000000 cmp=com.android.browser/.BrowserActivity} from pid 24744
W/DebugConnManager(24744): getNetworkInfo() on networkType 1
I/ActivityManager(  464): START u0 {act=android.intent.action.VIEW dat=http://launcher.us.yeshen.com/api/app/detail?id=com.bbqstudio.bbqqoversea flg=0x10000000 cmp=com.android.browser/.BrowserActivity} from pid 24744
W/Launcher(24744): No global search activity found.
W/DebugConnManager(24744): getNetworkInfo() on networkType 1
I/ActivityManager(  464): START u0 {act=android.intent.action.VIEW dat=http://launcher.us.yeshen.com/api/app/detail?id=com.miniclip.eightballpool flg=0x10000000 cmp=com.android.browser/.BrowserActivity} from pid 24744
W/DebugConnManager(24744): getNetworkInfo() on networkType 1
I/ActivityManager(  464): START u0 {act=android.intent.action.VIEW dat=http://launcher.us.yeshen.com/api/app/detail?id=com.outfit7.mytalkingtomfree flg=0x10000000 cmp=com.android.browser/.BrowserActivity} from pid 24744
W/DebugConnManager(24744): getNetworkInfo() on networkType 1
D/dalvikvm(24744): GC_CONCURRENT freed 2693K, 28% free 12208K/16780K, paused 3ms+0ms, total 18ms
D/dalvikvm(24744): WAIT_FOR_CONCURRENT_GC blocked 8ms
D/dalvikvm(24744): WAIT_FOR_CONCURRENT_GC blocked 8ms
I/ActivityManager(  464): START u0 {act=android.intent.action.VIEW dat=http://launcher.us.yeshen.com/api/app/detail?id=com.itchmedia.ta3 flg=0x10000000 cmp=com.android.browser/.BrowserActivity} from pid 24744
I/ActivityManager(  464): START u0 {act=android.intent.action.MAIN cat=[android.intent.category.LAUNCHER] flg=0x10200000 cmp=com.adhoclabs.burner/.LoadingActivity} from pid 24538
D/yeshen  (24744): launcher onpause
I/ActivityManager(  464): Start proc com.adhoclabs.burner for activity com.adhoclabs.burner/.LoadingActivity: pid=26044 uid=10091 gids={50091, 3003, 1028, 1015, 1023}
W/NetworkManagementSocketTagger(  464): setKernelCountSet(10091, 1) failed with errno -13
I/dalvikvm(26044): ignoring registerObject request in thread=1
I/dalvikvm(26044): ignoring registerObject request in thread=1
I/dalvikvm(26044): Could not find method android.app.Notification$Builder.setLocalOnly, referenced from method com.google.android.gms.common.GooglePlayServicesUtil.zza
W/dalvikvm(26044): VFY: unable to resolve virtual method 261: Landroid/app/Notification$Builder;.setLocalOnly (Z)Landroid/app/Notification$Builder;
D/dalvikvm(26044): VFY: replacing opcode 0x6e at 0x0100
I/dalvikvm(26044): Could not find method android.content.pm.PackageManager.getPackageInstaller, referenced from method com.google.android.gms.common.GooglePlayServicesUtil.zzh
W/dalvikvm(26044): VFY: unable to resolve virtual method 489: Landroid/content/pm/PackageManager;.getPackageInstaller ()Landroid/content/pm/PackageInstaller;
D/dalvikvm(26044): VFY: replacing opcode 0x6e at 0x000a
D/yeshen  (24744): launcher onstop
D/dalvikvm(26044): JIT code cache reset in 0 ms (0 bytes 1/0)
W/DebugConnManager(24744): getNetworkInfo() on networkType 1
D/FirebaseApp(24744): Notifying background state change listeners.
D/Tinker.DefaultAppLike(24744): onTrimMemory level:20
D/dalvikvm(26044): GC_CONCURRENT freed 251K, 10% free 2933K/3236K, paused 2ms+1ms, total 12ms
I/GMPM    (26044): App measurement is starting up
E/GMPM    (26044): getGoogleAppId failed with status: 10
E/GMPM    (26044): Uploading is not possible. App measurement disabled
D/dalvikvm(26044): GC_CONCURRENT freed 288K, 11% free 3034K/3376K, paused 2ms+0ms, total 4ms
D/dalvikvm(26044): GC_CONCURRENT freed 158K, 6% free 3386K/3600K, paused 2ms+0ms, total 5ms
D/dalvikvm(26044): WAIT_FOR_CONCURRENT_GC blocked 2ms
D/dalvikvm(26044): WAIT_FOR_CONCURRENT_GC blocked 5ms
D/dalvikvm(26044): WAIT_FOR_CONCURRENT_GC blocked 6ms
D/dalvikvm(26044): GC_CONCURRENT freed 135K, 6% free 3637K/3840K, paused 3ms+1ms, total 8ms
D/dalvikvm(26044): GC_CONCURRENT freed 116K, 5% free 3913K/4104K, paused 3ms+0ms, total 6ms
D/dalvikvm(26044): GC_CONCURRENT freed 263K, 8% free 4100K/4440K, paused 2ms+3ms, total 9ms
W/ImageLoader(26044): memoryCache() and memoryCacheSize() calls overlap each other
W/ImageLoader(26044): memoryCache() and memoryCacheSize() calls overlap each other
D/dalvikvm(26044): GC_CONCURRENT freed 278K, 8% free 4212K/4572K, paused 2ms+4ms, total 9ms
D/dalvikvm(26044): GC_CONCURRENT freed 1161K, 26% free 3496K/4724K, paused 2ms+2ms, total 7ms
D/dalvikvm(26044): GC_CONCURRENT freed 288K, 24% free 3603K/4724K, paused 2ms+0ms, total 7ms
W/dalvikvm(26044): VFY: unable to find class referenced in signature (Lokhttp3/Request;)
W/dalvikvm(26044): VFY: unable to find class referenced in signature (Lokhttp3/Response;)
I/dalvikvm(26044): Could not find method okhttp3.Response.headers, referenced from method empirical.HelperClass.printOkHttpInfo
W/dalvikvm(26044): VFY: