I/dalvikvm( 2302): DexOpt: unable to optimize static field ref 0x0394 at 0x26 in Lcsq;.a
D/dalvikvm( 2302): DexOpt: couldn't find static field Landroid/os/Build;.SUPPORTED_64_BIT_ABIS
I/dalvikvm( 2302): DexOpt: unable to optimize static field ref 0x0395 at 0x0d in Lcsq;.b
D/DynamitePackage( 2302): Instantiated singleton DynamitePackage.
D/DynamitePackage( 2302): Instantiating com.google.android.gms.ads.ChimeraAdManagerCreatorImpl
I/dalvikvm( 2302): Could not find method android.content.pm.PackageManager.getPackageInstaller, referenced from method iy.a
W/dalvikvm( 2302): VFY: unable to resolve virtual method 1587: Landroid/content/pm/PackageManager;.getPackageInstaller ()Landroid/content/pm/PackageInstaller;
D/dalvikvm( 2302): VFY: replacing opcode 0x6e at 0x0017
D/dalvikvm( 2302): GC_CONCURRENT freed 278K, 14% free 3946K/4560K, paused 1ms+0ms, total 4ms
I/dalvikvm( 2302): Could not find method android.security.NetworkSecurityPolicy.getInstance, referenced from method com.google.android.gms.ads.internal.util.ae.a
W/dalvikvm( 2302): VFY: unable to resolve static method 2118: Landroid/security/NetworkSecurityPolicy;.getInstance ()Landroid/security/NetworkSecurityPolicy;
D/dalvikvm( 2302): VFY: replacing opcode 0x71 at 0x00d3
D/dalvikvm( 2302): GC_CONCURRENT freed 241K, 11% free 4096K/4560K, paused 2ms+1ms, total 5ms
I/dalvikvm( 2302): Could not find method android.content.pm.PackageManager.isInstantApp, referenced from method pv.a
W/dalvikvm( 2302): VFY: unable to resolve virtual method 1592: Landroid/content/pm/PackageManager;.isInstantApp (Ljava/lang/String;)Z
D/dalvikvm( 2302): VFY: replacing opcode 0x6e at 0x002d
I/dalvikvm( 2302): Could not find method android.content.pm.PackageManager.isInstantApp, referenced from method pu.a
W/dalvikvm( 2302): VFY: unable to resolve virtual method 1591: Landroid/content/pm/PackageManager;.isInstantApp ()Z
D/dalvikvm( 2302): VFY: replacing opcode 0x6e at 0x0028
I/Ads     ( 2302): Starting ad request.
I/Ads     ( 2302): Use AdRequest.Builder.addTestDevice("A8F049FC454E72BFB6EA60EE2500BB55") to get test ads on this device.
D/dalvikvm( 2302): GC_CONCURRENT freed 253K, 9% free 4230K/4616K, paused 2ms+0ms, total 6ms
I/Ads     ( 2302): Please set theme of AdActivity to @android:style/Theme.Translucent to enable transparent background interstitial ad.
D/[admobex]( 2302): wait interstitial request...
D/dalvikvm( 2302): GC_CONCURRENT freed 615K, 15% free 4126K/4804K, paused 17ms+6ms, total 30ms
I/GMPM    ( 2302): App measurement is starting up, version: 8487
I/GMPM    ( 2302): To enable debug logging run: adb shell setprop log.tag.GMPM VERBOSE
E/GMPM    ( 2302): GoogleService failed to initialize, status: 10, Missing an expected resource: 'R.string.google_app_id' for initializing Google services.  Possible causes are missing google-services.json or com.google.gms.google-services gradle plugin.
E/GMPM    ( 2302): Scheduler not set. Not logging error/warn.
I/System.out( 2302): body:<com.facebook.GraphResponse: java.util.List fromHttpConnection(java.net.HttpURLConnection,com.facebook.GraphRequestBatch)>	sig:$i0 = virtualinvoke $r0.<java.net.HttpURLConnection: int getResponseCode()>()	timediff:276
I/System.out( 2302): body:<com.facebook.GraphResponse: java.util.List fromHttpConnection(java.net.HttpURLConnection,com.facebook.GraphRequestBatch)>	sig:$r2 = virtualinvoke $r0.<java.net.HttpURLConnection: java.io.InputStream getErrorStream()>()	timediff:0
I/System.out( 2302): body:<com.facebook.GraphResponse: java.util.List createResponsesFromObject(java.net.HttpURLConnection,java.util.List,java.lang.Object)>	sig:$i2 = virtualinvoke $r0.<java.net.HttpURLConnection: int getResponseCode()>()	timediff:0
I/System.out( 2302): body:<com.facebook.internal.Utility: void disconnectQuietly(java.net.URLConnection)>	sig:virtualinvoke $r1.<java.net.HttpURLConnection: void disconnect()>()	timediff:0
D/dalvikvm( 2302): GC_CONCURRENT freed 315K, 12% free 4263K/4804K, paused 2ms+15ms, total 21ms
W/Ads     ( 2302): Invoke Firebase method getGmpAppId error.
W/Ads     ( 2302): Invoke Firebase method getGmpAppId error.
W/Ads     ( 2302): The Google Mobile Ads SDK will not integrate with Firebase. Admob/Firebase integration requires the latest Firebase SDK jar, but Firebase SDK is either missing or out of date
E/GMPM    ( 2302): AppMeasurementReceiver not registered/enabled
E/GMPM    ( 2302): AppMeasurementService not registered/enabled
E/GMPM    ( 2302): Uploading is not possible. App measurement disabled
W/ActivityManager(  477): Launch timeout has expired, giving up wake lock!
D/dalvikvm( 2323): JIT code cache reset in 0 ms (0 bytes 1/0)
I/Choreographer(  477): Skipped 608 frames!  The application may be doing too much work on its main thread.
D/dalvikvm( 2323): GC_FOR_ALLOC freed 112K, 6% free 2929K/3104K, paused 6ms, total 6ms
W/WindowManager(  477): Window freeze timeout expired.
W/WindowManager(  477): Force clearing orientation change: Window{4aa56a28 u0 Starting air.com.KalromSystems.SandDrawLite}
W/WindowManager(  477): Force clearing orientation change: Window{4a8cfd70 u0 air.com.KalromSystems.SandDrawLite/air.com.KalromSystems.SandDrawLite.AppEntry}
W/WindowManager(  477): Force clearing orientation change: Window{4a956778 u0 SurfaceView}
W/WindowManager(  477): Force clearing orientation change: Window{4a9ec18c u0 com.android.systemui.ImageWallpaper}
W/WindowManager(  477): App freeze timeout expired.
E/WindowManager(  477): Starting window AppWindowToken{4aa23544 token=Token{4aa1d990 ActivityRecord{4aa43744 u0 air.com.KalromSystems.SandDrawLite/.AppEntry t5}}} timed out
I/WindowManager(  477): Screen frozen for +10s267ms due to Window{4aa56a28 u0 Starting air.com.KalromSystems.SandDrawLite}
I/dalvikvm-heap( 2323): Grow heap (frag case) to 9.169MB for 6553612-byte allocation
D/dalvikvm( 2323): GC_FOR_ALLOC freed <1K, 2% free 9328K/9508K, paused 4ms, total 4ms
D/dalvikvm( 2323): GC_CONCURRENT freed 0K, 2% free 9328K/9508K, paused 1ms+0ms, total 3ms
E/GAv4    ( 2302): Successfully bound to service but never got onServiceConnected callback
D/SettingsProvider(  477): User 0 external modification to /data/data/com.android.providers.settings/databases/settings.db; event=8
D/SettingsProvider(  477): User 0 updating our caches for /data/data/com.android.providers.settings/databases/settings.db
I/InputDispatcher(  477): Dropped event because it is stale.
I/InputDispatcher(  477): Dropped event because it is stale.
I/InputDispatcher(  477): Dropped event because it is stale.
I/InputDispatcher(  477): Dropped event because it is stale.
I/Choreographer( 2302): Skipped 1219 frames!  The application may be doing too much work on its main thread.
W/InputManager(  477): Input event injection from pid 1683 failed.
D/        ( 2323): HostConnection::get() New Host Connection established 0xb96c2640, tid 2323
V/KeyguardServiceDelegate(  477): **** SHOWN CALLED ****
D/PhoneStatusBar( 2323): mSettingsPanelGravity = 55
D/        ( 2302): HostConnection::get() New Host Connection established 0xb991e500, tid 2302
I/StatusBarManagerService(  477): registerStatusBar bar=com.android.internal.statusbar.IStatusBar$Stub$Proxy@4a9916b0
I/ActivityManager(  477): Displayed air.com.KalromSystems.SandDrawLite/.AppEntry: +20s845ms
W/NetworkManagementSocketTagger(  477): setKernelCountSet(10037, 0) failed with errno -13
D/BluetoothManagerService(  477): Message: 20
D/BluetoothManagerService(  477): Added callback: android.bluetooth.IBluetoothManagerCallback$Stub$Proxy@4a9690cc:true
D/BluetoothAdapter( 2323): 1253318744: getState() :  mService = null. Returning STATE_OFF
D/BluetoothAdapter( 2323): 1253318744: getState() :  mService = null. Returning STATE_OFF
D/BluetoothAdapter( 2323): 1253318744: getState() :  mService = null. Returning STATE_OFF
D/libEGL  ( 2302): loaded /system/lib/egl/libEGL_adreno.so
D/libEGL  ( 2302): loaded /system/lib/egl/libGLESv1_CM_adreno.so
D/libEGL  ( 2302): loaded /system/lib/egl/libGLESv2_adreno.so
D/PhoneStatusBar( 2323): disable: < expand icons alerts ticker system_info back home recent clock search >
D/BluetoothAdapter( 2323): 1253318744: getState() :  mService = null. Returning STATE_OFF
D/BluetoothAdapter( 2323): 1253318744: getState() :  mService = null. Returning STATE_OFF
D/PhoneStatusBar( 2323): heads up is disabled
D/libEGL  ( 2323): loaded /system/lib/egl/libEGL_adreno.so
D/libEGL  ( 2323): loaded /system/lib/egl/libGLESv1_CM_adreno.so
D/libEGL  ( 2323): loaded /system/lib/egl/libGLESv2_adreno.so
W/EGL_emulation( 2323): eglSurfaceAttrib not implemented 3093 12436
D/OpenGLRenderer( 2323): Enabling debug mode 0
W/GAv4    ( 2302): onServiceConnected received after the timeout limit
W/Finsky  (  998): [48] com.google.android.finsky.billing.iab.ab.b(48): air.com.KalromSystems.SandDrawLite: No account found.
I/AVC     ( 2302): b986b1e0
W/IInputConnectionWrapper( 1985): showStatusIcon on inactive InputConnection
I/Choreographer( 2302): Skipped 45 frames!  The application may be doing too much work on its main thread.
I/System.out( 2302): body:<com.google.android.gms.analytics.internal.zzj: java.util.Map zzbi(java.lang.String)>	sig:specialinvoke $r3.<java.net.URI: void <init>(java.lang.String)>($r1)	timediff:0
I/ActivityManager(  477): START u0 {act=android.intent.action.MAIN cat=[android.intent.category.HOME] flg=0x10200000 cmp=com.vphone.launcher/.Launcher} from pid 477
I/System.out( 2302): body:<com.google.android.gms.internal.zzmz: java.util.Map zza(java.net.URI,java.lang.String)>	sig:$r4 = virtualinvoke $r0.<java.net.URI: java.lang.String getRawQuery()>()	timediff:0
I/System.out( 2302): body:<com.google.android.gms.internal.zzmz: java.lang.String decode(java.lang.String,java.lang.String)>	sig:$r1 = staticinvoke <java.net.URLDecoder: java.lang.String decode(java.lang.String,java.lang.String)>($r0, $r1)	timediff:0
D/dalvikvm( 2302): GC_CONCURRENT freed 495K, 14% free 4162K/4824K, paused 2ms+1ms, total 10ms
I/System.out( 2302): body:<com.google.android.gms.internal.zzmz: java.lang.String decode(java.lang.String,java.lang.String)>	sig:$r1 = staticinvoke <java.net.URLDecoder: java.lang.String decode(java.lang.String,java.lang.String)>($r0, $r1)	timediff:0
I/System.out( 2302): body:<com.google.android.gms.internal.zzmz: java.lang.String decode(java.lang.String,java.lang.String)>	sig:$r1 = staticinvoke <java.net.URLDecoder: java.lang.String decode(java.lang.String,java.lang.String)>($r0, $r1)	timediff:0
I/System.out( 2302): body:<com.google.android.gms.internal.zzmz: java.lang.String decode(java.lang.String,java.lang.String)>	sig:$r1 = staticinvoke <java.net.URLDecoder: java.lang.String decode(java.lang.String,java.lang.String)>($r0, $r1)	timediff:0
I/System.out( 2302): body:<com.google.android.gms.internal.zzmz: java.lang.String decode(java.lang.String,java.lang.String)>	sig:$r1 = staticinvoke <java.net.URLDecoder: java.lang.String decode(java.lang.String,java.lang.String)>($r0, $r1)	timediff:0
I/System.out( 2302): body:<com.google.android.gms.internal.zzmz: java.lang.String decode(java.lang.String,java.lang.String)>	sig:$r1 = staticinvoke <java.net.URLDecoder: java.lang.String decode(java.lang.String,java.lang.String)>($r0, $r1)	timediff:0
I/System.out( 2302): body:<com.google.android.gms.internal.zzmz: java.lang.String decode(java.lang.String,java.lang.String)>	sig:$r1 = staticinvoke <java.net.URLDecoder: java.lang.String decode(java.lang.String,java.lang.String)>($r0, $r1)	timediff:0
I/System.out( 2302): body:<com.google.android.gms.internal.zzmz: java.lang.String decode(java.lang.String,java.lang.String)>	sig:$r1 = staticinvoke <java.net.URLDecoder: java.lang.String decode(java.lang.String,java.lang.String)>($r0, $r1)	timediff:0
I/System.out( 2302): body:<com.google.android.gms.internal.zzmz: java.lang.String decode(java.lang.String,java.lang.String)>	sig:$r1 = staticinvoke <java.net.URLDecoder: java.lang.String decode(java.lang.String,java.lang.String)>($r0, $r1)	timediff:0
I/System.out( 2302): body:<com.google.android.gms.internal.zzmz: java.lang.String decode(java.lang.String,java.lang.String)>	sig:$r1 = staticinvoke <java.net.URLDecoder: java.lang.String decode(java.lang.String,java.lang.String)>($r0, $r1)	timediff:0
I/System.out( 2302): body:<com.google.android.gms.internal.zzmz: java.lang.String decode(java.lang.String,java.lang.String)>	sig:$r1 = staticinvoke <java.net.URLDecoder: java.lang.String decode(java.lang.String,java.lang.String)>($r0, $r1)	timediff:0
I/System.out( 2302): body:<com.google.android.gms.internal.zzmz: java.lang.String decode(java.lang.String,java.lang.String)>	sig:$r1 = staticinvoke <java.net.URLDecoder: java.lang.String decode(java.lang.String,java.lang.String)>($r0, $r1)	timediff:0
I/System.out( 2302): body:<com.google.android.gms.internal.zzmz: java.lang.String decode(java.lang.String,java.lang.String)>	sig:$r1 = staticinvoke <java.net.URLDecoder: java.lang.String decode(java.lang.String,java.lang.String)>($r0, $r1)	timediff:0
D/dalvikvm( 2323): GC_CONCURRENT freed 6834K, 61% free 4533K/11436K, paused 1ms+0ms, total 5ms
I/System.out( 2302): body:<com.google.android.gms.internal.zzmz: java.lang.String decode(java.lang.String,java.lang.String)>	sig:$r1 = staticinvoke <java.net.URLDecoder: java.lang.String decode(java.lang.String,java.lang.String)>($r0, $r1)	timediff:0
W/Herrevad(  718): [58] rqj.a: On wifi, but couldn't get security type
I/System.out( 2302): body:<com.google.android.gms.internal.zzmz: java.lang.String decode(java.lang.String,java.lang.String)>	sig:$r1 = staticinvoke <java.net.URLDecoder: java.lang.String decode(java.lang.String,java.lang.String)>($r0, $r1)	timediff:0
I/System.out( 2302): body:<com.google.android.gms.internal.zzmz: java.lang.String decode(java.lang.String,java.lang.String)>	sig:$r1 = staticinvoke <java.net.URLDecoder: java.lang.String decode(java.lang.String,java.lang.String)>($r0, $r1)	timediff:0
I/System.out( 2302): body:<com.google.android.gms.internal.zzmz: java.lang.String decode(java.lang.String,java.lang.String)>	sig:$r1 = staticinvoke <java.net.URLDecoder: java.lang.String decode(java.lang.String,java.lang.String)>($r0, $r1)	timediff:0
I/System.out( 2302): body:<com.google.android.gms.internal.zzmz: java.lang.String decode(java.lang.String,java.lang.String)>	sig:$r1 = staticinvoke <java.net.URLDecoder: java.lang.String decode(java.lang.String,java.lang.String)>($r0, $r1)	timediff:0
I/System.out( 2302): body:<com.google.android.gms.internal.zzmz: java.lang.String decode(java.lang.String,java.lang.String)>	sig:$r1 = staticinvoke <java.net.URLDecoder: java.lang.String decode(java.lang.String,java.lang.String)>($r0, $r1)	timediff:0
I/System.out( 2302): body:<com.google.android.gms.internal.zzmz: java.lang.String decode(java.lang.String,java.lang.String)>	sig:$r1 = staticinvoke <java.net.URLDecoder: java.lang.String decode(java.lang.String,java.lang.String)>($r0, $r1)	timediff:0
I/System.out( 2302): body:<com.google.android.gms.internal.zzmz: java.lang.String decode(java.lang.String,java.lang.String)>	sig:$r1 = staticinvoke <java.net.URLDecoder: java.lang.String decode(java.lang.String,java.lang.String)>($r0, $r1)	timediff:0
I/System.out( 2302): body:<com.google.android.gms.internal.zzmz: java.lang.String decode(java.lang.String,java.lang.String)>	sig:$r1 = staticinvoke <java.net.URLDecoder: java.lang.String decode(java.lang.String,java.lang.String)>($r0, $r1)	timediff:0
I/System.out( 2302): body:<com.google.android.gms.internal.zzmz: java.lang.String decode(java.lang.String,java.lang.String)>	sig:$r1 = staticinvoke <java.net.URLDecoder: java.lang.String decode(java.lang.String,java.lang.String)>($r0, $r1)	timediff:0
I/System.out( 2302): body:<com.google.android.gms.internal.zzmz: java.lang.String decode(java.lang.String,java.lang.String)>	sig:$r1 = staticinvoke <java.net.URLDecoder: java.lang.String decode(java.lang.String,java.lang.String)>($r0, $r1)	timediff:0
I/System.out( 2302): body:<com.google.android.gms.internal.zzmz: java.lang.String decode(java.lang.String,java.lang.String)>	sig:$r1 = staticinvoke <java.net.URLDecoder: java.lang.String decode(java.lang.String,java.lang.String)>($r0, $r1)	timediff:0
W/DebugConnManager(  718): getNetworkInfo() on networkType 0
I/System.out( 2302): body:<com.google.android.gms.internal.zzmz: java.lang.String decode(java.lang.String,java.lang.String)>	sig:$r1 = staticinvoke <java.net.URLDecoder: java.lang.String decode(java.lang.String,java.lang.String)>($r0, $r1)	timediff:0
I/System.out( 2302): body:<com.google.android.gms.analytics.internal.zzj: java.util.Map zzbi(java.lang.String)>	sig:specialinvoke $r3.<java.net.URI: void <init>(java.lang.String)>($r1)	timediff:0
I/System.out( 2302): body:<com.google.android.gms.internal.zzmz: java.util.Map zza(java.net.URI,java.lang.String)>	sig:$r4 = virtualinvoke $r0.<java.net.URI: java.lang.String getRawQuery()>()	timediff:0
I/System.out( 2302): body:<com.google.android.gms.internal.zzmz: java.lang.String decode(java.lang.String,java.lang.String)>	sig:$r1 = staticinvoke <java.net.URLDecoder: java.lang.String decode(java.lang.String,java.lang.String)>($r0, $r1)	timediff:0
I/System.out( 2302): body:<com.google.android.gms.internal.zzmz: java.lang.String decode(java.lang.String,java.lang.String)>	sig:$r1 = staticinvoke <java.net.URLDecoder: java.lang.String decode(java.lang.String,java.lang.String)>($r0, $r1)	timediff:0
I/System.out( 2302): body:<com.google.android.gms.internal.zzmz: java.lang.String decode(java.lang.String,java.lang.String)>	sig:$r1 = staticinvoke <java.net.URLDecoder: java.lang.String decode(java.lang.String,java.lang.String)>($r0, $r1)	timediff:0
I/System.out( 2302): body:<com.google.android.gms.internal.zzmz: java.lang.String decode(java.lang.String,java.lang.String)>	sig:$r1 = staticinvoke <java.net.URLDecoder: java.lang.String decode(java.lang.String,java.lang.String)>($r0, $r1)	timediff:0
I/System.out( 2302): body:<com.google.android.gms.internal.zzmz: java.lang.String decode(java.lang.String,java.lang.String)>	sig:$r1 = staticinvoke <java.net.URLDecoder: java.lang.String decode(java.lang.String,java.lang.String)>($r0, $r1)	timediff:0
I/System.out( 2302): body:<com.google.android.gms.internal.zzmz: java.lang.String decode(java.lang.String,java.lang.String)>	sig:$r1 = staticinvoke <java.net.URLDecoder: java.lang.String decode(java.lang.String,java.lang.String)>($r0, $r1)	timediff:0
I/System.out( 2302): body:<com.google.android.gms.internal.zzmz: java.lang.String decode(java.lang.String,java.lang.String)>	sig:$r1 = staticinvoke <java.net.URLDecoder: java.lang.String decode(java.lang.String,java.lang.String)>($r0, $r1)	timediff:0
I/System.out( 2302): body:<com.google.android.gms.internal.zzmz: java.lang.String decode(java.lang.String,java.lang.String)>	sig:$r1 = staticinvoke <java.net.URLDecoder: java.lang.String decode(java.lang.String,java.lang.String)>($r0, $r1)	timediff:0
I/System.out( 2302): body:<com.google.android.gms.internal.zzmz: java.lang.String decode(java.lang.String,java.lang.String)>	sig:$r1 = staticinvoke <java.net.URLDecoder: java.lang.String decode(java.lang.String,java.lang.String)>($r0, $r1)	timediff:0
I/System.out( 2302): body:<com.google.android.gms.internal.zzmz: java.lang.String decode(java.lang.String,java.lang.String)>	sig:$r1 = staticinvoke <java.net.URLDecoder: java.lang.String decode(java.lang.String,java.lang.String)>($r0, $r1)	timediff:0
I/System.out( 2302): body:<com.google.android.gms.internal.zzmz: java.lang.String decode(java.lang.String,java.lang.String)>	sig:$r1 = staticinvoke <java.net.URLDecoder: java.lang.String decode(java.lang.String,java.lang.String)>($r0, $r1)	timediff:0
I/System.out( 2302): body:<com.google.android.gms.internal.zzmz: java.lang.String decode(java.lang.String,java.lang.String)>	sig:$r1 = staticinvoke <java.net.URLDecoder: java.lang.String decode(java.lang.String,java.lang.String)>($r0, $r1)	timediff:0
I/System.out( 2302): body:<com.google.android.gms.internal.zzmz: java.lang.String decode(java.lang.String,java.lang.String)>	sig:$r1 = staticinvoke <java.net.URLDecoder: java.lang.String decode(java.lang.String,java.lang.String)>($r0, $r1)	timediff:0
I/System.out( 2302): body:<com.google.android.gms.internal.zzmz: java.lang.String decode(java.lang.String,java.lang.String)>	sig:$r1 = staticinvoke <java.net.URLDecoder: java.lang.String decode(java.lang.String,java.lang.String)>($r0, $r1)	timediff:0
I/System.out( 2302): body:<com.google.android.gms.internal.zzmz: java.lang.String decode(java.lang.String,java.lang.String)>	sig:$r1 = staticinvoke <java.net.URLDecoder: java.lang.String decode(java.lang.String,java.lang.String)>($r0, $r1)	timediff:0
I/System.out( 2302): body:<com.google.android.gms.internal.zzmz: java.lang.String decode(java.lang.String,java.lang.String)>	sig:$r1 = staticinvoke <java.net.URLDecoder: java.lang.String decode(java.lang.String,java.lang.String)>($r0, $r1)	timediff:0
I/System.out( 2302): body:<com.google.android.gms.internal.zzmz: java.lang.String decode(java.lang.String,java.lang.String)>	sig:$r1 = staticinvoke <java.net.URLDecoder: java.lang.String decode(java.lang.String,java.lang.String)>($r0, $r1)	timediff:0
I/System.out( 2302): body:<com.google.android.gms.internal.zzmz: java.lang.String decode(java.lang.String,java.lang.String)>	sig:$r1 = staticinvoke <java.net.URLDecoder: java.lang.String decode(java.lang.String,java.lang.String)>($r0, $r1)	timediff:0
I/System.out( 2302): body:<com.google.android.gms.internal.zzmz: java.lang.String decode(java.lang.String,java.lang.String)>	sig:$r1 = staticinvoke <java.net.URLDecoder: java.lang.String decode(java.lang.String,java.lang.String)>($r0, $r1)	timediff:0
I/System.out( 2302): body:<com.google.android.gms.internal.zzmz: java.lang.String decode(java.lang.String,java.lang.String)>	sig:$r1 = staticinvoke <java.net.URLDecoder: java.lang.String decode(java.lang.String,java.lang.String)>($r0, $r1)	timediff:0
I/System.out( 2302): body:<com.google.android.gms.internal.zzmz: java.lang.String decode(java.lang.String,java.lang.String)>	sig:$r1 = staticinvoke <java.net.URLDecoder: java.lang.String decode(java.lang.String,java.lang.String)>($r0, $r1)	timediff:0
I/System.out( 2302): body:<com.google.android.gms.internal.zzmz: java.lang.String decode(java.lang.String,java.lang.String)>	sig:$r1 = staticinvoke <java.net.URLDecoder: java.lang.String decode(java.lang.String,java.lang.String)>($r0, $r1)	timediff:0
I/System.out( 2302): body:<com.google.android.gms.internal.zzmz: java.lang.String decode(java.lang.String,java.lang.String)>	sig:$r1 = staticinvoke <java.net.URLDecoder: java.lang.String decode(java.lang.String,java.lang.String)>($r0, $r1)	timediff:0
I/System.out( 2302): body:<com.google.android.gms.internal.zzmz: java.lang.String decode(java.lang.String,java.lang.String)>	sig:$r1 = staticinvoke <java.net.URLDecoder: java.lang.String decode(java.lang.String,java.lang.String)>($r0, $r1)	timediff:0
I/System.out( 2302): body:<com.google.android.gms.internal.zzmz: java.lang.String decode(java.lang.String,java.lang.String)>	sig:$r1 = staticinvoke <java.net.URLDecoder: java.lang.String decode(java.lang.String,java.lang.String)>($r0, $r1)	timediff:0
I/System.out( 2302): body:<com.google.android.gms.internal.zzmz: java.lang.String decode(java.lang.String,java.lang.String)>	sig:$r1 = staticinvoke <java.net.URLDecoder: java.lang.String decode(java.lang.String,java.lang.String)>($r0, $r1)	timediff:0
I/qtaguid (  718): Tagging socket 219 with tag 3000010500000000(805306629) for uid -1 failed errno=-13
I/NetworkManagementSocketTagger(  718): tagSocketFd(219, 805306629, -1) failed with errno-13
D/dalvikvm( 2302): GC_CONCURRENT freed 231K, 8% free 4443K/4824K, paused 2ms+1ms, total 9ms
D/dalvikvm( 2302): WAIT_FOR_CONCURRENT_GC blocked 2ms
I/InputDispatcher(  477): Dropped event because of pending overdue app switch.
W/InputManager(  477): Input event injection from pid 1683 failed.
W/InputManager(  477): Input event injection from pid 1683 failed.
W/ActivityManager(  477): Activity pause timeout for ActivityRecord{4aa43744 u0 air.com.KalromSystems.SandDrawLite/.AppEntry t5}
W/InputManager(  477): Input event injection from pid 1683 failed.
W/InputManager(  477): Input event injection from pid 1683 failed.
W/InputManager(  477): Input event injection from pid 1683 failed.
W/InputManager(  477): Input event injection from pid 1683 failed.
W/InputManager(  477): Input event injection from pid 1683 failed.
W/InputManager(  477): Input event injection from pid 1683 failed.
W/InputManager(  477): Input event injection from pid 1683 failed.
W/InputManager(  477): Input event injection from pid 1683 failed.
W/InputManager(  477): Input event injection from pid 1683 failed.
W/Launcher(  677): setApplicationContext called twice! old=com.vphone.launcher.LauncherApplicationEx@4a79ecec new=com.vphone.launcher.LauncherApplicationEx@4a79ecec
W/ResourceType(  677): Attempt to retrieve bag 0x7f0b0001 which is invalid or in a cycle.
D/Launcher(  677): 11683562 - bindAddScreens()
D/Launcher(  677): 11683562 -   orderedScreenIds: 1
D/Launcher.Workspace(  677): 11683562 - insertNewWorkspaceScreen(): 1 at index: 0
W/ContextImpl(  677): Calling a method in the system process without a qualified user: android.app.ContextImpl.startService:1492 android.content.ContextWrapper.startService:494 com.vphone.launcher.Launcher.h:664 com.vphone.launcher.Launcher.b:180 com.vphone.launcher.Launcher$11.run:646 
W/EGL_emulation(  677): eglSurfaceAttrib not implemented 3093 12436
W/ViewRootImpl(  677): Dropping event due to no window focus: KeyEvent { action=ACTION_DOWN, keyCode=KEYCODE_DPAD_RIGHT, scanCode=0, metaState=0, flags=0x8, repeatCount=0, eventTime=158253, downTime=158253, deviceId=-1, source=0x101 }
D/Sensors (  477): Client connection accepted (188)
W/ViewRootImpl(  677): Dropping event due to no window focus: KeyEvent { action=ACTION_DOWN, keyCode=KEYCODE_DPAD_DOWN, scanCode=0, metaState=0, flags=0x8, repeatCount=0, eventTime=158273, downTime=158273, deviceId=-1, source=0x101 }
W/ViewRootImpl(  677): Dropping event due to no window focus: KeyEvent { action=ACTION_DOWN, keyCode=KEYCODE_MENU, scanCode=0, metaState=0, flags=0x8, repeatCount=0, eventTime=158278, downTime=158278, deviceId=-1, source=0x101 }
D/dalvikvm( 2302): GC_CONCURRENT freed 274K, 7% free 4688K/5040K, paused 2ms+39ms, total 44ms
W/ViewRootImpl(  677): Dropping event due to no window focus: KeyEvent { action=ACTION_DOWN, keyCode=KEYCODE_NUMPAD_0, scanCode=0, metaState=0, flags=0x8, repeatCount=0, eventTime=158279, downTime=158279, deviceId=-1, source=0x101 }
W/ViewRootImpl(  677): Dropping event due to no window focus: KeyEvent { action=ACTION_DOWN, keyCode=KEYCODE_INSERT, scanCode=0, metaState=0, flags=0x8, repeatCount=0, eventTime=158279, downTime=158279, deviceId=-1, source=0x101 }
W/ViewRootImpl(  677): Dropping event due to no window focus: KeyEvent { action=ACTION_DOWN, keyCode=KEYCODE_DPAD_DOWN, scanCode=0, metaState=0, flags=0x8, repeatCount=0, eventTime=158290, downTime=158290, deviceId=-1, source=0x101 }
W/ViewRootImpl(  677): Dropping event due to no window focus: KeyEvent { action=ACTION_DOWN, keyCode=KEYCODE_MENU, scanCode=0, metaState=0, flags=0x8, repeatCount=0, eventTime=158305, downTime=158305, deviceId=-1, source=0x101 }
D/dalvikvm( 2302): WAIT_FOR_CONCURRENT_GC blocked 24ms
W/ViewRootImpl(  677): Dropping event due to no window focus: KeyEvent { action=ACTION_DOWN, keyCode=KEYCODE_DPAD_UP, scanCode=0, metaState=0, flags=0x8, repeatCount=0, eventTime=158310, downTime=158310, deviceId=-1, source=0x101 }
W/ViewRootImpl(  677): Dropping event due to no window focus: KeyEvent { action=ACTION_DOWN, keyCode=KEYCODE_BUTTON_MODE, scanCode=0, metaState=0, flags=0x8, repeatCount=0, eventTime=158321, downTime=158321, deviceId=-1, source=0x101 }
D/dalvikvm(  477): GC_CONCURRENT freed 933K, 26% free 8329K/11240K, paused 5ms+2ms, total 94ms
I/qtaguid (  718): Untagging socket 219 failed errno=-13
D/dalvikvm(  718): GC_CONCURRENT freed 1549K, 18% free 8662K/10560K, paused 4ms+1ms, total 30ms
W/NetworkManagementSocketTagger(  718): untagSocket(219) failed with errno -13
D/dalvikvm( 2302): GC_CONCURRENT freed 701K, 15% free 4587K/5368K, paused 1ms+0ms, total 8ms
D/dalvikvm( 2302): WAIT_FOR_CONCURRENT_GC blocked 4ms
D/dalvikvm( 2302): WAIT_FOR_CONCURRENT_GC blocked 10ms
D/dalvikvm( 2302): GC_CONCURRENT freed 589K, 16% free 4562K/5368K, paused 2ms+0ms, total 5ms
D/Sensors (  477): Client connection accepted (171)
D/Sensors (  477): Client connection accepted (171)
D/Sensors (  477): Client connection accepted (171)
D/Sensors (  477): Client connection accepted (171)
D/Sensors (  477): Client connection accepted (171)
D/AndroidRuntime( 2479): 
D/AndroidRuntime( 2479): >>>>>> AndroidRuntime START com.android.internal.os.RuntimeInit <<<<<<
D/AndroidRuntime( 2479): CheckJNI is OFF
D/dalvikvm( 2479): Using executionMode 2
D/dalvikvm( 2479): Trying to load lib libjavacore.so 0x0
D/dalvikvm( 2479): Added shared lib libjavacore.so 0x0
D/dalvikvm( 2479): Trying to load lib libnativehelper.so 0x0
D/dalvikvm( 2479): Added shared lib libnativehelper.so 0x0
D/dalvikvm( 2479): No JNI_OnLoad found in libnativehelper.so 0x0, skipping init
D/dalvikvm( 2479): Note: class Landroid/app/ActivityManagerNative; has 179 unimplemented (abstract) methods
E/memtrack( 2479): Couldn't load memtrack module (No such file or directory)
E/android.os.Debug( 2479): failed to load memtrack module: -2
D/AndroidRuntime( 2479): Calling main entry com.android.commands.settings.SettingsCmd
D/AndroidRuntime( 2479): Shutting down VM
E/cutils-trace( 2479): Error opening trace file: No such file or directory (2)
D/dalvikvm( 2479): GC_CONCURRENT freed 95K, 15% free 562K/660K, paused 0ms+0ms, total 1ms
D/AndroidRuntime( 2488): 
D/AndroidRuntime( 2488): >>>>>> AndroidRuntime START com.android.internal.os.RuntimeInit <<<<<<
D/AndroidRuntime( 2488): CheckJNI is OFF
D/dalvikvm( 2488): Using executionMode 2
D/dalvikvm( 2488): Trying to load lib libjavacore.so 0x0
D/dalvikvm( 2488): Added shared lib libjavacore.so 0x0
D/dalvikvm( 2488): Trying to load lib libnativehelper.so 0x0
D/dalvikvm( 2488): Added shared lib libnativehelper.so 0x0
D/dalvikvm( 2488): No JNI_OnLoad found in libnativehelper.so 0x0, skipping init
D/dalvikvm( 2488): Note: class Landroid/app/ActivityManagerNative; has 179 unimplemented (abstract) methods
E/memtrack( 2488): Couldn't load memtrack module (No such file or directory)
E/android.os.Debug( 2488): failed to load memtrack module: -2
D/AndroidRuntime( 2488): Calling main entry com.android.commands.settings.SettingsCmd
D/AndroidRuntime( 2488): Shutting down VM
E/cutils-trace( 2488): Error opening trace file: No such file or directory (2)
D/dalvikvm( 2488): GC_CONCURRENT freed 95K, 15% free 562K/660K, paused 0ms+0ms, total 1ms
D/Sensors (  477): Client connection accepted (171)
I/InputDispatcher(  477): Application is not responding: AppWindowToken{4a90da64 token=Token{4a951018 ActivityRecord{4a95156c u0 com.vphone.launcher/.Launcher t1}}} - Window{4aa76d58 u0 com.vphone.launcher/com.vphone.launcher.Launcher}.  It has been 5005.3ms since event, 5004.5ms since wait started.  Reason: Waiting because the focused window has not finished processing the input events that were previously delivered to it.
D/Sensors (  477): Client connection accepted (171)
W/SurfaceFlinger(  165): setTransactionState timed out waiting for previous animation frame
I/Choreographer(  477): Skipped 299 frames!  The application may be doing too much work on its main thread.
I/Process (  477): Sending signal. PID: 677 SIG: 3
I/dalvikvm(  677): threadid=3: reacting to signal 3
I/WindowManager(  477): Input event dispatching timed out sending to com.vphone.launcher/com.vphone.launcher.Launcher.  Reason: Waiting because the focused window has not finished processing the input events that were previously delivered to it.
W/InputManager(  477): Input event injection from pid 1683 timed out.
I/InputDispatcher(  477): Window 'Window{4a8cfd70 u0 air.com.KalromSystems.SandDrawLite/air.com.KalromSystems.SandDrawLite.AppEntry}' spent 5370.0ms processing the last input event: KeyEvent(deviceId=-1, source=0x00000101, action=0, flags=0x00000008, keyCode=14, scanCode=0, metaState=0x00000000, repeatCount=0), policyFlags=0x4b000000
I/InputDispatcher(  477): Window 'Window{4a8cfd70 u0 air.com.KalromSystems.SandDrawLite/air.com.KalromSystems.SandDrawLite.AppEntry}' spent 5366.5ms processing the last input event: KeyEvent(deviceId=-1, source=0x00000101, action=1, flags=0x00000028, keyCode=14, scanCode=0, metaState=0x00000000, repeatCount=0), policyFlags=0x4b000000
I/AVC     ( 2302): b986b1e0
D/GraphRequest( 2302): Warning: Request without access token missing application ID or client token.
I/System.out( 2302): body:<com.facebook.GraphRequest: java.net.HttpURLConnection toHttpConnection(com.facebook.GraphRequestBatch)>	sig:specialinvoke $r2.<java.net.URL: void <init>(java.lang.String)>($r3)	timediff:0
I/System.out( 2302): <com.facebook.GraphRequest: java.net.HttpURLConnection toHttpConnection(com.facebook.GraphRequestBatch)>###specialinvoke $r2.<java.net.URL: void <init>(java.lang.String)>($r3)###https://graph.facebook.com/v2.4/1194919987269057/activities?format=json&sdk=android
I/System.out( 2302): body:<com.facebook.GraphRequest: java.net.HttpURLConnection createConnection(java.net.URL)>	sig:$r1 = virtualinvoke $r0.<java.net.URL: java.net.URLConnection openConnection()>()	timediff:0
I/System.out( 2302): body:<com.facebook.GraphRequest: java.net.HttpURLConnection createConnection(java.net.URL)>	sig:virtualinvoke $r2.<java.net.HttpURLConnection: void setRequestProperty(java.lang.String,java.lang.String)>("User-Agent", $r3)	timediff:0
I/System.out( 2302): body:<com.facebook.GraphRequest: java.net.HttpURLConnection createConnection(java.net.URL)>	sig:virtualinvoke $r2.<java.net.HttpURLConnection: void setRequestProperty(java.lang.String,java.lang.String)>("Accept-Language", $r3)	timediff:0
I/System.out( 2302): body:<com.facebook.GraphRequest: java.net.HttpURLConnection createConnection(java.net.URL)>	sig:virtualinvoke $r2.<java.net.HttpURLConnection: void setChunkedStreamingMode(int)>(0)	timediff:0
I/System.out( 2302): body:<com.facebook.GraphRequest: void serializeToUrlConnection(com.facebook.GraphRequestBatch,java.net.HttpURLConnection)>	sig:virtualinvoke $r1.<java.net.HttpURLConnection: void setRequestMethod(java.lang.String)>($r6)	timediff:0
I/System.out( 2302): body:<com.facebook.GraphRequest: void setConnectionContentType(java.net.HttpURLConnection,boolean)>	sig:virtualinvoke $r0.<java.net.HttpURLConnection: void setRequestProperty(java.lang.String,java.lang.String)>("Content-Type", "application/x-www-form-urlencoded")	timediff:0
I/System.out( 2302): body:<com.facebook.GraphRequest: void setConnectionContentType(java.net.HttpURLConnection,boolean)>	sig:virtualinvoke $r0.<java.net.HttpURLConnection: void setRequestProperty(java.lang.String,java.lang.String)>("Content-Encoding", "gzip")	timediff:0
I/System.out( 2302): body:<com.facebook.GraphRequest: void serializeToUrlConnection(com.facebook.GraphRequestBatch,java.net.HttpURLConnection)>	sig:$r7 = virtualinvoke $r1.<java.net.HttpURLConnection: java.net.URL getURL()>()	timediff:0
I/System.out( 2302): body:<com.facebook.GraphRequest: void serializeToUrlConnection(com.facebook.GraphRequestBatch,java.net.HttpURLConnection)>	sig:$r6 = virtualinvoke $r1.<java.net.HttpURLConnection: java.lang.String getRequestMethod()>()	timediff:0
I/System.out( 2302): body:<com.facebook.GraphRequest: void serializeToUrlConnection(com.facebook.GraphRequestBatch,java.net.HttpURLConnection)>	sig:$r6 = virtualinvoke $r1.<java.net.HttpURLConnection: java.lang.String getRequestProperty(java.lang.String)>("User-Agent")	timediff:0
I/System.out( 2302): body:<com.facebook.GraphRequest: void serializeToUrlConnection(com.facebook.GraphRequestBatch,java.net.HttpURLConnection)>	sig:$r6 = virtualinvoke $r1.<java.net.HttpURLConnection: java.lang.String getRequestProperty(java.lang.String)>("Content-Type")	timediff:0
I/System.out( 2302): body:<com.facebook.GraphRequest: void serializeToUrlConnection(com.facebook.GraphRequestBatch,java.net.HttpURLConnection)>	sig:virtualinvoke $r1.<java.net.HttpURLConnection: void setConnectTimeout(int)>($i2)	timediff:0
I/System.out( 2302): body:<com.facebook.GraphRequest: void serializeToUrlConnection(com.facebook.GraphRequestBatch,java.net.HttpURLConnection)>	sig:virtualinvoke $r1.<java.net.HttpURLConnection: void setReadTimeout(int)>($i2)	timediff:0
I/System.out( 2302): body:<com.facebook.GraphRequest: void serializeToUrlConnection(com.facebook.GraphRequestBatch,java.net.HttpURLConnection)>	sig:virtualinvoke $r1.<java.net.HttpURLConnection: void setDoOutput(boolean)>(1)	timediff:0
D/GraphRequest( 2302): Warning: Request without access token missing application ID or client token.
I/System.out( 2302): body:<com.facebook.GraphRequest: java.net.HttpURLConnection toHttpConnection(com.facebook.GraphRequestBatch)>	sig:specialinvoke $r2.<java.net.URL: void <init>(java.lang.String)>($r3)	timediff:0
I/System.out( 2302): <com.facebook.GraphRequest: java.net.HttpURLConnection toHttpConnection(com.facebook.GraphRequestBatch)>###specialinvoke $r2.<java.net.URL: void <init>(java.lang.String)>($r3)###https://graph.facebook.com/v2.4/1194919987269057/activities?format=json&sdk=android
I/System.out( 2302): body:<com.facebook.GraphRequest: java.net.HttpURLConnection createConnection(java.net.URL)>	sig:$r1 = virtualinvoke $r0.<java.net.URL: java.net.URLConnection openConnection()>()	timediff:0
I/System.out( 2302): body:<com.facebook.GraphRequest: java.net.HttpURLConnection createConnection(java.net.URL)>	sig:virtualinvoke $r2.<java.net.HttpURLConnection: void setRequestProperty(java.lang.String,java.lang.String)>("User-Agent", $r3)	timediff:0
I/System.out( 2302): body:<com.facebook.GraphRequest: java.net.HttpURLConnection createConnection(java.net.URL)>	sig:virtualinvoke $r2.<java.net.HttpURLConnection: void setRequestProperty(java.lang.String,java.lang.String)>("Accept-Language", $r3)	timediff:0
I/System.out( 2302): body:<com.facebook.GraphRequest: java.net.HttpURLConnection createConnection(java.net.URL)>	sig:virtualinvoke $r2.<java.net.HttpURLConnection: void setChunkedStreamingMode(int)>(0)	timediff:0
I/System.out( 2302): body:<com.facebook.GraphRequest: void serializeToUrlConnection(com.facebook.GraphRequestBatch,java.net.HttpURLConnection)>	sig:virtualinvoke $r1.<java.net.HttpURLConnection: void setRequestMethod(java.lang.String)>($r6)	timediff:0
I/System.out( 2302): body:<com.facebook.GraphRequest: void setConnectionContentType(java.net.HttpURLConnection,boolean)>	sig:virtualinvoke $r0.<java.net.HttpURLConnection: void setRequestProperty(java.lang.String,java.lang.String)>("Content-Type", "application/x-www-form-urlencoded")	timediff:0
I/System.out( 2302): body:<com.facebook.GraphRequest: void setConnectionContentType(java.net.HttpURLConnection,boolean)>	sig:virtualinvoke $r0.<java.net.HttpURLConnection: void setRequestProperty(java.lang.String,java.lang.String)>("Content-Encoding", "gzip")	timediff:0
I/System.out( 2302): body:<com.facebook.GraphRequest: void serializeToUrlConnection(com.facebook.GraphRequestBatch,java.net.HttpURLConnection)>	sig:$r7 = virtualinvoke $r1.<java.net.HttpURLConnection: java.net.URL getURL()>()	timediff:0
I/System.out( 2302): body:<com.facebook.GraphRequest: void serializeToUrlConnection(com.facebook.GraphRequestBatch,java.net.HttpURLConnection)>	sig:$r6 = virtualinvoke $r1.<java.net.HttpURLConnection: java.lang.String getRequestMethod()>()	timediff:0
I/System.out( 2302): body:<com.facebook.GraphRequest: void serializeToUrlConnection(com.facebook.GraphRequestBatch,java.net.HttpURLConnection)>	sig:$r6 = virtualinvoke $r1.<java.net.HttpURLConnection: java.lang.String getRequestProperty(java.lang.String)>("User-Agent")	timediff:0
I/System.out( 2302): body:<com.facebook.GraphRequest: void serializeToUrlConnection(com.facebook.GraphRequestBatch,java.net.HttpURLConnection)>	sig:$r6 = virtualinvoke $r1.<java.net.HttpURLConnection: java.lang.String getRequestProperty(java.lang.String)>("Content-Type")	timediff:0
I/System.out( 2302): body:<com.facebook.GraphRequest: void serializeToUrlConnection(com.facebook.GraphRequestBatch,java.net.HttpURLConnection)>	sig:virtualinvoke $r1.<java.net.HttpURLConnection: void setConnectTimeout(int)>($i2)	timediff:0
I/System.out( 2302): body:<com.facebook.GraphRequest: void serializeToUrlConnection(com.facebook.GraphRequestBatch,java.net.HttpURLConnection)>	sig:virtualinvoke $r1.<java.net.HttpURLConnection: void setReadTimeout(int)>($i2)	timediff:0
I/System.out( 2302): body:<com.facebook.GraphRequest: void serializeToUrlConnection(com.facebook.GraphRequestBatch,java.net.HttpURLConnection)>	sig:virtualinvoke $r1.<java.net.HttpURLConnection: void setDoOutput(boolean)>(1)	timediff:0
I/System.out( 2302): body:<com.facebook.GraphRequest: void serializeToUrlConnection(com.facebook.GraphRequestBatch,java.net.HttpURLConnection)>	sig:$r10 = virtualinvoke $r1.<java.net.HttpURLConnection: java.io.OutputStream getOutputStream()>()	timediff:11
I/System.out( 2302): body:<com.facebook.GraphRequest$Serializer: void write(java.lang.String,java.lang.Object[])>	sig:$r3 = staticinvoke <java.net.URLEncoder: java.lang.String encode(java.lang.String,java.lang.String)>($r3, "UTF-8")	timediff:0
I/System.out( 2302): body:<com.facebook.GraphRequest$Serializer: void write(java.lang.String,java.lang.Object[])>	sig:$r3 = staticinvoke <java.net.URLEncoder: java.lang.String encode(java.lang.String,java.lang.String)>($r3, "UTF-8")	timediff:0
I/System.out( 2302): body:<com.facebook.GraphRequest: void processRequest(com.facebook.GraphRequestBatch,com.facebook.internal.Logger,int,java.net.URL,java.io.OutputStream,boolean)>	sig:$r11 = virtualinvoke $r2.<java.net.URL: java.lang.String getPath()>()	timediff:0
I/System.out( 2302): body:<com.facebook.GraphRequest$Serializer: void write(java.lang.String,java.lang.Object[])>	sig:$r3 = staticinvoke <java.net.URLEncoder: java.lang.String encode(java.lang.String,java.lang.String)>($r3, "UTF-8")	timediff:0
I/System.out( 2302): body:<com.facebook.GraphRequest$Serializer: void write(java.lang.String,java.lang.Object[])>	sig:$r3 = staticinvoke <java.net.URLEncoder: java.lang.String encode(java.lang.String,java.lang.String)>($r3, "UTF-8")	timediff:0
I/System.out( 2302): body:<com.facebook.GraphRequest$Serializer: void write(java.lang.String,java.lang.Object[])>	sig:$r3 = staticinvoke <java.net.URLEncoder: java.lang.String encode(java.lang.String,java.lang.String)>($r3, "UTF-8")	timediff:0
I/System.out( 2302): body:<com.facebook.GraphRequest$Serializer: void write(java.lang.String,java.lang.Object[])>	sig:$r3 = staticinvoke <java.net.URLEncoder: java.lang.String encode(java.lang.String,java.lang.String)>($r3, "UTF-8")	timediff:0
I/System.out( 2302): body:<com.facebook.GraphRequest$Serializer: void write(java.lang.String,java.lang.Object[])>	sig:$r3 = staticinvoke <java.net.URLEncoder: java.lang.String encode(java.lang.String,java.lang.String)>($r3, "UTF-8")	timediff:0
I/System.out( 2302): body:<com.facebook.GraphRequest$Serializer: void write(java.lang.String,java.lang.Object[])>	sig:$r3 = staticinvoke <java.net.URLEncoder: java.lang.String encode(java.lang.String,java.lang.String)>($r3, "UTF-8")	timediff:0
I/System.out( 2302): body:<com.facebook.GraphRequest: void serializeToUrlConnection(com.facebook.GraphRequestBatch,java.net.HttpURLConnection)>	sig:$r10 = virtualinvoke $r1.<java.net.HttpURLConnection: java.io.OutputStream getOutputStream()>()	timediff:26
I/System.out( 2302): body:<com.facebook.GraphRequest$Serializer: void write(java.lang.String,java.lang.Object[])>	sig:$r3 = staticinvoke <java.net.URLEncoder: java.lang.String encode(java.lang.String,java.lang.String)>($r3, "UTF-8")	timediff:0
I/System.out( 2302): body:<com.facebook.GraphRequest$Serializer: void write(java.lang.String,java.lang.Object[])>	sig:$r3 = staticinvoke <java.net.URLEncoder: java.lang.String encode(java.lang.String,java.lang.String)>($r3, "UTF-8")	timediff:0
I/dalvikvm(  677): Wrote stack traces to '/data/anr/traces.txt'
I/Process (  477): Sending signal. PID: 477 SIG: 3
I/dalvikvm(  477): threadid=3: reacting to signal 3
I/System.out( 2302): body:<com.facebook.GraphRequest: void processRequest(com.facebook.GraphRequestBatch,com.facebook.internal.Logger,int,java.net.URL,java.io.OutputStream,boolean)>	sig:$r11 = virtualinvoke $r2.<java.net.URL: java.lang.String getPath()>()	timediff:0
I/System.out( 2302): body:<com.facebook.GraphRequest$Serializer: void write(java.lang.String,java.lang.Object[])>	sig:$r3 = staticinvoke <java.net.URLEncoder: java.lang.String encode(java.lang.String,java.lang.String)>($r3, "UTF-8")	timediff:0
I/System.out( 2302): body:<com.facebook.GraphRequest$Serializer: void write(java.lang.String,java.lang.Object[])>	sig:$r3 = staticinvoke <java.net.URLEncoder: java.lang.String encode(java.lang.String,java.lang.String)>($r3, "UTF-8")	timediff:0
I/System.out( 2302): body:<com.facebook.GraphRequest$Serializer: void write(java.lang.String,java.lang.Object[])>	sig:$r3 = staticinvoke <java.net.URLEncoder: java.lang.String encode(java.lang.String,java.lang.String)>($r3, "UTF-8")	timediff:0
I/System.out( 2302): body:<com.facebook.GraphRequest$Serializer: void write(java.lang.String,java.lang.Object[])>	sig:$r3 = staticinvoke <java.net.URLEncoder: java.lang.String encode(java.lang.String,java.lang.String)>($r3, "UTF-8")	timediff:0
I/System.out( 2302): body:<com.facebook.GraphRequest$Serializer: void write(java.lang.String,java.lang.Object[])>	sig:$r3 = staticinvoke <java.net.URLEncoder: java.lang.String encode(java.lang.String,java.lang.String)>($r3, "UTF-8")	timediff:0
I/System.out( 2302): body:<com.facebook.GraphRequest$Serializer: void write(java.lang.String,java.lang.Object[])>	sig:$r3 = staticinvoke <java.net.URLEncoder: java.lang.String encode(java.lang.String,java.lang.String)>($r3, "UTF-8")	timediff:0
I/System.out( 2302): body:<com.facebook.GraphRequest$Serializer: void write(java.lang.String,java.lang.Object[])>	sig:$r3 = staticinvoke <java.net.URLEncoder: java.lang.String encode(java.lang.String,java.lang.String)>($r3, "UTF-8")	timediff:0
D/dalvikvm( 2302): GC_CONCURRENT freed 426K, 15% free 4607K/5368K, paused 7ms+7ms, total 24ms
I/AVC     ( 2302): b986b1e0
I/dalvikvm(  477): Wrote stack traces to '/data/anr/traces.txt'
I/Process (  477): Sending signal. PID: 2323 SIG: 3
I/dalvikvm( 2323): threadid=3: reacting to signal 3
I/dalvikvm( 2323): Wrote stack traces to '/data/anr/traces.txt'
I/Process (  477): Sending signal. PID: 664 SIG: 3
I/dalvikvm(  664): threadid=3: reacting to signal 3
I/dalvikvm(  664): Wrote stack traces to '/data/anr/traces.txt'
I/System.out( 2302): body:<com.facebook.GraphResponse: java.util.List fromHttpConnection(java.net.HttpURLConnection,com.facebook.GraphRequestBatch)>	sig:$i0 = virtualinvoke $r0.<java.net.HttpURLConnection: int getResponseCode()>()	timediff:99
I/System.out( 2302): body:<com.facebook.GraphResponse: java.util.List fromHttpConnection(java.net.HttpURLConnection,com.facebook.GraphRequestBatch)>	sig:$r3 = virtualinvoke $r0.<java.net.HttpURLConnection: java.io.InputStream getInputStream()>()	timediff:0
I/System.out( 2302): body:<empirical.HelperClass: void printURLInfo(java.lang.String,java.lang.String,java.net.URLConnection)>	sig:$r0 = virtualinvoke urlConnection.<java.net.URLConnection: java.net.URL getURL()>()	timediff:0
I/System.out( 2302): body:<empirical.HelperClass: void printURLInfo(java.lang.String,java.lang.String,java.net.URLConnection)>	sig:urlString = virtualinvoke $r0.<java.net.URL: java.lang.String toString()>()	timediff:0
I/System.out( 2302): body:<empirical.HelperClass: void printURLInfo(java.lang.String,java.lang.String,java.net.URLConnection)>	sig:isDoOutput = virtualinvoke urlConnection.<java.net.URLConnection: boolean getDoOutput()>()	timediff:0
I/System.out( 2302): body:<empirical.HelperClass: java.lang.String getHeaderField(java.net.URLConnection,java.lang.String)>	sig:data = virtualinvoke conn.<java.net.URLConnection: java.lang.String getHeaderField(java.lang.String)>(field)	timediff:0
I/System.out( 2302): body:<empirical.HelperClass: java.lang.String getHeaderField(java.net.URLConnection,java.lang.String)>	sig:data = virtualinvoke conn.<java.net.URLConnection: java.lang.String getHeaderField(java.lang.String)>(field)	timediff:0
I/System.out( 2302): body:<empirical.HelperClass: java.lang.String getHeaderField(java.net.URLConnection,java.lang.String)>	sig:data = virtualinvoke conn.<java.net.URLConnection: java.lang.String getHeaderField(java.lang.String)>(field)	timediff:0
I/System.out( 2302): body:<empirical.HelperClass: java.lang.String getHeaderField(java.net.URLConnection,java.lang.String)>	sig:data = virtualinvoke conn.<java.net.URLConnection: java.lang.String getHeaderField(java.lang.String)>(field)	timediff:0
I/System.out( 2302): body:<empirical.HelperClass: java.lang.String getHeaderField(java.net.URLConnection,java.lang.String)>	sig:data = virtualinvoke conn.<java.net.URLConnection: java.lang.String getHeaderField(java.lang.String)>(field)	timediff:0
I/System.out( 2302): URLConn;%;0;%;<com.facebook.GraphResponse: java.util.List fromHttpConnection(java.net.HttpURLConnection,com.facebook.GraphRequestBatch)>;%;$r3 = virtualinvoke $r0.<java.net.HttpURLConnection: java.io.InputStream getInputStream()>();%;https://graph.facebook.com/v2.4/1194919987269057/activities?format=json&sdk=android;%;true;%;16;%;private, no-cache, no-store, must-revalidate;%;Sat, 01 Jan 2000 00:00:00 GMT;%;Not found;%;Not found
