--------- beginning of /dev/log/system
W/ContextImpl(  683): Calling a method in the system process without a qualified user: android.app.ContextImpl.bindService:1556 android.content.ContextWrapper.bindService:517 com.google.android.gms.common.stats.zzb.zza:-1 com.google.android.gms.common.stats.zzb.zza:-1 com.google.android.gms.ads.identifier.AdvertisingIdClient.zzh:-1 
--------- beginning of /dev/log/main
D/AndroidRuntime( 7985): 
D/AndroidRuntime( 7985): >>>>>> AndroidRuntime START com.android.internal.os.RuntimeInit <<<<<<
D/AndroidRuntime( 7985): CheckJNI is OFF
D/dalvikvm( 7985): Using executionMode 2
D/dalvikvm( 7985): Trying to load lib libjavacore.so 0x0
D/dalvikvm( 7985): Added shared lib libjavacore.so 0x0
D/dalvikvm( 7985): Trying to load lib libnativehelper.so 0x0
D/dalvikvm( 7985): Added shared lib libnativehelper.so 0x0
D/dalvikvm( 7985): No JNI_OnLoad found in libnativehelper.so 0x0, skipping init
D/dalvikvm( 7985): Note: class Landroid/app/ActivityManagerNative; has 179 unimplemented (abstract) methods
E/memtrack( 7985): Couldn't load memtrack module (No such file or directory)
E/android.os.Debug( 7985): failed to load memtrack module: -2
D/AndroidRuntime( 7985): Calling main entry com.android.commands.monkey.Monkey
W/BroadcastQueue(  485): Skipping deliver [background] BroadcastRecord{4ac27970 u-1 android.net.conn.CONNECTIVITY_CHANGE} to ReceiverList{4ab99034 7985 (unknown name)/0/u-1 remote:4a9f1930}: process crashing
I/ActivityManager(  485): START u0 {act=android.intent.action.MAIN cat=[android.intent.category.LAUNCHER] flg=0x10200000 cmp=com.playsimple.roomtemperature/.MainActivity} from pid 7985
D/yeshen  (  683): launcher onpause
D/dalvikvm(  169): WAIT_FOR_CONCURRENT_GC blocked 1ms
D/dalvikvm(  169): GC_EXPLICIT freed 40K, 4% free 2788K/2892K, paused 0ms+0ms, total 2ms
D/dalvikvm(  169): GC_EXPLICIT freed <1K, 4% free 2788K/2892K, paused 2ms+0ms, total 4ms
I/ActivityManager(  485): Start proc com.playsimple.roomtemperature for activity com.playsimple.roomtemperature/.MainActivity: pid=7995 uid=10042 gids={50042, 3003}
D/dalvikvm(  169): GC_EXPLICIT freed <1K, 4% free 2788K/2892K, paused 2ms+0ms, total 4ms
E/SurfaceFlinger(  168): glCheckFramebufferStatusOES error 36054
E/SurfaceFlinger(  168): got GL_FRAMEBUFFER_COMPLETE_OES error while taking screenshot
D/SurfaceFlinger(  168): setOrientation, mFbdev=0xb8f00050, mFbDev->setOrientation=0xb6a08ce0, orientation=3
I/gralloc_nox(  168): setOrientation: orientation=3
D/Tinker.DefaultAppLike(  683): onConfigurationChanged:{1.0 310mcc16mnc en_US ldltr sw480dp w480dp h828dp 240dpi lrg long port finger qwerty/v/v dpad/v s.51}
I/ActivityManager(  485): Config changes=480 {1.0 310mcc16mnc en_US ldltr sw480dp w480dp h828dp 240dpi lrg long port finger qwerty/v/v dpad/v s.51}
D/dalvikvm(  678): GC_CONCURRENT freed 385K, 12% free 3284K/3728K, paused 0ms+0ms, total 3ms
D/Sensors (  485): Client connection accepted (186)
D/PhoneStatusBar(  542): mSettingsPanelGravity = 55
I/WearableService(  660): Wearable Services stopping
W/NetworkManagementSocketTagger(  485): setKernelCountSet(10042, 1) failed with errno -13
D/yeshen  (  683): launcher onstop
I/dalvikvm( 7995): ignoring registerObject request in thread=1
I/dalvikvm( 7995): ignoring registerObject request in thread=1
D/FirebaseApp(  683): Notifying background state change listeners.
D/Tinker.DefaultAppLike(  683): onTrimMemory level:20
I/InputReader(  485): Reconfiguring input devices.  changes=0x00000004
I/InputReader(  485): Device reconfigured: id=1, name='seamless mouse', size 1280x720, orientation 3, mode 1, display id 0
I/InputReader(  485): Device reconfigured: id=3, name='Android Input', size 1280x720, orientation 3, mode 1, display id 0
D/dalvikvm( 7995): JIT code cache reset in 0 ms (0 bytes 1/0)
D/dalvikvm( 7995): GC_CONCURRENT freed 167K, 8% free 3005K/3236K, paused 3ms+0ms, total 6ms
I/InputReader(  485): Reconfiguring input devices.  changes=0x00000004
I/InputReader(  485): Device reconfigured: id=8, name='VirtualBox USB Tablet', size 1280x720, orientation 3, mode 1, display id 0
D/dalvikvm( 7995): GC_FOR_ALLOC freed 286K, 13% free 3111K/3556K, paused 2ms, total 4ms
D/dalvikvm( 7995): GC_FOR_ALLOC freed 271K, 9% free 3353K/3684K, paused 2ms, total 2ms
D/dalvikvm(  542): GC_FOR_ALLOC freed 7631K, 28% free 10663K/14612K, paused 3ms, total 3ms
I/dalvikvm-heap(  542): Grow heap (frag case) to 16.723MB for 6553612-byte allocation
D/dalvikvm(  542): GC_CONCURRENT freed 2K, 19% free 17061K/21016K, paused 2ms+0ms, total 4ms
D/dalvikvm( 7995): GC_CONCURRENT freed 323K, 11% free 3417K/3804K, paused 2ms+0ms, total 4ms
V/WebViewChromium( 7995): Binding Chromium to the background looper Looper (main, tid 1) {4a7945bc}
I/chromium( 7995): [INFO:library_loader_hooks.cc(112)] Chromium logging enabled: level = 0, default verbosity = 0
I/BrowserProcessMain( 7995): Initializing chromium process, renderers=0
W/chromium( 7995): [WARNING:proxy_service.cc(888)] PAC support disabled because there is no system implementation
D/libEGL  ( 7995): loaded /system/lib/egl/libEGL_adreno.so
D/        ( 7995): HostConnection::get() New Host Connection established 0xb8c94540, tid 7995
D/libEGL  ( 7995): loaded /system/lib/egl/libGLESv1_CM_adreno.so
D/libEGL  ( 7995): loaded /system/lib/egl/libGLESv2_adreno.so
W/EGL_emulation(  542): eglSurfaceAttrib not implemented 3093 12436
D/dalvikvm( 7995): GC_FOR_ALLOC freed 122K, 7% free 3617K/3884K, paused 3ms, total 3ms
I/dalvikvm-heap( 7995): Grow heap (frag case) to 4.195MB for 635808-byte allocation
D/dalvikvm( 7995): GC_CONCURRENT freed 0K, 6% free 4238K/4508K, paused 1ms+1ms, total 3ms
D/dalvikvm( 7995): GC_CONCURRENT freed 260K, 7% free 4371K/4692K, paused 4ms+0ms, total 7ms
E/SensorManager( 7995): sensor or listener is null
W/dalvikvm( 7995): VFY: unable to find class referenced in signature (Lokhttp3/Request;)
W/dalvikvm( 7995): VFY: unable to find class referenced in signature (Lokhttp3/Response;)
I/dalvikvm( 7995): Could not find method okhttp3.Response.headers, referenced from method empirical.HelperClass.printOkHttpInfo
W/dalvikvm( 7995): VFY: unable to resolve virtual method 11727: Lokhttp3/Response;.headers ()Lokhttp3/Headers;
D/dalvikvm( 7995): VFY: replacing opcode 0x6e at 0x0006
W/dalvikvm( 7995): VFY: unable to find class referenced in signature (Lokhttp3/Call;)
W/dalvikvm( 7995): VFY: unable to find class referenced in signature (Lokhttp3/Response;)
I/dalvikvm( 7995): Could not find method okhttp3.Call.request, referenced from method empirical.HelperClass.printOkHttpInfoFromCall
W/dalvikvm( 7995): VFY: unable to resolve interface method 11721: Lokhttp3/Call;.request ()Lokhttp3/Request;
D/dalvikvm( 7995): VFY: replacing opcode 0x72 at 0x0006
I/System.out( 7995): body:<com.startapp.android.publish.f.o: void a(java.util.List,java.lang.String,java.lang.Object,boolean)>	sig:$r1 = staticinvoke <java.net.URLEncoder: java.lang.String encode(java.lang.String,java.lang.String)>($r1, "UTF-8")	timediff:0
I/System.out( 7995): body:<com.startapp.android.publish.f.o: void a(java.util.List,java.lang.String,java.lang.Object,boolean)>	sig:$r1 = staticinvoke <java.net.URLEncoder: java.lang.String encode(java.lang.String,java.lang.String)>($r1, "UTF-8")	timediff:0
I/System.out( 7995): body:<com.startapp.android.publish.f.o: void a(java.util.List,java.lang.String,java.lang.Object,boolean)>	sig:$r1 = staticinvoke <java.net.URLEncoder: java.lang.String encode(java.lang.String,java.lang.String)>($r1, "UTF-8")	timediff:0
I/System.out( 7995): body:<com.startapp.android.publish.f.o: void a(java.util.List,java.lang.String,java.lang.Object,boolean)>	sig:$r1 = staticinvoke <java.net.URLEncoder: java.lang.String encode(java.lang.String,java.lang.String)>($r1, "UTF-8")	timediff:1
I/System.out( 7995): body:<com.startapp.android.publish.f.o: void a(java.util.List,java.lang.String,java.lang.Object,boolean)>	sig:$r1 = staticinvoke <java.net.URLEncoder: java.lang.String encode(java.lang.String,java.lang.String)>($r1, "UTF-8")	timediff:0
I/System.out( 7995): body:<com.startapp.android.publish.f.o: void a(java.util.List,java.lang.String,java.lang.Object,boolean)>	sig:$r1 = staticinvoke <java.net.URLEncoder: java.lang.String encode(java.lang.String,java.lang.String)>($r1, "UTF-8")	timediff:0
I/System.out( 7995): body:<com.startapp.android.publish.f.o: void a(java.util.List,java.lang.String,java.lang.Object,boolean)>	sig:$r1 = staticinvoke <java.net.URLEncoder: java.lang.String encode(java.lang.String,java.lang.String)>($r1, "UTF-8")	timediff:0
I/System.out( 7995): body:<com.startapp.android.publish.f.o: void a(java.util.List,java.lang.String,java.lang.Object,boolean)>	sig:$r1 = staticinvoke <java.net.URLEncoder: java.lang.String encode(java.lang.String,java.lang.String)>($r1, "UTF-8")	timediff:0
I/System.out( 7995): body:<com.startapp.android.publish.f.o: void a(java.util.List,java.lang.String,java.lang.Object,boolean)>	sig:$r1 = staticinvoke <java.net.URLEncoder: java.lang.String encode(java.lang.String,java.lang.String)>($r1, "UTF-8")	timediff:0
I/System.out( 7995): body:<com.startapp.android.publish.f.o: void a(java.util.List,java.lang.String,java.lang.Object,boolean)>	sig:$r1 = staticinvoke <java.net.URLEncoder: java.lang.String encode(java.lang.String,java.lang.String)>($r1, "UTF-8")	timediff:0
I/System.out( 7995): body:<com.startapp.android.publish.f.o: void a(java.util.List,java.lang.String,java.lang.Object,boolean)>	sig:$r1 = staticinvoke <java.net.URLEncoder: java.lang.String encode(java.lang.String,java.lang.String)>($r1, "UTF-8")	timediff:0
I/System.out( 7995): body:<com.startapp.android.publish.f.o: void a(java.util.List,java.lang.String,java.lang.Object,boolean)>	sig:$r1 = staticinvoke <java.net.URLEncoder: java.lang.String encode(java.lang.String,java.lang.String)>($r1, "UTF-8")	timediff:0
I/System.out( 7995): body:<com.startapp.android.publish.f.o: void a(java.util.List,java.lang.String,java.lang.Object,boolean)>	sig:$r1 = staticinvoke <java.net.URLEncoder: java.lang.String encode(java.lang.String,java.lang.String)>($r1, "UTF-8")	timediff:0
I/System.out( 7995): body:<com.startapp.android.publish.f.o: void a(java.util.List,java.lang.String,java.lang.Object,boolean)>	sig:$r1 = staticinvoke <java.net.URLEncoder: java.lang.String encode(java.lang.String,java.lang.String)>($r1, "UTF-8")	timediff:0
I/System.out( 7995): body:<com.startapp.android.publish.f.o: void a(java.util.List,java.lang.String,java.lang.Object,boolean)>	sig:$r1 = staticinvoke <java.net.URLEncoder: java.lang.String encode(java.lang.String,java.lang.String)>($r1, "UTF-8")	timediff:0
I/System.out( 7995): body:<com.startapp.android.publish.f.o: void a(java.util.List,java.lang.String,java.lang.Object,boolean)>	sig:$r1 = staticinvoke <java.net.URLEncoder: java.lang.String encode(java.lang.String,java.lang.String)>($r1, "UTF-8")	timediff:0
I/System.out( 7995): body:<com.startapp.android.publish.f.o: void a(java.util.List,java.lang.String,java.lang.Object,boolean)>	sig:$r1 = staticinvoke <java.net.URLEncoder: java.lang.String encode(java.lang.String,java.lang.String)>($r1, "UTF-8")	timediff:0
W/EGL_emulation( 7995): eglSurfaceAttrib not implemented 3093 12436
D/OpenGLRenderer( 7995): Enabling debug mode 0
W/ContextImpl(  485): Calling a method in the system process without a qualified user: android.app.ContextImpl.sendBroadcast:1123 com.android.server.InputMethodManagerService.hideCurrentInputLocked:1880 com.android.server.InputMethodManagerService.windowGainedFocus:1968 com.android.internal.view.IInputMethodManager$Stub.onTransact:221 com.android.server.InputMethodManagerService.onTransact:818 
I/System.out( 7995): body:<com.startapp.android.publish.e.b: java.util.Map a(android.content.Context,java.util.Map)>	sig:$r3 = staticinvoke <java.net.URLEncoder: java.lang.String encode(java.lang.String,java.lang.String)>($r3, "UTF-8")	timediff:0
W/IInputConnectionWrapper(  683): showStatusIcon on inactive InputConnection
I/System.out( 7995): body:<com.startapp.android.publish.f.i: java.net.HttpURLConnection a(android.content.Context,java.lang.String,byte[],java.util.Map)>	sig:specialinvoke $r4.<java.net.URL: void <init>(java.lang.String)>($r1)	timediff:0
I/System.out( 7995): <com.startapp.android.publish.f.i: java.net.HttpURLConnection a(android.content.Context,java.lang.String,byte[],java.util.Map)>###specialinvoke $r4.<java.net.URL: void <init>(java.lang.String)>($r1)###http://www.startappexchange.com/1.3/getadsmetadata?publisherId=104764476&productId=205741575&os=android&sdkVersion=2.3.5&packageId=com.playsimple.roomtemperature&userAdvertisingId=32c3adf2-4ef0-4bfa-9817-0931a0a194ab&model=SM-G930K&manufacturer=samsung&deviceVersion=19&locale=en_US&isp=31016&grid=WIFI&silev=4&outsource=true&width=720&height=1280&sdkId=3
I/System.out( 7995): body:<com.startapp.android.publish.f.i: java.net.HttpURLConnection a(android.content.Context,java.lang.String,byte[],java.util.Map)>	sig:$r5 = virtualinvoke $r4.<java.net.URL: java.net.URLConnection openConnection()>()	timediff:10
I/System.out( 7995): body:<com.startapp.android.publish.f.i: java.net.HttpURLConnection a(android.content.Context,java.lang.String,byte[],java.util.Map)>	sig:virtualinvoke $r6.<java.net.HttpURLConnection: void addRequestProperty(java.lang.String,java.lang.String)>("Cache-Control", "no-cache")	timediff:0
I/System.out( 7995): body:<com.startapp.android.publish.f.i: java.net.HttpURLConnection a(android.content.Context,java.lang.String,byte[],java.util.Map)>	sig:virtualinvoke $r6.<java.net.HttpURLConnection: void addRequestProperty(java.lang.String,java.lang.String)>("User-Agent", $r1)	timediff:0
I/System.out( 7995): body:<com.startapp.android.publish.f.i: java.net.HttpURLConnection a(android.content.Context,java.lang.String,byte[],java.util.Map)>	sig:virtualinvoke $r6.<java.net.HttpURLConnection: void setRequestMethod(java.lang.String)>("GET")	timediff:0
I/System.out( 7995): body:<com.startapp.android.publish.f.i: java.net.HttpURLConnection a(android.content.Context,java.lang.String,byte[],java.util.Map)>	sig:virtualinvoke $r6.<java.net.HttpURLConnection: void setRequestProperty(java.lang.String,java.lang.String)>("Accept", "application/json;text/html;text/plain")	timediff:0
I/System.out( 7995): body:<com.startapp.android.publish.f.i: java.net.HttpURLConnection a(android.content.Context,java.lang.String,byte[],java.util.Map)>	sig:virtualinvoke $r6.<java.net.HttpURLConnection: void setReadTimeout(int)>(10000)	timediff:0
I/System.out( 7995): body:<com.startapp.android.publish.f.i: java.net.HttpURLConnection a(android.content.Context,java.lang.String,byte[],java.util.Map)>	sig:virtualinvoke $r6.<java.net.HttpURLConnection: void setConnectTimeout(int)>(10000)	timediff:0
D/dalvikvm( 7995): GC_CONCURRENT freed 182K, 6% free 4600K/4848K, paused 3ms+4ms, total 10ms
I/ActivityManager(  485): Displayed com.playsimple.roomtemperature/.MainActivity: +786ms
I/WindowManager(  485): Screen frozen for +778ms due to Window{4a945e88 u0 Starting com.playsimple.roomtemperature}
W/DebugConnManager(  683): getNetworkInfo() on networkType 1
W/DebugConnManager(  683): getNetworkInfo() on networkType 1
I/ActivityManager(  485): START u0 {act=android.intent.action.VIEW dat=market://details?id=com.playsimple.roomtemperature cmp=com.android.vending/com.google.android.finsky.activities.LaunchUrlHandlerActivity} from pid 7995
D/dalvikvm(  683): GC_FOR_ALLOC freed 6539K, 8% free 86182K/92856K, paused 84ms, total 84ms
I/ActivityManager(  485): START u0 {act=android.intent.action.CALL_BUTTON flg=0x10000000} from pid 7995
W/PhoneFallbackEventHandler( 7995): No activity found for android.intent.action.CALL_BUTTON.
I/ActivityManager(  485): START u0 {act=android.intent.action.MAIN cat=[android.intent.category.LAUNCHER] flg=0x10200000 cmp=com.playsimple.roomtemperature/.MainActivity} from pid 7985
W/DebugConnManager(  683): getNetworkInfo() on networkType 1
D/dalvikvm(  683): GC_CONCURRENT freed 246K, 7% free 86467K/92856K, paused 1ms+29ms, total 110ms
W/DebugConnManager(  683): getNetworkInfo() on networkType 1
W/DebugConnManager(  683): getNetworkInfo() on networkType 1
I/ActivityManager(  485): START u0 {act=android.intent.action.VIEW dat=market://details?id=com.playsimple.roomtemperature cmp=com.android.vending/com.google.android.finsky.activities.LaunchUrlHandlerActivity} from pid 7995
I/ActivityManager(  485): START u0 {act=android.intent.action.VIEW dat=market://details?id=com.playsimple.roomtemperature cmp=com.android.vending/com.google.android.finsky.activities.LaunchUrlHandlerActivity} from pid 7995
W/DebugConnManager(  683): getNetworkInfo() on networkType 1
W/DebugConnManager(  683): getNetworkInfo() on networkType 1
W/DebugConnManager(  683): getNetworkInfo() on networkType 1
W/DebugConnManager(  683): getNetworkInfo() on networkType 1
I/ActivityManager(  485): START u0 {act=android.intent.action.VIEW dat=market://details?id=com.playsimple.roomtemperature cmp=com.android.vending/com.google.android.finsky.activities.LaunchUrlHandlerActivity} from pid 7995
I/ActivityManager(  485): START u0 {act=android.intent.action.MAIN cat=[android.intent.category.LAUNCHER] flg=0x10200000 cmp=com.playsimple.roomtemperature/.MainActivity} from pid 7985
D/dalvikvm(  683): GC_CONCURRENT freed 8685K, 10% free 85974K/94784K, paused 0ms+22ms, total 99ms
D/dalvikvm(  683): WAIT_FOR_CONCURRENT_GC blocked 97ms
W/DebugConnManager(  683): getNetworkInfo() on networkType 1
W/DebugConnManager(  683): getNetworkInfo() on networkType 1
I/ActivityManager(  485): START u0 {act=android.intent.action.VIEW dat=market://details?id=com.playsimple.roomtemperature cmp=com.android.vending/com.google.android.finsky.activities.LaunchUrlHandlerActivity} from pid 7995
W/DebugConnManager(  683): getNetworkInfo() on networkType 1
I/ActivityManager(  485): START u0 {act=android.intent.action.VIEW dat=market://details?id=com.playsimple.roomtemperature cmp=com.android.vending/com.google.android.finsky.activities.LaunchUrlHandlerActivity} from pid 7995
W/DebugConnManager(  683): getNetworkInfo() on networkType 1
W/DebugConnManager(  683): getNetworkInfo() on networkType 1
W/DebugConnManager(  683): getNetworkInfo() on networkType 1
W/DebugConnManager(  683): getNetworkInfo() on networkType 1
I/ActivityManager(  485): START u0 {act=android.intent.action.VIEW dat=market://details?id=com.playsimple.roomtemperature cmp=com.android.vending/com.google.android.finsky.activities.LaunchUrlHandlerActivity} from pid 7995
I/ActivityManager(  485): START u0 {act=android.intent.action.VIEW dat=market://details?id=com.playsimple.roomtemperature cmp=com.android.vending/com.google.android.finsky.activities.LaunchUrlHandlerActivity} from pid 7995
D/dalvikvm(  683): GC_FOR_ALLOC freed 8079K, 10% free 86063K/94784K, paused 71ms, total 71ms
W/DebugConnManager(  683): getNetworkInfo() on networkType 1
I/ActivityManager(  485): START u0 {act=android.intent.action.VIEW dat=market://details?id=com.playsimple.roomtemperature cmp=com.android.vending/com.google.android.finsky.activities.LaunchUrlHandlerActivity} from pid 7995
I/ActivityManager(  485): START u0 {act=android.intent.action.VIEW dat=market://details?id=com.playsimple.roomtemperature cmp=com.android.vending/com.google.android.finsky.activities.LaunchUrlHandlerActivity} from pid 7995
I/ActivityManager(  485): START u0 {act=android.intent.action.VIEW dat=market://details?id=com.playsimple.roomtemperature cmp=com.android.vending/com.google.android.finsky.activities.LaunchUrlHandlerActivity} from pid 7995
D/dalvikvm(  683): GC_CONCURRENT freed 1432K, 10% free 86065K/94784K, paused 1ms+31ms, total 112ms
I/ActivityManager(  485): START u0 {act=com.android.systemui.recent.action.TOGGLE_RECENTS flg=0x10800000 cmp=com.android.systemui/.recent.RecentsActivity (has extras)} from pid 542
I/ActivityManager(  485): START u0 {act=android.intent.action.VIEW dat=market://details?id=com.playsimple.roomtemperature cmp=com.android.vending/com.google.android.finsky.activities.LaunchUrlHandlerActivity} from pid 7995
D/FirebaseApp(  683): Notifying background state change listeners.
W/Launcher(  683): setApplicationContext called twice! old=com.vphone.launcher.LauncherApplicationEx@4a796d18 new=com.vphone.launcher.LauncherApplicationEx@4a796d18
W/ResourceType(  683): Attempt to retrieve bag 0x7f0b0001 which is invalid or in a cycle.
D/Launcher(  683): 11683562 - bindAddScreens()
D/Launcher(  683): 11683562 -   orderedScreenIds: 1, 2
D/Launcher.Workspace(  683): 11683562 - insertNewWorkspaceScreen(): 1 at index: 0
D/Launcher.Workspace(  683): 11683562 - insertNewWorkspaceScreen(): 2 at index: 1
W/ContextImpl(  683): Calling a method in the system process without a qualified user: android.app.ContextImpl.startService:1492 android.content.ContextWrapper.startService:494 com.vphone.launcher.Launcher.i:690 com.vphone.launcher.Launcher.b:182 com.vphone.launcher.Launcher$11.run:650 
D/Sensors (  485): Client connection accepted (187)
W/EGL_emulation(  683): eglSurfaceAttrib not implemented 3093 12436
W/ViewRootImpl(  683): Dropping event due to no window focus: KeyEvent { action=ACTION_DOWN, keyCode=KEYCODE_DPAD_CENTER, scanCode=0, metaState=0, flags=0x8, repeatCount=0, eventTime=1464877, downTime=1464877, deviceId=-1, source=0x101 }
W/ViewRootImpl(  683): Dropping event due to no window focus: MotionEvent { action=ACTION_MOVE, id[0]=0, x[0]=4.0, y[0]=-5.0, toolType[0]=TOOL_TYPE_UNKNOWN, buttonState=0, metaState=0, flags=0x0, edgeFlags=0x0, pointerCount=1, historySize=3, eventTime=1465109, downTime=-1, deviceId=0, source=0x10004 }
I/InputDispatcher(  485): Dropped event because of pending overdue app switch.
W/InputManager(  485): Input event injection from pid 7985 failed.
W/ContextImpl(  485): Calling a method in the system process without a qualified user: android.app.ContextImpl.sendBroadcast:1123 com.android.server.InputMethodManagerService.hideCurrentInputLocked:1880 com.android.server.InputMethodManagerService.windowGainedFocus:1968 com.android.internal.view.IInputMethodManager$Stub.onTransact:221 com.android.server.InputMethodManagerService.onTransact:818 
W/PropertyValuesHolder(  683): Method setBrightness() with type int not found on target class class ph
W/PropertyValuesHolder(  683): Method getBrightness() with type int not found on target class class ph
I/ActivityManager(  485): START u0 {act=android.intent.action.MAIN cat=[android.intent.category.LAUNCHER] flg=0x10200000 cmp=com.cyanogenmod.filemanager/.activities.NavigationActivity bnds=[149,388][290,618] (has extras)} from pid 683
W/ContextImpl(  683): Calling a method in the system process without a qualified user: android.app.ContextImpl.sendBroadcast:1137 android.content.ContextWrapper.sendBroadcast:370 com.vphone.launcher.Stats.recordLaunch:129 com.vphone.launcher.Launcher.c:3192 com.vphone.launcher.Launcher.onClickAppShortcut:3144 
W/ContextImpl(  683): Calling a method in the system process without a qualified user: android.app.ContextImpl.bindService:1556 android.content.ContextWrapper.bindService:517 com.google.android.gms.common.stats.zzb.zza:-1 com.google.android.gms.common.stats.zzb.zza:-1 com.google.android.gms.ads.identifier.AdvertisingIdClient.zzh:-1 
E/SurfaceFlinger(  168): glCheckFramebufferStatusOES error 36054
E/SurfaceFlinger(  168): got GL_FRAMEBUFFER_COMPLETE_OES error while taking screenshot
D/SurfaceFlinger(  168): setOrientation, mFbdev=0xb8f00050, mFbDev->setOrientation=0xb6a08ce0, orientation=0
I/gralloc_nox(  168): setOrientation: orientation=0
I/ActivityManager(  485): Config changes=480 {1.0 310mcc16mnc en_US ldltr sw480dp w853dp h454dp 240dpi lrg long land finger qwerty/v/v dpad/v s.52}
D/Sensors (  485): Client connection accepted (179)
I/InputReader(  485): Reconfiguring input devices.  changes=0x00000004
I/InputReader(  485): Device reconfigured: id=1, name='seamless mouse', size 1280x720, orientation 0, mode 1, display id 0
I/InputReader(  485): Device reconfigured: id=3, name='Android Input', size 1280x720, orientation 0, mode 1, display id 0
I/InputReader(  485): Device reconfigured: id=8, name='VirtualBox USB Tablet', size 1280x720, orientation 0, mode 1, display id 0
D/Tinker.DefaultAppLike(  683): onConfigurationChanged:{1.0 310mcc16mnc en_US ldltr sw480dp w853dp h454dp 240dpi lrg long land finger qwerty/v/v dpad/v s.52}
D/yeshen  (  683): launcher onpause
D/yeshen  (  683): launcher onstop
W/DebugConnManager(  683): getNetworkInfo() on networkType 1
D/PhoneStatusBar(  542): mSettingsPanelGravity = 55
W/Launcher(  683): setApplicationContext called twice! old=com.vphone.launcher.LauncherApplicationEx@4a796d18 new=com.vphone.launcher.LauncherApplicationEx@4a796d18
W/ResourceType(  683): Attempt to retrieve bag 0x7f0b0001 which is invalid or in a cycle.
D/Launcher(  683): 11683562 - bindAddScreens()
D/Launcher(  683): 11683562 -   orderedScreenIds: 1, 2
D/Launcher.Workspace(  683): 11683562 - insertNewWorkspaceScreen(): 1 at index: 0
D/Launcher.Workspace(  683): 11683562 - insertNewWorkspaceScreen(): 2 at index: 1
D/dalvikvm(  542): GC_FOR_ALLOC freed 7888K, 24% free 11173K/14612K, paused 11ms, total 15ms
W/ContextImpl(  683): Calling a method in the system process without a qualified user: android.app.ContextImpl.startService:1492 android.content.ContextWrapper.startService:494 com.vphone.launcher.Launcher.i:690 com.vphone.launcher.Launcher.b:182 com.vphone.launcher.Launcher$11.run:650 
I/dalvikvm-heap(  542): Grow heap (frag case) to 17.220MB for 6553612-byte allocation
D/dalvikvm(  542): GC_CONCURRENT freed 4K, 17% free 17568K/21016K, paused 5ms+1ms, total 7ms
D/dalvikvm(  683): GC_CONCURRENT freed 4812K, 6% free 89444K/94784K, paused 3ms+13ms, total 58ms
D/dalvikvm(  683): WAIT_FOR_CONCURRENT_GC blocked 53ms
D/dalvikvm(  683): WAIT_FOR_CONCURRENT_GC blocked 40ms
D/dalvikvm(  683): WAIT_FOR_CONCURRENT_GC blocked 28ms
W/EGL_emulation(  542): eglSurfaceAttrib not implemented 3093 12436
W/EGL_emulation(  683): eglSurfaceAttrib not implemented 3093 12436
W/ViewRootImpl(  683): Dropping event due to root view being removed: KeyEvent { action=ACTION_DOWN, keyCode=KEYCODE_DPAD_UP, scanCode=0, metaState=0, flags=0x400, repeatCount=0, eventTime=1465651, downTime=1465651, deviceId=-1, source=0x101 }
W/ViewRootImpl(  683): Dropping event due to root view being removed: KeyEvent { action=ACTION_UP, keyCode=KEYCODE_DPAD_UP, scanCode=0, metaState=0, flags=0x400, repeatCount=0, eventTime=1465651, downTime=1465651, deviceId=-1, source=0x101 }
W/ViewRootImpl(  683): Dropping event due to root view being removed: KeyEvent { action=ACTION_DOWN, keyCode=KEYCODE_DPAD_UP, scanCode=0, metaState=0, flags=0x400, repeatCount=0, eventTime=1465651, downTime=1465651, deviceId=-1, source=0x101 }
W/ViewRootImpl(  683): Dropping event due to root view being removed: KeyEvent { action=ACTION_UP, keyCode=KEYCODE_DPAD_UP, scanCode=0, metaState=0, flags=0x400, repeatCount=0, eventTime=1465651, downTime=1465651, deviceId=-1, source=0x101 }
W/ViewRootImpl(  683): Dropping event due to root view being removed: KeyEvent { action=ACTION_DOWN, keyCode=KEYCODE_DPAD_UP, scanCode=0, metaState=0, flags=0x400, repeatCount=0, eventTime=1465651, downTime=1465651, deviceId=-1, source=0x101 }
W/ViewRootImpl(  683): Dropping event due to root view being removed: KeyEvent { action=ACTION_UP, keyCode=KEYCODE_DPAD_UP, scanCode=0, metaState=0, flags=0x400, repeatCount=0, eventTime=1465651, downTime=1465651, deviceId=-1, source=0x101 }
W/NetworkManagementSocketTagger(  485): setKernelCountSet(10042, 0) failed with errno -13
W/ContextImpl(  485): Calling a method in the system process without a qualified user: android.app.ContextImpl.sendBroadcast:1123 com.android.server.InputMethodManagerService.hideCurrentInputLocked:1880 com.android.server.InputMethodManagerService.windowGainedFocus:1968 com.android.internal.view.IInputMethodManager$Stub.onTransact:221 com.android.server.InputMethodManagerService.onTransact:818 
I/WindowManager(  485): Screen frozen for +569ms due to Window{4ab01628 u0 com.vphone.launcher/com.vphone.launcher.Launcher}
I/ActivityManager(  485): START u0 {act=android.intent.action.MAIN cat=[android.intent.category.LAUNCHER] flg=0x10200000 cmp=com.playsimple.roomtemperature/.MainActivity} from pid 7985
D/dalvikvm(  485): GC_FOR_ALLOC freed 2481K, 42% free 16579K/28404K, paused 11ms, total 12ms
V/PanelView(  542): animationTick called with dtms=0; nothing to do (h=0.0 v=-0.0)
D/yeshen  (  683): launcher onpause
W/NetworkManagementSocketTagger(  485): setKernelCountSet(10042, 1) failed with errno -13
W/InputManager(  485): Input event injection from pid 7985 failed.
E/SensorManager( 7995): sensor or listener is null
W/InputManager(  485): Input event injection from pid 7985 failed.
W/InputManager(  485): Input event injection from pid 7985 failed.
W/InputManager(  485): Input event injection from pid 7985 failed.
W/InputManager(  485): Input event injection from pid 7985 failed.
W/InputManager(  485): Input event injection from pid 7985 failed.
W/InputManager(  485): Input event injection from pid 7985 failed.
W/InputManager(  485): Input event injection from pid 7985 failed.
W/InputManager(  485): Input event injection from pid 7985 failed.
W/InputManager(  485): Input event injection from pid 7985 failed.
W/InputManager(  485): Input event injection from pid 7985 failed.
W/EGL_emulation( 7995): eglSurfaceAttrib not implemented 3093 12436
W/ViewRootImpl( 7995): Dropping event due to no window focus: KeyEvent { action=ACTION_DOWN, keyCode=KEYCODE_G, scanCode=0, metaState=0, flags=0x8, repeatCount=0, eventTime=1466267, downTime=1466267, deviceId=-1, source=0x101 }
W/ContextImpl(  485): Calling a method in the system process without a qualified user: android.app.ContextImpl.sendBroadcast:1123 com.android.server.InputMethodManagerService.hideCurrentInputLocked:1880 com.android.server.InputMethodManagerService.windowGainedFocus:1968 com.android.internal.view.IInputMethodManager$Stub.onTransact:221 com.android.server.InputMethodManagerService.onTransact:818 
I/ActivityManager(  485): Displayed com.playsimple.roomtemperature/.MainActivity: +115ms
I/ActivityManager(  485): START u0 {act=android.intent.action.MAIN cat=[android.intent.category.LAUNCHER] flg=0x10000000 sel={act=android.intent.action.MAIN cat=[android.intent.category.APP_CALENDAR]}} from pid 485
I/ActivityManager(  485): START u0 {act=android.intent.action.MAIN cat=[android.intent.category.LAUNCHER] flg=0x10000000 cmp=com.android.browser/.BrowserActivity sel={act=android.intent.action.MAIN cat=[android.intent.category.APP_BROWSER]}} from pid 485
E/SurfaceFlinger(  168): glCheckFramebufferStatusOES error 36054
E/SurfaceFlinger(  168): got GL_FRAMEBUFFER_COMPLETE_OES error while taking screenshot
D/SurfaceFlinger(  168): setOrientation, mFbdev=0xb8f00050, mFbDev->setOrientation=0xb6a08ce0, orientation=3
I/gralloc_nox(  168): setOrientation: orientation=3
I/InputReader(  485): Reconfiguring input devices.  changes=0x00000004
I/InputReader(  485): Device reconfigured: id=1, name='seamless mouse', size 1280x720, orientation 3, mode 1, display id 0
I/InputReader(  485): Device reconfigured: id=3, name='Android Input', size 1280x720, orientation 3, mode 1, display id 0
I/InputReader(  485): Device reconfigured: id=8, name='VirtualBox USB Tablet', size 1280x720, orientation 3, mode 1, display id 0
I/ActivityManager(  485): Config changes=480 {1.0 310mcc16mnc en_US ldltr sw480dp w480dp h828dp 240dpi lrg long port finger qwerty/v/v dpad/v s.53}
D/Tinker.DefaultAppLike(  683): onConfigurationChanged:{1.0 310mcc16mnc en_US ldltr sw480dp w480dp h828dp 240dpi lrg long port finger qwerty/v/v dpad/v s.53}
D/yeshen  (  683): launcher onstop
E/SensorManager( 7995): sensor or listener is null
D/dalvikvm(  542): GC_FOR_ALLOC freed 7641K, 24% free 11182K/14612K, paused 3ms, total 4ms
I/dalvikvm-heap(  542): Grow heap (frag case) to 17.229MB for 6553612-byte allocation
D/dalvikvm(  542): GC_FOR_ALLOC freed 2K, 17% free 17579K/21016K, paused 2ms, total 3ms
D/dalvikvm(  542): GC_CONCURRENT freed <1K, 17% free 17580K/21016K, paused 2ms+0ms, total 7ms
W/EGL_emulation( 7995): eglSurfaceAttrib not implemented 3093 12436
W/ContextImpl(  485): Calling a method in the system process without a qualified user: android.app.ContextImpl.sendBroadcast:1123 com.android.server.InputMethodManagerService.hideCurrentInputLocked:1880 com.android.server.InputMethodManagerService.windowGainedFocus:1968 com.android.internal.view.IInputMethodManager$Stub.onTransact:221 com.android.server.InputMethodManagerService.onTransact:818 
D/PhoneStatusBar(  542): mSettingsPanelGravity = 55
W/EGL_emulation(  542): eglSurfaceAttrib not implemented 3093 12436
I/WindowManager(  485): Screen frozen for +449ms due to Window{4a9912f8 u0 StatusBar}
I/ActivityManager(  485): START u0 {act=android.intent.action.VIEW dat=market://details?id=com.playsimple.roomtemperature cmp=com.android.vending/com.google.android.finsky.activities.LaunchUrlHandlerActivity} from pid 7995
I/ActivityManager(  485): START u0 {act=android.intent.action.VIEW dat=market://details?id=com.playsimple.roomtemperature cmp=com.android.vending/com.google.android.finsky.activities.LaunchUrlHandlerActivity} from pid 7995
I/ActivityManager(  485): START u0 {act=android.intent.action.VIEW dat=market://details?id=com.playsimple.roomtemperature cmp=com.android.vending/com.google.android.finsky.activities.LaunchUrlHandlerActivity} from pid 7995
I/ActivityManager(  485): START u0 {act=android.intent.action.VIEW dat=market://details?id=com.playsimple.roomtemperature cmp=com.android.vending/com.google.android.finsky.activities.LaunchUrlHandlerActivity} from pid 7995
I/ActivityManager(  485): START u0 {act=android.intent.action.MAIN cat=[android.intent.category.LAUNCHER] flg=0x10000000 sel={act=android.intent.action.MAIN cat=[android.intent.category.APP_CALENDAR]}} from pid 485
I/ActivityManager(  485): START u0 {act=android.intent.action.MAIN cat=[android.intent.category.LAUNCHER] flg=0x10200000 cmp=com.playsimple.roomtemperature/.MainActivity} from pid 7985
I/ActivityManager(  485): START u0 {act=android.intent.action.VIEW dat=market://details?id=com.playsimple.roomtemperature cmp=com.android.vending/com.google.android.finsky.activities.LaunchUrlHandlerActivity} from pid 7995
I/ActivityManager(  485): START u0 {act=android.intent.action.MAIN cat=[android.intent.category.LAUNCHER] flg=0x10200000 cmp=com.playsimple.roomtemperature/.MainActivity} from pid 7985
I/ActivityManager(  485): START u0 {act=android.intent.action.MAIN cat=[android.intent.category.LAUNCHER] flg=0x10200000 cmp=com.playsimple.roomtemperature/.MainActivity} from pid 7985
I/ActivityManager(  485): START u0 {act=android.intent.action.VIEW dat=market://details?id=com.playsimple.roomtemperature cmp=com.android.vending/com.google.android.finsky.activities.LaunchUrlHandlerActivity} from pid 7995
I/ActivityManager(  485): START u0 {act=android.intent.action.VIEW dat=market://details?id=com.playsimple.roomtemperature cmp=com.android.vending/com.google.android.finsky.activities.LaunchUrlHandlerActivity} from pid 7995
I/ActivityManager(  485): START u0 {act=android.intent.action.VIEW dat=market://details?id=com.playsimple.roomtemperature cmp=com.android.vending/com.google.android.finsky.activities.LaunchUrlHandlerActivity} from pid 7995
I/ActivityManager(  485): START u0 {act=android.intent.action.VIEW dat=market://details?id=com.playsimple.roomtemperature cmp=com.android.vending/com.google.android.finsky.activities.LaunchUrlHandlerActivity} from pid 7995
I/ActivityManager(  485): START u0 {act=android.intent.action.VIEW dat=market://details?id=com.playsimple.roomtemperature cmp=com.android.vending/com.google.android.finsky.activities.LaunchUrlHandlerActivity} from pid 7995
I/ActivityManager(  485): START u0 {act=android.intent.action.VIEW dat=market://details?id=com.playsimple.roomtemperature cmp=com.android.vending/com.google.android.finsky.activities.LaunchUrlHandlerActivity} from pid 7995
I/ActivityManager(  485): START u0 {act=android.intent.action.MAIN cat=[android.intent.category.LAUNCHER] flg=0x10200000 cmp=com.playsimple.roomtemperature/.MainActivity} from pid 7985
W/SocketClient(  164): write error (Broken pipe)
V/PanelView(  542): animationTick called with dtms=0; nothing to do (h=0.0 v=-0.0)
I/ActivityManager(  485): START u0 {act=android.intent.action.CALL_BUTTON flg=0x10000000} from pid 7995
W/PhoneFallbackEventHandler( 7995): No activity found for android.intent.action.CALL_BUTTON.
I/ActivityManager(  485): START u0 {act=android.intent.action.VIEW dat=market://details?id=com.playsimple.roomtemperature cmp=com.android.vending/com.google.android.finsky.activities.LaunchUrlHandlerActivity} from pid 7995
V/PanelView(  542): animationTick called with dtms=0; nothing to do (h=0.0 v=-0.0)
I/ActivityManager(  485): START u0 {act=android.intent.action.MAIN cat=[android.intent.category.LAUNCHER] flg=0x10200000 cmp=com.playsimple.roomtemperature/.MainActivity} from pid 7985
E/AudioFlinger(  171): no more track names available
E/AudioTrack(  485): AudioFlinger could not create track, status: -12
I/ActivityManager(  485): START u0 {act=android.intent.action.VIEW dat=market://details?id=com.playsimple.roomtemperature cmp=com.android.vending/com.google.android.finsky.activities.LaunchUrlHandlerActivity} from pid 7995
E/SoundPool(  485): Error creating AudioTrack
E/AudioFlinger(  171): no more track names available
E/AudioTrack(  485): AudioFlinger could not create track, status: -12
E/SoundPool(  485): Error creating AudioTrack
I/ActivityManager(  485): START u0 {act=android.intent.action.VIEW dat=market://details?id=com.playsimple.roomtemperature cmp=com.android.vending/com.google.android.finsky.activities.LaunchUrlHandlerActivity} from pid 7995
E/AudioFlinger(  171): no more track names available
E/AudioTrack(  485): AudioFlinger could not create track, status: -12
I/ActivityManager(  485): START u0 {act=android.intent.action.VIEW dat=market://details?id=com.playsimple.roomtemperature cmp=com.android.vending/com.google.android.finsky.activities.LaunchUrlHandlerActivity} from pid 7995
E/SoundPool(  485): Error creating AudioTrack
E/AudioFlinger(  171): no more track names available
E/AudioTrack(  485): AudioFlinger could not create track, status: -12
E/SoundPool(  485): Error creating AudioTrack
I/ActivityManager(  485): START u0 {act=android.intent.action.VIEW dat=market://details?id=com.playsimple.roomtemperature cmp=com.android.vending/com.google.android.finsky.activities.LaunchUrlHandlerActivity} from pid 7995
I/ActivityManager(  485): START u0 {act=android.intent.action.VIEW dat=market://details?id=com.playsimple.roomtemperature cmp=com.android.vending/com.google.android.finsky.activities.LaunchUrlHandlerActivity} from pid 7995
E/AudioFlinger(  171): no more track names available
E/AudioTrack(  485): AudioFlinger could not create track, status: -12
E/SoundPool(  485): Error creating AudioTrack
W/Launcher(  683): setApplicationContext called twice! old=com.vphone.launcher.LauncherApplicationEx@4a796d18 new=com.vphone.launcher.LauncherApplicationEx@4a796d18
W/ResourceType(  683): Attempt to retrieve bag 0x7f0b0001 which is invalid or in a cycle.
D/Launcher(  683): 11683562 - bindAddScreens()
D/Launcher(  683): 11683562 -   orderedScreenIds: 1, 2
D/Launcher.Workspace(  683): 11683562 - insertNewWorkspaceScreen(): 1 at index: 0
D/Launcher.Workspace(  683): 11683562 - insertNewWorkspaceScreen(): 2 at index: 1
W/ContextImpl(  683): Calling a method in the system process without a qualified user: android.app.ContextImpl.startService:1492 android.content.ContextWrapper.startService:494 com.vphone.launcher.Launcher.i:690 com.vphone.launcher.Launcher.b:182 com.vphone.launcher.Launcher$11.run:650 
D/Sensors (  485): Client connection accepted (178)
W/EGL_emulation(  683): eglSurfaceAttrib not implemented 3093 12436
W/ViewRootImpl(  683): Dropping event due to no window focus: KeyEvent { action=ACTION_DOWN, keyCode=KEYCODE_MENU, scanCode=0, metaState=0, flags=0x8, repeatCount=0, eventTime=1470139, downTime=1470139, deviceId=-1, source=0x101 }
W/ViewRootImpl(  683): Dropping event due to no window focus: KeyEvent { action=ACTION_DOWN, keyCode=KEYCODE_G, scanCode=0, metaState=0, flags=0x8, repeatCount=0, eventTime=1470455, downTime=1470455, deviceId=-1, source=0x101 }
W/ViewRootImpl(  683): Dropping event due to no window focus: KeyEvent { action=ACTION_DOWN, keyCode=KEYCODE_MENU, scanCode=0, metaState=0, flags=0x8, repeatCount=0, eventTime=1470458, downTime=1470458, deviceId=-1, source=0x101 }
W/ContextImpl(  485): Calling a method in the system process without a qualified user: android.app.ContextImpl.sendBroadcast:1123 com.android.server.InputMethodManagerService.hideCurrentInputLocked:1880 com.android.server.InputMethodManagerService.windowGainedFocus:1968 com.android.internal.view.IInputMethodManager$Stub.onTransact:221 com.android.server.InputMethodManagerService.onTransact:818 
I/ActivityManager(  485): START u0 {act=android.intent.action.MAIN cat=[android.intent.category.LAUNCHER] flg=0x10200000 cmp=com.playsimple.roomtemperature/.MainActivity} from pid 7985
D/yeshen  (  683): launcher onpause
D/dalvikvm( 7995): GC_CONCURRENT freed 270K, 7% free 4818K/5152K, paused 2ms+1ms, total 9ms
E/SensorManager( 7995): sensor or listener is null
W/EGL_emulation( 7995): eglSurfaceAttrib not implemented 3093 12436
W/ViewRootImpl( 7995): Dropping event due to no window focus: KeyEvent { action=ACTION_DOWN, keyCode=KEYCODE_NUMPAD_2, scanCode=0, metaState=0, flags=0x8, repeatCount=0, eventTime=1470755, downTime=1470755, deviceId=-1, source=0x101 }
W/ContextImpl(  485): Calling a method in the system process without a qualified user: android.app.ContextImpl.sendBroadcast:1123 com.android.server.InputMethodManagerService.hideCurrentInputLocked:1880 com.android.server.InputMethodManagerService.windowGainedFocus:1968 com.android.internal.view.IInputMethodManager$Stub.onTransact:221 com.android.server.InputMethodManagerService.onTransact:818 
I/ActivityManager(  485): Displayed com.playsimple.roomtemperature/.MainActivity: +135ms
I/ActivityManager(  485): START u0 {act=android.intent.action.MAIN cat=[android.intent.category.HOME] flg=0x10200000 cmp=com.vphone.launcher/.Launcher} from pid 485
D/yeshen  (  683): launcher onstop
E/AudioFlinger(  171): no more track names available
E/AudioTrack(  485): AudioFlinger could not create track, status: -12
E/SoundPool(  485): Error creating AudioTrack
I/ActivityManager(  485): START u0 {act=android.intent.action.VIEW dat=market://details?id=com.playsimple.roomtemperature cmp=com.android.vending/com.google.android.finsky.activities.LaunchUrlHandlerActivity} from pid 7995
E/AudioFlinger(  171): no more track names available
E/AudioTrack(  485): AudioFlinger could not create track, status: -12
E/SoundPool(  485): Error creating AudioTrack
I/ActivityManager(  485): START u0 {act=android.intent.action.VIEW dat=market://details?id=com.playsimple.roomtemperature cmp=com.android.vending/com.google.android.finsky.activities.LaunchUrlHandlerActivity} from pid 7995
I/ActivityManager(  485): START u0 {act=android.intent.action.MAIN cat=[android.intent.category.LAUNCHER] flg=0x10200000 cmp=com.playsimple.roomtemperature/.MainActivity} from pid 7985
D/dalvikvm(  651): GC_CONCURRENT freed 382K, 15% free 2863K/3332K, paused 0ms+0ms, total 2ms
I/InputDispatcher(  485): Dropped event because of pending overdue app switch.
W/InputManager(  485): Input event injection from pid 7985 failed.
E/AudioFlinger(  171): no more track names available
E/AudioTrack(  485): AudioFlinger could not create track, status: -12
E/SoundPool(  485): Error creating AudioTrack
I/ActivityManager(  485): START u0 {act=android.intent.action.VIEW dat=market://details?id=com.playsimple.roomtemperature cmp=com.android.vending/com.google.android.finsky.activities.LaunchUrlHandlerActivity} from pid 7995
E/AudioFlinger(  171): no more track names available
E/AudioTrack(  485): AudioFlinger could not create track, status: -12
E/SoundPool(  485): Error creating AudioTrack
I/ActivityManager(  485): START u0 {act=android.intent.action.VIEW dat=market://details?id=com.playsimple.roomtemperature cmp=com.android.vending/com.google.android.finsky.activities.LaunchUrlHandlerActivity} from pid 7995
D/dalvikvm(  485): GC_CONCURRENT freed 3120K, 41% free 16810K/28404K, paused 0ms+3ms, total 15ms
I/ActivityManager(  485): START u0 {act=android.intent.action.MAIN cat=[android.intent.category.HOME] flg=0x10200000 cmp=com.vphone.launcher/.Launcher} from pid 485
I/ActivityManager(  485): START u0 {act=android.intent.action.VIEW dat=market://details?id=com.playsimple.roomtemperature cmp=com.android.vending/com.google.android.finsky.activities.LaunchUrlHandlerActivity} from pid 7995
E/AudioFlinger(  171): no more track names available
E/AudioTrack(  485): AudioFlinger could not create track, status: -12
E/SoundPool(  485): Error creating AudioTrack
E/AudioFlinger(  171): no more track names available
E/AudioTrack(  485): AudioFlinger could not create track, status: -12
E/SoundPool(  485): Error creating AudioTrack
I/ActivityManager(  485): START u0 {act=android.intent.action.VIEW dat=market://details?id=com.playsimple.roomtemperature cmp=com.android.vending/com.google.android.finsky.activities.LaunchUrlHandlerActivity} from pid 7995
I/ActivityManager(  485): START u0 {act=android.intent.action.VIEW dat=market://details?id=com.playsimple.roomtemperature cmp=com.android.vending/com.google.android.finsky.activities.LaunchUrlHandlerActivity} from pid 7995
E/AudioFlinger(  171): no more track names available
E/AudioTrack(  485): AudioFlinger could not create track, status: -12
E/SoundPool(  485): Error creating AudioTrack
E/AudioFlinger(  171): no more track names available
E/AudioTrack(  485): AudioFlinger could not create track, status: -12
E/SoundPool(  485): Error creating AudioTrack
I/ActivityManager(  485): START u0 {act=android.intent.action.VIEW dat=market://details?id=com.playsimple.roomtemperature cmp=com.android.vending/com.google.android.finsky.activities.LaunchUrlHandlerActivity} from pid 7995
I/ActivityManager(  485): START u0 {act=android.intent.action.VIEW dat=market://details?id=com.playsimple.roomtemperature cmp=com.android.vending/com.google.android.finsky.activities.LaunchUrlHandlerActivity} from pid 7995
E/AudioFlinger(  171): no more track names available
E/AudioTrack(  485): AudioFlinger could not create track, status: -12
E/SoundPool(  485): Error creating AudioTrack
E/AudioFlinger(  171): no more track names available
E/AudioTrack(  485): AudioFlinger could not create track, status: -12
E/SoundPool(  485): Error creating AudioTrack
I/ActivityManager(  485): START u0 {act=android.intent.action.VIEW dat=market://details?id=com.playsimple.roomtemperature cmp=com.android.vending/com.google.android.finsky.activities.LaunchUrlHandlerActivity} from pid 7995
I/ActivityManager(  485): START u0 {act=android.intent.action.MAIN cat=[android.intent.category.HOME] flg=0x10200000 cmp=com.vphone.launcher/.Launcher} from pid 485
V/PanelView(  542): animationTick called with dtms=0; nothing to do (h=0.0 v=-0.0)
W/WindowManager(  485): updateFocusedWindowLocked, focusedAppToken is null.
W/ViewRootImpl(  542): Dropping event due to no window focus: KeyEvent { action=ACTION_DOWN, keyCode=KEYCODE_DPAD_DOWN, scanCode=0, metaState=0, flags=0x8, repeatCount=0, eventTime=1472316, downTime=1472316, deviceId=-1, source=0x101 }
W/ContextImpl(  485): Calling a method in the system process without a qualified user: android.app.ContextImpl.sendBroadcast:1123 com.android.server.InputMethodManagerService.hideCurrentInputLocked:1880 com.android.server.InputMethodManagerService.windowGainedFocus:1968 com.android.internal.view.IInputMethodManager$Stub.onTransact:221 com.android.server.InputMethodManagerService.onTransact:818 
W/InputMethodManagerService(  485): Starting input on non-focused client com.android.internal.view.IInputMethodClient$Stub$Proxy@4a94d310 (uid=10042 pid=7995)
E/AudioFlinger(  171): no more track names available
E/AudioTrack(  485): AudioFlinger could not create track, status: -12
E/SoundPool(  485): Error creating AudioTrack
I/ActivityManager(  485): START u0 {act=android.intent.action.MAIN cat=[android.intent.category.LAUNCHER] flg=0x10200000 cmp=com.playsimple.roomtemperature/.MainActivity} from pid 7985
W/InputEventReceiver(  542): Attempted to finish an input event but the input event receiver has already been disposed.
W/ViewRootImpl( 7995): Dropping event due to no window focus: KeyEvent { action=ACTION_DOWN, keyCode=KEYCODE_DPAD_UP, scanCode=0, metaState=0, flags=0x8, repeatCount=0, eventTime=1472419, downTime=1472419, deviceId=-1, source=0x101 }
W/ContextImpl(  485): Calling a method in the system process without a qualified user: android.app.ContextImpl.sendBroadcast:1123 com.android.server.InputMethodManagerService.hideCurrentInputLocked:1880 com.android.server.InputMethodManagerService.windowGainedFocus:1968 com.android.internal.view.IInputMethodManager$Stub.onTransact:221 com.android.server.InputMethodManagerService.onTransact:818 
I/InputDispatcher(  485): Dropped event because of pending overdue app switch.
I/InputDispatcher(  485): Dropped event because of pending overdue app switch.
W/InputManager(  485): Input event injection from pid 7985 failed.
W/InputManager(  485): Input event injection from pid 7985 failed.
E/AudioFlinger(  171): no more track names available
E/AudioTrack(  485): AudioFlinger could not create track, status: -12
E/SoundPool(  485): Error creating AudioTrack
