--------- beginning of /dev/log/main
I/Icing   (26586): Indexing F4FAA6262FE39DDD50BAE6B7AF5CDB8D73BA0DB0 from com.google.android.gms
I/Icing   (26586): Indexing done F4FAA6262FE39DDD50BAE6B7AF5CDB8D73BA0DB0
I/WearableService(  643): Wearable Services stopping
D/AndroidRuntime(31540): 
D/AndroidRuntime(31540): >>>>>> AndroidRuntime START com.android.internal.os.RuntimeInit <<<<<<
D/AndroidRuntime(31540): CheckJNI is OFF
D/dalvikvm(31540): Using executionMode 2
D/dalvikvm(31540): Trying to load lib libjavacore.so 0x0
D/dalvikvm(31540): Added shared lib libjavacore.so 0x0
D/dalvikvm(31540): Trying to load lib libnativehelper.so 0x0
D/dalvikvm(31540): Added shared lib libnativehelper.so 0x0
D/dalvikvm(31540): No JNI_OnLoad found in libnativehelper.so 0x0, skipping init
D/dalvikvm(31540): Note: class Landroid/app/ActivityManagerNative; has 179 unimplemented (abstract) methods
E/memtrack(31540): Couldn't load memtrack module (No such file or directory)
E/android.os.Debug(31540): failed to load memtrack module: -2
D/AndroidRuntime(31540): Calling main entry com.android.commands.monkey.Monkey
--------- beginning of /dev/log/system
W/BroadcastQueue(  346): Skipping deliver [background] BroadcastRecord{4b1b3978 u-1 android.net.conn.CONNECTIVITY_CHANGE} to ReceiverList{4ae49894 31540 (unknown name)/0/u-1 remote:4abc2cb8}: process crashing
I/ActivityManager(  346): START u0 {act=android.intent.action.MAIN cat=[android.intent.category.LAUNCHER] flg=0x10200000 cmp=com.windyty.android/com.windyty.StartActivity} from pid 31540
I/ActivityManager(  346): Start proc com.windyty.android for activity com.windyty.android/com.windyty.StartActivity: pid=31550 uid=10092 gids={50092, 3003}
W/NetworkManagementSocketTagger(  346): setKernelCountSet(10092, 1) failed with errno -13
I/dalvikvm(31550): ignoring registerObject request in thread=1
I/dalvikvm(31550): ignoring registerObject request in thread=1
W/Resources(31550): Converting to string: TypedValue{t=0x10/d=0x1 a=-1}
W/Resources(31550): Converting to string: TypedValue{t=0x10/d=0x1 a=-1}
W/Resources(31550): Converting to string: TypedValue{t=0x10/d=0x0 a=-1}
W/Resources(31550): Converting to string: TypedValue{t=0x10/d=0x0 a=-1}
I/dalvikvm(31550): Could not find method android.preference.DialogPreference.<init>, referenced from method com.windyty.gui.MyDialogPreference.<init>
W/dalvikvm(31550): VFY: unable to resolve direct method 1270: Landroid/preference/DialogPreference;.<init> (Landroid/content/Context;)V
D/dalvikvm(31550): VFY: replacing opcode 0x70 at 0x0000
D/dalvikvm(31550): JIT code cache reset in 0 ms (0 bytes 1/0)
D/dalvikvm(31550): GC_CONCURRENT freed 227K, 9% free 2969K/3256K, paused 5ms+2ms, total 9ms
D/dalvikvm(31550): GC_FOR_ALLOC freed 271K, 14% free 3010K/3464K, paused 2ms, total 2ms
D/dalvikvm(31550): GC_FOR_ALLOC freed 306K, 16% free 3010K/3568K, paused 2ms, total 3ms
D/dalvikvm(31550): GC_FOR_ALLOC freed 305K, 16% free 3011K/3568K, paused 2ms, total 2ms
D/dalvikvm(31550): GC_FOR_ALLOC freed 302K, 16% free 3011K/3568K, paused 1ms, total 1ms
D/dalvikvm(31550): GC_FOR_ALLOC freed 303K, 16% free 3012K/3568K, paused 2ms, total 2ms
D/dalvikvm(31550): GC_FOR_ALLOC freed 303K, 16% free 3012K/3568K, paused 2ms, total 2ms
D/dalvikvm(31550): GC_FOR_ALLOC freed 303K, 16% free 3013K/3568K, paused 3ms, total 3ms
D/dalvikvm(31550): GC_FOR_ALLOC freed 302K, 16% free 3013K/3568K, paused 1ms, total 1ms
D/dalvikvm(31550): GC_FOR_ALLOC freed 304K, 16% free 3014K/3568K, paused 2ms, total 2ms
D/dalvikvm(31550): GC_FOR_ALLOC freed 302K, 16% free 3014K/3568K, paused 1ms, total 1ms
D/dalvikvm(31550): GC_FOR_ALLOC freed 303K, 16% free 3015K/3568K, paused 1ms, total 1ms
D/dalvikvm(31550): GC_FOR_ALLOC freed 302K, 16% free 3015K/3568K, paused 2ms, total 2ms
D/dalvikvm(31550): GC_FOR_ALLOC freed 302K, 16% free 3015K/3568K, paused 2ms, total 2ms
D/dalvikvm(31550): GC_FOR_ALLOC freed 303K, 16% free 3016K/3568K, paused 3ms, total 3ms
D/dalvikvm(31550): GC_FOR_ALLOC freed 302K, 16% free 3016K/3568K, paused 2ms, total 2ms
D/dalvikvm(31550): GC_FOR_ALLOC freed 302K, 16% free 3017K/3568K, paused 1ms, total 1ms
D/dalvikvm(31550): GC_FOR_ALLOC freed 303K, 16% free 3017K/3568K, paused 2ms, total 3ms
D/dalvikvm(31550): GC_FOR_ALLOC freed 302K, 16% free 3018K/3568K, paused 3ms, total 3ms
D/dalvikvm(31550): GC_FOR_ALLOC freed 303K, 16% free 3018K/3568K, paused 2ms, total 2ms
D/dalvikvm(31550): GC_FOR_ALLOC freed 302K, 16% free 3018K/3568K, paused 1ms, total 1ms
D/dalvikvm(31550): GC_FOR_ALLOC freed 302K, 16% free 3019K/3568K, paused 1ms, total 1ms
D/dalvikvm(31550): GC_FOR_ALLOC freed 303K, 16% free 3019K/3568K, paused 2ms, total 2ms
D/dalvikvm(31550): GC_FOR_ALLOC freed 302K, 16% free 3019K/3568K, paused 2ms, total 2ms
D/dalvikvm(31550): GC_FOR_ALLOC freed 302K, 16% free 3020K/3568K, paused 3ms, total 4ms
D/dalvikvm(31550): GC_FOR_ALLOC freed 303K, 16% free 3020K/3568K, paused 2ms, total 2ms
D/dalvikvm(31550): GC_FOR_ALLOC freed 302K, 16% free 3021K/3568K, paused 1ms, total 1ms
D/dalvikvm(31550): GC_FOR_ALLOC freed 303K, 16% free 3021K/3568K, paused 2ms, total 3ms
D/dalvikvm(31550): GC_FOR_ALLOC freed 302K, 16% free 3021K/3568K, paused 1ms, total 1ms
D/dalvikvm(31550): GC_FOR_ALLOC freed 302K, 16% free 3022K/3568K, paused 3ms, total 3ms
D/dalvikvm(31550): GC_FOR_ALLOC freed 303K, 16% free 3022K/3568K, paused 2ms, total 2ms
D/dalvikvm(31550): GC_FOR_ALLOC freed 337K, 16% free 3027K/3568K, paused 3ms, total 3ms
D/dalvikvm(31550): GC_FOR_ALLOC freed 303K, 16% free 3028K/3568K, paused 2ms, total 2ms
D/dalvikvm(31550): GC_FOR_ALLOC freed 302K, 16% free 3028K/3568K, paused 1ms, total 1ms
D/dalvikvm(31550): GC_FOR_ALLOC freed 302K, 16% free 3028K/3568K, paused 1ms, total 1ms
D/dalvikvm(31550): GC_FOR_ALLOC freed 302K, 16% free 3029K/3568K, paused 2ms, total 3ms
D/dalvikvm(31550): GC_FOR_ALLOC freed 302K, 16% free 3029K/3568K, paused 3ms, total 3ms
D/dalvikvm(31550): GC_FOR_ALLOC freed 303K, 16% free 3029K/3568K, paused 3ms, total 3ms
D/dalvikvm(31550): GC_FOR_ALLOC freed 302K, 16% free 3029K/3568K, paused 2ms, total 2ms
D/dalvikvm(31550): GC_FOR_ALLOC freed 302K, 16% free 3029K/3568K, paused 1ms, total 1ms
D/dalvikvm(31550): GC_FOR_ALLOC freed 302K, 16% free 3029K/3568K, paused 1ms, total 1ms
D/dalvikvm(31550): GC_FOR_ALLOC freed 302K, 16% free 3029K/3568K, paused 3ms, total 3ms
D/dalvikvm(31550): GC_FOR_ALLOC freed 303K, 16% free 3030K/3568K, paused 2ms, total 2ms
D/dalvikvm(31550): GC_FOR_ALLOC freed 302K, 16% free 3030K/3568K, paused 2ms, total 3ms
D/dalvikvm(31550): GC_FOR_ALLOC freed 302K, 16% free 3030K/3568K, paused 2ms, total 2ms
D/dalvikvm(31550): GC_FOR_ALLOC freed 302K, 16% free 3030K/3568K, paused 1ms, total 1ms
D/dalvikvm(31550): GC_FOR_ALLOC freed 302K, 16% free 3030K/3568K, paused 2ms, total 3ms
D/dalvikvm(31550): GC_FOR_ALLOC freed 303K, 16% free 3031K/3568K, paused 2ms, total 2ms
D/dalvikvm(31550): GC_FOR_ALLOC freed 302K, 16% free 3031K/3568K, paused 2ms, total 2ms
D/dalvikvm(31550): GC_FOR_ALLOC freed 302K, 16% free 3032K/3568K, paused 2ms, total 2ms
D/dalvikvm(31550): GC_FOR_ALLOC freed 302K, 16% free 3032K/3568K, paused 2ms, total 2ms
D/dalvikvm(31550): GC_FOR_ALLOC freed 302K, 16% free 3032K/3568K, paused 1ms, total 1ms
D/dalvikvm(31550): GC_FOR_ALLOC freed 302K, 15% free 3033K/3568K, paused 2ms, total 2ms
D/dalvikvm(31550): GC_FOR_ALLOC freed 303K, 15% free 3033K/3568K, paused 3ms, total 3ms
D/dalvikvm(31550): GC_FOR_ALLOC freed 302K, 15% free 3034K/3568K, paused 1ms, total 1ms
D/dalvikvm(31550): GC_FOR_ALLOC freed 302K, 15% free 3034K/3568K, paused 2ms, total 2ms
D/dalvikvm(31550): GC_FOR_ALLOC freed 302K, 15% free 3034K/3568K, paused 2ms, total 2ms
D/dalvikvm(31550): GC_FOR_ALLOC freed 302K, 15% free 3035K/3568K, paused 1ms, total 1ms
D/dalvikvm(31550): GC_FOR_ALLOC freed 303K, 15% free 3035K/3568K, paused 1ms, total 1ms
D/dalvikvm(31550): GC_FOR_ALLOC freed 302K, 15% free 3036K/3568K, paused 4ms, total 4ms
D/dalvikvm(31550): GC_FOR_ALLOC freed 302K, 15% free 3036K/3568K, paused 1ms, total 2ms
D/dalvikvm(31550): GC_FOR_ALLOC freed 302K, 15% free 3036K/3568K, paused 2ms, total 2ms
D/dalvikvm(31550): GC_FOR_ALLOC freed 302K, 15% free 3037K/3568K, paused 1ms, total 1ms
D/dalvikvm(31550): GC_FOR_ALLOC freed 303K, 15% free 3037K/3568K, paused 2ms, total 2ms
D/dalvikvm(31550): GC_FOR_ALLOC freed 302K, 15% free 3037K/3568K, paused 3ms, total 3ms
D/dalvikvm(31550): GC_FOR_ALLOC freed 302K, 15% free 3038K/3568K, paused 2ms, total 2ms
D/dalvikvm(31550): GC_FOR_ALLOC freed 302K, 15% free 3038K/3568K, paused 2ms, total 2ms
D/dalvikvm(31550): GC_FOR_ALLOC freed 302K, 15% free 3038K/3568K, paused 1ms, total 1ms
D/dalvikvm(31550): GC_FOR_ALLOC freed 302K, 15% free 3039K/3568K, paused 1ms, total 2ms
D/dalvikvm(31550): GC_FOR_ALLOC freed 303K, 15% free 3039K/3568K, paused 3ms, total 3ms
D/dalvikvm(31550): GC_FOR_ALLOC freed 302K, 15% free 3039K/3568K, paused 2ms, total 2ms
D/dalvikvm(31550): GC_FOR_ALLOC freed 302K, 15% free 3040K/3568K, paused 1ms, total 1ms
D/dalvikvm(31550): GC_FOR_ALLOC freed 302K, 15% free 3040K/3568K, paused 1ms, total 1ms
D/dalvikvm(31550): GC_FOR_ALLOC freed 302K, 15% free 3041K/3568K, paused 1ms, total 1ms
D/dalvikvm(31550): GC_FOR_ALLOC freed 303K, 15% free 3041K/3568K, paused 2ms, total 2ms
D/dalvikvm(31550): GC_FOR_ALLOC freed 302K, 15% free 3041K/3568K, paused 3ms, total 3ms
D/dalvikvm(31550): GC_FOR_ALLOC freed 302K, 15% free 3042K/3568K, paused 1ms, total 1ms
D/dalvikvm(31550): GC_FOR_ALLOC freed 302K, 15% free 3042K/3568K, paused 1ms, total 1ms
D/dalvikvm(31550): GC_FOR_ALLOC freed 302K, 15% free 3042K/3568K, paused 1ms, total 1ms
D/dalvikvm(31550): GC_FOR_ALLOC freed 303K, 15% free 3043K/3568K, paused 2ms, total 2ms
D/dalvikvm(31550): GC_FOR_ALLOC freed 302K, 15% free 3043K/3568K, paused 3ms, total 3ms
D/dalvikvm(31550): GC_FOR_ALLOC freed 302K, 15% free 3044K/3568K, paused 3ms, total 3ms
D/dalvikvm(31550): GC_FOR_ALLOC freed 302K, 15% free 3044K/3568K, paused 1ms, total 1ms
D/dalvikvm(31550): GC_FOR_ALLOC freed 302K, 15% free 3044K/3568K, paused 2ms, total 2ms
D/dalvikvm(31550): GC_FOR_ALLOC freed 302K, 15% free 3045K/3568K, paused 1ms, total 1ms
D/dalvikvm(31550): GC_FOR_ALLOC freed 303K, 15% free 3045K/3568K, paused 1ms, total 1ms
D/dalvikvm(31550): GC_FOR_ALLOC freed 302K, 15% free 3045K/3568K, paused 3ms, total 3ms
D/dalvikvm(31550): GC_FOR_ALLOC freed 302K, 15% free 3046K/3568K, paused 3ms, total 3ms
D/dalvikvm(31550): GC_FOR_ALLOC freed 302K, 15% free 3046K/3568K, paused 2ms, total 2ms
D/dalvikvm(31550): GC_FOR_ALLOC freed 302K, 15% free 3046K/3568K, paused 1ms, total 1ms
D/dalvikvm(31550): GC_FOR_ALLOC freed 303K, 15% free 3047K/3568K, paused 2ms, total 2ms
D/dalvikvm(31550): GC_FOR_ALLOC freed 302K, 15% free 3047K/3568K, paused 2ms, total 2ms
D/dalvikvm(31550): GC_FOR_ALLOC freed 302K, 15% free 3048K/3568K, paused 4ms, total 4ms
D/dalvikvm(31550): GC_FOR_ALLOC freed 302K, 15% free 3048K/3568K, paused 2ms, total 2ms
D/dalvikvm(31550): GC_FOR_ALLOC freed 302K, 15% free 3048K/3568K, paused 1ms, total 1ms
D/dalvikvm(31550): GC_FOR_ALLOC freed 303K, 15% free 3049K/3568K, paused 2ms, total 2ms
D/dalvikvm(31550): GC_FOR_ALLOC freed 302K, 15% free 3049K/3568K, paused 3ms, total 3ms
D/dalvikvm(31550): GC_FOR_ALLOC freed 302K, 15% free 3049K/3568K, paused 3ms, total 3ms
D/dalvikvm(31550): GC_FOR_ALLOC freed 302K, 15% free 3050K/3568K, paused 2ms, total 2ms
D/dalvikvm(31550): GC_FOR_ALLOC freed 302K, 15% free 3050K/3568K, paused 1ms, total 1ms
D/dalvikvm(31550): GC_FOR_ALLOC freed 302K, 15% free 3050K/3568K, paused 1ms, total 1ms
D/dalvikvm(31550): GC_FOR_ALLOC freed 303K, 15% free 3051K/3568K, paused 2ms, total 2ms
D/dalvikvm(31550): GC_FOR_ALLOC freed 302K, 15% free 3051K/3568K, paused 2ms, total 2ms
D/dalvikvm(31550): GC_FOR_ALLOC freed 302K, 15% free 3052K/3568K, paused 3ms, total 3ms
D/dalvikvm(31550): GC_FOR_ALLOC freed 302K, 15% free 3052K/3568K, paused 2ms, total 2ms
D/dalvikvm(31550): GC_FOR_ALLOC freed 302K, 15% free 3052K/3568K, paused 1ms, total 1ms
D/dalvikvm(31550): GC_FOR_ALLOC freed 303K, 15% free 3053K/3568K, paused 1ms, total 1ms
D/dalvikvm(31550): GC_FOR_ALLOC freed 302K, 15% free 3053K/3568K, paused 2ms, total 2ms
D/dalvikvm(31550): GC_FOR_ALLOC freed 302K, 15% free 3054K/3568K, paused 2ms, total 2ms
D/dalvikvm(31550): GC_FOR_ALLOC freed 302K, 15% free 3054K/3568K, paused 2ms, total 2ms
D/dalvikvm(31550): GC_FOR_ALLOC freed 302K, 15% free 3054K/3568K, paused 1ms, total 1ms
D/dalvikvm(31550): GC_FOR_ALLOC freed 303K, 15% free 3055K/3568K, paused 1ms, total 1ms
D/dalvikvm(31550): GC_FOR_ALLOC freed 302K, 15% free 3055K/3568K, paused 2ms, total 3ms
D/dalvikvm(31550): GC_FOR_ALLOC freed 302K, 15% free 3056K/3568K, paused 2ms, total 2ms
D/dalvikvm(31550): GC_FOR_ALLOC freed 302K, 15% free 3057K/3568K, paused 1ms, total 1ms
D/dalvikvm(31550): GC_FOR_ALLOC freed 302K, 15% free 3057K/3568K, paused 2ms, total 2ms
D/dalvikvm(31550): GC_FOR_ALLOC freed 302K, 15% free 3057K/3568K, paused 2ms, total 2ms
D/dalvikvm(31550): GC_FOR_ALLOC freed 304K, 15% free 3058K/3568K, paused 2ms, total 2ms
D/dalvikvm(31550): GC_FOR_ALLOC freed 302K, 15% free 3058K/3568K, paused 2ms, total 2ms
D/dalvikvm(31550): GC_FOR_ALLOC freed 302K, 15% free 3059K/3568K, paused 1ms, total 2ms
D/dalvikvm(31550): GC_FOR_ALLOC freed 302K, 15% free 3059K/3568K, paused 3ms, total 3ms
D/dalvikvm(31550): GC_FOR_ALLOC freed 302K, 15% free 3059K/3568K, paused 2ms, total 2ms
D/dalvikvm(31550): GC_FOR_ALLOC freed 302K, 15% free 3060K/3568K, paused 3ms, total 3ms
D/dalvikvm(31550): GC_FOR_ALLOC freed 302K, 15% free 3060K/3568K, paused 2ms, total 2ms
D/dalvikvm(31550): GC_FOR_ALLOC freed 302K, 15% free 3060K/3568K, paused 2ms, total 2ms
D/dalvikvm(31550): GC_FOR_ALLOC freed 302K, 15% free 3061K/3568K, paused 1ms, total 1ms
D/libEGL  (31550): loaded /system/lib/egl/libEGL_adreno.so
D/dalvikvm(31550): GC_FOR_ALLOC freed 302K, 15% free 3061K/3568K, paused 2ms, total 2ms
D/dalvikvm(31550): GC_FOR_ALLOC freed 303K, 15% free 3061K/3568K, paused 2ms, total 3ms
D/dalvikvm(31550): GC_FOR_ALLOC freed 302K, 15% free 3062K/3568K, paused 2ms, total 2ms
D/        (31550): HostConnection::get() New Host Connection established 0xb7a1dc90, tid 31550
D/libEGL  (31550): loaded /system/lib/egl/libGLESv1_CM_adreno.so
D/dalvikvm(31550): GC_FOR_ALLOC freed 302K, 15% free 3062K/3568K, paused 3ms, total 3ms
D/libEGL  (31550): loaded /system/lib/egl/libGLESv2_adreno.so
D/dalvikvm(31550): GC_FOR_ALLOC freed 303K, 15% free 3063K/3568K, paused 2ms, total 2ms
D/dalvikvm(31550): GC_FOR_ALLOC freed 302K, 15% free 3063K/3568K, paused 2ms, total 2ms
D/dalvikvm(31550): GC_FOR_ALLOC freed 302K, 15% free 3063K/3568K, paused 2ms, total 2ms
D/dalvikvm(31550): GC_FOR_ALLOC freed 302K, 15% free 3064K/3568K, paused 2ms, total 2ms
D/dalvikvm(31550): GC_FOR_ALLOC freed 302K, 15% free 3064K/3568K, paused 2ms, total 2ms
D/dalvikvm(31550): GC_FOR_ALLOC freed 302K, 15% free 3064K/3568K, paused 2ms, total 2ms
D/dalvikvm(31550): GC_FOR_ALLOC freed 302K, 15% free 3065K/3568K, paused 2ms, total 2ms
D/dalvikvm(31550): GC_FOR_ALLOC freed 302K, 15% free 3065K/3568K, paused 1ms, total 1ms
D/dalvikvm(31550): GC_FOR_ALLOC freed 303K, 15% free 3065K/3568K, paused 2ms, total 2ms
D/dalvikvm(31550): GC_FOR_ALLOC freed 302K, 15% free 3066K/3568K, paused 2ms, total 2ms
D/dalvikvm(31550): GC_FOR_ALLOC freed 302K, 15% free 3066K/3568K, paused 2ms, total 2ms
D/dalvikvm(31550): GC_FOR_ALLOC freed 302K, 15% free 3066K/3568K, paused 1ms, total 1ms
D/dalvikvm(31550): GC_FOR_ALLOC freed 302K, 15% free 3067K/3568K, paused 2ms, total 2ms
D/dalvikvm(31550): GC_FOR_ALLOC freed 302K, 15% free 3067K/3568K, paused 2ms, total 2ms
D/dalvikvm(31550): GC_FOR_ALLOC freed 302K, 15% free 3068K/3568K, paused 4ms, total 5ms
D/dalvikvm(31550): GC_FOR_ALLOC freed 302K, 15% free 3068K/3568K, paused 2ms, total 2ms
D/dalvikvm(31550): GC_FOR_ALLOC freed 302K, 14% free 3068K/3568K, paused 3ms, total 3ms
D/dalvikvm(31550): GC_FOR_ALLOC freed 302K, 14% free 3069K/3568K, paused 3ms, total 3ms
W/EGL_emulation(31550): eglSurfaceAttrib not implemented 3093 12436
D/dalvikvm(31550): GC_FOR_ALLOC freed 302K, 14% free 3069K/3568K, paused 4ms, total 4ms
D/dalvikvm(31550): GC_FOR_ALLOC freed 303K, 14% free 3069K/3568K, paused 3ms, total 3ms
D/OpenGLRenderer(31550): Enabling debug mode 0
D/dalvikvm(31550): GC_FOR_ALLOC freed 335K, 15% free 3043K/3568K, paused 1ms, total 1ms
W/ViewRootImpl(31550): Dropping event due to no window focus: KeyEvent { action=ACTION_DOWN, keyCode=KEYCODE_MENU, scanCode=0, metaState=0, flags=0x8, repeatCount=0, eventTime=5368480, downTime=5368480, deviceId=-1, source=0x101 }
I/ActivityManager(  346): START u0 {act=android.intent.action.MAIN cat=[android.intent.category.LAUNCHER] flg=0x10200000 cmp=com.windyty.android/com.windyty.StartActivity} from pid 31540
D/dalvikvm(31550): GC_FOR_ALLOC freed 303K, 15% free 3043K/3568K, paused 1ms, total 1ms
D/dalvikvm(31550): GC_FOR_ALLOC freed 302K, 15% free 3043K/3568K, paused 1ms, total 1ms
D/dalvikvm(31550): GC_FOR_ALLOC freed 302K, 15% free 3044K/3568K, paused 2ms, total 2ms
D/dalvikvm(31550): GC_FOR_ALLOC freed 302K, 15% free 3044K/3568K, paused 3ms, total 3ms
D/dalvikvm(31550): GC_FOR_ALLOC freed 302K, 15% free 3044K/3568K, paused 2ms, total 2ms
D/dalvikvm(31550): GC_FOR_ALLOC freed 302K, 15% free 3044K/3568K, paused 2ms, total 2ms
D/dalvikvm(31550): GC_FOR_ALLOC freed 302K, 15% free 3044K/3568K, paused 1ms, total 1ms
D/dalvikvm(31550): GC_FOR_ALLOC freed 302K, 15% free 3044K/3568K, paused 1ms, total 1ms
D/dalvikvm(31550): GC_FOR_ALLOC freed 303K, 15% free 3044K/3568K, paused 1ms, total 1ms
D/dalvikvm(31550): GC_FOR_ALLOC freed 302K, 15% free 3045K/3568K, paused 2ms, total 2ms
D/dalvikvm(31550): GC_FOR_ALLOC freed 302K, 15% free 3045K/3568K, paused 3ms, total 3ms
D/dalvikvm(31550): GC_FOR_ALLOC freed 302K, 15% free 3045K/3568K, paused 2ms, total 2ms
D/dalvikvm(31550): GC_FOR_ALLOC freed 302K, 15% free 3045K/3568K, paused 2ms, total 2ms
D/dalvikvm(31550): GC_FOR_ALLOC freed 302K, 15% free 3045K/3568K, paused 1ms, total 1ms
D/dalvikvm(31550): GC_FOR_ALLOC freed 302K, 15% free 3045K/3568K, paused 1ms, total 1ms
D/dalvikvm(31550): GC_FOR_ALLOC freed 302K, 15% free 3046K/3568K, paused 1ms, total 2ms
D/dalvikvm(31550): GC_FOR_ALLOC freed 302K, 15% free 3046K/3568K, paused 1ms, total 2ms
D/dalvikvm(31550): GC_FOR_ALLOC freed 302K, 15% free 3046K/3568K, paused 2ms, total 2ms
D/dalvikvm(31550): GC_FOR_ALLOC freed 302K, 15% free 3047K/3568K, paused 2ms, total 2ms
D/dalvikvm(31550): GC_FOR_ALLOC freed 303K, 15% free 3047K/3568K, paused 2ms, total 2ms
D/dalvikvm(31550): GC_FOR_ALLOC freed 302K, 15% free 3048K/3568K, paused 1ms, total 1ms
D/dalvikvm(31550): GC_FOR_ALLOC freed 302K, 15% free 3048K/3568K, paused 1ms, total 1ms
D/dalvikvm(31550): GC_FOR_ALLOC freed 302K, 15% free 3048K/3568K, paused 1ms, total 1ms
D/dalvikvm(31550): GC_FOR_ALLOC freed 302K, 15% free 3049K/3568K, paused 1ms, total 2ms
D/dalvikvm(31550): GC_FOR_ALLOC freed 302K, 15% free 3049K/3568K, paused 2ms, total 2ms
D/dalvikvm(31550): GC_FOR_ALLOC freed 302K, 15% free 3049K/3568K, paused 2ms, total 2ms
D/dalvikvm(31550): GC_FOR_ALLOC freed 302K, 15% free 3050K/3568K, paused 3ms, total 3ms
D/dalvikvm(31550): GC_FOR_ALLOC freed 302K, 15% free 3050K/3568K, paused 2ms, total 2ms
D/dalvikvm(31550): GC_FOR_ALLOC freed 302K, 15% free 3051K/3568K, paused 1ms, total 1ms
D/dalvikvm(31550): GC_FOR_ALLOC freed 302K, 15% free 3051K/3568K, paused 1ms, total 1ms
D/dalvikvm(31550): GC_FOR_ALLOC freed 303K, 15% free 3051K/3568K, paused 1ms, total 2ms
D/dalvikvm(31550): GC_FOR_ALLOC freed 302K, 15% free 3052K/3568K, paused 3ms, total 3ms
D/dalvikvm(31550): GC_FOR_ALLOC freed 302K, 15% free 3052K/3568K, paused 3ms, total 3ms
D/dalvikvm(31550): GC_FOR_ALLOC freed 302K, 15% free 3052K/3568K, paused 2ms, total 2ms
D/dalvikvm(31550): GC_FOR_ALLOC freed 302K, 15% free 3053K/3568K, paused 1ms, total 1ms
D/dalvikvm(31550): GC_FOR_ALLOC freed 302K, 15% free 3053K/3568K, paused 1ms, total 1ms
D/dalvikvm(31550): GC_FOR_ALLOC freed 302K, 15% free 3053K/3568K, paused 2ms, total 2ms
D/dalvikvm(31550): GC_FOR_ALLOC freed 302K, 15% free 3054K/3568K, paused 1ms, total 1ms
D/dalvikvm(31550): GC_FOR_ALLOC freed 302K, 15% free 3054K/3568K, paused 2ms, total 2ms
D/dalvikvm(31550): GC_FOR_ALLOC freed 302K, 15% free 3054K/3568K, paused 3ms, total 3ms
D/dalvikvm(31550): GC_FOR_ALLOC freed 303K, 15% free 3055K/3568K, paused 2ms, total 2ms
D/dalvikvm(31550): GC_FOR_ALLOC freed 302K, 15% free 3055K/3568K, paused 2ms, total 2ms
D/dalvikvm(31550): GC_FOR_ALLOC freed 302K, 15% free 3056K/3568K, paused 2ms, total 2ms
D/dalvikvm(31550): GC_FOR_ALLOC freed 302K, 15% free 3056K/3568K, paused 1ms, total 2ms
D/dalvikvm(31550): GC_FOR_ALLOC freed 302K, 15% free 3056K/3568K, paused 6ms, total 6ms
W/ContextImpl(  346): Calling a method in the system process without a qualified user: android.app.ContextImpl.sendBroadcast:1123 com.android.server.InputMethodManagerService.hideCurrentInputLocked:1880 com.android.server.InputMethodManagerService.windowGainedFocus:1968 com.android.internal.view.IInputMethodManager$Stub.onTransact:221 com.android.server.InputMethodManagerService.onTransact:818 
D/dalvikvm(31550): GC_FOR_ALLOC freed 309K, 15% free 3052K/3568K, paused 4ms, total 4ms
D/dalvikvm(31550): GC_FOR_ALLOC freed 303K, 15% free 3052K/3568K, paused 2ms, total 2ms
D/dalvikvm(31550): GC_FOR_ALLOC freed 305K, 15% free 3050K/3568K, paused 4ms, total 4ms
D/dalvikvm(31550): GC_FOR_ALLOC freed 303K, 15% free 3051K/3568K, paused 3ms, total 3ms
D/dalvikvm(31550): GC_FOR_ALLOC freed 302K, 15% free 3054K/3568K, paused 2ms, total 2ms
D/dalvikvm(31550): GC_FOR_ALLOC freed 302K, 15% free 3054K/3568K, paused 4ms, total 4ms
D/dalvikvm(31550): GC_FOR_ALLOC freed 303K, 15% free 3054K/3568K, paused 2ms, total 2ms
D/dalvikvm(31550): GC_FOR_ALLOC freed 302K, 15% free 3054K/3568K, paused 2ms, total 2ms
D/dalvikvm(31550): GC_FOR_ALLOC freed 302K, 15% free 3054K/3568K, paused 2ms, total 2ms
D/dalvikvm(31550): GC_FOR_ALLOC freed 302K, 15% free 3054K/3568K, paused 2ms, total 2ms
D/dalvikvm(31550): GC_FOR_ALLOC freed 302K, 15% free 3055K/3568K, paused 3ms, total 3ms
D/dalvikvm(31550): GC_FOR_ALLOC freed 302K, 15% free 3055K/3568K, paused 3ms, total 3ms
W/IInputConnectionWrapper(31550): showStatusIcon on inactive InputConnection
D/dalvikvm(31550): GC_FOR_ALLOC freed 320K, 15% free 3038K/3568K, paused 3ms, total 3ms
I/ActivityManager(  346): Displayed com.windyty.android/com.windyty.StartActivity: +835ms
D/dalvikvm(31550): GC_FOR_ALLOC freed 302K, 15% free 3039K/3568K, paused 3ms, total 3ms
W/WindowManager(  346): updateFocusedWindowLocked, focusedAppToken is null.
V/FlingTracker(  531): computeCurrentVelocity warning: totalweight=0
V/FlingTracker(  531): java.lang.Throwable
V/FlingTracker(  531): 	at com.android.systemui.statusbar.phone.PanelView$FlingTracker.computeCurrentVelocity(PanelView.java:162)
V/FlingTracker(  531): 	at com.android.systemui.statusbar.phone.PanelView$3.onTouch(PanelView.java:462)
V/FlingTracker(  531): 	at android.view.View.dispatchTouchEvent(View.java:7701)
V/FlingTracker(  531): 	at com.android.systemui.statusbar.phone.NotificationPanelView.onTouchEvent(NotificationPanelView.java:138)
V/FlingTracker(  531): 	at com.android.systemui.statusbar.phone.PanelBar.onTouchEvent(PanelBar.java:130)
V/FlingTracker(  531): 	at com.android.systemui.statusbar.phone.PhoneStatusBarView.onTouchEvent(PhoneStatusBarView.java:201)
V/FlingTracker(  531): 	at android.view.View.dispatchTouchEvent(View.java:7706)
V/FlingTracker(  531): 	at android.view.ViewGroup.dispatchTransformedTouchEvent(ViewGroup.java:2210)
V/FlingTracker(  531): 	at android.view.ViewGroup.dispatchTouchEvent(ViewGroup.java:1945)
V/FlingTracker(  531): 	at android.view.ViewGroup.dispatchTransformedTouchEvent(ViewGroup.java:2216)
V/FlingTracker(  531): 	at android.view.ViewGroup.dispatchTouchEvent(ViewGroup.java:1959)
V/FlingTracker(  531): 	at android.view.View.dispatchPointerEvent(View.java:7886)
V/FlingTracker(  531): 	at android.view.ViewRootImpl$ViewPostImeInputStage.processPointerEvent(ViewRootImpl.java:3978)
V/FlingTracker(  531): 	at android.view.ViewRootImpl$ViewPostImeInputStage.onProcess(ViewRootImpl.java:3857)
V/FlingTracker(  531): 	at android.view.ViewRootImpl$InputStage.deliver(ViewRootImpl.java:3423)
V/FlingTracker(  531): 	at android.view.ViewRootImpl$InputStage.onDeliverToNext(ViewRootImpl.java:3473)
V/FlingTracker(  531): 	at android.view.ViewRootImpl$InputStage.forward(ViewRootImpl.java:3442)
V/FlingTracker(  531): 	at android.view.ViewRootImpl$AsyncInputStage.forward(ViewRootImpl.java:3549)
V/FlingTracker(  531): 	at android.view.ViewRootImpl$InputStage.apply(ViewRootImpl.java:3450)
V/FlingTracker(  531): 	at android.view.ViewRootImpl$AsyncInputStage.apply(ViewRootImpl.java:3606)
V/FlingTracker(  531): 	at android.view.ViewRootImpl$InputStage.deliver(ViewRootImpl.java:3423)
V/FlingTracker(  531): 	at android.view.ViewRootImpl$InputStage.onDeliverToNext(ViewRootImpl.java:3473)
V/FlingTracker(  531): 	at android.view.ViewRootImpl$InputStage.forward(ViewRootImpl.java:3442)
V/FlingTracker(  531): 	at android.view.ViewRootImpl$InputStage.apply(ViewRootImpl.java:3450)
V/FlingTracker(  531): 	at android.view.ViewRootImpl$InputStage.deliver(ViewRootImpl.java:3423)
V/FlingTracker(  531): 	at android.view.ViewRootImpl.deliverInputEvent(ViewRootImpl.java:5626)
V/FlingTracker(  531): 	at android.view.ViewRootImpl.doProcessInputEvents(ViewRootImpl.java:5606)
V/FlingTracker(  531): 	at android.view.ViewRootImpl.enqueueInputEvent(ViewRootImpl.java:5577)
V/FlingTracker(  531): 	at android.view.ViewRootImpl$WindowInputEventReceiver.onInputEvent(ViewRootImpl.java:5706)
V/FlingTracker(  531): 	at android.view.InputEventReceiver.dispatchInputEvent(InputEventReceiver.java:185)
V/FlingTracker(  531): 	at android.os.MessageQueue.nativePollOnce(Native Method)
V/FlingTracker(  531): 	at android.os.MessageQueue.next(MessageQueue.java:138)
V/FlingTracker(  531): 	at android.os.Looper.loop(Looper.java:123)
V/FlingTracker(  531): 	at android.app.ActivityThread.main(ActivityThread.java:5019)
V/FlingTracker(  531): 	at java.lang.reflect.Method.invokeNative(Native Method)
V/FlingTracker(  531): 	at java.lang.reflect.Method.invoke(Method.java:515)
V/FlingTracker(  531): 	at com.android.internal.os.ZygoteInit$MethodAndArgsCaller.run(ZygoteInit.java:779)
V/FlingTracker(  531): 	at com.android.internal.os.ZygoteInit.main(ZygoteInit.java:595)
V/FlingTracker(  531): 	at dalvik.system.NativeStart.main(Native Method)
V/PanelView(  531): animationTick called with dtms=0; nothing to do (h=0.0 v=0.0)
D/dalvikvm(31550): GC_FOR_ALLOC freed 305K, 15% free 3037K/3568K, paused 5ms, total 5ms
D/dalvikvm(31550): GC_FOR_ALLOC freed 302K, 15% free 3037K/3568K, paused 2ms, total 2ms
W/ViewRootImpl(  531): Dropping event due to no window focus: MotionEvent { action=ACTION_MOVE, id[0]=0, x[0]=-5.0, y[0]=1.0, toolType[0]=TOOL_TYPE_UNKNOWN, buttonState=0, metaState=0, flags=0x0, edgeFlags=0x0, pointerCount=1, historySize=7, eventTime=5369309, downTime=-1, deviceId=0, source=0x10004 }
D/dalvikvm(31550): GC_FOR_ALLOC freed 302K, 15% free 3037K/3568K, paused 4ms, total 4ms
D/dalvikvm(31550): GC_FOR_ALLOC freed 304K, 15% free 3036K/3568K, paused 2ms, total 2ms
D/dalvikvm(31550): GC_FOR_ALLOC freed 302K, 15% free 3036K/3568K, paused 2ms, total 2ms
D/dalvikvm(31550): GC_FOR_ALLOC freed 302K, 15% free 3037K/3568K, paused 1ms, total 1ms
D/dalvikvm(31550): GC_FOR_ALLOC freed 302K, 15% free 3037K/3568K, paused 1ms, total 1ms
D/dalvikvm(31550): GC_FOR_ALLOC freed 302K, 15% free 3037K/3568K, paused 1ms, total 1ms
D/dalvikvm(31550): GC_FOR_ALLOC freed 302K, 15% free 3037K/3568K, paused 3ms, total 3ms
D/dalvikvm(31550): GC_FOR_ALLOC freed 302K, 15% free 3037K/3568K, paused 2ms, total 3ms
D/dalvikvm(31550): GC_FOR_ALLOC freed 303K, 15% free 3038K/3568K, paused 3ms, total 3ms
D/dalvikvm(31550): GC_FOR_ALLOC freed 302K, 15% free 3038K/3568K, paused 2ms, total 2ms
W/ViewRootImpl(  531): Dropping event due to no window focus: KeyEvent { action=ACTION_DOWN, keyCode=KEYCODE_MENU, scanCode=0, metaState=0, flags=0x8, repeatCount=0, eventTime=5369311, downTime=5369311, deviceId=-1, source=0x101 }
W/ContextImpl(  346): Calling a method in the system process without a qualified user: android.app.ContextImpl.sendBroadcast:1123 com.android.server.InputMethodManagerService.hideCurrentInputLocked:1880 com.android.server.InputMethodManagerService.windowGainedFocus:1968 com.android.internal.view.IInputMethodManager$Stub.onTransact:221 com.android.server.InputMethodManagerService.onTransact:818 
D/dalvikvm(31550): GC_FOR_ALLOC freed 302K, 15% free 3038K/3568K, paused 3ms, total 3ms
D/dalvikvm(31550): GC_FOR_ALLOC freed 303K, 15% free 3038K/3568K, paused 2ms, total 2ms
W/InputMethodManagerService(  346): Starting input on non-focused client com.android.internal.view.IInputMethodClient$Stub$Proxy@4aaec6f0 (uid=10092 pid=31550)
D/dalvikvm(31550): GC_FOR_ALLOC freed 304K, 15% free 3037K/3568K, paused 2ms, total 2ms
D/dalvikvm(31550): GC_FOR_ALLOC freed 303K, 15% free 3037K/3568K, paused 1ms, total 1ms
D/dalvikvm(31550): GC_FOR_ALLOC freed 302K, 15% free 3037K/3568K, paused 2ms, total 2ms
D/dalvikvm(31550): GC_FOR_ALLOC freed 302K, 15% free 3037K/3568K, paused 3ms, total 3ms
D/dalvikvm(31550): GC_FOR_ALLOC freed 302K, 15% free 3037K/3568K, paused 2ms, total 2ms
D/dalvikvm(31550): GC_FOR_ALLOC freed 302K, 15% free 3037K/3568K, paused 3ms, total 3ms
D/dalvikvm(31550): GC_FOR_ALLOC freed 303K, 15% free 3037K/3568K, paused 1ms, total 2ms
D/dalvikvm(31550): GC_FOR_ALLOC freed 302K, 15% free 3037K/3568K, paused 2ms, total 2ms
D/dalvikvm(31550): GC_FOR_ALLOC freed 302K, 15% free 3037K/3568K, paused 2ms, total 2ms
D/dalvikvm(31550): GC_FOR_ALLOC freed 302K, 15% free 3037K/3568K, paused 5ms, total 5ms
D/dalvikvm(31550): GC_FOR_ALLOC freed 304K, 15% free 3037K/3568K, paused 2ms, total 2ms
D/dalvikvm(31550): GC_FOR_ALLOC freed 302K, 15% free 3037K/3568K, paused 2ms, total 2ms
W/BackupManagerService(  346): dataChanged but no participant pkg='com.android.providers.settings' uid=10010
D/dalvikvm(31550): GC_FOR_ALLOC freed 302K, 15% free 3037K/3568K, paused 3ms, total 3ms
D/dalvikvm(31550): GC_FOR_ALLOC freed 302K, 15% free 3037K/3568K, paused 3ms, total 3ms
D/dalvikvm(31550): GC_FOR_ALLOC freed 303K, 15% free 3037K/3568K, paused 2ms, total 2ms
D/dalvikvm(31550): GC_FOR_ALLOC freed 302K, 15% free 3037K/3568K, paused 2ms, total 2ms
D/dalvikvm(31550): GC_FOR_ALLOC freed 302K, 15% free 3037K/3568K, paused 1ms, total 1ms
D/dalvikvm(31550): GC_FOR_ALLOC freed 302K, 15% free 3037K/3568K, paused 4ms, total 4ms
W/BackupManagerService(  346): dataChanged but no participant pkg='com.android.providers.settings' uid=10010
D/dalvikvm(31550): GC_FOR_ALLOC freed 303K, 15% free 3037K/3568K, paused 2ms, total 2ms
D/dalvikvm(31550): GC_FOR_ALLOC freed 302K, 15% free 3037K/3568K, paused 2ms, total 2ms
D/dalvikvm(31550): GC_FOR_ALLOC freed 302K, 15% free 3037K/3568K, paused 2ms, total 2ms
D/dalvikvm(31550): GC_FOR_ALLOC freed 303K, 15% free 3037K/3568K, paused 3ms, total 3ms
D/dalvikvm(31550): GC_FOR_ALLOC freed 302K, 15% free 3037K/3568K, paused 4ms, total 4ms
W/BackupManagerService(  346): dataChanged but no participant pkg='com.android.providers.settings' uid=10010
W/InputEventReceiver(  531): Attempted to finish an input event but the input event receiver has already been disposed.
W/InputEventReceiver(  531): Attempted to finish an input event but the input event receiver has already been disposed.
D/dalvikvm(31550): GC_FOR_ALLOC freed 302K, 15% free 3037K/3568K, paused 7ms, total 7ms
D/dalvikvm(31550): GC_FOR_ALLOC freed 305K, 15% free 3037K/3568K, paused 2ms, total 2ms
W/ViewRootImpl(  531): Dropping event due to root view being removed: MotionEvent { action=ACTION_UP, id[0]=0, x[0]=-250.92853, y[0]=-207.8081, toolType[0]=TOOL_TYPE_UNKNOWN, buttonState=0, metaState=0, flags=0x0, edgeFlags=0x0, pointerCount=1, historySize=0, eventTime=5369432, downTime=5369431, deviceId=0, source=0x1002 }
W/BackupManagerService(  346): dataChanged but no participant pkg='com.android.providers.settings' uid=10010
W/ViewRootImpl(31550): Dropping event due to no window focus: KeyEvent { action=ACTION_DOWN, keyCode=KEYCODE_DPAD_DOWN, scanCode=0, metaState=0, flags=0x8, repeatCount=0, eventTime=5369444, downTime=5369444, deviceId=-1, source=0x101 }
D/dalvikvm(31550): GC_FOR_ALLOC freed 302K, 15% free 3037K/3568K, paused 3ms, total 3ms
D/dalvikvm(31550): GC_FOR_ALLOC freed 303K, 15% free 3037K/3568K, paused 3ms, total 3ms
W/ContextImpl(  346): Calling a method in the system process without a qualified user: android.app.ContextImpl.sendBroadcast:1123 com.android.server.InputMethodManagerService.hideCurrentInputLocked:1880 com.android.server.InputMethodManagerService.windowGainedFocus:1968 com.android.internal.view.IInputMethodManager$Stub.onTransact:221 com.android.server.InputMethodManagerService.onTransact:818 
D/dalvikvm(31550): GC_FOR_ALLOC freed 302K, 15% free 3037K/3568K, paused 3ms, total 3ms
D/dalvikvm(31550): GC_FOR_ALLOC freed 302K, 15% free 3037K/3568K, paused 2ms, total 2ms
D/dalvikvm(31550): GC_FOR_ALLOC freed 302K, 15% free 3038K/3568K, paused 2ms, total 2ms
D/dalvikvm(31550): GC_FOR_ALLOC freed 302K, 15% free 3038K/3568K, paused 3ms, total 3ms
D/dalvikvm(31550): GC_FOR_ALLOC freed 303K, 15% free 3038K/3568K, paused 2ms, total 2ms
D/dalvikvm(31550): GC_FOR_ALLOC freed 304K, 15% free 3038K/3568K, paused 2ms, total 2ms
D/dalvikvm(31550): GC_FOR_ALLOC freed 302K, 15% free 3038K/3568K, paused 1ms, total 1ms
D/dalvikvm(31550): GC_FOR_ALLOC freed 302K, 15% free 3038K/3568K, paused 1ms, total 1ms
D/dalvikvm(31550): GC_FOR_ALLOC freed 302K, 15% free 3038K/3568K, paused 2ms, total 2ms
D/dalvikvm(31550): GC_FOR_ALLOC freed 302K, 15% free 3039K/3568K, paused 2ms, total 2ms
D/dalvikvm(31550): GC_FOR_ALLOC freed 302K, 15% free 3039K/3568K, paused 2ms, total 2ms
D/dalvikvm(31550): GC_FOR_ALLOC freed 303K, 15% free 3038K/3568K, paused 2ms, total 2ms
D/dalvikvm(31550): GC_FOR_ALLOC freed 302K, 15% free 3038K/3568K, paused 2ms, total 2ms
D/dalvikvm(31550): GC_FOR_ALLOC freed 302K, 15% free 3038K/3568K, paused 2ms, total 2ms
D/dalvikvm(31550): GC_FOR_ALLOC freed 302K, 15% free 3039K/3568K, paused 2ms, total 2ms
D/dalvikvm(31550): GC_FOR_ALLOC freed 303K, 15% free 3039K/3568K, paused 3ms, total 3ms
D/dalvikvm(31550): GC_FOR_ALLOC freed 302K, 15% free 3039K/3568K, paused 3ms, total 3ms
D/dalvikvm(31550): GC_FOR_ALLOC freed 303K, 15% free 3038K/3568K, paused 2ms, total 2ms
D/dalvikvm(31550): GC_FOR_ALLOC freed 302K, 15% free 3038K/3568K, paused 1ms, total 1ms
D/dalvikvm(31550): GC_FOR_ALLOC freed 302K, 15% free 3038K/3568K, paused 2ms, total 2ms
D/dalvikvm(31550): GC_FOR_ALLOC freed 302K, 15% free 3038K/3568K, paused 1ms, total 1ms
D/dalvikvm(31550): GC_FOR_ALLOC freed 302K, 15% free 3038K/3568K, paused 2ms, total 2ms
D/dalvikvm(31550): GC_FOR_ALLOC freed 302K, 15% free 3039K/3568K, paused 2ms, total 2ms
D/dalvikvm(31550): GC_FOR_ALLOC freed 303K, 15% free 3038K/3568K, paused 1ms, total 2ms
D/dalvikvm(31550): GC_FOR_ALLOC freed 302K, 15% free 3038K/3568K, paused 2ms, total 2ms
D/dalvikvm(31550): GC_FOR_ALLOC freed 302K, 15% free 3038K/3568K, paused 2ms, total 2ms
D/dalvikvm(31550): GC_FOR_ALLOC freed 305K, 15% free 3038K/3568K, paused 3ms, total 4ms
D/dalvikvm(31550): GC_FOR_ALLOC freed 302K, 15% free 3038K/3568K, paused 2ms, total 2ms
D/dalvikvm(31550): GC_FOR_ALLOC freed 302K, 15% free 3038K/3568K, paused 2ms, total 2ms
D/dalvikvm(31550): GC_FOR_ALLOC freed 302K, 15% free 3038K/3568K, paused 2ms, total 2ms
D/dalvikvm(31550): GC_FOR_ALLOC freed 302K, 15% free 3038K/3568K, paused 2ms, total 2ms
D/dalvikvm(31550): GC_FOR_ALLOC freed 302K, 15% free 3038K/3568K, paused 2ms, total 3ms
D/dalvikvm(31550): GC_FOR_ALLOC freed 302K, 15% free 3039K/3568K, paused 3ms, total 3ms
D/dalvikvm(31550): GC_FOR_ALLOC freed 303K, 15% free 3038K/3568K, paused 2ms, total 2ms
D/dalvikvm(31550): GC_FOR_ALLOC freed 302K, 15% free 3038K/3568K, paused 2ms, total 2ms
D/dalvikvm(31550): GC_FOR_ALLOC freed 302K, 15% free 3038K/3568K, paused 2ms, total 2ms
D/dalvikvm(31550): GC_FOR_ALLOC freed 303K, 15% free 3038K/3568K, paused 1ms, total 1ms
D/dalvikvm(31550): GC_FOR_ALLOC freed 302K, 15% free 3039K/3568K, paused 3ms, total 3ms
D/dalvikvm(31550): GC_FOR_ALLOC freed 302K, 15% free 3039K/3568K, paused 4ms, total 4ms
V/PanelView(  531): animationTick called with dtms=0; nothing to do (h=0.0 v=-0.0)
D/dalvikvm(31550): GC_FOR_ALLOC freed 303K, 15% free 3038K/3568K, paused 2ms, total 2ms
D/dalvikvm(31550): GC_FOR_ALLOC freed 302K, 15% free 3038K/3568K, paused 2ms, total 2ms
D/dalvikvm(31550): GC_FOR_ALLOC freed 302K, 15% free 3038K/3568K, paused 2ms, total 2ms
D/dalvikvm(31550): GC_FOR_ALLOC freed 302K, 15% free 3038K/3568K, paused 3ms, total 3ms
D/dalvikvm(31550): GC_FOR_ALLOC freed 302K, 15% free 3038K/3568K, paused 2ms, total 2ms
D/dalvikvm(31550): GC_FOR_ALLOC freed 303K, 15% free 3038K/3568K, paused 2ms, total 2ms
D/dalvikvm(31550): GC_FOR_ALLOC freed 302K, 15% free 3038K/3568K, paused 2ms, total 2ms
D/dalvikvm(31550): GC_FOR_ALLOC freed 302K, 15% free 3038K/3568K, paused 1ms, total 1ms
D/dalvikvm(31550): GC_FOR_ALLOC freed 304K, 15% free 3038K/3568K, paused 3ms, total 3ms
D/dalvikvm(31550): GC_FOR_ALLOC freed 302K, 15% free 3038K/3568K, paused 1ms, total 1ms
D/dalvikvm(31550): GC_FOR_ALLOC freed 302K, 15% free 3038K/3568K, paused 2ms, total 2ms
D/dalvikvm(31550): GC_FOR_ALLOC freed 302K, 15% free 3038K/3568K, paused 2ms, total 2ms
D/dalvikvm(31550): GC_FOR_ALLOC freed 302K, 15% free 3038K/3568K, paused 2ms, total 2ms
D/dalvikvm(31550): GC_FOR_ALLOC freed 303K, 15% free 3038K/3568K, paused 3ms, total 3ms
D/dalvikvm(31550): GC_FOR_ALLOC freed 302K, 15% free 3038K/3568K, paused 2ms, total 2ms
D/dalvikvm(31550): GC_FOR_ALLOC freed 302K, 15% free 3038K/3568K, paused 1ms, total 1ms
D/dalvikvm(31550): GC_FOR_ALLOC freed 302K, 15% free 3038K/3568K, paused 2ms, total 2ms
D/dalvikvm(31550): GC_FOR_ALLOC freed 302K, 15% free 3038K/3568K, paused 4ms, total 4ms
D/dalvikvm(31550): GC_FOR_ALLOC freed 302K, 15% free 3039K/3568K, paused 3ms, total 3ms
D/dalvikvm(31550): GC_FOR_ALLOC freed 304K, 15% free 3038K/3568K, paused 2ms, total 2ms
D/dalvikvm(31550): GC_FOR_ALLOC freed 302K, 15% free 3038K/3568K, paused 2ms, total 2ms
D/dalvikvm(31550): GC_FOR_ALLOC freed 302K, 15% free 3038K/3568K, paused 1ms, total 1ms
D/dalvikvm(31550): GC_FOR_ALLOC freed 302K, 15% free 3038K/3568K, paused 2ms, total 2ms
D/dalvikvm(31550): GC_FOR_ALLOC freed 303K, 15% free 3038K/3568K, paused 4ms, total 4ms
D/dalvikvm(31550): GC_FOR_ALLOC freed 302K, 15% free 3038K/3568K, paused 3ms, total 3ms
D/dalvikvm(31550): GC_FOR_ALLOC freed 302K, 15% free 3038K/3568K, paused 2ms, total 2ms
D/dalvikvm(31550): GC_FOR_ALLOC freed 302K, 15% free 3038K/3568K, paused 2ms, total 2ms
D/dalvikvm(31550): GC_FOR_ALLOC freed 302K, 15% free 3038K/3568K, paused 2ms, total 2ms
D/dalvikvm(31550): GC_FOR_ALLOC freed 302K, 15% free 3039K/3568K, paused 2ms, total 2ms
D/dalvikvm(31550): GC_FOR_ALLOC freed 304K, 15% free 3038K/3568K, paused 3ms, total 3ms
D/dalvikvm(31550): GC_FOR_ALLOC freed 302K, 15% free 3038K/3568K, paused 2ms, total 2ms
D/dalvikvm(31550): GC_FOR_ALLOC freed 302K, 15% free 3038K/3568K, paused 2ms, total 2ms
D/dalvikvm(31550): GC_FOR_ALLOC freed 302K, 15% free 3038K/3568K, paused 2ms, total 2ms
D/dalvikvm(31550): GC_FOR_ALLOC freed 302K, 15% free 3038K/3568K, paused 2ms, total 3ms
D/dalvikvm(31550): GC_FOR_ALLOC freed 302K, 15% free 3039K/3568K, paused 3ms, total 3ms
D/dalvikvm(31550): GC_FOR_ALLOC freed 302K, 15% free 3039K/3568K, paused 2ms, total 2ms
D/dalvikvm(31550): GC_FOR_ALLOC freed 303K, 15% free 3038K/3568K, paused 2ms, total 2ms
D/dalvikvm(31550): GC_FOR_ALLOC freed 302K, 15% free 3038K/3568K, paused 2ms, total 2ms
D/dalvikvm(31550): GC_FOR_ALLOC freed 302K, 15% free 3039K/3568K, paused 2ms, total 2ms
D/dalvikvm(31550): GC_FOR_ALLOC freed 302K, 15% free 3039K/3568K, paused 2ms, total 2ms
D/dalvikvm(31550): GC_FOR_ALLOC freed 303K, 15% free 3039K/3568K, paused 3ms, total 3ms
D/dalvikvm(31550): GC_FOR_ALLOC freed 305K, 15% free 3047K/3568K, paused 3ms, total 3ms
D/dalvikvm(31550): GC_FOR_ALLOC freed <1K, 11% free 3204K/3568K, paused 2ms, total 2ms
I/dalvikvm-heap(31550): Grow heap (frag case) to 3.791MB for 635808-byte allocation
D/dalvikvm(31550): GC_FOR_ALLOC freed <1K, 9% free 3825K/4192K, paused 3ms, total 3ms
I/ActivityManager(  346): START u0 {act=android.intent.action.MAIN cat=[android.intent.category.LAUNCHER] flg=0x10000000 cmp=com.android.contacts/.activities.PeopleActivity sel={act=android.intent.action.MAIN cat=[android.intent.category.APP_CONTACTS]}} from pid 346
D/dalvikvm(31550): GC_CONCURRENT freed <1K, 9% free 3825K/4192K, paused 2ms+0ms, total 4ms
D/dalvikvm(31550): GC_FOR_ALLOC freed 302K, 14% free 3726K/4296K, paused 2ms, total 2ms
D/dalvikvm(31550): GC_FOR_ALLOC freed 306K, 13% free 3742K/4296K, paused 6ms, total 6ms
D/dalvikvm(31550): GC_FOR_ALLOC freed 305K, 13% free 3739K/4296K, paused 3ms, total 3ms
I/ActivityManager(  346): START u0 {act=android.intent.action.MAIN cat=[android.intent.category.HOME] flg=0x10200000 cmp=com.vphone.launcher/.Launcher} from pid 346
D/dalvikvm(31550): GC_FOR_ALLOC freed 302K, 13% free 3739K/4296K, paused 3ms, total 3ms
D/dalvikvm(31550): GC_FOR_ALLOC freed 304K, 13% free 3738K/4296K, paused 1ms, total 1ms
D/dalvikvm(31550): GC_FOR_ALLOC freed 303K, 13% free 3738K/4296K, paused 1ms, total 1ms
W/NetworkManagementSocketTagger(  346): setKernelCountSet(10007, 0) failed with errno -13
D/dalvikvm(31550): GC_FOR_ALLOC freed 303K, 13% free 3738K/4296K, paused 4ms, total 4ms
D/dalvikvm(31550): GC_FOR_ALLOC freed 302K, 13% free 3738K/4296K, paused 3ms, total 3ms
D/dalvikvm(31550): GC_FOR_ALLOC freed 302K, 13% free 3738K/4296K, paused 2ms, total 2ms
D/dalvikvm(31550): GC_FOR_ALLOC freed 303K, 13% free 3739K/4296K, paused 3ms, total 3ms
D/dalvikvm(31550): GC_FOR_ALLOC freed 304K, 13% free 3738K/4296K, paused 5ms, total 6ms
D/dalvikvm(31550): GC_FOR_ALLOC freed 302K, 13% free 3738K/4296K, paused 2ms, total 2ms
D/dalvikvm(31550): GC_FOR_ALLOC freed 302K, 13% free 3739K/4296K, paused 2ms, total 2ms
D/dalvikvm(31550): GC_FOR_ALLOC freed 303K, 13% free 3744K/4296K, paused 4ms, total 4ms
W/ViewRootImpl(31550): Dropping event due to no window focus: KeyEvent { action=ACTION_DOWN, keyCode=KEYCODE_DPAD_DOWN, scanCode=0, metaState=0, flags=0x8, repeatCount=0, eventTime=5369777, downTime=5369777, deviceId=-1, source=0x101 }
W/WindowManager(  346): updateFocusedWindowLocked, focusedAppToken is null.
D/dalvikvm(31550): GC_FOR_ALLOC freed 306K, 13% free 3745K/4296K, paused 7ms, total 7ms
D/dalvikvm(31550): GC_FOR_ALLOC freed 302K, 13% free 3746K/4296K, paused 2ms, total 2ms
D/dalvikvm(31550): GC_FOR_ALLOC freed 302K, 13% free 3746K/4296K, paused 2ms, total 2ms
W/EGL_emulation(31550): eglSurfaceAttrib not implemented 3093 12436
D/dalvikvm(31550): GC_FOR_ALLOC freed 302K, 13% free 3746K/4296K, paused 3ms, total 3ms
D/dalvikvm(31550): GC_FOR_ALLOC freed 302K, 13% free 3746K/4296K, paused 2ms, total 2ms
D/dalvikvm(31550): GC_FOR_ALLOC freed 303K, 13% free 3747K/4296K, paused 2ms, total 2ms
D/dalvikvm(31550): GC_FOR_ALLOC freed 302K, 13% free 3747K/4296K, paused 2ms, total 2ms
W/ContextImpl(  346): Calling a method in the system process without a qualified user: android.app.ContextImpl.sendBroadcast:1123 com.android.server.InputMethodManagerService.hideCurrentInputLocked:1880 com.android.server.InputMethodManagerService.windowGainedFocus:1968 com.android.internal.view.IInputMethodManager$Stub.onTransact:221 com.android.server.InputMethodManagerService.onTransact:818 
D/dalvikvm(31550): GC_FOR_ALLOC freed 303K, 13% free 3747K/4296K, paused 4ms, total 4ms
D/dalvikvm(31550): GC_FOR_ALLOC freed 304K, 13% free 3746K/4296K, paused 1ms, total 1ms
D/dalvikvm(31550): GC_FOR_ALLOC freed 302K, 13% free 3746K/4296K, paused 2ms, total 2ms
D/dalvikvm(31550): GC_FOR_ALLOC freed 302K, 13% free 3746K/4296K, paused 2ms, total 2ms
W/InputMethodManagerService(  346): Starting input on non-focused client com.android.internal.view.IInputMethodClient$Stub$Proxy@4aaec6f0 (uid=10092 pid=31550)
D/dalvikvm(31550): GC_FOR_ALLOC freed 304K, 13% free 3745K/4296K, paused 5ms, total 5ms
D/dalvikvm(31550): GC_FOR_ALLOC freed 309K, 13% free 3739K/4296K, paused 2ms, total 2ms
D/dalvikvm(31550): GC_FOR_ALLOC freed 302K, 13% free 3739K/4296K, paused 2ms, total 2ms
D/dalvikvm(31550): GC_FOR_ALLOC freed 302K, 13% free 3739K/4296K, paused 2ms, total 2ms
D/dalvikvm(31550): GC_FOR_ALLOC freed 302K, 13% free 3739K/4296K, paused 1ms, total 1ms
D/dalvikvm(31550): GC_FOR_ALLOC freed 304K, 13% free 3739K/4296K, paused 2ms, total 2ms
D/dalvikvm(31550): GC_FOR_ALLOC freed 302K, 13% free 3740K/4296K, paused 2ms, total 2ms
D/dalvikvm(31550): GC_FOR_ALLOC freed 302K, 13% free 3740K/4296K, paused 3ms, total 3ms
D/dalvikvm(31550): GC_FOR_ALLOC freed 303K, 13% free 3739K/4296K, paused 4ms, total 4ms
D/dalvikvm(31550): GC_FOR_ALLOC freed 302K, 13% free 3739K/4296K, paused 3ms, total 3ms
D/dalvikvm(31550): GC_FOR_ALLOC freed 302K, 13% free 3739K/4296K, paused 4ms, total 4ms
W/BackupManagerService(  346): dataChanged but no participant pkg='com.android.providers.settings' uid=10010
D/dalvikvm(31550): GC_FOR_ALLOC freed 303K, 13% free 3739K/4296K, paused 2ms, total 2ms
D/dalvikvm(31550): GC_FOR_ALLOC freed 303K, 13% free 3739K/4296K, paused 2ms, total 2ms
D/dalvikvm(31550): GC_FOR_ALLOC freed 303K, 13% free 3739K/4296K, paused 3ms, total 3ms
D/dalvikvm(31550): GC_FOR_ALLOC freed 302K, 13% free 3739K/4296K, paused 2ms, total 2ms
D/dalvikvm(31550): GC_FOR_ALLOC freed 302K, 13% free 3739K/4296K, paused 2ms, total 2ms
D/dalvikvm(31550): GC_FOR_ALLOC freed 303K, 13% free 3739K/4296K, paused 2ms, total 2ms
D/dalvikvm(31550): GC_FOR_ALLOC freed 303K, 13% free 3739K/4296K, paused 2ms, total 2ms
W/BackupManagerService(  346): dataChanged but no participant pkg='com.android.providers.settings' uid=10010
D/dalvikvm(31550): GC_FOR_ALLOC freed 303K, 13% free 3739K/4296K, paused 5ms, total 5ms
D/dalvikvm(31550): GC_FOR_ALLOC freed 303K, 13% free 3739K/4296K, paused 3ms, total 3ms
W/BackupManagerService(  346): dataChanged but no participant pkg='com.android.providers.settings' uid=10010
D/dalvikvm(31550): GC_FOR_ALLOC freed 302K, 13% free 3739K/4296K, paused 2ms, total 2ms
D/dalvikvm(31550): GC_FOR_ALLOC freed 303K, 13% free 3739K/4296K, paused 2ms, total 2ms
D/dalvikvm(31550): GC_FOR_ALLOC freed 303K, 13% free 3739K/4296K, paused 4ms, total 4ms
W/BackupManagerService(  346): dataChanged but no participant pkg='com.android.providers.settings' uid=10010
D/dalvikvm(31550): GC_FOR_ALLOC freed 302K, 13% free 3739K/4296K, paused 5ms, total 5ms
W/InputEventReceiver(  531): Attempted to finish an input event but the input event receiver has already been disposed.
W/InputEventReceiver(  531): Attempted to finish an input event but the input event receiver has already been disposed.
W/InputEventReceiver(  531): Attempted to finish an input event but the input event receiver has already been disposed.
W/InputEventReceiver(  531): Attempted to finish an input event but the input event receiver has already been disposed.
W/InputEventReceiver(  531): Attempted to finish an input event but the input event receiver has already been disposed.
W/InputEventReceiver(  531): Attempted to finish an input event but the input event receiver has already been disposed.
W/InputEventReceiver(  531): Attempted to finish an input event but the input event receiver has already been disposed.
W/InputEventReceiver(  531): Attempted to finish an input event but the input event receiver has already been disposed.
D/dalvikvm(31550): GC_FOR_ALLOC freed 302K, 13% free 3739K/4296K, paused 6ms, total 7ms
W/ViewRootImpl(  531): Dropping event due to root view being removed: MotionEvent { action=ACTION_UP, id[0]=0, x[0]=802.37744, y[0]=-220.74608, toolType[0]=TOOL_TYPE_UNKNOWN, buttonState=0, metaState=0, flags=0x0, edgeFlags=0x0, pointerCount=1, historySize=0, eventTime=5369924, downTime=5369923, deviceId=0, source=0x1002 }
W/ViewRootImpl(  531): Dropping event due to root view being removed: MotionEvent { action=ACTION_DOWN, id[0]=0, x[0]=549.0, y[0]=-263.0, toolType[0]=TOOL_TYPE_UNKNOWN, buttonState=0, metaState=0, flags=0x0, edgeFlags=0x0, pointerCount=1, historySize=0, eventTime=5369924, downTime=5369924, deviceId=0, source=0x1002 }
W/ViewRootImpl(  531): Dropping event due to root view being removed: MotionEvent { action=ACTION_MOVE, id[0]=0, x[0]=521.11993, y[0]=-241.06036, toolType[0]=TOOL_TYPE_UNKNOWN, buttonState=0, metaState=0, flags=0x0, edgeFlags=0x0, pointerCount=1, historySize=8, eventTime=5369927, downTime=5369924, deviceId=0, source=0x1002 }
W/ViewRootImpl(  531): Dropping event due to root view being removed: MotionEvent { action=ACTION_UP, id[0]=0, x[0]=517.0882, y[0]=-240.12074, toolType[0]=TOOL_TYPE_UNKNOWN, buttonState=0, metaState=0, flags=0x0, edgeFlags=0x0, pointerCount=1, historySize=0, eventTime=5369927, downTime=5369924, deviceId=0, source=0x1002 }
W/ViewRootImpl(  531): Dropping event due to root view being removed: MotionEvent { action=ACTION_MOVE, id[0]=0, x[0]=-5.0, y[0]=3.0, toolType[0]=TOOL_TYPE_UNKNOWN, buttonState=0, metaState=0, flags=0x0, edgeFlags=0x0, pointerCount=1, historySize=19, eventTime=5369929, downTime=-1, deviceId=0, source=0x10004 }
W/ViewRootImpl(  531): Dropping event due to root view being removed: MotionEvent { action=ACTION_DOWN, id[0]=0, x[0]=0.0, y[0]=0.0, toolType[0]=TOOL_TYPE_UNKNOWN, buttonState=0, metaState=0, flags=0x0, edgeFlags=0x0, pointerCount=1, historySize=0, eventTime=5369929, downTime=5369927, deviceId=0, source=0x10004 }
W/ViewRootImpl(  531): Dropping event due to root view being removed: MotionEvent { action=ACTION_UP, id[0]=0, x[0]=0.0, y[0]=0.0, toolType[0]=TOOL_TYPE_UNKNOWN, buttonState=0, metaState=0, flags=0x0, edgeFlags=0x0, pointerCount=1, historySize=0, eventTime=5369930, downTime=5369927, deviceId=0, source=0x10004 }
W/ViewRootImpl(31550): Dropping event due to no window focus: KeyEvent { action=ACTION_DOWN, keyCode=KEYCODE_DPAD_LEFT, scanCode=0, metaState=0, flags=0x8, repeatCount=0, eventTime=5369931, downTime=5369931, deviceId=-1, source=0x101 }
W/ContextImpl(  346): Calling a method in the system process without a qualified user: android.app.ContextImpl.sendBroadcast:1123 com.android.server.InputMethodManagerService.hideCurrentInputLocked:1880 com.android.server.InputMethodManagerService.windowGainedFocus:1968 com.android.internal.view.IInputMethodManager$Stub.onTransact:221 com.android.server.InputMethodManagerService.onTransact:818 
D/dalvikvm(31550): GC_FOR_ALLOC freed 305K, 13% free 3740K/4296K, paused 3ms, total 3ms
D/dalvikvm(31550): GC_FOR_ALLOC freed 303K, 13% free 3740K/4296K, paused 2ms, total 2ms
D/dalvikvm(31550): GC_FOR_ALLOC freed 303K, 13% free 3739K/4296K, paused 2ms, total 2ms
D/dalvikvm(31550): GC_FOR_ALLOC freed 303K, 13% free 3739K/4296K, paused 4ms, total 4ms
D/dalvikvm(31550): GC_FOR_ALLOC freed 302K, 13% free 3739K/4296K, paused 3ms, total 3ms
D/dalvikvm(31550): GC_FOR_ALLOC freed 302K, 13% free 3740K/4296K, paused 2ms, total 2ms
D/dalvikvm(31550): GC_FOR_ALLOC freed 303K, 13% free 3739K/4296K, paused 2ms, total 2ms
D/dalvikvm(31550): GC_FOR_ALLOC freed 303K, 13% free 3739K/4296K, paused 9ms, total 9ms
D/dalvikvm(31550): GC_FOR_ALLOC freed 302K, 13% free 3739K/4296K, paused 2ms, total 2ms
D/dalvikvm(31550): GC_FOR_ALLOC freed 302K, 13% free 3740K/4296K, paused 2ms, total 2ms
D/dalvikvm(31550): GC_FOR_ALLOC freed 303K, 13% free 3739K/4296K, paused 1ms, total 1ms
D/dalvikvm(31550): GC_FOR_ALLOC freed 303K, 13% free 3740K/4296K, paused 1ms, total 1ms
D/dalvikvm(31550): GC_FOR_ALLOC freed 303K, 13% free 3740K/4296K, paused 2ms, total 2ms
D/dalvikvm(31550): GC_FOR_ALLOC freed 303K, 13% free 3740K/4296K, paused 3ms, total 3ms
D/dalvikvm(31550): GC_FOR_ALLOC freed 302K, 13% free 3740K/4296K, paused 2ms, total 2ms
D/dalvikvm(31550): GC_FOR_ALLOC freed 304K, 13% free 3739K/4296K, paused 2ms, total 2ms
D/dalvikvm(31550): GC_FOR_ALLOC freed 306K, 13% free 3745K/4296K, paused 3ms, total 3ms
W/ViewRootImpl(31550): Dropping event due to no window focus: KeyEvent { action=ACTION_DOWN, keyCode=KEYCODE_DPAD_DOWN, scanCode=0, metaState=0, flags=0x8, repeatCount=0, eventTime=5369993, downTime=5369993, deviceId=-1, source=0x101 }
W/ViewRootImpl(31550): Dropping event due to no window focus: KeyEvent { action=ACTION_DOWN, keyCode=KEYCODE_COMMA, scanCode=0, metaState=0, flags=0x8, repeatCount=0, eventTime=5369997, downTime=5369997, deviceId=-1, source=0x101 }
D/dalvikvm(31550): GC_FOR_ALLOC freed 305K, 13% free 3745K/4296K, paused 3ms, total 3ms
D/dalvikvm(31550): GC_FOR_ALLOC freed 302K, 13% free 3746K/4296K, paused 3ms, total 3ms
D/dalvikvm(31550): GC_FOR_ALLOC freed 302K, 13% free 3746K/4296K, paused 2ms, total 2ms
D/dalvikvm(31550): GC_FOR_ALLOC freed 302K, 13% free 3747K/4296K, paused 1ms, total 1ms
W/EGL_emulation(31550): eglSurfaceAttrib not implemented 3093 12436
D/dalvikvm(31550): GC_FOR_ALLOC freed 302K, 13% free 3747K/4296K, paused 2ms, total 2ms
D/dalvikvm(31550): GC_FOR_ALLOC freed 302K, 13% free 3747K/4296K, paused 3ms, total 3ms
D/dalvikvm(31550): GC_FOR_ALLOC freed 303K, 13% free 3747K/4296K, paused 2ms, total 2ms
D/dalvikvm(31550): GC_FOR_ALLOC freed 302K, 13% free 3747K/4296K, paused 2ms, total 2ms
D/dalvikvm(31550): GC_FOR_ALLOC freed 304K, 13% free 3746K/4296K, paused 4ms, total 4ms
D/dalvikvm(31550): GC_FOR_ALLOC freed 302K, 13% free 3746K/4296K, paused 2ms, total 2ms
D/dalvikvm(31550): GC_FOR_ALLOC freed 302K, 13% free 3746K/4296K, paused 4ms, total 4ms
D/dalvikvm(31550): GC_FOR_ALLOC freed 302K, 13% free 3747K/4296K, paused 3ms, total 3ms
D/dalvikvm(31550): GC_FOR_ALLOC freed 305K, 13% free 3746K/4296K, paused 3ms, total 3ms
D/dalvikvm(31550): GC_FOR_ALLOC freed 302K, 13% free 3746K/4296K, paused 2ms, total 2ms
D/dalvikvm(31550): GC_FOR_ALLOC freed 302K, 13% free 3746K/4296K, paused 2ms, total 2ms
D/dalvikvm(31550): GC_FOR_ALLOC freed 302K, 13% free 3747K/4296K, paused 2ms, total 2ms
D/dalvikvm(31550): GC_FOR_ALLOC freed 303K, 13% free 3747K/4296K, paused 2ms, total 3ms
D/dalvikvm(31550): GC_FOR_ALLOC freed 302K, 13% free 3747K/4296K, paused 2ms, total 2ms
D/dalvikvm(31550): GC_FOR_ALLOC freed 304K, 13% free 3746K/4296K, paused 3ms, total 3ms
D/dalvikvm(31550): GC_FOR_ALLOC freed 302K, 13% free 3746K/4296K, paused 2ms, total 2ms
D/dalvikvm(31550): GC_FOR_ALLOC freed 302K, 13% free 3746K/4296K, paused 3ms, total 3ms
D/dalvikvm(31550): GC_FOR_ALLOC freed 302K, 13% free 3747K/4296K, paused 3ms, total 3ms
D/dalvikvm(31550): GC_FOR_ALLOC freed 303K, 13% free 3751K/4296K, paused 3ms, total 3ms
W/InputEventReceiver(31550): Attempted to finish an input event but the input event receiver has already been disposed.
D/dalvikvm(31550): GC_FOR_ALLOC freed 306K, 13% free 3753K/4296K, paused 2ms, total 2ms
D/dalvikvm(31550): GC_FOR_ALLOC freed 303K, 13% free 3753K/4296K, paused 3ms, total 3ms
W/EGL_emulation(31550): eglSurfaceAttrib not implemented 3093 12436
W/ViewRootImpl(31550): Dropping event due to no window focus: KeyEvent { action=ACTION_DOWN, keyCode=KEYCODE_CTRL_LEFT, scanCode=0, metaState=0, flags=0x8, repeatCount=0, eventTime=5370074, downTime=5370074, deviceId=-1, source=0x101 }
D/dalvikvm(31550): GC_FOR_ALLOC freed 302K, 13% free 3753K/4296K, paused 3ms, total 3ms
W/ViewRootImpl(31550): Dropping event due to no window focus: KeyEvent { action=ACTION_DOWN, keyCode=KEYCODE_DPAD_RIGHT, scanCode=0, metaState=0, flags=0x8, repeatCount=0, eventTime=5370077, downTime=5370077, deviceId=-1, source=0x101 }
W/InputMethodManagerService(  346): Window already focused, ignoring focus gain of: com.android.internal.view.IInputMethodClient$Stub$Proxy@4a9160e8 attribute=null, token = android.os.BinderProxy@4aabdb04
D/dalvikvm(31550): GC_FOR_ALLOC freed 311K, 13% free 3747K/4296K, paused 2ms, total 2ms
D/dalvikvm(31550): GC_FOR_ALLOC freed 305K, 13% free 3746K/4296K, paused 3ms, total 3ms
D/dalvikvm(31550): GC_FOR_ALLOC freed 302K, 13% free 3746K/4296K, paused 1ms, total 1ms
W/InputEventReceiver(31550): Attempted to finish an input event but the input event receiver has already been disposed.
W/InputEventReceiver(31550): Attempted to finish an input event but the input event receiver has already been disposed.
W/ViewRootImpl(31550): Dropping event due to root view being removed: MotionEvent { action=ACTION_MOVE, id[0]=0, x[0]=3.0, y[0]=4.0, toolType[0]=TOOL_TYPE_UNKNOWN, buttonState=0, metaState=0, flags=0x0, edgeFlags=0x0, pointerCount=1, historySize=9, eventTime=5370112, downTime=-1, deviceId=0, source=0x10004 }
D/dalvikvm(31550): GC_FOR_ALLOC freed 307K, 13% free 3753K/4296K, paused 3ms, total 3ms
W/EGL_emulation(31550): eglSurfaceAttrib not implemented 3093 12436
D/dalvikvm(31550): GC_FOR_ALLOC freed 303K, 13% free 3753K/4296K, paused 2ms, total 2ms
D/dalvikvm(31550): GC_FOR_ALLOC freed 303K, 13% free 3753K/4296K, paused 2ms, total 2ms
D/dalvikvm(31550): GC_FOR_ALLOC freed 302K, 13% free 3754K/4296K, paused 3ms, total 3ms
D/dalvikvm(31550): GC_FOR_ALLOC freed 302K, 13% free 3754K/4296K, paused 2ms, total 2ms
D/dalvikvm(31550): GC_FOR_ALLOC freed 302K, 13% free 3754K/4296K, paused 2ms, total 2ms
D/dalvikvm(31550): GC_FOR_ALLOC freed 317K, 13% free 3748K/4296K, paused 2ms, total 2ms
W/ViewRootImpl(31550): Dropping event due to no window focus: MotionEvent { action=ACTION_MOVE, id[0]=0, x[0]=-1.0, y[0]=-5.0, toolType[0]=TOOL_TYPE_UNKNOWN, buttonState=0, metaState=0, flags=0x0, edgeFlags=0x0, pointerCount=1, historySize=9, eventTime=5370125, downTime=-1, deviceId=0, source=0x10004 }
W/ViewRootImpl(31550): Dropping event due to no window focus: MotionEvent { action=ACTION_DOWN, id[0]=0, x[0]=0.0, y[0]=0.0, toolType[0]=TOOL_TYPE_UNKNOWN, buttonState=0, metaState=0, flags=0x0, edgeFlags=0x0, pointerCount=1, historySize=0, eventTime=5370125, downTime=5370123, deviceId=0, source=0x10004 }
W/ViewRootImpl(31550): Dropping event due to no window focus: KeyEvent { action=ACTION_DOWN, keyCode=KEYCODE_DPAD_LEFT, scanCode=0, metaState=0, flags=0x8, repeatCount=0, eventTime=5370126, downTime=5370126, deviceId=-1, source=0x101 }
W/InputMethodManagerService(  346): Window already focused, ignoring focus gain of: com.android.internal.view.IInputMethodClient$Stub$Proxy@4abaad04 attribute=null, token = android.os.BinderProxy@4aabdb04
D/dalvikvm(31550): GC_FOR_ALLOC freed 303K, 13% free 3748K/4296K, paused 3ms, total 3ms
D/dalvikvm(31550): GC_FOR_ALLOC freed 302K, 13% free 3748K/4296K, paused 3ms, total 3ms
D/dalvikvm(31550): GC_FOR_ALLOC freed 305K, 13% free 3747K/4296K, paused 2ms, total 2ms
D/dalvikvm(31550): GC_FOR_ALLOC freed 302K, 13% free 3747K/4296K, paused 1ms, total 1ms
D/dalvikvm(31550): GC_FOR_ALLOC freed 302K, 13% free 3747K/4296K, paused 1ms, total 2ms
D/dalvikvm(31550): GC_FOR_ALLOC freed 302K, 13% free 3747K/4296K, paused 3ms, total 3ms
D/dalvikvm(31550): GC_FOR_ALLOC freed 303K, 13% free 3747K/4296K, paused 4ms, total 5ms
D/dalvikvm(31550): GC_FOR_ALLOC freed 303K, 13% free 3747K/4296K, paused 1ms, total 1ms
D/dalvikvm(31550): GC_FOR_ALLOC freed 302K, 13% free 3747K/4296K, paused 2ms, total 2ms
D/dalvikvm(31550): GC_FOR_ALLOC freed 302K, 13% free 3747K/4296K, paused 2ms, total 2ms
D/dalvikvm(31550): GC_FOR_ALLOC freed 303K, 13% free 3747K/4296K, paused 3ms, total 4ms
W/InputMethodManagerService(  346): Window already focused, ignoring focus gain of: com.android.internal.view.IInputMethodClient$Stub$Proxy@4a9cc158 attribute=null, token = android.os.BinderProxy@4aabdb04
D/dalvikvm(31550): GC_FOR_ALLOC freed 308K, 13% free 3742K/4296K, paused 2ms, total 2ms
D/dalvikvm(31550): GC_FOR_ALLOC freed 304K, 13% free 3741K/4296K, paused 2ms, total 2ms
D/dalvikvm(31550): GC_FOR_ALLOC freed 302K, 13% free 3741K/4296K, paused 1ms, total 1ms
D/dalvikvm(31550): GC_FOR_ALLOC freed 302K, 13% free 3742K/4296K, paused 1ms, total 1ms
D/dalvikvm(31550): GC_FOR_ALLOC freed 303K, 13% free 3742K/4296K, paused 3ms, total 3ms
D/dalvikvm(31550): GC_FOR_ALLOC freed 303K, 13% free 3742K/4296K, paused 2ms, total 2ms
D/dalvikvm(31550): GC_FOR_ALLOC freed 302K, 13% free 3742K/4296K, paused 1ms, total 1ms
D/dalvikvm(31550): GC_FOR_ALLOC freed 302K, 13% free 3742K/4296K, paused 1ms, total 1ms
D/dalvikvm(31550): GC_FOR_ALLOC freed 302K, 13% free 3742K/4296K, paused 2ms, total 2ms
D/dalvikvm(31550): GC_FOR_ALLOC freed 302K, 13% free 3742K/4296K, paused 3ms, total 3ms
D/dalvikvm(31550): GC_FOR_ALLOC freed 304K, 13% free 3741K/4296K, paused 3ms, total 3ms
D/dalvikvm(31550): GC_FOR_ALLOC freed 302K, 13% free 3741K/4296K, paused 2ms, total 2ms
D/dalvikvm(31550): GC_FOR_ALLOC freed 304K, 13% free 3741K/4296K, paused 1ms, total 1ms
D/dalvikvm(31550): GC_FOR_ALLOC freed 302K, 13% free 3741K/4296K, paused 2ms, total 2ms
D/dalvikvm(31550): GC_FOR_ALLOC freed 302K, 13% free 3742K/4296K, paused 1ms, total 1ms
D/dalvikvm(31550): GC_FOR_ALLOC freed 302K, 13% free 3742K/4296K, paused 2ms, total 2ms
D/dalvikvm(31550): GC_FOR_ALLOC freed 302K, 13% free 3742K/4296K, paused 3ms, total 3ms
D/dalvikvm(31550): GC_FOR_ALLOC freed 303K, 13% free 3741K/4296K, paused 3ms, total 3ms
D/dalvikvm(31550): GC_FOR_ALLOC freed 302K, 13% free 3741K/4296K, paused 2ms, total 2ms
D/dalvikvm(31550): GC_FOR_ALLOC freed 302K, 13% free 3741K/4296K, paused 1ms, total 2ms
D/dalvikvm(31550): GC_FOR_ALLOC freed 302K, 13% free 3742K/4296K, paused 1ms, total 1ms
D/dalvikvm(31550): GC_FOR_ALLOC freed 302K, 13% free 3742K/4296K, paused 2ms, total 2ms
D/dalvikvm(31550): GC_FOR_ALLOC freed 302K, 13% free 3742K/4296K, paused 2ms, total 3ms
D/dalvikvm(31550): GC_FOR_ALLOC freed 302K, 13% free 3742K/4296K, paused 2ms, total 2ms
D/dalvikvm(31550): GC_FOR_ALLOC freed 304K, 13% free 3741K/4296K, paused 2ms, total 2ms
D/dalvikvm(31550): GC_FOR_ALLOC freed 302K, 13% free 3741K/4296K, paused 1ms, total 1ms
D/dalvikvm(31550): GC_FOR_ALLOC freed 302K, 13% free 3741K/4296K, paused 1ms, total 1ms
D/dalvikvm(31550): GC_FOR_ALLOC freed 302K, 13% free 3741K/4296K, paused 2ms, total 2ms
D/dalvikvm(31550): GC_FOR_ALLOC freed 302K, 13% free 3742K/4296K, paused 1ms, total 2ms
D/dalvikvm(31550): GC_FOR_ALLOC freed 302K, 13% free 3742K/4296K, paused 2ms, total 2ms
D/dalvikvm(31550): GC_FOR_ALLOC freed 302K, 13% free 3742K/4296K, paused 3ms, total 3ms
D/dalvikvm(31550): GC_FOR_ALLOC freed 303K, 13% free 3741K/4296K, paused 2ms, total 2ms
D/dalvikvm(31550): GC_FOR_ALLOC freed 303K, 13% free 3741K/4296K, paused 1ms, total 1ms
D/dalvikvm(31550): GC_FOR_ALLOC freed 303K, 13% free 3742K/4296K, paused 2ms, total 2ms
D/dalvikvm(31550): GC_FOR_ALLOC freed 302K, 13% free 3742K/4296K, paused 1ms, total 1ms
D/dalvikvm(31550): GC_FOR_ALLOC freed 302K, 13% free 3742K/4296K, paused 2ms, total 2ms
D/dalvikvm(31550): GC_FOR_ALLOC freed 302K, 13% free 3742K/4296K, paused 2ms, total 2ms
D/dalvikvm(31550): GC_FOR_ALLOC freed 302K, 13% free 3742K/4296K, paused 3ms, total 3ms
D/dalvikvm(31550): GC_FOR_ALLOC freed 304K, 13% free 3741K/4296K, paused 1ms, total 1ms
D/dalvikvm(31550): GC_FOR_ALLOC freed 303K, 13% free 3741K/4296K, paused 1ms, total 1ms
D/dalvikvm(31550): GC_FOR_ALLOC freed 302K, 13% free 3742K/4296K, paused 2ms, total 2ms
D/dalvikvm(31550): GC_FOR_ALLOC freed 302K, 13% free 3742K/4296K, paused 2ms, total 2ms
D/dalvikvm(31550): GC_FOR_ALLOC freed 302K, 13% free 3742K/4296K, paused 3ms, total 3ms
D/dalvikvm(31550): GC_FOR_ALLOC freed 303K, 13% free 3741K/4296K, paused 3ms, total 3ms
D/dalvikvm(31550): GC_FOR_ALLOC freed 302K, 13% free 3741K/4296K, paused 2ms, total 2ms
D/dalvikvm(31550): GC_FOR_ALLOC freed 302K, 13% free 3741K/4296K, paused 1ms, total 1ms
D/dalvikvm(31550): GC_FOR_ALLOC freed 302K, 13% free 3741K/4296K, paused 1ms, total 1ms
D/dalvikvm(31550): GC_FOR_ALLOC freed 302K, 13% free 3742K/4296K, paused 2ms, total 2ms
D/dalvikvm(31550): GC_FOR_ALLOC freed 302K, 13% free 3742K/4296K, paused 2ms, total 2ms
D/dalvikvm(31550): GC_FOR_ALLOC freed 302K, 13% free 3742K/4296K, paused 3ms, total 3ms
D/dalvikvm(31550): GC_FOR_ALLOC freed 302K, 13% free 3742K/4296K, paused 4ms, total 4ms
D/dalvikvm(31550): GC_FOR_ALLOC freed 303K, 13% free 3741K/4296K, paused 2ms, total 2ms
D/dalvikvm(31550): GC_FOR_ALLOC freed 302K, 13% free 3741K/4296K, paused 2ms, total 2ms
D/dalvikvm(31550): GC_FOR_ALLOC freed 302K, 13% free 3742K/4296K, paused 1ms, total 1ms
D/dalvikvm(31550): GC_FOR_ALLOC freed 302K, 13% free 3742K/4296K, paused 1ms, total 1ms
D/dalvikvm(31550): GC_FOR_ALLOC freed 303K, 13% free 3742K/4296K, paused 2ms, total 2ms
D/dalvikvm(31550): GC_FOR_ALLOC freed 302K, 13% free 3742K/4296K, paused 2ms, total 2ms
D/dalvikvm(31550): GC_FOR_ALLOC freed 304K, 13% free 3748K/4296K, paused 5ms, total 5ms
W/ViewRootImpl(31550): Dropping event due to no window focus: KeyEvent { action=ACTION_DOWN, keyCode=KEYCODE_DPAD_CENTER, scanCode=0, metaState=0, flags=0x8, repeatCount=0, eventTime=5370344, downTime=5370344, deviceId=-1, source=0x101 }
D/dalvikvm(31550): GC_FOR_ALLOC freed 305K, 13% free 3747K/4296K, paused 2ms, total 2ms
D/dalvikvm(31550): GC_FOR_ALLOC freed 302K, 13% free 3747K/4296K, paused 2ms, total 2ms
D/dalvikvm(31550): GC_FOR_ALLOC freed 302K, 13% free 3747K/4296K, paused 2ms, total 3ms
D/dalvikvm(31550): GC_FOR_ALLOC freed 302K, 13% free 3748K/4296K, paused 2ms, total 2ms
D/dalvikvm(31550): GC_FOR_ALLOC freed 302K, 13% free 3748K/4296K, paused 2ms, total 2ms
D/dalvikvm(31550): GC_FOR_ALLOC freed 302K, 13% free 3749K/4296K, paused 2ms, total 2ms
W/EGL_emulation(31550): eglSurfaceAttrib not implemented 3093 12436
D/dalvikvm(31550): GC_FOR_ALLOC freed 302K, 13% free 3749K/4296K, paused 2ms, total 2ms
D/dalvikvm(31550): GC_FOR_ALLOC freed 302K, 13% free 3749K/4296K, paused 2ms, total 2ms
D/dalvikvm(31550): GC_FOR_ALLOC freed 305K, 13% free 3749K/4296K, paused 2ms, total 2ms
D/dalvikvm(31550): GC_FOR_ALLOC freed 302K, 13% free 3749K/4296K, paused 2ms, total 2ms
W/ViewRootImpl(31550): Dropping event due to no window focus: KeyEvent { action=ACTION_DOWN, keyCode=KEYCODE_DVR, scanCode=0, metaState=0, flags=0x8, repeatCount=0, eventTime=5370350, downTime=5370350, deviceId=-1, source=0x101 }
D/dalvikvm(31550): GC_FOR_ALLOC freed 302K, 13% free 3749K/4296K, paused 2ms, total 3ms
D/dalvikvm(31550): GC_FOR_ALLOC freed 305K, 13% free 3747K/4296K, paused 2ms, total 2ms
D/dalvikvm(31550): GC_FOR_ALLOC freed 303K, 13% free 3747K/4296K, paused 2ms, total 2ms
D/dalvikvm(31550): GC_FOR_ALLOC freed 302K, 13% free 3747K/4296K, paused 2ms, total 2ms
D/dalvikvm(31550): GC_FOR_ALLOC freed 303K, 13% free 3747K/4296K, paused 2ms, total 2ms
D/dalvikvm(31550): GC_FOR_ALLOC freed 302K, 13% free 3747K/4296K, paused 3ms, total 3ms
D/dalvikvm(31550): GC_FOR_ALLOC freed 302K, 13% free 3748K/4296K, paused 3ms, total 3ms
D/dalvikvm(31550): GC_FOR_ALLOC freed 302K, 13% free 3748K/4296K, paused 3ms, total 3ms
D/dalvikvm(31550): GC_FOR_ALLOC freed 303K, 13% free 3748K/4296K, paused 3ms, total 3ms
D/dalvikvm(31550): GC_FOR_ALLOC freed 303K, 13% free 3748K/4296K, paused 2ms, total 2ms
D/dalvikvm(31550): GC_FOR_ALLOC freed 304K, 13% free 3747K/4296K, paused 3ms, total 3ms
W/InputMethodManagerService(  346): Window already focused, ignoring focus gain of: com.android.internal.view.IInputMethodClient$Stub$Proxy@4ab9fdfc attribute=null, token = android.os.BinderProxy@4aabdb04
D/dalvikvm(31550): GC_FOR_ALLOC freed 307K, 13% free 3742K/4296K, paused 3ms, total 3ms
D/dalvikvm(31550): GC_FOR_ALLOC freed 303K, 13% free 3741K/4296K, paused 2ms, total 2ms
D/dalvikvm(31550): GC_FOR_ALLOC freed 303K, 13% free 3741K/4296K, paused 2ms, total 2ms
D/dalvikvm(31550): GC_FOR_ALLOC freed 303K, 13% free 3741K/4296K, paused 1ms, total 2ms
D/dalvikvm(31550): GC_FOR_ALLOC freed 302K, 13% free 3741K/4296K, paused 2ms, total 2ms
D/dalvikvm(31550): GC_FOR_ALLOC freed 302K, 13% free 3741K/4296K, paused 2ms, total 2ms
D/dalvikvm(31550): GC_FOR_ALLOC freed 302K, 13% free 3741K/4296K, paused 2ms, total 2ms
D/dalvikvm(31550): GC_FOR_ALLOC freed 304K, 13% free 3741K/4296K, paused 2ms, total 2ms
D/dalvikvm(31550): GC_FOR_ALLOC freed 303K, 13% free 3741K/4296K, paused 2ms, total 2ms
D/dalvikvm(31550): GC_FOR_ALLOC freed 302K, 13% free 3741K/4296K, paused 1ms, total 1ms
D/dalvikvm(31550): GC_FOR_ALLOC freed 302K, 13% free 3741K/4296K, paused 1ms, total 1ms
D/dalvikvm(31550): GC_FOR_ALLOC freed 302K, 13% free 3742K/4296K, paused 3ms, total 3ms
D/dalvikvm(31550): GC_FOR_ALLOC freed 303K, 13% free 3742K/4296K, paused 2ms, total 2ms
D/dalvikvm(31550): GC_FOR_ALLOC freed 302K, 13% free 3742K/4296K, paused 2ms, total 2ms
D/dalvikvm(31550): GC_FOR_ALLOC freed 302K, 13% free 3742K/4296K, paused 2ms, total 2ms
D/dalvikvm(31550): GC_FOR_ALLOC freed 302K, 13% free 3742K/4296K, paused 2ms, total 2ms
D/dalvikvm(31550): GC_FOR_ALLOC freed 303K, 13% free 3742K/4296K, paused 2ms, total 3ms
D/dalvikvm(31550): GC_FOR_ALLOC freed 306K, 13% free 3748K/4296K, paused 2ms, total 2ms
D/dalvikvm(31550): GC_FOR_ALLOC freed 305K, 13% free 3748K/4296K, paused 1ms, total 1ms
D/dalvikvm(31550): GC_FOR_ALLOC freed 302K, 13% free 3748K/4296K, paused 2ms, total 2ms
W/ViewRootImpl(31550): Dropping event due to no window focus: KeyEvent { action=ACTION_DOWN, keyCode=KEYCODE_DPAD_DOWN, scanCode=0, metaState=0, flags=0x8, repeatCount=0, eventTime=5370471, downTime=5370471, deviceId=-1, source=0x101 }
D/dalvikvm(31550): GC_FOR_ALLOC freed 303K, 13% free 3748K/4296K, paused 2ms, total 2ms
W/EGL_emulation(31550): eglSurfaceAttrib not implemented 3093 12436
D/dalvikvm(31550): GC_FOR_ALLOC freed 302K, 13% free 3748K/4296K, paused 2ms, total 2ms
D/dalvikvm(31550): GC_FOR_ALLOC freed 302K, 13% free 3749K/4296K, paused 2ms, total 2ms
D/dalvikvm(31550): GC_FOR_ALLOC freed 302K, 13% free 3749K/4296K, paused 3ms, total 3ms
D/dalvikvm(31550): GC_FOR_ALLOC freed 302K, 13% free 3749K/4296K, paused 1ms, total 2ms
D/dalvikvm(31550): GC_FOR_ALLOC freed 302K, 13% free 3749K/4296K, paused 2ms, total 2ms
D/dalvikvm(31550): GC_FOR_ALLOC freed 304K, 13% free 3748K/4296K, paused 4ms, total 4ms
D/dalvikvm(31550): GC_FOR_ALLOC freed 302K, 13% free 3748K/4296K, paused 3ms, total 3ms
D/dalvikvm(31550): GC_FOR_ALLOC freed 304K, 13% free 3747K/4296K, paused 3ms, total 3ms
D/dalvikvm(31550): GC_FOR_ALLOC freed 302K, 13% free 3747K/4296K, paused 2ms, total 2ms
D/dalvikvm(31550): GC_FOR_ALLOC freed 302K, 13% free 3747K/4296K, paused 3ms, total 3ms
D/dalvikvm(31550): GC_FOR_ALLOC freed 302K, 13% free 3747K/4296K, paused 2ms, total 2ms
D/dalvikvm(31550): GC_FOR_ALLOC freed 303K, 13% free 3747K/4296K, paused 3ms, total 3ms
D/dalvikvm(31550): GC_FOR_ALLOC freed 303K, 13% free 3747K/4296K, paused 1ms, total 2ms
D/dalvikvm(31550): GC_FOR_ALLOC freed 302K, 13% free 3747K/4296K, paused 2ms, total 2ms
D/dalvikvm(31550): GC_FOR_ALLOC freed 302K, 13% free 3747K/4296K, paused 2ms, total 2ms
D/dalvikvm(31550): GC_FOR_ALLOC freed 302K, 13% free 3747K/4296K, paused 2ms, total 3ms
D/dalvikvm(31550): GC_FOR_ALLOC freed 302K, 13% free 3747K/4296K, paused 3ms, total 3ms
D/dalvikvm(31550): GC_FOR_ALLOC freed 308K, 13% free 3742K/4296K, paused 2ms, total 2ms
D/dalvikvm(31550): GC_FOR_ALLOC freed 303K, 13% free 3742K/4296K, paused 2ms, total 2ms
D/dalvikvm(31550): GC_FOR_ALLOC freed 303K, 13% free 3742K/4296K, paused 1ms, total 2ms
W/InputMethodManagerService(  346): Window already focused, ignoring focus gain of: com.android.internal.view.IInputMethodClient$Stub$Proxy@4a90efd8 attribute=null, token = android.os.BinderProxy@4aabdb04
D/dalvikvm(31550): GC_FOR_ALLOC freed 302K, 13% free 3742K/4296K, paused 2ms, total 2ms
D/dalvikvm(31550): GC_FOR_ALLOC freed 303K, 13% free 3741K/4296K, paused 2ms, total 2ms
D/dalvikvm(31550): GC_FOR_ALLOC freed 302K, 13% free 3741K/4296K, paused 1ms, total 2ms
D/dalvikvm(31550): GC_FOR_ALLOC freed 302K, 13% free 3741K/4296K, paused 2ms, total 2ms
D/dalvikvm(31550): GC_FOR_ALLOC freed 302K, 13% free 3742K/4296K, paused 2ms, total 2ms
D/dalvikvm(31550): GC_FOR_ALLOC freed 302K, 13% free 3742K/4296K, paused 1ms, total 1ms
D/dalvikvm(31550): GC_FOR_ALLOC freed 302K, 13% free 3742K/4296K, paused 2ms, total 2ms
D/dalvikvm(31550): GC_FOR_ALLOC freed 302K, 13% free 3742K/4296K, paused 3ms, total 3ms
D/dalvikvm(31550): GC_FOR_ALLOC freed 304K, 13% free 3741K/4296K, paused 1ms, total 1ms
D/dalvikvm(31550): GC_FOR_ALLOC freed 302K, 13% free 3742K/4296K, paused 2ms, total 2ms
D/dalvikvm(31550): GC_FOR_ALLOC freed 302K, 13% free 3742K/4296K, paused 2ms, total 2ms
D/dalvikvm(31550): GC_FOR_ALLOC freed 302K, 13% free 3742K/4296K, paused 2ms, total 3ms
D/dalvikvm(31550): GC_FOR_ALLOC freed 302K, 13% free 3742K/4296K, paused 2ms, total 2ms
D/dalvikvm(31550): GC_FOR_ALLOC freed 302K, 13% free 3742K/4296K, paused 3ms, total 3ms
D/dalvikvm(31550): GC_FOR_ALLOC freed 303K, 13% free 3741K/4296K, paused 2ms, total 2ms
D/dalvikvm(31550): GC_FOR_ALLOC freed 302K, 13% free 3742K/4296K, paused 2ms, total 2ms
D/dalvikvm(31550): GC_FOR_ALLOC freed 302K, 13% free 3742K/4296K, paused 2ms, total 2ms
D/dalvikvm(31550): GC_FOR_ALLOC freed 302K, 13% free 3742K/4296K, paused 2ms, total 2ms
D/dalvikvm(31550): GC_FOR_ALLOC freed 302K, 13% free 3742K/4296K, paused 3ms, total 3ms
D/dalvikvm(31550): GC_FOR_ALLOC freed 303K, 13% free 3741K/4296K, paused 3ms, total 3ms
D/dalvikvm(31550): GC_FOR_ALLOC freed 303K, 13% free 3741K/4296K, paused 2ms, total 2ms
D/dalvikvm(31550): GC_FOR_ALLOC freed 302K, 13% free 3742K/4296K, paused 2ms, total 3ms
D/dalvikvm(31550): GC_FOR_ALLOC freed 302K, 13% free 3742K/4296K, paused 4ms, total 4ms
D/dalvikvm(31550): GC_FOR_ALLOC freed 303K, 13% free 3741K/4296K, paused 2ms, total 2ms
D/dalvikvm(31550): GC_FOR_ALLOC freed 302K, 13% free 3741K/4296K, paused 1ms, total 1ms
D/dalvikvm(31550): GC_FOR_ALLOC freed 302K, 13% free 3742K/4296K, paused 2ms, total 2ms
D/dalvikvm(31550): GC_FOR_ALLOC freed 302K, 13% free 3742K/4296K, paused 2ms, total 2ms
D/dalvikvm(31550): GC_FOR_ALLOC freed 302K, 13% free 3742K/4296K, paused 3ms, total 3ms
D/dalvikvm(31550): GC_FOR_ALLOC freed 303K, 13% free 3742K/4296K, paused 1ms, total 1ms
D/dalvikvm(31550): GC_FOR_ALLOC freed 302K, 13% free 3742K/4296K, paused 2ms, total 2ms
D/dalvikvm(31550): GC_FOR_ALLOC freed 302K, 13% free 3742K/4296K, paused 1ms, total 1ms
D/dalvikvm(31550): GC_FOR_ALLOC freed 302K, 13% free 3742K/4296K, paused 1ms, total 1ms
D/dalvikvm(31550): GC_FOR_ALLOC freed 302K, 13% free 3742K/4296K, paused 3ms, total 3ms
D/dalvikvm(31550): GC_FOR_ALLOC freed 304K, 13% free 3741K/4296K, paused 3ms, total 3ms
D/dalvikvm(31550): GC_FOR_ALLOC freed 302K, 13% free 3741K/4296K, paused 2ms, total 2ms
D/dalvikvm(31550): GC_FOR_ALLOC freed 302K, 13% free 3742K/4296K, paused 1ms, total 1ms
D/dalvikvm(31550): GC_FOR_ALLOC freed 302K, 13% free 3742K/4296K, paused 1ms, total 1ms
D/dalvikvm(31550): GC_FOR_ALLOC freed 302K, 13% free 3742K/4296K, paused 2ms, total 2ms
D/dalvikvm(31550): GC_FOR_ALLOC freed 302K, 13% free 3742K/4296K, paused 3ms, total 3ms
D/dalvikvm(31550): GC_FOR_ALLOC freed 303K, 13% free 3741K/4296K, paused 2ms, total 2ms
D/dalvikvm(31550): GC_FOR_ALLOC freed 302K, 13% free 3742K/4296K, paused 1ms, total 1ms
D/dalvikvm(31550): GC_FOR_ALLOC freed 303K, 13% free 3742K/4296K, paused 2ms, total 2ms
D/dalvikvm(31550): GC_FOR_ALLOC freed 302K, 13% free 3742K/4296K, paused 2ms, total 2ms
D/dalvikvm(31550): GC_FOR_ALLOC freed 302K, 13% free 3742K/4296K, paused 3ms, total 3ms
V/PanelView(  531): animationTick called with dtms=0; nothing to do (h=0.0 v=-0.0)
D/dalvikvm(31550): GC_FOR_ALLOC freed 304K, 13% free 3741K/4296K, paused 2ms, total 2ms
D/dalvikvm(31550): GC_FOR_ALLOC freed 302K, 13% free 3741K/4296K, paused 2ms, total 2ms
D/dalvikvm(31550): GC_FOR_ALLOC freed 302K, 13% free 3742K/4296K, paused 2ms, total 2ms
D/dalvikvm(31550): GC_FOR_ALLOC freed 302K, 13% free 3742K/4296K, paused 3ms, total 3ms
W/ViewRootImpl(31550): Dropping event due to no window focus: KeyEvent { action=ACTION_DOWN, keyCode=KEYCODE_DPAD_UP, scanCode=0, metaState=0, flags=0x8, repeatCount=0, eventTime=5370694, downTime=5370694, deviceId=-1, source=0x101 }
D/dalvikvm(31550): GC_FOR_ALLOC freed 307K, 13% free 3748K/4296K, paused 1ms, total 1ms
W/EGL_emulation(31550): eglSurfaceAttrib not implemented 3093 12436
D/dalvikvm(31550): GC_FOR_ALLOC freed 302K, 13% free 3748K/4296K, paused 2ms, total 2ms
D/dalvikvm(31550): GC_FOR_ALLOC freed 302K, 13% free 3748K/4296K, paused 3ms, total 3ms
D/dalvikvm(31550): GC_FOR_ALLOC freed 302K, 13% free 3748K/4296K, paused 3ms, total 3ms
D/dalvikvm(31550): GC_FOR_ALLOC freed 312K, 13% free 3748K/4296K, paused 2ms, total 2ms
W/ViewRootImpl(31550): Dropping event due to no window focus: MotionEvent { action=ACTION_MOVE, id[0]=0, x[0]=2.0, y[0]=2.0, toolType[0]=TOOL_TYPE_UNKNOWN, buttonState=0, metaState=0, flags=0x0, edgeFlags=0x0, pointerCount=1, historySize=9, eventTime=5370710, downTime=-1, deviceId=0, source=0x10004 }
W/ViewRootImpl(31550): Dropping event due to no window focus: MotionEvent { action=ACTION_DOWN, id[0]=0, x[0]=0.0, y[0]=0.0, toolType[0]=TOOL_TYPE_UNKNOWN, buttonState=0, metaState=0, flags=0x0, edgeFlags=0x0, pointerCount=1, historySize=0, eventTime=5370710, downTime=5370708, deviceId=0, source=0x10004 }
W/ViewRootImpl(31550): Dropping event due to no window focus: KeyEvent { action=ACTION_DOWN, keyCode=KEYCODE_DPAD_RIGHT, scanCode=0, metaState=0, flags=0x8, repeatCount=0, eventTime=5370711, downTime=5370711, deviceId=-1, source=0x101 }
D/dalvikvm(31550): GC_FOR_ALLOC freed 302K, 13% free 3748K/4296K, paused 1ms, total 1ms
D/dalvikvm(31550): GC_FOR_ALLOC freed 302K, 13% free 3748K/4296K, paused 2ms, total 2ms
D/dalvikvm(31550): GC_FOR_ALLOC freed 302K, 13% free 3748K/4296K, paused 3ms, total 4ms
D/dalvikvm(31550): GC_FOR_ALLOC freed 302K, 13% free 3748K/4296K, paused 1ms, total 2ms
D/dalvikvm(31550): GC_FOR_ALLOC freed 302K, 13% free 3748K/4296K, paused 3ms, total 3ms
D/dalvikvm(31550): GC_FOR_ALLOC freed 304K, 13% free 3748K/4296K, paused 2ms, total 2ms
D/dalvikvm(31550): GC_FOR_ALLOC freed 303K, 13% free 3748K/4296K, paused 2ms, total 2ms
D/dalvikvm(31550): GC_FOR_ALLOC freed 302K, 13% free 3748K/4296K, paused 1ms, total 1ms
D/dalvikvm(31550): GC_FOR_ALLOC freed 302K, 13% free 3748K/4296K, paused 3ms, total 3ms
D/dalvikvm(31550): GC_FOR_ALLOC freed 302K, 13% free 3748K/4296K, paused 2ms, total 3ms
D/dalvikvm(31550): GC_FOR_ALLOC freed 303K, 13% free 3748K/4296K, paused 2ms, total 2ms
D/dalvikvm(31550): GC_FOR_ALLOC freed 304K, 13% free 3748K/4296K, paused 2ms, total 2ms
D/dalvikvm(31550): GC_FOR_ALLOC freed 302K, 13% free 3748K/4296K, paused 3ms, total 3ms
D/dalvikvm(31550): GC_FOR_ALLOC freed 302K, 13% free 3748K/4296K, paused 2ms, total 3ms
D/dalvikvm(31550): GC_FOR_ALLOC freed 302K, 13% free 3748K/4296K, paused 2ms, total 2ms
D/dalvikvm(31550): GC_FOR_ALLOC freed 302K, 13% free 3748K/4296K, paused 1ms, total 1ms
W/ViewRootImpl(31550): Dropping event due to no window focus: KeyEvent { action=ACTION_DOWN, keyCode=KEYCODE_MENU, scanCode=0, metaState=0, flags=0x8, repeatCount=0, eventTime=5370778, downTime=5370778, deviceId=-1, source=0x101 }
D/dalvikvm(31550): GC_FOR_ALLOC freed 306K, 13% free 3747K/4296K, paused 3ms, total 3ms
I/ActivityManager(  346): START u0 {act=android.intent.action.MAIN cat=[android.intent.category.LAUNCHER] flg=0x10200000 cmp=com.windyty.android/com.windyty.StartActivity} from pid 31540
D/dalvikvm(31550): GC_FOR_ALLOC freed 303K, 13% free 3747K/4296K, paused 7ms, total 8ms
W/ViewRootImpl(31550): Dropping event due to no window focus: MotionEvent { action=ACTION_MOVE, id[0]=0, x[0]=0.0, y[0]=4.0, toolType[0]=TOOL_TYPE_UNKNOWN, buttonState=0, metaState=0, flags=0x0, edgeFlags=0x0, pointerCount=1, historySize=29, eventTime=5370792, downTime=-1, deviceId=0, source=0x10004 }
W/ViewRootImpl(31550): Dropping event due to no window focus: MotionEvent { action=ACTION_DOWN, id[0]=0, x[0]=0.0, y[0]=0.0, toolType[0]=TOOL_TYPE_UNKNOWN, buttonState=0, metaState=0, flags=0x0, edgeFlags=0x0, pointerCount=1, historySize=0, eventTime=5370792, downTime=5370791, deviceId=0, source=0x10004 }
W/ViewRootImpl(31550): Dropping event due to no window focus: KeyEvent { action=ACTION_DOWN, keyCode=KEYCODE_DPAD_CENTER, scanCode=0, metaState=0, flags=0x8, repeatCount=0, eventTime=5370793, downTime=5370793, deviceId=-1, source=0x101 }
W/InputMethodManagerService(  346): Window already focused, ignoring focus gain of: com.android.internal.view.IInputMethodClient$Stub$Proxy@4a99ee14 attribute=null, token = android.os.BinderProxy@4aabdb04
D/dalvikvm(31550): GC_FOR_ALLOC freed 316K, 13% free 3742K/4296K, paused 7ms, total 7ms
D/dalvikvm(31550): GC_FOR_ALLOC freed 303K, 13% free 3742K/4296K, paused 1ms, total 2ms
D/dalvikvm(31550): GC_FOR_ALLOC freed 303K, 13% free 3742K/4296K, paused 2ms, total 2ms
D/dalvikvm(31550): GC_FOR_ALLOC freed 302K, 13% free 3742K/4296K, paused 2ms, total 2ms
D/dalvikvm(31550): GC_FOR_ALLOC freed 302K, 13% free 3742K/4296K, paused 2ms, total 2ms
D/dalvikvm(31550): GC_FOR_ALLOC freed 302K, 13% free 3742K/4296K, paused 2ms, total 2ms
D/dalvikvm(31550): GC_FOR_ALLOC freed 302K, 13% free 3742K/4296K, paused 3ms, total 3ms
D/dalvikvm(31550): GC_FOR_ALLOC freed 302K, 13% free 3742K/4296K, paused 2ms, total 2ms
D/dalvikvm(31550): GC_FOR_ALLOC freed 303K, 13% free 3742K/4296K, paused 2ms, total 2ms
D/dalvikvm(31550): GC_FOR_ALLOC freed 302K, 13% free 3742K/4296K, paused 3ms, total 3ms
D/dalvikvm(31550): GC_FOR_ALLOC freed 302K, 13% free 3742K/4296K, paused 2ms, total 2ms
D/dalvikvm(31550): GC_FOR_ALLOC freed 302K, 13% free 3742K/4296K, paused 2ms, total 2ms
D/dalvikvm(31550): GC_FOR_ALLOC freed 302K, 13% free 3742K/4296K, paused 2ms, total 2ms
D/dalvikvm(31550): GC_FOR_ALLOC freed 304K, 13% free 3742K/4296K, paused 2ms, total 2ms
D/dalvikvm(31550): GC_FOR_ALLOC freed 302K, 13% free 3742K/4296K, paused 2ms, total 2ms
D/dalvikvm(31550): GC_FOR_ALLOC freed 302K, 13% free 3743K/4296K, paused 1ms, total 1ms
D/dalvikvm(31550): GC_FOR_ALLOC freed 302K, 13% free 3743K/4296K, paused 2ms, total 2ms
D/dalvikvm(31550): GC_FOR_ALLOC freed 302K, 13% free 3743K/4296K, paused 3ms, total 3ms
I/ActivityManager(  346): START u0 {act=android.intent.action.MAIN cat=[android.intent.category.LAUNCHER] flg=0x10200000 cmp=com.windyty.android/com.windyty.StartActivity} from pid 31540
D/dalvikvm(31550): GC_FOR_ALLOC freed 304K, 13% free 3742K/4296K, paused 2ms, total 2ms
D/dalvikvm(31550): GC_FOR_ALLOC freed 302K, 13% free 3742K/4296K, paused 2ms, total 2ms
D/dalvikvm(31550): GC_FOR_ALLOC freed 302K, 13% free 3742K/4296K, paused 2ms, total 2ms
D/dalvikvm(31550): GC_FOR_ALLOC freed 303K, 13% free 3742K/4296K, paused 2ms, total 2ms
D/dalvikvm(31550): GC_FOR_ALLOC freed 302K, 13% free 3742K/4296K, paused 2ms, total 2ms
D/dalvikvm(31550): GC_FOR_ALLOC freed 302K, 13% free 3742K/4296K, paused 3ms, total 3ms
D/dalvikvm(31550): GC_FOR_ALLOC freed 302K, 13% free 3742K/4296K, paused 2ms, total 2ms
D/dalvikvm(31550): GC_FOR_ALLOC freed 302K, 13% free 3742K/4296K, paused 2ms, total 2ms
D/dalvikvm(31550): GC_FOR_ALLOC freed 302K, 13% free 3742K/4296K, paused 3ms, total 3ms
D/dalvikvm(31550): GC_FOR_ALLOC freed 302K, 13% free 3742K/4296K, paused 2ms, total 2ms
D/dalvikvm(31550): GC_FOR_ALLOC freed 303K, 13% free 3742K/4296K, paused 2ms, total 2ms
D/dalvikvm(31550): GC_FOR_ALLOC freed 302K, 13% free 3742K/4296K, paused 1ms, total 1ms
D/dalvikvm(31550): GC_FOR_ALLOC freed 302K, 13% free 3742K/4296K, paused 1ms, total 1ms
D/dalvikvm(31550): GC_FOR_ALLOC freed 302K, 13% free 3742K/4296K, paused 3ms, total 3ms
D/dalvikvm(31550): GC_FOR_ALLOC freed 302K, 13% free 3742K/4296K, paused 3ms, total 3ms
D/dalvikvm(31550): GC_FOR_ALLOC freed 303K, 13% free 3742K/4296K, paused 2ms, total 2ms
D/dalvikvm(31550): GC_FOR_ALLOC freed 303K, 13% free 3742K/4296K, paused 2ms, total 2ms
D/dalvikvm(31550): GC_FOR_ALLOC freed 302K, 13% free 3742K/4296K, paused 1ms, total 1ms
D/dalvikvm(31550): GC_FOR_ALLOC freed 302K, 13% free 3742K/4296K, paused 2ms, total 2ms
D/dalvikvm(31550): GC_FOR_ALLOC freed 302K, 13% free 3742K/4296K, paused 2ms, total 2ms
D/dalvikvm(31550): GC_FOR_ALLOC freed 303K, 13% free 3741K/4296K, paused 2ms, total 2ms
D/dalvikvm(31550): GC_FOR_ALLOC freed 302K, 13% free 3742K/4296K, paused 2ms, total 2ms
D/dalvikvm(31550): GC_FOR_ALLOC freed 302K, 13% free 3742K/4296K, paused 3ms, total 3ms
D/dalvikvm(31550): GC_FOR_ALLOC freed 302K, 13% free 3742K/4296K, paused 2ms, total 2ms
D/dalvikvm(31550): GC_FOR_ALLOC freed 302K, 13% free 3742K/4296K, paused 3ms, total 3ms
D/dalvikvm(31550): GC_FOR_ALLOC freed 303K, 13% free 3742K/4296K, paused 8ms, total 8ms
D/dalvikvm(31550): GC_FOR_ALLOC freed 302K, 13% free 3742K/4296K, paused 2ms, total 2ms
D/dalvikvm(31550): GC_FOR_ALLOC freed 302K, 13% free 3742K/4296K, paused 2ms, total 2ms
D/dalvikvm(31550): GC_FOR_ALLOC freed 302K, 13% free 3742K/4296K, paused 3ms, total 3ms
D/dalvikvm(31550): GC_FOR_ALLOC freed 302K, 13% free 3742K/4296K, paused 1ms, total 1ms
D/dalvikvm(31550): GC_FOR_ALLOC freed 303K, 13% free 3742K/4296K, paused 2ms, total 2ms
D/dalvikvm(31550): GC_FOR_ALLOC freed 302K, 13% free 3742K/4296K, paused 2ms, total 2ms
D/dalvikvm(31550): GC_FOR_ALLOC freed 302K, 13% free 3742K/4296K, paused 2ms, total 2ms
D/dalvikvm(31550): GC_FOR_ALLOC freed 302K, 13% free 3742K/4296K, paused 3ms, total 3ms
D/dalvikvm(31550): GC_FOR_ALLOC freed 303K, 13% free 3742K/4296K, paused 4ms, total 4ms
D/dalvikvm(31550): GC_FOR_ALLOC freed 302K, 13% free 3742K/4296K, paused 2ms, total 2ms
D/dalvikvm(31550): GC_FOR_ALLOC freed 302K, 13% free 3742K/4296K, paused 3ms, total 3ms
D/dalvikvm(31550): GC_FOR_ALLOC freed 303K, 13% free 3741K/4296K, paused 3ms, total 3ms
D/dalvikvm(31550): GC_FOR_ALLOC freed 303K, 13% free 3742K/4296K, paused 2ms, total 2ms
D/dalvikvm(31550): GC_FOR_ALLOC freed 302K, 13% free 3742K/4296K, paused 1ms, total 1ms
D/dalvikvm(31550): GC_FOR_ALLOC freed 302K, 13% free 3742K/4296K, paused 1ms, total 1ms
D/dalvikvm(31550): GC_FOR_ALLOC freed 302K, 13% free 3742K/4296K, paused 4ms, total 4ms
D/dalvikvm(31550): GC_FOR_ALLOC freed 303K, 13% free 3742K/4296K, paused 2ms, total 2ms
D/dalvikvm(31550): GC_FOR_ALLOC freed 302K, 13% free 3742K/4296K, paused 2ms, total 2ms
D/dalvikvm(31550): GC_FOR_ALLOC freed 302K, 13% free 3742K/4296K, paused 2ms, total 2ms
D/dalvikvm(31550): GC_FOR_ALLOC freed 302K, 13% free 3742K/4296K, paused 2ms, total 2ms
D/dalvikvm(31550): GC_FOR_ALLOC freed 302K, 13% free 3742K/4296K, paused 3ms, total 3ms
D/dalvikvm(31550): GC_FOR_ALLOC freed 302K, 13% free 3742K/4296K, paused 3ms, total 3ms
D/dalvikvm(31550): GC_FOR_ALLOC freed 303K, 13% free 3742K/4296K, paused 2ms, total 3ms
D/dalvikvm(31550): GC_FOR_ALLOC freed 302K, 13% free 3742K/4296K, paused 2ms, total 2ms
D/dalvikvm(31550): GC_FOR_ALLOC freed 302K, 13% free 3742K/4296K, paused 1ms, total 1ms
D/dalvikvm(31550): GC_FOR_ALLOC freed 302K, 13% free 3742K/4296K, paused 3ms, total 3ms
D/dalvikvm(31550): GC_FOR_ALLOC freed 302K, 13% free 3742K/4296K, paused 3ms, total 4ms
D/dalvikvm(31550): GC_FOR_ALLOC freed 303K, 13% free 3742K/4296K, paused 2ms, total 2ms
D/dalvikvm(31550): GC_FOR_ALLOC freed 302K, 13% free 3742K/4296K, paused 2ms, total 2ms
D/dalvikvm(31550): GC_FOR_ALLOC freed 302K, 13% free 3742K/4296K, paused 1ms, total 2ms
I/ActivityManager(  346): START u0 {act=android.intent.action.MAIN cat=[android.intent.category.LAUNCHER] flg=0x10200000 cmp=com.windyty.android/com.windyty.StartActivity} from pid 31540
D/dalvikvm(31550): GC_FOR_ALLOC freed 302K, 13% free 3742K/4296K, paused 2ms, total 2ms
D/dalvikvm(31550): GC_FOR_ALLOC freed 302K, 13% free 3742K/4296K, paused 3ms, total 3ms
D/dalvikvm(31550): GC_FOR_ALLOC freed 303K, 13% free 3742K/4296K, paused 3ms, total 3ms
D/dalvikvm(31550): GC_FOR_ALLOC freed 303K, 13% free 3742K/4296K, paused 2ms, total 2ms
D/dalvikvm(31550): GC_FOR_ALLOC freed 302K, 13% free 3742K/4296K, paused 1ms, total 1ms
D/dalvikvm(31550): GC_FOR_ALLOC freed 302K, 13% free 3742K/4296K, paused 1ms, total 1ms
D/dalvikvm(31550): GC_FOR_ALLOC freed 302K, 13% free 3742K/4296K, paused 2ms, total 2ms
D/dalvikvm(31550): GC_FOR_ALLOC freed 302K, 13% free 3742K/4296K, paused 2ms, total 2ms
D/dalvikvm(31550): GC_FOR_ALLOC freed 303K, 13% free 3742K/4296K, paused 2ms, total 2ms
D/dalvikvm(31550): GC_FOR_ALLOC freed 302K, 13% free 3742K/4296K, paused 2ms, total 2ms
D/dalvikvm(31550): GC_FOR_ALLOC freed 302K, 13% free 3742K/4296K, paused 2ms, total 2ms
D/dalvikvm(31550): GC_FOR_ALLOC freed 302K, 13% free 3742K/4296K, paused 2ms, total 2ms
D/dalvikvm(31550): GC_FOR_ALLOC freed 303K, 13% free 3741K/4296K, paused 3ms, total 3ms
D/dalvikvm(31550): GC_FOR_ALLOC freed 302K, 13% free 3742K/4296K, paused 2ms, total 2ms
D/dalvikvm(31550): GC_FOR_ALLOC freed 302K, 13% free 3742K/4296K, paused 2ms, total 2ms
D/dalvikvm(31550): GC_FOR_ALLOC freed 302K, 13% free 3742K/4296K, paused 2ms, total 2ms
D/dalvikvm(31550): GC_FOR_ALLOC freed 302K, 13% free 3742K/4296K, paused 2ms, total 2ms
D/dalvikvm(31550): GC_FOR_ALLOC freed 302K, 13% free 3742K/4296K, paused 1ms, total 1ms
D/dalvikvm(31550): GC_FOR_ALLOC freed 302K, 13% free 3742K/4296K, paused 2ms, total 2ms
D/dalvikvm(31550): GC_FOR_ALLOC freed 304K, 13% free 3741K/4296K, paused 3ms, total 3ms
D/dalvikvm(31550): GC_FOR_ALLOC freed 302K, 13% free 3742K/4296K, paused 2ms, total 2ms
D/dalvikvm(31550): GC_FOR_ALLOC freed 302K, 13% free 3742K/4296K, paused 2ms, total 2ms
D/dalvikvm(31550): GC_FOR_ALLOC freed 302K, 13% free 3742K/4296K, paused 2ms, total 2ms
D/dalvikvm(31550): GC_FOR_ALLOC freed 302K, 13% free 3742K/4296K, paused 2ms, total 2ms
D/dalvikvm(31550): GC_FOR_ALLOC freed 303K, 13% free 3742K/4296K, paused 2ms, total 2ms
D/dalvikvm(31550): GC_FOR_ALLOC freed 303K, 13% free 3741K/4296K, paused 5ms, total 5ms
D/dalvikvm(31550): GC_FOR_ALLOC freed 302K, 13% free 3742K/4296K, paused 2ms, total 2ms
D/dalvikvm(31550): GC_FOR_ALLOC freed 302K, 13% free 3742K/4296K, paused 1ms, total 1ms
D/dalvikvm(31550): GC_FOR_ALLOC freed 302K, 13% free 3742K/4296K, paused 1ms, total 1ms
D/dalvikvm(31550): GC_FOR_ALLOC freed 302K, 13% free 3742K/4296K, paused 2ms, total 2ms
D/dalvikvm(31550): GC_FOR_ALLOC freed 303K, 13% free 3741K/4296K, paused 2ms, total 3ms
D/dalvikvm(31550): GC_FOR_ALLOC freed 302K, 13% free 3742K/4296K, paused 2ms, total 2ms
D/dalvikvm(31550): GC_FOR_ALLOC freed 302K, 13% free 3742K/4296K, paused 1ms, total 1ms
D/dalvikvm(31550): GC_FOR_ALLOC freed 302K, 13% free 3742K/4296K, paused 2ms, total 2ms
D/dalvikvm(31550): GC_FOR_ALLOC freed 302K, 13% free 3742K/4296K, paused 3ms, total 3ms
D/dalvikvm(31550): GC_FOR_ALLOC freed 303K, 13% free 3741K/4296K, paused 3ms, total 3ms
D/dalvikvm(31550): GC_FOR_ALLOC freed 302K, 13% free 3742K/4296K, paused 2ms, total 2ms
D/dalvikvm(31550): GC_FOR_ALLOC freed 302K, 13% free 3742K/4296K, paused 2ms, total 2ms
D/dalvikvm(31550): GC_FOR_ALLOC freed 302K, 13% free 3742K/4296K, paused 2ms, total 2ms
D/dalvikvm(31550): GC_FOR_ALLOC freed 302K, 13% free 3742K/4296K, paused 3ms, total 3ms
D/dalvikvm(31550): GC_FOR_ALLOC freed 303K, 13% free 3741K/4296K, paused 3ms, total 3ms
D/dalvikvm(31550): GC_FOR_ALLOC freed 302K, 13% free 3742K/4296K, paused 2ms, total 2ms
D/dalvikvm(31550): GC_FOR_ALLOC freed 302K, 13% free 3742K/4296K, paused 2ms, total 2ms
D/dalvikvm(31550): GC_FOR_ALLOC freed 302K, 13% free 3742K/4296K, paused 2ms, total 2ms
D/dalvikvm(31550): GC_FOR_ALLOC freed 302K, 13% free 3742K/4296K, paused 2ms, total 2ms
D/dalvikvm(31550): GC_FOR_ALLOC freed 303K, 13% free 3741K/4296K, paused 4ms, total 4ms
D/dalvikvm(31550): GC_FOR_ALLOC freed 303K, 13% free 3742K/4296K, paused 2ms, total 2ms
D/dalvikvm(31550): GC_FOR_ALLOC freed 302K, 13% free 3742K/4296K, paused 1ms, total 1ms
D/dalvikvm(31550): GC_FOR_ALLOC freed 302K, 13% free 3742K/4296K, paused 1ms, total 1ms
D/dalvikvm(31550): GC_FOR_ALLOC freed 302K, 13% free 3742K/4296K, paused 2ms, total 2ms
D/dalvikvm(31550): GC_FOR_ALLOC freed 303K, 13% free 3741K/4296K, paused 2ms, total 3ms
D/dalvikvm(31550): GC_FOR_ALLOC freed 302K, 13% free 3742K/4296K, paused 2ms, total 2ms
D/dalvikvm(31550): GC_FOR_ALLOC freed 302K, 13% free 3742K/4296K, paused 1ms, total 1ms
D/dalvikvm(31550): GC_FOR_ALLOC freed 302K, 13% free 3742K/4296K, paused 2ms, total 2ms
D/dalvikvm(31550): GC_FOR_ALLOC freed 302K, 13% free 3742K/4296K, paused 2ms, total 2ms
D/dalvikvm(31550): GC_FOR_ALLOC freed 303K, 13% free 3742K/4296K, paused 5ms, total 5ms
D/dalvikvm(31550): GC_FOR_ALLOC freed 303K, 13% free 3742K/4296K, paused 2ms, total 2ms
D/dalvikvm(31550): GC_FOR_ALLOC freed 302K, 13% free 3742K/4296K, paused 2ms, total 2ms
D/dalvikvm(31550): GC_FOR_ALLOC freed 302K, 13% free 3742K/4296K, paused 1ms, total 1ms
D/dalvikvm(31550): GC_FOR_ALLOC freed 302K, 13% free 3742K/4296K, paused 2ms, total 2ms
D/dalvikvm(31550): GC_FOR_ALLOC freed 302K, 13% free 3742K/4296K, paused 3ms, total 3ms
D/dalvikvm(31550): GC_FOR_ALLOC freed 303K, 13% free 3742K/4296K, paused 2ms, total 2ms
D/dalvikvm(31550): GC_FOR_ALLOC freed 302K, 13% free 3742K/4296K, paused 1ms, total 1ms
D/dalvikvm(31550): GC_FOR_ALLOC freed 302K, 13% free 3742K/4296K, paused 1ms, total 1ms
D/dalvikvm(31550): GC_FOR_ALLOC freed 302K, 13% free 3742K/4296K, paused 1ms, total 1ms
D/dalvikvm(31550): GC_FOR_ALLOC freed 303K, 13% free 3741K/4296K, paused 2ms, total 2ms
D/dalvikvm(31550): GC_FOR_ALLOC freed 302K, 13% free 3742K/4296K, paused 3ms, total 3ms
D/dalvikvm(31550): GC_FOR_ALLOC freed 303K, 13% free 3742K/4296K, paused 1ms, total 1ms
D/dalvikvm(31550): GC_FOR_ALLOC freed 302K, 13% free 3742K/4296K, paused 2ms, total 2ms
D/dalvikvm(31550): GC_FOR_ALLOC freed 302K, 13% free 3742K/4296K, paused 2ms, total 2ms
D/dalvikvm(31550): GC_FOR_ALLOC freed 304K, 13% free 3741K/4296K, paused 3ms, total 3ms
D/dalvikvm(31550): GC_FOR_ALLOC freed 302K, 13% free 3742K/4296K, paused 3ms, total 3ms
D/dalvikvm(31550): GC_FOR_ALLOC freed 302K, 13% free 3742K/4296K, paused 2ms, total 2ms
D/dalvikvm(31550): GC_FOR_ALLOC freed 302K, 13% free 3742K/4296K, paused 2ms, total 2ms
D/dalvikvm(31550): GC_FOR_ALLOC freed 302K, 13% free 3742K/4296K, paused 1ms, total 1ms
D/dalvikvm(31550): GC_FOR_ALLOC freed 302K, 13% free 3742K/4296K, paused 3ms, total 3ms
D/dalvikvm(31550): GC_FOR_ALLOC freed 303K, 13% free 3741K/4296K, paused 2ms, total 3ms
D/dalvikvm(31550): GC_FOR_ALLOC freed 302K, 13% free 3742K/4296K, paused 1ms, total 1ms
D/dalvikvm(31550): GC_FOR_ALLOC freed 302K, 13% free 3742K/4296K, paused 2ms, total 2ms
D/dalvikvm(31550): GC_FOR_ALLOC freed 302K, 13% free 3742K/4296K, paused 2ms, total 2ms
D/dalvikvm(31550): GC_FOR_ALLOC freed 302K, 13% free 3742K/4296K, paused 2ms, total 2ms
D/dalvikvm(31550): GC_FOR_ALLOC freed 303K, 13% free 3741K/4296K, paused 2ms, total 2ms
D/dalvikvm(31550): GC_FOR_ALLOC freed 302K, 13% free 3742K/4296K, paused 2ms, total 3ms
D/dalvikvm(31550): GC_FOR_ALLOC freed 302K, 13% free 3742K/4296K, paused 2ms, total 2ms
D/dalvikvm(31550): GC_FOR_ALLOC freed 302K, 13% free 3742K/4296K, paused 1ms, total 1ms
D/dalvikvm(31550): GC_FOR_ALLOC freed 302K, 13% free 3742K/4296K, paused 2ms, total 2ms
D/dalvikvm(31550): GC_FOR_ALLOC freed 302K, 13% free 3742K/4296K, paused 2ms, total 2ms
D/dalvikvm(31550): GC_FOR_ALLOC freed 304K, 13% free 3741K/4296K, paused 3ms, total 3ms
D/dalvikvm(31550): GC_FOR_ALLOC freed 303K, 13% free 3742K/4296K, paused 2ms, total 2ms
D/dalvikvm(31550): GC_FOR_ALLOC freed 302K, 13% free 3742K/4296K, paused 2ms, total 2ms
D/dalvikvm(31550): GC_FOR_ALLOC freed 302K, 13% free 3742K/4296K, paused 2ms, total 2ms
D/dalvikvm(31550): GC_FOR_ALLOC freed 302K, 13% free 3742K/4296K, paused 2ms, total 2ms
D/dalvikvm(31550): GC_FOR_ALLOC freed 302K, 13% free 3742K/4296K, paused 2ms, total 2ms
D/dalvikvm(31550): GC_FOR_ALLOC freed 303K, 13% free 3741K/4296K, paused 2ms, total 2ms
D/dalvikvm(31550): GC_FOR_ALLOC freed 302K, 13% free 3742K/4296K, paused 3ms, total 3ms
D/dalvikvm(31550): GC_FOR_ALLOC freed 302K, 13% free 3742K/4296K, paused 1ms, total 1ms
D/dalvikvm(31550): GC_FOR_ALLOC freed 302K, 13% free 3742K/4296K, paused 1ms, total 2ms
D/dalvikvm(31550): GC_FOR_ALLOC freed 302K, 13% free 3742K/4296K, paused 2ms, total 2ms
D/dalvikvm(31550): GC_FOR_ALLOC freed 303K, 13% free 3741K/4296K, paused 3ms, total 3ms
D/dalvikvm(31550): GC_FOR_ALLOC freed 302K, 13% free 3741K/4296K, paused 3ms, total 3ms
D/dalvikvm(31550): GC_FOR_ALLOC freed 302K, 13% free 3742K/4296K, paused 2ms, total 2ms
D/dalvikvm(31550): GC_FOR_ALLOC freed 302K, 13% free 3742K/4296K, paused 2ms, total 2ms
D/dalvikvm(31550): GC_FOR_ALLOC freed 302K, 13% free 3742K/4296K, paused 2ms, total 2ms
D/dalvikvm(31550): GC_FOR_ALLOC freed 302K, 13% free 3742K/4296K, paused 2ms, total 2ms
D/dalvikvm(31550): GC_FOR_ALLOC freed 303K, 13% free 3741K/4296K, paused 4ms, total 4ms
D/dalvikvm(31550): GC_FOR_ALLOC freed 303K, 13% free 3741K/4296K, paused 2ms, total 2ms
D/dalvikvm(31550): GC_FOR_ALLOC freed 302K, 13% free 3742K/4296K, paused 3ms, total 3ms
D/dalvikvm(31550): GC_FOR_ALLOC freed 302K, 13% free 3742K/4296K, paused 2ms, total 2ms
D/dalvikvm(31550): GC_FOR_ALLOC freed 302K, 13% free 3742K/4296K, paused 2ms, total 2ms
D/dalvikvm(31550): GC_FOR_ALLOC freed 302K, 13% free 3742K/4296K, paused 3ms, total 3ms
D/dalvikvm(31550): GC_FOR_ALLOC freed 304K, 13% free 3741K/4296K, paused 2ms, total 2ms
D/dalvikvm(31550): GC_FOR_ALLOC freed 302K, 13% free 3742K/4296K, paused 2ms, total 2ms
D/dalvikvm(31550): GC_FOR_ALLOC freed 302K, 13% free 3742K/4296K, paused 1ms, total 1ms
D/dalvikvm(31550): GC_FOR_ALLOC freed 302K, 13% free 3742K/4296K, paused 2ms, total 2ms
D/dalvikvm(31550): GC_FOR_ALLOC freed 302K, 13% free 3742K/4296K, paused 3ms, total 3ms
D/dalvikvm(31550): GC_FOR_ALLOC freed 303K, 13% free 3741K/4296K, paused 4ms, total 4ms
D/dalvikvm(31550): GC_FOR_ALLOC freed 302K, 13% free 3742K/4296K, paused 1ms, total 2ms
D/dalvikvm(31550): GC_FOR_ALLOC freed 302K, 13% free 3742K/4296K, paused 2ms, total 2ms
D/dalvikvm(31550): GC_FOR_ALLOC freed 302K, 13% free 3742K/4296K, paused 2ms, total 2ms
D/dalvikvm(31550): GC_FOR_ALLOC freed 302K, 13% free 3742K/4296K, paused 1ms, total 1ms
D/dalvikvm(31550): GC_FOR_ALLOC freed 303K, 13% free 3741K/4296K, paused 4ms, total 4ms
D/dalvikvm(31550): GC_FOR_ALLOC freed 302K, 13% free 3742K/4296K, paused 3ms, total 3ms
D/dalvikvm(31550): GC_FOR_ALLOC freed 302K, 13% free 3742K/4296K, paused 1ms, total 1ms
D/dalvikvm(31550): GC_FOR_ALLOC freed 302K, 13% free 3742K/4296K, paused 1ms, total 1ms
D/dalvikvm(31550): GC_FOR_ALLOC freed 302K, 13% free 3742K/4296K, paused 1ms, total 1ms
D/dalvikvm(31550): GC_FOR_ALLOC freed 302K, 13% free 3742K/4296K, paused 2ms, total 2ms
D/dalvikvm(31550): GC_FOR_ALLOC freed 303K, 13% free 3742K/4296K, paused 3ms, total 3ms
D/dalvikvm(31550): GC_FOR_ALLOC freed 303K, 13% free 3742K/4296K, paused 2ms, total 2ms
D/dalvikvm(31550): GC_FOR_ALLOC freed 302K, 13% free 3742K/4296K, paused 2ms, total 3ms
D/dalvikvm(31550): GC_FOR_ALLOC freed 302K, 13% free 3742K/4296K, paused 2ms, total 2ms
D/dalvikvm(31550): GC_FOR_ALLOC freed 302K, 13% free 3742K/4296K, paused 2ms, total 3ms
D/dalvikvm(31550): GC_FOR_ALLOC freed 303K, 13% free 3742K/4296K, paused 2ms, total 2ms
D/dalvikvm(31550): GC_FOR_ALLOC freed 303K, 13% free 3741K/4296K, paused 3ms, total 3ms
D/dalvikvm(31550): GC_FOR_ALLOC freed 302K, 13% free 3742K/4296K, paused 3ms, total 3ms
D/dalvikvm(31550): GC_FOR_ALLOC freed 302K, 13% free 3742K/4296K, paused 2ms, total 2ms
D/dalvikvm(31550): GC_FOR_ALLOC freed 302K, 13% free 3742K/4296K, paused 1ms, total 1ms
D/dalvikvm(31550): GC_FOR_ALLOC freed 302K, 13% free 3742K/4296K, paused 1ms, total 1ms
D/dalvikvm(31550): GC_FOR_ALLOC freed 302K, 13% free 3742K/4296K, paused 3ms, total 3ms
D/dalvikvm(31550): GC_FOR_ALLOC freed 303K, 13% free 3741K/4296K, paused 3ms, total 3ms
D/dalvikvm(31550): GC_FOR_ALLOC freed 302K, 13% free 3742K/4296K, paused 2ms, total 2ms
D/dalvikvm(31550): GC_FOR_ALLOC freed 302K, 13% free 3742K/4296K, paused 1ms, total 1ms
D/dalvikvm(31550): GC_FOR_ALLOC freed 302K, 13% free 3742K/4296K, paused 1ms, total 1ms
D/dalvikvm(31550): GC_FOR_ALLOC freed 302K, 13% free 3742K/4296K, paused 2ms, total 3ms
D/dalvikvm(31550): GC_FOR_ALLOC freed 303K, 13% free 3742K/4296K, paused 3ms, total 3ms
D/dalvikvm(31550): GC_FOR_ALLOC freed 303K, 13% free 3742K/4296K, paused 3ms, total 3ms
D/dalvikvm(31550): GC_FOR_ALLOC freed 302K, 13% free 3742K/4296K, paused 2ms, total 2ms
D/dalvikvm(31550): GC_FOR_ALLOC freed 302K, 13% free 3742K/4296K, paused 1ms, total 2ms
D/dalvikvm(31550): GC_FOR_ALLOC freed 302K, 13% free 3742K/4296K, paused 1ms, total 1ms
D/dalvikvm(31550): GC_FOR_ALLOC freed 302K, 13% free 3742K/4296K, paused 3ms, total 3ms
D/dalvikvm(31550): GC_FOR_ALLOC freed 303K, 13% free 3741K/4296K, paused 2ms, total 2ms
D/dalvikvm(31550): GC_FOR_ALLOC freed 302K, 13% free 3742K/4296K, paused 2ms, total 2ms
D/dalvikvm(31550): GC_FOR_ALLOC freed 302K, 13% free 3742K/4296K, paused 2ms, total 2ms
D/dalvikvm(31550): GC_FOR_ALLOC freed 303K, 13% free 3742K/4296K, paused 1ms, total 1ms
D/dalvikvm(31550): GC_FOR_ALLOC freed 302K, 13% free 3742K/4296K, paused 2ms, total 2ms
D/dalvikvm(31550): GC_FOR_ALLOC freed 302K, 13% free 3742K/4296K, paused 2ms, total 2ms
D/dalvikvm(31550): GC_FOR_ALLOC freed 303K, 13% free 3742K/4296K, paused 1ms, total 2ms
D/dalvikvm(31550): GC_FOR_ALLOC freed 303K, 13% free 3742K/4296K, paused 2ms, total 2ms
D/dalvikvm(31550): GC_FOR_ALLOC freed 303K, 13% free 3742K/4296K, paused 1ms, total 1ms
D/dalvikvm(31550): GC_FOR_ALLOC freed 303K, 13% free 3742K/4296K, paused 4ms, total 4ms
D/dalvikvm(31550): GC_FOR_ALLOC freed 302K, 13% free 3742K/4296K, paused 4ms, total 4ms
D/dalvikvm(31550): GC_FOR_ALLOC freed 302K, 13% free 3742K/4296K, paused 2ms, total 2ms
D/dalvikvm(31550): GC_FOR_ALLOC freed 302K, 13% free 3742K/4296K, paused 2ms, total 2ms
D/dalvikvm(31550): GC_FOR_ALLOC freed 302K, 13% free 3743K/4296K, paused 2ms, total 2ms
D/dalvikvm(31550): GC_FOR_ALLOC freed 303K, 13% free 3743K/4296K, paused 3ms, total 3ms
D/dalvikvm(31550): GC_FOR_ALLOC freed 304K, 13% free 3741K/4296K, paused 2ms, total 2ms
D/dalvikvm(31550): GC_FOR_ALLOC freed 303K, 13% free 3741K/4296K, paused 1ms, total 1ms
D/dalvikvm(31550): GC_FOR_ALLOC freed 303K, 13% free 3746K/4296K, paused 2ms, total 2ms
D/dalvikvm(31550): GC_FOR_ALLOC freed 303K, 13% free 3747K/4296K, paused 3ms, total 3ms
W/ViewRootImpl(31550): Dropping event due to no window focus: KeyEvent { action=ACTION_DOWN, keyCode=KEYCODE_DPAD_CENTER, scanCode=0, metaState=0, flags=0x8, repeatCount=0, eventTime=5371561, downTime=5371561, deviceId=-1, source=0x101 }
D/dalvikvm(31550): GC_FOR_ALLOC freed 305K, 13% free 3747K/4296K, paused 3ms, total 3ms
D/dalvikvm(31550): GC_FOR_ALLOC freed 302K, 13% free 3748K/4296K, paused 2ms, total 2ms
D/dalvikvm(31550): GC_FOR_ALLOC freed 302K, 13% free 3748K/4296K, paused 1ms, total 1ms
D/dalvikvm(31550): GC_FOR_ALLOC freed 302K, 13% free 3749K/4296K, paused 1ms, total 2ms
W/EGL_emulation(31550): eglSurfaceAttrib not implemented 3093 12436
D/dalvikvm(31550): GC_FOR_ALLOC freed 302K, 13% free 3749K/4296K, paused 1ms, total 1ms
D/dalvikvm(31550): GC_FOR_ALLOC freed 302K, 13% free 3749K/4296K, paused 2ms, total 2ms
D/dalvikvm(31550): GC_FOR_ALLOC freed 303K, 13% free 3749K/4296K, paused 2ms, total 2ms
D/dalvikvm(31550): GC_FOR_ALLOC freed 302K, 13% free 3749K/4296K, paused 3ms, total 3ms
D/dalvikvm(31550): GC_FOR_ALLOC freed 304K, 13% free 3748K/4296K, paused 2ms, total 2ms
D/dalvikvm(31550): GC_FOR_ALLOC freed 302K, 13% free 3748K/4296K, paused 1ms, total 1ms
D/dalvikvm(31550): GC_FOR_ALLOC freed 302K, 13% free 3748K/4296K, paused 2ms, total 2ms
D/dalvikvm(31550): GC_FOR_ALLOC freed 304K, 13% free 3748K/4296K, paused 3ms, total 3ms
D/dalvikvm(31550): GC_FOR_ALLOC freed 302K, 13% free 3748K/4296K, paused 2ms, total 2ms
D/dalvikvm(31550): GC_FOR_ALLOC freed 302K, 13% free 3748K/4296K, paused 1ms, total 1ms
D/dalvikvm(31550): GC_FOR_ALLOC freed 302K, 13% free 3748K/4296K, paused 1ms, total 1ms
D/dalvikvm(31550): GC_FOR_ALLOC freed 302K, 13% free 3748K/4296K, paused 3ms, total 3ms
D/dalvikvm(31550): GC_FOR_ALLOC freed 302K, 13% free 3748K/4296K, paused 3ms, total 3ms
D/dalvikvm(31550): GC_FOR_ALLOC freed 303K, 13% free 3748K/4296K, paused 2ms, total 2ms
D/dalvikvm(31550): GC_FOR_ALLOC freed 302K, 13% free 3748K/4296K, paused 2ms, total 2ms
D/dalvikvm(31550): GC_FOR_ALLOC freed 302K, 13% free 3748K/4296K, paused 2ms, total 2ms
D/dalvikvm(31550): GC_FOR_ALLOC freed 302K, 13% free 3748K/4296K, paused 2ms, total 2ms
D/dalvikvm(31550): GC_FOR_ALLOC freed 303K, 13% free 3748K/4296K, paused 6ms, total 6ms
I/ActivityManager(  346): START u0 {act=android.intent.action.MAIN cat=[android.intent.category.HOME] flg=0x10200000 cmp=com.vphone.launcher/.Launcher} from pid 346
D/dalvikvm(31550): GC_FOR_ALLOC freed 302K, 13% free 3748K/4296K, paused 4ms, total 4ms
D/dalvikvm(31550): GC_FOR_ALLOC freed 302K, 13% free 3748K/4296K, paused 4ms, total 4ms
D/dalvikvm(31550): GC_FOR_ALLOC freed 303K, 13% free 3748K/4296K, paused 3ms, total 3ms
D/dalvikvm(31550): GC_FOR_ALLOC freed 303K, 13% free 3748K/4296K, paused 2ms, total 2ms
D/dalvikvm(31550): GC_FOR_ALLOC freed 303K, 13% free 3748K/4296K, paused 2ms, total 2ms
D/dalvikvm(31550): GC_FOR_ALLOC freed 304K, 13% free 3748K/4296K, paused 2ms, total 2ms
D/dalvikvm(31550): GC_FOR_ALLOC freed 303K, 13% free 3748K/4296K, paused 3ms, total 3ms
D/dalvikvm(31550): GC_FOR_ALLOC freed 302K, 13% free 3748K/4296K, paused 2ms, total 2ms
D/dalvikvm(31550): GC_FOR_ALLOC freed 303K, 13% free 3749K/4296K, paused 2ms, total 2ms
D/dalvikvm(31550): GC_FOR_ALLOC freed 302K, 13% free 3749K/4296K, paused 2ms, total 2ms
D/dalvikvm(31550): GC_FOR_ALLOC freed 303K, 13% free 3749K/4296K, paused 5ms, total 5ms
D/dalvikvm(31550): GC_FOR_ALLOC freed 305K, 13% free 3748K/4296K, paused 2ms, total 2ms
D/dalvikvm(31550): GC_FOR_ALLOC freed 308K, 13% free 3748K/4296K, paused 3ms, total 3ms
W/ViewRootImpl(31550): Dropping event due to no window focus: KeyEvent { action=ACTION_DOWN, keyCode=KEYCODE_DPAD_DOWN, scanCode=0, metaState=0, flags=0x8, repeatCount=0, eventTime=5371687, downTime=5371687, deviceId=-1, source=0x101 }
W/ViewRootImpl(31550): Dropping event due to no window focus: KeyEvent { action=ACTION_DOWN, keyCode=KEYCODE_DPAD_RIGHT, scanCode=0, metaState=0, flags=0x8, repeatCount=0, eventTime=5371691, downTime=5371691, deviceId=-1, source=0x101 }
W/ViewRootImpl(31550): Dropping event due to no window focus: KeyEvent { action=ACTION_DOWN, keyCode=KEYCODE_MENU, scanCode=0, metaState=0, flags=0x8, repeatCount=0, eventTime=5371694, downTime=5371694, deviceId=-1, source=0x101 }
D/dalvikvm(31550): GC_FOR_ALLOC freed 303K, 13% free 3748K/4296K, paused 4ms, total 4ms
D/dalvikvm(31550): GC_FOR_ALLOC freed 302K, 13% free 3748K/4296K, paused 3ms, total 3ms
D/dalvikvm(31550): GC_FOR_ALLOC freed 302K, 13% free 3748K/4296K, paused 2ms, total 3ms
D/dalvikvm(31550): GC_FOR_ALLOC freed 302K, 13% free 3748K/4296K, paused 2ms, total 2ms
D/dalvikvm(31550): GC_FOR_ALLOC freed 309K, 13% free 3742K/4296K, paused 2ms, total 2ms
D/dalvikvm(31550): GC_FOR_ALLOC freed 303K, 13% free 3741K/4296K, paused 2ms, total 2ms
D/dalvikvm(31550): GC_FOR_ALLOC freed 302K, 13% free 3742K/4296K, paused 2ms, total 2ms
W/InputMethodManagerService(  346): Window already focused, ignoring focus gain of: com.android.internal.view.IInputMethodClient$Stub$Proxy@4aa118c4 attribute=null, token = android.os.BinderProxy@4aabdb04
D/dalvikvm(31550): GC_FOR_ALLOC freed 302K, 13% free 3742K/4296K, paused 3ms, total 3ms
D/dalvikvm(31550): GC_FOR_ALLOC freed 304K, 13% free 3742K/4296K, paused 3ms, total 3ms
D/dalvikvm(31550): GC_FOR_ALLOC freed 303K, 13% free 3742K/4296K, paused 5ms, total 5ms
D/dalvikvm(31550): GC_FOR_ALLOC freed 302K, 13% free 3742K/4296K, paused 1ms, total 1ms
D/dalvikvm(31550): GC_FOR_ALLOC freed 303K, 13% free 3742K/4296K, paused 1ms, total 1ms
D/dalvikvm(31550): GC_FOR_ALLOC freed 303K, 13% free 3742K/4296K, paused 5ms, total 5ms
W/ViewRootImpl(31550): Dropping event due to no window focus: KeyEvent { action=ACTION_DOWN, keyCode=KEYCODE_DPAD_UP, scanCode=0, metaState=0, flags=0x8, repeatCount=0, eventTime=5371754, downTime=5371754, deviceId=-1, source=0x101 }
W/ViewRootImpl(31550): Dropping event due to no window focus: KeyEvent { action=ACTION_DOWN, keyCode=KEYCODE_DPAD_RIGHT, scanCode=0, metaState=0, flags=0x8, repeatCount=0, eventTime=5371757, downTime=5371757, deviceId=-1, source=0x101 }
D/dalvikvm(31550): GC_FOR_ALLOC freed 309K, 13% free 3747K/4296K, paused 1ms, total 1ms
D/dalvikvm(31550): GC_FOR_ALLOC freed 302K, 13% free 3748K/4296K, paused 1ms, total 1ms
D/dalvikvm(31550): GC_FOR_ALLOC freed 302K, 13% free 3748K/4296K, paused 1ms, total 1ms
W/EGL_emulation(31550): eglSurfaceAttrib not implemented 3093 12436
D/dalvikvm(31550): GC_FOR_ALLOC freed 302K, 13% free 3749K/4296K, paused 3ms, total 3ms
D/dalvikvm(31550): GC_FOR_ALLOC freed 302K, 13% free 3749K/4296K, paused 3ms, total 3ms
D/dalvikvm(31550): GC_FOR_ALLOC freed 302K, 13% free 3749K/4296K, paused 3ms, total 3ms
D/dalvikvm(31550): GC_FOR_ALLOC freed 302K, 13% free 3749K/4296K, paused 2ms, total 2ms
W/ViewRootImpl(31550): Dropping event due to no window focus: KeyEvent { action=ACTION_DOWN, keyCode=KEYCODE_DPAD_UP, scanCode=0, metaState=0, flags=0x8, repeatCount=0, eventTime=5371759, downTime=5371759, deviceId=-1, source=0x101 }
D/dalvikvm(31550): GC_FOR_ALLOC freed 305K, 13% free 3749K/4296K, paused 2ms, total 2ms
D/dalvikvm(31550): GC_FOR_ALLOC freed 306K, 13% free 3749K/4296K, paused 4ms, total 4ms
W/ViewRootImpl(31550): Dropping event due to no window focus: KeyEvent { action=ACTION_DOWN, keyCode=KEYCODE_MENU, scanCode=0, metaState=0, flags=0x8, repeatCount=0, eventTime=5371778, downTime=5371778, deviceId=-1, source=0x101 }
D/dalvikvm(31550): GC_FOR_ALLOC freed 303K, 13% free 3749K/4296K, paused 3ms, total 3ms
D/dalvikvm(31550): GC_FOR_ALLOC freed 302K, 13% free 3749K/4296K, paused 2ms, total 2ms
D/dalvikvm(31550): GC_FOR_ALLOC freed 302K, 13% free 3749K/4296K, paused 1ms, total 1ms
D/dalvikvm(31550): GC_FOR_ALLOC freed 303K, 13% free 3749K/4296K, paused 3ms, total 3ms
I/ActivityManager(  346): START u0 {act=android.intent.action.MAIN cat=[android.intent.category.LAUNCHER] flg=0x10200000 cmp=com.windyty.android/com.windyty.StartActivity} from pid 31540
D/dalvikvm(31550): GC_FOR_ALLOC freed 309K, 13% free 3748K/4296K, paused 4ms, total 4ms
W/ViewRootImpl(31550): Dropping event due to no window focus: KeyEvent { action=ACTION_DOWN, keyCode=KEYCODE_DPAD_LEFT, scanCode=0, metaState=0, flags=0x400, repeatCount=0, eventTime=5371793, downTime=5371793, deviceId=-1, source=0x101 }
W/ViewRootImpl(31550): Dropping event due to no window focus: KeyEvent { action=ACTION_DOWN, keyCode=KEYCODE_DPAD_LEFT, scanCode=0, metaState=0, flags=0x400, repeatCount=0, eventTime=5371793, downTime=5371793, deviceId=-1, source=0x101 }
W/ViewRootImpl(31550): Dropping event due to no window focus: KeyEvent { action=ACTION_DOWN, keyCode=KEYCODE_MENU, scanCode=0, metaState=0, flags=0x8, repeatCount=0, eventTime=5371801, downTime=5371801, deviceId=-1, source=0x101 }
D/dalvikvm(31550): GC_FOR_ALLOC freed 305K, 13% free 3747K/4296K, paused 3ms, total 3ms
D/dalvikvm(31550): GC_FOR_ALLOC freed 303K, 13% free 3747K/4296K, paused 1ms, total 1ms
D/dalvikvm(31550): GC_FOR_ALLOC freed 302K, 13% free 3747K/4296K, paused 2ms, total 2ms
D/dalvikvm(31550): GC_FOR_ALLOC freed 302K, 13% free 3748K/4296K, paused 2ms, total 2ms
D/dalvikvm(31550): GC_FOR_ALLOC freed 307K, 13% free 3743K/4296K, paused 4ms, total 4ms
W/InputMethodManagerService(  346): Window already focused, ignoring focus gain of: com.android.internal.view.IInputMethodClient$Stub$Proxy@4aabf98c attribute=null, token = android.os.BinderProxy@4aabdb04
D/dalvikvm(31550): GC_FOR_ALLOC freed 304K, 13% free 3742K/4296K, paused 2ms, total 2ms
D/dalvikvm(31550): GC_FOR_ALLOC freed 302K, 13% free 3742K/4296K, paused 2ms, total 2ms
D/dalvikvm(31550): GC_FOR_ALLOC freed 303K, 13% free 3742K/4296K, paused 3ms, total 3ms
D/dalvikvm(31550): GC_FOR_ALLOC freed 303K, 13% free 3742K/4296K, paused 3ms, total 3ms
D/dalvikvm(31550): GC_FOR_ALLOC freed 302K, 13% free 3742K/4296K, paused 2ms, total 2ms
D/dalvikvm(31550): GC_FOR_ALLOC freed 302K, 13% free 3742K/4296K, paused 1ms, total 1ms
D/dalvikvm(31550): GC_FOR_ALLOC freed 302K, 13% free 3743K/4296K, paused 1ms, total 1ms
D/dalvikvm(31550): GC_FOR_ALLOC freed 302K, 13% free 3743K/4296K, paused 1ms, total 1ms
D/dalvikvm(31550): GC_FOR_ALLOC freed 302K, 13% free 3743K/4296K, paused 1ms, total 1ms
D/dalvikvm(31550): GC_FOR_ALLOC freed 302K, 13% free 3743K/4296K, paused 2ms, total 2ms
D/dalvikvm(31550): GC_FOR_ALLOC freed 302K, 13% free 3746K/4296K, paused 3ms, total 3ms
I/ActivityManager(  346): START u0 {act=android.intent.action.CALL_BUTTON flg=0x10000000} from pid 31550
D/dalvikvm(31550): GC_FOR_ALLOC freed 303K, 13% free 3747K/4296K, paused 2ms, total 2ms
D/dalvikvm(31550): GC_FOR_ALLOC freed 305K, 13% free 3746K/4296K, paused 3ms, total 3ms
D/dalvikvm(31550): GC_FOR_ALLOC freed 302K, 13% free 3746K/4296K, paused 3ms, total 3ms
W/PhoneFallbackEventHandler(31550): No activity found for android.intent.action.CALL_BUTTON.
D/dalvikvm(31550): GC_FOR_ALLOC freed 303K, 13% free 3746K/4296K, paused 4ms, total 4ms
D/dalvikvm(31550): GC_FOR_ALLOC freed 302K, 13% free 3746K/4296K, paused 2ms, total 3ms
D/dalvikvm(31550): GC_FOR_ALLOC freed 302K, 13% free 3746K/4296K, paused 2ms, total 2ms
D/dalvikvm(31550): GC_FOR_ALLOC freed 302K, 13% free 3746K/4296K, paused 1ms, total 2ms
D/dalvikvm(31550): GC_FOR_ALLOC freed 302K, 13% free 3746K/4296K, paused 3ms, total 3ms
D/dalvikvm(31550): GC_FOR_ALLOC freed 303K, 13% free 3746K/4296K, paused 3ms, total 3ms
D/dalvikvm(31550): GC_FOR_ALLOC freed 302K, 13% free 3746K/4296K, paused 1ms, total 1ms
D/dalvikvm(31550): GC_FOR_ALLOC freed 302K, 13% free 3746K/4296K, paused 2ms, total 2ms
D/dalvikvm(31550): GC_FOR_ALLOC freed 302K, 13% free 3746K/4296K, paused 2ms, total 2ms
D/dalvikvm(31550): GC_FOR_ALLOC freed 302K, 13% free 3746K/4296K, paused 2ms, total 2ms
D/dalvikvm(31550): GC_FOR_ALLOC freed 304K, 13% free 3746K/4296K, paused 4ms, total 5ms
D/dalvikvm(31550): GC_FOR_ALLOC freed 302K, 13% free 3746K/4296K, paused 2ms, total 2ms
D/dalvikvm(31550): GC_FOR_ALLOC freed 302K, 13% free 3746K/4296K, paused 1ms, total 1ms
D/dalvikvm(31550): GC_FOR_ALLOC freed 302K, 13% free 3747K/4296K, paused 1ms, total 1ms
D/dalvikvm(31550): GC_FOR_ALLOC freed 302K, 13% free 3747K/4296K, paused 1ms, total 1ms
D/dalvikvm(31550): GC_FOR_ALLOC freed 302K, 13% free 3747K/4296K, paused 3ms, total 3ms
D/dalvikvm(31550): GC_FOR_ALLOC freed 304K, 13% free 3746K/4296K, paused 3ms, total 3ms
D/dalvikvm(31550): GC_FOR_ALLOC freed 302K, 13% free 3746K/4296K, paused 3ms, total 3ms
D/dalvikvm(31550): GC_FOR_ALLOC freed 302K, 13% free 3746K/4296K, paused 2ms, total 2ms
D/dalvikvm(31550): GC_FOR_ALLOC freed 303K, 13% free 3746K/4296K, paused 5ms, total 5ms
D/dalvikvm(31550): GC_FOR_ALLOC freed 302K, 13% free 3746K/4296K, paused 2ms, total 2ms
D/dalvikvm(31550): GC_FOR_ALLOC freed 302K, 13% free 3746K/4296K, paused 2ms, total 2ms
D/dalvikvm(31550): GC_FOR_ALLOC freed 302K, 13% free 3746K/4296K, paused 2ms, total 2ms
D/dalvikvm(31550): GC_FOR_ALLOC freed 302K, 13% free 3746K/4296K, paused 1ms, total 2ms
D/dalvikvm(31550): GC_FOR_ALLOC freed 302K, 13% free 3746K/4296K, paused 2ms, total 2ms
D/dalvikvm(31550): GC_FOR_ALLOC freed 304K, 13% free 3751K/4296K, paused 2ms, total 2ms
W/ViewRootImpl(31550): Dropping event due to no window focus: KeyEvent { action=ACTION_DOWN, keyCode=KEYCODE_DPAD_DOWN, scanCode=0, metaState=0, flags=0x8, repeatCount=0, eventTime=5371934, downTime=5371934, deviceId=-1, source=0x101 }
D/dalvikvm(31550): GC_FOR_ALLOC freed 306K, 13% free 3752K/4296K, paused 2ms, total 2ms
D/dalvikvm(31550): GC_FOR_ALLOC freed 302K, 13% free 3752K/4296K, paused 1ms, total 1ms
W/EGL_emulation(31550): eglSurfaceAttrib not implemented 3093 12436
D/dalvikvm(31550): GC_FOR_ALLOC freed 302K, 13% free 3753K/4296K, paused 2ms, total 2ms
D/dalvikvm(31550): GC_FOR_ALLOC freed 302K, 13% free 3753K/4296K, paused 3ms, total 3ms
D/dalvikvm(31550): GC_FOR_ALLOC freed 302K, 13% free 3753K/4296K, paused 2ms, total 2ms
W/ViewRootImpl(31550): Dropping event due to no window focus: KeyEvent { action=ACTION_DOWN, keyCode=KEYCODE_MENU, scanCode=0, metaState=0, flags=0x8, repeatCount=0, eventTime=5371959, downTime=5371959, deviceId=-1, source=0x101 }
V/PanelView(  531): animationTick called with dtms=0; nothing to do (h=0.0 v=4500.0)
W/WindowManager(  346): updateFocusedWindowLocked, focusedAppToken is null.
D/dalvikvm(31550): GC_FOR_ALLOC freed 308K, 13% free 3752K/4296K, paused 4ms, total 4ms
D/dalvikvm(31550): GC_FOR_ALLOC freed 303K, 13% free 3752K/4296K, paused 3ms, total 3ms
D/dalvikvm(31550): GC_FOR_ALLOC freed 302K, 13% free 3752K/4296K, paused 2ms, total 2ms
D/dalvikvm(31550): GC_FOR_ALLOC freed 302K, 13% free 3752K/4296K, paused 2ms, total 2ms
D/dalvikvm(31550): GC_FOR_ALLOC freed 302K, 13% free 3752K/4296K, paused 4ms, total 4ms
D/dalvikvm(31550): GC_FOR_ALLOC freed 302K, 13% free 3752K/4296K, paused 4ms, total 4ms
D/dalvikvm(31550): GC_FOR_ALLOC freed 303K, 13% free 3752K/4296K, paused 2ms, total 2ms
D/dalvikvm(31550): GC_FOR_ALLOC freed 302K, 13% free 3752K/4296K, paused 3ms, total 3ms
W/EGL_emulation(  531): eglSurfaceAttrib not implemented 3093 12436
D/dalvikvm(31550): GC_FOR_ALLOC freed 302K, 13% free 3752K/4296K, paused 2ms, total 2ms
D/dalvikvm(31550): GC_FOR_ALLOC freed 303K, 13% free 3752K/4296K, paused 3ms, total 3ms
D/dalvikvm(31550): GC_FOR_ALLOC freed 302K, 13% free 3752K/4296K, paused 2ms, total 2ms
D/dalvikvm(31550): GC_FOR_ALLOC freed 302K, 13% free 3752K/4296K, paused 2ms, total 2ms
D/dalvikvm(31550): GC_FOR_ALLOC freed 302K, 13% free 3752K/4296K, paused 3ms, total 3ms
D/dalvikvm(31550): GC_FOR_ALLOC freed 302K, 13% free 3752K/4296K, paused 4ms, total 4ms
D/dalvikvm(31550): GC_FOR_ALLOC freed 303K, 13% free 3752K/4296K, paused 3ms, total 3ms
D/dalvikvm(31550): GC_FOR_ALLOC freed 302K, 13% free 3752K/4296K, paused 4ms, total 4ms
W/ViewRootImpl(  531): Dropping event due to no window focus: KeyEvent { action=ACTION_DOWN, keyCode=KEYCODE_DPAD_RIGHT, scanCode=0, metaState=0, flags=0x8, repeatCount=0, eventTime=5371987, downTime=5371987, deviceId=-1, source=0x101 }
D/dalvikvm(31550): GC_FOR_ALLOC freed 302K, 13% free 3752K/4296K, paused 3ms, total 3ms
D/dalvikvm(31550): GC_FOR_ALLOC freed 302K, 13% free 3752K/4296K, paused 4ms, total 5ms
D/dalvikvm(31550): GC_FOR_ALLOC freed 303K, 13% free 3752K/4296K, paused 3ms, total 3ms
D/dalvikvm(31550): GC_FOR_ALLOC freed 302K, 13% free 3752K/4296K, paused 2ms, total 2ms
D/dalvikvm(31550): GC_FOR_ALLOC freed 302K, 13% free 3752K/4296K, paused 3ms, total 3ms
D/dalvikvm(31550): GC_FOR_ALLOC freed 302K, 13% free 3752K/4296K, paused 3ms, total 3ms
D/dalvikvm(31550): GC_FOR_ALLOC freed 303K, 13% free 3753K/4296K, paused 3ms, total 3ms
D/dalvikvm(31550): GC_FOR_ALLOC freed 303K, 13% free 3752K/4296K, paused 3ms, total 3ms
D/dalvikvm(31550): GC_FOR_ALLOC freed 302K, 13% free 3752K/4296K, paused 1ms, total 1ms
W/ViewRootImpl(  531): Dropping event due to no window focus: KeyEvent { action=ACTION_DOWN, keyCode=KEYCODE_DPAD_CENTER, scanCode=0, metaState=0, flags=0x8, repeatCount=0, eventTime=5372048, downTime=5372048, deviceId=-1, source=0x101 }
D/dalvikvm(31550): GC_FOR_ALLOC freed 303K, 13% free 3752K/4296K, paused 3ms, total 3ms
D/dalvikvm(31550): GC_FOR_ALLOC freed 302K, 13% free 3752K/4296K, paused 2ms, total 2ms
D/dalvikvm(31550): GC_FOR_ALLOC freed 302K, 13% free 3752K/4296K, paused 2ms, total 2ms
D/dalvikvm(31550): GC_FOR_ALLOC freed 302K, 13% free 3752K/4296K, paused 1ms, total 2ms
D/dalvikvm(31550): GC_FOR_ALLOC freed 302K, 13% free 3752K/4296K, paused 2ms, total 2ms
D/dalvikvm(31550): GC_FOR_ALLOC freed 303K, 13% free 3752K/4296K, paused 3ms, total 3ms
D/dalvikvm(31550): GC_FOR_ALLOC freed 302K, 13% free 3752K/4296K, paused 2ms, total 3ms
D/dalvikvm(31550): GC_FOR_ALLOC freed 302K, 13% free 3752K/4296K, paused 3ms, total 3ms
D/dalvikvm(31550): GC_FOR_ALLOC freed 302K, 13% free 3752K/4296K, paused 10ms, total 10ms
D/dalvikvm(31550): GC_FOR_ALLOC freed 303K, 13% free 3752K/4296K, paused 2ms, total 2ms
D/dalvikvm(31550): GC_FOR_ALLOC freed 302K, 13% free 3752K/4296K, paused 2ms, total 2ms
D/dalvikvm(31550): GC_FOR_ALLOC freed 302K, 13% free 3752K/4296K, paused 3ms, total 3ms
V/PanelView(  531): animationTick called with dtms=0; nothing to do (h=584.2997 v=-4500.0)
D/dalvikvm(31550): GC_FOR_ALLOC freed 302K, 13% free 3752K/4296K, paused 3ms, total 4ms
I/InputDispatcher(  346): Dropped event because of pending overdue app switch.
W/InputManager(  346): Input event injection from pid 31540 failed.
D/dalvikvm(31550): GC_FOR_ALLOC freed 302K, 13% free 3752K/4296K, paused 3ms, total 3ms
D/dalvikvm(31550): GC_FOR_ALLOC freed 303K, 13% free 3752K/4296K, paused 3ms, total 4ms
D/dalvikvm(31550): GC_FOR_ALLOC freed 303K, 13% free 3752K/4296K, paused 2ms, total 2ms
D/dalvikvm(31550): GC_FOR_ALLOC freed 302K, 13% free 3752K/4296K, paused 3ms, total 3ms
D/dalvikvm(31550): GC_FOR_ALLOC freed 302K, 13% free 3752K/4296K, paused 3ms, total 3ms
V/PanelView(  531): animationTick called with dtms=0; nothing to do (h=579.7967 v=-3000.0)
V/PanelView(  531): animationTick called with dtms=0; nothing to do (h=579.7967 v=-3000.0)
D/dalvikvm(31550): GC_FOR_ALLOC freed 303K, 13% free 3752K/4296K, paused 6ms, total 6ms
V/PanelView(  531): animationTick called with dtms=-12; nothing to do (h=579.7967 v=-3000.0)
D/dalvikvm(31550): GC_FOR_ALLOC freed 303K, 13% free 3752K/4296K, paused 4ms, total 4ms
D/dalvikvm(31550): GC_FOR_ALLOC freed 302K, 13% free 3752K/4296K, paused 2ms, total 2ms
I/ActivityManager(  346): START u0 {act=android.intent.action.VIEW dat=content://media/external/images/media/665 typ=image/png flg=0x10000000 cmp=com.android.gallery3d/.app.GalleryActivity bnds=[0,77][1280,461]} from pid -1
D/dalvikvm(31550): GC_FOR_ALLOC freed 302K, 13% free 3752K/4296K, paused 2ms, total 2ms
D/dalvikvm(31550): GC_FOR_ALLOC freed 305K, 13% free 3752K/4296K, paused 2ms, total 3ms
W/ViewRootImpl(31550): Dropping event due to no window focus: KeyEvent { action=ACTION_DOWN, keyCode=KEYCODE_DPAD_LEFT, scanCode=0, metaState=0, flags=0x8, repeatCount=0, eventTime=5372164, downTime=5372164, deviceId=-1, source=0x101 }
D/dalvikvm(31550): GC_FOR_ALLOC freed 302K, 13% free 3752K/4296K, paused 2ms, total 2ms
V/PanelView(  531): animationTick called with dtms=0; nothing to do (h=579.7967 v=-3000.0)
V/PanelView(  531): animationTick called with dtms=-2; nothing to do (h=579.7967 v=-3000.0)
D/dalvikvm(31550): GC_FOR_ALLOC freed 302K, 13% free 3752K/4296K, paused 3ms, total 3ms
D/dalvikvm(31550): GC_FOR_ALLOC freed 303K, 13% free 3752K/4296K, paused 2ms, total 2ms
D/dalvikvm(31550): GC_FOR_ALLOC freed 302K, 13% free 3752K/4296K, paused 2ms, total 2ms
V/PanelView(  531): animationTick called with dtms=0; nothing to do (h=579.7967 v=-3000.0)
V/PanelView(  531): animationTick called with dtms=0; nothing to do (h=579.7967 v=-3000.0)
D/dalvikvm(31550): GC_FOR_ALLOC freed 302K, 13% free 3752K/4296K, paused 2ms, total 2ms
V/PanelView(  531): animationTick called with dtms=-1; nothing to do (h=579.7967 v=-3000.0)
D/dalvikvm(31550): GC_FOR_ALLOC freed 302K, 13% free 3752K/4296K, paused 3ms, total 3ms
D/dalvikvm(31550): GC_FOR_ALLOC freed 302K, 13% free 3752K/4296K, paused 2ms, total 2ms
D/dalvikvm(31550): GC_FOR_ALLOC freed 303K, 13% free 3752K/4296K, paused 6ms, total 6ms
D/dalvikvm(31550): GC_FOR_ALLOC freed 302K, 13% free 3752K/4296K, paused 3ms, total 3ms
D/dalvikvm(31550): GC_FOR_ALLOC freed 302K, 13% free 3752K/4296K, paused 3ms, total 3ms
D/dalvikvm(31550): GC_FOR_ALLOC freed 302K, 13% free 3752K/4296K, paused 2ms, total 2ms
V/PanelView(  531): animationTick called with dtms=0; nothing to do (h=481.59708 v=-4500.0)
V/PanelView(  531): animationTick called with dtms=-11; nothing to do (h=481.59708 v=-4500.0)
D/dalvikvm(31550): GC_FOR_ALLOC freed 304K, 13% free 3752K/4296K, paused 2ms, total 2ms
D/dalvikvm(31550): GC_FOR_ALLOC freed 302K, 13% free 3752K/4296K, paused 2ms, total 2ms
D/dalvikvm(31550): GC_FOR_ALLOC freed 302K, 13% free 3752K/4296K, paused 4ms, total 4ms
D/dalvikvm(31550): GC_FOR_ALLOC freed 303K, 13% free 3752K/4296K, paused 5ms, total 5ms
D/dalvikvm(31550): GC_FOR_ALLOC freed 302K, 13% free 3752K/4296K, paused 2ms, total 2ms
D/dalvikvm(31550): GC_FOR_ALLOC freed 303K, 13% free 3752K/4296K, paused 2ms, total 2ms
D/dalvikvm(31550): GC_FOR_ALLOC freed 302K, 13% free 3752K/4296K, paused 2ms, total 2ms
D/dalvikvm(31550): GC_FOR_ALLOC freed 302K, 13% free 3753K/4296K, paused 4ms, total 4ms
D/dalvikvm(31550): GC_FOR_ALLOC freed 303K, 13% free 3752K/4296K, paused 3ms, total 3ms
D/dalvikvm(31550): GC_FOR_ALLOC freed 302K, 13% free 3752K/4296K, paused 2ms, total 2ms
D/dalvikvm(31550): GC_FOR_ALLOC freed 303K, 13% free 3752K/4296K, paused 2ms, total 2ms
D/dalvikvm(31550): GC_FOR_ALLOC freed 302K, 13% free 3752K/4296K, paused 3ms, total 3ms
D/dalvikvm(31550): GC_FOR_ALLOC freed 303K, 13% free 3752K/4296K, paused 1ms, total 1ms
D/dalvikvm(31550): GC_FOR_ALLOC freed 302K, 13% free 3752K/4296K, paused 2ms, total 2ms
D/dalvikvm(31550): GC_FOR_ALLOC freed 303K, 13% free 3751K/4296K, paused 2ms, total 2ms
D/dalvikvm(31550): GC_FOR_ALLOC freed 303K, 13% free 3751K/4296K, paused 3ms, total 3ms
I/ActivityManager(  346): START u0 {act=android.intent.action.MAIN cat=[android.intent.category.LAUNCHER] flg=0x10200000 cmp=com.windyty.android/com.windyty.StartActivity} from pid 31540
W/ViewRootImpl(31550): Dropping event due to no window focus: KeyEvent { action=ACTION_DOWN, keyCode=KEYCODE_DPAD_DOWN, scanCode=0, metaState=0, flags=0x8, repeatCount=0, eventTime=5372291, downTime=5372291, deviceId=-1, source=0x101 }
W/InputMethodManagerService(  346): Window already focused, ignoring focus gain of: com.android.internal.view.IInputMethodClient$Stub$Proxy@4aaab8a4 attribute=null, token = android.os.BinderProxy@4aabdb04
V/PanelView(  531): animationTick called with dtms=0; nothing to do (h=171.67905 v=-3000.0)
V/PanelView(  531): animationTick called with dtms=0; nothing to do (h=171.67905 v=-3000.0)
D/dalvikvm(31550): GC_FOR_ALLOC freed 310K, 13% free 3746K/4296K, paused 3ms, total 4ms
V/PanelView(  531): animationTick called with dtms=-7; nothing to do (h=171.67905 v=-3000.0)
D/dalvikvm(31550): GC_FOR_ALLOC freed 303K, 13% free 3746K/4296K, paused 2ms, total 2ms
D/dalvikvm(31550): GC_FOR_ALLOC freed 302K, 13% free 3746K/4296K, paused 2ms, total 2ms
D/dalvikvm(31550): GC_FOR_ALLOC freed 302K, 13% free 3746K/4296K, paused 1ms, total 2ms
D/dalvikvm(31550): GC_FOR_ALLOC freed 302K, 13% free 3746K/4296K, paused 6ms, total 6ms
D/dalvikvm(31550): GC_FOR_ALLOC freed 303K, 13% free 3746K/4296K, paused 2ms, total 2ms
D/dalvikvm(31550): GC_FOR_ALLOC freed 302K, 13% free 3746K/4296K, paused 2ms, total 2ms
D/dalvikvm(31550): GC_FOR_ALLOC freed 302K, 13% free 3746K/4296K, paused 2ms, total 2ms
D/dalvikvm(31550): GC_FOR_ALLOC freed 303K, 13% free 3746K/4296K, paused 3ms, total 3ms
D/dalvikvm(31550): GC_FOR_ALLOC freed 302K, 13% free 3746K/4296K, paused 3ms, total 3ms
D/dalvikvm(31550): GC_FOR_ALLOC freed 302K, 13% free 3746K/4296K, paused 2ms, total 2ms
D/dalvikvm(31550): GC_FOR_ALLOC freed 303K, 13% free 3746K/4296K, paused 3ms, total 3ms
D/dalvikvm(31550): GC_FOR_ALLOC freed 302K, 13% free 3746K/4296K, paused 3ms, total 3ms
V/PanelView(  531): animationTick called with dtms=0; nothing to do (h=67.07804 v=-3000.0)
V/PanelView(  531): animationTick called with dtms=0; nothing to do (h=67.07804 v=-3000.0)
V/PanelView(  531): animationTick called with dtms=0; nothing to do (h=67.07804 v=-3000.0)
V/PanelView(  531): animationTick called with dtms=0; nothing to do (h=67.07804 v=-3000.0)
V/PanelView(  531): animationTick called with dtms=0; nothing to do (h=67.07804 v=-3000.0)
V/PanelView(  531): animationTick called with dtms=0; nothing to do (h=67.07804 v=-3000.0)
V/PanelView(  531): animationTick called with dtms=0; nothing to do (h=67.07804 v=-3000.0)
V/PanelView(  531): animationTick called with dtms=0; nothing to do (h=67.07804 v=-3000.0)
V/PanelView(  531): animationTick called with dtms=-9; nothing to do (h=67.07804 v=-3000.0)
D/dalvikvm(31550): GC_FOR_ALLOC freed 303K, 13% free 3746K/4296K, paused 7ms, total 7ms
D/dalvikvm(31550): GC_FOR_ALLOC freed 303K, 13% free 3746K/4296K, paused 2ms, total 2ms
V/PanelView(  531): animationTick called with dtms=0; nothing to do (h=67.07804 v=-3000.0)
V/PanelView(  531): animationTick called with dtms=0; nothing to do (h=67.07804 v=-3000.0)
V/PanelView(  531): animationTick called with dtms=0; nothing to do (h=67.07804 v=-3000.0)
V/PanelView(  531): animationTick called with dtms=0; nothing to do (h=67.07804 v=-3000.0)
V/PanelView(  531): animationTick called with dtms=0; nothing to do (h=67.07804 v=-3000.0)
V/PanelView(  531): animationTick called with dtms=0; nothing to do (h=67.07804 v=-3000.0)
V/PanelView(  531): animationTick called with dtms=0; nothing to do (h=67.07804 v=-3000.0)
V/PanelView(  531): animationTick called with dtms=0; nothing to do (h=67.07804 v=-3000.0)
V/PanelView(  531): animationTick called with dtms=-13; nothing to do (h=67.07804 v=-3000.0)
D/dalvikvm(31550): GC_FOR_ALLOC freed 302K, 13% free 3746K/4296K, paused 7ms, total 7ms
D/dalvikvm(31550): GC_FOR_ALLOC freed 302K, 13% free 3746K/4296K, paused 3ms, total 3ms
D/dalvikvm(31550): GC_FOR_ALLOC freed 302K, 13% free 3746K/4296K, paused 2ms, total 2ms
D/dalvikvm(31550): GC_FOR_ALLOC freed 302K, 13% free 3746K/4296K, paused 3ms, total 4ms
D/dalvikvm(31550): GC_FOR_ALLOC freed 303K, 13% free 3746K/4296K, paused 2ms, total 2ms
D/dalvikvm(31550): GC_FOR_ALLOC freed 302K, 13% free 3746K/4296K, paused 1ms, total 2ms
D/dalvikvm(31550): GC_FOR_ALLOC freed 302K, 13% free 3746K/4296K, paused 2ms, total 2ms
D/dalvikvm(31550): GC_FOR_ALLOC freed 302K, 13% free 3746K/4296K, paused 4ms, total 4ms
D/dalvikvm(31550): GC_FOR_ALLOC freed 303K, 13% free 3747K/4296K, paused 2ms, total 2ms
D/dalvikvm(31550): GC_FOR_ALLOC freed 302K, 13% free 3747K/4296K, paused 2ms, total 2ms
D/dalvikvm(31550): GC_FOR_ALLOC freed 302K, 13% free 3747K/4296K, paused 2ms, total 2ms
D/dalvikvm(31550): GC_FOR_ALLOC freed 302K, 13% free 3747K/4296K, paused 2ms, total 2ms
D/dalvikvm(31550): GC_FOR_ALLOC freed 302K, 13% free 3747K/4296K, paused 2ms, total 2ms
D/dalvikvm(31550): GC_FOR_ALLOC freed 304K, 13% free 3746K/4296K, paused 4ms, total 4ms
D/dalvikvm(31550): GC_FOR_ALLOC freed 302K, 13% free 3746K/4296K, paused 2ms, total 2ms
D/dalvikvm(31550): GC_FOR_ALLOC freed 302K, 13% free 3746K/4296K, paused 1ms, total 1ms
D/dalvikvm(31550): GC_FOR_ALLOC freed 302K, 13% free 3746K/4296K, paused 1ms, total 1ms
D/dalvikvm(31550): GC_FOR_ALLOC freed 304K, 13% free 3746K/4296K, paused 5ms, total 5ms
D/dalvikvm(31550): GC_FOR_ALLOC freed 303K, 13% free 3746K/4296K, paused 3ms, total 3ms
D/dalvikvm(31550): GC_FOR_ALLOC freed 302K, 13% free 3746K/4296K, paused 2ms, total 2ms
D/dalvikvm(31550): GC_FOR_ALLOC freed 302K, 13% free 3746K/4296K, paused 2ms, total 2ms
D/dalvikvm(31550): GC_FOR_ALLOC freed 302K, 13% free 3746K/4296K, paused 4ms, total 4ms
D/dalvikvm(31550): GC_FOR_ALLOC freed 303K, 13% free 3746K/4296K, paused 1ms, total 1ms
D/dalvikvm(31550): GC_FOR_ALLOC freed 302K, 13% free 3746K/4296K, paused 2ms, total 2ms
D/dalvikvm(31550): GC_FOR_ALLOC freed 302K, 13% free 3746K/4296K, paused 2ms, total 2ms
D/dalvikvm(31550): GC_FOR_ALLOC freed 302K, 13% free 3746K/4296K, paused 2ms, total 2ms
D/dalvikvm(31550): GC_FOR_ALLOC freed 303K, 13% free 3746K/4296K, paused 3ms, total 3ms
D/dalvikvm(31550): GC_FOR_ALLOC freed 302K, 13% free 3746K/4296K, paused 2ms, total 2ms
D/dalvikvm(31550): GC_FOR_ALLOC freed 302K, 13% free 3746K/4296K, paused 2ms, total 2ms
D/dalvikvm(31550): GC_FOR_ALLOC freed 302K, 13% free 3746K/4296K, paused 2ms, total 2ms
D/dalvikvm(31550): GC_FOR_ALLOC freed 302K, 13% free 3746K/4296K, paused 2ms, total 2ms
D/dalvikvm(31550): GC_FOR_ALLOC freed 303K, 13% free 3746K/4296K, paused 3ms, total 3ms
D/dalvikvm(31550): GC_FOR_ALLOC freed 303K, 13% free 3746K/4296K, paused 2ms, total 2ms
D/dalvikvm(31550): GC_FOR_ALLOC freed 302K, 13% free 3746K/4296K, paused 3ms, total 3ms
D/dalvikvm(31550): GC_FOR_ALLOC freed 302K, 13% free 3746K/4296K, paused 2ms, total 2ms
W/EGL_emulation(  531): eglSurfaceAttrib not implemented 3093 12436
D/dalvikvm(31550): GC_FOR_ALLOC freed 302K, 13% free 3746K/4296K, paused 2ms, total 2ms
D/dalvikvm(31550): GC_FOR_ALLOC freed 302K, 13% free 3746K/4296K, paused 3ms, total 3ms
D/dalvikvm(31550): GC_FOR_ALLOC freed 302K, 13% free 3747K/4296K, paused 2ms, total 2ms
D/dalvikvm(31550): GC_FOR_ALLOC freed 303K, 13% free 3747K/4296K, paused 2ms, total 2ms
D/dalvikvm(31550): GC_FOR_ALLOC freed 302K, 13% free 3747K/4296K, paused 3ms, total 3ms
D/dalvikvm(31550): GC_FOR_ALLOC freed 304K, 13% free 3746K/4296K, paused 2ms, total 2ms
D/dalvikvm(31550): GC_FOR_ALLOC freed 302K, 13% free 3746K/4296K, paused 2ms, total 2ms
D/dalvikvm(31550): GC_FOR_ALLOC freed 303K, 13% free 3746K/4296K, paused 4ms, total 4ms
D/dalvikvm(31550): GC_FOR_ALLOC freed 302K, 13% free 3746K/4296K, paused 2ms, total 2ms
D/dalvikvm(31550): GC_FOR_ALLOC freed 302K, 13% free 3746K/4296K, paused 1ms, total 1ms
D/dalvikvm(31550): GC_FOR_ALLOC freed 302K, 13% free 3746K/4296K, paused 2ms, total 2ms
D/dalvikvm(31550): GC_FOR_ALLOC freed 302K, 13% free 3746K/4296K, paused 2ms, total 2ms
D/dalvikvm(31550): GC_FOR_ALLOC freed 302K, 13% free 3747K/4296K, paused 2ms, total 2ms
V/FlingTracker(  531): computeCurrentVelocity warning: totalweight=0
V/FlingTracker(  531): java.lang.Throwable
V/FlingTracker(  531): 	at com.android.systemui.statusbar.phone.PanelView$FlingTracker.computeCurrentVelocity(PanelView.java:162)
V/FlingTracker(  531): 	at com.android.systemui.statusbar.phone.PanelView$3.onTouch(PanelView.java:462)
V/FlingTracker(  531): 	at android.view.View.dispatchTouchEvent(View.java:7701)
V/FlingTracker(  531): 	at com.android.systemui.statusbar.phone.NotificationPanelView.onTouchEvent(NotificationPanelView.java:138)
V/FlingTracker(  531): 	at com.android.systemui.statusbar.phone.PanelBar.onTouchEvent(PanelBar.java:130)
V/FlingTracker(  531): 	at com.android.systemui.statusbar.phone.PhoneStatusBarView.onTouchEvent(PhoneStatusBarView.java:201)
V/FlingTracker(  531): 	at android.view.View.dispatchTouchEvent(View.java:7706)
V/FlingTracker(  531): 	at android.view.ViewGroup.dispatchTransformedTouchEvent(ViewGroup.java:2210)
V/FlingTracker(  531): 	at android.view.ViewGroup.dispatchTouchEvent(ViewGroup.java:1945)
V/FlingTracker(  531): 	at android.view.ViewGroup.dispatchTransformedTouchEvent(ViewGroup.java:2216)
V/FlingTracker(  531): 	at android.view.ViewGroup.dispatchTouchEvent(ViewGroup.java:1959)
V/FlingTracker(  531): 	at android.view.View.dispatchPointerEvent(View.java:7886)
V/FlingTracker(  531): 	at android.view.ViewRootImpl$ViewPostImeInputStage.processPointerEvent(ViewRootImpl.java:3978)
V/FlingTracker(  531): 	at android.view.ViewRootImpl$ViewPostImeInputStage.onProcess(ViewRootImpl.java:3857)
V/FlingTracker(  531): 	at android.view.ViewRootImpl$InputStage.deliver(ViewRootImpl.java:3423)
V/FlingTracker(  531): 	at android.view.ViewRootImpl$InputStage.onDeliverToNext(ViewRootImpl.java:3473)
V/FlingTracker(  531): 	at android.view.ViewRootImpl$InputStage.forward(ViewRootImpl.java:3442)
V/FlingTracker(  531): 	at android.view.ViewRootImpl$AsyncInputStage.forward(ViewRootImpl.java:3549)
V/FlingTracker(  531): 	at android.view.ViewRootImpl$InputStage.apply(ViewRootImpl.java:3450)
V/FlingTracker(  531): 	at android.view.ViewRootImpl$AsyncInputStage.apply(ViewRootImpl.java:3606)
V/FlingTracker(  531): 	at android.view.ViewRootImpl$InputStage.deliver(ViewRootImpl.java:3423)
V/FlingTracker(  531): 	at android.view.ViewRootImpl$InputStage.onDeliverToNext(ViewRootImpl.java:3473)
V/FlingTracker(  531): 	at android.view.ViewRootImpl$InputStage.forward(ViewRootImpl.java:3442)
V/FlingTracker(  531): 	at android.view.ViewRootImpl$InputStage.apply(ViewRootImpl.java:3450)
V/FlingTracker(  531): 	at android.view.ViewRootImpl$InputStage.deliver(ViewRootImpl.java:3423)
V/FlingTracker(  531): 	at android.view.ViewRootImpl.deliverInputEvent(ViewRootImpl.java:5626)
V/FlingTracker(  531): 	at android.view.ViewRootImpl.doProcessInputEvents(ViewRootImpl.java:5606)
V/FlingTracker(  531): 	at android.view.ViewRootImpl.enqueueInputEvent(ViewRootImpl.java:5577)
V/FlingTracker(  531): 	at android.view.ViewRootImpl$WindowInputEventReceiver.onInputEvent(ViewRootImpl.java:5706)
V/FlingTracker(  531): 	at android.view.InputEventReceiver.dispatchInputEvent(InputEventReceiver.java:185)
V/FlingTracker(  531): 	at android.os.MessageQueue.nativePollOnce(Native Method)
V/FlingTracker(  531): 	at android.os.MessageQueue.next(MessageQueue.java:138)
V/FlingTracker(  531): 	at android.os.Looper.loop(Looper.java:123)
V/FlingTracker(  531): 	at android.app.ActivityThread.main(ActivityThread.java:5019)
V/FlingTracker(  531): 	at java.lang.reflect.Method.invokeNative(Native Method)
V/FlingTracker(  531): 	at java.lang.reflect.Method.invoke(Method.java:515)
V/FlingTracker(  531): 	at com.android.internal.os.ZygoteInit$MethodAndArgsCaller.run(ZygoteInit.java:779)
V/FlingTracker(  531): 	at com.android.internal.os.ZygoteInit.main(ZygoteInit.java:595)
V/FlingTracker(  531): 	at dalvik.system.NativeStart.main(Native Method)
V/PanelView(  531): animationTick called with dtms=0; nothing to do (h=0.0 v=0.0)
D/dalvikvm(31550): GC_FOR_ALLOC freed 303K, 13% free 3746K/4296K, paused 3ms, total 3ms
D/dalvikvm(31550): GC_FOR_ALLOC freed 302K, 13% free 3746K/4296K, paused 1ms, total 1ms
D/dalvikvm(31550): GC_FOR_ALLOC freed 302K, 13% free 3746K/4296K, paused 1ms, total 1ms
D/dalvikvm(31550): GC_FOR_ALLOC freed 302K, 13% free 3746K/4296K, paused 2ms, total 2ms
D/dalvikvm(31550): GC_FOR_ALLOC freed 302K, 13% free 3746K/4296K, paused 3ms, total 3ms
D/dalvikvm(31550): GC_FOR_ALLOC freed 302K, 13% free 3746K/4296K, paused 2ms, total 2ms
D/dalvikvm(31550): GC_FOR_ALLOC freed 303K, 13% free 3751K/4296K, paused 2ms, total 2ms
D/dalvikvm(31550): GC_FOR_ALLOC freed 306K, 13% free 3752K/4296K, paused 3ms, total 3ms
D/dalvikvm(31550): GC_FOR_ALLOC freed 302K, 13% free 3753K/4296K, paused 2ms, total 2ms
W/EGL_emulation(31550): eglSurfaceAttrib not implemented 3093 12436
W/ViewRootImpl(31550): Dropping event due to no window focus: KeyEvent { action=ACTION_DOWN, keyCode=KEYCODE_MENU, scanCode=0, metaState=0, flags=0x8, repeatCount=0, eventTime=5372558, downTime=5372558, deviceId=-1, source=0x101 }
D/dalvikvm(31550): GC_FOR_ALLOC freed 302K, 13% free 3753K/4296K, paused 2ms, total 2ms
D/dalvikvm(31550): GC_FOR_ALLOC freed 303K, 13% free 3753K/4296K, paused 2ms, total 2ms
D/dalvikvm(31550): GC_FOR_ALLOC freed 302K, 13% free 3753K/4296K, paused 1ms, total 1ms
D/dalvikvm(31550): GC_FOR_ALLOC freed 303K, 13% free 3754K/4296K, paused 2ms, total 2ms
D/dalvikvm(31550): GC_FOR_ALLOC freed 303K, 13% free 3754K/4296K, paused 1ms, total 1ms
D/dalvikvm(31550): GC_FOR_ALLOC freed 304K, 13% free 3753K/4296K, paused 3ms, total 3ms
D/dalvikvm(31550): GC_FOR_ALLOC freed 302K, 13% free 3753K/4296K, paused 3ms, total 3ms
D/dalvikvm(31550): GC_FOR_ALLOC freed 302K, 13% free 3753K/4296K, paused 2ms, total 2ms
W/InputManager(  346): Input event injection from pid 31540 failed.
W/InputMethodManagerService(  346): Window already focused, ignoring focus gain of: com.android.internal.view.IInputMethodClient$Stub$Proxy@4aa0ee2c attribute=null, token = android.os.BinderProxy@4aabdb04
D/dalvikvm(31550): GC_FOR_ALLOC freed 306K, 13% free 3757K/4296K, paused 5ms, total 5ms
D/dalvikvm(31550): GC_FOR_ALLOC freed 310K, 13% free 3752K/4296K, paused 2ms, total 2ms
W/ViewRootImpl(31550): Dropping event due to no window focus: KeyEvent { action=ACTION_DOWN, keyCode=KEYCODE_DPAD_CENTER, scanCode=0, metaState=0, flags=0x8, repeatCount=0, eventTime=5372599, downTime=5372599, deviceId=-1, source=0x101 }
D/dalvikvm(31550): GC_FOR_ALLOC freed 302K, 13% free 3753K/4296K, paused 2ms, total 2ms
W/EGL_emulation(31550): eglSurfaceAttrib not implemented 3093 12436
D/dalvikvm(31550): GC_FOR_ALLOC freed 302K, 13% free 3753K/4296K, paused 1ms, total 1ms
D/dalvikvm(31550): GC_FOR_ALLOC freed 302K, 13% free 3753K/4296K, paused 2ms, total 2ms
D/dalvikvm(31550): GC_FOR_ALLOC freed 302K, 13% free 3753K/4296K, paused 2ms, total 2ms
D/dalvikvm(31550): GC_FOR_ALLOC freed 306K, 13% free 3752K/4296K, paused 2ms, total 2ms
D/dalvikvm(31550): GC_FOR_ALLOC freed 302K, 13% free 3753K/4296K, paused 1ms, total 1ms
D/dalvikvm(31550): GC_FOR_ALLOC freed 302K, 13% free 3753K/4296K, paused 1ms, total 1ms
W/ViewRootImpl(31550): Dropping event due to no window focus: KeyEvent { action=ACTION_DOWN, keyCode=KEYCODE_DPAD_DOWN, scanCode=0, metaState=0, flags=0x8, repeatCount=0, eventTime=5372605, downTime=5372605, deviceId=-1, source=0x101 }
D/dalvikvm(31550): GC_FOR_ALLOC freed 302K, 13% free 3753K/4296K, paused 1ms, total 1ms
D/dalvikvm(31550): GC_FOR_ALLOC freed 302K, 13% free 3753K/4296K, paused 2ms, total 2ms
D/dalvikvm(31550): GC_FOR_ALLOC freed 302K, 13% free 3753K/4296K, paused 2ms, total 2ms
I/ActivityManager(  346): START u0 {act=android.intent.action.MAIN cat=[android.intent.category.LAUNCHER] flg=0x10200000 cmp=com.windyty.android/com.windyty.StartActivity} from pid 31540
D/dalvikvm(31550): GC_FOR_ALLOC freed 304K, 13% free 3752K/4296K, paused 2ms, total 2ms
D/dalvikvm(31550): GC_FOR_ALLOC freed 302K, 13% free 3752K/4296K, paused 1ms, total 1ms
D/dalvikvm(31550): GC_FOR_ALLOC freed 302K, 13% free 3753K/4296K, paused 2ms, total 2ms
D/dalvikvm(31550): GC_FOR_ALLOC freed 302K, 13% free 3753K/4296K, paused 2ms, total 2ms
D/dalvikvm(31550): GC_FOR_ALLOC freed 303K, 13% free 3753K/4296K, paused 2ms, total 2ms
D/dalvikvm(31550): GC_FOR_ALLOC freed 302K, 13% free 3753K/4296K, paused 1ms, total 1ms
D/dalvikvm(31550): GC_FOR_ALLOC freed 302K, 13% free 3753K/4296K, paused 2ms, total 2ms
D/dalvikvm(31550): GC_FOR_ALLOC freed 303K, 13% free 3752K/4296K, paused 3ms, total 3ms
D/dalvikvm(31550): GC_FOR_ALLOC freed 302K, 13% free 3752K/4296K, paused 2ms, total 2ms
D/dalvikvm(31550): GC_FOR_ALLOC freed 302K, 13% free 3753K/4296K, paused 2ms, total 2ms
D/dalvikvm(31550): GC_FOR_ALLOC freed 302K, 13% free 3753K/4296K, paused 3ms, total 3ms
D/dalvikvm(31550): GC_FOR_ALLOC freed 302K, 13% free 3753K/4296K, paused 2ms, total 2ms
D/dalvikvm(31550): GC_FOR_ALLOC freed 302K, 13% free 3753K/4296K, paused 1ms, total 1ms
D/dalvikvm(31550): GC_FOR_ALLOC freed 304K, 13% free 3752K/4296K, paused 2ms, total 2ms
D/dalvikvm(31550): GC_FOR_ALLOC freed 303K, 13% free 3752K/4296K, paused 2ms, total 2ms
D/dalvikvm(31550): GC_FOR_ALLOC freed 302K, 13% free 3752K/4296K, paused 3ms, total 3ms
D/dalvikvm(31550): GC_FOR_ALLOC freed 302K, 13% free 3752K/4296K, paused 3ms, total 3ms
D/dalvikvm(31550): GC_FOR_ALLOC freed 303K, 13% free 3752K/4296K, paused 2ms, total 2ms
D/dalvikvm(31550): GC_FOR_ALLOC freed 305K, 13% free 3752K/4296K, paused 2ms, total 2ms
D/dalvikvm(31550): GC_FOR_ALLOC freed 302K, 13% free 3752K/4296K, paused 1ms, total 1ms
W/ViewRootImpl(31550): Dropping event due to no window focus: KeyEvent { action=ACTION_DOWN, keyCode=KEYCODE_MENU, scanCode=0, metaState=0, flags=0x8, repeatCount=0, eventTime=5372691, downTime=5372691, deviceId=-1, source=0x101 }
D/dalvikvm(31550): GC_FOR_ALLOC freed 302K, 13% free 3752K/4296K, paused 3ms, total 3ms
D/dalvikvm(31550): GC_FOR_ALLOC freed 302K, 13% free 3752K/4296K, paused 4ms, total 4ms
W/ViewRootImpl(31550): Dropping event due to no window focus: KeyEvent { action=ACTION_DOWN, keyCode=KEYCODE_DPAD_RIGHT, scanCode=0, metaState=0, flags=0x8, repeatCount=0, eventTime=5372694, downTime=5372694, deviceId=-1, source=0x101 }
W/InputMethodManagerService(  346): Window already focused, ignoring focus gain of: com.android.internal.view.IInputMethodClient$Stub$Proxy@4aa8cd5c attribute=null, token = android.os.BinderProxy@4aabdb04
D/dalvikvm(31550): GC_FOR_ALLOC freed 310K, 13% free 3747K/4296K, paused 3ms, total 3ms
D/dalvikvm(31550): GC_FOR_ALLOC freed 303K, 13% free 3746K/4296K, paused 1ms, total 1ms
D/dalvikvm(31550): GC_FOR_ALLOC freed 302K, 13% free 3747K/4296K, paused 1ms, total 1ms
D/dalvikvm(31550): GC_FOR_ALLOC freed 303K, 13% free 3747K/4296K, paused 2ms, total 2ms
D/dalvikvm(31550): GC_FOR_ALLOC freed 302K, 13% free 3747K/4296K, paused 4ms, total 4ms
D/dalvikvm(31550): GC_FOR_ALLOC freed 303K, 13% free 3746K/4296K, paused 3ms, total 3ms
D/dalvikvm(31550): GC_FOR_ALLOC freed 302K, 13% free 3746K/4296K, paused 1ms, total 1ms
D/dalvikvm(31550): GC_FOR_ALLOC freed 302K, 13% free 3746K/4296K, paused 1ms, total 1ms
D/dalvikvm(31550): GC_FOR_ALLOC freed 302K, 13% free 3747K/4296K, paused 1ms, total 1ms
D/dalvikvm(31550): GC_FOR_ALLOC freed 302K, 13% free 3747K/4296K, paused 2ms, total 2ms
D/dalvikvm(31550): GC_FOR_ALLOC freed 302K, 13% free 3747K/4296K, paused 2ms, total 2ms
D/dalvikvm(31550): GC_FOR_ALLOC freed 302K, 13% free 3747K/4296K, paused 2ms, total 2ms
D/dalvikvm(31550): GC_FOR_ALLOC freed 304K, 13% free 3746K/4296K, paused 2ms, total 2ms
D/dalvikvm(31550): GC_FOR_ALLOC freed 302K, 13% free 3746K/4296K, paused 1ms, total 1ms
D/dalvikvm(31550): GC_FOR_ALLOC freed 302K, 13% free 3747K/4296K, paused 2ms, total 2ms
D/dalvikvm(31550): GC_FOR_ALLOC freed 302K, 13% free 3747K/4296K, paused 2ms, total 2ms
D/dalvikvm(31550): GC_FOR_ALLOC freed 302K, 13% free 3747K/4296K, paused 3ms, total 3ms
D/dalvikvm(31550): GC_FOR_ALLOC freed 303K, 13% free 3746K/4296K, paused 3ms, total 3ms
D/dalvikvm(31550): GC_FOR_ALLOC freed 302K, 13% free 3746K/4296K, paused 3ms, total 3ms
D/dalvikvm(31550): GC_FOR_ALLOC freed 302K, 13% free 3746K/4296K, paused 2ms, total 2ms
D/dalvikvm(31550): GC_FOR_ALLOC freed 302K, 13% free 3747K/4296K, paused 1ms, total 1ms
D/dalvikvm(31550): GC_FOR_ALLOC freed 302K, 13% free 3747K/4296K, paused 2ms, total 2ms
D/dalvikvm(31550): GC_FOR_ALLOC freed 303K, 13% free 3746K/4296K, paused 3ms, total 3ms
D/dalvikvm(31550): GC_FOR_ALLOC freed 302K, 13% free 3746K/4296K, paused 2ms, total 2ms
D/dalvikvm(31550): GC_FOR_ALLOC freed 302K, 13% free 3746K/4296K, paused 2ms, total 2ms
D/dalvikvm(31550): GC_FOR_ALLOC freed 303K, 13% free 3747K/4296K, paused 2ms, total 2ms
D/dalvikvm(31550): GC_FOR_ALLOC freed 302K, 13% free 3747K/4296K, paused 1ms, total 1ms
D/dalvikvm(31550): GC_FOR_ALLOC freed 302K, 13% free 3747K/4296K, paused 1ms, total 2ms
D/dalvikvm(31550): GC_FOR_ALLOC freed 302K, 13% free 3747K/4296K, paused 2ms, total 3ms
D/dalvikvm(31550): GC_FOR_ALLOC freed 304K, 13% free 3746K/4296K, paused 2ms, total 2ms
D/dalvikvm(31550): GC_FOR_ALLOC freed 302K, 13% free 3746K/4296K, paused 2ms, total 2ms
D/dalvikvm(31550): GC_FOR_ALLOC freed 302K, 13% free 3746K/4296K, paused 1ms, total 1ms
D/dalvikvm(31550): GC_FOR_ALLOC freed 302K, 13% free 3746K/4296K, paused 1ms, total 1ms
D/dalvikvm(31550): GC_FOR_ALLOC freed 302K, 13% free 3746K/4296K, paused 1ms, total 1ms
D/dalvikvm(31550): GC_FOR_ALLOC freed 303K, 13% free 3746K/4296K, paused 4ms, total 4ms
D/dalvikvm(31550): GC_FOR_ALLOC freed 302K, 13% free 3746K/4296K, paused 2ms, total 2ms
D/dalvikvm(31550): GC_FOR_ALLOC freed 302K, 13% free 3746K/4296K, paused 2ms, total 2ms
D/dalvikvm(31550): GC_FOR_ALLOC freed 302K, 13% free 3746K/4296K, paused 2ms, total 2ms
D/dalvikvm(31550): GC_FOR_ALLOC freed 302K, 13% free 3746K/4296K, paused 2ms, total 2ms
D/dalvikvm(31550): GC_FOR_ALLOC freed 303K, 13% free 3746K/4296K, paused 2ms, total 2ms
D/dalvikvm(31550): GC_FOR_ALLOC freed 302K, 13% free 3746K/4296K, paused 3ms, total 3ms
D/dalvikvm(31550): GC_FOR_ALLOC freed 302K, 13% free 3746K/4296K, paused 1ms, total 2ms
D/dalvikvm(31550): GC_FOR_ALLOC freed 302K, 13% free 3746K/4296K, paused 1ms, total 1ms
D/dalvikvm(31550): GC_FOR_ALLOC freed 302K, 13% free 3746K/4296K, paused 1ms, total 1ms
D/dalvikvm(31550): GC_FOR_ALLOC freed 302K, 13% free 3747K/4296K, paused 2ms, total 2ms
D/dalvikvm(31550): GC_FOR_ALLOC freed 302K, 13% free 3747K/4296K, paused 3ms, total 3ms
D/dalvikvm(31550): GC_FOR_ALLOC freed 305K, 13% free 3746K/4296K, paused 2ms, total 2ms
D/dalvikvm(31550): GC_FOR_ALLOC freed 302K, 13% free 3746K/4296K, paused 1ms, total 1ms
D/dalvikvm(31550): GC_FOR_ALLOC freed 302K, 13% free 3746K/4296K, paused 2ms, total 2ms
D/dalvikvm(31550): GC_FOR_ALLOC freed 302K, 13% free 3747K/4296K, paused 1ms, total 1ms
D/dalvikvm(31550): GC_FOR_ALLOC freed 302K, 13% free 3747K/4296K, paused 2ms, total 2ms
D/dalvikvm(31550): GC_FOR_ALLOC freed 303K, 13% free 3746K/4296K, paused 2ms, total 2ms
D/dalvikvm(31550): GC_FOR_ALLOC freed 302K, 13% free 3746K/4296K, paused 3ms, total 3ms
D/dalvikvm(31550): GC_FOR_ALLOC freed 302K, 13% free 3746K/4296K, paused 1ms, total 1ms
D/dalvikvm(31550): GC_FOR_ALLOC freed 302K, 13% free 3746K/4296K, paused 1ms, total 1ms
D/dalvikvm(31550): GC_FOR_ALLOC freed 302K, 13% free 3747K/4296K, paused 3ms, total 3ms
D/dalvikvm(31550): GC_FOR_ALLOC freed 302K, 13% free 3747K/4296K, paused 3ms, total 3ms
D/dalvikvm(31550): GC_FOR_ALLOC freed 303K, 13% free 3746K/4296K, paused 2ms, total 2ms
D/dalvikvm(31550): GC_FOR_ALLOC freed 302K, 13% free 3746K/4296K, paused 2ms, total 2ms
D/dalvikvm(31550): GC_FOR_ALLOC freed 302K, 13% free 3746K/4296K, paused 2ms, total 2ms
D/dalvikvm(31550): GC_FOR_ALLOC freed 302K, 13% free 3747K/4296K, paused 2ms, total 2ms
D/dalvikvm(31550): GC_FOR_ALLOC freed 302K, 13% free 3747K/4296K, paused 3ms, total 3ms
D/dalvikvm(31550): GC_FOR_ALLOC freed 304K, 13% free 3746K/4296K, paused 2ms, total 2ms
D/dalvikvm(31550): GC_FOR_ALLOC freed 302K, 13% free 3746K/4296K, paused 2ms, total 2ms
D/dalvikvm(31550): GC_FOR_ALLOC freed 302K, 13% free 3746K/4296K, paused 1ms, total 1ms
D/dalvikvm(31550): GC_FOR_ALLOC freed 302K, 13% free 3747K/4296K, paused 2ms, total 2ms
D/dalvikvm(31550): GC_FOR_ALLOC freed 302K, 13% free 3747K/4296K, paused 2ms, total 2ms
D/dalvikvm(31550): GC_FOR_ALLOC freed 304K, 13% free 3746K/4296K, paused 3ms, total 3ms
D/dalvikvm(31550): GC_FOR_ALLOC freed 302K, 13% free 3746K/4296K, paused 2ms, total 2ms
D/dalvikvm(31550): GC_FOR_ALLOC freed 302K, 13% free 3746K/4296K, paused 2ms, total 2ms
D/dalvikvm(31550): GC_FOR_ALLOC freed 302K, 13% free 3747K/4296K, paused 1ms, total 1ms
D/dalvikvm(31550): GC_FOR_ALLOC freed 302K, 13% free 3747K/4296K, paused 3ms, total 3ms
D/dalvikvm(31550): GC_FOR_ALLOC freed 303K, 13% free 3751K/4296K, paused 2ms, total 2ms
D/dalvikvm(31550): GC_FOR_ALLOC freed 303K, 13% free 3753K/4296K, paused 1ms, total 1ms
W/ViewRootImpl(31550): Dropping event due to no window focus: KeyEvent { action=ACTION_DOWN, keyCode=KEYCODE_DPAD_CENTER, scanCode=0, metaState=0, flags=0x8, repeatCount=0, eventTime=5372905, downTime=5372905, deviceId=-1, source=0x101 }
D/dalvikvm(31550): GC_FOR_ALLOC freed 305K, 13% free 3752K/4296K, paused 2ms, total 2ms
D/dalvikvm(31550): GC_FOR_ALLOC freed 302K, 13% free 3753K/4296K, paused 2ms, total 2ms
D/dalvikvm(31550): GC_FOR_ALLOC freed 302K, 13% free 3753K/4296K, paused 2ms, total 2ms
D/dalvikvm(31550): GC_FOR_ALLOC freed 302K, 13% free 3753K/4296K, paused 3ms, total 3ms
W/EGL_emulation(31550): eglSurfaceAttrib not implemented 3093 12436
D/dalvikvm(31550): GC_FOR_ALLOC freed 302K, 13% free 3754K/4296K, paused 2ms, total 2ms
D/dalvikvm(31550): GC_FOR_ALLOC freed 302K, 13% free 3754K/4296K, paused 2ms, total 2ms
D/dalvikvm(31550): GC_FOR_ALLOC freed 302K, 13% free 3754K/4296K, paused 2ms, total 2ms
D/dalvikvm(31550): GC_FOR_ALLOC freed 303K, 13% free 3754K/4296K, paused 3ms, total 3ms
D/dalvikvm(31550): GC_FOR_ALLOC freed 303K, 13% free 3754K/4296K, paused 4ms, total 4ms
W/ViewRootImpl(31550): Dropping event due to no window focus: KeyEvent { action=ACTION_DOWN, keyCode=KEYCODE_MENU, scanCode=0, metaState=0, flags=0x8, repeatCount=0, eventTime=5372930, downTime=5372930, deviceId=-1, source=0x101 }
D/dalvikvm(31550): GC_FOR_ALLOC freed 306K, 13% free 3753K/4296K, paused 3ms, total 3ms
D/dalvikvm(31550): GC_FOR_ALLOC freed 304K, 13% free 3752K/4296K, paused 2ms, total 3ms
I/ActivityManager(  346): START u0 {act=android.intent.action.MAIN cat=[android.intent.category.LAUNCHER] flg=0x10200000 cmp=com.windyty.android/com.windyty.StartActivity} from pid 31540
D/dalvikvm(31550): GC_FOR_ALLOC freed 303K, 13% free 3752K/4296K, paused 4ms, total 4ms
D/dalvikvm(31550): GC_FOR_ALLOC freed 302K, 13% free 3752K/4296K, paused 2ms, total 2ms
D/dalvikvm(31550): GC_FOR_ALLOC freed 308K, 13% free 3747K/4296K, paused 2ms, total 2ms
W/InputMethodManagerService(  346): Window already focused, ignoring focus gain of: com.android.internal.view.IInputMethodClient$Stub$Proxy@4aa7fc44 attribute=null, token = android.os.BinderProxy@4aabdb04
D/dalvikvm(31550): GC_FOR_ALLOC freed 303K, 13% free 3746K/4296K, paused 2ms, total 2ms
D/dalvikvm(31550): GC_FOR_ALLOC freed 304K, 13% free 3746K/4296K, paused 2ms, total 2ms
D/dalvikvm(31550): GC_FOR_ALLOC freed 302K, 13% free 3746K/4296K, paused 4ms, total 4ms
D/dalvikvm(31550): GC_FOR_ALLOC freed 302K, 13% free 3746K/4296K, paused 2ms, total 2ms
D/dalvikvm(31550): GC_FOR_ALLOC freed 302K, 13% free 3746K/4296K, paused 3ms, total 3ms
D/dalvikvm(31550): GC_FOR_ALLOC freed 304K, 13% free 3746K/4296K, paused 2ms, total 2ms
D/dalvikvm(31550): GC_FOR_ALLOC freed 303K, 13% free 3746K/4296K, paused 4ms, total 4ms
D/dalvikvm(31550): GC_FOR_ALLOC freed 302K, 13% free 3746K/4296K, paused 3ms, total 3ms
D/dalvikvm(31550): GC_FOR_ALLOC freed 303K, 13% free 3746K/4296K, paused 1ms, total 1ms
D/dalvikvm(31550): GC_FOR_ALLOC freed 303K, 13% free 3746K/4296K, paused 1ms, total 1ms
D/dalvikvm(31550): GC_FOR_ALLOC freed 303K, 13% free 3746K/4296K, paused 2ms, total 2ms
D/dalvikvm(31550): GC_FOR_ALLOC freed 302K, 13% free 3746K/4296K, paused 2ms, total 2ms
D/dalvikvm(31550): GC_FOR_ALLOC freed 302K, 13% free 3746K/4296K, paused 2ms, total 2ms
D/dalvikvm(31550): GC_FOR_ALLOC freed 304K, 13% free 3746K/4296K, paused 2ms, total 2ms
D/dalvikvm(31550): GC_FOR_ALLOC freed 303K, 13% free 3746K/4296K, paused 4ms, total 4ms
D/dalvikvm(31550): GC_FOR_ALLOC freed 302K, 13% free 3746K/4296K, paused 3ms, total 3ms
D/dalvikvm(31550): GC_FOR_ALLOC freed 302K, 13% free 3746K/4296K, paused 2ms, total 2ms
D/dalvikvm(31550): GC_FOR_ALLOC freed 303K, 13% free 3746K/4296K, paused 1ms, total 1ms
D/dalvikvm(31550): GC_FOR_ALLOC freed 303K, 13% free 3746K/4296K, paused 2ms, total 2ms
D/dalvikvm(31550): GC_FOR_ALLOC freed 303K, 13% free 3746K/4296K, paused 2ms, total 2ms
D/dalvikvm(31550): GC_FOR_ALLOC freed 302K, 13% free 3746K/4296K, paused 3ms, total 3ms
D/dalvikvm(31550): GC_FOR_ALLOC freed 302K, 13% free 3746K/4296K, paused 2ms, total 2ms
D/dalvikvm(31550): GC_FOR_ALLOC freed 305K, 13% free 3746K/4296K, paused 4ms, total 4ms
D/dalvikvm(31550): GC_FOR_ALLOC freed 303K, 13% free 3746K/4296K, paused 3ms, total 3ms
D/dalvikvm(31550): GC_FOR_ALLOC freed 303K, 13% free 3746K/4296K, paused 4ms, total 4ms
D/dalvikvm(31550): GC_FOR_ALLOC freed 302K, 13% free 3746K/4296K, paused 2ms, total 2ms
D/dalvikvm(31550): GC_FOR_ALLOC freed 303K, 13% free 3746K/4296K, paused 3ms, total 3ms
D/dalvikvm(31550): GC_FOR_ALLOC freed 303K, 13% free 3746K/4296K, paused 2ms, total 2ms
D/dalvikvm(31550): GC_FOR_ALLOC freed 302K, 13% free 3746K/4296K, paused 3ms, total 3ms
D/dalvikvm(31550): GC_FOR_ALLOC freed 302K, 13% free 3746K/4296K, paused 3ms, total 3ms
D/dalvikvm(31550): GC_FOR_ALLOC freed 303K, 13% free 3746K/4296K, paused 2ms, total 2ms
D/dalvikvm(31550): GC_FOR_ALLOC freed 303K, 13% free 3746K/4296K, paused 1ms, total 1ms
D/dalvikvm(31550): GC_FOR_ALLOC freed 303K, 13% free 3746K/4296K, paused 1ms, total 1ms
D/dalvikvm(31550): GC_FOR_ALLOC freed 302K, 13% free 3746K/4296K, paused 2ms, total 2ms
D/dalvikvm(31550): GC_FOR_ALLOC freed 302K, 13% free 3746K/4296K, paused 4ms, total 4ms
D/dalvikvm(31550): GC_FOR_ALLOC freed 302K, 13% free 3746K/4296K, paused 2ms, total 2ms
D/dalvikvm(31550): GC_FOR_ALLOC freed 304K, 13% free 3746K/4296K, paused 2ms, total 2ms
D/dalvikvm(31550): GC_FOR_ALLOC freed 303K, 13% free 3746K/4296K, paused 2ms, total 2ms
D/dalvikvm(31550): GC_FOR_ALLOC freed 302K, 13% free 3746K/4296K, paused 3ms, total 3ms
D/dalvikvm(31550): GC_FOR_ALLOC freed 302K, 13% free 3746K/4296K, paused 2ms, total 2ms
D/dalvikvm(31550): GC_FOR_ALLOC freed 303K, 13% free 3746K/4296K, paused 3ms, total 3ms
D/dalvikvm(31550): GC_FOR_ALLOC freed 303K, 13% free 3746K/4296K, paused 5ms, total 5ms
D/dalvikvm(31550): GC_FOR_ALLOC freed 303K, 13% free 3746K/4296K, paused 3ms, total 3ms
D/dalvikvm(31550): GC_FOR_ALLOC freed 303K, 13% free 3746K/4296K, paused 2ms, total 2ms
D/dalvikvm(31550): GC_FOR_ALLOC freed 304K, 13% free 3750K/4296K, paused 2ms, total 2ms
W/ViewRootImpl(31550): Dropping event due to no window focus: KeyEvent { action=ACTION_DOWN, keyCode=KEYCODE_DPAD_DOWN, scanCode=0, metaState=0, flags=0x8, repeatCount=0, eventTime=5373144, downTime=5373144, deviceId=-1, source=0x101 }
W/ViewRootImpl(31550): Dropping event due to no window focus: KeyEvent { action=ACTION_DOWN, keyCode=KEYCODE_DPAD_DOWN, scanCode=0, metaState=0, flags=0x8, repeatCount=0, eventTime=5373148, downTime=5373148, deviceId=-1, source=0x101 }
D/dalvikvm(31550): GC_FOR_ALLOC freed 308K, 13% free 3752K/4296K, paused 3ms, total 3ms
D/dalvikvm(31550): GC_FOR_ALLOC freed 305K, 13% free 3752K/4296K, paused 2ms, total 2ms
W/ViewRootImpl(31550): Dropping event due to no window focus: KeyEvent { action=ACTION_DOWN, keyCode=KEYCODE_MENU, scanCode=0, metaState=0, flags=0x8, repeatCount=0, eventTime=5373149, downTime=5373149, deviceId=-1, source=0x101 }
D/dalvikvm(31550): GC_FOR_ALLOC freed 302K, 13% free 3753K/4296K, paused 3ms, total 3ms
D/dalvikvm(31550): GC_FOR_ALLOC freed 302K, 13% free 3753K/4296K, paused 2ms, total 2ms
W/EGL_emulation(31550): eglSurfaceAttrib not implemented 3093 12436
D/dalvikvm(31550): GC_FOR_ALLOC freed 302K, 13% free 3753K/4296K, paused 3ms, total 3ms
D/dalvikvm(31550): GC_FOR_ALLOC freed 302K, 13% free 3753K/4296K, paused 2ms, total 2ms
D/dalvikvm(31550): GC_FOR_ALLOC freed 304K, 13% free 3753K/4296K, paused 2ms, total 2ms
D/dalvikvm(31550): GC_FOR_ALLOC freed 302K, 13% free 3753K/4296K, paused 2ms, total 2ms
D/dalvikvm(31550): GC_FOR_ALLOC freed 302K, 13% free 3753K/4296K, paused 2ms, total 2ms
D/dalvikvm(31550): GC_FOR_ALLOC freed 302K, 13% free 3753K/4296K, paused 1ms, total 1ms
D/dalvikvm(31550): GC_FOR_ALLOC freed 302K, 13% free 3753K/4296K, paused 2ms, total 2ms
D/dalvikvm(31550): GC_FOR_ALLOC freed 302K, 13% free 3753K/4296K, paused 2ms, total 2ms
D/dalvikvm(31550): GC_FOR_ALLOC freed 302K, 13% free 3753K/4296K, paused 3ms, total 3ms
D/dalvikvm(31550): GC_FOR_ALLOC freed 304K, 13% free 3753K/4296K, paused 3ms, total 3ms
D/dalvikvm(31550): GC_FOR_ALLOC freed 302K, 13% free 3753K/4296K, paused 2ms, total 2ms
D/dalvikvm(31550): GC_FOR_ALLOC freed 302K, 13% free 3753K/4296K, paused 1ms, total 1ms
D/dalvikvm(31550): GC_FOR_ALLOC freed 302K, 13% free 3753K/4296K, paused 1ms, total 1ms
D/dalvikvm(31550): GC_FOR_ALLOC freed 302K, 13% free 3753K/4296K, paused 2ms, total 2ms
D/dalvikvm(31550): GC_FOR_ALLOC freed 302K, 13% free 3753K/4296K, paused 2ms, total 2ms
D/dalvikvm(31550): GC_FOR_ALLOC freed 302K, 13% free 3753K/4296K, paused 3ms, total 3ms
D/dalvikvm(31550): GC_FOR_ALLOC freed 304K, 13% free 3753K/4296K, paused 3ms, total 3ms
D/dalvikvm(31550): GC_FOR_ALLOC freed 303K, 13% free 3753K/4296K, paused 2ms, total 2ms
D/dalvikvm(31550): GC_FOR_ALLOC freed 303K, 13% free 3753K/4296K, paused 2ms, total 2ms
D/dalvikvm(31550): GC_FOR_ALLOC freed 302K, 13% free 3753K/4296K, paused 2ms, total 3ms
D/dalvikvm(31550): GC_FOR_ALLOC freed 302K, 13% free 3753K/4296K, paused 2ms, total 2ms
D/dalvikvm(31550): GC_FOR_ALLOC freed 302K, 13% free 3753K/4296K, paused 3ms, total 3ms
D/dalvikvm(31550): GC_FOR_ALLOC freed 304K, 13% free 3752K/4296K, paused 3ms, total 3ms
D/dalvikvm(31550): GC_FOR_ALLOC freed 302K, 13% free 3752K/4296K, paused 2ms, total 2ms
D/dalvikvm(31550): GC_FOR_ALLOC freed 302K, 13% free 3753K/4296K, paused 2ms, total 2ms
D/dalvikvm(31550): GC_FOR_ALLOC freed 303K, 13% free 3752K/4296K, paused 6ms, total 6ms
D/dalvikvm(31550): GC_FOR_ALLOC freed 305K, 13% free 3752K/4296K, paused 2ms, total 2ms
D/dalvikvm(31550): GC_FOR_ALLOC freed 302K, 13% free 3752K/4296K, paused 2ms, total 2ms
W/InputManager(  346): Input event injection from pid 31540 failed.
W/InputManager(  346): Input event injection from pid 31540 failed.
W/InputManager(  346): Input event injection from pid 31540 failed.
W/InputManager(  346): Input event injection from pid 31540 failed.
W/InputManager(  346): Input event injection from pid 31540 failed.
W/InputManager(  346): Input event injection from pid 31540 failed.
W/InputManager(  346): Input event injection from pid 31540 failed.
W/ViewRootImpl(31550): Dropping event due to no window focus: KeyEvent { action=ACTION_DOWN, keyCode=KEYCODE_DPAD_DOWN, scanCode=0, metaState=0, flags=0x8, repeatCount=0, eventTime=5373242, downTime=5373242, deviceId=-1, source=0x101 }
D/dalvikvm(31550): GC_FOR_ALLOC freed 302K, 13% free 3752K/4296K, paused 2ms, total 2ms
D/dalvikvm(31550): GC_FOR_ALLOC freed 302K, 13% free 3752K/4296K, paused 3ms, total 4ms
W/InputMethodManagerService(  346): Window already focused, ignoring focus gain of: com.android.internal.view.IInputMethodClient$Stub$Proxy@4ab36184 attribute=null, token = android.os.BinderProxy@4aabdb04
D/dalvikvm(31550): GC_FOR_ALLOC freed 308K, 13% free 3747K/4296K, paused 3ms, total 3ms
D/dalvikvm(31550): GC_FOR_ALLOC freed 303K, 13% free 3747K/4296K, paused 3ms, total 3ms
D/dalvikvm(31550): GC_FOR_ALLOC freed 302K, 13% free 3747K/4296K, paused 2ms, total 2ms
D/dalvikvm(31550): GC_FOR_ALLOC freed 302K, 13% free 3747K/4296K, paused 2ms, total 2ms
D/dalvikvm(31550): GC_FOR_ALLOC freed 302K, 13% free 3747K/4296K, paused 3ms, total 3ms
D/dalvikvm(31550): GC_FOR_ALLOC freed 303K, 13% free 3746K/4296K, paused 2ms, total 2ms
D/dalvikvm(31550): GC_FOR_ALLOC freed 302K, 13% free 3747K/4296K, paused 2ms, total 2ms
D/dalvikvm(31550): GC_FOR_ALLOC freed 303K, 13% free 3747K/4296K, paused 1ms, total 1ms
D/dalvikvm(31550): GC_FOR_ALLOC freed 302K, 13% free 3747K/4296K, paused 1ms, total 1ms
D/dalvikvm(31550): GC_FOR_ALLOC freed 302K, 13% free 3747K/4296K, paused 2ms, total 2ms
D/dalvikvm(31550): GC_FOR_ALLOC freed 302K, 13% free 3747K/4296K, paused 3ms, total 3ms
V/FlingTracker(  531): computeCurrentVelocity warning: totalweight=0
V/FlingTracker(  531): java.lang.Throwable
V/FlingTracker(  531): 	at com.android.systemui.statusbar.phone.PanelView$FlingTracker.computeCurrentVelocity(PanelView.java:162)
V/FlingTracker(  531): 	at com.android.systemui.statusbar.phone.PanelView$3.onTouch(PanelView.java:462)
V/FlingTracker(  531): 	at android.view.View.dispatchTouchEvent(View.java:7701)
V/FlingTracker(  531): 	at com.android.systemui.statusbar.phone.NotificationPanelView.onTouchEvent(NotificationPanelView.java:138)
V/FlingTracker(  531): 	at com.android.systemui.statusbar.phone.PanelBar.onTouchEvent(PanelBar.java:130)
V/FlingTracker(  531): 	at com.android.systemui.statusbar.phone.PhoneStatusBarView.onTouchEvent(PhoneStatusBarView.java:201)
V/FlingTracker(  531): 	at android.view.View.dispatchTouchEvent(View.java:7706)
V/FlingTracker(  531): 	at android.view.ViewGroup.dispatchTransformedTouchEvent(ViewGroup.java:2210)
V/FlingTracker(  531): 	at android.view.ViewGroup.dispatchTouchEvent(ViewGroup.java:1945)
V/FlingTracker(  531): 	at android.view.ViewGroup.dispatchTransformedTouchEvent(ViewGroup.java:2216)
V/FlingTracker(  531): 	at android.view.ViewGroup.dispatchTouchEvent(ViewGroup.java:1959)
V/FlingTracker(  531): 	at android.view.View.dispatchPointerEvent(View.java:7886)
V/FlingTracker(  531): 	at android.view.ViewRootImpl$ViewPostImeInputStage.processPointerEvent(ViewRootImpl.java:3978)
V/FlingTracker(  531): 	at android.view.ViewRootImpl$ViewPostImeInputStage.onProcess(ViewRootImpl.java:3857)
V/FlingTracker(  531): 	at android.view.ViewRootImpl$InputStage.deliver(ViewRootImpl.java:3423)
V/FlingTracker(  531): 	at android.view.ViewRootImpl$InputStage.onDeliverToNext(ViewRootImpl.java:3473)
V/FlingTracker(  531): 	at android.view.ViewRootImpl$InputStage.forward(ViewRootImpl.java:3442)
V/FlingTracker(  531): 	at android.view.ViewRootImpl$AsyncInputStage.forward(ViewRootImpl.java:3549)
V/FlingTracker(  531): 	at android.view.ViewRootImpl$InputStage.apply(ViewRootImpl.java:3450)
V/FlingTracker(  531): 	at android.view.ViewRootImpl$AsyncInputStage.apply(ViewRootImpl.java:3606)
V/FlingTracker(  531): 	at android.view.ViewRootImpl$InputStage.deliver(ViewRootImpl.java:3423)
V/FlingTracker(  531): 	at android.view.ViewRootImpl$InputStage.onDeliverToNext(ViewRootImpl.java:3473)
V/FlingTracker(  531): 	at android.view.ViewRootImpl$InputStage.forward(ViewRootImpl.java:3442)
V/FlingTracker(  531): 	at android.view.ViewRootImpl$InputStage.apply(ViewRootImpl.java:3450)
V/FlingTracker(  531): 	at android.view.ViewRootImpl$InputStage.deliver(ViewRootImpl.java:3423)
V/FlingTracker(  531): 	at android.view.ViewRootImpl.deliverInputEvent(ViewRootImpl.java:5626)
V/FlingTracker(  531): 	at android.view.ViewRootImpl.doProcessInputEvents(ViewRootImpl.java:5606)
V/FlingTracker(  531): 	at android.view.ViewRootImpl.enqueueInputEvent(ViewRootImpl.java:5577)
V/FlingTracker(  531): 	at android.view.ViewRootImpl$WindowInputEventReceiver.onInputEvent(ViewRootImpl.java:5706)
V/FlingTracker(  531): 	at android.view.InputEventReceiver.dispatchInputEvent(InputEventReceiver.java:185)
V/FlingTracker(  531): 	at android.os.MessageQueue.nativePollOnce(Native Method)
V/FlingTracker(  531): 	at android.os.MessageQueue.next(MessageQueue.java:138)
V/FlingTracker(  531): 	at android.os.Looper.loop(Looper.java:123)
V/FlingTracker(  531): 	at android.app.ActivityThread.main(ActivityThread.java:5019)
V/FlingTracker(  531): 	at java.lang.reflect.Method.invokeNative(Native Method)
V/FlingTracker(  531): 	at java.lang.reflect.Method.invoke(Method.java:515)
V/FlingTracker(  531): 	at com.android.internal.os.ZygoteInit$MethodAndArgsCaller.run(ZygoteInit.java:779)
V/FlingTracker(  531): 	at com.android.internal.os.ZygoteInit.main(ZygoteInit.java:595)
V/FlingTracker(  531): 	at dalvik.system.NativeStart.main(Native Method)
V/PanelView(  531): animationTick called with dtms=0; nothing to do (h=0.0 v=0.0)
D/dalvikvm(31550): GC_FOR_ALLOC freed 303K, 13% free 3746K/4296K, paused 4ms, total 4ms
D/dalvikvm(31550): GC_FOR_ALLOC freed 302K, 13% free 3747K/4296K, paused 2ms, total 2ms
D/dalvikvm(31550): GC_FOR_ALLOC freed 302K, 13% free 3747K/4296K, paused 2ms, total 2ms
D/dalvikvm(31550): GC_FOR_ALLOC freed 302K, 13% free 3747K/4296K, paused 1ms, total 2ms
D/dalvikvm(31550): GC_FOR_ALLOC freed 302K, 13% free 3747K/4296K, paused 3ms, total 3ms
D/dalvikvm(31550): GC_FOR_ALLOC freed 304K, 13% free 3751K/4296K, paused 3ms, total 3ms
W/ViewRootImpl(31550): Dropping event due to no window focus: KeyEvent { action=ACTION_DOWN, keyCode=KEYCODE_DPAD_LEFT, scanCode=0, metaState=0, flags=0x8, repeatCount=0, eventTime=5373291, downTime=5373291, deviceId=-1, source=0x101 }
D/dalvikvm(31550): GC_FOR_ALLOC freed 305K, 13% free 3752K/4296K, paused 1ms, total 1ms
D/dalvikvm(31550): GC_FOR_ALLOC freed 302K, 13% free 3753K/4296K, paused 1ms, total 2ms
D/dalvikvm(31550): GC_FOR_ALLOC freed 302K, 13% free 3753K/4296K, paused 1ms, total 1ms
W/EGL_emulation(31550): eglSurfaceAttrib not implemented 3093 12436
D/dalvikvm(31550): GC_FOR_ALLOC freed 302K, 13% free 3754K/4296K, paused 1ms, total 1ms
D/dalvikvm(31550): GC_FOR_ALLOC freed 302K, 13% free 3754K/4296K, paused 2ms, total 2ms
D/dalvikvm(31550): GC_FOR_ALLOC freed 302K, 13% free 3754K/4296K, paused 4ms, total 4ms
D/dalvikvm(31550): GC_FOR_ALLOC freed 302K, 13% free 3754K/4296K, paused 2ms, total 2ms
D/dalvikvm(31550): GC_FOR_ALLOC freed 302K, 13% free 3754K/4296K, paused 2ms, total 2ms
D/dalvikvm(31550): GC_FOR_ALLOC freed 302K, 13% free 3754K/4296K, paused 1ms, total 1ms
D/dalvikvm(31550): GC_FOR_ALLOC freed 306K, 13% free 3753K/4296K, paused 3ms, total 3ms
W/ViewRootImpl(31550): Dropping event due to no window focus: KeyEvent { action=ACTION_DOWN, keyCode=KEYCODE_DPAD_DOWN, scanCode=0, metaState=0, flags=0x8, repeatCount=0, eventTime=5373309, downTime=5373309, deviceId=-1, source=0x101 }
D/dalvikvm(31550): GC_FOR_ALLOC freed 303K, 13% free 3753K/4296K, paused 4ms, total 4ms
D/dalvikvm(31550): GC_FOR_ALLOC freed 303K, 13% free 3754K/4296K, paused 2ms, total 2ms
W/InputMethodManagerService(  346): Window already focused, ignoring focus gain of: com.android.internal.view.IInputMethodClient$Stub$Proxy@4adc4e24 attribute=null, token = android.os.BinderProxy@4aabdb04
W/ViewRootImpl(31550): Dropping event due to no window focus: KeyEvent { action=ACTION_DOWN, keyCode=KEYCODE_DPAD_DOWN, scanCode=0, metaState=0, flags=0x8, repeatCount=0, eventTime=5373347, downTime=5373347, deviceId=-1, source=0x101 }
D/dalvikvm(31550): GC_FOR_ALLOC freed 308K, 13% free 3758K/4296K, paused 3ms, total 3ms
D/dalvikvm(31550): GC_FOR_ALLOC freed 308K, 13% free 3752K/4296K, paused 4ms, total 4ms
D/dalvikvm(31550): GC_FOR_ALLOC freed 302K, 13% free 3753K/4296K, paused 3ms, total 3ms
D/dalvikvm(31550): GC_FOR_ALLOC freed 302K, 13% free 3753K/4296K, paused 1ms, total 1ms
W/EGL_emulation(31550): eglSurfaceAttrib not implemented 3093 12436
D/dalvikvm(31550): GC_FOR_ALLOC freed 302K, 13% free 3753K/4296K, paused 1ms, total 1ms
D/dalvikvm(31550): GC_FOR_ALLOC freed 302K, 13% free 3754K/4296K, paused 3ms, total 3ms
W/ViewRootImpl(31550): Dropping event due to no window focus: KeyEvent { action=ACTION_DOWN, keyCode=KEYCODE_MENU, scanCode=0, metaState=0, flags=0x8, repeatCount=0, eventTime=5373349, downTime=5373349, deviceId=-1, source=0x101 }
D/dalvikvm(31550): GC_FOR_ALLOC freed 306K, 13% free 3753K/4296K, paused 2ms, total 2ms
D/dalvikvm(31550): GC_FOR_ALLOC freed 302K, 13% free 3753K/4296K, paused 2ms, total 2ms
D/dalvikvm(31550): GC_FOR_ALLOC freed 302K, 13% free 3753K/4296K, paused 2ms, total 2ms
D/dalvikvm(31550): GC_FOR_ALLOC freed 302K, 13% free 3753K/4296K, paused 2ms, total 2ms
D/dalvikvm(31550): GC_FOR_ALLOC freed 302K, 13% free 3753K/4296K, paused 3ms, total 3ms
D/dalvikvm(31550): GC_FOR_ALLOC freed 302K, 13% free 3753K/4296K, paused 4ms, total 4ms
D/dalvikvm(31550): GC_FOR_ALLOC freed 304K, 13% free 3753K/4296K, paused 2ms, total 2ms
D/dalvikvm(31550): GC_FOR_ALLOC freed 302K, 13% free 3753K/4296K, paused 2ms, total 2ms
D/dalvikvm(31550): GC_FOR_ALLOC freed 302K, 13% free 3753K/4296K, paused 2ms, total 2ms
D/dalvikvm(31550): GC_FOR_ALLOC freed 302K, 13% free 3753K/4296K, paused 2ms, total 2ms
D/dalvikvm(31550): GC_FOR_ALLOC freed 302K, 13% free 3753K/4296K, paused 2ms, total 2ms
D/dalvikvm(31550): GC_FOR_ALLOC freed 302K, 13% free 3753K/4296K, paused 2ms, total 2ms
D/dalvikvm(31550): GC_FOR_ALLOC freed 302K, 13% free 3754K/4296K, paused 2ms, total 3ms
D/dalvikvm(31550): GC_FOR_ALLOC freed 304K, 13% free 3753K/4296K, paused 3ms, total 3ms
D/dalvikvm(31550): GC_FOR_ALLOC freed 302K, 13% free 3753K/4296K, paused 1ms, total 1ms
D/dalvikvm(31550): GC_FOR_ALLOC freed 303K, 13% free 3753K/4296K, paused 4ms, total 4ms
D/dalvikvm(31550): GC_FOR_ALLOC freed 302K, 13% free 3754K/4296K, paused 3ms, total 3ms
D/dalvikvm(31550): GC_FOR_ALLOC freed 303K, 13% free 3753K/4296K, paused 1ms, total 1ms
D/dalvikvm(31550): GC_FOR_ALLOC freed 303K, 13% free 3753K/4296K, paused 2ms, total 2ms
D/dalvikvm(31550): GC_FOR_ALLOC freed 302K, 13% free 3753K/4296K, paused 2ms, total 2ms
D/dalvikvm(31550): GC_FOR_ALLOC freed 302K, 13% free 3753K/4296K, paused 2ms, total 2ms
W/ViewRootImpl(31550): Dropping event due to no window focus: KeyEvent { action=ACTION_DOWN, keyCode=KEYCODE_MENU, scanCode=0, metaState=0, flags=0x8, repeatCount=0, eventTime=5373436, downTime=5373436, deviceId=-1, source=0x101 }
D/dalvikvm(31550): GC_FOR_ALLOC freed 306K, 13% free 3752K/4296K, paused 3ms, total 3ms
D/dalvikvm(31550): GC_FOR_ALLOC freed 303K, 13% free 3752K/4296K, paused 1ms, total 1ms
D/dalvikvm(31550): GC_FOR_ALLOC freed 302K, 13% free 3752K/4296K, paused 1ms, total 1ms
D/dalvikvm(31550): GC_FOR_ALLOC freed 302K, 13% free 3752K/4296K, paused 1ms, total 1ms
D/dalvikvm(31550): GC_FOR_ALLOC freed 302K, 13% free 3752K/4296K, paused 3ms, total 3ms
D/dalvikvm(31550): GC_FOR_ALLOC freed 302K, 13% free 3753K/4296K, paused 3ms, total 3ms
W/InputMethodManagerService(  346): Window already focused, ignoring focus gain of: com.android.internal.view.IInputMethodClient$Stub$Proxy@4ad276cc attribute=null, token = android.os.BinderProxy@4aabdb04
D/dalvikvm(31550): GC_FOR_ALLOC freed 308K, 13% free 3748K/4296K, paused 2ms, total 3ms
D/dalvikvm(31550): GC_FOR_ALLOC freed 303K, 13% free 3747K/4296K, paused 2ms, total 2ms
D/dalvikvm(31550): GC_FOR_ALLOC freed 302K, 13% free 3747K/4296K, paused 2ms, total 2ms
D/dalvikvm(31550): GC_FOR_ALLOC freed 302K, 13% free 3747K/4296K, paused 2ms, total 2ms
D/dalvikvm(31550): GC_FOR_ALLOC freed 302K, 13% free 3747K/4296K, paused 3ms, total 3ms
D/dalvikvm(31550): GC_FOR_ALLOC freed 303K, 13% free 3747K/4296K, paused 2ms, total 2ms
D/dalvikvm(31550): GC_FOR_ALLOC freed 302K, 13% free 3747K/4296K, paused 2ms, total 2ms
D/dalvikvm(31550): GC_FOR_ALLOC freed 302K, 13% free 3747K/4296K, paused 2ms, total 2ms
D/dalvikvm(31550): GC_FOR_ALLOC freed 302K, 13% free 3747K/4296K, paused 1ms, total 1ms
D/dalvikvm(31550): GC_FOR_ALLOC freed 303K, 13% free 3747K/4296K, paused 3ms, total 3ms
D/dalvikvm(31550): GC_FOR_ALLOC freed 304K, 13% free 3746K/4296K, paused 2ms, total 2ms
D/dalvikvm(31550): GC_FOR_ALLOC freed 302K, 13% free 3747K/4296K, paused 2ms, total 2ms
D/dalvikvm(31550): GC_FOR_ALLOC freed 302K, 13% free 3747K/4296K, paused 1ms, total 1ms
D/dalvikvm(31550): GC_FOR_ALLOC freed 302K, 13% free 3747K/4296K, paused 1ms, total 1ms
D/dalvikvm(31550): GC_FOR_ALLOC freed 302K, 13% free 3747K/4296K, paused 2ms, total 2ms
D/dalvikvm(31550): GC_FOR_ALLOC freed 302K, 13% free 3747K/4296K, paused 2ms, total 2ms
D/dalvikvm(31550): GC_FOR_ALLOC freed 302K, 13% free 3747K/4296K, paused 2ms, total 2ms
D/dalvikvm(31550): GC_FOR_ALLOC freed 302K, 13% free 3747K/4296K, paused 5ms, total 5ms
D/dalvikvm(31550): GC_FOR_ALLOC freed 307K, 13% free 3752K/4296K, paused 2ms, total 2ms
D/dalvikvm(31550): GC_FOR_ALLOC freed 304K, 13% free 3752K/4296K, paused 2ms, total 2ms
I/GAV4    (31550): Thread[GAThread,5,main]: No campaign data found.
D/dalvikvm(31550): GC_FOR_ALLOC freed 312K, 12% free 3800K/4296K, paused 4ms, total 4ms
D/dalvikvm(31550): GC_FOR_ALLOC freed 303K, 12% free 3802K/4296K, paused 3ms, total 3ms
W/GAV4    (31550): Thread[GAThread,5,main]: IllegalStateException getting Ad Id Info. If you would like to see Audience reports, please ensure that you have added '<meta-data android:name="com.google.android.gms.version" android:value="@integer/google_play_services_version" />' to your application manifest file. See http://goo.gl/naFqQk for details.
D/dalvikvm(31550): GC_FOR_ALLOC freed 306K, 12% free 3804K/4296K, paused 2ms, total 2ms
D/dalvikvm(31550): GC_FOR_ALLOC freed 305K, 12% free 3807K/4296K, paused 2ms, total 2ms
D/dalvikvm(31550): GC_FOR_ALLOC freed 302K, 12% free 3807K/4296K, paused 1ms, total 1ms
D/dalvikvm(31550): GC_FOR_ALLOC freed 302K, 12% free 3807K/4296K, paused 1ms, total 1ms
D/dalvikvm(31550): GC_FOR_ALLOC freed 302K, 12% free 3807K/4296K, paused 3ms, total 3ms
D/dalvikvm(31550): GC_FOR_ALLOC freed 303K, 12% free 3809K/4296K, paused 2ms, total 2ms
D/dalvikvm(31550): GC_FOR_ALLOC freed 308K, 12% free 3810K/4296K, paused 1ms, total 1ms
D/dalvikvm(31550): GC_FOR_ALLOC freed 308K, 12% free 3809K/4296K, paused 3ms, total 3ms
D/dalvikvm(31550): GC_FOR_ALLOC freed 303K, 12% free 3809K/4296K, paused 1ms, total 1ms
D/dalvikvm(31550): GC_FOR_ALLOC freed 308K, 12% free 3812K/4296K, paused 4ms, total 4ms
W/ViewRootImpl(31550): Dropping event due to no window focus: KeyEvent { action=ACTION_DOWN, keyCode=KEYCODE_DPAD_RIGHT, scanCode=0, metaState=0, flags=0x8, repeatCount=0, eventTime=5373543, downTime=5373543, deviceId=-1, source=0x101 }
D/dalvikvm(31550): GC_FOR_ALLOC freed 308K, 12% free 3811K/4296K, paused 1ms, total 1ms
W/EGL_emulation(31550): eglSurfaceAttrib not implemented 3093 12436
D/dalvikvm(31550): GC_FOR_ALLOC freed 302K, 12% free 3812K/4296K, paused 2ms, total 2ms
D/dalvikvm(31550): GC_FOR_ALLOC freed 302K, 12% free 3812K/4296K, paused 2ms, total 2ms
D/dalvikvm(31550): GC_FOR_ALLOC freed 302K, 12% free 3812K/4296K, paused 3ms, total 3ms
D/dalvikvm(31550): GC_FOR_ALLOC freed 302K, 12% free 3812K/4296K, paused 3ms, total 3ms
D/dalvikvm(31550): GC_FOR_ALLOC freed 306K, 12% free 3811K/4296K, paused 2ms, total 2ms
W/ViewRootImpl(31550): Dropping event due to no window focus: KeyEvent { action=ACTION_DOWN, keyCode=KEYCODE_DPAD_DOWN, scanCode=0, metaState=0, flags=0x8, repeatCount=0, eventTime=5373557, downTime=5373557, deviceId=-1, source=0x101 }
I/ActivityManager(  346): START u0 {act=android.intent.action.MAIN cat=[android.intent.category.LAUNCHER] flg=0x10000000 sel={act=android.intent.action.MAIN cat=[android.intent.category.APP_EMAIL]}} from pid 346
D/dalvikvm(31550): GC_FOR_ALLOC freed 302K, 12% free 3811K/4296K, paused 2ms, total 2ms
D/dalvikvm(31550): GC_FOR_ALLOC freed 302K, 12% free 3812K/4296K, paused 2ms, total 2ms
D/dalvikvm(31550): GC_FOR_ALLOC freed 302K, 12% free 3812K/4296K, paused 4ms, total 4ms
D/dalvikvm(31550): GC_FOR_ALLOC freed 304K, 12% free 3811K/4296K, paused 4ms, total 4ms
D/dalvikvm(31550): GC_FOR_ALLOC freed 302K, 12% free 3811K/4296K, paused 2ms, total 2ms
D/dalvikvm(31550): GC_FOR_ALLOC freed 302K, 12% free 3811K/4296K, paused 2ms, total 2ms
D/dalvikvm(31550): GC_FOR_ALLOC freed 302K, 12% free 3812K/4296K, paused 3ms, total 3ms
D/dalvikvm(31550): GC_FOR_ALLOC freed 304K, 12% free 3811K/4296K, paused 3ms, total 3ms
D/dalvikvm(31550): GC_FOR_ALLOC freed 302K, 12% free 3811K/4296K, paused 3ms, total 3ms
D/dalvikvm(31550): GC_FOR_ALLOC freed 302K, 12% free 3811K/4296K, paused 3ms, total 3ms
D/dalvikvm(31550): GC_FOR_ALLOC freed 302K, 12% free 3811K/4296K, paused 3ms, total 3ms
D/dalvikvm(31550): GC_FOR_ALLOC freed 303K, 12% free 3811K/4296K, paused 2ms, total 2ms
W/ViewRootImpl(31550): Dropping event due to no window focus: KeyEvent { action=ACTION_DOWN, keyCode=KEYCODE_MENU, scanCode=0, metaState=0, flags=0x8, repeatCount=0, eventTime=5373624, downTime=5373624, deviceId=-1, source=0x101 }
D/dalvikvm(31550): GC_FOR_ALLOC freed 310K, 12% free 3805K/4296K, paused 4ms, total 4ms
D/dalvikvm(31550): GC_FOR_ALLOC freed 302K, 12% free 3805K/4296K, paused 3ms, total 3ms
W/InputMethodManagerService(  346): Window already focused, ignoring focus gain of: com.android.internal.view.IInputMethodClient$Stub$Proxy@4aa78a6c attribute=null, token = android.os.BinderProxy@4aabdb04
D/dalvikvm(31550): GC_FOR_ALLOC freed 304K, 12% free 3805K/4296K, paused 3ms, total 3ms
D/dalvikvm(31550): GC_FOR_ALLOC freed 302K, 12% free 3805K/4296K, paused 2ms, total 3ms
D/dalvikvm(31550): GC_FOR_ALLOC freed 302K, 12% free 3805K/4296K, paused 2ms, total 2ms
D/dalvikvm(31550): GC_FOR_ALLOC freed 302K, 12% free 3805K/4296K, paused 2ms, total 2ms
D/dalvikvm(31550): GC_FOR_ALLOC freed 302K, 12% free 3805K/4296K, paused 1ms, total 1ms
D/dalvikvm(31550): GC_FOR_ALLOC freed 303K, 12% free 3805K/4296K, paused 5ms, total 5ms
D/dalvikvm(31550): GC_FOR_ALLOC freed 302K, 12% free 3805K/4296K, paused 2ms, total 2ms
D/dalvikvm(31550): GC_FOR_ALLOC freed 302K, 12% free 3805K/4296K, paused 1ms, total 1ms
D/dalvikvm(31550): GC_FOR_ALLOC freed 302K, 12% free 3805K/4296K, paused 2ms, total 2ms
D/dalvikvm(31550): GC_FOR_ALLOC freed 302K, 12% free 3805K/4296K, paused 3ms, total 3ms
D/dalvikvm(31550): GC_FOR_ALLOC freed 303K, 12% free 3806K/4296K, paused 2ms, total 3ms
D/dalvikvm(31550): GC_FOR_ALLOC freed 303K, 12% free 3805K/4296K, paused 2ms, total 2ms
D/dalvikvm(31550): GC_FOR_ALLOC freed 302K, 12% free 3805K/4296K, paused 2ms, total 2ms
D/dalvikvm(31550): GC_FOR_ALLOC freed 302K, 12% free 3805K/4296K, paused 1ms, total 1ms
D/dalvikvm(31550): GC_FOR_ALLOC freed 302K, 12% free 3805K/4296K, paused 2ms, total 2ms
D/dalvikvm(31550): GC_FOR_ALLOC freed 303K, 12% free 3805K/4296K, paused 3ms, total 3ms
D/dalvikvm(31550): GC_FOR_ALLOC freed 303K, 12% free 3805K/4296K, paused 3ms, total 3ms
D/dalvikvm(31550): GC_FOR_ALLOC freed 302K, 12% free 3805K/4296K, paused 2ms, total 2ms
D/dalvikvm(31550): GC_FOR_ALLOC freed 302K, 12% free 3805K/4296K, paused 1ms, total 1ms
D/dalvikvm(31550): GC_FOR_ALLOC freed 302K, 12% free 3805K/4296K, paused 2ms, total 2ms
D/dalvikvm(31550): GC_FOR_ALLOC freed 302K, 12% free 3808K/4296K, paused 2ms, total 2ms
D/dalvikvm(31550): GC_FOR_ALLOC freed 304K, 12% free 3810K/4296K, paused 2ms, total 2ms
D/dalvikvm(31550): GC_FOR_ALLOC freed 302K, 12% free 3810K/4296K, paused 1ms, total 1ms
D/dalvikvm(31550): GC_FOR_ALLOC freed 306K, 12% free 3811K/4296K, paused 2ms, total 2ms
D/dalvikvm(31550): GC_FOR_ALLOC freed 302K, 12% free 3812K/4296K, paused 2ms, total 2ms
W/ViewRootImpl(31550): Dropping event due to no window focus: KeyEvent { action=ACTION_DOWN, keyCode=KEYCODE_LEFT_BRACKET, scanCode=0, metaState=0, flags=0x8, repeatCount=0, eventTime=5373693, downTime=5373693, deviceId=-1, source=0x101 }
D/dalvikvm(31550): GC_FOR_ALLOC freed 302K, 12% free 3812K/4296K, paused 3ms, total 3ms
W/EGL_emulation(31550): eglSurfaceAttrib not implemented 3093 12436
D/dalvikvm(31550): GC_FOR_ALLOC freed 302K, 12% free 3812K/4296K, paused 2ms, total 2ms
D/dalvikvm(31550): GC_FOR_ALLOC freed 302K, 12% free 3813K/4296K, paused 2ms, total 2ms
D/dalvikvm(31550): GC_FOR_ALLOC freed 304K, 12% free 3812K/4296K, paused 2ms, total 2ms
D/dalvikvm(31550): GC_FOR_ALLOC freed 302K, 12% free 3812K/4296K, paused 3ms, total 3ms
D/dalvikvm(31550): GC_FOR_ALLOC freed 305K, 12% free 3811K/4296K, paused 2ms, total 2ms
D/dalvikvm(31550): GC_FOR_ALLOC freed 302K, 12% free 3811K/4296K, paused 2ms, total 2ms
D/dalvikvm(31550): GC_FOR_ALLOC freed 302K, 12% free 3811K/4296K, paused 2ms, total 2ms
D/dalvikvm(31550): GC_FOR_ALLOC freed 302K, 12% free 3811K/4296K, paused 3ms, total 3ms
D/dalvikvm(31550): GC_FOR_ALLOC freed 302K, 12% free 3811K/4296K, paused 3ms, total 3ms
W/InputManager(  346): Input event injection from pid 31540 failed.
W/InputManager(  346): Input event injection from pid 31540 failed.
W/InputManager(  346): Input event injection from pid 31540 failed.
W/InputManager(  346): Input event injection from pid 31540 failed.
D/dalvikvm(31550): GC_FOR_ALLOC freed 303K, 12% free 3811K/4296K, paused 3ms, total 3ms
D/dalvikvm(31550): GC_FOR_ALLOC freed 303K, 12% free 3811K/4296K, paused 1ms, total 1ms
D/dalvikvm(31550): GC_FOR_ALLOC freed 302K, 12% free 3811K/4296K, paused 1ms, total 1ms
D/dalvikvm(31550): GC_FOR_ALLOC freed 302K, 12% free 3811K/4296K, paused 3ms, total 4ms
D/dalvikvm(31550): GC_FOR_ALLOC freed 310K, 12% free 3806K/4296K, paused 3ms, total 3ms
D/dalvikvm(31550): GC_FOR_ALLOC freed 303K, 12% free 3805K/4296K, paused 2ms, total 2ms
W/ViewRootImpl(31550): Dropping event due to no window focus: KeyEvent { action=ACTION_DOWN, keyCode=KEYCODE_DPAD_CENTER, scanCode=0, metaState=0, flags=0x8, repeatCount=0, eventTime=5373761, downTime=5373761, deviceId=-1, source=0x101 }
W/InputMethodManagerService(  346): Window already focused, ignoring focus gain of: com.android.internal.view.IInputMethodClient$Stub$Proxy@4a80f3a8 attribute=null, token = android.os.BinderProxy@4aabdb04
D/dalvikvm(31550): GC_FOR_ALLOC freed 302K, 12% free 3805K/4296K, paused 2ms, total 2ms
D/dalvikvm(31550): GC_FOR_ALLOC freed 303K, 12% free 3805K/4296K, paused 1ms, total 1ms
D/dalvikvm(31550): GC_FOR_ALLOC freed 302K, 12% free 3806K/4296K, paused 2ms, total 2ms
D/dalvikvm(31550): GC_FOR_ALLOC freed 302K, 12% free 3806K/4296K, paused 3ms, total 3ms
D/dalvikvm(31550): GC_FOR_ALLOC freed 304K, 12% free 3805K/4296K, paused 2ms, total 2ms
D/dalvikvm(31550): GC_FOR_ALLOC freed 302K, 12% free 3805K/4296K, paused 1ms, total 1ms
D/dalvikvm(31550): GC_FOR_ALLOC freed 302K, 12% free 3805K/4296K, paused 2ms, total 2ms
D/dalvikvm(31550): GC_FOR_ALLOC freed 302K, 12% free 3805K/4296K, paused 1ms, total 1ms
D/dalvikvm(31550): GC_FOR_ALLOC freed 302K, 12% free 3806K/4296K, paused 4ms, total 4ms
D/dalvikvm(31550): GC_FOR_ALLOC freed 302K, 12% free 3806K/4296K, paused 2ms, total 2ms
D/dalvikvm(31550): GC_FOR_ALLOC freed 304K, 12% free 3805K/4296K, paused 2ms, total 2ms
D/dalvikvm(31550): GC_FOR_ALLOC freed 302K, 12% free 3805K/4296K, paused 3ms, total 4ms
D/dalvikvm(31550): GC_FOR_ALLOC freed 303K, 12% free 3805K/4296K, paused 2ms, total 2ms
D/dalvikvm(31550): GC_FOR_ALLOC freed 302K, 12% free 3805K/4296K, paused 1ms, total 1ms
D/dalvikvm(31550): GC_FOR_ALLOC freed 302K, 12% free 3805K/4296K, paused 1ms, total 1ms
D/dalvikvm(31550): GC_FOR_ALLOC freed 302K, 12% free 3805K/4296K, paused 2ms, total 2ms
D/dalvikvm(31550): GC_FOR_ALLOC freed 302K, 12% free 3805K/4296K, paused 2ms, total 2ms
D/dalvikvm(31550): GC_FOR_ALLOC freed 302K, 12% free 3806K/4296K, paused 2ms, total 2ms
D/dalvikvm(31550): GC_FOR_ALLOC freed 302K, 12% free 3806K/4296K, paused 2ms, total 2ms
D/dalvikvm(31550): GC_FOR_ALLOC freed 303K, 12% free 3805K/4296K, paused 3ms, total 3ms
D/dalvikvm(31550): GC_FOR_ALLOC freed 302K, 12% free 3806K/4296K, paused 2ms, total 2ms
D/dalvikvm(31550): GC_FOR_ALLOC freed 302K, 12% free 3806K/4296K, paused 1ms, total 1ms
D/dalvikvm(31550): GC_FOR_ALLOC freed 302K, 12% free 3806K/4296K, paused 2ms, total 2ms
D/dalvikvm(31550): GC_FOR_ALLOC freed 303K, 12% free 3806K/4296K, paused 3ms, total 3ms
D/dalvikvm(31550): GC_FOR_ALLOC freed 303K, 12% free 3806K/4296K, paused 5ms, total 5ms
D/dalvikvm(31550): GC_FOR_ALLOC freed 303K, 12% free 3810K/4296K, paused 3ms, total 3ms
D/dalvikvm(31550): GC_FOR_ALLOC freed 303K, 12% free 3812K/4296K, paused 2ms, total 2ms
W/ViewRootImpl(31550): Dropping event due to no window focus: KeyEvent { action=ACTION_DOWN, keyCode=KEYCODE_MENU, scanCode=0, metaState=0, flags=0x8, repeatCount=0, eventTime=5373861, downTime=5373861, deviceId=-1, source=0x101 }
D/dalvikvm(31550): GC_FOR_ALLOC freed 305K, 12% free 3812K/4296K, paused 4ms, total 4ms
D/dalvikvm(31550): GC_FOR_ALLOC freed 305K, 12% free 3812K/4296K, paused 2ms, total 2ms
W/ViewRootImpl(31550): Dropping event due to no window focus: KeyEvent { action=ACTION_DOWN, keyCode=KEYCODE_F10, scanCode=0, metaState=0, flags=0x8, repeatCount=0, eventTime=5373870, downTime=5373870, deviceId=-1, source=0x101 }
W/ViewRootImpl(31550): Dropping event due to no window focus: KeyEvent { action=ACTION_DOWN, keyCode=KEYCODE_DPAD_DOWN, scanCode=0, metaState=0, flags=0x8, repeatCount=0, eventTime=5373874, downTime=5373874, deviceId=-1, source=0x101 }
W/ViewRootImpl(31550): Dropping event due to no window focus: KeyEvent { action=ACTION_DOWN, keyCode=KEYCODE_BUTTON_B, scanCode=0, metaState=0, flags=0x8, repeatCount=0, eventTime=5373877, downTime=5373877, deviceId=-1, source=0x101 }
D/dalvikvm(31550): GC_FOR_ALLOC freed 307K, 12% free 3812K/4296K, paused 2ms, total 2ms
D/dalvikvm(31550): GC_FOR_ALLOC freed 302K, 12% free 3813K/4296K, paused 1ms, total 1ms
D/dalvikvm(31550): GC_FOR_ALLOC freed 302K, 12% free 3813K/4296K, paused 2ms, total 2ms
W/EGL_emulation(31550): eglSurfaceAttrib not implemented 3093 12436
D/dalvikvm(31550): GC_FOR_ALLOC freed 302K, 12% free 3813K/4296K, paused 2ms, total 2ms
D/dalvikvm(31550): GC_FOR_ALLOC freed 303K, 12% free 3813K/4296K, paused 1ms, total 1ms
D/dalvikvm(31550): GC_FOR_ALLOC freed 302K, 12% free 3813K/4296K, paused 2ms, total 2ms
D/dalvikvm(31550): GC_FOR_ALLOC freed 302K, 12% free 3813K/4296K, paused 2ms, total 2ms
W/ViewRootImpl(31550): Dropping event due to no window focus: KeyEvent { action=ACTION_DOWN, keyCode=KEYCODE_BACK, scanCode=0, metaState=0, flags=0x8, repeatCount=0, eventTime=5373877, downTime=5373877, deviceId=-1, source=0x101 }
D/dalvikvm(31550): GC_FOR_ALLOC freed 307K, 12% free 3812K/4296K, paused 4ms, total 4ms
D/dalvikvm(31550): GC_FOR_ALLOC freed 302K, 12% free 3812K/4296K, paused 2ms, total 3ms
D/dalvikvm(31550): GC_FOR_ALLOC freed 302K, 12% free 3813K/4296K, paused 1ms, total 1ms
D/dalvikvm(31550): GC_FOR_ALLOC freed 304K, 12% free 3811K/4296K, paused 2ms, total 2ms
D/dalvikvm(31550): GC_FOR_ALLOC freed 302K, 12% free 3811K/4296K, paused 2ms, total 2ms
D/dalvikvm(31550): GC_FOR_ALLOC freed 302K, 12% free 3812K/4296K, paused 3ms, total 3ms
D/dalvikvm(31550): GC_FOR_ALLOC freed 303K, 12% free 3812K/4296K, paused 3ms, total 3ms
D/dalvikvm(31550): GC_FOR_ALLOC freed 302K, 12% free 3812K/4296K, paused 2ms, total 2ms
D/dalvikvm(31550): GC_FOR_ALLOC freed 304K, 12% free 3811K/4296K, paused 1ms, total 1ms
D/dalvikvm(31550): GC_FOR_ALLOC freed 303K, 12% free 3811K/4296K, paused 2ms, total 2ms
D/dalvikvm(31550): GC_FOR_ALLOC freed 303K, 12% free 3811K/4296K, paused 2ms, total 2ms
D/dalvikvm(31550): GC_FOR_ALLOC freed 302K, 12% free 3811K/4296K, paused 2ms, total 2ms
D/dalvikvm(31550): GC_FOR_ALLOC freed 302K, 12% free 3811K/4296K, paused 3ms, total 3ms
D/dalvikvm(31550): GC_FOR_ALLOC freed 304K, 12% free 3811K/4296K, paused 3ms, total 3ms
W/InputMethodManagerService(  346): Window already focused, ignoring focus gain of: com.android.internal.view.IInputMethodClient$Stub$Proxy@4aa11aac attribute=null, token = android.os.BinderProxy@4aabdb04
D/dalvikvm(31550): GC_FOR_ALLOC freed 309K, 12% free 3809K/4296K, paused 4ms, total 4ms
W/ViewRootImpl(31550): Dropping event due to no window focus: KeyEvent { action=ACTION_DOWN, keyCode=KEYCODE_DPAD_CENTER, scanCode=0, metaState=0, flags=0x8, repeatCount=0, eventTime=5373948, downTime=5373948, deviceId=-1, source=0x101 }
D/dalvikvm(31550): GC_FOR_ALLOC freed 305K, 12% free 3811K/4296K, paused 4ms, total 4ms
D/dalvikvm(31550): GC_FOR_ALLOC freed 302K, 12% free 3812K/4296K, paused 2ms, total 3ms
W/EGL_emulation(31550): eglSurfaceAttrib not implemented 3093 12436
D/dalvikvm(31550): GC_FOR_ALLOC freed 302K, 12% free 3812K/4296K, paused 2ms, total 2ms
D/dalvikvm(31550): GC_FOR_ALLOC freed 302K, 12% free 3812K/4296K, paused 2ms, total 2ms
D/dalvikvm(31550): GC_FOR_ALLOC freed 302K, 12% free 3812K/4296K, paused 2ms, total 2ms
D/dalvikvm(31550): GC_FOR_ALLOC freed 304K, 12% free 3812K/4296K, paused 2ms, total 2ms
D/dalvikvm(31550): GC_FOR_ALLOC freed 302K, 12% free 3812K/4296K, paused 2ms, total 2ms
D/dalvikvm(31550): GC_FOR_ALLOC freed 302K, 12% free 3812K/4296K, paused 2ms, total 2ms
D/dalvikvm(31550): GC_FOR_ALLOC freed 302K, 12% free 3812K/4296K, paused 1ms, total 1ms
D/dalvikvm(31550): GC_FOR_ALLOC freed 302K, 12% free 3812K/4296K, paused 3ms, total 3ms
D/dalvikvm(31550): GC_FOR_ALLOC freed 304K, 12% free 3811K/4296K, paused 2ms, total 2ms
D/dalvikvm(31550): GC_FOR_ALLOC freed 302K, 12% free 3812K/4296K, paused 2ms, total 2ms
D/dalvikvm(31550): GC_FOR_ALLOC freed 302K, 12% free 3812K/4296K, paused 2ms, total 2ms
D/dalvikvm(31550): GC_FOR_ALLOC freed 302K, 12% free 3812K/4296K, paused 2ms, total 2ms
D/dalvikvm(31550): GC_FOR_ALLOC freed 303K, 12% free 3812K/4296K, paused 2ms, total 2ms
D/dalvikvm(31550): GC_FOR_ALLOC freed 303K, 12% free 3812K/4296K, paused 2ms, total 3ms
D/dalvikvm(31550): GC_FOR_ALLOC freed 304K, 12% free 3811K/4296K, paused 2ms, total 2ms
D/dalvikvm(31550): GC_FOR_ALLOC freed 302K, 12% free 3811K/4296K, paused 2ms, total 2ms
D/dalvikvm(31550): GC_FOR_ALLOC freed 302K, 12% free 3811K/4296K, paused 2ms, total 2ms
D/dalvikvm(31550): GC_FOR_ALLOC freed 302K, 12% free 3811K/4296K, paused 3ms, total 3ms
D/dalvikvm(31550): GC_FOR_ALLOC freed 303K, 12% free 3811K/4296K, paused 3ms, total 3ms
D/dalvikvm(31550): GC_FOR_ALLOC freed 303K, 12% free 3811K/4296K, paused 2ms, total 2ms
D/dalvikvm(31550): GC_FOR_ALLOC freed 302K, 12% free 3811K/4296K, paused 2ms, total 2ms
D/dalvikvm(31550): GC_FOR_ALLOC freed 302K, 12% free 3811K/4296K, paused 1ms, total 2ms
W/ViewRootImpl(31550): Dropping event due to no window focus: KeyEvent { action=ACTION_DOWN, keyCode=KEYCODE_DPAD_LEFT, scanCode=0, metaState=0, flags=0x8, repeatCount=0, eventTime=5374023, downTime=5374023, deviceId=-1, source=0x101 }
W/InputMethodManagerService(  346): Window already focused, ignoring focus gain of: com.android.internal.view.IInputMethodClient$Stub$Proxy@4aa03188 attribute=null, token = android.os.BinderProxy@4aabdb04
D/dalvikvm(31550): GC_FOR_ALLOC freed 310K, 12% free 3806K/4296K, paused 3ms, total 3ms
D/dalvikvm(31550): GC_FOR_ALLOC freed 303K, 12% free 3805K/4296K, paused 2ms, total 2ms
D/dalvikvm(31550): GC_FOR_ALLOC freed 302K, 12% free 3805K/4296K, paused 2ms, total 2ms
D/dalvikvm(31550): GC_FOR_ALLOC freed 302K, 12% free 3806K/4296K, paused 2ms, total 2ms
D/dalvikvm(31550): GC_FOR_ALLOC freed 302K, 12% free 3806K/4296K, paused 1ms, total 1ms
D/dalvikvm(31550): GC_FOR_ALLOC freed 302K, 12% free 3806K/4296K, paused 6ms, total 6ms
D/dalvikvm(31550): GC_FOR_ALLOC freed 303K, 12% free 3805K/4296K, paused 3ms, total 3ms
D/dalvikvm(31550): GC_FOR_ALLOC freed 302K, 12% free 3805K/4296K, paused 2ms, total 2ms
D/dalvikvm(31550): GC_FOR_ALLOC freed 302K, 12% free 3806K/4296K, paused 2ms, total 2ms
D/dalvikvm(31550): GC_FOR_ALLOC freed 302K, 12% free 3806K/4296K, paused 2ms, total 2ms
D/dalvikvm(31550): GC_FOR_ALLOC freed 302K, 12% free 3806K/4296K, paused 3ms, total 3ms
D/dalvikvm(31550): GC_FOR_ALLOC freed 303K, 12% free 3806K/4296K, paused 2ms, total 2ms
D/dalvikvm(31550): GC_FOR_ALLOC freed 303K, 12% free 3806K/4296K, paused 2ms, total 2ms
D/dalvikvm(31550): GC_FOR_ALLOC freed 302K, 12% free 3806K/4296K, paused 1ms, total 1ms
D/dalvikvm(31550): GC_FOR_ALLOC freed 302K, 12% free 3806K/4296K, paused 1ms, total 1ms
D/dalvikvm(31550): GC_FOR_ALLOC freed 302K, 12% free 3806K/4296K, paused 3ms, total 3ms
D/dalvikvm(31550): GC_FOR_ALLOC freed 302K, 12% free 3807K/4296K, paused 3ms, total 3ms
D/dalvikvm(31550): GC_FOR_ALLOC freed 304K, 12% free 3805K/4296K, paused 2ms, total 2ms
D/dalvikvm(31550): GC_FOR_ALLOC freed 302K, 12% free 3805K/4296K, paused 2ms, total 2ms
D/dalvikvm(31550): GC_FOR_ALLOC freed 302K, 12% free 3806K/4296K, paused 1ms, total 1ms
D/dalvikvm(31550): GC_FOR_ALLOC freed 303K, 12% free 3805K/4296K, paused 2ms, total 2ms
D/dalvikvm(31550): GC_FOR_ALLOC freed 302K, 12% free 3805K/4296K, paused 2ms, total 2ms
D/dalvikvm(31550): GC_FOR_ALLOC freed 302K, 12% free 3805K/4296K, paused 2ms, total 2ms
D/dalvikvm(31550): GC_FOR_ALLOC freed 302K, 12% free 3805K/4296K, paused 2ms, total 2ms
D/dalvikvm(31550): GC_FOR_ALLOC freed 302K, 12% free 3806K/4296K, paused 2ms, total 2ms
D/dalvikvm(31550): GC_FOR_ALLOC freed 302K, 12% free 3806K/4296K, paused 1ms, total 1ms
D/dalvikvm(31550): GC_FOR_ALLOC freed 302K, 12% free 3806K/4296K, paused 2ms, total 2ms
D/dalvikvm(31550): GC_FOR_ALLOC freed 303K, 12% free 3806K/4296K, paused 2ms, total 2ms
D/dalvikvm(31550): GC_FOR_ALLOC freed 302K, 12% free 3806K/4296K, paused 2ms, total 2ms
D/dalvikvm(31550): GC_FOR_ALLOC freed 302K, 12% free 3807K/4296K, paused 2ms, total 2ms
D/dalvikvm(31550): GC_FOR_ALLOC freed 302K, 12% free 3807K/4296K, paused 2ms, total 2ms
D/dalvikvm(31550): GC_FOR_ALLOC freed 302K, 12% free 3807K/4296K, paused 2ms, total 2ms
D/dalvikvm(31550): GC_FOR_ALLOC freed 304K, 12% free 3805K/4296K, paused 6ms, total 6ms
D/dalvikvm(31550): GC_FOR_ALLOC freed 303K, 12% free 3805K/4296K, paused 1ms, total 1ms
D/dalvikvm(31550): GC_FOR_ALLOC freed 302K, 12% free 3806K/4296K, paused 1ms, total 1ms
D/dalvikvm(31550): GC_FOR_ALLOC freed 302K, 12% free 3806K/4296K, paused 1ms, total 1ms
D/dalvikvm(31550): GC_FOR_ALLOC freed 302K, 12% free 3806K/4296K, paused 2ms, total 2ms
D/dalvikvm(31550): GC_FOR_ALLOC freed 303K, 12% free 3805K/4296K, paused 2ms, total 3ms
D/dalvikvm(31550): GC_FOR_ALLOC freed 302K, 12% free 3805K/4296K, paused 2ms, total 2ms
D/dalvikvm(31550): GC_FOR_ALLOC freed 302K, 12% free 3806K/4296K, paused 2ms, total 2ms
D/dalvikvm(31550): GC_FOR_ALLOC freed 302K, 12% free 3806K/4296K, paused 1ms, total 1ms
D/dalvikvm(31550): GC_FOR_ALLOC freed 302K, 12% free 3806K/4296K, paused 3ms, total 3ms
D/dalvikvm(31550): GC_FOR_ALLOC freed 302K, 12% free 3806K/4296K, paused 2ms, total 2ms
D/dalvikvm(31550): GC_FOR_ALLOC freed 304K, 12% free 3805K/4296K, paused 3ms, total 3ms
D/dalvikvm(31550): GC_FOR_ALLOC freed 302K, 12% free 3806K/4296K, paused 3ms, total 3ms
D/dalvikvm(31550): GC_FOR_ALLOC freed 302K, 12% free 3806K/4296K, paused 1ms, total 1ms
D/dalvikvm(31550): GC_FOR_ALLOC freed 302K, 12% free 3806K/4296K, paused 3ms, total 3ms
D/dalvikvm(31550): GC_FOR_ALLOC freed 302K, 12% free 3806K/4296K, paused 6ms, total 6ms
D/dalvikvm(31550): GC_FOR_ALLOC freed 303K, 12% free 3805K/4296K, paused 3ms, total 3ms
D/dalvikvm(31550): GC_FOR_ALLOC freed 302K, 12% free 3806K/4296K, paused 2ms, total 2ms
D/dalvikvm(31550): GC_FOR_ALLOC freed 302K, 12% free 3806K/4296K, paused 2ms, total 3ms
D/dalvikvm(31550): GC_FOR_ALLOC freed 302K, 12% free 3806K/4296K, paused 3ms, total 3ms
D/dalvikvm(31550): GC_FOR_ALLOC freed 302K, 12% free 3806K/4296K, paused 3ms, total 3ms
D/dalvikvm(31550): GC_FOR_ALLOC freed 303K, 12% free 3806K/4296K, paused 3ms, total 3ms
D/dalvikvm(31550): GC_FOR_ALLOC freed 303K, 12% free 3806K/4296K, paused 1ms, total 1ms
D/dalvikvm(31550): GC_FOR_ALLOC freed 303K, 12% free 3805K/4296K, paused 2ms, total 2ms
D/dalvikvm(31550): GC_FOR_ALLOC freed 302K, 12% free 3805K/4296K, paused 2ms, total 2ms
D/dalvikvm(31550): GC_FOR_ALLOC freed 302K, 12% free 3806K/4296K, paused 2ms, total 2ms
D/dalvikvm(31550): GC_FOR_ALLOC freed 302K, 12% free 3806K/4296K, paused 1ms, total 1ms
D/dalvikvm(31550): GC_FOR_ALLOC freed 302K, 12% free 3806K/4296K, paused 1ms, total 1ms
D/dalvikvm(31550): GC_FOR_ALLOC freed 302K, 12% free 3806K/4296K, paused 1ms, total 1ms
D/dalvikvm(31550): GC_FOR_ALLOC freed 302K, 12% free 3806K/4296K, paused 3ms, total 3ms
D/dalvikvm(31550): GC_FOR_ALLOC freed 303K, 12% free 3805K/4296K, paused 3ms, total 3ms
D/dalvikvm(31550): GC_FOR_ALLOC freed 302K, 12% free 3805K/4296K, paused 2ms, total 2ms
D/dalvikvm(31550): GC_FOR_ALLOC freed 302K, 12% free 3806K/4296K, paused 1ms, total 1ms
D/dalvikvm(31550): GC_FOR_ALLOC freed 302K, 12% free 3806K/4296K, paused 1ms, total 1ms
D/dalvikvm(31550): GC_FOR_ALLOC freed 302K, 12% free 3806K/4296K, paused 2ms, total 2ms
D/dalvikvm(31550): GC_FOR_ALLOC freed 302K, 12% free 3806K/4296K, paused 1ms, total 1ms
D/dalvikvm(31550): GC_FOR_ALLOC freed 302K, 12% free 3806K/4296K, paused 2ms, total 2ms
D/dalvikvm(31550): GC_FOR_ALLOC freed 304K, 12% free 3805K/4296K, paused 4ms, total 4ms
D/dalvikvm(31550): GC_FOR_ALLOC freed 302K, 12% free 3806K/4296K, paused 2ms, total 2ms
D/dalvikvm(31550): GC_FOR_ALLOC freed 302K, 12% free 3806K/4296K, paused 2ms, total 2ms
D/dalvikvm(31550): GC_FOR_ALLOC freed 302K, 12% free 3806K/4296K, paused 2ms, total 2ms
D/dalvikvm(31550): GC_FOR_ALLOC freed 302K, 12% free 3806K/4296K, paused 2ms, total 3ms
D/dalvikvm(31550): GC_FOR_ALLOC freed 302K, 12% free 3806K/4296K, paused 3ms, total 3ms
D/dalvikvm(31550): GC_FOR_ALLOC freed 303K, 12% free 3805K/4296K, paused 2ms, total 2ms
D/dalvikvm(31550): GC_FOR_ALLOC freed 303K, 12% free 3806K/4296K, paused 2ms, total 2ms
D/dalvikvm(31550): GC_FOR_ALLOC freed 302K, 12% free 3806K/4296K, paused 2ms, total 2ms
D/dalvikvm(31550): GC_FOR_ALLOC freed 302K, 12% free 3806K/4296K, paused 2ms, total 2ms
D/dalvikvm(31550): GC_FOR_ALLOC freed 302K, 12% free 3806K/4296K, paused 2ms, total 2ms
D/dalvikvm(31550): GC_FOR_ALLOC freed 302K, 12% free 3806K/4296K, paused 2ms, total 2ms
D/dalvikvm(31550): GC_FOR_ALLOC freed 303K, 12% free 3805K/4296K, paused 2ms, total 2ms
D/dalvikvm(31550): GC_FOR_ALLOC freed 302K, 12% free 3806K/4296K, paused 1ms, total 1ms
D/dalvikvm(31550): GC_FOR_ALLOC freed 302K, 12% free 3806K/4296K, paused 1ms, total 1ms
D/dalvikvm(31550): GC_FOR_ALLOC freed 302K, 12% free 3806K/4296K, paused 2ms, total 2ms
D/dalvikvm(31550): GC_FOR_ALLOC freed 302K, 12% free 3806K/4296K, paused 2ms, total 2ms
D/dalvikvm(31550): GC_FOR_ALLOC freed 304K, 12% free 3805K/4296K, paused 2ms, total 3ms
D/dalvikvm(31550): GC_FOR_ALLOC freed 302K, 12% free 3805K/4296K, paused 2ms, total 2ms
D/dalvikvm(31550): GC_FOR_ALLOC freed 302K, 12% free 3806K/4296K, paused 2ms, total 2ms
D/dalvikvm(31550): GC_FOR_ALLOC freed 302K, 12% free 3806K/4296K, paused 1ms, total 2ms
D/dalvikvm(31550): GC_FOR_ALLOC freed 302K, 12% free 3806K/4296K, paused 1ms, total 2ms
D/dalvikvm(31550): GC_FOR_ALLOC freed 302K, 12% free 3806K/4296K, paused 2ms, total 2ms
D/dalvikvm(31550): GC_FOR_ALLOC freed 302K, 12% free 3806K/4296K, paused 3ms, total 3ms
D/dalvikvm(31550): GC_FOR_ALLOC freed 303K, 12% free 3805K/4296K, paused 2ms, total 2ms
D/dalvikvm(31550): GC_FOR_ALLOC freed 302K, 12% free 3806K/4296K, paused 1ms, total 1ms
D/dalvikvm(31550): GC_FOR_ALLOC freed 302K, 12% free 3806K/4296K, paused 1ms, total 1ms
D/dalvikvm(31550): GC_FOR_ALLOC freed 302K, 12% free 3806K/4296K, paused 1ms, total 1ms
D/dalvikvm(31550): GC_FOR_ALLOC freed 303K, 12% free 3806K/4296K, paused 2ms, total 2ms
D/dalvikvm(31550): GC_FOR_ALLOC freed 302K, 12% free 3806K/4296K, paused 2ms, total 2ms
D/dalvikvm(31550): GC_FOR_ALLOC freed 303K, 12% free 3805K/4296K, paused 2ms, total 2ms
D/dalvikvm(31550): GC_FOR_ALLOC freed 302K, 12% free 3806K/4296K, paused 1ms, total 1ms
D/dalvikvm(31550): GC_FOR_ALLOC freed 302K, 12% free 3806K/4296K, paused 1ms, total 1ms
D/dalvikvm(31550): GC_FOR_ALLOC freed 302K, 12% free 3806K/4296K, paused 1ms, total 1ms
D/dalvikvm(31550): GC_FOR_ALLOC freed 302K, 12% free 3806K/4296K, paused 2ms, total 2ms
D/dalvikvm(31550): GC_FOR_ALLOC freed 302K, 12% free 3806K/4296K, paused 2ms, total 2ms
D/dalvikvm(31550): GC_FOR_ALLOC freed 304K, 12% free 3805K/4296K, paused 2ms, total 2ms
D/dalvikvm(31550): GC_FOR_ALLOC freed 302K, 12% free 3806K/4296K, paused 2ms, total 2ms
D/dalvikvm(31550): GC_FOR_ALLOC freed 302K, 12% free 3806K/4296K, paused 2ms, total 2ms
D/dalvikvm(31550): GC_FOR_ALLOC freed 302K, 12% free 3806K/4296K, paused 2ms, total 3ms
D/dalvikvm(31550): GC_FOR_ALLOC freed 303K, 12% free 3805K/4296K, paused 3ms, total 3ms
D/dalvikvm(31550): GC_FOR_ALLOC freed 302K, 12% free 3805K/4296K, paused 2ms, total 2ms
D/dalvikvm(31550): GC_FOR_ALLOC freed 302K, 12% free 3806K/4296K, paused 1ms, total 1ms
D/dalvikvm(31550): GC_FOR_ALLOC freed 302K, 12% free 3806K/4296K, paused 2ms, total 2ms
D/dalvikvm(31550): GC_FOR_ALLOC freed 302K, 12% free 3806K/4296K, paused 2ms, total 2ms
D/dalvikvm(31550): GC_FOR_ALLOC freed 302K, 12% free 3806K/4296K, paused 2ms, total 2ms
D/dalvikvm(31550): GC_FOR_ALLOC freed 302K, 12% free 3806K/4296K, paused 3ms, total 3ms
D/dalvikvm(31550): GC_FOR_ALLOC freed 302K, 12% free 3807K/4296K, paused 2ms, total 2ms
D/dalvikvm(31550): GC_FOR_ALLOC freed 303K, 12% free 3811K/4296K, paused 1ms, total 1ms
D/dalvikvm(31550): GC_FOR_ALLOC freed 303K, 12% free 3811K/4296K, paused 2ms, total 2ms
D/dalvikvm(31550): GC_FOR_ALLOC freed 306K, 12% free 3812K/4296K, paused 3ms, total 3ms
W/ViewRootImpl(31550): Dropping event due to no window focus: KeyEvent { action=ACTION_DOWN, keyCode=KEYCODE_DPAD_DOWN, scanCode=0, metaState=0, flags=0x8, repeatCount=0, eventTime=5374357, downTime=5374357, deviceId=-1, source=0x101 }
D/dalvikvm(31550): GC_FOR_ALLOC freed 302K, 12% free 3813K/4296K, paused 2ms, total 3ms
D/dalvikvm(31550): GC_FOR_ALLOC freed 302K, 12% free 3813K/4296K, paused 2ms, total 2ms
D/dalvikvm(31550): GC_FOR_ALLOC freed 302K, 12% free 3813K/4296K, paused 2ms, total 2ms
D/dalvikvm(31550): GC_FOR_ALLOC freed 302K, 12% free 3813K/4296K, paused 1ms, total 1ms
W/EGL_emulation(31550): eglSurfaceAttrib not implemented 3093 12436
D/dalvikvm(31550): GC_FOR_ALLOC freed 302K, 12% free 3813K/4296K, paused 3ms, total 3ms
D/dalvikvm(31550): GC_FOR_ALLOC freed 302K, 12% free 3813K/4296K, paused 1ms, total 1ms
D/dalvikvm(31550): GC_FOR_ALLOC freed 302K, 12% free 3814K/4296K, paused 3ms, total 3ms
D/dalvikvm(31550): GC_FOR_ALLOC freed 304K, 12% free 3813K/4296K, paused 2ms, total 3ms
D/dalvikvm(31550): GC_FOR_ALLOC freed 303K, 12% free 3813K/4296K, paused 5ms, total 5ms
D/dalvikvm(31550): GC_FOR_ALLOC freed 303K, 12% free 3813K/4296K, paused 2ms, total 2ms
D/dalvikvm(31550): GC_FOR_ALLOC freed 303K, 12% free 3813K/4296K, paused 3ms, total 3ms
D/dalvikvm(31550): GC_FOR_ALLOC freed 303K, 12% free 3813K/4296K, paused 2ms, total 2ms
D/dalvikvm(31550): GC_FOR_ALLOC freed 302K, 12% free 3813K/4296K, paused 1ms, total 1ms
D/dalvikvm(31550): GC_FOR_ALLOC freed 302K, 12% free 3813K/4296K, paused 3ms, total 3ms
D/dalvikvm(31550): GC_FOR_ALLOC freed 304K, 12% free 3812K/4296K, paused 2ms, total 2ms
D/dalvikvm(31550): GC_FOR_ALLOC freed 303K, 12% free 3812K/4296K, paused 3ms, total 3ms
D/dalvikvm(31550): GC_FOR_ALLOC freed 310K, 12% free 3806K/4296K, paused 2ms, total 2ms
W/ViewRootImpl(31550): Dropping event due to no window focus: KeyEvent { action=ACTION_DOWN, keyCode=KEYCODE_F12, scanCode=0, metaState=0, flags=0x8, repeatCount=0, eventTime=5374447, downTime=5374447, deviceId=-1, source=0x101 }
W/InputMethodManagerService(  346): Window already focused, ignoring focus gain of: com.android.internal.view.IInputMethodClient$Stub$Proxy@4a9eca04 attribute=null, token = android.os.BinderProxy@4aabdb04
D/dalvikvm(31550): GC_FOR_ALLOC freed 303K, 12% free 3806K/4296K, paused 2ms, total 3ms
D/dalvikvm(31550): GC_FOR_ALLOC freed 302K, 12% free 3806K/4296K, paused 2ms, total 2ms
D/dalvikvm(31550): GC_FOR_ALLOC freed 302K, 12% free 3806K/4296K, paused 1ms, total 1ms
D/dalvikvm(31550): GC_FOR_ALLOC freed 303K, 12% free 3806K/4296K, paused 2ms, total 2ms
D/dalvikvm(31550): GC_FOR_ALLOC freed 302K, 12% free 3806K/4296K, paused 2ms, total 2ms
D/dalvikvm(31550): GC_FOR_ALLOC freed 304K, 12% free 3806K/4296K, paused 2ms, total 2ms
D/dalvikvm(31550): GC_FOR_ALLOC freed 302K, 12% free 3806K/4296K, paused 3ms, total 3ms
D/dalvikvm(31550): GC_FOR_ALLOC freed 302K, 12% free 3806K/4296K, paused 3ms, total 3ms
D/dalvikvm(31550): GC_FOR_ALLOC freed 302K, 12% free 3806K/4296K, paused 1ms, total 1ms
D/dalvikvm(31550): GC_FOR_ALLOC freed 302K, 12% free 3806K/4296K, paused 1ms, total 1ms
D/dalvikvm(31550): GC_FOR_ALLOC freed 302K, 12% free 3806K/4296K, paused 3ms, total 3ms
D/dalvikvm(31550): GC_FOR_ALLOC freed 303K, 12% free 3806K/4296K, paused 3ms, total 3ms
D/dalvikvm(31550): GC_FOR_ALLOC freed 302K, 12% free 3806K/4296K, paused 1ms, total 1ms
D/dalvikvm(31550): GC_FOR_ALLOC freed 302K, 12% free 3806K/4296K, paused 2ms, total 2ms
D/dalvikvm(31550): GC_FOR_ALLOC freed 302K, 12% free 3806K/4296K, paused 2ms, total 2ms
D/dalvikvm(31550): GC_FOR_ALLOC freed 302K, 12% free 3806K/4296K, paused 3ms, total 3ms
D/dalvikvm(31550): GC_FOR_ALLOC freed 302K, 12% free 3806K/4296K, paused 2ms, total 2ms
D/dalvikvm(31550): GC_FOR_ALLOC freed 303K, 12% free 3806K/4296K, paused 3ms, total 3ms
D/dalvikvm(31550): GC_FOR_ALLOC freed 302K, 12% free 3806K/4296K, paused 2ms, total 2ms
D/dalvikvm(31550): GC_FOR_ALLOC freed 302K, 12% free 3806K/4296K, paused 1ms, total 1ms
D/dalvikvm(31550): GC_FOR_ALLOC freed 302K, 12% free 3806K/4296K, paused 2ms, total 2ms
D/dalvikvm(31550): GC_FOR_ALLOC freed 302K, 12% free 3806K/4296K, paused 2ms, total 2ms
D/dalvikvm(31550): GC_FOR_ALLOC freed 302K, 12% free 3806K/4296K, paused 2ms, total 2ms
D/dalvikvm(31550): GC_FOR_ALLOC freed 302K, 12% free 3806K/4296K, paused 3ms, total 3ms
D/dalvikvm(31550): GC_FOR_ALLOC freed 304K, 12% free 3806K/4296K, paused 3ms, total 3ms
D/dalvikvm(31550): GC_FOR_ALLOC freed 303K, 12% free 3806K/4296K, paused 2ms, total 2ms
D/dalvikvm(31550): GC_FOR_ALLOC freed 303K, 12% free 3806K/4296K, paused 2ms, total 2ms
D/dalvikvm(31550): GC_FOR_ALLOC freed 302K, 12% free 3806K/4296K, paused 2ms, total 2ms
D/dalvikvm(31550): GC_FOR_ALLOC freed 302K, 12% free 3806K/4296K, paused 3ms, total 3ms
D/dalvikvm(31550): GC_FOR_ALLOC freed 303K, 12% free 3805K/4296K, paused 5ms, total 5ms
D/dalvikvm(31550): GC_FOR_ALLOC freed 302K, 12% free 3806K/4296K, paused 2ms, total 2ms
D/dalvikvm(31550): GC_FOR_ALLOC freed 302K, 12% free 3806K/4296K, paused 2ms, total 2ms
D/dalvikvm(31550): GC_FOR_ALLOC freed 302K, 12% free 3806K/4296K, paused 1ms, total 2ms
D/dalvikvm(31550): GC_FOR_ALLOC freed 302K, 12% free 3806K/4296K, paused 3ms, total 3ms
D/dalvikvm(31550): GC_FOR_ALLOC freed 303K, 12% free 3805K/4296K, paused 3ms, total 3ms
D/dalvikvm(31550): GC_FOR_ALLOC freed 302K, 12% free 3806K/4296K, paused 2ms, total 2ms
D/dalvikvm(31550): GC_FOR_ALLOC freed 302K, 12% free 3806K/4296K, paused 2ms, total 2ms
D/dalvikvm(31550): GC_FOR_ALLOC freed 302K, 12% free 3806K/4296K, paused 2ms, total 2ms
D/dalvikvm(31550): GC_FOR_ALLOC freed 302K, 12% free 3806K/4296K, paused 3ms, total 3ms
D/dalvikvm(31550): GC_FOR_ALLOC freed 302K, 12% free 3806K/4296K, paused 3ms, total 3ms
D/dalvikvm(31550): GC_FOR_ALLOC freed 304K, 12% free 3806K/4296K, paused 3ms, total 3ms
D/dalvikvm(31550): GC_FOR_ALLOC freed 303K, 12% free 3806K/4296K, paused 1ms, total 1ms
D/dalvikvm(31550): GC_FOR_ALLOC freed 302K, 12% free 3806K/4296K, paused 3ms, total 3ms
D/dalvikvm(31550): GC_FOR_ALLOC freed 302K, 12% free 3806K/4296K, paused 3ms, total 3ms
D/dalvikvm(31550): GC_FOR_ALLOC freed 303K, 12% free 3805K/4296K, paused 4ms, total 4ms
D/dalvikvm(31550): GC_FOR_ALLOC freed 303K, 12% free 3806K/4296K, paused 2ms, total 2ms
D/dalvikvm(31550): GC_FOR_ALLOC freed 302K, 12% free 3806K/4296K, paused 2ms, total 2ms
D/dalvikvm(31550): GC_FOR_ALLOC freed 302K, 12% free 3806K/4296K, paused 1ms, total 1ms
D/dalvikvm(31550): GC_FOR_ALLOC freed 302K, 12% free 3806K/4296K, paused 2ms, total 2ms
D/dalvikvm(31550): GC_FOR_ALLOC freed 303K, 12% free 3805K/4296K, paused 4ms, total 4ms
D/dalvikvm(31550): GC_FOR_ALLOC freed 302K, 12% free 3806K/4296K, paused 4ms, total 4ms
D/dalvikvm(31550): GC_FOR_ALLOC freed 302K, 12% free 3806K/4296K, paused 2ms, total 2ms
D/dalvikvm(31550): GC_FOR_ALLOC freed 302K, 12% free 3806K/4296K, paused 2ms, total 2ms
D/dalvikvm(31550): GC_FOR_ALLOC freed 302K, 12% free 3806K/4296K, paused 2ms, total 2ms
D/dalvikvm(31550): GC_FOR_ALLOC freed 303K, 12% free 3810K/4296K, paused 2ms, total 3ms
D/dalvikvm(31550): GC_FOR_ALLOC freed 306K, 12% free 3811K/4296K, paused 2ms, total 2ms
W/ViewRootImpl(31550): Dropping event due to no window focus: KeyEvent { action=ACTION_DOWN, keyCode=KEYCODE_BUTTON_X, scanCode=0, metaState=0, flags=0x8, repeatCount=0, eventTime=5374605, downTime=5374605, deviceId=-1, source=0x101 }
D/dalvikvm(31550): GC_FOR_ALLOC freed 302K, 12% free 3812K/4296K, paused 1ms, total 2ms
D/dalvikvm(31550): GC_FOR_ALLOC freed 302K, 12% free 3812K/4296K, paused 3ms, total 3ms
W/EGL_emulation(31550): eglSurfaceAttrib not implemented 3093 12436
D/dalvikvm(31550): GC_FOR_ALLOC freed 302K, 12% free 3813K/4296K, paused 2ms, total 2ms
D/dalvikvm(31550): GC_FOR_ALLOC freed 302K, 12% free 3813K/4296K, paused 3ms, total 3ms
D/dalvikvm(31550): GC_FOR_ALLOC freed 302K, 12% free 3813K/4296K, paused 3ms, total 3ms
D/dalvikvm(31550): GC_FOR_ALLOC freed 306K, 12% free 3812K/4296K, paused 2ms, total 2ms
W/ViewRootImpl(31550): Dropping event due to no window focus: KeyEvent { action=ACTION_DOWN, keyCode=KEYCODE_DPAD_CENTER, scanCode=0, metaState=0, flags=0x8, repeatCount=0, eventTime=5374605, downTime=5374605, deviceId=-1, source=0x101 }
D/dalvikvm(31550): GC_FOR_ALLOC freed 303K, 12% free 3812K/4296K, paused 3ms, total 4ms
D/dalvikvm(31550): GC_FOR_ALLOC freed 302K, 12% free 3812K/4296K, paused 3ms, total 3ms
D/dalvikvm(31550): GC_FOR_ALLOC freed 302K, 12% free 3813K/4296K, paused 2ms, total 2ms
D/dalvikvm(31550): GC_FOR_ALLOC freed 304K, 12% free 3812K/4296K, paused 2ms, total 2ms
D/dalvikvm(31550): GC_FOR_ALLOC freed 302K, 12% free 3812K/4296K, paused 2ms, total 2ms
D/dalvikvm(31550): GC_FOR_ALLOC freed 303K, 12% free 3812K/4296K, paused 2ms, total 2ms
D/dalvikvm(31550): GC_FOR_ALLOC freed 302K, 12% free 3812K/4296K, paused 2ms, total 2ms
D/dalvikvm(31550): GC_FOR_ALLOC freed 302K, 12% free 3812K/4296K, paused 4ms, total 4ms
D/dalvikvm(31550): GC_FOR_ALLOC freed 303K, 12% free 3812K/4296K, paused 2ms, total 2ms
D/dalvikvm(31550): GC_FOR_ALLOC freed 303K, 12% free 3811K/4296K, paused 1ms, total 1ms
D/dalvikvm(31550): GC_FOR_ALLOC freed 302K, 12% free 3811K/4296K, paused 1ms, total 1ms
D/dalvikvm(31550): GC_FOR_ALLOC freed 302K, 12% free 3812K/4296K, paused 2ms, total 2ms
D/dalvikvm(31550): GC_FOR_ALLOC freed 302K, 12% free 3812K/4296K, paused 2ms, total 2ms
D/dalvikvm(31550): GC_FOR_ALLOC freed 302K, 12% free 3812K/4296K, paused 3ms, total 3ms
W/ViewRootImpl(31550): Dropping event due to no window focus: KeyEvent { action=ACTION_DOWN, keyCode=KEYCODE_META_RIGHT, scanCode=0, metaState=0, flags=0x8, repeatCount=0, eventTime=5374673, downTime=5374673, deviceId=-1, source=0x101 }
W/InputMethodManagerService(  346): Window already focused, ignoring focus gain of: com.android.internal.view.IInputMethodClient$Stub$Proxy@4a9cba18 attribute=null, token = android.os.BinderProxy@4aabdb04
D/dalvikvm(31550): GC_FOR_ALLOC freed 311K, 12% free 3806K/4296K, paused 4ms, total 4ms
D/dalvikvm(31550): GC_FOR_ALLOC freed 303K, 12% free 3806K/4296K, paused 2ms, total 2ms
D/dalvikvm(31550): GC_FOR_ALLOC freed 302K, 12% free 3806K/4296K, paused 1ms, total 1ms
D/dalvikvm(31550): GC_FOR_ALLOC freed 302K, 12% free 3806K/4296K, paused 1ms, total 1ms
D/dalvikvm(31550): GC_FOR_ALLOC freed 302K, 12% free 3806K/4296K, paused 3ms, total 3ms
D/dalvikvm(31550): GC_FOR_ALLOC freed 302K, 12% free 3806K/4296K, paused 3ms, total 3ms
D/dalvikvm(31550): GC_FOR_ALLOC freed 303K, 12% free 3806K/4296K, paused 3ms, total 3ms
D/dalvikvm(31550): GC_FOR_ALLOC freed 302K, 12% free 3806K/4296K, paused 2ms, total 2ms
D/dalvikvm(31550): GC_FOR_ALLOC freed 302K, 12% free 3806K/4296K, paused 2ms, total 2ms
D/dalvikvm(31550): GC_FOR_ALLOC freed 302K, 12% free 3806K/4296K, paused 2ms, total 2ms
D/dalvikvm(31550): GC_FOR_ALLOC freed 302K, 12% free 3806K/4296K, paused 1ms, total 1ms
D/dalvikvm(31550): GC_FOR_ALLOC freed 303K, 12% free 3806K/4296K, paused 2ms, total 2ms
D/dalvikvm(31550): GC_FOR_ALLOC freed 303K, 12% free 3806K/4296K, paused 3ms, total 4ms
D/dalvikvm(31550): GC_CONCURRENT freed 302K, 11% free 3906K/4344K, paused 1ms+0ms, total 2ms
D/dalvikvm(31550): GC_CONCURRENT freed 404K, 13% free 3905K/4448K, paused 2ms+0ms, total 4ms
D/dalvikvm(31550): GC_CONCURRENT freed 404K, 13% free 3906K/4448K, paused 1ms+1ms, total 5ms
D/dalvikvm(31550): WAIT_FOR_CONCURRENT_GC blocked 2ms
D/dalvikvm(31550): GC_CONCURRENT freed 403K, 13% free 3906K/4448K, paused 2ms+0ms, total 3ms
D/dalvikvm(31550): GC_CONCURRENT freed 403K, 13% free 3906K/4448K, paused 1ms+1ms, total 3ms
D/dalvikvm(31550): GC_CONCURRENT freed 504K, 15% free 3807K/4448K, paused 0ms+0ms, total 2ms
D/dalvikvm(31550): WAIT_FOR_CONCURRENT_GC blocked 2ms
D/dalvikvm(31550): GC_CONCURRENT freed 405K, 13% free 3906K/4448K, paused 3ms+0ms, total 5ms
D/dalvikvm(31550): WAIT_FOR_CONCURRENT_GC blocked 1ms
D/dalvikvm(31550): GC_CONCURRENT freed 403K, 13% free 3906K/4448K, paused 2ms+0ms, total 3ms
D/dalvikvm(31550): GC_CONCURRENT freed 404K, 13% free 3907K/4448K, paused 1ms+0ms, total 3ms
D/dalvikvm(31550): WAIT_FOR_CONCURRENT_GC blocked 2ms
D/dalvikvm(31550): GC_CONCURRENT freed 404K, 13% free 3907K/4448K, paused 1ms+1ms, total 5ms
D/dalvikvm(31550): WAIT_FOR_CONCURRENT_GC blocked 3ms
D/dalvikvm(31550): GC_CONCURRENT freed 503K, 15% free 3807K/4448K, paused 0ms+0ms, total 2ms
D/dalvikvm(31550): WAIT_FOR_CONCURRENT_GC blocked 2ms
D/dalvikvm(31550): GC_CONCURRENT freed 404K, 13% free 3907K/4448K, paused 0ms+0ms, total 2ms
D/dalvikvm(31550): WAIT_FOR_CONCURRENT_GC blocked 2ms
D/dalvikvm(31550): GC_CONCURRENT freed 403K, 13% free 3907K/4448K, paused 0ms+0ms, total 2ms
D/dalvikvm(31550): WAIT_FOR_CONCURRENT_GC blocked 2ms
D/dalvikvm(31550): GC_CONCURRENT freed 503K, 15% free 3807K/4448K, paused 0ms+1ms, total 2ms
D/dalvikvm(31550): WAIT_FOR_CONCURRENT_GC blocked 2ms
D/dalvikvm(31550): GC_CONCURRENT freed 506K, 15% free 3805K/4448K, paused 0ms+1ms, total 3ms
I/ActivityManager(  346): START u0 {cmp=com.windyty.android/com.windyty.MainActivity (has extras)} from pid 31550
W/ViewRootImpl(31550): Dropping event due to no window focus: KeyEvent { action=ACTION_DOWN, keyCode=KEYCODE_DPAD_RIGHT, scanCode=0, metaState=0, flags=0x400, repeatCount=0, eventTime=5374819, downTime=5374819, deviceId=-1, source=0x101 }
W/ViewRootImpl(31550): Dropping event due to no window focus: KeyEvent { action=ACTION_DOWN, keyCode=KEYCODE_DPAD_RIGHT, scanCode=0, metaState=0, flags=0x400, repeatCount=0, eventTime=5374819, downTime=5374819, deviceId=-1, source=0x101 }
W/ViewRootImpl(31550): Dropping event due to no window focus: KeyEvent { action=ACTION_DOWN, keyCode=KEYCODE_DPAD_RIGHT, scanCode=0, metaState=0, flags=0x400, repeatCount=0, eventTime=5374819, downTime=5374819, deviceId=-1, source=0x101 }
D/dalvikvm(31550): Trying to load lib /data/app-lib/com.windyty.android-1/libwindytyview.so 0x94fd2950
D/dalvikvm(31550): Added shared lib /data/app-lib/com.windyty.android-1/libwindytyview.so 0x94fd2950
I/JvmContext(31550): JVM context created
D/dalvikvm(31550): GC_CONCURRENT freed 114K, 8% free 4128K/4448K, paused 2ms+0ms, total 5ms
W/dalvikvm(31550): VFY: unable to find class referenced in signature (Lokhttp3/Request;)
W/dalvikvm(31550): VFY: unable to find class referenced in signature (Lokhttp3/Response;)
I/dalvikvm(31550): Could not find method okhttp3.Response.headers, referenced from method empirical.HelperClass.printOkHttpInfo
W/dalvikvm(31550): VFY: unable to resolve virtual method 31139: Lokhttp3/Response;.headers ()Lokhttp3/Headers;
D/dalvikvm(31550): VFY: replacing opcode 0x6e at 0x0006
W/dalvikvm(31550): VFY: unable to find class referenced in signature (Lokhttp3/Call;)
W/GAV4    (31550): Thread[GAThread,5,main]: IllegalStateException getting Ad Id Info. If you would like to see Audience reports, please ensure that you have added '<meta-data android:name="com.google.android.gms.version" android:value="@integer/google_play_services_version" />' to your application manifest file. See http://goo.gl/naFqQk for details.
W/dalvikvm(31550): VFY: unable to find class referenced in signature (Lokhttp3/Response;)
I/dalvikvm(31550): Could not find method okhttp3.Call.request, referenced from method empirical.HelperClass.printOkHttpInfoFromCall
W/dalvikvm(31550): VFY: unable to resolve interface method 31133: Lokhttp3/Call;.request ()Lokhttp3/Request;
D/dalvikvm(31550): VFY: replacing opcode 0x72 at 0x0006
D/dalvikvm(31550): GC_CONCURRENT freed 170K, 4% free 4458K/4600K, paused 2ms+0ms, total 5ms
I/System.out(31550): body:<com.windyty.search.GeoipTask: boolean downloadData(java.lang.String)>	sig:specialinvoke $r5.<java.net.URL: void <init>(java.lang.String)>($r1)	timediff:0
I/System.out(31550): <com.windyty.search.GeoipTask: boolean downloadData(java.lang.String)>###specialinvoke $r5.<java.net.URL: void <init>(java.lang.String)>($r1)###https://www.windytv.com/node/geoip
I/System.out(31550): body:<com.windyty.search.GeoipTask: boolean downloadData(java.lang.String)>	sig:$r8 = virtualinvoke $r5.<java.net.URL: java.net.URLConnection openConnection()>()	timediff:13
W/EGL_emulation(31550): eglSurfaceAttrib not implemented 3093 12436
D/dalvikvm(31550): GC_CONCURRENT freed 224K, 6% free 4669K/4956K, paused 1ms+1ms, total 4ms
D/dalvikvm(  643): GC_CONCURRENT freed 1491K, 18% free 7660K/9284K, paused 2ms+4ms, total 15ms
D/        (31550): HostConnection::get() New Host Connection established 0xb7b69e70, tid 31601
I/System.out(31550): body:<com.windyty.search.GeoipTask: boolean downloadData(java.lang.String)>	sig:virtualinvoke $r9.<java.net.HttpURLConnection: void connect()>()	timediff:69
W/ViewRootImpl(31550): Dropping event due to no window focus: KeyEvent { action=ACTION_DOWN, keyCode=KEYCODE_DPAD_CENTER, scanCode=0, metaState=0, flags=0x8, repeatCount=0, eventTime=5374794, downTime=5374794, deviceId=-1, source=0x101 }
I/System.out(31550): body:<com.windyty.search.GeoipTask: boolean downloadData(java.lang.String)>	sig:$i0 = virtualinvoke $r9.<java.net.HttpURLConnection: int getResponseCode()>()	timediff:134
I/System.out(31550): body:<com.windyty.search.GeoipTask: boolean downloadData(java.lang.String)>	sig:$r10 = virtualinvoke $r9.<java.net.HttpURLConnection: java.io.InputStream getInputStream()>()	timediff:0
I/System.out(31550): body:<empirical.HelperClass: void printURLInfo(java.lang.String,java.lang.String,java.net.URLConnection)>	sig:$r0 = virtualinvoke urlConnection.<java.net.URLConnection: java.net.URL getURL()>()	timediff:0
I/System.out(31550): body:<empirical.HelperClass: void printURLInfo(java.lang.String,java.lang.String,java.net.URLConnection)>	sig:urlString = virtualinvoke $r0.<java.net.URL: java.lang.String toString()>()	timediff:0
I/System.out(31550): body:<empirical.HelperClass: void printURLInfo(java.lang.String,java.lang.String,java.net.URLConnection)>	sig:isDoOutput = virtualinvoke urlConnection.<java.net.URLConnection: boolean getDoOutput()>()	timediff:0
I/System.out(31550): body:<empirical.HelperClass: java.lang.String getHeaderField(java.net.URLConnection,java.lang.String)>	sig:data = virtualinvoke conn.<java.net.URLConnection: java.lang.String getHeaderField(java.lang.String)>(field)	timediff:0
I/System.out(31550): body:<empirical.HelperClass: java.lang.String getHeaderField(java.net.URLConnection,java.lang.String)>	sig:data = virtualinvoke conn.<java.net.URLConnection: java.lang.String getHeaderField(java.lang.String)>(field)	timediff:0
I/System.out(31550): body:<empirical.HelperClass: java.lang.String getHeaderField(java.net.URLConnection,java.lang.String)>	sig:data = virtualinvoke conn.<java.net.URLConnection: java.lang.String getHeaderField(java.lang.String)>(field)	timediff:0
I/System.out(31550): body:<empirical.HelperClass: java.lang.String getHeaderField(java.net.URLConnection,java.lang.String)>	sig:data = virtualinvoke conn.<java.net.URLConnection: java.lang.String getHeaderField(java.lang.String)>(field)	timediff:0
I/System.out(31550): body:<empirical.HelperClass: java.lang.String getHeaderField(java.net.URLConnection,java.lang.String)>	sig:data = virtualinvoke conn.<java.net.URLConnection: java.lang.String getHeaderField(java.lang.String)>(field)	timediff:0
I/System.out(31550): URLConn;%;0;%;<com.windyty.search.GeoipTask: boolean downloadData(java.lang.String)>;%;$r10 = virtualinvoke $r9.<java.net.HttpURLConnection: java.io.InputStream getInputStream()>();%;https://www.windytv.com/node/geoip;%;false;%;Not found;%;private, no-cache, no-store, must-revalidate;%;-1;%;Not found;%;Not found
I/System.out(31550): body:<com.windyty.search.GeoipTask: boolean downloadData(java.lang.String)>	sig:virtualinvoke $r9.<java.net.HttpURLConnection: void disconnect()>()	timediff:0
D/CAndroidHttpClient(31550): ctor()
I/System.out(31550): body:<cz.seznam.net.NativeHttpClient: boolean open(int,java.lang.String)>	sig:specialinvoke $r4.<java.net.URL: void <init>(java.lang.String)>($r1)	timediff:0
I/System.out(31550): <cz.seznam.net.NativeHttpClient: boolean open(int,java.lang.String)>###specialinvoke $r4.<java.net.URL: void <init>(java.lang.String)>($r1)###https://www.windytv.com/gfs/minifest.js
I/System.out(31550): body:<cz.seznam.net.NativeHttpClient: boolean open(int,java.lang.String)>	sig:$r5 = virtualinvoke $r4.<java.net.URL: java.net.URLConnection openConnection()>()	timediff:0
I/System.out(31550): body:<cz.seznam.net.NativeHttpClient: boolean open(int,java.lang.String)>	sig:virtualinvoke $r6.<java.net.HttpURLConnection: void setConnectTimeout(int)>($i0)	timediff:0
I/System.out(31550): body:<cz.seznam.net.NativeHttpClient: boolean open(int,java.lang.String)>	sig:virtualinvoke $r6.<java.net.HttpURLConnection: void setReadTimeout(int)>($i0)	timediff:0
I/System.out(31550): body:<cz.seznam.net.NativeHttpClient: boolean open(int,java.lang.String)>	sig:virtualinvoke $r6.<java.net.HttpURLConnection: void setInstanceFollowRedirects(boolean)>(1)	timediff:0
I/System.out(31550): body:<cz.seznam.net.NativeHttpClient: boolean open(int,java.lang.String)>	sig:virtualinvoke $r6.<java.net.HttpURLConnection: void setRequestMethod(java.lang.String)>($r1)	timediff:0
I/System.out(31550): body:<cz.seznam.net.NativeHttpClient: boolean open(int,java.lang.String)>	sig:virtualinvoke $r6.<java.net.HttpURLConnection: void setDoInput(boolean)>(1)	timediff:0
I/System.out(31550): body:<cz.seznam.net.NativeHttpClient: boolean open(int,java.lang.String)>	sig:virtualinvoke $r6.<java.net.HttpURLConnection: void addRequestProperty(java.lang.String,java.lang.String)>($r1, $r11)	timediff:0
V/RenderScript(31550): 0xb7c34630 Launching thread(s), CPUs 2
I/ActivityManager(  346): Displayed com.windyty.android/com.windyty.MainActivity: +608ms
I/System.out(31550): body:<cz.seznam.net.NativeHttpClient: byte[] readLine(long)>	sig:$i1 = virtualinvoke $r5.<java.net.HttpURLConnection: int getResponseCode()>()	timediff:125
I/System.out(31550): body:<cz.seznam.net.NativeHttpClient: byte[] readLine(long)>	sig:$r6 = virtualinvoke $r5.<java.net.HttpURLConnection: java.io.InputStream getInputStream()>()	timediff:0
I/System.out(31550): body:<empirical.HelperClass: void printURLInfo(java.lang.String,java.lang.String,java.net.URLConnection)>	sig:$r0 = virtualinvoke urlConnection.<java.net.URLConnection: java.net.URL getURL()>()	timediff:0
I/System.out(31550): body:<empirical.HelperClass: void printURLInfo(java.lang.String,java.lang.String,java.net.URLConnection)>	sig:urlString = virtualinvoke $r0.<java.net.URL: java.lang.String toString()>()	timediff:0
I/System.out(31550): body:<empirical.HelperClass: void printURLInfo(java.lang.String,java.lang.String,java.net.URLConnection)>	sig:isDoOutput = virtualinvoke urlConnection.<java.net.URLConnection: boolean getDoOutput()>()	timediff:0
I/System.out(31550): body:<empirical.HelperClass: java.lang.String getHeaderField(java.net.URLConnection,java.lang.String)>	sig:data = virtualinvoke conn.<java.net.URLConnection: java.lang.String getHeaderField(java.lang.String)>(field)	timediff:0
I/System.out(31550): body:<empirical.HelperClass: java.lang.String getHeaderField(java.net.URLConnection,java.lang.String)>	sig:data = virtualinvoke conn.<java.net.URLConnection: java.lang.String getHeaderField(java.lang.String)>(field)	timediff:0
I/System.out(31550): body:<empirical.HelperClass: java.lang.String getHeaderField(java.net.URLConnection,java.lang.String)>	sig:data = virtualinvoke conn.<java.net.URLConnection: java.lang.String getHeaderField(java.lang.String)>(field)	timediff:0
I/System.out(31550): body:<empirical.HelperClass: java.lang.String getHeaderField(java.net.URLConnection,java.lang.String)>	sig:data = virtualinvoke conn.<java.net.URLConnection: java.lang.String getHeaderField(java.lang.String)>(field)	timediff:0
I/System.out(31550): body:<empirical.HelperClass: java.lang.String getHeaderField(java.net.URLConnection,java.lang.String)>	sig:data = virtualinvoke conn.<java.net.URLConnection: java.lang.String getHeaderField(java.lang.String)>(field)	timediff:0
I/System.out(31550): URLConn;%;1;%;<cz.seznam.net.NativeHttpClient: byte[] readLine(long)>;%;$r6 = virtualinvoke $r5.<java.net.HttpURLConnection: java.io.InputStream getInputStream()>();%;https://www.windytv.com/gfs/minifest.js;%;false;%;Not found;%;max-age=60;%;Fri, 13 Apr 2018 19:03:46 GMT;%;Not found;%;Not found
I/System.out(31550): body:<cz.seznam.net.NativeHttpClient: int getResponseCode()>	sig:$i0 = virtualinvoke $r2.<java.net.HttpURLConnection: int getResponseCode()>()	timediff:0
D/dalvikvm(31550): GC_CONCURRENT freed 445K, 10% free 4843K/5348K, paused 1ms+0ms, total 4ms
W/ContextImpl(  346): Calling a method in the system process without a qualified user: android.app.ContextImpl.sendBroadcast:1123 com.android.server.InputMethodManagerService.hideCurrentInputLocked:1880 com.android.server.InputMethodManagerService.windowGainedFocus:1968 com.android.internal.view.IInputMethodManager$Stub.onTransact:221 com.android.server.InputMethodManagerService.onTransact:818 
D/dalvikvm(26586): GC_CONCURRENT freed 1701K, 46% free 7674K/14068K, paused 1ms+1ms, total 11ms
I/System.out(31550): body:<com.windyty.search.GeoReverseTask: boolean downloadData(java.lang.String)>	sig:specialinvoke $r5.<java.net.URL: void <init>(java.lang.String)>($r1)	timediff:0
I/System.out(31550): <com.windyty.search.GeoReverseTask: boolean downloadData(java.lang.String)>###specialinvoke $r5.<java.net.URL: void <init>(java.lang.String)>($r1)###https://www.windytv.com/node/reverse/33.786003/-118.298004/en
I/System.out(31550): body:<com.windyty.search.GeoReverseTask: boolean downloadData(java.lang.String)>	sig:$r8 = virtualinvoke $r5.<java.net.URL: java.net.URLConnection openConnection()>()	timediff:0
I/System.out(31550): body:<com.windyty.search.GeoReverseTask: boolean downloadData(java.lang.String)>	sig:virtualinvoke $r9.<java.net.HttpURLConnection: void setRequestProperty(java.lang.String,java.lang.String)>("Accept-Language", "cs")	timediff:0
I/System.out(31550): body:<com.windyty.search.GeoReverseTask: boolean downloadData(java.lang.String)>	sig:virtualinvoke $r9.<java.net.HttpURLConnection: void connect()>()	timediff:11
D/CAndroidHttpClient(31550): ctor()
I/System.out(31550): body:<cz.seznam.net.NativeHttpClient: boolean open(int,java.lang.String)>	sig:specialinvoke $r4.<java.net.URL: void <init>(java.lang.String)>($r1)	timediff:0
I/System.out(31550): <cz.seznam.net.NativeHttpClient: boolean open(int,java.lang.String)>###specialinvoke $r4.<java.net.URL: void <init>(java.lang.String)>($r1)###https://www.windytv.com/gfs/2018/04/14/06/wind-surface.jpg?1312
I/System.out(31550): body:<cz.seznam.net.NativeHttpClient: boolean open(int,java.lang.String)>	sig:$r5 = virtualinvoke $r4.<java.net.URL: java.net.URLConnection openConnection()>()	timediff:1
I/System.out(31550): body:<cz.seznam.net.NativeHttpClient: boolean open(int,java.lang.String)>	sig:virtualinvoke $r6.<java.net.HttpURLConnection: void setConnectTimeout(int)>($i0)	timediff:0
I/System.out(31550): body:<cz.seznam.net.NativeHttpClient: boolean open(int,java.lang.String)>	sig:virtualinvoke $r6.<java.net.HttpURLConnection: void setReadTimeout(int)>($i0)	timediff:0
I/System.out(31550): body:<cz.seznam.net.NativeHttpClient: boolean open(int,java.lang.String)>	sig:virtualinvoke $r6.<java.net.HttpURLConnection: void setInstanceFollowRedirects(boolean)>(1)	timediff:0
I/System.out(31550): body:<cz.seznam.net.NativeHttpClient: boolean open(int,java.lang.String)>	sig:virtualinvoke $r6.<java.net.HttpURLConnection: void setRequestMethod(java.lang.String)>($r1)	timediff:0
I/System.out(31550): body:<cz.seznam.net.NativeHttpClient: boolean open(int,java.lang.String)>	sig:virtualinvoke $r6.<java.net.HttpURLConnection: void setDoInput(boolean)>(1)	timediff:0
I/System.out(31550): body:<cz.seznam.net.NativeHttpClient: boolean open(int,java.lang.String)>	sig:virtualinvoke $r6.<java.net.HttpURLConnection: void addRequestProperty(java.lang.String,java.lang.String)>($r1, $r11)	timediff:0
I/ActivityManager(  346): START u0 {act=com.android.systemui.recent.action.TOGGLE_RECENTS flg=0x10800000 cmp=com.android.systemui/.recent.RecentsActivity (has extras)} from pid 531
D/dalvikvm(  346): GC_CONCURRENT freed 6884K, 54% free 11594K/24712K, paused 1ms+3ms, total 21ms
D/dalvikvm(  346): WAIT_FOR_CONCURRENT_GC blocked 19ms
I/System.out(31550): body:<cz.seznam.net.NativeHttpClient: byte[] readLine(long)>	sig:$i1 = virtualinvoke $r5.<java.net.HttpURLConnection: int getResponseCode()>()	timediff:173
I/System.out(31550): body:<cz.seznam.net.NativeHttpClient: byte[] readLine(long)>	sig:$r6 = virtualinvoke $r5.<java.net.HttpURLConnection: java.io.InputStream getInputStream()>()	timediff:0
I/System.out(31550): body:<empirical.HelperClass: void printURLInfo(java.lang.String,java.lang.String,java.net.URLConnection)>	sig:$r0 = virtualinvoke urlConnection.<java.net.URLConnection: java.net.URL getURL()>()	timediff:0
I/System.out(31550): body:<empirical.HelperClass: void printURLInfo(java.lang.String,java.lang.String,java.net.URLConnection)>	sig:urlString = virtualinvoke $r0.<java.net.URL: java.lang.String toString()>()	timediff:0
I/System.out(31550): body:<empirical.HelperClass: void printURLInfo(java.lang.String,java.lang.String,java.net.URLConnection)>	sig:isDoOutput = virtualinvoke urlConnection.<java.net.URLConnection: boolean getDoOutput()>()	timediff:0
I/System.out(31550): body:<empirical.HelperClass: java.lang.String getHeaderField(java.net.URLConnection,java.lang.String)>	sig:data = virtualinvoke conn.<java.net.URLConnection: java.lang.String getHeaderField(java.lang.String)>(field)	timediff:0
I/System.out(31550): body:<empirical.HelperClass: java.lang.String getHeaderField(java.net.URLConnection,java.lang.String)>	sig:data = virtualinvoke conn.<java.net.URLConnection: java.lang.String getHeaderField(java.lang.String)>(field)	timediff:0
I/System.out(31550): body:<empirical.HelperClass: java.lang.String getHeaderField(java.net.URLConnection,java.lang.String)>	sig:data = virtualinvoke conn.<java.net.URLConnection: java.lang.String getHeaderField(java.lang.String)>(field)	timediff:0
I/System.out(31550): body:<empirical.HelperClass: java.lang.String getHeaderField(java.net.URLConnection,java.lang.String)>	sig:data = virtualinvoke conn.<java.net.URLConnection: java.lang.String getHeaderField(java.lang.String)>(field)	timediff:0
I/System.out(31550): body:<empirical.HelperClass: java.lang.String getHeaderField(java.net.URLConnection,java.lang.String)>	sig:data = virtualinvoke conn.<java.net.URLConnection: java.lang.String getHeaderField(java.lang.String)>(field)	timediff:0
I/System.out(31550): URLConn;%;2;%;<cz.seznam.net.NativeHttpClient: byte[] readLine(long)>;%;$r6 = virtualinvoke $r5.<java.net.HttpURLConnection: java.io.InputStream getInputStream()>();%;https://www.windytv.com/gfs/2018/04/14/06/wind-surface.jpg?reftime=2018041312;%;false;%;22643;%;max-age=18000;%;Not found;%;5782;%;Not found
I/System.out(31550): body:<cz.seznam.net.NativeHttpClient: int getResponseCode()>	sig:$i0 = virtualinvoke $r2.<java.net.HttpURLConnection: int getResponseCode()>()	timediff:0
D/CAndroidHttpClient(31550): ctor()
I/System.out(31550): body:<cz.seznam.net.NativeHttpClient: boolean open(int,java.lang.String)>	sig:specialinvoke $r4.<java.net.URL: void <init>(java.lang.String)>($r1)	timediff:0
I/System.out(31550): <cz.seznam.net.NativeHttpClient: boolean open(int,java.lang.String)>###specialinvoke $r4.<java.net.URL: void <init>(java.lang.String)>($r1)###https://www.windytv.com/gfs/2018/04/14/06/wind-surface.jpg?1312
I/System.out(31550): body:<cz.seznam.net.NativeHttpClient: boolean open(int,java.lang.String)>	sig:$r5 = virtualinvoke $r4.<java.net.URL: java.net.URLConnection openConnection()>()	timediff:0
I/System.out(31550): body:<cz.seznam.net.NativeHttpClient: boolean open(int,java.lang.String)>	sig:virtualinvoke $r6.<java.net.HttpURLConnection: void setConnectTimeout(int)>($i0)	timediff:0
I/System.out(31550): body:<cz.seznam.net.NativeHttpClient: boolean open(int,java.lang.String)>	sig:virtualinvoke $r6.<java.net.HttpURLConnection: void setReadTimeout(int)>($i0)	timediff:0
I/System.out(31550): body:<cz.seznam.net.NativeHttpClient: boolean open(int,java.lang.String)>	sig:virtualinvoke $r6.<java.net.HttpURLConnection: void setInstanceFollowRedirects(boolean)>(1)	timediff:0
I/System.out(31550): body:<cz.seznam.net.NativeHttpClient: boolean open(int,java.lang.String)>	sig:virtualinvoke $r6.<java.net.HttpURLConnection: void setRequestMethod(java.lang.String)>($r1)	timediff:0
I/System.out(31550): body:<cz.seznam.net.NativeHttpClient: boolean open(int,java.lang.String)>	sig:virtualinvoke $r6.<java.net.HttpURLConnection: void setDoInput(boolean)>(1)	timediff:0
I/System.out(31550): body:<cz.seznam.net.NativeHttpClient: boolean open(int,java.lang.String)>	sig:virtualinvoke $r6.<java.net.HttpURLConnection: void addRequestProperty(java.lang.String,java.lang.String)>($r1, $r11)	timediff:0
I/ActivityManager(  346): START u0 {act=android.intent.action.CALL_BUTTON flg=0x10000000} from pid 31550
W/PhoneFallbackEventHandler(31550): No activity found for android.intent.action.CALL_BUTTON.
I/System.out(31550): body:<com.windyty.search.GeoReverseTask: boolean downloadData(java.lang.String)>	sig:$i0 = virtualinvoke $r9.<java.net.HttpURLConnection: int getResponseCode()>()	timediff:289
I/System.out(31550): body:<com.windyty.search.GeoReverseTask: boolean downloadData(java.lang.String)>	sig:$r10 = virtualinvoke $r9.<java.net.HttpURLConnection: java.io.InputStream getInputStream()>()	timediff:0
I/System.out(31550): body:<empirical.HelperClass: void printURLInfo(java.lang.String,java.lang.String,java.net.URLConnection)>	sig:$r0 = virtualinvoke urlConnection.<java.net.URLConnection: java.net.URL getURL()>()	timediff:0
I/System.out(31550): body:<empirical.HelperClass: void printURLInfo(java.lang.String,java.lang.String,java.net.URLConnection)>	sig:urlString = virtualinvoke $r0.<java.net.URL: java.lang.String toString()>()	timediff:0
I/System.out(31550): body:<empirical.HelperClass: void printURLInfo(java.lang.String,java.lang.String,java.net.URLConnection)>	sig:isDoOutput = virtualinvoke urlConnection.<java.net.URLConnection: boolean getDoOutput()>()	timediff:0
I/System.out(31550): body:<empirical.HelperClass: java.lang.String getHeaderField(java.net.URLConnection,java.lang.String)>	sig:data = virtualinvoke conn.<java.net.URLConnection: java.lang.String getHeaderField(java.lang.String)>(field)	timediff:0
I/System.out(31550): body:<empirical.HelperClass: java.lang.String getHeaderField(java.net.URLConnection,java.lang.String)>	sig:data = virtualinvoke conn.<java.net.URLConnection: java.lang.String getHeaderField(java.lang.String)>(field)	timediff:0
I/System.out(31550): body:<empirical.HelperClass: java.lang.String getHeaderField(java.net.URLConnection,java.lang.String)>	sig:data = virtualinvoke conn.<java.net.URLConnection: java.lang.String getHeaderField(java.lang.String)>(field)	timediff:0
I/System.out(31550): body:<empirical.HelperClass: java.lang.String getHeaderField(java.net.URLConnection,java.lang.String)>	sig:data = virtualinvoke conn.<java.net.URLConnection: java.lang.String getHeaderField(java.lang.String)>(field)	timediff:0
I/System.out(31550): body:<empirical.HelperClass: java.lang.String getHeaderField(java.net.URLConnection,java.lang.String)>	sig:data = virtualinvoke conn.<java.net.URLConnection: java.lang.String getHeaderField(java.lang.String)>(field)	timediff:0
I/System.out(31550): URLConn;%;3;%;<com.windyty.search.GeoReverseTask: boolean downloadData(java.lang.String)>;%;$r10 = virtualinvoke $r9.<java.net.HttpURLConnection: java.io.InputStream getInputStream()>();%;https://www.windytv.com/node/reverse/33.786003/-118.298004/en;%;false;%;Not found;%;private, no-cache, no-store, must-revalidate;%;-1;%;Not found;%;Not found
I/System.out(31550): body:<com.windyty.search.GeoReverseTask: boolean downloadData(java.lang.String)>	sig:virtualinvoke $r9.<java.net.HttpURLConnection: void disconnect()>()	timediff:0
I/System.out(31550): body:<com.windyty.dayforecast.DayForecastTask: boolean loadData(java.lang.String)>	sig:specialinvoke $r5.<java.net.URL: void <init>(java.lang.String)>($r1)	timediff:0
I/System.out(31550): <com.windyty.dayforecast.DayForecastTask: boolean loadData(java.lang.String)>###specialinvoke $r5.<java.net.URL: void <init>(java.lang.String)>($r1)###https://www.windytv.com/node/7days/33.786003/-118.298004/oiurouoweruouoiuou
I/System.out(31550): body:<com.windyty.dayforecast.DayForecastTask: boolean loadData(java.lang.String)>	sig:$r8 = virtualinvoke $r5.<java.net.URL: java.net.URLConnection openConnection()>()	timediff:0
I/System.out(31550): body:<com.windyty.dayforecast.DayForecastTask: boolean loadData(java.lang.String)>	sig:virtualinvoke $r9.<java.net.HttpURLConnection: void setRequestProperty(java.lang.String,java.lang.String)>("Cache-Control", "max-age=1800, max-stale=1800")	timediff:0
I/System.out(31550): body:<com.windyty.dayforecast.DayForecastTask: boolean loadData(java.lang.String)>	sig:virtualinvoke $r9.<java.net.HttpURLConnection: void setRequestProperty(java.lang.String,java.lang.String)>("Accept-Language", $r7)	timediff:0
V/PanelView(  531): animationTick called with dtms=0; nothing to do (h=0.0 v=-0.0)
I/ActivityManager(  346): START u0 {act=android.intent.action.MAIN cat=[android.intent.category.LAUNCHER] flg=0x10200000 cmp=com.windyty.android/com.windyty.StartActivity} from pid 31540
D/dalvikvm(31550): GC_CONCURRENT freed 525K, 11% free 4883K/5468K, paused 2ms+1ms, total 6ms
W/ViewRootImpl(31550): Dropping event due to no window focus: KeyEvent { action=ACTION_DOWN, keyCode=KEYCODE_MENU, scanCode=0, metaState=0, flags=0x8, repeatCount=0, eventTime=5375933, downTime=5375933, deviceId=-1, source=0x101 }
V/PanelView(  531): animationTick called with dtms=0; nothing to do (h=0.0 v=-0.0)
W/EGL_emulation(31550): eglSurfaceAttrib not implemented 3093 12436
W/ViewRootImpl(31550): Dropping event due to no window focus: KeyEvent { action=ACTION_DOWN, keyCode=KEYCODE_MENU, scanCode=0, metaState=0, flags=0x8, repeatCount=0, eventTime=5375960, downTime=5375960, deviceId=-1, source=0x101 }
I/System.out(31550): body:<cz.seznam.net.NativeHttpClient: byte[] readLine(long)>	sig:$i1 = virtualinvoke $r5.<java.net.HttpURLConnection: int getResponseCode()>()	timediff:186
I/System.out(31550): body:<cz.seznam.net.NativeHttpClient: byte[] readLine(long)>	sig:$r6 = virtualinvoke $r5.<java.net.HttpURLConnection: java.io.InputStream getInputStream()>()	timediff:0
I/System.out(31550): body:<empirical.HelperClass: void printURLInfo(java.lang.String,java.lang.String,java.net.URLConnection)>	sig:$r0 = virtualinvoke urlConnection.<java.net.URLConnection: java.net.URL getURL()>()	timediff:0
I/System.out(31550): body:<empirical.HelperClass: void printURLInfo(java.lang.String,java.lang.String,java.net.URLConnection)>	sig:urlString = virtualinvoke $r0.<java.net.URL: java.lang.String toString()>()	timediff:0
I/System.out(31550): body:<empirical.HelperClass: void printURLInfo(java.lang.String,java.lang.String,java.net.URLConnection)>	sig:isDoOutput = virtualinvoke urlConnection.<java.net.URLConnection: boolean getDoOutput()>()	timediff:0
I/System.out(31550): body:<empirical.HelperClass: java.lang.String getHeaderField(java.net.URLConnection,java.lang.String)>	sig:data = virtualinvoke conn.<java.net.URLConnection: java.lang.String getHeaderField(java.lang.String)>(field)	timediff:0
I/System.out(31550): body:<empirical.HelperClass: java.lang.String getHeaderField(java.net.URLConnection,java.lang.String)>	sig:data = virtualinvoke conn.<java.net.URLConnection: java.lang.String getHeaderField(java.lang.String)>(field)	timediff:0
I/System.out(31550): body:<empirical.HelperClass: java.lang.String getHeaderField(java.net.URLConnection,java.lang.String)>	sig:data = virtualinvoke conn.<java.net.URLConnection: java.lang.String getHeaderField(java.lang.String)>(field)	timediff:0
I/System.out(31550): body:<empirical.HelperClass: java.lang.String getHeaderField(java.net.URLConnection,java.lang.String)>	sig:data = virtualinvoke conn.<java.net.URLConnection: java.lang.String getHeaderField(java.lang.String)>(field)	timediff:0
I/System.out(31550): body:<empirical.HelperClass: java.lang.String getHeaderField(java.net.URLConnection,java.lang.String)>	sig:data = virtualinvoke conn.<java.net.URLConnection: java.lang.String getHeaderField(java.lang.String)>(field)	timediff:0
I/System.out(31550): URLConn;%;4;%;<cz.seznam.net.NativeHttpClient: byte[] readLine(long)>;%;$r6 = virtualinvoke $r5.<java.net.HttpURLConnection: java.io.InputStream getInputStream()>();%;https://www.windytv.com/gfs/2018/04/14/06/wind-surface.jpg?reftime=2018041312;%;false;%;22643;%;max-age=18000;%;Not found;%;5782;%;Not found
I/System.out(31550): body:<cz.seznam.net.NativeHttpClient: int getResponseCode()>	sig:$i0 = virtualinvoke $r2.<java.net.HttpURLConnection: int getResponseCode()>()	timediff:0
D/CAndroidHttpClient(31550): ctor()
I/System.out(31550): body:<cz.seznam.net.NativeHttpClient: boolean open(int,java.lang.String)>	sig:specialinvoke $r4.<java.net.URL: void <init>(java.lang.String)>($r1)	timediff:0
I/System.out(31550): <cz.seznam.net.NativeHttpClient: boolean open(int,java.lang.String)>###specialinvoke $r4.<java.net.URL: void <init>(java.lang.String)>($r1)###https://www.windytv.com/gfs/2018/04/14/06/j1/0/3/wind-surface.jpg?1312
I/System.out(31550): body:<cz.seznam.net.NativeHttpClient: boolean open(int,java.lang.String)>	sig:$r5 = virtualinvoke $r4.<java.net.URL: java.net.URLConnection openConnection()>()	timediff:0
I/System.out(31550): body:<cz.seznam.net.NativeHttpClient: boolean open(int,java.lang.String)>	sig:virtualinvoke $r6.<java.net.HttpURLConnection: void setConnectTimeout(int)>($i0)	timediff:0
I/System.out(31550): body:<cz.seznam.net.NativeHttpClient: boolean open(int,java.lang.String)>	sig:virtualinvoke $r6.<java.net.HttpURLConnection: void setReadTimeout(int)>($i0)	timediff:0
I/System.out(31550): body:<cz.seznam.net.NativeHttpClient: boolean open(int,java.lang.String)>	sig:virtualinvoke $r6.<java.net.HttpURLConnection: void setInstanceFollowRedirects(boolean)>(1)	timediff:0
I/System.out(31550): body:<cz.seznam.net.NativeHttpClient: boolean open(int,java.lang.String)>	sig:virtualinvoke $r6.<java.net.HttpURLConnection: void setRequestMethod(java.lang.String)>($r1)	timediff:0
I/System.out(31550): body:<cz.seznam.net.NativeHttpClient: boolean open(int,java.lang.String)>	sig:virtualinvoke $r6.<java.net.HttpURLConnection: void setDoInput(boolean)>(1)	timediff:0
I/System.out(31550): body:<cz.seznam.net.NativeHttpClient: boolean open(int,java.lang.String)>	sig:virtualinvoke $r6.<java.net.HttpURLConnection: void addRequestProperty(java.lang.String,java.lang.String)>($r1, $r11)	timediff:0
I/System.out(31550): body:<com.windyty.dayforecast.DayForecastTask: boolean loadData(java.lang.String)>	sig:$i0 = virtualinvoke $r9.<java.net.HttpURLConnection: int getResponseCode()>()	timediff:139
I/System.out(31550): body:<com.windyty.dayforecast.DayForecastTask: boolean loadData(java.lang.String)>	sig:$r10 = virtualinvoke $r9.<java.net.HttpURLConnection: java.io.InputStream getInputStream()>()	timediff:0
I/System.out(31550): body:<empirical.HelperClass: void printURLInfo(java.lang.String,java.lang.String,java.net.URLConnection)>	sig:$r0 = virtualinvoke urlConnection.<java.net.URLConnection: java.net.URL getURL()>()	timediff:0
I/System.out(31550): body:<empirical.HelperClass: void printURLInfo(java.lang.String,java.lang.String,java.net.URLConnection)>	sig:urlString = virtualinvoke $r0.<java.net.URL: java.lang.String toString()>()	timediff:0
I/System.out(31550): body:<empirical.HelperClass: void printURLInfo(java.lang.String,java.lang.String,java.net.URLConnection)>	sig:isDoOutput = virtualinvoke urlConnection.<java.net.URLConnection: boolean getDoOutput()>()	timediff:0
I/System.out(31550): body:<empirical.HelperClass: java.lang.String getHeaderField(java.net.URLConnection,java.lang.String)>	sig:data = virtualinvoke conn.<java.net.URLConnection: java.lang.String getHeaderField(java.lang.String)>(field)	timediff:0
I/System.out(31550): body:<empirical.HelperClass: java.lang.String getHeaderField(java.net.URLConnection,java.lang.String)>	sig:data = virtualinvoke conn.<java.net.URLConnection: java.lang.String getHeaderField(java.lang.String)>(field)	timediff:0
I/System.out(31550): body:<empirical.HelperClass: java.lang.String getHeaderField(java.net.URLConnection,java.lang.String)>	sig:data = virtualinvoke conn.<java.net.URLConnection: java.lang.String getHeaderField(java.lang.String)>(field)	timediff:0
I/System.out(31550): body:<empirical.HelperClass: java.lang.String getHeaderField(java.net.URLConnection,java.lang.String)>	sig:data = virtualinvoke conn.<java.net.URLConnection: java.lang.String getHeaderField(java.lang.String)>(field)	timediff:0
I/System.out(31550): body:<empirical.HelperClass: java.lang.String getHeaderField(java.net.URLConnection,java.lang.String)>	sig:data = virtualinvoke conn.<java.net.URLConnection: java.lang.String getHeaderField(java.lang.String)>(field)	timediff:0
I/System.out(31550): URLConn;%;5;%;<com.windyty.dayforecast.DayForecastTask: boolean loadData(java.lang.String)>;%;$r10 = virtualinvoke $r9.<java.net.HttpURLConnection: java.io.InputStream getInputStream()>();%;https://www.windytv.com/node/7days/33.786003/-118.298004/oiurouoweruouoiuou;%;false;%;Not found;%;private, no-cache, no-store, must-revalidate;%;-1;%;Not found;%;Not found
I/System.out(31550): body:<com.windyty.dayforecast.DayForecastTask: boolean loadData(java.lang.String)>	sig:virtualinvoke $r9.<java.net.HttpURLConnection: void disconnect()>()	timediff:0
W/InputMethodManagerService(  346): Window already focused, ignoring focus gain of: com.android.internal.view.IInputMethodClient$Stub$Proxy@4ad4f818 attribute=null, token = android.os.BinderProxy@4ad693c4
I/System.out(31550): body:<cz.seznam.net.NativeHttpClient: byte[] readLine(long)>	sig:$i1 = virtualinvoke $r5.<java.net.HttpURLConnection: int getResponseCode()>()	timediff:128
I/System.out(31550): body:<cz.seznam.net.NativeHttpClient: byte[] readLine(long)>	sig:$r6 = virtualinvoke $r5.<java.net.HttpURLConnection: java.io.InputStream getInputStream()>()	timediff:0
I/System.out(31550): body:<empirical.HelperClass: void printURLInfo(java.lang.String,java.lang.String,java.net.URLConnection)>	sig:$r0 = virtualinvoke urlConnection.<java.net.URLConnection: java.net.URL getURL()>()	timediff:0
I/System.out(31550): body:<empirical.HelperClass: void printURLInfo(java.lang.String,java.lang.String,java.net.URLConnection)>	sig:urlString = virtualinvoke $r0.<java.net.URL: java.lang.String toString()>()	timediff:0
I/System.out(31550): body:<empirical.HelperClass: void printURLInfo(java.lang.String,java.lang.String,java.net.URLConnection)>	sig:isDoOutput = virtualinvoke urlConnection.<java.net.URLConnection: boolean getDoOutput()>()	timediff:0
I/System.out(31550): body:<empirical.HelperClass: java.lang.String getHeaderField(java.net.URLConnection,java.lang.String)>	sig:data = virtualinvoke conn.<java.net.URLConnection: java.lang.String getHeaderField(java.lang.String)>(field)	timediff:0
I/System.out(31550): body:<empirical.HelperClass: java.lang.String getHeaderField(java.net.URLConnection,java.lang.String)>	sig:data = virtualinvoke conn.<java.net.URLConnection: java.lang.String getHeaderField(java.lang.String)>(field)	timediff:0
I/System.out(31550): body:<empirical.HelperClass: java.lang.String getHeaderField(java.net.URLConnection,java.lang.String)>	sig:data = virtualinvoke conn.<java.net.URLConnection: java.lang.String getHeaderField(java.lang.String)>(field)	timediff:0
I/System.out(31550): body:<empirical.HelperClass: java.lang.String getHeaderField(java.net.URLConnection,java.lang.String)>	sig:data = virtualinvoke conn.<java.net.URLConnection: java.lang.String getHeaderField(java.lang.String)>(field)	timediff:0
I/System.out(31550): body:<empirical.HelperClass: java.lang.String getHeaderField(java.net.URLConnection,java.lang.String)>	sig:data = virtualinvoke conn.<java.net.URLConnection: java.lang.String getHeaderField(java.lang.String)>(field)	timediff:0
I/System.out(31550): URLConn;%;6;%;<cz.seznam.net.NativeHttpClient: byte[] readLine(long)>;%;$r6 = virtualinvoke $r5.<java.net.HttpURLConnection: java.io.InputStream getInputStream()>();%;https://www.windytv.com/gfs/2018/04/14/06/j1/0/3/wind-surface.jpg?reftime=2018041312;%;false;%;12671;%;max-age=18000;%;Not found;%;5781;%;Not found
I/System.out(31550): body:<cz.seznam.net.NativeHttpClient: int getResponseCode()>	sig:$i0 = virtualinvoke $r2.<java.net.HttpURLConnection: int getResponseCode()>()	timediff:0
I/InputDispatcher(  346): Dropped event because of pending overdue app switch.
D/CAndroidHttpClient(31550): ctor()
I/System.out(31550): body:<cz.seznam.net.NativeHttpClient: boolean open(int,java.lang.String)>	sig:specialinvoke $r4.<java.net.URL: void <init>(java.lang.String)>($r1)	timediff:0
I/System.out(31550): <cz.seznam.net.NativeHttpClient: boolean open(int,java.lang.String)>###specialinvoke $r4.<java.net.URL: void <init>(java.lang.String)>($r1)###https://www.windytv.com/gfs/2018/04/14/06/j1/0/4/wind-surface.jpg?1312
I/System.out(31550): body:<cz.seznam.net.NativeHttpClient: boolean open(int,java.lang.String)>	sig:$r5 = virtualinvoke $r4.<java.net.URL: java.net.URLConnection openConnection()>()	timediff:0
I/System.out(31550): body:<cz.seznam.net.NativeHttpClient: boolean open(int,java.lang.String)>	sig:virtualinvoke $r6.<java.net.HttpURLConnection: void setConnectTimeout(int)>($i0)	timediff:0
I/System.out(31550): body:<cz.seznam.net.NativeHttpClient: boolean open(int,java.lang.String)>	sig:virtualinvoke $r6.<java.net.HttpURLConnection: void setReadTimeout(int)>($i0)	timediff:0
I/System.out(31550): body:<cz.seznam.net.NativeHttpClient: boolean open(int,java.lang.String)>	sig:virtualinvoke $r6.<java.net.HttpURLConnection: void setInstanceFollowRedirects(boolean)>(1)	timediff:0
I/System.out(31550): body:<cz.seznam.net.NativeHttpClient: boolean open(int,java.lang.String)>	sig:virtualinvoke $r6.<java.net.HttpURLConnection: void setRequestMethod(java.lang.String)>($r1)	timediff:0
I/System.out(31550): body:<cz.seznam.net.NativeHttpClient: boolean open(int,java.lang.String)>	sig:virtualinvoke $r6.<java.net.HttpURLConnection: void setDoInput(boolean)>(1)	timediff:0
I/System.out(31550): body:<cz.seznam.net.NativeHttpClient: boolean open(int,java.lang.String)>	sig:virtualinvoke $r6.<java.net.HttpURLConnection: void addRequestProperty(java.lang.String,java.lang.String)>($r1, $r11)	timediff:0
W/InputManager(  346): Input event injection from pid 31540 failed.
W/EGL_emulation(31550): eglSurfaceAttrib not implemented 3093 12436
I/ActivityManager(  346): START u0 {act=android.intent.action.CALL_BUTTON flg=0x10000000} from pid 31550
W/PhoneFallbackEventHandler(31550): No activity found for android.intent.action.CALL_BUTTON.
W/InputMethodManagerService(  346): Window already focused, ignoring focus gain of: com.android.internal.view.IInputMethodClient$Stub$Proxy@4aca6108 attribute=android.view.inputmethod.EditorInfo@4aee6aac, token = android.os.BinderProxy@4ad693c4
W/DebugConnManager(  670): getNetworkInfo() on networkType 1
I/ActivityManager(  346): START u0 {act=android.intent.action.CALL_BUTTON flg=0x10000000} from pid 31550
W/PhoneFallbackEventHandler(31550): No activity found for android.intent.action.CALL_BUTTON.
I/System.out(31550): body:<cz.seznam.net.NativeHttpClient: byte[] readLine(long)>	sig:$i1 = virtualinvoke $r5.<java.net.HttpURLConnection: int getResponseCode()>()	timediff:161
I/System.out(31550): body:<cz.seznam.net.NativeHttpClient: byte[] readLine(long)>	sig:$r6 = virtualinvoke $r5.<java.net.HttpURLConnection: java.io.InputStream getInputStream()>()	timediff:0
I/System.out(31550): body:<empirical.HelperClass: void printURLInfo(java.lang.String,java.lang.String,java.net.URLConnection)>	sig:$r0 = virtualinvoke urlConnection.<java.net.URLConnection: java.net.URL getURL()>()	timediff:0
I/System.out(31550): body:<empirical.HelperClass: void printURLInfo(java.lang.String,java.lang.String,java.net.URLConnection)>	sig:urlString = virtualinvoke $r0.<java.net.URL: java.lang.String toString()>()	timediff:0
I/System.out(31550): body:<empirical.HelperClass: void printURLInfo(java.lang.String,java.lang.String,java.net.URLConnection)>	sig:isDoOutput = virtualinvoke urlConnection.<java.net.URLConnection: boolean getDoOutput()>()	timediff:0
I/System.out(31550): body:<empirical.HelperClass: java.lang.String getHeaderField(java.net.URLConnection,java.lang.String)>	sig:data = virtualinvoke conn.<java.net.URLConnection: java.lang.String getHeaderField(java.lang.String)>(field)	timediff:0
I/System.out(31550): body:<empirical.HelperClass: java.lang.String getHeaderField(java.net.URLConnection,java.lang.String)>	sig:data = virtualinvoke conn.<java.net.URLConnection: java.lang.String getHeaderField(java.lang.String)>(field)	timediff:0
I/System.out(31550): body:<empirical.HelperClass: java.lang.String getHeaderField(java.net.URLConnection,java.lang.String)>	sig:data = virtualinvoke conn.<java.net.URLConnection: java.lang.String getHeaderField(java.lang.String)>(field)	timediff:0
I/System.out(31550): body:<empirical.HelperClass: java.lang.String getHeaderField(java.net.URLConnection,java.lang.String)>	sig:data = virtualinvoke conn.<java.net.URLConnection: java.lang.String getHeaderField(java.lang.String)>(field)	timediff:0
I/System.out(31550): body:<empirical.HelperClass: java.lang.String getHeaderField(java.net.URLConnection,java.lang.String)>	sig:data = virtualinvoke conn.<java.net.URLConnection: java.lang.String getHeaderField(java.lang.String)>(field)	timediff:0
I/System.out(31550): URLConn;%;7;%;<cz.seznam.net.NativeHttpClient: byte[] readLine(long)>;%;$r6 = virtualinvoke $r5.<java.net.HttpURLConnection: java.io.InputStream getInputStream()>();%;https://www.windytv.com/gfs/2018/04/14/06/j1/0/4/wind-surface.jpg?reftime=2018041312;%;false;%;15583;%;max-age=18000;%;Not found;%;5780;%;Not found
I/System.out(31550): body:<cz.seznam.net.NativeHttpClient: int getResponseCode()>	sig:$i0 = virtualinvoke $r2.<java.net.HttpURLConnection: int getResponseCode()>()	timediff:0
D/dalvikvm(31550): GC_CONCURRENT freed 606K, 12% free 4976K/5644K, paused 1ms+1ms, total 6ms
D/CAndroidHttpClient(31550): ctor()
I/System.out(31550): body:<cz.seznam.net.NativeHttpClient: boolean open(int,java.lang.String)>	sig:specialinvoke $r4.<java.net.URL: void <init>(java.lang.String)>($r1)	timediff:0
I/System.out(31550): <cz.seznam.net.NativeHttpClient: boolean open(int,java.lang.String)>###specialinvoke $r4.<java.net.URL: void <init>(java.lang.String)>($r1)###https://www.windytv.com/gfs/2018/04/14/06/j1/0/3/wind-surface.jpg?1312
I/System.out(31550): body:<cz.seznam.net.NativeHttpClient: boolean open(int,java.lang.String)>	sig:$r5 = virtualinvoke $r4.<java.net.URL: java.net.URLConnection openConnection()>()	timediff:0
I/System.out(31550): body:<cz.seznam.net.NativeHttpClient: boolean open(int,java.lang.String)>	sig:virtualinvoke $r6.<java.net.HttpURLConnection: void setConnectTimeout(int)>($i0)	timediff:0
I/System.out(31550): body:<cz.seznam.net.NativeHttpClient: boolean open(int,java.lang.String)>	sig:virtualinvoke $r6.<java.net.HttpURLConnection: void setReadTimeout(int)>($i0)	timediff:0
I/System.out(31550): body:<cz.seznam.net.NativeHttpClient: boolean open(int,java.lang.String)>	sig:virtualinvoke $r6.<java.net.HttpURLConnection: void setInstanceFollowRedirects(boolean)>(1)	timediff:0
I/System.out(31550): body:<cz.seznam.net.NativeHttpClient: boolean open(int,java.lang.String)>	sig:virtualinvoke $r6.<java.net.HttpURLConnection: void setRequestMethod(java.lang.String)>($r1)	timediff:0
I/System.out(31550): body:<cz.seznam.net.NativeHttpClient: boolean open(int,java.lang.String)>	sig:virtualinvoke $r6.<java.net.HttpURLConnection: void setDoInput(boolean)>(1)	timediff:0
I/System.out(31550): body:<cz.seznam.net.NativeHttpClient: boolean open(int,java.lang.String)>	sig:virtualinvoke $r6.<java.net.HttpURLConnection: void addRequestProperty(java.lang.String,java.lang.String)>($r1, $r11)	timediff:0
I/ActivityManager(  346): START u0 {act=android.intent.action.CALL_BUTTON flg=0x10000000} from pid 31550
W/PhoneFallbackEventHandler(31550): No activity found for android.intent.action.CALL_BUTTON.
I/System.out(31550): body:<cz.seznam.net.NativeHttpClient: byte[] readLine(long)>	sig:$i1 = virtualinvoke $r5.<java.net.HttpURLConnection: int getResponseCode()>()	timediff:120
I/System.out(31550): body:<cz.seznam.net.NativeHttpClient: byte[] readLine(long)>	sig:$r6 = virtualinvoke $r5.<java.net.HttpURLConnection: java.io.InputStream getInputStream()>()	timediff:0
I/System.out(31550): body:<empirical.HelperClass: void printURLInfo(java.lang.String,java.lang.String,java.net.URLConnection)>	sig:$r0 = virtualinvoke urlConnection.<java.net.URLConnection: java.net.URL getURL()>()	timediff:0
I/System.out(31550): body:<empirical.HelperClass: void printURLInfo(java.lang.String,java.lang.String,java.net.URLConnection)>	sig:urlString = virtualinvoke $r0.<java.net.URL: java.lang.String toString()>()	timediff:0
I/System.out(31550): body:<empirical.HelperClass: void printURLInfo(java.lang.String,java.lang.String,java.net.URLConnection)>	sig:isDoOutput = virtualinvoke urlConnection.<java.net.URLConnection: boolean getDoOutput()>()	timediff:0
I/System.out(31550): body:<empirical.HelperClass: java.lang.String getHeaderField(java.net.URLConnection,java.lang.String)>	sig:data = virtualinvoke conn.<java.net.URLConnection: java.lang.String getHeaderField(java.lang.String)>(field)	timediff:0
I/System.out(31550): body:<empirical.HelperClass: java.lang.String getHeaderField(java.net.URLConnection,java.lang.String)>	sig:data = virtualinvoke conn.<java.net.URLConnection: java.lang.String getHeaderField(java.lang.String)>(field)	timediff:0
I/System.out(31550): body:<empirical.HelperClass: java.lang.String getHeaderField(java.net.URLConnection,java.lang.String)>	sig:data = virtualinvoke conn.<java.net.URLConnection: java.lang.String getHeaderField(java.lang.String)>(field)	timediff:0
I/System.out(31550): body:<empirical.HelperClass: java.lang.String getHeaderField(java.net.URLConnection,java.lang.String)>	sig:data = virtualinvoke conn.<java.net.URLConnection: java.lang.String getHeaderField(java.lang.String)>(field)	timediff:0
I/System.out(31550): body:<empirical.HelperClass: java.lang.String getHeaderField(java.net.URLConnection,java.lang.String)>	sig:data = virtualinvoke conn.<java.net.URLConnection: java.lang.String getHeaderField(java.lang.String)>(field)	timediff:0
I/System.out(31550): URLConn;%;8;%;<cz.seznam.net.NativeHttpClient: byte[] readLine(long)>;%;$r6 = virtualinvoke $r5.<java.net.HttpURLConnection: java.io.InputStream getInputStream()>();%;https://www.windytv.com/gfs/2018/04/14/06/j1/0/3/wind-surface.jpg?reftime=2018041312;%;false;%;12671;%;max-age=18000;%;Not found;%;5781;%;Not found
I/System.out(31550): body:<cz.seznam.net.NativeHttpClient: int getResponseCode()>	sig:$i0 = virtualinvoke $r2.<java.net.HttpURLConnection: int getResponseCode()>()	timediff:0
W/EGL_emulation(27446): eglSurfaceAttrib not implemented 3093 12436
D/CAndroidHttpClient(31550): ctor()
I/System.out(31550): body:<cz.seznam.net.NativeHttpClient: boolean open(int,java.lang.String)>	sig:specialinvoke $r4.<java.net.URL: void <init>(java.lang.String)>($r1)	timediff:0
I/System.out(31550): <cz.seznam.net.NativeHttpClient: boolean open(int,java.lang.String)>###specialinvoke $r4.<java.net.URL: void <init>(java.lang.String)>($r1)###https://www.windytv.com/gfs/2018/04/14/06/j1/0/4/wind-surface.jpg?1312
I/System.out(31550): body:<cz.seznam.net.NativeHttpClient: boolean open(int,java.lang.String)>	sig:$r5 = virtualinvoke $r4.<java.net.URL: java.net.URLConnection openConnection()>()	timediff:0
I/System.out(31550): body:<cz.seznam.net.NativeHttpClient: boolean open(int,java.lang.String)>	sig:virtualinvoke $r6.<java.net.HttpURLConnection: void setConnectTimeout(int)>($i0)	timediff:0
I/System.out(31550): body:<cz.seznam.net.NativeHttpClient: boolean open(int,java.lang.String)>	sig:virtualinvoke $r6.<java.net.HttpURLConnection: void setReadTimeout(int)>($i0)	timediff:0
I/System.out(31550): body:<cz.seznam.net.NativeHttpClient: boolean open(int,java.lang.String)>	sig:virtualinvoke $r6.<java.net.HttpURLConnection: void setInstanceFollowRedirects(boolean)>(1)	timediff:0
I/System.out(31550): body:<cz.seznam.net.NativeHttpClient: boolean open(int,java.lang.String)>	sig:virtualinvoke $r6.<java.net.HttpURLConnection: void setRequestMethod(java.lang.String)>($r1)	timediff:0
I/System.out(31550): body:<cz.seznam.net.NativeHttpClient: boolean open(int,java.lang.String)>	sig:virtualinvoke $r6.<java.net.HttpURLConnection: void setDoInput(boolean)>(1)	timediff:0
I/System.out(31550): body:<cz.seznam.net.NativeHttpClient: boolean open(int,java.lang.String)>	sig:virtualinvoke $r6.<java.net.HttpURLConnection: void addRequestProperty(java.lang.String,java.lang.String)>($r1, $r11)	timediff:0
I/System.out(31550): body:<cz.seznam.net.NativeHttpClient: byte[] readLine(long)>	sig:$i1 = virtualinvoke $r5.<java.net.HttpURLConnection: int getResponseCode()>()	timediff:113
I/System.out(31550): body:<cz.seznam.net.NativeHttpClient: byte[] readLine(long)>	sig:$r6 = virtualinvoke $r5.<java.net.HttpURLConnection: java.io.InputStream getInputStream()>()	timediff:0
I/System.out(31550): body:<empirical.HelperClass: void printURLInfo(java.lang.String,java.lang.String,java.net.URLConnection)>	sig:$r0 = virtualinvoke urlConnection.<java.net.URLConnection: java.net.URL getURL()>()	timediff:0
I/System.out(31550): body:<empirical.HelperClass: void printURLInfo(java.lang.String,java.lang.String,java.net.URLConnection)>	sig:urlString = virtualinvoke $r0.<java.net.URL: java.lang.String toString()>()	timediff:0
I/System.out(31550): body:<empirical.HelperClass: void printURLInfo(java.lang.String,java.lang.String,java.net.URLConnection)>	sig:isDoOutput = virtualinvoke urlConnection.<java.net.URLConnection: boolean getDoOutput()>()	timediff:0
I/System.out(31550): body:<empirical.HelperClass: java.lang.String getHeaderField(java.net.URLConnection,java.lang.String)>	sig:data = virtualinvoke conn.<java.net.URLConnection: java.lang.String getHeaderField(java.lang.String)>(field)	timediff:0
I/System.out(31550): body:<empirical.HelperClass: java.lang.String getHeaderField(java.net.URLConnection,java.lang.String)>	sig:data = virtualinvoke conn.<java.net.URLConnection: java.lang.String getHeaderField(java.lang.String)>(field)	timediff:0
I/System.out(31550): body:<empirical.HelperClass: java.lang.String getHeaderField(java.net.URLConnection,java.lang.String)>	sig:data = virtualinvoke conn.<java.net.URLConnection: java.lang.String getHeaderField(java.lang.String)>(field)	timediff:0
I/System.out(31550): body:<empirical.HelperClass: java.lang.String getHeaderField(java.net.URLConnection,java.lang.String)>	sig:data = virtualinvoke conn.<java.net.URLConnection: java.lang.String getHeaderField(java.lang.String)>(field)	timediff:0
I/System.out(31550): body:<empirical.HelperClass: java.lang.String getHeaderField(java.net.URLConnection,java.lang.String)>	sig:data = virtualinvoke conn.<java.net.URLConnection: java.lang.String getHeaderField(java.lang.String)>(field)	timediff:0
I/System.out(31550): URLConn;%;9;%;<cz.seznam.net.NativeHttpClient: byte[] readLine(long)>;%;$r6 = virtualinvoke $r5.<java.net.HttpURLConnection: java.io.InputStream getInputStream()>();%;https://www.windytv.com/gfs/2018/04/14/06/j1/0/4/wind-surface.jpg?reftime=2018041312;%;false;%;15583;%;max-age=18000;%;Not found;%;5780;%;Not found
I/System.out(31550): body:<cz.seznam.net.NativeHttpClient: int getResponseCode()>	sig:$i0 = virtualinvoke $r2.<java.net.HttpURLConnection: int getResponseCode()>()	timediff:0
D/CAndroidHttpClient(31550): ctor()
I/System.out(31550): body:<cz.seznam.net.NativeHttpClient: boolean open(int,java.lang.String)>	sig:specialinvoke $r4.<java.net.URL: void <init>(java.lang.String)>($r1)	timediff:0
I/System.out(31550): <cz.seznam.net.NativeHttpClient: boolean open(int,java.lang.String)>###specialinvoke $r4.<java.net.URL: void <init>(java.lang.String)>($r1)###https://www.windytv.com/metar/metars2.json
I/System.out(31550): body:<cz.seznam.net.NativeHttpClient: boolean open(int,java.lang.String)>	sig:$r5 = virtualinvoke $r4.<java.net.URL: java.net.URLConnection openConnection()>()	timediff:0
I/System.out(31550): body:<cz.seznam.net.NativeHttpClient: boolean open(int,java.lang.String)>	sig:virtualinvoke $r6.<java.net.HttpURLConnection: void setConnectTimeout(int)>($i0)	timediff:0
I/System.out(31550): body:<cz.seznam.net.NativeHttpClient: boolean open(int,java.lang.String)>	sig:virtualinvoke $r6.<java.net.HttpURLConnection: void setReadTimeout(int)>($i0)	timediff:0
I/System.out(31550): body:<cz.seznam.net.NativeHttpClient: boolean open(int,java.lang.String)>	sig:virtualinvoke $r6.<java.net.HttpURLConnection: void setInstanceFollowRedirects(boolean)>(1)	timediff:0
I/System.out(31550): body:<cz.seznam.net.NativeHttpClient: boolean open(int,java.lang.String)>	sig:virtualinvoke $r6.<java.net.HttpURLConnection: void setRequestMethod(java.lang.String)>($r1)	timediff:0
I/System.out(31550): body:<cz.seznam.net.NativeHttpClient: boolean open(int,java.lang.String)>	sig:virtualinvoke $r6.<java.net.HttpURLConnection: void setDoInput(boolean)>(1)	timediff:0
I/System.out(31550): body:<cz.seznam.net.NativeHttpClient: boolean open(int,java.lang.String)>	sig:virtualinvoke $r6.<java.net.HttpURLConnection: void addRequestProperty(java.lang.String,java.lang.String)>($r1, $r11)	timediff:0
I/ActivityManager(  346): START u0 {act=android.intent.action.MAIN cat=[android.intent.category.LAUNCHER] flg=0x10000000 sel={act=android.intent.action.MAIN cat=[android.intent.category.APP_EMAIL]}} from pid 346
I/System.out(31550): body:<cz.seznam.net.NativeHttpClient: byte[] readLine(long)>	sig:$i1 = virtualinvoke $r5.<java.net.HttpURLConnection: int getResponseCode()>()	timediff:218
I/System.out(31550): body:<cz.seznam.net.NativeHttpClient: byte[] readLine(long)>	sig:$r6 = virtualinvoke $r5.<java.net.HttpURLConnection: java.io.InputStream getInputStream()>()	timediff:0
I/System.out(31550): body:<empirical.HelperClass: void printURLInfo(java.lang.String,java.lang.String,java.net.URLConnection)>	sig:$r0 = virtualinvoke urlConnection.<java.net.URLConnection: java.net.URL getURL()>()	timediff:0
I/System.out(31550): body:<empirical.HelperClass: void printURLInfo(java.lang.String,java.lang.String,java.net.URLConnection)>	sig:urlString = virtualinvoke $r0.<java.net.URL: java.lang.String toString()>()	timediff:0
I/System.out(31550): body:<empirical.HelperClass: void printURLInfo(java.lang.String,java.lang.String,java.net.URLConnection)>	sig:isDoOutput = virtualinvoke urlConnection.<java.net.URLConnection: boolean getDoOutput()>()	timediff:0
I/System.out(31550): body:<empirical.HelperClass: java.lang.String getHeaderField(java.net.URLConnection,java.lang.String)>	sig:data = virtualinvoke conn.<java.net.URLConnection: java.lang.String getHeaderField(java.lang.String)>(field)	timediff:0
I/System.out(31550): body:<empirical.HelperClass: java.lang.String getHeaderField(java.net.URLConnection,java.lang.String)>	sig:data = virtualinvoke conn.<java.net.URLConnection: java.lang.String getHeaderField(java.lang.String)>(field)	timediff:0
I/System.out(31550): body:<empirical.HelperClass: java.lang.String getHeaderField(java.net.URLConnection,java.lang.String)>	sig:data = virtualinvoke conn.<java.net.URLConnection: java.lang.String getHeaderField(java.lang.String)>(field)	timediff:0
I/System.out(31550): body:<empirical.HelperClass: java.lang.String getHeaderField(java.net.URLConnection,java.lang.String)>	sig:data = virtualinvoke conn.<java.net.URLConnection: java.lang.String getHeaderField(java.lang.String)>(field)	timediff:0
I/System.out(31550): body:<empirical.HelperClass: java.lang.String getHeaderField(java.net.URLConnection,java.lang.String)>	sig:data = virtualinvoke conn.<java.net.URLConnection: java.lang.String getHeaderField(java.lang.String)>(field)	timediff:0
I/System.out(31550): URLConn;%;10;%;<cz.seznam.net.NativeHttpClient: byte[] readLine(long)>;%;$r6 = virtualinvoke $r5.<java.net.HttpURLConnection: java.io.InputStream getInputStream()>();%;https://www.windytv.com/metar/metars2.json;%;false;%;Not found;%;private, no-cache, no-store, must-revalidate;%;-1;%;Not found;%;Not found
D/dalvikvm(31550): GC_CONCURRENT freed 647K, 13% free 5020K/5768K, paused 2ms+1ms, total 6ms
D/dalvikvm(31550): WAIT_FOR_CONCURRENT_GC blocked 3ms
I/System.out(31550): body:<cz.seznam.net.NativeHttpClient: int getResponseCode()>	sig:$i0 = virtualinvoke $r2.<java.net.HttpURLConnection: int getResponseCode()>()	timediff:0
W/ViewRootImpl(31550): Dropping event due to no window focus: KeyEvent { action=ACTION_DOWN, keyCode=KEYCODE_DPAD_RIGHT, scanCode=0, metaState=0, flags=0x8, repeatCount=0, eventTime=5377189, downTime=5377189, deviceId=-1, source=0x101 }
W/EGL_emulation(31550): eglSurfaceAttrib not implemented 3093 12436
W/ViewRootImpl(31550): Dropping event due to no window focus: KeyEvent { action=ACTION_DOWN, keyCode=KEYCODE_BOOKMARK, scanCode=0, metaState=0, flags=0x8, repeatCount=0, eventTime=5377277, downTime=5377277, deviceId=-1, source=0x101 }
W/InputMethodManagerService(  346): Window already focused, ignoring focus gain of: com.android.internal.view.IInputMethodClient$Stub$Proxy@4aaab048 attribute=android.view.inputmethod.EditorInfo@4ad8f068, token = android.os.BinderProxy@4ad693c4
V/PanelView(  531): animationTick called with dtms=0; nothing to do (h=0.0 v=0.0)
W/ViewRootImpl(31550): Dropping event due to no window focus: KeyEvent { action=ACTION_DOWN, keyCode=KEYCODE_4, scanCode=0, metaState=0, flags=0x8, repeatCount=0, eventTime=5377342, downTime=5377342, deviceId=-1, source=0x101 }
W/EGL_emulation(31550): eglSurfaceAttrib not implemented 3093 12436
W/ViewRootImpl(31550): Dropping event due to no window focus: KeyEvent { action=ACTION_DOWN, keyCode=KEYCODE_DPAD_RIGHT, scanCode=0, metaState=0, flags=0x8, repeatCount=0, eventTime=5377509, downTime=5377509, deviceId=-1, source=0x101 }
W/InputMethodManagerService(  346): Window already focused, ignoring focus gain of: com.android.internal.view.IInputMethodClient$Stub$Proxy@4aa6577c attribute=null, token = android.os.BinderProxy@4ad693c4
W/ViewRootImpl(31550): Dropping event due to no window focus: KeyEvent { action=ACTION_DOWN, keyCode=KEYCODE_DPAD_CENTER, scanCode=0, metaState=0, flags=0x8, repeatCount=0, eventTime=5377696, downTime=5377696, deviceId=-1, source=0x101 }
W/EGL_emulation(31550): eglSurfaceAttrib not implemented 3093 12436
I/ActivityManager(  346): START u0 {act=android.intent.action.MAIN cat=[android.intent.category.LAUNCHER] flg=0x10200000 cmp=com.windyty.android/com.windyty.StartActivity} from pid 31540
D/dalvikvm(27446): GC_FOR_ALLOC freed 7798K, 62% free 4900K/12760K, paused 3ms, total 3ms
I/dalvikvm-heap(27446): Grow heap (frag case) to 6.819MB for 2073612-byte allocation
D/dalvikvm(27446): GC_FOR_ALLOC freed 8K, 46% free 6917K/12760K, paused 6ms, total 6ms
W/ViewRootImpl(31550): Dropping event due to no window focus: KeyEvent { action=ACTION_DOWN, keyCode=KEYCODE_CALL, scanCode=0, metaState=0, flags=0x8, repeatCount=0, eventTime=5377851, downTime=5377851, deviceId=-1, source=0x101 }
W/InputMethodManagerService(  346): Window already focused, ignoring focus gain of: com.android.internal.view.IInputMethodClient$Stub$Proxy@4a9ebd9c attribute=null, token = android.os.BinderProxy@4ad693c4
D/dalvikvm(27446): GC_CONCURRENT freed <1K, 46% free 6917K/12760K, paused 3ms+0ms, total 4ms
D/dalvikvm(  346): GC_FOR_ALLOC freed 914K, 56% free 11072K/24712K, paused 16ms, total 17ms
I/dalvikvm-heap(  346): Grow heap (frag case) to 12.852MB for 2073612-byte allocation
D/dalvikvm(  346): GC_FOR_ALLOC freed 22K, 52% free 13074K/26740K, paused 21ms, total 21ms
D/dalvikvm(  346): GC_FOR_ALLOC freed 19K, 52% free 13059K/26740K, paused 18ms, total 18ms
I/dalvikvm-heap(  346): Grow heap (frag case) to 14.793MB for 2073612-byte allocation
D/dalvikvm(  346): GC_CONCURRENT freed 5K, 48% free 15079K/28768K, paused 2ms+3ms, total 18ms
D/dalvikvm(  346): WAIT_FOR_CONCURRENT_GC blocked 16ms
D/dalvikvm(  346): WAIT_FOR_CONCURRENT_GC blocked 16ms
D/dalvikvm(  346): WAIT_FOR_CONCURRENT_GC blocked 16ms
D/dalvikvm(  346): WAIT_FOR_CONCURRENT_GC blocked 16ms
D/dalvikvm(  346): WAIT_FOR_CONCURRENT_GC blocked 14ms
D/dalvikvm(  346): WAIT_FOR_CONCURRENT_GC blocked 11ms
D/dalvikvm(  346): WAIT_FOR_CONCURRENT_GC blocked 14ms
W/ContextImpl(  346): Calling a method in the system process without a qualified user: android.app.ContextImpl.sendBroadcast:1123 com.android.server.NotificationManagerService$6.run:1838 android.os.Handler.handleCallback:733 android.os.Handler.dispatchMessage:95 android.os.Looper.loop:136 
D/dalvikvm(  346): GC_FOR_ALLOC freed 47K, 48% free 15054K/28768K, paused 15ms, total 15ms
I/dalvikvm-heap(  346): Grow heap (frag case) to 16.742MB for 2073612-byte allocation
D/dalvikvm(  346): GC_FOR_ALLOC freed <1K, 45% free 17078K/30796K, paused 17ms, total 17ms
W/ViewRootImpl(31550): Dropping event due to no window focus: KeyEvent { action=ACTION_DOWN, keyCode=KEYCODE_DPAD_DOWN, scanCode=0, metaState=0, flags=0x8, repeatCount=0, eventTime=5377978, downTime=5377978, deviceId=-1, source=0x101 }
W/EGL_emulation(31550): eglSurfaceAttrib not implemented 3093 12436
W/ViewRootImpl(31550): Dropping event due to no window focus: MotionEvent { action=ACTION_MOVE, id[0]=0, x[0]=0.0, y[0]=-1.0, toolType[0]=TOOL_TYPE_UNKNOWN, buttonState=0, metaState=0, flags=0x0, edgeFlags=0x0, pointerCount=1, historySize=9, eventTime=5378147, downTime=-1, deviceId=0, source=0x10004 }
W/ViewRootImpl(31550): Dropping event due to no window focus: KeyEvent { action=ACTION_DOWN, keyCode=KEYCODE_DPAD_DOWN, scanCode=0, metaState=0, flags=0x8, repeatCount=0, eventTime=5378148, downTime=5378148, deviceId=-1, source=0x101 }
V/PanelView(  531): animationTick called with dtms=0; nothing to do (h=0.0 v=0.0)
V/PanelView(  531): animationTick called with dtms=-6; nothing to do (h=0.0 v=0.0)
W/ViewRootImpl(31550): Dropping event due to no window focus: KeyEvent { action=ACTION_DOWN, keyCode=KEYCODE_NUMPAD_ENTER, scanCode=0, metaState=0, flags=0x8, repeatCount=0, eventTime=5378268, downTime=5378268, deviceId=-1, source=0x101 }
W/InputMethodManagerService(  346): Window already focused, ignoring focus gain of: com.android.internal.view.IInputMethodClient$Stub$Proxy@4aaa8a80 attribute=android.view.inputmethod.EditorInfo@4b050f94, token = android.os.BinderProxy@4ad693c4
I/ActivityManager(  346): START u0 {act=android.intent.action.MAIN cat=[android.intent.category.LAUNCHER] flg=0x10000000 sel={act=android.intent.action.MAIN cat=[android.intent.category.APP_MUSIC]}} from pid 346
D/dalvikvm(  346): GC_FOR_ALLOC freed 2051K, 51% free 15176K/30796K, paused 12ms, total 12ms
D/CAndroidHttpClient(31550): ctor()
I/System.out(31550): body:<cz.seznam.net.NativeHttpClient: boolean open(int,java.lang.String)>	sig:specialinvoke $r4.<java.net.URL: void <init>(java.lang.String)>($r1)	timediff:0
I/System.out(31550): <cz.seznam.net.NativeHttpClient: boolean open(int,java.lang.String)>###specialinvoke $r4.<java.net.URL: void <init>(java.lang.String)>($r1)###https://tiles1.windytv.com/tiles/v6/7/15/46.jpg
I/System.out(31550): body:<cz.seznam.net.NativeHttpClient: boolean open(int,java.lang.String)>	sig:$r5 = virtualinvoke $r4.<java.net.URL: java.net.URLConnection openConnection()>()	timediff:0
I/System.out(31550): body:<cz.seznam.net.NativeHttpClient: boolean open(int,java.lang.String)>	sig:virtualinvoke $r6.<java.net.HttpURLConnection: void setConnectTimeout(int)>($i0)	timediff:0
I/System.out(31550): body:<cz.seznam.net.NativeHttpClient: boolean open(int,java.lang.String)>	sig:virtualinvoke $r6.<java.net.HttpURLConnection: void setReadTimeout(int)>($i0)	timediff:0
I/System.out(31550): body:<cz.seznam.net.NativeHttpClient: boolean open(int,java.lang.String)>	sig:virtualinvoke $r6.<java.net.HttpURLConnection: void setInstanceFollowRedirects(boolean)>(1)	timediff:0
I/System.out(31550): body:<cz.seznam.net.NativeHttpClient: boolean open(int,java.lang.String)>	sig:virtualinvoke $r6.<java.net.HttpURLConnection: void setRequestMethod(java.lang.String)>($r1)	timediff:0
I/System.out(31550): body:<cz.seznam.net.NativeHttpClient: boolean open(int,java.lang.String)>	sig:virtualinvoke $r6.<java.net.HttpURLConnection: void setDoInput(boolean)>(1)	timediff:0
I/System.out(31550): body:<cz.seznam.net.NativeHttpClient: boolean open(int,java.lang.String)>	sig:virtualinvoke $r6.<java.net.HttpURLConnection: void addRequestProperty(java.lang.String,java.lang.String)>($r1, $r11)	timediff:0
D/CAndroidHttpClient(31550): ctor()
I/System.out(31550): body:<cz.seznam.net.NativeHttpClient: boolean open(int,java.lang.String)>	sig:specialinvoke $r4.<java.net.URL: void <init>(java.lang.String)>($r1)	timediff:1
I/System.out(31550): <cz.seznam.net.NativeHttpClient: boolean open(int,java.lang.String)>###specialinvoke $r4.<java.net.URL: void <init>(java.lang.String)>($r1)###https://tiles1.windytv.com/tiles/v6/7/15/47.jpg
I/System.out(31550): body:<cz.seznam.net.NativeHttpClient: boolean open(int,java.lang.String)>	sig:$r5 = virtualinvoke $r4.<java.net.URL: java.net.URLConnection openConnection()>()	timediff:0
I/System.out(31550): body:<cz.seznam.net.NativeHttpClient: boolean open(int,java.lang.String)>	sig:virtualinvoke $r6.<java.net.HttpURLConnection: void setConnectTimeout(int)>($i0)	timediff:0
I/System.out(31550): body:<cz.seznam.net.NativeHttpClient: boolean open(int,java.lang.String)>	sig:virtualinvoke $r6.<java.net.HttpURLConnection: void setReadTimeout(int)>($i0)	timediff:0
I/System.out(31550): body:<cz.seznam.net.NativeHttpClient: boolean open(int,java.lang.String)>	sig:virtualinvoke $r6.<java.net.HttpURLConnection: void setInstanceFollowRedirects(boolean)>(1)	timediff:0
I/System.out(31550): body:<cz.seznam.net.NativeHttpClient: boolean open(int,java.lang.String)>	sig:virtualinvoke $r6.<java.net.HttpURLConnection: void setRequestMethod(java.lang.String)>($r1)	timediff:0
I/System.out(31550): body:<cz.seznam.net.NativeHttpClient: boolean open(int,java.lang.String)>	sig:virtualinvoke $r6.<java.net.HttpURLConnection: void setDoInput(boolean)>(1)	timediff:0
I/System.out(31550): body:<cz.seznam.net.NativeHttpClient: boolean open(int,java.lang.String)>	sig:virtualinvoke $r6.<java.net.HttpURLConnection: void addRequestProperty(java.lang.String,java.lang.String)>($r1, $r11)	timediff:0
D/dalvikvm(  346): GC_FOR_ALLOC freed 16K, 45% free 17192K/30796K, paused 20ms, total 20ms
I/dalvikvm-heap(  346): Grow heap (frag case) to 18.829MB for 2073612-byte allocation
D/dalvikvm(  346): GC_FOR_ALLOC freed <1K, 42% free 19216K/32824K, paused 22ms, total 22ms
D/dalvikvm(  531): GC_FOR_ALLOC freed 3861K, 32% free 17760K/25952K, paused 3ms, total 3ms
D/dalvikvm(  531): GC_CONCURRENT freed 44K, 24% free 19740K/25952K, paused 0ms+1ms, total 6ms
D/dalvikvm(  346): GC_FOR_ALLOC freed 1K, 42% free 19329K/32824K, paused 28ms, total 29ms
I/dalvikvm-heap(  346): Grow heap (frag case) to 20.916MB for 2073612-byte allocation
D/dalvikvm(  346): GC_FOR_ALLOC freed <1K, 39% free 21354K/34852K, paused 16ms, total 16ms
V/FlingTracker(  531): computeCurrentVelocity warning: totalweight=0
V/FlingTracker(  531): java.lang.Throwable
V/FlingTracker(  531): 	at com.android.systemui.statusbar.phone.PanelView$FlingTracker.computeCurrentVelocity(PanelView.java:162)
V/FlingTracker(  531): 	at com.android.systemui.statusbar.phone.PanelView$3.onTouch(PanelView.java:462)
V/FlingTracker(  531): 	at android.view.View.dispatchTouchEvent(View.java:7701)
V/FlingTracker(  531): 	at com.android.systemui.statusbar.phone.NotificationPanelView.onTouchEvent(NotificationPanelView.java:138)
V/FlingTracker(  531): 	at com.android.systemui.statusbar.phone.PanelBar.onTouchEvent(PanelBar.java:130)
V/FlingTracker(  531): 	at com.android.systemui.statusbar.phone.PhoneStatusBarView.onTouchEvent(PhoneStatusBarView.java:201)
V/FlingTracker(  531): 	at android.view.View.dispatchTouchEvent(View.java:7706)
V/FlingTracker(  531): 	at android.view.ViewGroup.dispatchTransformedTouchEvent(ViewGroup.java:2210)
V/FlingTracker(  531): 	at android.view.ViewGroup.dispatchTouchEvent(ViewGroup.java:1945)
V/FlingTracker(  531): 	at android.view.ViewGroup.dispatchTransformedTouchEvent(ViewGroup.java:2216)
V/FlingTracker(  531): 	at android.view.ViewGroup.dispatchTouchEvent(ViewGroup.java:1959)
V/FlingTracker(  531): 	at android.view.View.dispatchPointerEvent(View.java:7886)
V/FlingTracker(  531): 	at android.view.ViewRootImpl$ViewPostImeInputStage.processPointerEvent(ViewRootImpl.java:3978)
V/FlingTracker(  531): 	at android.view.ViewRootImpl$ViewPostImeInputStage.onProcess(ViewRootImpl.java:3857)
V/FlingTracker(  531): 	at android.view.ViewRootImpl$InputStage.deliver(ViewRootImpl.java:3423)
V/FlingTracker(  531): 	at android.view.ViewRootImpl$InputStage.onDeliverToNext(ViewRootImpl.java:3473)
V/FlingTracker(  531): 	at android.view.ViewRootImpl$InputStage.forward(ViewRootImpl.java:3442)
V/FlingTracker(  531): 	at android.view.ViewRootImpl$AsyncInputStage.forward(ViewRootImpl.java:3549)
V/FlingTracker(  531): 	at android.view.ViewRootImpl$InputStage.apply(ViewRootImpl.java:3450)
V/FlingTracker(  531): 	at android.view.ViewRootImpl$AsyncInputStage.apply(ViewRootImpl.java:3606)
V/FlingTracker(  531): 	at android.view.ViewRootImpl$InputStage.deliver(ViewRootImpl.java:3423)
V/FlingTracker(  531): 	at android.view.ViewRootImpl$InputStage.onDeliverToNext(ViewRootImpl.java:3473)
V/FlingTracker(  531): 	at android.view.ViewRootImpl$InputStage.forward(ViewRootImpl.java:3442)
V/FlingTracker(  531): 	at android.view.ViewRootImpl$InputStage.apply(ViewRootImpl.java:3450)
V/FlingTracker(  531): 	at android.view.ViewRootImpl$InputStage.deliver(ViewRootImpl.java:3423)
V/FlingTracker(  531): 	at android.view.ViewRootImpl.deliverInputEvent(ViewRootImpl.java:5626)
V/FlingTracker(  531): 	at android.view.ViewRootImpl.doProcessInputEvents(ViewRootImpl.java:5606)
V/FlingTracker(  531): 	at android.view.ViewRootImpl.enqueueInputEvent(ViewRootImpl.java:5577)
V/FlingTracker(  531): 	at android.view.ViewRootImpl$WindowInputEventReceiver.onInputEvent(ViewRootImpl.java:5706)
V/FlingTracker(  531): 	at android.view.InputEventReceiver.dispatchInputEvent(InputEventReceiver.java:185)
V/FlingTracker(  531): 	at android.os.MessageQueue.nativePollOnce(Native Method)
V/FlingTracker(  531): 	at android.os.MessageQueue.next(MessageQueue.java:138)
V/FlingTracker(  531): 	at android.os.Looper.loop(Looper.java:123)
V/FlingTracker(  531): 	at android.app.ActivityThread.main(ActivityThread.java:5019)
V/FlingTracker(  531): 	at java.lang.reflect.Method.invokeNative(Native Method)
V/FlingTracker(  531): 	at java.lang.reflect.Method.invoke(Method.java:515)
V/FlingTracker(  531): 	at com.android.internal.os.ZygoteInit$MethodAndArgsCaller.run(ZygoteInit.java:779)
V/FlingTracker(  531): 	at com.android.internal.os.ZygoteInit.main(ZygoteInit.java:595)
V/FlingTracker(  531): 	at dalvik.system.NativeStart.main(Native Method)
V/PanelView(  531): animationTick called with dtms=0; nothing to do (h=0.0 v=0.0)
V/PanelView(  531): animationTick called with dtms=-8; nothing to do (h=0.0 v=0.0)
W/EGL_emulation(31550): eglSurfaceAttrib not implemented 3093 12436
W/ViewRootImpl(31550): Dropping event due to no window focus: KeyEvent { action=ACTION_DOWN, keyCode=KEYCODE_MENU, scanCode=0, metaState=0, flags=0x8, repeatCount=0, eventTime=5378455, downTime=5378455, deviceId=-1, source=0x101 }
I/ActivityManager(  346): START u0 {act=android.intent.action.MAIN cat=[android.intent.category.LAUNCHER] flg=0x10200000 cmp=com.windyty.android/com.windyty.StartActivity} from pid 31540
D/dalvikvm(31550): GC_CONCURRENT freed 709K, 13% free 5070K/5816K, paused 0ms+0ms, total 6ms
D/dalvikvm(31550): GC_CONCURRENT freed 746K, 14% free 5018K/5828K, paused 1ms+2ms, total 8ms
W/ViewRootImpl(31550): Dropping event due to no window focus: KeyEvent { action=ACTION_DOWN, keyCode=KEYCODE_CALL, scanCode=0, metaState=0, flags=0x8, repeatCount=0, eventTime=5378604, downTime=5378604, deviceId=-1, source=0x101 }
V/PanelView(  531): animationTick called with dtms=0; nothing to do (h=0.0 v=4500.0)
V/PanelView(  531): animationTick called with dtms=-4; nothing to do (h=0.0 v=4500.0)
W/InputMethodManagerService(  346): Window already focused, ignoring focus gain of: com.android.internal.view.IInputMethodClient$Stub$Proxy@4ad93954 attribute=null, token = android.os.BinderProxy@4ad693c4
I/System.out(31550): body:<cz.seznam.net.NativeHttpClient: byte[] readLine(long)>	sig:$i1 = virtualinvoke $r5.<java.net.HttpURLConnection: int getResponseCode()>()	timediff:269
I/System.out(31550): body:<cz.seznam.net.NativeHttpClient: byte[] readLine(long)>	sig:$r6 = virtualinvoke $r5.<java.net.HttpURLConnection: java.io.InputStream getInputStream()>()	timediff:0
I/System.out(31550): body:<empirical.HelperClass: void printURLInfo(java.lang.String,java.lang.String,java.net.URLConnection)>	sig:$r0 = virtualinvoke urlConnection.<java.net.URLConnection: java.net.URL getURL()>()	timediff:0
I/System.out(31550): body:<empirical.HelperClass: void printURLInfo(java.lang.String,java.lang.String,java.net.URLConnection)>	sig:urlString = virtualinvoke $r0.<java.net.URL: java.lang.String toString()>()	timediff:0
I/System.out(31550): body:<empirical.HelperClass: void printURLInfo(java.lang.String,java.lang.String,java.net.URLConnection)>	sig:isDoOutput = virtualinvoke urlConnection.<java.net.URLConnection: boolean getDoOutput()>()	timediff:0
I/System.out(31550): body:<empirical.HelperClass: java.lang.String getHeaderField(java.net.URLConnection,java.lang.String)>	sig:data = virtualinvoke conn.<java.net.URLConnection: java.lang.String getHeaderField(java.lang.String)>(field)	timediff:0
I/System.out(31550): body:<empirical.HelperClass: java.lang.String getHeaderField(java.net.URLConnection,java.lang.String)>	sig:data = virtualinvoke conn.<java.net.URLConnection: java.lang.String getHeaderField(java.lang.String)>(field)	timediff:0
I/System.out(31550): body:<empirical.HelperClass: java.lang.String getHeaderField(java.net.URLConnection,java.lang.String)>	sig:data = virtualinvoke conn.<java.net.URLConnection: java.lang.String getHeaderField(java.lang.String)>(field)	timediff:0
I/System.out(31550): body:<empirical.HelperClass: java.lang.String getHeaderField(java.net.URLConnection,java.lang.String)>	sig:data = virtualinvoke conn.<java.net.URLConnection: java.lang.String getHeaderField(java.lang.String)>(field)	timediff:0
I/System.out(31550): body:<empirical.HelperClass: java.lang.String getHeaderField(java.net.URLConnection,java.lang.String)>	sig:data = virtualinvoke conn.<java.net.URLConnection: java.lang.String getHeaderField(java.lang.String)>(field)	timediff:0
I/System.out(31550): URLConn;%;11;%;<cz.seznam.net.NativeHttpClient: byte[] readLine(long)>;%;$r6 = virtualinvoke $r5.<java.net.HttpURLConnection: java.io.InputStream getInputStream()>();%;https://www.windy.com/tiles/samavoda.png;%;false;%;169;%;max-age=63072000;%;Sun, 26 Jan 2020 07:35:18 GMT;%;6700038;%;Not found
I/System.out(31550): body:<cz.seznam.net.NativeHttpClient: int getResponseCode()>	sig:$i0 = virtualinvoke $r2.<java.net.HttpURLConnection: int getResponseCode()>()	timediff:0
W/WindowManager(  346): updateFocusedWindowLocked, focusedAppToken is null.
D/CAndroidHttpClient(31550): ctor()
I/System.out(31550): body:<cz.seznam.net.NativeHttpClient: boolean open(int,java.lang.String)>	sig:specialinvoke $r4.<java.net.URL: void <init>(java.lang.String)>($r1)	timediff:0
I/System.out(31550): <cz.seznam.net.NativeHttpClient: boolean open(int,java.lang.String)>###specialinvoke $r4.<java.net.URL: void <init>(java.lang.String)>($r1)###https://tiles1.windytv.com/tiles/v6/7/16/46.jpg
I/System.out(31550): body:<cz.seznam.net.NativeHttpClient: boolean open(int,java.lang.String)>	sig:$r5 = virtualinvoke $r4.<java.net.URL: java.net.URLConnection openConnection()>()	timediff:1
I/System.out(31550): body:<cz.seznam.net.NativeHttpClient: boolean open(int,java.lang.String)>	sig:virtualinvoke $r6.<java.net.HttpURLConnection: void setConnectTimeout(int)>($i0)	timediff:0
I/System.out(31550): body:<cz.seznam.net.NativeHttpClient: boolean open(int,java.lang.String)>	sig:virtualinvoke $r6.<java.net.HttpURLConnection: void setReadTimeout(int)>($i0)	timediff:0
I/System.out(31550): body:<cz.seznam.net.NativeHttpClient: boolean open(int,java.lang.String)>	sig:virtualinvoke $r6.<java.net.HttpURLConnection: void setInstanceFollowRedirects(boolean)>(1)	timediff:0
I/System.out(31550): body:<cz.seznam.net.NativeHttpClient: boolean open(int,java.lang.String)>	sig:virtualinvoke $r6.<java.net.HttpURLConnection: void setRequestMethod(java.lang.String)>($r1)	timediff:0
I/System.out(31550): body:<cz.seznam.net.NativeHttpClient: boolean open(int,java.lang.String)>	sig:virtualinvoke $r6.<java.net.HttpURLConnection: void setDoInput(boolean)>(1)	timediff:0
I/System.out(31550): body:<cz.seznam.net.NativeHttpClient: boolean open(int,java.lang.String)>	sig:virtualinvoke $r6.<java.net.HttpURLConnection: void addRequestProperty(java.lang.String,java.lang.String)>($r1, $r11)	timediff:0
W/ViewRootImpl(31550): Dropping event due to no window focus: KeyEvent { action=ACTION_DOWN, keyCode=KEYCODE_DPAD_DOWN, scanCode=0, metaState=0, flags=0x400, repeatCount=0, eventTime=5378678, downTime=5378678, deviceId=-1, source=0x101 }
W/EGL_emulation(  531): eglSurfaceAttrib not implemented 3093 12436
W/ViewRootImpl(31550): Dropping event due to no window focus: KeyEvent { action=ACTION_DOWN, keyCode=KEYCODE_DPAD_DOWN, scanCode=0, metaState=0, flags=0x400, repeatCount=0, eventTime=5378678, downTime=5378678, deviceId=-1, source=0x101 }
I/System.out(31550): body:<cz.seznam.net.NativeHttpClient: byte[] readLine(long)>	sig:$i1 = virtualinvoke $r5.<java.net.HttpURLConnection: int getResponseCode()>()	timediff:353
I/System.out(31550): body:<cz.seznam.net.NativeHttpClient: byte[] readLine(long)>	sig:$r6 = virtualinvoke $r5.<java.net.HttpURLConnection: java.io.InputStream getInputStream()>()	timediff:0
I/System.out(31550): body:<empirical.HelperClass: void printURLInfo(java.lang.String,java.lang.String,java.net.URLConnection)>	sig:$r0 = virtualinvoke urlConnection.<java.net.URLConnection: java.net.URL getURL()>()	timediff:0
I/System.out(31550): body:<empirical.HelperClass: void printURLInfo(java.lang.String,java.lang.String,java.net.URLConnection)>	sig:urlString = virtualinvoke $r0.<java.net.URL: java.lang.String toString()>()	timediff:0
I/System.out(31550): body:<empirical.HelperClass: void printURLInfo(java.lang.String,java.lang.String,java.net.URLConnection)>	sig:isDoOutput = virtualinvoke urlConnection.<java.net.URLConnection: boolean getDoOutput()>()	timediff:0
I/System.out(31550): body:<empirical.HelperClass: java.lang.String getHeaderField(java.net.URLConnection,java.lang.String)>	sig:data = virtualinvoke conn.<java.net.URLConnection: java.lang.String getHeaderField(java.lang.String)>(field)	timediff:0
I/System.out(31550): body:<empirical.HelperClass: java.lang.String getHeaderField(java.net.URLConnection,java.lang.String)>	sig:data = virtualinvoke conn.<java.net.URLConnection: java.lang.String getHeaderField(java.lang.String)>(field)	timediff:0
I/System.out(31550): body:<empirical.HelperClass: java.lang.String getHeaderField(java.net.URLConnection,java.lang.String)>	sig:data = virtualinvoke conn.<java.net.URLConnection: java.lang.String getHeaderField(java.lang.String)>(field)	timediff:0
I/System.out(31550): body:<empirical.HelperClass: java.lang.String getHeaderField(java.net.URLConnection,java.lang.String)>	sig:data = virtualinvoke conn.<java.net.URLConnection: java.lang.String getHeaderField(java.lang.String)>(field)	timediff:0
I/System.out(31550): body:<empirical.HelperClass: java.lang.String getHeaderField(java.net.URLConnection,java.lang.String)>	sig:data = virtualinvoke conn.<java.net.URLConnection: java.lang.String getHeaderField(java.lang.String)>(field)	timediff:0
I/System.out(31550): URLConn;%;12;%;<cz.seznam.net.NativeHttpClient: byte[] readLine(long)>;%;$r6 = virtualinvoke $r5.<java.net.HttpURLConnection: java.io.InputStream getInputStream()>();%;https://www.windy.com/tiles/samavoda.png;%;false;%;169;%;max-age=63072000;%;Sun, 26 Jan 2020 07:35:18 GMT;%;6700038;%;Not found
I/System.out(31550): body:<cz.seznam.net.NativeHttpClient: int getResponseCode()>	sig:$i0 = virtualinvoke $r2.<java.net.HttpURLConnection: int getResponseCode()>()	timediff:0
W/ViewRootImpl(  531): Dropping event due to no window focus: KeyEvent { action=ACTION_DOWN, keyCode=KEYCODE_DPAD_DOWN, scanCode=0, metaState=0, flags=0x8, repeatCount=0, eventTime=5378645, downTime=5378645, deviceId=-1, source=0x101 }
I/System.out(31550): body:<cz.seznam.net.NativeHttpClient: byte[] readLine(long)>	sig:$i1 = virtualinvoke $r5.<java.net.HttpURLConnection: int getResponseCode()>()	timediff:71
I/System.out(31550): body:<cz.seznam.net.NativeHttpClient: byte[] readLine(long)>	sig:$r6 = virtualinvoke $r5.<java.net.HttpURLConnection: java.io.InputStream getInputStream()>()	timediff:0
I/System.out(31550): body:<empirical.HelperClass: void printURLInfo(java.lang.String,java.lang.String,java.net.URLConnection)>	sig:$r0 = virtualinvoke urlConnection.<java.net.URLConnection: java.net.URL getURL()>()	timediff:0
I/System.out(31550): body:<empirical.HelperClass: void printURLInfo(java.lang.String,java.lang.String,java.net.URLConnection)>	sig:urlString = virtualinvoke $r0.<java.net.URL: java.lang.String toString()>()	timediff:0
I/System.out(31550): body:<empirical.HelperClass: void printURLInfo(java.lang.String,java.lang.String,java.net.URLConnection)>	sig:isDoOutput = virtualinvoke urlConnection.<java.net.URLConnection: boolean getDoOutput()>()	timediff:0
I/System.out(31550): body:<empirical.HelperClass: java.lang.String getHeaderField(java.net.URLConnection,java.lang.String)>	sig:data = virtualinvoke conn.<java.net.URLConnection: java.lang.String getHeaderField(java.lang.String)>(field)	timediff:0
I/System.out(31550): body:<empirical.HelperClass: java.lang.String getHeaderField(java.net.URLConnection,java.lang.String)>	sig:data = virtualinvoke conn.<java.net.URLConnection: java.lang.String getHeaderField(java.lang.String)>(field)	timediff:0
I/System.out(31550): body:<empirical.HelperClass: java.lang.String getHeaderField(java.net.URLConnection,java.lang.String)>	sig:data = virtualinvoke conn.<java.net.URLConnection: java.lang.String getHeaderField(java.lang.String)>(field)	timediff:0
I/System.out(31550): body:<empirical.HelperClass: java.lang.String getHeaderField(java.net.URLConnection,java.lang.String)>	sig:data = virtualinvoke conn.<java.net.URLConnection: java.lang.String getHeaderField(java.lang.String)>(field)	timediff:0
I/System.out(31550): body:<empirical.HelperClass: java.lang.String getHeaderField(java.net.URLConnection,java.lang.String)>	sig:data = virtualinvoke conn.<java.net.URLConnection: java.lang.String getHeaderField(java.lang.String)>(field)	timediff:0
I/System.out(31550): URLConn;%;13;%;<cz.seznam.net.NativeHttpClient: byte[] readLine(long)>;%;$r6 = virtualinvoke $r5.<java.net.HttpURLConnection: java.io.InputStream getInputStream()>();%;https://www.windy.com/tiles/samavoda.png;%;false;%;169;%;max-age=63072000;%;Sun, 26 Jan 2020 07:35:18 GMT;%;6700038;%;Not found
I/System.out(31550): body:<cz.seznam.net.NativeHttpClient: int getResponseCode()>	sig:$i0 = virtualinvoke $r2.<java.net.HttpURLConnection: int getResponseCode()>()	timediff:0
D/CAndroidHttpClient(31550): ctor()
I/System.out(31550): body:<cz.seznam.net.NativeHttpClient: boolean open(int,java.lang.String)>	sig:specialinvoke $r4.<java.net.URL: void <init>(java.lang.String)>($r1)	timediff:0
I/System.out(31550): <cz.seznam.net.NativeHttpClient: boolean open(int,java.lang.String)>###specialinvoke $r4.<java.net.URL: void <init>(java.lang.String)>($r1)###https://tiles1.windytv.com/tiles/v6/7/17/46.jpg
I/System.out(31550): body:<cz.seznam.net.NativeHttpClient: boolean open(int,java.lang.String)>	sig:$r5 = virtualinvoke $r4.<java.net.URL: java.net.URLConnection openConnection()>()	timediff:0
I/System.out(31550): body:<cz.seznam.net.NativeHttpClient: boolean open(int,java.lang.String)>	sig:virtualinvoke $r6.<java.net.HttpURLConnection: void setConnectTimeout(int)>($i0)	timediff:0
I/System.out(31550): body:<cz.seznam.net.NativeHttpClient: boolean open(int,java.lang.String)>	sig:virtualinvoke $r6.<java.net.HttpURLConnection: void setReadTimeout(int)>($i0)	timediff:0
I/System.out(31550): body:<cz.seznam.net.NativeHttpClient: boolean open(int,java.lang.String)>	sig:virtualinvoke $r6.<java.net.HttpURLConnection: void setInstanceFollowRedirects(boolean)>(1)	timediff:0
I/System.out(31550): body:<cz.seznam.net.NativeHttpClient: boolean open(int,java.lang.String)>	sig:virtualinvoke $r6.<java.net.HttpURLConnection: void setRequestMethod(java.lang.String)>($r1)	timediff:0
I/System.out(31550): body:<cz.seznam.net.NativeHttpClient: boolean open(int,java.lang.String)>	sig:virtualinvoke $r6.<java.net.HttpURLConnection: void setDoInput(boolean)>(1)	timediff:0
I/System.out(31550): body:<cz.seznam.net.NativeHttpClient: boolean open(int,java.lang.String)>	sig:virtualinvoke $r6.<java.net.HttpURLConnection: void addRequestProperty(java.lang.String,java.lang.String)>($r1, $r11)	timediff:0
D/CAndroidHttpClient(31550): ctor()
I/System.out(31550): body:<cz.seznam.net.NativeHttpClient: boolean open(int,java.lang.String)>	sig:specialinvoke $r4.<java.net.URL: void <init>(java.lang.String)>($r1)	timediff:0
I/System.out(31550): <cz.seznam.net.NativeHttpClient: boolean open(int,java.lang.String)>###specialinvoke $r4.<java.net.URL: void <init>(java.lang.String)>($r1)###https://tiles1.windytv.com/tiles/v6/7/16/47.jpg
I/System.out(31550): body:<cz.seznam.net.NativeHttpClient: boolean open(int,java.lang.String)>	sig:$r5 = virtualinvoke $r4.<java.net.URL: java.net.URLConnection openConnection()>()	timediff:0
I/System.out(31550): body:<cz.seznam.net.NativeHttpClient: boolean open(int,java.lang.String)>	sig:virtualinvoke $r6.<java.net.HttpURLConnection: void setConnectTimeout(int)>($i0)	timediff:0
I/System.out(31550): body:<cz.seznam.net.NativeHttpClient: boolean open(int,java.lang.String)>	sig:virtualinvoke $r6.<java.net.HttpURLConnection: void setReadTimeout(int)>($i0)	timediff:0
I/System.out(31550): body:<cz.seznam.net.NativeHttpClient: boolean open(int,java.lang.String)>	sig:virtualinvoke $r6.<java.net.HttpURLConnection: void setInstanceFollowRedirects(boolean)>(1)	timediff:0
I/System.out(31550): body:<cz.seznam.net.NativeHttpClient: boolean open(int,java.lang.String)>	sig:virtualinvoke $r6.<java.net.HttpURLConnection: void setRequestMethod(java.lang.String)>($r1)	timediff:0
I/System.out(31550): body:<cz.seznam.net.NativeHttpClient: boolean open(int,java.lang.String)>	sig:virtualinvoke $r6.<java.net.HttpURLConnection: void setDoInput(boolean)>(1)	timediff:0
I/System.out(31550): body:<cz.seznam.net.NativeHttpClient: boolean open(int,java.lang.String)>	sig:virtualinvoke $r6.<java.net.HttpURLConnection: void addRequestProperty(java.lang.String,java.lang.String)>($r1, $r11)	timediff:0
W/ViewRootImpl(  531): Dropping event due to no window focus: KeyEvent { action=ACTION_DOWN, keyCode=KEYCODE_MENU, scanCode=0, metaState=0, flags=0x8, repeatCount=0, eventTime=5378719, downTime=5378719, deviceId=-1, source=0x101 }
V/PanelView(  531): animationTick called with dtms=0; nothing to do (h=720.0 v=-3000.0)
I/ActivityManager(  346): START u0 {act=android.intent.action.VIEW dat=content://media/external/images/media/666 typ=image/png flg=0x10000000 cmp=com.android.gallery3d/.app.GalleryActivity bnds=[0,77][1280,461]} from pid -1
I/System.out(31550): body:<cz.seznam.net.NativeHttpClient: byte[] readLine(long)>	sig:$i1 = virtualinvoke $r5.<java.net.HttpURLConnection: int getResponseCode()>()	timediff:94
I/System.out(31550): body:<cz.seznam.net.NativeHttpClient: byte[] readLine(long)>	sig:$r6 = virtualinvoke $r5.<java.net.HttpURLConnection: java.io.InputStream getInputStream()>()	timediff:0
I/System.out(31550): body:<empirical.HelperClass: void printURLInfo(java.lang.String,java.lang.String,java.net.URLConnection)>	sig:$r0 = virtualinvoke urlConnection.<java.net.URLConnection: java.net.URL getURL()>()	timediff:0
I/System.out(31550): body:<empirical.HelperClass: void printURLInfo(java.lang.String,java.lang.String,java.net.URLConnection)>	sig:urlString = virtualinvoke $r0.<java.net.URL: java.lang.String toString()>()	timediff:0
I/System.out(31550): body:<empirical.HelperClass: void printURLInfo(java.lang.String,java.lang.String,java.net.URLConnection)>	sig:isDoOutput = virtualinvoke urlConnection.<java.net.URLConnection: boolean getDoOutput()>()	timediff:0
I/System.out(31550): body:<empirical.HelperClass: java.lang.String getHeaderField(java.net.URLConnection,java.lang.String)>	sig:data = virtualinvoke conn.<java.net.URLConnection: java.lang.String getHeaderField(java.lang.String)>(field)	timediff:0
I/System.out(31550): body:<empirical.HelperClass: java.lang.String getHeaderField(java.net.URLConnection,java.lang.String)>	sig:data = virtualinvoke conn.<java.net.URLConnection: java.lang.String getHeaderField(java.lang.String)>(field)	timediff:0
I/System.out(31550): body:<empirical.HelperClass: java.lang.String getHeaderField(java.net.URLConnection,java.lang.String)>	sig:data = virtualinvoke conn.<java.net.URLConnection: java.lang.String getHeaderField(java.lang.String)>(field)	timediff:0
I/System.out(31550): body:<empirical.HelperClass: java.lang.String getHeaderField(java.net.URLConnection,java.lang.String)>	sig:data = virtualinvoke conn.<java.net.URLConnection: java.lang.String getHeaderField(java.lang.String)>(field)	timediff:0
I/System.out(31550): body:<empirical.HelperClass: java.lang.String getHeaderField(java.net.URLConnection,java.lang.String)>	sig:data = virtualinvoke conn.<java.net.URLConnection: java.lang.String getHeaderField(java.lang.String)>(field)	timediff:0
I/System.out(31550): URLConn;%;14;%;<cz.seznam.net.NativeHttpClient: byte[] readLine(long)>;%;$r6 = virtualinvoke $r5.<java.net.HttpURLConnection: java.io.InputStream getInputStream()>();%;https://www.windy.com/tiles/samavoda.png;%;false;%;169;%;max-age=63072000;%;Sun, 26 Jan 2020 07:35:18 GMT;%;6700038;%;Not found
I/System.out(31550): body:<cz.seznam.net.NativeHttpClient: int getResponseCode()>	sig:$i0 = virtualinvoke $r2.<java.net.HttpURLConnection: int getResponseCode()>()	timediff:0
V/PanelView(  531): animationTick called with dtms=0; nothing to do (h=720.0 v=-3000.0)
V/PanelView(  531): animationTick called with dtms=0; nothing to do (h=720.0 v=-3000.0)
V/PanelView(  531): animationTick called with dtms=-9; nothing to do (h=720.0 v=-3000.0)
W/ViewRootImpl(31550): Dropping event due to no window focus: KeyEvent { action=ACTION_DOWN, keyCode=KEYCODE_DPAD_RIGHT, scanCode=0, metaState=0, flags=0x8, repeatCount=0, eventTime=5378826, downTime=5378826, deviceId=-1, source=0x101 }
W/InputMethodManagerService(  346): Window already focused, ignoring focus gain of: com.android.internal.view.IInputMethodClient$Stub$Proxy@4ad568bc attribute=null, token = android.os.BinderProxy@4ad693c4
I/ActivityManager(  346): START u0 {act=android.intent.action.VIEW dat=content://media/external/images/media/666 typ=image/png flg=0x10000000 cmp=com.android.gallery3d/.app.GalleryActivity bnds=[0,77][1280,461]} from pid -1
D/CAndroidHttpClient(31550): ctor()
I/System.out(31550): body:<cz.seznam.net.NativeHttpClient: boolean open(int,java.lang.String)>	sig:specialinvoke $r4.<java.net.URL: void <init>(java.lang.String)>($r1)	timediff:1
I/System.out(31550): <cz.seznam.net.NativeHttpClient: boolean open(int,java.lang.String)>###specialinvoke $r4.<java.net.URL: void <init>(java.lang.String)>($r1)###https://tiles1.windytv.com/tiles/v6/7/16/45.jpg
I/System.out(31550): body:<cz.seznam.net.NativeHttpClient: boolean open(int,java.lang.String)>	sig:$r5 = virtualinvoke $r4.<java.net.URL: java.net.URLConnection openConnection()>()	timediff:0
I/System.out(31550): body:<cz.seznam.net.NativeHttpClient: boolean open(int,java.lang.String)>	sig:virtualinvoke $r6.<java.net.HttpURLConnection: void setConnectTimeout(int)>($i0)	timediff:0
I/System.out(31550): body:<cz.seznam.net.NativeHttpClient: boolean open(int,java.lang.String)>	sig:virtualinvoke $r6.<java.net.HttpURLConnection: void setReadTimeout(int)>($i0)	timediff:0
I/System.out(31550): body:<cz.seznam.net.NativeHttpClient: boolean open(int,java.lang.String)>	sig:virtualinvoke $r6.<java.net.HttpURLConnection: void setInstanceFollowRedirects(boolean)>(1)	timediff:0
I/System.out(31550): body:<cz.seznam.net.NativeHttpClient: boolean open(int,java.lang.String)>	sig:virtualinvoke $r6.<java.net.HttpURLConnection: void setRequestMethod(java.lang.String)>($r1)	timediff:0
I/System.out(31550): body:<cz.seznam.net.NativeHttpClient: boolean open(int,java.lang.String)>	sig:virtualinvoke $r6.<java.net.HttpURLConnection: void setDoInput(boolean)>(1)	timediff:0
I/System.out(31550): body:<cz.seznam.net.NativeHttpClient: boolean open(int,java.lang.String)>	sig:virtualinvoke $r6.<java.net.HttpURLConnection: void addRequestProperty(java.lang.String,java.lang.String)>($r1, $r11)	timediff:0
D/dalvikvm(31550): GC_CONCURRENT freed 518K, 11% free 5193K/5828K, paused 0ms+2ms, total 7ms
W/GAV4    (31550): Thread[GAThread,5,main]: IllegalStateException getting Ad Id Info. If you would like to see Audience reports, please ensure that you have added '<meta-data android:name="com.google.android.gms.version" android:value="@integer/google_play_services_version" />' to your application manifest file. See http://goo.gl/naFqQk for details.
W/ViewRootImpl(31550): Dropping event due to no window focus: KeyEvent { action=ACTION_DOWN, keyCode=KEYCODE_DPAD_CENTER, scanCode=0, metaState=0, flags=0x8, repeatCount=0, eventTime=5378933, downTime=5378933, deviceId=-1, source=0x101 }
I/System.out(31550): body:<cz.seznam.net.NativeHttpClient: byte[] readLine(long)>	sig:$i1 = virtualinvoke $r5.<java.net.HttpURLConnection: int getResponseCode()>()	timediff:271
I/System.out(31550): body:<cz.seznam.net.NativeHttpClient: byte[] readLine(long)>	sig:$r6 = virtualinvoke $r5.<java.net.HttpURLConnection: java.io.InputStream getInputStream()>()	timediff:0
I/System.out(31550): body:<empirical.HelperClass: void printURLInfo(java.lang.String,java.lang.String,java.net.URLConnection)>	sig:$r0 = virtualinvoke urlConnection.<java.net.URLConnection: java.net.URL getURL()>()	timediff:0
I/System.out(31550): body:<empirical.HelperClass: void printURLInfo(java.lang.String,java.lang.String,java.net.URLConnection)>	sig:urlString = virtualinvoke $r0.<java.net.URL: java.lang.String toString()>()	timediff:0
I/System.out(31550): body:<empirical.HelperClass: void printURLInfo(java.lang.String,java.lang.String,java.net.URLConnection)>	sig:isDoOutput = virtualinvoke urlConnection.<java.net.URLConnection: boolean getDoOutput()>()	timediff:0
I/System.out(31550): body:<empirical.HelperClass: java.lang.String getHeaderField(java.net.URLConnection,java.lang.String)>	sig:data = virtualinvoke conn.<java.net.URLConnection: java.lang.String getHeaderField(java.lang.String)>(field)	timediff:0
I/System.out(31550): body:<empirical.HelperClass: java.lang.String getHeaderField(java.net.URLConnection,java.lang.String)>	sig:data = virtualinvoke conn.<java.net.URLConnection: java.lang.String getHeaderField(java.lang.String)>(field)	timediff:0
I/System.out(31550): body:<empirical.HelperClass: java.lang.String getHeaderField(java.net.URLConnection,java.lang.String)>	sig:data = virtualinvoke conn.<java.net.URLConnection: java.lang.String getHeaderField(java.lang.String)>(field)	timediff:0
I/System.out(31550): body:<empirical.HelperClass: java.lang.String getHeaderField(java.net.URLConnection,java.lang.String)>	sig:data = virtualinvoke conn.<java.net.URLConnection: java.lang.String getHeaderField(java.lang.String)>(field)	timediff:0
I/System.out(31550): body:<empirical.HelperClass: java.lang.String getHeaderField(java.net.URLConnection,java.lang.String)>	sig:data = virtualinvoke conn.<java.net.URLConnection: java.lang.String getHeaderField(java.lang.String)>(field)	timediff:0
I/System.out(31550): URLConn;%;15;%;<cz.seznam.net.NativeHttpClient: byte[] readLine(long)>;%;$r6 = virtualinvoke $r5.<java.net.HttpURLConnection: java.io.InputStream getInputStream()>();%;https://www.windy.com/tiles/samavoda.png;%;false;%;169;%;max-age=63072000;%;Sun, 26 Jan 2020 07:35:18 GMT;%;6700038;%;Not found
I/System.out(31550): body:<cz.seznam.net.NativeHttpClient: int getResponseCode()>	sig:$i0 = virtualinvoke $r2.<java.net.HttpURLConnection: int getResponseCode()>()	timediff:0
D/CAndroidHttpClient(31550): ctor()
I/System.out(31550): body:<cz.seznam.net.NativeHttpClient: boolean open(int,java.lang.String)>	sig:specialinvoke $r4.<java.net.URL: void <init>(java.lang.String)>($r1)	timediff:0
I/System.out(31550): <cz.seznam.net.NativeHttpClient: boolean open(int,java.lang.String)>###specialinvoke $r4.<java.net.URL: void <init>(java.lang.String)>($r1)###https://tiles1.windytv.com/tiles/v6/7/17/47.jpg
I/System.out(31550): body:<cz.seznam.net.NativeHttpClient: boolean open(int,java.lang.String)>	sig:$r5 = virtualinvoke $r4.<java.net.URL: java.net.URLConnection openConnection()>()	timediff:0
I/System.out(31550): body:<cz.seznam.net.NativeHttpClient: boolean open(int,java.lang.String)>	sig:virtualinvoke $r6.<java.net.HttpURLConnection: void setConnectTimeout(int)>($i0)	timediff:0
I/System.out(31550): body:<cz.seznam.net.NativeHttpClient: boolean open(int,java.lang.String)>	sig:virtualinvoke $r6.<java.net.HttpURLConnection: void setReadTimeout(int)>($i0)	timediff:0
I/System.out(31550): body:<cz.seznam.net.NativeHttpClient: boolean open(int,java.lang.String)>	sig:virtualinvoke $r6.<java.net.HttpURLConnection: void setInstanceFollowRedirects(boolean)>(1)	timediff:0
I/System.out(31550): body:<cz.seznam.net.NativeHttpClient: boolean open(int,java.lang.String)>	sig:virtualinvoke $r6.<java.net.HttpURLConnection: void setRequestMethod(java.lang.String)>($r1)	timediff:0
I/System.out(31550): body:<cz.seznam.net.NativeHttpClient: boolean open(int,java.lang.String)>	sig:virtualinvoke $r6.<java.net.HttpURLConnection: void setDoInput(boolean)>(1)	timediff:0
I/System.out(31550): body:<cz.seznam.net.NativeHttpClient: boolean open(int,java.lang.String)>	sig:virtualinvoke $r6.<java.net.HttpURLConnection: void addRequestProperty(java.lang.String,java.lang.String)>($r1, $r11)	timediff:0
W/EGL_emulation(31550): eglSurfaceAttrib not implemented 3093 12436
W/ViewRootImpl(31550): Dropping event due to no window focus: KeyEvent { action=ACTION_DOWN, keyCode=KEYCODE_DPAD_DOWN, scanCode=0, metaState=0, flags=0x8, repeatCount=0, eventTime=5378962, downTime=5378962, deviceId=-1, source=0x101 }
I/System.out(31550): body:<cz.seznam.net.NativeHttpClient: byte[] readLine(long)>	sig:$i1 = virtualinvoke $r5.<java.net.HttpURLConnection: int getResponseCode()>()	timediff:214
I/System.out(31550): body:<cz.seznam.net.NativeHttpClient: byte[] readLine(long)>	sig:$r6 = virtualinvoke $r5.<java.net.HttpURLConnection: java.io.InputStream getInputStream()>()	timediff:0
I/System.out(31550): body:<empirical.HelperClass: void printURLInfo(java.lang.String,java.lang.String,java.net.URLConnection)>	sig:$r0 = virtualinvoke urlConnection.<java.net.URLConnection: java.net.URL getURL()>()	timediff:0
I/System.out(31550): body:<empirical.HelperClass: void printURLInfo(java.lang.String,java.lang.String,java.net.URLConnection)>	sig:urlString = virtualinvoke $r0.<java.net.URL: java.lang.String toString()>()	timediff:0
I/System.out(31550): body:<empirical.HelperClass: void printURLInfo(java.lang.String,java.lang.String,java.net.URLConnection)>	sig:isDoOutput = virtualinvoke urlConnection.<java.net.URLConnection: boolean getDoOutput()>()	timediff:0
I/System.out(31550): body:<empirical.HelperClass: java.lang.String getHeaderField(java.net.URLConnection,java.lang.String)>	sig:data = virtualinvoke conn.<java.net.URLConnection: java.lang.String getHeaderField(java.lang.String)>(field)	timediff:0
I/System.out(31550): body:<empirical.HelperClass: java.lang.String getHeaderField(java.net.URLConnection,java.lang.String)>	sig:data = virtualinvoke conn.<java.net.URLConnection: java.lang.String getHeaderField(java.lang.String)>(field)	timediff:0
I/System.out(31550): body:<empirical.HelperClass: java.lang.String getHeaderField(java.net.URLConnection,java.lang.String)>	sig:data = virtualinvoke conn.<java.net.URLConnection: java.lang.String getHeaderField(java.lang.String)>(field)	timediff:0
I/System.out(31550): body:<empirical.HelperClass: java.lang.String getHeaderField(java.net.URLConnection,java.lang.String)>	sig:data = virtualinvoke conn.<java.net.URLConnection: java.lang.String getHeaderField(java.lang.String)>(field)	timediff:0
I/System.out(31550): body:<empirical.HelperClass: java.lang.String getHeaderField(java.net.URLConnection,java.lang.String)>	sig:data = virtualinvoke conn.<java.net.URLConnection: java.lang.String getHeaderField(java.lang.String)>(field)	timediff:0
I/System.out(31550): URLConn;%;16;%;<cz.seznam.net.NativeHttpClient: byte[] readLine(long)>;%;$r6 = virtualinvoke $r5.<java.net.HttpURLConnection: java.io.InputStream getInputStream()>();%;https://www.windy.com/tiles/samavoda.png;%;false;%;169;%;max-age=63072000;%;Sun, 26 Jan 2020 07:35:18 GMT;%;6700038;%;Not found
I/System.out(31550): body:<cz.seznam.net.NativeHttpClient: int getResponseCode()>	sig:$i0 = virtualinvoke $r2.<java.net.HttpURLConnection: int getResponseCode()>()	timediff:0
I/System.out(31550): body:<cz.seznam.net.NativeHttpClient: byte[] readLine(long)>	sig:$i1 = virtualinvoke $r5.<java.net.HttpURLConnection: int getResponseCode()>()	timediff:79
I/System.out(31550): body:<cz.seznam.net.NativeHttpClient: byte[] readLine(long)>	sig:$r6 = virtualinvoke $r5.<java.net.HttpURLConnection: java.io.InputStream getInputStream()>()	timediff:0
I/System.out(31550): body:<empirical.HelperClass: void printURLInfo(java.lang.String,java.lang.String,java.net.URLConnection)>	sig:$r0 = virtualinvoke urlConnection.<java.net.URLConnection: java.net.URL getURL()>()	timediff:0
I/System.out(31550): body:<empirical.HelperClass: void printURLInfo(java.lang.String,java.lang.String,java.net.URLConnection)>	sig:urlString = virtualinvoke $r0.<java.net.URL: java.lang.String toString()>()	timediff:0
I/System.out(31550): body:<empirical.HelperClass: void printURLInfo(java.lang.String,java.lang.String,java.net.URLConnection)>	sig:isDoOutput = virtualinvoke urlConnection.<java.net.URLConnection: boolean getDoOutput()>()	timediff:0
I/System.out(31550): body:<empirical.HelperClass: java.lang.String getHeaderField(java.net.URLConnection,java.lang.String)>	sig:data = virtualinvoke conn.<java.net.URLConnection: java.lang.String getHeaderField(java.lang.String)>(field)	timediff:0
I/System.out(31550): body:<empirical.HelperClass: java.lang.String getHeaderField(java.net.URLConnection,java.lang.String)>	sig:data = virtualinvoke conn.<java.net.URLConnection: java.lang.String getHeaderField(java.lang.String)>(field)	timediff:0
I/System.out(31550): body:<empirical.HelperClass: java.lang.String getHeaderField(java.net.URLConnection,java.lang.String)>	sig:data = virtualinvoke conn.<java.net.URLConnection: java.lang.String getHeaderField(java.lang.String)>(field)	timediff:0
I/System.out(31550): body:<empirical.HelperClass: java.lang.String getHeaderField(java.net.URLConnection,java.lang.String)>	sig:data = virtualinvoke conn.<java.net.URLConnection: java.lang.String getHeaderField(java.lang.String)>(field)	timediff:0
I/System.out(31550): body:<empirical.HelperClass: java.lang.String getHeaderField(java.net.URLConnection,java.lang.String)>	sig:data = virtualinvoke conn.<java.net.URLConnection: java.lang.String getHeaderField(java.lang.String)>(field)	timediff:0
I/System.out(31550): URLConn;%;17;%;<cz.seznam.net.NativeHttpClient: byte[] readLine(long)>;%;$r6 = virtualinvoke $r5.<java.net.HttpURLConnection: java.io.InputStream getInputStream()>();%;https://www.windy.com/tiles/samavoda.png;%;false;%;169;%;max-age=63072000;%;Sun, 26 Jan 2020 07:35:18 GMT;%;6700038;%;Not found
I/System.out(31550): body:<cz.seznam.net.NativeHttpClient: int getResponseCode()>	sig:$i0 = virtualinvoke $r2.<java.net.HttpURLConnection: int getResponseCode()>()	timediff:0
D/CAndroidHttpClient(31550): ctor()
I/System.out(31550): body:<cz.seznam.net.NativeHttpClient: boolean open(int,java.lang.String)>	sig:specialinvoke $r4.<java.net.URL: void <init>(java.lang.String)>($r1)	timediff:0
I/System.out(31550): <cz.seznam.net.NativeHttpClient: boolean open(int,java.lang.String)>###specialinvoke $r4.<java.net.URL: void <init>(java.lang.String)>($r1)###https://tiles1.windytv.com/tiles/v6/7/17/45.jpg
D/CAndroidHttpClient(31550): ctor()
I/System.out(31550): body:<cz.seznam.net.NativeHttpClient: boolean open(int,java.lang.String)>	sig:$r5 = virtualinvoke $r4.<java.net.URL: java.net.URLConnection openConnection()>()	timediff:0
I/System.out(31550): body:<cz.seznam.net.NativeHttpClient: boolean open(int,java.lang.String)>	sig:virtualinvoke $r6.<java.net.HttpURLConnection: void setConnectTimeout(int)>($i0)	timediff:0
I/System.out(31550): body:<cz.seznam.net.NativeHttpClient: boolean open(int,java.lang.String)>	sig:virtualinvoke $r6.<java.net.HttpURLConnection: void setReadTimeout(int)>($i0)	timediff:0
I/System.out(31550): body:<cz.seznam.net.NativeHttpClient: boolean open(int,java.lang.String)>	sig:virtualinvoke $r6.<java.net.HttpURLConnection: void setInstanceFollowRedirects(boolean)>(1)	timediff:0
I/System.out(31550): body:<cz.seznam.net.NativeHttpClient: boolean open(int,java.lang.String)>	sig:virtualinvoke $r6.<java.net.HttpURLConnection: void setRequestMethod(java.lang.String)>($r1)	timediff:0
I/System.out(31550): body:<cz.seznam.net.NativeHttpClient: boolean open(int,java.lang.String)>	sig:virtualinvoke $r6.<java.net.HttpURLConnection: void setDoInput(boolean)>(1)	timediff:0
I/System.out(31550): body:<cz.seznam.net.NativeHttpClient: boolean open(int,java.lang.String)>	sig:virtualinvoke $r6.<java.net.HttpURLConnection: void addRequestProperty(java.lang.String,java.lang.String)>($r1, $r11)	timediff:0
I/System.out(31550): body:<cz.seznam.net.NativeHttpClient: boolean open(int,java.lang.String)>	sig:specialinvoke $r4.<java.net.URL: void <init>(java.lang.String)>($r1)	timediff:0
I/System.out(31550): <cz.seznam.net.NativeHttpClient: boolean open(int,java.lang.String)>###specialinvoke $r4.<java.net.URL: void <init>(java.lang.String)>($r1)###https://tiles1.windytv.com/tiles/v6/7/18/46.jpg
I/System.out(31550): body:<cz.seznam.net.NativeHttpClient: boolean open(int,java.lang.String)>	sig:$r5 = virtualinvoke $r4.<java.net.URL: java.net.URLConnection openConnection()>()	timediff:0
I/System.out(31550): body:<cz.seznam.net.NativeHttpClient: boolean open(int,java.lang.String)>	sig:virtualinvoke $r6.<java.net.HttpURLConnection: void setConnectTimeout(int)>($i0)	timediff:0
I/System.out(31550): body:<cz.seznam.net.NativeHttpClient: boolean open(int,java.lang.String)>	sig:virtualinvoke $r6.<java.net.HttpURLConnection: void setReadTimeout(int)>($i0)	timediff:0
I/System.out(31550): body:<cz.seznam.net.NativeHttpClient: boolean open(int,java.lang.String)>	sig:virtualinvoke $r6.<java.net.HttpURLConnection: void setInstanceFollowRedirects(boolean)>(1)	timediff:0
I/System.out(31550): body:<cz.seznam.net.NativeHttpClient: boolean open(int,java.lang.String)>	sig:virtualinvoke $r6.<java.net.HttpURLConnection: void setRequestMethod(java.lang.String)>($r1)	timediff:0
I/System.out(31550): body:<cz.seznam.net.NativeHttpClient: boolean open(int,java.lang.String)>	sig:virtualinvoke $r6.<java.net.HttpURLConnection: void setDoInput(boolean)>(1)	timediff:0
I/System.out(31550): body:<cz.seznam.net.NativeHttpClient: boolean open(int,java.lang.String)>	sig:virtualinvoke $r6.<java.net.HttpURLConnection: void addRequestProperty(java.lang.String,java.lang.String)>($r1, $r11)	timediff:0
I/System.out(31550): body:<cz.seznam.net.NativeHttpClient: byte[] readLine(long)>	sig:$i1 = virtualinvoke $r5.<java.net.HttpURLConnection: int getResponseCode()>()	timediff:14
I/System.out(31550): body:<cz.seznam.net.NativeHttpClient: byte[] readLine(long)>	sig:$r6 = virtualinvoke $r5.<java.net.HttpURLConnection: java.io.InputStream getInputStream()>()	timediff:0
I/System.out(31550): body:<empirical.HelperClass: void printURLInfo(java.lang.String,java.lang.String,java.net.URLConnection)>	sig:$r0 = virtualinvoke urlConnection.<java.net.URLConnection: java.net.URL getURL()>()	timediff:0
I/System.out(31550): body:<empirical.HelperClass: void printURLInfo(java.lang.String,java.lang.String,java.net.URLConnection)>	sig:urlString = virtualinvoke $r0.<java.net.URL: java.lang.String toString()>()	timediff:0
I/System.out(31550): body:<empirical.HelperClass: void printURLInfo(java.lang.String,java.lang.String,java.net.URLConnection)>	sig:isDoOutput = virtualinvoke urlConnection.<java.net.URLConnection: boolean getDoOutput()>()	timediff:0
I/System.out(31550): body:<empirical.HelperClass: java.lang.String getHeaderField(java.net.URLConnection,java.lang.String)>	sig:data = virtualinvoke conn.<java.net.URLConnection: java.lang.String getHeaderField(java.lang.String)>(field)	timediff:0
I/System.out(31550): body:<empirical.HelperClass: java.lang.String getHeaderField(java.net.URLConnection,java.lang.String)>	sig:data = virtualinvoke conn.<java.net.URLConnection: java.lang.String getHeaderField(java.lang.String)>(field)	timediff:0
I/System.out(31550): body:<empirical.HelperClass: java.lang.String getHeaderField(java.net.URLConnection,java.lang.String)>	sig:data = virtualinvoke conn.<java.net.URLConnection: java.lang.String getHeaderField(java.lang.String)>(field)	timediff:0
I/System.out(31550): body:<empirical.HelperClass: java.lang.String getHeaderField(java.net.URLConnection,java.lang.String)>	sig:data = virtualinvoke conn.<java.net.URLConnection: java.lang.String getHeaderField(java.lang.String)>(field)	timediff:0
I/System.out(31550): body:<empirical.HelperClass: java.lang.String getHeaderField(java.net.URLConnection,java.lang.String)>	sig:data = virtualinvoke conn.<java.net.URLConnection: java.lang.String getHeaderField(java.lang.String)>(field)	timediff:0
I/System.out(31550): URLConn;%;18;%;<cz.seznam.net.NativeHttpClient: byte[] readLine(long)>;%;$r6 = virtualinvoke $r5.<java.net.HttpURLConnection: java.io.InputStream getInputStream()>();%;https://www.windy.com/tiles/samavoda.png;%;false;%;169;%;max-age=63072000;%;Sun, 26 Jan 2020 07:35:18 GMT;%;6700038;%;Not found
I/System.out(31550): body:<cz.seznam.net.NativeHttpClient: int getResponseCode()>	sig:$i0 = virtualinvoke $r2.<java.net.HttpURLConnection: int getResponseCode()>()	timediff:0
D/CAndroidHttpClient(31550): ctor()
I/System.out(31550): body:<cz.seznam.net.NativeHttpClient: boolean open(int,java.lang.String)>	sig:specialinvoke $r4.<java.net.URL: void <init>(java.lang.String)>($r1)	timediff:0
I/System.out(31550): <cz.seznam.net.NativeHttpClient: boolean open(int,java.lang.String)>###specialinvoke $r4.<java.net.URL: void <init>(java.lang.String)>($r1)###https://tiles1.windytv.com/tiles/v6/7/15/45.jpg
I/System.out(31550): body:<cz.seznam.net.NativeHttpClient: boolean open(int,java.lang.String)>	sig:$r5 = virtualinvoke $r4.<java.net.URL: java.net.URLConnection openConnection()>()	timediff:0
I/System.out(31550): body:<cz.seznam.net.NativeHttpClient: boolean open(int,java.lang.String)>	sig:virtualinvoke $r6.<java.net.HttpURLConnection: void setConnectTimeout(int)>($i0)	timediff:0
I/System.out(31550): body:<cz.seznam.net.NativeHttpClient: boolean open(int,java.lang.String)>	sig:virtualinvoke $r6.<java.net.HttpURLConnection: void setReadTimeout(int)>($i0)	timediff:0
I/System.out(31550): body:<cz.seznam.net.NativeHttpClient: boolean open(int,java.lang.String)>	sig:virtualinvoke $r6.<java.net.HttpURLConnection: void setInstanceFollowRedirects(boolean)>(1)	timediff:0
I/System.out(31550): body:<cz.seznam.net.NativeHttpClient: boolean open(int,java.lang.String)>	sig:virtualinvoke $r6.<java.net.HttpURLConnection: void setRequestMethod(java.lang.String)>($r1)	timediff:0
I/System.out(31550): body:<cz.seznam.net.NativeHttpClient: boolean open(int,java.lang.String)>	sig:virtualinvoke $r6.<java.net.HttpURLConnection: void setDoInput(boolean)>(1)	timediff:0
I/System.out(31550): body:<cz.seznam.net.NativeHttpClient: boolean open(int,java.lang.String)>	sig:virtualinvoke $r6.<java.net.HttpURLConnection: void addRequestProperty(java.lang.String,java.lang.String)>($r1, $r11)	timediff:0
W/EGL_emulation(  531): eglSurfaceAttrib not implemented 3093 12436
I/System.out(31550): body:<cz.seznam.net.NativeHttpClient: byte[] readLine(long)>	sig:$i1 = virtualinvoke $r5.<java.net.HttpURLConnection: int getResponseCode()>()	timediff:125
I/System.out(31550): body:<cz.seznam.net.NativeHttpClient: byte[] readLine(long)>	sig:$r6 = virtualinvoke $r5.<java.net.HttpURLConnection: java.io.InputStream getInputStream()>()	timediff:0
I/System.out(31550): body:<empirical.HelperClass: void printURLInfo(java.lang.String,java.lang.String,java.net.URLConnection)>	sig:$r0 = virtualinvoke urlConnection.<java.net.URLConnection: java.net.URL getURL()>()	timediff:0
I/System.out(31550): body:<empirical.HelperClass: void printURLInfo(java.lang.String,java.lang.String,java.net.URLConnection)>	sig:urlString = virtualinvoke $r0.<java.net.URL: java.lang.String toString()>()	timediff:0
I/System.out(31550): body:<empirical.HelperClass: void printURLInfo(java.lang.String,java.lang.String,java.net.URLConnection)>	sig:isDoOutput = virtualinvoke urlConnection.<java.net.URLConnection: boolean getDoOutput()>()	timediff:0
I/System.out(31550): body:<empirical.HelperClass: java.lang.String getHeaderField(java.net.URLConnection,java.lang.String)>	sig:data = virtualinvoke conn.<java.net.URLConnection: java.lang.String getHeaderField(java.lang.String)>(field)	timediff:0
I/System.out(31550): body:<empirical.HelperClass: java.lang.String getHeaderField(java.net.URLConnection,java.lang.String)>	sig:data = virtualinvoke conn.<java.net.URLConnection: java.lang.String getHeaderField(java.lang.String)>(field)	timediff:0
I/System.out(31550): body:<empirical.HelperClass: java.lang.String getHeaderField(java.net.URLConnection,java.lang.String)>	sig:data = virtualinvoke conn.<java.net.URLConnection: java.lang.String getHeaderField(java.lang.String)>(field)	timediff:0
I/System.out(31550): body:<empirical.HelperClass: java.lang.String getHeaderField(java.net.URLConnection,java.lang.String)>	sig:data = virtualinvoke conn.<java.net.URLConnection: java.lang.String getHeaderField(java.lang.String)>(field)	timediff:0
I/System.out(31550): body:<empirical.HelperClass: java.lang.String getHeaderField(java.net.URLConnection,java.lang.String)>	sig:data = virtualinvoke conn.<java.net.URLConnection: java.lang.String getHeaderField(java.lang.String)>(field)	timediff:0
I/System.out(31550): URLConn;%;19;%;<cz.seznam.net.NativeHttpClient: byte[] readLine(long)>;%;$r6 = virtualinvoke $r5.<java.net.HttpURLConnection: java.io.InputStream getInputStream()>();%;https://www.windy.com/tiles/samavoda.png;%;false;%;169;%;max-age=63072000;%;Sun, 26 Jan 2020 07:35:18 GMT;%;6700038;%;Not found
I/System.out(31550): body:<cz.seznam.net.NativeHttpClient: int getResponseCode()>	sig:$i0 = virtualinvoke $r2.<java.net.HttpURLConnection: int getResponseCode()>()	timediff:0
D/CAndroidHttpClient(31550): ctor()
I/System.out(31550): body:<cz.seznam.net.NativeHttpClient: boolean open(int,java.lang.String)>	sig:specialinvoke $r4.<java.net.URL: void <init>(java.lang.String)>($r1)	timediff:0
I/System.out(31550): <cz.seznam.net.NativeHttpClient: boolean open(int,java.lang.String)>###specialinvoke $r4.<java.net.URL: void <init>(java.lang.String)>($r1)###https://tiles1.windytv.com/tiles/v6/7/18/47.jpg
I/System.out(31550): body:<cz.seznam.net.NativeHttpClient: boolean open(int,java.lang.String)>	sig:$r5 = virtualinvoke $r4.<java.net.URL: java.net.URLConnection openConnection()>()	timediff:0
I/System.out(31550): body:<cz.seznam.net.NativeHttpClient: boolean open(int,java.lang.String)>	sig:virtualinvoke $r6.<java.net.HttpURLConnection: void setConnectTimeout(int)>($i0)	timediff:0
I/System.out(31550): body:<cz.seznam.net.NativeHttpClient: boolean open(int,java.lang.String)>	sig:virtualinvoke $r6.<java.net.HttpURLConnection: void setReadTimeout(int)>($i0)	timediff:0
I/System.out(31550): body:<cz.seznam.net.NativeHttpClient: boolean open(int,java.lang.String)>	sig:virtualinvoke $r6.<java.net.HttpURLConnection: void setInstanceFollowRedirects(boolean)>(1)	timediff:0
I/System.out(31550): body:<cz.seznam.net.NativeHttpClient: boolean open(int,java.lang.String)>	sig:virtualinvoke $r6.<java.net.HttpURLConnection: void setRequestMethod(java.lang.String)>($r1)	timediff:0
I/System.out(31550): body:<cz.seznam.net.NativeHttpClient: boolean open(int,java.lang.String)>	sig:virtualinvoke $r6.<java.net.HttpURLConnection: void setDoInput(boolean)>(1)	timediff:0
I/System.out(31550): body:<cz.seznam.net.NativeHttpClient: boolean open(int,java.lang.String)>	sig:virtualinvoke $r6.<java.net.HttpURLConnection: void addRequestProperty(java.lang.String,java.lang.String)>($r1, $r11)	timediff:0
I/System.out(31550): body:<cz.seznam.net.NativeHttpClient: byte[] readLine(long)>	sig:$i1 = virtualinvoke $r5.<java.net.HttpURLConnection: int getResponseCode()>()	timediff:22
I/System.out(31550): body:<cz.seznam.net.NativeHttpClient: byte[] readLine(long)>	sig:$r6 = virtualinvoke $r5.<java.net.HttpURLConnection: java.io.InputStream getInputStream()>()	timediff:0
I/System.out(31550): body:<empirical.HelperClass: void printURLInfo(java.lang.String,java.lang.String,java.net.URLConnection)>	sig:$r0 = virtualinvoke urlConnection.<java.net.URLConnection: java.net.URL getURL()>()	timediff:0
I/System.out(31550): body:<empirical.HelperClass: void printURLInfo(java.lang.String,java.lang.String,java.net.URLConnection)>	sig:urlString = virtualinvoke $r0.<java.net.URL: java.lang.String toString()>()	timediff:0
I/System.out(31550): body:<empirical.HelperClass: void printURLInfo(java.lang.String,java.lang.String,java.net.URLConnection)>	sig:isDoOutput = virtualinvoke urlConnection.<java.net.URLConnection: boolean getDoOutput()>()	timediff:0
I/System.out(31550): body:<empirical.HelperClass: java.lang.String getHeaderField(java.net.URLConnection,java.lang.String)>	sig:data = virtualinvoke conn.<java.net.URLConnection: java.lang.String getHeaderField(java.lang.String)>(field)	timediff:0
I/System.out(31550): body:<empirical.HelperClass: java.lang.String getHeaderField(java.net.URLConnection,java.lang.String)>	sig:data = virtualinvoke conn.<java.net.URLConnection: java.lang.String getHeaderField(java.lang.String)>(field)	timediff:0
I/System.out(31550): body:<empirical.HelperClass: java.lang.String getHeaderField(java.net.URLConnection,java.lang.String)>	sig:data = virtualinvoke conn.<java.net.URLConnection: java.lang.String getHeaderField(java.lang.String)>(field)	timediff:0
I/System.out(31550): body:<empirical.HelperClass: java.lang.String getHeaderField(java.net.URLConnection,java.lang.String)>	sig:data = virtualinvoke conn.<java.net.URLConnection: java.lang.String getHeaderField(java.lang.String)>(field)	timediff:0
I/System.out(31550): body:<empirical.HelperClass: java.lang.String getHeaderField(java.net.URLConnection,java.lang.String)>	sig:data = virtualinvoke conn.<java.net.URLConnection: java.lang.String getHeaderField(java.lang.String)>(field)	timediff:0
I/System.out(31550): URLConn;%;20;%;<cz.seznam.net.NativeHttpClient: byte[] readLine(long)>;%;$r6 = virtualinvoke $r5.<java.net.HttpURLConnection: java.io.InputStream getInputStream()>();%;https://www.windy.com/tiles/samavoda.png;%;false;%;169;%;max-age=63072000;%;Sun, 26 Jan 2020 07:35:18 GMT;%;6700038;%;Not found
I/System.out(31550): body:<cz.seznam.net.NativeHttpClient: int getResponseCode()>	sig:$i0 = virtualinvoke $r2.<java.net.HttpURLConnection: int getResponseCode()>()	timediff:0
D/dalvikvm(31550): GC_CONCURRENT freed 650K, 12% free 5298K/6008K, paused 0ms+2ms, total 5ms
D/CAndroidHttpClient(31550): ctor()
I/System.out(31550): body:<cz.seznam.net.NativeHttpClient: boolean open(int,java.lang.String)>	sig:specialinvoke $r4.<java.net.URL: void <init>(java.lang.String)>($r1)	timediff:0
I/System.out(31550): <cz.seznam.net.NativeHttpClient: boolean open(int,java.lang.String)>###specialinvoke $r4.<java.net.URL: void <init>(java.lang.String)>($r1)###https://tiles1.windytv.com/tiles/v6/7/18/45.jpg
I/System.out(31550): body:<cz.seznam.net.NativeHttpClient: boolean open(int,java.lang.String)>	sig:$r5 = virtualinvoke $r4.<java.net.URL: java.net.URLConnection openConnection()>()	timediff:0
I/System.out(31550): body:<cz.seznam.net.NativeHttpClient: boolean open(int,java.lang.String)>	sig:virtualinvoke $r6.<java.net.HttpURLConnection: void setConnectTimeout(int)>($i0)	timediff:0
I/System.out(31550): body:<cz.seznam.net.NativeHttpClient: boolean open(int,java.lang.String)>	sig:virtualinvoke $r6.<java.net.HttpURLConnection: void setReadTimeout(int)>($i0)	timediff:0
I/System.out(31550): body:<cz.seznam.net.NativeHttpClient: boolean open(int,java.lang.String)>	sig:virtualinvoke $r6.<java.net.HttpURLConnection: void setInstanceFollowRedirects(boolean)>(1)	timediff:0
I/System.out(31550): body:<cz.seznam.net.NativeHttpClient: boolean open(int,java.lang.String)>	sig:virtualinvoke $r6.<java.net.HttpURLConnection: void setRequestMethod(java.lang.String)>($r1)	timediff:0
I/System.out(31550): body:<cz.seznam.net.NativeHttpClient: boolean open(int,java.lang.String)>	sig:virtualinvoke $r6.<java.net.HttpURLConnection: void setDoInput(boolean)>(1)	timediff:0
I/System.out(31550): body:<cz.seznam.net.NativeHttpClient: boolean open(int,java.lang.String)>	sig:virtualinvoke $r6.<java.net.HttpURLConnection: void addRequestProperty(java.lang.String,java.lang.String)>($r1, $r11)	timediff:0
I/System.out(31550): body:<cz.seznam.net.NativeHttpClient: byte[] readLine(long)>	sig:$i1 = virtualinvoke $r5.<java.net.HttpURLConnection: int getResponseCode()>()	timediff:153
I/System.out(31550): body:<cz.seznam.net.NativeHttpClient: byte[] readLine(long)>	sig:$r6 = virtualinvoke $r5.<java.net.HttpURLConnection: java.io.InputStream getInputStream()>()	timediff:0
I/System.out(31550): body:<empirical.HelperClass: void printURLInfo(java.lang.String,java.lang.String,java.net.URLConnection)>	sig:$r0 = virtualinvoke urlConnection.<java.net.URLConnection: java.net.URL getURL()>()	timediff:0
I/System.out(31550): body:<empirical.HelperClass: void printURLInfo(java.lang.String,java.lang.String,java.net.URLConnection)>	sig:urlString = virtualinvoke $r0.<java.net.URL: java.lang.String toString()>()	timediff:0
I/System.out(31550): body:<empirical.HelperClass: void printURLInfo(java.lang.String,java.lang.String,java.net.URLConnection)>	sig:isDoOutput = virtualinvoke urlConnection.<java.net.URLConnection: boolean getDoOutput()>()	timediff:0
I/System.out(31550): body:<empirical.HelperClass: java.lang.String getHeaderField(java.net.URLConnection,java.lang.String)>	sig:data = virtualinvoke conn.<java.net.URLConnection: java.lang.String getHeaderField(java.lang.String)>(field)	timediff:0
I/System.out(31550): body:<empirical.HelperClass: java.lang.String getHeaderField(java.net.URLConnection,java.lang.String)>	sig:data = virtualinvoke conn.<java.net.URLConnection: java.lang.String getHeaderField(java.lang.String)>(field)	timediff:0
I/System.out(31550): body:<empirical.HelperClass: java.lang.String getHeaderField(java.net.URLConnection,java.lang.String)>	sig:data = virtualinvoke conn.<java.net.URLConnection: java.lang.String getHeaderField(java.lang.String)>(field)	timediff:0
I/System.out(31550): body:<empirical.HelperClass: java.lang.String getHeaderField(java.net.URLConnection,java.lang.String)>	sig:data = virtualinvoke conn.<java.net.URLConnection: java.lang.String getHeaderField(java.lang.String)>(field)	timediff:0
I/System.out(31550): body:<empirical.HelperClass: java.lang.String getHeaderField(java.net.URLConnection,java.lang.String)>	sig:data = virtualinvoke conn.<java.net.URLConnection: java.lang.String getHeaderField(java.lang.String)>(field)	timediff:0
I/System.out(31550): URLConn;%;21;%;<cz.seznam.net.NativeHttpClient: byte[] readLine(long)>;%;$r6 = virtualinvoke $r5.<java.net.HttpURLConnection: java.io.InputStream getInputStream()>();%;https://www.windy.com/tiles/samavoda.png;%;false;%;169;%;max-age=63072000;%;Sun, 26 Jan 2020 07:35:18 GMT;%;6700038;%;Not found
I/System.out(31550): body:<cz.seznam.net.NativeHttpClient: int getResponseCode()>	sig:$i0 = virtualinvoke $r2.<java.net.HttpURLConnection: int getResponseCode()>()	timediff:0
D/CAndroidHttpClient(31550): ctor()
I/System.out(31550): body:<cz.seznam.net.NativeHttpClient: boolean open(int,java.lang.String)>	sig:specialinvoke $r4.<java.net.URL: void <init>(java.lang.String)>($r1)	timediff:1
I/System.out(31550): <cz.seznam.net.NativeHttpClient: boolean open(int,java.lang.String)>###specialinvoke $r4.<java.net.URL: void <init>(java.lang.String)>($r1)###https://tiles1.windytv.com/tiles/v6/7/16/48.jpg
I/System.out(31550): body:<cz.seznam.net.NativeHttpClient: boolean open(int,java.lang.String)>	sig:$r5 = virtualinvoke $r4.<java.net.URL: java.net.URLConnection openConnection()>()	timediff:0
I/System.out(31550): body:<cz.seznam.net.NativeHttpClient: boolean open(int,java.lang.String)>	sig:virtualinvoke $r6.<java.net.HttpURLConnection: void setConnectTimeout(int)>($i0)	timediff:0
I/System.out(31550): body:<cz.seznam.net.NativeHttpClient: boolean open(int,java.lang.String)>	sig:virtualinvoke $r6.<java.net.HttpURLConnection: void setReadTimeout(int)>($i0)	timediff:0
I/System.out(31550): body:<cz.seznam.net.NativeHttpClient: boolean open(int,java.lang.String)>	sig:virtualinvoke $r6.<java.net.HttpURLConnection: void setInstanceFollowRedirects(boolean)>(1)	timediff:0
I/System.out(31550): body:<cz.seznam.net.NativeHttpClient: boolean open(int,java.lang.String)>	sig:virtualinvoke $r6.<java.net.HttpURLConnection: void setRequestMethod(java.lang.String)>($r1)	timediff:0
I/System.out(31550): body:<cz.seznam.net.NativeHttpClient: boolean open(int,java.lang.String)>	sig:virtualinvoke $r6.<java.net.HttpURLConnection: void setDoInput(boolean)>(1)	timediff:0
I/System.out(31550): body:<cz.seznam.net.NativeHttpClient: boolean open(int,java.lang.String)>	sig:virtualinvoke $r6.<java.net.HttpURLConnection: void addRequestProperty(java.lang.String,java.lang.String)>($r1, $r11)	timediff:0
W/InputEventReceiver(31550): Attempted to finish an input event but the input event receiver has already been disposed.
W/InputEventReceiver(31550): Attempted to finish an input event but the input event receiver has already been disposed.
W/InputEventReceiver(31550): Attempted to finish an input event but the input event receiver has already been disposed.
W/InputEventReceiver(31550): Attempted to finish an input event but the input event receiver has already been disposed.
W/InputEventReceiver(31550): Attempted to finish an input event but the input event receiver has already been disposed.
W/InputEventReceiver(31550): Attempted to finish an input event but the input event receiver has already been disposed.
W/ViewRootImpl(31550): Dropping event due to root view being removed: MotionEvent { action=ACTION_MOVE, id[0]=0, x[0]=-67.45241, y[0]=160.89275, toolType[0]=TOOL_TYPE_UNKNOWN, buttonState=0, metaState=0, flags=0x0, edgeFlags=0x0, pointerCount=1, historySize=3, eventTime=5379330, downTime=5379329, deviceId=0, source=0x1002 }
W/ViewRootImpl(31550): Dropping event due to root view being removed: MotionEvent { action=ACTION_UP, id[0]=0, x[0]=-63.276077, y[0]=178.69466, toolType[0]=TOOL_TYPE_UNKNOWN, buttonState=0, metaState=0, flags=0x0, edgeFlags=0x0, pointerCount=1, historySize=0, eventTime=5379330, downTime=5379329, deviceId=0, source=0x1002 }
W/ViewRootImpl(31550): Dropping event due to root view being removed: MotionEvent { action=ACTION_DOWN, id[0]=0, x[0]=167.0, y[0]=29.0, toolType[0]=TOOL_TYPE_UNKNOWN, buttonState=0, metaState=0, flags=0x0, edgeFlags=0x0, pointerCount=1, historySize=0, eventTime=5379331, downTime=5379331, deviceId=0, source=0x1002 }
W/ViewRootImpl(31550): Dropping event due to root view being removed: MotionEvent { action=ACTION_MOVE, id[0]=0, x[0]=69.6944, y[0]=72.57051, toolType[0]=TOOL_TYPE_UNKNOWN, buttonState=0, metaState=0, flags=0x0, edgeFlags=0x0, pointerCount=1, historySize=7, eventTime=5379333, downTime=5379331, deviceId=0, source=0x1002 }
W/ViewRootImpl(31550): Dropping event due to root view being removed: MotionEvent { action=ACTION_UP, id[0]=0, x[0]=48.619446, y[0]=82.95781, toolType[0]=TOOL_TYPE_UNKNOWN, buttonState=0, metaState=0, flags=0x0, edgeFlags=0x0, pointerCount=1, historySize=0, eventTime=5379333, downTime=5379331, deviceId=0, source=0x1002 }
I/System.out(31550): body:<cz.seznam.net.NativeHttpClient: byte[] readLine(long)>	sig:$i1 = virtualinvoke $r5.<java.net.HttpURLConnection: int getResponseCode()>()	timediff:85
I/System.out(31550): body:<cz.seznam.net.NativeHttpClient: byte[] readLine(long)>	sig:$r6 = virtualinvoke $r5.<java.net.HttpURLConnection: java.io.InputStream getInputStream()>()	timediff:0
I/System.out(31550): body:<empirical.HelperClass: void printURLInfo(java.lang.String,java.lang.String,java.net.URLConnection)>	sig:$r0 = virtualinvoke urlConnection.<java.net.URLConnection: java.net.URL getURL()>()	timediff:0
I/System.out(31550): body:<empirical.HelperClass: void printURLInfo(java.lang.String,java.lang.String,java.net.URLConnection)>	sig:urlString = virtualinvoke $r0.<java.net.URL: java.lang.String toString()>()	timediff:0
I/System.out(31550): body:<empirical.HelperClass: void printURLInfo(java.lang.String,java.lang.String,java.net.URLConnection)>	sig:isDoOutput = virtualinvoke urlConnection.<java.net.URLConnection: boolean getDoOutput()>()	timediff:0
I/System.out(31550): body:<empirical.HelperClass: java.lang.String getHeaderField(java.net.URLConnection,java.lang.String)>	sig:data = virtualinvoke conn.<java.net.URLConnection: java.lang.String getHeaderField(java.lang.String)>(field)	timediff:0
I/System.out(31550): body:<empirical.HelperClass: java.lang.String getHeaderField(java.net.URLConnection,java.lang.String)>	sig:data = virtualinvoke conn.<java.net.URLConnection: java.lang.String getHeaderField(java.lang.String)>(field)	timediff:0
I/System.out(31550): body:<empirical.HelperClass: java.lang.String getHeaderField(java.net.URLConnection,java.lang.String)>	sig:data = virtualinvoke conn.<java.net.URLConnection: java.lang.String getHeaderField(java.lang.String)>(field)	timediff:0
I/System.out(31550): body:<empirical.HelperClass: java.lang.String getHeaderField(java.net.URLConnection,java.lang.String)>	sig:data = virtualinvoke conn.<java.net.URLConnection: java.lang.String getHeaderField(java.lang.String)>(field)	timediff:0
I/System.out(31550): body:<empirical.HelperClass: java.lang.String getHeaderField(java.net.URLConnection,java.lang.String)>	sig:data = virtualinvoke conn.<java.net.URLConnection: java.lang.String getHeaderField(java.lang.String)>(field)	timediff:0
I/System.out(31550): URLConn;%;22;%;<cz.seznam.net.NativeHttpClient: byte[] readLine(long)>;%;$r6 = virtualinvoke $r5.<java.net.HttpURLConnection: java.io.InputStream getInputStream()>();%;https://www.windy.com/tiles/samavoda.png;%;false;%;169;%;max-age=63072000;%;Sun, 26 Jan 2020 07:35:18 GMT;%;6700038;%;Not found
I/System.out(31550): body:<cz.seznam.net.NativeHttpClient: int getResponseCode()>	sig:$i0 = virtualinvoke $r2.<java.net.HttpURLConnection: int getResponseCode()>()	timediff:0
D/CAndroidHttpClient(31550): ctor()
I/System.out(31550): body:<cz.seznam.net.NativeHttpClient: boolean open(int,java.lang.String)>	sig:specialinvoke $r4.<java.net.URL: void <init>(java.lang.String)>($r1)	timediff:0
I/System.out(31550): <cz.seznam.net.NativeHttpClient: boolean open(int,java.lang.String)>###specialinvoke $r4.<java.net.URL: void <init>(java.lang.String)>($r1)###https://tiles1.windytv.com/tiles/v6/7/17/48.jpg
I/System.out(31550): body:<cz.seznam.net.NativeHttpClient: boolean open(int,java.lang.String)>	sig:$r5 = virtualinvoke $r4.<java.net.URL: java.net.URLConnection openConnection()>()	timediff:0
I/System.out(31550): body:<cz.seznam.net.NativeHttpClient: boolean open(int,java.lang.String)>	sig:virtualinvoke $r6.<java.net.HttpURLConnection: void setConnectTimeout(int)>($i0)	timediff:0
I/System.out(31550): body:<cz.seznam.net.NativeHttpClient: boolean open(int,java.lang.String)>	sig:virtualinvoke $r6.<java.net.HttpURLConnection: void setReadTimeout(int)>($i0)	timediff:0
I/System.out(31550): body:<cz.seznam.net.NativeHttpClient: boolean open(int,java.lang.String)>	sig:virtualinvoke $r6.<java.net.HttpURLConnection: void setInstanceFollowRedirects(boolean)>(1)	timediff:0
I/System.out(31550): body:<cz.seznam.net.NativeHttpClient: boolean open(int,java.lang.String)>	sig:virtualinvoke $r6.<java.net.HttpURLConnection: void setRequestMethod(java.lang.String)>($r1)	timediff:0
W/InputMethodManagerService(  346): Window already focused, ignoring focus gain of: com.android.internal.view.IInputMethodClient$Stub$Proxy@4ad35598 attribute=android.view.inputmethod.EditorInfo@4ae9153c, token = android.os.BinderProxy@4ad693c4
I/System.out(31550): body:<cz.seznam.net.NativeHttpClient: boolean open(int,java.lang.String)>	sig:virtualinvoke $r6.<java.net.HttpURLConnection: void setDoInput(boolean)>(1)	timediff:0
I/System.out(31550): body:<cz.seznam.net.NativeHttpClient: boolean open(int,java.lang.String)>	sig:virtualinvoke $r6.<java.net.HttpURLConnection: void addRequestProperty(java.lang.String,java.lang.String)>($r1, $r11)	timediff:0
W/ViewRootImpl(31550): Dropping event due to no window focus: KeyEvent { action=ACTION_DOWN, keyCode=KEYCODE_BUTTON_L1, scanCode=0, metaState=0, flags=0x8, repeatCount=0, eventTime=5379430, downTime=5379430, deviceId=-1, source=0x101 }
I/ActivityManager(  346): START u0 {act=android.intent.action.MAIN cat=[android.intent.category.LAUNCHER] flg=0x10200000 cmp=com.windyty.android/com.windyty.StartActivity} from pid 31540
W/EGL_emulation(31550): eglSurfaceAttrib not implemented 3093 12436
W/ViewRootImpl(31550): Dropping event due to no window focus: KeyEvent { action=ACTION_DOWN, keyCode=KEYCODE_MOVE_HOME, scanCode=0, metaState=0, flags=0x8, repeatCount=0, eventTime=5379491, downTime=5379491, deviceId=-1, source=0x101 }
W/ViewRootImpl(31550): Dropping event due to no window focus: KeyEvent { action=ACTION_DOWN, keyCode=KEYCODE_DPAD_CENTER, scanCode=0, metaState=0, flags=0x8, repeatCount=0, eventTime=5379492, downTime=5379492, deviceId=-1, source=0x101 }
W/InputMethodManagerService(  346): Window already focused, ignoring focus gain of: com.android.internal.view.IInputMethodClient$Stub$Proxy@4ab3640c attribute=null, token = android.os.BinderProxy@4ad693c4
I/ActivityManager(  346): START u0 {act=android.intent.action.MAIN cat=[android.intent.category.LAUNCHER] flg=0x10200000 cmp=com.windyty.android/com.windyty.StartActivity} from pid 31540
I/System.out(31550): body:<cz.seznam.net.NativeHttpClient: byte[] readLine(long)>	sig:$i1 = virtualinvoke $r5.<java.net.HttpURLConnection: int getResponseCode()>()	timediff:197
I/System.out(31550): body:<cz.seznam.net.NativeHttpClient: byte[] readLine(long)>	sig:$r6 = virtualinvoke $r5.<java.net.HttpURLConnection: java.io.InputStream getInputStream()>()	timediff:0
I/System.out(31550): body:<empirical.HelperClass: void printURLInfo(java.lang.String,java.lang.String,java.net.URLConnection)>	sig:$r0 = virtualinvoke urlConnection.<java.net.URLConnection: java.net.URL getURL()>()	timediff:0
I/System.out(31550): body:<empirical.HelperClass: void printURLInfo(java.lang.String,java.lang.String,java.net.URLConnection)>	sig:urlString = virtualinvoke $r0.<java.net.URL: java.lang.String toString()>()	timediff:0
I/System.out(31550): body:<empirical.HelperClass: void printURLInfo(java.lang.String,java.lang.String,java.net.URLConnection)>	sig:isDoOutput = virtualinvoke urlConnection.<java.net.URLConnection: boolean getDoOutput()>()	timediff:0
I/System.out(31550): body:<empirical.HelperClass: java.lang.String getHeaderField(java.net.URLConnection,java.lang.String)>	sig:data = virtualinvoke conn.<java.net.URLConnection: java.lang.String getHeaderField(java.lang.String)>(field)	timediff:0
I/System.out(31550): body:<empirical.HelperClass: java.lang.String getHeaderField(java.net.URLConnection,java.lang.String)>	sig:data = virtualinvoke conn.<java.net.URLConnection: java.lang.String getHeaderField(java.lang.String)>(field)	timediff:0
I/System.out(31550): body:<empirical.HelperClass: java.lang.String getHeaderField(java.net.URLConnection,java.lang.String)>	sig:data = virtualinvoke conn.<java.net.URLConnection: java.lang.String getHeaderField(java.lang.String)>(field)	timediff:0
I/System.out(31550): body:<empirical.HelperClass: java.lang.String getHeaderField(java.net.URLConnection,java.lang.String)>	sig:data = virtualinvoke conn.<java.net.URLConnection: java.lang.String getHeaderField(java.lang.String)>(field)	timediff:0
I/System.out(31550): body:<empirical.HelperClass: java.lang.String getHeaderField(java.net.URLConnection,java.lang.String)>	sig:data = virtualinvoke conn.<java.net.URLConnection: java.lang.String getHeaderField(java.lang.String)>(field)	timediff:0
I/System.out(31550): URLConn;%;23;%;<cz.seznam.net.NativeHttpClient: byte[] readLine(long)>;%;$r6 = virtualinvoke $r5.<java.net.HttpURLConnection: java.io.InputStream getInputStream()>();%;https://www.windy.com/tiles/samavoda.png;%;false;%;169;%;max-age=63072000;%;Sun, 26 Jan 2020 07:35:18 GMT;%;6700038;%;Not found
I/System.out(31550): body:<cz.seznam.net.NativeHttpClient: int getResponseCode()>	sig:$i0 = virtualinvoke $r2.<java.net.HttpURLConnection: int getResponseCode()>()	timediff:0
D/CAndroidHttpClient(31550): ctor()
I/System.out(31550): body:<cz.seznam.net.NativeHttpClient: boolean open(int,java.lang.String)>	sig:specialinvoke $r4.<java.net.URL: void <init>(java.lang.String)>($r1)	timediff:0
I/System.out(31550): <cz.seznam.net.NativeHttpClient: boolean open(int,java.lang.String)>###specialinvoke $r4.<java.net.URL: void <init>(java.lang.String)>($r1)###https://tiles1.windytv.com/tiles/v6/7/18/44.jpg
I/System.out(31550): body:<cz.seznam.net.NativeHttpClient: boolean open(int,java.lang.String)>	sig:$r5 = virtualinvoke $r4.<java.net.URL: java.net.URLConnection openConnection()>()	timediff:0
I/System.out(31550): body:<cz.seznam.net.NativeHttpClient: boolean open(int,java.lang.String)>	sig:virtualinvoke $r6.<java.net.HttpURLConnection: void setConnectTimeout(int)>($i0)	timediff:0
I/System.out(31550): body:<cz.seznam.net.NativeHttpClient: boolean open(int,java.lang.String)>	sig:virtualinvoke $r6.<java.net.HttpURLConnection: void setReadTimeout(int)>($i0)	timediff:0
I/System.out(31550): body:<cz.seznam.net.NativeHttpClient: boolean open(int,java.lang.String)>	sig:virtualinvoke $r6.<java.net.HttpURLConnection: void setInstanceFollowRedirects(boolean)>(1)	timediff:0
I/System.out(31550): body:<cz.seznam.net.NativeHttpClient: boolean open(int,java.lang.String)>	sig:virtualinvoke $r6.<java.net.HttpURLConnection: void setRequestMethod(java.lang.String)>($r1)	timediff:0
I/System.out(31550): body:<cz.seznam.net.NativeHttpClient: boolean open(int,java.lang.String)>	sig:virtualinvoke $r6.<java.net.HttpURLConnection: void setDoInput(boolean)>(1)	timediff:0
I/System.out(31550): body:<cz.seznam.net.NativeHttpClient: boolean open(int,java.lang.String)>	sig:virtualinvoke $r6.<java.net.HttpURLConnection: void addRequestProperty(java.lang.String,java.lang.String)>($r1, $r11)	timediff:0
I/System.out(31550): body:<cz.seznam.net.NativeHttpClient: byte[] readLine(long)>	sig:$i1 = virtualinvoke $r5.<java.net.HttpURLConnection: int getResponseCode()>()	timediff:158
I/System.out(31550): body:<cz.seznam.net.NativeHttpClient: byte[] readLine(long)>	sig:$r6 = virtualinvoke $r5.<java.net.HttpURLConnection: java.io.InputStream getInputStream()>()	timediff:0
I/System.out(31550): body:<empirical.HelperClass: void printURLInfo(java.lang.String,java.lang.String,java.net.URLConnection)>	sig:$r0 = virtualinvoke urlConnection.<java.net.URLConnection: java.net.URL getURL()>()	timediff:0
I/System.out(31550): body:<empirical.HelperClass: void printURLInfo(java.lang.String,java.lang.String,java.net.URLConnection)>	sig:urlString = virtualinvoke $r0.<java.net.URL: java.lang.String toString()>()	timediff:0
I/System.out(31550): body:<empirical.HelperClass: void printURLInfo(java.lang.String,java.lang.String,java.net.URLConnection)>	sig:isDoOutput = virtualinvoke urlConnection.<java.net.URLConnection: boolean getDoOutput()>()	timediff:0
I/System.out(31550): body:<empirical.HelperClass: java.lang.String getHeaderField(java.net.URLConnection,java.lang.String)>	sig:data = virtualinvoke conn.<java.net.URLConnection: java.lang.String getHeaderField(java.lang.String)>(field)	timediff:0
I/System.out(31550): body:<empirical.HelperClass: java.lang.String getHeaderField(java.net.URLConnection,java.lang.String)>	sig:data = virtualinvoke conn.<java.net.URLConnection: java.lang.String getHeaderField(java.lang.String)>(field)	timediff:0
I/System.out(31550): body:<empirical.HelperClass: java.lang.String getHeaderField(java.net.URLConnection,java.lang.String)>	sig:data = virtualinvoke conn.<java.net.URLConnection: java.lang.String getHeaderField(java.lang.String)>(field)	timediff:0
I/System.out(31550): body:<empirical.HelperClass: java.lang.String getHeaderField(java.net.URLConnection,java.lang.String)>	sig:data = virtualinvoke conn.<java.net.URLConnection: java.lang.String getHeaderField(java.lang.String)>(field)	timediff:0
I/System.out(31550): body:<empirical.HelperClass: java.lang.String getHeaderField(java.net.URLConnection,java.lang.String)>	sig:data = virtualinvoke conn.<java.net.URLConnection: java.lang.String getHeaderField(java.lang.String)>(field)	timediff:0
I/System.out(31550): URLConn;%;24;%;<cz.seznam.net.NativeHttpClient: byte[] readLine(long)>;%;$r6 = virtualinvoke $r5.<java.net.HttpURLConnection: java.io.InputStream getInputStream()>();%;https://www.windy.com/tiles/samavoda.png;%;false;%;169;%;max-age=63072000;%;Sun, 26 Jan 2020 07:35:18 GMT;%;6700038;%;Not found
I/System.out(31550): body:<cz.seznam.net.NativeHttpClient: int getResponseCode()>	sig:$i0 = virtualinvoke $r2.<java.net.HttpURLConnection: int getResponseCode()>()	timediff:0
D/CAndroidHttpClient(31550): ctor()
I/System.out(31550): body:<cz.seznam.net.NativeHttpClient: boolean open(int,java.lang.String)>	sig:specialinvoke $r4.<java.net.URL: void <init>(java.lang.String)>($r1)	timediff:0
I/System.out(31550): <cz.seznam.net.NativeHttpClient: boolean open(int,java.lang.String)>###specialinvoke $r4.<java.net.URL: void <init>(java.lang.String)>($r1)###https://tiles1.windytv.com/tiles/v6/7/17/44.jpg
I/System.out(31550): body:<cz.seznam.net.NativeHttpClient: boolean open(int,java.lang.String)>	sig:$r5 = virtualinvoke $r4.<java.net.URL: java.net.URLConnection openConnection()>()	timediff:0
I/System.out(31550): body:<cz.seznam.net.NativeHttpClient: boolean open(int,java.lang.String)>	sig:virtualinvoke $r6.<java.net.HttpURLConnection: void setConnectTimeout(int)>($i0)	timediff:0
I/System.out(31550): body:<cz.seznam.net.NativeHttpClient: boolean open(int,java.lang.String)>	sig:virtualinvoke $r6.<java.net.HttpURLConnection: void setReadTimeout(int)>($i0)	timediff:0
I/System.out(31550): body:<cz.seznam.net.NativeHttpClient: boolean open(int,java.lang.String)>	sig:virtualinvoke $r6.<java.net.HttpURLConnection: void setInstanceFollowRedirects(boolean)>(1)	timediff:0
I/System.out(31550): body:<cz.seznam.net.NativeHttpClient: boolean open(int,java.lang.String)>	sig:virtualinvoke $r6.<java.net.HttpURLConnection: void setRequestMethod(java.lang.String)>($r1)	timediff:0
I/System.out(31550): body:<cz.seznam.net.NativeHttpClient: boolean open(int,java.lang.String)>	sig:virtualinvoke $r6.<java.net.HttpURLConnection: void setDoInput(boolean)>(1)	timediff:0
I/System.out(31550): body:<cz.seznam.net.NativeHttpClient: boolean open(int,java.lang.String)>	sig:virtualinvoke $r6.<java.net.HttpURLConnection: void addRequestProperty(java.lang.String,java.lang.String)>($r1, $r11)	timediff:0
I/System.out(31550): body:<cz.seznam.net.NativeHttpClient: byte[] readLine(long)>	sig:$i1 = virtualinvoke $r5.<java.net.HttpURLConnection: int getResponseCode()>()	timediff:83
I/System.out(31550): body:<cz.seznam.net.NativeHttpClient: byte[] readLine(long)>	sig:$r6 = virtualinvoke $r5.<java.net.HttpURLConnection: java.io.InputStream getInputStream()>()	timediff:0
I/System.out(31550): body:<empirical.HelperClass: void printURLInfo(java.lang.String,java.lang.String,java.net.URLConnection)>	sig:$r0 = virtualinvoke urlConnection.<java.net.URLConnection: java.net.URL getURL()>()	timediff:0
I/System.out(31550): body:<empirical.HelperClass: void printURLInfo(java.lang.String,java.lang.String,java.net.URLConnection)>	sig:urlString = virtualinvoke $r0.<java.net.URL: java.lang.String toString()>()	timediff:0
I/System.out(31550): body:<empirical.HelperClass: void printURLInfo(java.lang.String,java.lang.String,java.net.URLConnection)>	sig:isDoOutput = virtualinvoke urlConnection.<java.net.URLConnection: boolean getDoOutput()>()	timediff:0
I/System.out(31550): body:<empirical.HelperClass: java.lang.String getHeaderField(java.net.URLConnection,java.lang.String)>	sig:data = virtualinvoke conn.<java.net.URLConnection: java.lang.String getHeaderField(java.lang.String)>(field)	timediff:0
I/System.out(31550): body:<empirical.HelperClass: java.lang.String getHeaderField(java.net.URLConnection,java.lang.String)>	sig:data = virtualinvoke conn.<java.net.URLConnection: java.lang.String getHeaderField(java.lang.String)>(field)	timediff:0
I/System.out(31550): body:<empirical.HelperClass: java.lang.String getHeaderField(java.net.URLConnection,java.lang.String)>	sig:data = virtualinvoke conn.<java.net.URLConnection: java.lang.String getHeaderField(java.lang.String)>(field)	timediff:0
I/System.out(31550): body:<empirical.HelperClass: java.lang.String getHeaderField(java.net.URLConnection,java.lang.String)>	sig:data = virtualinvoke conn.<java.net.URLConnection: java.lang.String getHeaderField(java.lang.String)>(field)	timediff:0
I/System.out(31550): body:<empirical.HelperClass: java.lang.String getHeaderField(java.net.URLConnection,java.lang.String)>	sig:data = virtualinvoke conn.<java.net.URLConnection: java.lang.String getHeaderField(java.lang.String)>(field)	timediff:0
I/System.out(31550): URLConn;%;25;%;<cz.seznam.net.NativeHttpClient: byte[] readLine(long)>;%;$r6 = virtualinvoke $r5.<java.net.HttpURLConnection: java.io.InputStream getInputStream()>();%;https://www.windy.com/tiles/samavoda.png;%;false;%;169;%;max-age=63072000;%;Sun, 26 Jan 2020 07:35:18 GMT;%;6700038;%;Not found
I/System.out(31550): body:<cz.seznam.net.NativeHttpClient: int getResponseCode()>	sig:$i0 = virtualinvoke $r2.<java.net.HttpURLConnection: int getResponseCode()>()	timediff:0
V/PanelView(  531): animationTick called with dtms=0; nothing to do (h=0.0 v=-0.0)
D/CAndroidHttpClient(31550): ctor()
I/System.out(31550): body:<cz.seznam.net.NativeHttpClient: boolean open(int,java.lang.String)>	sig:specialinvoke $r4.<java.net.URL: void <init>(java.lang.String)>($r1)	timediff:0
I/System.out(31550): <cz.seznam.net.NativeHttpClient: boolean open(int,java.lang.String)>###specialinvoke $r4.<java.net.URL: void <init>(java.lang.String)>($r1)###https://tiles1.windytv.com/tiles/v6/8/35/90.jpg
I/System.out(31550): body:<cz.seznam.net.NativeHttpClient: boolean open(int,java.lang.String)>	sig:$r5 = virtualinvoke $r4.<java.net.URL: java.net.URLConnection openConnection()>()	timediff:1
I/System.out(31550): body:<cz.seznam.net.NativeHttpClient: boolean open(int,java.lang.String)>	sig:virtualinvoke $r6.<java.net.HttpURLConnection: void setConnectTimeout(int)>($i0)	timediff:0
I/System.out(31550): body:<cz.seznam.net.NativeHttpClient: boolean open(int,java.lang.String)>	sig:virtualinvoke $r6.<java.net.HttpURLConnection: void setReadTimeout(int)>($i0)	timediff:0
I/System.out(31550): body:<cz.seznam.net.NativeHttpClient: boolean open(int,java.lang.String)>	sig:virtualinvoke $r6.<java.net.HttpURLConnection: void setInstanceFollowRedirects(boolean)>(1)	timediff:0
I/System.out(31550): body:<cz.seznam.net.NativeHttpClient: boolean open(int,java.lang.String)>	sig:virtualinvoke $r6.<java.net.HttpURLConnection: void setRequestMethod(java.lang.String)>($r1)	timediff:0
I/System.out(31550): body:<cz.seznam.net.NativeHttpClient: boolean open(int,java.lang.String)>	sig:virtualinvoke $r6.<java.net.HttpURLConnection: void setDoInput(boolean)>(1)	timediff:0
I/System.out(31550): body:<cz.seznam.net.NativeHttpClient: boolean open(int,java.lang.String)>	sig:virtualinvoke $r6.<java.net.HttpURLConnection: void addRequestProperty(java.lang.String,java.lang.String)>($r1, $r11)	timediff:0
I/System.out(31550): body:<cz.seznam.net.NativeHttpClient: byte[] readLine(long)>	sig:$i1 = virtualinvoke $r5.<java.net.HttpURLConnection: int getResponseCode()>()	timediff:85
I/System.out(31550): body:<cz.seznam.net.NativeHttpClient: byte[] readLine(long)>	sig:$r6 = virtualinvoke $r5.<java.net.HttpURLConnection: java.io.InputStream getInputStream()>()	timediff:0
I/System.out(31550): body:<empirical.HelperClass: void printURLInfo(java.lang.String,java.lang.String,java.net.URLConnection)>	sig:$r0 = virtualinvoke urlConnection.<java.net.URLConnection: java.net.URL getURL()>()	timediff:0
I/System.out(31550): body:<empirical.HelperClass: void printURLInfo(java.lang.String,java.lang.String,java.net.URLConnection)>	sig:urlString = virtualinvoke $r0.<java.net.URL: java.lang.String toString()>()	timediff:0
I/System.out(31550): body:<empirical.HelperClass: void printURLInfo(java.lang.String,java.lang.String,java.net.URLConnection)>	sig:isDoOutput = virtualinvoke urlConnection.<java.net.URLConnection: boolean getDoOutput()>()	timediff:0
I/System.out(31550): body:<empirical.HelperClass: java.lang.String getHeaderField(java.net.URLConnection,java.lang.String)>	sig:data = virtualinvoke conn.<java.net.URLConnection: java.lang.String getHeaderField(java.lang.String)>(field)	timediff:0
I/System.out(31550): body:<empirical.HelperClass: java.lang.String getHeaderField(java.net.URLConnection,java.lang.String)>	sig:data = virtualinvoke conn.<java.net.URLConnection: java.lang.String getHeaderField(java.lang.String)>(field)	timediff:0
I/System.out(31550): body:<empirical.HelperClass: java.lang.String getHeaderField(java.net.URLConnection,java.lang.String)>	sig:data = virtualinvoke conn.<java.net.URLConnection: java.lang.String getHeaderField(java.lang.String)>(field)	timediff:0
I/System.out(31550): body:<empirical.HelperClass: java.lang.String getHeaderField(java.net.URLConnection,java.lang.String)>	sig:data = virtualinvoke conn.<java.net.URLConnection: java.lang.String getHeaderField(java.lang.String)>(field)	timediff:0
I/System.out(31550): body:<empirical.HelperClass: java.lang.String getHeaderField(java.net.URLConnection,java.lang.String)>	sig:data = virtualinvoke conn.<java.net.URLConnection: java.lang.String getHeaderField(java.lang.String)>(field)	timediff:0
I/System.out(31550): URLConn;%;26;%;<cz.seznam.net.NativeHttpClient: byte[] readLine(long)>;%;$r6 = virtualinvoke $r5.<java.net.HttpURLConnection: java.io.InputStream getInputStream()>();%;https://www.windy.com/tiles/samavoda.png;%;false;%;169;%;max-age=63072000;%;Sun, 26 Jan 2020 07:35:18 GMT;%;6700038;%;Not found
I/System.out(31550): body:<cz.seznam.net.NativeHttpClient: int getResponseCode()>	sig:$i0 = virtualinvoke $r2.<java.net.HttpURLConnection: int getResponseCode()>()	timediff:0
D/dalvikvm(31550): GC_CONCURRENT freed 663K, 12% free 5409K/6136K, paused 1ms+1ms, total 8ms
D/CAndroidHttpClient(31550): ctor()
I/System.out(31550): body:<cz.seznam.net.NativeHttpClient: boolean open(int,java.lang.String)>	sig:specialinvoke $r4.<java.net.URL: void <init>(java.lang.String)>($r1)	timediff:1
I/System.out(31550): <cz.seznam.net.NativeHttpClient: boolean open(int,java.lang.String)>###specialinvoke $r4.<java.net.URL: void <init>(java.lang.String)>($r1)###https://tiles1.windytv.com/tiles/v6/8/36/90.jpg
I/System.out(31550): body:<cz.seznam.net.NativeHttpClient: boolean open(int,java.lang.String)>	sig:$r5 = virtualinvoke $r4.<java.net.URL: java.net.URLConnection openConnection()>()	timediff:0
I/System.out(31550): body:<cz.seznam.net.NativeHttpClient: boolean open(int,java.lang.String)>	sig:virtualinvoke $r6.<java.net.HttpURLConnection: void setConnectTimeout(int)>($i0)	timediff:0
I/System.out(31550): body:<cz.seznam.net.NativeHttpClient: boolean open(int,java.lang.String)>	sig:virtualinvoke $r6.<java.net.HttpURLConnection: void setReadTimeout(int)>($i0)	timediff:0
I/System.out(31550): body:<cz.seznam.net.NativeHttpClient: boolean open(int,java.lang.String)>	sig:virtualinvoke $r6.<java.net.HttpURLConnection: void setInstanceFollowRedirects(boolean)>(1)	timediff:0
I/System.out(31550): body:<cz.seznam.net.NativeHttpClient: boolean open(int,java.lang.String)>	sig:virtualinvoke $r6.<java.net.HttpURLConnection: void setRequestMethod(java.lang.String)>($r1)	timediff:0
I/System.out(31550): body:<cz.seznam.net.NativeHttpClient: boolean open(int,java.lang.String)>	sig:virtualinvoke $r6.<java.net.HttpURLConnection: void setDoInput(boolean)>(1)	timediff:0
I/System.out(31550): body:<cz.seznam.net.NativeHttpClient: boolean open(int,java.lang.String)>	sig:virtualinvoke $r6.<java.net.HttpURLConnection: void addRequestProperty(java.lang.String,java.lang.String)>($r1, $r11)	timediff:0
I/System.out(31550): body:<cz.seznam.net.NativeHttpClient: byte[] readLine(long)>	sig:$i1 = virtualinvoke $r5.<java.net.HttpURLConnection: int getResponseCode()>()	timediff:152
I/System.out(31550): body:<cz.seznam.net.NativeHttpClient: byte[] readLine(long)>	sig:$r6 = virtualinvoke $r5.<java.net.HttpURLConnection: java.io.InputStream getInputStream()>()	timediff:0
I/System.out(31550): body:<empirical.HelperClass: void printURLInfo(java.lang.String,java.lang.String,java.net.URLConnection)>	sig:$r0 = virtualinvoke urlConnection.<java.net.URLConnection: java.net.URL getURL()>()	timediff:0
I/System.out(31550): body:<empirical.HelperClass: void printURLInfo(java.lang.String,java.lang.String,java.net.URLConnection)>	sig:urlString = virtualinvoke $r0.<java.net.URL: java.lang.String toString()>()	timediff:0
I/System.out(31550): body:<empirical.HelperClass: void printURLInfo(java.lang.String,java.lang.String,java.net.URLConnection)>	sig:isDoOutput = virtualinvoke urlConnection.<java.net.URLConnection: boolean getDoOutput()>()	timediff:0
I/System.out(31550): body:<empirical.HelperClass: java.lang.String getHeaderField(java.net.URLConnection,java.lang.String)>	sig:data = virtualinvoke conn.<java.net.URLConnection: java.lang.String getHeaderField(java.lang.String)>(field)	timediff:0
I/System.out(31550): body:<empirical.HelperClass: java.lang.String getHeaderField(java.net.URLConnection,java.lang.String)>	sig:data = virtualinvoke conn.<java.net.URLConnection: java.lang.String getHeaderField(java.lang.String)>(field)	timediff:0
I/System.out(31550): body:<empirical.HelperClass: java.lang.String getHeaderField(java.net.URLConnection,java.lang.String)>	sig:data = virtualinvoke conn.<java.net.URLConnection: java.lang.String getHeaderField(java.lang.String)>(field)	timediff:0
I/System.out(31550): body:<empirical.HelperClass: java.lang.String getHeaderField(java.net.URLConnection,java.lang.String)>	sig:data = virtualinvoke conn.<java.net.URLConnection: java.lang.String getHeaderField(java.lang.String)>(field)	timediff:0
I/System.out(31550): body:<empirical.HelperClass: java.lang.String getHeaderField(java.net.URLConnection,java.lang.String)>	sig:data = virtualinvoke conn.<java.net.URLConnection: java.lang.String getHeaderField(java.lang.String)>(field)	timediff:0
I/System.out(31550): URLConn;%;27;%;<cz.seznam.net.NativeHttpClient: byte[] readLine(long)>;%;$r6 = virtualinvoke $r5.<java.net.HttpURLConnection: java.io.InputStream getInputStream()>();%;https://www.windy.com/tiles/samavoda.png;%;false;%;169;%;max-age=63072000;%;Sun, 26 Jan 2020 07:35:18 GMT;%;6700038;%;Not found
I/System.out(31550): body:<cz.seznam.net.NativeHttpClient: int getResponseCode()>	sig:$i0 = virtualinvoke $r2.<java.net.HttpURLConnection: int getResponseCode()>()	timediff:0
D/CAndroidHttpClient(31550): ctor()
I/System.out(31550): body:<cz.seznam.net.NativeHttpClient: boolean open(int,java.lang.String)>	sig:specialinvoke $r4.<java.net.URL: void <init>(java.lang.String)>($r1)	timediff:0
I/System.out(31550): <cz.seznam.net.NativeHttpClient: boolean open(int,java.lang.String)>###specialinvoke $r4.<java.net.URL: void <init>(java.lang.String)>($r1)###https://tiles1.windytv.com/tiles/v6/8/37/90.jpg
I/System.out(31550): body:<cz.seznam.net.NativeHttpClient: boolean open(int,java.lang.String)>	sig:$r5 = virtualinvoke $r4.<java.net.URL: java.net.URLConnection openConnection()>()	timediff:0
I/System.out(31550): body:<cz.seznam.net.NativeHttpClient: boolean open(int,java.lang.String)>	sig:virtualinvoke $r6.<java.net.HttpURLConnection: void setConnectTimeout(int)>($i0)	timediff:0
I/System.out(31550): body:<cz.seznam.net.NativeHttpClient: boolean open(int,java.lang.String)>	sig:virtualinvoke $r6.<java.net.HttpURLConnection: void setReadTimeout(int)>($i0)	timediff:0
I/System.out(31550): body:<cz.seznam.net.NativeHttpClient: boolean open(int,java.lang.String)>	sig:virtualinvoke $r6.<java.net.HttpURLConnection: void setInstanceFollowRedirects(boolean)>(1)	timediff:0
I/System.out(31550): body:<cz.seznam.net.NativeHttpClient: boolean open(int,java.lang.String)>	sig:virtualinvoke $r6.<java.net.HttpURLConnection: void setRequestMethod(java.lang.String)>($r1)	timediff:0
I/System.out(31550): body:<cz.seznam.net.NativeHttpClient: boolean open(int,java.lang.String)>	sig:virtualinvoke $r6.<java.net.HttpURLConnection: void setDoInput(boolean)>(1)	timediff:0
I/System.out(31550): body:<cz.seznam.net.NativeHttpClient: boolean open(int,java.lang.String)>	sig:virtualinvoke $r6.<java.net.HttpURLConnection: void addRequestProperty(java.lang.String,java.lang.String)>($r1, $r11)	timediff:0
I/System.out(31550): body:<cz.seznam.net.NativeHttpClient: byte[] readLine(long)>	sig:$i1 = virtualinvoke $r5.<java.net.HttpURLConnection: int getResponseCode()>()	timediff:77
I/System.out(31550): body:<cz.seznam.net.NativeHttpClient: byte[] readLine(long)>	sig:$r6 = virtualinvoke $r5.<java.net.HttpURLConnection: java.io.InputStream getInputStream()>()	timediff:0
I/System.out(31550): body:<empirical.HelperClass: void printURLInfo(java.lang.String,java.lang.String,java.net.URLConnection)>	sig:$r0 = virtualinvoke urlConnection.<java.net.URLConnection: java.net.URL getURL()>()	timediff:0
I/System.out(31550): body:<empirical.HelperClass: void printURLInfo(java.lang.String,java.lang.String,java.net.URLConnection)>	sig:urlString = virtualinvoke $r0.<java.net.URL: java.lang.String toString()>()	timediff:0
I/System.out(31550): body:<empirical.HelperClass: void printURLInfo(java.lang.String,java.lang.String,java.net.URLConnection)>	sig:isDoOutput = virtualinvoke urlConnection.<java.net.URLConnection: boolean getDoOutput()>()	timediff:0
I/System.out(31550): body:<empirical.HelperClass: java.lang.String getHeaderField(java.net.URLConnection,java.lang.String)>	sig:data = virtualinvoke conn.<java.net.URLConnection: java.lang.String getHeaderField(java.lang.String)>(field)	timediff:0
I/System.out(31550): body:<empirical.HelperClass: java.lang.String getHeaderField(java.net.URLConnection,java.lang.String)>	sig:data = virtualinvoke conn.<java.net.URLConnection: java.lang.String getHeaderField(java.lang.String)>(field)	timediff:1
I/System.out(31550): body:<empirical.HelperClass: java.lang.String getHeaderField(java.net.URLConnection,java.lang.String)>	sig:data = virtualinvoke conn.<java.net.URLConnection: java.lang.String getHeaderField(java.lang.String)>(field)	timediff:0
I/System.out(31550): body:<empirical.HelperClass: java.lang.String getHeaderField(java.net.URLConnection,java.lang.String)>	sig:data = virtualinvoke conn.<java.net.URLConnection: java.lang.String getHeaderField(java.lang.String)>(field)	timediff:0
I/System.out(31550): body:<empirical.HelperClass: java.lang.String getHeaderField(java.net.URLConnection,java.lang.String)>	sig:data = virtualinvoke conn.<java.net.URLConnection: java.lang.String getHeaderField(java.lang.String)>(field)	timediff:0
I/System.out(31550): URLConn;%;28;%;<cz.seznam.net.NativeHttpClient: byte[] readLine(long)>;%;$r6 = virtualinvoke $r5.<java.net.HttpURLConnection: java.io.InputStream getInputStream()>();%;https://www.windy.com/tiles/samavoda.png;%;false;%;169;%;max-age=63072000;%;Sun, 26 Jan 2020 07:35:18 GMT;%;6700038;%;Not found
I/System.out(31550): body:<cz.seznam.net.NativeHttpClient: int getResponseCode()>	sig:$i0 = virtualinvoke $r2.<java.net.HttpURLConnection: int getResponseCode()>()	timediff:0
I/System.out(31550): body:<cz.seznam.net.NativeHttpClient: byte[] readLine(long)>	sig:$i1 = virtualinvoke $r5.<java.net.HttpURLConnection: int getResponseCode()>()	timediff:290
I/System.out(31550): body:<cz.seznam.net.NativeHttpClient: byte[] readLine(long)>	sig:$r6 = virtualinvoke $r5.<java.net.HttpURLConnection: java.io.InputStream getInputStream()>()	timediff:0
I/System.out(31550): body:<empirical.HelperClass: void printURLInfo(java.lang.String,java.lang.String,java.net.URLConnection)>	sig:$r0 = virtualinvoke urlConnection.<java.net.URLConnection: java.net.URL getURL()>()	timediff:0
I/System.out(31550): body:<empirical.HelperClass: void printURLInfo(java.lang.String,java.lang.String,java.net.URLConnection)>	sig:urlString = virtualinvoke $r0.<java.net.URL: java.lang.String toString()>()	timediff:0
I/System.out(31550): body:<empirical.HelperClass: void printURLInfo(java.lang.String,java.lang.String,java.net.URLConnection)>	sig:isDoOutput = virtualinvoke urlConnection.<java.net.URLConnection: boolean getDoOutput()>()	timediff:0
I/System.out(31550): body:<empirical.HelperClass: java.lang.String getHeaderField(java.net.URLConnection,java.lang.String)>	sig:data = virtualinvoke conn.<java.net.URLConnection: java.lang.String getHeaderField(java.lang.String)>(field)	timediff:0
I/System.out(31550): body:<empirical.HelperClass: java.lang.String getHeaderField(java.net.URLConnection,java.lang.String)>	sig:data = virtualinvoke conn.<java.net.URLConnection: java.lang.String getHeaderField(java.lang.String)>(field)	timediff:0
I/System.out(31550): body:<empirical.HelperClass: java.lang.String getHeaderField(java.net.URLConnection,java.lang.String)>	sig:data = virtualinvoke conn.<java.net.URLConnection: java.lang.String getHeaderField(java.lang.String)>(field)	timediff:0
I/System.out(31550): body:<empirical.HelperClass: java.lang.String getHeaderField(java.net.URLConnection,java.lang.String)>	sig:data = virtualinvoke conn.<java.net.URLConnection: java.lang.String getHeaderField(java.lang.String)>(field)	timediff:0
I/System.out(31550): body:<empirical.HelperClass: java.lang.String getHeaderField(java.net.URLConnection,java.lang.String)>	sig:data = virtualinvoke conn.<java.net.URLConnection: java.lang.String getHeaderField(java.lang.String)>(field)	timediff:0
I/System.out(31550): URLConn;%;29;%;<cz.seznam.net.NativeHttpClient: byte[] readLine(long)>;%;$r6 = virtualinvoke $r5.<java.net.HttpURLConnection: java.io.InputStream getInputStream()>();%;https://www.windy.com/tiles/samavoda.png;%;false;%;169;%;max-age=63072000;%;Sun, 26 Jan 2020 07:35:18 GMT;%;6700038;%;Not found
I/System.out(31550): body:<cz.seznam.net.NativeHttpClient: int getResponseCode()>	sig:$i0 = virtualinvoke $r2.<java.net.HttpURLConnection: int getResponseCode()>()	timediff:0
D/CAndroidHttpClient(31550): ctor()
I/System.out(31550): body:<cz.seznam.net.NativeHttpClient: boolean open(int,java.lang.String)>	sig:specialinvoke $r4.<java.net.URL: void <init>(java.lang.String)>($r1)	timediff:0
I/System.out(31550): <cz.seznam.net.NativeHttpClient: boolean open(int,java.lang.String)>###specialinvoke $r4.<java.net.URL: void <init>(java.lang.String)>($r1)###https://tiles1.windytv.com/tiles/v6/8/37/91.jpg
I/System.out(31550): body:<cz.seznam.net.NativeHttpClient: boolean open(int,java.lang.String)>	sig:$r5 = virtualinvoke $r4.<java.net.URL: java.net.URLConnection openConnection()>()	timediff:0
I/System.out(31550): body:<cz.seznam.net.NativeHttpClient: boolean open(int,java.lang.String)>	sig:virtualinvoke $r6.<java.net.HttpURLConnection: void setConnectTimeout(int)>($i0)	timediff:0
I/System.out(31550): body:<cz.seznam.net.NativeHttpClient: boolean open(int,java.lang.String)>	sig:virtualinvoke $r6.<java.net.HttpURLConnection: void setReadTimeout(int)>($i0)	timediff:1
I/System.out(31550): body:<cz.seznam.net.NativeHttpClient: boolean open(int,java.lang.String)>	sig:virtualinvoke $r6.<java.net.HttpURLConnection: void setInstanceFollowRedirects(boolean)>(1)	timediff:0
I/System.out(31550): body:<cz.seznam.net.NativeHttpClient: boolean open(int,java.lang.String)>	sig:virtualinvoke $r6.<java.net.HttpURLConnection: void setRequestMethod(java.lang.String)>($r1)	timediff:0
I/System.out(31550): body:<cz.seznam.net.NativeHttpClient: boolean open(int,java.lang.String)>	sig:virtualinvoke $r6.<java.net.HttpURLConnection: void setDoInput(boolean)>(1)	timediff:0
I/System.out(31550): body:<cz.seznam.net.NativeHttpClient: boolean open(int,java.lang.String)>	sig:virtualinvoke $r6.<java.net.HttpURLConnection: void addRequestProperty(java.lang.String,java.lang.String)>($r1, $r11)	timediff:0
D/CAndroidHttpClient(31550): ctor()
I/ActivityManager(  346): START u0 {act=android.intent.action.MAIN cat=[android.intent.category.LAUNCHER] flg=0x10200000 cmp=com.windyty.android/com.windyty.StartActivity} from pid 31540
I/System.out(31550): body:<cz.seznam.net.NativeHttpClient: boolean open(int,java.lang.String)>	sig:specialinvoke $r4.<java.net.URL: void <init>(java.lang.String)>($r1)	timediff:0
I/System.out(31550): <cz.seznam.net.NativeHttpClient: boolean open(int,java.lang.String)>###specialinvoke $r4.<java.net.URL: void <init>(java.lang.String)>($r1)###https://tiles1.windytv.com/tiles/v6/8/38/90.jpg
I/System.out(31550): body:<cz.seznam.net.NativeHttpClient: boolean open(int,java.lang.String)>	sig:$r5 = virtualinvoke $r4.<java.net.URL: java.net.URLConnection openConnection()>()	timediff:0
I/System.out(31550): body:<cz.seznam.net.NativeHttpClient: boolean open(int,java.lang.String)>	sig:virtualinvoke $r6.<java.net.HttpURLConnection: void setConnectTimeout(int)>($i0)	timediff:0
I/System.out(31550): body:<cz.seznam.net.NativeHttpClient: boolean open(int,java.lang.String)>	sig:virtualinvoke $r6.<java.net.HttpURLConnection: void setReadTimeout(int)>($i0)	timediff:0
I/System.out(31550): body:<cz.seznam.net.NativeHttpClient: boolean open(int,java.lang.String)>	sig:virtualinvoke $r6.<java.net.HttpURLConnection: void setInstanceFollowRedirects(boolean)>(1)	timediff:0
I/System.out(31550): body:<cz.seznam.net.NativeHttpClient: boolean open(int,java.lang.String)>	sig:virtualinvoke $r6.<java.net.HttpURLConnection: void setRequestMethod(java.lang.String)>($r1)	timediff:0
I/System.out(31550): body:<cz.seznam.net.NativeHttpClient: boolean open(int,java.lang.String)>	sig:virtualinvoke $r6.<java.net.HttpURLConnection: void setDoInput(boolean)>(1)	timediff:0
I/System.out(31550): body:<cz.seznam.net.NativeHttpClient: boolean open(int,java.lang.String)>	sig:virtualinvoke $r6.<java.net.HttpURLConnection: void addRequestProperty(java.lang.String,java.lang.String)>($r1, $r11)	timediff:0
I/AndroidRuntime(31540): VM exiting with result code 0.
I/System.out(31550): body:<cz.seznam.net.NativeHttpClient: byte[] readLine(long)>	sig:$i1 = virtualinvoke $r5.<java.net.HttpURLConnection: int getResponseCode()>()	timediff:86
I/System.out(31550): body:<cz.seznam.net.NativeHttpClient: byte[] readLine(long)>	sig:$r6 = virtualinvoke $r5.<java.net.HttpURLConnection: java.io.InputStream getInputStream()>()	timediff:0
I/System.out(31550): body:<empirical.HelperClass: void printURLInfo(java.lang.String,java.lang.String,java.net.URLConnection)>	sig:$r0 = virtualinvoke urlConnection.<java.net.URLConnection: java.net.URL getURL()>()	timediff:0
I/System.out(31550): body:<empirical.HelperClass: void printURLInfo(java.lang.String,java.lang.String,java.net.URLConnection)>	sig:urlString = virtualinvoke $r0.<java.net.URL: java.lang.String toString()>()	timediff:0
I/System.out(31550): body:<empirical.HelperClass: void printURLInfo(java.lang.String,java.lang.String,java.net.URLConnection)>	sig:isDoOutput = virtualinvoke urlConnection.<java.net.URLConnection: boolean getDoOutput()>()	timediff:0
I/System.out(31550): body:<empirical.HelperClass: java.lang.String getHeaderField(java.net.URLConnection,java.lang.String)>	sig:data = virtualinvoke conn.<java.net.URLConnection: java.lang.String getHeaderField(java.lang.String)>(field)	timediff:0
I/System.out(31550): body:<empirical.HelperClass: java.lang.String getHeaderField(java.net.URLConnection,java.lang.String)>	sig:data = virtualinvoke conn.<java.net.URLConnection: java.lang.String getHeaderField(java.lang.String)>(field)	timediff:0
I/System.out(31550): body:<empirical.HelperClass: java.lang.String getHeaderField(java.net.URLConnection,java.lang.String)>	sig:data = virtualinvoke conn.<java.net.URLConnection: java.lang.String getHeaderField(java.lang.String)>(field)	timediff:0
I/System.out(31550): body:<empirical.HelperClass: java.lang.String getHeaderField(java.net.URLConnection,java.lang.String)>	sig:data = virtualinvoke conn.<java.net.URLConnection: java.lang.String getHeaderField(java.lang.String)>(field)	timediff:0
I/System.out(31550): body:<empirical.HelperClass: java.lang.String getHeaderField(java.net.URLConnection,java.lang.String)>	sig:data = virtualinvoke conn.<java.net.URLConnection: java.lang.String getHeaderField(java.lang.String)>(field)	timediff:0
I/System.out(31550): URLConn;%;30;%;<cz.seznam.net.NativeHttpClient: byte[] readLine(long)>;%;$r6 = virtualinvoke $r5.<java.net.HttpURLConnection: java.io.InputStream getInputStream()>();%;https://www.windy.com/tiles/samavoda.png;%;false;%;169;%;max-age=63072000;%;Sun, 26 Jan 2020 07:35:18 GMT;%;6700038;%;Not found
I/System.out(31550): body:<cz.seznam.net.NativeHttpClient: int getResponseCode()>	sig:$i0 = virtualinvoke $r2.<java.net.HttpURLConnection: int getResponseCode()>()	timediff:0
D/CAndroidHttpClient(31550): ctor()
I/System.out(31550): body:<cz.seznam.net.NativeHttpClient: boolean open(int,java.lang.String)>	sig:specialinvoke $r4.<java.net.URL: void <init>(java.lang.String)>($r1)	timediff:0
I/System.out(31550): <cz.seznam.net.NativeHttpClient: boolean open(int,java.lang.String)>###specialinvoke $r4.<java.net.URL: void <init>(java.lang.String)>($r1)###https://tiles1.windytv.com/tiles/v6/8/37/89.jpg
I/System.out(31550): body:<cz.seznam.net.NativeHttpClient: boolean open(int,java.lang.String)>	sig:$r5 = virtualinvoke $r4.<java.net.URL: java.net.URLConnection openConnection()>()	timediff:0
I/System.out(31550): body:<cz.seznam.net.NativeHttpClient: boolean open(int,java.lang.String)>	sig:virtualinvoke $r6.<java.net.HttpURLConnection: void setConnectTimeout(int)>($i0)	timediff:0
I/System.out(31550): body:<cz.seznam.net.NativeHttpClient: boolean open(int,java.lang.String)>	sig:virtualinvoke $r6.<java.net.HttpURLConnection: void setReadTimeout(int)>($i0)	timediff:0
I/System.out(31550): body:<cz.seznam.net.NativeHttpClient: boolean open(int,java.lang.String)>	sig:virtualinvoke $r6.<java.net.HttpURLConnection: void setInstanceFollowRedirects(boolean)>(1)	timediff:0
I/System.out(31550): body:<cz.seznam.net.NativeHttpClient: boolean open(int,java.lang.String)>	sig:virtualinvoke $r6.<java.net.HttpURLConnection: void setRequestMethod(java.lang.String)>($r1)	timediff:0
I/System.out(31550): body:<cz.seznam.net.NativeHttpClient: boolean open(int,java.lang.String)>	sig:virtualinvoke $r6.<java.net.HttpURLConnection: void setDoInput(boolean)>(1)	timediff:0
I/System.out(31550): body:<cz.seznam.net.NativeHttpClient: boolean open(int,java.lang.String)>	sig:virtualinvoke $r6.<java.net.HttpURLConnection: void addRequestProperty(java.lang.String,java.lang.String)>($r1, $r11)	timediff:0
