D/dalvikvm(31550): GC_FOR_ALLOC freed 304K, 12% free 3805K/4296K, paused 4ms, total 4ms
D/dalvikvm(31550): GC_FOR_ALLOC freed 302K, 12% free 3806K/4296K, paused 2ms, total 2ms
D/dalvikvm(31550): GC_FOR_ALLOC freed 302K, 12% free 3806K/4296K, paused 2ms, total 2ms
D/dalvikvm(31550): GC_FOR_ALLOC freed 302K, 12% free 3806K/4296K, paused 2ms, total 2ms
D/dalvikvm(31550): GC_FOR_ALLOC freed 302K, 12% free 3806K/4296K, paused 2ms, total 3ms
D/dalvikvm(31550): GC_FOR_ALLOC freed 302K, 12% free 3806K/4296K, paused 3ms, total 3ms
D/dalvikvm(31550): GC_FOR_ALLOC freed 303K, 12% free 3805K/4296K, paused 2ms, total 2ms
D/dalvikvm(31550): GC_FOR_ALLOC freed 303K, 12% free 3806K/4296K, paused 2ms, total 2ms
D/dalvikvm(31550): GC_FOR_ALLOC freed 302K, 12% free 3806K/4296K, paused 2ms, total 2ms
D/dalvikvm(31550): GC_FOR_ALLOC freed 302K, 12% free 3806K/4296K, paused 2ms, total 2ms
D/dalvikvm(31550): GC_FOR_ALLOC freed 302K, 12% free 3806K/4296K, paused 2ms, total 2ms
D/dalvikvm(31550): GC_FOR_ALLOC freed 302K, 12% free 3806K/4296K, paused 2ms, total 2ms
D/dalvikvm(31550): GC_FOR_ALLOC freed 303K, 12% free 3805K/4296K, paused 2ms, total 2ms
D/dalvikvm(31550): GC_FOR_ALLOC freed 302K, 12% free 3806K/4296K, paused 1ms, total 1ms
D/dalvikvm(31550): GC_FOR_ALLOC freed 302K, 12% free 3806K/4296K, paused 1ms, total 1ms
D/dalvikvm(31550): GC_FOR_ALLOC freed 302K, 12% free 3806K/4296K, paused 2ms, total 2ms
D/dalvikvm(31550): GC_FOR_ALLOC freed 302K, 12% free 3806K/4296K, paused 2ms, total 2ms
D/dalvikvm(31550): GC_FOR_ALLOC freed 304K, 12% free 3805K/4296K, paused 2ms, total 3ms
D/dalvikvm(31550): GC_FOR_ALLOC freed 302K, 12% free 3805K/4296K, paused 2ms, total 2ms
D/dalvikvm(31550): GC_FOR_ALLOC freed 302K, 12% free 3806K/4296K, paused 2ms, total 2ms
D/dalvikvm(31550): GC_FOR_ALLOC freed 302K, 12% free 3806K/4296K, paused 1ms, total 2ms
D/dalvikvm(31550): GC_FOR_ALLOC freed 302K, 12% free 3806K/4296K, paused 1ms, total 2ms
D/dalvikvm(31550): GC_FOR_ALLOC freed 302K, 12% free 3806K/4296K, paused 2ms, total 2ms
D/dalvikvm(31550): GC_FOR_ALLOC freed 302K, 12% free 3806K/4296K, paused 3ms, total 3ms
D/dalvikvm(31550): GC_FOR_ALLOC freed 303K, 12% free 3805K/4296K, paused 2ms, total 2ms
D/dalvikvm(31550): GC_FOR_ALLOC freed 302K, 12% free 3806K/4296K, paused 1ms, total 1ms
D/dalvikvm(31550): GC_FOR_ALLOC freed 302K, 12% free 3806K/4296K, paused 1ms, total 1ms
D/dalvikvm(31550): GC_FOR_ALLOC freed 302K, 12% free 3806K/4296K, paused 1ms, total 1ms
D/dalvikvm(31550): GC_FOR_ALLOC freed 303K, 12% free 3806K/4296K, paused 2ms, total 2ms
D/dalvikvm(31550): GC_FOR_ALLOC freed 302K, 12% free 3806K/4296K, paused 2ms, total 2ms
D/dalvikvm(31550): GC_FOR_ALLOC freed 303K, 12% free 3805K/4296K, paused 2ms, total 2ms
D/dalvikvm(31550): GC_FOR_ALLOC freed 302K, 12% free 3806K/4296K, paused 1ms, total 1ms
D/dalvikvm(31550): GC_FOR_ALLOC freed 302K, 12% free 3806K/4296K, paused 1ms, total 1ms
D/dalvikvm(31550): GC_FOR_ALLOC freed 302K, 12% free 3806K/4296K, paused 1ms, total 1ms
D/dalvikvm(31550): GC_FOR_ALLOC freed 302K, 12% free 3806K/4296K, paused 2ms, total 2ms
D/dalvikvm(31550): GC_FOR_ALLOC freed 302K, 12% free 3806K/4296K, paused 2ms, total 2ms
D/dalvikvm(31550): GC_FOR_ALLOC freed 304K, 12% free 3805K/4296K, paused 2ms, total 2ms
D/dalvikvm(31550): GC_FOR_ALLOC freed 302K, 12% free 3806K/4296K, paused 2ms, total 2ms
D/dalvikvm(31550): GC_FOR_ALLOC freed 302K, 12% free 3806K/4296K, paused 2ms, total 2ms
D/dalvikvm(31550): GC_FOR_ALLOC freed 302K, 12% free 3806K/4296K, paused 2ms, total 3ms
D/dalvikvm(31550): GC_FOR_ALLOC freed 303K, 12% free 3805K/4296K, paused 3ms, total 3ms
D/dalvikvm(31550): GC_FOR_ALLOC freed 302K, 12% free 3805K/4296K, paused 2ms, total 2ms
D/dalvikvm(31550): GC_FOR_ALLOC freed 302K, 12% free 3806K/4296K, paused 1ms, total 1ms
D/dalvikvm(31550): GC_FOR_ALLOC freed 302K, 12% free 3806K/4296K, paused 2ms, total 2ms
D/dalvikvm(31550): GC_FOR_ALLOC freed 302K, 12% free 3806K/4296K, paused 2ms, total 2ms
D/dalvikvm(31550): GC_FOR_ALLOC freed 302K, 12% free 3806K/4296K, paused 2ms, total 2ms
D/dalvikvm(31550): GC_FOR_ALLOC freed 302K, 12% free 3806K/4296K, paused 3ms, total 3ms
D/dalvikvm(31550): GC_FOR_ALLOC freed 302K, 12% free 3807K/4296K, paused 2ms, total 2ms
D/dalvikvm(31550): GC_FOR_ALLOC freed 303K, 12% free 3811K/4296K, paused 1ms, total 1ms
D/dalvikvm(31550): GC_FOR_ALLOC freed 303K, 12% free 3811K/4296K, paused 2ms, total 2ms
D/dalvikvm(31550): GC_FOR_ALLOC freed 306K, 12% free 3812K/4296K, paused 3ms, total 3ms
W/ViewRootImpl(31550): Dropping event due to no window focus: KeyEvent { action=ACTION_DOWN, keyCode=KEYCODE_DPAD_DOWN, scanCode=0, metaState=0, flags=0x8, repeatCount=0, eventTime=5374357, downTime=5374357, deviceId=-1, source=0x101 }
D/dalvikvm(31550): GC_FOR_ALLOC freed 302K, 12% free 3813K/4296K, paused 2ms, total 3ms
D/dalvikvm(31550): GC_FOR_ALLOC freed 302K, 12% free 3813K/4296K, paused 2ms, total 2ms
D/dalvikvm(31550): GC_FOR_ALLOC freed 302K, 12% free 3813K/4296K, paused 2ms, total 2ms
D/dalvikvm(31550): GC_FOR_ALLOC freed 302K, 12% free 3813K/4296K, paused 1ms, total 1ms
W/EGL_emulation(31550): eglSurfaceAttrib not implemented 3093 12436
D/dalvikvm(31550): GC_FOR_ALLOC freed 302K, 12% free 3813K/4296K, paused 3ms, total 3ms
D/dalvikvm(31550): GC_FOR_ALLOC freed 302K, 12% free 3813K/4296K, paused 1ms, total 1ms
D/dalvikvm(31550): GC_FOR_ALLOC freed 302K, 12% free 3814K/4296K, paused 3ms, total 3ms
D/dalvikvm(31550): GC_FOR_ALLOC freed 304K, 12% free 3813K/4296K, paused 2ms, total 3ms
D/dalvikvm(31550): GC_FOR_ALLOC freed 303K, 12% free 3813K/4296K, paused 5ms, total 5ms
D/dalvikvm(31550): GC_FOR_ALLOC freed 303K, 12% free 3813K/4296K, paused 2ms, total 2ms
D/dalvikvm(31550): GC_FOR_ALLOC freed 303K, 12% free 3813K/4296K, paused 3ms, total 3ms
D/dalvikvm(31550): GC_FOR_ALLOC freed 303K, 12% free 3813K/4296K, paused 2ms, total 2ms
D/dalvikvm(31550): GC_FOR_ALLOC freed 302K, 12% free 3813K/4296K, paused 1ms, total 1ms
D/dalvikvm(31550): GC_FOR_ALLOC freed 302K, 12% free 3813K/4296K, paused 3ms, total 3ms
D/dalvikvm(31550): GC_FOR_ALLOC freed 304K, 12% free 3812K/4296K, paused 2ms, total 2ms
D/dalvikvm(31550): GC_FOR_ALLOC freed 303K, 12% free 3812K/4296K, paused 3ms, total 3ms
D/dalvikvm(31550): GC_FOR_ALLOC freed 310K, 12% free 3806K/4296K, paused 2ms, total 2ms
W/ViewRootImpl(31550): Dropping event due to no window focus: KeyEvent { action=ACTION_DOWN, keyCode=KEYCODE_F12, scanCode=0, metaState=0, flags=0x8, repeatCount=0, eventTime=5374447, downTime=5374447, deviceId=-1, source=0x101 }
W/InputMethodManagerService(  346): Window already focused, ignoring focus gain of: com.android.internal.view.IInputMethodClient$Stub$Proxy@4a9eca04 attribute=null, token = android.os.BinderProxy@4aabdb04
D/dalvikvm(31550): GC_FOR_ALLOC freed 303K, 12% free 3806K/4296K, paused 2ms, total 3ms
D/dalvikvm(31550): GC_FOR_ALLOC freed 302K, 12% free 3806K/4296K, paused 2ms, total 2ms
D/dalvikvm(31550): GC_FOR_ALLOC freed 302K, 12% free 3806K/4296K, paused 1ms, total 1ms
D/dalvikvm(31550): GC_FOR_ALLOC freed 303K, 12% free 3806K/4296K, paused 2ms, total 2ms
D/dalvikvm(31550): GC_FOR_ALLOC freed 302K, 12% free 3806K/4296K, paused 2ms, total 2ms
D/dalvikvm(31550): GC_FOR_ALLOC freed 304K, 12% free 3806K/4296K, paused 2ms, total 2ms
D/dalvikvm(31550): GC_FOR_ALLOC freed 302K, 12% free 3806K/4296K, paused 3ms, total 3ms
D/dalvikvm(31550): GC_FOR_ALLOC freed 302K, 12% free 3806K/4296K, paused 3ms, total 3ms
D/dalvikvm(31550): GC_FOR_ALLOC freed 302K, 12% free 3806K/4296K, paused 1ms, total 1ms
D/dalvikvm(31550): GC_FOR_ALLOC freed 302K, 12% free 3806K/4296K, paused 1ms, total 1ms
D/dalvikvm(31550): GC_FOR_ALLOC freed 302K, 12% free 3806K/4296K, paused 3ms, total 3ms
D/dalvikvm(31550): GC_FOR_ALLOC freed 303K, 12% free 3806K/4296K, paused 3ms, total 3ms
D/dalvikvm(31550): GC_FOR_ALLOC freed 302K, 12% free 3806K/4296K, paused 1ms, total 1ms
D/dalvikvm(31550): GC_FOR_ALLOC freed 302K, 12% free 3806K/4296K, paused 2ms, total 2ms
D/dalvikvm(31550): GC_FOR_ALLOC freed 302K, 12% free 3806K/4296K, paused 2ms, total 2ms
D/dalvikvm(31550): GC_FOR_ALLOC freed 302K, 12% free 3806K/4296K, paused 3ms, total 3ms
D/dalvikvm(31550): GC_FOR_ALLOC freed 302K, 12% free 3806K/4296K, paused 2ms, total 2ms
D/dalvikvm(31550): GC_FOR_ALLOC freed 303K, 12% free 3806K/4296K, paused 3ms, total 3ms
D/dalvikvm(31550): GC_FOR_ALLOC freed 302K, 12% free 3806K/4296K, paused 2ms, total 2ms
D/dalvikvm(31550): GC_FOR_ALLOC freed 302K, 12% free 3806K/4296K, paused 1ms, total 1ms
D/dalvikvm(31550): GC_FOR_ALLOC freed 302K, 12% free 3806K/4296K, paused 2ms, total 2ms
D/dalvikvm(31550): GC_FOR_ALLOC freed 302K, 12% free 3806K/4296K, paused 2ms, total 2ms
D/dalvikvm(31550): GC_FOR_ALLOC freed 302K, 12% free 3806K/4296K, paused 2ms, total 2ms
D/dalvikvm(31550): GC_FOR_ALLOC freed 302K, 12% free 3806K/4296K, paused 3ms, total 3ms
D/dalvikvm(31550): GC_FOR_ALLOC freed 304K, 12% free 3806K/4296K, paused 3ms, total 3ms
D/dalvikvm(31550): GC_FOR_ALLOC freed 303K, 12% free 3806K/4296K, paused 2ms, total 2ms
D/dalvikvm(31550): GC_FOR_ALLOC freed 303K, 12% free 3806K/4296K, paused 2ms, total 2ms
D/dalvikvm(31550): GC_FOR_ALLOC freed 302K, 12% free 3806K/4296K, paused 2ms, total 2ms
D/dalvikvm(31550): GC_FOR_ALLOC freed 302K, 12% free 3806K/4296K, paused 3ms, total 3ms
D/dalvikvm(31550): GC_FOR_ALLOC freed 303K, 12% free 3805K/4296K, paused 5ms, total 5ms
D/dalvikvm(31550): GC_FOR_ALLOC freed 302K, 12% free 3806K/4296K, paused 2ms, total 2ms
D/dalvikvm(31550): GC_FOR_ALLOC freed 302K, 12% free 3806K/4296K, paused 2ms, total 2ms
D/dalvikvm(31550): GC_FOR_ALLOC freed 302K, 12% free 3806K/4296K, paused 1ms, total 2ms
D/dalvikvm(31550): GC_FOR_ALLOC freed 302K, 12% free 3806K/4296K, paused 3ms, total 3ms
D/dalvikvm(31550): GC_FOR_ALLOC freed 303K, 12% free 3805K/4296K, paused 3ms, total 3ms
D/dalvikvm(31550): GC_FOR_ALLOC freed 302K, 12% free 3806K/4296K, paused 2ms, total 2ms
D/dalvikvm(31550): GC_FOR_ALLOC freed 302K, 12% free 3806K/4296K, paused 2ms, total 2ms
D/dalvikvm(31550): GC_FOR_ALLOC freed 302K, 12% free 3806K/4296K, paused 2ms, total 2ms
D/dalvikvm(31550): GC_FOR_ALLOC freed 302K, 12% free 3806K/4296K, paused 3ms, total 3ms
D/dalvikvm(31550): GC_FOR_ALLOC freed 302K, 12% free 3806K/4296K, paused 3ms, total 3ms
D/dalvikvm(31550): GC_FOR_ALLOC freed 304K, 12% free 3806K/4296K, paused 3ms, total 3ms
D/dalvikvm(31550): GC_FOR_ALLOC freed 303K, 12% free 3806K/4296K, paused 1ms, total 1ms
D/dalvikvm(31550): GC_FOR_ALLOC freed 302K, 12% free 3806K/4296K, paused 3ms, total 3ms
D/dalvikvm(31550): GC_FOR_ALLOC freed 302K, 12% free 3806K/4296K, paused 3ms, total 3ms
D/dalvikvm(31550): GC_FOR_ALLOC freed 303K, 12% free 3805K/4296K, paused 4ms, total 4ms
D/dalvikvm(31550): GC_FOR_ALLOC freed 303K, 12% free 3806K/4296K, paused 2ms, total 2ms
D/dalvikvm(31550): GC_FOR_ALLOC freed 302K, 12% free 3806K/4296K, paused 2ms, total 2ms
D/dalvikvm(31550): GC_FOR_ALLOC freed 302K, 12% free 3806K/4296K, paused 1ms, total 1ms
D/dalvikvm(31550): GC_FOR_ALLOC freed 302K, 12% free 3806K/4296K, paused 2ms, total 2ms
D/dalvikvm(31550): GC_FOR_ALLOC freed 303K, 12% free 3805K/4296K, paused 4ms, total 4ms
D/dalvikvm(31550): GC_FOR_ALLOC freed 302K, 12% free 3806K/4296K, paused 4ms, total 4ms
D/dalvikvm(31550): GC_FOR_ALLOC freed 302K, 12% free 3806K/4296K, paused 2ms, total 2ms
D/dalvikvm(31550): GC_FOR_ALLOC freed 302K, 12% free 3806K/4296K, paused 2ms, total 2ms
D/dalvikvm(31550): GC_FOR_ALLOC freed 302K, 12% free 3806K/4296K, paused 2ms, total 2ms
D/dalvikvm(31550): GC_FOR_ALLOC freed 303K, 12% free 3810K/4296K, paused 2ms, total 3ms
D/dalvikvm(31550): GC_FOR_ALLOC freed 306K, 12% free 3811K/4296K, paused 2ms, total 2ms
W/ViewRootImpl(31550): Dropping event due to no window focus: KeyEvent { action=ACTION_DOWN, keyCode=KEYCODE_BUTTON_X, scanCode=0, metaState=0, flags=0x8, repeatCount=0, eventTime=5374605, downTime=5374605, deviceId=-1, source=0x101 }
D/dalvikvm(31550): GC_FOR_ALLOC freed 302K, 12% free 3812K/4296K, paused 1ms, total 2ms
D/dalvikvm(31550): GC_FOR_ALLOC freed 302K, 12% free 3812K/4296K, paused 3ms, total 3ms
W/EGL_emulation(31550): eglSurfaceAttrib not implemented 3093 12436
D/dalvikvm(31550): GC_FOR_ALLOC freed 302K, 12% free 3813K/4296K, paused 2ms, total 2ms
D/dalvikvm(31550): GC_FOR_ALLOC freed 302K, 12% free 3813K/4296K, paused 3ms, total 3ms
D/dalvikvm(31550): GC_FOR_ALLOC freed 302K, 12% free 3813K/4296K, paused 3ms, total 3ms
D/dalvikvm(31550): GC_FOR_ALLOC freed 306K, 12% free 3812K/4296K, paused 2ms, total 2ms
W/ViewRootImpl(31550): Dropping event due to no window focus: KeyEvent { action=ACTION_DOWN, keyCode=KEYCODE_DPAD_CENTER, scanCode=0, metaState=0, flags=0x8, repeatCount=0, eventTime=5374605, downTime=5374605, deviceId=-1, source=0x101 }
D/dalvikvm(31550): GC_FOR_ALLOC freed 303K, 12% free 3812K/4296K, paused 3ms, total 4ms
D/dalvikvm(31550): GC_FOR_ALLOC freed 302K, 12% free 3812K/4296K, paused 3ms, total 3ms
D/dalvikvm(31550): GC_FOR_ALLOC freed 302K, 12% free 3813K/4296K, paused 2ms, total 2ms
D/dalvikvm(31550): GC_FOR_ALLOC freed 304K, 12% free 3812K/4296K, paused 2ms, total 2ms
D/dalvikvm(31550): GC_FOR_ALLOC freed 302K, 12% free 3812K/4296K, paused 2ms, total 2ms
D/dalvikvm(31550): GC_FOR_ALLOC freed 303K, 12% free 3812K/4296K, paused 2ms, total 2ms
D/dalvikvm(31550): GC_FOR_ALLOC freed 302K, 12% free 3812K/4296K, paused 2ms, total 2ms
D/dalvikvm(31550): GC_FOR_ALLOC freed 302K, 12% free 3812K/4296K, paused 4ms, total 4ms
D/dalvikvm(31550): GC_FOR_ALLOC freed 303K, 12% free 3812K/4296K, paused 2ms, total 2ms
D/dalvikvm(31550): GC_FOR_ALLOC freed 303K, 12% free 3811K/4296K, paused 1ms, total 1ms
D/dalvikvm(31550): GC_FOR_ALLOC freed 302K, 12% free 3811K/4296K, paused 1ms, total 1ms
D/dalvikvm(31550): GC_FOR_ALLOC freed 302K, 12% free 3812K/4296K, paused 2ms, total 2ms
D/dalvikvm(31550): GC_FOR_ALLOC freed 302K, 12% free 3812K/4296K, paused 2ms, total 2ms
D/dalvikvm(31550): GC_FOR_ALLOC freed 302K, 12% free 3812K/4296K, paused 3ms, total 3ms
W/ViewRootImpl(31550): Dropping event due to no window focus: KeyEvent { action=ACTION_DOWN, keyCode=KEYCODE_META_RIGHT, scanCode=0, metaState=0, flags=0x8, repeatCount=0, eventTime=5374673, downTime=5374673, deviceId=-1, source=0x101 }
W/InputMethodManagerService(  346): Window already focused, ignoring focus gain of: com.android.internal.view.IInputMethodClient$Stub$Proxy@4a9cba18 attribute=null, token = android.os.BinderProxy@4aabdb04
D/dalvikvm(31550): GC_FOR_ALLOC freed 311K, 12% free 3806K/4296K, paused 4ms, total 4ms
D/dalvikvm(31550): GC_FOR_ALLOC freed 303K, 12% free 3806K/4296K, paused 2ms, total 2ms
D/dalvikvm(31550): GC_FOR_ALLOC freed 302K, 12% free 3806K/4296K, paused 1ms, total 1ms
D/dalvikvm(31550): GC_FOR_ALLOC freed 302K, 12% free 3806K/4296K, paused 1ms, total 1ms
D/dalvikvm(31550): GC_FOR_ALLOC freed 302K, 12% free 3806K/4296K, paused 3ms, total 3ms
D/dalvikvm(31550): GC_FOR_ALLOC freed 302K, 12% free 3806K/4296K, paused 3ms, total 3ms
D/dalvikvm(31550): GC_FOR_ALLOC freed 303K, 12% free 3806K/4296K, paused 3ms, total 3ms
D/dalvikvm(31550): GC_FOR_ALLOC freed 302K, 12% free 3806K/4296K, paused 2ms, total 2ms
D/dalvikvm(31550): GC_FOR_ALLOC freed 302K, 12% free 3806K/4296K, paused 2ms, total 2ms
D/dalvikvm(31550): GC_FOR_ALLOC freed 302K, 12% free 3806K/4296K, paused 2ms, total 2ms
D/dalvikvm(31550): GC_FOR_ALLOC freed 302K, 12% free 3806K/4296K, paused 1ms, total 1ms
D/dalvikvm(31550): GC_FOR_ALLOC freed 303K, 12% free 3806K/4296K, paused 2ms, total 2ms
D/dalvikvm(31550): GC_FOR_ALLOC freed 303K, 12% free 3806K/4296K, paused 3ms, total 4ms
D/dalvikvm(31550): GC_CONCURRENT freed 302K, 11% free 3906K/4344K, paused 1ms+0ms, total 2ms
D/dalvikvm(31550): GC_CONCURRENT freed 404K, 13% free 3905K/4448K, paused 2ms+0ms, total 4ms
D/dalvikvm(31550): GC_CONCURRENT freed 404K, 13% free 3906K/4448K, paused 1ms+1ms, total 5ms
D/dalvikvm(31550): WAIT_FOR_CONCURRENT_GC blocked 2ms
D/dalvikvm(31550): GC_CONCURRENT freed 403K, 13% free 3906K/4448K, paused 2ms+0ms, total 3ms
D/dalvikvm(31550): GC_CONCURRENT freed 403K, 13% free 3906K/4448K, paused 1ms+1ms, total 3ms
D/dalvikvm(31550): GC_CONCURRENT freed 504K, 15% free 3807K/4448K, paused 0ms+0ms, total 2ms
D/dalvikvm(31550): WAIT_FOR_CONCURRENT_GC blocked 2ms
D/dalvikvm(31550): GC_CONCURRENT freed 405K, 13% free 3906K/4448K, paused 3ms+0ms, total 5ms
D/dalvikvm(31550): WAIT_FOR_CONCURRENT_GC blocked 1ms
D/dalvikvm(31550): GC_CONCURRENT freed 403K, 13% free 3906K/4448K, paused 2ms+0ms, total 3ms
D/dalvikvm(31550): GC_CONCURRENT freed 404K, 13% free 3907K/4448K, paused 1ms+0ms, total 3ms
D/dalvikvm(31550): WAIT_FOR_CONCURRENT_GC blocked 2ms
D/dalvikvm(31550): GC_CONCURRENT freed 404K, 13% free 3907K/4448K, paused 1ms+1ms, total 5ms
D/dalvikvm(31550): WAIT_FOR_CONCURRENT_GC blocked 3ms
D/dalvikvm(31550): GC_CONCURRENT freed 503K, 15% free 3807K/4448K, paused 0ms+0ms, total 2ms
D/dalvikvm(31550): WAIT_FOR_CONCURRENT_GC blocked 2ms
D/dalvikvm(31550): GC_CONCURRENT freed 404K, 13% free 3907K/4448K, paused 0ms+0ms, total 2ms
D/dalvikvm(31550): WAIT_FOR_CONCURRENT_GC blocked 2ms
D/dalvikvm(31550): GC_CONCURRENT freed 403K, 13% free 3907K/4448K, paused 0ms+0ms, total 2ms
D/dalvikvm(31550): WAIT_FOR_CONCURRENT_GC blocked 2ms
D/dalvikvm(31550): GC_CONCURRENT freed 503K, 15% free 3807K/4448K, paused 0ms+1ms, total 2ms
D/dalvikvm(31550): WAIT_FOR_CONCURRENT_GC blocked 2ms
D/dalvikvm(31550): GC_CONCURRENT freed 506K, 15% free 3805K/4448K, paused 0ms+1ms, total 3ms
I/ActivityManager(  346): START u0 {cmp=com.windyty.android/com.windyty.MainActivity (has extras)} from pid 31550
W/ViewRootImpl(31550): Dropping event due to no window focus: KeyEvent { action=ACTION_DOWN, keyCode=KEYCODE_DPAD_RIGHT, scanCode=0, metaState=0, flags=0x400, repeatCount=0, eventTime=5374819, downTime=5374819, deviceId=-1, source=0x101 }
W/ViewRootImpl(31550): Dropping event due to no window focus: KeyEvent { action=ACTION_DOWN, keyCode=KEYCODE_DPAD_RIGHT, scanCode=0, metaState=0, flags=0x400, repeatCount=0, eventTime=5374819, downTime=5374819, deviceId=-1, source=0x101 }
W/ViewRootImpl(31550): Dropping event due to no window focus: KeyEvent { action=ACTION_DOWN, keyCode=KEYCODE_DPAD_RIGHT, scanCode=0, metaState=0, flags=0x400, repeatCount=0, eventTime=5374819, downTime=5374819, deviceId=-1, source=0x101 }
D/dalvikvm(31550): Trying to load lib /data/app-lib/com.windyty.android-1/libwindytyview.so 0x94fd2950
D/dalvikvm(31550): Added shared lib /data/app-lib/com.windyty.android-1/libwindytyview.so 0x94fd2950
I/JvmContext(31550): JVM context created
D/dalvikvm(31550): GC_CONCURRENT freed 114K, 8% free 4128K/4448K, paused 2ms+0ms, total 5ms
W/dalvikvm(31550): VFY: unable to find class referenced in signature (Lokhttp3/Request;)
W/dalvikvm(31550): VFY: unable to find class referenced in signature (Lokhttp3/Response;)
I/dalvikvm(31550): Could not find method okhttp3.Response.headers, referenced from method empirical.HelperClass.printOkHttpInfo
W/dalvikvm(31550): VFY: unable to resolve virtual method 31139: Lokhttp3/Response;.headers ()Lokhttp3/Headers;
D/dalvikvm(31550): VFY: replacing opcode 0x6e at 0x0006
W/dalvikvm(31550): VFY: unable to find class referenced in signature (Lokhttp3/Call;)
W/GAV4    (31550): Thread[GAThread,5,main]: IllegalStateException getting Ad Id Info. If you would like to see Audience reports, please ensure that you have added '<meta-data android:name="com.google.android.gms.version" android:value="@integer/google_play_services_version" />' to your application manifest file. See http://goo.gl/naFqQk for details.
W/dalvikvm(31550): VFY: unable to find class referenced in signature (Lokhttp3/Response;)
I/dalvikvm(31550): Could not find method okhttp3.Call.request, referenced from method empirical.HelperClass.printOkHttpInfoFromCall
W/dalvikvm(31550): VFY: unable to resolve interface method 31133: Lokhttp3/Call;.request ()Lokhttp3/Request;
D/dalvikvm(31550): VFY: replacing opcode 0x72 at 0x0006
D/dalvikvm(31550): GC_CONCURRENT freed 170K, 4% free 4458K/4600K, paused 2ms+0ms, total 5ms
I/System.out(31550): body:<com.windyty.search.GeoipTask: boolean downloadData(java.lang.String)>	sig:specialinvoke $r5.<java.net.URL: void <init>(java.lang.String)>($r1)	timediff:0
I/System.out(31550): <com.windyty.search.GeoipTask: boolean downloadData(java.lang.String)>###specialinvoke $r5.<java.net.URL: void <init>(java.lang.String)>($r1)###https://www.windytv.com/node/geoip
I/System.out(31550): body:<com.windyty.search.GeoipTask: boolean downloadData(java.lang.String)>	sig:$r8 = virtualinvoke $r5.<java.net.URL: java.net.URLConnection openConnection()>()	timediff:13
W/EGL_emulation(31550): eglSurfaceAttrib not implemented 3093 12436
D/dalvikvm(31550): GC_CONCURRENT freed 224K, 6% free 4669K/4956K, paused 1ms+1ms, total 4ms
D/dalvikvm(  643): GC_CONCURRENT freed 1491K, 18% free 7660K/9284K, paused 2ms+4ms, total 15ms
D/        (31550): HostConnection::get() New Host Connection established 0xb7b69e70, tid 31601
I/System.out(31550): body:<com.windyty.search.GeoipTask: boolean downloadData(java.lang.String)>	sig:virtualinvoke $r9.<java.net.HttpURLConnection: void connect()>()	timediff:69
W/ViewRootImpl(31550): Dropping event due to no window focus: KeyEvent { action=ACTION_DOWN, keyCode=KEYCODE_DPAD_CENTER, scanCode=0, metaState=0, flags=0x8, repeatCount=0, eventTime=5374794, downTime=5374794, deviceId=-1, source=0x101 }
I/System.out(31550): body:<com.windyty.search.GeoipTask: boolean downloadData(java.lang.String)>	sig:$i0 = virtualinvoke $r9.<java.net.HttpURLConnection: int getResponseCode()>()	timediff:134
I/System.out(31550): body:<com.windyty.search.GeoipTask: boolean downloadData(java.lang.String)>	sig:$r10 = virtualinvoke $r9.<java.net.HttpURLConnection: java.io.InputStream getInputStream()>()	timediff:0
I/System.out(31550): body:<empirical.HelperClass: void printURLInfo(java.lang.String,java.lang.String,java.net.URLConnection)>	sig:$r0 = virtualinvoke urlConnection.<java.net.URLConnection: java.net.URL getURL()>()	timediff:0
I/System.out(31550): body:<empirical.HelperClass: void printURLInfo(java.lang.String,java.lang.String,java.net.URLConnection)>	sig:urlString = virtualinvoke $r0.<java.net.URL: java.lang.String toString()>()	timediff:0
I/System.out(31550): body:<empirical.HelperClass: void printURLInfo(java.lang.String,java.lang.String,java.net.URLConnection)>	sig:isDoOutput = virtualinvoke urlConnection.<java.net.URLConnection: boolean getDoOutput()>()	timediff:0
I/System.out(31550): body:<empirical.HelperClass: java.lang.String getHeaderField(java.net.URLConnection,java.lang.String)>	sig:data = virtualinvoke conn.<java.net.URLConnection: java.lang.String getHeaderField(java.lang.String)>(field)	timediff:0
I/System.out(31550): body:<empirical.HelperClass: java.lang.String getHeaderField(java.net.URLConnection,java.lang.String)>	sig:data = virtualinvoke conn.<java.net.URLConnection: java.lang.String getHeaderField(java.lang.String)>(field)	timediff:0
I/System.out(31550): body:<empirical.HelperClass: java.lang.String getHeaderField(java.net.URLConnection,java.lang.String)>	sig:data = virtualinvoke conn.<java.net.URLConnection: java.lang.String getHeaderField(java.lang.String)>(field)	timediff:0
I/System.out(31550): body:<empirical.HelperClass: java.lang.String getHeaderField(java.net.URLConnection,java.lang.String)>	sig:data = virtualinvoke conn.<java.net.URLConnection: java.lang.String getHeaderField(java.lang.String)>(field)	timediff:0
I/System.out(31550): body:<empirical.HelperClass: java.lang.String getHeaderField(java.net.URLConnection,java.lang.String)>	sig:data = virtualinvoke conn.<java.net.URLConnection: java.lang.String getHeaderField(java.lang.String)>(field)	timediff:0
I/System.out(31550): URLConn;%;0;%;<com.windyty.search.GeoipTask: boolean downloadData(java.lang.String)>;%;$r10 = virtualinvoke $r9.<java.net.HttpURLConnection: java.io.InputStream getInputStream()>();%;https://www.windytv.com/node/geoip;%;false;%;Not found;%;private, no-cache, no-store, must-revalidate;%;-1;%;Not found;%;Not found
I/System.out(31550): body:<com.windyty.search.GeoipTask: boolean downloadData(java.lang.String)>	sig:virtualinvoke $r9.<java.net.HttpURLConnection: void disconnect()>()	timediff:0
D/CAndroidHttpClient(31550): ctor()
I/System.out(31550): body:<cz.seznam.net.NativeHttpClient: boolean open(int,java.lang.String)>	sig:specialinvoke $r4.<java.net.URL: void <init>(java.lang.String)>($r1)	timediff:0
I/System.out(31550): <cz.seznam.net.NativeHttpClient: boolean open(int,java.lang.String)>###specialinvoke $r4.<java.net.URL: void <init>(java.lang.String)>($r1)###https://www.windytv.com/gfs/minifest.js
I/System.out(31550): body:<cz.seznam.net.NativeHttpClient: boolean open(int,java.lang.String)>	sig:$r5 = virtualinvoke $r4.<java.net.URL: java.net.URLConnection openConnection()>()	timediff:0
I/System.out(31550): body:<cz.seznam.net.NativeHttpClient: boolean open(int,java.lang.String)>	sig:virtualinvoke $r6.<java.net.HttpURLConnection: void setConnectTimeout(int)>($i0)	timediff:0
I/System.out(31550): body:<cz.seznam.net.NativeHttpClient: boolean open(int,java.lang.String)>	sig:virtualinvoke $r6.<java.net.HttpURLConnection: void setReadTimeout(int)>($i0)	timediff:0
I/System.out(31550): body:<cz.seznam.net.NativeHttpClient: boolean open(int,java.lang.String)>	sig:virtualinvoke $r6.<java.net.HttpURLConnection: void setInstanceFollowRedirects(boolean)>(1)	timediff:0
I/System.out(31550): body:<cz.seznam.net.NativeHttpClient: boolean open(int,java.lang.String)>	sig:virtualinvoke $r6.<java.net.HttpURLConnection: void setRequestMethod(java.lang.String)>($r1)	timediff:0
I/System.out(31550): body:<cz.seznam.net.NativeHttpClient: boolean open(int,java.lang.String)>	sig:virtualinvoke $r6.<java.net.HttpURLConnection: void setDoInput(boolean)>(1)	timediff:0
I/System.out(31550): body:<cz.seznam.net.NativeHttpClient: boolean open(int,java.lang.String)>	sig:virtualinvoke $r6.<java.net.HttpURLConnection: void addRequestProperty(java.lang.String,java.lang.String)>($r1, $r11)	timediff:0
V/RenderScript(31550): 0xb7c34630 Launching thread(s), CPUs 2
I/ActivityManager(  346): Displayed com.windyty.android/com.windyty.MainActivity: +608ms
I/System.out(31550): body:<cz.seznam.net.NativeHttpClient: byte[] readLine(long)>	sig:$i1 = virtualinvoke $r5.<java.net.HttpURLConnection: int getResponseCode()>()	timediff:125
I/System.out(31550): body:<cz.seznam.net.NativeHttpClient: byte[] readLine(long)>	sig:$r6 = virtualinvoke $r5.<java.net.HttpURLConnection: java.io.InputStream getInputStream()>()	timediff:0
I/System.out(31550): body:<empirical.HelperClass: void printURLInfo(java.lang.String,java.lang.String,java.net.URLConnection)>	sig:$r0 = virtualinvoke urlConnection.<java.net.URLConnection: java.net.URL getURL()>()	timediff:0
I/System.out(31550): body:<empirical.HelperClass: void printURLInfo(java.lang.String,java.lang.String,java.net.URLConnection)>	sig:urlString = virtualinvoke $r0.<java.net.URL: java.lang.String toString()>()	timediff:0
I/System.out(31550): body:<empirical.HelperClass: void printURLInfo(java.lang.String,java.lang.String,java.net.URLConnection)>	sig:isDoOutput = virtualinvoke urlConnection.<java.net.URLConnection: boolean getDoOutput()>()	timediff:0
I/System.out(31550): body:<empirical.HelperClass: java.lang.String getHeaderField(java.net.URLConnection,java.lang.String)>	sig:data = virtualinvoke conn.<java.net.URLConnection: java.lang.String getHeaderField(java.lang.String)>(field)	timediff:0
I/System.out(31550): body:<empirical.HelperClass: java.lang.String getHeaderField(java.net.URLConnection,java.lang.String)>	sig:data = virtualinvoke conn.<java.net.URLConnection: java.lang.String getHeaderField(java.lang.String)>(field)	timediff:0
I/System.out(31550): body:<empirical.HelperClass: java.lang.String getHeaderField(java.net.URLConnection,java.lang.String)>	sig:data = virtualinvoke conn.<java.net.URLConnection: java.lang.String getHeaderField(java.lang.String)>(field)	timediff:0
I/System.out(31550): body:<empirical.HelperClass: java.lang.String getHeaderField(java.net.URLConnection,java.lang.String)>	sig:data = virtualinvoke conn.<java.net.URLConnection: java.lang.String getHeaderField(java.lang.String)>(field)	timediff:0
I/System.out(31550): body:<empirical.HelperClass: java.lang.String getHeaderField(java.net.URLConnection,java.lang.String)>	sig:data = virtualinvoke conn.<java.net.URLConnection: java.lang.String getHeaderField(java.lang.String)>(field)	timediff:0
I/System.out(31550): URLConn;%;1;%;<cz.seznam.net.NativeHttpClient: byte[] readLine(long)>;%;$r6 = virtualinvoke $r5.<java.net.HttpURLConnection: java.io.InputStream getInputStream()>();%;https://www.windytv.com/gfs/minifest.js;%;false;%;Not found;%;max-age=60;%;Fri, 13 Apr 2018 19:03:46 GMT;%;Not found;%;Not found
I/System.out(31550): body:<cz.seznam.net.NativeHttpClient: int getResponseCode()>	sig:$i0 = virtualinvoke $r2.<java.net.HttpURLConnection: int getResponseCode()>()	timediff:0
D/dalvikvm(31550): GC_CONCURRENT freed 445K, 10% free 4843K/5348K, paused 1ms+0ms, total 4ms
W/ContextImpl(  346): Calling a method in the system process without a qualified user: android.app.ContextImpl.sendBroadcast:1123 com.android.server.InputMethodManagerService.hideCurrentInputLocked:1880 com.android.server.InputMethodManagerService.windowGainedFocus:1968 com.android.internal.view.IInputMethodManager$Stub.onTransact:221 com.android.server.InputMethodManagerService.onTransact:818 
D/dalvikvm(26586): GC_CONCURRENT freed 1701K, 46% free 7674K/14068K, paused 1ms+1ms, total 11ms
I/System.out(31550): body:<com.windyty.search.GeoReverseTask: boolean downloadData(java.lang.String)>	sig:specialinvoke $r5.<java.net.URL: void <init>(java.lang.String)>($r1)	timediff:0
I/System.out(31550): <com.windyty.search.GeoReverseTask: boolean downloadData(java.lang.String)>###specialinvoke $r5.<java.net.URL: void <init>(java.lang.String)>($r1)###https://www.windytv.com/node/reverse/33.786003/-118.298004/en
I/System.out(31550): body:<com.windyty.search.GeoReverseTask: boolean downloadData(java.lang.String)>	sig:$r8 = virtualinvoke $r5.<java.net.URL: java.net.URLConnection openConnection()>()	timediff:0
I/System.out(31550): body:<com.windyty.search.GeoReverseTask: boolean downloadData(java.lang.String)>	sig:virtualinvoke $r9.<java.net.HttpURLConnection: void setRequestProperty(java.lang.String,java.lang.String)>("Accept-Language", "cs")	timediff:0
I/System.out(31550): body:<com.windyty.search.GeoReverseTask: boolean downloadData(java.lang.String)>	sig:virtualinvoke $r9.<java.net.HttpURLConnection: void connect()>()	timediff:11
D/CAndroidHttpClient(31550): ctor()
I/System.out(31550): body:<cz.seznam.net.NativeHttpClient: boolean open(int,java.lang.String)>	sig:specialinvoke $r4.<java.net.URL: void <init>(java.lang.String)>($r1)	timediff:0
I/System.out(31550): <cz.seznam.net.NativeHttpClient: boolean open(int,java.lang.String)>###specialinvoke $r4.<java.net.URL: void <init>(java.lang.String)>($r1)###https://www.windytv.com/gfs/2018/04/14/06/wind-surface.jpg?1312
I/System.out(31550): body:<cz.seznam.net.NativeHttpClient: boolean open(int,java.lang.String)>	sig:$r5 = virtualinvoke $r4.<java.net.URL: java.net.URLConnection openConnection()>()	timediff:1
I/System.out(31550): body:<cz.seznam.net.NativeHttpClient: boolean open(int,java.lang.String)>	sig:virtualinvoke $r6.<java.net.HttpURLConnection: void setConnectTimeout(int)>($i0)	timediff:0
I/System.out(31550): body:<cz.seznam.net.NativeHttpClient: boolean open(int,java.lang.String)>	sig:virtualinvoke $r6.<java.net.HttpURLConnection: void setReadTimeout(int)>($i0)	timediff:0
I/System.out(31550): body:<cz.seznam.net.NativeHttpClient: boolean open(int,java.lang.String)>	sig:virtualinvoke $r6.<java.net.HttpURLConnection: void setInstanceFollowRedirects(boolean)>(1)	timediff:0
I/System.out(31550): body:<cz.seznam.net.NativeHttpClient: boolean open(int,java.lang.String)>	sig:virtualinvoke $r6.<java.net.HttpURLConnection: void setRequestMethod(java.lang.String)>($r1)	timediff:0
I/System.out(31550): body:<cz.seznam.net.NativeHttpClient: boolean open(int,java.lang.String)>	sig:virtualinvoke $r6.<java.net.HttpURLConnection: void setDoInput(boolean)>(1)	timediff:0
I/System.out(31550): body:<cz.seznam.net.NativeHttpClient: boolean open(int,java.lang.String)>	sig:virtualinvoke $r6.<java.net.HttpURLConnection: void addRequestProperty(java.lang.String,java.lang.String)>($r1, $r11)	timediff:0
I/ActivityManager(  346): START u0 {act=com.android.systemui.recent.action.TOGGLE_RECENTS flg=0x10800000 cmp=com.android.systemui/.recent.RecentsActivity (has extras)} from pid 531
D/dalvikvm(  346): GC_CONCURRENT freed 6884K, 54% free 11594K/24712K, paused 1ms+3ms, total 21ms
D/dalvikvm(  346): WAIT_FOR_CONCURRENT_GC blocked 19ms
I/System.out(31550): body:<cz.seznam.net.NativeHttpClient: byte[] readLine(long)>	sig:$i1 = virtualinvoke $r5.<java.net.HttpURLConnection: int getResponseCode()>()	timediff:173
I/System.out(31550): body:<cz.seznam.net.NativeHttpClient: byte[] readLine(long)>	sig:$r6 = virtualinvoke $r5.<java.net.HttpURLConnection: java.io.InputStream getInputStream()>()	timediff:0
I/System.out(31550): body:<empirical.HelperClass: void printURLInfo(java.lang.String,java.lang.String,java.net.URLConnection)>	sig:$r0 = virtualinvoke urlConnection.<java.net.URLConnection: java.net.URL getURL()>()	timediff:0
I/System.out(31550): body:<empirical.HelperClass: void printURLInfo(java.lang.String,java.lang.String,java.net.URLConnection)>	sig:urlString = virtualinvoke $r0.<java.net.URL: java.lang.String toString()>()	timediff:0
I/System.out(31550): body:<empirical.HelperClass: void printURLInfo(java.lang.String,java.lang.String,java.net.URLConnection)>	sig:isDoOutput = virtualinvoke urlConnection.<java.net.URLConnection: boolean getDoOutput()>()	timediff:0
I/System.out(31550): body:<empirical.HelperClass: java.lang.String getHeaderField(java.net.URLConnection,java.lang.String)>	sig:data = virtualinvoke conn.<java.net.URLConnection: java.lang.String getHeaderField(java.lang.String)>(field)	timediff:0
I/System.out(31550): body:<empirical.HelperClass: java.lang.String getHeaderField(java.net.URLConnection,java.lang.String)>	sig:data = virtualinvoke conn.<java.net.URLConnection: java.lang.String getHeaderField(java.lang.String)>(field)	timediff:0
I/System.out(31550): body:<empirical.HelperClass: java.lang.String getHeaderField(java.net.URLConnection,java.lang.String)>	sig:data = virtualinvoke conn.<java.net.URLConnection: java.lang.String getHeaderField(java.lang.String)>(field)	timediff:0
I/System.out(31550): body:<empirical.HelperClass: java.lang.String getHeaderField(java.net.URLConnection,java.lang.String)>	sig:data = virtualinvoke conn.<java.net.URLConnection: java.lang.String getHeaderField(java.lang.String)>(field)	timediff:0
I/System.out(31550): body:<empirical.HelperClass: java.lang.String getHeaderField(java.net.URLConnection,java.lang.String)>	sig:data = virtualinvoke conn.<java.net.URLConnection: java.lang.String getHeaderField(java.lang.String)>(field)	timediff:0
I/System.out(31550): URLConn;%;2;%;<cz.seznam.net.NativeHttpClient: byte[] readLine(long)>;%;$r6 = virtualinvoke $r5.<java.net.HttpURLConnection: java.io.InputStream getInputStream()>();%;https://www.windytv.com/gfs/2018/04/14/06/wind-surface.jpg?reftime=2018041312;%;false;%;22643;%;max-age=18000;%;Not found;%;5782;%;Not found
I/System.out(31550): body:<cz.seznam.net.NativeHttpClient: int getResponseCode()>	sig:$i0 = virtualinvoke $r2.<java.net.HttpURLConnection: int getResponseCode()>()	timediff:0
D/CAndroidHttpClient(31550): ctor()
I/System.out(31550): body:<cz.seznam.net.NativeHttpClient: boolean open(int,java.lang.String)>	sig:specialinvoke $r4.<java.net.URL: void <init>(java.lang.String)>($r1)	timediff:0
I/System.out(31550): <cz.seznam.net.NativeHttpClient: boolean open(int,java.lang.String)>###specialinvoke $r4.<java.net.URL: void <init>(java.lang.String)>($r1)###https://www.windytv.com/gfs/2018/04/14/06/wind-surface.jpg?1312
I/System.out(31550): body:<cz.seznam.net.NativeHttpClient: boolean open(int,java.lang.String)>	sig:$r5 = virtualinvoke $r4.<java.net.URL: java.net.URLConnection openConnection()>()	timediff:0
I/System.out(31550): body:<cz.seznam.net.NativeHttpClient: boolean open(int,java.lang.String)>	sig:virtualinvoke $r6.<java.net.HttpURLConnection: void setConnectTimeout(int)>($i0)	timediff:0
I/System.out(31550): body:<cz.seznam.net.NativeHttpClient: boolean open(int,java.lang.String)>	sig:virtualinvoke $r6.<java.net.HttpURLConnection: void setReadTimeout(int)>($i0)	timediff:0
I/System.out(31550): body:<cz.seznam.net.NativeHttpClient: boolean open(int,java.lang.String)>	sig:virtualinvoke $r6.<java.net.HttpURLConnection: void setInstanceFollowRedirects(boolean)>(1)	timediff:0
I/System.out(31550): body:<cz.seznam.net.NativeHttpClient: boolean open(int,java.lang.String)>	sig:virtualinvoke $r6.<java.net.HttpURLConnection: void setRequestMethod(java.lang.String)>($r1)	timediff:0
I/System.out(31550): body:<cz.seznam.net.NativeHttpClient: boolean open(int,java.lang.String)>	sig:virtualinvoke $r6.<java.net.HttpURLConnection: void setDoInput(boolean)>(1)	timediff:0
I/System.out(31550): body:<cz.seznam.net.NativeHttpClient: boolean open(int,java.lang.String)>	sig:virtualinvoke $r6.<java.net.HttpURLConnection: void addRequestProperty(java.lang.String,java.lang.String)>($r1, $r11)	timediff:0
I/ActivityManager(  346): START u0 {act=android.intent.action.CALL_BUTTON flg=0x10000000} from pid 31550
W/PhoneFallbackEventHandler(31550): No activity found for android.intent.action.CALL_BUTTON.
I/System.out(31550): body:<com.windyty.search.GeoReverseTask: boolean downloadData(java.lang.String)>	sig:$i0 = virtualinvoke $r9.<java.net.HttpURLConnection: int getResponseCode()>()	timediff:289
I/System.out(31550): body:<com.windyty.search.GeoReverseTask: boolean downloadData(java.lang.String)>	sig:$r10 = virtualinvoke $r9.<java.net.HttpURLConnection: java.io.InputStream getInputStream()>()	timediff:0
I/System.out(31550): body:<empirical.HelperClass: void printURLInfo(java.lang.String,java.lang.String,java.net.URLConnection)>	sig:$r0 = virtualinvoke urlConnection.<java.net.URLConnection: java.net.URL getURL()>()	timediff:0
I/System.out(31550): body:<empirical.HelperClass: void printURLInfo(java.lang.String,java.lang.String,java.net.URLConnection)>	sig:urlString = virtualinvoke $r0.<java.net.URL: java.lang.String toString()>()	timediff:0
I/System.out(31550): body:<empirical.HelperClass: void printURLInfo(java.lang.String,java.lang.String,java.net.URLConnection)>	sig:isDoOutput = virtualinvoke urlConnection.<java.net.URLConnection: boolean getDoOutput()>()	timediff:0
I/System.out(31550): body:<empirical.HelperClass: java.lang.String getHeaderField(java.net.URLConnection,java.lang.String)>	sig:data = virtualinvoke conn.<java.net.URLConnection: java.lang.String getHeaderField(java.lang.String)>(field)	timediff:0
I/System.out(31550): body:<empirical.HelperClass: java.lang.String getHeaderField(java.net.URLConnection,java.lang.String)>	sig:data = virtualinvoke conn.<java.net.URLConnection: java.lang.String getHeaderField(java.lang.String)>(field)	timediff:0
I/System.out(31550): body:<empirical.HelperClass: java.lang.String getHeaderField(java.net.URLConnection,java.lang.String)>	sig:data = virtualinvoke conn.<java.net.URLConnection: java.lang.String getHeaderField(java.lang.String)>(field)	timediff:0
I/System.out(31550): body:<empirical.HelperClass: java.lang.String getHeaderField(java.net.URLConnection,java.lang.String)>	sig:data = virtualinvoke conn.<java.net.URLConnection: java.lang.String getHeaderField(java.lang.String)>(field)	timediff:0
I/System.out(31550): body:<empirical.HelperClass: java.lang.String getHeaderField(java.net.URLConnection,java.lang.String)>	sig:data = virtualinvoke conn.<java.net.URLConnection: java.lang.String getHeaderField(java.lang.String)>(field)	timediff:0
I/System.out(31550): URLConn;%;3;%;<com.windyty.search.GeoReverseTask: boolean downloadData(java.lang.String)>;%;$r10 = virtualinvoke $r9.<java.net.HttpURLConnection: java.io.InputStream getInputStream()>();%;https://www.windytv.com/node/reverse/33.786003/-118.298004/en;%;false;%;Not found;%;private, no-cache, no-store, must-revalidate;%;-1;%;Not found;%;Not found
I/System.out(31550): body:<com.windyty.search.GeoReverseTask: boolean downloadData(java.lang.String)>	sig:virtualinvoke $r9.<java.net.HttpURLConnection: void disconnect()>()	timediff:0
I/System.out(31550): body:<com.windyty.dayforecast.DayForecastTask: boolean loadData(java.lang.String)>	sig:specialinvoke $r5.<java.net.URL: void <init>(java.lang.String)>($r1)	timediff:0
I/System.out(31550): <com.windyty.dayforecast.DayForecastTask: boolean loadData(java.lang.String)>###specialinvoke $r5.<java.net.URL: void <init>(java.lang.String)>($r1)###https://www.windytv.com/node/7days/33.786003/-118.298004/oiurouoweruouoiuou
I/System.out(31550): body:<com.windyty.dayforecast.DayForecastTask: boolean loadData(java.lang.String)>	sig:$r8 = virtualinvoke $r5.<java.net.URL: java.net.URLConnection openConnection()>()	timediff:0
I/System.out(31550): body:<com.windyty.dayforecast.DayForecastTask: boolean loadData(java.lang.String)>	sig:virtualinvoke $r9.<java.net.HttpURLConnection: void setRequestProperty(java.lang.String,java.lang.String)>("Cache-Control", "max-age=1800, max-stale=1800")	timediff:0
I/System.out(31550): body:<com.windyty.dayforecast.DayForecastTask: boolean loadData(java.lang.String)>	sig:virtualinvoke $r9.<java.net.HttpURLConnection: void setRequestProperty(java.lang.String,java.lang.String)>("Accept-Language", $r7)	timediff:0
V/PanelView(  531): animationTick called with dtms=0; nothing to do (h=0.0 v=-0.0)
I/ActivityManager(  346): START u0 {act=android.intent.action.MAIN cat=[android.intent.category.LAUNCHER] flg=0x10200000 cmp=com.windyty.android/com.windyty.StartActivity} from pid 31540
D/dalvikvm(31550): GC_CONCURRENT freed 525K, 11% free 4883K/5468K, paused 2ms+1ms, total 6ms
W/ViewRootImpl(31550): Dropping event due to no window focus: KeyEvent { action=ACTION_DOWN, keyCode=KEYCODE_MENU, scanCode=0, metaState=0, flags=0x8, repeatCount=0, eventTime=5375933, downTime=5375933, deviceId=-1, source=0x101 }
V/PanelView(  531): animationTick called with dtms=0; nothing to do (h=0.0 v=-0.0)
W/EGL_emulation(31550): eglSurfaceAttrib not implemented 3093 12436
W/ViewRootImpl(31550): Dropping event due to no window focus: KeyEvent { action=ACTION_DOWN, keyCode=KEYCODE_MENU, scanCode=0, metaState=0, flags=0x8, repeatCount=0, eventTime=5375960, downTime=5375960, deviceId=-1, source=0x101 }
I/System.out(31550): body:<cz.seznam.net.NativeHttpClient: byte[] readLine(long)>	sig:$i1 = virtualinvoke $r5.<java.net.HttpURLConnection: int getResponseCode()>()	timediff:186
I/System.out(31550): body:<cz.seznam.net.NativeHttpClient: byte[] readLine(long)>	sig:$r6 = virtualinvoke $r5.<java.net.HttpURLConnection: java.io.InputStream getInputStream()>()	timediff:0
I/System.out(31550): body:<empirical.HelperClass: void printURLInfo(java.lang.String,java.lang.String,java.net.URLConnection)>	sig:$r0 = virtualinvoke urlConnection.<java.net.URLConnection: java.net.URL getURL()>()	timediff:0
I/System.out(31550): body:<empirical.HelperClass: void printURLInfo(java.lang.String,java.lang.String,java.net.URLConnection)>	sig:urlString = virtualinvoke $r0.<java.net.URL: java.lang.String toString()>()	timediff:0
I/System.out(31550): body:<empirical.HelperClass: void printURLInfo(java.lang.String,java.lang.String,java.net.URLConnection)>	sig:isDoOutput = virtualinvoke urlConnection.<java.net.URLConnection: boolean getDoOutput()>()	timediff:0
I/System.out(31550): body:<empirical.HelperClass: java.lang.String getHeaderField(java.net.URLConnection,java.lang.String)>	sig:data = virtualinvoke conn.<java.net.URLConnection: java.lang.String getHeaderField(java.lang.String)>(field)	timediff:0
I/System.out(31550): body:<empirical.HelperClass: java.lang.String getHeaderField(java.net.URLConnection,java.lang.String)>	sig:data = virtualinvoke conn.<java.net.URLConnection: java.lang.String getHeaderField(java.lang.String)>(field)	timediff:0
I/System.out(31550): body:<empirical.HelperClass: java.lang.String getHeaderField(java.net.URLConnection,java.lang.String)>	sig:data = virtualinvoke conn.<java.net.URLConnection: java.lang.String getHeaderField(java.lang.String)>(field)	timediff:0
I/System.out(31550): body:<empirical.HelperClass: java.lang.String getHeaderField(java.net.URLConnection,java.lang.String)>	sig:data = virtualinvoke conn.<java.net.URLConnection: java.lang.String getHeaderField(java.lang.String)>(field)	timediff:0
I/System.out(31550): body:<empirical.HelperClass: java.lang.String getHeaderField(java.net.URLConnection,java.lang.String)>	sig:data = virtualinvoke conn.<java.net.URLConnection: java.lang.String getHeaderField(java.lang.String)>(field)	timediff:0
I/System.out(31550): URLConn;%;4;%;<cz.seznam.net.NativeHttpClient: byte[] readLine(long)>;%;$r6 = virtualinvoke $r5.<java.net.HttpURLConnection: java.io.InputStream getInputStream()>();%;https://www.windytv.com/gfs/2018/04/14/06/wind-surface.jpg?reftime=2018041312;%;false;%;22643;%;max-age=18000;%;Not found;%;5782;%;Not found
I/System.out(31550): body:<cz.seznam.net.NativeHttpClient: int getResponseCode()>	sig:$i0 = virtualinvoke $r2.<java.net.HttpURLConnection: int getResponseCode()>()	timediff:0
D/CAndroidHttpClient(31550): ctor()
I/System.out(31550): body:<cz.seznam.net.NativeHttpClient: boolean open(int,java.lang.String)>	sig:specialinvoke $r4.<java.net.URL: void <init>(java.lang.String)>($r1)	timediff:0
I/System.out(31550): <cz.seznam.net.NativeHttpClient: boolean open(int,java.lang.String)>###specialinvoke $r4.<java.net.URL: void <init>(java.lang.String)>($r1)###https://www.windytv.com/gfs/2018/04/14/06/j1/0/3/wind-surface.jpg?1312
I/System.out(31550): body:<cz.seznam.net.NativeHttpClient: boolean open(int,java.lang.String)>	sig:$r5 = virtualinvoke $r4.<java.net.URL: java.net.URLConnection openConnection()>()	timediff:0
I/System.out(31550): body:<cz.seznam.net.NativeHttpClient: boolean open(int,java.lang.String)>	sig:virtualinvoke $r6.<java.net.HttpURLConnection: void setConnectTimeout(int)>($i0)	timediff:0
I/System.out(31550): body:<cz.seznam.net.NativeHttpClient: boolean open(int,java.lang.String)>	sig:virtualinvoke $r6.<java.net.HttpURLConnection: void setReadTimeout(int)>($i0)	timediff:0
I/System.out(31550): body:<cz.seznam.net.NativeHttpClient: boolean open(int,java.lang.String)>	sig:virtualinvoke $r6.<java.net.HttpURLConnection: void setInstanceFollowRedirects(boolean)>(1)	timediff:0
I/System.out(31550): body:<cz.seznam.net.NativeHttpClient: boolean open(int,java.lang.String)>	sig:virtualinvoke $r6.<java.net.HttpURLConnection: void setRequestMethod(java.lang.String)>($r1)	timediff:0
I/System.out(31550): body:<cz.seznam.net.NativeHttpClient: boolean open(int,java.lang.String)>	sig:virtualinvoke $r6.<java.net.HttpURLConnection: void setDoInput(boolean)>(1)	timediff:0
I/System.out(31550): body:<cz.seznam.net.NativeHttpClient: boolean open(int,java.lang.String)>	sig:virtualinvoke $r6.<java.net.HttpURLConnection: void addRequestProperty(java.lang.String,java.lang.String)>($r1, $r11)	timediff:0
I/System.out(31550): body:<com.windyty.dayforecast.DayForecastTask: boolean loadData(java.lang.String)>	sig:$i0 = virtualinvoke $r9.<java.net.HttpURLConnection: int getResponseCode()>()	timediff:139
I/System.out(31550): body:<com.windyty.dayforecast.DayForecastTask: boolean loadData(java.lang.String)>	sig:$r10 = virtualinvoke $r9.<java.net.HttpURLConnection: java.io.InputStream getInputStream()>()	timediff:0
I/System.out(31550): body:<empirical.HelperClass: void printURLInfo(java.lang.String,java.lang.String,java.net.URLConnection)>	sig:$r0 = virtualinvoke urlConnection.<java.net.URLConnection: java.net.URL getURL()>()	timediff:0
I/System.out(31550): body:<empirical.HelperClass: void printURLInfo(java.lang.String,java.lang.String,java.net.URLConnection)>	sig:urlString = virtualinvoke $r0.<java.net.URL: java.lang.String toString()>()	timediff:0
I/System.out(31550): body:<empirical.HelperClass: void printURLInfo(java.lang.String,java.lang.String,java.net.URLConnection)>	sig:isDoOutput = virtualinvoke urlConnection.<java.net.URLConnection: boolean getDoOutput()>()	timediff:0
I/System.out(31550): body:<empirical.HelperClass: java.lang.String getHeaderField(java.net.URLConnection,java.lang.String)>	sig:data = virtualinvoke conn.<java.net.URLConnection: java.lang.String getHeaderField(java.lang.String)>(field)	timediff:0
I/System.out(31550): body:<empirical.HelperClass: java.lang.String getHeaderField(java.net.URLConnection,java.lang.String)>	sig:data = virtualinvoke conn.<java.net.URLConnection: java.lang.String getHeaderField(java.lang.String)>(field)	timediff:0
I/System.out(31550): body:<empirical.HelperClass: java.lang.String getHeaderField(java.net.URLConnection,java.lang.String)>	sig:data = virtualinvoke conn.<java.net.URLConnection: java.lang.String getHeaderField(java.lang.String)>(field)	timediff:0
I/System.out(31550): body:<empirical.HelperClass: java.lang.String getHeaderField(java.net.URLConnection,java.lang.String)>	sig:data = virtualinvoke conn.<java.net.URLConnection: java.lang.String getHeaderField(java.lang.String)>(field)	timediff:0
I/System.out(31550): body:<empirical.HelperClass: java.lang.String getHeaderField(java.net.URLConnection,java.lang.String)>	sig:data = virtualinvoke conn.<java.net.URLConnection: java.lang.String getHeaderField(java.lang.String)>(field)	timediff:0
