W/ContextImpl(  479): Calling a method in the system process without a qualified user: android.app.ContextImpl.sendBroadcast:1123 com.android.server.InputMethodManagerService.hideCurrentInputLocked:1880 com.android.server.InputMethodManagerService.windowGainedFocus:1968 com.android.internal.view.IInputMethodManager$Stub.onTransact:221 com.android.server.InputMethodManagerService.onTransact:818 
D/dalvikvm( 2668): GC_FOR_ALLOC freed 83K, 26% free 4446K/5960K, paused 17ms, total 17ms
I/dalvikvm-heap( 2668): Grow heap (frag case) to 5.107MB for 741036-byte allocation
D/dalvikvm( 2668): GC_FOR_ALLOC freed 8K, 14% free 5161K/5960K, paused 15ms, total 15ms
I/ActivityManager(  479): START u0 {act=android.intent.action.MAIN cat=[android.intent.category.LAUNCHER] flg=0x10200000 cmp=bn.ereader/.app.ui.SplashActivity} from pid 2658
W/InputEventReceiver(  533): Attempted to finish an input event but the input event receiver has already been disposed.
D/dalvikvm( 2668): GC_CONCURRENT freed 729K, 26% free 4438K/5960K, paused 1ms+5ms, total 29ms
W/InputEventReceiver(  533): Attempted to finish an input event but the input event receiver has already been disposed.
W/ViewRootImpl(  533): Dropping event due to root view being removed: MotionEvent { action=ACTION_UP, id[0]=0, x[0]=-337.42828, y[0]=119.48169, toolType[0]=TOOL_TYPE_UNKNOWN, buttonState=0, metaState=0, flags=0x0, edgeFlags=0x0, pointerCount=1, historySize=0, eventTime=123462, downTime=123462, deviceId=0, source=0x1002 }
W/ViewRootImpl(  533): Dropping event due to root view being removed: MotionEvent { action=ACTION_MOVE, id[0]=0, x[0]=3.0, y[0]=-4.0, toolType[0]=TOOL_TYPE_UNKNOWN, buttonState=0, metaState=0, flags=0x0, edgeFlags=0x0, pointerCount=1, historySize=9, eventTime=123463, downTime=-1, deviceId=0, source=0x10004 }
W/InputEventReceiver(  533): Attempted to finish an input event but the input event receiver has already been disposed.
W/InputEventReceiver(  533): Attempted to finish an input event but the input event receiver has already been disposed.
V/PhoneStatusBar(  533): setLightsOn(true)
W/ViewRootImpl(  533): Dropping event due to root view being removed: KeyEvent { action=ACTION_UP, keyCode=KEYCODE_DPAD_RIGHT, scanCode=0, metaState=0, flags=0x8, repeatCount=0, eventTime=123460, downTime=123460, deviceId=-1, source=0x101 }
I/ActivityManager(  479): START u0 {act=android.intent.action.MAIN cat=[android.intent.category.LAUNCHER] flg=0x10200000 cmp=bn.ereader/.app.ui.SplashActivity} from pid 2658
D/dalvikvm( 2302): GC_FOR_ALLOC freed 70K, 4% free 4946K/5108K, paused 3ms, total 3ms
I/dalvikvm-heap( 2302): Grow heap (frag case) to 6.867MB for 2073612-byte allocation
D/dalvikvm( 2302): GC_FOR_ALLOC freed <1K, 3% free 6970K/7136K, paused 6ms, total 6ms
D/dalvikvm( 2302): GC_CONCURRENT freed 6K, 2% free 7004K/7136K, paused 2ms+1ms, total 18ms
D/dalvikvm(  479): GC_FOR_ALLOC freed 589K, 44% free 12792K/22592K, paused 15ms, total 16ms
D/dalvikvm(  479): GC_FOR_ALLOC freed 175K, 36% free 14651K/22592K, paused 13ms, total 13ms
D/dalvikvm( 2668): GC_FOR_ALLOC freed 62K, 26% free 4426K/5960K, paused 13ms, total 14ms
I/dalvikvm-heap( 2668): Grow heap (frag case) to 5.088MB for 741036-byte allocation
D/dalvikvm( 2668): GC_FOR_ALLOC freed 4K, 14% free 5146K/5960K, paused 4ms, total 4ms
D/dalvikvm( 2668): GC_CONCURRENT freed 0K, 14% free 5146K/5960K, paused 2ms+1ms, total 5ms
D/dalvikvm(  533): GC_FOR_ALLOC freed 1389K, 19% free 10152K/12508K, paused 15ms, total 16ms
I/dalvikvm-heap(  533): Grow heap (frag case) to 11.952MB for 2073612-byte allocation
D/dalvikvm(  533): GC_FOR_ALLOC freed 706K, 22% free 11470K/14536K, paused 5ms, total 5ms
D/dalvikvm(  479): GC_FOR_ALLOC freed 16K, 27% free 16679K/22592K, paused 32ms, total 32ms
I/ActivityManager(  479): START u0 {act=android.intent.action.MAIN cat=[android.intent.category.LAUNCHER] flg=0x10200000 cmp=bn.ereader/.app.ui.SplashActivity} from pid 2658
I/ActivityManager(  479): START u0 {act=android.intent.action.MAIN cat=[android.intent.category.LAUNCHER] flg=0x10200000 cmp=bn.ereader/.app.ui.SplashActivity} from pid 2658
W/ViewRootImpl( 2668): Dropping event due to no window focus: KeyEvent { action=ACTION_DOWN, keyCode=KEYCODE_SHIFT_RIGHT, scanCode=0, metaState=0, flags=0x8, repeatCount=0, eventTime=123714, downTime=123714, deviceId=-1, source=0x101 }
D/dalvikvm( 1014): GC_FOR_ALLOC freed 290K, 15% free 3360K/3932K, paused 2ms, total 2ms
I/iu.UploadsManager(  720): End new media; added: 1, uploading: 0, time: 135 ms
D/dalvikvm( 2668): GC_FOR_ALLOC freed 755K, 26% free 4419K/5960K, paused 2ms, total 14ms
I/dalvikvm-heap( 2668): Grow heap (frag case) to 5.081MB for 741036-byte allocation
D/dalvikvm( 2668): GC_FOR_ALLOC freed 2K, 14% free 5140K/5960K, paused 4ms, total 4ms
D/dalvikvm( 2668): GC_CONCURRENT freed 0K, 14% free 5140K/5960K, paused 2ms+4ms, total 8ms
W/ViewRootImpl( 2668): Dropping event due to no window focus: MotionEvent { action=ACTION_MOVE, id[0]=0, x[0]=0.0, y[0]=-1.0, toolType[0]=TOOL_TYPE_UNKNOWN, buttonState=0, metaState=0, flags=0x0, edgeFlags=0x0, pointerCount=1, historySize=9, eventTime=123724, downTime=-1, deviceId=0, source=0x10004 }
W/ViewRootImpl( 2668): Dropping event due to no window focus: KeyEvent { action=ACTION_DOWN, keyCode=KEYCODE_J, scanCode=0, metaState=0, flags=0x8, repeatCount=0, eventTime=123729, downTime=123729, deviceId=-1, source=0x101 }
I/WearableService(  654): Wearable Services stopping
W/ViewRootImpl( 2668): Dropping event due to no window focus: KeyEvent { action=ACTION_DOWN, keyCode=KEYCODE_MEDIA_FAST_FORWARD, scanCode=0, metaState=0, flags=0x8, repeatCount=0, eventTime=123798, downTime=123798, deviceId=-1, source=0x101 }
W/ViewRootImpl( 2668): Dropping event due to no window focus: KeyEvent { action=ACTION_DOWN, keyCode=KEYCODE_DPAD_RIGHT, scanCode=0, metaState=0, flags=0x8, repeatCount=0, eventTime=123855, downTime=123855, deviceId=-1, source=0x101 }
W/ViewRootImpl( 2668): Dropping event due to no window focus: KeyEvent { action=ACTION_DOWN, keyCode=KEYCODE_DPAD_RIGHT, scanCode=0, metaState=0, flags=0x8, repeatCount=0, eventTime=123858, downTime=123858, deviceId=-1, source=0x101 }
D/dalvikvm( 2668): GC_FOR_ALLOC freed 775K, 26% free 4433K/5960K, paused 2ms, total 9ms
I/dalvikvm-heap( 2668): Grow heap (frag case) to 5.094MB for 741036-byte allocation
D/dalvikvm( 2668): GC_FOR_ALLOC freed 1K, 14% free 5155K/5960K, paused 23ms, total 23ms
D/dalvikvm(  479): GC_FOR_ALLOC freed 6248K, 45% free 12627K/22592K, paused 22ms, total 22ms
D/dalvikvm( 2668): GC_CONCURRENT freed 731K, 26% free 4430K/5960K, paused 0ms+0ms, total 5ms
D/dalvikvm(  479): GC_FOR_ALLOC freed 20K, 36% free 14638K/22592K, paused 25ms, total 25ms
W/ViewRootImpl( 2668): Dropping event due to no window focus: KeyEvent { action=ACTION_DOWN, keyCode=KEYCODE_MENU, scanCode=0, metaState=0, flags=0x8, repeatCount=0, eventTime=123865, downTime=123865, deviceId=-1, source=0x101 }
D/dalvikvm(  533): GC_FOR_ALLOC freed 242K, 22% free 11355K/14536K, paused 3ms, total 14ms
W/ContextImpl(  479): Calling a method in the system process without a qualified user: android.app.ContextImpl.sendBroadcast:1123 com.android.server.InputMethodManagerService.hideCurrentInputLocked:1880 com.android.server.InputMethodManagerService.windowGainedFocus:1968 com.android.internal.view.IInputMethodManager$Stub.onTransact:221 com.android.server.InputMethodManagerService.onTransact:818 
I/dalvikvm-heap(  533): Grow heap (frag case) to 13.127MB for 2073612-byte allocation
D/dalvikvm(  479): GC_FOR_ALLOC freed 18K, 26% free 16784K/22592K, paused 16ms, total 16ms
D/dalvikvm(  533): GC_FOR_ALLOC freed 1K, 20% free 13379K/16564K, paused 10ms, total 10ms
V/FlingTracker(  533): computeCurrentVelocity warning: totalweight=0
V/FlingTracker(  533): java.lang.Throwable
V/FlingTracker(  533): 	at com.android.systemui.statusbar.phone.PanelView$FlingTracker.computeCurrentVelocity(PanelView.java:162)
V/FlingTracker(  533): 	at com.android.systemui.statusbar.phone.PanelView$3.onTouch(PanelView.java:462)
V/FlingTracker(  533): 	at android.view.View.dispatchTouchEvent(View.java:7701)
V/FlingTracker(  533): 	at com.android.systemui.statusbar.phone.NotificationPanelView.onTouchEvent(NotificationPanelView.java:138)
V/FlingTracker(  533): 	at com.android.systemui.statusbar.phone.PanelBar.onTouchEvent(PanelBar.java:130)
V/FlingTracker(  533): 	at com.android.systemui.statusbar.phone.PhoneStatusBarView.onTouchEvent(PhoneStatusBarView.java:201)
V/FlingTracker(  533): 	at android.view.View.dispatchTouchEvent(View.java:7706)
V/FlingTracker(  533): 	at android.view.ViewGroup.dispatchTransformedTouchEvent(ViewGroup.java:2210)
V/FlingTracker(  533): 	at android.view.ViewGroup.dispatchTouchEvent(ViewGroup.java:1945)
V/FlingTracker(  533): 	at android.view.ViewGroup.dispatchTransformedTouchEvent(ViewGroup.java:2216)
V/FlingTracker(  533): 	at android.view.ViewGroup.dispatchTouchEvent(ViewGroup.java:1959)
V/FlingTracker(  533): 	at android.view.View.dispatchPointerEvent(View.java:7886)
V/FlingTracker(  533): 	at android.view.ViewRootImpl$ViewPostImeInputStage.processPointerEvent(ViewRootImpl.java:3978)
V/FlingTracker(  533): 	at android.view.ViewRootImpl$ViewPostImeInputStage.onProcess(ViewRootImpl.java:3857)
V/FlingTracker(  533): 	at android.view.ViewRootImpl$InputStage.deliver(ViewRootImpl.java:3423)
V/FlingTracker(  533): 	at android.view.ViewRootImpl$InputStage.onDeliverToNext(ViewRootImpl.java:3473)
V/FlingTracker(  533): 	at android.view.ViewRootImpl$InputStage.forward(ViewRootImpl.java:3442)
V/FlingTracker(  533): 	at android.view.ViewRootImpl$AsyncInputStage.forward(ViewRootImpl.java:3549)
V/FlingTracker(  533): 	at android.view.ViewRootImpl$InputStage.apply(ViewRootImpl.java:3450)
V/FlingTracker(  533): 	at android.view.ViewRootImpl$AsyncInputStage.apply(ViewRootImpl.java:3606)
V/FlingTracker(  533): 	at android.view.ViewRootImpl$InputStage.deliver(ViewRootImpl.java:3423)
V/FlingTracker(  533): 	at android.view.ViewRootImpl$InputStage.onDeliverToNext(ViewRootImpl.java:3473)
V/FlingTracker(  533): 	at android.view.ViewRootImpl$InputStage.forward(ViewRootImpl.java:3442)
V/FlingTracker(  533): 	at android.view.ViewRootImpl$InputStage.apply(ViewRootImpl.java:3450)
V/FlingTracker(  533): 	at android.view.ViewRootImpl$InputStage.deliver(ViewRootImpl.java:3423)
V/FlingTracker(  533): 	at android.view.ViewRootImpl.deliverInputEvent(ViewRootImpl.java:5626)
V/FlingTracker(  533): 	at android.view.ViewRootImpl.doProcessInputEvents(ViewRootImpl.java:5606)
V/FlingTracker(  533): 	at android.view.ViewRootImpl.enqueueInputEvent(ViewRootImpl.java:5577)
V/FlingTracker(  533): 	at android.view.ViewRootImpl$WindowInputEventReceiver.onInputEvent(ViewRootImpl.java:5706)
V/FlingTracker(  533): 	at android.view.InputEventReceiver.dispatchInputEvent(InputEventReceiver.java:185)
V/FlingTracker(  533): 	at android.os.MessageQueue.nativePollOnce(Native Method)
V/FlingTracker(  533): 	at android.os.MessageQueue.next(MessageQueue.java:138)
V/FlingTracker(  533): 	at android.os.Looper.loop(Looper.java:123)
V/FlingTracker(  533): 	at android.app.ActivityThread.main(ActivityThread.java:5019)
V/FlingTracker(  533): 	at java.lang.reflect.Method.invokeNative(Native Method)
V/FlingTracker(  533): 	at java.lang.reflect.Method.invoke(Method.java:515)
V/FlingTracker(  533): 	at com.android.internal.os.ZygoteInit$MethodAndArgsCaller.run(ZygoteInit.java:779)
V/FlingTracker(  533): 	at com.android.internal.os.ZygoteInit.main(ZygoteInit.java:595)
V/FlingTracker(  533): 	at dalvik.system.NativeStart.main(Native Method)
V/PanelView(  533): animationTick called with dtms=0; nothing to do (h=0.0 v=0.0)
V/PanelView(  533): animationTick called with dtms=-6; nothing to do (h=0.0 v=0.0)
D/dalvikvm( 2668): GC_FOR_ALLOC freed 52K, 26% free 4428K/5960K, paused 8ms, total 11ms
I/dalvikvm-heap( 2668): Grow heap (frag case) to 5.089MB for 741036-byte allocation
D/dalvikvm( 2668): GC_FOR_ALLOC freed 4K, 14% free 5147K/5960K, paused 11ms, total 11ms
D/dalvikvm( 2668): GC_CONCURRENT freed 729K, 26% free 4424K/5960K, paused 2ms+2ms, total 8ms
I/ActivityManager(  479): START u0 {act=android.intent.action.MAIN cat=[android.intent.category.LAUNCHER] flg=0x10200000 cmp=bn.ereader/.app.ui.SplashActivity} from pid 2658
D/dalvikvm( 2668): GC_FOR_ALLOC freed 90K, 26% free 4432K/5960K, paused 3ms, total 3ms
I/dalvikvm-heap( 2668): Grow heap (frag case) to 5.093MB for 741036-byte allocation
D/dalvikvm( 2668): GC_FOR_ALLOC freed <1K, 14% free 5155K/5960K, paused 8ms, total 8ms
D/dalvikvm( 2668): GC_CONCURRENT freed 734K, 26% free 4426K/5960K, paused 3ms+0ms, total 7ms
W/ViewRootImpl( 2668): Dropping event due to no window focus: KeyEvent { action=ACTION_DOWN, keyCode=KEYCODE_DPAD_DOWN, scanCode=0, metaState=0, flags=0x8, repeatCount=0, eventTime=124104, downTime=124104, deviceId=-1, source=0x101 }
I/ActivityManager(  479): START u0 {act=android.intent.action.MAIN cat=[android.intent.category.HOME] flg=0x10200000 cmp=com.vphone.launcher/.Launcher} from pid 479
V/PanelView(  533): animationTick called with dtms=0; nothing to do (h=0.0 v=0.0)
W/InputMethodManagerService(  479): Window already focused, ignoring focus gain of: com.android.internal.view.IInputMethodClient$Stub$Proxy@4a9340c8 attribute=null, token = android.os.BinderProxy@4aa595a4
W/ViewRootImpl( 2668): Dropping event due to no window focus: KeyEvent { action=ACTION_DOWN, keyCode=KEYCODE_DPAD_LEFT, scanCode=0, metaState=0, flags=0x8, repeatCount=0, eventTime=124258, downTime=124258, deviceId=-1, source=0x101 }
W/ViewRootImpl( 2668): Dropping event due to no window focus: KeyEvent { action=ACTION_DOWN, keyCode=KEYCODE_DPAD_CENTER, scanCode=0, metaState=0, flags=0x8, repeatCount=0, eventTime=124263, downTime=124263, deviceId=-1, source=0x101 }
W/ViewRootImpl( 2668): Dropping event due to no window focus: KeyEvent { action=ACTION_DOWN, keyCode=KEYCODE_MENU, scanCode=0, metaState=0, flags=0x8, repeatCount=0, eventTime=124263, downTime=124263, deviceId=-1, source=0x101 }
W/InputEventReceiver( 2668): Attempted to finish an input event but the input event receiver has already been disposed.
I/ActivityManager(  479): START u0 {act=android.intent.action.MAIN cat=[android.intent.category.LAUNCHER] flg=0x10200000 cmp=bn.ereader/.app.ui.SplashActivity} from pid 2658
W/ViewRootImpl( 2668): Dropping event due to no window focus: KeyEvent { action=ACTION_DOWN, keyCode=KEYCODE_DPAD_DOWN, scanCode=0, metaState=0, flags=0x8, repeatCount=0, eventTime=124294, downTime=124294, deviceId=-1, source=0x101 }
W/ViewRootImpl( 2668): Dropping event due to no window focus: KeyEvent { action=ACTION_DOWN, keyCode=KEYCODE_BUTTON_A, scanCode=0, metaState=0, flags=0x8, repeatCount=0, eventTime=124305, downTime=124305, deviceId=-1, source=0x101 }
W/ViewRootImpl( 2668): Dropping event due to no window focus: KeyEvent { action=ACTION_DOWN, keyCode=KEYCODE_DPAD_CENTER, scanCode=0, metaState=0, flags=0x8, repeatCount=0, eventTime=124305, downTime=124305, deviceId=-1, source=0x101 }
W/ViewRootImpl( 2668): Dropping event due to no window focus: KeyEvent { action=ACTION_DOWN, keyCode=KEYCODE_DPAD_UP, scanCode=0, metaState=0, flags=0x8, repeatCount=0, eventTime=124306, downTime=124306, deviceId=-1, source=0x101 }
W/ViewRootImpl( 2668): Dropping event due to no window focus: KeyEvent { action=ACTION_DOWN, keyCode=KEYCODE_DPAD_LEFT, scanCode=0, metaState=0, flags=0x8, repeatCount=0, eventTime=124308, downTime=124308, deviceId=-1, source=0x101 }
D/dalvikvm( 2668): GC_FOR_ALLOC freed 112K, 26% free 4449K/5960K, paused 2ms, total 2ms
I/dalvikvm-heap( 2668): Grow heap (frag case) to 5.110MB for 741036-byte allocation
D/dalvikvm( 2668): GC_FOR_ALLOC freed 10K, 14% free 5162K/5960K, paused 5ms, total 5ms
D/dalvikvm( 2668): GC_CONCURRENT freed 728K, 26% free 4443K/5960K, paused 2ms+2ms, total 11ms
W/InputMethodManagerService(  479): Window already focused, ignoring focus gain of: com.android.internal.view.IInputMethodClient$Stub$Proxy@4aa165e0 attribute=null, token = android.os.BinderProxy@4aa595a4
W/ViewRootImpl( 2668): Dropping event due to no window focus: KeyEvent { action=ACTION_MULTIPLE, keyCode=KEYCODE_DPAD_RIGHT, scanCode=0, metaState=0, flags=0x400, repeatCount=2, eventTime=124376, downTime=124376, deviceId=-1, source=0x101 }
W/ViewRootImpl( 2668): Dropping event due to no window focus: KeyEvent { action=ACTION_DOWN, keyCode=KEYCODE_DPAD_RIGHT, scanCode=0, metaState=0, flags=0x400, repeatCount=0, eventTime=124376, downTime=124376, deviceId=-1, source=0x101 }
W/ViewRootImpl( 2668): Dropping event due to no window focus: KeyEvent { action=ACTION_DOWN, keyCode=KEYCODE_DPAD_RIGHT, scanCode=0, metaState=0, flags=0x400, repeatCount=0, eventTime=124376, downTime=124376, deviceId=-1, source=0x101 }
W/ViewRootImpl( 2668): Dropping event due to no window focus: KeyEvent { action=ACTION_DOWN, keyCode=KEYCODE_DPAD_RIGHT, scanCode=0, metaState=0, flags=0x400, repeatCount=0, eventTime=124376, downTime=124376, deviceId=-1, source=0x101 }
W/ViewRootImpl( 2668): Dropping event due to no window focus: KeyEvent { action=ACTION_DOWN, keyCode=KEYCODE_DPAD_CENTER, scanCode=0, metaState=0, flags=0x400, repeatCount=0, eventTime=124376, downTime=124376, deviceId=-1, source=0x101 }
W/ViewRootImpl( 2668): Dropping event due to no window focus: KeyEvent { action=ACTION_DOWN, keyCode=KEYCODE_MENU, scanCode=0, metaState=0, flags=0x8, repeatCount=0, eventTime=124375, downTime=124375, deviceId=-1, source=0x101 }
W/ViewRootImpl( 2668): Dropping event due to no window focus: KeyEvent { action=ACTION_DOWN, keyCode=KEYCODE_VOLUME_UP, scanCode=0, metaState=0, flags=0x8, repeatCount=0, eventTime=124378, downTime=124378, deviceId=-1, source=0x101 }
W/InputMethodManagerService(  479): Window already focused, ignoring focus gain of: com.android.internal.view.IInputMethodClient$Stub$Proxy@4a8fb0f0 attribute=null, token = android.os.BinderProxy@4aa595a4
W/ViewRootImpl( 2668): Dropping event due to no window focus: KeyEvent { action=ACTION_DOWN, keyCode=KEYCODE_MENU, scanCode=0, metaState=0, flags=0x8, repeatCount=0, eventTime=124408, downTime=124408, deviceId=-1, source=0x101 }
W/ViewRootImpl( 2668): Dropping event due to no window focus: KeyEvent { action=ACTION_DOWN, keyCode=KEYCODE_MENU, scanCode=0, metaState=0, flags=0x8, repeatCount=0, eventTime=124411, downTime=124411, deviceId=-1, source=0x101 }
W/ViewRootImpl( 2668): Dropping event due to no window focus: KeyEvent { action=ACTION_DOWN, keyCode=KEYCODE_SCROLL_LOCK, scanCode=0, metaState=0, flags=0x8, repeatCount=0, eventTime=124412, downTime=124412, deviceId=-1, source=0x101 }
W/ViewRootImpl( 2668): Dropping event due to no window focus: KeyEvent { action=ACTION_DOWN, keyCode=KEYCODE_MENU, scanCode=0, metaState=0, flags=0x8, repeatCount=0, eventTime=124414, downTime=124414, deviceId=-1, source=0x101 }
W/InputMethodManagerService(  479): Window already focused, ignoring focus gain of: com.android.internal.view.IInputMethodClient$Stub$Proxy@4aa1e614 attribute=null, token = android.os.BinderProxy@4aa595a4
I/ActivityManager(  479): START u0 {act=android.intent.action.MAIN cat=[android.intent.category.LAUNCHER] flg=0x10200000 cmp=bn.ereader/.app.ui.SplashActivity} from pid 2658
D/dalvikvm( 2668): GC_FOR_ALLOC freed 115K, 26% free 4445K/5960K, paused 2ms, total 2ms
I/dalvikvm-heap( 2668): Grow heap (frag case) to 5.107MB for 741036-byte allocation
D/dalvikvm( 2668): GC_FOR_ALLOC freed 7K, 14% free 5162K/5960K, paused 7ms, total 7ms
D/dalvikvm( 2668): GC_CONCURRENT freed 11K, 14% free 5151K/5960K, paused 2ms+0ms, total 4ms
W/ViewRootImpl( 2668): Dropping event due to no window focus: KeyEvent { action=ACTION_DOWN, keyCode=KEYCODE_DPAD_LEFT, scanCode=0, metaState=0, flags=0x8, repeatCount=0, eventTime=124529, downTime=124529, deviceId=-1, source=0x101 }
W/ViewRootImpl( 2668): Dropping event due to no window focus: KeyEvent { action=ACTION_DOWN, keyCode=KEYCODE_SYM, scanCode=0, metaState=0, flags=0x8, repeatCount=0, eventTime=124532, downTime=124532, deviceId=-1, source=0x101 }
W/ViewRootImpl( 2668): Dropping event due to no window focus: KeyEvent { action=ACTION_DOWN, keyCode=KEYCODE_H, scanCode=0, metaState=0, flags=0x8, repeatCount=0, eventTime=124533, downTime=124533, deviceId=-1, source=0x101 }
D/dalvikvm( 2668): GC_FOR_ALLOC freed 816K, 26% free 4447K/5960K, paused 2ms, total 2ms
D/dalvikvm( 2668): GC_FOR_ALLOC freed 11K, 22% free 4680K/5960K, paused 3ms, total 3ms
I/dalvikvm-heap( 2668): Grow heap (frag case) to 12.896MB for 8668836-byte allocation
D/dalvikvm( 2668): GC_FOR_ALLOC freed <1K, 9% free 13145K/14428K, paused 3ms, total 3ms
D/dalvikvm( 2668): GC_CONCURRENT freed 0K, 9% free 13145K/14428K, paused 4ms+0ms, total 9ms
I/System.out( 2668): body:<com.google.android.apps.analytics.a: java.lang.String a(java.lang.String,java.lang.String)>	sig:$r1 = staticinvoke <java.net.URLEncoder: java.lang.String encode(java.lang.String,java.lang.String)>($r0, $r1)	timediff:0
I/System.out( 2668): body:<com.google.android.apps.analytics.a: java.lang.String a(java.lang.String,java.lang.String)>	sig:$r1 = staticinvoke <java.net.URLEncoder: java.lang.String encode(java.lang.String,java.lang.String)>($r0, $r1)	timediff:0
I/System.out( 2668): body:<com.google.android.apps.analytics.a: java.lang.String a(java.lang.String,java.lang.String)>	sig:$r1 = staticinvoke <java.net.URLEncoder: java.lang.String encode(java.lang.String,java.lang.String)>($r0, $r1)	timediff:0
I/System.out( 2668): body:<com.google.android.apps.analytics.a: java.lang.String a(java.lang.String,java.lang.String)>	sig:$r1 = staticinvoke <java.net.URLEncoder: java.lang.String encode(java.lang.String,java.lang.String)>($r0, $r1)	timediff:0
I/System.out( 2668): body:<com.google.android.apps.analytics.a: java.lang.String a(java.lang.String,java.lang.String)>	sig:$r1 = staticinvoke <java.net.URLEncoder: java.lang.String encode(java.lang.String,java.lang.String)>($r0, $r1)	timediff:0
I/ActivityManager(  479): START u0 {act=android.intent.action.MAIN cat=[android.intent.category.LAUNCHER] flg=0x10200000 cmp=bn.ereader/.app.ui.SplashActivity} from pid 2658
V/PanelView(  533): animationTick called with dtms=0; nothing to do (h=0.0 v=0.0)
W/InputEventReceiver( 2668): Attempted to finish an input event but the input event receiver has already been disposed.
W/InputEventReceiver( 2668): Attempted to finish an input event but the input event receiver has already been disposed.
W/InputEventReceiver( 2668): Attempted to finish an input event but the input event receiver has already been disposed.
W/InputEventReceiver( 2668): Attempted to finish an input event but the input event receiver has already been disposed.
W/InputEventReceiver( 2668): Attempted to finish an input event but the input event receiver has already been disposed.
W/InputEventReceiver( 2668): Attempted to finish an input event but the input event receiver has already been disposed.
W/InputEventReceiver( 2668): Attempted to finish an input event but the input event receiver has already been disposed.
W/InputEventReceiver( 2668): Attempted to finish an input event but the input event receiver has already been disposed.
W/InputEventReceiver( 2668): Attempted to finish an input event but the input event receiver has already been disposed.
W/InputEventReceiver( 2668): Attempted to finish an input event but the input event receiver has already been disposed.
W/InputEventReceiver( 2668): Attempted to finish an input event but the input event receiver has already been disposed.
W/InputEventReceiver( 2668): Attempted to finish an input event but the input event receiver has already been disposed.
W/ViewRootImpl( 2668): Dropping event due to root view being removed: MotionEvent { action=ACTION_DOWN, id[0]=0, x[0]=1130.0, y[0]=-651.0, toolType[0]=TOOL_TYPE_UNKNOWN, buttonState=0, metaState=0, flags=0x0, edgeFlags=0x0, pointerCount=1, historySize=0, eventTime=124744, downTime=124744, deviceId=0, source=0x1002 }
W/ViewRootImpl( 2668): Dropping event due to root view being removed: MotionEvent { action=ACTION_UP, id[0]=0, x[0]=1131.1239, y[0]=-670.3017, toolType[0]=TOOL_TYPE_UNKNOWN, buttonState=0, metaState=0, flags=0x0, edgeFlags=0x0, pointerCount=1, historySize=0, eventTime=124744, downTime=124744, deviceId=0, source=0x1002 }
W/ViewRootImpl( 2668): Dropping event due to root view being removed: MotionEvent { action=ACTION_DOWN, id[0]=0, x[0]=977.0, y[0]=-261.0, toolType[0]=TOOL_TYPE_UNKNOWN, buttonState=0, metaState=0, flags=0x0, edgeFlags=0x0, pointerCount=1, historySize=0, eventTime=124744, downTime=124744, deviceId=0, source=0x1002 }
W/ViewRootImpl( 2668): Dropping event due to root view being removed: MotionEvent { action=ACTION_MOVE, id[0]=0, x[0]=984.6385, y[0]=-322.32, toolType[0]=TOOL_TYPE_UNKNOWN, buttonState=0, metaState=0, flags=0x0, edgeFlags=0x0, pointerCount=1, historySize=8, eventTime=124745, downTime=124744, deviceId=0, source=0x1002 }
W/ViewRootImpl( 2668): Dropping event due to root view being removed: MotionEvent { action=ACTION_UP, id[0]=0, x[0]=986.1577, y[0]=-324.2198, toolType[0]=TOOL_TYPE_UNKNOWN, buttonState=0, metaState=0, flags=0x0, edgeFlags=0x0, pointerCount=1, historySize=0, eventTime=124745, downTime=124744, deviceId=0, source=0x1002 }
W/ViewRootImpl( 2668): Dropping event due to root view being removed: MotionEvent { action=ACTION_DOWN, id[0]=0, x[0]=227.0, y[0]=-475.0, toolType[0]=TOOL_TYPE_UNKNOWN, buttonState=0, metaState=0, flags=0x0, edgeFlags=0x0, pointerCount=1, historySize=0, eventTime=124745, downTime=124745, deviceId=0, source=0x1002 }
W/ViewRootImpl( 2668): Dropping event due to root view being removed: MotionEvent { action=ACTION_MOVE, id[0]=0, x[0]=204.92328, y[0]=-464.6411, toolType[0]=TOOL_TYPE_UNKNOWN, buttonState=0, metaState=0, flags=0x0, edgeFlags=0x0, pointerCount=1, historySize=1, eventTime=124746, downTime=124745, deviceId=0, source=0x1002 }
W/ViewRootImpl( 2668): Dropping event due to root view being removed: MotionEvent { action=ACTION_UP, id[0]=0, x[0]=188.91608, y[0]=-462.28708, toolType[0]=TOOL_TYPE_UNKNOWN, buttonState=0, metaState=0, flags=0x0, edgeFlags=0x0, pointerCount=1, historySize=0, eventTime=124746, downTime=124745, deviceId=0, source=0x1002 }
W/ViewRootImpl( 2668): Dropping event due to root view being removed: MotionEvent { action=ACTION_DOWN, id[0]=0, x[0]=77.0, y[0]=-637.0, toolType[0]=TOOL_TYPE_UNKNOWN, buttonState=0, metaState=0, flags=0x0, edgeFlags=0x0, pointerCount=1, historySize=0, eventTime=124746, downTime=124746, deviceId=0, source=0x1002 }
W/ViewRootImpl( 2668): Dropping event due to root view being removed: MotionEvent { action=ACTION_MOVE, id[0]=0, x[0]=138.13269, y[0]=-666.8147, toolType[0]=TOOL_TYPE_UNKNOWN, buttonState=0, metaState=0, flags=0x0, edgeFlags=0x0, pointerCount=1, historySize=8, eventTime=124747, downTime=124746, deviceId=0, source=0x1002 }
W/ViewRootImpl( 2668): Dropping event due to root view being removed: MotionEvent { action=ACTION_UP, id[0]=0, x[0]=142.3578, y[0]=-668.76434, toolType[0]=TOOL_TYPE_UNKNOWN, buttonState=0, metaState=0, flags=0x0, edgeFlags=0x0, pointerCount=1, historySize=0, eventTime=124747, downTime=124746, deviceId=0, source=0x1002 }
W/ViewRootImpl( 2668): Dropping event due to no window focus: KeyEvent { action=ACTION_DOWN, keyCode=KEYCODE_DPAD_UP, scanCode=0, metaState=0, flags=0x8, repeatCount=0, eventTime=124754, downTime=124754, deviceId=-1, source=0x101 }
W/ViewRootImpl( 2668): Dropping event due to no window focus: MotionEvent { action=ACTION_MOVE, id[0]=0, x[0]=0.0, y[0]=0.0, toolType[0]=TOOL_TYPE_UNKNOWN, buttonState=0, metaState=0, flags=0x0, edgeFlags=0x0, pointerCount=1, historySize=9, eventTime=124759, downTime=-1, deviceId=0, source=0x10004 }
W/ViewRootImpl( 2668): Dropping event due to no window focus: MotionEvent { action=ACTION_DOWN, id[0]=0, x[0]=0.0, y[0]=0.0, toolType[0]=TOOL_TYPE_UNKNOWN, buttonState=0, metaState=0, flags=0x0, edgeFlags=0x0, pointerCount=1, historySize=0, eventTime=124759, downTime=124758, deviceId=0, source=0x10004 }
W/ViewRootImpl( 2668): Dropping event due to no window focus: KeyEvent { action=ACTION_DOWN, keyCode=KEYCODE_DPAD_DOWN, scanCode=0, metaState=0, flags=0x8, repeatCount=0, eventTime=124760, downTime=124760, deviceId=-1, source=0x101 }
W/ViewRootImpl( 2668): Dropping event due to no window focus: KeyEvent { action=ACTION_DOWN, keyCode=KEYCODE_DPAD_LEFT, scanCode=0, metaState=0, flags=0x8, repeatCount=0, eventTime=124763, downTime=124763, deviceId=-1, source=0x101 }
W/ViewRootImpl( 2668): Dropping event due to no window focus: KeyEvent { action=ACTION_DOWN, keyCode=KEYCODE_DPAD_RIGHT, scanCode=0, metaState=0, flags=0x8, repeatCount=0, eventTime=124764, downTime=124764, deviceId=-1, source=0x101 }
W/ViewRootImpl( 2668): Dropping event due to no window focus: KeyEvent { action=ACTION_DOWN, keyCode=KEYCODE_DPAD_RIGHT, scanCode=0, metaState=0, flags=0x8, repeatCount=0, eventTime=124765, downTime=124765, deviceId=-1, source=0x101 }
W/ViewRootImpl( 2668): Dropping event due to no window focus: KeyEvent { action=ACTION_DOWN, keyCode=KEYCODE_DPAD_DOWN, scanCode=0, metaState=0, flags=0x8, repeatCount=0, eventTime=124769, downTime=124769, deviceId=-1, source=0x101 }
W/ViewRootImpl( 2668): Dropping event due to no window focus: KeyEvent { action=ACTION_DOWN, keyCode=KEYCODE_PROG_BLUE, scanCode=0, metaState=0, flags=0x8, repeatCount=0, eventTime=124772, downTime=124772, deviceId=-1, source=0x101 }
W/ViewRootImpl( 2668): Dropping event due to no window focus: KeyEvent { action=ACTION_DOWN, keyCode=KEYCODE_NUM_LOCK, scanCode=0, metaState=0, flags=0x8, repeatCount=0, eventTime=124773, downTime=124773, deviceId=-1, source=0x101 }
W/ViewRootImpl( 2668): Dropping event due to no window focus: KeyEvent { action=ACTION_DOWN, keyCode=KEYCODE_DPAD_DOWN, scanCode=0, metaState=0, flags=0x8, repeatCount=0, eventTime=124774, downTime=124774, deviceId=-1, source=0x101 }
W/ContextImpl( 2668): Implicit intents with startService are not safe: Intent { act=bn.services.cloudproxy.IRequestHandler } android.content.ContextWrapper.startService:494 bn.services.cloudproxy.ay.<init>:-1 bn.services.cloudproxy.ax.<init>:-1 
W/ContextImpl( 2668): Implicit intents with startService are not safe: Intent { act=bn.services.cloudproxy.IRequestHandler } android.content.ContextWrapper.bindService:517 bn.services.cloudproxy.ay.<init>:-1 bn.services.cloudproxy.ax.<init>:-1 
W/ViewRootImpl( 2668): Dropping event due to no window focus: KeyEvent { action=ACTION_DOWN, keyCode=KEYCODE_DPAD_DOWN, scanCode=0, metaState=0, flags=0x8, repeatCount=0, eventTime=124779, downTime=124779, deviceId=-1, source=0x101 }
W/ViewRootImpl( 2668): Dropping event due to no window focus: KeyEvent { action=ACTION_DOWN, keyCode=KEYCODE_BUTTON_11, scanCode=0, metaState=0, flags=0x8, repeatCount=0, eventTime=124804, downTime=124804, deviceId=-1, source=0x101 }
W/ViewRootImpl( 2668): Dropping event due to no window focus: KeyEvent { action=ACTION_DOWN, keyCode=KEYCODE_DPAD_CENTER, scanCode=0, metaState=0, flags=0x8, repeatCount=0, eventTime=124804, downTime=124804, deviceId=-1, source=0x101 }
W/ViewRootImpl( 2668): Dropping event due to no window focus: KeyEvent { action=ACTION_DOWN, keyCode=KEYCODE_DPAD_LEFT, scanCode=0, metaState=0, flags=0x8, repeatCount=0, eventTime=124806, downTime=124806, deviceId=-1, source=0x101 }
W/ViewRootImpl( 2668): Dropping event due to no window focus: KeyEvent { action=ACTION_DOWN, keyCode=KEYCODE_DPAD_CENTER, scanCode=0, metaState=0, flags=0x8, repeatCount=0, eventTime=124807, downTime=124807, deviceId=-1, source=0x101 }
W/ViewRootImpl( 2668): Dropping event due to no window focus: KeyEvent { action=ACTION_DOWN, keyCode=KEYCODE_DPAD_RIGHT, scanCode=0, metaState=0, flags=0x8, repeatCount=0, eventTime=124808, downTime=124808, deviceId=-1, source=0x101 }
W/ViewRootImpl( 2668): Dropping event due to no window focus: KeyEvent { action=ACTION_DOWN, keyCode=KEYCODE_DPAD_UP, scanCode=0, metaState=0, flags=0x8, repeatCount=0, eventTime=124809, downTime=124809, deviceId=-1, source=0x101 }
W/ViewRootImpl( 2668): Dropping event due to no window focus: KeyEvent { action=ACTION_DOWN, keyCode=KEYCODE_PROG_RED, scanCode=0, metaState=0, flags=0x8, repeatCount=0, eventTime=124810, downTime=124810, deviceId=-1, source=0x101 }
W/ViewRootImpl( 2668): Dropping event due to no window focus: MotionEvent { action=ACTION_MOVE, id[0]=0, x[0]=3.0, y[0]=0.0, toolType[0]=TOOL_TYPE_UNKNOWN, buttonState=0, metaState=0, flags=0x0, edgeFlags=0x0, pointerCount=1, historySize=19, eventTime=124813, downTime=-1, deviceId=0, source=0x10004 }
W/ViewRootImpl( 2668): Dropping event due to no window focus: MotionEvent { action=ACTION_DOWN, id[0]=0, x[0]=0.0, y[0]=0.0, toolType[0]=TOOL_TYPE_UNKNOWN, buttonState=0, metaState=0, flags=0x0, edgeFlags=0x0, pointerCount=1, historySize=0, eventTime=124813, downTime=124812, deviceId=0, source=0x10004 }
W/ViewRootImpl( 2668): Dropping event due to no window focus: KeyEvent { action=ACTION_DOWN, keyCode=KEYCODE_DPAD_LEFT, scanCode=0, metaState=0, flags=0x8, repeatCount=0, eventTime=124814, downTime=124814, deviceId=-1, source=0x101 }
W/ViewRootImpl( 2668): Dropping event due to no window focus: KeyEvent { action=ACTION_DOWN, keyCode=KEYCODE_CHANNEL_DOWN, scanCode=0, metaState=0, flags=0x8, repeatCount=0, eventTime=124816, downTime=124816, deviceId=-1, source=0x101 }
V/FlingTracker(  533): computeCurrentVelocity warning: totalweight=0
V/FlingTracker(  533): java.lang.Throwable
V/FlingTracker(  533): 	at com.android.systemui.statusbar.phone.PanelView$FlingTracker.computeCurrentVelocity(PanelView.java:162)
V/FlingTracker(  533): 	at com.android.systemui.statusbar.phone.PanelView$3.onTouch(PanelView.java:462)
V/FlingTracker(  533): 	at android.view.View.dispatchTouchEvent(View.java:7701)
V/FlingTracker(  533): 	at com.android.systemui.statusbar.phone.NotificationPanelView.onTouchEvent(NotificationPanelView.java:138)
V/FlingTracker(  533): 	at com.android.systemui.statusbar.phone.PanelBar.onTouchEvent(PanelBar.java:130)
V/FlingTracker(  533): 	at com.android.systemui.statusbar.phone.PhoneStatusBarView.onTouchEvent(PhoneStatusBarView.java:201)
V/FlingTracker(  533): 	at android.view.View.dispatchTouchEvent(View.java:7706)
V/FlingTracker(  533): 	at android.view.ViewGroup.dispatchTransformedTouchEvent(ViewGroup.java:2210)
V/FlingTracker(  533): 	at android.view.ViewGroup.dispatchTouchEvent(ViewGroup.java:1945)
V/FlingTracker(  533): 	at android.view.ViewGroup.dispatchTransformedTouchEvent(ViewGroup.java:2216)
V/FlingTracker(  533): 	at android.view.ViewGroup.dispatchTouchEvent(ViewGroup.java:1959)
V/FlingTracker(  533): 	at android.view.View.dispatchPointerEvent(View.java:7886)
V/FlingTracker(  533): 	at android.view.ViewRootImpl$ViewPostImeInputStage.processPointerEvent(ViewRootImpl.java:3978)
V/FlingTracker(  533): 	at android.view.ViewRootImpl$ViewPostImeInputStage.onProcess(ViewRootImpl.java:3857)
V/FlingTracker(  533): 	at android.view.ViewRootImpl$InputStage.deliver(ViewRootImpl.java:3423)
V/FlingTracker(  533): 	at android.view.ViewRootImpl$InputStage.onDeliverToNext(ViewRootImpl.java:3473)
V/FlingTracker(  533): 	at android.view.ViewRootImpl$InputStage.forward(ViewRootImpl.java:3442)
V/FlingTracker(  533): 	at android.view.ViewRootImpl$AsyncInputStage.forward(ViewRootImpl.java:3549)
V/FlingTracker(  533): 	at android.view.ViewRootImpl$InputStage.apply(ViewRootImpl.java:3450)
V/FlingTracker(  533): 	at android.view.ViewRootImpl$AsyncInputStage.apply(ViewRootImpl.java:3606)
V/FlingTracker(  533): 	at android.view.ViewRootImpl$InputStage.deliver(ViewRootImpl.java:3423)
V/FlingTracker(  533): 	at android.view.ViewRootImpl$InputStage.onDeliverToNext(ViewRootImpl.java:3473)
V/FlingTracker(  533): 	at android.view.ViewRootImpl$InputStage.forward(ViewRootImpl.java:3442)
V/FlingTracker(  533): 	at android.view.ViewRootImpl$InputStage.apply(ViewRootImpl.java:3450)
V/FlingTracker(  533): 	at android.view.ViewRootImpl$InputStage.deliver(ViewRootImpl.java:3423)
V/FlingTracker(  533): 	at android.view.ViewRootImpl.deliverInputEvent(ViewRootImpl.java:5626)
V/FlingTracker(  533): 	at android.view.ViewRootImpl.doProcessInputEvents(ViewRootImpl.java:5606)
V/FlingTracker(  533): 	at android.view.ViewRootImpl.enqueueInputEvent(ViewRootImpl.java:5577)
V/FlingTracker(  533): 	at android.view.ViewRootImpl$WindowInputEventReceiver.onInputEvent(ViewRootImpl.java:5706)
V/FlingTracker(  533): 	at android.view.InputEventReceiver.dispatchInputEvent(InputEventReceiver.java:185)
V/FlingTracker(  533): 	at android.os.MessageQueue.nativePollOnce(Native Method)
V/FlingTracker(  533): 	at android.os.MessageQueue.next(MessageQueue.java:138)
V/FlingTracker(  533): 	at android.os.Looper.loop(Looper.java:123)
V/FlingTracker(  533): 	at android.app.ActivityThread.main(ActivityThread.java:5019)
V/FlingTracker(  533): 	at java.lang.reflect.Method.invokeNative(Native Method)
V/FlingTracker(  533): 	at java.lang.reflect.Method.invoke(Method.java:515)
V/FlingTracker(  533): 	at com.android.internal.os.ZygoteInit$MethodAndArgsCaller.run(ZygoteInit.java:779)
V/FlingTracker(  533): 	at com.android.internal.os.ZygoteInit.main(ZygoteInit.java:595)
V/FlingTracker(  533): 	at dalvik.system.NativeStart.main(Native Method)
V/PanelView(  533): animationTick called with dtms=0; nothing to do (h=0.0 v=0.0)
W/ViewRootImpl( 2668): Dropping event due to no window focus: KeyEvent { action=ACTION_DOWN, keyCode=KEYCODE_PROG_YELLOW, scanCode=0, metaState=0, flags=0x8, repeatCount=0, eventTime=124823, downTime=124823, deviceId=-1, source=0x101 }
W/ViewRootImpl( 2668): Dropping event due to no window focus: KeyEvent { action=ACTION_DOWN, keyCode=KEYCODE_DPAD_RIGHT, scanCode=0, metaState=0, flags=0x8, repeatCount=0, eventTime=124825, downTime=124825, deviceId=-1, source=0x101 }
W/ViewRootImpl( 2668): Dropping event due to no window focus: KeyEvent { action=ACTION_DOWN, keyCode=KEYCODE_MENU, scanCode=0, metaState=0, flags=0x8, repeatCount=0, eventTime=124827, downTime=124827, deviceId=-1, source=0x101 }
W/ViewRootImpl( 2668): Dropping event due to no window focus: KeyEvent { action=ACTION_DOWN, keyCode=KEYCODE_DPAD_UP, scanCode=0, metaState=0, flags=0x8, repeatCount=0, eventTime=124854, downTime=124854, deviceId=-1, source=0x101 }
W/ViewRootImpl( 2668): Dropping event due to no window focus: KeyEvent { action=ACTION_DOWN, keyCode=KEYCODE_MENU, scanCode=0, metaState=0, flags=0x8, repeatCount=0, eventTime=124855, downTime=124855, deviceId=-1, source=0x101 }
W/ViewRootImpl( 2668): Dropping event due to no window focus: MotionEvent { action=ACTION_MOVE, id[0]=0, x[0]=-5.0, y[0]=-3.0, toolType[0]=TOOL_TYPE_UNKNOWN, buttonState=0, metaState=0, flags=0x0, edgeFlags=0x0, pointerCount=1, historySize=19, eventTime=124778, downTime=-1, deviceId=0, source=0x10004 }
W/InputMethodManagerService(  479): Window already focused, ignoring focus gain of: com.android.internal.view.IInputMethodClient$Stub$Proxy@4a9aeba4 attribute=null, token = android.os.BinderProxy@4aa595a4
D/dalvikvm( 2668): GC_FOR_ALLOC freed 992K, 8% free 14806K/15968K, paused 3ms, total 3ms
I/dalvikvm-heap( 2668): Grow heap (frag case) to 22.786MB for 8668836-byte allocation
D/dalvikvm( 2668): GC_FOR_ALLOC freed 8K, 5% free 23264K/24436K, paused 5ms, total 5ms
D/dalvikvm( 2668): GC_CONCURRENT freed 0K, 5% free 23264K/24436K, paused 1ms+2ms, total 5ms
I/System.out( 2668): body:<com.google.android.apps.analytics.a: java.lang.String a(java.lang.String,java.lang.String)>	sig:$r1 = staticinvoke <java.net.URLEncoder: java.lang.String encode(java.lang.String,java.lang.String)>($r0, $r1)	timediff:0
I/System.out( 2668): body:<com.google.android.apps.analytics.a: java.lang.String a(java.lang.String,java.lang.String)>	sig:$r1 = staticinvoke <java.net.URLEncoder: java.lang.String encode(java.lang.String,java.lang.String)>($r0, $r1)	timediff:0
I/System.out( 2668): body:<com.google.android.apps.analytics.a: java.lang.String a(java.lang.String,java.lang.String)>	sig:$r1 = staticinvoke <java.net.URLEncoder: java.lang.String encode(java.lang.String,java.lang.String)>($r0, $r1)	timediff:0
I/System.out( 2668): body:<com.google.android.apps.analytics.a: java.lang.String a(java.lang.String,java.lang.String)>	sig:$r1 = staticinvoke <java.net.URLEncoder: java.lang.String encode(java.lang.String,java.lang.String)>($r0, $r1)	timediff:0
I/System.out( 2668): body:<com.google.android.apps.analytics.a: java.lang.String a(java.lang.String,java.lang.String)>	sig:$r1 = staticinvoke <java.net.URLEncoder: java.lang.String encode(java.lang.String,java.lang.String)>($r0, $r1)	timediff:0
W/InputEventReceiver( 2668): Attempted to finish an input event but the input event receiver has already been disposed.
W/InputEventReceiver( 2668): Attempted to finish an input event but the input event receiver has already been disposed.
W/InputEventReceiver( 2668): Attempted to finish an input event but the input event receiver has already been disposed.
W/InputEventReceiver( 2668): Attempted to finish an input event but the input event receiver has already been disposed.
W/InputEventReceiver( 2668): Attempted to finish an input event but the input event receiver has already been disposed.
W/InputEventReceiver( 2668): Attempted to finish an input event but the input event receiver has already been disposed.
W/InputEventReceiver( 2668): Attempted to finish an input event but the input event receiver has already been disposed.
W/ViewRootImpl( 2668): Dropping event due to root view being removed: MotionEvent { action=ACTION_UP, id[0]=0, x[0]=941.854, y[0]=-52.818954, toolType[0]=TOOL_TYPE_UNKNOWN, buttonState=0, metaState=0, flags=0x0, edgeFlags=0x0, pointerCount=1, historySize=0, eventTime=125010, downTime=125009, deviceId=0, source=0x1002 }
W/ViewRootImpl( 2668): Dropping event due to root view being removed: MotionEvent { action=ACTION_DOWN, id[0]=0, x[0]=592.0, y[0]=425.0, toolType[0]=TOOL_TYPE_UNKNOWN, buttonState=0, metaState=0, flags=0x0, edgeFlags=0x0, pointerCount=1, historySize=0, eventTime=125011, downTime=125011, deviceId=0, source=0x1002 }
W/ViewRootImpl( 2668): Dropping event due to root view being removed: MotionEvent { action=ACTION_POINTER_DOWN(1), id[0]=0, x[0]=588.3973, y[0]=427.89105, toolType[0]=TOOL_TYPE_UNKNOWN, id[1]=1, x[1]=-103.0, y[1]=415.0, toolType[1]=TOOL_TYPE_UNKNOWN, buttonState=0, metaState=0, flags=0x0, edgeFlags=0x0, pointerCount=2, historySize=0, eventTime=125011, downTime=125011, deviceId=0, source=0x1002 }
W/ViewRootImpl( 2668): Dropping event due to root view being removed: MotionEvent { action=ACTION_MOVE, id[0]=0, x[0]=554.8913, y[0]=438.53247, toolType[0]=TOOL_TYPE_UNKNOWN, id[1]=1, x[1]=-82.56038, y[1]=409.2066, toolType[1]=TOOL_TYPE_UNKNOWN, buttonState=0, metaState=0, flags=0x0, edgeFlags=0x0, pointerCount=2, historySize=2, eventTime=125012, downTime=125011, deviceId=0, source=0x1002 }
W/ViewRootImpl( 2668): Dropping event due to root view being removed: MotionEvent { action=ACTION_POINTER_UP(1), id[0]=0, x[0]=545.71967, y[0]=440.3841, toolType[0]=TOOL_TYPE_UNKNOWN, id[1]=1, x[1]=-79.61438, y[1]=405.29474, toolType[1]=TOOL_TYPE_UNKNOWN, buttonState=0, metaState=0, flags=0x0, edgeFlags=0x0, pointerCount=2, historySize=0, eventTime=125012, downTime=125011, deviceId=0, source=0x1002 }
W/ViewRootImpl( 2668): Dropping event due to root view being removed: MotionEvent { action=ACTION_UP, id[0]=0, x[0]=536.3988, y[0]=441.80627, toolType[0]=TOOL_TYPE_UNKNOWN, buttonState=0, metaState=0, flags=0x0, edgeFlags=0x0, pointerCount=1, historySize=0, eventTime=125012, downTime=125011, deviceId=0, source=0x1002 }
D/dalvikvm( 2668): GC_FOR_ALLOC freed 268K, 4% free 23520K/24436K, paused 3ms, total 3ms
I/dalvikvm-heap( 2668): Grow heap (frag case) to 31.295MB for 8668836-byte allocation
D/dalvikvm( 2668): GC_FOR_ALLOC freed 2K, 3% free 31983K/32904K, paused 8ms, total 8ms
D/dalvikvm( 2668): GC_CONCURRENT freed 0K, 3% free 31983K/32904K, paused 2ms+0ms, total 5ms
I/System.out( 2668): body:<com.google.android.apps.analytics.a: java.lang.String a(java.lang.String,java.lang.String)>	sig:$r1 = staticinvoke <java.net.URLEncoder: java.lang.String encode(java.lang.String,java.lang.String)>($r0, $r1)	timediff:0
I/System.out( 2668): body:<com.google.android.apps.analytics.a: java.lang.String a(java.lang.String,java.lang.String)>	sig:$r1 = staticinvoke <java.net.URLEncoder: java.lang.String encode(java.lang.String,java.lang.String)>($r0, $r1)	timediff:0
I/System.out( 2668): body:<com.google.android.apps.analytics.a: java.lang.String a(java.lang.String,java.lang.String)>	sig:$r1 = staticinvoke <java.net.URLEncoder: java.lang.String encode(java.lang.String,java.lang.String)>($r0, $r1)	timediff:0
I/System.out( 2668): body:<com.google.android.apps.analytics.a: java.lang.String a(java.lang.String,java.lang.String)>	sig:$r1 = staticinvoke <java.net.URLEncoder: java.lang.String encode(java.lang.String,java.lang.String)>($r0, $r1)	timediff:0
I/System.out( 2668): body:<com.google.android.apps.analytics.a: java.lang.String a(java.lang.String,java.lang.String)>	sig:$r1 = staticinvoke <java.net.URLEncoder: java.lang.String encode(java.lang.String,java.lang.String)>($r0, $r1)	timediff:0
D/dalvikvm( 2695): GC_CONCURRENT freed 262K, 10% free 3216K/3544K, paused 3ms+0ms, total 8ms
W/InputEventReceiver( 2668): Attempted to finish an input event but the input event receiver has already been disposed.
W/InputEventReceiver( 2668): Attempted to finish an input event but the input event receiver has already been disposed.
W/InputEventReceiver( 2668): Attempted to finish an input event but the input event receiver has already been disposed.
W/ViewRootImpl( 2668): Dropping event due to root view being removed: MotionEvent { action=ACTION_DOWN, id[0]=0, x[0]=756.0, y[0]=-291.0, toolType[0]=TOOL_TYPE_UNKNOWN, buttonState=0, metaState=0, flags=0x0, edgeFlags=0x0, pointerCount=1, historySize=0, eventTime=125195, downTime=125195, deviceId=0, source=0x1002 }
W/ViewRootImpl( 2668): Dropping event due to root view being removed: MotionEvent { action=ACTION_UP, id[0]=0, x[0]=763.7031, y[0]=-303.52258, toolType[0]=TOOL_TYPE_UNKNOWN, buttonState=0, metaState=0, flags=0x0, edgeFlags=0x0, pointerCount=1, historySize=0, eventTime=125196, downTime=125195, deviceId=0, source=0x1002 }
W/ViewRootImpl( 2668): Dropping event due to no window focus: KeyEvent { action=ACTION_DOWN, keyCode=KEYCODE_MEDIA_PLAY, scanCode=0, metaState=0, flags=0x8, repeatCount=0, eventTime=125204, downTime=125204, deviceId=-1, source=0x101 }
W/ViewRootImpl( 2668): Dropping event due to no window focus: KeyEvent { action=ACTION_DOWN, keyCode=KEYCODE_DPAD_RIGHT, scanCode=0, metaState=0, flags=0x8, repeatCount=0, eventTime=125207, downTime=125207, deviceId=-1, source=0x101 }
I/ActivityManager(  479): START u0 {act=android.intent.action.MAIN cat=[android.intent.category.LAUNCHER] flg=0x10200000 cmp=bn.ereader/.app.ui.SplashActivity} from pid 2658
W/ViewRootImpl( 2668): Dropping event due to no window focus: KeyEvent { action=ACTION_DOWN, keyCode=KEYCODE_BOOKMARK, scanCode=0, metaState=0, flags=0x8, repeatCount=0, eventTime=125292, downTime=125292, deviceId=-1, source=0x101 }
W/ViewRootImpl( 2668): Dropping event due to no window focus: KeyEvent { action=ACTION_DOWN, keyCode=KEYCODE_DPAD_CENTER, scanCode=0, metaState=0, flags=0x8, repeatCount=0, eventTime=125294, downTime=125294, deviceId=-1, source=0x101 }
W/ViewRootImpl( 2668): Dropping event due to no window focus: KeyEvent { action=ACTION_DOWN, keyCode=KEYCODE_NUMPAD_DOT, scanCode=0, metaState=0, flags=0x8, repeatCount=0, eventTime=125295, downTime=125295, deviceId=-1, source=0x101 }
W/ViewRootImpl( 2668): Dropping event due to no window focus: KeyEvent { action=ACTION_DOWN, keyCode=KEYCODE_FORWARD_DEL, scanCode=0, metaState=0, flags=0x8, repeatCount=0, eventTime=125295, downTime=125295, deviceId=-1, source=0x101 }
W/ViewRootImpl( 2668): Dropping event due to no window focus: KeyEvent { action=ACTION_DOWN, keyCode=KEYCODE_MENU, scanCode=0, metaState=0, flags=0x8, repeatCount=0, eventTime=125298, downTime=125298, deviceId=-1, source=0x101 }
W/ViewRootImpl( 2668): Dropping event due to no window focus: KeyEvent { action=ACTION_DOWN, keyCode=KEYCODE_DPAD_DOWN, scanCode=0, metaState=0, flags=0x8, repeatCount=0, eventTime=125306, downTime=125306, deviceId=-1, source=0x101 }
D/dalvikvm( 2668): GC_FOR_ALLOC freed 283K, 2% free 32278K/32904K, paused 3ms, total 3ms
I/dalvikvm-heap( 2668): Grow heap (frag case) to 39.848MB for 8668836-byte allocation
D/dalvikvm( 2668): GC_FOR_ALLOC freed 1K, 2% free 40742K/41372K, paused 4ms, total 4ms
D/dalvikvm( 2668): GC_CONCURRENT freed 0K, 2% free 40742K/41372K, paused 3ms+0ms, total 14ms
I/System.out( 2668): body:<com.google.android.apps.analytics.a: java.lang.String a(java.lang.String,java.lang.String)>	sig:$r1 = staticinvoke <java.net.URLEncoder: java.lang.String encode(java.lang.String,java.lang.String)>($r0, $r1)	timediff:0
I/System.out( 2668): body:<com.google.android.apps.analytics.a: java.lang.String a(java.lang.String,java.lang.String)>	sig:$r1 = staticinvoke <java.net.URLEncoder: java.lang.String encode(java.lang.String,java.lang.String)>($r0, $r1)	timediff:0
I/System.out( 2668): body:<com.google.android.apps.analytics.a: java.lang.String a(java.lang.String,java.lang.String)>	sig:$r1 = staticinvoke <java.net.URLEncoder: java.lang.String encode(java.lang.String,java.lang.String)>($r0, $r1)	timediff:0
I/System.out( 2668): body:<com.google.android.apps.analytics.a: java.lang.String a(java.lang.String,java.lang.String)>	sig:$r1 = staticinvoke <java.net.URLEncoder: java.lang.String encode(java.lang.String,java.lang.String)>($r0, $r1)	timediff:0
