D/Stardroid.Analytics( 5284): Logging event Preference toggled (User Action) label Preference:read_whats_new_version value 1480
W/ViewRootImpl( 5284): Dropping event due to root view being removed: MotionEvent { action=ACTION_UP, id[0]=0, x[0]=831.11646, y[0]=-56.328873, toolType[0]=TOOL_TYPE_UNKNOWN, buttonState=0, metaState=0, flags=0x0, edgeFlags=0x0, pointerCount=1, historySize=0, eventTime=449114, downTime=449114, deviceId=0, source=0x1002 }
I/ActivityManager(  479): START u0 {cmp=com.google.android.stardroid/.activities.DynamicStarMapActivity} from pid 5284
W/ViewRootImpl( 5284): Dropping event due to no window focus: KeyEvent { action=ACTION_DOWN, keyCode=KEYCODE_DPAD_DOWN, scanCode=0, metaState=0, flags=0x8, repeatCount=0, eventTime=449128, downTime=449128, deviceId=-1, source=0x101 }
D/Stardroid.SplashScreenActivity( 5284): onPause
W/InputMethodManagerService(  479): Window already focused, ignoring focus gain of: com.android.internal.view.IInputMethodClient$Stub$Proxy@4a918f30 attribute=null, token = android.os.BinderProxy@4a95aec4
D/Stardroid.DynamicStarMapActivity( 5284): onCreate at 1523643943547
D/Stardroid.DynamicStarMapModule( 5284): Creating activity module for com.google.android.stardroid.activities.DynamicStarMapActivity@4ae9cb78
D/Stardroid.LocationController( 5284): Got location Manager
D/Stardroid.AbstractController( 5284): Disabling controller com.google.android.stardroid.control.ManualOrientationController@4aea9d08
D/Stardroid.AbstractController( 5284): Enabling controller com.google.android.stardroid.control.SensorOrientationController@4aea70ec
D/Stardroid.SensorAccuracyMonitor( 5284): Creating new accuracy monitor
D/Stardroid.GooglePlayServicesChecker( 5284): Google Play Services check
D/Stardroid.GooglePlayServicesChecker( 5284): Google Play Services is available and up to date
D/Stardroid.GooglePlayServicesChecker( 5284): Location permission is granted
I/Stardroid.DynamicStarMapActivity( 5284): Initializing Model, View and Controller @ 1523643943552
D/dalvikvm( 5284): GC_CONCURRENT freed 1688K, 11% free 15512K/17264K, paused 2ms+1ms, total 17ms
D/dalvikvm( 5284): WAIT_FOR_CONCURRENT_GC blocked 8ms
D/Stardroid.PreferencesButton( 5284): Preference key is source_provider.0
D/Stardroid.PreferencesButton( 5284): Setting initial value of preference source_provider.0 to true
D/Stardroid.PreferencesButton( 5284): Preference key is source_provider.1
D/Stardroid.PreferencesButton( 5284): Setting initial value of preference source_provider.1 to true
D/Stardroid.PreferencesButton( 5284): Preference key is source_provider.2
D/Stardroid.PreferencesButton( 5284): Setting initial value of preference source_provider.2 to true
D/Stardroid.PreferencesButton( 5284): Preference key is source_provider.3
D/Stardroid.PreferencesButton( 5284): Setting initial value of preference source_provider.3 to true
D/Stardroid.PreferencesButton( 5284): Preference key is source_provider.6
D/Stardroid.PreferencesButton( 5284): Setting initial value of preference source_provider.6 to true
D/Stardroid.PreferencesButton( 5284): Preference key is source_provider.4
D/Stardroid.PreferencesButton( 5284): Setting initial value of preference source_provider.4 to true
D/Stardroid.PreferencesButton( 5284): Preference key is source_provider.5
D/Stardroid.PreferencesButton( 5284): Setting initial value of preference source_provider.5 to true
D/Stardroid.PreferencesButton( 5284): Preference key is auto_mode
D/Stardroid.PreferencesButton( 5284): Setting initial value of preference auto_mode to true
D/SkyBox  ( 5284): Vertices: 80
D/SkyBox  ( 5284): Indices: 420
D/SkyRenderer( 5284): SkyRenderer::SkyRenderer()
I/Stardroid.DynamicStarMapActivity( 5284): Setting layers @ 1523643943634
D/Stardroid.SkyGradientLayer( 5284): Setting showSkyGradient true
I/Stardroid.DynamicStarMapActivity( 5284): Set up controllers @ 1523643943657
I/Stardroid.ControllerGroup( 5284): Setting model
I/Stardroid.MapMover( 5284): Screen height is 720 pixels.
D/Stardroid.DynamicStarMapActivity( 5284): Initializing TimePlayer UI.
I/Stardroid.DynamicStarMapActivity( 5284): Minimum sensors present
D/Stardroid.PreferenceChangeAnalyticsTracker( 5284): Logging pref change auto_mode
D/Stardroid.Analytics( 5284): Logging event Preference toggled (User Action) label Preference:auto_mode value 1
D/Stardroid.DynamicStarMapActivity( 5284): Preferences changed: key=auto_mode
D/Stardroid.DynamicStarMapActivity( 5284): Automode is set to true
D/Stardroid.DynamicStarMapActivity( 5284): Switching to sensor control
D/Stardroid.Analytics( 5284): Logging event Pressed Menu Item (User Action) label Toggled Manual Mode value 0
D/Stardroid.AbstractController( 5284): Disabling controller com.google.android.stardroid.control.ManualOrientationController@4aea9d08
D/Stardroid.AbstractController( 5284): Enabling controller com.google.android.stardroid.control.SensorOrientationController@4aea70ec
D/Stardroid.SensorAccuracyMonitor( 5284): Starting monitoring compass accuracy
D/Stardroid.Analytics( 5284): Logging event Pressed Menu Item (User Action) label Toggled Manual Mode value 0
D/Stardroid.AbstractController( 5284): Disabling controller com.google.android.stardroid.control.ManualOrientationController@4aea9d08
D/Stardroid.AbstractController( 5284): Enabling controller com.google.android.stardroid.control.SensorOrientationController@4aea70ec
D/Stardroid.DynamicStarMapActivity( 5284): Intent received: Intent { cmp=com.google.android.stardroid/.activities.DynamicStarMapActivity }
D/Stardroid.DynamicStarMapActivity( 5284): -onCreate at 1523643943669
D/Stardroid.Analytics( 5284): Logging page /MainPage
D/Stardroid.DynamicStarMapActivity( 5284): onResume at 1523643943669
I/Stardroid.DynamicStarMapActivity( 5284): Resuming
I/MediaExtractor(  169): Use extended extractor for the special mime(audio/x-wav) or codec
E/Utils   (  169):  Couldn't map mime type "audio/ffmpeg" to a valid AudioSystem::audio_format !
D/OMXCodec(  169): setFFmpegAudioFormat
I/MediaExtractor(  169): Use extended extractor for the special mime(audio/x-wav) or codec
E/Utils   (  169):  Couldn't map mime type "audio/ffmpeg" to a valid AudioSystem::audio_format !
D/OMXCodec(  169): setFFmpegAudioFormat
I/Stardroid.DynamicStarMapActivity( 5284): Starting view
I/Stardroid.DynamicStarMapActivity( 5284): Starting controller
I/Stardroid.ControllerGroup( 5284): Starting controllers
D/Stardroid.LocationController( 5284): LocationController start
D/Stardroid.LocationController( 5284): Got location provider gps
D/Stardroid.LocationController( 5284): LocationController -start
D/Stardroid.SensorOrientationController( 5284): Using rotation sensor
D/Stardroid.SensorOrientationController( 5284): Registered sensor listener
D/Stardroid.DynamicStarMapActivity( 5284): -onResume at 1523643943944
E/MediaPlayer( 5284): Should have subtitle controller already set
E/MediaPlayer( 5284): Should have subtitle controller already set
W/EGL_emulation( 5284): eglSurfaceAttrib not implemented 3093 12436
D/        ( 5284): HostConnection::get() New Host Connection established 0xb8d1e2e0, tid 5331
D/Stardroid.GestureInterpreter( 5284): Tap down
D/Stardroid.Flinger( 5284): Fling stopped
D/Stardroid.GestureInterpreter( 5284): Flinging 12000.0, 12000.0
D/Stardroid.Flinger( 5284): Doing the fling
D/SkyRenderer( 5284): surfaceCreated
I/SkyRenderer( 5284): GL extensions: GL_EXT_debug_marker GL_OES_EGL_image GL_OES_depth24 GL_OES_depth32 GL_OES_element_index_uint GL_OES_texture_float GL_OES_texture_float_linear GL_EXT_texture_format_BGRA8888 GL_OES_compressed_paletted_texture GL_OES_compressed_ETC1_RGB8_texture GL_OES_depth_texture GL_OES_texture_half_float GL_OES_texture_half_float_linear GL_OES_packed_depth_stencil GL_OES_vertex_half_float GL_OES_EGL_image_external GL_IMG_texture_compression_pvrtc GL_EXT_color_buffer_half_float
I/SkyRenderer( 5284): Model: SM-G9550
I/SkyRenderer( 5284): VBOs disabled
D/dalvikvm( 5284): GC_FOR_ALLOC freed 2503K, 14% free 16634K/19292K, paused 10ms, total 10ms
D/dalvikvm( 5284): GC_FOR_ALLOC freed 1046K, 14% free 16652K/19292K, paused 4ms, total 4ms
I/dalvikvm-heap( 5284): Grow heap (frag case) to 18.321MB for 2097164-byte allocation
D/dalvikvm( 5284): GC_FOR_ALLOC freed <1K, 13% free 18700K/21344K, paused 10ms, total 10ms
D/SkyRenderer( 5284): Starting sizeChanged, size = (1280, 720)
D/SkyRenderer( 5284): Changing viewport size
D/SkyRenderer( 5284): Done with sizeChanged
D/dalvikvm( 5284): GC_FOR_ALLOC freed 4631K, 14% free 16690K/19292K, paused 5ms, total 5ms
D/dalvikvm( 5284): GC_FOR_ALLOC freed 2129K, 18% free 16688K/20320K, paused 6ms, total 6ms
I/dalvikvm-heap( 5284): Grow heap (frag case) to 18.356MB for 2097164-byte allocation
D/dalvikvm( 5284): GC_FOR_ALLOC freed <1K, 17% free 18736K/22372K, paused 12ms, total 12ms
D/dalvikvm( 5284): GC_FOR_ALLOC freed 2079K, 14% free 16687K/19292K, paused 11ms, total 11ms
D/dalvikvm( 2302): GC_FOR_ALLOC freed 7795K, 62% free 4958K/12816K, paused 2ms, total 3ms
I/dalvikvm-heap( 2302): Grow heap (frag case) to 6.877MB for 2073612-byte allocation
D/dalvikvm( 2302): GC_FOR_ALLOC freed 8K, 46% free 6974K/12816K, paused 3ms, total 3ms
D/dalvikvm( 2302): GC_CONCURRENT freed 9K, 46% free 6966K/12816K, paused 2ms+1ms, total 12ms
D/dalvikvm(  479): GC_FOR_ALLOC freed 7329K, 51% free 14072K/28668K, paused 19ms, total 23ms
D/dalvikvm(  479): GC_FOR_ALLOC freed 157K, 45% free 15944K/28668K, paused 22ms, total 22ms
D/dalvikvm(  533): GC_FOR_ALLOC freed 2732K, 29% free 16240K/22640K, paused 23ms, total 23ms
D/dalvikvm(  479): GC_FOR_ALLOC freed 6K, 38% free 17975K/28668K, paused 33ms, total 33ms
I/ActivityManager(  479): Displayed com.google.android.stardroid/.activities.DynamicStarMapActivity: +1s317ms
W/ViewRootImpl( 5284): Dropping event due to no window focus: KeyEvent { action=ACTION_DOWN, keyCode=KEYCODE_DPAD_RIGHT, scanCode=0, metaState=0, flags=0x8, repeatCount=0, eventTime=449570, downTime=449570, deviceId=-1, source=0x101 }
W/ContextImpl(  479): Calling a method in the system process without a qualified user: android.app.ContextImpl.sendBroadcast:1123 com.android.server.InputMethodManagerService.hideCurrentInputLocked:1880 com.android.server.InputMethodManagerService.windowGainedFocus:1968 com.android.internal.view.IInputMethodManager$Stub.onTransact:221 com.android.server.InputMethodManagerService.onTransact:818 
D/Stardroid.DynamicStarMapActivity( 5284): Key: KeyEvent { action=ACTION_DOWN, keyCode=KEYCODE_DPAD_UP, scanCode=0, metaState=0, flags=0x8, repeatCount=0, eventTime=450501, downTime=450501, deviceId=-1, source=0x101 }
D/Stardroid.DynamicStarMapActivity( 5284): Key: KeyEvent { action=ACTION_DOWN, keyCode=KEYCODE_MENU, scanCode=0, metaState=0, flags=0x8, repeatCount=0, eventTime=450564, downTime=450564, deviceId=-1, source=0x101 }
D/Stardroid.DynamicStarMapActivity( 5284): Key: KeyEvent { action=ACTION_DOWN, keyCode=KEYCODE_MENU, scanCode=0, metaState=0, flags=0x8, repeatCount=0, eventTime=450597, downTime=450597, deviceId=-1, source=0x101 }
D/Stardroid.GestureInterpreter( 5284): Tap down
D/Stardroid.Flinger( 5284): Fling stopped
D/Stardroid.ZoomController( 5284): Setting field of view to 40.977383
D/Stardroid.GestureInterpreter( 5284): Flinging 723.6297, -3249.95
D/Stardroid.Flinger( 5284): Doing the fling
W/ViewRootImpl( 5284): Dropping event due to no window focus: KeyEvent { action=ACTION_DOWN, keyCode=KEYCODE_DPAD_CENTER, scanCode=0, metaState=0, flags=0x8, repeatCount=0, eventTime=450620, downTime=450620, deviceId=-1, source=0x101 }
W/EGL_emulation( 5284): eglSurfaceAttrib not implemented 3093 12436
W/InputMethodManagerService(  479): Window already focused, ignoring focus gain of: com.android.internal.view.IInputMethodClient$Stub$Proxy@4a9858b0 attribute=null, token = android.os.BinderProxy@4b01e07c
D/Stardroid.DynamicStarMapActivity( 5284): Key: KeyEvent { action=ACTION_DOWN, keyCode=KEYCODE_CTRL_LEFT, scanCode=0, metaState=0, flags=0x8, repeatCount=0, eventTime=450726, downTime=450726, deviceId=-1, source=0x101 }
D/Stardroid.DynamicStarMapActivity( 5284): Key: KeyEvent { action=ACTION_DOWN, keyCode=KEYCODE_DEL, scanCode=0, metaState=0, flags=0x8, repeatCount=0, eventTime=450772, downTime=450772, deviceId=-1, source=0x101 }
D/Stardroid.GestureInterpreter( 5284): Tap down
D/Stardroid.Flinger( 5284): Fling stopped
D/Stardroid.ZoomController( 5284): Setting field of view to 40.707035
D/Stardroid.GestureInterpreter( 5284): Tap down
D/Stardroid.Flinger( 5284): Fling stopped
D/Stardroid.SplashScreenActivity( 5284): onDestroy
W/SurfaceFlinger(  166): couldn't log to binary event log: overflow.
D/Stardroid.DynamicStarMapActivity( 5284): Key: KeyEvent { action=ACTION_DOWN, keyCode=KEYCODE_MENU, scanCode=0, metaState=0, flags=0x8, repeatCount=0, eventTime=450788, downTime=450788, deviceId=-1, source=0x101 }
D/Stardroid.DynamicStarMapActivity( 5284): Key left
I/ActivityManager(  479): START u0 {act=android.intent.action.MAIN cat=[android.intent.category.LAUNCHER] flg=0x10200000 cmp=com.google.android.stardroid/.activities.SplashScreenActivity} from pid 5274
D/Stardroid.GestureInterpreter( 5284): Tap down
D/Stardroid.Flinger( 5284): Fling stopped
D/Stardroid.GestureInterpreter( 5284): Tap down
D/Stardroid.Flinger( 5284): Fling stopped
D/Stardroid.GestureInterpreter( 5284): Tap up
D/Stardroid.FullscreenControlsManager( 5284): Toggling the UI
W/ViewRootImpl( 5284): Dropping event due to no window focus: KeyEvent { action=ACTION_DOWN, keyCode=KEYCODE_DPAD_DOWN, scanCode=0, metaState=0, flags=0x8, repeatCount=0, eventTime=450824, downTime=450824, deviceId=-1, source=0x101 }
W/ViewRootImpl( 5284): Dropping event due to no window focus: KeyEvent { action=ACTION_DOWN, keyCode=KEYCODE_DPAD_CENTER, scanCode=0, metaState=0, flags=0x8, repeatCount=0, eventTime=450845, downTime=450845, deviceId=-1, source=0x101 }
W/ViewRootImpl( 5284): Dropping event due to no window focus: KeyEvent { action=ACTION_DOWN, keyCode=KEYCODE_MENU, scanCode=0, metaState=0, flags=0x8, repeatCount=0, eventTime=450850, downTime=450850, deviceId=-1, source=0x101 }
W/ViewRootImpl( 5284): Dropping event due to no window focus: KeyEvent { action=ACTION_DOWN, keyCode=KEYCODE_DPAD_CENTER, scanCode=0, metaState=0, flags=0x8, repeatCount=0, eventTime=450853, downTime=450853, deviceId=-1, source=0x101 }
W/ViewRootImpl( 5284): Dropping event due to no window focus: KeyEvent { action=ACTION_DOWN, keyCode=KEYCODE_DPAD_CENTER, scanCode=0, metaState=0, flags=0x8, repeatCount=0, eventTime=450855, downTime=450855, deviceId=-1, source=0x101 }
W/ViewRootImpl( 5284): Dropping event due to no window focus: KeyEvent { action=ACTION_DOWN, keyCode=KEYCODE_DPAD_UP, scanCode=0, metaState=0, flags=0x8, repeatCount=0, eventTime=450860, downTime=450860, deviceId=-1, source=0x101 }
W/ViewRootImpl( 5284): Dropping event due to no window focus: KeyEvent { action=ACTION_DOWN, keyCode=KEYCODE_DPAD_CENTER, scanCode=0, metaState=0, flags=0x8, repeatCount=0, eventTime=450864, downTime=450864, deviceId=-1, source=0x101 }
W/ViewRootImpl( 5284): Dropping event due to no window focus: KeyEvent { action=ACTION_DOWN, keyCode=KEYCODE_DPAD_CENTER, scanCode=0, metaState=0, flags=0x8, repeatCount=0, eventTime=450868, downTime=450868, deviceId=-1, source=0x101 }
W/ViewRootImpl( 5284): Dropping event due to no window focus: KeyEvent { action=ACTION_DOWN, keyCode=KEYCODE_DPAD_DOWN, scanCode=0, metaState=0, flags=0x8, repeatCount=0, eventTime=450870, downTime=450870, deviceId=-1, source=0x101 }
W/ViewRootImpl( 5284): Dropping event due to no window focus: KeyEvent { action=ACTION_DOWN, keyCode=KEYCODE_NUMPAD_7, scanCode=0, metaState=0, flags=0x8, repeatCount=0, eventTime=450874, downTime=450874, deviceId=-1, source=0x101 }
W/ViewRootImpl( 5284): Dropping event due to no window focus: KeyEvent { action=ACTION_DOWN, keyCode=KEYCODE_MOVE_HOME, scanCode=0, metaState=0, flags=0x8, repeatCount=0, eventTime=450874, downTime=450874, deviceId=-1, source=0x101 }
W/ViewRootImpl( 5284): Dropping event due to no window focus: KeyEvent { action=ACTION_DOWN, keyCode=KEYCODE_MENU, scanCode=0, metaState=0, flags=0x8, repeatCount=0, eventTime=450875, downTime=450875, deviceId=-1, source=0x101 }
I/ActivityManager(  479): START u0 {act=android.intent.action.MAIN cat=[android.intent.category.LAUNCHER] flg=0x10200000 cmp=com.google.android.stardroid/.activities.SplashScreenActivity} from pid 5274
W/ViewRootImpl( 5284): Dropping event due to no window focus: KeyEvent { action=ACTION_DOWN, keyCode=KEYCODE_DPAD_CENTER, scanCode=0, metaState=0, flags=0x8, repeatCount=0, eventTime=450878, downTime=450878, deviceId=-1, source=0x101 }
D/Stardroid.GestureInterpreter( 5284): Tap down
D/Stardroid.Flinger( 5284): Fling stopped
D/Stardroid.GestureInterpreter( 5284): Flinging 3178.607, -12000.0
D/Stardroid.Flinger( 5284): Doing the fling
D/Stardroid.GestureInterpreter( 5284): Tap down
D/Stardroid.Flinger( 5284): Fling stopped
D/Stardroid.GestureInterpreter( 5284): Tap up
D/Stardroid.FullscreenControlsManager( 5284): Toggling the UI
D/Stardroid.GestureInterpreter( 5284): Tap down
D/Stardroid.Flinger( 5284): Fling stopped
D/Stardroid.GestureInterpreter( 5284): Tap down
D/Stardroid.Flinger( 5284): Fling stopped
D/Stardroid.GestureInterpreter( 5284): Tap up
D/Stardroid.FullscreenControlsManager( 5284): Toggling the UI
D/Stardroid.GestureInterpreter( 5284): Tap down
D/Stardroid.Flinger( 5284): Fling stopped
D/Stardroid.GestureInterpreter( 5284): Tap down
D/Stardroid.Flinger( 5284): Fling stopped
D/Stardroid.GestureInterpreter( 5284): Flinging -2393.3179, -6770.591
D/Stardroid.Flinger( 5284): Doing the fling
D/Stardroid.GestureInterpreter( 5284): Tap down
D/Stardroid.Flinger( 5284): Fling stopped
D/Stardroid.GestureInterpreter( 5284): Flinging -615.98267, -12000.0
D/Stardroid.Flinger( 5284): Doing the fling
W/EGL_emulation( 5284): eglSurfaceAttrib not implemented 3093 12436
W/InputEventReceiver( 5284): Attempted to finish an input event but the input event receiver has already been disposed.
W/InputMethodManagerService(  479): Window already focused, ignoring focus gain of: com.android.internal.view.IInputMethodClient$Stub$Proxy@4a99e89c attribute=null, token = android.os.BinderProxy@4b01e07c
D/Stardroid.DynamicStarMapActivity( 5284): Key: KeyEvent { action=ACTION_DOWN, keyCode=KEYCODE_PROG_BLUE, scanCode=0, metaState=0, flags=0x8, repeatCount=0, eventTime=451032, downTime=451032, deviceId=-1, source=0x101 }
D/Stardroid.DynamicStarMapActivity( 5284): Key right
D/Stardroid.DynamicStarMapActivity( 5284): Key: KeyEvent { action=ACTION_DOWN, keyCode=KEYCODE_DPAD_UP, scanCode=0, metaState=0, flags=0x8, repeatCount=0, eventTime=451057, downTime=451057, deviceId=-1, source=0x101 }
D/Stardroid.GestureInterpreter( 5284): Tap down
D/Stardroid.Flinger( 5284): Fling stopped
D/Stardroid.GestureInterpreter( 5284): Tap up
D/Stardroid.FullscreenControlsManager( 5284): Toggling the UI
D/Stardroid.DynamicStarMapActivity( 5284): Key: KeyEvent { action=ACTION_DOWN, keyCode=KEYCODE_O, scanCode=0, metaState=0, flags=0x8, repeatCount=0, eventTime=451059, downTime=451059, deviceId=-1, source=0x101 }
W/ViewRootImpl( 5284): Dropping event due to no window focus: KeyEvent { action=ACTION_DOWN, keyCode=KEYCODE_DPAD_UP, scanCode=0, metaState=0, flags=0x8, repeatCount=0, eventTime=451092, downTime=451092, deviceId=-1, source=0x101 }
W/ViewRootImpl( 5284): Dropping event due to no window focus: KeyEvent { action=ACTION_DOWN, keyCode=KEYCODE_YEN, scanCode=0, metaState=0, flags=0x8, repeatCount=0, eventTime=451104, downTime=451104, deviceId=-1, source=0x101 }
W/ViewRootImpl( 5284): Dropping event due to no window focus: KeyEvent { action=ACTION_DOWN, keyCode=KEYCODE_DPAD_LEFT, scanCode=0, metaState=0, flags=0x8, repeatCount=0, eventTime=451106, downTime=451106, deviceId=-1, source=0x101 }
I/ActivityManager(  479): START u0 {act=android.intent.action.MAIN cat=[android.intent.category.HOME] flg=0x10200000 cmp=com.vphone.launcher/.Launcher} from pid 479
D/Stardroid.GestureInterpreter( 5284): Tap down
D/Stardroid.Flinger( 5284): Fling stopped
D/Stardroid.GestureInterpreter( 5284): Tap up
D/Stardroid.FullscreenControlsManager( 5284): Toggling the UI
W/EGL_emulation( 5284): eglSurfaceAttrib not implemented 3093 12436
W/ContextImpl(  479): Calling a method in the system process without a qualified user: android.app.ContextImpl.sendBroadcast:1123 com.android.server.InputMethodManagerService.showCurrentInputLocked:1791 com.android.server.InputMethodManagerService.showSoftInput:1753 com.android.internal.view.IInputMethodManager$Stub.onTransact:175 com.android.server.InputMethodManagerService.onTransact:818 
W/ContextImpl(  479): Calling a method in the system process without a qualified user: android.app.ContextImpl.sendBroadcast:1123 com.android.server.InputMethodManagerService.showCurrentInputLocked:1791 com.android.server.InputMethodManagerService.windowGainedFocus:1985 com.android.internal.view.IInputMethodManager$Stub.onTransact:221 com.android.server.InputMethodManagerService.onTransact:818 
D/dalvikvm( 5284): GC_CONCURRENT freed 4165K, 12% free 17043K/19292K, paused 2ms+1ms, total 55ms
W/ContextImpl(  479): Calling a method in the system process without a qualified user: android.app.ContextImpl.sendBroadcast:1123 com.android.server.InputMethodManagerService.showCurrentInputLocked:1791 com.android.server.InputMethodManagerService.showSoftInput:1753 com.android.internal.view.IInputMethodManager$Stub.onTransact:175 com.android.server.InputMethodManagerService.onTransact:818 
V/InputMethodService(  642): onEvaluateInputViewShown: config.hardKeyboardHidden = 2
W/ContextImpl(  479): Calling a method in the system process without a qualified user: android.app.ContextImpl.sendBroadcast:1123 com.android.server.InputMethodManagerService.showCurrentInputLocked:1791 com.android.server.InputMethodManagerService.showSoftInput:1753 com.android.internal.view.IInputMethodManager$Stub.onTransact:175 com.android.server.InputMethodManagerService.onTransact:818 
D/dalvikvm(  479): GC_FOR_ALLOC freed 7164K, 39% free 13963K/22584K, paused 18ms, total 18ms
I/dalvikvm-heap(  479): Grow heap (frag case) to 15.678MB for 2073612-byte allocation
D/dalvikvm(  479): GC_FOR_ALLOC freed 18K, 36% free 15969K/24612K, paused 18ms, total 18ms
D/dalvikvm(  479): GC_FOR_ALLOC freed 31K, 36% free 15945K/24612K, paused 15ms, total 15ms
I/dalvikvm-heap(  479): Grow heap (frag case) to 17.613MB for 2073612-byte allocation
D/dalvikvm(  479): GC_FOR_ALLOC freed <1K, 33% free 17969K/26640K, paused 17ms, total 17ms
D/Stardroid.GestureInterpreter( 5284): Confirmed single tap
V/InputMethodService(  642): onEvaluateInputViewShown: config.hardKeyboardHidden = 2
D/dalvikvm(  533): GC_FOR_ALLOC freed 830K, 20% free 18269K/22640K, paused 3ms, total 12ms
I/dalvikvm-heap(  533): Grow heap (frag case) to 19.879MB for 2073612-byte allocation
D/dalvikvm(  533): GC_FOR_ALLOC freed 5K, 18% free 20288K/24668K, paused 12ms, total 12ms
D/dalvikvm(  479): GC_FOR_ALLOC freed 2K, 33% free 18083K/26640K, paused 30ms, total 31ms
I/dalvikvm-heap(  479): Grow heap (frag case) to 19.702MB for 2073612-byte allocation
D/dalvikvm(  479): GC_FOR_ALLOC freed 2K, 30% free 20106K/28668K, paused 18ms, total 18ms
V/InputMethodService(  642): onEvaluateInputViewShown: config.hardKeyboardHidden = 2
V/InputMethodService(  642): onEvaluateInputViewShown: config.hardKeyboardHidden = 2
V/InputMethodService(  642): onEvaluateInputViewShown: config.hardKeyboardHidden = 2
V/InputMethodService(  642): onEvaluateInputViewShown: config.hardKeyboardHidden = 2
V/PanelView(  533): animationTick called with dtms=0; nothing to do (h=0.0 v=-0.0)
W/SurfaceFlinger(  166): couldn't log to binary event log: overflow.
W/InputEventReceiver( 5284): Attempted to finish an input event but the input event receiver has already been disposed.
W/InputEventReceiver( 5284): Attempted to finish an input event but the input event receiver has already been disposed.
W/InputEventReceiver( 5284): Attempted to finish an input event but the input event receiver has already been disposed.
W/InputEventReceiver( 5284): Attempted to finish an input event but the input event receiver has already been disposed.
W/InputEventReceiver( 5284): Attempted to finish an input event but the input event receiver has already been disposed.
W/InputEventReceiver( 5284): Attempted to finish an input event but the input event receiver has already been disposed.
W/IInputConnectionWrapper( 5284): setSelection on inactive InputConnection
W/ViewRootImpl( 5284): Dropping event due to root view being removed: MotionEvent { action=ACTION_UP, id[0]=0, x[0]=403.0604, y[0]=196.54335, toolType[0]=TOOL_TYPE_UNKNOWN, buttonState=0, metaState=0, flags=0x0, edgeFlags=0x0, pointerCount=1, historySize=0, eventTime=451531, downTime=451529, deviceId=0, source=0x1002 }
W/ViewRootImpl( 5284): Dropping event due to root view being removed: MotionEvent { action=ACTION_DOWN, id[0]=0, x[0]=875.0, y[0]=90.0, toolType[0]=TOOL_TYPE_UNKNOWN, buttonState=0, metaState=0, flags=0x0, edgeFlags=0x0, pointerCount=1, historySize=0, eventTime=451535, downTime=451535, deviceId=0, source=0x1002 }
W/ViewRootImpl( 5284): Dropping event due to root view being removed: MotionEvent { action=ACTION_UP, id[0]=0, x[0]=858.9919, y[0]=87.42441, toolType[0]=TOOL_TYPE_UNKNOWN, buttonState=0, metaState=0, flags=0x0, edgeFlags=0x0, pointerCount=1, historySize=0, eventTime=451535, downTime=451535, deviceId=0, source=0x1002 }
W/ViewRootImpl( 5284): Dropping event due to root view being removed: MotionEvent { action=ACTION_MOVE, id[0]=0, x[0]=4.0, y[0]=-2.0, toolType[0]=TOOL_TYPE_UNKNOWN, buttonState=0, metaState=0, flags=0x0, edgeFlags=0x0, pointerCount=1, historySize=9, eventTime=451535, downTime=-1, deviceId=0, source=0x10004 }
W/ContextImpl(  479): Calling a method in the system process without a qualified user: android.app.ContextImpl.sendBroadcast:1123 com.android.server.InputMethodManagerService.hideCurrentInputLocked:1880 com.android.server.InputMethodManagerService.windowGainedFocus:1968 com.android.internal.view.IInputMethodManager$Stub.onTransact:221 com.android.server.InputMethodManagerService.onTransact:818 
D/dalvikvm(  642): GC_FOR_ALLOC freed 1433K, 49% free 3348K/6540K, paused 11ms, total 11ms
I/dalvikvm-heap(  642): Grow heap (frag case) to 4.688MB for 1423372-byte allocation
D/dalvikvm(  642): GC_FOR_ALLOC freed 2K, 28% free 4736K/6540K, paused 3ms, total 3ms
D/dalvikvm(  642): GC_CONCURRENT freed <1K, 28% free 4736K/6540K, paused 1ms+0ms, total 3ms
I/InputDispatcher(  479): Dropped event because of pending overdue app switch.
V/InputMethodService(  642): onEvaluateInputViewShown: config.hardKeyboardHidden = 2
V/InputMethodService(  642): onEvaluateInputViewShown: config.hardKeyboardHidden = 2
W/InputManager(  479): Input event injection from pid 5274 failed.
W/IInputConnectionWrapper( 5284): commitText on inactive InputConnection
W/IInputConnectionWrapper( 5284): setSelection on inactive InputConnection
W/IInputConnectionWrapper( 5284): setSelection on inactive InputConnection
W/InputMethodService(  642): Window size has been changed. This may cause jankiness of resizing window: -1 -> -2
W/IInputConnectionWrapper( 5284): showStatusIcon on inactive InputConnection
D/Stardroid.DynamicStarMapActivity( 5284): Key: KeyEvent { action=ACTION_DOWN, keyCode=KEYCODE_DPAD_DOWN, scanCode=0, metaState=0, flags=0x8, repeatCount=0, eventTime=451708, downTime=451708, deviceId=-1, source=0x101 }
D/Stardroid.DynamicStarMapActivity( 5284): Key: KeyEvent { action=ACTION_DOWN, keyCode=KEYCODE_CALL, scanCode=0, metaState=0, flags=0x8, repeatCount=0, eventTime=451717, downTime=451717, deviceId=-1, source=0x101 }
I/ActivityManager(  479): START u0 {act=android.intent.action.CALL_BUTTON flg=0x10000000} from pid 5284
W/PhoneFallbackEventHandler( 5284): No activity found for android.intent.action.CALL_BUTTON.
D/Stardroid.Analytics( 5284): Logging event Preference button toggled (User Action) label source_provider.1 value 0
D/Stardroid.PreferencesButton( 5284): Setting preference source_provider.1 to... false
D/Stardroid.PreferenceChangeAnalyticsTracker( 5284): Logging pref change source_provider.1
D/Stardroid.Analytics( 5284): Logging event Preference toggled (User Action) label Preference:source_provider.1 value 0
D/Stardroid.DynamicStarMapActivity( 5284): Preferences changed: key=source_provider.1
V/FlingTracker(  533): computeCurrentVelocity warning: totalweight=0
V/FlingTracker(  533): java.lang.Throwable
V/FlingTracker(  533): 	at com.android.systemui.statusbar.phone.PanelView$FlingTracker.computeCurrentVelocity(PanelView.java:162)
V/FlingTracker(  533): 	at com.android.systemui.statusbar.phone.PanelView$3.onTouch(PanelView.java:462)
V/FlingTracker(  533): 	at android.view.View.dispatchTouchEvent(View.java:7701)
V/FlingTracker(  533): 	at com.android.systemui.statusbar.phone.NotificationPanelView.onTouchEvent(NotificationPanelView.java:138)
V/FlingTracker(  533): 	at com.android.systemui.statusbar.phone.PanelBar.onTouchEvent(PanelBar.java:130)
V/FlingTracker(  533): 	at com.android.systemui.statusbar.phone.PhoneStatusBarView.onTouchEvent(PhoneStatusBarView.java:201)
V/FlingTracker(  533): 	at android.view.View.dispatchTouchEvent(View.java:7706)
V/FlingTracker(  533): 	at android.view.ViewGroup.dispatchTransformedTouchEvent(ViewGroup.java:2210)
V/FlingTracker(  533): 	at android.view.ViewGroup.dispatchTouchEvent(ViewGroup.java:1945)
V/FlingTracker(  533): 	at android.view.ViewGroup.dispatchTransformedTouchEvent(ViewGroup.java:2216)
V/FlingTracker(  533): 	at android.view.ViewGroup.dispatchTouchEvent(ViewGroup.java:1959)
V/FlingTracker(  533): 	at android.view.View.dispatchPointerEvent(View.java:7886)
V/FlingTracker(  533): 	at android.view.ViewRootImpl$ViewPostImeInputStage.processPointerEvent(ViewRootImpl.java:3978)
V/FlingTracker(  533): 	at android.view.ViewRootImpl$ViewPostImeInputStage.onProcess(ViewRootImpl.java:3857)
V/FlingTracker(  533): 	at android.view.ViewRootImpl$InputStage.deliver(ViewRootImpl.java:3423)
V/FlingTracker(  533): 	at android.view.ViewRootImpl$InputStage.onDeliverToNext(ViewRootImpl.java:3473)
V/FlingTracker(  533): 	at android.view.ViewRootImpl$InputStage.forward(ViewRootImpl.java:3442)
V/FlingTracker(  533): 	at android.view.ViewRootImpl$AsyncInputStage.forward(ViewRootImpl.java:3549)
V/FlingTracker(  533): 	at android.view.ViewRootImpl$InputStage.apply(ViewRootImpl.java:3450)
V/FlingTracker(  533): 	at android.view.ViewRootImpl$AsyncInputStage.apply(ViewRootImpl.java:3606)
V/FlingTracker(  533): 	at android.view.ViewRootImpl$InputStage.deliver(ViewRootImpl.java:3423)
V/FlingTracker(  533): 	at android.view.ViewRootImpl$InputStage.onDeliverToNext(ViewRootImpl.java:3473)
V/FlingTracker(  533): 	at android.view.ViewRootImpl$InputStage.forward(ViewRootImpl.java:3442)
V/FlingTracker(  533): 	at android.view.ViewRootImpl$InputStage.apply(ViewRootImpl.java:3450)
V/FlingTracker(  533): 	at android.view.ViewRootImpl$InputStage.deliver(ViewRootImpl.java:3423)
V/FlingTracker(  533): 	at android.view.ViewRootImpl.deliverInputEvent(ViewRootImpl.java:5626)
V/FlingTracker(  533): 	at android.view.ViewRootImpl.doProcessInputEvents(ViewRootImpl.java:5606)
V/FlingTracker(  533): 	at android.view.ViewRootImpl.enqueueInputEvent(ViewRootImpl.java:5577)
V/FlingTracker(  533): 	at android.view.ViewRootImpl$WindowInputEventReceiver.onInputEvent(ViewRootImpl.java:5706)
V/FlingTracker(  533): 	at android.view.InputEventReceiver.dispatchInputEvent(InputEventReceiver.java:185)
V/FlingTracker(  533): 	at android.os.MessageQueue.nativePollOnce(Native Method)
V/FlingTracker(  533): 	at android.os.MessageQueue.next(MessageQueue.java:138)
V/FlingTracker(  533): 	at android.os.Looper.loop(Looper.java:123)
V/FlingTracker(  533): 	at android.app.ActivityThread.main(ActivityThread.java:5019)
V/FlingTracker(  533): 	at java.lang.reflect.Method.invokeNative(Native Method)
V/FlingTracker(  533): 	at java.lang.reflect.Method.invoke(Method.java:515)
V/FlingTracker(  533): 	at com.android.internal.os.ZygoteInit$MethodAndArgsCaller.run(ZygoteInit.java:779)
V/FlingTracker(  533): 	at com.android.internal.os.ZygoteInit.main(ZygoteInit.java:595)
V/FlingTracker(  533): 	at dalvik.system.NativeStart.main(Native Method)
V/PanelView(  533): animationTick called with dtms=0; nothing to do (h=0.0 v=0.0)
V/PanelView(  533): animationTick called with dtms=-7; nothing to do (h=0.0 v=0.0)
D/Stardroid.Analytics( 5284): Logging event Preference button toggled (User Action) label source_provider.6 value 0
D/Stardroid.PreferencesButton( 5284): Setting preference source_provider.6 to... false
D/Stardroid.PreferenceChangeAnalyticsTracker( 5284): Logging pref change source_provider.6
D/Stardroid.Analytics( 5284): Logging event Preference toggled (User Action) label Preference:source_provider.6 value 0
D/Stardroid.DynamicStarMapActivity( 5284): Preferences changed: key=source_provider.6
D/Stardroid.DynamicStarMapActivity( 5284): Key: KeyEvent { action=ACTION_DOWN, keyCode=KEYCODE_DPAD_UP, scanCode=0, metaState=0, flags=0x8, repeatCount=0, eventTime=451772, downTime=451772, deviceId=-1, source=0x101 }
D/Stardroid.DynamicStarMapActivity( 5284): Key right
D/Stardroid.DynamicStarMapActivity( 5284): Search
D/Stardroid.Analytics( 5284): Logging event Pressed Menu Item (User Action) label Search Requested value 1
W/ViewRootImpl( 5284): Dropping event due to no window focus: KeyEvent { action=ACTION_DOWN, keyCode=KEYCODE_DPAD_UP, scanCode=0, metaState=0, flags=0x8, repeatCount=0, eventTime=451843, downTime=451843, deviceId=-1, source=0x101 }
W/EGL_emulation( 5284): eglSurfaceAttrib not implemented 3093 12436
W/ViewRootImpl( 5284): Dropping event due to no window focus: KeyEvent { action=ACTION_DOWN, keyCode=KEYCODE_DPAD_DOWN, scanCode=0, metaState=0, flags=0x8, repeatCount=0, eventTime=451861, downTime=451861, deviceId=-1, source=0x101 }
I/ActivityManager(  479): START u0 {act=android.intent.action.MAIN cat=[android.intent.category.LAUNCHER] flg=0x10200000 cmp=com.google.android.stardroid/.activities.SplashScreenActivity} from pid 5274
W/ContextImpl(  479): Calling a method in the system process without a qualified user: android.app.ContextImpl.sendBroadcast:1123 com.android.server.InputMethodManagerService.showCurrentInputLocked:1791 com.android.server.InputMethodManagerService.showSoftInput:1753 com.android.internal.view.IInputMethodManager$Stub.onTransact:175 com.android.server.InputMethodManagerService.onTransact:818 
W/ContextImpl(  479): Calling a method in the system process without a qualified user: android.app.ContextImpl.sendBroadcast:1123 com.android.server.InputMethodManagerService.showCurrentInputLocked:1791 com.android.server.InputMethodManagerService.windowGainedFocus:1985 com.android.internal.view.IInputMethodManager$Stub.onTransact:221 com.android.server.InputMethodManagerService.onTransact:818 
W/ContextImpl(  479): Calling a method in the system process without a qualified user: android.app.ContextImpl.sendBroadcast:1123 com.android.server.InputMethodManagerService.showCurrentInputLocked:1791 com.android.server.InputMethodManagerService.showSoftInput:1753 com.android.internal.view.IInputMethodManager$Stub.onTransact:175 com.android.server.InputMethodManagerService.onTransact:818 
W/ContextImpl(  479): Calling a method in the system process without a qualified user: android.app.ContextImpl.sendBroadcast:1123 com.android.server.InputMethodManagerService.showCurrentInputLocked:1791 com.android.server.InputMethodManagerService.showSoftInput:1753 com.android.internal.view.IInputMethodManager$Stub.onTransact:175 com.android.server.InputMethodManagerService.onTransact:818 
V/InputMethodService(  642): onEvaluateInputViewShown: config.hardKeyboardHidden = 2
V/InputMethodService(  642): onEvaluateInputViewShown: config.hardKeyboardHidden = 2
V/InputMethodService(  642): onEvaluateInputViewShown: config.hardKeyboardHidden = 2
V/InputMethodService(  642): onEvaluateInputViewShown: config.hardKeyboardHidden = 2
V/InputMethodService(  642): onEvaluateInputViewShown: config.hardKeyboardHidden = 2
V/InputMethodService(  642): onEvaluateInputViewShown: config.hardKeyboardHidden = 2
V/InputMethodService(  642): onEvaluateInputViewShown: config.hardKeyboardHidden = 2
V/InputMethodService(  642): onEvaluateInputViewShown: config.hardKeyboardHidden = 2
D/dalvikvm(  642): GC_FOR_ALLOC freed 1409K, 49% free 3353K/6540K, paused 2ms, total 6ms
I/dalvikvm-heap(  642): Grow heap (frag case) to 4.693MB for 1423372-byte allocation
D/dalvikvm(  642): GC_CONCURRENT freed 6K, 28% free 4737K/6540K, paused 2ms+1ms, total 4ms
D/Stardroid.SearchTermsProvider( 5284): Got query for content://com.google.android.stardroid.searchterms/search_suggest_query/?limit=50
D/Stardroid.SearchTermsProvider( 5284): Got suggestions query for null
W/ContextImpl(  479): Calling a method in the system process without a qualified user: android.app.ContextImpl.sendBroadcast:1123 com.android.server.InputMethodManagerService.hideCurrentInputLocked:1880 com.android.server.InputMethodManagerService.hideSoftInput:1843 com.android.internal.view.IInputMethodManager$Stub.onTransact:194 com.android.server.InputMethodManagerService.onTransact:818 
W/ContextImpl(  479): Calling a method in the system process without a qualified user: android.app.ContextImpl.sendBroadcast:1123 com.android.server.InputMethodManagerService.hideCurrentInputLocked:1880 com.android.server.InputMethodManagerService.hideSoftInput:1843 com.android.internal.view.IInputMethodManager$Stub.onTransact:194 com.android.server.InputMethodManagerService.onTransact:818 
W/IInputConnectionWrapper( 5284): showStatusIcon on inactive InputConnection
W/InputMethodService(  642): Window size has been changed. This may cause jankiness of resizing window: -1 -> -2
V/FlingTracker(  533): computeCurrentVelocity warning: totalweight=0
V/FlingTracker(  533): java.lang.Throwable
V/FlingTracker(  533): 	at com.android.systemui.statusbar.phone.PanelView$FlingTracker.computeCurrentVelocity(PanelView.java:162)
V/FlingTracker(  533): 	at com.android.systemui.statusbar.phone.PanelView$3.onTouch(PanelView.java:462)
V/FlingTracker(  533): 	at android.view.View.dispatchTouchEvent(View.java:7701)
V/FlingTracker(  533): 	at com.android.systemui.statusbar.phone.NotificationPanelView.onTouchEvent(NotificationPanelView.java:138)
V/FlingTracker(  533): 	at com.android.systemui.statusbar.phone.PanelBar.onTouchEvent(PanelBar.java:130)
V/FlingTracker(  533): 	at com.android.systemui.statusbar.phone.PhoneStatusBarView.onTouchEvent(PhoneStatusBarView.java:201)
V/FlingTracker(  533): 	at android.view.View.dispatchTouchEvent(View.java:7706)
V/FlingTracker(  533): 	at android.view.ViewGroup.dispatchTransformedTouchEvent(ViewGroup.java:2210)
V/FlingTracker(  533): 	at android.view.ViewGroup.dispatchTouchEvent(ViewGroup.java:1945)
V/FlingTracker(  533): 	at android.view.ViewGroup.dispatchTransformedTouchEvent(ViewGroup.java:2216)
V/FlingTracker(  533): 	at android.view.ViewGroup.dispatchTouchEvent(ViewGroup.java:1959)
V/FlingTracker(  533): 	at android.view.View.dispatchPointerEvent(View.java:7886)
V/FlingTracker(  533): 	at android.view.ViewRootImpl$ViewPostImeInputStage.processPointerEvent(ViewRootImpl.java:3978)
V/FlingTracker(  533): 	at android.view.ViewRootImpl$ViewPostImeInputStage.onProcess(ViewRootImpl.java:3857)
V/FlingTracker(  533): 	at android.view.ViewRootImpl$InputStage.deliver(ViewRootImpl.java:3423)
V/FlingTracker(  533): 	at android.view.ViewRootImpl$InputStage.onDeliverToNext(ViewRootImpl.java:3473)
V/FlingTracker(  533): 	at android.view.ViewRootImpl$InputStage.forward(ViewRootImpl.java:3442)
V/FlingTracker(  533): 	at android.view.ViewRootImpl$AsyncInputStage.forward(ViewRootImpl.java:3549)
V/FlingTracker(  533): 	at android.view.ViewRootImpl$InputStage.apply(ViewRootImpl.java:3450)
V/FlingTracker(  533): 	at android.view.ViewRootImpl$AsyncInputStage.apply(ViewRootImpl.java:3606)
V/FlingTracker(  533): 	at android.view.ViewRootImpl$InputStage.deliver(ViewRootImpl.java:3423)
V/FlingTracker(  533): 	at android.view.ViewRootImpl$InputStage.onDeliverToNext(ViewRootImpl.java:3473)
V/FlingTracker(  533): 	at android.view.ViewRootImpl$InputStage.forward(ViewRootImpl.java:3442)
V/FlingTracker(  533): 	at android.view.ViewRootImpl$InputStage.apply(ViewRootImpl.java:3450)
V/FlingTracker(  533): 	at android.view.ViewRootImpl$InputStage.deliver(ViewRootImpl.java:3423)
V/FlingTracker(  533): 	at android.view.ViewRootImpl.deliverInputEvent(ViewRootImpl.java:5626)
V/FlingTracker(  533): 	at android.view.ViewRootImpl.doProcessInputEvents(ViewRootImpl.java:5606)
V/FlingTracker(  533): 	at android.view.ViewRootImpl.enqueueInputEvent(ViewRootImpl.java:5577)
V/FlingTracker(  533): 	at android.view.ViewRootImpl$WindowInputEventReceiver.onInputEvent(ViewRootImpl.java:5706)
V/FlingTracker(  533): 	at android.view.InputEventReceiver.dispatchInputEvent(InputEventReceiver.java:185)
V/FlingTracker(  533): 	at android.os.MessageQueue.nativePollOnce(Native Method)
V/FlingTracker(  533): 	at android.os.MessageQueue.next(MessageQueue.java:138)
V/FlingTracker(  533): 	at android.os.Looper.loop(Looper.java:123)
V/FlingTracker(  533): 	at android.app.ActivityThread.main(ActivityThread.java:5019)
V/FlingTracker(  533): 	at java.lang.reflect.Method.invokeNative(Native Method)
V/FlingTracker(  533): 	at java.lang.reflect.Method.invoke(Method.java:515)
V/FlingTracker(  533): 	at com.android.internal.os.ZygoteInit$MethodAndArgsCaller.run(ZygoteInit.java:779)
V/FlingTracker(  533): 	at com.android.internal.os.ZygoteInit.main(ZygoteInit.java:595)
V/FlingTracker(  533): 	at dalvik.system.NativeStart.main(Native Method)
V/PanelView(  533): animationTick called with dtms=0; nothing to do (h=0.0 v=0.0)
V/FlingTracker(  533): computeCurrentVelocity warning: totalweight=0
V/FlingTracker(  533): java.lang.Throwable
V/FlingTracker(  533): 	at com.android.systemui.statusbar.phone.PanelView$FlingTracker.computeCurrentVelocity(PanelView.java:162)
V/FlingTracker(  533): 	at com.android.systemui.statusbar.phone.PanelView$3.onTouch(PanelView.java:462)
V/FlingTracker(  533): 	at android.view.View.dispatchTouchEvent(View.java:7701)
V/FlingTracker(  533): 	at com.android.systemui.statusbar.phone.NotificationPanelView.onTouchEvent(NotificationPanelView.java:138)
V/FlingTracker(  533): 	at com.android.systemui.statusbar.phone.PanelBar.onTouchEvent(PanelBar.java:130)
V/FlingTracker(  533): 	at com.android.systemui.statusbar.phone.PhoneStatusBarView.onTouchEvent(PhoneStatusBarView.java:201)
V/FlingTracker(  533): 	at android.view.View.dispatchTouchEvent(View.java:7706)
V/FlingTracker(  533): 	at android.view.ViewGroup.dispatchTransformedTouchEvent(ViewGroup.java:2210)
V/FlingTracker(  533): 	at android.view.ViewGroup.dispatchTouchEvent(ViewGroup.java:1945)
V/FlingTracker(  533): 	at android.view.ViewGroup.dispatchTransformedTouchEvent(ViewGroup.java:2216)
V/FlingTracker(  533): 	at android.view.ViewGroup.dispatchTouchEvent(ViewGroup.java:1959)
V/FlingTracker(  533): 	at android.view.View.dispatchPointerEvent(View.java:7886)
V/FlingTracker(  533): 	at android.view.ViewRootImpl$ViewPostImeInputStage.processPointerEvent(ViewRootImpl.java:3978)
V/FlingTracker(  533): 	at android.view.ViewRootImpl$ViewPostImeInputStage.onProcess(ViewRootImpl.java:3857)
V/FlingTracker(  533): 	at android.view.ViewRootImpl$InputStage.deliver(ViewRootImpl.java:3423)
V/FlingTracker(  533): 	at android.view.ViewRootImpl$InputStage.onDeliverToNext(ViewRootImpl.java:3473)
V/FlingTracker(  533): 	at android.view.ViewRootImpl$InputStage.forward(ViewRootImpl.java:3442)
V/FlingTracker(  533): 	at android.view.ViewRootImpl$AsyncInputStage.forward(ViewRootImpl.java:3549)
V/FlingTracker(  533): 	at android.view.ViewRootImpl$InputStage.apply(ViewRootImpl.java:3450)
V/FlingTracker(  533): 	at android.view.ViewRootImpl$AsyncInputStage.apply(ViewRootImpl.java:3606)
V/FlingTracker(  533): 	at android.view.ViewRootImpl$InputStage.deliver(ViewRootImpl.java:3423)
V/FlingTracker(  533): 	at android.view.ViewRootImpl$InputStage.onDeliverToNext(ViewRootImpl.java:3473)
V/FlingTracker(  533): 	at android.view.ViewRootImpl$InputStage.forward(ViewRootImpl.java:3442)
V/FlingTracker(  533): 	at android.view.ViewRootImpl$InputStage.apply(ViewRootImpl.java:3450)
V/FlingTracker(  533): 	at android.view.ViewRootImpl$InputStage.deliver(ViewRootImpl.java:3423)
V/FlingTracker(  533): 	at android.view.ViewRootImpl.deliverInputEvent(ViewRootImpl.java:5626)
V/FlingTracker(  533): 	at android.view.ViewRootImpl.doProcessInputEvents(ViewRootImpl.java:5606)
V/FlingTracker(  533): 	at android.view.ViewRootImpl.enqueueInputEvent(ViewRootImpl.java:5577)
V/FlingTracker(  533): 	at android.view.ViewRootImpl$WindowInputEventReceiver.onInputEvent(ViewRootImpl.java:5706)
V/FlingTracker(  533): 	at android.view.InputEventReceiver.dispatchInputEvent(InputEventReceiver.java:185)
V/FlingTracker(  533): 	at android.os.MessageQueue.nativePollOnce(Native Method)
V/FlingTracker(  533): 	at android.os.MessageQueue.next(MessageQueue.java:138)
V/FlingTracker(  533): 	at android.os.Looper.loop(Looper.java:123)
V/FlingTracker(  533): 	at android.app.ActivityThread.main(ActivityThread.java:5019)
V/FlingTracker(  533): 	at java.lang.reflect.Method.invokeNative(Native Method)
V/FlingTracker(  533): 	at java.lang.reflect.Method.invoke(Method.java:515)
V/FlingTracker(  533): 	at com.android.internal.os.ZygoteInit$MethodAndArgsCaller.run(ZygoteInit.java:779)
V/FlingTracker(  533): 	at com.android.internal.os.ZygoteInit.main(ZygoteInit.java:595)
V/FlingTracker(  533): 	at dalvik.system.NativeStart.main(Native Method)
V/PanelView(  533): animationTick called with dtms=0; nothing to do (h=0.0 v=0.0)
W/InputEventReceiver( 5284): Attempted to finish an input event but the input event receiver has already been disposed.
I/ActivityManager(  479): START u0 {act=android.intent.action.MAIN cat=[android.intent.category.LAUNCHER] flg=0x10200000 cmp=com.google.android.stardroid/.activities.SplashScreenActivity} from pid 5274
W/ViewRootImpl( 5284): Dropping event due to no window focus: KeyEvent { action=ACTION_DOWN, keyCode=KEYCODE_DPAD_LEFT, scanCode=0, metaState=0, flags=0x8, repeatCount=0, eventTime=452178, downTime=452178, deviceId=-1, source=0x101 }
W/SurfaceFlinger(  166): couldn't log to binary event log: overflow.
D/Stardroid.GestureInterpreter( 5284): Tap down
D/Stardroid.Flinger( 5284): Fling stopped
D/Stardroid.GestureInterpreter( 5284): Flinging -1656.9944, 8971.577
D/Stardroid.Flinger( 5284): Doing the fling
D/Stardroid.GestureInterpreter( 5284): Tap down
D/Stardroid.Flinger( 5284): Fling stopped
D/Stardroid.GestureInterpreter( 5284): Tap up
D/Stardroid.FullscreenControlsManager( 5284): Toggling the UI
W/ContextImpl(  479): Calling a method in the system process without a qualified user: android.app.ContextImpl.sendBroadcast:1123 com.android.server.InputMethodManagerService.hideCurrentInputLocked:1880 com.android.server.InputMethodManagerService.windowGainedFocus:1968 com.android.internal.view.IInputMethodManager$Stub.onTransact:221 com.android.server.InputMethodManagerService.onTransact:818 
D/Stardroid.DynamicStarMapActivity( 5284): Key: KeyEvent { action=ACTION_DOWN, keyCode=KEYCODE_BREAK, scanCode=0, metaState=0, flags=0x8, repeatCount=0, eventTime=452187, downTime=452187, deviceId=-1, source=0x101 }
D/Stardroid.GestureInterpreter( 5284): Tap down
D/Stardroid.Flinger( 5284): Fling stopped
D/Stardroid.GestureInterpreter( 5284): Tap up
D/Stardroid.FullscreenControlsManager( 5284): Toggling the UI
D/Stardroid.GestureInterpreter( 5284): Tap down
D/Stardroid.Flinger( 5284): Fling stopped
D/Stardroid.DynamicStarMapActivity( 5284): Key: KeyEvent { action=ACTION_DOWN, keyCode=KEYCODE_CALL, scanCode=0, metaState=0, flags=0x8, repeatCount=0, eventTime=452211, downTime=452211, deviceId=-1, source=0x101 }
I/ActivityManager(  479): START u0 {act=android.intent.action.CALL_BUTTON flg=0x10000000} from pid 5284
W/PhoneFallbackEventHandler( 5284): No activity found for android.intent.action.CALL_BUTTON.
D/Stardroid.DynamicStarMapActivity( 5284): Key: KeyEvent { action=ACTION_DOWN, keyCode=KEYCODE_DPAD_UP, scanCode=0, metaState=0, flags=0x8, repeatCount=0, eventTime=452252, downTime=452252, deviceId=-1, source=0x101 }
D/Stardroid.DynamicStarMapActivity( 5284): Key left
D/Stardroid.GestureInterpreter( 5284): Tap down
D/Stardroid.Flinger( 5284): Fling stopped
D/Stardroid.ZoomController( 5284): Setting field of view to 39.28334
D/Stardroid.DynamicStarMapActivity( 5284): Key right
D/Stardroid.DynamicStarMapActivity( 5284): Key: KeyEvent { action=ACTION_DOWN, keyCode=KEYCODE_DPAD_CENTER, scanCode=0, metaState=0, flags=0x8, repeatCount=0, eventTime=452386, downTime=452386, deviceId=-1, source=0x101 }
D/Stardroid.GestureInterpreter( 5284): Tap down
D/Stardroid.Flinger( 5284): Fling stopped
D/Stardroid.GestureInterpreter( 5284): Flinging -12000.0, 1661.6318
D/Stardroid.Flinger( 5284): Doing the fling
D/Stardroid.GestureInterpreter( 5284): Tap down
D/Stardroid.Flinger( 5284): Fling stopped
D/Stardroid.GestureInterpreter( 5284): Tap up
D/Stardroid.FullscreenControlsManager( 5284): Toggling the UI
D/Stardroid.DynamicStarMapActivity( 5284): Key left
D/Stardroid.DynamicStarMapActivity( 5284): Key: KeyEvent { action=ACTION_DOWN, keyCode=KEYCODE_DPAD_CENTER, scanCode=0, metaState=0, flags=0x8, repeatCount=0, eventTime=452454, downTime=452454, deviceId=-1, source=0x101 }
D/Stardroid.GestureInterpreter( 5284): Tap down
D/Stardroid.Flinger( 5284): Fling stopped
D/Stardroid.GestureInterpreter( 5284): Tap up
