W/ViewRootImpl( 5796): Dropping event due to no window focus: MotionEvent { action=ACTION_MOVE, id[0]=0, x[0]=-5.0, y[0]=3.0, toolType[0]=TOOL_TYPE_UNKNOWN, buttonState=0, metaState=0, flags=0x0, edgeFlags=0x0, pointerCount=1, historySize=9, eventTime=517038, downTime=-1, deviceId=0, source=0x10004 }
W/ViewRootImpl( 5796): Dropping event due to no window focus: MotionEvent { action=ACTION_DOWN, id[0]=0, x[0]=0.0, y[0]=0.0, toolType[0]=TOOL_TYPE_UNKNOWN, buttonState=0, metaState=0, flags=0x0, edgeFlags=0x0, pointerCount=1, historySize=0, eventTime=517038, downTime=517035, deviceId=0, source=0x10004 }
W/ContextImpl(  479): Calling a method in the system process without a qualified user: android.app.ContextImpl.sendBroadcast:1123 com.android.server.InputMethodManagerService.hideCurrentInputLocked:1880 com.android.server.InputMethodManagerService.windowGainedFocus:1968 com.android.internal.view.IInputMethodManager$Stub.onTransact:221 com.android.server.InputMethodManagerService.onTransact:818 
I/ActivityManager(  479): START u0 {act=android.intent.action.MAIN cat=[android.intent.category.LAUNCHER] flg=0x10200000 cmp=com.spreadsong.freebooks/com.spreadsong.books.activity.browse.BrowseActivity} from pid 5786
I/ActivityManager(  479): START u0 {act=android.intent.action.MAIN cat=[android.intent.category.LAUNCHER] flg=0x10000000 sel={act=android.intent.action.MAIN cat=[android.intent.category.APP_MUSIC]}} from pid 479
D/BookActivity( 5796): onStop RegularBookDetailActivity
D/BookActivity( 5796): onDestroy RegularBookDetailActivity
D/FragmentActivityWithActionBar( 5796): onDestroy: com.spreadsong.books.activity.detail.book.RegularBookDetailActivity@4ae1ea28
W/SurfaceFlinger(  166): couldn't log to binary event log: overflow.
D/BookActivity( 5796): onPause RegularCollectionDetailActivity
I/ActivityManager(  479): START u0 {cmp=com.spreadsong.freebooks/com.spreadsong.books.activity.detail.book.RegularBookDetailActivity (has extras)} from pid 5796
D/BookDetailActivity( 5796): BookId: 5926
D/BookActivity( 5796): onCreate RegularBookDetailActivity
D/FragmentActivityWithActionBar( 5796): onCreate: com.spreadsong.books.activity.detail.book.RegularBookDetailActivity@4af054f8
D/DynamitePackage( 5796): Instantiating com.google.android.gms.ads.ChimeraAdManagerCreatorImpl
I/Ads     ( 5796): Starting ad request.
I/Ads     ( 5796): Use AdRequest.Builder.addTestDevice("A8F049FC454E72BFB6EA60EE2500BB55") to get test ads on this device.
D/BookActivity( 5796): onStart RegularBookDetailActivity
D/AppRatingRequester( 5796): Rating requested
D/AppRatingRequester( 5796): Days since first rating request: 0 (gracePediodDays: 3)
D/BookActivity( 5796): onResume RegularBookDetailActivity
W/Ads     (  720): App does not have the required permissions to get location
D/ReviewsAdapter( 5796): Fetching page: 0
V/ReviewManager( 5796): json_data: {"structure_version":"1.3","action":"get_reviews_for_book","per_page":20,"page":1,"book_id":5926}
W/FragmentManager( 5796): moveToState: Fragment state for RegularBookDetailReviewsFragment{4b2b8150 #1 id=0x7f0c001e android:switcher:2131492894:1} not updated inline; expected state 3 found 2
V/ReviewManager( 5796): api_signature: 539df89118a89d341f6573556231418e
W/FragmentManager( 5796): moveToState: Fragment state for RegularBookDetailRelatedFragment{4b2b8330 #2 id=0x7f0c001e android:switcher:2131492894:2} not updated inline; expected state 3 found 2
V/ReviewManager( 5796): json_data: {"structure_version":"1.3","action":"get_review_stats_for_book","book_id":5926}
V/ReviewManager( 5796): api_signature: e40b6e3732af4be08e0a53391033b7cc
W/Herrevad(  720): [486] rqj.a: On wifi, but couldn't get security type
W/EGL_emulation( 5796): eglSurfaceAttrib not implemented 3093 12436
D/BookDetailActivity( 5796): Calculating book cover transform matrix
W/ViewRootImpl( 5796): Dropping event due to no window focus: MotionEvent { action=ACTION_MOVE, id[0]=0, x[0]=3.0, y[0]=-4.0, toolType[0]=TOOL_TYPE_UNKNOWN, buttonState=0, metaState=0, flags=0x0, edgeFlags=0x0, pointerCount=1, historySize=9, eventTime=517373, downTime=-1, deviceId=0, source=0x10004 }
W/ViewRootImpl( 5796): Dropping event due to no window focus: MotionEvent { action=ACTION_DOWN, id[0]=0, x[0]=0.0, y[0]=0.0, toolType[0]=TOOL_TYPE_UNKNOWN, buttonState=0, metaState=0, flags=0x0, edgeFlags=0x0, pointerCount=1, historySize=0, eventTime=517373, downTime=517371, deviceId=0, source=0x10004 }
W/ViewRootImpl( 5796): Dropping event due to no window focus: KeyEvent { action=ACTION_DOWN, keyCode=KEYCODE_DPAD_UP, scanCode=0, metaState=0, flags=0x8, repeatCount=0, eventTime=517374, downTime=517374, deviceId=-1, source=0x101 }
W/DebugConnManager(  720): getNetworkInfo() on networkType 0
I/ActivityManager(  479): Displayed com.spreadsong.freebooks/com.spreadsong.books.activity.detail.book.RegularBookDetailActivity: +127ms
W/ContextImpl(  479): Calling a method in the system process without a qualified user: android.app.ContextImpl.sendBroadcast:1123 com.android.server.InputMethodManagerService.hideCurrentInputLocked:1880 com.android.server.InputMethodManagerService.windowGainedFocus:1968 com.android.internal.view.IInputMethodManager$Stub.onTransact:221 com.android.server.InputMethodManagerService.onTransact:818 
D/dalvikvm(  654): GC_CONCURRENT freed 1257K, 18% free 6833K/8300K, paused 2ms+4ms, total 36ms
I/qtaguid (  720): Untagging socket 147 failed errno=-13
W/NetworkManagementSocketTagger(  720): untagSocket(147) failed with errno -13
W/ViewRootImpl( 5796): Dropping event due to no window focus: KeyEvent { action=ACTION_DOWN, keyCode=KEYCODE_2, scanCode=0, metaState=0, flags=0x8, repeatCount=0, eventTime=517482, downTime=517482, deviceId=-1, source=0x101 }
W/ViewRootImpl( 5796): Dropping event due to no window focus: KeyEvent { action=ACTION_DOWN, keyCode=KEYCODE_DPAD_RIGHT, scanCode=0, metaState=0, flags=0x8, repeatCount=0, eventTime=517489, downTime=517489, deviceId=-1, source=0x101 }
D/dalvikvm(  720): GC_FOR_ALLOC freed 2367K, 27% free 8943K/12172K, paused 34ms, total 34ms
W/EGL_emulation( 5796): eglSurfaceAttrib not implemented 3093 12436
W/ViewRootImpl( 5796): Dropping event due to no window focus: KeyEvent { action=ACTION_DOWN, keyCode=KEYCODE_DPAD_RIGHT, scanCode=0, metaState=0, flags=0x8, repeatCount=0, eventTime=517493, downTime=517493, deviceId=-1, source=0x101 }
V/ReviewManager( 5796): Response code: 404
V/ReviewManager( 5796): <html>
V/ReviewManager( 5796): <head><title>404 Not Found</title></head>
V/ReviewManager( 5796): <body bgcolor="white">
V/ReviewManager( 5796): <center><h1>404 Not Found</h1></center>
V/ReviewManager( 5796): <hr><center>nginx/1.8.0</center>
V/ReviewManager( 5796): </body>
V/ReviewManager( 5796): </html>
W/ReviewsAdapter( 5796): Could not obtain reviews
W/ReviewsAdapter( 5796): com.spreadsong.books.review.ReviewException: Could not convert response to JSON
W/ReviewsAdapter( 5796): 	at com.spreadsong.books.review.impl.JsonReviewManager.getReviews(JsonReviewManager.java:170)
W/ReviewsAdapter( 5796): 	at com.spreadsong.books.review.impl.CacheEnabledReviewManager.getReviews(CacheEnabledReviewManager.java:53)
W/ReviewsAdapter( 5796): 	at com.spreadsong.books.adapter.ReviewsAdapter$2.doBackgroundTask(ReviewsAdapter.java:267)
W/ReviewsAdapter( 5796): 	at com.spreadsong.books.adapter.ReviewsAdapter$2.doBackgroundTask(ReviewsAdapter.java:258)
W/ReviewsAdapter( 5796): 	at com.spreadsong.task.UiRelatedTask.run(UiRelatedTask.java:14)
W/ReviewsAdapter( 5796): 	at java.util.concurrent.ThreadPoolExecutor.runWorker(ThreadPoolExecutor.java:1112)
W/ReviewsAdapter( 5796): 	at java.util.concurrent.ThreadPoolExecutor$Worker.run(ThreadPoolExecutor.java:587)
W/ReviewsAdapter( 5796): 	at java.lang.Thread.run(Thread.java:841)
W/ReviewsAdapter( 5796): Caused by: org.json.JSONException: Value <html> of type java.lang.String cannot be converted to JSONArray
W/ReviewsAdapter( 5796): 	at org.json.JSON.typeMismatch(JSON.java:111)
W/ReviewsAdapter( 5796): 	at org.json.JSONArray.<init>(JSONArray.java:96)
W/ReviewsAdapter( 5796): 	at org.json.JSONArray.<init>(JSONArray.java:108)
W/ReviewsAdapter( 5796): 	at com.spreadsong.books.review.impl.JsonReviewManager.getReviews(JsonReviewManager.java:145)
W/ReviewsAdapter( 5796): 	... 7 more
I/ActivityManager(  479): START u0 {act=android.intent.action.MAIN cat=[android.intent.category.LAUNCHER] flg=0x10200000 cmp=com.spreadsong.freebooks/com.spreadsong.books.activity.browse.BrowseActivity} from pid 5786
V/ReviewManager( 5796): Response code: 404
V/ReviewManager( 5796): <html>
V/ReviewManager( 5796): <head><title>404 Not Found</title></head>
V/ReviewManager( 5796): <body bgcolor="white">
V/ReviewManager( 5796): <center><h1>404 Not Found</h1></center>
V/ReviewManager( 5796): <hr><center>nginx/1.8.0</center>
V/ReviewManager( 5796): </body>
V/ReviewManager( 5796): </html>
W/BookDetailAboutFragment( 5796): Could not obtain review stats
W/BookDetailAboutFragment( 5796): com.spreadsong.books.review.ReviewException: Could not convert response to JSON
W/BookDetailAboutFragment( 5796): 	at com.spreadsong.books.review.impl.JsonReviewManager.getReviewStatistics(JsonReviewManager.java:116)
W/BookDetailAboutFragment( 5796): 	at com.spreadsong.books.review.impl.CacheEnabledReviewManager.fetchAndStoreReviewStatistics(CacheEnabledReviewManager.java:57)
W/BookDetailAboutFragment( 5796): 	at com.spreadsong.books.review.impl.CacheEnabledReviewManager.getReviewStatistics(CacheEnabledReviewManager.java:48)
W/BookDetailAboutFragment( 5796): 	at com.spreadsong.books.fragment.detail.book.BookDetailAboutFragment$1.doBackgroundTask(BookDetailAboutFragment.java:81)
W/BookDetailAboutFragment( 5796): 	at com.spreadsong.books.fragment.detail.book.BookDetailAboutFragment$1.doBackgroundTask(BookDetailAboutFragment.java:76)
W/BookDetailAboutFragment( 5796): 	at com.spreadsong.task.UiRelatedTask.run(UiRelatedTask.java:14)
W/BookDetailAboutFragment( 5796): 	at java.util.concurrent.ThreadPoolExecutor.runWorker(ThreadPoolExecutor.java:1112)
W/BookDetailAboutFragment( 5796): 	at java.util.concurrent.ThreadPoolExecutor$Worker.run(ThreadPoolExecutor.java:587)
W/BookDetailAboutFragment( 5796): 	at java.lang.Thread.run(Thread.java:841)
W/BookDetailAboutFragment( 5796): Caused by: org.json.JSONException: Value <html> of type java.lang.String cannot be converted to JSONObject
W/BookDetailAboutFragment( 5796): 	at org.json.JSON.typeMismatch(JSON.java:111)
W/BookDetailAboutFragment( 5796): 	at org.json.JSONObject.<init>(JSONObject.java:159)
W/BookDetailAboutFragment( 5796): 	at org.json.JSONObject.<init>(JSONObject.java:172)
W/BookDetailAboutFragment( 5796): 	at com.spreadsong.books.review.impl.JsonReviewManager.getReviewStatistics(JsonReviewManager.java:111)
W/BookDetailAboutFragment( 5796): 	... 8 more
D/BookDetailAboutFragment( 5796): Setting rating value :0.0
I/qtaguid (  720): Tagging socket 143 with tag 3000010500000000(805306629) for uid -1 failed errno=-13
I/NetworkManagementSocketTagger(  720): tagSocketFd(143, 805306629, -1) failed with errno-13
W/InputManager(  479): Input event injection from pid 5786 failed.
W/InputManager(  479): Input event injection from pid 5786 failed.
W/InputManager(  479): Input event injection from pid 5786 failed.
W/InputManager(  479): Input event injection from pid 5786 failed.
W/InputManager(  479): Input event injection from pid 5786 failed.
W/InputManager(  479): Input event injection from pid 5786 failed.
W/InputManager(  479): Input event injection from pid 5786 failed.
W/ViewRootImpl( 5796): Dropping event due to no window focus: KeyEvent { action=ACTION_DOWN, keyCode=KEYCODE_DPAD_CENTER, scanCode=0, metaState=0, flags=0x8, repeatCount=0, eventTime=517582, downTime=517582, deviceId=-1, source=0x101 }
W/ViewRootImpl( 5796): Dropping event due to no window focus: KeyEvent { action=ACTION_DOWN, keyCode=KEYCODE_MENU, scanCode=0, metaState=0, flags=0x8, repeatCount=0, eventTime=517585, downTime=517585, deviceId=-1, source=0x101 }
W/InputMethodManagerService(  479): Window already focused, ignoring focus gain of: com.android.internal.view.IInputMethodClient$Stub$Proxy@4a987278 attribute=null, token = android.os.BinderProxy@4b10386c
I/ActivityManager(  479): START u0 {act=android.intent.action.MAIN cat=[android.intent.category.LAUNCHER] flg=0x10200000 cmp=com.spreadsong.freebooks/com.spreadsong.books.activity.browse.BrowseActivity} from pid 5786
W/ViewRootImpl( 5796): Dropping event due to no window focus: KeyEvent { action=ACTION_DOWN, keyCode=KEYCODE_DPAD_UP, scanCode=0, metaState=0, flags=0x8, repeatCount=0, eventTime=517714, downTime=517714, deviceId=-1, source=0x101 }
W/EGL_emulation( 5796): eglSurfaceAttrib not implemented 3093 12436
W/SurfaceFlinger(  166): couldn't log to binary event log: overflow.
W/InputMethodManagerService(  479): Window already focused, ignoring focus gain of: com.android.internal.view.IInputMethodClient$Stub$Proxy@4a975070 attribute=null, token = android.os.BinderProxy@4b10386c
I/ActivityManager(  479): START u0 {act=android.intent.action.MAIN cat=[android.intent.category.LAUNCHER] flg=0x10200000 cmp=com.spreadsong.freebooks/com.spreadsong.books.activity.browse.BrowseActivity} from pid 5786
W/ViewRootImpl( 5796): Dropping event due to no window focus: KeyEvent { action=ACTION_DOWN, keyCode=KEYCODE_MENU, scanCode=0, metaState=0, flags=0x8, repeatCount=0, eventTime=517792, downTime=517792, deviceId=-1, source=0x101 }
W/ViewRootImpl( 5796): Dropping event due to no window focus: KeyEvent { action=ACTION_DOWN, keyCode=KEYCODE_DPAD_RIGHT, scanCode=0, metaState=0, flags=0x8, repeatCount=0, eventTime=517796, downTime=517796, deviceId=-1, source=0x101 }
W/ViewRootImpl( 5796): Dropping event due to no window focus: KeyEvent { action=ACTION_DOWN, keyCode=KEYCODE_DPAD_RIGHT, scanCode=0, metaState=0, flags=0x8, repeatCount=0, eventTime=517796, downTime=517796, deviceId=-1, source=0x101 }
W/ViewRootImpl( 5796): Dropping event due to no window focus: KeyEvent { action=ACTION_DOWN, keyCode=KEYCODE_F8, scanCode=0, metaState=0, flags=0x8, repeatCount=0, eventTime=517797, downTime=517797, deviceId=-1, source=0x101 }
V/PanelView(  533): animationTick called with dtms=0; nothing to do (h=0.0 v=-4500.0)
W/EGL_emulation( 5796): eglSurfaceAttrib not implemented 3093 12436
W/ViewRootImpl( 5796): Dropping event due to no window focus: KeyEvent { action=ACTION_DOWN, keyCode=KEYCODE_MENU, scanCode=0, metaState=0, flags=0x8, repeatCount=0, eventTime=517810, downTime=517810, deviceId=-1, source=0x101 }
W/ViewRootImpl( 5796): Dropping event due to no window focus: KeyEvent { action=ACTION_DOWN, keyCode=KEYCODE_BUTTON_6, scanCode=0, metaState=0, flags=0x8, repeatCount=0, eventTime=517852, downTime=517852, deviceId=-1, source=0x101 }
W/ViewRootImpl( 5796): Dropping event due to no window focus: KeyEvent { action=ACTION_DOWN, keyCode=KEYCODE_DPAD_CENTER, scanCode=0, metaState=0, flags=0x8, repeatCount=0, eventTime=517852, downTime=517852, deviceId=-1, source=0x101 }
W/InputMethodManagerService(  479): Window already focused, ignoring focus gain of: com.android.internal.view.IInputMethodClient$Stub$Proxy@4a96b0d4 attribute=null, token = android.os.BinderProxy@4b10386c
W/ViewRootImpl( 5796): Dropping event due to no window focus: KeyEvent { action=ACTION_DOWN, keyCode=KEYCODE_MENU, scanCode=0, metaState=0, flags=0x8, repeatCount=0, eventTime=517868, downTime=517868, deviceId=-1, source=0x101 }
W/ViewRootImpl( 5796): Dropping event due to no window focus: MotionEvent { action=ACTION_MOVE, id[0]=0, x[0]=-5.0, y[0]=1.0, toolType[0]=TOOL_TYPE_UNKNOWN, buttonState=0, metaState=0, flags=0x0, edgeFlags=0x0, pointerCount=1, historySize=3, eventTime=517878, downTime=-1, deviceId=0, source=0x10004 }
W/EGL_emulation( 5796): eglSurfaceAttrib not implemented 3093 12436
D/dalvikvm(  479): GC_FOR_ALLOC freed 2456K, 47% free 14255K/26632K, paused 25ms, total 26ms
I/ActivityManager(  479): START u0 {act=com.android.systemui.recent.action.TOGGLE_RECENTS flg=0x10800000 cmp=com.android.systemui/.recent.RecentsActivity (has extras)} from pid 533
W/InputMethodManagerService(  479): Window already focused, ignoring focus gain of: com.android.internal.view.IInputMethodClient$Stub$Proxy@4aaf07ec attribute=null, token = android.os.BinderProxy@4b10386c
W/ViewRootImpl( 5796): Dropping event due to no window focus: KeyEvent { action=ACTION_DOWN, keyCode=KEYCODE_DPAD_DOWN, scanCode=0, metaState=0, flags=0x8, repeatCount=0, eventTime=518077, downTime=518077, deviceId=-1, source=0x101 }
W/EGL_emulation( 5796): eglSurfaceAttrib not implemented 3093 12436
W/InputEventReceiver( 5796): Attempted to finish an input event but the input event receiver has already been disposed.
W/EGL_emulation( 5796): eglSurfaceAttrib not implemented 3093 12436
W/ViewRootImpl( 5796): Dropping event due to no window focus: KeyEvent { action=ACTION_DOWN, keyCode=KEYCODE_MENU, scanCode=0, metaState=0, flags=0x8, repeatCount=0, eventTime=518125, downTime=518125, deviceId=-1, source=0x101 }
W/InputMethodManagerService(  479): Window already focused, ignoring focus gain of: com.android.internal.view.IInputMethodClient$Stub$Proxy@4a9fffd8 attribute=null, token = android.os.BinderProxy@4b10386c
I/ActivityManager(  479): START u0 {act=android.intent.action.MAIN cat=[android.intent.category.LAUNCHER] flg=0x10200000 cmp=com.spreadsong.freebooks/com.spreadsong.books.activity.browse.BrowseActivity} from pid 5786
I/qtaguid (  720): Untagging socket 143 failed errno=-13
W/NetworkManagementSocketTagger(  720): untagSocket(143) failed with errno -13
W/EGL_emulation( 5796): eglSurfaceAttrib not implemented 3093 12436
W/AwContents( 5796): nativeOnDraw failed; clearing to background color.
W/ViewRootImpl( 5796): Dropping event due to no window focus: KeyEvent { action=ACTION_DOWN, keyCode=KEYCODE_PROG_BLUE, scanCode=0, metaState=0, flags=0x8, repeatCount=0, eventTime=518245, downTime=518245, deviceId=-1, source=0x101 }
W/InputMethodManagerService(  479): Window already focused, ignoring focus gain of: com.android.internal.view.IInputMethodClient$Stub$Proxy@4a9ec448 attribute=null, token = android.os.BinderProxy@4b10386c
V/PanelView(  533): animationTick called with dtms=0; nothing to do (h=0.0 v=0.0)
D/dalvikvm( 5796): GC_CONCURRENT freed 4019K, 16% free 22571K/26652K, paused 2ms+29ms, total 96ms
I/ExoPlayerImpl( 5796): Init 1.3.1
I/InputDispatcher(  479): Dropped event because of pending overdue app switch.
W/InputManager(  479): Input event injection from pid 5786 failed.
W/ViewRootImpl( 5796): Dropping event due to no window focus: KeyEvent { action=ACTION_DOWN, keyCode=KEYCODE_DPAD_LEFT, scanCode=0, metaState=0, flags=0x8, repeatCount=0, eventTime=518373, downTime=518373, deviceId=-1, source=0x101 }
W/EGL_emulation( 5796): eglSurfaceAttrib not implemented 3093 12436
I/ActivityManager(  479): START u0 {act=android.intent.action.MAIN cat=[android.intent.category.LAUNCHER] flg=0x10000000 cmp=com.android.browser/.BrowserActivity sel={act=android.intent.action.MAIN cat=[android.intent.category.APP_BROWSER]}} from pid 479
I/OMXClient( 5796): Using client-side OMX mux.
W/ViewRootImpl( 5796): Dropping event due to no window focus: KeyEvent { action=ACTION_DOWN, keyCode=KEYCODE_DPAD_DOWN, scanCode=0, metaState=0, flags=0x8, repeatCount=0, eventTime=518440, downTime=518440, deviceId=-1, source=0x101 }
W/InputMethodManagerService(  479): Window already focused, ignoring focus gain of: com.android.internal.view.IInputMethodClient$Stub$Proxy@4a9c5610 attribute=android.view.inputmethod.EditorInfo@4b122e88, token = android.os.BinderProxy@4b10386c
I/Ads     ( 5796): Ad finished loading.
W/ViewRootImpl( 5796): Dropping event due to no window focus: KeyEvent { action=ACTION_DOWN, keyCode=KEYCODE_DPAD_RIGHT, scanCode=0, metaState=0, flags=0x8, repeatCount=0, eventTime=518612, downTime=518612, deviceId=-1, source=0x101 }
W/ViewRootImpl( 5796): Dropping event due to no window focus: KeyEvent { action=ACTION_DOWN, keyCode=KEYCODE_DPAD_DOWN, scanCode=0, metaState=0, flags=0x8, repeatCount=0, eventTime=518614, downTime=518614, deviceId=-1, source=0x101 }
W/EGL_emulation( 5796): eglSurfaceAttrib not implemented 3093 12436
V/PanelView(  533): animationTick called with dtms=0; nothing to do (h=0.0 v=-0.0)
W/ViewRootImpl( 5796): Dropping event due to no window focus: KeyEvent { action=ACTION_DOWN, keyCode=KEYCODE_MENU, scanCode=0, metaState=0, flags=0x8, repeatCount=0, eventTime=518618, downTime=518618, deviceId=-1, source=0x101 }
W/InputMethodManagerService(  479): Window already focused, ignoring focus gain of: com.android.internal.view.IInputMethodClient$Stub$Proxy@4a97185c attribute=android.view.inputmethod.EditorInfo@4b11c12c, token = android.os.BinderProxy@4b10386c
D/BookActivity( 5796): onStop RegularBookDetailActivity
D/BookActivity( 5796): onDestroy RegularBookDetailActivity
D/FragmentActivityWithActionBar( 5796): onDestroy: com.spreadsong.books.activity.detail.book.RegularBookDetailActivity@4abf0ba8
W/WindowManager(  479): Force-removing child win Window{4aa81bf8 u0 AtchDlg:com.spreadsong.freebooks/com.spreadsong.books.activity.detail.book.RegularBookDetailActivity} from container Window{4a9be49c u0 com.spreadsong.freebooks/com.spreadsong.books.activity.detail.book.RegularBookDetailActivity}
E/WindowManager( 5796): 
E/WindowManager( 5796): android.view.WindowLeaked: Activity com.spreadsong.books.activity.detail.book.RegularBookDetailActivity has leaked window com.android.internal.policy.impl.PhoneWindow$DecorView{4ac78f74 V.E..... ......ID 0,0-720,0} that was originally added here
E/WindowManager( 5796): 	at android.view.ViewRootImpl.<init>(ViewRootImpl.java:348)
E/WindowManager( 5796): 	at android.view.WindowManagerGlobal.addView(WindowManagerGlobal.java:248)
E/WindowManager( 5796): 	at android.view.WindowManagerImpl.addView(WindowManagerImpl.java:69)
E/WindowManager( 5796): 	at com.android.internal.policy.impl.PhoneWindow.openPanel(PhoneWindow.java:672)
E/WindowManager( 5796): 	at com.android.internal.policy.impl.PhoneWindow.onKeyUpPanel(PhoneWindow.java:879)
E/WindowManager( 5796): 	at com.android.internal.policy.impl.PhoneWindow.onKeyUp(PhoneWindow.java:1630)
E/WindowManager( 5796): 	at com.android.internal.policy.impl.PhoneWindow$DecorView.dispatchKeyEvent(PhoneWindow.java:1969)
E/WindowManager( 5796): 	at android.view.ViewRootImpl$ViewPostImeInputStage.processKeyEvent(ViewRootImpl.java:3876)
E/WindowManager( 5796): 	at android.view.ViewRootImpl$ViewPostImeInputStage.onProcess(ViewRootImpl.java:3850)
E/WindowManager( 5796): 	at android.view.ViewRootImpl$InputStage.deliver(ViewRootImpl.java:3423)
E/WindowManager( 5796): 	at android.view.ViewRootImpl$InputStage.onDeliverToNext(ViewRootImpl.java:3473)
E/WindowManager( 5796): 	at android.view.ViewRootImpl$InputStage.forward(ViewRootImpl.java:3442)
E/WindowManager( 5796): 	at android.view.ViewRootImpl$AsyncInputStage.forward(ViewRootImpl.java:3549)
E/WindowManager( 5796): 	at android.view.ViewRootImpl$InputStage.apply(ViewRootImpl.java:3450)
E/WindowManager( 5796): 	at android.view.ViewRootImpl$AsyncInputStage.apply(ViewRootImpl.java:3606)
E/WindowManager( 5796): 	at android.view.ViewRootImpl$InputStage.deliver(ViewRootImpl.java:3423)
E/WindowManager( 5796): 	at android.view.ViewRootImpl$InputStage.onDeliverToNext(ViewRootImpl.java:3473)
E/WindowManager( 5796): 	at android.view.ViewRootImpl$InputStage.forward(ViewRootImpl.java:3442)
E/WindowManager( 5796): 	at android.view.ViewRootImpl$InputStage.apply(ViewRootImpl.java:3450)
E/WindowManager( 5796): 	at android.view.ViewRootImpl$InputStage.deliver(ViewRootImpl.java:3423)
E/WindowManager( 5796): 	at android.view.ViewRootImpl$InputStage.onDeliverToNext(ViewRootImpl.java:3473)
E/WindowManager( 5796): 	at android.view.ViewRootImpl$InputStage.forward(ViewRootImpl.java:3442)
E/WindowManager( 5796): 	at android.view.ViewRootImpl$AsyncInputStage.forward(ViewRootImpl.java:3582)
E/WindowManager( 5796): 	at android.view.ViewRootImpl$ImeInputStage.onFinishedInputEvent(ViewRootImpl.java:3742)
E/WindowManager( 5796): 	at android.view.inputmethod.InputMethodManager$PendingEvent.run(InputMethodManager.java:2010)
E/WindowManager( 5796): 	at android.view.inputmethod.InputMethodManager.invokeFinishedInputEventCallback(InputMethodManager.java:1704)
E/WindowManager( 5796): 	at android.view.inputmethod.InputMethodManager.finishedInputEvent(InputMethodManager.java:1695)
E/WindowManager( 5796): 	at android.view.inputmethod.InputMethodManager$ImeInputEventSender.onInputEventFinished(InputMethodManager.java:1987)
E/WindowManager( 5796): 	at android.view.InputEventSender.dispatchInputEventFinished(InputEventSender.java:141)
E/WindowManager( 5796): 	at android.os.MessageQueue.nativePollOnce(Native Method)
E/WindowManager( 5796): 	at android.os.MessageQueue.next(MessageQueue.java:138)
E/WindowManager( 5796): 	at android.os.Looper.loop(Looper.java:123)
E/WindowManager( 5796): 	at android.app.ActivityThread.main(ActivityThread.java:5019)
E/WindowManager( 5796): 	at java.lang.reflect.Method.invokeNative(Native Method)
E/WindowManager( 5796): 	at java.lang.reflect.Method.invoke(Method.java:515)
E/WindowManager( 5796): 	at com.android.internal.os.ZygoteInit$MethodAndArgsCaller.run(ZygoteInit.java:779)
E/WindowManager( 5796): 	at com.android.internal.os.ZygoteInit.main(ZygoteInit.java:595)
E/WindowManager( 5796): 	at dalvik.system.NativeStart.main(Native Method)
D/BookActivity( 5796): onStop RegularCollectionDetailActivity
W/WindowManager(  479): Failed looking up window
W/WindowManager(  479): java.lang.IllegalArgumentException: Requested window android.os.BinderProxy@4afa94b4 does not exist
W/WindowManager(  479): 	at com.android.server.wm.WindowManagerService.windowForClientLocked(WindowManagerService.java:8096)
W/WindowManager(  479): 	at com.android.server.wm.WindowManagerService.windowForClientLocked(WindowManagerService.java:8087)
W/WindowManager(  479): 	at com.android.server.wm.WindowManagerService.removeWindow(WindowManagerService.java:2542)
W/WindowManager(  479): 	at com.android.server.wm.Session.remove(Session.java:181)
W/WindowManager(  479): 	at android.view.IWindowSession$Stub.onTransact(IWindowSession.java:197)
W/WindowManager(  479): 	at com.android.server.wm.Session.onTransact(Session.java:125)
W/WindowManager(  479): 	at android.os.Binder.execTransact(Binder.java:404)
W/WindowManager(  479): 	at dalvik.system.NativeStart.run(Native Method)
I/ExoPlayerImpl( 5796): Init 1.3.1
W/ViewRootImpl( 5796): Dropping event due to no window focus: KeyEvent { action=ACTION_DOWN, keyCode=KEYCODE_MEDIA_CLOSE, scanCode=0, metaState=0, flags=0x8, repeatCount=0, eventTime=519040, downTime=519040, deviceId=-1, source=0x101 }
I/ActivityManager(  479): START u0 {act=android.intent.action.MAIN cat=[android.intent.category.HOME] flg=0x10200000 cmp=com.vphone.launcher/.Launcher} from pid 479
W/EGL_emulation( 5796): eglSurfaceAttrib not implemented 3093 12436
W/InputManager(  479): Input event injection from pid 5786 failed.
W/InputManager(  479): Input event injection from pid 5786 failed.
W/InputManager(  479): Input event injection from pid 5786 failed.
I/OMXClient( 5796): Using client-side OMX mux.
I/chromium( 5796): [INFO:async_pixel_transfer_manager_android.cc(56)] Async pixel transfers not supported
I/chromium( 5796): [INFO:async_pixel_transfer_manager_android.cc(56)] Async pixel transfers not supported
W/ViewRootImpl( 5796): Dropping event due to no window focus: MotionEvent { action=ACTION_MOVE, id[0]=0, x[0]=0.0, y[0]=0.0, toolType[0]=TOOL_TYPE_UNKNOWN, buttonState=0, metaState=0, flags=0x0, edgeFlags=0x0, pointerCount=1, historySize=9, eventTime=519148, downTime=-1, deviceId=0, source=0x10004 }
W/ViewRootImpl( 5796): Dropping event due to no window focus: MotionEvent { action=ACTION_DOWN, id[0]=0, x[0]=0.0, y[0]=0.0, toolType[0]=TOOL_TYPE_UNKNOWN, buttonState=0, metaState=0, flags=0x0, edgeFlags=0x0, pointerCount=1, historySize=0, eventTime=519149, downTime=519143, deviceId=0, source=0x10004 }
W/InputMethodManagerService(  479): Window already focused, ignoring focus gain of: com.android.internal.view.IInputMethodClient$Stub$Proxy@4aa72b18 attribute=null, token = android.os.BinderProxy@4b10386c
I/Ads     ( 5796): Ad finished loading.
I/ActivityManager(  479): START u0 {act=android.intent.action.MAIN cat=[android.intent.category.LAUNCHER] flg=0x10200000 cmp=com.spreadsong.freebooks/com.spreadsong.books.activity.browse.BrowseActivity} from pid 5786
W/ViewRootImpl( 5796): Dropping event due to no window focus: KeyEvent { action=ACTION_DOWN, keyCode=KEYCODE_DPAD_CENTER, scanCode=0, metaState=0, flags=0x8, repeatCount=0, eventTime=519345, downTime=519345, deviceId=-1, source=0x101 }
W/ViewRootImpl( 5796): Dropping event due to no window focus: KeyEvent { action=ACTION_DOWN, keyCode=KEYCODE_DPAD_LEFT, scanCode=0, metaState=0, flags=0x8, repeatCount=0, eventTime=519348, downTime=519348, deviceId=-1, source=0x101 }
W/ViewRootImpl( 5796): Dropping event due to no window focus: KeyEvent { action=ACTION_DOWN, keyCode=KEYCODE_DPAD_CENTER, scanCode=0, metaState=0, flags=0x8, repeatCount=0, eventTime=519349, downTime=519349, deviceId=-1, source=0x101 }
W/EGL_emulation( 5796): eglSurfaceAttrib not implemented 3093 12436
W/InputEventReceiver( 5796): Attempted to finish an input event but the input event receiver has already been disposed.
W/EGL_emulation( 5796): eglSurfaceAttrib not implemented 3093 12436
W/ViewRootImpl( 5796): Dropping event due to no window focus: KeyEvent { action=ACTION_DOWN, keyCode=KEYCODE_MENU, scanCode=0, metaState=0, flags=0x8, repeatCount=0, eventTime=519413, downTime=519413, deviceId=-1, source=0x101 }
W/ViewRootImpl( 5796): Dropping event due to no window focus: KeyEvent { action=ACTION_DOWN, keyCode=KEYCODE_DPAD_UP, scanCode=0, metaState=0, flags=0x8, repeatCount=0, eventTime=519432, downTime=519432, deviceId=-1, source=0x101 }
W/ViewRootImpl( 5796): Dropping event due to no window focus: KeyEvent { action=ACTION_DOWN, keyCode=KEYCODE_DPAD_UP, scanCode=0, metaState=0, flags=0x8, repeatCount=0, eventTime=519434, downTime=519434, deviceId=-1, source=0x101 }
W/ViewRootImpl( 5796): Dropping event due to no window focus: KeyEvent { action=ACTION_DOWN, keyCode=KEYCODE_DPAD_LEFT, scanCode=0, metaState=0, flags=0x8, repeatCount=0, eventTime=519440, downTime=519440, deviceId=-1, source=0x101 }
I/ActivityManager(  479): START u0 {act=android.intent.action.MAIN cat=[android.intent.category.LAUNCHER] flg=0x10200000 cmp=com.spreadsong.freebooks/com.spreadsong.books.activity.browse.BrowseActivity} from pid 5786
W/ViewRootImpl( 5796): Dropping event due to no window focus: KeyEvent { action=ACTION_DOWN, keyCode=KEYCODE_MENU, scanCode=0, metaState=0, flags=0x8, repeatCount=0, eventTime=519444, downTime=519444, deviceId=-1, source=0x101 }
W/ViewRootImpl( 5796): Dropping event due to no window focus: KeyEvent { action=ACTION_DOWN, keyCode=KEYCODE_DPAD_RIGHT, scanCode=0, metaState=0, flags=0x8, repeatCount=0, eventTime=519445, downTime=519445, deviceId=-1, source=0x101 }
W/InputMethodManagerService(  479): Window already focused, ignoring focus gain of: com.android.internal.view.IInputMethodClient$Stub$Proxy@4b02ffc8 attribute=android.view.inputmethod.EditorInfo@4aa94cb4, token = android.os.BinderProxy@4b10386c
W/InputMethodManagerService(  479): Window already focused, ignoring focus gain of: com.android.internal.view.IInputMethodClient$Stub$Proxy@4a9f4f74 attribute=android.view.inputmethod.EditorInfo@4a9f0a30, token = android.os.BinderProxy@4b10386c
V/PanelView(  533): animationTick called with dtms=0; nothing to do (h=0.0 v=-0.0)
D/KissMetricsAnalyticsService( 5796): recording: AnalyticsEvent [event=Related book or collection selected the first time, properties={}]
I/System.out( 5796): body:<com.spreadsong.analytics.kissmetrics.KMAction: java.lang.String constructUrlParams(java.lang.String,java.util.Map)>	sig:$r8 = staticinvoke <java.net.URLEncoder: java.lang.String encode(java.lang.String,java.lang.String)>($r7, "UTF-8")	timediff:0
I/System.out( 5796): body:<com.spreadsong.analytics.kissmetrics.KMAction: java.lang.String constructUrlParams(java.lang.String,java.util.Map)>	sig:$r7 = staticinvoke <java.net.URLEncoder: java.lang.String encode(java.lang.String,java.lang.String)>($r7, "UTF-8")	timediff:0
I/System.out( 5796): body:<com.spreadsong.analytics.kissmetrics.KMAction: java.lang.String constructUrlParams(java.lang.String,java.util.Map)>	sig:$r8 = staticinvoke <java.net.URLEncoder: java.lang.String encode(java.lang.String,java.lang.String)>($r7, "UTF-8")	timediff:0
I/System.out( 5796): body:<com.spreadsong.analytics.kissmetrics.KMAction: java.lang.String constructUrlParams(java.lang.String,java.util.Map)>	sig:$r7 = staticinvoke <java.net.URLEncoder: java.lang.String encode(java.lang.String,java.lang.String)>($r7, "UTF-8")	timediff:0
I/System.out( 5796): body:<com.spreadsong.analytics.kissmetrics.KMAction: java.lang.String constructUrlParams(java.lang.String,java.util.Map)>	sig:$r8 = staticinvoke <java.net.URLEncoder: java.lang.String encode(java.lang.String,java.lang.String)>($r7, "UTF-8")	timediff:0
I/System.out( 5796): body:<com.spreadsong.analytics.kissmetrics.KMAction: java.lang.String constructUrlParams(java.lang.String,java.util.Map)>	sig:$r7 = staticinvoke <java.net.URLEncoder: java.lang.String encode(java.lang.String,java.lang.String)>($r7, "UTF-8")	timediff:0
I/ActivityManager(  479): START u0 {cmp=com.spreadsong.freebooks/com.spreadsong.books.activity.detail.collection.RegularCollectionDetailActivity (has extras)} from pid 5796
D/PersistentHttpRequestSender( 5796): executing: PersistentGetRequest[id=3, url=http://trk.kissmetrics.com/e?_p=930be413-4ec8-4393-94af-458619756e86&_k=530a6b2195b39852d5c3633c34236dac56b1f738&_n=Related+book+or+collection+selected+the+first+time]
D/BookActivity( 5796): onPause RegularBookDetailActivity
D/CollectionDetailActivity( 5796): colletionId: 2000
D/BookActivity( 5796): onCreate RegularCollectionDetailActivity
D/FragmentActivityWithActionBar( 5796): onCreate: com.spreadsong.books.activity.detail.collection.RegularCollectionDetailActivity@4ac17368
D/DynamitePackage( 5796): Instantiating com.google.android.gms.ads.ChimeraAdManagerCreatorImpl
I/Ads     ( 5796): Starting ad request.
I/Ads     ( 5796): Use AdRequest.Builder.addTestDevice("A8F049FC454E72BFB6EA60EE2500BB55") to get test ads on this device.
D/BookActivity( 5796): onStart RegularCollectionDetailActivity
D/AppRatingRequester( 5796): Rating requested
D/AppRatingRequester( 5796): Days since first rating request: 0 (gracePediodDays: 3)
D/BookActivity( 5796): onResume RegularCollectionDetailActivity
D/DynamitePackage( 5796): Instantiating com.google.android.gms.ads.ChimeraAdManagerCreatorImpl
I/Ads     ( 5796): Starting ad request.
I/Ads     ( 5796): Use AdRequest.Builder.addTestDevice("A8F049FC454E72BFB6EA60EE2500BB55") to get test ads on this device.
W/FragmentManager( 5796): moveToState: Fragment state for RegularCollectionDetailBrowseFragment{4ad71440 #1 id=0x7f0c001e android:switcher:2131492894:1} not updated inline; expected state 3 found 2
D/DynamitePackage( 5796): Instantiating com.google.android.gms.ads.ChimeraAdManagerCreatorImpl
I/Ads     ( 5796): Starting ad request.
I/Ads     ( 5796): Use AdRequest.Builder.addTestDevice("A8F049FC454E72BFB6EA60EE2500BB55") to get test ads on this device.
W/FragmentManager( 5796): moveToState: Fragment state for RegularCollectionDetailRelatedFragment{4afdd3f0 #2 id=0x7f0c001e android:switcher:2131492894:2} not updated inline; expected state 3 found 2
I/InputDispatcher(  479): Dropped event because of pending overdue app switch.
W/InputManager(  479): Input event injection from pid 5786 failed.
W/EGL_emulation( 5796): eglSurfaceAttrib not implemented 3093 12436
W/ViewRootImpl( 5796): Dropping event due to no window focus: KeyEvent { action=ACTION_DOWN, keyCode=KEYCODE_DPAD_DOWN, scanCode=0, metaState=0, flags=0x8, repeatCount=0, eventTime=519573, downTime=519573, deviceId=-1, source=0x101 }
W/ViewRootImpl( 5796): Dropping event due to no window focus: MotionEvent { action=ACTION_MOVE, id[0]=0, x[0]=-3.0, y[0]=-5.0, toolType[0]=TOOL_TYPE_UNKNOWN, buttonState=0, metaState=0, flags=0x0, edgeFlags=0x0, pointerCount=1, historySize=9, eventTime=519593, downTime=-1, deviceId=0, source=0x10004 }
W/Ads     (  720): App does not have the required permissions to get location
W/Ads     (  720): App does not have the required permissions to get location
W/Ads     (  720): App does not have the required permissions to get location
I/ActivityManager(  479): Displayed com.spreadsong.freebooks/com.spreadsong.books.activity.detail.collection.RegularCollectionDetailActivity: +153ms
W/Herrevad(  720): [486] rqj.a: On wifi, but couldn't get security type
W/DebugConnManager(  720): getNetworkInfo() on networkType 0
W/ViewRootImpl( 5796): Dropping event due to no window focus: KeyEvent { action=ACTION_DOWN, keyCode=KEYCODE_BUTTON_X, scanCode=0, metaState=0, flags=0x8, repeatCount=0, eventTime=519624, downTime=519624, deviceId=-1, source=0x101 }
W/ViewRootImpl( 5796): Dropping event due to no window focus: KeyEvent { action=ACTION_DOWN, keyCode=KEYCODE_DPAD_CENTER, scanCode=0, metaState=0, flags=0x8, repeatCount=0, eventTime=519624, downTime=519624, deviceId=-1, source=0x101 }
W/ViewRootImpl( 5796): Dropping event due to no window focus: KeyEvent { action=ACTION_DOWN, keyCode=KEYCODE_MENU, scanCode=0, metaState=0, flags=0x8, repeatCount=0, eventTime=519689, downTime=519689, deviceId=-1, source=0x101 }
I/ActivityManager(  479): START u0 {act=android.intent.action.MAIN cat=[android.intent.category.LAUNCHER] flg=0x10000000 sel={act=android.intent.action.MAIN cat=[android.intent.category.APP_MUSIC]}} from pid 479
W/ViewRootImpl( 5796): Dropping event due to no window focus: KeyEvent { action=ACTION_DOWN, keyCode=KEYCODE_DPAD_CENTER, scanCode=0, metaState=0, flags=0x8, repeatCount=0, eventTime=519692, downTime=519692, deviceId=-1, source=0x101 }
W/ViewRootImpl( 5796): Dropping event due to no window focus: KeyEvent { action=ACTION_DOWN, keyCode=KEYCODE_MENU, scanCode=0, metaState=0, flags=0x8, repeatCount=0, eventTime=519693, downTime=519693, deviceId=-1, source=0x101 }
W/ViewRootImpl( 5796): Dropping event due to no window focus: KeyEvent { action=ACTION_DOWN, keyCode=KEYCODE_MENU, scanCode=0, metaState=0, flags=0x8, repeatCount=0, eventTime=519694, downTime=519694, deviceId=-1, source=0x101 }
W/ContextImpl(  479): Calling a method in the system process without a qualified user: android.app.ContextImpl.sendBroadcast:1123 com.android.server.InputMethodManagerService.hideCurrentInputLocked:1880 com.android.server.InputMethodManagerService.windowGainedFocus:1968 com.android.internal.view.IInputMethodManager$Stub.onTransact:221 com.android.server.InputMethodManagerService.onTransact:818 
D/dalvikvm(  720): GC_CONCURRENT freed 1947K, 26% free 9092K/12172K, paused 5ms+7ms, total 46ms
I/qtaguid (  720): Tagging socket 138 with tag 3000010500000000(805306629) for uid -1 failed errno=-13
I/NetworkManagementSocketTagger(  720): tagSocketFd(138, 805306629, -1) failed with errno-13
I/qtaguid (  720): Tagging socket 147 with tag 3000010500000000(805306629) for uid -1 failed errno=-13
I/NetworkManagementSocketTagger(  720): tagSocketFd(147, 805306629, -1) failed with errno-13
I/qtaguid (  720): Tagging socket 143 with tag 3000010500000000(805306629) for uid -1 failed errno=-13
I/NetworkManagementSocketTagger(  720): tagSocketFd(143, 805306629, -1) failed with errno-13
D/dalvikvm( 2302): GC_FOR_ALLOC freed 2088K, 62% free 4942K/12816K, paused 2ms, total 2ms
I/qtaguid (  720): Untagging socket 138 failed errno=-13
I/dalvikvm-heap( 2302): Grow heap (frag case) to 8.400MB for 3686412-byte allocation
W/NetworkManagementSocketTagger(  720): untagSocket(138) failed with errno -13
W/Ads     (  720): Received error HTTP response code: 400
W/Ads     ( 5796): There was a problem getting an ad response. ErrorCode: 0
D/dalvikvm( 2302): GC_FOR_ALLOC freed 7K, 34% free 8534K/12816K, paused 5ms, total 5ms
I/qtaguid (  720): Untagging socket 147 failed errno=-13
W/NetworkManagementSocketTagger(  720): untagSocket(147) failed with errno -13
D/dalvikvm( 2302): GC_CONCURRENT freed <1K, 34% free 8534K/12816K, paused 2ms+0ms, total 4ms
W/Ads     ( 5796): Failed to load ad: 0
W/Ads     (  720): Received error HTTP response code: 400
W/Ads     ( 5796): There was a problem getting an ad response. ErrorCode: 0
W/ViewRootImpl( 5796): Dropping event due to no window focus: KeyEvent { action=ACTION_DOWN, keyCode=KEYCODE_DPAD_RIGHT, scanCode=0, metaState=0, flags=0x8, repeatCount=0, eventTime=519948, downTime=519948, deviceId=-1, source=0x101 }
W/ViewRootImpl( 5796): Dropping event due to no window focus: KeyEvent { action=ACTION_DOWN, keyCode=KEYCODE_MENU, scanCode=0, metaState=0, flags=0x8, repeatCount=0, eventTime=519956, downTime=519956, deviceId=-1, source=0x101 }
W/ViewRootImpl( 5796): Dropping event due to no window focus: MotionEvent { action=ACTION_MOVE, id[0]=0, x[0]=4.0, y[0]=-4.0, toolType[0]=TOOL_TYPE_UNKNOWN, buttonState=0, metaState=0, flags=0x0, edgeFlags=0x0, pointerCount=1, historySize=9, eventTime=519958, downTime=-1, deviceId=0, source=0x10004 }
W/ViewRootImpl( 5796): Dropping event due to no window focus: MotionEvent { action=ACTION_DOWN, id[0]=0, x[0]=0.0, y[0]=0.0, toolType[0]=TOOL_TYPE_UNKNOWN, buttonState=0, metaState=0, flags=0x0, edgeFlags=0x0, pointerCount=1, historySize=0, eventTime=519958, downTime=519957, deviceId=0, source=0x10004 }
W/SurfaceFlinger(  166): couldn't log to binary event log: overflow.
W/EGL_emulation( 5796): eglSurfaceAttrib not implemented 3093 12436
W/ViewRootImpl( 5796): Dropping event due to no window focus: KeyEvent { action=ACTION_DOWN, keyCode=KEYCODE_NUMPAD_ENTER, scanCode=0, metaState=0, flags=0x8, repeatCount=0, eventTime=519972, downTime=519972, deviceId=-1, source=0x101 }
W/ViewRootImpl( 5796): Dropping event due to no window focus: KeyEvent { action=ACTION_DOWN, keyCode=KEYCODE_ENTER, scanCode=0, metaState=0, flags=0x8, repeatCount=0, eventTime=519972, downTime=519972, deviceId=-1, source=0x101 }
W/ViewRootImpl( 5796): Dropping event due to no window focus: KeyEvent { action=ACTION_DOWN, keyCode=KEYCODE_MENU, scanCode=0, metaState=0, flags=0x8, repeatCount=0, eventTime=519987, downTime=519987, deviceId=-1, source=0x101 }
W/ViewRootImpl( 5796): Dropping event due to no window focus: KeyEvent { action=ACTION_DOWN, keyCode=KEYCODE_DPAD_LEFT, scanCode=0, metaState=0, flags=0x8, repeatCount=0, eventTime=519989, downTime=519989, deviceId=-1, source=0x101 }
W/Ads     ( 5796): Failed to load ad: 0
I/ActivityManager(  479): START u0 {act=android.intent.action.MAIN cat=[android.intent.category.LAUNCHER] flg=0x10200000 cmp=com.spreadsong.freebooks/com.spreadsong.books.activity.browse.BrowseActivity} from pid 5786
W/InputEventReceiver( 5796): Attempted to finish an input event but the input event receiver has already been disposed.
W/ViewRootImpl( 5796): Dropping event due to no window focus: KeyEvent { action=ACTION_DOWN, keyCode=KEYCODE_DPAD_UP, scanCode=0, metaState=0, flags=0x8, repeatCount=0, eventTime=520013, downTime=520013, deviceId=-1, source=0x101 }
W/EGL_emulation( 2302): eglSurfaceAttrib not implemented 3093 12436
W/EGL_emulation( 5796): eglSurfaceAttrib not implemented 3093 12436
W/InputMethodManagerService(  479): Window already focused, ignoring focus gain of: com.android.internal.view.IInputMethodClient$Stub$Proxy@4b03e4a4 attribute=android.view.inputmethod.EditorInfo@4aae40e0, token = android.os.BinderProxy@4aa72c94
W/InputMethodManagerService(  479): Window already focused, ignoring focus gain of: com.android.internal.view.IInputMethodClient$Stub$Proxy@4aaebf98 attribute=null, token = android.os.BinderProxy@4aa72c94
W/ViewRootImpl( 5796): Dropping event due to no window focus: KeyEvent { action=ACTION_DOWN, keyCode=KEYCODE_DPAD_DOWN, scanCode=0, metaState=0, flags=0x8, repeatCount=0, eventTime=520170, downTime=520170, deviceId=-1, source=0x101 }
W/EGL_emulation( 5796): eglSurfaceAttrib not implemented 3093 12436
V/PanelView(  533): animationTick called with dtms=0; nothing to do (h=0.0 v=-0.0)
W/ViewRootImpl( 5796): Dropping event due to no window focus: KeyEvent { action=ACTION_DOWN, keyCode=KEYCODE_DPAD_CENTER, scanCode=0, metaState=0, flags=0x8, repeatCount=0, eventTime=520267, downTime=520267, deviceId=-1, source=0x101 }
W/ViewRootImpl( 5796): Dropping event due to no window focus: KeyEvent { action=ACTION_DOWN, keyCode=KEYCODE_MENU, scanCode=0, metaState=0, flags=0x8, repeatCount=0, eventTime=520272, downTime=520272, deviceId=-1, source=0x101 }
W/InputMethodManagerService(  479): Window already focused, ignoring focus gain of: com.android.internal.view.IInputMethodClient$Stub$Proxy@4aa03260 attribute=null, token = android.os.BinderProxy@4aa72c94
I/qtaguid (  720): Untagging socket 143 failed errno=-13
W/NetworkManagementSocketTagger(  720): untagSocket(143) failed with errno -13
W/EGL_emulation( 5796): eglSurfaceAttrib not implemented 3093 12436
I/ActivityManager(  479): START u0 {cmp=com.spreadsong.freebooks/com.spreadsong.books.activity.detail.book.RegularBookDetailActivity (has extras)} from pid 5796
W/AwContents( 5796): nativeOnDraw failed; clearing to background color.
D/BookActivity( 5796): onPause RegularCollectionDetailActivity
D/BookDetailActivity( 5796): BookId: 5926
D/BookActivity( 5796): onCreate RegularBookDetailActivity
D/FragmentActivityWithActionBar( 5796): onCreate: com.spreadsong.books.activity.detail.book.RegularBookDetailActivity@4b480e48
D/DynamitePackage( 5796): Instantiating com.google.android.gms.ads.ChimeraAdManagerCreatorImpl
I/Ads     ( 5796): Starting ad request.
I/Ads     ( 5796): Use AdRequest.Builder.addTestDevice("A8F049FC454E72BFB6EA60EE2500BB55") to get test ads on this device.
D/BookActivity( 5796): onStart RegularBookDetailActivity
D/AppRatingRequester( 5796): Rating requested
D/AppRatingRequester( 5796): Days since first rating request: 0 (gracePediodDays: 3)
D/BookActivity( 5796): onResume RegularBookDetailActivity
D/dalvikvm( 5796): GC_CONCURRENT freed 4207K, 15% free 24943K/29212K, paused 17ms+19ms, total 49ms
D/dalvikvm( 5796): WAIT_FOR_CONCURRENT_GC blocked 32ms
D/dalvikvm( 5796): WAIT_FOR_CONCURRENT_GC blocked 12ms
D/dalvikvm( 5796): WAIT_FOR_CONCURRENT_GC blocked 12ms
D/dalvikvm( 5796): WAIT_FOR_CONCURRENT_GC blocked 12ms
D/dalvikvm( 5796): WAIT_FOR_CONCURRENT_GC blocked 12ms
D/dalvikvm( 5796): WAIT_FOR_CONCURRENT_GC blocked 12ms
D/dalvikvm( 5796): WAIT_FOR_CONCURRENT_GC blocked 12ms
D/dalvikvm( 5796): WAIT_FOR_CONCURRENT_GC blocked 11ms
W/FragmentManager( 5796): moveToState: Fragment state for RegularBookDetailReviewsFragment{4b42c99c #1 id=0x7f0c001e android:switcher:2131492894:1} not updated inline; expected state 3 found 2
W/FragmentManager( 5796): moveToState: Fragment state for RegularBookDetailRelatedFragment{4b49d5a8 #2 id=0x7f0c001e android:switcher:2131492894:2} not updated inline; expected state 3 found 2
W/Ads     (  720): App does not have the required permissions to get location
V/ReviewManager( 5796): json_data: {"structure_version":"1.3","action":"get_review_stats_for_book","book_id":5926}
V/ReviewManager( 5796): api_signature: e40b6e3732af4be08e0a53391033b7cc
W/Herrevad(  720): [486] rqj.a: On wifi, but couldn't get security type
W/EGL_emulation( 5796): eglSurfaceAttrib not implemented 3093 12436
D/BookDetailActivity( 5796): Calculating book cover transform matrix
D/ReviewsAdapter( 5796): Fetching page: 0
V/ReviewManager( 5796): json_data: {"structure_version":"1.3","action":"get_reviews_for_book","per_page":20,"page":1,"book_id":5926}
V/ReviewManager( 5796): api_signature: 539df89118a89d341f6573556231418e
W/ViewRootImpl( 5796): Dropping event due to no window focus: KeyEvent { action=ACTION_DOWN, keyCode=KEYCODE_BUTTON_10, scanCode=0, metaState=0, flags=0x8, repeatCount=0, eventTime=520657, downTime=520657, deviceId=-1, source=0x101 }
W/DebugConnManager(  720): getNetworkInfo() on networkType 0
W/ViewRootImpl( 5796): Dropping event due to no window focus: KeyEvent { action=ACTION_DOWN, keyCode=KEYCODE_DPAD_CENTER, scanCode=0, metaState=0, flags=0x8, repeatCount=0, eventTime=520657, downTime=520657, deviceId=-1, source=0x101 }
I/ActivityManager(  479): Displayed com.spreadsong.freebooks/com.spreadsong.books.activity.detail.book.RegularBookDetailActivity: +210ms
W/ContextImpl(  479): Calling a method in the system process without a qualified user: android.app.ContextImpl.sendBroadcast:1123 com.android.server.InputMethodManagerService.hideCurrentInputLocked:1880 com.android.server.InputMethodManagerService.windowGainedFocus:1968 com.android.internal.view.IInputMethodManager$Stub.onTransact:221 com.android.server.InputMethodManagerService.onTransact:818 
I/qtaguid (  720): Tagging socket 138 with tag 3000010500000000(805306629) for uid -1 failed errno=-13
I/NetworkManagementSocketTagger(  720): tagSocketFd(138, 805306629, -1) failed with errno-13
V/ReviewManager( 5796): Response code: 404
V/ReviewManager( 5796): <html>
V/ReviewManager( 5796): <head><title>404 Not Found</title></head>
V/ReviewManager( 5796): <body bgcolor="white">
V/ReviewManager( 5796): <center><h1>404 Not Found</h1></center>
V/ReviewManager( 5796): <hr><center>nginx/1.8.0</center>
V/ReviewManager( 5796): </body>
V/ReviewManager( 5796): </html>
W/BookDetailAboutFragment( 5796): Could not obtain review stats
W/BookDetailAboutFragment( 5796): com.spreadsong.books.review.ReviewException: Could not convert response to JSON
W/BookDetailAboutFragment( 5796): 	at com.spreadsong.books.review.impl.JsonReviewManager.getReviewStatistics(JsonReviewManager.java:116)
