--------- beginning of /dev/log/main
I/Icing   (  713): Indexing F4FAA6262FE39DDD50BAE6B7AF5CDB8D73BA0DB0 from com.google.android.gms
I/Icing   (  713): Indexing done F4FAA6262FE39DDD50BAE6B7AF5CDB8D73BA0DB0
D/AndroidRuntime( 3872): 
D/AndroidRuntime( 3872): >>>>>> AndroidRuntime START com.android.internal.os.RuntimeInit <<<<<<
D/AndroidRuntime( 3872): CheckJNI is OFF
D/dalvikvm( 3872): Using executionMode 2
D/dalvikvm( 3872): Trying to load lib libjavacore.so 0x0
D/dalvikvm( 3872): Added shared lib libjavacore.so 0x0
D/dalvikvm( 3872): Trying to load lib libnativehelper.so 0x0
D/dalvikvm( 3872): Added shared lib libnativehelper.so 0x0
D/dalvikvm( 3872): No JNI_OnLoad found in libnativehelper.so 0x0, skipping init
D/dalvikvm( 3872): Note: class Landroid/app/ActivityManagerNative; has 179 unimplemented (abstract) methods
E/memtrack( 3872): Couldn't load memtrack module (No such file or directory)
E/android.os.Debug( 3872): failed to load memtrack module: -2
D/AndroidRuntime( 3872): Calling main entry com.android.commands.monkey.Monkey
--------- beginning of /dev/log/system
W/BroadcastQueue(  464): Skipping deliver [background] BroadcastRecord{4acd6458 u-1 android.net.conn.CONNECTIVITY_CHANGE} to ReceiverList{4aa6dba0 3872 (unknown name)/0/u-1 remote:4aa273e8}: process crashing
I/ActivityManager(  464): START u0 {act=android.intent.action.MAIN cat=[android.intent.category.LAUNCHER] flg=0x10200000 cmp=com.Biblia.Biblia/com.embarcadero.firemonkey.FMXNativeActivity} from pid 3872
D/yeshen  (  681): launcher onpause
I/ActivityManager(  464): Start proc com.Biblia.Biblia for activity com.Biblia.Biblia/com.embarcadero.firemonkey.FMXNativeActivity: pid=3882 uid=10053 gids={50053, 3003, 1028, 1015, 1023}
W/NetworkManagementSocketTagger(  464): setKernelCountSet(10053, 1) failed with errno -13
D/yeshen  (  681): launcher onstop
I/dalvikvm( 3882): ignoring registerObject request in thread=1
I/dalvikvm( 3882): ignoring registerObject request in thread=1
W/DebugConnManager(  681): getNetworkInfo() on networkType 1
W/ViewRootImpl( 3882): Dropping event due to no window focus: KeyEvent { action=ACTION_DOWN, keyCode=KEYCODE_MENU, scanCode=0, metaState=0, flags=0x8, repeatCount=0, eventTime=290341, downTime=290341, deviceId=-1, source=0x101 }
W/ContextImpl(  464): Calling a method in the system process without a qualified user: android.app.ContextImpl.sendBroadcast:1123 com.android.server.InputMethodManagerService.hideCurrentInputLocked:1880 com.android.server.InputMethodManagerService.windowGainedFocus:1968 com.android.internal.view.IInputMethodManager$Stub.onTransact:221 com.android.server.InputMethodManagerService.onTransact:818 
I/ActivityManager(  464): Displayed com.Biblia.Biblia/com.embarcadero.firemonkey.FMXNativeActivity: +130ms
D/libEGL  ( 3882): loaded /system/lib/egl/libEGL_adreno.so
D/        ( 3882): HostConnection::get() New Host Connection established 0xb87366c0, tid 3893
D/libEGL  ( 3882): loaded /system/lib/egl/libGLESv1_CM_adreno.so
D/libEGL  ( 3882): loaded /system/lib/egl/libGLESv2_adreno.so
W/ViewRootImpl( 3882): Dropping event due to no window focus: KeyEvent { action=ACTION_DOWN, keyCode=KEYCODE_DPAD_DOWN, scanCode=0, metaState=0, flags=0x8, repeatCount=0, eventTime=290813, downTime=290813, deviceId=-1, source=0x101 }
W/ViewRootImpl( 3882): Dropping event due to no window focus: KeyEvent { action=ACTION_DOWN, keyCode=KEYCODE_DPAD_CENTER, scanCode=0, metaState=0, flags=0x8, repeatCount=0, eventTime=290820, downTime=290820, deviceId=-1, source=0x101 }
W/ViewRootImpl( 3882): Dropping event due to no window focus: KeyEvent { action=ACTION_DOWN, keyCode=KEYCODE_DPAD_RIGHT, scanCode=0, metaState=0, flags=0x8, repeatCount=0, eventTime=290824, downTime=290824, deviceId=-1, source=0x101 }
W/ViewRootImpl( 3882): Dropping event due to no window focus: MotionEvent { action=ACTION_MOVE, id[0]=0, x[0]=0.0, y[0]=-1.0, toolType[0]=TOOL_TYPE_UNKNOWN, buttonState=0, metaState=0, flags=0x0, edgeFlags=0x0, pointerCount=1, historySize=0, eventTime=290828, downTime=-1, deviceId=0, source=0x10004 }
D/        ( 3882): HostConnection::get() New Host Connection established 0xb87446e0, tid 3882
W/EGL_emulation( 3882): eglSurfaceAttrib not implemented 3093 12436
D/OpenGLRenderer( 3882): Enabling debug mode 0
W/InputMethodManagerService(  464): Window already focused, ignoring focus gain of: com.android.internal.view.IInputMethodClient$Stub$Proxy@4a9ac754 attribute=null, token = android.os.BinderProxy@4a98d668
W/EGL_emulation( 3882): eglSurfaceAttrib not implemented 3093 12436
W/ViewRootImpl( 3882): Dropping event due to no window focus: KeyEvent { action=ACTION_DOWN, keyCode=KEYCODE_DPAD_CENTER, scanCode=0, metaState=0, flags=0x8, repeatCount=0, eventTime=290928, downTime=290928, deviceId=-1, source=0x101 }
W/InputMethodManagerService(  464): Window already focused, ignoring focus gain of: com.android.internal.view.IInputMethodClient$Stub$Proxy@4aa4908c attribute=null, token = android.os.BinderProxy@4a98d668
W/ViewRootImpl( 3882): Dropping event due to no window focus: KeyEvent { action=ACTION_DOWN, keyCode=KEYCODE_DPAD_CENTER, scanCode=0, metaState=0, flags=0x8, repeatCount=0, eventTime=291018, downTime=291018, deviceId=-1, source=0x101 }
W/EGL_emulation( 3882): eglSurfaceAttrib not implemented 3093 12436
W/ViewRootImpl( 3882): Dropping event due to no window focus: KeyEvent { action=ACTION_DOWN, keyCode=KEYCODE_DPAD_DOWN, scanCode=0, metaState=0, flags=0x8, repeatCount=0, eventTime=291034, downTime=291034, deviceId=-1, source=0x101 }
W/InputManager(  464): Input event injection from pid 3872 failed.
W/InputMethodManagerService(  464): Window already focused, ignoring focus gain of: com.android.internal.view.IInputMethodClient$Stub$Proxy@4aa08478 attribute=null, token = android.os.BinderProxy@4a98d668
W/ViewRootImpl( 3882): Dropping event due to no window focus: KeyEvent { action=ACTION_DOWN, keyCode=KEYCODE_DPAD_RIGHT, scanCode=0, metaState=0, flags=0x8, repeatCount=0, eventTime=291144, downTime=291144, deviceId=-1, source=0x101 }
W/ViewRootImpl( 3882): Dropping event due to no window focus: KeyEvent { action=ACTION_DOWN, keyCode=KEYCODE_DPAD_RIGHT, scanCode=0, metaState=0, flags=0x8, repeatCount=0, eventTime=291151, downTime=291151, deviceId=-1, source=0x101 }
W/EGL_emulation( 3882): eglSurfaceAttrib not implemented 3093 12436
W/ViewRootImpl( 3882): Dropping event due to no window focus: KeyEvent { action=ACTION_DOWN, keyCode=KEYCODE_DPAD_RIGHT, scanCode=0, metaState=0, flags=0x8, repeatCount=0, eventTime=291166, downTime=291166, deviceId=-1, source=0x101 }
W/ViewRootImpl( 3882): Dropping event due to no window focus: KeyEvent { action=ACTION_DOWN, keyCode=KEYCODE_MENU, scanCode=0, metaState=0, flags=0x8, repeatCount=0, eventTime=291201, downTime=291201, deviceId=-1, source=0x101 }
W/InputMethodManagerService(  464): Window already focused, ignoring focus gain of: com.android.internal.view.IInputMethodClient$Stub$Proxy@4ac2ca54 attribute=null, token = android.os.BinderProxy@4a98d668
W/EGL_emulation( 3882): eglSurfaceAttrib not implemented 3093 12436
W/InputMethodManagerService(  464): Window already focused, ignoring focus gain of: com.android.internal.view.IInputMethodClient$Stub$Proxy@4a9ce55c attribute=null, token = android.os.BinderProxy@4a98d668
W/ViewRootImpl( 3882): Dropping event due to no window focus: KeyEvent { action=ACTION_DOWN, keyCode=KEYCODE_MENU, scanCode=0, metaState=0, flags=0x8, repeatCount=0, eventTime=291565, downTime=291565, deviceId=-1, source=0x101 }
W/EGL_emulation( 3882): eglSurfaceAttrib not implemented 3093 12436
W/ViewRootImpl( 3882): Dropping event due to no window focus: KeyEvent { action=ACTION_DOWN, keyCode=KEYCODE_DPAD_DOWN, scanCode=0, metaState=0, flags=0x8, repeatCount=0, eventTime=291575, downTime=291575, deviceId=-1, source=0x101 }
W/InputMethodManagerService(  464): Window already focused, ignoring focus gain of: com.android.internal.view.IInputMethodClient$Stub$Proxy@4ac75178 attribute=null, token = android.os.BinderProxy@4a98d668
W/ViewRootImpl( 3882): Dropping event due to no window focus: KeyEvent { action=ACTION_DOWN, keyCode=KEYCODE_BUTTON_1, scanCode=0, metaState=0, flags=0x8, repeatCount=0, eventTime=291676, downTime=291676, deviceId=-1, source=0x101 }
W/ViewRootImpl( 3882): Dropping event due to no window focus: KeyEvent { action=ACTION_DOWN, keyCode=KEYCODE_DPAD_CENTER, scanCode=0, metaState=0, flags=0x8, repeatCount=0, eventTime=291676, downTime=291676, deviceId=-1, source=0x101 }
W/EGL_emulation( 3882): eglSurfaceAttrib not implemented 3093 12436
W/InputMethodManagerService(  464): Window already focused, ignoring focus gain of: com.android.internal.view.IInputMethodClient$Stub$Proxy@4a9d41e4 attribute=null, token = android.os.BinderProxy@4a98d668
W/ViewRootImpl( 3882): Dropping event due to no window focus: KeyEvent { action=ACTION_DOWN, keyCode=KEYCODE_SEMICOLON, scanCode=0, metaState=0, flags=0x8, repeatCount=0, eventTime=291833, downTime=291833, deviceId=-1, source=0x101 }
W/EGL_emulation( 3882): eglSurfaceAttrib not implemented 3093 12436
W/InputMethodManagerService(  464): Window already focused, ignoring focus gain of: com.android.internal.view.IInputMethodClient$Stub$Proxy@4a9498b4 attribute=null, token = android.os.BinderProxy@4a98d668
W/EGL_emulation( 3882): eglSurfaceAttrib not implemented 3093 12436
W/ViewRootImpl( 3882): Dropping event due to no window focus: KeyEvent { action=ACTION_MULTIPLE, keyCode=KEYCODE_DPAD_LEFT, scanCode=0, metaState=0, flags=0x400, repeatCount=74, eventTime=292019, downTime=292019, deviceId=-1, source=0x101 }
W/ViewRootImpl( 3882): Dropping event due to no window focus: KeyEvent { action=ACTION_DOWN, keyCode=KEYCODE_DPAD_LEFT, scanCode=0, metaState=0, flags=0x400, repeatCount=0, eventTime=292019, downTime=292019, deviceId=-1, source=0x101 }
W/ViewRootImpl( 3882): Dropping event due to no window focus: KeyEvent { action=ACTION_DOWN, keyCode=KEYCODE_DPAD_LEFT, scanCode=0, metaState=0, flags=0x400, repeatCount=0, eventTime=292019, downTime=292019, deviceId=-1, source=0x101 }
W/ViewRootImpl( 3882): Dropping event due to no window focus: KeyEvent { action=ACTION_DOWN, keyCode=KEYCODE_DPAD_LEFT, scanCode=0, metaState=0, flags=0x400, repeatCount=0, eventTime=292019, downTime=292019, deviceId=-1, source=0x101 }
W/ViewRootImpl( 3882): Dropping event due to no window focus: KeyEvent { action=ACTION_DOWN, keyCode=KEYCODE_DPAD_DOWN, scanCode=0, metaState=0, flags=0x400, repeatCount=0, eventTime=292019, downTime=292019, deviceId=-1, source=0x101 }
W/ViewRootImpl( 3882): Dropping event due to no window focus: KeyEvent { action=ACTION_DOWN, keyCode=KEYCODE_DPAD_DOWN, scanCode=0, metaState=0, flags=0x400, repeatCount=0, eventTime=292019, downTime=292019, deviceId=-1, source=0x101 }
W/InputManager(  464): Input event injection from pid 3872 failed.
I/ActivityManager(  464): START u0 {act=android.intent.action.MAIN cat=[android.intent.category.LAUNCHER] flg=0x10200000 cmp=com.Biblia.Biblia/com.embarcadero.firemonkey.FMXNativeActivity} from pid 3872
W/InputMethodManagerService(  464): Window already focused, ignoring focus gain of: com.android.internal.view.IInputMethodClient$Stub$Proxy@4a9d44e8 attribute=null, token = android.os.BinderProxy@4a98d668
I/ActivityManager(  464): START u0 {act=android.intent.action.MAIN cat=[android.intent.category.LAUNCHER] flg=0x10000000 sel={act=android.intent.action.MAIN cat=[android.intent.category.APP_MUSIC]}} from pid 464
W/EGL_emulation( 3882): eglSurfaceAttrib not implemented 3093 12436
W/InputMethodManagerService(  464): Window already focused, ignoring focus gain of: com.android.internal.view.IInputMethodClient$Stub$Proxy@4a9db680 attribute=null, token = android.os.BinderProxy@4a98d668
I/ActivityManager(  464): START u0 {act=android.intent.action.CALL_BUTTON flg=0x10000000} from pid 3882
W/PhoneFallbackEventHandler( 3882): No activity found for android.intent.action.CALL_BUTTON.
I/ActivityManager(  464): START u0 {act=android.intent.action.MAIN cat=[android.intent.category.LAUNCHER] flg=0x10200000 cmp=com.Biblia.Biblia/com.embarcadero.firemonkey.FMXNativeActivity} from pid 3872
W/EGL_emulation( 3882): eglSurfaceAttrib not implemented 3093 12436
V/PanelView(  532): animationTick called with dtms=0; nothing to do (h=0.0 v=0.0)
V/PanelView(  532): animationTick called with dtms=0; nothing to do (h=0.0 v=0.0)
W/ViewRootImpl( 3882): Dropping event due to no window focus: KeyEvent { action=ACTION_MULTIPLE, keyCode=KEYCODE_DPAD_DOWN, scanCode=0, metaState=0, flags=0x400, repeatCount=24, eventTime=292256, downTime=292256, deviceId=-1, source=0x101 }
W/ViewRootImpl( 3882): Dropping event due to no window focus: KeyEvent { action=ACTION_DOWN, keyCode=KEYCODE_DPAD_DOWN, scanCode=0, metaState=0, flags=0x400, repeatCount=0, eventTime=292256, downTime=292256, deviceId=-1, source=0x101 }
W/ViewRootImpl( 3882): Dropping event due to no window focus: KeyEvent { action=ACTION_DOWN, keyCode=KEYCODE_DPAD_DOWN, scanCode=0, metaState=0, flags=0x400, repeatCount=0, eventTime=292256, downTime=292256, deviceId=-1, source=0x101 }
W/InputMethodManagerService(  464): Window already focused, ignoring focus gain of: com.android.internal.view.IInputMethodClient$Stub$Proxy@4a9ff0d0 attribute=null, token = android.os.BinderProxy@4a98d668
W/ViewRootImpl( 3882): Dropping event due to no window focus: KeyEvent { action=ACTION_DOWN, keyCode=KEYCODE_DPAD_DOWN, scanCode=0, metaState=0, flags=0x8, repeatCount=0, eventTime=292307, downTime=292307, deviceId=-1, source=0x101 }
W/ViewRootImpl( 3882): Dropping event due to no window focus: KeyEvent { action=ACTION_DOWN, keyCode=KEYCODE_DPAD_DOWN, scanCode=0, metaState=0, flags=0x8, repeatCount=0, eventTime=292312, downTime=292312, deviceId=-1, source=0x101 }
W/EGL_emulation( 3882): eglSurfaceAttrib not implemented 3093 12436
W/ViewRootImpl( 3882): Dropping event due to no window focus: KeyEvent { action=ACTION_DOWN, keyCode=KEYCODE_DPAD_RIGHT, scanCode=0, metaState=0, flags=0x8, repeatCount=0, eventTime=292317, downTime=292317, deviceId=-1, source=0x101 }
W/InputMethodManagerService(  464): Window already focused, ignoring focus gain of: com.android.internal.view.IInputMethodClient$Stub$Proxy@4a999814 attribute=null, token = android.os.BinderProxy@4a98d668
I/ActivityManager(  464): START u0 {act=android.intent.action.CALL_BUTTON flg=0x10000000} from pid 3882
W/PhoneFallbackEventHandler( 3882): No activity found for android.intent.action.CALL_BUTTON.
I/WearableService(  654): Wearable Services stopping
W/EGL_emulation(  681): eglSurfaceAttrib not implemented 3093 12436
W/ViewRootImpl(  681): Dropping event due to no window focus: KeyEvent { action=ACTION_DOWN, keyCode=KEYCODE_VOLUME_UP, scanCode=0, metaState=0, flags=0x8, repeatCount=0, eventTime=292875, downTime=292875, deviceId=-1, source=0x101 }
W/ContextImpl(  464): Calling a method in the system process without a qualified user: android.app.ContextImpl.sendBroadcast:1123 com.android.server.InputMethodManagerService.hideCurrentInputLocked:1880 com.android.server.InputMethodManagerService.windowGainedFocus:1968 com.android.internal.view.IInputMethodManager$Stub.onTransact:221 com.android.server.InputMethodManagerService.onTransact:818 
W/Launcher(  681): No global search activity found.
W/DebugConnManager(  681): getNetworkInfo() on networkType 1
I/ActivityManager(  464): START u0 {act=android.intent.action.VIEW dat=http://launcher.us.yeshen.com/api/app/detail?id=com.extremefungames.mototrafficrace2 flg=0x10000000 cmp=com.android.browser/.BrowserActivity} from pid 681
W/Launcher(  681): No global search activity found.
W/DebugConnManager(  681): getNetworkInfo() on networkType 1
I/ActivityManager(  464): START u0 {act=android.intent.action.VIEW dat=http://launcher.us.yeshen.com/api/app/detail?id=com.sega.sonicdash flg=0x10000000 cmp=com.android.browser/.BrowserActivity} from pid 681
W/NetworkManagementSocketTagger(  464): setKernelCountSet(10053, 0) failed with errno -13
W/DebugConnManager(  681): getNetworkInfo() on networkType 1
I/ActivityManager(  464): START u0 {act=android.intent.action.VIEW dat=http://launcher.us.yeshen.com/api/app/detail?id=com.extremefungames.mototrafficrace2 flg=0x10000000 cmp=com.android.browser/.BrowserActivity} from pid 681
I/ActivityManager(  464): START u0 {act=android.intent.action.MAIN cat=[android.intent.category.LAUNCHER] flg=0x10000000 sel={act=android.intent.action.MAIN cat=[android.intent.category.APP_EMAIL]}} from pid 464
W/DebugConnManager(  681): getNetworkInfo() on networkType 1
I/ActivityManager(  464): START u0 {act=android.intent.action.VIEW dat=http://launcher.us.yeshen.com/api/app/detail?id=com.namcobandaigames.pacmantournaments flg=0x10000000 cmp=com.android.browser/.BrowserActivity} from pid 681
W/Launcher(  681): No global search activity found.
W/DebugConnManager(  681): getNetworkInfo() on networkType 1
I/ActivityManager(  464): START u0 {act=android.intent.action.VIEW dat=http://launcher.us.yeshen.com/api/app/detail?id=com.outfit7.mytalkingangelafree flg=0x10000000 cmp=com.android.browser/.BrowserActivity} from pid 681
W/DebugConnManager(  681): getNetworkInfo() on networkType 1
I/ActivityManager(  464): START u0 {act=android.intent.action.VIEW dat=http://launcher.us.yeshen.com/api/app/detail?id=com.itchmedia.ta3 flg=0x10000000 cmp=com.android.browser/.BrowserActivity} from pid 681
I/ActivityManager(  464): START u0 {act=android.intent.action.MAIN cat=[android.intent.category.LAUNCHER] flg=0x10200000 cmp=com.Biblia.Biblia/com.embarcadero.firemonkey.FMXNativeActivity} from pid 3872
D/yeshen  (  681): launcher onpause
W/NetworkManagementSocketTagger(  464): setKernelCountSet(10053, 1) failed with errno -13
W/ViewRootImpl( 3882): Dropping event due to no window focus: KeyEvent { action=ACTION_DOWN, keyCode=KEYCODE_MENU, scanCode=0, metaState=0, flags=0x8, repeatCount=0, eventTime=293965, downTime=293965, deviceId=-1, source=0x101 }
D/        ( 3882): HostConnection::get() New Host Connection established 0xb8754d90, tid 3934
W/ContextImpl(  464): Calling a method in the system process without a qualified user: android.app.ContextImpl.sendBroadcast:1123 com.android.server.InputMethodManagerService.hideCurrentInputLocked:1880 com.android.server.InputMethodManagerService.windowGainedFocus:1968 com.android.internal.view.IInputMethodManager$Stub.onTransact:221 com.android.server.InputMethodManagerService.onTransact:818 
I/ActivityManager(  464): Displayed com.Biblia.Biblia/com.embarcadero.firemonkey.FMXNativeActivity: +100ms
W/DebugConnManager(  681): getNetworkInfo() on networkType 1
D/dalvikvm( 3882): JIT code cache reset in 0 ms (0 bytes 1/0)
D/dalvikvm( 3882): GC_CONCURRENT freed 200K, 8% free 2972K/3228K, paused 1ms+1ms, total 5ms
D/yeshen  (  681): launcher onstop
D/FirebaseApp(  681): Notifying background state change listeners.
D/Tinker.DefaultAppLike(  681): onTrimMemory level:20
W/DebugConnManager(  681): getNetworkInfo() on networkType 1
V/PanelView(  532): animationTick called with dtms=0; nothing to do (h=0.0 v=-0.0)
V/FlingTracker(  532): computeCurrentVelocity warning: totalweight=0
V/FlingTracker(  532): java.lang.Throwable
V/FlingTracker(  532): 	at com.android.systemui.statusbar.phone.PanelView$FlingTracker.computeCurrentVelocity(PanelView.java:162)
V/FlingTracker(  532): 	at com.android.systemui.statusbar.phone.PanelView$3.onTouch(PanelView.java:462)
V/FlingTracker(  532): 	at android.view.View.dispatchTouchEvent(View.java:7701)
V/FlingTracker(  532): 	at com.android.systemui.statusbar.phone.NotificationPanelView.onTouchEvent(NotificationPanelView.java:138)
V/FlingTracker(  532): 	at com.android.systemui.statusbar.phone.PanelBar.onTouchEvent(PanelBar.java:130)
V/FlingTracker(  532): 	at com.android.systemui.statusbar.phone.PhoneStatusBarView.onTouchEvent(PhoneStatusBarView.java:201)
V/FlingTracker(  532): 	at android.view.View.dispatchTouchEvent(View.java:7706)
V/FlingTracker(  532): 	at android.view.ViewGroup.dispatchTransformedTouchEvent(ViewGroup.java:2210)
V/FlingTracker(  532): 	at android.view.ViewGroup.dispatchTouchEvent(ViewGroup.java:1945)
V/FlingTracker(  532): 	at android.view.ViewGroup.dispatchTransformedTouchEvent(ViewGroup.java:2216)
V/FlingTracker(  532): 	at android.view.ViewGroup.dispatchTouchEvent(ViewGroup.java:1959)
V/FlingTracker(  532): 	at android.view.View.dispatchPointerEvent(View.java:7886)
V/FlingTracker(  532): 	at android.view.ViewRootImpl$ViewPostImeInputStage.processPointerEvent(ViewRootImpl.java:3978)
V/FlingTracker(  532): 	at android.view.ViewRootImpl$ViewPostImeInputStage.onProcess(ViewRootImpl.java:3857)
V/FlingTracker(  532): 	at android.view.ViewRootImpl$InputStage.deliver(ViewRootImpl.java:3423)
V/FlingTracker(  532): 	at android.view.ViewRootImpl$InputStage.onDeliverToNext(ViewRootImpl.java:3473)
V/FlingTracker(  532): 	at android.view.ViewRootImpl$InputStage.forward(ViewRootImpl.java:3442)
V/FlingTracker(  532): 	at android.view.ViewRootImpl$AsyncInputStage.forward(ViewRootImpl.java:3549)
V/FlingTracker(  532): 	at android.view.ViewRootImpl$InputStage.apply(ViewRootImpl.java:3450)
V/FlingTracker(  532): 	at android.view.ViewRootImpl$AsyncInputStage.apply(ViewRootImpl.java:3606)
V/FlingTracker(  532): 	at android.view.ViewRootImpl$InputStage.deliver(ViewRootImpl.java:3423)
V/FlingTracker(  532): 	at android.view.ViewRootImpl$InputStage.onDeliverToNext(ViewRootImpl.java:3473)
V/FlingTracker(  532): 	at android.view.ViewRootImpl$InputStage.forward(ViewRootImpl.java:3442)
V/FlingTracker(  532): 	at android.view.ViewRootImpl$InputStage.apply(ViewRootImpl.java:3450)
V/FlingTracker(  532): 	at android.view.ViewRootImpl$InputStage.deliver(ViewRootImpl.java:3423)
V/FlingTracker(  532): 	at android.view.ViewRootImpl.deliverInputEvent(ViewRootImpl.java:5626)
V/FlingTracker(  532): 	at android.view.ViewRootImpl.doProcessInputEvents(ViewRootImpl.java:5606)
V/FlingTracker(  532): 	at android.view.ViewRootImpl.enqueueInputEvent(ViewRootImpl.java:5577)
V/FlingTracker(  532): 	at android.view.ViewRootImpl$WindowInputEventReceiver.onInputEvent(ViewRootImpl.java:5706)
V/FlingTracker(  532): 	at android.view.InputEventReceiver.dispatchInputEvent(InputEventReceiver.java:185)
V/FlingTracker(  532): 	at android.os.MessageQueue.nativePollOnce(Native Method)
V/FlingTracker(  532): 	at android.os.MessageQueue.next(MessageQueue.java:138)
V/FlingTracker(  532): 	at android.os.Looper.loop(Looper.java:123)
V/FlingTracker(  532): 	at android.app.ActivityThread.main(ActivityThread.java:5019)
V/FlingTracker(  532): 	at java.lang.reflect.Method.invokeNative(Native Method)
V/FlingTracker(  532): 	at java.lang.reflect.Method.invoke(Method.java:515)
V/FlingTracker(  532): 	at com.android.internal.os.ZygoteInit$MethodAndArgsCaller.run(ZygoteInit.java:779)
V/FlingTracker(  532): 	at com.android.internal.os.ZygoteInit.main(ZygoteInit.java:595)
V/FlingTracker(  532): 	at dalvik.system.NativeStart.main(Native Method)
V/PanelView(  532): animationTick called with dtms=0; nothing to do (h=0.0 v=0.0)
I/ActivityManager(  464): START u0 {act=android.intent.action.MAIN cat=[android.intent.category.LAUNCHER] flg=0x10000000 sel={act=android.intent.action.MAIN cat=[android.intent.category.APP_EMAIL]}} from pid 464
W/ViewRootImpl( 3882): Dropping event due to no window focus: KeyEvent { action=ACTION_DOWN, keyCode=KEYCODE_DPAD_UP, scanCode=0, metaState=0, flags=0x8, repeatCount=0, eventTime=294778, downTime=294778, deviceId=-1, source=0x101 }
W/EGL_emulation( 3882): eglSurfaceAttrib not implemented 3093 12436
W/InputMethodManagerService(  464): Window already focused, ignoring focus gain of: com.android.internal.view.IInputMethodClient$Stub$Proxy@4aa736f8 attribute=null, token = android.os.BinderProxy@4abdc570
W/InputManager(  464): Input event injection from pid 3872 failed.
I/ActivityManager(  464): START u0 {act=android.intent.action.MAIN cat=[android.intent.category.LAUNCHER] flg=0x10000000 sel={act=android.intent.action.MAIN cat=[android.intent.category.APP_EMAIL]}} from pid 464
I/ActivityManager(  464): START u0 {act=android.intent.action.MAIN cat=[android.intent.category.LAUNCHER] flg=0x10200000 cmp=com.Biblia.Biblia/com.embarcadero.firemonkey.FMXNativeActivity} from pid 3872
W/EGL_emulation( 3882): eglSurfaceAttrib not implemented 3093 12436
W/InputMethodManagerService(  464): Window already focused, ignoring focus gain of: com.android.internal.view.IInputMethodClient$Stub$Proxy@4aba0058 attribute=null, token = android.os.BinderProxy@4abdc570
W/ViewRootImpl( 3882): Dropping event due to no window focus: KeyEvent { action=ACTION_DOWN, keyCode=KEYCODE_DPAD_RIGHT, scanCode=0, metaState=0, flags=0x8, repeatCount=0, eventTime=295426, downTime=295426, deviceId=-1, source=0x101 }
W/EGL_emulation( 3882): eglSurfaceAttrib not implemented 3093 12436
W/ViewRootImpl( 3882): Dropping event due to no window focus: KeyEvent { action=ACTION_DOWN, keyCode=KEYCODE_DPAD_UP, scanCode=0, metaState=0, flags=0x8, repeatCount=0, eventTime=295437, downTime=295437, deviceId=-1, source=0x101 }
W/InputManager(  464): Input event injection from pid 3872 failed.
W/InputMethodManagerService(  464): Window already focused, ignoring focus gain of: com.android.internal.view.IInputMethodClient$Stub$Proxy@4ab92d18 attribute=null, token = android.os.BinderProxy@4abdc570
I/ActivityManager(  464): START u0 {act=android.intent.action.MAIN cat=[android.intent.category.LAUNCHER] flg=0x10200000 cmp=com.Biblia.Biblia/com.embarcadero.firemonkey.FMXNativeActivity} from pid 3872
W/EGL_emulation( 3882): eglSurfaceAttrib not implemented 3093 12436
W/InputManager(  464): Input event injection from pid 3872 failed.
W/InputManager(  464): Input event injection from pid 3872 failed.
W/InputManager(  464): Input event injection from pid 3872 failed.
W/InputManager(  464): Input event injection from pid 3872 failed.
W/InputManager(  464): Input event injection from pid 3872 failed.
W/ViewRootImpl( 3882): Dropping event due to no window focus: KeyEvent { action=ACTION_MULTIPLE, keyCode=KEYCODE_DPAD_RIGHT, scanCode=0, metaState=0, flags=0x400, repeatCount=76, eventTime=295628, downTime=295628, deviceId=-1, source=0x101 }
W/ViewRootImpl( 3882): Dropping event due to no window focus: KeyEvent { action=ACTION_DOWN, keyCode=KEYCODE_DPAD_RIGHT, scanCode=0, metaState=0, flags=0x400, repeatCount=0, eventTime=295628, downTime=295628, deviceId=-1, source=0x101 }
W/ViewRootImpl( 3882): Dropping event due to no window focus: KeyEvent { action=ACTION_DOWN, keyCode=KEYCODE_DPAD_RIGHT, scanCode=0, metaState=0, flags=0x400, repeatCount=0, eventTime=295628, downTime=295628, deviceId=-1, source=0x101 }
W/ViewRootImpl( 3882): Dropping event due to no window focus: KeyEvent { action=ACTION_DOWN, keyCode=KEYCODE_DPAD_RIGHT, scanCode=0, metaState=0, flags=0x400, repeatCount=0, eventTime=295628, downTime=295628, deviceId=-1, source=0x101 }
W/InputMethodManagerService(  464): Window already focused, ignoring focus gain of: com.android.internal.view.IInputMethodClient$Stub$Proxy@4ac1c874 attribute=null, token = android.os.BinderProxy@4abdc570
I/ActivityManager(  464): START u0 {act=android.intent.action.MAIN cat=[android.intent.category.LAUNCHER] flg=0x10200000 cmp=com.Biblia.Biblia/com.embarcadero.firemonkey.FMXNativeActivity} from pid 3872
W/ViewRootImpl( 3882): Dropping event due to no window focus: KeyEvent { action=ACTION_DOWN, keyCode=KEYCODE_MENU, scanCode=0, metaState=0, flags=0x8, repeatCount=0, eventTime=295732, downTime=295732, deviceId=-1, source=0x101 }
W/ViewRootImpl( 3882): Dropping event due to no window focus: KeyEvent { action=ACTION_DOWN, keyCode=KEYCODE_CAPS_LOCK, scanCode=0, metaState=0, flags=0x8, repeatCount=0, eventTime=295740, downTime=295740, deviceId=-1, source=0x101 }
W/EGL_emulation( 3882): eglSurfaceAttrib not implemented 3093 12436
D/        (  464): HostConnection::get() New Host Connection established 0xb8923530, tid 1350
W/InputMethodManagerService(  464): Window already focused, ignoring focus gain of: com.android.internal.view.IInputMethodClient$Stub$Proxy@4ab9849c attribute=null, token = android.os.BinderProxy@4abdc570
I/ActivityManager(  464): START u0 {act=android.intent.action.MAIN cat=[android.intent.category.LAUNCHER] flg=0x10200000 cmp=com.Biblia.Biblia/com.embarcadero.firemonkey.FMXNativeActivity} from pid 3872
V/FlingTracker(  532): computeCurrentVelocity warning: totalweight=0
V/FlingTracker(  532): java.lang.Throwable
V/FlingTracker(  532): 	at com.android.systemui.statusbar.phone.PanelView$FlingTracker.computeCurrentVelocity(PanelView.java:162)
V/FlingTracker(  532): 	at com.android.systemui.statusbar.phone.PanelView$3.onTouch(PanelView.java:462)
V/FlingTracker(  532): 	at android.view.View.dispatchTouchEvent(View.java:7701)
V/FlingTracker(  532): 	at com.android.systemui.statusbar.phone.NotificationPanelView.onTouchEvent(NotificationPanelView.java:138)
V/FlingTracker(  532): 	at com.android.systemui.statusbar.phone.PanelBar.onTouchEvent(PanelBar.java:130)
V/FlingTracker(  532): 	at com.android.systemui.statusbar.phone.PhoneStatusBarView.onTouchEvent(PhoneStatusBarView.java:201)
V/FlingTracker(  532): 	at android.view.View.dispatchTouchEvent(View.java:7706)
V/FlingTracker(  532): 	at android.view.ViewGroup.dispatchTransformedTouchEvent(ViewGroup.java:2210)
V/FlingTracker(  532): 	at android.view.ViewGroup.dispatchTouchEvent(ViewGroup.java:1945)
V/FlingTracker(  532): 	at android.view.ViewGroup.dispatchTransformedTouchEvent(ViewGroup.java:2216)
V/FlingTracker(  532): 	at android.view.ViewGroup.dispatchTouchEvent(ViewGroup.java:1959)
V/FlingTracker(  532): 	at android.view.View.dispatchPointerEvent(View.java:7886)
V/FlingTracker(  532): 	at android.view.ViewRootImpl$ViewPostImeInputStage.processPointerEvent(ViewRootImpl.java:3978)
V/FlingTracker(  532): 	at android.view.ViewRootImpl$ViewPostImeInputStage.onProcess(ViewRootImpl.java:3857)
V/FlingTracker(  532): 	at android.view.ViewRootImpl$InputStage.deliver(ViewRootImpl.java:3423)
V/FlingTracker(  532): 	at android.view.ViewRootImpl$InputStage.onDeliverToNext(ViewRootImpl.java:3473)
V/FlingTracker(  532): 	at android.view.ViewRootImpl$InputStage.forward(ViewRootImpl.java:3442)
V/FlingTracker(  532): 	at android.view.ViewRootImpl$AsyncInputStage.forward(ViewRootImpl.java:3549)
V/FlingTracker(  532): 	at android.view.ViewRootImpl$InputStage.apply(ViewRootImpl.java:3450)
V/FlingTracker(  532): 	at android.view.ViewRootImpl$AsyncInputStage.apply(ViewRootImpl.java:3606)
V/FlingTracker(  532): 	at android.view.ViewRootImpl$InputStage.deliver(ViewRootImpl.java:3423)
V/FlingTracker(  532): 	at android.view.ViewRootImpl$InputStage.onDeliverToNext(ViewRootImpl.java:3473)
V/FlingTracker(  532): 	at android.view.ViewRootImpl$InputStage.forward(ViewRootImpl.java:3442)
V/FlingTracker(  532): 	at android.view.ViewRootImpl$InputStage.apply(ViewRootImpl.java:3450)
V/FlingTracker(  532): 	at android.view.ViewRootImpl$InputStage.deliver(ViewRootImpl.java:3423)
V/FlingTracker(  532): 	at android.view.ViewRootImpl.deliverInputEvent(ViewRootImpl.java:5626)
V/FlingTracker(  532): 	at android.view.ViewRootImpl.doProcessInputEvents(ViewRootImpl.java:5606)
V/FlingTracker(  532): 	at android.view.ViewRootImpl.enqueueInputEvent(ViewRootImpl.java:5577)
V/FlingTracker(  532): 	at android.view.ViewRootImpl$WindowInputEventReceiver.onInputEvent(ViewRootImpl.java:5706)
V/FlingTracker(  532): 	at android.view.InputEventReceiver.dispatchInputEvent(InputEventReceiver.java:185)
V/FlingTracker(  532): 	at android.os.MessageQueue.nativePollOnce(Native Method)
V/FlingTracker(  532): 	at android.os.MessageQueue.next(MessageQueue.java:138)
V/FlingTracker(  532): 	at android.os.Looper.loop(Looper.java:123)
V/FlingTracker(  532): 	at android.app.ActivityThread.main(ActivityThread.java:5019)
V/FlingTracker(  532): 	at java.lang.reflect.Method.invokeNative(Native Method)
V/FlingTracker(  532): 	at java.lang.reflect.Method.invoke(Method.java:515)
V/FlingTracker(  532): 	at com.android.internal.os.ZygoteInit$MethodAndArgsCaller.run(ZygoteInit.java:779)
V/FlingTracker(  532): 	at com.android.internal.os.ZygoteInit.main(ZygoteInit.java:595)
V/FlingTracker(  532): 	at dalvik.system.NativeStart.main(Native Method)
V/PanelView(  532): animationTick called with dtms=0; nothing to do (h=0.0 v=0.0)
W/EGL_emulation( 3882): eglSurfaceAttrib not implemented 3093 12436
W/ViewRootImpl( 3882): Dropping event due to no window focus: KeyEvent { action=ACTION_DOWN, keyCode=KEYCODE_DPAD_DOWN, scanCode=0, metaState=0, flags=0x8, repeatCount=0, eventTime=296073, downTime=296073, deviceId=-1, source=0x101 }
W/InputMethodManagerService(  464): Window already focused, ignoring focus gain of: com.android.internal.view.IInputMethodClient$Stub$Proxy@4ab91d64 attribute=null, token = android.os.BinderProxy@4abdc570
W/ViewRootImpl( 3882): Dropping event due to no window focus: KeyEvent { action=ACTION_DOWN, keyCode=KEYCODE_DPAD_RIGHT, scanCode=0, metaState=0, flags=0x8, repeatCount=0, eventTime=296215, downTime=296215, deviceId=-1, source=0x101 }
W/EGL_emulation( 3882): eglSurfaceAttrib not implemented 3093 12436
W/ViewRootImpl( 3882): Dropping event due to no window focus: KeyEvent { action=ACTION_DOWN, keyCode=KEYCODE_S, scanCode=0, metaState=0, flags=0x8, repeatCount=0, eventTime=296238, downTime=296238, deviceId=-1, source=0x101 }
W/InputMethodManagerService(  464): Window already focused, ignoring focus gain of: com.android.internal.view.IInputMethodClient$Stub$Proxy@4aa2de80 attribute=null, token = android.os.BinderProxy@4abdc570
I/ActivityManager(  464): START u0 {act=android.intent.action.MAIN cat=[android.intent.category.LAUNCHER] flg=0x10000000 cmp=com.android.contacts/.activities.PeopleActivity sel={act=android.intent.action.MAIN cat=[android.intent.category.APP_CONTACTS]}} from pid 464
W/ViewRootImpl( 3882): Dropping event due to no window focus: KeyEvent { action=ACTION_DOWN, keyCode=KEYCODE_CALL, scanCode=0, metaState=0, flags=0x8, repeatCount=0, eventTime=296340, downTime=296340, deviceId=-1, source=0x101 }
W/EGL_emulation( 3882): eglSurfaceAttrib not implemented 3093 12436
W/InputMethodManagerService(  464): Window already focused, ignoring focus gain of: com.android.internal.view.IInputMethodClient$Stub$Proxy@4aacc2b0 attribute=null, token = android.os.BinderProxy@4abdc570
D/BluetoothAdapter(  622): 1249829628: getState() :  mService = null. Returning STATE_OFF
W/WindowManager(  464): updateFocusedWindowLocked, focusedAppToken is null.
W/ViewRootImpl(  532): Dropping event due to no window focus: MotionEvent { action=ACTION_MOVE, id[0]=0, x[0]=-5.0, y[0]=-3.0, toolType[0]=TOOL_TYPE_UNKNOWN, buttonState=0, metaState=0, flags=0x0, edgeFlags=0x0, pointerCount=1, historySize=2, eventTime=296477, downTime=-1, deviceId=0, source=0x10004 }
W/ContextImpl(  464): Calling a method in the system process without a qualified user: android.app.ContextImpl.sendBroadcast:1123 com.android.server.InputMethodManagerService.hideCurrentInputLocked:1880 com.android.server.InputMethodManagerService.windowGainedFocus:1968 com.android.internal.view.IInputMethodManager$Stub.onTransact:221 com.android.server.InputMethodManagerService.onTransact:818 
W/InputMethodManagerService(  464): Starting input on non-focused client com.android.internal.view.IInputMethodClient$Stub$Proxy@4a9ffeb0 (uid=10053 pid=3882)
D/BluetoothAdapter(  622): 1249829628: getState() :  mService = null. Returning STATE_OFF
W/BackupManagerService(  464): dataChanged but no participant pkg='com.android.providers.settings' uid=10010
W/BackupManagerService(  464): dataChanged but no participant pkg='com.android.providers.settings' uid=10010
D/BluetoothAdapter(  622): 1249829628: getState() :  mService = null. Returning STATE_OFF
D/BluetoothAdapter(  622): 1249829628: getState() :  mService = null. Returning STATE_OFF
W/BackupManagerService(  464): dataChanged but no participant pkg='com.android.providers.settings' uid=10010
D/BluetoothAdapter(  622): 1249829628: getState() :  mService = null. Returning STATE_OFF
W/BackupManagerService(  464): dataChanged but no participant pkg='com.android.providers.settings' uid=10010
W/BackupManagerService(  464): dataChanged but no participant pkg='com.android.providers.settings' uid=10010
D/BluetoothAdapter(  622): 1249829628: getState() :  mService = null. Returning STATE_OFF
W/BackupManagerService(  464): dataChanged but no participant pkg='com.android.providers.settings' uid=10010
D/BluetoothAdapter(  622): 1249829628: getState() :  mService = null. Returning STATE_OFF
D/BluetoothAdapter(  622): 1249829628: getState() :  mService = null. Returning STATE_OFF
W/BackupManagerService(  464): dataChanged but no participant pkg='com.android.providers.settings' uid=10010
W/BackupManagerService(  464): dataChanged but no participant pkg='com.android.providers.settings' uid=10010
D/BluetoothAdapter(  622): 1249829628: getState() :  mService = null. Returning STATE_OFF
W/BackupManagerService(  464): dataChanged but no participant pkg='com.android.providers.settings' uid=10010
D/BluetoothAdapter(  622): 1249829628: getState() :  mService = null. Returning STATE_OFF
W/BackupManagerService(  464): dataChanged but no participant pkg='com.android.providers.settings' uid=10010
D/BluetoothAdapter(  622): 1249829628: getState() :  mService = null. Returning STATE_OFF
W/BackupManagerService(  464): dataChanged but no participant pkg='com.android.providers.settings' uid=10010
D/BluetoothAdapter(  622): 1249829628: getState() :  mService = null. Returning STATE_OFF
W/BackupManagerService(  464): dataChanged but no participant pkg='com.android.providers.settings' uid=10010
D/BluetoothAdapter(  622): 1249829628: getState() :  mService = null. Returning STATE_OFF
W/ContextImpl(  464): Calling a method in the system process without a qualified user: android.app.ContextImpl.sendBroadcast:1123 com.android.server.InputMethodManagerService.hideCurrentInputLocked:1880 com.android.server.InputMethodManagerService.windowGainedFocus:1968 com.android.internal.view.IInputMethodManager$Stub.onTransact:221 com.android.server.InputMethodManagerService.onTransact:818 
W/InputManager(  464): Input event injection from pid 3872 failed.
W/InputEventReceiver(  532): Attempted to finish an input event but the input event receiver has already been disposed.
W/InputEventReceiver(  532): Attempted to finish an input event but the input event receiver has already been disposed.
W/InputEventReceiver(  532): Attempted to finish an input event but the input event receiver has already been disposed.
W/ViewRootImpl(  532): Dropping event due to root view being removed: MotionEvent { action=ACTION_POINTER_DOWN(1), id[0]=0, x[0]=-197.16211, y[0]=240.93408, toolType[0]=TOOL_TYPE_UNKNOWN, id[1]=1, x[1]=802.0, y[1]=15.0, toolType[1]=TOOL_TYPE_UNKNOWN, buttonState=0, metaState=0, flags=0x0, edgeFlags=0x0, pointerCount=2, historySize=0, eventTime=296821, downTime=296802, deviceId=0, source=0x1002 }
W/ViewRootImpl(  532): Dropping event due to root view being removed: KeyEvent { action=ACTION_UP, keyCode=KEYCODE_DPAD_RIGHT, scanCode=0, metaState=0, flags=0x8, repeatCount=0, eventTime=296799, downTime=296799, deviceId=-1, source=0x101 }
W/BackupManagerService(  464): dataChanged but no participant pkg='com.android.providers.settings' uid=10010
W/InputManager(  464): Input event injection from pid 3872 failed.
W/InputManager(  464): Input event injection from pid 3872 failed.
D/BluetoothAdapter(  622): 1249829628: getState() :  mService = null. Returning STATE_OFF
W/BackupManagerService(  464): dataChanged but no participant pkg='com.android.providers.settings' uid=10010
D/BluetoothAdapter(  622): 1249829628: getState() :  mService = null. Returning STATE_OFF
W/ViewRootImpl( 3882): Dropping event due to no window focus: KeyEvent { action=ACTION_DOWN, keyCode=KEYCODE_DPAD_RIGHT, scanCode=0, metaState=0, flags=0x8, repeatCount=0, eventTime=296879, downTime=296879, deviceId=-1, source=0x101 }
W/EGL_emulation( 3882): eglSurfaceAttrib not implemented 3093 12436
W/InputMethodManagerService(  464): Window already focused, ignoring focus gain of: com.android.internal.view.IInputMethodClient$Stub$Proxy@4acd3774 attribute=null, token = android.os.BinderProxy@4abdc570
W/ViewRootImpl( 3882): Dropping event due to no window focus: KeyEvent { action=ACTION_DOWN, keyCode=KEYCODE_DPAD_RIGHT, scanCode=0, metaState=0, flags=0x8, repeatCount=0, eventTime=297108, downTime=297108, deviceId=-1, source=0x101 }
W/EGL_emulation( 3882): eglSurfaceAttrib not implemented 3093 12436
W/InputManager(  464): Input event injection from pid 3872 failed.
W/InputMethodManagerService(  464): Window already focused, ignoring focus gain of: com.android.internal.view.IInputMethodClient$Stub$Proxy@4aae4034 attribute=null, token = android.os.BinderProxy@4abdc570
D/dalvikvm(  464): GC_CONCURRENT freed 2134K, 41% free 14354K/24096K, paused 0ms+2ms, total 13ms
W/ViewRootImpl( 3882): Dropping event due to no window focus: KeyEvent { action=ACTION_DOWN, keyCode=KEYCODE_DPAD_LEFT, scanCode=0, metaState=0, flags=0x8, repeatCount=0, eventTime=297381, downTime=297381, deviceId=-1, source=0x101 }
W/EGL_emulation( 3882): eglSurfaceAttrib not implemented 3093 12436
W/ViewRootImpl( 3882): Dropping event due to no window focus: KeyEvent { action=ACTION_DOWN, keyCode=KEYCODE_DPAD_UP, scanCode=0, metaState=0, flags=0x8, repeatCount=0, eventTime=297397, downTime=297397, deviceId=-1, source=0x101 }
W/InputMethodManagerService(  464): Window already focused, ignoring focus gain of: com.android.internal.view.IInputMethodClient$Stub$Proxy@4aae3f58 attribute=null, token = android.os.BinderProxy@4abdc570
V/PanelView(  532): animationTick called with dtms=0; nothing to do (h=0.0 v=-0.0)
W/EGL_emulation( 3882): eglSurfaceAttrib not implemented 3093 12436
W/ViewRootImpl( 3882): Dropping event due to no window focus: MotionEvent { action=ACTION_MOVE, id[0]=0, x[0]=-2.0, y[0]=-2.0, toolType[0]=TOOL_TYPE_UNKNOWN, buttonState=0, metaState=0, flags=0x0, edgeFlags=0x0, pointerCount=1, historySize=9, eventTime=297829, downTime=-1, deviceId=0, source=0x10004 }
W/ViewRootImpl( 3882): Dropping event due to no window focus: MotionEvent { action=ACTION_DOWN, id[0]=0, x[0]=0.0, y[0]=0.0, toolType[0]=TOOL_TYPE_UNKNOWN, buttonState=0, metaState=0, flags=0x0, edgeFlags=0x0, pointerCount=1, historySize=0, eventTime=297831, downTime=297817, deviceId=0, source=0x10004 }
W/ViewRootImpl( 3882): Dropping event due to no window focus: KeyEvent { action=ACTION_DOWN, keyCode=KEYCODE_PROG_YELLOW, scanCode=0, metaState=0, flags=0x8, repeatCount=0, eventTime=297835, downTime=297835, deviceId=-1, source=0x101 }
W/InputMethodManagerService(  464): Window already focused, ignoring focus gain of: com.android.internal.view.IInputMethodClient$Stub$Proxy@4a9f25bc attribute=null, token = android.os.BinderProxy@4abdc570
W/ViewRootImpl( 3882): Dropping event due to no window focus: KeyEvent { action=ACTION_DOWN, keyCode=KEYCODE_VOLUME_UP, scanCode=0, metaState=0, flags=0x8, repeatCount=0, eventTime=297906, downTime=297906, deviceId=-1, source=0x101 }
W/EGL_emulation( 3882): eglSurfaceAttrib not implemented 3093 12436
W/ViewRootImpl( 3882): Dropping event due to no window focus: KeyEvent { action=ACTION_DOWN, keyCode=KEYCODE_DPAD_RIGHT, scanCode=0, metaState=0, flags=0x8, repeatCount=0, eventTime=297924, downTime=297924, deviceId=-1, source=0x101 }
W/InputEventReceiver( 3882): Attempted to finish an input event but the input event receiver has already been disposed.
W/ViewRootImpl( 3882): Dropping event due to no window focus: KeyEvent { action=ACTION_DOWN, keyCode=KEYCODE_DPAD_CENTER, scanCode=0, metaState=0, flags=0x8, repeatCount=0, eventTime=297986, downTime=297986, deviceId=-1, source=0x101 }
W/ViewRootImpl( 3882): Dropping event due to no window focus: KeyEvent { action=ACTION_DOWN, keyCode=KEYCODE_DPAD_DOWN, scanCode=0, metaState=0, flags=0x8, repeatCount=0, eventTime=297993, downTime=297993, deviceId=-1, source=0x101 }
W/InputMethodManagerService(  464): Window already focused, ignoring focus gain of: com.android.internal.view.IInputMethodClient$Stub$Proxy@4a9ad8b4 attribute=null, token = android.os.BinderProxy@4abdc570
W/EGL_emulation( 3882): eglSurfaceAttrib not implemented 3093 12436
W/ViewRootImpl( 3882): Dropping event due to no window focus: KeyEvent { action=ACTION_DOWN, keyCode=KEYCODE_6, scanCode=0, metaState=0, flags=0x8, repeatCount=0, eventTime=298078, downTime=298078, deviceId=-1, source=0x101 }
W/InputMethodManagerService(  464): Window already focused, ignoring focus gain of: com.android.internal.view.IInputMethodClient$Stub$Proxy@4a98e6e8 attribute=null, token = android.os.BinderProxy@4abdc570
V/PanelView(  532): animationTick called with dtms=0; nothing to do (h=0.0 v=0.0)
V/PanelView(  532): animationTick called with dtms=0; nothing to do (h=0.0 v=0.0)
I/ActivityManager(  464): START u0 {act=android.intent.action.MAIN cat=[android.intent.category.LAUNCHER] flg=0x10200000 cmp=com.Biblia.Biblia/com.embarcadero.firemonkey.FMXNativeActivity} from pid 3872
I/ActivityManager(  464): START u0 {act=android.intent.action.MAIN cat=[android.intent.category.LAUNCHER] flg=0x10000000 cmp=com.android.contacts/.activities.PeopleActivity sel={act=android.intent.action.MAIN cat=[android.intent.category.APP_CONTACTS]}} from pid 464
W/ViewRootImpl( 3882): Dropping event due to no window focus: KeyEvent { action=ACTION_DOWN, keyCode=KEYCODE_DPAD_LEFT, scanCode=0, metaState=0, flags=0x8, repeatCount=0, eventTime=298759, downTime=298759, deviceId=-1, source=0x101 }
W/EGL_emulation( 3882): eglSurfaceAttrib not implemented 3093 12436
W/ViewRootImpl( 3882): Dropping event due to no window focus: KeyEvent { action=ACTION_DOWN, keyCode=KEYCODE_DPAD_CENTER, scanCode=0, metaState=0, flags=0x8, repeatCount=0, eventTime=298767, downTime=298767, deviceId=-1, source=0x101 }
W/InputMethodManagerService(  464): Window already focused, ignoring focus gain of: com.android.internal.view.IInputMethodClient$Stub$Proxy@4a944a4c attribute=null, token = android.os.BinderProxy@4abdc570
W/InputManager(  464): Input event injection from pid 3872 failed.
W/InputManager(  464): Input event injection from pid 3872 failed.
I/ActivityManager(  464): START u0 {act=android.intent.action.MAIN cat=[android.intent.category.LAUNCHER] flg=0x10200000 cmp=com.Biblia.Biblia/com.embarcadero.firemonkey.FMXNativeActivity} from pid 3872
W/ViewRootImpl( 3882): Dropping event due to no window focus: KeyEvent { action=ACTION_DOWN, keyCode=KEYCODE_DPAD_LEFT, scanCode=0, metaState=0, flags=0x8, repeatCount=0, eventTime=298858, downTime=298858, deviceId=-1, source=0x101 }
W/ViewRootImpl( 3882): Dropping event due to no window focus: KeyEvent { action=ACTION_DOWN, keyCode=KEYCODE_BUTTON_11, scanCode=0, metaState=0, flags=0x8, repeatCount=0, eventTime=298864, downTime=298864, deviceId=-1, source=0x101 }
W/EGL_emulation( 3882): eglSurfaceAttrib not implemented 3093 12436
W/ViewRootImpl( 3882): Dropping event due to no window focus: KeyEvent { action=ACTION_DOWN, keyCode=KEYCODE_DPAD_CENTER, scanCode=0, metaState=0, flags=0x8, repeatCount=0, eventTime=298864, downTime=298864, deviceId=-1, source=0x101 }
W/InputMethodManagerService(  464): Window already focused, ignoring focus gain of: com.android.internal.view.IInputMethodClient$Stub$Proxy@4a9a8890 attribute=null, token = android.os.BinderProxy@4abdc570
W/EGL_emulation( 3882): eglSurfaceAttrib not implemented 3093 12436
W/ViewRootImpl( 3882): Dropping event due to no window focus: KeyEvent { action=ACTION_DOWN, keyCode=KEYCODE_DPAD_LEFT, scanCode=0, metaState=0, flags=0x8, repeatCount=0, eventTime=298967, downTime=298967, deviceId=-1, source=0x101 }
I/ActivityManager(  464): START u0 {act=android.intent.action.MAIN cat=[android.intent.category.LAUNCHER] flg=0x10200000 cmp=com.Biblia.Biblia/com.embarcadero.firemonkey.FMXNativeActivity} from pid 3872
I/ActivityManager(  464): START u0 {act=android.intent.action.MAIN cat=[android.intent.category.LAUNCHER] flg=0x10200000 cmp=com.Biblia.Biblia/com.embarcadero.firemonkey.FMXNativeActivity} from pid 3872
W/InputMethodManagerService(  464): Window already focused, ignoring focus gain of: com.android.internal.view.IInputMethodClient$Stub$Proxy@4aa1145c attribute=null, token = android.os.BinderProxy@4abdc570
I/ActivityManager(  464): START u0 {act=android.intent.action.MAIN cat=[android.intent.category.LAUNCHER] flg=0x10200000 cmp=com.Biblia.Biblia/com.embarcadero.firemonkey.FMXNativeActivity} from pid 3872
I/ActivityManager(  464): START u0 {act=android.intent.action.MAIN cat=[android.intent.category.LAUNCHER] flg=0x10000000 sel={act=android.intent.action.MAIN cat=[android.intent.category.APP_EMAIL]}} from pid 464
I/ActivityManager(  464): START u0 {act=android.intent.action.MAIN cat=[android.intent.category.LAUNCHER] flg=0x10200000 cmp=com.Biblia.Biblia/com.embarcadero.firemonkey.FMXNativeActivity} from pid 3872
W/ViewRootImpl( 3882): Dropping event due to no window focus: KeyEvent { action=ACTION_DOWN, keyCode=KEYCODE_PAGE_DOWN, scanCode=0, metaState=0, flags=0x8, repeatCount=0, eventTime=299080, downTime=299080, deviceId=-1, source=0x101 }
W/EGL_emulation( 3882): eglSurfaceAttrib not implemented 3093 12436
W/InputMethodManagerService(  464): Window already focused, ignoring focus gain of: com.android.internal.view.IInputMethodClient$Stub$Proxy@4a9546e8 attribute=null, token = android.os.BinderProxy@4abdc570
W/InputManager(  464): Input event injection from pid 3872 failed.
W/InputManager(  464): Input event injection from pid 3872 failed.
W/InputManager(  464): Input event injection from pid 3872 failed.
W/InputManager(  464): Input event injection from pid 3872 failed.
W/InputManager(  464): Input event injection from pid 3872 failed.
