I/dalvikvm( 4329): Could not find method android.content.ContextWrapper.createCredentialProtectedStorageContext, referenced from method imo.createCredentialProtectedStorageContext
W/dalvikvm( 4329): VFY: unable to resolve virtual method 1708: Landroid/content/ContextWrapper;.createCredentialProtectedStorageContext ()Landroid/content/Context;
D/dalvikvm( 4329): VFY: replacing opcode 0x6f at 0x0002
I/dalvikvm( 4329): Could not find method android.content.ContextWrapper.createDeviceProtectedStorageContext, referenced from method imo.createDeviceProtectedStorageContext
W/dalvikvm( 4329): VFY: unable to resolve virtual method 1709: Landroid/content/ContextWrapper;.createDeviceProtectedStorageContext ()Landroid/content/Context;
D/dalvikvm( 4329): VFY: replacing opcode 0x6f at 0x0002
I/dalvikvm( 4329): Could not find method android.content.ContextWrapper.createCredentialProtectedStorageContext, referenced from method com.google.android.chimera.ModuleContext.createCredentialProtectedStorageContext
W/dalvikvm( 4329): VFY: unable to resolve virtual method 1708: Landroid/content/ContextWrapper;.createCredentialProtectedStorageContext ()Landroid/content/Context;
D/dalvikvm( 4329): VFY: replacing opcode 0x6f at 0x0002
I/dalvikvm( 4329): Could not find method android.content.ContextWrapper.createDeviceProtectedStorageContext, referenced from method com.google.android.chimera.ModuleContext.createDeviceProtectedStorageContext
W/dalvikvm( 4329): VFY: unable to resolve virtual method 1709: Landroid/content/ContextWrapper;.createDeviceProtectedStorageContext ()Landroid/content/Context;
D/dalvikvm( 4329): VFY: replacing opcode 0x6f at 0x0002
I/dalvikvm( 4329): Could not find method android.content.Context.isCredentialProtectedStorage, referenced from method cqq.a
W/dalvikvm( 4329): VFY: unable to resolve virtual method 1688: Landroid/content/Context;.isCredentialProtectedStorage ()Z
D/dalvikvm( 4329): VFY: replacing opcode 0x6e at 0x0000
I/dalvikvm( 4329): Could not find method android.os.UserManager.isUserUnlocked, referenced from method cqq.a
W/dalvikvm( 4329): VFY: unable to resolve virtual method 2311: Landroid/os/UserManager;.isUserUnlocked ()Z
D/dalvikvm( 4329): VFY: replacing opcode 0x6e at 0x001a
I/dalvikvm( 4329): Could not find method android.content.Context.isDeviceProtectedStorage, referenced from method cqq.b
W/dalvikvm( 4329): VFY: unable to resolve virtual method 1689: Landroid/content/Context;.isDeviceProtectedStorage ()Z
D/dalvikvm( 4329): VFY: replacing opcode 0x6e at 0x0000
I/dalvikvm( 4329): Could not find method android.content.Context.isDeviceProtectedStorage, referenced from method cqq.c
W/dalvikvm( 4329): VFY: unable to resolve virtual method 1689: Landroid/content/Context;.isDeviceProtectedStorage ()Z
D/dalvikvm( 4329): VFY: replacing opcode 0x6e at 0x0000
I/dalvikvm( 4329): Could not find method android.content.Context.createDeviceProtectedStorageContext, referenced from method jkx.a
W/dalvikvm( 4329): VFY: unable to resolve virtual method 1659: Landroid/content/Context;.createDeviceProtectedStorageContext ()Landroid/content/Context;
D/dalvikvm( 4329): VFY: replacing opcode 0x6e at 0x0029
I/dalvikvm( 4329): Could not find method android.content.Context.getSystemService, referenced from method jkx.b
W/dalvikvm( 4329): VFY: unable to resolve virtual method 1684: Landroid/content/Context;.getSystemService (Ljava/lang/Class;)Ljava/lang/Object;
D/dalvikvm( 4329): VFY: replacing opcode 0x6e at 0x000b
D/dalvikvm( 4329): DexOpt: couldn't find static field Landroid/os/Build;.SUPPORTED_64_BIT_ABIS
W/dalvikvm( 4329): VFY: unable to resolve static field 917 (SUPPORTED_64_BIT_ABIS) in Landroid/os/Build;
D/dalvikvm( 4329): VFY: replacing opcode 0x62 at 0x0012
D/dalvikvm( 4329): DexOpt: couldn't find static field Landroid/os/Build;.SUPPORTED_32_BIT_ABIS
W/dalvikvm( 4329): VFY: unable to resolve static field 916 (SUPPORTED_32_BIT_ABIS) in Landroid/os/Build;
D/dalvikvm( 4329): VFY: replacing opcode 0x62 at 0x0021
D/dalvikvm( 4329): DexOpt: couldn't find static field Landroid/os/Build;.SUPPORTED_ABIS
W/dalvikvm( 4329): VFY: unable to resolve static field 918 (SUPPORTED_ABIS) in Landroid/os/Build;
D/dalvikvm( 4329): VFY: replacing opcode 0x62 at 0x0008
D/dalvikvm( 4329): DexOpt: couldn't find static field Landroid/os/Build;.SUPPORTED_64_BIT_ABIS
W/dalvikvm( 4329): VFY: unable to resolve static field 917 (SUPPORTED_64_BIT_ABIS) in Landroid/os/Build;
D/dalvikvm( 4329): VFY: replacing opcode 0x62 at 0x0008
D/dalvikvm( 4329): DexOpt: couldn't find static field Landroid/os/Build;.SUPPORTED_64_BIT_ABIS
I/dalvikvm( 4329): DexOpt: unable to optimize static field ref 0x0395 at 0x17 in Lcsq;.a
D/dalvikvm( 4329): DexOpt: couldn't find static field Landroid/os/Build;.SUPPORTED_32_BIT_ABIS
I/dalvikvm( 4329): DexOpt: unable to optimize static field ref 0x0394 at 0x26 in Lcsq;.a
D/dalvikvm( 4329): DexOpt: couldn't find static field Landroid/os/Build;.SUPPORTED_64_BIT_ABIS
I/dalvikvm( 4329): DexOpt: unable to optimize static field ref 0x0395 at 0x0d in Lcsq;.b
I/dalvikvm(  654): Could not find method android.location.Location.setVerticalAccuracyMeters, referenced from method tki.a
W/dalvikvm(  654): VFY: unable to resolve virtual method 16270: Landroid/location/Location;.setVerticalAccuracyMeters (F)V
D/dalvikvm(  654): VFY: replacing opcode 0x6e at 0x0006
I/dalvikvm(  654): Could not find method android.location.Location.hasVerticalAccuracy, referenced from method tki.f
W/dalvikvm(  654): VFY: unable to resolve virtual method 16265: Landroid/location/Location;.hasVerticalAccuracy ()Z
D/dalvikvm(  654): VFY: replacing opcode 0x6e at 0x0006
I/dalvikvm(  654): Could not find method android.location.Location.hasVerticalAccuracy, referenced from method tki.g
W/dalvikvm(  654): VFY: unable to resolve virtual method 16265: Landroid/location/Location;.hasVerticalAccuracy ()Z
D/dalvikvm(  654): VFY: replacing opcode 0x6e at 0x0008
W/GCoreFlp(  654): No location to return for getLastLocation()
I/System.out( 4329): body:<io.fabric.sdk.android.services.network.HttpRequest: int code()>	sig:$i0 = virtualinvoke $r2.<java.net.HttpURLConnection: int getResponseCode()>()	timediff:73
I/System.out( 4329): body:<com.nostra13.universalimageloader.core.download.BaseImageDownloader: java.io.InputStream getStreamFromNetwork(java.lang.String,java.lang.Object)>	sig:$i1 = virtualinvoke $r3.<java.net.HttpURLConnection: int getResponseCode()>()	timediff:239
I/System.out( 4329): body:<com.nostra13.universalimageloader.core.download.BaseImageDownloader: java.io.InputStream getStreamFromNetwork(java.lang.String,java.lang.Object)>	sig:$r5 = virtualinvoke $r3.<java.net.HttpURLConnection: java.io.InputStream getErrorStream()>()	timediff:0
E/ImageLoader( 4329): http://wordpress-blog-assets-production.s3.amazonaws.com/e/wp-content/uploads/2018/04/misogyny_sexism3.jpg%22%20class=%22attachment-large%20size-large%22%20alt=%22%22%20srcset=%22http://wordpress-blog-assets-production.s3.amazonaws.com/e/wp-content/uploads/2018/04/misogyny_sexism3.jpg%20800w,%20http://wordpress-blog-assets-production.s3.amazonaws.com/e/wp-content/uploads/2018/04/misogyny_sexism3-150x150.jpg%20150w,%20http://wordpress-blog-assets-production.s3.amazonaws.com/e/wp-content/uploads/2018/04/misogyny_sexism3-300x300.jpg%20300w,%20http://wordpress-blog-assets-production.s3.amazonaws.com/e/wp-content/uploads/2018/04/misogyny_sexism3-768x768.jpg%20768w,%20http://wordpress-blog-assets-production.s3.amazonaws.com/e/wp-content/uploads/2018/04/misogyny_sexism3-380x380.jpg%20380w,%20http://wordpress-blog-assets-production.s3.amazonaws.com/e/wp-content/uploads/2018/04/misogyny_sexism3-500x500.jpg
E/ImageLoader( 4329): java.io.FileNotFoundException: http://wordpress-blog-assets-production.s3.amazonaws.com/e/wp-content/uploads/2018/04/misogyny_sexism3.jpg%22%20class=%22attachment-large%20size-large%22%20alt=%22%22%20srcset=%22http://wordpress-blog-assets-production.s3.amazonaws.com/e/wp-content/uploads/2018/04/misogyny_sexism3.jpg%20800w,%20http://wordpress-blog-assets-production.s3.amazonaws.com/e/wp-content/uploads/2018/04/misogyny_sexism3-150x150.jpg%20150w,%20http://wordpress-blog-assets-production.s3.amazonaws.com/e/wp-content/uploads/2018/04/misogyny_sexism3-300x300.jpg%20300w,%20http://wordpress-blog-assets-production.s3.amazonaws.com/e/wp-content/uploads/2018/04/misogyny_sexism3-768x768.jpg%20768w,%20http://wordpress-blog-assets-production.s3.amazonaws.com/e/wp-content/uploads/2018/04/misogyny_sexism3-380x380.jpg%20380w,%20http://wordpress-blog-assets-production.s3.amazonaws.com/e/wp-content/uploads/2018/04/misogyny_sexism3-500x500.jpg
E/ImageLoader( 4329): 	at com.android.okhttp.internal.http.HttpURLConnectionImpl.getInputStream(HttpURLConnectionImpl.java:186)
E/ImageLoader( 4329): 	at com.nostra13.universalimageloader.core.download.BaseImageDownloader.getStreamFromNetwork(BaseImageDownloader.java:122)
E/ImageLoader( 4329): 	at com.nostra13.universalimageloader.core.download.BaseImageDownloader.getStream(BaseImageDownloader.java:86)
E/ImageLoader( 4329): 	at com.nostra13.universalimageloader.core.LoadAndDisplayImageTask.downloadImage(LoadAndDisplayImageTask.java:290)
E/ImageLoader( 4329): 	at com.nostra13.universalimageloader.core.LoadAndDisplayImageTask.tryCacheImageOnDisk(LoadAndDisplayImageTask.java:273)
E/ImageLoader( 4329): 	at com.nostra13.universalimageloader.core.LoadAndDisplayImageTask.tryLoadBitmap(LoadAndDisplayImageTask.java:229)
E/ImageLoader( 4329): 	at com.nostra13.universalimageloader.core.LoadAndDisplayImageTask.run(LoadAndDisplayImageTask.java:135)
E/ImageLoader( 4329): 	at java.util.concurrent.ThreadPoolExecutor.runWorker(ThreadPoolExecutor.java:1112)
E/ImageLoader( 4329): 	at java.util.concurrent.ThreadPoolExecutor$Worker.run(ThreadPoolExecutor.java:587)
E/ImageLoader( 4329): 	at java.lang.Thread.run(Thread.java:841)
I/System.out( 4329): body:<com.nostra13.universalimageloader.core.download.BaseImageDownloader: java.net.HttpURLConnection createConnection(java.lang.String,java.lang.Object)>	sig:specialinvoke $r3.<java.net.URL: void <init>(java.lang.String)>($r1)	timediff:0
I/System.out( 4329): <com.nostra13.universalimageloader.core.download.BaseImageDownloader: java.net.HttpURLConnection createConnection(java.lang.String,java.lang.Object)>###specialinvoke $r3.<java.net.URL: void <init>(java.lang.String)>($r1)###http://wordpress-blog-assets-production.s3.amazonaws.com/e/wp-content/uploads/2018/04/misogyny_sexism3.jpg%22%20class=%22attachment-large%20size-large%22%20alt=%22%22%20srcset=%22http://wordpress-blog-assets-production.s3.amazonaws.com/e/wp-content/uploads/2018/04/misogyny_sexism3.jpg%20800w,%20http://wordpress-blog-assets-production.s3.amazonaws.com/e/wp-content/uploads/2018/04/misogyny_sexism3-150x150.jpg%20150w,%20http://wordpress-blog-assets-production.s3.amazonaws.com/e/wp-content/uploads/2018/04/misogyny_sexism3-300x300.jpg%20300w,%20http://wordpress-blog-assets-production.s3.amazonaws.com/e/wp-content/uploads/2018/04/misogyny_sexism3-768x768.jpg%20768w,%20http://wordpress-blog-assets-production.s3.amazonaws.com/e/wp-content/uploads/2018/04/misogyny_sexism3-380x380.jpg%20380w,%20http://wordpress-blog-assets-production.s3.amazonaws.com/e/wp-content/uploads/2018/04/misogyny_sexism3-500x500.jpg
I/System.out( 4329): body:<com.nostra13.universalimageloader.core.download.BaseImageDownloader: java.net.HttpURLConnection createConnection(java.lang.String,java.lang.Object)>	sig:$r4 = virtualinvoke $r3.<java.net.URL: java.net.URLConnection openConnection()>()	timediff:0
I/System.out( 4329): body:<com.nostra13.universalimageloader.core.download.BaseImageDownloader: java.net.HttpURLConnection createConnection(java.lang.String,java.lang.Object)>	sig:virtualinvoke $r5.<java.net.HttpURLConnection: void setConnectTimeout(int)>($i0)	timediff:0
I/System.out( 4329): body:<com.nostra13.universalimageloader.core.download.BaseImageDownloader: java.net.HttpURLConnection createConnection(java.lang.String,java.lang.Object)>	sig:virtualinvoke $r5.<java.net.HttpURLConnection: void setReadTimeout(int)>($i0)	timediff:0
D/DynamitePackage( 4329): Instantiated singleton DynamitePackage.
D/DynamitePackage( 4329): Instantiating com.google.android.gms.ads.ChimeraAdManagerCreatorImpl
I/dalvikvm( 4329): Could not find method android.content.pm.PackageManager.getPackageInstaller, referenced from method iy.a
W/dalvikvm( 4329): VFY: unable to resolve virtual method 1587: Landroid/content/pm/PackageManager;.getPackageInstaller ()Landroid/content/pm/PackageInstaller;
D/dalvikvm( 4329): VFY: replacing opcode 0x6e at 0x0017
I/dalvikvm( 4329): Could not find method android.security.NetworkSecurityPolicy.getInstance, referenced from method com.google.android.gms.ads.internal.util.ae.a
W/dalvikvm( 4329): VFY: unable to resolve static method 2118: Landroid/security/NetworkSecurityPolicy;.getInstance ()Landroid/security/NetworkSecurityPolicy;
D/dalvikvm( 4329): VFY: replacing opcode 0x71 at 0x00d3
D/dalvikvm( 4329): DexOpt: --- BEGIN '1505450608132.jar' (bootstrap=0) ---
I/dalvikvm( 4329): Could not find method android.content.pm.PackageManager.isInstantApp, referenced from method pv.a
W/dalvikvm( 4329): VFY: unable to resolve virtual method 1592: Landroid/content/pm/PackageManager;.isInstantApp (Ljava/lang/String;)Z
D/dalvikvm( 4329): VFY: replacing opcode 0x6e at 0x002d
I/dalvikvm( 4329): Could not find method android.content.pm.PackageManager.isInstantApp, referenced from method pu.a
W/dalvikvm( 4329): VFY: unable to resolve virtual method 1591: Landroid/content/pm/PackageManager;.isInstantApp ()Z
D/dalvikvm( 4329): VFY: replacing opcode 0x6e at 0x0028
D/dalvikvm( 4329): GC_CONCURRENT freed 4313K, 27% free 11906K/16288K, paused 2ms+3ms, total 10ms
I/System.out( 4329): body:<com.localytics.android.BaseUploadThread: boolean upload(com.localytics.android.BaseUploadThread$UploadType,java.lang.String,java.lang.String,int,boolean)>	sig:$r22 = virtualinvoke $r20.<java.net.HttpURLConnection: java.io.OutputStream getOutputStream()>()	timediff:296
I/System.out( 4329): body:<com.nostra13.universalimageloader.core.download.BaseImageDownloader: java.io.InputStream getStreamFromNetwork(java.lang.String,java.lang.Object)>	sig:$i1 = virtualinvoke $r3.<java.net.HttpURLConnection: int getResponseCode()>()	timediff:81
I/System.out( 4329): body:<com.nostra13.universalimageloader.core.download.BaseImageDownloader: java.io.InputStream getStreamFromNetwork(java.lang.String,java.lang.Object)>	sig:$r5 = virtualinvoke $r3.<java.net.HttpURLConnection: java.io.InputStream getErrorStream()>()	timediff:0
E/ImageLoader( 4329): http://wordpress-blog-assets-production.s3.amazonaws.com/e/wp-content/uploads/2018/04/misogyny_sexism3.jpg%22%20class=%22attachment-large%20size-large%22%20alt=%22%22%20srcset=%22http://wordpress-blog-assets-production.s3.amazonaws.com/e/wp-content/uploads/2018/04/misogyny_sexism3.jpg%20800w,%20http://wordpress-blog-assets-production.s3.amazonaws.com/e/wp-content/uploads/2018/04/misogyny_sexism3-150x150.jpg%20150w,%20http://wordpress-blog-assets-production.s3.amazonaws.com/e/wp-content/uploads/2018/04/misogyny_sexism3-300x300.jpg%20300w,%20http://wordpress-blog-assets-production.s3.amazonaws.com/e/wp-content/uploads/2018/04/misogyny_sexism3-768x768.jpg%20768w,%20http://wordpress-blog-assets-production.s3.amazonaws.com/e/wp-content/uploads/2018/04/misogyny_sexism3-380x380.jpg%20380w,%20http://wordpress-blog-assets-production.s3.amazonaws.com/e/wp-content/uploads/2018/04/misogyny_sexism3-500x500.jpg
E/ImageLoader( 4329): java.io.FileNotFoundException: http://wordpress-blog-assets-production.s3.amazonaws.com/e/wp-content/uploads/2018/04/misogyny_sexism3.jpg%22%20class=%22attachment-large%20size-large%22%20alt=%22%22%20srcset=%22http://wordpress-blog-assets-production.s3.amazonaws.com/e/wp-content/uploads/2018/04/misogyny_sexism3.jpg%20800w,%20http://wordpress-blog-assets-production.s3.amazonaws.com/e/wp-content/uploads/2018/04/misogyny_sexism3-150x150.jpg%20150w,%20http://wordpress-blog-assets-production.s3.amazonaws.com/e/wp-content/uploads/2018/04/misogyny_sexism3-300x300.jpg%20300w,%20http://wordpress-blog-assets-production.s3.amazonaws.com/e/wp-content/uploads/2018/04/misogyny_sexism3-768x768.jpg%20768w,%20http://wordpress-blog-assets-production.s3.amazonaws.com/e/wp-content/uploads/2018/04/misogyny_sexism3-380x380.jpg%20380w,%20http://wordpress-blog-assets-production.s3.amazonaws.com/e/wp-content/uploads/2018/04/misogyny_sexism3-500x500.jpg
E/ImageLoader( 4329): 	at com.android.okhttp.internal.http.HttpURLConnectionImpl.getInputStream(HttpURLConnectionImpl.java:186)
E/ImageLoader( 4329): 	at com.nostra13.universalimageloader.core.download.BaseImageDownloader.getStreamFromNetwork(BaseImageDownloader.java:122)
E/ImageLoader( 4329): 	at com.nostra13.universalimageloader.core.download.BaseImageDownloader.getStream(BaseImageDownloader.java:86)
E/ImageLoader( 4329): 	at com.nostra13.universalimageloader.core.decode.BaseImageDecoder.getImageStream(BaseImageDecoder.java:93)
E/ImageLoader( 4329): 	at com.nostra13.universalimageloader.core.decode.BaseImageDecoder.decode(BaseImageDecoder.java:73)
E/ImageLoader( 4329): 	at com.nostra13.universalimageloader.core.LoadAndDisplayImageTask.decodeImage(LoadAndDisplayImageTask.java:264)
E/ImageLoader( 4329): 	at com.nostra13.universalimageloader.core.LoadAndDisplayImageTask.tryLoadBitmap(LoadAndDisplayImageTask.java:237)
E/ImageLoader( 4329): 	at com.nostra13.universalimageloader.core.LoadAndDisplayImageTask.run(LoadAndDisplayImageTask.java:135)
E/ImageLoader( 4329): 	at java.util.concurrent.ThreadPoolExecutor.runWorker(ThreadPoolExecutor.java:1112)
E/ImageLoader( 4329): 	at java.util.concurrent.ThreadPoolExecutor$Worker.run(ThreadPoolExecutor.java:587)
E/ImageLoader( 4329): 	at java.lang.Thread.run(Thread.java:841)
I/Ads     ( 4329): Starting ad request.
I/Ads     ( 4329): Use AdRequest.Builder.addTestDevice("A8F049FC454E72BFB6EA60EE2500BB55") to get test ads on this device.
I/ActivityManager(  479): START u0 {cmp=com.dictionary/.FavoritesActivity} from pid 4329
W/View    ( 4329): requestLayout() improperly called by android.widget.ImageView{4aae98d0 V.ED.... ......ID 0,0-720,637 #7f0f00a8 app:id/wotd_title_image} during layout: running second layout pass
D/Daisy   ( 4329): PageName: appHome linkID: kyc5lo
W/Ads     ( 4329): Invoke Firebase method getInstance error.
W/Ads     ( 4329): The Google Mobile Ads SDK will not integrate with Firebase. Admob/Firebase integration requires the latest Firebase SDK jar, but Firebase SDK is either missing or out of date
I/System.out( 4329): body:<com.localytics.android.BaseUploadThread: boolean upload(com.localytics.android.BaseUploadThread$UploadType,java.lang.String,java.lang.String,int,boolean)>	sig:$i1 = virtualinvoke $r20.<java.net.HttpURLConnection: int getResponseCode()>()	timediff:73
I/System.out( 4329): body:<com.localytics.android.BaseUploadThread: boolean upload(com.localytics.android.BaseUploadThread$UploadType,java.lang.String,java.lang.String,int,boolean)>	sig:$r33 = virtualinvoke $r20.<java.net.HttpURLConnection: java.io.InputStream getInputStream()>()	timediff:0
I/System.out( 4329): body:<empirical.HelperClass: void printURLInfo(java.lang.String,java.lang.String,java.net.URLConnection)>	sig:$r0 = virtualinvoke urlConnection.<java.net.URLConnection: java.net.URL getURL()>()	timediff:0
I/System.out( 4329): body:<empirical.HelperClass: void printURLInfo(java.lang.String,java.lang.String,java.net.URLConnection)>	sig:urlString = virtualinvoke $r0.<java.net.URL: java.lang.String toString()>()	timediff:0
I/System.out( 4329): body:<empirical.HelperClass: void printURLInfo(java.lang.String,java.lang.String,java.net.URLConnection)>	sig:isDoOutput = virtualinvoke urlConnection.<java.net.URLConnection: boolean getDoOutput()>()	timediff:0
I/System.out( 4329): body:<empirical.HelperClass: java.lang.String getHeaderField(java.net.URLConnection,java.lang.String)>	sig:data = virtualinvoke conn.<java.net.URLConnection: java.lang.String getHeaderField(java.lang.String)>(field)	timediff:0
I/System.out( 4329): body:<empirical.HelperClass: java.lang.String getHeaderField(java.net.URLConnection,java.lang.String)>	sig:data = virtualinvoke conn.<java.net.URLConnection: java.lang.String getHeaderField(java.lang.String)>(field)	timediff:0
I/System.out( 4329): body:<empirical.HelperClass: java.lang.String getHeaderField(java.net.URLConnection,java.lang.String)>	sig:data = virtualinvoke conn.<java.net.URLConnection: java.lang.String getHeaderField(java.lang.String)>(field)	timediff:0
I/System.out( 4329): body:<empirical.HelperClass: java.lang.String getHeaderField(java.net.URLConnection,java.lang.String)>	sig:data = virtualinvoke conn.<java.net.URLConnection: java.lang.String getHeaderField(java.lang.String)>(field)	timediff:0
I/System.out( 4329): body:<empirical.HelperClass: java.lang.String getHeaderField(java.net.URLConnection,java.lang.String)>	sig:data = virtualinvoke conn.<java.net.URLConnection: java.lang.String getHeaderField(java.lang.String)>(field)	timediff:0
I/System.out( 4329): URLConn;%;6;%;<com.localytics.android.BaseUploadThread: boolean upload(com.localytics.android.BaseUploadThread$UploadType,java.lang.String,java.lang.String,int,boolean)>;%;$r33 = virtualinvoke $r20.<java.net.HttpURLConnection: java.io.InputStream getInputStream()>();%;https://analytics.localytics.com/api/v2/uploads;%;true;%;0;%;no-cache, no-store, max-age=0;%;Not found;%;Not found;%;Not found
I/System.out( 4329): body:<com.localytics.android.BaseUploadThread: boolean upload(com.localytics.android.BaseUploadThread$UploadType,java.lang.String,java.lang.String,int,boolean)>	sig:virtualinvoke $r20.<java.net.HttpURLConnection: void disconnect()>()	timediff:0
I/System.out( 4329): body:<com.localytics.android.BaseUploadThread: boolean upload(com.localytics.android.BaseUploadThread$UploadType,java.lang.String,java.lang.String,int,boolean)>	sig:$i1 = virtualinvoke $r20.<java.net.HttpURLConnection: int getResponseCode()>()	timediff:390
I/System.out( 4329): body:<com.localytics.android.BaseUploadThread: boolean upload(com.localytics.android.BaseUploadThread$UploadType,java.lang.String,java.lang.String,int,boolean)>	sig:$r33 = virtualinvoke $r20.<java.net.HttpURLConnection: java.io.InputStream getInputStream()>()	timediff:0
I/System.out( 4329): body:<empirical.HelperClass: void printURLInfo(java.lang.String,java.lang.String,java.net.URLConnection)>	sig:$r0 = virtualinvoke urlConnection.<java.net.URLConnection: java.net.URL getURL()>()	timediff:0
I/System.out( 4329): body:<empirical.HelperClass: void printURLInfo(java.lang.String,java.lang.String,java.net.URLConnection)>	sig:urlString = virtualinvoke $r0.<java.net.URL: java.lang.String toString()>()	timediff:0
I/System.out( 4329): body:<empirical.HelperClass: void printURLInfo(java.lang.String,java.lang.String,java.net.URLConnection)>	sig:isDoOutput = virtualinvoke urlConnection.<java.net.URLConnection: boolean getDoOutput()>()	timediff:0
I/System.out( 4329): body:<empirical.HelperClass: java.lang.String getHeaderField(java.net.URLConnection,java.lang.String)>	sig:data = virtualinvoke conn.<java.net.URLConnection: java.lang.String getHeaderField(java.lang.String)>(field)	timediff:0
I/System.out( 4329): body:<empirical.HelperClass: java.lang.String getHeaderField(java.net.URLConnection,java.lang.String)>	sig:data = virtualinvoke conn.<java.net.URLConnection: java.lang.String getHeaderField(java.lang.String)>(field)	timediff:0
I/System.out( 4329): body:<empirical.HelperClass: java.lang.String getHeaderField(java.net.URLConnection,java.lang.String)>	sig:data = virtualinvoke conn.<java.net.URLConnection: java.lang.String getHeaderField(java.lang.String)>(field)	timediff:0
I/System.out( 4329): body:<empirical.HelperClass: java.lang.String getHeaderField(java.net.URLConnection,java.lang.String)>	sig:data = virtualinvoke conn.<java.net.URLConnection: java.lang.String getHeaderField(java.lang.String)>(field)	timediff:0
I/System.out( 4329): body:<empirical.HelperClass: java.lang.String getHeaderField(java.net.URLConnection,java.lang.String)>	sig:data = virtualinvoke conn.<java.net.URLConnection: java.lang.String getHeaderField(java.lang.String)>(field)	timediff:0
I/System.out( 4329): URLConn;%;7;%;<com.localytics.android.BaseUploadThread: boolean upload(com.localytics.android.BaseUploadThread$UploadType,java.lang.String,java.lang.String,int,boolean)>;%;$r33 = virtualinvoke $r20.<java.net.HttpURLConnection: java.io.InputStream getInputStream()>();%;https://analytics.localytics.com/api/v2/applications/a19be692ade9968a9e3d9f6-a8b8d16c-0f40-11e5-9efa-00739d24cb30/amp;%;false;%;0;%;no-cache, no-store, max-age=0;%;Not found;%;Not found;%;Not found
I/System.out( 4329): body:<com.localytics.android.BaseUploadThread: boolean upload(com.localytics.android.BaseUploadThread$UploadType,java.lang.String,java.lang.String,int,boolean)>	sig:virtualinvoke $r20.<java.net.HttpURLConnection: void disconnect()>()	timediff:0
I/InputDispatcher(  479): Dropped event because of pending overdue app switch.
W/InputManager(  479): Input event injection from pid 4319 failed.
D/CrowdControl( 4329): adds type:int and value:screenName : wotd
D/Daisy   ( 4329): Logging page view from BasePageFragment: favouritesView
D/Localytics( 4329): tagScreen: favouritesView
D/Localytics( 4329): Page change: appHome -> favouritesView
D/Localytics( 4329): triggerInAppMessage: screen2
D/Localytics( 4329): last major previous page: appHome
W/Daisy   ( 4329): PageName: favouritesView contentTitle:  Value: 2
D/CrowdControl( 4329): Extract data from 73ebbf1f-6d54-4944-bef3-a8c0b54838e4 for 4845
D/CrowdControl( 4329): GET http://ad.crwdcntrl.net/5/pe=y/c=4845/mid=73ebbf1f-6d54-4944-bef3-a8c0b54838e4
W/EGL_emulation( 4329): eglSurfaceAttrib not implemented 3093 12436
W/ViewRootImpl( 4329): Dropping event due to no window focus: KeyEvent { action=ACTION_DOWN, keyCode=KEYCODE_DPAD_CENTER, scanCode=0, metaState=0, flags=0x8, repeatCount=0, eventTime=389144, downTime=389144, deviceId=-1, source=0x101 }
W/ViewRootImpl( 4329): Dropping event due to no window focus: KeyEvent { action=ACTION_DOWN, keyCode=KEYCODE_DPAD_RIGHT, scanCode=0, metaState=0, flags=0x8, repeatCount=0, eventTime=389216, downTime=389216, deviceId=-1, source=0x101 }
W/ViewRootImpl( 4329): Dropping event due to no window focus: KeyEvent { action=ACTION_DOWN, keyCode=KEYCODE_DPAD_LEFT, scanCode=0, metaState=0, flags=0x8, repeatCount=0, eventTime=389230, downTime=389230, deviceId=-1, source=0x101 }
I/System.out( 4329): dcomAndroidFreeV522_alertdcomAndroidFreeV522_addOnLargedcomAndroidFreeV522_theStripdcomAndroidFreeV522_slideshowGallerydcomAndroidFreeV522_iapPurchaseSwitchdcomAndroidFreeV522_iapGallerybody:<com.lotame.android.CrowdControl: void append(java.lang.StringBuilder,com.lotame.android.AtomParameter)>	sig:$r5 = staticinvoke <java.net.URLEncoder: java.lang.String encode(java.lang.String,java.lang.String)>($r5, "UTF-8")	timediff:0
I/System.out( 4329): body:<com.lotame.android.CrowdControl: void append(java.lang.StringBuilder,com.lotame.android.AtomParameter)>	sig:$r5 = staticinvoke <java.net.URLEncoder: java.lang.String encode(java.lang.String,java.lang.String)>($r5, "UTF-8")	timediff:0
D/CrowdControl( 4329): Attempt GET from http://bcp.crwdcntrl.net/5/c=4845/mid=73ebbf1f-6d54-4944-bef3-a8c0b54838e4/dt=GAID/sdk=2.0/e=app/rand=1522729537/int=screenName+%3A+wotd/
D/CrowdControl( 4329): GET: http://bcp.crwdcntrl.net/5/c=4845/mid=73ebbf1f-6d54-4944-bef3-a8c0b54838e4/dt=GAID/sdk=2.0/e=app/rand=1522729537/int=screenName+%3A+wotd/
E/SQLiteLog( 4329): (14) cannot open file at line 30191 of [00bb9c9ce4]
E/SQLiteLog( 4329): (14) os_unix.c:30191: (2) open(/data/data/com.dictionary/databases/DictionaryDB.sqlite3) - 
E/SQLiteDatabase( 4329): Failed to open database '/data/data/com.dictionary/databases/DictionaryDB.sqlite3'.
E/SQLiteDatabase( 4329): android.database.sqlite.SQLiteCantOpenDatabaseException: unknown error (code 14): Could not open database
E/SQLiteDatabase( 4329): 	at android.database.sqlite.SQLiteConnection.nativeOpen(Native Method)
E/SQLiteDatabase( 4329): 	at android.database.sqlite.SQLiteConnection.open(SQLiteConnection.java:209)
E/SQLiteDatabase( 4329): 	at android.database.sqlite.SQLiteConnection.open(SQLiteConnection.java:193)
E/SQLiteDatabase( 4329): 	at android.database.sqlite.SQLiteConnectionPool.openConnectionLocked(SQLiteConnectionPool.java:463)
E/SQLiteDatabase( 4329): 	at android.database.sqlite.SQLiteConnectionPool.open(SQLiteConnectionPool.java:185)
E/SQLiteDatabase( 4329): 	at android.database.sqlite.SQLiteConnectionPool.open(SQLiteConnectionPool.java:177)
E/SQLiteDatabase( 4329): 	at android.database.sqlite.SQLiteDatabase.openInner(SQLiteDatabase.java:804)
E/SQLiteDatabase( 4329): 	at android.database.sqlite.SQLiteDatabase.open(SQLiteDatabase.java:789)
E/SQLiteDatabase( 4329): 	at android.database.sqlite.SQLiteDatabase.openDatabase(SQLiteDatabase.java:694)
E/SQLiteDatabase( 4329): 	at android.database.sqlite.SQLiteDatabase.openDatabase(SQLiteDatabase.java:669)
E/SQLiteDatabase( 4329): 	at com.dictionary.util.DataBaseHelper.CheckDataBase(DataBaseHelper.java:70)
E/SQLiteDatabase( 4329): 	at com.dictionary.util.DataBaseHelper.createDataBase(DataBaseHelper.java:36)
E/SQLiteDatabase( 4329): 	at com.dictionary.Utility.getFavoriteList(Utility.java:345)
E/SQLiteDatabase( 4329): 	at com.dictionary.fragment.FavoritesFragment.getEntities(FavoritesFragment.java:36)
E/SQLiteDatabase( 4329): 	at com.dictionary.fragment.RecentBaseFragment$FetchFavorite.doInBackground(RecentBaseFragment.java:177)
E/SQLiteDatabase( 4329): 	at com.dictionary.fragment.RecentBaseFragment$FetchFavorite.doInBackground(RecentBaseFragment.java:155)
E/SQLiteDatabase( 4329): 	at android.os.AsyncTask$2.call(AsyncTask.java:288)
E/SQLiteDatabase( 4329): 	at java.util.concurrent.FutureTask.run(FutureTask.java:237)
E/SQLiteDatabase( 4329): 	at android.os.AsyncTask$SerialExecutor$1.run(AsyncTask.java:231)
E/SQLiteDatabase( 4329): 	at java.util.concurrent.ThreadPoolExecutor.runWorker(ThreadPoolExecutor.java:1112)
E/SQLiteDatabase( 4329): 	at java.util.concurrent.ThreadPoolExecutor$Worker.run(ThreadPoolExecutor.java:587)
E/SQLiteDatabase( 4329): 	at java.lang.Thread.run(Thread.java:841)
I/System.out( 4329): body:<com.localytics.android.BaseUploadThread: boolean upload(com.localytics.android.BaseUploadThread$UploadType,java.lang.String,java.lang.String,int,boolean)>	sig:specialinvoke $r18.<java.net.URL: void <init>(java.lang.String)>($r2)	timediff:0
I/System.out( 4329): <com.localytics.android.BaseUploadThread: boolean upload(com.localytics.android.BaseUploadThread$UploadType,java.lang.String,java.lang.String,int,boolean)>###specialinvoke $r18.<java.net.URL: void <init>(java.lang.String)>($r2)###https://analytics.localytics.com/api/v2/uploads
I/System.out( 4329): body:<com.localytics.android.BaseUploadThread: java.net.URLConnection createURLConnection(java.net.URL,java.net.Proxy)>	sig:$r2 = virtualinvoke $r0.<java.net.URL: java.net.URLConnection openConnection()>()	timediff:0
I/System.out( 4329): body:<com.localytics.android.BaseUploadThread: boolean upload(com.localytics.android.BaseUploadThread$UploadType,java.lang.String,java.lang.String,int,boolean)>	sig:virtualinvoke $r20.<java.net.HttpURLConnection: void setConnectTimeout(int)>(60000)	timediff:0
I/System.out( 4329): body:<com.localytics.android.BaseUploadThread: boolean upload(com.localytics.android.BaseUploadThread$UploadType,java.lang.String,java.lang.String,int,boolean)>	sig:virtualinvoke $r20.<java.net.HttpURLConnection: void setReadTimeout(int)>(60000)	timediff:0
I/System.out( 4329): body:<com.localytics.android.BaseUploadThread: boolean upload(com.localytics.android.BaseUploadThread$UploadType,java.lang.String,java.lang.String,int,boolean)>	sig:virtualinvoke $r20.<java.net.HttpURLConnection: void setDoOutput(boolean)>($z1)	timediff:0
I/System.out( 4329): body:<com.localytics.android.BaseUploadThread: boolean upload(com.localytics.android.BaseUploadThread$UploadType,java.lang.String,java.lang.String,int,boolean)>	sig:virtualinvoke $r20.<java.net.HttpURLConnection: void setRequestProperty(java.lang.String,java.lang.String)>("Content-Type", "application/x-gzip")	timediff:0
I/System.out( 4329): body:<com.localytics.android.BaseUploadThread: boolean upload(com.localytics.android.BaseUploadThread$UploadType,java.lang.String,java.lang.String,int,boolean)>	sig:virtualinvoke $r20.<java.net.HttpURLConnection: void setRequestProperty(java.lang.String,java.lang.String)>("Content-Encoding", "gzip")	timediff:0
I/System.out( 4329): body:<com.localytics.android.BaseUploadThread: boolean upload(com.localytics.android.BaseUploadThread$UploadType,java.lang.String,java.lang.String,int,boolean)>	sig:virtualinvoke $r20.<java.net.HttpURLConnection: void setRequestProperty(java.lang.String,java.lang.String)>("X-DONT-SEND-AMP", "1")	timediff:0
I/System.out( 4329): body:<com.localytics.android.BaseUploadThread: boolean upload(com.localytics.android.BaseUploadThread$UploadType,java.lang.String,java.lang.String,int,boolean)>	sig:virtualinvoke $r20.<java.net.HttpURLConnection: void setRequestProperty(java.lang.String,java.lang.String)>("Accept-Encoding", "")	timediff:0
I/System.out( 4329): body:<com.localytics.android.BaseUploadThread: boolean upload(com.localytics.android.BaseUploadThread$UploadType,java.lang.String,java.lang.String,int,boolean)>	sig:virtualinvoke $r20.<java.net.HttpURLConnection: void setRequestProperty(java.lang.String,java.lang.String)>("x-upload-time", $r13)	timediff:0
I/System.out( 4329): body:<com.localytics.android.BaseUploadThread: boolean upload(com.localytics.android.BaseUploadThread$UploadType,java.lang.String,java.lang.String,int,boolean)>	sig:virtualinvoke $r20.<java.net.HttpURLConnection: void setRequestProperty(java.lang.String,java.lang.String)>("x-install-id", $r13)	timediff:0
I/System.out( 4329): body:<com.localytics.android.BaseUploadThread: boolean upload(com.localytics.android.BaseUploadThread$UploadType,java.lang.String,java.lang.String,int,boolean)>	sig:virtualinvoke $r20.<java.net.HttpURLConnection: void setRequestProperty(java.lang.String,java.lang.String)>("x-app-id", $r13)	timediff:0
I/System.out( 4329): body:<com.localytics.android.BaseUploadThread: boolean upload(com.localytics.android.BaseUploadThread$UploadType,java.lang.String,java.lang.String,int,boolean)>	sig:virtualinvoke $r20.<java.net.HttpURLConnection: void setRequestProperty(java.lang.String,java.lang.String)>("x-client-version", "androida_3.4.0")	timediff:0
I/System.out( 4329): body:<com.localytics.android.BaseUploadThread: boolean upload(com.localytics.android.BaseUploadThread$UploadType,java.lang.String,java.lang.String,int,boolean)>	sig:virtualinvoke $r20.<java.net.HttpURLConnection: void setRequestProperty(java.lang.String,java.lang.String)>("x-app-version", $r13)	timediff:0
I/System.out( 4329): body:<com.localytics.android.BaseUploadThread: boolean upload(com.localytics.android.BaseUploadThread$UploadType,java.lang.String,java.lang.String,int,boolean)>	sig:virtualinvoke $r20.<java.net.HttpURLConnection: void setRequestProperty(java.lang.String,java.lang.String)>("x-customer-id", $r13)	timediff:0
I/System.out( 4329): body:<com.localytics.android.BaseUploadThread: boolean upload(com.localytics.android.BaseUploadThread$UploadType,java.lang.String,java.lang.String,int,boolean)>	sig:virtualinvoke $r20.<java.net.HttpURLConnection: void setFixedLengthStreamingMode(int)>($i1)	timediff:0
I/System.out( 4329): body:<com.localytics.android.BaseUploadThread: boolean upload(com.localytics.android.BaseUploadThread$UploadType,java.lang.String,java.lang.String,int,boolean)>	sig:$r22 = virtualinvoke $r20.<java.net.HttpURLConnection: java.io.OutputStream getOutputStream()>()	timediff:16
I/System.out( 4329): body:<com.localytics.android.BaseUploadThread: boolean upload(com.localytics.android.BaseUploadThread$UploadType,java.lang.String,java.lang.String,int,boolean)>	sig:$i1 = virtualinvoke $r20.<java.net.HttpURLConnection: int getResponseCode()>()	timediff:77
I/System.out( 4329): body:<com.localytics.android.BaseUploadThread: boolean upload(com.localytics.android.BaseUploadThread$UploadType,java.lang.String,java.lang.String,int,boolean)>	sig:$r33 = virtualinvoke $r20.<java.net.HttpURLConnection: java.io.InputStream getInputStream()>()	timediff:0
I/System.out( 4329): body:<empirical.HelperClass: void printURLInfo(java.lang.String,java.lang.String,java.net.URLConnection)>	sig:$r0 = virtualinvoke urlConnection.<java.net.URLConnection: java.net.URL getURL()>()	timediff:0
I/System.out( 4329): body:<empirical.HelperClass: void printURLInfo(java.lang.String,java.lang.String,java.net.URLConnection)>	sig:urlString = virtualinvoke $r0.<java.net.URL: java.lang.String toString()>()	timediff:0
I/System.out( 4329): body:<empirical.HelperClass: void printURLInfo(java.lang.String,java.lang.String,java.net.URLConnection)>	sig:isDoOutput = virtualinvoke urlConnection.<java.net.URLConnection: boolean getDoOutput()>()	timediff:0
I/System.out( 4329): body:<empirical.HelperClass: java.lang.String getHeaderField(java.net.URLConnection,java.lang.String)>	sig:data = virtualinvoke conn.<java.net.URLConnection: java.lang.String getHeaderField(java.lang.String)>(field)	timediff:0
I/System.out( 4329): body:<empirical.HelperClass: java.lang.String getHeaderField(java.net.URLConnection,java.lang.String)>	sig:data = virtualinvoke conn.<java.net.URLConnection: java.lang.String getHeaderField(java.lang.String)>(field)	timediff:0
I/System.out( 4329): body:<empirical.HelperClass: java.lang.String getHeaderField(java.net.URLConnection,java.lang.String)>	sig:data = virtualinvoke conn.<java.net.URLConnection: java.lang.String getHeaderField(java.lang.String)>(field)	timediff:0
I/System.out( 4329): body:<empirical.HelperClass: java.lang.String getHeaderField(java.net.URLConnection,java.lang.String)>	sig:data = virtualinvoke conn.<java.net.URLConnection: java.lang.String getHeaderField(java.lang.String)>(field)	timediff:0
I/System.out( 4329): body:<empirical.HelperClass: java.lang.String getHeaderField(java.net.URLConnection,java.lang.String)>	sig:data = virtualinvoke conn.<java.net.URLConnection: java.lang.String getHeaderField(java.lang.String)>(field)	timediff:0
I/System.out( 4329): URLConn;%;8;%;<com.localytics.android.BaseUploadThread: boolean upload(com.localytics.android.BaseUploadThread$UploadType,java.lang.String,java.lang.String,int,boolean)>;%;$r33 = virtualinvoke $r20.<java.net.HttpURLConnection: java.io.InputStream getInputStream()>();%;https://analytics.localytics.com/api/v2/uploads;%;true;%;0;%;no-cache, no-store, max-age=0;%;Not found;%;Not found;%;Not found
I/System.out( 4329): body:<com.localytics.android.BaseUploadThread: boolean upload(com.localytics.android.BaseUploadThread$UploadType,java.lang.String,java.lang.String,int,boolean)>	sig:virtualinvoke $r20.<java.net.HttpURLConnection: void disconnect()>()	timediff:0
D/dalvikvm( 4512): DexOpt: load 1ms, verify+opt 2ms, 291956 bytes
D/dalvikvm( 4329): DexOpt: --- END '1505450608132.jar' (success) ---
D/dalvikvm( 4329): DEX prep '/data/data/com.dictionary/cache/1505450608132.jar': unzip in 0ms, rewrite 430ms
D/dalvikvm( 4329): GC_CONCURRENT freed 2664K, 26% free 12174K/16288K, paused 4ms+2ms, total 16ms
W/Herrevad(  720): [365] rqj.a: On wifi, but couldn't get security type
W/DebugConnManager(  720): getNetworkInfo() on networkType 0
I/dalvikvm(  720): Could not find method android.webkit.WebSettings.setMixedContentMode, referenced from method com.google.android.gms.ads.internal.webview.j.<init>
W/dalvikvm(  720): VFY: unable to resolve virtual method 7750: Landroid/webkit/WebSettings;.setMixedContentMode (I)V
D/dalvikvm(  720): VFY: replacing opcode 0x6e at 0x0051
V/WebViewChromium(  720): Binding Chromium to the background looper Looper (main, tid 1) {4a7ce2b4}
I/chromium(  720): [INFO:library_loader_hooks.cc(112)] Chromium logging enabled: level = 0, default verbosity = 0
I/BrowserProcessMain(  720): Initializing chromium process, renderers=0
W/chromium(  720): [WARNING:proxy_service.cc(888)] PAC support disabled because there is no system implementation
D/libEGL  (  720): loaded /system/lib/egl/libEGL_adreno.so
D/        (  720): HostConnection::get() New Host Connection established 0xb906a8e0, tid 720
D/libEGL  (  720): loaded /system/lib/egl/libGLESv1_CM_adreno.so
D/libEGL  (  720): loaded /system/lib/egl/libGLESv2_adreno.so
D/dalvikvm(  720): GC_FOR_ALLOC freed 1087K, 16% free 8126K/9600K, paused 13ms, total 13ms
I/dalvikvm-heap(  720): Grow heap (frag case) to 8.664MB for 635808-byte allocation
D/dalvikvm(  720): GC_FOR_ALLOC freed 5K, 15% free 8741K/10224K, paused 15ms, total 15ms
I/chromium(  720): [INFO:CONSOLE(7)] "Document was loaded from Application Cache with manifest https://googleads.g.doubleclick.net/mads/static/mad/sdk/native/sdk-core-v40-loader.appcache", source: https://googleads.g.doubleclick.net/mads/static/mad/sdk/native/sdk-core-v40-loader.html (7)
I/chromium(  720): [INFO:CONSOLE(7)] "Application Cache Checking event", source: https://googleads.g.doubleclick.net/mads/static/mad/sdk/native/sdk-core-v40-loader.html (7)
D/Localytics( 4329): Checking for push token... 1
D/CrowdControl( 4329): Extract data from 73ebbf1f-6d54-4944-bef3-a8c0b54838e4 for 4845
D/CrowdControl( 4329): GET http://ad.crwdcntrl.net/5/pe=y/c=4845/mid=73ebbf1f-6d54-4944-bef3-a8c0b54838e4
W/ViewRootImpl( 4329): Dropping event due to no window focus: KeyEvent { action=ACTION_DOWN, keyCode=KEYCODE_MENU, scanCode=0, metaState=0, flags=0x8, repeatCount=0, eventTime=389235, downTime=389235, deviceId=-1, source=0x101 }
I/Choreographer( 4329): Skipped 41 frames!  The application may be doing too much work on its main thread.
W/ContextImpl(  479): Calling a method in the system process without a qualified user: android.app.ContextImpl.sendBroadcast:1123 com.android.server.InputMethodManagerService.hideCurrentInputLocked:1880 com.android.server.InputMethodManagerService.windowGainedFocus:1968 com.android.internal.view.IInputMethodManager$Stub.onTransact:221 com.android.server.InputMethodManagerService.onTransact:818 
I/ActivityManager(  479): Displayed com.dictionary/.FavoritesActivity: +888ms
D/DynamitePackage( 4329): Instantiating com.google.android.gms.ads.ChimeraAdManagerCreatorImpl
D/dalvikvm( 4329): GC_FOR_ALLOC freed 784K, 26% free 12136K/16288K, paused 15ms, total 15ms
I/dalvikvm-heap( 4329): Grow heap (frag case) to 13.338MB for 1498188-byte allocation
D/dalvikvm( 4329): GC_FOR_ALLOC freed 3K, 24% free 13595K/17752K, paused 10ms, total 10ms
I/Ads     ( 4329): Starting ad request.
I/Ads     ( 4329): Use AdRequest.Builder.addTestDevice("A8F049FC454E72BFB6EA60EE2500BB55") to get test ads on this device.
D/dalvikvm( 4329): GC_FOR_ALLOC freed 1686K, 25% free 13389K/17752K, paused 21ms, total 21ms
D/dalvikvm( 4329): GC_FOR_ALLOC freed 102K, 17% free 14804K/17752K, paused 5ms, total 8ms
I/dalvikvm-heap( 4329): Grow heap (frag case) to 15.781MB for 1326828-byte allocation
D/dalvikvm( 4329): GC_FOR_ALLOC freed <1K, 16% free 16099K/19048K, paused 10ms, total 10ms
W/Herrevad(  720): [280] rqj.a: On wifi, but couldn't get security type
I/chromium(  720): [INFO:CONSOLE(0)] "Application Cache NoUpdate event", source: https://googleads.g.doubleclick.net/mads/static/mad/sdk/native/sdk-core-v40-loader.html (0)
W/DebugConnManager(  720): getNetworkInfo() on networkType 0
I/System.out( 4329): body:<com.nostra13.universalimageloader.core.download.BaseImageDownloader: java.net.HttpURLConnection createConnection(java.lang.String,java.lang.Object)>	sig:specialinvoke $r3.<java.net.URL: void <init>(java.lang.String)>($r1)	timediff:0
I/System.out( 4329): body:<com.nostra13.universalimageloader.core.download.BaseImageDownloader: java.net.HttpURLConnection createConnection(java.lang.String,java.lang.Object)>	sig:specialinvoke $r3.<java.net.URL: void <init>(java.lang.String)>($r1)	timediff:0
I/System.out( 4329): <com.nostra13.universalimageloader.core.download.BaseImageDownloader: java.net.HttpURLConnection createConnection(java.lang.String,java.lang.Object)>###specialinvoke $r3.<java.net.URL: void <init>(java.lang.String)>($r1)###http://wordpress-blog-assets-production.s3.amazonaws.com/e/wp-content/uploads/2018/04/misogyny_sexism3.jpg%22%20class=%22attachment-large%20size-large%22%20alt=%22%22%20srcset=%22http://wordpress-blog-assets-production.s3.amazonaws.com/e/wp-content/uploads/2018/04/misogyny_sexism3.jpg%20800w,%20http://wordpress-blog-assets-production.s3.amazonaws.com/e/wp-content/uploads/2018/04/misogyny_sexism3-150x150.jpg%20150w,%20http://wordpress-blog-assets-production.s3.amazonaws.com/e/wp-content/uploads/2018/04/misogyny_sexism3-300x300.jpg%20300w,%20http://wordpress-blog-assets-production.s3.amazonaws.com/e/wp-content/uploads/2018/04/misogyny_sexism3-768x768.jpg%20768w,%20http://wordpress-blog-assets-production.s3.amazonaws.com/e/wp-content/uploads/2018/04/misogyny_sexism3-380x380.jpg%20380w,%20http://wordpress-blog-assets-production.s3.amazonaws.com/e/wp-content/uploads/2018/04/misogyny_sexism3-500x500.jpg
I/System.out( 4329): body:<com.nostra13.universalimageloader.core.download.BaseImageDownloader: java.net.HttpURLConnection createConnection(java.lang.String,java.lang.Object)>	sig:$r4 = virtualinvoke $r3.<java.net.URL: java.net.URLConnection openConnection()>()	timediff:0
I/System.out( 4329): body:<com.nostra13.universalimageloader.core.download.BaseImageDownloader: java.net.HttpURLConnection createConnection(java.lang.String,java.lang.Object)>	sig:virtualinvoke $r5.<java.net.HttpURLConnection: void setConnectTimeout(int)>($i0)	timediff:0
I/System.out( 4329): body:<com.nostra13.universalimageloader.core.download.BaseImageDownloader: java.net.HttpURLConnection createConnection(java.lang.String,java.lang.Object)>	sig:virtualinvoke $r5.<java.net.HttpURLConnection: void setReadTimeout(int)>($i0)	timediff:0
I/System.out( 4329): <com.nostra13.universalimageloader.core.download.BaseImageDownloader: java.net.HttpURLConnection createConnection(java.lang.String,java.lang.Object)>###specialinvoke $r3.<java.net.URL: void <init>(java.lang.String)>($r1)###http://static.sfdict.com/sizedimage/sizedimage?width=160&height=110&url=http://static.sfdict.com/assets/2029-3056181-28.jpg
I/System.out( 4329): body:<com.nostra13.universalimageloader.core.download.BaseImageDownloader: java.net.HttpURLConnection createConnection(java.lang.String,java.lang.Object)>	sig:$r4 = virtualinvoke $r3.<java.net.URL: java.net.URLConnection openConnection()>()	timediff:0
I/System.out( 4329): body:<com.nostra13.universalimageloader.core.download.BaseImageDownloader: java.net.HttpURLConnection createConnection(java.lang.String,java.lang.Object)>	sig:virtualinvoke $r5.<java.net.HttpURLConnection: void setConnectTimeout(int)>($i0)	timediff:0
I/System.out( 4329): body:<com.nostra13.universalimageloader.core.download.BaseImageDownloader: java.net.HttpURLConnection createConnection(java.lang.String,java.lang.Object)>	sig:virtualinvoke $r5.<java.net.HttpURLConnection: void setReadTimeout(int)>($i0)	timediff:0
I/System.out( 4329): body:<com.nostra13.universalimageloader.core.download.BaseImageDownloader: java.io.InputStream getStreamFromNetwork(java.lang.String,java.lang.Object)>	sig:$i1 = virtualinvoke $r3.<java.net.HttpURLConnection: int getResponseCode()>()	timediff:7
I/System.out( 4329): body:<com.nostra13.universalimageloader.core.download.BaseImageDownloader: java.io.InputStream getStreamFromNetwork(java.lang.String,java.lang.Object)>	sig:$r5 = virtualinvoke $r3.<java.net.HttpURLConnection: java.io.InputStream getInputStream()>()	timediff:0
I/System.out( 4329): body:<empirical.HelperClass: void printURLInfo(java.lang.String,java.lang.String,java.net.URLConnection)>	sig:$r0 = virtualinvoke urlConnection.<java.net.URLConnection: java.net.URL getURL()>()	timediff:0
I/System.out( 4329): body:<empirical.HelperClass: void printURLInfo(java.lang.String,java.lang.String,java.net.URLConnection)>	sig:urlString = virtualinvoke $r0.<java.net.URL: java.lang.String toString()>()	timediff:0
I/System.out( 4329): body:<empirical.HelperClass: void printURLInfo(java.lang.String,java.lang.String,java.net.URLConnection)>	sig:isDoOutput = virtualinvoke urlConnection.<java.net.URLConnection: boolean getDoOutput()>()	timediff:0
I/System.out( 4329): body:<empirical.HelperClass: java.lang.String getHeaderField(java.net.URLConnection,java.lang.String)>	sig:data = virtualinvoke conn.<java.net.URLConnection: java.lang.String getHeaderField(java.lang.String)>(field)	timediff:0
I/System.out( 4329): body:<empirical.HelperClass: java.lang.String getHeaderField(java.net.URLConnection,java.lang.String)>	sig:data = virtualinvoke conn.<java.net.URLConnection: java.lang.String getHeaderField(java.lang.String)>(field)	timediff:0
I/System.out( 4329): body:<empirical.HelperClass: java.lang.String getHeaderField(java.net.URLConnection,java.lang.String)>	sig:data = virtualinvoke conn.<java.net.URLConnection: java.lang.String getHeaderField(java.lang.String)>(field)	timediff:0
I/System.out( 4329): body:<empirical.HelperClass: java.lang.String getHeaderField(java.net.URLConnection,java.lang.String)>	sig:data = virtualinvoke conn.<java.net.URLConnection: java.lang.String getHeaderField(java.lang.String)>(field)	timediff:0
I/System.out( 4329): body:<empirical.HelperClass: java.lang.String getHeaderField(java.net.URLConnection,java.lang.String)>	sig:data = virtualinvoke conn.<java.net.URLConnection: java.lang.String getHeaderField(java.lang.String)>(field)	timediff:0
