W/System.err( 4329): 	at android.os.Handler.dispatchMessage(Handler.java:102)
W/System.err( 4329): 	at android.os.Looper.loop(Looper.java:136)
W/System.err( 4329): 	at android.app.ActivityThread.main(ActivityThread.java:5019)
W/System.err( 4329): 	at java.lang.reflect.Method.invokeNative(Native Method)
W/System.err( 4329): 	at java.lang.reflect.Method.invoke(Method.java:515)
W/System.err( 4329): 	at com.android.internal.os.ZygoteInit$MethodAndArgsCaller.run(ZygoteInit.java:779)
W/System.err( 4329): 	at com.android.internal.os.ZygoteInit.main(ZygoteInit.java:595)
W/System.err( 4329): 	at dalvik.system.NativeStart.main(Native Method)
W/System.err( 4329): java.lang.NullPointerException
W/System.err( 4329): 	at com.dictionary.Utility.updateWidget(Utility.java:2196)
W/System.err( 4329): 	at com.dictionary.fragment.WordOfTheDayDetailFragment$FetchWord.onPostExecute(WordOfTheDayDetailFragment.java:463)
W/System.err( 4329): 	at android.os.AsyncTask.finish(AsyncTask.java:632)
W/System.err( 4329): 	at android.os.AsyncTask.access$600(AsyncTask.java:177)
W/System.err( 4329): 	at android.os.AsyncTask$InternalHandler.handleMessage(AsyncTask.java:645)
D/dalvikvm( 4329): GC_CONCURRENT freed 4627K, 38% free 12884K/20584K, paused 2ms+4ms, total 20ms
D/dalvikvm( 4329): WAIT_FOR_CONCURRENT_GC blocked 3ms
W/System.err( 4329): 	at android.os.Handler.dispatchMessage(Handler.java:102)
W/System.err( 4329): 	at android.os.Looper.loop(Looper.java:136)
W/System.err( 4329): 	at android.app.ActivityThread.main(ActivityThread.java:5019)
W/System.err( 4329): 	at java.lang.reflect.Method.invokeNative(Native Method)
W/System.err( 4329): 	at java.lang.reflect.Method.invoke(Method.java:515)
W/System.err( 4329): 	at com.android.internal.os.ZygoteInit$MethodAndArgsCaller.run(ZygoteInit.java:779)
W/System.err( 4329): 	at com.android.internal.os.ZygoteInit.main(ZygoteInit.java:595)
W/System.err( 4329): 	at dalvik.system.NativeStart.main(Native Method)
W/System.err( 4329): java.lang.NullPointerException
W/System.err( 4329): 	at com.dictionary.fragment.WordOfTheDayDetailFragment$FetchWord.onPostExecute(WordOfTheDayDetailFragment.java:468)
W/System.err( 4329): 	at android.os.AsyncTask.finish(AsyncTask.java:632)
W/System.err( 4329): 	at android.os.AsyncTask.access$600(AsyncTask.java:177)
W/System.err( 4329): 	at android.os.AsyncTask$InternalHandler.handleMessage(AsyncTask.java:645)
W/System.err( 4329): 	at android.os.Handler.dispatchMessage(Handler.java:102)
W/System.err( 4329): 	at android.os.Looper.loop(Looper.java:136)
W/System.err( 4329): 	at android.app.ActivityThread.main(ActivityThread.java:5019)
W/System.err( 4329): 	at java.lang.reflect.Method.invokeNative(Native Method)
W/System.err( 4329): 	at java.lang.reflect.Method.invoke(Method.java:515)
W/System.err( 4329): 	at com.android.internal.os.ZygoteInit$MethodAndArgsCaller.run(ZygoteInit.java:779)
W/System.err( 4329): 	at com.android.internal.os.ZygoteInit.main(ZygoteInit.java:595)
W/System.err( 4329): 	at dalvik.system.NativeStart.main(Native Method)
I/ActivityManager(  479): START u0 {act=android.intent.action.MAIN cat=[android.intent.category.LAUNCHER] flg=0x10200000 cmp=com.dictionary/.Splash} from pid 4319
D/dalvikvm( 4329): WAIT_FOR_CONCURRENT_GC blocked 17ms
D/CrowdControl( 4329): Extract data from 73ebbf1f-6d54-4944-bef3-a8c0b54838e4 for 4845
I/System.out( 4329): body:<com.nostra13.universalimageloader.core.download.BaseImageDownloader: java.net.HttpURLConnection createConnection(java.lang.String,java.lang.Object)>	sig:specialinvoke $r3.<java.net.URL: void <init>(java.lang.String)>($r1)	timediff:0
I/System.out( 4329): <com.nostra13.universalimageloader.core.download.BaseImageDownloader: java.net.HttpURLConnection createConnection(java.lang.String,java.lang.Object)>###specialinvoke $r3.<java.net.URL: void <init>(java.lang.String)>($r1)###http://wordpress-blog-assets-production.s3.amazonaws.com/e/wp-content/uploads/2018/04/misogyny_sexism3.jpg%22%20class=%22attachment-large%20size-large%22%20alt=%22%22%20srcset=%22http://wordpress-blog-assets-production.s3.amazonaws.com/e/wp-content/uploads/2018/04/misogyny_sexism3.jpg%20800w,%20http://wordpress-blog-assets-production.s3.amazonaws.com/e/wp-content/uploads/2018/04/misogyny_sexism3-150x150.jpg%20150w,%20http://wordpress-blog-assets-production.s3.amazonaws.com/e/wp-content/uploads/2018/04/misogyny_sexism3-300x300.jpg%20300w,%20http://wordpress-blog-assets-production.s3.amazonaws.com/e/wp-content/uploads/2018/04/misogyny_sexism3-768x768.jpg%20768w,%20http://wordpress-blog-assets-production.s3.amazonaws.com/e/wp-content/uploads/2018/04/misogyny_sexism3-380x380.jpg%20380w,%20http://wordpress-blog-assets-production.s3.amazonaws.com/e/wp-content/uploads/2018/04/misogyny_sexism3-500x500.jpg
I/System.out( 4329): body:<com.nostra13.universalimageloader.core.download.BaseImageDownloader: java.net.HttpURLConnection createConnection(java.lang.String,java.lang.Object)>	sig:$r4 = virtualinvoke $r3.<java.net.URL: java.net.URLConnection openConnection()>()	timediff:1
I/System.out( 4329): body:<com.nostra13.universalimageloader.core.download.BaseImageDownloader: java.net.HttpURLConnection createConnection(java.lang.String,java.lang.Object)>	sig:virtualinvoke $r5.<java.net.HttpURLConnection: void setConnectTimeout(int)>($i0)	timediff:0
I/System.out( 4329): body:<com.nostra13.universalimageloader.core.download.BaseImageDownloader: java.net.HttpURLConnection createConnection(java.lang.String,java.lang.Object)>	sig:virtualinvoke $r5.<java.net.HttpURLConnection: void setReadTimeout(int)>($i0)	timediff:0
D/dalvikvm( 4329): GC_CONCURRENT freed 2200K, 33% free 13995K/20584K, paused 2ms+2ms, total 22ms
D/CrowdControl( 4329): GET http://ad.crwdcntrl.net/5/pe=y/c=4845/mid=73ebbf1f-6d54-4944-bef3-a8c0b54838e4
I/System.out( 4329): body:<io.fabric.sdk.android.services.network.HttpRequest: int code()>	sig:$i0 = virtualinvoke $r2.<java.net.HttpURLConnection: int getResponseCode()>()	timediff:164
I/System.out( 4329): body:<com.lotame.android.CrowdControl: void append(java.lang.StringBuilder,com.lotame.android.AtomParameter)>	sig:$r5 = staticinvoke <java.net.URLEncoder: java.lang.String encode(java.lang.String,java.lang.String)>($r5, "UTF-8")	timediff:0
I/System.out( 4329): body:<com.lotame.android.CrowdControl: void append(java.lang.StringBuilder,com.lotame.android.AtomParameter)>	sig:$r5 = staticinvoke <java.net.URLEncoder: java.lang.String encode(java.lang.String,java.lang.String)>($r5, "UTF-8")	timediff:0
I/System.out( 4329): body:<com.lotame.android.CrowdControl: void append(java.lang.StringBuilder,com.lotame.android.AtomParameter)>	sig:$r5 = staticinvoke <java.net.URLEncoder: java.lang.String encode(java.lang.String,java.lang.String)>($r5, "UTF-8")	timediff:0
D/CrowdControl( 4329): Attempt GET from http://bcp.crwdcntrl.net/5/c=4845/mid=73ebbf1f-6d54-4944-bef3-a8c0b54838e4/dt=GAID/sdk=2.0/e=app/rand=570901279/int=screenName+%3A+wotd/int=screenName+%3A+wotd/
D/CrowdControl( 4329): GET: http://bcp.crwdcntrl.net/5/c=4845/mid=73ebbf1f-6d54-4944-bef3-a8c0b54838e4/dt=GAID/sdk=2.0/e=app/rand=570901279/int=screenName+%3A+wotd/int=screenName+%3A+wotd/
I/System.out( 4329): body:<com.nostra13.universalimageloader.core.download.BaseImageDownloader: java.io.InputStream getStreamFromNetwork(java.lang.String,java.lang.Object)>	sig:$i1 = virtualinvoke $r3.<java.net.HttpURLConnection: int getResponseCode()>()	timediff:95
I/System.out( 4329): body:<com.nostra13.universalimageloader.core.download.BaseImageDownloader: java.io.InputStream getStreamFromNetwork(java.lang.String,java.lang.Object)>	sig:$r5 = virtualinvoke $r3.<java.net.HttpURLConnection: java.io.InputStream getErrorStream()>()	timediff:0
E/ImageLoader( 4329): http://wordpress-blog-assets-production.s3.amazonaws.com/e/wp-content/uploads/2018/04/misogyny_sexism3.jpg%22%20class=%22attachment-large%20size-large%22%20alt=%22%22%20srcset=%22http://wordpress-blog-assets-production.s3.amazonaws.com/e/wp-content/uploads/2018/04/misogyny_sexism3.jpg%20800w,%20http://wordpress-blog-assets-production.s3.amazonaws.com/e/wp-content/uploads/2018/04/misogyny_sexism3-150x150.jpg%20150w,%20http://wordpress-blog-assets-production.s3.amazonaws.com/e/wp-content/uploads/2018/04/misogyny_sexism3-300x300.jpg%20300w,%20http://wordpress-blog-assets-production.s3.amazonaws.com/e/wp-content/uploads/2018/04/misogyny_sexism3-768x768.jpg%20768w,%20http://wordpress-blog-assets-production.s3.amazonaws.com/e/wp-content/uploads/2018/04/misogyny_sexism3-380x380.jpg%20380w,%20http://wordpress-blog-assets-production.s3.amazonaws.com/e/wp-content/uploads/2018/04/misogyny_sexism3-500x500.jpg
E/ImageLoader( 4329): java.io.FileNotFoundException: http://wordpress-blog-assets-production.s3.amazonaws.com/e/wp-content/uploads/2018/04/misogyny_sexism3.jpg%22%20class=%22attachment-large%20size-large%22%20alt=%22%22%20srcset=%22http://wordpress-blog-assets-production.s3.amazonaws.com/e/wp-content/uploads/2018/04/misogyny_sexism3.jpg%20800w,%20http://wordpress-blog-assets-production.s3.amazonaws.com/e/wp-content/uploads/2018/04/misogyny_sexism3-150x150.jpg%20150w,%20http://wordpress-blog-assets-production.s3.amazonaws.com/e/wp-content/uploads/2018/04/misogyny_sexism3-300x300.jpg%20300w,%20http://wordpress-blog-assets-production.s3.amazonaws.com/e/wp-content/uploads/2018/04/misogyny_sexism3-768x768.jpg%20768w,%20http://wordpress-blog-assets-production.s3.amazonaws.com/e/wp-content/uploads/2018/04/misogyny_sexism3-380x380.jpg%20380w,%20http://wordpress-blog-assets-production.s3.amazonaws.com/e/wp-content/uploads/2018/04/misogyny_sexism3-500x500.jpg
E/ImageLoader( 4329): 	at com.android.okhttp.internal.http.HttpURLConnectionImpl.getInputStream(HttpURLConnectionImpl.java:186)
E/ImageLoader( 4329): 	at com.nostra13.universalimageloader.core.download.BaseImageDownloader.getStreamFromNetwork(BaseImageDownloader.java:122)
E/ImageLoader( 4329): 	at com.nostra13.universalimageloader.core.download.BaseImageDownloader.getStream(BaseImageDownloader.java:86)
E/ImageLoader( 4329): 	at com.nostra13.universalimageloader.core.LoadAndDisplayImageTask.downloadImage(LoadAndDisplayImageTask.java:290)
E/ImageLoader( 4329): 	at com.nostra13.universalimageloader.core.LoadAndDisplayImageTask.tryCacheImageOnDisk(LoadAndDisplayImageTask.java:273)
E/ImageLoader( 4329): 	at com.nostra13.universalimageloader.core.LoadAndDisplayImageTask.tryLoadBitmap(LoadAndDisplayImageTask.java:229)
E/ImageLoader( 4329): 	at com.nostra13.universalimageloader.core.LoadAndDisplayImageTask.run(LoadAndDisplayImageTask.java:135)
E/ImageLoader( 4329): 	at java.util.concurrent.ThreadPoolExecutor.runWorker(ThreadPoolExecutor.java:1112)
E/ImageLoader( 4329): 	at java.util.concurrent.ThreadPoolExecutor$Worker.run(ThreadPoolExecutor.java:587)
E/ImageLoader( 4329): 	at java.lang.Thread.run(Thread.java:841)
I/System.out( 4329): body:<com.nostra13.universalimageloader.core.download.BaseImageDownloader: java.net.HttpURLConnection createConnection(java.lang.String,java.lang.Object)>	sig:specialinvoke $r3.<java.net.URL: void <init>(java.lang.String)>($r1)	timediff:1
I/System.out( 4329): <com.nostra13.universalimageloader.core.download.BaseImageDownloader: java.net.HttpURLConnection createConnection(java.lang.String,java.lang.Object)>###specialinvoke $r3.<java.net.URL: void <init>(java.lang.String)>($r1)###http://wordpress-blog-assets-production.s3.amazonaws.com/e/wp-content/uploads/2018/04/misogyny_sexism3.jpg%22%20class=%22attachment-large%20size-large%22%20alt=%22%22%20srcset=%22http://wordpress-blog-assets-production.s3.amazonaws.com/e/wp-content/uploads/2018/04/misogyny_sexism3.jpg%20800w,%20http://wordpress-blog-assets-production.s3.amazonaws.com/e/wp-content/uploads/2018/04/misogyny_sexism3-150x150.jpg%20150w,%20http://wordpress-blog-assets-production.s3.amazonaws.com/e/wp-content/uploads/2018/04/misogyny_sexism3-300x300.jpg%20300w,%20http://wordpress-blog-assets-production.s3.amazonaws.com/e/wp-content/uploads/2018/04/misogyny_sexism3-768x768.jpg%20768w,%20http://wordpress-blog-assets-production.s3.amazonaws.com/e/wp-content/uploads/2018/04/misogyny_sexism3-380x380.jpg%20380w,%20http://wordpress-blog-assets-production.s3.amazonaws.com/e/wp-content/uploads/2018/04/misogyny_sexism3-500x500.jpg
I/System.out( 4329): body:<com.nostra13.universalimageloader.core.download.BaseImageDownloader: java.net.HttpURLConnection createConnection(java.lang.String,java.lang.Object)>	sig:$r4 = virtualinvoke $r3.<java.net.URL: java.net.URLConnection openConnection()>()	timediff:0
I/System.out( 4329): body:<com.nostra13.universalimageloader.core.download.BaseImageDownloader: java.net.HttpURLConnection createConnection(java.lang.String,java.lang.Object)>	sig:virtualinvoke $r5.<java.net.HttpURLConnection: void setConnectTimeout(int)>($i0)	timediff:0
I/System.out( 4329): body:<com.nostra13.universalimageloader.core.download.BaseImageDownloader: java.net.HttpURLConnection createConnection(java.lang.String,java.lang.Object)>	sig:virtualinvoke $r5.<java.net.HttpURLConnection: void setReadTimeout(int)>($i0)	timediff:0
D/Localytics( 4329): Checking for push token... 3
I/System.out( 4329): body:<com.nostra13.universalimageloader.core.download.BaseImageDownloader: java.io.InputStream getStreamFromNetwork(java.lang.String,java.lang.Object)>	sig:$i1 = virtualinvoke $r3.<java.net.HttpURLConnection: int getResponseCode()>()	timediff:97
I/System.out( 4329): body:<com.nostra13.universalimageloader.core.download.BaseImageDownloader: java.io.InputStream getStreamFromNetwork(java.lang.String,java.lang.Object)>	sig:$r5 = virtualinvoke $r3.<java.net.HttpURLConnection: java.io.InputStream getErrorStream()>()	timediff:0
E/ImageLoader( 4329): http://wordpress-blog-assets-production.s3.amazonaws.com/e/wp-content/uploads/2018/04/misogyny_sexism3.jpg%22%20class=%22attachment-large%20size-large%22%20alt=%22%22%20srcset=%22http://wordpress-blog-assets-production.s3.amazonaws.com/e/wp-content/uploads/2018/04/misogyny_sexism3.jpg%20800w,%20http://wordpress-blog-assets-production.s3.amazonaws.com/e/wp-content/uploads/2018/04/misogyny_sexism3-150x150.jpg%20150w,%20http://wordpress-blog-assets-production.s3.amazonaws.com/e/wp-content/uploads/2018/04/misogyny_sexism3-300x300.jpg%20300w,%20http://wordpress-blog-assets-production.s3.amazonaws.com/e/wp-content/uploads/2018/04/misogyny_sexism3-768x768.jpg%20768w,%20http://wordpress-blog-assets-production.s3.amazonaws.com/e/wp-content/uploads/2018/04/misogyny_sexism3-380x380.jpg%20380w,%20http://wordpress-blog-assets-production.s3.amazonaws.com/e/wp-content/uploads/2018/04/misogyny_sexism3-500x500.jpg
E/ImageLoader( 4329): java.io.FileNotFoundException: http://wordpress-blog-assets-production.s3.amazonaws.com/e/wp-content/uploads/2018/04/misogyny_sexism3.jpg%22%20class=%22attachment-large%20size-large%22%20alt=%22%22%20srcset=%22http://wordpress-blog-assets-production.s3.amazonaws.com/e/wp-content/uploads/2018/04/misogyny_sexism3.jpg%20800w,%20http://wordpress-blog-assets-production.s3.amazonaws.com/e/wp-content/uploads/2018/04/misogyny_sexism3-150x150.jpg%20150w,%20http://wordpress-blog-assets-production.s3.amazonaws.com/e/wp-content/uploads/2018/04/misogyny_sexism3-300x300.jpg%20300w,%20http://wordpress-blog-assets-production.s3.amazonaws.com/e/wp-content/uploads/2018/04/misogyny_sexism3-768x768.jpg%20768w,%20http://wordpress-blog-assets-production.s3.amazonaws.com/e/wp-content/uploads/2018/04/misogyny_sexism3-380x380.jpg%20380w,%20http://wordpress-blog-assets-production.s3.amazonaws.com/e/wp-content/uploads/2018/04/misogyny_sexism3-500x500.jpg
E/ImageLoader( 4329): 	at com.android.okhttp.internal.http.HttpURLConnectionImpl.getInputStream(HttpURLConnectionImpl.java:186)
E/ImageLoader( 4329): 	at com.nostra13.universalimageloader.core.download.BaseImageDownloader.getStreamFromNetwork(BaseImageDownloader.java:122)
E/ImageLoader( 4329): 	at com.nostra13.universalimageloader.core.download.BaseImageDownloader.getStream(BaseImageDownloader.java:86)
E/ImageLoader( 4329): 	at com.nostra13.universalimageloader.core.decode.BaseImageDecoder.getImageStream(BaseImageDecoder.java:93)
E/ImageLoader( 4329): 	at com.nostra13.universalimageloader.core.decode.BaseImageDecoder.decode(BaseImageDecoder.java:73)
E/ImageLoader( 4329): 	at com.nostra13.universalimageloader.core.LoadAndDisplayImageTask.decodeImage(LoadAndDisplayImageTask.java:264)
E/ImageLoader( 4329): 	at com.nostra13.universalimageloader.core.LoadAndDisplayImageTask.tryLoadBitmap(LoadAndDisplayImageTask.java:237)
E/ImageLoader( 4329): 	at com.nostra13.universalimageloader.core.LoadAndDisplayImageTask.run(LoadAndDisplayImageTask.java:135)
E/ImageLoader( 4329): 	at java.util.concurrent.ThreadPoolExecutor.runWorker(ThreadPoolExecutor.java:1112)
E/ImageLoader( 4329): 	at java.util.concurrent.ThreadPoolExecutor$Worker.run(ThreadPoolExecutor.java:587)
E/ImageLoader( 4329): 	at java.lang.Thread.run(Thread.java:841)
I/ActivityManager(  479): START u0 {cmp=com.dictionary/.widget.SearchPanel (has extras)} from pid 4329
D/Test    ( 4329): onBackPressed / options selected: home
V/InputMethodService(  642): onEvaluateInputViewShown: config.hardKeyboardHidden = 2
V/InputMethodService(  642): onEvaluateInputViewShown: config.hardKeyboardHidden = 2
W/ContextImpl(  479): Calling a method in the system process without a qualified user: android.app.ContextImpl.sendBroadcast:1123 com.android.server.InputMethodManagerService.showCurrentInputLocked:1791 com.android.server.InputMethodManagerService.showMySoftInput:2319 com.android.internal.view.IInputMethodManager$Stub.onTransact:299 com.android.server.InputMethodManagerService.onTransact:818 
W/EGL_emulation( 4329): eglSurfaceAttrib not implemented 3093 12436
D/dalvikvm(  642): GC_FOR_ALLOC freed 869K, 38% free 3193K/5148K, paused 1ms, total 2ms
I/dalvikvm-heap(  642): Grow heap (frag case) to 4.008MB for 869772-byte allocation
D/dalvikvm(  642): GC_CONCURRENT freed <1K, 22% free 4042K/5148K, paused 2ms+2ms, total 7ms
W/EGL_emulation( 4329): eglSurfaceAttrib not implemented 3093 12436
W/ViewRootImpl( 4329): Dropping event due to no window focus: KeyEvent { action=ACTION_DOWN, keyCode=KEYCODE_BUTTON_7, scanCode=0, metaState=0, flags=0x8, repeatCount=0, eventTime=394014, downTime=394014, deviceId=-1, source=0x101 }
W/ViewRootImpl( 4329): Dropping event due to no window focus: KeyEvent { action=ACTION_DOWN, keyCode=KEYCODE_DPAD_CENTER, scanCode=0, metaState=0, flags=0x8, repeatCount=0, eventTime=394014, downTime=394014, deviceId=-1, source=0x101 }
W/ActivityManager(  479): Duplicate finish request for ActivityRecord{4a9f3058 u0 com.dictionary/.widget.SearchPanel t11 f}
W/ContextImpl(  479): Calling a method in the system process without a qualified user: android.app.ContextImpl.sendBroadcast:1123 com.android.server.InputMethodManagerService.showCurrentInputLocked:1791 com.android.server.InputMethodManagerService.attachNewInputLocked:1095 com.android.server.InputMethodManagerService.startInputUncheckedLocked:1166 com.android.server.InputMethodManagerService.windowGainedFocus:2017 
W/ContextImpl(  479): Calling a method in the system process without a qualified user: android.app.ContextImpl.sendBroadcast:1123 com.android.server.InputMethodManagerService.showCurrentInputLocked:1791 com.android.server.InputMethodManagerService.windowGainedFocus:2021 com.android.internal.view.IInputMethodManager$Stub.onTransact:221 com.android.server.InputMethodManagerService.onTransact:818 
W/ViewRootImpl( 4329): Dropping event due to no window focus: KeyEvent { action=ACTION_DOWN, keyCode=KEYCODE_DPAD_RIGHT, scanCode=0, metaState=0, flags=0x8, repeatCount=0, eventTime=394056, downTime=394056, deviceId=-1, source=0x101 }
W/ActivityManager(  479): Duplicate finish request for ActivityRecord{4a9f3058 u0 com.dictionary/.widget.SearchPanel t11 f}
W/ContextImpl(  479): Calling a method in the system process without a qualified user: android.app.ContextImpl.sendBroadcast:1123 com.android.server.InputMethodManagerService.hideCurrentInputLocked:1880 com.android.server.InputMethodManagerService.hideSoftInput:1843 com.android.internal.view.IInputMethodManager$Stub.onTransact:194 com.android.server.InputMethodManagerService.onTransact:818 
W/ViewRootImpl( 4329): Dropping event due to no window focus: KeyEvent { action=ACTION_DOWN, keyCode=KEYCODE_DPAD_UP, scanCode=0, metaState=0, flags=0x8, repeatCount=0, eventTime=394309, downTime=394309, deviceId=-1, source=0x101 }
I/ActivityManager(  479): START u0 {act=android.intent.action.MAIN cat=[android.intent.category.LAUNCHER] flg=0x10200000 cmp=com.dictionary/.Splash} from pid 4319
D/CrowdControl( 4329): adds type:int and value:screenName : wotd
D/Test    ( 4329): onResume, data: null
D/Daisy   ( 4329): Logging page view from BasePageFragment: appHome
I/ActivityManager(  479): START u0 {act=android.intent.action.MAIN cat=[android.intent.category.HOME] flg=0x10200000 cmp=com.vphone.launcher/.Launcher} from pid 479
D/Localytics( 4329): tagScreen: appHome
D/Localytics( 4329): Page change: favouritesView -> appHome
D/Localytics( 4329): triggerInAppMessage: screen7
W/Daisy   ( 4329): PageName: appHome contentTitle:  Value: 7
D/Daisy   ( 4329): Log impression: impression2 pageName: appHome linkId: 4zc6hk
D/Localytics( 4329): last major previous page: favouritesView
W/IInputConnectionWrapper( 4329): getCursorCapsMode on inactive InputConnection
W/ContextImpl(  479): Calling a method in the system process without a qualified user: android.app.ContextImpl.sendBroadcast:1123 com.android.server.InputMethodManagerService.hideCurrentInputLocked:1880 com.android.server.InputMethodManagerService.windowGainedFocus:1968 com.android.internal.view.IInputMethodManager$Stub.onTransact:221 com.android.server.InputMethodManagerService.onTransact:818 
V/InputMethodService(  642): onEvaluateInputViewShown: config.hardKeyboardHidden = 2
V/InputMethodService(  642): onEvaluateInputViewShown: config.hardKeyboardHidden = 2
V/InputMethodService(  642): onEvaluateInputViewShown: config.hardKeyboardHidden = 2
V/InputMethodService(  642): onEvaluateInputViewShown: config.hardKeyboardHidden = 2
W/View    ( 4329): requestLayout() improperly called by android.widget.ImageView{4aae98d0 V.ED.... ......I. 0,0-720,637 #7f0f00a8 app:id/wotd_title_image} during layout: running second layout pass
D/dalvikvm( 4329): GC_FOR_ALLOC freed 3690K, 33% free 13889K/20584K, paused 14ms, total 15ms
I/System.out( 4329): dcomAndroidFreeV522_alertdcomAndroidFreeV522_addOnLargedcomAndroidFreeV522_theStripdcomAndroidFreeV522_slideshowGallerydcomAndroidFreeV522_iapPurchaseSwitchdcomAndroidFreeV522_iapGallerybody:<com.nostra13.universalimageloader.core.download.BaseImageDownloader: java.net.HttpURLConnection createConnection(java.lang.String,java.lang.Object)>	sig:specialinvoke $r3.<java.net.URL: void <init>(java.lang.String)>($r1)	timediff:0
I/System.out( 4329): <com.nostra13.universalimageloader.core.download.BaseImageDownloader: java.net.HttpURLConnection createConnection(java.lang.String,java.lang.Object)>###specialinvoke $r3.<java.net.URL: void <init>(java.lang.String)>($r1)###http://wordpress-blog-assets-production.s3.amazonaws.com/e/wp-content/uploads/2018/04/misogyny_sexism3.jpg%22%20class=%22attachment-large%20size-large%22%20alt=%22%22%20srcset=%22http://wordpress-blog-assets-production.s3.amazonaws.com/e/wp-content/uploads/2018/04/misogyny_sexism3.jpg%20800w,%20http://wordpress-blog-assets-production.s3.amazonaws.com/e/wp-content/uploads/2018/04/misogyny_sexism3-150x150.jpg%20150w,%20http://wordpress-blog-assets-production.s3.amazonaws.com/e/wp-content/uploads/2018/04/misogyny_sexism3-300x300.jpg%20300w,%20http://wordpress-blog-assets-production.s3.amazonaws.com/e/wp-content/uploads/2018/04/misogyny_sexism3-768x768.jpg%20768w,%20http://wordpress-blog-assets-production.s3.amazonaws.com/e/wp-content/uploads/2018/04/misogyny_sexism3-380x380.jpg%20380w,%20http://wordpress-blog-assets-production.s3.amazonaws.com/e/wp-content/uploads/2018/04/misogyny_sexism3-500x500.jpg
I/System.out( 4329): body:<com.nostra13.universalimageloader.core.download.BaseImageDownloader: java.net.HttpURLConnection createConnection(java.lang.String,java.lang.Object)>	sig:$r4 = virtualinvoke $r3.<java.net.URL: java.net.URLConnection openConnection()>()	timediff:0
I/System.out( 4329): body:<com.nostra13.universalimageloader.core.download.BaseImageDownloader: java.net.HttpURLConnection createConnection(java.lang.String,java.lang.Object)>	sig:virtualinvoke $r5.<java.net.HttpURLConnection: void setConnectTimeout(int)>($i0)	timediff:0
I/System.out( 4329): body:<com.nostra13.universalimageloader.core.download.BaseImageDownloader: java.net.HttpURLConnection createConnection(java.lang.String,java.lang.Object)>	sig:virtualinvoke $r5.<java.net.HttpURLConnection: void setReadTimeout(int)>($i0)	timediff:0
D/CrowdControl( 4329): Extract data from 73ebbf1f-6d54-4944-bef3-a8c0b54838e4 for 4845
D/CrowdControl( 4329): GET http://ad.crwdcntrl.net/5/pe=y/c=4845/mid=73ebbf1f-6d54-4944-bef3-a8c0b54838e4
W/System.err( 4329): java.lang.NullPointerException
W/System.err( 4329): 	at android.view.animation.AnimationUtils.loadAnimation(AnimationUtils.java:71)
W/System.err( 4329): 	at com.dictionary.fragment.BaseFragment.showContentOrLoadingIndicator(BaseFragment.java:63)
W/System.err( 4329): 	at com.dictionary.fragment.BaseFragment.setProcessingBox(BaseFragment.java:45)
W/System.err( 4329): 	at com.dictionary.fragment.RecentBaseFragment$FetchFavorite.onPostExecute(RecentBaseFragment.java:189)
W/System.err( 4329): 	at com.dictionary.fragment.RecentBaseFragment$FetchFavorite.onPostExecute(RecentBaseFragment.java:155)
W/System.err( 4329): 	at android.os.AsyncTask.finish(AsyncTask.java:632)
W/System.err( 4329): 	at android.os.AsyncTask.access$600(AsyncTask.java:177)
W/System.err( 4329): 	at android.os.AsyncTask$InternalHandler.handleMessage(AsyncTask.java:645)
W/System.err( 4329): 	at android.os.Handler.dispatchMessage(Handler.java:102)
W/System.err( 4329): 	at android.os.Looper.loop(Looper.java:136)
W/System.err( 4329): 	at android.app.ActivityThread.main(ActivityThread.java:5019)
W/System.err( 4329): 	at java.lang.reflect.Method.invokeNative(Native Method)
W/System.err( 4329): 	at java.lang.reflect.Method.invoke(Method.java:515)
W/System.err( 4329): 	at com.android.internal.os.ZygoteInit$MethodAndArgsCaller.run(ZygoteInit.java:779)
W/System.err( 4329): 	at com.android.internal.os.ZygoteInit.main(ZygoteInit.java:595)
W/System.err( 4329): 	at dalvik.system.NativeStart.main(Native Method)
W/System.err( 4329): java.lang.NullPointerException
W/System.err( 4329): 	at android.view.animation.AnimationUtils.loadAnimation(AnimationUtils.java:71)
W/System.err( 4329): 	at com.dictionary.fragment.BaseFragment.showContentOrLoadingIndicator(BaseFragment.java:63)
W/System.err( 4329): 	at com.dictionary.fragment.BaseFragment.setProcessingBox(BaseFragment.java:45)
W/System.err( 4329): 	at com.dictionary.fragment.RecentBaseFragment$FetchFavorite.onPostExecute(RecentBaseFragment.java:189)
W/System.err( 4329): 	at com.dictionary.fragment.RecentBaseFragment$FetchFavorite.onPostExecute(RecentBaseFragment.java:155)
W/System.err( 4329): 	at android.os.AsyncTask.finish(AsyncTask.java:632)
W/System.err( 4329): 	at android.os.AsyncTask.access$600(AsyncTask.java:177)
W/System.err( 4329): 	at android.os.AsyncTask$InternalHandler.handleMessage(AsyncTask.java:645)
W/System.err( 4329): 	at android.os.Handler.dispatchMessage(Handler.java:102)
W/System.err( 4329): 	at android.os.Looper.loop(Looper.java:136)
W/System.err( 4329): 	at android.app.ActivityThread.main(ActivityThread.java:5019)
W/System.err( 4329): 	at java.lang.reflect.Method.invokeNative(Native Method)
W/System.err( 4329): 	at java.lang.reflect.Method.invoke(Method.java:515)
W/System.err( 4329): 	at com.android.internal.os.ZygoteInit$MethodAndArgsCaller.run(ZygoteInit.java:779)
W/System.err( 4329): 	at com.android.internal.os.ZygoteInit.main(ZygoteInit.java:595)
W/System.err( 4329): 	at dalvik.system.NativeStart.main(Native Method)
I/ActivityManager(  479): START u0 {cmp=com.dictionary/.WordOfTheDayDetailActivity} from pid 4329
D/dalvikvm( 4329): GC_FOR_ALLOC freed 3683K, 40% free 12387K/20584K, paused 13ms, total 14ms
D/Daisy   ( 4329): PageName: appHome linkID: lkija0
I/System.out( 4329): body:<com.lotame.android.CrowdControl: void append(java.lang.StringBuilder,com.lotame.android.AtomParameter)>	sig:$r5 = staticinvoke <java.net.URLEncoder: java.lang.String encode(java.lang.String,java.lang.String)>($r5, "UTF-8")	timediff:0
I/System.out( 4329): body:<com.lotame.android.CrowdControl: void append(java.lang.StringBuilder,com.lotame.android.AtomParameter)>	sig:$r5 = staticinvoke <java.net.URLEncoder: java.lang.String encode(java.lang.String,java.lang.String)>($r5, "UTF-8")	timediff:0
D/CrowdControl( 4329): Attempt GET from http://bcp.crwdcntrl.net/5/c=4845/mid=73ebbf1f-6d54-4944-bef3-a8c0b54838e4/dt=GAID/sdk=2.0/e=app/rand=904181317/int=screenName+%3A+wotd/
D/dalvikvm( 4329): GC_CONCURRENT freed 1836K, 34% free 13643K/20584K, paused 7ms+2ms, total 19ms
D/CrowdControl( 4329): GET: http://bcp.crwdcntrl.net/5/c=4845/mid=73ebbf1f-6d54-4944-bef3-a8c0b54838e4/dt=GAID/sdk=2.0/e=app/rand=904181317/int=screenName+%3A+wotd/
I/System.out( 4329): body:<com.nostra13.universalimageloader.core.download.BaseImageDownloader: java.io.InputStream getStreamFromNetwork(java.lang.String,java.lang.Object)>	sig:$i1 = virtualinvoke $r3.<java.net.HttpURLConnection: int getResponseCode()>()	timediff:148
I/System.out( 4329): body:<com.nostra13.universalimageloader.core.download.BaseImageDownloader: java.io.InputStream getStreamFromNetwork(java.lang.String,java.lang.Object)>	sig:$r5 = virtualinvoke $r3.<java.net.HttpURLConnection: java.io.InputStream getErrorStream()>()	timediff:0
E/ImageLoader( 4329): http://wordpress-blog-assets-production.s3.amazonaws.com/e/wp-content/uploads/2018/04/misogyny_sexism3.jpg%22%20class=%22attachment-large%20size-large%22%20alt=%22%22%20srcset=%22http://wordpress-blog-assets-production.s3.amazonaws.com/e/wp-content/uploads/2018/04/misogyny_sexism3.jpg%20800w,%20http://wordpress-blog-assets-production.s3.amazonaws.com/e/wp-content/uploads/2018/04/misogyny_sexism3-150x150.jpg%20150w,%20http://wordpress-blog-assets-production.s3.amazonaws.com/e/wp-content/uploads/2018/04/misogyny_sexism3-300x300.jpg%20300w,%20http://wordpress-blog-assets-production.s3.amazonaws.com/e/wp-content/uploads/2018/04/misogyny_sexism3-768x768.jpg%20768w,%20http://wordpress-blog-assets-production.s3.amazonaws.com/e/wp-content/uploads/2018/04/misogyny_sexism3-380x380.jpg%20380w,%20http://wordpress-blog-assets-production.s3.amazonaws.com/e/wp-content/uploads/2018/04/misogyny_sexism3-500x500.jpg
E/ImageLoader( 4329): java.io.FileNotFoundException: http://wordpress-blog-assets-production.s3.amazonaws.com/e/wp-content/uploads/2018/04/misogyny_sexism3.jpg%22%20class=%22attachment-large%20size-large%22%20alt=%22%22%20srcset=%22http://wordpress-blog-assets-production.s3.amazonaws.com/e/wp-content/uploads/2018/04/misogyny_sexism3.jpg%20800w,%20http://wordpress-blog-assets-production.s3.amazonaws.com/e/wp-content/uploads/2018/04/misogyny_sexism3-150x150.jpg%20150w,%20http://wordpress-blog-assets-production.s3.amazonaws.com/e/wp-content/uploads/2018/04/misogyny_sexism3-300x300.jpg%20300w,%20http://wordpress-blog-assets-production.s3.amazonaws.com/e/wp-content/uploads/2018/04/misogyny_sexism3-768x768.jpg%20768w,%20http://wordpress-blog-assets-production.s3.amazonaws.com/e/wp-content/uploads/2018/04/misogyny_sexism3-380x380.jpg%20380w,%20http://wordpress-blog-assets-production.s3.amazonaws.com/e/wp-content/uploads/2018/04/misogyny_sexism3-500x500.jpg
E/ImageLoader( 4329): 	at com.android.okhttp.internal.http.HttpURLConnectionImpl.getInputStream(HttpURLConnectionImpl.java:186)
E/ImageLoader( 4329): 	at com.nostra13.universalimageloader.core.download.BaseImageDownloader.getStreamFromNetwork(BaseImageDownloader.java:122)
E/ImageLoader( 4329): 	at com.nostra13.universalimageloader.core.download.BaseImageDownloader.getStream(BaseImageDownloader.java:86)
E/ImageLoader( 4329): 	at com.nostra13.universalimageloader.core.LoadAndDisplayImageTask.downloadImage(LoadAndDisplayImageTask.java:290)
E/ImageLoader( 4329): 	at com.nostra13.universalimageloader.core.LoadAndDisplayImageTask.tryCacheImageOnDisk(LoadAndDisplayImageTask.java:273)
E/ImageLoader( 4329): 	at com.nostra13.universalimageloader.core.LoadAndDisplayImageTask.tryLoadBitmap(LoadAndDisplayImageTask.java:229)
E/ImageLoader( 4329): 	at com.nostra13.universalimageloader.core.LoadAndDisplayImageTask.run(LoadAndDisplayImageTask.java:135)
E/ImageLoader( 4329): 	at java.util.concurrent.ThreadPoolExecutor.runWorker(ThreadPoolExecutor.java:1112)
E/ImageLoader( 4329): 	at java.util.concurrent.ThreadPoolExecutor$Worker.run(ThreadPoolExecutor.java:587)
E/ImageLoader( 4329): 	at java.lang.Thread.run(Thread.java:841)
I/System.out( 4329): body:<com.nostra13.universalimageloader.core.download.BaseImageDownloader: java.net.HttpURLConnection createConnection(java.lang.String,java.lang.Object)>	sig:specialinvoke $r3.<java.net.URL: void <init>(java.lang.String)>($r1)	timediff:0
I/System.out( 4329): <com.nostra13.universalimageloader.core.download.BaseImageDownloader: java.net.HttpURLConnection createConnection(java.lang.String,java.lang.Object)>###specialinvoke $r3.<java.net.URL: void <init>(java.lang.String)>($r1)###http://wordpress-blog-assets-production.s3.amazonaws.com/e/wp-content/uploads/2018/04/misogyny_sexism3.jpg%22%20class=%22attachment-large%20size-large%22%20alt=%22%22%20srcset=%22http://wordpress-blog-assets-production.s3.amazonaws.com/e/wp-content/uploads/2018/04/misogyny_sexism3.jpg%20800w,%20http://wordpress-blog-assets-production.s3.amazonaws.com/e/wp-content/uploads/2018/04/misogyny_sexism3-150x150.jpg%20150w,%20http://wordpress-blog-assets-production.s3.amazonaws.com/e/wp-content/uploads/2018/04/misogyny_sexism3-300x300.jpg%20300w,%20http://wordpress-blog-assets-production.s3.amazonaws.com/e/wp-content/uploads/2018/04/misogyny_sexism3-768x768.jpg%20768w,%20http://wordpress-blog-assets-production.s3.amazonaws.com/e/wp-content/uploads/2018/04/misogyny_sexism3-380x380.jpg%20380w,%20http://wordpress-blog-assets-production.s3.amazonaws.com/e/wp-content/uploads/2018/04/misogyny_sexism3-500x500.jpg
I/System.out( 4329): body:<com.nostra13.universalimageloader.core.download.BaseImageDownloader: java.net.HttpURLConnection createConnection(java.lang.String,java.lang.Object)>	sig:$r4 = virtualinvoke $r3.<java.net.URL: java.net.URLConnection openConnection()>()	timediff:0
I/System.out( 4329): body:<com.nostra13.universalimageloader.core.download.BaseImageDownloader: java.net.HttpURLConnection createConnection(java.lang.String,java.lang.Object)>	sig:virtualinvoke $r5.<java.net.HttpURLConnection: void setConnectTimeout(int)>($i0)	timediff:0
I/System.out( 4329): body:<com.nostra13.universalimageloader.core.download.BaseImageDownloader: java.net.HttpURLConnection createConnection(java.lang.String,java.lang.Object)>	sig:virtualinvoke $r5.<java.net.HttpURLConnection: void setReadTimeout(int)>($i0)	timediff:0
D/Test    ( 4329): WOTD Detail fragment: isArchive: false
I/SessionM( 4329): Log action word_of_day
D/Localytics( 4329): triggerInAppMessage: WOTD
D/CrowdControl( 4329): adds type:int and value:screenName : wotd
D/Daisy   ( 4329): Logging page view from BasePageFragment: detailedWotdView
D/Localytics( 4329): tagScreen: detailedWotdView
D/Localytics( 4329): Page change: appHome -> detailedWotdView
D/Localytics( 4329): triggerInAppMessage: screen8
D/Localytics( 4329): last major previous page: appHome
W/Daisy   ( 4329): PageName: detailedWotdView contentTitle:  Value: 8
I/InputDispatcher(  479): Dropped event because of pending overdue app switch.
W/EGL_emulation( 4329): eglSurfaceAttrib not implemented 3093 12436
W/InputManager(  479): Input event injection from pid 4319 failed.
I/System.out( 4329): dcomAndroidFreeV522_alertdcomAndroidFreeV522_addOnLargedcomAndroidFreeV522_theStripdcomAndroidFreeV522_slideshowGallerydcomAndroidFreeV522_iapPurchaseSwitchdcomAndroidFreeV522_iapGallerybody:<com.nostra13.universalimageloader.core.download.BaseImageDownloader: java.io.InputStream getStreamFromNetwork(java.lang.String,java.lang.Object)>	sig:$i1 = virtualinvoke $r3.<java.net.HttpURLConnection: int getResponseCode()>()	timediff:100
I/System.out( 4329): body:<com.nostra13.universalimageloader.core.download.BaseImageDownloader: java.io.InputStream getStreamFromNetwork(java.lang.String,java.lang.Object)>	sig:$r5 = virtualinvoke $r3.<java.net.HttpURLConnection: java.io.InputStream getErrorStream()>()	timediff:0
E/ImageLoader( 4329): http://wordpress-blog-assets-production.s3.amazonaws.com/e/wp-content/uploads/2018/04/misogyny_sexism3.jpg%22%20class=%22attachment-large%20size-large%22%20alt=%22%22%20srcset=%22http://wordpress-blog-assets-production.s3.amazonaws.com/e/wp-content/uploads/2018/04/misogyny_sexism3.jpg%20800w,%20http://wordpress-blog-assets-production.s3.amazonaws.com/e/wp-content/uploads/2018/04/misogyny_sexism3-150x150.jpg%20150w,%20http://wordpress-blog-assets-production.s3.amazonaws.com/e/wp-content/uploads/2018/04/misogyny_sexism3-300x300.jpg%20300w,%20http://wordpress-blog-assets-production.s3.amazonaws.com/e/wp-content/uploads/2018/04/misogyny_sexism3-768x768.jpg%20768w,%20http://wordpress-blog-assets-production.s3.amazonaws.com/e/wp-content/uploads/2018/04/misogyny_sexism3-380x380.jpg%20380w,%20http://wordpress-blog-assets-production.s3.amazonaws.com/e/wp-content/uploads/2018/04/misogyny_sexism3-500x500.jpg
E/ImageLoader( 4329): java.io.FileNotFoundException: http://wordpress-blog-assets-production.s3.amazonaws.com/e/wp-content/uploads/2018/04/misogyny_sexism3.jpg%22%20class=%22attachment-large%20size-large%22%20alt=%22%22%20srcset=%22http://wordpress-blog-assets-production.s3.amazonaws.com/e/wp-content/uploads/2018/04/misogyny_sexism3.jpg%20800w,%20http://wordpress-blog-assets-production.s3.amazonaws.com/e/wp-content/uploads/2018/04/misogyny_sexism3-150x150.jpg%20150w,%20http://wordpress-blog-assets-production.s3.amazonaws.com/e/wp-content/uploads/2018/04/misogyny_sexism3-300x300.jpg%20300w,%20http://wordpress-blog-assets-production.s3.amazonaws.com/e/wp-content/uploads/2018/04/misogyny_sexism3-768x768.jpg%20768w,%20http://wordpress-blog-assets-production.s3.amazonaws.com/e/wp-content/uploads/2018/04/misogyny_sexism3-380x380.jpg%20380w,%20http://wordpress-blog-assets-production.s3.amazonaws.com/e/wp-content/uploads/2018/04/misogyny_sexism3-500x500.jpg
E/ImageLoader( 4329): 	at com.android.okhttp.internal.http.HttpURLConnectionImpl.getInputStream(HttpURLConnectionImpl.java:186)
E/ImageLoader( 4329): 	at com.nostra13.universalimageloader.core.download.BaseImageDownloader.getStreamFromNetwork(BaseImageDownloader.java:122)
E/ImageLoader( 4329): 	at com.nostra13.universalimageloader.core.download.BaseImageDownloader.getStream(BaseImageDownloader.java:86)
E/ImageLoader( 4329): 	at com.nostra13.universalimageloader.core.decode.BaseImageDecoder.getImageStream(BaseImageDecoder.java:93)
E/ImageLoader( 4329): 	at com.nostra13.universalimageloader.core.decode.BaseImageDecoder.decode(BaseImageDecoder.java:73)
E/ImageLoader( 4329): 	at com.nostra13.universalimageloader.core.LoadAndDisplayImageTask.decodeImage(LoadAndDisplayImageTask.java:264)
E/ImageLoader( 4329): 	at com.nostra13.universalimageloader.core.LoadAndDisplayImageTask.tryLoadBitmap(LoadAndDisplayImageTask.java:237)
E/ImageLoader( 4329): 	at com.nostra13.universalimageloader.core.LoadAndDisplayImageTask.run(LoadAndDisplayImageTask.java:135)
E/ImageLoader( 4329): 	at java.util.concurrent.ThreadPoolExecutor.runWorker(ThreadPoolExecutor.java:1112)
E/ImageLoader( 4329): 	at java.util.concurrent.ThreadPoolExecutor$Worker.run(ThreadPoolExecutor.java:587)
E/ImageLoader( 4329): 	at java.lang.Thread.run(Thread.java:841)
I/System.out( 4329): body:<com.nostra13.universalimageloader.core.download.BaseImageDownloader: java.net.HttpURLConnection createConnection(java.lang.String,java.lang.Object)>	sig:specialinvoke $r3.<java.net.URL: void <init>(java.lang.String)>($r1)	timediff:0
I/System.out( 4329): <com.nostra13.universalimageloader.core.download.BaseImageDownloader: java.net.HttpURLConnection createConnection(java.lang.String,java.lang.Object)>###specialinvoke $r3.<java.net.URL: void <init>(java.lang.String)>($r1)###http://wordpress-blog-assets-production.s3.amazonaws.com/e/wp-content/uploads/2018/04/misogyny_sexism3.jpg%22%20class=%22attachment-large%20size-large%22%20alt=%22%22%20srcset=%22http://wordpress-blog-assets-production.s3.amazonaws.com/e/wp-content/uploads/2018/04/misogyny_sexism3.jpg%20800w,%20http://wordpress-blog-assets-production.s3.amazonaws.com/e/wp-content/uploads/2018/04/misogyny_sexism3-150x150.jpg%20150w,%20http://wordpress-blog-assets-production.s3.amazonaws.com/e/wp-content/uploads/2018/04/misogyny_sexism3-300x300.jpg%20300w,%20http://wordpress-blog-assets-production.s3.amazonaws.com/e/wp-content/uploads/2018/04/misogyny_sexism3-768x768.jpg%20768w,%20http://wordpress-blog-assets-production.s3.amazonaws.com/e/wp-content/uploads/2018/04/misogyny_sexism3-380x380.jpg%20380w,%20http://wordpress-blog-assets-production.s3.amazonaws.com/e/wp-content/uploads/2018/04/misogyny_sexism3-500x500.jpg
I/System.out( 4329): body:<com.nostra13.universalimageloader.core.download.BaseImageDownloader: java.net.HttpURLConnection createConnection(java.lang.String,java.lang.Object)>	sig:$r4 = virtualinvoke $r3.<java.net.URL: java.net.URLConnection openConnection()>()	timediff:0
I/System.out( 4329): body:<com.nostra13.universalimageloader.core.download.BaseImageDownloader: java.net.HttpURLConnection createConnection(java.lang.String,java.lang.Object)>	sig:virtualinvoke $r5.<java.net.HttpURLConnection: void setConnectTimeout(int)>($i0)	timediff:0
I/System.out( 4329): body:<com.nostra13.universalimageloader.core.download.BaseImageDownloader: java.net.HttpURLConnection createConnection(java.lang.String,java.lang.Object)>	sig:virtualinvoke $r5.<java.net.HttpURLConnection: void setReadTimeout(int)>($i0)	timediff:0
W/ViewRootImpl( 4329): Dropping event due to no window focus: KeyEvent { action=ACTION_DOWN, keyCode=KEYCODE_BUTTON_14, scanCode=0, metaState=0, flags=0x8, repeatCount=0, eventTime=394852, downTime=394852, deviceId=-1, source=0x101 }
W/ViewRootImpl( 4329): Dropping event due to no window focus: KeyEvent { action=ACTION_DOWN, keyCode=KEYCODE_DPAD_CENTER, scanCode=0, metaState=0, flags=0x8, repeatCount=0, eventTime=394852, downTime=394852, deviceId=-1, source=0x101 }
W/ViewRootImpl( 4329): Dropping event due to no window focus: KeyEvent { action=ACTION_DOWN, keyCode=KEYCODE_DPAD_UP, scanCode=0, metaState=0, flags=0x8, repeatCount=0, eventTime=394965, downTime=394965, deviceId=-1, source=0x101 }
W/ViewRootImpl( 4329): Dropping event due to no window focus: KeyEvent { action=ACTION_DOWN, keyCode=KEYCODE_DPAD_CENTER, scanCode=0, metaState=0, flags=0x8, repeatCount=0, eventTime=394968, downTime=394968, deviceId=-1, source=0x101 }
I/ActivityManager(  479): START u0 {act=android.intent.action.MAIN cat=[android.intent.category.LAUNCHER] flg=0x10200000 cmp=com.dictionary/.Splash} from pid 4319
I/System.out( 4329): body:<com.nostra13.universalimageloader.core.download.BaseImageDownloader: java.io.InputStream getStreamFromNetwork(java.lang.String,java.lang.Object)>	sig:$i1 = virtualinvoke $r3.<java.net.HttpURLConnection: int getResponseCode()>()	timediff:100
I/System.out( 4329): body:<com.nostra13.universalimageloader.core.download.BaseImageDownloader: java.io.InputStream getStreamFromNetwork(java.lang.String,java.lang.Object)>	sig:$r5 = virtualinvoke $r3.<java.net.HttpURLConnection: java.io.InputStream getErrorStream()>()	timediff:0
E/ImageLoader( 4329): http://wordpress-blog-assets-production.s3.amazonaws.com/e/wp-content/uploads/2018/04/misogyny_sexism3.jpg%22%20class=%22attachment-large%20size-large%22%20alt=%22%22%20srcset=%22http://wordpress-blog-assets-production.s3.amazonaws.com/e/wp-content/uploads/2018/04/misogyny_sexism3.jpg%20800w,%20http://wordpress-blog-assets-production.s3.amazonaws.com/e/wp-content/uploads/2018/04/misogyny_sexism3-150x150.jpg%20150w,%20http://wordpress-blog-assets-production.s3.amazonaws.com/e/wp-content/uploads/2018/04/misogyny_sexism3-300x300.jpg%20300w,%20http://wordpress-blog-assets-production.s3.amazonaws.com/e/wp-content/uploads/2018/04/misogyny_sexism3-768x768.jpg%20768w,%20http://wordpress-blog-assets-production.s3.amazonaws.com/e/wp-content/uploads/2018/04/misogyny_sexism3-380x380.jpg%20380w,%20http://wordpress-blog-assets-production.s3.amazonaws.com/e/wp-content/uploads/2018/04/misogyny_sexism3-500x500.jpg
E/ImageLoader( 4329): java.io.FileNotFoundException: http://wordpress-blog-assets-production.s3.amazonaws.com/e/wp-content/uploads/2018/04/misogyny_sexism3.jpg%22%20class=%22attachment-large%20size-large%22%20alt=%22%22%20srcset=%22http://wordpress-blog-assets-production.s3.amazonaws.com/e/wp-content/uploads/2018/04/misogyny_sexism3.jpg%20800w,%20http://wordpress-blog-assets-production.s3.amazonaws.com/e/wp-content/uploads/2018/04/misogyny_sexism3-150x150.jpg%20150w,%20http://wordpress-blog-assets-production.s3.amazonaws.com/e/wp-content/uploads/2018/04/misogyny_sexism3-300x300.jpg%20300w,%20http://wordpress-blog-assets-production.s3.amazonaws.com/e/wp-content/uploads/2018/04/misogyny_sexism3-768x768.jpg%20768w,%20http://wordpress-blog-assets-production.s3.amazonaws.com/e/wp-content/uploads/2018/04/misogyny_sexism3-380x380.jpg%20380w,%20http://wordpress-blog-assets-production.s3.amazonaws.com/e/wp-content/uploads/2018/04/misogyny_sexism3-500x500.jpg
E/ImageLoader( 4329): 	at com.android.okhttp.internal.http.HttpURLConnectionImpl.getInputStream(HttpURLConnectionImpl.java:186)
E/ImageLoader( 4329): 	at com.nostra13.universalimageloader.core.download.BaseImageDownloader.getStreamFromNetwork(BaseImageDownloader.java:122)
E/ImageLoader( 4329): 	at com.nostra13.universalimageloader.core.download.BaseImageDownloader.getStream(BaseImageDownloader.java:86)
E/ImageLoader( 4329): 	at com.nostra13.universalimageloader.core.LoadAndDisplayImageTask.downloadImage(LoadAndDisplayImageTask.java:290)
E/ImageLoader( 4329): 	at com.nostra13.universalimageloader.core.LoadAndDisplayImageTask.tryCacheImageOnDisk(LoadAndDisplayImageTask.java:273)
E/ImageLoader( 4329): 	at com.nostra13.universalimageloader.core.LoadAndDisplayImageTask.tryLoadBitmap(LoadAndDisplayImageTask.java:229)
E/ImageLoader( 4329): 	at com.nostra13.universalimageloader.core.LoadAndDisplayImageTask.run(LoadAndDisplayImageTask.java:135)
E/ImageLoader( 4329): 	at java.util.concurrent.ThreadPoolExecutor.runWorker(ThreadPoolExecutor.java:1112)
E/ImageLoader( 4329): 	at java.util.concurrent.ThreadPoolExecutor$Worker.run(ThreadPoolExecutor.java:587)
E/ImageLoader( 4329): 	at java.lang.Thread.run(Thread.java:841)
I/System.out( 4329): body:<com.nostra13.universalimageloader.core.download.BaseImageDownloader: java.net.HttpURLConnection createConnection(java.lang.String,java.lang.Object)>	sig:specialinvoke $r3.<java.net.URL: void <init>(java.lang.String)>($r1)	timediff:0
I/System.out( 4329): <com.nostra13.universalimageloader.core.download.BaseImageDownloader: java.net.HttpURLConnection createConnection(java.lang.String,java.lang.Object)>###specialinvoke $r3.<java.net.URL: void <init>(java.lang.String)>($r1)###http://wordpress-blog-assets-production.s3.amazonaws.com/e/wp-content/uploads/2018/04/misogyny_sexism3.jpg%22%20class=%22attachment-large%20size-large%22%20alt=%22%22%20srcset=%22http://wordpress-blog-assets-production.s3.amazonaws.com/e/wp-content/uploads/2018/04/misogyny_sexism3.jpg%20800w,%20http://wordpress-blog-assets-production.s3.amazonaws.com/e/wp-content/uploads/2018/04/misogyny_sexism3-150x150.jpg%20150w,%20http://wordpress-blog-assets-production.s3.amazonaws.com/e/wp-content/uploads/2018/04/misogyny_sexism3-300x300.jpg%20300w,%20http://wordpress-blog-assets-production.s3.amazonaws.com/e/wp-content/uploads/2018/04/misogyny_sexism3-768x768.jpg%20768w,%20http://wordpress-blog-assets-production.s3.amazonaws.com/e/wp-content/uploads/2018/04/misogyny_sexism3-380x380.jpg%20380w,%20http://wordpress-blog-assets-production.s3.amazonaws.com/e/wp-content/uploads/2018/04/misogyny_sexism3-500x500.jpg
I/System.out( 4329): body:<com.nostra13.universalimageloader.core.download.BaseImageDownloader: java.net.HttpURLConnection createConnection(java.lang.String,java.lang.Object)>	sig:$r4 = virtualinvoke $r3.<java.net.URL: java.net.URLConnection openConnection()>()	timediff:0
I/System.out( 4329): body:<com.nostra13.universalimageloader.core.download.BaseImageDownloader: java.net.HttpURLConnection createConnection(java.lang.String,java.lang.Object)>	sig:virtualinvoke $r5.<java.net.HttpURLConnection: void setConnectTimeout(int)>($i0)	timediff:0
I/System.out( 4329): body:<com.nostra13.universalimageloader.core.download.BaseImageDownloader: java.net.HttpURLConnection createConnection(java.lang.String,java.lang.Object)>	sig:virtualinvoke $r5.<java.net.HttpURLConnection: void setReadTimeout(int)>($i0)	timediff:0
I/ActivityManager(  479): Displayed com.dictionary/.WordOfTheDayDetailActivity: +217ms (total +1s3ms)
W/ContextImpl(  479): Calling a method in the system process without a qualified user: android.app.ContextImpl.sendBroadcast:1123 com.android.server.InputMethodManagerService.hideCurrentInputLocked:1880 com.android.server.InputMethodManagerService.windowGainedFocus:1968 com.android.internal.view.IInputMethodManager$Stub.onTransact:221 com.android.server.InputMethodManagerService.onTransact:818 
D/Test    ( 4329): onBackPressed / options selected: home
W/ActivityManager(  479): Duplicate finish request for ActivityRecord{4afbdce4 u0 com.dictionary/.FavoritesActivity t11 f}
