W/ContextImpl(  479): Calling a method in the system process without a qualified user: android.app.ContextImpl.sendBroadcast:1123 com.android.server.InputMethodManagerService.showCurrentInputLocked:1791 com.android.server.InputMethodManagerService.showSoftInput:1753 com.android.internal.view.IInputMethodManager$Stub.onTransact:175 com.android.server.InputMethodManagerService.onTransact:818 
V/InputMethodService(  642): onEvaluateInputViewShown: config.hardKeyboardHidden = 2
W/ContextImpl(  479): Calling a method in the system process without a qualified user: android.app.ContextImpl.sendBroadcast:1123 com.android.server.InputMethodManagerService.showCurrentInputLocked:1791 com.android.server.InputMethodManagerService.attachNewInputLocked:1095 com.android.server.InputMethodManagerService.startInputUncheckedLocked:1166 com.android.server.InputMethodManagerService.startInputLocked:1128 
I/System.out( 5496): body:<a.a.a.a.a.e.d: a.a.a.a.a.e.d h()>	sig:$r4 = virtualinvoke $r2.<java.net.HttpURLConnection: java.io.OutputStream getOutputStream()>()	timediff:483
W/IInputConnectionWrapper( 5496): showStatusIcon on inactive InputConnection
W/IInputConnectionWrapper( 5496): getExtractedText on inactive InputConnection
E/InputMethodService(  642): Unexpected null in startExtractingText : mExtractedText = null, input connection = com.android.internal.view.InputConnectionWrapper@4a8d96f0
V/InputMethodService(  642): onEvaluateInputViewShown: config.hardKeyboardHidden = 2
W/IInputConnectionWrapper( 5496): getExtractedText on inactive InputConnection
E/InputMethodService(  642): Unexpected null in startExtractingText : mExtractedText = null, input connection = com.android.internal.view.InputConnectionWrapper@4a8d96f0
I/ActivityManager(  479): START u0 {act=android.intent.action.VIEW dat=search://merriam-webster/definition/442 flg=0x24000000 cmp=com.merriamwebster/.dictionary.activity.dictionary.DictionaryActivity (has extras)} from pid 5496
V/ActivityManager(  479): startActivityUncheckedLocked: task left null
V/ActivityManager(  479): java.lang.RuntimeException: here
V/ActivityManager(  479): 	at com.android.server.am.ActivityStackSupervisor.startActivityUncheckedLocked(ActivityStackSupervisor.java:1646)
V/ActivityManager(  479): 	at com.android.server.am.ActivityStackSupervisor.startActivityLocked(ActivityStackSupervisor.java:1249)
V/ActivityManager(  479): 	at com.android.server.am.ActivityStackSupervisor.startActivityMayWait(ActivityStackSupervisor.java:741)
V/ActivityManager(  479): 	at com.android.server.am.ActivityManagerService.startActivityAsUser(ActivityManagerService.java:3118)
V/ActivityManager(  479): 	at com.android.server.am.ActivityManagerService.startActivity(ActivityManagerService.java:3104)
V/ActivityManager(  479): 	at android.app.ActivityManagerNative.onTransact(ActivityManagerNative.java:135)
V/ActivityManager(  479): 	at com.android.server.am.ActivityManagerService.onTransact(ActivityManagerService.java:2071)
V/ActivityManager(  479): 	at android.os.Binder.execTransact(Binder.java:404)
V/ActivityManager(  479): 	at dalvik.system.NativeStart.run(Native Method)
I/System.out( 5496): body:<a.a.a.a.a.e.d: int b()>	sig:$i0 = virtualinvoke $r2.<java.net.HttpURLConnection: int getResponseCode()>()	timediff:79
I/System.out( 5496): body:<a.a.a.a.a.e.d: java.lang.String c(java.lang.CharSequence)>	sig:specialinvoke $r2.<java.net.URL: void <init>(java.lang.String)>($r1)	timediff:0
I/System.out( 5496): <a.a.a.a.a.e.d: java.lang.String c(java.lang.CharSequence)>###specialinvoke $r2.<java.net.URL: void <init>(java.lang.String)>($r1)###https://e.crashlytics.com/spi/v2/events
W/ContextImpl(  479): Calling a method in the system process without a qualified user: android.app.ContextImpl.sendBroadcast:1123 com.android.server.InputMethodManagerService.showCurrentInputLocked:1791 com.android.server.InputMethodManagerService.attachNewInputLocked:1095 com.android.server.InputMethodManagerService.startInputUncheckedLocked:1166 com.android.server.InputMethodManagerService.startInputLocked:1128 
I/System.out( 5496): body:<a.a.a.a.a.e.d: java.lang.String c(java.lang.CharSequence)>	sig:$r3 = virtualinvoke $r2.<java.net.URL: java.lang.String getHost()>()	timediff:0
I/System.out( 5496): body:<a.a.a.a.a.e.d: java.lang.String c(java.lang.CharSequence)>	sig:$i0 = virtualinvoke $r2.<java.net.URL: int getPort()>()	timediff:0
I/System.out( 5496): body:<a.a.a.a.a.e.d: java.lang.String c(java.lang.CharSequence)>	sig:$r3 = virtualinvoke $r2.<java.net.URL: java.lang.String getProtocol()>()	timediff:0
I/System.out( 5496): body:<a.a.a.a.a.e.d: java.lang.String c(java.lang.CharSequence)>	sig:$r6 = virtualinvoke $r2.<java.net.URL: java.lang.String getPath()>()	timediff:0
I/System.out( 5496): body:<a.a.a.a.a.e.d: java.lang.String c(java.lang.CharSequence)>	sig:$r7 = virtualinvoke $r2.<java.net.URL: java.lang.String getQuery()>()	timediff:0
I/System.out( 5496): body:<a.a.a.a.a.e.d: java.lang.String c(java.lang.CharSequence)>	sig:specialinvoke $r5.<java.net.URI: void <init>(java.lang.String,java.lang.String,java.lang.String,java.lang.String,java.lang.String)>($r3, $r1, $r6, $r7, null)	timediff:0
I/System.out( 5496): body:<a.a.a.a.a.e.d: java.lang.String c(java.lang.CharSequence)>	sig:$r7 = virtualinvoke $r5.<java.net.URI: java.lang.String toASCIIString()>()	timediff:0
I/System.out( 5496): body:<a.a.a.a.a.e.d: void <init>(java.lang.CharSequence,java.lang.String)>	sig:specialinvoke $r4.<java.net.URL: void <init>(java.lang.String)>($r3)	timediff:0
I/System.out( 5496): <a.a.a.a.a.e.d: void <init>(java.lang.CharSequence,java.lang.String)>###specialinvoke $r4.<java.net.URL: void <init>(java.lang.String)>($r3)###https://e.crashlytics.com/spi/v2/events
I/System.out( 5496): body:<a.a.a.a.a.e.f$1: java.net.HttpURLConnection a(java.net.URL)>	sig:$r2 = virtualinvoke $r1.<java.net.URL: java.net.URLConnection openConnection()>()	timediff:0
I/System.out( 5496): body:<a.a.a.a.a.e.d: java.net.HttpURLConnection d()>	sig:virtualinvoke $r6.<java.net.HttpURLConnection: void setRequestMethod(java.lang.String)>($r1)	timediff:0
I/System.out( 5496): body:<a.a.a.a.a.b.a: a.a.a.a.a.e.d a(java.util.Map)>	sig:virtualinvoke $r5.<java.net.HttpURLConnection: void setUseCaches(boolean)>(0)	timediff:0
I/System.out( 5496): body:<a.a.a.a.a.b.a: a.a.a.a.a.e.d a(java.util.Map)>	sig:virtualinvoke $r5.<java.net.HttpURLConnection: void setConnectTimeout(int)>(10000)	timediff:0
I/System.out( 5496): body:<a.a.a.a.a.e.d: a.a.a.a.a.e.d a(java.lang.String,java.lang.String)>	sig:virtualinvoke $r3.<java.net.HttpURLConnection: void setRequestProperty(java.lang.String,java.lang.String)>($r1, $r2)	timediff:0
I/System.out( 5496): body:<a.a.a.a.a.e.d: a.a.a.a.a.e.d a(java.lang.String,java.lang.String)>	sig:virtualinvoke $r3.<java.net.HttpURLConnection: void setRequestProperty(java.lang.String,java.lang.String)>($r1, $r2)	timediff:0
I/System.out( 5496): body:<a.a.a.a.a.e.d: a.a.a.a.a.e.d a(java.lang.String,java.lang.String)>	sig:virtualinvoke $r3.<java.net.HttpURLConnection: void setRequestProperty(java.lang.String,java.lang.String)>($r1, $r2)	timediff:0
I/System.out( 5496): body:<a.a.a.a.a.e.d: a.a.a.a.a.e.d a(java.lang.String,java.lang.String)>	sig:virtualinvoke $r3.<java.net.HttpURLConnection: void setRequestProperty(java.lang.String,java.lang.String)>($r1, $r2)	timediff:0
I/System.out( 5496): body:<a.a.a.a.a.e.d: a.a.a.a.a.e.d a(java.lang.String,java.lang.String)>	sig:virtualinvoke $r3.<java.net.HttpURLConnection: void setRequestProperty(java.lang.String,java.lang.String)>($r1, $r2)	timediff:0
I/System.out( 5496): body:<a.a.a.a.a.e.d: a.a.a.a.a.e.d a(java.lang.String,java.lang.String)>	sig:virtualinvoke $r3.<java.net.HttpURLConnection: void setRequestProperty(java.lang.String,java.lang.String)>($r1, $r2)	timediff:0
I/System.out( 5496): body:<a.a.a.a.a.e.d: a.a.a.a.a.e.d h()>	sig:virtualinvoke $r2.<java.net.HttpURLConnection: void setDoOutput(boolean)>(1)	timediff:0
I/System.out( 5496): body:<a.a.a.a.a.e.d: a.a.a.a.a.e.d h()>	sig:$r3 = virtualinvoke $r2.<java.net.HttpURLConnection: java.lang.String getRequestProperty(java.lang.String)>("Content-Type")	timediff:0
E/InputMethodService(  642): Unexpected null in startExtractingText : mExtractedText = null, input connection = com.android.internal.view.InputConnectionWrapper@4a8e1420
W/ContextImpl(  479): Calling a method in the system process without a qualified user: android.app.ContextImpl.sendBroadcast:1123 com.android.server.InputMethodManagerService.hideCurrentInputLocked:1880 com.android.server.InputMethodManagerService.hideSoftInput:1843 com.android.internal.view.IInputMethodManager$Stub.onTransact:194 com.android.server.InputMethodManagerService.onTransact:818 
W/ContextImpl(  479): Calling a method in the system process without a qualified user: android.app.ContextImpl.sendBroadcast:1123 com.android.server.InputMethodManagerService.hideCurrentInputLocked:1880 com.android.server.InputMethodManagerService.hideMySoftInput:2299 com.android.internal.view.IInputMethodManager$Stub.onTransact:288 com.android.server.InputMethodManagerService.onTransact:818 
V/InputMethodService(  642): onEvaluateInputViewShown: config.hardKeyboardHidden = 2
V/InputMethodService(  642): onEvaluateInputViewShown: config.hardKeyboardHidden = 2
I/System.out( 5496): body:<a.a.a.a.a.e.d: a.a.a.a.a.e.d h()>	sig:$r4 = virtualinvoke $r2.<java.net.HttpURLConnection: java.io.OutputStream getOutputStream()>()	timediff:24
I/dalvikvm( 5496): Could not find method android.content.pm.PackageManager.getPackageInstaller, referenced from method izp.a
W/dalvikvm( 5496): VFY: unable to resolve virtual method 1801: Landroid/content/pm/PackageManager;.getPackageInstaller ()Landroid/content/pm/PackageInstaller;
D/dalvikvm( 5496): VFY: replacing opcode 0x6e at 0x001c
D/dalvikvm(  642): GC_FOR_ALLOC freed 1458K, 49% free 3349K/6540K, paused 8ms, total 10ms
I/dalvikvm( 5496): Could not find method android.content.ContextWrapper.createCredentialProtectedStorageContext, referenced from method imo.createCredentialProtectedStorageContext
W/dalvikvm( 5496): VFY: unable to resolve virtual method 1708: Landroid/content/ContextWrapper;.createCredentialProtectedStorageContext ()Landroid/content/Context;
D/dalvikvm( 5496): VFY: replacing opcode 0x6f at 0x0002
I/dalvikvm( 5496): Could not find method android.content.ContextWrapper.createDeviceProtectedStorageContext, referenced from method imo.createDeviceProtectedStorageContext
W/dalvikvm( 5496): VFY: unable to resolve virtual method 1709: Landroid/content/ContextWrapper;.createDeviceProtectedStorageContext ()Landroid/content/Context;
D/dalvikvm( 5496): VFY: replacing opcode 0x6f at 0x0002
I/dalvikvm( 5496): Could not find method android.content.ContextWrapper.createCredentialProtectedStorageContext, referenced from method com.google.android.chimera.ModuleContext.createCredentialProtectedStorageContext
W/dalvikvm( 5496): VFY: unable to resolve virtual method 1708: Landroid/content/ContextWrapper;.createCredentialProtectedStorageContext ()Landroid/content/Context;
D/dalvikvm( 5496): VFY: replacing opcode 0x6f at 0x0002
I/dalvikvm( 5496): Could not find method android.content.ContextWrapper.createDeviceProtectedStorageContext, referenced from method com.google.android.chimera.ModuleContext.createDeviceProtectedStorageContext
W/dalvikvm( 5496): VFY: unable to resolve virtual method 1709: Landroid/content/ContextWrapper;.createDeviceProtectedStorageContext ()Landroid/content/Context;
D/dalvikvm( 5496): VFY: replacing opcode 0x6f at 0x0002
I/dalvikvm( 5496): Could not find method android.content.Context.isCredentialProtectedStorage, referenced from method cqq.a
W/dalvikvm( 5496): VFY: unable to resolve virtual method 1688: Landroid/content/Context;.isCredentialProtectedStorage ()Z
D/dalvikvm( 5496): VFY: replacing opcode 0x6e at 0x0000
I/dalvikvm( 5496): Could not find method android.os.UserManager.isUserUnlocked, referenced from method cqq.a
W/dalvikvm( 5496): VFY: unable to resolve virtual method 2311: Landroid/os/UserManager;.isUserUnlocked ()Z
D/dalvikvm( 5496): VFY: replacing opcode 0x6e at 0x001a
I/dalvikvm( 5496): Could not find method android.content.Context.isDeviceProtectedStorage, referenced from method cqq.b
W/dalvikvm( 5496): VFY: unable to resolve virtual method 1689: Landroid/content/Context;.isDeviceProtectedStorage ()Z
D/dalvikvm( 5496): VFY: replacing opcode 0x6e at 0x0000
I/dalvikvm( 5496): Could not find method android.content.Context.isDeviceProtectedStorage, referenced from method cqq.c
W/dalvikvm( 5496): VFY: unable to resolve virtual method 1689: Landroid/content/Context;.isDeviceProtectedStorage ()Z
D/dalvikvm( 5496): VFY: replacing opcode 0x6e at 0x0000
I/dalvikvm-heap(  642): Grow heap (frag case) to 4.688MB for 1423372-byte allocation
I/dalvikvm( 5496): Could not find method android.content.Context.createDeviceProtectedStorageContext, referenced from method jkx.a
W/dalvikvm( 5496): VFY: unable to resolve virtual method 1659: Landroid/content/Context;.createDeviceProtectedStorageContext ()Landroid/content/Context;
D/dalvikvm( 5496): VFY: replacing opcode 0x6e at 0x0029
I/dalvikvm( 5496): Could not find method android.content.Context.getSystemService, referenced from method jkx.b
W/dalvikvm( 5496): VFY: unable to resolve virtual method 1684: Landroid/content/Context;.getSystemService (Ljava/lang/Class;)Ljava/lang/Object;
D/dalvikvm( 5496): VFY: replacing opcode 0x6e at 0x000b
D/dalvikvm( 5496): DexOpt: couldn't find static field Landroid/os/Build;.SUPPORTED_64_BIT_ABIS
W/dalvikvm( 5496): VFY: unable to resolve static field 917 (SUPPORTED_64_BIT_ABIS) in Landroid/os/Build;
D/dalvikvm( 5496): VFY: replacing opcode 0x62 at 0x0012
D/dalvikvm( 5496): DexOpt: couldn't find static field Landroid/os/Build;.SUPPORTED_32_BIT_ABIS
W/dalvikvm( 5496): VFY: unable to resolve static field 916 (SUPPORTED_32_BIT_ABIS) in Landroid/os/Build;
D/dalvikvm( 5496): VFY: replacing opcode 0x62 at 0x0021
D/dalvikvm( 5496): DexOpt: couldn't find static field Landroid/os/Build;.SUPPORTED_ABIS
W/dalvikvm( 5496): VFY: unable to resolve static field 918 (SUPPORTED_ABIS) in Landroid/os/Build;
D/dalvikvm( 5496): VFY: replacing opcode 0x62 at 0x0008
D/dalvikvm( 5496): DexOpt: couldn't find static field Landroid/os/Build;.SUPPORTED_64_BIT_ABIS
W/dalvikvm( 5496): VFY: unable to resolve static field 917 (SUPPORTED_64_BIT_ABIS) in Landroid/os/Build;
D/dalvikvm( 5496): VFY: replacing opcode 0x62 at 0x0008
D/dalvikvm( 5496): DexOpt: couldn't find static field Landroid/os/Build;.SUPPORTED_64_BIT_ABIS
I/dalvikvm( 5496): DexOpt: unable to optimize static field ref 0x0395 at 0x17 in Lcsq;.a
D/dalvikvm( 5496): DexOpt: couldn't find static field Landroid/os/Build;.SUPPORTED_32_BIT_ABIS
I/dalvikvm( 5496): DexOpt: unable to optimize static field ref 0x0394 at 0x26 in Lcsq;.a
D/dalvikvm( 5496): DexOpt: couldn't find static field Landroid/os/Build;.SUPPORTED_64_BIT_ABIS
I/dalvikvm( 5496): DexOpt: unable to optimize static field ref 0x0395 at 0x0d in Lcsq;.b
D/dalvikvm(  642): GC_CONCURRENT freed 3K, 28% free 4735K/6540K, paused 1ms+1ms, total 8ms
D/DynamitePackage( 5496): Instantiated singleton DynamitePackage.
D/DynamitePackage( 5496): Instantiating com.google.android.gms.ads.ChimeraAdManagerCreatorImpl
I/dalvikvm( 5496): Could not find method android.content.pm.PackageManager.getPackageInstaller, referenced from method iy.a
W/dalvikvm( 5496): VFY: unable to resolve virtual method 1587: Landroid/content/pm/PackageManager;.getPackageInstaller ()Landroid/content/pm/PackageInstaller;
D/dalvikvm( 5496): VFY: replacing opcode 0x6e at 0x0017
I/dalvikvm( 5496): Could not find method android.security.NetworkSecurityPolicy.getInstance, referenced from method com.google.android.gms.ads.internal.util.ae.a
W/dalvikvm( 5496): VFY: unable to resolve static method 2118: Landroid/security/NetworkSecurityPolicy;.getInstance ()Landroid/security/NetworkSecurityPolicy;
D/dalvikvm( 5496): VFY: replacing opcode 0x71 at 0x00d3
I/InputDispatcher(  479): Dropped event because of pending overdue app switch.
W/InputManager(  479): Input event injection from pid 5486 failed.
I/dalvikvm( 5496): Could not find method android.content.pm.PackageManager.isInstantApp, referenced from method pv.a
W/dalvikvm( 5496): VFY: unable to resolve virtual method 1592: Landroid/content/pm/PackageManager;.isInstantApp (Ljava/lang/String;)Z
D/dalvikvm( 5496): VFY: replacing opcode 0x6e at 0x002d
I/dalvikvm( 5496): Could not find method android.content.pm.PackageManager.isInstantApp, referenced from method pu.a
W/dalvikvm( 5496): VFY: unable to resolve virtual method 1591: Landroid/content/pm/PackageManager;.isInstantApp ()Z
D/dalvikvm( 5496): VFY: replacing opcode 0x6e at 0x0028
D/dalvikvm( 5496): DexOpt: --- BEGIN '1505450608132.jar' (bootstrap=0) ---
I/System.out( 5496): body:<a.a.a.a.a.e.d: int b()>	sig:$i0 = virtualinvoke $r2.<java.net.HttpURLConnection: int getResponseCode()>()	timediff:75
I/System.out( 5496): body:<a.a.a.a.a.e.d: java.lang.String c(java.lang.CharSequence)>	sig:specialinvoke $r2.<java.net.URL: void <init>(java.lang.String)>($r1)	timediff:0
I/System.out( 5496): <a.a.a.a.a.e.d: java.lang.String c(java.lang.CharSequence)>###specialinvoke $r2.<java.net.URL: void <init>(java.lang.String)>($r1)###https://e.crashlytics.com/spi/v2/events
I/System.out( 5496): body:<a.a.a.a.a.e.d: java.lang.String c(java.lang.CharSequence)>	sig:$r3 = virtualinvoke $r2.<java.net.URL: java.lang.String getHost()>()	timediff:0
I/System.out( 5496): body:<a.a.a.a.a.e.d: java.lang.String c(java.lang.CharSequence)>	sig:$i0 = virtualinvoke $r2.<java.net.URL: int getPort()>()	timediff:0
I/System.out( 5496): body:<a.a.a.a.a.e.d: java.lang.String c(java.lang.CharSequence)>	sig:$r3 = virtualinvoke $r2.<java.net.URL: java.lang.String getProtocol()>()	timediff:0
I/System.out( 5496): body:<a.a.a.a.a.e.d: java.lang.String c(java.lang.CharSequence)>	sig:$r6 = virtualinvoke $r2.<java.net.URL: java.lang.String getPath()>()	timediff:0
I/System.out( 5496): body:<a.a.a.a.a.e.d: java.lang.String c(java.lang.CharSequence)>	sig:$r7 = virtualinvoke $r2.<java.net.URL: java.lang.String getQuery()>()	timediff:0
I/System.out( 5496): body:<a.a.a.a.a.e.d: java.lang.String c(java.lang.CharSequence)>	sig:specialinvoke $r5.<java.net.URI: void <init>(java.lang.String,java.lang.String,java.lang.String,java.lang.String,java.lang.String)>($r3, $r1, $r6, $r7, null)	timediff:0
I/System.out( 5496): body:<a.a.a.a.a.e.d: java.lang.String c(java.lang.CharSequence)>	sig:$r7 = virtualinvoke $r5.<java.net.URI: java.lang.String toASCIIString()>()	timediff:0
I/System.out( 5496): body:<a.a.a.a.a.e.d: void <init>(java.lang.CharSequence,java.lang.String)>	sig:specialinvoke $r4.<java.net.URL: void <init>(java.lang.String)>($r3)	timediff:0
I/System.out( 5496): <a.a.a.a.a.e.d: void <init>(java.lang.CharSequence,java.lang.String)>###specialinvoke $r4.<java.net.URL: void <init>(java.lang.String)>($r3)###https://e.crashlytics.com/spi/v2/events
I/System.out( 5496): body:<a.a.a.a.a.e.f$1: java.net.HttpURLConnection a(java.net.URL)>	sig:$r2 = virtualinvoke $r1.<java.net.URL: java.net.URLConnection openConnection()>()	timediff:0
I/System.out( 5496): body:<a.a.a.a.a.e.d: java.net.HttpURLConnection d()>	sig:virtualinvoke $r6.<java.net.HttpURLConnection: void setRequestMethod(java.lang.String)>($r1)	timediff:0
I/System.out( 5496): body:<a.a.a.a.a.b.a: a.a.a.a.a.e.d a(java.util.Map)>	sig:virtualinvoke $r5.<java.net.HttpURLConnection: void setUseCaches(boolean)>(0)	timediff:0
I/Ads     ( 5496): Starting ad request.
I/Ads     ( 5496): Use AdRequest.Builder.addTestDevice("A8F049FC454E72BFB6EA60EE2500BB55") to get test ads on this device.
I/System.out( 5496): body:<a.a.a.a.a.b.a: a.a.a.a.a.e.d a(java.util.Map)>	sig:virtualinvoke $r5.<java.net.HttpURLConnection: void setConnectTimeout(int)>(10000)	timediff:0
I/System.out( 5496): body:<a.a.a.a.a.e.d: a.a.a.a.a.e.d a(java.lang.String,java.lang.String)>	sig:virtualinvoke $r3.<java.net.HttpURLConnection: void setRequestProperty(java.lang.String,java.lang.String)>($r1, $r2)	timediff:0
I/System.out( 5496): body:<a.a.a.a.a.e.d: a.a.a.a.a.e.d a(java.lang.String,java.lang.String)>	sig:virtualinvoke $r3.<java.net.HttpURLConnection: void setRequestProperty(java.lang.String,java.lang.String)>($r1, $r2)	timediff:0
I/System.out( 5496): body:<a.a.a.a.a.e.d: a.a.a.a.a.e.d a(java.lang.String,java.lang.String)>	sig:virtualinvoke $r3.<java.net.HttpURLConnection: void setRequestProperty(java.lang.String,java.lang.String)>($r1, $r2)	timediff:0
I/System.out( 5496): body:<a.a.a.a.a.e.d: a.a.a.a.a.e.d a(java.lang.String,java.lang.String)>	sig:virtualinvoke $r3.<java.net.HttpURLConnection: void setRequestProperty(java.lang.String,java.lang.String)>($r1, $r2)	timediff:0
I/System.out( 5496): body:<a.a.a.a.a.e.d: a.a.a.a.a.e.d a(java.lang.String,java.lang.String)>	sig:virtualinvoke $r3.<java.net.HttpURLConnection: void setRequestProperty(java.lang.String,java.lang.String)>($r1, $r2)	timediff:0
I/System.out( 5496): body:<a.a.a.a.a.e.d: a.a.a.a.a.e.d a(java.lang.String,java.lang.String)>	sig:virtualinvoke $r3.<java.net.HttpURLConnection: void setRequestProperty(java.lang.String,java.lang.String)>($r1, $r2)	timediff:0
I/System.out( 5496): body:<a.a.a.a.a.e.d: a.a.a.a.a.e.d h()>	sig:virtualinvoke $r2.<java.net.HttpURLConnection: void setDoOutput(boolean)>(1)	timediff:0
E/InputMethodService(  642): Unexpected null in startExtractingText : mExtractedText = null, input connection = com.android.internal.view.InputConnectionWrapper@4a8e1420
V/InputMethodService(  642): onEvaluateInputViewShown: config.hardKeyboardHidden = 2
V/InputMethodService(  642): onEvaluateInputViewShown: config.hardKeyboardHidden = 2
W/ContextImpl(  479): Calling a method in the system process without a qualified user: android.app.ContextImpl.sendBroadcast:1123 com.android.server.InputMethodManagerService.hideCurrentInputLocked:1880 com.android.server.InputMethodManagerService.hideMySoftInput:2299 com.android.internal.view.IInputMethodManager$Stub.onTransact:288 com.android.server.InputMethodManagerService.onTransact:818 
I/System.out( 5496): body:<a.a.a.a.a.e.d: a.a.a.a.a.e.d h()>	sig:$r3 = virtualinvoke $r2.<java.net.HttpURLConnection: java.lang.String getRequestProperty(java.lang.String)>("Content-Type")	timediff:0
W/Ads     ( 5496): Invoke Firebase method getInstance error.
W/Ads     ( 5496): The Google Mobile Ads SDK will not integrate with Firebase. Admob/Firebase integration requires the latest Firebase SDK jar, but Firebase SDK is either missing or out of date
I/ActivityManager(  479): Waited long enough for: ServiceRecord{4a9fa388 u0 com.google.android.gms/.chimera.GmsIntentOperationService}
W/ContextImpl(  479): Calling a method in the system process without a qualified user: android.app.ContextImpl.sendBroadcast:1123 com.android.server.InputMethodManagerService.hideCurrentInputLocked:1880 com.android.server.InputMethodManagerService.hideSoftInput:1843 com.android.internal.view.IInputMethodManager$Stub.onTransact:194 com.android.server.InputMethodManagerService.onTransact:818 
W/ContextImpl(  479): Calling a method in the system process without a qualified user: android.app.ContextImpl.sendBroadcast:1123 com.android.server.InputMethodManagerService.hideCurrentInputLocked:1880 com.android.server.InputMethodManagerService.hideSoftInput:1843 com.android.internal.view.IInputMethodManager$Stub.onTransact:194 com.android.server.InputMethodManagerService.onTransact:818 
I/ActivityManager(  479): START u0 {act=android.intent.action.MAIN cat=[android.intent.category.HOME] flg=0x10200000 cmp=com.vphone.launcher/.Launcher} from pid 479
I/System.out( 5496): body:<a.a.a.a.a.e.d: a.a.a.a.a.e.d h()>	sig:$r4 = virtualinvoke $r2.<java.net.HttpURLConnection: java.io.OutputStream getOutputStream()>()	timediff:52
D/dalvikvm(  479): GC_FOR_ALLOC freed 2781K, 48% free 14006K/26632K, paused 20ms, total 21ms
W/ContextImpl(  479): Calling a method in the system process without a qualified user: android.app.ContextImpl.sendBroadcast:1123 com.android.server.InputMethodManagerService.hideCurrentInputLocked:1880 com.android.server.InputMethodManagerService.hideSoftInput:1843 com.android.internal.view.IInputMethodManager$Stub.onTransact:194 com.android.server.InputMethodManagerService.onTransact:818 
W/Ads     ( 5496): Loading already in progress, saving this object for future refreshes.
I/System.out( 5496): body:<a.a.a.a.a.e.d: int b()>	sig:$i0 = virtualinvoke $r2.<java.net.HttpURLConnection: int getResponseCode()>()	timediff:92
W/AwContents( 5496): nativeOnDraw failed; clearing to background color.
D/dalvikvm(  720): GC_CONCURRENT freed 1956K, 20% free 8921K/11092K, paused 2ms+18ms, total 63ms
W/AwContents( 5496): nativeOnDraw failed; clearing to background color.
W/InputEventReceiver( 5496): Attempted to finish an input event but the input event receiver has already been disposed.
W/InputEventReceiver( 5496): Attempted to finish an input event but the input event receiver has already been disposed.
W/InputEventReceiver( 5496): Attempted to finish an input event but the input event receiver has already been disposed.
W/InputEventReceiver( 5496): Attempted to finish an input event but the input event receiver has already been disposed.
W/InputEventReceiver( 5496): Attempted to finish an input event but the input event receiver has already been disposed.
W/ViewRootImpl( 5496): Dropping event due to root view being removed: MotionEvent { action=ACTION_POINTER_DOWN(1), id[0]=0, x[0]=-861.18945, y[0]=110.48076, toolType[0]=TOOL_TYPE_UNKNOWN, id[1]=1, x[1]=-759.0, y[1]=236.0, toolType[1]=TOOL_TYPE_UNKNOWN, buttonState=0, metaState=0, flags=0x0, edgeFlags=0x0, pointerCount=2, historySize=0, eventTime=470396, downTime=470395, deviceId=0, source=0x1002 }
W/ViewRootImpl( 5496): Dropping event due to root view being removed: MotionEvent { action=ACTION_MOVE, id[0]=0, x[0]=-828.0254, y[0]=153.2223, toolType[0]=TOOL_TYPE_UNKNOWN, id[1]=1, x[1]=-771.4187, y[1]=254.38272, toolType[1]=TOOL_TYPE_UNKNOWN, buttonState=0, metaState=0, flags=0x0, edgeFlags=0x0, pointerCount=2, historySize=2, eventTime=470398, downTime=470395, deviceId=0, source=0x1002 }
W/ViewRootImpl( 5496): Dropping event due to root view being removed: MotionEvent { action=ACTION_POINTER_UP(1), id[0]=0, x[0]=-823.2517, y[0]=168.95242, toolType[0]=TOOL_TYPE_UNKNOWN, id[1]=1, x[1]=-772.42664, y[1]=260.3513, toolType[1]=TOOL_TYPE_UNKNOWN, buttonState=0, metaState=0, flags=0x0, edgeFlags=0x0, pointerCount=2, historySize=0, eventTime=470398, downTime=470395, deviceId=0, source=0x1002 }
W/ViewRootImpl( 5496): Dropping event due to root view being removed: MotionEvent { action=ACTION_UP, id[0]=0, x[0]=-822.84796, y[0]=186.2193, toolType[0]=TOOL_TYPE_UNKNOWN, buttonState=0, metaState=0, flags=0x0, edgeFlags=0x0, pointerCount=1, historySize=0, eventTime=470398, downTime=470395, deviceId=0, source=0x1002 }
W/AwContents( 5496): nativeOnDraw failed; clearing to background color.
W/InputMethodManagerService(  479): Window already focused, ignoring focus gain of: com.android.internal.view.IInputMethodClient$Stub$Proxy@4a9a8e8c attribute=null, token = android.os.BinderProxy@4aa7378c
W/AwContents( 5496): nativeOnDraw failed; clearing to background color.
W/UnimplementedWebViewApi( 5496): Unimplemented WebView method onKeyMultiple called from: android.webkit.WebView.onKeyMultiple(WebView.java:2179)
W/UnimplementedWebViewApi( 5496): Unimplemented WebView method onKeyDown called from: android.webkit.WebView.onKeyDown(WebView.java:2169)
W/UnimplementedWebViewApi( 5496): Unimplemented WebView method onKeyDown called from: android.webkit.WebView.onKeyDown(WebView.java:2169)
W/AwContents( 5496): nativeOnDraw failed; clearing to background color.
W/AwContents( 5496): nativeOnDraw failed; clearing to background color.
W/AwContents( 5496): nativeOnDraw failed; clearing to background color.
W/UnimplementedWebViewApi( 5496): Unimplemented WebView method onKeyMultiple called from: android.webkit.WebView.onKeyMultiple(WebView.java:2179)
W/UnimplementedWebViewApi( 5496): Unimplemented WebView method onKeyDown called from: android.webkit.WebView.onKeyDown(WebView.java:2169)
W/UnimplementedWebViewApi( 5496): Unimplemented WebView method onKeyDown called from: android.webkit.WebView.onKeyDown(WebView.java:2169)
W/ContextImpl(  479): Calling a method in the system process without a qualified user: android.app.ContextImpl.sendBroadcast:1123 com.android.server.InputMethodManagerService.hideCurrentInputLocked:1880 com.android.server.InputMethodManagerService.hideSoftInput:1843 com.android.internal.view.IInputMethodManager$Stub.onTransact:194 com.android.server.InputMethodManagerService.onTransact:818 
W/ViewRootImpl( 5496): Dropping event due to no window focus: KeyEvent { action=ACTION_DOWN, keyCode=KEYCODE_MENU, scanCode=0, metaState=0, flags=0x8, repeatCount=0, eventTime=470595, downTime=470595, deviceId=-1, source=0x101 }
W/ViewRootImpl( 5496): Dropping event due to no window focus: KeyEvent { action=ACTION_DOWN, keyCode=KEYCODE_MENU, scanCode=0, metaState=0, flags=0x8, repeatCount=0, eventTime=470619, downTime=470619, deviceId=-1, source=0x101 }
W/ViewRootImpl( 5496): Dropping event due to no window focus: KeyEvent { action=ACTION_DOWN, keyCode=KEYCODE_BUTTON_4, scanCode=0, metaState=0, flags=0x8, repeatCount=0, eventTime=470621, downTime=470621, deviceId=-1, source=0x101 }
W/ViewRootImpl( 5496): Dropping event due to no window focus: KeyEvent { action=ACTION_DOWN, keyCode=KEYCODE_DPAD_CENTER, scanCode=0, metaState=0, flags=0x8, repeatCount=0, eventTime=470621, downTime=470621, deviceId=-1, source=0x101 }
W/AwContents( 5496): nativeOnDraw failed; clearing to background color.
I/InputDispatcher(  479): Dropped event because of pending overdue app switch.
W/InputManager(  479): Input event injection from pid 5486 failed.
W/InputEventReceiver( 5496): Attempted to finish an input event but the input event receiver has already been disposed.
W/InputMethodManagerService(  479): Window already focused, ignoring focus gain of: com.android.internal.view.IInputMethodClient$Stub$Proxy@4aa3599c attribute=android.view.inputmethod.EditorInfo@4aa00400, token = android.os.BinderProxy@4aa7378c
W/AwContents( 5496): nativeOnDraw failed; clearing to background color.
W/AwContents( 5496): nativeOnDraw failed; clearing to background color.
W/UnimplementedWebViewApi( 5496): Unimplemented WebView method onKeyDown called from: android.webkit.WebView.onKeyDown(WebView.java:2169)
W/ContextImpl(  479): Calling a method in the system process without a qualified user: android.app.ContextImpl.sendBroadcast:1123 com.android.server.InputMethodManagerService.hideCurrentInputLocked:1880 com.android.server.InputMethodManagerService.hideSoftInput:1843 com.android.internal.view.IInputMethodManager$Stub.onTransact:194 com.android.server.InputMethodManagerService.onTransact:818 
W/AwContents( 5496): nativeOnDraw failed; clearing to background color.
I/ActivityManager(  479): START u0 {act=android.intent.action.VIEW dat=search://merriam-webster/definition/3 flg=0x24000000 cmp=com.merriamwebster/.dictionary.activity.dictionary.DictionaryActivity (has extras)} from pid 5496
V/ActivityManager(  479): startActivityUncheckedLocked: task left null
V/ActivityManager(  479): java.lang.RuntimeException: here
V/ActivityManager(  479): 	at com.android.server.am.ActivityStackSupervisor.startActivityUncheckedLocked(ActivityStackSupervisor.java:1646)
V/ActivityManager(  479): 	at com.android.server.am.ActivityStackSupervisor.startActivityLocked(ActivityStackSupervisor.java:1249)
V/ActivityManager(  479): 	at com.android.server.am.ActivityStackSupervisor.startActivityMayWait(ActivityStackSupervisor.java:741)
V/ActivityManager(  479): 	at com.android.server.am.ActivityManagerService.startActivityAsUser(ActivityManagerService.java:3118)
V/ActivityManager(  479): 	at com.android.server.am.ActivityManagerService.startActivity(ActivityManagerService.java:3104)
V/ActivityManager(  479): 	at android.app.ActivityManagerNative.onTransact(ActivityManagerNative.java:135)
V/ActivityManager(  479): 	at com.android.server.am.ActivityManagerService.onTransact(ActivityManagerService.java:2071)
V/ActivityManager(  479): 	at android.os.Binder.execTransact(Binder.java:404)
V/ActivityManager(  479): 	at dalvik.system.NativeStart.run(Native Method)
W/ContextImpl(  479): Calling a method in the system process without a qualified user: android.app.ContextImpl.sendBroadcast:1123 com.android.server.InputMethodManagerService.hideCurrentInputLocked:1880 com.android.server.InputMethodManagerService.hideSoftInput:1843 com.android.internal.view.IInputMethodManager$Stub.onTransact:194 com.android.server.InputMethodManagerService.onTransact:818 
W/ViewRootImpl( 5496): Dropping event due to no window focus: KeyEvent { action=ACTION_DOWN, keyCode=KEYCODE_DPAD_LEFT, scanCode=0, metaState=0, flags=0x8, repeatCount=0, eventTime=470796, downTime=470796, deviceId=-1, source=0x101 }
W/ViewRootImpl( 5496): Dropping event due to no window focus: KeyEvent { action=ACTION_DOWN, keyCode=KEYCODE_DPAD_RIGHT, scanCode=0, metaState=0, flags=0x8, repeatCount=0, eventTime=470811, downTime=470811, deviceId=-1, source=0x101 }
W/AwContents( 5496): nativeOnDraw failed; clearing to background color.
W/ContextImpl(  479): Calling a method in the system process without a qualified user: android.app.ContextImpl.sendBroadcast:1123 com.android.server.InputMethodManagerService.hideCurrentInputLocked:1880 com.android.server.InputMethodManagerService.hideSoftInput:1843 com.android.internal.view.IInputMethodManager$Stub.onTransact:194 com.android.server.InputMethodManagerService.onTransact:818 
W/IInputConnectionWrapper( 5496): getCursorCapsMode on inactive InputConnection
W/InputEventReceiver( 5496): Attempted to finish an input event but the input event receiver has already been disposed.
W/InputEventReceiver( 5496): Attempted to finish an input event but the input event receiver has already been disposed.
W/InputEventReceiver( 5496): Attempted to finish an input event but the input event receiver has already been disposed.
W/ViewRootImpl( 5496): Dropping event due to root view being removed: MotionEvent { action=ACTION_MOVE, id[0]=0, x[0]=-526.0434, y[0]=114.12103, toolType[0]=TOOL_TYPE_UNKNOWN, buttonState=0, metaState=0, flags=0x0, edgeFlags=0x0, pointerCount=1, historySize=5, eventTime=470866, downTime=470865, deviceId=0, source=0x1002 }
W/ViewRootImpl( 5496): Dropping event due to root view being removed: MotionEvent { action=ACTION_UP, id[0]=0, x[0]=-524.76587, y[0]=112.1013, toolType[0]=TOOL_TYPE_UNKNOWN, buttonState=0, metaState=0, flags=0x0, edgeFlags=0x0, pointerCount=1, historySize=0, eventTime=470866, downTime=470865, deviceId=0, source=0x1002 }
W/AwContents( 5496): nativeOnDraw failed; clearing to background color.
W/InputMethodManagerService(  479): Window already focused, ignoring focus gain of: com.android.internal.view.IInputMethodClient$Stub$Proxy@4aa5b674 attribute=null, token = android.os.BinderProxy@4aa7378c
W/MerriamWebster-JS( 5496): WARNING 6: Viewport target-densitydpi is not supported.
W/AwContents( 5496): nativeOnDraw failed; clearing to background color.
W/IInputConnectionWrapper( 5496): getCursorCapsMode on inactive InputConnection
I/ActivityManager(  479): START u0 {act=android.intent.action.VIEW dat=search://merriam-webster/definition/1 flg=0x24000000 cmp=com.merriamwebster/.dictionary.activity.dictionary.DictionaryActivity (has extras)} from pid 5496
V/ActivityManager(  479): startActivityUncheckedLocked: task left null
V/ActivityManager(  479): java.lang.RuntimeException: here
V/ActivityManager(  479): 	at com.android.server.am.ActivityStackSupervisor.startActivityUncheckedLocked(ActivityStackSupervisor.java:1646)
V/ActivityManager(  479): 	at com.android.server.am.ActivityStackSupervisor.startActivityLocked(ActivityStackSupervisor.java:1249)
V/ActivityManager(  479): 	at com.android.server.am.ActivityStackSupervisor.startActivityMayWait(ActivityStackSupervisor.java:741)
V/ActivityManager(  479): 	at com.android.server.am.ActivityManagerService.startActivityAsUser(ActivityManagerService.java:3118)
V/ActivityManager(  479): 	at com.android.server.am.ActivityManagerService.startActivity(ActivityManagerService.java:3104)
V/ActivityManager(  479): 	at android.app.ActivityManagerNative.onTransact(ActivityManagerNative.java:135)
V/ActivityManager(  479): 	at com.android.server.am.ActivityManagerService.onTransact(ActivityManagerService.java:2071)
V/ActivityManager(  479): 	at android.os.Binder.execTransact(Binder.java:404)
V/ActivityManager(  479): 	at dalvik.system.NativeStart.run(Native Method)
D/DynamitePackage( 5496): Instantiating com.google.android.gms.ads.ChimeraAdManagerCreatorImpl
I/Ads     ( 5496): Starting ad request.
I/Ads     ( 5496): Use AdRequest.Builder.addTestDevice("A8F049FC454E72BFB6EA60EE2500BB55") to get test ads on this device.
W/Ads     ( 5496): Aborting last ad request since another ad request is already in progress. The current request object will still be cached for future refreshes.
W/AwContents( 5496): nativeOnDraw failed; clearing to background color.
W/ContextImpl(  479): Calling a method in the system process without a qualified user: android.app.ContextImpl.sendBroadcast:1123 com.android.server.InputMethodManagerService.hideCurrentInputLocked:1880 com.android.server.InputMethodManagerService.hideSoftInput:1843 com.android.internal.view.IInputMethodManager$Stub.onTransact:194 com.android.server.InputMethodManagerService.onTransact:818 
W/AwContents( 5496): nativeOnDraw failed; clearing to background color.
W/UnimplementedWebViewApi( 5496): Unimplemented WebView method onKeyMultiple called from: android.webkit.WebView.onKeyMultiple(WebView.java:2179)
W/UnimplementedWebViewApi( 5496): Unimplemented WebView method onKeyDown called from: android.webkit.WebView.onKeyDown(WebView.java:2169)
W/UnimplementedWebViewApi( 5496): Unimplemented WebView method onKeyDown called from: android.webkit.WebView.onKeyDown(WebView.java:2169)
D/dalvikvm( 5496): GC_CONCURRENT freed 5277K, 23% free 18729K/24172K, paused 1ms+2ms, total 22ms
W/Ads     ( 5496): Aborting last ad request since another ad request is already in progress. The current request object will still be cached for future refreshes.
W/UnimplementedWebViewApi( 5496): Unimplemented WebView method onKeyDown called from: android.webkit.WebView.onKeyDown(WebView.java:2169)
W/UnimplementedWebViewApi( 5496): Unimplemented WebView method onKeyDown called from: android.webkit.WebView.onKeyDown(WebView.java:2169)
W/UnimplementedWebViewApi( 5496): Unimplemented WebView method onKeyDown called from: android.webkit.WebView.onKeyDown(WebView.java:2169)
W/AwContents( 5496): nativeOnDraw failed; clearing to background color.
W/AwContents( 5496): nativeOnDraw failed; clearing to background color.
W/UnimplementedWebViewApi( 5496): Unimplemented WebView method onKeyDown called from: android.webkit.WebView.onKeyDown(WebView.java:2169)
I/ActivityManager(  479): START u0 {act=android.intent.action.MAIN cat=[android.intent.category.LAUNCHER] flg=0x10200000 cmp=com.merriamwebster/.dictionary.activity.dictionary.DictionaryActivity} from pid 5486
W/AwContents( 5496): nativeOnDraw failed; clearing to background color.
W/AwContents( 5496): nativeOnDraw failed; clearing to background color.
W/Ads     ( 5496): Aborting last ad request since another ad request is already in progress. The current request object will still be cached for future refreshes.
W/AwContents( 5496): nativeOnDraw failed; clearing to background color.
W/UnimplementedWebViewApi( 5496): Unimplemented WebView method onKeyDown called from: android.webkit.WebView.onKeyDown(WebView.java:2169)
W/AwContents( 5496): nativeOnDraw failed; clearing to background color.
W/UnimplementedWebViewApi( 5496): Unimplemented WebView method onKeyDown called from: android.webkit.WebView.onKeyDown(WebView.java:2169)
W/AwContents( 5496): nativeOnDraw failed; clearing to background color.
W/AwContents( 5496): nativeOnDraw failed; clearing to background color.
W/ContextImpl(  479): Calling a method in the system process without a qualified user: android.app.ContextImpl.sendBroadcast:1123 com.android.server.InputMethodManagerService.hideCurrentInputLocked:1880 com.android.server.InputMethodManagerService.hideSoftInput:1843 com.android.internal.view.IInputMethodManager$Stub.onTransact:194 com.android.server.InputMethodManagerService.onTransact:818 
W/ContextImpl(  479): Calling a method in the system process without a qualified user: android.app.ContextImpl.sendBroadcast:1123 com.android.server.InputMethodManagerService.hideCurrentInputLocked:1880 com.android.server.InputMethodManagerService.hideSoftInput:1843 com.android.internal.view.IInputMethodManager$Stub.onTransact:194 com.android.server.InputMethodManagerService.onTransact:818 
W/AwContents( 5496): nativeOnDraw failed; clearing to background color.
W/ContextImpl(  479): Calling a method in the system process without a qualified user: android.app.ContextImpl.sendBroadcast:1123 com.android.server.InputMethodManagerService.hideCurrentInputLocked:1880 com.android.server.InputMethodManagerService.hideSoftInput:1843 com.android.internal.view.IInputMethodManager$Stub.onTransact:194 com.android.server.InputMethodManagerService.onTransact:818 
W/ViewRootImpl( 5496): Dropping event due to no window focus: KeyEvent { action=ACTION_DOWN, keyCode=KEYCODE_DPAD_DOWN, scanCode=0, metaState=0, flags=0x8, repeatCount=0, eventTime=471353, downTime=471353, deviceId=-1, source=0x101 }
I/ActivityManager(  479): START u0 {act=android.intent.action.MAIN cat=[android.intent.category.LAUNCHER] flg=0x10000000 sel={act=android.intent.action.MAIN cat=[android.intent.category.APP_EMAIL]}} from pid 479
W/ViewRootImpl( 5496): Dropping event due to no window focus: KeyEvent { action=ACTION_DOWN, keyCode=KEYCODE_DPAD_DOWN, scanCode=0, metaState=0, flags=0x8, repeatCount=0, eventTime=471356, downTime=471356, deviceId=-1, source=0x101 }
W/ViewRootImpl( 5496): Dropping event due to no window focus: KeyEvent { action=ACTION_DOWN, keyCode=KEYCODE_DPAD_CENTER, scanCode=0, metaState=0, flags=0x8, repeatCount=0, eventTime=471357, downTime=471357, deviceId=-1, source=0x101 }
W/ViewRootImpl( 5496): Dropping event due to no window focus: KeyEvent { action=ACTION_DOWN, keyCode=KEYCODE_MENU, scanCode=0, metaState=0, flags=0x8, repeatCount=0, eventTime=471357, downTime=471357, deviceId=-1, source=0x101 }
W/ViewRootImpl( 5496): Dropping event due to no window focus: MotionEvent { action=ACTION_MOVE, id[0]=0, x[0]=1.0, y[0]=-4.0, toolType[0]=TOOL_TYPE_UNKNOWN, buttonState=0, metaState=0, flags=0x0, edgeFlags=0x0, pointerCount=1, historySize=9, eventTime=471360, downTime=-1, deviceId=0, source=0x10004 }
W/ViewRootImpl( 5496): Dropping event due to no window focus: KeyEvent { action=ACTION_DOWN, keyCode=KEYCODE_DPAD_LEFT, scanCode=0, metaState=0, flags=0x8, repeatCount=0, eventTime=471360, downTime=471360, deviceId=-1, source=0x101 }
W/ViewRootImpl( 5496): Dropping event due to no window focus: KeyEvent { action=ACTION_DOWN, keyCode=KEYCODE_DPAD_UP, scanCode=0, metaState=0, flags=0x8, repeatCount=0, eventTime=471369, downTime=471369, deviceId=-1, source=0x101 }
I/ActivityManager(  479): START u0 {act=android.intent.action.MAIN cat=[android.intent.category.LAUNCHER] flg=0x10200000 cmp=com.merriamwebster/.dictionary.activity.dictionary.DictionaryActivity} from pid 5486
W/ViewRootImpl( 5496): Dropping event due to no window focus: KeyEvent { action=ACTION_DOWN, keyCode=KEYCODE_DPAD_RIGHT, scanCode=0, metaState=0, flags=0x8, repeatCount=0, eventTime=471371, downTime=471371, deviceId=-1, source=0x101 }
W/AwContents( 5496): nativeOnDraw failed; clearing to background color.
I/ActivityManager(  479): START u0 {act=android.intent.action.MAIN cat=[android.intent.category.LAUNCHER] flg=0x10200000 cmp=com.merriamwebster/.dictionary.activity.dictionary.DictionaryActivity} from pid 5486
V/FlingTracker(  533): computeCurrentVelocity warning: totalweight=0
V/FlingTracker(  533): java.lang.Throwable
V/FlingTracker(  533): 	at com.android.systemui.statusbar.phone.PanelView$FlingTracker.computeCurrentVelocity(PanelView.java:162)
V/FlingTracker(  533): 	at com.android.systemui.statusbar.phone.PanelView$3.onTouch(PanelView.java:462)
V/FlingTracker(  533): 	at android.view.View.dispatchTouchEvent(View.java:7701)
V/FlingTracker(  533): 	at com.android.systemui.statusbar.phone.NotificationPanelView.onTouchEvent(NotificationPanelView.java:138)
V/FlingTracker(  533): 	at com.android.systemui.statusbar.phone.PanelBar.onTouchEvent(PanelBar.java:130)
V/FlingTracker(  533): 	at com.android.systemui.statusbar.phone.PhoneStatusBarView.onTouchEvent(PhoneStatusBarView.java:201)
V/FlingTracker(  533): 	at android.view.View.dispatchTouchEvent(View.java:7706)
V/FlingTracker(  533): 	at android.view.ViewGroup.dispatchTransformedTouchEvent(ViewGroup.java:2210)
V/FlingTracker(  533): 	at android.view.ViewGroup.dispatchTouchEvent(ViewGroup.java:1945)
V/FlingTracker(  533): 	at android.view.ViewGroup.dispatchTransformedTouchEvent(ViewGroup.java:2216)
V/FlingTracker(  533): 	at android.view.ViewGroup.dispatchTouchEvent(ViewGroup.java:1959)
V/FlingTracker(  533): 	at android.view.View.dispatchPointerEvent(View.java:7886)
V/FlingTracker(  533): 	at android.view.ViewRootImpl$ViewPostImeInputStage.processPointerEvent(ViewRootImpl.java:3978)
V/FlingTracker(  533): 	at android.view.ViewRootImpl$ViewPostImeInputStage.onProcess(ViewRootImpl.java:3857)
V/FlingTracker(  533): 	at android.view.ViewRootImpl$InputStage.deliver(ViewRootImpl.java:3423)
V/FlingTracker(  533): 	at android.view.ViewRootImpl$InputStage.onDeliverToNext(ViewRootImpl.java:3473)
V/FlingTracker(  533): 	at android.view.ViewRootImpl$InputStage.forward(ViewRootImpl.java:3442)
V/FlingTracker(  533): 	at android.view.ViewRootImpl$AsyncInputStage.forward(ViewRootImpl.java:3549)
V/FlingTracker(  533): 	at android.view.ViewRootImpl$InputStage.apply(ViewRootImpl.java:3450)
V/FlingTracker(  533): 	at android.view.ViewRootImpl$AsyncInputStage.apply(ViewRootImpl.java:3606)
V/FlingTracker(  533): 	at android.view.ViewRootImpl$InputStage.deliver(ViewRootImpl.java:3423)
V/FlingTracker(  533): 	at android.view.ViewRootImpl$InputStage.onDeliverToNext(ViewRootImpl.java:3473)
V/FlingTracker(  533): 	at android.view.ViewRootImpl$InputStage.forward(ViewRootImpl.java:3442)
V/FlingTracker(  533): 	at android.view.ViewRootImpl$InputStage.apply(ViewRootImpl.java:3450)
V/FlingTracker(  533): 	at android.view.ViewRootImpl$InputStage.deliver(ViewRootImpl.java:3423)
V/FlingTracker(  533): 	at android.view.ViewRootImpl.deliverInputEvent(ViewRootImpl.java:5626)
V/FlingTracker(  533): 	at android.view.ViewRootImpl.doProcessInputEvents(ViewRootImpl.java:5606)
V/FlingTracker(  533): 	at android.view.ViewRootImpl.enqueueInputEvent(ViewRootImpl.java:5577)
V/FlingTracker(  533): 	at android.view.ViewRootImpl$WindowInputEventReceiver.onInputEvent(ViewRootImpl.java:5706)
V/FlingTracker(  533): 	at android.view.InputEventReceiver.dispatchInputEvent(InputEventReceiver.java:185)
V/FlingTracker(  533): 	at android.os.MessageQueue.nativePollOnce(Native Method)
V/FlingTracker(  533): 	at android.os.MessageQueue.next(MessageQueue.java:138)
V/FlingTracker(  533): 	at android.os.Looper.loop(Looper.java:123)
V/FlingTracker(  533): 	at android.app.ActivityThread.main(ActivityThread.java:5019)
V/FlingTracker(  533): 	at java.lang.reflect.Method.invokeNative(Native Method)
V/FlingTracker(  533): 	at java.lang.reflect.Method.invoke(Method.java:515)
V/FlingTracker(  533): 	at com.android.internal.os.ZygoteInit$MethodAndArgsCaller.run(ZygoteInit.java:779)
V/FlingTracker(  533): 	at com.android.internal.os.ZygoteInit.main(ZygoteInit.java:595)
V/FlingTracker(  533): 	at dalvik.system.NativeStart.main(Native Method)
V/PanelView(  533): animationTick called with dtms=0; nothing to do (h=0.0 v=0.0)
W/InputEventReceiver( 5496): Attempted to finish an input event but the input event receiver has already been disposed.
W/InputEventReceiver( 5496): Attempted to finish an input event but the input event receiver has already been disposed.
W/ViewRootImpl( 5496): Dropping event due to root view being removed: MotionEvent { action=ACTION_UP, id[0]=0, x[0]=-68.987366, y[0]=98.89885, toolType[0]=TOOL_TYPE_UNKNOWN, buttonState=0, metaState=0, flags=0x0, edgeFlags=0x0, pointerCount=1, historySize=0, eventTime=471420, downTime=471419, deviceId=0, source=0x1002 }
W/AwContents( 5496): nativeOnDraw failed; clearing to background color.
W/ContextImpl(  479): Calling a method in the system process without a qualified user: android.app.ContextImpl.sendBroadcast:1123 com.android.server.InputMethodManagerService.hideCurrentInputLocked:1880 com.android.server.InputMethodManagerService.hideSoftInput:1843 com.android.internal.view.IInputMethodManager$Stub.onTransact:194 com.android.server.InputMethodManagerService.onTransact:818 
W/UnimplementedWebViewApi( 5496): Unimplemented WebView method onKeyDown called from: android.webkit.WebView.onKeyDown(WebView.java:2169)
I/ActivityManager(  479): START u0 {act=android.intent.action.MAIN cat=[android.intent.category.LAUNCHER] flg=0x10000000 sel={act=android.intent.action.MAIN cat=[android.intent.category.APP_MUSIC]}} from pid 479
I/SnapScrollController( 5496): setSnapScrollingMode case-default no-op
I/SnapScrollController( 5496): setSnapScrollingMode case-default no-op
W/InputMethodManagerService(  479): Window already focused, ignoring focus gain of: com.android.internal.view.IInputMethodClient$Stub$Proxy@4a971474 attribute=android.view.inputmethod.EditorInfo@4a92cb20, token = android.os.BinderProxy@4aa7378c
